11111111111111111111111111111111111111111111111
1111111111111111111111111111111111111111111111111
100000011111110000010000000000101000100000000000011111111111111111
10000001111111000000000001000000000000000000000001
10000000000000000011000000000100000000001100000001
10000000000000001100111000001010000000001100000001
10000100000000110000000110000100000000001100000001
10000110000011000000000001000000000000001100000001   111111111111111111
10000101000010000000000000100000000000001100000001   100000000000000001
10000101000100000000011000100000000000001100000001   100000000000000001
10000100100100000000011000010000000000001100000001   100000000000000001
10000100111000000000000000001000000000000000000001   100000000000000001
10000100000000000000100000001000000000000000000001   100000000000000001
10000100111000000000100000001000000000000000000001   100000000000000001
10000100100100000000010000001000000000000000000001   111111111111111111
10000101000100000000001000010000000000000000000001
10000101000010000000000111100000000000000000000001
1000011000001100000000000100000000000000000000000111111111111111111111111111111111111111111111111
1000010000000011000000001100000000000000000000000000000000000000000000000000000000000000000000001
1111111111111111111000011111111111111111111111111111111111111111111111111111111111111111111111111
10000000000000000000000000000000000000000000000000000000000000001
1000000000000000001100000000000000000000000000000111111111111111111111111111111111111111111111111
10000000000000000000000000000000000000000000000001
10000000000000000000000000011111111111111111111111
100000000000000000000000001
100111111111111111111111111
1001
10011111111111111111111111111111111111111111111111111
10000000000000000000000000000000000000000000000001
10000000000001111000000000000000000000000000000001
10000000000001  1000000000000000000000000000000001
10000000000001  1000000000000000000000000000000001
10000000000001  1000000000000000000000000000000001
10000000000001  1000000000000000000000000000000001
10000000000001111000000000000000000000000000000001
10000000000000000000000000000000000000000000000001
10000000000000000000000000000000000000000000000001
10000000000000000000000000000000000000000000000001
100000000000000000000000111100000000000000000000S1
111111111111111111111111    1111111111111111111111
ENTRAMOS A BRESENHAMªªªª
x1 = 485.000000 - y1 = 385.000000 || x2 = 486.000000 - y2 = 636.000000
dy = 251.000000, dx = 1.000000
avances inclinados: inc_x_i = 1.000000, inc_y_i = 1.000000
updated: dy = 251.000000, dx = 1.000000
avances rectos: inc_x_r = 0.000000, inc_y_r 1.000000
reupdated: dy = 1.000000, dx = 251.000000
avanceR = 2.000000, avance -249.000000, avanceI 2.000000
----------------------------------------
x = 485.000000, y = 385.000000
avance = -249.000000, avanceR = 2.000000, avanceI = 2.000000
inc_x_r = 0.000000, inc_y_r = 1.000000, inc_x_i = 1.000000, inc_y_i = 1.000000
En el else......

----------------------------------------
x = 485.000000, y = 386.000000
avance = -247.000000, avanceR = 2.000000, avanceI = 2.000000
inc_x_r = 0.000000, inc_y_r = 1.000000, inc_x_i = 1.000000, inc_y_i = 1.000000
En el else......

----------------------------------------
x = 485.000000, y = 387.000000
avance = -245.000000, avanceR = 2.000000, avanceI = 2.000000
inc_x_r = 0.000000, inc_y_r = 1.000000, inc_x_i = 1.000000, inc_y_i = 1.000000
En el else......

----------------------------------------
x = 485.000000, y = 388.000000
avance = -243.000000, avanceR = 2.000000, avanceI = 2.000000
inc_x_r = 0.000000, inc_y_r = 1.000000, inc_x_i = 1.000000, inc_y_i = 1.000000
En el else......

----------------------------------------
x = 485.000000, y = 389.000000
avance = -241.000000, avanceR = 2.000000, avanceI = 2.000000
inc_x_r = 0.000000, inc_y_r = 1.000000, inc_x_i = 1.000000, inc_y_i = 1.000000
En el else......

----------------------------------------
x = 485.000000, y = 390.000000
avance = -239.000000, avanceR = 2.000000, avanceI = 2.000000
inc_x_r = 0.000000, inc_y_r = 1.000000, inc_x_i = 1.000000, inc_y_i = 1.000000
En el else......

----------------------------------------
x = 485.000000, y = 391.000000
avance = -237.000000, avanceR = 2.000000, avanceI = 2.000000
inc_x_r = 0.000000, inc_y_r = 1.000000, inc_x_i = 1.000000, inc_y_i = 1.000000
En el else......

----------------------------------------
x = 485.000000, y = 392.000000
avance = -235.000000, avanceR = 2.000000, avanceI = 2.000000
inc_x_r = 0.000000, inc_y_r = 1.000000, inc_x_i = 1.000000, inc_y_i = 1.000000
En el else......

----------------------------------------
x = 485.000000, y = 393.000000
avance = -233.000000, avanceR = 2.000000, avanceI = 2.000000
inc_x_r = 0.000000, inc_y_r = 1.000000, inc_x_i = 1.000000, inc_y_i = 1.000000
En el else......

----------------------------------------
x = 485.000000, y = 394.000000
avance = -231.000000, avanceR = 2.000000, avanceI = 2.000000
inc_x_r = 0.000000, inc_y_r = 1.000000, inc_x_i = 1.000000, inc_y_i = 1.000000
En el else......

----------------------------------------
x = 485.000000, y = 395.000000
avance = -229.000000, avanceR = 2.000000, avanceI = 2.000000
inc_x_r = 0.000000, inc_y_r = 1.000000, inc_x_i = 1.000000, inc_y_i = 1.000000
En el else......

----------------------------------------
x = 485.000000, y = 396.000000
avance = -227.000000, avanceR = 2.000000, avanceI = 2.000000
inc_x_r = 0.000000, inc_y_r = 1.000000, inc_x_i = 1.000000, inc_y_i = 1.000000
En el else......

----------------------------------------
x = 485.000000, y = 397.000000
avance = -225.000000, avanceR = 2.000000, avanceI = 2.000000
inc_x_r = 0.000000, inc_y_r = 1.000000, inc_x_i = 1.000000, inc_y_i = 1.000000
En el else......

----------------------------------------
x = 485.000000, y = 398.000000
avance = -223.000000, avanceR = 2.000000, avanceI = 2.000000
inc_x_r = 0.000000, inc_y_r = 1.000000, inc_x_i = 1.000000, inc_y_i = 1.000000
En el else......

----------------------------------------
x = 485.000000, y = 399.000000
avance = -221.000000, avanceR = 2.000000, avanceI = 2.000000
inc_x_r = 0.000000, inc_y_r = 1.000000, inc_x_i = 1.000000, inc_y_i = 1.000000
En el else......

----------------------------------------
hora de salir del bucle mi pana


ENTRAMOS A BRESENHAMªªªª
x1 = 485.000000 - y1 = 385.000000 || x2 = 486.000000 - y2 = 636.000000
dy = 251.000000, dx = 1.000000
avances inclinados: inc_x_i = 1.000000, inc_y_i = 1.000000
updated: dy = 251.000000, dx = 1.000000
avances rectos: inc_x_r = 0.000000, inc_y_r 1.000000
reupdated: dy = 1.000000, dx = 251.000000
avanceR = 2.000000, avance -249.000000, avanceI 2.000000
----------------------------------------
x = 485.000000, y = 385.000000
avance = -249.000000, avanceR = 2.000000, avanceI = 2.000000
inc_x_r = 0.000000, inc_y_r = 1.000000, inc_x_i = 1.000000, inc_y_i = 1.000000
En el else......

----------------------------------------
x = 485.000000, y = 386.000000
avance = -247.000000, avanceR = 2.000000, avanceI = 2.000000
inc_x_r = 0.000000, inc_y_r = 1.000000, inc_x_i = 1.000000, inc_y_i = 1.000000
En el else......

----------------------------------------
x = 485.000000, y = 387.000000
avance = -245.000000, avanceR = 2.000000, avanceI = 2.000000
inc_x_r = 0.000000, inc_y_r = 1.000000, inc_x_i = 1.000000, inc_y_i = 1.000000
En el else......

----------------------------------------
x = 485.000000, y = 388.000000
avance = -243.000000, avanceR = 2.000000, avanceI = 2.000000
inc_x_r = 0.000000, inc_y_r = 1.000000, inc_x_i = 1.000000, inc_y_i = 1.000000
En el else......

----------------------------------------
x = 485.000000, y = 389.000000
avance = -241.000000, avanceR = 2.000000, avanceI = 2.000000
inc_x_r = 0.000000, inc_y_r = 1.000000, inc_x_i = 1.000000, inc_y_i = 1.000000
En el else......

----------------------------------------
x = 485.000000, y = 390.000000
avance = -239.000000, avanceR = 2.000000, avanceI = 2.000000
inc_x_r = 0.000000, inc_y_r = 1.000000, inc_x_i = 1.000000, inc_y_i = 1.000000
En el else......

----------------------------------------
x = 485.000000, y = 391.000000
avance = -237.000000, avanceR = 2.000000, avanceI = 2.000000
inc_x_r = 0.000000, inc_y_r = 1.000000, inc_x_i = 1.000000, inc_y_i = 1.000000
En el else......

----------------------------------------
x = 485.000000, y = 392.000000
avance = -235.000000, avanceR = 2.000000, avanceI = 2.000000
inc_x_r = 0.000000, inc_y_r = 1.000000, inc_x_i = 1.000000, inc_y_i = 1.000000
En el else......

----------------------------------------
x = 485.000000, y = 393.000000
avance = -233.000000, avanceR = 2.000000, avanceI = 2.000000
inc_x_r = 0.000000, inc_y_r = 1.000000, inc_x_i = 1.000000, inc_y_i = 1.000000
En el else......

----------------------------------------
x = 485.000000, y = 394.000000
avance = -231.000000, avanceR = 2.000000, avanceI = 2.000000
inc_x_r = 0.000000, inc_y_r = 1.000000, inc_x_i = 1.000000, inc_y_i = 1.000000
En el else......

----------------------------------------
x = 485.000000, y = 395.000000
avance = -229.000000, avanceR = 2.000000, avanceI = 2.000000
inc_x_r = 0.000000, inc_y_r = 1.000000, inc_x_i = 1.000000, inc_y_i = 1.000000
En el else......

----------------------------------------
x = 485.000000, y = 396.000000
avance = -227.000000, avanceR = 2.000000, avanceI = 2.000000
inc_x_r = 0.000000, inc_y_r = 1.000000, inc_x_i = 1.000000, inc_y_i = 1.000000
En el else......

----------------------------------------
x = 485.000000, y = 397.000000
avance = -225.000000, avanceR = 2.000000, avanceI = 2.000000
inc_x_r = 0.000000, inc_y_r = 1.000000, inc_x_i = 1.000000, inc_y_i = 1.000000
En el else......

----------------------------------------
x = 485.000000, y = 398.000000
avance = -223.000000, avanceR = 2.000000, avanceI = 2.000000
inc_x_r = 0.000000, inc_y_r = 1.000000, inc_x_i = 1.000000, inc_y_i = 1.000000
En el else......

----------------------------------------
x = 485.000000, y = 399.000000
avance = -221.000000, avanceR = 2.000000, avanceI = 2.000000
inc_x_r = 0.000000, inc_y_r = 1.000000, inc_x_i = 1.000000, inc_y_i = 1.000000
En el else......

----------------------------------------
hora de salir del bucle mi pana


ENTRAMOS A BRESENHAMªªªª
x1 = 485.000000 - y1 = 385.000000 || x2 = 486.000000 - y2 = 636.000000
dy = 251.000000, dx = 1.000000
avances inclinados: inc_x_i = 1.000000, inc_y_i = 1.000000
updated: dy = 251.000000, dx = 1.000000
avances rectos: inc_x_r = 0.000000, inc_y_r 1.000000
reupdated: dy = 1.000000, dx = 251.000000
avanceR = 2.000000, avance -249.000000, avanceI 2.000000
----------------------------------------
x = 485.000000, y = 385.000000
avance = -249.000000, avanceR = 2.000000, avanceI = 2.000000
inc_x_r = 0.000000, inc_y_r = 1.000000, inc_x_i = 1.000000, inc_y_i = 1.000000
En el else......

----------------------------------------
x = 485.000000, y = 386.000000
avance = -247.000000, avanceR = 2.000000, avanceI = 2.000000
inc_x_r = 0.000000, inc_y_r = 1.000000, inc_x_i = 1.000000, inc_y_i = 1.000000
En el else......

----------------------------------------
x = 485.000000, y = 387.000000
avance = -245.000000, avanceR = 2.000000, avanceI = 2.000000
inc_x_r = 0.000000, inc_y_r = 1.000000, inc_x_i = 1.000000, inc_y_i = 1.000000
En el else......

----------------------------------------
x = 485.000000, y = 388.000000
avance = -243.000000, avanceR = 2.000000, avanceI = 2.000000
inc_x_r = 0.000000, inc_y_r = 1.000000, inc_x_i = 1.000000, inc_y_i = 1.000000
En el else......

----------------------------------------
x = 485.000000, y = 389.000000
avance = -241.000000, avanceR = 2.000000, avanceI = 2.000000
inc_x_r = 0.000000, inc_y_r = 1.000000, inc_x_i = 1.000000, inc_y_i = 1.000000
En el else......

----------------------------------------
x = 485.000000, y = 390.000000
avance = -239.000000, avanceR = 2.000000, avanceI = 2.000000
inc_x_r = 0.000000, inc_y_r = 1.000000, inc_x_i = 1.000000, inc_y_i = 1.000000
En el else......

----------------------------------------
x = 485.000000, y = 391.000000
avance = -237.000000, avanceR = 2.000000, avanceI = 2.000000
inc_x_r = 0.000000, inc_y_r = 1.000000, inc_x_i = 1.000000, inc_y_i = 1.000000
En el else......

----------------------------------------
x = 485.000000, y = 392.000000
avance = -235.000000, avanceR = 2.000000, avanceI = 2.000000
inc_x_r = 0.000000, inc_y_r = 1.000000, inc_x_i = 1.000000, inc_y_i = 1.000000
En el else......

----------------------------------------
x = 485.000000, y = 393.000000
avance = -233.000000, avanceR = 2.000000, avanceI = 2.000000
inc_x_r = 0.000000, inc_y_r = 1.000000, inc_x_i = 1.000000, inc_y_i = 1.000000
En el else......

----------------------------------------
x = 485.000000, y = 394.000000
avance = -231.000000, avanceR = 2.000000, avanceI = 2.000000
inc_x_r = 0.000000, inc_y_r = 1.000000, inc_x_i = 1.000000, inc_y_i = 1.000000
En el else......

----------------------------------------
x = 485.000000, y = 395.000000
avance = -229.000000, avanceR = 2.000000, avanceI = 2.000000
inc_x_r = 0.000000, inc_y_r = 1.000000, inc_x_i = 1.000000, inc_y_i = 1.000000
En el else......

----------------------------------------
x = 485.000000, y = 396.000000
avance = -227.000000, avanceR = 2.000000, avanceI = 2.000000
inc_x_r = 0.000000, inc_y_r = 1.000000, inc_x_i = 1.000000, inc_y_i = 1.000000
En el else......

----------------------------------------
x = 485.000000, y = 397.000000
avance = -225.000000, avanceR = 2.000000, avanceI = 2.000000
inc_x_r = 0.000000, inc_y_r = 1.000000, inc_x_i = 1.000000, inc_y_i = 1.000000
En el else......

----------------------------------------
x = 485.000000, y = 398.000000
avance = -223.000000, avanceR = 2.000000, avanceI = 2.000000
inc_x_r = 0.000000, inc_y_r = 1.000000, inc_x_i = 1.000000, inc_y_i = 1.000000
En el else......

----------------------------------------
x = 485.000000, y = 399.000000
avance = -221.000000, avanceR = 2.000000, avanceI = 2.000000
inc_x_r = 0.000000, inc_y_r = 1.000000, inc_x_i = 1.000000, inc_y_i = 1.000000
En el else......

----------------------------------------
hora de salir del bucle mi pana


ENTRAMOS A BRESENHAMªªªª
x1 = 485.000000 - y1 = 385.000000 || x2 = 486.000000 - y2 = 636.000000
dy = 251.000000, dx = 1.000000
avances inclinados: inc_x_i = 1.000000, inc_y_i = 1.000000
updated: dy = 251.000000, dx = 1.000000
avances rectos: inc_x_r = 0.000000, inc_y_r 1.000000
reupdated: dy = 1.000000, dx = 251.000000
avanceR = 2.000000, avance -249.000000, avanceI 2.000000
----------------------------------------
x = 485.000000, y = 385.000000
avance = -249.000000, avanceR = 2.000000, avanceI = 2.000000
inc_x_r = 0.000000, inc_y_r = 1.000000, inc_x_i = 1.000000, inc_y_i = 1.000000
En el else......

----------------------------------------
x = 485.000000, y = 386.000000
avance = -247.000000, avanceR = 2.000000, avanceI = 2.000000
inc_x_r = 0.000000, inc_y_r = 1.000000, inc_x_i = 1.000000, inc_y_i = 1.000000
En el else......

----------------------------------------
x = 485.000000, y = 387.000000
avance = -245.000000, avanceR = 2.000000, avanceI = 2.000000
inc_x_r = 0.000000, inc_y_r = 1.000000, inc_x_i = 1.000000, inc_y_i = 1.000000
En el else......

----------------------------------------
x = 485.000000, y = 388.000000
avance = -243.000000, avanceR = 2.000000, avanceI = 2.000000
inc_x_r = 0.000000, inc_y_r = 1.000000, inc_x_i = 1.000000, inc_y_i = 1.000000
En el else......

----------------------------------------
x = 485.000000, y = 389.000000
avance = -241.000000, avanceR = 2.000000, avanceI = 2.000000
inc_x_r = 0.000000, inc_y_r = 1.000000, inc_x_i = 1.000000, inc_y_i = 1.000000
En el else......

----------------------------------------
x = 485.000000, y = 390.000000
avance = -239.000000, avanceR = 2.000000, avanceI = 2.000000
inc_x_r = 0.000000, inc_y_r = 1.000000, inc_x_i = 1.000000, inc_y_i = 1.000000
En el else......

----------------------------------------
x = 485.000000, y = 391.000000
avance = -237.000000, avanceR = 2.000000, avanceI = 2.000000
inc_x_r = 0.000000, inc_y_r = 1.000000, inc_x_i = 1.000000, inc_y_i = 1.000000
En el else......

----------------------------------------
x = 485.000000, y = 392.000000
avance = -235.000000, avanceR = 2.000000, avanceI = 2.000000
inc_x_r = 0.000000, inc_y_r = 1.000000, inc_x_i = 1.000000, inc_y_i = 1.000000
En el else......

----------------------------------------
x = 485.000000, y = 393.000000
avance = -233.000000, avanceR = 2.000000, avanceI = 2.000000
inc_x_r = 0.000000, inc_y_r = 1.000000, inc_x_i = 1.000000, inc_y_i = 1.000000
En el else......

----------------------------------------
x = 485.000000, y = 394.000000
avance = -231.000000, avanceR = 2.000000, avanceI = 2.000000
inc_x_r = 0.000000, inc_y_r = 1.000000, inc_x_i = 1.000000, inc_y_i = 1.000000
En el else......

----------------------------------------
x = 485.000000, y = 395.000000
avance = -229.000000, avanceR = 2.000000, avanceI = 2.000000
inc_x_r = 0.000000, inc_y_r = 1.000000, inc_x_i = 1.000000, inc_y_i = 1.000000
En el else......

----------------------------------------
x = 485.000000, y = 396.000000
avance = -227.000000, avanceR = 2.000000, avanceI = 2.000000
inc_x_r = 0.000000, inc_y_r = 1.000000, inc_x_i = 1.000000, inc_y_i = 1.000000
En el else......

----------------------------------------
x = 485.000000, y = 397.000000
avance = -225.000000, avanceR = 2.000000, avanceI = 2.000000
inc_x_r = 0.000000, inc_y_r = 1.000000, inc_x_i = 1.000000, inc_y_i = 1.000000
En el else......

----------------------------------------
x = 485.000000, y = 398.000000
avance = -223.000000, avanceR = 2.000000, avanceI = 2.000000
inc_x_r = 0.000000, inc_y_r = 1.000000, inc_x_i = 1.000000, inc_y_i = 1.000000
En el else......

----------------------------------------
x = 485.000000, y = 399.000000
avance = -221.000000, avanceR = 2.000000, avanceI = 2.000000
inc_x_r = 0.000000, inc_y_r = 1.000000, inc_x_i = 1.000000, inc_y_i = 1.000000
En el else......

----------------------------------------
hora de salir del bucle mi pana


ENTRAMOS A BRESENHAMªªªª
x1 = 485.000000 - y1 = 385.000000 || x2 = 486.000000 - y2 = 636.000000
dy = 251.000000, dx = 1.000000
avances inclinados: inc_x_i = 1.000000, inc_y_i = 1.000000
updated: dy = 251.000000, dx = 1.000000
avances rectos: inc_x_r = 0.000000, inc_y_r 1.000000
reupdated: dy = 1.000000, dx = 251.000000
avanceR = 2.000000, avance -249.000000, avanceI 2.000000
----------------------------------------
x = 485.000000, y = 385.000000
avance = -249.000000, avanceR = 2.000000, avanceI = 2.000000
inc_x_r = 0.000000, inc_y_r = 1.000000, inc_x_i = 1.000000, inc_y_i = 1.000000
En el else......

----------------------------------------
x = 485.000000, y = 386.000000
avance = -247.000000, avanceR = 2.000000, avanceI = 2.000000
inc_x_r = 0.000000, inc_y_r = 1.000000, inc_x_i = 1.000000, inc_y_i = 1.000000
En el else......

----------------------------------------
x = 485.000000, y = 387.000000
avance = -245.000000, avanceR = 2.000000, avanceI = 2.000000
inc_x_r = 0.000000, inc_y_r = 1.000000, inc_x_i = 1.000000, inc_y_i = 1.000000
En el else......

----------------------------------------
x = 485.000000, y = 388.000000
avance = -243.000000, avanceR = 2.000000, avanceI = 2.000000
inc_x_r = 0.000000, inc_y_r = 1.000000, inc_x_i = 1.000000, inc_y_i = 1.000000
En el else......

----------------------------------------
x = 485.000000, y = 389.000000
avance = -241.000000, avanceR = 2.000000, avanceI = 2.000000
inc_x_r = 0.000000, inc_y_r = 1.000000, inc_x_i = 1.000000, inc_y_i = 1.000000
En el else......

----------------------------------------
x = 485.000000, y = 390.000000
avance = -239.000000, avanceR = 2.000000, avanceI = 2.000000
inc_x_r = 0.000000, inc_y_r = 1.000000, inc_x_i = 1.000000, inc_y_i = 1.000000
En el else......

----------------------------------------
x = 485.000000, y = 391.000000
avance = -237.000000, avanceR = 2.000000, avanceI = 2.000000
inc_x_r = 0.000000, inc_y_r = 1.000000, inc_x_i = 1.000000, inc_y_i = 1.000000
En el else......

----------------------------------------
x = 485.000000, y = 392.000000
avance = -235.000000, avanceR = 2.000000, avanceI = 2.000000
inc_x_r = 0.000000, inc_y_r = 1.000000, inc_x_i = 1.000000, inc_y_i = 1.000000
En el else......

----------------------------------------
x = 485.000000, y = 393.000000
avance = -233.000000, avanceR = 2.000000, avanceI = 2.000000
inc_x_r = 0.000000, inc_y_r = 1.000000, inc_x_i = 1.000000, inc_y_i = 1.000000
En el else......

----------------------------------------
x = 485.000000, y = 394.000000
avance = -231.000000, avanceR = 2.000000, avanceI = 2.000000
inc_x_r = 0.000000, inc_y_r = 1.000000, inc_x_i = 1.000000, inc_y_i = 1.000000
En el else......

----------------------------------------
x = 485.000000, y = 395.000000
avance = -229.000000, avanceR = 2.000000, avanceI = 2.000000
inc_x_r = 0.000000, inc_y_r = 1.000000, inc_x_i = 1.000000, inc_y_i = 1.000000
En el else......

----------------------------------------
x = 485.000000, y = 396.000000
avance = -227.000000, avanceR = 2.000000, avanceI = 2.000000
inc_x_r = 0.000000, inc_y_r = 1.000000, inc_x_i = 1.000000, inc_y_i = 1.000000
En el else......

----------------------------------------
x = 485.000000, y = 397.000000
avance = -225.000000, avanceR = 2.000000, avanceI = 2.000000
inc_x_r = 0.000000, inc_y_r = 1.000000, inc_x_i = 1.000000, inc_y_i = 1.000000
En el else......

----------------------------------------
x = 485.000000, y = 398.000000
avance = -223.000000, avanceR = 2.000000, avanceI = 2.000000
inc_x_r = 0.000000, inc_y_r = 1.000000, inc_x_i = 1.000000, inc_y_i = 1.000000
En el else......

----------------------------------------
x = 485.000000, y = 399.000000
avance = -221.000000, avanceR = 2.000000, avanceI = 2.000000
inc_x_r = 0.000000, inc_y_r = 1.000000, inc_x_i = 1.000000, inc_y_i = 1.000000
En el else......

----------------------------------------
hora de salir del bucle mi pana


ENTRAMOS A BRESENHAMªªªª
x1 = 485.000000 - y1 = 385.000000 || x2 = 486.000000 - y2 = 636.000000
dy = 251.000000, dx = 1.000000
avances inclinados: inc_x_i = 1.000000, inc_y_i = 1.000000
updated: dy = 251.000000, dx = 1.000000
avances rectos: inc_x_r = 0.000000, inc_y_r 1.000000
reupdated: dy = 1.000000, dx = 251.000000
avanceR = 2.000000, avance -249.000000, avanceI 2.000000
----------------------------------------
x = 485.000000, y = 385.000000
avance = -249.000000, avanceR = 2.000000, avanceI = 2.000000
inc_x_r = 0.000000, inc_y_r = 1.000000, inc_x_i = 1.000000, inc_y_i = 1.000000
En el else......

----------------------------------------
x = 485.000000, y = 386.000000
avance = -247.000000, avanceR = 2.000000, avanceI = 2.000000
inc_x_r = 0.000000, inc_y_r = 1.000000, inc_x_i = 1.000000, inc_y_i = 1.000000
En el else......

----------------------------------------
x = 485.000000, y = 387.000000
avance = -245.000000, avanceR = 2.000000, avanceI = 2.000000
inc_x_r = 0.000000, inc_y_r = 1.000000, inc_x_i = 1.000000, inc_y_i = 1.000000
En el else......

----------------------------------------
x = 485.000000, y = 388.000000
avance = -243.000000, avanceR = 2.000000, avanceI = 2.000000
inc_x_r = 0.000000, inc_y_r = 1.000000, inc_x_i = 1.000000, inc_y_i = 1.000000
En el else......

----------------------------------------
x = 485.000000, y = 389.000000
avance = -241.000000, avanceR = 2.000000, avanceI = 2.000000
inc_x_r = 0.000000, inc_y_r = 1.000000, inc_x_i = 1.000000, inc_y_i = 1.000000
En el else......

----------------------------------------
x = 485.000000, y = 390.000000
avance = -239.000000, avanceR = 2.000000, avanceI = 2.000000
inc_x_r = 0.000000, inc_y_r = 1.000000, inc_x_i = 1.000000, inc_y_i = 1.000000
En el else......

----------------------------------------
x = 485.000000, y = 391.000000
avance = -237.000000, avanceR = 2.000000, avanceI = 2.000000
inc_x_r = 0.000000, inc_y_r = 1.000000, inc_x_i = 1.000000, inc_y_i = 1.000000
En el else......

----------------------------------------
x = 485.000000, y = 392.000000
avance = -235.000000, avanceR = 2.000000, avanceI = 2.000000
inc_x_r = 0.000000, inc_y_r = 1.000000, inc_x_i = 1.000000, inc_y_i = 1.000000
En el else......

----------------------------------------
x = 485.000000, y = 393.000000
avance = -233.000000, avanceR = 2.000000, avanceI = 2.000000
inc_x_r = 0.000000, inc_y_r = 1.000000, inc_x_i = 1.000000, inc_y_i = 1.000000
En el else......

----------------------------------------
x = 485.000000, y = 394.000000
avance = -231.000000, avanceR = 2.000000, avanceI = 2.000000
inc_x_r = 0.000000, inc_y_r = 1.000000, inc_x_i = 1.000000, inc_y_i = 1.000000
En el else......

----------------------------------------
x = 485.000000, y = 395.000000
avance = -229.000000, avanceR = 2.000000, avanceI = 2.000000
inc_x_r = 0.000000, inc_y_r = 1.000000, inc_x_i = 1.000000, inc_y_i = 1.000000
En el else......

----------------------------------------
x = 485.000000, y = 396.000000
avance = -227.000000, avanceR = 2.000000, avanceI = 2.000000
inc_x_r = 0.000000, inc_y_r = 1.000000, inc_x_i = 1.000000, inc_y_i = 1.000000
En el else......

----------------------------------------
x = 485.000000, y = 397.000000
avance = -225.000000, avanceR = 2.000000, avanceI = 2.000000
inc_x_r = 0.000000, inc_y_r = 1.000000, inc_x_i = 1.000000, inc_y_i = 1.000000
En el else......

----------------------------------------
x = 485.000000, y = 398.000000
avance = -223.000000, avanceR = 2.000000, avanceI = 2.000000
inc_x_r = 0.000000, inc_y_r = 1.000000, inc_x_i = 1.000000, inc_y_i = 1.000000
En el else......

----------------------------------------
x = 485.000000, y = 399.000000
avance = -221.000000, avanceR = 2.000000, avanceI = 2.000000
inc_x_r = 0.000000, inc_y_r = 1.000000, inc_x_i = 1.000000, inc_y_i = 1.000000
En el else......

----------------------------------------
hora de salir del bucle mi pana


ENTRAMOS A BRESENHAMªªªª
x1 = 485.000000 - y1 = 385.000000 || x2 = 486.000000 - y2 = 636.000000
dy = 251.000000, dx = 1.000000
avances inclinados: inc_x_i = 1.000000, inc_y_i = 1.000000
updated: dy = 251.000000, dx = 1.000000
avances rectos: inc_x_r = 0.000000, inc_y_r 1.000000
reupdated: dy = 1.000000, dx = 251.000000
avanceR = 2.000000, avance -249.000000, avanceI 2.000000
----------------------------------------
x = 485.000000, y = 385.000000
avance = -249.000000, avanceR = 2.000000, avanceI = 2.000000
inc_x_r = 0.000000, inc_y_r = 1.000000, inc_x_i = 1.000000, inc_y_i = 1.000000
En el else......

----------------------------------------
x = 485.000000, y = 386.000000
avance = -247.000000, avanceR = 2.000000, avanceI = 2.000000
inc_x_r = 0.000000, inc_y_r = 1.000000, inc_x_i = 1.000000, inc_y_i = 1.000000
En el else......

----------------------------------------
x = 485.000000, y = 387.000000
avance = -245.000000, avanceR = 2.000000, avanceI = 2.000000
inc_x_r = 0.000000, inc_y_r = 1.000000, inc_x_i = 1.000000, inc_y_i = 1.000000
En el else......

----------------------------------------
x = 485.000000, y = 388.000000
avance = -243.000000, avanceR = 2.000000, avanceI = 2.000000
inc_x_r = 0.000000, inc_y_r = 1.000000, inc_x_i = 1.000000, inc_y_i = 1.000000
En el else......

----------------------------------------
x = 485.000000, y = 389.000000
avance = -241.000000, avanceR = 2.000000, avanceI = 2.000000
inc_x_r = 0.000000, inc_y_r = 1.000000, inc_x_i = 1.000000, inc_y_i = 1.000000
En el else......

----------------------------------------
x = 485.000000, y = 390.000000
avance = -239.000000, avanceR = 2.000000, avanceI = 2.000000
inc_x_r = 0.000000, inc_y_r = 1.000000, inc_x_i = 1.000000, inc_y_i = 1.000000
En el else......

----------------------------------------
x = 485.000000, y = 391.000000
avance = -237.000000, avanceR = 2.000000, avanceI = 2.000000
inc_x_r = 0.000000, inc_y_r = 1.000000, inc_x_i = 1.000000, inc_y_i = 1.000000
En el else......

----------------------------------------
x = 485.000000, y = 392.000000
avance = -235.000000, avanceR = 2.000000, avanceI = 2.000000
inc_x_r = 0.000000, inc_y_r = 1.000000, inc_x_i = 1.000000, inc_y_i = 1.000000
En el else......

----------------------------------------
x = 485.000000, y = 393.000000
avance = -233.000000, avanceR = 2.000000, avanceI = 2.000000
inc_x_r = 0.000000, inc_y_r = 1.000000, inc_x_i = 1.000000, inc_y_i = 1.000000
En el else......

----------------------------------------
x = 485.000000, y = 394.000000
avance = -231.000000, avanceR = 2.000000, avanceI = 2.000000
inc_x_r = 0.000000, inc_y_r = 1.000000, inc_x_i = 1.000000, inc_y_i = 1.000000
En el else......

----------------------------------------
x = 485.000000, y = 395.000000
avance = -229.000000, avanceR = 2.000000, avanceI = 2.000000
inc_x_r = 0.000000, inc_y_r = 1.000000, inc_x_i = 1.000000, inc_y_i = 1.000000
En el else......

----------------------------------------
x = 485.000000, y = 396.000000
avance = -227.000000, avanceR = 2.000000, avanceI = 2.000000
inc_x_r = 0.000000, inc_y_r = 1.000000, inc_x_i = 1.000000, inc_y_i = 1.000000
En el else......

----------------------------------------
x = 485.000000, y = 397.000000
avance = -225.000000, avanceR = 2.000000, avanceI = 2.000000
inc_x_r = 0.000000, inc_y_r = 1.000000, inc_x_i = 1.000000, inc_y_i = 1.000000
En el else......

----------------------------------------
x = 485.000000, y = 398.000000
avance = -223.000000, avanceR = 2.000000, avanceI = 2.000000
inc_x_r = 0.000000, inc_y_r = 1.000000, inc_x_i = 1.000000, inc_y_i = 1.000000
En el else......

----------------------------------------
x = 485.000000, y = 399.000000
avance = -221.000000, avanceR = 2.000000, avanceI = 2.000000
inc_x_r = 0.000000, inc_y_r = 1.000000, inc_x_i = 1.000000, inc_y_i = 1.000000
En el else......

----------------------------------------
hora de salir del bucle mi pana


ENTRAMOS A BRESENHAMªªªª
x1 = 485.000000 - y1 = 385.000000 || x2 = 486.000000 - y2 = 636.000000
dy = 251.000000, dx = 1.000000
avances inclinados: inc_x_i = 1.000000, inc_y_i = 1.000000
updated: dy = 251.000000, dx = 1.000000
avances rectos: inc_x_r = 0.000000, inc_y_r 1.000000
reupdated: dy = 1.000000, dx = 251.000000
avanceR = 2.000000, avance -249.000000, avanceI 2.000000
----------------------------------------
x = 485.000000, y = 385.000000
avance = -249.000000, avanceR = 2.000000, avanceI = 2.000000
inc_x_r = 0.000000, inc_y_r = 1.000000, inc_x_i = 1.000000, inc_y_i = 1.000000
En el else......

----------------------------------------
x = 485.000000, y = 386.000000
avance = -247.000000, avanceR = 2.000000, avanceI = 2.000000
inc_x_r = 0.000000, inc_y_r = 1.000000, inc_x_i = 1.000000, inc_y_i = 1.000000
En el else......

----------------------------------------
x = 485.000000, y = 387.000000
avance = -245.000000, avanceR = 2.000000, avanceI = 2.000000
inc_x_r = 0.000000, inc_y_r = 1.000000, inc_x_i = 1.000000, inc_y_i = 1.000000
En el else......

----------------------------------------
x = 485.000000, y = 388.000000
avance = -243.000000, avanceR = 2.000000, avanceI = 2.000000
inc_x_r = 0.000000, inc_y_r = 1.000000, inc_x_i = 1.000000, inc_y_i = 1.000000
En el else......

----------------------------------------
x = 485.000000, y = 389.000000
avance = -241.000000, avanceR = 2.000000, avanceI = 2.000000
inc_x_r = 0.000000, inc_y_r = 1.000000, inc_x_i = 1.000000, inc_y_i = 1.000000
En el else......

----------------------------------------
x = 485.000000, y = 390.000000
avance = -239.000000, avanceR = 2.000000, avanceI = 2.000000
inc_x_r = 0.000000, inc_y_r = 1.000000, inc_x_i = 1.000000, inc_y_i = 1.000000
En el else......

----------------------------------------
x = 485.000000, y = 391.000000
avance = -237.000000, avanceR = 2.000000, avanceI = 2.000000
inc_x_r = 0.000000, inc_y_r = 1.000000, inc_x_i = 1.000000, inc_y_i = 1.000000
En el else......

----------------------------------------
x = 485.000000, y = 392.000000
avance = -235.000000, avanceR = 2.000000, avanceI = 2.000000
inc_x_r = 0.000000, inc_y_r = 1.000000, inc_x_i = 1.000000, inc_y_i = 1.000000
En el else......

----------------------------------------
x = 485.000000, y = 393.000000
avance = -233.000000, avanceR = 2.000000, avanceI = 2.000000
inc_x_r = 0.000000, inc_y_r = 1.000000, inc_x_i = 1.000000, inc_y_i = 1.000000
En el else......

----------------------------------------
x = 485.000000, y = 394.000000
avance = -231.000000, avanceR = 2.000000, avanceI = 2.000000
inc_x_r = 0.000000, inc_y_r = 1.000000, inc_x_i = 1.000000, inc_y_i = 1.000000
En el else......

----------------------------------------
x = 485.000000, y = 395.000000
avance = -229.000000, avanceR = 2.000000, avanceI = 2.000000
inc_x_r = 0.000000, inc_y_r = 1.000000, inc_x_i = 1.000000, inc_y_i = 1.000000
En el else......

----------------------------------------
x = 485.000000, y = 396.000000
avance = -227.000000, avanceR = 2.000000, avanceI = 2.000000
inc_x_r = 0.000000, inc_y_r = 1.000000, inc_x_i = 1.000000, inc_y_i = 1.000000
En el else......

----------------------------------------
x = 485.000000, y = 397.000000
avance = -225.000000, avanceR = 2.000000, avanceI = 2.000000
inc_x_r = 0.000000, inc_y_r = 1.000000, inc_x_i = 1.000000, inc_y_i = 1.000000
En el else......

----------------------------------------
x = 485.000000, y = 398.000000
avance = -223.000000, avanceR = 2.000000, avanceI = 2.000000
inc_x_r = 0.000000, inc_y_r = 1.000000, inc_x_i = 1.000000, inc_y_i = 1.000000
En el else......

----------------------------------------
x = 485.000000, y = 399.000000
avance = -221.000000, avanceR = 2.000000, avanceI = 2.000000
inc_x_r = 0.000000, inc_y_r = 1.000000, inc_x_i = 1.000000, inc_y_i = 1.000000
En el else......

----------------------------------------
hora de salir del bucle mi pana


ENTRAMOS A BRESENHAMªªªª
x1 = 485.000000 - y1 = 385.000000 || x2 = 486.000000 - y2 = 636.000000
dy = 251.000000, dx = 1.000000
avances inclinados: inc_x_i = 1.000000, inc_y_i = 1.000000
updated: dy = 251.000000, dx = 1.000000
avances rectos: inc_x_r = 0.000000, inc_y_r 1.000000
reupdated: dy = 1.000000, dx = 251.000000
avanceR = 2.000000, avance -249.000000, avanceI 2.000000
----------------------------------------
x = 485.000000, y = 385.000000
avance = -249.000000, avanceR = 2.000000, avanceI = 2.000000
inc_x_r = 0.000000, inc_y_r = 1.000000, inc_x_i = 1.000000, inc_y_i = 1.000000
En el else......

----------------------------------------
x = 485.000000, y = 386.000000
avance = -247.000000, avanceR = 2.000000, avanceI = 2.000000
inc_x_r = 0.000000, inc_y_r = 1.000000, inc_x_i = 1.000000, inc_y_i = 1.000000
En el else......

----------------------------------------
x = 485.000000, y = 387.000000
avance = -245.000000, avanceR = 2.000000, avanceI = 2.000000
inc_x_r = 0.000000, inc_y_r = 1.000000, inc_x_i = 1.000000, inc_y_i = 1.000000
En el else......

----------------------------------------
x = 485.000000, y = 388.000000
avance = -243.000000, avanceR = 2.000000, avanceI = 2.000000
inc_x_r = 0.000000, inc_y_r = 1.000000, inc_x_i = 1.000000, inc_y_i = 1.000000
En el else......

----------------------------------------
x = 485.000000, y = 389.000000
avance = -241.000000, avanceR = 2.000000, avanceI = 2.000000
inc_x_r = 0.000000, inc_y_r = 1.000000, inc_x_i = 1.000000, inc_y_i = 1.000000
En el else......

----------------------------------------
x = 485.000000, y = 390.000000
avance = -239.000000, avanceR = 2.000000, avanceI = 2.000000
inc_x_r = 0.000000, inc_y_r = 1.000000, inc_x_i = 1.000000, inc_y_i = 1.000000
En el else......

----------------------------------------
x = 485.000000, y = 391.000000
avance = -237.000000, avanceR = 2.000000, avanceI = 2.000000
inc_x_r = 0.000000, inc_y_r = 1.000000, inc_x_i = 1.000000, inc_y_i = 1.000000
En el else......

----------------------------------------
x = 485.000000, y = 392.000000
avance = -235.000000, avanceR = 2.000000, avanceI = 2.000000
inc_x_r = 0.000000, inc_y_r = 1.000000, inc_x_i = 1.000000, inc_y_i = 1.000000
En el else......

----------------------------------------
x = 485.000000, y = 393.000000
avance = -233.000000, avanceR = 2.000000, avanceI = 2.000000
inc_x_r = 0.000000, inc_y_r = 1.000000, inc_x_i = 1.000000, inc_y_i = 1.000000
En el else......

----------------------------------------
x = 485.000000, y = 394.000000
avance = -231.000000, avanceR = 2.000000, avanceI = 2.000000
inc_x_r = 0.000000, inc_y_r = 1.000000, inc_x_i = 1.000000, inc_y_i = 1.000000
En el else......

----------------------------------------
x = 485.000000, y = 395.000000
avance = -229.000000, avanceR = 2.000000, avanceI = 2.000000
inc_x_r = 0.000000, inc_y_r = 1.000000, inc_x_i = 1.000000, inc_y_i = 1.000000
En el else......

----------------------------------------
x = 485.000000, y = 396.000000
avance = -227.000000, avanceR = 2.000000, avanceI = 2.000000
inc_x_r = 0.000000, inc_y_r = 1.000000, inc_x_i = 1.000000, inc_y_i = 1.000000
En el else......

----------------------------------------
x = 485.000000, y = 397.000000
avance = -225.000000, avanceR = 2.000000, avanceI = 2.000000
inc_x_r = 0.000000, inc_y_r = 1.000000, inc_x_i = 1.000000, inc_y_i = 1.000000
En el else......

----------------------------------------
x = 485.000000, y = 398.000000
avance = -223.000000, avanceR = 2.000000, avanceI = 2.000000
inc_x_r = 0.000000, inc_y_r = 1.000000, inc_x_i = 1.000000, inc_y_i = 1.000000
En el else......

----------------------------------------
x = 485.000000, y = 399.000000
avance = -221.000000, avanceR = 2.000000, avanceI = 2.000000
inc_x_r = 0.000000, inc_y_r = 1.000000, inc_x_i = 1.000000, inc_y_i = 1.000000
En el else......

----------------------------------------
hora de salir del bucle mi pana


ENTRAMOS A BRESENHAMªªªª
x1 = 485.000000 - y1 = 385.000000 || x2 = 486.000000 - y2 = 636.000000
dy = 251.000000, dx = 1.000000
avances inclinados: inc_x_i = 1.000000, inc_y_i = 1.000000
updated: dy = 251.000000, dx = 1.000000
avances rectos: inc_x_r = 0.000000, inc_y_r 1.000000
reupdated: dy = 1.000000, dx = 251.000000
avanceR = 2.000000, avance -249.000000, avanceI 2.000000
----------------------------------------
x = 485.000000, y = 385.000000
avance = -249.000000, avanceR = 2.000000, avanceI = 2.000000
inc_x_r = 0.000000, inc_y_r = 1.000000, inc_x_i = 1.000000, inc_y_i = 1.000000
En el else......

----------------------------------------
x = 485.000000, y = 386.000000
avance = -247.000000, avanceR = 2.000000, avanceI = 2.000000
inc_x_r = 0.000000, inc_y_r = 1.000000, inc_x_i = 1.000000, inc_y_i = 1.000000
En el else......

----------------------------------------
x = 485.000000, y = 387.000000
avance = -245.000000, avanceR = 2.000000, avanceI = 2.000000
inc_x_r = 0.000000, inc_y_r = 1.000000, inc_x_i = 1.000000, inc_y_i = 1.000000
En el else......

----------------------------------------
x = 485.000000, y = 388.000000
avance = -243.000000, avanceR = 2.000000, avanceI = 2.000000
inc_x_r = 0.000000, inc_y_r = 1.000000, inc_x_i = 1.000000, inc_y_i = 1.000000
En el else......

----------------------------------------
x = 485.000000, y = 389.000000
avance = -241.000000, avanceR = 2.000000, avanceI = 2.000000
inc_x_r = 0.000000, inc_y_r = 1.000000, inc_x_i = 1.000000, inc_y_i = 1.000000
En el else......

----------------------------------------
x = 485.000000, y = 390.000000
avance = -239.000000, avanceR = 2.000000, avanceI = 2.000000
inc_x_r = 0.000000, inc_y_r = 1.000000, inc_x_i = 1.000000, inc_y_i = 1.000000
En el else......

----------------------------------------
x = 485.000000, y = 391.000000
avance = -237.000000, avanceR = 2.000000, avanceI = 2.000000
inc_x_r = 0.000000, inc_y_r = 1.000000, inc_x_i = 1.000000, inc_y_i = 1.000000
En el else......

----------------------------------------
x = 485.000000, y = 392.000000
avance = -235.000000, avanceR = 2.000000, avanceI = 2.000000
inc_x_r = 0.000000, inc_y_r = 1.000000, inc_x_i = 1.000000, inc_y_i = 1.000000
En el else......

----------------------------------------
x = 485.000000, y = 393.000000
avance = -233.000000, avanceR = 2.000000, avanceI = 2.000000
inc_x_r = 0.000000, inc_y_r = 1.000000, inc_x_i = 1.000000, inc_y_i = 1.000000
En el else......

----------------------------------------
x = 485.000000, y = 394.000000
avance = -231.000000, avanceR = 2.000000, avanceI = 2.000000
inc_x_r = 0.000000, inc_y_r = 1.000000, inc_x_i = 1.000000, inc_y_i = 1.000000
En el else......

----------------------------------------
x = 485.000000, y = 395.000000
avance = -229.000000, avanceR = 2.000000, avanceI = 2.000000
inc_x_r = 0.000000, inc_y_r = 1.000000, inc_x_i = 1.000000, inc_y_i = 1.000000
En el else......

----------------------------------------
x = 485.000000, y = 396.000000
avance = -227.000000, avanceR = 2.000000, avanceI = 2.000000
inc_x_r = 0.000000, inc_y_r = 1.000000, inc_x_i = 1.000000, inc_y_i = 1.000000
En el else......

----------------------------------------
x = 485.000000, y = 397.000000
avance = -225.000000, avanceR = 2.000000, avanceI = 2.000000
inc_x_r = 0.000000, inc_y_r = 1.000000, inc_x_i = 1.000000, inc_y_i = 1.000000
En el else......

----------------------------------------
x = 485.000000, y = 398.000000
avance = -223.000000, avanceR = 2.000000, avanceI = 2.000000
inc_x_r = 0.000000, inc_y_r = 1.000000, inc_x_i = 1.000000, inc_y_i = 1.000000
En el else......

----------------------------------------
x = 485.000000, y = 399.000000
avance = -221.000000, avanceR = 2.000000, avanceI = 2.000000
inc_x_r = 0.000000, inc_y_r = 1.000000, inc_x_i = 1.000000, inc_y_i = 1.000000
En el else......

----------------------------------------
hora de salir del bucle mi pana


ENTRAMOS A BRESENHAMªªªª
x1 = 485.000000 - y1 = 385.000000 || x2 = 486.000000 - y2 = 636.000000
dy = 251.000000, dx = 1.000000
avances inclinados: inc_x_i = 1.000000, inc_y_i = 1.000000
updated: dy = 251.000000, dx = 1.000000
avances rectos: inc_x_r = 0.000000, inc_y_r 1.000000
reupdated: dy = 1.000000, dx = 251.000000
avanceR = 2.000000, avance -249.000000, avanceI 2.000000
----------------------------------------
x = 485.000000, y = 385.000000
avance = -249.000000, avanceR = 2.000000, avanceI = 2.000000
inc_x_r = 0.000000, inc_y_r = 1.000000, inc_x_i = 1.000000, inc_y_i = 1.000000
En el else......

----------------------------------------
x = 485.000000, y = 386.000000
avance = -247.000000, avanceR = 2.000000, avanceI = 2.000000
inc_x_r = 0.000000, inc_y_r = 1.000000, inc_x_i = 1.000000, inc_y_i = 1.000000
En el else......

----------------------------------------
x = 485.000000, y = 387.000000
avance = -245.000000, avanceR = 2.000000, avanceI = 2.000000
inc_x_r = 0.000000, inc_y_r = 1.000000, inc_x_i = 1.000000, inc_y_i = 1.000000
En el else......

----------------------------------------
x = 485.000000, y = 388.000000
avance = -243.000000, avanceR = 2.000000, avanceI = 2.000000
inc_x_r = 0.000000, inc_y_r = 1.000000, inc_x_i = 1.000000, inc_y_i = 1.000000
En el else......

----------------------------------------
x = 485.000000, y = 389.000000
avance = -241.000000, avanceR = 2.000000, avanceI = 2.000000
inc_x_r = 0.000000, inc_y_r = 1.000000, inc_x_i = 1.000000, inc_y_i = 1.000000
En el else......

----------------------------------------
x = 485.000000, y = 390.000000
avance = -239.000000, avanceR = 2.000000, avanceI = 2.000000
inc_x_r = 0.000000, inc_y_r = 1.000000, inc_x_i = 1.000000, inc_y_i = 1.000000
En el else......

----------------------------------------
x = 485.000000, y = 391.000000
avance = -237.000000, avanceR = 2.000000, avanceI = 2.000000
inc_x_r = 0.000000, inc_y_r = 1.000000, inc_x_i = 1.000000, inc_y_i = 1.000000
En el else......

----------------------------------------
x = 485.000000, y = 392.000000
avance = -235.000000, avanceR = 2.000000, avanceI = 2.000000
inc_x_r = 0.000000, inc_y_r = 1.000000, inc_x_i = 1.000000, inc_y_i = 1.000000
En el else......

----------------------------------------
x = 485.000000, y = 393.000000
avance = -233.000000, avanceR = 2.000000, avanceI = 2.000000
inc_x_r = 0.000000, inc_y_r = 1.000000, inc_x_i = 1.000000, inc_y_i = 1.000000
En el else......

----------------------------------------
x = 485.000000, y = 394.000000
avance = -231.000000, avanceR = 2.000000, avanceI = 2.000000
inc_x_r = 0.000000, inc_y_r = 1.000000, inc_x_i = 1.000000, inc_y_i = 1.000000
En el else......

----------------------------------------
x = 485.000000, y = 395.000000
avance = -229.000000, avanceR = 2.000000, avanceI = 2.000000
inc_x_r = 0.000000, inc_y_r = 1.000000, inc_x_i = 1.000000, inc_y_i = 1.000000
En el else......

----------------------------------------
x = 485.000000, y = 396.000000
avance = -227.000000, avanceR = 2.000000, avanceI = 2.000000
inc_x_r = 0.000000, inc_y_r = 1.000000, inc_x_i = 1.000000, inc_y_i = 1.000000
En el else......

----------------------------------------
x = 485.000000, y = 397.000000
avance = -225.000000, avanceR = 2.000000, avanceI = 2.000000
inc_x_r = 0.000000, inc_y_r = 1.000000, inc_x_i = 1.000000, inc_y_i = 1.000000
En el else......

----------------------------------------
x = 485.000000, y = 398.000000
avance = -223.000000, avanceR = 2.000000, avanceI = 2.000000
inc_x_r = 0.000000, inc_y_r = 1.000000, inc_x_i = 1.000000, inc_y_i = 1.000000
En el else......

----------------------------------------
x = 485.000000, y = 399.000000
avance = -221.000000, avanceR = 2.000000, avanceI = 2.000000
inc_x_r = 0.000000, inc_y_r = 1.000000, inc_x_i = 1.000000, inc_y_i = 1.000000
En el else......

----------------------------------------
hora de salir del bucle mi pana


ENTRAMOS A BRESENHAMªªªª
x1 = 485.000000 - y1 = 385.000000 || x2 = 486.000000 - y2 = 636.000000
dy = 251.000000, dx = 1.000000
avances inclinados: inc_x_i = 1.000000, inc_y_i = 1.000000
updated: dy = 251.000000, dx = 1.000000
avances rectos: inc_x_r = 0.000000, inc_y_r 1.000000
reupdated: dy = 1.000000, dx = 251.000000
avanceR = 2.000000, avance -249.000000, avanceI 2.000000
----------------------------------------
x = 485.000000, y = 385.000000
avance = -249.000000, avanceR = 2.000000, avanceI = 2.000000
inc_x_r = 0.000000, inc_y_r = 1.000000, inc_x_i = 1.000000, inc_y_i = 1.000000
En el else......

----------------------------------------
x = 485.000000, y = 386.000000
avance = -247.000000, avanceR = 2.000000, avanceI = 2.000000
inc_x_r = 0.000000, inc_y_r = 1.000000, inc_x_i = 1.000000, inc_y_i = 1.000000
En el else......

----------------------------------------
x = 485.000000, y = 387.000000
avance = -245.000000, avanceR = 2.000000, avanceI = 2.000000
inc_x_r = 0.000000, inc_y_r = 1.000000, inc_x_i = 1.000000, inc_y_i = 1.000000
En el else......

----------------------------------------
x = 485.000000, y = 388.000000
avance = -243.000000, avanceR = 2.000000, avanceI = 2.000000
inc_x_r = 0.000000, inc_y_r = 1.000000, inc_x_i = 1.000000, inc_y_i = 1.000000
En el else......

----------------------------------------
x = 485.000000, y = 389.000000
avance = -241.000000, avanceR = 2.000000, avanceI = 2.000000
inc_x_r = 0.000000, inc_y_r = 1.000000, inc_x_i = 1.000000, inc_y_i = 1.000000
En el else......

----------------------------------------
x = 485.000000, y = 390.000000
avance = -239.000000, avanceR = 2.000000, avanceI = 2.000000
inc_x_r = 0.000000, inc_y_r = 1.000000, inc_x_i = 1.000000, inc_y_i = 1.000000
En el else......

----------------------------------------
x = 485.000000, y = 391.000000
avance = -237.000000, avanceR = 2.000000, avanceI = 2.000000
inc_x_r = 0.000000, inc_y_r = 1.000000, inc_x_i = 1.000000, inc_y_i = 1.000000
En el else......

----------------------------------------
x = 485.000000, y = 392.000000
avance = -235.000000, avanceR = 2.000000, avanceI = 2.000000
inc_x_r = 0.000000, inc_y_r = 1.000000, inc_x_i = 1.000000, inc_y_i = 1.000000
En el else......

----------------------------------------
x = 485.000000, y = 393.000000
avance = -233.000000, avanceR = 2.000000, avanceI = 2.000000
inc_x_r = 0.000000, inc_y_r = 1.000000, inc_x_i = 1.000000, inc_y_i = 1.000000
En el else......

----------------------------------------
x = 485.000000, y = 394.000000
avance = -231.000000, avanceR = 2.000000, avanceI = 2.000000
inc_x_r = 0.000000, inc_y_r = 1.000000, inc_x_i = 1.000000, inc_y_i = 1.000000
En el else......

----------------------------------------
x = 485.000000, y = 395.000000
avance = -229.000000, avanceR = 2.000000, avanceI = 2.000000
inc_x_r = 0.000000, inc_y_r = 1.000000, inc_x_i = 1.000000, inc_y_i = 1.000000
En el else......

----------------------------------------
x = 485.000000, y = 396.000000
avance = -227.000000, avanceR = 2.000000, avanceI = 2.000000
inc_x_r = 0.000000, inc_y_r = 1.000000, inc_x_i = 1.000000, inc_y_i = 1.000000
En el else......

----------------------------------------
x = 485.000000, y = 397.000000
avance = -225.000000, avanceR = 2.000000, avanceI = 2.000000
inc_x_r = 0.000000, inc_y_r = 1.000000, inc_x_i = 1.000000, inc_y_i = 1.000000
En el else......

----------------------------------------
x = 485.000000, y = 398.000000
avance = -223.000000, avanceR = 2.000000, avanceI = 2.000000
inc_x_r = 0.000000, inc_y_r = 1.000000, inc_x_i = 1.000000, inc_y_i = 1.000000
En el else......

----------------------------------------
x = 485.000000, y = 399.000000
avance = -221.000000, avanceR = 2.000000, avanceI = 2.000000
inc_x_r = 0.000000, inc_y_r = 1.000000, inc_x_i = 1.000000, inc_y_i = 1.000000
En el else......

----------------------------------------
hora de salir del bucle mi pana


ENTRAMOS A BRESENHAMªªªª
x1 = 485.000000 - y1 = 385.000000 || x2 = 486.000000 - y2 = 636.000000
dy = 251.000000, dx = 1.000000
avances inclinados: inc_x_i = 1.000000, inc_y_i = 1.000000
updated: dy = 251.000000, dx = 1.000000
avances rectos: inc_x_r = 0.000000, inc_y_r 1.000000
reupdated: dy = 1.000000, dx = 251.000000
avanceR = 2.000000, avance -249.000000, avanceI 2.000000
----------------------------------------
x = 485.000000, y = 385.000000
avance = -249.000000, avanceR = 2.000000, avanceI = 2.000000
inc_x_r = 0.000000, inc_y_r = 1.000000, inc_x_i = 1.000000, inc_y_i = 1.000000
En el else......

----------------------------------------
x = 485.000000, y = 386.000000
avance = -247.000000, avanceR = 2.000000, avanceI = 2.000000
inc_x_r = 0.000000, inc_y_r = 1.000000, inc_x_i = 1.000000, inc_y_i = 1.000000
En el else......

----------------------------------------
x = 485.000000, y = 387.000000
avance = -245.000000, avanceR = 2.000000, avanceI = 2.000000
inc_x_r = 0.000000, inc_y_r = 1.000000, inc_x_i = 1.000000, inc_y_i = 1.000000
En el else......

----------------------------------------
x = 485.000000, y = 388.000000
avance = -243.000000, avanceR = 2.000000, avanceI = 2.000000
inc_x_r = 0.000000, inc_y_r = 1.000000, inc_x_i = 1.000000, inc_y_i = 1.000000
En el else......

----------------------------------------
x = 485.000000, y = 389.000000
avance = -241.000000, avanceR = 2.000000, avanceI = 2.000000
inc_x_r = 0.000000, inc_y_r = 1.000000, inc_x_i = 1.000000, inc_y_i = 1.000000
En el else......

----------------------------------------
x = 485.000000, y = 390.000000
avance = -239.000000, avanceR = 2.000000, avanceI = 2.000000
inc_x_r = 0.000000, inc_y_r = 1.000000, inc_x_i = 1.000000, inc_y_i = 1.000000
En el else......

----------------------------------------
x = 485.000000, y = 391.000000
avance = -237.000000, avanceR = 2.000000, avanceI = 2.000000
inc_x_r = 0.000000, inc_y_r = 1.000000, inc_x_i = 1.000000, inc_y_i = 1.000000
En el else......

----------------------------------------
x = 485.000000, y = 392.000000
avance = -235.000000, avanceR = 2.000000, avanceI = 2.000000
inc_x_r = 0.000000, inc_y_r = 1.000000, inc_x_i = 1.000000, inc_y_i = 1.000000
En el else......

----------------------------------------
x = 485.000000, y = 393.000000
avance = -233.000000, avanceR = 2.000000, avanceI = 2.000000
inc_x_r = 0.000000, inc_y_r = 1.000000, inc_x_i = 1.000000, inc_y_i = 1.000000
En el else......

----------------------------------------
x = 485.000000, y = 394.000000
avance = -231.000000, avanceR = 2.000000, avanceI = 2.000000
inc_x_r = 0.000000, inc_y_r = 1.000000, inc_x_i = 1.000000, inc_y_i = 1.000000
En el else......

----------------------------------------
x = 485.000000, y = 395.000000
avance = -229.000000, avanceR = 2.000000, avanceI = 2.000000
inc_x_r = 0.000000, inc_y_r = 1.000000, inc_x_i = 1.000000, inc_y_i = 1.000000
En el else......

----------------------------------------
x = 485.000000, y = 396.000000
avance = -227.000000, avanceR = 2.000000, avanceI = 2.000000
inc_x_r = 0.000000, inc_y_r = 1.000000, inc_x_i = 1.000000, inc_y_i = 1.000000
En el else......

----------------------------------------
x = 485.000000, y = 397.000000
avance = -225.000000, avanceR = 2.000000, avanceI = 2.000000
inc_x_r = 0.000000, inc_y_r = 1.000000, inc_x_i = 1.000000, inc_y_i = 1.000000
En el else......

----------------------------------------
x = 485.000000, y = 398.000000
avance = -223.000000, avanceR = 2.000000, avanceI = 2.000000
inc_x_r = 0.000000, inc_y_r = 1.000000, inc_x_i = 1.000000, inc_y_i = 1.000000
En el else......

----------------------------------------
x = 485.000000, y = 399.000000
avance = -221.000000, avanceR = 2.000000, avanceI = 2.000000
inc_x_r = 0.000000, inc_y_r = 1.000000, inc_x_i = 1.000000, inc_y_i = 1.000000
En el else......

----------------------------------------
hora de salir del bucle mi pana


ENTRAMOS A BRESENHAMªªªª
x1 = 485.000000 - y1 = 385.000000 || x2 = 486.000000 - y2 = 636.000000
dy = 251.000000, dx = 1.000000
avances inclinados: inc_x_i = 1.000000, inc_y_i = 1.000000
updated: dy = 251.000000, dx = 1.000000
avances rectos: inc_x_r = 0.000000, inc_y_r 1.000000
reupdated: dy = 1.000000, dx = 251.000000
avanceR = 2.000000, avance -249.000000, avanceI 2.000000
----------------------------------------
x = 485.000000, y = 385.000000
avance = -249.000000, avanceR = 2.000000, avanceI = 2.000000
inc_x_r = 0.000000, inc_y_r = 1.000000, inc_x_i = 1.000000, inc_y_i = 1.000000
En el else......

----------------------------------------
x = 485.000000, y = 386.000000
avance = -247.000000, avanceR = 2.000000, avanceI = 2.000000
inc_x_r = 0.000000, inc_y_r = 1.000000, inc_x_i = 1.000000, inc_y_i = 1.000000
En el else......

----------------------------------------
x = 485.000000, y = 387.000000
avance = -245.000000, avanceR = 2.000000, avanceI = 2.000000
inc_x_r = 0.000000, inc_y_r = 1.000000, inc_x_i = 1.000000, inc_y_i = 1.000000
En el else......

----------------------------------------
x = 485.000000, y = 388.000000
avance = -243.000000, avanceR = 2.000000, avanceI = 2.000000
inc_x_r = 0.000000, inc_y_r = 1.000000, inc_x_i = 1.000000, inc_y_i = 1.000000
En el else......

----------------------------------------
x = 485.000000, y = 389.000000
avance = -241.000000, avanceR = 2.000000, avanceI = 2.000000
inc_x_r = 0.000000, inc_y_r = 1.000000, inc_x_i = 1.000000, inc_y_i = 1.000000
En el else......

----------------------------------------
x = 485.000000, y = 390.000000
avance = -239.000000, avanceR = 2.000000, avanceI = 2.000000
inc_x_r = 0.000000, inc_y_r = 1.000000, inc_x_i = 1.000000, inc_y_i = 1.000000
En el else......

----------------------------------------
x = 485.000000, y = 391.000000
avance = -237.000000, avanceR = 2.000000, avanceI = 2.000000
inc_x_r = 0.000000, inc_y_r = 1.000000, inc_x_i = 1.000000, inc_y_i = 1.000000
En el else......

----------------------------------------
x = 485.000000, y = 392.000000
avance = -235.000000, avanceR = 2.000000, avanceI = 2.000000
inc_x_r = 0.000000, inc_y_r = 1.000000, inc_x_i = 1.000000, inc_y_i = 1.000000
En el else......

----------------------------------------
x = 485.000000, y = 393.000000
avance = -233.000000, avanceR = 2.000000, avanceI = 2.000000
inc_x_r = 0.000000, inc_y_r = 1.000000, inc_x_i = 1.000000, inc_y_i = 1.000000
En el else......

----------------------------------------
x = 485.000000, y = 394.000000
avance = -231.000000, avanceR = 2.000000, avanceI = 2.000000
inc_x_r = 0.000000, inc_y_r = 1.000000, inc_x_i = 1.000000, inc_y_i = 1.000000
En el else......

----------------------------------------
x = 485.000000, y = 395.000000
avance = -229.000000, avanceR = 2.000000, avanceI = 2.000000
inc_x_r = 0.000000, inc_y_r = 1.000000, inc_x_i = 1.000000, inc_y_i = 1.000000
En el else......

----------------------------------------
x = 485.000000, y = 396.000000
avance = -227.000000, avanceR = 2.000000, avanceI = 2.000000
inc_x_r = 0.000000, inc_y_r = 1.000000, inc_x_i = 1.000000, inc_y_i = 1.000000
En el else......

----------------------------------------
x = 485.000000, y = 397.000000
avance = -225.000000, avanceR = 2.000000, avanceI = 2.000000
inc_x_r = 0.000000, inc_y_r = 1.000000, inc_x_i = 1.000000, inc_y_i = 1.000000
En el else......

----------------------------------------
x = 485.000000, y = 398.000000
avance = -223.000000, avanceR = 2.000000, avanceI = 2.000000
inc_x_r = 0.000000, inc_y_r = 1.000000, inc_x_i = 1.000000, inc_y_i = 1.000000
En el else......

----------------------------------------
x = 485.000000, y = 399.000000
avance = -221.000000, avanceR = 2.000000, avanceI = 2.000000
inc_x_r = 0.000000, inc_y_r = 1.000000, inc_x_i = 1.000000, inc_y_i = 1.000000
En el else......

----------------------------------------
hora de salir del bucle mi pana


ENTRAMOS A BRESENHAMªªªª
x1 = 485.000000 - y1 = 385.000000 || x2 = 486.000000 - y2 = 636.000000
dy = 251.000000, dx = 1.000000
avances inclinados: inc_x_i = 1.000000, inc_y_i = 1.000000
updated: dy = 251.000000, dx = 1.000000
avances rectos: inc_x_r = 0.000000, inc_y_r 1.000000
reupdated: dy = 1.000000, dx = 251.000000
avanceR = 2.000000, avance -249.000000, avanceI 2.000000
----------------------------------------
x = 485.000000, y = 385.000000
avance = -249.000000, avanceR = 2.000000, avanceI = 2.000000
inc_x_r = 0.000000, inc_y_r = 1.000000, inc_x_i = 1.000000, inc_y_i = 1.000000
En el else......

----------------------------------------
x = 485.000000, y = 386.000000
avance = -247.000000, avanceR = 2.000000, avanceI = 2.000000
inc_x_r = 0.000000, inc_y_r = 1.000000, inc_x_i = 1.000000, inc_y_i = 1.000000
En el else......

----------------------------------------
x = 485.000000, y = 387.000000
avance = -245.000000, avanceR = 2.000000, avanceI = 2.000000
inc_x_r = 0.000000, inc_y_r = 1.000000, inc_x_i = 1.000000, inc_y_i = 1.000000
En el else......

----------------------------------------
x = 485.000000, y = 388.000000
avance = -243.000000, avanceR = 2.000000, avanceI = 2.000000
inc_x_r = 0.000000, inc_y_r = 1.000000, inc_x_i = 1.000000, inc_y_i = 1.000000
En el else......

----------------------------------------
x = 485.000000, y = 389.000000
avance = -241.000000, avanceR = 2.000000, avanceI = 2.000000
inc_x_r = 0.000000, inc_y_r = 1.000000, inc_x_i = 1.000000, inc_y_i = 1.000000
En el else......

----------------------------------------
x = 485.000000, y = 390.000000
avance = -239.000000, avanceR = 2.000000, avanceI = 2.000000
inc_x_r = 0.000000, inc_y_r = 1.000000, inc_x_i = 1.000000, inc_y_i = 1.000000
En el else......

----------------------------------------
x = 485.000000, y = 391.000000
avance = -237.000000, avanceR = 2.000000, avanceI = 2.000000
inc_x_r = 0.000000, inc_y_r = 1.000000, inc_x_i = 1.000000, inc_y_i = 1.000000
En el else......

----------------------------------------
x = 485.000000, y = 392.000000
avance = -235.000000, avanceR = 2.000000, avanceI = 2.000000
inc_x_r = 0.000000, inc_y_r = 1.000000, inc_x_i = 1.000000, inc_y_i = 1.000000
En el else......

----------------------------------------
x = 485.000000, y = 393.000000
avance = -233.000000, avanceR = 2.000000, avanceI = 2.000000
inc_x_r = 0.000000, inc_y_r = 1.000000, inc_x_i = 1.000000, inc_y_i = 1.000000
En el else......

----------------------------------------
x = 485.000000, y = 394.000000
avance = -231.000000, avanceR = 2.000000, avanceI = 2.000000
inc_x_r = 0.000000, inc_y_r = 1.000000, inc_x_i = 1.000000, inc_y_i = 1.000000
En el else......

----------------------------------------
x = 485.000000, y = 395.000000
avance = -229.000000, avanceR = 2.000000, avanceI = 2.000000
inc_x_r = 0.000000, inc_y_r = 1.000000, inc_x_i = 1.000000, inc_y_i = 1.000000
En el else......

----------------------------------------
x = 485.000000, y = 396.000000
avance = -227.000000, avanceR = 2.000000, avanceI = 2.000000
inc_x_r = 0.000000, inc_y_r = 1.000000, inc_x_i = 1.000000, inc_y_i = 1.000000
En el else......

----------------------------------------
x = 485.000000, y = 397.000000
avance = -225.000000, avanceR = 2.000000, avanceI = 2.000000
inc_x_r = 0.000000, inc_y_r = 1.000000, inc_x_i = 1.000000, inc_y_i = 1.000000
En el else......

----------------------------------------
x = 485.000000, y = 398.000000
avance = -223.000000, avanceR = 2.000000, avanceI = 2.000000
inc_x_r = 0.000000, inc_y_r = 1.000000, inc_x_i = 1.000000, inc_y_i = 1.000000
En el else......

----------------------------------------
x = 485.000000, y = 399.000000
avance = -221.000000, avanceR = 2.000000, avanceI = 2.000000
inc_x_r = 0.000000, inc_y_r = 1.000000, inc_x_i = 1.000000, inc_y_i = 1.000000
En el else......

----------------------------------------
hora de salir del bucle mi pana


ENTRAMOS A BRESENHAMªªªª
x1 = 485.000000 - y1 = 385.000000 || x2 = 486.000000 - y2 = 636.000000
dy = 251.000000, dx = 1.000000
avances inclinados: inc_x_i = 1.000000, inc_y_i = 1.000000
updated: dy = 251.000000, dx = 1.000000
avances rectos: inc_x_r = 0.000000, inc_y_r 1.000000
reupdated: dy = 1.000000, dx = 251.000000
avanceR = 2.000000, avance -249.000000, avanceI 2.000000
----------------------------------------
x = 485.000000, y = 385.000000
avance = -249.000000, avanceR = 2.000000, avanceI = 2.000000
inc_x_r = 0.000000, inc_y_r = 1.000000, inc_x_i = 1.000000, inc_y_i = 1.000000
En el else......

----------------------------------------
x = 485.000000, y = 386.000000
avance = -247.000000, avanceR = 2.000000, avanceI = 2.000000
inc_x_r = 0.000000, inc_y_r = 1.000000, inc_x_i = 1.000000, inc_y_i = 1.000000
En el else......

----------------------------------------
x = 485.000000, y = 387.000000
avance = -245.000000, avanceR = 2.000000, avanceI = 2.000000
inc_x_r = 0.000000, inc_y_r = 1.000000, inc_x_i = 1.000000, inc_y_i = 1.000000
En el else......

----------------------------------------
x = 485.000000, y = 388.000000
avance = -243.000000, avanceR = 2.000000, avanceI = 2.000000
inc_x_r = 0.000000, inc_y_r = 1.000000, inc_x_i = 1.000000, inc_y_i = 1.000000
En el else......

----------------------------------------
x = 485.000000, y = 389.000000
avance = -241.000000, avanceR = 2.000000, avanceI = 2.000000
inc_x_r = 0.000000, inc_y_r = 1.000000, inc_x_i = 1.000000, inc_y_i = 1.000000
En el else......

----------------------------------------
x = 485.000000, y = 390.000000
avance = -239.000000, avanceR = 2.000000, avanceI = 2.000000
inc_x_r = 0.000000, inc_y_r = 1.000000, inc_x_i = 1.000000, inc_y_i = 1.000000
En el else......

----------------------------------------
x = 485.000000, y = 391.000000
avance = -237.000000, avanceR = 2.000000, avanceI = 2.000000
inc_x_r = 0.000000, inc_y_r = 1.000000, inc_x_i = 1.000000, inc_y_i = 1.000000
En el else......

----------------------------------------
x = 485.000000, y = 392.000000
avance = -235.000000, avanceR = 2.000000, avanceI = 2.000000
inc_x_r = 0.000000, inc_y_r = 1.000000, inc_x_i = 1.000000, inc_y_i = 1.000000
En el else......

----------------------------------------
x = 485.000000, y = 393.000000
avance = -233.000000, avanceR = 2.000000, avanceI = 2.000000
inc_x_r = 0.000000, inc_y_r = 1.000000, inc_x_i = 1.000000, inc_y_i = 1.000000
En el else......

----------------------------------------
x = 485.000000, y = 394.000000
avance = -231.000000, avanceR = 2.000000, avanceI = 2.000000
inc_x_r = 0.000000, inc_y_r = 1.000000, inc_x_i = 1.000000, inc_y_i = 1.000000
En el else......

----------------------------------------
x = 485.000000, y = 395.000000
avance = -229.000000, avanceR = 2.000000, avanceI = 2.000000
inc_x_r = 0.000000, inc_y_r = 1.000000, inc_x_i = 1.000000, inc_y_i = 1.000000
En el else......

----------------------------------------
x = 485.000000, y = 396.000000
avance = -227.000000, avanceR = 2.000000, avanceI = 2.000000
inc_x_r = 0.000000, inc_y_r = 1.000000, inc_x_i = 1.000000, inc_y_i = 1.000000
En el else......

----------------------------------------
x = 485.000000, y = 397.000000
avance = -225.000000, avanceR = 2.000000, avanceI = 2.000000
inc_x_r = 0.000000, inc_y_r = 1.000000, inc_x_i = 1.000000, inc_y_i = 1.000000
En el else......

----------------------------------------
x = 485.000000, y = 398.000000
avance = -223.000000, avanceR = 2.000000, avanceI = 2.000000
inc_x_r = 0.000000, inc_y_r = 1.000000, inc_x_i = 1.000000, inc_y_i = 1.000000
En el else......

----------------------------------------
x = 485.000000, y = 399.000000
avance = -221.000000, avanceR = 2.000000, avanceI = 2.000000
inc_x_r = 0.000000, inc_y_r = 1.000000, inc_x_i = 1.000000, inc_y_i = 1.000000
En el else......

----------------------------------------
hora de salir del bucle mi pana


ENTRAMOS A BRESENHAMªªªª
x1 = 485.000000 - y1 = 385.000000 || x2 = 486.000000 - y2 = 636.000000
dy = 251.000000, dx = 1.000000
avances inclinados: inc_x_i = 1.000000, inc_y_i = 1.000000
updated: dy = 251.000000, dx = 1.000000
avances rectos: inc_x_r = 0.000000, inc_y_r 1.000000
reupdated: dy = 1.000000, dx = 251.000000
avanceR = 2.000000, avance -249.000000, avanceI 2.000000
----------------------------------------
x = 485.000000, y = 385.000000
avance = -249.000000, avanceR = 2.000000, avanceI = 2.000000
inc_x_r = 0.000000, inc_y_r = 1.000000, inc_x_i = 1.000000, inc_y_i = 1.000000
En el else......

----------------------------------------
x = 485.000000, y = 386.000000
avance = -247.000000, avanceR = 2.000000, avanceI = 2.000000
inc_x_r = 0.000000, inc_y_r = 1.000000, inc_x_i = 1.000000, inc_y_i = 1.000000
En el else......

----------------------------------------
x = 485.000000, y = 387.000000
avance = -245.000000, avanceR = 2.000000, avanceI = 2.000000
inc_x_r = 0.000000, inc_y_r = 1.000000, inc_x_i = 1.000000, inc_y_i = 1.000000
En el else......

----------------------------------------
x = 485.000000, y = 388.000000
avance = -243.000000, avanceR = 2.000000, avanceI = 2.000000
inc_x_r = 0.000000, inc_y_r = 1.000000, inc_x_i = 1.000000, inc_y_i = 1.000000
En el else......

----------------------------------------
x = 485.000000, y = 389.000000
avance = -241.000000, avanceR = 2.000000, avanceI = 2.000000
inc_x_r = 0.000000, inc_y_r = 1.000000, inc_x_i = 1.000000, inc_y_i = 1.000000
En el else......

----------------------------------------
x = 485.000000, y = 390.000000
avance = -239.000000, avanceR = 2.000000, avanceI = 2.000000
inc_x_r = 0.000000, inc_y_r = 1.000000, inc_x_i = 1.000000, inc_y_i = 1.000000
En el else......

----------------------------------------
x = 485.000000, y = 391.000000
avance = -237.000000, avanceR = 2.000000, avanceI = 2.000000
inc_x_r = 0.000000, inc_y_r = 1.000000, inc_x_i = 1.000000, inc_y_i = 1.000000
En el else......

----------------------------------------
x = 485.000000, y = 392.000000
avance = -235.000000, avanceR = 2.000000, avanceI = 2.000000
inc_x_r = 0.000000, inc_y_r = 1.000000, inc_x_i = 1.000000, inc_y_i = 1.000000
En el else......

----------------------------------------
x = 485.000000, y = 393.000000
avance = -233.000000, avanceR = 2.000000, avanceI = 2.000000
inc_x_r = 0.000000, inc_y_r = 1.000000, inc_x_i = 1.000000, inc_y_i = 1.000000
En el else......

----------------------------------------
x = 485.000000, y = 394.000000
avance = -231.000000, avanceR = 2.000000, avanceI = 2.000000
inc_x_r = 0.000000, inc_y_r = 1.000000, inc_x_i = 1.000000, inc_y_i = 1.000000
En el else......

----------------------------------------
x = 485.000000, y = 395.000000
avance = -229.000000, avanceR = 2.000000, avanceI = 2.000000
inc_x_r = 0.000000, inc_y_r = 1.000000, inc_x_i = 1.000000, inc_y_i = 1.000000
En el else......

----------------------------------------
x = 485.000000, y = 396.000000
avance = -227.000000, avanceR = 2.000000, avanceI = 2.000000
inc_x_r = 0.000000, inc_y_r = 1.000000, inc_x_i = 1.000000, inc_y_i = 1.000000
En el else......

----------------------------------------
x = 485.000000, y = 397.000000
avance = -225.000000, avanceR = 2.000000, avanceI = 2.000000
inc_x_r = 0.000000, inc_y_r = 1.000000, inc_x_i = 1.000000, inc_y_i = 1.000000
En el else......

----------------------------------------
x = 485.000000, y = 398.000000
avance = -223.000000, avanceR = 2.000000, avanceI = 2.000000
inc_x_r = 0.000000, inc_y_r = 1.000000, inc_x_i = 1.000000, inc_y_i = 1.000000
En el else......

----------------------------------------
x = 485.000000, y = 399.000000
avance = -221.000000, avanceR = 2.000000, avanceI = 2.000000
inc_x_r = 0.000000, inc_y_r = 1.000000, inc_x_i = 1.000000, inc_y_i = 1.000000
En el else......

----------------------------------------
hora de salir del bucle mi pana


ENTRAMOS A BRESENHAMªªªª
x1 = 485.000000 - y1 = 385.000000 || x2 = 486.000000 - y2 = 636.000000
dy = 251.000000, dx = 1.000000
avances inclinados: inc_x_i = 1.000000, inc_y_i = 1.000000
updated: dy = 251.000000, dx = 1.000000
avances rectos: inc_x_r = 0.000000, inc_y_r 1.000000
reupdated: dy = 1.000000, dx = 251.000000
avanceR = 2.000000, avance -249.000000, avanceI 2.000000
----------------------------------------
x = 485.000000, y = 385.000000
avance = -249.000000, avanceR = 2.000000, avanceI = 2.000000
inc_x_r = 0.000000, inc_y_r = 1.000000, inc_x_i = 1.000000, inc_y_i = 1.000000
En el else......

----------------------------------------
x = 485.000000, y = 386.000000
avance = -247.000000, avanceR = 2.000000, avanceI = 2.000000
inc_x_r = 0.000000, inc_y_r = 1.000000, inc_x_i = 1.000000, inc_y_i = 1.000000
En el else......

----------------------------------------
x = 485.000000, y = 387.000000
avance = -245.000000, avanceR = 2.000000, avanceI = 2.000000
inc_x_r = 0.000000, inc_y_r = 1.000000, inc_x_i = 1.000000, inc_y_i = 1.000000
En el else......

----------------------------------------
x = 485.000000, y = 388.000000
avance = -243.000000, avanceR = 2.000000, avanceI = 2.000000
inc_x_r = 0.000000, inc_y_r = 1.000000, inc_x_i = 1.000000, inc_y_i = 1.000000
En el else......

----------------------------------------
x = 485.000000, y = 389.000000
avance = -241.000000, avanceR = 2.000000, avanceI = 2.000000
inc_x_r = 0.000000, inc_y_r = 1.000000, inc_x_i = 1.000000, inc_y_i = 1.000000
En el else......

----------------------------------------
x = 485.000000, y = 390.000000
avance = -239.000000, avanceR = 2.000000, avanceI = 2.000000
inc_x_r = 0.000000, inc_y_r = 1.000000, inc_x_i = 1.000000, inc_y_i = 1.000000
En el else......

----------------------------------------
x = 485.000000, y = 391.000000
avance = -237.000000, avanceR = 2.000000, avanceI = 2.000000
inc_x_r = 0.000000, inc_y_r = 1.000000, inc_x_i = 1.000000, inc_y_i = 1.000000
En el else......

----------------------------------------
x = 485.000000, y = 392.000000
avance = -235.000000, avanceR = 2.000000, avanceI = 2.000000
inc_x_r = 0.000000, inc_y_r = 1.000000, inc_x_i = 1.000000, inc_y_i = 1.000000
En el else......

----------------------------------------
x = 485.000000, y = 393.000000
avance = -233.000000, avanceR = 2.000000, avanceI = 2.000000
inc_x_r = 0.000000, inc_y_r = 1.000000, inc_x_i = 1.000000, inc_y_i = 1.000000
En el else......

----------------------------------------
x = 485.000000, y = 394.000000
avance = -231.000000, avanceR = 2.000000, avanceI = 2.000000
inc_x_r = 0.000000, inc_y_r = 1.000000, inc_x_i = 1.000000, inc_y_i = 1.000000
En el else......

----------------------------------------
x = 485.000000, y = 395.000000
avance = -229.000000, avanceR = 2.000000, avanceI = 2.000000
inc_x_r = 0.000000, inc_y_r = 1.000000, inc_x_i = 1.000000, inc_y_i = 1.000000
En el else......

----------------------------------------
x = 485.000000, y = 396.000000
avance = -227.000000, avanceR = 2.000000, avanceI = 2.000000
inc_x_r = 0.000000, inc_y_r = 1.000000, inc_x_i = 1.000000, inc_y_i = 1.000000
En el else......

----------------------------------------
x = 485.000000, y = 397.000000
avance = -225.000000, avanceR = 2.000000, avanceI = 2.000000
inc_x_r = 0.000000, inc_y_r = 1.000000, inc_x_i = 1.000000, inc_y_i = 1.000000
En el else......

----------------------------------------
x = 485.000000, y = 398.000000
avance = -223.000000, avanceR = 2.000000, avanceI = 2.000000
inc_x_r = 0.000000, inc_y_r = 1.000000, inc_x_i = 1.000000, inc_y_i = 1.000000
En el else......

----------------------------------------
x = 485.000000, y = 399.000000
avance = -221.000000, avanceR = 2.000000, avanceI = 2.000000
inc_x_r = 0.000000, inc_y_r = 1.000000, inc_x_i = 1.000000, inc_y_i = 1.000000
En el else......

----------------------------------------
hora de salir del bucle mi pana


ENTRAMOS A BRESENHAMªªªª
x1 = 485.000000 - y1 = 385.000000 || x2 = 486.000000 - y2 = 636.000000
dy = 251.000000, dx = 1.000000
avances inclinados: inc_x_i = 1.000000, inc_y_i = 1.000000
updated: dy = 251.000000, dx = 1.000000
avances rectos: inc_x_r = 0.000000, inc_y_r 1.000000
reupdated: dy = 1.000000, dx = 251.000000
avanceR = 2.000000, avance -249.000000, avanceI 2.000000
----------------------------------------
x = 485.000000, y = 385.000000
avance = -249.000000, avanceR = 2.000000, avanceI = 2.000000
inc_x_r = 0.000000, inc_y_r = 1.000000, inc_x_i = 1.000000, inc_y_i = 1.000000
En el else......

----------------------------------------
x = 485.000000, y = 386.000000
avance = -247.000000, avanceR = 2.000000, avanceI = 2.000000
inc_x_r = 0.000000, inc_y_r = 1.000000, inc_x_i = 1.000000, inc_y_i = 1.000000
En el else......

----------------------------------------
x = 485.000000, y = 387.000000
avance = -245.000000, avanceR = 2.000000, avanceI = 2.000000
inc_x_r = 0.000000, inc_y_r = 1.000000, inc_x_i = 1.000000, inc_y_i = 1.000000
En el else......

----------------------------------------
x = 485.000000, y = 388.000000
avance = -243.000000, avanceR = 2.000000, avanceI = 2.000000
inc_x_r = 0.000000, inc_y_r = 1.000000, inc_x_i = 1.000000, inc_y_i = 1.000000
En el else......

----------------------------------------
x = 485.000000, y = 389.000000
avance = -241.000000, avanceR = 2.000000, avanceI = 2.000000
inc_x_r = 0.000000, inc_y_r = 1.000000, inc_x_i = 1.000000, inc_y_i = 1.000000
En el else......

----------------------------------------
x = 485.000000, y = 390.000000
avance = -239.000000, avanceR = 2.000000, avanceI = 2.000000
inc_x_r = 0.000000, inc_y_r = 1.000000, inc_x_i = 1.000000, inc_y_i = 1.000000
En el else......

----------------------------------------
x = 485.000000, y = 391.000000
avance = -237.000000, avanceR = 2.000000, avanceI = 2.000000
inc_x_r = 0.000000, inc_y_r = 1.000000, inc_x_i = 1.000000, inc_y_i = 1.000000
En el else......

----------------------------------------
x = 485.000000, y = 392.000000
avance = -235.000000, avanceR = 2.000000, avanceI = 2.000000
inc_x_r = 0.000000, inc_y_r = 1.000000, inc_x_i = 1.000000, inc_y_i = 1.000000
En el else......

----------------------------------------
x = 485.000000, y = 393.000000
avance = -233.000000, avanceR = 2.000000, avanceI = 2.000000
inc_x_r = 0.000000, inc_y_r = 1.000000, inc_x_i = 1.000000, inc_y_i = 1.000000
En el else......

----------------------------------------
x = 485.000000, y = 394.000000
avance = -231.000000, avanceR = 2.000000, avanceI = 2.000000
inc_x_r = 0.000000, inc_y_r = 1.000000, inc_x_i = 1.000000, inc_y_i = 1.000000
En el else......

----------------------------------------
x = 485.000000, y = 395.000000
avance = -229.000000, avanceR = 2.000000, avanceI = 2.000000
inc_x_r = 0.000000, inc_y_r = 1.000000, inc_x_i = 1.000000, inc_y_i = 1.000000
En el else......

----------------------------------------
x = 485.000000, y = 396.000000
avance = -227.000000, avanceR = 2.000000, avanceI = 2.000000
inc_x_r = 0.000000, inc_y_r = 1.000000, inc_x_i = 1.000000, inc_y_i = 1.000000
En el else......

----------------------------------------
x = 485.000000, y = 397.000000
avance = -225.000000, avanceR = 2.000000, avanceI = 2.000000
inc_x_r = 0.000000, inc_y_r = 1.000000, inc_x_i = 1.000000, inc_y_i = 1.000000
En el else......

----------------------------------------
x = 485.000000, y = 398.000000
avance = -223.000000, avanceR = 2.000000, avanceI = 2.000000
inc_x_r = 0.000000, inc_y_r = 1.000000, inc_x_i = 1.000000, inc_y_i = 1.000000
En el else......

----------------------------------------
x = 485.000000, y = 399.000000
avance = -221.000000, avanceR = 2.000000, avanceI = 2.000000
inc_x_r = 0.000000, inc_y_r = 1.000000, inc_x_i = 1.000000, inc_y_i = 1.000000
En el else......

----------------------------------------
hora de salir del bucle mi pana


ENTRAMOS A BRESENHAMªªªª
x1 = 485.000000 - y1 = 385.000000 || x2 = 486.000000 - y2 = 636.000000
dy = 251.000000, dx = 1.000000
avances inclinados: inc_x_i = 1.000000, inc_y_i = 1.000000
updated: dy = 251.000000, dx = 1.000000
avances rectos: inc_x_r = 0.000000, inc_y_r 1.000000
reupdated: dy = 1.000000, dx = 251.000000
avanceR = 2.000000, avance -249.000000, avanceI 2.000000
----------------------------------------
x = 485.000000, y = 385.000000
avance = -249.000000, avanceR = 2.000000, avanceI = 2.000000
inc_x_r = 0.000000, inc_y_r = 1.000000, inc_x_i = 1.000000, inc_y_i = 1.000000
En el else......

----------------------------------------
x = 485.000000, y = 386.000000
avance = -247.000000, avanceR = 2.000000, avanceI = 2.000000
inc_x_r = 0.000000, inc_y_r = 1.000000, inc_x_i = 1.000000, inc_y_i = 1.000000
En el else......

----------------------------------------
x = 485.000000, y = 387.000000
avance = -245.000000, avanceR = 2.000000, avanceI = 2.000000
inc_x_r = 0.000000, inc_y_r = 1.000000, inc_x_i = 1.000000, inc_y_i = 1.000000
En el else......

----------------------------------------
x = 485.000000, y = 388.000000
avance = -243.000000, avanceR = 2.000000, avanceI = 2.000000
inc_x_r = 0.000000, inc_y_r = 1.000000, inc_x_i = 1.000000, inc_y_i = 1.000000
En el else......

----------------------------------------
x = 485.000000, y = 389.000000
avance = -241.000000, avanceR = 2.000000, avanceI = 2.000000
inc_x_r = 0.000000, inc_y_r = 1.000000, inc_x_i = 1.000000, inc_y_i = 1.000000
En el else......

----------------------------------------
x = 485.000000, y = 390.000000
avance = -239.000000, avanceR = 2.000000, avanceI = 2.000000
inc_x_r = 0.000000, inc_y_r = 1.000000, inc_x_i = 1.000000, inc_y_i = 1.000000
En el else......

----------------------------------------
x = 485.000000, y = 391.000000
avance = -237.000000, avanceR = 2.000000, avanceI = 2.000000
inc_x_r = 0.000000, inc_y_r = 1.000000, inc_x_i = 1.000000, inc_y_i = 1.000000
En el else......

----------------------------------------
x = 485.000000, y = 392.000000
avance = -235.000000, avanceR = 2.000000, avanceI = 2.000000
inc_x_r = 0.000000, inc_y_r = 1.000000, inc_x_i = 1.000000, inc_y_i = 1.000000
En el else......

----------------------------------------
x = 485.000000, y = 393.000000
avance = -233.000000, avanceR = 2.000000, avanceI = 2.000000
inc_x_r = 0.000000, inc_y_r = 1.000000, inc_x_i = 1.000000, inc_y_i = 1.000000
En el else......

----------------------------------------
x = 485.000000, y = 394.000000
avance = -231.000000, avanceR = 2.000000, avanceI = 2.000000
inc_x_r = 0.000000, inc_y_r = 1.000000, inc_x_i = 1.000000, inc_y_i = 1.000000
En el else......

----------------------------------------
x = 485.000000, y = 395.000000
avance = -229.000000, avanceR = 2.000000, avanceI = 2.000000
inc_x_r = 0.000000, inc_y_r = 1.000000, inc_x_i = 1.000000, inc_y_i = 1.000000
En el else......

----------------------------------------
x = 485.000000, y = 396.000000
avance = -227.000000, avanceR = 2.000000, avanceI = 2.000000
inc_x_r = 0.000000, inc_y_r = 1.000000, inc_x_i = 1.000000, inc_y_i = 1.000000
En el else......

----------------------------------------
x = 485.000000, y = 397.000000
avance = -225.000000, avanceR = 2.000000, avanceI = 2.000000
inc_x_r = 0.000000, inc_y_r = 1.000000, inc_x_i = 1.000000, inc_y_i = 1.000000
En el else......

----------------------------------------
x = 485.000000, y = 398.000000
avance = -223.000000, avanceR = 2.000000, avanceI = 2.000000
inc_x_r = 0.000000, inc_y_r = 1.000000, inc_x_i = 1.000000, inc_y_i = 1.000000
En el else......

----------------------------------------
x = 485.000000, y = 399.000000
avance = -221.000000, avanceR = 2.000000, avanceI = 2.000000
inc_x_r = 0.000000, inc_y_r = 1.000000, inc_x_i = 1.000000, inc_y_i = 1.000000
En el else......

----------------------------------------
hora de salir del bucle mi pana


ENTRAMOS A BRESENHAMªªªª
x1 = 485.000000 - y1 = 385.000000 || x2 = 486.000000 - y2 = 636.000000
dy = 251.000000, dx = 1.000000
avances inclinados: inc_x_i = 1.000000, inc_y_i = 1.000000
updated: dy = 251.000000, dx = 1.000000
avances rectos: inc_x_r = 0.000000, inc_y_r 1.000000
reupdated: dy = 1.000000, dx = 251.000000
avanceR = 2.000000, avance -249.000000, avanceI 2.000000
----------------------------------------
x = 485.000000, y = 385.000000
avance = -249.000000, avanceR = 2.000000, avanceI = 2.000000
inc_x_r = 0.000000, inc_y_r = 1.000000, inc_x_i = 1.000000, inc_y_i = 1.000000
En el else......

----------------------------------------
x = 485.000000, y = 386.000000
avance = -247.000000, avanceR = 2.000000, avanceI = 2.000000
inc_x_r = 0.000000, inc_y_r = 1.000000, inc_x_i = 1.000000, inc_y_i = 1.000000
En el else......

----------------------------------------
x = 485.000000, y = 387.000000
avance = -245.000000, avanceR = 2.000000, avanceI = 2.000000
inc_x_r = 0.000000, inc_y_r = 1.000000, inc_x_i = 1.000000, inc_y_i = 1.000000
En el else......

----------------------------------------
x = 485.000000, y = 388.000000
avance = -243.000000, avanceR = 2.000000, avanceI = 2.000000
inc_x_r = 0.000000, inc_y_r = 1.000000, inc_x_i = 1.000000, inc_y_i = 1.000000
En el else......

----------------------------------------
x = 485.000000, y = 389.000000
avance = -241.000000, avanceR = 2.000000, avanceI = 2.000000
inc_x_r = 0.000000, inc_y_r = 1.000000, inc_x_i = 1.000000, inc_y_i = 1.000000
En el else......

----------------------------------------
x = 485.000000, y = 390.000000
avance = -239.000000, avanceR = 2.000000, avanceI = 2.000000
inc_x_r = 0.000000, inc_y_r = 1.000000, inc_x_i = 1.000000, inc_y_i = 1.000000
En el else......

----------------------------------------
x = 485.000000, y = 391.000000
avance = -237.000000, avanceR = 2.000000, avanceI = 2.000000
inc_x_r = 0.000000, inc_y_r = 1.000000, inc_x_i = 1.000000, inc_y_i = 1.000000
En el else......

----------------------------------------
x = 485.000000, y = 392.000000
avance = -235.000000, avanceR = 2.000000, avanceI = 2.000000
inc_x_r = 0.000000, inc_y_r = 1.000000, inc_x_i = 1.000000, inc_y_i = 1.000000
En el else......

----------------------------------------
x = 485.000000, y = 393.000000
avance = -233.000000, avanceR = 2.000000, avanceI = 2.000000
inc_x_r = 0.000000, inc_y_r = 1.000000, inc_x_i = 1.000000, inc_y_i = 1.000000
En el else......

----------------------------------------
x = 485.000000, y = 394.000000
avance = -231.000000, avanceR = 2.000000, avanceI = 2.000000
inc_x_r = 0.000000, inc_y_r = 1.000000, inc_x_i = 1.000000, inc_y_i = 1.000000
En el else......

----------------------------------------
x = 485.000000, y = 395.000000
avance = -229.000000, avanceR = 2.000000, avanceI = 2.000000
inc_x_r = 0.000000, inc_y_r = 1.000000, inc_x_i = 1.000000, inc_y_i = 1.000000
En el else......

----------------------------------------
x = 485.000000, y = 396.000000
avance = -227.000000, avanceR = 2.000000, avanceI = 2.000000
inc_x_r = 0.000000, inc_y_r = 1.000000, inc_x_i = 1.000000, inc_y_i = 1.000000
En el else......

----------------------------------------
x = 485.000000, y = 397.000000
avance = -225.000000, avanceR = 2.000000, avanceI = 2.000000
inc_x_r = 0.000000, inc_y_r = 1.000000, inc_x_i = 1.000000, inc_y_i = 1.000000
En el else......

----------------------------------------
x = 485.000000, y = 398.000000
avance = -223.000000, avanceR = 2.000000, avanceI = 2.000000
inc_x_r = 0.000000, inc_y_r = 1.000000, inc_x_i = 1.000000, inc_y_i = 1.000000
En el else......

----------------------------------------
x = 485.000000, y = 399.000000
avance = -221.000000, avanceR = 2.000000, avanceI = 2.000000
inc_x_r = 0.000000, inc_y_r = 1.000000, inc_x_i = 1.000000, inc_y_i = 1.000000
En el else......

----------------------------------------
hora de salir del bucle mi pana


ENTRAMOS A BRESENHAMªªªª
x1 = 485.000000 - y1 = 385.000000 || x2 = 486.000000 - y2 = 636.000000
dy = 251.000000, dx = 1.000000
avances inclinados: inc_x_i = 1.000000, inc_y_i = 1.000000
updated: dy = 251.000000, dx = 1.000000
avances rectos: inc_x_r = 0.000000, inc_y_r 1.000000
reupdated: dy = 1.000000, dx = 251.000000
avanceR = 2.000000, avance -249.000000, avanceI 2.000000
----------------------------------------
x = 485.000000, y = 385.000000
avance = -249.000000, avanceR = 2.000000, avanceI = 2.000000
inc_x_r = 0.000000, inc_y_r = 1.000000, inc_x_i = 1.000000, inc_y_i = 1.000000
En el else......

----------------------------------------
x = 485.000000, y = 386.000000
avance = -247.000000, avanceR = 2.000000, avanceI = 2.000000
inc_x_r = 0.000000, inc_y_r = 1.000000, inc_x_i = 1.000000, inc_y_i = 1.000000
En el else......

----------------------------------------
x = 485.000000, y = 387.000000
avance = -245.000000, avanceR = 2.000000, avanceI = 2.000000
inc_x_r = 0.000000, inc_y_r = 1.000000, inc_x_i = 1.000000, inc_y_i = 1.000000
En el else......

----------------------------------------
x = 485.000000, y = 388.000000
avance = -243.000000, avanceR = 2.000000, avanceI = 2.000000
inc_x_r = 0.000000, inc_y_r = 1.000000, inc_x_i = 1.000000, inc_y_i = 1.000000
En el else......

----------------------------------------
x = 485.000000, y = 389.000000
avance = -241.000000, avanceR = 2.000000, avanceI = 2.000000
inc_x_r = 0.000000, inc_y_r = 1.000000, inc_x_i = 1.000000, inc_y_i = 1.000000
En el else......

----------------------------------------
x = 485.000000, y = 390.000000
avance = -239.000000, avanceR = 2.000000, avanceI = 2.000000
inc_x_r = 0.000000, inc_y_r = 1.000000, inc_x_i = 1.000000, inc_y_i = 1.000000
En el else......

----------------------------------------
x = 485.000000, y = 391.000000
avance = -237.000000, avanceR = 2.000000, avanceI = 2.000000
inc_x_r = 0.000000, inc_y_r = 1.000000, inc_x_i = 1.000000, inc_y_i = 1.000000
En el else......

----------------------------------------
x = 485.000000, y = 392.000000
avance = -235.000000, avanceR = 2.000000, avanceI = 2.000000
inc_x_r = 0.000000, inc_y_r = 1.000000, inc_x_i = 1.000000, inc_y_i = 1.000000
En el else......

----------------------------------------
x = 485.000000, y = 393.000000
avance = -233.000000, avanceR = 2.000000, avanceI = 2.000000
inc_x_r = 0.000000, inc_y_r = 1.000000, inc_x_i = 1.000000, inc_y_i = 1.000000
En el else......

----------------------------------------
x = 485.000000, y = 394.000000
avance = -231.000000, avanceR = 2.000000, avanceI = 2.000000
inc_x_r = 0.000000, inc_y_r = 1.000000, inc_x_i = 1.000000, inc_y_i = 1.000000
En el else......

----------------------------------------
x = 485.000000, y = 395.000000
avance = -229.000000, avanceR = 2.000000, avanceI = 2.000000
inc_x_r = 0.000000, inc_y_r = 1.000000, inc_x_i = 1.000000, inc_y_i = 1.000000
En el else......

----------------------------------------
x = 485.000000, y = 396.000000
avance = -227.000000, avanceR = 2.000000, avanceI = 2.000000
inc_x_r = 0.000000, inc_y_r = 1.000000, inc_x_i = 1.000000, inc_y_i = 1.000000
En el else......

----------------------------------------
x = 485.000000, y = 397.000000
avance = -225.000000, avanceR = 2.000000, avanceI = 2.000000
inc_x_r = 0.000000, inc_y_r = 1.000000, inc_x_i = 1.000000, inc_y_i = 1.000000
En el else......

----------------------------------------
x = 485.000000, y = 398.000000
avance = -223.000000, avanceR = 2.000000, avanceI = 2.000000
inc_x_r = 0.000000, inc_y_r = 1.000000, inc_x_i = 1.000000, inc_y_i = 1.000000
En el else......

----------------------------------------
x = 485.000000, y = 399.000000
avance = -221.000000, avanceR = 2.000000, avanceI = 2.000000
inc_x_r = 0.000000, inc_y_r = 1.000000, inc_x_i = 1.000000, inc_y_i = 1.000000
En el else......

----------------------------------------
hora de salir del bucle mi pana


ENTRAMOS A BRESENHAMªªªª
x1 = 485.000000 - y1 = 385.000000 || x2 = 486.000000 - y2 = 636.000000
dy = 251.000000, dx = 1.000000
avances inclinados: inc_x_i = 1.000000, inc_y_i = 1.000000
updated: dy = 251.000000, dx = 1.000000
avances rectos: inc_x_r = 0.000000, inc_y_r 1.000000
reupdated: dy = 1.000000, dx = 251.000000
avanceR = 2.000000, avance -249.000000, avanceI 2.000000
----------------------------------------
x = 485.000000, y = 385.000000
avance = -249.000000, avanceR = 2.000000, avanceI = 2.000000
inc_x_r = 0.000000, inc_y_r = 1.000000, inc_x_i = 1.000000, inc_y_i = 1.000000
En el else......

----------------------------------------
x = 485.000000, y = 386.000000
avance = -247.000000, avanceR = 2.000000, avanceI = 2.000000
inc_x_r = 0.000000, inc_y_r = 1.000000, inc_x_i = 1.000000, inc_y_i = 1.000000
En el else......

----------------------------------------
x = 485.000000, y = 387.000000
avance = -245.000000, avanceR = 2.000000, avanceI = 2.000000
inc_x_r = 0.000000, inc_y_r = 1.000000, inc_x_i = 1.000000, inc_y_i = 1.000000
En el else......

----------------------------------------
x = 485.000000, y = 388.000000
avance = -243.000000, avanceR = 2.000000, avanceI = 2.000000
inc_x_r = 0.000000, inc_y_r = 1.000000, inc_x_i = 1.000000, inc_y_i = 1.000000
En el else......

----------------------------------------
x = 485.000000, y = 389.000000
avance = -241.000000, avanceR = 2.000000, avanceI = 2.000000
inc_x_r = 0.000000, inc_y_r = 1.000000, inc_x_i = 1.000000, inc_y_i = 1.000000
En el else......

----------------------------------------
x = 485.000000, y = 390.000000
avance = -239.000000, avanceR = 2.000000, avanceI = 2.000000
inc_x_r = 0.000000, inc_y_r = 1.000000, inc_x_i = 1.000000, inc_y_i = 1.000000
En el else......

----------------------------------------
x = 485.000000, y = 391.000000
avance = -237.000000, avanceR = 2.000000, avanceI = 2.000000
inc_x_r = 0.000000, inc_y_r = 1.000000, inc_x_i = 1.000000, inc_y_i = 1.000000
En el else......

----------------------------------------
x = 485.000000, y = 392.000000
avance = -235.000000, avanceR = 2.000000, avanceI = 2.000000
inc_x_r = 0.000000, inc_y_r = 1.000000, inc_x_i = 1.000000, inc_y_i = 1.000000
En el else......

----------------------------------------
x = 485.000000, y = 393.000000
avance = -233.000000, avanceR = 2.000000, avanceI = 2.000000
inc_x_r = 0.000000, inc_y_r = 1.000000, inc_x_i = 1.000000, inc_y_i = 1.000000
En el else......

----------------------------------------
x = 485.000000, y = 394.000000
avance = -231.000000, avanceR = 2.000000, avanceI = 2.000000
inc_x_r = 0.000000, inc_y_r = 1.000000, inc_x_i = 1.000000, inc_y_i = 1.000000
En el else......

----------------------------------------
x = 485.000000, y = 395.000000
avance = -229.000000, avanceR = 2.000000, avanceI = 2.000000
inc_x_r = 0.000000, inc_y_r = 1.000000, inc_x_i = 1.000000, inc_y_i = 1.000000
En el else......

----------------------------------------
x = 485.000000, y = 396.000000
avance = -227.000000, avanceR = 2.000000, avanceI = 2.000000
inc_x_r = 0.000000, inc_y_r = 1.000000, inc_x_i = 1.000000, inc_y_i = 1.000000
En el else......

----------------------------------------
x = 485.000000, y = 397.000000
avance = -225.000000, avanceR = 2.000000, avanceI = 2.000000
inc_x_r = 0.000000, inc_y_r = 1.000000, inc_x_i = 1.000000, inc_y_i = 1.000000
En el else......

----------------------------------------
x = 485.000000, y = 398.000000
avance = -223.000000, avanceR = 2.000000, avanceI = 2.000000
inc_x_r = 0.000000, inc_y_r = 1.000000, inc_x_i = 1.000000, inc_y_i = 1.000000
En el else......

----------------------------------------
x = 485.000000, y = 399.000000
avance = -221.000000, avanceR = 2.000000, avanceI = 2.000000
inc_x_r = 0.000000, inc_y_r = 1.000000, inc_x_i = 1.000000, inc_y_i = 1.000000
En el else......

----------------------------------------
hora de salir del bucle mi pana


ENTRAMOS A BRESENHAMªªªª
x1 = 485.000000 - y1 = 385.000000 || x2 = 486.000000 - y2 = 636.000000
dy = 251.000000, dx = 1.000000
avances inclinados: inc_x_i = 1.000000, inc_y_i = 1.000000
updated: dy = 251.000000, dx = 1.000000
avances rectos: inc_x_r = 0.000000, inc_y_r 1.000000
reupdated: dy = 1.000000, dx = 251.000000
avanceR = 2.000000, avance -249.000000, avanceI 2.000000
----------------------------------------
x = 485.000000, y = 385.000000
avance = -249.000000, avanceR = 2.000000, avanceI = 2.000000
inc_x_r = 0.000000, inc_y_r = 1.000000, inc_x_i = 1.000000, inc_y_i = 1.000000
En el else......

----------------------------------------
x = 485.000000, y = 386.000000
avance = -247.000000, avanceR = 2.000000, avanceI = 2.000000
inc_x_r = 0.000000, inc_y_r = 1.000000, inc_x_i = 1.000000, inc_y_i = 1.000000
En el else......

----------------------------------------
x = 485.000000, y = 387.000000
avance = -245.000000, avanceR = 2.000000, avanceI = 2.000000
inc_x_r = 0.000000, inc_y_r = 1.000000, inc_x_i = 1.000000, inc_y_i = 1.000000
En el else......

----------------------------------------
x = 485.000000, y = 388.000000
avance = -243.000000, avanceR = 2.000000, avanceI = 2.000000
inc_x_r = 0.000000, inc_y_r = 1.000000, inc_x_i = 1.000000, inc_y_i = 1.000000
En el else......

----------------------------------------
x = 485.000000, y = 389.000000
avance = -241.000000, avanceR = 2.000000, avanceI = 2.000000
inc_x_r = 0.000000, inc_y_r = 1.000000, inc_x_i = 1.000000, inc_y_i = 1.000000
En el else......

----------------------------------------
x = 485.000000, y = 390.000000
avance = -239.000000, avanceR = 2.000000, avanceI = 2.000000
inc_x_r = 0.000000, inc_y_r = 1.000000, inc_x_i = 1.000000, inc_y_i = 1.000000
En el else......

----------------------------------------
x = 485.000000, y = 391.000000
avance = -237.000000, avanceR = 2.000000, avanceI = 2.000000
inc_x_r = 0.000000, inc_y_r = 1.000000, inc_x_i = 1.000000, inc_y_i = 1.000000
En el else......

----------------------------------------
x = 485.000000, y = 392.000000
avance = -235.000000, avanceR = 2.000000, avanceI = 2.000000
inc_x_r = 0.000000, inc_y_r = 1.000000, inc_x_i = 1.000000, inc_y_i = 1.000000
En el else......

----------------------------------------
x = 485.000000, y = 393.000000
avance = -233.000000, avanceR = 2.000000, avanceI = 2.000000
inc_x_r = 0.000000, inc_y_r = 1.000000, inc_x_i = 1.000000, inc_y_i = 1.000000
En el else......

----------------------------------------
x = 485.000000, y = 394.000000
avance = -231.000000, avanceR = 2.000000, avanceI = 2.000000
inc_x_r = 0.000000, inc_y_r = 1.000000, inc_x_i = 1.000000, inc_y_i = 1.000000
En el else......

----------------------------------------
x = 485.000000, y = 395.000000
avance = -229.000000, avanceR = 2.000000, avanceI = 2.000000
inc_x_r = 0.000000, inc_y_r = 1.000000, inc_x_i = 1.000000, inc_y_i = 1.000000
En el else......

----------------------------------------
x = 485.000000, y = 396.000000
avance = -227.000000, avanceR = 2.000000, avanceI = 2.000000
inc_x_r = 0.000000, inc_y_r = 1.000000, inc_x_i = 1.000000, inc_y_i = 1.000000
En el else......

----------------------------------------
x = 485.000000, y = 397.000000
avance = -225.000000, avanceR = 2.000000, avanceI = 2.000000
inc_x_r = 0.000000, inc_y_r = 1.000000, inc_x_i = 1.000000, inc_y_i = 1.000000
En el else......

----------------------------------------
x = 485.000000, y = 398.000000
avance = -223.000000, avanceR = 2.000000, avanceI = 2.000000
inc_x_r = 0.000000, inc_y_r = 1.000000, inc_x_i = 1.000000, inc_y_i = 1.000000
En el else......

----------------------------------------
x = 485.000000, y = 399.000000
avance = -221.000000, avanceR = 2.000000, avanceI = 2.000000
inc_x_r = 0.000000, inc_y_r = 1.000000, inc_x_i = 1.000000, inc_y_i = 1.000000
En el else......

----------------------------------------
hora de salir del bucle mi pana


ENTRAMOS A BRESENHAMªªªª
x1 = 485.000000 - y1 = 385.000000 || x2 = 486.000000 - y2 = 636.000000
dy = 251.000000, dx = 1.000000
avances inclinados: inc_x_i = 1.000000, inc_y_i = 1.000000
updated: dy = 251.000000, dx = 1.000000
avances rectos: inc_x_r = 0.000000, inc_y_r 1.000000
reupdated: dy = 1.000000, dx = 251.000000
avanceR = 2.000000, avance -249.000000, avanceI 2.000000
----------------------------------------
x = 485.000000, y = 385.000000
avance = -249.000000, avanceR = 2.000000, avanceI = 2.000000
inc_x_r = 0.000000, inc_y_r = 1.000000, inc_x_i = 1.000000, inc_y_i = 1.000000
En el else......

----------------------------------------
x = 485.000000, y = 386.000000
avance = -247.000000, avanceR = 2.000000, avanceI = 2.000000
inc_x_r = 0.000000, inc_y_r = 1.000000, inc_x_i = 1.000000, inc_y_i = 1.000000
En el else......

----------------------------------------
x = 485.000000, y = 387.000000
avance = -245.000000, avanceR = 2.000000, avanceI = 2.000000
inc_x_r = 0.000000, inc_y_r = 1.000000, inc_x_i = 1.000000, inc_y_i = 1.000000
En el else......

----------------------------------------
x = 485.000000, y = 388.000000
avance = -243.000000, avanceR = 2.000000, avanceI = 2.000000
inc_x_r = 0.000000, inc_y_r = 1.000000, inc_x_i = 1.000000, inc_y_i = 1.000000
En el else......

----------------------------------------
x = 485.000000, y = 389.000000
avance = -241.000000, avanceR = 2.000000, avanceI = 2.000000
inc_x_r = 0.000000, inc_y_r = 1.000000, inc_x_i = 1.000000, inc_y_i = 1.000000
En el else......

----------------------------------------
x = 485.000000, y = 390.000000
avance = -239.000000, avanceR = 2.000000, avanceI = 2.000000
inc_x_r = 0.000000, inc_y_r = 1.000000, inc_x_i = 1.000000, inc_y_i = 1.000000
En el else......

----------------------------------------
x = 485.000000, y = 391.000000
avance = -237.000000, avanceR = 2.000000, avanceI = 2.000000
inc_x_r = 0.000000, inc_y_r = 1.000000, inc_x_i = 1.000000, inc_y_i = 1.000000
En el else......

----------------------------------------
x = 485.000000, y = 392.000000
avance = -235.000000, avanceR = 2.000000, avanceI = 2.000000
inc_x_r = 0.000000, inc_y_r = 1.000000, inc_x_i = 1.000000, inc_y_i = 1.000000
En el else......

----------------------------------------
x = 485.000000, y = 393.000000
avance = -233.000000, avanceR = 2.000000, avanceI = 2.000000
inc_x_r = 0.000000, inc_y_r = 1.000000, inc_x_i = 1.000000, inc_y_i = 1.000000
En el else......

----------------------------------------
x = 485.000000, y = 394.000000
avance = -231.000000, avanceR = 2.000000, avanceI = 2.000000
inc_x_r = 0.000000, inc_y_r = 1.000000, inc_x_i = 1.000000, inc_y_i = 1.000000
En el else......

----------------------------------------
x = 485.000000, y = 395.000000
avance = -229.000000, avanceR = 2.000000, avanceI = 2.000000
inc_x_r = 0.000000, inc_y_r = 1.000000, inc_x_i = 1.000000, inc_y_i = 1.000000
En el else......

----------------------------------------
x = 485.000000, y = 396.000000
avance = -227.000000, avanceR = 2.000000, avanceI = 2.000000
inc_x_r = 0.000000, inc_y_r = 1.000000, inc_x_i = 1.000000, inc_y_i = 1.000000
En el else......

----------------------------------------
x = 485.000000, y = 397.000000
avance = -225.000000, avanceR = 2.000000, avanceI = 2.000000
inc_x_r = 0.000000, inc_y_r = 1.000000, inc_x_i = 1.000000, inc_y_i = 1.000000
En el else......

----------------------------------------
x = 485.000000, y = 398.000000
avance = -223.000000, avanceR = 2.000000, avanceI = 2.000000
inc_x_r = 0.000000, inc_y_r = 1.000000, inc_x_i = 1.000000, inc_y_i = 1.000000
En el else......

----------------------------------------
x = 485.000000, y = 399.000000
avance = -221.000000, avanceR = 2.000000, avanceI = 2.000000
inc_x_r = 0.000000, inc_y_r = 1.000000, inc_x_i = 1.000000, inc_y_i = 1.000000
En el else......

----------------------------------------
hora de salir del bucle mi pana


ENTRAMOS A BRESENHAMªªªª
x1 = 485.000000 - y1 = 385.000000 || x2 = 486.000000 - y2 = 636.000000
dy = 251.000000, dx = 1.000000
avances inclinados: inc_x_i = 1.000000, inc_y_i = 1.000000
updated: dy = 251.000000, dx = 1.000000
avances rectos: inc_x_r = 0.000000, inc_y_r 1.000000
reupdated: dy = 1.000000, dx = 251.000000
avanceR = 2.000000, avance -249.000000, avanceI 2.000000
----------------------------------------
x = 485.000000, y = 385.000000
avance = -249.000000, avanceR = 2.000000, avanceI = 2.000000
inc_x_r = 0.000000, inc_y_r = 1.000000, inc_x_i = 1.000000, inc_y_i = 1.000000
En el else......

----------------------------------------
x = 485.000000, y = 386.000000
avance = -247.000000, avanceR = 2.000000, avanceI = 2.000000
inc_x_r = 0.000000, inc_y_r = 1.000000, inc_x_i = 1.000000, inc_y_i = 1.000000
En el else......

----------------------------------------
x = 485.000000, y = 387.000000
avance = -245.000000, avanceR = 2.000000, avanceI = 2.000000
inc_x_r = 0.000000, inc_y_r = 1.000000, inc_x_i = 1.000000, inc_y_i = 1.000000
En el else......

----------------------------------------
x = 485.000000, y = 388.000000
avance = -243.000000, avanceR = 2.000000, avanceI = 2.000000
inc_x_r = 0.000000, inc_y_r = 1.000000, inc_x_i = 1.000000, inc_y_i = 1.000000
En el else......

----------------------------------------
x = 485.000000, y = 389.000000
avance = -241.000000, avanceR = 2.000000, avanceI = 2.000000
inc_x_r = 0.000000, inc_y_r = 1.000000, inc_x_i = 1.000000, inc_y_i = 1.000000
En el else......

----------------------------------------
x = 485.000000, y = 390.000000
avance = -239.000000, avanceR = 2.000000, avanceI = 2.000000
inc_x_r = 0.000000, inc_y_r = 1.000000, inc_x_i = 1.000000, inc_y_i = 1.000000
En el else......

----------------------------------------
x = 485.000000, y = 391.000000
avance = -237.000000, avanceR = 2.000000, avanceI = 2.000000
inc_x_r = 0.000000, inc_y_r = 1.000000, inc_x_i = 1.000000, inc_y_i = 1.000000
En el else......

----------------------------------------
x = 485.000000, y = 392.000000
avance = -235.000000, avanceR = 2.000000, avanceI = 2.000000
inc_x_r = 0.000000, inc_y_r = 1.000000, inc_x_i = 1.000000, inc_y_i = 1.000000
En el else......

----------------------------------------
x = 485.000000, y = 393.000000
avance = -233.000000, avanceR = 2.000000, avanceI = 2.000000
inc_x_r = 0.000000, inc_y_r = 1.000000, inc_x_i = 1.000000, inc_y_i = 1.000000
En el else......

----------------------------------------
x = 485.000000, y = 394.000000
avance = -231.000000, avanceR = 2.000000, avanceI = 2.000000
inc_x_r = 0.000000, inc_y_r = 1.000000, inc_x_i = 1.000000, inc_y_i = 1.000000
En el else......

----------------------------------------
x = 485.000000, y = 395.000000
avance = -229.000000, avanceR = 2.000000, avanceI = 2.000000
inc_x_r = 0.000000, inc_y_r = 1.000000, inc_x_i = 1.000000, inc_y_i = 1.000000
En el else......

----------------------------------------
x = 485.000000, y = 396.000000
avance = -227.000000, avanceR = 2.000000, avanceI = 2.000000
inc_x_r = 0.000000, inc_y_r = 1.000000, inc_x_i = 1.000000, inc_y_i = 1.000000
En el else......

----------------------------------------
x = 485.000000, y = 397.000000
avance = -225.000000, avanceR = 2.000000, avanceI = 2.000000
inc_x_r = 0.000000, inc_y_r = 1.000000, inc_x_i = 1.000000, inc_y_i = 1.000000
En el else......

----------------------------------------
x = 485.000000, y = 398.000000
avance = -223.000000, avanceR = 2.000000, avanceI = 2.000000
inc_x_r = 0.000000, inc_y_r = 1.000000, inc_x_i = 1.000000, inc_y_i = 1.000000
En el else......

----------------------------------------
x = 485.000000, y = 399.000000
avance = -221.000000, avanceR = 2.000000, avanceI = 2.000000
inc_x_r = 0.000000, inc_y_r = 1.000000, inc_x_i = 1.000000, inc_y_i = 1.000000
En el else......

----------------------------------------
hora de salir del bucle mi pana


ENTRAMOS A BRESENHAMªªªª
x1 = 485.000000 - y1 = 385.000000 || x2 = 486.000000 - y2 = 636.000000
dy = 251.000000, dx = 1.000000
avances inclinados: inc_x_i = 1.000000, inc_y_i = 1.000000
updated: dy = 251.000000, dx = 1.000000
avances rectos: inc_x_r = 0.000000, inc_y_r 1.000000
reupdated: dy = 1.000000, dx = 251.000000
avanceR = 2.000000, avance -249.000000, avanceI 2.000000
----------------------------------------
x = 485.000000, y = 385.000000
avance = -249.000000, avanceR = 2.000000, avanceI = 2.000000
inc_x_r = 0.000000, inc_y_r = 1.000000, inc_x_i = 1.000000, inc_y_i = 1.000000
En el else......

----------------------------------------
x = 485.000000, y = 386.000000
avance = -247.000000, avanceR = 2.000000, avanceI = 2.000000
inc_x_r = 0.000000, inc_y_r = 1.000000, inc_x_i = 1.000000, inc_y_i = 1.000000
En el else......

----------------------------------------
x = 485.000000, y = 387.000000
avance = -245.000000, avanceR = 2.000000, avanceI = 2.000000
inc_x_r = 0.000000, inc_y_r = 1.000000, inc_x_i = 1.000000, inc_y_i = 1.000000
En el else......

----------------------------------------
x = 485.000000, y = 388.000000
avance = -243.000000, avanceR = 2.000000, avanceI = 2.000000
inc_x_r = 0.000000, inc_y_r = 1.000000, inc_x_i = 1.000000, inc_y_i = 1.000000
En el else......

----------------------------------------
x = 485.000000, y = 389.000000
avance = -241.000000, avanceR = 2.000000, avanceI = 2.000000
inc_x_r = 0.000000, inc_y_r = 1.000000, inc_x_i = 1.000000, inc_y_i = 1.000000
En el else......

----------------------------------------
x = 485.000000, y = 390.000000
avance = -239.000000, avanceR = 2.000000, avanceI = 2.000000
inc_x_r = 0.000000, inc_y_r = 1.000000, inc_x_i = 1.000000, inc_y_i = 1.000000
En el else......

----------------------------------------
x = 485.000000, y = 391.000000
avance = -237.000000, avanceR = 2.000000, avanceI = 2.000000
inc_x_r = 0.000000, inc_y_r = 1.000000, inc_x_i = 1.000000, inc_y_i = 1.000000
En el else......

----------------------------------------
x = 485.000000, y = 392.000000
avance = -235.000000, avanceR = 2.000000, avanceI = 2.000000
inc_x_r = 0.000000, inc_y_r = 1.000000, inc_x_i = 1.000000, inc_y_i = 1.000000
En el else......

----------------------------------------
x = 485.000000, y = 393.000000
avance = -233.000000, avanceR = 2.000000, avanceI = 2.000000
inc_x_r = 0.000000, inc_y_r = 1.000000, inc_x_i = 1.000000, inc_y_i = 1.000000
En el else......

----------------------------------------
x = 485.000000, y = 394.000000
avance = -231.000000, avanceR = 2.000000, avanceI = 2.000000
inc_x_r = 0.000000, inc_y_r = 1.000000, inc_x_i = 1.000000, inc_y_i = 1.000000
En el else......

----------------------------------------
x = 485.000000, y = 395.000000
avance = -229.000000, avanceR = 2.000000, avanceI = 2.000000
inc_x_r = 0.000000, inc_y_r = 1.000000, inc_x_i = 1.000000, inc_y_i = 1.000000
En el else......

----------------------------------------
x = 485.000000, y = 396.000000
avance = -227.000000, avanceR = 2.000000, avanceI = 2.000000
inc_x_r = 0.000000, inc_y_r = 1.000000, inc_x_i = 1.000000, inc_y_i = 1.000000
En el else......

----------------------------------------
x = 485.000000, y = 397.000000
avance = -225.000000, avanceR = 2.000000, avanceI = 2.000000
inc_x_r = 0.000000, inc_y_r = 1.000000, inc_x_i = 1.000000, inc_y_i = 1.000000
En el else......

----------------------------------------
x = 485.000000, y = 398.000000
avance = -223.000000, avanceR = 2.000000, avanceI = 2.000000
inc_x_r = 0.000000, inc_y_r = 1.000000, inc_x_i = 1.000000, inc_y_i = 1.000000
En el else......

----------------------------------------
x = 485.000000, y = 399.000000
avance = -221.000000, avanceR = 2.000000, avanceI = 2.000000
inc_x_r = 0.000000, inc_y_r = 1.000000, inc_x_i = 1.000000, inc_y_i = 1.000000
En el else......

----------------------------------------
hora de salir del bucle mi pana


ENTRAMOS A BRESENHAMªªªª
x1 = 485.000000 - y1 = 385.000000 || x2 = 486.000000 - y2 = 636.000000
dy = 251.000000, dx = 1.000000
avances inclinados: inc_x_i = 1.000000, inc_y_i = 1.000000
updated: dy = 251.000000, dx = 1.000000
avances rectos: inc_x_r = 0.000000, inc_y_r 1.000000
reupdated: dy = 1.000000, dx = 251.000000
avanceR = 2.000000, avance -249.000000, avanceI 2.000000
----------------------------------------
x = 485.000000, y = 385.000000
avance = -249.000000, avanceR = 2.000000, avanceI = 2.000000
inc_x_r = 0.000000, inc_y_r = 1.000000, inc_x_i = 1.000000, inc_y_i = 1.000000
En el else......

----------------------------------------
x = 485.000000, y = 386.000000
avance = -247.000000, avanceR = 2.000000, avanceI = 2.000000
inc_x_r = 0.000000, inc_y_r = 1.000000, inc_x_i = 1.000000, inc_y_i = 1.000000
En el else......

----------------------------------------
x = 485.000000, y = 387.000000
avance = -245.000000, avanceR = 2.000000, avanceI = 2.000000
inc_x_r = 0.000000, inc_y_r = 1.000000, inc_x_i = 1.000000, inc_y_i = 1.000000
En el else......

----------------------------------------
x = 485.000000, y = 388.000000
avance = -243.000000, avanceR = 2.000000, avanceI = 2.000000
inc_x_r = 0.000000, inc_y_r = 1.000000, inc_x_i = 1.000000, inc_y_i = 1.000000
En el else......

----------------------------------------
x = 485.000000, y = 389.000000
avance = -241.000000, avanceR = 2.000000, avanceI = 2.000000
inc_x_r = 0.000000, inc_y_r = 1.000000, inc_x_i = 1.000000, inc_y_i = 1.000000
En el else......

----------------------------------------
x = 485.000000, y = 390.000000
avance = -239.000000, avanceR = 2.000000, avanceI = 2.000000
inc_x_r = 0.000000, inc_y_r = 1.000000, inc_x_i = 1.000000, inc_y_i = 1.000000
En el else......

----------------------------------------
x = 485.000000, y = 391.000000
avance = -237.000000, avanceR = 2.000000, avanceI = 2.000000
inc_x_r = 0.000000, inc_y_r = 1.000000, inc_x_i = 1.000000, inc_y_i = 1.000000
En el else......

----------------------------------------
x = 485.000000, y = 392.000000
avance = -235.000000, avanceR = 2.000000, avanceI = 2.000000
inc_x_r = 0.000000, inc_y_r = 1.000000, inc_x_i = 1.000000, inc_y_i = 1.000000
En el else......

----------------------------------------
x = 485.000000, y = 393.000000
avance = -233.000000, avanceR = 2.000000, avanceI = 2.000000
inc_x_r = 0.000000, inc_y_r = 1.000000, inc_x_i = 1.000000, inc_y_i = 1.000000
En el else......

----------------------------------------
x = 485.000000, y = 394.000000
avance = -231.000000, avanceR = 2.000000, avanceI = 2.000000
inc_x_r = 0.000000, inc_y_r = 1.000000, inc_x_i = 1.000000, inc_y_i = 1.000000
En el else......

----------------------------------------
x = 485.000000, y = 395.000000
avance = -229.000000, avanceR = 2.000000, avanceI = 2.000000
inc_x_r = 0.000000, inc_y_r = 1.000000, inc_x_i = 1.000000, inc_y_i = 1.000000
En el else......

----------------------------------------
x = 485.000000, y = 396.000000
avance = -227.000000, avanceR = 2.000000, avanceI = 2.000000
inc_x_r = 0.000000, inc_y_r = 1.000000, inc_x_i = 1.000000, inc_y_i = 1.000000
En el else......

----------------------------------------
x = 485.000000, y = 397.000000
avance = -225.000000, avanceR = 2.000000, avanceI = 2.000000
inc_x_r = 0.000000, inc_y_r = 1.000000, inc_x_i = 1.000000, inc_y_i = 1.000000
En el else......

----------------------------------------
x = 485.000000, y = 398.000000
avance = -223.000000, avanceR = 2.000000, avanceI = 2.000000
inc_x_r = 0.000000, inc_y_r = 1.000000, inc_x_i = 1.000000, inc_y_i = 1.000000
En el else......

----------------------------------------
x = 485.000000, y = 399.000000
avance = -221.000000, avanceR = 2.000000, avanceI = 2.000000
inc_x_r = 0.000000, inc_y_r = 1.000000, inc_x_i = 1.000000, inc_y_i = 1.000000
En el else......

----------------------------------------
hora de salir del bucle mi pana


ENTRAMOS A BRESENHAMªªªª
x1 = 485.000000 - y1 = 385.000000 || x2 = 486.000000 - y2 = 636.000000
dy = 251.000000, dx = 1.000000
avances inclinados: inc_x_i = 1.000000, inc_y_i = 1.000000
updated: dy = 251.000000, dx = 1.000000
avances rectos: inc_x_r = 0.000000, inc_y_r 1.000000
reupdated: dy = 1.000000, dx = 251.000000
avanceR = 2.000000, avance -249.000000, avanceI 2.000000
----------------------------------------
x = 485.000000, y = 385.000000
avance = -249.000000, avanceR = 2.000000, avanceI = 2.000000
inc_x_r = 0.000000, inc_y_r = 1.000000, inc_x_i = 1.000000, inc_y_i = 1.000000
En el else......

----------------------------------------
x = 485.000000, y = 386.000000
avance = -247.000000, avanceR = 2.000000, avanceI = 2.000000
inc_x_r = 0.000000, inc_y_r = 1.000000, inc_x_i = 1.000000, inc_y_i = 1.000000
En el else......

----------------------------------------
x = 485.000000, y = 387.000000
avance = -245.000000, avanceR = 2.000000, avanceI = 2.000000
inc_x_r = 0.000000, inc_y_r = 1.000000, inc_x_i = 1.000000, inc_y_i = 1.000000
En el else......

----------------------------------------
x = 485.000000, y = 388.000000
avance = -243.000000, avanceR = 2.000000, avanceI = 2.000000
inc_x_r = 0.000000, inc_y_r = 1.000000, inc_x_i = 1.000000, inc_y_i = 1.000000
En el else......

----------------------------------------
x = 485.000000, y = 389.000000
avance = -241.000000, avanceR = 2.000000, avanceI = 2.000000
inc_x_r = 0.000000, inc_y_r = 1.000000, inc_x_i = 1.000000, inc_y_i = 1.000000
En el else......

----------------------------------------
x = 485.000000, y = 390.000000
avance = -239.000000, avanceR = 2.000000, avanceI = 2.000000
inc_x_r = 0.000000, inc_y_r = 1.000000, inc_x_i = 1.000000, inc_y_i = 1.000000
En el else......

----------------------------------------
x = 485.000000, y = 391.000000
avance = -237.000000, avanceR = 2.000000, avanceI = 2.000000
inc_x_r = 0.000000, inc_y_r = 1.000000, inc_x_i = 1.000000, inc_y_i = 1.000000
En el else......

----------------------------------------
x = 485.000000, y = 392.000000
avance = -235.000000, avanceR = 2.000000, avanceI = 2.000000
inc_x_r = 0.000000, inc_y_r = 1.000000, inc_x_i = 1.000000, inc_y_i = 1.000000
En el else......

----------------------------------------
x = 485.000000, y = 393.000000
avance = -233.000000, avanceR = 2.000000, avanceI = 2.000000
inc_x_r = 0.000000, inc_y_r = 1.000000, inc_x_i = 1.000000, inc_y_i = 1.000000
En el else......

----------------------------------------
x = 485.000000, y = 394.000000
avance = -231.000000, avanceR = 2.000000, avanceI = 2.000000
inc_x_r = 0.000000, inc_y_r = 1.000000, inc_x_i = 1.000000, inc_y_i = 1.000000
En el else......

----------------------------------------
x = 485.000000, y = 395.000000
avance = -229.000000, avanceR = 2.000000, avanceI = 2.000000
inc_x_r = 0.000000, inc_y_r = 1.000000, inc_x_i = 1.000000, inc_y_i = 1.000000
En el else......

----------------------------------------
x = 485.000000, y = 396.000000
avance = -227.000000, avanceR = 2.000000, avanceI = 2.000000
inc_x_r = 0.000000, inc_y_r = 1.000000, inc_x_i = 1.000000, inc_y_i = 1.000000
En el else......

----------------------------------------
x = 485.000000, y = 397.000000
avance = -225.000000, avanceR = 2.000000, avanceI = 2.000000
inc_x_r = 0.000000, inc_y_r = 1.000000, inc_x_i = 1.000000, inc_y_i = 1.000000
En el else......

----------------------------------------
x = 485.000000, y = 398.000000
avance = -223.000000, avanceR = 2.000000, avanceI = 2.000000
inc_x_r = 0.000000, inc_y_r = 1.000000, inc_x_i = 1.000000, inc_y_i = 1.000000
En el else......

----------------------------------------
x = 485.000000, y = 399.000000
avance = -221.000000, avanceR = 2.000000, avanceI = 2.000000
inc_x_r = 0.000000, inc_y_r = 1.000000, inc_x_i = 1.000000, inc_y_i = 1.000000
En el else......

----------------------------------------
hora de salir del bucle mi pana


ENTRAMOS A BRESENHAMªªªª
x1 = 485.000000 - y1 = 385.000000 || x2 = 486.000000 - y2 = 636.000000
dy = 251.000000, dx = 1.000000
avances inclinados: inc_x_i = 1.000000, inc_y_i = 1.000000
updated: dy = 251.000000, dx = 1.000000
avances rectos: inc_x_r = 0.000000, inc_y_r 1.000000
reupdated: dy = 1.000000, dx = 251.000000
avanceR = 2.000000, avance -249.000000, avanceI 2.000000
----------------------------------------
x = 485.000000, y = 385.000000
avance = -249.000000, avanceR = 2.000000, avanceI = 2.000000
inc_x_r = 0.000000, inc_y_r = 1.000000, inc_x_i = 1.000000, inc_y_i = 1.000000
En el else......

----------------------------------------
x = 485.000000, y = 386.000000
avance = -247.000000, avanceR = 2.000000, avanceI = 2.000000
inc_x_r = 0.000000, inc_y_r = 1.000000, inc_x_i = 1.000000, inc_y_i = 1.000000
En el else......

----------------------------------------
x = 485.000000, y = 387.000000
avance = -245.000000, avanceR = 2.000000, avanceI = 2.000000
inc_x_r = 0.000000, inc_y_r = 1.000000, inc_x_i = 1.000000, inc_y_i = 1.000000
En el else......

----------------------------------------
x = 485.000000, y = 388.000000
avance = -243.000000, avanceR = 2.000000, avanceI = 2.000000
inc_x_r = 0.000000, inc_y_r = 1.000000, inc_x_i = 1.000000, inc_y_i = 1.000000
En el else......

----------------------------------------
x = 485.000000, y = 389.000000
avance = -241.000000, avanceR = 2.000000, avanceI = 2.000000
inc_x_r = 0.000000, inc_y_r = 1.000000, inc_x_i = 1.000000, inc_y_i = 1.000000
En el else......

----------------------------------------
x = 485.000000, y = 390.000000
avance = -239.000000, avanceR = 2.000000, avanceI = 2.000000
inc_x_r = 0.000000, inc_y_r = 1.000000, inc_x_i = 1.000000, inc_y_i = 1.000000
En el else......

----------------------------------------
x = 485.000000, y = 391.000000
avance = -237.000000, avanceR = 2.000000, avanceI = 2.000000
inc_x_r = 0.000000, inc_y_r = 1.000000, inc_x_i = 1.000000, inc_y_i = 1.000000
En el else......

----------------------------------------
x = 485.000000, y = 392.000000
avance = -235.000000, avanceR = 2.000000, avanceI = 2.000000
inc_x_r = 0.000000, inc_y_r = 1.000000, inc_x_i = 1.000000, inc_y_i = 1.000000
En el else......

----------------------------------------
x = 485.000000, y = 393.000000
avance = -233.000000, avanceR = 2.000000, avanceI = 2.000000
inc_x_r = 0.000000, inc_y_r = 1.000000, inc_x_i = 1.000000, inc_y_i = 1.000000
En el else......

----------------------------------------
x = 485.000000, y = 394.000000
avance = -231.000000, avanceR = 2.000000, avanceI = 2.000000
inc_x_r = 0.000000, inc_y_r = 1.000000, inc_x_i = 1.000000, inc_y_i = 1.000000
En el else......

----------------------------------------
x = 485.000000, y = 395.000000
avance = -229.000000, avanceR = 2.000000, avanceI = 2.000000
inc_x_r = 0.000000, inc_y_r = 1.000000, inc_x_i = 1.000000, inc_y_i = 1.000000
En el else......

----------------------------------------
x = 485.000000, y = 396.000000
avance = -227.000000, avanceR = 2.000000, avanceI = 2.000000
inc_x_r = 0.000000, inc_y_r = 1.000000, inc_x_i = 1.000000, inc_y_i = 1.000000
En el else......

----------------------------------------
x = 485.000000, y = 397.000000
avance = -225.000000, avanceR = 2.000000, avanceI = 2.000000
inc_x_r = 0.000000, inc_y_r = 1.000000, inc_x_i = 1.000000, inc_y_i = 1.000000
En el else......

----------------------------------------
x = 485.000000, y = 398.000000
avance = -223.000000, avanceR = 2.000000, avanceI = 2.000000
inc_x_r = 0.000000, inc_y_r = 1.000000, inc_x_i = 1.000000, inc_y_i = 1.000000
En el else......

----------------------------------------
x = 485.000000, y = 399.000000
avance = -221.000000, avanceR = 2.000000, avanceI = 2.000000
inc_x_r = 0.000000, inc_y_r = 1.000000, inc_x_i = 1.000000, inc_y_i = 1.000000
En el else......

----------------------------------------
hora de salir del bucle mi pana


ENTRAMOS A BRESENHAMªªªª
x1 = 485.000000 - y1 = 385.000000 || x2 = 486.000000 - y2 = 636.000000
dy = 251.000000, dx = 1.000000
avances inclinados: inc_x_i = 1.000000, inc_y_i = 1.000000
updated: dy = 251.000000, dx = 1.000000
avances rectos: inc_x_r = 0.000000, inc_y_r 1.000000
reupdated: dy = 1.000000, dx = 251.000000
avanceR = 2.000000, avance -249.000000, avanceI 2.000000
----------------------------------------
x = 485.000000, y = 385.000000
avance = -249.000000, avanceR = 2.000000, avanceI = 2.000000
inc_x_r = 0.000000, inc_y_r = 1.000000, inc_x_i = 1.000000, inc_y_i = 1.000000
En el else......

----------------------------------------
x = 485.000000, y = 386.000000
avance = -247.000000, avanceR = 2.000000, avanceI = 2.000000
inc_x_r = 0.000000, inc_y_r = 1.000000, inc_x_i = 1.000000, inc_y_i = 1.000000
En el else......

----------------------------------------
x = 485.000000, y = 387.000000
avance = -245.000000, avanceR = 2.000000, avanceI = 2.000000
inc_x_r = 0.000000, inc_y_r = 1.000000, inc_x_i = 1.000000, inc_y_i = 1.000000
En el else......

----------------------------------------
x = 485.000000, y = 388.000000
avance = -243.000000, avanceR = 2.000000, avanceI = 2.000000
inc_x_r = 0.000000, inc_y_r = 1.000000, inc_x_i = 1.000000, inc_y_i = 1.000000
En el else......

----------------------------------------
x = 485.000000, y = 389.000000
avance = -241.000000, avanceR = 2.000000, avanceI = 2.000000
inc_x_r = 0.000000, inc_y_r = 1.000000, inc_x_i = 1.000000, inc_y_i = 1.000000
En el else......

----------------------------------------
x = 485.000000, y = 390.000000
avance = -239.000000, avanceR = 2.000000, avanceI = 2.000000
inc_x_r = 0.000000, inc_y_r = 1.000000, inc_x_i = 1.000000, inc_y_i = 1.000000
En el else......

----------------------------------------
x = 485.000000, y = 391.000000
avance = -237.000000, avanceR = 2.000000, avanceI = 2.000000
inc_x_r = 0.000000, inc_y_r = 1.000000, inc_x_i = 1.000000, inc_y_i = 1.000000
En el else......

----------------------------------------
x = 485.000000, y = 392.000000
avance = -235.000000, avanceR = 2.000000, avanceI = 2.000000
inc_x_r = 0.000000, inc_y_r = 1.000000, inc_x_i = 1.000000, inc_y_i = 1.000000
En el else......

----------------------------------------
x = 485.000000, y = 393.000000
avance = -233.000000, avanceR = 2.000000, avanceI = 2.000000
inc_x_r = 0.000000, inc_y_r = 1.000000, inc_x_i = 1.000000, inc_y_i = 1.000000
En el else......

----------------------------------------
x = 485.000000, y = 394.000000
avance = -231.000000, avanceR = 2.000000, avanceI = 2.000000
inc_x_r = 0.000000, inc_y_r = 1.000000, inc_x_i = 1.000000, inc_y_i = 1.000000
En el else......

----------------------------------------
x = 485.000000, y = 395.000000
avance = -229.000000, avanceR = 2.000000, avanceI = 2.000000
inc_x_r = 0.000000, inc_y_r = 1.000000, inc_x_i = 1.000000, inc_y_i = 1.000000
En el else......

----------------------------------------
x = 485.000000, y = 396.000000
avance = -227.000000, avanceR = 2.000000, avanceI = 2.000000
inc_x_r = 0.000000, inc_y_r = 1.000000, inc_x_i = 1.000000, inc_y_i = 1.000000
En el else......

----------------------------------------
x = 485.000000, y = 397.000000
avance = -225.000000, avanceR = 2.000000, avanceI = 2.000000
inc_x_r = 0.000000, inc_y_r = 1.000000, inc_x_i = 1.000000, inc_y_i = 1.000000
En el else......

----------------------------------------
x = 485.000000, y = 398.000000
avance = -223.000000, avanceR = 2.000000, avanceI = 2.000000
inc_x_r = 0.000000, inc_y_r = 1.000000, inc_x_i = 1.000000, inc_y_i = 1.000000
En el else......

----------------------------------------
x = 485.000000, y = 399.000000
avance = -221.000000, avanceR = 2.000000, avanceI = 2.000000
inc_x_r = 0.000000, inc_y_r = 1.000000, inc_x_i = 1.000000, inc_y_i = 1.000000
En el else......

----------------------------------------
hora de salir del bucle mi pana


ENTRAMOS A BRESENHAMªªªª
x1 = 485.000000 - y1 = 385.000000 || x2 = 486.000000 - y2 = 636.000000
dy = 251.000000, dx = 1.000000
avances inclinados: inc_x_i = 1.000000, inc_y_i = 1.000000
updated: dy = 251.000000, dx = 1.000000
avances rectos: inc_x_r = 0.000000, inc_y_r 1.000000
reupdated: dy = 1.000000, dx = 251.000000
avanceR = 2.000000, avance -249.000000, avanceI 2.000000
----------------------------------------
x = 485.000000, y = 385.000000
avance = -249.000000, avanceR = 2.000000, avanceI = 2.000000
inc_x_r = 0.000000, inc_y_r = 1.000000, inc_x_i = 1.000000, inc_y_i = 1.000000
En el else......

----------------------------------------
x = 485.000000, y = 386.000000
avance = -247.000000, avanceR = 2.000000, avanceI = 2.000000
inc_x_r = 0.000000, inc_y_r = 1.000000, inc_x_i = 1.000000, inc_y_i = 1.000000
En el else......

----------------------------------------
x = 485.000000, y = 387.000000
avance = -245.000000, avanceR = 2.000000, avanceI = 2.000000
inc_x_r = 0.000000, inc_y_r = 1.000000, inc_x_i = 1.000000, inc_y_i = 1.000000
En el else......

----------------------------------------
x = 485.000000, y = 388.000000
avance = -243.000000, avanceR = 2.000000, avanceI = 2.000000
inc_x_r = 0.000000, inc_y_r = 1.000000, inc_x_i = 1.000000, inc_y_i = 1.000000
En el else......

----------------------------------------
x = 485.000000, y = 389.000000
avance = -241.000000, avanceR = 2.000000, avanceI = 2.000000
inc_x_r = 0.000000, inc_y_r = 1.000000, inc_x_i = 1.000000, inc_y_i = 1.000000
En el else......

----------------------------------------
x = 485.000000, y = 390.000000
avance = -239.000000, avanceR = 2.000000, avanceI = 2.000000
inc_x_r = 0.000000, inc_y_r = 1.000000, inc_x_i = 1.000000, inc_y_i = 1.000000
En el else......

----------------------------------------
x = 485.000000, y = 391.000000
avance = -237.000000, avanceR = 2.000000, avanceI = 2.000000
inc_x_r = 0.000000, inc_y_r = 1.000000, inc_x_i = 1.000000, inc_y_i = 1.000000
En el else......

----------------------------------------
x = 485.000000, y = 392.000000
avance = -235.000000, avanceR = 2.000000, avanceI = 2.000000
inc_x_r = 0.000000, inc_y_r = 1.000000, inc_x_i = 1.000000, inc_y_i = 1.000000
En el else......

----------------------------------------
x = 485.000000, y = 393.000000
avance = -233.000000, avanceR = 2.000000, avanceI = 2.000000
inc_x_r = 0.000000, inc_y_r = 1.000000, inc_x_i = 1.000000, inc_y_i = 1.000000
En el else......

----------------------------------------
x = 485.000000, y = 394.000000
avance = -231.000000, avanceR = 2.000000, avanceI = 2.000000
inc_x_r = 0.000000, inc_y_r = 1.000000, inc_x_i = 1.000000, inc_y_i = 1.000000
En el else......

----------------------------------------
x = 485.000000, y = 395.000000
avance = -229.000000, avanceR = 2.000000, avanceI = 2.000000
inc_x_r = 0.000000, inc_y_r = 1.000000, inc_x_i = 1.000000, inc_y_i = 1.000000
En el else......

----------------------------------------
x = 485.000000, y = 396.000000
avance = -227.000000, avanceR = 2.000000, avanceI = 2.000000
inc_x_r = 0.000000, inc_y_r = 1.000000, inc_x_i = 1.000000, inc_y_i = 1.000000
En el else......

----------------------------------------
x = 485.000000, y = 397.000000
avance = -225.000000, avanceR = 2.000000, avanceI = 2.000000
inc_x_r = 0.000000, inc_y_r = 1.000000, inc_x_i = 1.000000, inc_y_i = 1.000000
En el else......

----------------------------------------
x = 485.000000, y = 398.000000
avance = -223.000000, avanceR = 2.000000, avanceI = 2.000000
inc_x_r = 0.000000, inc_y_r = 1.000000, inc_x_i = 1.000000, inc_y_i = 1.000000
En el else......

----------------------------------------
x = 485.000000, y = 399.000000
avance = -221.000000, avanceR = 2.000000, avanceI = 2.000000
inc_x_r = 0.000000, inc_y_r = 1.000000, inc_x_i = 1.000000, inc_y_i = 1.000000
En el else......

----------------------------------------
hora de salir del bucle mi pana


ENTRAMOS A BRESENHAMªªªª
x1 = 485.000000 - y1 = 385.000000 || x2 = 486.000000 - y2 = 636.000000
dy = 251.000000, dx = 1.000000
avances inclinados: inc_x_i = 1.000000, inc_y_i = 1.000000
updated: dy = 251.000000, dx = 1.000000
avances rectos: inc_x_r = 0.000000, inc_y_r 1.000000
reupdated: dy = 1.000000, dx = 251.000000
avanceR = 2.000000, avance -249.000000, avanceI 2.000000
----------------------------------------
x = 485.000000, y = 385.000000
avance = -249.000000, avanceR = 2.000000, avanceI = 2.000000
inc_x_r = 0.000000, inc_y_r = 1.000000, inc_x_i = 1.000000, inc_y_i = 1.000000
En el else......

----------------------------------------
x = 485.000000, y = 386.000000
avance = -247.000000, avanceR = 2.000000, avanceI = 2.000000
inc_x_r = 0.000000, inc_y_r = 1.000000, inc_x_i = 1.000000, inc_y_i = 1.000000
En el else......

----------------------------------------
x = 485.000000, y = 387.000000
avance = -245.000000, avanceR = 2.000000, avanceI = 2.000000
inc_x_r = 0.000000, inc_y_r = 1.000000, inc_x_i = 1.000000, inc_y_i = 1.000000
En el else......

----------------------------------------
x = 485.000000, y = 388.000000
avance = -243.000000, avanceR = 2.000000, avanceI = 2.000000
inc_x_r = 0.000000, inc_y_r = 1.000000, inc_x_i = 1.000000, inc_y_i = 1.000000
En el else......

----------------------------------------
x = 485.000000, y = 389.000000
avance = -241.000000, avanceR = 2.000000, avanceI = 2.000000
inc_x_r = 0.000000, inc_y_r = 1.000000, inc_x_i = 1.000000, inc_y_i = 1.000000
En el else......

----------------------------------------
x = 485.000000, y = 390.000000
avance = -239.000000, avanceR = 2.000000, avanceI = 2.000000
inc_x_r = 0.000000, inc_y_r = 1.000000, inc_x_i = 1.000000, inc_y_i = 1.000000
En el else......

----------------------------------------
x = 485.000000, y = 391.000000
avance = -237.000000, avanceR = 2.000000, avanceI = 2.000000
inc_x_r = 0.000000, inc_y_r = 1.000000, inc_x_i = 1.000000, inc_y_i = 1.000000
En el else......

----------------------------------------
x = 485.000000, y = 392.000000
avance = -235.000000, avanceR = 2.000000, avanceI = 2.000000
inc_x_r = 0.000000, inc_y_r = 1.000000, inc_x_i = 1.000000, inc_y_i = 1.000000
En el else......

----------------------------------------
x = 485.000000, y = 393.000000
avance = -233.000000, avanceR = 2.000000, avanceI = 2.000000
inc_x_r = 0.000000, inc_y_r = 1.000000, inc_x_i = 1.000000, inc_y_i = 1.000000
En el else......

----------------------------------------
x = 485.000000, y = 394.000000
avance = -231.000000, avanceR = 2.000000, avanceI = 2.000000
inc_x_r = 0.000000, inc_y_r = 1.000000, inc_x_i = 1.000000, inc_y_i = 1.000000
En el else......

----------------------------------------
x = 485.000000, y = 395.000000
avance = -229.000000, avanceR = 2.000000, avanceI = 2.000000
inc_x_r = 0.000000, inc_y_r = 1.000000, inc_x_i = 1.000000, inc_y_i = 1.000000
En el else......

----------------------------------------
x = 485.000000, y = 396.000000
avance = -227.000000, avanceR = 2.000000, avanceI = 2.000000
inc_x_r = 0.000000, inc_y_r = 1.000000, inc_x_i = 1.000000, inc_y_i = 1.000000
En el else......

----------------------------------------
x = 485.000000, y = 397.000000
avance = -225.000000, avanceR = 2.000000, avanceI = 2.000000
inc_x_r = 0.000000, inc_y_r = 1.000000, inc_x_i = 1.000000, inc_y_i = 1.000000
En el else......

----------------------------------------
x = 485.000000, y = 398.000000
avance = -223.000000, avanceR = 2.000000, avanceI = 2.000000
inc_x_r = 0.000000, inc_y_r = 1.000000, inc_x_i = 1.000000, inc_y_i = 1.000000
En el else......

----------------------------------------
x = 485.000000, y = 399.000000
avance = -221.000000, avanceR = 2.000000, avanceI = 2.000000
inc_x_r = 0.000000, inc_y_r = 1.000000, inc_x_i = 1.000000, inc_y_i = 1.000000
En el else......

----------------------------------------
hora de salir del bucle mi pana


ENTRAMOS A BRESENHAMªªªª
x1 = 485.000000 - y1 = 385.000000 || x2 = 486.000000 - y2 = 636.000000
dy = 251.000000, dx = 1.000000
avances inclinados: inc_x_i = 1.000000, inc_y_i = 1.000000
updated: dy = 251.000000, dx = 1.000000
avances rectos: inc_x_r = 0.000000, inc_y_r 1.000000
reupdated: dy = 1.000000, dx = 251.000000
avanceR = 2.000000, avance -249.000000, avanceI 2.000000
----------------------------------------
x = 485.000000, y = 385.000000
avance = -249.000000, avanceR = 2.000000, avanceI = 2.000000
inc_x_r = 0.000000, inc_y_r = 1.000000, inc_x_i = 1.000000, inc_y_i = 1.000000
En el else......

----------------------------------------
x = 485.000000, y = 386.000000
avance = -247.000000, avanceR = 2.000000, avanceI = 2.000000
inc_x_r = 0.000000, inc_y_r = 1.000000, inc_x_i = 1.000000, inc_y_i = 1.000000
En el else......

----------------------------------------
x = 485.000000, y = 387.000000
avance = -245.000000, avanceR = 2.000000, avanceI = 2.000000
inc_x_r = 0.000000, inc_y_r = 1.000000, inc_x_i = 1.000000, inc_y_i = 1.000000
En el else......

----------------------------------------
x = 485.000000, y = 388.000000
avance = -243.000000, avanceR = 2.000000, avanceI = 2.000000
inc_x_r = 0.000000, inc_y_r = 1.000000, inc_x_i = 1.000000, inc_y_i = 1.000000
En el else......

----------------------------------------
x = 485.000000, y = 389.000000
avance = -241.000000, avanceR = 2.000000, avanceI = 2.000000
inc_x_r = 0.000000, inc_y_r = 1.000000, inc_x_i = 1.000000, inc_y_i = 1.000000
En el else......

----------------------------------------
x = 485.000000, y = 390.000000
avance = -239.000000, avanceR = 2.000000, avanceI = 2.000000
inc_x_r = 0.000000, inc_y_r = 1.000000, inc_x_i = 1.000000, inc_y_i = 1.000000
En el else......

----------------------------------------
x = 485.000000, y = 391.000000
avance = -237.000000, avanceR = 2.000000, avanceI = 2.000000
inc_x_r = 0.000000, inc_y_r = 1.000000, inc_x_i = 1.000000, inc_y_i = 1.000000
En el else......

----------------------------------------
x = 485.000000, y = 392.000000
avance = -235.000000, avanceR = 2.000000, avanceI = 2.000000
inc_x_r = 0.000000, inc_y_r = 1.000000, inc_x_i = 1.000000, inc_y_i = 1.000000
En el else......

----------------------------------------
x = 485.000000, y = 393.000000
avance = -233.000000, avanceR = 2.000000, avanceI = 2.000000
inc_x_r = 0.000000, inc_y_r = 1.000000, inc_x_i = 1.000000, inc_y_i = 1.000000
En el else......

----------------------------------------
x = 485.000000, y = 394.000000
avance = -231.000000, avanceR = 2.000000, avanceI = 2.000000
inc_x_r = 0.000000, inc_y_r = 1.000000, inc_x_i = 1.000000, inc_y_i = 1.000000
En el else......

----------------------------------------
x = 485.000000, y = 395.000000
avance = -229.000000, avanceR = 2.000000, avanceI = 2.000000
inc_x_r = 0.000000, inc_y_r = 1.000000, inc_x_i = 1.000000, inc_y_i = 1.000000
En el else......

----------------------------------------
x = 485.000000, y = 396.000000
avance = -227.000000, avanceR = 2.000000, avanceI = 2.000000
inc_x_r = 0.000000, inc_y_r = 1.000000, inc_x_i = 1.000000, inc_y_i = 1.000000
En el else......

----------------------------------------
x = 485.000000, y = 397.000000
avance = -225.000000, avanceR = 2.000000, avanceI = 2.000000
inc_x_r = 0.000000, inc_y_r = 1.000000, inc_x_i = 1.000000, inc_y_i = 1.000000
En el else......

----------------------------------------
x = 485.000000, y = 398.000000
avance = -223.000000, avanceR = 2.000000, avanceI = 2.000000
inc_x_r = 0.000000, inc_y_r = 1.000000, inc_x_i = 1.000000, inc_y_i = 1.000000
En el else......

----------------------------------------
x = 485.000000, y = 399.000000
avance = -221.000000, avanceR = 2.000000, avanceI = 2.000000
inc_x_r = 0.000000, inc_y_r = 1.000000, inc_x_i = 1.000000, inc_y_i = 1.000000
En el else......

----------------------------------------
hora de salir del bucle mi pana


ENTRAMOS A BRESENHAMªªªª
x1 = 485.000000 - y1 = 385.000000 || x2 = 486.000000 - y2 = 636.000000
dy = 251.000000, dx = 1.000000
avances inclinados: inc_x_i = 1.000000, inc_y_i = 1.000000
updated: dy = 251.000000, dx = 1.000000
avances rectos: inc_x_r = 0.000000, inc_y_r 1.000000
reupdated: dy = 1.000000, dx = 251.000000
avanceR = 2.000000, avance -249.000000, avanceI 2.000000
----------------------------------------
x = 485.000000, y = 385.000000
avance = -249.000000, avanceR = 2.000000, avanceI = 2.000000
inc_x_r = 0.000000, inc_y_r = 1.000000, inc_x_i = 1.000000, inc_y_i = 1.000000
En el else......

----------------------------------------
x = 485.000000, y = 386.000000
avance = -247.000000, avanceR = 2.000000, avanceI = 2.000000
inc_x_r = 0.000000, inc_y_r = 1.000000, inc_x_i = 1.000000, inc_y_i = 1.000000
En el else......

----------------------------------------
x = 485.000000, y = 387.000000
avance = -245.000000, avanceR = 2.000000, avanceI = 2.000000
inc_x_r = 0.000000, inc_y_r = 1.000000, inc_x_i = 1.000000, inc_y_i = 1.000000
En el else......

----------------------------------------
x = 485.000000, y = 388.000000
avance = -243.000000, avanceR = 2.000000, avanceI = 2.000000
inc_x_r = 0.000000, inc_y_r = 1.000000, inc_x_i = 1.000000, inc_y_i = 1.000000
En el else......

----------------------------------------
x = 485.000000, y = 389.000000
avance = -241.000000, avanceR = 2.000000, avanceI = 2.000000
inc_x_r = 0.000000, inc_y_r = 1.000000, inc_x_i = 1.000000, inc_y_i = 1.000000
En el else......

----------------------------------------
x = 485.000000, y = 390.000000
avance = -239.000000, avanceR = 2.000000, avanceI = 2.000000
inc_x_r = 0.000000, inc_y_r = 1.000000, inc_x_i = 1.000000, inc_y_i = 1.000000
En el else......

----------------------------------------
x = 485.000000, y = 391.000000
avance = -237.000000, avanceR = 2.000000, avanceI = 2.000000
inc_x_r = 0.000000, inc_y_r = 1.000000, inc_x_i = 1.000000, inc_y_i = 1.000000
En el else......

----------------------------------------
x = 485.000000, y = 392.000000
avance = -235.000000, avanceR = 2.000000, avanceI = 2.000000
inc_x_r = 0.000000, inc_y_r = 1.000000, inc_x_i = 1.000000, inc_y_i = 1.000000
En el else......

----------------------------------------
x = 485.000000, y = 393.000000
avance = -233.000000, avanceR = 2.000000, avanceI = 2.000000
inc_x_r = 0.000000, inc_y_r = 1.000000, inc_x_i = 1.000000, inc_y_i = 1.000000
En el else......

----------------------------------------
x = 485.000000, y = 394.000000
avance = -231.000000, avanceR = 2.000000, avanceI = 2.000000
inc_x_r = 0.000000, inc_y_r = 1.000000, inc_x_i = 1.000000, inc_y_i = 1.000000
En el else......

----------------------------------------
x = 485.000000, y = 395.000000
avance = -229.000000, avanceR = 2.000000, avanceI = 2.000000
inc_x_r = 0.000000, inc_y_r = 1.000000, inc_x_i = 1.000000, inc_y_i = 1.000000
En el else......

----------------------------------------
x = 485.000000, y = 396.000000
avance = -227.000000, avanceR = 2.000000, avanceI = 2.000000
inc_x_r = 0.000000, inc_y_r = 1.000000, inc_x_i = 1.000000, inc_y_i = 1.000000
En el else......

----------------------------------------
x = 485.000000, y = 397.000000
avance = -225.000000, avanceR = 2.000000, avanceI = 2.000000
inc_x_r = 0.000000, inc_y_r = 1.000000, inc_x_i = 1.000000, inc_y_i = 1.000000
En el else......

----------------------------------------
x = 485.000000, y = 398.000000
avance = -223.000000, avanceR = 2.000000, avanceI = 2.000000
inc_x_r = 0.000000, inc_y_r = 1.000000, inc_x_i = 1.000000, inc_y_i = 1.000000
En el else......

----------------------------------------
x = 485.000000, y = 399.000000
avance = -221.000000, avanceR = 2.000000, avanceI = 2.000000
inc_x_r = 0.000000, inc_y_r = 1.000000, inc_x_i = 1.000000, inc_y_i = 1.000000
En el else......

----------------------------------------
hora de salir del bucle mi pana


ENTRAMOS A BRESENHAMªªªª
x1 = 485.000000 - y1 = 385.000000 || x2 = 486.000000 - y2 = 636.000000
dy = 251.000000, dx = 1.000000
avances inclinados: inc_x_i = 1.000000, inc_y_i = 1.000000
updated: dy = 251.000000, dx = 1.000000
avances rectos: inc_x_r = 0.000000, inc_y_r 1.000000
reupdated: dy = 1.000000, dx = 251.000000
avanceR = 2.000000, avance -249.000000, avanceI 2.000000
----------------------------------------
x = 485.000000, y = 385.000000
avance = -249.000000, avanceR = 2.000000, avanceI = 2.000000
inc_x_r = 0.000000, inc_y_r = 1.000000, inc_x_i = 1.000000, inc_y_i = 1.000000
En el else......

----------------------------------------
x = 485.000000, y = 386.000000
avance = -247.000000, avanceR = 2.000000, avanceI = 2.000000
inc_x_r = 0.000000, inc_y_r = 1.000000, inc_x_i = 1.000000, inc_y_i = 1.000000
En el else......

----------------------------------------
x = 485.000000, y = 387.000000
avance = -245.000000, avanceR = 2.000000, avanceI = 2.000000
inc_x_r = 0.000000, inc_y_r = 1.000000, inc_x_i = 1.000000, inc_y_i = 1.000000
En el else......

----------------------------------------
x = 485.000000, y = 388.000000
avance = -243.000000, avanceR = 2.000000, avanceI = 2.000000
inc_x_r = 0.000000, inc_y_r = 1.000000, inc_x_i = 1.000000, inc_y_i = 1.000000
En el else......

----------------------------------------
x = 485.000000, y = 389.000000
avance = -241.000000, avanceR = 2.000000, avanceI = 2.000000
inc_x_r = 0.000000, inc_y_r = 1.000000, inc_x_i = 1.000000, inc_y_i = 1.000000
En el else......

----------------------------------------
x = 485.000000, y = 390.000000
avance = -239.000000, avanceR = 2.000000, avanceI = 2.000000
inc_x_r = 0.000000, inc_y_r = 1.000000, inc_x_i = 1.000000, inc_y_i = 1.000000
En el else......

----------------------------------------
x = 485.000000, y = 391.000000
avance = -237.000000, avanceR = 2.000000, avanceI = 2.000000
inc_x_r = 0.000000, inc_y_r = 1.000000, inc_x_i = 1.000000, inc_y_i = 1.000000
En el else......

----------------------------------------
x = 485.000000, y = 392.000000
avance = -235.000000, avanceR = 2.000000, avanceI = 2.000000
inc_x_r = 0.000000, inc_y_r = 1.000000, inc_x_i = 1.000000, inc_y_i = 1.000000
En el else......

----------------------------------------
x = 485.000000, y = 393.000000
avance = -233.000000, avanceR = 2.000000, avanceI = 2.000000
inc_x_r = 0.000000, inc_y_r = 1.000000, inc_x_i = 1.000000, inc_y_i = 1.000000
En el else......

----------------------------------------
x = 485.000000, y = 394.000000
avance = -231.000000, avanceR = 2.000000, avanceI = 2.000000
inc_x_r = 0.000000, inc_y_r = 1.000000, inc_x_i = 1.000000, inc_y_i = 1.000000
En el else......

----------------------------------------
x = 485.000000, y = 395.000000
avance = -229.000000, avanceR = 2.000000, avanceI = 2.000000
inc_x_r = 0.000000, inc_y_r = 1.000000, inc_x_i = 1.000000, inc_y_i = 1.000000
En el else......

----------------------------------------
x = 485.000000, y = 396.000000
avance = -227.000000, avanceR = 2.000000, avanceI = 2.000000
inc_x_r = 0.000000, inc_y_r = 1.000000, inc_x_i = 1.000000, inc_y_i = 1.000000
En el else......

----------------------------------------
x = 485.000000, y = 397.000000
avance = -225.000000, avanceR = 2.000000, avanceI = 2.000000
inc_x_r = 0.000000, inc_y_r = 1.000000, inc_x_i = 1.000000, inc_y_i = 1.000000
En el else......

----------------------------------------
x = 485.000000, y = 398.000000
avance = -223.000000, avanceR = 2.000000, avanceI = 2.000000
inc_x_r = 0.000000, inc_y_r = 1.000000, inc_x_i = 1.000000, inc_y_i = 1.000000
En el else......

----------------------------------------
x = 485.000000, y = 399.000000
avance = -221.000000, avanceR = 2.000000, avanceI = 2.000000
inc_x_r = 0.000000, inc_y_r = 1.000000, inc_x_i = 1.000000, inc_y_i = 1.000000
En el else......

----------------------------------------
hora de salir del bucle mi pana


ENTRAMOS A BRESENHAMªªªª
x1 = 485.000000 - y1 = 385.000000 || x2 = 486.000000 - y2 = 636.000000
dy = 251.000000, dx = 1.000000
avances inclinados: inc_x_i = 1.000000, inc_y_i = 1.000000
updated: dy = 251.000000, dx = 1.000000
avances rectos: inc_x_r = 0.000000, inc_y_r 1.000000
reupdated: dy = 1.000000, dx = 251.000000
avanceR = 2.000000, avance -249.000000, avanceI 2.000000
----------------------------------------
x = 485.000000, y = 385.000000
avance = -249.000000, avanceR = 2.000000, avanceI = 2.000000
inc_x_r = 0.000000, inc_y_r = 1.000000, inc_x_i = 1.000000, inc_y_i = 1.000000
En el else......

----------------------------------------
x = 485.000000, y = 386.000000
avance = -247.000000, avanceR = 2.000000, avanceI = 2.000000
inc_x_r = 0.000000, inc_y_r = 1.000000, inc_x_i = 1.000000, inc_y_i = 1.000000
En el else......

----------------------------------------
x = 485.000000, y = 387.000000
avance = -245.000000, avanceR = 2.000000, avanceI = 2.000000
inc_x_r = 0.000000, inc_y_r = 1.000000, inc_x_i = 1.000000, inc_y_i = 1.000000
En el else......

----------------------------------------
x = 485.000000, y = 388.000000
avance = -243.000000, avanceR = 2.000000, avanceI = 2.000000
inc_x_r = 0.000000, inc_y_r = 1.000000, inc_x_i = 1.000000, inc_y_i = 1.000000
En el else......

----------------------------------------
x = 485.000000, y = 389.000000
avance = -241.000000, avanceR = 2.000000, avanceI = 2.000000
inc_x_r = 0.000000, inc_y_r = 1.000000, inc_x_i = 1.000000, inc_y_i = 1.000000
En el else......

----------------------------------------
x = 485.000000, y = 390.000000
avance = -239.000000, avanceR = 2.000000, avanceI = 2.000000
inc_x_r = 0.000000, inc_y_r = 1.000000, inc_x_i = 1.000000, inc_y_i = 1.000000
En el else......

----------------------------------------
x = 485.000000, y = 391.000000
avance = -237.000000, avanceR = 2.000000, avanceI = 2.000000
inc_x_r = 0.000000, inc_y_r = 1.000000, inc_x_i = 1.000000, inc_y_i = 1.000000
En el else......

----------------------------------------
x = 485.000000, y = 392.000000
avance = -235.000000, avanceR = 2.000000, avanceI = 2.000000
inc_x_r = 0.000000, inc_y_r = 1.000000, inc_x_i = 1.000000, inc_y_i = 1.000000
En el else......

----------------------------------------
x = 485.000000, y = 393.000000
avance = -233.000000, avanceR = 2.000000, avanceI = 2.000000
inc_x_r = 0.000000, inc_y_r = 1.000000, inc_x_i = 1.000000, inc_y_i = 1.000000
En el else......

----------------------------------------
x = 485.000000, y = 394.000000
avance = -231.000000, avanceR = 2.000000, avanceI = 2.000000
inc_x_r = 0.000000, inc_y_r = 1.000000, inc_x_i = 1.000000, inc_y_i = 1.000000
En el else......

----------------------------------------
x = 485.000000, y = 395.000000
avance = -229.000000, avanceR = 2.000000, avanceI = 2.000000
inc_x_r = 0.000000, inc_y_r = 1.000000, inc_x_i = 1.000000, inc_y_i = 1.000000
En el else......

----------------------------------------
x = 485.000000, y = 396.000000
avance = -227.000000, avanceR = 2.000000, avanceI = 2.000000
inc_x_r = 0.000000, inc_y_r = 1.000000, inc_x_i = 1.000000, inc_y_i = 1.000000
En el else......

----------------------------------------
x = 485.000000, y = 397.000000
avance = -225.000000, avanceR = 2.000000, avanceI = 2.000000
inc_x_r = 0.000000, inc_y_r = 1.000000, inc_x_i = 1.000000, inc_y_i = 1.000000
En el else......

----------------------------------------
x = 485.000000, y = 398.000000
avance = -223.000000, avanceR = 2.000000, avanceI = 2.000000
inc_x_r = 0.000000, inc_y_r = 1.000000, inc_x_i = 1.000000, inc_y_i = 1.000000
En el else......

----------------------------------------
x = 485.000000, y = 399.000000
avance = -221.000000, avanceR = 2.000000, avanceI = 2.000000
inc_x_r = 0.000000, inc_y_r = 1.000000, inc_x_i = 1.000000, inc_y_i = 1.000000
En el else......

----------------------------------------
hora de salir del bucle mi pana


ENTRAMOS A BRESENHAMªªªª
x1 = 485.000000 - y1 = 385.000000 || x2 = 486.000000 - y2 = 636.000000
dy = 251.000000, dx = 1.000000
avances inclinados: inc_x_i = 1.000000, inc_y_i = 1.000000
updated: dy = 251.000000, dx = 1.000000
avances rectos: inc_x_r = 0.000000, inc_y_r 1.000000
reupdated: dy = 1.000000, dx = 251.000000
avanceR = 2.000000, avance -249.000000, avanceI 2.000000
----------------------------------------
x = 485.000000, y = 385.000000
avance = -249.000000, avanceR = 2.000000, avanceI = 2.000000
inc_x_r = 0.000000, inc_y_r = 1.000000, inc_x_i = 1.000000, inc_y_i = 1.000000
En el else......

----------------------------------------
x = 485.000000, y = 386.000000
avance = -247.000000, avanceR = 2.000000, avanceI = 2.000000
inc_x_r = 0.000000, inc_y_r = 1.000000, inc_x_i = 1.000000, inc_y_i = 1.000000
En el else......

----------------------------------------
x = 485.000000, y = 387.000000
avance = -245.000000, avanceR = 2.000000, avanceI = 2.000000
inc_x_r = 0.000000, inc_y_r = 1.000000, inc_x_i = 1.000000, inc_y_i = 1.000000
En el else......

----------------------------------------
x = 485.000000, y = 388.000000
avance = -243.000000, avanceR = 2.000000, avanceI = 2.000000
inc_x_r = 0.000000, inc_y_r = 1.000000, inc_x_i = 1.000000, inc_y_i = 1.000000
En el else......

----------------------------------------
x = 485.000000, y = 389.000000
avance = -241.000000, avanceR = 2.000000, avanceI = 2.000000
inc_x_r = 0.000000, inc_y_r = 1.000000, inc_x_i = 1.000000, inc_y_i = 1.000000
En el else......

----------------------------------------
x = 485.000000, y = 390.000000
avance = -239.000000, avanceR = 2.000000, avanceI = 2.000000
inc_x_r = 0.000000, inc_y_r = 1.000000, inc_x_i = 1.000000, inc_y_i = 1.000000
En el else......

----------------------------------------
x = 485.000000, y = 391.000000
avance = -237.000000, avanceR = 2.000000, avanceI = 2.000000
inc_x_r = 0.000000, inc_y_r = 1.000000, inc_x_i = 1.000000, inc_y_i = 1.000000
En el else......

----------------------------------------
x = 485.000000, y = 392.000000
avance = -235.000000, avanceR = 2.000000, avanceI = 2.000000
inc_x_r = 0.000000, inc_y_r = 1.000000, inc_x_i = 1.000000, inc_y_i = 1.000000
En el else......

----------------------------------------
x = 485.000000, y = 393.000000
avance = -233.000000, avanceR = 2.000000, avanceI = 2.000000
inc_x_r = 0.000000, inc_y_r = 1.000000, inc_x_i = 1.000000, inc_y_i = 1.000000
En el else......

----------------------------------------
x = 485.000000, y = 394.000000
avance = -231.000000, avanceR = 2.000000, avanceI = 2.000000
inc_x_r = 0.000000, inc_y_r = 1.000000, inc_x_i = 1.000000, inc_y_i = 1.000000
En el else......

----------------------------------------
x = 485.000000, y = 395.000000
avance = -229.000000, avanceR = 2.000000, avanceI = 2.000000
inc_x_r = 0.000000, inc_y_r = 1.000000, inc_x_i = 1.000000, inc_y_i = 1.000000
En el else......

----------------------------------------
x = 485.000000, y = 396.000000
avance = -227.000000, avanceR = 2.000000, avanceI = 2.000000
inc_x_r = 0.000000, inc_y_r = 1.000000, inc_x_i = 1.000000, inc_y_i = 1.000000
En el else......

----------------------------------------
x = 485.000000, y = 397.000000
avance = -225.000000, avanceR = 2.000000, avanceI = 2.000000
inc_x_r = 0.000000, inc_y_r = 1.000000, inc_x_i = 1.000000, inc_y_i = 1.000000
En el else......

----------------------------------------
x = 485.000000, y = 398.000000
avance = -223.000000, avanceR = 2.000000, avanceI = 2.000000
inc_x_r = 0.000000, inc_y_r = 1.000000, inc_x_i = 1.000000, inc_y_i = 1.000000
En el else......

----------------------------------------
x = 485.000000, y = 399.000000
avance = -221.000000, avanceR = 2.000000, avanceI = 2.000000
inc_x_r = 0.000000, inc_y_r = 1.000000, inc_x_i = 1.000000, inc_y_i = 1.000000
En el else......

----------------------------------------
hora de salir del bucle mi pana


ENTRAMOS A BRESENHAMªªªª
x1 = 485.000000 - y1 = 385.000000 || x2 = 486.000000 - y2 = 636.000000
dy = 251.000000, dx = 1.000000
avances inclinados: inc_x_i = 1.000000, inc_y_i = 1.000000
updated: dy = 251.000000, dx = 1.000000
avances rectos: inc_x_r = 0.000000, inc_y_r 1.000000
reupdated: dy = 1.000000, dx = 251.000000
avanceR = 2.000000, avance -249.000000, avanceI 2.000000
----------------------------------------
x = 485.000000, y = 385.000000
avance = -249.000000, avanceR = 2.000000, avanceI = 2.000000
inc_x_r = 0.000000, inc_y_r = 1.000000, inc_x_i = 1.000000, inc_y_i = 1.000000
En el else......

----------------------------------------
x = 485.000000, y = 386.000000
avance = -247.000000, avanceR = 2.000000, avanceI = 2.000000
inc_x_r = 0.000000, inc_y_r = 1.000000, inc_x_i = 1.000000, inc_y_i = 1.000000
En el else......

----------------------------------------
x = 485.000000, y = 387.000000
avance = -245.000000, avanceR = 2.000000, avanceI = 2.000000
inc_x_r = 0.000000, inc_y_r = 1.000000, inc_x_i = 1.000000, inc_y_i = 1.000000
En el else......

----------------------------------------
x = 485.000000, y = 388.000000
avance = -243.000000, avanceR = 2.000000, avanceI = 2.000000
inc_x_r = 0.000000, inc_y_r = 1.000000, inc_x_i = 1.000000, inc_y_i = 1.000000
En el else......

----------------------------------------
x = 485.000000, y = 389.000000
avance = -241.000000, avanceR = 2.000000, avanceI = 2.000000
inc_x_r = 0.000000, inc_y_r = 1.000000, inc_x_i = 1.000000, inc_y_i = 1.000000
En el else......

----------------------------------------
x = 485.000000, y = 390.000000
avance = -239.000000, avanceR = 2.000000, avanceI = 2.000000
inc_x_r = 0.000000, inc_y_r = 1.000000, inc_x_i = 1.000000, inc_y_i = 1.000000
En el else......

----------------------------------------
x = 485.000000, y = 391.000000
avance = -237.000000, avanceR = 2.000000, avanceI = 2.000000
inc_x_r = 0.000000, inc_y_r = 1.000000, inc_x_i = 1.000000, inc_y_i = 1.000000
En el else......

----------------------------------------
x = 485.000000, y = 392.000000
avance = -235.000000, avanceR = 2.000000, avanceI = 2.000000
inc_x_r = 0.000000, inc_y_r = 1.000000, inc_x_i = 1.000000, inc_y_i = 1.000000
En el else......

----------------------------------------
x = 485.000000, y = 393.000000
avance = -233.000000, avanceR = 2.000000, avanceI = 2.000000
inc_x_r = 0.000000, inc_y_r = 1.000000, inc_x_i = 1.000000, inc_y_i = 1.000000
En el else......

----------------------------------------
x = 485.000000, y = 394.000000
avance = -231.000000, avanceR = 2.000000, avanceI = 2.000000
inc_x_r = 0.000000, inc_y_r = 1.000000, inc_x_i = 1.000000, inc_y_i = 1.000000
En el else......

----------------------------------------
x = 485.000000, y = 395.000000
avance = -229.000000, avanceR = 2.000000, avanceI = 2.000000
inc_x_r = 0.000000, inc_y_r = 1.000000, inc_x_i = 1.000000, inc_y_i = 1.000000
En el else......

----------------------------------------
x = 485.000000, y = 396.000000
avance = -227.000000, avanceR = 2.000000, avanceI = 2.000000
inc_x_r = 0.000000, inc_y_r = 1.000000, inc_x_i = 1.000000, inc_y_i = 1.000000
En el else......

----------------------------------------
x = 485.000000, y = 397.000000
avance = -225.000000, avanceR = 2.000000, avanceI = 2.000000
inc_x_r = 0.000000, inc_y_r = 1.000000, inc_x_i = 1.000000, inc_y_i = 1.000000
En el else......

----------------------------------------
x = 485.000000, y = 398.000000
avance = -223.000000, avanceR = 2.000000, avanceI = 2.000000
inc_x_r = 0.000000, inc_y_r = 1.000000, inc_x_i = 1.000000, inc_y_i = 1.000000
En el else......

----------------------------------------
x = 485.000000, y = 399.000000
avance = -221.000000, avanceR = 2.000000, avanceI = 2.000000
inc_x_r = 0.000000, inc_y_r = 1.000000, inc_x_i = 1.000000, inc_y_i = 1.000000
En el else......

----------------------------------------
hora de salir del bucle mi pana


ENTRAMOS A BRESENHAMªªªª
x1 = 485.000000 - y1 = 385.000000 || x2 = 486.000000 - y2 = 636.000000
dy = 251.000000, dx = 1.000000
avances inclinados: inc_x_i = 1.000000, inc_y_i = 1.000000
updated: dy = 251.000000, dx = 1.000000
avances rectos: inc_x_r = 0.000000, inc_y_r 1.000000
reupdated: dy = 1.000000, dx = 251.000000
avanceR = 2.000000, avance -249.000000, avanceI 2.000000
----------------------------------------
x = 485.000000, y = 385.000000
avance = -249.000000, avanceR = 2.000000, avanceI = 2.000000
inc_x_r = 0.000000, inc_y_r = 1.000000, inc_x_i = 1.000000, inc_y_i = 1.000000
En el else......

----------------------------------------
x = 485.000000, y = 386.000000
avance = -247.000000, avanceR = 2.000000, avanceI = 2.000000
inc_x_r = 0.000000, inc_y_r = 1.000000, inc_x_i = 1.000000, inc_y_i = 1.000000
En el else......

----------------------------------------
x = 485.000000, y = 387.000000
avance = -245.000000, avanceR = 2.000000, avanceI = 2.000000
inc_x_r = 0.000000, inc_y_r = 1.000000, inc_x_i = 1.000000, inc_y_i = 1.000000
En el else......

----------------------------------------
x = 485.000000, y = 388.000000
avance = -243.000000, avanceR = 2.000000, avanceI = 2.000000
inc_x_r = 0.000000, inc_y_r = 1.000000, inc_x_i = 1.000000, inc_y_i = 1.000000
En el else......

----------------------------------------
x = 485.000000, y = 389.000000
avance = -241.000000, avanceR = 2.000000, avanceI = 2.000000
inc_x_r = 0.000000, inc_y_r = 1.000000, inc_x_i = 1.000000, inc_y_i = 1.000000
En el else......

----------------------------------------
x = 485.000000, y = 390.000000
avance = -239.000000, avanceR = 2.000000, avanceI = 2.000000
inc_x_r = 0.000000, inc_y_r = 1.000000, inc_x_i = 1.000000, inc_y_i = 1.000000
En el else......

----------------------------------------
x = 485.000000, y = 391.000000
avance = -237.000000, avanceR = 2.000000, avanceI = 2.000000
inc_x_r = 0.000000, inc_y_r = 1.000000, inc_x_i = 1.000000, inc_y_i = 1.000000
En el else......

----------------------------------------
x = 485.000000, y = 392.000000
avance = -235.000000, avanceR = 2.000000, avanceI = 2.000000
inc_x_r = 0.000000, inc_y_r = 1.000000, inc_x_i = 1.000000, inc_y_i = 1.000000
En el else......

----------------------------------------
x = 485.000000, y = 393.000000
avance = -233.000000, avanceR = 2.000000, avanceI = 2.000000
inc_x_r = 0.000000, inc_y_r = 1.000000, inc_x_i = 1.000000, inc_y_i = 1.000000
En el else......

----------------------------------------
x = 485.000000, y = 394.000000
avance = -231.000000, avanceR = 2.000000, avanceI = 2.000000
inc_x_r = 0.000000, inc_y_r = 1.000000, inc_x_i = 1.000000, inc_y_i = 1.000000
En el else......

----------------------------------------
x = 485.000000, y = 395.000000
avance = -229.000000, avanceR = 2.000000, avanceI = 2.000000
inc_x_r = 0.000000, inc_y_r = 1.000000, inc_x_i = 1.000000, inc_y_i = 1.000000
En el else......

----------------------------------------
x = 485.000000, y = 396.000000
avance = -227.000000, avanceR = 2.000000, avanceI = 2.000000
inc_x_r = 0.000000, inc_y_r = 1.000000, inc_x_i = 1.000000, inc_y_i = 1.000000
En el else......

----------------------------------------
x = 485.000000, y = 397.000000
avance = -225.000000, avanceR = 2.000000, avanceI = 2.000000
inc_x_r = 0.000000, inc_y_r = 1.000000, inc_x_i = 1.000000, inc_y_i = 1.000000
En el else......

----------------------------------------
x = 485.000000, y = 398.000000
avance = -223.000000, avanceR = 2.000000, avanceI = 2.000000
inc_x_r = 0.000000, inc_y_r = 1.000000, inc_x_i = 1.000000, inc_y_i = 1.000000
En el else......

----------------------------------------
x = 485.000000, y = 399.000000
avance = -221.000000, avanceR = 2.000000, avanceI = 2.000000
inc_x_r = 0.000000, inc_y_r = 1.000000, inc_x_i = 1.000000, inc_y_i = 1.000000
En el else......

----------------------------------------
hora de salir del bucle mi pana


ENTRAMOS A BRESENHAMªªªª
x1 = 485.000000 - y1 = 385.000000 || x2 = 486.000000 - y2 = 636.000000
dy = 251.000000, dx = 1.000000
avances inclinados: inc_x_i = 1.000000, inc_y_i = 1.000000
updated: dy = 251.000000, dx = 1.000000
avances rectos: inc_x_r = 0.000000, inc_y_r 1.000000
reupdated: dy = 1.000000, dx = 251.000000
avanceR = 2.000000, avance -249.000000, avanceI 2.000000
----------------------------------------
x = 485.000000, y = 385.000000
avance = -249.000000, avanceR = 2.000000, avanceI = 2.000000
inc_x_r = 0.000000, inc_y_r = 1.000000, inc_x_i = 1.000000, inc_y_i = 1.000000
En el else......

----------------------------------------
x = 485.000000, y = 386.000000
avance = -247.000000, avanceR = 2.000000, avanceI = 2.000000
inc_x_r = 0.000000, inc_y_r = 1.000000, inc_x_i = 1.000000, inc_y_i = 1.000000
En el else......

----------------------------------------
x = 485.000000, y = 387.000000
avance = -245.000000, avanceR = 2.000000, avanceI = 2.000000
inc_x_r = 0.000000, inc_y_r = 1.000000, inc_x_i = 1.000000, inc_y_i = 1.000000
En el else......

----------------------------------------
x = 485.000000, y = 388.000000
avance = -243.000000, avanceR = 2.000000, avanceI = 2.000000
inc_x_r = 0.000000, inc_y_r = 1.000000, inc_x_i = 1.000000, inc_y_i = 1.000000
En el else......

----------------------------------------
x = 485.000000, y = 389.000000
avance = -241.000000, avanceR = 2.000000, avanceI = 2.000000
inc_x_r = 0.000000, inc_y_r = 1.000000, inc_x_i = 1.000000, inc_y_i = 1.000000
En el else......

----------------------------------------
x = 485.000000, y = 390.000000
avance = -239.000000, avanceR = 2.000000, avanceI = 2.000000
inc_x_r = 0.000000, inc_y_r = 1.000000, inc_x_i = 1.000000, inc_y_i = 1.000000
En el else......

----------------------------------------
x = 485.000000, y = 391.000000
avance = -237.000000, avanceR = 2.000000, avanceI = 2.000000
inc_x_r = 0.000000, inc_y_r = 1.000000, inc_x_i = 1.000000, inc_y_i = 1.000000
En el else......

----------------------------------------
x = 485.000000, y = 392.000000
avance = -235.000000, avanceR = 2.000000, avanceI = 2.000000
inc_x_r = 0.000000, inc_y_r = 1.000000, inc_x_i = 1.000000, inc_y_i = 1.000000
En el else......

----------------------------------------
x = 485.000000, y = 393.000000
avance = -233.000000, avanceR = 2.000000, avanceI = 2.000000
inc_x_r = 0.000000, inc_y_r = 1.000000, inc_x_i = 1.000000, inc_y_i = 1.000000
En el else......

----------------------------------------
x = 485.000000, y = 394.000000
avance = -231.000000, avanceR = 2.000000, avanceI = 2.000000
inc_x_r = 0.000000, inc_y_r = 1.000000, inc_x_i = 1.000000, inc_y_i = 1.000000
En el else......

----------------------------------------
x = 485.000000, y = 395.000000
avance = -229.000000, avanceR = 2.000000, avanceI = 2.000000
inc_x_r = 0.000000, inc_y_r = 1.000000, inc_x_i = 1.000000, inc_y_i = 1.000000
En el else......

----------------------------------------
x = 485.000000, y = 396.000000
avance = -227.000000, avanceR = 2.000000, avanceI = 2.000000
inc_x_r = 0.000000, inc_y_r = 1.000000, inc_x_i = 1.000000, inc_y_i = 1.000000
En el else......

----------------------------------------
x = 485.000000, y = 397.000000
avance = -225.000000, avanceR = 2.000000, avanceI = 2.000000
inc_x_r = 0.000000, inc_y_r = 1.000000, inc_x_i = 1.000000, inc_y_i = 1.000000
En el else......

----------------------------------------
x = 485.000000, y = 398.000000
avance = -223.000000, avanceR = 2.000000, avanceI = 2.000000
inc_x_r = 0.000000, inc_y_r = 1.000000, inc_x_i = 1.000000, inc_y_i = 1.000000
En el else......

----------------------------------------
x = 485.000000, y = 399.000000
avance = -221.000000, avanceR = 2.000000, avanceI = 2.000000
inc_x_r = 0.000000, inc_y_r = 1.000000, inc_x_i = 1.000000, inc_y_i = 1.000000
En el else......

----------------------------------------
hora de salir del bucle mi pana


ENTRAMOS A BRESENHAMªªªª
x1 = 485.000000 - y1 = 385.000000 || x2 = 486.000000 - y2 = 636.000000
dy = 251.000000, dx = 1.000000
avances inclinados: inc_x_i = 1.000000, inc_y_i = 1.000000
updated: dy = 251.000000, dx = 1.000000
avances rectos: inc_x_r = 0.000000, inc_y_r 1.000000
reupdated: dy = 1.000000, dx = 251.000000
avanceR = 2.000000, avance -249.000000, avanceI 2.000000
----------------------------------------
x = 485.000000, y = 385.000000
avance = -249.000000, avanceR = 2.000000, avanceI = 2.000000
inc_x_r = 0.000000, inc_y_r = 1.000000, inc_x_i = 1.000000, inc_y_i = 1.000000
En el else......

----------------------------------------
x = 485.000000, y = 386.000000
avance = -247.000000, avanceR = 2.000000, avanceI = 2.000000
inc_x_r = 0.000000, inc_y_r = 1.000000, inc_x_i = 1.000000, inc_y_i = 1.000000
En el else......

----------------------------------------
x = 485.000000, y = 387.000000
avance = -245.000000, avanceR = 2.000000, avanceI = 2.000000
inc_x_r = 0.000000, inc_y_r = 1.000000, inc_x_i = 1.000000, inc_y_i = 1.000000
En el else......

----------------------------------------
x = 485.000000, y = 388.000000
avance = -243.000000, avanceR = 2.000000, avanceI = 2.000000
inc_x_r = 0.000000, inc_y_r = 1.000000, inc_x_i = 1.000000, inc_y_i = 1.000000
En el else......

----------------------------------------
x = 485.000000, y = 389.000000
avance = -241.000000, avanceR = 2.000000, avanceI = 2.000000
inc_x_r = 0.000000, inc_y_r = 1.000000, inc_x_i = 1.000000, inc_y_i = 1.000000
En el else......

----------------------------------------
x = 485.000000, y = 390.000000
avance = -239.000000, avanceR = 2.000000, avanceI = 2.000000
inc_x_r = 0.000000, inc_y_r = 1.000000, inc_x_i = 1.000000, inc_y_i = 1.000000
En el else......

----------------------------------------
x = 485.000000, y = 391.000000
avance = -237.000000, avanceR = 2.000000, avanceI = 2.000000
inc_x_r = 0.000000, inc_y_r = 1.000000, inc_x_i = 1.000000, inc_y_i = 1.000000
En el else......

----------------------------------------
x = 485.000000, y = 392.000000
avance = -235.000000, avanceR = 2.000000, avanceI = 2.000000
inc_x_r = 0.000000, inc_y_r = 1.000000, inc_x_i = 1.000000, inc_y_i = 1.000000
En el else......

----------------------------------------
x = 485.000000, y = 393.000000
avance = -233.000000, avanceR = 2.000000, avanceI = 2.000000
inc_x_r = 0.000000, inc_y_r = 1.000000, inc_x_i = 1.000000, inc_y_i = 1.000000
En el else......

----------------------------------------
x = 485.000000, y = 394.000000
avance = -231.000000, avanceR = 2.000000, avanceI = 2.000000
inc_x_r = 0.000000, inc_y_r = 1.000000, inc_x_i = 1.000000, inc_y_i = 1.000000
En el else......

----------------------------------------
x = 485.000000, y = 395.000000
avance = -229.000000, avanceR = 2.000000, avanceI = 2.000000
inc_x_r = 0.000000, inc_y_r = 1.000000, inc_x_i = 1.000000, inc_y_i = 1.000000
En el else......

----------------------------------------
x = 485.000000, y = 396.000000
avance = -227.000000, avanceR = 2.000000, avanceI = 2.000000
inc_x_r = 0.000000, inc_y_r = 1.000000, inc_x_i = 1.000000, inc_y_i = 1.000000
En el else......

----------------------------------------
x = 485.000000, y = 397.000000
avance = -225.000000, avanceR = 2.000000, avanceI = 2.000000
inc_x_r = 0.000000, inc_y_r = 1.000000, inc_x_i = 1.000000, inc_y_i = 1.000000
En el else......

----------------------------------------
x = 485.000000, y = 398.000000
avance = -223.000000, avanceR = 2.000000, avanceI = 2.000000
inc_x_r = 0.000000, inc_y_r = 1.000000, inc_x_i = 1.000000, inc_y_i = 1.000000
En el else......

----------------------------------------
x = 485.000000, y = 399.000000
avance = -221.000000, avanceR = 2.000000, avanceI = 2.000000
inc_x_r = 0.000000, inc_y_r = 1.000000, inc_x_i = 1.000000, inc_y_i = 1.000000
En el else......

----------------------------------------
hora de salir del bucle mi pana


ENTRAMOS A BRESENHAMªªªª
x1 = 485.000000 - y1 = 385.000000 || x2 = 486.000000 - y2 = 636.000000
dy = 251.000000, dx = 1.000000
avances inclinados: inc_x_i = 1.000000, inc_y_i = 1.000000
updated: dy = 251.000000, dx = 1.000000
avances rectos: inc_x_r = 0.000000, inc_y_r 1.000000
reupdated: dy = 1.000000, dx = 251.000000
avanceR = 2.000000, avance -249.000000, avanceI 2.000000
----------------------------------------
x = 485.000000, y = 385.000000
avance = -249.000000, avanceR = 2.000000, avanceI = 2.000000
inc_x_r = 0.000000, inc_y_r = 1.000000, inc_x_i = 1.000000, inc_y_i = 1.000000
En el else......

----------------------------------------
x = 485.000000, y = 386.000000
avance = -247.000000, avanceR = 2.000000, avanceI = 2.000000
inc_x_r = 0.000000, inc_y_r = 1.000000, inc_x_i = 1.000000, inc_y_i = 1.000000
En el else......

----------------------------------------
x = 485.000000, y = 387.000000
avance = -245.000000, avanceR = 2.000000, avanceI = 2.000000
inc_x_r = 0.000000, inc_y_r = 1.000000, inc_x_i = 1.000000, inc_y_i = 1.000000
En el else......

----------------------------------------
x = 485.000000, y = 388.000000
avance = -243.000000, avanceR = 2.000000, avanceI = 2.000000
inc_x_r = 0.000000, inc_y_r = 1.000000, inc_x_i = 1.000000, inc_y_i = 1.000000
En el else......

----------------------------------------
x = 485.000000, y = 389.000000
avance = -241.000000, avanceR = 2.000000, avanceI = 2.000000
inc_x_r = 0.000000, inc_y_r = 1.000000, inc_x_i = 1.000000, inc_y_i = 1.000000
En el else......

----------------------------------------
x = 485.000000, y = 390.000000
avance = -239.000000, avanceR = 2.000000, avanceI = 2.000000
inc_x_r = 0.000000, inc_y_r = 1.000000, inc_x_i = 1.000000, inc_y_i = 1.000000
En el else......

----------------------------------------
x = 485.000000, y = 391.000000
avance = -237.000000, avanceR = 2.000000, avanceI = 2.000000
inc_x_r = 0.000000, inc_y_r = 1.000000, inc_x_i = 1.000000, inc_y_i = 1.000000
En el else......

----------------------------------------
x = 485.000000, y = 392.000000
avance = -235.000000, avanceR = 2.000000, avanceI = 2.000000
inc_x_r = 0.000000, inc_y_r = 1.000000, inc_x_i = 1.000000, inc_y_i = 1.000000
En el else......

----------------------------------------
x = 485.000000, y = 393.000000
avance = -233.000000, avanceR = 2.000000, avanceI = 2.000000
inc_x_r = 0.000000, inc_y_r = 1.000000, inc_x_i = 1.000000, inc_y_i = 1.000000
En el else......

----------------------------------------
x = 485.000000, y = 394.000000
avance = -231.000000, avanceR = 2.000000, avanceI = 2.000000
inc_x_r = 0.000000, inc_y_r = 1.000000, inc_x_i = 1.000000, inc_y_i = 1.000000
En el else......

----------------------------------------
x = 485.000000, y = 395.000000
avance = -229.000000, avanceR = 2.000000, avanceI = 2.000000
inc_x_r = 0.000000, inc_y_r = 1.000000, inc_x_i = 1.000000, inc_y_i = 1.000000
En el else......

----------------------------------------
x = 485.000000, y = 396.000000
avance = -227.000000, avanceR = 2.000000, avanceI = 2.000000
inc_x_r = 0.000000, inc_y_r = 1.000000, inc_x_i = 1.000000, inc_y_i = 1.000000
En el else......

----------------------------------------
x = 485.000000, y = 397.000000
avance = -225.000000, avanceR = 2.000000, avanceI = 2.000000
inc_x_r = 0.000000, inc_y_r = 1.000000, inc_x_i = 1.000000, inc_y_i = 1.000000
En el else......

----------------------------------------
x = 485.000000, y = 398.000000
avance = -223.000000, avanceR = 2.000000, avanceI = 2.000000
inc_x_r = 0.000000, inc_y_r = 1.000000, inc_x_i = 1.000000, inc_y_i = 1.000000
En el else......

----------------------------------------
x = 485.000000, y = 399.000000
avance = -221.000000, avanceR = 2.000000, avanceI = 2.000000
inc_x_r = 0.000000, inc_y_r = 1.000000, inc_x_i = 1.000000, inc_y_i = 1.000000
En el else......

----------------------------------------
hora de salir del bucle mi pana


ENTRAMOS A BRESENHAMªªªª
x1 = 485.000000 - y1 = 385.000000 || x2 = 486.000000 - y2 = 636.000000
dy = 251.000000, dx = 1.000000
avances inclinados: inc_x_i = 1.000000, inc_y_i = 1.000000
updated: dy = 251.000000, dx = 1.000000
avances rectos: inc_x_r = 0.000000, inc_y_r 1.000000
reupdated: dy = 1.000000, dx = 251.000000
avanceR = 2.000000, avance -249.000000, avanceI 2.000000
----------------------------------------
x = 485.000000, y = 385.000000
avance = -249.000000, avanceR = 2.000000, avanceI = 2.000000
inc_x_r = 0.000000, inc_y_r = 1.000000, inc_x_i = 1.000000, inc_y_i = 1.000000
En el else......

----------------------------------------
x = 485.000000, y = 386.000000
avance = -247.000000, avanceR = 2.000000, avanceI = 2.000000
inc_x_r = 0.000000, inc_y_r = 1.000000, inc_x_i = 1.000000, inc_y_i = 1.000000
En el else......

----------------------------------------
x = 485.000000, y = 387.000000
avance = -245.000000, avanceR = 2.000000, avanceI = 2.000000
inc_x_r = 0.000000, inc_y_r = 1.000000, inc_x_i = 1.000000, inc_y_i = 1.000000
En el else......

----------------------------------------
x = 485.000000, y = 388.000000
avance = -243.000000, avanceR = 2.000000, avanceI = 2.000000
inc_x_r = 0.000000, inc_y_r = 1.000000, inc_x_i = 1.000000, inc_y_i = 1.000000
En el else......

----------------------------------------
x = 485.000000, y = 389.000000
avance = -241.000000, avanceR = 2.000000, avanceI = 2.000000
inc_x_r = 0.000000, inc_y_r = 1.000000, inc_x_i = 1.000000, inc_y_i = 1.000000
En el else......

----------------------------------------
x = 485.000000, y = 390.000000
avance = -239.000000, avanceR = 2.000000, avanceI = 2.000000
inc_x_r = 0.000000, inc_y_r = 1.000000, inc_x_i = 1.000000, inc_y_i = 1.000000
En el else......

----------------------------------------
x = 485.000000, y = 391.000000
avance = -237.000000, avanceR = 2.000000, avanceI = 2.000000
inc_x_r = 0.000000, inc_y_r = 1.000000, inc_x_i = 1.000000, inc_y_i = 1.000000
En el else......

----------------------------------------
x = 485.000000, y = 392.000000
avance = -235.000000, avanceR = 2.000000, avanceI = 2.000000
inc_x_r = 0.000000, inc_y_r = 1.000000, inc_x_i = 1.000000, inc_y_i = 1.000000
En el else......

----------------------------------------
x = 485.000000, y = 393.000000
avance = -233.000000, avanceR = 2.000000, avanceI = 2.000000
inc_x_r = 0.000000, inc_y_r = 1.000000, inc_x_i = 1.000000, inc_y_i = 1.000000
En el else......

----------------------------------------
x = 485.000000, y = 394.000000
avance = -231.000000, avanceR = 2.000000, avanceI = 2.000000
inc_x_r = 0.000000, inc_y_r = 1.000000, inc_x_i = 1.000000, inc_y_i = 1.000000
En el else......

----------------------------------------
x = 485.000000, y = 395.000000
avance = -229.000000, avanceR = 2.000000, avanceI = 2.000000
inc_x_r = 0.000000, inc_y_r = 1.000000, inc_x_i = 1.000000, inc_y_i = 1.000000
En el else......

----------------------------------------
x = 485.000000, y = 396.000000
avance = -227.000000, avanceR = 2.000000, avanceI = 2.000000
inc_x_r = 0.000000, inc_y_r = 1.000000, inc_x_i = 1.000000, inc_y_i = 1.000000
En el else......

----------------------------------------
x = 485.000000, y = 397.000000
avance = -225.000000, avanceR = 2.000000, avanceI = 2.000000
inc_x_r = 0.000000, inc_y_r = 1.000000, inc_x_i = 1.000000, inc_y_i = 1.000000
En el else......

----------------------------------------
x = 485.000000, y = 398.000000
avance = -223.000000, avanceR = 2.000000, avanceI = 2.000000
inc_x_r = 0.000000, inc_y_r = 1.000000, inc_x_i = 1.000000, inc_y_i = 1.000000
En el else......

----------------------------------------
x = 485.000000, y = 399.000000
avance = -221.000000, avanceR = 2.000000, avanceI = 2.000000
inc_x_r = 0.000000, inc_y_r = 1.000000, inc_x_i = 1.000000, inc_y_i = 1.000000
En el else......

----------------------------------------
hora de salir del bucle mi pana


ENTRAMOS A BRESENHAMªªªª
x1 = 485.000000 - y1 = 385.000000 || x2 = 486.000000 - y2 = 636.000000
dy = 251.000000, dx = 1.000000
avances inclinados: inc_x_i = 1.000000, inc_y_i = 1.000000
updated: dy = 251.000000, dx = 1.000000
avances rectos: inc_x_r = 0.000000, inc_y_r 1.000000
reupdated: dy = 1.000000, dx = 251.000000
avanceR = 2.000000, avance -249.000000, avanceI 2.000000
----------------------------------------
x = 485.000000, y = 385.000000
avance = -249.000000, avanceR = 2.000000, avanceI = 2.000000
inc_x_r = 0.000000, inc_y_r = 1.000000, inc_x_i = 1.000000, inc_y_i = 1.000000
En el else......

----------------------------------------
x = 485.000000, y = 386.000000
avance = -247.000000, avanceR = 2.000000, avanceI = 2.000000
inc_x_r = 0.000000, inc_y_r = 1.000000, inc_x_i = 1.000000, inc_y_i = 1.000000
En el else......

----------------------------------------
x = 485.000000, y = 387.000000
avance = -245.000000, avanceR = 2.000000, avanceI = 2.000000
inc_x_r = 0.000000, inc_y_r = 1.000000, inc_x_i = 1.000000, inc_y_i = 1.000000
En el else......

----------------------------------------
x = 485.000000, y = 388.000000
avance = -243.000000, avanceR = 2.000000, avanceI = 2.000000
inc_x_r = 0.000000, inc_y_r = 1.000000, inc_x_i = 1.000000, inc_y_i = 1.000000
En el else......

----------------------------------------
x = 485.000000, y = 389.000000
avance = -241.000000, avanceR = 2.000000, avanceI = 2.000000
inc_x_r = 0.000000, inc_y_r = 1.000000, inc_x_i = 1.000000, inc_y_i = 1.000000
En el else......

----------------------------------------
x = 485.000000, y = 390.000000
avance = -239.000000, avanceR = 2.000000, avanceI = 2.000000
inc_x_r = 0.000000, inc_y_r = 1.000000, inc_x_i = 1.000000, inc_y_i = 1.000000
En el else......

----------------------------------------
x = 485.000000, y = 391.000000
avance = -237.000000, avanceR = 2.000000, avanceI = 2.000000
inc_x_r = 0.000000, inc_y_r = 1.000000, inc_x_i = 1.000000, inc_y_i = 1.000000
En el else......

----------------------------------------
x = 485.000000, y = 392.000000
avance = -235.000000, avanceR = 2.000000, avanceI = 2.000000
inc_x_r = 0.000000, inc_y_r = 1.000000, inc_x_i = 1.000000, inc_y_i = 1.000000
En el else......

----------------------------------------
x = 485.000000, y = 393.000000
avance = -233.000000, avanceR = 2.000000, avanceI = 2.000000
inc_x_r = 0.000000, inc_y_r = 1.000000, inc_x_i = 1.000000, inc_y_i = 1.000000
En el else......

----------------------------------------
x = 485.000000, y = 394.000000
avance = -231.000000, avanceR = 2.000000, avanceI = 2.000000
inc_x_r = 0.000000, inc_y_r = 1.000000, inc_x_i = 1.000000, inc_y_i = 1.000000
En el else......

----------------------------------------
x = 485.000000, y = 395.000000
avance = -229.000000, avanceR = 2.000000, avanceI = 2.000000
inc_x_r = 0.000000, inc_y_r = 1.000000, inc_x_i = 1.000000, inc_y_i = 1.000000
En el else......

----------------------------------------
x = 485.000000, y = 396.000000
avance = -227.000000, avanceR = 2.000000, avanceI = 2.000000
inc_x_r = 0.000000, inc_y_r = 1.000000, inc_x_i = 1.000000, inc_y_i = 1.000000
En el else......

----------------------------------------
x = 485.000000, y = 397.000000
avance = -225.000000, avanceR = 2.000000, avanceI = 2.000000
inc_x_r = 0.000000, inc_y_r = 1.000000, inc_x_i = 1.000000, inc_y_i = 1.000000
En el else......

----------------------------------------
x = 485.000000, y = 398.000000
avance = -223.000000, avanceR = 2.000000, avanceI = 2.000000
inc_x_r = 0.000000, inc_y_r = 1.000000, inc_x_i = 1.000000, inc_y_i = 1.000000
En el else......

----------------------------------------
x = 485.000000, y = 399.000000
avance = -221.000000, avanceR = 2.000000, avanceI = 2.000000
inc_x_r = 0.000000, inc_y_r = 1.000000, inc_x_i = 1.000000, inc_y_i = 1.000000
En el else......

----------------------------------------
hora de salir del bucle mi pana


ENTRAMOS A BRESENHAMªªªª
x1 = 485.000000 - y1 = 385.000000 || x2 = 486.000000 - y2 = 636.000000
dy = 251.000000, dx = 1.000000
avances inclinados: inc_x_i = 1.000000, inc_y_i = 1.000000
updated: dy = 251.000000, dx = 1.000000
avances rectos: inc_x_r = 0.000000, inc_y_r 1.000000
reupdated: dy = 1.000000, dx = 251.000000
avanceR = 2.000000, avance -249.000000, avanceI 2.000000
----------------------------------------
x = 485.000000, y = 385.000000
avance = -249.000000, avanceR = 2.000000, avanceI = 2.000000
inc_x_r = 0.000000, inc_y_r = 1.000000, inc_x_i = 1.000000, inc_y_i = 1.000000
En el else......

----------------------------------------
x = 485.000000, y = 386.000000
avance = -247.000000, avanceR = 2.000000, avanceI = 2.000000
inc_x_r = 0.000000, inc_y_r = 1.000000, inc_x_i = 1.000000, inc_y_i = 1.000000
En el else......

----------------------------------------
x = 485.000000, y = 387.000000
avance = -245.000000, avanceR = 2.000000, avanceI = 2.000000
inc_x_r = 0.000000, inc_y_r = 1.000000, inc_x_i = 1.000000, inc_y_i = 1.000000
En el else......

----------------------------------------
x = 485.000000, y = 388.000000
avance = -243.000000, avanceR = 2.000000, avanceI = 2.000000
inc_x_r = 0.000000, inc_y_r = 1.000000, inc_x_i = 1.000000, inc_y_i = 1.000000
En el else......

----------------------------------------
x = 485.000000, y = 389.000000
avance = -241.000000, avanceR = 2.000000, avanceI = 2.000000
inc_x_r = 0.000000, inc_y_r = 1.000000, inc_x_i = 1.000000, inc_y_i = 1.000000
En el else......

----------------------------------------
x = 485.000000, y = 390.000000
avance = -239.000000, avanceR = 2.000000, avanceI = 2.000000
inc_x_r = 0.000000, inc_y_r = 1.000000, inc_x_i = 1.000000, inc_y_i = 1.000000
En el else......

----------------------------------------
x = 485.000000, y = 391.000000
avance = -237.000000, avanceR = 2.000000, avanceI = 2.000000
inc_x_r = 0.000000, inc_y_r = 1.000000, inc_x_i = 1.000000, inc_y_i = 1.000000
En el else......

----------------------------------------
x = 485.000000, y = 392.000000
avance = -235.000000, avanceR = 2.000000, avanceI = 2.000000
inc_x_r = 0.000000, inc_y_r = 1.000000, inc_x_i = 1.000000, inc_y_i = 1.000000
En el else......

----------------------------------------
x = 485.000000, y = 393.000000
avance = -233.000000, avanceR = 2.000000, avanceI = 2.000000
inc_x_r = 0.000000, inc_y_r = 1.000000, inc_x_i = 1.000000, inc_y_i = 1.000000
En el else......

----------------------------------------
x = 485.000000, y = 394.000000
avance = -231.000000, avanceR = 2.000000, avanceI = 2.000000
inc_x_r = 0.000000, inc_y_r = 1.000000, inc_x_i = 1.000000, inc_y_i = 1.000000
En el else......

----------------------------------------
x = 485.000000, y = 395.000000
avance = -229.000000, avanceR = 2.000000, avanceI = 2.000000
inc_x_r = 0.000000, inc_y_r = 1.000000, inc_x_i = 1.000000, inc_y_i = 1.000000
En el else......

----------------------------------------
x = 485.000000, y = 396.000000
avance = -227.000000, avanceR = 2.000000, avanceI = 2.000000
inc_x_r = 0.000000, inc_y_r = 1.000000, inc_x_i = 1.000000, inc_y_i = 1.000000
En el else......

----------------------------------------
x = 485.000000, y = 397.000000
avance = -225.000000, avanceR = 2.000000, avanceI = 2.000000
inc_x_r = 0.000000, inc_y_r = 1.000000, inc_x_i = 1.000000, inc_y_i = 1.000000
En el else......

----------------------------------------
x = 485.000000, y = 398.000000
avance = -223.000000, avanceR = 2.000000, avanceI = 2.000000
inc_x_r = 0.000000, inc_y_r = 1.000000, inc_x_i = 1.000000, inc_y_i = 1.000000
En el else......

----------------------------------------
x = 485.000000, y = 399.000000
avance = -221.000000, avanceR = 2.000000, avanceI = 2.000000
inc_x_r = 0.000000, inc_y_r = 1.000000, inc_x_i = 1.000000, inc_y_i = 1.000000
En el else......

----------------------------------------
hora de salir del bucle mi pana


ENTRAMOS A BRESENHAMªªªª
x1 = 485.000000 - y1 = 385.000000 || x2 = 486.000000 - y2 = 636.000000
dy = 251.000000, dx = 1.000000
avances inclinados: inc_x_i = 1.000000, inc_y_i = 1.000000
updated: dy = 251.000000, dx = 1.000000
avances rectos: inc_x_r = 0.000000, inc_y_r 1.000000
reupdated: dy = 1.000000, dx = 251.000000
avanceR = 2.000000, avance -249.000000, avanceI 2.000000
----------------------------------------
x = 485.000000, y = 385.000000
avance = -249.000000, avanceR = 2.000000, avanceI = 2.000000
inc_x_r = 0.000000, inc_y_r = 1.000000, inc_x_i = 1.000000, inc_y_i = 1.000000
En el else......

----------------------------------------
x = 485.000000, y = 386.000000
avance = -247.000000, avanceR = 2.000000, avanceI = 2.000000
inc_x_r = 0.000000, inc_y_r = 1.000000, inc_x_i = 1.000000, inc_y_i = 1.000000
En el else......

----------------------------------------
x = 485.000000, y = 387.000000
avance = -245.000000, avanceR = 2.000000, avanceI = 2.000000
inc_x_r = 0.000000, inc_y_r = 1.000000, inc_x_i = 1.000000, inc_y_i = 1.000000
En el else......

----------------------------------------
x = 485.000000, y = 388.000000
avance = -243.000000, avanceR = 2.000000, avanceI = 2.000000
inc_x_r = 0.000000, inc_y_r = 1.000000, inc_x_i = 1.000000, inc_y_i = 1.000000
En el else......

----------------------------------------
x = 485.000000, y = 389.000000
avance = -241.000000, avanceR = 2.000000, avanceI = 2.000000
inc_x_r = 0.000000, inc_y_r = 1.000000, inc_x_i = 1.000000, inc_y_i = 1.000000
En el else......

----------------------------------------
x = 485.000000, y = 390.000000
avance = -239.000000, avanceR = 2.000000, avanceI = 2.000000
inc_x_r = 0.000000, inc_y_r = 1.000000, inc_x_i = 1.000000, inc_y_i = 1.000000
En el else......

----------------------------------------
x = 485.000000, y = 391.000000
avance = -237.000000, avanceR = 2.000000, avanceI = 2.000000
inc_x_r = 0.000000, inc_y_r = 1.000000, inc_x_i = 1.000000, inc_y_i = 1.000000
En el else......

----------------------------------------
x = 485.000000, y = 392.000000
avance = -235.000000, avanceR = 2.000000, avanceI = 2.000000
inc_x_r = 0.000000, inc_y_r = 1.000000, inc_x_i = 1.000000, inc_y_i = 1.000000
En el else......

----------------------------------------
x = 485.000000, y = 393.000000
avance = -233.000000, avanceR = 2.000000, avanceI = 2.000000
inc_x_r = 0.000000, inc_y_r = 1.000000, inc_x_i = 1.000000, inc_y_i = 1.000000
En el else......

----------------------------------------
x = 485.000000, y = 394.000000
avance = -231.000000, avanceR = 2.000000, avanceI = 2.000000
inc_x_r = 0.000000, inc_y_r = 1.000000, inc_x_i = 1.000000, inc_y_i = 1.000000
En el else......

----------------------------------------
x = 485.000000, y = 395.000000
avance = -229.000000, avanceR = 2.000000, avanceI = 2.000000
inc_x_r = 0.000000, inc_y_r = 1.000000, inc_x_i = 1.000000, inc_y_i = 1.000000
En el else......

----------------------------------------
x = 485.000000, y = 396.000000
avance = -227.000000, avanceR = 2.000000, avanceI = 2.000000
inc_x_r = 0.000000, inc_y_r = 1.000000, inc_x_i = 1.000000, inc_y_i = 1.000000
En el else......

----------------------------------------
x = 485.000000, y = 397.000000
avance = -225.000000, avanceR = 2.000000, avanceI = 2.000000
inc_x_r = 0.000000, inc_y_r = 1.000000, inc_x_i = 1.000000, inc_y_i = 1.000000
En el else......

----------------------------------------
x = 485.000000, y = 398.000000
avance = -223.000000, avanceR = 2.000000, avanceI = 2.000000
inc_x_r = 0.000000, inc_y_r = 1.000000, inc_x_i = 1.000000, inc_y_i = 1.000000
En el else......

----------------------------------------
x = 485.000000, y = 399.000000
avance = -221.000000, avanceR = 2.000000, avanceI = 2.000000
inc_x_r = 0.000000, inc_y_r = 1.000000, inc_x_i = 1.000000, inc_y_i = 1.000000
En el else......

----------------------------------------
hora de salir del bucle mi pana


ENTRAMOS A BRESENHAMªªªª
x1 = 485.000000 - y1 = 385.000000 || x2 = 486.000000 - y2 = 636.000000
dy = 251.000000, dx = 1.000000
avances inclinados: inc_x_i = 1.000000, inc_y_i = 1.000000
updated: dy = 251.000000, dx = 1.000000
avances rectos: inc_x_r = 0.000000, inc_y_r 1.000000
reupdated: dy = 1.000000, dx = 251.000000
avanceR = 2.000000, avance -249.000000, avanceI 2.000000
----------------------------------------
x = 485.000000, y = 385.000000
avance = -249.000000, avanceR = 2.000000, avanceI = 2.000000
inc_x_r = 0.000000, inc_y_r = 1.000000, inc_x_i = 1.000000, inc_y_i = 1.000000
En el else......

----------------------------------------
x = 485.000000, y = 386.000000
avance = -247.000000, avanceR = 2.000000, avanceI = 2.000000
inc_x_r = 0.000000, inc_y_r = 1.000000, inc_x_i = 1.000000, inc_y_i = 1.000000
En el else......

----------------------------------------
x = 485.000000, y = 387.000000
avance = -245.000000, avanceR = 2.000000, avanceI = 2.000000
inc_x_r = 0.000000, inc_y_r = 1.000000, inc_x_i = 1.000000, inc_y_i = 1.000000
En el else......

----------------------------------------
x = 485.000000, y = 388.000000
avance = -243.000000, avanceR = 2.000000, avanceI = 2.000000
inc_x_r = 0.000000, inc_y_r = 1.000000, inc_x_i = 1.000000, inc_y_i = 1.000000
En el else......

----------------------------------------
x = 485.000000, y = 389.000000
avance = -241.000000, avanceR = 2.000000, avanceI = 2.000000
inc_x_r = 0.000000, inc_y_r = 1.000000, inc_x_i = 1.000000, inc_y_i = 1.000000
En el else......

----------------------------------------
x = 485.000000, y = 390.000000
avance = -239.000000, avanceR = 2.000000, avanceI = 2.000000
inc_x_r = 0.000000, inc_y_r = 1.000000, inc_x_i = 1.000000, inc_y_i = 1.000000
En el else......

----------------------------------------
x = 485.000000, y = 391.000000
avance = -237.000000, avanceR = 2.000000, avanceI = 2.000000
inc_x_r = 0.000000, inc_y_r = 1.000000, inc_x_i = 1.000000, inc_y_i = 1.000000
En el else......

----------------------------------------
x = 485.000000, y = 392.000000
avance = -235.000000, avanceR = 2.000000, avanceI = 2.000000
inc_x_r = 0.000000, inc_y_r = 1.000000, inc_x_i = 1.000000, inc_y_i = 1.000000
En el else......

----------------------------------------
x = 485.000000, y = 393.000000
avance = -233.000000, avanceR = 2.000000, avanceI = 2.000000
inc_x_r = 0.000000, inc_y_r = 1.000000, inc_x_i = 1.000000, inc_y_i = 1.000000
En el else......

----------------------------------------
x = 485.000000, y = 394.000000
avance = -231.000000, avanceR = 2.000000, avanceI = 2.000000
inc_x_r = 0.000000, inc_y_r = 1.000000, inc_x_i = 1.000000, inc_y_i = 1.000000
En el else......

----------------------------------------
x = 485.000000, y = 395.000000
avance = -229.000000, avanceR = 2.000000, avanceI = 2.000000
inc_x_r = 0.000000, inc_y_r = 1.000000, inc_x_i = 1.000000, inc_y_i = 1.000000
En el else......

----------------------------------------
x = 485.000000, y = 396.000000
avance = -227.000000, avanceR = 2.000000, avanceI = 2.000000
inc_x_r = 0.000000, inc_y_r = 1.000000, inc_x_i = 1.000000, inc_y_i = 1.000000
En el else......

----------------------------------------
x = 485.000000, y = 397.000000
avance = -225.000000, avanceR = 2.000000, avanceI = 2.000000
inc_x_r = 0.000000, inc_y_r = 1.000000, inc_x_i = 1.000000, inc_y_i = 1.000000
En el else......

----------------------------------------
x = 485.000000, y = 398.000000
avance = -223.000000, avanceR = 2.000000, avanceI = 2.000000
inc_x_r = 0.000000, inc_y_r = 1.000000, inc_x_i = 1.000000, inc_y_i = 1.000000
En el else......

----------------------------------------
x = 485.000000, y = 399.000000
avance = -221.000000, avanceR = 2.000000, avanceI = 2.000000
inc_x_r = 0.000000, inc_y_r = 1.000000, inc_x_i = 1.000000, inc_y_i = 1.000000
En el else......

----------------------------------------
hora de salir del bucle mi pana


ENTRAMOS A BRESENHAMªªªª
x1 = 485.000000 - y1 = 385.000000 || x2 = 486.000000 - y2 = 636.000000
dy = 251.000000, dx = 1.000000
avances inclinados: inc_x_i = 1.000000, inc_y_i = 1.000000
updated: dy = 251.000000, dx = 1.000000
avances rectos: inc_x_r = 0.000000, inc_y_r 1.000000
reupdated: dy = 1.000000, dx = 251.000000
avanceR = 2.000000, avance -249.000000, avanceI 2.000000
----------------------------------------
x = 485.000000, y = 385.000000
avance = -249.000000, avanceR = 2.000000, avanceI = 2.000000
inc_x_r = 0.000000, inc_y_r = 1.000000, inc_x_i = 1.000000, inc_y_i = 1.000000
En el else......

----------------------------------------
x = 485.000000, y = 386.000000
avance = -247.000000, avanceR = 2.000000, avanceI = 2.000000
inc_x_r = 0.000000, inc_y_r = 1.000000, inc_x_i = 1.000000, inc_y_i = 1.000000
En el else......

----------------------------------------
x = 485.000000, y = 387.000000
avance = -245.000000, avanceR = 2.000000, avanceI = 2.000000
inc_x_r = 0.000000, inc_y_r = 1.000000, inc_x_i = 1.000000, inc_y_i = 1.000000
En el else......

----------------------------------------
x = 485.000000, y = 388.000000
avance = -243.000000, avanceR = 2.000000, avanceI = 2.000000
inc_x_r = 0.000000, inc_y_r = 1.000000, inc_x_i = 1.000000, inc_y_i = 1.000000
En el else......

----------------------------------------
x = 485.000000, y = 389.000000
avance = -241.000000, avanceR = 2.000000, avanceI = 2.000000
inc_x_r = 0.000000, inc_y_r = 1.000000, inc_x_i = 1.000000, inc_y_i = 1.000000
En el else......

----------------------------------------
x = 485.000000, y = 390.000000
avance = -239.000000, avanceR = 2.000000, avanceI = 2.000000
inc_x_r = 0.000000, inc_y_r = 1.000000, inc_x_i = 1.000000, inc_y_i = 1.000000
En el else......

----------------------------------------
x = 485.000000, y = 391.000000
avance = -237.000000, avanceR = 2.000000, avanceI = 2.000000
inc_x_r = 0.000000, inc_y_r = 1.000000, inc_x_i = 1.000000, inc_y_i = 1.000000
En el else......

----------------------------------------
x = 485.000000, y = 392.000000
avance = -235.000000, avanceR = 2.000000, avanceI = 2.000000
inc_x_r = 0.000000, inc_y_r = 1.000000, inc_x_i = 1.000000, inc_y_i = 1.000000
En el else......

----------------------------------------
x = 485.000000, y = 393.000000
avance = -233.000000, avanceR = 2.000000, avanceI = 2.000000
inc_x_r = 0.000000, inc_y_r = 1.000000, inc_x_i = 1.000000, inc_y_i = 1.000000
En el else......

----------------------------------------
x = 485.000000, y = 394.000000
avance = -231.000000, avanceR = 2.000000, avanceI = 2.000000
inc_x_r = 0.000000, inc_y_r = 1.000000, inc_x_i = 1.000000, inc_y_i = 1.000000
En el else......

----------------------------------------
x = 485.000000, y = 395.000000
avance = -229.000000, avanceR = 2.000000, avanceI = 2.000000
inc_x_r = 0.000000, inc_y_r = 1.000000, inc_x_i = 1.000000, inc_y_i = 1.000000
En el else......

----------------------------------------
x = 485.000000, y = 396.000000
avance = -227.000000, avanceR = 2.000000, avanceI = 2.000000
inc_x_r = 0.000000, inc_y_r = 1.000000, inc_x_i = 1.000000, inc_y_i = 1.000000
En el else......

----------------------------------------
x = 485.000000, y = 397.000000
avance = -225.000000, avanceR = 2.000000, avanceI = 2.000000
inc_x_r = 0.000000, inc_y_r = 1.000000, inc_x_i = 1.000000, inc_y_i = 1.000000
En el else......

----------------------------------------
x = 485.000000, y = 398.000000
avance = -223.000000, avanceR = 2.000000, avanceI = 2.000000
inc_x_r = 0.000000, inc_y_r = 1.000000, inc_x_i = 1.000000, inc_y_i = 1.000000
En el else......

----------------------------------------
x = 485.000000, y = 399.000000
avance = -221.000000, avanceR = 2.000000, avanceI = 2.000000
inc_x_r = 0.000000, inc_y_r = 1.000000, inc_x_i = 1.000000, inc_y_i = 1.000000
En el else......

----------------------------------------
hora de salir del bucle mi pana


ENTRAMOS A BRESENHAMªªªª
x1 = 485.000000 - y1 = 385.000000 || x2 = 486.000000 - y2 = 636.000000
dy = 251.000000, dx = 1.000000
avances inclinados: inc_x_i = 1.000000, inc_y_i = 1.000000
updated: dy = 251.000000, dx = 1.000000
avances rectos: inc_x_r = 0.000000, inc_y_r 1.000000
reupdated: dy = 1.000000, dx = 251.000000
avanceR = 2.000000, avance -249.000000, avanceI 2.000000
----------------------------------------
x = 485.000000, y = 385.000000
avance = -249.000000, avanceR = 2.000000, avanceI = 2.000000
inc_x_r = 0.000000, inc_y_r = 1.000000, inc_x_i = 1.000000, inc_y_i = 1.000000
En el else......

----------------------------------------
x = 485.000000, y = 386.000000
avance = -247.000000, avanceR = 2.000000, avanceI = 2.000000
inc_x_r = 0.000000, inc_y_r = 1.000000, inc_x_i = 1.000000, inc_y_i = 1.000000
En el else......

----------------------------------------
x = 485.000000, y = 387.000000
avance = -245.000000, avanceR = 2.000000, avanceI = 2.000000
inc_x_r = 0.000000, inc_y_r = 1.000000, inc_x_i = 1.000000, inc_y_i = 1.000000
En el else......

----------------------------------------
x = 485.000000, y = 388.000000
avance = -243.000000, avanceR = 2.000000, avanceI = 2.000000
inc_x_r = 0.000000, inc_y_r = 1.000000, inc_x_i = 1.000000, inc_y_i = 1.000000
En el else......

----------------------------------------
x = 485.000000, y = 389.000000
avance = -241.000000, avanceR = 2.000000, avanceI = 2.000000
inc_x_r = 0.000000, inc_y_r = 1.000000, inc_x_i = 1.000000, inc_y_i = 1.000000
En el else......

----------------------------------------
x = 485.000000, y = 390.000000
avance = -239.000000, avanceR = 2.000000, avanceI = 2.000000
inc_x_r = 0.000000, inc_y_r = 1.000000, inc_x_i = 1.000000, inc_y_i = 1.000000
En el else......

----------------------------------------
x = 485.000000, y = 391.000000
avance = -237.000000, avanceR = 2.000000, avanceI = 2.000000
inc_x_r = 0.000000, inc_y_r = 1.000000, inc_x_i = 1.000000, inc_y_i = 1.000000
En el else......

----------------------------------------
x = 485.000000, y = 392.000000
avance = -235.000000, avanceR = 2.000000, avanceI = 2.000000
inc_x_r = 0.000000, inc_y_r = 1.000000, inc_x_i = 1.000000, inc_y_i = 1.000000
En el else......

----------------------------------------
x = 485.000000, y = 393.000000
avance = -233.000000, avanceR = 2.000000, avanceI = 2.000000
inc_x_r = 0.000000, inc_y_r = 1.000000, inc_x_i = 1.000000, inc_y_i = 1.000000
En el else......

----------------------------------------
x = 485.000000, y = 394.000000
avance = -231.000000, avanceR = 2.000000, avanceI = 2.000000
inc_x_r = 0.000000, inc_y_r = 1.000000, inc_x_i = 1.000000, inc_y_i = 1.000000
En el else......

----------------------------------------
x = 485.000000, y = 395.000000
avance = -229.000000, avanceR = 2.000000, avanceI = 2.000000
inc_x_r = 0.000000, inc_y_r = 1.000000, inc_x_i = 1.000000, inc_y_i = 1.000000
En el else......

----------------------------------------
x = 485.000000, y = 396.000000
avance = -227.000000, avanceR = 2.000000, avanceI = 2.000000
inc_x_r = 0.000000, inc_y_r = 1.000000, inc_x_i = 1.000000, inc_y_i = 1.000000
En el else......

----------------------------------------
x = 485.000000, y = 397.000000
avance = -225.000000, avanceR = 2.000000, avanceI = 2.000000
inc_x_r = 0.000000, inc_y_r = 1.000000, inc_x_i = 1.000000, inc_y_i = 1.000000
En el else......

----------------------------------------
x = 485.000000, y = 398.000000
avance = -223.000000, avanceR = 2.000000, avanceI = 2.000000
inc_x_r = 0.000000, inc_y_r = 1.000000, inc_x_i = 1.000000, inc_y_i = 1.000000
En el else......

----------------------------------------
x = 485.000000, y = 399.000000
avance = -221.000000, avanceR = 2.000000, avanceI = 2.000000
inc_x_r = 0.000000, inc_y_r = 1.000000, inc_x_i = 1.000000, inc_y_i = 1.000000
En el else......

----------------------------------------
hora de salir del bucle mi pana


ENTRAMOS A BRESENHAMªªªª
x1 = 485.000000 - y1 = 385.000000 || x2 = 486.000000 - y2 = 636.000000
dy = 251.000000, dx = 1.000000
avances inclinados: inc_x_i = 1.000000, inc_y_i = 1.000000
updated: dy = 251.000000, dx = 1.000000
avances rectos: inc_x_r = 0.000000, inc_y_r 1.000000
reupdated: dy = 1.000000, dx = 251.000000
avanceR = 2.000000, avance -249.000000, avanceI 2.000000
----------------------------------------
x = 485.000000, y = 385.000000
avance = -249.000000, avanceR = 2.000000, avanceI = 2.000000
inc_x_r = 0.000000, inc_y_r = 1.000000, inc_x_i = 1.000000, inc_y_i = 1.000000
En el else......

----------------------------------------
x = 485.000000, y = 386.000000
avance = -247.000000, avanceR = 2.000000, avanceI = 2.000000
inc_x_r = 0.000000, inc_y_r = 1.000000, inc_x_i = 1.000000, inc_y_i = 1.000000
En el else......

----------------------------------------
x = 485.000000, y = 387.000000
avance = -245.000000, avanceR = 2.000000, avanceI = 2.000000
inc_x_r = 0.000000, inc_y_r = 1.000000, inc_x_i = 1.000000, inc_y_i = 1.000000
En el else......

----------------------------------------
x = 485.000000, y = 388.000000
avance = -243.000000, avanceR = 2.000000, avanceI = 2.000000
inc_x_r = 0.000000, inc_y_r = 1.000000, inc_x_i = 1.000000, inc_y_i = 1.000000
En el else......

----------------------------------------
x = 485.000000, y = 389.000000
avance = -241.000000, avanceR = 2.000000, avanceI = 2.000000
inc_x_r = 0.000000, inc_y_r = 1.000000, inc_x_i = 1.000000, inc_y_i = 1.000000
En el else......

----------------------------------------
x = 485.000000, y = 390.000000
avance = -239.000000, avanceR = 2.000000, avanceI = 2.000000
inc_x_r = 0.000000, inc_y_r = 1.000000, inc_x_i = 1.000000, inc_y_i = 1.000000
En el else......

----------------------------------------
x = 485.000000, y = 391.000000
avance = -237.000000, avanceR = 2.000000, avanceI = 2.000000
inc_x_r = 0.000000, inc_y_r = 1.000000, inc_x_i = 1.000000, inc_y_i = 1.000000
En el else......

----------------------------------------
x = 485.000000, y = 392.000000
avance = -235.000000, avanceR = 2.000000, avanceI = 2.000000
inc_x_r = 0.000000, inc_y_r = 1.000000, inc_x_i = 1.000000, inc_y_i = 1.000000
En el else......

----------------------------------------
x = 485.000000, y = 393.000000
avance = -233.000000, avanceR = 2.000000, avanceI = 2.000000
inc_x_r = 0.000000, inc_y_r = 1.000000, inc_x_i = 1.000000, inc_y_i = 1.000000
En el else......

----------------------------------------
x = 485.000000, y = 394.000000
avance = -231.000000, avanceR = 2.000000, avanceI = 2.000000
inc_x_r = 0.000000, inc_y_r = 1.000000, inc_x_i = 1.000000, inc_y_i = 1.000000
En el else......

----------------------------------------
x = 485.000000, y = 395.000000
avance = -229.000000, avanceR = 2.000000, avanceI = 2.000000
inc_x_r = 0.000000, inc_y_r = 1.000000, inc_x_i = 1.000000, inc_y_i = 1.000000
En el else......

----------------------------------------
x = 485.000000, y = 396.000000
avance = -227.000000, avanceR = 2.000000, avanceI = 2.000000
inc_x_r = 0.000000, inc_y_r = 1.000000, inc_x_i = 1.000000, inc_y_i = 1.000000
En el else......

----------------------------------------
x = 485.000000, y = 397.000000
avance = -225.000000, avanceR = 2.000000, avanceI = 2.000000
inc_x_r = 0.000000, inc_y_r = 1.000000, inc_x_i = 1.000000, inc_y_i = 1.000000
En el else......

----------------------------------------
x = 485.000000, y = 398.000000
avance = -223.000000, avanceR = 2.000000, avanceI = 2.000000
inc_x_r = 0.000000, inc_y_r = 1.000000, inc_x_i = 1.000000, inc_y_i = 1.000000
En el else......

----------------------------------------
x = 485.000000, y = 399.000000
avance = -221.000000, avanceR = 2.000000, avanceI = 2.000000
inc_x_r = 0.000000, inc_y_r = 1.000000, inc_x_i = 1.000000, inc_y_i = 1.000000
En el else......

----------------------------------------
hora de salir del bucle mi pana


ENTRAMOS A BRESENHAMªªªª
x1 = 485.000000 - y1 = 385.000000 || x2 = 486.000000 - y2 = 636.000000
dy = 251.000000, dx = 1.000000
avances inclinados: inc_x_i = 1.000000, inc_y_i = 1.000000
updated: dy = 251.000000, dx = 1.000000
avances rectos: inc_x_r = 0.000000, inc_y_r 1.000000
reupdated: dy = 1.000000, dx = 251.000000
avanceR = 2.000000, avance -249.000000, avanceI 2.000000
----------------------------------------
x = 485.000000, y = 385.000000
avance = -249.000000, avanceR = 2.000000, avanceI = 2.000000
inc_x_r = 0.000000, inc_y_r = 1.000000, inc_x_i = 1.000000, inc_y_i = 1.000000
En el else......

----------------------------------------
x = 485.000000, y = 386.000000
avance = -247.000000, avanceR = 2.000000, avanceI = 2.000000
inc_x_r = 0.000000, inc_y_r = 1.000000, inc_x_i = 1.000000, inc_y_i = 1.000000
En el else......

----------------------------------------
x = 485.000000, y = 387.000000
avance = -245.000000, avanceR = 2.000000, avanceI = 2.000000
inc_x_r = 0.000000, inc_y_r = 1.000000, inc_x_i = 1.000000, inc_y_i = 1.000000
En el else......

----------------------------------------
x = 485.000000, y = 388.000000
avance = -243.000000, avanceR = 2.000000, avanceI = 2.000000
inc_x_r = 0.000000, inc_y_r = 1.000000, inc_x_i = 1.000000, inc_y_i = 1.000000
En el else......

----------------------------------------
x = 485.000000, y = 389.000000
avance = -241.000000, avanceR = 2.000000, avanceI = 2.000000
inc_x_r = 0.000000, inc_y_r = 1.000000, inc_x_i = 1.000000, inc_y_i = 1.000000
En el else......

----------------------------------------
x = 485.000000, y = 390.000000
avance = -239.000000, avanceR = 2.000000, avanceI = 2.000000
inc_x_r = 0.000000, inc_y_r = 1.000000, inc_x_i = 1.000000, inc_y_i = 1.000000
En el else......

----------------------------------------
x = 485.000000, y = 391.000000
avance = -237.000000, avanceR = 2.000000, avanceI = 2.000000
inc_x_r = 0.000000, inc_y_r = 1.000000, inc_x_i = 1.000000, inc_y_i = 1.000000
En el else......

----------------------------------------
x = 485.000000, y = 392.000000
avance = -235.000000, avanceR = 2.000000, avanceI = 2.000000
inc_x_r = 0.000000, inc_y_r = 1.000000, inc_x_i = 1.000000, inc_y_i = 1.000000
En el else......

----------------------------------------
x = 485.000000, y = 393.000000
avance = -233.000000, avanceR = 2.000000, avanceI = 2.000000
inc_x_r = 0.000000, inc_y_r = 1.000000, inc_x_i = 1.000000, inc_y_i = 1.000000
En el else......

----------------------------------------
x = 485.000000, y = 394.000000
avance = -231.000000, avanceR = 2.000000, avanceI = 2.000000
inc_x_r = 0.000000, inc_y_r = 1.000000, inc_x_i = 1.000000, inc_y_i = 1.000000
En el else......

----------------------------------------
x = 485.000000, y = 395.000000
avance = -229.000000, avanceR = 2.000000, avanceI = 2.000000
inc_x_r = 0.000000, inc_y_r = 1.000000, inc_x_i = 1.000000, inc_y_i = 1.000000
En el else......

----------------------------------------
x = 485.000000, y = 396.000000
avance = -227.000000, avanceR = 2.000000, avanceI = 2.000000
inc_x_r = 0.000000, inc_y_r = 1.000000, inc_x_i = 1.000000, inc_y_i = 1.000000
En el else......

----------------------------------------
x = 485.000000, y = 397.000000
avance = -225.000000, avanceR = 2.000000, avanceI = 2.000000
inc_x_r = 0.000000, inc_y_r = 1.000000, inc_x_i = 1.000000, inc_y_i = 1.000000
En el else......

----------------------------------------
x = 485.000000, y = 398.000000
avance = -223.000000, avanceR = 2.000000, avanceI = 2.000000
inc_x_r = 0.000000, inc_y_r = 1.000000, inc_x_i = 1.000000, inc_y_i = 1.000000
En el else......

----------------------------------------
x = 485.000000, y = 399.000000
avance = -221.000000, avanceR = 2.000000, avanceI = 2.000000
inc_x_r = 0.000000, inc_y_r = 1.000000, inc_x_i = 1.000000, inc_y_i = 1.000000
En el else......

----------------------------------------
hora de salir del bucle mi pana


ENTRAMOS A BRESENHAMªªªª
x1 = 485.000000 - y1 = 385.000000 || x2 = 486.000000 - y2 = 636.000000
dy = 251.000000, dx = 1.000000
avances inclinados: inc_x_i = 1.000000, inc_y_i = 1.000000
updated: dy = 251.000000, dx = 1.000000
avances rectos: inc_x_r = 0.000000, inc_y_r 1.000000
reupdated: dy = 1.000000, dx = 251.000000
avanceR = 2.000000, avance -249.000000, avanceI 2.000000
----------------------------------------
x = 485.000000, y = 385.000000
avance = -249.000000, avanceR = 2.000000, avanceI = 2.000000
inc_x_r = 0.000000, inc_y_r = 1.000000, inc_x_i = 1.000000, inc_y_i = 1.000000
En el else......

----------------------------------------
x = 485.000000, y = 386.000000
avance = -247.000000, avanceR = 2.000000, avanceI = 2.000000
inc_x_r = 0.000000, inc_y_r = 1.000000, inc_x_i = 1.000000, inc_y_i = 1.000000
En el else......

----------------------------------------
x = 485.000000, y = 387.000000
avance = -245.000000, avanceR = 2.000000, avanceI = 2.000000
inc_x_r = 0.000000, inc_y_r = 1.000000, inc_x_i = 1.000000, inc_y_i = 1.000000
En el else......

----------------------------------------
x = 485.000000, y = 388.000000
avance = -243.000000, avanceR = 2.000000, avanceI = 2.000000
inc_x_r = 0.000000, inc_y_r = 1.000000, inc_x_i = 1.000000, inc_y_i = 1.000000
En el else......

----------------------------------------
x = 485.000000, y = 389.000000
avance = -241.000000, avanceR = 2.000000, avanceI = 2.000000
inc_x_r = 0.000000, inc_y_r = 1.000000, inc_x_i = 1.000000, inc_y_i = 1.000000
En el else......

----------------------------------------
x = 485.000000, y = 390.000000
avance = -239.000000, avanceR = 2.000000, avanceI = 2.000000
inc_x_r = 0.000000, inc_y_r = 1.000000, inc_x_i = 1.000000, inc_y_i = 1.000000
En el else......

----------------------------------------
x = 485.000000, y = 391.000000
avance = -237.000000, avanceR = 2.000000, avanceI = 2.000000
inc_x_r = 0.000000, inc_y_r = 1.000000, inc_x_i = 1.000000, inc_y_i = 1.000000
En el else......

----------------------------------------
x = 485.000000, y = 392.000000
avance = -235.000000, avanceR = 2.000000, avanceI = 2.000000
inc_x_r = 0.000000, inc_y_r = 1.000000, inc_x_i = 1.000000, inc_y_i = 1.000000
En el else......

----------------------------------------
x = 485.000000, y = 393.000000
avance = -233.000000, avanceR = 2.000000, avanceI = 2.000000
inc_x_r = 0.000000, inc_y_r = 1.000000, inc_x_i = 1.000000, inc_y_i = 1.000000
En el else......

----------------------------------------
x = 485.000000, y = 394.000000
avance = -231.000000, avanceR = 2.000000, avanceI = 2.000000
inc_x_r = 0.000000, inc_y_r = 1.000000, inc_x_i = 1.000000, inc_y_i = 1.000000
En el else......

----------------------------------------
x = 485.000000, y = 395.000000
avance = -229.000000, avanceR = 2.000000, avanceI = 2.000000
inc_x_r = 0.000000, inc_y_r = 1.000000, inc_x_i = 1.000000, inc_y_i = 1.000000
En el else......

----------------------------------------
x = 485.000000, y = 396.000000
avance = -227.000000, avanceR = 2.000000, avanceI = 2.000000
inc_x_r = 0.000000, inc_y_r = 1.000000, inc_x_i = 1.000000, inc_y_i = 1.000000
En el else......

----------------------------------------
x = 485.000000, y = 397.000000
avance = -225.000000, avanceR = 2.000000, avanceI = 2.000000
inc_x_r = 0.000000, inc_y_r = 1.000000, inc_x_i = 1.000000, inc_y_i = 1.000000
En el else......

----------------------------------------
x = 485.000000, y = 398.000000
avance = -223.000000, avanceR = 2.000000, avanceI = 2.000000
inc_x_r = 0.000000, inc_y_r = 1.000000, inc_x_i = 1.000000, inc_y_i = 1.000000
En el else......

----------------------------------------
x = 485.000000, y = 399.000000
avance = -221.000000, avanceR = 2.000000, avanceI = 2.000000
inc_x_r = 0.000000, inc_y_r = 1.000000, inc_x_i = 1.000000, inc_y_i = 1.000000
En el else......

----------------------------------------
hora de salir del bucle mi pana


ENTRAMOS A BRESENHAMªªªª
x1 = 485.000000 - y1 = 385.000000 || x2 = 486.000000 - y2 = 636.000000
dy = 251.000000, dx = 1.000000
avances inclinados: inc_x_i = 1.000000, inc_y_i = 1.000000
updated: dy = 251.000000, dx = 1.000000
avances rectos: inc_x_r = 0.000000, inc_y_r 1.000000
reupdated: dy = 1.000000, dx = 251.000000
avanceR = 2.000000, avance -249.000000, avanceI 2.000000
----------------------------------------
x = 485.000000, y = 385.000000
avance = -249.000000, avanceR = 2.000000, avanceI = 2.000000
inc_x_r = 0.000000, inc_y_r = 1.000000, inc_x_i = 1.000000, inc_y_i = 1.000000
En el else......

----------------------------------------
x = 485.000000, y = 386.000000
avance = -247.000000, avanceR = 2.000000, avanceI = 2.000000
inc_x_r = 0.000000, inc_y_r = 1.000000, inc_x_i = 1.000000, inc_y_i = 1.000000
En el else......

----------------------------------------
x = 485.000000, y = 387.000000
avance = -245.000000, avanceR = 2.000000, avanceI = 2.000000
inc_x_r = 0.000000, inc_y_r = 1.000000, inc_x_i = 1.000000, inc_y_i = 1.000000
En el else......

----------------------------------------
x = 485.000000, y = 388.000000
avance = -243.000000, avanceR = 2.000000, avanceI = 2.000000
inc_x_r = 0.000000, inc_y_r = 1.000000, inc_x_i = 1.000000, inc_y_i = 1.000000
En el else......

----------------------------------------
x = 485.000000, y = 389.000000
avance = -241.000000, avanceR = 2.000000, avanceI = 2.000000
inc_x_r = 0.000000, inc_y_r = 1.000000, inc_x_i = 1.000000, inc_y_i = 1.000000
En el else......

----------------------------------------
x = 485.000000, y = 390.000000
avance = -239.000000, avanceR = 2.000000, avanceI = 2.000000
inc_x_r = 0.000000, inc_y_r = 1.000000, inc_x_i = 1.000000, inc_y_i = 1.000000
En el else......

----------------------------------------
x = 485.000000, y = 391.000000
avance = -237.000000, avanceR = 2.000000, avanceI = 2.000000
inc_x_r = 0.000000, inc_y_r = 1.000000, inc_x_i = 1.000000, inc_y_i = 1.000000
En el else......

----------------------------------------
x = 485.000000, y = 392.000000
avance = -235.000000, avanceR = 2.000000, avanceI = 2.000000
inc_x_r = 0.000000, inc_y_r = 1.000000, inc_x_i = 1.000000, inc_y_i = 1.000000
En el else......

----------------------------------------
x = 485.000000, y = 393.000000
avance = -233.000000, avanceR = 2.000000, avanceI = 2.000000
inc_x_r = 0.000000, inc_y_r = 1.000000, inc_x_i = 1.000000, inc_y_i = 1.000000
En el else......

----------------------------------------
x = 485.000000, y = 394.000000
avance = -231.000000, avanceR = 2.000000, avanceI = 2.000000
inc_x_r = 0.000000, inc_y_r = 1.000000, inc_x_i = 1.000000, inc_y_i = 1.000000
En el else......

----------------------------------------
x = 485.000000, y = 395.000000
avance = -229.000000, avanceR = 2.000000, avanceI = 2.000000
inc_x_r = 0.000000, inc_y_r = 1.000000, inc_x_i = 1.000000, inc_y_i = 1.000000
En el else......

----------------------------------------
x = 485.000000, y = 396.000000
avance = -227.000000, avanceR = 2.000000, avanceI = 2.000000
inc_x_r = 0.000000, inc_y_r = 1.000000, inc_x_i = 1.000000, inc_y_i = 1.000000
En el else......

----------------------------------------
x = 485.000000, y = 397.000000
avance = -225.000000, avanceR = 2.000000, avanceI = 2.000000
inc_x_r = 0.000000, inc_y_r = 1.000000, inc_x_i = 1.000000, inc_y_i = 1.000000
En el else......

----------------------------------------
x = 485.000000, y = 398.000000
avance = -223.000000, avanceR = 2.000000, avanceI = 2.000000
inc_x_r = 0.000000, inc_y_r = 1.000000, inc_x_i = 1.000000, inc_y_i = 1.000000
En el else......

----------------------------------------
x = 485.000000, y = 399.000000
avance = -221.000000, avanceR = 2.000000, avanceI = 2.000000
inc_x_r = 0.000000, inc_y_r = 1.000000, inc_x_i = 1.000000, inc_y_i = 1.000000
En el else......

----------------------------------------
hora de salir del bucle mi pana


ENTRAMOS A BRESENHAMªªªª
x1 = 485.000000 - y1 = 385.000000 || x2 = 486.000000 - y2 = 636.000000
dy = 251.000000, dx = 1.000000
avances inclinados: inc_x_i = 1.000000, inc_y_i = 1.000000
updated: dy = 251.000000, dx = 1.000000
avances rectos: inc_x_r = 0.000000, inc_y_r 1.000000
reupdated: dy = 1.000000, dx = 251.000000
avanceR = 2.000000, avance -249.000000, avanceI 2.000000
----------------------------------------
x = 485.000000, y = 385.000000
avance = -249.000000, avanceR = 2.000000, avanceI = 2.000000
inc_x_r = 0.000000, inc_y_r = 1.000000, inc_x_i = 1.000000, inc_y_i = 1.000000
En el else......

----------------------------------------
x = 485.000000, y = 386.000000
avance = -247.000000, avanceR = 2.000000, avanceI = 2.000000
inc_x_r = 0.000000, inc_y_r = 1.000000, inc_x_i = 1.000000, inc_y_i = 1.000000
En el else......

----------------------------------------
x = 485.000000, y = 387.000000
avance = -245.000000, avanceR = 2.000000, avanceI = 2.000000
inc_x_r = 0.000000, inc_y_r = 1.000000, inc_x_i = 1.000000, inc_y_i = 1.000000
En el else......

----------------------------------------
x = 485.000000, y = 388.000000
avance = -243.000000, avanceR = 2.000000, avanceI = 2.000000
inc_x_r = 0.000000, inc_y_r = 1.000000, inc_x_i = 1.000000, inc_y_i = 1.000000
En el else......

----------------------------------------
x = 485.000000, y = 389.000000
avance = -241.000000, avanceR = 2.000000, avanceI = 2.000000
inc_x_r = 0.000000, inc_y_r = 1.000000, inc_x_i = 1.000000, inc_y_i = 1.000000
En el else......

----------------------------------------
x = 485.000000, y = 390.000000
avance = -239.000000, avanceR = 2.000000, avanceI = 2.000000
inc_x_r = 0.000000, inc_y_r = 1.000000, inc_x_i = 1.000000, inc_y_i = 1.000000
En el else......

----------------------------------------
x = 485.000000, y = 391.000000
avance = -237.000000, avanceR = 2.000000, avanceI = 2.000000
inc_x_r = 0.000000, inc_y_r = 1.000000, inc_x_i = 1.000000, inc_y_i = 1.000000
En el else......

----------------------------------------
x = 485.000000, y = 392.000000
avance = -235.000000, avanceR = 2.000000, avanceI = 2.000000
inc_x_r = 0.000000, inc_y_r = 1.000000, inc_x_i = 1.000000, inc_y_i = 1.000000
En el else......

----------------------------------------
x = 485.000000, y = 393.000000
avance = -233.000000, avanceR = 2.000000, avanceI = 2.000000
inc_x_r = 0.000000, inc_y_r = 1.000000, inc_x_i = 1.000000, inc_y_i = 1.000000
En el else......

----------------------------------------
x = 485.000000, y = 394.000000
avance = -231.000000, avanceR = 2.000000, avanceI = 2.000000
inc_x_r = 0.000000, inc_y_r = 1.000000, inc_x_i = 1.000000, inc_y_i = 1.000000
En el else......

----------------------------------------
x = 485.000000, y = 395.000000
avance = -229.000000, avanceR = 2.000000, avanceI = 2.000000
inc_x_r = 0.000000, inc_y_r = 1.000000, inc_x_i = 1.000000, inc_y_i = 1.000000
En el else......

----------------------------------------
x = 485.000000, y = 396.000000
avance = -227.000000, avanceR = 2.000000, avanceI = 2.000000
inc_x_r = 0.000000, inc_y_r = 1.000000, inc_x_i = 1.000000, inc_y_i = 1.000000
En el else......

----------------------------------------
x = 485.000000, y = 397.000000
avance = -225.000000, avanceR = 2.000000, avanceI = 2.000000
inc_x_r = 0.000000, inc_y_r = 1.000000, inc_x_i = 1.000000, inc_y_i = 1.000000
En el else......

----------------------------------------
x = 485.000000, y = 398.000000
avance = -223.000000, avanceR = 2.000000, avanceI = 2.000000
inc_x_r = 0.000000, inc_y_r = 1.000000, inc_x_i = 1.000000, inc_y_i = 1.000000
En el else......

----------------------------------------
x = 485.000000, y = 399.000000
avance = -221.000000, avanceR = 2.000000, avanceI = 2.000000
inc_x_r = 0.000000, inc_y_r = 1.000000, inc_x_i = 1.000000, inc_y_i = 1.000000
En el else......

----------------------------------------
hora de salir del bucle mi pana


ENTRAMOS A BRESENHAMªªªª
x1 = 485.000000 - y1 = 385.000000 || x2 = 486.000000 - y2 = 636.000000
dy = 251.000000, dx = 1.000000
avances inclinados: inc_x_i = 1.000000, inc_y_i = 1.000000
updated: dy = 251.000000, dx = 1.000000
avances rectos: inc_x_r = 0.000000, inc_y_r 1.000000
reupdated: dy = 1.000000, dx = 251.000000
avanceR = 2.000000, avance -249.000000, avanceI 2.000000
----------------------------------------
x = 485.000000, y = 385.000000
avance = -249.000000, avanceR = 2.000000, avanceI = 2.000000
inc_x_r = 0.000000, inc_y_r = 1.000000, inc_x_i = 1.000000, inc_y_i = 1.000000
En el else......

----------------------------------------
x = 485.000000, y = 386.000000
avance = -247.000000, avanceR = 2.000000, avanceI = 2.000000
inc_x_r = 0.000000, inc_y_r = 1.000000, inc_x_i = 1.000000, inc_y_i = 1.000000
En el else......

----------------------------------------
x = 485.000000, y = 387.000000
avance = -245.000000, avanceR = 2.000000, avanceI = 2.000000
inc_x_r = 0.000000, inc_y_r = 1.000000, inc_x_i = 1.000000, inc_y_i = 1.000000
En el else......

----------------------------------------
x = 485.000000, y = 388.000000
avance = -243.000000, avanceR = 2.000000, avanceI = 2.000000
inc_x_r = 0.000000, inc_y_r = 1.000000, inc_x_i = 1.000000, inc_y_i = 1.000000
En el else......

----------------------------------------
x = 485.000000, y = 389.000000
avance = -241.000000, avanceR = 2.000000, avanceI = 2.000000
inc_x_r = 0.000000, inc_y_r = 1.000000, inc_x_i = 1.000000, inc_y_i = 1.000000
En el else......

----------------------------------------
x = 485.000000, y = 390.000000
avance = -239.000000, avanceR = 2.000000, avanceI = 2.000000
inc_x_r = 0.000000, inc_y_r = 1.000000, inc_x_i = 1.000000, inc_y_i = 1.000000
En el else......

----------------------------------------
x = 485.000000, y = 391.000000
avance = -237.000000, avanceR = 2.000000, avanceI = 2.000000
inc_x_r = 0.000000, inc_y_r = 1.000000, inc_x_i = 1.000000, inc_y_i = 1.000000
En el else......

----------------------------------------
x = 485.000000, y = 392.000000
avance = -235.000000, avanceR = 2.000000, avanceI = 2.000000
inc_x_r = 0.000000, inc_y_r = 1.000000, inc_x_i = 1.000000, inc_y_i = 1.000000
En el else......

----------------------------------------
x = 485.000000, y = 393.000000
avance = -233.000000, avanceR = 2.000000, avanceI = 2.000000
inc_x_r = 0.000000, inc_y_r = 1.000000, inc_x_i = 1.000000, inc_y_i = 1.000000
En el else......

----------------------------------------
x = 485.000000, y = 394.000000
avance = -231.000000, avanceR = 2.000000, avanceI = 2.000000
inc_x_r = 0.000000, inc_y_r = 1.000000, inc_x_i = 1.000000, inc_y_i = 1.000000
En el else......

----------------------------------------
x = 485.000000, y = 395.000000
avance = -229.000000, avanceR = 2.000000, avanceI = 2.000000
inc_x_r = 0.000000, inc_y_r = 1.000000, inc_x_i = 1.000000, inc_y_i = 1.000000
En el else......

----------------------------------------
x = 485.000000, y = 396.000000
avance = -227.000000, avanceR = 2.000000, avanceI = 2.000000
inc_x_r = 0.000000, inc_y_r = 1.000000, inc_x_i = 1.000000, inc_y_i = 1.000000
En el else......

----------------------------------------
x = 485.000000, y = 397.000000
avance = -225.000000, avanceR = 2.000000, avanceI = 2.000000
inc_x_r = 0.000000, inc_y_r = 1.000000, inc_x_i = 1.000000, inc_y_i = 1.000000
En el else......

----------------------------------------
x = 485.000000, y = 398.000000
avance = -223.000000, avanceR = 2.000000, avanceI = 2.000000
inc_x_r = 0.000000, inc_y_r = 1.000000, inc_x_i = 1.000000, inc_y_i = 1.000000
En el else......

----------------------------------------
x = 485.000000, y = 399.000000
avance = -221.000000, avanceR = 2.000000, avanceI = 2.000000
inc_x_r = 0.000000, inc_y_r = 1.000000, inc_x_i = 1.000000, inc_y_i = 1.000000
En el else......

----------------------------------------
hora de salir del bucle mi pana


ENTRAMOS A BRESENHAMªªªª
x1 = 485.000000 - y1 = 385.000000 || x2 = 486.000000 - y2 = 636.000000
dy = 251.000000, dx = 1.000000
avances inclinados: inc_x_i = 1.000000, inc_y_i = 1.000000
updated: dy = 251.000000, dx = 1.000000
avances rectos: inc_x_r = 0.000000, inc_y_r 1.000000
reupdated: dy = 1.000000, dx = 251.000000
avanceR = 2.000000, avance -249.000000, avanceI 2.000000
----------------------------------------
x = 485.000000, y = 385.000000
avance = -249.000000, avanceR = 2.000000, avanceI = 2.000000
inc_x_r = 0.000000, inc_y_r = 1.000000, inc_x_i = 1.000000, inc_y_i = 1.000000
En el else......

----------------------------------------
x = 485.000000, y = 386.000000
avance = -247.000000, avanceR = 2.000000, avanceI = 2.000000
inc_x_r = 0.000000, inc_y_r = 1.000000, inc_x_i = 1.000000, inc_y_i = 1.000000
En el else......

----------------------------------------
x = 485.000000, y = 387.000000
avance = -245.000000, avanceR = 2.000000, avanceI = 2.000000
inc_x_r = 0.000000, inc_y_r = 1.000000, inc_x_i = 1.000000, inc_y_i = 1.000000
En el else......

----------------------------------------
x = 485.000000, y = 388.000000
avance = -243.000000, avanceR = 2.000000, avanceI = 2.000000
inc_x_r = 0.000000, inc_y_r = 1.000000, inc_x_i = 1.000000, inc_y_i = 1.000000
En el else......

----------------------------------------
x = 485.000000, y = 389.000000
avance = -241.000000, avanceR = 2.000000, avanceI = 2.000000
inc_x_r = 0.000000, inc_y_r = 1.000000, inc_x_i = 1.000000, inc_y_i = 1.000000
En el else......

----------------------------------------
x = 485.000000, y = 390.000000
avance = -239.000000, avanceR = 2.000000, avanceI = 2.000000
inc_x_r = 0.000000, inc_y_r = 1.000000, inc_x_i = 1.000000, inc_y_i = 1.000000
En el else......

----------------------------------------
x = 485.000000, y = 391.000000
avance = -237.000000, avanceR = 2.000000, avanceI = 2.000000
inc_x_r = 0.000000, inc_y_r = 1.000000, inc_x_i = 1.000000, inc_y_i = 1.000000
En el else......

----------------------------------------
x = 485.000000, y = 392.000000
avance = -235.000000, avanceR = 2.000000, avanceI = 2.000000
inc_x_r = 0.000000, inc_y_r = 1.000000, inc_x_i = 1.000000, inc_y_i = 1.000000
En el else......

----------------------------------------
x = 485.000000, y = 393.000000
avance = -233.000000, avanceR = 2.000000, avanceI = 2.000000
inc_x_r = 0.000000, inc_y_r = 1.000000, inc_x_i = 1.000000, inc_y_i = 1.000000
En el else......

----------------------------------------
x = 485.000000, y = 394.000000
avance = -231.000000, avanceR = 2.000000, avanceI = 2.000000
inc_x_r = 0.000000, inc_y_r = 1.000000, inc_x_i = 1.000000, inc_y_i = 1.000000
En el else......

----------------------------------------
x = 485.000000, y = 395.000000
avance = -229.000000, avanceR = 2.000000, avanceI = 2.000000
inc_x_r = 0.000000, inc_y_r = 1.000000, inc_x_i = 1.000000, inc_y_i = 1.000000
En el else......

----------------------------------------
x = 485.000000, y = 396.000000
avance = -227.000000, avanceR = 2.000000, avanceI = 2.000000
inc_x_r = 0.000000, inc_y_r = 1.000000, inc_x_i = 1.000000, inc_y_i = 1.000000
En el else......

----------------------------------------
x = 485.000000, y = 397.000000
avance = -225.000000, avanceR = 2.000000, avanceI = 2.000000
inc_x_r = 0.000000, inc_y_r = 1.000000, inc_x_i = 1.000000, inc_y_i = 1.000000
En el else......

----------------------------------------
x = 485.000000, y = 398.000000
avance = -223.000000, avanceR = 2.000000, avanceI = 2.000000
inc_x_r = 0.000000, inc_y_r = 1.000000, inc_x_i = 1.000000, inc_y_i = 1.000000
En el else......

----------------------------------------
x = 485.000000, y = 399.000000
avance = -221.000000, avanceR = 2.000000, avanceI = 2.000000
inc_x_r = 0.000000, inc_y_r = 1.000000, inc_x_i = 1.000000, inc_y_i = 1.000000
En el else......

----------------------------------------
hora de salir del bucle mi pana


ENTRAMOS A BRESENHAMªªªª
x1 = 485.000000 - y1 = 385.000000 || x2 = 486.000000 - y2 = 636.000000
dy = 251.000000, dx = 1.000000
avances inclinados: inc_x_i = 1.000000, inc_y_i = 1.000000
updated: dy = 251.000000, dx = 1.000000
avances rectos: inc_x_r = 0.000000, inc_y_r 1.000000
reupdated: dy = 1.000000, dx = 251.000000
avanceR = 2.000000, avance -249.000000, avanceI 2.000000
----------------------------------------
x = 485.000000, y = 385.000000
avance = -249.000000, avanceR = 2.000000, avanceI = 2.000000
inc_x_r = 0.000000, inc_y_r = 1.000000, inc_x_i = 1.000000, inc_y_i = 1.000000
En el else......

----------------------------------------
x = 485.000000, y = 386.000000
avance = -247.000000, avanceR = 2.000000, avanceI = 2.000000
inc_x_r = 0.000000, inc_y_r = 1.000000, inc_x_i = 1.000000, inc_y_i = 1.000000
En el else......

----------------------------------------
x = 485.000000, y = 387.000000
avance = -245.000000, avanceR = 2.000000, avanceI = 2.000000
inc_x_r = 0.000000, inc_y_r = 1.000000, inc_x_i = 1.000000, inc_y_i = 1.000000
En el else......

----------------------------------------
x = 485.000000, y = 388.000000
avance = -243.000000, avanceR = 2.000000, avanceI = 2.000000
inc_x_r = 0.000000, inc_y_r = 1.000000, inc_x_i = 1.000000, inc_y_i = 1.000000
En el else......

----------------------------------------
x = 485.000000, y = 389.000000
avance = -241.000000, avanceR = 2.000000, avanceI = 2.000000
inc_x_r = 0.000000, inc_y_r = 1.000000, inc_x_i = 1.000000, inc_y_i = 1.000000
En el else......

----------------------------------------
x = 485.000000, y = 390.000000
avance = -239.000000, avanceR = 2.000000, avanceI = 2.000000
inc_x_r = 0.000000, inc_y_r = 1.000000, inc_x_i = 1.000000, inc_y_i = 1.000000
En el else......

----------------------------------------
x = 485.000000, y = 391.000000
avance = -237.000000, avanceR = 2.000000, avanceI = 2.000000
inc_x_r = 0.000000, inc_y_r = 1.000000, inc_x_i = 1.000000, inc_y_i = 1.000000
En el else......

----------------------------------------
x = 485.000000, y = 392.000000
avance = -235.000000, avanceR = 2.000000, avanceI = 2.000000
inc_x_r = 0.000000, inc_y_r = 1.000000, inc_x_i = 1.000000, inc_y_i = 1.000000
En el else......

----------------------------------------
x = 485.000000, y = 393.000000
avance = -233.000000, avanceR = 2.000000, avanceI = 2.000000
inc_x_r = 0.000000, inc_y_r = 1.000000, inc_x_i = 1.000000, inc_y_i = 1.000000
En el else......

----------------------------------------
x = 485.000000, y = 394.000000
avance = -231.000000, avanceR = 2.000000, avanceI = 2.000000
inc_x_r = 0.000000, inc_y_r = 1.000000, inc_x_i = 1.000000, inc_y_i = 1.000000
En el else......

----------------------------------------
x = 485.000000, y = 395.000000
avance = -229.000000, avanceR = 2.000000, avanceI = 2.000000
inc_x_r = 0.000000, inc_y_r = 1.000000, inc_x_i = 1.000000, inc_y_i = 1.000000
En el else......

----------------------------------------
x = 485.000000, y = 396.000000
avance = -227.000000, avanceR = 2.000000, avanceI = 2.000000
inc_x_r = 0.000000, inc_y_r = 1.000000, inc_x_i = 1.000000, inc_y_i = 1.000000
En el else......

----------------------------------------
x = 485.000000, y = 397.000000
avance = -225.000000, avanceR = 2.000000, avanceI = 2.000000
inc_x_r = 0.000000, inc_y_r = 1.000000, inc_x_i = 1.000000, inc_y_i = 1.000000
En el else......

----------------------------------------
x = 485.000000, y = 398.000000
avance = -223.000000, avanceR = 2.000000, avanceI = 2.000000
inc_x_r = 0.000000, inc_y_r = 1.000000, inc_x_i = 1.000000, inc_y_i = 1.000000
En el else......

----------------------------------------
x = 485.000000, y = 399.000000
avance = -221.000000, avanceR = 2.000000, avanceI = 2.000000
inc_x_r = 0.000000, inc_y_r = 1.000000, inc_x_i = 1.000000, inc_y_i = 1.000000
En el else......

----------------------------------------
hora de salir del bucle mi pana


ENTRAMOS A BRESENHAMªªªª
x1 = 485.000000 - y1 = 385.000000 || x2 = 486.000000 - y2 = 636.000000
dy = 251.000000, dx = 1.000000
avances inclinados: inc_x_i = 1.000000, inc_y_i = 1.000000
updated: dy = 251.000000, dx = 1.000000
avances rectos: inc_x_r = 0.000000, inc_y_r 1.000000
reupdated: dy = 1.000000, dx = 251.000000
avanceR = 2.000000, avance -249.000000, avanceI 2.000000
----------------------------------------
x = 485.000000, y = 385.000000
avance = -249.000000, avanceR = 2.000000, avanceI = 2.000000
inc_x_r = 0.000000, inc_y_r = 1.000000, inc_x_i = 1.000000, inc_y_i = 1.000000
En el else......

----------------------------------------
x = 485.000000, y = 386.000000
avance = -247.000000, avanceR = 2.000000, avanceI = 2.000000
inc_x_r = 0.000000, inc_y_r = 1.000000, inc_x_i = 1.000000, inc_y_i = 1.000000
En el else......

----------------------------------------
x = 485.000000, y = 387.000000
avance = -245.000000, avanceR = 2.000000, avanceI = 2.000000
inc_x_r = 0.000000, inc_y_r = 1.000000, inc_x_i = 1.000000, inc_y_i = 1.000000
En el else......

----------------------------------------
x = 485.000000, y = 388.000000
avance = -243.000000, avanceR = 2.000000, avanceI = 2.000000
inc_x_r = 0.000000, inc_y_r = 1.000000, inc_x_i = 1.000000, inc_y_i = 1.000000
En el else......

----------------------------------------
x = 485.000000, y = 389.000000
avance = -241.000000, avanceR = 2.000000, avanceI = 2.000000
inc_x_r = 0.000000, inc_y_r = 1.000000, inc_x_i = 1.000000, inc_y_i = 1.000000
En el else......

----------------------------------------
x = 485.000000, y = 390.000000
avance = -239.000000, avanceR = 2.000000, avanceI = 2.000000
inc_x_r = 0.000000, inc_y_r = 1.000000, inc_x_i = 1.000000, inc_y_i = 1.000000
En el else......

----------------------------------------
x = 485.000000, y = 391.000000
avance = -237.000000, avanceR = 2.000000, avanceI = 2.000000
inc_x_r = 0.000000, inc_y_r = 1.000000, inc_x_i = 1.000000, inc_y_i = 1.000000
En el else......

----------------------------------------
x = 485.000000, y = 392.000000
avance = -235.000000, avanceR = 2.000000, avanceI = 2.000000
inc_x_r = 0.000000, inc_y_r = 1.000000, inc_x_i = 1.000000, inc_y_i = 1.000000
En el else......

----------------------------------------
x = 485.000000, y = 393.000000
avance = -233.000000, avanceR = 2.000000, avanceI = 2.000000
inc_x_r = 0.000000, inc_y_r = 1.000000, inc_x_i = 1.000000, inc_y_i = 1.000000
En el else......

----------------------------------------
x = 485.000000, y = 394.000000
avance = -231.000000, avanceR = 2.000000, avanceI = 2.000000
inc_x_r = 0.000000, inc_y_r = 1.000000, inc_x_i = 1.000000, inc_y_i = 1.000000
En el else......

----------------------------------------
x = 485.000000, y = 395.000000
avance = -229.000000, avanceR = 2.000000, avanceI = 2.000000
inc_x_r = 0.000000, inc_y_r = 1.000000, inc_x_i = 1.000000, inc_y_i = 1.000000
En el else......

----------------------------------------
x = 485.000000, y = 396.000000
avance = -227.000000, avanceR = 2.000000, avanceI = 2.000000
inc_x_r = 0.000000, inc_y_r = 1.000000, inc_x_i = 1.000000, inc_y_i = 1.000000
En el else......

----------------------------------------
x = 485.000000, y = 397.000000
avance = -225.000000, avanceR = 2.000000, avanceI = 2.000000
inc_x_r = 0.000000, inc_y_r = 1.000000, inc_x_i = 1.000000, inc_y_i = 1.000000
En el else......

----------------------------------------
x = 485.000000, y = 398.000000
avance = -223.000000, avanceR = 2.000000, avanceI = 2.000000
inc_x_r = 0.000000, inc_y_r = 1.000000, inc_x_i = 1.000000, inc_y_i = 1.000000
En el else......

----------------------------------------
x = 485.000000, y = 399.000000
avance = -221.000000, avanceR = 2.000000, avanceI = 2.000000
inc_x_r = 0.000000, inc_y_r = 1.000000, inc_x_i = 1.000000, inc_y_i = 1.000000
En el else......

----------------------------------------
hora de salir del bucle mi pana


ENTRAMOS A BRESENHAMªªªª
x1 = 485.000000 - y1 = 385.000000 || x2 = 486.000000 - y2 = 636.000000
dy = 251.000000, dx = 1.000000
avances inclinados: inc_x_i = 1.000000, inc_y_i = 1.000000
updated: dy = 251.000000, dx = 1.000000
avances rectos: inc_x_r = 0.000000, inc_y_r 1.000000
reupdated: dy = 1.000000, dx = 251.000000
avanceR = 2.000000, avance -249.000000, avanceI 2.000000
----------------------------------------
x = 485.000000, y = 385.000000
avance = -249.000000, avanceR = 2.000000, avanceI = 2.000000
inc_x_r = 0.000000, inc_y_r = 1.000000, inc_x_i = 1.000000, inc_y_i = 1.000000
En el else......

----------------------------------------
x = 485.000000, y = 386.000000
avance = -247.000000, avanceR = 2.000000, avanceI = 2.000000
inc_x_r = 0.000000, inc_y_r = 1.000000, inc_x_i = 1.000000, inc_y_i = 1.000000
En el else......

----------------------------------------
x = 485.000000, y = 387.000000
avance = -245.000000, avanceR = 2.000000, avanceI = 2.000000
inc_x_r = 0.000000, inc_y_r = 1.000000, inc_x_i = 1.000000, inc_y_i = 1.000000
En el else......

----------------------------------------
x = 485.000000, y = 388.000000
avance = -243.000000, avanceR = 2.000000, avanceI = 2.000000
inc_x_r = 0.000000, inc_y_r = 1.000000, inc_x_i = 1.000000, inc_y_i = 1.000000
En el else......

----------------------------------------
x = 485.000000, y = 389.000000
avance = -241.000000, avanceR = 2.000000, avanceI = 2.000000
inc_x_r = 0.000000, inc_y_r = 1.000000, inc_x_i = 1.000000, inc_y_i = 1.000000
En el else......

----------------------------------------
x = 485.000000, y = 390.000000
avance = -239.000000, avanceR = 2.000000, avanceI = 2.000000
inc_x_r = 0.000000, inc_y_r = 1.000000, inc_x_i = 1.000000, inc_y_i = 1.000000
En el else......

----------------------------------------
x = 485.000000, y = 391.000000
avance = -237.000000, avanceR = 2.000000, avanceI = 2.000000
inc_x_r = 0.000000, inc_y_r = 1.000000, inc_x_i = 1.000000, inc_y_i = 1.000000
En el else......

----------------------------------------
x = 485.000000, y = 392.000000
avance = -235.000000, avanceR = 2.000000, avanceI = 2.000000
inc_x_r = 0.000000, inc_y_r = 1.000000, inc_x_i = 1.000000, inc_y_i = 1.000000
En el else......

----------------------------------------
x = 485.000000, y = 393.000000
avance = -233.000000, avanceR = 2.000000, avanceI = 2.000000
inc_x_r = 0.000000, inc_y_r = 1.000000, inc_x_i = 1.000000, inc_y_i = 1.000000
En el else......

----------------------------------------
x = 485.000000, y = 394.000000
avance = -231.000000, avanceR = 2.000000, avanceI = 2.000000
inc_x_r = 0.000000, inc_y_r = 1.000000, inc_x_i = 1.000000, inc_y_i = 1.000000
En el else......

----------------------------------------
x = 485.000000, y = 395.000000
avance = -229.000000, avanceR = 2.000000, avanceI = 2.000000
inc_x_r = 0.000000, inc_y_r = 1.000000, inc_x_i = 1.000000, inc_y_i = 1.000000
En el else......

----------------------------------------
x = 485.000000, y = 396.000000
avance = -227.000000, avanceR = 2.000000, avanceI = 2.000000
inc_x_r = 0.000000, inc_y_r = 1.000000, inc_x_i = 1.000000, inc_y_i = 1.000000
En el else......

----------------------------------------
x = 485.000000, y = 397.000000
avance = -225.000000, avanceR = 2.000000, avanceI = 2.000000
inc_x_r = 0.000000, inc_y_r = 1.000000, inc_x_i = 1.000000, inc_y_i = 1.000000
En el else......

----------------------------------------
x = 485.000000, y = 398.000000
avance = -223.000000, avanceR = 2.000000, avanceI = 2.000000
inc_x_r = 0.000000, inc_y_r = 1.000000, inc_x_i = 1.000000, inc_y_i = 1.000000
En el else......

----------------------------------------
x = 485.000000, y = 399.000000
avance = -221.000000, avanceR = 2.000000, avanceI = 2.000000
inc_x_r = 0.000000, inc_y_r = 1.000000, inc_x_i = 1.000000, inc_y_i = 1.000000
En el else......

----------------------------------------
hora de salir del bucle mi pana


ENTRAMOS A BRESENHAMªªªª
x1 = 485.000000 - y1 = 385.000000 || x2 = 486.000000 - y2 = 636.000000
dy = 251.000000, dx = 1.000000
avances inclinados: inc_x_i = 1.000000, inc_y_i = 1.000000
updated: dy = 251.000000, dx = 1.000000
avances rectos: inc_x_r = 0.000000, inc_y_r 1.000000
reupdated: dy = 1.000000, dx = 251.000000
avanceR = 2.000000, avance -249.000000, avanceI 2.000000
----------------------------------------
x = 485.000000, y = 385.000000
avance = -249.000000, avanceR = 2.000000, avanceI = 2.000000
inc_x_r = 0.000000, inc_y_r = 1.000000, inc_x_i = 1.000000, inc_y_i = 1.000000
En el else......

----------------------------------------
x = 485.000000, y = 386.000000
avance = -247.000000, avanceR = 2.000000, avanceI = 2.000000
inc_x_r = 0.000000, inc_y_r = 1.000000, inc_x_i = 1.000000, inc_y_i = 1.000000
En el else......

----------------------------------------
x = 485.000000, y = 387.000000
avance = -245.000000, avanceR = 2.000000, avanceI = 2.000000
inc_x_r = 0.000000, inc_y_r = 1.000000, inc_x_i = 1.000000, inc_y_i = 1.000000
En el else......

----------------------------------------
x = 485.000000, y = 388.000000
avance = -243.000000, avanceR = 2.000000, avanceI = 2.000000
inc_x_r = 0.000000, inc_y_r = 1.000000, inc_x_i = 1.000000, inc_y_i = 1.000000
En el else......

----------------------------------------
x = 485.000000, y = 389.000000
avance = -241.000000, avanceR = 2.000000, avanceI = 2.000000
inc_x_r = 0.000000, inc_y_r = 1.000000, inc_x_i = 1.000000, inc_y_i = 1.000000
En el else......

----------------------------------------
x = 485.000000, y = 390.000000
avance = -239.000000, avanceR = 2.000000, avanceI = 2.000000
inc_x_r = 0.000000, inc_y_r = 1.000000, inc_x_i = 1.000000, inc_y_i = 1.000000
En el else......

----------------------------------------
x = 485.000000, y = 391.000000
avance = -237.000000, avanceR = 2.000000, avanceI = 2.000000
inc_x_r = 0.000000, inc_y_r = 1.000000, inc_x_i = 1.000000, inc_y_i = 1.000000
En el else......

----------------------------------------
x = 485.000000, y = 392.000000
avance = -235.000000, avanceR = 2.000000, avanceI = 2.000000
inc_x_r = 0.000000, inc_y_r = 1.000000, inc_x_i = 1.000000, inc_y_i = 1.000000
En el else......

----------------------------------------
x = 485.000000, y = 393.000000
avance = -233.000000, avanceR = 2.000000, avanceI = 2.000000
inc_x_r = 0.000000, inc_y_r = 1.000000, inc_x_i = 1.000000, inc_y_i = 1.000000
En el else......

----------------------------------------
x = 485.000000, y = 394.000000
avance = -231.000000, avanceR = 2.000000, avanceI = 2.000000
inc_x_r = 0.000000, inc_y_r = 1.000000, inc_x_i = 1.000000, inc_y_i = 1.000000
En el else......

----------------------------------------
x = 485.000000, y = 395.000000
avance = -229.000000, avanceR = 2.000000, avanceI = 2.000000
inc_x_r = 0.000000, inc_y_r = 1.000000, inc_x_i = 1.000000, inc_y_i = 1.000000
En el else......

----------------------------------------
x = 485.000000, y = 396.000000
avance = -227.000000, avanceR = 2.000000, avanceI = 2.000000
inc_x_r = 0.000000, inc_y_r = 1.000000, inc_x_i = 1.000000, inc_y_i = 1.000000
En el else......

----------------------------------------
x = 485.000000, y = 397.000000
avance = -225.000000, avanceR = 2.000000, avanceI = 2.000000
inc_x_r = 0.000000, inc_y_r = 1.000000, inc_x_i = 1.000000, inc_y_i = 1.000000
En el else......

----------------------------------------
x = 485.000000, y = 398.000000
avance = -223.000000, avanceR = 2.000000, avanceI = 2.000000
inc_x_r = 0.000000, inc_y_r = 1.000000, inc_x_i = 1.000000, inc_y_i = 1.000000
En el else......

----------------------------------------
x = 485.000000, y = 399.000000
avance = -221.000000, avanceR = 2.000000, avanceI = 2.000000
inc_x_r = 0.000000, inc_y_r = 1.000000, inc_x_i = 1.000000, inc_y_i = 1.000000
En el else......

----------------------------------------
hora de salir del bucle mi pana


ENTRAMOS A BRESENHAMªªªª
x1 = 485.000000 - y1 = 385.000000 || x2 = 486.000000 - y2 = 636.000000
dy = 251.000000, dx = 1.000000
avances inclinados: inc_x_i = 1.000000, inc_y_i = 1.000000
updated: dy = 251.000000, dx = 1.000000
avances rectos: inc_x_r = 0.000000, inc_y_r 1.000000
reupdated: dy = 1.000000, dx = 251.000000
avanceR = 2.000000, avance -249.000000, avanceI 2.000000
----------------------------------------
x = 485.000000, y = 385.000000
avance = -249.000000, avanceR = 2.000000, avanceI = 2.000000
inc_x_r = 0.000000, inc_y_r = 1.000000, inc_x_i = 1.000000, inc_y_i = 1.000000
En el else......

----------------------------------------
x = 485.000000, y = 386.000000
avance = -247.000000, avanceR = 2.000000, avanceI = 2.000000
inc_x_r = 0.000000, inc_y_r = 1.000000, inc_x_i = 1.000000, inc_y_i = 1.000000
En el else......

----------------------------------------
x = 485.000000, y = 387.000000
avance = -245.000000, avanceR = 2.000000, avanceI = 2.000000
inc_x_r = 0.000000, inc_y_r = 1.000000, inc_x_i = 1.000000, inc_y_i = 1.000000
En el else......

----------------------------------------
x = 485.000000, y = 388.000000
avance = -243.000000, avanceR = 2.000000, avanceI = 2.000000
inc_x_r = 0.000000, inc_y_r = 1.000000, inc_x_i = 1.000000, inc_y_i = 1.000000
En el else......

----------------------------------------
x = 485.000000, y = 389.000000
avance = -241.000000, avanceR = 2.000000, avanceI = 2.000000
inc_x_r = 0.000000, inc_y_r = 1.000000, inc_x_i = 1.000000, inc_y_i = 1.000000
En el else......

----------------------------------------
x = 485.000000, y = 390.000000
avance = -239.000000, avanceR = 2.000000, avanceI = 2.000000
inc_x_r = 0.000000, inc_y_r = 1.000000, inc_x_i = 1.000000, inc_y_i = 1.000000
En el else......

----------------------------------------
x = 485.000000, y = 391.000000
avance = -237.000000, avanceR = 2.000000, avanceI = 2.000000
inc_x_r = 0.000000, inc_y_r = 1.000000, inc_x_i = 1.000000, inc_y_i = 1.000000
En el else......

----------------------------------------
x = 485.000000, y = 392.000000
avance = -235.000000, avanceR = 2.000000, avanceI = 2.000000
inc_x_r = 0.000000, inc_y_r = 1.000000, inc_x_i = 1.000000, inc_y_i = 1.000000
En el else......

----------------------------------------
x = 485.000000, y = 393.000000
avance = -233.000000, avanceR = 2.000000, avanceI = 2.000000
inc_x_r = 0.000000, inc_y_r = 1.000000, inc_x_i = 1.000000, inc_y_i = 1.000000
En el else......

----------------------------------------
x = 485.000000, y = 394.000000
avance = -231.000000, avanceR = 2.000000, avanceI = 2.000000
inc_x_r = 0.000000, inc_y_r = 1.000000, inc_x_i = 1.000000, inc_y_i = 1.000000
En el else......

----------------------------------------
x = 485.000000, y = 395.000000
avance = -229.000000, avanceR = 2.000000, avanceI = 2.000000
inc_x_r = 0.000000, inc_y_r = 1.000000, inc_x_i = 1.000000, inc_y_i = 1.000000
En el else......

----------------------------------------
x = 485.000000, y = 396.000000
avance = -227.000000, avanceR = 2.000000, avanceI = 2.000000
inc_x_r = 0.000000, inc_y_r = 1.000000, inc_x_i = 1.000000, inc_y_i = 1.000000
En el else......

----------------------------------------
x = 485.000000, y = 397.000000
avance = -225.000000, avanceR = 2.000000, avanceI = 2.000000
inc_x_r = 0.000000, inc_y_r = 1.000000, inc_x_i = 1.000000, inc_y_i = 1.000000
En el else......

----------------------------------------
x = 485.000000, y = 398.000000
avance = -223.000000, avanceR = 2.000000, avanceI = 2.000000
inc_x_r = 0.000000, inc_y_r = 1.000000, inc_x_i = 1.000000, inc_y_i = 1.000000
En el else......

----------------------------------------
x = 485.000000, y = 399.000000
avance = -221.000000, avanceR = 2.000000, avanceI = 2.000000
inc_x_r = 0.000000, inc_y_r = 1.000000, inc_x_i = 1.000000, inc_y_i = 1.000000
En el else......

----------------------------------------
hora de salir del bucle mi pana


ENTRAMOS A BRESENHAMªªªª
x1 = 485.000000 - y1 = 385.000000 || x2 = 486.000000 - y2 = 636.000000
dy = 251.000000, dx = 1.000000
avances inclinados: inc_x_i = 1.000000, inc_y_i = 1.000000
updated: dy = 251.000000, dx = 1.000000
avances rectos: inc_x_r = 0.000000, inc_y_r 1.000000
reupdated: dy = 1.000000, dx = 251.000000
avanceR = 2.000000, avance -249.000000, avanceI 2.000000
----------------------------------------
x = 485.000000, y = 385.000000
avance = -249.000000, avanceR = 2.000000, avanceI = 2.000000
inc_x_r = 0.000000, inc_y_r = 1.000000, inc_x_i = 1.000000, inc_y_i = 1.000000
En el else......

----------------------------------------
x = 485.000000, y = 386.000000
avance = -247.000000, avanceR = 2.000000, avanceI = 2.000000
inc_x_r = 0.000000, inc_y_r = 1.000000, inc_x_i = 1.000000, inc_y_i = 1.000000
En el else......

----------------------------------------
x = 485.000000, y = 387.000000
avance = -245.000000, avanceR = 2.000000, avanceI = 2.000000
inc_x_r = 0.000000, inc_y_r = 1.000000, inc_x_i = 1.000000, inc_y_i = 1.000000
En el else......

----------------------------------------
x = 485.000000, y = 388.000000
avance = -243.000000, avanceR = 2.000000, avanceI = 2.000000
inc_x_r = 0.000000, inc_y_r = 1.000000, inc_x_i = 1.000000, inc_y_i = 1.000000
En el else......

----------------------------------------
x = 485.000000, y = 389.000000
avance = -241.000000, avanceR = 2.000000, avanceI = 2.000000
inc_x_r = 0.000000, inc_y_r = 1.000000, inc_x_i = 1.000000, inc_y_i = 1.000000
En el else......

----------------------------------------
x = 485.000000, y = 390.000000
avance = -239.000000, avanceR = 2.000000, avanceI = 2.000000
inc_x_r = 0.000000, inc_y_r = 1.000000, inc_x_i = 1.000000, inc_y_i = 1.000000
En el else......

----------------------------------------
x = 485.000000, y = 391.000000
avance = -237.000000, avanceR = 2.000000, avanceI = 2.000000
inc_x_r = 0.000000, inc_y_r = 1.000000, inc_x_i = 1.000000, inc_y_i = 1.000000
En el else......

----------------------------------------
x = 485.000000, y = 392.000000
avance = -235.000000, avanceR = 2.000000, avanceI = 2.000000
inc_x_r = 0.000000, inc_y_r = 1.000000, inc_x_i = 1.000000, inc_y_i = 1.000000
En el else......

----------------------------------------
x = 485.000000, y = 393.000000
avance = -233.000000, avanceR = 2.000000, avanceI = 2.000000
inc_x_r = 0.000000, inc_y_r = 1.000000, inc_x_i = 1.000000, inc_y_i = 1.000000
En el else......

----------------------------------------
x = 485.000000, y = 394.000000
avance = -231.000000, avanceR = 2.000000, avanceI = 2.000000
inc_x_r = 0.000000, inc_y_r = 1.000000, inc_x_i = 1.000000, inc_y_i = 1.000000
En el else......

----------------------------------------
x = 485.000000, y = 395.000000
avance = -229.000000, avanceR = 2.000000, avanceI = 2.000000
inc_x_r = 0.000000, inc_y_r = 1.000000, inc_x_i = 1.000000, inc_y_i = 1.000000
En el else......

----------------------------------------
x = 485.000000, y = 396.000000
avance = -227.000000, avanceR = 2.000000, avanceI = 2.000000
inc_x_r = 0.000000, inc_y_r = 1.000000, inc_x_i = 1.000000, inc_y_i = 1.000000
En el else......

----------------------------------------
x = 485.000000, y = 397.000000
avance = -225.000000, avanceR = 2.000000, avanceI = 2.000000
inc_x_r = 0.000000, inc_y_r = 1.000000, inc_x_i = 1.000000, inc_y_i = 1.000000
En el else......

----------------------------------------
x = 485.000000, y = 398.000000
avance = -223.000000, avanceR = 2.000000, avanceI = 2.000000
inc_x_r = 0.000000, inc_y_r = 1.000000, inc_x_i = 1.000000, inc_y_i = 1.000000
En el else......

----------------------------------------
x = 485.000000, y = 399.000000
avance = -221.000000, avanceR = 2.000000, avanceI = 2.000000
inc_x_r = 0.000000, inc_y_r = 1.000000, inc_x_i = 1.000000, inc_y_i = 1.000000
En el else......

----------------------------------------
hora de salir del bucle mi pana


ENTRAMOS A BRESENHAMªªªª
x1 = 485.000000 - y1 = 385.000000 || x2 = 486.000000 - y2 = 636.000000
dy = 251.000000, dx = 1.000000
avances inclinados: inc_x_i = 1.000000, inc_y_i = 1.000000
updated: dy = 251.000000, dx = 1.000000
avances rectos: inc_x_r = 0.000000, inc_y_r 1.000000
reupdated: dy = 1.000000, dx = 251.000000
avanceR = 2.000000, avance -249.000000, avanceI 2.000000
----------------------------------------
x = 485.000000, y = 385.000000
avance = -249.000000, avanceR = 2.000000, avanceI = 2.000000
inc_x_r = 0.000000, inc_y_r = 1.000000, inc_x_i = 1.000000, inc_y_i = 1.000000
En el else......

----------------------------------------
x = 485.000000, y = 386.000000
avance = -247.000000, avanceR = 2.000000, avanceI = 2.000000
inc_x_r = 0.000000, inc_y_r = 1.000000, inc_x_i = 1.000000, inc_y_i = 1.000000
En el else......

----------------------------------------
x = 485.000000, y = 387.000000
avance = -245.000000, avanceR = 2.000000, avanceI = 2.000000
inc_x_r = 0.000000, inc_y_r = 1.000000, inc_x_i = 1.000000, inc_y_i = 1.000000
En el else......

----------------------------------------
x = 485.000000, y = 388.000000
avance = -243.000000, avanceR = 2.000000, avanceI = 2.000000
inc_x_r = 0.000000, inc_y_r = 1.000000, inc_x_i = 1.000000, inc_y_i = 1.000000
En el else......

----------------------------------------
x = 485.000000, y = 389.000000
avance = -241.000000, avanceR = 2.000000, avanceI = 2.000000
inc_x_r = 0.000000, inc_y_r = 1.000000, inc_x_i = 1.000000, inc_y_i = 1.000000
En el else......

----------------------------------------
x = 485.000000, y = 390.000000
avance = -239.000000, avanceR = 2.000000, avanceI = 2.000000
inc_x_r = 0.000000, inc_y_r = 1.000000, inc_x_i = 1.000000, inc_y_i = 1.000000
En el else......

----------------------------------------
x = 485.000000, y = 391.000000
avance = -237.000000, avanceR = 2.000000, avanceI = 2.000000
inc_x_r = 0.000000, inc_y_r = 1.000000, inc_x_i = 1.000000, inc_y_i = 1.000000
En el else......

----------------------------------------
x = 485.000000, y = 392.000000
avance = -235.000000, avanceR = 2.000000, avanceI = 2.000000
inc_x_r = 0.000000, inc_y_r = 1.000000, inc_x_i = 1.000000, inc_y_i = 1.000000
En el else......

----------------------------------------
x = 485.000000, y = 393.000000
avance = -233.000000, avanceR = 2.000000, avanceI = 2.000000
inc_x_r = 0.000000, inc_y_r = 1.000000, inc_x_i = 1.000000, inc_y_i = 1.000000
En el else......

----------------------------------------
x = 485.000000, y = 394.000000
avance = -231.000000, avanceR = 2.000000, avanceI = 2.000000
inc_x_r = 0.000000, inc_y_r = 1.000000, inc_x_i = 1.000000, inc_y_i = 1.000000
En el else......

----------------------------------------
x = 485.000000, y = 395.000000
avance = -229.000000, avanceR = 2.000000, avanceI = 2.000000
inc_x_r = 0.000000, inc_y_r = 1.000000, inc_x_i = 1.000000, inc_y_i = 1.000000
En el else......

----------------------------------------
x = 485.000000, y = 396.000000
avance = -227.000000, avanceR = 2.000000, avanceI = 2.000000
inc_x_r = 0.000000, inc_y_r = 1.000000, inc_x_i = 1.000000, inc_y_i = 1.000000
En el else......

----------------------------------------
x = 485.000000, y = 397.000000
avance = -225.000000, avanceR = 2.000000, avanceI = 2.000000
inc_x_r = 0.000000, inc_y_r = 1.000000, inc_x_i = 1.000000, inc_y_i = 1.000000
En el else......

----------------------------------------
x = 485.000000, y = 398.000000
avance = -223.000000, avanceR = 2.000000, avanceI = 2.000000
inc_x_r = 0.000000, inc_y_r = 1.000000, inc_x_i = 1.000000, inc_y_i = 1.000000
En el else......

----------------------------------------
x = 485.000000, y = 399.000000
avance = -221.000000, avanceR = 2.000000, avanceI = 2.000000
inc_x_r = 0.000000, inc_y_r = 1.000000, inc_x_i = 1.000000, inc_y_i = 1.000000
En el else......

----------------------------------------
hora de salir del bucle mi pana


ENTRAMOS A BRESENHAMªªªª
x1 = 485.000000 - y1 = 385.000000 || x2 = 486.000000 - y2 = 636.000000
dy = 251.000000, dx = 1.000000
avances inclinados: inc_x_i = 1.000000, inc_y_i = 1.000000
updated: dy = 251.000000, dx = 1.000000
avances rectos: inc_x_r = 0.000000, inc_y_r 1.000000
reupdated: dy = 1.000000, dx = 251.000000
avanceR = 2.000000, avance -249.000000, avanceI 2.000000
----------------------------------------
x = 485.000000, y = 385.000000
avance = -249.000000, avanceR = 2.000000, avanceI = 2.000000
inc_x_r = 0.000000, inc_y_r = 1.000000, inc_x_i = 1.000000, inc_y_i = 1.000000
En el else......

----------------------------------------
x = 485.000000, y = 386.000000
avance = -247.000000, avanceR = 2.000000, avanceI = 2.000000
inc_x_r = 0.000000, inc_y_r = 1.000000, inc_x_i = 1.000000, inc_y_i = 1.000000
En el else......

----------------------------------------
x = 485.000000, y = 387.000000
avance = -245.000000, avanceR = 2.000000, avanceI = 2.000000
inc_x_r = 0.000000, inc_y_r = 1.000000, inc_x_i = 1.000000, inc_y_i = 1.000000
En el else......

----------------------------------------
x = 485.000000, y = 388.000000
avance = -243.000000, avanceR = 2.000000, avanceI = 2.000000
inc_x_r = 0.000000, inc_y_r = 1.000000, inc_x_i = 1.000000, inc_y_i = 1.000000
En el else......

----------------------------------------
x = 485.000000, y = 389.000000
avance = -241.000000, avanceR = 2.000000, avanceI = 2.000000
inc_x_r = 0.000000, inc_y_r = 1.000000, inc_x_i = 1.000000, inc_y_i = 1.000000
En el else......

----------------------------------------
x = 485.000000, y = 390.000000
avance = -239.000000, avanceR = 2.000000, avanceI = 2.000000
inc_x_r = 0.000000, inc_y_r = 1.000000, inc_x_i = 1.000000, inc_y_i = 1.000000
En el else......

----------------------------------------
x = 485.000000, y = 391.000000
avance = -237.000000, avanceR = 2.000000, avanceI = 2.000000
inc_x_r = 0.000000, inc_y_r = 1.000000, inc_x_i = 1.000000, inc_y_i = 1.000000
En el else......

----------------------------------------
x = 485.000000, y = 392.000000
avance = -235.000000, avanceR = 2.000000, avanceI = 2.000000
inc_x_r = 0.000000, inc_y_r = 1.000000, inc_x_i = 1.000000, inc_y_i = 1.000000
En el else......

----------------------------------------
x = 485.000000, y = 393.000000
avance = -233.000000, avanceR = 2.000000, avanceI = 2.000000
inc_x_r = 0.000000, inc_y_r = 1.000000, inc_x_i = 1.000000, inc_y_i = 1.000000
En el else......

----------------------------------------
x = 485.000000, y = 394.000000
avance = -231.000000, avanceR = 2.000000, avanceI = 2.000000
inc_x_r = 0.000000, inc_y_r = 1.000000, inc_x_i = 1.000000, inc_y_i = 1.000000
En el else......

----------------------------------------
x = 485.000000, y = 395.000000
avance = -229.000000, avanceR = 2.000000, avanceI = 2.000000
inc_x_r = 0.000000, inc_y_r = 1.000000, inc_x_i = 1.000000, inc_y_i = 1.000000
En el else......

----------------------------------------
x = 485.000000, y = 396.000000
avance = -227.000000, avanceR = 2.000000, avanceI = 2.000000
inc_x_r = 0.000000, inc_y_r = 1.000000, inc_x_i = 1.000000, inc_y_i = 1.000000
En el else......

----------------------------------------
x = 485.000000, y = 397.000000
avance = -225.000000, avanceR = 2.000000, avanceI = 2.000000
inc_x_r = 0.000000, inc_y_r = 1.000000, inc_x_i = 1.000000, inc_y_i = 1.000000
En el else......

----------------------------------------
x = 485.000000, y = 398.000000
avance = -223.000000, avanceR = 2.000000, avanceI = 2.000000
inc_x_r = 0.000000, inc_y_r = 1.000000, inc_x_i = 1.000000, inc_y_i = 1.000000
En el else......

----------------------------------------
x = 485.000000, y = 399.000000
avance = -221.000000, avanceR = 2.000000, avanceI = 2.000000
inc_x_r = 0.000000, inc_y_r = 1.000000, inc_x_i = 1.000000, inc_y_i = 1.000000
En el else......

----------------------------------------
hora de salir del bucle mi pana


ENTRAMOS A BRESENHAMªªªª
x1 = 485.000000 - y1 = 385.000000 || x2 = 486.000000 - y2 = 636.000000
dy = 251.000000, dx = 1.000000
avances inclinados: inc_x_i = 1.000000, inc_y_i = 1.000000
updated: dy = 251.000000, dx = 1.000000
avances rectos: inc_x_r = 0.000000, inc_y_r 1.000000
reupdated: dy = 1.000000, dx = 251.000000
avanceR = 2.000000, avance -249.000000, avanceI 2.000000
----------------------------------------
x = 485.000000, y = 385.000000
avance = -249.000000, avanceR = 2.000000, avanceI = 2.000000
inc_x_r = 0.000000, inc_y_r = 1.000000, inc_x_i = 1.000000, inc_y_i = 1.000000
En el else......

----------------------------------------
x = 485.000000, y = 386.000000
avance = -247.000000, avanceR = 2.000000, avanceI = 2.000000
inc_x_r = 0.000000, inc_y_r = 1.000000, inc_x_i = 1.000000, inc_y_i = 1.000000
En el else......

----------------------------------------
x = 485.000000, y = 387.000000
avance = -245.000000, avanceR = 2.000000, avanceI = 2.000000
inc_x_r = 0.000000, inc_y_r = 1.000000, inc_x_i = 1.000000, inc_y_i = 1.000000
En el else......

----------------------------------------
x = 485.000000, y = 388.000000
avance = -243.000000, avanceR = 2.000000, avanceI = 2.000000
inc_x_r = 0.000000, inc_y_r = 1.000000, inc_x_i = 1.000000, inc_y_i = 1.000000
En el else......

----------------------------------------
x = 485.000000, y = 389.000000
avance = -241.000000, avanceR = 2.000000, avanceI = 2.000000
inc_x_r = 0.000000, inc_y_r = 1.000000, inc_x_i = 1.000000, inc_y_i = 1.000000
En el else......

----------------------------------------
x = 485.000000, y = 390.000000
avance = -239.000000, avanceR = 2.000000, avanceI = 2.000000
inc_x_r = 0.000000, inc_y_r = 1.000000, inc_x_i = 1.000000, inc_y_i = 1.000000
En el else......

----------------------------------------
x = 485.000000, y = 391.000000
avance = -237.000000, avanceR = 2.000000, avanceI = 2.000000
inc_x_r = 0.000000, inc_y_r = 1.000000, inc_x_i = 1.000000, inc_y_i = 1.000000
En el else......

----------------------------------------
x = 485.000000, y = 392.000000
avance = -235.000000, avanceR = 2.000000, avanceI = 2.000000
inc_x_r = 0.000000, inc_y_r = 1.000000, inc_x_i = 1.000000, inc_y_i = 1.000000
En el else......

----------------------------------------
x = 485.000000, y = 393.000000
avance = -233.000000, avanceR = 2.000000, avanceI = 2.000000
inc_x_r = 0.000000, inc_y_r = 1.000000, inc_x_i = 1.000000, inc_y_i = 1.000000
En el else......

----------------------------------------
x = 485.000000, y = 394.000000
avance = -231.000000, avanceR = 2.000000, avanceI = 2.000000
inc_x_r = 0.000000, inc_y_r = 1.000000, inc_x_i = 1.000000, inc_y_i = 1.000000
En el else......

----------------------------------------
x = 485.000000, y = 395.000000
avance = -229.000000, avanceR = 2.000000, avanceI = 2.000000
inc_x_r = 0.000000, inc_y_r = 1.000000, inc_x_i = 1.000000, inc_y_i = 1.000000
En el else......

----------------------------------------
x = 485.000000, y = 396.000000
avance = -227.000000, avanceR = 2.000000, avanceI = 2.000000
inc_x_r = 0.000000, inc_y_r = 1.000000, inc_x_i = 1.000000, inc_y_i = 1.000000
En el else......

----------------------------------------
x = 485.000000, y = 397.000000
avance = -225.000000, avanceR = 2.000000, avanceI = 2.000000
inc_x_r = 0.000000, inc_y_r = 1.000000, inc_x_i = 1.000000, inc_y_i = 1.000000
En el else......

----------------------------------------
x = 485.000000, y = 398.000000
avance = -223.000000, avanceR = 2.000000, avanceI = 2.000000
inc_x_r = 0.000000, inc_y_r = 1.000000, inc_x_i = 1.000000, inc_y_i = 1.000000
En el else......

----------------------------------------
x = 485.000000, y = 399.000000
avance = -221.000000, avanceR = 2.000000, avanceI = 2.000000
inc_x_r = 0.000000, inc_y_r = 1.000000, inc_x_i = 1.000000, inc_y_i = 1.000000
En el else......

----------------------------------------
hora de salir del bucle mi pana


ENTRAMOS A BRESENHAMªªªª
x1 = 485.000000 - y1 = 385.000000 || x2 = 486.000000 - y2 = 636.000000
dy = 251.000000, dx = 1.000000
avances inclinados: inc_x_i = 1.000000, inc_y_i = 1.000000
updated: dy = 251.000000, dx = 1.000000
avances rectos: inc_x_r = 0.000000, inc_y_r 1.000000
reupdated: dy = 1.000000, dx = 251.000000
avanceR = 2.000000, avance -249.000000, avanceI 2.000000
----------------------------------------
x = 485.000000, y = 385.000000
avance = -249.000000, avanceR = 2.000000, avanceI = 2.000000
inc_x_r = 0.000000, inc_y_r = 1.000000, inc_x_i = 1.000000, inc_y_i = 1.000000
En el else......

----------------------------------------
x = 485.000000, y = 386.000000
avance = -247.000000, avanceR = 2.000000, avanceI = 2.000000
inc_x_r = 0.000000, inc_y_r = 1.000000, inc_x_i = 1.000000, inc_y_i = 1.000000
En el else......

----------------------------------------
x = 485.000000, y = 387.000000
avance = -245.000000, avanceR = 2.000000, avanceI = 2.000000
inc_x_r = 0.000000, inc_y_r = 1.000000, inc_x_i = 1.000000, inc_y_i = 1.000000
En el else......

----------------------------------------
x = 485.000000, y = 388.000000
avance = -243.000000, avanceR = 2.000000, avanceI = 2.000000
inc_x_r = 0.000000, inc_y_r = 1.000000, inc_x_i = 1.000000, inc_y_i = 1.000000
En el else......

----------------------------------------
x = 485.000000, y = 389.000000
avance = -241.000000, avanceR = 2.000000, avanceI = 2.000000
inc_x_r = 0.000000, inc_y_r = 1.000000, inc_x_i = 1.000000, inc_y_i = 1.000000
En el else......

----------------------------------------
x = 485.000000, y = 390.000000
avance = -239.000000, avanceR = 2.000000, avanceI = 2.000000
inc_x_r = 0.000000, inc_y_r = 1.000000, inc_x_i = 1.000000, inc_y_i = 1.000000
En el else......

----------------------------------------
x = 485.000000, y = 391.000000
avance = -237.000000, avanceR = 2.000000, avanceI = 2.000000
inc_x_r = 0.000000, inc_y_r = 1.000000, inc_x_i = 1.000000, inc_y_i = 1.000000
En el else......

----------------------------------------
x = 485.000000, y = 392.000000
avance = -235.000000, avanceR = 2.000000, avanceI = 2.000000
inc_x_r = 0.000000, inc_y_r = 1.000000, inc_x_i = 1.000000, inc_y_i = 1.000000
En el else......

----------------------------------------
x = 485.000000, y = 393.000000
avance = -233.000000, avanceR = 2.000000, avanceI = 2.000000
inc_x_r = 0.000000, inc_y_r = 1.000000, inc_x_i = 1.000000, inc_y_i = 1.000000
En el else......

----------------------------------------
x = 485.000000, y = 394.000000
avance = -231.000000, avanceR = 2.000000, avanceI = 2.000000
inc_x_r = 0.000000, inc_y_r = 1.000000, inc_x_i = 1.000000, inc_y_i = 1.000000
En el else......

----------------------------------------
x = 485.000000, y = 395.000000
avance = -229.000000, avanceR = 2.000000, avanceI = 2.000000
inc_x_r = 0.000000, inc_y_r = 1.000000, inc_x_i = 1.000000, inc_y_i = 1.000000
En el else......

----------------------------------------
x = 485.000000, y = 396.000000
avance = -227.000000, avanceR = 2.000000, avanceI = 2.000000
inc_x_r = 0.000000, inc_y_r = 1.000000, inc_x_i = 1.000000, inc_y_i = 1.000000
En el else......

----------------------------------------
x = 485.000000, y = 397.000000
avance = -225.000000, avanceR = 2.000000, avanceI = 2.000000
inc_x_r = 0.000000, inc_y_r = 1.000000, inc_x_i = 1.000000, inc_y_i = 1.000000
En el else......

----------------------------------------
x = 485.000000, y = 398.000000
avance = -223.000000, avanceR = 2.000000, avanceI = 2.000000
inc_x_r = 0.000000, inc_y_r = 1.000000, inc_x_i = 1.000000, inc_y_i = 1.000000
En el else......

----------------------------------------
x = 485.000000, y = 399.000000
avance = -221.000000, avanceR = 2.000000, avanceI = 2.000000
inc_x_r = 0.000000, inc_y_r = 1.000000, inc_x_i = 1.000000, inc_y_i = 1.000000
En el else......

----------------------------------------
hora de salir del bucle mi pana


ENTRAMOS A BRESENHAMªªªª
x1 = 485.000000 - y1 = 385.000000 || x2 = 486.000000 - y2 = 636.000000
dy = 251.000000, dx = 1.000000
avances inclinados: inc_x_i = 1.000000, inc_y_i = 1.000000
updated: dy = 251.000000, dx = 1.000000
avances rectos: inc_x_r = 0.000000, inc_y_r 1.000000
reupdated: dy = 1.000000, dx = 251.000000
avanceR = 2.000000, avance -249.000000, avanceI 2.000000
----------------------------------------
x = 485.000000, y = 385.000000
avance = -249.000000, avanceR = 2.000000, avanceI = 2.000000
inc_x_r = 0.000000, inc_y_r = 1.000000, inc_x_i = 1.000000, inc_y_i = 1.000000
En el else......

----------------------------------------
x = 485.000000, y = 386.000000
avance = -247.000000, avanceR = 2.000000, avanceI = 2.000000
inc_x_r = 0.000000, inc_y_r = 1.000000, inc_x_i = 1.000000, inc_y_i = 1.000000
En el else......

----------------------------------------
x = 485.000000, y = 387.000000
avance = -245.000000, avanceR = 2.000000, avanceI = 2.000000
inc_x_r = 0.000000, inc_y_r = 1.000000, inc_x_i = 1.000000, inc_y_i = 1.000000
En el else......

----------------------------------------
x = 485.000000, y = 388.000000
avance = -243.000000, avanceR = 2.000000, avanceI = 2.000000
inc_x_r = 0.000000, inc_y_r = 1.000000, inc_x_i = 1.000000, inc_y_i = 1.000000
En el else......

----------------------------------------
x = 485.000000, y = 389.000000
avance = -241.000000, avanceR = 2.000000, avanceI = 2.000000
inc_x_r = 0.000000, inc_y_r = 1.000000, inc_x_i = 1.000000, inc_y_i = 1.000000
En el else......

----------------------------------------
x = 485.000000, y = 390.000000
avance = -239.000000, avanceR = 2.000000, avanceI = 2.000000
inc_x_r = 0.000000, inc_y_r = 1.000000, inc_x_i = 1.000000, inc_y_i = 1.000000
En el else......

----------------------------------------
x = 485.000000, y = 391.000000
avance = -237.000000, avanceR = 2.000000, avanceI = 2.000000
inc_x_r = 0.000000, inc_y_r = 1.000000, inc_x_i = 1.000000, inc_y_i = 1.000000
En el else......

----------------------------------------
x = 485.000000, y = 392.000000
avance = -235.000000, avanceR = 2.000000, avanceI = 2.000000
inc_x_r = 0.000000, inc_y_r = 1.000000, inc_x_i = 1.000000, inc_y_i = 1.000000
En el else......

----------------------------------------
x = 485.000000, y = 393.000000
avance = -233.000000, avanceR = 2.000000, avanceI = 2.000000
inc_x_r = 0.000000, inc_y_r = 1.000000, inc_x_i = 1.000000, inc_y_i = 1.000000
En el else......

----------------------------------------
x = 485.000000, y = 394.000000
avance = -231.000000, avanceR = 2.000000, avanceI = 2.000000
inc_x_r = 0.000000, inc_y_r = 1.000000, inc_x_i = 1.000000, inc_y_i = 1.000000
En el else......

----------------------------------------
x = 485.000000, y = 395.000000
avance = -229.000000, avanceR = 2.000000, avanceI = 2.000000
inc_x_r = 0.000000, inc_y_r = 1.000000, inc_x_i = 1.000000, inc_y_i = 1.000000
En el else......

----------------------------------------
x = 485.000000, y = 396.000000
avance = -227.000000, avanceR = 2.000000, avanceI = 2.000000
inc_x_r = 0.000000, inc_y_r = 1.000000, inc_x_i = 1.000000, inc_y_i = 1.000000
En el else......

----------------------------------------
x = 485.000000, y = 397.000000
avance = -225.000000, avanceR = 2.000000, avanceI = 2.000000
inc_x_r = 0.000000, inc_y_r = 1.000000, inc_x_i = 1.000000, inc_y_i = 1.000000
En el else......

----------------------------------------
x = 485.000000, y = 398.000000
avance = -223.000000, avanceR = 2.000000, avanceI = 2.000000
inc_x_r = 0.000000, inc_y_r = 1.000000, inc_x_i = 1.000000, inc_y_i = 1.000000
En el else......

----------------------------------------
x = 485.000000, y = 399.000000
avance = -221.000000, avanceR = 2.000000, avanceI = 2.000000
inc_x_r = 0.000000, inc_y_r = 1.000000, inc_x_i = 1.000000, inc_y_i = 1.000000
En el else......

----------------------------------------
hora de salir del bucle mi pana


ENTRAMOS A BRESENHAMªªªª
x1 = 485.000000 - y1 = 385.000000 || x2 = 486.000000 - y2 = 636.000000
dy = 251.000000, dx = 1.000000
avances inclinados: inc_x_i = 1.000000, inc_y_i = 1.000000
updated: dy = 251.000000, dx = 1.000000
avances rectos: inc_x_r = 0.000000, inc_y_r 1.000000
reupdated: dy = 1.000000, dx = 251.000000
avanceR = 2.000000, avance -249.000000, avanceI 2.000000
----------------------------------------
x = 485.000000, y = 385.000000
avance = -249.000000, avanceR = 2.000000, avanceI = 2.000000
inc_x_r = 0.000000, inc_y_r = 1.000000, inc_x_i = 1.000000, inc_y_i = 1.000000
En el else......

----------------------------------------
x = 485.000000, y = 386.000000
avance = -247.000000, avanceR = 2.000000, avanceI = 2.000000
inc_x_r = 0.000000, inc_y_r = 1.000000, inc_x_i = 1.000000, inc_y_i = 1.000000
En el else......

----------------------------------------
x = 485.000000, y = 387.000000
avance = -245.000000, avanceR = 2.000000, avanceI = 2.000000
inc_x_r = 0.000000, inc_y_r = 1.000000, inc_x_i = 1.000000, inc_y_i = 1.000000
En el else......

----------------------------------------
x = 485.000000, y = 388.000000
avance = -243.000000, avanceR = 2.000000, avanceI = 2.000000
inc_x_r = 0.000000, inc_y_r = 1.000000, inc_x_i = 1.000000, inc_y_i = 1.000000
En el else......

----------------------------------------
x = 485.000000, y = 389.000000
avance = -241.000000, avanceR = 2.000000, avanceI = 2.000000
inc_x_r = 0.000000, inc_y_r = 1.000000, inc_x_i = 1.000000, inc_y_i = 1.000000
En el else......

----------------------------------------
x = 485.000000, y = 390.000000
avance = -239.000000, avanceR = 2.000000, avanceI = 2.000000
inc_x_r = 0.000000, inc_y_r = 1.000000, inc_x_i = 1.000000, inc_y_i = 1.000000
En el else......

----------------------------------------
x = 485.000000, y = 391.000000
avance = -237.000000, avanceR = 2.000000, avanceI = 2.000000
inc_x_r = 0.000000, inc_y_r = 1.000000, inc_x_i = 1.000000, inc_y_i = 1.000000
En el else......

----------------------------------------
x = 485.000000, y = 392.000000
avance = -235.000000, avanceR = 2.000000, avanceI = 2.000000
inc_x_r = 0.000000, inc_y_r = 1.000000, inc_x_i = 1.000000, inc_y_i = 1.000000
En el else......

----------------------------------------
x = 485.000000, y = 393.000000
avance = -233.000000, avanceR = 2.000000, avanceI = 2.000000
inc_x_r = 0.000000, inc_y_r = 1.000000, inc_x_i = 1.000000, inc_y_i = 1.000000
En el else......

----------------------------------------
x = 485.000000, y = 394.000000
avance = -231.000000, avanceR = 2.000000, avanceI = 2.000000
inc_x_r = 0.000000, inc_y_r = 1.000000, inc_x_i = 1.000000, inc_y_i = 1.000000
En el else......

----------------------------------------
x = 485.000000, y = 395.000000
avance = -229.000000, avanceR = 2.000000, avanceI = 2.000000
inc_x_r = 0.000000, inc_y_r = 1.000000, inc_x_i = 1.000000, inc_y_i = 1.000000
En el else......

----------------------------------------
x = 485.000000, y = 396.000000
avance = -227.000000, avanceR = 2.000000, avanceI = 2.000000
inc_x_r = 0.000000, inc_y_r = 1.000000, inc_x_i = 1.000000, inc_y_i = 1.000000
En el else......

----------------------------------------
x = 485.000000, y = 397.000000
avance = -225.000000, avanceR = 2.000000, avanceI = 2.000000
inc_x_r = 0.000000, inc_y_r = 1.000000, inc_x_i = 1.000000, inc_y_i = 1.000000
En el else......

----------------------------------------
x = 485.000000, y = 398.000000
avance = -223.000000, avanceR = 2.000000, avanceI = 2.000000
inc_x_r = 0.000000, inc_y_r = 1.000000, inc_x_i = 1.000000, inc_y_i = 1.000000
En el else......

----------------------------------------
x = 485.000000, y = 399.000000
avance = -221.000000, avanceR = 2.000000, avanceI = 2.000000
inc_x_r = 0.000000, inc_y_r = 1.000000, inc_x_i = 1.000000, inc_y_i = 1.000000
En el else......

----------------------------------------
hora de salir del bucle mi pana


ENTRAMOS A BRESENHAMªªªª
x1 = 485.000000 - y1 = 385.000000 || x2 = 486.000000 - y2 = 636.000000
dy = 251.000000, dx = 1.000000
avances inclinados: inc_x_i = 1.000000, inc_y_i = 1.000000
updated: dy = 251.000000, dx = 1.000000
avances rectos: inc_x_r = 0.000000, inc_y_r 1.000000
reupdated: dy = 1.000000, dx = 251.000000
avanceR = 2.000000, avance -249.000000, avanceI 2.000000
----------------------------------------
x = 485.000000, y = 385.000000
avance = -249.000000, avanceR = 2.000000, avanceI = 2.000000
inc_x_r = 0.000000, inc_y_r = 1.000000, inc_x_i = 1.000000, inc_y_i = 1.000000
En el else......

----------------------------------------
x = 485.000000, y = 386.000000
avance = -247.000000, avanceR = 2.000000, avanceI = 2.000000
inc_x_r = 0.000000, inc_y_r = 1.000000, inc_x_i = 1.000000, inc_y_i = 1.000000
En el else......

----------------------------------------
x = 485.000000, y = 387.000000
avance = -245.000000, avanceR = 2.000000, avanceI = 2.000000
inc_x_r = 0.000000, inc_y_r = 1.000000, inc_x_i = 1.000000, inc_y_i = 1.000000
En el else......

----------------------------------------
x = 485.000000, y = 388.000000
avance = -243.000000, avanceR = 2.000000, avanceI = 2.000000
inc_x_r = 0.000000, inc_y_r = 1.000000, inc_x_i = 1.000000, inc_y_i = 1.000000
En el else......

----------------------------------------
x = 485.000000, y = 389.000000
avance = -241.000000, avanceR = 2.000000, avanceI = 2.000000
inc_x_r = 0.000000, inc_y_r = 1.000000, inc_x_i = 1.000000, inc_y_i = 1.000000
En el else......

----------------------------------------
x = 485.000000, y = 390.000000
avance = -239.000000, avanceR = 2.000000, avanceI = 2.000000
inc_x_r = 0.000000, inc_y_r = 1.000000, inc_x_i = 1.000000, inc_y_i = 1.000000
En el else......

----------------------------------------
x = 485.000000, y = 391.000000
avance = -237.000000, avanceR = 2.000000, avanceI = 2.000000
inc_x_r = 0.000000, inc_y_r = 1.000000, inc_x_i = 1.000000, inc_y_i = 1.000000
En el else......

----------------------------------------
x = 485.000000, y = 392.000000
avance = -235.000000, avanceR = 2.000000, avanceI = 2.000000
inc_x_r = 0.000000, inc_y_r = 1.000000, inc_x_i = 1.000000, inc_y_i = 1.000000
En el else......

----------------------------------------
x = 485.000000, y = 393.000000
avance = -233.000000, avanceR = 2.000000, avanceI = 2.000000
inc_x_r = 0.000000, inc_y_r = 1.000000, inc_x_i = 1.000000, inc_y_i = 1.000000
En el else......

----------------------------------------
x = 485.000000, y = 394.000000
avance = -231.000000, avanceR = 2.000000, avanceI = 2.000000
inc_x_r = 0.000000, inc_y_r = 1.000000, inc_x_i = 1.000000, inc_y_i = 1.000000
En el else......

----------------------------------------
x = 485.000000, y = 395.000000
avance = -229.000000, avanceR = 2.000000, avanceI = 2.000000
inc_x_r = 0.000000, inc_y_r = 1.000000, inc_x_i = 1.000000, inc_y_i = 1.000000
En el else......

----------------------------------------
x = 485.000000, y = 396.000000
avance = -227.000000, avanceR = 2.000000, avanceI = 2.000000
inc_x_r = 0.000000, inc_y_r = 1.000000, inc_x_i = 1.000000, inc_y_i = 1.000000
En el else......

----------------------------------------
x = 485.000000, y = 397.000000
avance = -225.000000, avanceR = 2.000000, avanceI = 2.000000
inc_x_r = 0.000000, inc_y_r = 1.000000, inc_x_i = 1.000000, inc_y_i = 1.000000
En el else......

----------------------------------------
x = 485.000000, y = 398.000000
avance = -223.000000, avanceR = 2.000000, avanceI = 2.000000
inc_x_r = 0.000000, inc_y_r = 1.000000, inc_x_i = 1.000000, inc_y_i = 1.000000
En el else......

----------------------------------------
x = 485.000000, y = 399.000000
avance = -221.000000, avanceR = 2.000000, avanceI = 2.000000
inc_x_r = 0.000000, inc_y_r = 1.000000, inc_x_i = 1.000000, inc_y_i = 1.000000
En el else......

----------------------------------------
hora de salir del bucle mi pana


ENTRAMOS A BRESENHAMªªªª
x1 = 485.000000 - y1 = 385.000000 || x2 = 486.000000 - y2 = 636.000000
dy = 251.000000, dx = 1.000000
avances inclinados: inc_x_i = 1.000000, inc_y_i = 1.000000
updated: dy = 251.000000, dx = 1.000000
avances rectos: inc_x_r = 0.000000, inc_y_r 1.000000
reupdated: dy = 1.000000, dx = 251.000000
avanceR = 2.000000, avance -249.000000, avanceI 2.000000
----------------------------------------
x = 485.000000, y = 385.000000
avance = -249.000000, avanceR = 2.000000, avanceI = 2.000000
inc_x_r = 0.000000, inc_y_r = 1.000000, inc_x_i = 1.000000, inc_y_i = 1.000000
En el else......

----------------------------------------
x = 485.000000, y = 386.000000
avance = -247.000000, avanceR = 2.000000, avanceI = 2.000000
inc_x_r = 0.000000, inc_y_r = 1.000000, inc_x_i = 1.000000, inc_y_i = 1.000000
En el else......

----------------------------------------
x = 485.000000, y = 387.000000
avance = -245.000000, avanceR = 2.000000, avanceI = 2.000000
inc_x_r = 0.000000, inc_y_r = 1.000000, inc_x_i = 1.000000, inc_y_i = 1.000000
En el else......

----------------------------------------
x = 485.000000, y = 388.000000
avance = -243.000000, avanceR = 2.000000, avanceI = 2.000000
inc_x_r = 0.000000, inc_y_r = 1.000000, inc_x_i = 1.000000, inc_y_i = 1.000000
En el else......

----------------------------------------
x = 485.000000, y = 389.000000
avance = -241.000000, avanceR = 2.000000, avanceI = 2.000000
inc_x_r = 0.000000, inc_y_r = 1.000000, inc_x_i = 1.000000, inc_y_i = 1.000000
En el else......

----------------------------------------
x = 485.000000, y = 390.000000
avance = -239.000000, avanceR = 2.000000, avanceI = 2.000000
inc_x_r = 0.000000, inc_y_r = 1.000000, inc_x_i = 1.000000, inc_y_i = 1.000000
En el else......

----------------------------------------
x = 485.000000, y = 391.000000
avance = -237.000000, avanceR = 2.000000, avanceI = 2.000000
inc_x_r = 0.000000, inc_y_r = 1.000000, inc_x_i = 1.000000, inc_y_i = 1.000000
En el else......

----------------------------------------
x = 485.000000, y = 392.000000
avance = -235.000000, avanceR = 2.000000, avanceI = 2.000000
inc_x_r = 0.000000, inc_y_r = 1.000000, inc_x_i = 1.000000, inc_y_i = 1.000000
En el else......

----------------------------------------
x = 485.000000, y = 393.000000
avance = -233.000000, avanceR = 2.000000, avanceI = 2.000000
inc_x_r = 0.000000, inc_y_r = 1.000000, inc_x_i = 1.000000, inc_y_i = 1.000000
En el else......

----------------------------------------
x = 485.000000, y = 394.000000
avance = -231.000000, avanceR = 2.000000, avanceI = 2.000000
inc_x_r = 0.000000, inc_y_r = 1.000000, inc_x_i = 1.000000, inc_y_i = 1.000000
En el else......

----------------------------------------
x = 485.000000, y = 395.000000
avance = -229.000000, avanceR = 2.000000, avanceI = 2.000000
inc_x_r = 0.000000, inc_y_r = 1.000000, inc_x_i = 1.000000, inc_y_i = 1.000000
En el else......

----------------------------------------
x = 485.000000, y = 396.000000
avance = -227.000000, avanceR = 2.000000, avanceI = 2.000000
inc_x_r = 0.000000, inc_y_r = 1.000000, inc_x_i = 1.000000, inc_y_i = 1.000000
En el else......

----------------------------------------
x = 485.000000, y = 397.000000
avance = -225.000000, avanceR = 2.000000, avanceI = 2.000000
inc_x_r = 0.000000, inc_y_r = 1.000000, inc_x_i = 1.000000, inc_y_i = 1.000000
En el else......

----------------------------------------
x = 485.000000, y = 398.000000
avance = -223.000000, avanceR = 2.000000, avanceI = 2.000000
inc_x_r = 0.000000, inc_y_r = 1.000000, inc_x_i = 1.000000, inc_y_i = 1.000000
En el else......

----------------------------------------
x = 485.000000, y = 399.000000
avance = -221.000000, avanceR = 2.000000, avanceI = 2.000000
inc_x_r = 0.000000, inc_y_r = 1.000000, inc_x_i = 1.000000, inc_y_i = 1.000000
En el else......

----------------------------------------
hora de salir del bucle mi pana


ENTRAMOS A BRESENHAMªªªª
x1 = 485.000000 - y1 = 385.000000 || x2 = 486.000000 - y2 = 636.000000
dy = 251.000000, dx = 1.000000
avances inclinados: inc_x_i = 1.000000, inc_y_i = 1.000000
updated: dy = 251.000000, dx = 1.000000
avances rectos: inc_x_r = 0.000000, inc_y_r 1.000000
reupdated: dy = 1.000000, dx = 251.000000
avanceR = 2.000000, avance -249.000000, avanceI 2.000000
----------------------------------------
x = 485.000000, y = 385.000000
avance = -249.000000, avanceR = 2.000000, avanceI = 2.000000
inc_x_r = 0.000000, inc_y_r = 1.000000, inc_x_i = 1.000000, inc_y_i = 1.000000
En el else......

----------------------------------------
x = 485.000000, y = 386.000000
avance = -247.000000, avanceR = 2.000000, avanceI = 2.000000
inc_x_r = 0.000000, inc_y_r = 1.000000, inc_x_i = 1.000000, inc_y_i = 1.000000
En el else......

----------------------------------------
x = 485.000000, y = 387.000000
avance = -245.000000, avanceR = 2.000000, avanceI = 2.000000
inc_x_r = 0.000000, inc_y_r = 1.000000, inc_x_i = 1.000000, inc_y_i = 1.000000
En el else......

----------------------------------------
x = 485.000000, y = 388.000000
avance = -243.000000, avanceR = 2.000000, avanceI = 2.000000
inc_x_r = 0.000000, inc_y_r = 1.000000, inc_x_i = 1.000000, inc_y_i = 1.000000
En el else......

----------------------------------------
x = 485.000000, y = 389.000000
avance = -241.000000, avanceR = 2.000000, avanceI = 2.000000
inc_x_r = 0.000000, inc_y_r = 1.000000, inc_x_i = 1.000000, inc_y_i = 1.000000
En el else......

----------------------------------------
x = 485.000000, y = 390.000000
avance = -239.000000, avanceR = 2.000000, avanceI = 2.000000
inc_x_r = 0.000000, inc_y_r = 1.000000, inc_x_i = 1.000000, inc_y_i = 1.000000
En el else......

----------------------------------------
x = 485.000000, y = 391.000000
avance = -237.000000, avanceR = 2.000000, avanceI = 2.000000
inc_x_r = 0.000000, inc_y_r = 1.000000, inc_x_i = 1.000000, inc_y_i = 1.000000
En el else......

----------------------------------------
x = 485.000000, y = 392.000000
avance = -235.000000, avanceR = 2.000000, avanceI = 2.000000
inc_x_r = 0.000000, inc_y_r = 1.000000, inc_x_i = 1.000000, inc_y_i = 1.000000
En el else......

----------------------------------------
x = 485.000000, y = 393.000000
avance = -233.000000, avanceR = 2.000000, avanceI = 2.000000
inc_x_r = 0.000000, inc_y_r = 1.000000, inc_x_i = 1.000000, inc_y_i = 1.000000
En el else......

----------------------------------------
x = 485.000000, y = 394.000000
avance = -231.000000, avanceR = 2.000000, avanceI = 2.000000
inc_x_r = 0.000000, inc_y_r = 1.000000, inc_x_i = 1.000000, inc_y_i = 1.000000
En el else......

----------------------------------------
x = 485.000000, y = 395.000000
avance = -229.000000, avanceR = 2.000000, avanceI = 2.000000
inc_x_r = 0.000000, inc_y_r = 1.000000, inc_x_i = 1.000000, inc_y_i = 1.000000
En el else......

----------------------------------------
x = 485.000000, y = 396.000000
avance = -227.000000, avanceR = 2.000000, avanceI = 2.000000
inc_x_r = 0.000000, inc_y_r = 1.000000, inc_x_i = 1.000000, inc_y_i = 1.000000
En el else......

----------------------------------------
x = 485.000000, y = 397.000000
avance = -225.000000, avanceR = 2.000000, avanceI = 2.000000
inc_x_r = 0.000000, inc_y_r = 1.000000, inc_x_i = 1.000000, inc_y_i = 1.000000
En el else......

----------------------------------------
x = 485.000000, y = 398.000000
avance = -223.000000, avanceR = 2.000000, avanceI = 2.000000
inc_x_r = 0.000000, inc_y_r = 1.000000, inc_x_i = 1.000000, inc_y_i = 1.000000
En el else......

----------------------------------------
x = 485.000000, y = 399.000000
avance = -221.000000, avanceR = 2.000000, avanceI = 2.000000
inc_x_r = 0.000000, inc_y_r = 1.000000, inc_x_i = 1.000000, inc_y_i = 1.000000
En el else......

----------------------------------------
hora de salir del bucle mi pana


ENTRAMOS A BRESENHAMªªªª
x1 = 485.000000 - y1 = 385.000000 || x2 = 486.000000 - y2 = 636.000000
dy = 251.000000, dx = 1.000000
avances inclinados: inc_x_i = 1.000000, inc_y_i = 1.000000
updated: dy = 251.000000, dx = 1.000000
avances rectos: inc_x_r = 0.000000, inc_y_r 1.000000
reupdated: dy = 1.000000, dx = 251.000000
avanceR = 2.000000, avance -249.000000, avanceI 2.000000
----------------------------------------
x = 485.000000, y = 385.000000
avance = -249.000000, avanceR = 2.000000, avanceI = 2.000000
inc_x_r = 0.000000, inc_y_r = 1.000000, inc_x_i = 1.000000, inc_y_i = 1.000000
En el else......

----------------------------------------
x = 485.000000, y = 386.000000
avance = -247.000000, avanceR = 2.000000, avanceI = 2.000000
inc_x_r = 0.000000, inc_y_r = 1.000000, inc_x_i = 1.000000, inc_y_i = 1.000000
En el else......

----------------------------------------
x = 485.000000, y = 387.000000
avance = -245.000000, avanceR = 2.000000, avanceI = 2.000000
inc_x_r = 0.000000, inc_y_r = 1.000000, inc_x_i = 1.000000, inc_y_i = 1.000000
En el else......

----------------------------------------
x = 485.000000, y = 388.000000
avance = -243.000000, avanceR = 2.000000, avanceI = 2.000000
inc_x_r = 0.000000, inc_y_r = 1.000000, inc_x_i = 1.000000, inc_y_i = 1.000000
En el else......

----------------------------------------
x = 485.000000, y = 389.000000
avance = -241.000000, avanceR = 2.000000, avanceI = 2.000000
inc_x_r = 0.000000, inc_y_r = 1.000000, inc_x_i = 1.000000, inc_y_i = 1.000000
En el else......

----------------------------------------
x = 485.000000, y = 390.000000
avance = -239.000000, avanceR = 2.000000, avanceI = 2.000000
inc_x_r = 0.000000, inc_y_r = 1.000000, inc_x_i = 1.000000, inc_y_i = 1.000000
En el else......

----------------------------------------
x = 485.000000, y = 391.000000
avance = -237.000000, avanceR = 2.000000, avanceI = 2.000000
inc_x_r = 0.000000, inc_y_r = 1.000000, inc_x_i = 1.000000, inc_y_i = 1.000000
En el else......

----------------------------------------
x = 485.000000, y = 392.000000
avance = -235.000000, avanceR = 2.000000, avanceI = 2.000000
inc_x_r = 0.000000, inc_y_r = 1.000000, inc_x_i = 1.000000, inc_y_i = 1.000000
En el else......

----------------------------------------
x = 485.000000, y = 393.000000
avance = -233.000000, avanceR = 2.000000, avanceI = 2.000000
inc_x_r = 0.000000, inc_y_r = 1.000000, inc_x_i = 1.000000, inc_y_i = 1.000000
En el else......

----------------------------------------
x = 485.000000, y = 394.000000
avance = -231.000000, avanceR = 2.000000, avanceI = 2.000000
inc_x_r = 0.000000, inc_y_r = 1.000000, inc_x_i = 1.000000, inc_y_i = 1.000000
En el else......

----------------------------------------
x = 485.000000, y = 395.000000
avance = -229.000000, avanceR = 2.000000, avanceI = 2.000000
inc_x_r = 0.000000, inc_y_r = 1.000000, inc_x_i = 1.000000, inc_y_i = 1.000000
En el else......

----------------------------------------
x = 485.000000, y = 396.000000
avance = -227.000000, avanceR = 2.000000, avanceI = 2.000000
inc_x_r = 0.000000, inc_y_r = 1.000000, inc_x_i = 1.000000, inc_y_i = 1.000000
En el else......

----------------------------------------
x = 485.000000, y = 397.000000
avance = -225.000000, avanceR = 2.000000, avanceI = 2.000000
inc_x_r = 0.000000, inc_y_r = 1.000000, inc_x_i = 1.000000, inc_y_i = 1.000000
En el else......

----------------------------------------
x = 485.000000, y = 398.000000
avance = -223.000000, avanceR = 2.000000, avanceI = 2.000000
inc_x_r = 0.000000, inc_y_r = 1.000000, inc_x_i = 1.000000, inc_y_i = 1.000000
En el else......

----------------------------------------
x = 485.000000, y = 399.000000
avance = -221.000000, avanceR = 2.000000, avanceI = 2.000000
inc_x_r = 0.000000, inc_y_r = 1.000000, inc_x_i = 1.000000, inc_y_i = 1.000000
En el else......

----------------------------------------
hora de salir del bucle mi pana


ENTRAMOS A BRESENHAMªªªª
x1 = 485.000000 - y1 = 385.000000 || x2 = 486.000000 - y2 = 636.000000
dy = 251.000000, dx = 1.000000
avances inclinados: inc_x_i = 1.000000, inc_y_i = 1.000000
updated: dy = 251.000000, dx = 1.000000
avances rectos: inc_x_r = 0.000000, inc_y_r 1.000000
reupdated: dy = 1.000000, dx = 251.000000
avanceR = 2.000000, avance -249.000000, avanceI 2.000000
----------------------------------------
x = 485.000000, y = 385.000000
avance = -249.000000, avanceR = 2.000000, avanceI = 2.000000
inc_x_r = 0.000000, inc_y_r = 1.000000, inc_x_i = 1.000000, inc_y_i = 1.000000
En el else......

----------------------------------------
x = 485.000000, y = 386.000000
avance = -247.000000, avanceR = 2.000000, avanceI = 2.000000
inc_x_r = 0.000000, inc_y_r = 1.000000, inc_x_i = 1.000000, inc_y_i = 1.000000
En el else......

----------------------------------------
x = 485.000000, y = 387.000000
avance = -245.000000, avanceR = 2.000000, avanceI = 2.000000
inc_x_r = 0.000000, inc_y_r = 1.000000, inc_x_i = 1.000000, inc_y_i = 1.000000
En el else......

----------------------------------------
x = 485.000000, y = 388.000000
avance = -243.000000, avanceR = 2.000000, avanceI = 2.000000
inc_x_r = 0.000000, inc_y_r = 1.000000, inc_x_i = 1.000000, inc_y_i = 1.000000
En el else......

----------------------------------------
x = 485.000000, y = 389.000000
avance = -241.000000, avanceR = 2.000000, avanceI = 2.000000
inc_x_r = 0.000000, inc_y_r = 1.000000, inc_x_i = 1.000000, inc_y_i = 1.000000
En el else......

----------------------------------------
x = 485.000000, y = 390.000000
avance = -239.000000, avanceR = 2.000000, avanceI = 2.000000
inc_x_r = 0.000000, inc_y_r = 1.000000, inc_x_i = 1.000000, inc_y_i = 1.000000
En el else......

----------------------------------------
x = 485.000000, y = 391.000000
avance = -237.000000, avanceR = 2.000000, avanceI = 2.000000
inc_x_r = 0.000000, inc_y_r = 1.000000, inc_x_i = 1.000000, inc_y_i = 1.000000
En el else......

----------------------------------------
x = 485.000000, y = 392.000000
avance = -235.000000, avanceR = 2.000000, avanceI = 2.000000
inc_x_r = 0.000000, inc_y_r = 1.000000, inc_x_i = 1.000000, inc_y_i = 1.000000
En el else......

----------------------------------------
x = 485.000000, y = 393.000000
avance = -233.000000, avanceR = 2.000000, avanceI = 2.000000
inc_x_r = 0.000000, inc_y_r = 1.000000, inc_x_i = 1.000000, inc_y_i = 1.000000
En el else......

----------------------------------------
x = 485.000000, y = 394.000000
avance = -231.000000, avanceR = 2.000000, avanceI = 2.000000
inc_x_r = 0.000000, inc_y_r = 1.000000, inc_x_i = 1.000000, inc_y_i = 1.000000
En el else......

----------------------------------------
x = 485.000000, y = 395.000000
avance = -229.000000, avanceR = 2.000000, avanceI = 2.000000
inc_x_r = 0.000000, inc_y_r = 1.000000, inc_x_i = 1.000000, inc_y_i = 1.000000
En el else......

----------------------------------------
x = 485.000000, y = 396.000000
avance = -227.000000, avanceR = 2.000000, avanceI = 2.000000
inc_x_r = 0.000000, inc_y_r = 1.000000, inc_x_i = 1.000000, inc_y_i = 1.000000
En el else......

----------------------------------------
x = 485.000000, y = 397.000000
avance = -225.000000, avanceR = 2.000000, avanceI = 2.000000
inc_x_r = 0.000000, inc_y_r = 1.000000, inc_x_i = 1.000000, inc_y_i = 1.000000
En el else......

----------------------------------------
x = 485.000000, y = 398.000000
avance = -223.000000, avanceR = 2.000000, avanceI = 2.000000
inc_x_r = 0.000000, inc_y_r = 1.000000, inc_x_i = 1.000000, inc_y_i = 1.000000
En el else......

----------------------------------------
x = 485.000000, y = 399.000000
avance = -221.000000, avanceR = 2.000000, avanceI = 2.000000
inc_x_r = 0.000000, inc_y_r = 1.000000, inc_x_i = 1.000000, inc_y_i = 1.000000
En el else......

----------------------------------------
hora de salir del bucle mi pana


ENTRAMOS A BRESENHAMªªªª
x1 = 485.000000 - y1 = 385.000000 || x2 = 486.000000 - y2 = 636.000000
dy = 251.000000, dx = 1.000000
avances inclinados: inc_x_i = 1.000000, inc_y_i = 1.000000
updated: dy = 251.000000, dx = 1.000000
avances rectos: inc_x_r = 0.000000, inc_y_r 1.000000
reupdated: dy = 1.000000, dx = 251.000000
avanceR = 2.000000, avance -249.000000, avanceI 2.000000
----------------------------------------
x = 485.000000, y = 385.000000
avance = -249.000000, avanceR = 2.000000, avanceI = 2.000000
inc_x_r = 0.000000, inc_y_r = 1.000000, inc_x_i = 1.000000, inc_y_i = 1.000000
En el else......

----------------------------------------
x = 485.000000, y = 386.000000
avance = -247.000000, avanceR = 2.000000, avanceI = 2.000000
inc_x_r = 0.000000, inc_y_r = 1.000000, inc_x_i = 1.000000, inc_y_i = 1.000000
En el else......

----------------------------------------
x = 485.000000, y = 387.000000
avance = -245.000000, avanceR = 2.000000, avanceI = 2.000000
inc_x_r = 0.000000, inc_y_r = 1.000000, inc_x_i = 1.000000, inc_y_i = 1.000000
En el else......

----------------------------------------
x = 485.000000, y = 388.000000
avance = -243.000000, avanceR = 2.000000, avanceI = 2.000000
inc_x_r = 0.000000, inc_y_r = 1.000000, inc_x_i = 1.000000, inc_y_i = 1.000000
En el else......

----------------------------------------
x = 485.000000, y = 389.000000
avance = -241.000000, avanceR = 2.000000, avanceI = 2.000000
inc_x_r = 0.000000, inc_y_r = 1.000000, inc_x_i = 1.000000, inc_y_i = 1.000000
En el else......

----------------------------------------
x = 485.000000, y = 390.000000
avance = -239.000000, avanceR = 2.000000, avanceI = 2.000000
inc_x_r = 0.000000, inc_y_r = 1.000000, inc_x_i = 1.000000, inc_y_i = 1.000000
En el else......

----------------------------------------
x = 485.000000, y = 391.000000
avance = -237.000000, avanceR = 2.000000, avanceI = 2.000000
inc_x_r = 0.000000, inc_y_r = 1.000000, inc_x_i = 1.000000, inc_y_i = 1.000000
En el else......

----------------------------------------
x = 485.000000, y = 392.000000
avance = -235.000000, avanceR = 2.000000, avanceI = 2.000000
inc_x_r = 0.000000, inc_y_r = 1.000000, inc_x_i = 1.000000, inc_y_i = 1.000000
En el else......

----------------------------------------
x = 485.000000, y = 393.000000
avance = -233.000000, avanceR = 2.000000, avanceI = 2.000000
inc_x_r = 0.000000, inc_y_r = 1.000000, inc_x_i = 1.000000, inc_y_i = 1.000000
En el else......

----------------------------------------
x = 485.000000, y = 394.000000
avance = -231.000000, avanceR = 2.000000, avanceI = 2.000000
inc_x_r = 0.000000, inc_y_r = 1.000000, inc_x_i = 1.000000, inc_y_i = 1.000000
En el else......

----------------------------------------
x = 485.000000, y = 395.000000
avance = -229.000000, avanceR = 2.000000, avanceI = 2.000000
inc_x_r = 0.000000, inc_y_r = 1.000000, inc_x_i = 1.000000, inc_y_i = 1.000000
En el else......

----------------------------------------
x = 485.000000, y = 396.000000
avance = -227.000000, avanceR = 2.000000, avanceI = 2.000000
inc_x_r = 0.000000, inc_y_r = 1.000000, inc_x_i = 1.000000, inc_y_i = 1.000000
En el else......

----------------------------------------
x = 485.000000, y = 397.000000
avance = -225.000000, avanceR = 2.000000, avanceI = 2.000000
inc_x_r = 0.000000, inc_y_r = 1.000000, inc_x_i = 1.000000, inc_y_i = 1.000000
En el else......

----------------------------------------
x = 485.000000, y = 398.000000
avance = -223.000000, avanceR = 2.000000, avanceI = 2.000000
inc_x_r = 0.000000, inc_y_r = 1.000000, inc_x_i = 1.000000, inc_y_i = 1.000000
En el else......

----------------------------------------
x = 485.000000, y = 399.000000
avance = -221.000000, avanceR = 2.000000, avanceI = 2.000000
inc_x_r = 0.000000, inc_y_r = 1.000000, inc_x_i = 1.000000, inc_y_i = 1.000000
En el else......

----------------------------------------
hora de salir del bucle mi pana


ENTRAMOS A BRESENHAMªªªª
x1 = 485.000000 - y1 = 385.000000 || x2 = 486.000000 - y2 = 636.000000
dy = 251.000000, dx = 1.000000
avances inclinados: inc_x_i = 1.000000, inc_y_i = 1.000000
updated: dy = 251.000000, dx = 1.000000
avances rectos: inc_x_r = 0.000000, inc_y_r 1.000000
reupdated: dy = 1.000000, dx = 251.000000
avanceR = 2.000000, avance -249.000000, avanceI 2.000000
----------------------------------------
x = 485.000000, y = 385.000000
avance = -249.000000, avanceR = 2.000000, avanceI = 2.000000
inc_x_r = 0.000000, inc_y_r = 1.000000, inc_x_i = 1.000000, inc_y_i = 1.000000
En el else......

----------------------------------------
x = 485.000000, y = 386.000000
avance = -247.000000, avanceR = 2.000000, avanceI = 2.000000
inc_x_r = 0.000000, inc_y_r = 1.000000, inc_x_i = 1.000000, inc_y_i = 1.000000
En el else......

----------------------------------------
x = 485.000000, y = 387.000000
avance = -245.000000, avanceR = 2.000000, avanceI = 2.000000
inc_x_r = 0.000000, inc_y_r = 1.000000, inc_x_i = 1.000000, inc_y_i = 1.000000
En el else......

----------------------------------------
x = 485.000000, y = 388.000000
avance = -243.000000, avanceR = 2.000000, avanceI = 2.000000
inc_x_r = 0.000000, inc_y_r = 1.000000, inc_x_i = 1.000000, inc_y_i = 1.000000
En el else......

----------------------------------------
x = 485.000000, y = 389.000000
avance = -241.000000, avanceR = 2.000000, avanceI = 2.000000
inc_x_r = 0.000000, inc_y_r = 1.000000, inc_x_i = 1.000000, inc_y_i = 1.000000
En el else......

----------------------------------------
x = 485.000000, y = 390.000000
avance = -239.000000, avanceR = 2.000000, avanceI = 2.000000
inc_x_r = 0.000000, inc_y_r = 1.000000, inc_x_i = 1.000000, inc_y_i = 1.000000
En el else......

----------------------------------------
x = 485.000000, y = 391.000000
avance = -237.000000, avanceR = 2.000000, avanceI = 2.000000
inc_x_r = 0.000000, inc_y_r = 1.000000, inc_x_i = 1.000000, inc_y_i = 1.000000
En el else......

----------------------------------------
x = 485.000000, y = 392.000000
avance = -235.000000, avanceR = 2.000000, avanceI = 2.000000
inc_x_r = 0.000000, inc_y_r = 1.000000, inc_x_i = 1.000000, inc_y_i = 1.000000
En el else......

----------------------------------------
x = 485.000000, y = 393.000000
avance = -233.000000, avanceR = 2.000000, avanceI = 2.000000
inc_x_r = 0.000000, inc_y_r = 1.000000, inc_x_i = 1.000000, inc_y_i = 1.000000
En el else......

----------------------------------------
x = 485.000000, y = 394.000000
avance = -231.000000, avanceR = 2.000000, avanceI = 2.000000
inc_x_r = 0.000000, inc_y_r = 1.000000, inc_x_i = 1.000000, inc_y_i = 1.000000
En el else......

----------------------------------------
x = 485.000000, y = 395.000000
avance = -229.000000, avanceR = 2.000000, avanceI = 2.000000
inc_x_r = 0.000000, inc_y_r = 1.000000, inc_x_i = 1.000000, inc_y_i = 1.000000
En el else......

----------------------------------------
x = 485.000000, y = 396.000000
avance = -227.000000, avanceR = 2.000000, avanceI = 2.000000
inc_x_r = 0.000000, inc_y_r = 1.000000, inc_x_i = 1.000000, inc_y_i = 1.000000
En el else......

----------------------------------------
x = 485.000000, y = 397.000000
avance = -225.000000, avanceR = 2.000000, avanceI = 2.000000
inc_x_r = 0.000000, inc_y_r = 1.000000, inc_x_i = 1.000000, inc_y_i = 1.000000
En el else......

----------------------------------------
x = 485.000000, y = 398.000000
avance = -223.000000, avanceR = 2.000000, avanceI = 2.000000
inc_x_r = 0.000000, inc_y_r = 1.000000, inc_x_i = 1.000000, inc_y_i = 1.000000
En el else......

----------------------------------------
x = 485.000000, y = 399.000000
avance = -221.000000, avanceR = 2.000000, avanceI = 2.000000
inc_x_r = 0.000000, inc_y_r = 1.000000, inc_x_i = 1.000000, inc_y_i = 1.000000
En el else......

----------------------------------------
hora de salir del bucle mi pana


ENTRAMOS A BRESENHAMªªªª
x1 = 485.000000 - y1 = 385.000000 || x2 = 486.000000 - y2 = 636.000000
dy = 251.000000, dx = 1.000000
avances inclinados: inc_x_i = 1.000000, inc_y_i = 1.000000
updated: dy = 251.000000, dx = 1.000000
avances rectos: inc_x_r = 0.000000, inc_y_r 1.000000
reupdated: dy = 1.000000, dx = 251.000000
avanceR = 2.000000, avance -249.000000, avanceI 2.000000
----------------------------------------
x = 485.000000, y = 385.000000
avance = -249.000000, avanceR = 2.000000, avanceI = 2.000000
inc_x_r = 0.000000, inc_y_r = 1.000000, inc_x_i = 1.000000, inc_y_i = 1.000000
En el else......

----------------------------------------
x = 485.000000, y = 386.000000
avance = -247.000000, avanceR = 2.000000, avanceI = 2.000000
inc_x_r = 0.000000, inc_y_r = 1.000000, inc_x_i = 1.000000, inc_y_i = 1.000000
En el else......

----------------------------------------
x = 485.000000, y = 387.000000
avance = -245.000000, avanceR = 2.000000, avanceI = 2.000000
inc_x_r = 0.000000, inc_y_r = 1.000000, inc_x_i = 1.000000, inc_y_i = 1.000000
En el else......

----------------------------------------
x = 485.000000, y = 388.000000
avance = -243.000000, avanceR = 2.000000, avanceI = 2.000000
inc_x_r = 0.000000, inc_y_r = 1.000000, inc_x_i = 1.000000, inc_y_i = 1.000000
En el else......

----------------------------------------
x = 485.000000, y = 389.000000
avance = -241.000000, avanceR = 2.000000, avanceI = 2.000000
inc_x_r = 0.000000, inc_y_r = 1.000000, inc_x_i = 1.000000, inc_y_i = 1.000000
En el else......

----------------------------------------
x = 485.000000, y = 390.000000
avance = -239.000000, avanceR = 2.000000, avanceI = 2.000000
inc_x_r = 0.000000, inc_y_r = 1.000000, inc_x_i = 1.000000, inc_y_i = 1.000000
En el else......

----------------------------------------
x = 485.000000, y = 391.000000
avance = -237.000000, avanceR = 2.000000, avanceI = 2.000000
inc_x_r = 0.000000, inc_y_r = 1.000000, inc_x_i = 1.000000, inc_y_i = 1.000000
En el else......

----------------------------------------
x = 485.000000, y = 392.000000
avance = -235.000000, avanceR = 2.000000, avanceI = 2.000000
inc_x_r = 0.000000, inc_y_r = 1.000000, inc_x_i = 1.000000, inc_y_i = 1.000000
En el else......

----------------------------------------
x = 485.000000, y = 393.000000
avance = -233.000000, avanceR = 2.000000, avanceI = 2.000000
inc_x_r = 0.000000, inc_y_r = 1.000000, inc_x_i = 1.000000, inc_y_i = 1.000000
En el else......

----------------------------------------
x = 485.000000, y = 394.000000
avance = -231.000000, avanceR = 2.000000, avanceI = 2.000000
inc_x_r = 0.000000, inc_y_r = 1.000000, inc_x_i = 1.000000, inc_y_i = 1.000000
En el else......

----------------------------------------
x = 485.000000, y = 395.000000
avance = -229.000000, avanceR = 2.000000, avanceI = 2.000000
inc_x_r = 0.000000, inc_y_r = 1.000000, inc_x_i = 1.000000, inc_y_i = 1.000000
En el else......

----------------------------------------
x = 485.000000, y = 396.000000
avance = -227.000000, avanceR = 2.000000, avanceI = 2.000000
inc_x_r = 0.000000, inc_y_r = 1.000000, inc_x_i = 1.000000, inc_y_i = 1.000000
En el else......

----------------------------------------
x = 485.000000, y = 397.000000
avance = -225.000000, avanceR = 2.000000, avanceI = 2.000000
inc_x_r = 0.000000, inc_y_r = 1.000000, inc_x_i = 1.000000, inc_y_i = 1.000000
En el else......

----------------------------------------
x = 485.000000, y = 398.000000
avance = -223.000000, avanceR = 2.000000, avanceI = 2.000000
inc_x_r = 0.000000, inc_y_r = 1.000000, inc_x_i = 1.000000, inc_y_i = 1.000000
En el else......

----------------------------------------
x = 485.000000, y = 399.000000
avance = -221.000000, avanceR = 2.000000, avanceI = 2.000000
inc_x_r = 0.000000, inc_y_r = 1.000000, inc_x_i = 1.000000, inc_y_i = 1.000000
En el else......

----------------------------------------
hora de salir del bucle mi pana


ENTRAMOS A BRESENHAMªªªª
x1 = 485.000000 - y1 = 385.000000 || x2 = 486.000000 - y2 = 636.000000
dy = 251.000000, dx = 1.000000
avances inclinados: inc_x_i = 1.000000, inc_y_i = 1.000000
updated: dy = 251.000000, dx = 1.000000
avances rectos: inc_x_r = 0.000000, inc_y_r 1.000000
reupdated: dy = 1.000000, dx = 251.000000
avanceR = 2.000000, avance -249.000000, avanceI 2.000000
----------------------------------------
x = 485.000000, y = 385.000000
avance = -249.000000, avanceR = 2.000000, avanceI = 2.000000
inc_x_r = 0.000000, inc_y_r = 1.000000, inc_x_i = 1.000000, inc_y_i = 1.000000
En el else......

----------------------------------------
x = 485.000000, y = 386.000000
avance = -247.000000, avanceR = 2.000000, avanceI = 2.000000
inc_x_r = 0.000000, inc_y_r = 1.000000, inc_x_i = 1.000000, inc_y_i = 1.000000
En el else......

----------------------------------------
x = 485.000000, y = 387.000000
avance = -245.000000, avanceR = 2.000000, avanceI = 2.000000
inc_x_r = 0.000000, inc_y_r = 1.000000, inc_x_i = 1.000000, inc_y_i = 1.000000
En el else......

----------------------------------------
x = 485.000000, y = 388.000000
avance = -243.000000, avanceR = 2.000000, avanceI = 2.000000
inc_x_r = 0.000000, inc_y_r = 1.000000, inc_x_i = 1.000000, inc_y_i = 1.000000
En el else......

----------------------------------------
x = 485.000000, y = 389.000000
avance = -241.000000, avanceR = 2.000000, avanceI = 2.000000
inc_x_r = 0.000000, inc_y_r = 1.000000, inc_x_i = 1.000000, inc_y_i = 1.000000
En el else......

----------------------------------------
x = 485.000000, y = 390.000000
avance = -239.000000, avanceR = 2.000000, avanceI = 2.000000
inc_x_r = 0.000000, inc_y_r = 1.000000, inc_x_i = 1.000000, inc_y_i = 1.000000
En el else......

----------------------------------------
x = 485.000000, y = 391.000000
avance = -237.000000, avanceR = 2.000000, avanceI = 2.000000
inc_x_r = 0.000000, inc_y_r = 1.000000, inc_x_i = 1.000000, inc_y_i = 1.000000
En el else......

----------------------------------------
x = 485.000000, y = 392.000000
avance = -235.000000, avanceR = 2.000000, avanceI = 2.000000
inc_x_r = 0.000000, inc_y_r = 1.000000, inc_x_i = 1.000000, inc_y_i = 1.000000
En el else......

----------------------------------------
x = 485.000000, y = 393.000000
avance = -233.000000, avanceR = 2.000000, avanceI = 2.000000
inc_x_r = 0.000000, inc_y_r = 1.000000, inc_x_i = 1.000000, inc_y_i = 1.000000
En el else......

----------------------------------------
x = 485.000000, y = 394.000000
avance = -231.000000, avanceR = 2.000000, avanceI = 2.000000
inc_x_r = 0.000000, inc_y_r = 1.000000, inc_x_i = 1.000000, inc_y_i = 1.000000
En el else......

----------------------------------------
x = 485.000000, y = 395.000000
avance = -229.000000, avanceR = 2.000000, avanceI = 2.000000
inc_x_r = 0.000000, inc_y_r = 1.000000, inc_x_i = 1.000000, inc_y_i = 1.000000
En el else......

----------------------------------------
x = 485.000000, y = 396.000000
avance = -227.000000, avanceR = 2.000000, avanceI = 2.000000
inc_x_r = 0.000000, inc_y_r = 1.000000, inc_x_i = 1.000000, inc_y_i = 1.000000
En el else......

----------------------------------------
x = 485.000000, y = 397.000000
avance = -225.000000, avanceR = 2.000000, avanceI = 2.000000
inc_x_r = 0.000000, inc_y_r = 1.000000, inc_x_i = 1.000000, inc_y_i = 1.000000
En el else......

----------------------------------------
x = 485.000000, y = 398.000000
avance = -223.000000, avanceR = 2.000000, avanceI = 2.000000
inc_x_r = 0.000000, inc_y_r = 1.000000, inc_x_i = 1.000000, inc_y_i = 1.000000
En el else......

----------------------------------------
x = 485.000000, y = 399.000000
avance = -221.000000, avanceR = 2.000000, avanceI = 2.000000
inc_x_r = 0.000000, inc_y_r = 1.000000, inc_x_i = 1.000000, inc_y_i = 1.000000
En el else......

----------------------------------------
hora de salir del bucle mi pana


ENTRAMOS A BRESENHAMªªªª
x1 = 485.000000 - y1 = 385.000000 || x2 = 486.000000 - y2 = 636.000000
dy = 251.000000, dx = 1.000000
avances inclinados: inc_x_i = 1.000000, inc_y_i = 1.000000
updated: dy = 251.000000, dx = 1.000000
avances rectos: inc_x_r = 0.000000, inc_y_r 1.000000
reupdated: dy = 1.000000, dx = 251.000000
avanceR = 2.000000, avance -249.000000, avanceI 2.000000
----------------------------------------
x = 485.000000, y = 385.000000
avance = -249.000000, avanceR = 2.000000, avanceI = 2.000000
inc_x_r = 0.000000, inc_y_r = 1.000000, inc_x_i = 1.000000, inc_y_i = 1.000000
En el else......

----------------------------------------
x = 485.000000, y = 386.000000
avance = -247.000000, avanceR = 2.000000, avanceI = 2.000000
inc_x_r = 0.000000, inc_y_r = 1.000000, inc_x_i = 1.000000, inc_y_i = 1.000000
En el else......

----------------------------------------
x = 485.000000, y = 387.000000
avance = -245.000000, avanceR = 2.000000, avanceI = 2.000000
inc_x_r = 0.000000, inc_y_r = 1.000000, inc_x_i = 1.000000, inc_y_i = 1.000000
En el else......

----------------------------------------
x = 485.000000, y = 388.000000
avance = -243.000000, avanceR = 2.000000, avanceI = 2.000000
inc_x_r = 0.000000, inc_y_r = 1.000000, inc_x_i = 1.000000, inc_y_i = 1.000000
En el else......

----------------------------------------
x = 485.000000, y = 389.000000
avance = -241.000000, avanceR = 2.000000, avanceI = 2.000000
inc_x_r = 0.000000, inc_y_r = 1.000000, inc_x_i = 1.000000, inc_y_i = 1.000000
En el else......

----------------------------------------
x = 485.000000, y = 390.000000
avance = -239.000000, avanceR = 2.000000, avanceI = 2.000000
inc_x_r = 0.000000, inc_y_r = 1.000000, inc_x_i = 1.000000, inc_y_i = 1.000000
En el else......

----------------------------------------
x = 485.000000, y = 391.000000
avance = -237.000000, avanceR = 2.000000, avanceI = 2.000000
inc_x_r = 0.000000, inc_y_r = 1.000000, inc_x_i = 1.000000, inc_y_i = 1.000000
En el else......

----------------------------------------
x = 485.000000, y = 392.000000
avance = -235.000000, avanceR = 2.000000, avanceI = 2.000000
inc_x_r = 0.000000, inc_y_r = 1.000000, inc_x_i = 1.000000, inc_y_i = 1.000000
En el else......

----------------------------------------
x = 485.000000, y = 393.000000
avance = -233.000000, avanceR = 2.000000, avanceI = 2.000000
inc_x_r = 0.000000, inc_y_r = 1.000000, inc_x_i = 1.000000, inc_y_i = 1.000000
En el else......

----------------------------------------
x = 485.000000, y = 394.000000
avance = -231.000000, avanceR = 2.000000, avanceI = 2.000000
inc_x_r = 0.000000, inc_y_r = 1.000000, inc_x_i = 1.000000, inc_y_i = 1.000000
En el else......

----------------------------------------
x = 485.000000, y = 395.000000
avance = -229.000000, avanceR = 2.000000, avanceI = 2.000000
inc_x_r = 0.000000, inc_y_r = 1.000000, inc_x_i = 1.000000, inc_y_i = 1.000000
En el else......

----------------------------------------
x = 485.000000, y = 396.000000
avance = -227.000000, avanceR = 2.000000, avanceI = 2.000000
inc_x_r = 0.000000, inc_y_r = 1.000000, inc_x_i = 1.000000, inc_y_i = 1.000000
En el else......

----------------------------------------
x = 485.000000, y = 397.000000
avance = -225.000000, avanceR = 2.000000, avanceI = 2.000000
inc_x_r = 0.000000, inc_y_r = 1.000000, inc_x_i = 1.000000, inc_y_i = 1.000000
En el else......

----------------------------------------
x = 485.000000, y = 398.000000
avance = -223.000000, avanceR = 2.000000, avanceI = 2.000000
inc_x_r = 0.000000, inc_y_r = 1.000000, inc_x_i = 1.000000, inc_y_i = 1.000000
En el else......

----------------------------------------
x = 485.000000, y = 399.000000
avance = -221.000000, avanceR = 2.000000, avanceI = 2.000000
inc_x_r = 0.000000, inc_y_r = 1.000000, inc_x_i = 1.000000, inc_y_i = 1.000000
En el else......

----------------------------------------
hora de salir del bucle mi pana


ENTRAMOS A BRESENHAMªªªª
x1 = 485.000000 - y1 = 385.000000 || x2 = 486.000000 - y2 = 636.000000
dy = 251.000000, dx = 1.000000
avances inclinados: inc_x_i = 1.000000, inc_y_i = 1.000000
updated: dy = 251.000000, dx = 1.000000
avances rectos: inc_x_r = 0.000000, inc_y_r 1.000000
reupdated: dy = 1.000000, dx = 251.000000
avanceR = 2.000000, avance -249.000000, avanceI 2.000000
----------------------------------------
x = 485.000000, y = 385.000000
avance = -249.000000, avanceR = 2.000000, avanceI = 2.000000
inc_x_r = 0.000000, inc_y_r = 1.000000, inc_x_i = 1.000000, inc_y_i = 1.000000
En el else......

----------------------------------------
x = 485.000000, y = 386.000000
avance = -247.000000, avanceR = 2.000000, avanceI = 2.000000
inc_x_r = 0.000000, inc_y_r = 1.000000, inc_x_i = 1.000000, inc_y_i = 1.000000
En el else......

----------------------------------------
x = 485.000000, y = 387.000000
avance = -245.000000, avanceR = 2.000000, avanceI = 2.000000
inc_x_r = 0.000000, inc_y_r = 1.000000, inc_x_i = 1.000000, inc_y_i = 1.000000
En el else......

----------------------------------------
x = 485.000000, y = 388.000000
avance = -243.000000, avanceR = 2.000000, avanceI = 2.000000
inc_x_r = 0.000000, inc_y_r = 1.000000, inc_x_i = 1.000000, inc_y_i = 1.000000
En el else......

----------------------------------------
x = 485.000000, y = 389.000000
avance = -241.000000, avanceR = 2.000000, avanceI = 2.000000
inc_x_r = 0.000000, inc_y_r = 1.000000, inc_x_i = 1.000000, inc_y_i = 1.000000
En el else......

----------------------------------------
x = 485.000000, y = 390.000000
avance = -239.000000, avanceR = 2.000000, avanceI = 2.000000
inc_x_r = 0.000000, inc_y_r = 1.000000, inc_x_i = 1.000000, inc_y_i = 1.000000
En el else......

----------------------------------------
x = 485.000000, y = 391.000000
avance = -237.000000, avanceR = 2.000000, avanceI = 2.000000
inc_x_r = 0.000000, inc_y_r = 1.000000, inc_x_i = 1.000000, inc_y_i = 1.000000
En el else......

----------------------------------------
x = 485.000000, y = 392.000000
avance = -235.000000, avanceR = 2.000000, avanceI = 2.000000
inc_x_r = 0.000000, inc_y_r = 1.000000, inc_x_i = 1.000000, inc_y_i = 1.000000
En el else......

----------------------------------------
x = 485.000000, y = 393.000000
avance = -233.000000, avanceR = 2.000000, avanceI = 2.000000
inc_x_r = 0.000000, inc_y_r = 1.000000, inc_x_i = 1.000000, inc_y_i = 1.000000
En el else......

----------------------------------------
x = 485.000000, y = 394.000000
avance = -231.000000, avanceR = 2.000000, avanceI = 2.000000
inc_x_r = 0.000000, inc_y_r = 1.000000, inc_x_i = 1.000000, inc_y_i = 1.000000
En el else......

----------------------------------------
x = 485.000000, y = 395.000000
avance = -229.000000, avanceR = 2.000000, avanceI = 2.000000
inc_x_r = 0.000000, inc_y_r = 1.000000, inc_x_i = 1.000000, inc_y_i = 1.000000
En el else......

----------------------------------------
x = 485.000000, y = 396.000000
avance = -227.000000, avanceR = 2.000000, avanceI = 2.000000
inc_x_r = 0.000000, inc_y_r = 1.000000, inc_x_i = 1.000000, inc_y_i = 1.000000
En el else......

----------------------------------------
x = 485.000000, y = 397.000000
avance = -225.000000, avanceR = 2.000000, avanceI = 2.000000
inc_x_r = 0.000000, inc_y_r = 1.000000, inc_x_i = 1.000000, inc_y_i = 1.000000
En el else......

----------------------------------------
x = 485.000000, y = 398.000000
avance = -223.000000, avanceR = 2.000000, avanceI = 2.000000
inc_x_r = 0.000000, inc_y_r = 1.000000, inc_x_i = 1.000000, inc_y_i = 1.000000
En el else......

----------------------------------------
x = 485.000000, y = 399.000000
avance = -221.000000, avanceR = 2.000000, avanceI = 2.000000
inc_x_r = 0.000000, inc_y_r = 1.000000, inc_x_i = 1.000000, inc_y_i = 1.000000
En el else......

----------------------------------------
hora de salir del bucle mi pana


ENTRAMOS A BRESENHAMªªªª
x1 = 485.000000 - y1 = 385.000000 || x2 = 486.000000 - y2 = 636.000000
dy = 251.000000, dx = 1.000000
avances inclinados: inc_x_i = 1.000000, inc_y_i = 1.000000
updated: dy = 251.000000, dx = 1.000000
avances rectos: inc_x_r = 0.000000, inc_y_r 1.000000
reupdated: dy = 1.000000, dx = 251.000000
avanceR = 2.000000, avance -249.000000, avanceI 2.000000
----------------------------------------
x = 485.000000, y = 385.000000
avance = -249.000000, avanceR = 2.000000, avanceI = 2.000000
inc_x_r = 0.000000, inc_y_r = 1.000000, inc_x_i = 1.000000, inc_y_i = 1.000000
En el else......

----------------------------------------
x = 485.000000, y = 386.000000
avance = -247.000000, avanceR = 2.000000, avanceI = 2.000000
inc_x_r = 0.000000, inc_y_r = 1.000000, inc_x_i = 1.000000, inc_y_i = 1.000000
En el else......

----------------------------------------
x = 485.000000, y = 387.000000
avance = -245.000000, avanceR = 2.000000, avanceI = 2.000000
inc_x_r = 0.000000, inc_y_r = 1.000000, inc_x_i = 1.000000, inc_y_i = 1.000000
En el else......

----------------------------------------
x = 485.000000, y = 388.000000
avance = -243.000000, avanceR = 2.000000, avanceI = 2.000000
inc_x_r = 0.000000, inc_y_r = 1.000000, inc_x_i = 1.000000, inc_y_i = 1.000000
En el else......

----------------------------------------
x = 485.000000, y = 389.000000
avance = -241.000000, avanceR = 2.000000, avanceI = 2.000000
inc_x_r = 0.000000, inc_y_r = 1.000000, inc_x_i = 1.000000, inc_y_i = 1.000000
En el else......

----------------------------------------
x = 485.000000, y = 390.000000
avance = -239.000000, avanceR = 2.000000, avanceI = 2.000000
inc_x_r = 0.000000, inc_y_r = 1.000000, inc_x_i = 1.000000, inc_y_i = 1.000000
En el else......

----------------------------------------
x = 485.000000, y = 391.000000
avance = -237.000000, avanceR = 2.000000, avanceI = 2.000000
inc_x_r = 0.000000, inc_y_r = 1.000000, inc_x_i = 1.000000, inc_y_i = 1.000000
En el else......

----------------------------------------
x = 485.000000, y = 392.000000
avance = -235.000000, avanceR = 2.000000, avanceI = 2.000000
inc_x_r = 0.000000, inc_y_r = 1.000000, inc_x_i = 1.000000, inc_y_i = 1.000000
En el else......

----------------------------------------
x = 485.000000, y = 393.000000
avance = -233.000000, avanceR = 2.000000, avanceI = 2.000000
inc_x_r = 0.000000, inc_y_r = 1.000000, inc_x_i = 1.000000, inc_y_i = 1.000000
En el else......

----------------------------------------
x = 485.000000, y = 394.000000
avance = -231.000000, avanceR = 2.000000, avanceI = 2.000000
inc_x_r = 0.000000, inc_y_r = 1.000000, inc_x_i = 1.000000, inc_y_i = 1.000000
En el else......

----------------------------------------
x = 485.000000, y = 395.000000
avance = -229.000000, avanceR = 2.000000, avanceI = 2.000000
inc_x_r = 0.000000, inc_y_r = 1.000000, inc_x_i = 1.000000, inc_y_i = 1.000000
En el else......

----------------------------------------
x = 485.000000, y = 396.000000
avance = -227.000000, avanceR = 2.000000, avanceI = 2.000000
inc_x_r = 0.000000, inc_y_r = 1.000000, inc_x_i = 1.000000, inc_y_i = 1.000000
En el else......

----------------------------------------
x = 485.000000, y = 397.000000
avance = -225.000000, avanceR = 2.000000, avanceI = 2.000000
inc_x_r = 0.000000, inc_y_r = 1.000000, inc_x_i = 1.000000, inc_y_i = 1.000000
En el else......

----------------------------------------
x = 485.000000, y = 398.000000
avance = -223.000000, avanceR = 2.000000, avanceI = 2.000000
inc_x_r = 0.000000, inc_y_r = 1.000000, inc_x_i = 1.000000, inc_y_i = 1.000000
En el else......

----------------------------------------
x = 485.000000, y = 399.000000
avance = -221.000000, avanceR = 2.000000, avanceI = 2.000000
inc_x_r = 0.000000, inc_y_r = 1.000000, inc_x_i = 1.000000, inc_y_i = 1.000000
En el else......

----------------------------------------
hora de salir del bucle mi pana


ENTRAMOS A BRESENHAMªªªª
x1 = 485.000000 - y1 = 385.000000 || x2 = 486.000000 - y2 = 636.000000
dy = 251.000000, dx = 1.000000
avances inclinados: inc_x_i = 1.000000, inc_y_i = 1.000000
updated: dy = 251.000000, dx = 1.000000
avances rectos: inc_x_r = 0.000000, inc_y_r 1.000000
reupdated: dy = 1.000000, dx = 251.000000
avanceR = 2.000000, avance -249.000000, avanceI 2.000000
----------------------------------------
x = 485.000000, y = 385.000000
avance = -249.000000, avanceR = 2.000000, avanceI = 2.000000
inc_x_r = 0.000000, inc_y_r = 1.000000, inc_x_i = 1.000000, inc_y_i = 1.000000
En el else......

----------------------------------------
x = 485.000000, y = 386.000000
avance = -247.000000, avanceR = 2.000000, avanceI = 2.000000
inc_x_r = 0.000000, inc_y_r = 1.000000, inc_x_i = 1.000000, inc_y_i = 1.000000
En el else......

----------------------------------------
x = 485.000000, y = 387.000000
avance = -245.000000, avanceR = 2.000000, avanceI = 2.000000
inc_x_r = 0.000000, inc_y_r = 1.000000, inc_x_i = 1.000000, inc_y_i = 1.000000
En el else......

----------------------------------------
x = 485.000000, y = 388.000000
avance = -243.000000, avanceR = 2.000000, avanceI = 2.000000
inc_x_r = 0.000000, inc_y_r = 1.000000, inc_x_i = 1.000000, inc_y_i = 1.000000
En el else......

----------------------------------------
x = 485.000000, y = 389.000000
avance = -241.000000, avanceR = 2.000000, avanceI = 2.000000
inc_x_r = 0.000000, inc_y_r = 1.000000, inc_x_i = 1.000000, inc_y_i = 1.000000
En el else......

----------------------------------------
x = 485.000000, y = 390.000000
avance = -239.000000, avanceR = 2.000000, avanceI = 2.000000
inc_x_r = 0.000000, inc_y_r = 1.000000, inc_x_i = 1.000000, inc_y_i = 1.000000
En el else......

----------------------------------------
x = 485.000000, y = 391.000000
avance = -237.000000, avanceR = 2.000000, avanceI = 2.000000
inc_x_r = 0.000000, inc_y_r = 1.000000, inc_x_i = 1.000000, inc_y_i = 1.000000
En el else......

----------------------------------------
x = 485.000000, y = 392.000000
avance = -235.000000, avanceR = 2.000000, avanceI = 2.000000
inc_x_r = 0.000000, inc_y_r = 1.000000, inc_x_i = 1.000000, inc_y_i = 1.000000
En el else......

----------------------------------------
x = 485.000000, y = 393.000000
avance = -233.000000, avanceR = 2.000000, avanceI = 2.000000
inc_x_r = 0.000000, inc_y_r = 1.000000, inc_x_i = 1.000000, inc_y_i = 1.000000
En el else......

----------------------------------------
x = 485.000000, y = 394.000000
avance = -231.000000, avanceR = 2.000000, avanceI = 2.000000
inc_x_r = 0.000000, inc_y_r = 1.000000, inc_x_i = 1.000000, inc_y_i = 1.000000
En el else......

----------------------------------------
x = 485.000000, y = 395.000000
avance = -229.000000, avanceR = 2.000000, avanceI = 2.000000
inc_x_r = 0.000000, inc_y_r = 1.000000, inc_x_i = 1.000000, inc_y_i = 1.000000
En el else......

----------------------------------------
x = 485.000000, y = 396.000000
avance = -227.000000, avanceR = 2.000000, avanceI = 2.000000
inc_x_r = 0.000000, inc_y_r = 1.000000, inc_x_i = 1.000000, inc_y_i = 1.000000
En el else......

----------------------------------------
x = 485.000000, y = 397.000000
avance = -225.000000, avanceR = 2.000000, avanceI = 2.000000
inc_x_r = 0.000000, inc_y_r = 1.000000, inc_x_i = 1.000000, inc_y_i = 1.000000
En el else......

----------------------------------------
x = 485.000000, y = 398.000000
avance = -223.000000, avanceR = 2.000000, avanceI = 2.000000
inc_x_r = 0.000000, inc_y_r = 1.000000, inc_x_i = 1.000000, inc_y_i = 1.000000
En el else......

----------------------------------------
x = 485.000000, y = 399.000000
avance = -221.000000, avanceR = 2.000000, avanceI = 2.000000
inc_x_r = 0.000000, inc_y_r = 1.000000, inc_x_i = 1.000000, inc_y_i = 1.000000
En el else......

----------------------------------------
hora de salir del bucle mi pana


ENTRAMOS A BRESENHAMªªªª
x1 = 485.000000 - y1 = 385.000000 || x2 = 486.000000 - y2 = 636.000000
dy = 251.000000, dx = 1.000000
avances inclinados: inc_x_i = 1.000000, inc_y_i = 1.000000
updated: dy = 251.000000, dx = 1.000000
avances rectos: inc_x_r = 0.000000, inc_y_r 1.000000
reupdated: dy = 1.000000, dx = 251.000000
avanceR = 2.000000, avance -249.000000, avanceI 2.000000
----------------------------------------
x = 485.000000, y = 385.000000
avance = -249.000000, avanceR = 2.000000, avanceI = 2.000000
inc_x_r = 0.000000, inc_y_r = 1.000000, inc_x_i = 1.000000, inc_y_i = 1.000000
En el else......

----------------------------------------
x = 485.000000, y = 386.000000
avance = -247.000000, avanceR = 2.000000, avanceI = 2.000000
inc_x_r = 0.000000, inc_y_r = 1.000000, inc_x_i = 1.000000, inc_y_i = 1.000000
En el else......

----------------------------------------
x = 485.000000, y = 387.000000
avance = -245.000000, avanceR = 2.000000, avanceI = 2.000000
inc_x_r = 0.000000, inc_y_r = 1.000000, inc_x_i = 1.000000, inc_y_i = 1.000000
En el else......

----------------------------------------
x = 485.000000, y = 388.000000
avance = -243.000000, avanceR = 2.000000, avanceI = 2.000000
inc_x_r = 0.000000, inc_y_r = 1.000000, inc_x_i = 1.000000, inc_y_i = 1.000000
En el else......

----------------------------------------
x = 485.000000, y = 389.000000
avance = -241.000000, avanceR = 2.000000, avanceI = 2.000000
inc_x_r = 0.000000, inc_y_r = 1.000000, inc_x_i = 1.000000, inc_y_i = 1.000000
En el else......

----------------------------------------
x = 485.000000, y = 390.000000
avance = -239.000000, avanceR = 2.000000, avanceI = 2.000000
inc_x_r = 0.000000, inc_y_r = 1.000000, inc_x_i = 1.000000, inc_y_i = 1.000000
En el else......

----------------------------------------
x = 485.000000, y = 391.000000
avance = -237.000000, avanceR = 2.000000, avanceI = 2.000000
inc_x_r = 0.000000, inc_y_r = 1.000000, inc_x_i = 1.000000, inc_y_i = 1.000000
En el else......

----------------------------------------
x = 485.000000, y = 392.000000
avance = -235.000000, avanceR = 2.000000, avanceI = 2.000000
inc_x_r = 0.000000, inc_y_r = 1.000000, inc_x_i = 1.000000, inc_y_i = 1.000000
En el else......

----------------------------------------
x = 485.000000, y = 393.000000
avance = -233.000000, avanceR = 2.000000, avanceI = 2.000000
inc_x_r = 0.000000, inc_y_r = 1.000000, inc_x_i = 1.000000, inc_y_i = 1.000000
En el else......

----------------------------------------
x = 485.000000, y = 394.000000
avance = -231.000000, avanceR = 2.000000, avanceI = 2.000000
inc_x_r = 0.000000, inc_y_r = 1.000000, inc_x_i = 1.000000, inc_y_i = 1.000000
En el else......

----------------------------------------
x = 485.000000, y = 395.000000
avance = -229.000000, avanceR = 2.000000, avanceI = 2.000000
inc_x_r = 0.000000, inc_y_r = 1.000000, inc_x_i = 1.000000, inc_y_i = 1.000000
En el else......

----------------------------------------
x = 485.000000, y = 396.000000
avance = -227.000000, avanceR = 2.000000, avanceI = 2.000000
inc_x_r = 0.000000, inc_y_r = 1.000000, inc_x_i = 1.000000, inc_y_i = 1.000000
En el else......

----------------------------------------
x = 485.000000, y = 397.000000
avance = -225.000000, avanceR = 2.000000, avanceI = 2.000000
inc_x_r = 0.000000, inc_y_r = 1.000000, inc_x_i = 1.000000, inc_y_i = 1.000000
En el else......

----------------------------------------
x = 485.000000, y = 398.000000
avance = -223.000000, avanceR = 2.000000, avanceI = 2.000000
inc_x_r = 0.000000, inc_y_r = 1.000000, inc_x_i = 1.000000, inc_y_i = 1.000000
En el else......

----------------------------------------
x = 485.000000, y = 399.000000
avance = -221.000000, avanceR = 2.000000, avanceI = 2.000000
inc_x_r = 0.000000, inc_y_r = 1.000000, inc_x_i = 1.000000, inc_y_i = 1.000000
En el else......

----------------------------------------
hora de salir del bucle mi pana


ENTRAMOS A BRESENHAMªªªª
x1 = 485.000000 - y1 = 385.000000 || x2 = 486.000000 - y2 = 636.000000
dy = 251.000000, dx = 1.000000
avances inclinados: inc_x_i = 1.000000, inc_y_i = 1.000000
updated: dy = 251.000000, dx = 1.000000
avances rectos: inc_x_r = 0.000000, inc_y_r 1.000000
reupdated: dy = 1.000000, dx = 251.000000
avanceR = 2.000000, avance -249.000000, avanceI 2.000000
----------------------------------------
x = 485.000000, y = 385.000000
avance = -249.000000, avanceR = 2.000000, avanceI = 2.000000
inc_x_r = 0.000000, inc_y_r = 1.000000, inc_x_i = 1.000000, inc_y_i = 1.000000
En el else......

----------------------------------------
x = 485.000000, y = 386.000000
avance = -247.000000, avanceR = 2.000000, avanceI = 2.000000
inc_x_r = 0.000000, inc_y_r = 1.000000, inc_x_i = 1.000000, inc_y_i = 1.000000
En el else......

----------------------------------------
x = 485.000000, y = 387.000000
avance = -245.000000, avanceR = 2.000000, avanceI = 2.000000
inc_x_r = 0.000000, inc_y_r = 1.000000, inc_x_i = 1.000000, inc_y_i = 1.000000
En el else......

----------------------------------------
x = 485.000000, y = 388.000000
avance = -243.000000, avanceR = 2.000000, avanceI = 2.000000
inc_x_r = 0.000000, inc_y_r = 1.000000, inc_x_i = 1.000000, inc_y_i = 1.000000
En el else......

----------------------------------------
x = 485.000000, y = 389.000000
avance = -241.000000, avanceR = 2.000000, avanceI = 2.000000
inc_x_r = 0.000000, inc_y_r = 1.000000, inc_x_i = 1.000000, inc_y_i = 1.000000
En el else......

----------------------------------------
x = 485.000000, y = 390.000000
avance = -239.000000, avanceR = 2.000000, avanceI = 2.000000
inc_x_r = 0.000000, inc_y_r = 1.000000, inc_x_i = 1.000000, inc_y_i = 1.000000
En el else......

----------------------------------------
x = 485.000000, y = 391.000000
avance = -237.000000, avanceR = 2.000000, avanceI = 2.000000
inc_x_r = 0.000000, inc_y_r = 1.000000, inc_x_i = 1.000000, inc_y_i = 1.000000
En el else......

----------------------------------------
x = 485.000000, y = 392.000000
avance = -235.000000, avanceR = 2.000000, avanceI = 2.000000
inc_x_r = 0.000000, inc_y_r = 1.000000, inc_x_i = 1.000000, inc_y_i = 1.000000
En el else......

----------------------------------------
x = 485.000000, y = 393.000000
avance = -233.000000, avanceR = 2.000000, avanceI = 2.000000
inc_x_r = 0.000000, inc_y_r = 1.000000, inc_x_i = 1.000000, inc_y_i = 1.000000
En el else......

----------------------------------------
x = 485.000000, y = 394.000000
avance = -231.000000, avanceR = 2.000000, avanceI = 2.000000
inc_x_r = 0.000000, inc_y_r = 1.000000, inc_x_i = 1.000000, inc_y_i = 1.000000
En el else......

----------------------------------------
x = 485.000000, y = 395.000000
avance = -229.000000, avanceR = 2.000000, avanceI = 2.000000
inc_x_r = 0.000000, inc_y_r = 1.000000, inc_x_i = 1.000000, inc_y_i = 1.000000
En el else......

----------------------------------------
x = 485.000000, y = 396.000000
avance = -227.000000, avanceR = 2.000000, avanceI = 2.000000
inc_x_r = 0.000000, inc_y_r = 1.000000, inc_x_i = 1.000000, inc_y_i = 1.000000
En el else......

----------------------------------------
x = 485.000000, y = 397.000000
avance = -225.000000, avanceR = 2.000000, avanceI = 2.000000
inc_x_r = 0.000000, inc_y_r = 1.000000, inc_x_i = 1.000000, inc_y_i = 1.000000
En el else......

----------------------------------------
x = 485.000000, y = 398.000000
avance = -223.000000, avanceR = 2.000000, avanceI = 2.000000
inc_x_r = 0.000000, inc_y_r = 1.000000, inc_x_i = 1.000000, inc_y_i = 1.000000
En el else......

----------------------------------------
x = 485.000000, y = 399.000000
avance = -221.000000, avanceR = 2.000000, avanceI = 2.000000
inc_x_r = 0.000000, inc_y_r = 1.000000, inc_x_i = 1.000000, inc_y_i = 1.000000
En el else......

----------------------------------------
hora de salir del bucle mi pana


ENTRAMOS A BRESENHAMªªªª
x1 = 485.000000 - y1 = 385.000000 || x2 = 486.000000 - y2 = 636.000000
dy = 251.000000, dx = 1.000000
avances inclinados: inc_x_i = 1.000000, inc_y_i = 1.000000
updated: dy = 251.000000, dx = 1.000000
avances rectos: inc_x_r = 0.000000, inc_y_r 1.000000
reupdated: dy = 1.000000, dx = 251.000000
avanceR = 2.000000, avance -249.000000, avanceI 2.000000
----------------------------------------
x = 485.000000, y = 385.000000
avance = -249.000000, avanceR = 2.000000, avanceI = 2.000000
inc_x_r = 0.000000, inc_y_r = 1.000000, inc_x_i = 1.000000, inc_y_i = 1.000000
En el else......

----------------------------------------
x = 485.000000, y = 386.000000
avance = -247.000000, avanceR = 2.000000, avanceI = 2.000000
inc_x_r = 0.000000, inc_y_r = 1.000000, inc_x_i = 1.000000, inc_y_i = 1.000000
En el else......

----------------------------------------
x = 485.000000, y = 387.000000
avance = -245.000000, avanceR = 2.000000, avanceI = 2.000000
inc_x_r = 0.000000, inc_y_r = 1.000000, inc_x_i = 1.000000, inc_y_i = 1.000000
En el else......

----------------------------------------
x = 485.000000, y = 388.000000
avance = -243.000000, avanceR = 2.000000, avanceI = 2.000000
inc_x_r = 0.000000, inc_y_r = 1.000000, inc_x_i = 1.000000, inc_y_i = 1.000000
En el else......

----------------------------------------
x = 485.000000, y = 389.000000
avance = -241.000000, avanceR = 2.000000, avanceI = 2.000000
inc_x_r = 0.000000, inc_y_r = 1.000000, inc_x_i = 1.000000, inc_y_i = 1.000000
En el else......

----------------------------------------
x = 485.000000, y = 390.000000
avance = -239.000000, avanceR = 2.000000, avanceI = 2.000000
inc_x_r = 0.000000, inc_y_r = 1.000000, inc_x_i = 1.000000, inc_y_i = 1.000000
En el else......

----------------------------------------
x = 485.000000, y = 391.000000
avance = -237.000000, avanceR = 2.000000, avanceI = 2.000000
inc_x_r = 0.000000, inc_y_r = 1.000000, inc_x_i = 1.000000, inc_y_i = 1.000000
En el else......

----------------------------------------
x = 485.000000, y = 392.000000
avance = -235.000000, avanceR = 2.000000, avanceI = 2.000000
inc_x_r = 0.000000, inc_y_r = 1.000000, inc_x_i = 1.000000, inc_y_i = 1.000000
En el else......

----------------------------------------
x = 485.000000, y = 393.000000
avance = -233.000000, avanceR = 2.000000, avanceI = 2.000000
inc_x_r = 0.000000, inc_y_r = 1.000000, inc_x_i = 1.000000, inc_y_i = 1.000000
En el else......

----------------------------------------
x = 485.000000, y = 394.000000
avance = -231.000000, avanceR = 2.000000, avanceI = 2.000000
inc_x_r = 0.000000, inc_y_r = 1.000000, inc_x_i = 1.000000, inc_y_i = 1.000000
En el else......

----------------------------------------
x = 485.000000, y = 395.000000
avance = -229.000000, avanceR = 2.000000, avanceI = 2.000000
inc_x_r = 0.000000, inc_y_r = 1.000000, inc_x_i = 1.000000, inc_y_i = 1.000000
En el else......

----------------------------------------
x = 485.000000, y = 396.000000
avance = -227.000000, avanceR = 2.000000, avanceI = 2.000000
inc_x_r = 0.000000, inc_y_r = 1.000000, inc_x_i = 1.000000, inc_y_i = 1.000000
En el else......

----------------------------------------
x = 485.000000, y = 397.000000
avance = -225.000000, avanceR = 2.000000, avanceI = 2.000000
inc_x_r = 0.000000, inc_y_r = 1.000000, inc_x_i = 1.000000, inc_y_i = 1.000000
En el else......

----------------------------------------
x = 485.000000, y = 398.000000
avance = -223.000000, avanceR = 2.000000, avanceI = 2.000000
inc_x_r = 0.000000, inc_y_r = 1.000000, inc_x_i = 1.000000, inc_y_i = 1.000000
En el else......

----------------------------------------
x = 485.000000, y = 399.000000
avance = -221.000000, avanceR = 2.000000, avanceI = 2.000000
inc_x_r = 0.000000, inc_y_r = 1.000000, inc_x_i = 1.000000, inc_y_i = 1.000000
En el else......

----------------------------------------
hora de salir del bucle mi pana


ENTRAMOS A BRESENHAMªªªª
x1 = 485.000000 - y1 = 385.000000 || x2 = 486.000000 - y2 = 636.000000
dy = 251.000000, dx = 1.000000
avances inclinados: inc_x_i = 1.000000, inc_y_i = 1.000000
updated: dy = 251.000000, dx = 1.000000
avances rectos: inc_x_r = 0.000000, inc_y_r 1.000000
reupdated: dy = 1.000000, dx = 251.000000
avanceR = 2.000000, avance -249.000000, avanceI 2.000000
----------------------------------------
x = 485.000000, y = 385.000000
avance = -249.000000, avanceR = 2.000000, avanceI = 2.000000
inc_x_r = 0.000000, inc_y_r = 1.000000, inc_x_i = 1.000000, inc_y_i = 1.000000
En el else......

----------------------------------------
x = 485.000000, y = 386.000000
avance = -247.000000, avanceR = 2.000000, avanceI = 2.000000
inc_x_r = 0.000000, inc_y_r = 1.000000, inc_x_i = 1.000000, inc_y_i = 1.000000
En el else......

----------------------------------------
x = 485.000000, y = 387.000000
avance = -245.000000, avanceR = 2.000000, avanceI = 2.000000
inc_x_r = 0.000000, inc_y_r = 1.000000, inc_x_i = 1.000000, inc_y_i = 1.000000
En el else......

----------------------------------------
x = 485.000000, y = 388.000000
avance = -243.000000, avanceR = 2.000000, avanceI = 2.000000
inc_x_r = 0.000000, inc_y_r = 1.000000, inc_x_i = 1.000000, inc_y_i = 1.000000
En el else......

----------------------------------------
x = 485.000000, y = 389.000000
avance = -241.000000, avanceR = 2.000000, avanceI = 2.000000
inc_x_r = 0.000000, inc_y_r = 1.000000, inc_x_i = 1.000000, inc_y_i = 1.000000
En el else......

----------------------------------------
x = 485.000000, y = 390.000000
avance = -239.000000, avanceR = 2.000000, avanceI = 2.000000
inc_x_r = 0.000000, inc_y_r = 1.000000, inc_x_i = 1.000000, inc_y_i = 1.000000
En el else......

----------------------------------------
x = 485.000000, y = 391.000000
avance = -237.000000, avanceR = 2.000000, avanceI = 2.000000
inc_x_r = 0.000000, inc_y_r = 1.000000, inc_x_i = 1.000000, inc_y_i = 1.000000
En el else......

----------------------------------------
x = 485.000000, y = 392.000000
avance = -235.000000, avanceR = 2.000000, avanceI = 2.000000
inc_x_r = 0.000000, inc_y_r = 1.000000, inc_x_i = 1.000000, inc_y_i = 1.000000
En el else......

----------------------------------------
x = 485.000000, y = 393.000000
avance = -233.000000, avanceR = 2.000000, avanceI = 2.000000
inc_x_r = 0.000000, inc_y_r = 1.000000, inc_x_i = 1.000000, inc_y_i = 1.000000
En el else......

----------------------------------------
x = 485.000000, y = 394.000000
avance = -231.000000, avanceR = 2.000000, avanceI = 2.000000
inc_x_r = 0.000000, inc_y_r = 1.000000, inc_x_i = 1.000000, inc_y_i = 1.000000
En el else......

----------------------------------------
x = 485.000000, y = 395.000000
avance = -229.000000, avanceR = 2.000000, avanceI = 2.000000
inc_x_r = 0.000000, inc_y_r = 1.000000, inc_x_i = 1.000000, inc_y_i = 1.000000
En el else......

----------------------------------------
x = 485.000000, y = 396.000000
avance = -227.000000, avanceR = 2.000000, avanceI = 2.000000
inc_x_r = 0.000000, inc_y_r = 1.000000, inc_x_i = 1.000000, inc_y_i = 1.000000
En el else......

----------------------------------------
x = 485.000000, y = 397.000000
avance = -225.000000, avanceR = 2.000000, avanceI = 2.000000
inc_x_r = 0.000000, inc_y_r = 1.000000, inc_x_i = 1.000000, inc_y_i = 1.000000
En el else......

----------------------------------------
x = 485.000000, y = 398.000000
avance = -223.000000, avanceR = 2.000000, avanceI = 2.000000
inc_x_r = 0.000000, inc_y_r = 1.000000, inc_x_i = 1.000000, inc_y_i = 1.000000
En el else......

----------------------------------------
x = 485.000000, y = 399.000000
avance = -221.000000, avanceR = 2.000000, avanceI = 2.000000
inc_x_r = 0.000000, inc_y_r = 1.000000, inc_x_i = 1.000000, inc_y_i = 1.000000
En el else......

----------------------------------------
hora de salir del bucle mi pana


ENTRAMOS A BRESENHAMªªªª
x1 = 485.000000 - y1 = 385.000000 || x2 = 486.000000 - y2 = 636.000000
dy = 251.000000, dx = 1.000000
avances inclinados: inc_x_i = 1.000000, inc_y_i = 1.000000
updated: dy = 251.000000, dx = 1.000000
avances rectos: inc_x_r = 0.000000, inc_y_r 1.000000
reupdated: dy = 1.000000, dx = 251.000000
avanceR = 2.000000, avance -249.000000, avanceI 2.000000
----------------------------------------
x = 485.000000, y = 385.000000
avance = -249.000000, avanceR = 2.000000, avanceI = 2.000000
inc_x_r = 0.000000, inc_y_r = 1.000000, inc_x_i = 1.000000, inc_y_i = 1.000000
En el else......

----------------------------------------
x = 485.000000, y = 386.000000
avance = -247.000000, avanceR = 2.000000, avanceI = 2.000000
inc_x_r = 0.000000, inc_y_r = 1.000000, inc_x_i = 1.000000, inc_y_i = 1.000000
En el else......

----------------------------------------
x = 485.000000, y = 387.000000
avance = -245.000000, avanceR = 2.000000, avanceI = 2.000000
inc_x_r = 0.000000, inc_y_r = 1.000000, inc_x_i = 1.000000, inc_y_i = 1.000000
En el else......

----------------------------------------
x = 485.000000, y = 388.000000
avance = -243.000000, avanceR = 2.000000, avanceI = 2.000000
inc_x_r = 0.000000, inc_y_r = 1.000000, inc_x_i = 1.000000, inc_y_i = 1.000000
En el else......

----------------------------------------
x = 485.000000, y = 389.000000
avance = -241.000000, avanceR = 2.000000, avanceI = 2.000000
inc_x_r = 0.000000, inc_y_r = 1.000000, inc_x_i = 1.000000, inc_y_i = 1.000000
En el else......

----------------------------------------
x = 485.000000, y = 390.000000
avance = -239.000000, avanceR = 2.000000, avanceI = 2.000000
inc_x_r = 0.000000, inc_y_r = 1.000000, inc_x_i = 1.000000, inc_y_i = 1.000000
En el else......

----------------------------------------
x = 485.000000, y = 391.000000
avance = -237.000000, avanceR = 2.000000, avanceI = 2.000000
inc_x_r = 0.000000, inc_y_r = 1.000000, inc_x_i = 1.000000, inc_y_i = 1.000000
En el else......

----------------------------------------
x = 485.000000, y = 392.000000
avance = -235.000000, avanceR = 2.000000, avanceI = 2.000000
inc_x_r = 0.000000, inc_y_r = 1.000000, inc_x_i = 1.000000, inc_y_i = 1.000000
En el else......

----------------------------------------
x = 485.000000, y = 393.000000
avance = -233.000000, avanceR = 2.000000, avanceI = 2.000000
inc_x_r = 0.000000, inc_y_r = 1.000000, inc_x_i = 1.000000, inc_y_i = 1.000000
En el else......

----------------------------------------
x = 485.000000, y = 394.000000
avance = -231.000000, avanceR = 2.000000, avanceI = 2.000000
inc_x_r = 0.000000, inc_y_r = 1.000000, inc_x_i = 1.000000, inc_y_i = 1.000000
En el else......

----------------------------------------
x = 485.000000, y = 395.000000
avance = -229.000000, avanceR = 2.000000, avanceI = 2.000000
inc_x_r = 0.000000, inc_y_r = 1.000000, inc_x_i = 1.000000, inc_y_i = 1.000000
En el else......

----------------------------------------
x = 485.000000, y = 396.000000
avance = -227.000000, avanceR = 2.000000, avanceI = 2.000000
inc_x_r = 0.000000, inc_y_r = 1.000000, inc_x_i = 1.000000, inc_y_i = 1.000000
En el else......

----------------------------------------
x = 485.000000, y = 397.000000
avance = -225.000000, avanceR = 2.000000, avanceI = 2.000000
inc_x_r = 0.000000, inc_y_r = 1.000000, inc_x_i = 1.000000, inc_y_i = 1.000000
En el else......

----------------------------------------
x = 485.000000, y = 398.000000
avance = -223.000000, avanceR = 2.000000, avanceI = 2.000000
inc_x_r = 0.000000, inc_y_r = 1.000000, inc_x_i = 1.000000, inc_y_i = 1.000000
En el else......

----------------------------------------
x = 485.000000, y = 399.000000
avance = -221.000000, avanceR = 2.000000, avanceI = 2.000000
inc_x_r = 0.000000, inc_y_r = 1.000000, inc_x_i = 1.000000, inc_y_i = 1.000000
En el else......

----------------------------------------
hora de salir del bucle mi pana


ENTRAMOS A BRESENHAMªªªª
x1 = 485.000000 - y1 = 385.000000 || x2 = 486.000000 - y2 = 636.000000
dy = 251.000000, dx = 1.000000
avances inclinados: inc_x_i = 1.000000, inc_y_i = 1.000000
updated: dy = 251.000000, dx = 1.000000
avances rectos: inc_x_r = 0.000000, inc_y_r 1.000000
reupdated: dy = 1.000000, dx = 251.000000
avanceR = 2.000000, avance -249.000000, avanceI 2.000000
----------------------------------------
x = 485.000000, y = 385.000000
avance = -249.000000, avanceR = 2.000000, avanceI = 2.000000
inc_x_r = 0.000000, inc_y_r = 1.000000, inc_x_i = 1.000000, inc_y_i = 1.000000
En el else......

----------------------------------------
x = 485.000000, y = 386.000000
avance = -247.000000, avanceR = 2.000000, avanceI = 2.000000
inc_x_r = 0.000000, inc_y_r = 1.000000, inc_x_i = 1.000000, inc_y_i = 1.000000
En el else......

----------------------------------------
x = 485.000000, y = 387.000000
avance = -245.000000, avanceR = 2.000000, avanceI = 2.000000
inc_x_r = 0.000000, inc_y_r = 1.000000, inc_x_i = 1.000000, inc_y_i = 1.000000
En el else......

----------------------------------------
x = 485.000000, y = 388.000000
avance = -243.000000, avanceR = 2.000000, avanceI = 2.000000
inc_x_r = 0.000000, inc_y_r = 1.000000, inc_x_i = 1.000000, inc_y_i = 1.000000
En el else......

----------------------------------------
x = 485.000000, y = 389.000000
avance = -241.000000, avanceR = 2.000000, avanceI = 2.000000
inc_x_r = 0.000000, inc_y_r = 1.000000, inc_x_i = 1.000000, inc_y_i = 1.000000
En el else......

----------------------------------------
x = 485.000000, y = 390.000000
avance = -239.000000, avanceR = 2.000000, avanceI = 2.000000
inc_x_r = 0.000000, inc_y_r = 1.000000, inc_x_i = 1.000000, inc_y_i = 1.000000
En el else......

----------------------------------------
x = 485.000000, y = 391.000000
avance = -237.000000, avanceR = 2.000000, avanceI = 2.000000
inc_x_r = 0.000000, inc_y_r = 1.000000, inc_x_i = 1.000000, inc_y_i = 1.000000
En el else......

----------------------------------------
x = 485.000000, y = 392.000000
avance = -235.000000, avanceR = 2.000000, avanceI = 2.000000
inc_x_r = 0.000000, inc_y_r = 1.000000, inc_x_i = 1.000000, inc_y_i = 1.000000
En el else......

----------------------------------------
x = 485.000000, y = 393.000000
avance = -233.000000, avanceR = 2.000000, avanceI = 2.000000
inc_x_r = 0.000000, inc_y_r = 1.000000, inc_x_i = 1.000000, inc_y_i = 1.000000
En el else......

----------------------------------------
x = 485.000000, y = 394.000000
avance = -231.000000, avanceR = 2.000000, avanceI = 2.000000
inc_x_r = 0.000000, inc_y_r = 1.000000, inc_x_i = 1.000000, inc_y_i = 1.000000
En el else......

----------------------------------------
x = 485.000000, y = 395.000000
avance = -229.000000, avanceR = 2.000000, avanceI = 2.000000
inc_x_r = 0.000000, inc_y_r = 1.000000, inc_x_i = 1.000000, inc_y_i = 1.000000
En el else......

----------------------------------------
x = 485.000000, y = 396.000000
avance = -227.000000, avanceR = 2.000000, avanceI = 2.000000
inc_x_r = 0.000000, inc_y_r = 1.000000, inc_x_i = 1.000000, inc_y_i = 1.000000
En el else......

----------------------------------------
x = 485.000000, y = 397.000000
avance = -225.000000, avanceR = 2.000000, avanceI = 2.000000
inc_x_r = 0.000000, inc_y_r = 1.000000, inc_x_i = 1.000000, inc_y_i = 1.000000
En el else......

----------------------------------------
x = 485.000000, y = 398.000000
avance = -223.000000, avanceR = 2.000000, avanceI = 2.000000
inc_x_r = 0.000000, inc_y_r = 1.000000, inc_x_i = 1.000000, inc_y_i = 1.000000
En el else......

----------------------------------------
x = 485.000000, y = 399.000000
avance = -221.000000, avanceR = 2.000000, avanceI = 2.000000
inc_x_r = 0.000000, inc_y_r = 1.000000, inc_x_i = 1.000000, inc_y_i = 1.000000
En el else......

----------------------------------------
hora de salir del bucle mi pana


ENTRAMOS A BRESENHAMªªªª
x1 = 485.000000 - y1 = 385.000000 || x2 = 486.000000 - y2 = 636.000000
dy = 251.000000, dx = 1.000000
avances inclinados: inc_x_i = 1.000000, inc_y_i = 1.000000
updated: dy = 251.000000, dx = 1.000000
avances rectos: inc_x_r = 0.000000, inc_y_r 1.000000
reupdated: dy = 1.000000, dx = 251.000000
avanceR = 2.000000, avance -249.000000, avanceI 2.000000
----------------------------------------
x = 485.000000, y = 385.000000
avance = -249.000000, avanceR = 2.000000, avanceI = 2.000000
inc_x_r = 0.000000, inc_y_r = 1.000000, inc_x_i = 1.000000, inc_y_i = 1.000000
En el else......

----------------------------------------
x = 485.000000, y = 386.000000
avance = -247.000000, avanceR = 2.000000, avanceI = 2.000000
inc_x_r = 0.000000, inc_y_r = 1.000000, inc_x_i = 1.000000, inc_y_i = 1.000000
En el else......

----------------------------------------
x = 485.000000, y = 387.000000
avance = -245.000000, avanceR = 2.000000, avanceI = 2.000000
inc_x_r = 0.000000, inc_y_r = 1.000000, inc_x_i = 1.000000, inc_y_i = 1.000000
En el else......

----------------------------------------
x = 485.000000, y = 388.000000
avance = -243.000000, avanceR = 2.000000, avanceI = 2.000000
inc_x_r = 0.000000, inc_y_r = 1.000000, inc_x_i = 1.000000, inc_y_i = 1.000000
En el else......

----------------------------------------
x = 485.000000, y = 389.000000
avance = -241.000000, avanceR = 2.000000, avanceI = 2.000000
inc_x_r = 0.000000, inc_y_r = 1.000000, inc_x_i = 1.000000, inc_y_i = 1.000000
En el else......

----------------------------------------
x = 485.000000, y = 390.000000
avance = -239.000000, avanceR = 2.000000, avanceI = 2.000000
inc_x_r = 0.000000, inc_y_r = 1.000000, inc_x_i = 1.000000, inc_y_i = 1.000000
En el else......

----------------------------------------
x = 485.000000, y = 391.000000
avance = -237.000000, avanceR = 2.000000, avanceI = 2.000000
inc_x_r = 0.000000, inc_y_r = 1.000000, inc_x_i = 1.000000, inc_y_i = 1.000000
En el else......

----------------------------------------
x = 485.000000, y = 392.000000
avance = -235.000000, avanceR = 2.000000, avanceI = 2.000000
inc_x_r = 0.000000, inc_y_r = 1.000000, inc_x_i = 1.000000, inc_y_i = 1.000000
En el else......

----------------------------------------
x = 485.000000, y = 393.000000
avance = -233.000000, avanceR = 2.000000, avanceI = 2.000000
inc_x_r = 0.000000, inc_y_r = 1.000000, inc_x_i = 1.000000, inc_y_i = 1.000000
En el else......

----------------------------------------
x = 485.000000, y = 394.000000
avance = -231.000000, avanceR = 2.000000, avanceI = 2.000000
inc_x_r = 0.000000, inc_y_r = 1.000000, inc_x_i = 1.000000, inc_y_i = 1.000000
En el else......

----------------------------------------
x = 485.000000, y = 395.000000
avance = -229.000000, avanceR = 2.000000, avanceI = 2.000000
inc_x_r = 0.000000, inc_y_r = 1.000000, inc_x_i = 1.000000, inc_y_i = 1.000000
En el else......

----------------------------------------
x = 485.000000, y = 396.000000
avance = -227.000000, avanceR = 2.000000, avanceI = 2.000000
inc_x_r = 0.000000, inc_y_r = 1.000000, inc_x_i = 1.000000, inc_y_i = 1.000000
En el else......

----------------------------------------
x = 485.000000, y = 397.000000
avance = -225.000000, avanceR = 2.000000, avanceI = 2.000000
inc_x_r = 0.000000, inc_y_r = 1.000000, inc_x_i = 1.000000, inc_y_i = 1.000000
En el else......

----------------------------------------
x = 485.000000, y = 398.000000
avance = -223.000000, avanceR = 2.000000, avanceI = 2.000000
inc_x_r = 0.000000, inc_y_r = 1.000000, inc_x_i = 1.000000, inc_y_i = 1.000000
En el else......

----------------------------------------
x = 485.000000, y = 399.000000
avance = -221.000000, avanceR = 2.000000, avanceI = 2.000000
inc_x_r = 0.000000, inc_y_r = 1.000000, inc_x_i = 1.000000, inc_y_i = 1.000000
En el else......

----------------------------------------
hora de salir del bucle mi pana


ENTRAMOS A BRESENHAMªªªª
x1 = 485.000000 - y1 = 385.000000 || x2 = 486.000000 - y2 = 636.000000
dy = 251.000000, dx = 1.000000
avances inclinados: inc_x_i = 1.000000, inc_y_i = 1.000000
updated: dy = 251.000000, dx = 1.000000
avances rectos: inc_x_r = 0.000000, inc_y_r 1.000000
reupdated: dy = 1.000000, dx = 251.000000
avanceR = 2.000000, avance -249.000000, avanceI 2.000000
----------------------------------------
x = 485.000000, y = 385.000000
avance = -249.000000, avanceR = 2.000000, avanceI = 2.000000
inc_x_r = 0.000000, inc_y_r = 1.000000, inc_x_i = 1.000000, inc_y_i = 1.000000
En el else......

----------------------------------------
x = 485.000000, y = 386.000000
avance = -247.000000, avanceR = 2.000000, avanceI = 2.000000
inc_x_r = 0.000000, inc_y_r = 1.000000, inc_x_i = 1.000000, inc_y_i = 1.000000
En el else......

----------------------------------------
x = 485.000000, y = 387.000000
avance = -245.000000, avanceR = 2.000000, avanceI = 2.000000
inc_x_r = 0.000000, inc_y_r = 1.000000, inc_x_i = 1.000000, inc_y_i = 1.000000
En el else......

----------------------------------------
x = 485.000000, y = 388.000000
avance = -243.000000, avanceR = 2.000000, avanceI = 2.000000
inc_x_r = 0.000000, inc_y_r = 1.000000, inc_x_i = 1.000000, inc_y_i = 1.000000
En el else......

----------------------------------------
x = 485.000000, y = 389.000000
avance = -241.000000, avanceR = 2.000000, avanceI = 2.000000
inc_x_r = 0.000000, inc_y_r = 1.000000, inc_x_i = 1.000000, inc_y_i = 1.000000
En el else......

----------------------------------------
x = 485.000000, y = 390.000000
avance = -239.000000, avanceR = 2.000000, avanceI = 2.000000
inc_x_r = 0.000000, inc_y_r = 1.000000, inc_x_i = 1.000000, inc_y_i = 1.000000
En el else......

----------------------------------------
x = 485.000000, y = 391.000000
avance = -237.000000, avanceR = 2.000000, avanceI = 2.000000
inc_x_r = 0.000000, inc_y_r = 1.000000, inc_x_i = 1.000000, inc_y_i = 1.000000
En el else......

----------------------------------------
x = 485.000000, y = 392.000000
avance = -235.000000, avanceR = 2.000000, avanceI = 2.000000
inc_x_r = 0.000000, inc_y_r = 1.000000, inc_x_i = 1.000000, inc_y_i = 1.000000
En el else......

----------------------------------------
x = 485.000000, y = 393.000000
avance = -233.000000, avanceR = 2.000000, avanceI = 2.000000
inc_x_r = 0.000000, inc_y_r = 1.000000, inc_x_i = 1.000000, inc_y_i = 1.000000
En el else......

----------------------------------------
x = 485.000000, y = 394.000000
avance = -231.000000, avanceR = 2.000000, avanceI = 2.000000
inc_x_r = 0.000000, inc_y_r = 1.000000, inc_x_i = 1.000000, inc_y_i = 1.000000
En el else......

----------------------------------------
x = 485.000000, y = 395.000000
avance = -229.000000, avanceR = 2.000000, avanceI = 2.000000
inc_x_r = 0.000000, inc_y_r = 1.000000, inc_x_i = 1.000000, inc_y_i = 1.000000
En el else......

----------------------------------------
x = 485.000000, y = 396.000000
avance = -227.000000, avanceR = 2.000000, avanceI = 2.000000
inc_x_r = 0.000000, inc_y_r = 1.000000, inc_x_i = 1.000000, inc_y_i = 1.000000
En el else......

----------------------------------------
x = 485.000000, y = 397.000000
avance = -225.000000, avanceR = 2.000000, avanceI = 2.000000
inc_x_r = 0.000000, inc_y_r = 1.000000, inc_x_i = 1.000000, inc_y_i = 1.000000
En el else......

----------------------------------------
x = 485.000000, y = 398.000000
avance = -223.000000, avanceR = 2.000000, avanceI = 2.000000
inc_x_r = 0.000000, inc_y_r = 1.000000, inc_x_i = 1.000000, inc_y_i = 1.000000
En el else......

----------------------------------------
x = 485.000000, y = 399.000000
avance = -221.000000, avanceR = 2.000000, avanceI = 2.000000
inc_x_r = 0.000000, inc_y_r = 1.000000, inc_x_i = 1.000000, inc_y_i = 1.000000
En el else......

----------------------------------------
hora de salir del bucle mi pana


ENTRAMOS A BRESENHAMªªªª
x1 = 485.000000 - y1 = 385.000000 || x2 = 486.000000 - y2 = 636.000000
dy = 251.000000, dx = 1.000000
avances inclinados: inc_x_i = 1.000000, inc_y_i = 1.000000
updated: dy = 251.000000, dx = 1.000000
avances rectos: inc_x_r = 0.000000, inc_y_r 1.000000
reupdated: dy = 1.000000, dx = 251.000000
avanceR = 2.000000, avance -249.000000, avanceI 2.000000
----------------------------------------
x = 485.000000, y = 385.000000
avance = -249.000000, avanceR = 2.000000, avanceI = 2.000000
inc_x_r = 0.000000, inc_y_r = 1.000000, inc_x_i = 1.000000, inc_y_i = 1.000000
En el else......

----------------------------------------
x = 485.000000, y = 386.000000
avance = -247.000000, avanceR = 2.000000, avanceI = 2.000000
inc_x_r = 0.000000, inc_y_r = 1.000000, inc_x_i = 1.000000, inc_y_i = 1.000000
En el else......

----------------------------------------
x = 485.000000, y = 387.000000
avance = -245.000000, avanceR = 2.000000, avanceI = 2.000000
inc_x_r = 0.000000, inc_y_r = 1.000000, inc_x_i = 1.000000, inc_y_i = 1.000000
En el else......

----------------------------------------
x = 485.000000, y = 388.000000
avance = -243.000000, avanceR = 2.000000, avanceI = 2.000000
inc_x_r = 0.000000, inc_y_r = 1.000000, inc_x_i = 1.000000, inc_y_i = 1.000000
En el else......

----------------------------------------
x = 485.000000, y = 389.000000
avance = -241.000000, avanceR = 2.000000, avanceI = 2.000000
inc_x_r = 0.000000, inc_y_r = 1.000000, inc_x_i = 1.000000, inc_y_i = 1.000000
En el else......

----------------------------------------
x = 485.000000, y = 390.000000
avance = -239.000000, avanceR = 2.000000, avanceI = 2.000000
inc_x_r = 0.000000, inc_y_r = 1.000000, inc_x_i = 1.000000, inc_y_i = 1.000000
En el else......

----------------------------------------
x = 485.000000, y = 391.000000
avance = -237.000000, avanceR = 2.000000, avanceI = 2.000000
inc_x_r = 0.000000, inc_y_r = 1.000000, inc_x_i = 1.000000, inc_y_i = 1.000000
En el else......

----------------------------------------
x = 485.000000, y = 392.000000
avance = -235.000000, avanceR = 2.000000, avanceI = 2.000000
inc_x_r = 0.000000, inc_y_r = 1.000000, inc_x_i = 1.000000, inc_y_i = 1.000000
En el else......

----------------------------------------
x = 485.000000, y = 393.000000
avance = -233.000000, avanceR = 2.000000, avanceI = 2.000000
inc_x_r = 0.000000, inc_y_r = 1.000000, inc_x_i = 1.000000, inc_y_i = 1.000000
En el else......

----------------------------------------
x = 485.000000, y = 394.000000
avance = -231.000000, avanceR = 2.000000, avanceI = 2.000000
inc_x_r = 0.000000, inc_y_r = 1.000000, inc_x_i = 1.000000, inc_y_i = 1.000000
En el else......

----------------------------------------
x = 485.000000, y = 395.000000
avance = -229.000000, avanceR = 2.000000, avanceI = 2.000000
inc_x_r = 0.000000, inc_y_r = 1.000000, inc_x_i = 1.000000, inc_y_i = 1.000000
En el else......

----------------------------------------
x = 485.000000, y = 396.000000
avance = -227.000000, avanceR = 2.000000, avanceI = 2.000000
inc_x_r = 0.000000, inc_y_r = 1.000000, inc_x_i = 1.000000, inc_y_i = 1.000000
En el else......

----------------------------------------
x = 485.000000, y = 397.000000
avance = -225.000000, avanceR = 2.000000, avanceI = 2.000000
inc_x_r = 0.000000, inc_y_r = 1.000000, inc_x_i = 1.000000, inc_y_i = 1.000000
En el else......

----------------------------------------
x = 485.000000, y = 398.000000
avance = -223.000000, avanceR = 2.000000, avanceI = 2.000000
inc_x_r = 0.000000, inc_y_r = 1.000000, inc_x_i = 1.000000, inc_y_i = 1.000000
En el else......

----------------------------------------
x = 485.000000, y = 399.000000
avance = -221.000000, avanceR = 2.000000, avanceI = 2.000000
inc_x_r = 0.000000, inc_y_r = 1.000000, inc_x_i = 1.000000, inc_y_i = 1.000000
En el else......

----------------------------------------
hora de salir del bucle mi pana


ENTRAMOS A BRESENHAMªªªª
x1 = 485.000000 - y1 = 385.000000 || x2 = 486.000000 - y2 = 636.000000
dy = 251.000000, dx = 1.000000
avances inclinados: inc_x_i = 1.000000, inc_y_i = 1.000000
updated: dy = 251.000000, dx = 1.000000
avances rectos: inc_x_r = 0.000000, inc_y_r 1.000000
reupdated: dy = 1.000000, dx = 251.000000
avanceR = 2.000000, avance -249.000000, avanceI 2.000000
----------------------------------------
x = 485.000000, y = 385.000000
avance = -249.000000, avanceR = 2.000000, avanceI = 2.000000
inc_x_r = 0.000000, inc_y_r = 1.000000, inc_x_i = 1.000000, inc_y_i = 1.000000
En el else......

----------------------------------------
x = 485.000000, y = 386.000000
avance = -247.000000, avanceR = 2.000000, avanceI = 2.000000
inc_x_r = 0.000000, inc_y_r = 1.000000, inc_x_i = 1.000000, inc_y_i = 1.000000
En el else......

----------------------------------------
x = 485.000000, y = 387.000000
avance = -245.000000, avanceR = 2.000000, avanceI = 2.000000
inc_x_r = 0.000000, inc_y_r = 1.000000, inc_x_i = 1.000000, inc_y_i = 1.000000
En el else......

----------------------------------------
x = 485.000000, y = 388.000000
avance = -243.000000, avanceR = 2.000000, avanceI = 2.000000
inc_x_r = 0.000000, inc_y_r = 1.000000, inc_x_i = 1.000000, inc_y_i = 1.000000
En el else......

----------------------------------------
x = 485.000000, y = 389.000000
avance = -241.000000, avanceR = 2.000000, avanceI = 2.000000
inc_x_r = 0.000000, inc_y_r = 1.000000, inc_x_i = 1.000000, inc_y_i = 1.000000
En el else......

----------------------------------------
x = 485.000000, y = 390.000000
avance = -239.000000, avanceR = 2.000000, avanceI = 2.000000
inc_x_r = 0.000000, inc_y_r = 1.000000, inc_x_i = 1.000000, inc_y_i = 1.000000
En el else......

----------------------------------------
x = 485.000000, y = 391.000000
avance = -237.000000, avanceR = 2.000000, avanceI = 2.000000
inc_x_r = 0.000000, inc_y_r = 1.000000, inc_x_i = 1.000000, inc_y_i = 1.000000
En el else......

----------------------------------------
x = 485.000000, y = 392.000000
avance = -235.000000, avanceR = 2.000000, avanceI = 2.000000
inc_x_r = 0.000000, inc_y_r = 1.000000, inc_x_i = 1.000000, inc_y_i = 1.000000
En el else......

----------------------------------------
x = 485.000000, y = 393.000000
avance = -233.000000, avanceR = 2.000000, avanceI = 2.000000
inc_x_r = 0.000000, inc_y_r = 1.000000, inc_x_i = 1.000000, inc_y_i = 1.000000
En el else......

----------------------------------------
x = 485.000000, y = 394.000000
avance = -231.000000, avanceR = 2.000000, avanceI = 2.000000
inc_x_r = 0.000000, inc_y_r = 1.000000, inc_x_i = 1.000000, inc_y_i = 1.000000
En el else......

----------------------------------------
x = 485.000000, y = 395.000000
avance = -229.000000, avanceR = 2.000000, avanceI = 2.000000
inc_x_r = 0.000000, inc_y_r = 1.000000, inc_x_i = 1.000000, inc_y_i = 1.000000
En el else......

----------------------------------------
x = 485.000000, y = 396.000000
avance = -227.000000, avanceR = 2.000000, avanceI = 2.000000
inc_x_r = 0.000000, inc_y_r = 1.000000, inc_x_i = 1.000000, inc_y_i = 1.000000
En el else......

----------------------------------------
x = 485.000000, y = 397.000000
avance = -225.000000, avanceR = 2.000000, avanceI = 2.000000
inc_x_r = 0.000000, inc_y_r = 1.000000, inc_x_i = 1.000000, inc_y_i = 1.000000
En el else......

----------------------------------------
x = 485.000000, y = 398.000000
avance = -223.000000, avanceR = 2.000000, avanceI = 2.000000
inc_x_r = 0.000000, inc_y_r = 1.000000, inc_x_i = 1.000000, inc_y_i = 1.000000
En el else......

----------------------------------------
x = 485.000000, y = 399.000000
avance = -221.000000, avanceR = 2.000000, avanceI = 2.000000
inc_x_r = 0.000000, inc_y_r = 1.000000, inc_x_i = 1.000000, inc_y_i = 1.000000
En el else......

----------------------------------------
hora de salir del bucle mi pana


ENTRAMOS A BRESENHAMªªªª
x1 = 485.000000 - y1 = 385.000000 || x2 = 486.000000 - y2 = 636.000000
dy = 251.000000, dx = 1.000000
avances inclinados: inc_x_i = 1.000000, inc_y_i = 1.000000
updated: dy = 251.000000, dx = 1.000000
avances rectos: inc_x_r = 0.000000, inc_y_r 1.000000
reupdated: dy = 1.000000, dx = 251.000000
avanceR = 2.000000, avance -249.000000, avanceI 2.000000
----------------------------------------
x = 485.000000, y = 385.000000
avance = -249.000000, avanceR = 2.000000, avanceI = 2.000000
inc_x_r = 0.000000, inc_y_r = 1.000000, inc_x_i = 1.000000, inc_y_i = 1.000000
En el else......

----------------------------------------
x = 485.000000, y = 386.000000
avance = -247.000000, avanceR = 2.000000, avanceI = 2.000000
inc_x_r = 0.000000, inc_y_r = 1.000000, inc_x_i = 1.000000, inc_y_i = 1.000000
En el else......

----------------------------------------
x = 485.000000, y = 387.000000
avance = -245.000000, avanceR = 2.000000, avanceI = 2.000000
inc_x_r = 0.000000, inc_y_r = 1.000000, inc_x_i = 1.000000, inc_y_i = 1.000000
En el else......

----------------------------------------
x = 485.000000, y = 388.000000
avance = -243.000000, avanceR = 2.000000, avanceI = 2.000000
inc_x_r = 0.000000, inc_y_r = 1.000000, inc_x_i = 1.000000, inc_y_i = 1.000000
En el else......

----------------------------------------
x = 485.000000, y = 389.000000
avance = -241.000000, avanceR = 2.000000, avanceI = 2.000000
inc_x_r = 0.000000, inc_y_r = 1.000000, inc_x_i = 1.000000, inc_y_i = 1.000000
En el else......

----------------------------------------
x = 485.000000, y = 390.000000
avance = -239.000000, avanceR = 2.000000, avanceI = 2.000000
inc_x_r = 0.000000, inc_y_r = 1.000000, inc_x_i = 1.000000, inc_y_i = 1.000000
En el else......

----------------------------------------
x = 485.000000, y = 391.000000
avance = -237.000000, avanceR = 2.000000, avanceI = 2.000000
inc_x_r = 0.000000, inc_y_r = 1.000000, inc_x_i = 1.000000, inc_y_i = 1.000000
En el else......

----------------------------------------
x = 485.000000, y = 392.000000
avance = -235.000000, avanceR = 2.000000, avanceI = 2.000000
inc_x_r = 0.000000, inc_y_r = 1.000000, inc_x_i = 1.000000, inc_y_i = 1.000000
En el else......

----------------------------------------
x = 485.000000, y = 393.000000
avance = -233.000000, avanceR = 2.000000, avanceI = 2.000000
inc_x_r = 0.000000, inc_y_r = 1.000000, inc_x_i = 1.000000, inc_y_i = 1.000000
En el else......

----------------------------------------
x = 485.000000, y = 394.000000
avance = -231.000000, avanceR = 2.000000, avanceI = 2.000000
inc_x_r = 0.000000, inc_y_r = 1.000000, inc_x_i = 1.000000, inc_y_i = 1.000000
En el else......

----------------------------------------
x = 485.000000, y = 395.000000
avance = -229.000000, avanceR = 2.000000, avanceI = 2.000000
inc_x_r = 0.000000, inc_y_r = 1.000000, inc_x_i = 1.000000, inc_y_i = 1.000000
En el else......

----------------------------------------
x = 485.000000, y = 396.000000
avance = -227.000000, avanceR = 2.000000, avanceI = 2.000000
inc_x_r = 0.000000, inc_y_r = 1.000000, inc_x_i = 1.000000, inc_y_i = 1.000000
En el else......

----------------------------------------
x = 485.000000, y = 397.000000
avance = -225.000000, avanceR = 2.000000, avanceI = 2.000000
inc_x_r = 0.000000, inc_y_r = 1.000000, inc_x_i = 1.000000, inc_y_i = 1.000000
En el else......

----------------------------------------
x = 485.000000, y = 398.000000
avance = -223.000000, avanceR = 2.000000, avanceI = 2.000000
inc_x_r = 0.000000, inc_y_r = 1.000000, inc_x_i = 1.000000, inc_y_i = 1.000000
En el else......

----------------------------------------
x = 485.000000, y = 399.000000
avance = -221.000000, avanceR = 2.000000, avanceI = 2.000000
inc_x_r = 0.000000, inc_y_r = 1.000000, inc_x_i = 1.000000, inc_y_i = 1.000000
En el else......

----------------------------------------
hora de salir del bucle mi pana


ENTRAMOS A BRESENHAMªªªª
x1 = 485.000000 - y1 = 385.000000 || x2 = 486.000000 - y2 = 636.000000
dy = 251.000000, dx = 1.000000
avances inclinados: inc_x_i = 1.000000, inc_y_i = 1.000000
updated: dy = 251.000000, dx = 1.000000
avances rectos: inc_x_r = 0.000000, inc_y_r 1.000000
reupdated: dy = 1.000000, dx = 251.000000
avanceR = 2.000000, avance -249.000000, avanceI 2.000000
----------------------------------------
x = 485.000000, y = 385.000000
avance = -249.000000, avanceR = 2.000000, avanceI = 2.000000
inc_x_r = 0.000000, inc_y_r = 1.000000, inc_x_i = 1.000000, inc_y_i = 1.000000
En el else......

----------------------------------------
x = 485.000000, y = 386.000000
avance = -247.000000, avanceR = 2.000000, avanceI = 2.000000
inc_x_r = 0.000000, inc_y_r = 1.000000, inc_x_i = 1.000000, inc_y_i = 1.000000
En el else......

----------------------------------------
x = 485.000000, y = 387.000000
avance = -245.000000, avanceR = 2.000000, avanceI = 2.000000
inc_x_r = 0.000000, inc_y_r = 1.000000, inc_x_i = 1.000000, inc_y_i = 1.000000
En el else......

----------------------------------------
x = 485.000000, y = 388.000000
avance = -243.000000, avanceR = 2.000000, avanceI = 2.000000
inc_x_r = 0.000000, inc_y_r = 1.000000, inc_x_i = 1.000000, inc_y_i = 1.000000
En el else......

----------------------------------------
x = 485.000000, y = 389.000000
avance = -241.000000, avanceR = 2.000000, avanceI = 2.000000
inc_x_r = 0.000000, inc_y_r = 1.000000, inc_x_i = 1.000000, inc_y_i = 1.000000
En el else......

----------------------------------------
x = 485.000000, y = 390.000000
avance = -239.000000, avanceR = 2.000000, avanceI = 2.000000
inc_x_r = 0.000000, inc_y_r = 1.000000, inc_x_i = 1.000000, inc_y_i = 1.000000
En el else......

----------------------------------------
x = 485.000000, y = 391.000000
avance = -237.000000, avanceR = 2.000000, avanceI = 2.000000
inc_x_r = 0.000000, inc_y_r = 1.000000, inc_x_i = 1.000000, inc_y_i = 1.000000
En el else......

----------------------------------------
x = 485.000000, y = 392.000000
avance = -235.000000, avanceR = 2.000000, avanceI = 2.000000
inc_x_r = 0.000000, inc_y_r = 1.000000, inc_x_i = 1.000000, inc_y_i = 1.000000
En el else......

----------------------------------------
x = 485.000000, y = 393.000000
avance = -233.000000, avanceR = 2.000000, avanceI = 2.000000
inc_x_r = 0.000000, inc_y_r = 1.000000, inc_x_i = 1.000000, inc_y_i = 1.000000
En el else......

----------------------------------------
x = 485.000000, y = 394.000000
avance = -231.000000, avanceR = 2.000000, avanceI = 2.000000
inc_x_r = 0.000000, inc_y_r = 1.000000, inc_x_i = 1.000000, inc_y_i = 1.000000
En el else......

----------------------------------------
x = 485.000000, y = 395.000000
avance = -229.000000, avanceR = 2.000000, avanceI = 2.000000
inc_x_r = 0.000000, inc_y_r = 1.000000, inc_x_i = 1.000000, inc_y_i = 1.000000
En el else......

----------------------------------------
x = 485.000000, y = 396.000000
avance = -227.000000, avanceR = 2.000000, avanceI = 2.000000
inc_x_r = 0.000000, inc_y_r = 1.000000, inc_x_i = 1.000000, inc_y_i = 1.000000
En el else......

----------------------------------------
x = 485.000000, y = 397.000000
avance = -225.000000, avanceR = 2.000000, avanceI = 2.000000
inc_x_r = 0.000000, inc_y_r = 1.000000, inc_x_i = 1.000000, inc_y_i = 1.000000
En el else......

----------------------------------------
x = 485.000000, y = 398.000000
avance = -223.000000, avanceR = 2.000000, avanceI = 2.000000
inc_x_r = 0.000000, inc_y_r = 1.000000, inc_x_i = 1.000000, inc_y_i = 1.000000
En el else......

----------------------------------------
x = 485.000000, y = 399.000000
avance = -221.000000, avanceR = 2.000000, avanceI = 2.000000
inc_x_r = 0.000000, inc_y_r = 1.000000, inc_x_i = 1.000000, inc_y_i = 1.000000
En el else......

----------------------------------------
hora de salir del bucle mi pana


ENTRAMOS A BRESENHAMªªªª
x1 = 485.000000 - y1 = 385.000000 || x2 = 486.000000 - y2 = 636.000000
dy = 251.000000, dx = 1.000000
avances inclinados: inc_x_i = 1.000000, inc_y_i = 1.000000
updated: dy = 251.000000, dx = 1.000000
avances rectos: inc_x_r = 0.000000, inc_y_r 1.000000
reupdated: dy = 1.000000, dx = 251.000000
avanceR = 2.000000, avance -249.000000, avanceI 2.000000
----------------------------------------
x = 485.000000, y = 385.000000
avance = -249.000000, avanceR = 2.000000, avanceI = 2.000000
inc_x_r = 0.000000, inc_y_r = 1.000000, inc_x_i = 1.000000, inc_y_i = 1.000000
En el else......

----------------------------------------
x = 485.000000, y = 386.000000
avance = -247.000000, avanceR = 2.000000, avanceI = 2.000000
inc_x_r = 0.000000, inc_y_r = 1.000000, inc_x_i = 1.000000, inc_y_i = 1.000000
En el else......

----------------------------------------
x = 485.000000, y = 387.000000
avance = -245.000000, avanceR = 2.000000, avanceI = 2.000000
inc_x_r = 0.000000, inc_y_r = 1.000000, inc_x_i = 1.000000, inc_y_i = 1.000000
En el else......

----------------------------------------
x = 485.000000, y = 388.000000
avance = -243.000000, avanceR = 2.000000, avanceI = 2.000000
inc_x_r = 0.000000, inc_y_r = 1.000000, inc_x_i = 1.000000, inc_y_i = 1.000000
En el else......

----------------------------------------
x = 485.000000, y = 389.000000
avance = -241.000000, avanceR = 2.000000, avanceI = 2.000000
inc_x_r = 0.000000, inc_y_r = 1.000000, inc_x_i = 1.000000, inc_y_i = 1.000000
En el else......

----------------------------------------
x = 485.000000, y = 390.000000
avance = -239.000000, avanceR = 2.000000, avanceI = 2.000000
inc_x_r = 0.000000, inc_y_r = 1.000000, inc_x_i = 1.000000, inc_y_i = 1.000000
En el else......

----------------------------------------
x = 485.000000, y = 391.000000
avance = -237.000000, avanceR = 2.000000, avanceI = 2.000000
inc_x_r = 0.000000, inc_y_r = 1.000000, inc_x_i = 1.000000, inc_y_i = 1.000000
En el else......

----------------------------------------
x = 485.000000, y = 392.000000
avance = -235.000000, avanceR = 2.000000, avanceI = 2.000000
inc_x_r = 0.000000, inc_y_r = 1.000000, inc_x_i = 1.000000, inc_y_i = 1.000000
En el else......

----------------------------------------
x = 485.000000, y = 393.000000
avance = -233.000000, avanceR = 2.000000, avanceI = 2.000000
inc_x_r = 0.000000, inc_y_r = 1.000000, inc_x_i = 1.000000, inc_y_i = 1.000000
En el else......

----------------------------------------
x = 485.000000, y = 394.000000
avance = -231.000000, avanceR = 2.000000, avanceI = 2.000000
inc_x_r = 0.000000, inc_y_r = 1.000000, inc_x_i = 1.000000, inc_y_i = 1.000000
En el else......

----------------------------------------
x = 485.000000, y = 395.000000
avance = -229.000000, avanceR = 2.000000, avanceI = 2.000000
inc_x_r = 0.000000, inc_y_r = 1.000000, inc_x_i = 1.000000, inc_y_i = 1.000000
En el else......

----------------------------------------
x = 485.000000, y = 396.000000
avance = -227.000000, avanceR = 2.000000, avanceI = 2.000000
inc_x_r = 0.000000, inc_y_r = 1.000000, inc_x_i = 1.000000, inc_y_i = 1.000000
En el else......

----------------------------------------
x = 485.000000, y = 397.000000
avance = -225.000000, avanceR = 2.000000, avanceI = 2.000000
inc_x_r = 0.000000, inc_y_r = 1.000000, inc_x_i = 1.000000, inc_y_i = 1.000000
En el else......

----------------------------------------
x = 485.000000, y = 398.000000
avance = -223.000000, avanceR = 2.000000, avanceI = 2.000000
inc_x_r = 0.000000, inc_y_r = 1.000000, inc_x_i = 1.000000, inc_y_i = 1.000000
En el else......

----------------------------------------
x = 485.000000, y = 399.000000
avance = -221.000000, avanceR = 2.000000, avanceI = 2.000000
inc_x_r = 0.000000, inc_y_r = 1.000000, inc_x_i = 1.000000, inc_y_i = 1.000000
En el else......

----------------------------------------
hora de salir del bucle mi pana


ENTRAMOS A BRESENHAMªªªª
x1 = 485.000000 - y1 = 385.000000 || x2 = 486.000000 - y2 = 636.000000
dy = 251.000000, dx = 1.000000
avances inclinados: inc_x_i = 1.000000, inc_y_i = 1.000000
updated: dy = 251.000000, dx = 1.000000
avances rectos: inc_x_r = 0.000000, inc_y_r 1.000000
reupdated: dy = 1.000000, dx = 251.000000
avanceR = 2.000000, avance -249.000000, avanceI 2.000000
----------------------------------------
x = 485.000000, y = 385.000000
avance = -249.000000, avanceR = 2.000000, avanceI = 2.000000
inc_x_r = 0.000000, inc_y_r = 1.000000, inc_x_i = 1.000000, inc_y_i = 1.000000
En el else......

----------------------------------------
x = 485.000000, y = 386.000000
avance = -247.000000, avanceR = 2.000000, avanceI = 2.000000
inc_x_r = 0.000000, inc_y_r = 1.000000, inc_x_i = 1.000000, inc_y_i = 1.000000
En el else......

----------------------------------------
x = 485.000000, y = 387.000000
avance = -245.000000, avanceR = 2.000000, avanceI = 2.000000
inc_x_r = 0.000000, inc_y_r = 1.000000, inc_x_i = 1.000000, inc_y_i = 1.000000
En el else......

----------------------------------------
x = 485.000000, y = 388.000000
avance = -243.000000, avanceR = 2.000000, avanceI = 2.000000
inc_x_r = 0.000000, inc_y_r = 1.000000, inc_x_i = 1.000000, inc_y_i = 1.000000
En el else......

----------------------------------------
x = 485.000000, y = 389.000000
avance = -241.000000, avanceR = 2.000000, avanceI = 2.000000
inc_x_r = 0.000000, inc_y_r = 1.000000, inc_x_i = 1.000000, inc_y_i = 1.000000
En el else......

----------------------------------------
x = 485.000000, y = 390.000000
avance = -239.000000, avanceR = 2.000000, avanceI = 2.000000
inc_x_r = 0.000000, inc_y_r = 1.000000, inc_x_i = 1.000000, inc_y_i = 1.000000
En el else......

----------------------------------------
x = 485.000000, y = 391.000000
avance = -237.000000, avanceR = 2.000000, avanceI = 2.000000
inc_x_r = 0.000000, inc_y_r = 1.000000, inc_x_i = 1.000000, inc_y_i = 1.000000
En el else......

----------------------------------------
x = 485.000000, y = 392.000000
avance = -235.000000, avanceR = 2.000000, avanceI = 2.000000
inc_x_r = 0.000000, inc_y_r = 1.000000, inc_x_i = 1.000000, inc_y_i = 1.000000
En el else......

----------------------------------------
x = 485.000000, y = 393.000000
avance = -233.000000, avanceR = 2.000000, avanceI = 2.000000
inc_x_r = 0.000000, inc_y_r = 1.000000, inc_x_i = 1.000000, inc_y_i = 1.000000
En el else......

----------------------------------------
x = 485.000000, y = 394.000000
avance = -231.000000, avanceR = 2.000000, avanceI = 2.000000
inc_x_r = 0.000000, inc_y_r = 1.000000, inc_x_i = 1.000000, inc_y_i = 1.000000
En el else......

----------------------------------------
x = 485.000000, y = 395.000000
avance = -229.000000, avanceR = 2.000000, avanceI = 2.000000
inc_x_r = 0.000000, inc_y_r = 1.000000, inc_x_i = 1.000000, inc_y_i = 1.000000
En el else......

----------------------------------------
x = 485.000000, y = 396.000000
avance = -227.000000, avanceR = 2.000000, avanceI = 2.000000
inc_x_r = 0.000000, inc_y_r = 1.000000, inc_x_i = 1.000000, inc_y_i = 1.000000
En el else......

----------------------------------------
x = 485.000000, y = 397.000000
avance = -225.000000, avanceR = 2.000000, avanceI = 2.000000
inc_x_r = 0.000000, inc_y_r = 1.000000, inc_x_i = 1.000000, inc_y_i = 1.000000
En el else......

----------------------------------------
x = 485.000000, y = 398.000000
avance = -223.000000, avanceR = 2.000000, avanceI = 2.000000
inc_x_r = 0.000000, inc_y_r = 1.000000, inc_x_i = 1.000000, inc_y_i = 1.000000
En el else......

----------------------------------------
x = 485.000000, y = 399.000000
avance = -221.000000, avanceR = 2.000000, avanceI = 2.000000
inc_x_r = 0.000000, inc_y_r = 1.000000, inc_x_i = 1.000000, inc_y_i = 1.000000
En el else......

----------------------------------------
hora de salir del bucle mi pana


ENTRAMOS A BRESENHAMªªªª
x1 = 485.000000 - y1 = 385.000000 || x2 = 486.000000 - y2 = 636.000000
dy = 251.000000, dx = 1.000000
avances inclinados: inc_x_i = 1.000000, inc_y_i = 1.000000
updated: dy = 251.000000, dx = 1.000000
avances rectos: inc_x_r = 0.000000, inc_y_r 1.000000
reupdated: dy = 1.000000, dx = 251.000000
avanceR = 2.000000, avance -249.000000, avanceI 2.000000
----------------------------------------
x = 485.000000, y = 385.000000
avance = -249.000000, avanceR = 2.000000, avanceI = 2.000000
inc_x_r = 0.000000, inc_y_r = 1.000000, inc_x_i = 1.000000, inc_y_i = 1.000000
En el else......

----------------------------------------
x = 485.000000, y = 386.000000
avance = -247.000000, avanceR = 2.000000, avanceI = 2.000000
inc_x_r = 0.000000, inc_y_r = 1.000000, inc_x_i = 1.000000, inc_y_i = 1.000000
En el else......

----------------------------------------
x = 485.000000, y = 387.000000
avance = -245.000000, avanceR = 2.000000, avanceI = 2.000000
inc_x_r = 0.000000, inc_y_r = 1.000000, inc_x_i = 1.000000, inc_y_i = 1.000000
En el else......

----------------------------------------
x = 485.000000, y = 388.000000
avance = -243.000000, avanceR = 2.000000, avanceI = 2.000000
inc_x_r = 0.000000, inc_y_r = 1.000000, inc_x_i = 1.000000, inc_y_i = 1.000000
En el else......

----------------------------------------
x = 485.000000, y = 389.000000
avance = -241.000000, avanceR = 2.000000, avanceI = 2.000000
inc_x_r = 0.000000, inc_y_r = 1.000000, inc_x_i = 1.000000, inc_y_i = 1.000000
En el else......

----------------------------------------
x = 485.000000, y = 390.000000
avance = -239.000000, avanceR = 2.000000, avanceI = 2.000000
inc_x_r = 0.000000, inc_y_r = 1.000000, inc_x_i = 1.000000, inc_y_i = 1.000000
En el else......

----------------------------------------
x = 485.000000, y = 391.000000
avance = -237.000000, avanceR = 2.000000, avanceI = 2.000000
inc_x_r = 0.000000, inc_y_r = 1.000000, inc_x_i = 1.000000, inc_y_i = 1.000000
En el else......

----------------------------------------
x = 485.000000, y = 392.000000
avance = -235.000000, avanceR = 2.000000, avanceI = 2.000000
inc_x_r = 0.000000, inc_y_r = 1.000000, inc_x_i = 1.000000, inc_y_i = 1.000000
En el else......

----------------------------------------
x = 485.000000, y = 393.000000
avance = -233.000000, avanceR = 2.000000, avanceI = 2.000000
inc_x_r = 0.000000, inc_y_r = 1.000000, inc_x_i = 1.000000, inc_y_i = 1.000000
En el else......

----------------------------------------
x = 485.000000, y = 394.000000
avance = -231.000000, avanceR = 2.000000, avanceI = 2.000000
inc_x_r = 0.000000, inc_y_r = 1.000000, inc_x_i = 1.000000, inc_y_i = 1.000000
En el else......

----------------------------------------
x = 485.000000, y = 395.000000
avance = -229.000000, avanceR = 2.000000, avanceI = 2.000000
inc_x_r = 0.000000, inc_y_r = 1.000000, inc_x_i = 1.000000, inc_y_i = 1.000000
En el else......

----------------------------------------
x = 485.000000, y = 396.000000
avance = -227.000000, avanceR = 2.000000, avanceI = 2.000000
inc_x_r = 0.000000, inc_y_r = 1.000000, inc_x_i = 1.000000, inc_y_i = 1.000000
En el else......

----------------------------------------
x = 485.000000, y = 397.000000
avance = -225.000000, avanceR = 2.000000, avanceI = 2.000000
inc_x_r = 0.000000, inc_y_r = 1.000000, inc_x_i = 1.000000, inc_y_i = 1.000000
En el else......

----------------------------------------
x = 485.000000, y = 398.000000
avance = -223.000000, avanceR = 2.000000, avanceI = 2.000000
inc_x_r = 0.000000, inc_y_r = 1.000000, inc_x_i = 1.000000, inc_y_i = 1.000000
En el else......

----------------------------------------
x = 485.000000, y = 399.000000
avance = -221.000000, avanceR = 2.000000, avanceI = 2.000000
inc_x_r = 0.000000, inc_y_r = 1.000000, inc_x_i = 1.000000, inc_y_i = 1.000000
En el else......

----------------------------------------
hora de salir del bucle mi pana


ENTRAMOS A BRESENHAMªªªª
x1 = 485.000000 - y1 = 385.000000 || x2 = 486.000000 - y2 = 636.000000
dy = 251.000000, dx = 1.000000
avances inclinados: inc_x_i = 1.000000, inc_y_i = 1.000000
updated: dy = 251.000000, dx = 1.000000
avances rectos: inc_x_r = 0.000000, inc_y_r 1.000000
reupdated: dy = 1.000000, dx = 251.000000
avanceR = 2.000000, avance -249.000000, avanceI 2.000000
----------------------------------------
x = 485.000000, y = 385.000000
avance = -249.000000, avanceR = 2.000000, avanceI = 2.000000
inc_x_r = 0.000000, inc_y_r = 1.000000, inc_x_i = 1.000000, inc_y_i = 1.000000
En el else......

----------------------------------------
x = 485.000000, y = 386.000000
avance = -247.000000, avanceR = 2.000000, avanceI = 2.000000
inc_x_r = 0.000000, inc_y_r = 1.000000, inc_x_i = 1.000000, inc_y_i = 1.000000
En el else......

----------------------------------------
x = 485.000000, y = 387.000000
avance = -245.000000, avanceR = 2.000000, avanceI = 2.000000
inc_x_r = 0.000000, inc_y_r = 1.000000, inc_x_i = 1.000000, inc_y_i = 1.000000
En el else......

----------------------------------------
x = 485.000000, y = 388.000000
avance = -243.000000, avanceR = 2.000000, avanceI = 2.000000
inc_x_r = 0.000000, inc_y_r = 1.000000, inc_x_i = 1.000000, inc_y_i = 1.000000
En el else......

----------------------------------------
x = 485.000000, y = 389.000000
avance = -241.000000, avanceR = 2.000000, avanceI = 2.000000
inc_x_r = 0.000000, inc_y_r = 1.000000, inc_x_i = 1.000000, inc_y_i = 1.000000
En el else......

----------------------------------------
x = 485.000000, y = 390.000000
avance = -239.000000, avanceR = 2.000000, avanceI = 2.000000
inc_x_r = 0.000000, inc_y_r = 1.000000, inc_x_i = 1.000000, inc_y_i = 1.000000
En el else......

----------------------------------------
x = 485.000000, y = 391.000000
avance = -237.000000, avanceR = 2.000000, avanceI = 2.000000
inc_x_r = 0.000000, inc_y_r = 1.000000, inc_x_i = 1.000000, inc_y_i = 1.000000
En el else......

----------------------------------------
x = 485.000000, y = 392.000000
avance = -235.000000, avanceR = 2.000000, avanceI = 2.000000
inc_x_r = 0.000000, inc_y_r = 1.000000, inc_x_i = 1.000000, inc_y_i = 1.000000
En el else......

----------------------------------------
x = 485.000000, y = 393.000000
avance = -233.000000, avanceR = 2.000000, avanceI = 2.000000
inc_x_r = 0.000000, inc_y_r = 1.000000, inc_x_i = 1.000000, inc_y_i = 1.000000
En el else......

----------------------------------------
x = 485.000000, y = 394.000000
avance = -231.000000, avanceR = 2.000000, avanceI = 2.000000
inc_x_r = 0.000000, inc_y_r = 1.000000, inc_x_i = 1.000000, inc_y_i = 1.000000
En el else......

----------------------------------------
x = 485.000000, y = 395.000000
avance = -229.000000, avanceR = 2.000000, avanceI = 2.000000
inc_x_r = 0.000000, inc_y_r = 1.000000, inc_x_i = 1.000000, inc_y_i = 1.000000
En el else......

----------------------------------------
x = 485.000000, y = 396.000000
avance = -227.000000, avanceR = 2.000000, avanceI = 2.000000
inc_x_r = 0.000000, inc_y_r = 1.000000, inc_x_i = 1.000000, inc_y_i = 1.000000
En el else......

----------------------------------------
x = 485.000000, y = 397.000000
avance = -225.000000, avanceR = 2.000000, avanceI = 2.000000
inc_x_r = 0.000000, inc_y_r = 1.000000, inc_x_i = 1.000000, inc_y_i = 1.000000
En el else......

----------------------------------------
x = 485.000000, y = 398.000000
avance = -223.000000, avanceR = 2.000000, avanceI = 2.000000
inc_x_r = 0.000000, inc_y_r = 1.000000, inc_x_i = 1.000000, inc_y_i = 1.000000
En el else......

----------------------------------------
x = 485.000000, y = 399.000000
avance = -221.000000, avanceR = 2.000000, avanceI = 2.000000
inc_x_r = 0.000000, inc_y_r = 1.000000, inc_x_i = 1.000000, inc_y_i = 1.000000
En el else......

----------------------------------------
hora de salir del bucle mi pana


ENTRAMOS A BRESENHAMªªªª
x1 = 485.000000 - y1 = 385.000000 || x2 = 486.000000 - y2 = 636.000000
dy = 251.000000, dx = 1.000000
avances inclinados: inc_x_i = 1.000000, inc_y_i = 1.000000
updated: dy = 251.000000, dx = 1.000000
avances rectos: inc_x_r = 0.000000, inc_y_r 1.000000
reupdated: dy = 1.000000, dx = 251.000000
avanceR = 2.000000, avance -249.000000, avanceI 2.000000
----------------------------------------
x = 485.000000, y = 385.000000
avance = -249.000000, avanceR = 2.000000, avanceI = 2.000000
inc_x_r = 0.000000, inc_y_r = 1.000000, inc_x_i = 1.000000, inc_y_i = 1.000000
En el else......

----------------------------------------
x = 485.000000, y = 386.000000
avance = -247.000000, avanceR = 2.000000, avanceI = 2.000000
inc_x_r = 0.000000, inc_y_r = 1.000000, inc_x_i = 1.000000, inc_y_i = 1.000000
En el else......

----------------------------------------
x = 485.000000, y = 387.000000
avance = -245.000000, avanceR = 2.000000, avanceI = 2.000000
inc_x_r = 0.000000, inc_y_r = 1.000000, inc_x_i = 1.000000, inc_y_i = 1.000000
En el else......

----------------------------------------
x = 485.000000, y = 388.000000
avance = -243.000000, avanceR = 2.000000, avanceI = 2.000000
inc_x_r = 0.000000, inc_y_r = 1.000000, inc_x_i = 1.000000, inc_y_i = 1.000000
En el else......

----------------------------------------
x = 485.000000, y = 389.000000
avance = -241.000000, avanceR = 2.000000, avanceI = 2.000000
inc_x_r = 0.000000, inc_y_r = 1.000000, inc_x_i = 1.000000, inc_y_i = 1.000000
En el else......

----------------------------------------
x = 485.000000, y = 390.000000
avance = -239.000000, avanceR = 2.000000, avanceI = 2.000000
inc_x_r = 0.000000, inc_y_r = 1.000000, inc_x_i = 1.000000, inc_y_i = 1.000000
En el else......

----------------------------------------
x = 485.000000, y = 391.000000
avance = -237.000000, avanceR = 2.000000, avanceI = 2.000000
inc_x_r = 0.000000, inc_y_r = 1.000000, inc_x_i = 1.000000, inc_y_i = 1.000000
En el else......

----------------------------------------
x = 485.000000, y = 392.000000
avance = -235.000000, avanceR = 2.000000, avanceI = 2.000000
inc_x_r = 0.000000, inc_y_r = 1.000000, inc_x_i = 1.000000, inc_y_i = 1.000000
En el else......

----------------------------------------
x = 485.000000, y = 393.000000
avance = -233.000000, avanceR = 2.000000, avanceI = 2.000000
inc_x_r = 0.000000, inc_y_r = 1.000000, inc_x_i = 1.000000, inc_y_i = 1.000000
En el else......

----------------------------------------
x = 485.000000, y = 394.000000
avance = -231.000000, avanceR = 2.000000, avanceI = 2.000000
inc_x_r = 0.000000, inc_y_r = 1.000000, inc_x_i = 1.000000, inc_y_i = 1.000000
En el else......

----------------------------------------
x = 485.000000, y = 395.000000
avance = -229.000000, avanceR = 2.000000, avanceI = 2.000000
inc_x_r = 0.000000, inc_y_r = 1.000000, inc_x_i = 1.000000, inc_y_i = 1.000000
En el else......

----------------------------------------
x = 485.000000, y = 396.000000
avance = -227.000000, avanceR = 2.000000, avanceI = 2.000000
inc_x_r = 0.000000, inc_y_r = 1.000000, inc_x_i = 1.000000, inc_y_i = 1.000000
En el else......

----------------------------------------
x = 485.000000, y = 397.000000
avance = -225.000000, avanceR = 2.000000, avanceI = 2.000000
inc_x_r = 0.000000, inc_y_r = 1.000000, inc_x_i = 1.000000, inc_y_i = 1.000000
En el else......

----------------------------------------
x = 485.000000, y = 398.000000
avance = -223.000000, avanceR = 2.000000, avanceI = 2.000000
inc_x_r = 0.000000, inc_y_r = 1.000000, inc_x_i = 1.000000, inc_y_i = 1.000000
En el else......

----------------------------------------
x = 485.000000, y = 399.000000
avance = -221.000000, avanceR = 2.000000, avanceI = 2.000000
inc_x_r = 0.000000, inc_y_r = 1.000000, inc_x_i = 1.000000, inc_y_i = 1.000000
En el else......

----------------------------------------
hora de salir del bucle mi pana


ENTRAMOS A BRESENHAMªªªª
x1 = 475.000000 - y1 = 385.000000 || x2 = 476.000000 - y2 = 636.000000
dy = 251.000000, dx = 1.000000
avances inclinados: inc_x_i = 1.000000, inc_y_i = 1.000000
updated: dy = 251.000000, dx = 1.000000
avances rectos: inc_x_r = 0.000000, inc_y_r 1.000000
reupdated: dy = 1.000000, dx = 251.000000
avanceR = 2.000000, avance -249.000000, avanceI 2.000000
----------------------------------------
x = 475.000000, y = 385.000000
avance = -249.000000, avanceR = 2.000000, avanceI = 2.000000
inc_x_r = 0.000000, inc_y_r = 1.000000, inc_x_i = 1.000000, inc_y_i = 1.000000
En el else......

----------------------------------------
x = 475.000000, y = 386.000000
avance = -247.000000, avanceR = 2.000000, avanceI = 2.000000
inc_x_r = 0.000000, inc_y_r = 1.000000, inc_x_i = 1.000000, inc_y_i = 1.000000
En el else......

----------------------------------------
x = 475.000000, y = 387.000000
avance = -245.000000, avanceR = 2.000000, avanceI = 2.000000
inc_x_r = 0.000000, inc_y_r = 1.000000, inc_x_i = 1.000000, inc_y_i = 1.000000
En el else......

----------------------------------------
x = 475.000000, y = 388.000000
avance = -243.000000, avanceR = 2.000000, avanceI = 2.000000
inc_x_r = 0.000000, inc_y_r = 1.000000, inc_x_i = 1.000000, inc_y_i = 1.000000
En el else......

----------------------------------------
x = 475.000000, y = 389.000000
avance = -241.000000, avanceR = 2.000000, avanceI = 2.000000
inc_x_r = 0.000000, inc_y_r = 1.000000, inc_x_i = 1.000000, inc_y_i = 1.000000
En el else......

----------------------------------------
x = 475.000000, y = 390.000000
avance = -239.000000, avanceR = 2.000000, avanceI = 2.000000
inc_x_r = 0.000000, inc_y_r = 1.000000, inc_x_i = 1.000000, inc_y_i = 1.000000
En el else......

----------------------------------------
x = 475.000000, y = 391.000000
avance = -237.000000, avanceR = 2.000000, avanceI = 2.000000
inc_x_r = 0.000000, inc_y_r = 1.000000, inc_x_i = 1.000000, inc_y_i = 1.000000
En el else......

----------------------------------------
x = 475.000000, y = 392.000000
avance = -235.000000, avanceR = 2.000000, avanceI = 2.000000
inc_x_r = 0.000000, inc_y_r = 1.000000, inc_x_i = 1.000000, inc_y_i = 1.000000
En el else......

----------------------------------------
x = 475.000000, y = 393.000000
avance = -233.000000, avanceR = 2.000000, avanceI = 2.000000
inc_x_r = 0.000000, inc_y_r = 1.000000, inc_x_i = 1.000000, inc_y_i = 1.000000
En el else......

----------------------------------------
x = 475.000000, y = 394.000000
avance = -231.000000, avanceR = 2.000000, avanceI = 2.000000
inc_x_r = 0.000000, inc_y_r = 1.000000, inc_x_i = 1.000000, inc_y_i = 1.000000
En el else......

----------------------------------------
x = 475.000000, y = 395.000000
avance = -229.000000, avanceR = 2.000000, avanceI = 2.000000
inc_x_r = 0.000000, inc_y_r = 1.000000, inc_x_i = 1.000000, inc_y_i = 1.000000
En el else......

----------------------------------------
x = 475.000000, y = 396.000000
avance = -227.000000, avanceR = 2.000000, avanceI = 2.000000
inc_x_r = 0.000000, inc_y_r = 1.000000, inc_x_i = 1.000000, inc_y_i = 1.000000
En el else......

----------------------------------------
x = 475.000000, y = 397.000000
avance = -225.000000, avanceR = 2.000000, avanceI = 2.000000
inc_x_r = 0.000000, inc_y_r = 1.000000, inc_x_i = 1.000000, inc_y_i = 1.000000
En el else......

----------------------------------------
x = 475.000000, y = 398.000000
avance = -223.000000, avanceR = 2.000000, avanceI = 2.000000
inc_x_r = 0.000000, inc_y_r = 1.000000, inc_x_i = 1.000000, inc_y_i = 1.000000
En el else......

----------------------------------------
x = 475.000000, y = 399.000000
avance = -221.000000, avanceR = 2.000000, avanceI = 2.000000
inc_x_r = 0.000000, inc_y_r = 1.000000, inc_x_i = 1.000000, inc_y_i = 1.000000
En el else......

----------------------------------------
hora de salir del bucle mi pana


ENTRAMOS A BRESENHAMªªªª
x1 = 465.000000 - y1 = 385.000000 || x2 = 466.000000 - y2 = 636.000000
dy = 251.000000, dx = 1.000000
avances inclinados: inc_x_i = 1.000000, inc_y_i = 1.000000
updated: dy = 251.000000, dx = 1.000000
avances rectos: inc_x_r = 0.000000, inc_y_r 1.000000
reupdated: dy = 1.000000, dx = 251.000000
avanceR = 2.000000, avance -249.000000, avanceI 2.000000
----------------------------------------
x = 465.000000, y = 385.000000
avance = -249.000000, avanceR = 2.000000, avanceI = 2.000000
inc_x_r = 0.000000, inc_y_r = 1.000000, inc_x_i = 1.000000, inc_y_i = 1.000000
En el else......

----------------------------------------
x = 465.000000, y = 386.000000
avance = -247.000000, avanceR = 2.000000, avanceI = 2.000000
inc_x_r = 0.000000, inc_y_r = 1.000000, inc_x_i = 1.000000, inc_y_i = 1.000000
En el else......

----------------------------------------
x = 465.000000, y = 387.000000
avance = -245.000000, avanceR = 2.000000, avanceI = 2.000000
inc_x_r = 0.000000, inc_y_r = 1.000000, inc_x_i = 1.000000, inc_y_i = 1.000000
En el else......

----------------------------------------
x = 465.000000, y = 388.000000
avance = -243.000000, avanceR = 2.000000, avanceI = 2.000000
inc_x_r = 0.000000, inc_y_r = 1.000000, inc_x_i = 1.000000, inc_y_i = 1.000000
En el else......

----------------------------------------
x = 465.000000, y = 389.000000
avance = -241.000000, avanceR = 2.000000, avanceI = 2.000000
inc_x_r = 0.000000, inc_y_r = 1.000000, inc_x_i = 1.000000, inc_y_i = 1.000000
En el else......

----------------------------------------
x = 465.000000, y = 390.000000
avance = -239.000000, avanceR = 2.000000, avanceI = 2.000000
inc_x_r = 0.000000, inc_y_r = 1.000000, inc_x_i = 1.000000, inc_y_i = 1.000000
En el else......

----------------------------------------
x = 465.000000, y = 391.000000
avance = -237.000000, avanceR = 2.000000, avanceI = 2.000000
inc_x_r = 0.000000, inc_y_r = 1.000000, inc_x_i = 1.000000, inc_y_i = 1.000000
En el else......

----------------------------------------
x = 465.000000, y = 392.000000
avance = -235.000000, avanceR = 2.000000, avanceI = 2.000000
inc_x_r = 0.000000, inc_y_r = 1.000000, inc_x_i = 1.000000, inc_y_i = 1.000000
En el else......

----------------------------------------
x = 465.000000, y = 393.000000
avance = -233.000000, avanceR = 2.000000, avanceI = 2.000000
inc_x_r = 0.000000, inc_y_r = 1.000000, inc_x_i = 1.000000, inc_y_i = 1.000000
En el else......

----------------------------------------
x = 465.000000, y = 394.000000
avance = -231.000000, avanceR = 2.000000, avanceI = 2.000000
inc_x_r = 0.000000, inc_y_r = 1.000000, inc_x_i = 1.000000, inc_y_i = 1.000000
En el else......

----------------------------------------
x = 465.000000, y = 395.000000
avance = -229.000000, avanceR = 2.000000, avanceI = 2.000000
inc_x_r = 0.000000, inc_y_r = 1.000000, inc_x_i = 1.000000, inc_y_i = 1.000000
En el else......

----------------------------------------
x = 465.000000, y = 396.000000
avance = -227.000000, avanceR = 2.000000, avanceI = 2.000000
inc_x_r = 0.000000, inc_y_r = 1.000000, inc_x_i = 1.000000, inc_y_i = 1.000000
En el else......

----------------------------------------
x = 465.000000, y = 397.000000
avance = -225.000000, avanceR = 2.000000, avanceI = 2.000000
inc_x_r = 0.000000, inc_y_r = 1.000000, inc_x_i = 1.000000, inc_y_i = 1.000000
En el else......

----------------------------------------
x = 465.000000, y = 398.000000
avance = -223.000000, avanceR = 2.000000, avanceI = 2.000000
inc_x_r = 0.000000, inc_y_r = 1.000000, inc_x_i = 1.000000, inc_y_i = 1.000000
En el else......

----------------------------------------
x = 465.000000, y = 399.000000
avance = -221.000000, avanceR = 2.000000, avanceI = 2.000000
inc_x_r = 0.000000, inc_y_r = 1.000000, inc_x_i = 1.000000, inc_y_i = 1.000000
En el else......

----------------------------------------
hora de salir del bucle mi pana


ENTRAMOS A BRESENHAMªªªª
x1 = 455.000000 - y1 = 385.000000 || x2 = 456.000000 - y2 = 636.000000
dy = 251.000000, dx = 1.000000
avances inclinados: inc_x_i = 1.000000, inc_y_i = 1.000000
updated: dy = 251.000000, dx = 1.000000
avances rectos: inc_x_r = 0.000000, inc_y_r 1.000000
reupdated: dy = 1.000000, dx = 251.000000
avanceR = 2.000000, avance -249.000000, avanceI 2.000000
----------------------------------------
x = 455.000000, y = 385.000000
avance = -249.000000, avanceR = 2.000000, avanceI = 2.000000
inc_x_r = 0.000000, inc_y_r = 1.000000, inc_x_i = 1.000000, inc_y_i = 1.000000
En el else......

----------------------------------------
x = 455.000000, y = 386.000000
avance = -247.000000, avanceR = 2.000000, avanceI = 2.000000
inc_x_r = 0.000000, inc_y_r = 1.000000, inc_x_i = 1.000000, inc_y_i = 1.000000
En el else......

----------------------------------------
x = 455.000000, y = 387.000000
avance = -245.000000, avanceR = 2.000000, avanceI = 2.000000
inc_x_r = 0.000000, inc_y_r = 1.000000, inc_x_i = 1.000000, inc_y_i = 1.000000
En el else......

----------------------------------------
x = 455.000000, y = 388.000000
avance = -243.000000, avanceR = 2.000000, avanceI = 2.000000
inc_x_r = 0.000000, inc_y_r = 1.000000, inc_x_i = 1.000000, inc_y_i = 1.000000
En el else......

----------------------------------------
x = 455.000000, y = 389.000000
avance = -241.000000, avanceR = 2.000000, avanceI = 2.000000
inc_x_r = 0.000000, inc_y_r = 1.000000, inc_x_i = 1.000000, inc_y_i = 1.000000
En el else......

----------------------------------------
x = 455.000000, y = 390.000000
avance = -239.000000, avanceR = 2.000000, avanceI = 2.000000
inc_x_r = 0.000000, inc_y_r = 1.000000, inc_x_i = 1.000000, inc_y_i = 1.000000
En el else......

----------------------------------------
x = 455.000000, y = 391.000000
avance = -237.000000, avanceR = 2.000000, avanceI = 2.000000
inc_x_r = 0.000000, inc_y_r = 1.000000, inc_x_i = 1.000000, inc_y_i = 1.000000
En el else......

----------------------------------------
x = 455.000000, y = 392.000000
avance = -235.000000, avanceR = 2.000000, avanceI = 2.000000
inc_x_r = 0.000000, inc_y_r = 1.000000, inc_x_i = 1.000000, inc_y_i = 1.000000
En el else......

----------------------------------------
x = 455.000000, y = 393.000000
avance = -233.000000, avanceR = 2.000000, avanceI = 2.000000
inc_x_r = 0.000000, inc_y_r = 1.000000, inc_x_i = 1.000000, inc_y_i = 1.000000
En el else......

----------------------------------------
x = 455.000000, y = 394.000000
avance = -231.000000, avanceR = 2.000000, avanceI = 2.000000
inc_x_r = 0.000000, inc_y_r = 1.000000, inc_x_i = 1.000000, inc_y_i = 1.000000
En el else......

----------------------------------------
x = 455.000000, y = 395.000000
avance = -229.000000, avanceR = 2.000000, avanceI = 2.000000
inc_x_r = 0.000000, inc_y_r = 1.000000, inc_x_i = 1.000000, inc_y_i = 1.000000
En el else......

----------------------------------------
x = 455.000000, y = 396.000000
avance = -227.000000, avanceR = 2.000000, avanceI = 2.000000
inc_x_r = 0.000000, inc_y_r = 1.000000, inc_x_i = 1.000000, inc_y_i = 1.000000
En el else......

----------------------------------------
x = 455.000000, y = 397.000000
avance = -225.000000, avanceR = 2.000000, avanceI = 2.000000
inc_x_r = 0.000000, inc_y_r = 1.000000, inc_x_i = 1.000000, inc_y_i = 1.000000
En el else......

----------------------------------------
x = 455.000000, y = 398.000000
avance = -223.000000, avanceR = 2.000000, avanceI = 2.000000
inc_x_r = 0.000000, inc_y_r = 1.000000, inc_x_i = 1.000000, inc_y_i = 1.000000
En el else......

----------------------------------------
x = 455.000000, y = 399.000000
avance = -221.000000, avanceR = 2.000000, avanceI = 2.000000
inc_x_r = 0.000000, inc_y_r = 1.000000, inc_x_i = 1.000000, inc_y_i = 1.000000
En el else......

----------------------------------------
hora de salir del bucle mi pana


ENTRAMOS A BRESENHAMªªªª
x1 = 445.000000 - y1 = 385.000000 || x2 = 446.000000 - y2 = 636.000000
dy = 251.000000, dx = 1.000000
avances inclinados: inc_x_i = 1.000000, inc_y_i = 1.000000
updated: dy = 251.000000, dx = 1.000000
avances rectos: inc_x_r = 0.000000, inc_y_r 1.000000
reupdated: dy = 1.000000, dx = 251.000000
avanceR = 2.000000, avance -249.000000, avanceI 2.000000
----------------------------------------
x = 445.000000, y = 385.000000
avance = -249.000000, avanceR = 2.000000, avanceI = 2.000000
inc_x_r = 0.000000, inc_y_r = 1.000000, inc_x_i = 1.000000, inc_y_i = 1.000000
En el else......

----------------------------------------
x = 445.000000, y = 386.000000
avance = -247.000000, avanceR = 2.000000, avanceI = 2.000000
inc_x_r = 0.000000, inc_y_r = 1.000000, inc_x_i = 1.000000, inc_y_i = 1.000000
En el else......

----------------------------------------
x = 445.000000, y = 387.000000
avance = -245.000000, avanceR = 2.000000, avanceI = 2.000000
inc_x_r = 0.000000, inc_y_r = 1.000000, inc_x_i = 1.000000, inc_y_i = 1.000000
En el else......

----------------------------------------
x = 445.000000, y = 388.000000
avance = -243.000000, avanceR = 2.000000, avanceI = 2.000000
inc_x_r = 0.000000, inc_y_r = 1.000000, inc_x_i = 1.000000, inc_y_i = 1.000000
En el else......

----------------------------------------
x = 445.000000, y = 389.000000
avance = -241.000000, avanceR = 2.000000, avanceI = 2.000000
inc_x_r = 0.000000, inc_y_r = 1.000000, inc_x_i = 1.000000, inc_y_i = 1.000000
En el else......

----------------------------------------
x = 445.000000, y = 390.000000
avance = -239.000000, avanceR = 2.000000, avanceI = 2.000000
inc_x_r = 0.000000, inc_y_r = 1.000000, inc_x_i = 1.000000, inc_y_i = 1.000000
En el else......

----------------------------------------
x = 445.000000, y = 391.000000
avance = -237.000000, avanceR = 2.000000, avanceI = 2.000000
inc_x_r = 0.000000, inc_y_r = 1.000000, inc_x_i = 1.000000, inc_y_i = 1.000000
En el else......

----------------------------------------
x = 445.000000, y = 392.000000
avance = -235.000000, avanceR = 2.000000, avanceI = 2.000000
inc_x_r = 0.000000, inc_y_r = 1.000000, inc_x_i = 1.000000, inc_y_i = 1.000000
En el else......

----------------------------------------
x = 445.000000, y = 393.000000
avance = -233.000000, avanceR = 2.000000, avanceI = 2.000000
inc_x_r = 0.000000, inc_y_r = 1.000000, inc_x_i = 1.000000, inc_y_i = 1.000000
En el else......

----------------------------------------
x = 445.000000, y = 394.000000
avance = -231.000000, avanceR = 2.000000, avanceI = 2.000000
inc_x_r = 0.000000, inc_y_r = 1.000000, inc_x_i = 1.000000, inc_y_i = 1.000000
En el else......

----------------------------------------
x = 445.000000, y = 395.000000
avance = -229.000000, avanceR = 2.000000, avanceI = 2.000000
inc_x_r = 0.000000, inc_y_r = 1.000000, inc_x_i = 1.000000, inc_y_i = 1.000000
En el else......

----------------------------------------
x = 445.000000, y = 396.000000
avance = -227.000000, avanceR = 2.000000, avanceI = 2.000000
inc_x_r = 0.000000, inc_y_r = 1.000000, inc_x_i = 1.000000, inc_y_i = 1.000000
En el else......

----------------------------------------
x = 445.000000, y = 397.000000
avance = -225.000000, avanceR = 2.000000, avanceI = 2.000000
inc_x_r = 0.000000, inc_y_r = 1.000000, inc_x_i = 1.000000, inc_y_i = 1.000000
En el else......

----------------------------------------
x = 445.000000, y = 398.000000
avance = -223.000000, avanceR = 2.000000, avanceI = 2.000000
inc_x_r = 0.000000, inc_y_r = 1.000000, inc_x_i = 1.000000, inc_y_i = 1.000000
En el else......

----------------------------------------
x = 445.000000, y = 399.000000
avance = -221.000000, avanceR = 2.000000, avanceI = 2.000000
inc_x_r = 0.000000, inc_y_r = 1.000000, inc_x_i = 1.000000, inc_y_i = 1.000000
En el else......

----------------------------------------
hora de salir del bucle mi pana


ENTRAMOS A BRESENHAMªªªª
x1 = 435.000000 - y1 = 385.000000 || x2 = 436.000000 - y2 = 636.000000
dy = 251.000000, dx = 1.000000
avances inclinados: inc_x_i = 1.000000, inc_y_i = 1.000000
updated: dy = 251.000000, dx = 1.000000
avances rectos: inc_x_r = 0.000000, inc_y_r 1.000000
reupdated: dy = 1.000000, dx = 251.000000
avanceR = 2.000000, avance -249.000000, avanceI 2.000000
----------------------------------------
x = 435.000000, y = 385.000000
avance = -249.000000, avanceR = 2.000000, avanceI = 2.000000
inc_x_r = 0.000000, inc_y_r = 1.000000, inc_x_i = 1.000000, inc_y_i = 1.000000
En el else......

----------------------------------------
x = 435.000000, y = 386.000000
avance = -247.000000, avanceR = 2.000000, avanceI = 2.000000
inc_x_r = 0.000000, inc_y_r = 1.000000, inc_x_i = 1.000000, inc_y_i = 1.000000
En el else......

----------------------------------------
x = 435.000000, y = 387.000000
avance = -245.000000, avanceR = 2.000000, avanceI = 2.000000
inc_x_r = 0.000000, inc_y_r = 1.000000, inc_x_i = 1.000000, inc_y_i = 1.000000
En el else......

----------------------------------------
x = 435.000000, y = 388.000000
avance = -243.000000, avanceR = 2.000000, avanceI = 2.000000
inc_x_r = 0.000000, inc_y_r = 1.000000, inc_x_i = 1.000000, inc_y_i = 1.000000
En el else......

----------------------------------------
x = 435.000000, y = 389.000000
avance = -241.000000, avanceR = 2.000000, avanceI = 2.000000
inc_x_r = 0.000000, inc_y_r = 1.000000, inc_x_i = 1.000000, inc_y_i = 1.000000
En el else......

----------------------------------------
x = 435.000000, y = 390.000000
avance = -239.000000, avanceR = 2.000000, avanceI = 2.000000
inc_x_r = 0.000000, inc_y_r = 1.000000, inc_x_i = 1.000000, inc_y_i = 1.000000
En el else......

----------------------------------------
x = 435.000000, y = 391.000000
avance = -237.000000, avanceR = 2.000000, avanceI = 2.000000
inc_x_r = 0.000000, inc_y_r = 1.000000, inc_x_i = 1.000000, inc_y_i = 1.000000
En el else......

----------------------------------------
x = 435.000000, y = 392.000000
avance = -235.000000, avanceR = 2.000000, avanceI = 2.000000
inc_x_r = 0.000000, inc_y_r = 1.000000, inc_x_i = 1.000000, inc_y_i = 1.000000
En el else......

----------------------------------------
x = 435.000000, y = 393.000000
avance = -233.000000, avanceR = 2.000000, avanceI = 2.000000
inc_x_r = 0.000000, inc_y_r = 1.000000, inc_x_i = 1.000000, inc_y_i = 1.000000
En el else......

----------------------------------------
x = 435.000000, y = 394.000000
avance = -231.000000, avanceR = 2.000000, avanceI = 2.000000
inc_x_r = 0.000000, inc_y_r = 1.000000, inc_x_i = 1.000000, inc_y_i = 1.000000
En el else......

----------------------------------------
x = 435.000000, y = 395.000000
avance = -229.000000, avanceR = 2.000000, avanceI = 2.000000
inc_x_r = 0.000000, inc_y_r = 1.000000, inc_x_i = 1.000000, inc_y_i = 1.000000
En el else......

----------------------------------------
x = 435.000000, y = 396.000000
avance = -227.000000, avanceR = 2.000000, avanceI = 2.000000
inc_x_r = 0.000000, inc_y_r = 1.000000, inc_x_i = 1.000000, inc_y_i = 1.000000
En el else......

----------------------------------------
x = 435.000000, y = 397.000000
avance = -225.000000, avanceR = 2.000000, avanceI = 2.000000
inc_x_r = 0.000000, inc_y_r = 1.000000, inc_x_i = 1.000000, inc_y_i = 1.000000
En el else......

----------------------------------------
x = 435.000000, y = 398.000000
avance = -223.000000, avanceR = 2.000000, avanceI = 2.000000
inc_x_r = 0.000000, inc_y_r = 1.000000, inc_x_i = 1.000000, inc_y_i = 1.000000
En el else......

----------------------------------------
x = 435.000000, y = 399.000000
avance = -221.000000, avanceR = 2.000000, avanceI = 2.000000
inc_x_r = 0.000000, inc_y_r = 1.000000, inc_x_i = 1.000000, inc_y_i = 1.000000
En el else......

----------------------------------------
hora de salir del bucle mi pana


ENTRAMOS A BRESENHAMªªªª
x1 = 425.000000 - y1 = 385.000000 || x2 = 426.000000 - y2 = 636.000000
dy = 251.000000, dx = 1.000000
avances inclinados: inc_x_i = 1.000000, inc_y_i = 1.000000
updated: dy = 251.000000, dx = 1.000000
avances rectos: inc_x_r = 0.000000, inc_y_r 1.000000
reupdated: dy = 1.000000, dx = 251.000000
avanceR = 2.000000, avance -249.000000, avanceI 2.000000
----------------------------------------
x = 425.000000, y = 385.000000
avance = -249.000000, avanceR = 2.000000, avanceI = 2.000000
inc_x_r = 0.000000, inc_y_r = 1.000000, inc_x_i = 1.000000, inc_y_i = 1.000000
En el else......

----------------------------------------
x = 425.000000, y = 386.000000
avance = -247.000000, avanceR = 2.000000, avanceI = 2.000000
inc_x_r = 0.000000, inc_y_r = 1.000000, inc_x_i = 1.000000, inc_y_i = 1.000000
En el else......

----------------------------------------
x = 425.000000, y = 387.000000
avance = -245.000000, avanceR = 2.000000, avanceI = 2.000000
inc_x_r = 0.000000, inc_y_r = 1.000000, inc_x_i = 1.000000, inc_y_i = 1.000000
En el else......

----------------------------------------
x = 425.000000, y = 388.000000
avance = -243.000000, avanceR = 2.000000, avanceI = 2.000000
inc_x_r = 0.000000, inc_y_r = 1.000000, inc_x_i = 1.000000, inc_y_i = 1.000000
En el else......

----------------------------------------
x = 425.000000, y = 389.000000
avance = -241.000000, avanceR = 2.000000, avanceI = 2.000000
inc_x_r = 0.000000, inc_y_r = 1.000000, inc_x_i = 1.000000, inc_y_i = 1.000000
En el else......

----------------------------------------
x = 425.000000, y = 390.000000
avance = -239.000000, avanceR = 2.000000, avanceI = 2.000000
inc_x_r = 0.000000, inc_y_r = 1.000000, inc_x_i = 1.000000, inc_y_i = 1.000000
En el else......

----------------------------------------
x = 425.000000, y = 391.000000
avance = -237.000000, avanceR = 2.000000, avanceI = 2.000000
inc_x_r = 0.000000, inc_y_r = 1.000000, inc_x_i = 1.000000, inc_y_i = 1.000000
En el else......

----------------------------------------
x = 425.000000, y = 392.000000
avance = -235.000000, avanceR = 2.000000, avanceI = 2.000000
inc_x_r = 0.000000, inc_y_r = 1.000000, inc_x_i = 1.000000, inc_y_i = 1.000000
En el else......

----------------------------------------
x = 425.000000, y = 393.000000
avance = -233.000000, avanceR = 2.000000, avanceI = 2.000000
inc_x_r = 0.000000, inc_y_r = 1.000000, inc_x_i = 1.000000, inc_y_i = 1.000000
En el else......

----------------------------------------
x = 425.000000, y = 394.000000
avance = -231.000000, avanceR = 2.000000, avanceI = 2.000000
inc_x_r = 0.000000, inc_y_r = 1.000000, inc_x_i = 1.000000, inc_y_i = 1.000000
En el else......

----------------------------------------
x = 425.000000, y = 395.000000
avance = -229.000000, avanceR = 2.000000, avanceI = 2.000000
inc_x_r = 0.000000, inc_y_r = 1.000000, inc_x_i = 1.000000, inc_y_i = 1.000000
En el else......

----------------------------------------
x = 425.000000, y = 396.000000
avance = -227.000000, avanceR = 2.000000, avanceI = 2.000000
inc_x_r = 0.000000, inc_y_r = 1.000000, inc_x_i = 1.000000, inc_y_i = 1.000000
En el else......

----------------------------------------
x = 425.000000, y = 397.000000
avance = -225.000000, avanceR = 2.000000, avanceI = 2.000000
inc_x_r = 0.000000, inc_y_r = 1.000000, inc_x_i = 1.000000, inc_y_i = 1.000000
En el else......

----------------------------------------
x = 425.000000, y = 398.000000
avance = -223.000000, avanceR = 2.000000, avanceI = 2.000000
inc_x_r = 0.000000, inc_y_r = 1.000000, inc_x_i = 1.000000, inc_y_i = 1.000000
En el else......

----------------------------------------
x = 425.000000, y = 399.000000
avance = -221.000000, avanceR = 2.000000, avanceI = 2.000000
inc_x_r = 0.000000, inc_y_r = 1.000000, inc_x_i = 1.000000, inc_y_i = 1.000000
En el else......

----------------------------------------
hora de salir del bucle mi pana


ENTRAMOS A BRESENHAMªªªª
x1 = 415.000000 - y1 = 385.000000 || x2 = 416.000000 - y2 = 636.000000
dy = 251.000000, dx = 1.000000
avances inclinados: inc_x_i = 1.000000, inc_y_i = 1.000000
updated: dy = 251.000000, dx = 1.000000
avances rectos: inc_x_r = 0.000000, inc_y_r 1.000000
reupdated: dy = 1.000000, dx = 251.000000
avanceR = 2.000000, avance -249.000000, avanceI 2.000000
----------------------------------------
x = 415.000000, y = 385.000000
avance = -249.000000, avanceR = 2.000000, avanceI = 2.000000
inc_x_r = 0.000000, inc_y_r = 1.000000, inc_x_i = 1.000000, inc_y_i = 1.000000
En el else......

----------------------------------------
x = 415.000000, y = 386.000000
avance = -247.000000, avanceR = 2.000000, avanceI = 2.000000
inc_x_r = 0.000000, inc_y_r = 1.000000, inc_x_i = 1.000000, inc_y_i = 1.000000
En el else......

----------------------------------------
x = 415.000000, y = 387.000000
avance = -245.000000, avanceR = 2.000000, avanceI = 2.000000
inc_x_r = 0.000000, inc_y_r = 1.000000, inc_x_i = 1.000000, inc_y_i = 1.000000
En el else......

----------------------------------------
x = 415.000000, y = 388.000000
avance = -243.000000, avanceR = 2.000000, avanceI = 2.000000
inc_x_r = 0.000000, inc_y_r = 1.000000, inc_x_i = 1.000000, inc_y_i = 1.000000
En el else......

----------------------------------------
x = 415.000000, y = 389.000000
avance = -241.000000, avanceR = 2.000000, avanceI = 2.000000
inc_x_r = 0.000000, inc_y_r = 1.000000, inc_x_i = 1.000000, inc_y_i = 1.000000
En el else......

----------------------------------------
x = 415.000000, y = 390.000000
avance = -239.000000, avanceR = 2.000000, avanceI = 2.000000
inc_x_r = 0.000000, inc_y_r = 1.000000, inc_x_i = 1.000000, inc_y_i = 1.000000
En el else......

----------------------------------------
x = 415.000000, y = 391.000000
avance = -237.000000, avanceR = 2.000000, avanceI = 2.000000
inc_x_r = 0.000000, inc_y_r = 1.000000, inc_x_i = 1.000000, inc_y_i = 1.000000
En el else......

----------------------------------------
x = 415.000000, y = 392.000000
avance = -235.000000, avanceR = 2.000000, avanceI = 2.000000
inc_x_r = 0.000000, inc_y_r = 1.000000, inc_x_i = 1.000000, inc_y_i = 1.000000
En el else......

----------------------------------------
x = 415.000000, y = 393.000000
avance = -233.000000, avanceR = 2.000000, avanceI = 2.000000
inc_x_r = 0.000000, inc_y_r = 1.000000, inc_x_i = 1.000000, inc_y_i = 1.000000
En el else......

----------------------------------------
x = 415.000000, y = 394.000000
avance = -231.000000, avanceR = 2.000000, avanceI = 2.000000
inc_x_r = 0.000000, inc_y_r = 1.000000, inc_x_i = 1.000000, inc_y_i = 1.000000
En el else......

----------------------------------------
x = 415.000000, y = 395.000000
avance = -229.000000, avanceR = 2.000000, avanceI = 2.000000
inc_x_r = 0.000000, inc_y_r = 1.000000, inc_x_i = 1.000000, inc_y_i = 1.000000
En el else......

----------------------------------------
x = 415.000000, y = 396.000000
avance = -227.000000, avanceR = 2.000000, avanceI = 2.000000
inc_x_r = 0.000000, inc_y_r = 1.000000, inc_x_i = 1.000000, inc_y_i = 1.000000
En el else......

----------------------------------------
x = 415.000000, y = 397.000000
avance = -225.000000, avanceR = 2.000000, avanceI = 2.000000
inc_x_r = 0.000000, inc_y_r = 1.000000, inc_x_i = 1.000000, inc_y_i = 1.000000
En el else......

----------------------------------------
x = 415.000000, y = 398.000000
avance = -223.000000, avanceR = 2.000000, avanceI = 2.000000
inc_x_r = 0.000000, inc_y_r = 1.000000, inc_x_i = 1.000000, inc_y_i = 1.000000
En el else......

----------------------------------------
x = 415.000000, y = 399.000000
avance = -221.000000, avanceR = 2.000000, avanceI = 2.000000
inc_x_r = 0.000000, inc_y_r = 1.000000, inc_x_i = 1.000000, inc_y_i = 1.000000
En el else......

----------------------------------------
hora de salir del bucle mi pana


ENTRAMOS A BRESENHAMªªªª
x1 = 405.000000 - y1 = 385.000000 || x2 = 406.000000 - y2 = 636.000000
dy = 251.000000, dx = 1.000000
avances inclinados: inc_x_i = 1.000000, inc_y_i = 1.000000
updated: dy = 251.000000, dx = 1.000000
avances rectos: inc_x_r = 0.000000, inc_y_r 1.000000
reupdated: dy = 1.000000, dx = 251.000000
avanceR = 2.000000, avance -249.000000, avanceI 2.000000
----------------------------------------
x = 405.000000, y = 385.000000
avance = -249.000000, avanceR = 2.000000, avanceI = 2.000000
inc_x_r = 0.000000, inc_y_r = 1.000000, inc_x_i = 1.000000, inc_y_i = 1.000000
En el else......

----------------------------------------
x = 405.000000, y = 386.000000
avance = -247.000000, avanceR = 2.000000, avanceI = 2.000000
inc_x_r = 0.000000, inc_y_r = 1.000000, inc_x_i = 1.000000, inc_y_i = 1.000000
En el else......

----------------------------------------
x = 405.000000, y = 387.000000
avance = -245.000000, avanceR = 2.000000, avanceI = 2.000000
inc_x_r = 0.000000, inc_y_r = 1.000000, inc_x_i = 1.000000, inc_y_i = 1.000000
En el else......

----------------------------------------
x = 405.000000, y = 388.000000
avance = -243.000000, avanceR = 2.000000, avanceI = 2.000000
inc_x_r = 0.000000, inc_y_r = 1.000000, inc_x_i = 1.000000, inc_y_i = 1.000000
En el else......

----------------------------------------
x = 405.000000, y = 389.000000
avance = -241.000000, avanceR = 2.000000, avanceI = 2.000000
inc_x_r = 0.000000, inc_y_r = 1.000000, inc_x_i = 1.000000, inc_y_i = 1.000000
En el else......

----------------------------------------
x = 405.000000, y = 390.000000
avance = -239.000000, avanceR = 2.000000, avanceI = 2.000000
inc_x_r = 0.000000, inc_y_r = 1.000000, inc_x_i = 1.000000, inc_y_i = 1.000000
En el else......

----------------------------------------
x = 405.000000, y = 391.000000
avance = -237.000000, avanceR = 2.000000, avanceI = 2.000000
inc_x_r = 0.000000, inc_y_r = 1.000000, inc_x_i = 1.000000, inc_y_i = 1.000000
En el else......

----------------------------------------
x = 405.000000, y = 392.000000
avance = -235.000000, avanceR = 2.000000, avanceI = 2.000000
inc_x_r = 0.000000, inc_y_r = 1.000000, inc_x_i = 1.000000, inc_y_i = 1.000000
En el else......

----------------------------------------
x = 405.000000, y = 393.000000
avance = -233.000000, avanceR = 2.000000, avanceI = 2.000000
inc_x_r = 0.000000, inc_y_r = 1.000000, inc_x_i = 1.000000, inc_y_i = 1.000000
En el else......

----------------------------------------
x = 405.000000, y = 394.000000
avance = -231.000000, avanceR = 2.000000, avanceI = 2.000000
inc_x_r = 0.000000, inc_y_r = 1.000000, inc_x_i = 1.000000, inc_y_i = 1.000000
En el else......

----------------------------------------
x = 405.000000, y = 395.000000
avance = -229.000000, avanceR = 2.000000, avanceI = 2.000000
inc_x_r = 0.000000, inc_y_r = 1.000000, inc_x_i = 1.000000, inc_y_i = 1.000000
En el else......

----------------------------------------
x = 405.000000, y = 396.000000
avance = -227.000000, avanceR = 2.000000, avanceI = 2.000000
inc_x_r = 0.000000, inc_y_r = 1.000000, inc_x_i = 1.000000, inc_y_i = 1.000000
En el else......

----------------------------------------
x = 405.000000, y = 397.000000
avance = -225.000000, avanceR = 2.000000, avanceI = 2.000000
inc_x_r = 0.000000, inc_y_r = 1.000000, inc_x_i = 1.000000, inc_y_i = 1.000000
En el else......

----------------------------------------
x = 405.000000, y = 398.000000
avance = -223.000000, avanceR = 2.000000, avanceI = 2.000000
inc_x_r = 0.000000, inc_y_r = 1.000000, inc_x_i = 1.000000, inc_y_i = 1.000000
En el else......

----------------------------------------
x = 405.000000, y = 399.000000
avance = -221.000000, avanceR = 2.000000, avanceI = 2.000000
inc_x_r = 0.000000, inc_y_r = 1.000000, inc_x_i = 1.000000, inc_y_i = 1.000000
En el else......

----------------------------------------
hora de salir del bucle mi pana


ENTRAMOS A BRESENHAMªªªª
x1 = 395.000000 - y1 = 385.000000 || x2 = 396.000000 - y2 = 636.000000
dy = 251.000000, dx = 1.000000
avances inclinados: inc_x_i = 1.000000, inc_y_i = 1.000000
updated: dy = 251.000000, dx = 1.000000
avances rectos: inc_x_r = 0.000000, inc_y_r 1.000000
reupdated: dy = 1.000000, dx = 251.000000
avanceR = 2.000000, avance -249.000000, avanceI 2.000000
----------------------------------------
x = 395.000000, y = 385.000000
avance = -249.000000, avanceR = 2.000000, avanceI = 2.000000
inc_x_r = 0.000000, inc_y_r = 1.000000, inc_x_i = 1.000000, inc_y_i = 1.000000
En el else......

----------------------------------------
x = 395.000000, y = 386.000000
avance = -247.000000, avanceR = 2.000000, avanceI = 2.000000
inc_x_r = 0.000000, inc_y_r = 1.000000, inc_x_i = 1.000000, inc_y_i = 1.000000
En el else......

----------------------------------------
x = 395.000000, y = 387.000000
avance = -245.000000, avanceR = 2.000000, avanceI = 2.000000
inc_x_r = 0.000000, inc_y_r = 1.000000, inc_x_i = 1.000000, inc_y_i = 1.000000
En el else......

----------------------------------------
x = 395.000000, y = 388.000000
avance = -243.000000, avanceR = 2.000000, avanceI = 2.000000
inc_x_r = 0.000000, inc_y_r = 1.000000, inc_x_i = 1.000000, inc_y_i = 1.000000
En el else......

----------------------------------------
x = 395.000000, y = 389.000000
avance = -241.000000, avanceR = 2.000000, avanceI = 2.000000
inc_x_r = 0.000000, inc_y_r = 1.000000, inc_x_i = 1.000000, inc_y_i = 1.000000
En el else......

----------------------------------------
x = 395.000000, y = 390.000000
avance = -239.000000, avanceR = 2.000000, avanceI = 2.000000
inc_x_r = 0.000000, inc_y_r = 1.000000, inc_x_i = 1.000000, inc_y_i = 1.000000
En el else......

----------------------------------------
x = 395.000000, y = 391.000000
avance = -237.000000, avanceR = 2.000000, avanceI = 2.000000
inc_x_r = 0.000000, inc_y_r = 1.000000, inc_x_i = 1.000000, inc_y_i = 1.000000
En el else......

----------------------------------------
x = 395.000000, y = 392.000000
avance = -235.000000, avanceR = 2.000000, avanceI = 2.000000
inc_x_r = 0.000000, inc_y_r = 1.000000, inc_x_i = 1.000000, inc_y_i = 1.000000
En el else......

----------------------------------------
x = 395.000000, y = 393.000000
avance = -233.000000, avanceR = 2.000000, avanceI = 2.000000
inc_x_r = 0.000000, inc_y_r = 1.000000, inc_x_i = 1.000000, inc_y_i = 1.000000
En el else......

----------------------------------------
x = 395.000000, y = 394.000000
avance = -231.000000, avanceR = 2.000000, avanceI = 2.000000
inc_x_r = 0.000000, inc_y_r = 1.000000, inc_x_i = 1.000000, inc_y_i = 1.000000
En el else......

----------------------------------------
x = 395.000000, y = 395.000000
avance = -229.000000, avanceR = 2.000000, avanceI = 2.000000
inc_x_r = 0.000000, inc_y_r = 1.000000, inc_x_i = 1.000000, inc_y_i = 1.000000
En el else......

----------------------------------------
x = 395.000000, y = 396.000000
avance = -227.000000, avanceR = 2.000000, avanceI = 2.000000
inc_x_r = 0.000000, inc_y_r = 1.000000, inc_x_i = 1.000000, inc_y_i = 1.000000
En el else......

----------------------------------------
x = 395.000000, y = 397.000000
avance = -225.000000, avanceR = 2.000000, avanceI = 2.000000
inc_x_r = 0.000000, inc_y_r = 1.000000, inc_x_i = 1.000000, inc_y_i = 1.000000
En el else......

----------------------------------------
x = 395.000000, y = 398.000000
avance = -223.000000, avanceR = 2.000000, avanceI = 2.000000
inc_x_r = 0.000000, inc_y_r = 1.000000, inc_x_i = 1.000000, inc_y_i = 1.000000
En el else......

----------------------------------------
x = 395.000000, y = 399.000000
avance = -221.000000, avanceR = 2.000000, avanceI = 2.000000
inc_x_r = 0.000000, inc_y_r = 1.000000, inc_x_i = 1.000000, inc_y_i = 1.000000
En el else......

----------------------------------------
hora de salir del bucle mi pana


ENTRAMOS A BRESENHAMªªªª
x1 = 385.000000 - y1 = 385.000000 || x2 = 386.000000 - y2 = 636.000000
dy = 251.000000, dx = 1.000000
avances inclinados: inc_x_i = 1.000000, inc_y_i = 1.000000
updated: dy = 251.000000, dx = 1.000000
avances rectos: inc_x_r = 0.000000, inc_y_r 1.000000
reupdated: dy = 1.000000, dx = 251.000000
avanceR = 2.000000, avance -249.000000, avanceI 2.000000
----------------------------------------
x = 385.000000, y = 385.000000
avance = -249.000000, avanceR = 2.000000, avanceI = 2.000000
inc_x_r = 0.000000, inc_y_r = 1.000000, inc_x_i = 1.000000, inc_y_i = 1.000000
En el else......

----------------------------------------
x = 385.000000, y = 386.000000
avance = -247.000000, avanceR = 2.000000, avanceI = 2.000000
inc_x_r = 0.000000, inc_y_r = 1.000000, inc_x_i = 1.000000, inc_y_i = 1.000000
En el else......

----------------------------------------
x = 385.000000, y = 387.000000
avance = -245.000000, avanceR = 2.000000, avanceI = 2.000000
inc_x_r = 0.000000, inc_y_r = 1.000000, inc_x_i = 1.000000, inc_y_i = 1.000000
En el else......

----------------------------------------
x = 385.000000, y = 388.000000
avance = -243.000000, avanceR = 2.000000, avanceI = 2.000000
inc_x_r = 0.000000, inc_y_r = 1.000000, inc_x_i = 1.000000, inc_y_i = 1.000000
En el else......

----------------------------------------
x = 385.000000, y = 389.000000
avance = -241.000000, avanceR = 2.000000, avanceI = 2.000000
inc_x_r = 0.000000, inc_y_r = 1.000000, inc_x_i = 1.000000, inc_y_i = 1.000000
En el else......

----------------------------------------
x = 385.000000, y = 390.000000
avance = -239.000000, avanceR = 2.000000, avanceI = 2.000000
inc_x_r = 0.000000, inc_y_r = 1.000000, inc_x_i = 1.000000, inc_y_i = 1.000000
En el else......

----------------------------------------
x = 385.000000, y = 391.000000
avance = -237.000000, avanceR = 2.000000, avanceI = 2.000000
inc_x_r = 0.000000, inc_y_r = 1.000000, inc_x_i = 1.000000, inc_y_i = 1.000000
En el else......

----------------------------------------
x = 385.000000, y = 392.000000
avance = -235.000000, avanceR = 2.000000, avanceI = 2.000000
inc_x_r = 0.000000, inc_y_r = 1.000000, inc_x_i = 1.000000, inc_y_i = 1.000000
En el else......

----------------------------------------
x = 385.000000, y = 393.000000
avance = -233.000000, avanceR = 2.000000, avanceI = 2.000000
inc_x_r = 0.000000, inc_y_r = 1.000000, inc_x_i = 1.000000, inc_y_i = 1.000000
En el else......

----------------------------------------
x = 385.000000, y = 394.000000
avance = -231.000000, avanceR = 2.000000, avanceI = 2.000000
inc_x_r = 0.000000, inc_y_r = 1.000000, inc_x_i = 1.000000, inc_y_i = 1.000000
En el else......

----------------------------------------
x = 385.000000, y = 395.000000
avance = -229.000000, avanceR = 2.000000, avanceI = 2.000000
inc_x_r = 0.000000, inc_y_r = 1.000000, inc_x_i = 1.000000, inc_y_i = 1.000000
En el else......

----------------------------------------
x = 385.000000, y = 396.000000
avance = -227.000000, avanceR = 2.000000, avanceI = 2.000000
inc_x_r = 0.000000, inc_y_r = 1.000000, inc_x_i = 1.000000, inc_y_i = 1.000000
En el else......

----------------------------------------
x = 385.000000, y = 397.000000
avance = -225.000000, avanceR = 2.000000, avanceI = 2.000000
inc_x_r = 0.000000, inc_y_r = 1.000000, inc_x_i = 1.000000, inc_y_i = 1.000000
En el else......

----------------------------------------
x = 385.000000, y = 398.000000
avance = -223.000000, avanceR = 2.000000, avanceI = 2.000000
inc_x_r = 0.000000, inc_y_r = 1.000000, inc_x_i = 1.000000, inc_y_i = 1.000000
En el else......

----------------------------------------
x = 385.000000, y = 399.000000
avance = -221.000000, avanceR = 2.000000, avanceI = 2.000000
inc_x_r = 0.000000, inc_y_r = 1.000000, inc_x_i = 1.000000, inc_y_i = 1.000000
En el else......

----------------------------------------
hora de salir del bucle mi pana


ENTRAMOS A BRESENHAMªªªª
x1 = 375.000000 - y1 = 385.000000 || x2 = 376.000000 - y2 = 636.000000
dy = 251.000000, dx = 1.000000
avances inclinados: inc_x_i = 1.000000, inc_y_i = 1.000000
updated: dy = 251.000000, dx = 1.000000
avances rectos: inc_x_r = 0.000000, inc_y_r 1.000000
reupdated: dy = 1.000000, dx = 251.000000
avanceR = 2.000000, avance -249.000000, avanceI 2.000000
----------------------------------------
x = 375.000000, y = 385.000000
avance = -249.000000, avanceR = 2.000000, avanceI = 2.000000
inc_x_r = 0.000000, inc_y_r = 1.000000, inc_x_i = 1.000000, inc_y_i = 1.000000
En el else......

----------------------------------------
x = 375.000000, y = 386.000000
avance = -247.000000, avanceR = 2.000000, avanceI = 2.000000
inc_x_r = 0.000000, inc_y_r = 1.000000, inc_x_i = 1.000000, inc_y_i = 1.000000
En el else......

----------------------------------------
x = 375.000000, y = 387.000000
avance = -245.000000, avanceR = 2.000000, avanceI = 2.000000
inc_x_r = 0.000000, inc_y_r = 1.000000, inc_x_i = 1.000000, inc_y_i = 1.000000
En el else......

----------------------------------------
x = 375.000000, y = 388.000000
avance = -243.000000, avanceR = 2.000000, avanceI = 2.000000
inc_x_r = 0.000000, inc_y_r = 1.000000, inc_x_i = 1.000000, inc_y_i = 1.000000
En el else......

----------------------------------------
x = 375.000000, y = 389.000000
avance = -241.000000, avanceR = 2.000000, avanceI = 2.000000
inc_x_r = 0.000000, inc_y_r = 1.000000, inc_x_i = 1.000000, inc_y_i = 1.000000
En el else......

----------------------------------------
x = 375.000000, y = 390.000000
avance = -239.000000, avanceR = 2.000000, avanceI = 2.000000
inc_x_r = 0.000000, inc_y_r = 1.000000, inc_x_i = 1.000000, inc_y_i = 1.000000
En el else......

----------------------------------------
x = 375.000000, y = 391.000000
avance = -237.000000, avanceR = 2.000000, avanceI = 2.000000
inc_x_r = 0.000000, inc_y_r = 1.000000, inc_x_i = 1.000000, inc_y_i = 1.000000
En el else......

----------------------------------------
x = 375.000000, y = 392.000000
avance = -235.000000, avanceR = 2.000000, avanceI = 2.000000
inc_x_r = 0.000000, inc_y_r = 1.000000, inc_x_i = 1.000000, inc_y_i = 1.000000
En el else......

----------------------------------------
x = 375.000000, y = 393.000000
avance = -233.000000, avanceR = 2.000000, avanceI = 2.000000
inc_x_r = 0.000000, inc_y_r = 1.000000, inc_x_i = 1.000000, inc_y_i = 1.000000
En el else......

----------------------------------------
x = 375.000000, y = 394.000000
avance = -231.000000, avanceR = 2.000000, avanceI = 2.000000
inc_x_r = 0.000000, inc_y_r = 1.000000, inc_x_i = 1.000000, inc_y_i = 1.000000
En el else......

----------------------------------------
x = 375.000000, y = 395.000000
avance = -229.000000, avanceR = 2.000000, avanceI = 2.000000
inc_x_r = 0.000000, inc_y_r = 1.000000, inc_x_i = 1.000000, inc_y_i = 1.000000
En el else......

----------------------------------------
x = 375.000000, y = 396.000000
avance = -227.000000, avanceR = 2.000000, avanceI = 2.000000
inc_x_r = 0.000000, inc_y_r = 1.000000, inc_x_i = 1.000000, inc_y_i = 1.000000
En el else......

----------------------------------------
x = 375.000000, y = 397.000000
avance = -225.000000, avanceR = 2.000000, avanceI = 2.000000
inc_x_r = 0.000000, inc_y_r = 1.000000, inc_x_i = 1.000000, inc_y_i = 1.000000
En el else......

----------------------------------------
x = 375.000000, y = 398.000000
avance = -223.000000, avanceR = 2.000000, avanceI = 2.000000
inc_x_r = 0.000000, inc_y_r = 1.000000, inc_x_i = 1.000000, inc_y_i = 1.000000
En el else......

----------------------------------------
x = 375.000000, y = 399.000000
avance = -221.000000, avanceR = 2.000000, avanceI = 2.000000
inc_x_r = 0.000000, inc_y_r = 1.000000, inc_x_i = 1.000000, inc_y_i = 1.000000
En el else......

----------------------------------------
hora de salir del bucle mi pana


ENTRAMOS A BRESENHAMªªªª
x1 = 365.000000 - y1 = 385.000000 || x2 = 366.000000 - y2 = 636.000000
dy = 251.000000, dx = 1.000000
avances inclinados: inc_x_i = 1.000000, inc_y_i = 1.000000
updated: dy = 251.000000, dx = 1.000000
avances rectos: inc_x_r = 0.000000, inc_y_r 1.000000
reupdated: dy = 1.000000, dx = 251.000000
avanceR = 2.000000, avance -249.000000, avanceI 2.000000
----------------------------------------
x = 365.000000, y = 385.000000
avance = -249.000000, avanceR = 2.000000, avanceI = 2.000000
inc_x_r = 0.000000, inc_y_r = 1.000000, inc_x_i = 1.000000, inc_y_i = 1.000000
En el else......

----------------------------------------
x = 365.000000, y = 386.000000
avance = -247.000000, avanceR = 2.000000, avanceI = 2.000000
inc_x_r = 0.000000, inc_y_r = 1.000000, inc_x_i = 1.000000, inc_y_i = 1.000000
En el else......

----------------------------------------
x = 365.000000, y = 387.000000
avance = -245.000000, avanceR = 2.000000, avanceI = 2.000000
inc_x_r = 0.000000, inc_y_r = 1.000000, inc_x_i = 1.000000, inc_y_i = 1.000000
En el else......

----------------------------------------
x = 365.000000, y = 388.000000
avance = -243.000000, avanceR = 2.000000, avanceI = 2.000000
inc_x_r = 0.000000, inc_y_r = 1.000000, inc_x_i = 1.000000, inc_y_i = 1.000000
En el else......

----------------------------------------
x = 365.000000, y = 389.000000
avance = -241.000000, avanceR = 2.000000, avanceI = 2.000000
inc_x_r = 0.000000, inc_y_r = 1.000000, inc_x_i = 1.000000, inc_y_i = 1.000000
En el else......

----------------------------------------
x = 365.000000, y = 390.000000
avance = -239.000000, avanceR = 2.000000, avanceI = 2.000000
inc_x_r = 0.000000, inc_y_r = 1.000000, inc_x_i = 1.000000, inc_y_i = 1.000000
En el else......

----------------------------------------
x = 365.000000, y = 391.000000
avance = -237.000000, avanceR = 2.000000, avanceI = 2.000000
inc_x_r = 0.000000, inc_y_r = 1.000000, inc_x_i = 1.000000, inc_y_i = 1.000000
En el else......

----------------------------------------
x = 365.000000, y = 392.000000
avance = -235.000000, avanceR = 2.000000, avanceI = 2.000000
inc_x_r = 0.000000, inc_y_r = 1.000000, inc_x_i = 1.000000, inc_y_i = 1.000000
En el else......

----------------------------------------
x = 365.000000, y = 393.000000
avance = -233.000000, avanceR = 2.000000, avanceI = 2.000000
inc_x_r = 0.000000, inc_y_r = 1.000000, inc_x_i = 1.000000, inc_y_i = 1.000000
En el else......

----------------------------------------
x = 365.000000, y = 394.000000
avance = -231.000000, avanceR = 2.000000, avanceI = 2.000000
inc_x_r = 0.000000, inc_y_r = 1.000000, inc_x_i = 1.000000, inc_y_i = 1.000000
En el else......

----------------------------------------
x = 365.000000, y = 395.000000
avance = -229.000000, avanceR = 2.000000, avanceI = 2.000000
inc_x_r = 0.000000, inc_y_r = 1.000000, inc_x_i = 1.000000, inc_y_i = 1.000000
En el else......

----------------------------------------
x = 365.000000, y = 396.000000
avance = -227.000000, avanceR = 2.000000, avanceI = 2.000000
inc_x_r = 0.000000, inc_y_r = 1.000000, inc_x_i = 1.000000, inc_y_i = 1.000000
En el else......

----------------------------------------
x = 365.000000, y = 397.000000
avance = -225.000000, avanceR = 2.000000, avanceI = 2.000000
inc_x_r = 0.000000, inc_y_r = 1.000000, inc_x_i = 1.000000, inc_y_i = 1.000000
En el else......

----------------------------------------
x = 365.000000, y = 398.000000
avance = -223.000000, avanceR = 2.000000, avanceI = 2.000000
inc_x_r = 0.000000, inc_y_r = 1.000000, inc_x_i = 1.000000, inc_y_i = 1.000000
En el else......

----------------------------------------
x = 365.000000, y = 399.000000
avance = -221.000000, avanceR = 2.000000, avanceI = 2.000000
inc_x_r = 0.000000, inc_y_r = 1.000000, inc_x_i = 1.000000, inc_y_i = 1.000000
En el else......

----------------------------------------
hora de salir del bucle mi pana


ENTRAMOS A BRESENHAMªªªª
x1 = 355.000000 - y1 = 385.000000 || x2 = 356.000000 - y2 = 636.000000
dy = 251.000000, dx = 1.000000
avances inclinados: inc_x_i = 1.000000, inc_y_i = 1.000000
updated: dy = 251.000000, dx = 1.000000
avances rectos: inc_x_r = 0.000000, inc_y_r 1.000000
reupdated: dy = 1.000000, dx = 251.000000
avanceR = 2.000000, avance -249.000000, avanceI 2.000000
----------------------------------------
x = 355.000000, y = 385.000000
avance = -249.000000, avanceR = 2.000000, avanceI = 2.000000
inc_x_r = 0.000000, inc_y_r = 1.000000, inc_x_i = 1.000000, inc_y_i = 1.000000
En el else......

----------------------------------------
x = 355.000000, y = 386.000000
avance = -247.000000, avanceR = 2.000000, avanceI = 2.000000
inc_x_r = 0.000000, inc_y_r = 1.000000, inc_x_i = 1.000000, inc_y_i = 1.000000
En el else......

----------------------------------------
x = 355.000000, y = 387.000000
avance = -245.000000, avanceR = 2.000000, avanceI = 2.000000
inc_x_r = 0.000000, inc_y_r = 1.000000, inc_x_i = 1.000000, inc_y_i = 1.000000
En el else......

----------------------------------------
x = 355.000000, y = 388.000000
avance = -243.000000, avanceR = 2.000000, avanceI = 2.000000
inc_x_r = 0.000000, inc_y_r = 1.000000, inc_x_i = 1.000000, inc_y_i = 1.000000
En el else......

----------------------------------------
x = 355.000000, y = 389.000000
avance = -241.000000, avanceR = 2.000000, avanceI = 2.000000
inc_x_r = 0.000000, inc_y_r = 1.000000, inc_x_i = 1.000000, inc_y_i = 1.000000
En el else......

----------------------------------------
x = 355.000000, y = 390.000000
avance = -239.000000, avanceR = 2.000000, avanceI = 2.000000
inc_x_r = 0.000000, inc_y_r = 1.000000, inc_x_i = 1.000000, inc_y_i = 1.000000
En el else......

----------------------------------------
x = 355.000000, y = 391.000000
avance = -237.000000, avanceR = 2.000000, avanceI = 2.000000
inc_x_r = 0.000000, inc_y_r = 1.000000, inc_x_i = 1.000000, inc_y_i = 1.000000
En el else......

----------------------------------------
x = 355.000000, y = 392.000000
avance = -235.000000, avanceR = 2.000000, avanceI = 2.000000
inc_x_r = 0.000000, inc_y_r = 1.000000, inc_x_i = 1.000000, inc_y_i = 1.000000
En el else......

----------------------------------------
x = 355.000000, y = 393.000000
avance = -233.000000, avanceR = 2.000000, avanceI = 2.000000
inc_x_r = 0.000000, inc_y_r = 1.000000, inc_x_i = 1.000000, inc_y_i = 1.000000
En el else......

----------------------------------------
x = 355.000000, y = 394.000000
avance = -231.000000, avanceR = 2.000000, avanceI = 2.000000
inc_x_r = 0.000000, inc_y_r = 1.000000, inc_x_i = 1.000000, inc_y_i = 1.000000
En el else......

----------------------------------------
x = 355.000000, y = 395.000000
avance = -229.000000, avanceR = 2.000000, avanceI = 2.000000
inc_x_r = 0.000000, inc_y_r = 1.000000, inc_x_i = 1.000000, inc_y_i = 1.000000
En el else......

----------------------------------------
x = 355.000000, y = 396.000000
avance = -227.000000, avanceR = 2.000000, avanceI = 2.000000
inc_x_r = 0.000000, inc_y_r = 1.000000, inc_x_i = 1.000000, inc_y_i = 1.000000
En el else......

----------------------------------------
x = 355.000000, y = 397.000000
avance = -225.000000, avanceR = 2.000000, avanceI = 2.000000
inc_x_r = 0.000000, inc_y_r = 1.000000, inc_x_i = 1.000000, inc_y_i = 1.000000
En el else......

----------------------------------------
x = 355.000000, y = 398.000000
avance = -223.000000, avanceR = 2.000000, avanceI = 2.000000
inc_x_r = 0.000000, inc_y_r = 1.000000, inc_x_i = 1.000000, inc_y_i = 1.000000
En el else......

----------------------------------------
x = 355.000000, y = 399.000000
avance = -221.000000, avanceR = 2.000000, avanceI = 2.000000
inc_x_r = 0.000000, inc_y_r = 1.000000, inc_x_i = 1.000000, inc_y_i = 1.000000
En el else......

----------------------------------------
hora de salir del bucle mi pana


ENTRAMOS A BRESENHAMªªªª
x1 = 345.000000 - y1 = 385.000000 || x2 = 346.000000 - y2 = 636.000000
dy = 251.000000, dx = 1.000000
avances inclinados: inc_x_i = 1.000000, inc_y_i = 1.000000
updated: dy = 251.000000, dx = 1.000000
avances rectos: inc_x_r = 0.000000, inc_y_r 1.000000
reupdated: dy = 1.000000, dx = 251.000000
avanceR = 2.000000, avance -249.000000, avanceI 2.000000
----------------------------------------
x = 345.000000, y = 385.000000
avance = -249.000000, avanceR = 2.000000, avanceI = 2.000000
inc_x_r = 0.000000, inc_y_r = 1.000000, inc_x_i = 1.000000, inc_y_i = 1.000000
En el else......

----------------------------------------
x = 345.000000, y = 386.000000
avance = -247.000000, avanceR = 2.000000, avanceI = 2.000000
inc_x_r = 0.000000, inc_y_r = 1.000000, inc_x_i = 1.000000, inc_y_i = 1.000000
En el else......

----------------------------------------
x = 345.000000, y = 387.000000
avance = -245.000000, avanceR = 2.000000, avanceI = 2.000000
inc_x_r = 0.000000, inc_y_r = 1.000000, inc_x_i = 1.000000, inc_y_i = 1.000000
En el else......

----------------------------------------
x = 345.000000, y = 388.000000
avance = -243.000000, avanceR = 2.000000, avanceI = 2.000000
inc_x_r = 0.000000, inc_y_r = 1.000000, inc_x_i = 1.000000, inc_y_i = 1.000000
En el else......

----------------------------------------
x = 345.000000, y = 389.000000
avance = -241.000000, avanceR = 2.000000, avanceI = 2.000000
inc_x_r = 0.000000, inc_y_r = 1.000000, inc_x_i = 1.000000, inc_y_i = 1.000000
En el else......

----------------------------------------
x = 345.000000, y = 390.000000
avance = -239.000000, avanceR = 2.000000, avanceI = 2.000000
inc_x_r = 0.000000, inc_y_r = 1.000000, inc_x_i = 1.000000, inc_y_i = 1.000000
En el else......

----------------------------------------
x = 345.000000, y = 391.000000
avance = -237.000000, avanceR = 2.000000, avanceI = 2.000000
inc_x_r = 0.000000, inc_y_r = 1.000000, inc_x_i = 1.000000, inc_y_i = 1.000000
En el else......

----------------------------------------
x = 345.000000, y = 392.000000
avance = -235.000000, avanceR = 2.000000, avanceI = 2.000000
inc_x_r = 0.000000, inc_y_r = 1.000000, inc_x_i = 1.000000, inc_y_i = 1.000000
En el else......

----------------------------------------
x = 345.000000, y = 393.000000
avance = -233.000000, avanceR = 2.000000, avanceI = 2.000000
inc_x_r = 0.000000, inc_y_r = 1.000000, inc_x_i = 1.000000, inc_y_i = 1.000000
En el else......

----------------------------------------
x = 345.000000, y = 394.000000
avance = -231.000000, avanceR = 2.000000, avanceI = 2.000000
inc_x_r = 0.000000, inc_y_r = 1.000000, inc_x_i = 1.000000, inc_y_i = 1.000000
En el else......

----------------------------------------
x = 345.000000, y = 395.000000
avance = -229.000000, avanceR = 2.000000, avanceI = 2.000000
inc_x_r = 0.000000, inc_y_r = 1.000000, inc_x_i = 1.000000, inc_y_i = 1.000000
En el else......

----------------------------------------
x = 345.000000, y = 396.000000
avance = -227.000000, avanceR = 2.000000, avanceI = 2.000000
inc_x_r = 0.000000, inc_y_r = 1.000000, inc_x_i = 1.000000, inc_y_i = 1.000000
En el else......

----------------------------------------
x = 345.000000, y = 397.000000
avance = -225.000000, avanceR = 2.000000, avanceI = 2.000000
inc_x_r = 0.000000, inc_y_r = 1.000000, inc_x_i = 1.000000, inc_y_i = 1.000000
En el else......

----------------------------------------
x = 345.000000, y = 398.000000
avance = -223.000000, avanceR = 2.000000, avanceI = 2.000000
inc_x_r = 0.000000, inc_y_r = 1.000000, inc_x_i = 1.000000, inc_y_i = 1.000000
En el else......

----------------------------------------
x = 345.000000, y = 399.000000
avance = -221.000000, avanceR = 2.000000, avanceI = 2.000000
inc_x_r = 0.000000, inc_y_r = 1.000000, inc_x_i = 1.000000, inc_y_i = 1.000000
En el else......

----------------------------------------
hora de salir del bucle mi pana


ENTRAMOS A BRESENHAMªªªª
x1 = 335.000000 - y1 = 385.000000 || x2 = 336.000000 - y2 = 636.000000
dy = 251.000000, dx = 1.000000
avances inclinados: inc_x_i = 1.000000, inc_y_i = 1.000000
updated: dy = 251.000000, dx = 1.000000
avances rectos: inc_x_r = 0.000000, inc_y_r 1.000000
reupdated: dy = 1.000000, dx = 251.000000
avanceR = 2.000000, avance -249.000000, avanceI 2.000000
----------------------------------------
x = 335.000000, y = 385.000000
avance = -249.000000, avanceR = 2.000000, avanceI = 2.000000
inc_x_r = 0.000000, inc_y_r = 1.000000, inc_x_i = 1.000000, inc_y_i = 1.000000
En el else......

----------------------------------------
x = 335.000000, y = 386.000000
avance = -247.000000, avanceR = 2.000000, avanceI = 2.000000
inc_x_r = 0.000000, inc_y_r = 1.000000, inc_x_i = 1.000000, inc_y_i = 1.000000
En el else......

----------------------------------------
x = 335.000000, y = 387.000000
avance = -245.000000, avanceR = 2.000000, avanceI = 2.000000
inc_x_r = 0.000000, inc_y_r = 1.000000, inc_x_i = 1.000000, inc_y_i = 1.000000
En el else......

----------------------------------------
x = 335.000000, y = 388.000000
avance = -243.000000, avanceR = 2.000000, avanceI = 2.000000
inc_x_r = 0.000000, inc_y_r = 1.000000, inc_x_i = 1.000000, inc_y_i = 1.000000
En el else......

----------------------------------------
x = 335.000000, y = 389.000000
avance = -241.000000, avanceR = 2.000000, avanceI = 2.000000
inc_x_r = 0.000000, inc_y_r = 1.000000, inc_x_i = 1.000000, inc_y_i = 1.000000
En el else......

----------------------------------------
x = 335.000000, y = 390.000000
avance = -239.000000, avanceR = 2.000000, avanceI = 2.000000
inc_x_r = 0.000000, inc_y_r = 1.000000, inc_x_i = 1.000000, inc_y_i = 1.000000
En el else......

----------------------------------------
x = 335.000000, y = 391.000000
avance = -237.000000, avanceR = 2.000000, avanceI = 2.000000
inc_x_r = 0.000000, inc_y_r = 1.000000, inc_x_i = 1.000000, inc_y_i = 1.000000
En el else......

----------------------------------------
x = 335.000000, y = 392.000000
avance = -235.000000, avanceR = 2.000000, avanceI = 2.000000
inc_x_r = 0.000000, inc_y_r = 1.000000, inc_x_i = 1.000000, inc_y_i = 1.000000
En el else......

----------------------------------------
x = 335.000000, y = 393.000000
avance = -233.000000, avanceR = 2.000000, avanceI = 2.000000
inc_x_r = 0.000000, inc_y_r = 1.000000, inc_x_i = 1.000000, inc_y_i = 1.000000
En el else......

----------------------------------------
x = 335.000000, y = 394.000000
avance = -231.000000, avanceR = 2.000000, avanceI = 2.000000
inc_x_r = 0.000000, inc_y_r = 1.000000, inc_x_i = 1.000000, inc_y_i = 1.000000
En el else......

----------------------------------------
x = 335.000000, y = 395.000000
avance = -229.000000, avanceR = 2.000000, avanceI = 2.000000
inc_x_r = 0.000000, inc_y_r = 1.000000, inc_x_i = 1.000000, inc_y_i = 1.000000
En el else......

----------------------------------------
x = 335.000000, y = 396.000000
avance = -227.000000, avanceR = 2.000000, avanceI = 2.000000
inc_x_r = 0.000000, inc_y_r = 1.000000, inc_x_i = 1.000000, inc_y_i = 1.000000
En el else......

----------------------------------------
x = 335.000000, y = 397.000000
avance = -225.000000, avanceR = 2.000000, avanceI = 2.000000
inc_x_r = 0.000000, inc_y_r = 1.000000, inc_x_i = 1.000000, inc_y_i = 1.000000
En el else......

----------------------------------------
x = 335.000000, y = 398.000000
avance = -223.000000, avanceR = 2.000000, avanceI = 2.000000
inc_x_r = 0.000000, inc_y_r = 1.000000, inc_x_i = 1.000000, inc_y_i = 1.000000
En el else......

----------------------------------------
x = 335.000000, y = 399.000000
avance = -221.000000, avanceR = 2.000000, avanceI = 2.000000
inc_x_r = 0.000000, inc_y_r = 1.000000, inc_x_i = 1.000000, inc_y_i = 1.000000
En el else......

----------------------------------------
hora de salir del bucle mi pana


ENTRAMOS A BRESENHAMªªªª
x1 = 325.000000 - y1 = 385.000000 || x2 = 326.000000 - y2 = 636.000000
dy = 251.000000, dx = 1.000000
avances inclinados: inc_x_i = 1.000000, inc_y_i = 1.000000
updated: dy = 251.000000, dx = 1.000000
avances rectos: inc_x_r = 0.000000, inc_y_r 1.000000
reupdated: dy = 1.000000, dx = 251.000000
avanceR = 2.000000, avance -249.000000, avanceI 2.000000
----------------------------------------
x = 325.000000, y = 385.000000
avance = -249.000000, avanceR = 2.000000, avanceI = 2.000000
inc_x_r = 0.000000, inc_y_r = 1.000000, inc_x_i = 1.000000, inc_y_i = 1.000000
En el else......

----------------------------------------
x = 325.000000, y = 386.000000
avance = -247.000000, avanceR = 2.000000, avanceI = 2.000000
inc_x_r = 0.000000, inc_y_r = 1.000000, inc_x_i = 1.000000, inc_y_i = 1.000000
En el else......

----------------------------------------
x = 325.000000, y = 387.000000
avance = -245.000000, avanceR = 2.000000, avanceI = 2.000000
inc_x_r = 0.000000, inc_y_r = 1.000000, inc_x_i = 1.000000, inc_y_i = 1.000000
En el else......

----------------------------------------
x = 325.000000, y = 388.000000
avance = -243.000000, avanceR = 2.000000, avanceI = 2.000000
inc_x_r = 0.000000, inc_y_r = 1.000000, inc_x_i = 1.000000, inc_y_i = 1.000000
En el else......

----------------------------------------
x = 325.000000, y = 389.000000
avance = -241.000000, avanceR = 2.000000, avanceI = 2.000000
inc_x_r = 0.000000, inc_y_r = 1.000000, inc_x_i = 1.000000, inc_y_i = 1.000000
En el else......

----------------------------------------
x = 325.000000, y = 390.000000
avance = -239.000000, avanceR = 2.000000, avanceI = 2.000000
inc_x_r = 0.000000, inc_y_r = 1.000000, inc_x_i = 1.000000, inc_y_i = 1.000000
En el else......

----------------------------------------
x = 325.000000, y = 391.000000
avance = -237.000000, avanceR = 2.000000, avanceI = 2.000000
inc_x_r = 0.000000, inc_y_r = 1.000000, inc_x_i = 1.000000, inc_y_i = 1.000000
En el else......

----------------------------------------
x = 325.000000, y = 392.000000
avance = -235.000000, avanceR = 2.000000, avanceI = 2.000000
inc_x_r = 0.000000, inc_y_r = 1.000000, inc_x_i = 1.000000, inc_y_i = 1.000000
En el else......

----------------------------------------
x = 325.000000, y = 393.000000
avance = -233.000000, avanceR = 2.000000, avanceI = 2.000000
inc_x_r = 0.000000, inc_y_r = 1.000000, inc_x_i = 1.000000, inc_y_i = 1.000000
En el else......

----------------------------------------
x = 325.000000, y = 394.000000
avance = -231.000000, avanceR = 2.000000, avanceI = 2.000000
inc_x_r = 0.000000, inc_y_r = 1.000000, inc_x_i = 1.000000, inc_y_i = 1.000000
En el else......

----------------------------------------
x = 325.000000, y = 395.000000
avance = -229.000000, avanceR = 2.000000, avanceI = 2.000000
inc_x_r = 0.000000, inc_y_r = 1.000000, inc_x_i = 1.000000, inc_y_i = 1.000000
En el else......

----------------------------------------
x = 325.000000, y = 396.000000
avance = -227.000000, avanceR = 2.000000, avanceI = 2.000000
inc_x_r = 0.000000, inc_y_r = 1.000000, inc_x_i = 1.000000, inc_y_i = 1.000000
En el else......

----------------------------------------
x = 325.000000, y = 397.000000
avance = -225.000000, avanceR = 2.000000, avanceI = 2.000000
inc_x_r = 0.000000, inc_y_r = 1.000000, inc_x_i = 1.000000, inc_y_i = 1.000000
En el else......

----------------------------------------
x = 325.000000, y = 398.000000
avance = -223.000000, avanceR = 2.000000, avanceI = 2.000000
inc_x_r = 0.000000, inc_y_r = 1.000000, inc_x_i = 1.000000, inc_y_i = 1.000000
En el else......

----------------------------------------
x = 325.000000, y = 399.000000
avance = -221.000000, avanceR = 2.000000, avanceI = 2.000000
inc_x_r = 0.000000, inc_y_r = 1.000000, inc_x_i = 1.000000, inc_y_i = 1.000000
En el else......

----------------------------------------
hora de salir del bucle mi pana


ENTRAMOS A BRESENHAMªªªª
x1 = 315.000000 - y1 = 385.000000 || x2 = 316.000000 - y2 = 636.000000
dy = 251.000000, dx = 1.000000
avances inclinados: inc_x_i = 1.000000, inc_y_i = 1.000000
updated: dy = 251.000000, dx = 1.000000
avances rectos: inc_x_r = 0.000000, inc_y_r 1.000000
reupdated: dy = 1.000000, dx = 251.000000
avanceR = 2.000000, avance -249.000000, avanceI 2.000000
----------------------------------------
x = 315.000000, y = 385.000000
avance = -249.000000, avanceR = 2.000000, avanceI = 2.000000
inc_x_r = 0.000000, inc_y_r = 1.000000, inc_x_i = 1.000000, inc_y_i = 1.000000
En el else......

----------------------------------------
x = 315.000000, y = 386.000000
avance = -247.000000, avanceR = 2.000000, avanceI = 2.000000
inc_x_r = 0.000000, inc_y_r = 1.000000, inc_x_i = 1.000000, inc_y_i = 1.000000
En el else......

----------------------------------------
x = 315.000000, y = 387.000000
avance = -245.000000, avanceR = 2.000000, avanceI = 2.000000
inc_x_r = 0.000000, inc_y_r = 1.000000, inc_x_i = 1.000000, inc_y_i = 1.000000
En el else......

----------------------------------------
x = 315.000000, y = 388.000000
avance = -243.000000, avanceR = 2.000000, avanceI = 2.000000
inc_x_r = 0.000000, inc_y_r = 1.000000, inc_x_i = 1.000000, inc_y_i = 1.000000
En el else......

----------------------------------------
x = 315.000000, y = 389.000000
avance = -241.000000, avanceR = 2.000000, avanceI = 2.000000
inc_x_r = 0.000000, inc_y_r = 1.000000, inc_x_i = 1.000000, inc_y_i = 1.000000
En el else......

----------------------------------------
x = 315.000000, y = 390.000000
avance = -239.000000, avanceR = 2.000000, avanceI = 2.000000
inc_x_r = 0.000000, inc_y_r = 1.000000, inc_x_i = 1.000000, inc_y_i = 1.000000
En el else......

----------------------------------------
x = 315.000000, y = 391.000000
avance = -237.000000, avanceR = 2.000000, avanceI = 2.000000
inc_x_r = 0.000000, inc_y_r = 1.000000, inc_x_i = 1.000000, inc_y_i = 1.000000
En el else......

----------------------------------------
x = 315.000000, y = 392.000000
avance = -235.000000, avanceR = 2.000000, avanceI = 2.000000
inc_x_r = 0.000000, inc_y_r = 1.000000, inc_x_i = 1.000000, inc_y_i = 1.000000
En el else......

----------------------------------------
x = 315.000000, y = 393.000000
avance = -233.000000, avanceR = 2.000000, avanceI = 2.000000
inc_x_r = 0.000000, inc_y_r = 1.000000, inc_x_i = 1.000000, inc_y_i = 1.000000
En el else......

----------------------------------------
x = 315.000000, y = 394.000000
avance = -231.000000, avanceR = 2.000000, avanceI = 2.000000
inc_x_r = 0.000000, inc_y_r = 1.000000, inc_x_i = 1.000000, inc_y_i = 1.000000
En el else......

----------------------------------------
x = 315.000000, y = 395.000000
avance = -229.000000, avanceR = 2.000000, avanceI = 2.000000
inc_x_r = 0.000000, inc_y_r = 1.000000, inc_x_i = 1.000000, inc_y_i = 1.000000
En el else......

----------------------------------------
x = 315.000000, y = 396.000000
avance = -227.000000, avanceR = 2.000000, avanceI = 2.000000
inc_x_r = 0.000000, inc_y_r = 1.000000, inc_x_i = 1.000000, inc_y_i = 1.000000
En el else......

----------------------------------------
x = 315.000000, y = 397.000000
avance = -225.000000, avanceR = 2.000000, avanceI = 2.000000
inc_x_r = 0.000000, inc_y_r = 1.000000, inc_x_i = 1.000000, inc_y_i = 1.000000
En el else......

----------------------------------------
x = 315.000000, y = 398.000000
avance = -223.000000, avanceR = 2.000000, avanceI = 2.000000
inc_x_r = 0.000000, inc_y_r = 1.000000, inc_x_i = 1.000000, inc_y_i = 1.000000
En el else......

----------------------------------------
x = 315.000000, y = 399.000000
avance = -221.000000, avanceR = 2.000000, avanceI = 2.000000
inc_x_r = 0.000000, inc_y_r = 1.000000, inc_x_i = 1.000000, inc_y_i = 1.000000
En el else......

----------------------------------------
hora de salir del bucle mi pana


ENTRAMOS A BRESENHAMªªªª
x1 = 305.000000 - y1 = 375.000000 || x2 = 306.000000 - y2 = 626.000000
dy = 251.000000, dx = 1.000000
avances inclinados: inc_x_i = 1.000000, inc_y_i = 1.000000
updated: dy = 251.000000, dx = 1.000000
avances rectos: inc_x_r = 0.000000, inc_y_r 1.000000
reupdated: dy = 1.000000, dx = 251.000000
avanceR = 2.000000, avance -249.000000, avanceI 2.000000
----------------------------------------
x = 305.000000, y = 375.000000
avance = -249.000000, avanceR = 2.000000, avanceI = 2.000000
inc_x_r = 0.000000, inc_y_r = 1.000000, inc_x_i = 1.000000, inc_y_i = 1.000000
En el else......

----------------------------------------
x = 305.000000, y = 376.000000
avance = -247.000000, avanceR = 2.000000, avanceI = 2.000000
inc_x_r = 0.000000, inc_y_r = 1.000000, inc_x_i = 1.000000, inc_y_i = 1.000000
En el else......

----------------------------------------
x = 305.000000, y = 377.000000
avance = -245.000000, avanceR = 2.000000, avanceI = 2.000000
inc_x_r = 0.000000, inc_y_r = 1.000000, inc_x_i = 1.000000, inc_y_i = 1.000000
En el else......

----------------------------------------
x = 305.000000, y = 378.000000
avance = -243.000000, avanceR = 2.000000, avanceI = 2.000000
inc_x_r = 0.000000, inc_y_r = 1.000000, inc_x_i = 1.000000, inc_y_i = 1.000000
En el else......

----------------------------------------
x = 305.000000, y = 379.000000
avance = -241.000000, avanceR = 2.000000, avanceI = 2.000000
inc_x_r = 0.000000, inc_y_r = 1.000000, inc_x_i = 1.000000, inc_y_i = 1.000000
En el else......

----------------------------------------
x = 305.000000, y = 380.000000
avance = -239.000000, avanceR = 2.000000, avanceI = 2.000000
inc_x_r = 0.000000, inc_y_r = 1.000000, inc_x_i = 1.000000, inc_y_i = 1.000000
En el else......

----------------------------------------
x = 305.000000, y = 381.000000
avance = -237.000000, avanceR = 2.000000, avanceI = 2.000000
inc_x_r = 0.000000, inc_y_r = 1.000000, inc_x_i = 1.000000, inc_y_i = 1.000000
En el else......

----------------------------------------
x = 305.000000, y = 382.000000
avance = -235.000000, avanceR = 2.000000, avanceI = 2.000000
inc_x_r = 0.000000, inc_y_r = 1.000000, inc_x_i = 1.000000, inc_y_i = 1.000000
En el else......

----------------------------------------
x = 305.000000, y = 383.000000
avance = -233.000000, avanceR = 2.000000, avanceI = 2.000000
inc_x_r = 0.000000, inc_y_r = 1.000000, inc_x_i = 1.000000, inc_y_i = 1.000000
En el else......

----------------------------------------
x = 305.000000, y = 384.000000
avance = -231.000000, avanceR = 2.000000, avanceI = 2.000000
inc_x_r = 0.000000, inc_y_r = 1.000000, inc_x_i = 1.000000, inc_y_i = 1.000000
En el else......

----------------------------------------
x = 305.000000, y = 385.000000
avance = -229.000000, avanceR = 2.000000, avanceI = 2.000000
inc_x_r = 0.000000, inc_y_r = 1.000000, inc_x_i = 1.000000, inc_y_i = 1.000000
En el else......

----------------------------------------
x = 305.000000, y = 386.000000
avance = -227.000000, avanceR = 2.000000, avanceI = 2.000000
inc_x_r = 0.000000, inc_y_r = 1.000000, inc_x_i = 1.000000, inc_y_i = 1.000000
En el else......

----------------------------------------
x = 305.000000, y = 387.000000
avance = -225.000000, avanceR = 2.000000, avanceI = 2.000000
inc_x_r = 0.000000, inc_y_r = 1.000000, inc_x_i = 1.000000, inc_y_i = 1.000000
En el else......

----------------------------------------
x = 305.000000, y = 388.000000
avance = -223.000000, avanceR = 2.000000, avanceI = 2.000000
inc_x_r = 0.000000, inc_y_r = 1.000000, inc_x_i = 1.000000, inc_y_i = 1.000000
En el else......

----------------------------------------
x = 305.000000, y = 389.000000
avance = -221.000000, avanceR = 2.000000, avanceI = 2.000000
inc_x_r = 0.000000, inc_y_r = 1.000000, inc_x_i = 1.000000, inc_y_i = 1.000000
En el else......

----------------------------------------
x = 305.000000, y = 390.000000
avance = -219.000000, avanceR = 2.000000, avanceI = 2.000000
inc_x_r = 0.000000, inc_y_r = 1.000000, inc_x_i = 1.000000, inc_y_i = 1.000000
En el else......

----------------------------------------
x = 305.000000, y = 391.000000
avance = -217.000000, avanceR = 2.000000, avanceI = 2.000000
inc_x_r = 0.000000, inc_y_r = 1.000000, inc_x_i = 1.000000, inc_y_i = 1.000000
En el else......

----------------------------------------
x = 305.000000, y = 392.000000
avance = -215.000000, avanceR = 2.000000, avanceI = 2.000000
inc_x_r = 0.000000, inc_y_r = 1.000000, inc_x_i = 1.000000, inc_y_i = 1.000000
En el else......

----------------------------------------
x = 305.000000, y = 393.000000
avance = -213.000000, avanceR = 2.000000, avanceI = 2.000000
inc_x_r = 0.000000, inc_y_r = 1.000000, inc_x_i = 1.000000, inc_y_i = 1.000000
En el else......

----------------------------------------
x = 305.000000, y = 394.000000
avance = -211.000000, avanceR = 2.000000, avanceI = 2.000000
inc_x_r = 0.000000, inc_y_r = 1.000000, inc_x_i = 1.000000, inc_y_i = 1.000000
En el else......

----------------------------------------
x = 305.000000, y = 395.000000
avance = -209.000000, avanceR = 2.000000, avanceI = 2.000000
inc_x_r = 0.000000, inc_y_r = 1.000000, inc_x_i = 1.000000, inc_y_i = 1.000000
En el else......

----------------------------------------
x = 305.000000, y = 396.000000
avance = -207.000000, avanceR = 2.000000, avanceI = 2.000000
inc_x_r = 0.000000, inc_y_r = 1.000000, inc_x_i = 1.000000, inc_y_i = 1.000000
En el else......

----------------------------------------
x = 305.000000, y = 397.000000
avance = -205.000000, avanceR = 2.000000, avanceI = 2.000000
inc_x_r = 0.000000, inc_y_r = 1.000000, inc_x_i = 1.000000, inc_y_i = 1.000000
En el else......

----------------------------------------
x = 305.000000, y = 398.000000
avance = -203.000000, avanceR = 2.000000, avanceI = 2.000000
inc_x_r = 0.000000, inc_y_r = 1.000000, inc_x_i = 1.000000, inc_y_i = 1.000000
En el else......

----------------------------------------
x = 305.000000, y = 399.000000
avance = -201.000000, avanceR = 2.000000, avanceI = 2.000000
inc_x_r = 0.000000, inc_y_r = 1.000000, inc_x_i = 1.000000, inc_y_i = 1.000000
En el else......

----------------------------------------
hora de salir del bucle mi pana


ENTRAMOS A BRESENHAMªªªª
x1 = 295.000000 - y1 = 365.000000 || x2 = 296.000000 - y2 = 616.000000
dy = 251.000000, dx = 1.000000
avances inclinados: inc_x_i = 1.000000, inc_y_i = 1.000000
updated: dy = 251.000000, dx = 1.000000
avances rectos: inc_x_r = 0.000000, inc_y_r 1.000000
reupdated: dy = 1.000000, dx = 251.000000
avanceR = 2.000000, avance -249.000000, avanceI 2.000000
----------------------------------------
x = 295.000000, y = 365.000000
avance = -249.000000, avanceR = 2.000000, avanceI = 2.000000
inc_x_r = 0.000000, inc_y_r = 1.000000, inc_x_i = 1.000000, inc_y_i = 1.000000
En el else......

----------------------------------------
x = 295.000000, y = 366.000000
avance = -247.000000, avanceR = 2.000000, avanceI = 2.000000
inc_x_r = 0.000000, inc_y_r = 1.000000, inc_x_i = 1.000000, inc_y_i = 1.000000
En el else......

----------------------------------------
x = 295.000000, y = 367.000000
avance = -245.000000, avanceR = 2.000000, avanceI = 2.000000
inc_x_r = 0.000000, inc_y_r = 1.000000, inc_x_i = 1.000000, inc_y_i = 1.000000
En el else......

----------------------------------------
x = 295.000000, y = 368.000000
avance = -243.000000, avanceR = 2.000000, avanceI = 2.000000
inc_x_r = 0.000000, inc_y_r = 1.000000, inc_x_i = 1.000000, inc_y_i = 1.000000
En el else......

----------------------------------------
x = 295.000000, y = 369.000000
avance = -241.000000, avanceR = 2.000000, avanceI = 2.000000
inc_x_r = 0.000000, inc_y_r = 1.000000, inc_x_i = 1.000000, inc_y_i = 1.000000
En el else......

----------------------------------------
x = 295.000000, y = 370.000000
avance = -239.000000, avanceR = 2.000000, avanceI = 2.000000
inc_x_r = 0.000000, inc_y_r = 1.000000, inc_x_i = 1.000000, inc_y_i = 1.000000
En el else......

----------------------------------------
x = 295.000000, y = 371.000000
avance = -237.000000, avanceR = 2.000000, avanceI = 2.000000
inc_x_r = 0.000000, inc_y_r = 1.000000, inc_x_i = 1.000000, inc_y_i = 1.000000
En el else......

----------------------------------------
x = 295.000000, y = 372.000000
avance = -235.000000, avanceR = 2.000000, avanceI = 2.000000
inc_x_r = 0.000000, inc_y_r = 1.000000, inc_x_i = 1.000000, inc_y_i = 1.000000
En el else......

----------------------------------------
x = 295.000000, y = 373.000000
avance = -233.000000, avanceR = 2.000000, avanceI = 2.000000
inc_x_r = 0.000000, inc_y_r = 1.000000, inc_x_i = 1.000000, inc_y_i = 1.000000
En el else......

----------------------------------------
x = 295.000000, y = 374.000000
avance = -231.000000, avanceR = 2.000000, avanceI = 2.000000
inc_x_r = 0.000000, inc_y_r = 1.000000, inc_x_i = 1.000000, inc_y_i = 1.000000
En el else......

----------------------------------------
x = 295.000000, y = 375.000000
avance = -229.000000, avanceR = 2.000000, avanceI = 2.000000
inc_x_r = 0.000000, inc_y_r = 1.000000, inc_x_i = 1.000000, inc_y_i = 1.000000
En el else......

----------------------------------------
x = 295.000000, y = 376.000000
avance = -227.000000, avanceR = 2.000000, avanceI = 2.000000
inc_x_r = 0.000000, inc_y_r = 1.000000, inc_x_i = 1.000000, inc_y_i = 1.000000
En el else......

----------------------------------------
x = 295.000000, y = 377.000000
avance = -225.000000, avanceR = 2.000000, avanceI = 2.000000
inc_x_r = 0.000000, inc_y_r = 1.000000, inc_x_i = 1.000000, inc_y_i = 1.000000
En el else......

----------------------------------------
x = 295.000000, y = 378.000000
avance = -223.000000, avanceR = 2.000000, avanceI = 2.000000
inc_x_r = 0.000000, inc_y_r = 1.000000, inc_x_i = 1.000000, inc_y_i = 1.000000
En el else......

----------------------------------------
x = 295.000000, y = 379.000000
avance = -221.000000, avanceR = 2.000000, avanceI = 2.000000
inc_x_r = 0.000000, inc_y_r = 1.000000, inc_x_i = 1.000000, inc_y_i = 1.000000
En el else......

----------------------------------------
x = 295.000000, y = 380.000000
avance = -219.000000, avanceR = 2.000000, avanceI = 2.000000
inc_x_r = 0.000000, inc_y_r = 1.000000, inc_x_i = 1.000000, inc_y_i = 1.000000
En el else......

----------------------------------------
x = 295.000000, y = 381.000000
avance = -217.000000, avanceR = 2.000000, avanceI = 2.000000
inc_x_r = 0.000000, inc_y_r = 1.000000, inc_x_i = 1.000000, inc_y_i = 1.000000
En el else......

----------------------------------------
x = 295.000000, y = 382.000000
avance = -215.000000, avanceR = 2.000000, avanceI = 2.000000
inc_x_r = 0.000000, inc_y_r = 1.000000, inc_x_i = 1.000000, inc_y_i = 1.000000
En el else......

----------------------------------------
x = 295.000000, y = 383.000000
avance = -213.000000, avanceR = 2.000000, avanceI = 2.000000
inc_x_r = 0.000000, inc_y_r = 1.000000, inc_x_i = 1.000000, inc_y_i = 1.000000
En el else......

----------------------------------------
x = 295.000000, y = 384.000000
avance = -211.000000, avanceR = 2.000000, avanceI = 2.000000
inc_x_r = 0.000000, inc_y_r = 1.000000, inc_x_i = 1.000000, inc_y_i = 1.000000
En el else......

----------------------------------------
x = 295.000000, y = 385.000000
avance = -209.000000, avanceR = 2.000000, avanceI = 2.000000
inc_x_r = 0.000000, inc_y_r = 1.000000, inc_x_i = 1.000000, inc_y_i = 1.000000
En el else......

----------------------------------------
x = 295.000000, y = 386.000000
avance = -207.000000, avanceR = 2.000000, avanceI = 2.000000
inc_x_r = 0.000000, inc_y_r = 1.000000, inc_x_i = 1.000000, inc_y_i = 1.000000
En el else......

----------------------------------------
x = 295.000000, y = 387.000000
avance = -205.000000, avanceR = 2.000000, avanceI = 2.000000
inc_x_r = 0.000000, inc_y_r = 1.000000, inc_x_i = 1.000000, inc_y_i = 1.000000
En el else......

----------------------------------------
x = 295.000000, y = 388.000000
avance = -203.000000, avanceR = 2.000000, avanceI = 2.000000
inc_x_r = 0.000000, inc_y_r = 1.000000, inc_x_i = 1.000000, inc_y_i = 1.000000
En el else......

----------------------------------------
x = 295.000000, y = 389.000000
avance = -201.000000, avanceR = 2.000000, avanceI = 2.000000
inc_x_r = 0.000000, inc_y_r = 1.000000, inc_x_i = 1.000000, inc_y_i = 1.000000
En el else......

----------------------------------------
x = 295.000000, y = 390.000000
avance = -199.000000, avanceR = 2.000000, avanceI = 2.000000
inc_x_r = 0.000000, inc_y_r = 1.000000, inc_x_i = 1.000000, inc_y_i = 1.000000
En el else......

----------------------------------------
x = 295.000000, y = 391.000000
avance = -197.000000, avanceR = 2.000000, avanceI = 2.000000
inc_x_r = 0.000000, inc_y_r = 1.000000, inc_x_i = 1.000000, inc_y_i = 1.000000
En el else......

----------------------------------------
x = 295.000000, y = 392.000000
avance = -195.000000, avanceR = 2.000000, avanceI = 2.000000
inc_x_r = 0.000000, inc_y_r = 1.000000, inc_x_i = 1.000000, inc_y_i = 1.000000
En el else......

----------------------------------------
x = 295.000000, y = 393.000000
avance = -193.000000, avanceR = 2.000000, avanceI = 2.000000
inc_x_r = 0.000000, inc_y_r = 1.000000, inc_x_i = 1.000000, inc_y_i = 1.000000
En el else......

----------------------------------------
x = 295.000000, y = 394.000000
avance = -191.000000, avanceR = 2.000000, avanceI = 2.000000
inc_x_r = 0.000000, inc_y_r = 1.000000, inc_x_i = 1.000000, inc_y_i = 1.000000
En el else......

----------------------------------------
x = 295.000000, y = 395.000000
avance = -189.000000, avanceR = 2.000000, avanceI = 2.000000
inc_x_r = 0.000000, inc_y_r = 1.000000, inc_x_i = 1.000000, inc_y_i = 1.000000
En el else......

----------------------------------------
x = 295.000000, y = 396.000000
avance = -187.000000, avanceR = 2.000000, avanceI = 2.000000
inc_x_r = 0.000000, inc_y_r = 1.000000, inc_x_i = 1.000000, inc_y_i = 1.000000
En el else......

----------------------------------------
x = 295.000000, y = 397.000000
avance = -185.000000, avanceR = 2.000000, avanceI = 2.000000
inc_x_r = 0.000000, inc_y_r = 1.000000, inc_x_i = 1.000000, inc_y_i = 1.000000
En el else......

----------------------------------------
x = 295.000000, y = 398.000000
avance = -183.000000, avanceR = 2.000000, avanceI = 2.000000
inc_x_r = 0.000000, inc_y_r = 1.000000, inc_x_i = 1.000000, inc_y_i = 1.000000
En el else......

----------------------------------------
x = 295.000000, y = 399.000000
avance = -181.000000, avanceR = 2.000000, avanceI = 2.000000
inc_x_r = 0.000000, inc_y_r = 1.000000, inc_x_i = 1.000000, inc_y_i = 1.000000
En el else......

----------------------------------------
hora de salir del bucle mi pana


ENTRAMOS A BRESENHAMªªªª
x1 = 285.000000 - y1 = 355.000000 || x2 = 286.000000 - y2 = 606.000000
dy = 251.000000, dx = 1.000000
avances inclinados: inc_x_i = 1.000000, inc_y_i = 1.000000
updated: dy = 251.000000, dx = 1.000000
avances rectos: inc_x_r = 0.000000, inc_y_r 1.000000
reupdated: dy = 1.000000, dx = 251.000000
avanceR = 2.000000, avance -249.000000, avanceI 2.000000
----------------------------------------
x = 285.000000, y = 355.000000
avance = -249.000000, avanceR = 2.000000, avanceI = 2.000000
inc_x_r = 0.000000, inc_y_r = 1.000000, inc_x_i = 1.000000, inc_y_i = 1.000000
En el else......

----------------------------------------
x = 285.000000, y = 356.000000
avance = -247.000000, avanceR = 2.000000, avanceI = 2.000000
inc_x_r = 0.000000, inc_y_r = 1.000000, inc_x_i = 1.000000, inc_y_i = 1.000000
En el else......

----------------------------------------
x = 285.000000, y = 357.000000
avance = -245.000000, avanceR = 2.000000, avanceI = 2.000000
inc_x_r = 0.000000, inc_y_r = 1.000000, inc_x_i = 1.000000, inc_y_i = 1.000000
En el else......

----------------------------------------
x = 285.000000, y = 358.000000
avance = -243.000000, avanceR = 2.000000, avanceI = 2.000000
inc_x_r = 0.000000, inc_y_r = 1.000000, inc_x_i = 1.000000, inc_y_i = 1.000000
En el else......

----------------------------------------
x = 285.000000, y = 359.000000
avance = -241.000000, avanceR = 2.000000, avanceI = 2.000000
inc_x_r = 0.000000, inc_y_r = 1.000000, inc_x_i = 1.000000, inc_y_i = 1.000000
En el else......

----------------------------------------
x = 285.000000, y = 360.000000
avance = -239.000000, avanceR = 2.000000, avanceI = 2.000000
inc_x_r = 0.000000, inc_y_r = 1.000000, inc_x_i = 1.000000, inc_y_i = 1.000000
En el else......

----------------------------------------
x = 285.000000, y = 361.000000
avance = -237.000000, avanceR = 2.000000, avanceI = 2.000000
inc_x_r = 0.000000, inc_y_r = 1.000000, inc_x_i = 1.000000, inc_y_i = 1.000000
En el else......

----------------------------------------
x = 285.000000, y = 362.000000
avance = -235.000000, avanceR = 2.000000, avanceI = 2.000000
inc_x_r = 0.000000, inc_y_r = 1.000000, inc_x_i = 1.000000, inc_y_i = 1.000000
En el else......

----------------------------------------
x = 285.000000, y = 363.000000
avance = -233.000000, avanceR = 2.000000, avanceI = 2.000000
inc_x_r = 0.000000, inc_y_r = 1.000000, inc_x_i = 1.000000, inc_y_i = 1.000000
En el else......

----------------------------------------
x = 285.000000, y = 364.000000
avance = -231.000000, avanceR = 2.000000, avanceI = 2.000000
inc_x_r = 0.000000, inc_y_r = 1.000000, inc_x_i = 1.000000, inc_y_i = 1.000000
En el else......

----------------------------------------
x = 285.000000, y = 365.000000
avance = -229.000000, avanceR = 2.000000, avanceI = 2.000000
inc_x_r = 0.000000, inc_y_r = 1.000000, inc_x_i = 1.000000, inc_y_i = 1.000000
En el else......

----------------------------------------
x = 285.000000, y = 366.000000
avance = -227.000000, avanceR = 2.000000, avanceI = 2.000000
inc_x_r = 0.000000, inc_y_r = 1.000000, inc_x_i = 1.000000, inc_y_i = 1.000000
En el else......

----------------------------------------
x = 285.000000, y = 367.000000
avance = -225.000000, avanceR = 2.000000, avanceI = 2.000000
inc_x_r = 0.000000, inc_y_r = 1.000000, inc_x_i = 1.000000, inc_y_i = 1.000000
En el else......

----------------------------------------
x = 285.000000, y = 368.000000
avance = -223.000000, avanceR = 2.000000, avanceI = 2.000000
inc_x_r = 0.000000, inc_y_r = 1.000000, inc_x_i = 1.000000, inc_y_i = 1.000000
En el else......

----------------------------------------
x = 285.000000, y = 369.000000
avance = -221.000000, avanceR = 2.000000, avanceI = 2.000000
inc_x_r = 0.000000, inc_y_r = 1.000000, inc_x_i = 1.000000, inc_y_i = 1.000000
En el else......

----------------------------------------
x = 285.000000, y = 370.000000
avance = -219.000000, avanceR = 2.000000, avanceI = 2.000000
inc_x_r = 0.000000, inc_y_r = 1.000000, inc_x_i = 1.000000, inc_y_i = 1.000000
En el else......

----------------------------------------
x = 285.000000, y = 371.000000
avance = -217.000000, avanceR = 2.000000, avanceI = 2.000000
inc_x_r = 0.000000, inc_y_r = 1.000000, inc_x_i = 1.000000, inc_y_i = 1.000000
En el else......

----------------------------------------
x = 285.000000, y = 372.000000
avance = -215.000000, avanceR = 2.000000, avanceI = 2.000000
inc_x_r = 0.000000, inc_y_r = 1.000000, inc_x_i = 1.000000, inc_y_i = 1.000000
En el else......

----------------------------------------
x = 285.000000, y = 373.000000
avance = -213.000000, avanceR = 2.000000, avanceI = 2.000000
inc_x_r = 0.000000, inc_y_r = 1.000000, inc_x_i = 1.000000, inc_y_i = 1.000000
En el else......

----------------------------------------
x = 285.000000, y = 374.000000
avance = -211.000000, avanceR = 2.000000, avanceI = 2.000000
inc_x_r = 0.000000, inc_y_r = 1.000000, inc_x_i = 1.000000, inc_y_i = 1.000000
En el else......

----------------------------------------
x = 285.000000, y = 375.000000
avance = -209.000000, avanceR = 2.000000, avanceI = 2.000000
inc_x_r = 0.000000, inc_y_r = 1.000000, inc_x_i = 1.000000, inc_y_i = 1.000000
En el else......

----------------------------------------
x = 285.000000, y = 376.000000
avance = -207.000000, avanceR = 2.000000, avanceI = 2.000000
inc_x_r = 0.000000, inc_y_r = 1.000000, inc_x_i = 1.000000, inc_y_i = 1.000000
En el else......

----------------------------------------
x = 285.000000, y = 377.000000
avance = -205.000000, avanceR = 2.000000, avanceI = 2.000000
inc_x_r = 0.000000, inc_y_r = 1.000000, inc_x_i = 1.000000, inc_y_i = 1.000000
En el else......

----------------------------------------
x = 285.000000, y = 378.000000
avance = -203.000000, avanceR = 2.000000, avanceI = 2.000000
inc_x_r = 0.000000, inc_y_r = 1.000000, inc_x_i = 1.000000, inc_y_i = 1.000000
En el else......

----------------------------------------
x = 285.000000, y = 379.000000
avance = -201.000000, avanceR = 2.000000, avanceI = 2.000000
inc_x_r = 0.000000, inc_y_r = 1.000000, inc_x_i = 1.000000, inc_y_i = 1.000000
En el else......

----------------------------------------
x = 285.000000, y = 380.000000
avance = -199.000000, avanceR = 2.000000, avanceI = 2.000000
inc_x_r = 0.000000, inc_y_r = 1.000000, inc_x_i = 1.000000, inc_y_i = 1.000000
En el else......

----------------------------------------
x = 285.000000, y = 381.000000
avance = -197.000000, avanceR = 2.000000, avanceI = 2.000000
inc_x_r = 0.000000, inc_y_r = 1.000000, inc_x_i = 1.000000, inc_y_i = 1.000000
En el else......

----------------------------------------
x = 285.000000, y = 382.000000
avance = -195.000000, avanceR = 2.000000, avanceI = 2.000000
inc_x_r = 0.000000, inc_y_r = 1.000000, inc_x_i = 1.000000, inc_y_i = 1.000000
En el else......

----------------------------------------
x = 285.000000, y = 383.000000
avance = -193.000000, avanceR = 2.000000, avanceI = 2.000000
inc_x_r = 0.000000, inc_y_r = 1.000000, inc_x_i = 1.000000, inc_y_i = 1.000000
En el else......

----------------------------------------
x = 285.000000, y = 384.000000
avance = -191.000000, avanceR = 2.000000, avanceI = 2.000000
inc_x_r = 0.000000, inc_y_r = 1.000000, inc_x_i = 1.000000, inc_y_i = 1.000000
En el else......

----------------------------------------
x = 285.000000, y = 385.000000
avance = -189.000000, avanceR = 2.000000, avanceI = 2.000000
inc_x_r = 0.000000, inc_y_r = 1.000000, inc_x_i = 1.000000, inc_y_i = 1.000000
En el else......

----------------------------------------
x = 285.000000, y = 386.000000
avance = -187.000000, avanceR = 2.000000, avanceI = 2.000000
inc_x_r = 0.000000, inc_y_r = 1.000000, inc_x_i = 1.000000, inc_y_i = 1.000000
En el else......

----------------------------------------
x = 285.000000, y = 387.000000
avance = -185.000000, avanceR = 2.000000, avanceI = 2.000000
inc_x_r = 0.000000, inc_y_r = 1.000000, inc_x_i = 1.000000, inc_y_i = 1.000000
En el else......

----------------------------------------
x = 285.000000, y = 388.000000
avance = -183.000000, avanceR = 2.000000, avanceI = 2.000000
inc_x_r = 0.000000, inc_y_r = 1.000000, inc_x_i = 1.000000, inc_y_i = 1.000000
En el else......

----------------------------------------
x = 285.000000, y = 389.000000
avance = -181.000000, avanceR = 2.000000, avanceI = 2.000000
inc_x_r = 0.000000, inc_y_r = 1.000000, inc_x_i = 1.000000, inc_y_i = 1.000000
En el else......

----------------------------------------
x = 285.000000, y = 390.000000
avance = -179.000000, avanceR = 2.000000, avanceI = 2.000000
inc_x_r = 0.000000, inc_y_r = 1.000000, inc_x_i = 1.000000, inc_y_i = 1.000000
En el else......

----------------------------------------
x = 285.000000, y = 391.000000
avance = -177.000000, avanceR = 2.000000, avanceI = 2.000000
inc_x_r = 0.000000, inc_y_r = 1.000000, inc_x_i = 1.000000, inc_y_i = 1.000000
En el else......

----------------------------------------
x = 285.000000, y = 392.000000
avance = -175.000000, avanceR = 2.000000, avanceI = 2.000000
inc_x_r = 0.000000, inc_y_r = 1.000000, inc_x_i = 1.000000, inc_y_i = 1.000000
En el else......

----------------------------------------
x = 285.000000, y = 393.000000
avance = -173.000000, avanceR = 2.000000, avanceI = 2.000000
inc_x_r = 0.000000, inc_y_r = 1.000000, inc_x_i = 1.000000, inc_y_i = 1.000000
En el else......

----------------------------------------
x = 285.000000, y = 394.000000
avance = -171.000000, avanceR = 2.000000, avanceI = 2.000000
inc_x_r = 0.000000, inc_y_r = 1.000000, inc_x_i = 1.000000, inc_y_i = 1.000000
En el else......

----------------------------------------
x = 285.000000, y = 395.000000
avance = -169.000000, avanceR = 2.000000, avanceI = 2.000000
inc_x_r = 0.000000, inc_y_r = 1.000000, inc_x_i = 1.000000, inc_y_i = 1.000000
En el else......

----------------------------------------
x = 285.000000, y = 396.000000
avance = -167.000000, avanceR = 2.000000, avanceI = 2.000000
inc_x_r = 0.000000, inc_y_r = 1.000000, inc_x_i = 1.000000, inc_y_i = 1.000000
En el else......

----------------------------------------
x = 285.000000, y = 397.000000
avance = -165.000000, avanceR = 2.000000, avanceI = 2.000000
inc_x_r = 0.000000, inc_y_r = 1.000000, inc_x_i = 1.000000, inc_y_i = 1.000000
En el else......

----------------------------------------
x = 285.000000, y = 398.000000
avance = -163.000000, avanceR = 2.000000, avanceI = 2.000000
inc_x_r = 0.000000, inc_y_r = 1.000000, inc_x_i = 1.000000, inc_y_i = 1.000000
En el else......

----------------------------------------
x = 285.000000, y = 399.000000
avance = -161.000000, avanceR = 2.000000, avanceI = 2.000000
inc_x_r = 0.000000, inc_y_r = 1.000000, inc_x_i = 1.000000, inc_y_i = 1.000000
En el else......

----------------------------------------
hora de salir del bucle mi pana


ENTRAMOS A BRESENHAMªªªª
x1 = 275.000000 - y1 = 345.000000 || x2 = 276.000000 - y2 = 596.000000
dy = 251.000000, dx = 1.000000
avances inclinados: inc_x_i = 1.000000, inc_y_i = 1.000000
updated: dy = 251.000000, dx = 1.000000
avances rectos: inc_x_r = 0.000000, inc_y_r 1.000000
reupdated: dy = 1.000000, dx = 251.000000
avanceR = 2.000000, avance -249.000000, avanceI 2.000000
----------------------------------------
x = 275.000000, y = 345.000000
avance = -249.000000, avanceR = 2.000000, avanceI = 2.000000
inc_x_r = 0.000000, inc_y_r = 1.000000, inc_x_i = 1.000000, inc_y_i = 1.000000
En el else......

----------------------------------------
x = 275.000000, y = 346.000000
avance = -247.000000, avanceR = 2.000000, avanceI = 2.000000
inc_x_r = 0.000000, inc_y_r = 1.000000, inc_x_i = 1.000000, inc_y_i = 1.000000
En el else......

----------------------------------------
x = 275.000000, y = 347.000000
avance = -245.000000, avanceR = 2.000000, avanceI = 2.000000
inc_x_r = 0.000000, inc_y_r = 1.000000, inc_x_i = 1.000000, inc_y_i = 1.000000
En el else......

----------------------------------------
x = 275.000000, y = 348.000000
avance = -243.000000, avanceR = 2.000000, avanceI = 2.000000
inc_x_r = 0.000000, inc_y_r = 1.000000, inc_x_i = 1.000000, inc_y_i = 1.000000
En el else......

----------------------------------------
x = 275.000000, y = 349.000000
avance = -241.000000, avanceR = 2.000000, avanceI = 2.000000
inc_x_r = 0.000000, inc_y_r = 1.000000, inc_x_i = 1.000000, inc_y_i = 1.000000
En el else......

----------------------------------------
x = 275.000000, y = 350.000000
avance = -239.000000, avanceR = 2.000000, avanceI = 2.000000
inc_x_r = 0.000000, inc_y_r = 1.000000, inc_x_i = 1.000000, inc_y_i = 1.000000
En el else......

----------------------------------------
x = 275.000000, y = 351.000000
avance = -237.000000, avanceR = 2.000000, avanceI = 2.000000
inc_x_r = 0.000000, inc_y_r = 1.000000, inc_x_i = 1.000000, inc_y_i = 1.000000
En el else......

----------------------------------------
x = 275.000000, y = 352.000000
avance = -235.000000, avanceR = 2.000000, avanceI = 2.000000
inc_x_r = 0.000000, inc_y_r = 1.000000, inc_x_i = 1.000000, inc_y_i = 1.000000
En el else......

----------------------------------------
x = 275.000000, y = 353.000000
avance = -233.000000, avanceR = 2.000000, avanceI = 2.000000
inc_x_r = 0.000000, inc_y_r = 1.000000, inc_x_i = 1.000000, inc_y_i = 1.000000
En el else......

----------------------------------------
x = 275.000000, y = 354.000000
avance = -231.000000, avanceR = 2.000000, avanceI = 2.000000
inc_x_r = 0.000000, inc_y_r = 1.000000, inc_x_i = 1.000000, inc_y_i = 1.000000
En el else......

----------------------------------------
x = 275.000000, y = 355.000000
avance = -229.000000, avanceR = 2.000000, avanceI = 2.000000
inc_x_r = 0.000000, inc_y_r = 1.000000, inc_x_i = 1.000000, inc_y_i = 1.000000
En el else......

----------------------------------------
x = 275.000000, y = 356.000000
avance = -227.000000, avanceR = 2.000000, avanceI = 2.000000
inc_x_r = 0.000000, inc_y_r = 1.000000, inc_x_i = 1.000000, inc_y_i = 1.000000
En el else......

----------------------------------------
x = 275.000000, y = 357.000000
avance = -225.000000, avanceR = 2.000000, avanceI = 2.000000
inc_x_r = 0.000000, inc_y_r = 1.000000, inc_x_i = 1.000000, inc_y_i = 1.000000
En el else......

----------------------------------------
x = 275.000000, y = 358.000000
avance = -223.000000, avanceR = 2.000000, avanceI = 2.000000
inc_x_r = 0.000000, inc_y_r = 1.000000, inc_x_i = 1.000000, inc_y_i = 1.000000
En el else......

----------------------------------------
x = 275.000000, y = 359.000000
avance = -221.000000, avanceR = 2.000000, avanceI = 2.000000
inc_x_r = 0.000000, inc_y_r = 1.000000, inc_x_i = 1.000000, inc_y_i = 1.000000
En el else......

----------------------------------------
x = 275.000000, y = 360.000000
avance = -219.000000, avanceR = 2.000000, avanceI = 2.000000
inc_x_r = 0.000000, inc_y_r = 1.000000, inc_x_i = 1.000000, inc_y_i = 1.000000
En el else......

----------------------------------------
x = 275.000000, y = 361.000000
avance = -217.000000, avanceR = 2.000000, avanceI = 2.000000
inc_x_r = 0.000000, inc_y_r = 1.000000, inc_x_i = 1.000000, inc_y_i = 1.000000
En el else......

----------------------------------------
x = 275.000000, y = 362.000000
avance = -215.000000, avanceR = 2.000000, avanceI = 2.000000
inc_x_r = 0.000000, inc_y_r = 1.000000, inc_x_i = 1.000000, inc_y_i = 1.000000
En el else......

----------------------------------------
x = 275.000000, y = 363.000000
avance = -213.000000, avanceR = 2.000000, avanceI = 2.000000
inc_x_r = 0.000000, inc_y_r = 1.000000, inc_x_i = 1.000000, inc_y_i = 1.000000
En el else......

----------------------------------------
x = 275.000000, y = 364.000000
avance = -211.000000, avanceR = 2.000000, avanceI = 2.000000
inc_x_r = 0.000000, inc_y_r = 1.000000, inc_x_i = 1.000000, inc_y_i = 1.000000
En el else......

----------------------------------------
x = 275.000000, y = 365.000000
avance = -209.000000, avanceR = 2.000000, avanceI = 2.000000
inc_x_r = 0.000000, inc_y_r = 1.000000, inc_x_i = 1.000000, inc_y_i = 1.000000
En el else......

----------------------------------------
x = 275.000000, y = 366.000000
avance = -207.000000, avanceR = 2.000000, avanceI = 2.000000
inc_x_r = 0.000000, inc_y_r = 1.000000, inc_x_i = 1.000000, inc_y_i = 1.000000
En el else......

----------------------------------------
x = 275.000000, y = 367.000000
avance = -205.000000, avanceR = 2.000000, avanceI = 2.000000
inc_x_r = 0.000000, inc_y_r = 1.000000, inc_x_i = 1.000000, inc_y_i = 1.000000
En el else......

----------------------------------------
x = 275.000000, y = 368.000000
avance = -203.000000, avanceR = 2.000000, avanceI = 2.000000
inc_x_r = 0.000000, inc_y_r = 1.000000, inc_x_i = 1.000000, inc_y_i = 1.000000
En el else......

----------------------------------------
x = 275.000000, y = 369.000000
avance = -201.000000, avanceR = 2.000000, avanceI = 2.000000
inc_x_r = 0.000000, inc_y_r = 1.000000, inc_x_i = 1.000000, inc_y_i = 1.000000
En el else......

----------------------------------------
x = 275.000000, y = 370.000000
avance = -199.000000, avanceR = 2.000000, avanceI = 2.000000
inc_x_r = 0.000000, inc_y_r = 1.000000, inc_x_i = 1.000000, inc_y_i = 1.000000
En el else......

----------------------------------------
x = 275.000000, y = 371.000000
avance = -197.000000, avanceR = 2.000000, avanceI = 2.000000
inc_x_r = 0.000000, inc_y_r = 1.000000, inc_x_i = 1.000000, inc_y_i = 1.000000
En el else......

----------------------------------------
x = 275.000000, y = 372.000000
avance = -195.000000, avanceR = 2.000000, avanceI = 2.000000
inc_x_r = 0.000000, inc_y_r = 1.000000, inc_x_i = 1.000000, inc_y_i = 1.000000
En el else......

----------------------------------------
x = 275.000000, y = 373.000000
avance = -193.000000, avanceR = 2.000000, avanceI = 2.000000
inc_x_r = 0.000000, inc_y_r = 1.000000, inc_x_i = 1.000000, inc_y_i = 1.000000
En el else......

----------------------------------------
x = 275.000000, y = 374.000000
avance = -191.000000, avanceR = 2.000000, avanceI = 2.000000
inc_x_r = 0.000000, inc_y_r = 1.000000, inc_x_i = 1.000000, inc_y_i = 1.000000
En el else......

----------------------------------------
x = 275.000000, y = 375.000000
avance = -189.000000, avanceR = 2.000000, avanceI = 2.000000
inc_x_r = 0.000000, inc_y_r = 1.000000, inc_x_i = 1.000000, inc_y_i = 1.000000
En el else......

----------------------------------------
x = 275.000000, y = 376.000000
avance = -187.000000, avanceR = 2.000000, avanceI = 2.000000
inc_x_r = 0.000000, inc_y_r = 1.000000, inc_x_i = 1.000000, inc_y_i = 1.000000
En el else......

----------------------------------------
x = 275.000000, y = 377.000000
avance = -185.000000, avanceR = 2.000000, avanceI = 2.000000
inc_x_r = 0.000000, inc_y_r = 1.000000, inc_x_i = 1.000000, inc_y_i = 1.000000
En el else......

----------------------------------------
x = 275.000000, y = 378.000000
avance = -183.000000, avanceR = 2.000000, avanceI = 2.000000
inc_x_r = 0.000000, inc_y_r = 1.000000, inc_x_i = 1.000000, inc_y_i = 1.000000
En el else......

----------------------------------------
x = 275.000000, y = 379.000000
avance = -181.000000, avanceR = 2.000000, avanceI = 2.000000
inc_x_r = 0.000000, inc_y_r = 1.000000, inc_x_i = 1.000000, inc_y_i = 1.000000
En el else......

----------------------------------------
x = 275.000000, y = 380.000000
avance = -179.000000, avanceR = 2.000000, avanceI = 2.000000
inc_x_r = 0.000000, inc_y_r = 1.000000, inc_x_i = 1.000000, inc_y_i = 1.000000
En el else......

----------------------------------------
x = 275.000000, y = 381.000000
avance = -177.000000, avanceR = 2.000000, avanceI = 2.000000
inc_x_r = 0.000000, inc_y_r = 1.000000, inc_x_i = 1.000000, inc_y_i = 1.000000
En el else......

----------------------------------------
x = 275.000000, y = 382.000000
avance = -175.000000, avanceR = 2.000000, avanceI = 2.000000
inc_x_r = 0.000000, inc_y_r = 1.000000, inc_x_i = 1.000000, inc_y_i = 1.000000
En el else......

----------------------------------------
x = 275.000000, y = 383.000000
avance = -173.000000, avanceR = 2.000000, avanceI = 2.000000
inc_x_r = 0.000000, inc_y_r = 1.000000, inc_x_i = 1.000000, inc_y_i = 1.000000
En el else......

----------------------------------------
x = 275.000000, y = 384.000000
avance = -171.000000, avanceR = 2.000000, avanceI = 2.000000
inc_x_r = 0.000000, inc_y_r = 1.000000, inc_x_i = 1.000000, inc_y_i = 1.000000
En el else......

----------------------------------------
x = 275.000000, y = 385.000000
avance = -169.000000, avanceR = 2.000000, avanceI = 2.000000
inc_x_r = 0.000000, inc_y_r = 1.000000, inc_x_i = 1.000000, inc_y_i = 1.000000
En el else......

----------------------------------------
x = 275.000000, y = 386.000000
avance = -167.000000, avanceR = 2.000000, avanceI = 2.000000
inc_x_r = 0.000000, inc_y_r = 1.000000, inc_x_i = 1.000000, inc_y_i = 1.000000
En el else......

----------------------------------------
x = 275.000000, y = 387.000000
avance = -165.000000, avanceR = 2.000000, avanceI = 2.000000
inc_x_r = 0.000000, inc_y_r = 1.000000, inc_x_i = 1.000000, inc_y_i = 1.000000
En el else......

----------------------------------------
x = 275.000000, y = 388.000000
avance = -163.000000, avanceR = 2.000000, avanceI = 2.000000
inc_x_r = 0.000000, inc_y_r = 1.000000, inc_x_i = 1.000000, inc_y_i = 1.000000
En el else......

----------------------------------------
x = 275.000000, y = 389.000000
avance = -161.000000, avanceR = 2.000000, avanceI = 2.000000
inc_x_r = 0.000000, inc_y_r = 1.000000, inc_x_i = 1.000000, inc_y_i = 1.000000
En el else......

----------------------------------------
x = 275.000000, y = 390.000000
avance = -159.000000, avanceR = 2.000000, avanceI = 2.000000
inc_x_r = 0.000000, inc_y_r = 1.000000, inc_x_i = 1.000000, inc_y_i = 1.000000
En el else......

----------------------------------------
x = 275.000000, y = 391.000000
avance = -157.000000, avanceR = 2.000000, avanceI = 2.000000
inc_x_r = 0.000000, inc_y_r = 1.000000, inc_x_i = 1.000000, inc_y_i = 1.000000
En el else......

----------------------------------------
x = 275.000000, y = 392.000000
avance = -155.000000, avanceR = 2.000000, avanceI = 2.000000
inc_x_r = 0.000000, inc_y_r = 1.000000, inc_x_i = 1.000000, inc_y_i = 1.000000
En el else......

----------------------------------------
x = 275.000000, y = 393.000000
avance = -153.000000, avanceR = 2.000000, avanceI = 2.000000
inc_x_r = 0.000000, inc_y_r = 1.000000, inc_x_i = 1.000000, inc_y_i = 1.000000
En el else......

----------------------------------------
x = 275.000000, y = 394.000000
avance = -151.000000, avanceR = 2.000000, avanceI = 2.000000
inc_x_r = 0.000000, inc_y_r = 1.000000, inc_x_i = 1.000000, inc_y_i = 1.000000
En el else......

----------------------------------------
x = 275.000000, y = 395.000000
avance = -149.000000, avanceR = 2.000000, avanceI = 2.000000
inc_x_r = 0.000000, inc_y_r = 1.000000, inc_x_i = 1.000000, inc_y_i = 1.000000
En el else......

----------------------------------------
x = 275.000000, y = 396.000000
avance = -147.000000, avanceR = 2.000000, avanceI = 2.000000
inc_x_r = 0.000000, inc_y_r = 1.000000, inc_x_i = 1.000000, inc_y_i = 1.000000
En el else......

----------------------------------------
x = 275.000000, y = 397.000000
avance = -145.000000, avanceR = 2.000000, avanceI = 2.000000
inc_x_r = 0.000000, inc_y_r = 1.000000, inc_x_i = 1.000000, inc_y_i = 1.000000
En el else......

----------------------------------------
x = 275.000000, y = 398.000000
avance = -143.000000, avanceR = 2.000000, avanceI = 2.000000
inc_x_r = 0.000000, inc_y_r = 1.000000, inc_x_i = 1.000000, inc_y_i = 1.000000
En el else......

----------------------------------------
x = 275.000000, y = 399.000000
avance = -141.000000, avanceR = 2.000000, avanceI = 2.000000
inc_x_r = 0.000000, inc_y_r = 1.000000, inc_x_i = 1.000000, inc_y_i = 1.000000
En el else......

----------------------------------------
hora de salir del bucle mi pana


ENTRAMOS A BRESENHAMªªªª
x1 = 265.000000 - y1 = 335.000000 || x2 = 266.000000 - y2 = 586.000000
dy = 251.000000, dx = 1.000000
avances inclinados: inc_x_i = 1.000000, inc_y_i = 1.000000
updated: dy = 251.000000, dx = 1.000000
avances rectos: inc_x_r = 0.000000, inc_y_r 1.000000
reupdated: dy = 1.000000, dx = 251.000000
avanceR = 2.000000, avance -249.000000, avanceI 2.000000
----------------------------------------
x = 265.000000, y = 335.000000
avance = -249.000000, avanceR = 2.000000, avanceI = 2.000000
inc_x_r = 0.000000, inc_y_r = 1.000000, inc_x_i = 1.000000, inc_y_i = 1.000000
En el else......

----------------------------------------
x = 265.000000, y = 336.000000
avance = -247.000000, avanceR = 2.000000, avanceI = 2.000000
inc_x_r = 0.000000, inc_y_r = 1.000000, inc_x_i = 1.000000, inc_y_i = 1.000000
En el else......

----------------------------------------
x = 265.000000, y = 337.000000
avance = -245.000000, avanceR = 2.000000, avanceI = 2.000000
inc_x_r = 0.000000, inc_y_r = 1.000000, inc_x_i = 1.000000, inc_y_i = 1.000000
En el else......

----------------------------------------
x = 265.000000, y = 338.000000
avance = -243.000000, avanceR = 2.000000, avanceI = 2.000000
inc_x_r = 0.000000, inc_y_r = 1.000000, inc_x_i = 1.000000, inc_y_i = 1.000000
En el else......

----------------------------------------
x = 265.000000, y = 339.000000
avance = -241.000000, avanceR = 2.000000, avanceI = 2.000000
inc_x_r = 0.000000, inc_y_r = 1.000000, inc_x_i = 1.000000, inc_y_i = 1.000000
En el else......

----------------------------------------
x = 265.000000, y = 340.000000
avance = -239.000000, avanceR = 2.000000, avanceI = 2.000000
inc_x_r = 0.000000, inc_y_r = 1.000000, inc_x_i = 1.000000, inc_y_i = 1.000000
En el else......

----------------------------------------
x = 265.000000, y = 341.000000
avance = -237.000000, avanceR = 2.000000, avanceI = 2.000000
inc_x_r = 0.000000, inc_y_r = 1.000000, inc_x_i = 1.000000, inc_y_i = 1.000000
En el else......

----------------------------------------
x = 265.000000, y = 342.000000
avance = -235.000000, avanceR = 2.000000, avanceI = 2.000000
inc_x_r = 0.000000, inc_y_r = 1.000000, inc_x_i = 1.000000, inc_y_i = 1.000000
En el else......

----------------------------------------
x = 265.000000, y = 343.000000
avance = -233.000000, avanceR = 2.000000, avanceI = 2.000000
inc_x_r = 0.000000, inc_y_r = 1.000000, inc_x_i = 1.000000, inc_y_i = 1.000000
En el else......

----------------------------------------
x = 265.000000, y = 344.000000
avance = -231.000000, avanceR = 2.000000, avanceI = 2.000000
inc_x_r = 0.000000, inc_y_r = 1.000000, inc_x_i = 1.000000, inc_y_i = 1.000000
En el else......

----------------------------------------
x = 265.000000, y = 345.000000
avance = -229.000000, avanceR = 2.000000, avanceI = 2.000000
inc_x_r = 0.000000, inc_y_r = 1.000000, inc_x_i = 1.000000, inc_y_i = 1.000000
En el else......

----------------------------------------
x = 265.000000, y = 346.000000
avance = -227.000000, avanceR = 2.000000, avanceI = 2.000000
inc_x_r = 0.000000, inc_y_r = 1.000000, inc_x_i = 1.000000, inc_y_i = 1.000000
En el else......

----------------------------------------
x = 265.000000, y = 347.000000
avance = -225.000000, avanceR = 2.000000, avanceI = 2.000000
inc_x_r = 0.000000, inc_y_r = 1.000000, inc_x_i = 1.000000, inc_y_i = 1.000000
En el else......

----------------------------------------
x = 265.000000, y = 348.000000
avance = -223.000000, avanceR = 2.000000, avanceI = 2.000000
inc_x_r = 0.000000, inc_y_r = 1.000000, inc_x_i = 1.000000, inc_y_i = 1.000000
En el else......

----------------------------------------
x = 265.000000, y = 349.000000
avance = -221.000000, avanceR = 2.000000, avanceI = 2.000000
inc_x_r = 0.000000, inc_y_r = 1.000000, inc_x_i = 1.000000, inc_y_i = 1.000000
En el else......

----------------------------------------
x = 265.000000, y = 350.000000
avance = -219.000000, avanceR = 2.000000, avanceI = 2.000000
inc_x_r = 0.000000, inc_y_r = 1.000000, inc_x_i = 1.000000, inc_y_i = 1.000000
En el else......

----------------------------------------
x = 265.000000, y = 351.000000
avance = -217.000000, avanceR = 2.000000, avanceI = 2.000000
inc_x_r = 0.000000, inc_y_r = 1.000000, inc_x_i = 1.000000, inc_y_i = 1.000000
En el else......

----------------------------------------
x = 265.000000, y = 352.000000
avance = -215.000000, avanceR = 2.000000, avanceI = 2.000000
inc_x_r = 0.000000, inc_y_r = 1.000000, inc_x_i = 1.000000, inc_y_i = 1.000000
En el else......

----------------------------------------
x = 265.000000, y = 353.000000
avance = -213.000000, avanceR = 2.000000, avanceI = 2.000000
inc_x_r = 0.000000, inc_y_r = 1.000000, inc_x_i = 1.000000, inc_y_i = 1.000000
En el else......

----------------------------------------
x = 265.000000, y = 354.000000
avance = -211.000000, avanceR = 2.000000, avanceI = 2.000000
inc_x_r = 0.000000, inc_y_r = 1.000000, inc_x_i = 1.000000, inc_y_i = 1.000000
En el else......

----------------------------------------
x = 265.000000, y = 355.000000
avance = -209.000000, avanceR = 2.000000, avanceI = 2.000000
inc_x_r = 0.000000, inc_y_r = 1.000000, inc_x_i = 1.000000, inc_y_i = 1.000000
En el else......

----------------------------------------
x = 265.000000, y = 356.000000
avance = -207.000000, avanceR = 2.000000, avanceI = 2.000000
inc_x_r = 0.000000, inc_y_r = 1.000000, inc_x_i = 1.000000, inc_y_i = 1.000000
En el else......

----------------------------------------
x = 265.000000, y = 357.000000
avance = -205.000000, avanceR = 2.000000, avanceI = 2.000000
inc_x_r = 0.000000, inc_y_r = 1.000000, inc_x_i = 1.000000, inc_y_i = 1.000000
En el else......

----------------------------------------
x = 265.000000, y = 358.000000
avance = -203.000000, avanceR = 2.000000, avanceI = 2.000000
inc_x_r = 0.000000, inc_y_r = 1.000000, inc_x_i = 1.000000, inc_y_i = 1.000000
En el else......

----------------------------------------
x = 265.000000, y = 359.000000
avance = -201.000000, avanceR = 2.000000, avanceI = 2.000000
inc_x_r = 0.000000, inc_y_r = 1.000000, inc_x_i = 1.000000, inc_y_i = 1.000000
En el else......

----------------------------------------
x = 265.000000, y = 360.000000
avance = -199.000000, avanceR = 2.000000, avanceI = 2.000000
inc_x_r = 0.000000, inc_y_r = 1.000000, inc_x_i = 1.000000, inc_y_i = 1.000000
En el else......

----------------------------------------
x = 265.000000, y = 361.000000
avance = -197.000000, avanceR = 2.000000, avanceI = 2.000000
inc_x_r = 0.000000, inc_y_r = 1.000000, inc_x_i = 1.000000, inc_y_i = 1.000000
En el else......

----------------------------------------
x = 265.000000, y = 362.000000
avance = -195.000000, avanceR = 2.000000, avanceI = 2.000000
inc_x_r = 0.000000, inc_y_r = 1.000000, inc_x_i = 1.000000, inc_y_i = 1.000000
En el else......

----------------------------------------
x = 265.000000, y = 363.000000
avance = -193.000000, avanceR = 2.000000, avanceI = 2.000000
inc_x_r = 0.000000, inc_y_r = 1.000000, inc_x_i = 1.000000, inc_y_i = 1.000000
En el else......

----------------------------------------
x = 265.000000, y = 364.000000
avance = -191.000000, avanceR = 2.000000, avanceI = 2.000000
inc_x_r = 0.000000, inc_y_r = 1.000000, inc_x_i = 1.000000, inc_y_i = 1.000000
En el else......

----------------------------------------
x = 265.000000, y = 365.000000
avance = -189.000000, avanceR = 2.000000, avanceI = 2.000000
inc_x_r = 0.000000, inc_y_r = 1.000000, inc_x_i = 1.000000, inc_y_i = 1.000000
En el else......

----------------------------------------
x = 265.000000, y = 366.000000
avance = -187.000000, avanceR = 2.000000, avanceI = 2.000000
inc_x_r = 0.000000, inc_y_r = 1.000000, inc_x_i = 1.000000, inc_y_i = 1.000000
En el else......

----------------------------------------
x = 265.000000, y = 367.000000
avance = -185.000000, avanceR = 2.000000, avanceI = 2.000000
inc_x_r = 0.000000, inc_y_r = 1.000000, inc_x_i = 1.000000, inc_y_i = 1.000000
En el else......

----------------------------------------
x = 265.000000, y = 368.000000
avance = -183.000000, avanceR = 2.000000, avanceI = 2.000000
inc_x_r = 0.000000, inc_y_r = 1.000000, inc_x_i = 1.000000, inc_y_i = 1.000000
En el else......

----------------------------------------
x = 265.000000, y = 369.000000
avance = -181.000000, avanceR = 2.000000, avanceI = 2.000000
inc_x_r = 0.000000, inc_y_r = 1.000000, inc_x_i = 1.000000, inc_y_i = 1.000000
En el else......

----------------------------------------
x = 265.000000, y = 370.000000
avance = -179.000000, avanceR = 2.000000, avanceI = 2.000000
inc_x_r = 0.000000, inc_y_r = 1.000000, inc_x_i = 1.000000, inc_y_i = 1.000000
En el else......

----------------------------------------
x = 265.000000, y = 371.000000
avance = -177.000000, avanceR = 2.000000, avanceI = 2.000000
inc_x_r = 0.000000, inc_y_r = 1.000000, inc_x_i = 1.000000, inc_y_i = 1.000000
En el else......

----------------------------------------
x = 265.000000, y = 372.000000
avance = -175.000000, avanceR = 2.000000, avanceI = 2.000000
inc_x_r = 0.000000, inc_y_r = 1.000000, inc_x_i = 1.000000, inc_y_i = 1.000000
En el else......

----------------------------------------
x = 265.000000, y = 373.000000
avance = -173.000000, avanceR = 2.000000, avanceI = 2.000000
inc_x_r = 0.000000, inc_y_r = 1.000000, inc_x_i = 1.000000, inc_y_i = 1.000000
En el else......

----------------------------------------
x = 265.000000, y = 374.000000
avance = -171.000000, avanceR = 2.000000, avanceI = 2.000000
inc_x_r = 0.000000, inc_y_r = 1.000000, inc_x_i = 1.000000, inc_y_i = 1.000000
En el else......

----------------------------------------
x = 265.000000, y = 375.000000
avance = -169.000000, avanceR = 2.000000, avanceI = 2.000000
inc_x_r = 0.000000, inc_y_r = 1.000000, inc_x_i = 1.000000, inc_y_i = 1.000000
En el else......

----------------------------------------
x = 265.000000, y = 376.000000
avance = -167.000000, avanceR = 2.000000, avanceI = 2.000000
inc_x_r = 0.000000, inc_y_r = 1.000000, inc_x_i = 1.000000, inc_y_i = 1.000000
En el else......

----------------------------------------
x = 265.000000, y = 377.000000
avance = -165.000000, avanceR = 2.000000, avanceI = 2.000000
inc_x_r = 0.000000, inc_y_r = 1.000000, inc_x_i = 1.000000, inc_y_i = 1.000000
En el else......

----------------------------------------
x = 265.000000, y = 378.000000
avance = -163.000000, avanceR = 2.000000, avanceI = 2.000000
inc_x_r = 0.000000, inc_y_r = 1.000000, inc_x_i = 1.000000, inc_y_i = 1.000000
En el else......

----------------------------------------
x = 265.000000, y = 379.000000
avance = -161.000000, avanceR = 2.000000, avanceI = 2.000000
inc_x_r = 0.000000, inc_y_r = 1.000000, inc_x_i = 1.000000, inc_y_i = 1.000000
En el else......

----------------------------------------
x = 265.000000, y = 380.000000
avance = -159.000000, avanceR = 2.000000, avanceI = 2.000000
inc_x_r = 0.000000, inc_y_r = 1.000000, inc_x_i = 1.000000, inc_y_i = 1.000000
En el else......

----------------------------------------
x = 265.000000, y = 381.000000
avance = -157.000000, avanceR = 2.000000, avanceI = 2.000000
inc_x_r = 0.000000, inc_y_r = 1.000000, inc_x_i = 1.000000, inc_y_i = 1.000000
En el else......

----------------------------------------
x = 265.000000, y = 382.000000
avance = -155.000000, avanceR = 2.000000, avanceI = 2.000000
inc_x_r = 0.000000, inc_y_r = 1.000000, inc_x_i = 1.000000, inc_y_i = 1.000000
En el else......

----------------------------------------
x = 265.000000, y = 383.000000
avance = -153.000000, avanceR = 2.000000, avanceI = 2.000000
inc_x_r = 0.000000, inc_y_r = 1.000000, inc_x_i = 1.000000, inc_y_i = 1.000000
En el else......

----------------------------------------
x = 265.000000, y = 384.000000
avance = -151.000000, avanceR = 2.000000, avanceI = 2.000000
inc_x_r = 0.000000, inc_y_r = 1.000000, inc_x_i = 1.000000, inc_y_i = 1.000000
En el else......

----------------------------------------
x = 265.000000, y = 385.000000
avance = -149.000000, avanceR = 2.000000, avanceI = 2.000000
inc_x_r = 0.000000, inc_y_r = 1.000000, inc_x_i = 1.000000, inc_y_i = 1.000000
En el else......

----------------------------------------
x = 265.000000, y = 386.000000
avance = -147.000000, avanceR = 2.000000, avanceI = 2.000000
inc_x_r = 0.000000, inc_y_r = 1.000000, inc_x_i = 1.000000, inc_y_i = 1.000000
En el else......

----------------------------------------
x = 265.000000, y = 387.000000
avance = -145.000000, avanceR = 2.000000, avanceI = 2.000000
inc_x_r = 0.000000, inc_y_r = 1.000000, inc_x_i = 1.000000, inc_y_i = 1.000000
En el else......

----------------------------------------
x = 265.000000, y = 388.000000
avance = -143.000000, avanceR = 2.000000, avanceI = 2.000000
inc_x_r = 0.000000, inc_y_r = 1.000000, inc_x_i = 1.000000, inc_y_i = 1.000000
En el else......

----------------------------------------
x = 265.000000, y = 389.000000
avance = -141.000000, avanceR = 2.000000, avanceI = 2.000000
inc_x_r = 0.000000, inc_y_r = 1.000000, inc_x_i = 1.000000, inc_y_i = 1.000000
En el else......

----------------------------------------
x = 265.000000, y = 390.000000
avance = -139.000000, avanceR = 2.000000, avanceI = 2.000000
inc_x_r = 0.000000, inc_y_r = 1.000000, inc_x_i = 1.000000, inc_y_i = 1.000000
En el else......

----------------------------------------
x = 265.000000, y = 391.000000
avance = -137.000000, avanceR = 2.000000, avanceI = 2.000000
inc_x_r = 0.000000, inc_y_r = 1.000000, inc_x_i = 1.000000, inc_y_i = 1.000000
En el else......

----------------------------------------
x = 265.000000, y = 392.000000
avance = -135.000000, avanceR = 2.000000, avanceI = 2.000000
inc_x_r = 0.000000, inc_y_r = 1.000000, inc_x_i = 1.000000, inc_y_i = 1.000000
En el else......

----------------------------------------
x = 265.000000, y = 393.000000
avance = -133.000000, avanceR = 2.000000, avanceI = 2.000000
inc_x_r = 0.000000, inc_y_r = 1.000000, inc_x_i = 1.000000, inc_y_i = 1.000000
En el else......

----------------------------------------
x = 265.000000, y = 394.000000
avance = -131.000000, avanceR = 2.000000, avanceI = 2.000000
inc_x_r = 0.000000, inc_y_r = 1.000000, inc_x_i = 1.000000, inc_y_i = 1.000000
En el else......

----------------------------------------
x = 265.000000, y = 395.000000
avance = -129.000000, avanceR = 2.000000, avanceI = 2.000000
inc_x_r = 0.000000, inc_y_r = 1.000000, inc_x_i = 1.000000, inc_y_i = 1.000000
En el else......

----------------------------------------
x = 265.000000, y = 396.000000
avance = -127.000000, avanceR = 2.000000, avanceI = 2.000000
inc_x_r = 0.000000, inc_y_r = 1.000000, inc_x_i = 1.000000, inc_y_i = 1.000000
En el else......

----------------------------------------
x = 265.000000, y = 397.000000
avance = -125.000000, avanceR = 2.000000, avanceI = 2.000000
inc_x_r = 0.000000, inc_y_r = 1.000000, inc_x_i = 1.000000, inc_y_i = 1.000000
En el else......

----------------------------------------
x = 265.000000, y = 398.000000
avance = -123.000000, avanceR = 2.000000, avanceI = 2.000000
inc_x_r = 0.000000, inc_y_r = 1.000000, inc_x_i = 1.000000, inc_y_i = 1.000000
En el else......

----------------------------------------
x = 265.000000, y = 399.000000
avance = -121.000000, avanceR = 2.000000, avanceI = 2.000000
inc_x_r = 0.000000, inc_y_r = 1.000000, inc_x_i = 1.000000, inc_y_i = 1.000000
En el else......

----------------------------------------
hora de salir del bucle mi pana


ENTRAMOS A BRESENHAMªªªª
x1 = 255.000000 - y1 = 325.000000 || x2 = 256.000000 - y2 = 576.000000
dy = 251.000000, dx = 1.000000
avances inclinados: inc_x_i = 1.000000, inc_y_i = 1.000000
updated: dy = 251.000000, dx = 1.000000
avances rectos: inc_x_r = 0.000000, inc_y_r 1.000000
reupdated: dy = 1.000000, dx = 251.000000
avanceR = 2.000000, avance -249.000000, avanceI 2.000000
----------------------------------------
x = 255.000000, y = 325.000000
avance = -249.000000, avanceR = 2.000000, avanceI = 2.000000
inc_x_r = 0.000000, inc_y_r = 1.000000, inc_x_i = 1.000000, inc_y_i = 1.000000
En el else......

----------------------------------------
x = 255.000000, y = 326.000000
avance = -247.000000, avanceR = 2.000000, avanceI = 2.000000
inc_x_r = 0.000000, inc_y_r = 1.000000, inc_x_i = 1.000000, inc_y_i = 1.000000
En el else......

----------------------------------------
x = 255.000000, y = 327.000000
avance = -245.000000, avanceR = 2.000000, avanceI = 2.000000
inc_x_r = 0.000000, inc_y_r = 1.000000, inc_x_i = 1.000000, inc_y_i = 1.000000
En el else......

----------------------------------------
x = 255.000000, y = 328.000000
avance = -243.000000, avanceR = 2.000000, avanceI = 2.000000
inc_x_r = 0.000000, inc_y_r = 1.000000, inc_x_i = 1.000000, inc_y_i = 1.000000
En el else......

----------------------------------------
x = 255.000000, y = 329.000000
avance = -241.000000, avanceR = 2.000000, avanceI = 2.000000
inc_x_r = 0.000000, inc_y_r = 1.000000, inc_x_i = 1.000000, inc_y_i = 1.000000
En el else......

----------------------------------------
x = 255.000000, y = 330.000000
avance = -239.000000, avanceR = 2.000000, avanceI = 2.000000
inc_x_r = 0.000000, inc_y_r = 1.000000, inc_x_i = 1.000000, inc_y_i = 1.000000
En el else......

----------------------------------------
x = 255.000000, y = 331.000000
avance = -237.000000, avanceR = 2.000000, avanceI = 2.000000
inc_x_r = 0.000000, inc_y_r = 1.000000, inc_x_i = 1.000000, inc_y_i = 1.000000
En el else......

----------------------------------------
x = 255.000000, y = 332.000000
avance = -235.000000, avanceR = 2.000000, avanceI = 2.000000
inc_x_r = 0.000000, inc_y_r = 1.000000, inc_x_i = 1.000000, inc_y_i = 1.000000
En el else......

----------------------------------------
x = 255.000000, y = 333.000000
avance = -233.000000, avanceR = 2.000000, avanceI = 2.000000
inc_x_r = 0.000000, inc_y_r = 1.000000, inc_x_i = 1.000000, inc_y_i = 1.000000
En el else......

----------------------------------------
x = 255.000000, y = 334.000000
avance = -231.000000, avanceR = 2.000000, avanceI = 2.000000
inc_x_r = 0.000000, inc_y_r = 1.000000, inc_x_i = 1.000000, inc_y_i = 1.000000
En el else......

----------------------------------------
x = 255.000000, y = 335.000000
avance = -229.000000, avanceR = 2.000000, avanceI = 2.000000
inc_x_r = 0.000000, inc_y_r = 1.000000, inc_x_i = 1.000000, inc_y_i = 1.000000
En el else......

----------------------------------------
x = 255.000000, y = 336.000000
avance = -227.000000, avanceR = 2.000000, avanceI = 2.000000
inc_x_r = 0.000000, inc_y_r = 1.000000, inc_x_i = 1.000000, inc_y_i = 1.000000
En el else......

----------------------------------------
x = 255.000000, y = 337.000000
avance = -225.000000, avanceR = 2.000000, avanceI = 2.000000
inc_x_r = 0.000000, inc_y_r = 1.000000, inc_x_i = 1.000000, inc_y_i = 1.000000
En el else......

----------------------------------------
x = 255.000000, y = 338.000000
avance = -223.000000, avanceR = 2.000000, avanceI = 2.000000
inc_x_r = 0.000000, inc_y_r = 1.000000, inc_x_i = 1.000000, inc_y_i = 1.000000
En el else......

----------------------------------------
x = 255.000000, y = 339.000000
avance = -221.000000, avanceR = 2.000000, avanceI = 2.000000
inc_x_r = 0.000000, inc_y_r = 1.000000, inc_x_i = 1.000000, inc_y_i = 1.000000
En el else......

----------------------------------------
x = 255.000000, y = 340.000000
avance = -219.000000, avanceR = 2.000000, avanceI = 2.000000
inc_x_r = 0.000000, inc_y_r = 1.000000, inc_x_i = 1.000000, inc_y_i = 1.000000
En el else......

----------------------------------------
x = 255.000000, y = 341.000000
avance = -217.000000, avanceR = 2.000000, avanceI = 2.000000
inc_x_r = 0.000000, inc_y_r = 1.000000, inc_x_i = 1.000000, inc_y_i = 1.000000
En el else......

----------------------------------------
x = 255.000000, y = 342.000000
avance = -215.000000, avanceR = 2.000000, avanceI = 2.000000
inc_x_r = 0.000000, inc_y_r = 1.000000, inc_x_i = 1.000000, inc_y_i = 1.000000
En el else......

----------------------------------------
x = 255.000000, y = 343.000000
avance = -213.000000, avanceR = 2.000000, avanceI = 2.000000
inc_x_r = 0.000000, inc_y_r = 1.000000, inc_x_i = 1.000000, inc_y_i = 1.000000
En el else......

----------------------------------------
x = 255.000000, y = 344.000000
avance = -211.000000, avanceR = 2.000000, avanceI = 2.000000
inc_x_r = 0.000000, inc_y_r = 1.000000, inc_x_i = 1.000000, inc_y_i = 1.000000
En el else......

----------------------------------------
x = 255.000000, y = 345.000000
avance = -209.000000, avanceR = 2.000000, avanceI = 2.000000
inc_x_r = 0.000000, inc_y_r = 1.000000, inc_x_i = 1.000000, inc_y_i = 1.000000
En el else......

----------------------------------------
x = 255.000000, y = 346.000000
avance = -207.000000, avanceR = 2.000000, avanceI = 2.000000
inc_x_r = 0.000000, inc_y_r = 1.000000, inc_x_i = 1.000000, inc_y_i = 1.000000
En el else......

----------------------------------------
x = 255.000000, y = 347.000000
avance = -205.000000, avanceR = 2.000000, avanceI = 2.000000
inc_x_r = 0.000000, inc_y_r = 1.000000, inc_x_i = 1.000000, inc_y_i = 1.000000
En el else......

----------------------------------------
x = 255.000000, y = 348.000000
avance = -203.000000, avanceR = 2.000000, avanceI = 2.000000
inc_x_r = 0.000000, inc_y_r = 1.000000, inc_x_i = 1.000000, inc_y_i = 1.000000
En el else......

----------------------------------------
x = 255.000000, y = 349.000000
avance = -201.000000, avanceR = 2.000000, avanceI = 2.000000
inc_x_r = 0.000000, inc_y_r = 1.000000, inc_x_i = 1.000000, inc_y_i = 1.000000
En el else......

----------------------------------------
x = 255.000000, y = 350.000000
avance = -199.000000, avanceR = 2.000000, avanceI = 2.000000
inc_x_r = 0.000000, inc_y_r = 1.000000, inc_x_i = 1.000000, inc_y_i = 1.000000
En el else......

----------------------------------------
x = 255.000000, y = 351.000000
avance = -197.000000, avanceR = 2.000000, avanceI = 2.000000
inc_x_r = 0.000000, inc_y_r = 1.000000, inc_x_i = 1.000000, inc_y_i = 1.000000
En el else......

----------------------------------------
x = 255.000000, y = 352.000000
avance = -195.000000, avanceR = 2.000000, avanceI = 2.000000
inc_x_r = 0.000000, inc_y_r = 1.000000, inc_x_i = 1.000000, inc_y_i = 1.000000
En el else......

----------------------------------------
x = 255.000000, y = 353.000000
avance = -193.000000, avanceR = 2.000000, avanceI = 2.000000
inc_x_r = 0.000000, inc_y_r = 1.000000, inc_x_i = 1.000000, inc_y_i = 1.000000
En el else......

----------------------------------------
x = 255.000000, y = 354.000000
avance = -191.000000, avanceR = 2.000000, avanceI = 2.000000
inc_x_r = 0.000000, inc_y_r = 1.000000, inc_x_i = 1.000000, inc_y_i = 1.000000
En el else......

----------------------------------------
x = 255.000000, y = 355.000000
avance = -189.000000, avanceR = 2.000000, avanceI = 2.000000
inc_x_r = 0.000000, inc_y_r = 1.000000, inc_x_i = 1.000000, inc_y_i = 1.000000
En el else......

----------------------------------------
x = 255.000000, y = 356.000000
avance = -187.000000, avanceR = 2.000000, avanceI = 2.000000
inc_x_r = 0.000000, inc_y_r = 1.000000, inc_x_i = 1.000000, inc_y_i = 1.000000
En el else......

----------------------------------------
x = 255.000000, y = 357.000000
avance = -185.000000, avanceR = 2.000000, avanceI = 2.000000
inc_x_r = 0.000000, inc_y_r = 1.000000, inc_x_i = 1.000000, inc_y_i = 1.000000
En el else......

----------------------------------------
x = 255.000000, y = 358.000000
avance = -183.000000, avanceR = 2.000000, avanceI = 2.000000
inc_x_r = 0.000000, inc_y_r = 1.000000, inc_x_i = 1.000000, inc_y_i = 1.000000
En el else......

----------------------------------------
x = 255.000000, y = 359.000000
avance = -181.000000, avanceR = 2.000000, avanceI = 2.000000
inc_x_r = 0.000000, inc_y_r = 1.000000, inc_x_i = 1.000000, inc_y_i = 1.000000
En el else......

----------------------------------------
x = 255.000000, y = 360.000000
avance = -179.000000, avanceR = 2.000000, avanceI = 2.000000
inc_x_r = 0.000000, inc_y_r = 1.000000, inc_x_i = 1.000000, inc_y_i = 1.000000
En el else......

----------------------------------------
x = 255.000000, y = 361.000000
avance = -177.000000, avanceR = 2.000000, avanceI = 2.000000
inc_x_r = 0.000000, inc_y_r = 1.000000, inc_x_i = 1.000000, inc_y_i = 1.000000
En el else......

----------------------------------------
x = 255.000000, y = 362.000000
avance = -175.000000, avanceR = 2.000000, avanceI = 2.000000
inc_x_r = 0.000000, inc_y_r = 1.000000, inc_x_i = 1.000000, inc_y_i = 1.000000
En el else......

----------------------------------------
x = 255.000000, y = 363.000000
avance = -173.000000, avanceR = 2.000000, avanceI = 2.000000
inc_x_r = 0.000000, inc_y_r = 1.000000, inc_x_i = 1.000000, inc_y_i = 1.000000
En el else......

----------------------------------------
x = 255.000000, y = 364.000000
avance = -171.000000, avanceR = 2.000000, avanceI = 2.000000
inc_x_r = 0.000000, inc_y_r = 1.000000, inc_x_i = 1.000000, inc_y_i = 1.000000
En el else......

----------------------------------------
x = 255.000000, y = 365.000000
avance = -169.000000, avanceR = 2.000000, avanceI = 2.000000
inc_x_r = 0.000000, inc_y_r = 1.000000, inc_x_i = 1.000000, inc_y_i = 1.000000
En el else......

----------------------------------------
x = 255.000000, y = 366.000000
avance = -167.000000, avanceR = 2.000000, avanceI = 2.000000
inc_x_r = 0.000000, inc_y_r = 1.000000, inc_x_i = 1.000000, inc_y_i = 1.000000
En el else......

----------------------------------------
x = 255.000000, y = 367.000000
avance = -165.000000, avanceR = 2.000000, avanceI = 2.000000
inc_x_r = 0.000000, inc_y_r = 1.000000, inc_x_i = 1.000000, inc_y_i = 1.000000
En el else......

----------------------------------------
x = 255.000000, y = 368.000000
avance = -163.000000, avanceR = 2.000000, avanceI = 2.000000
inc_x_r = 0.000000, inc_y_r = 1.000000, inc_x_i = 1.000000, inc_y_i = 1.000000
En el else......

----------------------------------------
x = 255.000000, y = 369.000000
avance = -161.000000, avanceR = 2.000000, avanceI = 2.000000
inc_x_r = 0.000000, inc_y_r = 1.000000, inc_x_i = 1.000000, inc_y_i = 1.000000
En el else......

----------------------------------------
x = 255.000000, y = 370.000000
avance = -159.000000, avanceR = 2.000000, avanceI = 2.000000
inc_x_r = 0.000000, inc_y_r = 1.000000, inc_x_i = 1.000000, inc_y_i = 1.000000
En el else......

----------------------------------------
x = 255.000000, y = 371.000000
avance = -157.000000, avanceR = 2.000000, avanceI = 2.000000
inc_x_r = 0.000000, inc_y_r = 1.000000, inc_x_i = 1.000000, inc_y_i = 1.000000
En el else......

----------------------------------------
x = 255.000000, y = 372.000000
avance = -155.000000, avanceR = 2.000000, avanceI = 2.000000
inc_x_r = 0.000000, inc_y_r = 1.000000, inc_x_i = 1.000000, inc_y_i = 1.000000
En el else......

----------------------------------------
x = 255.000000, y = 373.000000
avance = -153.000000, avanceR = 2.000000, avanceI = 2.000000
inc_x_r = 0.000000, inc_y_r = 1.000000, inc_x_i = 1.000000, inc_y_i = 1.000000
En el else......

----------------------------------------
x = 255.000000, y = 374.000000
avance = -151.000000, avanceR = 2.000000, avanceI = 2.000000
inc_x_r = 0.000000, inc_y_r = 1.000000, inc_x_i = 1.000000, inc_y_i = 1.000000
En el else......

----------------------------------------
x = 255.000000, y = 375.000000
avance = -149.000000, avanceR = 2.000000, avanceI = 2.000000
inc_x_r = 0.000000, inc_y_r = 1.000000, inc_x_i = 1.000000, inc_y_i = 1.000000
En el else......

----------------------------------------
x = 255.000000, y = 376.000000
avance = -147.000000, avanceR = 2.000000, avanceI = 2.000000
inc_x_r = 0.000000, inc_y_r = 1.000000, inc_x_i = 1.000000, inc_y_i = 1.000000
En el else......

----------------------------------------
x = 255.000000, y = 377.000000
avance = -145.000000, avanceR = 2.000000, avanceI = 2.000000
inc_x_r = 0.000000, inc_y_r = 1.000000, inc_x_i = 1.000000, inc_y_i = 1.000000
En el else......

----------------------------------------
x = 255.000000, y = 378.000000
avance = -143.000000, avanceR = 2.000000, avanceI = 2.000000
inc_x_r = 0.000000, inc_y_r = 1.000000, inc_x_i = 1.000000, inc_y_i = 1.000000
En el else......

----------------------------------------
x = 255.000000, y = 379.000000
avance = -141.000000, avanceR = 2.000000, avanceI = 2.000000
inc_x_r = 0.000000, inc_y_r = 1.000000, inc_x_i = 1.000000, inc_y_i = 1.000000
En el else......

----------------------------------------
x = 255.000000, y = 380.000000
avance = -139.000000, avanceR = 2.000000, avanceI = 2.000000
inc_x_r = 0.000000, inc_y_r = 1.000000, inc_x_i = 1.000000, inc_y_i = 1.000000
En el else......

----------------------------------------
x = 255.000000, y = 381.000000
avance = -137.000000, avanceR = 2.000000, avanceI = 2.000000
inc_x_r = 0.000000, inc_y_r = 1.000000, inc_x_i = 1.000000, inc_y_i = 1.000000
En el else......

----------------------------------------
x = 255.000000, y = 382.000000
avance = -135.000000, avanceR = 2.000000, avanceI = 2.000000
inc_x_r = 0.000000, inc_y_r = 1.000000, inc_x_i = 1.000000, inc_y_i = 1.000000
En el else......

----------------------------------------
x = 255.000000, y = 383.000000
avance = -133.000000, avanceR = 2.000000, avanceI = 2.000000
inc_x_r = 0.000000, inc_y_r = 1.000000, inc_x_i = 1.000000, inc_y_i = 1.000000
En el else......

----------------------------------------
x = 255.000000, y = 384.000000
avance = -131.000000, avanceR = 2.000000, avanceI = 2.000000
inc_x_r = 0.000000, inc_y_r = 1.000000, inc_x_i = 1.000000, inc_y_i = 1.000000
En el else......

----------------------------------------
x = 255.000000, y = 385.000000
avance = -129.000000, avanceR = 2.000000, avanceI = 2.000000
inc_x_r = 0.000000, inc_y_r = 1.000000, inc_x_i = 1.000000, inc_y_i = 1.000000
En el else......

----------------------------------------
x = 255.000000, y = 386.000000
avance = -127.000000, avanceR = 2.000000, avanceI = 2.000000
inc_x_r = 0.000000, inc_y_r = 1.000000, inc_x_i = 1.000000, inc_y_i = 1.000000
En el else......

----------------------------------------
x = 255.000000, y = 387.000000
avance = -125.000000, avanceR = 2.000000, avanceI = 2.000000
inc_x_r = 0.000000, inc_y_r = 1.000000, inc_x_i = 1.000000, inc_y_i = 1.000000
En el else......

----------------------------------------
x = 255.000000, y = 388.000000
avance = -123.000000, avanceR = 2.000000, avanceI = 2.000000
inc_x_r = 0.000000, inc_y_r = 1.000000, inc_x_i = 1.000000, inc_y_i = 1.000000
En el else......

----------------------------------------
x = 255.000000, y = 389.000000
avance = -121.000000, avanceR = 2.000000, avanceI = 2.000000
inc_x_r = 0.000000, inc_y_r = 1.000000, inc_x_i = 1.000000, inc_y_i = 1.000000
En el else......

----------------------------------------
x = 255.000000, y = 390.000000
avance = -119.000000, avanceR = 2.000000, avanceI = 2.000000
inc_x_r = 0.000000, inc_y_r = 1.000000, inc_x_i = 1.000000, inc_y_i = 1.000000
En el else......

----------------------------------------
x = 255.000000, y = 391.000000
avance = -117.000000, avanceR = 2.000000, avanceI = 2.000000
inc_x_r = 0.000000, inc_y_r = 1.000000, inc_x_i = 1.000000, inc_y_i = 1.000000
En el else......

----------------------------------------
x = 255.000000, y = 392.000000
avance = -115.000000, avanceR = 2.000000, avanceI = 2.000000
inc_x_r = 0.000000, inc_y_r = 1.000000, inc_x_i = 1.000000, inc_y_i = 1.000000
En el else......

----------------------------------------
x = 255.000000, y = 393.000000
avance = -113.000000, avanceR = 2.000000, avanceI = 2.000000
inc_x_r = 0.000000, inc_y_r = 1.000000, inc_x_i = 1.000000, inc_y_i = 1.000000
En el else......

----------------------------------------
x = 255.000000, y = 394.000000
avance = -111.000000, avanceR = 2.000000, avanceI = 2.000000
inc_x_r = 0.000000, inc_y_r = 1.000000, inc_x_i = 1.000000, inc_y_i = 1.000000
En el else......

----------------------------------------
x = 255.000000, y = 395.000000
avance = -109.000000, avanceR = 2.000000, avanceI = 2.000000
inc_x_r = 0.000000, inc_y_r = 1.000000, inc_x_i = 1.000000, inc_y_i = 1.000000
En el else......

----------------------------------------
x = 255.000000, y = 396.000000
avance = -107.000000, avanceR = 2.000000, avanceI = 2.000000
inc_x_r = 0.000000, inc_y_r = 1.000000, inc_x_i = 1.000000, inc_y_i = 1.000000
En el else......

----------------------------------------
x = 255.000000, y = 397.000000
avance = -105.000000, avanceR = 2.000000, avanceI = 2.000000
inc_x_r = 0.000000, inc_y_r = 1.000000, inc_x_i = 1.000000, inc_y_i = 1.000000
En el else......

----------------------------------------
x = 255.000000, y = 398.000000
avance = -103.000000, avanceR = 2.000000, avanceI = 2.000000
inc_x_r = 0.000000, inc_y_r = 1.000000, inc_x_i = 1.000000, inc_y_i = 1.000000
En el else......

----------------------------------------
x = 255.000000, y = 399.000000
avance = -101.000000, avanceR = 2.000000, avanceI = 2.000000
inc_x_r = 0.000000, inc_y_r = 1.000000, inc_x_i = 1.000000, inc_y_i = 1.000000
En el else......

----------------------------------------
hora de salir del bucle mi pana


ENTRAMOS A BRESENHAMªªªª
x1 = 245.000000 - y1 = 315.000000 || x2 = 246.000000 - y2 = 566.000000
dy = 251.000000, dx = 1.000000
avances inclinados: inc_x_i = 1.000000, inc_y_i = 1.000000
updated: dy = 251.000000, dx = 1.000000
avances rectos: inc_x_r = 0.000000, inc_y_r 1.000000
reupdated: dy = 1.000000, dx = 251.000000
avanceR = 2.000000, avance -249.000000, avanceI 2.000000
----------------------------------------
x = 245.000000, y = 315.000000
avance = -249.000000, avanceR = 2.000000, avanceI = 2.000000
inc_x_r = 0.000000, inc_y_r = 1.000000, inc_x_i = 1.000000, inc_y_i = 1.000000
En el else......

----------------------------------------
x = 245.000000, y = 316.000000
avance = -247.000000, avanceR = 2.000000, avanceI = 2.000000
inc_x_r = 0.000000, inc_y_r = 1.000000, inc_x_i = 1.000000, inc_y_i = 1.000000
En el else......

----------------------------------------
x = 245.000000, y = 317.000000
avance = -245.000000, avanceR = 2.000000, avanceI = 2.000000
inc_x_r = 0.000000, inc_y_r = 1.000000, inc_x_i = 1.000000, inc_y_i = 1.000000
En el else......

----------------------------------------
x = 245.000000, y = 318.000000
avance = -243.000000, avanceR = 2.000000, avanceI = 2.000000
inc_x_r = 0.000000, inc_y_r = 1.000000, inc_x_i = 1.000000, inc_y_i = 1.000000
En el else......

----------------------------------------
x = 245.000000, y = 319.000000
avance = -241.000000, avanceR = 2.000000, avanceI = 2.000000
inc_x_r = 0.000000, inc_y_r = 1.000000, inc_x_i = 1.000000, inc_y_i = 1.000000
En el else......

----------------------------------------
x = 245.000000, y = 320.000000
avance = -239.000000, avanceR = 2.000000, avanceI = 2.000000
inc_x_r = 0.000000, inc_y_r = 1.000000, inc_x_i = 1.000000, inc_y_i = 1.000000
En el else......

----------------------------------------
x = 245.000000, y = 321.000000
avance = -237.000000, avanceR = 2.000000, avanceI = 2.000000
inc_x_r = 0.000000, inc_y_r = 1.000000, inc_x_i = 1.000000, inc_y_i = 1.000000
En el else......

----------------------------------------
x = 245.000000, y = 322.000000
avance = -235.000000, avanceR = 2.000000, avanceI = 2.000000
inc_x_r = 0.000000, inc_y_r = 1.000000, inc_x_i = 1.000000, inc_y_i = 1.000000
En el else......

----------------------------------------
x = 245.000000, y = 323.000000
avance = -233.000000, avanceR = 2.000000, avanceI = 2.000000
inc_x_r = 0.000000, inc_y_r = 1.000000, inc_x_i = 1.000000, inc_y_i = 1.000000
En el else......

----------------------------------------
x = 245.000000, y = 324.000000
avance = -231.000000, avanceR = 2.000000, avanceI = 2.000000
inc_x_r = 0.000000, inc_y_r = 1.000000, inc_x_i = 1.000000, inc_y_i = 1.000000
En el else......

----------------------------------------
x = 245.000000, y = 325.000000
avance = -229.000000, avanceR = 2.000000, avanceI = 2.000000
inc_x_r = 0.000000, inc_y_r = 1.000000, inc_x_i = 1.000000, inc_y_i = 1.000000
En el else......

----------------------------------------
x = 245.000000, y = 326.000000
avance = -227.000000, avanceR = 2.000000, avanceI = 2.000000
inc_x_r = 0.000000, inc_y_r = 1.000000, inc_x_i = 1.000000, inc_y_i = 1.000000
En el else......

----------------------------------------
x = 245.000000, y = 327.000000
avance = -225.000000, avanceR = 2.000000, avanceI = 2.000000
inc_x_r = 0.000000, inc_y_r = 1.000000, inc_x_i = 1.000000, inc_y_i = 1.000000
En el else......

----------------------------------------
x = 245.000000, y = 328.000000
avance = -223.000000, avanceR = 2.000000, avanceI = 2.000000
inc_x_r = 0.000000, inc_y_r = 1.000000, inc_x_i = 1.000000, inc_y_i = 1.000000
En el else......

----------------------------------------
x = 245.000000, y = 329.000000
avance = -221.000000, avanceR = 2.000000, avanceI = 2.000000
inc_x_r = 0.000000, inc_y_r = 1.000000, inc_x_i = 1.000000, inc_y_i = 1.000000
En el else......

----------------------------------------
x = 245.000000, y = 330.000000
avance = -219.000000, avanceR = 2.000000, avanceI = 2.000000
inc_x_r = 0.000000, inc_y_r = 1.000000, inc_x_i = 1.000000, inc_y_i = 1.000000
En el else......

----------------------------------------
x = 245.000000, y = 331.000000
avance = -217.000000, avanceR = 2.000000, avanceI = 2.000000
inc_x_r = 0.000000, inc_y_r = 1.000000, inc_x_i = 1.000000, inc_y_i = 1.000000
En el else......

----------------------------------------
x = 245.000000, y = 332.000000
avance = -215.000000, avanceR = 2.000000, avanceI = 2.000000
inc_x_r = 0.000000, inc_y_r = 1.000000, inc_x_i = 1.000000, inc_y_i = 1.000000
En el else......

----------------------------------------
x = 245.000000, y = 333.000000
avance = -213.000000, avanceR = 2.000000, avanceI = 2.000000
inc_x_r = 0.000000, inc_y_r = 1.000000, inc_x_i = 1.000000, inc_y_i = 1.000000
En el else......

----------------------------------------
x = 245.000000, y = 334.000000
avance = -211.000000, avanceR = 2.000000, avanceI = 2.000000
inc_x_r = 0.000000, inc_y_r = 1.000000, inc_x_i = 1.000000, inc_y_i = 1.000000
En el else......

----------------------------------------
x = 245.000000, y = 335.000000
avance = -209.000000, avanceR = 2.000000, avanceI = 2.000000
inc_x_r = 0.000000, inc_y_r = 1.000000, inc_x_i = 1.000000, inc_y_i = 1.000000
En el else......

----------------------------------------
x = 245.000000, y = 336.000000
avance = -207.000000, avanceR = 2.000000, avanceI = 2.000000
inc_x_r = 0.000000, inc_y_r = 1.000000, inc_x_i = 1.000000, inc_y_i = 1.000000
En el else......

----------------------------------------
x = 245.000000, y = 337.000000
avance = -205.000000, avanceR = 2.000000, avanceI = 2.000000
inc_x_r = 0.000000, inc_y_r = 1.000000, inc_x_i = 1.000000, inc_y_i = 1.000000
En el else......

----------------------------------------
x = 245.000000, y = 338.000000
avance = -203.000000, avanceR = 2.000000, avanceI = 2.000000
inc_x_r = 0.000000, inc_y_r = 1.000000, inc_x_i = 1.000000, inc_y_i = 1.000000
En el else......

----------------------------------------
x = 245.000000, y = 339.000000
avance = -201.000000, avanceR = 2.000000, avanceI = 2.000000
inc_x_r = 0.000000, inc_y_r = 1.000000, inc_x_i = 1.000000, inc_y_i = 1.000000
En el else......

----------------------------------------
x = 245.000000, y = 340.000000
avance = -199.000000, avanceR = 2.000000, avanceI = 2.000000
inc_x_r = 0.000000, inc_y_r = 1.000000, inc_x_i = 1.000000, inc_y_i = 1.000000
En el else......

----------------------------------------
x = 245.000000, y = 341.000000
avance = -197.000000, avanceR = 2.000000, avanceI = 2.000000
inc_x_r = 0.000000, inc_y_r = 1.000000, inc_x_i = 1.000000, inc_y_i = 1.000000
En el else......

----------------------------------------
x = 245.000000, y = 342.000000
avance = -195.000000, avanceR = 2.000000, avanceI = 2.000000
inc_x_r = 0.000000, inc_y_r = 1.000000, inc_x_i = 1.000000, inc_y_i = 1.000000
En el else......

----------------------------------------
x = 245.000000, y = 343.000000
avance = -193.000000, avanceR = 2.000000, avanceI = 2.000000
inc_x_r = 0.000000, inc_y_r = 1.000000, inc_x_i = 1.000000, inc_y_i = 1.000000
En el else......

----------------------------------------
x = 245.000000, y = 344.000000
avance = -191.000000, avanceR = 2.000000, avanceI = 2.000000
inc_x_r = 0.000000, inc_y_r = 1.000000, inc_x_i = 1.000000, inc_y_i = 1.000000
En el else......

----------------------------------------
x = 245.000000, y = 345.000000
avance = -189.000000, avanceR = 2.000000, avanceI = 2.000000
inc_x_r = 0.000000, inc_y_r = 1.000000, inc_x_i = 1.000000, inc_y_i = 1.000000
En el else......

----------------------------------------
x = 245.000000, y = 346.000000
avance = -187.000000, avanceR = 2.000000, avanceI = 2.000000
inc_x_r = 0.000000, inc_y_r = 1.000000, inc_x_i = 1.000000, inc_y_i = 1.000000
En el else......

----------------------------------------
x = 245.000000, y = 347.000000
avance = -185.000000, avanceR = 2.000000, avanceI = 2.000000
inc_x_r = 0.000000, inc_y_r = 1.000000, inc_x_i = 1.000000, inc_y_i = 1.000000
En el else......

----------------------------------------
x = 245.000000, y = 348.000000
avance = -183.000000, avanceR = 2.000000, avanceI = 2.000000
inc_x_r = 0.000000, inc_y_r = 1.000000, inc_x_i = 1.000000, inc_y_i = 1.000000
En el else......

----------------------------------------
x = 245.000000, y = 349.000000
avance = -181.000000, avanceR = 2.000000, avanceI = 2.000000
inc_x_r = 0.000000, inc_y_r = 1.000000, inc_x_i = 1.000000, inc_y_i = 1.000000
En el else......

----------------------------------------
x = 245.000000, y = 350.000000
avance = -179.000000, avanceR = 2.000000, avanceI = 2.000000
inc_x_r = 0.000000, inc_y_r = 1.000000, inc_x_i = 1.000000, inc_y_i = 1.000000
En el else......

----------------------------------------
x = 245.000000, y = 351.000000
avance = -177.000000, avanceR = 2.000000, avanceI = 2.000000
inc_x_r = 0.000000, inc_y_r = 1.000000, inc_x_i = 1.000000, inc_y_i = 1.000000
En el else......

----------------------------------------
x = 245.000000, y = 352.000000
avance = -175.000000, avanceR = 2.000000, avanceI = 2.000000
inc_x_r = 0.000000, inc_y_r = 1.000000, inc_x_i = 1.000000, inc_y_i = 1.000000
En el else......

----------------------------------------
x = 245.000000, y = 353.000000
avance = -173.000000, avanceR = 2.000000, avanceI = 2.000000
inc_x_r = 0.000000, inc_y_r = 1.000000, inc_x_i = 1.000000, inc_y_i = 1.000000
En el else......

----------------------------------------
x = 245.000000, y = 354.000000
avance = -171.000000, avanceR = 2.000000, avanceI = 2.000000
inc_x_r = 0.000000, inc_y_r = 1.000000, inc_x_i = 1.000000, inc_y_i = 1.000000
En el else......

----------------------------------------
x = 245.000000, y = 355.000000
avance = -169.000000, avanceR = 2.000000, avanceI = 2.000000
inc_x_r = 0.000000, inc_y_r = 1.000000, inc_x_i = 1.000000, inc_y_i = 1.000000
En el else......

----------------------------------------
x = 245.000000, y = 356.000000
avance = -167.000000, avanceR = 2.000000, avanceI = 2.000000
inc_x_r = 0.000000, inc_y_r = 1.000000, inc_x_i = 1.000000, inc_y_i = 1.000000
En el else......

----------------------------------------
x = 245.000000, y = 357.000000
avance = -165.000000, avanceR = 2.000000, avanceI = 2.000000
inc_x_r = 0.000000, inc_y_r = 1.000000, inc_x_i = 1.000000, inc_y_i = 1.000000
En el else......

----------------------------------------
x = 245.000000, y = 358.000000
avance = -163.000000, avanceR = 2.000000, avanceI = 2.000000
inc_x_r = 0.000000, inc_y_r = 1.000000, inc_x_i = 1.000000, inc_y_i = 1.000000
En el else......

----------------------------------------
x = 245.000000, y = 359.000000
avance = -161.000000, avanceR = 2.000000, avanceI = 2.000000
inc_x_r = 0.000000, inc_y_r = 1.000000, inc_x_i = 1.000000, inc_y_i = 1.000000
En el else......

----------------------------------------
x = 245.000000, y = 360.000000
avance = -159.000000, avanceR = 2.000000, avanceI = 2.000000
inc_x_r = 0.000000, inc_y_r = 1.000000, inc_x_i = 1.000000, inc_y_i = 1.000000
En el else......

----------------------------------------
x = 245.000000, y = 361.000000
avance = -157.000000, avanceR = 2.000000, avanceI = 2.000000
inc_x_r = 0.000000, inc_y_r = 1.000000, inc_x_i = 1.000000, inc_y_i = 1.000000
En el else......

----------------------------------------
x = 245.000000, y = 362.000000
avance = -155.000000, avanceR = 2.000000, avanceI = 2.000000
inc_x_r = 0.000000, inc_y_r = 1.000000, inc_x_i = 1.000000, inc_y_i = 1.000000
En el else......

----------------------------------------
x = 245.000000, y = 363.000000
avance = -153.000000, avanceR = 2.000000, avanceI = 2.000000
inc_x_r = 0.000000, inc_y_r = 1.000000, inc_x_i = 1.000000, inc_y_i = 1.000000
En el else......

----------------------------------------
x = 245.000000, y = 364.000000
avance = -151.000000, avanceR = 2.000000, avanceI = 2.000000
inc_x_r = 0.000000, inc_y_r = 1.000000, inc_x_i = 1.000000, inc_y_i = 1.000000
En el else......

----------------------------------------
x = 245.000000, y = 365.000000
avance = -149.000000, avanceR = 2.000000, avanceI = 2.000000
inc_x_r = 0.000000, inc_y_r = 1.000000, inc_x_i = 1.000000, inc_y_i = 1.000000
En el else......

----------------------------------------
x = 245.000000, y = 366.000000
avance = -147.000000, avanceR = 2.000000, avanceI = 2.000000
inc_x_r = 0.000000, inc_y_r = 1.000000, inc_x_i = 1.000000, inc_y_i = 1.000000
En el else......

----------------------------------------
x = 245.000000, y = 367.000000
avance = -145.000000, avanceR = 2.000000, avanceI = 2.000000
inc_x_r = 0.000000, inc_y_r = 1.000000, inc_x_i = 1.000000, inc_y_i = 1.000000
En el else......

----------------------------------------
x = 245.000000, y = 368.000000
avance = -143.000000, avanceR = 2.000000, avanceI = 2.000000
inc_x_r = 0.000000, inc_y_r = 1.000000, inc_x_i = 1.000000, inc_y_i = 1.000000
En el else......

----------------------------------------
x = 245.000000, y = 369.000000
avance = -141.000000, avanceR = 2.000000, avanceI = 2.000000
inc_x_r = 0.000000, inc_y_r = 1.000000, inc_x_i = 1.000000, inc_y_i = 1.000000
En el else......

----------------------------------------
x = 245.000000, y = 370.000000
avance = -139.000000, avanceR = 2.000000, avanceI = 2.000000
inc_x_r = 0.000000, inc_y_r = 1.000000, inc_x_i = 1.000000, inc_y_i = 1.000000
En el else......

----------------------------------------
x = 245.000000, y = 371.000000
avance = -137.000000, avanceR = 2.000000, avanceI = 2.000000
inc_x_r = 0.000000, inc_y_r = 1.000000, inc_x_i = 1.000000, inc_y_i = 1.000000
En el else......

----------------------------------------
x = 245.000000, y = 372.000000
avance = -135.000000, avanceR = 2.000000, avanceI = 2.000000
inc_x_r = 0.000000, inc_y_r = 1.000000, inc_x_i = 1.000000, inc_y_i = 1.000000
En el else......

----------------------------------------
x = 245.000000, y = 373.000000
avance = -133.000000, avanceR = 2.000000, avanceI = 2.000000
inc_x_r = 0.000000, inc_y_r = 1.000000, inc_x_i = 1.000000, inc_y_i = 1.000000
En el else......

----------------------------------------
x = 245.000000, y = 374.000000
avance = -131.000000, avanceR = 2.000000, avanceI = 2.000000
inc_x_r = 0.000000, inc_y_r = 1.000000, inc_x_i = 1.000000, inc_y_i = 1.000000
En el else......

----------------------------------------
x = 245.000000, y = 375.000000
avance = -129.000000, avanceR = 2.000000, avanceI = 2.000000
inc_x_r = 0.000000, inc_y_r = 1.000000, inc_x_i = 1.000000, inc_y_i = 1.000000
En el else......

----------------------------------------
x = 245.000000, y = 376.000000
avance = -127.000000, avanceR = 2.000000, avanceI = 2.000000
inc_x_r = 0.000000, inc_y_r = 1.000000, inc_x_i = 1.000000, inc_y_i = 1.000000
En el else......

----------------------------------------
x = 245.000000, y = 377.000000
avance = -125.000000, avanceR = 2.000000, avanceI = 2.000000
inc_x_r = 0.000000, inc_y_r = 1.000000, inc_x_i = 1.000000, inc_y_i = 1.000000
En el else......

----------------------------------------
x = 245.000000, y = 378.000000
avance = -123.000000, avanceR = 2.000000, avanceI = 2.000000
inc_x_r = 0.000000, inc_y_r = 1.000000, inc_x_i = 1.000000, inc_y_i = 1.000000
En el else......

----------------------------------------
x = 245.000000, y = 379.000000
avance = -121.000000, avanceR = 2.000000, avanceI = 2.000000
inc_x_r = 0.000000, inc_y_r = 1.000000, inc_x_i = 1.000000, inc_y_i = 1.000000
En el else......

----------------------------------------
x = 245.000000, y = 380.000000
avance = -119.000000, avanceR = 2.000000, avanceI = 2.000000
inc_x_r = 0.000000, inc_y_r = 1.000000, inc_x_i = 1.000000, inc_y_i = 1.000000
En el else......

----------------------------------------
x = 245.000000, y = 381.000000
avance = -117.000000, avanceR = 2.000000, avanceI = 2.000000
inc_x_r = 0.000000, inc_y_r = 1.000000, inc_x_i = 1.000000, inc_y_i = 1.000000
En el else......

----------------------------------------
x = 245.000000, y = 382.000000
avance = -115.000000, avanceR = 2.000000, avanceI = 2.000000
inc_x_r = 0.000000, inc_y_r = 1.000000, inc_x_i = 1.000000, inc_y_i = 1.000000
En el else......

----------------------------------------
x = 245.000000, y = 383.000000
avance = -113.000000, avanceR = 2.000000, avanceI = 2.000000
inc_x_r = 0.000000, inc_y_r = 1.000000, inc_x_i = 1.000000, inc_y_i = 1.000000
En el else......

----------------------------------------
x = 245.000000, y = 384.000000
avance = -111.000000, avanceR = 2.000000, avanceI = 2.000000
inc_x_r = 0.000000, inc_y_r = 1.000000, inc_x_i = 1.000000, inc_y_i = 1.000000
En el else......

----------------------------------------
x = 245.000000, y = 385.000000
avance = -109.000000, avanceR = 2.000000, avanceI = 2.000000
inc_x_r = 0.000000, inc_y_r = 1.000000, inc_x_i = 1.000000, inc_y_i = 1.000000
En el else......

----------------------------------------
x = 245.000000, y = 386.000000
avance = -107.000000, avanceR = 2.000000, avanceI = 2.000000
inc_x_r = 0.000000, inc_y_r = 1.000000, inc_x_i = 1.000000, inc_y_i = 1.000000
En el else......

----------------------------------------
x = 245.000000, y = 387.000000
avance = -105.000000, avanceR = 2.000000, avanceI = 2.000000
inc_x_r = 0.000000, inc_y_r = 1.000000, inc_x_i = 1.000000, inc_y_i = 1.000000
En el else......

----------------------------------------
x = 245.000000, y = 388.000000
avance = -103.000000, avanceR = 2.000000, avanceI = 2.000000
inc_x_r = 0.000000, inc_y_r = 1.000000, inc_x_i = 1.000000, inc_y_i = 1.000000
En el else......

----------------------------------------
x = 245.000000, y = 389.000000
avance = -101.000000, avanceR = 2.000000, avanceI = 2.000000
inc_x_r = 0.000000, inc_y_r = 1.000000, inc_x_i = 1.000000, inc_y_i = 1.000000
En el else......

----------------------------------------
x = 245.000000, y = 390.000000
avance = -99.000000, avanceR = 2.000000, avanceI = 2.000000
inc_x_r = 0.000000, inc_y_r = 1.000000, inc_x_i = 1.000000, inc_y_i = 1.000000
En el else......

----------------------------------------
x = 245.000000, y = 391.000000
avance = -97.000000, avanceR = 2.000000, avanceI = 2.000000
inc_x_r = 0.000000, inc_y_r = 1.000000, inc_x_i = 1.000000, inc_y_i = 1.000000
En el else......

----------------------------------------
x = 245.000000, y = 392.000000
avance = -95.000000, avanceR = 2.000000, avanceI = 2.000000
inc_x_r = 0.000000, inc_y_r = 1.000000, inc_x_i = 1.000000, inc_y_i = 1.000000
En el else......

----------------------------------------
x = 245.000000, y = 393.000000
avance = -93.000000, avanceR = 2.000000, avanceI = 2.000000
inc_x_r = 0.000000, inc_y_r = 1.000000, inc_x_i = 1.000000, inc_y_i = 1.000000
En el else......

----------------------------------------
x = 245.000000, y = 394.000000
avance = -91.000000, avanceR = 2.000000, avanceI = 2.000000
inc_x_r = 0.000000, inc_y_r = 1.000000, inc_x_i = 1.000000, inc_y_i = 1.000000
En el else......

----------------------------------------
x = 245.000000, y = 395.000000
avance = -89.000000, avanceR = 2.000000, avanceI = 2.000000
inc_x_r = 0.000000, inc_y_r = 1.000000, inc_x_i = 1.000000, inc_y_i = 1.000000
En el else......

----------------------------------------
x = 245.000000, y = 396.000000
avance = -87.000000, avanceR = 2.000000, avanceI = 2.000000
inc_x_r = 0.000000, inc_y_r = 1.000000, inc_x_i = 1.000000, inc_y_i = 1.000000
En el else......

----------------------------------------
x = 245.000000, y = 397.000000
avance = -85.000000, avanceR = 2.000000, avanceI = 2.000000
inc_x_r = 0.000000, inc_y_r = 1.000000, inc_x_i = 1.000000, inc_y_i = 1.000000
En el else......

----------------------------------------
x = 245.000000, y = 398.000000
avance = -83.000000, avanceR = 2.000000, avanceI = 2.000000
inc_x_r = 0.000000, inc_y_r = 1.000000, inc_x_i = 1.000000, inc_y_i = 1.000000
En el else......

----------------------------------------
x = 245.000000, y = 399.000000
avance = -81.000000, avanceR = 2.000000, avanceI = 2.000000
inc_x_r = 0.000000, inc_y_r = 1.000000, inc_x_i = 1.000000, inc_y_i = 1.000000
En el else......

----------------------------------------
hora de salir del bucle mi pana


ENTRAMOS A BRESENHAMªªªª
x1 = 235.000000 - y1 = 305.000000 || x2 = 236.000000 - y2 = 556.000000
dy = 251.000000, dx = 1.000000
avances inclinados: inc_x_i = 1.000000, inc_y_i = 1.000000
updated: dy = 251.000000, dx = 1.000000
avances rectos: inc_x_r = 0.000000, inc_y_r 1.000000
reupdated: dy = 1.000000, dx = 251.000000
avanceR = 2.000000, avance -249.000000, avanceI 2.000000
----------------------------------------
x = 235.000000, y = 305.000000
avance = -249.000000, avanceR = 2.000000, avanceI = 2.000000
inc_x_r = 0.000000, inc_y_r = 1.000000, inc_x_i = 1.000000, inc_y_i = 1.000000
En el else......

----------------------------------------
x = 235.000000, y = 306.000000
avance = -247.000000, avanceR = 2.000000, avanceI = 2.000000
inc_x_r = 0.000000, inc_y_r = 1.000000, inc_x_i = 1.000000, inc_y_i = 1.000000
En el else......

----------------------------------------
x = 235.000000, y = 307.000000
avance = -245.000000, avanceR = 2.000000, avanceI = 2.000000
inc_x_r = 0.000000, inc_y_r = 1.000000, inc_x_i = 1.000000, inc_y_i = 1.000000
En el else......

----------------------------------------
x = 235.000000, y = 308.000000
avance = -243.000000, avanceR = 2.000000, avanceI = 2.000000
inc_x_r = 0.000000, inc_y_r = 1.000000, inc_x_i = 1.000000, inc_y_i = 1.000000
En el else......

----------------------------------------
x = 235.000000, y = 309.000000
avance = -241.000000, avanceR = 2.000000, avanceI = 2.000000
inc_x_r = 0.000000, inc_y_r = 1.000000, inc_x_i = 1.000000, inc_y_i = 1.000000
En el else......

----------------------------------------
x = 235.000000, y = 310.000000
avance = -239.000000, avanceR = 2.000000, avanceI = 2.000000
inc_x_r = 0.000000, inc_y_r = 1.000000, inc_x_i = 1.000000, inc_y_i = 1.000000
En el else......

----------------------------------------
x = 235.000000, y = 311.000000
avance = -237.000000, avanceR = 2.000000, avanceI = 2.000000
inc_x_r = 0.000000, inc_y_r = 1.000000, inc_x_i = 1.000000, inc_y_i = 1.000000
En el else......

----------------------------------------
x = 235.000000, y = 312.000000
avance = -235.000000, avanceR = 2.000000, avanceI = 2.000000
inc_x_r = 0.000000, inc_y_r = 1.000000, inc_x_i = 1.000000, inc_y_i = 1.000000
En el else......

----------------------------------------
x = 235.000000, y = 313.000000
avance = -233.000000, avanceR = 2.000000, avanceI = 2.000000
inc_x_r = 0.000000, inc_y_r = 1.000000, inc_x_i = 1.000000, inc_y_i = 1.000000
En el else......

----------------------------------------
x = 235.000000, y = 314.000000
avance = -231.000000, avanceR = 2.000000, avanceI = 2.000000
inc_x_r = 0.000000, inc_y_r = 1.000000, inc_x_i = 1.000000, inc_y_i = 1.000000
En el else......

----------------------------------------
x = 235.000000, y = 315.000000
avance = -229.000000, avanceR = 2.000000, avanceI = 2.000000
inc_x_r = 0.000000, inc_y_r = 1.000000, inc_x_i = 1.000000, inc_y_i = 1.000000
En el else......

----------------------------------------
x = 235.000000, y = 316.000000
avance = -227.000000, avanceR = 2.000000, avanceI = 2.000000
inc_x_r = 0.000000, inc_y_r = 1.000000, inc_x_i = 1.000000, inc_y_i = 1.000000
En el else......

----------------------------------------
x = 235.000000, y = 317.000000
avance = -225.000000, avanceR = 2.000000, avanceI = 2.000000
inc_x_r = 0.000000, inc_y_r = 1.000000, inc_x_i = 1.000000, inc_y_i = 1.000000
En el else......

----------------------------------------
x = 235.000000, y = 318.000000
avance = -223.000000, avanceR = 2.000000, avanceI = 2.000000
inc_x_r = 0.000000, inc_y_r = 1.000000, inc_x_i = 1.000000, inc_y_i = 1.000000
En el else......

----------------------------------------
x = 235.000000, y = 319.000000
avance = -221.000000, avanceR = 2.000000, avanceI = 2.000000
inc_x_r = 0.000000, inc_y_r = 1.000000, inc_x_i = 1.000000, inc_y_i = 1.000000
En el else......

----------------------------------------
x = 235.000000, y = 320.000000
avance = -219.000000, avanceR = 2.000000, avanceI = 2.000000
inc_x_r = 0.000000, inc_y_r = 1.000000, inc_x_i = 1.000000, inc_y_i = 1.000000
En el else......

----------------------------------------
x = 235.000000, y = 321.000000
avance = -217.000000, avanceR = 2.000000, avanceI = 2.000000
inc_x_r = 0.000000, inc_y_r = 1.000000, inc_x_i = 1.000000, inc_y_i = 1.000000
En el else......

----------------------------------------
x = 235.000000, y = 322.000000
avance = -215.000000, avanceR = 2.000000, avanceI = 2.000000
inc_x_r = 0.000000, inc_y_r = 1.000000, inc_x_i = 1.000000, inc_y_i = 1.000000
En el else......

----------------------------------------
x = 235.000000, y = 323.000000
avance = -213.000000, avanceR = 2.000000, avanceI = 2.000000
inc_x_r = 0.000000, inc_y_r = 1.000000, inc_x_i = 1.000000, inc_y_i = 1.000000
En el else......

----------------------------------------
x = 235.000000, y = 324.000000
avance = -211.000000, avanceR = 2.000000, avanceI = 2.000000
inc_x_r = 0.000000, inc_y_r = 1.000000, inc_x_i = 1.000000, inc_y_i = 1.000000
En el else......

----------------------------------------
x = 235.000000, y = 325.000000
avance = -209.000000, avanceR = 2.000000, avanceI = 2.000000
inc_x_r = 0.000000, inc_y_r = 1.000000, inc_x_i = 1.000000, inc_y_i = 1.000000
En el else......

----------------------------------------
x = 235.000000, y = 326.000000
avance = -207.000000, avanceR = 2.000000, avanceI = 2.000000
inc_x_r = 0.000000, inc_y_r = 1.000000, inc_x_i = 1.000000, inc_y_i = 1.000000
En el else......

----------------------------------------
x = 235.000000, y = 327.000000
avance = -205.000000, avanceR = 2.000000, avanceI = 2.000000
inc_x_r = 0.000000, inc_y_r = 1.000000, inc_x_i = 1.000000, inc_y_i = 1.000000
En el else......

----------------------------------------
x = 235.000000, y = 328.000000
avance = -203.000000, avanceR = 2.000000, avanceI = 2.000000
inc_x_r = 0.000000, inc_y_r = 1.000000, inc_x_i = 1.000000, inc_y_i = 1.000000
En el else......

----------------------------------------
x = 235.000000, y = 329.000000
avance = -201.000000, avanceR = 2.000000, avanceI = 2.000000
inc_x_r = 0.000000, inc_y_r = 1.000000, inc_x_i = 1.000000, inc_y_i = 1.000000
En el else......

----------------------------------------
x = 235.000000, y = 330.000000
avance = -199.000000, avanceR = 2.000000, avanceI = 2.000000
inc_x_r = 0.000000, inc_y_r = 1.000000, inc_x_i = 1.000000, inc_y_i = 1.000000
En el else......

----------------------------------------
x = 235.000000, y = 331.000000
avance = -197.000000, avanceR = 2.000000, avanceI = 2.000000
inc_x_r = 0.000000, inc_y_r = 1.000000, inc_x_i = 1.000000, inc_y_i = 1.000000
En el else......

----------------------------------------
x = 235.000000, y = 332.000000
avance = -195.000000, avanceR = 2.000000, avanceI = 2.000000
inc_x_r = 0.000000, inc_y_r = 1.000000, inc_x_i = 1.000000, inc_y_i = 1.000000
En el else......

----------------------------------------
x = 235.000000, y = 333.000000
avance = -193.000000, avanceR = 2.000000, avanceI = 2.000000
inc_x_r = 0.000000, inc_y_r = 1.000000, inc_x_i = 1.000000, inc_y_i = 1.000000
En el else......

----------------------------------------
x = 235.000000, y = 334.000000
avance = -191.000000, avanceR = 2.000000, avanceI = 2.000000
inc_x_r = 0.000000, inc_y_r = 1.000000, inc_x_i = 1.000000, inc_y_i = 1.000000
En el else......

----------------------------------------
x = 235.000000, y = 335.000000
avance = -189.000000, avanceR = 2.000000, avanceI = 2.000000
inc_x_r = 0.000000, inc_y_r = 1.000000, inc_x_i = 1.000000, inc_y_i = 1.000000
En el else......

----------------------------------------
x = 235.000000, y = 336.000000
avance = -187.000000, avanceR = 2.000000, avanceI = 2.000000
inc_x_r = 0.000000, inc_y_r = 1.000000, inc_x_i = 1.000000, inc_y_i = 1.000000
En el else......

----------------------------------------
x = 235.000000, y = 337.000000
avance = -185.000000, avanceR = 2.000000, avanceI = 2.000000
inc_x_r = 0.000000, inc_y_r = 1.000000, inc_x_i = 1.000000, inc_y_i = 1.000000
En el else......

----------------------------------------
x = 235.000000, y = 338.000000
avance = -183.000000, avanceR = 2.000000, avanceI = 2.000000
inc_x_r = 0.000000, inc_y_r = 1.000000, inc_x_i = 1.000000, inc_y_i = 1.000000
En el else......

----------------------------------------
x = 235.000000, y = 339.000000
avance = -181.000000, avanceR = 2.000000, avanceI = 2.000000
inc_x_r = 0.000000, inc_y_r = 1.000000, inc_x_i = 1.000000, inc_y_i = 1.000000
En el else......

----------------------------------------
x = 235.000000, y = 340.000000
avance = -179.000000, avanceR = 2.000000, avanceI = 2.000000
inc_x_r = 0.000000, inc_y_r = 1.000000, inc_x_i = 1.000000, inc_y_i = 1.000000
En el else......

----------------------------------------
x = 235.000000, y = 341.000000
avance = -177.000000, avanceR = 2.000000, avanceI = 2.000000
inc_x_r = 0.000000, inc_y_r = 1.000000, inc_x_i = 1.000000, inc_y_i = 1.000000
En el else......

----------------------------------------
x = 235.000000, y = 342.000000
avance = -175.000000, avanceR = 2.000000, avanceI = 2.000000
inc_x_r = 0.000000, inc_y_r = 1.000000, inc_x_i = 1.000000, inc_y_i = 1.000000
En el else......

----------------------------------------
x = 235.000000, y = 343.000000
avance = -173.000000, avanceR = 2.000000, avanceI = 2.000000
inc_x_r = 0.000000, inc_y_r = 1.000000, inc_x_i = 1.000000, inc_y_i = 1.000000
En el else......

----------------------------------------
x = 235.000000, y = 344.000000
avance = -171.000000, avanceR = 2.000000, avanceI = 2.000000
inc_x_r = 0.000000, inc_y_r = 1.000000, inc_x_i = 1.000000, inc_y_i = 1.000000
En el else......

----------------------------------------
x = 235.000000, y = 345.000000
avance = -169.000000, avanceR = 2.000000, avanceI = 2.000000
inc_x_r = 0.000000, inc_y_r = 1.000000, inc_x_i = 1.000000, inc_y_i = 1.000000
En el else......

----------------------------------------
x = 235.000000, y = 346.000000
avance = -167.000000, avanceR = 2.000000, avanceI = 2.000000
inc_x_r = 0.000000, inc_y_r = 1.000000, inc_x_i = 1.000000, inc_y_i = 1.000000
En el else......

----------------------------------------
x = 235.000000, y = 347.000000
avance = -165.000000, avanceR = 2.000000, avanceI = 2.000000
inc_x_r = 0.000000, inc_y_r = 1.000000, inc_x_i = 1.000000, inc_y_i = 1.000000
En el else......

----------------------------------------
x = 235.000000, y = 348.000000
avance = -163.000000, avanceR = 2.000000, avanceI = 2.000000
inc_x_r = 0.000000, inc_y_r = 1.000000, inc_x_i = 1.000000, inc_y_i = 1.000000
En el else......

----------------------------------------
x = 235.000000, y = 349.000000
avance = -161.000000, avanceR = 2.000000, avanceI = 2.000000
inc_x_r = 0.000000, inc_y_r = 1.000000, inc_x_i = 1.000000, inc_y_i = 1.000000
En el else......

----------------------------------------
x = 235.000000, y = 350.000000
avance = -159.000000, avanceR = 2.000000, avanceI = 2.000000
inc_x_r = 0.000000, inc_y_r = 1.000000, inc_x_i = 1.000000, inc_y_i = 1.000000
En el else......

----------------------------------------
x = 235.000000, y = 351.000000
avance = -157.000000, avanceR = 2.000000, avanceI = 2.000000
inc_x_r = 0.000000, inc_y_r = 1.000000, inc_x_i = 1.000000, inc_y_i = 1.000000
En el else......

----------------------------------------
x = 235.000000, y = 352.000000
avance = -155.000000, avanceR = 2.000000, avanceI = 2.000000
inc_x_r = 0.000000, inc_y_r = 1.000000, inc_x_i = 1.000000, inc_y_i = 1.000000
En el else......

----------------------------------------
x = 235.000000, y = 353.000000
avance = -153.000000, avanceR = 2.000000, avanceI = 2.000000
inc_x_r = 0.000000, inc_y_r = 1.000000, inc_x_i = 1.000000, inc_y_i = 1.000000
En el else......

----------------------------------------
x = 235.000000, y = 354.000000
avance = -151.000000, avanceR = 2.000000, avanceI = 2.000000
inc_x_r = 0.000000, inc_y_r = 1.000000, inc_x_i = 1.000000, inc_y_i = 1.000000
En el else......

----------------------------------------
x = 235.000000, y = 355.000000
avance = -149.000000, avanceR = 2.000000, avanceI = 2.000000
inc_x_r = 0.000000, inc_y_r = 1.000000, inc_x_i = 1.000000, inc_y_i = 1.000000
En el else......

----------------------------------------
x = 235.000000, y = 356.000000
avance = -147.000000, avanceR = 2.000000, avanceI = 2.000000
inc_x_r = 0.000000, inc_y_r = 1.000000, inc_x_i = 1.000000, inc_y_i = 1.000000
En el else......

----------------------------------------
x = 235.000000, y = 357.000000
avance = -145.000000, avanceR = 2.000000, avanceI = 2.000000
inc_x_r = 0.000000, inc_y_r = 1.000000, inc_x_i = 1.000000, inc_y_i = 1.000000
En el else......

----------------------------------------
x = 235.000000, y = 358.000000
avance = -143.000000, avanceR = 2.000000, avanceI = 2.000000
inc_x_r = 0.000000, inc_y_r = 1.000000, inc_x_i = 1.000000, inc_y_i = 1.000000
En el else......

----------------------------------------
x = 235.000000, y = 359.000000
avance = -141.000000, avanceR = 2.000000, avanceI = 2.000000
inc_x_r = 0.000000, inc_y_r = 1.000000, inc_x_i = 1.000000, inc_y_i = 1.000000
En el else......

----------------------------------------
x = 235.000000, y = 360.000000
avance = -139.000000, avanceR = 2.000000, avanceI = 2.000000
inc_x_r = 0.000000, inc_y_r = 1.000000, inc_x_i = 1.000000, inc_y_i = 1.000000
En el else......

----------------------------------------
x = 235.000000, y = 361.000000
avance = -137.000000, avanceR = 2.000000, avanceI = 2.000000
inc_x_r = 0.000000, inc_y_r = 1.000000, inc_x_i = 1.000000, inc_y_i = 1.000000
En el else......

----------------------------------------
x = 235.000000, y = 362.000000
avance = -135.000000, avanceR = 2.000000, avanceI = 2.000000
inc_x_r = 0.000000, inc_y_r = 1.000000, inc_x_i = 1.000000, inc_y_i = 1.000000
En el else......

----------------------------------------
x = 235.000000, y = 363.000000
avance = -133.000000, avanceR = 2.000000, avanceI = 2.000000
inc_x_r = 0.000000, inc_y_r = 1.000000, inc_x_i = 1.000000, inc_y_i = 1.000000
En el else......

----------------------------------------
x = 235.000000, y = 364.000000
avance = -131.000000, avanceR = 2.000000, avanceI = 2.000000
inc_x_r = 0.000000, inc_y_r = 1.000000, inc_x_i = 1.000000, inc_y_i = 1.000000
En el else......

----------------------------------------
x = 235.000000, y = 365.000000
avance = -129.000000, avanceR = 2.000000, avanceI = 2.000000
inc_x_r = 0.000000, inc_y_r = 1.000000, inc_x_i = 1.000000, inc_y_i = 1.000000
En el else......

----------------------------------------
x = 235.000000, y = 366.000000
avance = -127.000000, avanceR = 2.000000, avanceI = 2.000000
inc_x_r = 0.000000, inc_y_r = 1.000000, inc_x_i = 1.000000, inc_y_i = 1.000000
En el else......

----------------------------------------
x = 235.000000, y = 367.000000
avance = -125.000000, avanceR = 2.000000, avanceI = 2.000000
inc_x_r = 0.000000, inc_y_r = 1.000000, inc_x_i = 1.000000, inc_y_i = 1.000000
En el else......

----------------------------------------
x = 235.000000, y = 368.000000
avance = -123.000000, avanceR = 2.000000, avanceI = 2.000000
inc_x_r = 0.000000, inc_y_r = 1.000000, inc_x_i = 1.000000, inc_y_i = 1.000000
En el else......

----------------------------------------
x = 235.000000, y = 369.000000
avance = -121.000000, avanceR = 2.000000, avanceI = 2.000000
inc_x_r = 0.000000, inc_y_r = 1.000000, inc_x_i = 1.000000, inc_y_i = 1.000000
En el else......

----------------------------------------
x = 235.000000, y = 370.000000
avance = -119.000000, avanceR = 2.000000, avanceI = 2.000000
inc_x_r = 0.000000, inc_y_r = 1.000000, inc_x_i = 1.000000, inc_y_i = 1.000000
En el else......

----------------------------------------
x = 235.000000, y = 371.000000
avance = -117.000000, avanceR = 2.000000, avanceI = 2.000000
inc_x_r = 0.000000, inc_y_r = 1.000000, inc_x_i = 1.000000, inc_y_i = 1.000000
En el else......

----------------------------------------
x = 235.000000, y = 372.000000
avance = -115.000000, avanceR = 2.000000, avanceI = 2.000000
inc_x_r = 0.000000, inc_y_r = 1.000000, inc_x_i = 1.000000, inc_y_i = 1.000000
En el else......

----------------------------------------
x = 235.000000, y = 373.000000
avance = -113.000000, avanceR = 2.000000, avanceI = 2.000000
inc_x_r = 0.000000, inc_y_r = 1.000000, inc_x_i = 1.000000, inc_y_i = 1.000000
En el else......

----------------------------------------
x = 235.000000, y = 374.000000
avance = -111.000000, avanceR = 2.000000, avanceI = 2.000000
inc_x_r = 0.000000, inc_y_r = 1.000000, inc_x_i = 1.000000, inc_y_i = 1.000000
En el else......

----------------------------------------
x = 235.000000, y = 375.000000
avance = -109.000000, avanceR = 2.000000, avanceI = 2.000000
inc_x_r = 0.000000, inc_y_r = 1.000000, inc_x_i = 1.000000, inc_y_i = 1.000000
En el else......

----------------------------------------
x = 235.000000, y = 376.000000
avance = -107.000000, avanceR = 2.000000, avanceI = 2.000000
inc_x_r = 0.000000, inc_y_r = 1.000000, inc_x_i = 1.000000, inc_y_i = 1.000000
En el else......

----------------------------------------
x = 235.000000, y = 377.000000
avance = -105.000000, avanceR = 2.000000, avanceI = 2.000000
inc_x_r = 0.000000, inc_y_r = 1.000000, inc_x_i = 1.000000, inc_y_i = 1.000000
En el else......

----------------------------------------
x = 235.000000, y = 378.000000
avance = -103.000000, avanceR = 2.000000, avanceI = 2.000000
inc_x_r = 0.000000, inc_y_r = 1.000000, inc_x_i = 1.000000, inc_y_i = 1.000000
En el else......

----------------------------------------
x = 235.000000, y = 379.000000
avance = -101.000000, avanceR = 2.000000, avanceI = 2.000000
inc_x_r = 0.000000, inc_y_r = 1.000000, inc_x_i = 1.000000, inc_y_i = 1.000000
En el else......

----------------------------------------
x = 235.000000, y = 380.000000
avance = -99.000000, avanceR = 2.000000, avanceI = 2.000000
inc_x_r = 0.000000, inc_y_r = 1.000000, inc_x_i = 1.000000, inc_y_i = 1.000000
En el else......

----------------------------------------
x = 235.000000, y = 381.000000
avance = -97.000000, avanceR = 2.000000, avanceI = 2.000000
inc_x_r = 0.000000, inc_y_r = 1.000000, inc_x_i = 1.000000, inc_y_i = 1.000000
En el else......

----------------------------------------
x = 235.000000, y = 382.000000
avance = -95.000000, avanceR = 2.000000, avanceI = 2.000000
inc_x_r = 0.000000, inc_y_r = 1.000000, inc_x_i = 1.000000, inc_y_i = 1.000000
En el else......

----------------------------------------
x = 235.000000, y = 383.000000
avance = -93.000000, avanceR = 2.000000, avanceI = 2.000000
inc_x_r = 0.000000, inc_y_r = 1.000000, inc_x_i = 1.000000, inc_y_i = 1.000000
En el else......

----------------------------------------
x = 235.000000, y = 384.000000
avance = -91.000000, avanceR = 2.000000, avanceI = 2.000000
inc_x_r = 0.000000, inc_y_r = 1.000000, inc_x_i = 1.000000, inc_y_i = 1.000000
En el else......

----------------------------------------
x = 235.000000, y = 385.000000
avance = -89.000000, avanceR = 2.000000, avanceI = 2.000000
inc_x_r = 0.000000, inc_y_r = 1.000000, inc_x_i = 1.000000, inc_y_i = 1.000000
En el else......

----------------------------------------
x = 235.000000, y = 386.000000
avance = -87.000000, avanceR = 2.000000, avanceI = 2.000000
inc_x_r = 0.000000, inc_y_r = 1.000000, inc_x_i = 1.000000, inc_y_i = 1.000000
En el else......

----------------------------------------
x = 235.000000, y = 387.000000
avance = -85.000000, avanceR = 2.000000, avanceI = 2.000000
inc_x_r = 0.000000, inc_y_r = 1.000000, inc_x_i = 1.000000, inc_y_i = 1.000000
En el else......

----------------------------------------
x = 235.000000, y = 388.000000
avance = -83.000000, avanceR = 2.000000, avanceI = 2.000000
inc_x_r = 0.000000, inc_y_r = 1.000000, inc_x_i = 1.000000, inc_y_i = 1.000000
En el else......

----------------------------------------
x = 235.000000, y = 389.000000
avance = -81.000000, avanceR = 2.000000, avanceI = 2.000000
inc_x_r = 0.000000, inc_y_r = 1.000000, inc_x_i = 1.000000, inc_y_i = 1.000000
En el else......

----------------------------------------
x = 235.000000, y = 390.000000
avance = -79.000000, avanceR = 2.000000, avanceI = 2.000000
inc_x_r = 0.000000, inc_y_r = 1.000000, inc_x_i = 1.000000, inc_y_i = 1.000000
En el else......

----------------------------------------
x = 235.000000, y = 391.000000
avance = -77.000000, avanceR = 2.000000, avanceI = 2.000000
inc_x_r = 0.000000, inc_y_r = 1.000000, inc_x_i = 1.000000, inc_y_i = 1.000000
En el else......

----------------------------------------
x = 235.000000, y = 392.000000
avance = -75.000000, avanceR = 2.000000, avanceI = 2.000000
inc_x_r = 0.000000, inc_y_r = 1.000000, inc_x_i = 1.000000, inc_y_i = 1.000000
En el else......

----------------------------------------
x = 235.000000, y = 393.000000
avance = -73.000000, avanceR = 2.000000, avanceI = 2.000000
inc_x_r = 0.000000, inc_y_r = 1.000000, inc_x_i = 1.000000, inc_y_i = 1.000000
En el else......

----------------------------------------
x = 235.000000, y = 394.000000
avance = -71.000000, avanceR = 2.000000, avanceI = 2.000000
inc_x_r = 0.000000, inc_y_r = 1.000000, inc_x_i = 1.000000, inc_y_i = 1.000000
En el else......

----------------------------------------
x = 235.000000, y = 395.000000
avance = -69.000000, avanceR = 2.000000, avanceI = 2.000000
inc_x_r = 0.000000, inc_y_r = 1.000000, inc_x_i = 1.000000, inc_y_i = 1.000000
En el else......

----------------------------------------
x = 235.000000, y = 396.000000
avance = -67.000000, avanceR = 2.000000, avanceI = 2.000000
inc_x_r = 0.000000, inc_y_r = 1.000000, inc_x_i = 1.000000, inc_y_i = 1.000000
En el else......

----------------------------------------
x = 235.000000, y = 397.000000
avance = -65.000000, avanceR = 2.000000, avanceI = 2.000000
inc_x_r = 0.000000, inc_y_r = 1.000000, inc_x_i = 1.000000, inc_y_i = 1.000000
En el else......

----------------------------------------
x = 235.000000, y = 398.000000
avance = -63.000000, avanceR = 2.000000, avanceI = 2.000000
inc_x_r = 0.000000, inc_y_r = 1.000000, inc_x_i = 1.000000, inc_y_i = 1.000000
En el else......

----------------------------------------
x = 235.000000, y = 399.000000
avance = -61.000000, avanceR = 2.000000, avanceI = 2.000000
inc_x_r = 0.000000, inc_y_r = 1.000000, inc_x_i = 1.000000, inc_y_i = 1.000000
En el else......

----------------------------------------
hora de salir del bucle mi pana


ENTRAMOS A BRESENHAMªªªª
x1 = 225.000000 - y1 = 295.000000 || x2 = 226.000000 - y2 = 546.000000
dy = 251.000000, dx = 1.000000
avances inclinados: inc_x_i = 1.000000, inc_y_i = 1.000000
updated: dy = 251.000000, dx = 1.000000
avances rectos: inc_x_r = 0.000000, inc_y_r 1.000000
reupdated: dy = 1.000000, dx = 251.000000
avanceR = 2.000000, avance -249.000000, avanceI 2.000000
----------------------------------------
x = 225.000000, y = 295.000000
avance = -249.000000, avanceR = 2.000000, avanceI = 2.000000
inc_x_r = 0.000000, inc_y_r = 1.000000, inc_x_i = 1.000000, inc_y_i = 1.000000
En el else......

----------------------------------------
x = 225.000000, y = 296.000000
avance = -247.000000, avanceR = 2.000000, avanceI = 2.000000
inc_x_r = 0.000000, inc_y_r = 1.000000, inc_x_i = 1.000000, inc_y_i = 1.000000
En el else......

----------------------------------------
x = 225.000000, y = 297.000000
avance = -245.000000, avanceR = 2.000000, avanceI = 2.000000
inc_x_r = 0.000000, inc_y_r = 1.000000, inc_x_i = 1.000000, inc_y_i = 1.000000
En el else......

----------------------------------------
x = 225.000000, y = 298.000000
avance = -243.000000, avanceR = 2.000000, avanceI = 2.000000
inc_x_r = 0.000000, inc_y_r = 1.000000, inc_x_i = 1.000000, inc_y_i = 1.000000
En el else......

----------------------------------------
x = 225.000000, y = 299.000000
avance = -241.000000, avanceR = 2.000000, avanceI = 2.000000
inc_x_r = 0.000000, inc_y_r = 1.000000, inc_x_i = 1.000000, inc_y_i = 1.000000
En el else......

----------------------------------------
x = 225.000000, y = 300.000000
avance = -239.000000, avanceR = 2.000000, avanceI = 2.000000
inc_x_r = 0.000000, inc_y_r = 1.000000, inc_x_i = 1.000000, inc_y_i = 1.000000
En el else......

----------------------------------------
x = 225.000000, y = 301.000000
avance = -237.000000, avanceR = 2.000000, avanceI = 2.000000
inc_x_r = 0.000000, inc_y_r = 1.000000, inc_x_i = 1.000000, inc_y_i = 1.000000
En el else......

----------------------------------------
x = 225.000000, y = 302.000000
avance = -235.000000, avanceR = 2.000000, avanceI = 2.000000
inc_x_r = 0.000000, inc_y_r = 1.000000, inc_x_i = 1.000000, inc_y_i = 1.000000
En el else......

----------------------------------------
x = 225.000000, y = 303.000000
avance = -233.000000, avanceR = 2.000000, avanceI = 2.000000
inc_x_r = 0.000000, inc_y_r = 1.000000, inc_x_i = 1.000000, inc_y_i = 1.000000
En el else......

----------------------------------------
x = 225.000000, y = 304.000000
avance = -231.000000, avanceR = 2.000000, avanceI = 2.000000
inc_x_r = 0.000000, inc_y_r = 1.000000, inc_x_i = 1.000000, inc_y_i = 1.000000
En el else......

----------------------------------------
x = 225.000000, y = 305.000000
avance = -229.000000, avanceR = 2.000000, avanceI = 2.000000
inc_x_r = 0.000000, inc_y_r = 1.000000, inc_x_i = 1.000000, inc_y_i = 1.000000
En el else......

----------------------------------------
x = 225.000000, y = 306.000000
avance = -227.000000, avanceR = 2.000000, avanceI = 2.000000
inc_x_r = 0.000000, inc_y_r = 1.000000, inc_x_i = 1.000000, inc_y_i = 1.000000
En el else......

----------------------------------------
x = 225.000000, y = 307.000000
avance = -225.000000, avanceR = 2.000000, avanceI = 2.000000
inc_x_r = 0.000000, inc_y_r = 1.000000, inc_x_i = 1.000000, inc_y_i = 1.000000
En el else......

----------------------------------------
x = 225.000000, y = 308.000000
avance = -223.000000, avanceR = 2.000000, avanceI = 2.000000
inc_x_r = 0.000000, inc_y_r = 1.000000, inc_x_i = 1.000000, inc_y_i = 1.000000
En el else......

----------------------------------------
x = 225.000000, y = 309.000000
avance = -221.000000, avanceR = 2.000000, avanceI = 2.000000
inc_x_r = 0.000000, inc_y_r = 1.000000, inc_x_i = 1.000000, inc_y_i = 1.000000
En el else......

----------------------------------------
x = 225.000000, y = 310.000000
avance = -219.000000, avanceR = 2.000000, avanceI = 2.000000
inc_x_r = 0.000000, inc_y_r = 1.000000, inc_x_i = 1.000000, inc_y_i = 1.000000
En el else......

----------------------------------------
x = 225.000000, y = 311.000000
avance = -217.000000, avanceR = 2.000000, avanceI = 2.000000
inc_x_r = 0.000000, inc_y_r = 1.000000, inc_x_i = 1.000000, inc_y_i = 1.000000
En el else......

----------------------------------------
x = 225.000000, y = 312.000000
avance = -215.000000, avanceR = 2.000000, avanceI = 2.000000
inc_x_r = 0.000000, inc_y_r = 1.000000, inc_x_i = 1.000000, inc_y_i = 1.000000
En el else......

----------------------------------------
x = 225.000000, y = 313.000000
avance = -213.000000, avanceR = 2.000000, avanceI = 2.000000
inc_x_r = 0.000000, inc_y_r = 1.000000, inc_x_i = 1.000000, inc_y_i = 1.000000
En el else......

----------------------------------------
x = 225.000000, y = 314.000000
avance = -211.000000, avanceR = 2.000000, avanceI = 2.000000
inc_x_r = 0.000000, inc_y_r = 1.000000, inc_x_i = 1.000000, inc_y_i = 1.000000
En el else......

----------------------------------------
x = 225.000000, y = 315.000000
avance = -209.000000, avanceR = 2.000000, avanceI = 2.000000
inc_x_r = 0.000000, inc_y_r = 1.000000, inc_x_i = 1.000000, inc_y_i = 1.000000
En el else......

----------------------------------------
x = 225.000000, y = 316.000000
avance = -207.000000, avanceR = 2.000000, avanceI = 2.000000
inc_x_r = 0.000000, inc_y_r = 1.000000, inc_x_i = 1.000000, inc_y_i = 1.000000
En el else......

----------------------------------------
x = 225.000000, y = 317.000000
avance = -205.000000, avanceR = 2.000000, avanceI = 2.000000
inc_x_r = 0.000000, inc_y_r = 1.000000, inc_x_i = 1.000000, inc_y_i = 1.000000
En el else......

----------------------------------------
x = 225.000000, y = 318.000000
avance = -203.000000, avanceR = 2.000000, avanceI = 2.000000
inc_x_r = 0.000000, inc_y_r = 1.000000, inc_x_i = 1.000000, inc_y_i = 1.000000
En el else......

----------------------------------------
x = 225.000000, y = 319.000000
avance = -201.000000, avanceR = 2.000000, avanceI = 2.000000
inc_x_r = 0.000000, inc_y_r = 1.000000, inc_x_i = 1.000000, inc_y_i = 1.000000
En el else......

----------------------------------------
x = 225.000000, y = 320.000000
avance = -199.000000, avanceR = 2.000000, avanceI = 2.000000
inc_x_r = 0.000000, inc_y_r = 1.000000, inc_x_i = 1.000000, inc_y_i = 1.000000
En el else......

----------------------------------------
x = 225.000000, y = 321.000000
avance = -197.000000, avanceR = 2.000000, avanceI = 2.000000
inc_x_r = 0.000000, inc_y_r = 1.000000, inc_x_i = 1.000000, inc_y_i = 1.000000
En el else......

----------------------------------------
x = 225.000000, y = 322.000000
avance = -195.000000, avanceR = 2.000000, avanceI = 2.000000
inc_x_r = 0.000000, inc_y_r = 1.000000, inc_x_i = 1.000000, inc_y_i = 1.000000
En el else......

----------------------------------------
x = 225.000000, y = 323.000000
avance = -193.000000, avanceR = 2.000000, avanceI = 2.000000
inc_x_r = 0.000000, inc_y_r = 1.000000, inc_x_i = 1.000000, inc_y_i = 1.000000
En el else......

----------------------------------------
x = 225.000000, y = 324.000000
avance = -191.000000, avanceR = 2.000000, avanceI = 2.000000
inc_x_r = 0.000000, inc_y_r = 1.000000, inc_x_i = 1.000000, inc_y_i = 1.000000
En el else......

----------------------------------------
x = 225.000000, y = 325.000000
avance = -189.000000, avanceR = 2.000000, avanceI = 2.000000
inc_x_r = 0.000000, inc_y_r = 1.000000, inc_x_i = 1.000000, inc_y_i = 1.000000
En el else......

----------------------------------------
x = 225.000000, y = 326.000000
avance = -187.000000, avanceR = 2.000000, avanceI = 2.000000
inc_x_r = 0.000000, inc_y_r = 1.000000, inc_x_i = 1.000000, inc_y_i = 1.000000
En el else......

----------------------------------------
x = 225.000000, y = 327.000000
avance = -185.000000, avanceR = 2.000000, avanceI = 2.000000
inc_x_r = 0.000000, inc_y_r = 1.000000, inc_x_i = 1.000000, inc_y_i = 1.000000
En el else......

----------------------------------------
x = 225.000000, y = 328.000000
avance = -183.000000, avanceR = 2.000000, avanceI = 2.000000
inc_x_r = 0.000000, inc_y_r = 1.000000, inc_x_i = 1.000000, inc_y_i = 1.000000
En el else......

----------------------------------------
x = 225.000000, y = 329.000000
avance = -181.000000, avanceR = 2.000000, avanceI = 2.000000
inc_x_r = 0.000000, inc_y_r = 1.000000, inc_x_i = 1.000000, inc_y_i = 1.000000
En el else......

----------------------------------------
x = 225.000000, y = 330.000000
avance = -179.000000, avanceR = 2.000000, avanceI = 2.000000
inc_x_r = 0.000000, inc_y_r = 1.000000, inc_x_i = 1.000000, inc_y_i = 1.000000
En el else......

----------------------------------------
x = 225.000000, y = 331.000000
avance = -177.000000, avanceR = 2.000000, avanceI = 2.000000
inc_x_r = 0.000000, inc_y_r = 1.000000, inc_x_i = 1.000000, inc_y_i = 1.000000
En el else......

----------------------------------------
x = 225.000000, y = 332.000000
avance = -175.000000, avanceR = 2.000000, avanceI = 2.000000
inc_x_r = 0.000000, inc_y_r = 1.000000, inc_x_i = 1.000000, inc_y_i = 1.000000
En el else......

----------------------------------------
x = 225.000000, y = 333.000000
avance = -173.000000, avanceR = 2.000000, avanceI = 2.000000
inc_x_r = 0.000000, inc_y_r = 1.000000, inc_x_i = 1.000000, inc_y_i = 1.000000
En el else......

----------------------------------------
x = 225.000000, y = 334.000000
avance = -171.000000, avanceR = 2.000000, avanceI = 2.000000
inc_x_r = 0.000000, inc_y_r = 1.000000, inc_x_i = 1.000000, inc_y_i = 1.000000
En el else......

----------------------------------------
x = 225.000000, y = 335.000000
avance = -169.000000, avanceR = 2.000000, avanceI = 2.000000
inc_x_r = 0.000000, inc_y_r = 1.000000, inc_x_i = 1.000000, inc_y_i = 1.000000
En el else......

----------------------------------------
x = 225.000000, y = 336.000000
avance = -167.000000, avanceR = 2.000000, avanceI = 2.000000
inc_x_r = 0.000000, inc_y_r = 1.000000, inc_x_i = 1.000000, inc_y_i = 1.000000
En el else......

----------------------------------------
x = 225.000000, y = 337.000000
avance = -165.000000, avanceR = 2.000000, avanceI = 2.000000
inc_x_r = 0.000000, inc_y_r = 1.000000, inc_x_i = 1.000000, inc_y_i = 1.000000
En el else......

----------------------------------------
x = 225.000000, y = 338.000000
avance = -163.000000, avanceR = 2.000000, avanceI = 2.000000
inc_x_r = 0.000000, inc_y_r = 1.000000, inc_x_i = 1.000000, inc_y_i = 1.000000
En el else......

----------------------------------------
x = 225.000000, y = 339.000000
avance = -161.000000, avanceR = 2.000000, avanceI = 2.000000
inc_x_r = 0.000000, inc_y_r = 1.000000, inc_x_i = 1.000000, inc_y_i = 1.000000
En el else......

----------------------------------------
x = 225.000000, y = 340.000000
avance = -159.000000, avanceR = 2.000000, avanceI = 2.000000
inc_x_r = 0.000000, inc_y_r = 1.000000, inc_x_i = 1.000000, inc_y_i = 1.000000
En el else......

----------------------------------------
x = 225.000000, y = 341.000000
avance = -157.000000, avanceR = 2.000000, avanceI = 2.000000
inc_x_r = 0.000000, inc_y_r = 1.000000, inc_x_i = 1.000000, inc_y_i = 1.000000
En el else......

----------------------------------------
x = 225.000000, y = 342.000000
avance = -155.000000, avanceR = 2.000000, avanceI = 2.000000
inc_x_r = 0.000000, inc_y_r = 1.000000, inc_x_i = 1.000000, inc_y_i = 1.000000
En el else......

----------------------------------------
x = 225.000000, y = 343.000000
avance = -153.000000, avanceR = 2.000000, avanceI = 2.000000
inc_x_r = 0.000000, inc_y_r = 1.000000, inc_x_i = 1.000000, inc_y_i = 1.000000
En el else......

----------------------------------------
x = 225.000000, y = 344.000000
avance = -151.000000, avanceR = 2.000000, avanceI = 2.000000
inc_x_r = 0.000000, inc_y_r = 1.000000, inc_x_i = 1.000000, inc_y_i = 1.000000
En el else......

----------------------------------------
x = 225.000000, y = 345.000000
avance = -149.000000, avanceR = 2.000000, avanceI = 2.000000
inc_x_r = 0.000000, inc_y_r = 1.000000, inc_x_i = 1.000000, inc_y_i = 1.000000
En el else......

----------------------------------------
x = 225.000000, y = 346.000000
avance = -147.000000, avanceR = 2.000000, avanceI = 2.000000
inc_x_r = 0.000000, inc_y_r = 1.000000, inc_x_i = 1.000000, inc_y_i = 1.000000
En el else......

----------------------------------------
x = 225.000000, y = 347.000000
avance = -145.000000, avanceR = 2.000000, avanceI = 2.000000
inc_x_r = 0.000000, inc_y_r = 1.000000, inc_x_i = 1.000000, inc_y_i = 1.000000
En el else......

----------------------------------------
x = 225.000000, y = 348.000000
avance = -143.000000, avanceR = 2.000000, avanceI = 2.000000
inc_x_r = 0.000000, inc_y_r = 1.000000, inc_x_i = 1.000000, inc_y_i = 1.000000
En el else......

----------------------------------------
x = 225.000000, y = 349.000000
avance = -141.000000, avanceR = 2.000000, avanceI = 2.000000
inc_x_r = 0.000000, inc_y_r = 1.000000, inc_x_i = 1.000000, inc_y_i = 1.000000
En el else......

----------------------------------------
x = 225.000000, y = 350.000000
avance = -139.000000, avanceR = 2.000000, avanceI = 2.000000
inc_x_r = 0.000000, inc_y_r = 1.000000, inc_x_i = 1.000000, inc_y_i = 1.000000
En el else......

----------------------------------------
x = 225.000000, y = 351.000000
avance = -137.000000, avanceR = 2.000000, avanceI = 2.000000
inc_x_r = 0.000000, inc_y_r = 1.000000, inc_x_i = 1.000000, inc_y_i = 1.000000
En el else......

----------------------------------------
x = 225.000000, y = 352.000000
avance = -135.000000, avanceR = 2.000000, avanceI = 2.000000
inc_x_r = 0.000000, inc_y_r = 1.000000, inc_x_i = 1.000000, inc_y_i = 1.000000
En el else......

----------------------------------------
x = 225.000000, y = 353.000000
avance = -133.000000, avanceR = 2.000000, avanceI = 2.000000
inc_x_r = 0.000000, inc_y_r = 1.000000, inc_x_i = 1.000000, inc_y_i = 1.000000
En el else......

----------------------------------------
x = 225.000000, y = 354.000000
avance = -131.000000, avanceR = 2.000000, avanceI = 2.000000
inc_x_r = 0.000000, inc_y_r = 1.000000, inc_x_i = 1.000000, inc_y_i = 1.000000
En el else......

----------------------------------------
x = 225.000000, y = 355.000000
avance = -129.000000, avanceR = 2.000000, avanceI = 2.000000
inc_x_r = 0.000000, inc_y_r = 1.000000, inc_x_i = 1.000000, inc_y_i = 1.000000
En el else......

----------------------------------------
x = 225.000000, y = 356.000000
avance = -127.000000, avanceR = 2.000000, avanceI = 2.000000
inc_x_r = 0.000000, inc_y_r = 1.000000, inc_x_i = 1.000000, inc_y_i = 1.000000
En el else......

----------------------------------------
x = 225.000000, y = 357.000000
avance = -125.000000, avanceR = 2.000000, avanceI = 2.000000
inc_x_r = 0.000000, inc_y_r = 1.000000, inc_x_i = 1.000000, inc_y_i = 1.000000
En el else......

----------------------------------------
x = 225.000000, y = 358.000000
avance = -123.000000, avanceR = 2.000000, avanceI = 2.000000
inc_x_r = 0.000000, inc_y_r = 1.000000, inc_x_i = 1.000000, inc_y_i = 1.000000
En el else......

----------------------------------------
x = 225.000000, y = 359.000000
avance = -121.000000, avanceR = 2.000000, avanceI = 2.000000
inc_x_r = 0.000000, inc_y_r = 1.000000, inc_x_i = 1.000000, inc_y_i = 1.000000
En el else......

----------------------------------------
x = 225.000000, y = 360.000000
avance = -119.000000, avanceR = 2.000000, avanceI = 2.000000
inc_x_r = 0.000000, inc_y_r = 1.000000, inc_x_i = 1.000000, inc_y_i = 1.000000
En el else......

----------------------------------------
x = 225.000000, y = 361.000000
avance = -117.000000, avanceR = 2.000000, avanceI = 2.000000
inc_x_r = 0.000000, inc_y_r = 1.000000, inc_x_i = 1.000000, inc_y_i = 1.000000
En el else......

----------------------------------------
x = 225.000000, y = 362.000000
avance = -115.000000, avanceR = 2.000000, avanceI = 2.000000
inc_x_r = 0.000000, inc_y_r = 1.000000, inc_x_i = 1.000000, inc_y_i = 1.000000
En el else......

----------------------------------------
x = 225.000000, y = 363.000000
avance = -113.000000, avanceR = 2.000000, avanceI = 2.000000
inc_x_r = 0.000000, inc_y_r = 1.000000, inc_x_i = 1.000000, inc_y_i = 1.000000
En el else......

----------------------------------------
x = 225.000000, y = 364.000000
avance = -111.000000, avanceR = 2.000000, avanceI = 2.000000
inc_x_r = 0.000000, inc_y_r = 1.000000, inc_x_i = 1.000000, inc_y_i = 1.000000
En el else......

----------------------------------------
x = 225.000000, y = 365.000000
avance = -109.000000, avanceR = 2.000000, avanceI = 2.000000
inc_x_r = 0.000000, inc_y_r = 1.000000, inc_x_i = 1.000000, inc_y_i = 1.000000
En el else......

----------------------------------------
x = 225.000000, y = 366.000000
avance = -107.000000, avanceR = 2.000000, avanceI = 2.000000
inc_x_r = 0.000000, inc_y_r = 1.000000, inc_x_i = 1.000000, inc_y_i = 1.000000
En el else......

----------------------------------------
x = 225.000000, y = 367.000000
avance = -105.000000, avanceR = 2.000000, avanceI = 2.000000
inc_x_r = 0.000000, inc_y_r = 1.000000, inc_x_i = 1.000000, inc_y_i = 1.000000
En el else......

----------------------------------------
x = 225.000000, y = 368.000000
avance = -103.000000, avanceR = 2.000000, avanceI = 2.000000
inc_x_r = 0.000000, inc_y_r = 1.000000, inc_x_i = 1.000000, inc_y_i = 1.000000
En el else......

----------------------------------------
x = 225.000000, y = 369.000000
avance = -101.000000, avanceR = 2.000000, avanceI = 2.000000
inc_x_r = 0.000000, inc_y_r = 1.000000, inc_x_i = 1.000000, inc_y_i = 1.000000
En el else......

----------------------------------------
x = 225.000000, y = 370.000000
avance = -99.000000, avanceR = 2.000000, avanceI = 2.000000
inc_x_r = 0.000000, inc_y_r = 1.000000, inc_x_i = 1.000000, inc_y_i = 1.000000
En el else......

----------------------------------------
x = 225.000000, y = 371.000000
avance = -97.000000, avanceR = 2.000000, avanceI = 2.000000
inc_x_r = 0.000000, inc_y_r = 1.000000, inc_x_i = 1.000000, inc_y_i = 1.000000
En el else......

----------------------------------------
x = 225.000000, y = 372.000000
avance = -95.000000, avanceR = 2.000000, avanceI = 2.000000
inc_x_r = 0.000000, inc_y_r = 1.000000, inc_x_i = 1.000000, inc_y_i = 1.000000
En el else......

----------------------------------------
x = 225.000000, y = 373.000000
avance = -93.000000, avanceR = 2.000000, avanceI = 2.000000
inc_x_r = 0.000000, inc_y_r = 1.000000, inc_x_i = 1.000000, inc_y_i = 1.000000
En el else......

----------------------------------------
x = 225.000000, y = 374.000000
avance = -91.000000, avanceR = 2.000000, avanceI = 2.000000
inc_x_r = 0.000000, inc_y_r = 1.000000, inc_x_i = 1.000000, inc_y_i = 1.000000
En el else......

----------------------------------------
x = 225.000000, y = 375.000000
avance = -89.000000, avanceR = 2.000000, avanceI = 2.000000
inc_x_r = 0.000000, inc_y_r = 1.000000, inc_x_i = 1.000000, inc_y_i = 1.000000
En el else......

----------------------------------------
x = 225.000000, y = 376.000000
avance = -87.000000, avanceR = 2.000000, avanceI = 2.000000
inc_x_r = 0.000000, inc_y_r = 1.000000, inc_x_i = 1.000000, inc_y_i = 1.000000
En el else......

----------------------------------------
x = 225.000000, y = 377.000000
avance = -85.000000, avanceR = 2.000000, avanceI = 2.000000
inc_x_r = 0.000000, inc_y_r = 1.000000, inc_x_i = 1.000000, inc_y_i = 1.000000
En el else......

----------------------------------------
x = 225.000000, y = 378.000000
avance = -83.000000, avanceR = 2.000000, avanceI = 2.000000
inc_x_r = 0.000000, inc_y_r = 1.000000, inc_x_i = 1.000000, inc_y_i = 1.000000
En el else......

----------------------------------------
x = 225.000000, y = 379.000000
avance = -81.000000, avanceR = 2.000000, avanceI = 2.000000
inc_x_r = 0.000000, inc_y_r = 1.000000, inc_x_i = 1.000000, inc_y_i = 1.000000
En el else......

----------------------------------------
x = 225.000000, y = 380.000000
avance = -79.000000, avanceR = 2.000000, avanceI = 2.000000
inc_x_r = 0.000000, inc_y_r = 1.000000, inc_x_i = 1.000000, inc_y_i = 1.000000
En el else......

----------------------------------------
x = 225.000000, y = 381.000000
avance = -77.000000, avanceR = 2.000000, avanceI = 2.000000
inc_x_r = 0.000000, inc_y_r = 1.000000, inc_x_i = 1.000000, inc_y_i = 1.000000
En el else......

----------------------------------------
x = 225.000000, y = 382.000000
avance = -75.000000, avanceR = 2.000000, avanceI = 2.000000
inc_x_r = 0.000000, inc_y_r = 1.000000, inc_x_i = 1.000000, inc_y_i = 1.000000
En el else......

----------------------------------------
x = 225.000000, y = 383.000000
avance = -73.000000, avanceR = 2.000000, avanceI = 2.000000
inc_x_r = 0.000000, inc_y_r = 1.000000, inc_x_i = 1.000000, inc_y_i = 1.000000
En el else......

----------------------------------------
x = 225.000000, y = 384.000000
avance = -71.000000, avanceR = 2.000000, avanceI = 2.000000
inc_x_r = 0.000000, inc_y_r = 1.000000, inc_x_i = 1.000000, inc_y_i = 1.000000
En el else......

----------------------------------------
x = 225.000000, y = 385.000000
avance = -69.000000, avanceR = 2.000000, avanceI = 2.000000
inc_x_r = 0.000000, inc_y_r = 1.000000, inc_x_i = 1.000000, inc_y_i = 1.000000
En el else......

----------------------------------------
x = 225.000000, y = 386.000000
avance = -67.000000, avanceR = 2.000000, avanceI = 2.000000
inc_x_r = 0.000000, inc_y_r = 1.000000, inc_x_i = 1.000000, inc_y_i = 1.000000
En el else......

----------------------------------------
x = 225.000000, y = 387.000000
avance = -65.000000, avanceR = 2.000000, avanceI = 2.000000
inc_x_r = 0.000000, inc_y_r = 1.000000, inc_x_i = 1.000000, inc_y_i = 1.000000
En el else......

----------------------------------------
x = 225.000000, y = 388.000000
avance = -63.000000, avanceR = 2.000000, avanceI = 2.000000
inc_x_r = 0.000000, inc_y_r = 1.000000, inc_x_i = 1.000000, inc_y_i = 1.000000
En el else......

----------------------------------------
x = 225.000000, y = 389.000000
avance = -61.000000, avanceR = 2.000000, avanceI = 2.000000
inc_x_r = 0.000000, inc_y_r = 1.000000, inc_x_i = 1.000000, inc_y_i = 1.000000
En el else......

----------------------------------------
x = 225.000000, y = 390.000000
avance = -59.000000, avanceR = 2.000000, avanceI = 2.000000
inc_x_r = 0.000000, inc_y_r = 1.000000, inc_x_i = 1.000000, inc_y_i = 1.000000
En el else......

----------------------------------------
x = 225.000000, y = 391.000000
avance = -57.000000, avanceR = 2.000000, avanceI = 2.000000
inc_x_r = 0.000000, inc_y_r = 1.000000, inc_x_i = 1.000000, inc_y_i = 1.000000
En el else......

----------------------------------------
x = 225.000000, y = 392.000000
avance = -55.000000, avanceR = 2.000000, avanceI = 2.000000
inc_x_r = 0.000000, inc_y_r = 1.000000, inc_x_i = 1.000000, inc_y_i = 1.000000
En el else......

----------------------------------------
x = 225.000000, y = 393.000000
avance = -53.000000, avanceR = 2.000000, avanceI = 2.000000
inc_x_r = 0.000000, inc_y_r = 1.000000, inc_x_i = 1.000000, inc_y_i = 1.000000
En el else......

----------------------------------------
x = 225.000000, y = 394.000000
avance = -51.000000, avanceR = 2.000000, avanceI = 2.000000
inc_x_r = 0.000000, inc_y_r = 1.000000, inc_x_i = 1.000000, inc_y_i = 1.000000
En el else......

----------------------------------------
x = 225.000000, y = 395.000000
avance = -49.000000, avanceR = 2.000000, avanceI = 2.000000
inc_x_r = 0.000000, inc_y_r = 1.000000, inc_x_i = 1.000000, inc_y_i = 1.000000
En el else......

----------------------------------------
x = 225.000000, y = 396.000000
avance = -47.000000, avanceR = 2.000000, avanceI = 2.000000
inc_x_r = 0.000000, inc_y_r = 1.000000, inc_x_i = 1.000000, inc_y_i = 1.000000
En el else......

----------------------------------------
x = 225.000000, y = 397.000000
avance = -45.000000, avanceR = 2.000000, avanceI = 2.000000
inc_x_r = 0.000000, inc_y_r = 1.000000, inc_x_i = 1.000000, inc_y_i = 1.000000
En el else......

----------------------------------------
x = 225.000000, y = 398.000000
avance = -43.000000, avanceR = 2.000000, avanceI = 2.000000
inc_x_r = 0.000000, inc_y_r = 1.000000, inc_x_i = 1.000000, inc_y_i = 1.000000
En el else......

----------------------------------------
x = 225.000000, y = 399.000000
avance = -41.000000, avanceR = 2.000000, avanceI = 2.000000
inc_x_r = 0.000000, inc_y_r = 1.000000, inc_x_i = 1.000000, inc_y_i = 1.000000
En el else......

----------------------------------------
hora de salir del bucle mi pana


ENTRAMOS A BRESENHAMªªªª
x1 = 215.000000 - y1 = 285.000000 || x2 = 216.000000 - y2 = 536.000000
dy = 251.000000, dx = 1.000000
avances inclinados: inc_x_i = 1.000000, inc_y_i = 1.000000
updated: dy = 251.000000, dx = 1.000000
avances rectos: inc_x_r = 0.000000, inc_y_r 1.000000
reupdated: dy = 1.000000, dx = 251.000000
avanceR = 2.000000, avance -249.000000, avanceI 2.000000
----------------------------------------
x = 215.000000, y = 285.000000
avance = -249.000000, avanceR = 2.000000, avanceI = 2.000000
inc_x_r = 0.000000, inc_y_r = 1.000000, inc_x_i = 1.000000, inc_y_i = 1.000000
En el else......

----------------------------------------
x = 215.000000, y = 286.000000
avance = -247.000000, avanceR = 2.000000, avanceI = 2.000000
inc_x_r = 0.000000, inc_y_r = 1.000000, inc_x_i = 1.000000, inc_y_i = 1.000000
En el else......

----------------------------------------
x = 215.000000, y = 287.000000
avance = -245.000000, avanceR = 2.000000, avanceI = 2.000000
inc_x_r = 0.000000, inc_y_r = 1.000000, inc_x_i = 1.000000, inc_y_i = 1.000000
En el else......

----------------------------------------
x = 215.000000, y = 288.000000
avance = -243.000000, avanceR = 2.000000, avanceI = 2.000000
inc_x_r = 0.000000, inc_y_r = 1.000000, inc_x_i = 1.000000, inc_y_i = 1.000000
En el else......

----------------------------------------
x = 215.000000, y = 289.000000
avance = -241.000000, avanceR = 2.000000, avanceI = 2.000000
inc_x_r = 0.000000, inc_y_r = 1.000000, inc_x_i = 1.000000, inc_y_i = 1.000000
En el else......

----------------------------------------
x = 215.000000, y = 290.000000
avance = -239.000000, avanceR = 2.000000, avanceI = 2.000000
inc_x_r = 0.000000, inc_y_r = 1.000000, inc_x_i = 1.000000, inc_y_i = 1.000000
En el else......

----------------------------------------
x = 215.000000, y = 291.000000
avance = -237.000000, avanceR = 2.000000, avanceI = 2.000000
inc_x_r = 0.000000, inc_y_r = 1.000000, inc_x_i = 1.000000, inc_y_i = 1.000000
En el else......

----------------------------------------
x = 215.000000, y = 292.000000
avance = -235.000000, avanceR = 2.000000, avanceI = 2.000000
inc_x_r = 0.000000, inc_y_r = 1.000000, inc_x_i = 1.000000, inc_y_i = 1.000000
En el else......

----------------------------------------
x = 215.000000, y = 293.000000
avance = -233.000000, avanceR = 2.000000, avanceI = 2.000000
inc_x_r = 0.000000, inc_y_r = 1.000000, inc_x_i = 1.000000, inc_y_i = 1.000000
En el else......

----------------------------------------
x = 215.000000, y = 294.000000
avance = -231.000000, avanceR = 2.000000, avanceI = 2.000000
inc_x_r = 0.000000, inc_y_r = 1.000000, inc_x_i = 1.000000, inc_y_i = 1.000000
En el else......

----------------------------------------
x = 215.000000, y = 295.000000
avance = -229.000000, avanceR = 2.000000, avanceI = 2.000000
inc_x_r = 0.000000, inc_y_r = 1.000000, inc_x_i = 1.000000, inc_y_i = 1.000000
En el else......

----------------------------------------
x = 215.000000, y = 296.000000
avance = -227.000000, avanceR = 2.000000, avanceI = 2.000000
inc_x_r = 0.000000, inc_y_r = 1.000000, inc_x_i = 1.000000, inc_y_i = 1.000000
En el else......

----------------------------------------
x = 215.000000, y = 297.000000
avance = -225.000000, avanceR = 2.000000, avanceI = 2.000000
inc_x_r = 0.000000, inc_y_r = 1.000000, inc_x_i = 1.000000, inc_y_i = 1.000000
En el else......

----------------------------------------
x = 215.000000, y = 298.000000
avance = -223.000000, avanceR = 2.000000, avanceI = 2.000000
inc_x_r = 0.000000, inc_y_r = 1.000000, inc_x_i = 1.000000, inc_y_i = 1.000000
En el else......

----------------------------------------
x = 215.000000, y = 299.000000
avance = -221.000000, avanceR = 2.000000, avanceI = 2.000000
inc_x_r = 0.000000, inc_y_r = 1.000000, inc_x_i = 1.000000, inc_y_i = 1.000000
En el else......

----------------------------------------
x = 215.000000, y = 300.000000
avance = -219.000000, avanceR = 2.000000, avanceI = 2.000000
inc_x_r = 0.000000, inc_y_r = 1.000000, inc_x_i = 1.000000, inc_y_i = 1.000000
En el else......

----------------------------------------
x = 215.000000, y = 301.000000
avance = -217.000000, avanceR = 2.000000, avanceI = 2.000000
inc_x_r = 0.000000, inc_y_r = 1.000000, inc_x_i = 1.000000, inc_y_i = 1.000000
En el else......

----------------------------------------
x = 215.000000, y = 302.000000
avance = -215.000000, avanceR = 2.000000, avanceI = 2.000000
inc_x_r = 0.000000, inc_y_r = 1.000000, inc_x_i = 1.000000, inc_y_i = 1.000000
En el else......

----------------------------------------
x = 215.000000, y = 303.000000
avance = -213.000000, avanceR = 2.000000, avanceI = 2.000000
inc_x_r = 0.000000, inc_y_r = 1.000000, inc_x_i = 1.000000, inc_y_i = 1.000000
En el else......

----------------------------------------
x = 215.000000, y = 304.000000
avance = -211.000000, avanceR = 2.000000, avanceI = 2.000000
inc_x_r = 0.000000, inc_y_r = 1.000000, inc_x_i = 1.000000, inc_y_i = 1.000000
En el else......

----------------------------------------
x = 215.000000, y = 305.000000
avance = -209.000000, avanceR = 2.000000, avanceI = 2.000000
inc_x_r = 0.000000, inc_y_r = 1.000000, inc_x_i = 1.000000, inc_y_i = 1.000000
En el else......

----------------------------------------
x = 215.000000, y = 306.000000
avance = -207.000000, avanceR = 2.000000, avanceI = 2.000000
inc_x_r = 0.000000, inc_y_r = 1.000000, inc_x_i = 1.000000, inc_y_i = 1.000000
En el else......

----------------------------------------
x = 215.000000, y = 307.000000
avance = -205.000000, avanceR = 2.000000, avanceI = 2.000000
inc_x_r = 0.000000, inc_y_r = 1.000000, inc_x_i = 1.000000, inc_y_i = 1.000000
En el else......

----------------------------------------
x = 215.000000, y = 308.000000
avance = -203.000000, avanceR = 2.000000, avanceI = 2.000000
inc_x_r = 0.000000, inc_y_r = 1.000000, inc_x_i = 1.000000, inc_y_i = 1.000000
En el else......

----------------------------------------
x = 215.000000, y = 309.000000
avance = -201.000000, avanceR = 2.000000, avanceI = 2.000000
inc_x_r = 0.000000, inc_y_r = 1.000000, inc_x_i = 1.000000, inc_y_i = 1.000000
En el else......

----------------------------------------
x = 215.000000, y = 310.000000
avance = -199.000000, avanceR = 2.000000, avanceI = 2.000000
inc_x_r = 0.000000, inc_y_r = 1.000000, inc_x_i = 1.000000, inc_y_i = 1.000000
En el else......

----------------------------------------
x = 215.000000, y = 311.000000
avance = -197.000000, avanceR = 2.000000, avanceI = 2.000000
inc_x_r = 0.000000, inc_y_r = 1.000000, inc_x_i = 1.000000, inc_y_i = 1.000000
En el else......

----------------------------------------
x = 215.000000, y = 312.000000
avance = -195.000000, avanceR = 2.000000, avanceI = 2.000000
inc_x_r = 0.000000, inc_y_r = 1.000000, inc_x_i = 1.000000, inc_y_i = 1.000000
En el else......

----------------------------------------
x = 215.000000, y = 313.000000
avance = -193.000000, avanceR = 2.000000, avanceI = 2.000000
inc_x_r = 0.000000, inc_y_r = 1.000000, inc_x_i = 1.000000, inc_y_i = 1.000000
En el else......

----------------------------------------
x = 215.000000, y = 314.000000
avance = -191.000000, avanceR = 2.000000, avanceI = 2.000000
inc_x_r = 0.000000, inc_y_r = 1.000000, inc_x_i = 1.000000, inc_y_i = 1.000000
En el else......

----------------------------------------
x = 215.000000, y = 315.000000
avance = -189.000000, avanceR = 2.000000, avanceI = 2.000000
inc_x_r = 0.000000, inc_y_r = 1.000000, inc_x_i = 1.000000, inc_y_i = 1.000000
En el else......

----------------------------------------
x = 215.000000, y = 316.000000
avance = -187.000000, avanceR = 2.000000, avanceI = 2.000000
inc_x_r = 0.000000, inc_y_r = 1.000000, inc_x_i = 1.000000, inc_y_i = 1.000000
En el else......

----------------------------------------
x = 215.000000, y = 317.000000
avance = -185.000000, avanceR = 2.000000, avanceI = 2.000000
inc_x_r = 0.000000, inc_y_r = 1.000000, inc_x_i = 1.000000, inc_y_i = 1.000000
En el else......

----------------------------------------
x = 215.000000, y = 318.000000
avance = -183.000000, avanceR = 2.000000, avanceI = 2.000000
inc_x_r = 0.000000, inc_y_r = 1.000000, inc_x_i = 1.000000, inc_y_i = 1.000000
En el else......

----------------------------------------
x = 215.000000, y = 319.000000
avance = -181.000000, avanceR = 2.000000, avanceI = 2.000000
inc_x_r = 0.000000, inc_y_r = 1.000000, inc_x_i = 1.000000, inc_y_i = 1.000000
En el else......

----------------------------------------
x = 215.000000, y = 320.000000
avance = -179.000000, avanceR = 2.000000, avanceI = 2.000000
inc_x_r = 0.000000, inc_y_r = 1.000000, inc_x_i = 1.000000, inc_y_i = 1.000000
En el else......

----------------------------------------
x = 215.000000, y = 321.000000
avance = -177.000000, avanceR = 2.000000, avanceI = 2.000000
inc_x_r = 0.000000, inc_y_r = 1.000000, inc_x_i = 1.000000, inc_y_i = 1.000000
En el else......

----------------------------------------
x = 215.000000, y = 322.000000
avance = -175.000000, avanceR = 2.000000, avanceI = 2.000000
inc_x_r = 0.000000, inc_y_r = 1.000000, inc_x_i = 1.000000, inc_y_i = 1.000000
En el else......

----------------------------------------
x = 215.000000, y = 323.000000
avance = -173.000000, avanceR = 2.000000, avanceI = 2.000000
inc_x_r = 0.000000, inc_y_r = 1.000000, inc_x_i = 1.000000, inc_y_i = 1.000000
En el else......

----------------------------------------
x = 215.000000, y = 324.000000
avance = -171.000000, avanceR = 2.000000, avanceI = 2.000000
inc_x_r = 0.000000, inc_y_r = 1.000000, inc_x_i = 1.000000, inc_y_i = 1.000000
En el else......

----------------------------------------
x = 215.000000, y = 325.000000
avance = -169.000000, avanceR = 2.000000, avanceI = 2.000000
inc_x_r = 0.000000, inc_y_r = 1.000000, inc_x_i = 1.000000, inc_y_i = 1.000000
En el else......

----------------------------------------
x = 215.000000, y = 326.000000
avance = -167.000000, avanceR = 2.000000, avanceI = 2.000000
inc_x_r = 0.000000, inc_y_r = 1.000000, inc_x_i = 1.000000, inc_y_i = 1.000000
En el else......

----------------------------------------
x = 215.000000, y = 327.000000
avance = -165.000000, avanceR = 2.000000, avanceI = 2.000000
inc_x_r = 0.000000, inc_y_r = 1.000000, inc_x_i = 1.000000, inc_y_i = 1.000000
En el else......

----------------------------------------
x = 215.000000, y = 328.000000
avance = -163.000000, avanceR = 2.000000, avanceI = 2.000000
inc_x_r = 0.000000, inc_y_r = 1.000000, inc_x_i = 1.000000, inc_y_i = 1.000000
En el else......

----------------------------------------
x = 215.000000, y = 329.000000
avance = -161.000000, avanceR = 2.000000, avanceI = 2.000000
inc_x_r = 0.000000, inc_y_r = 1.000000, inc_x_i = 1.000000, inc_y_i = 1.000000
En el else......

----------------------------------------
x = 215.000000, y = 330.000000
avance = -159.000000, avanceR = 2.000000, avanceI = 2.000000
inc_x_r = 0.000000, inc_y_r = 1.000000, inc_x_i = 1.000000, inc_y_i = 1.000000
En el else......

----------------------------------------
x = 215.000000, y = 331.000000
avance = -157.000000, avanceR = 2.000000, avanceI = 2.000000
inc_x_r = 0.000000, inc_y_r = 1.000000, inc_x_i = 1.000000, inc_y_i = 1.000000
En el else......

----------------------------------------
x = 215.000000, y = 332.000000
avance = -155.000000, avanceR = 2.000000, avanceI = 2.000000
inc_x_r = 0.000000, inc_y_r = 1.000000, inc_x_i = 1.000000, inc_y_i = 1.000000
En el else......

----------------------------------------
x = 215.000000, y = 333.000000
avance = -153.000000, avanceR = 2.000000, avanceI = 2.000000
inc_x_r = 0.000000, inc_y_r = 1.000000, inc_x_i = 1.000000, inc_y_i = 1.000000
En el else......

----------------------------------------
x = 215.000000, y = 334.000000
avance = -151.000000, avanceR = 2.000000, avanceI = 2.000000
inc_x_r = 0.000000, inc_y_r = 1.000000, inc_x_i = 1.000000, inc_y_i = 1.000000
En el else......

----------------------------------------
x = 215.000000, y = 335.000000
avance = -149.000000, avanceR = 2.000000, avanceI = 2.000000
inc_x_r = 0.000000, inc_y_r = 1.000000, inc_x_i = 1.000000, inc_y_i = 1.000000
En el else......

----------------------------------------
x = 215.000000, y = 336.000000
avance = -147.000000, avanceR = 2.000000, avanceI = 2.000000
inc_x_r = 0.000000, inc_y_r = 1.000000, inc_x_i = 1.000000, inc_y_i = 1.000000
En el else......

----------------------------------------
x = 215.000000, y = 337.000000
avance = -145.000000, avanceR = 2.000000, avanceI = 2.000000
inc_x_r = 0.000000, inc_y_r = 1.000000, inc_x_i = 1.000000, inc_y_i = 1.000000
En el else......

----------------------------------------
x = 215.000000, y = 338.000000
avance = -143.000000, avanceR = 2.000000, avanceI = 2.000000
inc_x_r = 0.000000, inc_y_r = 1.000000, inc_x_i = 1.000000, inc_y_i = 1.000000
En el else......

----------------------------------------
x = 215.000000, y = 339.000000
avance = -141.000000, avanceR = 2.000000, avanceI = 2.000000
inc_x_r = 0.000000, inc_y_r = 1.000000, inc_x_i = 1.000000, inc_y_i = 1.000000
En el else......

----------------------------------------
x = 215.000000, y = 340.000000
avance = -139.000000, avanceR = 2.000000, avanceI = 2.000000
inc_x_r = 0.000000, inc_y_r = 1.000000, inc_x_i = 1.000000, inc_y_i = 1.000000
En el else......

----------------------------------------
x = 215.000000, y = 341.000000
avance = -137.000000, avanceR = 2.000000, avanceI = 2.000000
inc_x_r = 0.000000, inc_y_r = 1.000000, inc_x_i = 1.000000, inc_y_i = 1.000000
En el else......

----------------------------------------
x = 215.000000, y = 342.000000
avance = -135.000000, avanceR = 2.000000, avanceI = 2.000000
inc_x_r = 0.000000, inc_y_r = 1.000000, inc_x_i = 1.000000, inc_y_i = 1.000000
En el else......

----------------------------------------
x = 215.000000, y = 343.000000
avance = -133.000000, avanceR = 2.000000, avanceI = 2.000000
inc_x_r = 0.000000, inc_y_r = 1.000000, inc_x_i = 1.000000, inc_y_i = 1.000000
En el else......

----------------------------------------
x = 215.000000, y = 344.000000
avance = -131.000000, avanceR = 2.000000, avanceI = 2.000000
inc_x_r = 0.000000, inc_y_r = 1.000000, inc_x_i = 1.000000, inc_y_i = 1.000000
En el else......

----------------------------------------
x = 215.000000, y = 345.000000
avance = -129.000000, avanceR = 2.000000, avanceI = 2.000000
inc_x_r = 0.000000, inc_y_r = 1.000000, inc_x_i = 1.000000, inc_y_i = 1.000000
En el else......

----------------------------------------
x = 215.000000, y = 346.000000
avance = -127.000000, avanceR = 2.000000, avanceI = 2.000000
inc_x_r = 0.000000, inc_y_r = 1.000000, inc_x_i = 1.000000, inc_y_i = 1.000000
En el else......

----------------------------------------
x = 215.000000, y = 347.000000
avance = -125.000000, avanceR = 2.000000, avanceI = 2.000000
inc_x_r = 0.000000, inc_y_r = 1.000000, inc_x_i = 1.000000, inc_y_i = 1.000000
En el else......

----------------------------------------
x = 215.000000, y = 348.000000
avance = -123.000000, avanceR = 2.000000, avanceI = 2.000000
inc_x_r = 0.000000, inc_y_r = 1.000000, inc_x_i = 1.000000, inc_y_i = 1.000000
En el else......

----------------------------------------
x = 215.000000, y = 349.000000
avance = -121.000000, avanceR = 2.000000, avanceI = 2.000000
inc_x_r = 0.000000, inc_y_r = 1.000000, inc_x_i = 1.000000, inc_y_i = 1.000000
En el else......

----------------------------------------
x = 215.000000, y = 350.000000
avance = -119.000000, avanceR = 2.000000, avanceI = 2.000000
inc_x_r = 0.000000, inc_y_r = 1.000000, inc_x_i = 1.000000, inc_y_i = 1.000000
En el else......

----------------------------------------
x = 215.000000, y = 351.000000
avance = -117.000000, avanceR = 2.000000, avanceI = 2.000000
inc_x_r = 0.000000, inc_y_r = 1.000000, inc_x_i = 1.000000, inc_y_i = 1.000000
En el else......

----------------------------------------
x = 215.000000, y = 352.000000
avance = -115.000000, avanceR = 2.000000, avanceI = 2.000000
inc_x_r = 0.000000, inc_y_r = 1.000000, inc_x_i = 1.000000, inc_y_i = 1.000000
En el else......

----------------------------------------
x = 215.000000, y = 353.000000
avance = -113.000000, avanceR = 2.000000, avanceI = 2.000000
inc_x_r = 0.000000, inc_y_r = 1.000000, inc_x_i = 1.000000, inc_y_i = 1.000000
En el else......

----------------------------------------
x = 215.000000, y = 354.000000
avance = -111.000000, avanceR = 2.000000, avanceI = 2.000000
inc_x_r = 0.000000, inc_y_r = 1.000000, inc_x_i = 1.000000, inc_y_i = 1.000000
En el else......

----------------------------------------
x = 215.000000, y = 355.000000
avance = -109.000000, avanceR = 2.000000, avanceI = 2.000000
inc_x_r = 0.000000, inc_y_r = 1.000000, inc_x_i = 1.000000, inc_y_i = 1.000000
En el else......

----------------------------------------
x = 215.000000, y = 356.000000
avance = -107.000000, avanceR = 2.000000, avanceI = 2.000000
inc_x_r = 0.000000, inc_y_r = 1.000000, inc_x_i = 1.000000, inc_y_i = 1.000000
En el else......

----------------------------------------
x = 215.000000, y = 357.000000
avance = -105.000000, avanceR = 2.000000, avanceI = 2.000000
inc_x_r = 0.000000, inc_y_r = 1.000000, inc_x_i = 1.000000, inc_y_i = 1.000000
En el else......

----------------------------------------
x = 215.000000, y = 358.000000
avance = -103.000000, avanceR = 2.000000, avanceI = 2.000000
inc_x_r = 0.000000, inc_y_r = 1.000000, inc_x_i = 1.000000, inc_y_i = 1.000000
En el else......

----------------------------------------
x = 215.000000, y = 359.000000
avance = -101.000000, avanceR = 2.000000, avanceI = 2.000000
inc_x_r = 0.000000, inc_y_r = 1.000000, inc_x_i = 1.000000, inc_y_i = 1.000000
En el else......

----------------------------------------
x = 215.000000, y = 360.000000
avance = -99.000000, avanceR = 2.000000, avanceI = 2.000000
inc_x_r = 0.000000, inc_y_r = 1.000000, inc_x_i = 1.000000, inc_y_i = 1.000000
En el else......

----------------------------------------
x = 215.000000, y = 361.000000
avance = -97.000000, avanceR = 2.000000, avanceI = 2.000000
inc_x_r = 0.000000, inc_y_r = 1.000000, inc_x_i = 1.000000, inc_y_i = 1.000000
En el else......

----------------------------------------
x = 215.000000, y = 362.000000
avance = -95.000000, avanceR = 2.000000, avanceI = 2.000000
inc_x_r = 0.000000, inc_y_r = 1.000000, inc_x_i = 1.000000, inc_y_i = 1.000000
En el else......

----------------------------------------
x = 215.000000, y = 363.000000
avance = -93.000000, avanceR = 2.000000, avanceI = 2.000000
inc_x_r = 0.000000, inc_y_r = 1.000000, inc_x_i = 1.000000, inc_y_i = 1.000000
En el else......

----------------------------------------
x = 215.000000, y = 364.000000
avance = -91.000000, avanceR = 2.000000, avanceI = 2.000000
inc_x_r = 0.000000, inc_y_r = 1.000000, inc_x_i = 1.000000, inc_y_i = 1.000000
En el else......

----------------------------------------
x = 215.000000, y = 365.000000
avance = -89.000000, avanceR = 2.000000, avanceI = 2.000000
inc_x_r = 0.000000, inc_y_r = 1.000000, inc_x_i = 1.000000, inc_y_i = 1.000000
En el else......

----------------------------------------
x = 215.000000, y = 366.000000
avance = -87.000000, avanceR = 2.000000, avanceI = 2.000000
inc_x_r = 0.000000, inc_y_r = 1.000000, inc_x_i = 1.000000, inc_y_i = 1.000000
En el else......

----------------------------------------
x = 215.000000, y = 367.000000
avance = -85.000000, avanceR = 2.000000, avanceI = 2.000000
inc_x_r = 0.000000, inc_y_r = 1.000000, inc_x_i = 1.000000, inc_y_i = 1.000000
En el else......

----------------------------------------
x = 215.000000, y = 368.000000
avance = -83.000000, avanceR = 2.000000, avanceI = 2.000000
inc_x_r = 0.000000, inc_y_r = 1.000000, inc_x_i = 1.000000, inc_y_i = 1.000000
En el else......

----------------------------------------
x = 215.000000, y = 369.000000
avance = -81.000000, avanceR = 2.000000, avanceI = 2.000000
inc_x_r = 0.000000, inc_y_r = 1.000000, inc_x_i = 1.000000, inc_y_i = 1.000000
En el else......

----------------------------------------
x = 215.000000, y = 370.000000
avance = -79.000000, avanceR = 2.000000, avanceI = 2.000000
inc_x_r = 0.000000, inc_y_r = 1.000000, inc_x_i = 1.000000, inc_y_i = 1.000000
En el else......

----------------------------------------
x = 215.000000, y = 371.000000
avance = -77.000000, avanceR = 2.000000, avanceI = 2.000000
inc_x_r = 0.000000, inc_y_r = 1.000000, inc_x_i = 1.000000, inc_y_i = 1.000000
En el else......

----------------------------------------
x = 215.000000, y = 372.000000
avance = -75.000000, avanceR = 2.000000, avanceI = 2.000000
inc_x_r = 0.000000, inc_y_r = 1.000000, inc_x_i = 1.000000, inc_y_i = 1.000000
En el else......

----------------------------------------
x = 215.000000, y = 373.000000
avance = -73.000000, avanceR = 2.000000, avanceI = 2.000000
inc_x_r = 0.000000, inc_y_r = 1.000000, inc_x_i = 1.000000, inc_y_i = 1.000000
En el else......

----------------------------------------
x = 215.000000, y = 374.000000
avance = -71.000000, avanceR = 2.000000, avanceI = 2.000000
inc_x_r = 0.000000, inc_y_r = 1.000000, inc_x_i = 1.000000, inc_y_i = 1.000000
En el else......

----------------------------------------
x = 215.000000, y = 375.000000
avance = -69.000000, avanceR = 2.000000, avanceI = 2.000000
inc_x_r = 0.000000, inc_y_r = 1.000000, inc_x_i = 1.000000, inc_y_i = 1.000000
En el else......

----------------------------------------
x = 215.000000, y = 376.000000
avance = -67.000000, avanceR = 2.000000, avanceI = 2.000000
inc_x_r = 0.000000, inc_y_r = 1.000000, inc_x_i = 1.000000, inc_y_i = 1.000000
En el else......

----------------------------------------
x = 215.000000, y = 377.000000
avance = -65.000000, avanceR = 2.000000, avanceI = 2.000000
inc_x_r = 0.000000, inc_y_r = 1.000000, inc_x_i = 1.000000, inc_y_i = 1.000000
En el else......

----------------------------------------
x = 215.000000, y = 378.000000
avance = -63.000000, avanceR = 2.000000, avanceI = 2.000000
inc_x_r = 0.000000, inc_y_r = 1.000000, inc_x_i = 1.000000, inc_y_i = 1.000000
En el else......

----------------------------------------
x = 215.000000, y = 379.000000
avance = -61.000000, avanceR = 2.000000, avanceI = 2.000000
inc_x_r = 0.000000, inc_y_r = 1.000000, inc_x_i = 1.000000, inc_y_i = 1.000000
En el else......

----------------------------------------
x = 215.000000, y = 380.000000
avance = -59.000000, avanceR = 2.000000, avanceI = 2.000000
inc_x_r = 0.000000, inc_y_r = 1.000000, inc_x_i = 1.000000, inc_y_i = 1.000000
En el else......

----------------------------------------
x = 215.000000, y = 381.000000
avance = -57.000000, avanceR = 2.000000, avanceI = 2.000000
inc_x_r = 0.000000, inc_y_r = 1.000000, inc_x_i = 1.000000, inc_y_i = 1.000000
En el else......

----------------------------------------
x = 215.000000, y = 382.000000
avance = -55.000000, avanceR = 2.000000, avanceI = 2.000000
inc_x_r = 0.000000, inc_y_r = 1.000000, inc_x_i = 1.000000, inc_y_i = 1.000000
En el else......

----------------------------------------
x = 215.000000, y = 383.000000
avance = -53.000000, avanceR = 2.000000, avanceI = 2.000000
inc_x_r = 0.000000, inc_y_r = 1.000000, inc_x_i = 1.000000, inc_y_i = 1.000000
En el else......

----------------------------------------
x = 215.000000, y = 384.000000
avance = -51.000000, avanceR = 2.000000, avanceI = 2.000000
inc_x_r = 0.000000, inc_y_r = 1.000000, inc_x_i = 1.000000, inc_y_i = 1.000000
En el else......

----------------------------------------
x = 215.000000, y = 385.000000
avance = -49.000000, avanceR = 2.000000, avanceI = 2.000000
inc_x_r = 0.000000, inc_y_r = 1.000000, inc_x_i = 1.000000, inc_y_i = 1.000000
En el else......

----------------------------------------
x = 215.000000, y = 386.000000
avance = -47.000000, avanceR = 2.000000, avanceI = 2.000000
inc_x_r = 0.000000, inc_y_r = 1.000000, inc_x_i = 1.000000, inc_y_i = 1.000000
En el else......

----------------------------------------
x = 215.000000, y = 387.000000
avance = -45.000000, avanceR = 2.000000, avanceI = 2.000000
inc_x_r = 0.000000, inc_y_r = 1.000000, inc_x_i = 1.000000, inc_y_i = 1.000000
En el else......

----------------------------------------
x = 215.000000, y = 388.000000
avance = -43.000000, avanceR = 2.000000, avanceI = 2.000000
inc_x_r = 0.000000, inc_y_r = 1.000000, inc_x_i = 1.000000, inc_y_i = 1.000000
En el else......

----------------------------------------
x = 215.000000, y = 389.000000
avance = -41.000000, avanceR = 2.000000, avanceI = 2.000000
inc_x_r = 0.000000, inc_y_r = 1.000000, inc_x_i = 1.000000, inc_y_i = 1.000000
En el else......

----------------------------------------
x = 215.000000, y = 390.000000
avance = -39.000000, avanceR = 2.000000, avanceI = 2.000000
inc_x_r = 0.000000, inc_y_r = 1.000000, inc_x_i = 1.000000, inc_y_i = 1.000000
En el else......

----------------------------------------
x = 215.000000, y = 391.000000
avance = -37.000000, avanceR = 2.000000, avanceI = 2.000000
inc_x_r = 0.000000, inc_y_r = 1.000000, inc_x_i = 1.000000, inc_y_i = 1.000000
En el else......

----------------------------------------
x = 215.000000, y = 392.000000
avance = -35.000000, avanceR = 2.000000, avanceI = 2.000000
inc_x_r = 0.000000, inc_y_r = 1.000000, inc_x_i = 1.000000, inc_y_i = 1.000000
En el else......

----------------------------------------
x = 215.000000, y = 393.000000
avance = -33.000000, avanceR = 2.000000, avanceI = 2.000000
inc_x_r = 0.000000, inc_y_r = 1.000000, inc_x_i = 1.000000, inc_y_i = 1.000000
En el else......

----------------------------------------
x = 215.000000, y = 394.000000
avance = -31.000000, avanceR = 2.000000, avanceI = 2.000000
inc_x_r = 0.000000, inc_y_r = 1.000000, inc_x_i = 1.000000, inc_y_i = 1.000000
En el else......

----------------------------------------
x = 215.000000, y = 395.000000
avance = -29.000000, avanceR = 2.000000, avanceI = 2.000000
inc_x_r = 0.000000, inc_y_r = 1.000000, inc_x_i = 1.000000, inc_y_i = 1.000000
En el else......

----------------------------------------
x = 215.000000, y = 396.000000
avance = -27.000000, avanceR = 2.000000, avanceI = 2.000000
inc_x_r = 0.000000, inc_y_r = 1.000000, inc_x_i = 1.000000, inc_y_i = 1.000000
En el else......

----------------------------------------
x = 215.000000, y = 397.000000
avance = -25.000000, avanceR = 2.000000, avanceI = 2.000000
inc_x_r = 0.000000, inc_y_r = 1.000000, inc_x_i = 1.000000, inc_y_i = 1.000000
En el else......

----------------------------------------
x = 215.000000, y = 398.000000
avance = -23.000000, avanceR = 2.000000, avanceI = 2.000000
inc_x_r = 0.000000, inc_y_r = 1.000000, inc_x_i = 1.000000, inc_y_i = 1.000000
En el else......

----------------------------------------
x = 215.000000, y = 399.000000
avance = -21.000000, avanceR = 2.000000, avanceI = 2.000000
inc_x_r = 0.000000, inc_y_r = 1.000000, inc_x_i = 1.000000, inc_y_i = 1.000000
En el else......

----------------------------------------
hora de salir del bucle mi pana


ENTRAMOS A BRESENHAMªªªª
x1 = 205.000000 - y1 = 275.000000 || x2 = 206.000000 - y2 = 526.000000
dy = 251.000000, dx = 1.000000
avances inclinados: inc_x_i = 1.000000, inc_y_i = 1.000000
updated: dy = 251.000000, dx = 1.000000
avances rectos: inc_x_r = 0.000000, inc_y_r 1.000000
reupdated: dy = 1.000000, dx = 251.000000
avanceR = 2.000000, avance -249.000000, avanceI 2.000000
----------------------------------------
x = 205.000000, y = 275.000000
avance = -249.000000, avanceR = 2.000000, avanceI = 2.000000
inc_x_r = 0.000000, inc_y_r = 1.000000, inc_x_i = 1.000000, inc_y_i = 1.000000
En el else......

----------------------------------------
x = 205.000000, y = 276.000000
avance = -247.000000, avanceR = 2.000000, avanceI = 2.000000
inc_x_r = 0.000000, inc_y_r = 1.000000, inc_x_i = 1.000000, inc_y_i = 1.000000
En el else......

----------------------------------------
x = 205.000000, y = 277.000000
avance = -245.000000, avanceR = 2.000000, avanceI = 2.000000
inc_x_r = 0.000000, inc_y_r = 1.000000, inc_x_i = 1.000000, inc_y_i = 1.000000
En el else......

----------------------------------------
x = 205.000000, y = 278.000000
avance = -243.000000, avanceR = 2.000000, avanceI = 2.000000
inc_x_r = 0.000000, inc_y_r = 1.000000, inc_x_i = 1.000000, inc_y_i = 1.000000
En el else......

----------------------------------------
x = 205.000000, y = 279.000000
avance = -241.000000, avanceR = 2.000000, avanceI = 2.000000
inc_x_r = 0.000000, inc_y_r = 1.000000, inc_x_i = 1.000000, inc_y_i = 1.000000
En el else......

----------------------------------------
x = 205.000000, y = 280.000000
avance = -239.000000, avanceR = 2.000000, avanceI = 2.000000
inc_x_r = 0.000000, inc_y_r = 1.000000, inc_x_i = 1.000000, inc_y_i = 1.000000
En el else......

----------------------------------------
x = 205.000000, y = 281.000000
avance = -237.000000, avanceR = 2.000000, avanceI = 2.000000
inc_x_r = 0.000000, inc_y_r = 1.000000, inc_x_i = 1.000000, inc_y_i = 1.000000
En el else......

----------------------------------------
x = 205.000000, y = 282.000000
avance = -235.000000, avanceR = 2.000000, avanceI = 2.000000
inc_x_r = 0.000000, inc_y_r = 1.000000, inc_x_i = 1.000000, inc_y_i = 1.000000
En el else......

----------------------------------------
x = 205.000000, y = 283.000000
avance = -233.000000, avanceR = 2.000000, avanceI = 2.000000
inc_x_r = 0.000000, inc_y_r = 1.000000, inc_x_i = 1.000000, inc_y_i = 1.000000
En el else......

----------------------------------------
x = 205.000000, y = 284.000000
avance = -231.000000, avanceR = 2.000000, avanceI = 2.000000
inc_x_r = 0.000000, inc_y_r = 1.000000, inc_x_i = 1.000000, inc_y_i = 1.000000
En el else......

----------------------------------------
x = 205.000000, y = 285.000000
avance = -229.000000, avanceR = 2.000000, avanceI = 2.000000
inc_x_r = 0.000000, inc_y_r = 1.000000, inc_x_i = 1.000000, inc_y_i = 1.000000
En el else......

----------------------------------------
x = 205.000000, y = 286.000000
avance = -227.000000, avanceR = 2.000000, avanceI = 2.000000
inc_x_r = 0.000000, inc_y_r = 1.000000, inc_x_i = 1.000000, inc_y_i = 1.000000
En el else......

----------------------------------------
x = 205.000000, y = 287.000000
avance = -225.000000, avanceR = 2.000000, avanceI = 2.000000
inc_x_r = 0.000000, inc_y_r = 1.000000, inc_x_i = 1.000000, inc_y_i = 1.000000
En el else......

----------------------------------------
x = 205.000000, y = 288.000000
avance = -223.000000, avanceR = 2.000000, avanceI = 2.000000
inc_x_r = 0.000000, inc_y_r = 1.000000, inc_x_i = 1.000000, inc_y_i = 1.000000
En el else......

----------------------------------------
x = 205.000000, y = 289.000000
avance = -221.000000, avanceR = 2.000000, avanceI = 2.000000
inc_x_r = 0.000000, inc_y_r = 1.000000, inc_x_i = 1.000000, inc_y_i = 1.000000
En el else......

----------------------------------------
x = 205.000000, y = 290.000000
avance = -219.000000, avanceR = 2.000000, avanceI = 2.000000
inc_x_r = 0.000000, inc_y_r = 1.000000, inc_x_i = 1.000000, inc_y_i = 1.000000
En el else......

----------------------------------------
x = 205.000000, y = 291.000000
avance = -217.000000, avanceR = 2.000000, avanceI = 2.000000
inc_x_r = 0.000000, inc_y_r = 1.000000, inc_x_i = 1.000000, inc_y_i = 1.000000
En el else......

----------------------------------------
x = 205.000000, y = 292.000000
avance = -215.000000, avanceR = 2.000000, avanceI = 2.000000
inc_x_r = 0.000000, inc_y_r = 1.000000, inc_x_i = 1.000000, inc_y_i = 1.000000
En el else......

----------------------------------------
x = 205.000000, y = 293.000000
avance = -213.000000, avanceR = 2.000000, avanceI = 2.000000
inc_x_r = 0.000000, inc_y_r = 1.000000, inc_x_i = 1.000000, inc_y_i = 1.000000
En el else......

----------------------------------------
x = 205.000000, y = 294.000000
avance = -211.000000, avanceR = 2.000000, avanceI = 2.000000
inc_x_r = 0.000000, inc_y_r = 1.000000, inc_x_i = 1.000000, inc_y_i = 1.000000
En el else......

----------------------------------------
x = 205.000000, y = 295.000000
avance = -209.000000, avanceR = 2.000000, avanceI = 2.000000
inc_x_r = 0.000000, inc_y_r = 1.000000, inc_x_i = 1.000000, inc_y_i = 1.000000
En el else......

----------------------------------------
x = 205.000000, y = 296.000000
avance = -207.000000, avanceR = 2.000000, avanceI = 2.000000
inc_x_r = 0.000000, inc_y_r = 1.000000, inc_x_i = 1.000000, inc_y_i = 1.000000
En el else......

----------------------------------------
x = 205.000000, y = 297.000000
avance = -205.000000, avanceR = 2.000000, avanceI = 2.000000
inc_x_r = 0.000000, inc_y_r = 1.000000, inc_x_i = 1.000000, inc_y_i = 1.000000
En el else......

----------------------------------------
x = 205.000000, y = 298.000000
avance = -203.000000, avanceR = 2.000000, avanceI = 2.000000
inc_x_r = 0.000000, inc_y_r = 1.000000, inc_x_i = 1.000000, inc_y_i = 1.000000
En el else......

----------------------------------------
x = 205.000000, y = 299.000000
avance = -201.000000, avanceR = 2.000000, avanceI = 2.000000
inc_x_r = 0.000000, inc_y_r = 1.000000, inc_x_i = 1.000000, inc_y_i = 1.000000
En el else......

----------------------------------------
x = 205.000000, y = 300.000000
avance = -199.000000, avanceR = 2.000000, avanceI = 2.000000
inc_x_r = 0.000000, inc_y_r = 1.000000, inc_x_i = 1.000000, inc_y_i = 1.000000
En el else......

----------------------------------------
x = 205.000000, y = 301.000000
avance = -197.000000, avanceR = 2.000000, avanceI = 2.000000
inc_x_r = 0.000000, inc_y_r = 1.000000, inc_x_i = 1.000000, inc_y_i = 1.000000
En el else......

----------------------------------------
x = 205.000000, y = 302.000000
avance = -195.000000, avanceR = 2.000000, avanceI = 2.000000
inc_x_r = 0.000000, inc_y_r = 1.000000, inc_x_i = 1.000000, inc_y_i = 1.000000
En el else......

----------------------------------------
x = 205.000000, y = 303.000000
avance = -193.000000, avanceR = 2.000000, avanceI = 2.000000
inc_x_r = 0.000000, inc_y_r = 1.000000, inc_x_i = 1.000000, inc_y_i = 1.000000
En el else......

----------------------------------------
x = 205.000000, y = 304.000000
avance = -191.000000, avanceR = 2.000000, avanceI = 2.000000
inc_x_r = 0.000000, inc_y_r = 1.000000, inc_x_i = 1.000000, inc_y_i = 1.000000
En el else......

----------------------------------------
x = 205.000000, y = 305.000000
avance = -189.000000, avanceR = 2.000000, avanceI = 2.000000
inc_x_r = 0.000000, inc_y_r = 1.000000, inc_x_i = 1.000000, inc_y_i = 1.000000
En el else......

----------------------------------------
x = 205.000000, y = 306.000000
avance = -187.000000, avanceR = 2.000000, avanceI = 2.000000
inc_x_r = 0.000000, inc_y_r = 1.000000, inc_x_i = 1.000000, inc_y_i = 1.000000
En el else......

----------------------------------------
x = 205.000000, y = 307.000000
avance = -185.000000, avanceR = 2.000000, avanceI = 2.000000
inc_x_r = 0.000000, inc_y_r = 1.000000, inc_x_i = 1.000000, inc_y_i = 1.000000
En el else......

----------------------------------------
x = 205.000000, y = 308.000000
avance = -183.000000, avanceR = 2.000000, avanceI = 2.000000
inc_x_r = 0.000000, inc_y_r = 1.000000, inc_x_i = 1.000000, inc_y_i = 1.000000
En el else......

----------------------------------------
x = 205.000000, y = 309.000000
avance = -181.000000, avanceR = 2.000000, avanceI = 2.000000
inc_x_r = 0.000000, inc_y_r = 1.000000, inc_x_i = 1.000000, inc_y_i = 1.000000
En el else......

----------------------------------------
x = 205.000000, y = 310.000000
avance = -179.000000, avanceR = 2.000000, avanceI = 2.000000
inc_x_r = 0.000000, inc_y_r = 1.000000, inc_x_i = 1.000000, inc_y_i = 1.000000
En el else......

----------------------------------------
x = 205.000000, y = 311.000000
avance = -177.000000, avanceR = 2.000000, avanceI = 2.000000
inc_x_r = 0.000000, inc_y_r = 1.000000, inc_x_i = 1.000000, inc_y_i = 1.000000
En el else......

----------------------------------------
x = 205.000000, y = 312.000000
avance = -175.000000, avanceR = 2.000000, avanceI = 2.000000
inc_x_r = 0.000000, inc_y_r = 1.000000, inc_x_i = 1.000000, inc_y_i = 1.000000
En el else......

----------------------------------------
x = 205.000000, y = 313.000000
avance = -173.000000, avanceR = 2.000000, avanceI = 2.000000
inc_x_r = 0.000000, inc_y_r = 1.000000, inc_x_i = 1.000000, inc_y_i = 1.000000
En el else......

----------------------------------------
x = 205.000000, y = 314.000000
avance = -171.000000, avanceR = 2.000000, avanceI = 2.000000
inc_x_r = 0.000000, inc_y_r = 1.000000, inc_x_i = 1.000000, inc_y_i = 1.000000
En el else......

----------------------------------------
x = 205.000000, y = 315.000000
avance = -169.000000, avanceR = 2.000000, avanceI = 2.000000
inc_x_r = 0.000000, inc_y_r = 1.000000, inc_x_i = 1.000000, inc_y_i = 1.000000
En el else......

----------------------------------------
x = 205.000000, y = 316.000000
avance = -167.000000, avanceR = 2.000000, avanceI = 2.000000
inc_x_r = 0.000000, inc_y_r = 1.000000, inc_x_i = 1.000000, inc_y_i = 1.000000
En el else......

----------------------------------------
x = 205.000000, y = 317.000000
avance = -165.000000, avanceR = 2.000000, avanceI = 2.000000
inc_x_r = 0.000000, inc_y_r = 1.000000, inc_x_i = 1.000000, inc_y_i = 1.000000
En el else......

----------------------------------------
x = 205.000000, y = 318.000000
avance = -163.000000, avanceR = 2.000000, avanceI = 2.000000
inc_x_r = 0.000000, inc_y_r = 1.000000, inc_x_i = 1.000000, inc_y_i = 1.000000
En el else......

----------------------------------------
x = 205.000000, y = 319.000000
avance = -161.000000, avanceR = 2.000000, avanceI = 2.000000
inc_x_r = 0.000000, inc_y_r = 1.000000, inc_x_i = 1.000000, inc_y_i = 1.000000
En el else......

----------------------------------------
x = 205.000000, y = 320.000000
avance = -159.000000, avanceR = 2.000000, avanceI = 2.000000
inc_x_r = 0.000000, inc_y_r = 1.000000, inc_x_i = 1.000000, inc_y_i = 1.000000
En el else......

----------------------------------------
x = 205.000000, y = 321.000000
avance = -157.000000, avanceR = 2.000000, avanceI = 2.000000
inc_x_r = 0.000000, inc_y_r = 1.000000, inc_x_i = 1.000000, inc_y_i = 1.000000
En el else......

----------------------------------------
x = 205.000000, y = 322.000000
avance = -155.000000, avanceR = 2.000000, avanceI = 2.000000
inc_x_r = 0.000000, inc_y_r = 1.000000, inc_x_i = 1.000000, inc_y_i = 1.000000
En el else......

----------------------------------------
x = 205.000000, y = 323.000000
avance = -153.000000, avanceR = 2.000000, avanceI = 2.000000
inc_x_r = 0.000000, inc_y_r = 1.000000, inc_x_i = 1.000000, inc_y_i = 1.000000
En el else......

----------------------------------------
x = 205.000000, y = 324.000000
avance = -151.000000, avanceR = 2.000000, avanceI = 2.000000
inc_x_r = 0.000000, inc_y_r = 1.000000, inc_x_i = 1.000000, inc_y_i = 1.000000
En el else......

----------------------------------------
x = 205.000000, y = 325.000000
avance = -149.000000, avanceR = 2.000000, avanceI = 2.000000
inc_x_r = 0.000000, inc_y_r = 1.000000, inc_x_i = 1.000000, inc_y_i = 1.000000
En el else......

----------------------------------------
x = 205.000000, y = 326.000000
avance = -147.000000, avanceR = 2.000000, avanceI = 2.000000
inc_x_r = 0.000000, inc_y_r = 1.000000, inc_x_i = 1.000000, inc_y_i = 1.000000
En el else......

----------------------------------------
x = 205.000000, y = 327.000000
avance = -145.000000, avanceR = 2.000000, avanceI = 2.000000
inc_x_r = 0.000000, inc_y_r = 1.000000, inc_x_i = 1.000000, inc_y_i = 1.000000
En el else......

----------------------------------------
x = 205.000000, y = 328.000000
avance = -143.000000, avanceR = 2.000000, avanceI = 2.000000
inc_x_r = 0.000000, inc_y_r = 1.000000, inc_x_i = 1.000000, inc_y_i = 1.000000
En el else......

----------------------------------------
x = 205.000000, y = 329.000000
avance = -141.000000, avanceR = 2.000000, avanceI = 2.000000
inc_x_r = 0.000000, inc_y_r = 1.000000, inc_x_i = 1.000000, inc_y_i = 1.000000
En el else......

----------------------------------------
x = 205.000000, y = 330.000000
avance = -139.000000, avanceR = 2.000000, avanceI = 2.000000
inc_x_r = 0.000000, inc_y_r = 1.000000, inc_x_i = 1.000000, inc_y_i = 1.000000
En el else......

----------------------------------------
x = 205.000000, y = 331.000000
avance = -137.000000, avanceR = 2.000000, avanceI = 2.000000
inc_x_r = 0.000000, inc_y_r = 1.000000, inc_x_i = 1.000000, inc_y_i = 1.000000
En el else......

----------------------------------------
x = 205.000000, y = 332.000000
avance = -135.000000, avanceR = 2.000000, avanceI = 2.000000
inc_x_r = 0.000000, inc_y_r = 1.000000, inc_x_i = 1.000000, inc_y_i = 1.000000
En el else......

----------------------------------------
x = 205.000000, y = 333.000000
avance = -133.000000, avanceR = 2.000000, avanceI = 2.000000
inc_x_r = 0.000000, inc_y_r = 1.000000, inc_x_i = 1.000000, inc_y_i = 1.000000
En el else......

----------------------------------------
x = 205.000000, y = 334.000000
avance = -131.000000, avanceR = 2.000000, avanceI = 2.000000
inc_x_r = 0.000000, inc_y_r = 1.000000, inc_x_i = 1.000000, inc_y_i = 1.000000
En el else......

----------------------------------------
x = 205.000000, y = 335.000000
avance = -129.000000, avanceR = 2.000000, avanceI = 2.000000
inc_x_r = 0.000000, inc_y_r = 1.000000, inc_x_i = 1.000000, inc_y_i = 1.000000
En el else......

----------------------------------------
x = 205.000000, y = 336.000000
avance = -127.000000, avanceR = 2.000000, avanceI = 2.000000
inc_x_r = 0.000000, inc_y_r = 1.000000, inc_x_i = 1.000000, inc_y_i = 1.000000
En el else......

----------------------------------------
x = 205.000000, y = 337.000000
avance = -125.000000, avanceR = 2.000000, avanceI = 2.000000
inc_x_r = 0.000000, inc_y_r = 1.000000, inc_x_i = 1.000000, inc_y_i = 1.000000
En el else......

----------------------------------------
x = 205.000000, y = 338.000000
avance = -123.000000, avanceR = 2.000000, avanceI = 2.000000
inc_x_r = 0.000000, inc_y_r = 1.000000, inc_x_i = 1.000000, inc_y_i = 1.000000
En el else......

----------------------------------------
x = 205.000000, y = 339.000000
avance = -121.000000, avanceR = 2.000000, avanceI = 2.000000
inc_x_r = 0.000000, inc_y_r = 1.000000, inc_x_i = 1.000000, inc_y_i = 1.000000
En el else......

----------------------------------------
x = 205.000000, y = 340.000000
avance = -119.000000, avanceR = 2.000000, avanceI = 2.000000
inc_x_r = 0.000000, inc_y_r = 1.000000, inc_x_i = 1.000000, inc_y_i = 1.000000
En el else......

----------------------------------------
x = 205.000000, y = 341.000000
avance = -117.000000, avanceR = 2.000000, avanceI = 2.000000
inc_x_r = 0.000000, inc_y_r = 1.000000, inc_x_i = 1.000000, inc_y_i = 1.000000
En el else......

----------------------------------------
x = 205.000000, y = 342.000000
avance = -115.000000, avanceR = 2.000000, avanceI = 2.000000
inc_x_r = 0.000000, inc_y_r = 1.000000, inc_x_i = 1.000000, inc_y_i = 1.000000
En el else......

----------------------------------------
x = 205.000000, y = 343.000000
avance = -113.000000, avanceR = 2.000000, avanceI = 2.000000
inc_x_r = 0.000000, inc_y_r = 1.000000, inc_x_i = 1.000000, inc_y_i = 1.000000
En el else......

----------------------------------------
x = 205.000000, y = 344.000000
avance = -111.000000, avanceR = 2.000000, avanceI = 2.000000
inc_x_r = 0.000000, inc_y_r = 1.000000, inc_x_i = 1.000000, inc_y_i = 1.000000
En el else......

----------------------------------------
x = 205.000000, y = 345.000000
avance = -109.000000, avanceR = 2.000000, avanceI = 2.000000
inc_x_r = 0.000000, inc_y_r = 1.000000, inc_x_i = 1.000000, inc_y_i = 1.000000
En el else......

----------------------------------------
x = 205.000000, y = 346.000000
avance = -107.000000, avanceR = 2.000000, avanceI = 2.000000
inc_x_r = 0.000000, inc_y_r = 1.000000, inc_x_i = 1.000000, inc_y_i = 1.000000
En el else......

----------------------------------------
x = 205.000000, y = 347.000000
avance = -105.000000, avanceR = 2.000000, avanceI = 2.000000
inc_x_r = 0.000000, inc_y_r = 1.000000, inc_x_i = 1.000000, inc_y_i = 1.000000
En el else......

----------------------------------------
x = 205.000000, y = 348.000000
avance = -103.000000, avanceR = 2.000000, avanceI = 2.000000
inc_x_r = 0.000000, inc_y_r = 1.000000, inc_x_i = 1.000000, inc_y_i = 1.000000
En el else......

----------------------------------------
x = 205.000000, y = 349.000000
avance = -101.000000, avanceR = 2.000000, avanceI = 2.000000
inc_x_r = 0.000000, inc_y_r = 1.000000, inc_x_i = 1.000000, inc_y_i = 1.000000
En el else......

----------------------------------------
x = 205.000000, y = 350.000000
avance = -99.000000, avanceR = 2.000000, avanceI = 2.000000
inc_x_r = 0.000000, inc_y_r = 1.000000, inc_x_i = 1.000000, inc_y_i = 1.000000
En el else......

----------------------------------------
x = 205.000000, y = 351.000000
avance = -97.000000, avanceR = 2.000000, avanceI = 2.000000
inc_x_r = 0.000000, inc_y_r = 1.000000, inc_x_i = 1.000000, inc_y_i = 1.000000
En el else......

----------------------------------------
x = 205.000000, y = 352.000000
avance = -95.000000, avanceR = 2.000000, avanceI = 2.000000
inc_x_r = 0.000000, inc_y_r = 1.000000, inc_x_i = 1.000000, inc_y_i = 1.000000
En el else......

----------------------------------------
x = 205.000000, y = 353.000000
avance = -93.000000, avanceR = 2.000000, avanceI = 2.000000
inc_x_r = 0.000000, inc_y_r = 1.000000, inc_x_i = 1.000000, inc_y_i = 1.000000
En el else......

----------------------------------------
x = 205.000000, y = 354.000000
avance = -91.000000, avanceR = 2.000000, avanceI = 2.000000
inc_x_r = 0.000000, inc_y_r = 1.000000, inc_x_i = 1.000000, inc_y_i = 1.000000
En el else......

----------------------------------------
x = 205.000000, y = 355.000000
avance = -89.000000, avanceR = 2.000000, avanceI = 2.000000
inc_x_r = 0.000000, inc_y_r = 1.000000, inc_x_i = 1.000000, inc_y_i = 1.000000
En el else......

----------------------------------------
x = 205.000000, y = 356.000000
avance = -87.000000, avanceR = 2.000000, avanceI = 2.000000
inc_x_r = 0.000000, inc_y_r = 1.000000, inc_x_i = 1.000000, inc_y_i = 1.000000
En el else......

----------------------------------------
x = 205.000000, y = 357.000000
avance = -85.000000, avanceR = 2.000000, avanceI = 2.000000
inc_x_r = 0.000000, inc_y_r = 1.000000, inc_x_i = 1.000000, inc_y_i = 1.000000
En el else......

----------------------------------------
x = 205.000000, y = 358.000000
avance = -83.000000, avanceR = 2.000000, avanceI = 2.000000
inc_x_r = 0.000000, inc_y_r = 1.000000, inc_x_i = 1.000000, inc_y_i = 1.000000
En el else......

----------------------------------------
x = 205.000000, y = 359.000000
avance = -81.000000, avanceR = 2.000000, avanceI = 2.000000
inc_x_r = 0.000000, inc_y_r = 1.000000, inc_x_i = 1.000000, inc_y_i = 1.000000
En el else......

----------------------------------------
x = 205.000000, y = 360.000000
avance = -79.000000, avanceR = 2.000000, avanceI = 2.000000
inc_x_r = 0.000000, inc_y_r = 1.000000, inc_x_i = 1.000000, inc_y_i = 1.000000
En el else......

----------------------------------------
x = 205.000000, y = 361.000000
avance = -77.000000, avanceR = 2.000000, avanceI = 2.000000
inc_x_r = 0.000000, inc_y_r = 1.000000, inc_x_i = 1.000000, inc_y_i = 1.000000
En el else......

----------------------------------------
x = 205.000000, y = 362.000000
avance = -75.000000, avanceR = 2.000000, avanceI = 2.000000
inc_x_r = 0.000000, inc_y_r = 1.000000, inc_x_i = 1.000000, inc_y_i = 1.000000
En el else......

----------------------------------------
x = 205.000000, y = 363.000000
avance = -73.000000, avanceR = 2.000000, avanceI = 2.000000
inc_x_r = 0.000000, inc_y_r = 1.000000, inc_x_i = 1.000000, inc_y_i = 1.000000
En el else......

----------------------------------------
x = 205.000000, y = 364.000000
avance = -71.000000, avanceR = 2.000000, avanceI = 2.000000
inc_x_r = 0.000000, inc_y_r = 1.000000, inc_x_i = 1.000000, inc_y_i = 1.000000
En el else......

----------------------------------------
x = 205.000000, y = 365.000000
avance = -69.000000, avanceR = 2.000000, avanceI = 2.000000
inc_x_r = 0.000000, inc_y_r = 1.000000, inc_x_i = 1.000000, inc_y_i = 1.000000
En el else......

----------------------------------------
x = 205.000000, y = 366.000000
avance = -67.000000, avanceR = 2.000000, avanceI = 2.000000
inc_x_r = 0.000000, inc_y_r = 1.000000, inc_x_i = 1.000000, inc_y_i = 1.000000
En el else......

----------------------------------------
x = 205.000000, y = 367.000000
avance = -65.000000, avanceR = 2.000000, avanceI = 2.000000
inc_x_r = 0.000000, inc_y_r = 1.000000, inc_x_i = 1.000000, inc_y_i = 1.000000
En el else......

----------------------------------------
x = 205.000000, y = 368.000000
avance = -63.000000, avanceR = 2.000000, avanceI = 2.000000
inc_x_r = 0.000000, inc_y_r = 1.000000, inc_x_i = 1.000000, inc_y_i = 1.000000
En el else......

----------------------------------------
x = 205.000000, y = 369.000000
avance = -61.000000, avanceR = 2.000000, avanceI = 2.000000
inc_x_r = 0.000000, inc_y_r = 1.000000, inc_x_i = 1.000000, inc_y_i = 1.000000
En el else......

----------------------------------------
x = 205.000000, y = 370.000000
avance = -59.000000, avanceR = 2.000000, avanceI = 2.000000
inc_x_r = 0.000000, inc_y_r = 1.000000, inc_x_i = 1.000000, inc_y_i = 1.000000
En el else......

----------------------------------------
x = 205.000000, y = 371.000000
avance = -57.000000, avanceR = 2.000000, avanceI = 2.000000
inc_x_r = 0.000000, inc_y_r = 1.000000, inc_x_i = 1.000000, inc_y_i = 1.000000
En el else......

----------------------------------------
x = 205.000000, y = 372.000000
avance = -55.000000, avanceR = 2.000000, avanceI = 2.000000
inc_x_r = 0.000000, inc_y_r = 1.000000, inc_x_i = 1.000000, inc_y_i = 1.000000
En el else......

----------------------------------------
x = 205.000000, y = 373.000000
avance = -53.000000, avanceR = 2.000000, avanceI = 2.000000
inc_x_r = 0.000000, inc_y_r = 1.000000, inc_x_i = 1.000000, inc_y_i = 1.000000
En el else......

----------------------------------------
x = 205.000000, y = 374.000000
avance = -51.000000, avanceR = 2.000000, avanceI = 2.000000
inc_x_r = 0.000000, inc_y_r = 1.000000, inc_x_i = 1.000000, inc_y_i = 1.000000
En el else......

----------------------------------------
x = 205.000000, y = 375.000000
avance = -49.000000, avanceR = 2.000000, avanceI = 2.000000
inc_x_r = 0.000000, inc_y_r = 1.000000, inc_x_i = 1.000000, inc_y_i = 1.000000
En el else......

----------------------------------------
x = 205.000000, y = 376.000000
avance = -47.000000, avanceR = 2.000000, avanceI = 2.000000
inc_x_r = 0.000000, inc_y_r = 1.000000, inc_x_i = 1.000000, inc_y_i = 1.000000
En el else......

----------------------------------------
x = 205.000000, y = 377.000000
avance = -45.000000, avanceR = 2.000000, avanceI = 2.000000
inc_x_r = 0.000000, inc_y_r = 1.000000, inc_x_i = 1.000000, inc_y_i = 1.000000
En el else......

----------------------------------------
x = 205.000000, y = 378.000000
avance = -43.000000, avanceR = 2.000000, avanceI = 2.000000
inc_x_r = 0.000000, inc_y_r = 1.000000, inc_x_i = 1.000000, inc_y_i = 1.000000
En el else......

----------------------------------------
x = 205.000000, y = 379.000000
avance = -41.000000, avanceR = 2.000000, avanceI = 2.000000
inc_x_r = 0.000000, inc_y_r = 1.000000, inc_x_i = 1.000000, inc_y_i = 1.000000
En el else......

----------------------------------------
x = 205.000000, y = 380.000000
avance = -39.000000, avanceR = 2.000000, avanceI = 2.000000
inc_x_r = 0.000000, inc_y_r = 1.000000, inc_x_i = 1.000000, inc_y_i = 1.000000
En el else......

----------------------------------------
x = 205.000000, y = 381.000000
avance = -37.000000, avanceR = 2.000000, avanceI = 2.000000
inc_x_r = 0.000000, inc_y_r = 1.000000, inc_x_i = 1.000000, inc_y_i = 1.000000
En el else......

----------------------------------------
x = 205.000000, y = 382.000000
avance = -35.000000, avanceR = 2.000000, avanceI = 2.000000
inc_x_r = 0.000000, inc_y_r = 1.000000, inc_x_i = 1.000000, inc_y_i = 1.000000
En el else......

----------------------------------------
x = 205.000000, y = 383.000000
avance = -33.000000, avanceR = 2.000000, avanceI = 2.000000
inc_x_r = 0.000000, inc_y_r = 1.000000, inc_x_i = 1.000000, inc_y_i = 1.000000
En el else......

----------------------------------------
x = 205.000000, y = 384.000000
avance = -31.000000, avanceR = 2.000000, avanceI = 2.000000
inc_x_r = 0.000000, inc_y_r = 1.000000, inc_x_i = 1.000000, inc_y_i = 1.000000
En el else......

----------------------------------------
x = 205.000000, y = 385.000000
avance = -29.000000, avanceR = 2.000000, avanceI = 2.000000
inc_x_r = 0.000000, inc_y_r = 1.000000, inc_x_i = 1.000000, inc_y_i = 1.000000
En el else......

----------------------------------------
x = 205.000000, y = 386.000000
avance = -27.000000, avanceR = 2.000000, avanceI = 2.000000
inc_x_r = 0.000000, inc_y_r = 1.000000, inc_x_i = 1.000000, inc_y_i = 1.000000
En el else......

----------------------------------------
x = 205.000000, y = 387.000000
avance = -25.000000, avanceR = 2.000000, avanceI = 2.000000
inc_x_r = 0.000000, inc_y_r = 1.000000, inc_x_i = 1.000000, inc_y_i = 1.000000
En el else......

----------------------------------------
x = 205.000000, y = 388.000000
avance = -23.000000, avanceR = 2.000000, avanceI = 2.000000
inc_x_r = 0.000000, inc_y_r = 1.000000, inc_x_i = 1.000000, inc_y_i = 1.000000
En el else......

----------------------------------------
x = 205.000000, y = 389.000000
avance = -21.000000, avanceR = 2.000000, avanceI = 2.000000
inc_x_r = 0.000000, inc_y_r = 1.000000, inc_x_i = 1.000000, inc_y_i = 1.000000
En el else......

----------------------------------------
x = 205.000000, y = 390.000000
avance = -19.000000, avanceR = 2.000000, avanceI = 2.000000
inc_x_r = 0.000000, inc_y_r = 1.000000, inc_x_i = 1.000000, inc_y_i = 1.000000
En el else......

----------------------------------------
x = 205.000000, y = 391.000000
avance = -17.000000, avanceR = 2.000000, avanceI = 2.000000
inc_x_r = 0.000000, inc_y_r = 1.000000, inc_x_i = 1.000000, inc_y_i = 1.000000
En el else......

----------------------------------------
x = 205.000000, y = 392.000000
avance = -15.000000, avanceR = 2.000000, avanceI = 2.000000
inc_x_r = 0.000000, inc_y_r = 1.000000, inc_x_i = 1.000000, inc_y_i = 1.000000
En el else......

----------------------------------------
x = 205.000000, y = 393.000000
avance = -13.000000, avanceR = 2.000000, avanceI = 2.000000
inc_x_r = 0.000000, inc_y_r = 1.000000, inc_x_i = 1.000000, inc_y_i = 1.000000
En el else......

----------------------------------------
x = 205.000000, y = 394.000000
avance = -11.000000, avanceR = 2.000000, avanceI = 2.000000
inc_x_r = 0.000000, inc_y_r = 1.000000, inc_x_i = 1.000000, inc_y_i = 1.000000
En el else......

----------------------------------------
x = 205.000000, y = 395.000000
avance = -9.000000, avanceR = 2.000000, avanceI = 2.000000
inc_x_r = 0.000000, inc_y_r = 1.000000, inc_x_i = 1.000000, inc_y_i = 1.000000
En el else......

----------------------------------------
x = 205.000000, y = 396.000000
avance = -7.000000, avanceR = 2.000000, avanceI = 2.000000
inc_x_r = 0.000000, inc_y_r = 1.000000, inc_x_i = 1.000000, inc_y_i = 1.000000
En el else......

----------------------------------------
x = 205.000000, y = 397.000000
avance = -5.000000, avanceR = 2.000000, avanceI = 2.000000
inc_x_r = 0.000000, inc_y_r = 1.000000, inc_x_i = 1.000000, inc_y_i = 1.000000
En el else......

----------------------------------------
x = 205.000000, y = 398.000000
avance = -3.000000, avanceR = 2.000000, avanceI = 2.000000
inc_x_r = 0.000000, inc_y_r = 1.000000, inc_x_i = 1.000000, inc_y_i = 1.000000
En el else......

----------------------------------------
x = 205.000000, y = 399.000000
avance = -1.000000, avanceR = 2.000000, avanceI = 2.000000
inc_x_r = 0.000000, inc_y_r = 1.000000, inc_x_i = 1.000000, inc_y_i = 1.000000
En el else......

----------------------------------------
hora de salir del bucle mi pana


ENTRAMOS A BRESENHAMªªªª
x1 = 195.000000 - y1 = 265.000000 || x2 = 196.000000 - y2 = 516.000000
dy = 251.000000, dx = 1.000000
avances inclinados: inc_x_i = 1.000000, inc_y_i = 1.000000
updated: dy = 251.000000, dx = 1.000000
avances rectos: inc_x_r = 0.000000, inc_y_r 1.000000
reupdated: dy = 1.000000, dx = 251.000000
avanceR = 2.000000, avance -249.000000, avanceI 2.000000
----------------------------------------
x = 195.000000, y = 265.000000
avance = -249.000000, avanceR = 2.000000, avanceI = 2.000000
inc_x_r = 0.000000, inc_y_r = 1.000000, inc_x_i = 1.000000, inc_y_i = 1.000000
En el else......

----------------------------------------
x = 195.000000, y = 266.000000
avance = -247.000000, avanceR = 2.000000, avanceI = 2.000000
inc_x_r = 0.000000, inc_y_r = 1.000000, inc_x_i = 1.000000, inc_y_i = 1.000000
En el else......

----------------------------------------
x = 195.000000, y = 267.000000
avance = -245.000000, avanceR = 2.000000, avanceI = 2.000000
inc_x_r = 0.000000, inc_y_r = 1.000000, inc_x_i = 1.000000, inc_y_i = 1.000000
En el else......

----------------------------------------
x = 195.000000, y = 268.000000
avance = -243.000000, avanceR = 2.000000, avanceI = 2.000000
inc_x_r = 0.000000, inc_y_r = 1.000000, inc_x_i = 1.000000, inc_y_i = 1.000000
En el else......

----------------------------------------
x = 195.000000, y = 269.000000
avance = -241.000000, avanceR = 2.000000, avanceI = 2.000000
inc_x_r = 0.000000, inc_y_r = 1.000000, inc_x_i = 1.000000, inc_y_i = 1.000000
En el else......

----------------------------------------
x = 195.000000, y = 270.000000
avance = -239.000000, avanceR = 2.000000, avanceI = 2.000000
inc_x_r = 0.000000, inc_y_r = 1.000000, inc_x_i = 1.000000, inc_y_i = 1.000000
En el else......

----------------------------------------
x = 195.000000, y = 271.000000
avance = -237.000000, avanceR = 2.000000, avanceI = 2.000000
inc_x_r = 0.000000, inc_y_r = 1.000000, inc_x_i = 1.000000, inc_y_i = 1.000000
En el else......

----------------------------------------
x = 195.000000, y = 272.000000
avance = -235.000000, avanceR = 2.000000, avanceI = 2.000000
inc_x_r = 0.000000, inc_y_r = 1.000000, inc_x_i = 1.000000, inc_y_i = 1.000000
En el else......

----------------------------------------
x = 195.000000, y = 273.000000
avance = -233.000000, avanceR = 2.000000, avanceI = 2.000000
inc_x_r = 0.000000, inc_y_r = 1.000000, inc_x_i = 1.000000, inc_y_i = 1.000000
En el else......

----------------------------------------
x = 195.000000, y = 274.000000
avance = -231.000000, avanceR = 2.000000, avanceI = 2.000000
inc_x_r = 0.000000, inc_y_r = 1.000000, inc_x_i = 1.000000, inc_y_i = 1.000000
En el else......

----------------------------------------
x = 195.000000, y = 275.000000
avance = -229.000000, avanceR = 2.000000, avanceI = 2.000000
inc_x_r = 0.000000, inc_y_r = 1.000000, inc_x_i = 1.000000, inc_y_i = 1.000000
En el else......

----------------------------------------
x = 195.000000, y = 276.000000
avance = -227.000000, avanceR = 2.000000, avanceI = 2.000000
inc_x_r = 0.000000, inc_y_r = 1.000000, inc_x_i = 1.000000, inc_y_i = 1.000000
En el else......

----------------------------------------
x = 195.000000, y = 277.000000
avance = -225.000000, avanceR = 2.000000, avanceI = 2.000000
inc_x_r = 0.000000, inc_y_r = 1.000000, inc_x_i = 1.000000, inc_y_i = 1.000000
En el else......

----------------------------------------
x = 195.000000, y = 278.000000
avance = -223.000000, avanceR = 2.000000, avanceI = 2.000000
inc_x_r = 0.000000, inc_y_r = 1.000000, inc_x_i = 1.000000, inc_y_i = 1.000000
En el else......

----------------------------------------
x = 195.000000, y = 279.000000
avance = -221.000000, avanceR = 2.000000, avanceI = 2.000000
inc_x_r = 0.000000, inc_y_r = 1.000000, inc_x_i = 1.000000, inc_y_i = 1.000000
En el else......

----------------------------------------
x = 195.000000, y = 280.000000
avance = -219.000000, avanceR = 2.000000, avanceI = 2.000000
inc_x_r = 0.000000, inc_y_r = 1.000000, inc_x_i = 1.000000, inc_y_i = 1.000000
En el else......

----------------------------------------
x = 195.000000, y = 281.000000
avance = -217.000000, avanceR = 2.000000, avanceI = 2.000000
inc_x_r = 0.000000, inc_y_r = 1.000000, inc_x_i = 1.000000, inc_y_i = 1.000000
En el else......

----------------------------------------
x = 195.000000, y = 282.000000
avance = -215.000000, avanceR = 2.000000, avanceI = 2.000000
inc_x_r = 0.000000, inc_y_r = 1.000000, inc_x_i = 1.000000, inc_y_i = 1.000000
En el else......

----------------------------------------
x = 195.000000, y = 283.000000
avance = -213.000000, avanceR = 2.000000, avanceI = 2.000000
inc_x_r = 0.000000, inc_y_r = 1.000000, inc_x_i = 1.000000, inc_y_i = 1.000000
En el else......

----------------------------------------
x = 195.000000, y = 284.000000
avance = -211.000000, avanceR = 2.000000, avanceI = 2.000000
inc_x_r = 0.000000, inc_y_r = 1.000000, inc_x_i = 1.000000, inc_y_i = 1.000000
En el else......

----------------------------------------
x = 195.000000, y = 285.000000
avance = -209.000000, avanceR = 2.000000, avanceI = 2.000000
inc_x_r = 0.000000, inc_y_r = 1.000000, inc_x_i = 1.000000, inc_y_i = 1.000000
En el else......

----------------------------------------
x = 195.000000, y = 286.000000
avance = -207.000000, avanceR = 2.000000, avanceI = 2.000000
inc_x_r = 0.000000, inc_y_r = 1.000000, inc_x_i = 1.000000, inc_y_i = 1.000000
En el else......

----------------------------------------
x = 195.000000, y = 287.000000
avance = -205.000000, avanceR = 2.000000, avanceI = 2.000000
inc_x_r = 0.000000, inc_y_r = 1.000000, inc_x_i = 1.000000, inc_y_i = 1.000000
En el else......

----------------------------------------
x = 195.000000, y = 288.000000
avance = -203.000000, avanceR = 2.000000, avanceI = 2.000000
inc_x_r = 0.000000, inc_y_r = 1.000000, inc_x_i = 1.000000, inc_y_i = 1.000000
En el else......

----------------------------------------
x = 195.000000, y = 289.000000
avance = -201.000000, avanceR = 2.000000, avanceI = 2.000000
inc_x_r = 0.000000, inc_y_r = 1.000000, inc_x_i = 1.000000, inc_y_i = 1.000000
En el else......

----------------------------------------
x = 195.000000, y = 290.000000
avance = -199.000000, avanceR = 2.000000, avanceI = 2.000000
inc_x_r = 0.000000, inc_y_r = 1.000000, inc_x_i = 1.000000, inc_y_i = 1.000000
En el else......

----------------------------------------
x = 195.000000, y = 291.000000
avance = -197.000000, avanceR = 2.000000, avanceI = 2.000000
inc_x_r = 0.000000, inc_y_r = 1.000000, inc_x_i = 1.000000, inc_y_i = 1.000000
En el else......

----------------------------------------
x = 195.000000, y = 292.000000
avance = -195.000000, avanceR = 2.000000, avanceI = 2.000000
inc_x_r = 0.000000, inc_y_r = 1.000000, inc_x_i = 1.000000, inc_y_i = 1.000000
En el else......

----------------------------------------
x = 195.000000, y = 293.000000
avance = -193.000000, avanceR = 2.000000, avanceI = 2.000000
inc_x_r = 0.000000, inc_y_r = 1.000000, inc_x_i = 1.000000, inc_y_i = 1.000000
En el else......

----------------------------------------
x = 195.000000, y = 294.000000
avance = -191.000000, avanceR = 2.000000, avanceI = 2.000000
inc_x_r = 0.000000, inc_y_r = 1.000000, inc_x_i = 1.000000, inc_y_i = 1.000000
En el else......

----------------------------------------
x = 195.000000, y = 295.000000
avance = -189.000000, avanceR = 2.000000, avanceI = 2.000000
inc_x_r = 0.000000, inc_y_r = 1.000000, inc_x_i = 1.000000, inc_y_i = 1.000000
En el else......

----------------------------------------
x = 195.000000, y = 296.000000
avance = -187.000000, avanceR = 2.000000, avanceI = 2.000000
inc_x_r = 0.000000, inc_y_r = 1.000000, inc_x_i = 1.000000, inc_y_i = 1.000000
En el else......

----------------------------------------
x = 195.000000, y = 297.000000
avance = -185.000000, avanceR = 2.000000, avanceI = 2.000000
inc_x_r = 0.000000, inc_y_r = 1.000000, inc_x_i = 1.000000, inc_y_i = 1.000000
En el else......

----------------------------------------
x = 195.000000, y = 298.000000
avance = -183.000000, avanceR = 2.000000, avanceI = 2.000000
inc_x_r = 0.000000, inc_y_r = 1.000000, inc_x_i = 1.000000, inc_y_i = 1.000000
En el else......

----------------------------------------
x = 195.000000, y = 299.000000
avance = -181.000000, avanceR = 2.000000, avanceI = 2.000000
inc_x_r = 0.000000, inc_y_r = 1.000000, inc_x_i = 1.000000, inc_y_i = 1.000000
En el else......

----------------------------------------
x = 195.000000, y = 300.000000
avance = -179.000000, avanceR = 2.000000, avanceI = 2.000000
inc_x_r = 0.000000, inc_y_r = 1.000000, inc_x_i = 1.000000, inc_y_i = 1.000000
En el else......

----------------------------------------
x = 195.000000, y = 301.000000
avance = -177.000000, avanceR = 2.000000, avanceI = 2.000000
inc_x_r = 0.000000, inc_y_r = 1.000000, inc_x_i = 1.000000, inc_y_i = 1.000000
En el else......

----------------------------------------
x = 195.000000, y = 302.000000
avance = -175.000000, avanceR = 2.000000, avanceI = 2.000000
inc_x_r = 0.000000, inc_y_r = 1.000000, inc_x_i = 1.000000, inc_y_i = 1.000000
En el else......

----------------------------------------
x = 195.000000, y = 303.000000
avance = -173.000000, avanceR = 2.000000, avanceI = 2.000000
inc_x_r = 0.000000, inc_y_r = 1.000000, inc_x_i = 1.000000, inc_y_i = 1.000000
En el else......

----------------------------------------
x = 195.000000, y = 304.000000
avance = -171.000000, avanceR = 2.000000, avanceI = 2.000000
inc_x_r = 0.000000, inc_y_r = 1.000000, inc_x_i = 1.000000, inc_y_i = 1.000000
En el else......

----------------------------------------
x = 195.000000, y = 305.000000
avance = -169.000000, avanceR = 2.000000, avanceI = 2.000000
inc_x_r = 0.000000, inc_y_r = 1.000000, inc_x_i = 1.000000, inc_y_i = 1.000000
En el else......

----------------------------------------
x = 195.000000, y = 306.000000
avance = -167.000000, avanceR = 2.000000, avanceI = 2.000000
inc_x_r = 0.000000, inc_y_r = 1.000000, inc_x_i = 1.000000, inc_y_i = 1.000000
En el else......

----------------------------------------
x = 195.000000, y = 307.000000
avance = -165.000000, avanceR = 2.000000, avanceI = 2.000000
inc_x_r = 0.000000, inc_y_r = 1.000000, inc_x_i = 1.000000, inc_y_i = 1.000000
En el else......

----------------------------------------
x = 195.000000, y = 308.000000
avance = -163.000000, avanceR = 2.000000, avanceI = 2.000000
inc_x_r = 0.000000, inc_y_r = 1.000000, inc_x_i = 1.000000, inc_y_i = 1.000000
En el else......

----------------------------------------
x = 195.000000, y = 309.000000
avance = -161.000000, avanceR = 2.000000, avanceI = 2.000000
inc_x_r = 0.000000, inc_y_r = 1.000000, inc_x_i = 1.000000, inc_y_i = 1.000000
En el else......

----------------------------------------
x = 195.000000, y = 310.000000
avance = -159.000000, avanceR = 2.000000, avanceI = 2.000000
inc_x_r = 0.000000, inc_y_r = 1.000000, inc_x_i = 1.000000, inc_y_i = 1.000000
En el else......

----------------------------------------
x = 195.000000, y = 311.000000
avance = -157.000000, avanceR = 2.000000, avanceI = 2.000000
inc_x_r = 0.000000, inc_y_r = 1.000000, inc_x_i = 1.000000, inc_y_i = 1.000000
En el else......

----------------------------------------
x = 195.000000, y = 312.000000
avance = -155.000000, avanceR = 2.000000, avanceI = 2.000000
inc_x_r = 0.000000, inc_y_r = 1.000000, inc_x_i = 1.000000, inc_y_i = 1.000000
En el else......

----------------------------------------
x = 195.000000, y = 313.000000
avance = -153.000000, avanceR = 2.000000, avanceI = 2.000000
inc_x_r = 0.000000, inc_y_r = 1.000000, inc_x_i = 1.000000, inc_y_i = 1.000000
En el else......

----------------------------------------
x = 195.000000, y = 314.000000
avance = -151.000000, avanceR = 2.000000, avanceI = 2.000000
inc_x_r = 0.000000, inc_y_r = 1.000000, inc_x_i = 1.000000, inc_y_i = 1.000000
En el else......

----------------------------------------
x = 195.000000, y = 315.000000
avance = -149.000000, avanceR = 2.000000, avanceI = 2.000000
inc_x_r = 0.000000, inc_y_r = 1.000000, inc_x_i = 1.000000, inc_y_i = 1.000000
En el else......

----------------------------------------
x = 195.000000, y = 316.000000
avance = -147.000000, avanceR = 2.000000, avanceI = 2.000000
inc_x_r = 0.000000, inc_y_r = 1.000000, inc_x_i = 1.000000, inc_y_i = 1.000000
En el else......

----------------------------------------
x = 195.000000, y = 317.000000
avance = -145.000000, avanceR = 2.000000, avanceI = 2.000000
inc_x_r = 0.000000, inc_y_r = 1.000000, inc_x_i = 1.000000, inc_y_i = 1.000000
En el else......

----------------------------------------
x = 195.000000, y = 318.000000
avance = -143.000000, avanceR = 2.000000, avanceI = 2.000000
inc_x_r = 0.000000, inc_y_r = 1.000000, inc_x_i = 1.000000, inc_y_i = 1.000000
En el else......

----------------------------------------
x = 195.000000, y = 319.000000
avance = -141.000000, avanceR = 2.000000, avanceI = 2.000000
inc_x_r = 0.000000, inc_y_r = 1.000000, inc_x_i = 1.000000, inc_y_i = 1.000000
En el else......

----------------------------------------
x = 195.000000, y = 320.000000
avance = -139.000000, avanceR = 2.000000, avanceI = 2.000000
inc_x_r = 0.000000, inc_y_r = 1.000000, inc_x_i = 1.000000, inc_y_i = 1.000000
En el else......

----------------------------------------
x = 195.000000, y = 321.000000
avance = -137.000000, avanceR = 2.000000, avanceI = 2.000000
inc_x_r = 0.000000, inc_y_r = 1.000000, inc_x_i = 1.000000, inc_y_i = 1.000000
En el else......

----------------------------------------
x = 195.000000, y = 322.000000
avance = -135.000000, avanceR = 2.000000, avanceI = 2.000000
inc_x_r = 0.000000, inc_y_r = 1.000000, inc_x_i = 1.000000, inc_y_i = 1.000000
En el else......

----------------------------------------
x = 195.000000, y = 323.000000
avance = -133.000000, avanceR = 2.000000, avanceI = 2.000000
inc_x_r = 0.000000, inc_y_r = 1.000000, inc_x_i = 1.000000, inc_y_i = 1.000000
En el else......

----------------------------------------
x = 195.000000, y = 324.000000
avance = -131.000000, avanceR = 2.000000, avanceI = 2.000000
inc_x_r = 0.000000, inc_y_r = 1.000000, inc_x_i = 1.000000, inc_y_i = 1.000000
En el else......

----------------------------------------
x = 195.000000, y = 325.000000
avance = -129.000000, avanceR = 2.000000, avanceI = 2.000000
inc_x_r = 0.000000, inc_y_r = 1.000000, inc_x_i = 1.000000, inc_y_i = 1.000000
En el else......

----------------------------------------
x = 195.000000, y = 326.000000
avance = -127.000000, avanceR = 2.000000, avanceI = 2.000000
inc_x_r = 0.000000, inc_y_r = 1.000000, inc_x_i = 1.000000, inc_y_i = 1.000000
En el else......

----------------------------------------
x = 195.000000, y = 327.000000
avance = -125.000000, avanceR = 2.000000, avanceI = 2.000000
inc_x_r = 0.000000, inc_y_r = 1.000000, inc_x_i = 1.000000, inc_y_i = 1.000000
En el else......

----------------------------------------
x = 195.000000, y = 328.000000
avance = -123.000000, avanceR = 2.000000, avanceI = 2.000000
inc_x_r = 0.000000, inc_y_r = 1.000000, inc_x_i = 1.000000, inc_y_i = 1.000000
En el else......

----------------------------------------
x = 195.000000, y = 329.000000
avance = -121.000000, avanceR = 2.000000, avanceI = 2.000000
inc_x_r = 0.000000, inc_y_r = 1.000000, inc_x_i = 1.000000, inc_y_i = 1.000000
En el else......

----------------------------------------
x = 195.000000, y = 330.000000
avance = -119.000000, avanceR = 2.000000, avanceI = 2.000000
inc_x_r = 0.000000, inc_y_r = 1.000000, inc_x_i = 1.000000, inc_y_i = 1.000000
En el else......

----------------------------------------
x = 195.000000, y = 331.000000
avance = -117.000000, avanceR = 2.000000, avanceI = 2.000000
inc_x_r = 0.000000, inc_y_r = 1.000000, inc_x_i = 1.000000, inc_y_i = 1.000000
En el else......

----------------------------------------
x = 195.000000, y = 332.000000
avance = -115.000000, avanceR = 2.000000, avanceI = 2.000000
inc_x_r = 0.000000, inc_y_r = 1.000000, inc_x_i = 1.000000, inc_y_i = 1.000000
En el else......

----------------------------------------
x = 195.000000, y = 333.000000
avance = -113.000000, avanceR = 2.000000, avanceI = 2.000000
inc_x_r = 0.000000, inc_y_r = 1.000000, inc_x_i = 1.000000, inc_y_i = 1.000000
En el else......

----------------------------------------
x = 195.000000, y = 334.000000
avance = -111.000000, avanceR = 2.000000, avanceI = 2.000000
inc_x_r = 0.000000, inc_y_r = 1.000000, inc_x_i = 1.000000, inc_y_i = 1.000000
En el else......

----------------------------------------
x = 195.000000, y = 335.000000
avance = -109.000000, avanceR = 2.000000, avanceI = 2.000000
inc_x_r = 0.000000, inc_y_r = 1.000000, inc_x_i = 1.000000, inc_y_i = 1.000000
En el else......

----------------------------------------
x = 195.000000, y = 336.000000
avance = -107.000000, avanceR = 2.000000, avanceI = 2.000000
inc_x_r = 0.000000, inc_y_r = 1.000000, inc_x_i = 1.000000, inc_y_i = 1.000000
En el else......

----------------------------------------
x = 195.000000, y = 337.000000
avance = -105.000000, avanceR = 2.000000, avanceI = 2.000000
inc_x_r = 0.000000, inc_y_r = 1.000000, inc_x_i = 1.000000, inc_y_i = 1.000000
En el else......

----------------------------------------
x = 195.000000, y = 338.000000
avance = -103.000000, avanceR = 2.000000, avanceI = 2.000000
inc_x_r = 0.000000, inc_y_r = 1.000000, inc_x_i = 1.000000, inc_y_i = 1.000000
En el else......

----------------------------------------
x = 195.000000, y = 339.000000
avance = -101.000000, avanceR = 2.000000, avanceI = 2.000000
inc_x_r = 0.000000, inc_y_r = 1.000000, inc_x_i = 1.000000, inc_y_i = 1.000000
En el else......

----------------------------------------
x = 195.000000, y = 340.000000
avance = -99.000000, avanceR = 2.000000, avanceI = 2.000000
inc_x_r = 0.000000, inc_y_r = 1.000000, inc_x_i = 1.000000, inc_y_i = 1.000000
En el else......

----------------------------------------
x = 195.000000, y = 341.000000
avance = -97.000000, avanceR = 2.000000, avanceI = 2.000000
inc_x_r = 0.000000, inc_y_r = 1.000000, inc_x_i = 1.000000, inc_y_i = 1.000000
En el else......

----------------------------------------
x = 195.000000, y = 342.000000
avance = -95.000000, avanceR = 2.000000, avanceI = 2.000000
inc_x_r = 0.000000, inc_y_r = 1.000000, inc_x_i = 1.000000, inc_y_i = 1.000000
En el else......

----------------------------------------
x = 195.000000, y = 343.000000
avance = -93.000000, avanceR = 2.000000, avanceI = 2.000000
inc_x_r = 0.000000, inc_y_r = 1.000000, inc_x_i = 1.000000, inc_y_i = 1.000000
En el else......

----------------------------------------
x = 195.000000, y = 344.000000
avance = -91.000000, avanceR = 2.000000, avanceI = 2.000000
inc_x_r = 0.000000, inc_y_r = 1.000000, inc_x_i = 1.000000, inc_y_i = 1.000000
En el else......

----------------------------------------
x = 195.000000, y = 345.000000
avance = -89.000000, avanceR = 2.000000, avanceI = 2.000000
inc_x_r = 0.000000, inc_y_r = 1.000000, inc_x_i = 1.000000, inc_y_i = 1.000000
En el else......

----------------------------------------
x = 195.000000, y = 346.000000
avance = -87.000000, avanceR = 2.000000, avanceI = 2.000000
inc_x_r = 0.000000, inc_y_r = 1.000000, inc_x_i = 1.000000, inc_y_i = 1.000000
En el else......

----------------------------------------
x = 195.000000, y = 347.000000
avance = -85.000000, avanceR = 2.000000, avanceI = 2.000000
inc_x_r = 0.000000, inc_y_r = 1.000000, inc_x_i = 1.000000, inc_y_i = 1.000000
En el else......

----------------------------------------
x = 195.000000, y = 348.000000
avance = -83.000000, avanceR = 2.000000, avanceI = 2.000000
inc_x_r = 0.000000, inc_y_r = 1.000000, inc_x_i = 1.000000, inc_y_i = 1.000000
En el else......

----------------------------------------
x = 195.000000, y = 349.000000
avance = -81.000000, avanceR = 2.000000, avanceI = 2.000000
inc_x_r = 0.000000, inc_y_r = 1.000000, inc_x_i = 1.000000, inc_y_i = 1.000000
En el else......

----------------------------------------
x = 195.000000, y = 350.000000
avance = -79.000000, avanceR = 2.000000, avanceI = 2.000000
inc_x_r = 0.000000, inc_y_r = 1.000000, inc_x_i = 1.000000, inc_y_i = 1.000000
En el else......

----------------------------------------
x = 195.000000, y = 351.000000
avance = -77.000000, avanceR = 2.000000, avanceI = 2.000000
inc_x_r = 0.000000, inc_y_r = 1.000000, inc_x_i = 1.000000, inc_y_i = 1.000000
En el else......

----------------------------------------
x = 195.000000, y = 352.000000
avance = -75.000000, avanceR = 2.000000, avanceI = 2.000000
inc_x_r = 0.000000, inc_y_r = 1.000000, inc_x_i = 1.000000, inc_y_i = 1.000000
En el else......

----------------------------------------
x = 195.000000, y = 353.000000
avance = -73.000000, avanceR = 2.000000, avanceI = 2.000000
inc_x_r = 0.000000, inc_y_r = 1.000000, inc_x_i = 1.000000, inc_y_i = 1.000000
En el else......

----------------------------------------
x = 195.000000, y = 354.000000
avance = -71.000000, avanceR = 2.000000, avanceI = 2.000000
inc_x_r = 0.000000, inc_y_r = 1.000000, inc_x_i = 1.000000, inc_y_i = 1.000000
En el else......

----------------------------------------
x = 195.000000, y = 355.000000
avance = -69.000000, avanceR = 2.000000, avanceI = 2.000000
inc_x_r = 0.000000, inc_y_r = 1.000000, inc_x_i = 1.000000, inc_y_i = 1.000000
En el else......

----------------------------------------
x = 195.000000, y = 356.000000
avance = -67.000000, avanceR = 2.000000, avanceI = 2.000000
inc_x_r = 0.000000, inc_y_r = 1.000000, inc_x_i = 1.000000, inc_y_i = 1.000000
En el else......

----------------------------------------
x = 195.000000, y = 357.000000
avance = -65.000000, avanceR = 2.000000, avanceI = 2.000000
inc_x_r = 0.000000, inc_y_r = 1.000000, inc_x_i = 1.000000, inc_y_i = 1.000000
En el else......

----------------------------------------
x = 195.000000, y = 358.000000
avance = -63.000000, avanceR = 2.000000, avanceI = 2.000000
inc_x_r = 0.000000, inc_y_r = 1.000000, inc_x_i = 1.000000, inc_y_i = 1.000000
En el else......

----------------------------------------
x = 195.000000, y = 359.000000
avance = -61.000000, avanceR = 2.000000, avanceI = 2.000000
inc_x_r = 0.000000, inc_y_r = 1.000000, inc_x_i = 1.000000, inc_y_i = 1.000000
En el else......

----------------------------------------
x = 195.000000, y = 360.000000
avance = -59.000000, avanceR = 2.000000, avanceI = 2.000000
inc_x_r = 0.000000, inc_y_r = 1.000000, inc_x_i = 1.000000, inc_y_i = 1.000000
En el else......

----------------------------------------
x = 195.000000, y = 361.000000
avance = -57.000000, avanceR = 2.000000, avanceI = 2.000000
inc_x_r = 0.000000, inc_y_r = 1.000000, inc_x_i = 1.000000, inc_y_i = 1.000000
En el else......

----------------------------------------
x = 195.000000, y = 362.000000
avance = -55.000000, avanceR = 2.000000, avanceI = 2.000000
inc_x_r = 0.000000, inc_y_r = 1.000000, inc_x_i = 1.000000, inc_y_i = 1.000000
En el else......

----------------------------------------
x = 195.000000, y = 363.000000
avance = -53.000000, avanceR = 2.000000, avanceI = 2.000000
inc_x_r = 0.000000, inc_y_r = 1.000000, inc_x_i = 1.000000, inc_y_i = 1.000000
En el else......

----------------------------------------
x = 195.000000, y = 364.000000
avance = -51.000000, avanceR = 2.000000, avanceI = 2.000000
inc_x_r = 0.000000, inc_y_r = 1.000000, inc_x_i = 1.000000, inc_y_i = 1.000000
En el else......

----------------------------------------
x = 195.000000, y = 365.000000
avance = -49.000000, avanceR = 2.000000, avanceI = 2.000000
inc_x_r = 0.000000, inc_y_r = 1.000000, inc_x_i = 1.000000, inc_y_i = 1.000000
En el else......

----------------------------------------
x = 195.000000, y = 366.000000
avance = -47.000000, avanceR = 2.000000, avanceI = 2.000000
inc_x_r = 0.000000, inc_y_r = 1.000000, inc_x_i = 1.000000, inc_y_i = 1.000000
En el else......

----------------------------------------
x = 195.000000, y = 367.000000
avance = -45.000000, avanceR = 2.000000, avanceI = 2.000000
inc_x_r = 0.000000, inc_y_r = 1.000000, inc_x_i = 1.000000, inc_y_i = 1.000000
En el else......

----------------------------------------
x = 195.000000, y = 368.000000
avance = -43.000000, avanceR = 2.000000, avanceI = 2.000000
inc_x_r = 0.000000, inc_y_r = 1.000000, inc_x_i = 1.000000, inc_y_i = 1.000000
En el else......

----------------------------------------
x = 195.000000, y = 369.000000
avance = -41.000000, avanceR = 2.000000, avanceI = 2.000000
inc_x_r = 0.000000, inc_y_r = 1.000000, inc_x_i = 1.000000, inc_y_i = 1.000000
En el else......

----------------------------------------
x = 195.000000, y = 370.000000
avance = -39.000000, avanceR = 2.000000, avanceI = 2.000000
inc_x_r = 0.000000, inc_y_r = 1.000000, inc_x_i = 1.000000, inc_y_i = 1.000000
En el else......

----------------------------------------
x = 195.000000, y = 371.000000
avance = -37.000000, avanceR = 2.000000, avanceI = 2.000000
inc_x_r = 0.000000, inc_y_r = 1.000000, inc_x_i = 1.000000, inc_y_i = 1.000000
En el else......

----------------------------------------
x = 195.000000, y = 372.000000
avance = -35.000000, avanceR = 2.000000, avanceI = 2.000000
inc_x_r = 0.000000, inc_y_r = 1.000000, inc_x_i = 1.000000, inc_y_i = 1.000000
En el else......

----------------------------------------
x = 195.000000, y = 373.000000
avance = -33.000000, avanceR = 2.000000, avanceI = 2.000000
inc_x_r = 0.000000, inc_y_r = 1.000000, inc_x_i = 1.000000, inc_y_i = 1.000000
En el else......

----------------------------------------
x = 195.000000, y = 374.000000
avance = -31.000000, avanceR = 2.000000, avanceI = 2.000000
inc_x_r = 0.000000, inc_y_r = 1.000000, inc_x_i = 1.000000, inc_y_i = 1.000000
En el else......

----------------------------------------
x = 195.000000, y = 375.000000
avance = -29.000000, avanceR = 2.000000, avanceI = 2.000000
inc_x_r = 0.000000, inc_y_r = 1.000000, inc_x_i = 1.000000, inc_y_i = 1.000000
En el else......

----------------------------------------
x = 195.000000, y = 376.000000
avance = -27.000000, avanceR = 2.000000, avanceI = 2.000000
inc_x_r = 0.000000, inc_y_r = 1.000000, inc_x_i = 1.000000, inc_y_i = 1.000000
En el else......

----------------------------------------
x = 195.000000, y = 377.000000
avance = -25.000000, avanceR = 2.000000, avanceI = 2.000000
inc_x_r = 0.000000, inc_y_r = 1.000000, inc_x_i = 1.000000, inc_y_i = 1.000000
En el else......

----------------------------------------
x = 195.000000, y = 378.000000
avance = -23.000000, avanceR = 2.000000, avanceI = 2.000000
inc_x_r = 0.000000, inc_y_r = 1.000000, inc_x_i = 1.000000, inc_y_i = 1.000000
En el else......

----------------------------------------
x = 195.000000, y = 379.000000
avance = -21.000000, avanceR = 2.000000, avanceI = 2.000000
inc_x_r = 0.000000, inc_y_r = 1.000000, inc_x_i = 1.000000, inc_y_i = 1.000000
En el else......

----------------------------------------
x = 195.000000, y = 380.000000
avance = -19.000000, avanceR = 2.000000, avanceI = 2.000000
inc_x_r = 0.000000, inc_y_r = 1.000000, inc_x_i = 1.000000, inc_y_i = 1.000000
En el else......

----------------------------------------
x = 195.000000, y = 381.000000
avance = -17.000000, avanceR = 2.000000, avanceI = 2.000000
inc_x_r = 0.000000, inc_y_r = 1.000000, inc_x_i = 1.000000, inc_y_i = 1.000000
En el else......

----------------------------------------
x = 195.000000, y = 382.000000
avance = -15.000000, avanceR = 2.000000, avanceI = 2.000000
inc_x_r = 0.000000, inc_y_r = 1.000000, inc_x_i = 1.000000, inc_y_i = 1.000000
En el else......

----------------------------------------
x = 195.000000, y = 383.000000
avance = -13.000000, avanceR = 2.000000, avanceI = 2.000000
inc_x_r = 0.000000, inc_y_r = 1.000000, inc_x_i = 1.000000, inc_y_i = 1.000000
En el else......

----------------------------------------
x = 195.000000, y = 384.000000
avance = -11.000000, avanceR = 2.000000, avanceI = 2.000000
inc_x_r = 0.000000, inc_y_r = 1.000000, inc_x_i = 1.000000, inc_y_i = 1.000000
En el else......

----------------------------------------
x = 195.000000, y = 385.000000
avance = -9.000000, avanceR = 2.000000, avanceI = 2.000000
inc_x_r = 0.000000, inc_y_r = 1.000000, inc_x_i = 1.000000, inc_y_i = 1.000000
En el else......

----------------------------------------
x = 195.000000, y = 386.000000
avance = -7.000000, avanceR = 2.000000, avanceI = 2.000000
inc_x_r = 0.000000, inc_y_r = 1.000000, inc_x_i = 1.000000, inc_y_i = 1.000000
En el else......

----------------------------------------
x = 195.000000, y = 387.000000
avance = -5.000000, avanceR = 2.000000, avanceI = 2.000000
inc_x_r = 0.000000, inc_y_r = 1.000000, inc_x_i = 1.000000, inc_y_i = 1.000000
En el else......

----------------------------------------
x = 195.000000, y = 388.000000
avance = -3.000000, avanceR = 2.000000, avanceI = 2.000000
inc_x_r = 0.000000, inc_y_r = 1.000000, inc_x_i = 1.000000, inc_y_i = 1.000000
En el else......

----------------------------------------
x = 195.000000, y = 389.000000
avance = -1.000000, avanceR = 2.000000, avanceI = 2.000000
inc_x_r = 0.000000, inc_y_r = 1.000000, inc_x_i = 1.000000, inc_y_i = 1.000000
En el else......

----------------------------------------
x = 195.000000, y = 390.000000
avance = 1.000000, avanceR = 2.000000, avanceI = 2.000000
inc_x_r = 0.000000, inc_y_r = 1.000000, inc_x_i = 1.000000, inc_y_i = 1.000000
avance >= 0

----------------------------------------
x = 196.000000, y = 391.000000
avance = -499.000000, avanceR = 2.000000, avanceI = 2.000000
inc_x_r = 0.000000, inc_y_r = 1.000000, inc_x_i = 1.000000, inc_y_i = 1.000000
En el else......

----------------------------------------
x = 196.000000, y = 392.000000
avance = -497.000000, avanceR = 2.000000, avanceI = 2.000000
inc_x_r = 0.000000, inc_y_r = 1.000000, inc_x_i = 1.000000, inc_y_i = 1.000000
En el else......

----------------------------------------
x = 196.000000, y = 393.000000
avance = -495.000000, avanceR = 2.000000, avanceI = 2.000000
inc_x_r = 0.000000, inc_y_r = 1.000000, inc_x_i = 1.000000, inc_y_i = 1.000000
En el else......

----------------------------------------
x = 196.000000, y = 394.000000
avance = -493.000000, avanceR = 2.000000, avanceI = 2.000000
inc_x_r = 0.000000, inc_y_r = 1.000000, inc_x_i = 1.000000, inc_y_i = 1.000000
En el else......

----------------------------------------
x = 196.000000, y = 395.000000
avance = -491.000000, avanceR = 2.000000, avanceI = 2.000000
inc_x_r = 0.000000, inc_y_r = 1.000000, inc_x_i = 1.000000, inc_y_i = 1.000000
En el else......

----------------------------------------
x = 196.000000, y = 396.000000
avance = -489.000000, avanceR = 2.000000, avanceI = 2.000000
inc_x_r = 0.000000, inc_y_r = 1.000000, inc_x_i = 1.000000, inc_y_i = 1.000000
En el else......

----------------------------------------
x = 196.000000, y = 397.000000
avance = -487.000000, avanceR = 2.000000, avanceI = 2.000000
inc_x_r = 0.000000, inc_y_r = 1.000000, inc_x_i = 1.000000, inc_y_i = 1.000000
En el else......

----------------------------------------
x = 196.000000, y = 398.000000
avance = -485.000000, avanceR = 2.000000, avanceI = 2.000000
inc_x_r = 0.000000, inc_y_r = 1.000000, inc_x_i = 1.000000, inc_y_i = 1.000000
En el else......

----------------------------------------
x = 196.000000, y = 399.000000
avance = -483.000000, avanceR = 2.000000, avanceI = 2.000000
inc_x_r = 0.000000, inc_y_r = 1.000000, inc_x_i = 1.000000, inc_y_i = 1.000000
En el else......

----------------------------------------
hora de salir del bucle mi pana


ENTRAMOS A BRESENHAMªªªª
x1 = 185.000000 - y1 = 255.000000 || x2 = 186.000000 - y2 = 506.000000
dy = 251.000000, dx = 1.000000
avances inclinados: inc_x_i = 1.000000, inc_y_i = 1.000000
updated: dy = 251.000000, dx = 1.000000
avances rectos: inc_x_r = 0.000000, inc_y_r 1.000000
reupdated: dy = 1.000000, dx = 251.000000
avanceR = 2.000000, avance -249.000000, avanceI 2.000000
----------------------------------------
x = 185.000000, y = 255.000000
avance = -249.000000, avanceR = 2.000000, avanceI = 2.000000
inc_x_r = 0.000000, inc_y_r = 1.000000, inc_x_i = 1.000000, inc_y_i = 1.000000
En el else......

----------------------------------------
x = 185.000000, y = 256.000000
avance = -247.000000, avanceR = 2.000000, avanceI = 2.000000
inc_x_r = 0.000000, inc_y_r = 1.000000, inc_x_i = 1.000000, inc_y_i = 1.000000
En el else......

----------------------------------------
x = 185.000000, y = 257.000000
avance = -245.000000, avanceR = 2.000000, avanceI = 2.000000
inc_x_r = 0.000000, inc_y_r = 1.000000, inc_x_i = 1.000000, inc_y_i = 1.000000
En el else......

----------------------------------------
x = 185.000000, y = 258.000000
avance = -243.000000, avanceR = 2.000000, avanceI = 2.000000
inc_x_r = 0.000000, inc_y_r = 1.000000, inc_x_i = 1.000000, inc_y_i = 1.000000
En el else......

----------------------------------------
x = 185.000000, y = 259.000000
avance = -241.000000, avanceR = 2.000000, avanceI = 2.000000
inc_x_r = 0.000000, inc_y_r = 1.000000, inc_x_i = 1.000000, inc_y_i = 1.000000
En el else......

----------------------------------------
x = 185.000000, y = 260.000000
avance = -239.000000, avanceR = 2.000000, avanceI = 2.000000
inc_x_r = 0.000000, inc_y_r = 1.000000, inc_x_i = 1.000000, inc_y_i = 1.000000
En el else......

----------------------------------------
x = 185.000000, y = 261.000000
avance = -237.000000, avanceR = 2.000000, avanceI = 2.000000
inc_x_r = 0.000000, inc_y_r = 1.000000, inc_x_i = 1.000000, inc_y_i = 1.000000
En el else......

----------------------------------------
x = 185.000000, y = 262.000000
avance = -235.000000, avanceR = 2.000000, avanceI = 2.000000
inc_x_r = 0.000000, inc_y_r = 1.000000, inc_x_i = 1.000000, inc_y_i = 1.000000
En el else......

----------------------------------------
x = 185.000000, y = 263.000000
avance = -233.000000, avanceR = 2.000000, avanceI = 2.000000
inc_x_r = 0.000000, inc_y_r = 1.000000, inc_x_i = 1.000000, inc_y_i = 1.000000
En el else......

----------------------------------------
x = 185.000000, y = 264.000000
avance = -231.000000, avanceR = 2.000000, avanceI = 2.000000
inc_x_r = 0.000000, inc_y_r = 1.000000, inc_x_i = 1.000000, inc_y_i = 1.000000
En el else......

----------------------------------------
x = 185.000000, y = 265.000000
avance = -229.000000, avanceR = 2.000000, avanceI = 2.000000
inc_x_r = 0.000000, inc_y_r = 1.000000, inc_x_i = 1.000000, inc_y_i = 1.000000
En el else......

----------------------------------------
x = 185.000000, y = 266.000000
avance = -227.000000, avanceR = 2.000000, avanceI = 2.000000
inc_x_r = 0.000000, inc_y_r = 1.000000, inc_x_i = 1.000000, inc_y_i = 1.000000
En el else......

----------------------------------------
x = 185.000000, y = 267.000000
avance = -225.000000, avanceR = 2.000000, avanceI = 2.000000
inc_x_r = 0.000000, inc_y_r = 1.000000, inc_x_i = 1.000000, inc_y_i = 1.000000
En el else......

----------------------------------------
x = 185.000000, y = 268.000000
avance = -223.000000, avanceR = 2.000000, avanceI = 2.000000
inc_x_r = 0.000000, inc_y_r = 1.000000, inc_x_i = 1.000000, inc_y_i = 1.000000
En el else......

----------------------------------------
x = 185.000000, y = 269.000000
avance = -221.000000, avanceR = 2.000000, avanceI = 2.000000
inc_x_r = 0.000000, inc_y_r = 1.000000, inc_x_i = 1.000000, inc_y_i = 1.000000
En el else......

----------------------------------------
x = 185.000000, y = 270.000000
avance = -219.000000, avanceR = 2.000000, avanceI = 2.000000
inc_x_r = 0.000000, inc_y_r = 1.000000, inc_x_i = 1.000000, inc_y_i = 1.000000
En el else......

----------------------------------------
x = 185.000000, y = 271.000000
avance = -217.000000, avanceR = 2.000000, avanceI = 2.000000
inc_x_r = 0.000000, inc_y_r = 1.000000, inc_x_i = 1.000000, inc_y_i = 1.000000
En el else......

----------------------------------------
x = 185.000000, y = 272.000000
avance = -215.000000, avanceR = 2.000000, avanceI = 2.000000
inc_x_r = 0.000000, inc_y_r = 1.000000, inc_x_i = 1.000000, inc_y_i = 1.000000
En el else......

----------------------------------------
x = 185.000000, y = 273.000000
avance = -213.000000, avanceR = 2.000000, avanceI = 2.000000
inc_x_r = 0.000000, inc_y_r = 1.000000, inc_x_i = 1.000000, inc_y_i = 1.000000
En el else......

----------------------------------------
x = 185.000000, y = 274.000000
avance = -211.000000, avanceR = 2.000000, avanceI = 2.000000
inc_x_r = 0.000000, inc_y_r = 1.000000, inc_x_i = 1.000000, inc_y_i = 1.000000
En el else......

----------------------------------------
x = 185.000000, y = 275.000000
avance = -209.000000, avanceR = 2.000000, avanceI = 2.000000
inc_x_r = 0.000000, inc_y_r = 1.000000, inc_x_i = 1.000000, inc_y_i = 1.000000
En el else......

----------------------------------------
x = 185.000000, y = 276.000000
avance = -207.000000, avanceR = 2.000000, avanceI = 2.000000
inc_x_r = 0.000000, inc_y_r = 1.000000, inc_x_i = 1.000000, inc_y_i = 1.000000
En el else......

----------------------------------------
x = 185.000000, y = 277.000000
avance = -205.000000, avanceR = 2.000000, avanceI = 2.000000
inc_x_r = 0.000000, inc_y_r = 1.000000, inc_x_i = 1.000000, inc_y_i = 1.000000
En el else......

----------------------------------------
x = 185.000000, y = 278.000000
avance = -203.000000, avanceR = 2.000000, avanceI = 2.000000
inc_x_r = 0.000000, inc_y_r = 1.000000, inc_x_i = 1.000000, inc_y_i = 1.000000
En el else......

----------------------------------------
x = 185.000000, y = 279.000000
avance = -201.000000, avanceR = 2.000000, avanceI = 2.000000
inc_x_r = 0.000000, inc_y_r = 1.000000, inc_x_i = 1.000000, inc_y_i = 1.000000
En el else......

----------------------------------------
x = 185.000000, y = 280.000000
avance = -199.000000, avanceR = 2.000000, avanceI = 2.000000
inc_x_r = 0.000000, inc_y_r = 1.000000, inc_x_i = 1.000000, inc_y_i = 1.000000
En el else......

----------------------------------------
x = 185.000000, y = 281.000000
avance = -197.000000, avanceR = 2.000000, avanceI = 2.000000
inc_x_r = 0.000000, inc_y_r = 1.000000, inc_x_i = 1.000000, inc_y_i = 1.000000
En el else......

----------------------------------------
x = 185.000000, y = 282.000000
avance = -195.000000, avanceR = 2.000000, avanceI = 2.000000
inc_x_r = 0.000000, inc_y_r = 1.000000, inc_x_i = 1.000000, inc_y_i = 1.000000
En el else......

----------------------------------------
x = 185.000000, y = 283.000000
avance = -193.000000, avanceR = 2.000000, avanceI = 2.000000
inc_x_r = 0.000000, inc_y_r = 1.000000, inc_x_i = 1.000000, inc_y_i = 1.000000
En el else......

----------------------------------------
x = 185.000000, y = 284.000000
avance = -191.000000, avanceR = 2.000000, avanceI = 2.000000
inc_x_r = 0.000000, inc_y_r = 1.000000, inc_x_i = 1.000000, inc_y_i = 1.000000
En el else......

----------------------------------------
x = 185.000000, y = 285.000000
avance = -189.000000, avanceR = 2.000000, avanceI = 2.000000
inc_x_r = 0.000000, inc_y_r = 1.000000, inc_x_i = 1.000000, inc_y_i = 1.000000
En el else......

----------------------------------------
x = 185.000000, y = 286.000000
avance = -187.000000, avanceR = 2.000000, avanceI = 2.000000
inc_x_r = 0.000000, inc_y_r = 1.000000, inc_x_i = 1.000000, inc_y_i = 1.000000
En el else......

----------------------------------------
x = 185.000000, y = 287.000000
avance = -185.000000, avanceR = 2.000000, avanceI = 2.000000
inc_x_r = 0.000000, inc_y_r = 1.000000, inc_x_i = 1.000000, inc_y_i = 1.000000
En el else......

----------------------------------------
x = 185.000000, y = 288.000000
avance = -183.000000, avanceR = 2.000000, avanceI = 2.000000
inc_x_r = 0.000000, inc_y_r = 1.000000, inc_x_i = 1.000000, inc_y_i = 1.000000
En el else......

----------------------------------------
x = 185.000000, y = 289.000000
avance = -181.000000, avanceR = 2.000000, avanceI = 2.000000
inc_x_r = 0.000000, inc_y_r = 1.000000, inc_x_i = 1.000000, inc_y_i = 1.000000
En el else......

----------------------------------------
x = 185.000000, y = 290.000000
avance = -179.000000, avanceR = 2.000000, avanceI = 2.000000
inc_x_r = 0.000000, inc_y_r = 1.000000, inc_x_i = 1.000000, inc_y_i = 1.000000
En el else......

----------------------------------------
x = 185.000000, y = 291.000000
avance = -177.000000, avanceR = 2.000000, avanceI = 2.000000
inc_x_r = 0.000000, inc_y_r = 1.000000, inc_x_i = 1.000000, inc_y_i = 1.000000
En el else......

----------------------------------------
x = 185.000000, y = 292.000000
avance = -175.000000, avanceR = 2.000000, avanceI = 2.000000
inc_x_r = 0.000000, inc_y_r = 1.000000, inc_x_i = 1.000000, inc_y_i = 1.000000
En el else......

----------------------------------------
x = 185.000000, y = 293.000000
avance = -173.000000, avanceR = 2.000000, avanceI = 2.000000
inc_x_r = 0.000000, inc_y_r = 1.000000, inc_x_i = 1.000000, inc_y_i = 1.000000
En el else......

----------------------------------------
x = 185.000000, y = 294.000000
avance = -171.000000, avanceR = 2.000000, avanceI = 2.000000
inc_x_r = 0.000000, inc_y_r = 1.000000, inc_x_i = 1.000000, inc_y_i = 1.000000
En el else......

----------------------------------------
x = 185.000000, y = 295.000000
avance = -169.000000, avanceR = 2.000000, avanceI = 2.000000
inc_x_r = 0.000000, inc_y_r = 1.000000, inc_x_i = 1.000000, inc_y_i = 1.000000
En el else......

----------------------------------------
x = 185.000000, y = 296.000000
avance = -167.000000, avanceR = 2.000000, avanceI = 2.000000
inc_x_r = 0.000000, inc_y_r = 1.000000, inc_x_i = 1.000000, inc_y_i = 1.000000
En el else......

----------------------------------------
x = 185.000000, y = 297.000000
avance = -165.000000, avanceR = 2.000000, avanceI = 2.000000
inc_x_r = 0.000000, inc_y_r = 1.000000, inc_x_i = 1.000000, inc_y_i = 1.000000
En el else......

----------------------------------------
x = 185.000000, y = 298.000000
avance = -163.000000, avanceR = 2.000000, avanceI = 2.000000
inc_x_r = 0.000000, inc_y_r = 1.000000, inc_x_i = 1.000000, inc_y_i = 1.000000
En el else......

----------------------------------------
x = 185.000000, y = 299.000000
avance = -161.000000, avanceR = 2.000000, avanceI = 2.000000
inc_x_r = 0.000000, inc_y_r = 1.000000, inc_x_i = 1.000000, inc_y_i = 1.000000
En el else......

----------------------------------------
x = 185.000000, y = 300.000000
avance = -159.000000, avanceR = 2.000000, avanceI = 2.000000
inc_x_r = 0.000000, inc_y_r = 1.000000, inc_x_i = 1.000000, inc_y_i = 1.000000
En el else......

----------------------------------------
x = 185.000000, y = 301.000000
avance = -157.000000, avanceR = 2.000000, avanceI = 2.000000
inc_x_r = 0.000000, inc_y_r = 1.000000, inc_x_i = 1.000000, inc_y_i = 1.000000
En el else......

----------------------------------------
x = 185.000000, y = 302.000000
avance = -155.000000, avanceR = 2.000000, avanceI = 2.000000
inc_x_r = 0.000000, inc_y_r = 1.000000, inc_x_i = 1.000000, inc_y_i = 1.000000
En el else......

----------------------------------------
x = 185.000000, y = 303.000000
avance = -153.000000, avanceR = 2.000000, avanceI = 2.000000
inc_x_r = 0.000000, inc_y_r = 1.000000, inc_x_i = 1.000000, inc_y_i = 1.000000
En el else......

----------------------------------------
x = 185.000000, y = 304.000000
avance = -151.000000, avanceR = 2.000000, avanceI = 2.000000
inc_x_r = 0.000000, inc_y_r = 1.000000, inc_x_i = 1.000000, inc_y_i = 1.000000
En el else......

----------------------------------------
x = 185.000000, y = 305.000000
avance = -149.000000, avanceR = 2.000000, avanceI = 2.000000
inc_x_r = 0.000000, inc_y_r = 1.000000, inc_x_i = 1.000000, inc_y_i = 1.000000
En el else......

----------------------------------------
x = 185.000000, y = 306.000000
avance = -147.000000, avanceR = 2.000000, avanceI = 2.000000
inc_x_r = 0.000000, inc_y_r = 1.000000, inc_x_i = 1.000000, inc_y_i = 1.000000
En el else......

----------------------------------------
x = 185.000000, y = 307.000000
avance = -145.000000, avanceR = 2.000000, avanceI = 2.000000
inc_x_r = 0.000000, inc_y_r = 1.000000, inc_x_i = 1.000000, inc_y_i = 1.000000
En el else......

----------------------------------------
x = 185.000000, y = 308.000000
avance = -143.000000, avanceR = 2.000000, avanceI = 2.000000
inc_x_r = 0.000000, inc_y_r = 1.000000, inc_x_i = 1.000000, inc_y_i = 1.000000
En el else......

----------------------------------------
x = 185.000000, y = 309.000000
avance = -141.000000, avanceR = 2.000000, avanceI = 2.000000
inc_x_r = 0.000000, inc_y_r = 1.000000, inc_x_i = 1.000000, inc_y_i = 1.000000
En el else......

----------------------------------------
x = 185.000000, y = 310.000000
avance = -139.000000, avanceR = 2.000000, avanceI = 2.000000
inc_x_r = 0.000000, inc_y_r = 1.000000, inc_x_i = 1.000000, inc_y_i = 1.000000
En el else......

----------------------------------------
x = 185.000000, y = 311.000000
avance = -137.000000, avanceR = 2.000000, avanceI = 2.000000
inc_x_r = 0.000000, inc_y_r = 1.000000, inc_x_i = 1.000000, inc_y_i = 1.000000
En el else......

----------------------------------------
x = 185.000000, y = 312.000000
avance = -135.000000, avanceR = 2.000000, avanceI = 2.000000
inc_x_r = 0.000000, inc_y_r = 1.000000, inc_x_i = 1.000000, inc_y_i = 1.000000
En el else......

----------------------------------------
x = 185.000000, y = 313.000000
avance = -133.000000, avanceR = 2.000000, avanceI = 2.000000
inc_x_r = 0.000000, inc_y_r = 1.000000, inc_x_i = 1.000000, inc_y_i = 1.000000
En el else......

----------------------------------------
x = 185.000000, y = 314.000000
avance = -131.000000, avanceR = 2.000000, avanceI = 2.000000
inc_x_r = 0.000000, inc_y_r = 1.000000, inc_x_i = 1.000000, inc_y_i = 1.000000
En el else......

----------------------------------------
x = 185.000000, y = 315.000000
avance = -129.000000, avanceR = 2.000000, avanceI = 2.000000
inc_x_r = 0.000000, inc_y_r = 1.000000, inc_x_i = 1.000000, inc_y_i = 1.000000
En el else......

----------------------------------------
x = 185.000000, y = 316.000000
avance = -127.000000, avanceR = 2.000000, avanceI = 2.000000
inc_x_r = 0.000000, inc_y_r = 1.000000, inc_x_i = 1.000000, inc_y_i = 1.000000
En el else......

----------------------------------------
x = 185.000000, y = 317.000000
avance = -125.000000, avanceR = 2.000000, avanceI = 2.000000
inc_x_r = 0.000000, inc_y_r = 1.000000, inc_x_i = 1.000000, inc_y_i = 1.000000
En el else......

----------------------------------------
x = 185.000000, y = 318.000000
avance = -123.000000, avanceR = 2.000000, avanceI = 2.000000
inc_x_r = 0.000000, inc_y_r = 1.000000, inc_x_i = 1.000000, inc_y_i = 1.000000
En el else......

----------------------------------------
x = 185.000000, y = 319.000000
avance = -121.000000, avanceR = 2.000000, avanceI = 2.000000
inc_x_r = 0.000000, inc_y_r = 1.000000, inc_x_i = 1.000000, inc_y_i = 1.000000
En el else......

----------------------------------------
x = 185.000000, y = 320.000000
avance = -119.000000, avanceR = 2.000000, avanceI = 2.000000
inc_x_r = 0.000000, inc_y_r = 1.000000, inc_x_i = 1.000000, inc_y_i = 1.000000
En el else......

----------------------------------------
x = 185.000000, y = 321.000000
avance = -117.000000, avanceR = 2.000000, avanceI = 2.000000
inc_x_r = 0.000000, inc_y_r = 1.000000, inc_x_i = 1.000000, inc_y_i = 1.000000
En el else......

----------------------------------------
x = 185.000000, y = 322.000000
avance = -115.000000, avanceR = 2.000000, avanceI = 2.000000
inc_x_r = 0.000000, inc_y_r = 1.000000, inc_x_i = 1.000000, inc_y_i = 1.000000
En el else......

----------------------------------------
x = 185.000000, y = 323.000000
avance = -113.000000, avanceR = 2.000000, avanceI = 2.000000
inc_x_r = 0.000000, inc_y_r = 1.000000, inc_x_i = 1.000000, inc_y_i = 1.000000
En el else......

----------------------------------------
x = 185.000000, y = 324.000000
avance = -111.000000, avanceR = 2.000000, avanceI = 2.000000
inc_x_r = 0.000000, inc_y_r = 1.000000, inc_x_i = 1.000000, inc_y_i = 1.000000
En el else......

----------------------------------------
x = 185.000000, y = 325.000000
avance = -109.000000, avanceR = 2.000000, avanceI = 2.000000
inc_x_r = 0.000000, inc_y_r = 1.000000, inc_x_i = 1.000000, inc_y_i = 1.000000
En el else......

----------------------------------------
x = 185.000000, y = 326.000000
avance = -107.000000, avanceR = 2.000000, avanceI = 2.000000
inc_x_r = 0.000000, inc_y_r = 1.000000, inc_x_i = 1.000000, inc_y_i = 1.000000
En el else......

----------------------------------------
x = 185.000000, y = 327.000000
avance = -105.000000, avanceR = 2.000000, avanceI = 2.000000
inc_x_r = 0.000000, inc_y_r = 1.000000, inc_x_i = 1.000000, inc_y_i = 1.000000
En el else......

----------------------------------------
x = 185.000000, y = 328.000000
avance = -103.000000, avanceR = 2.000000, avanceI = 2.000000
inc_x_r = 0.000000, inc_y_r = 1.000000, inc_x_i = 1.000000, inc_y_i = 1.000000
En el else......

----------------------------------------
x = 185.000000, y = 329.000000
avance = -101.000000, avanceR = 2.000000, avanceI = 2.000000
inc_x_r = 0.000000, inc_y_r = 1.000000, inc_x_i = 1.000000, inc_y_i = 1.000000
En el else......

----------------------------------------
x = 185.000000, y = 330.000000
avance = -99.000000, avanceR = 2.000000, avanceI = 2.000000
inc_x_r = 0.000000, inc_y_r = 1.000000, inc_x_i = 1.000000, inc_y_i = 1.000000
En el else......

----------------------------------------
x = 185.000000, y = 331.000000
avance = -97.000000, avanceR = 2.000000, avanceI = 2.000000
inc_x_r = 0.000000, inc_y_r = 1.000000, inc_x_i = 1.000000, inc_y_i = 1.000000
En el else......

----------------------------------------
x = 185.000000, y = 332.000000
avance = -95.000000, avanceR = 2.000000, avanceI = 2.000000
inc_x_r = 0.000000, inc_y_r = 1.000000, inc_x_i = 1.000000, inc_y_i = 1.000000
En el else......

----------------------------------------
x = 185.000000, y = 333.000000
avance = -93.000000, avanceR = 2.000000, avanceI = 2.000000
inc_x_r = 0.000000, inc_y_r = 1.000000, inc_x_i = 1.000000, inc_y_i = 1.000000
En el else......

----------------------------------------
x = 185.000000, y = 334.000000
avance = -91.000000, avanceR = 2.000000, avanceI = 2.000000
inc_x_r = 0.000000, inc_y_r = 1.000000, inc_x_i = 1.000000, inc_y_i = 1.000000
En el else......

----------------------------------------
x = 185.000000, y = 335.000000
avance = -89.000000, avanceR = 2.000000, avanceI = 2.000000
inc_x_r = 0.000000, inc_y_r = 1.000000, inc_x_i = 1.000000, inc_y_i = 1.000000
En el else......

----------------------------------------
x = 185.000000, y = 336.000000
avance = -87.000000, avanceR = 2.000000, avanceI = 2.000000
inc_x_r = 0.000000, inc_y_r = 1.000000, inc_x_i = 1.000000, inc_y_i = 1.000000
En el else......

----------------------------------------
x = 185.000000, y = 337.000000
avance = -85.000000, avanceR = 2.000000, avanceI = 2.000000
inc_x_r = 0.000000, inc_y_r = 1.000000, inc_x_i = 1.000000, inc_y_i = 1.000000
En el else......

----------------------------------------
x = 185.000000, y = 338.000000
avance = -83.000000, avanceR = 2.000000, avanceI = 2.000000
inc_x_r = 0.000000, inc_y_r = 1.000000, inc_x_i = 1.000000, inc_y_i = 1.000000
En el else......

----------------------------------------
x = 185.000000, y = 339.000000
avance = -81.000000, avanceR = 2.000000, avanceI = 2.000000
inc_x_r = 0.000000, inc_y_r = 1.000000, inc_x_i = 1.000000, inc_y_i = 1.000000
En el else......

----------------------------------------
x = 185.000000, y = 340.000000
avance = -79.000000, avanceR = 2.000000, avanceI = 2.000000
inc_x_r = 0.000000, inc_y_r = 1.000000, inc_x_i = 1.000000, inc_y_i = 1.000000
En el else......

----------------------------------------
x = 185.000000, y = 341.000000
avance = -77.000000, avanceR = 2.000000, avanceI = 2.000000
inc_x_r = 0.000000, inc_y_r = 1.000000, inc_x_i = 1.000000, inc_y_i = 1.000000
En el else......

----------------------------------------
x = 185.000000, y = 342.000000
avance = -75.000000, avanceR = 2.000000, avanceI = 2.000000
inc_x_r = 0.000000, inc_y_r = 1.000000, inc_x_i = 1.000000, inc_y_i = 1.000000
En el else......

----------------------------------------
x = 185.000000, y = 343.000000
avance = -73.000000, avanceR = 2.000000, avanceI = 2.000000
inc_x_r = 0.000000, inc_y_r = 1.000000, inc_x_i = 1.000000, inc_y_i = 1.000000
En el else......

----------------------------------------
x = 185.000000, y = 344.000000
avance = -71.000000, avanceR = 2.000000, avanceI = 2.000000
inc_x_r = 0.000000, inc_y_r = 1.000000, inc_x_i = 1.000000, inc_y_i = 1.000000
En el else......

----------------------------------------
x = 185.000000, y = 345.000000
avance = -69.000000, avanceR = 2.000000, avanceI = 2.000000
inc_x_r = 0.000000, inc_y_r = 1.000000, inc_x_i = 1.000000, inc_y_i = 1.000000
En el else......

----------------------------------------
x = 185.000000, y = 346.000000
avance = -67.000000, avanceR = 2.000000, avanceI = 2.000000
inc_x_r = 0.000000, inc_y_r = 1.000000, inc_x_i = 1.000000, inc_y_i = 1.000000
En el else......

----------------------------------------
x = 185.000000, y = 347.000000
avance = -65.000000, avanceR = 2.000000, avanceI = 2.000000
inc_x_r = 0.000000, inc_y_r = 1.000000, inc_x_i = 1.000000, inc_y_i = 1.000000
En el else......

----------------------------------------
x = 185.000000, y = 348.000000
avance = -63.000000, avanceR = 2.000000, avanceI = 2.000000
inc_x_r = 0.000000, inc_y_r = 1.000000, inc_x_i = 1.000000, inc_y_i = 1.000000
En el else......

----------------------------------------
x = 185.000000, y = 349.000000
avance = -61.000000, avanceR = 2.000000, avanceI = 2.000000
inc_x_r = 0.000000, inc_y_r = 1.000000, inc_x_i = 1.000000, inc_y_i = 1.000000
En el else......

----------------------------------------
x = 185.000000, y = 350.000000
avance = -59.000000, avanceR = 2.000000, avanceI = 2.000000
inc_x_r = 0.000000, inc_y_r = 1.000000, inc_x_i = 1.000000, inc_y_i = 1.000000
En el else......

----------------------------------------
x = 185.000000, y = 351.000000
avance = -57.000000, avanceR = 2.000000, avanceI = 2.000000
inc_x_r = 0.000000, inc_y_r = 1.000000, inc_x_i = 1.000000, inc_y_i = 1.000000
En el else......

----------------------------------------
x = 185.000000, y = 352.000000
avance = -55.000000, avanceR = 2.000000, avanceI = 2.000000
inc_x_r = 0.000000, inc_y_r = 1.000000, inc_x_i = 1.000000, inc_y_i = 1.000000
En el else......

----------------------------------------
x = 185.000000, y = 353.000000
avance = -53.000000, avanceR = 2.000000, avanceI = 2.000000
inc_x_r = 0.000000, inc_y_r = 1.000000, inc_x_i = 1.000000, inc_y_i = 1.000000
En el else......

----------------------------------------
x = 185.000000, y = 354.000000
avance = -51.000000, avanceR = 2.000000, avanceI = 2.000000
inc_x_r = 0.000000, inc_y_r = 1.000000, inc_x_i = 1.000000, inc_y_i = 1.000000
En el else......

----------------------------------------
x = 185.000000, y = 355.000000
avance = -49.000000, avanceR = 2.000000, avanceI = 2.000000
inc_x_r = 0.000000, inc_y_r = 1.000000, inc_x_i = 1.000000, inc_y_i = 1.000000
En el else......

----------------------------------------
x = 185.000000, y = 356.000000
avance = -47.000000, avanceR = 2.000000, avanceI = 2.000000
inc_x_r = 0.000000, inc_y_r = 1.000000, inc_x_i = 1.000000, inc_y_i = 1.000000
En el else......

----------------------------------------
x = 185.000000, y = 357.000000
avance = -45.000000, avanceR = 2.000000, avanceI = 2.000000
inc_x_r = 0.000000, inc_y_r = 1.000000, inc_x_i = 1.000000, inc_y_i = 1.000000
En el else......

----------------------------------------
x = 185.000000, y = 358.000000
avance = -43.000000, avanceR = 2.000000, avanceI = 2.000000
inc_x_r = 0.000000, inc_y_r = 1.000000, inc_x_i = 1.000000, inc_y_i = 1.000000
En el else......

----------------------------------------
x = 185.000000, y = 359.000000
avance = -41.000000, avanceR = 2.000000, avanceI = 2.000000
inc_x_r = 0.000000, inc_y_r = 1.000000, inc_x_i = 1.000000, inc_y_i = 1.000000
En el else......

----------------------------------------
x = 185.000000, y = 360.000000
avance = -39.000000, avanceR = 2.000000, avanceI = 2.000000
inc_x_r = 0.000000, inc_y_r = 1.000000, inc_x_i = 1.000000, inc_y_i = 1.000000
En el else......

----------------------------------------
x = 185.000000, y = 361.000000
avance = -37.000000, avanceR = 2.000000, avanceI = 2.000000
inc_x_r = 0.000000, inc_y_r = 1.000000, inc_x_i = 1.000000, inc_y_i = 1.000000
En el else......

----------------------------------------
x = 185.000000, y = 362.000000
avance = -35.000000, avanceR = 2.000000, avanceI = 2.000000
inc_x_r = 0.000000, inc_y_r = 1.000000, inc_x_i = 1.000000, inc_y_i = 1.000000
En el else......

----------------------------------------
x = 185.000000, y = 363.000000
avance = -33.000000, avanceR = 2.000000, avanceI = 2.000000
inc_x_r = 0.000000, inc_y_r = 1.000000, inc_x_i = 1.000000, inc_y_i = 1.000000
En el else......

----------------------------------------
x = 185.000000, y = 364.000000
avance = -31.000000, avanceR = 2.000000, avanceI = 2.000000
inc_x_r = 0.000000, inc_y_r = 1.000000, inc_x_i = 1.000000, inc_y_i = 1.000000
En el else......

----------------------------------------
x = 185.000000, y = 365.000000
avance = -29.000000, avanceR = 2.000000, avanceI = 2.000000
inc_x_r = 0.000000, inc_y_r = 1.000000, inc_x_i = 1.000000, inc_y_i = 1.000000
En el else......

----------------------------------------
x = 185.000000, y = 366.000000
avance = -27.000000, avanceR = 2.000000, avanceI = 2.000000
inc_x_r = 0.000000, inc_y_r = 1.000000, inc_x_i = 1.000000, inc_y_i = 1.000000
En el else......

----------------------------------------
x = 185.000000, y = 367.000000
avance = -25.000000, avanceR = 2.000000, avanceI = 2.000000
inc_x_r = 0.000000, inc_y_r = 1.000000, inc_x_i = 1.000000, inc_y_i = 1.000000
En el else......

----------------------------------------
x = 185.000000, y = 368.000000
avance = -23.000000, avanceR = 2.000000, avanceI = 2.000000
inc_x_r = 0.000000, inc_y_r = 1.000000, inc_x_i = 1.000000, inc_y_i = 1.000000
En el else......

----------------------------------------
x = 185.000000, y = 369.000000
avance = -21.000000, avanceR = 2.000000, avanceI = 2.000000
inc_x_r = 0.000000, inc_y_r = 1.000000, inc_x_i = 1.000000, inc_y_i = 1.000000
En el else......

----------------------------------------
x = 185.000000, y = 370.000000
avance = -19.000000, avanceR = 2.000000, avanceI = 2.000000
inc_x_r = 0.000000, inc_y_r = 1.000000, inc_x_i = 1.000000, inc_y_i = 1.000000
En el else......

----------------------------------------
x = 185.000000, y = 371.000000
avance = -17.000000, avanceR = 2.000000, avanceI = 2.000000
inc_x_r = 0.000000, inc_y_r = 1.000000, inc_x_i = 1.000000, inc_y_i = 1.000000
En el else......

----------------------------------------
x = 185.000000, y = 372.000000
avance = -15.000000, avanceR = 2.000000, avanceI = 2.000000
inc_x_r = 0.000000, inc_y_r = 1.000000, inc_x_i = 1.000000, inc_y_i = 1.000000
En el else......

----------------------------------------
x = 185.000000, y = 373.000000
avance = -13.000000, avanceR = 2.000000, avanceI = 2.000000
inc_x_r = 0.000000, inc_y_r = 1.000000, inc_x_i = 1.000000, inc_y_i = 1.000000
En el else......

----------------------------------------
x = 185.000000, y = 374.000000
avance = -11.000000, avanceR = 2.000000, avanceI = 2.000000
inc_x_r = 0.000000, inc_y_r = 1.000000, inc_x_i = 1.000000, inc_y_i = 1.000000
En el else......

----------------------------------------
x = 185.000000, y = 375.000000
avance = -9.000000, avanceR = 2.000000, avanceI = 2.000000
inc_x_r = 0.000000, inc_y_r = 1.000000, inc_x_i = 1.000000, inc_y_i = 1.000000
En el else......

----------------------------------------
x = 185.000000, y = 376.000000
avance = -7.000000, avanceR = 2.000000, avanceI = 2.000000
inc_x_r = 0.000000, inc_y_r = 1.000000, inc_x_i = 1.000000, inc_y_i = 1.000000
En el else......

----------------------------------------
x = 185.000000, y = 377.000000
avance = -5.000000, avanceR = 2.000000, avanceI = 2.000000
inc_x_r = 0.000000, inc_y_r = 1.000000, inc_x_i = 1.000000, inc_y_i = 1.000000
En el else......

----------------------------------------
x = 185.000000, y = 378.000000
avance = -3.000000, avanceR = 2.000000, avanceI = 2.000000
inc_x_r = 0.000000, inc_y_r = 1.000000, inc_x_i = 1.000000, inc_y_i = 1.000000
En el else......

----------------------------------------
x = 185.000000, y = 379.000000
avance = -1.000000, avanceR = 2.000000, avanceI = 2.000000
inc_x_r = 0.000000, inc_y_r = 1.000000, inc_x_i = 1.000000, inc_y_i = 1.000000
En el else......

----------------------------------------
x = 185.000000, y = 380.000000
avance = 1.000000, avanceR = 2.000000, avanceI = 2.000000
inc_x_r = 0.000000, inc_y_r = 1.000000, inc_x_i = 1.000000, inc_y_i = 1.000000
avance >= 0

----------------------------------------
x = 186.000000, y = 381.000000
avance = -499.000000, avanceR = 2.000000, avanceI = 2.000000
inc_x_r = 0.000000, inc_y_r = 1.000000, inc_x_i = 1.000000, inc_y_i = 1.000000
En el else......

----------------------------------------
x = 186.000000, y = 382.000000
avance = -497.000000, avanceR = 2.000000, avanceI = 2.000000
inc_x_r = 0.000000, inc_y_r = 1.000000, inc_x_i = 1.000000, inc_y_i = 1.000000
En el else......

----------------------------------------
x = 186.000000, y = 383.000000
avance = -495.000000, avanceR = 2.000000, avanceI = 2.000000
inc_x_r = 0.000000, inc_y_r = 1.000000, inc_x_i = 1.000000, inc_y_i = 1.000000
En el else......

----------------------------------------
x = 186.000000, y = 384.000000
avance = -493.000000, avanceR = 2.000000, avanceI = 2.000000
inc_x_r = 0.000000, inc_y_r = 1.000000, inc_x_i = 1.000000, inc_y_i = 1.000000
En el else......

----------------------------------------
x = 186.000000, y = 385.000000
avance = -491.000000, avanceR = 2.000000, avanceI = 2.000000
inc_x_r = 0.000000, inc_y_r = 1.000000, inc_x_i = 1.000000, inc_y_i = 1.000000
En el else......

----------------------------------------
x = 186.000000, y = 386.000000
avance = -489.000000, avanceR = 2.000000, avanceI = 2.000000
inc_x_r = 0.000000, inc_y_r = 1.000000, inc_x_i = 1.000000, inc_y_i = 1.000000
En el else......

----------------------------------------
x = 186.000000, y = 387.000000
avance = -487.000000, avanceR = 2.000000, avanceI = 2.000000
inc_x_r = 0.000000, inc_y_r = 1.000000, inc_x_i = 1.000000, inc_y_i = 1.000000
En el else......

----------------------------------------
x = 186.000000, y = 388.000000
avance = -485.000000, avanceR = 2.000000, avanceI = 2.000000
inc_x_r = 0.000000, inc_y_r = 1.000000, inc_x_i = 1.000000, inc_y_i = 1.000000
En el else......

----------------------------------------
x = 186.000000, y = 389.000000
avance = -483.000000, avanceR = 2.000000, avanceI = 2.000000
inc_x_r = 0.000000, inc_y_r = 1.000000, inc_x_i = 1.000000, inc_y_i = 1.000000
En el else......

----------------------------------------
x = 186.000000, y = 390.000000
avance = -481.000000, avanceR = 2.000000, avanceI = 2.000000
inc_x_r = 0.000000, inc_y_r = 1.000000, inc_x_i = 1.000000, inc_y_i = 1.000000
En el else......

----------------------------------------
x = 186.000000, y = 391.000000
avance = -479.000000, avanceR = 2.000000, avanceI = 2.000000
inc_x_r = 0.000000, inc_y_r = 1.000000, inc_x_i = 1.000000, inc_y_i = 1.000000
En el else......

----------------------------------------
x = 186.000000, y = 392.000000
avance = -477.000000, avanceR = 2.000000, avanceI = 2.000000
inc_x_r = 0.000000, inc_y_r = 1.000000, inc_x_i = 1.000000, inc_y_i = 1.000000
En el else......

----------------------------------------
x = 186.000000, y = 393.000000
avance = -475.000000, avanceR = 2.000000, avanceI = 2.000000
inc_x_r = 0.000000, inc_y_r = 1.000000, inc_x_i = 1.000000, inc_y_i = 1.000000
En el else......

----------------------------------------
x = 186.000000, y = 394.000000
avance = -473.000000, avanceR = 2.000000, avanceI = 2.000000
inc_x_r = 0.000000, inc_y_r = 1.000000, inc_x_i = 1.000000, inc_y_i = 1.000000
En el else......

----------------------------------------
x = 186.000000, y = 395.000000
avance = -471.000000, avanceR = 2.000000, avanceI = 2.000000
inc_x_r = 0.000000, inc_y_r = 1.000000, inc_x_i = 1.000000, inc_y_i = 1.000000
En el else......

----------------------------------------
x = 186.000000, y = 396.000000
avance = -469.000000, avanceR = 2.000000, avanceI = 2.000000
inc_x_r = 0.000000, inc_y_r = 1.000000, inc_x_i = 1.000000, inc_y_i = 1.000000
En el else......

----------------------------------------
x = 186.000000, y = 397.000000
avance = -467.000000, avanceR = 2.000000, avanceI = 2.000000
inc_x_r = 0.000000, inc_y_r = 1.000000, inc_x_i = 1.000000, inc_y_i = 1.000000
En el else......

----------------------------------------
x = 186.000000, y = 398.000000
avance = -465.000000, avanceR = 2.000000, avanceI = 2.000000
inc_x_r = 0.000000, inc_y_r = 1.000000, inc_x_i = 1.000000, inc_y_i = 1.000000
En el else......

----------------------------------------
x = 186.000000, y = 399.000000
avance = -463.000000, avanceR = 2.000000, avanceI = 2.000000
inc_x_r = 0.000000, inc_y_r = 1.000000, inc_x_i = 1.000000, inc_y_i = 1.000000
En el else......

----------------------------------------
hora de salir del bucle mi pana


ENTRAMOS A BRESENHAMªªªª
x1 = 175.000000 - y1 = 245.000000 || x2 = 176.000000 - y2 = 496.000000
dy = 251.000000, dx = 1.000000
avances inclinados: inc_x_i = 1.000000, inc_y_i = 1.000000
updated: dy = 251.000000, dx = 1.000000
avances rectos: inc_x_r = 0.000000, inc_y_r 1.000000
reupdated: dy = 1.000000, dx = 251.000000
avanceR = 2.000000, avance -249.000000, avanceI 2.000000
----------------------------------------
x = 175.000000, y = 245.000000
avance = -249.000000, avanceR = 2.000000, avanceI = 2.000000
inc_x_r = 0.000000, inc_y_r = 1.000000, inc_x_i = 1.000000, inc_y_i = 1.000000
En el else......

----------------------------------------
x = 175.000000, y = 246.000000
avance = -247.000000, avanceR = 2.000000, avanceI = 2.000000
inc_x_r = 0.000000, inc_y_r = 1.000000, inc_x_i = 1.000000, inc_y_i = 1.000000
En el else......

----------------------------------------
x = 175.000000, y = 247.000000
avance = -245.000000, avanceR = 2.000000, avanceI = 2.000000
inc_x_r = 0.000000, inc_y_r = 1.000000, inc_x_i = 1.000000, inc_y_i = 1.000000
En el else......

----------------------------------------
x = 175.000000, y = 248.000000
avance = -243.000000, avanceR = 2.000000, avanceI = 2.000000
inc_x_r = 0.000000, inc_y_r = 1.000000, inc_x_i = 1.000000, inc_y_i = 1.000000
En el else......

----------------------------------------
x = 175.000000, y = 249.000000
avance = -241.000000, avanceR = 2.000000, avanceI = 2.000000
inc_x_r = 0.000000, inc_y_r = 1.000000, inc_x_i = 1.000000, inc_y_i = 1.000000
En el else......

----------------------------------------
x = 175.000000, y = 250.000000
avance = -239.000000, avanceR = 2.000000, avanceI = 2.000000
inc_x_r = 0.000000, inc_y_r = 1.000000, inc_x_i = 1.000000, inc_y_i = 1.000000
En el else......

----------------------------------------
x = 175.000000, y = 251.000000
avance = -237.000000, avanceR = 2.000000, avanceI = 2.000000
inc_x_r = 0.000000, inc_y_r = 1.000000, inc_x_i = 1.000000, inc_y_i = 1.000000
En el else......

----------------------------------------
x = 175.000000, y = 252.000000
avance = -235.000000, avanceR = 2.000000, avanceI = 2.000000
inc_x_r = 0.000000, inc_y_r = 1.000000, inc_x_i = 1.000000, inc_y_i = 1.000000
En el else......

----------------------------------------
x = 175.000000, y = 253.000000
avance = -233.000000, avanceR = 2.000000, avanceI = 2.000000
inc_x_r = 0.000000, inc_y_r = 1.000000, inc_x_i = 1.000000, inc_y_i = 1.000000
En el else......

----------------------------------------
x = 175.000000, y = 254.000000
avance = -231.000000, avanceR = 2.000000, avanceI = 2.000000
inc_x_r = 0.000000, inc_y_r = 1.000000, inc_x_i = 1.000000, inc_y_i = 1.000000
En el else......

----------------------------------------
x = 175.000000, y = 255.000000
avance = -229.000000, avanceR = 2.000000, avanceI = 2.000000
inc_x_r = 0.000000, inc_y_r = 1.000000, inc_x_i = 1.000000, inc_y_i = 1.000000
En el else......

----------------------------------------
x = 175.000000, y = 256.000000
avance = -227.000000, avanceR = 2.000000, avanceI = 2.000000
inc_x_r = 0.000000, inc_y_r = 1.000000, inc_x_i = 1.000000, inc_y_i = 1.000000
En el else......

----------------------------------------
x = 175.000000, y = 257.000000
avance = -225.000000, avanceR = 2.000000, avanceI = 2.000000
inc_x_r = 0.000000, inc_y_r = 1.000000, inc_x_i = 1.000000, inc_y_i = 1.000000
En el else......

----------------------------------------
x = 175.000000, y = 258.000000
avance = -223.000000, avanceR = 2.000000, avanceI = 2.000000
inc_x_r = 0.000000, inc_y_r = 1.000000, inc_x_i = 1.000000, inc_y_i = 1.000000
En el else......

----------------------------------------
x = 175.000000, y = 259.000000
avance = -221.000000, avanceR = 2.000000, avanceI = 2.000000
inc_x_r = 0.000000, inc_y_r = 1.000000, inc_x_i = 1.000000, inc_y_i = 1.000000
En el else......

----------------------------------------
x = 175.000000, y = 260.000000
avance = -219.000000, avanceR = 2.000000, avanceI = 2.000000
inc_x_r = 0.000000, inc_y_r = 1.000000, inc_x_i = 1.000000, inc_y_i = 1.000000
En el else......

----------------------------------------
x = 175.000000, y = 261.000000
avance = -217.000000, avanceR = 2.000000, avanceI = 2.000000
inc_x_r = 0.000000, inc_y_r = 1.000000, inc_x_i = 1.000000, inc_y_i = 1.000000
En el else......

----------------------------------------
x = 175.000000, y = 262.000000
avance = -215.000000, avanceR = 2.000000, avanceI = 2.000000
inc_x_r = 0.000000, inc_y_r = 1.000000, inc_x_i = 1.000000, inc_y_i = 1.000000
En el else......

----------------------------------------
x = 175.000000, y = 263.000000
avance = -213.000000, avanceR = 2.000000, avanceI = 2.000000
inc_x_r = 0.000000, inc_y_r = 1.000000, inc_x_i = 1.000000, inc_y_i = 1.000000
En el else......

----------------------------------------
x = 175.000000, y = 264.000000
avance = -211.000000, avanceR = 2.000000, avanceI = 2.000000
inc_x_r = 0.000000, inc_y_r = 1.000000, inc_x_i = 1.000000, inc_y_i = 1.000000
En el else......

----------------------------------------
x = 175.000000, y = 265.000000
avance = -209.000000, avanceR = 2.000000, avanceI = 2.000000
inc_x_r = 0.000000, inc_y_r = 1.000000, inc_x_i = 1.000000, inc_y_i = 1.000000
En el else......

----------------------------------------
x = 175.000000, y = 266.000000
avance = -207.000000, avanceR = 2.000000, avanceI = 2.000000
inc_x_r = 0.000000, inc_y_r = 1.000000, inc_x_i = 1.000000, inc_y_i = 1.000000
En el else......

----------------------------------------
x = 175.000000, y = 267.000000
avance = -205.000000, avanceR = 2.000000, avanceI = 2.000000
inc_x_r = 0.000000, inc_y_r = 1.000000, inc_x_i = 1.000000, inc_y_i = 1.000000
En el else......

----------------------------------------
x = 175.000000, y = 268.000000
avance = -203.000000, avanceR = 2.000000, avanceI = 2.000000
inc_x_r = 0.000000, inc_y_r = 1.000000, inc_x_i = 1.000000, inc_y_i = 1.000000
En el else......

----------------------------------------
x = 175.000000, y = 269.000000
avance = -201.000000, avanceR = 2.000000, avanceI = 2.000000
inc_x_r = 0.000000, inc_y_r = 1.000000, inc_x_i = 1.000000, inc_y_i = 1.000000
En el else......

----------------------------------------
x = 175.000000, y = 270.000000
avance = -199.000000, avanceR = 2.000000, avanceI = 2.000000
inc_x_r = 0.000000, inc_y_r = 1.000000, inc_x_i = 1.000000, inc_y_i = 1.000000
En el else......

----------------------------------------
x = 175.000000, y = 271.000000
avance = -197.000000, avanceR = 2.000000, avanceI = 2.000000
inc_x_r = 0.000000, inc_y_r = 1.000000, inc_x_i = 1.000000, inc_y_i = 1.000000
En el else......

----------------------------------------
x = 175.000000, y = 272.000000
avance = -195.000000, avanceR = 2.000000, avanceI = 2.000000
inc_x_r = 0.000000, inc_y_r = 1.000000, inc_x_i = 1.000000, inc_y_i = 1.000000
En el else......

----------------------------------------
x = 175.000000, y = 273.000000
avance = -193.000000, avanceR = 2.000000, avanceI = 2.000000
inc_x_r = 0.000000, inc_y_r = 1.000000, inc_x_i = 1.000000, inc_y_i = 1.000000
En el else......

----------------------------------------
x = 175.000000, y = 274.000000
avance = -191.000000, avanceR = 2.000000, avanceI = 2.000000
inc_x_r = 0.000000, inc_y_r = 1.000000, inc_x_i = 1.000000, inc_y_i = 1.000000
En el else......

----------------------------------------
x = 175.000000, y = 275.000000
avance = -189.000000, avanceR = 2.000000, avanceI = 2.000000
inc_x_r = 0.000000, inc_y_r = 1.000000, inc_x_i = 1.000000, inc_y_i = 1.000000
En el else......

----------------------------------------
x = 175.000000, y = 276.000000
avance = -187.000000, avanceR = 2.000000, avanceI = 2.000000
inc_x_r = 0.000000, inc_y_r = 1.000000, inc_x_i = 1.000000, inc_y_i = 1.000000
En el else......

----------------------------------------
x = 175.000000, y = 277.000000
avance = -185.000000, avanceR = 2.000000, avanceI = 2.000000
inc_x_r = 0.000000, inc_y_r = 1.000000, inc_x_i = 1.000000, inc_y_i = 1.000000
En el else......

----------------------------------------
x = 175.000000, y = 278.000000
avance = -183.000000, avanceR = 2.000000, avanceI = 2.000000
inc_x_r = 0.000000, inc_y_r = 1.000000, inc_x_i = 1.000000, inc_y_i = 1.000000
En el else......

----------------------------------------
x = 175.000000, y = 279.000000
avance = -181.000000, avanceR = 2.000000, avanceI = 2.000000
inc_x_r = 0.000000, inc_y_r = 1.000000, inc_x_i = 1.000000, inc_y_i = 1.000000
En el else......

----------------------------------------
x = 175.000000, y = 280.000000
avance = -179.000000, avanceR = 2.000000, avanceI = 2.000000
inc_x_r = 0.000000, inc_y_r = 1.000000, inc_x_i = 1.000000, inc_y_i = 1.000000
En el else......

----------------------------------------
x = 175.000000, y = 281.000000
avance = -177.000000, avanceR = 2.000000, avanceI = 2.000000
inc_x_r = 0.000000, inc_y_r = 1.000000, inc_x_i = 1.000000, inc_y_i = 1.000000
En el else......

----------------------------------------
x = 175.000000, y = 282.000000
avance = -175.000000, avanceR = 2.000000, avanceI = 2.000000
inc_x_r = 0.000000, inc_y_r = 1.000000, inc_x_i = 1.000000, inc_y_i = 1.000000
En el else......

----------------------------------------
x = 175.000000, y = 283.000000
avance = -173.000000, avanceR = 2.000000, avanceI = 2.000000
inc_x_r = 0.000000, inc_y_r = 1.000000, inc_x_i = 1.000000, inc_y_i = 1.000000
En el else......

----------------------------------------
x = 175.000000, y = 284.000000
avance = -171.000000, avanceR = 2.000000, avanceI = 2.000000
inc_x_r = 0.000000, inc_y_r = 1.000000, inc_x_i = 1.000000, inc_y_i = 1.000000
En el else......

----------------------------------------
x = 175.000000, y = 285.000000
avance = -169.000000, avanceR = 2.000000, avanceI = 2.000000
inc_x_r = 0.000000, inc_y_r = 1.000000, inc_x_i = 1.000000, inc_y_i = 1.000000
En el else......

----------------------------------------
x = 175.000000, y = 286.000000
avance = -167.000000, avanceR = 2.000000, avanceI = 2.000000
inc_x_r = 0.000000, inc_y_r = 1.000000, inc_x_i = 1.000000, inc_y_i = 1.000000
En el else......

----------------------------------------
x = 175.000000, y = 287.000000
avance = -165.000000, avanceR = 2.000000, avanceI = 2.000000
inc_x_r = 0.000000, inc_y_r = 1.000000, inc_x_i = 1.000000, inc_y_i = 1.000000
En el else......

----------------------------------------
x = 175.000000, y = 288.000000
avance = -163.000000, avanceR = 2.000000, avanceI = 2.000000
inc_x_r = 0.000000, inc_y_r = 1.000000, inc_x_i = 1.000000, inc_y_i = 1.000000
En el else......

----------------------------------------
x = 175.000000, y = 289.000000
avance = -161.000000, avanceR = 2.000000, avanceI = 2.000000
inc_x_r = 0.000000, inc_y_r = 1.000000, inc_x_i = 1.000000, inc_y_i = 1.000000
En el else......

----------------------------------------
x = 175.000000, y = 290.000000
avance = -159.000000, avanceR = 2.000000, avanceI = 2.000000
inc_x_r = 0.000000, inc_y_r = 1.000000, inc_x_i = 1.000000, inc_y_i = 1.000000
En el else......

----------------------------------------
x = 175.000000, y = 291.000000
avance = -157.000000, avanceR = 2.000000, avanceI = 2.000000
inc_x_r = 0.000000, inc_y_r = 1.000000, inc_x_i = 1.000000, inc_y_i = 1.000000
En el else......

----------------------------------------
x = 175.000000, y = 292.000000
avance = -155.000000, avanceR = 2.000000, avanceI = 2.000000
inc_x_r = 0.000000, inc_y_r = 1.000000, inc_x_i = 1.000000, inc_y_i = 1.000000
En el else......

----------------------------------------
x = 175.000000, y = 293.000000
avance = -153.000000, avanceR = 2.000000, avanceI = 2.000000
inc_x_r = 0.000000, inc_y_r = 1.000000, inc_x_i = 1.000000, inc_y_i = 1.000000
En el else......

----------------------------------------
x = 175.000000, y = 294.000000
avance = -151.000000, avanceR = 2.000000, avanceI = 2.000000
inc_x_r = 0.000000, inc_y_r = 1.000000, inc_x_i = 1.000000, inc_y_i = 1.000000
En el else......

----------------------------------------
x = 175.000000, y = 295.000000
avance = -149.000000, avanceR = 2.000000, avanceI = 2.000000
inc_x_r = 0.000000, inc_y_r = 1.000000, inc_x_i = 1.000000, inc_y_i = 1.000000
En el else......

----------------------------------------
x = 175.000000, y = 296.000000
avance = -147.000000, avanceR = 2.000000, avanceI = 2.000000
inc_x_r = 0.000000, inc_y_r = 1.000000, inc_x_i = 1.000000, inc_y_i = 1.000000
En el else......

----------------------------------------
x = 175.000000, y = 297.000000
avance = -145.000000, avanceR = 2.000000, avanceI = 2.000000
inc_x_r = 0.000000, inc_y_r = 1.000000, inc_x_i = 1.000000, inc_y_i = 1.000000
En el else......

----------------------------------------
x = 175.000000, y = 298.000000
avance = -143.000000, avanceR = 2.000000, avanceI = 2.000000
inc_x_r = 0.000000, inc_y_r = 1.000000, inc_x_i = 1.000000, inc_y_i = 1.000000
En el else......

----------------------------------------
x = 175.000000, y = 299.000000
avance = -141.000000, avanceR = 2.000000, avanceI = 2.000000
inc_x_r = 0.000000, inc_y_r = 1.000000, inc_x_i = 1.000000, inc_y_i = 1.000000
En el else......

----------------------------------------
x = 175.000000, y = 300.000000
avance = -139.000000, avanceR = 2.000000, avanceI = 2.000000
inc_x_r = 0.000000, inc_y_r = 1.000000, inc_x_i = 1.000000, inc_y_i = 1.000000
En el else......

----------------------------------------
x = 175.000000, y = 301.000000
avance = -137.000000, avanceR = 2.000000, avanceI = 2.000000
inc_x_r = 0.000000, inc_y_r = 1.000000, inc_x_i = 1.000000, inc_y_i = 1.000000
En el else......

----------------------------------------
x = 175.000000, y = 302.000000
avance = -135.000000, avanceR = 2.000000, avanceI = 2.000000
inc_x_r = 0.000000, inc_y_r = 1.000000, inc_x_i = 1.000000, inc_y_i = 1.000000
En el else......

----------------------------------------
x = 175.000000, y = 303.000000
avance = -133.000000, avanceR = 2.000000, avanceI = 2.000000
inc_x_r = 0.000000, inc_y_r = 1.000000, inc_x_i = 1.000000, inc_y_i = 1.000000
En el else......

----------------------------------------
x = 175.000000, y = 304.000000
avance = -131.000000, avanceR = 2.000000, avanceI = 2.000000
inc_x_r = 0.000000, inc_y_r = 1.000000, inc_x_i = 1.000000, inc_y_i = 1.000000
En el else......

----------------------------------------
x = 175.000000, y = 305.000000
avance = -129.000000, avanceR = 2.000000, avanceI = 2.000000
inc_x_r = 0.000000, inc_y_r = 1.000000, inc_x_i = 1.000000, inc_y_i = 1.000000
En el else......

----------------------------------------
x = 175.000000, y = 306.000000
avance = -127.000000, avanceR = 2.000000, avanceI = 2.000000
inc_x_r = 0.000000, inc_y_r = 1.000000, inc_x_i = 1.000000, inc_y_i = 1.000000
En el else......

----------------------------------------
x = 175.000000, y = 307.000000
avance = -125.000000, avanceR = 2.000000, avanceI = 2.000000
inc_x_r = 0.000000, inc_y_r = 1.000000, inc_x_i = 1.000000, inc_y_i = 1.000000
En el else......

----------------------------------------
x = 175.000000, y = 308.000000
avance = -123.000000, avanceR = 2.000000, avanceI = 2.000000
inc_x_r = 0.000000, inc_y_r = 1.000000, inc_x_i = 1.000000, inc_y_i = 1.000000
En el else......

----------------------------------------
x = 175.000000, y = 309.000000
avance = -121.000000, avanceR = 2.000000, avanceI = 2.000000
inc_x_r = 0.000000, inc_y_r = 1.000000, inc_x_i = 1.000000, inc_y_i = 1.000000
En el else......

----------------------------------------
x = 175.000000, y = 310.000000
avance = -119.000000, avanceR = 2.000000, avanceI = 2.000000
inc_x_r = 0.000000, inc_y_r = 1.000000, inc_x_i = 1.000000, inc_y_i = 1.000000
En el else......

----------------------------------------
x = 175.000000, y = 311.000000
avance = -117.000000, avanceR = 2.000000, avanceI = 2.000000
inc_x_r = 0.000000, inc_y_r = 1.000000, inc_x_i = 1.000000, inc_y_i = 1.000000
En el else......

----------------------------------------
x = 175.000000, y = 312.000000
avance = -115.000000, avanceR = 2.000000, avanceI = 2.000000
inc_x_r = 0.000000, inc_y_r = 1.000000, inc_x_i = 1.000000, inc_y_i = 1.000000
En el else......

----------------------------------------
x = 175.000000, y = 313.000000
avance = -113.000000, avanceR = 2.000000, avanceI = 2.000000
inc_x_r = 0.000000, inc_y_r = 1.000000, inc_x_i = 1.000000, inc_y_i = 1.000000
En el else......

----------------------------------------
x = 175.000000, y = 314.000000
avance = -111.000000, avanceR = 2.000000, avanceI = 2.000000
inc_x_r = 0.000000, inc_y_r = 1.000000, inc_x_i = 1.000000, inc_y_i = 1.000000
En el else......

----------------------------------------
x = 175.000000, y = 315.000000
avance = -109.000000, avanceR = 2.000000, avanceI = 2.000000
inc_x_r = 0.000000, inc_y_r = 1.000000, inc_x_i = 1.000000, inc_y_i = 1.000000
En el else......

----------------------------------------
x = 175.000000, y = 316.000000
avance = -107.000000, avanceR = 2.000000, avanceI = 2.000000
inc_x_r = 0.000000, inc_y_r = 1.000000, inc_x_i = 1.000000, inc_y_i = 1.000000
En el else......

----------------------------------------
x = 175.000000, y = 317.000000
avance = -105.000000, avanceR = 2.000000, avanceI = 2.000000
inc_x_r = 0.000000, inc_y_r = 1.000000, inc_x_i = 1.000000, inc_y_i = 1.000000
En el else......

----------------------------------------
x = 175.000000, y = 318.000000
avance = -103.000000, avanceR = 2.000000, avanceI = 2.000000
inc_x_r = 0.000000, inc_y_r = 1.000000, inc_x_i = 1.000000, inc_y_i = 1.000000
En el else......

----------------------------------------
x = 175.000000, y = 319.000000
avance = -101.000000, avanceR = 2.000000, avanceI = 2.000000
inc_x_r = 0.000000, inc_y_r = 1.000000, inc_x_i = 1.000000, inc_y_i = 1.000000
En el else......

----------------------------------------
x = 175.000000, y = 320.000000
avance = -99.000000, avanceR = 2.000000, avanceI = 2.000000
inc_x_r = 0.000000, inc_y_r = 1.000000, inc_x_i = 1.000000, inc_y_i = 1.000000
En el else......

----------------------------------------
x = 175.000000, y = 321.000000
avance = -97.000000, avanceR = 2.000000, avanceI = 2.000000
inc_x_r = 0.000000, inc_y_r = 1.000000, inc_x_i = 1.000000, inc_y_i = 1.000000
En el else......

----------------------------------------
x = 175.000000, y = 322.000000
avance = -95.000000, avanceR = 2.000000, avanceI = 2.000000
inc_x_r = 0.000000, inc_y_r = 1.000000, inc_x_i = 1.000000, inc_y_i = 1.000000
En el else......

----------------------------------------
x = 175.000000, y = 323.000000
avance = -93.000000, avanceR = 2.000000, avanceI = 2.000000
inc_x_r = 0.000000, inc_y_r = 1.000000, inc_x_i = 1.000000, inc_y_i = 1.000000
En el else......

----------------------------------------
x = 175.000000, y = 324.000000
avance = -91.000000, avanceR = 2.000000, avanceI = 2.000000
inc_x_r = 0.000000, inc_y_r = 1.000000, inc_x_i = 1.000000, inc_y_i = 1.000000
En el else......

----------------------------------------
x = 175.000000, y = 325.000000
avance = -89.000000, avanceR = 2.000000, avanceI = 2.000000
inc_x_r = 0.000000, inc_y_r = 1.000000, inc_x_i = 1.000000, inc_y_i = 1.000000
En el else......

----------------------------------------
x = 175.000000, y = 326.000000
avance = -87.000000, avanceR = 2.000000, avanceI = 2.000000
inc_x_r = 0.000000, inc_y_r = 1.000000, inc_x_i = 1.000000, inc_y_i = 1.000000
En el else......

----------------------------------------
x = 175.000000, y = 327.000000
avance = -85.000000, avanceR = 2.000000, avanceI = 2.000000
inc_x_r = 0.000000, inc_y_r = 1.000000, inc_x_i = 1.000000, inc_y_i = 1.000000
En el else......

----------------------------------------
x = 175.000000, y = 328.000000
avance = -83.000000, avanceR = 2.000000, avanceI = 2.000000
inc_x_r = 0.000000, inc_y_r = 1.000000, inc_x_i = 1.000000, inc_y_i = 1.000000
En el else......

----------------------------------------
x = 175.000000, y = 329.000000
avance = -81.000000, avanceR = 2.000000, avanceI = 2.000000
inc_x_r = 0.000000, inc_y_r = 1.000000, inc_x_i = 1.000000, inc_y_i = 1.000000
En el else......

----------------------------------------
x = 175.000000, y = 330.000000
avance = -79.000000, avanceR = 2.000000, avanceI = 2.000000
inc_x_r = 0.000000, inc_y_r = 1.000000, inc_x_i = 1.000000, inc_y_i = 1.000000
En el else......

----------------------------------------
x = 175.000000, y = 331.000000
avance = -77.000000, avanceR = 2.000000, avanceI = 2.000000
inc_x_r = 0.000000, inc_y_r = 1.000000, inc_x_i = 1.000000, inc_y_i = 1.000000
En el else......

----------------------------------------
x = 175.000000, y = 332.000000
avance = -75.000000, avanceR = 2.000000, avanceI = 2.000000
inc_x_r = 0.000000, inc_y_r = 1.000000, inc_x_i = 1.000000, inc_y_i = 1.000000
En el else......

----------------------------------------
x = 175.000000, y = 333.000000
avance = -73.000000, avanceR = 2.000000, avanceI = 2.000000
inc_x_r = 0.000000, inc_y_r = 1.000000, inc_x_i = 1.000000, inc_y_i = 1.000000
En el else......

----------------------------------------
x = 175.000000, y = 334.000000
avance = -71.000000, avanceR = 2.000000, avanceI = 2.000000
inc_x_r = 0.000000, inc_y_r = 1.000000, inc_x_i = 1.000000, inc_y_i = 1.000000
En el else......

----------------------------------------
x = 175.000000, y = 335.000000
avance = -69.000000, avanceR = 2.000000, avanceI = 2.000000
inc_x_r = 0.000000, inc_y_r = 1.000000, inc_x_i = 1.000000, inc_y_i = 1.000000
En el else......

----------------------------------------
x = 175.000000, y = 336.000000
avance = -67.000000, avanceR = 2.000000, avanceI = 2.000000
inc_x_r = 0.000000, inc_y_r = 1.000000, inc_x_i = 1.000000, inc_y_i = 1.000000
En el else......

----------------------------------------
x = 175.000000, y = 337.000000
avance = -65.000000, avanceR = 2.000000, avanceI = 2.000000
inc_x_r = 0.000000, inc_y_r = 1.000000, inc_x_i = 1.000000, inc_y_i = 1.000000
En el else......

----------------------------------------
x = 175.000000, y = 338.000000
avance = -63.000000, avanceR = 2.000000, avanceI = 2.000000
inc_x_r = 0.000000, inc_y_r = 1.000000, inc_x_i = 1.000000, inc_y_i = 1.000000
En el else......

----------------------------------------
x = 175.000000, y = 339.000000
avance = -61.000000, avanceR = 2.000000, avanceI = 2.000000
inc_x_r = 0.000000, inc_y_r = 1.000000, inc_x_i = 1.000000, inc_y_i = 1.000000
En el else......

----------------------------------------
x = 175.000000, y = 340.000000
avance = -59.000000, avanceR = 2.000000, avanceI = 2.000000
inc_x_r = 0.000000, inc_y_r = 1.000000, inc_x_i = 1.000000, inc_y_i = 1.000000
En el else......

----------------------------------------
x = 175.000000, y = 341.000000
avance = -57.000000, avanceR = 2.000000, avanceI = 2.000000
inc_x_r = 0.000000, inc_y_r = 1.000000, inc_x_i = 1.000000, inc_y_i = 1.000000
En el else......

----------------------------------------
x = 175.000000, y = 342.000000
avance = -55.000000, avanceR = 2.000000, avanceI = 2.000000
inc_x_r = 0.000000, inc_y_r = 1.000000, inc_x_i = 1.000000, inc_y_i = 1.000000
En el else......

----------------------------------------
x = 175.000000, y = 343.000000
avance = -53.000000, avanceR = 2.000000, avanceI = 2.000000
inc_x_r = 0.000000, inc_y_r = 1.000000, inc_x_i = 1.000000, inc_y_i = 1.000000
En el else......

----------------------------------------
x = 175.000000, y = 344.000000
avance = -51.000000, avanceR = 2.000000, avanceI = 2.000000
inc_x_r = 0.000000, inc_y_r = 1.000000, inc_x_i = 1.000000, inc_y_i = 1.000000
En el else......

----------------------------------------
x = 175.000000, y = 345.000000
avance = -49.000000, avanceR = 2.000000, avanceI = 2.000000
inc_x_r = 0.000000, inc_y_r = 1.000000, inc_x_i = 1.000000, inc_y_i = 1.000000
En el else......

----------------------------------------
x = 175.000000, y = 346.000000
avance = -47.000000, avanceR = 2.000000, avanceI = 2.000000
inc_x_r = 0.000000, inc_y_r = 1.000000, inc_x_i = 1.000000, inc_y_i = 1.000000
En el else......

----------------------------------------
x = 175.000000, y = 347.000000
avance = -45.000000, avanceR = 2.000000, avanceI = 2.000000
inc_x_r = 0.000000, inc_y_r = 1.000000, inc_x_i = 1.000000, inc_y_i = 1.000000
En el else......

----------------------------------------
x = 175.000000, y = 348.000000
avance = -43.000000, avanceR = 2.000000, avanceI = 2.000000
inc_x_r = 0.000000, inc_y_r = 1.000000, inc_x_i = 1.000000, inc_y_i = 1.000000
En el else......

----------------------------------------
x = 175.000000, y = 349.000000
avance = -41.000000, avanceR = 2.000000, avanceI = 2.000000
inc_x_r = 0.000000, inc_y_r = 1.000000, inc_x_i = 1.000000, inc_y_i = 1.000000
En el else......

----------------------------------------
x = 175.000000, y = 350.000000
avance = -39.000000, avanceR = 2.000000, avanceI = 2.000000
inc_x_r = 0.000000, inc_y_r = 1.000000, inc_x_i = 1.000000, inc_y_i = 1.000000
En el else......

----------------------------------------
x = 175.000000, y = 351.000000
avance = -37.000000, avanceR = 2.000000, avanceI = 2.000000
inc_x_r = 0.000000, inc_y_r = 1.000000, inc_x_i = 1.000000, inc_y_i = 1.000000
En el else......

----------------------------------------
x = 175.000000, y = 352.000000
avance = -35.000000, avanceR = 2.000000, avanceI = 2.000000
inc_x_r = 0.000000, inc_y_r = 1.000000, inc_x_i = 1.000000, inc_y_i = 1.000000
En el else......

----------------------------------------
x = 175.000000, y = 353.000000
avance = -33.000000, avanceR = 2.000000, avanceI = 2.000000
inc_x_r = 0.000000, inc_y_r = 1.000000, inc_x_i = 1.000000, inc_y_i = 1.000000
En el else......

----------------------------------------
x = 175.000000, y = 354.000000
avance = -31.000000, avanceR = 2.000000, avanceI = 2.000000
inc_x_r = 0.000000, inc_y_r = 1.000000, inc_x_i = 1.000000, inc_y_i = 1.000000
En el else......

----------------------------------------
x = 175.000000, y = 355.000000
avance = -29.000000, avanceR = 2.000000, avanceI = 2.000000
inc_x_r = 0.000000, inc_y_r = 1.000000, inc_x_i = 1.000000, inc_y_i = 1.000000
En el else......

----------------------------------------
x = 175.000000, y = 356.000000
avance = -27.000000, avanceR = 2.000000, avanceI = 2.000000
inc_x_r = 0.000000, inc_y_r = 1.000000, inc_x_i = 1.000000, inc_y_i = 1.000000
En el else......

----------------------------------------
x = 175.000000, y = 357.000000
avance = -25.000000, avanceR = 2.000000, avanceI = 2.000000
inc_x_r = 0.000000, inc_y_r = 1.000000, inc_x_i = 1.000000, inc_y_i = 1.000000
En el else......

----------------------------------------
x = 175.000000, y = 358.000000
avance = -23.000000, avanceR = 2.000000, avanceI = 2.000000
inc_x_r = 0.000000, inc_y_r = 1.000000, inc_x_i = 1.000000, inc_y_i = 1.000000
En el else......

----------------------------------------
x = 175.000000, y = 359.000000
avance = -21.000000, avanceR = 2.000000, avanceI = 2.000000
inc_x_r = 0.000000, inc_y_r = 1.000000, inc_x_i = 1.000000, inc_y_i = 1.000000
En el else......

----------------------------------------
x = 175.000000, y = 360.000000
avance = -19.000000, avanceR = 2.000000, avanceI = 2.000000
inc_x_r = 0.000000, inc_y_r = 1.000000, inc_x_i = 1.000000, inc_y_i = 1.000000
En el else......

----------------------------------------
x = 175.000000, y = 361.000000
avance = -17.000000, avanceR = 2.000000, avanceI = 2.000000
inc_x_r = 0.000000, inc_y_r = 1.000000, inc_x_i = 1.000000, inc_y_i = 1.000000
En el else......

----------------------------------------
x = 175.000000, y = 362.000000
avance = -15.000000, avanceR = 2.000000, avanceI = 2.000000
inc_x_r = 0.000000, inc_y_r = 1.000000, inc_x_i = 1.000000, inc_y_i = 1.000000
En el else......

----------------------------------------
x = 175.000000, y = 363.000000
avance = -13.000000, avanceR = 2.000000, avanceI = 2.000000
inc_x_r = 0.000000, inc_y_r = 1.000000, inc_x_i = 1.000000, inc_y_i = 1.000000
En el else......

----------------------------------------
x = 175.000000, y = 364.000000
avance = -11.000000, avanceR = 2.000000, avanceI = 2.000000
inc_x_r = 0.000000, inc_y_r = 1.000000, inc_x_i = 1.000000, inc_y_i = 1.000000
En el else......

----------------------------------------
x = 175.000000, y = 365.000000
avance = -9.000000, avanceR = 2.000000, avanceI = 2.000000
inc_x_r = 0.000000, inc_y_r = 1.000000, inc_x_i = 1.000000, inc_y_i = 1.000000
En el else......

----------------------------------------
x = 175.000000, y = 366.000000
avance = -7.000000, avanceR = 2.000000, avanceI = 2.000000
inc_x_r = 0.000000, inc_y_r = 1.000000, inc_x_i = 1.000000, inc_y_i = 1.000000
En el else......

----------------------------------------
x = 175.000000, y = 367.000000
avance = -5.000000, avanceR = 2.000000, avanceI = 2.000000
inc_x_r = 0.000000, inc_y_r = 1.000000, inc_x_i = 1.000000, inc_y_i = 1.000000
En el else......

----------------------------------------
x = 175.000000, y = 368.000000
avance = -3.000000, avanceR = 2.000000, avanceI = 2.000000
inc_x_r = 0.000000, inc_y_r = 1.000000, inc_x_i = 1.000000, inc_y_i = 1.000000
En el else......

----------------------------------------
x = 175.000000, y = 369.000000
avance = -1.000000, avanceR = 2.000000, avanceI = 2.000000
inc_x_r = 0.000000, inc_y_r = 1.000000, inc_x_i = 1.000000, inc_y_i = 1.000000
En el else......

----------------------------------------
x = 175.000000, y = 370.000000
avance = 1.000000, avanceR = 2.000000, avanceI = 2.000000
inc_x_r = 0.000000, inc_y_r = 1.000000, inc_x_i = 1.000000, inc_y_i = 1.000000
avance >= 0

----------------------------------------
x = 176.000000, y = 371.000000
avance = -499.000000, avanceR = 2.000000, avanceI = 2.000000
inc_x_r = 0.000000, inc_y_r = 1.000000, inc_x_i = 1.000000, inc_y_i = 1.000000
En el else......

----------------------------------------
x = 176.000000, y = 372.000000
avance = -497.000000, avanceR = 2.000000, avanceI = 2.000000
inc_x_r = 0.000000, inc_y_r = 1.000000, inc_x_i = 1.000000, inc_y_i = 1.000000
En el else......

----------------------------------------
x = 176.000000, y = 373.000000
avance = -495.000000, avanceR = 2.000000, avanceI = 2.000000
inc_x_r = 0.000000, inc_y_r = 1.000000, inc_x_i = 1.000000, inc_y_i = 1.000000
En el else......

----------------------------------------
x = 176.000000, y = 374.000000
avance = -493.000000, avanceR = 2.000000, avanceI = 2.000000
inc_x_r = 0.000000, inc_y_r = 1.000000, inc_x_i = 1.000000, inc_y_i = 1.000000
En el else......

----------------------------------------
x = 176.000000, y = 375.000000
avance = -491.000000, avanceR = 2.000000, avanceI = 2.000000
inc_x_r = 0.000000, inc_y_r = 1.000000, inc_x_i = 1.000000, inc_y_i = 1.000000
En el else......

----------------------------------------
x = 176.000000, y = 376.000000
avance = -489.000000, avanceR = 2.000000, avanceI = 2.000000
inc_x_r = 0.000000, inc_y_r = 1.000000, inc_x_i = 1.000000, inc_y_i = 1.000000
En el else......

----------------------------------------
x = 176.000000, y = 377.000000
avance = -487.000000, avanceR = 2.000000, avanceI = 2.000000
inc_x_r = 0.000000, inc_y_r = 1.000000, inc_x_i = 1.000000, inc_y_i = 1.000000
En el else......

----------------------------------------
x = 176.000000, y = 378.000000
avance = -485.000000, avanceR = 2.000000, avanceI = 2.000000
inc_x_r = 0.000000, inc_y_r = 1.000000, inc_x_i = 1.000000, inc_y_i = 1.000000
En el else......

----------------------------------------
x = 176.000000, y = 379.000000
avance = -483.000000, avanceR = 2.000000, avanceI = 2.000000
inc_x_r = 0.000000, inc_y_r = 1.000000, inc_x_i = 1.000000, inc_y_i = 1.000000
En el else......

----------------------------------------
x = 176.000000, y = 380.000000
avance = -481.000000, avanceR = 2.000000, avanceI = 2.000000
inc_x_r = 0.000000, inc_y_r = 1.000000, inc_x_i = 1.000000, inc_y_i = 1.000000
En el else......

----------------------------------------
x = 176.000000, y = 381.000000
avance = -479.000000, avanceR = 2.000000, avanceI = 2.000000
inc_x_r = 0.000000, inc_y_r = 1.000000, inc_x_i = 1.000000, inc_y_i = 1.000000
En el else......

----------------------------------------
x = 176.000000, y = 382.000000
avance = -477.000000, avanceR = 2.000000, avanceI = 2.000000
inc_x_r = 0.000000, inc_y_r = 1.000000, inc_x_i = 1.000000, inc_y_i = 1.000000
En el else......

----------------------------------------
x = 176.000000, y = 383.000000
avance = -475.000000, avanceR = 2.000000, avanceI = 2.000000
inc_x_r = 0.000000, inc_y_r = 1.000000, inc_x_i = 1.000000, inc_y_i = 1.000000
En el else......

----------------------------------------
x = 176.000000, y = 384.000000
avance = -473.000000, avanceR = 2.000000, avanceI = 2.000000
inc_x_r = 0.000000, inc_y_r = 1.000000, inc_x_i = 1.000000, inc_y_i = 1.000000
En el else......

----------------------------------------
x = 176.000000, y = 385.000000
avance = -471.000000, avanceR = 2.000000, avanceI = 2.000000
inc_x_r = 0.000000, inc_y_r = 1.000000, inc_x_i = 1.000000, inc_y_i = 1.000000
En el else......

----------------------------------------
x = 176.000000, y = 386.000000
avance = -469.000000, avanceR = 2.000000, avanceI = 2.000000
inc_x_r = 0.000000, inc_y_r = 1.000000, inc_x_i = 1.000000, inc_y_i = 1.000000
En el else......

----------------------------------------
x = 176.000000, y = 387.000000
avance = -467.000000, avanceR = 2.000000, avanceI = 2.000000
inc_x_r = 0.000000, inc_y_r = 1.000000, inc_x_i = 1.000000, inc_y_i = 1.000000
En el else......

----------------------------------------
x = 176.000000, y = 388.000000
avance = -465.000000, avanceR = 2.000000, avanceI = 2.000000
inc_x_r = 0.000000, inc_y_r = 1.000000, inc_x_i = 1.000000, inc_y_i = 1.000000
En el else......

----------------------------------------
x = 176.000000, y = 389.000000
avance = -463.000000, avanceR = 2.000000, avanceI = 2.000000
inc_x_r = 0.000000, inc_y_r = 1.000000, inc_x_i = 1.000000, inc_y_i = 1.000000
En el else......

----------------------------------------
x = 176.000000, y = 390.000000
avance = -461.000000, avanceR = 2.000000, avanceI = 2.000000
inc_x_r = 0.000000, inc_y_r = 1.000000, inc_x_i = 1.000000, inc_y_i = 1.000000
En el else......

----------------------------------------
x = 176.000000, y = 391.000000
avance = -459.000000, avanceR = 2.000000, avanceI = 2.000000
inc_x_r = 0.000000, inc_y_r = 1.000000, inc_x_i = 1.000000, inc_y_i = 1.000000
En el else......

----------------------------------------
x = 176.000000, y = 392.000000
avance = -457.000000, avanceR = 2.000000, avanceI = 2.000000
inc_x_r = 0.000000, inc_y_r = 1.000000, inc_x_i = 1.000000, inc_y_i = 1.000000
En el else......

----------------------------------------
x = 176.000000, y = 393.000000
avance = -455.000000, avanceR = 2.000000, avanceI = 2.000000
inc_x_r = 0.000000, inc_y_r = 1.000000, inc_x_i = 1.000000, inc_y_i = 1.000000
En el else......

----------------------------------------
x = 176.000000, y = 394.000000
avance = -453.000000, avanceR = 2.000000, avanceI = 2.000000
inc_x_r = 0.000000, inc_y_r = 1.000000, inc_x_i = 1.000000, inc_y_i = 1.000000
En el else......

----------------------------------------
x = 176.000000, y = 395.000000
avance = -451.000000, avanceR = 2.000000, avanceI = 2.000000
inc_x_r = 0.000000, inc_y_r = 1.000000, inc_x_i = 1.000000, inc_y_i = 1.000000
En el else......

----------------------------------------
x = 176.000000, y = 396.000000
avance = -449.000000, avanceR = 2.000000, avanceI = 2.000000
inc_x_r = 0.000000, inc_y_r = 1.000000, inc_x_i = 1.000000, inc_y_i = 1.000000
En el else......

----------------------------------------
x = 176.000000, y = 397.000000
avance = -447.000000, avanceR = 2.000000, avanceI = 2.000000
inc_x_r = 0.000000, inc_y_r = 1.000000, inc_x_i = 1.000000, inc_y_i = 1.000000
En el else......

----------------------------------------
x = 176.000000, y = 398.000000
avance = -445.000000, avanceR = 2.000000, avanceI = 2.000000
inc_x_r = 0.000000, inc_y_r = 1.000000, inc_x_i = 1.000000, inc_y_i = 1.000000
En el else......

----------------------------------------
x = 176.000000, y = 399.000000
avance = -443.000000, avanceR = 2.000000, avanceI = 2.000000
inc_x_r = 0.000000, inc_y_r = 1.000000, inc_x_i = 1.000000, inc_y_i = 1.000000
En el else......

----------------------------------------
hora de salir del bucle mi pana


ENTRAMOS A BRESENHAMªªªª
x1 = 165.000000 - y1 = 235.000000 || x2 = 166.000000 - y2 = 486.000000
dy = 251.000000, dx = 1.000000
avances inclinados: inc_x_i = 1.000000, inc_y_i = 1.000000
updated: dy = 251.000000, dx = 1.000000
avances rectos: inc_x_r = 0.000000, inc_y_r 1.000000
reupdated: dy = 1.000000, dx = 251.000000
avanceR = 2.000000, avance -249.000000, avanceI 2.000000
----------------------------------------
x = 165.000000, y = 235.000000
avance = -249.000000, avanceR = 2.000000, avanceI = 2.000000
inc_x_r = 0.000000, inc_y_r = 1.000000, inc_x_i = 1.000000, inc_y_i = 1.000000
En el else......

----------------------------------------
x = 165.000000, y = 236.000000
avance = -247.000000, avanceR = 2.000000, avanceI = 2.000000
inc_x_r = 0.000000, inc_y_r = 1.000000, inc_x_i = 1.000000, inc_y_i = 1.000000
En el else......

----------------------------------------
x = 165.000000, y = 237.000000
avance = -245.000000, avanceR = 2.000000, avanceI = 2.000000
inc_x_r = 0.000000, inc_y_r = 1.000000, inc_x_i = 1.000000, inc_y_i = 1.000000
En el else......

----------------------------------------
x = 165.000000, y = 238.000000
avance = -243.000000, avanceR = 2.000000, avanceI = 2.000000
inc_x_r = 0.000000, inc_y_r = 1.000000, inc_x_i = 1.000000, inc_y_i = 1.000000
En el else......

----------------------------------------
x = 165.000000, y = 239.000000
avance = -241.000000, avanceR = 2.000000, avanceI = 2.000000
inc_x_r = 0.000000, inc_y_r = 1.000000, inc_x_i = 1.000000, inc_y_i = 1.000000
En el else......

----------------------------------------
x = 165.000000, y = 240.000000
avance = -239.000000, avanceR = 2.000000, avanceI = 2.000000
inc_x_r = 0.000000, inc_y_r = 1.000000, inc_x_i = 1.000000, inc_y_i = 1.000000
En el else......

----------------------------------------
x = 165.000000, y = 241.000000
avance = -237.000000, avanceR = 2.000000, avanceI = 2.000000
inc_x_r = 0.000000, inc_y_r = 1.000000, inc_x_i = 1.000000, inc_y_i = 1.000000
En el else......

----------------------------------------
x = 165.000000, y = 242.000000
avance = -235.000000, avanceR = 2.000000, avanceI = 2.000000
inc_x_r = 0.000000, inc_y_r = 1.000000, inc_x_i = 1.000000, inc_y_i = 1.000000
En el else......

----------------------------------------
x = 165.000000, y = 243.000000
avance = -233.000000, avanceR = 2.000000, avanceI = 2.000000
inc_x_r = 0.000000, inc_y_r = 1.000000, inc_x_i = 1.000000, inc_y_i = 1.000000
En el else......

----------------------------------------
x = 165.000000, y = 244.000000
avance = -231.000000, avanceR = 2.000000, avanceI = 2.000000
inc_x_r = 0.000000, inc_y_r = 1.000000, inc_x_i = 1.000000, inc_y_i = 1.000000
En el else......

----------------------------------------
x = 165.000000, y = 245.000000
avance = -229.000000, avanceR = 2.000000, avanceI = 2.000000
inc_x_r = 0.000000, inc_y_r = 1.000000, inc_x_i = 1.000000, inc_y_i = 1.000000
En el else......

----------------------------------------
x = 165.000000, y = 246.000000
avance = -227.000000, avanceR = 2.000000, avanceI = 2.000000
inc_x_r = 0.000000, inc_y_r = 1.000000, inc_x_i = 1.000000, inc_y_i = 1.000000
En el else......

----------------------------------------
x = 165.000000, y = 247.000000
avance = -225.000000, avanceR = 2.000000, avanceI = 2.000000
inc_x_r = 0.000000, inc_y_r = 1.000000, inc_x_i = 1.000000, inc_y_i = 1.000000
En el else......

----------------------------------------
x = 165.000000, y = 248.000000
avance = -223.000000, avanceR = 2.000000, avanceI = 2.000000
inc_x_r = 0.000000, inc_y_r = 1.000000, inc_x_i = 1.000000, inc_y_i = 1.000000
En el else......

----------------------------------------
x = 165.000000, y = 249.000000
avance = -221.000000, avanceR = 2.000000, avanceI = 2.000000
inc_x_r = 0.000000, inc_y_r = 1.000000, inc_x_i = 1.000000, inc_y_i = 1.000000
En el else......

----------------------------------------
x = 165.000000, y = 250.000000
avance = -219.000000, avanceR = 2.000000, avanceI = 2.000000
inc_x_r = 0.000000, inc_y_r = 1.000000, inc_x_i = 1.000000, inc_y_i = 1.000000
En el else......

----------------------------------------
x = 165.000000, y = 251.000000
avance = -217.000000, avanceR = 2.000000, avanceI = 2.000000
inc_x_r = 0.000000, inc_y_r = 1.000000, inc_x_i = 1.000000, inc_y_i = 1.000000
En el else......

----------------------------------------
x = 165.000000, y = 252.000000
avance = -215.000000, avanceR = 2.000000, avanceI = 2.000000
inc_x_r = 0.000000, inc_y_r = 1.000000, inc_x_i = 1.000000, inc_y_i = 1.000000
En el else......

----------------------------------------
x = 165.000000, y = 253.000000
avance = -213.000000, avanceR = 2.000000, avanceI = 2.000000
inc_x_r = 0.000000, inc_y_r = 1.000000, inc_x_i = 1.000000, inc_y_i = 1.000000
En el else......

----------------------------------------
x = 165.000000, y = 254.000000
avance = -211.000000, avanceR = 2.000000, avanceI = 2.000000
inc_x_r = 0.000000, inc_y_r = 1.000000, inc_x_i = 1.000000, inc_y_i = 1.000000
En el else......

----------------------------------------
x = 165.000000, y = 255.000000
avance = -209.000000, avanceR = 2.000000, avanceI = 2.000000
inc_x_r = 0.000000, inc_y_r = 1.000000, inc_x_i = 1.000000, inc_y_i = 1.000000
En el else......

----------------------------------------
x = 165.000000, y = 256.000000
avance = -207.000000, avanceR = 2.000000, avanceI = 2.000000
inc_x_r = 0.000000, inc_y_r = 1.000000, inc_x_i = 1.000000, inc_y_i = 1.000000
En el else......

----------------------------------------
x = 165.000000, y = 257.000000
avance = -205.000000, avanceR = 2.000000, avanceI = 2.000000
inc_x_r = 0.000000, inc_y_r = 1.000000, inc_x_i = 1.000000, inc_y_i = 1.000000
En el else......

----------------------------------------
x = 165.000000, y = 258.000000
avance = -203.000000, avanceR = 2.000000, avanceI = 2.000000
inc_x_r = 0.000000, inc_y_r = 1.000000, inc_x_i = 1.000000, inc_y_i = 1.000000
En el else......

----------------------------------------
x = 165.000000, y = 259.000000
avance = -201.000000, avanceR = 2.000000, avanceI = 2.000000
inc_x_r = 0.000000, inc_y_r = 1.000000, inc_x_i = 1.000000, inc_y_i = 1.000000
En el else......

----------------------------------------
x = 165.000000, y = 260.000000
avance = -199.000000, avanceR = 2.000000, avanceI = 2.000000
inc_x_r = 0.000000, inc_y_r = 1.000000, inc_x_i = 1.000000, inc_y_i = 1.000000
En el else......

----------------------------------------
x = 165.000000, y = 261.000000
avance = -197.000000, avanceR = 2.000000, avanceI = 2.000000
inc_x_r = 0.000000, inc_y_r = 1.000000, inc_x_i = 1.000000, inc_y_i = 1.000000
En el else......

----------------------------------------
x = 165.000000, y = 262.000000
avance = -195.000000, avanceR = 2.000000, avanceI = 2.000000
inc_x_r = 0.000000, inc_y_r = 1.000000, inc_x_i = 1.000000, inc_y_i = 1.000000
En el else......

----------------------------------------
x = 165.000000, y = 263.000000
avance = -193.000000, avanceR = 2.000000, avanceI = 2.000000
inc_x_r = 0.000000, inc_y_r = 1.000000, inc_x_i = 1.000000, inc_y_i = 1.000000
En el else......

----------------------------------------
x = 165.000000, y = 264.000000
avance = -191.000000, avanceR = 2.000000, avanceI = 2.000000
inc_x_r = 0.000000, inc_y_r = 1.000000, inc_x_i = 1.000000, inc_y_i = 1.000000
En el else......

----------------------------------------
x = 165.000000, y = 265.000000
avance = -189.000000, avanceR = 2.000000, avanceI = 2.000000
inc_x_r = 0.000000, inc_y_r = 1.000000, inc_x_i = 1.000000, inc_y_i = 1.000000
En el else......

----------------------------------------
x = 165.000000, y = 266.000000
avance = -187.000000, avanceR = 2.000000, avanceI = 2.000000
inc_x_r = 0.000000, inc_y_r = 1.000000, inc_x_i = 1.000000, inc_y_i = 1.000000
En el else......

----------------------------------------
x = 165.000000, y = 267.000000
avance = -185.000000, avanceR = 2.000000, avanceI = 2.000000
inc_x_r = 0.000000, inc_y_r = 1.000000, inc_x_i = 1.000000, inc_y_i = 1.000000
En el else......

----------------------------------------
x = 165.000000, y = 268.000000
avance = -183.000000, avanceR = 2.000000, avanceI = 2.000000
inc_x_r = 0.000000, inc_y_r = 1.000000, inc_x_i = 1.000000, inc_y_i = 1.000000
En el else......

----------------------------------------
x = 165.000000, y = 269.000000
avance = -181.000000, avanceR = 2.000000, avanceI = 2.000000
inc_x_r = 0.000000, inc_y_r = 1.000000, inc_x_i = 1.000000, inc_y_i = 1.000000
En el else......

----------------------------------------
x = 165.000000, y = 270.000000
avance = -179.000000, avanceR = 2.000000, avanceI = 2.000000
inc_x_r = 0.000000, inc_y_r = 1.000000, inc_x_i = 1.000000, inc_y_i = 1.000000
En el else......

----------------------------------------
x = 165.000000, y = 271.000000
avance = -177.000000, avanceR = 2.000000, avanceI = 2.000000
inc_x_r = 0.000000, inc_y_r = 1.000000, inc_x_i = 1.000000, inc_y_i = 1.000000
En el else......

----------------------------------------
x = 165.000000, y = 272.000000
avance = -175.000000, avanceR = 2.000000, avanceI = 2.000000
inc_x_r = 0.000000, inc_y_r = 1.000000, inc_x_i = 1.000000, inc_y_i = 1.000000
En el else......

----------------------------------------
x = 165.000000, y = 273.000000
avance = -173.000000, avanceR = 2.000000, avanceI = 2.000000
inc_x_r = 0.000000, inc_y_r = 1.000000, inc_x_i = 1.000000, inc_y_i = 1.000000
En el else......

----------------------------------------
x = 165.000000, y = 274.000000
avance = -171.000000, avanceR = 2.000000, avanceI = 2.000000
inc_x_r = 0.000000, inc_y_r = 1.000000, inc_x_i = 1.000000, inc_y_i = 1.000000
En el else......

----------------------------------------
x = 165.000000, y = 275.000000
avance = -169.000000, avanceR = 2.000000, avanceI = 2.000000
inc_x_r = 0.000000, inc_y_r = 1.000000, inc_x_i = 1.000000, inc_y_i = 1.000000
En el else......

----------------------------------------
x = 165.000000, y = 276.000000
avance = -167.000000, avanceR = 2.000000, avanceI = 2.000000
inc_x_r = 0.000000, inc_y_r = 1.000000, inc_x_i = 1.000000, inc_y_i = 1.000000
En el else......

----------------------------------------
x = 165.000000, y = 277.000000
avance = -165.000000, avanceR = 2.000000, avanceI = 2.000000
inc_x_r = 0.000000, inc_y_r = 1.000000, inc_x_i = 1.000000, inc_y_i = 1.000000
En el else......

----------------------------------------
x = 165.000000, y = 278.000000
avance = -163.000000, avanceR = 2.000000, avanceI = 2.000000
inc_x_r = 0.000000, inc_y_r = 1.000000, inc_x_i = 1.000000, inc_y_i = 1.000000
En el else......

----------------------------------------
x = 165.000000, y = 279.000000
avance = -161.000000, avanceR = 2.000000, avanceI = 2.000000
inc_x_r = 0.000000, inc_y_r = 1.000000, inc_x_i = 1.000000, inc_y_i = 1.000000
En el else......

----------------------------------------
x = 165.000000, y = 280.000000
avance = -159.000000, avanceR = 2.000000, avanceI = 2.000000
inc_x_r = 0.000000, inc_y_r = 1.000000, inc_x_i = 1.000000, inc_y_i = 1.000000
En el else......

----------------------------------------
x = 165.000000, y = 281.000000
avance = -157.000000, avanceR = 2.000000, avanceI = 2.000000
inc_x_r = 0.000000, inc_y_r = 1.000000, inc_x_i = 1.000000, inc_y_i = 1.000000
En el else......

----------------------------------------
x = 165.000000, y = 282.000000
avance = -155.000000, avanceR = 2.000000, avanceI = 2.000000
inc_x_r = 0.000000, inc_y_r = 1.000000, inc_x_i = 1.000000, inc_y_i = 1.000000
En el else......

----------------------------------------
x = 165.000000, y = 283.000000
avance = -153.000000, avanceR = 2.000000, avanceI = 2.000000
inc_x_r = 0.000000, inc_y_r = 1.000000, inc_x_i = 1.000000, inc_y_i = 1.000000
En el else......

----------------------------------------
x = 165.000000, y = 284.000000
avance = -151.000000, avanceR = 2.000000, avanceI = 2.000000
inc_x_r = 0.000000, inc_y_r = 1.000000, inc_x_i = 1.000000, inc_y_i = 1.000000
En el else......

----------------------------------------
x = 165.000000, y = 285.000000
avance = -149.000000, avanceR = 2.000000, avanceI = 2.000000
inc_x_r = 0.000000, inc_y_r = 1.000000, inc_x_i = 1.000000, inc_y_i = 1.000000
En el else......

----------------------------------------
x = 165.000000, y = 286.000000
avance = -147.000000, avanceR = 2.000000, avanceI = 2.000000
inc_x_r = 0.000000, inc_y_r = 1.000000, inc_x_i = 1.000000, inc_y_i = 1.000000
En el else......

----------------------------------------
x = 165.000000, y = 287.000000
avance = -145.000000, avanceR = 2.000000, avanceI = 2.000000
inc_x_r = 0.000000, inc_y_r = 1.000000, inc_x_i = 1.000000, inc_y_i = 1.000000
En el else......

----------------------------------------
x = 165.000000, y = 288.000000
avance = -143.000000, avanceR = 2.000000, avanceI = 2.000000
inc_x_r = 0.000000, inc_y_r = 1.000000, inc_x_i = 1.000000, inc_y_i = 1.000000
En el else......

----------------------------------------
x = 165.000000, y = 289.000000
avance = -141.000000, avanceR = 2.000000, avanceI = 2.000000
inc_x_r = 0.000000, inc_y_r = 1.000000, inc_x_i = 1.000000, inc_y_i = 1.000000
En el else......

----------------------------------------
x = 165.000000, y = 290.000000
avance = -139.000000, avanceR = 2.000000, avanceI = 2.000000
inc_x_r = 0.000000, inc_y_r = 1.000000, inc_x_i = 1.000000, inc_y_i = 1.000000
En el else......

----------------------------------------
x = 165.000000, y = 291.000000
avance = -137.000000, avanceR = 2.000000, avanceI = 2.000000
inc_x_r = 0.000000, inc_y_r = 1.000000, inc_x_i = 1.000000, inc_y_i = 1.000000
En el else......

----------------------------------------
x = 165.000000, y = 292.000000
avance = -135.000000, avanceR = 2.000000, avanceI = 2.000000
inc_x_r = 0.000000, inc_y_r = 1.000000, inc_x_i = 1.000000, inc_y_i = 1.000000
En el else......

----------------------------------------
x = 165.000000, y = 293.000000
avance = -133.000000, avanceR = 2.000000, avanceI = 2.000000
inc_x_r = 0.000000, inc_y_r = 1.000000, inc_x_i = 1.000000, inc_y_i = 1.000000
En el else......

----------------------------------------
x = 165.000000, y = 294.000000
avance = -131.000000, avanceR = 2.000000, avanceI = 2.000000
inc_x_r = 0.000000, inc_y_r = 1.000000, inc_x_i = 1.000000, inc_y_i = 1.000000
En el else......

----------------------------------------
x = 165.000000, y = 295.000000
avance = -129.000000, avanceR = 2.000000, avanceI = 2.000000
inc_x_r = 0.000000, inc_y_r = 1.000000, inc_x_i = 1.000000, inc_y_i = 1.000000
En el else......

----------------------------------------
x = 165.000000, y = 296.000000
avance = -127.000000, avanceR = 2.000000, avanceI = 2.000000
inc_x_r = 0.000000, inc_y_r = 1.000000, inc_x_i = 1.000000, inc_y_i = 1.000000
En el else......

----------------------------------------
x = 165.000000, y = 297.000000
avance = -125.000000, avanceR = 2.000000, avanceI = 2.000000
inc_x_r = 0.000000, inc_y_r = 1.000000, inc_x_i = 1.000000, inc_y_i = 1.000000
En el else......

----------------------------------------
x = 165.000000, y = 298.000000
avance = -123.000000, avanceR = 2.000000, avanceI = 2.000000
inc_x_r = 0.000000, inc_y_r = 1.000000, inc_x_i = 1.000000, inc_y_i = 1.000000
En el else......

----------------------------------------
x = 165.000000, y = 299.000000
avance = -121.000000, avanceR = 2.000000, avanceI = 2.000000
inc_x_r = 0.000000, inc_y_r = 1.000000, inc_x_i = 1.000000, inc_y_i = 1.000000
En el else......

----------------------------------------
x = 165.000000, y = 300.000000
avance = -119.000000, avanceR = 2.000000, avanceI = 2.000000
inc_x_r = 0.000000, inc_y_r = 1.000000, inc_x_i = 1.000000, inc_y_i = 1.000000
En el else......

----------------------------------------
x = 165.000000, y = 301.000000
avance = -117.000000, avanceR = 2.000000, avanceI = 2.000000
inc_x_r = 0.000000, inc_y_r = 1.000000, inc_x_i = 1.000000, inc_y_i = 1.000000
En el else......

----------------------------------------
x = 165.000000, y = 302.000000
avance = -115.000000, avanceR = 2.000000, avanceI = 2.000000
inc_x_r = 0.000000, inc_y_r = 1.000000, inc_x_i = 1.000000, inc_y_i = 1.000000
En el else......

----------------------------------------
x = 165.000000, y = 303.000000
avance = -113.000000, avanceR = 2.000000, avanceI = 2.000000
inc_x_r = 0.000000, inc_y_r = 1.000000, inc_x_i = 1.000000, inc_y_i = 1.000000
En el else......

----------------------------------------
x = 165.000000, y = 304.000000
avance = -111.000000, avanceR = 2.000000, avanceI = 2.000000
inc_x_r = 0.000000, inc_y_r = 1.000000, inc_x_i = 1.000000, inc_y_i = 1.000000
En el else......

----------------------------------------
x = 165.000000, y = 305.000000
avance = -109.000000, avanceR = 2.000000, avanceI = 2.000000
inc_x_r = 0.000000, inc_y_r = 1.000000, inc_x_i = 1.000000, inc_y_i = 1.000000
En el else......

----------------------------------------
x = 165.000000, y = 306.000000
avance = -107.000000, avanceR = 2.000000, avanceI = 2.000000
inc_x_r = 0.000000, inc_y_r = 1.000000, inc_x_i = 1.000000, inc_y_i = 1.000000
En el else......

----------------------------------------
x = 165.000000, y = 307.000000
avance = -105.000000, avanceR = 2.000000, avanceI = 2.000000
inc_x_r = 0.000000, inc_y_r = 1.000000, inc_x_i = 1.000000, inc_y_i = 1.000000
En el else......

----------------------------------------
x = 165.000000, y = 308.000000
avance = -103.000000, avanceR = 2.000000, avanceI = 2.000000
inc_x_r = 0.000000, inc_y_r = 1.000000, inc_x_i = 1.000000, inc_y_i = 1.000000
En el else......

----------------------------------------
x = 165.000000, y = 309.000000
avance = -101.000000, avanceR = 2.000000, avanceI = 2.000000
inc_x_r = 0.000000, inc_y_r = 1.000000, inc_x_i = 1.000000, inc_y_i = 1.000000
En el else......

----------------------------------------
x = 165.000000, y = 310.000000
avance = -99.000000, avanceR = 2.000000, avanceI = 2.000000
inc_x_r = 0.000000, inc_y_r = 1.000000, inc_x_i = 1.000000, inc_y_i = 1.000000
En el else......

----------------------------------------
x = 165.000000, y = 311.000000
avance = -97.000000, avanceR = 2.000000, avanceI = 2.000000
inc_x_r = 0.000000, inc_y_r = 1.000000, inc_x_i = 1.000000, inc_y_i = 1.000000
En el else......

----------------------------------------
x = 165.000000, y = 312.000000
avance = -95.000000, avanceR = 2.000000, avanceI = 2.000000
inc_x_r = 0.000000, inc_y_r = 1.000000, inc_x_i = 1.000000, inc_y_i = 1.000000
En el else......

----------------------------------------
x = 165.000000, y = 313.000000
avance = -93.000000, avanceR = 2.000000, avanceI = 2.000000
inc_x_r = 0.000000, inc_y_r = 1.000000, inc_x_i = 1.000000, inc_y_i = 1.000000
En el else......

----------------------------------------
x = 165.000000, y = 314.000000
avance = -91.000000, avanceR = 2.000000, avanceI = 2.000000
inc_x_r = 0.000000, inc_y_r = 1.000000, inc_x_i = 1.000000, inc_y_i = 1.000000
En el else......

----------------------------------------
x = 165.000000, y = 315.000000
avance = -89.000000, avanceR = 2.000000, avanceI = 2.000000
inc_x_r = 0.000000, inc_y_r = 1.000000, inc_x_i = 1.000000, inc_y_i = 1.000000
En el else......

----------------------------------------
x = 165.000000, y = 316.000000
avance = -87.000000, avanceR = 2.000000, avanceI = 2.000000
inc_x_r = 0.000000, inc_y_r = 1.000000, inc_x_i = 1.000000, inc_y_i = 1.000000
En el else......

----------------------------------------
x = 165.000000, y = 317.000000
avance = -85.000000, avanceR = 2.000000, avanceI = 2.000000
inc_x_r = 0.000000, inc_y_r = 1.000000, inc_x_i = 1.000000, inc_y_i = 1.000000
En el else......

----------------------------------------
x = 165.000000, y = 318.000000
avance = -83.000000, avanceR = 2.000000, avanceI = 2.000000
inc_x_r = 0.000000, inc_y_r = 1.000000, inc_x_i = 1.000000, inc_y_i = 1.000000
En el else......

----------------------------------------
x = 165.000000, y = 319.000000
avance = -81.000000, avanceR = 2.000000, avanceI = 2.000000
inc_x_r = 0.000000, inc_y_r = 1.000000, inc_x_i = 1.000000, inc_y_i = 1.000000
En el else......

----------------------------------------
x = 165.000000, y = 320.000000
avance = -79.000000, avanceR = 2.000000, avanceI = 2.000000
inc_x_r = 0.000000, inc_y_r = 1.000000, inc_x_i = 1.000000, inc_y_i = 1.000000
En el else......

----------------------------------------
x = 165.000000, y = 321.000000
avance = -77.000000, avanceR = 2.000000, avanceI = 2.000000
inc_x_r = 0.000000, inc_y_r = 1.000000, inc_x_i = 1.000000, inc_y_i = 1.000000
En el else......

----------------------------------------
x = 165.000000, y = 322.000000
avance = -75.000000, avanceR = 2.000000, avanceI = 2.000000
inc_x_r = 0.000000, inc_y_r = 1.000000, inc_x_i = 1.000000, inc_y_i = 1.000000
En el else......

----------------------------------------
x = 165.000000, y = 323.000000
avance = -73.000000, avanceR = 2.000000, avanceI = 2.000000
inc_x_r = 0.000000, inc_y_r = 1.000000, inc_x_i = 1.000000, inc_y_i = 1.000000
En el else......

----------------------------------------
x = 165.000000, y = 324.000000
avance = -71.000000, avanceR = 2.000000, avanceI = 2.000000
inc_x_r = 0.000000, inc_y_r = 1.000000, inc_x_i = 1.000000, inc_y_i = 1.000000
En el else......

----------------------------------------
x = 165.000000, y = 325.000000
avance = -69.000000, avanceR = 2.000000, avanceI = 2.000000
inc_x_r = 0.000000, inc_y_r = 1.000000, inc_x_i = 1.000000, inc_y_i = 1.000000
En el else......

----------------------------------------
x = 165.000000, y = 326.000000
avance = -67.000000, avanceR = 2.000000, avanceI = 2.000000
inc_x_r = 0.000000, inc_y_r = 1.000000, inc_x_i = 1.000000, inc_y_i = 1.000000
En el else......

----------------------------------------
x = 165.000000, y = 327.000000
avance = -65.000000, avanceR = 2.000000, avanceI = 2.000000
inc_x_r = 0.000000, inc_y_r = 1.000000, inc_x_i = 1.000000, inc_y_i = 1.000000
En el else......

----------------------------------------
x = 165.000000, y = 328.000000
avance = -63.000000, avanceR = 2.000000, avanceI = 2.000000
inc_x_r = 0.000000, inc_y_r = 1.000000, inc_x_i = 1.000000, inc_y_i = 1.000000
En el else......

----------------------------------------
x = 165.000000, y = 329.000000
avance = -61.000000, avanceR = 2.000000, avanceI = 2.000000
inc_x_r = 0.000000, inc_y_r = 1.000000, inc_x_i = 1.000000, inc_y_i = 1.000000
En el else......

----------------------------------------
x = 165.000000, y = 330.000000
avance = -59.000000, avanceR = 2.000000, avanceI = 2.000000
inc_x_r = 0.000000, inc_y_r = 1.000000, inc_x_i = 1.000000, inc_y_i = 1.000000
En el else......

----------------------------------------
x = 165.000000, y = 331.000000
avance = -57.000000, avanceR = 2.000000, avanceI = 2.000000
inc_x_r = 0.000000, inc_y_r = 1.000000, inc_x_i = 1.000000, inc_y_i = 1.000000
En el else......

----------------------------------------
x = 165.000000, y = 332.000000
avance = -55.000000, avanceR = 2.000000, avanceI = 2.000000
inc_x_r = 0.000000, inc_y_r = 1.000000, inc_x_i = 1.000000, inc_y_i = 1.000000
En el else......

----------------------------------------
x = 165.000000, y = 333.000000
avance = -53.000000, avanceR = 2.000000, avanceI = 2.000000
inc_x_r = 0.000000, inc_y_r = 1.000000, inc_x_i = 1.000000, inc_y_i = 1.000000
En el else......

----------------------------------------
x = 165.000000, y = 334.000000
avance = -51.000000, avanceR = 2.000000, avanceI = 2.000000
inc_x_r = 0.000000, inc_y_r = 1.000000, inc_x_i = 1.000000, inc_y_i = 1.000000
En el else......

----------------------------------------
x = 165.000000, y = 335.000000
avance = -49.000000, avanceR = 2.000000, avanceI = 2.000000
inc_x_r = 0.000000, inc_y_r = 1.000000, inc_x_i = 1.000000, inc_y_i = 1.000000
En el else......

----------------------------------------
x = 165.000000, y = 336.000000
avance = -47.000000, avanceR = 2.000000, avanceI = 2.000000
inc_x_r = 0.000000, inc_y_r = 1.000000, inc_x_i = 1.000000, inc_y_i = 1.000000
En el else......

----------------------------------------
x = 165.000000, y = 337.000000
avance = -45.000000, avanceR = 2.000000, avanceI = 2.000000
inc_x_r = 0.000000, inc_y_r = 1.000000, inc_x_i = 1.000000, inc_y_i = 1.000000
En el else......

----------------------------------------
x = 165.000000, y = 338.000000
avance = -43.000000, avanceR = 2.000000, avanceI = 2.000000
inc_x_r = 0.000000, inc_y_r = 1.000000, inc_x_i = 1.000000, inc_y_i = 1.000000
En el else......

----------------------------------------
x = 165.000000, y = 339.000000
avance = -41.000000, avanceR = 2.000000, avanceI = 2.000000
inc_x_r = 0.000000, inc_y_r = 1.000000, inc_x_i = 1.000000, inc_y_i = 1.000000
En el else......

----------------------------------------
x = 165.000000, y = 340.000000
avance = -39.000000, avanceR = 2.000000, avanceI = 2.000000
inc_x_r = 0.000000, inc_y_r = 1.000000, inc_x_i = 1.000000, inc_y_i = 1.000000
En el else......

----------------------------------------
x = 165.000000, y = 341.000000
avance = -37.000000, avanceR = 2.000000, avanceI = 2.000000
inc_x_r = 0.000000, inc_y_r = 1.000000, inc_x_i = 1.000000, inc_y_i = 1.000000
En el else......

----------------------------------------
x = 165.000000, y = 342.000000
avance = -35.000000, avanceR = 2.000000, avanceI = 2.000000
inc_x_r = 0.000000, inc_y_r = 1.000000, inc_x_i = 1.000000, inc_y_i = 1.000000
En el else......

----------------------------------------
x = 165.000000, y = 343.000000
avance = -33.000000, avanceR = 2.000000, avanceI = 2.000000
inc_x_r = 0.000000, inc_y_r = 1.000000, inc_x_i = 1.000000, inc_y_i = 1.000000
En el else......

----------------------------------------
x = 165.000000, y = 344.000000
avance = -31.000000, avanceR = 2.000000, avanceI = 2.000000
inc_x_r = 0.000000, inc_y_r = 1.000000, inc_x_i = 1.000000, inc_y_i = 1.000000
En el else......

----------------------------------------
x = 165.000000, y = 345.000000
avance = -29.000000, avanceR = 2.000000, avanceI = 2.000000
inc_x_r = 0.000000, inc_y_r = 1.000000, inc_x_i = 1.000000, inc_y_i = 1.000000
En el else......

----------------------------------------
x = 165.000000, y = 346.000000
avance = -27.000000, avanceR = 2.000000, avanceI = 2.000000
inc_x_r = 0.000000, inc_y_r = 1.000000, inc_x_i = 1.000000, inc_y_i = 1.000000
En el else......

----------------------------------------
x = 165.000000, y = 347.000000
avance = -25.000000, avanceR = 2.000000, avanceI = 2.000000
inc_x_r = 0.000000, inc_y_r = 1.000000, inc_x_i = 1.000000, inc_y_i = 1.000000
En el else......

----------------------------------------
x = 165.000000, y = 348.000000
avance = -23.000000, avanceR = 2.000000, avanceI = 2.000000
inc_x_r = 0.000000, inc_y_r = 1.000000, inc_x_i = 1.000000, inc_y_i = 1.000000
En el else......

----------------------------------------
x = 165.000000, y = 349.000000
avance = -21.000000, avanceR = 2.000000, avanceI = 2.000000
inc_x_r = 0.000000, inc_y_r = 1.000000, inc_x_i = 1.000000, inc_y_i = 1.000000
En el else......

----------------------------------------
x = 165.000000, y = 350.000000
avance = -19.000000, avanceR = 2.000000, avanceI = 2.000000
inc_x_r = 0.000000, inc_y_r = 1.000000, inc_x_i = 1.000000, inc_y_i = 1.000000
En el else......

----------------------------------------
x = 165.000000, y = 351.000000
avance = -17.000000, avanceR = 2.000000, avanceI = 2.000000
inc_x_r = 0.000000, inc_y_r = 1.000000, inc_x_i = 1.000000, inc_y_i = 1.000000
En el else......

----------------------------------------
x = 165.000000, y = 352.000000
avance = -15.000000, avanceR = 2.000000, avanceI = 2.000000
inc_x_r = 0.000000, inc_y_r = 1.000000, inc_x_i = 1.000000, inc_y_i = 1.000000
En el else......

----------------------------------------
x = 165.000000, y = 353.000000
avance = -13.000000, avanceR = 2.000000, avanceI = 2.000000
inc_x_r = 0.000000, inc_y_r = 1.000000, inc_x_i = 1.000000, inc_y_i = 1.000000
En el else......

----------------------------------------
x = 165.000000, y = 354.000000
avance = -11.000000, avanceR = 2.000000, avanceI = 2.000000
inc_x_r = 0.000000, inc_y_r = 1.000000, inc_x_i = 1.000000, inc_y_i = 1.000000
En el else......

----------------------------------------
x = 165.000000, y = 355.000000
avance = -9.000000, avanceR = 2.000000, avanceI = 2.000000
inc_x_r = 0.000000, inc_y_r = 1.000000, inc_x_i = 1.000000, inc_y_i = 1.000000
En el else......

----------------------------------------
x = 165.000000, y = 356.000000
avance = -7.000000, avanceR = 2.000000, avanceI = 2.000000
inc_x_r = 0.000000, inc_y_r = 1.000000, inc_x_i = 1.000000, inc_y_i = 1.000000
En el else......

----------------------------------------
x = 165.000000, y = 357.000000
avance = -5.000000, avanceR = 2.000000, avanceI = 2.000000
inc_x_r = 0.000000, inc_y_r = 1.000000, inc_x_i = 1.000000, inc_y_i = 1.000000
En el else......

----------------------------------------
x = 165.000000, y = 358.000000
avance = -3.000000, avanceR = 2.000000, avanceI = 2.000000
inc_x_r = 0.000000, inc_y_r = 1.000000, inc_x_i = 1.000000, inc_y_i = 1.000000
En el else......

----------------------------------------
x = 165.000000, y = 359.000000
avance = -1.000000, avanceR = 2.000000, avanceI = 2.000000
inc_x_r = 0.000000, inc_y_r = 1.000000, inc_x_i = 1.000000, inc_y_i = 1.000000
En el else......

----------------------------------------
x = 165.000000, y = 360.000000
avance = 1.000000, avanceR = 2.000000, avanceI = 2.000000
inc_x_r = 0.000000, inc_y_r = 1.000000, inc_x_i = 1.000000, inc_y_i = 1.000000
avance >= 0

----------------------------------------
x = 166.000000, y = 361.000000
avance = -499.000000, avanceR = 2.000000, avanceI = 2.000000
inc_x_r = 0.000000, inc_y_r = 1.000000, inc_x_i = 1.000000, inc_y_i = 1.000000
En el else......

----------------------------------------
x = 166.000000, y = 362.000000
avance = -497.000000, avanceR = 2.000000, avanceI = 2.000000
inc_x_r = 0.000000, inc_y_r = 1.000000, inc_x_i = 1.000000, inc_y_i = 1.000000
En el else......

----------------------------------------
x = 166.000000, y = 363.000000
avance = -495.000000, avanceR = 2.000000, avanceI = 2.000000
inc_x_r = 0.000000, inc_y_r = 1.000000, inc_x_i = 1.000000, inc_y_i = 1.000000
En el else......

----------------------------------------
x = 166.000000, y = 364.000000
avance = -493.000000, avanceR = 2.000000, avanceI = 2.000000
inc_x_r = 0.000000, inc_y_r = 1.000000, inc_x_i = 1.000000, inc_y_i = 1.000000
En el else......

----------------------------------------
x = 166.000000, y = 365.000000
avance = -491.000000, avanceR = 2.000000, avanceI = 2.000000
inc_x_r = 0.000000, inc_y_r = 1.000000, inc_x_i = 1.000000, inc_y_i = 1.000000
En el else......

----------------------------------------
x = 166.000000, y = 366.000000
avance = -489.000000, avanceR = 2.000000, avanceI = 2.000000
inc_x_r = 0.000000, inc_y_r = 1.000000, inc_x_i = 1.000000, inc_y_i = 1.000000
En el else......

----------------------------------------
x = 166.000000, y = 367.000000
avance = -487.000000, avanceR = 2.000000, avanceI = 2.000000
inc_x_r = 0.000000, inc_y_r = 1.000000, inc_x_i = 1.000000, inc_y_i = 1.000000
En el else......

----------------------------------------
x = 166.000000, y = 368.000000
avance = -485.000000, avanceR = 2.000000, avanceI = 2.000000
inc_x_r = 0.000000, inc_y_r = 1.000000, inc_x_i = 1.000000, inc_y_i = 1.000000
En el else......

----------------------------------------
x = 166.000000, y = 369.000000
avance = -483.000000, avanceR = 2.000000, avanceI = 2.000000
inc_x_r = 0.000000, inc_y_r = 1.000000, inc_x_i = 1.000000, inc_y_i = 1.000000
En el else......

----------------------------------------
x = 166.000000, y = 370.000000
avance = -481.000000, avanceR = 2.000000, avanceI = 2.000000
inc_x_r = 0.000000, inc_y_r = 1.000000, inc_x_i = 1.000000, inc_y_i = 1.000000
En el else......

----------------------------------------
x = 166.000000, y = 371.000000
avance = -479.000000, avanceR = 2.000000, avanceI = 2.000000
inc_x_r = 0.000000, inc_y_r = 1.000000, inc_x_i = 1.000000, inc_y_i = 1.000000
En el else......

----------------------------------------
x = 166.000000, y = 372.000000
avance = -477.000000, avanceR = 2.000000, avanceI = 2.000000
inc_x_r = 0.000000, inc_y_r = 1.000000, inc_x_i = 1.000000, inc_y_i = 1.000000
En el else......

----------------------------------------
x = 166.000000, y = 373.000000
avance = -475.000000, avanceR = 2.000000, avanceI = 2.000000
inc_x_r = 0.000000, inc_y_r = 1.000000, inc_x_i = 1.000000, inc_y_i = 1.000000
En el else......

----------------------------------------
x = 166.000000, y = 374.000000
avance = -473.000000, avanceR = 2.000000, avanceI = 2.000000
inc_x_r = 0.000000, inc_y_r = 1.000000, inc_x_i = 1.000000, inc_y_i = 1.000000
En el else......

----------------------------------------
x = 166.000000, y = 375.000000
avance = -471.000000, avanceR = 2.000000, avanceI = 2.000000
inc_x_r = 0.000000, inc_y_r = 1.000000, inc_x_i = 1.000000, inc_y_i = 1.000000
En el else......

----------------------------------------
x = 166.000000, y = 376.000000
avance = -469.000000, avanceR = 2.000000, avanceI = 2.000000
inc_x_r = 0.000000, inc_y_r = 1.000000, inc_x_i = 1.000000, inc_y_i = 1.000000
En el else......

----------------------------------------
x = 166.000000, y = 377.000000
avance = -467.000000, avanceR = 2.000000, avanceI = 2.000000
inc_x_r = 0.000000, inc_y_r = 1.000000, inc_x_i = 1.000000, inc_y_i = 1.000000
En el else......

----------------------------------------
x = 166.000000, y = 378.000000
avance = -465.000000, avanceR = 2.000000, avanceI = 2.000000
inc_x_r = 0.000000, inc_y_r = 1.000000, inc_x_i = 1.000000, inc_y_i = 1.000000
En el else......

----------------------------------------
x = 166.000000, y = 379.000000
avance = -463.000000, avanceR = 2.000000, avanceI = 2.000000
inc_x_r = 0.000000, inc_y_r = 1.000000, inc_x_i = 1.000000, inc_y_i = 1.000000
En el else......

----------------------------------------
x = 166.000000, y = 380.000000
avance = -461.000000, avanceR = 2.000000, avanceI = 2.000000
inc_x_r = 0.000000, inc_y_r = 1.000000, inc_x_i = 1.000000, inc_y_i = 1.000000
En el else......

----------------------------------------
x = 166.000000, y = 381.000000
avance = -459.000000, avanceR = 2.000000, avanceI = 2.000000
inc_x_r = 0.000000, inc_y_r = 1.000000, inc_x_i = 1.000000, inc_y_i = 1.000000
En el else......

----------------------------------------
x = 166.000000, y = 382.000000
avance = -457.000000, avanceR = 2.000000, avanceI = 2.000000
inc_x_r = 0.000000, inc_y_r = 1.000000, inc_x_i = 1.000000, inc_y_i = 1.000000
En el else......

----------------------------------------
x = 166.000000, y = 383.000000
avance = -455.000000, avanceR = 2.000000, avanceI = 2.000000
inc_x_r = 0.000000, inc_y_r = 1.000000, inc_x_i = 1.000000, inc_y_i = 1.000000
En el else......

----------------------------------------
x = 166.000000, y = 384.000000
avance = -453.000000, avanceR = 2.000000, avanceI = 2.000000
inc_x_r = 0.000000, inc_y_r = 1.000000, inc_x_i = 1.000000, inc_y_i = 1.000000
En el else......

----------------------------------------
x = 166.000000, y = 385.000000
avance = -451.000000, avanceR = 2.000000, avanceI = 2.000000
inc_x_r = 0.000000, inc_y_r = 1.000000, inc_x_i = 1.000000, inc_y_i = 1.000000
En el else......

----------------------------------------
x = 166.000000, y = 386.000000
avance = -449.000000, avanceR = 2.000000, avanceI = 2.000000
inc_x_r = 0.000000, inc_y_r = 1.000000, inc_x_i = 1.000000, inc_y_i = 1.000000
En el else......

----------------------------------------
x = 166.000000, y = 387.000000
avance = -447.000000, avanceR = 2.000000, avanceI = 2.000000
inc_x_r = 0.000000, inc_y_r = 1.000000, inc_x_i = 1.000000, inc_y_i = 1.000000
En el else......

----------------------------------------
x = 166.000000, y = 388.000000
avance = -445.000000, avanceR = 2.000000, avanceI = 2.000000
inc_x_r = 0.000000, inc_y_r = 1.000000, inc_x_i = 1.000000, inc_y_i = 1.000000
En el else......

----------------------------------------
x = 166.000000, y = 389.000000
avance = -443.000000, avanceR = 2.000000, avanceI = 2.000000
inc_x_r = 0.000000, inc_y_r = 1.000000, inc_x_i = 1.000000, inc_y_i = 1.000000
En el else......

----------------------------------------
x = 166.000000, y = 390.000000
avance = -441.000000, avanceR = 2.000000, avanceI = 2.000000
inc_x_r = 0.000000, inc_y_r = 1.000000, inc_x_i = 1.000000, inc_y_i = 1.000000
En el else......

----------------------------------------
x = 166.000000, y = 391.000000
avance = -439.000000, avanceR = 2.000000, avanceI = 2.000000
inc_x_r = 0.000000, inc_y_r = 1.000000, inc_x_i = 1.000000, inc_y_i = 1.000000
En el else......

----------------------------------------
x = 166.000000, y = 392.000000
avance = -437.000000, avanceR = 2.000000, avanceI = 2.000000
inc_x_r = 0.000000, inc_y_r = 1.000000, inc_x_i = 1.000000, inc_y_i = 1.000000
En el else......

----------------------------------------
x = 166.000000, y = 393.000000
avance = -435.000000, avanceR = 2.000000, avanceI = 2.000000
inc_x_r = 0.000000, inc_y_r = 1.000000, inc_x_i = 1.000000, inc_y_i = 1.000000
En el else......

----------------------------------------
x = 166.000000, y = 394.000000
avance = -433.000000, avanceR = 2.000000, avanceI = 2.000000
inc_x_r = 0.000000, inc_y_r = 1.000000, inc_x_i = 1.000000, inc_y_i = 1.000000
En el else......

----------------------------------------
x = 166.000000, y = 395.000000
avance = -431.000000, avanceR = 2.000000, avanceI = 2.000000
inc_x_r = 0.000000, inc_y_r = 1.000000, inc_x_i = 1.000000, inc_y_i = 1.000000
En el else......

----------------------------------------
x = 166.000000, y = 396.000000
avance = -429.000000, avanceR = 2.000000, avanceI = 2.000000
inc_x_r = 0.000000, inc_y_r = 1.000000, inc_x_i = 1.000000, inc_y_i = 1.000000
En el else......

----------------------------------------
x = 166.000000, y = 397.000000
avance = -427.000000, avanceR = 2.000000, avanceI = 2.000000
inc_x_r = 0.000000, inc_y_r = 1.000000, inc_x_i = 1.000000, inc_y_i = 1.000000
En el else......

----------------------------------------
x = 166.000000, y = 398.000000
avance = -425.000000, avanceR = 2.000000, avanceI = 2.000000
inc_x_r = 0.000000, inc_y_r = 1.000000, inc_x_i = 1.000000, inc_y_i = 1.000000
En el else......

----------------------------------------
x = 166.000000, y = 399.000000
avance = -423.000000, avanceR = 2.000000, avanceI = 2.000000
inc_x_r = 0.000000, inc_y_r = 1.000000, inc_x_i = 1.000000, inc_y_i = 1.000000
En el else......

----------------------------------------
hora de salir del bucle mi pana


ENTRAMOS A BRESENHAMªªªª
x1 = 155.000000 - y1 = 225.000000 || x2 = 156.000000 - y2 = 476.000000
dy = 251.000000, dx = 1.000000
avances inclinados: inc_x_i = 1.000000, inc_y_i = 1.000000
updated: dy = 251.000000, dx = 1.000000
avances rectos: inc_x_r = 0.000000, inc_y_r 1.000000
reupdated: dy = 1.000000, dx = 251.000000
avanceR = 2.000000, avance -249.000000, avanceI 2.000000
----------------------------------------
x = 155.000000, y = 225.000000
avance = -249.000000, avanceR = 2.000000, avanceI = 2.000000
inc_x_r = 0.000000, inc_y_r = 1.000000, inc_x_i = 1.000000, inc_y_i = 1.000000
En el else......

----------------------------------------
x = 155.000000, y = 226.000000
avance = -247.000000, avanceR = 2.000000, avanceI = 2.000000
inc_x_r = 0.000000, inc_y_r = 1.000000, inc_x_i = 1.000000, inc_y_i = 1.000000
En el else......

----------------------------------------
x = 155.000000, y = 227.000000
avance = -245.000000, avanceR = 2.000000, avanceI = 2.000000
inc_x_r = 0.000000, inc_y_r = 1.000000, inc_x_i = 1.000000, inc_y_i = 1.000000
En el else......

----------------------------------------
x = 155.000000, y = 228.000000
avance = -243.000000, avanceR = 2.000000, avanceI = 2.000000
inc_x_r = 0.000000, inc_y_r = 1.000000, inc_x_i = 1.000000, inc_y_i = 1.000000
En el else......

----------------------------------------
x = 155.000000, y = 229.000000
avance = -241.000000, avanceR = 2.000000, avanceI = 2.000000
inc_x_r = 0.000000, inc_y_r = 1.000000, inc_x_i = 1.000000, inc_y_i = 1.000000
En el else......

----------------------------------------
x = 155.000000, y = 230.000000
avance = -239.000000, avanceR = 2.000000, avanceI = 2.000000
inc_x_r = 0.000000, inc_y_r = 1.000000, inc_x_i = 1.000000, inc_y_i = 1.000000
En el else......

----------------------------------------
x = 155.000000, y = 231.000000
avance = -237.000000, avanceR = 2.000000, avanceI = 2.000000
inc_x_r = 0.000000, inc_y_r = 1.000000, inc_x_i = 1.000000, inc_y_i = 1.000000
En el else......

----------------------------------------
x = 155.000000, y = 232.000000
avance = -235.000000, avanceR = 2.000000, avanceI = 2.000000
inc_x_r = 0.000000, inc_y_r = 1.000000, inc_x_i = 1.000000, inc_y_i = 1.000000
En el else......

----------------------------------------
x = 155.000000, y = 233.000000
avance = -233.000000, avanceR = 2.000000, avanceI = 2.000000
inc_x_r = 0.000000, inc_y_r = 1.000000, inc_x_i = 1.000000, inc_y_i = 1.000000
En el else......

----------------------------------------
x = 155.000000, y = 234.000000
avance = -231.000000, avanceR = 2.000000, avanceI = 2.000000
inc_x_r = 0.000000, inc_y_r = 1.000000, inc_x_i = 1.000000, inc_y_i = 1.000000
En el else......

----------------------------------------
x = 155.000000, y = 235.000000
avance = -229.000000, avanceR = 2.000000, avanceI = 2.000000
inc_x_r = 0.000000, inc_y_r = 1.000000, inc_x_i = 1.000000, inc_y_i = 1.000000
En el else......

----------------------------------------
x = 155.000000, y = 236.000000
avance = -227.000000, avanceR = 2.000000, avanceI = 2.000000
inc_x_r = 0.000000, inc_y_r = 1.000000, inc_x_i = 1.000000, inc_y_i = 1.000000
En el else......

----------------------------------------
x = 155.000000, y = 237.000000
avance = -225.000000, avanceR = 2.000000, avanceI = 2.000000
inc_x_r = 0.000000, inc_y_r = 1.000000, inc_x_i = 1.000000, inc_y_i = 1.000000
En el else......

----------------------------------------
x = 155.000000, y = 238.000000
avance = -223.000000, avanceR = 2.000000, avanceI = 2.000000
inc_x_r = 0.000000, inc_y_r = 1.000000, inc_x_i = 1.000000, inc_y_i = 1.000000
En el else......

----------------------------------------
x = 155.000000, y = 239.000000
avance = -221.000000, avanceR = 2.000000, avanceI = 2.000000
inc_x_r = 0.000000, inc_y_r = 1.000000, inc_x_i = 1.000000, inc_y_i = 1.000000
En el else......

----------------------------------------
x = 155.000000, y = 240.000000
avance = -219.000000, avanceR = 2.000000, avanceI = 2.000000
inc_x_r = 0.000000, inc_y_r = 1.000000, inc_x_i = 1.000000, inc_y_i = 1.000000
En el else......

----------------------------------------
x = 155.000000, y = 241.000000
avance = -217.000000, avanceR = 2.000000, avanceI = 2.000000
inc_x_r = 0.000000, inc_y_r = 1.000000, inc_x_i = 1.000000, inc_y_i = 1.000000
En el else......

----------------------------------------
x = 155.000000, y = 242.000000
avance = -215.000000, avanceR = 2.000000, avanceI = 2.000000
inc_x_r = 0.000000, inc_y_r = 1.000000, inc_x_i = 1.000000, inc_y_i = 1.000000
En el else......

----------------------------------------
x = 155.000000, y = 243.000000
avance = -213.000000, avanceR = 2.000000, avanceI = 2.000000
inc_x_r = 0.000000, inc_y_r = 1.000000, inc_x_i = 1.000000, inc_y_i = 1.000000
En el else......

----------------------------------------
x = 155.000000, y = 244.000000
avance = -211.000000, avanceR = 2.000000, avanceI = 2.000000
inc_x_r = 0.000000, inc_y_r = 1.000000, inc_x_i = 1.000000, inc_y_i = 1.000000
En el else......

----------------------------------------
x = 155.000000, y = 245.000000
avance = -209.000000, avanceR = 2.000000, avanceI = 2.000000
inc_x_r = 0.000000, inc_y_r = 1.000000, inc_x_i = 1.000000, inc_y_i = 1.000000
En el else......

----------------------------------------
x = 155.000000, y = 246.000000
avance = -207.000000, avanceR = 2.000000, avanceI = 2.000000
inc_x_r = 0.000000, inc_y_r = 1.000000, inc_x_i = 1.000000, inc_y_i = 1.000000
En el else......

----------------------------------------
x = 155.000000, y = 247.000000
avance = -205.000000, avanceR = 2.000000, avanceI = 2.000000
inc_x_r = 0.000000, inc_y_r = 1.000000, inc_x_i = 1.000000, inc_y_i = 1.000000
En el else......

----------------------------------------
x = 155.000000, y = 248.000000
avance = -203.000000, avanceR = 2.000000, avanceI = 2.000000
inc_x_r = 0.000000, inc_y_r = 1.000000, inc_x_i = 1.000000, inc_y_i = 1.000000
En el else......

----------------------------------------
x = 155.000000, y = 249.000000
avance = -201.000000, avanceR = 2.000000, avanceI = 2.000000
inc_x_r = 0.000000, inc_y_r = 1.000000, inc_x_i = 1.000000, inc_y_i = 1.000000
En el else......

----------------------------------------
x = 155.000000, y = 250.000000
avance = -199.000000, avanceR = 2.000000, avanceI = 2.000000
inc_x_r = 0.000000, inc_y_r = 1.000000, inc_x_i = 1.000000, inc_y_i = 1.000000
En el else......

----------------------------------------
x = 155.000000, y = 251.000000
avance = -197.000000, avanceR = 2.000000, avanceI = 2.000000
inc_x_r = 0.000000, inc_y_r = 1.000000, inc_x_i = 1.000000, inc_y_i = 1.000000
En el else......

----------------------------------------
x = 155.000000, y = 252.000000
avance = -195.000000, avanceR = 2.000000, avanceI = 2.000000
inc_x_r = 0.000000, inc_y_r = 1.000000, inc_x_i = 1.000000, inc_y_i = 1.000000
En el else......

----------------------------------------
x = 155.000000, y = 253.000000
avance = -193.000000, avanceR = 2.000000, avanceI = 2.000000
inc_x_r = 0.000000, inc_y_r = 1.000000, inc_x_i = 1.000000, inc_y_i = 1.000000
En el else......

----------------------------------------
x = 155.000000, y = 254.000000
avance = -191.000000, avanceR = 2.000000, avanceI = 2.000000
inc_x_r = 0.000000, inc_y_r = 1.000000, inc_x_i = 1.000000, inc_y_i = 1.000000
En el else......

----------------------------------------
x = 155.000000, y = 255.000000
avance = -189.000000, avanceR = 2.000000, avanceI = 2.000000
inc_x_r = 0.000000, inc_y_r = 1.000000, inc_x_i = 1.000000, inc_y_i = 1.000000
En el else......

----------------------------------------
x = 155.000000, y = 256.000000
avance = -187.000000, avanceR = 2.000000, avanceI = 2.000000
inc_x_r = 0.000000, inc_y_r = 1.000000, inc_x_i = 1.000000, inc_y_i = 1.000000
En el else......

----------------------------------------
x = 155.000000, y = 257.000000
avance = -185.000000, avanceR = 2.000000, avanceI = 2.000000
inc_x_r = 0.000000, inc_y_r = 1.000000, inc_x_i = 1.000000, inc_y_i = 1.000000
En el else......

----------------------------------------
x = 155.000000, y = 258.000000
avance = -183.000000, avanceR = 2.000000, avanceI = 2.000000
inc_x_r = 0.000000, inc_y_r = 1.000000, inc_x_i = 1.000000, inc_y_i = 1.000000
En el else......

----------------------------------------
x = 155.000000, y = 259.000000
avance = -181.000000, avanceR = 2.000000, avanceI = 2.000000
inc_x_r = 0.000000, inc_y_r = 1.000000, inc_x_i = 1.000000, inc_y_i = 1.000000
En el else......

----------------------------------------
x = 155.000000, y = 260.000000
avance = -179.000000, avanceR = 2.000000, avanceI = 2.000000
inc_x_r = 0.000000, inc_y_r = 1.000000, inc_x_i = 1.000000, inc_y_i = 1.000000
En el else......

----------------------------------------
x = 155.000000, y = 261.000000
avance = -177.000000, avanceR = 2.000000, avanceI = 2.000000
inc_x_r = 0.000000, inc_y_r = 1.000000, inc_x_i = 1.000000, inc_y_i = 1.000000
En el else......

----------------------------------------
x = 155.000000, y = 262.000000
avance = -175.000000, avanceR = 2.000000, avanceI = 2.000000
inc_x_r = 0.000000, inc_y_r = 1.000000, inc_x_i = 1.000000, inc_y_i = 1.000000
En el else......

----------------------------------------
x = 155.000000, y = 263.000000
avance = -173.000000, avanceR = 2.000000, avanceI = 2.000000
inc_x_r = 0.000000, inc_y_r = 1.000000, inc_x_i = 1.000000, inc_y_i = 1.000000
En el else......

----------------------------------------
x = 155.000000, y = 264.000000
avance = -171.000000, avanceR = 2.000000, avanceI = 2.000000
inc_x_r = 0.000000, inc_y_r = 1.000000, inc_x_i = 1.000000, inc_y_i = 1.000000
En el else......

----------------------------------------
x = 155.000000, y = 265.000000
avance = -169.000000, avanceR = 2.000000, avanceI = 2.000000
inc_x_r = 0.000000, inc_y_r = 1.000000, inc_x_i = 1.000000, inc_y_i = 1.000000
En el else......

----------------------------------------
x = 155.000000, y = 266.000000
avance = -167.000000, avanceR = 2.000000, avanceI = 2.000000
inc_x_r = 0.000000, inc_y_r = 1.000000, inc_x_i = 1.000000, inc_y_i = 1.000000
En el else......

----------------------------------------
x = 155.000000, y = 267.000000
avance = -165.000000, avanceR = 2.000000, avanceI = 2.000000
inc_x_r = 0.000000, inc_y_r = 1.000000, inc_x_i = 1.000000, inc_y_i = 1.000000
En el else......

----------------------------------------
x = 155.000000, y = 268.000000
avance = -163.000000, avanceR = 2.000000, avanceI = 2.000000
inc_x_r = 0.000000, inc_y_r = 1.000000, inc_x_i = 1.000000, inc_y_i = 1.000000
En el else......

----------------------------------------
x = 155.000000, y = 269.000000
avance = -161.000000, avanceR = 2.000000, avanceI = 2.000000
inc_x_r = 0.000000, inc_y_r = 1.000000, inc_x_i = 1.000000, inc_y_i = 1.000000
En el else......

----------------------------------------
x = 155.000000, y = 270.000000
avance = -159.000000, avanceR = 2.000000, avanceI = 2.000000
inc_x_r = 0.000000, inc_y_r = 1.000000, inc_x_i = 1.000000, inc_y_i = 1.000000
En el else......

----------------------------------------
x = 155.000000, y = 271.000000
avance = -157.000000, avanceR = 2.000000, avanceI = 2.000000
inc_x_r = 0.000000, inc_y_r = 1.000000, inc_x_i = 1.000000, inc_y_i = 1.000000
En el else......

----------------------------------------
x = 155.000000, y = 272.000000
avance = -155.000000, avanceR = 2.000000, avanceI = 2.000000
inc_x_r = 0.000000, inc_y_r = 1.000000, inc_x_i = 1.000000, inc_y_i = 1.000000
En el else......

----------------------------------------
x = 155.000000, y = 273.000000
avance = -153.000000, avanceR = 2.000000, avanceI = 2.000000
inc_x_r = 0.000000, inc_y_r = 1.000000, inc_x_i = 1.000000, inc_y_i = 1.000000
En el else......

----------------------------------------
x = 155.000000, y = 274.000000
avance = -151.000000, avanceR = 2.000000, avanceI = 2.000000
inc_x_r = 0.000000, inc_y_r = 1.000000, inc_x_i = 1.000000, inc_y_i = 1.000000
En el else......

----------------------------------------
x = 155.000000, y = 275.000000
avance = -149.000000, avanceR = 2.000000, avanceI = 2.000000
inc_x_r = 0.000000, inc_y_r = 1.000000, inc_x_i = 1.000000, inc_y_i = 1.000000
En el else......

----------------------------------------
x = 155.000000, y = 276.000000
avance = -147.000000, avanceR = 2.000000, avanceI = 2.000000
inc_x_r = 0.000000, inc_y_r = 1.000000, inc_x_i = 1.000000, inc_y_i = 1.000000
En el else......

----------------------------------------
x = 155.000000, y = 277.000000
avance = -145.000000, avanceR = 2.000000, avanceI = 2.000000
inc_x_r = 0.000000, inc_y_r = 1.000000, inc_x_i = 1.000000, inc_y_i = 1.000000
En el else......

----------------------------------------
x = 155.000000, y = 278.000000
avance = -143.000000, avanceR = 2.000000, avanceI = 2.000000
inc_x_r = 0.000000, inc_y_r = 1.000000, inc_x_i = 1.000000, inc_y_i = 1.000000
En el else......

----------------------------------------
x = 155.000000, y = 279.000000
avance = -141.000000, avanceR = 2.000000, avanceI = 2.000000
inc_x_r = 0.000000, inc_y_r = 1.000000, inc_x_i = 1.000000, inc_y_i = 1.000000
En el else......

----------------------------------------
x = 155.000000, y = 280.000000
avance = -139.000000, avanceR = 2.000000, avanceI = 2.000000
inc_x_r = 0.000000, inc_y_r = 1.000000, inc_x_i = 1.000000, inc_y_i = 1.000000
En el else......

----------------------------------------
x = 155.000000, y = 281.000000
avance = -137.000000, avanceR = 2.000000, avanceI = 2.000000
inc_x_r = 0.000000, inc_y_r = 1.000000, inc_x_i = 1.000000, inc_y_i = 1.000000
En el else......

----------------------------------------
x = 155.000000, y = 282.000000
avance = -135.000000, avanceR = 2.000000, avanceI = 2.000000
inc_x_r = 0.000000, inc_y_r = 1.000000, inc_x_i = 1.000000, inc_y_i = 1.000000
En el else......

----------------------------------------
x = 155.000000, y = 283.000000
avance = -133.000000, avanceR = 2.000000, avanceI = 2.000000
inc_x_r = 0.000000, inc_y_r = 1.000000, inc_x_i = 1.000000, inc_y_i = 1.000000
En el else......

----------------------------------------
x = 155.000000, y = 284.000000
avance = -131.000000, avanceR = 2.000000, avanceI = 2.000000
inc_x_r = 0.000000, inc_y_r = 1.000000, inc_x_i = 1.000000, inc_y_i = 1.000000
En el else......

----------------------------------------
x = 155.000000, y = 285.000000
avance = -129.000000, avanceR = 2.000000, avanceI = 2.000000
inc_x_r = 0.000000, inc_y_r = 1.000000, inc_x_i = 1.000000, inc_y_i = 1.000000
En el else......

----------------------------------------
x = 155.000000, y = 286.000000
avance = -127.000000, avanceR = 2.000000, avanceI = 2.000000
inc_x_r = 0.000000, inc_y_r = 1.000000, inc_x_i = 1.000000, inc_y_i = 1.000000
En el else......

----------------------------------------
x = 155.000000, y = 287.000000
avance = -125.000000, avanceR = 2.000000, avanceI = 2.000000
inc_x_r = 0.000000, inc_y_r = 1.000000, inc_x_i = 1.000000, inc_y_i = 1.000000
En el else......

----------------------------------------
x = 155.000000, y = 288.000000
avance = -123.000000, avanceR = 2.000000, avanceI = 2.000000
inc_x_r = 0.000000, inc_y_r = 1.000000, inc_x_i = 1.000000, inc_y_i = 1.000000
En el else......

----------------------------------------
x = 155.000000, y = 289.000000
avance = -121.000000, avanceR = 2.000000, avanceI = 2.000000
inc_x_r = 0.000000, inc_y_r = 1.000000, inc_x_i = 1.000000, inc_y_i = 1.000000
En el else......

----------------------------------------
x = 155.000000, y = 290.000000
avance = -119.000000, avanceR = 2.000000, avanceI = 2.000000
inc_x_r = 0.000000, inc_y_r = 1.000000, inc_x_i = 1.000000, inc_y_i = 1.000000
En el else......

----------------------------------------
x = 155.000000, y = 291.000000
avance = -117.000000, avanceR = 2.000000, avanceI = 2.000000
inc_x_r = 0.000000, inc_y_r = 1.000000, inc_x_i = 1.000000, inc_y_i = 1.000000
En el else......

----------------------------------------
x = 155.000000, y = 292.000000
avance = -115.000000, avanceR = 2.000000, avanceI = 2.000000
inc_x_r = 0.000000, inc_y_r = 1.000000, inc_x_i = 1.000000, inc_y_i = 1.000000
En el else......

----------------------------------------
x = 155.000000, y = 293.000000
avance = -113.000000, avanceR = 2.000000, avanceI = 2.000000
inc_x_r = 0.000000, inc_y_r = 1.000000, inc_x_i = 1.000000, inc_y_i = 1.000000
En el else......

----------------------------------------
x = 155.000000, y = 294.000000
avance = -111.000000, avanceR = 2.000000, avanceI = 2.000000
inc_x_r = 0.000000, inc_y_r = 1.000000, inc_x_i = 1.000000, inc_y_i = 1.000000
En el else......

----------------------------------------
x = 155.000000, y = 295.000000
avance = -109.000000, avanceR = 2.000000, avanceI = 2.000000
inc_x_r = 0.000000, inc_y_r = 1.000000, inc_x_i = 1.000000, inc_y_i = 1.000000
En el else......

----------------------------------------
x = 155.000000, y = 296.000000
avance = -107.000000, avanceR = 2.000000, avanceI = 2.000000
inc_x_r = 0.000000, inc_y_r = 1.000000, inc_x_i = 1.000000, inc_y_i = 1.000000
En el else......

----------------------------------------
x = 155.000000, y = 297.000000
avance = -105.000000, avanceR = 2.000000, avanceI = 2.000000
inc_x_r = 0.000000, inc_y_r = 1.000000, inc_x_i = 1.000000, inc_y_i = 1.000000
En el else......

----------------------------------------
x = 155.000000, y = 298.000000
avance = -103.000000, avanceR = 2.000000, avanceI = 2.000000
inc_x_r = 0.000000, inc_y_r = 1.000000, inc_x_i = 1.000000, inc_y_i = 1.000000
En el else......

----------------------------------------
x = 155.000000, y = 299.000000
avance = -101.000000, avanceR = 2.000000, avanceI = 2.000000
inc_x_r = 0.000000, inc_y_r = 1.000000, inc_x_i = 1.000000, inc_y_i = 1.000000
En el else......

----------------------------------------
x = 155.000000, y = 300.000000
avance = -99.000000, avanceR = 2.000000, avanceI = 2.000000
inc_x_r = 0.000000, inc_y_r = 1.000000, inc_x_i = 1.000000, inc_y_i = 1.000000
En el else......

----------------------------------------
x = 155.000000, y = 301.000000
avance = -97.000000, avanceR = 2.000000, avanceI = 2.000000
inc_x_r = 0.000000, inc_y_r = 1.000000, inc_x_i = 1.000000, inc_y_i = 1.000000
En el else......

----------------------------------------
x = 155.000000, y = 302.000000
avance = -95.000000, avanceR = 2.000000, avanceI = 2.000000
inc_x_r = 0.000000, inc_y_r = 1.000000, inc_x_i = 1.000000, inc_y_i = 1.000000
En el else......

----------------------------------------
x = 155.000000, y = 303.000000
avance = -93.000000, avanceR = 2.000000, avanceI = 2.000000
inc_x_r = 0.000000, inc_y_r = 1.000000, inc_x_i = 1.000000, inc_y_i = 1.000000
En el else......

----------------------------------------
x = 155.000000, y = 304.000000
avance = -91.000000, avanceR = 2.000000, avanceI = 2.000000
inc_x_r = 0.000000, inc_y_r = 1.000000, inc_x_i = 1.000000, inc_y_i = 1.000000
En el else......

----------------------------------------
x = 155.000000, y = 305.000000
avance = -89.000000, avanceR = 2.000000, avanceI = 2.000000
inc_x_r = 0.000000, inc_y_r = 1.000000, inc_x_i = 1.000000, inc_y_i = 1.000000
En el else......

----------------------------------------
x = 155.000000, y = 306.000000
avance = -87.000000, avanceR = 2.000000, avanceI = 2.000000
inc_x_r = 0.000000, inc_y_r = 1.000000, inc_x_i = 1.000000, inc_y_i = 1.000000
En el else......

----------------------------------------
x = 155.000000, y = 307.000000
avance = -85.000000, avanceR = 2.000000, avanceI = 2.000000
inc_x_r = 0.000000, inc_y_r = 1.000000, inc_x_i = 1.000000, inc_y_i = 1.000000
En el else......

----------------------------------------
x = 155.000000, y = 308.000000
avance = -83.000000, avanceR = 2.000000, avanceI = 2.000000
inc_x_r = 0.000000, inc_y_r = 1.000000, inc_x_i = 1.000000, inc_y_i = 1.000000
En el else......

----------------------------------------
x = 155.000000, y = 309.000000
avance = -81.000000, avanceR = 2.000000, avanceI = 2.000000
inc_x_r = 0.000000, inc_y_r = 1.000000, inc_x_i = 1.000000, inc_y_i = 1.000000
En el else......

----------------------------------------
x = 155.000000, y = 310.000000
avance = -79.000000, avanceR = 2.000000, avanceI = 2.000000
inc_x_r = 0.000000, inc_y_r = 1.000000, inc_x_i = 1.000000, inc_y_i = 1.000000
En el else......

----------------------------------------
x = 155.000000, y = 311.000000
avance = -77.000000, avanceR = 2.000000, avanceI = 2.000000
inc_x_r = 0.000000, inc_y_r = 1.000000, inc_x_i = 1.000000, inc_y_i = 1.000000
En el else......

----------------------------------------
x = 155.000000, y = 312.000000
avance = -75.000000, avanceR = 2.000000, avanceI = 2.000000
inc_x_r = 0.000000, inc_y_r = 1.000000, inc_x_i = 1.000000, inc_y_i = 1.000000
En el else......

----------------------------------------
x = 155.000000, y = 313.000000
avance = -73.000000, avanceR = 2.000000, avanceI = 2.000000
inc_x_r = 0.000000, inc_y_r = 1.000000, inc_x_i = 1.000000, inc_y_i = 1.000000
En el else......

----------------------------------------
x = 155.000000, y = 314.000000
avance = -71.000000, avanceR = 2.000000, avanceI = 2.000000
inc_x_r = 0.000000, inc_y_r = 1.000000, inc_x_i = 1.000000, inc_y_i = 1.000000
En el else......

----------------------------------------
x = 155.000000, y = 315.000000
avance = -69.000000, avanceR = 2.000000, avanceI = 2.000000
inc_x_r = 0.000000, inc_y_r = 1.000000, inc_x_i = 1.000000, inc_y_i = 1.000000
En el else......

----------------------------------------
x = 155.000000, y = 316.000000
avance = -67.000000, avanceR = 2.000000, avanceI = 2.000000
inc_x_r = 0.000000, inc_y_r = 1.000000, inc_x_i = 1.000000, inc_y_i = 1.000000
En el else......

----------------------------------------
x = 155.000000, y = 317.000000
avance = -65.000000, avanceR = 2.000000, avanceI = 2.000000
inc_x_r = 0.000000, inc_y_r = 1.000000, inc_x_i = 1.000000, inc_y_i = 1.000000
En el else......

----------------------------------------
x = 155.000000, y = 318.000000
avance = -63.000000, avanceR = 2.000000, avanceI = 2.000000
inc_x_r = 0.000000, inc_y_r = 1.000000, inc_x_i = 1.000000, inc_y_i = 1.000000
En el else......

----------------------------------------
x = 155.000000, y = 319.000000
avance = -61.000000, avanceR = 2.000000, avanceI = 2.000000
inc_x_r = 0.000000, inc_y_r = 1.000000, inc_x_i = 1.000000, inc_y_i = 1.000000
En el else......

----------------------------------------
x = 155.000000, y = 320.000000
avance = -59.000000, avanceR = 2.000000, avanceI = 2.000000
inc_x_r = 0.000000, inc_y_r = 1.000000, inc_x_i = 1.000000, inc_y_i = 1.000000
En el else......

----------------------------------------
x = 155.000000, y = 321.000000
avance = -57.000000, avanceR = 2.000000, avanceI = 2.000000
inc_x_r = 0.000000, inc_y_r = 1.000000, inc_x_i = 1.000000, inc_y_i = 1.000000
En el else......

----------------------------------------
x = 155.000000, y = 322.000000
avance = -55.000000, avanceR = 2.000000, avanceI = 2.000000
inc_x_r = 0.000000, inc_y_r = 1.000000, inc_x_i = 1.000000, inc_y_i = 1.000000
En el else......

----------------------------------------
x = 155.000000, y = 323.000000
avance = -53.000000, avanceR = 2.000000, avanceI = 2.000000
inc_x_r = 0.000000, inc_y_r = 1.000000, inc_x_i = 1.000000, inc_y_i = 1.000000
En el else......

----------------------------------------
x = 155.000000, y = 324.000000
avance = -51.000000, avanceR = 2.000000, avanceI = 2.000000
inc_x_r = 0.000000, inc_y_r = 1.000000, inc_x_i = 1.000000, inc_y_i = 1.000000
En el else......

----------------------------------------
x = 155.000000, y = 325.000000
avance = -49.000000, avanceR = 2.000000, avanceI = 2.000000
inc_x_r = 0.000000, inc_y_r = 1.000000, inc_x_i = 1.000000, inc_y_i = 1.000000
En el else......

----------------------------------------
x = 155.000000, y = 326.000000
avance = -47.000000, avanceR = 2.000000, avanceI = 2.000000
inc_x_r = 0.000000, inc_y_r = 1.000000, inc_x_i = 1.000000, inc_y_i = 1.000000
En el else......

----------------------------------------
x = 155.000000, y = 327.000000
avance = -45.000000, avanceR = 2.000000, avanceI = 2.000000
inc_x_r = 0.000000, inc_y_r = 1.000000, inc_x_i = 1.000000, inc_y_i = 1.000000
En el else......

----------------------------------------
x = 155.000000, y = 328.000000
avance = -43.000000, avanceR = 2.000000, avanceI = 2.000000
inc_x_r = 0.000000, inc_y_r = 1.000000, inc_x_i = 1.000000, inc_y_i = 1.000000
En el else......

----------------------------------------
x = 155.000000, y = 329.000000
avance = -41.000000, avanceR = 2.000000, avanceI = 2.000000
inc_x_r = 0.000000, inc_y_r = 1.000000, inc_x_i = 1.000000, inc_y_i = 1.000000
En el else......

----------------------------------------
x = 155.000000, y = 330.000000
avance = -39.000000, avanceR = 2.000000, avanceI = 2.000000
inc_x_r = 0.000000, inc_y_r = 1.000000, inc_x_i = 1.000000, inc_y_i = 1.000000
En el else......

----------------------------------------
x = 155.000000, y = 331.000000
avance = -37.000000, avanceR = 2.000000, avanceI = 2.000000
inc_x_r = 0.000000, inc_y_r = 1.000000, inc_x_i = 1.000000, inc_y_i = 1.000000
En el else......

----------------------------------------
x = 155.000000, y = 332.000000
avance = -35.000000, avanceR = 2.000000, avanceI = 2.000000
inc_x_r = 0.000000, inc_y_r = 1.000000, inc_x_i = 1.000000, inc_y_i = 1.000000
En el else......

----------------------------------------
x = 155.000000, y = 333.000000
avance = -33.000000, avanceR = 2.000000, avanceI = 2.000000
inc_x_r = 0.000000, inc_y_r = 1.000000, inc_x_i = 1.000000, inc_y_i = 1.000000
En el else......

----------------------------------------
x = 155.000000, y = 334.000000
avance = -31.000000, avanceR = 2.000000, avanceI = 2.000000
inc_x_r = 0.000000, inc_y_r = 1.000000, inc_x_i = 1.000000, inc_y_i = 1.000000
En el else......

----------------------------------------
x = 155.000000, y = 335.000000
avance = -29.000000, avanceR = 2.000000, avanceI = 2.000000
inc_x_r = 0.000000, inc_y_r = 1.000000, inc_x_i = 1.000000, inc_y_i = 1.000000
En el else......

----------------------------------------
x = 155.000000, y = 336.000000
avance = -27.000000, avanceR = 2.000000, avanceI = 2.000000
inc_x_r = 0.000000, inc_y_r = 1.000000, inc_x_i = 1.000000, inc_y_i = 1.000000
En el else......

----------------------------------------
x = 155.000000, y = 337.000000
avance = -25.000000, avanceR = 2.000000, avanceI = 2.000000
inc_x_r = 0.000000, inc_y_r = 1.000000, inc_x_i = 1.000000, inc_y_i = 1.000000
En el else......

----------------------------------------
x = 155.000000, y = 338.000000
avance = -23.000000, avanceR = 2.000000, avanceI = 2.000000
inc_x_r = 0.000000, inc_y_r = 1.000000, inc_x_i = 1.000000, inc_y_i = 1.000000
En el else......

----------------------------------------
x = 155.000000, y = 339.000000
avance = -21.000000, avanceR = 2.000000, avanceI = 2.000000
inc_x_r = 0.000000, inc_y_r = 1.000000, inc_x_i = 1.000000, inc_y_i = 1.000000
En el else......

----------------------------------------
x = 155.000000, y = 340.000000
avance = -19.000000, avanceR = 2.000000, avanceI = 2.000000
inc_x_r = 0.000000, inc_y_r = 1.000000, inc_x_i = 1.000000, inc_y_i = 1.000000
En el else......

----------------------------------------
x = 155.000000, y = 341.000000
avance = -17.000000, avanceR = 2.000000, avanceI = 2.000000
inc_x_r = 0.000000, inc_y_r = 1.000000, inc_x_i = 1.000000, inc_y_i = 1.000000
En el else......

----------------------------------------
x = 155.000000, y = 342.000000
avance = -15.000000, avanceR = 2.000000, avanceI = 2.000000
inc_x_r = 0.000000, inc_y_r = 1.000000, inc_x_i = 1.000000, inc_y_i = 1.000000
En el else......

----------------------------------------
x = 155.000000, y = 343.000000
avance = -13.000000, avanceR = 2.000000, avanceI = 2.000000
inc_x_r = 0.000000, inc_y_r = 1.000000, inc_x_i = 1.000000, inc_y_i = 1.000000
En el else......

----------------------------------------
x = 155.000000, y = 344.000000
avance = -11.000000, avanceR = 2.000000, avanceI = 2.000000
inc_x_r = 0.000000, inc_y_r = 1.000000, inc_x_i = 1.000000, inc_y_i = 1.000000
En el else......

----------------------------------------
x = 155.000000, y = 345.000000
avance = -9.000000, avanceR = 2.000000, avanceI = 2.000000
inc_x_r = 0.000000, inc_y_r = 1.000000, inc_x_i = 1.000000, inc_y_i = 1.000000
En el else......

----------------------------------------
x = 155.000000, y = 346.000000
avance = -7.000000, avanceR = 2.000000, avanceI = 2.000000
inc_x_r = 0.000000, inc_y_r = 1.000000, inc_x_i = 1.000000, inc_y_i = 1.000000
En el else......

----------------------------------------
x = 155.000000, y = 347.000000
avance = -5.000000, avanceR = 2.000000, avanceI = 2.000000
inc_x_r = 0.000000, inc_y_r = 1.000000, inc_x_i = 1.000000, inc_y_i = 1.000000
En el else......

----------------------------------------
x = 155.000000, y = 348.000000
avance = -3.000000, avanceR = 2.000000, avanceI = 2.000000
inc_x_r = 0.000000, inc_y_r = 1.000000, inc_x_i = 1.000000, inc_y_i = 1.000000
En el else......

----------------------------------------
x = 155.000000, y = 349.000000
avance = -1.000000, avanceR = 2.000000, avanceI = 2.000000
inc_x_r = 0.000000, inc_y_r = 1.000000, inc_x_i = 1.000000, inc_y_i = 1.000000
En el else......

----------------------------------------
x = 155.000000, y = 350.000000
avance = 1.000000, avanceR = 2.000000, avanceI = 2.000000
inc_x_r = 0.000000, inc_y_r = 1.000000, inc_x_i = 1.000000, inc_y_i = 1.000000
avance >= 0

----------------------------------------
x = 156.000000, y = 351.000000
avance = -499.000000, avanceR = 2.000000, avanceI = 2.000000
inc_x_r = 0.000000, inc_y_r = 1.000000, inc_x_i = 1.000000, inc_y_i = 1.000000
En el else......

----------------------------------------
x = 156.000000, y = 352.000000
avance = -497.000000, avanceR = 2.000000, avanceI = 2.000000
inc_x_r = 0.000000, inc_y_r = 1.000000, inc_x_i = 1.000000, inc_y_i = 1.000000
En el else......

----------------------------------------
x = 156.000000, y = 353.000000
avance = -495.000000, avanceR = 2.000000, avanceI = 2.000000
inc_x_r = 0.000000, inc_y_r = 1.000000, inc_x_i = 1.000000, inc_y_i = 1.000000
En el else......

----------------------------------------
x = 156.000000, y = 354.000000
avance = -493.000000, avanceR = 2.000000, avanceI = 2.000000
inc_x_r = 0.000000, inc_y_r = 1.000000, inc_x_i = 1.000000, inc_y_i = 1.000000
En el else......

----------------------------------------
x = 156.000000, y = 355.000000
avance = -491.000000, avanceR = 2.000000, avanceI = 2.000000
inc_x_r = 0.000000, inc_y_r = 1.000000, inc_x_i = 1.000000, inc_y_i = 1.000000
En el else......

----------------------------------------
x = 156.000000, y = 356.000000
avance = -489.000000, avanceR = 2.000000, avanceI = 2.000000
inc_x_r = 0.000000, inc_y_r = 1.000000, inc_x_i = 1.000000, inc_y_i = 1.000000
En el else......

----------------------------------------
x = 156.000000, y = 357.000000
avance = -487.000000, avanceR = 2.000000, avanceI = 2.000000
inc_x_r = 0.000000, inc_y_r = 1.000000, inc_x_i = 1.000000, inc_y_i = 1.000000
En el else......

----------------------------------------
x = 156.000000, y = 358.000000
avance = -485.000000, avanceR = 2.000000, avanceI = 2.000000
inc_x_r = 0.000000, inc_y_r = 1.000000, inc_x_i = 1.000000, inc_y_i = 1.000000
En el else......

----------------------------------------
x = 156.000000, y = 359.000000
avance = -483.000000, avanceR = 2.000000, avanceI = 2.000000
inc_x_r = 0.000000, inc_y_r = 1.000000, inc_x_i = 1.000000, inc_y_i = 1.000000
En el else......

----------------------------------------
x = 156.000000, y = 360.000000
avance = -481.000000, avanceR = 2.000000, avanceI = 2.000000
inc_x_r = 0.000000, inc_y_r = 1.000000, inc_x_i = 1.000000, inc_y_i = 1.000000
En el else......

----------------------------------------
x = 156.000000, y = 361.000000
avance = -479.000000, avanceR = 2.000000, avanceI = 2.000000
inc_x_r = 0.000000, inc_y_r = 1.000000, inc_x_i = 1.000000, inc_y_i = 1.000000
En el else......

----------------------------------------
x = 156.000000, y = 362.000000
avance = -477.000000, avanceR = 2.000000, avanceI = 2.000000
inc_x_r = 0.000000, inc_y_r = 1.000000, inc_x_i = 1.000000, inc_y_i = 1.000000
En el else......

----------------------------------------
x = 156.000000, y = 363.000000
avance = -475.000000, avanceR = 2.000000, avanceI = 2.000000
inc_x_r = 0.000000, inc_y_r = 1.000000, inc_x_i = 1.000000, inc_y_i = 1.000000
En el else......

----------------------------------------
x = 156.000000, y = 364.000000
avance = -473.000000, avanceR = 2.000000, avanceI = 2.000000
inc_x_r = 0.000000, inc_y_r = 1.000000, inc_x_i = 1.000000, inc_y_i = 1.000000
En el else......

----------------------------------------
x = 156.000000, y = 365.000000
avance = -471.000000, avanceR = 2.000000, avanceI = 2.000000
inc_x_r = 0.000000, inc_y_r = 1.000000, inc_x_i = 1.000000, inc_y_i = 1.000000
En el else......

----------------------------------------
x = 156.000000, y = 366.000000
avance = -469.000000, avanceR = 2.000000, avanceI = 2.000000
inc_x_r = 0.000000, inc_y_r = 1.000000, inc_x_i = 1.000000, inc_y_i = 1.000000
En el else......

----------------------------------------
x = 156.000000, y = 367.000000
avance = -467.000000, avanceR = 2.000000, avanceI = 2.000000
inc_x_r = 0.000000, inc_y_r = 1.000000, inc_x_i = 1.000000, inc_y_i = 1.000000
En el else......

----------------------------------------
x = 156.000000, y = 368.000000
avance = -465.000000, avanceR = 2.000000, avanceI = 2.000000
inc_x_r = 0.000000, inc_y_r = 1.000000, inc_x_i = 1.000000, inc_y_i = 1.000000
En el else......

----------------------------------------
x = 156.000000, y = 369.000000
avance = -463.000000, avanceR = 2.000000, avanceI = 2.000000
inc_x_r = 0.000000, inc_y_r = 1.000000, inc_x_i = 1.000000, inc_y_i = 1.000000
En el else......

----------------------------------------
x = 156.000000, y = 370.000000
avance = -461.000000, avanceR = 2.000000, avanceI = 2.000000
inc_x_r = 0.000000, inc_y_r = 1.000000, inc_x_i = 1.000000, inc_y_i = 1.000000
En el else......

----------------------------------------
x = 156.000000, y = 371.000000
avance = -459.000000, avanceR = 2.000000, avanceI = 2.000000
inc_x_r = 0.000000, inc_y_r = 1.000000, inc_x_i = 1.000000, inc_y_i = 1.000000
En el else......

----------------------------------------
x = 156.000000, y = 372.000000
avance = -457.000000, avanceR = 2.000000, avanceI = 2.000000
inc_x_r = 0.000000, inc_y_r = 1.000000, inc_x_i = 1.000000, inc_y_i = 1.000000
En el else......

----------------------------------------
x = 156.000000, y = 373.000000
avance = -455.000000, avanceR = 2.000000, avanceI = 2.000000
inc_x_r = 0.000000, inc_y_r = 1.000000, inc_x_i = 1.000000, inc_y_i = 1.000000
En el else......

----------------------------------------
x = 156.000000, y = 374.000000
avance = -453.000000, avanceR = 2.000000, avanceI = 2.000000
inc_x_r = 0.000000, inc_y_r = 1.000000, inc_x_i = 1.000000, inc_y_i = 1.000000
En el else......

----------------------------------------
x = 156.000000, y = 375.000000
avance = -451.000000, avanceR = 2.000000, avanceI = 2.000000
inc_x_r = 0.000000, inc_y_r = 1.000000, inc_x_i = 1.000000, inc_y_i = 1.000000
En el else......

----------------------------------------
x = 156.000000, y = 376.000000
avance = -449.000000, avanceR = 2.000000, avanceI = 2.000000
inc_x_r = 0.000000, inc_y_r = 1.000000, inc_x_i = 1.000000, inc_y_i = 1.000000
En el else......

----------------------------------------
x = 156.000000, y = 377.000000
avance = -447.000000, avanceR = 2.000000, avanceI = 2.000000
inc_x_r = 0.000000, inc_y_r = 1.000000, inc_x_i = 1.000000, inc_y_i = 1.000000
En el else......

----------------------------------------
x = 156.000000, y = 378.000000
avance = -445.000000, avanceR = 2.000000, avanceI = 2.000000
inc_x_r = 0.000000, inc_y_r = 1.000000, inc_x_i = 1.000000, inc_y_i = 1.000000
En el else......

----------------------------------------
x = 156.000000, y = 379.000000
avance = -443.000000, avanceR = 2.000000, avanceI = 2.000000
inc_x_r = 0.000000, inc_y_r = 1.000000, inc_x_i = 1.000000, inc_y_i = 1.000000
En el else......

----------------------------------------
x = 156.000000, y = 380.000000
avance = -441.000000, avanceR = 2.000000, avanceI = 2.000000
inc_x_r = 0.000000, inc_y_r = 1.000000, inc_x_i = 1.000000, inc_y_i = 1.000000
En el else......

----------------------------------------
x = 156.000000, y = 381.000000
avance = -439.000000, avanceR = 2.000000, avanceI = 2.000000
inc_x_r = 0.000000, inc_y_r = 1.000000, inc_x_i = 1.000000, inc_y_i = 1.000000
En el else......

----------------------------------------
x = 156.000000, y = 382.000000
avance = -437.000000, avanceR = 2.000000, avanceI = 2.000000
inc_x_r = 0.000000, inc_y_r = 1.000000, inc_x_i = 1.000000, inc_y_i = 1.000000
En el else......

----------------------------------------
x = 156.000000, y = 383.000000
avance = -435.000000, avanceR = 2.000000, avanceI = 2.000000
inc_x_r = 0.000000, inc_y_r = 1.000000, inc_x_i = 1.000000, inc_y_i = 1.000000
En el else......

----------------------------------------
x = 156.000000, y = 384.000000
avance = -433.000000, avanceR = 2.000000, avanceI = 2.000000
inc_x_r = 0.000000, inc_y_r = 1.000000, inc_x_i = 1.000000, inc_y_i = 1.000000
En el else......

----------------------------------------
x = 156.000000, y = 385.000000
avance = -431.000000, avanceR = 2.000000, avanceI = 2.000000
inc_x_r = 0.000000, inc_y_r = 1.000000, inc_x_i = 1.000000, inc_y_i = 1.000000
En el else......

----------------------------------------
x = 156.000000, y = 386.000000
avance = -429.000000, avanceR = 2.000000, avanceI = 2.000000
inc_x_r = 0.000000, inc_y_r = 1.000000, inc_x_i = 1.000000, inc_y_i = 1.000000
En el else......

----------------------------------------
x = 156.000000, y = 387.000000
avance = -427.000000, avanceR = 2.000000, avanceI = 2.000000
inc_x_r = 0.000000, inc_y_r = 1.000000, inc_x_i = 1.000000, inc_y_i = 1.000000
En el else......

----------------------------------------
x = 156.000000, y = 388.000000
avance = -425.000000, avanceR = 2.000000, avanceI = 2.000000
inc_x_r = 0.000000, inc_y_r = 1.000000, inc_x_i = 1.000000, inc_y_i = 1.000000
En el else......

----------------------------------------
x = 156.000000, y = 389.000000
avance = -423.000000, avanceR = 2.000000, avanceI = 2.000000
inc_x_r = 0.000000, inc_y_r = 1.000000, inc_x_i = 1.000000, inc_y_i = 1.000000
En el else......

----------------------------------------
x = 156.000000, y = 390.000000
avance = -421.000000, avanceR = 2.000000, avanceI = 2.000000
inc_x_r = 0.000000, inc_y_r = 1.000000, inc_x_i = 1.000000, inc_y_i = 1.000000
En el else......

----------------------------------------
x = 156.000000, y = 391.000000
avance = -419.000000, avanceR = 2.000000, avanceI = 2.000000
inc_x_r = 0.000000, inc_y_r = 1.000000, inc_x_i = 1.000000, inc_y_i = 1.000000
En el else......

----------------------------------------
x = 156.000000, y = 392.000000
avance = -417.000000, avanceR = 2.000000, avanceI = 2.000000
inc_x_r = 0.000000, inc_y_r = 1.000000, inc_x_i = 1.000000, inc_y_i = 1.000000
En el else......

----------------------------------------
x = 156.000000, y = 393.000000
avance = -415.000000, avanceR = 2.000000, avanceI = 2.000000
inc_x_r = 0.000000, inc_y_r = 1.000000, inc_x_i = 1.000000, inc_y_i = 1.000000
En el else......

----------------------------------------
x = 156.000000, y = 394.000000
avance = -413.000000, avanceR = 2.000000, avanceI = 2.000000
inc_x_r = 0.000000, inc_y_r = 1.000000, inc_x_i = 1.000000, inc_y_i = 1.000000
En el else......

----------------------------------------
x = 156.000000, y = 395.000000
avance = -411.000000, avanceR = 2.000000, avanceI = 2.000000
inc_x_r = 0.000000, inc_y_r = 1.000000, inc_x_i = 1.000000, inc_y_i = 1.000000
En el else......

----------------------------------------
x = 156.000000, y = 396.000000
avance = -409.000000, avanceR = 2.000000, avanceI = 2.000000
inc_x_r = 0.000000, inc_y_r = 1.000000, inc_x_i = 1.000000, inc_y_i = 1.000000
En el else......

----------------------------------------
x = 156.000000, y = 397.000000
avance = -407.000000, avanceR = 2.000000, avanceI = 2.000000
inc_x_r = 0.000000, inc_y_r = 1.000000, inc_x_i = 1.000000, inc_y_i = 1.000000
En el else......

----------------------------------------
x = 156.000000, y = 398.000000
avance = -405.000000, avanceR = 2.000000, avanceI = 2.000000
inc_x_r = 0.000000, inc_y_r = 1.000000, inc_x_i = 1.000000, inc_y_i = 1.000000
En el else......

----------------------------------------
x = 156.000000, y = 399.000000
avance = -403.000000, avanceR = 2.000000, avanceI = 2.000000
inc_x_r = 0.000000, inc_y_r = 1.000000, inc_x_i = 1.000000, inc_y_i = 1.000000
En el else......

----------------------------------------
hora de salir del bucle mi pana


ENTRAMOS A BRESENHAMªªªª
x1 = 145.000000 - y1 = 215.000000 || x2 = 146.000000 - y2 = 466.000000
dy = 251.000000, dx = 1.000000
avances inclinados: inc_x_i = 1.000000, inc_y_i = 1.000000
updated: dy = 251.000000, dx = 1.000000
avances rectos: inc_x_r = 0.000000, inc_y_r 1.000000
reupdated: dy = 1.000000, dx = 251.000000
avanceR = 2.000000, avance -249.000000, avanceI 2.000000
----------------------------------------
x = 145.000000, y = 215.000000
avance = -249.000000, avanceR = 2.000000, avanceI = 2.000000
inc_x_r = 0.000000, inc_y_r = 1.000000, inc_x_i = 1.000000, inc_y_i = 1.000000
En el else......

----------------------------------------
x = 145.000000, y = 216.000000
avance = -247.000000, avanceR = 2.000000, avanceI = 2.000000
inc_x_r = 0.000000, inc_y_r = 1.000000, inc_x_i = 1.000000, inc_y_i = 1.000000
En el else......

----------------------------------------
x = 145.000000, y = 217.000000
avance = -245.000000, avanceR = 2.000000, avanceI = 2.000000
inc_x_r = 0.000000, inc_y_r = 1.000000, inc_x_i = 1.000000, inc_y_i = 1.000000
En el else......

----------------------------------------
x = 145.000000, y = 218.000000
avance = -243.000000, avanceR = 2.000000, avanceI = 2.000000
inc_x_r = 0.000000, inc_y_r = 1.000000, inc_x_i = 1.000000, inc_y_i = 1.000000
En el else......

----------------------------------------
x = 145.000000, y = 219.000000
avance = -241.000000, avanceR = 2.000000, avanceI = 2.000000
inc_x_r = 0.000000, inc_y_r = 1.000000, inc_x_i = 1.000000, inc_y_i = 1.000000
En el else......

----------------------------------------
x = 145.000000, y = 220.000000
avance = -239.000000, avanceR = 2.000000, avanceI = 2.000000
inc_x_r = 0.000000, inc_y_r = 1.000000, inc_x_i = 1.000000, inc_y_i = 1.000000
En el else......

----------------------------------------
x = 145.000000, y = 221.000000
avance = -237.000000, avanceR = 2.000000, avanceI = 2.000000
inc_x_r = 0.000000, inc_y_r = 1.000000, inc_x_i = 1.000000, inc_y_i = 1.000000
En el else......

----------------------------------------
x = 145.000000, y = 222.000000
avance = -235.000000, avanceR = 2.000000, avanceI = 2.000000
inc_x_r = 0.000000, inc_y_r = 1.000000, inc_x_i = 1.000000, inc_y_i = 1.000000
En el else......

----------------------------------------
x = 145.000000, y = 223.000000
avance = -233.000000, avanceR = 2.000000, avanceI = 2.000000
inc_x_r = 0.000000, inc_y_r = 1.000000, inc_x_i = 1.000000, inc_y_i = 1.000000
En el else......

----------------------------------------
x = 145.000000, y = 224.000000
avance = -231.000000, avanceR = 2.000000, avanceI = 2.000000
inc_x_r = 0.000000, inc_y_r = 1.000000, inc_x_i = 1.000000, inc_y_i = 1.000000
En el else......

----------------------------------------
x = 145.000000, y = 225.000000
avance = -229.000000, avanceR = 2.000000, avanceI = 2.000000
inc_x_r = 0.000000, inc_y_r = 1.000000, inc_x_i = 1.000000, inc_y_i = 1.000000
En el else......

----------------------------------------
x = 145.000000, y = 226.000000
avance = -227.000000, avanceR = 2.000000, avanceI = 2.000000
inc_x_r = 0.000000, inc_y_r = 1.000000, inc_x_i = 1.000000, inc_y_i = 1.000000
En el else......

----------------------------------------
x = 145.000000, y = 227.000000
avance = -225.000000, avanceR = 2.000000, avanceI = 2.000000
inc_x_r = 0.000000, inc_y_r = 1.000000, inc_x_i = 1.000000, inc_y_i = 1.000000
En el else......

----------------------------------------
x = 145.000000, y = 228.000000
avance = -223.000000, avanceR = 2.000000, avanceI = 2.000000
inc_x_r = 0.000000, inc_y_r = 1.000000, inc_x_i = 1.000000, inc_y_i = 1.000000
En el else......

----------------------------------------
x = 145.000000, y = 229.000000
avance = -221.000000, avanceR = 2.000000, avanceI = 2.000000
inc_x_r = 0.000000, inc_y_r = 1.000000, inc_x_i = 1.000000, inc_y_i = 1.000000
En el else......

----------------------------------------
x = 145.000000, y = 230.000000
avance = -219.000000, avanceR = 2.000000, avanceI = 2.000000
inc_x_r = 0.000000, inc_y_r = 1.000000, inc_x_i = 1.000000, inc_y_i = 1.000000
En el else......

----------------------------------------
x = 145.000000, y = 231.000000
avance = -217.000000, avanceR = 2.000000, avanceI = 2.000000
inc_x_r = 0.000000, inc_y_r = 1.000000, inc_x_i = 1.000000, inc_y_i = 1.000000
En el else......

----------------------------------------
x = 145.000000, y = 232.000000
avance = -215.000000, avanceR = 2.000000, avanceI = 2.000000
inc_x_r = 0.000000, inc_y_r = 1.000000, inc_x_i = 1.000000, inc_y_i = 1.000000
En el else......

----------------------------------------
x = 145.000000, y = 233.000000
avance = -213.000000, avanceR = 2.000000, avanceI = 2.000000
inc_x_r = 0.000000, inc_y_r = 1.000000, inc_x_i = 1.000000, inc_y_i = 1.000000
En el else......

----------------------------------------
x = 145.000000, y = 234.000000
avance = -211.000000, avanceR = 2.000000, avanceI = 2.000000
inc_x_r = 0.000000, inc_y_r = 1.000000, inc_x_i = 1.000000, inc_y_i = 1.000000
En el else......

----------------------------------------
x = 145.000000, y = 235.000000
avance = -209.000000, avanceR = 2.000000, avanceI = 2.000000
inc_x_r = 0.000000, inc_y_r = 1.000000, inc_x_i = 1.000000, inc_y_i = 1.000000
En el else......

----------------------------------------
x = 145.000000, y = 236.000000
avance = -207.000000, avanceR = 2.000000, avanceI = 2.000000
inc_x_r = 0.000000, inc_y_r = 1.000000, inc_x_i = 1.000000, inc_y_i = 1.000000
En el else......

----------------------------------------
x = 145.000000, y = 237.000000
avance = -205.000000, avanceR = 2.000000, avanceI = 2.000000
inc_x_r = 0.000000, inc_y_r = 1.000000, inc_x_i = 1.000000, inc_y_i = 1.000000
En el else......

----------------------------------------
x = 145.000000, y = 238.000000
avance = -203.000000, avanceR = 2.000000, avanceI = 2.000000
inc_x_r = 0.000000, inc_y_r = 1.000000, inc_x_i = 1.000000, inc_y_i = 1.000000
En el else......

----------------------------------------
x = 145.000000, y = 239.000000
avance = -201.000000, avanceR = 2.000000, avanceI = 2.000000
inc_x_r = 0.000000, inc_y_r = 1.000000, inc_x_i = 1.000000, inc_y_i = 1.000000
En el else......

----------------------------------------
x = 145.000000, y = 240.000000
avance = -199.000000, avanceR = 2.000000, avanceI = 2.000000
inc_x_r = 0.000000, inc_y_r = 1.000000, inc_x_i = 1.000000, inc_y_i = 1.000000
En el else......

----------------------------------------
x = 145.000000, y = 241.000000
avance = -197.000000, avanceR = 2.000000, avanceI = 2.000000
inc_x_r = 0.000000, inc_y_r = 1.000000, inc_x_i = 1.000000, inc_y_i = 1.000000
En el else......

----------------------------------------
x = 145.000000, y = 242.000000
avance = -195.000000, avanceR = 2.000000, avanceI = 2.000000
inc_x_r = 0.000000, inc_y_r = 1.000000, inc_x_i = 1.000000, inc_y_i = 1.000000
En el else......

----------------------------------------
x = 145.000000, y = 243.000000
avance = -193.000000, avanceR = 2.000000, avanceI = 2.000000
inc_x_r = 0.000000, inc_y_r = 1.000000, inc_x_i = 1.000000, inc_y_i = 1.000000
En el else......

----------------------------------------
x = 145.000000, y = 244.000000
avance = -191.000000, avanceR = 2.000000, avanceI = 2.000000
inc_x_r = 0.000000, inc_y_r = 1.000000, inc_x_i = 1.000000, inc_y_i = 1.000000
En el else......

----------------------------------------
x = 145.000000, y = 245.000000
avance = -189.000000, avanceR = 2.000000, avanceI = 2.000000
inc_x_r = 0.000000, inc_y_r = 1.000000, inc_x_i = 1.000000, inc_y_i = 1.000000
En el else......

----------------------------------------
x = 145.000000, y = 246.000000
avance = -187.000000, avanceR = 2.000000, avanceI = 2.000000
inc_x_r = 0.000000, inc_y_r = 1.000000, inc_x_i = 1.000000, inc_y_i = 1.000000
En el else......

----------------------------------------
x = 145.000000, y = 247.000000
avance = -185.000000, avanceR = 2.000000, avanceI = 2.000000
inc_x_r = 0.000000, inc_y_r = 1.000000, inc_x_i = 1.000000, inc_y_i = 1.000000
En el else......

----------------------------------------
x = 145.000000, y = 248.000000
avance = -183.000000, avanceR = 2.000000, avanceI = 2.000000
inc_x_r = 0.000000, inc_y_r = 1.000000, inc_x_i = 1.000000, inc_y_i = 1.000000
En el else......

----------------------------------------
x = 145.000000, y = 249.000000
avance = -181.000000, avanceR = 2.000000, avanceI = 2.000000
inc_x_r = 0.000000, inc_y_r = 1.000000, inc_x_i = 1.000000, inc_y_i = 1.000000
En el else......

----------------------------------------
x = 145.000000, y = 250.000000
avance = -179.000000, avanceR = 2.000000, avanceI = 2.000000
inc_x_r = 0.000000, inc_y_r = 1.000000, inc_x_i = 1.000000, inc_y_i = 1.000000
En el else......

----------------------------------------
x = 145.000000, y = 251.000000
avance = -177.000000, avanceR = 2.000000, avanceI = 2.000000
inc_x_r = 0.000000, inc_y_r = 1.000000, inc_x_i = 1.000000, inc_y_i = 1.000000
En el else......

----------------------------------------
x = 145.000000, y = 252.000000
avance = -175.000000, avanceR = 2.000000, avanceI = 2.000000
inc_x_r = 0.000000, inc_y_r = 1.000000, inc_x_i = 1.000000, inc_y_i = 1.000000
En el else......

----------------------------------------
x = 145.000000, y = 253.000000
avance = -173.000000, avanceR = 2.000000, avanceI = 2.000000
inc_x_r = 0.000000, inc_y_r = 1.000000, inc_x_i = 1.000000, inc_y_i = 1.000000
En el else......

----------------------------------------
x = 145.000000, y = 254.000000
avance = -171.000000, avanceR = 2.000000, avanceI = 2.000000
inc_x_r = 0.000000, inc_y_r = 1.000000, inc_x_i = 1.000000, inc_y_i = 1.000000
En el else......

----------------------------------------
x = 145.000000, y = 255.000000
avance = -169.000000, avanceR = 2.000000, avanceI = 2.000000
inc_x_r = 0.000000, inc_y_r = 1.000000, inc_x_i = 1.000000, inc_y_i = 1.000000
En el else......

----------------------------------------
x = 145.000000, y = 256.000000
avance = -167.000000, avanceR = 2.000000, avanceI = 2.000000
inc_x_r = 0.000000, inc_y_r = 1.000000, inc_x_i = 1.000000, inc_y_i = 1.000000
En el else......

----------------------------------------
x = 145.000000, y = 257.000000
avance = -165.000000, avanceR = 2.000000, avanceI = 2.000000
inc_x_r = 0.000000, inc_y_r = 1.000000, inc_x_i = 1.000000, inc_y_i = 1.000000
En el else......

----------------------------------------
x = 145.000000, y = 258.000000
avance = -163.000000, avanceR = 2.000000, avanceI = 2.000000
inc_x_r = 0.000000, inc_y_r = 1.000000, inc_x_i = 1.000000, inc_y_i = 1.000000
En el else......

----------------------------------------
x = 145.000000, y = 259.000000
avance = -161.000000, avanceR = 2.000000, avanceI = 2.000000
inc_x_r = 0.000000, inc_y_r = 1.000000, inc_x_i = 1.000000, inc_y_i = 1.000000
En el else......

----------------------------------------
x = 145.000000, y = 260.000000
avance = -159.000000, avanceR = 2.000000, avanceI = 2.000000
inc_x_r = 0.000000, inc_y_r = 1.000000, inc_x_i = 1.000000, inc_y_i = 1.000000
En el else......

----------------------------------------
x = 145.000000, y = 261.000000
avance = -157.000000, avanceR = 2.000000, avanceI = 2.000000
inc_x_r = 0.000000, inc_y_r = 1.000000, inc_x_i = 1.000000, inc_y_i = 1.000000
En el else......

----------------------------------------
x = 145.000000, y = 262.000000
avance = -155.000000, avanceR = 2.000000, avanceI = 2.000000
inc_x_r = 0.000000, inc_y_r = 1.000000, inc_x_i = 1.000000, inc_y_i = 1.000000
En el else......

----------------------------------------
x = 145.000000, y = 263.000000
avance = -153.000000, avanceR = 2.000000, avanceI = 2.000000
inc_x_r = 0.000000, inc_y_r = 1.000000, inc_x_i = 1.000000, inc_y_i = 1.000000
En el else......

----------------------------------------
x = 145.000000, y = 264.000000
avance = -151.000000, avanceR = 2.000000, avanceI = 2.000000
inc_x_r = 0.000000, inc_y_r = 1.000000, inc_x_i = 1.000000, inc_y_i = 1.000000
En el else......

----------------------------------------
x = 145.000000, y = 265.000000
avance = -149.000000, avanceR = 2.000000, avanceI = 2.000000
inc_x_r = 0.000000, inc_y_r = 1.000000, inc_x_i = 1.000000, inc_y_i = 1.000000
En el else......

----------------------------------------
x = 145.000000, y = 266.000000
avance = -147.000000, avanceR = 2.000000, avanceI = 2.000000
inc_x_r = 0.000000, inc_y_r = 1.000000, inc_x_i = 1.000000, inc_y_i = 1.000000
En el else......

----------------------------------------
x = 145.000000, y = 267.000000
avance = -145.000000, avanceR = 2.000000, avanceI = 2.000000
inc_x_r = 0.000000, inc_y_r = 1.000000, inc_x_i = 1.000000, inc_y_i = 1.000000
En el else......

----------------------------------------
x = 145.000000, y = 268.000000
avance = -143.000000, avanceR = 2.000000, avanceI = 2.000000
inc_x_r = 0.000000, inc_y_r = 1.000000, inc_x_i = 1.000000, inc_y_i = 1.000000
En el else......

----------------------------------------
x = 145.000000, y = 269.000000
avance = -141.000000, avanceR = 2.000000, avanceI = 2.000000
inc_x_r = 0.000000, inc_y_r = 1.000000, inc_x_i = 1.000000, inc_y_i = 1.000000
En el else......

----------------------------------------
x = 145.000000, y = 270.000000
avance = -139.000000, avanceR = 2.000000, avanceI = 2.000000
inc_x_r = 0.000000, inc_y_r = 1.000000, inc_x_i = 1.000000, inc_y_i = 1.000000
En el else......

----------------------------------------
x = 145.000000, y = 271.000000
avance = -137.000000, avanceR = 2.000000, avanceI = 2.000000
inc_x_r = 0.000000, inc_y_r = 1.000000, inc_x_i = 1.000000, inc_y_i = 1.000000
En el else......

----------------------------------------
x = 145.000000, y = 272.000000
avance = -135.000000, avanceR = 2.000000, avanceI = 2.000000
inc_x_r = 0.000000, inc_y_r = 1.000000, inc_x_i = 1.000000, inc_y_i = 1.000000
En el else......

----------------------------------------
x = 145.000000, y = 273.000000
avance = -133.000000, avanceR = 2.000000, avanceI = 2.000000
inc_x_r = 0.000000, inc_y_r = 1.000000, inc_x_i = 1.000000, inc_y_i = 1.000000
En el else......

----------------------------------------
x = 145.000000, y = 274.000000
avance = -131.000000, avanceR = 2.000000, avanceI = 2.000000
inc_x_r = 0.000000, inc_y_r = 1.000000, inc_x_i = 1.000000, inc_y_i = 1.000000
En el else......

----------------------------------------
x = 145.000000, y = 275.000000
avance = -129.000000, avanceR = 2.000000, avanceI = 2.000000
inc_x_r = 0.000000, inc_y_r = 1.000000, inc_x_i = 1.000000, inc_y_i = 1.000000
En el else......

----------------------------------------
x = 145.000000, y = 276.000000
avance = -127.000000, avanceR = 2.000000, avanceI = 2.000000
inc_x_r = 0.000000, inc_y_r = 1.000000, inc_x_i = 1.000000, inc_y_i = 1.000000
En el else......

----------------------------------------
x = 145.000000, y = 277.000000
avance = -125.000000, avanceR = 2.000000, avanceI = 2.000000
inc_x_r = 0.000000, inc_y_r = 1.000000, inc_x_i = 1.000000, inc_y_i = 1.000000
En el else......

----------------------------------------
x = 145.000000, y = 278.000000
avance = -123.000000, avanceR = 2.000000, avanceI = 2.000000
inc_x_r = 0.000000, inc_y_r = 1.000000, inc_x_i = 1.000000, inc_y_i = 1.000000
En el else......

----------------------------------------
x = 145.000000, y = 279.000000
avance = -121.000000, avanceR = 2.000000, avanceI = 2.000000
inc_x_r = 0.000000, inc_y_r = 1.000000, inc_x_i = 1.000000, inc_y_i = 1.000000
En el else......

----------------------------------------
x = 145.000000, y = 280.000000
avance = -119.000000, avanceR = 2.000000, avanceI = 2.000000
inc_x_r = 0.000000, inc_y_r = 1.000000, inc_x_i = 1.000000, inc_y_i = 1.000000
En el else......

----------------------------------------
x = 145.000000, y = 281.000000
avance = -117.000000, avanceR = 2.000000, avanceI = 2.000000
inc_x_r = 0.000000, inc_y_r = 1.000000, inc_x_i = 1.000000, inc_y_i = 1.000000
En el else......

----------------------------------------
x = 145.000000, y = 282.000000
avance = -115.000000, avanceR = 2.000000, avanceI = 2.000000
inc_x_r = 0.000000, inc_y_r = 1.000000, inc_x_i = 1.000000, inc_y_i = 1.000000
En el else......

----------------------------------------
x = 145.000000, y = 283.000000
avance = -113.000000, avanceR = 2.000000, avanceI = 2.000000
inc_x_r = 0.000000, inc_y_r = 1.000000, inc_x_i = 1.000000, inc_y_i = 1.000000
En el else......

----------------------------------------
x = 145.000000, y = 284.000000
avance = -111.000000, avanceR = 2.000000, avanceI = 2.000000
inc_x_r = 0.000000, inc_y_r = 1.000000, inc_x_i = 1.000000, inc_y_i = 1.000000
En el else......

----------------------------------------
x = 145.000000, y = 285.000000
avance = -109.000000, avanceR = 2.000000, avanceI = 2.000000
inc_x_r = 0.000000, inc_y_r = 1.000000, inc_x_i = 1.000000, inc_y_i = 1.000000
En el else......

----------------------------------------
x = 145.000000, y = 286.000000
avance = -107.000000, avanceR = 2.000000, avanceI = 2.000000
inc_x_r = 0.000000, inc_y_r = 1.000000, inc_x_i = 1.000000, inc_y_i = 1.000000
En el else......

----------------------------------------
x = 145.000000, y = 287.000000
avance = -105.000000, avanceR = 2.000000, avanceI = 2.000000
inc_x_r = 0.000000, inc_y_r = 1.000000, inc_x_i = 1.000000, inc_y_i = 1.000000
En el else......

----------------------------------------
x = 145.000000, y = 288.000000
avance = -103.000000, avanceR = 2.000000, avanceI = 2.000000
inc_x_r = 0.000000, inc_y_r = 1.000000, inc_x_i = 1.000000, inc_y_i = 1.000000
En el else......

----------------------------------------
x = 145.000000, y = 289.000000
avance = -101.000000, avanceR = 2.000000, avanceI = 2.000000
inc_x_r = 0.000000, inc_y_r = 1.000000, inc_x_i = 1.000000, inc_y_i = 1.000000
En el else......

----------------------------------------
x = 145.000000, y = 290.000000
avance = -99.000000, avanceR = 2.000000, avanceI = 2.000000
inc_x_r = 0.000000, inc_y_r = 1.000000, inc_x_i = 1.000000, inc_y_i = 1.000000
En el else......

----------------------------------------
x = 145.000000, y = 291.000000
avance = -97.000000, avanceR = 2.000000, avanceI = 2.000000
inc_x_r = 0.000000, inc_y_r = 1.000000, inc_x_i = 1.000000, inc_y_i = 1.000000
En el else......

----------------------------------------
x = 145.000000, y = 292.000000
avance = -95.000000, avanceR = 2.000000, avanceI = 2.000000
inc_x_r = 0.000000, inc_y_r = 1.000000, inc_x_i = 1.000000, inc_y_i = 1.000000
En el else......

----------------------------------------
x = 145.000000, y = 293.000000
avance = -93.000000, avanceR = 2.000000, avanceI = 2.000000
inc_x_r = 0.000000, inc_y_r = 1.000000, inc_x_i = 1.000000, inc_y_i = 1.000000
En el else......

----------------------------------------
x = 145.000000, y = 294.000000
avance = -91.000000, avanceR = 2.000000, avanceI = 2.000000
inc_x_r = 0.000000, inc_y_r = 1.000000, inc_x_i = 1.000000, inc_y_i = 1.000000
En el else......

----------------------------------------
x = 145.000000, y = 295.000000
avance = -89.000000, avanceR = 2.000000, avanceI = 2.000000
inc_x_r = 0.000000, inc_y_r = 1.000000, inc_x_i = 1.000000, inc_y_i = 1.000000
En el else......

----------------------------------------
x = 145.000000, y = 296.000000
avance = -87.000000, avanceR = 2.000000, avanceI = 2.000000
inc_x_r = 0.000000, inc_y_r = 1.000000, inc_x_i = 1.000000, inc_y_i = 1.000000
En el else......

----------------------------------------
x = 145.000000, y = 297.000000
avance = -85.000000, avanceR = 2.000000, avanceI = 2.000000
inc_x_r = 0.000000, inc_y_r = 1.000000, inc_x_i = 1.000000, inc_y_i = 1.000000
En el else......

----------------------------------------
x = 145.000000, y = 298.000000
avance = -83.000000, avanceR = 2.000000, avanceI = 2.000000
inc_x_r = 0.000000, inc_y_r = 1.000000, inc_x_i = 1.000000, inc_y_i = 1.000000
En el else......

----------------------------------------
x = 145.000000, y = 299.000000
avance = -81.000000, avanceR = 2.000000, avanceI = 2.000000
inc_x_r = 0.000000, inc_y_r = 1.000000, inc_x_i = 1.000000, inc_y_i = 1.000000
En el else......

----------------------------------------
x = 145.000000, y = 300.000000
avance = -79.000000, avanceR = 2.000000, avanceI = 2.000000
inc_x_r = 0.000000, inc_y_r = 1.000000, inc_x_i = 1.000000, inc_y_i = 1.000000
En el else......

----------------------------------------
x = 145.000000, y = 301.000000
avance = -77.000000, avanceR = 2.000000, avanceI = 2.000000
inc_x_r = 0.000000, inc_y_r = 1.000000, inc_x_i = 1.000000, inc_y_i = 1.000000
En el else......

----------------------------------------
x = 145.000000, y = 302.000000
avance = -75.000000, avanceR = 2.000000, avanceI = 2.000000
inc_x_r = 0.000000, inc_y_r = 1.000000, inc_x_i = 1.000000, inc_y_i = 1.000000
En el else......

----------------------------------------
x = 145.000000, y = 303.000000
avance = -73.000000, avanceR = 2.000000, avanceI = 2.000000
inc_x_r = 0.000000, inc_y_r = 1.000000, inc_x_i = 1.000000, inc_y_i = 1.000000
En el else......

----------------------------------------
x = 145.000000, y = 304.000000
avance = -71.000000, avanceR = 2.000000, avanceI = 2.000000
inc_x_r = 0.000000, inc_y_r = 1.000000, inc_x_i = 1.000000, inc_y_i = 1.000000
En el else......

----------------------------------------
x = 145.000000, y = 305.000000
avance = -69.000000, avanceR = 2.000000, avanceI = 2.000000
inc_x_r = 0.000000, inc_y_r = 1.000000, inc_x_i = 1.000000, inc_y_i = 1.000000
En el else......

----------------------------------------
x = 145.000000, y = 306.000000
avance = -67.000000, avanceR = 2.000000, avanceI = 2.000000
inc_x_r = 0.000000, inc_y_r = 1.000000, inc_x_i = 1.000000, inc_y_i = 1.000000
En el else......

----------------------------------------
x = 145.000000, y = 307.000000
avance = -65.000000, avanceR = 2.000000, avanceI = 2.000000
inc_x_r = 0.000000, inc_y_r = 1.000000, inc_x_i = 1.000000, inc_y_i = 1.000000
En el else......

----------------------------------------
x = 145.000000, y = 308.000000
avance = -63.000000, avanceR = 2.000000, avanceI = 2.000000
inc_x_r = 0.000000, inc_y_r = 1.000000, inc_x_i = 1.000000, inc_y_i = 1.000000
En el else......

----------------------------------------
x = 145.000000, y = 309.000000
avance = -61.000000, avanceR = 2.000000, avanceI = 2.000000
inc_x_r = 0.000000, inc_y_r = 1.000000, inc_x_i = 1.000000, inc_y_i = 1.000000
En el else......

----------------------------------------
x = 145.000000, y = 310.000000
avance = -59.000000, avanceR = 2.000000, avanceI = 2.000000
inc_x_r = 0.000000, inc_y_r = 1.000000, inc_x_i = 1.000000, inc_y_i = 1.000000
En el else......

----------------------------------------
x = 145.000000, y = 311.000000
avance = -57.000000, avanceR = 2.000000, avanceI = 2.000000
inc_x_r = 0.000000, inc_y_r = 1.000000, inc_x_i = 1.000000, inc_y_i = 1.000000
En el else......

----------------------------------------
x = 145.000000, y = 312.000000
avance = -55.000000, avanceR = 2.000000, avanceI = 2.000000
inc_x_r = 0.000000, inc_y_r = 1.000000, inc_x_i = 1.000000, inc_y_i = 1.000000
En el else......

----------------------------------------
x = 145.000000, y = 313.000000
avance = -53.000000, avanceR = 2.000000, avanceI = 2.000000
inc_x_r = 0.000000, inc_y_r = 1.000000, inc_x_i = 1.000000, inc_y_i = 1.000000
En el else......

----------------------------------------
x = 145.000000, y = 314.000000
avance = -51.000000, avanceR = 2.000000, avanceI = 2.000000
inc_x_r = 0.000000, inc_y_r = 1.000000, inc_x_i = 1.000000, inc_y_i = 1.000000
En el else......

----------------------------------------
x = 145.000000, y = 315.000000
avance = -49.000000, avanceR = 2.000000, avanceI = 2.000000
inc_x_r = 0.000000, inc_y_r = 1.000000, inc_x_i = 1.000000, inc_y_i = 1.000000
En el else......

----------------------------------------
x = 145.000000, y = 316.000000
avance = -47.000000, avanceR = 2.000000, avanceI = 2.000000
inc_x_r = 0.000000, inc_y_r = 1.000000, inc_x_i = 1.000000, inc_y_i = 1.000000
En el else......

----------------------------------------
x = 145.000000, y = 317.000000
avance = -45.000000, avanceR = 2.000000, avanceI = 2.000000
inc_x_r = 0.000000, inc_y_r = 1.000000, inc_x_i = 1.000000, inc_y_i = 1.000000
En el else......

----------------------------------------
x = 145.000000, y = 318.000000
avance = -43.000000, avanceR = 2.000000, avanceI = 2.000000
inc_x_r = 0.000000, inc_y_r = 1.000000, inc_x_i = 1.000000, inc_y_i = 1.000000
En el else......

----------------------------------------
x = 145.000000, y = 319.000000
avance = -41.000000, avanceR = 2.000000, avanceI = 2.000000
inc_x_r = 0.000000, inc_y_r = 1.000000, inc_x_i = 1.000000, inc_y_i = 1.000000
En el else......

----------------------------------------
x = 145.000000, y = 320.000000
avance = -39.000000, avanceR = 2.000000, avanceI = 2.000000
inc_x_r = 0.000000, inc_y_r = 1.000000, inc_x_i = 1.000000, inc_y_i = 1.000000
En el else......

----------------------------------------
x = 145.000000, y = 321.000000
avance = -37.000000, avanceR = 2.000000, avanceI = 2.000000
inc_x_r = 0.000000, inc_y_r = 1.000000, inc_x_i = 1.000000, inc_y_i = 1.000000
En el else......

----------------------------------------
x = 145.000000, y = 322.000000
avance = -35.000000, avanceR = 2.000000, avanceI = 2.000000
inc_x_r = 0.000000, inc_y_r = 1.000000, inc_x_i = 1.000000, inc_y_i = 1.000000
En el else......

----------------------------------------
x = 145.000000, y = 323.000000
avance = -33.000000, avanceR = 2.000000, avanceI = 2.000000
inc_x_r = 0.000000, inc_y_r = 1.000000, inc_x_i = 1.000000, inc_y_i = 1.000000
En el else......

----------------------------------------
x = 145.000000, y = 324.000000
avance = -31.000000, avanceR = 2.000000, avanceI = 2.000000
inc_x_r = 0.000000, inc_y_r = 1.000000, inc_x_i = 1.000000, inc_y_i = 1.000000
En el else......

----------------------------------------
x = 145.000000, y = 325.000000
avance = -29.000000, avanceR = 2.000000, avanceI = 2.000000
inc_x_r = 0.000000, inc_y_r = 1.000000, inc_x_i = 1.000000, inc_y_i = 1.000000
En el else......

----------------------------------------
x = 145.000000, y = 326.000000
avance = -27.000000, avanceR = 2.000000, avanceI = 2.000000
inc_x_r = 0.000000, inc_y_r = 1.000000, inc_x_i = 1.000000, inc_y_i = 1.000000
En el else......

----------------------------------------
x = 145.000000, y = 327.000000
avance = -25.000000, avanceR = 2.000000, avanceI = 2.000000
inc_x_r = 0.000000, inc_y_r = 1.000000, inc_x_i = 1.000000, inc_y_i = 1.000000
En el else......

----------------------------------------
x = 145.000000, y = 328.000000
avance = -23.000000, avanceR = 2.000000, avanceI = 2.000000
inc_x_r = 0.000000, inc_y_r = 1.000000, inc_x_i = 1.000000, inc_y_i = 1.000000
En el else......

----------------------------------------
x = 145.000000, y = 329.000000
avance = -21.000000, avanceR = 2.000000, avanceI = 2.000000
inc_x_r = 0.000000, inc_y_r = 1.000000, inc_x_i = 1.000000, inc_y_i = 1.000000
En el else......

----------------------------------------
x = 145.000000, y = 330.000000
avance = -19.000000, avanceR = 2.000000, avanceI = 2.000000
inc_x_r = 0.000000, inc_y_r = 1.000000, inc_x_i = 1.000000, inc_y_i = 1.000000
En el else......

----------------------------------------
x = 145.000000, y = 331.000000
avance = -17.000000, avanceR = 2.000000, avanceI = 2.000000
inc_x_r = 0.000000, inc_y_r = 1.000000, inc_x_i = 1.000000, inc_y_i = 1.000000
En el else......

----------------------------------------
x = 145.000000, y = 332.000000
avance = -15.000000, avanceR = 2.000000, avanceI = 2.000000
inc_x_r = 0.000000, inc_y_r = 1.000000, inc_x_i = 1.000000, inc_y_i = 1.000000
En el else......

----------------------------------------
x = 145.000000, y = 333.000000
avance = -13.000000, avanceR = 2.000000, avanceI = 2.000000
inc_x_r = 0.000000, inc_y_r = 1.000000, inc_x_i = 1.000000, inc_y_i = 1.000000
En el else......

----------------------------------------
x = 145.000000, y = 334.000000
avance = -11.000000, avanceR = 2.000000, avanceI = 2.000000
inc_x_r = 0.000000, inc_y_r = 1.000000, inc_x_i = 1.000000, inc_y_i = 1.000000
En el else......

----------------------------------------
x = 145.000000, y = 335.000000
avance = -9.000000, avanceR = 2.000000, avanceI = 2.000000
inc_x_r = 0.000000, inc_y_r = 1.000000, inc_x_i = 1.000000, inc_y_i = 1.000000
En el else......

----------------------------------------
x = 145.000000, y = 336.000000
avance = -7.000000, avanceR = 2.000000, avanceI = 2.000000
inc_x_r = 0.000000, inc_y_r = 1.000000, inc_x_i = 1.000000, inc_y_i = 1.000000
En el else......

----------------------------------------
x = 145.000000, y = 337.000000
avance = -5.000000, avanceR = 2.000000, avanceI = 2.000000
inc_x_r = 0.000000, inc_y_r = 1.000000, inc_x_i = 1.000000, inc_y_i = 1.000000
En el else......

----------------------------------------
x = 145.000000, y = 338.000000
avance = -3.000000, avanceR = 2.000000, avanceI = 2.000000
inc_x_r = 0.000000, inc_y_r = 1.000000, inc_x_i = 1.000000, inc_y_i = 1.000000
En el else......

----------------------------------------
x = 145.000000, y = 339.000000
avance = -1.000000, avanceR = 2.000000, avanceI = 2.000000
inc_x_r = 0.000000, inc_y_r = 1.000000, inc_x_i = 1.000000, inc_y_i = 1.000000
En el else......

----------------------------------------
x = 145.000000, y = 340.000000
avance = 1.000000, avanceR = 2.000000, avanceI = 2.000000
inc_x_r = 0.000000, inc_y_r = 1.000000, inc_x_i = 1.000000, inc_y_i = 1.000000
avance >= 0

----------------------------------------
x = 146.000000, y = 341.000000
avance = -499.000000, avanceR = 2.000000, avanceI = 2.000000
inc_x_r = 0.000000, inc_y_r = 1.000000, inc_x_i = 1.000000, inc_y_i = 1.000000
En el else......

----------------------------------------
x = 146.000000, y = 342.000000
avance = -497.000000, avanceR = 2.000000, avanceI = 2.000000
inc_x_r = 0.000000, inc_y_r = 1.000000, inc_x_i = 1.000000, inc_y_i = 1.000000
En el else......

----------------------------------------
x = 146.000000, y = 343.000000
avance = -495.000000, avanceR = 2.000000, avanceI = 2.000000
inc_x_r = 0.000000, inc_y_r = 1.000000, inc_x_i = 1.000000, inc_y_i = 1.000000
En el else......

----------------------------------------
x = 146.000000, y = 344.000000
avance = -493.000000, avanceR = 2.000000, avanceI = 2.000000
inc_x_r = 0.000000, inc_y_r = 1.000000, inc_x_i = 1.000000, inc_y_i = 1.000000
En el else......

----------------------------------------
x = 146.000000, y = 345.000000
avance = -491.000000, avanceR = 2.000000, avanceI = 2.000000
inc_x_r = 0.000000, inc_y_r = 1.000000, inc_x_i = 1.000000, inc_y_i = 1.000000
En el else......

----------------------------------------
x = 146.000000, y = 346.000000
avance = -489.000000, avanceR = 2.000000, avanceI = 2.000000
inc_x_r = 0.000000, inc_y_r = 1.000000, inc_x_i = 1.000000, inc_y_i = 1.000000
En el else......

----------------------------------------
x = 146.000000, y = 347.000000
avance = -487.000000, avanceR = 2.000000, avanceI = 2.000000
inc_x_r = 0.000000, inc_y_r = 1.000000, inc_x_i = 1.000000, inc_y_i = 1.000000
En el else......

----------------------------------------
x = 146.000000, y = 348.000000
avance = -485.000000, avanceR = 2.000000, avanceI = 2.000000
inc_x_r = 0.000000, inc_y_r = 1.000000, inc_x_i = 1.000000, inc_y_i = 1.000000
En el else......

----------------------------------------
x = 146.000000, y = 349.000000
avance = -483.000000, avanceR = 2.000000, avanceI = 2.000000
inc_x_r = 0.000000, inc_y_r = 1.000000, inc_x_i = 1.000000, inc_y_i = 1.000000
En el else......

----------------------------------------
x = 146.000000, y = 350.000000
avance = -481.000000, avanceR = 2.000000, avanceI = 2.000000
inc_x_r = 0.000000, inc_y_r = 1.000000, inc_x_i = 1.000000, inc_y_i = 1.000000
En el else......

----------------------------------------
x = 146.000000, y = 351.000000
avance = -479.000000, avanceR = 2.000000, avanceI = 2.000000
inc_x_r = 0.000000, inc_y_r = 1.000000, inc_x_i = 1.000000, inc_y_i = 1.000000
En el else......

----------------------------------------
x = 146.000000, y = 352.000000
avance = -477.000000, avanceR = 2.000000, avanceI = 2.000000
inc_x_r = 0.000000, inc_y_r = 1.000000, inc_x_i = 1.000000, inc_y_i = 1.000000
En el else......

----------------------------------------
x = 146.000000, y = 353.000000
avance = -475.000000, avanceR = 2.000000, avanceI = 2.000000
inc_x_r = 0.000000, inc_y_r = 1.000000, inc_x_i = 1.000000, inc_y_i = 1.000000
En el else......

----------------------------------------
x = 146.000000, y = 354.000000
avance = -473.000000, avanceR = 2.000000, avanceI = 2.000000
inc_x_r = 0.000000, inc_y_r = 1.000000, inc_x_i = 1.000000, inc_y_i = 1.000000
En el else......

----------------------------------------
x = 146.000000, y = 355.000000
avance = -471.000000, avanceR = 2.000000, avanceI = 2.000000
inc_x_r = 0.000000, inc_y_r = 1.000000, inc_x_i = 1.000000, inc_y_i = 1.000000
En el else......

----------------------------------------
x = 146.000000, y = 356.000000
avance = -469.000000, avanceR = 2.000000, avanceI = 2.000000
inc_x_r = 0.000000, inc_y_r = 1.000000, inc_x_i = 1.000000, inc_y_i = 1.000000
En el else......

----------------------------------------
x = 146.000000, y = 357.000000
avance = -467.000000, avanceR = 2.000000, avanceI = 2.000000
inc_x_r = 0.000000, inc_y_r = 1.000000, inc_x_i = 1.000000, inc_y_i = 1.000000
En el else......

----------------------------------------
x = 146.000000, y = 358.000000
avance = -465.000000, avanceR = 2.000000, avanceI = 2.000000
inc_x_r = 0.000000, inc_y_r = 1.000000, inc_x_i = 1.000000, inc_y_i = 1.000000
En el else......

----------------------------------------
x = 146.000000, y = 359.000000
avance = -463.000000, avanceR = 2.000000, avanceI = 2.000000
inc_x_r = 0.000000, inc_y_r = 1.000000, inc_x_i = 1.000000, inc_y_i = 1.000000
En el else......

----------------------------------------
x = 146.000000, y = 360.000000
avance = -461.000000, avanceR = 2.000000, avanceI = 2.000000
inc_x_r = 0.000000, inc_y_r = 1.000000, inc_x_i = 1.000000, inc_y_i = 1.000000
En el else......

----------------------------------------
x = 146.000000, y = 361.000000
avance = -459.000000, avanceR = 2.000000, avanceI = 2.000000
inc_x_r = 0.000000, inc_y_r = 1.000000, inc_x_i = 1.000000, inc_y_i = 1.000000
En el else......

----------------------------------------
x = 146.000000, y = 362.000000
avance = -457.000000, avanceR = 2.000000, avanceI = 2.000000
inc_x_r = 0.000000, inc_y_r = 1.000000, inc_x_i = 1.000000, inc_y_i = 1.000000
En el else......

----------------------------------------
x = 146.000000, y = 363.000000
avance = -455.000000, avanceR = 2.000000, avanceI = 2.000000
inc_x_r = 0.000000, inc_y_r = 1.000000, inc_x_i = 1.000000, inc_y_i = 1.000000
En el else......

----------------------------------------
x = 146.000000, y = 364.000000
avance = -453.000000, avanceR = 2.000000, avanceI = 2.000000
inc_x_r = 0.000000, inc_y_r = 1.000000, inc_x_i = 1.000000, inc_y_i = 1.000000
En el else......

----------------------------------------
x = 146.000000, y = 365.000000
avance = -451.000000, avanceR = 2.000000, avanceI = 2.000000
inc_x_r = 0.000000, inc_y_r = 1.000000, inc_x_i = 1.000000, inc_y_i = 1.000000
En el else......

----------------------------------------
x = 146.000000, y = 366.000000
avance = -449.000000, avanceR = 2.000000, avanceI = 2.000000
inc_x_r = 0.000000, inc_y_r = 1.000000, inc_x_i = 1.000000, inc_y_i = 1.000000
En el else......

----------------------------------------
x = 146.000000, y = 367.000000
avance = -447.000000, avanceR = 2.000000, avanceI = 2.000000
inc_x_r = 0.000000, inc_y_r = 1.000000, inc_x_i = 1.000000, inc_y_i = 1.000000
En el else......

----------------------------------------
x = 146.000000, y = 368.000000
avance = -445.000000, avanceR = 2.000000, avanceI = 2.000000
inc_x_r = 0.000000, inc_y_r = 1.000000, inc_x_i = 1.000000, inc_y_i = 1.000000
En el else......

----------------------------------------
x = 146.000000, y = 369.000000
avance = -443.000000, avanceR = 2.000000, avanceI = 2.000000
inc_x_r = 0.000000, inc_y_r = 1.000000, inc_x_i = 1.000000, inc_y_i = 1.000000
En el else......

----------------------------------------
x = 146.000000, y = 370.000000
avance = -441.000000, avanceR = 2.000000, avanceI = 2.000000
inc_x_r = 0.000000, inc_y_r = 1.000000, inc_x_i = 1.000000, inc_y_i = 1.000000
En el else......

----------------------------------------
x = 146.000000, y = 371.000000
avance = -439.000000, avanceR = 2.000000, avanceI = 2.000000
inc_x_r = 0.000000, inc_y_r = 1.000000, inc_x_i = 1.000000, inc_y_i = 1.000000
En el else......

----------------------------------------
x = 146.000000, y = 372.000000
avance = -437.000000, avanceR = 2.000000, avanceI = 2.000000
inc_x_r = 0.000000, inc_y_r = 1.000000, inc_x_i = 1.000000, inc_y_i = 1.000000
En el else......

----------------------------------------
x = 146.000000, y = 373.000000
avance = -435.000000, avanceR = 2.000000, avanceI = 2.000000
inc_x_r = 0.000000, inc_y_r = 1.000000, inc_x_i = 1.000000, inc_y_i = 1.000000
En el else......

----------------------------------------
x = 146.000000, y = 374.000000
avance = -433.000000, avanceR = 2.000000, avanceI = 2.000000
inc_x_r = 0.000000, inc_y_r = 1.000000, inc_x_i = 1.000000, inc_y_i = 1.000000
En el else......

----------------------------------------
x = 146.000000, y = 375.000000
avance = -431.000000, avanceR = 2.000000, avanceI = 2.000000
inc_x_r = 0.000000, inc_y_r = 1.000000, inc_x_i = 1.000000, inc_y_i = 1.000000
En el else......

----------------------------------------
x = 146.000000, y = 376.000000
avance = -429.000000, avanceR = 2.000000, avanceI = 2.000000
inc_x_r = 0.000000, inc_y_r = 1.000000, inc_x_i = 1.000000, inc_y_i = 1.000000
En el else......

----------------------------------------
x = 146.000000, y = 377.000000
avance = -427.000000, avanceR = 2.000000, avanceI = 2.000000
inc_x_r = 0.000000, inc_y_r = 1.000000, inc_x_i = 1.000000, inc_y_i = 1.000000
En el else......

----------------------------------------
x = 146.000000, y = 378.000000
avance = -425.000000, avanceR = 2.000000, avanceI = 2.000000
inc_x_r = 0.000000, inc_y_r = 1.000000, inc_x_i = 1.000000, inc_y_i = 1.000000
En el else......

----------------------------------------
x = 146.000000, y = 379.000000
avance = -423.000000, avanceR = 2.000000, avanceI = 2.000000
inc_x_r = 0.000000, inc_y_r = 1.000000, inc_x_i = 1.000000, inc_y_i = 1.000000
En el else......

----------------------------------------
x = 146.000000, y = 380.000000
avance = -421.000000, avanceR = 2.000000, avanceI = 2.000000
inc_x_r = 0.000000, inc_y_r = 1.000000, inc_x_i = 1.000000, inc_y_i = 1.000000
En el else......

----------------------------------------
x = 146.000000, y = 381.000000
avance = -419.000000, avanceR = 2.000000, avanceI = 2.000000
inc_x_r = 0.000000, inc_y_r = 1.000000, inc_x_i = 1.000000, inc_y_i = 1.000000
En el else......

----------------------------------------
x = 146.000000, y = 382.000000
avance = -417.000000, avanceR = 2.000000, avanceI = 2.000000
inc_x_r = 0.000000, inc_y_r = 1.000000, inc_x_i = 1.000000, inc_y_i = 1.000000
En el else......

----------------------------------------
x = 146.000000, y = 383.000000
avance = -415.000000, avanceR = 2.000000, avanceI = 2.000000
inc_x_r = 0.000000, inc_y_r = 1.000000, inc_x_i = 1.000000, inc_y_i = 1.000000
En el else......

----------------------------------------
x = 146.000000, y = 384.000000
avance = -413.000000, avanceR = 2.000000, avanceI = 2.000000
inc_x_r = 0.000000, inc_y_r = 1.000000, inc_x_i = 1.000000, inc_y_i = 1.000000
En el else......

----------------------------------------
x = 146.000000, y = 385.000000
avance = -411.000000, avanceR = 2.000000, avanceI = 2.000000
inc_x_r = 0.000000, inc_y_r = 1.000000, inc_x_i = 1.000000, inc_y_i = 1.000000
En el else......

----------------------------------------
x = 146.000000, y = 386.000000
avance = -409.000000, avanceR = 2.000000, avanceI = 2.000000
inc_x_r = 0.000000, inc_y_r = 1.000000, inc_x_i = 1.000000, inc_y_i = 1.000000
En el else......

----------------------------------------
x = 146.000000, y = 387.000000
avance = -407.000000, avanceR = 2.000000, avanceI = 2.000000
inc_x_r = 0.000000, inc_y_r = 1.000000, inc_x_i = 1.000000, inc_y_i = 1.000000
En el else......

----------------------------------------
x = 146.000000, y = 388.000000
avance = -405.000000, avanceR = 2.000000, avanceI = 2.000000
inc_x_r = 0.000000, inc_y_r = 1.000000, inc_x_i = 1.000000, inc_y_i = 1.000000
En el else......

----------------------------------------
x = 146.000000, y = 389.000000
avance = -403.000000, avanceR = 2.000000, avanceI = 2.000000
inc_x_r = 0.000000, inc_y_r = 1.000000, inc_x_i = 1.000000, inc_y_i = 1.000000
En el else......

----------------------------------------
x = 146.000000, y = 390.000000
avance = -401.000000, avanceR = 2.000000, avanceI = 2.000000
inc_x_r = 0.000000, inc_y_r = 1.000000, inc_x_i = 1.000000, inc_y_i = 1.000000
En el else......

----------------------------------------
x = 146.000000, y = 391.000000
avance = -399.000000, avanceR = 2.000000, avanceI = 2.000000
inc_x_r = 0.000000, inc_y_r = 1.000000, inc_x_i = 1.000000, inc_y_i = 1.000000
En el else......

----------------------------------------
x = 146.000000, y = 392.000000
avance = -397.000000, avanceR = 2.000000, avanceI = 2.000000
inc_x_r = 0.000000, inc_y_r = 1.000000, inc_x_i = 1.000000, inc_y_i = 1.000000
En el else......

----------------------------------------
x = 146.000000, y = 393.000000
avance = -395.000000, avanceR = 2.000000, avanceI = 2.000000
inc_x_r = 0.000000, inc_y_r = 1.000000, inc_x_i = 1.000000, inc_y_i = 1.000000
En el else......

----------------------------------------
x = 146.000000, y = 394.000000
avance = -393.000000, avanceR = 2.000000, avanceI = 2.000000
inc_x_r = 0.000000, inc_y_r = 1.000000, inc_x_i = 1.000000, inc_y_i = 1.000000
En el else......

----------------------------------------
x = 146.000000, y = 395.000000
avance = -391.000000, avanceR = 2.000000, avanceI = 2.000000
inc_x_r = 0.000000, inc_y_r = 1.000000, inc_x_i = 1.000000, inc_y_i = 1.000000
En el else......

----------------------------------------
x = 146.000000, y = 396.000000
avance = -389.000000, avanceR = 2.000000, avanceI = 2.000000
inc_x_r = 0.000000, inc_y_r = 1.000000, inc_x_i = 1.000000, inc_y_i = 1.000000
En el else......

----------------------------------------
x = 146.000000, y = 397.000000
avance = -387.000000, avanceR = 2.000000, avanceI = 2.000000
inc_x_r = 0.000000, inc_y_r = 1.000000, inc_x_i = 1.000000, inc_y_i = 1.000000
En el else......

----------------------------------------
x = 146.000000, y = 398.000000
avance = -385.000000, avanceR = 2.000000, avanceI = 2.000000
inc_x_r = 0.000000, inc_y_r = 1.000000, inc_x_i = 1.000000, inc_y_i = 1.000000
En el else......

----------------------------------------
x = 146.000000, y = 399.000000
avance = -383.000000, avanceR = 2.000000, avanceI = 2.000000
inc_x_r = 0.000000, inc_y_r = 1.000000, inc_x_i = 1.000000, inc_y_i = 1.000000
En el else......

----------------------------------------
hora de salir del bucle mi pana


ENTRAMOS A BRESENHAMªªªª
x1 = 135.000000 - y1 = 205.000000 || x2 = 136.000000 - y2 = 456.000000
dy = 251.000000, dx = 1.000000
avances inclinados: inc_x_i = 1.000000, inc_y_i = 1.000000
updated: dy = 251.000000, dx = 1.000000
avances rectos: inc_x_r = 0.000000, inc_y_r 1.000000
reupdated: dy = 1.000000, dx = 251.000000
avanceR = 2.000000, avance -249.000000, avanceI 2.000000
----------------------------------------
x = 135.000000, y = 205.000000
avance = -249.000000, avanceR = 2.000000, avanceI = 2.000000
inc_x_r = 0.000000, inc_y_r = 1.000000, inc_x_i = 1.000000, inc_y_i = 1.000000
En el else......

----------------------------------------
x = 135.000000, y = 206.000000
avance = -247.000000, avanceR = 2.000000, avanceI = 2.000000
inc_x_r = 0.000000, inc_y_r = 1.000000, inc_x_i = 1.000000, inc_y_i = 1.000000
En el else......

----------------------------------------
x = 135.000000, y = 207.000000
avance = -245.000000, avanceR = 2.000000, avanceI = 2.000000
inc_x_r = 0.000000, inc_y_r = 1.000000, inc_x_i = 1.000000, inc_y_i = 1.000000
En el else......

----------------------------------------
x = 135.000000, y = 208.000000
avance = -243.000000, avanceR = 2.000000, avanceI = 2.000000
inc_x_r = 0.000000, inc_y_r = 1.000000, inc_x_i = 1.000000, inc_y_i = 1.000000
En el else......

----------------------------------------
x = 135.000000, y = 209.000000
avance = -241.000000, avanceR = 2.000000, avanceI = 2.000000
inc_x_r = 0.000000, inc_y_r = 1.000000, inc_x_i = 1.000000, inc_y_i = 1.000000
En el else......

----------------------------------------
x = 135.000000, y = 210.000000
avance = -239.000000, avanceR = 2.000000, avanceI = 2.000000
inc_x_r = 0.000000, inc_y_r = 1.000000, inc_x_i = 1.000000, inc_y_i = 1.000000
En el else......

----------------------------------------
x = 135.000000, y = 211.000000
avance = -237.000000, avanceR = 2.000000, avanceI = 2.000000
inc_x_r = 0.000000, inc_y_r = 1.000000, inc_x_i = 1.000000, inc_y_i = 1.000000
En el else......

----------------------------------------
x = 135.000000, y = 212.000000
avance = -235.000000, avanceR = 2.000000, avanceI = 2.000000
inc_x_r = 0.000000, inc_y_r = 1.000000, inc_x_i = 1.000000, inc_y_i = 1.000000
En el else......

----------------------------------------
x = 135.000000, y = 213.000000
avance = -233.000000, avanceR = 2.000000, avanceI = 2.000000
inc_x_r = 0.000000, inc_y_r = 1.000000, inc_x_i = 1.000000, inc_y_i = 1.000000
En el else......

----------------------------------------
x = 135.000000, y = 214.000000
avance = -231.000000, avanceR = 2.000000, avanceI = 2.000000
inc_x_r = 0.000000, inc_y_r = 1.000000, inc_x_i = 1.000000, inc_y_i = 1.000000
En el else......

----------------------------------------
x = 135.000000, y = 215.000000
avance = -229.000000, avanceR = 2.000000, avanceI = 2.000000
inc_x_r = 0.000000, inc_y_r = 1.000000, inc_x_i = 1.000000, inc_y_i = 1.000000
En el else......

----------------------------------------
x = 135.000000, y = 216.000000
avance = -227.000000, avanceR = 2.000000, avanceI = 2.000000
inc_x_r = 0.000000, inc_y_r = 1.000000, inc_x_i = 1.000000, inc_y_i = 1.000000
En el else......

----------------------------------------
x = 135.000000, y = 217.000000
avance = -225.000000, avanceR = 2.000000, avanceI = 2.000000
inc_x_r = 0.000000, inc_y_r = 1.000000, inc_x_i = 1.000000, inc_y_i = 1.000000
En el else......

----------------------------------------
x = 135.000000, y = 218.000000
avance = -223.000000, avanceR = 2.000000, avanceI = 2.000000
inc_x_r = 0.000000, inc_y_r = 1.000000, inc_x_i = 1.000000, inc_y_i = 1.000000
En el else......

----------------------------------------
x = 135.000000, y = 219.000000
avance = -221.000000, avanceR = 2.000000, avanceI = 2.000000
inc_x_r = 0.000000, inc_y_r = 1.000000, inc_x_i = 1.000000, inc_y_i = 1.000000
En el else......

----------------------------------------
x = 135.000000, y = 220.000000
avance = -219.000000, avanceR = 2.000000, avanceI = 2.000000
inc_x_r = 0.000000, inc_y_r = 1.000000, inc_x_i = 1.000000, inc_y_i = 1.000000
En el else......

----------------------------------------
x = 135.000000, y = 221.000000
avance = -217.000000, avanceR = 2.000000, avanceI = 2.000000
inc_x_r = 0.000000, inc_y_r = 1.000000, inc_x_i = 1.000000, inc_y_i = 1.000000
En el else......

----------------------------------------
x = 135.000000, y = 222.000000
avance = -215.000000, avanceR = 2.000000, avanceI = 2.000000
inc_x_r = 0.000000, inc_y_r = 1.000000, inc_x_i = 1.000000, inc_y_i = 1.000000
En el else......

----------------------------------------
x = 135.000000, y = 223.000000
avance = -213.000000, avanceR = 2.000000, avanceI = 2.000000
inc_x_r = 0.000000, inc_y_r = 1.000000, inc_x_i = 1.000000, inc_y_i = 1.000000
En el else......

----------------------------------------
x = 135.000000, y = 224.000000
avance = -211.000000, avanceR = 2.000000, avanceI = 2.000000
inc_x_r = 0.000000, inc_y_r = 1.000000, inc_x_i = 1.000000, inc_y_i = 1.000000
En el else......

----------------------------------------
x = 135.000000, y = 225.000000
avance = -209.000000, avanceR = 2.000000, avanceI = 2.000000
inc_x_r = 0.000000, inc_y_r = 1.000000, inc_x_i = 1.000000, inc_y_i = 1.000000
En el else......

----------------------------------------
x = 135.000000, y = 226.000000
avance = -207.000000, avanceR = 2.000000, avanceI = 2.000000
inc_x_r = 0.000000, inc_y_r = 1.000000, inc_x_i = 1.000000, inc_y_i = 1.000000
En el else......

----------------------------------------
x = 135.000000, y = 227.000000
avance = -205.000000, avanceR = 2.000000, avanceI = 2.000000
inc_x_r = 0.000000, inc_y_r = 1.000000, inc_x_i = 1.000000, inc_y_i = 1.000000
En el else......

----------------------------------------
x = 135.000000, y = 228.000000
avance = -203.000000, avanceR = 2.000000, avanceI = 2.000000
inc_x_r = 0.000000, inc_y_r = 1.000000, inc_x_i = 1.000000, inc_y_i = 1.000000
En el else......

----------------------------------------
x = 135.000000, y = 229.000000
avance = -201.000000, avanceR = 2.000000, avanceI = 2.000000
inc_x_r = 0.000000, inc_y_r = 1.000000, inc_x_i = 1.000000, inc_y_i = 1.000000
En el else......

----------------------------------------
x = 135.000000, y = 230.000000
avance = -199.000000, avanceR = 2.000000, avanceI = 2.000000
inc_x_r = 0.000000, inc_y_r = 1.000000, inc_x_i = 1.000000, inc_y_i = 1.000000
En el else......

----------------------------------------
x = 135.000000, y = 231.000000
avance = -197.000000, avanceR = 2.000000, avanceI = 2.000000
inc_x_r = 0.000000, inc_y_r = 1.000000, inc_x_i = 1.000000, inc_y_i = 1.000000
En el else......

----------------------------------------
x = 135.000000, y = 232.000000
avance = -195.000000, avanceR = 2.000000, avanceI = 2.000000
inc_x_r = 0.000000, inc_y_r = 1.000000, inc_x_i = 1.000000, inc_y_i = 1.000000
En el else......

----------------------------------------
x = 135.000000, y = 233.000000
avance = -193.000000, avanceR = 2.000000, avanceI = 2.000000
inc_x_r = 0.000000, inc_y_r = 1.000000, inc_x_i = 1.000000, inc_y_i = 1.000000
En el else......

----------------------------------------
x = 135.000000, y = 234.000000
avance = -191.000000, avanceR = 2.000000, avanceI = 2.000000
inc_x_r = 0.000000, inc_y_r = 1.000000, inc_x_i = 1.000000, inc_y_i = 1.000000
En el else......

----------------------------------------
x = 135.000000, y = 235.000000
avance = -189.000000, avanceR = 2.000000, avanceI = 2.000000
inc_x_r = 0.000000, inc_y_r = 1.000000, inc_x_i = 1.000000, inc_y_i = 1.000000
En el else......

----------------------------------------
x = 135.000000, y = 236.000000
avance = -187.000000, avanceR = 2.000000, avanceI = 2.000000
inc_x_r = 0.000000, inc_y_r = 1.000000, inc_x_i = 1.000000, inc_y_i = 1.000000
En el else......

----------------------------------------
x = 135.000000, y = 237.000000
avance = -185.000000, avanceR = 2.000000, avanceI = 2.000000
inc_x_r = 0.000000, inc_y_r = 1.000000, inc_x_i = 1.000000, inc_y_i = 1.000000
En el else......

----------------------------------------
x = 135.000000, y = 238.000000
avance = -183.000000, avanceR = 2.000000, avanceI = 2.000000
inc_x_r = 0.000000, inc_y_r = 1.000000, inc_x_i = 1.000000, inc_y_i = 1.000000
En el else......

----------------------------------------
x = 135.000000, y = 239.000000
avance = -181.000000, avanceR = 2.000000, avanceI = 2.000000
inc_x_r = 0.000000, inc_y_r = 1.000000, inc_x_i = 1.000000, inc_y_i = 1.000000
En el else......

----------------------------------------
x = 135.000000, y = 240.000000
avance = -179.000000, avanceR = 2.000000, avanceI = 2.000000
inc_x_r = 0.000000, inc_y_r = 1.000000, inc_x_i = 1.000000, inc_y_i = 1.000000
En el else......

----------------------------------------
x = 135.000000, y = 241.000000
avance = -177.000000, avanceR = 2.000000, avanceI = 2.000000
inc_x_r = 0.000000, inc_y_r = 1.000000, inc_x_i = 1.000000, inc_y_i = 1.000000
En el else......

----------------------------------------
x = 135.000000, y = 242.000000
avance = -175.000000, avanceR = 2.000000, avanceI = 2.000000
inc_x_r = 0.000000, inc_y_r = 1.000000, inc_x_i = 1.000000, inc_y_i = 1.000000
En el else......

----------------------------------------
x = 135.000000, y = 243.000000
avance = -173.000000, avanceR = 2.000000, avanceI = 2.000000
inc_x_r = 0.000000, inc_y_r = 1.000000, inc_x_i = 1.000000, inc_y_i = 1.000000
En el else......

----------------------------------------
x = 135.000000, y = 244.000000
avance = -171.000000, avanceR = 2.000000, avanceI = 2.000000
inc_x_r = 0.000000, inc_y_r = 1.000000, inc_x_i = 1.000000, inc_y_i = 1.000000
En el else......

----------------------------------------
x = 135.000000, y = 245.000000
avance = -169.000000, avanceR = 2.000000, avanceI = 2.000000
inc_x_r = 0.000000, inc_y_r = 1.000000, inc_x_i = 1.000000, inc_y_i = 1.000000
En el else......

----------------------------------------
x = 135.000000, y = 246.000000
avance = -167.000000, avanceR = 2.000000, avanceI = 2.000000
inc_x_r = 0.000000, inc_y_r = 1.000000, inc_x_i = 1.000000, inc_y_i = 1.000000
En el else......

----------------------------------------
x = 135.000000, y = 247.000000
avance = -165.000000, avanceR = 2.000000, avanceI = 2.000000
inc_x_r = 0.000000, inc_y_r = 1.000000, inc_x_i = 1.000000, inc_y_i = 1.000000
En el else......

----------------------------------------
x = 135.000000, y = 248.000000
avance = -163.000000, avanceR = 2.000000, avanceI = 2.000000
inc_x_r = 0.000000, inc_y_r = 1.000000, inc_x_i = 1.000000, inc_y_i = 1.000000
En el else......

----------------------------------------
x = 135.000000, y = 249.000000
avance = -161.000000, avanceR = 2.000000, avanceI = 2.000000
inc_x_r = 0.000000, inc_y_r = 1.000000, inc_x_i = 1.000000, inc_y_i = 1.000000
En el else......

----------------------------------------
x = 135.000000, y = 250.000000
avance = -159.000000, avanceR = 2.000000, avanceI = 2.000000
inc_x_r = 0.000000, inc_y_r = 1.000000, inc_x_i = 1.000000, inc_y_i = 1.000000
En el else......

----------------------------------------
x = 135.000000, y = 251.000000
avance = -157.000000, avanceR = 2.000000, avanceI = 2.000000
inc_x_r = 0.000000, inc_y_r = 1.000000, inc_x_i = 1.000000, inc_y_i = 1.000000
En el else......

----------------------------------------
x = 135.000000, y = 252.000000
avance = -155.000000, avanceR = 2.000000, avanceI = 2.000000
inc_x_r = 0.000000, inc_y_r = 1.000000, inc_x_i = 1.000000, inc_y_i = 1.000000
En el else......

----------------------------------------
x = 135.000000, y = 253.000000
avance = -153.000000, avanceR = 2.000000, avanceI = 2.000000
inc_x_r = 0.000000, inc_y_r = 1.000000, inc_x_i = 1.000000, inc_y_i = 1.000000
En el else......

----------------------------------------
x = 135.000000, y = 254.000000
avance = -151.000000, avanceR = 2.000000, avanceI = 2.000000
inc_x_r = 0.000000, inc_y_r = 1.000000, inc_x_i = 1.000000, inc_y_i = 1.000000
En el else......

----------------------------------------
x = 135.000000, y = 255.000000
avance = -149.000000, avanceR = 2.000000, avanceI = 2.000000
inc_x_r = 0.000000, inc_y_r = 1.000000, inc_x_i = 1.000000, inc_y_i = 1.000000
En el else......

----------------------------------------
x = 135.000000, y = 256.000000
avance = -147.000000, avanceR = 2.000000, avanceI = 2.000000
inc_x_r = 0.000000, inc_y_r = 1.000000, inc_x_i = 1.000000, inc_y_i = 1.000000
En el else......

----------------------------------------
x = 135.000000, y = 257.000000
avance = -145.000000, avanceR = 2.000000, avanceI = 2.000000
inc_x_r = 0.000000, inc_y_r = 1.000000, inc_x_i = 1.000000, inc_y_i = 1.000000
En el else......

----------------------------------------
x = 135.000000, y = 258.000000
avance = -143.000000, avanceR = 2.000000, avanceI = 2.000000
inc_x_r = 0.000000, inc_y_r = 1.000000, inc_x_i = 1.000000, inc_y_i = 1.000000
En el else......

----------------------------------------
x = 135.000000, y = 259.000000
avance = -141.000000, avanceR = 2.000000, avanceI = 2.000000
inc_x_r = 0.000000, inc_y_r = 1.000000, inc_x_i = 1.000000, inc_y_i = 1.000000
En el else......

----------------------------------------
x = 135.000000, y = 260.000000
avance = -139.000000, avanceR = 2.000000, avanceI = 2.000000
inc_x_r = 0.000000, inc_y_r = 1.000000, inc_x_i = 1.000000, inc_y_i = 1.000000
En el else......

----------------------------------------
x = 135.000000, y = 261.000000
avance = -137.000000, avanceR = 2.000000, avanceI = 2.000000
inc_x_r = 0.000000, inc_y_r = 1.000000, inc_x_i = 1.000000, inc_y_i = 1.000000
En el else......

----------------------------------------
x = 135.000000, y = 262.000000
avance = -135.000000, avanceR = 2.000000, avanceI = 2.000000
inc_x_r = 0.000000, inc_y_r = 1.000000, inc_x_i = 1.000000, inc_y_i = 1.000000
En el else......

----------------------------------------
x = 135.000000, y = 263.000000
avance = -133.000000, avanceR = 2.000000, avanceI = 2.000000
inc_x_r = 0.000000, inc_y_r = 1.000000, inc_x_i = 1.000000, inc_y_i = 1.000000
En el else......

----------------------------------------
x = 135.000000, y = 264.000000
avance = -131.000000, avanceR = 2.000000, avanceI = 2.000000
inc_x_r = 0.000000, inc_y_r = 1.000000, inc_x_i = 1.000000, inc_y_i = 1.000000
En el else......

----------------------------------------
x = 135.000000, y = 265.000000
avance = -129.000000, avanceR = 2.000000, avanceI = 2.000000
inc_x_r = 0.000000, inc_y_r = 1.000000, inc_x_i = 1.000000, inc_y_i = 1.000000
En el else......

----------------------------------------
x = 135.000000, y = 266.000000
avance = -127.000000, avanceR = 2.000000, avanceI = 2.000000
inc_x_r = 0.000000, inc_y_r = 1.000000, inc_x_i = 1.000000, inc_y_i = 1.000000
En el else......

----------------------------------------
x = 135.000000, y = 267.000000
avance = -125.000000, avanceR = 2.000000, avanceI = 2.000000
inc_x_r = 0.000000, inc_y_r = 1.000000, inc_x_i = 1.000000, inc_y_i = 1.000000
En el else......

----------------------------------------
x = 135.000000, y = 268.000000
avance = -123.000000, avanceR = 2.000000, avanceI = 2.000000
inc_x_r = 0.000000, inc_y_r = 1.000000, inc_x_i = 1.000000, inc_y_i = 1.000000
En el else......

----------------------------------------
x = 135.000000, y = 269.000000
avance = -121.000000, avanceR = 2.000000, avanceI = 2.000000
inc_x_r = 0.000000, inc_y_r = 1.000000, inc_x_i = 1.000000, inc_y_i = 1.000000
En el else......

----------------------------------------
x = 135.000000, y = 270.000000
avance = -119.000000, avanceR = 2.000000, avanceI = 2.000000
inc_x_r = 0.000000, inc_y_r = 1.000000, inc_x_i = 1.000000, inc_y_i = 1.000000
En el else......

----------------------------------------
x = 135.000000, y = 271.000000
avance = -117.000000, avanceR = 2.000000, avanceI = 2.000000
inc_x_r = 0.000000, inc_y_r = 1.000000, inc_x_i = 1.000000, inc_y_i = 1.000000
En el else......

----------------------------------------
x = 135.000000, y = 272.000000
avance = -115.000000, avanceR = 2.000000, avanceI = 2.000000
inc_x_r = 0.000000, inc_y_r = 1.000000, inc_x_i = 1.000000, inc_y_i = 1.000000
En el else......

----------------------------------------
x = 135.000000, y = 273.000000
avance = -113.000000, avanceR = 2.000000, avanceI = 2.000000
inc_x_r = 0.000000, inc_y_r = 1.000000, inc_x_i = 1.000000, inc_y_i = 1.000000
En el else......

----------------------------------------
x = 135.000000, y = 274.000000
avance = -111.000000, avanceR = 2.000000, avanceI = 2.000000
inc_x_r = 0.000000, inc_y_r = 1.000000, inc_x_i = 1.000000, inc_y_i = 1.000000
En el else......

----------------------------------------
x = 135.000000, y = 275.000000
avance = -109.000000, avanceR = 2.000000, avanceI = 2.000000
inc_x_r = 0.000000, inc_y_r = 1.000000, inc_x_i = 1.000000, inc_y_i = 1.000000
En el else......

----------------------------------------
x = 135.000000, y = 276.000000
avance = -107.000000, avanceR = 2.000000, avanceI = 2.000000
inc_x_r = 0.000000, inc_y_r = 1.000000, inc_x_i = 1.000000, inc_y_i = 1.000000
En el else......

----------------------------------------
x = 135.000000, y = 277.000000
avance = -105.000000, avanceR = 2.000000, avanceI = 2.000000
inc_x_r = 0.000000, inc_y_r = 1.000000, inc_x_i = 1.000000, inc_y_i = 1.000000
En el else......

----------------------------------------
x = 135.000000, y = 278.000000
avance = -103.000000, avanceR = 2.000000, avanceI = 2.000000
inc_x_r = 0.000000, inc_y_r = 1.000000, inc_x_i = 1.000000, inc_y_i = 1.000000
En el else......

----------------------------------------
x = 135.000000, y = 279.000000
avance = -101.000000, avanceR = 2.000000, avanceI = 2.000000
inc_x_r = 0.000000, inc_y_r = 1.000000, inc_x_i = 1.000000, inc_y_i = 1.000000
En el else......

----------------------------------------
x = 135.000000, y = 280.000000
avance = -99.000000, avanceR = 2.000000, avanceI = 2.000000
inc_x_r = 0.000000, inc_y_r = 1.000000, inc_x_i = 1.000000, inc_y_i = 1.000000
En el else......

----------------------------------------
x = 135.000000, y = 281.000000
avance = -97.000000, avanceR = 2.000000, avanceI = 2.000000
inc_x_r = 0.000000, inc_y_r = 1.000000, inc_x_i = 1.000000, inc_y_i = 1.000000
En el else......

----------------------------------------
x = 135.000000, y = 282.000000
avance = -95.000000, avanceR = 2.000000, avanceI = 2.000000
inc_x_r = 0.000000, inc_y_r = 1.000000, inc_x_i = 1.000000, inc_y_i = 1.000000
En el else......

----------------------------------------
x = 135.000000, y = 283.000000
avance = -93.000000, avanceR = 2.000000, avanceI = 2.000000
inc_x_r = 0.000000, inc_y_r = 1.000000, inc_x_i = 1.000000, inc_y_i = 1.000000
En el else......

----------------------------------------
x = 135.000000, y = 284.000000
avance = -91.000000, avanceR = 2.000000, avanceI = 2.000000
inc_x_r = 0.000000, inc_y_r = 1.000000, inc_x_i = 1.000000, inc_y_i = 1.000000
En el else......

----------------------------------------
x = 135.000000, y = 285.000000
avance = -89.000000, avanceR = 2.000000, avanceI = 2.000000
inc_x_r = 0.000000, inc_y_r = 1.000000, inc_x_i = 1.000000, inc_y_i = 1.000000
En el else......

----------------------------------------
x = 135.000000, y = 286.000000
avance = -87.000000, avanceR = 2.000000, avanceI = 2.000000
inc_x_r = 0.000000, inc_y_r = 1.000000, inc_x_i = 1.000000, inc_y_i = 1.000000
En el else......

----------------------------------------
x = 135.000000, y = 287.000000
avance = -85.000000, avanceR = 2.000000, avanceI = 2.000000
inc_x_r = 0.000000, inc_y_r = 1.000000, inc_x_i = 1.000000, inc_y_i = 1.000000
En el else......

----------------------------------------
x = 135.000000, y = 288.000000
avance = -83.000000, avanceR = 2.000000, avanceI = 2.000000
inc_x_r = 0.000000, inc_y_r = 1.000000, inc_x_i = 1.000000, inc_y_i = 1.000000
En el else......

----------------------------------------
x = 135.000000, y = 289.000000
avance = -81.000000, avanceR = 2.000000, avanceI = 2.000000
inc_x_r = 0.000000, inc_y_r = 1.000000, inc_x_i = 1.000000, inc_y_i = 1.000000
En el else......

----------------------------------------
x = 135.000000, y = 290.000000
avance = -79.000000, avanceR = 2.000000, avanceI = 2.000000
inc_x_r = 0.000000, inc_y_r = 1.000000, inc_x_i = 1.000000, inc_y_i = 1.000000
En el else......

----------------------------------------
x = 135.000000, y = 291.000000
avance = -77.000000, avanceR = 2.000000, avanceI = 2.000000
inc_x_r = 0.000000, inc_y_r = 1.000000, inc_x_i = 1.000000, inc_y_i = 1.000000
En el else......

----------------------------------------
x = 135.000000, y = 292.000000
avance = -75.000000, avanceR = 2.000000, avanceI = 2.000000
inc_x_r = 0.000000, inc_y_r = 1.000000, inc_x_i = 1.000000, inc_y_i = 1.000000
En el else......

----------------------------------------
x = 135.000000, y = 293.000000
avance = -73.000000, avanceR = 2.000000, avanceI = 2.000000
inc_x_r = 0.000000, inc_y_r = 1.000000, inc_x_i = 1.000000, inc_y_i = 1.000000
En el else......

----------------------------------------
x = 135.000000, y = 294.000000
avance = -71.000000, avanceR = 2.000000, avanceI = 2.000000
inc_x_r = 0.000000, inc_y_r = 1.000000, inc_x_i = 1.000000, inc_y_i = 1.000000
En el else......

----------------------------------------
x = 135.000000, y = 295.000000
avance = -69.000000, avanceR = 2.000000, avanceI = 2.000000
inc_x_r = 0.000000, inc_y_r = 1.000000, inc_x_i = 1.000000, inc_y_i = 1.000000
En el else......

----------------------------------------
x = 135.000000, y = 296.000000
avance = -67.000000, avanceR = 2.000000, avanceI = 2.000000
inc_x_r = 0.000000, inc_y_r = 1.000000, inc_x_i = 1.000000, inc_y_i = 1.000000
En el else......

----------------------------------------
x = 135.000000, y = 297.000000
avance = -65.000000, avanceR = 2.000000, avanceI = 2.000000
inc_x_r = 0.000000, inc_y_r = 1.000000, inc_x_i = 1.000000, inc_y_i = 1.000000
En el else......

----------------------------------------
x = 135.000000, y = 298.000000
avance = -63.000000, avanceR = 2.000000, avanceI = 2.000000
inc_x_r = 0.000000, inc_y_r = 1.000000, inc_x_i = 1.000000, inc_y_i = 1.000000
En el else......

----------------------------------------
x = 135.000000, y = 299.000000
avance = -61.000000, avanceR = 2.000000, avanceI = 2.000000
inc_x_r = 0.000000, inc_y_r = 1.000000, inc_x_i = 1.000000, inc_y_i = 1.000000
En el else......

----------------------------------------
x = 135.000000, y = 300.000000
avance = -59.000000, avanceR = 2.000000, avanceI = 2.000000
inc_x_r = 0.000000, inc_y_r = 1.000000, inc_x_i = 1.000000, inc_y_i = 1.000000
En el else......

----------------------------------------
x = 135.000000, y = 301.000000
avance = -57.000000, avanceR = 2.000000, avanceI = 2.000000
inc_x_r = 0.000000, inc_y_r = 1.000000, inc_x_i = 1.000000, inc_y_i = 1.000000
En el else......

----------------------------------------
x = 135.000000, y = 302.000000
avance = -55.000000, avanceR = 2.000000, avanceI = 2.000000
inc_x_r = 0.000000, inc_y_r = 1.000000, inc_x_i = 1.000000, inc_y_i = 1.000000
En el else......

----------------------------------------
x = 135.000000, y = 303.000000
avance = -53.000000, avanceR = 2.000000, avanceI = 2.000000
inc_x_r = 0.000000, inc_y_r = 1.000000, inc_x_i = 1.000000, inc_y_i = 1.000000
En el else......

----------------------------------------
x = 135.000000, y = 304.000000
avance = -51.000000, avanceR = 2.000000, avanceI = 2.000000
inc_x_r = 0.000000, inc_y_r = 1.000000, inc_x_i = 1.000000, inc_y_i = 1.000000
En el else......

----------------------------------------
x = 135.000000, y = 305.000000
avance = -49.000000, avanceR = 2.000000, avanceI = 2.000000
inc_x_r = 0.000000, inc_y_r = 1.000000, inc_x_i = 1.000000, inc_y_i = 1.000000
En el else......

----------------------------------------
x = 135.000000, y = 306.000000
avance = -47.000000, avanceR = 2.000000, avanceI = 2.000000
inc_x_r = 0.000000, inc_y_r = 1.000000, inc_x_i = 1.000000, inc_y_i = 1.000000
En el else......

----------------------------------------
x = 135.000000, y = 307.000000
avance = -45.000000, avanceR = 2.000000, avanceI = 2.000000
inc_x_r = 0.000000, inc_y_r = 1.000000, inc_x_i = 1.000000, inc_y_i = 1.000000
En el else......

----------------------------------------
x = 135.000000, y = 308.000000
avance = -43.000000, avanceR = 2.000000, avanceI = 2.000000
inc_x_r = 0.000000, inc_y_r = 1.000000, inc_x_i = 1.000000, inc_y_i = 1.000000
En el else......

----------------------------------------
x = 135.000000, y = 309.000000
avance = -41.000000, avanceR = 2.000000, avanceI = 2.000000
inc_x_r = 0.000000, inc_y_r = 1.000000, inc_x_i = 1.000000, inc_y_i = 1.000000
En el else......

----------------------------------------
x = 135.000000, y = 310.000000
avance = -39.000000, avanceR = 2.000000, avanceI = 2.000000
inc_x_r = 0.000000, inc_y_r = 1.000000, inc_x_i = 1.000000, inc_y_i = 1.000000
En el else......

----------------------------------------
x = 135.000000, y = 311.000000
avance = -37.000000, avanceR = 2.000000, avanceI = 2.000000
inc_x_r = 0.000000, inc_y_r = 1.000000, inc_x_i = 1.000000, inc_y_i = 1.000000
En el else......

----------------------------------------
x = 135.000000, y = 312.000000
avance = -35.000000, avanceR = 2.000000, avanceI = 2.000000
inc_x_r = 0.000000, inc_y_r = 1.000000, inc_x_i = 1.000000, inc_y_i = 1.000000
En el else......

----------------------------------------
x = 135.000000, y = 313.000000
avance = -33.000000, avanceR = 2.000000, avanceI = 2.000000
inc_x_r = 0.000000, inc_y_r = 1.000000, inc_x_i = 1.000000, inc_y_i = 1.000000
En el else......

----------------------------------------
x = 135.000000, y = 314.000000
avance = -31.000000, avanceR = 2.000000, avanceI = 2.000000
inc_x_r = 0.000000, inc_y_r = 1.000000, inc_x_i = 1.000000, inc_y_i = 1.000000
En el else......

----------------------------------------
x = 135.000000, y = 315.000000
avance = -29.000000, avanceR = 2.000000, avanceI = 2.000000
inc_x_r = 0.000000, inc_y_r = 1.000000, inc_x_i = 1.000000, inc_y_i = 1.000000
En el else......

----------------------------------------
x = 135.000000, y = 316.000000
avance = -27.000000, avanceR = 2.000000, avanceI = 2.000000
inc_x_r = 0.000000, inc_y_r = 1.000000, inc_x_i = 1.000000, inc_y_i = 1.000000
En el else......

----------------------------------------
x = 135.000000, y = 317.000000
avance = -25.000000, avanceR = 2.000000, avanceI = 2.000000
inc_x_r = 0.000000, inc_y_r = 1.000000, inc_x_i = 1.000000, inc_y_i = 1.000000
En el else......

----------------------------------------
x = 135.000000, y = 318.000000
avance = -23.000000, avanceR = 2.000000, avanceI = 2.000000
inc_x_r = 0.000000, inc_y_r = 1.000000, inc_x_i = 1.000000, inc_y_i = 1.000000
En el else......

----------------------------------------
x = 135.000000, y = 319.000000
avance = -21.000000, avanceR = 2.000000, avanceI = 2.000000
inc_x_r = 0.000000, inc_y_r = 1.000000, inc_x_i = 1.000000, inc_y_i = 1.000000
En el else......

----------------------------------------
x = 135.000000, y = 320.000000
avance = -19.000000, avanceR = 2.000000, avanceI = 2.000000
inc_x_r = 0.000000, inc_y_r = 1.000000, inc_x_i = 1.000000, inc_y_i = 1.000000
En el else......

----------------------------------------
x = 135.000000, y = 321.000000
avance = -17.000000, avanceR = 2.000000, avanceI = 2.000000
inc_x_r = 0.000000, inc_y_r = 1.000000, inc_x_i = 1.000000, inc_y_i = 1.000000
En el else......

----------------------------------------
x = 135.000000, y = 322.000000
avance = -15.000000, avanceR = 2.000000, avanceI = 2.000000
inc_x_r = 0.000000, inc_y_r = 1.000000, inc_x_i = 1.000000, inc_y_i = 1.000000
En el else......

----------------------------------------
x = 135.000000, y = 323.000000
avance = -13.000000, avanceR = 2.000000, avanceI = 2.000000
inc_x_r = 0.000000, inc_y_r = 1.000000, inc_x_i = 1.000000, inc_y_i = 1.000000
En el else......

----------------------------------------
x = 135.000000, y = 324.000000
avance = -11.000000, avanceR = 2.000000, avanceI = 2.000000
inc_x_r = 0.000000, inc_y_r = 1.000000, inc_x_i = 1.000000, inc_y_i = 1.000000
En el else......

----------------------------------------
x = 135.000000, y = 325.000000
avance = -9.000000, avanceR = 2.000000, avanceI = 2.000000
inc_x_r = 0.000000, inc_y_r = 1.000000, inc_x_i = 1.000000, inc_y_i = 1.000000
En el else......

----------------------------------------
x = 135.000000, y = 326.000000
avance = -7.000000, avanceR = 2.000000, avanceI = 2.000000
inc_x_r = 0.000000, inc_y_r = 1.000000, inc_x_i = 1.000000, inc_y_i = 1.000000
En el else......

----------------------------------------
x = 135.000000, y = 327.000000
avance = -5.000000, avanceR = 2.000000, avanceI = 2.000000
inc_x_r = 0.000000, inc_y_r = 1.000000, inc_x_i = 1.000000, inc_y_i = 1.000000
En el else......

----------------------------------------
x = 135.000000, y = 328.000000
avance = -3.000000, avanceR = 2.000000, avanceI = 2.000000
inc_x_r = 0.000000, inc_y_r = 1.000000, inc_x_i = 1.000000, inc_y_i = 1.000000
En el else......

----------------------------------------
x = 135.000000, y = 329.000000
avance = -1.000000, avanceR = 2.000000, avanceI = 2.000000
inc_x_r = 0.000000, inc_y_r = 1.000000, inc_x_i = 1.000000, inc_y_i = 1.000000
En el else......

----------------------------------------
x = 135.000000, y = 330.000000
avance = 1.000000, avanceR = 2.000000, avanceI = 2.000000
inc_x_r = 0.000000, inc_y_r = 1.000000, inc_x_i = 1.000000, inc_y_i = 1.000000
avance >= 0

----------------------------------------
x = 136.000000, y = 331.000000
avance = -499.000000, avanceR = 2.000000, avanceI = 2.000000
inc_x_r = 0.000000, inc_y_r = 1.000000, inc_x_i = 1.000000, inc_y_i = 1.000000
En el else......

----------------------------------------
x = 136.000000, y = 332.000000
avance = -497.000000, avanceR = 2.000000, avanceI = 2.000000
inc_x_r = 0.000000, inc_y_r = 1.000000, inc_x_i = 1.000000, inc_y_i = 1.000000
En el else......

----------------------------------------
x = 136.000000, y = 333.000000
avance = -495.000000, avanceR = 2.000000, avanceI = 2.000000
inc_x_r = 0.000000, inc_y_r = 1.000000, inc_x_i = 1.000000, inc_y_i = 1.000000
En el else......

----------------------------------------
x = 136.000000, y = 334.000000
avance = -493.000000, avanceR = 2.000000, avanceI = 2.000000
inc_x_r = 0.000000, inc_y_r = 1.000000, inc_x_i = 1.000000, inc_y_i = 1.000000
En el else......

----------------------------------------
x = 136.000000, y = 335.000000
avance = -491.000000, avanceR = 2.000000, avanceI = 2.000000
inc_x_r = 0.000000, inc_y_r = 1.000000, inc_x_i = 1.000000, inc_y_i = 1.000000
En el else......

----------------------------------------
x = 136.000000, y = 336.000000
avance = -489.000000, avanceR = 2.000000, avanceI = 2.000000
inc_x_r = 0.000000, inc_y_r = 1.000000, inc_x_i = 1.000000, inc_y_i = 1.000000
En el else......

----------------------------------------
x = 136.000000, y = 337.000000
avance = -487.000000, avanceR = 2.000000, avanceI = 2.000000
inc_x_r = 0.000000, inc_y_r = 1.000000, inc_x_i = 1.000000, inc_y_i = 1.000000
En el else......

----------------------------------------
x = 136.000000, y = 338.000000
avance = -485.000000, avanceR = 2.000000, avanceI = 2.000000
inc_x_r = 0.000000, inc_y_r = 1.000000, inc_x_i = 1.000000, inc_y_i = 1.000000
En el else......

----------------------------------------
x = 136.000000, y = 339.000000
avance = -483.000000, avanceR = 2.000000, avanceI = 2.000000
inc_x_r = 0.000000, inc_y_r = 1.000000, inc_x_i = 1.000000, inc_y_i = 1.000000
En el else......

----------------------------------------
x = 136.000000, y = 340.000000
avance = -481.000000, avanceR = 2.000000, avanceI = 2.000000
inc_x_r = 0.000000, inc_y_r = 1.000000, inc_x_i = 1.000000, inc_y_i = 1.000000
En el else......

----------------------------------------
x = 136.000000, y = 341.000000
avance = -479.000000, avanceR = 2.000000, avanceI = 2.000000
inc_x_r = 0.000000, inc_y_r = 1.000000, inc_x_i = 1.000000, inc_y_i = 1.000000
En el else......

----------------------------------------
x = 136.000000, y = 342.000000
avance = -477.000000, avanceR = 2.000000, avanceI = 2.000000
inc_x_r = 0.000000, inc_y_r = 1.000000, inc_x_i = 1.000000, inc_y_i = 1.000000
En el else......

----------------------------------------
x = 136.000000, y = 343.000000
avance = -475.000000, avanceR = 2.000000, avanceI = 2.000000
inc_x_r = 0.000000, inc_y_r = 1.000000, inc_x_i = 1.000000, inc_y_i = 1.000000
En el else......

----------------------------------------
x = 136.000000, y = 344.000000
avance = -473.000000, avanceR = 2.000000, avanceI = 2.000000
inc_x_r = 0.000000, inc_y_r = 1.000000, inc_x_i = 1.000000, inc_y_i = 1.000000
En el else......

----------------------------------------
x = 136.000000, y = 345.000000
avance = -471.000000, avanceR = 2.000000, avanceI = 2.000000
inc_x_r = 0.000000, inc_y_r = 1.000000, inc_x_i = 1.000000, inc_y_i = 1.000000
En el else......

----------------------------------------
x = 136.000000, y = 346.000000
avance = -469.000000, avanceR = 2.000000, avanceI = 2.000000
inc_x_r = 0.000000, inc_y_r = 1.000000, inc_x_i = 1.000000, inc_y_i = 1.000000
En el else......

----------------------------------------
x = 136.000000, y = 347.000000
avance = -467.000000, avanceR = 2.000000, avanceI = 2.000000
inc_x_r = 0.000000, inc_y_r = 1.000000, inc_x_i = 1.000000, inc_y_i = 1.000000
En el else......

----------------------------------------
x = 136.000000, y = 348.000000
avance = -465.000000, avanceR = 2.000000, avanceI = 2.000000
inc_x_r = 0.000000, inc_y_r = 1.000000, inc_x_i = 1.000000, inc_y_i = 1.000000
En el else......

----------------------------------------
x = 136.000000, y = 349.000000
avance = -463.000000, avanceR = 2.000000, avanceI = 2.000000
inc_x_r = 0.000000, inc_y_r = 1.000000, inc_x_i = 1.000000, inc_y_i = 1.000000
En el else......

----------------------------------------
x = 136.000000, y = 350.000000
avance = -461.000000, avanceR = 2.000000, avanceI = 2.000000
inc_x_r = 0.000000, inc_y_r = 1.000000, inc_x_i = 1.000000, inc_y_i = 1.000000
En el else......

----------------------------------------
x = 136.000000, y = 351.000000
avance = -459.000000, avanceR = 2.000000, avanceI = 2.000000
inc_x_r = 0.000000, inc_y_r = 1.000000, inc_x_i = 1.000000, inc_y_i = 1.000000
En el else......

----------------------------------------
x = 136.000000, y = 352.000000
avance = -457.000000, avanceR = 2.000000, avanceI = 2.000000
inc_x_r = 0.000000, inc_y_r = 1.000000, inc_x_i = 1.000000, inc_y_i = 1.000000
En el else......

----------------------------------------
x = 136.000000, y = 353.000000
avance = -455.000000, avanceR = 2.000000, avanceI = 2.000000
inc_x_r = 0.000000, inc_y_r = 1.000000, inc_x_i = 1.000000, inc_y_i = 1.000000
En el else......

----------------------------------------
x = 136.000000, y = 354.000000
avance = -453.000000, avanceR = 2.000000, avanceI = 2.000000
inc_x_r = 0.000000, inc_y_r = 1.000000, inc_x_i = 1.000000, inc_y_i = 1.000000
En el else......

----------------------------------------
x = 136.000000, y = 355.000000
avance = -451.000000, avanceR = 2.000000, avanceI = 2.000000
inc_x_r = 0.000000, inc_y_r = 1.000000, inc_x_i = 1.000000, inc_y_i = 1.000000
En el else......

----------------------------------------
x = 136.000000, y = 356.000000
avance = -449.000000, avanceR = 2.000000, avanceI = 2.000000
inc_x_r = 0.000000, inc_y_r = 1.000000, inc_x_i = 1.000000, inc_y_i = 1.000000
En el else......

----------------------------------------
x = 136.000000, y = 357.000000
avance = -447.000000, avanceR = 2.000000, avanceI = 2.000000
inc_x_r = 0.000000, inc_y_r = 1.000000, inc_x_i = 1.000000, inc_y_i = 1.000000
En el else......

----------------------------------------
x = 136.000000, y = 358.000000
avance = -445.000000, avanceR = 2.000000, avanceI = 2.000000
inc_x_r = 0.000000, inc_y_r = 1.000000, inc_x_i = 1.000000, inc_y_i = 1.000000
En el else......

----------------------------------------
x = 136.000000, y = 359.000000
avance = -443.000000, avanceR = 2.000000, avanceI = 2.000000
inc_x_r = 0.000000, inc_y_r = 1.000000, inc_x_i = 1.000000, inc_y_i = 1.000000
En el else......

----------------------------------------
x = 136.000000, y = 360.000000
avance = -441.000000, avanceR = 2.000000, avanceI = 2.000000
inc_x_r = 0.000000, inc_y_r = 1.000000, inc_x_i = 1.000000, inc_y_i = 1.000000
En el else......

----------------------------------------
x = 136.000000, y = 361.000000
avance = -439.000000, avanceR = 2.000000, avanceI = 2.000000
inc_x_r = 0.000000, inc_y_r = 1.000000, inc_x_i = 1.000000, inc_y_i = 1.000000
En el else......

----------------------------------------
x = 136.000000, y = 362.000000
avance = -437.000000, avanceR = 2.000000, avanceI = 2.000000
inc_x_r = 0.000000, inc_y_r = 1.000000, inc_x_i = 1.000000, inc_y_i = 1.000000
En el else......

----------------------------------------
x = 136.000000, y = 363.000000
avance = -435.000000, avanceR = 2.000000, avanceI = 2.000000
inc_x_r = 0.000000, inc_y_r = 1.000000, inc_x_i = 1.000000, inc_y_i = 1.000000
En el else......

----------------------------------------
x = 136.000000, y = 364.000000
avance = -433.000000, avanceR = 2.000000, avanceI = 2.000000
inc_x_r = 0.000000, inc_y_r = 1.000000, inc_x_i = 1.000000, inc_y_i = 1.000000
En el else......

----------------------------------------
x = 136.000000, y = 365.000000
avance = -431.000000, avanceR = 2.000000, avanceI = 2.000000
inc_x_r = 0.000000, inc_y_r = 1.000000, inc_x_i = 1.000000, inc_y_i = 1.000000
En el else......

----------------------------------------
x = 136.000000, y = 366.000000
avance = -429.000000, avanceR = 2.000000, avanceI = 2.000000
inc_x_r = 0.000000, inc_y_r = 1.000000, inc_x_i = 1.000000, inc_y_i = 1.000000
En el else......

----------------------------------------
x = 136.000000, y = 367.000000
avance = -427.000000, avanceR = 2.000000, avanceI = 2.000000
inc_x_r = 0.000000, inc_y_r = 1.000000, inc_x_i = 1.000000, inc_y_i = 1.000000
En el else......

----------------------------------------
x = 136.000000, y = 368.000000
avance = -425.000000, avanceR = 2.000000, avanceI = 2.000000
inc_x_r = 0.000000, inc_y_r = 1.000000, inc_x_i = 1.000000, inc_y_i = 1.000000
En el else......

----------------------------------------
x = 136.000000, y = 369.000000
avance = -423.000000, avanceR = 2.000000, avanceI = 2.000000
inc_x_r = 0.000000, inc_y_r = 1.000000, inc_x_i = 1.000000, inc_y_i = 1.000000
En el else......

----------------------------------------
x = 136.000000, y = 370.000000
avance = -421.000000, avanceR = 2.000000, avanceI = 2.000000
inc_x_r = 0.000000, inc_y_r = 1.000000, inc_x_i = 1.000000, inc_y_i = 1.000000
En el else......

----------------------------------------
x = 136.000000, y = 371.000000
avance = -419.000000, avanceR = 2.000000, avanceI = 2.000000
inc_x_r = 0.000000, inc_y_r = 1.000000, inc_x_i = 1.000000, inc_y_i = 1.000000
En el else......

----------------------------------------
x = 136.000000, y = 372.000000
avance = -417.000000, avanceR = 2.000000, avanceI = 2.000000
inc_x_r = 0.000000, inc_y_r = 1.000000, inc_x_i = 1.000000, inc_y_i = 1.000000
En el else......

----------------------------------------
x = 136.000000, y = 373.000000
avance = -415.000000, avanceR = 2.000000, avanceI = 2.000000
inc_x_r = 0.000000, inc_y_r = 1.000000, inc_x_i = 1.000000, inc_y_i = 1.000000
En el else......

----------------------------------------
x = 136.000000, y = 374.000000
avance = -413.000000, avanceR = 2.000000, avanceI = 2.000000
inc_x_r = 0.000000, inc_y_r = 1.000000, inc_x_i = 1.000000, inc_y_i = 1.000000
En el else......

----------------------------------------
x = 136.000000, y = 375.000000
avance = -411.000000, avanceR = 2.000000, avanceI = 2.000000
inc_x_r = 0.000000, inc_y_r = 1.000000, inc_x_i = 1.000000, inc_y_i = 1.000000
En el else......

----------------------------------------
x = 136.000000, y = 376.000000
avance = -409.000000, avanceR = 2.000000, avanceI = 2.000000
inc_x_r = 0.000000, inc_y_r = 1.000000, inc_x_i = 1.000000, inc_y_i = 1.000000
En el else......

----------------------------------------
x = 136.000000, y = 377.000000
avance = -407.000000, avanceR = 2.000000, avanceI = 2.000000
inc_x_r = 0.000000, inc_y_r = 1.000000, inc_x_i = 1.000000, inc_y_i = 1.000000
En el else......

----------------------------------------
x = 136.000000, y = 378.000000
avance = -405.000000, avanceR = 2.000000, avanceI = 2.000000
inc_x_r = 0.000000, inc_y_r = 1.000000, inc_x_i = 1.000000, inc_y_i = 1.000000
En el else......

----------------------------------------
x = 136.000000, y = 379.000000
avance = -403.000000, avanceR = 2.000000, avanceI = 2.000000
inc_x_r = 0.000000, inc_y_r = 1.000000, inc_x_i = 1.000000, inc_y_i = 1.000000
En el else......

----------------------------------------
x = 136.000000, y = 380.000000
avance = -401.000000, avanceR = 2.000000, avanceI = 2.000000
inc_x_r = 0.000000, inc_y_r = 1.000000, inc_x_i = 1.000000, inc_y_i = 1.000000
En el else......

----------------------------------------
x = 136.000000, y = 381.000000
avance = -399.000000, avanceR = 2.000000, avanceI = 2.000000
inc_x_r = 0.000000, inc_y_r = 1.000000, inc_x_i = 1.000000, inc_y_i = 1.000000
En el else......

----------------------------------------
x = 136.000000, y = 382.000000
avance = -397.000000, avanceR = 2.000000, avanceI = 2.000000
inc_x_r = 0.000000, inc_y_r = 1.000000, inc_x_i = 1.000000, inc_y_i = 1.000000
En el else......

----------------------------------------
x = 136.000000, y = 383.000000
avance = -395.000000, avanceR = 2.000000, avanceI = 2.000000
inc_x_r = 0.000000, inc_y_r = 1.000000, inc_x_i = 1.000000, inc_y_i = 1.000000
En el else......

----------------------------------------
x = 136.000000, y = 384.000000
avance = -393.000000, avanceR = 2.000000, avanceI = 2.000000
inc_x_r = 0.000000, inc_y_r = 1.000000, inc_x_i = 1.000000, inc_y_i = 1.000000
En el else......

----------------------------------------
x = 136.000000, y = 385.000000
avance = -391.000000, avanceR = 2.000000, avanceI = 2.000000
inc_x_r = 0.000000, inc_y_r = 1.000000, inc_x_i = 1.000000, inc_y_i = 1.000000
En el else......

----------------------------------------
x = 136.000000, y = 386.000000
avance = -389.000000, avanceR = 2.000000, avanceI = 2.000000
inc_x_r = 0.000000, inc_y_r = 1.000000, inc_x_i = 1.000000, inc_y_i = 1.000000
En el else......

----------------------------------------
x = 136.000000, y = 387.000000
avance = -387.000000, avanceR = 2.000000, avanceI = 2.000000
inc_x_r = 0.000000, inc_y_r = 1.000000, inc_x_i = 1.000000, inc_y_i = 1.000000
En el else......

----------------------------------------
x = 136.000000, y = 388.000000
avance = -385.000000, avanceR = 2.000000, avanceI = 2.000000
inc_x_r = 0.000000, inc_y_r = 1.000000, inc_x_i = 1.000000, inc_y_i = 1.000000
En el else......

----------------------------------------
x = 136.000000, y = 389.000000
avance = -383.000000, avanceR = 2.000000, avanceI = 2.000000
inc_x_r = 0.000000, inc_y_r = 1.000000, inc_x_i = 1.000000, inc_y_i = 1.000000
En el else......

----------------------------------------
x = 136.000000, y = 390.000000
avance = -381.000000, avanceR = 2.000000, avanceI = 2.000000
inc_x_r = 0.000000, inc_y_r = 1.000000, inc_x_i = 1.000000, inc_y_i = 1.000000
En el else......

----------------------------------------
x = 136.000000, y = 391.000000
avance = -379.000000, avanceR = 2.000000, avanceI = 2.000000
inc_x_r = 0.000000, inc_y_r = 1.000000, inc_x_i = 1.000000, inc_y_i = 1.000000
En el else......

----------------------------------------
x = 136.000000, y = 392.000000
avance = -377.000000, avanceR = 2.000000, avanceI = 2.000000
inc_x_r = 0.000000, inc_y_r = 1.000000, inc_x_i = 1.000000, inc_y_i = 1.000000
En el else......

----------------------------------------
x = 136.000000, y = 393.000000
avance = -375.000000, avanceR = 2.000000, avanceI = 2.000000
inc_x_r = 0.000000, inc_y_r = 1.000000, inc_x_i = 1.000000, inc_y_i = 1.000000
En el else......

----------------------------------------
x = 136.000000, y = 394.000000
avance = -373.000000, avanceR = 2.000000, avanceI = 2.000000
inc_x_r = 0.000000, inc_y_r = 1.000000, inc_x_i = 1.000000, inc_y_i = 1.000000
En el else......

----------------------------------------
x = 136.000000, y = 395.000000
avance = -371.000000, avanceR = 2.000000, avanceI = 2.000000
inc_x_r = 0.000000, inc_y_r = 1.000000, inc_x_i = 1.000000, inc_y_i = 1.000000
En el else......

----------------------------------------
x = 136.000000, y = 396.000000
avance = -369.000000, avanceR = 2.000000, avanceI = 2.000000
inc_x_r = 0.000000, inc_y_r = 1.000000, inc_x_i = 1.000000, inc_y_i = 1.000000
En el else......

----------------------------------------
x = 136.000000, y = 397.000000
avance = -367.000000, avanceR = 2.000000, avanceI = 2.000000
inc_x_r = 0.000000, inc_y_r = 1.000000, inc_x_i = 1.000000, inc_y_i = 1.000000
En el else......

----------------------------------------
x = 136.000000, y = 398.000000
avance = -365.000000, avanceR = 2.000000, avanceI = 2.000000
inc_x_r = 0.000000, inc_y_r = 1.000000, inc_x_i = 1.000000, inc_y_i = 1.000000
En el else......

----------------------------------------
x = 136.000000, y = 399.000000
avance = -363.000000, avanceR = 2.000000, avanceI = 2.000000
inc_x_r = 0.000000, inc_y_r = 1.000000, inc_x_i = 1.000000, inc_y_i = 1.000000
En el else......

----------------------------------------
hora de salir del bucle mi pana


ENTRAMOS A BRESENHAMªªªª
x1 = 125.000000 - y1 = 195.000000 || x2 = 126.000000 - y2 = 446.000000
dy = 251.000000, dx = 1.000000
avances inclinados: inc_x_i = 1.000000, inc_y_i = 1.000000
updated: dy = 251.000000, dx = 1.000000
avances rectos: inc_x_r = 0.000000, inc_y_r 1.000000
reupdated: dy = 1.000000, dx = 251.000000
avanceR = 2.000000, avance -249.000000, avanceI 2.000000
----------------------------------------
x = 125.000000, y = 195.000000
avance = -249.000000, avanceR = 2.000000, avanceI = 2.000000
inc_x_r = 0.000000, inc_y_r = 1.000000, inc_x_i = 1.000000, inc_y_i = 1.000000
En el else......

----------------------------------------
x = 125.000000, y = 196.000000
avance = -247.000000, avanceR = 2.000000, avanceI = 2.000000
inc_x_r = 0.000000, inc_y_r = 1.000000, inc_x_i = 1.000000, inc_y_i = 1.000000
En el else......

----------------------------------------
x = 125.000000, y = 197.000000
avance = -245.000000, avanceR = 2.000000, avanceI = 2.000000
inc_x_r = 0.000000, inc_y_r = 1.000000, inc_x_i = 1.000000, inc_y_i = 1.000000
En el else......

----------------------------------------
x = 125.000000, y = 198.000000
avance = -243.000000, avanceR = 2.000000, avanceI = 2.000000
inc_x_r = 0.000000, inc_y_r = 1.000000, inc_x_i = 1.000000, inc_y_i = 1.000000
En el else......

----------------------------------------
x = 125.000000, y = 199.000000
avance = -241.000000, avanceR = 2.000000, avanceI = 2.000000
inc_x_r = 0.000000, inc_y_r = 1.000000, inc_x_i = 1.000000, inc_y_i = 1.000000
En el else......

----------------------------------------
x = 125.000000, y = 200.000000
avance = -239.000000, avanceR = 2.000000, avanceI = 2.000000
inc_x_r = 0.000000, inc_y_r = 1.000000, inc_x_i = 1.000000, inc_y_i = 1.000000
En el else......

----------------------------------------
x = 125.000000, y = 201.000000
avance = -237.000000, avanceR = 2.000000, avanceI = 2.000000
inc_x_r = 0.000000, inc_y_r = 1.000000, inc_x_i = 1.000000, inc_y_i = 1.000000
En el else......

----------------------------------------
x = 125.000000, y = 202.000000
avance = -235.000000, avanceR = 2.000000, avanceI = 2.000000
inc_x_r = 0.000000, inc_y_r = 1.000000, inc_x_i = 1.000000, inc_y_i = 1.000000
En el else......

----------------------------------------
x = 125.000000, y = 203.000000
avance = -233.000000, avanceR = 2.000000, avanceI = 2.000000
inc_x_r = 0.000000, inc_y_r = 1.000000, inc_x_i = 1.000000, inc_y_i = 1.000000
En el else......

----------------------------------------
x = 125.000000, y = 204.000000
avance = -231.000000, avanceR = 2.000000, avanceI = 2.000000
inc_x_r = 0.000000, inc_y_r = 1.000000, inc_x_i = 1.000000, inc_y_i = 1.000000
En el else......

----------------------------------------
x = 125.000000, y = 205.000000
avance = -229.000000, avanceR = 2.000000, avanceI = 2.000000
inc_x_r = 0.000000, inc_y_r = 1.000000, inc_x_i = 1.000000, inc_y_i = 1.000000
En el else......

----------------------------------------
x = 125.000000, y = 206.000000
avance = -227.000000, avanceR = 2.000000, avanceI = 2.000000
inc_x_r = 0.000000, inc_y_r = 1.000000, inc_x_i = 1.000000, inc_y_i = 1.000000
En el else......

----------------------------------------
x = 125.000000, y = 207.000000
avance = -225.000000, avanceR = 2.000000, avanceI = 2.000000
inc_x_r = 0.000000, inc_y_r = 1.000000, inc_x_i = 1.000000, inc_y_i = 1.000000
En el else......

----------------------------------------
x = 125.000000, y = 208.000000
avance = -223.000000, avanceR = 2.000000, avanceI = 2.000000
inc_x_r = 0.000000, inc_y_r = 1.000000, inc_x_i = 1.000000, inc_y_i = 1.000000
En el else......

----------------------------------------
x = 125.000000, y = 209.000000
avance = -221.000000, avanceR = 2.000000, avanceI = 2.000000
inc_x_r = 0.000000, inc_y_r = 1.000000, inc_x_i = 1.000000, inc_y_i = 1.000000
En el else......

----------------------------------------
x = 125.000000, y = 210.000000
avance = -219.000000, avanceR = 2.000000, avanceI = 2.000000
inc_x_r = 0.000000, inc_y_r = 1.000000, inc_x_i = 1.000000, inc_y_i = 1.000000
En el else......

----------------------------------------
x = 125.000000, y = 211.000000
avance = -217.000000, avanceR = 2.000000, avanceI = 2.000000
inc_x_r = 0.000000, inc_y_r = 1.000000, inc_x_i = 1.000000, inc_y_i = 1.000000
En el else......

----------------------------------------
x = 125.000000, y = 212.000000
avance = -215.000000, avanceR = 2.000000, avanceI = 2.000000
inc_x_r = 0.000000, inc_y_r = 1.000000, inc_x_i = 1.000000, inc_y_i = 1.000000
En el else......

----------------------------------------
x = 125.000000, y = 213.000000
avance = -213.000000, avanceR = 2.000000, avanceI = 2.000000
inc_x_r = 0.000000, inc_y_r = 1.000000, inc_x_i = 1.000000, inc_y_i = 1.000000
En el else......

----------------------------------------
x = 125.000000, y = 214.000000
avance = -211.000000, avanceR = 2.000000, avanceI = 2.000000
inc_x_r = 0.000000, inc_y_r = 1.000000, inc_x_i = 1.000000, inc_y_i = 1.000000
En el else......

----------------------------------------
x = 125.000000, y = 215.000000
avance = -209.000000, avanceR = 2.000000, avanceI = 2.000000
inc_x_r = 0.000000, inc_y_r = 1.000000, inc_x_i = 1.000000, inc_y_i = 1.000000
En el else......

----------------------------------------
x = 125.000000, y = 216.000000
avance = -207.000000, avanceR = 2.000000, avanceI = 2.000000
inc_x_r = 0.000000, inc_y_r = 1.000000, inc_x_i = 1.000000, inc_y_i = 1.000000
En el else......

----------------------------------------
x = 125.000000, y = 217.000000
avance = -205.000000, avanceR = 2.000000, avanceI = 2.000000
inc_x_r = 0.000000, inc_y_r = 1.000000, inc_x_i = 1.000000, inc_y_i = 1.000000
En el else......

----------------------------------------
x = 125.000000, y = 218.000000
avance = -203.000000, avanceR = 2.000000, avanceI = 2.000000
inc_x_r = 0.000000, inc_y_r = 1.000000, inc_x_i = 1.000000, inc_y_i = 1.000000
En el else......

----------------------------------------
x = 125.000000, y = 219.000000
avance = -201.000000, avanceR = 2.000000, avanceI = 2.000000
inc_x_r = 0.000000, inc_y_r = 1.000000, inc_x_i = 1.000000, inc_y_i = 1.000000
En el else......

----------------------------------------
x = 125.000000, y = 220.000000
avance = -199.000000, avanceR = 2.000000, avanceI = 2.000000
inc_x_r = 0.000000, inc_y_r = 1.000000, inc_x_i = 1.000000, inc_y_i = 1.000000
En el else......

----------------------------------------
x = 125.000000, y = 221.000000
avance = -197.000000, avanceR = 2.000000, avanceI = 2.000000
inc_x_r = 0.000000, inc_y_r = 1.000000, inc_x_i = 1.000000, inc_y_i = 1.000000
En el else......

----------------------------------------
x = 125.000000, y = 222.000000
avance = -195.000000, avanceR = 2.000000, avanceI = 2.000000
inc_x_r = 0.000000, inc_y_r = 1.000000, inc_x_i = 1.000000, inc_y_i = 1.000000
En el else......

----------------------------------------
x = 125.000000, y = 223.000000
avance = -193.000000, avanceR = 2.000000, avanceI = 2.000000
inc_x_r = 0.000000, inc_y_r = 1.000000, inc_x_i = 1.000000, inc_y_i = 1.000000
En el else......

----------------------------------------
x = 125.000000, y = 224.000000
avance = -191.000000, avanceR = 2.000000, avanceI = 2.000000
inc_x_r = 0.000000, inc_y_r = 1.000000, inc_x_i = 1.000000, inc_y_i = 1.000000
En el else......

----------------------------------------
x = 125.000000, y = 225.000000
avance = -189.000000, avanceR = 2.000000, avanceI = 2.000000
inc_x_r = 0.000000, inc_y_r = 1.000000, inc_x_i = 1.000000, inc_y_i = 1.000000
En el else......

----------------------------------------
x = 125.000000, y = 226.000000
avance = -187.000000, avanceR = 2.000000, avanceI = 2.000000
inc_x_r = 0.000000, inc_y_r = 1.000000, inc_x_i = 1.000000, inc_y_i = 1.000000
En el else......

----------------------------------------
x = 125.000000, y = 227.000000
avance = -185.000000, avanceR = 2.000000, avanceI = 2.000000
inc_x_r = 0.000000, inc_y_r = 1.000000, inc_x_i = 1.000000, inc_y_i = 1.000000
En el else......

----------------------------------------
x = 125.000000, y = 228.000000
avance = -183.000000, avanceR = 2.000000, avanceI = 2.000000
inc_x_r = 0.000000, inc_y_r = 1.000000, inc_x_i = 1.000000, inc_y_i = 1.000000
En el else......

----------------------------------------
x = 125.000000, y = 229.000000
avance = -181.000000, avanceR = 2.000000, avanceI = 2.000000
inc_x_r = 0.000000, inc_y_r = 1.000000, inc_x_i = 1.000000, inc_y_i = 1.000000
En el else......

----------------------------------------
x = 125.000000, y = 230.000000
avance = -179.000000, avanceR = 2.000000, avanceI = 2.000000
inc_x_r = 0.000000, inc_y_r = 1.000000, inc_x_i = 1.000000, inc_y_i = 1.000000
En el else......

----------------------------------------
x = 125.000000, y = 231.000000
avance = -177.000000, avanceR = 2.000000, avanceI = 2.000000
inc_x_r = 0.000000, inc_y_r = 1.000000, inc_x_i = 1.000000, inc_y_i = 1.000000
En el else......

----------------------------------------
x = 125.000000, y = 232.000000
avance = -175.000000, avanceR = 2.000000, avanceI = 2.000000
inc_x_r = 0.000000, inc_y_r = 1.000000, inc_x_i = 1.000000, inc_y_i = 1.000000
En el else......

----------------------------------------
x = 125.000000, y = 233.000000
avance = -173.000000, avanceR = 2.000000, avanceI = 2.000000
inc_x_r = 0.000000, inc_y_r = 1.000000, inc_x_i = 1.000000, inc_y_i = 1.000000
En el else......

----------------------------------------
x = 125.000000, y = 234.000000
avance = -171.000000, avanceR = 2.000000, avanceI = 2.000000
inc_x_r = 0.000000, inc_y_r = 1.000000, inc_x_i = 1.000000, inc_y_i = 1.000000
En el else......

----------------------------------------
x = 125.000000, y = 235.000000
avance = -169.000000, avanceR = 2.000000, avanceI = 2.000000
inc_x_r = 0.000000, inc_y_r = 1.000000, inc_x_i = 1.000000, inc_y_i = 1.000000
En el else......

----------------------------------------
x = 125.000000, y = 236.000000
avance = -167.000000, avanceR = 2.000000, avanceI = 2.000000
inc_x_r = 0.000000, inc_y_r = 1.000000, inc_x_i = 1.000000, inc_y_i = 1.000000
En el else......

----------------------------------------
x = 125.000000, y = 237.000000
avance = -165.000000, avanceR = 2.000000, avanceI = 2.000000
inc_x_r = 0.000000, inc_y_r = 1.000000, inc_x_i = 1.000000, inc_y_i = 1.000000
En el else......

----------------------------------------
x = 125.000000, y = 238.000000
avance = -163.000000, avanceR = 2.000000, avanceI = 2.000000
inc_x_r = 0.000000, inc_y_r = 1.000000, inc_x_i = 1.000000, inc_y_i = 1.000000
En el else......

----------------------------------------
x = 125.000000, y = 239.000000
avance = -161.000000, avanceR = 2.000000, avanceI = 2.000000
inc_x_r = 0.000000, inc_y_r = 1.000000, inc_x_i = 1.000000, inc_y_i = 1.000000
En el else......

----------------------------------------
x = 125.000000, y = 240.000000
avance = -159.000000, avanceR = 2.000000, avanceI = 2.000000
inc_x_r = 0.000000, inc_y_r = 1.000000, inc_x_i = 1.000000, inc_y_i = 1.000000
En el else......

----------------------------------------
x = 125.000000, y = 241.000000
avance = -157.000000, avanceR = 2.000000, avanceI = 2.000000
inc_x_r = 0.000000, inc_y_r = 1.000000, inc_x_i = 1.000000, inc_y_i = 1.000000
En el else......

----------------------------------------
x = 125.000000, y = 242.000000
avance = -155.000000, avanceR = 2.000000, avanceI = 2.000000
inc_x_r = 0.000000, inc_y_r = 1.000000, inc_x_i = 1.000000, inc_y_i = 1.000000
En el else......

----------------------------------------
x = 125.000000, y = 243.000000
avance = -153.000000, avanceR = 2.000000, avanceI = 2.000000
inc_x_r = 0.000000, inc_y_r = 1.000000, inc_x_i = 1.000000, inc_y_i = 1.000000
En el else......

----------------------------------------
x = 125.000000, y = 244.000000
avance = -151.000000, avanceR = 2.000000, avanceI = 2.000000
inc_x_r = 0.000000, inc_y_r = 1.000000, inc_x_i = 1.000000, inc_y_i = 1.000000
En el else......

----------------------------------------
x = 125.000000, y = 245.000000
avance = -149.000000, avanceR = 2.000000, avanceI = 2.000000
inc_x_r = 0.000000, inc_y_r = 1.000000, inc_x_i = 1.000000, inc_y_i = 1.000000
En el else......

----------------------------------------
x = 125.000000, y = 246.000000
avance = -147.000000, avanceR = 2.000000, avanceI = 2.000000
inc_x_r = 0.000000, inc_y_r = 1.000000, inc_x_i = 1.000000, inc_y_i = 1.000000
En el else......

----------------------------------------
x = 125.000000, y = 247.000000
avance = -145.000000, avanceR = 2.000000, avanceI = 2.000000
inc_x_r = 0.000000, inc_y_r = 1.000000, inc_x_i = 1.000000, inc_y_i = 1.000000
En el else......

----------------------------------------
x = 125.000000, y = 248.000000
avance = -143.000000, avanceR = 2.000000, avanceI = 2.000000
inc_x_r = 0.000000, inc_y_r = 1.000000, inc_x_i = 1.000000, inc_y_i = 1.000000
En el else......

----------------------------------------
x = 125.000000, y = 249.000000
avance = -141.000000, avanceR = 2.000000, avanceI = 2.000000
inc_x_r = 0.000000, inc_y_r = 1.000000, inc_x_i = 1.000000, inc_y_i = 1.000000
En el else......

----------------------------------------
x = 125.000000, y = 250.000000
avance = -139.000000, avanceR = 2.000000, avanceI = 2.000000
inc_x_r = 0.000000, inc_y_r = 1.000000, inc_x_i = 1.000000, inc_y_i = 1.000000
En el else......

----------------------------------------
x = 125.000000, y = 251.000000
avance = -137.000000, avanceR = 2.000000, avanceI = 2.000000
inc_x_r = 0.000000, inc_y_r = 1.000000, inc_x_i = 1.000000, inc_y_i = 1.000000
En el else......

----------------------------------------
x = 125.000000, y = 252.000000
avance = -135.000000, avanceR = 2.000000, avanceI = 2.000000
inc_x_r = 0.000000, inc_y_r = 1.000000, inc_x_i = 1.000000, inc_y_i = 1.000000
En el else......

----------------------------------------
x = 125.000000, y = 253.000000
avance = -133.000000, avanceR = 2.000000, avanceI = 2.000000
inc_x_r = 0.000000, inc_y_r = 1.000000, inc_x_i = 1.000000, inc_y_i = 1.000000
En el else......

----------------------------------------
x = 125.000000, y = 254.000000
avance = -131.000000, avanceR = 2.000000, avanceI = 2.000000
inc_x_r = 0.000000, inc_y_r = 1.000000, inc_x_i = 1.000000, inc_y_i = 1.000000
En el else......

----------------------------------------
x = 125.000000, y = 255.000000
avance = -129.000000, avanceR = 2.000000, avanceI = 2.000000
inc_x_r = 0.000000, inc_y_r = 1.000000, inc_x_i = 1.000000, inc_y_i = 1.000000
En el else......

----------------------------------------
x = 125.000000, y = 256.000000
avance = -127.000000, avanceR = 2.000000, avanceI = 2.000000
inc_x_r = 0.000000, inc_y_r = 1.000000, inc_x_i = 1.000000, inc_y_i = 1.000000
En el else......

----------------------------------------
x = 125.000000, y = 257.000000
avance = -125.000000, avanceR = 2.000000, avanceI = 2.000000
inc_x_r = 0.000000, inc_y_r = 1.000000, inc_x_i = 1.000000, inc_y_i = 1.000000
En el else......

----------------------------------------
x = 125.000000, y = 258.000000
avance = -123.000000, avanceR = 2.000000, avanceI = 2.000000
inc_x_r = 0.000000, inc_y_r = 1.000000, inc_x_i = 1.000000, inc_y_i = 1.000000
En el else......

----------------------------------------
x = 125.000000, y = 259.000000
avance = -121.000000, avanceR = 2.000000, avanceI = 2.000000
inc_x_r = 0.000000, inc_y_r = 1.000000, inc_x_i = 1.000000, inc_y_i = 1.000000
En el else......

----------------------------------------
x = 125.000000, y = 260.000000
avance = -119.000000, avanceR = 2.000000, avanceI = 2.000000
inc_x_r = 0.000000, inc_y_r = 1.000000, inc_x_i = 1.000000, inc_y_i = 1.000000
En el else......

----------------------------------------
x = 125.000000, y = 261.000000
avance = -117.000000, avanceR = 2.000000, avanceI = 2.000000
inc_x_r = 0.000000, inc_y_r = 1.000000, inc_x_i = 1.000000, inc_y_i = 1.000000
En el else......

----------------------------------------
x = 125.000000, y = 262.000000
avance = -115.000000, avanceR = 2.000000, avanceI = 2.000000
inc_x_r = 0.000000, inc_y_r = 1.000000, inc_x_i = 1.000000, inc_y_i = 1.000000
En el else......

----------------------------------------
x = 125.000000, y = 263.000000
avance = -113.000000, avanceR = 2.000000, avanceI = 2.000000
inc_x_r = 0.000000, inc_y_r = 1.000000, inc_x_i = 1.000000, inc_y_i = 1.000000
En el else......

----------------------------------------
x = 125.000000, y = 264.000000
avance = -111.000000, avanceR = 2.000000, avanceI = 2.000000
inc_x_r = 0.000000, inc_y_r = 1.000000, inc_x_i = 1.000000, inc_y_i = 1.000000
En el else......

----------------------------------------
x = 125.000000, y = 265.000000
avance = -109.000000, avanceR = 2.000000, avanceI = 2.000000
inc_x_r = 0.000000, inc_y_r = 1.000000, inc_x_i = 1.000000, inc_y_i = 1.000000
En el else......

----------------------------------------
x = 125.000000, y = 266.000000
avance = -107.000000, avanceR = 2.000000, avanceI = 2.000000
inc_x_r = 0.000000, inc_y_r = 1.000000, inc_x_i = 1.000000, inc_y_i = 1.000000
En el else......

----------------------------------------
x = 125.000000, y = 267.000000
avance = -105.000000, avanceR = 2.000000, avanceI = 2.000000
inc_x_r = 0.000000, inc_y_r = 1.000000, inc_x_i = 1.000000, inc_y_i = 1.000000
En el else......

----------------------------------------
x = 125.000000, y = 268.000000
avance = -103.000000, avanceR = 2.000000, avanceI = 2.000000
inc_x_r = 0.000000, inc_y_r = 1.000000, inc_x_i = 1.000000, inc_y_i = 1.000000
En el else......

----------------------------------------
x = 125.000000, y = 269.000000
avance = -101.000000, avanceR = 2.000000, avanceI = 2.000000
inc_x_r = 0.000000, inc_y_r = 1.000000, inc_x_i = 1.000000, inc_y_i = 1.000000
En el else......

----------------------------------------
x = 125.000000, y = 270.000000
avance = -99.000000, avanceR = 2.000000, avanceI = 2.000000
inc_x_r = 0.000000, inc_y_r = 1.000000, inc_x_i = 1.000000, inc_y_i = 1.000000
En el else......

----------------------------------------
x = 125.000000, y = 271.000000
avance = -97.000000, avanceR = 2.000000, avanceI = 2.000000
inc_x_r = 0.000000, inc_y_r = 1.000000, inc_x_i = 1.000000, inc_y_i = 1.000000
En el else......

----------------------------------------
x = 125.000000, y = 272.000000
avance = -95.000000, avanceR = 2.000000, avanceI = 2.000000
inc_x_r = 0.000000, inc_y_r = 1.000000, inc_x_i = 1.000000, inc_y_i = 1.000000
En el else......

----------------------------------------
x = 125.000000, y = 273.000000
avance = -93.000000, avanceR = 2.000000, avanceI = 2.000000
inc_x_r = 0.000000, inc_y_r = 1.000000, inc_x_i = 1.000000, inc_y_i = 1.000000
En el else......

----------------------------------------
x = 125.000000, y = 274.000000
avance = -91.000000, avanceR = 2.000000, avanceI = 2.000000
inc_x_r = 0.000000, inc_y_r = 1.000000, inc_x_i = 1.000000, inc_y_i = 1.000000
En el else......

----------------------------------------
x = 125.000000, y = 275.000000
avance = -89.000000, avanceR = 2.000000, avanceI = 2.000000
inc_x_r = 0.000000, inc_y_r = 1.000000, inc_x_i = 1.000000, inc_y_i = 1.000000
En el else......

----------------------------------------
x = 125.000000, y = 276.000000
avance = -87.000000, avanceR = 2.000000, avanceI = 2.000000
inc_x_r = 0.000000, inc_y_r = 1.000000, inc_x_i = 1.000000, inc_y_i = 1.000000
En el else......

----------------------------------------
x = 125.000000, y = 277.000000
avance = -85.000000, avanceR = 2.000000, avanceI = 2.000000
inc_x_r = 0.000000, inc_y_r = 1.000000, inc_x_i = 1.000000, inc_y_i = 1.000000
En el else......

----------------------------------------
x = 125.000000, y = 278.000000
avance = -83.000000, avanceR = 2.000000, avanceI = 2.000000
inc_x_r = 0.000000, inc_y_r = 1.000000, inc_x_i = 1.000000, inc_y_i = 1.000000
En el else......

----------------------------------------
x = 125.000000, y = 279.000000
avance = -81.000000, avanceR = 2.000000, avanceI = 2.000000
inc_x_r = 0.000000, inc_y_r = 1.000000, inc_x_i = 1.000000, inc_y_i = 1.000000
En el else......

----------------------------------------
x = 125.000000, y = 280.000000
avance = -79.000000, avanceR = 2.000000, avanceI = 2.000000
inc_x_r = 0.000000, inc_y_r = 1.000000, inc_x_i = 1.000000, inc_y_i = 1.000000
En el else......

----------------------------------------
x = 125.000000, y = 281.000000
avance = -77.000000, avanceR = 2.000000, avanceI = 2.000000
inc_x_r = 0.000000, inc_y_r = 1.000000, inc_x_i = 1.000000, inc_y_i = 1.000000
En el else......

----------------------------------------
x = 125.000000, y = 282.000000
avance = -75.000000, avanceR = 2.000000, avanceI = 2.000000
inc_x_r = 0.000000, inc_y_r = 1.000000, inc_x_i = 1.000000, inc_y_i = 1.000000
En el else......

----------------------------------------
x = 125.000000, y = 283.000000
avance = -73.000000, avanceR = 2.000000, avanceI = 2.000000
inc_x_r = 0.000000, inc_y_r = 1.000000, inc_x_i = 1.000000, inc_y_i = 1.000000
En el else......

----------------------------------------
x = 125.000000, y = 284.000000
avance = -71.000000, avanceR = 2.000000, avanceI = 2.000000
inc_x_r = 0.000000, inc_y_r = 1.000000, inc_x_i = 1.000000, inc_y_i = 1.000000
En el else......

----------------------------------------
x = 125.000000, y = 285.000000
avance = -69.000000, avanceR = 2.000000, avanceI = 2.000000
inc_x_r = 0.000000, inc_y_r = 1.000000, inc_x_i = 1.000000, inc_y_i = 1.000000
En el else......

----------------------------------------
x = 125.000000, y = 286.000000
avance = -67.000000, avanceR = 2.000000, avanceI = 2.000000
inc_x_r = 0.000000, inc_y_r = 1.000000, inc_x_i = 1.000000, inc_y_i = 1.000000
En el else......

----------------------------------------
x = 125.000000, y = 287.000000
avance = -65.000000, avanceR = 2.000000, avanceI = 2.000000
inc_x_r = 0.000000, inc_y_r = 1.000000, inc_x_i = 1.000000, inc_y_i = 1.000000
En el else......

----------------------------------------
x = 125.000000, y = 288.000000
avance = -63.000000, avanceR = 2.000000, avanceI = 2.000000
inc_x_r = 0.000000, inc_y_r = 1.000000, inc_x_i = 1.000000, inc_y_i = 1.000000
En el else......

----------------------------------------
x = 125.000000, y = 289.000000
avance = -61.000000, avanceR = 2.000000, avanceI = 2.000000
inc_x_r = 0.000000, inc_y_r = 1.000000, inc_x_i = 1.000000, inc_y_i = 1.000000
En el else......

----------------------------------------
x = 125.000000, y = 290.000000
avance = -59.000000, avanceR = 2.000000, avanceI = 2.000000
inc_x_r = 0.000000, inc_y_r = 1.000000, inc_x_i = 1.000000, inc_y_i = 1.000000
En el else......

----------------------------------------
x = 125.000000, y = 291.000000
avance = -57.000000, avanceR = 2.000000, avanceI = 2.000000
inc_x_r = 0.000000, inc_y_r = 1.000000, inc_x_i = 1.000000, inc_y_i = 1.000000
En el else......

----------------------------------------
x = 125.000000, y = 292.000000
avance = -55.000000, avanceR = 2.000000, avanceI = 2.000000
inc_x_r = 0.000000, inc_y_r = 1.000000, inc_x_i = 1.000000, inc_y_i = 1.000000
En el else......

----------------------------------------
x = 125.000000, y = 293.000000
avance = -53.000000, avanceR = 2.000000, avanceI = 2.000000
inc_x_r = 0.000000, inc_y_r = 1.000000, inc_x_i = 1.000000, inc_y_i = 1.000000
En el else......

----------------------------------------
x = 125.000000, y = 294.000000
avance = -51.000000, avanceR = 2.000000, avanceI = 2.000000
inc_x_r = 0.000000, inc_y_r = 1.000000, inc_x_i = 1.000000, inc_y_i = 1.000000
En el else......

----------------------------------------
x = 125.000000, y = 295.000000
avance = -49.000000, avanceR = 2.000000, avanceI = 2.000000
inc_x_r = 0.000000, inc_y_r = 1.000000, inc_x_i = 1.000000, inc_y_i = 1.000000
En el else......

----------------------------------------
x = 125.000000, y = 296.000000
avance = -47.000000, avanceR = 2.000000, avanceI = 2.000000
inc_x_r = 0.000000, inc_y_r = 1.000000, inc_x_i = 1.000000, inc_y_i = 1.000000
En el else......

----------------------------------------
x = 125.000000, y = 297.000000
avance = -45.000000, avanceR = 2.000000, avanceI = 2.000000
inc_x_r = 0.000000, inc_y_r = 1.000000, inc_x_i = 1.000000, inc_y_i = 1.000000
En el else......

----------------------------------------
x = 125.000000, y = 298.000000
avance = -43.000000, avanceR = 2.000000, avanceI = 2.000000
inc_x_r = 0.000000, inc_y_r = 1.000000, inc_x_i = 1.000000, inc_y_i = 1.000000
En el else......

----------------------------------------
x = 125.000000, y = 299.000000
avance = -41.000000, avanceR = 2.000000, avanceI = 2.000000
inc_x_r = 0.000000, inc_y_r = 1.000000, inc_x_i = 1.000000, inc_y_i = 1.000000
En el else......

----------------------------------------
x = 125.000000, y = 300.000000
avance = -39.000000, avanceR = 2.000000, avanceI = 2.000000
inc_x_r = 0.000000, inc_y_r = 1.000000, inc_x_i = 1.000000, inc_y_i = 1.000000
En el else......

----------------------------------------
x = 125.000000, y = 301.000000
avance = -37.000000, avanceR = 2.000000, avanceI = 2.000000
inc_x_r = 0.000000, inc_y_r = 1.000000, inc_x_i = 1.000000, inc_y_i = 1.000000
En el else......

----------------------------------------
x = 125.000000, y = 302.000000
avance = -35.000000, avanceR = 2.000000, avanceI = 2.000000
inc_x_r = 0.000000, inc_y_r = 1.000000, inc_x_i = 1.000000, inc_y_i = 1.000000
En el else......

----------------------------------------
x = 125.000000, y = 303.000000
avance = -33.000000, avanceR = 2.000000, avanceI = 2.000000
inc_x_r = 0.000000, inc_y_r = 1.000000, inc_x_i = 1.000000, inc_y_i = 1.000000
En el else......

----------------------------------------
x = 125.000000, y = 304.000000
avance = -31.000000, avanceR = 2.000000, avanceI = 2.000000
inc_x_r = 0.000000, inc_y_r = 1.000000, inc_x_i = 1.000000, inc_y_i = 1.000000
En el else......

----------------------------------------
x = 125.000000, y = 305.000000
avance = -29.000000, avanceR = 2.000000, avanceI = 2.000000
inc_x_r = 0.000000, inc_y_r = 1.000000, inc_x_i = 1.000000, inc_y_i = 1.000000
En el else......

----------------------------------------
x = 125.000000, y = 306.000000
avance = -27.000000, avanceR = 2.000000, avanceI = 2.000000
inc_x_r = 0.000000, inc_y_r = 1.000000, inc_x_i = 1.000000, inc_y_i = 1.000000
En el else......

----------------------------------------
x = 125.000000, y = 307.000000
avance = -25.000000, avanceR = 2.000000, avanceI = 2.000000
inc_x_r = 0.000000, inc_y_r = 1.000000, inc_x_i = 1.000000, inc_y_i = 1.000000
En el else......

----------------------------------------
x = 125.000000, y = 308.000000
avance = -23.000000, avanceR = 2.000000, avanceI = 2.000000
inc_x_r = 0.000000, inc_y_r = 1.000000, inc_x_i = 1.000000, inc_y_i = 1.000000
En el else......

----------------------------------------
x = 125.000000, y = 309.000000
avance = -21.000000, avanceR = 2.000000, avanceI = 2.000000
inc_x_r = 0.000000, inc_y_r = 1.000000, inc_x_i = 1.000000, inc_y_i = 1.000000
En el else......

----------------------------------------
x = 125.000000, y = 310.000000
avance = -19.000000, avanceR = 2.000000, avanceI = 2.000000
inc_x_r = 0.000000, inc_y_r = 1.000000, inc_x_i = 1.000000, inc_y_i = 1.000000
En el else......

----------------------------------------
x = 125.000000, y = 311.000000
avance = -17.000000, avanceR = 2.000000, avanceI = 2.000000
inc_x_r = 0.000000, inc_y_r = 1.000000, inc_x_i = 1.000000, inc_y_i = 1.000000
En el else......

----------------------------------------
x = 125.000000, y = 312.000000
avance = -15.000000, avanceR = 2.000000, avanceI = 2.000000
inc_x_r = 0.000000, inc_y_r = 1.000000, inc_x_i = 1.000000, inc_y_i = 1.000000
En el else......

----------------------------------------
x = 125.000000, y = 313.000000
avance = -13.000000, avanceR = 2.000000, avanceI = 2.000000
inc_x_r = 0.000000, inc_y_r = 1.000000, inc_x_i = 1.000000, inc_y_i = 1.000000
En el else......

----------------------------------------
x = 125.000000, y = 314.000000
avance = -11.000000, avanceR = 2.000000, avanceI = 2.000000
inc_x_r = 0.000000, inc_y_r = 1.000000, inc_x_i = 1.000000, inc_y_i = 1.000000
En el else......

----------------------------------------
x = 125.000000, y = 315.000000
avance = -9.000000, avanceR = 2.000000, avanceI = 2.000000
inc_x_r = 0.000000, inc_y_r = 1.000000, inc_x_i = 1.000000, inc_y_i = 1.000000
En el else......

----------------------------------------
x = 125.000000, y = 316.000000
avance = -7.000000, avanceR = 2.000000, avanceI = 2.000000
inc_x_r = 0.000000, inc_y_r = 1.000000, inc_x_i = 1.000000, inc_y_i = 1.000000
En el else......

----------------------------------------
x = 125.000000, y = 317.000000
avance = -5.000000, avanceR = 2.000000, avanceI = 2.000000
inc_x_r = 0.000000, inc_y_r = 1.000000, inc_x_i = 1.000000, inc_y_i = 1.000000
En el else......

----------------------------------------
x = 125.000000, y = 318.000000
avance = -3.000000, avanceR = 2.000000, avanceI = 2.000000
inc_x_r = 0.000000, inc_y_r = 1.000000, inc_x_i = 1.000000, inc_y_i = 1.000000
En el else......

----------------------------------------
x = 125.000000, y = 319.000000
avance = -1.000000, avanceR = 2.000000, avanceI = 2.000000
inc_x_r = 0.000000, inc_y_r = 1.000000, inc_x_i = 1.000000, inc_y_i = 1.000000
En el else......

----------------------------------------
x = 125.000000, y = 320.000000
avance = 1.000000, avanceR = 2.000000, avanceI = 2.000000
inc_x_r = 0.000000, inc_y_r = 1.000000, inc_x_i = 1.000000, inc_y_i = 1.000000
avance >= 0

----------------------------------------
x = 126.000000, y = 321.000000
avance = -499.000000, avanceR = 2.000000, avanceI = 2.000000
inc_x_r = 0.000000, inc_y_r = 1.000000, inc_x_i = 1.000000, inc_y_i = 1.000000
En el else......

----------------------------------------
x = 126.000000, y = 322.000000
avance = -497.000000, avanceR = 2.000000, avanceI = 2.000000
inc_x_r = 0.000000, inc_y_r = 1.000000, inc_x_i = 1.000000, inc_y_i = 1.000000
En el else......

----------------------------------------
x = 126.000000, y = 323.000000
avance = -495.000000, avanceR = 2.000000, avanceI = 2.000000
inc_x_r = 0.000000, inc_y_r = 1.000000, inc_x_i = 1.000000, inc_y_i = 1.000000
En el else......

----------------------------------------
x = 126.000000, y = 324.000000
avance = -493.000000, avanceR = 2.000000, avanceI = 2.000000
inc_x_r = 0.000000, inc_y_r = 1.000000, inc_x_i = 1.000000, inc_y_i = 1.000000
En el else......

----------------------------------------
x = 126.000000, y = 325.000000
avance = -491.000000, avanceR = 2.000000, avanceI = 2.000000
inc_x_r = 0.000000, inc_y_r = 1.000000, inc_x_i = 1.000000, inc_y_i = 1.000000
En el else......

----------------------------------------
x = 126.000000, y = 326.000000
avance = -489.000000, avanceR = 2.000000, avanceI = 2.000000
inc_x_r = 0.000000, inc_y_r = 1.000000, inc_x_i = 1.000000, inc_y_i = 1.000000
En el else......

----------------------------------------
x = 126.000000, y = 327.000000
avance = -487.000000, avanceR = 2.000000, avanceI = 2.000000
inc_x_r = 0.000000, inc_y_r = 1.000000, inc_x_i = 1.000000, inc_y_i = 1.000000
En el else......

----------------------------------------
x = 126.000000, y = 328.000000
avance = -485.000000, avanceR = 2.000000, avanceI = 2.000000
inc_x_r = 0.000000, inc_y_r = 1.000000, inc_x_i = 1.000000, inc_y_i = 1.000000
En el else......

----------------------------------------
x = 126.000000, y = 329.000000
avance = -483.000000, avanceR = 2.000000, avanceI = 2.000000
inc_x_r = 0.000000, inc_y_r = 1.000000, inc_x_i = 1.000000, inc_y_i = 1.000000
En el else......

----------------------------------------
x = 126.000000, y = 330.000000
avance = -481.000000, avanceR = 2.000000, avanceI = 2.000000
inc_x_r = 0.000000, inc_y_r = 1.000000, inc_x_i = 1.000000, inc_y_i = 1.000000
En el else......

----------------------------------------
x = 126.000000, y = 331.000000
avance = -479.000000, avanceR = 2.000000, avanceI = 2.000000
inc_x_r = 0.000000, inc_y_r = 1.000000, inc_x_i = 1.000000, inc_y_i = 1.000000
En el else......

----------------------------------------
x = 126.000000, y = 332.000000
avance = -477.000000, avanceR = 2.000000, avanceI = 2.000000
inc_x_r = 0.000000, inc_y_r = 1.000000, inc_x_i = 1.000000, inc_y_i = 1.000000
En el else......

----------------------------------------
x = 126.000000, y = 333.000000
avance = -475.000000, avanceR = 2.000000, avanceI = 2.000000
inc_x_r = 0.000000, inc_y_r = 1.000000, inc_x_i = 1.000000, inc_y_i = 1.000000
En el else......

----------------------------------------
x = 126.000000, y = 334.000000
avance = -473.000000, avanceR = 2.000000, avanceI = 2.000000
inc_x_r = 0.000000, inc_y_r = 1.000000, inc_x_i = 1.000000, inc_y_i = 1.000000
En el else......

----------------------------------------
x = 126.000000, y = 335.000000
avance = -471.000000, avanceR = 2.000000, avanceI = 2.000000
inc_x_r = 0.000000, inc_y_r = 1.000000, inc_x_i = 1.000000, inc_y_i = 1.000000
En el else......

----------------------------------------
x = 126.000000, y = 336.000000
avance = -469.000000, avanceR = 2.000000, avanceI = 2.000000
inc_x_r = 0.000000, inc_y_r = 1.000000, inc_x_i = 1.000000, inc_y_i = 1.000000
En el else......

----------------------------------------
x = 126.000000, y = 337.000000
avance = -467.000000, avanceR = 2.000000, avanceI = 2.000000
inc_x_r = 0.000000, inc_y_r = 1.000000, inc_x_i = 1.000000, inc_y_i = 1.000000
En el else......

----------------------------------------
x = 126.000000, y = 338.000000
avance = -465.000000, avanceR = 2.000000, avanceI = 2.000000
inc_x_r = 0.000000, inc_y_r = 1.000000, inc_x_i = 1.000000, inc_y_i = 1.000000
En el else......

----------------------------------------
x = 126.000000, y = 339.000000
avance = -463.000000, avanceR = 2.000000, avanceI = 2.000000
inc_x_r = 0.000000, inc_y_r = 1.000000, inc_x_i = 1.000000, inc_y_i = 1.000000
En el else......

----------------------------------------
x = 126.000000, y = 340.000000
avance = -461.000000, avanceR = 2.000000, avanceI = 2.000000
inc_x_r = 0.000000, inc_y_r = 1.000000, inc_x_i = 1.000000, inc_y_i = 1.000000
En el else......

----------------------------------------
x = 126.000000, y = 341.000000
avance = -459.000000, avanceR = 2.000000, avanceI = 2.000000
inc_x_r = 0.000000, inc_y_r = 1.000000, inc_x_i = 1.000000, inc_y_i = 1.000000
En el else......

----------------------------------------
x = 126.000000, y = 342.000000
avance = -457.000000, avanceR = 2.000000, avanceI = 2.000000
inc_x_r = 0.000000, inc_y_r = 1.000000, inc_x_i = 1.000000, inc_y_i = 1.000000
En el else......

----------------------------------------
x = 126.000000, y = 343.000000
avance = -455.000000, avanceR = 2.000000, avanceI = 2.000000
inc_x_r = 0.000000, inc_y_r = 1.000000, inc_x_i = 1.000000, inc_y_i = 1.000000
En el else......

----------------------------------------
x = 126.000000, y = 344.000000
avance = -453.000000, avanceR = 2.000000, avanceI = 2.000000
inc_x_r = 0.000000, inc_y_r = 1.000000, inc_x_i = 1.000000, inc_y_i = 1.000000
En el else......

----------------------------------------
x = 126.000000, y = 345.000000
avance = -451.000000, avanceR = 2.000000, avanceI = 2.000000
inc_x_r = 0.000000, inc_y_r = 1.000000, inc_x_i = 1.000000, inc_y_i = 1.000000
En el else......

----------------------------------------
x = 126.000000, y = 346.000000
avance = -449.000000, avanceR = 2.000000, avanceI = 2.000000
inc_x_r = 0.000000, inc_y_r = 1.000000, inc_x_i = 1.000000, inc_y_i = 1.000000
En el else......

----------------------------------------
x = 126.000000, y = 347.000000
avance = -447.000000, avanceR = 2.000000, avanceI = 2.000000
inc_x_r = 0.000000, inc_y_r = 1.000000, inc_x_i = 1.000000, inc_y_i = 1.000000
En el else......

----------------------------------------
x = 126.000000, y = 348.000000
avance = -445.000000, avanceR = 2.000000, avanceI = 2.000000
inc_x_r = 0.000000, inc_y_r = 1.000000, inc_x_i = 1.000000, inc_y_i = 1.000000
En el else......

----------------------------------------
x = 126.000000, y = 349.000000
avance = -443.000000, avanceR = 2.000000, avanceI = 2.000000
inc_x_r = 0.000000, inc_y_r = 1.000000, inc_x_i = 1.000000, inc_y_i = 1.000000
En el else......

----------------------------------------
x = 126.000000, y = 350.000000
avance = -441.000000, avanceR = 2.000000, avanceI = 2.000000
inc_x_r = 0.000000, inc_y_r = 1.000000, inc_x_i = 1.000000, inc_y_i = 1.000000
En el else......

----------------------------------------
x = 126.000000, y = 351.000000
avance = -439.000000, avanceR = 2.000000, avanceI = 2.000000
inc_x_r = 0.000000, inc_y_r = 1.000000, inc_x_i = 1.000000, inc_y_i = 1.000000
En el else......

----------------------------------------
x = 126.000000, y = 352.000000
avance = -437.000000, avanceR = 2.000000, avanceI = 2.000000
inc_x_r = 0.000000, inc_y_r = 1.000000, inc_x_i = 1.000000, inc_y_i = 1.000000
En el else......

----------------------------------------
x = 126.000000, y = 353.000000
avance = -435.000000, avanceR = 2.000000, avanceI = 2.000000
inc_x_r = 0.000000, inc_y_r = 1.000000, inc_x_i = 1.000000, inc_y_i = 1.000000
En el else......

----------------------------------------
x = 126.000000, y = 354.000000
avance = -433.000000, avanceR = 2.000000, avanceI = 2.000000
inc_x_r = 0.000000, inc_y_r = 1.000000, inc_x_i = 1.000000, inc_y_i = 1.000000
En el else......

----------------------------------------
x = 126.000000, y = 355.000000
avance = -431.000000, avanceR = 2.000000, avanceI = 2.000000
inc_x_r = 0.000000, inc_y_r = 1.000000, inc_x_i = 1.000000, inc_y_i = 1.000000
En el else......

----------------------------------------
x = 126.000000, y = 356.000000
avance = -429.000000, avanceR = 2.000000, avanceI = 2.000000
inc_x_r = 0.000000, inc_y_r = 1.000000, inc_x_i = 1.000000, inc_y_i = 1.000000
En el else......

----------------------------------------
x = 126.000000, y = 357.000000
avance = -427.000000, avanceR = 2.000000, avanceI = 2.000000
inc_x_r = 0.000000, inc_y_r = 1.000000, inc_x_i = 1.000000, inc_y_i = 1.000000
En el else......

----------------------------------------
x = 126.000000, y = 358.000000
avance = -425.000000, avanceR = 2.000000, avanceI = 2.000000
inc_x_r = 0.000000, inc_y_r = 1.000000, inc_x_i = 1.000000, inc_y_i = 1.000000
En el else......

----------------------------------------
x = 126.000000, y = 359.000000
avance = -423.000000, avanceR = 2.000000, avanceI = 2.000000
inc_x_r = 0.000000, inc_y_r = 1.000000, inc_x_i = 1.000000, inc_y_i = 1.000000
En el else......

----------------------------------------
x = 126.000000, y = 360.000000
avance = -421.000000, avanceR = 2.000000, avanceI = 2.000000
inc_x_r = 0.000000, inc_y_r = 1.000000, inc_x_i = 1.000000, inc_y_i = 1.000000
En el else......

----------------------------------------
x = 126.000000, y = 361.000000
avance = -419.000000, avanceR = 2.000000, avanceI = 2.000000
inc_x_r = 0.000000, inc_y_r = 1.000000, inc_x_i = 1.000000, inc_y_i = 1.000000
En el else......

----------------------------------------
x = 126.000000, y = 362.000000
avance = -417.000000, avanceR = 2.000000, avanceI = 2.000000
inc_x_r = 0.000000, inc_y_r = 1.000000, inc_x_i = 1.000000, inc_y_i = 1.000000
En el else......

----------------------------------------
x = 126.000000, y = 363.000000
avance = -415.000000, avanceR = 2.000000, avanceI = 2.000000
inc_x_r = 0.000000, inc_y_r = 1.000000, inc_x_i = 1.000000, inc_y_i = 1.000000
En el else......

----------------------------------------
x = 126.000000, y = 364.000000
avance = -413.000000, avanceR = 2.000000, avanceI = 2.000000
inc_x_r = 0.000000, inc_y_r = 1.000000, inc_x_i = 1.000000, inc_y_i = 1.000000
En el else......

----------------------------------------
x = 126.000000, y = 365.000000
avance = -411.000000, avanceR = 2.000000, avanceI = 2.000000
inc_x_r = 0.000000, inc_y_r = 1.000000, inc_x_i = 1.000000, inc_y_i = 1.000000
En el else......

----------------------------------------
x = 126.000000, y = 366.000000
avance = -409.000000, avanceR = 2.000000, avanceI = 2.000000
inc_x_r = 0.000000, inc_y_r = 1.000000, inc_x_i = 1.000000, inc_y_i = 1.000000
En el else......

----------------------------------------
x = 126.000000, y = 367.000000
avance = -407.000000, avanceR = 2.000000, avanceI = 2.000000
inc_x_r = 0.000000, inc_y_r = 1.000000, inc_x_i = 1.000000, inc_y_i = 1.000000
En el else......

----------------------------------------
x = 126.000000, y = 368.000000
avance = -405.000000, avanceR = 2.000000, avanceI = 2.000000
inc_x_r = 0.000000, inc_y_r = 1.000000, inc_x_i = 1.000000, inc_y_i = 1.000000
En el else......

----------------------------------------
x = 126.000000, y = 369.000000
avance = -403.000000, avanceR = 2.000000, avanceI = 2.000000
inc_x_r = 0.000000, inc_y_r = 1.000000, inc_x_i = 1.000000, inc_y_i = 1.000000
En el else......

----------------------------------------
x = 126.000000, y = 370.000000
avance = -401.000000, avanceR = 2.000000, avanceI = 2.000000
inc_x_r = 0.000000, inc_y_r = 1.000000, inc_x_i = 1.000000, inc_y_i = 1.000000
En el else......

----------------------------------------
x = 126.000000, y = 371.000000
avance = -399.000000, avanceR = 2.000000, avanceI = 2.000000
inc_x_r = 0.000000, inc_y_r = 1.000000, inc_x_i = 1.000000, inc_y_i = 1.000000
En el else......

----------------------------------------
x = 126.000000, y = 372.000000
avance = -397.000000, avanceR = 2.000000, avanceI = 2.000000
inc_x_r = 0.000000, inc_y_r = 1.000000, inc_x_i = 1.000000, inc_y_i = 1.000000
En el else......

----------------------------------------
x = 126.000000, y = 373.000000
avance = -395.000000, avanceR = 2.000000, avanceI = 2.000000
inc_x_r = 0.000000, inc_y_r = 1.000000, inc_x_i = 1.000000, inc_y_i = 1.000000
En el else......

----------------------------------------
x = 126.000000, y = 374.000000
avance = -393.000000, avanceR = 2.000000, avanceI = 2.000000
inc_x_r = 0.000000, inc_y_r = 1.000000, inc_x_i = 1.000000, inc_y_i = 1.000000
En el else......

----------------------------------------
x = 126.000000, y = 375.000000
avance = -391.000000, avanceR = 2.000000, avanceI = 2.000000
inc_x_r = 0.000000, inc_y_r = 1.000000, inc_x_i = 1.000000, inc_y_i = 1.000000
En el else......

----------------------------------------
x = 126.000000, y = 376.000000
avance = -389.000000, avanceR = 2.000000, avanceI = 2.000000
inc_x_r = 0.000000, inc_y_r = 1.000000, inc_x_i = 1.000000, inc_y_i = 1.000000
En el else......

----------------------------------------
x = 126.000000, y = 377.000000
avance = -387.000000, avanceR = 2.000000, avanceI = 2.000000
inc_x_r = 0.000000, inc_y_r = 1.000000, inc_x_i = 1.000000, inc_y_i = 1.000000
En el else......

----------------------------------------
x = 126.000000, y = 378.000000
avance = -385.000000, avanceR = 2.000000, avanceI = 2.000000
inc_x_r = 0.000000, inc_y_r = 1.000000, inc_x_i = 1.000000, inc_y_i = 1.000000
En el else......

----------------------------------------
x = 126.000000, y = 379.000000
avance = -383.000000, avanceR = 2.000000, avanceI = 2.000000
inc_x_r = 0.000000, inc_y_r = 1.000000, inc_x_i = 1.000000, inc_y_i = 1.000000
En el else......

----------------------------------------
x = 126.000000, y = 380.000000
avance = -381.000000, avanceR = 2.000000, avanceI = 2.000000
inc_x_r = 0.000000, inc_y_r = 1.000000, inc_x_i = 1.000000, inc_y_i = 1.000000
En el else......

----------------------------------------
x = 126.000000, y = 381.000000
avance = -379.000000, avanceR = 2.000000, avanceI = 2.000000
inc_x_r = 0.000000, inc_y_r = 1.000000, inc_x_i = 1.000000, inc_y_i = 1.000000
En el else......

----------------------------------------
x = 126.000000, y = 382.000000
avance = -377.000000, avanceR = 2.000000, avanceI = 2.000000
inc_x_r = 0.000000, inc_y_r = 1.000000, inc_x_i = 1.000000, inc_y_i = 1.000000
En el else......

----------------------------------------
x = 126.000000, y = 383.000000
avance = -375.000000, avanceR = 2.000000, avanceI = 2.000000
inc_x_r = 0.000000, inc_y_r = 1.000000, inc_x_i = 1.000000, inc_y_i = 1.000000
En el else......

----------------------------------------
x = 126.000000, y = 384.000000
avance = -373.000000, avanceR = 2.000000, avanceI = 2.000000
inc_x_r = 0.000000, inc_y_r = 1.000000, inc_x_i = 1.000000, inc_y_i = 1.000000
En el else......

----------------------------------------
x = 126.000000, y = 385.000000
avance = -371.000000, avanceR = 2.000000, avanceI = 2.000000
inc_x_r = 0.000000, inc_y_r = 1.000000, inc_x_i = 1.000000, inc_y_i = 1.000000
En el else......

----------------------------------------
x = 126.000000, y = 386.000000
avance = -369.000000, avanceR = 2.000000, avanceI = 2.000000
inc_x_r = 0.000000, inc_y_r = 1.000000, inc_x_i = 1.000000, inc_y_i = 1.000000
En el else......

----------------------------------------
x = 126.000000, y = 387.000000
avance = -367.000000, avanceR = 2.000000, avanceI = 2.000000
inc_x_r = 0.000000, inc_y_r = 1.000000, inc_x_i = 1.000000, inc_y_i = 1.000000
En el else......

----------------------------------------
x = 126.000000, y = 388.000000
avance = -365.000000, avanceR = 2.000000, avanceI = 2.000000
inc_x_r = 0.000000, inc_y_r = 1.000000, inc_x_i = 1.000000, inc_y_i = 1.000000
En el else......

----------------------------------------
x = 126.000000, y = 389.000000
avance = -363.000000, avanceR = 2.000000, avanceI = 2.000000
inc_x_r = 0.000000, inc_y_r = 1.000000, inc_x_i = 1.000000, inc_y_i = 1.000000
En el else......

----------------------------------------
x = 126.000000, y = 390.000000
avance = -361.000000, avanceR = 2.000000, avanceI = 2.000000
inc_x_r = 0.000000, inc_y_r = 1.000000, inc_x_i = 1.000000, inc_y_i = 1.000000
En el else......

----------------------------------------
x = 126.000000, y = 391.000000
avance = -359.000000, avanceR = 2.000000, avanceI = 2.000000
inc_x_r = 0.000000, inc_y_r = 1.000000, inc_x_i = 1.000000, inc_y_i = 1.000000
En el else......

----------------------------------------
x = 126.000000, y = 392.000000
avance = -357.000000, avanceR = 2.000000, avanceI = 2.000000
inc_x_r = 0.000000, inc_y_r = 1.000000, inc_x_i = 1.000000, inc_y_i = 1.000000
En el else......

----------------------------------------
x = 126.000000, y = 393.000000
avance = -355.000000, avanceR = 2.000000, avanceI = 2.000000
inc_x_r = 0.000000, inc_y_r = 1.000000, inc_x_i = 1.000000, inc_y_i = 1.000000
En el else......

----------------------------------------
x = 126.000000, y = 394.000000
avance = -353.000000, avanceR = 2.000000, avanceI = 2.000000
inc_x_r = 0.000000, inc_y_r = 1.000000, inc_x_i = 1.000000, inc_y_i = 1.000000
En el else......

----------------------------------------
x = 126.000000, y = 395.000000
avance = -351.000000, avanceR = 2.000000, avanceI = 2.000000
inc_x_r = 0.000000, inc_y_r = 1.000000, inc_x_i = 1.000000, inc_y_i = 1.000000
En el else......

----------------------------------------
x = 126.000000, y = 396.000000
avance = -349.000000, avanceR = 2.000000, avanceI = 2.000000
inc_x_r = 0.000000, inc_y_r = 1.000000, inc_x_i = 1.000000, inc_y_i = 1.000000
En el else......

----------------------------------------
x = 126.000000, y = 397.000000
avance = -347.000000, avanceR = 2.000000, avanceI = 2.000000
inc_x_r = 0.000000, inc_y_r = 1.000000, inc_x_i = 1.000000, inc_y_i = 1.000000
En el else......

----------------------------------------
x = 126.000000, y = 398.000000
avance = -345.000000, avanceR = 2.000000, avanceI = 2.000000
inc_x_r = 0.000000, inc_y_r = 1.000000, inc_x_i = 1.000000, inc_y_i = 1.000000
En el else......

----------------------------------------
x = 126.000000, y = 399.000000
avance = -343.000000, avanceR = 2.000000, avanceI = 2.000000
inc_x_r = 0.000000, inc_y_r = 1.000000, inc_x_i = 1.000000, inc_y_i = 1.000000
En el else......

----------------------------------------
hora de salir del bucle mi pana


ENTRAMOS A BRESENHAMªªªª
x1 = 115.000000 - y1 = 185.000000 || x2 = 116.000000 - y2 = 436.000000
dy = 251.000000, dx = 1.000000
avances inclinados: inc_x_i = 1.000000, inc_y_i = 1.000000
updated: dy = 251.000000, dx = 1.000000
avances rectos: inc_x_r = 0.000000, inc_y_r 1.000000
reupdated: dy = 1.000000, dx = 251.000000
avanceR = 2.000000, avance -249.000000, avanceI 2.000000
----------------------------------------
x = 115.000000, y = 185.000000
avance = -249.000000, avanceR = 2.000000, avanceI = 2.000000
inc_x_r = 0.000000, inc_y_r = 1.000000, inc_x_i = 1.000000, inc_y_i = 1.000000
En el else......

----------------------------------------
x = 115.000000, y = 186.000000
avance = -247.000000, avanceR = 2.000000, avanceI = 2.000000
inc_x_r = 0.000000, inc_y_r = 1.000000, inc_x_i = 1.000000, inc_y_i = 1.000000
En el else......

----------------------------------------
x = 115.000000, y = 187.000000
avance = -245.000000, avanceR = 2.000000, avanceI = 2.000000
inc_x_r = 0.000000, inc_y_r = 1.000000, inc_x_i = 1.000000, inc_y_i = 1.000000
En el else......

----------------------------------------
x = 115.000000, y = 188.000000
avance = -243.000000, avanceR = 2.000000, avanceI = 2.000000
inc_x_r = 0.000000, inc_y_r = 1.000000, inc_x_i = 1.000000, inc_y_i = 1.000000
En el else......

----------------------------------------
x = 115.000000, y = 189.000000
avance = -241.000000, avanceR = 2.000000, avanceI = 2.000000
inc_x_r = 0.000000, inc_y_r = 1.000000, inc_x_i = 1.000000, inc_y_i = 1.000000
En el else......

----------------------------------------
x = 115.000000, y = 190.000000
avance = -239.000000, avanceR = 2.000000, avanceI = 2.000000
inc_x_r = 0.000000, inc_y_r = 1.000000, inc_x_i = 1.000000, inc_y_i = 1.000000
En el else......

----------------------------------------
x = 115.000000, y = 191.000000
avance = -237.000000, avanceR = 2.000000, avanceI = 2.000000
inc_x_r = 0.000000, inc_y_r = 1.000000, inc_x_i = 1.000000, inc_y_i = 1.000000
En el else......

----------------------------------------
x = 115.000000, y = 192.000000
avance = -235.000000, avanceR = 2.000000, avanceI = 2.000000
inc_x_r = 0.000000, inc_y_r = 1.000000, inc_x_i = 1.000000, inc_y_i = 1.000000
En el else......

----------------------------------------
x = 115.000000, y = 193.000000
avance = -233.000000, avanceR = 2.000000, avanceI = 2.000000
inc_x_r = 0.000000, inc_y_r = 1.000000, inc_x_i = 1.000000, inc_y_i = 1.000000
En el else......

----------------------------------------
x = 115.000000, y = 194.000000
avance = -231.000000, avanceR = 2.000000, avanceI = 2.000000
inc_x_r = 0.000000, inc_y_r = 1.000000, inc_x_i = 1.000000, inc_y_i = 1.000000
En el else......

----------------------------------------
x = 115.000000, y = 195.000000
avance = -229.000000, avanceR = 2.000000, avanceI = 2.000000
inc_x_r = 0.000000, inc_y_r = 1.000000, inc_x_i = 1.000000, inc_y_i = 1.000000
En el else......

----------------------------------------
x = 115.000000, y = 196.000000
avance = -227.000000, avanceR = 2.000000, avanceI = 2.000000
inc_x_r = 0.000000, inc_y_r = 1.000000, inc_x_i = 1.000000, inc_y_i = 1.000000
En el else......

----------------------------------------
x = 115.000000, y = 197.000000
avance = -225.000000, avanceR = 2.000000, avanceI = 2.000000
inc_x_r = 0.000000, inc_y_r = 1.000000, inc_x_i = 1.000000, inc_y_i = 1.000000
En el else......

----------------------------------------
x = 115.000000, y = 198.000000
avance = -223.000000, avanceR = 2.000000, avanceI = 2.000000
inc_x_r = 0.000000, inc_y_r = 1.000000, inc_x_i = 1.000000, inc_y_i = 1.000000
En el else......

----------------------------------------
x = 115.000000, y = 199.000000
avance = -221.000000, avanceR = 2.000000, avanceI = 2.000000
inc_x_r = 0.000000, inc_y_r = 1.000000, inc_x_i = 1.000000, inc_y_i = 1.000000
En el else......

----------------------------------------
x = 115.000000, y = 200.000000
avance = -219.000000, avanceR = 2.000000, avanceI = 2.000000
inc_x_r = 0.000000, inc_y_r = 1.000000, inc_x_i = 1.000000, inc_y_i = 1.000000
En el else......

----------------------------------------
x = 115.000000, y = 201.000000
avance = -217.000000, avanceR = 2.000000, avanceI = 2.000000
inc_x_r = 0.000000, inc_y_r = 1.000000, inc_x_i = 1.000000, inc_y_i = 1.000000
En el else......

----------------------------------------
x = 115.000000, y = 202.000000
avance = -215.000000, avanceR = 2.000000, avanceI = 2.000000
inc_x_r = 0.000000, inc_y_r = 1.000000, inc_x_i = 1.000000, inc_y_i = 1.000000
En el else......

----------------------------------------
x = 115.000000, y = 203.000000
avance = -213.000000, avanceR = 2.000000, avanceI = 2.000000
inc_x_r = 0.000000, inc_y_r = 1.000000, inc_x_i = 1.000000, inc_y_i = 1.000000
En el else......

----------------------------------------
x = 115.000000, y = 204.000000
avance = -211.000000, avanceR = 2.000000, avanceI = 2.000000
inc_x_r = 0.000000, inc_y_r = 1.000000, inc_x_i = 1.000000, inc_y_i = 1.000000
En el else......

----------------------------------------
x = 115.000000, y = 205.000000
avance = -209.000000, avanceR = 2.000000, avanceI = 2.000000
inc_x_r = 0.000000, inc_y_r = 1.000000, inc_x_i = 1.000000, inc_y_i = 1.000000
En el else......

----------------------------------------
x = 115.000000, y = 206.000000
avance = -207.000000, avanceR = 2.000000, avanceI = 2.000000
inc_x_r = 0.000000, inc_y_r = 1.000000, inc_x_i = 1.000000, inc_y_i = 1.000000
En el else......

----------------------------------------
x = 115.000000, y = 207.000000
avance = -205.000000, avanceR = 2.000000, avanceI = 2.000000
inc_x_r = 0.000000, inc_y_r = 1.000000, inc_x_i = 1.000000, inc_y_i = 1.000000
En el else......

----------------------------------------
x = 115.000000, y = 208.000000
avance = -203.000000, avanceR = 2.000000, avanceI = 2.000000
inc_x_r = 0.000000, inc_y_r = 1.000000, inc_x_i = 1.000000, inc_y_i = 1.000000
En el else......

----------------------------------------
x = 115.000000, y = 209.000000
avance = -201.000000, avanceR = 2.000000, avanceI = 2.000000
inc_x_r = 0.000000, inc_y_r = 1.000000, inc_x_i = 1.000000, inc_y_i = 1.000000
En el else......

----------------------------------------
x = 115.000000, y = 210.000000
avance = -199.000000, avanceR = 2.000000, avanceI = 2.000000
inc_x_r = 0.000000, inc_y_r = 1.000000, inc_x_i = 1.000000, inc_y_i = 1.000000
En el else......

----------------------------------------
x = 115.000000, y = 211.000000
avance = -197.000000, avanceR = 2.000000, avanceI = 2.000000
inc_x_r = 0.000000, inc_y_r = 1.000000, inc_x_i = 1.000000, inc_y_i = 1.000000
En el else......

----------------------------------------
x = 115.000000, y = 212.000000
avance = -195.000000, avanceR = 2.000000, avanceI = 2.000000
inc_x_r = 0.000000, inc_y_r = 1.000000, inc_x_i = 1.000000, inc_y_i = 1.000000
En el else......

----------------------------------------
x = 115.000000, y = 213.000000
avance = -193.000000, avanceR = 2.000000, avanceI = 2.000000
inc_x_r = 0.000000, inc_y_r = 1.000000, inc_x_i = 1.000000, inc_y_i = 1.000000
En el else......

----------------------------------------
x = 115.000000, y = 214.000000
avance = -191.000000, avanceR = 2.000000, avanceI = 2.000000
inc_x_r = 0.000000, inc_y_r = 1.000000, inc_x_i = 1.000000, inc_y_i = 1.000000
En el else......

----------------------------------------
x = 115.000000, y = 215.000000
avance = -189.000000, avanceR = 2.000000, avanceI = 2.000000
inc_x_r = 0.000000, inc_y_r = 1.000000, inc_x_i = 1.000000, inc_y_i = 1.000000
En el else......

----------------------------------------
x = 115.000000, y = 216.000000
avance = -187.000000, avanceR = 2.000000, avanceI = 2.000000
inc_x_r = 0.000000, inc_y_r = 1.000000, inc_x_i = 1.000000, inc_y_i = 1.000000
En el else......

----------------------------------------
x = 115.000000, y = 217.000000
avance = -185.000000, avanceR = 2.000000, avanceI = 2.000000
inc_x_r = 0.000000, inc_y_r = 1.000000, inc_x_i = 1.000000, inc_y_i = 1.000000
En el else......

----------------------------------------
x = 115.000000, y = 218.000000
avance = -183.000000, avanceR = 2.000000, avanceI = 2.000000
inc_x_r = 0.000000, inc_y_r = 1.000000, inc_x_i = 1.000000, inc_y_i = 1.000000
En el else......

----------------------------------------
x = 115.000000, y = 219.000000
avance = -181.000000, avanceR = 2.000000, avanceI = 2.000000
inc_x_r = 0.000000, inc_y_r = 1.000000, inc_x_i = 1.000000, inc_y_i = 1.000000
En el else......

----------------------------------------
x = 115.000000, y = 220.000000
avance = -179.000000, avanceR = 2.000000, avanceI = 2.000000
inc_x_r = 0.000000, inc_y_r = 1.000000, inc_x_i = 1.000000, inc_y_i = 1.000000
En el else......

----------------------------------------
x = 115.000000, y = 221.000000
avance = -177.000000, avanceR = 2.000000, avanceI = 2.000000
inc_x_r = 0.000000, inc_y_r = 1.000000, inc_x_i = 1.000000, inc_y_i = 1.000000
En el else......

----------------------------------------
x = 115.000000, y = 222.000000
avance = -175.000000, avanceR = 2.000000, avanceI = 2.000000
inc_x_r = 0.000000, inc_y_r = 1.000000, inc_x_i = 1.000000, inc_y_i = 1.000000
En el else......

----------------------------------------
x = 115.000000, y = 223.000000
avance = -173.000000, avanceR = 2.000000, avanceI = 2.000000
inc_x_r = 0.000000, inc_y_r = 1.000000, inc_x_i = 1.000000, inc_y_i = 1.000000
En el else......

----------------------------------------
x = 115.000000, y = 224.000000
avance = -171.000000, avanceR = 2.000000, avanceI = 2.000000
inc_x_r = 0.000000, inc_y_r = 1.000000, inc_x_i = 1.000000, inc_y_i = 1.000000
En el else......

----------------------------------------
x = 115.000000, y = 225.000000
avance = -169.000000, avanceR = 2.000000, avanceI = 2.000000
inc_x_r = 0.000000, inc_y_r = 1.000000, inc_x_i = 1.000000, inc_y_i = 1.000000
En el else......

----------------------------------------
x = 115.000000, y = 226.000000
avance = -167.000000, avanceR = 2.000000, avanceI = 2.000000
inc_x_r = 0.000000, inc_y_r = 1.000000, inc_x_i = 1.000000, inc_y_i = 1.000000
En el else......

----------------------------------------
x = 115.000000, y = 227.000000
avance = -165.000000, avanceR = 2.000000, avanceI = 2.000000
inc_x_r = 0.000000, inc_y_r = 1.000000, inc_x_i = 1.000000, inc_y_i = 1.000000
En el else......

----------------------------------------
x = 115.000000, y = 228.000000
avance = -163.000000, avanceR = 2.000000, avanceI = 2.000000
inc_x_r = 0.000000, inc_y_r = 1.000000, inc_x_i = 1.000000, inc_y_i = 1.000000
En el else......

----------------------------------------
x = 115.000000, y = 229.000000
avance = -161.000000, avanceR = 2.000000, avanceI = 2.000000
inc_x_r = 0.000000, inc_y_r = 1.000000, inc_x_i = 1.000000, inc_y_i = 1.000000
En el else......

----------------------------------------
x = 115.000000, y = 230.000000
avance = -159.000000, avanceR = 2.000000, avanceI = 2.000000
inc_x_r = 0.000000, inc_y_r = 1.000000, inc_x_i = 1.000000, inc_y_i = 1.000000
En el else......

----------------------------------------
x = 115.000000, y = 231.000000
avance = -157.000000, avanceR = 2.000000, avanceI = 2.000000
inc_x_r = 0.000000, inc_y_r = 1.000000, inc_x_i = 1.000000, inc_y_i = 1.000000
En el else......

----------------------------------------
x = 115.000000, y = 232.000000
avance = -155.000000, avanceR = 2.000000, avanceI = 2.000000
inc_x_r = 0.000000, inc_y_r = 1.000000, inc_x_i = 1.000000, inc_y_i = 1.000000
En el else......

----------------------------------------
x = 115.000000, y = 233.000000
avance = -153.000000, avanceR = 2.000000, avanceI = 2.000000
inc_x_r = 0.000000, inc_y_r = 1.000000, inc_x_i = 1.000000, inc_y_i = 1.000000
En el else......

----------------------------------------
x = 115.000000, y = 234.000000
avance = -151.000000, avanceR = 2.000000, avanceI = 2.000000
inc_x_r = 0.000000, inc_y_r = 1.000000, inc_x_i = 1.000000, inc_y_i = 1.000000
En el else......

----------------------------------------
x = 115.000000, y = 235.000000
avance = -149.000000, avanceR = 2.000000, avanceI = 2.000000
inc_x_r = 0.000000, inc_y_r = 1.000000, inc_x_i = 1.000000, inc_y_i = 1.000000
En el else......

----------------------------------------
x = 115.000000, y = 236.000000
avance = -147.000000, avanceR = 2.000000, avanceI = 2.000000
inc_x_r = 0.000000, inc_y_r = 1.000000, inc_x_i = 1.000000, inc_y_i = 1.000000
En el else......

----------------------------------------
x = 115.000000, y = 237.000000
avance = -145.000000, avanceR = 2.000000, avanceI = 2.000000
inc_x_r = 0.000000, inc_y_r = 1.000000, inc_x_i = 1.000000, inc_y_i = 1.000000
En el else......

----------------------------------------
x = 115.000000, y = 238.000000
avance = -143.000000, avanceR = 2.000000, avanceI = 2.000000
inc_x_r = 0.000000, inc_y_r = 1.000000, inc_x_i = 1.000000, inc_y_i = 1.000000
En el else......

----------------------------------------
x = 115.000000, y = 239.000000
avance = -141.000000, avanceR = 2.000000, avanceI = 2.000000
inc_x_r = 0.000000, inc_y_r = 1.000000, inc_x_i = 1.000000, inc_y_i = 1.000000
En el else......

----------------------------------------
x = 115.000000, y = 240.000000
avance = -139.000000, avanceR = 2.000000, avanceI = 2.000000
inc_x_r = 0.000000, inc_y_r = 1.000000, inc_x_i = 1.000000, inc_y_i = 1.000000
En el else......

----------------------------------------
x = 115.000000, y = 241.000000
avance = -137.000000, avanceR = 2.000000, avanceI = 2.000000
inc_x_r = 0.000000, inc_y_r = 1.000000, inc_x_i = 1.000000, inc_y_i = 1.000000
En el else......

----------------------------------------
x = 115.000000, y = 242.000000
avance = -135.000000, avanceR = 2.000000, avanceI = 2.000000
inc_x_r = 0.000000, inc_y_r = 1.000000, inc_x_i = 1.000000, inc_y_i = 1.000000
En el else......

----------------------------------------
x = 115.000000, y = 243.000000
avance = -133.000000, avanceR = 2.000000, avanceI = 2.000000
inc_x_r = 0.000000, inc_y_r = 1.000000, inc_x_i = 1.000000, inc_y_i = 1.000000
En el else......

----------------------------------------
x = 115.000000, y = 244.000000
avance = -131.000000, avanceR = 2.000000, avanceI = 2.000000
inc_x_r = 0.000000, inc_y_r = 1.000000, inc_x_i = 1.000000, inc_y_i = 1.000000
En el else......

----------------------------------------
x = 115.000000, y = 245.000000
avance = -129.000000, avanceR = 2.000000, avanceI = 2.000000
inc_x_r = 0.000000, inc_y_r = 1.000000, inc_x_i = 1.000000, inc_y_i = 1.000000
En el else......

----------------------------------------
x = 115.000000, y = 246.000000
avance = -127.000000, avanceR = 2.000000, avanceI = 2.000000
inc_x_r = 0.000000, inc_y_r = 1.000000, inc_x_i = 1.000000, inc_y_i = 1.000000
En el else......

----------------------------------------
x = 115.000000, y = 247.000000
avance = -125.000000, avanceR = 2.000000, avanceI = 2.000000
inc_x_r = 0.000000, inc_y_r = 1.000000, inc_x_i = 1.000000, inc_y_i = 1.000000
En el else......

----------------------------------------
x = 115.000000, y = 248.000000
avance = -123.000000, avanceR = 2.000000, avanceI = 2.000000
inc_x_r = 0.000000, inc_y_r = 1.000000, inc_x_i = 1.000000, inc_y_i = 1.000000
En el else......

----------------------------------------
x = 115.000000, y = 249.000000
avance = -121.000000, avanceR = 2.000000, avanceI = 2.000000
inc_x_r = 0.000000, inc_y_r = 1.000000, inc_x_i = 1.000000, inc_y_i = 1.000000
En el else......

----------------------------------------
x = 115.000000, y = 250.000000
avance = -119.000000, avanceR = 2.000000, avanceI = 2.000000
inc_x_r = 0.000000, inc_y_r = 1.000000, inc_x_i = 1.000000, inc_y_i = 1.000000
En el else......

----------------------------------------
x = 115.000000, y = 251.000000
avance = -117.000000, avanceR = 2.000000, avanceI = 2.000000
inc_x_r = 0.000000, inc_y_r = 1.000000, inc_x_i = 1.000000, inc_y_i = 1.000000
En el else......

----------------------------------------
x = 115.000000, y = 252.000000
avance = -115.000000, avanceR = 2.000000, avanceI = 2.000000
inc_x_r = 0.000000, inc_y_r = 1.000000, inc_x_i = 1.000000, inc_y_i = 1.000000
En el else......

----------------------------------------
x = 115.000000, y = 253.000000
avance = -113.000000, avanceR = 2.000000, avanceI = 2.000000
inc_x_r = 0.000000, inc_y_r = 1.000000, inc_x_i = 1.000000, inc_y_i = 1.000000
En el else......

----------------------------------------
x = 115.000000, y = 254.000000
avance = -111.000000, avanceR = 2.000000, avanceI = 2.000000
inc_x_r = 0.000000, inc_y_r = 1.000000, inc_x_i = 1.000000, inc_y_i = 1.000000
En el else......

----------------------------------------
x = 115.000000, y = 255.000000
avance = -109.000000, avanceR = 2.000000, avanceI = 2.000000
inc_x_r = 0.000000, inc_y_r = 1.000000, inc_x_i = 1.000000, inc_y_i = 1.000000
En el else......

----------------------------------------
x = 115.000000, y = 256.000000
avance = -107.000000, avanceR = 2.000000, avanceI = 2.000000
inc_x_r = 0.000000, inc_y_r = 1.000000, inc_x_i = 1.000000, inc_y_i = 1.000000
En el else......

----------------------------------------
x = 115.000000, y = 257.000000
avance = -105.000000, avanceR = 2.000000, avanceI = 2.000000
inc_x_r = 0.000000, inc_y_r = 1.000000, inc_x_i = 1.000000, inc_y_i = 1.000000
En el else......

----------------------------------------
x = 115.000000, y = 258.000000
avance = -103.000000, avanceR = 2.000000, avanceI = 2.000000
inc_x_r = 0.000000, inc_y_r = 1.000000, inc_x_i = 1.000000, inc_y_i = 1.000000
En el else......

----------------------------------------
x = 115.000000, y = 259.000000
avance = -101.000000, avanceR = 2.000000, avanceI = 2.000000
inc_x_r = 0.000000, inc_y_r = 1.000000, inc_x_i = 1.000000, inc_y_i = 1.000000
En el else......

----------------------------------------
x = 115.000000, y = 260.000000
avance = -99.000000, avanceR = 2.000000, avanceI = 2.000000
inc_x_r = 0.000000, inc_y_r = 1.000000, inc_x_i = 1.000000, inc_y_i = 1.000000
En el else......

----------------------------------------
x = 115.000000, y = 261.000000
avance = -97.000000, avanceR = 2.000000, avanceI = 2.000000
inc_x_r = 0.000000, inc_y_r = 1.000000, inc_x_i = 1.000000, inc_y_i = 1.000000
En el else......

----------------------------------------
x = 115.000000, y = 262.000000
avance = -95.000000, avanceR = 2.000000, avanceI = 2.000000
inc_x_r = 0.000000, inc_y_r = 1.000000, inc_x_i = 1.000000, inc_y_i = 1.000000
En el else......

----------------------------------------
x = 115.000000, y = 263.000000
avance = -93.000000, avanceR = 2.000000, avanceI = 2.000000
inc_x_r = 0.000000, inc_y_r = 1.000000, inc_x_i = 1.000000, inc_y_i = 1.000000
En el else......

----------------------------------------
x = 115.000000, y = 264.000000
avance = -91.000000, avanceR = 2.000000, avanceI = 2.000000
inc_x_r = 0.000000, inc_y_r = 1.000000, inc_x_i = 1.000000, inc_y_i = 1.000000
En el else......

----------------------------------------
x = 115.000000, y = 265.000000
avance = -89.000000, avanceR = 2.000000, avanceI = 2.000000
inc_x_r = 0.000000, inc_y_r = 1.000000, inc_x_i = 1.000000, inc_y_i = 1.000000
En el else......

----------------------------------------
x = 115.000000, y = 266.000000
avance = -87.000000, avanceR = 2.000000, avanceI = 2.000000
inc_x_r = 0.000000, inc_y_r = 1.000000, inc_x_i = 1.000000, inc_y_i = 1.000000
En el else......

----------------------------------------
x = 115.000000, y = 267.000000
avance = -85.000000, avanceR = 2.000000, avanceI = 2.000000
inc_x_r = 0.000000, inc_y_r = 1.000000, inc_x_i = 1.000000, inc_y_i = 1.000000
En el else......

----------------------------------------
x = 115.000000, y = 268.000000
avance = -83.000000, avanceR = 2.000000, avanceI = 2.000000
inc_x_r = 0.000000, inc_y_r = 1.000000, inc_x_i = 1.000000, inc_y_i = 1.000000
En el else......

----------------------------------------
x = 115.000000, y = 269.000000
avance = -81.000000, avanceR = 2.000000, avanceI = 2.000000
inc_x_r = 0.000000, inc_y_r = 1.000000, inc_x_i = 1.000000, inc_y_i = 1.000000
En el else......

----------------------------------------
x = 115.000000, y = 270.000000
avance = -79.000000, avanceR = 2.000000, avanceI = 2.000000
inc_x_r = 0.000000, inc_y_r = 1.000000, inc_x_i = 1.000000, inc_y_i = 1.000000
En el else......

----------------------------------------
x = 115.000000, y = 271.000000
avance = -77.000000, avanceR = 2.000000, avanceI = 2.000000
inc_x_r = 0.000000, inc_y_r = 1.000000, inc_x_i = 1.000000, inc_y_i = 1.000000
En el else......

----------------------------------------
x = 115.000000, y = 272.000000
avance = -75.000000, avanceR = 2.000000, avanceI = 2.000000
inc_x_r = 0.000000, inc_y_r = 1.000000, inc_x_i = 1.000000, inc_y_i = 1.000000
En el else......

----------------------------------------
x = 115.000000, y = 273.000000
avance = -73.000000, avanceR = 2.000000, avanceI = 2.000000
inc_x_r = 0.000000, inc_y_r = 1.000000, inc_x_i = 1.000000, inc_y_i = 1.000000
En el else......

----------------------------------------
x = 115.000000, y = 274.000000
avance = -71.000000, avanceR = 2.000000, avanceI = 2.000000
inc_x_r = 0.000000, inc_y_r = 1.000000, inc_x_i = 1.000000, inc_y_i = 1.000000
En el else......

----------------------------------------
x = 115.000000, y = 275.000000
avance = -69.000000, avanceR = 2.000000, avanceI = 2.000000
inc_x_r = 0.000000, inc_y_r = 1.000000, inc_x_i = 1.000000, inc_y_i = 1.000000
En el else......

----------------------------------------
x = 115.000000, y = 276.000000
avance = -67.000000, avanceR = 2.000000, avanceI = 2.000000
inc_x_r = 0.000000, inc_y_r = 1.000000, inc_x_i = 1.000000, inc_y_i = 1.000000
En el else......

----------------------------------------
x = 115.000000, y = 277.000000
avance = -65.000000, avanceR = 2.000000, avanceI = 2.000000
inc_x_r = 0.000000, inc_y_r = 1.000000, inc_x_i = 1.000000, inc_y_i = 1.000000
En el else......

----------------------------------------
x = 115.000000, y = 278.000000
avance = -63.000000, avanceR = 2.000000, avanceI = 2.000000
inc_x_r = 0.000000, inc_y_r = 1.000000, inc_x_i = 1.000000, inc_y_i = 1.000000
En el else......

----------------------------------------
x = 115.000000, y = 279.000000
avance = -61.000000, avanceR = 2.000000, avanceI = 2.000000
inc_x_r = 0.000000, inc_y_r = 1.000000, inc_x_i = 1.000000, inc_y_i = 1.000000
En el else......

----------------------------------------
x = 115.000000, y = 280.000000
avance = -59.000000, avanceR = 2.000000, avanceI = 2.000000
inc_x_r = 0.000000, inc_y_r = 1.000000, inc_x_i = 1.000000, inc_y_i = 1.000000
En el else......

----------------------------------------
x = 115.000000, y = 281.000000
avance = -57.000000, avanceR = 2.000000, avanceI = 2.000000
inc_x_r = 0.000000, inc_y_r = 1.000000, inc_x_i = 1.000000, inc_y_i = 1.000000
En el else......

----------------------------------------
x = 115.000000, y = 282.000000
avance = -55.000000, avanceR = 2.000000, avanceI = 2.000000
inc_x_r = 0.000000, inc_y_r = 1.000000, inc_x_i = 1.000000, inc_y_i = 1.000000
En el else......

----------------------------------------
x = 115.000000, y = 283.000000
avance = -53.000000, avanceR = 2.000000, avanceI = 2.000000
inc_x_r = 0.000000, inc_y_r = 1.000000, inc_x_i = 1.000000, inc_y_i = 1.000000
En el else......

----------------------------------------
x = 115.000000, y = 284.000000
avance = -51.000000, avanceR = 2.000000, avanceI = 2.000000
inc_x_r = 0.000000, inc_y_r = 1.000000, inc_x_i = 1.000000, inc_y_i = 1.000000
En el else......

----------------------------------------
x = 115.000000, y = 285.000000
avance = -49.000000, avanceR = 2.000000, avanceI = 2.000000
inc_x_r = 0.000000, inc_y_r = 1.000000, inc_x_i = 1.000000, inc_y_i = 1.000000
En el else......

----------------------------------------
x = 115.000000, y = 286.000000
avance = -47.000000, avanceR = 2.000000, avanceI = 2.000000
inc_x_r = 0.000000, inc_y_r = 1.000000, inc_x_i = 1.000000, inc_y_i = 1.000000
En el else......

----------------------------------------
x = 115.000000, y = 287.000000
avance = -45.000000, avanceR = 2.000000, avanceI = 2.000000
inc_x_r = 0.000000, inc_y_r = 1.000000, inc_x_i = 1.000000, inc_y_i = 1.000000
En el else......

----------------------------------------
x = 115.000000, y = 288.000000
avance = -43.000000, avanceR = 2.000000, avanceI = 2.000000
inc_x_r = 0.000000, inc_y_r = 1.000000, inc_x_i = 1.000000, inc_y_i = 1.000000
En el else......

----------------------------------------
x = 115.000000, y = 289.000000
avance = -41.000000, avanceR = 2.000000, avanceI = 2.000000
inc_x_r = 0.000000, inc_y_r = 1.000000, inc_x_i = 1.000000, inc_y_i = 1.000000
En el else......

----------------------------------------
x = 115.000000, y = 290.000000
avance = -39.000000, avanceR = 2.000000, avanceI = 2.000000
inc_x_r = 0.000000, inc_y_r = 1.000000, inc_x_i = 1.000000, inc_y_i = 1.000000
En el else......

----------------------------------------
x = 115.000000, y = 291.000000
avance = -37.000000, avanceR = 2.000000, avanceI = 2.000000
inc_x_r = 0.000000, inc_y_r = 1.000000, inc_x_i = 1.000000, inc_y_i = 1.000000
En el else......

----------------------------------------
x = 115.000000, y = 292.000000
avance = -35.000000, avanceR = 2.000000, avanceI = 2.000000
inc_x_r = 0.000000, inc_y_r = 1.000000, inc_x_i = 1.000000, inc_y_i = 1.000000
En el else......

----------------------------------------
x = 115.000000, y = 293.000000
avance = -33.000000, avanceR = 2.000000, avanceI = 2.000000
inc_x_r = 0.000000, inc_y_r = 1.000000, inc_x_i = 1.000000, inc_y_i = 1.000000
En el else......

----------------------------------------
x = 115.000000, y = 294.000000
avance = -31.000000, avanceR = 2.000000, avanceI = 2.000000
inc_x_r = 0.000000, inc_y_r = 1.000000, inc_x_i = 1.000000, inc_y_i = 1.000000
En el else......

----------------------------------------
x = 115.000000, y = 295.000000
avance = -29.000000, avanceR = 2.000000, avanceI = 2.000000
inc_x_r = 0.000000, inc_y_r = 1.000000, inc_x_i = 1.000000, inc_y_i = 1.000000
En el else......

----------------------------------------
x = 115.000000, y = 296.000000
avance = -27.000000, avanceR = 2.000000, avanceI = 2.000000
inc_x_r = 0.000000, inc_y_r = 1.000000, inc_x_i = 1.000000, inc_y_i = 1.000000
En el else......

----------------------------------------
x = 115.000000, y = 297.000000
avance = -25.000000, avanceR = 2.000000, avanceI = 2.000000
inc_x_r = 0.000000, inc_y_r = 1.000000, inc_x_i = 1.000000, inc_y_i = 1.000000
En el else......

----------------------------------------
x = 115.000000, y = 298.000000
avance = -23.000000, avanceR = 2.000000, avanceI = 2.000000
inc_x_r = 0.000000, inc_y_r = 1.000000, inc_x_i = 1.000000, inc_y_i = 1.000000
En el else......

----------------------------------------
x = 115.000000, y = 299.000000
avance = -21.000000, avanceR = 2.000000, avanceI = 2.000000
inc_x_r = 0.000000, inc_y_r = 1.000000, inc_x_i = 1.000000, inc_y_i = 1.000000
En el else......

----------------------------------------
x = 115.000000, y = 300.000000
avance = -19.000000, avanceR = 2.000000, avanceI = 2.000000
inc_x_r = 0.000000, inc_y_r = 1.000000, inc_x_i = 1.000000, inc_y_i = 1.000000
En el else......

----------------------------------------
x = 115.000000, y = 301.000000
avance = -17.000000, avanceR = 2.000000, avanceI = 2.000000
inc_x_r = 0.000000, inc_y_r = 1.000000, inc_x_i = 1.000000, inc_y_i = 1.000000
En el else......

----------------------------------------
x = 115.000000, y = 302.000000
avance = -15.000000, avanceR = 2.000000, avanceI = 2.000000
inc_x_r = 0.000000, inc_y_r = 1.000000, inc_x_i = 1.000000, inc_y_i = 1.000000
En el else......

----------------------------------------
x = 115.000000, y = 303.000000
avance = -13.000000, avanceR = 2.000000, avanceI = 2.000000
inc_x_r = 0.000000, inc_y_r = 1.000000, inc_x_i = 1.000000, inc_y_i = 1.000000
En el else......

----------------------------------------
x = 115.000000, y = 304.000000
avance = -11.000000, avanceR = 2.000000, avanceI = 2.000000
inc_x_r = 0.000000, inc_y_r = 1.000000, inc_x_i = 1.000000, inc_y_i = 1.000000
En el else......

----------------------------------------
x = 115.000000, y = 305.000000
avance = -9.000000, avanceR = 2.000000, avanceI = 2.000000
inc_x_r = 0.000000, inc_y_r = 1.000000, inc_x_i = 1.000000, inc_y_i = 1.000000
En el else......

----------------------------------------
x = 115.000000, y = 306.000000
avance = -7.000000, avanceR = 2.000000, avanceI = 2.000000
inc_x_r = 0.000000, inc_y_r = 1.000000, inc_x_i = 1.000000, inc_y_i = 1.000000
En el else......

----------------------------------------
x = 115.000000, y = 307.000000
avance = -5.000000, avanceR = 2.000000, avanceI = 2.000000
inc_x_r = 0.000000, inc_y_r = 1.000000, inc_x_i = 1.000000, inc_y_i = 1.000000
En el else......

----------------------------------------
x = 115.000000, y = 308.000000
avance = -3.000000, avanceR = 2.000000, avanceI = 2.000000
inc_x_r = 0.000000, inc_y_r = 1.000000, inc_x_i = 1.000000, inc_y_i = 1.000000
En el else......

----------------------------------------
x = 115.000000, y = 309.000000
avance = -1.000000, avanceR = 2.000000, avanceI = 2.000000
inc_x_r = 0.000000, inc_y_r = 1.000000, inc_x_i = 1.000000, inc_y_i = 1.000000
En el else......

----------------------------------------
x = 115.000000, y = 310.000000
avance = 1.000000, avanceR = 2.000000, avanceI = 2.000000
inc_x_r = 0.000000, inc_y_r = 1.000000, inc_x_i = 1.000000, inc_y_i = 1.000000
avance >= 0

----------------------------------------
x = 116.000000, y = 311.000000
avance = -499.000000, avanceR = 2.000000, avanceI = 2.000000
inc_x_r = 0.000000, inc_y_r = 1.000000, inc_x_i = 1.000000, inc_y_i = 1.000000
En el else......

----------------------------------------
x = 116.000000, y = 312.000000
avance = -497.000000, avanceR = 2.000000, avanceI = 2.000000
inc_x_r = 0.000000, inc_y_r = 1.000000, inc_x_i = 1.000000, inc_y_i = 1.000000
En el else......

----------------------------------------
x = 116.000000, y = 313.000000
avance = -495.000000, avanceR = 2.000000, avanceI = 2.000000
inc_x_r = 0.000000, inc_y_r = 1.000000, inc_x_i = 1.000000, inc_y_i = 1.000000
En el else......

----------------------------------------
x = 116.000000, y = 314.000000
avance = -493.000000, avanceR = 2.000000, avanceI = 2.000000
inc_x_r = 0.000000, inc_y_r = 1.000000, inc_x_i = 1.000000, inc_y_i = 1.000000
En el else......

----------------------------------------
x = 116.000000, y = 315.000000
avance = -491.000000, avanceR = 2.000000, avanceI = 2.000000
inc_x_r = 0.000000, inc_y_r = 1.000000, inc_x_i = 1.000000, inc_y_i = 1.000000
En el else......

----------------------------------------
x = 116.000000, y = 316.000000
avance = -489.000000, avanceR = 2.000000, avanceI = 2.000000
inc_x_r = 0.000000, inc_y_r = 1.000000, inc_x_i = 1.000000, inc_y_i = 1.000000
En el else......

----------------------------------------
x = 116.000000, y = 317.000000
avance = -487.000000, avanceR = 2.000000, avanceI = 2.000000
inc_x_r = 0.000000, inc_y_r = 1.000000, inc_x_i = 1.000000, inc_y_i = 1.000000
En el else......

----------------------------------------
x = 116.000000, y = 318.000000
avance = -485.000000, avanceR = 2.000000, avanceI = 2.000000
inc_x_r = 0.000000, inc_y_r = 1.000000, inc_x_i = 1.000000, inc_y_i = 1.000000
En el else......

----------------------------------------
x = 116.000000, y = 319.000000
avance = -483.000000, avanceR = 2.000000, avanceI = 2.000000
inc_x_r = 0.000000, inc_y_r = 1.000000, inc_x_i = 1.000000, inc_y_i = 1.000000
En el else......

----------------------------------------
x = 116.000000, y = 320.000000
avance = -481.000000, avanceR = 2.000000, avanceI = 2.000000
inc_x_r = 0.000000, inc_y_r = 1.000000, inc_x_i = 1.000000, inc_y_i = 1.000000
En el else......

----------------------------------------
x = 116.000000, y = 321.000000
avance = -479.000000, avanceR = 2.000000, avanceI = 2.000000
inc_x_r = 0.000000, inc_y_r = 1.000000, inc_x_i = 1.000000, inc_y_i = 1.000000
En el else......

----------------------------------------
x = 116.000000, y = 322.000000
avance = -477.000000, avanceR = 2.000000, avanceI = 2.000000
inc_x_r = 0.000000, inc_y_r = 1.000000, inc_x_i = 1.000000, inc_y_i = 1.000000
En el else......

----------------------------------------
x = 116.000000, y = 323.000000
avance = -475.000000, avanceR = 2.000000, avanceI = 2.000000
inc_x_r = 0.000000, inc_y_r = 1.000000, inc_x_i = 1.000000, inc_y_i = 1.000000
En el else......

----------------------------------------
x = 116.000000, y = 324.000000
avance = -473.000000, avanceR = 2.000000, avanceI = 2.000000
inc_x_r = 0.000000, inc_y_r = 1.000000, inc_x_i = 1.000000, inc_y_i = 1.000000
En el else......

----------------------------------------
x = 116.000000, y = 325.000000
avance = -471.000000, avanceR = 2.000000, avanceI = 2.000000
inc_x_r = 0.000000, inc_y_r = 1.000000, inc_x_i = 1.000000, inc_y_i = 1.000000
En el else......

----------------------------------------
x = 116.000000, y = 326.000000
avance = -469.000000, avanceR = 2.000000, avanceI = 2.000000
inc_x_r = 0.000000, inc_y_r = 1.000000, inc_x_i = 1.000000, inc_y_i = 1.000000
En el else......

----------------------------------------
x = 116.000000, y = 327.000000
avance = -467.000000, avanceR = 2.000000, avanceI = 2.000000
inc_x_r = 0.000000, inc_y_r = 1.000000, inc_x_i = 1.000000, inc_y_i = 1.000000
En el else......

----------------------------------------
x = 116.000000, y = 328.000000
avance = -465.000000, avanceR = 2.000000, avanceI = 2.000000
inc_x_r = 0.000000, inc_y_r = 1.000000, inc_x_i = 1.000000, inc_y_i = 1.000000
En el else......

----------------------------------------
x = 116.000000, y = 329.000000
avance = -463.000000, avanceR = 2.000000, avanceI = 2.000000
inc_x_r = 0.000000, inc_y_r = 1.000000, inc_x_i = 1.000000, inc_y_i = 1.000000
En el else......

----------------------------------------
x = 116.000000, y = 330.000000
avance = -461.000000, avanceR = 2.000000, avanceI = 2.000000
inc_x_r = 0.000000, inc_y_r = 1.000000, inc_x_i = 1.000000, inc_y_i = 1.000000
En el else......

----------------------------------------
x = 116.000000, y = 331.000000
avance = -459.000000, avanceR = 2.000000, avanceI = 2.000000
inc_x_r = 0.000000, inc_y_r = 1.000000, inc_x_i = 1.000000, inc_y_i = 1.000000
En el else......

----------------------------------------
x = 116.000000, y = 332.000000
avance = -457.000000, avanceR = 2.000000, avanceI = 2.000000
inc_x_r = 0.000000, inc_y_r = 1.000000, inc_x_i = 1.000000, inc_y_i = 1.000000
En el else......

----------------------------------------
x = 116.000000, y = 333.000000
avance = -455.000000, avanceR = 2.000000, avanceI = 2.000000
inc_x_r = 0.000000, inc_y_r = 1.000000, inc_x_i = 1.000000, inc_y_i = 1.000000
En el else......

----------------------------------------
x = 116.000000, y = 334.000000
avance = -453.000000, avanceR = 2.000000, avanceI = 2.000000
inc_x_r = 0.000000, inc_y_r = 1.000000, inc_x_i = 1.000000, inc_y_i = 1.000000
En el else......

----------------------------------------
x = 116.000000, y = 335.000000
avance = -451.000000, avanceR = 2.000000, avanceI = 2.000000
inc_x_r = 0.000000, inc_y_r = 1.000000, inc_x_i = 1.000000, inc_y_i = 1.000000
En el else......

----------------------------------------
x = 116.000000, y = 336.000000
avance = -449.000000, avanceR = 2.000000, avanceI = 2.000000
inc_x_r = 0.000000, inc_y_r = 1.000000, inc_x_i = 1.000000, inc_y_i = 1.000000
En el else......

----------------------------------------
x = 116.000000, y = 337.000000
avance = -447.000000, avanceR = 2.000000, avanceI = 2.000000
inc_x_r = 0.000000, inc_y_r = 1.000000, inc_x_i = 1.000000, inc_y_i = 1.000000
En el else......

----------------------------------------
x = 116.000000, y = 338.000000
avance = -445.000000, avanceR = 2.000000, avanceI = 2.000000
inc_x_r = 0.000000, inc_y_r = 1.000000, inc_x_i = 1.000000, inc_y_i = 1.000000
En el else......

----------------------------------------
x = 116.000000, y = 339.000000
avance = -443.000000, avanceR = 2.000000, avanceI = 2.000000
inc_x_r = 0.000000, inc_y_r = 1.000000, inc_x_i = 1.000000, inc_y_i = 1.000000
En el else......

----------------------------------------
x = 116.000000, y = 340.000000
avance = -441.000000, avanceR = 2.000000, avanceI = 2.000000
inc_x_r = 0.000000, inc_y_r = 1.000000, inc_x_i = 1.000000, inc_y_i = 1.000000
En el else......

----------------------------------------
x = 116.000000, y = 341.000000
avance = -439.000000, avanceR = 2.000000, avanceI = 2.000000
inc_x_r = 0.000000, inc_y_r = 1.000000, inc_x_i = 1.000000, inc_y_i = 1.000000
En el else......

----------------------------------------
x = 116.000000, y = 342.000000
avance = -437.000000, avanceR = 2.000000, avanceI = 2.000000
inc_x_r = 0.000000, inc_y_r = 1.000000, inc_x_i = 1.000000, inc_y_i = 1.000000
En el else......

----------------------------------------
x = 116.000000, y = 343.000000
avance = -435.000000, avanceR = 2.000000, avanceI = 2.000000
inc_x_r = 0.000000, inc_y_r = 1.000000, inc_x_i = 1.000000, inc_y_i = 1.000000
En el else......

----------------------------------------
x = 116.000000, y = 344.000000
avance = -433.000000, avanceR = 2.000000, avanceI = 2.000000
inc_x_r = 0.000000, inc_y_r = 1.000000, inc_x_i = 1.000000, inc_y_i = 1.000000
En el else......

----------------------------------------
x = 116.000000, y = 345.000000
avance = -431.000000, avanceR = 2.000000, avanceI = 2.000000
inc_x_r = 0.000000, inc_y_r = 1.000000, inc_x_i = 1.000000, inc_y_i = 1.000000
En el else......

----------------------------------------
x = 116.000000, y = 346.000000
avance = -429.000000, avanceR = 2.000000, avanceI = 2.000000
inc_x_r = 0.000000, inc_y_r = 1.000000, inc_x_i = 1.000000, inc_y_i = 1.000000
En el else......

----------------------------------------
x = 116.000000, y = 347.000000
avance = -427.000000, avanceR = 2.000000, avanceI = 2.000000
inc_x_r = 0.000000, inc_y_r = 1.000000, inc_x_i = 1.000000, inc_y_i = 1.000000
En el else......

----------------------------------------
x = 116.000000, y = 348.000000
avance = -425.000000, avanceR = 2.000000, avanceI = 2.000000
inc_x_r = 0.000000, inc_y_r = 1.000000, inc_x_i = 1.000000, inc_y_i = 1.000000
En el else......

----------------------------------------
x = 116.000000, y = 349.000000
avance = -423.000000, avanceR = 2.000000, avanceI = 2.000000
inc_x_r = 0.000000, inc_y_r = 1.000000, inc_x_i = 1.000000, inc_y_i = 1.000000
En el else......

----------------------------------------
x = 116.000000, y = 350.000000
avance = -421.000000, avanceR = 2.000000, avanceI = 2.000000
inc_x_r = 0.000000, inc_y_r = 1.000000, inc_x_i = 1.000000, inc_y_i = 1.000000
En el else......

----------------------------------------
x = 116.000000, y = 351.000000
avance = -419.000000, avanceR = 2.000000, avanceI = 2.000000
inc_x_r = 0.000000, inc_y_r = 1.000000, inc_x_i = 1.000000, inc_y_i = 1.000000
En el else......

----------------------------------------
x = 116.000000, y = 352.000000
avance = -417.000000, avanceR = 2.000000, avanceI = 2.000000
inc_x_r = 0.000000, inc_y_r = 1.000000, inc_x_i = 1.000000, inc_y_i = 1.000000
En el else......

----------------------------------------
x = 116.000000, y = 353.000000
avance = -415.000000, avanceR = 2.000000, avanceI = 2.000000
inc_x_r = 0.000000, inc_y_r = 1.000000, inc_x_i = 1.000000, inc_y_i = 1.000000
En el else......

----------------------------------------
x = 116.000000, y = 354.000000
avance = -413.000000, avanceR = 2.000000, avanceI = 2.000000
inc_x_r = 0.000000, inc_y_r = 1.000000, inc_x_i = 1.000000, inc_y_i = 1.000000
En el else......

----------------------------------------
x = 116.000000, y = 355.000000
avance = -411.000000, avanceR = 2.000000, avanceI = 2.000000
inc_x_r = 0.000000, inc_y_r = 1.000000, inc_x_i = 1.000000, inc_y_i = 1.000000
En el else......

----------------------------------------
x = 116.000000, y = 356.000000
avance = -409.000000, avanceR = 2.000000, avanceI = 2.000000
inc_x_r = 0.000000, inc_y_r = 1.000000, inc_x_i = 1.000000, inc_y_i = 1.000000
En el else......

----------------------------------------
x = 116.000000, y = 357.000000
avance = -407.000000, avanceR = 2.000000, avanceI = 2.000000
inc_x_r = 0.000000, inc_y_r = 1.000000, inc_x_i = 1.000000, inc_y_i = 1.000000
En el else......

----------------------------------------
x = 116.000000, y = 358.000000
avance = -405.000000, avanceR = 2.000000, avanceI = 2.000000
inc_x_r = 0.000000, inc_y_r = 1.000000, inc_x_i = 1.000000, inc_y_i = 1.000000
En el else......

----------------------------------------
x = 116.000000, y = 359.000000
avance = -403.000000, avanceR = 2.000000, avanceI = 2.000000
inc_x_r = 0.000000, inc_y_r = 1.000000, inc_x_i = 1.000000, inc_y_i = 1.000000
En el else......

----------------------------------------
x = 116.000000, y = 360.000000
avance = -401.000000, avanceR = 2.000000, avanceI = 2.000000
inc_x_r = 0.000000, inc_y_r = 1.000000, inc_x_i = 1.000000, inc_y_i = 1.000000
En el else......

----------------------------------------
x = 116.000000, y = 361.000000
avance = -399.000000, avanceR = 2.000000, avanceI = 2.000000
inc_x_r = 0.000000, inc_y_r = 1.000000, inc_x_i = 1.000000, inc_y_i = 1.000000
En el else......

----------------------------------------
x = 116.000000, y = 362.000000
avance = -397.000000, avanceR = 2.000000, avanceI = 2.000000
inc_x_r = 0.000000, inc_y_r = 1.000000, inc_x_i = 1.000000, inc_y_i = 1.000000
En el else......

----------------------------------------
x = 116.000000, y = 363.000000
avance = -395.000000, avanceR = 2.000000, avanceI = 2.000000
inc_x_r = 0.000000, inc_y_r = 1.000000, inc_x_i = 1.000000, inc_y_i = 1.000000
En el else......

----------------------------------------
x = 116.000000, y = 364.000000
avance = -393.000000, avanceR = 2.000000, avanceI = 2.000000
inc_x_r = 0.000000, inc_y_r = 1.000000, inc_x_i = 1.000000, inc_y_i = 1.000000
En el else......

----------------------------------------
x = 116.000000, y = 365.000000
avance = -391.000000, avanceR = 2.000000, avanceI = 2.000000
inc_x_r = 0.000000, inc_y_r = 1.000000, inc_x_i = 1.000000, inc_y_i = 1.000000
En el else......

----------------------------------------
x = 116.000000, y = 366.000000
avance = -389.000000, avanceR = 2.000000, avanceI = 2.000000
inc_x_r = 0.000000, inc_y_r = 1.000000, inc_x_i = 1.000000, inc_y_i = 1.000000
En el else......

----------------------------------------
x = 116.000000, y = 367.000000
avance = -387.000000, avanceR = 2.000000, avanceI = 2.000000
inc_x_r = 0.000000, inc_y_r = 1.000000, inc_x_i = 1.000000, inc_y_i = 1.000000
En el else......

----------------------------------------
x = 116.000000, y = 368.000000
avance = -385.000000, avanceR = 2.000000, avanceI = 2.000000
inc_x_r = 0.000000, inc_y_r = 1.000000, inc_x_i = 1.000000, inc_y_i = 1.000000
En el else......

----------------------------------------
x = 116.000000, y = 369.000000
avance = -383.000000, avanceR = 2.000000, avanceI = 2.000000
inc_x_r = 0.000000, inc_y_r = 1.000000, inc_x_i = 1.000000, inc_y_i = 1.000000
En el else......

----------------------------------------
x = 116.000000, y = 370.000000
avance = -381.000000, avanceR = 2.000000, avanceI = 2.000000
inc_x_r = 0.000000, inc_y_r = 1.000000, inc_x_i = 1.000000, inc_y_i = 1.000000
En el else......

----------------------------------------
x = 116.000000, y = 371.000000
avance = -379.000000, avanceR = 2.000000, avanceI = 2.000000
inc_x_r = 0.000000, inc_y_r = 1.000000, inc_x_i = 1.000000, inc_y_i = 1.000000
En el else......

----------------------------------------
x = 116.000000, y = 372.000000
avance = -377.000000, avanceR = 2.000000, avanceI = 2.000000
inc_x_r = 0.000000, inc_y_r = 1.000000, inc_x_i = 1.000000, inc_y_i = 1.000000
En el else......

----------------------------------------
x = 116.000000, y = 373.000000
avance = -375.000000, avanceR = 2.000000, avanceI = 2.000000
inc_x_r = 0.000000, inc_y_r = 1.000000, inc_x_i = 1.000000, inc_y_i = 1.000000
En el else......

----------------------------------------
x = 116.000000, y = 374.000000
avance = -373.000000, avanceR = 2.000000, avanceI = 2.000000
inc_x_r = 0.000000, inc_y_r = 1.000000, inc_x_i = 1.000000, inc_y_i = 1.000000
En el else......

----------------------------------------
x = 116.000000, y = 375.000000
avance = -371.000000, avanceR = 2.000000, avanceI = 2.000000
inc_x_r = 0.000000, inc_y_r = 1.000000, inc_x_i = 1.000000, inc_y_i = 1.000000
En el else......

----------------------------------------
x = 116.000000, y = 376.000000
avance = -369.000000, avanceR = 2.000000, avanceI = 2.000000
inc_x_r = 0.000000, inc_y_r = 1.000000, inc_x_i = 1.000000, inc_y_i = 1.000000
En el else......

----------------------------------------
x = 116.000000, y = 377.000000
avance = -367.000000, avanceR = 2.000000, avanceI = 2.000000
inc_x_r = 0.000000, inc_y_r = 1.000000, inc_x_i = 1.000000, inc_y_i = 1.000000
En el else......

----------------------------------------
x = 116.000000, y = 378.000000
avance = -365.000000, avanceR = 2.000000, avanceI = 2.000000
inc_x_r = 0.000000, inc_y_r = 1.000000, inc_x_i = 1.000000, inc_y_i = 1.000000
En el else......

----------------------------------------
x = 116.000000, y = 379.000000
avance = -363.000000, avanceR = 2.000000, avanceI = 2.000000
inc_x_r = 0.000000, inc_y_r = 1.000000, inc_x_i = 1.000000, inc_y_i = 1.000000
En el else......

----------------------------------------
x = 116.000000, y = 380.000000
avance = -361.000000, avanceR = 2.000000, avanceI = 2.000000
inc_x_r = 0.000000, inc_y_r = 1.000000, inc_x_i = 1.000000, inc_y_i = 1.000000
En el else......

----------------------------------------
x = 116.000000, y = 381.000000
avance = -359.000000, avanceR = 2.000000, avanceI = 2.000000
inc_x_r = 0.000000, inc_y_r = 1.000000, inc_x_i = 1.000000, inc_y_i = 1.000000
En el else......

----------------------------------------
x = 116.000000, y = 382.000000
avance = -357.000000, avanceR = 2.000000, avanceI = 2.000000
inc_x_r = 0.000000, inc_y_r = 1.000000, inc_x_i = 1.000000, inc_y_i = 1.000000
En el else......

----------------------------------------
x = 116.000000, y = 383.000000
avance = -355.000000, avanceR = 2.000000, avanceI = 2.000000
inc_x_r = 0.000000, inc_y_r = 1.000000, inc_x_i = 1.000000, inc_y_i = 1.000000
En el else......

----------------------------------------
x = 116.000000, y = 384.000000
avance = -353.000000, avanceR = 2.000000, avanceI = 2.000000
inc_x_r = 0.000000, inc_y_r = 1.000000, inc_x_i = 1.000000, inc_y_i = 1.000000
En el else......

----------------------------------------
x = 116.000000, y = 385.000000
avance = -351.000000, avanceR = 2.000000, avanceI = 2.000000
inc_x_r = 0.000000, inc_y_r = 1.000000, inc_x_i = 1.000000, inc_y_i = 1.000000
En el else......

----------------------------------------
x = 116.000000, y = 386.000000
avance = -349.000000, avanceR = 2.000000, avanceI = 2.000000
inc_x_r = 0.000000, inc_y_r = 1.000000, inc_x_i = 1.000000, inc_y_i = 1.000000
En el else......

----------------------------------------
x = 116.000000, y = 387.000000
avance = -347.000000, avanceR = 2.000000, avanceI = 2.000000
inc_x_r = 0.000000, inc_y_r = 1.000000, inc_x_i = 1.000000, inc_y_i = 1.000000
En el else......

----------------------------------------
x = 116.000000, y = 388.000000
avance = -345.000000, avanceR = 2.000000, avanceI = 2.000000
inc_x_r = 0.000000, inc_y_r = 1.000000, inc_x_i = 1.000000, inc_y_i = 1.000000
En el else......

----------------------------------------
x = 116.000000, y = 389.000000
avance = -343.000000, avanceR = 2.000000, avanceI = 2.000000
inc_x_r = 0.000000, inc_y_r = 1.000000, inc_x_i = 1.000000, inc_y_i = 1.000000
En el else......

----------------------------------------
x = 116.000000, y = 390.000000
avance = -341.000000, avanceR = 2.000000, avanceI = 2.000000
inc_x_r = 0.000000, inc_y_r = 1.000000, inc_x_i = 1.000000, inc_y_i = 1.000000
En el else......

----------------------------------------
x = 116.000000, y = 391.000000
avance = -339.000000, avanceR = 2.000000, avanceI = 2.000000
inc_x_r = 0.000000, inc_y_r = 1.000000, inc_x_i = 1.000000, inc_y_i = 1.000000
En el else......

----------------------------------------
x = 116.000000, y = 392.000000
avance = -337.000000, avanceR = 2.000000, avanceI = 2.000000
inc_x_r = 0.000000, inc_y_r = 1.000000, inc_x_i = 1.000000, inc_y_i = 1.000000
En el else......

----------------------------------------
x = 116.000000, y = 393.000000
avance = -335.000000, avanceR = 2.000000, avanceI = 2.000000
inc_x_r = 0.000000, inc_y_r = 1.000000, inc_x_i = 1.000000, inc_y_i = 1.000000
En el else......

----------------------------------------
x = 116.000000, y = 394.000000
avance = -333.000000, avanceR = 2.000000, avanceI = 2.000000
inc_x_r = 0.000000, inc_y_r = 1.000000, inc_x_i = 1.000000, inc_y_i = 1.000000
En el else......

----------------------------------------
x = 116.000000, y = 395.000000
avance = -331.000000, avanceR = 2.000000, avanceI = 2.000000
inc_x_r = 0.000000, inc_y_r = 1.000000, inc_x_i = 1.000000, inc_y_i = 1.000000
En el else......

----------------------------------------
x = 116.000000, y = 396.000000
avance = -329.000000, avanceR = 2.000000, avanceI = 2.000000
inc_x_r = 0.000000, inc_y_r = 1.000000, inc_x_i = 1.000000, inc_y_i = 1.000000
En el else......

----------------------------------------
x = 116.000000, y = 397.000000
avance = -327.000000, avanceR = 2.000000, avanceI = 2.000000
inc_x_r = 0.000000, inc_y_r = 1.000000, inc_x_i = 1.000000, inc_y_i = 1.000000
En el else......

----------------------------------------
x = 116.000000, y = 398.000000
avance = -325.000000, avanceR = 2.000000, avanceI = 2.000000
inc_x_r = 0.000000, inc_y_r = 1.000000, inc_x_i = 1.000000, inc_y_i = 1.000000
En el else......

----------------------------------------
x = 116.000000, y = 399.000000
avance = -323.000000, avanceR = 2.000000, avanceI = 2.000000
inc_x_r = 0.000000, inc_y_r = 1.000000, inc_x_i = 1.000000, inc_y_i = 1.000000
En el else......

----------------------------------------
hora de salir del bucle mi pana


ENTRAMOS A BRESENHAMªªªª
x1 = 105.000000 - y1 = 175.000000 || x2 = 106.000000 - y2 = 426.000000
dy = 251.000000, dx = 1.000000
avances inclinados: inc_x_i = 1.000000, inc_y_i = 1.000000
updated: dy = 251.000000, dx = 1.000000
avances rectos: inc_x_r = 0.000000, inc_y_r 1.000000
reupdated: dy = 1.000000, dx = 251.000000
avanceR = 2.000000, avance -249.000000, avanceI 2.000000
----------------------------------------
x = 105.000000, y = 175.000000
avance = -249.000000, avanceR = 2.000000, avanceI = 2.000000
inc_x_r = 0.000000, inc_y_r = 1.000000, inc_x_i = 1.000000, inc_y_i = 1.000000
En el else......

----------------------------------------
x = 105.000000, y = 176.000000
avance = -247.000000, avanceR = 2.000000, avanceI = 2.000000
inc_x_r = 0.000000, inc_y_r = 1.000000, inc_x_i = 1.000000, inc_y_i = 1.000000
En el else......

----------------------------------------
x = 105.000000, y = 177.000000
avance = -245.000000, avanceR = 2.000000, avanceI = 2.000000
inc_x_r = 0.000000, inc_y_r = 1.000000, inc_x_i = 1.000000, inc_y_i = 1.000000
En el else......

----------------------------------------
x = 105.000000, y = 178.000000
avance = -243.000000, avanceR = 2.000000, avanceI = 2.000000
inc_x_r = 0.000000, inc_y_r = 1.000000, inc_x_i = 1.000000, inc_y_i = 1.000000
En el else......

----------------------------------------
x = 105.000000, y = 179.000000
avance = -241.000000, avanceR = 2.000000, avanceI = 2.000000
inc_x_r = 0.000000, inc_y_r = 1.000000, inc_x_i = 1.000000, inc_y_i = 1.000000
En el else......

----------------------------------------
x = 105.000000, y = 180.000000
avance = -239.000000, avanceR = 2.000000, avanceI = 2.000000
inc_x_r = 0.000000, inc_y_r = 1.000000, inc_x_i = 1.000000, inc_y_i = 1.000000
En el else......

----------------------------------------
x = 105.000000, y = 181.000000
avance = -237.000000, avanceR = 2.000000, avanceI = 2.000000
inc_x_r = 0.000000, inc_y_r = 1.000000, inc_x_i = 1.000000, inc_y_i = 1.000000
En el else......

----------------------------------------
x = 105.000000, y = 182.000000
avance = -235.000000, avanceR = 2.000000, avanceI = 2.000000
inc_x_r = 0.000000, inc_y_r = 1.000000, inc_x_i = 1.000000, inc_y_i = 1.000000
En el else......

----------------------------------------
x = 105.000000, y = 183.000000
avance = -233.000000, avanceR = 2.000000, avanceI = 2.000000
inc_x_r = 0.000000, inc_y_r = 1.000000, inc_x_i = 1.000000, inc_y_i = 1.000000
En el else......

----------------------------------------
x = 105.000000, y = 184.000000
avance = -231.000000, avanceR = 2.000000, avanceI = 2.000000
inc_x_r = 0.000000, inc_y_r = 1.000000, inc_x_i = 1.000000, inc_y_i = 1.000000
En el else......

----------------------------------------
x = 105.000000, y = 185.000000
avance = -229.000000, avanceR = 2.000000, avanceI = 2.000000
inc_x_r = 0.000000, inc_y_r = 1.000000, inc_x_i = 1.000000, inc_y_i = 1.000000
En el else......

----------------------------------------
x = 105.000000, y = 186.000000
avance = -227.000000, avanceR = 2.000000, avanceI = 2.000000
inc_x_r = 0.000000, inc_y_r = 1.000000, inc_x_i = 1.000000, inc_y_i = 1.000000
En el else......

----------------------------------------
x = 105.000000, y = 187.000000
avance = -225.000000, avanceR = 2.000000, avanceI = 2.000000
inc_x_r = 0.000000, inc_y_r = 1.000000, inc_x_i = 1.000000, inc_y_i = 1.000000
En el else......

----------------------------------------
x = 105.000000, y = 188.000000
avance = -223.000000, avanceR = 2.000000, avanceI = 2.000000
inc_x_r = 0.000000, inc_y_r = 1.000000, inc_x_i = 1.000000, inc_y_i = 1.000000
En el else......

----------------------------------------
x = 105.000000, y = 189.000000
avance = -221.000000, avanceR = 2.000000, avanceI = 2.000000
inc_x_r = 0.000000, inc_y_r = 1.000000, inc_x_i = 1.000000, inc_y_i = 1.000000
En el else......

----------------------------------------
x = 105.000000, y = 190.000000
avance = -219.000000, avanceR = 2.000000, avanceI = 2.000000
inc_x_r = 0.000000, inc_y_r = 1.000000, inc_x_i = 1.000000, inc_y_i = 1.000000
En el else......

----------------------------------------
x = 105.000000, y = 191.000000
avance = -217.000000, avanceR = 2.000000, avanceI = 2.000000
inc_x_r = 0.000000, inc_y_r = 1.000000, inc_x_i = 1.000000, inc_y_i = 1.000000
En el else......

----------------------------------------
x = 105.000000, y = 192.000000
avance = -215.000000, avanceR = 2.000000, avanceI = 2.000000
inc_x_r = 0.000000, inc_y_r = 1.000000, inc_x_i = 1.000000, inc_y_i = 1.000000
En el else......

----------------------------------------
x = 105.000000, y = 193.000000
avance = -213.000000, avanceR = 2.000000, avanceI = 2.000000
inc_x_r = 0.000000, inc_y_r = 1.000000, inc_x_i = 1.000000, inc_y_i = 1.000000
En el else......

----------------------------------------
x = 105.000000, y = 194.000000
avance = -211.000000, avanceR = 2.000000, avanceI = 2.000000
inc_x_r = 0.000000, inc_y_r = 1.000000, inc_x_i = 1.000000, inc_y_i = 1.000000
En el else......

----------------------------------------
x = 105.000000, y = 195.000000
avance = -209.000000, avanceR = 2.000000, avanceI = 2.000000
inc_x_r = 0.000000, inc_y_r = 1.000000, inc_x_i = 1.000000, inc_y_i = 1.000000
En el else......

----------------------------------------
x = 105.000000, y = 196.000000
avance = -207.000000, avanceR = 2.000000, avanceI = 2.000000
inc_x_r = 0.000000, inc_y_r = 1.000000, inc_x_i = 1.000000, inc_y_i = 1.000000
En el else......

----------------------------------------
x = 105.000000, y = 197.000000
avance = -205.000000, avanceR = 2.000000, avanceI = 2.000000
inc_x_r = 0.000000, inc_y_r = 1.000000, inc_x_i = 1.000000, inc_y_i = 1.000000
En el else......

----------------------------------------
x = 105.000000, y = 198.000000
avance = -203.000000, avanceR = 2.000000, avanceI = 2.000000
inc_x_r = 0.000000, inc_y_r = 1.000000, inc_x_i = 1.000000, inc_y_i = 1.000000
En el else......

----------------------------------------
x = 105.000000, y = 199.000000
avance = -201.000000, avanceR = 2.000000, avanceI = 2.000000
inc_x_r = 0.000000, inc_y_r = 1.000000, inc_x_i = 1.000000, inc_y_i = 1.000000
En el else......

----------------------------------------
x = 105.000000, y = 200.000000
avance = -199.000000, avanceR = 2.000000, avanceI = 2.000000
inc_x_r = 0.000000, inc_y_r = 1.000000, inc_x_i = 1.000000, inc_y_i = 1.000000
En el else......

----------------------------------------
x = 105.000000, y = 201.000000
avance = -197.000000, avanceR = 2.000000, avanceI = 2.000000
inc_x_r = 0.000000, inc_y_r = 1.000000, inc_x_i = 1.000000, inc_y_i = 1.000000
En el else......

----------------------------------------
x = 105.000000, y = 202.000000
avance = -195.000000, avanceR = 2.000000, avanceI = 2.000000
inc_x_r = 0.000000, inc_y_r = 1.000000, inc_x_i = 1.000000, inc_y_i = 1.000000
En el else......

----------------------------------------
x = 105.000000, y = 203.000000
avance = -193.000000, avanceR = 2.000000, avanceI = 2.000000
inc_x_r = 0.000000, inc_y_r = 1.000000, inc_x_i = 1.000000, inc_y_i = 1.000000
En el else......

----------------------------------------
x = 105.000000, y = 204.000000
avance = -191.000000, avanceR = 2.000000, avanceI = 2.000000
inc_x_r = 0.000000, inc_y_r = 1.000000, inc_x_i = 1.000000, inc_y_i = 1.000000
En el else......

----------------------------------------
x = 105.000000, y = 205.000000
avance = -189.000000, avanceR = 2.000000, avanceI = 2.000000
inc_x_r = 0.000000, inc_y_r = 1.000000, inc_x_i = 1.000000, inc_y_i = 1.000000
En el else......

----------------------------------------
x = 105.000000, y = 206.000000
avance = -187.000000, avanceR = 2.000000, avanceI = 2.000000
inc_x_r = 0.000000, inc_y_r = 1.000000, inc_x_i = 1.000000, inc_y_i = 1.000000
En el else......

----------------------------------------
x = 105.000000, y = 207.000000
avance = -185.000000, avanceR = 2.000000, avanceI = 2.000000
inc_x_r = 0.000000, inc_y_r = 1.000000, inc_x_i = 1.000000, inc_y_i = 1.000000
En el else......

----------------------------------------
x = 105.000000, y = 208.000000
avance = -183.000000, avanceR = 2.000000, avanceI = 2.000000
inc_x_r = 0.000000, inc_y_r = 1.000000, inc_x_i = 1.000000, inc_y_i = 1.000000
En el else......

----------------------------------------
x = 105.000000, y = 209.000000
avance = -181.000000, avanceR = 2.000000, avanceI = 2.000000
inc_x_r = 0.000000, inc_y_r = 1.000000, inc_x_i = 1.000000, inc_y_i = 1.000000
En el else......

----------------------------------------
x = 105.000000, y = 210.000000
avance = -179.000000, avanceR = 2.000000, avanceI = 2.000000
inc_x_r = 0.000000, inc_y_r = 1.000000, inc_x_i = 1.000000, inc_y_i = 1.000000
En el else......

----------------------------------------
x = 105.000000, y = 211.000000
avance = -177.000000, avanceR = 2.000000, avanceI = 2.000000
inc_x_r = 0.000000, inc_y_r = 1.000000, inc_x_i = 1.000000, inc_y_i = 1.000000
En el else......

----------------------------------------
x = 105.000000, y = 212.000000
avance = -175.000000, avanceR = 2.000000, avanceI = 2.000000
inc_x_r = 0.000000, inc_y_r = 1.000000, inc_x_i = 1.000000, inc_y_i = 1.000000
En el else......

----------------------------------------
x = 105.000000, y = 213.000000
avance = -173.000000, avanceR = 2.000000, avanceI = 2.000000
inc_x_r = 0.000000, inc_y_r = 1.000000, inc_x_i = 1.000000, inc_y_i = 1.000000
En el else......

----------------------------------------
x = 105.000000, y = 214.000000
avance = -171.000000, avanceR = 2.000000, avanceI = 2.000000
inc_x_r = 0.000000, inc_y_r = 1.000000, inc_x_i = 1.000000, inc_y_i = 1.000000
En el else......

----------------------------------------
x = 105.000000, y = 215.000000
avance = -169.000000, avanceR = 2.000000, avanceI = 2.000000
inc_x_r = 0.000000, inc_y_r = 1.000000, inc_x_i = 1.000000, inc_y_i = 1.000000
En el else......

----------------------------------------
x = 105.000000, y = 216.000000
avance = -167.000000, avanceR = 2.000000, avanceI = 2.000000
inc_x_r = 0.000000, inc_y_r = 1.000000, inc_x_i = 1.000000, inc_y_i = 1.000000
En el else......

----------------------------------------
x = 105.000000, y = 217.000000
avance = -165.000000, avanceR = 2.000000, avanceI = 2.000000
inc_x_r = 0.000000, inc_y_r = 1.000000, inc_x_i = 1.000000, inc_y_i = 1.000000
En el else......

----------------------------------------
x = 105.000000, y = 218.000000
avance = -163.000000, avanceR = 2.000000, avanceI = 2.000000
inc_x_r = 0.000000, inc_y_r = 1.000000, inc_x_i = 1.000000, inc_y_i = 1.000000
En el else......

----------------------------------------
x = 105.000000, y = 219.000000
avance = -161.000000, avanceR = 2.000000, avanceI = 2.000000
inc_x_r = 0.000000, inc_y_r = 1.000000, inc_x_i = 1.000000, inc_y_i = 1.000000
En el else......

----------------------------------------
x = 105.000000, y = 220.000000
avance = -159.000000, avanceR = 2.000000, avanceI = 2.000000
inc_x_r = 0.000000, inc_y_r = 1.000000, inc_x_i = 1.000000, inc_y_i = 1.000000
En el else......

----------------------------------------
x = 105.000000, y = 221.000000
avance = -157.000000, avanceR = 2.000000, avanceI = 2.000000
inc_x_r = 0.000000, inc_y_r = 1.000000, inc_x_i = 1.000000, inc_y_i = 1.000000
En el else......

----------------------------------------
x = 105.000000, y = 222.000000
avance = -155.000000, avanceR = 2.000000, avanceI = 2.000000
inc_x_r = 0.000000, inc_y_r = 1.000000, inc_x_i = 1.000000, inc_y_i = 1.000000
En el else......

----------------------------------------
x = 105.000000, y = 223.000000
avance = -153.000000, avanceR = 2.000000, avanceI = 2.000000
inc_x_r = 0.000000, inc_y_r = 1.000000, inc_x_i = 1.000000, inc_y_i = 1.000000
En el else......

----------------------------------------
x = 105.000000, y = 224.000000
avance = -151.000000, avanceR = 2.000000, avanceI = 2.000000
inc_x_r = 0.000000, inc_y_r = 1.000000, inc_x_i = 1.000000, inc_y_i = 1.000000
En el else......

----------------------------------------
x = 105.000000, y = 225.000000
avance = -149.000000, avanceR = 2.000000, avanceI = 2.000000
inc_x_r = 0.000000, inc_y_r = 1.000000, inc_x_i = 1.000000, inc_y_i = 1.000000
En el else......

----------------------------------------
x = 105.000000, y = 226.000000
avance = -147.000000, avanceR = 2.000000, avanceI = 2.000000
inc_x_r = 0.000000, inc_y_r = 1.000000, inc_x_i = 1.000000, inc_y_i = 1.000000
En el else......

----------------------------------------
x = 105.000000, y = 227.000000
avance = -145.000000, avanceR = 2.000000, avanceI = 2.000000
inc_x_r = 0.000000, inc_y_r = 1.000000, inc_x_i = 1.000000, inc_y_i = 1.000000
En el else......

----------------------------------------
x = 105.000000, y = 228.000000
avance = -143.000000, avanceR = 2.000000, avanceI = 2.000000
inc_x_r = 0.000000, inc_y_r = 1.000000, inc_x_i = 1.000000, inc_y_i = 1.000000
En el else......

----------------------------------------
x = 105.000000, y = 229.000000
avance = -141.000000, avanceR = 2.000000, avanceI = 2.000000
inc_x_r = 0.000000, inc_y_r = 1.000000, inc_x_i = 1.000000, inc_y_i = 1.000000
En el else......

----------------------------------------
x = 105.000000, y = 230.000000
avance = -139.000000, avanceR = 2.000000, avanceI = 2.000000
inc_x_r = 0.000000, inc_y_r = 1.000000, inc_x_i = 1.000000, inc_y_i = 1.000000
En el else......

----------------------------------------
x = 105.000000, y = 231.000000
avance = -137.000000, avanceR = 2.000000, avanceI = 2.000000
inc_x_r = 0.000000, inc_y_r = 1.000000, inc_x_i = 1.000000, inc_y_i = 1.000000
En el else......

----------------------------------------
x = 105.000000, y = 232.000000
avance = -135.000000, avanceR = 2.000000, avanceI = 2.000000
inc_x_r = 0.000000, inc_y_r = 1.000000, inc_x_i = 1.000000, inc_y_i = 1.000000
En el else......

----------------------------------------
x = 105.000000, y = 233.000000
avance = -133.000000, avanceR = 2.000000, avanceI = 2.000000
inc_x_r = 0.000000, inc_y_r = 1.000000, inc_x_i = 1.000000, inc_y_i = 1.000000
En el else......

----------------------------------------
x = 105.000000, y = 234.000000
avance = -131.000000, avanceR = 2.000000, avanceI = 2.000000
inc_x_r = 0.000000, inc_y_r = 1.000000, inc_x_i = 1.000000, inc_y_i = 1.000000
En el else......

----------------------------------------
x = 105.000000, y = 235.000000
avance = -129.000000, avanceR = 2.000000, avanceI = 2.000000
inc_x_r = 0.000000, inc_y_r = 1.000000, inc_x_i = 1.000000, inc_y_i = 1.000000
En el else......

----------------------------------------
x = 105.000000, y = 236.000000
avance = -127.000000, avanceR = 2.000000, avanceI = 2.000000
inc_x_r = 0.000000, inc_y_r = 1.000000, inc_x_i = 1.000000, inc_y_i = 1.000000
En el else......

----------------------------------------
x = 105.000000, y = 237.000000
avance = -125.000000, avanceR = 2.000000, avanceI = 2.000000
inc_x_r = 0.000000, inc_y_r = 1.000000, inc_x_i = 1.000000, inc_y_i = 1.000000
En el else......

----------------------------------------
x = 105.000000, y = 238.000000
avance = -123.000000, avanceR = 2.000000, avanceI = 2.000000
inc_x_r = 0.000000, inc_y_r = 1.000000, inc_x_i = 1.000000, inc_y_i = 1.000000
En el else......

----------------------------------------
x = 105.000000, y = 239.000000
avance = -121.000000, avanceR = 2.000000, avanceI = 2.000000
inc_x_r = 0.000000, inc_y_r = 1.000000, inc_x_i = 1.000000, inc_y_i = 1.000000
En el else......

----------------------------------------
x = 105.000000, y = 240.000000
avance = -119.000000, avanceR = 2.000000, avanceI = 2.000000
inc_x_r = 0.000000, inc_y_r = 1.000000, inc_x_i = 1.000000, inc_y_i = 1.000000
En el else......

----------------------------------------
x = 105.000000, y = 241.000000
avance = -117.000000, avanceR = 2.000000, avanceI = 2.000000
inc_x_r = 0.000000, inc_y_r = 1.000000, inc_x_i = 1.000000, inc_y_i = 1.000000
En el else......

----------------------------------------
x = 105.000000, y = 242.000000
avance = -115.000000, avanceR = 2.000000, avanceI = 2.000000
inc_x_r = 0.000000, inc_y_r = 1.000000, inc_x_i = 1.000000, inc_y_i = 1.000000
En el else......

----------------------------------------
x = 105.000000, y = 243.000000
avance = -113.000000, avanceR = 2.000000, avanceI = 2.000000
inc_x_r = 0.000000, inc_y_r = 1.000000, inc_x_i = 1.000000, inc_y_i = 1.000000
En el else......

----------------------------------------
x = 105.000000, y = 244.000000
avance = -111.000000, avanceR = 2.000000, avanceI = 2.000000
inc_x_r = 0.000000, inc_y_r = 1.000000, inc_x_i = 1.000000, inc_y_i = 1.000000
En el else......

----------------------------------------
x = 105.000000, y = 245.000000
avance = -109.000000, avanceR = 2.000000, avanceI = 2.000000
inc_x_r = 0.000000, inc_y_r = 1.000000, inc_x_i = 1.000000, inc_y_i = 1.000000
En el else......

----------------------------------------
x = 105.000000, y = 246.000000
avance = -107.000000, avanceR = 2.000000, avanceI = 2.000000
inc_x_r = 0.000000, inc_y_r = 1.000000, inc_x_i = 1.000000, inc_y_i = 1.000000
En el else......

----------------------------------------
x = 105.000000, y = 247.000000
avance = -105.000000, avanceR = 2.000000, avanceI = 2.000000
inc_x_r = 0.000000, inc_y_r = 1.000000, inc_x_i = 1.000000, inc_y_i = 1.000000
En el else......

----------------------------------------
x = 105.000000, y = 248.000000
avance = -103.000000, avanceR = 2.000000, avanceI = 2.000000
inc_x_r = 0.000000, inc_y_r = 1.000000, inc_x_i = 1.000000, inc_y_i = 1.000000
En el else......

----------------------------------------
x = 105.000000, y = 249.000000
avance = -101.000000, avanceR = 2.000000, avanceI = 2.000000
inc_x_r = 0.000000, inc_y_r = 1.000000, inc_x_i = 1.000000, inc_y_i = 1.000000
En el else......

----------------------------------------
x = 105.000000, y = 250.000000
avance = -99.000000, avanceR = 2.000000, avanceI = 2.000000
inc_x_r = 0.000000, inc_y_r = 1.000000, inc_x_i = 1.000000, inc_y_i = 1.000000
En el else......

----------------------------------------
x = 105.000000, y = 251.000000
avance = -97.000000, avanceR = 2.000000, avanceI = 2.000000
inc_x_r = 0.000000, inc_y_r = 1.000000, inc_x_i = 1.000000, inc_y_i = 1.000000
En el else......

----------------------------------------
x = 105.000000, y = 252.000000
avance = -95.000000, avanceR = 2.000000, avanceI = 2.000000
inc_x_r = 0.000000, inc_y_r = 1.000000, inc_x_i = 1.000000, inc_y_i = 1.000000
En el else......

----------------------------------------
x = 105.000000, y = 253.000000
avance = -93.000000, avanceR = 2.000000, avanceI = 2.000000
inc_x_r = 0.000000, inc_y_r = 1.000000, inc_x_i = 1.000000, inc_y_i = 1.000000
En el else......

----------------------------------------
x = 105.000000, y = 254.000000
avance = -91.000000, avanceR = 2.000000, avanceI = 2.000000
inc_x_r = 0.000000, inc_y_r = 1.000000, inc_x_i = 1.000000, inc_y_i = 1.000000
En el else......

----------------------------------------
x = 105.000000, y = 255.000000
avance = -89.000000, avanceR = 2.000000, avanceI = 2.000000
inc_x_r = 0.000000, inc_y_r = 1.000000, inc_x_i = 1.000000, inc_y_i = 1.000000
En el else......

----------------------------------------
x = 105.000000, y = 256.000000
avance = -87.000000, avanceR = 2.000000, avanceI = 2.000000
inc_x_r = 0.000000, inc_y_r = 1.000000, inc_x_i = 1.000000, inc_y_i = 1.000000
En el else......

----------------------------------------
x = 105.000000, y = 257.000000
avance = -85.000000, avanceR = 2.000000, avanceI = 2.000000
inc_x_r = 0.000000, inc_y_r = 1.000000, inc_x_i = 1.000000, inc_y_i = 1.000000
En el else......

----------------------------------------
x = 105.000000, y = 258.000000
avance = -83.000000, avanceR = 2.000000, avanceI = 2.000000
inc_x_r = 0.000000, inc_y_r = 1.000000, inc_x_i = 1.000000, inc_y_i = 1.000000
En el else......

----------------------------------------
x = 105.000000, y = 259.000000
avance = -81.000000, avanceR = 2.000000, avanceI = 2.000000
inc_x_r = 0.000000, inc_y_r = 1.000000, inc_x_i = 1.000000, inc_y_i = 1.000000
En el else......

----------------------------------------
x = 105.000000, y = 260.000000
avance = -79.000000, avanceR = 2.000000, avanceI = 2.000000
inc_x_r = 0.000000, inc_y_r = 1.000000, inc_x_i = 1.000000, inc_y_i = 1.000000
En el else......

----------------------------------------
x = 105.000000, y = 261.000000
avance = -77.000000, avanceR = 2.000000, avanceI = 2.000000
inc_x_r = 0.000000, inc_y_r = 1.000000, inc_x_i = 1.000000, inc_y_i = 1.000000
En el else......

----------------------------------------
x = 105.000000, y = 262.000000
avance = -75.000000, avanceR = 2.000000, avanceI = 2.000000
inc_x_r = 0.000000, inc_y_r = 1.000000, inc_x_i = 1.000000, inc_y_i = 1.000000
En el else......

----------------------------------------
x = 105.000000, y = 263.000000
avance = -73.000000, avanceR = 2.000000, avanceI = 2.000000
inc_x_r = 0.000000, inc_y_r = 1.000000, inc_x_i = 1.000000, inc_y_i = 1.000000
En el else......

----------------------------------------
x = 105.000000, y = 264.000000
avance = -71.000000, avanceR = 2.000000, avanceI = 2.000000
inc_x_r = 0.000000, inc_y_r = 1.000000, inc_x_i = 1.000000, inc_y_i = 1.000000
En el else......

----------------------------------------
x = 105.000000, y = 265.000000
avance = -69.000000, avanceR = 2.000000, avanceI = 2.000000
inc_x_r = 0.000000, inc_y_r = 1.000000, inc_x_i = 1.000000, inc_y_i = 1.000000
En el else......

----------------------------------------
x = 105.000000, y = 266.000000
avance = -67.000000, avanceR = 2.000000, avanceI = 2.000000
inc_x_r = 0.000000, inc_y_r = 1.000000, inc_x_i = 1.000000, inc_y_i = 1.000000
En el else......

----------------------------------------
x = 105.000000, y = 267.000000
avance = -65.000000, avanceR = 2.000000, avanceI = 2.000000
inc_x_r = 0.000000, inc_y_r = 1.000000, inc_x_i = 1.000000, inc_y_i = 1.000000
En el else......

----------------------------------------
x = 105.000000, y = 268.000000
avance = -63.000000, avanceR = 2.000000, avanceI = 2.000000
inc_x_r = 0.000000, inc_y_r = 1.000000, inc_x_i = 1.000000, inc_y_i = 1.000000
En el else......

----------------------------------------
x = 105.000000, y = 269.000000
avance = -61.000000, avanceR = 2.000000, avanceI = 2.000000
inc_x_r = 0.000000, inc_y_r = 1.000000, inc_x_i = 1.000000, inc_y_i = 1.000000
En el else......

----------------------------------------
x = 105.000000, y = 270.000000
avance = -59.000000, avanceR = 2.000000, avanceI = 2.000000
inc_x_r = 0.000000, inc_y_r = 1.000000, inc_x_i = 1.000000, inc_y_i = 1.000000
En el else......

----------------------------------------
x = 105.000000, y = 271.000000
avance = -57.000000, avanceR = 2.000000, avanceI = 2.000000
inc_x_r = 0.000000, inc_y_r = 1.000000, inc_x_i = 1.000000, inc_y_i = 1.000000
En el else......

----------------------------------------
x = 105.000000, y = 272.000000
avance = -55.000000, avanceR = 2.000000, avanceI = 2.000000
inc_x_r = 0.000000, inc_y_r = 1.000000, inc_x_i = 1.000000, inc_y_i = 1.000000
En el else......

----------------------------------------
x = 105.000000, y = 273.000000
avance = -53.000000, avanceR = 2.000000, avanceI = 2.000000
inc_x_r = 0.000000, inc_y_r = 1.000000, inc_x_i = 1.000000, inc_y_i = 1.000000
En el else......

----------------------------------------
x = 105.000000, y = 274.000000
avance = -51.000000, avanceR = 2.000000, avanceI = 2.000000
inc_x_r = 0.000000, inc_y_r = 1.000000, inc_x_i = 1.000000, inc_y_i = 1.000000
En el else......

----------------------------------------
x = 105.000000, y = 275.000000
avance = -49.000000, avanceR = 2.000000, avanceI = 2.000000
inc_x_r = 0.000000, inc_y_r = 1.000000, inc_x_i = 1.000000, inc_y_i = 1.000000
En el else......

----------------------------------------
x = 105.000000, y = 276.000000
avance = -47.000000, avanceR = 2.000000, avanceI = 2.000000
inc_x_r = 0.000000, inc_y_r = 1.000000, inc_x_i = 1.000000, inc_y_i = 1.000000
En el else......

----------------------------------------
x = 105.000000, y = 277.000000
avance = -45.000000, avanceR = 2.000000, avanceI = 2.000000
inc_x_r = 0.000000, inc_y_r = 1.000000, inc_x_i = 1.000000, inc_y_i = 1.000000
En el else......

----------------------------------------
x = 105.000000, y = 278.000000
avance = -43.000000, avanceR = 2.000000, avanceI = 2.000000
inc_x_r = 0.000000, inc_y_r = 1.000000, inc_x_i = 1.000000, inc_y_i = 1.000000
En el else......

----------------------------------------
x = 105.000000, y = 279.000000
avance = -41.000000, avanceR = 2.000000, avanceI = 2.000000
inc_x_r = 0.000000, inc_y_r = 1.000000, inc_x_i = 1.000000, inc_y_i = 1.000000
En el else......

----------------------------------------
x = 105.000000, y = 280.000000
avance = -39.000000, avanceR = 2.000000, avanceI = 2.000000
inc_x_r = 0.000000, inc_y_r = 1.000000, inc_x_i = 1.000000, inc_y_i = 1.000000
En el else......

----------------------------------------
x = 105.000000, y = 281.000000
avance = -37.000000, avanceR = 2.000000, avanceI = 2.000000
inc_x_r = 0.000000, inc_y_r = 1.000000, inc_x_i = 1.000000, inc_y_i = 1.000000
En el else......

----------------------------------------
x = 105.000000, y = 282.000000
avance = -35.000000, avanceR = 2.000000, avanceI = 2.000000
inc_x_r = 0.000000, inc_y_r = 1.000000, inc_x_i = 1.000000, inc_y_i = 1.000000
En el else......

----------------------------------------
x = 105.000000, y = 283.000000
avance = -33.000000, avanceR = 2.000000, avanceI = 2.000000
inc_x_r = 0.000000, inc_y_r = 1.000000, inc_x_i = 1.000000, inc_y_i = 1.000000
En el else......

----------------------------------------
x = 105.000000, y = 284.000000
avance = -31.000000, avanceR = 2.000000, avanceI = 2.000000
inc_x_r = 0.000000, inc_y_r = 1.000000, inc_x_i = 1.000000, inc_y_i = 1.000000
En el else......

----------------------------------------
x = 105.000000, y = 285.000000
avance = -29.000000, avanceR = 2.000000, avanceI = 2.000000
inc_x_r = 0.000000, inc_y_r = 1.000000, inc_x_i = 1.000000, inc_y_i = 1.000000
En el else......

----------------------------------------
x = 105.000000, y = 286.000000
avance = -27.000000, avanceR = 2.000000, avanceI = 2.000000
inc_x_r = 0.000000, inc_y_r = 1.000000, inc_x_i = 1.000000, inc_y_i = 1.000000
En el else......

----------------------------------------
x = 105.000000, y = 287.000000
avance = -25.000000, avanceR = 2.000000, avanceI = 2.000000
inc_x_r = 0.000000, inc_y_r = 1.000000, inc_x_i = 1.000000, inc_y_i = 1.000000
En el else......

----------------------------------------
x = 105.000000, y = 288.000000
avance = -23.000000, avanceR = 2.000000, avanceI = 2.000000
inc_x_r = 0.000000, inc_y_r = 1.000000, inc_x_i = 1.000000, inc_y_i = 1.000000
En el else......

----------------------------------------
x = 105.000000, y = 289.000000
avance = -21.000000, avanceR = 2.000000, avanceI = 2.000000
inc_x_r = 0.000000, inc_y_r = 1.000000, inc_x_i = 1.000000, inc_y_i = 1.000000
En el else......

----------------------------------------
x = 105.000000, y = 290.000000
avance = -19.000000, avanceR = 2.000000, avanceI = 2.000000
inc_x_r = 0.000000, inc_y_r = 1.000000, inc_x_i = 1.000000, inc_y_i = 1.000000
En el else......

----------------------------------------
x = 105.000000, y = 291.000000
avance = -17.000000, avanceR = 2.000000, avanceI = 2.000000
inc_x_r = 0.000000, inc_y_r = 1.000000, inc_x_i = 1.000000, inc_y_i = 1.000000
En el else......

----------------------------------------
x = 105.000000, y = 292.000000
avance = -15.000000, avanceR = 2.000000, avanceI = 2.000000
inc_x_r = 0.000000, inc_y_r = 1.000000, inc_x_i = 1.000000, inc_y_i = 1.000000
En el else......

----------------------------------------
x = 105.000000, y = 293.000000
avance = -13.000000, avanceR = 2.000000, avanceI = 2.000000
inc_x_r = 0.000000, inc_y_r = 1.000000, inc_x_i = 1.000000, inc_y_i = 1.000000
En el else......

----------------------------------------
x = 105.000000, y = 294.000000
avance = -11.000000, avanceR = 2.000000, avanceI = 2.000000
inc_x_r = 0.000000, inc_y_r = 1.000000, inc_x_i = 1.000000, inc_y_i = 1.000000
En el else......

----------------------------------------
x = 105.000000, y = 295.000000
avance = -9.000000, avanceR = 2.000000, avanceI = 2.000000
inc_x_r = 0.000000, inc_y_r = 1.000000, inc_x_i = 1.000000, inc_y_i = 1.000000
En el else......

----------------------------------------
x = 105.000000, y = 296.000000
avance = -7.000000, avanceR = 2.000000, avanceI = 2.000000
inc_x_r = 0.000000, inc_y_r = 1.000000, inc_x_i = 1.000000, inc_y_i = 1.000000
En el else......

----------------------------------------
x = 105.000000, y = 297.000000
avance = -5.000000, avanceR = 2.000000, avanceI = 2.000000
inc_x_r = 0.000000, inc_y_r = 1.000000, inc_x_i = 1.000000, inc_y_i = 1.000000
En el else......

----------------------------------------
x = 105.000000, y = 298.000000
avance = -3.000000, avanceR = 2.000000, avanceI = 2.000000
inc_x_r = 0.000000, inc_y_r = 1.000000, inc_x_i = 1.000000, inc_y_i = 1.000000
En el else......

----------------------------------------
x = 105.000000, y = 299.000000
avance = -1.000000, avanceR = 2.000000, avanceI = 2.000000
inc_x_r = 0.000000, inc_y_r = 1.000000, inc_x_i = 1.000000, inc_y_i = 1.000000
En el else......

----------------------------------------
x = 105.000000, y = 300.000000
avance = 1.000000, avanceR = 2.000000, avanceI = 2.000000
inc_x_r = 0.000000, inc_y_r = 1.000000, inc_x_i = 1.000000, inc_y_i = 1.000000
avance >= 0

----------------------------------------
x = 106.000000, y = 301.000000
avance = -499.000000, avanceR = 2.000000, avanceI = 2.000000
inc_x_r = 0.000000, inc_y_r = 1.000000, inc_x_i = 1.000000, inc_y_i = 1.000000
En el else......

----------------------------------------
x = 106.000000, y = 302.000000
avance = -497.000000, avanceR = 2.000000, avanceI = 2.000000
inc_x_r = 0.000000, inc_y_r = 1.000000, inc_x_i = 1.000000, inc_y_i = 1.000000
En el else......

----------------------------------------
x = 106.000000, y = 303.000000
avance = -495.000000, avanceR = 2.000000, avanceI = 2.000000
inc_x_r = 0.000000, inc_y_r = 1.000000, inc_x_i = 1.000000, inc_y_i = 1.000000
En el else......

----------------------------------------
x = 106.000000, y = 304.000000
avance = -493.000000, avanceR = 2.000000, avanceI = 2.000000
inc_x_r = 0.000000, inc_y_r = 1.000000, inc_x_i = 1.000000, inc_y_i = 1.000000
En el else......

----------------------------------------
x = 106.000000, y = 305.000000
avance = -491.000000, avanceR = 2.000000, avanceI = 2.000000
inc_x_r = 0.000000, inc_y_r = 1.000000, inc_x_i = 1.000000, inc_y_i = 1.000000
En el else......

----------------------------------------
x = 106.000000, y = 306.000000
avance = -489.000000, avanceR = 2.000000, avanceI = 2.000000
inc_x_r = 0.000000, inc_y_r = 1.000000, inc_x_i = 1.000000, inc_y_i = 1.000000
En el else......

----------------------------------------
x = 106.000000, y = 307.000000
avance = -487.000000, avanceR = 2.000000, avanceI = 2.000000
inc_x_r = 0.000000, inc_y_r = 1.000000, inc_x_i = 1.000000, inc_y_i = 1.000000
En el else......

----------------------------------------
x = 106.000000, y = 308.000000
avance = -485.000000, avanceR = 2.000000, avanceI = 2.000000
inc_x_r = 0.000000, inc_y_r = 1.000000, inc_x_i = 1.000000, inc_y_i = 1.000000
En el else......

----------------------------------------
x = 106.000000, y = 309.000000
avance = -483.000000, avanceR = 2.000000, avanceI = 2.000000
inc_x_r = 0.000000, inc_y_r = 1.000000, inc_x_i = 1.000000, inc_y_i = 1.000000
En el else......

----------------------------------------
x = 106.000000, y = 310.000000
avance = -481.000000, avanceR = 2.000000, avanceI = 2.000000
inc_x_r = 0.000000, inc_y_r = 1.000000, inc_x_i = 1.000000, inc_y_i = 1.000000
En el else......

----------------------------------------
x = 106.000000, y = 311.000000
avance = -479.000000, avanceR = 2.000000, avanceI = 2.000000
inc_x_r = 0.000000, inc_y_r = 1.000000, inc_x_i = 1.000000, inc_y_i = 1.000000
En el else......

----------------------------------------
x = 106.000000, y = 312.000000
avance = -477.000000, avanceR = 2.000000, avanceI = 2.000000
inc_x_r = 0.000000, inc_y_r = 1.000000, inc_x_i = 1.000000, inc_y_i = 1.000000
En el else......

----------------------------------------
x = 106.000000, y = 313.000000
avance = -475.000000, avanceR = 2.000000, avanceI = 2.000000
inc_x_r = 0.000000, inc_y_r = 1.000000, inc_x_i = 1.000000, inc_y_i = 1.000000
En el else......

----------------------------------------
x = 106.000000, y = 314.000000
avance = -473.000000, avanceR = 2.000000, avanceI = 2.000000
inc_x_r = 0.000000, inc_y_r = 1.000000, inc_x_i = 1.000000, inc_y_i = 1.000000
En el else......

----------------------------------------
x = 106.000000, y = 315.000000
avance = -471.000000, avanceR = 2.000000, avanceI = 2.000000
inc_x_r = 0.000000, inc_y_r = 1.000000, inc_x_i = 1.000000, inc_y_i = 1.000000
En el else......

----------------------------------------
x = 106.000000, y = 316.000000
avance = -469.000000, avanceR = 2.000000, avanceI = 2.000000
inc_x_r = 0.000000, inc_y_r = 1.000000, inc_x_i = 1.000000, inc_y_i = 1.000000
En el else......

----------------------------------------
x = 106.000000, y = 317.000000
avance = -467.000000, avanceR = 2.000000, avanceI = 2.000000
inc_x_r = 0.000000, inc_y_r = 1.000000, inc_x_i = 1.000000, inc_y_i = 1.000000
En el else......

----------------------------------------
x = 106.000000, y = 318.000000
avance = -465.000000, avanceR = 2.000000, avanceI = 2.000000
inc_x_r = 0.000000, inc_y_r = 1.000000, inc_x_i = 1.000000, inc_y_i = 1.000000
En el else......

----------------------------------------
x = 106.000000, y = 319.000000
avance = -463.000000, avanceR = 2.000000, avanceI = 2.000000
inc_x_r = 0.000000, inc_y_r = 1.000000, inc_x_i = 1.000000, inc_y_i = 1.000000
En el else......

----------------------------------------
x = 106.000000, y = 320.000000
avance = -461.000000, avanceR = 2.000000, avanceI = 2.000000
inc_x_r = 0.000000, inc_y_r = 1.000000, inc_x_i = 1.000000, inc_y_i = 1.000000
En el else......

----------------------------------------
x = 106.000000, y = 321.000000
avance = -459.000000, avanceR = 2.000000, avanceI = 2.000000
inc_x_r = 0.000000, inc_y_r = 1.000000, inc_x_i = 1.000000, inc_y_i = 1.000000
En el else......

----------------------------------------
x = 106.000000, y = 322.000000
avance = -457.000000, avanceR = 2.000000, avanceI = 2.000000
inc_x_r = 0.000000, inc_y_r = 1.000000, inc_x_i = 1.000000, inc_y_i = 1.000000
En el else......

----------------------------------------
x = 106.000000, y = 323.000000
avance = -455.000000, avanceR = 2.000000, avanceI = 2.000000
inc_x_r = 0.000000, inc_y_r = 1.000000, inc_x_i = 1.000000, inc_y_i = 1.000000
En el else......

----------------------------------------
x = 106.000000, y = 324.000000
avance = -453.000000, avanceR = 2.000000, avanceI = 2.000000
inc_x_r = 0.000000, inc_y_r = 1.000000, inc_x_i = 1.000000, inc_y_i = 1.000000
En el else......

----------------------------------------
x = 106.000000, y = 325.000000
avance = -451.000000, avanceR = 2.000000, avanceI = 2.000000
inc_x_r = 0.000000, inc_y_r = 1.000000, inc_x_i = 1.000000, inc_y_i = 1.000000
En el else......

----------------------------------------
x = 106.000000, y = 326.000000
avance = -449.000000, avanceR = 2.000000, avanceI = 2.000000
inc_x_r = 0.000000, inc_y_r = 1.000000, inc_x_i = 1.000000, inc_y_i = 1.000000
En el else......

----------------------------------------
x = 106.000000, y = 327.000000
avance = -447.000000, avanceR = 2.000000, avanceI = 2.000000
inc_x_r = 0.000000, inc_y_r = 1.000000, inc_x_i = 1.000000, inc_y_i = 1.000000
En el else......

----------------------------------------
x = 106.000000, y = 328.000000
avance = -445.000000, avanceR = 2.000000, avanceI = 2.000000
inc_x_r = 0.000000, inc_y_r = 1.000000, inc_x_i = 1.000000, inc_y_i = 1.000000
En el else......

----------------------------------------
x = 106.000000, y = 329.000000
avance = -443.000000, avanceR = 2.000000, avanceI = 2.000000
inc_x_r = 0.000000, inc_y_r = 1.000000, inc_x_i = 1.000000, inc_y_i = 1.000000
En el else......

----------------------------------------
x = 106.000000, y = 330.000000
avance = -441.000000, avanceR = 2.000000, avanceI = 2.000000
inc_x_r = 0.000000, inc_y_r = 1.000000, inc_x_i = 1.000000, inc_y_i = 1.000000
En el else......

----------------------------------------
x = 106.000000, y = 331.000000
avance = -439.000000, avanceR = 2.000000, avanceI = 2.000000
inc_x_r = 0.000000, inc_y_r = 1.000000, inc_x_i = 1.000000, inc_y_i = 1.000000
En el else......

----------------------------------------
x = 106.000000, y = 332.000000
avance = -437.000000, avanceR = 2.000000, avanceI = 2.000000
inc_x_r = 0.000000, inc_y_r = 1.000000, inc_x_i = 1.000000, inc_y_i = 1.000000
En el else......

----------------------------------------
x = 106.000000, y = 333.000000
avance = -435.000000, avanceR = 2.000000, avanceI = 2.000000
inc_x_r = 0.000000, inc_y_r = 1.000000, inc_x_i = 1.000000, inc_y_i = 1.000000
En el else......

----------------------------------------
x = 106.000000, y = 334.000000
avance = -433.000000, avanceR = 2.000000, avanceI = 2.000000
inc_x_r = 0.000000, inc_y_r = 1.000000, inc_x_i = 1.000000, inc_y_i = 1.000000
En el else......

----------------------------------------
x = 106.000000, y = 335.000000
avance = -431.000000, avanceR = 2.000000, avanceI = 2.000000
inc_x_r = 0.000000, inc_y_r = 1.000000, inc_x_i = 1.000000, inc_y_i = 1.000000
En el else......

----------------------------------------
x = 106.000000, y = 336.000000
avance = -429.000000, avanceR = 2.000000, avanceI = 2.000000
inc_x_r = 0.000000, inc_y_r = 1.000000, inc_x_i = 1.000000, inc_y_i = 1.000000
En el else......

----------------------------------------
x = 106.000000, y = 337.000000
avance = -427.000000, avanceR = 2.000000, avanceI = 2.000000
inc_x_r = 0.000000, inc_y_r = 1.000000, inc_x_i = 1.000000, inc_y_i = 1.000000
En el else......

----------------------------------------
x = 106.000000, y = 338.000000
avance = -425.000000, avanceR = 2.000000, avanceI = 2.000000
inc_x_r = 0.000000, inc_y_r = 1.000000, inc_x_i = 1.000000, inc_y_i = 1.000000
En el else......

----------------------------------------
x = 106.000000, y = 339.000000
avance = -423.000000, avanceR = 2.000000, avanceI = 2.000000
inc_x_r = 0.000000, inc_y_r = 1.000000, inc_x_i = 1.000000, inc_y_i = 1.000000
En el else......

----------------------------------------
x = 106.000000, y = 340.000000
avance = -421.000000, avanceR = 2.000000, avanceI = 2.000000
inc_x_r = 0.000000, inc_y_r = 1.000000, inc_x_i = 1.000000, inc_y_i = 1.000000
En el else......

----------------------------------------
x = 106.000000, y = 341.000000
avance = -419.000000, avanceR = 2.000000, avanceI = 2.000000
inc_x_r = 0.000000, inc_y_r = 1.000000, inc_x_i = 1.000000, inc_y_i = 1.000000
En el else......

----------------------------------------
x = 106.000000, y = 342.000000
avance = -417.000000, avanceR = 2.000000, avanceI = 2.000000
inc_x_r = 0.000000, inc_y_r = 1.000000, inc_x_i = 1.000000, inc_y_i = 1.000000
En el else......

----------------------------------------
x = 106.000000, y = 343.000000
avance = -415.000000, avanceR = 2.000000, avanceI = 2.000000
inc_x_r = 0.000000, inc_y_r = 1.000000, inc_x_i = 1.000000, inc_y_i = 1.000000
En el else......

----------------------------------------
x = 106.000000, y = 344.000000
avance = -413.000000, avanceR = 2.000000, avanceI = 2.000000
inc_x_r = 0.000000, inc_y_r = 1.000000, inc_x_i = 1.000000, inc_y_i = 1.000000
En el else......

----------------------------------------
x = 106.000000, y = 345.000000
avance = -411.000000, avanceR = 2.000000, avanceI = 2.000000
inc_x_r = 0.000000, inc_y_r = 1.000000, inc_x_i = 1.000000, inc_y_i = 1.000000
En el else......

----------------------------------------
x = 106.000000, y = 346.000000
avance = -409.000000, avanceR = 2.000000, avanceI = 2.000000
inc_x_r = 0.000000, inc_y_r = 1.000000, inc_x_i = 1.000000, inc_y_i = 1.000000
En el else......

----------------------------------------
x = 106.000000, y = 347.000000
avance = -407.000000, avanceR = 2.000000, avanceI = 2.000000
inc_x_r = 0.000000, inc_y_r = 1.000000, inc_x_i = 1.000000, inc_y_i = 1.000000
En el else......

----------------------------------------
x = 106.000000, y = 348.000000
avance = -405.000000, avanceR = 2.000000, avanceI = 2.000000
inc_x_r = 0.000000, inc_y_r = 1.000000, inc_x_i = 1.000000, inc_y_i = 1.000000
En el else......

----------------------------------------
x = 106.000000, y = 349.000000
avance = -403.000000, avanceR = 2.000000, avanceI = 2.000000
inc_x_r = 0.000000, inc_y_r = 1.000000, inc_x_i = 1.000000, inc_y_i = 1.000000
En el else......

----------------------------------------
x = 106.000000, y = 350.000000
avance = -401.000000, avanceR = 2.000000, avanceI = 2.000000
inc_x_r = 0.000000, inc_y_r = 1.000000, inc_x_i = 1.000000, inc_y_i = 1.000000
En el else......

----------------------------------------
x = 106.000000, y = 351.000000
avance = -399.000000, avanceR = 2.000000, avanceI = 2.000000
inc_x_r = 0.000000, inc_y_r = 1.000000, inc_x_i = 1.000000, inc_y_i = 1.000000
En el else......

----------------------------------------
x = 106.000000, y = 352.000000
avance = -397.000000, avanceR = 2.000000, avanceI = 2.000000
inc_x_r = 0.000000, inc_y_r = 1.000000, inc_x_i = 1.000000, inc_y_i = 1.000000
En el else......

----------------------------------------
x = 106.000000, y = 353.000000
avance = -395.000000, avanceR = 2.000000, avanceI = 2.000000
inc_x_r = 0.000000, inc_y_r = 1.000000, inc_x_i = 1.000000, inc_y_i = 1.000000
En el else......

----------------------------------------
x = 106.000000, y = 354.000000
avance = -393.000000, avanceR = 2.000000, avanceI = 2.000000
inc_x_r = 0.000000, inc_y_r = 1.000000, inc_x_i = 1.000000, inc_y_i = 1.000000
En el else......

----------------------------------------
x = 106.000000, y = 355.000000
avance = -391.000000, avanceR = 2.000000, avanceI = 2.000000
inc_x_r = 0.000000, inc_y_r = 1.000000, inc_x_i = 1.000000, inc_y_i = 1.000000
En el else......

----------------------------------------
x = 106.000000, y = 356.000000
avance = -389.000000, avanceR = 2.000000, avanceI = 2.000000
inc_x_r = 0.000000, inc_y_r = 1.000000, inc_x_i = 1.000000, inc_y_i = 1.000000
En el else......

----------------------------------------
x = 106.000000, y = 357.000000
avance = -387.000000, avanceR = 2.000000, avanceI = 2.000000
inc_x_r = 0.000000, inc_y_r = 1.000000, inc_x_i = 1.000000, inc_y_i = 1.000000
En el else......

----------------------------------------
x = 106.000000, y = 358.000000
avance = -385.000000, avanceR = 2.000000, avanceI = 2.000000
inc_x_r = 0.000000, inc_y_r = 1.000000, inc_x_i = 1.000000, inc_y_i = 1.000000
En el else......

----------------------------------------
x = 106.000000, y = 359.000000
avance = -383.000000, avanceR = 2.000000, avanceI = 2.000000
inc_x_r = 0.000000, inc_y_r = 1.000000, inc_x_i = 1.000000, inc_y_i = 1.000000
En el else......

----------------------------------------
x = 106.000000, y = 360.000000
avance = -381.000000, avanceR = 2.000000, avanceI = 2.000000
inc_x_r = 0.000000, inc_y_r = 1.000000, inc_x_i = 1.000000, inc_y_i = 1.000000
En el else......

----------------------------------------
x = 106.000000, y = 361.000000
avance = -379.000000, avanceR = 2.000000, avanceI = 2.000000
inc_x_r = 0.000000, inc_y_r = 1.000000, inc_x_i = 1.000000, inc_y_i = 1.000000
En el else......

----------------------------------------
x = 106.000000, y = 362.000000
avance = -377.000000, avanceR = 2.000000, avanceI = 2.000000
inc_x_r = 0.000000, inc_y_r = 1.000000, inc_x_i = 1.000000, inc_y_i = 1.000000
En el else......

----------------------------------------
x = 106.000000, y = 363.000000
avance = -375.000000, avanceR = 2.000000, avanceI = 2.000000
inc_x_r = 0.000000, inc_y_r = 1.000000, inc_x_i = 1.000000, inc_y_i = 1.000000
En el else......

----------------------------------------
x = 106.000000, y = 364.000000
avance = -373.000000, avanceR = 2.000000, avanceI = 2.000000
inc_x_r = 0.000000, inc_y_r = 1.000000, inc_x_i = 1.000000, inc_y_i = 1.000000
En el else......

----------------------------------------
x = 106.000000, y = 365.000000
avance = -371.000000, avanceR = 2.000000, avanceI = 2.000000
inc_x_r = 0.000000, inc_y_r = 1.000000, inc_x_i = 1.000000, inc_y_i = 1.000000
En el else......

----------------------------------------
x = 106.000000, y = 366.000000
avance = -369.000000, avanceR = 2.000000, avanceI = 2.000000
inc_x_r = 0.000000, inc_y_r = 1.000000, inc_x_i = 1.000000, inc_y_i = 1.000000
En el else......

----------------------------------------
x = 106.000000, y = 367.000000
avance = -367.000000, avanceR = 2.000000, avanceI = 2.000000
inc_x_r = 0.000000, inc_y_r = 1.000000, inc_x_i = 1.000000, inc_y_i = 1.000000
En el else......

----------------------------------------
x = 106.000000, y = 368.000000
avance = -365.000000, avanceR = 2.000000, avanceI = 2.000000
inc_x_r = 0.000000, inc_y_r = 1.000000, inc_x_i = 1.000000, inc_y_i = 1.000000
En el else......

----------------------------------------
x = 106.000000, y = 369.000000
avance = -363.000000, avanceR = 2.000000, avanceI = 2.000000
inc_x_r = 0.000000, inc_y_r = 1.000000, inc_x_i = 1.000000, inc_y_i = 1.000000
En el else......

----------------------------------------
x = 106.000000, y = 370.000000
avance = -361.000000, avanceR = 2.000000, avanceI = 2.000000
inc_x_r = 0.000000, inc_y_r = 1.000000, inc_x_i = 1.000000, inc_y_i = 1.000000
En el else......

----------------------------------------
x = 106.000000, y = 371.000000
avance = -359.000000, avanceR = 2.000000, avanceI = 2.000000
inc_x_r = 0.000000, inc_y_r = 1.000000, inc_x_i = 1.000000, inc_y_i = 1.000000
En el else......

----------------------------------------
x = 106.000000, y = 372.000000
avance = -357.000000, avanceR = 2.000000, avanceI = 2.000000
inc_x_r = 0.000000, inc_y_r = 1.000000, inc_x_i = 1.000000, inc_y_i = 1.000000
En el else......

----------------------------------------
x = 106.000000, y = 373.000000
avance = -355.000000, avanceR = 2.000000, avanceI = 2.000000
inc_x_r = 0.000000, inc_y_r = 1.000000, inc_x_i = 1.000000, inc_y_i = 1.000000
En el else......

----------------------------------------
x = 106.000000, y = 374.000000
avance = -353.000000, avanceR = 2.000000, avanceI = 2.000000
inc_x_r = 0.000000, inc_y_r = 1.000000, inc_x_i = 1.000000, inc_y_i = 1.000000
En el else......

----------------------------------------
x = 106.000000, y = 375.000000
avance = -351.000000, avanceR = 2.000000, avanceI = 2.000000
inc_x_r = 0.000000, inc_y_r = 1.000000, inc_x_i = 1.000000, inc_y_i = 1.000000
En el else......

----------------------------------------
x = 106.000000, y = 376.000000
avance = -349.000000, avanceR = 2.000000, avanceI = 2.000000
inc_x_r = 0.000000, inc_y_r = 1.000000, inc_x_i = 1.000000, inc_y_i = 1.000000
En el else......

----------------------------------------
x = 106.000000, y = 377.000000
avance = -347.000000, avanceR = 2.000000, avanceI = 2.000000
inc_x_r = 0.000000, inc_y_r = 1.000000, inc_x_i = 1.000000, inc_y_i = 1.000000
En el else......

----------------------------------------
x = 106.000000, y = 378.000000
avance = -345.000000, avanceR = 2.000000, avanceI = 2.000000
inc_x_r = 0.000000, inc_y_r = 1.000000, inc_x_i = 1.000000, inc_y_i = 1.000000
En el else......

----------------------------------------
x = 106.000000, y = 379.000000
avance = -343.000000, avanceR = 2.000000, avanceI = 2.000000
inc_x_r = 0.000000, inc_y_r = 1.000000, inc_x_i = 1.000000, inc_y_i = 1.000000
En el else......

----------------------------------------
x = 106.000000, y = 380.000000
avance = -341.000000, avanceR = 2.000000, avanceI = 2.000000
inc_x_r = 0.000000, inc_y_r = 1.000000, inc_x_i = 1.000000, inc_y_i = 1.000000
En el else......

----------------------------------------
x = 106.000000, y = 381.000000
avance = -339.000000, avanceR = 2.000000, avanceI = 2.000000
inc_x_r = 0.000000, inc_y_r = 1.000000, inc_x_i = 1.000000, inc_y_i = 1.000000
En el else......

----------------------------------------
x = 106.000000, y = 382.000000
avance = -337.000000, avanceR = 2.000000, avanceI = 2.000000
inc_x_r = 0.000000, inc_y_r = 1.000000, inc_x_i = 1.000000, inc_y_i = 1.000000
En el else......

----------------------------------------
x = 106.000000, y = 383.000000
avance = -335.000000, avanceR = 2.000000, avanceI = 2.000000
inc_x_r = 0.000000, inc_y_r = 1.000000, inc_x_i = 1.000000, inc_y_i = 1.000000
En el else......

----------------------------------------
x = 106.000000, y = 384.000000
avance = -333.000000, avanceR = 2.000000, avanceI = 2.000000
inc_x_r = 0.000000, inc_y_r = 1.000000, inc_x_i = 1.000000, inc_y_i = 1.000000
En el else......

----------------------------------------
x = 106.000000, y = 385.000000
avance = -331.000000, avanceR = 2.000000, avanceI = 2.000000
inc_x_r = 0.000000, inc_y_r = 1.000000, inc_x_i = 1.000000, inc_y_i = 1.000000
En el else......

----------------------------------------
x = 106.000000, y = 386.000000
avance = -329.000000, avanceR = 2.000000, avanceI = 2.000000
inc_x_r = 0.000000, inc_y_r = 1.000000, inc_x_i = 1.000000, inc_y_i = 1.000000
En el else......

----------------------------------------
x = 106.000000, y = 387.000000
avance = -327.000000, avanceR = 2.000000, avanceI = 2.000000
inc_x_r = 0.000000, inc_y_r = 1.000000, inc_x_i = 1.000000, inc_y_i = 1.000000
En el else......

----------------------------------------
x = 106.000000, y = 388.000000
avance = -325.000000, avanceR = 2.000000, avanceI = 2.000000
inc_x_r = 0.000000, inc_y_r = 1.000000, inc_x_i = 1.000000, inc_y_i = 1.000000
En el else......

----------------------------------------
x = 106.000000, y = 389.000000
avance = -323.000000, avanceR = 2.000000, avanceI = 2.000000
inc_x_r = 0.000000, inc_y_r = 1.000000, inc_x_i = 1.000000, inc_y_i = 1.000000
En el else......

----------------------------------------
x = 106.000000, y = 390.000000
avance = -321.000000, avanceR = 2.000000, avanceI = 2.000000
inc_x_r = 0.000000, inc_y_r = 1.000000, inc_x_i = 1.000000, inc_y_i = 1.000000
En el else......

----------------------------------------
x = 106.000000, y = 391.000000
avance = -319.000000, avanceR = 2.000000, avanceI = 2.000000
inc_x_r = 0.000000, inc_y_r = 1.000000, inc_x_i = 1.000000, inc_y_i = 1.000000
En el else......

----------------------------------------
x = 106.000000, y = 392.000000
avance = -317.000000, avanceR = 2.000000, avanceI = 2.000000
inc_x_r = 0.000000, inc_y_r = 1.000000, inc_x_i = 1.000000, inc_y_i = 1.000000
En el else......

----------------------------------------
x = 106.000000, y = 393.000000
avance = -315.000000, avanceR = 2.000000, avanceI = 2.000000
inc_x_r = 0.000000, inc_y_r = 1.000000, inc_x_i = 1.000000, inc_y_i = 1.000000
En el else......

----------------------------------------
x = 106.000000, y = 394.000000
avance = -313.000000, avanceR = 2.000000, avanceI = 2.000000
inc_x_r = 0.000000, inc_y_r = 1.000000, inc_x_i = 1.000000, inc_y_i = 1.000000
En el else......

----------------------------------------
x = 106.000000, y = 395.000000
avance = -311.000000, avanceR = 2.000000, avanceI = 2.000000
inc_x_r = 0.000000, inc_y_r = 1.000000, inc_x_i = 1.000000, inc_y_i = 1.000000
En el else......

----------------------------------------
x = 106.000000, y = 396.000000
avance = -309.000000, avanceR = 2.000000, avanceI = 2.000000
inc_x_r = 0.000000, inc_y_r = 1.000000, inc_x_i = 1.000000, inc_y_i = 1.000000
En el else......

----------------------------------------
x = 106.000000, y = 397.000000
avance = -307.000000, avanceR = 2.000000, avanceI = 2.000000
inc_x_r = 0.000000, inc_y_r = 1.000000, inc_x_i = 1.000000, inc_y_i = 1.000000
En el else......

----------------------------------------
x = 106.000000, y = 398.000000
avance = -305.000000, avanceR = 2.000000, avanceI = 2.000000
inc_x_r = 0.000000, inc_y_r = 1.000000, inc_x_i = 1.000000, inc_y_i = 1.000000
En el else......

----------------------------------------
x = 106.000000, y = 399.000000
avance = -303.000000, avanceR = 2.000000, avanceI = 2.000000
inc_x_r = 0.000000, inc_y_r = 1.000000, inc_x_i = 1.000000, inc_y_i = 1.000000
En el else......

----------------------------------------
hora de salir del bucle mi pana


ENTRAMOS A BRESENHAMªªªª
x1 = 95.000000 - y1 = 165.000000 || x2 = 96.000000 - y2 = 416.000000
dy = 251.000000, dx = 1.000000
avances inclinados: inc_x_i = 1.000000, inc_y_i = 1.000000
updated: dy = 251.000000, dx = 1.000000
avances rectos: inc_x_r = 0.000000, inc_y_r 1.000000
reupdated: dy = 1.000000, dx = 251.000000
avanceR = 2.000000, avance -249.000000, avanceI 2.000000
----------------------------------------
x = 95.000000, y = 165.000000
avance = -249.000000, avanceR = 2.000000, avanceI = 2.000000
inc_x_r = 0.000000, inc_y_r = 1.000000, inc_x_i = 1.000000, inc_y_i = 1.000000
En el else......

----------------------------------------
x = 95.000000, y = 166.000000
avance = -247.000000, avanceR = 2.000000, avanceI = 2.000000
inc_x_r = 0.000000, inc_y_r = 1.000000, inc_x_i = 1.000000, inc_y_i = 1.000000
En el else......

----------------------------------------
x = 95.000000, y = 167.000000
avance = -245.000000, avanceR = 2.000000, avanceI = 2.000000
inc_x_r = 0.000000, inc_y_r = 1.000000, inc_x_i = 1.000000, inc_y_i = 1.000000
En el else......

----------------------------------------
x = 95.000000, y = 168.000000
avance = -243.000000, avanceR = 2.000000, avanceI = 2.000000
inc_x_r = 0.000000, inc_y_r = 1.000000, inc_x_i = 1.000000, inc_y_i = 1.000000
En el else......

----------------------------------------
x = 95.000000, y = 169.000000
avance = -241.000000, avanceR = 2.000000, avanceI = 2.000000
inc_x_r = 0.000000, inc_y_r = 1.000000, inc_x_i = 1.000000, inc_y_i = 1.000000
En el else......

----------------------------------------
x = 95.000000, y = 170.000000
avance = -239.000000, avanceR = 2.000000, avanceI = 2.000000
inc_x_r = 0.000000, inc_y_r = 1.000000, inc_x_i = 1.000000, inc_y_i = 1.000000
En el else......

----------------------------------------
x = 95.000000, y = 171.000000
avance = -237.000000, avanceR = 2.000000, avanceI = 2.000000
inc_x_r = 0.000000, inc_y_r = 1.000000, inc_x_i = 1.000000, inc_y_i = 1.000000
En el else......

----------------------------------------
x = 95.000000, y = 172.000000
avance = -235.000000, avanceR = 2.000000, avanceI = 2.000000
inc_x_r = 0.000000, inc_y_r = 1.000000, inc_x_i = 1.000000, inc_y_i = 1.000000
En el else......

----------------------------------------
x = 95.000000, y = 173.000000
avance = -233.000000, avanceR = 2.000000, avanceI = 2.000000
inc_x_r = 0.000000, inc_y_r = 1.000000, inc_x_i = 1.000000, inc_y_i = 1.000000
En el else......

----------------------------------------
x = 95.000000, y = 174.000000
avance = -231.000000, avanceR = 2.000000, avanceI = 2.000000
inc_x_r = 0.000000, inc_y_r = 1.000000, inc_x_i = 1.000000, inc_y_i = 1.000000
En el else......

----------------------------------------
x = 95.000000, y = 175.000000
avance = -229.000000, avanceR = 2.000000, avanceI = 2.000000
inc_x_r = 0.000000, inc_y_r = 1.000000, inc_x_i = 1.000000, inc_y_i = 1.000000
En el else......

----------------------------------------
x = 95.000000, y = 176.000000
avance = -227.000000, avanceR = 2.000000, avanceI = 2.000000
inc_x_r = 0.000000, inc_y_r = 1.000000, inc_x_i = 1.000000, inc_y_i = 1.000000
En el else......

----------------------------------------
x = 95.000000, y = 177.000000
avance = -225.000000, avanceR = 2.000000, avanceI = 2.000000
inc_x_r = 0.000000, inc_y_r = 1.000000, inc_x_i = 1.000000, inc_y_i = 1.000000
En el else......

----------------------------------------
x = 95.000000, y = 178.000000
avance = -223.000000, avanceR = 2.000000, avanceI = 2.000000
inc_x_r = 0.000000, inc_y_r = 1.000000, inc_x_i = 1.000000, inc_y_i = 1.000000
En el else......

----------------------------------------
x = 95.000000, y = 179.000000
avance = -221.000000, avanceR = 2.000000, avanceI = 2.000000
inc_x_r = 0.000000, inc_y_r = 1.000000, inc_x_i = 1.000000, inc_y_i = 1.000000
En el else......

----------------------------------------
x = 95.000000, y = 180.000000
avance = -219.000000, avanceR = 2.000000, avanceI = 2.000000
inc_x_r = 0.000000, inc_y_r = 1.000000, inc_x_i = 1.000000, inc_y_i = 1.000000
En el else......

----------------------------------------
x = 95.000000, y = 181.000000
avance = -217.000000, avanceR = 2.000000, avanceI = 2.000000
inc_x_r = 0.000000, inc_y_r = 1.000000, inc_x_i = 1.000000, inc_y_i = 1.000000
En el else......

----------------------------------------
x = 95.000000, y = 182.000000
avance = -215.000000, avanceR = 2.000000, avanceI = 2.000000
inc_x_r = 0.000000, inc_y_r = 1.000000, inc_x_i = 1.000000, inc_y_i = 1.000000
En el else......

----------------------------------------
x = 95.000000, y = 183.000000
avance = -213.000000, avanceR = 2.000000, avanceI = 2.000000
inc_x_r = 0.000000, inc_y_r = 1.000000, inc_x_i = 1.000000, inc_y_i = 1.000000
En el else......

----------------------------------------
x = 95.000000, y = 184.000000
avance = -211.000000, avanceR = 2.000000, avanceI = 2.000000
inc_x_r = 0.000000, inc_y_r = 1.000000, inc_x_i = 1.000000, inc_y_i = 1.000000
En el else......

----------------------------------------
x = 95.000000, y = 185.000000
avance = -209.000000, avanceR = 2.000000, avanceI = 2.000000
inc_x_r = 0.000000, inc_y_r = 1.000000, inc_x_i = 1.000000, inc_y_i = 1.000000
En el else......

----------------------------------------
x = 95.000000, y = 186.000000
avance = -207.000000, avanceR = 2.000000, avanceI = 2.000000
inc_x_r = 0.000000, inc_y_r = 1.000000, inc_x_i = 1.000000, inc_y_i = 1.000000
En el else......

----------------------------------------
x = 95.000000, y = 187.000000
avance = -205.000000, avanceR = 2.000000, avanceI = 2.000000
inc_x_r = 0.000000, inc_y_r = 1.000000, inc_x_i = 1.000000, inc_y_i = 1.000000
En el else......

----------------------------------------
x = 95.000000, y = 188.000000
avance = -203.000000, avanceR = 2.000000, avanceI = 2.000000
inc_x_r = 0.000000, inc_y_r = 1.000000, inc_x_i = 1.000000, inc_y_i = 1.000000
En el else......

----------------------------------------
x = 95.000000, y = 189.000000
avance = -201.000000, avanceR = 2.000000, avanceI = 2.000000
inc_x_r = 0.000000, inc_y_r = 1.000000, inc_x_i = 1.000000, inc_y_i = 1.000000
En el else......

----------------------------------------
x = 95.000000, y = 190.000000
avance = -199.000000, avanceR = 2.000000, avanceI = 2.000000
inc_x_r = 0.000000, inc_y_r = 1.000000, inc_x_i = 1.000000, inc_y_i = 1.000000
En el else......

----------------------------------------
x = 95.000000, y = 191.000000
avance = -197.000000, avanceR = 2.000000, avanceI = 2.000000
inc_x_r = 0.000000, inc_y_r = 1.000000, inc_x_i = 1.000000, inc_y_i = 1.000000
En el else......

----------------------------------------
x = 95.000000, y = 192.000000
avance = -195.000000, avanceR = 2.000000, avanceI = 2.000000
inc_x_r = 0.000000, inc_y_r = 1.000000, inc_x_i = 1.000000, inc_y_i = 1.000000
En el else......

----------------------------------------
x = 95.000000, y = 193.000000
avance = -193.000000, avanceR = 2.000000, avanceI = 2.000000
inc_x_r = 0.000000, inc_y_r = 1.000000, inc_x_i = 1.000000, inc_y_i = 1.000000
En el else......

----------------------------------------
x = 95.000000, y = 194.000000
avance = -191.000000, avanceR = 2.000000, avanceI = 2.000000
inc_x_r = 0.000000, inc_y_r = 1.000000, inc_x_i = 1.000000, inc_y_i = 1.000000
En el else......

----------------------------------------
x = 95.000000, y = 195.000000
avance = -189.000000, avanceR = 2.000000, avanceI = 2.000000
inc_x_r = 0.000000, inc_y_r = 1.000000, inc_x_i = 1.000000, inc_y_i = 1.000000
En el else......

----------------------------------------
x = 95.000000, y = 196.000000
avance = -187.000000, avanceR = 2.000000, avanceI = 2.000000
inc_x_r = 0.000000, inc_y_r = 1.000000, inc_x_i = 1.000000, inc_y_i = 1.000000
En el else......

----------------------------------------
x = 95.000000, y = 197.000000
avance = -185.000000, avanceR = 2.000000, avanceI = 2.000000
inc_x_r = 0.000000, inc_y_r = 1.000000, inc_x_i = 1.000000, inc_y_i = 1.000000
En el else......

----------------------------------------
x = 95.000000, y = 198.000000
avance = -183.000000, avanceR = 2.000000, avanceI = 2.000000
inc_x_r = 0.000000, inc_y_r = 1.000000, inc_x_i = 1.000000, inc_y_i = 1.000000
En el else......

----------------------------------------
x = 95.000000, y = 199.000000
avance = -181.000000, avanceR = 2.000000, avanceI = 2.000000
inc_x_r = 0.000000, inc_y_r = 1.000000, inc_x_i = 1.000000, inc_y_i = 1.000000
En el else......

----------------------------------------
x = 95.000000, y = 200.000000
avance = -179.000000, avanceR = 2.000000, avanceI = 2.000000
inc_x_r = 0.000000, inc_y_r = 1.000000, inc_x_i = 1.000000, inc_y_i = 1.000000
En el else......

----------------------------------------
x = 95.000000, y = 201.000000
avance = -177.000000, avanceR = 2.000000, avanceI = 2.000000
inc_x_r = 0.000000, inc_y_r = 1.000000, inc_x_i = 1.000000, inc_y_i = 1.000000
En el else......

----------------------------------------
x = 95.000000, y = 202.000000
avance = -175.000000, avanceR = 2.000000, avanceI = 2.000000
inc_x_r = 0.000000, inc_y_r = 1.000000, inc_x_i = 1.000000, inc_y_i = 1.000000
En el else......

----------------------------------------
x = 95.000000, y = 203.000000
avance = -173.000000, avanceR = 2.000000, avanceI = 2.000000
inc_x_r = 0.000000, inc_y_r = 1.000000, inc_x_i = 1.000000, inc_y_i = 1.000000
En el else......

----------------------------------------
x = 95.000000, y = 204.000000
avance = -171.000000, avanceR = 2.000000, avanceI = 2.000000
inc_x_r = 0.000000, inc_y_r = 1.000000, inc_x_i = 1.000000, inc_y_i = 1.000000
En el else......

----------------------------------------
x = 95.000000, y = 205.000000
avance = -169.000000, avanceR = 2.000000, avanceI = 2.000000
inc_x_r = 0.000000, inc_y_r = 1.000000, inc_x_i = 1.000000, inc_y_i = 1.000000
En el else......

----------------------------------------
x = 95.000000, y = 206.000000
avance = -167.000000, avanceR = 2.000000, avanceI = 2.000000
inc_x_r = 0.000000, inc_y_r = 1.000000, inc_x_i = 1.000000, inc_y_i = 1.000000
En el else......

----------------------------------------
x = 95.000000, y = 207.000000
avance = -165.000000, avanceR = 2.000000, avanceI = 2.000000
inc_x_r = 0.000000, inc_y_r = 1.000000, inc_x_i = 1.000000, inc_y_i = 1.000000
En el else......

----------------------------------------
x = 95.000000, y = 208.000000
avance = -163.000000, avanceR = 2.000000, avanceI = 2.000000
inc_x_r = 0.000000, inc_y_r = 1.000000, inc_x_i = 1.000000, inc_y_i = 1.000000
En el else......

----------------------------------------
x = 95.000000, y = 209.000000
avance = -161.000000, avanceR = 2.000000, avanceI = 2.000000
inc_x_r = 0.000000, inc_y_r = 1.000000, inc_x_i = 1.000000, inc_y_i = 1.000000
En el else......

----------------------------------------
x = 95.000000, y = 210.000000
avance = -159.000000, avanceR = 2.000000, avanceI = 2.000000
inc_x_r = 0.000000, inc_y_r = 1.000000, inc_x_i = 1.000000, inc_y_i = 1.000000
En el else......

----------------------------------------
x = 95.000000, y = 211.000000
avance = -157.000000, avanceR = 2.000000, avanceI = 2.000000
inc_x_r = 0.000000, inc_y_r = 1.000000, inc_x_i = 1.000000, inc_y_i = 1.000000
En el else......

----------------------------------------
x = 95.000000, y = 212.000000
avance = -155.000000, avanceR = 2.000000, avanceI = 2.000000
inc_x_r = 0.000000, inc_y_r = 1.000000, inc_x_i = 1.000000, inc_y_i = 1.000000
En el else......

----------------------------------------
x = 95.000000, y = 213.000000
avance = -153.000000, avanceR = 2.000000, avanceI = 2.000000
inc_x_r = 0.000000, inc_y_r = 1.000000, inc_x_i = 1.000000, inc_y_i = 1.000000
En el else......

----------------------------------------
x = 95.000000, y = 214.000000
avance = -151.000000, avanceR = 2.000000, avanceI = 2.000000
inc_x_r = 0.000000, inc_y_r = 1.000000, inc_x_i = 1.000000, inc_y_i = 1.000000
En el else......

----------------------------------------
x = 95.000000, y = 215.000000
avance = -149.000000, avanceR = 2.000000, avanceI = 2.000000
inc_x_r = 0.000000, inc_y_r = 1.000000, inc_x_i = 1.000000, inc_y_i = 1.000000
En el else......

----------------------------------------
x = 95.000000, y = 216.000000
avance = -147.000000, avanceR = 2.000000, avanceI = 2.000000
inc_x_r = 0.000000, inc_y_r = 1.000000, inc_x_i = 1.000000, inc_y_i = 1.000000
En el else......

----------------------------------------
x = 95.000000, y = 217.000000
avance = -145.000000, avanceR = 2.000000, avanceI = 2.000000
inc_x_r = 0.000000, inc_y_r = 1.000000, inc_x_i = 1.000000, inc_y_i = 1.000000
En el else......

----------------------------------------
x = 95.000000, y = 218.000000
avance = -143.000000, avanceR = 2.000000, avanceI = 2.000000
inc_x_r = 0.000000, inc_y_r = 1.000000, inc_x_i = 1.000000, inc_y_i = 1.000000
En el else......

----------------------------------------
x = 95.000000, y = 219.000000
avance = -141.000000, avanceR = 2.000000, avanceI = 2.000000
inc_x_r = 0.000000, inc_y_r = 1.000000, inc_x_i = 1.000000, inc_y_i = 1.000000
En el else......

----------------------------------------
x = 95.000000, y = 220.000000
avance = -139.000000, avanceR = 2.000000, avanceI = 2.000000
inc_x_r = 0.000000, inc_y_r = 1.000000, inc_x_i = 1.000000, inc_y_i = 1.000000
En el else......

----------------------------------------
x = 95.000000, y = 221.000000
avance = -137.000000, avanceR = 2.000000, avanceI = 2.000000
inc_x_r = 0.000000, inc_y_r = 1.000000, inc_x_i = 1.000000, inc_y_i = 1.000000
En el else......

----------------------------------------
x = 95.000000, y = 222.000000
avance = -135.000000, avanceR = 2.000000, avanceI = 2.000000
inc_x_r = 0.000000, inc_y_r = 1.000000, inc_x_i = 1.000000, inc_y_i = 1.000000
En el else......

----------------------------------------
x = 95.000000, y = 223.000000
avance = -133.000000, avanceR = 2.000000, avanceI = 2.000000
inc_x_r = 0.000000, inc_y_r = 1.000000, inc_x_i = 1.000000, inc_y_i = 1.000000
En el else......

----------------------------------------
x = 95.000000, y = 224.000000
avance = -131.000000, avanceR = 2.000000, avanceI = 2.000000
inc_x_r = 0.000000, inc_y_r = 1.000000, inc_x_i = 1.000000, inc_y_i = 1.000000
En el else......

----------------------------------------
x = 95.000000, y = 225.000000
avance = -129.000000, avanceR = 2.000000, avanceI = 2.000000
inc_x_r = 0.000000, inc_y_r = 1.000000, inc_x_i = 1.000000, inc_y_i = 1.000000
En el else......

----------------------------------------
x = 95.000000, y = 226.000000
avance = -127.000000, avanceR = 2.000000, avanceI = 2.000000
inc_x_r = 0.000000, inc_y_r = 1.000000, inc_x_i = 1.000000, inc_y_i = 1.000000
En el else......

----------------------------------------
x = 95.000000, y = 227.000000
avance = -125.000000, avanceR = 2.000000, avanceI = 2.000000
inc_x_r = 0.000000, inc_y_r = 1.000000, inc_x_i = 1.000000, inc_y_i = 1.000000
En el else......

----------------------------------------
x = 95.000000, y = 228.000000
avance = -123.000000, avanceR = 2.000000, avanceI = 2.000000
inc_x_r = 0.000000, inc_y_r = 1.000000, inc_x_i = 1.000000, inc_y_i = 1.000000
En el else......

----------------------------------------
x = 95.000000, y = 229.000000
avance = -121.000000, avanceR = 2.000000, avanceI = 2.000000
inc_x_r = 0.000000, inc_y_r = 1.000000, inc_x_i = 1.000000, inc_y_i = 1.000000
En el else......

----------------------------------------
x = 95.000000, y = 230.000000
avance = -119.000000, avanceR = 2.000000, avanceI = 2.000000
inc_x_r = 0.000000, inc_y_r = 1.000000, inc_x_i = 1.000000, inc_y_i = 1.000000
En el else......

----------------------------------------
x = 95.000000, y = 231.000000
avance = -117.000000, avanceR = 2.000000, avanceI = 2.000000
inc_x_r = 0.000000, inc_y_r = 1.000000, inc_x_i = 1.000000, inc_y_i = 1.000000
En el else......

----------------------------------------
x = 95.000000, y = 232.000000
avance = -115.000000, avanceR = 2.000000, avanceI = 2.000000
inc_x_r = 0.000000, inc_y_r = 1.000000, inc_x_i = 1.000000, inc_y_i = 1.000000
En el else......

----------------------------------------
x = 95.000000, y = 233.000000
avance = -113.000000, avanceR = 2.000000, avanceI = 2.000000
inc_x_r = 0.000000, inc_y_r = 1.000000, inc_x_i = 1.000000, inc_y_i = 1.000000
En el else......

----------------------------------------
x = 95.000000, y = 234.000000
avance = -111.000000, avanceR = 2.000000, avanceI = 2.000000
inc_x_r = 0.000000, inc_y_r = 1.000000, inc_x_i = 1.000000, inc_y_i = 1.000000
En el else......

----------------------------------------
x = 95.000000, y = 235.000000
avance = -109.000000, avanceR = 2.000000, avanceI = 2.000000
inc_x_r = 0.000000, inc_y_r = 1.000000, inc_x_i = 1.000000, inc_y_i = 1.000000
En el else......

----------------------------------------
x = 95.000000, y = 236.000000
avance = -107.000000, avanceR = 2.000000, avanceI = 2.000000
inc_x_r = 0.000000, inc_y_r = 1.000000, inc_x_i = 1.000000, inc_y_i = 1.000000
En el else......

----------------------------------------
x = 95.000000, y = 237.000000
avance = -105.000000, avanceR = 2.000000, avanceI = 2.000000
inc_x_r = 0.000000, inc_y_r = 1.000000, inc_x_i = 1.000000, inc_y_i = 1.000000
En el else......

----------------------------------------
x = 95.000000, y = 238.000000
avance = -103.000000, avanceR = 2.000000, avanceI = 2.000000
inc_x_r = 0.000000, inc_y_r = 1.000000, inc_x_i = 1.000000, inc_y_i = 1.000000
En el else......

----------------------------------------
x = 95.000000, y = 239.000000
avance = -101.000000, avanceR = 2.000000, avanceI = 2.000000
inc_x_r = 0.000000, inc_y_r = 1.000000, inc_x_i = 1.000000, inc_y_i = 1.000000
En el else......

----------------------------------------
x = 95.000000, y = 240.000000
avance = -99.000000, avanceR = 2.000000, avanceI = 2.000000
inc_x_r = 0.000000, inc_y_r = 1.000000, inc_x_i = 1.000000, inc_y_i = 1.000000
En el else......

----------------------------------------
x = 95.000000, y = 241.000000
avance = -97.000000, avanceR = 2.000000, avanceI = 2.000000
inc_x_r = 0.000000, inc_y_r = 1.000000, inc_x_i = 1.000000, inc_y_i = 1.000000
En el else......

----------------------------------------
x = 95.000000, y = 242.000000
avance = -95.000000, avanceR = 2.000000, avanceI = 2.000000
inc_x_r = 0.000000, inc_y_r = 1.000000, inc_x_i = 1.000000, inc_y_i = 1.000000
En el else......

----------------------------------------
x = 95.000000, y = 243.000000
avance = -93.000000, avanceR = 2.000000, avanceI = 2.000000
inc_x_r = 0.000000, inc_y_r = 1.000000, inc_x_i = 1.000000, inc_y_i = 1.000000
En el else......

----------------------------------------
x = 95.000000, y = 244.000000
avance = -91.000000, avanceR = 2.000000, avanceI = 2.000000
inc_x_r = 0.000000, inc_y_r = 1.000000, inc_x_i = 1.000000, inc_y_i = 1.000000
En el else......

----------------------------------------
x = 95.000000, y = 245.000000
avance = -89.000000, avanceR = 2.000000, avanceI = 2.000000
inc_x_r = 0.000000, inc_y_r = 1.000000, inc_x_i = 1.000000, inc_y_i = 1.000000
En el else......

----------------------------------------
x = 95.000000, y = 246.000000
avance = -87.000000, avanceR = 2.000000, avanceI = 2.000000
inc_x_r = 0.000000, inc_y_r = 1.000000, inc_x_i = 1.000000, inc_y_i = 1.000000
En el else......

----------------------------------------
x = 95.000000, y = 247.000000
avance = -85.000000, avanceR = 2.000000, avanceI = 2.000000
inc_x_r = 0.000000, inc_y_r = 1.000000, inc_x_i = 1.000000, inc_y_i = 1.000000
En el else......

----------------------------------------
x = 95.000000, y = 248.000000
avance = -83.000000, avanceR = 2.000000, avanceI = 2.000000
inc_x_r = 0.000000, inc_y_r = 1.000000, inc_x_i = 1.000000, inc_y_i = 1.000000
En el else......

----------------------------------------
x = 95.000000, y = 249.000000
avance = -81.000000, avanceR = 2.000000, avanceI = 2.000000
inc_x_r = 0.000000, inc_y_r = 1.000000, inc_x_i = 1.000000, inc_y_i = 1.000000
En el else......

----------------------------------------
x = 95.000000, y = 250.000000
avance = -79.000000, avanceR = 2.000000, avanceI = 2.000000
inc_x_r = 0.000000, inc_y_r = 1.000000, inc_x_i = 1.000000, inc_y_i = 1.000000
En el else......

----------------------------------------
x = 95.000000, y = 251.000000
avance = -77.000000, avanceR = 2.000000, avanceI = 2.000000
inc_x_r = 0.000000, inc_y_r = 1.000000, inc_x_i = 1.000000, inc_y_i = 1.000000
En el else......

----------------------------------------
x = 95.000000, y = 252.000000
avance = -75.000000, avanceR = 2.000000, avanceI = 2.000000
inc_x_r = 0.000000, inc_y_r = 1.000000, inc_x_i = 1.000000, inc_y_i = 1.000000
En el else......

----------------------------------------
x = 95.000000, y = 253.000000
avance = -73.000000, avanceR = 2.000000, avanceI = 2.000000
inc_x_r = 0.000000, inc_y_r = 1.000000, inc_x_i = 1.000000, inc_y_i = 1.000000
En el else......

----------------------------------------
x = 95.000000, y = 254.000000
avance = -71.000000, avanceR = 2.000000, avanceI = 2.000000
inc_x_r = 0.000000, inc_y_r = 1.000000, inc_x_i = 1.000000, inc_y_i = 1.000000
En el else......

----------------------------------------
x = 95.000000, y = 255.000000
avance = -69.000000, avanceR = 2.000000, avanceI = 2.000000
inc_x_r = 0.000000, inc_y_r = 1.000000, inc_x_i = 1.000000, inc_y_i = 1.000000
En el else......

----------------------------------------
x = 95.000000, y = 256.000000
avance = -67.000000, avanceR = 2.000000, avanceI = 2.000000
inc_x_r = 0.000000, inc_y_r = 1.000000, inc_x_i = 1.000000, inc_y_i = 1.000000
En el else......

----------------------------------------
x = 95.000000, y = 257.000000
avance = -65.000000, avanceR = 2.000000, avanceI = 2.000000
inc_x_r = 0.000000, inc_y_r = 1.000000, inc_x_i = 1.000000, inc_y_i = 1.000000
En el else......

----------------------------------------
x = 95.000000, y = 258.000000
avance = -63.000000, avanceR = 2.000000, avanceI = 2.000000
inc_x_r = 0.000000, inc_y_r = 1.000000, inc_x_i = 1.000000, inc_y_i = 1.000000
En el else......

----------------------------------------
x = 95.000000, y = 259.000000
avance = -61.000000, avanceR = 2.000000, avanceI = 2.000000
inc_x_r = 0.000000, inc_y_r = 1.000000, inc_x_i = 1.000000, inc_y_i = 1.000000
En el else......

----------------------------------------
x = 95.000000, y = 260.000000
avance = -59.000000, avanceR = 2.000000, avanceI = 2.000000
inc_x_r = 0.000000, inc_y_r = 1.000000, inc_x_i = 1.000000, inc_y_i = 1.000000
En el else......

----------------------------------------
x = 95.000000, y = 261.000000
avance = -57.000000, avanceR = 2.000000, avanceI = 2.000000
inc_x_r = 0.000000, inc_y_r = 1.000000, inc_x_i = 1.000000, inc_y_i = 1.000000
En el else......

----------------------------------------
x = 95.000000, y = 262.000000
avance = -55.000000, avanceR = 2.000000, avanceI = 2.000000
inc_x_r = 0.000000, inc_y_r = 1.000000, inc_x_i = 1.000000, inc_y_i = 1.000000
En el else......

----------------------------------------
x = 95.000000, y = 263.000000
avance = -53.000000, avanceR = 2.000000, avanceI = 2.000000
inc_x_r = 0.000000, inc_y_r = 1.000000, inc_x_i = 1.000000, inc_y_i = 1.000000
En el else......

----------------------------------------
x = 95.000000, y = 264.000000
avance = -51.000000, avanceR = 2.000000, avanceI = 2.000000
inc_x_r = 0.000000, inc_y_r = 1.000000, inc_x_i = 1.000000, inc_y_i = 1.000000
En el else......

----------------------------------------
x = 95.000000, y = 265.000000
avance = -49.000000, avanceR = 2.000000, avanceI = 2.000000
inc_x_r = 0.000000, inc_y_r = 1.000000, inc_x_i = 1.000000, inc_y_i = 1.000000
En el else......

----------------------------------------
x = 95.000000, y = 266.000000
avance = -47.000000, avanceR = 2.000000, avanceI = 2.000000
inc_x_r = 0.000000, inc_y_r = 1.000000, inc_x_i = 1.000000, inc_y_i = 1.000000
En el else......

----------------------------------------
x = 95.000000, y = 267.000000
avance = -45.000000, avanceR = 2.000000, avanceI = 2.000000
inc_x_r = 0.000000, inc_y_r = 1.000000, inc_x_i = 1.000000, inc_y_i = 1.000000
En el else......

----------------------------------------
x = 95.000000, y = 268.000000
avance = -43.000000, avanceR = 2.000000, avanceI = 2.000000
inc_x_r = 0.000000, inc_y_r = 1.000000, inc_x_i = 1.000000, inc_y_i = 1.000000
En el else......

----------------------------------------
x = 95.000000, y = 269.000000
avance = -41.000000, avanceR = 2.000000, avanceI = 2.000000
inc_x_r = 0.000000, inc_y_r = 1.000000, inc_x_i = 1.000000, inc_y_i = 1.000000
En el else......

----------------------------------------
x = 95.000000, y = 270.000000
avance = -39.000000, avanceR = 2.000000, avanceI = 2.000000
inc_x_r = 0.000000, inc_y_r = 1.000000, inc_x_i = 1.000000, inc_y_i = 1.000000
En el else......

----------------------------------------
x = 95.000000, y = 271.000000
avance = -37.000000, avanceR = 2.000000, avanceI = 2.000000
inc_x_r = 0.000000, inc_y_r = 1.000000, inc_x_i = 1.000000, inc_y_i = 1.000000
En el else......

----------------------------------------
x = 95.000000, y = 272.000000
avance = -35.000000, avanceR = 2.000000, avanceI = 2.000000
inc_x_r = 0.000000, inc_y_r = 1.000000, inc_x_i = 1.000000, inc_y_i = 1.000000
En el else......

----------------------------------------
x = 95.000000, y = 273.000000
avance = -33.000000, avanceR = 2.000000, avanceI = 2.000000
inc_x_r = 0.000000, inc_y_r = 1.000000, inc_x_i = 1.000000, inc_y_i = 1.000000
En el else......

----------------------------------------
x = 95.000000, y = 274.000000
avance = -31.000000, avanceR = 2.000000, avanceI = 2.000000
inc_x_r = 0.000000, inc_y_r = 1.000000, inc_x_i = 1.000000, inc_y_i = 1.000000
En el else......

----------------------------------------
x = 95.000000, y = 275.000000
avance = -29.000000, avanceR = 2.000000, avanceI = 2.000000
inc_x_r = 0.000000, inc_y_r = 1.000000, inc_x_i = 1.000000, inc_y_i = 1.000000
En el else......

----------------------------------------
x = 95.000000, y = 276.000000
avance = -27.000000, avanceR = 2.000000, avanceI = 2.000000
inc_x_r = 0.000000, inc_y_r = 1.000000, inc_x_i = 1.000000, inc_y_i = 1.000000
En el else......

----------------------------------------
x = 95.000000, y = 277.000000
avance = -25.000000, avanceR = 2.000000, avanceI = 2.000000
inc_x_r = 0.000000, inc_y_r = 1.000000, inc_x_i = 1.000000, inc_y_i = 1.000000
En el else......

----------------------------------------
x = 95.000000, y = 278.000000
avance = -23.000000, avanceR = 2.000000, avanceI = 2.000000
inc_x_r = 0.000000, inc_y_r = 1.000000, inc_x_i = 1.000000, inc_y_i = 1.000000
En el else......

----------------------------------------
x = 95.000000, y = 279.000000
avance = -21.000000, avanceR = 2.000000, avanceI = 2.000000
inc_x_r = 0.000000, inc_y_r = 1.000000, inc_x_i = 1.000000, inc_y_i = 1.000000
En el else......

----------------------------------------
x = 95.000000, y = 280.000000
avance = -19.000000, avanceR = 2.000000, avanceI = 2.000000
inc_x_r = 0.000000, inc_y_r = 1.000000, inc_x_i = 1.000000, inc_y_i = 1.000000
En el else......

----------------------------------------
x = 95.000000, y = 281.000000
avance = -17.000000, avanceR = 2.000000, avanceI = 2.000000
inc_x_r = 0.000000, inc_y_r = 1.000000, inc_x_i = 1.000000, inc_y_i = 1.000000
En el else......

----------------------------------------
x = 95.000000, y = 282.000000
avance = -15.000000, avanceR = 2.000000, avanceI = 2.000000
inc_x_r = 0.000000, inc_y_r = 1.000000, inc_x_i = 1.000000, inc_y_i = 1.000000
En el else......

----------------------------------------
x = 95.000000, y = 283.000000
avance = -13.000000, avanceR = 2.000000, avanceI = 2.000000
inc_x_r = 0.000000, inc_y_r = 1.000000, inc_x_i = 1.000000, inc_y_i = 1.000000
En el else......

----------------------------------------
x = 95.000000, y = 284.000000
avance = -11.000000, avanceR = 2.000000, avanceI = 2.000000
inc_x_r = 0.000000, inc_y_r = 1.000000, inc_x_i = 1.000000, inc_y_i = 1.000000
En el else......

----------------------------------------
x = 95.000000, y = 285.000000
avance = -9.000000, avanceR = 2.000000, avanceI = 2.000000
inc_x_r = 0.000000, inc_y_r = 1.000000, inc_x_i = 1.000000, inc_y_i = 1.000000
En el else......

----------------------------------------
x = 95.000000, y = 286.000000
avance = -7.000000, avanceR = 2.000000, avanceI = 2.000000
inc_x_r = 0.000000, inc_y_r = 1.000000, inc_x_i = 1.000000, inc_y_i = 1.000000
En el else......

----------------------------------------
x = 95.000000, y = 287.000000
avance = -5.000000, avanceR = 2.000000, avanceI = 2.000000
inc_x_r = 0.000000, inc_y_r = 1.000000, inc_x_i = 1.000000, inc_y_i = 1.000000
En el else......

----------------------------------------
x = 95.000000, y = 288.000000
avance = -3.000000, avanceR = 2.000000, avanceI = 2.000000
inc_x_r = 0.000000, inc_y_r = 1.000000, inc_x_i = 1.000000, inc_y_i = 1.000000
En el else......

----------------------------------------
x = 95.000000, y = 289.000000
avance = -1.000000, avanceR = 2.000000, avanceI = 2.000000
inc_x_r = 0.000000, inc_y_r = 1.000000, inc_x_i = 1.000000, inc_y_i = 1.000000
En el else......

----------------------------------------
x = 95.000000, y = 290.000000
avance = 1.000000, avanceR = 2.000000, avanceI = 2.000000
inc_x_r = 0.000000, inc_y_r = 1.000000, inc_x_i = 1.000000, inc_y_i = 1.000000
avance >= 0

----------------------------------------
x = 96.000000, y = 291.000000
avance = -499.000000, avanceR = 2.000000, avanceI = 2.000000
inc_x_r = 0.000000, inc_y_r = 1.000000, inc_x_i = 1.000000, inc_y_i = 1.000000
En el else......

----------------------------------------
x = 96.000000, y = 292.000000
avance = -497.000000, avanceR = 2.000000, avanceI = 2.000000
inc_x_r = 0.000000, inc_y_r = 1.000000, inc_x_i = 1.000000, inc_y_i = 1.000000
En el else......

----------------------------------------
x = 96.000000, y = 293.000000
avance = -495.000000, avanceR = 2.000000, avanceI = 2.000000
inc_x_r = 0.000000, inc_y_r = 1.000000, inc_x_i = 1.000000, inc_y_i = 1.000000
En el else......

----------------------------------------
x = 96.000000, y = 294.000000
avance = -493.000000, avanceR = 2.000000, avanceI = 2.000000
inc_x_r = 0.000000, inc_y_r = 1.000000, inc_x_i = 1.000000, inc_y_i = 1.000000
En el else......

----------------------------------------
x = 96.000000, y = 295.000000
avance = -491.000000, avanceR = 2.000000, avanceI = 2.000000
inc_x_r = 0.000000, inc_y_r = 1.000000, inc_x_i = 1.000000, inc_y_i = 1.000000
En el else......

----------------------------------------
x = 96.000000, y = 296.000000
avance = -489.000000, avanceR = 2.000000, avanceI = 2.000000
inc_x_r = 0.000000, inc_y_r = 1.000000, inc_x_i = 1.000000, inc_y_i = 1.000000
En el else......

----------------------------------------
x = 96.000000, y = 297.000000
avance = -487.000000, avanceR = 2.000000, avanceI = 2.000000
inc_x_r = 0.000000, inc_y_r = 1.000000, inc_x_i = 1.000000, inc_y_i = 1.000000
En el else......

----------------------------------------
x = 96.000000, y = 298.000000
avance = -485.000000, avanceR = 2.000000, avanceI = 2.000000
inc_x_r = 0.000000, inc_y_r = 1.000000, inc_x_i = 1.000000, inc_y_i = 1.000000
En el else......

----------------------------------------
x = 96.000000, y = 299.000000
avance = -483.000000, avanceR = 2.000000, avanceI = 2.000000
inc_x_r = 0.000000, inc_y_r = 1.000000, inc_x_i = 1.000000, inc_y_i = 1.000000
En el else......

----------------------------------------
x = 96.000000, y = 300.000000
avance = -481.000000, avanceR = 2.000000, avanceI = 2.000000
inc_x_r = 0.000000, inc_y_r = 1.000000, inc_x_i = 1.000000, inc_y_i = 1.000000
En el else......

----------------------------------------
x = 96.000000, y = 301.000000
avance = -479.000000, avanceR = 2.000000, avanceI = 2.000000
inc_x_r = 0.000000, inc_y_r = 1.000000, inc_x_i = 1.000000, inc_y_i = 1.000000
En el else......

----------------------------------------
x = 96.000000, y = 302.000000
avance = -477.000000, avanceR = 2.000000, avanceI = 2.000000
inc_x_r = 0.000000, inc_y_r = 1.000000, inc_x_i = 1.000000, inc_y_i = 1.000000
En el else......

----------------------------------------
x = 96.000000, y = 303.000000
avance = -475.000000, avanceR = 2.000000, avanceI = 2.000000
inc_x_r = 0.000000, inc_y_r = 1.000000, inc_x_i = 1.000000, inc_y_i = 1.000000
En el else......

----------------------------------------
x = 96.000000, y = 304.000000
avance = -473.000000, avanceR = 2.000000, avanceI = 2.000000
inc_x_r = 0.000000, inc_y_r = 1.000000, inc_x_i = 1.000000, inc_y_i = 1.000000
En el else......

----------------------------------------
x = 96.000000, y = 305.000000
avance = -471.000000, avanceR = 2.000000, avanceI = 2.000000
inc_x_r = 0.000000, inc_y_r = 1.000000, inc_x_i = 1.000000, inc_y_i = 1.000000
En el else......

----------------------------------------
x = 96.000000, y = 306.000000
avance = -469.000000, avanceR = 2.000000, avanceI = 2.000000
inc_x_r = 0.000000, inc_y_r = 1.000000, inc_x_i = 1.000000, inc_y_i = 1.000000
En el else......

----------------------------------------
x = 96.000000, y = 307.000000
avance = -467.000000, avanceR = 2.000000, avanceI = 2.000000
inc_x_r = 0.000000, inc_y_r = 1.000000, inc_x_i = 1.000000, inc_y_i = 1.000000
En el else......

----------------------------------------
x = 96.000000, y = 308.000000
avance = -465.000000, avanceR = 2.000000, avanceI = 2.000000
inc_x_r = 0.000000, inc_y_r = 1.000000, inc_x_i = 1.000000, inc_y_i = 1.000000
En el else......

----------------------------------------
x = 96.000000, y = 309.000000
avance = -463.000000, avanceR = 2.000000, avanceI = 2.000000
inc_x_r = 0.000000, inc_y_r = 1.000000, inc_x_i = 1.000000, inc_y_i = 1.000000
En el else......

----------------------------------------
x = 96.000000, y = 310.000000
avance = -461.000000, avanceR = 2.000000, avanceI = 2.000000
inc_x_r = 0.000000, inc_y_r = 1.000000, inc_x_i = 1.000000, inc_y_i = 1.000000
En el else......

----------------------------------------
x = 96.000000, y = 311.000000
avance = -459.000000, avanceR = 2.000000, avanceI = 2.000000
inc_x_r = 0.000000, inc_y_r = 1.000000, inc_x_i = 1.000000, inc_y_i = 1.000000
En el else......

----------------------------------------
x = 96.000000, y = 312.000000
avance = -457.000000, avanceR = 2.000000, avanceI = 2.000000
inc_x_r = 0.000000, inc_y_r = 1.000000, inc_x_i = 1.000000, inc_y_i = 1.000000
En el else......

----------------------------------------
x = 96.000000, y = 313.000000
avance = -455.000000, avanceR = 2.000000, avanceI = 2.000000
inc_x_r = 0.000000, inc_y_r = 1.000000, inc_x_i = 1.000000, inc_y_i = 1.000000
En el else......

----------------------------------------
x = 96.000000, y = 314.000000
avance = -453.000000, avanceR = 2.000000, avanceI = 2.000000
inc_x_r = 0.000000, inc_y_r = 1.000000, inc_x_i = 1.000000, inc_y_i = 1.000000
En el else......

----------------------------------------
x = 96.000000, y = 315.000000
avance = -451.000000, avanceR = 2.000000, avanceI = 2.000000
inc_x_r = 0.000000, inc_y_r = 1.000000, inc_x_i = 1.000000, inc_y_i = 1.000000
En el else......

----------------------------------------
x = 96.000000, y = 316.000000
avance = -449.000000, avanceR = 2.000000, avanceI = 2.000000
inc_x_r = 0.000000, inc_y_r = 1.000000, inc_x_i = 1.000000, inc_y_i = 1.000000
En el else......

----------------------------------------
x = 96.000000, y = 317.000000
avance = -447.000000, avanceR = 2.000000, avanceI = 2.000000
inc_x_r = 0.000000, inc_y_r = 1.000000, inc_x_i = 1.000000, inc_y_i = 1.000000
En el else......

----------------------------------------
x = 96.000000, y = 318.000000
avance = -445.000000, avanceR = 2.000000, avanceI = 2.000000
inc_x_r = 0.000000, inc_y_r = 1.000000, inc_x_i = 1.000000, inc_y_i = 1.000000
En el else......

----------------------------------------
x = 96.000000, y = 319.000000
avance = -443.000000, avanceR = 2.000000, avanceI = 2.000000
inc_x_r = 0.000000, inc_y_r = 1.000000, inc_x_i = 1.000000, inc_y_i = 1.000000
En el else......

----------------------------------------
x = 96.000000, y = 320.000000
avance = -441.000000, avanceR = 2.000000, avanceI = 2.000000
inc_x_r = 0.000000, inc_y_r = 1.000000, inc_x_i = 1.000000, inc_y_i = 1.000000
En el else......

----------------------------------------
x = 96.000000, y = 321.000000
avance = -439.000000, avanceR = 2.000000, avanceI = 2.000000
inc_x_r = 0.000000, inc_y_r = 1.000000, inc_x_i = 1.000000, inc_y_i = 1.000000
En el else......

----------------------------------------
x = 96.000000, y = 322.000000
avance = -437.000000, avanceR = 2.000000, avanceI = 2.000000
inc_x_r = 0.000000, inc_y_r = 1.000000, inc_x_i = 1.000000, inc_y_i = 1.000000
En el else......

----------------------------------------
x = 96.000000, y = 323.000000
avance = -435.000000, avanceR = 2.000000, avanceI = 2.000000
inc_x_r = 0.000000, inc_y_r = 1.000000, inc_x_i = 1.000000, inc_y_i = 1.000000
En el else......

----------------------------------------
x = 96.000000, y = 324.000000
avance = -433.000000, avanceR = 2.000000, avanceI = 2.000000
inc_x_r = 0.000000, inc_y_r = 1.000000, inc_x_i = 1.000000, inc_y_i = 1.000000
En el else......

----------------------------------------
x = 96.000000, y = 325.000000
avance = -431.000000, avanceR = 2.000000, avanceI = 2.000000
inc_x_r = 0.000000, inc_y_r = 1.000000, inc_x_i = 1.000000, inc_y_i = 1.000000
En el else......

----------------------------------------
x = 96.000000, y = 326.000000
avance = -429.000000, avanceR = 2.000000, avanceI = 2.000000
inc_x_r = 0.000000, inc_y_r = 1.000000, inc_x_i = 1.000000, inc_y_i = 1.000000
En el else......

----------------------------------------
x = 96.000000, y = 327.000000
avance = -427.000000, avanceR = 2.000000, avanceI = 2.000000
inc_x_r = 0.000000, inc_y_r = 1.000000, inc_x_i = 1.000000, inc_y_i = 1.000000
En el else......

----------------------------------------
x = 96.000000, y = 328.000000
avance = -425.000000, avanceR = 2.000000, avanceI = 2.000000
inc_x_r = 0.000000, inc_y_r = 1.000000, inc_x_i = 1.000000, inc_y_i = 1.000000
En el else......

----------------------------------------
x = 96.000000, y = 329.000000
avance = -423.000000, avanceR = 2.000000, avanceI = 2.000000
inc_x_r = 0.000000, inc_y_r = 1.000000, inc_x_i = 1.000000, inc_y_i = 1.000000
En el else......

----------------------------------------
x = 96.000000, y = 330.000000
avance = -421.000000, avanceR = 2.000000, avanceI = 2.000000
inc_x_r = 0.000000, inc_y_r = 1.000000, inc_x_i = 1.000000, inc_y_i = 1.000000
En el else......

----------------------------------------
x = 96.000000, y = 331.000000
avance = -419.000000, avanceR = 2.000000, avanceI = 2.000000
inc_x_r = 0.000000, inc_y_r = 1.000000, inc_x_i = 1.000000, inc_y_i = 1.000000
En el else......

----------------------------------------
x = 96.000000, y = 332.000000
avance = -417.000000, avanceR = 2.000000, avanceI = 2.000000
inc_x_r = 0.000000, inc_y_r = 1.000000, inc_x_i = 1.000000, inc_y_i = 1.000000
En el else......

----------------------------------------
x = 96.000000, y = 333.000000
avance = -415.000000, avanceR = 2.000000, avanceI = 2.000000
inc_x_r = 0.000000, inc_y_r = 1.000000, inc_x_i = 1.000000, inc_y_i = 1.000000
En el else......

----------------------------------------
x = 96.000000, y = 334.000000
avance = -413.000000, avanceR = 2.000000, avanceI = 2.000000
inc_x_r = 0.000000, inc_y_r = 1.000000, inc_x_i = 1.000000, inc_y_i = 1.000000
En el else......

----------------------------------------
x = 96.000000, y = 335.000000
avance = -411.000000, avanceR = 2.000000, avanceI = 2.000000
inc_x_r = 0.000000, inc_y_r = 1.000000, inc_x_i = 1.000000, inc_y_i = 1.000000
En el else......

----------------------------------------
x = 96.000000, y = 336.000000
avance = -409.000000, avanceR = 2.000000, avanceI = 2.000000
inc_x_r = 0.000000, inc_y_r = 1.000000, inc_x_i = 1.000000, inc_y_i = 1.000000
En el else......

----------------------------------------
x = 96.000000, y = 337.000000
avance = -407.000000, avanceR = 2.000000, avanceI = 2.000000
inc_x_r = 0.000000, inc_y_r = 1.000000, inc_x_i = 1.000000, inc_y_i = 1.000000
En el else......

----------------------------------------
x = 96.000000, y = 338.000000
avance = -405.000000, avanceR = 2.000000, avanceI = 2.000000
inc_x_r = 0.000000, inc_y_r = 1.000000, inc_x_i = 1.000000, inc_y_i = 1.000000
En el else......

----------------------------------------
x = 96.000000, y = 339.000000
avance = -403.000000, avanceR = 2.000000, avanceI = 2.000000
inc_x_r = 0.000000, inc_y_r = 1.000000, inc_x_i = 1.000000, inc_y_i = 1.000000
En el else......

----------------------------------------
x = 96.000000, y = 340.000000
avance = -401.000000, avanceR = 2.000000, avanceI = 2.000000
inc_x_r = 0.000000, inc_y_r = 1.000000, inc_x_i = 1.000000, inc_y_i = 1.000000
En el else......

----------------------------------------
x = 96.000000, y = 341.000000
avance = -399.000000, avanceR = 2.000000, avanceI = 2.000000
inc_x_r = 0.000000, inc_y_r = 1.000000, inc_x_i = 1.000000, inc_y_i = 1.000000
En el else......

----------------------------------------
x = 96.000000, y = 342.000000
avance = -397.000000, avanceR = 2.000000, avanceI = 2.000000
inc_x_r = 0.000000, inc_y_r = 1.000000, inc_x_i = 1.000000, inc_y_i = 1.000000
En el else......

----------------------------------------
x = 96.000000, y = 343.000000
avance = -395.000000, avanceR = 2.000000, avanceI = 2.000000
inc_x_r = 0.000000, inc_y_r = 1.000000, inc_x_i = 1.000000, inc_y_i = 1.000000
En el else......

----------------------------------------
x = 96.000000, y = 344.000000
avance = -393.000000, avanceR = 2.000000, avanceI = 2.000000
inc_x_r = 0.000000, inc_y_r = 1.000000, inc_x_i = 1.000000, inc_y_i = 1.000000
En el else......

----------------------------------------
x = 96.000000, y = 345.000000
avance = -391.000000, avanceR = 2.000000, avanceI = 2.000000
inc_x_r = 0.000000, inc_y_r = 1.000000, inc_x_i = 1.000000, inc_y_i = 1.000000
En el else......

----------------------------------------
x = 96.000000, y = 346.000000
avance = -389.000000, avanceR = 2.000000, avanceI = 2.000000
inc_x_r = 0.000000, inc_y_r = 1.000000, inc_x_i = 1.000000, inc_y_i = 1.000000
En el else......

----------------------------------------
x = 96.000000, y = 347.000000
avance = -387.000000, avanceR = 2.000000, avanceI = 2.000000
inc_x_r = 0.000000, inc_y_r = 1.000000, inc_x_i = 1.000000, inc_y_i = 1.000000
En el else......

----------------------------------------
x = 96.000000, y = 348.000000
avance = -385.000000, avanceR = 2.000000, avanceI = 2.000000
inc_x_r = 0.000000, inc_y_r = 1.000000, inc_x_i = 1.000000, inc_y_i = 1.000000
En el else......

----------------------------------------
x = 96.000000, y = 349.000000
avance = -383.000000, avanceR = 2.000000, avanceI = 2.000000
inc_x_r = 0.000000, inc_y_r = 1.000000, inc_x_i = 1.000000, inc_y_i = 1.000000
En el else......

----------------------------------------
x = 96.000000, y = 350.000000
avance = -381.000000, avanceR = 2.000000, avanceI = 2.000000
inc_x_r = 0.000000, inc_y_r = 1.000000, inc_x_i = 1.000000, inc_y_i = 1.000000
En el else......

----------------------------------------
x = 96.000000, y = 351.000000
avance = -379.000000, avanceR = 2.000000, avanceI = 2.000000
inc_x_r = 0.000000, inc_y_r = 1.000000, inc_x_i = 1.000000, inc_y_i = 1.000000
En el else......

----------------------------------------
x = 96.000000, y = 352.000000
avance = -377.000000, avanceR = 2.000000, avanceI = 2.000000
inc_x_r = 0.000000, inc_y_r = 1.000000, inc_x_i = 1.000000, inc_y_i = 1.000000
En el else......

----------------------------------------
x = 96.000000, y = 353.000000
avance = -375.000000, avanceR = 2.000000, avanceI = 2.000000
inc_x_r = 0.000000, inc_y_r = 1.000000, inc_x_i = 1.000000, inc_y_i = 1.000000
En el else......

----------------------------------------
x = 96.000000, y = 354.000000
avance = -373.000000, avanceR = 2.000000, avanceI = 2.000000
inc_x_r = 0.000000, inc_y_r = 1.000000, inc_x_i = 1.000000, inc_y_i = 1.000000
En el else......

----------------------------------------
x = 96.000000, y = 355.000000
avance = -371.000000, avanceR = 2.000000, avanceI = 2.000000
inc_x_r = 0.000000, inc_y_r = 1.000000, inc_x_i = 1.000000, inc_y_i = 1.000000
En el else......

----------------------------------------
x = 96.000000, y = 356.000000
avance = -369.000000, avanceR = 2.000000, avanceI = 2.000000
inc_x_r = 0.000000, inc_y_r = 1.000000, inc_x_i = 1.000000, inc_y_i = 1.000000
En el else......

----------------------------------------
x = 96.000000, y = 357.000000
avance = -367.000000, avanceR = 2.000000, avanceI = 2.000000
inc_x_r = 0.000000, inc_y_r = 1.000000, inc_x_i = 1.000000, inc_y_i = 1.000000
En el else......

----------------------------------------
x = 96.000000, y = 358.000000
avance = -365.000000, avanceR = 2.000000, avanceI = 2.000000
inc_x_r = 0.000000, inc_y_r = 1.000000, inc_x_i = 1.000000, inc_y_i = 1.000000
En el else......

----------------------------------------
x = 96.000000, y = 359.000000
avance = -363.000000, avanceR = 2.000000, avanceI = 2.000000
inc_x_r = 0.000000, inc_y_r = 1.000000, inc_x_i = 1.000000, inc_y_i = 1.000000
En el else......

----------------------------------------
x = 96.000000, y = 360.000000
avance = -361.000000, avanceR = 2.000000, avanceI = 2.000000
inc_x_r = 0.000000, inc_y_r = 1.000000, inc_x_i = 1.000000, inc_y_i = 1.000000
En el else......

----------------------------------------
x = 96.000000, y = 361.000000
avance = -359.000000, avanceR = 2.000000, avanceI = 2.000000
inc_x_r = 0.000000, inc_y_r = 1.000000, inc_x_i = 1.000000, inc_y_i = 1.000000
En el else......

----------------------------------------
x = 96.000000, y = 362.000000
avance = -357.000000, avanceR = 2.000000, avanceI = 2.000000
inc_x_r = 0.000000, inc_y_r = 1.000000, inc_x_i = 1.000000, inc_y_i = 1.000000
En el else......

----------------------------------------
x = 96.000000, y = 363.000000
avance = -355.000000, avanceR = 2.000000, avanceI = 2.000000
inc_x_r = 0.000000, inc_y_r = 1.000000, inc_x_i = 1.000000, inc_y_i = 1.000000
En el else......

----------------------------------------
x = 96.000000, y = 364.000000
avance = -353.000000, avanceR = 2.000000, avanceI = 2.000000
inc_x_r = 0.000000, inc_y_r = 1.000000, inc_x_i = 1.000000, inc_y_i = 1.000000
En el else......

----------------------------------------
x = 96.000000, y = 365.000000
avance = -351.000000, avanceR = 2.000000, avanceI = 2.000000
inc_x_r = 0.000000, inc_y_r = 1.000000, inc_x_i = 1.000000, inc_y_i = 1.000000
En el else......

----------------------------------------
x = 96.000000, y = 366.000000
avance = -349.000000, avanceR = 2.000000, avanceI = 2.000000
inc_x_r = 0.000000, inc_y_r = 1.000000, inc_x_i = 1.000000, inc_y_i = 1.000000
En el else......

----------------------------------------
x = 96.000000, y = 367.000000
avance = -347.000000, avanceR = 2.000000, avanceI = 2.000000
inc_x_r = 0.000000, inc_y_r = 1.000000, inc_x_i = 1.000000, inc_y_i = 1.000000
En el else......

----------------------------------------
x = 96.000000, y = 368.000000
avance = -345.000000, avanceR = 2.000000, avanceI = 2.000000
inc_x_r = 0.000000, inc_y_r = 1.000000, inc_x_i = 1.000000, inc_y_i = 1.000000
En el else......

----------------------------------------
x = 96.000000, y = 369.000000
avance = -343.000000, avanceR = 2.000000, avanceI = 2.000000
inc_x_r = 0.000000, inc_y_r = 1.000000, inc_x_i = 1.000000, inc_y_i = 1.000000
En el else......

----------------------------------------
x = 96.000000, y = 370.000000
avance = -341.000000, avanceR = 2.000000, avanceI = 2.000000
inc_x_r = 0.000000, inc_y_r = 1.000000, inc_x_i = 1.000000, inc_y_i = 1.000000
En el else......

----------------------------------------
x = 96.000000, y = 371.000000
avance = -339.000000, avanceR = 2.000000, avanceI = 2.000000
inc_x_r = 0.000000, inc_y_r = 1.000000, inc_x_i = 1.000000, inc_y_i = 1.000000
En el else......

----------------------------------------
x = 96.000000, y = 372.000000
avance = -337.000000, avanceR = 2.000000, avanceI = 2.000000
inc_x_r = 0.000000, inc_y_r = 1.000000, inc_x_i = 1.000000, inc_y_i = 1.000000
En el else......

----------------------------------------
x = 96.000000, y = 373.000000
avance = -335.000000, avanceR = 2.000000, avanceI = 2.000000
inc_x_r = 0.000000, inc_y_r = 1.000000, inc_x_i = 1.000000, inc_y_i = 1.000000
En el else......

----------------------------------------
x = 96.000000, y = 374.000000
avance = -333.000000, avanceR = 2.000000, avanceI = 2.000000
inc_x_r = 0.000000, inc_y_r = 1.000000, inc_x_i = 1.000000, inc_y_i = 1.000000
En el else......

----------------------------------------
x = 96.000000, y = 375.000000
avance = -331.000000, avanceR = 2.000000, avanceI = 2.000000
inc_x_r = 0.000000, inc_y_r = 1.000000, inc_x_i = 1.000000, inc_y_i = 1.000000
En el else......

----------------------------------------
x = 96.000000, y = 376.000000
avance = -329.000000, avanceR = 2.000000, avanceI = 2.000000
inc_x_r = 0.000000, inc_y_r = 1.000000, inc_x_i = 1.000000, inc_y_i = 1.000000
En el else......

----------------------------------------
x = 96.000000, y = 377.000000
avance = -327.000000, avanceR = 2.000000, avanceI = 2.000000
inc_x_r = 0.000000, inc_y_r = 1.000000, inc_x_i = 1.000000, inc_y_i = 1.000000
En el else......

----------------------------------------
x = 96.000000, y = 378.000000
avance = -325.000000, avanceR = 2.000000, avanceI = 2.000000
inc_x_r = 0.000000, inc_y_r = 1.000000, inc_x_i = 1.000000, inc_y_i = 1.000000
En el else......

----------------------------------------
x = 96.000000, y = 379.000000
avance = -323.000000, avanceR = 2.000000, avanceI = 2.000000
inc_x_r = 0.000000, inc_y_r = 1.000000, inc_x_i = 1.000000, inc_y_i = 1.000000
En el else......

----------------------------------------
x = 96.000000, y = 380.000000
avance = -321.000000, avanceR = 2.000000, avanceI = 2.000000
inc_x_r = 0.000000, inc_y_r = 1.000000, inc_x_i = 1.000000, inc_y_i = 1.000000
En el else......

----------------------------------------
x = 96.000000, y = 381.000000
avance = -319.000000, avanceR = 2.000000, avanceI = 2.000000
inc_x_r = 0.000000, inc_y_r = 1.000000, inc_x_i = 1.000000, inc_y_i = 1.000000
En el else......

----------------------------------------
x = 96.000000, y = 382.000000
avance = -317.000000, avanceR = 2.000000, avanceI = 2.000000
inc_x_r = 0.000000, inc_y_r = 1.000000, inc_x_i = 1.000000, inc_y_i = 1.000000
En el else......

----------------------------------------
x = 96.000000, y = 383.000000
avance = -315.000000, avanceR = 2.000000, avanceI = 2.000000
inc_x_r = 0.000000, inc_y_r = 1.000000, inc_x_i = 1.000000, inc_y_i = 1.000000
En el else......

----------------------------------------
x = 96.000000, y = 384.000000
avance = -313.000000, avanceR = 2.000000, avanceI = 2.000000
inc_x_r = 0.000000, inc_y_r = 1.000000, inc_x_i = 1.000000, inc_y_i = 1.000000
En el else......

----------------------------------------
x = 96.000000, y = 385.000000
avance = -311.000000, avanceR = 2.000000, avanceI = 2.000000
inc_x_r = 0.000000, inc_y_r = 1.000000, inc_x_i = 1.000000, inc_y_i = 1.000000
En el else......

----------------------------------------
x = 96.000000, y = 386.000000
avance = -309.000000, avanceR = 2.000000, avanceI = 2.000000
inc_x_r = 0.000000, inc_y_r = 1.000000, inc_x_i = 1.000000, inc_y_i = 1.000000
En el else......

----------------------------------------
x = 96.000000, y = 387.000000
avance = -307.000000, avanceR = 2.000000, avanceI = 2.000000
inc_x_r = 0.000000, inc_y_r = 1.000000, inc_x_i = 1.000000, inc_y_i = 1.000000
En el else......

----------------------------------------
x = 96.000000, y = 388.000000
avance = -305.000000, avanceR = 2.000000, avanceI = 2.000000
inc_x_r = 0.000000, inc_y_r = 1.000000, inc_x_i = 1.000000, inc_y_i = 1.000000
En el else......

----------------------------------------
x = 96.000000, y = 389.000000
avance = -303.000000, avanceR = 2.000000, avanceI = 2.000000
inc_x_r = 0.000000, inc_y_r = 1.000000, inc_x_i = 1.000000, inc_y_i = 1.000000
En el else......

----------------------------------------
x = 96.000000, y = 390.000000
avance = -301.000000, avanceR = 2.000000, avanceI = 2.000000
inc_x_r = 0.000000, inc_y_r = 1.000000, inc_x_i = 1.000000, inc_y_i = 1.000000
En el else......

----------------------------------------
x = 96.000000, y = 391.000000
avance = -299.000000, avanceR = 2.000000, avanceI = 2.000000
inc_x_r = 0.000000, inc_y_r = 1.000000, inc_x_i = 1.000000, inc_y_i = 1.000000
En el else......

----------------------------------------
x = 96.000000, y = 392.000000
avance = -297.000000, avanceR = 2.000000, avanceI = 2.000000
inc_x_r = 0.000000, inc_y_r = 1.000000, inc_x_i = 1.000000, inc_y_i = 1.000000
En el else......

----------------------------------------
x = 96.000000, y = 393.000000
avance = -295.000000, avanceR = 2.000000, avanceI = 2.000000
inc_x_r = 0.000000, inc_y_r = 1.000000, inc_x_i = 1.000000, inc_y_i = 1.000000
En el else......

----------------------------------------
x = 96.000000, y = 394.000000
avance = -293.000000, avanceR = 2.000000, avanceI = 2.000000
inc_x_r = 0.000000, inc_y_r = 1.000000, inc_x_i = 1.000000, inc_y_i = 1.000000
En el else......

----------------------------------------
x = 96.000000, y = 395.000000
avance = -291.000000, avanceR = 2.000000, avanceI = 2.000000
inc_x_r = 0.000000, inc_y_r = 1.000000, inc_x_i = 1.000000, inc_y_i = 1.000000
En el else......

----------------------------------------
x = 96.000000, y = 396.000000
avance = -289.000000, avanceR = 2.000000, avanceI = 2.000000
inc_x_r = 0.000000, inc_y_r = 1.000000, inc_x_i = 1.000000, inc_y_i = 1.000000
En el else......

----------------------------------------
x = 96.000000, y = 397.000000
avance = -287.000000, avanceR = 2.000000, avanceI = 2.000000
inc_x_r = 0.000000, inc_y_r = 1.000000, inc_x_i = 1.000000, inc_y_i = 1.000000
En el else......

----------------------------------------
x = 96.000000, y = 398.000000
avance = -285.000000, avanceR = 2.000000, avanceI = 2.000000
inc_x_r = 0.000000, inc_y_r = 1.000000, inc_x_i = 1.000000, inc_y_i = 1.000000
En el else......

----------------------------------------
x = 96.000000, y = 399.000000
avance = -283.000000, avanceR = 2.000000, avanceI = 2.000000
inc_x_r = 0.000000, inc_y_r = 1.000000, inc_x_i = 1.000000, inc_y_i = 1.000000
En el else......

----------------------------------------
hora de salir del bucle mi pana


ENTRAMOS A BRESENHAMªªªª
x1 = 85.000000 - y1 = 155.000000 || x2 = 86.000000 - y2 = 406.000000
dy = 251.000000, dx = 1.000000
avances inclinados: inc_x_i = 1.000000, inc_y_i = 1.000000
updated: dy = 251.000000, dx = 1.000000
avances rectos: inc_x_r = 0.000000, inc_y_r 1.000000
reupdated: dy = 1.000000, dx = 251.000000
avanceR = 2.000000, avance -249.000000, avanceI 2.000000
----------------------------------------
x = 85.000000, y = 155.000000
avance = -249.000000, avanceR = 2.000000, avanceI = 2.000000
inc_x_r = 0.000000, inc_y_r = 1.000000, inc_x_i = 1.000000, inc_y_i = 1.000000
En el else......

----------------------------------------
x = 85.000000, y = 156.000000
avance = -247.000000, avanceR = 2.000000, avanceI = 2.000000
inc_x_r = 0.000000, inc_y_r = 1.000000, inc_x_i = 1.000000, inc_y_i = 1.000000
En el else......

----------------------------------------
x = 85.000000, y = 157.000000
avance = -245.000000, avanceR = 2.000000, avanceI = 2.000000
inc_x_r = 0.000000, inc_y_r = 1.000000, inc_x_i = 1.000000, inc_y_i = 1.000000
En el else......

----------------------------------------
x = 85.000000, y = 158.000000
avance = -243.000000, avanceR = 2.000000, avanceI = 2.000000
inc_x_r = 0.000000, inc_y_r = 1.000000, inc_x_i = 1.000000, inc_y_i = 1.000000
En el else......

----------------------------------------
x = 85.000000, y = 159.000000
avance = -241.000000, avanceR = 2.000000, avanceI = 2.000000
inc_x_r = 0.000000, inc_y_r = 1.000000, inc_x_i = 1.000000, inc_y_i = 1.000000
En el else......

----------------------------------------
x = 85.000000, y = 160.000000
avance = -239.000000, avanceR = 2.000000, avanceI = 2.000000
inc_x_r = 0.000000, inc_y_r = 1.000000, inc_x_i = 1.000000, inc_y_i = 1.000000
En el else......

----------------------------------------
x = 85.000000, y = 161.000000
avance = -237.000000, avanceR = 2.000000, avanceI = 2.000000
inc_x_r = 0.000000, inc_y_r = 1.000000, inc_x_i = 1.000000, inc_y_i = 1.000000
En el else......

----------------------------------------
x = 85.000000, y = 162.000000
avance = -235.000000, avanceR = 2.000000, avanceI = 2.000000
inc_x_r = 0.000000, inc_y_r = 1.000000, inc_x_i = 1.000000, inc_y_i = 1.000000
En el else......

----------------------------------------
x = 85.000000, y = 163.000000
avance = -233.000000, avanceR = 2.000000, avanceI = 2.000000
inc_x_r = 0.000000, inc_y_r = 1.000000, inc_x_i = 1.000000, inc_y_i = 1.000000
En el else......

----------------------------------------
x = 85.000000, y = 164.000000
avance = -231.000000, avanceR = 2.000000, avanceI = 2.000000
inc_x_r = 0.000000, inc_y_r = 1.000000, inc_x_i = 1.000000, inc_y_i = 1.000000
En el else......

----------------------------------------
x = 85.000000, y = 165.000000
avance = -229.000000, avanceR = 2.000000, avanceI = 2.000000
inc_x_r = 0.000000, inc_y_r = 1.000000, inc_x_i = 1.000000, inc_y_i = 1.000000
En el else......

----------------------------------------
x = 85.000000, y = 166.000000
avance = -227.000000, avanceR = 2.000000, avanceI = 2.000000
inc_x_r = 0.000000, inc_y_r = 1.000000, inc_x_i = 1.000000, inc_y_i = 1.000000
En el else......

----------------------------------------
x = 85.000000, y = 167.000000
avance = -225.000000, avanceR = 2.000000, avanceI = 2.000000
inc_x_r = 0.000000, inc_y_r = 1.000000, inc_x_i = 1.000000, inc_y_i = 1.000000
En el else......

----------------------------------------
x = 85.000000, y = 168.000000
avance = -223.000000, avanceR = 2.000000, avanceI = 2.000000
inc_x_r = 0.000000, inc_y_r = 1.000000, inc_x_i = 1.000000, inc_y_i = 1.000000
En el else......

----------------------------------------
x = 85.000000, y = 169.000000
avance = -221.000000, avanceR = 2.000000, avanceI = 2.000000
inc_x_r = 0.000000, inc_y_r = 1.000000, inc_x_i = 1.000000, inc_y_i = 1.000000
En el else......

----------------------------------------
x = 85.000000, y = 170.000000
avance = -219.000000, avanceR = 2.000000, avanceI = 2.000000
inc_x_r = 0.000000, inc_y_r = 1.000000, inc_x_i = 1.000000, inc_y_i = 1.000000
En el else......

----------------------------------------
x = 85.000000, y = 171.000000
avance = -217.000000, avanceR = 2.000000, avanceI = 2.000000
inc_x_r = 0.000000, inc_y_r = 1.000000, inc_x_i = 1.000000, inc_y_i = 1.000000
En el else......

----------------------------------------
x = 85.000000, y = 172.000000
avance = -215.000000, avanceR = 2.000000, avanceI = 2.000000
inc_x_r = 0.000000, inc_y_r = 1.000000, inc_x_i = 1.000000, inc_y_i = 1.000000
En el else......

----------------------------------------
x = 85.000000, y = 173.000000
avance = -213.000000, avanceR = 2.000000, avanceI = 2.000000
inc_x_r = 0.000000, inc_y_r = 1.000000, inc_x_i = 1.000000, inc_y_i = 1.000000
En el else......

----------------------------------------
x = 85.000000, y = 174.000000
avance = -211.000000, avanceR = 2.000000, avanceI = 2.000000
inc_x_r = 0.000000, inc_y_r = 1.000000, inc_x_i = 1.000000, inc_y_i = 1.000000
En el else......

----------------------------------------
x = 85.000000, y = 175.000000
avance = -209.000000, avanceR = 2.000000, avanceI = 2.000000
inc_x_r = 0.000000, inc_y_r = 1.000000, inc_x_i = 1.000000, inc_y_i = 1.000000
En el else......

----------------------------------------
x = 85.000000, y = 176.000000
avance = -207.000000, avanceR = 2.000000, avanceI = 2.000000
inc_x_r = 0.000000, inc_y_r = 1.000000, inc_x_i = 1.000000, inc_y_i = 1.000000
En el else......

----------------------------------------
x = 85.000000, y = 177.000000
avance = -205.000000, avanceR = 2.000000, avanceI = 2.000000
inc_x_r = 0.000000, inc_y_r = 1.000000, inc_x_i = 1.000000, inc_y_i = 1.000000
En el else......

----------------------------------------
x = 85.000000, y = 178.000000
avance = -203.000000, avanceR = 2.000000, avanceI = 2.000000
inc_x_r = 0.000000, inc_y_r = 1.000000, inc_x_i = 1.000000, inc_y_i = 1.000000
En el else......

----------------------------------------
x = 85.000000, y = 179.000000
avance = -201.000000, avanceR = 2.000000, avanceI = 2.000000
inc_x_r = 0.000000, inc_y_r = 1.000000, inc_x_i = 1.000000, inc_y_i = 1.000000
En el else......

----------------------------------------
x = 85.000000, y = 180.000000
avance = -199.000000, avanceR = 2.000000, avanceI = 2.000000
inc_x_r = 0.000000, inc_y_r = 1.000000, inc_x_i = 1.000000, inc_y_i = 1.000000
En el else......

----------------------------------------
x = 85.000000, y = 181.000000
avance = -197.000000, avanceR = 2.000000, avanceI = 2.000000
inc_x_r = 0.000000, inc_y_r = 1.000000, inc_x_i = 1.000000, inc_y_i = 1.000000
En el else......

----------------------------------------
x = 85.000000, y = 182.000000
avance = -195.000000, avanceR = 2.000000, avanceI = 2.000000
inc_x_r = 0.000000, inc_y_r = 1.000000, inc_x_i = 1.000000, inc_y_i = 1.000000
En el else......

----------------------------------------
x = 85.000000, y = 183.000000
avance = -193.000000, avanceR = 2.000000, avanceI = 2.000000
inc_x_r = 0.000000, inc_y_r = 1.000000, inc_x_i = 1.000000, inc_y_i = 1.000000
En el else......

----------------------------------------
x = 85.000000, y = 184.000000
avance = -191.000000, avanceR = 2.000000, avanceI = 2.000000
inc_x_r = 0.000000, inc_y_r = 1.000000, inc_x_i = 1.000000, inc_y_i = 1.000000
En el else......

----------------------------------------
x = 85.000000, y = 185.000000
avance = -189.000000, avanceR = 2.000000, avanceI = 2.000000
inc_x_r = 0.000000, inc_y_r = 1.000000, inc_x_i = 1.000000, inc_y_i = 1.000000
En el else......

----------------------------------------
x = 85.000000, y = 186.000000
avance = -187.000000, avanceR = 2.000000, avanceI = 2.000000
inc_x_r = 0.000000, inc_y_r = 1.000000, inc_x_i = 1.000000, inc_y_i = 1.000000
En el else......

----------------------------------------
x = 85.000000, y = 187.000000
avance = -185.000000, avanceR = 2.000000, avanceI = 2.000000
inc_x_r = 0.000000, inc_y_r = 1.000000, inc_x_i = 1.000000, inc_y_i = 1.000000
En el else......

----------------------------------------
x = 85.000000, y = 188.000000
avance = -183.000000, avanceR = 2.000000, avanceI = 2.000000
inc_x_r = 0.000000, inc_y_r = 1.000000, inc_x_i = 1.000000, inc_y_i = 1.000000
En el else......

----------------------------------------
x = 85.000000, y = 189.000000
avance = -181.000000, avanceR = 2.000000, avanceI = 2.000000
inc_x_r = 0.000000, inc_y_r = 1.000000, inc_x_i = 1.000000, inc_y_i = 1.000000
En el else......

----------------------------------------
x = 85.000000, y = 190.000000
avance = -179.000000, avanceR = 2.000000, avanceI = 2.000000
inc_x_r = 0.000000, inc_y_r = 1.000000, inc_x_i = 1.000000, inc_y_i = 1.000000
En el else......

----------------------------------------
x = 85.000000, y = 191.000000
avance = -177.000000, avanceR = 2.000000, avanceI = 2.000000
inc_x_r = 0.000000, inc_y_r = 1.000000, inc_x_i = 1.000000, inc_y_i = 1.000000
En el else......

----------------------------------------
x = 85.000000, y = 192.000000
avance = -175.000000, avanceR = 2.000000, avanceI = 2.000000
inc_x_r = 0.000000, inc_y_r = 1.000000, inc_x_i = 1.000000, inc_y_i = 1.000000
En el else......

----------------------------------------
x = 85.000000, y = 193.000000
avance = -173.000000, avanceR = 2.000000, avanceI = 2.000000
inc_x_r = 0.000000, inc_y_r = 1.000000, inc_x_i = 1.000000, inc_y_i = 1.000000
En el else......

----------------------------------------
x = 85.000000, y = 194.000000
avance = -171.000000, avanceR = 2.000000, avanceI = 2.000000
inc_x_r = 0.000000, inc_y_r = 1.000000, inc_x_i = 1.000000, inc_y_i = 1.000000
En el else......

----------------------------------------
x = 85.000000, y = 195.000000
avance = -169.000000, avanceR = 2.000000, avanceI = 2.000000
inc_x_r = 0.000000, inc_y_r = 1.000000, inc_x_i = 1.000000, inc_y_i = 1.000000
En el else......

----------------------------------------
x = 85.000000, y = 196.000000
avance = -167.000000, avanceR = 2.000000, avanceI = 2.000000
inc_x_r = 0.000000, inc_y_r = 1.000000, inc_x_i = 1.000000, inc_y_i = 1.000000
En el else......

----------------------------------------
x = 85.000000, y = 197.000000
avance = -165.000000, avanceR = 2.000000, avanceI = 2.000000
inc_x_r = 0.000000, inc_y_r = 1.000000, inc_x_i = 1.000000, inc_y_i = 1.000000
En el else......

----------------------------------------
x = 85.000000, y = 198.000000
avance = -163.000000, avanceR = 2.000000, avanceI = 2.000000
inc_x_r = 0.000000, inc_y_r = 1.000000, inc_x_i = 1.000000, inc_y_i = 1.000000
En el else......

----------------------------------------
x = 85.000000, y = 199.000000
avance = -161.000000, avanceR = 2.000000, avanceI = 2.000000
inc_x_r = 0.000000, inc_y_r = 1.000000, inc_x_i = 1.000000, inc_y_i = 1.000000
En el else......

----------------------------------------
x = 85.000000, y = 200.000000
avance = -159.000000, avanceR = 2.000000, avanceI = 2.000000
inc_x_r = 0.000000, inc_y_r = 1.000000, inc_x_i = 1.000000, inc_y_i = 1.000000
En el else......

----------------------------------------
x = 85.000000, y = 201.000000
avance = -157.000000, avanceR = 2.000000, avanceI = 2.000000
inc_x_r = 0.000000, inc_y_r = 1.000000, inc_x_i = 1.000000, inc_y_i = 1.000000
En el else......

----------------------------------------
x = 85.000000, y = 202.000000
avance = -155.000000, avanceR = 2.000000, avanceI = 2.000000
inc_x_r = 0.000000, inc_y_r = 1.000000, inc_x_i = 1.000000, inc_y_i = 1.000000
En el else......

----------------------------------------
x = 85.000000, y = 203.000000
avance = -153.000000, avanceR = 2.000000, avanceI = 2.000000
inc_x_r = 0.000000, inc_y_r = 1.000000, inc_x_i = 1.000000, inc_y_i = 1.000000
En el else......

----------------------------------------
x = 85.000000, y = 204.000000
avance = -151.000000, avanceR = 2.000000, avanceI = 2.000000
inc_x_r = 0.000000, inc_y_r = 1.000000, inc_x_i = 1.000000, inc_y_i = 1.000000
En el else......

----------------------------------------
x = 85.000000, y = 205.000000
avance = -149.000000, avanceR = 2.000000, avanceI = 2.000000
inc_x_r = 0.000000, inc_y_r = 1.000000, inc_x_i = 1.000000, inc_y_i = 1.000000
En el else......

----------------------------------------
x = 85.000000, y = 206.000000
avance = -147.000000, avanceR = 2.000000, avanceI = 2.000000
inc_x_r = 0.000000, inc_y_r = 1.000000, inc_x_i = 1.000000, inc_y_i = 1.000000
En el else......

----------------------------------------
x = 85.000000, y = 207.000000
avance = -145.000000, avanceR = 2.000000, avanceI = 2.000000
inc_x_r = 0.000000, inc_y_r = 1.000000, inc_x_i = 1.000000, inc_y_i = 1.000000
En el else......

----------------------------------------
x = 85.000000, y = 208.000000
avance = -143.000000, avanceR = 2.000000, avanceI = 2.000000
inc_x_r = 0.000000, inc_y_r = 1.000000, inc_x_i = 1.000000, inc_y_i = 1.000000
En el else......

----------------------------------------
x = 85.000000, y = 209.000000
avance = -141.000000, avanceR = 2.000000, avanceI = 2.000000
inc_x_r = 0.000000, inc_y_r = 1.000000, inc_x_i = 1.000000, inc_y_i = 1.000000
En el else......

----------------------------------------
x = 85.000000, y = 210.000000
avance = -139.000000, avanceR = 2.000000, avanceI = 2.000000
inc_x_r = 0.000000, inc_y_r = 1.000000, inc_x_i = 1.000000, inc_y_i = 1.000000
En el else......

----------------------------------------
x = 85.000000, y = 211.000000
avance = -137.000000, avanceR = 2.000000, avanceI = 2.000000
inc_x_r = 0.000000, inc_y_r = 1.000000, inc_x_i = 1.000000, inc_y_i = 1.000000
En el else......

----------------------------------------
x = 85.000000, y = 212.000000
avance = -135.000000, avanceR = 2.000000, avanceI = 2.000000
inc_x_r = 0.000000, inc_y_r = 1.000000, inc_x_i = 1.000000, inc_y_i = 1.000000
En el else......

----------------------------------------
x = 85.000000, y = 213.000000
avance = -133.000000, avanceR = 2.000000, avanceI = 2.000000
inc_x_r = 0.000000, inc_y_r = 1.000000, inc_x_i = 1.000000, inc_y_i = 1.000000
En el else......

----------------------------------------
x = 85.000000, y = 214.000000
avance = -131.000000, avanceR = 2.000000, avanceI = 2.000000
inc_x_r = 0.000000, inc_y_r = 1.000000, inc_x_i = 1.000000, inc_y_i = 1.000000
En el else......

----------------------------------------
x = 85.000000, y = 215.000000
avance = -129.000000, avanceR = 2.000000, avanceI = 2.000000
inc_x_r = 0.000000, inc_y_r = 1.000000, inc_x_i = 1.000000, inc_y_i = 1.000000
En el else......

----------------------------------------
x = 85.000000, y = 216.000000
avance = -127.000000, avanceR = 2.000000, avanceI = 2.000000
inc_x_r = 0.000000, inc_y_r = 1.000000, inc_x_i = 1.000000, inc_y_i = 1.000000
En el else......

----------------------------------------
x = 85.000000, y = 217.000000
avance = -125.000000, avanceR = 2.000000, avanceI = 2.000000
inc_x_r = 0.000000, inc_y_r = 1.000000, inc_x_i = 1.000000, inc_y_i = 1.000000
En el else......

----------------------------------------
x = 85.000000, y = 218.000000
avance = -123.000000, avanceR = 2.000000, avanceI = 2.000000
inc_x_r = 0.000000, inc_y_r = 1.000000, inc_x_i = 1.000000, inc_y_i = 1.000000
En el else......

----------------------------------------
x = 85.000000, y = 219.000000
avance = -121.000000, avanceR = 2.000000, avanceI = 2.000000
inc_x_r = 0.000000, inc_y_r = 1.000000, inc_x_i = 1.000000, inc_y_i = 1.000000
En el else......

----------------------------------------
x = 85.000000, y = 220.000000
avance = -119.000000, avanceR = 2.000000, avanceI = 2.000000
inc_x_r = 0.000000, inc_y_r = 1.000000, inc_x_i = 1.000000, inc_y_i = 1.000000
En el else......

----------------------------------------
x = 85.000000, y = 221.000000
avance = -117.000000, avanceR = 2.000000, avanceI = 2.000000
inc_x_r = 0.000000, inc_y_r = 1.000000, inc_x_i = 1.000000, inc_y_i = 1.000000
En el else......

----------------------------------------
x = 85.000000, y = 222.000000
avance = -115.000000, avanceR = 2.000000, avanceI = 2.000000
inc_x_r = 0.000000, inc_y_r = 1.000000, inc_x_i = 1.000000, inc_y_i = 1.000000
En el else......

----------------------------------------
x = 85.000000, y = 223.000000
avance = -113.000000, avanceR = 2.000000, avanceI = 2.000000
inc_x_r = 0.000000, inc_y_r = 1.000000, inc_x_i = 1.000000, inc_y_i = 1.000000
En el else......

----------------------------------------
x = 85.000000, y = 224.000000
avance = -111.000000, avanceR = 2.000000, avanceI = 2.000000
inc_x_r = 0.000000, inc_y_r = 1.000000, inc_x_i = 1.000000, inc_y_i = 1.000000
En el else......

----------------------------------------
x = 85.000000, y = 225.000000
avance = -109.000000, avanceR = 2.000000, avanceI = 2.000000
inc_x_r = 0.000000, inc_y_r = 1.000000, inc_x_i = 1.000000, inc_y_i = 1.000000
En el else......

----------------------------------------
x = 85.000000, y = 226.000000
avance = -107.000000, avanceR = 2.000000, avanceI = 2.000000
inc_x_r = 0.000000, inc_y_r = 1.000000, inc_x_i = 1.000000, inc_y_i = 1.000000
En el else......

----------------------------------------
x = 85.000000, y = 227.000000
avance = -105.000000, avanceR = 2.000000, avanceI = 2.000000
inc_x_r = 0.000000, inc_y_r = 1.000000, inc_x_i = 1.000000, inc_y_i = 1.000000
En el else......

----------------------------------------
x = 85.000000, y = 228.000000
avance = -103.000000, avanceR = 2.000000, avanceI = 2.000000
inc_x_r = 0.000000, inc_y_r = 1.000000, inc_x_i = 1.000000, inc_y_i = 1.000000
En el else......

----------------------------------------
x = 85.000000, y = 229.000000
avance = -101.000000, avanceR = 2.000000, avanceI = 2.000000
inc_x_r = 0.000000, inc_y_r = 1.000000, inc_x_i = 1.000000, inc_y_i = 1.000000
En el else......

----------------------------------------
x = 85.000000, y = 230.000000
avance = -99.000000, avanceR = 2.000000, avanceI = 2.000000
inc_x_r = 0.000000, inc_y_r = 1.000000, inc_x_i = 1.000000, inc_y_i = 1.000000
En el else......

----------------------------------------
x = 85.000000, y = 231.000000
avance = -97.000000, avanceR = 2.000000, avanceI = 2.000000
inc_x_r = 0.000000, inc_y_r = 1.000000, inc_x_i = 1.000000, inc_y_i = 1.000000
En el else......

----------------------------------------
x = 85.000000, y = 232.000000
avance = -95.000000, avanceR = 2.000000, avanceI = 2.000000
inc_x_r = 0.000000, inc_y_r = 1.000000, inc_x_i = 1.000000, inc_y_i = 1.000000
En el else......

----------------------------------------
x = 85.000000, y = 233.000000
avance = -93.000000, avanceR = 2.000000, avanceI = 2.000000
inc_x_r = 0.000000, inc_y_r = 1.000000, inc_x_i = 1.000000, inc_y_i = 1.000000
En el else......

----------------------------------------
x = 85.000000, y = 234.000000
avance = -91.000000, avanceR = 2.000000, avanceI = 2.000000
inc_x_r = 0.000000, inc_y_r = 1.000000, inc_x_i = 1.000000, inc_y_i = 1.000000
En el else......

----------------------------------------
x = 85.000000, y = 235.000000
avance = -89.000000, avanceR = 2.000000, avanceI = 2.000000
inc_x_r = 0.000000, inc_y_r = 1.000000, inc_x_i = 1.000000, inc_y_i = 1.000000
En el else......

----------------------------------------
x = 85.000000, y = 236.000000
avance = -87.000000, avanceR = 2.000000, avanceI = 2.000000
inc_x_r = 0.000000, inc_y_r = 1.000000, inc_x_i = 1.000000, inc_y_i = 1.000000
En el else......

----------------------------------------
x = 85.000000, y = 237.000000
avance = -85.000000, avanceR = 2.000000, avanceI = 2.000000
inc_x_r = 0.000000, inc_y_r = 1.000000, inc_x_i = 1.000000, inc_y_i = 1.000000
En el else......

----------------------------------------
x = 85.000000, y = 238.000000
avance = -83.000000, avanceR = 2.000000, avanceI = 2.000000
inc_x_r = 0.000000, inc_y_r = 1.000000, inc_x_i = 1.000000, inc_y_i = 1.000000
En el else......

----------------------------------------
x = 85.000000, y = 239.000000
avance = -81.000000, avanceR = 2.000000, avanceI = 2.000000
inc_x_r = 0.000000, inc_y_r = 1.000000, inc_x_i = 1.000000, inc_y_i = 1.000000
En el else......

----------------------------------------
x = 85.000000, y = 240.000000
avance = -79.000000, avanceR = 2.000000, avanceI = 2.000000
inc_x_r = 0.000000, inc_y_r = 1.000000, inc_x_i = 1.000000, inc_y_i = 1.000000
En el else......

----------------------------------------
x = 85.000000, y = 241.000000
avance = -77.000000, avanceR = 2.000000, avanceI = 2.000000
inc_x_r = 0.000000, inc_y_r = 1.000000, inc_x_i = 1.000000, inc_y_i = 1.000000
En el else......

----------------------------------------
x = 85.000000, y = 242.000000
avance = -75.000000, avanceR = 2.000000, avanceI = 2.000000
inc_x_r = 0.000000, inc_y_r = 1.000000, inc_x_i = 1.000000, inc_y_i = 1.000000
En el else......

----------------------------------------
x = 85.000000, y = 243.000000
avance = -73.000000, avanceR = 2.000000, avanceI = 2.000000
inc_x_r = 0.000000, inc_y_r = 1.000000, inc_x_i = 1.000000, inc_y_i = 1.000000
En el else......

----------------------------------------
x = 85.000000, y = 244.000000
avance = -71.000000, avanceR = 2.000000, avanceI = 2.000000
inc_x_r = 0.000000, inc_y_r = 1.000000, inc_x_i = 1.000000, inc_y_i = 1.000000
En el else......

----------------------------------------
x = 85.000000, y = 245.000000
avance = -69.000000, avanceR = 2.000000, avanceI = 2.000000
inc_x_r = 0.000000, inc_y_r = 1.000000, inc_x_i = 1.000000, inc_y_i = 1.000000
En el else......

----------------------------------------
x = 85.000000, y = 246.000000
avance = -67.000000, avanceR = 2.000000, avanceI = 2.000000
inc_x_r = 0.000000, inc_y_r = 1.000000, inc_x_i = 1.000000, inc_y_i = 1.000000
En el else......

----------------------------------------
x = 85.000000, y = 247.000000
avance = -65.000000, avanceR = 2.000000, avanceI = 2.000000
inc_x_r = 0.000000, inc_y_r = 1.000000, inc_x_i = 1.000000, inc_y_i = 1.000000
En el else......

----------------------------------------
x = 85.000000, y = 248.000000
avance = -63.000000, avanceR = 2.000000, avanceI = 2.000000
inc_x_r = 0.000000, inc_y_r = 1.000000, inc_x_i = 1.000000, inc_y_i = 1.000000
En el else......

----------------------------------------
x = 85.000000, y = 249.000000
avance = -61.000000, avanceR = 2.000000, avanceI = 2.000000
inc_x_r = 0.000000, inc_y_r = 1.000000, inc_x_i = 1.000000, inc_y_i = 1.000000
En el else......

----------------------------------------
x = 85.000000, y = 250.000000
avance = -59.000000, avanceR = 2.000000, avanceI = 2.000000
inc_x_r = 0.000000, inc_y_r = 1.000000, inc_x_i = 1.000000, inc_y_i = 1.000000
En el else......

----------------------------------------
x = 85.000000, y = 251.000000
avance = -57.000000, avanceR = 2.000000, avanceI = 2.000000
inc_x_r = 0.000000, inc_y_r = 1.000000, inc_x_i = 1.000000, inc_y_i = 1.000000
En el else......

----------------------------------------
x = 85.000000, y = 252.000000
avance = -55.000000, avanceR = 2.000000, avanceI = 2.000000
inc_x_r = 0.000000, inc_y_r = 1.000000, inc_x_i = 1.000000, inc_y_i = 1.000000
En el else......

----------------------------------------
x = 85.000000, y = 253.000000
avance = -53.000000, avanceR = 2.000000, avanceI = 2.000000
inc_x_r = 0.000000, inc_y_r = 1.000000, inc_x_i = 1.000000, inc_y_i = 1.000000
En el else......

----------------------------------------
x = 85.000000, y = 254.000000
avance = -51.000000, avanceR = 2.000000, avanceI = 2.000000
inc_x_r = 0.000000, inc_y_r = 1.000000, inc_x_i = 1.000000, inc_y_i = 1.000000
En el else......

----------------------------------------
x = 85.000000, y = 255.000000
avance = -49.000000, avanceR = 2.000000, avanceI = 2.000000
inc_x_r = 0.000000, inc_y_r = 1.000000, inc_x_i = 1.000000, inc_y_i = 1.000000
En el else......

----------------------------------------
x = 85.000000, y = 256.000000
avance = -47.000000, avanceR = 2.000000, avanceI = 2.000000
inc_x_r = 0.000000, inc_y_r = 1.000000, inc_x_i = 1.000000, inc_y_i = 1.000000
En el else......

----------------------------------------
x = 85.000000, y = 257.000000
avance = -45.000000, avanceR = 2.000000, avanceI = 2.000000
inc_x_r = 0.000000, inc_y_r = 1.000000, inc_x_i = 1.000000, inc_y_i = 1.000000
En el else......

----------------------------------------
x = 85.000000, y = 258.000000
avance = -43.000000, avanceR = 2.000000, avanceI = 2.000000
inc_x_r = 0.000000, inc_y_r = 1.000000, inc_x_i = 1.000000, inc_y_i = 1.000000
En el else......

----------------------------------------
x = 85.000000, y = 259.000000
avance = -41.000000, avanceR = 2.000000, avanceI = 2.000000
inc_x_r = 0.000000, inc_y_r = 1.000000, inc_x_i = 1.000000, inc_y_i = 1.000000
En el else......

----------------------------------------
x = 85.000000, y = 260.000000
avance = -39.000000, avanceR = 2.000000, avanceI = 2.000000
inc_x_r = 0.000000, inc_y_r = 1.000000, inc_x_i = 1.000000, inc_y_i = 1.000000
En el else......

----------------------------------------
x = 85.000000, y = 261.000000
avance = -37.000000, avanceR = 2.000000, avanceI = 2.000000
inc_x_r = 0.000000, inc_y_r = 1.000000, inc_x_i = 1.000000, inc_y_i = 1.000000
En el else......

----------------------------------------
x = 85.000000, y = 262.000000
avance = -35.000000, avanceR = 2.000000, avanceI = 2.000000
inc_x_r = 0.000000, inc_y_r = 1.000000, inc_x_i = 1.000000, inc_y_i = 1.000000
En el else......

----------------------------------------
x = 85.000000, y = 263.000000
avance = -33.000000, avanceR = 2.000000, avanceI = 2.000000
inc_x_r = 0.000000, inc_y_r = 1.000000, inc_x_i = 1.000000, inc_y_i = 1.000000
En el else......

----------------------------------------
x = 85.000000, y = 264.000000
avance = -31.000000, avanceR = 2.000000, avanceI = 2.000000
inc_x_r = 0.000000, inc_y_r = 1.000000, inc_x_i = 1.000000, inc_y_i = 1.000000
En el else......

----------------------------------------
x = 85.000000, y = 265.000000
avance = -29.000000, avanceR = 2.000000, avanceI = 2.000000
inc_x_r = 0.000000, inc_y_r = 1.000000, inc_x_i = 1.000000, inc_y_i = 1.000000
En el else......

----------------------------------------
x = 85.000000, y = 266.000000
avance = -27.000000, avanceR = 2.000000, avanceI = 2.000000
inc_x_r = 0.000000, inc_y_r = 1.000000, inc_x_i = 1.000000, inc_y_i = 1.000000
En el else......

----------------------------------------
x = 85.000000, y = 267.000000
avance = -25.000000, avanceR = 2.000000, avanceI = 2.000000
inc_x_r = 0.000000, inc_y_r = 1.000000, inc_x_i = 1.000000, inc_y_i = 1.000000
En el else......

----------------------------------------
x = 85.000000, y = 268.000000
avance = -23.000000, avanceR = 2.000000, avanceI = 2.000000
inc_x_r = 0.000000, inc_y_r = 1.000000, inc_x_i = 1.000000, inc_y_i = 1.000000
En el else......

----------------------------------------
x = 85.000000, y = 269.000000
avance = -21.000000, avanceR = 2.000000, avanceI = 2.000000
inc_x_r = 0.000000, inc_y_r = 1.000000, inc_x_i = 1.000000, inc_y_i = 1.000000
En el else......

----------------------------------------
x = 85.000000, y = 270.000000
avance = -19.000000, avanceR = 2.000000, avanceI = 2.000000
inc_x_r = 0.000000, inc_y_r = 1.000000, inc_x_i = 1.000000, inc_y_i = 1.000000
En el else......

----------------------------------------
x = 85.000000, y = 271.000000
avance = -17.000000, avanceR = 2.000000, avanceI = 2.000000
inc_x_r = 0.000000, inc_y_r = 1.000000, inc_x_i = 1.000000, inc_y_i = 1.000000
En el else......

----------------------------------------
x = 85.000000, y = 272.000000
avance = -15.000000, avanceR = 2.000000, avanceI = 2.000000
inc_x_r = 0.000000, inc_y_r = 1.000000, inc_x_i = 1.000000, inc_y_i = 1.000000
En el else......

----------------------------------------
x = 85.000000, y = 273.000000
avance = -13.000000, avanceR = 2.000000, avanceI = 2.000000
inc_x_r = 0.000000, inc_y_r = 1.000000, inc_x_i = 1.000000, inc_y_i = 1.000000
En el else......

----------------------------------------
x = 85.000000, y = 274.000000
avance = -11.000000, avanceR = 2.000000, avanceI = 2.000000
inc_x_r = 0.000000, inc_y_r = 1.000000, inc_x_i = 1.000000, inc_y_i = 1.000000
En el else......

----------------------------------------
x = 85.000000, y = 275.000000
avance = -9.000000, avanceR = 2.000000, avanceI = 2.000000
inc_x_r = 0.000000, inc_y_r = 1.000000, inc_x_i = 1.000000, inc_y_i = 1.000000
En el else......

----------------------------------------
x = 85.000000, y = 276.000000
avance = -7.000000, avanceR = 2.000000, avanceI = 2.000000
inc_x_r = 0.000000, inc_y_r = 1.000000, inc_x_i = 1.000000, inc_y_i = 1.000000
En el else......

----------------------------------------
x = 85.000000, y = 277.000000
avance = -5.000000, avanceR = 2.000000, avanceI = 2.000000
inc_x_r = 0.000000, inc_y_r = 1.000000, inc_x_i = 1.000000, inc_y_i = 1.000000
En el else......

----------------------------------------
x = 85.000000, y = 278.000000
avance = -3.000000, avanceR = 2.000000, avanceI = 2.000000
inc_x_r = 0.000000, inc_y_r = 1.000000, inc_x_i = 1.000000, inc_y_i = 1.000000
En el else......

----------------------------------------
x = 85.000000, y = 279.000000
avance = -1.000000, avanceR = 2.000000, avanceI = 2.000000
inc_x_r = 0.000000, inc_y_r = 1.000000, inc_x_i = 1.000000, inc_y_i = 1.000000
En el else......

----------------------------------------
x = 85.000000, y = 280.000000
avance = 1.000000, avanceR = 2.000000, avanceI = 2.000000
inc_x_r = 0.000000, inc_y_r = 1.000000, inc_x_i = 1.000000, inc_y_i = 1.000000
avance >= 0

----------------------------------------
x = 86.000000, y = 281.000000
avance = -499.000000, avanceR = 2.000000, avanceI = 2.000000
inc_x_r = 0.000000, inc_y_r = 1.000000, inc_x_i = 1.000000, inc_y_i = 1.000000
En el else......

----------------------------------------
x = 86.000000, y = 282.000000
avance = -497.000000, avanceR = 2.000000, avanceI = 2.000000
inc_x_r = 0.000000, inc_y_r = 1.000000, inc_x_i = 1.000000, inc_y_i = 1.000000
En el else......

----------------------------------------
x = 86.000000, y = 283.000000
avance = -495.000000, avanceR = 2.000000, avanceI = 2.000000
inc_x_r = 0.000000, inc_y_r = 1.000000, inc_x_i = 1.000000, inc_y_i = 1.000000
En el else......

----------------------------------------
x = 86.000000, y = 284.000000
avance = -493.000000, avanceR = 2.000000, avanceI = 2.000000
inc_x_r = 0.000000, inc_y_r = 1.000000, inc_x_i = 1.000000, inc_y_i = 1.000000
En el else......

----------------------------------------
x = 86.000000, y = 285.000000
avance = -491.000000, avanceR = 2.000000, avanceI = 2.000000
inc_x_r = 0.000000, inc_y_r = 1.000000, inc_x_i = 1.000000, inc_y_i = 1.000000
En el else......

----------------------------------------
x = 86.000000, y = 286.000000
avance = -489.000000, avanceR = 2.000000, avanceI = 2.000000
inc_x_r = 0.000000, inc_y_r = 1.000000, inc_x_i = 1.000000, inc_y_i = 1.000000
En el else......

----------------------------------------
x = 86.000000, y = 287.000000
avance = -487.000000, avanceR = 2.000000, avanceI = 2.000000
inc_x_r = 0.000000, inc_y_r = 1.000000, inc_x_i = 1.000000, inc_y_i = 1.000000
En el else......

----------------------------------------
x = 86.000000, y = 288.000000
avance = -485.000000, avanceR = 2.000000, avanceI = 2.000000
inc_x_r = 0.000000, inc_y_r = 1.000000, inc_x_i = 1.000000, inc_y_i = 1.000000
En el else......

----------------------------------------
x = 86.000000, y = 289.000000
avance = -483.000000, avanceR = 2.000000, avanceI = 2.000000
inc_x_r = 0.000000, inc_y_r = 1.000000, inc_x_i = 1.000000, inc_y_i = 1.000000
En el else......

----------------------------------------
x = 86.000000, y = 290.000000
avance = -481.000000, avanceR = 2.000000, avanceI = 2.000000
inc_x_r = 0.000000, inc_y_r = 1.000000, inc_x_i = 1.000000, inc_y_i = 1.000000
En el else......

----------------------------------------
x = 86.000000, y = 291.000000
avance = -479.000000, avanceR = 2.000000, avanceI = 2.000000
inc_x_r = 0.000000, inc_y_r = 1.000000, inc_x_i = 1.000000, inc_y_i = 1.000000
En el else......

----------------------------------------
x = 86.000000, y = 292.000000
avance = -477.000000, avanceR = 2.000000, avanceI = 2.000000
inc_x_r = 0.000000, inc_y_r = 1.000000, inc_x_i = 1.000000, inc_y_i = 1.000000
En el else......

----------------------------------------
x = 86.000000, y = 293.000000
avance = -475.000000, avanceR = 2.000000, avanceI = 2.000000
inc_x_r = 0.000000, inc_y_r = 1.000000, inc_x_i = 1.000000, inc_y_i = 1.000000
En el else......

----------------------------------------
x = 86.000000, y = 294.000000
avance = -473.000000, avanceR = 2.000000, avanceI = 2.000000
inc_x_r = 0.000000, inc_y_r = 1.000000, inc_x_i = 1.000000, inc_y_i = 1.000000
En el else......

----------------------------------------
x = 86.000000, y = 295.000000
avance = -471.000000, avanceR = 2.000000, avanceI = 2.000000
inc_x_r = 0.000000, inc_y_r = 1.000000, inc_x_i = 1.000000, inc_y_i = 1.000000
En el else......

----------------------------------------
x = 86.000000, y = 296.000000
avance = -469.000000, avanceR = 2.000000, avanceI = 2.000000
inc_x_r = 0.000000, inc_y_r = 1.000000, inc_x_i = 1.000000, inc_y_i = 1.000000
En el else......

----------------------------------------
x = 86.000000, y = 297.000000
avance = -467.000000, avanceR = 2.000000, avanceI = 2.000000
inc_x_r = 0.000000, inc_y_r = 1.000000, inc_x_i = 1.000000, inc_y_i = 1.000000
En el else......

----------------------------------------
x = 86.000000, y = 298.000000
avance = -465.000000, avanceR = 2.000000, avanceI = 2.000000
inc_x_r = 0.000000, inc_y_r = 1.000000, inc_x_i = 1.000000, inc_y_i = 1.000000
En el else......

----------------------------------------
x = 86.000000, y = 299.000000
avance = -463.000000, avanceR = 2.000000, avanceI = 2.000000
inc_x_r = 0.000000, inc_y_r = 1.000000, inc_x_i = 1.000000, inc_y_i = 1.000000
En el else......

----------------------------------------
x = 86.000000, y = 300.000000
avance = -461.000000, avanceR = 2.000000, avanceI = 2.000000
inc_x_r = 0.000000, inc_y_r = 1.000000, inc_x_i = 1.000000, inc_y_i = 1.000000
En el else......

----------------------------------------
x = 86.000000, y = 301.000000
avance = -459.000000, avanceR = 2.000000, avanceI = 2.000000
inc_x_r = 0.000000, inc_y_r = 1.000000, inc_x_i = 1.000000, inc_y_i = 1.000000
En el else......

----------------------------------------
x = 86.000000, y = 302.000000
avance = -457.000000, avanceR = 2.000000, avanceI = 2.000000
inc_x_r = 0.000000, inc_y_r = 1.000000, inc_x_i = 1.000000, inc_y_i = 1.000000
En el else......

----------------------------------------
x = 86.000000, y = 303.000000
avance = -455.000000, avanceR = 2.000000, avanceI = 2.000000
inc_x_r = 0.000000, inc_y_r = 1.000000, inc_x_i = 1.000000, inc_y_i = 1.000000
En el else......

----------------------------------------
x = 86.000000, y = 304.000000
avance = -453.000000, avanceR = 2.000000, avanceI = 2.000000
inc_x_r = 0.000000, inc_y_r = 1.000000, inc_x_i = 1.000000, inc_y_i = 1.000000
En el else......

----------------------------------------
x = 86.000000, y = 305.000000
avance = -451.000000, avanceR = 2.000000, avanceI = 2.000000
inc_x_r = 0.000000, inc_y_r = 1.000000, inc_x_i = 1.000000, inc_y_i = 1.000000
En el else......

----------------------------------------
x = 86.000000, y = 306.000000
avance = -449.000000, avanceR = 2.000000, avanceI = 2.000000
inc_x_r = 0.000000, inc_y_r = 1.000000, inc_x_i = 1.000000, inc_y_i = 1.000000
En el else......

----------------------------------------
x = 86.000000, y = 307.000000
avance = -447.000000, avanceR = 2.000000, avanceI = 2.000000
inc_x_r = 0.000000, inc_y_r = 1.000000, inc_x_i = 1.000000, inc_y_i = 1.000000
En el else......

----------------------------------------
x = 86.000000, y = 308.000000
avance = -445.000000, avanceR = 2.000000, avanceI = 2.000000
inc_x_r = 0.000000, inc_y_r = 1.000000, inc_x_i = 1.000000, inc_y_i = 1.000000
En el else......

----------------------------------------
x = 86.000000, y = 309.000000
avance = -443.000000, avanceR = 2.000000, avanceI = 2.000000
inc_x_r = 0.000000, inc_y_r = 1.000000, inc_x_i = 1.000000, inc_y_i = 1.000000
En el else......

----------------------------------------
x = 86.000000, y = 310.000000
avance = -441.000000, avanceR = 2.000000, avanceI = 2.000000
inc_x_r = 0.000000, inc_y_r = 1.000000, inc_x_i = 1.000000, inc_y_i = 1.000000
En el else......

----------------------------------------
x = 86.000000, y = 311.000000
avance = -439.000000, avanceR = 2.000000, avanceI = 2.000000
inc_x_r = 0.000000, inc_y_r = 1.000000, inc_x_i = 1.000000, inc_y_i = 1.000000
En el else......

----------------------------------------
x = 86.000000, y = 312.000000
avance = -437.000000, avanceR = 2.000000, avanceI = 2.000000
inc_x_r = 0.000000, inc_y_r = 1.000000, inc_x_i = 1.000000, inc_y_i = 1.000000
En el else......

----------------------------------------
x = 86.000000, y = 313.000000
avance = -435.000000, avanceR = 2.000000, avanceI = 2.000000
inc_x_r = 0.000000, inc_y_r = 1.000000, inc_x_i = 1.000000, inc_y_i = 1.000000
En el else......

----------------------------------------
x = 86.000000, y = 314.000000
avance = -433.000000, avanceR = 2.000000, avanceI = 2.000000
inc_x_r = 0.000000, inc_y_r = 1.000000, inc_x_i = 1.000000, inc_y_i = 1.000000
En el else......

----------------------------------------
x = 86.000000, y = 315.000000
avance = -431.000000, avanceR = 2.000000, avanceI = 2.000000
inc_x_r = 0.000000, inc_y_r = 1.000000, inc_x_i = 1.000000, inc_y_i = 1.000000
En el else......

----------------------------------------
x = 86.000000, y = 316.000000
avance = -429.000000, avanceR = 2.000000, avanceI = 2.000000
inc_x_r = 0.000000, inc_y_r = 1.000000, inc_x_i = 1.000000, inc_y_i = 1.000000
En el else......

----------------------------------------
x = 86.000000, y = 317.000000
avance = -427.000000, avanceR = 2.000000, avanceI = 2.000000
inc_x_r = 0.000000, inc_y_r = 1.000000, inc_x_i = 1.000000, inc_y_i = 1.000000
En el else......

----------------------------------------
x = 86.000000, y = 318.000000
avance = -425.000000, avanceR = 2.000000, avanceI = 2.000000
inc_x_r = 0.000000, inc_y_r = 1.000000, inc_x_i = 1.000000, inc_y_i = 1.000000
En el else......

----------------------------------------
x = 86.000000, y = 319.000000
avance = -423.000000, avanceR = 2.000000, avanceI = 2.000000
inc_x_r = 0.000000, inc_y_r = 1.000000, inc_x_i = 1.000000, inc_y_i = 1.000000
En el else......

----------------------------------------
x = 86.000000, y = 320.000000
avance = -421.000000, avanceR = 2.000000, avanceI = 2.000000
inc_x_r = 0.000000, inc_y_r = 1.000000, inc_x_i = 1.000000, inc_y_i = 1.000000
En el else......

----------------------------------------
x = 86.000000, y = 321.000000
avance = -419.000000, avanceR = 2.000000, avanceI = 2.000000
inc_x_r = 0.000000, inc_y_r = 1.000000, inc_x_i = 1.000000, inc_y_i = 1.000000
En el else......

----------------------------------------
x = 86.000000, y = 322.000000
avance = -417.000000, avanceR = 2.000000, avanceI = 2.000000
inc_x_r = 0.000000, inc_y_r = 1.000000, inc_x_i = 1.000000, inc_y_i = 1.000000
En el else......

----------------------------------------
x = 86.000000, y = 323.000000
avance = -415.000000, avanceR = 2.000000, avanceI = 2.000000
inc_x_r = 0.000000, inc_y_r = 1.000000, inc_x_i = 1.000000, inc_y_i = 1.000000
En el else......

----------------------------------------
x = 86.000000, y = 324.000000
avance = -413.000000, avanceR = 2.000000, avanceI = 2.000000
inc_x_r = 0.000000, inc_y_r = 1.000000, inc_x_i = 1.000000, inc_y_i = 1.000000
En el else......

----------------------------------------
x = 86.000000, y = 325.000000
avance = -411.000000, avanceR = 2.000000, avanceI = 2.000000
inc_x_r = 0.000000, inc_y_r = 1.000000, inc_x_i = 1.000000, inc_y_i = 1.000000
En el else......

----------------------------------------
x = 86.000000, y = 326.000000
avance = -409.000000, avanceR = 2.000000, avanceI = 2.000000
inc_x_r = 0.000000, inc_y_r = 1.000000, inc_x_i = 1.000000, inc_y_i = 1.000000
En el else......

----------------------------------------
x = 86.000000, y = 327.000000
avance = -407.000000, avanceR = 2.000000, avanceI = 2.000000
inc_x_r = 0.000000, inc_y_r = 1.000000, inc_x_i = 1.000000, inc_y_i = 1.000000
En el else......

----------------------------------------
x = 86.000000, y = 328.000000
avance = -405.000000, avanceR = 2.000000, avanceI = 2.000000
inc_x_r = 0.000000, inc_y_r = 1.000000, inc_x_i = 1.000000, inc_y_i = 1.000000
En el else......

----------------------------------------
x = 86.000000, y = 329.000000
avance = -403.000000, avanceR = 2.000000, avanceI = 2.000000
inc_x_r = 0.000000, inc_y_r = 1.000000, inc_x_i = 1.000000, inc_y_i = 1.000000
En el else......

----------------------------------------
x = 86.000000, y = 330.000000
avance = -401.000000, avanceR = 2.000000, avanceI = 2.000000
inc_x_r = 0.000000, inc_y_r = 1.000000, inc_x_i = 1.000000, inc_y_i = 1.000000
En el else......

----------------------------------------
x = 86.000000, y = 331.000000
avance = -399.000000, avanceR = 2.000000, avanceI = 2.000000
inc_x_r = 0.000000, inc_y_r = 1.000000, inc_x_i = 1.000000, inc_y_i = 1.000000
En el else......

----------------------------------------
x = 86.000000, y = 332.000000
avance = -397.000000, avanceR = 2.000000, avanceI = 2.000000
inc_x_r = 0.000000, inc_y_r = 1.000000, inc_x_i = 1.000000, inc_y_i = 1.000000
En el else......

----------------------------------------
x = 86.000000, y = 333.000000
avance = -395.000000, avanceR = 2.000000, avanceI = 2.000000
inc_x_r = 0.000000, inc_y_r = 1.000000, inc_x_i = 1.000000, inc_y_i = 1.000000
En el else......

----------------------------------------
x = 86.000000, y = 334.000000
avance = -393.000000, avanceR = 2.000000, avanceI = 2.000000
inc_x_r = 0.000000, inc_y_r = 1.000000, inc_x_i = 1.000000, inc_y_i = 1.000000
En el else......

----------------------------------------
x = 86.000000, y = 335.000000
avance = -391.000000, avanceR = 2.000000, avanceI = 2.000000
inc_x_r = 0.000000, inc_y_r = 1.000000, inc_x_i = 1.000000, inc_y_i = 1.000000
En el else......

----------------------------------------
x = 86.000000, y = 336.000000
avance = -389.000000, avanceR = 2.000000, avanceI = 2.000000
inc_x_r = 0.000000, inc_y_r = 1.000000, inc_x_i = 1.000000, inc_y_i = 1.000000
En el else......

----------------------------------------
x = 86.000000, y = 337.000000
avance = -387.000000, avanceR = 2.000000, avanceI = 2.000000
inc_x_r = 0.000000, inc_y_r = 1.000000, inc_x_i = 1.000000, inc_y_i = 1.000000
En el else......

----------------------------------------
x = 86.000000, y = 338.000000
avance = -385.000000, avanceR = 2.000000, avanceI = 2.000000
inc_x_r = 0.000000, inc_y_r = 1.000000, inc_x_i = 1.000000, inc_y_i = 1.000000
En el else......

----------------------------------------
x = 86.000000, y = 339.000000
avance = -383.000000, avanceR = 2.000000, avanceI = 2.000000
inc_x_r = 0.000000, inc_y_r = 1.000000, inc_x_i = 1.000000, inc_y_i = 1.000000
En el else......

----------------------------------------
x = 86.000000, y = 340.000000
avance = -381.000000, avanceR = 2.000000, avanceI = 2.000000
inc_x_r = 0.000000, inc_y_r = 1.000000, inc_x_i = 1.000000, inc_y_i = 1.000000
En el else......

----------------------------------------
x = 86.000000, y = 341.000000
avance = -379.000000, avanceR = 2.000000, avanceI = 2.000000
inc_x_r = 0.000000, inc_y_r = 1.000000, inc_x_i = 1.000000, inc_y_i = 1.000000
En el else......

----------------------------------------
x = 86.000000, y = 342.000000
avance = -377.000000, avanceR = 2.000000, avanceI = 2.000000
inc_x_r = 0.000000, inc_y_r = 1.000000, inc_x_i = 1.000000, inc_y_i = 1.000000
En el else......

----------------------------------------
x = 86.000000, y = 343.000000
avance = -375.000000, avanceR = 2.000000, avanceI = 2.000000
inc_x_r = 0.000000, inc_y_r = 1.000000, inc_x_i = 1.000000, inc_y_i = 1.000000
En el else......

----------------------------------------
x = 86.000000, y = 344.000000
avance = -373.000000, avanceR = 2.000000, avanceI = 2.000000
inc_x_r = 0.000000, inc_y_r = 1.000000, inc_x_i = 1.000000, inc_y_i = 1.000000
En el else......

----------------------------------------
x = 86.000000, y = 345.000000
avance = -371.000000, avanceR = 2.000000, avanceI = 2.000000
inc_x_r = 0.000000, inc_y_r = 1.000000, inc_x_i = 1.000000, inc_y_i = 1.000000
En el else......

----------------------------------------
x = 86.000000, y = 346.000000
avance = -369.000000, avanceR = 2.000000, avanceI = 2.000000
inc_x_r = 0.000000, inc_y_r = 1.000000, inc_x_i = 1.000000, inc_y_i = 1.000000
En el else......

----------------------------------------
x = 86.000000, y = 347.000000
avance = -367.000000, avanceR = 2.000000, avanceI = 2.000000
inc_x_r = 0.000000, inc_y_r = 1.000000, inc_x_i = 1.000000, inc_y_i = 1.000000
En el else......

----------------------------------------
x = 86.000000, y = 348.000000
avance = -365.000000, avanceR = 2.000000, avanceI = 2.000000
inc_x_r = 0.000000, inc_y_r = 1.000000, inc_x_i = 1.000000, inc_y_i = 1.000000
En el else......

----------------------------------------
x = 86.000000, y = 349.000000
avance = -363.000000, avanceR = 2.000000, avanceI = 2.000000
inc_x_r = 0.000000, inc_y_r = 1.000000, inc_x_i = 1.000000, inc_y_i = 1.000000
En el else......

----------------------------------------
x = 86.000000, y = 350.000000
avance = -361.000000, avanceR = 2.000000, avanceI = 2.000000
inc_x_r = 0.000000, inc_y_r = 1.000000, inc_x_i = 1.000000, inc_y_i = 1.000000
En el else......

----------------------------------------
x = 86.000000, y = 351.000000
avance = -359.000000, avanceR = 2.000000, avanceI = 2.000000
inc_x_r = 0.000000, inc_y_r = 1.000000, inc_x_i = 1.000000, inc_y_i = 1.000000
En el else......

----------------------------------------
x = 86.000000, y = 352.000000
avance = -357.000000, avanceR = 2.000000, avanceI = 2.000000
inc_x_r = 0.000000, inc_y_r = 1.000000, inc_x_i = 1.000000, inc_y_i = 1.000000
En el else......

----------------------------------------
x = 86.000000, y = 353.000000
avance = -355.000000, avanceR = 2.000000, avanceI = 2.000000
inc_x_r = 0.000000, inc_y_r = 1.000000, inc_x_i = 1.000000, inc_y_i = 1.000000
En el else......

----------------------------------------
x = 86.000000, y = 354.000000
avance = -353.000000, avanceR = 2.000000, avanceI = 2.000000
inc_x_r = 0.000000, inc_y_r = 1.000000, inc_x_i = 1.000000, inc_y_i = 1.000000
En el else......

----------------------------------------
x = 86.000000, y = 355.000000
avance = -351.000000, avanceR = 2.000000, avanceI = 2.000000
inc_x_r = 0.000000, inc_y_r = 1.000000, inc_x_i = 1.000000, inc_y_i = 1.000000
En el else......

----------------------------------------
x = 86.000000, y = 356.000000
avance = -349.000000, avanceR = 2.000000, avanceI = 2.000000
inc_x_r = 0.000000, inc_y_r = 1.000000, inc_x_i = 1.000000, inc_y_i = 1.000000
En el else......

----------------------------------------
x = 86.000000, y = 357.000000
avance = -347.000000, avanceR = 2.000000, avanceI = 2.000000
inc_x_r = 0.000000, inc_y_r = 1.000000, inc_x_i = 1.000000, inc_y_i = 1.000000
En el else......

----------------------------------------
x = 86.000000, y = 358.000000
avance = -345.000000, avanceR = 2.000000, avanceI = 2.000000
inc_x_r = 0.000000, inc_y_r = 1.000000, inc_x_i = 1.000000, inc_y_i = 1.000000
En el else......

----------------------------------------
x = 86.000000, y = 359.000000
avance = -343.000000, avanceR = 2.000000, avanceI = 2.000000
inc_x_r = 0.000000, inc_y_r = 1.000000, inc_x_i = 1.000000, inc_y_i = 1.000000
En el else......

----------------------------------------
x = 86.000000, y = 360.000000
avance = -341.000000, avanceR = 2.000000, avanceI = 2.000000
inc_x_r = 0.000000, inc_y_r = 1.000000, inc_x_i = 1.000000, inc_y_i = 1.000000
En el else......

----------------------------------------
x = 86.000000, y = 361.000000
avance = -339.000000, avanceR = 2.000000, avanceI = 2.000000
inc_x_r = 0.000000, inc_y_r = 1.000000, inc_x_i = 1.000000, inc_y_i = 1.000000
En el else......

----------------------------------------
x = 86.000000, y = 362.000000
avance = -337.000000, avanceR = 2.000000, avanceI = 2.000000
inc_x_r = 0.000000, inc_y_r = 1.000000, inc_x_i = 1.000000, inc_y_i = 1.000000
En el else......

----------------------------------------
x = 86.000000, y = 363.000000
avance = -335.000000, avanceR = 2.000000, avanceI = 2.000000
inc_x_r = 0.000000, inc_y_r = 1.000000, inc_x_i = 1.000000, inc_y_i = 1.000000
En el else......

----------------------------------------
x = 86.000000, y = 364.000000
avance = -333.000000, avanceR = 2.000000, avanceI = 2.000000
inc_x_r = 0.000000, inc_y_r = 1.000000, inc_x_i = 1.000000, inc_y_i = 1.000000
En el else......

----------------------------------------
x = 86.000000, y = 365.000000
avance = -331.000000, avanceR = 2.000000, avanceI = 2.000000
inc_x_r = 0.000000, inc_y_r = 1.000000, inc_x_i = 1.000000, inc_y_i = 1.000000
En el else......

----------------------------------------
x = 86.000000, y = 366.000000
avance = -329.000000, avanceR = 2.000000, avanceI = 2.000000
inc_x_r = 0.000000, inc_y_r = 1.000000, inc_x_i = 1.000000, inc_y_i = 1.000000
En el else......

----------------------------------------
x = 86.000000, y = 367.000000
avance = -327.000000, avanceR = 2.000000, avanceI = 2.000000
inc_x_r = 0.000000, inc_y_r = 1.000000, inc_x_i = 1.000000, inc_y_i = 1.000000
En el else......

----------------------------------------
x = 86.000000, y = 368.000000
avance = -325.000000, avanceR = 2.000000, avanceI = 2.000000
inc_x_r = 0.000000, inc_y_r = 1.000000, inc_x_i = 1.000000, inc_y_i = 1.000000
En el else......

----------------------------------------
x = 86.000000, y = 369.000000
avance = -323.000000, avanceR = 2.000000, avanceI = 2.000000
inc_x_r = 0.000000, inc_y_r = 1.000000, inc_x_i = 1.000000, inc_y_i = 1.000000
En el else......

----------------------------------------
x = 86.000000, y = 370.000000
avance = -321.000000, avanceR = 2.000000, avanceI = 2.000000
inc_x_r = 0.000000, inc_y_r = 1.000000, inc_x_i = 1.000000, inc_y_i = 1.000000
En el else......

----------------------------------------
x = 86.000000, y = 371.000000
avance = -319.000000, avanceR = 2.000000, avanceI = 2.000000
inc_x_r = 0.000000, inc_y_r = 1.000000, inc_x_i = 1.000000, inc_y_i = 1.000000
En el else......

----------------------------------------
x = 86.000000, y = 372.000000
avance = -317.000000, avanceR = 2.000000, avanceI = 2.000000
inc_x_r = 0.000000, inc_y_r = 1.000000, inc_x_i = 1.000000, inc_y_i = 1.000000
En el else......

----------------------------------------
x = 86.000000, y = 373.000000
avance = -315.000000, avanceR = 2.000000, avanceI = 2.000000
inc_x_r = 0.000000, inc_y_r = 1.000000, inc_x_i = 1.000000, inc_y_i = 1.000000
En el else......

----------------------------------------
x = 86.000000, y = 374.000000
avance = -313.000000, avanceR = 2.000000, avanceI = 2.000000
inc_x_r = 0.000000, inc_y_r = 1.000000, inc_x_i = 1.000000, inc_y_i = 1.000000
En el else......

----------------------------------------
x = 86.000000, y = 375.000000
avance = -311.000000, avanceR = 2.000000, avanceI = 2.000000
inc_x_r = 0.000000, inc_y_r = 1.000000, inc_x_i = 1.000000, inc_y_i = 1.000000
En el else......

----------------------------------------
x = 86.000000, y = 376.000000
avance = -309.000000, avanceR = 2.000000, avanceI = 2.000000
inc_x_r = 0.000000, inc_y_r = 1.000000, inc_x_i = 1.000000, inc_y_i = 1.000000
En el else......

----------------------------------------
x = 86.000000, y = 377.000000
avance = -307.000000, avanceR = 2.000000, avanceI = 2.000000
inc_x_r = 0.000000, inc_y_r = 1.000000, inc_x_i = 1.000000, inc_y_i = 1.000000
En el else......

----------------------------------------
x = 86.000000, y = 378.000000
avance = -305.000000, avanceR = 2.000000, avanceI = 2.000000
inc_x_r = 0.000000, inc_y_r = 1.000000, inc_x_i = 1.000000, inc_y_i = 1.000000
En el else......

----------------------------------------
x = 86.000000, y = 379.000000
avance = -303.000000, avanceR = 2.000000, avanceI = 2.000000
inc_x_r = 0.000000, inc_y_r = 1.000000, inc_x_i = 1.000000, inc_y_i = 1.000000
En el else......

----------------------------------------
x = 86.000000, y = 380.000000
avance = -301.000000, avanceR = 2.000000, avanceI = 2.000000
inc_x_r = 0.000000, inc_y_r = 1.000000, inc_x_i = 1.000000, inc_y_i = 1.000000
En el else......

----------------------------------------
x = 86.000000, y = 381.000000
avance = -299.000000, avanceR = 2.000000, avanceI = 2.000000
inc_x_r = 0.000000, inc_y_r = 1.000000, inc_x_i = 1.000000, inc_y_i = 1.000000
En el else......

----------------------------------------
x = 86.000000, y = 382.000000
avance = -297.000000, avanceR = 2.000000, avanceI = 2.000000
inc_x_r = 0.000000, inc_y_r = 1.000000, inc_x_i = 1.000000, inc_y_i = 1.000000
En el else......

----------------------------------------
x = 86.000000, y = 383.000000
avance = -295.000000, avanceR = 2.000000, avanceI = 2.000000
inc_x_r = 0.000000, inc_y_r = 1.000000, inc_x_i = 1.000000, inc_y_i = 1.000000
En el else......

----------------------------------------
x = 86.000000, y = 384.000000
avance = -293.000000, avanceR = 2.000000, avanceI = 2.000000
inc_x_r = 0.000000, inc_y_r = 1.000000, inc_x_i = 1.000000, inc_y_i = 1.000000
En el else......

----------------------------------------
x = 86.000000, y = 385.000000
avance = -291.000000, avanceR = 2.000000, avanceI = 2.000000
inc_x_r = 0.000000, inc_y_r = 1.000000, inc_x_i = 1.000000, inc_y_i = 1.000000
En el else......

----------------------------------------
x = 86.000000, y = 386.000000
avance = -289.000000, avanceR = 2.000000, avanceI = 2.000000
inc_x_r = 0.000000, inc_y_r = 1.000000, inc_x_i = 1.000000, inc_y_i = 1.000000
En el else......

----------------------------------------
x = 86.000000, y = 387.000000
avance = -287.000000, avanceR = 2.000000, avanceI = 2.000000
inc_x_r = 0.000000, inc_y_r = 1.000000, inc_x_i = 1.000000, inc_y_i = 1.000000
En el else......

----------------------------------------
x = 86.000000, y = 388.000000
avance = -285.000000, avanceR = 2.000000, avanceI = 2.000000
inc_x_r = 0.000000, inc_y_r = 1.000000, inc_x_i = 1.000000, inc_y_i = 1.000000
En el else......

----------------------------------------
x = 86.000000, y = 389.000000
avance = -283.000000, avanceR = 2.000000, avanceI = 2.000000
inc_x_r = 0.000000, inc_y_r = 1.000000, inc_x_i = 1.000000, inc_y_i = 1.000000
En el else......

----------------------------------------
x = 86.000000, y = 390.000000
avance = -281.000000, avanceR = 2.000000, avanceI = 2.000000
inc_x_r = 0.000000, inc_y_r = 1.000000, inc_x_i = 1.000000, inc_y_i = 1.000000
En el else......

----------------------------------------
x = 86.000000, y = 391.000000
avance = -279.000000, avanceR = 2.000000, avanceI = 2.000000
inc_x_r = 0.000000, inc_y_r = 1.000000, inc_x_i = 1.000000, inc_y_i = 1.000000
En el else......

----------------------------------------
x = 86.000000, y = 392.000000
avance = -277.000000, avanceR = 2.000000, avanceI = 2.000000
inc_x_r = 0.000000, inc_y_r = 1.000000, inc_x_i = 1.000000, inc_y_i = 1.000000
En el else......

----------------------------------------
x = 86.000000, y = 393.000000
avance = -275.000000, avanceR = 2.000000, avanceI = 2.000000
inc_x_r = 0.000000, inc_y_r = 1.000000, inc_x_i = 1.000000, inc_y_i = 1.000000
En el else......

----------------------------------------
x = 86.000000, y = 394.000000
avance = -273.000000, avanceR = 2.000000, avanceI = 2.000000
inc_x_r = 0.000000, inc_y_r = 1.000000, inc_x_i = 1.000000, inc_y_i = 1.000000
En el else......

----------------------------------------
x = 86.000000, y = 395.000000
avance = -271.000000, avanceR = 2.000000, avanceI = 2.000000
inc_x_r = 0.000000, inc_y_r = 1.000000, inc_x_i = 1.000000, inc_y_i = 1.000000
En el else......

----------------------------------------
x = 86.000000, y = 396.000000
avance = -269.000000, avanceR = 2.000000, avanceI = 2.000000
inc_x_r = 0.000000, inc_y_r = 1.000000, inc_x_i = 1.000000, inc_y_i = 1.000000
En el else......

----------------------------------------
x = 86.000000, y = 397.000000
avance = -267.000000, avanceR = 2.000000, avanceI = 2.000000
inc_x_r = 0.000000, inc_y_r = 1.000000, inc_x_i = 1.000000, inc_y_i = 1.000000
En el else......

----------------------------------------
x = 86.000000, y = 398.000000
avance = -265.000000, avanceR = 2.000000, avanceI = 2.000000
inc_x_r = 0.000000, inc_y_r = 1.000000, inc_x_i = 1.000000, inc_y_i = 1.000000
En el else......

----------------------------------------
x = 86.000000, y = 399.000000
avance = -263.000000, avanceR = 2.000000, avanceI = 2.000000
inc_x_r = 0.000000, inc_y_r = 1.000000, inc_x_i = 1.000000, inc_y_i = 1.000000
En el else......

----------------------------------------
hora de salir del bucle mi pana


ENTRAMOS A BRESENHAMªªªª
x1 = 75.000000 - y1 = 145.000000 || x2 = 76.000000 - y2 = 396.000000
dy = 251.000000, dx = 1.000000
avances inclinados: inc_x_i = 1.000000, inc_y_i = 1.000000
updated: dy = 251.000000, dx = 1.000000
avances rectos: inc_x_r = 0.000000, inc_y_r 1.000000
reupdated: dy = 1.000000, dx = 251.000000
avanceR = 2.000000, avance -249.000000, avanceI 2.000000
----------------------------------------
x = 75.000000, y = 145.000000
avance = -249.000000, avanceR = 2.000000, avanceI = 2.000000
inc_x_r = 0.000000, inc_y_r = 1.000000, inc_x_i = 1.000000, inc_y_i = 1.000000
En el else......

----------------------------------------
x = 75.000000, y = 146.000000
avance = -247.000000, avanceR = 2.000000, avanceI = 2.000000
inc_x_r = 0.000000, inc_y_r = 1.000000, inc_x_i = 1.000000, inc_y_i = 1.000000
En el else......

----------------------------------------
x = 75.000000, y = 147.000000
avance = -245.000000, avanceR = 2.000000, avanceI = 2.000000
inc_x_r = 0.000000, inc_y_r = 1.000000, inc_x_i = 1.000000, inc_y_i = 1.000000
En el else......

----------------------------------------
x = 75.000000, y = 148.000000
avance = -243.000000, avanceR = 2.000000, avanceI = 2.000000
inc_x_r = 0.000000, inc_y_r = 1.000000, inc_x_i = 1.000000, inc_y_i = 1.000000
En el else......

----------------------------------------
x = 75.000000, y = 149.000000
avance = -241.000000, avanceR = 2.000000, avanceI = 2.000000
inc_x_r = 0.000000, inc_y_r = 1.000000, inc_x_i = 1.000000, inc_y_i = 1.000000
En el else......

----------------------------------------
x = 75.000000, y = 150.000000
avance = -239.000000, avanceR = 2.000000, avanceI = 2.000000
inc_x_r = 0.000000, inc_y_r = 1.000000, inc_x_i = 1.000000, inc_y_i = 1.000000
En el else......

----------------------------------------
x = 75.000000, y = 151.000000
avance = -237.000000, avanceR = 2.000000, avanceI = 2.000000
inc_x_r = 0.000000, inc_y_r = 1.000000, inc_x_i = 1.000000, inc_y_i = 1.000000
En el else......

----------------------------------------
x = 75.000000, y = 152.000000
avance = -235.000000, avanceR = 2.000000, avanceI = 2.000000
inc_x_r = 0.000000, inc_y_r = 1.000000, inc_x_i = 1.000000, inc_y_i = 1.000000
En el else......

----------------------------------------
x = 75.000000, y = 153.000000
avance = -233.000000, avanceR = 2.000000, avanceI = 2.000000
inc_x_r = 0.000000, inc_y_r = 1.000000, inc_x_i = 1.000000, inc_y_i = 1.000000
En el else......

----------------------------------------
x = 75.000000, y = 154.000000
avance = -231.000000, avanceR = 2.000000, avanceI = 2.000000
inc_x_r = 0.000000, inc_y_r = 1.000000, inc_x_i = 1.000000, inc_y_i = 1.000000
En el else......

----------------------------------------
x = 75.000000, y = 155.000000
avance = -229.000000, avanceR = 2.000000, avanceI = 2.000000
inc_x_r = 0.000000, inc_y_r = 1.000000, inc_x_i = 1.000000, inc_y_i = 1.000000
En el else......

----------------------------------------
x = 75.000000, y = 156.000000
avance = -227.000000, avanceR = 2.000000, avanceI = 2.000000
inc_x_r = 0.000000, inc_y_r = 1.000000, inc_x_i = 1.000000, inc_y_i = 1.000000
En el else......

----------------------------------------
x = 75.000000, y = 157.000000
avance = -225.000000, avanceR = 2.000000, avanceI = 2.000000
inc_x_r = 0.000000, inc_y_r = 1.000000, inc_x_i = 1.000000, inc_y_i = 1.000000
En el else......

----------------------------------------
x = 75.000000, y = 158.000000
avance = -223.000000, avanceR = 2.000000, avanceI = 2.000000
inc_x_r = 0.000000, inc_y_r = 1.000000, inc_x_i = 1.000000, inc_y_i = 1.000000
En el else......

----------------------------------------
x = 75.000000, y = 159.000000
avance = -221.000000, avanceR = 2.000000, avanceI = 2.000000
inc_x_r = 0.000000, inc_y_r = 1.000000, inc_x_i = 1.000000, inc_y_i = 1.000000
En el else......

----------------------------------------
x = 75.000000, y = 160.000000
avance = -219.000000, avanceR = 2.000000, avanceI = 2.000000
inc_x_r = 0.000000, inc_y_r = 1.000000, inc_x_i = 1.000000, inc_y_i = 1.000000
En el else......

----------------------------------------
x = 75.000000, y = 161.000000
avance = -217.000000, avanceR = 2.000000, avanceI = 2.000000
inc_x_r = 0.000000, inc_y_r = 1.000000, inc_x_i = 1.000000, inc_y_i = 1.000000
En el else......

----------------------------------------
x = 75.000000, y = 162.000000
avance = -215.000000, avanceR = 2.000000, avanceI = 2.000000
inc_x_r = 0.000000, inc_y_r = 1.000000, inc_x_i = 1.000000, inc_y_i = 1.000000
En el else......

----------------------------------------
x = 75.000000, y = 163.000000
avance = -213.000000, avanceR = 2.000000, avanceI = 2.000000
inc_x_r = 0.000000, inc_y_r = 1.000000, inc_x_i = 1.000000, inc_y_i = 1.000000
En el else......

----------------------------------------
x = 75.000000, y = 164.000000
avance = -211.000000, avanceR = 2.000000, avanceI = 2.000000
inc_x_r = 0.000000, inc_y_r = 1.000000, inc_x_i = 1.000000, inc_y_i = 1.000000
En el else......

----------------------------------------
x = 75.000000, y = 165.000000
avance = -209.000000, avanceR = 2.000000, avanceI = 2.000000
inc_x_r = 0.000000, inc_y_r = 1.000000, inc_x_i = 1.000000, inc_y_i = 1.000000
En el else......

----------------------------------------
x = 75.000000, y = 166.000000
avance = -207.000000, avanceR = 2.000000, avanceI = 2.000000
inc_x_r = 0.000000, inc_y_r = 1.000000, inc_x_i = 1.000000, inc_y_i = 1.000000
En el else......

----------------------------------------
x = 75.000000, y = 167.000000
avance = -205.000000, avanceR = 2.000000, avanceI = 2.000000
inc_x_r = 0.000000, inc_y_r = 1.000000, inc_x_i = 1.000000, inc_y_i = 1.000000
En el else......

----------------------------------------
x = 75.000000, y = 168.000000
avance = -203.000000, avanceR = 2.000000, avanceI = 2.000000
inc_x_r = 0.000000, inc_y_r = 1.000000, inc_x_i = 1.000000, inc_y_i = 1.000000
En el else......

----------------------------------------
x = 75.000000, y = 169.000000
avance = -201.000000, avanceR = 2.000000, avanceI = 2.000000
inc_x_r = 0.000000, inc_y_r = 1.000000, inc_x_i = 1.000000, inc_y_i = 1.000000
En el else......

----------------------------------------
x = 75.000000, y = 170.000000
avance = -199.000000, avanceR = 2.000000, avanceI = 2.000000
inc_x_r = 0.000000, inc_y_r = 1.000000, inc_x_i = 1.000000, inc_y_i = 1.000000
En el else......

----------------------------------------
x = 75.000000, y = 171.000000
avance = -197.000000, avanceR = 2.000000, avanceI = 2.000000
inc_x_r = 0.000000, inc_y_r = 1.000000, inc_x_i = 1.000000, inc_y_i = 1.000000
En el else......

----------------------------------------
x = 75.000000, y = 172.000000
avance = -195.000000, avanceR = 2.000000, avanceI = 2.000000
inc_x_r = 0.000000, inc_y_r = 1.000000, inc_x_i = 1.000000, inc_y_i = 1.000000
En el else......

----------------------------------------
x = 75.000000, y = 173.000000
avance = -193.000000, avanceR = 2.000000, avanceI = 2.000000
inc_x_r = 0.000000, inc_y_r = 1.000000, inc_x_i = 1.000000, inc_y_i = 1.000000
En el else......

----------------------------------------
x = 75.000000, y = 174.000000
avance = -191.000000, avanceR = 2.000000, avanceI = 2.000000
inc_x_r = 0.000000, inc_y_r = 1.000000, inc_x_i = 1.000000, inc_y_i = 1.000000
En el else......

----------------------------------------
x = 75.000000, y = 175.000000
avance = -189.000000, avanceR = 2.000000, avanceI = 2.000000
inc_x_r = 0.000000, inc_y_r = 1.000000, inc_x_i = 1.000000, inc_y_i = 1.000000
En el else......

----------------------------------------
x = 75.000000, y = 176.000000
avance = -187.000000, avanceR = 2.000000, avanceI = 2.000000
inc_x_r = 0.000000, inc_y_r = 1.000000, inc_x_i = 1.000000, inc_y_i = 1.000000
En el else......

----------------------------------------
x = 75.000000, y = 177.000000
avance = -185.000000, avanceR = 2.000000, avanceI = 2.000000
inc_x_r = 0.000000, inc_y_r = 1.000000, inc_x_i = 1.000000, inc_y_i = 1.000000
En el else......

----------------------------------------
x = 75.000000, y = 178.000000
avance = -183.000000, avanceR = 2.000000, avanceI = 2.000000
inc_x_r = 0.000000, inc_y_r = 1.000000, inc_x_i = 1.000000, inc_y_i = 1.000000
En el else......

----------------------------------------
x = 75.000000, y = 179.000000
avance = -181.000000, avanceR = 2.000000, avanceI = 2.000000
inc_x_r = 0.000000, inc_y_r = 1.000000, inc_x_i = 1.000000, inc_y_i = 1.000000
En el else......

----------------------------------------
x = 75.000000, y = 180.000000
avance = -179.000000, avanceR = 2.000000, avanceI = 2.000000
inc_x_r = 0.000000, inc_y_r = 1.000000, inc_x_i = 1.000000, inc_y_i = 1.000000
En el else......

----------------------------------------
x = 75.000000, y = 181.000000
avance = -177.000000, avanceR = 2.000000, avanceI = 2.000000
inc_x_r = 0.000000, inc_y_r = 1.000000, inc_x_i = 1.000000, inc_y_i = 1.000000
En el else......

----------------------------------------
x = 75.000000, y = 182.000000
avance = -175.000000, avanceR = 2.000000, avanceI = 2.000000
inc_x_r = 0.000000, inc_y_r = 1.000000, inc_x_i = 1.000000, inc_y_i = 1.000000
En el else......

----------------------------------------
x = 75.000000, y = 183.000000
avance = -173.000000, avanceR = 2.000000, avanceI = 2.000000
inc_x_r = 0.000000, inc_y_r = 1.000000, inc_x_i = 1.000000, inc_y_i = 1.000000
En el else......

----------------------------------------
x = 75.000000, y = 184.000000
avance = -171.000000, avanceR = 2.000000, avanceI = 2.000000
inc_x_r = 0.000000, inc_y_r = 1.000000, inc_x_i = 1.000000, inc_y_i = 1.000000
En el else......

----------------------------------------
x = 75.000000, y = 185.000000
avance = -169.000000, avanceR = 2.000000, avanceI = 2.000000
inc_x_r = 0.000000, inc_y_r = 1.000000, inc_x_i = 1.000000, inc_y_i = 1.000000
En el else......

----------------------------------------
x = 75.000000, y = 186.000000
avance = -167.000000, avanceR = 2.000000, avanceI = 2.000000
inc_x_r = 0.000000, inc_y_r = 1.000000, inc_x_i = 1.000000, inc_y_i = 1.000000
En el else......

----------------------------------------
x = 75.000000, y = 187.000000
avance = -165.000000, avanceR = 2.000000, avanceI = 2.000000
inc_x_r = 0.000000, inc_y_r = 1.000000, inc_x_i = 1.000000, inc_y_i = 1.000000
En el else......

----------------------------------------
x = 75.000000, y = 188.000000
avance = -163.000000, avanceR = 2.000000, avanceI = 2.000000
inc_x_r = 0.000000, inc_y_r = 1.000000, inc_x_i = 1.000000, inc_y_i = 1.000000
En el else......

----------------------------------------
x = 75.000000, y = 189.000000
avance = -161.000000, avanceR = 2.000000, avanceI = 2.000000
inc_x_r = 0.000000, inc_y_r = 1.000000, inc_x_i = 1.000000, inc_y_i = 1.000000
En el else......

----------------------------------------
x = 75.000000, y = 190.000000
avance = -159.000000, avanceR = 2.000000, avanceI = 2.000000
inc_x_r = 0.000000, inc_y_r = 1.000000, inc_x_i = 1.000000, inc_y_i = 1.000000
En el else......

----------------------------------------
x = 75.000000, y = 191.000000
avance = -157.000000, avanceR = 2.000000, avanceI = 2.000000
inc_x_r = 0.000000, inc_y_r = 1.000000, inc_x_i = 1.000000, inc_y_i = 1.000000
En el else......

----------------------------------------
x = 75.000000, y = 192.000000
avance = -155.000000, avanceR = 2.000000, avanceI = 2.000000
inc_x_r = 0.000000, inc_y_r = 1.000000, inc_x_i = 1.000000, inc_y_i = 1.000000
En el else......

----------------------------------------
x = 75.000000, y = 193.000000
avance = -153.000000, avanceR = 2.000000, avanceI = 2.000000
inc_x_r = 0.000000, inc_y_r = 1.000000, inc_x_i = 1.000000, inc_y_i = 1.000000
En el else......

----------------------------------------
x = 75.000000, y = 194.000000
avance = -151.000000, avanceR = 2.000000, avanceI = 2.000000
inc_x_r = 0.000000, inc_y_r = 1.000000, inc_x_i = 1.000000, inc_y_i = 1.000000
En el else......

----------------------------------------
x = 75.000000, y = 195.000000
avance = -149.000000, avanceR = 2.000000, avanceI = 2.000000
inc_x_r = 0.000000, inc_y_r = 1.000000, inc_x_i = 1.000000, inc_y_i = 1.000000
En el else......

----------------------------------------
x = 75.000000, y = 196.000000
avance = -147.000000, avanceR = 2.000000, avanceI = 2.000000
inc_x_r = 0.000000, inc_y_r = 1.000000, inc_x_i = 1.000000, inc_y_i = 1.000000
En el else......

----------------------------------------
x = 75.000000, y = 197.000000
avance = -145.000000, avanceR = 2.000000, avanceI = 2.000000
inc_x_r = 0.000000, inc_y_r = 1.000000, inc_x_i = 1.000000, inc_y_i = 1.000000
En el else......

----------------------------------------
x = 75.000000, y = 198.000000
avance = -143.000000, avanceR = 2.000000, avanceI = 2.000000
inc_x_r = 0.000000, inc_y_r = 1.000000, inc_x_i = 1.000000, inc_y_i = 1.000000
En el else......

----------------------------------------
x = 75.000000, y = 199.000000
avance = -141.000000, avanceR = 2.000000, avanceI = 2.000000
inc_x_r = 0.000000, inc_y_r = 1.000000, inc_x_i = 1.000000, inc_y_i = 1.000000
En el else......

----------------------------------------
x = 75.000000, y = 200.000000
avance = -139.000000, avanceR = 2.000000, avanceI = 2.000000
inc_x_r = 0.000000, inc_y_r = 1.000000, inc_x_i = 1.000000, inc_y_i = 1.000000
En el else......

----------------------------------------
x = 75.000000, y = 201.000000
avance = -137.000000, avanceR = 2.000000, avanceI = 2.000000
inc_x_r = 0.000000, inc_y_r = 1.000000, inc_x_i = 1.000000, inc_y_i = 1.000000
En el else......

----------------------------------------
x = 75.000000, y = 202.000000
avance = -135.000000, avanceR = 2.000000, avanceI = 2.000000
inc_x_r = 0.000000, inc_y_r = 1.000000, inc_x_i = 1.000000, inc_y_i = 1.000000
En el else......

----------------------------------------
x = 75.000000, y = 203.000000
avance = -133.000000, avanceR = 2.000000, avanceI = 2.000000
inc_x_r = 0.000000, inc_y_r = 1.000000, inc_x_i = 1.000000, inc_y_i = 1.000000
En el else......

----------------------------------------
x = 75.000000, y = 204.000000
avance = -131.000000, avanceR = 2.000000, avanceI = 2.000000
inc_x_r = 0.000000, inc_y_r = 1.000000, inc_x_i = 1.000000, inc_y_i = 1.000000
En el else......

----------------------------------------
x = 75.000000, y = 205.000000
avance = -129.000000, avanceR = 2.000000, avanceI = 2.000000
inc_x_r = 0.000000, inc_y_r = 1.000000, inc_x_i = 1.000000, inc_y_i = 1.000000
En el else......

----------------------------------------
x = 75.000000, y = 206.000000
avance = -127.000000, avanceR = 2.000000, avanceI = 2.000000
inc_x_r = 0.000000, inc_y_r = 1.000000, inc_x_i = 1.000000, inc_y_i = 1.000000
En el else......

----------------------------------------
x = 75.000000, y = 207.000000
avance = -125.000000, avanceR = 2.000000, avanceI = 2.000000
inc_x_r = 0.000000, inc_y_r = 1.000000, inc_x_i = 1.000000, inc_y_i = 1.000000
En el else......

----------------------------------------
x = 75.000000, y = 208.000000
avance = -123.000000, avanceR = 2.000000, avanceI = 2.000000
inc_x_r = 0.000000, inc_y_r = 1.000000, inc_x_i = 1.000000, inc_y_i = 1.000000
En el else......

----------------------------------------
x = 75.000000, y = 209.000000
avance = -121.000000, avanceR = 2.000000, avanceI = 2.000000
inc_x_r = 0.000000, inc_y_r = 1.000000, inc_x_i = 1.000000, inc_y_i = 1.000000
En el else......

----------------------------------------
x = 75.000000, y = 210.000000
avance = -119.000000, avanceR = 2.000000, avanceI = 2.000000
inc_x_r = 0.000000, inc_y_r = 1.000000, inc_x_i = 1.000000, inc_y_i = 1.000000
En el else......

----------------------------------------
x = 75.000000, y = 211.000000
avance = -117.000000, avanceR = 2.000000, avanceI = 2.000000
inc_x_r = 0.000000, inc_y_r = 1.000000, inc_x_i = 1.000000, inc_y_i = 1.000000
En el else......

----------------------------------------
x = 75.000000, y = 212.000000
avance = -115.000000, avanceR = 2.000000, avanceI = 2.000000
inc_x_r = 0.000000, inc_y_r = 1.000000, inc_x_i = 1.000000, inc_y_i = 1.000000
En el else......

----------------------------------------
x = 75.000000, y = 213.000000
avance = -113.000000, avanceR = 2.000000, avanceI = 2.000000
inc_x_r = 0.000000, inc_y_r = 1.000000, inc_x_i = 1.000000, inc_y_i = 1.000000
En el else......

----------------------------------------
x = 75.000000, y = 214.000000
avance = -111.000000, avanceR = 2.000000, avanceI = 2.000000
inc_x_r = 0.000000, inc_y_r = 1.000000, inc_x_i = 1.000000, inc_y_i = 1.000000
En el else......

----------------------------------------
x = 75.000000, y = 215.000000
avance = -109.000000, avanceR = 2.000000, avanceI = 2.000000
inc_x_r = 0.000000, inc_y_r = 1.000000, inc_x_i = 1.000000, inc_y_i = 1.000000
En el else......

----------------------------------------
x = 75.000000, y = 216.000000
avance = -107.000000, avanceR = 2.000000, avanceI = 2.000000
inc_x_r = 0.000000, inc_y_r = 1.000000, inc_x_i = 1.000000, inc_y_i = 1.000000
En el else......

----------------------------------------
x = 75.000000, y = 217.000000
avance = -105.000000, avanceR = 2.000000, avanceI = 2.000000
inc_x_r = 0.000000, inc_y_r = 1.000000, inc_x_i = 1.000000, inc_y_i = 1.000000
En el else......

----------------------------------------
x = 75.000000, y = 218.000000
avance = -103.000000, avanceR = 2.000000, avanceI = 2.000000
inc_x_r = 0.000000, inc_y_r = 1.000000, inc_x_i = 1.000000, inc_y_i = 1.000000
En el else......

----------------------------------------
x = 75.000000, y = 219.000000
avance = -101.000000, avanceR = 2.000000, avanceI = 2.000000
inc_x_r = 0.000000, inc_y_r = 1.000000, inc_x_i = 1.000000, inc_y_i = 1.000000
En el else......

----------------------------------------
x = 75.000000, y = 220.000000
avance = -99.000000, avanceR = 2.000000, avanceI = 2.000000
inc_x_r = 0.000000, inc_y_r = 1.000000, inc_x_i = 1.000000, inc_y_i = 1.000000
En el else......

----------------------------------------
x = 75.000000, y = 221.000000
avance = -97.000000, avanceR = 2.000000, avanceI = 2.000000
inc_x_r = 0.000000, inc_y_r = 1.000000, inc_x_i = 1.000000, inc_y_i = 1.000000
En el else......

----------------------------------------
x = 75.000000, y = 222.000000
avance = -95.000000, avanceR = 2.000000, avanceI = 2.000000
inc_x_r = 0.000000, inc_y_r = 1.000000, inc_x_i = 1.000000, inc_y_i = 1.000000
En el else......

----------------------------------------
x = 75.000000, y = 223.000000
avance = -93.000000, avanceR = 2.000000, avanceI = 2.000000
inc_x_r = 0.000000, inc_y_r = 1.000000, inc_x_i = 1.000000, inc_y_i = 1.000000
En el else......

----------------------------------------
x = 75.000000, y = 224.000000
avance = -91.000000, avanceR = 2.000000, avanceI = 2.000000
inc_x_r = 0.000000, inc_y_r = 1.000000, inc_x_i = 1.000000, inc_y_i = 1.000000
En el else......

----------------------------------------
x = 75.000000, y = 225.000000
avance = -89.000000, avanceR = 2.000000, avanceI = 2.000000
inc_x_r = 0.000000, inc_y_r = 1.000000, inc_x_i = 1.000000, inc_y_i = 1.000000
En el else......

----------------------------------------
x = 75.000000, y = 226.000000
avance = -87.000000, avanceR = 2.000000, avanceI = 2.000000
inc_x_r = 0.000000, inc_y_r = 1.000000, inc_x_i = 1.000000, inc_y_i = 1.000000
En el else......

----------------------------------------
x = 75.000000, y = 227.000000
avance = -85.000000, avanceR = 2.000000, avanceI = 2.000000
inc_x_r = 0.000000, inc_y_r = 1.000000, inc_x_i = 1.000000, inc_y_i = 1.000000
En el else......

----------------------------------------
x = 75.000000, y = 228.000000
avance = -83.000000, avanceR = 2.000000, avanceI = 2.000000
inc_x_r = 0.000000, inc_y_r = 1.000000, inc_x_i = 1.000000, inc_y_i = 1.000000
En el else......

----------------------------------------
x = 75.000000, y = 229.000000
avance = -81.000000, avanceR = 2.000000, avanceI = 2.000000
inc_x_r = 0.000000, inc_y_r = 1.000000, inc_x_i = 1.000000, inc_y_i = 1.000000
En el else......

----------------------------------------
x = 75.000000, y = 230.000000
avance = -79.000000, avanceR = 2.000000, avanceI = 2.000000
inc_x_r = 0.000000, inc_y_r = 1.000000, inc_x_i = 1.000000, inc_y_i = 1.000000
En el else......

----------------------------------------
x = 75.000000, y = 231.000000
avance = -77.000000, avanceR = 2.000000, avanceI = 2.000000
inc_x_r = 0.000000, inc_y_r = 1.000000, inc_x_i = 1.000000, inc_y_i = 1.000000
En el else......

----------------------------------------
x = 75.000000, y = 232.000000
avance = -75.000000, avanceR = 2.000000, avanceI = 2.000000
inc_x_r = 0.000000, inc_y_r = 1.000000, inc_x_i = 1.000000, inc_y_i = 1.000000
En el else......

----------------------------------------
x = 75.000000, y = 233.000000
avance = -73.000000, avanceR = 2.000000, avanceI = 2.000000
inc_x_r = 0.000000, inc_y_r = 1.000000, inc_x_i = 1.000000, inc_y_i = 1.000000
En el else......

----------------------------------------
x = 75.000000, y = 234.000000
avance = -71.000000, avanceR = 2.000000, avanceI = 2.000000
inc_x_r = 0.000000, inc_y_r = 1.000000, inc_x_i = 1.000000, inc_y_i = 1.000000
En el else......

----------------------------------------
x = 75.000000, y = 235.000000
avance = -69.000000, avanceR = 2.000000, avanceI = 2.000000
inc_x_r = 0.000000, inc_y_r = 1.000000, inc_x_i = 1.000000, inc_y_i = 1.000000
En el else......

----------------------------------------
x = 75.000000, y = 236.000000
avance = -67.000000, avanceR = 2.000000, avanceI = 2.000000
inc_x_r = 0.000000, inc_y_r = 1.000000, inc_x_i = 1.000000, inc_y_i = 1.000000
En el else......

----------------------------------------
x = 75.000000, y = 237.000000
avance = -65.000000, avanceR = 2.000000, avanceI = 2.000000
inc_x_r = 0.000000, inc_y_r = 1.000000, inc_x_i = 1.000000, inc_y_i = 1.000000
En el else......

----------------------------------------
x = 75.000000, y = 238.000000
avance = -63.000000, avanceR = 2.000000, avanceI = 2.000000
inc_x_r = 0.000000, inc_y_r = 1.000000, inc_x_i = 1.000000, inc_y_i = 1.000000
En el else......

----------------------------------------
x = 75.000000, y = 239.000000
avance = -61.000000, avanceR = 2.000000, avanceI = 2.000000
inc_x_r = 0.000000, inc_y_r = 1.000000, inc_x_i = 1.000000, inc_y_i = 1.000000
En el else......

----------------------------------------
x = 75.000000, y = 240.000000
avance = -59.000000, avanceR = 2.000000, avanceI = 2.000000
inc_x_r = 0.000000, inc_y_r = 1.000000, inc_x_i = 1.000000, inc_y_i = 1.000000
En el else......

----------------------------------------
x = 75.000000, y = 241.000000
avance = -57.000000, avanceR = 2.000000, avanceI = 2.000000
inc_x_r = 0.000000, inc_y_r = 1.000000, inc_x_i = 1.000000, inc_y_i = 1.000000
En el else......

----------------------------------------
x = 75.000000, y = 242.000000
avance = -55.000000, avanceR = 2.000000, avanceI = 2.000000
inc_x_r = 0.000000, inc_y_r = 1.000000, inc_x_i = 1.000000, inc_y_i = 1.000000
En el else......

----------------------------------------
x = 75.000000, y = 243.000000
avance = -53.000000, avanceR = 2.000000, avanceI = 2.000000
inc_x_r = 0.000000, inc_y_r = 1.000000, inc_x_i = 1.000000, inc_y_i = 1.000000
En el else......

----------------------------------------
x = 75.000000, y = 244.000000
avance = -51.000000, avanceR = 2.000000, avanceI = 2.000000
inc_x_r = 0.000000, inc_y_r = 1.000000, inc_x_i = 1.000000, inc_y_i = 1.000000
En el else......

----------------------------------------
x = 75.000000, y = 245.000000
avance = -49.000000, avanceR = 2.000000, avanceI = 2.000000
inc_x_r = 0.000000, inc_y_r = 1.000000, inc_x_i = 1.000000, inc_y_i = 1.000000
En el else......

----------------------------------------
x = 75.000000, y = 246.000000
avance = -47.000000, avanceR = 2.000000, avanceI = 2.000000
inc_x_r = 0.000000, inc_y_r = 1.000000, inc_x_i = 1.000000, inc_y_i = 1.000000
En el else......

----------------------------------------
x = 75.000000, y = 247.000000
avance = -45.000000, avanceR = 2.000000, avanceI = 2.000000
inc_x_r = 0.000000, inc_y_r = 1.000000, inc_x_i = 1.000000, inc_y_i = 1.000000
En el else......

----------------------------------------
x = 75.000000, y = 248.000000
avance = -43.000000, avanceR = 2.000000, avanceI = 2.000000
inc_x_r = 0.000000, inc_y_r = 1.000000, inc_x_i = 1.000000, inc_y_i = 1.000000
En el else......

----------------------------------------
x = 75.000000, y = 249.000000
avance = -41.000000, avanceR = 2.000000, avanceI = 2.000000
inc_x_r = 0.000000, inc_y_r = 1.000000, inc_x_i = 1.000000, inc_y_i = 1.000000
En el else......

----------------------------------------
x = 75.000000, y = 250.000000
avance = -39.000000, avanceR = 2.000000, avanceI = 2.000000
inc_x_r = 0.000000, inc_y_r = 1.000000, inc_x_i = 1.000000, inc_y_i = 1.000000
En el else......

----------------------------------------
x = 75.000000, y = 251.000000
avance = -37.000000, avanceR = 2.000000, avanceI = 2.000000
inc_x_r = 0.000000, inc_y_r = 1.000000, inc_x_i = 1.000000, inc_y_i = 1.000000
En el else......

----------------------------------------
x = 75.000000, y = 252.000000
avance = -35.000000, avanceR = 2.000000, avanceI = 2.000000
inc_x_r = 0.000000, inc_y_r = 1.000000, inc_x_i = 1.000000, inc_y_i = 1.000000
En el else......

----------------------------------------
x = 75.000000, y = 253.000000
avance = -33.000000, avanceR = 2.000000, avanceI = 2.000000
inc_x_r = 0.000000, inc_y_r = 1.000000, inc_x_i = 1.000000, inc_y_i = 1.000000
En el else......

----------------------------------------
x = 75.000000, y = 254.000000
avance = -31.000000, avanceR = 2.000000, avanceI = 2.000000
inc_x_r = 0.000000, inc_y_r = 1.000000, inc_x_i = 1.000000, inc_y_i = 1.000000
En el else......

----------------------------------------
x = 75.000000, y = 255.000000
avance = -29.000000, avanceR = 2.000000, avanceI = 2.000000
inc_x_r = 0.000000, inc_y_r = 1.000000, inc_x_i = 1.000000, inc_y_i = 1.000000
En el else......

----------------------------------------
x = 75.000000, y = 256.000000
avance = -27.000000, avanceR = 2.000000, avanceI = 2.000000
inc_x_r = 0.000000, inc_y_r = 1.000000, inc_x_i = 1.000000, inc_y_i = 1.000000
En el else......

----------------------------------------
x = 75.000000, y = 257.000000
avance = -25.000000, avanceR = 2.000000, avanceI = 2.000000
inc_x_r = 0.000000, inc_y_r = 1.000000, inc_x_i = 1.000000, inc_y_i = 1.000000
En el else......

----------------------------------------
x = 75.000000, y = 258.000000
avance = -23.000000, avanceR = 2.000000, avanceI = 2.000000
inc_x_r = 0.000000, inc_y_r = 1.000000, inc_x_i = 1.000000, inc_y_i = 1.000000
En el else......

----------------------------------------
x = 75.000000, y = 259.000000
avance = -21.000000, avanceR = 2.000000, avanceI = 2.000000
inc_x_r = 0.000000, inc_y_r = 1.000000, inc_x_i = 1.000000, inc_y_i = 1.000000
En el else......

----------------------------------------
x = 75.000000, y = 260.000000
avance = -19.000000, avanceR = 2.000000, avanceI = 2.000000
inc_x_r = 0.000000, inc_y_r = 1.000000, inc_x_i = 1.000000, inc_y_i = 1.000000
En el else......

----------------------------------------
x = 75.000000, y = 261.000000
avance = -17.000000, avanceR = 2.000000, avanceI = 2.000000
inc_x_r = 0.000000, inc_y_r = 1.000000, inc_x_i = 1.000000, inc_y_i = 1.000000
En el else......

----------------------------------------
x = 75.000000, y = 262.000000
avance = -15.000000, avanceR = 2.000000, avanceI = 2.000000
inc_x_r = 0.000000, inc_y_r = 1.000000, inc_x_i = 1.000000, inc_y_i = 1.000000
En el else......

----------------------------------------
x = 75.000000, y = 263.000000
avance = -13.000000, avanceR = 2.000000, avanceI = 2.000000
inc_x_r = 0.000000, inc_y_r = 1.000000, inc_x_i = 1.000000, inc_y_i = 1.000000
En el else......

----------------------------------------
x = 75.000000, y = 264.000000
avance = -11.000000, avanceR = 2.000000, avanceI = 2.000000
inc_x_r = 0.000000, inc_y_r = 1.000000, inc_x_i = 1.000000, inc_y_i = 1.000000
En el else......

----------------------------------------
x = 75.000000, y = 265.000000
avance = -9.000000, avanceR = 2.000000, avanceI = 2.000000
inc_x_r = 0.000000, inc_y_r = 1.000000, inc_x_i = 1.000000, inc_y_i = 1.000000
En el else......

----------------------------------------
x = 75.000000, y = 266.000000
avance = -7.000000, avanceR = 2.000000, avanceI = 2.000000
inc_x_r = 0.000000, inc_y_r = 1.000000, inc_x_i = 1.000000, inc_y_i = 1.000000
En el else......

----------------------------------------
x = 75.000000, y = 267.000000
avance = -5.000000, avanceR = 2.000000, avanceI = 2.000000
inc_x_r = 0.000000, inc_y_r = 1.000000, inc_x_i = 1.000000, inc_y_i = 1.000000
En el else......

----------------------------------------
x = 75.000000, y = 268.000000
avance = -3.000000, avanceR = 2.000000, avanceI = 2.000000
inc_x_r = 0.000000, inc_y_r = 1.000000, inc_x_i = 1.000000, inc_y_i = 1.000000
En el else......

----------------------------------------
x = 75.000000, y = 269.000000
avance = -1.000000, avanceR = 2.000000, avanceI = 2.000000
inc_x_r = 0.000000, inc_y_r = 1.000000, inc_x_i = 1.000000, inc_y_i = 1.000000
En el else......

----------------------------------------
x = 75.000000, y = 270.000000
avance = 1.000000, avanceR = 2.000000, avanceI = 2.000000
inc_x_r = 0.000000, inc_y_r = 1.000000, inc_x_i = 1.000000, inc_y_i = 1.000000
avance >= 0

----------------------------------------
x = 76.000000, y = 271.000000
avance = -499.000000, avanceR = 2.000000, avanceI = 2.000000
inc_x_r = 0.000000, inc_y_r = 1.000000, inc_x_i = 1.000000, inc_y_i = 1.000000
En el else......

----------------------------------------
x = 76.000000, y = 272.000000
avance = -497.000000, avanceR = 2.000000, avanceI = 2.000000
inc_x_r = 0.000000, inc_y_r = 1.000000, inc_x_i = 1.000000, inc_y_i = 1.000000
En el else......

----------------------------------------
x = 76.000000, y = 273.000000
avance = -495.000000, avanceR = 2.000000, avanceI = 2.000000
inc_x_r = 0.000000, inc_y_r = 1.000000, inc_x_i = 1.000000, inc_y_i = 1.000000
En el else......

----------------------------------------
x = 76.000000, y = 274.000000
avance = -493.000000, avanceR = 2.000000, avanceI = 2.000000
inc_x_r = 0.000000, inc_y_r = 1.000000, inc_x_i = 1.000000, inc_y_i = 1.000000
En el else......

----------------------------------------
x = 76.000000, y = 275.000000
avance = -491.000000, avanceR = 2.000000, avanceI = 2.000000
inc_x_r = 0.000000, inc_y_r = 1.000000, inc_x_i = 1.000000, inc_y_i = 1.000000
En el else......

----------------------------------------
x = 76.000000, y = 276.000000
avance = -489.000000, avanceR = 2.000000, avanceI = 2.000000
inc_x_r = 0.000000, inc_y_r = 1.000000, inc_x_i = 1.000000, inc_y_i = 1.000000
En el else......

----------------------------------------
x = 76.000000, y = 277.000000
avance = -487.000000, avanceR = 2.000000, avanceI = 2.000000
inc_x_r = 0.000000, inc_y_r = 1.000000, inc_x_i = 1.000000, inc_y_i = 1.000000
En el else......

----------------------------------------
x = 76.000000, y = 278.000000
avance = -485.000000, avanceR = 2.000000, avanceI = 2.000000
inc_x_r = 0.000000, inc_y_r = 1.000000, inc_x_i = 1.000000, inc_y_i = 1.000000
En el else......

----------------------------------------
x = 76.000000, y = 279.000000
avance = -483.000000, avanceR = 2.000000, avanceI = 2.000000
inc_x_r = 0.000000, inc_y_r = 1.000000, inc_x_i = 1.000000, inc_y_i = 1.000000
En el else......

----------------------------------------
x = 76.000000, y = 280.000000
avance = -481.000000, avanceR = 2.000000, avanceI = 2.000000
inc_x_r = 0.000000, inc_y_r = 1.000000, inc_x_i = 1.000000, inc_y_i = 1.000000
En el else......

----------------------------------------
x = 76.000000, y = 281.000000
avance = -479.000000, avanceR = 2.000000, avanceI = 2.000000
inc_x_r = 0.000000, inc_y_r = 1.000000, inc_x_i = 1.000000, inc_y_i = 1.000000
En el else......

----------------------------------------
x = 76.000000, y = 282.000000
avance = -477.000000, avanceR = 2.000000, avanceI = 2.000000
inc_x_r = 0.000000, inc_y_r = 1.000000, inc_x_i = 1.000000, inc_y_i = 1.000000
En el else......

----------------------------------------
x = 76.000000, y = 283.000000
avance = -475.000000, avanceR = 2.000000, avanceI = 2.000000
inc_x_r = 0.000000, inc_y_r = 1.000000, inc_x_i = 1.000000, inc_y_i = 1.000000
En el else......

----------------------------------------
x = 76.000000, y = 284.000000
avance = -473.000000, avanceR = 2.000000, avanceI = 2.000000
inc_x_r = 0.000000, inc_y_r = 1.000000, inc_x_i = 1.000000, inc_y_i = 1.000000
En el else......

----------------------------------------
x = 76.000000, y = 285.000000
avance = -471.000000, avanceR = 2.000000, avanceI = 2.000000
inc_x_r = 0.000000, inc_y_r = 1.000000, inc_x_i = 1.000000, inc_y_i = 1.000000
En el else......

----------------------------------------
x = 76.000000, y = 286.000000
avance = -469.000000, avanceR = 2.000000, avanceI = 2.000000
inc_x_r = 0.000000, inc_y_r = 1.000000, inc_x_i = 1.000000, inc_y_i = 1.000000
En el else......

----------------------------------------
x = 76.000000, y = 287.000000
avance = -467.000000, avanceR = 2.000000, avanceI = 2.000000
inc_x_r = 0.000000, inc_y_r = 1.000000, inc_x_i = 1.000000, inc_y_i = 1.000000
En el else......

----------------------------------------
x = 76.000000, y = 288.000000
avance = -465.000000, avanceR = 2.000000, avanceI = 2.000000
inc_x_r = 0.000000, inc_y_r = 1.000000, inc_x_i = 1.000000, inc_y_i = 1.000000
En el else......

----------------------------------------
x = 76.000000, y = 289.000000
avance = -463.000000, avanceR = 2.000000, avanceI = 2.000000
inc_x_r = 0.000000, inc_y_r = 1.000000, inc_x_i = 1.000000, inc_y_i = 1.000000
En el else......

----------------------------------------
x = 76.000000, y = 290.000000
avance = -461.000000, avanceR = 2.000000, avanceI = 2.000000
inc_x_r = 0.000000, inc_y_r = 1.000000, inc_x_i = 1.000000, inc_y_i = 1.000000
En el else......

----------------------------------------
x = 76.000000, y = 291.000000
avance = -459.000000, avanceR = 2.000000, avanceI = 2.000000
inc_x_r = 0.000000, inc_y_r = 1.000000, inc_x_i = 1.000000, inc_y_i = 1.000000
En el else......

----------------------------------------
x = 76.000000, y = 292.000000
avance = -457.000000, avanceR = 2.000000, avanceI = 2.000000
inc_x_r = 0.000000, inc_y_r = 1.000000, inc_x_i = 1.000000, inc_y_i = 1.000000
En el else......

----------------------------------------
x = 76.000000, y = 293.000000
avance = -455.000000, avanceR = 2.000000, avanceI = 2.000000
inc_x_r = 0.000000, inc_y_r = 1.000000, inc_x_i = 1.000000, inc_y_i = 1.000000
En el else......

----------------------------------------
x = 76.000000, y = 294.000000
avance = -453.000000, avanceR = 2.000000, avanceI = 2.000000
inc_x_r = 0.000000, inc_y_r = 1.000000, inc_x_i = 1.000000, inc_y_i = 1.000000
En el else......

----------------------------------------
x = 76.000000, y = 295.000000
avance = -451.000000, avanceR = 2.000000, avanceI = 2.000000
inc_x_r = 0.000000, inc_y_r = 1.000000, inc_x_i = 1.000000, inc_y_i = 1.000000
En el else......

----------------------------------------
x = 76.000000, y = 296.000000
avance = -449.000000, avanceR = 2.000000, avanceI = 2.000000
inc_x_r = 0.000000, inc_y_r = 1.000000, inc_x_i = 1.000000, inc_y_i = 1.000000
En el else......

----------------------------------------
x = 76.000000, y = 297.000000
avance = -447.000000, avanceR = 2.000000, avanceI = 2.000000
inc_x_r = 0.000000, inc_y_r = 1.000000, inc_x_i = 1.000000, inc_y_i = 1.000000
En el else......

----------------------------------------
x = 76.000000, y = 298.000000
avance = -445.000000, avanceR = 2.000000, avanceI = 2.000000
inc_x_r = 0.000000, inc_y_r = 1.000000, inc_x_i = 1.000000, inc_y_i = 1.000000
En el else......

----------------------------------------
x = 76.000000, y = 299.000000
avance = -443.000000, avanceR = 2.000000, avanceI = 2.000000
inc_x_r = 0.000000, inc_y_r = 1.000000, inc_x_i = 1.000000, inc_y_i = 1.000000
En el else......

----------------------------------------
x = 76.000000, y = 300.000000
avance = -441.000000, avanceR = 2.000000, avanceI = 2.000000
inc_x_r = 0.000000, inc_y_r = 1.000000, inc_x_i = 1.000000, inc_y_i = 1.000000
En el else......

----------------------------------------
x = 76.000000, y = 301.000000
avance = -439.000000, avanceR = 2.000000, avanceI = 2.000000
inc_x_r = 0.000000, inc_y_r = 1.000000, inc_x_i = 1.000000, inc_y_i = 1.000000
En el else......

----------------------------------------
x = 76.000000, y = 302.000000
avance = -437.000000, avanceR = 2.000000, avanceI = 2.000000
inc_x_r = 0.000000, inc_y_r = 1.000000, inc_x_i = 1.000000, inc_y_i = 1.000000
En el else......

----------------------------------------
x = 76.000000, y = 303.000000
avance = -435.000000, avanceR = 2.000000, avanceI = 2.000000
inc_x_r = 0.000000, inc_y_r = 1.000000, inc_x_i = 1.000000, inc_y_i = 1.000000
En el else......

----------------------------------------
x = 76.000000, y = 304.000000
avance = -433.000000, avanceR = 2.000000, avanceI = 2.000000
inc_x_r = 0.000000, inc_y_r = 1.000000, inc_x_i = 1.000000, inc_y_i = 1.000000
En el else......

----------------------------------------
x = 76.000000, y = 305.000000
avance = -431.000000, avanceR = 2.000000, avanceI = 2.000000
inc_x_r = 0.000000, inc_y_r = 1.000000, inc_x_i = 1.000000, inc_y_i = 1.000000
En el else......

----------------------------------------
x = 76.000000, y = 306.000000
avance = -429.000000, avanceR = 2.000000, avanceI = 2.000000
inc_x_r = 0.000000, inc_y_r = 1.000000, inc_x_i = 1.000000, inc_y_i = 1.000000
En el else......

----------------------------------------
x = 76.000000, y = 307.000000
avance = -427.000000, avanceR = 2.000000, avanceI = 2.000000
inc_x_r = 0.000000, inc_y_r = 1.000000, inc_x_i = 1.000000, inc_y_i = 1.000000
En el else......

----------------------------------------
x = 76.000000, y = 308.000000
avance = -425.000000, avanceR = 2.000000, avanceI = 2.000000
inc_x_r = 0.000000, inc_y_r = 1.000000, inc_x_i = 1.000000, inc_y_i = 1.000000
En el else......

----------------------------------------
x = 76.000000, y = 309.000000
avance = -423.000000, avanceR = 2.000000, avanceI = 2.000000
inc_x_r = 0.000000, inc_y_r = 1.000000, inc_x_i = 1.000000, inc_y_i = 1.000000
En el else......

----------------------------------------
x = 76.000000, y = 310.000000
avance = -421.000000, avanceR = 2.000000, avanceI = 2.000000
inc_x_r = 0.000000, inc_y_r = 1.000000, inc_x_i = 1.000000, inc_y_i = 1.000000
En el else......

----------------------------------------
x = 76.000000, y = 311.000000
avance = -419.000000, avanceR = 2.000000, avanceI = 2.000000
inc_x_r = 0.000000, inc_y_r = 1.000000, inc_x_i = 1.000000, inc_y_i = 1.000000
En el else......

----------------------------------------
x = 76.000000, y = 312.000000
avance = -417.000000, avanceR = 2.000000, avanceI = 2.000000
inc_x_r = 0.000000, inc_y_r = 1.000000, inc_x_i = 1.000000, inc_y_i = 1.000000
En el else......

----------------------------------------
x = 76.000000, y = 313.000000
avance = -415.000000, avanceR = 2.000000, avanceI = 2.000000
inc_x_r = 0.000000, inc_y_r = 1.000000, inc_x_i = 1.000000, inc_y_i = 1.000000
En el else......

----------------------------------------
x = 76.000000, y = 314.000000
avance = -413.000000, avanceR = 2.000000, avanceI = 2.000000
inc_x_r = 0.000000, inc_y_r = 1.000000, inc_x_i = 1.000000, inc_y_i = 1.000000
En el else......

----------------------------------------
x = 76.000000, y = 315.000000
avance = -411.000000, avanceR = 2.000000, avanceI = 2.000000
inc_x_r = 0.000000, inc_y_r = 1.000000, inc_x_i = 1.000000, inc_y_i = 1.000000
En el else......

----------------------------------------
x = 76.000000, y = 316.000000
avance = -409.000000, avanceR = 2.000000, avanceI = 2.000000
inc_x_r = 0.000000, inc_y_r = 1.000000, inc_x_i = 1.000000, inc_y_i = 1.000000
En el else......

----------------------------------------
x = 76.000000, y = 317.000000
avance = -407.000000, avanceR = 2.000000, avanceI = 2.000000
inc_x_r = 0.000000, inc_y_r = 1.000000, inc_x_i = 1.000000, inc_y_i = 1.000000
En el else......

----------------------------------------
x = 76.000000, y = 318.000000
avance = -405.000000, avanceR = 2.000000, avanceI = 2.000000
inc_x_r = 0.000000, inc_y_r = 1.000000, inc_x_i = 1.000000, inc_y_i = 1.000000
En el else......

----------------------------------------
x = 76.000000, y = 319.000000
avance = -403.000000, avanceR = 2.000000, avanceI = 2.000000
inc_x_r = 0.000000, inc_y_r = 1.000000, inc_x_i = 1.000000, inc_y_i = 1.000000
En el else......

----------------------------------------
x = 76.000000, y = 320.000000
avance = -401.000000, avanceR = 2.000000, avanceI = 2.000000
inc_x_r = 0.000000, inc_y_r = 1.000000, inc_x_i = 1.000000, inc_y_i = 1.000000
En el else......

----------------------------------------
x = 76.000000, y = 321.000000
avance = -399.000000, avanceR = 2.000000, avanceI = 2.000000
inc_x_r = 0.000000, inc_y_r = 1.000000, inc_x_i = 1.000000, inc_y_i = 1.000000
En el else......

----------------------------------------
x = 76.000000, y = 322.000000
avance = -397.000000, avanceR = 2.000000, avanceI = 2.000000
inc_x_r = 0.000000, inc_y_r = 1.000000, inc_x_i = 1.000000, inc_y_i = 1.000000
En el else......

----------------------------------------
x = 76.000000, y = 323.000000
avance = -395.000000, avanceR = 2.000000, avanceI = 2.000000
inc_x_r = 0.000000, inc_y_r = 1.000000, inc_x_i = 1.000000, inc_y_i = 1.000000
En el else......

----------------------------------------
x = 76.000000, y = 324.000000
avance = -393.000000, avanceR = 2.000000, avanceI = 2.000000
inc_x_r = 0.000000, inc_y_r = 1.000000, inc_x_i = 1.000000, inc_y_i = 1.000000
En el else......

----------------------------------------
x = 76.000000, y = 325.000000
avance = -391.000000, avanceR = 2.000000, avanceI = 2.000000
inc_x_r = 0.000000, inc_y_r = 1.000000, inc_x_i = 1.000000, inc_y_i = 1.000000
En el else......

----------------------------------------
x = 76.000000, y = 326.000000
avance = -389.000000, avanceR = 2.000000, avanceI = 2.000000
inc_x_r = 0.000000, inc_y_r = 1.000000, inc_x_i = 1.000000, inc_y_i = 1.000000
En el else......

----------------------------------------
x = 76.000000, y = 327.000000
avance = -387.000000, avanceR = 2.000000, avanceI = 2.000000
inc_x_r = 0.000000, inc_y_r = 1.000000, inc_x_i = 1.000000, inc_y_i = 1.000000
En el else......

----------------------------------------
x = 76.000000, y = 328.000000
avance = -385.000000, avanceR = 2.000000, avanceI = 2.000000
inc_x_r = 0.000000, inc_y_r = 1.000000, inc_x_i = 1.000000, inc_y_i = 1.000000
En el else......

----------------------------------------
x = 76.000000, y = 329.000000
avance = -383.000000, avanceR = 2.000000, avanceI = 2.000000
inc_x_r = 0.000000, inc_y_r = 1.000000, inc_x_i = 1.000000, inc_y_i = 1.000000
En el else......

----------------------------------------
x = 76.000000, y = 330.000000
avance = -381.000000, avanceR = 2.000000, avanceI = 2.000000
inc_x_r = 0.000000, inc_y_r = 1.000000, inc_x_i = 1.000000, inc_y_i = 1.000000
En el else......

----------------------------------------
x = 76.000000, y = 331.000000
avance = -379.000000, avanceR = 2.000000, avanceI = 2.000000
inc_x_r = 0.000000, inc_y_r = 1.000000, inc_x_i = 1.000000, inc_y_i = 1.000000
En el else......

----------------------------------------
x = 76.000000, y = 332.000000
avance = -377.000000, avanceR = 2.000000, avanceI = 2.000000
inc_x_r = 0.000000, inc_y_r = 1.000000, inc_x_i = 1.000000, inc_y_i = 1.000000
En el else......

----------------------------------------
x = 76.000000, y = 333.000000
avance = -375.000000, avanceR = 2.000000, avanceI = 2.000000
inc_x_r = 0.000000, inc_y_r = 1.000000, inc_x_i = 1.000000, inc_y_i = 1.000000
En el else......

----------------------------------------
x = 76.000000, y = 334.000000
avance = -373.000000, avanceR = 2.000000, avanceI = 2.000000
inc_x_r = 0.000000, inc_y_r = 1.000000, inc_x_i = 1.000000, inc_y_i = 1.000000
En el else......

----------------------------------------
x = 76.000000, y = 335.000000
avance = -371.000000, avanceR = 2.000000, avanceI = 2.000000
inc_x_r = 0.000000, inc_y_r = 1.000000, inc_x_i = 1.000000, inc_y_i = 1.000000
En el else......

----------------------------------------
x = 76.000000, y = 336.000000
avance = -369.000000, avanceR = 2.000000, avanceI = 2.000000
inc_x_r = 0.000000, inc_y_r = 1.000000, inc_x_i = 1.000000, inc_y_i = 1.000000
En el else......

----------------------------------------
x = 76.000000, y = 337.000000
avance = -367.000000, avanceR = 2.000000, avanceI = 2.000000
inc_x_r = 0.000000, inc_y_r = 1.000000, inc_x_i = 1.000000, inc_y_i = 1.000000
En el else......

----------------------------------------
x = 76.000000, y = 338.000000
avance = -365.000000, avanceR = 2.000000, avanceI = 2.000000
inc_x_r = 0.000000, inc_y_r = 1.000000, inc_x_i = 1.000000, inc_y_i = 1.000000
En el else......

----------------------------------------
x = 76.000000, y = 339.000000
avance = -363.000000, avanceR = 2.000000, avanceI = 2.000000
inc_x_r = 0.000000, inc_y_r = 1.000000, inc_x_i = 1.000000, inc_y_i = 1.000000
En el else......

----------------------------------------
x = 76.000000, y = 340.000000
avance = -361.000000, avanceR = 2.000000, avanceI = 2.000000
inc_x_r = 0.000000, inc_y_r = 1.000000, inc_x_i = 1.000000, inc_y_i = 1.000000
En el else......

----------------------------------------
x = 76.000000, y = 341.000000
avance = -359.000000, avanceR = 2.000000, avanceI = 2.000000
inc_x_r = 0.000000, inc_y_r = 1.000000, inc_x_i = 1.000000, inc_y_i = 1.000000
En el else......

----------------------------------------
x = 76.000000, y = 342.000000
avance = -357.000000, avanceR = 2.000000, avanceI = 2.000000
inc_x_r = 0.000000, inc_y_r = 1.000000, inc_x_i = 1.000000, inc_y_i = 1.000000
En el else......

----------------------------------------
x = 76.000000, y = 343.000000
avance = -355.000000, avanceR = 2.000000, avanceI = 2.000000
inc_x_r = 0.000000, inc_y_r = 1.000000, inc_x_i = 1.000000, inc_y_i = 1.000000
En el else......

----------------------------------------
x = 76.000000, y = 344.000000
avance = -353.000000, avanceR = 2.000000, avanceI = 2.000000
inc_x_r = 0.000000, inc_y_r = 1.000000, inc_x_i = 1.000000, inc_y_i = 1.000000
En el else......

----------------------------------------
x = 76.000000, y = 345.000000
avance = -351.000000, avanceR = 2.000000, avanceI = 2.000000
inc_x_r = 0.000000, inc_y_r = 1.000000, inc_x_i = 1.000000, inc_y_i = 1.000000
En el else......

----------------------------------------
x = 76.000000, y = 346.000000
avance = -349.000000, avanceR = 2.000000, avanceI = 2.000000
inc_x_r = 0.000000, inc_y_r = 1.000000, inc_x_i = 1.000000, inc_y_i = 1.000000
En el else......

----------------------------------------
x = 76.000000, y = 347.000000
avance = -347.000000, avanceR = 2.000000, avanceI = 2.000000
inc_x_r = 0.000000, inc_y_r = 1.000000, inc_x_i = 1.000000, inc_y_i = 1.000000
En el else......

----------------------------------------
x = 76.000000, y = 348.000000
avance = -345.000000, avanceR = 2.000000, avanceI = 2.000000
inc_x_r = 0.000000, inc_y_r = 1.000000, inc_x_i = 1.000000, inc_y_i = 1.000000
En el else......

----------------------------------------
x = 76.000000, y = 349.000000
avance = -343.000000, avanceR = 2.000000, avanceI = 2.000000
inc_x_r = 0.000000, inc_y_r = 1.000000, inc_x_i = 1.000000, inc_y_i = 1.000000
En el else......

----------------------------------------
x = 76.000000, y = 350.000000
avance = -341.000000, avanceR = 2.000000, avanceI = 2.000000
inc_x_r = 0.000000, inc_y_r = 1.000000, inc_x_i = 1.000000, inc_y_i = 1.000000
En el else......

----------------------------------------
x = 76.000000, y = 351.000000
avance = -339.000000, avanceR = 2.000000, avanceI = 2.000000
inc_x_r = 0.000000, inc_y_r = 1.000000, inc_x_i = 1.000000, inc_y_i = 1.000000
En el else......

----------------------------------------
x = 76.000000, y = 352.000000
avance = -337.000000, avanceR = 2.000000, avanceI = 2.000000
inc_x_r = 0.000000, inc_y_r = 1.000000, inc_x_i = 1.000000, inc_y_i = 1.000000
En el else......

----------------------------------------
x = 76.000000, y = 353.000000
avance = -335.000000, avanceR = 2.000000, avanceI = 2.000000
inc_x_r = 0.000000, inc_y_r = 1.000000, inc_x_i = 1.000000, inc_y_i = 1.000000
En el else......

----------------------------------------
x = 76.000000, y = 354.000000
avance = -333.000000, avanceR = 2.000000, avanceI = 2.000000
inc_x_r = 0.000000, inc_y_r = 1.000000, inc_x_i = 1.000000, inc_y_i = 1.000000
En el else......

----------------------------------------
x = 76.000000, y = 355.000000
avance = -331.000000, avanceR = 2.000000, avanceI = 2.000000
inc_x_r = 0.000000, inc_y_r = 1.000000, inc_x_i = 1.000000, inc_y_i = 1.000000
En el else......

----------------------------------------
x = 76.000000, y = 356.000000
avance = -329.000000, avanceR = 2.000000, avanceI = 2.000000
inc_x_r = 0.000000, inc_y_r = 1.000000, inc_x_i = 1.000000, inc_y_i = 1.000000
En el else......

----------------------------------------
x = 76.000000, y = 357.000000
avance = -327.000000, avanceR = 2.000000, avanceI = 2.000000
inc_x_r = 0.000000, inc_y_r = 1.000000, inc_x_i = 1.000000, inc_y_i = 1.000000
En el else......

----------------------------------------
x = 76.000000, y = 358.000000
avance = -325.000000, avanceR = 2.000000, avanceI = 2.000000
inc_x_r = 0.000000, inc_y_r = 1.000000, inc_x_i = 1.000000, inc_y_i = 1.000000
En el else......

----------------------------------------
x = 76.000000, y = 359.000000
avance = -323.000000, avanceR = 2.000000, avanceI = 2.000000
inc_x_r = 0.000000, inc_y_r = 1.000000, inc_x_i = 1.000000, inc_y_i = 1.000000
En el else......

----------------------------------------
x = 76.000000, y = 360.000000
avance = -321.000000, avanceR = 2.000000, avanceI = 2.000000
inc_x_r = 0.000000, inc_y_r = 1.000000, inc_x_i = 1.000000, inc_y_i = 1.000000
En el else......

----------------------------------------
x = 76.000000, y = 361.000000
avance = -319.000000, avanceR = 2.000000, avanceI = 2.000000
inc_x_r = 0.000000, inc_y_r = 1.000000, inc_x_i = 1.000000, inc_y_i = 1.000000
En el else......

----------------------------------------
x = 76.000000, y = 362.000000
avance = -317.000000, avanceR = 2.000000, avanceI = 2.000000
inc_x_r = 0.000000, inc_y_r = 1.000000, inc_x_i = 1.000000, inc_y_i = 1.000000
En el else......

----------------------------------------
x = 76.000000, y = 363.000000
avance = -315.000000, avanceR = 2.000000, avanceI = 2.000000
inc_x_r = 0.000000, inc_y_r = 1.000000, inc_x_i = 1.000000, inc_y_i = 1.000000
En el else......

----------------------------------------
x = 76.000000, y = 364.000000
avance = -313.000000, avanceR = 2.000000, avanceI = 2.000000
inc_x_r = 0.000000, inc_y_r = 1.000000, inc_x_i = 1.000000, inc_y_i = 1.000000
En el else......

----------------------------------------
x = 76.000000, y = 365.000000
avance = -311.000000, avanceR = 2.000000, avanceI = 2.000000
inc_x_r = 0.000000, inc_y_r = 1.000000, inc_x_i = 1.000000, inc_y_i = 1.000000
En el else......

----------------------------------------
x = 76.000000, y = 366.000000
avance = -309.000000, avanceR = 2.000000, avanceI = 2.000000
inc_x_r = 0.000000, inc_y_r = 1.000000, inc_x_i = 1.000000, inc_y_i = 1.000000
En el else......

----------------------------------------
x = 76.000000, y = 367.000000
avance = -307.000000, avanceR = 2.000000, avanceI = 2.000000
inc_x_r = 0.000000, inc_y_r = 1.000000, inc_x_i = 1.000000, inc_y_i = 1.000000
En el else......

----------------------------------------
x = 76.000000, y = 368.000000
avance = -305.000000, avanceR = 2.000000, avanceI = 2.000000
inc_x_r = 0.000000, inc_y_r = 1.000000, inc_x_i = 1.000000, inc_y_i = 1.000000
En el else......

----------------------------------------
x = 76.000000, y = 369.000000
avance = -303.000000, avanceR = 2.000000, avanceI = 2.000000
inc_x_r = 0.000000, inc_y_r = 1.000000, inc_x_i = 1.000000, inc_y_i = 1.000000
En el else......

----------------------------------------
x = 76.000000, y = 370.000000
avance = -301.000000, avanceR = 2.000000, avanceI = 2.000000
inc_x_r = 0.000000, inc_y_r = 1.000000, inc_x_i = 1.000000, inc_y_i = 1.000000
En el else......

----------------------------------------
x = 76.000000, y = 371.000000
avance = -299.000000, avanceR = 2.000000, avanceI = 2.000000
inc_x_r = 0.000000, inc_y_r = 1.000000, inc_x_i = 1.000000, inc_y_i = 1.000000
En el else......

----------------------------------------
x = 76.000000, y = 372.000000
avance = -297.000000, avanceR = 2.000000, avanceI = 2.000000
inc_x_r = 0.000000, inc_y_r = 1.000000, inc_x_i = 1.000000, inc_y_i = 1.000000
En el else......

----------------------------------------
x = 76.000000, y = 373.000000
avance = -295.000000, avanceR = 2.000000, avanceI = 2.000000
inc_x_r = 0.000000, inc_y_r = 1.000000, inc_x_i = 1.000000, inc_y_i = 1.000000
En el else......

----------------------------------------
x = 76.000000, y = 374.000000
avance = -293.000000, avanceR = 2.000000, avanceI = 2.000000
inc_x_r = 0.000000, inc_y_r = 1.000000, inc_x_i = 1.000000, inc_y_i = 1.000000
En el else......

----------------------------------------
x = 76.000000, y = 375.000000
avance = -291.000000, avanceR = 2.000000, avanceI = 2.000000
inc_x_r = 0.000000, inc_y_r = 1.000000, inc_x_i = 1.000000, inc_y_i = 1.000000
En el else......

----------------------------------------
x = 76.000000, y = 376.000000
avance = -289.000000, avanceR = 2.000000, avanceI = 2.000000
inc_x_r = 0.000000, inc_y_r = 1.000000, inc_x_i = 1.000000, inc_y_i = 1.000000
En el else......

----------------------------------------
x = 76.000000, y = 377.000000
avance = -287.000000, avanceR = 2.000000, avanceI = 2.000000
inc_x_r = 0.000000, inc_y_r = 1.000000, inc_x_i = 1.000000, inc_y_i = 1.000000
En el else......

----------------------------------------
x = 76.000000, y = 378.000000
avance = -285.000000, avanceR = 2.000000, avanceI = 2.000000
inc_x_r = 0.000000, inc_y_r = 1.000000, inc_x_i = 1.000000, inc_y_i = 1.000000
En el else......

----------------------------------------
x = 76.000000, y = 379.000000
avance = -283.000000, avanceR = 2.000000, avanceI = 2.000000
inc_x_r = 0.000000, inc_y_r = 1.000000, inc_x_i = 1.000000, inc_y_i = 1.000000
En el else......

----------------------------------------
x = 76.000000, y = 380.000000
avance = -281.000000, avanceR = 2.000000, avanceI = 2.000000
inc_x_r = 0.000000, inc_y_r = 1.000000, inc_x_i = 1.000000, inc_y_i = 1.000000
En el else......

----------------------------------------
x = 76.000000, y = 381.000000
avance = -279.000000, avanceR = 2.000000, avanceI = 2.000000
inc_x_r = 0.000000, inc_y_r = 1.000000, inc_x_i = 1.000000, inc_y_i = 1.000000
En el else......

----------------------------------------
x = 76.000000, y = 382.000000
avance = -277.000000, avanceR = 2.000000, avanceI = 2.000000
inc_x_r = 0.000000, inc_y_r = 1.000000, inc_x_i = 1.000000, inc_y_i = 1.000000
En el else......

----------------------------------------
x = 76.000000, y = 383.000000
avance = -275.000000, avanceR = 2.000000, avanceI = 2.000000
inc_x_r = 0.000000, inc_y_r = 1.000000, inc_x_i = 1.000000, inc_y_i = 1.000000
En el else......

----------------------------------------
x = 76.000000, y = 384.000000
avance = -273.000000, avanceR = 2.000000, avanceI = 2.000000
inc_x_r = 0.000000, inc_y_r = 1.000000, inc_x_i = 1.000000, inc_y_i = 1.000000
En el else......

----------------------------------------
x = 76.000000, y = 385.000000
avance = -271.000000, avanceR = 2.000000, avanceI = 2.000000
inc_x_r = 0.000000, inc_y_r = 1.000000, inc_x_i = 1.000000, inc_y_i = 1.000000
En el else......

----------------------------------------
x = 76.000000, y = 386.000000
avance = -269.000000, avanceR = 2.000000, avanceI = 2.000000
inc_x_r = 0.000000, inc_y_r = 1.000000, inc_x_i = 1.000000, inc_y_i = 1.000000
En el else......

----------------------------------------
x = 76.000000, y = 387.000000
avance = -267.000000, avanceR = 2.000000, avanceI = 2.000000
inc_x_r = 0.000000, inc_y_r = 1.000000, inc_x_i = 1.000000, inc_y_i = 1.000000
En el else......

----------------------------------------
x = 76.000000, y = 388.000000
avance = -265.000000, avanceR = 2.000000, avanceI = 2.000000
inc_x_r = 0.000000, inc_y_r = 1.000000, inc_x_i = 1.000000, inc_y_i = 1.000000
En el else......

----------------------------------------
x = 76.000000, y = 389.000000
avance = -263.000000, avanceR = 2.000000, avanceI = 2.000000
inc_x_r = 0.000000, inc_y_r = 1.000000, inc_x_i = 1.000000, inc_y_i = 1.000000
En el else......

----------------------------------------
x = 76.000000, y = 390.000000
avance = -261.000000, avanceR = 2.000000, avanceI = 2.000000
inc_x_r = 0.000000, inc_y_r = 1.000000, inc_x_i = 1.000000, inc_y_i = 1.000000
En el else......

----------------------------------------
x = 76.000000, y = 391.000000
avance = -259.000000, avanceR = 2.000000, avanceI = 2.000000
inc_x_r = 0.000000, inc_y_r = 1.000000, inc_x_i = 1.000000, inc_y_i = 1.000000
En el else......

----------------------------------------
x = 76.000000, y = 392.000000
avance = -257.000000, avanceR = 2.000000, avanceI = 2.000000
inc_x_r = 0.000000, inc_y_r = 1.000000, inc_x_i = 1.000000, inc_y_i = 1.000000
En el else......

----------------------------------------
x = 76.000000, y = 393.000000
avance = -255.000000, avanceR = 2.000000, avanceI = 2.000000
inc_x_r = 0.000000, inc_y_r = 1.000000, inc_x_i = 1.000000, inc_y_i = 1.000000
En el else......

----------------------------------------
x = 76.000000, y = 394.000000
avance = -253.000000, avanceR = 2.000000, avanceI = 2.000000
inc_x_r = 0.000000, inc_y_r = 1.000000, inc_x_i = 1.000000, inc_y_i = 1.000000
En el else......

----------------------------------------
x = 76.000000, y = 395.000000
avance = -251.000000, avanceR = 2.000000, avanceI = 2.000000
inc_x_r = 0.000000, inc_y_r = 1.000000, inc_x_i = 1.000000, inc_y_i = 1.000000
En el else......

----------------------------------------


ENTRAMOS A BRESENHAMªªªª
x1 = 65.000000 - y1 = 135.000000 || x2 = 66.000000 - y2 = 386.000000
dy = 251.000000, dx = 1.000000
avances inclinados: inc_x_i = 1.000000, inc_y_i = 1.000000
updated: dy = 251.000000, dx = 1.000000
avances rectos: inc_x_r = 0.000000, inc_y_r 1.000000
reupdated: dy = 1.000000, dx = 251.000000
avanceR = 2.000000, avance -249.000000, avanceI 2.000000
----------------------------------------
x = 65.000000, y = 135.000000
avance = -249.000000, avanceR = 2.000000, avanceI = 2.000000
inc_x_r = 0.000000, inc_y_r = 1.000000, inc_x_i = 1.000000, inc_y_i = 1.000000
En el else......

----------------------------------------
x = 65.000000, y = 136.000000
avance = -247.000000, avanceR = 2.000000, avanceI = 2.000000
inc_x_r = 0.000000, inc_y_r = 1.000000, inc_x_i = 1.000000, inc_y_i = 1.000000
En el else......

----------------------------------------
x = 65.000000, y = 137.000000
avance = -245.000000, avanceR = 2.000000, avanceI = 2.000000
inc_x_r = 0.000000, inc_y_r = 1.000000, inc_x_i = 1.000000, inc_y_i = 1.000000
En el else......

----------------------------------------
x = 65.000000, y = 138.000000
avance = -243.000000, avanceR = 2.000000, avanceI = 2.000000
inc_x_r = 0.000000, inc_y_r = 1.000000, inc_x_i = 1.000000, inc_y_i = 1.000000
En el else......

----------------------------------------
x = 65.000000, y = 139.000000
avance = -241.000000, avanceR = 2.000000, avanceI = 2.000000
inc_x_r = 0.000000, inc_y_r = 1.000000, inc_x_i = 1.000000, inc_y_i = 1.000000
En el else......

----------------------------------------
x = 65.000000, y = 140.000000
avance = -239.000000, avanceR = 2.000000, avanceI = 2.000000
inc_x_r = 0.000000, inc_y_r = 1.000000, inc_x_i = 1.000000, inc_y_i = 1.000000
En el else......

----------------------------------------
x = 65.000000, y = 141.000000
avance = -237.000000, avanceR = 2.000000, avanceI = 2.000000
inc_x_r = 0.000000, inc_y_r = 1.000000, inc_x_i = 1.000000, inc_y_i = 1.000000
En el else......

----------------------------------------
x = 65.000000, y = 142.000000
avance = -235.000000, avanceR = 2.000000, avanceI = 2.000000
inc_x_r = 0.000000, inc_y_r = 1.000000, inc_x_i = 1.000000, inc_y_i = 1.000000
En el else......

----------------------------------------
x = 65.000000, y = 143.000000
avance = -233.000000, avanceR = 2.000000, avanceI = 2.000000
inc_x_r = 0.000000, inc_y_r = 1.000000, inc_x_i = 1.000000, inc_y_i = 1.000000
En el else......

----------------------------------------
x = 65.000000, y = 144.000000
avance = -231.000000, avanceR = 2.000000, avanceI = 2.000000
inc_x_r = 0.000000, inc_y_r = 1.000000, inc_x_i = 1.000000, inc_y_i = 1.000000
En el else......

----------------------------------------
x = 65.000000, y = 145.000000
avance = -229.000000, avanceR = 2.000000, avanceI = 2.000000
inc_x_r = 0.000000, inc_y_r = 1.000000, inc_x_i = 1.000000, inc_y_i = 1.000000
En el else......

----------------------------------------
x = 65.000000, y = 146.000000
avance = -227.000000, avanceR = 2.000000, avanceI = 2.000000
inc_x_r = 0.000000, inc_y_r = 1.000000, inc_x_i = 1.000000, inc_y_i = 1.000000
En el else......

----------------------------------------
x = 65.000000, y = 147.000000
avance = -225.000000, avanceR = 2.000000, avanceI = 2.000000
inc_x_r = 0.000000, inc_y_r = 1.000000, inc_x_i = 1.000000, inc_y_i = 1.000000
En el else......

----------------------------------------
x = 65.000000, y = 148.000000
avance = -223.000000, avanceR = 2.000000, avanceI = 2.000000
inc_x_r = 0.000000, inc_y_r = 1.000000, inc_x_i = 1.000000, inc_y_i = 1.000000
En el else......

----------------------------------------
x = 65.000000, y = 149.000000
avance = -221.000000, avanceR = 2.000000, avanceI = 2.000000
inc_x_r = 0.000000, inc_y_r = 1.000000, inc_x_i = 1.000000, inc_y_i = 1.000000
En el else......

----------------------------------------
x = 65.000000, y = 150.000000
avance = -219.000000, avanceR = 2.000000, avanceI = 2.000000
inc_x_r = 0.000000, inc_y_r = 1.000000, inc_x_i = 1.000000, inc_y_i = 1.000000
En el else......

----------------------------------------
x = 65.000000, y = 151.000000
avance = -217.000000, avanceR = 2.000000, avanceI = 2.000000
inc_x_r = 0.000000, inc_y_r = 1.000000, inc_x_i = 1.000000, inc_y_i = 1.000000
En el else......

----------------------------------------
x = 65.000000, y = 152.000000
avance = -215.000000, avanceR = 2.000000, avanceI = 2.000000
inc_x_r = 0.000000, inc_y_r = 1.000000, inc_x_i = 1.000000, inc_y_i = 1.000000
En el else......

----------------------------------------
x = 65.000000, y = 153.000000
avance = -213.000000, avanceR = 2.000000, avanceI = 2.000000
inc_x_r = 0.000000, inc_y_r = 1.000000, inc_x_i = 1.000000, inc_y_i = 1.000000
En el else......

----------------------------------------
x = 65.000000, y = 154.000000
avance = -211.000000, avanceR = 2.000000, avanceI = 2.000000
inc_x_r = 0.000000, inc_y_r = 1.000000, inc_x_i = 1.000000, inc_y_i = 1.000000
En el else......

----------------------------------------
x = 65.000000, y = 155.000000
avance = -209.000000, avanceR = 2.000000, avanceI = 2.000000
inc_x_r = 0.000000, inc_y_r = 1.000000, inc_x_i = 1.000000, inc_y_i = 1.000000
En el else......

----------------------------------------
x = 65.000000, y = 156.000000
avance = -207.000000, avanceR = 2.000000, avanceI = 2.000000
inc_x_r = 0.000000, inc_y_r = 1.000000, inc_x_i = 1.000000, inc_y_i = 1.000000
En el else......

----------------------------------------
x = 65.000000, y = 157.000000
avance = -205.000000, avanceR = 2.000000, avanceI = 2.000000
inc_x_r = 0.000000, inc_y_r = 1.000000, inc_x_i = 1.000000, inc_y_i = 1.000000
En el else......

----------------------------------------
x = 65.000000, y = 158.000000
avance = -203.000000, avanceR = 2.000000, avanceI = 2.000000
inc_x_r = 0.000000, inc_y_r = 1.000000, inc_x_i = 1.000000, inc_y_i = 1.000000
En el else......

----------------------------------------
x = 65.000000, y = 159.000000
avance = -201.000000, avanceR = 2.000000, avanceI = 2.000000
inc_x_r = 0.000000, inc_y_r = 1.000000, inc_x_i = 1.000000, inc_y_i = 1.000000
En el else......

----------------------------------------
x = 65.000000, y = 160.000000
avance = -199.000000, avanceR = 2.000000, avanceI = 2.000000
inc_x_r = 0.000000, inc_y_r = 1.000000, inc_x_i = 1.000000, inc_y_i = 1.000000
En el else......

----------------------------------------
x = 65.000000, y = 161.000000
avance = -197.000000, avanceR = 2.000000, avanceI = 2.000000
inc_x_r = 0.000000, inc_y_r = 1.000000, inc_x_i = 1.000000, inc_y_i = 1.000000
En el else......

----------------------------------------
x = 65.000000, y = 162.000000
avance = -195.000000, avanceR = 2.000000, avanceI = 2.000000
inc_x_r = 0.000000, inc_y_r = 1.000000, inc_x_i = 1.000000, inc_y_i = 1.000000
En el else......

----------------------------------------
x = 65.000000, y = 163.000000
avance = -193.000000, avanceR = 2.000000, avanceI = 2.000000
inc_x_r = 0.000000, inc_y_r = 1.000000, inc_x_i = 1.000000, inc_y_i = 1.000000
En el else......

----------------------------------------
x = 65.000000, y = 164.000000
avance = -191.000000, avanceR = 2.000000, avanceI = 2.000000
inc_x_r = 0.000000, inc_y_r = 1.000000, inc_x_i = 1.000000, inc_y_i = 1.000000
En el else......

----------------------------------------
x = 65.000000, y = 165.000000
avance = -189.000000, avanceR = 2.000000, avanceI = 2.000000
inc_x_r = 0.000000, inc_y_r = 1.000000, inc_x_i = 1.000000, inc_y_i = 1.000000
En el else......

----------------------------------------
x = 65.000000, y = 166.000000
avance = -187.000000, avanceR = 2.000000, avanceI = 2.000000
inc_x_r = 0.000000, inc_y_r = 1.000000, inc_x_i = 1.000000, inc_y_i = 1.000000
En el else......

----------------------------------------
x = 65.000000, y = 167.000000
avance = -185.000000, avanceR = 2.000000, avanceI = 2.000000
inc_x_r = 0.000000, inc_y_r = 1.000000, inc_x_i = 1.000000, inc_y_i = 1.000000
En el else......

----------------------------------------
x = 65.000000, y = 168.000000
avance = -183.000000, avanceR = 2.000000, avanceI = 2.000000
inc_x_r = 0.000000, inc_y_r = 1.000000, inc_x_i = 1.000000, inc_y_i = 1.000000
En el else......

----------------------------------------
x = 65.000000, y = 169.000000
avance = -181.000000, avanceR = 2.000000, avanceI = 2.000000
inc_x_r = 0.000000, inc_y_r = 1.000000, inc_x_i = 1.000000, inc_y_i = 1.000000
En el else......

----------------------------------------
x = 65.000000, y = 170.000000
avance = -179.000000, avanceR = 2.000000, avanceI = 2.000000
inc_x_r = 0.000000, inc_y_r = 1.000000, inc_x_i = 1.000000, inc_y_i = 1.000000
En el else......

----------------------------------------
x = 65.000000, y = 171.000000
avance = -177.000000, avanceR = 2.000000, avanceI = 2.000000
inc_x_r = 0.000000, inc_y_r = 1.000000, inc_x_i = 1.000000, inc_y_i = 1.000000
En el else......

----------------------------------------
x = 65.000000, y = 172.000000
avance = -175.000000, avanceR = 2.000000, avanceI = 2.000000
inc_x_r = 0.000000, inc_y_r = 1.000000, inc_x_i = 1.000000, inc_y_i = 1.000000
En el else......

----------------------------------------
x = 65.000000, y = 173.000000
avance = -173.000000, avanceR = 2.000000, avanceI = 2.000000
inc_x_r = 0.000000, inc_y_r = 1.000000, inc_x_i = 1.000000, inc_y_i = 1.000000
En el else......

----------------------------------------
x = 65.000000, y = 174.000000
avance = -171.000000, avanceR = 2.000000, avanceI = 2.000000
inc_x_r = 0.000000, inc_y_r = 1.000000, inc_x_i = 1.000000, inc_y_i = 1.000000
En el else......

----------------------------------------
x = 65.000000, y = 175.000000
avance = -169.000000, avanceR = 2.000000, avanceI = 2.000000
inc_x_r = 0.000000, inc_y_r = 1.000000, inc_x_i = 1.000000, inc_y_i = 1.000000
En el else......

----------------------------------------
x = 65.000000, y = 176.000000
avance = -167.000000, avanceR = 2.000000, avanceI = 2.000000
inc_x_r = 0.000000, inc_y_r = 1.000000, inc_x_i = 1.000000, inc_y_i = 1.000000
En el else......

----------------------------------------
x = 65.000000, y = 177.000000
avance = -165.000000, avanceR = 2.000000, avanceI = 2.000000
inc_x_r = 0.000000, inc_y_r = 1.000000, inc_x_i = 1.000000, inc_y_i = 1.000000
En el else......

----------------------------------------
x = 65.000000, y = 178.000000
avance = -163.000000, avanceR = 2.000000, avanceI = 2.000000
inc_x_r = 0.000000, inc_y_r = 1.000000, inc_x_i = 1.000000, inc_y_i = 1.000000
En el else......

----------------------------------------
x = 65.000000, y = 179.000000
avance = -161.000000, avanceR = 2.000000, avanceI = 2.000000
inc_x_r = 0.000000, inc_y_r = 1.000000, inc_x_i = 1.000000, inc_y_i = 1.000000
En el else......

----------------------------------------
x = 65.000000, y = 180.000000
avance = -159.000000, avanceR = 2.000000, avanceI = 2.000000
inc_x_r = 0.000000, inc_y_r = 1.000000, inc_x_i = 1.000000, inc_y_i = 1.000000
En el else......

----------------------------------------
x = 65.000000, y = 181.000000
avance = -157.000000, avanceR = 2.000000, avanceI = 2.000000
inc_x_r = 0.000000, inc_y_r = 1.000000, inc_x_i = 1.000000, inc_y_i = 1.000000
En el else......

----------------------------------------
x = 65.000000, y = 182.000000
avance = -155.000000, avanceR = 2.000000, avanceI = 2.000000
inc_x_r = 0.000000, inc_y_r = 1.000000, inc_x_i = 1.000000, inc_y_i = 1.000000
En el else......

----------------------------------------
x = 65.000000, y = 183.000000
avance = -153.000000, avanceR = 2.000000, avanceI = 2.000000
inc_x_r = 0.000000, inc_y_r = 1.000000, inc_x_i = 1.000000, inc_y_i = 1.000000
En el else......

----------------------------------------
x = 65.000000, y = 184.000000
avance = -151.000000, avanceR = 2.000000, avanceI = 2.000000
inc_x_r = 0.000000, inc_y_r = 1.000000, inc_x_i = 1.000000, inc_y_i = 1.000000
En el else......

----------------------------------------
x = 65.000000, y = 185.000000
avance = -149.000000, avanceR = 2.000000, avanceI = 2.000000
inc_x_r = 0.000000, inc_y_r = 1.000000, inc_x_i = 1.000000, inc_y_i = 1.000000
En el else......

----------------------------------------
x = 65.000000, y = 186.000000
avance = -147.000000, avanceR = 2.000000, avanceI = 2.000000
inc_x_r = 0.000000, inc_y_r = 1.000000, inc_x_i = 1.000000, inc_y_i = 1.000000
En el else......

----------------------------------------
x = 65.000000, y = 187.000000
avance = -145.000000, avanceR = 2.000000, avanceI = 2.000000
inc_x_r = 0.000000, inc_y_r = 1.000000, inc_x_i = 1.000000, inc_y_i = 1.000000
En el else......

----------------------------------------
x = 65.000000, y = 188.000000
avance = -143.000000, avanceR = 2.000000, avanceI = 2.000000
inc_x_r = 0.000000, inc_y_r = 1.000000, inc_x_i = 1.000000, inc_y_i = 1.000000
En el else......

----------------------------------------
x = 65.000000, y = 189.000000
avance = -141.000000, avanceR = 2.000000, avanceI = 2.000000
inc_x_r = 0.000000, inc_y_r = 1.000000, inc_x_i = 1.000000, inc_y_i = 1.000000
En el else......

----------------------------------------
x = 65.000000, y = 190.000000
avance = -139.000000, avanceR = 2.000000, avanceI = 2.000000
inc_x_r = 0.000000, inc_y_r = 1.000000, inc_x_i = 1.000000, inc_y_i = 1.000000
En el else......

----------------------------------------
x = 65.000000, y = 191.000000
avance = -137.000000, avanceR = 2.000000, avanceI = 2.000000
inc_x_r = 0.000000, inc_y_r = 1.000000, inc_x_i = 1.000000, inc_y_i = 1.000000
En el else......

----------------------------------------
x = 65.000000, y = 192.000000
avance = -135.000000, avanceR = 2.000000, avanceI = 2.000000
inc_x_r = 0.000000, inc_y_r = 1.000000, inc_x_i = 1.000000, inc_y_i = 1.000000
En el else......

----------------------------------------
x = 65.000000, y = 193.000000
avance = -133.000000, avanceR = 2.000000, avanceI = 2.000000
inc_x_r = 0.000000, inc_y_r = 1.000000, inc_x_i = 1.000000, inc_y_i = 1.000000
En el else......

----------------------------------------
x = 65.000000, y = 194.000000
avance = -131.000000, avanceR = 2.000000, avanceI = 2.000000
inc_x_r = 0.000000, inc_y_r = 1.000000, inc_x_i = 1.000000, inc_y_i = 1.000000
En el else......

----------------------------------------
x = 65.000000, y = 195.000000
avance = -129.000000, avanceR = 2.000000, avanceI = 2.000000
inc_x_r = 0.000000, inc_y_r = 1.000000, inc_x_i = 1.000000, inc_y_i = 1.000000
En el else......

----------------------------------------
x = 65.000000, y = 196.000000
avance = -127.000000, avanceR = 2.000000, avanceI = 2.000000
inc_x_r = 0.000000, inc_y_r = 1.000000, inc_x_i = 1.000000, inc_y_i = 1.000000
En el else......

----------------------------------------
x = 65.000000, y = 197.000000
avance = -125.000000, avanceR = 2.000000, avanceI = 2.000000
inc_x_r = 0.000000, inc_y_r = 1.000000, inc_x_i = 1.000000, inc_y_i = 1.000000
En el else......

----------------------------------------
x = 65.000000, y = 198.000000
avance = -123.000000, avanceR = 2.000000, avanceI = 2.000000
inc_x_r = 0.000000, inc_y_r = 1.000000, inc_x_i = 1.000000, inc_y_i = 1.000000
En el else......

----------------------------------------
x = 65.000000, y = 199.000000
avance = -121.000000, avanceR = 2.000000, avanceI = 2.000000
inc_x_r = 0.000000, inc_y_r = 1.000000, inc_x_i = 1.000000, inc_y_i = 1.000000
En el else......

----------------------------------------
x = 65.000000, y = 200.000000
avance = -119.000000, avanceR = 2.000000, avanceI = 2.000000
inc_x_r = 0.000000, inc_y_r = 1.000000, inc_x_i = 1.000000, inc_y_i = 1.000000
En el else......

----------------------------------------
x = 65.000000, y = 201.000000
avance = -117.000000, avanceR = 2.000000, avanceI = 2.000000
inc_x_r = 0.000000, inc_y_r = 1.000000, inc_x_i = 1.000000, inc_y_i = 1.000000
En el else......

----------------------------------------
x = 65.000000, y = 202.000000
avance = -115.000000, avanceR = 2.000000, avanceI = 2.000000
inc_x_r = 0.000000, inc_y_r = 1.000000, inc_x_i = 1.000000, inc_y_i = 1.000000
En el else......

----------------------------------------
x = 65.000000, y = 203.000000
avance = -113.000000, avanceR = 2.000000, avanceI = 2.000000
inc_x_r = 0.000000, inc_y_r = 1.000000, inc_x_i = 1.000000, inc_y_i = 1.000000
En el else......

----------------------------------------
x = 65.000000, y = 204.000000
avance = -111.000000, avanceR = 2.000000, avanceI = 2.000000
inc_x_r = 0.000000, inc_y_r = 1.000000, inc_x_i = 1.000000, inc_y_i = 1.000000
En el else......

----------------------------------------
x = 65.000000, y = 205.000000
avance = -109.000000, avanceR = 2.000000, avanceI = 2.000000
inc_x_r = 0.000000, inc_y_r = 1.000000, inc_x_i = 1.000000, inc_y_i = 1.000000
En el else......

----------------------------------------
x = 65.000000, y = 206.000000
avance = -107.000000, avanceR = 2.000000, avanceI = 2.000000
inc_x_r = 0.000000, inc_y_r = 1.000000, inc_x_i = 1.000000, inc_y_i = 1.000000
En el else......

----------------------------------------
x = 65.000000, y = 207.000000
avance = -105.000000, avanceR = 2.000000, avanceI = 2.000000
inc_x_r = 0.000000, inc_y_r = 1.000000, inc_x_i = 1.000000, inc_y_i = 1.000000
En el else......

----------------------------------------
x = 65.000000, y = 208.000000
avance = -103.000000, avanceR = 2.000000, avanceI = 2.000000
inc_x_r = 0.000000, inc_y_r = 1.000000, inc_x_i = 1.000000, inc_y_i = 1.000000
En el else......

----------------------------------------
x = 65.000000, y = 209.000000
avance = -101.000000, avanceR = 2.000000, avanceI = 2.000000
inc_x_r = 0.000000, inc_y_r = 1.000000, inc_x_i = 1.000000, inc_y_i = 1.000000
En el else......

----------------------------------------
x = 65.000000, y = 210.000000
avance = -99.000000, avanceR = 2.000000, avanceI = 2.000000
inc_x_r = 0.000000, inc_y_r = 1.000000, inc_x_i = 1.000000, inc_y_i = 1.000000
En el else......

----------------------------------------
x = 65.000000, y = 211.000000
avance = -97.000000, avanceR = 2.000000, avanceI = 2.000000
inc_x_r = 0.000000, inc_y_r = 1.000000, inc_x_i = 1.000000, inc_y_i = 1.000000
En el else......

----------------------------------------
x = 65.000000, y = 212.000000
avance = -95.000000, avanceR = 2.000000, avanceI = 2.000000
inc_x_r = 0.000000, inc_y_r = 1.000000, inc_x_i = 1.000000, inc_y_i = 1.000000
En el else......

----------------------------------------
x = 65.000000, y = 213.000000
avance = -93.000000, avanceR = 2.000000, avanceI = 2.000000
inc_x_r = 0.000000, inc_y_r = 1.000000, inc_x_i = 1.000000, inc_y_i = 1.000000
En el else......

----------------------------------------
x = 65.000000, y = 214.000000
avance = -91.000000, avanceR = 2.000000, avanceI = 2.000000
inc_x_r = 0.000000, inc_y_r = 1.000000, inc_x_i = 1.000000, inc_y_i = 1.000000
En el else......

----------------------------------------
x = 65.000000, y = 215.000000
avance = -89.000000, avanceR = 2.000000, avanceI = 2.000000
inc_x_r = 0.000000, inc_y_r = 1.000000, inc_x_i = 1.000000, inc_y_i = 1.000000
En el else......

----------------------------------------
x = 65.000000, y = 216.000000
avance = -87.000000, avanceR = 2.000000, avanceI = 2.000000
inc_x_r = 0.000000, inc_y_r = 1.000000, inc_x_i = 1.000000, inc_y_i = 1.000000
En el else......

----------------------------------------
x = 65.000000, y = 217.000000
avance = -85.000000, avanceR = 2.000000, avanceI = 2.000000
inc_x_r = 0.000000, inc_y_r = 1.000000, inc_x_i = 1.000000, inc_y_i = 1.000000
En el else......

----------------------------------------
x = 65.000000, y = 218.000000
avance = -83.000000, avanceR = 2.000000, avanceI = 2.000000
inc_x_r = 0.000000, inc_y_r = 1.000000, inc_x_i = 1.000000, inc_y_i = 1.000000
En el else......

----------------------------------------
x = 65.000000, y = 219.000000
avance = -81.000000, avanceR = 2.000000, avanceI = 2.000000
inc_x_r = 0.000000, inc_y_r = 1.000000, inc_x_i = 1.000000, inc_y_i = 1.000000
En el else......

----------------------------------------
x = 65.000000, y = 220.000000
avance = -79.000000, avanceR = 2.000000, avanceI = 2.000000
inc_x_r = 0.000000, inc_y_r = 1.000000, inc_x_i = 1.000000, inc_y_i = 1.000000
En el else......

----------------------------------------
x = 65.000000, y = 221.000000
avance = -77.000000, avanceR = 2.000000, avanceI = 2.000000
inc_x_r = 0.000000, inc_y_r = 1.000000, inc_x_i = 1.000000, inc_y_i = 1.000000
En el else......

----------------------------------------
x = 65.000000, y = 222.000000
avance = -75.000000, avanceR = 2.000000, avanceI = 2.000000
inc_x_r = 0.000000, inc_y_r = 1.000000, inc_x_i = 1.000000, inc_y_i = 1.000000
En el else......

----------------------------------------
x = 65.000000, y = 223.000000
avance = -73.000000, avanceR = 2.000000, avanceI = 2.000000
inc_x_r = 0.000000, inc_y_r = 1.000000, inc_x_i = 1.000000, inc_y_i = 1.000000
En el else......

----------------------------------------
x = 65.000000, y = 224.000000
avance = -71.000000, avanceR = 2.000000, avanceI = 2.000000
inc_x_r = 0.000000, inc_y_r = 1.000000, inc_x_i = 1.000000, inc_y_i = 1.000000
En el else......

----------------------------------------
x = 65.000000, y = 225.000000
avance = -69.000000, avanceR = 2.000000, avanceI = 2.000000
inc_x_r = 0.000000, inc_y_r = 1.000000, inc_x_i = 1.000000, inc_y_i = 1.000000
En el else......

----------------------------------------
x = 65.000000, y = 226.000000
avance = -67.000000, avanceR = 2.000000, avanceI = 2.000000
inc_x_r = 0.000000, inc_y_r = 1.000000, inc_x_i = 1.000000, inc_y_i = 1.000000
En el else......

----------------------------------------
x = 65.000000, y = 227.000000
avance = -65.000000, avanceR = 2.000000, avanceI = 2.000000
inc_x_r = 0.000000, inc_y_r = 1.000000, inc_x_i = 1.000000, inc_y_i = 1.000000
En el else......

----------------------------------------
x = 65.000000, y = 228.000000
avance = -63.000000, avanceR = 2.000000, avanceI = 2.000000
inc_x_r = 0.000000, inc_y_r = 1.000000, inc_x_i = 1.000000, inc_y_i = 1.000000
En el else......

----------------------------------------
x = 65.000000, y = 229.000000
avance = -61.000000, avanceR = 2.000000, avanceI = 2.000000
inc_x_r = 0.000000, inc_y_r = 1.000000, inc_x_i = 1.000000, inc_y_i = 1.000000
En el else......

----------------------------------------
x = 65.000000, y = 230.000000
avance = -59.000000, avanceR = 2.000000, avanceI = 2.000000
inc_x_r = 0.000000, inc_y_r = 1.000000, inc_x_i = 1.000000, inc_y_i = 1.000000
En el else......

----------------------------------------
x = 65.000000, y = 231.000000
avance = -57.000000, avanceR = 2.000000, avanceI = 2.000000
inc_x_r = 0.000000, inc_y_r = 1.000000, inc_x_i = 1.000000, inc_y_i = 1.000000
En el else......

----------------------------------------
x = 65.000000, y = 232.000000
avance = -55.000000, avanceR = 2.000000, avanceI = 2.000000
inc_x_r = 0.000000, inc_y_r = 1.000000, inc_x_i = 1.000000, inc_y_i = 1.000000
En el else......

----------------------------------------
x = 65.000000, y = 233.000000
avance = -53.000000, avanceR = 2.000000, avanceI = 2.000000
inc_x_r = 0.000000, inc_y_r = 1.000000, inc_x_i = 1.000000, inc_y_i = 1.000000
En el else......

----------------------------------------
x = 65.000000, y = 234.000000
avance = -51.000000, avanceR = 2.000000, avanceI = 2.000000
inc_x_r = 0.000000, inc_y_r = 1.000000, inc_x_i = 1.000000, inc_y_i = 1.000000
En el else......

----------------------------------------
x = 65.000000, y = 235.000000
avance = -49.000000, avanceR = 2.000000, avanceI = 2.000000
inc_x_r = 0.000000, inc_y_r = 1.000000, inc_x_i = 1.000000, inc_y_i = 1.000000
En el else......

----------------------------------------
x = 65.000000, y = 236.000000
avance = -47.000000, avanceR = 2.000000, avanceI = 2.000000
inc_x_r = 0.000000, inc_y_r = 1.000000, inc_x_i = 1.000000, inc_y_i = 1.000000
En el else......

----------------------------------------
x = 65.000000, y = 237.000000
avance = -45.000000, avanceR = 2.000000, avanceI = 2.000000
inc_x_r = 0.000000, inc_y_r = 1.000000, inc_x_i = 1.000000, inc_y_i = 1.000000
En el else......

----------------------------------------
x = 65.000000, y = 238.000000
avance = -43.000000, avanceR = 2.000000, avanceI = 2.000000
inc_x_r = 0.000000, inc_y_r = 1.000000, inc_x_i = 1.000000, inc_y_i = 1.000000
En el else......

----------------------------------------
x = 65.000000, y = 239.000000
avance = -41.000000, avanceR = 2.000000, avanceI = 2.000000
inc_x_r = 0.000000, inc_y_r = 1.000000, inc_x_i = 1.000000, inc_y_i = 1.000000
En el else......

----------------------------------------
x = 65.000000, y = 240.000000
avance = -39.000000, avanceR = 2.000000, avanceI = 2.000000
inc_x_r = 0.000000, inc_y_r = 1.000000, inc_x_i = 1.000000, inc_y_i = 1.000000
En el else......

----------------------------------------
x = 65.000000, y = 241.000000
avance = -37.000000, avanceR = 2.000000, avanceI = 2.000000
inc_x_r = 0.000000, inc_y_r = 1.000000, inc_x_i = 1.000000, inc_y_i = 1.000000
En el else......

----------------------------------------
x = 65.000000, y = 242.000000
avance = -35.000000, avanceR = 2.000000, avanceI = 2.000000
inc_x_r = 0.000000, inc_y_r = 1.000000, inc_x_i = 1.000000, inc_y_i = 1.000000
En el else......

----------------------------------------
x = 65.000000, y = 243.000000
avance = -33.000000, avanceR = 2.000000, avanceI = 2.000000
inc_x_r = 0.000000, inc_y_r = 1.000000, inc_x_i = 1.000000, inc_y_i = 1.000000
En el else......

----------------------------------------
x = 65.000000, y = 244.000000
avance = -31.000000, avanceR = 2.000000, avanceI = 2.000000
inc_x_r = 0.000000, inc_y_r = 1.000000, inc_x_i = 1.000000, inc_y_i = 1.000000
En el else......

----------------------------------------
x = 65.000000, y = 245.000000
avance = -29.000000, avanceR = 2.000000, avanceI = 2.000000
inc_x_r = 0.000000, inc_y_r = 1.000000, inc_x_i = 1.000000, inc_y_i = 1.000000
En el else......

----------------------------------------
x = 65.000000, y = 246.000000
avance = -27.000000, avanceR = 2.000000, avanceI = 2.000000
inc_x_r = 0.000000, inc_y_r = 1.000000, inc_x_i = 1.000000, inc_y_i = 1.000000
En el else......

----------------------------------------
x = 65.000000, y = 247.000000
avance = -25.000000, avanceR = 2.000000, avanceI = 2.000000
inc_x_r = 0.000000, inc_y_r = 1.000000, inc_x_i = 1.000000, inc_y_i = 1.000000
En el else......

----------------------------------------
x = 65.000000, y = 248.000000
avance = -23.000000, avanceR = 2.000000, avanceI = 2.000000
inc_x_r = 0.000000, inc_y_r = 1.000000, inc_x_i = 1.000000, inc_y_i = 1.000000
En el else......

----------------------------------------
x = 65.000000, y = 249.000000
avance = -21.000000, avanceR = 2.000000, avanceI = 2.000000
inc_x_r = 0.000000, inc_y_r = 1.000000, inc_x_i = 1.000000, inc_y_i = 1.000000
En el else......

----------------------------------------
x = 65.000000, y = 250.000000
avance = -19.000000, avanceR = 2.000000, avanceI = 2.000000
inc_x_r = 0.000000, inc_y_r = 1.000000, inc_x_i = 1.000000, inc_y_i = 1.000000
En el else......

----------------------------------------
x = 65.000000, y = 251.000000
avance = -17.000000, avanceR = 2.000000, avanceI = 2.000000
inc_x_r = 0.000000, inc_y_r = 1.000000, inc_x_i = 1.000000, inc_y_i = 1.000000
En el else......

----------------------------------------
x = 65.000000, y = 252.000000
avance = -15.000000, avanceR = 2.000000, avanceI = 2.000000
inc_x_r = 0.000000, inc_y_r = 1.000000, inc_x_i = 1.000000, inc_y_i = 1.000000
En el else......

----------------------------------------
x = 65.000000, y = 253.000000
avance = -13.000000, avanceR = 2.000000, avanceI = 2.000000
inc_x_r = 0.000000, inc_y_r = 1.000000, inc_x_i = 1.000000, inc_y_i = 1.000000
En el else......

----------------------------------------
x = 65.000000, y = 254.000000
avance = -11.000000, avanceR = 2.000000, avanceI = 2.000000
inc_x_r = 0.000000, inc_y_r = 1.000000, inc_x_i = 1.000000, inc_y_i = 1.000000
En el else......

----------------------------------------
x = 65.000000, y = 255.000000
avance = -9.000000, avanceR = 2.000000, avanceI = 2.000000
inc_x_r = 0.000000, inc_y_r = 1.000000, inc_x_i = 1.000000, inc_y_i = 1.000000
En el else......

----------------------------------------
x = 65.000000, y = 256.000000
avance = -7.000000, avanceR = 2.000000, avanceI = 2.000000
inc_x_r = 0.000000, inc_y_r = 1.000000, inc_x_i = 1.000000, inc_y_i = 1.000000
En el else......

----------------------------------------
x = 65.000000, y = 257.000000
avance = -5.000000, avanceR = 2.000000, avanceI = 2.000000
inc_x_r = 0.000000, inc_y_r = 1.000000, inc_x_i = 1.000000, inc_y_i = 1.000000
En el else......

----------------------------------------
x = 65.000000, y = 258.000000
avance = -3.000000, avanceR = 2.000000, avanceI = 2.000000
inc_x_r = 0.000000, inc_y_r = 1.000000, inc_x_i = 1.000000, inc_y_i = 1.000000
En el else......

----------------------------------------
x = 65.000000, y = 259.000000
avance = -1.000000, avanceR = 2.000000, avanceI = 2.000000
inc_x_r = 0.000000, inc_y_r = 1.000000, inc_x_i = 1.000000, inc_y_i = 1.000000
En el else......

----------------------------------------
x = 65.000000, y = 260.000000
avance = 1.000000, avanceR = 2.000000, avanceI = 2.000000
inc_x_r = 0.000000, inc_y_r = 1.000000, inc_x_i = 1.000000, inc_y_i = 1.000000
avance >= 0

----------------------------------------
x = 66.000000, y = 261.000000
avance = -499.000000, avanceR = 2.000000, avanceI = 2.000000
inc_x_r = 0.000000, inc_y_r = 1.000000, inc_x_i = 1.000000, inc_y_i = 1.000000
En el else......

----------------------------------------
x = 66.000000, y = 262.000000
avance = -497.000000, avanceR = 2.000000, avanceI = 2.000000
inc_x_r = 0.000000, inc_y_r = 1.000000, inc_x_i = 1.000000, inc_y_i = 1.000000
En el else......

----------------------------------------
x = 66.000000, y = 263.000000
avance = -495.000000, avanceR = 2.000000, avanceI = 2.000000
inc_x_r = 0.000000, inc_y_r = 1.000000, inc_x_i = 1.000000, inc_y_i = 1.000000
En el else......

----------------------------------------
x = 66.000000, y = 264.000000
avance = -493.000000, avanceR = 2.000000, avanceI = 2.000000
inc_x_r = 0.000000, inc_y_r = 1.000000, inc_x_i = 1.000000, inc_y_i = 1.000000
En el else......

----------------------------------------
x = 66.000000, y = 265.000000
avance = -491.000000, avanceR = 2.000000, avanceI = 2.000000
inc_x_r = 0.000000, inc_y_r = 1.000000, inc_x_i = 1.000000, inc_y_i = 1.000000
En el else......

----------------------------------------
x = 66.000000, y = 266.000000
avance = -489.000000, avanceR = 2.000000, avanceI = 2.000000
inc_x_r = 0.000000, inc_y_r = 1.000000, inc_x_i = 1.000000, inc_y_i = 1.000000
En el else......

----------------------------------------
x = 66.000000, y = 267.000000
avance = -487.000000, avanceR = 2.000000, avanceI = 2.000000
inc_x_r = 0.000000, inc_y_r = 1.000000, inc_x_i = 1.000000, inc_y_i = 1.000000
En el else......

----------------------------------------
x = 66.000000, y = 268.000000
avance = -485.000000, avanceR = 2.000000, avanceI = 2.000000
inc_x_r = 0.000000, inc_y_r = 1.000000, inc_x_i = 1.000000, inc_y_i = 1.000000
En el else......

----------------------------------------
x = 66.000000, y = 269.000000
avance = -483.000000, avanceR = 2.000000, avanceI = 2.000000
inc_x_r = 0.000000, inc_y_r = 1.000000, inc_x_i = 1.000000, inc_y_i = 1.000000
En el else......

----------------------------------------
x = 66.000000, y = 270.000000
avance = -481.000000, avanceR = 2.000000, avanceI = 2.000000
inc_x_r = 0.000000, inc_y_r = 1.000000, inc_x_i = 1.000000, inc_y_i = 1.000000
En el else......

----------------------------------------
x = 66.000000, y = 271.000000
avance = -479.000000, avanceR = 2.000000, avanceI = 2.000000
inc_x_r = 0.000000, inc_y_r = 1.000000, inc_x_i = 1.000000, inc_y_i = 1.000000
En el else......

----------------------------------------
x = 66.000000, y = 272.000000
avance = -477.000000, avanceR = 2.000000, avanceI = 2.000000
inc_x_r = 0.000000, inc_y_r = 1.000000, inc_x_i = 1.000000, inc_y_i = 1.000000
En el else......

----------------------------------------
x = 66.000000, y = 273.000000
avance = -475.000000, avanceR = 2.000000, avanceI = 2.000000
inc_x_r = 0.000000, inc_y_r = 1.000000, inc_x_i = 1.000000, inc_y_i = 1.000000
En el else......

----------------------------------------
x = 66.000000, y = 274.000000
avance = -473.000000, avanceR = 2.000000, avanceI = 2.000000
inc_x_r = 0.000000, inc_y_r = 1.000000, inc_x_i = 1.000000, inc_y_i = 1.000000
En el else......

----------------------------------------
x = 66.000000, y = 275.000000
avance = -471.000000, avanceR = 2.000000, avanceI = 2.000000
inc_x_r = 0.000000, inc_y_r = 1.000000, inc_x_i = 1.000000, inc_y_i = 1.000000
En el else......

----------------------------------------
x = 66.000000, y = 276.000000
avance = -469.000000, avanceR = 2.000000, avanceI = 2.000000
inc_x_r = 0.000000, inc_y_r = 1.000000, inc_x_i = 1.000000, inc_y_i = 1.000000
En el else......

----------------------------------------
x = 66.000000, y = 277.000000
avance = -467.000000, avanceR = 2.000000, avanceI = 2.000000
inc_x_r = 0.000000, inc_y_r = 1.000000, inc_x_i = 1.000000, inc_y_i = 1.000000
En el else......

----------------------------------------
x = 66.000000, y = 278.000000
avance = -465.000000, avanceR = 2.000000, avanceI = 2.000000
inc_x_r = 0.000000, inc_y_r = 1.000000, inc_x_i = 1.000000, inc_y_i = 1.000000
En el else......

----------------------------------------
x = 66.000000, y = 279.000000
avance = -463.000000, avanceR = 2.000000, avanceI = 2.000000
inc_x_r = 0.000000, inc_y_r = 1.000000, inc_x_i = 1.000000, inc_y_i = 1.000000
En el else......

----------------------------------------
x = 66.000000, y = 280.000000
avance = -461.000000, avanceR = 2.000000, avanceI = 2.000000
inc_x_r = 0.000000, inc_y_r = 1.000000, inc_x_i = 1.000000, inc_y_i = 1.000000
En el else......

----------------------------------------
x = 66.000000, y = 281.000000
avance = -459.000000, avanceR = 2.000000, avanceI = 2.000000
inc_x_r = 0.000000, inc_y_r = 1.000000, inc_x_i = 1.000000, inc_y_i = 1.000000
En el else......

----------------------------------------
x = 66.000000, y = 282.000000
avance = -457.000000, avanceR = 2.000000, avanceI = 2.000000
inc_x_r = 0.000000, inc_y_r = 1.000000, inc_x_i = 1.000000, inc_y_i = 1.000000
En el else......

----------------------------------------
x = 66.000000, y = 283.000000
avance = -455.000000, avanceR = 2.000000, avanceI = 2.000000
inc_x_r = 0.000000, inc_y_r = 1.000000, inc_x_i = 1.000000, inc_y_i = 1.000000
En el else......

----------------------------------------
x = 66.000000, y = 284.000000
avance = -453.000000, avanceR = 2.000000, avanceI = 2.000000
inc_x_r = 0.000000, inc_y_r = 1.000000, inc_x_i = 1.000000, inc_y_i = 1.000000
En el else......

----------------------------------------
x = 66.000000, y = 285.000000
avance = -451.000000, avanceR = 2.000000, avanceI = 2.000000
inc_x_r = 0.000000, inc_y_r = 1.000000, inc_x_i = 1.000000, inc_y_i = 1.000000
En el else......

----------------------------------------
x = 66.000000, y = 286.000000
avance = -449.000000, avanceR = 2.000000, avanceI = 2.000000
inc_x_r = 0.000000, inc_y_r = 1.000000, inc_x_i = 1.000000, inc_y_i = 1.000000
En el else......

----------------------------------------
x = 66.000000, y = 287.000000
avance = -447.000000, avanceR = 2.000000, avanceI = 2.000000
inc_x_r = 0.000000, inc_y_r = 1.000000, inc_x_i = 1.000000, inc_y_i = 1.000000
En el else......

----------------------------------------
x = 66.000000, y = 288.000000
avance = -445.000000, avanceR = 2.000000, avanceI = 2.000000
inc_x_r = 0.000000, inc_y_r = 1.000000, inc_x_i = 1.000000, inc_y_i = 1.000000
En el else......

----------------------------------------
x = 66.000000, y = 289.000000
avance = -443.000000, avanceR = 2.000000, avanceI = 2.000000
inc_x_r = 0.000000, inc_y_r = 1.000000, inc_x_i = 1.000000, inc_y_i = 1.000000
En el else......

----------------------------------------
x = 66.000000, y = 290.000000
avance = -441.000000, avanceR = 2.000000, avanceI = 2.000000
inc_x_r = 0.000000, inc_y_r = 1.000000, inc_x_i = 1.000000, inc_y_i = 1.000000
En el else......

----------------------------------------
x = 66.000000, y = 291.000000
avance = -439.000000, avanceR = 2.000000, avanceI = 2.000000
inc_x_r = 0.000000, inc_y_r = 1.000000, inc_x_i = 1.000000, inc_y_i = 1.000000
En el else......

----------------------------------------
x = 66.000000, y = 292.000000
avance = -437.000000, avanceR = 2.000000, avanceI = 2.000000
inc_x_r = 0.000000, inc_y_r = 1.000000, inc_x_i = 1.000000, inc_y_i = 1.000000
En el else......

----------------------------------------
x = 66.000000, y = 293.000000
avance = -435.000000, avanceR = 2.000000, avanceI = 2.000000
inc_x_r = 0.000000, inc_y_r = 1.000000, inc_x_i = 1.000000, inc_y_i = 1.000000
En el else......

----------------------------------------
x = 66.000000, y = 294.000000
avance = -433.000000, avanceR = 2.000000, avanceI = 2.000000
inc_x_r = 0.000000, inc_y_r = 1.000000, inc_x_i = 1.000000, inc_y_i = 1.000000
En el else......

----------------------------------------
x = 66.000000, y = 295.000000
avance = -431.000000, avanceR = 2.000000, avanceI = 2.000000
inc_x_r = 0.000000, inc_y_r = 1.000000, inc_x_i = 1.000000, inc_y_i = 1.000000
En el else......

----------------------------------------
x = 66.000000, y = 296.000000
avance = -429.000000, avanceR = 2.000000, avanceI = 2.000000
inc_x_r = 0.000000, inc_y_r = 1.000000, inc_x_i = 1.000000, inc_y_i = 1.000000
En el else......

----------------------------------------
x = 66.000000, y = 297.000000
avance = -427.000000, avanceR = 2.000000, avanceI = 2.000000
inc_x_r = 0.000000, inc_y_r = 1.000000, inc_x_i = 1.000000, inc_y_i = 1.000000
En el else......

----------------------------------------
x = 66.000000, y = 298.000000
avance = -425.000000, avanceR = 2.000000, avanceI = 2.000000
inc_x_r = 0.000000, inc_y_r = 1.000000, inc_x_i = 1.000000, inc_y_i = 1.000000
En el else......

----------------------------------------
x = 66.000000, y = 299.000000
avance = -423.000000, avanceR = 2.000000, avanceI = 2.000000
inc_x_r = 0.000000, inc_y_r = 1.000000, inc_x_i = 1.000000, inc_y_i = 1.000000
En el else......

----------------------------------------
x = 66.000000, y = 300.000000
avance = -421.000000, avanceR = 2.000000, avanceI = 2.000000
inc_x_r = 0.000000, inc_y_r = 1.000000, inc_x_i = 1.000000, inc_y_i = 1.000000
En el else......

----------------------------------------
x = 66.000000, y = 301.000000
avance = -419.000000, avanceR = 2.000000, avanceI = 2.000000
inc_x_r = 0.000000, inc_y_r = 1.000000, inc_x_i = 1.000000, inc_y_i = 1.000000
En el else......

----------------------------------------
x = 66.000000, y = 302.000000
avance = -417.000000, avanceR = 2.000000, avanceI = 2.000000
inc_x_r = 0.000000, inc_y_r = 1.000000, inc_x_i = 1.000000, inc_y_i = 1.000000
En el else......

----------------------------------------
x = 66.000000, y = 303.000000
avance = -415.000000, avanceR = 2.000000, avanceI = 2.000000
inc_x_r = 0.000000, inc_y_r = 1.000000, inc_x_i = 1.000000, inc_y_i = 1.000000
En el else......

----------------------------------------
x = 66.000000, y = 304.000000
avance = -413.000000, avanceR = 2.000000, avanceI = 2.000000
inc_x_r = 0.000000, inc_y_r = 1.000000, inc_x_i = 1.000000, inc_y_i = 1.000000
En el else......

----------------------------------------
x = 66.000000, y = 305.000000
avance = -411.000000, avanceR = 2.000000, avanceI = 2.000000
inc_x_r = 0.000000, inc_y_r = 1.000000, inc_x_i = 1.000000, inc_y_i = 1.000000
En el else......

----------------------------------------
x = 66.000000, y = 306.000000
avance = -409.000000, avanceR = 2.000000, avanceI = 2.000000
inc_x_r = 0.000000, inc_y_r = 1.000000, inc_x_i = 1.000000, inc_y_i = 1.000000
En el else......

----------------------------------------
x = 66.000000, y = 307.000000
avance = -407.000000, avanceR = 2.000000, avanceI = 2.000000
inc_x_r = 0.000000, inc_y_r = 1.000000, inc_x_i = 1.000000, inc_y_i = 1.000000
En el else......

----------------------------------------
x = 66.000000, y = 308.000000
avance = -405.000000, avanceR = 2.000000, avanceI = 2.000000
inc_x_r = 0.000000, inc_y_r = 1.000000, inc_x_i = 1.000000, inc_y_i = 1.000000
En el else......

----------------------------------------
x = 66.000000, y = 309.000000
avance = -403.000000, avanceR = 2.000000, avanceI = 2.000000
inc_x_r = 0.000000, inc_y_r = 1.000000, inc_x_i = 1.000000, inc_y_i = 1.000000
En el else......

----------------------------------------
x = 66.000000, y = 310.000000
avance = -401.000000, avanceR = 2.000000, avanceI = 2.000000
inc_x_r = 0.000000, inc_y_r = 1.000000, inc_x_i = 1.000000, inc_y_i = 1.000000
En el else......

----------------------------------------
x = 66.000000, y = 311.000000
avance = -399.000000, avanceR = 2.000000, avanceI = 2.000000
inc_x_r = 0.000000, inc_y_r = 1.000000, inc_x_i = 1.000000, inc_y_i = 1.000000
En el else......

----------------------------------------
x = 66.000000, y = 312.000000
avance = -397.000000, avanceR = 2.000000, avanceI = 2.000000
inc_x_r = 0.000000, inc_y_r = 1.000000, inc_x_i = 1.000000, inc_y_i = 1.000000
En el else......

----------------------------------------
x = 66.000000, y = 313.000000
avance = -395.000000, avanceR = 2.000000, avanceI = 2.000000
inc_x_r = 0.000000, inc_y_r = 1.000000, inc_x_i = 1.000000, inc_y_i = 1.000000
En el else......

----------------------------------------
x = 66.000000, y = 314.000000
avance = -393.000000, avanceR = 2.000000, avanceI = 2.000000
inc_x_r = 0.000000, inc_y_r = 1.000000, inc_x_i = 1.000000, inc_y_i = 1.000000
En el else......

----------------------------------------
x = 66.000000, y = 315.000000
avance = -391.000000, avanceR = 2.000000, avanceI = 2.000000
inc_x_r = 0.000000, inc_y_r = 1.000000, inc_x_i = 1.000000, inc_y_i = 1.000000
En el else......

----------------------------------------
x = 66.000000, y = 316.000000
avance = -389.000000, avanceR = 2.000000, avanceI = 2.000000
inc_x_r = 0.000000, inc_y_r = 1.000000, inc_x_i = 1.000000, inc_y_i = 1.000000
En el else......

----------------------------------------
x = 66.000000, y = 317.000000
avance = -387.000000, avanceR = 2.000000, avanceI = 2.000000
inc_x_r = 0.000000, inc_y_r = 1.000000, inc_x_i = 1.000000, inc_y_i = 1.000000
En el else......

----------------------------------------
x = 66.000000, y = 318.000000
avance = -385.000000, avanceR = 2.000000, avanceI = 2.000000
inc_x_r = 0.000000, inc_y_r = 1.000000, inc_x_i = 1.000000, inc_y_i = 1.000000
En el else......

----------------------------------------
x = 66.000000, y = 319.000000
avance = -383.000000, avanceR = 2.000000, avanceI = 2.000000
inc_x_r = 0.000000, inc_y_r = 1.000000, inc_x_i = 1.000000, inc_y_i = 1.000000
En el else......

----------------------------------------
x = 66.000000, y = 320.000000
avance = -381.000000, avanceR = 2.000000, avanceI = 2.000000
inc_x_r = 0.000000, inc_y_r = 1.000000, inc_x_i = 1.000000, inc_y_i = 1.000000
En el else......

----------------------------------------
x = 66.000000, y = 321.000000
avance = -379.000000, avanceR = 2.000000, avanceI = 2.000000
inc_x_r = 0.000000, inc_y_r = 1.000000, inc_x_i = 1.000000, inc_y_i = 1.000000
En el else......

----------------------------------------
x = 66.000000, y = 322.000000
avance = -377.000000, avanceR = 2.000000, avanceI = 2.000000
inc_x_r = 0.000000, inc_y_r = 1.000000, inc_x_i = 1.000000, inc_y_i = 1.000000
En el else......

----------------------------------------
x = 66.000000, y = 323.000000
avance = -375.000000, avanceR = 2.000000, avanceI = 2.000000
inc_x_r = 0.000000, inc_y_r = 1.000000, inc_x_i = 1.000000, inc_y_i = 1.000000
En el else......

----------------------------------------
x = 66.000000, y = 324.000000
avance = -373.000000, avanceR = 2.000000, avanceI = 2.000000
inc_x_r = 0.000000, inc_y_r = 1.000000, inc_x_i = 1.000000, inc_y_i = 1.000000
En el else......

----------------------------------------
x = 66.000000, y = 325.000000
avance = -371.000000, avanceR = 2.000000, avanceI = 2.000000
inc_x_r = 0.000000, inc_y_r = 1.000000, inc_x_i = 1.000000, inc_y_i = 1.000000
En el else......

----------------------------------------
x = 66.000000, y = 326.000000
avance = -369.000000, avanceR = 2.000000, avanceI = 2.000000
inc_x_r = 0.000000, inc_y_r = 1.000000, inc_x_i = 1.000000, inc_y_i = 1.000000
En el else......

----------------------------------------
x = 66.000000, y = 327.000000
avance = -367.000000, avanceR = 2.000000, avanceI = 2.000000
inc_x_r = 0.000000, inc_y_r = 1.000000, inc_x_i = 1.000000, inc_y_i = 1.000000
En el else......

----------------------------------------
x = 66.000000, y = 328.000000
avance = -365.000000, avanceR = 2.000000, avanceI = 2.000000
inc_x_r = 0.000000, inc_y_r = 1.000000, inc_x_i = 1.000000, inc_y_i = 1.000000
En el else......

----------------------------------------
x = 66.000000, y = 329.000000
avance = -363.000000, avanceR = 2.000000, avanceI = 2.000000
inc_x_r = 0.000000, inc_y_r = 1.000000, inc_x_i = 1.000000, inc_y_i = 1.000000
En el else......

----------------------------------------
x = 66.000000, y = 330.000000
avance = -361.000000, avanceR = 2.000000, avanceI = 2.000000
inc_x_r = 0.000000, inc_y_r = 1.000000, inc_x_i = 1.000000, inc_y_i = 1.000000
En el else......

----------------------------------------
x = 66.000000, y = 331.000000
avance = -359.000000, avanceR = 2.000000, avanceI = 2.000000
inc_x_r = 0.000000, inc_y_r = 1.000000, inc_x_i = 1.000000, inc_y_i = 1.000000
En el else......

----------------------------------------
x = 66.000000, y = 332.000000
avance = -357.000000, avanceR = 2.000000, avanceI = 2.000000
inc_x_r = 0.000000, inc_y_r = 1.000000, inc_x_i = 1.000000, inc_y_i = 1.000000
En el else......

----------------------------------------
x = 66.000000, y = 333.000000
avance = -355.000000, avanceR = 2.000000, avanceI = 2.000000
inc_x_r = 0.000000, inc_y_r = 1.000000, inc_x_i = 1.000000, inc_y_i = 1.000000
En el else......

----------------------------------------
x = 66.000000, y = 334.000000
avance = -353.000000, avanceR = 2.000000, avanceI = 2.000000
inc_x_r = 0.000000, inc_y_r = 1.000000, inc_x_i = 1.000000, inc_y_i = 1.000000
En el else......

----------------------------------------
x = 66.000000, y = 335.000000
avance = -351.000000, avanceR = 2.000000, avanceI = 2.000000
inc_x_r = 0.000000, inc_y_r = 1.000000, inc_x_i = 1.000000, inc_y_i = 1.000000
En el else......

----------------------------------------
x = 66.000000, y = 336.000000
avance = -349.000000, avanceR = 2.000000, avanceI = 2.000000
inc_x_r = 0.000000, inc_y_r = 1.000000, inc_x_i = 1.000000, inc_y_i = 1.000000
En el else......

----------------------------------------
x = 66.000000, y = 337.000000
avance = -347.000000, avanceR = 2.000000, avanceI = 2.000000
inc_x_r = 0.000000, inc_y_r = 1.000000, inc_x_i = 1.000000, inc_y_i = 1.000000
En el else......

----------------------------------------
x = 66.000000, y = 338.000000
avance = -345.000000, avanceR = 2.000000, avanceI = 2.000000
inc_x_r = 0.000000, inc_y_r = 1.000000, inc_x_i = 1.000000, inc_y_i = 1.000000
En el else......

----------------------------------------
x = 66.000000, y = 339.000000
avance = -343.000000, avanceR = 2.000000, avanceI = 2.000000
inc_x_r = 0.000000, inc_y_r = 1.000000, inc_x_i = 1.000000, inc_y_i = 1.000000
En el else......

----------------------------------------
x = 66.000000, y = 340.000000
avance = -341.000000, avanceR = 2.000000, avanceI = 2.000000
inc_x_r = 0.000000, inc_y_r = 1.000000, inc_x_i = 1.000000, inc_y_i = 1.000000
En el else......

----------------------------------------
x = 66.000000, y = 341.000000
avance = -339.000000, avanceR = 2.000000, avanceI = 2.000000
inc_x_r = 0.000000, inc_y_r = 1.000000, inc_x_i = 1.000000, inc_y_i = 1.000000
En el else......

----------------------------------------
x = 66.000000, y = 342.000000
avance = -337.000000, avanceR = 2.000000, avanceI = 2.000000
inc_x_r = 0.000000, inc_y_r = 1.000000, inc_x_i = 1.000000, inc_y_i = 1.000000
En el else......

----------------------------------------
x = 66.000000, y = 343.000000
avance = -335.000000, avanceR = 2.000000, avanceI = 2.000000
inc_x_r = 0.000000, inc_y_r = 1.000000, inc_x_i = 1.000000, inc_y_i = 1.000000
En el else......

----------------------------------------
x = 66.000000, y = 344.000000
avance = -333.000000, avanceR = 2.000000, avanceI = 2.000000
inc_x_r = 0.000000, inc_y_r = 1.000000, inc_x_i = 1.000000, inc_y_i = 1.000000
En el else......

----------------------------------------
x = 66.000000, y = 345.000000
avance = -331.000000, avanceR = 2.000000, avanceI = 2.000000
inc_x_r = 0.000000, inc_y_r = 1.000000, inc_x_i = 1.000000, inc_y_i = 1.000000
En el else......

----------------------------------------
x = 66.000000, y = 346.000000
avance = -329.000000, avanceR = 2.000000, avanceI = 2.000000
inc_x_r = 0.000000, inc_y_r = 1.000000, inc_x_i = 1.000000, inc_y_i = 1.000000
En el else......

----------------------------------------
x = 66.000000, y = 347.000000
avance = -327.000000, avanceR = 2.000000, avanceI = 2.000000
inc_x_r = 0.000000, inc_y_r = 1.000000, inc_x_i = 1.000000, inc_y_i = 1.000000
En el else......

----------------------------------------
x = 66.000000, y = 348.000000
avance = -325.000000, avanceR = 2.000000, avanceI = 2.000000
inc_x_r = 0.000000, inc_y_r = 1.000000, inc_x_i = 1.000000, inc_y_i = 1.000000
En el else......

----------------------------------------
x = 66.000000, y = 349.000000
avance = -323.000000, avanceR = 2.000000, avanceI = 2.000000
inc_x_r = 0.000000, inc_y_r = 1.000000, inc_x_i = 1.000000, inc_y_i = 1.000000
En el else......

----------------------------------------
x = 66.000000, y = 350.000000
avance = -321.000000, avanceR = 2.000000, avanceI = 2.000000
inc_x_r = 0.000000, inc_y_r = 1.000000, inc_x_i = 1.000000, inc_y_i = 1.000000
En el else......

----------------------------------------
x = 66.000000, y = 351.000000
avance = -319.000000, avanceR = 2.000000, avanceI = 2.000000
inc_x_r = 0.000000, inc_y_r = 1.000000, inc_x_i = 1.000000, inc_y_i = 1.000000
En el else......

----------------------------------------
x = 66.000000, y = 352.000000
avance = -317.000000, avanceR = 2.000000, avanceI = 2.000000
inc_x_r = 0.000000, inc_y_r = 1.000000, inc_x_i = 1.000000, inc_y_i = 1.000000
En el else......

----------------------------------------
x = 66.000000, y = 353.000000
avance = -315.000000, avanceR = 2.000000, avanceI = 2.000000
inc_x_r = 0.000000, inc_y_r = 1.000000, inc_x_i = 1.000000, inc_y_i = 1.000000
En el else......

----------------------------------------
x = 66.000000, y = 354.000000
avance = -313.000000, avanceR = 2.000000, avanceI = 2.000000
inc_x_r = 0.000000, inc_y_r = 1.000000, inc_x_i = 1.000000, inc_y_i = 1.000000
En el else......

----------------------------------------
x = 66.000000, y = 355.000000
avance = -311.000000, avanceR = 2.000000, avanceI = 2.000000
inc_x_r = 0.000000, inc_y_r = 1.000000, inc_x_i = 1.000000, inc_y_i = 1.000000
En el else......

----------------------------------------
x = 66.000000, y = 356.000000
avance = -309.000000, avanceR = 2.000000, avanceI = 2.000000
inc_x_r = 0.000000, inc_y_r = 1.000000, inc_x_i = 1.000000, inc_y_i = 1.000000
En el else......

----------------------------------------
x = 66.000000, y = 357.000000
avance = -307.000000, avanceR = 2.000000, avanceI = 2.000000
inc_x_r = 0.000000, inc_y_r = 1.000000, inc_x_i = 1.000000, inc_y_i = 1.000000
En el else......

----------------------------------------
x = 66.000000, y = 358.000000
avance = -305.000000, avanceR = 2.000000, avanceI = 2.000000
inc_x_r = 0.000000, inc_y_r = 1.000000, inc_x_i = 1.000000, inc_y_i = 1.000000
En el else......

----------------------------------------
x = 66.000000, y = 359.000000
avance = -303.000000, avanceR = 2.000000, avanceI = 2.000000
inc_x_r = 0.000000, inc_y_r = 1.000000, inc_x_i = 1.000000, inc_y_i = 1.000000
En el else......

----------------------------------------
x = 66.000000, y = 360.000000
avance = -301.000000, avanceR = 2.000000, avanceI = 2.000000
inc_x_r = 0.000000, inc_y_r = 1.000000, inc_x_i = 1.000000, inc_y_i = 1.000000
En el else......

----------------------------------------
x = 66.000000, y = 361.000000
avance = -299.000000, avanceR = 2.000000, avanceI = 2.000000
inc_x_r = 0.000000, inc_y_r = 1.000000, inc_x_i = 1.000000, inc_y_i = 1.000000
En el else......

----------------------------------------
x = 66.000000, y = 362.000000
avance = -297.000000, avanceR = 2.000000, avanceI = 2.000000
inc_x_r = 0.000000, inc_y_r = 1.000000, inc_x_i = 1.000000, inc_y_i = 1.000000
En el else......

----------------------------------------
x = 66.000000, y = 363.000000
avance = -295.000000, avanceR = 2.000000, avanceI = 2.000000
inc_x_r = 0.000000, inc_y_r = 1.000000, inc_x_i = 1.000000, inc_y_i = 1.000000
En el else......

----------------------------------------
x = 66.000000, y = 364.000000
avance = -293.000000, avanceR = 2.000000, avanceI = 2.000000
inc_x_r = 0.000000, inc_y_r = 1.000000, inc_x_i = 1.000000, inc_y_i = 1.000000
En el else......

----------------------------------------
x = 66.000000, y = 365.000000
avance = -291.000000, avanceR = 2.000000, avanceI = 2.000000
inc_x_r = 0.000000, inc_y_r = 1.000000, inc_x_i = 1.000000, inc_y_i = 1.000000
En el else......

----------------------------------------
x = 66.000000, y = 366.000000
avance = -289.000000, avanceR = 2.000000, avanceI = 2.000000
inc_x_r = 0.000000, inc_y_r = 1.000000, inc_x_i = 1.000000, inc_y_i = 1.000000
En el else......

----------------------------------------
x = 66.000000, y = 367.000000
avance = -287.000000, avanceR = 2.000000, avanceI = 2.000000
inc_x_r = 0.000000, inc_y_r = 1.000000, inc_x_i = 1.000000, inc_y_i = 1.000000
En el else......

----------------------------------------
x = 66.000000, y = 368.000000
avance = -285.000000, avanceR = 2.000000, avanceI = 2.000000
inc_x_r = 0.000000, inc_y_r = 1.000000, inc_x_i = 1.000000, inc_y_i = 1.000000
En el else......

----------------------------------------
x = 66.000000, y = 369.000000
avance = -283.000000, avanceR = 2.000000, avanceI = 2.000000
inc_x_r = 0.000000, inc_y_r = 1.000000, inc_x_i = 1.000000, inc_y_i = 1.000000
En el else......

----------------------------------------
x = 66.000000, y = 370.000000
avance = -281.000000, avanceR = 2.000000, avanceI = 2.000000
inc_x_r = 0.000000, inc_y_r = 1.000000, inc_x_i = 1.000000, inc_y_i = 1.000000
En el else......

----------------------------------------
x = 66.000000, y = 371.000000
avance = -279.000000, avanceR = 2.000000, avanceI = 2.000000
inc_x_r = 0.000000, inc_y_r = 1.000000, inc_x_i = 1.000000, inc_y_i = 1.000000
En el else......

----------------------------------------
x = 66.000000, y = 372.000000
avance = -277.000000, avanceR = 2.000000, avanceI = 2.000000
inc_x_r = 0.000000, inc_y_r = 1.000000, inc_x_i = 1.000000, inc_y_i = 1.000000
En el else......

----------------------------------------
x = 66.000000, y = 373.000000
avance = -275.000000, avanceR = 2.000000, avanceI = 2.000000
inc_x_r = 0.000000, inc_y_r = 1.000000, inc_x_i = 1.000000, inc_y_i = 1.000000
En el else......

----------------------------------------
x = 66.000000, y = 374.000000
avance = -273.000000, avanceR = 2.000000, avanceI = 2.000000
inc_x_r = 0.000000, inc_y_r = 1.000000, inc_x_i = 1.000000, inc_y_i = 1.000000
En el else......

----------------------------------------
x = 66.000000, y = 375.000000
avance = -271.000000, avanceR = 2.000000, avanceI = 2.000000
inc_x_r = 0.000000, inc_y_r = 1.000000, inc_x_i = 1.000000, inc_y_i = 1.000000
En el else......

----------------------------------------
x = 66.000000, y = 376.000000
avance = -269.000000, avanceR = 2.000000, avanceI = 2.000000
inc_x_r = 0.000000, inc_y_r = 1.000000, inc_x_i = 1.000000, inc_y_i = 1.000000
En el else......

----------------------------------------
x = 66.000000, y = 377.000000
avance = -267.000000, avanceR = 2.000000, avanceI = 2.000000
inc_x_r = 0.000000, inc_y_r = 1.000000, inc_x_i = 1.000000, inc_y_i = 1.000000
En el else......

----------------------------------------
x = 66.000000, y = 378.000000
avance = -265.000000, avanceR = 2.000000, avanceI = 2.000000
inc_x_r = 0.000000, inc_y_r = 1.000000, inc_x_i = 1.000000, inc_y_i = 1.000000
En el else......

----------------------------------------
x = 66.000000, y = 379.000000
avance = -263.000000, avanceR = 2.000000, avanceI = 2.000000
inc_x_r = 0.000000, inc_y_r = 1.000000, inc_x_i = 1.000000, inc_y_i = 1.000000
En el else......

----------------------------------------
x = 66.000000, y = 380.000000
avance = -261.000000, avanceR = 2.000000, avanceI = 2.000000
inc_x_r = 0.000000, inc_y_r = 1.000000, inc_x_i = 1.000000, inc_y_i = 1.000000
En el else......

----------------------------------------
x = 66.000000, y = 381.000000
avance = -259.000000, avanceR = 2.000000, avanceI = 2.000000
inc_x_r = 0.000000, inc_y_r = 1.000000, inc_x_i = 1.000000, inc_y_i = 1.000000
En el else......

----------------------------------------
x = 66.000000, y = 382.000000
avance = -257.000000, avanceR = 2.000000, avanceI = 2.000000
inc_x_r = 0.000000, inc_y_r = 1.000000, inc_x_i = 1.000000, inc_y_i = 1.000000
En el else......

----------------------------------------
x = 66.000000, y = 383.000000
avance = -255.000000, avanceR = 2.000000, avanceI = 2.000000
inc_x_r = 0.000000, inc_y_r = 1.000000, inc_x_i = 1.000000, inc_y_i = 1.000000
En el else......

----------------------------------------
x = 66.000000, y = 384.000000
avance = -253.000000, avanceR = 2.000000, avanceI = 2.000000
inc_x_r = 0.000000, inc_y_r = 1.000000, inc_x_i = 1.000000, inc_y_i = 1.000000
En el else......

----------------------------------------
x = 66.000000, y = 385.000000
avance = -251.000000, avanceR = 2.000000, avanceI = 2.000000
inc_x_r = 0.000000, inc_y_r = 1.000000, inc_x_i = 1.000000, inc_y_i = 1.000000
En el else......

----------------------------------------


ENTRAMOS A BRESENHAMªªªª
x1 = 55.000000 - y1 = 125.000000 || x2 = 56.000000 - y2 = 376.000000
dy = 251.000000, dx = 1.000000
avances inclinados: inc_x_i = 1.000000, inc_y_i = 1.000000
updated: dy = 251.000000, dx = 1.000000
avances rectos: inc_x_r = 0.000000, inc_y_r 1.000000
reupdated: dy = 1.000000, dx = 251.000000
avanceR = 2.000000, avance -249.000000, avanceI 2.000000
----------------------------------------
x = 55.000000, y = 125.000000
avance = -249.000000, avanceR = 2.000000, avanceI = 2.000000
inc_x_r = 0.000000, inc_y_r = 1.000000, inc_x_i = 1.000000, inc_y_i = 1.000000
En el else......

----------------------------------------
x = 55.000000, y = 126.000000
avance = -247.000000, avanceR = 2.000000, avanceI = 2.000000
inc_x_r = 0.000000, inc_y_r = 1.000000, inc_x_i = 1.000000, inc_y_i = 1.000000
En el else......

----------------------------------------
x = 55.000000, y = 127.000000
avance = -245.000000, avanceR = 2.000000, avanceI = 2.000000
inc_x_r = 0.000000, inc_y_r = 1.000000, inc_x_i = 1.000000, inc_y_i = 1.000000
En el else......

----------------------------------------
x = 55.000000, y = 128.000000
avance = -243.000000, avanceR = 2.000000, avanceI = 2.000000
inc_x_r = 0.000000, inc_y_r = 1.000000, inc_x_i = 1.000000, inc_y_i = 1.000000
En el else......

----------------------------------------
x = 55.000000, y = 129.000000
avance = -241.000000, avanceR = 2.000000, avanceI = 2.000000
inc_x_r = 0.000000, inc_y_r = 1.000000, inc_x_i = 1.000000, inc_y_i = 1.000000
En el else......

----------------------------------------
x = 55.000000, y = 130.000000
avance = -239.000000, avanceR = 2.000000, avanceI = 2.000000
inc_x_r = 0.000000, inc_y_r = 1.000000, inc_x_i = 1.000000, inc_y_i = 1.000000
En el else......

----------------------------------------
x = 55.000000, y = 131.000000
avance = -237.000000, avanceR = 2.000000, avanceI = 2.000000
inc_x_r = 0.000000, inc_y_r = 1.000000, inc_x_i = 1.000000, inc_y_i = 1.000000
En el else......

----------------------------------------
x = 55.000000, y = 132.000000
avance = -235.000000, avanceR = 2.000000, avanceI = 2.000000
inc_x_r = 0.000000, inc_y_r = 1.000000, inc_x_i = 1.000000, inc_y_i = 1.000000
En el else......

----------------------------------------
x = 55.000000, y = 133.000000
avance = -233.000000, avanceR = 2.000000, avanceI = 2.000000
inc_x_r = 0.000000, inc_y_r = 1.000000, inc_x_i = 1.000000, inc_y_i = 1.000000
En el else......

----------------------------------------
x = 55.000000, y = 134.000000
avance = -231.000000, avanceR = 2.000000, avanceI = 2.000000
inc_x_r = 0.000000, inc_y_r = 1.000000, inc_x_i = 1.000000, inc_y_i = 1.000000
En el else......

----------------------------------------
x = 55.000000, y = 135.000000
avance = -229.000000, avanceR = 2.000000, avanceI = 2.000000
inc_x_r = 0.000000, inc_y_r = 1.000000, inc_x_i = 1.000000, inc_y_i = 1.000000
En el else......

----------------------------------------
x = 55.000000, y = 136.000000
avance = -227.000000, avanceR = 2.000000, avanceI = 2.000000
inc_x_r = 0.000000, inc_y_r = 1.000000, inc_x_i = 1.000000, inc_y_i = 1.000000
En el else......

----------------------------------------
x = 55.000000, y = 137.000000
avance = -225.000000, avanceR = 2.000000, avanceI = 2.000000
inc_x_r = 0.000000, inc_y_r = 1.000000, inc_x_i = 1.000000, inc_y_i = 1.000000
En el else......

----------------------------------------
x = 55.000000, y = 138.000000
avance = -223.000000, avanceR = 2.000000, avanceI = 2.000000
inc_x_r = 0.000000, inc_y_r = 1.000000, inc_x_i = 1.000000, inc_y_i = 1.000000
En el else......

----------------------------------------
x = 55.000000, y = 139.000000
avance = -221.000000, avanceR = 2.000000, avanceI = 2.000000
inc_x_r = 0.000000, inc_y_r = 1.000000, inc_x_i = 1.000000, inc_y_i = 1.000000
En el else......

----------------------------------------
x = 55.000000, y = 140.000000
avance = -219.000000, avanceR = 2.000000, avanceI = 2.000000
inc_x_r = 0.000000, inc_y_r = 1.000000, inc_x_i = 1.000000, inc_y_i = 1.000000
En el else......

----------------------------------------
x = 55.000000, y = 141.000000
avance = -217.000000, avanceR = 2.000000, avanceI = 2.000000
inc_x_r = 0.000000, inc_y_r = 1.000000, inc_x_i = 1.000000, inc_y_i = 1.000000
En el else......

----------------------------------------
x = 55.000000, y = 142.000000
avance = -215.000000, avanceR = 2.000000, avanceI = 2.000000
inc_x_r = 0.000000, inc_y_r = 1.000000, inc_x_i = 1.000000, inc_y_i = 1.000000
En el else......

----------------------------------------
x = 55.000000, y = 143.000000
avance = -213.000000, avanceR = 2.000000, avanceI = 2.000000
inc_x_r = 0.000000, inc_y_r = 1.000000, inc_x_i = 1.000000, inc_y_i = 1.000000
En el else......

----------------------------------------
x = 55.000000, y = 144.000000
avance = -211.000000, avanceR = 2.000000, avanceI = 2.000000
inc_x_r = 0.000000, inc_y_r = 1.000000, inc_x_i = 1.000000, inc_y_i = 1.000000
En el else......

----------------------------------------
x = 55.000000, y = 145.000000
avance = -209.000000, avanceR = 2.000000, avanceI = 2.000000
inc_x_r = 0.000000, inc_y_r = 1.000000, inc_x_i = 1.000000, inc_y_i = 1.000000
En el else......

----------------------------------------
x = 55.000000, y = 146.000000
avance = -207.000000, avanceR = 2.000000, avanceI = 2.000000
inc_x_r = 0.000000, inc_y_r = 1.000000, inc_x_i = 1.000000, inc_y_i = 1.000000
En el else......

----------------------------------------
x = 55.000000, y = 147.000000
avance = -205.000000, avanceR = 2.000000, avanceI = 2.000000
inc_x_r = 0.000000, inc_y_r = 1.000000, inc_x_i = 1.000000, inc_y_i = 1.000000
En el else......

----------------------------------------
x = 55.000000, y = 148.000000
avance = -203.000000, avanceR = 2.000000, avanceI = 2.000000
inc_x_r = 0.000000, inc_y_r = 1.000000, inc_x_i = 1.000000, inc_y_i = 1.000000
En el else......

----------------------------------------
x = 55.000000, y = 149.000000
avance = -201.000000, avanceR = 2.000000, avanceI = 2.000000
inc_x_r = 0.000000, inc_y_r = 1.000000, inc_x_i = 1.000000, inc_y_i = 1.000000
En el else......

----------------------------------------
x = 55.000000, y = 150.000000
avance = -199.000000, avanceR = 2.000000, avanceI = 2.000000
inc_x_r = 0.000000, inc_y_r = 1.000000, inc_x_i = 1.000000, inc_y_i = 1.000000
En el else......

----------------------------------------
x = 55.000000, y = 151.000000
avance = -197.000000, avanceR = 2.000000, avanceI = 2.000000
inc_x_r = 0.000000, inc_y_r = 1.000000, inc_x_i = 1.000000, inc_y_i = 1.000000
En el else......

----------------------------------------
x = 55.000000, y = 152.000000
avance = -195.000000, avanceR = 2.000000, avanceI = 2.000000
inc_x_r = 0.000000, inc_y_r = 1.000000, inc_x_i = 1.000000, inc_y_i = 1.000000
En el else......

----------------------------------------
x = 55.000000, y = 153.000000
avance = -193.000000, avanceR = 2.000000, avanceI = 2.000000
inc_x_r = 0.000000, inc_y_r = 1.000000, inc_x_i = 1.000000, inc_y_i = 1.000000
En el else......

----------------------------------------
x = 55.000000, y = 154.000000
avance = -191.000000, avanceR = 2.000000, avanceI = 2.000000
inc_x_r = 0.000000, inc_y_r = 1.000000, inc_x_i = 1.000000, inc_y_i = 1.000000
En el else......

----------------------------------------
x = 55.000000, y = 155.000000
avance = -189.000000, avanceR = 2.000000, avanceI = 2.000000
inc_x_r = 0.000000, inc_y_r = 1.000000, inc_x_i = 1.000000, inc_y_i = 1.000000
En el else......

----------------------------------------
x = 55.000000, y = 156.000000
avance = -187.000000, avanceR = 2.000000, avanceI = 2.000000
inc_x_r = 0.000000, inc_y_r = 1.000000, inc_x_i = 1.000000, inc_y_i = 1.000000
En el else......

----------------------------------------
x = 55.000000, y = 157.000000
avance = -185.000000, avanceR = 2.000000, avanceI = 2.000000
inc_x_r = 0.000000, inc_y_r = 1.000000, inc_x_i = 1.000000, inc_y_i = 1.000000
En el else......

----------------------------------------
x = 55.000000, y = 158.000000
avance = -183.000000, avanceR = 2.000000, avanceI = 2.000000
inc_x_r = 0.000000, inc_y_r = 1.000000, inc_x_i = 1.000000, inc_y_i = 1.000000
En el else......

----------------------------------------
x = 55.000000, y = 159.000000
avance = -181.000000, avanceR = 2.000000, avanceI = 2.000000
inc_x_r = 0.000000, inc_y_r = 1.000000, inc_x_i = 1.000000, inc_y_i = 1.000000
En el else......

----------------------------------------
x = 55.000000, y = 160.000000
avance = -179.000000, avanceR = 2.000000, avanceI = 2.000000
inc_x_r = 0.000000, inc_y_r = 1.000000, inc_x_i = 1.000000, inc_y_i = 1.000000
En el else......

----------------------------------------
x = 55.000000, y = 161.000000
avance = -177.000000, avanceR = 2.000000, avanceI = 2.000000
inc_x_r = 0.000000, inc_y_r = 1.000000, inc_x_i = 1.000000, inc_y_i = 1.000000
En el else......

----------------------------------------
x = 55.000000, y = 162.000000
avance = -175.000000, avanceR = 2.000000, avanceI = 2.000000
inc_x_r = 0.000000, inc_y_r = 1.000000, inc_x_i = 1.000000, inc_y_i = 1.000000
En el else......

----------------------------------------
x = 55.000000, y = 163.000000
avance = -173.000000, avanceR = 2.000000, avanceI = 2.000000
inc_x_r = 0.000000, inc_y_r = 1.000000, inc_x_i = 1.000000, inc_y_i = 1.000000
En el else......

----------------------------------------
x = 55.000000, y = 164.000000
avance = -171.000000, avanceR = 2.000000, avanceI = 2.000000
inc_x_r = 0.000000, inc_y_r = 1.000000, inc_x_i = 1.000000, inc_y_i = 1.000000
En el else......

----------------------------------------
x = 55.000000, y = 165.000000
avance = -169.000000, avanceR = 2.000000, avanceI = 2.000000
inc_x_r = 0.000000, inc_y_r = 1.000000, inc_x_i = 1.000000, inc_y_i = 1.000000
En el else......

----------------------------------------
x = 55.000000, y = 166.000000
avance = -167.000000, avanceR = 2.000000, avanceI = 2.000000
inc_x_r = 0.000000, inc_y_r = 1.000000, inc_x_i = 1.000000, inc_y_i = 1.000000
En el else......

----------------------------------------
x = 55.000000, y = 167.000000
avance = -165.000000, avanceR = 2.000000, avanceI = 2.000000
inc_x_r = 0.000000, inc_y_r = 1.000000, inc_x_i = 1.000000, inc_y_i = 1.000000
En el else......

----------------------------------------
x = 55.000000, y = 168.000000
avance = -163.000000, avanceR = 2.000000, avanceI = 2.000000
inc_x_r = 0.000000, inc_y_r = 1.000000, inc_x_i = 1.000000, inc_y_i = 1.000000
En el else......

----------------------------------------
x = 55.000000, y = 169.000000
avance = -161.000000, avanceR = 2.000000, avanceI = 2.000000
inc_x_r = 0.000000, inc_y_r = 1.000000, inc_x_i = 1.000000, inc_y_i = 1.000000
En el else......

----------------------------------------
x = 55.000000, y = 170.000000
avance = -159.000000, avanceR = 2.000000, avanceI = 2.000000
inc_x_r = 0.000000, inc_y_r = 1.000000, inc_x_i = 1.000000, inc_y_i = 1.000000
En el else......

----------------------------------------
x = 55.000000, y = 171.000000
avance = -157.000000, avanceR = 2.000000, avanceI = 2.000000
inc_x_r = 0.000000, inc_y_r = 1.000000, inc_x_i = 1.000000, inc_y_i = 1.000000
En el else......

----------------------------------------
x = 55.000000, y = 172.000000
avance = -155.000000, avanceR = 2.000000, avanceI = 2.000000
inc_x_r = 0.000000, inc_y_r = 1.000000, inc_x_i = 1.000000, inc_y_i = 1.000000
En el else......

----------------------------------------
x = 55.000000, y = 173.000000
avance = -153.000000, avanceR = 2.000000, avanceI = 2.000000
inc_x_r = 0.000000, inc_y_r = 1.000000, inc_x_i = 1.000000, inc_y_i = 1.000000
En el else......

----------------------------------------
x = 55.000000, y = 174.000000
avance = -151.000000, avanceR = 2.000000, avanceI = 2.000000
inc_x_r = 0.000000, inc_y_r = 1.000000, inc_x_i = 1.000000, inc_y_i = 1.000000
En el else......

----------------------------------------
x = 55.000000, y = 175.000000
avance = -149.000000, avanceR = 2.000000, avanceI = 2.000000
inc_x_r = 0.000000, inc_y_r = 1.000000, inc_x_i = 1.000000, inc_y_i = 1.000000
En el else......

----------------------------------------
x = 55.000000, y = 176.000000
avance = -147.000000, avanceR = 2.000000, avanceI = 2.000000
inc_x_r = 0.000000, inc_y_r = 1.000000, inc_x_i = 1.000000, inc_y_i = 1.000000
En el else......

----------------------------------------
x = 55.000000, y = 177.000000
avance = -145.000000, avanceR = 2.000000, avanceI = 2.000000
inc_x_r = 0.000000, inc_y_r = 1.000000, inc_x_i = 1.000000, inc_y_i = 1.000000
En el else......

----------------------------------------
x = 55.000000, y = 178.000000
avance = -143.000000, avanceR = 2.000000, avanceI = 2.000000
inc_x_r = 0.000000, inc_y_r = 1.000000, inc_x_i = 1.000000, inc_y_i = 1.000000
En el else......

----------------------------------------
x = 55.000000, y = 179.000000
avance = -141.000000, avanceR = 2.000000, avanceI = 2.000000
inc_x_r = 0.000000, inc_y_r = 1.000000, inc_x_i = 1.000000, inc_y_i = 1.000000
En el else......

----------------------------------------
x = 55.000000, y = 180.000000
avance = -139.000000, avanceR = 2.000000, avanceI = 2.000000
inc_x_r = 0.000000, inc_y_r = 1.000000, inc_x_i = 1.000000, inc_y_i = 1.000000
En el else......

----------------------------------------
x = 55.000000, y = 181.000000
avance = -137.000000, avanceR = 2.000000, avanceI = 2.000000
inc_x_r = 0.000000, inc_y_r = 1.000000, inc_x_i = 1.000000, inc_y_i = 1.000000
En el else......

----------------------------------------
x = 55.000000, y = 182.000000
avance = -135.000000, avanceR = 2.000000, avanceI = 2.000000
inc_x_r = 0.000000, inc_y_r = 1.000000, inc_x_i = 1.000000, inc_y_i = 1.000000
En el else......

----------------------------------------
x = 55.000000, y = 183.000000
avance = -133.000000, avanceR = 2.000000, avanceI = 2.000000
inc_x_r = 0.000000, inc_y_r = 1.000000, inc_x_i = 1.000000, inc_y_i = 1.000000
En el else......

----------------------------------------
x = 55.000000, y = 184.000000
avance = -131.000000, avanceR = 2.000000, avanceI = 2.000000
inc_x_r = 0.000000, inc_y_r = 1.000000, inc_x_i = 1.000000, inc_y_i = 1.000000
En el else......

----------------------------------------
x = 55.000000, y = 185.000000
avance = -129.000000, avanceR = 2.000000, avanceI = 2.000000
inc_x_r = 0.000000, inc_y_r = 1.000000, inc_x_i = 1.000000, inc_y_i = 1.000000
En el else......

----------------------------------------
x = 55.000000, y = 186.000000
avance = -127.000000, avanceR = 2.000000, avanceI = 2.000000
inc_x_r = 0.000000, inc_y_r = 1.000000, inc_x_i = 1.000000, inc_y_i = 1.000000
En el else......

----------------------------------------
x = 55.000000, y = 187.000000
avance = -125.000000, avanceR = 2.000000, avanceI = 2.000000
inc_x_r = 0.000000, inc_y_r = 1.000000, inc_x_i = 1.000000, inc_y_i = 1.000000
En el else......

----------------------------------------
x = 55.000000, y = 188.000000
avance = -123.000000, avanceR = 2.000000, avanceI = 2.000000
inc_x_r = 0.000000, inc_y_r = 1.000000, inc_x_i = 1.000000, inc_y_i = 1.000000
En el else......

----------------------------------------
x = 55.000000, y = 189.000000
avance = -121.000000, avanceR = 2.000000, avanceI = 2.000000
inc_x_r = 0.000000, inc_y_r = 1.000000, inc_x_i = 1.000000, inc_y_i = 1.000000
En el else......

----------------------------------------
x = 55.000000, y = 190.000000
avance = -119.000000, avanceR = 2.000000, avanceI = 2.000000
inc_x_r = 0.000000, inc_y_r = 1.000000, inc_x_i = 1.000000, inc_y_i = 1.000000
En el else......

----------------------------------------
x = 55.000000, y = 191.000000
avance = -117.000000, avanceR = 2.000000, avanceI = 2.000000
inc_x_r = 0.000000, inc_y_r = 1.000000, inc_x_i = 1.000000, inc_y_i = 1.000000
En el else......

----------------------------------------
x = 55.000000, y = 192.000000
avance = -115.000000, avanceR = 2.000000, avanceI = 2.000000
inc_x_r = 0.000000, inc_y_r = 1.000000, inc_x_i = 1.000000, inc_y_i = 1.000000
En el else......

----------------------------------------
x = 55.000000, y = 193.000000
avance = -113.000000, avanceR = 2.000000, avanceI = 2.000000
inc_x_r = 0.000000, inc_y_r = 1.000000, inc_x_i = 1.000000, inc_y_i = 1.000000
En el else......

----------------------------------------
x = 55.000000, y = 194.000000
avance = -111.000000, avanceR = 2.000000, avanceI = 2.000000
inc_x_r = 0.000000, inc_y_r = 1.000000, inc_x_i = 1.000000, inc_y_i = 1.000000
En el else......

----------------------------------------
x = 55.000000, y = 195.000000
avance = -109.000000, avanceR = 2.000000, avanceI = 2.000000
inc_x_r = 0.000000, inc_y_r = 1.000000, inc_x_i = 1.000000, inc_y_i = 1.000000
En el else......

----------------------------------------
x = 55.000000, y = 196.000000
avance = -107.000000, avanceR = 2.000000, avanceI = 2.000000
inc_x_r = 0.000000, inc_y_r = 1.000000, inc_x_i = 1.000000, inc_y_i = 1.000000
En el else......

----------------------------------------
x = 55.000000, y = 197.000000
avance = -105.000000, avanceR = 2.000000, avanceI = 2.000000
inc_x_r = 0.000000, inc_y_r = 1.000000, inc_x_i = 1.000000, inc_y_i = 1.000000
En el else......

----------------------------------------
x = 55.000000, y = 198.000000
avance = -103.000000, avanceR = 2.000000, avanceI = 2.000000
inc_x_r = 0.000000, inc_y_r = 1.000000, inc_x_i = 1.000000, inc_y_i = 1.000000
En el else......

----------------------------------------
x = 55.000000, y = 199.000000
avance = -101.000000, avanceR = 2.000000, avanceI = 2.000000
inc_x_r = 0.000000, inc_y_r = 1.000000, inc_x_i = 1.000000, inc_y_i = 1.000000
En el else......

----------------------------------------
x = 55.000000, y = 200.000000
avance = -99.000000, avanceR = 2.000000, avanceI = 2.000000
inc_x_r = 0.000000, inc_y_r = 1.000000, inc_x_i = 1.000000, inc_y_i = 1.000000
En el else......

----------------------------------------
x = 55.000000, y = 201.000000
avance = -97.000000, avanceR = 2.000000, avanceI = 2.000000
inc_x_r = 0.000000, inc_y_r = 1.000000, inc_x_i = 1.000000, inc_y_i = 1.000000
En el else......

----------------------------------------
x = 55.000000, y = 202.000000
avance = -95.000000, avanceR = 2.000000, avanceI = 2.000000
inc_x_r = 0.000000, inc_y_r = 1.000000, inc_x_i = 1.000000, inc_y_i = 1.000000
En el else......

----------------------------------------
x = 55.000000, y = 203.000000
avance = -93.000000, avanceR = 2.000000, avanceI = 2.000000
inc_x_r = 0.000000, inc_y_r = 1.000000, inc_x_i = 1.000000, inc_y_i = 1.000000
En el else......

----------------------------------------
x = 55.000000, y = 204.000000
avance = -91.000000, avanceR = 2.000000, avanceI = 2.000000
inc_x_r = 0.000000, inc_y_r = 1.000000, inc_x_i = 1.000000, inc_y_i = 1.000000
En el else......

----------------------------------------
x = 55.000000, y = 205.000000
avance = -89.000000, avanceR = 2.000000, avanceI = 2.000000
inc_x_r = 0.000000, inc_y_r = 1.000000, inc_x_i = 1.000000, inc_y_i = 1.000000
En el else......

----------------------------------------
x = 55.000000, y = 206.000000
avance = -87.000000, avanceR = 2.000000, avanceI = 2.000000
inc_x_r = 0.000000, inc_y_r = 1.000000, inc_x_i = 1.000000, inc_y_i = 1.000000
En el else......

----------------------------------------
x = 55.000000, y = 207.000000
avance = -85.000000, avanceR = 2.000000, avanceI = 2.000000
inc_x_r = 0.000000, inc_y_r = 1.000000, inc_x_i = 1.000000, inc_y_i = 1.000000
En el else......

----------------------------------------
x = 55.000000, y = 208.000000
avance = -83.000000, avanceR = 2.000000, avanceI = 2.000000
inc_x_r = 0.000000, inc_y_r = 1.000000, inc_x_i = 1.000000, inc_y_i = 1.000000
En el else......

----------------------------------------
x = 55.000000, y = 209.000000
avance = -81.000000, avanceR = 2.000000, avanceI = 2.000000
inc_x_r = 0.000000, inc_y_r = 1.000000, inc_x_i = 1.000000, inc_y_i = 1.000000
En el else......

----------------------------------------
x = 55.000000, y = 210.000000
avance = -79.000000, avanceR = 2.000000, avanceI = 2.000000
inc_x_r = 0.000000, inc_y_r = 1.000000, inc_x_i = 1.000000, inc_y_i = 1.000000
En el else......

----------------------------------------
x = 55.000000, y = 211.000000
avance = -77.000000, avanceR = 2.000000, avanceI = 2.000000
inc_x_r = 0.000000, inc_y_r = 1.000000, inc_x_i = 1.000000, inc_y_i = 1.000000
En el else......

----------------------------------------
x = 55.000000, y = 212.000000
avance = -75.000000, avanceR = 2.000000, avanceI = 2.000000
inc_x_r = 0.000000, inc_y_r = 1.000000, inc_x_i = 1.000000, inc_y_i = 1.000000
En el else......

----------------------------------------
x = 55.000000, y = 213.000000
avance = -73.000000, avanceR = 2.000000, avanceI = 2.000000
inc_x_r = 0.000000, inc_y_r = 1.000000, inc_x_i = 1.000000, inc_y_i = 1.000000
En el else......

----------------------------------------
x = 55.000000, y = 214.000000
avance = -71.000000, avanceR = 2.000000, avanceI = 2.000000
inc_x_r = 0.000000, inc_y_r = 1.000000, inc_x_i = 1.000000, inc_y_i = 1.000000
En el else......

----------------------------------------
x = 55.000000, y = 215.000000
avance = -69.000000, avanceR = 2.000000, avanceI = 2.000000
inc_x_r = 0.000000, inc_y_r = 1.000000, inc_x_i = 1.000000, inc_y_i = 1.000000
En el else......

----------------------------------------
x = 55.000000, y = 216.000000
avance = -67.000000, avanceR = 2.000000, avanceI = 2.000000
inc_x_r = 0.000000, inc_y_r = 1.000000, inc_x_i = 1.000000, inc_y_i = 1.000000
En el else......

----------------------------------------
x = 55.000000, y = 217.000000
avance = -65.000000, avanceR = 2.000000, avanceI = 2.000000
inc_x_r = 0.000000, inc_y_r = 1.000000, inc_x_i = 1.000000, inc_y_i = 1.000000
En el else......

----------------------------------------
x = 55.000000, y = 218.000000
avance = -63.000000, avanceR = 2.000000, avanceI = 2.000000
inc_x_r = 0.000000, inc_y_r = 1.000000, inc_x_i = 1.000000, inc_y_i = 1.000000
En el else......

----------------------------------------
x = 55.000000, y = 219.000000
avance = -61.000000, avanceR = 2.000000, avanceI = 2.000000
inc_x_r = 0.000000, inc_y_r = 1.000000, inc_x_i = 1.000000, inc_y_i = 1.000000
En el else......

----------------------------------------
x = 55.000000, y = 220.000000
avance = -59.000000, avanceR = 2.000000, avanceI = 2.000000
inc_x_r = 0.000000, inc_y_r = 1.000000, inc_x_i = 1.000000, inc_y_i = 1.000000
En el else......

----------------------------------------
x = 55.000000, y = 221.000000
avance = -57.000000, avanceR = 2.000000, avanceI = 2.000000
inc_x_r = 0.000000, inc_y_r = 1.000000, inc_x_i = 1.000000, inc_y_i = 1.000000
En el else......

----------------------------------------
x = 55.000000, y = 222.000000
avance = -55.000000, avanceR = 2.000000, avanceI = 2.000000
inc_x_r = 0.000000, inc_y_r = 1.000000, inc_x_i = 1.000000, inc_y_i = 1.000000
En el else......

----------------------------------------
x = 55.000000, y = 223.000000
avance = -53.000000, avanceR = 2.000000, avanceI = 2.000000
inc_x_r = 0.000000, inc_y_r = 1.000000, inc_x_i = 1.000000, inc_y_i = 1.000000
En el else......

----------------------------------------
x = 55.000000, y = 224.000000
avance = -51.000000, avanceR = 2.000000, avanceI = 2.000000
inc_x_r = 0.000000, inc_y_r = 1.000000, inc_x_i = 1.000000, inc_y_i = 1.000000
En el else......

----------------------------------------
x = 55.000000, y = 225.000000
avance = -49.000000, avanceR = 2.000000, avanceI = 2.000000
inc_x_r = 0.000000, inc_y_r = 1.000000, inc_x_i = 1.000000, inc_y_i = 1.000000
En el else......

----------------------------------------
x = 55.000000, y = 226.000000
avance = -47.000000, avanceR = 2.000000, avanceI = 2.000000
inc_x_r = 0.000000, inc_y_r = 1.000000, inc_x_i = 1.000000, inc_y_i = 1.000000
En el else......

----------------------------------------
x = 55.000000, y = 227.000000
avance = -45.000000, avanceR = 2.000000, avanceI = 2.000000
inc_x_r = 0.000000, inc_y_r = 1.000000, inc_x_i = 1.000000, inc_y_i = 1.000000
En el else......

----------------------------------------
x = 55.000000, y = 228.000000
avance = -43.000000, avanceR = 2.000000, avanceI = 2.000000
inc_x_r = 0.000000, inc_y_r = 1.000000, inc_x_i = 1.000000, inc_y_i = 1.000000
En el else......

----------------------------------------
x = 55.000000, y = 229.000000
avance = -41.000000, avanceR = 2.000000, avanceI = 2.000000
inc_x_r = 0.000000, inc_y_r = 1.000000, inc_x_i = 1.000000, inc_y_i = 1.000000
En el else......

----------------------------------------
x = 55.000000, y = 230.000000
avance = -39.000000, avanceR = 2.000000, avanceI = 2.000000
inc_x_r = 0.000000, inc_y_r = 1.000000, inc_x_i = 1.000000, inc_y_i = 1.000000
En el else......

----------------------------------------
x = 55.000000, y = 231.000000
avance = -37.000000, avanceR = 2.000000, avanceI = 2.000000
inc_x_r = 0.000000, inc_y_r = 1.000000, inc_x_i = 1.000000, inc_y_i = 1.000000
En el else......

----------------------------------------
x = 55.000000, y = 232.000000
avance = -35.000000, avanceR = 2.000000, avanceI = 2.000000
inc_x_r = 0.000000, inc_y_r = 1.000000, inc_x_i = 1.000000, inc_y_i = 1.000000
En el else......

----------------------------------------
x = 55.000000, y = 233.000000
avance = -33.000000, avanceR = 2.000000, avanceI = 2.000000
inc_x_r = 0.000000, inc_y_r = 1.000000, inc_x_i = 1.000000, inc_y_i = 1.000000
En el else......

----------------------------------------
x = 55.000000, y = 234.000000
avance = -31.000000, avanceR = 2.000000, avanceI = 2.000000
inc_x_r = 0.000000, inc_y_r = 1.000000, inc_x_i = 1.000000, inc_y_i = 1.000000
En el else......

----------------------------------------
x = 55.000000, y = 235.000000
avance = -29.000000, avanceR = 2.000000, avanceI = 2.000000
inc_x_r = 0.000000, inc_y_r = 1.000000, inc_x_i = 1.000000, inc_y_i = 1.000000
En el else......

----------------------------------------
x = 55.000000, y = 236.000000
avance = -27.000000, avanceR = 2.000000, avanceI = 2.000000
inc_x_r = 0.000000, inc_y_r = 1.000000, inc_x_i = 1.000000, inc_y_i = 1.000000
En el else......

----------------------------------------
x = 55.000000, y = 237.000000
avance = -25.000000, avanceR = 2.000000, avanceI = 2.000000
inc_x_r = 0.000000, inc_y_r = 1.000000, inc_x_i = 1.000000, inc_y_i = 1.000000
En el else......

----------------------------------------
x = 55.000000, y = 238.000000
avance = -23.000000, avanceR = 2.000000, avanceI = 2.000000
inc_x_r = 0.000000, inc_y_r = 1.000000, inc_x_i = 1.000000, inc_y_i = 1.000000
En el else......

----------------------------------------
x = 55.000000, y = 239.000000
avance = -21.000000, avanceR = 2.000000, avanceI = 2.000000
inc_x_r = 0.000000, inc_y_r = 1.000000, inc_x_i = 1.000000, inc_y_i = 1.000000
En el else......

----------------------------------------
x = 55.000000, y = 240.000000
avance = -19.000000, avanceR = 2.000000, avanceI = 2.000000
inc_x_r = 0.000000, inc_y_r = 1.000000, inc_x_i = 1.000000, inc_y_i = 1.000000
En el else......

----------------------------------------
x = 55.000000, y = 241.000000
avance = -17.000000, avanceR = 2.000000, avanceI = 2.000000
inc_x_r = 0.000000, inc_y_r = 1.000000, inc_x_i = 1.000000, inc_y_i = 1.000000
En el else......

----------------------------------------
x = 55.000000, y = 242.000000
avance = -15.000000, avanceR = 2.000000, avanceI = 2.000000
inc_x_r = 0.000000, inc_y_r = 1.000000, inc_x_i = 1.000000, inc_y_i = 1.000000
En el else......

----------------------------------------
x = 55.000000, y = 243.000000
avance = -13.000000, avanceR = 2.000000, avanceI = 2.000000
inc_x_r = 0.000000, inc_y_r = 1.000000, inc_x_i = 1.000000, inc_y_i = 1.000000
En el else......

----------------------------------------
x = 55.000000, y = 244.000000
avance = -11.000000, avanceR = 2.000000, avanceI = 2.000000
inc_x_r = 0.000000, inc_y_r = 1.000000, inc_x_i = 1.000000, inc_y_i = 1.000000
En el else......

----------------------------------------
x = 55.000000, y = 245.000000
avance = -9.000000, avanceR = 2.000000, avanceI = 2.000000
inc_x_r = 0.000000, inc_y_r = 1.000000, inc_x_i = 1.000000, inc_y_i = 1.000000
En el else......

----------------------------------------
x = 55.000000, y = 246.000000
avance = -7.000000, avanceR = 2.000000, avanceI = 2.000000
inc_x_r = 0.000000, inc_y_r = 1.000000, inc_x_i = 1.000000, inc_y_i = 1.000000
En el else......

----------------------------------------
x = 55.000000, y = 247.000000
avance = -5.000000, avanceR = 2.000000, avanceI = 2.000000
inc_x_r = 0.000000, inc_y_r = 1.000000, inc_x_i = 1.000000, inc_y_i = 1.000000
En el else......

----------------------------------------
x = 55.000000, y = 248.000000
avance = -3.000000, avanceR = 2.000000, avanceI = 2.000000
inc_x_r = 0.000000, inc_y_r = 1.000000, inc_x_i = 1.000000, inc_y_i = 1.000000
En el else......

----------------------------------------
x = 55.000000, y = 249.000000
avance = -1.000000, avanceR = 2.000000, avanceI = 2.000000
inc_x_r = 0.000000, inc_y_r = 1.000000, inc_x_i = 1.000000, inc_y_i = 1.000000
En el else......

----------------------------------------
x = 55.000000, y = 250.000000
avance = 1.000000, avanceR = 2.000000, avanceI = 2.000000
inc_x_r = 0.000000, inc_y_r = 1.000000, inc_x_i = 1.000000, inc_y_i = 1.000000
avance >= 0

----------------------------------------
x = 56.000000, y = 251.000000
avance = -499.000000, avanceR = 2.000000, avanceI = 2.000000
inc_x_r = 0.000000, inc_y_r = 1.000000, inc_x_i = 1.000000, inc_y_i = 1.000000
En el else......

----------------------------------------
x = 56.000000, y = 252.000000
avance = -497.000000, avanceR = 2.000000, avanceI = 2.000000
inc_x_r = 0.000000, inc_y_r = 1.000000, inc_x_i = 1.000000, inc_y_i = 1.000000
En el else......

----------------------------------------
x = 56.000000, y = 253.000000
avance = -495.000000, avanceR = 2.000000, avanceI = 2.000000
inc_x_r = 0.000000, inc_y_r = 1.000000, inc_x_i = 1.000000, inc_y_i = 1.000000
En el else......

----------------------------------------
x = 56.000000, y = 254.000000
avance = -493.000000, avanceR = 2.000000, avanceI = 2.000000
inc_x_r = 0.000000, inc_y_r = 1.000000, inc_x_i = 1.000000, inc_y_i = 1.000000
En el else......

----------------------------------------
x = 56.000000, y = 255.000000
avance = -491.000000, avanceR = 2.000000, avanceI = 2.000000
inc_x_r = 0.000000, inc_y_r = 1.000000, inc_x_i = 1.000000, inc_y_i = 1.000000
En el else......

----------------------------------------
x = 56.000000, y = 256.000000
avance = -489.000000, avanceR = 2.000000, avanceI = 2.000000
inc_x_r = 0.000000, inc_y_r = 1.000000, inc_x_i = 1.000000, inc_y_i = 1.000000
En el else......

----------------------------------------
x = 56.000000, y = 257.000000
avance = -487.000000, avanceR = 2.000000, avanceI = 2.000000
inc_x_r = 0.000000, inc_y_r = 1.000000, inc_x_i = 1.000000, inc_y_i = 1.000000
En el else......

----------------------------------------
x = 56.000000, y = 258.000000
avance = -485.000000, avanceR = 2.000000, avanceI = 2.000000
inc_x_r = 0.000000, inc_y_r = 1.000000, inc_x_i = 1.000000, inc_y_i = 1.000000
En el else......

----------------------------------------
x = 56.000000, y = 259.000000
avance = -483.000000, avanceR = 2.000000, avanceI = 2.000000
inc_x_r = 0.000000, inc_y_r = 1.000000, inc_x_i = 1.000000, inc_y_i = 1.000000
En el else......

----------------------------------------
x = 56.000000, y = 260.000000
avance = -481.000000, avanceR = 2.000000, avanceI = 2.000000
inc_x_r = 0.000000, inc_y_r = 1.000000, inc_x_i = 1.000000, inc_y_i = 1.000000
En el else......

----------------------------------------
x = 56.000000, y = 261.000000
avance = -479.000000, avanceR = 2.000000, avanceI = 2.000000
inc_x_r = 0.000000, inc_y_r = 1.000000, inc_x_i = 1.000000, inc_y_i = 1.000000
En el else......

----------------------------------------
x = 56.000000, y = 262.000000
avance = -477.000000, avanceR = 2.000000, avanceI = 2.000000
inc_x_r = 0.000000, inc_y_r = 1.000000, inc_x_i = 1.000000, inc_y_i = 1.000000
En el else......

----------------------------------------
x = 56.000000, y = 263.000000
avance = -475.000000, avanceR = 2.000000, avanceI = 2.000000
inc_x_r = 0.000000, inc_y_r = 1.000000, inc_x_i = 1.000000, inc_y_i = 1.000000
En el else......

----------------------------------------
x = 56.000000, y = 264.000000
avance = -473.000000, avanceR = 2.000000, avanceI = 2.000000
inc_x_r = 0.000000, inc_y_r = 1.000000, inc_x_i = 1.000000, inc_y_i = 1.000000
En el else......

----------------------------------------
x = 56.000000, y = 265.000000
avance = -471.000000, avanceR = 2.000000, avanceI = 2.000000
inc_x_r = 0.000000, inc_y_r = 1.000000, inc_x_i = 1.000000, inc_y_i = 1.000000
En el else......

----------------------------------------
x = 56.000000, y = 266.000000
avance = -469.000000, avanceR = 2.000000, avanceI = 2.000000
inc_x_r = 0.000000, inc_y_r = 1.000000, inc_x_i = 1.000000, inc_y_i = 1.000000
En el else......

----------------------------------------
x = 56.000000, y = 267.000000
avance = -467.000000, avanceR = 2.000000, avanceI = 2.000000
inc_x_r = 0.000000, inc_y_r = 1.000000, inc_x_i = 1.000000, inc_y_i = 1.000000
En el else......

----------------------------------------
x = 56.000000, y = 268.000000
avance = -465.000000, avanceR = 2.000000, avanceI = 2.000000
inc_x_r = 0.000000, inc_y_r = 1.000000, inc_x_i = 1.000000, inc_y_i = 1.000000
En el else......

----------------------------------------
x = 56.000000, y = 269.000000
avance = -463.000000, avanceR = 2.000000, avanceI = 2.000000
inc_x_r = 0.000000, inc_y_r = 1.000000, inc_x_i = 1.000000, inc_y_i = 1.000000
En el else......

----------------------------------------
x = 56.000000, y = 270.000000
avance = -461.000000, avanceR = 2.000000, avanceI = 2.000000
inc_x_r = 0.000000, inc_y_r = 1.000000, inc_x_i = 1.000000, inc_y_i = 1.000000
En el else......

----------------------------------------
x = 56.000000, y = 271.000000
avance = -459.000000, avanceR = 2.000000, avanceI = 2.000000
inc_x_r = 0.000000, inc_y_r = 1.000000, inc_x_i = 1.000000, inc_y_i = 1.000000
En el else......

----------------------------------------
x = 56.000000, y = 272.000000
avance = -457.000000, avanceR = 2.000000, avanceI = 2.000000
inc_x_r = 0.000000, inc_y_r = 1.000000, inc_x_i = 1.000000, inc_y_i = 1.000000
En el else......

----------------------------------------
x = 56.000000, y = 273.000000
avance = -455.000000, avanceR = 2.000000, avanceI = 2.000000
inc_x_r = 0.000000, inc_y_r = 1.000000, inc_x_i = 1.000000, inc_y_i = 1.000000
En el else......

----------------------------------------
x = 56.000000, y = 274.000000
avance = -453.000000, avanceR = 2.000000, avanceI = 2.000000
inc_x_r = 0.000000, inc_y_r = 1.000000, inc_x_i = 1.000000, inc_y_i = 1.000000
En el else......

----------------------------------------
x = 56.000000, y = 275.000000
avance = -451.000000, avanceR = 2.000000, avanceI = 2.000000
inc_x_r = 0.000000, inc_y_r = 1.000000, inc_x_i = 1.000000, inc_y_i = 1.000000
En el else......

----------------------------------------
x = 56.000000, y = 276.000000
avance = -449.000000, avanceR = 2.000000, avanceI = 2.000000
inc_x_r = 0.000000, inc_y_r = 1.000000, inc_x_i = 1.000000, inc_y_i = 1.000000
En el else......

----------------------------------------
x = 56.000000, y = 277.000000
avance = -447.000000, avanceR = 2.000000, avanceI = 2.000000
inc_x_r = 0.000000, inc_y_r = 1.000000, inc_x_i = 1.000000, inc_y_i = 1.000000
En el else......

----------------------------------------
x = 56.000000, y = 278.000000
avance = -445.000000, avanceR = 2.000000, avanceI = 2.000000
inc_x_r = 0.000000, inc_y_r = 1.000000, inc_x_i = 1.000000, inc_y_i = 1.000000
En el else......

----------------------------------------
x = 56.000000, y = 279.000000
avance = -443.000000, avanceR = 2.000000, avanceI = 2.000000
inc_x_r = 0.000000, inc_y_r = 1.000000, inc_x_i = 1.000000, inc_y_i = 1.000000
En el else......

----------------------------------------
x = 56.000000, y = 280.000000
avance = -441.000000, avanceR = 2.000000, avanceI = 2.000000
inc_x_r = 0.000000, inc_y_r = 1.000000, inc_x_i = 1.000000, inc_y_i = 1.000000
En el else......

----------------------------------------
x = 56.000000, y = 281.000000
avance = -439.000000, avanceR = 2.000000, avanceI = 2.000000
inc_x_r = 0.000000, inc_y_r = 1.000000, inc_x_i = 1.000000, inc_y_i = 1.000000
En el else......

----------------------------------------
x = 56.000000, y = 282.000000
avance = -437.000000, avanceR = 2.000000, avanceI = 2.000000
inc_x_r = 0.000000, inc_y_r = 1.000000, inc_x_i = 1.000000, inc_y_i = 1.000000
En el else......

----------------------------------------
x = 56.000000, y = 283.000000
avance = -435.000000, avanceR = 2.000000, avanceI = 2.000000
inc_x_r = 0.000000, inc_y_r = 1.000000, inc_x_i = 1.000000, inc_y_i = 1.000000
En el else......

----------------------------------------
x = 56.000000, y = 284.000000
avance = -433.000000, avanceR = 2.000000, avanceI = 2.000000
inc_x_r = 0.000000, inc_y_r = 1.000000, inc_x_i = 1.000000, inc_y_i = 1.000000
En el else......

----------------------------------------
x = 56.000000, y = 285.000000
avance = -431.000000, avanceR = 2.000000, avanceI = 2.000000
inc_x_r = 0.000000, inc_y_r = 1.000000, inc_x_i = 1.000000, inc_y_i = 1.000000
En el else......

----------------------------------------
x = 56.000000, y = 286.000000
avance = -429.000000, avanceR = 2.000000, avanceI = 2.000000
inc_x_r = 0.000000, inc_y_r = 1.000000, inc_x_i = 1.000000, inc_y_i = 1.000000
En el else......

----------------------------------------
x = 56.000000, y = 287.000000
avance = -427.000000, avanceR = 2.000000, avanceI = 2.000000
inc_x_r = 0.000000, inc_y_r = 1.000000, inc_x_i = 1.000000, inc_y_i = 1.000000
En el else......

----------------------------------------
x = 56.000000, y = 288.000000
avance = -425.000000, avanceR = 2.000000, avanceI = 2.000000
inc_x_r = 0.000000, inc_y_r = 1.000000, inc_x_i = 1.000000, inc_y_i = 1.000000
En el else......

----------------------------------------
x = 56.000000, y = 289.000000
avance = -423.000000, avanceR = 2.000000, avanceI = 2.000000
inc_x_r = 0.000000, inc_y_r = 1.000000, inc_x_i = 1.000000, inc_y_i = 1.000000
En el else......

----------------------------------------
x = 56.000000, y = 290.000000
avance = -421.000000, avanceR = 2.000000, avanceI = 2.000000
inc_x_r = 0.000000, inc_y_r = 1.000000, inc_x_i = 1.000000, inc_y_i = 1.000000
En el else......

----------------------------------------
x = 56.000000, y = 291.000000
avance = -419.000000, avanceR = 2.000000, avanceI = 2.000000
inc_x_r = 0.000000, inc_y_r = 1.000000, inc_x_i = 1.000000, inc_y_i = 1.000000
En el else......

----------------------------------------
x = 56.000000, y = 292.000000
avance = -417.000000, avanceR = 2.000000, avanceI = 2.000000
inc_x_r = 0.000000, inc_y_r = 1.000000, inc_x_i = 1.000000, inc_y_i = 1.000000
En el else......

----------------------------------------
x = 56.000000, y = 293.000000
avance = -415.000000, avanceR = 2.000000, avanceI = 2.000000
inc_x_r = 0.000000, inc_y_r = 1.000000, inc_x_i = 1.000000, inc_y_i = 1.000000
En el else......

----------------------------------------
x = 56.000000, y = 294.000000
avance = -413.000000, avanceR = 2.000000, avanceI = 2.000000
inc_x_r = 0.000000, inc_y_r = 1.000000, inc_x_i = 1.000000, inc_y_i = 1.000000
En el else......

----------------------------------------
x = 56.000000, y = 295.000000
avance = -411.000000, avanceR = 2.000000, avanceI = 2.000000
inc_x_r = 0.000000, inc_y_r = 1.000000, inc_x_i = 1.000000, inc_y_i = 1.000000
En el else......

----------------------------------------
x = 56.000000, y = 296.000000
avance = -409.000000, avanceR = 2.000000, avanceI = 2.000000
inc_x_r = 0.000000, inc_y_r = 1.000000, inc_x_i = 1.000000, inc_y_i = 1.000000
En el else......

----------------------------------------
x = 56.000000, y = 297.000000
avance = -407.000000, avanceR = 2.000000, avanceI = 2.000000
inc_x_r = 0.000000, inc_y_r = 1.000000, inc_x_i = 1.000000, inc_y_i = 1.000000
En el else......

----------------------------------------
x = 56.000000, y = 298.000000
avance = -405.000000, avanceR = 2.000000, avanceI = 2.000000
inc_x_r = 0.000000, inc_y_r = 1.000000, inc_x_i = 1.000000, inc_y_i = 1.000000
En el else......

----------------------------------------
x = 56.000000, y = 299.000000
avance = -403.000000, avanceR = 2.000000, avanceI = 2.000000
inc_x_r = 0.000000, inc_y_r = 1.000000, inc_x_i = 1.000000, inc_y_i = 1.000000
En el else......

----------------------------------------
x = 56.000000, y = 300.000000
avance = -401.000000, avanceR = 2.000000, avanceI = 2.000000
inc_x_r = 0.000000, inc_y_r = 1.000000, inc_x_i = 1.000000, inc_y_i = 1.000000
En el else......

----------------------------------------
x = 56.000000, y = 301.000000
avance = -399.000000, avanceR = 2.000000, avanceI = 2.000000
inc_x_r = 0.000000, inc_y_r = 1.000000, inc_x_i = 1.000000, inc_y_i = 1.000000
En el else......

----------------------------------------
x = 56.000000, y = 302.000000
avance = -397.000000, avanceR = 2.000000, avanceI = 2.000000
inc_x_r = 0.000000, inc_y_r = 1.000000, inc_x_i = 1.000000, inc_y_i = 1.000000
En el else......

----------------------------------------
x = 56.000000, y = 303.000000
avance = -395.000000, avanceR = 2.000000, avanceI = 2.000000
inc_x_r = 0.000000, inc_y_r = 1.000000, inc_x_i = 1.000000, inc_y_i = 1.000000
En el else......

----------------------------------------
x = 56.000000, y = 304.000000
avance = -393.000000, avanceR = 2.000000, avanceI = 2.000000
inc_x_r = 0.000000, inc_y_r = 1.000000, inc_x_i = 1.000000, inc_y_i = 1.000000
En el else......

----------------------------------------
x = 56.000000, y = 305.000000
avance = -391.000000, avanceR = 2.000000, avanceI = 2.000000
inc_x_r = 0.000000, inc_y_r = 1.000000, inc_x_i = 1.000000, inc_y_i = 1.000000
En el else......

----------------------------------------
x = 56.000000, y = 306.000000
avance = -389.000000, avanceR = 2.000000, avanceI = 2.000000
inc_x_r = 0.000000, inc_y_r = 1.000000, inc_x_i = 1.000000, inc_y_i = 1.000000
En el else......

----------------------------------------
x = 56.000000, y = 307.000000
avance = -387.000000, avanceR = 2.000000, avanceI = 2.000000
inc_x_r = 0.000000, inc_y_r = 1.000000, inc_x_i = 1.000000, inc_y_i = 1.000000
En el else......

----------------------------------------
x = 56.000000, y = 308.000000
avance = -385.000000, avanceR = 2.000000, avanceI = 2.000000
inc_x_r = 0.000000, inc_y_r = 1.000000, inc_x_i = 1.000000, inc_y_i = 1.000000
En el else......

----------------------------------------
x = 56.000000, y = 309.000000
avance = -383.000000, avanceR = 2.000000, avanceI = 2.000000
inc_x_r = 0.000000, inc_y_r = 1.000000, inc_x_i = 1.000000, inc_y_i = 1.000000
En el else......

----------------------------------------
x = 56.000000, y = 310.000000
avance = -381.000000, avanceR = 2.000000, avanceI = 2.000000
inc_x_r = 0.000000, inc_y_r = 1.000000, inc_x_i = 1.000000, inc_y_i = 1.000000
En el else......

----------------------------------------
x = 56.000000, y = 311.000000
avance = -379.000000, avanceR = 2.000000, avanceI = 2.000000
inc_x_r = 0.000000, inc_y_r = 1.000000, inc_x_i = 1.000000, inc_y_i = 1.000000
En el else......

----------------------------------------
x = 56.000000, y = 312.000000
avance = -377.000000, avanceR = 2.000000, avanceI = 2.000000
inc_x_r = 0.000000, inc_y_r = 1.000000, inc_x_i = 1.000000, inc_y_i = 1.000000
En el else......

----------------------------------------
x = 56.000000, y = 313.000000
avance = -375.000000, avanceR = 2.000000, avanceI = 2.000000
inc_x_r = 0.000000, inc_y_r = 1.000000, inc_x_i = 1.000000, inc_y_i = 1.000000
En el else......

----------------------------------------
x = 56.000000, y = 314.000000
avance = -373.000000, avanceR = 2.000000, avanceI = 2.000000
inc_x_r = 0.000000, inc_y_r = 1.000000, inc_x_i = 1.000000, inc_y_i = 1.000000
En el else......

----------------------------------------
x = 56.000000, y = 315.000000
avance = -371.000000, avanceR = 2.000000, avanceI = 2.000000
inc_x_r = 0.000000, inc_y_r = 1.000000, inc_x_i = 1.000000, inc_y_i = 1.000000
En el else......

----------------------------------------
x = 56.000000, y = 316.000000
avance = -369.000000, avanceR = 2.000000, avanceI = 2.000000
inc_x_r = 0.000000, inc_y_r = 1.000000, inc_x_i = 1.000000, inc_y_i = 1.000000
En el else......

----------------------------------------
x = 56.000000, y = 317.000000
avance = -367.000000, avanceR = 2.000000, avanceI = 2.000000
inc_x_r = 0.000000, inc_y_r = 1.000000, inc_x_i = 1.000000, inc_y_i = 1.000000
En el else......

----------------------------------------
x = 56.000000, y = 318.000000
avance = -365.000000, avanceR = 2.000000, avanceI = 2.000000
inc_x_r = 0.000000, inc_y_r = 1.000000, inc_x_i = 1.000000, inc_y_i = 1.000000
En el else......

----------------------------------------
x = 56.000000, y = 319.000000
avance = -363.000000, avanceR = 2.000000, avanceI = 2.000000
inc_x_r = 0.000000, inc_y_r = 1.000000, inc_x_i = 1.000000, inc_y_i = 1.000000
En el else......

----------------------------------------
x = 56.000000, y = 320.000000
avance = -361.000000, avanceR = 2.000000, avanceI = 2.000000
inc_x_r = 0.000000, inc_y_r = 1.000000, inc_x_i = 1.000000, inc_y_i = 1.000000
En el else......

----------------------------------------
x = 56.000000, y = 321.000000
avance = -359.000000, avanceR = 2.000000, avanceI = 2.000000
inc_x_r = 0.000000, inc_y_r = 1.000000, inc_x_i = 1.000000, inc_y_i = 1.000000
En el else......

----------------------------------------
x = 56.000000, y = 322.000000
avance = -357.000000, avanceR = 2.000000, avanceI = 2.000000
inc_x_r = 0.000000, inc_y_r = 1.000000, inc_x_i = 1.000000, inc_y_i = 1.000000
En el else......

----------------------------------------
x = 56.000000, y = 323.000000
avance = -355.000000, avanceR = 2.000000, avanceI = 2.000000
inc_x_r = 0.000000, inc_y_r = 1.000000, inc_x_i = 1.000000, inc_y_i = 1.000000
En el else......

----------------------------------------
x = 56.000000, y = 324.000000
avance = -353.000000, avanceR = 2.000000, avanceI = 2.000000
inc_x_r = 0.000000, inc_y_r = 1.000000, inc_x_i = 1.000000, inc_y_i = 1.000000
En el else......

----------------------------------------
x = 56.000000, y = 325.000000
avance = -351.000000, avanceR = 2.000000, avanceI = 2.000000
inc_x_r = 0.000000, inc_y_r = 1.000000, inc_x_i = 1.000000, inc_y_i = 1.000000
En el else......

----------------------------------------
x = 56.000000, y = 326.000000
avance = -349.000000, avanceR = 2.000000, avanceI = 2.000000
inc_x_r = 0.000000, inc_y_r = 1.000000, inc_x_i = 1.000000, inc_y_i = 1.000000
En el else......

----------------------------------------
x = 56.000000, y = 327.000000
avance = -347.000000, avanceR = 2.000000, avanceI = 2.000000
inc_x_r = 0.000000, inc_y_r = 1.000000, inc_x_i = 1.000000, inc_y_i = 1.000000
En el else......

----------------------------------------
x = 56.000000, y = 328.000000
avance = -345.000000, avanceR = 2.000000, avanceI = 2.000000
inc_x_r = 0.000000, inc_y_r = 1.000000, inc_x_i = 1.000000, inc_y_i = 1.000000
En el else......

----------------------------------------
x = 56.000000, y = 329.000000
avance = -343.000000, avanceR = 2.000000, avanceI = 2.000000
inc_x_r = 0.000000, inc_y_r = 1.000000, inc_x_i = 1.000000, inc_y_i = 1.000000
En el else......

----------------------------------------
x = 56.000000, y = 330.000000
avance = -341.000000, avanceR = 2.000000, avanceI = 2.000000
inc_x_r = 0.000000, inc_y_r = 1.000000, inc_x_i = 1.000000, inc_y_i = 1.000000
En el else......

----------------------------------------
x = 56.000000, y = 331.000000
avance = -339.000000, avanceR = 2.000000, avanceI = 2.000000
inc_x_r = 0.000000, inc_y_r = 1.000000, inc_x_i = 1.000000, inc_y_i = 1.000000
En el else......

----------------------------------------
x = 56.000000, y = 332.000000
avance = -337.000000, avanceR = 2.000000, avanceI = 2.000000
inc_x_r = 0.000000, inc_y_r = 1.000000, inc_x_i = 1.000000, inc_y_i = 1.000000
En el else......

----------------------------------------
x = 56.000000, y = 333.000000
avance = -335.000000, avanceR = 2.000000, avanceI = 2.000000
inc_x_r = 0.000000, inc_y_r = 1.000000, inc_x_i = 1.000000, inc_y_i = 1.000000
En el else......

----------------------------------------
x = 56.000000, y = 334.000000
avance = -333.000000, avanceR = 2.000000, avanceI = 2.000000
inc_x_r = 0.000000, inc_y_r = 1.000000, inc_x_i = 1.000000, inc_y_i = 1.000000
En el else......

----------------------------------------
x = 56.000000, y = 335.000000
avance = -331.000000, avanceR = 2.000000, avanceI = 2.000000
inc_x_r = 0.000000, inc_y_r = 1.000000, inc_x_i = 1.000000, inc_y_i = 1.000000
En el else......

----------------------------------------
x = 56.000000, y = 336.000000
avance = -329.000000, avanceR = 2.000000, avanceI = 2.000000
inc_x_r = 0.000000, inc_y_r = 1.000000, inc_x_i = 1.000000, inc_y_i = 1.000000
En el else......

----------------------------------------
x = 56.000000, y = 337.000000
avance = -327.000000, avanceR = 2.000000, avanceI = 2.000000
inc_x_r = 0.000000, inc_y_r = 1.000000, inc_x_i = 1.000000, inc_y_i = 1.000000
En el else......

----------------------------------------
x = 56.000000, y = 338.000000
avance = -325.000000, avanceR = 2.000000, avanceI = 2.000000
inc_x_r = 0.000000, inc_y_r = 1.000000, inc_x_i = 1.000000, inc_y_i = 1.000000
En el else......

----------------------------------------
x = 56.000000, y = 339.000000
avance = -323.000000, avanceR = 2.000000, avanceI = 2.000000
inc_x_r = 0.000000, inc_y_r = 1.000000, inc_x_i = 1.000000, inc_y_i = 1.000000
En el else......

----------------------------------------
x = 56.000000, y = 340.000000
avance = -321.000000, avanceR = 2.000000, avanceI = 2.000000
inc_x_r = 0.000000, inc_y_r = 1.000000, inc_x_i = 1.000000, inc_y_i = 1.000000
En el else......

----------------------------------------
x = 56.000000, y = 341.000000
avance = -319.000000, avanceR = 2.000000, avanceI = 2.000000
inc_x_r = 0.000000, inc_y_r = 1.000000, inc_x_i = 1.000000, inc_y_i = 1.000000
En el else......

----------------------------------------
x = 56.000000, y = 342.000000
avance = -317.000000, avanceR = 2.000000, avanceI = 2.000000
inc_x_r = 0.000000, inc_y_r = 1.000000, inc_x_i = 1.000000, inc_y_i = 1.000000
En el else......

----------------------------------------
x = 56.000000, y = 343.000000
avance = -315.000000, avanceR = 2.000000, avanceI = 2.000000
inc_x_r = 0.000000, inc_y_r = 1.000000, inc_x_i = 1.000000, inc_y_i = 1.000000
En el else......

----------------------------------------
x = 56.000000, y = 344.000000
avance = -313.000000, avanceR = 2.000000, avanceI = 2.000000
inc_x_r = 0.000000, inc_y_r = 1.000000, inc_x_i = 1.000000, inc_y_i = 1.000000
En el else......

----------------------------------------
x = 56.000000, y = 345.000000
avance = -311.000000, avanceR = 2.000000, avanceI = 2.000000
inc_x_r = 0.000000, inc_y_r = 1.000000, inc_x_i = 1.000000, inc_y_i = 1.000000
En el else......

----------------------------------------
x = 56.000000, y = 346.000000
avance = -309.000000, avanceR = 2.000000, avanceI = 2.000000
inc_x_r = 0.000000, inc_y_r = 1.000000, inc_x_i = 1.000000, inc_y_i = 1.000000
En el else......

----------------------------------------
x = 56.000000, y = 347.000000
avance = -307.000000, avanceR = 2.000000, avanceI = 2.000000
inc_x_r = 0.000000, inc_y_r = 1.000000, inc_x_i = 1.000000, inc_y_i = 1.000000
En el else......

----------------------------------------
x = 56.000000, y = 348.000000
avance = -305.000000, avanceR = 2.000000, avanceI = 2.000000
inc_x_r = 0.000000, inc_y_r = 1.000000, inc_x_i = 1.000000, inc_y_i = 1.000000
En el else......

----------------------------------------
x = 56.000000, y = 349.000000
avance = -303.000000, avanceR = 2.000000, avanceI = 2.000000
inc_x_r = 0.000000, inc_y_r = 1.000000, inc_x_i = 1.000000, inc_y_i = 1.000000
En el else......

----------------------------------------
x = 56.000000, y = 350.000000
avance = -301.000000, avanceR = 2.000000, avanceI = 2.000000
inc_x_r = 0.000000, inc_y_r = 1.000000, inc_x_i = 1.000000, inc_y_i = 1.000000
En el else......

----------------------------------------
x = 56.000000, y = 351.000000
avance = -299.000000, avanceR = 2.000000, avanceI = 2.000000
inc_x_r = 0.000000, inc_y_r = 1.000000, inc_x_i = 1.000000, inc_y_i = 1.000000
En el else......

----------------------------------------
x = 56.000000, y = 352.000000
avance = -297.000000, avanceR = 2.000000, avanceI = 2.000000
inc_x_r = 0.000000, inc_y_r = 1.000000, inc_x_i = 1.000000, inc_y_i = 1.000000
En el else......

----------------------------------------
x = 56.000000, y = 353.000000
avance = -295.000000, avanceR = 2.000000, avanceI = 2.000000
inc_x_r = 0.000000, inc_y_r = 1.000000, inc_x_i = 1.000000, inc_y_i = 1.000000
En el else......

----------------------------------------
x = 56.000000, y = 354.000000
avance = -293.000000, avanceR = 2.000000, avanceI = 2.000000
inc_x_r = 0.000000, inc_y_r = 1.000000, inc_x_i = 1.000000, inc_y_i = 1.000000
En el else......

----------------------------------------
x = 56.000000, y = 355.000000
avance = -291.000000, avanceR = 2.000000, avanceI = 2.000000
inc_x_r = 0.000000, inc_y_r = 1.000000, inc_x_i = 1.000000, inc_y_i = 1.000000
En el else......

----------------------------------------
x = 56.000000, y = 356.000000
avance = -289.000000, avanceR = 2.000000, avanceI = 2.000000
inc_x_r = 0.000000, inc_y_r = 1.000000, inc_x_i = 1.000000, inc_y_i = 1.000000
En el else......

----------------------------------------
x = 56.000000, y = 357.000000
avance = -287.000000, avanceR = 2.000000, avanceI = 2.000000
inc_x_r = 0.000000, inc_y_r = 1.000000, inc_x_i = 1.000000, inc_y_i = 1.000000
En el else......

----------------------------------------
x = 56.000000, y = 358.000000
avance = -285.000000, avanceR = 2.000000, avanceI = 2.000000
inc_x_r = 0.000000, inc_y_r = 1.000000, inc_x_i = 1.000000, inc_y_i = 1.000000
En el else......

----------------------------------------
x = 56.000000, y = 359.000000
avance = -283.000000, avanceR = 2.000000, avanceI = 2.000000
inc_x_r = 0.000000, inc_y_r = 1.000000, inc_x_i = 1.000000, inc_y_i = 1.000000
En el else......

----------------------------------------
x = 56.000000, y = 360.000000
avance = -281.000000, avanceR = 2.000000, avanceI = 2.000000
inc_x_r = 0.000000, inc_y_r = 1.000000, inc_x_i = 1.000000, inc_y_i = 1.000000
En el else......

----------------------------------------
x = 56.000000, y = 361.000000
avance = -279.000000, avanceR = 2.000000, avanceI = 2.000000
inc_x_r = 0.000000, inc_y_r = 1.000000, inc_x_i = 1.000000, inc_y_i = 1.000000
En el else......

----------------------------------------
x = 56.000000, y = 362.000000
avance = -277.000000, avanceR = 2.000000, avanceI = 2.000000
inc_x_r = 0.000000, inc_y_r = 1.000000, inc_x_i = 1.000000, inc_y_i = 1.000000
En el else......

----------------------------------------
x = 56.000000, y = 363.000000
avance = -275.000000, avanceR = 2.000000, avanceI = 2.000000
inc_x_r = 0.000000, inc_y_r = 1.000000, inc_x_i = 1.000000, inc_y_i = 1.000000
En el else......

----------------------------------------
x = 56.000000, y = 364.000000
avance = -273.000000, avanceR = 2.000000, avanceI = 2.000000
inc_x_r = 0.000000, inc_y_r = 1.000000, inc_x_i = 1.000000, inc_y_i = 1.000000
En el else......

----------------------------------------
x = 56.000000, y = 365.000000
avance = -271.000000, avanceR = 2.000000, avanceI = 2.000000
inc_x_r = 0.000000, inc_y_r = 1.000000, inc_x_i = 1.000000, inc_y_i = 1.000000
En el else......

----------------------------------------
x = 56.000000, y = 366.000000
avance = -269.000000, avanceR = 2.000000, avanceI = 2.000000
inc_x_r = 0.000000, inc_y_r = 1.000000, inc_x_i = 1.000000, inc_y_i = 1.000000
En el else......

----------------------------------------
x = 56.000000, y = 367.000000
avance = -267.000000, avanceR = 2.000000, avanceI = 2.000000
inc_x_r = 0.000000, inc_y_r = 1.000000, inc_x_i = 1.000000, inc_y_i = 1.000000
En el else......

----------------------------------------
x = 56.000000, y = 368.000000
avance = -265.000000, avanceR = 2.000000, avanceI = 2.000000
inc_x_r = 0.000000, inc_y_r = 1.000000, inc_x_i = 1.000000, inc_y_i = 1.000000
En el else......

----------------------------------------
x = 56.000000, y = 369.000000
avance = -263.000000, avanceR = 2.000000, avanceI = 2.000000
inc_x_r = 0.000000, inc_y_r = 1.000000, inc_x_i = 1.000000, inc_y_i = 1.000000
En el else......

----------------------------------------
x = 56.000000, y = 370.000000
avance = -261.000000, avanceR = 2.000000, avanceI = 2.000000
inc_x_r = 0.000000, inc_y_r = 1.000000, inc_x_i = 1.000000, inc_y_i = 1.000000
En el else......

----------------------------------------
x = 56.000000, y = 371.000000
avance = -259.000000, avanceR = 2.000000, avanceI = 2.000000
inc_x_r = 0.000000, inc_y_r = 1.000000, inc_x_i = 1.000000, inc_y_i = 1.000000
En el else......

----------------------------------------
x = 56.000000, y = 372.000000
avance = -257.000000, avanceR = 2.000000, avanceI = 2.000000
inc_x_r = 0.000000, inc_y_r = 1.000000, inc_x_i = 1.000000, inc_y_i = 1.000000
En el else......

----------------------------------------
x = 56.000000, y = 373.000000
avance = -255.000000, avanceR = 2.000000, avanceI = 2.000000
inc_x_r = 0.000000, inc_y_r = 1.000000, inc_x_i = 1.000000, inc_y_i = 1.000000
En el else......

----------------------------------------
x = 56.000000, y = 374.000000
avance = -253.000000, avanceR = 2.000000, avanceI = 2.000000
inc_x_r = 0.000000, inc_y_r = 1.000000, inc_x_i = 1.000000, inc_y_i = 1.000000
En el else......

----------------------------------------
x = 56.000000, y = 375.000000
avance = -251.000000, avanceR = 2.000000, avanceI = 2.000000
inc_x_r = 0.000000, inc_y_r = 1.000000, inc_x_i = 1.000000, inc_y_i = 1.000000
En el else......

----------------------------------------


ENTRAMOS A BRESENHAMªªªª
x1 = 45.000000 - y1 = 115.000000 || x2 = 46.000000 - y2 = 366.000000
dy = 251.000000, dx = 1.000000
avances inclinados: inc_x_i = 1.000000, inc_y_i = 1.000000
updated: dy = 251.000000, dx = 1.000000
avances rectos: inc_x_r = 0.000000, inc_y_r 1.000000
reupdated: dy = 1.000000, dx = 251.000000
avanceR = 2.000000, avance -249.000000, avanceI 2.000000
----------------------------------------
x = 45.000000, y = 115.000000
avance = -249.000000, avanceR = 2.000000, avanceI = 2.000000
inc_x_r = 0.000000, inc_y_r = 1.000000, inc_x_i = 1.000000, inc_y_i = 1.000000
En el else......

----------------------------------------
x = 45.000000, y = 116.000000
avance = -247.000000, avanceR = 2.000000, avanceI = 2.000000
inc_x_r = 0.000000, inc_y_r = 1.000000, inc_x_i = 1.000000, inc_y_i = 1.000000
En el else......

----------------------------------------
x = 45.000000, y = 117.000000
avance = -245.000000, avanceR = 2.000000, avanceI = 2.000000
inc_x_r = 0.000000, inc_y_r = 1.000000, inc_x_i = 1.000000, inc_y_i = 1.000000
En el else......

----------------------------------------
x = 45.000000, y = 118.000000
avance = -243.000000, avanceR = 2.000000, avanceI = 2.000000
inc_x_r = 0.000000, inc_y_r = 1.000000, inc_x_i = 1.000000, inc_y_i = 1.000000
En el else......

----------------------------------------
x = 45.000000, y = 119.000000
avance = -241.000000, avanceR = 2.000000, avanceI = 2.000000
inc_x_r = 0.000000, inc_y_r = 1.000000, inc_x_i = 1.000000, inc_y_i = 1.000000
En el else......

----------------------------------------
x = 45.000000, y = 120.000000
avance = -239.000000, avanceR = 2.000000, avanceI = 2.000000
inc_x_r = 0.000000, inc_y_r = 1.000000, inc_x_i = 1.000000, inc_y_i = 1.000000
En el else......

----------------------------------------
x = 45.000000, y = 121.000000
avance = -237.000000, avanceR = 2.000000, avanceI = 2.000000
inc_x_r = 0.000000, inc_y_r = 1.000000, inc_x_i = 1.000000, inc_y_i = 1.000000
En el else......

----------------------------------------
x = 45.000000, y = 122.000000
avance = -235.000000, avanceR = 2.000000, avanceI = 2.000000
inc_x_r = 0.000000, inc_y_r = 1.000000, inc_x_i = 1.000000, inc_y_i = 1.000000
En el else......

----------------------------------------
x = 45.000000, y = 123.000000
avance = -233.000000, avanceR = 2.000000, avanceI = 2.000000
inc_x_r = 0.000000, inc_y_r = 1.000000, inc_x_i = 1.000000, inc_y_i = 1.000000
En el else......

----------------------------------------
x = 45.000000, y = 124.000000
avance = -231.000000, avanceR = 2.000000, avanceI = 2.000000
inc_x_r = 0.000000, inc_y_r = 1.000000, inc_x_i = 1.000000, inc_y_i = 1.000000
En el else......

----------------------------------------
x = 45.000000, y = 125.000000
avance = -229.000000, avanceR = 2.000000, avanceI = 2.000000
inc_x_r = 0.000000, inc_y_r = 1.000000, inc_x_i = 1.000000, inc_y_i = 1.000000
En el else......

----------------------------------------
x = 45.000000, y = 126.000000
avance = -227.000000, avanceR = 2.000000, avanceI = 2.000000
inc_x_r = 0.000000, inc_y_r = 1.000000, inc_x_i = 1.000000, inc_y_i = 1.000000
En el else......

----------------------------------------
x = 45.000000, y = 127.000000
avance = -225.000000, avanceR = 2.000000, avanceI = 2.000000
inc_x_r = 0.000000, inc_y_r = 1.000000, inc_x_i = 1.000000, inc_y_i = 1.000000
En el else......

----------------------------------------
x = 45.000000, y = 128.000000
avance = -223.000000, avanceR = 2.000000, avanceI = 2.000000
inc_x_r = 0.000000, inc_y_r = 1.000000, inc_x_i = 1.000000, inc_y_i = 1.000000
En el else......

----------------------------------------
x = 45.000000, y = 129.000000
avance = -221.000000, avanceR = 2.000000, avanceI = 2.000000
inc_x_r = 0.000000, inc_y_r = 1.000000, inc_x_i = 1.000000, inc_y_i = 1.000000
En el else......

----------------------------------------
x = 45.000000, y = 130.000000
avance = -219.000000, avanceR = 2.000000, avanceI = 2.000000
inc_x_r = 0.000000, inc_y_r = 1.000000, inc_x_i = 1.000000, inc_y_i = 1.000000
En el else......

----------------------------------------
x = 45.000000, y = 131.000000
avance = -217.000000, avanceR = 2.000000, avanceI = 2.000000
inc_x_r = 0.000000, inc_y_r = 1.000000, inc_x_i = 1.000000, inc_y_i = 1.000000
En el else......

----------------------------------------
x = 45.000000, y = 132.000000
avance = -215.000000, avanceR = 2.000000, avanceI = 2.000000
inc_x_r = 0.000000, inc_y_r = 1.000000, inc_x_i = 1.000000, inc_y_i = 1.000000
En el else......

----------------------------------------
x = 45.000000, y = 133.000000
avance = -213.000000, avanceR = 2.000000, avanceI = 2.000000
inc_x_r = 0.000000, inc_y_r = 1.000000, inc_x_i = 1.000000, inc_y_i = 1.000000
En el else......

----------------------------------------
x = 45.000000, y = 134.000000
avance = -211.000000, avanceR = 2.000000, avanceI = 2.000000
inc_x_r = 0.000000, inc_y_r = 1.000000, inc_x_i = 1.000000, inc_y_i = 1.000000
En el else......

----------------------------------------
x = 45.000000, y = 135.000000
avance = -209.000000, avanceR = 2.000000, avanceI = 2.000000
inc_x_r = 0.000000, inc_y_r = 1.000000, inc_x_i = 1.000000, inc_y_i = 1.000000
En el else......

----------------------------------------
x = 45.000000, y = 136.000000
avance = -207.000000, avanceR = 2.000000, avanceI = 2.000000
inc_x_r = 0.000000, inc_y_r = 1.000000, inc_x_i = 1.000000, inc_y_i = 1.000000
En el else......

----------------------------------------
x = 45.000000, y = 137.000000
avance = -205.000000, avanceR = 2.000000, avanceI = 2.000000
inc_x_r = 0.000000, inc_y_r = 1.000000, inc_x_i = 1.000000, inc_y_i = 1.000000
En el else......

----------------------------------------
x = 45.000000, y = 138.000000
avance = -203.000000, avanceR = 2.000000, avanceI = 2.000000
inc_x_r = 0.000000, inc_y_r = 1.000000, inc_x_i = 1.000000, inc_y_i = 1.000000
En el else......

----------------------------------------
x = 45.000000, y = 139.000000
avance = -201.000000, avanceR = 2.000000, avanceI = 2.000000
inc_x_r = 0.000000, inc_y_r = 1.000000, inc_x_i = 1.000000, inc_y_i = 1.000000
En el else......

----------------------------------------
x = 45.000000, y = 140.000000
avance = -199.000000, avanceR = 2.000000, avanceI = 2.000000
inc_x_r = 0.000000, inc_y_r = 1.000000, inc_x_i = 1.000000, inc_y_i = 1.000000
En el else......

----------------------------------------
x = 45.000000, y = 141.000000
avance = -197.000000, avanceR = 2.000000, avanceI = 2.000000
inc_x_r = 0.000000, inc_y_r = 1.000000, inc_x_i = 1.000000, inc_y_i = 1.000000
En el else......

----------------------------------------
x = 45.000000, y = 142.000000
avance = -195.000000, avanceR = 2.000000, avanceI = 2.000000
inc_x_r = 0.000000, inc_y_r = 1.000000, inc_x_i = 1.000000, inc_y_i = 1.000000
En el else......

----------------------------------------
x = 45.000000, y = 143.000000
avance = -193.000000, avanceR = 2.000000, avanceI = 2.000000
inc_x_r = 0.000000, inc_y_r = 1.000000, inc_x_i = 1.000000, inc_y_i = 1.000000
En el else......

----------------------------------------
x = 45.000000, y = 144.000000
avance = -191.000000, avanceR = 2.000000, avanceI = 2.000000
inc_x_r = 0.000000, inc_y_r = 1.000000, inc_x_i = 1.000000, inc_y_i = 1.000000
En el else......

----------------------------------------
x = 45.000000, y = 145.000000
avance = -189.000000, avanceR = 2.000000, avanceI = 2.000000
inc_x_r = 0.000000, inc_y_r = 1.000000, inc_x_i = 1.000000, inc_y_i = 1.000000
En el else......

----------------------------------------
x = 45.000000, y = 146.000000
avance = -187.000000, avanceR = 2.000000, avanceI = 2.000000
inc_x_r = 0.000000, inc_y_r = 1.000000, inc_x_i = 1.000000, inc_y_i = 1.000000
En el else......

----------------------------------------
x = 45.000000, y = 147.000000
avance = -185.000000, avanceR = 2.000000, avanceI = 2.000000
inc_x_r = 0.000000, inc_y_r = 1.000000, inc_x_i = 1.000000, inc_y_i = 1.000000
En el else......

----------------------------------------
x = 45.000000, y = 148.000000
avance = -183.000000, avanceR = 2.000000, avanceI = 2.000000
inc_x_r = 0.000000, inc_y_r = 1.000000, inc_x_i = 1.000000, inc_y_i = 1.000000
En el else......

----------------------------------------
x = 45.000000, y = 149.000000
avance = -181.000000, avanceR = 2.000000, avanceI = 2.000000
inc_x_r = 0.000000, inc_y_r = 1.000000, inc_x_i = 1.000000, inc_y_i = 1.000000
En el else......

----------------------------------------
x = 45.000000, y = 150.000000
avance = -179.000000, avanceR = 2.000000, avanceI = 2.000000
inc_x_r = 0.000000, inc_y_r = 1.000000, inc_x_i = 1.000000, inc_y_i = 1.000000
En el else......

----------------------------------------
x = 45.000000, y = 151.000000
avance = -177.000000, avanceR = 2.000000, avanceI = 2.000000
inc_x_r = 0.000000, inc_y_r = 1.000000, inc_x_i = 1.000000, inc_y_i = 1.000000
En el else......

----------------------------------------
x = 45.000000, y = 152.000000
avance = -175.000000, avanceR = 2.000000, avanceI = 2.000000
inc_x_r = 0.000000, inc_y_r = 1.000000, inc_x_i = 1.000000, inc_y_i = 1.000000
En el else......

----------------------------------------
x = 45.000000, y = 153.000000
avance = -173.000000, avanceR = 2.000000, avanceI = 2.000000
inc_x_r = 0.000000, inc_y_r = 1.000000, inc_x_i = 1.000000, inc_y_i = 1.000000
En el else......

----------------------------------------
x = 45.000000, y = 154.000000
avance = -171.000000, avanceR = 2.000000, avanceI = 2.000000
inc_x_r = 0.000000, inc_y_r = 1.000000, inc_x_i = 1.000000, inc_y_i = 1.000000
En el else......

----------------------------------------
x = 45.000000, y = 155.000000
avance = -169.000000, avanceR = 2.000000, avanceI = 2.000000
inc_x_r = 0.000000, inc_y_r = 1.000000, inc_x_i = 1.000000, inc_y_i = 1.000000
En el else......

----------------------------------------
x = 45.000000, y = 156.000000
avance = -167.000000, avanceR = 2.000000, avanceI = 2.000000
inc_x_r = 0.000000, inc_y_r = 1.000000, inc_x_i = 1.000000, inc_y_i = 1.000000
En el else......

----------------------------------------
x = 45.000000, y = 157.000000
avance = -165.000000, avanceR = 2.000000, avanceI = 2.000000
inc_x_r = 0.000000, inc_y_r = 1.000000, inc_x_i = 1.000000, inc_y_i = 1.000000
En el else......

----------------------------------------
x = 45.000000, y = 158.000000
avance = -163.000000, avanceR = 2.000000, avanceI = 2.000000
inc_x_r = 0.000000, inc_y_r = 1.000000, inc_x_i = 1.000000, inc_y_i = 1.000000
En el else......

----------------------------------------
x = 45.000000, y = 159.000000
avance = -161.000000, avanceR = 2.000000, avanceI = 2.000000
inc_x_r = 0.000000, inc_y_r = 1.000000, inc_x_i = 1.000000, inc_y_i = 1.000000
En el else......

----------------------------------------
x = 45.000000, y = 160.000000
avance = -159.000000, avanceR = 2.000000, avanceI = 2.000000
inc_x_r = 0.000000, inc_y_r = 1.000000, inc_x_i = 1.000000, inc_y_i = 1.000000
En el else......

----------------------------------------
x = 45.000000, y = 161.000000
avance = -157.000000, avanceR = 2.000000, avanceI = 2.000000
inc_x_r = 0.000000, inc_y_r = 1.000000, inc_x_i = 1.000000, inc_y_i = 1.000000
En el else......

----------------------------------------
x = 45.000000, y = 162.000000
avance = -155.000000, avanceR = 2.000000, avanceI = 2.000000
inc_x_r = 0.000000, inc_y_r = 1.000000, inc_x_i = 1.000000, inc_y_i = 1.000000
En el else......

----------------------------------------
x = 45.000000, y = 163.000000
avance = -153.000000, avanceR = 2.000000, avanceI = 2.000000
inc_x_r = 0.000000, inc_y_r = 1.000000, inc_x_i = 1.000000, inc_y_i = 1.000000
En el else......

----------------------------------------
x = 45.000000, y = 164.000000
avance = -151.000000, avanceR = 2.000000, avanceI = 2.000000
inc_x_r = 0.000000, inc_y_r = 1.000000, inc_x_i = 1.000000, inc_y_i = 1.000000
En el else......

----------------------------------------
x = 45.000000, y = 165.000000
avance = -149.000000, avanceR = 2.000000, avanceI = 2.000000
inc_x_r = 0.000000, inc_y_r = 1.000000, inc_x_i = 1.000000, inc_y_i = 1.000000
En el else......

----------------------------------------
x = 45.000000, y = 166.000000
avance = -147.000000, avanceR = 2.000000, avanceI = 2.000000
inc_x_r = 0.000000, inc_y_r = 1.000000, inc_x_i = 1.000000, inc_y_i = 1.000000
En el else......

----------------------------------------
x = 45.000000, y = 167.000000
avance = -145.000000, avanceR = 2.000000, avanceI = 2.000000
inc_x_r = 0.000000, inc_y_r = 1.000000, inc_x_i = 1.000000, inc_y_i = 1.000000
En el else......

----------------------------------------
x = 45.000000, y = 168.000000
avance = -143.000000, avanceR = 2.000000, avanceI = 2.000000
inc_x_r = 0.000000, inc_y_r = 1.000000, inc_x_i = 1.000000, inc_y_i = 1.000000
En el else......

----------------------------------------
x = 45.000000, y = 169.000000
avance = -141.000000, avanceR = 2.000000, avanceI = 2.000000
inc_x_r = 0.000000, inc_y_r = 1.000000, inc_x_i = 1.000000, inc_y_i = 1.000000
En el else......

----------------------------------------
x = 45.000000, y = 170.000000
avance = -139.000000, avanceR = 2.000000, avanceI = 2.000000
inc_x_r = 0.000000, inc_y_r = 1.000000, inc_x_i = 1.000000, inc_y_i = 1.000000
En el else......

----------------------------------------
x = 45.000000, y = 171.000000
avance = -137.000000, avanceR = 2.000000, avanceI = 2.000000
inc_x_r = 0.000000, inc_y_r = 1.000000, inc_x_i = 1.000000, inc_y_i = 1.000000
En el else......

----------------------------------------
x = 45.000000, y = 172.000000
avance = -135.000000, avanceR = 2.000000, avanceI = 2.000000
inc_x_r = 0.000000, inc_y_r = 1.000000, inc_x_i = 1.000000, inc_y_i = 1.000000
En el else......

----------------------------------------
x = 45.000000, y = 173.000000
avance = -133.000000, avanceR = 2.000000, avanceI = 2.000000
inc_x_r = 0.000000, inc_y_r = 1.000000, inc_x_i = 1.000000, inc_y_i = 1.000000
En el else......

----------------------------------------
x = 45.000000, y = 174.000000
avance = -131.000000, avanceR = 2.000000, avanceI = 2.000000
inc_x_r = 0.000000, inc_y_r = 1.000000, inc_x_i = 1.000000, inc_y_i = 1.000000
En el else......

----------------------------------------
x = 45.000000, y = 175.000000
avance = -129.000000, avanceR = 2.000000, avanceI = 2.000000
inc_x_r = 0.000000, inc_y_r = 1.000000, inc_x_i = 1.000000, inc_y_i = 1.000000
En el else......

----------------------------------------
x = 45.000000, y = 176.000000
avance = -127.000000, avanceR = 2.000000, avanceI = 2.000000
inc_x_r = 0.000000, inc_y_r = 1.000000, inc_x_i = 1.000000, inc_y_i = 1.000000
En el else......

----------------------------------------
x = 45.000000, y = 177.000000
avance = -125.000000, avanceR = 2.000000, avanceI = 2.000000
inc_x_r = 0.000000, inc_y_r = 1.000000, inc_x_i = 1.000000, inc_y_i = 1.000000
En el else......

----------------------------------------
x = 45.000000, y = 178.000000
avance = -123.000000, avanceR = 2.000000, avanceI = 2.000000
inc_x_r = 0.000000, inc_y_r = 1.000000, inc_x_i = 1.000000, inc_y_i = 1.000000
En el else......

----------------------------------------
x = 45.000000, y = 179.000000
avance = -121.000000, avanceR = 2.000000, avanceI = 2.000000
inc_x_r = 0.000000, inc_y_r = 1.000000, inc_x_i = 1.000000, inc_y_i = 1.000000
En el else......

----------------------------------------
x = 45.000000, y = 180.000000
avance = -119.000000, avanceR = 2.000000, avanceI = 2.000000
inc_x_r = 0.000000, inc_y_r = 1.000000, inc_x_i = 1.000000, inc_y_i = 1.000000
En el else......

----------------------------------------
x = 45.000000, y = 181.000000
avance = -117.000000, avanceR = 2.000000, avanceI = 2.000000
inc_x_r = 0.000000, inc_y_r = 1.000000, inc_x_i = 1.000000, inc_y_i = 1.000000
En el else......

----------------------------------------
x = 45.000000, y = 182.000000
avance = -115.000000, avanceR = 2.000000, avanceI = 2.000000
inc_x_r = 0.000000, inc_y_r = 1.000000, inc_x_i = 1.000000, inc_y_i = 1.000000
En el else......

----------------------------------------
x = 45.000000, y = 183.000000
avance = -113.000000, avanceR = 2.000000, avanceI = 2.000000
inc_x_r = 0.000000, inc_y_r = 1.000000, inc_x_i = 1.000000, inc_y_i = 1.000000
En el else......

----------------------------------------
x = 45.000000, y = 184.000000
avance = -111.000000, avanceR = 2.000000, avanceI = 2.000000
inc_x_r = 0.000000, inc_y_r = 1.000000, inc_x_i = 1.000000, inc_y_i = 1.000000
En el else......

----------------------------------------
x = 45.000000, y = 185.000000
avance = -109.000000, avanceR = 2.000000, avanceI = 2.000000
inc_x_r = 0.000000, inc_y_r = 1.000000, inc_x_i = 1.000000, inc_y_i = 1.000000
En el else......

----------------------------------------
x = 45.000000, y = 186.000000
avance = -107.000000, avanceR = 2.000000, avanceI = 2.000000
inc_x_r = 0.000000, inc_y_r = 1.000000, inc_x_i = 1.000000, inc_y_i = 1.000000
En el else......

----------------------------------------
x = 45.000000, y = 187.000000
avance = -105.000000, avanceR = 2.000000, avanceI = 2.000000
inc_x_r = 0.000000, inc_y_r = 1.000000, inc_x_i = 1.000000, inc_y_i = 1.000000
En el else......

----------------------------------------
x = 45.000000, y = 188.000000
avance = -103.000000, avanceR = 2.000000, avanceI = 2.000000
inc_x_r = 0.000000, inc_y_r = 1.000000, inc_x_i = 1.000000, inc_y_i = 1.000000
En el else......

----------------------------------------
x = 45.000000, y = 189.000000
avance = -101.000000, avanceR = 2.000000, avanceI = 2.000000
inc_x_r = 0.000000, inc_y_r = 1.000000, inc_x_i = 1.000000, inc_y_i = 1.000000
En el else......

----------------------------------------
x = 45.000000, y = 190.000000
avance = -99.000000, avanceR = 2.000000, avanceI = 2.000000
inc_x_r = 0.000000, inc_y_r = 1.000000, inc_x_i = 1.000000, inc_y_i = 1.000000
En el else......

----------------------------------------
x = 45.000000, y = 191.000000
avance = -97.000000, avanceR = 2.000000, avanceI = 2.000000
inc_x_r = 0.000000, inc_y_r = 1.000000, inc_x_i = 1.000000, inc_y_i = 1.000000
En el else......

----------------------------------------
x = 45.000000, y = 192.000000
avance = -95.000000, avanceR = 2.000000, avanceI = 2.000000
inc_x_r = 0.000000, inc_y_r = 1.000000, inc_x_i = 1.000000, inc_y_i = 1.000000
En el else......

----------------------------------------
x = 45.000000, y = 193.000000
avance = -93.000000, avanceR = 2.000000, avanceI = 2.000000
inc_x_r = 0.000000, inc_y_r = 1.000000, inc_x_i = 1.000000, inc_y_i = 1.000000
En el else......

----------------------------------------
x = 45.000000, y = 194.000000
avance = -91.000000, avanceR = 2.000000, avanceI = 2.000000
inc_x_r = 0.000000, inc_y_r = 1.000000, inc_x_i = 1.000000, inc_y_i = 1.000000
En el else......

----------------------------------------
x = 45.000000, y = 195.000000
avance = -89.000000, avanceR = 2.000000, avanceI = 2.000000
inc_x_r = 0.000000, inc_y_r = 1.000000, inc_x_i = 1.000000, inc_y_i = 1.000000
En el else......

----------------------------------------
x = 45.000000, y = 196.000000
avance = -87.000000, avanceR = 2.000000, avanceI = 2.000000
inc_x_r = 0.000000, inc_y_r = 1.000000, inc_x_i = 1.000000, inc_y_i = 1.000000
En el else......

----------------------------------------
x = 45.000000, y = 197.000000
avance = -85.000000, avanceR = 2.000000, avanceI = 2.000000
inc_x_r = 0.000000, inc_y_r = 1.000000, inc_x_i = 1.000000, inc_y_i = 1.000000
En el else......

----------------------------------------
x = 45.000000, y = 198.000000
avance = -83.000000, avanceR = 2.000000, avanceI = 2.000000
inc_x_r = 0.000000, inc_y_r = 1.000000, inc_x_i = 1.000000, inc_y_i = 1.000000
En el else......

----------------------------------------
x = 45.000000, y = 199.000000
avance = -81.000000, avanceR = 2.000000, avanceI = 2.000000
inc_x_r = 0.000000, inc_y_r = 1.000000, inc_x_i = 1.000000, inc_y_i = 1.000000
En el else......

----------------------------------------
x = 45.000000, y = 200.000000
avance = -79.000000, avanceR = 2.000000, avanceI = 2.000000
inc_x_r = 0.000000, inc_y_r = 1.000000, inc_x_i = 1.000000, inc_y_i = 1.000000
En el else......

----------------------------------------
x = 45.000000, y = 201.000000
avance = -77.000000, avanceR = 2.000000, avanceI = 2.000000
inc_x_r = 0.000000, inc_y_r = 1.000000, inc_x_i = 1.000000, inc_y_i = 1.000000
En el else......

----------------------------------------
x = 45.000000, y = 202.000000
avance = -75.000000, avanceR = 2.000000, avanceI = 2.000000
inc_x_r = 0.000000, inc_y_r = 1.000000, inc_x_i = 1.000000, inc_y_i = 1.000000
En el else......

----------------------------------------
x = 45.000000, y = 203.000000
avance = -73.000000, avanceR = 2.000000, avanceI = 2.000000
inc_x_r = 0.000000, inc_y_r = 1.000000, inc_x_i = 1.000000, inc_y_i = 1.000000
En el else......

----------------------------------------
x = 45.000000, y = 204.000000
avance = -71.000000, avanceR = 2.000000, avanceI = 2.000000
inc_x_r = 0.000000, inc_y_r = 1.000000, inc_x_i = 1.000000, inc_y_i = 1.000000
En el else......

----------------------------------------
x = 45.000000, y = 205.000000
avance = -69.000000, avanceR = 2.000000, avanceI = 2.000000
inc_x_r = 0.000000, inc_y_r = 1.000000, inc_x_i = 1.000000, inc_y_i = 1.000000
En el else......

----------------------------------------
x = 45.000000, y = 206.000000
avance = -67.000000, avanceR = 2.000000, avanceI = 2.000000
inc_x_r = 0.000000, inc_y_r = 1.000000, inc_x_i = 1.000000, inc_y_i = 1.000000
En el else......

----------------------------------------
x = 45.000000, y = 207.000000
avance = -65.000000, avanceR = 2.000000, avanceI = 2.000000
inc_x_r = 0.000000, inc_y_r = 1.000000, inc_x_i = 1.000000, inc_y_i = 1.000000
En el else......

----------------------------------------
x = 45.000000, y = 208.000000
avance = -63.000000, avanceR = 2.000000, avanceI = 2.000000
inc_x_r = 0.000000, inc_y_r = 1.000000, inc_x_i = 1.000000, inc_y_i = 1.000000
En el else......

----------------------------------------
x = 45.000000, y = 209.000000
avance = -61.000000, avanceR = 2.000000, avanceI = 2.000000
inc_x_r = 0.000000, inc_y_r = 1.000000, inc_x_i = 1.000000, inc_y_i = 1.000000
En el else......

----------------------------------------
x = 45.000000, y = 210.000000
avance = -59.000000, avanceR = 2.000000, avanceI = 2.000000
inc_x_r = 0.000000, inc_y_r = 1.000000, inc_x_i = 1.000000, inc_y_i = 1.000000
En el else......

----------------------------------------
x = 45.000000, y = 211.000000
avance = -57.000000, avanceR = 2.000000, avanceI = 2.000000
inc_x_r = 0.000000, inc_y_r = 1.000000, inc_x_i = 1.000000, inc_y_i = 1.000000
En el else......

----------------------------------------
x = 45.000000, y = 212.000000
avance = -55.000000, avanceR = 2.000000, avanceI = 2.000000
inc_x_r = 0.000000, inc_y_r = 1.000000, inc_x_i = 1.000000, inc_y_i = 1.000000
En el else......

----------------------------------------
x = 45.000000, y = 213.000000
avance = -53.000000, avanceR = 2.000000, avanceI = 2.000000
inc_x_r = 0.000000, inc_y_r = 1.000000, inc_x_i = 1.000000, inc_y_i = 1.000000
En el else......

----------------------------------------
x = 45.000000, y = 214.000000
avance = -51.000000, avanceR = 2.000000, avanceI = 2.000000
inc_x_r = 0.000000, inc_y_r = 1.000000, inc_x_i = 1.000000, inc_y_i = 1.000000
En el else......

----------------------------------------
x = 45.000000, y = 215.000000
avance = -49.000000, avanceR = 2.000000, avanceI = 2.000000
inc_x_r = 0.000000, inc_y_r = 1.000000, inc_x_i = 1.000000, inc_y_i = 1.000000
En el else......

----------------------------------------
x = 45.000000, y = 216.000000
avance = -47.000000, avanceR = 2.000000, avanceI = 2.000000
inc_x_r = 0.000000, inc_y_r = 1.000000, inc_x_i = 1.000000, inc_y_i = 1.000000
En el else......

----------------------------------------
x = 45.000000, y = 217.000000
avance = -45.000000, avanceR = 2.000000, avanceI = 2.000000
inc_x_r = 0.000000, inc_y_r = 1.000000, inc_x_i = 1.000000, inc_y_i = 1.000000
En el else......

----------------------------------------
x = 45.000000, y = 218.000000
avance = -43.000000, avanceR = 2.000000, avanceI = 2.000000
inc_x_r = 0.000000, inc_y_r = 1.000000, inc_x_i = 1.000000, inc_y_i = 1.000000
En el else......

----------------------------------------
x = 45.000000, y = 219.000000
avance = -41.000000, avanceR = 2.000000, avanceI = 2.000000
inc_x_r = 0.000000, inc_y_r = 1.000000, inc_x_i = 1.000000, inc_y_i = 1.000000
En el else......

----------------------------------------
x = 45.000000, y = 220.000000
avance = -39.000000, avanceR = 2.000000, avanceI = 2.000000
inc_x_r = 0.000000, inc_y_r = 1.000000, inc_x_i = 1.000000, inc_y_i = 1.000000
En el else......

----------------------------------------
x = 45.000000, y = 221.000000
avance = -37.000000, avanceR = 2.000000, avanceI = 2.000000
inc_x_r = 0.000000, inc_y_r = 1.000000, inc_x_i = 1.000000, inc_y_i = 1.000000
En el else......

----------------------------------------
x = 45.000000, y = 222.000000
avance = -35.000000, avanceR = 2.000000, avanceI = 2.000000
inc_x_r = 0.000000, inc_y_r = 1.000000, inc_x_i = 1.000000, inc_y_i = 1.000000
En el else......

----------------------------------------
x = 45.000000, y = 223.000000
avance = -33.000000, avanceR = 2.000000, avanceI = 2.000000
inc_x_r = 0.000000, inc_y_r = 1.000000, inc_x_i = 1.000000, inc_y_i = 1.000000
En el else......

----------------------------------------
x = 45.000000, y = 224.000000
avance = -31.000000, avanceR = 2.000000, avanceI = 2.000000
inc_x_r = 0.000000, inc_y_r = 1.000000, inc_x_i = 1.000000, inc_y_i = 1.000000
En el else......

----------------------------------------
x = 45.000000, y = 225.000000
avance = -29.000000, avanceR = 2.000000, avanceI = 2.000000
inc_x_r = 0.000000, inc_y_r = 1.000000, inc_x_i = 1.000000, inc_y_i = 1.000000
En el else......

----------------------------------------
x = 45.000000, y = 226.000000
avance = -27.000000, avanceR = 2.000000, avanceI = 2.000000
inc_x_r = 0.000000, inc_y_r = 1.000000, inc_x_i = 1.000000, inc_y_i = 1.000000
En el else......

----------------------------------------
x = 45.000000, y = 227.000000
avance = -25.000000, avanceR = 2.000000, avanceI = 2.000000
inc_x_r = 0.000000, inc_y_r = 1.000000, inc_x_i = 1.000000, inc_y_i = 1.000000
En el else......

----------------------------------------
x = 45.000000, y = 228.000000
avance = -23.000000, avanceR = 2.000000, avanceI = 2.000000
inc_x_r = 0.000000, inc_y_r = 1.000000, inc_x_i = 1.000000, inc_y_i = 1.000000
En el else......

----------------------------------------
x = 45.000000, y = 229.000000
avance = -21.000000, avanceR = 2.000000, avanceI = 2.000000
inc_x_r = 0.000000, inc_y_r = 1.000000, inc_x_i = 1.000000, inc_y_i = 1.000000
En el else......

----------------------------------------
x = 45.000000, y = 230.000000
avance = -19.000000, avanceR = 2.000000, avanceI = 2.000000
inc_x_r = 0.000000, inc_y_r = 1.000000, inc_x_i = 1.000000, inc_y_i = 1.000000
En el else......

----------------------------------------
x = 45.000000, y = 231.000000
avance = -17.000000, avanceR = 2.000000, avanceI = 2.000000
inc_x_r = 0.000000, inc_y_r = 1.000000, inc_x_i = 1.000000, inc_y_i = 1.000000
En el else......

----------------------------------------
x = 45.000000, y = 232.000000
avance = -15.000000, avanceR = 2.000000, avanceI = 2.000000
inc_x_r = 0.000000, inc_y_r = 1.000000, inc_x_i = 1.000000, inc_y_i = 1.000000
En el else......

----------------------------------------
x = 45.000000, y = 233.000000
avance = -13.000000, avanceR = 2.000000, avanceI = 2.000000
inc_x_r = 0.000000, inc_y_r = 1.000000, inc_x_i = 1.000000, inc_y_i = 1.000000
En el else......

----------------------------------------
x = 45.000000, y = 234.000000
avance = -11.000000, avanceR = 2.000000, avanceI = 2.000000
inc_x_r = 0.000000, inc_y_r = 1.000000, inc_x_i = 1.000000, inc_y_i = 1.000000
En el else......

----------------------------------------
x = 45.000000, y = 235.000000
avance = -9.000000, avanceR = 2.000000, avanceI = 2.000000
inc_x_r = 0.000000, inc_y_r = 1.000000, inc_x_i = 1.000000, inc_y_i = 1.000000
En el else......

----------------------------------------
x = 45.000000, y = 236.000000
avance = -7.000000, avanceR = 2.000000, avanceI = 2.000000
inc_x_r = 0.000000, inc_y_r = 1.000000, inc_x_i = 1.000000, inc_y_i = 1.000000
En el else......

----------------------------------------
x = 45.000000, y = 237.000000
avance = -5.000000, avanceR = 2.000000, avanceI = 2.000000
inc_x_r = 0.000000, inc_y_r = 1.000000, inc_x_i = 1.000000, inc_y_i = 1.000000
En el else......

----------------------------------------
x = 45.000000, y = 238.000000
avance = -3.000000, avanceR = 2.000000, avanceI = 2.000000
inc_x_r = 0.000000, inc_y_r = 1.000000, inc_x_i = 1.000000, inc_y_i = 1.000000
En el else......

----------------------------------------
x = 45.000000, y = 239.000000
avance = -1.000000, avanceR = 2.000000, avanceI = 2.000000
inc_x_r = 0.000000, inc_y_r = 1.000000, inc_x_i = 1.000000, inc_y_i = 1.000000
En el else......

----------------------------------------
x = 45.000000, y = 240.000000
avance = 1.000000, avanceR = 2.000000, avanceI = 2.000000
inc_x_r = 0.000000, inc_y_r = 1.000000, inc_x_i = 1.000000, inc_y_i = 1.000000
avance >= 0

----------------------------------------
x = 46.000000, y = 241.000000
avance = -499.000000, avanceR = 2.000000, avanceI = 2.000000
inc_x_r = 0.000000, inc_y_r = 1.000000, inc_x_i = 1.000000, inc_y_i = 1.000000
En el else......

----------------------------------------
x = 46.000000, y = 242.000000
avance = -497.000000, avanceR = 2.000000, avanceI = 2.000000
inc_x_r = 0.000000, inc_y_r = 1.000000, inc_x_i = 1.000000, inc_y_i = 1.000000
En el else......

----------------------------------------
x = 46.000000, y = 243.000000
avance = -495.000000, avanceR = 2.000000, avanceI = 2.000000
inc_x_r = 0.000000, inc_y_r = 1.000000, inc_x_i = 1.000000, inc_y_i = 1.000000
En el else......

----------------------------------------
x = 46.000000, y = 244.000000
avance = -493.000000, avanceR = 2.000000, avanceI = 2.000000
inc_x_r = 0.000000, inc_y_r = 1.000000, inc_x_i = 1.000000, inc_y_i = 1.000000
En el else......

----------------------------------------
x = 46.000000, y = 245.000000
avance = -491.000000, avanceR = 2.000000, avanceI = 2.000000
inc_x_r = 0.000000, inc_y_r = 1.000000, inc_x_i = 1.000000, inc_y_i = 1.000000
En el else......

----------------------------------------
x = 46.000000, y = 246.000000
avance = -489.000000, avanceR = 2.000000, avanceI = 2.000000
inc_x_r = 0.000000, inc_y_r = 1.000000, inc_x_i = 1.000000, inc_y_i = 1.000000
En el else......

----------------------------------------
x = 46.000000, y = 247.000000
avance = -487.000000, avanceR = 2.000000, avanceI = 2.000000
inc_x_r = 0.000000, inc_y_r = 1.000000, inc_x_i = 1.000000, inc_y_i = 1.000000
En el else......

----------------------------------------
x = 46.000000, y = 248.000000
avance = -485.000000, avanceR = 2.000000, avanceI = 2.000000
inc_x_r = 0.000000, inc_y_r = 1.000000, inc_x_i = 1.000000, inc_y_i = 1.000000
En el else......

----------------------------------------
x = 46.000000, y = 249.000000
avance = -483.000000, avanceR = 2.000000, avanceI = 2.000000
inc_x_r = 0.000000, inc_y_r = 1.000000, inc_x_i = 1.000000, inc_y_i = 1.000000
En el else......

----------------------------------------
x = 46.000000, y = 250.000000
avance = -481.000000, avanceR = 2.000000, avanceI = 2.000000
inc_x_r = 0.000000, inc_y_r = 1.000000, inc_x_i = 1.000000, inc_y_i = 1.000000
En el else......

----------------------------------------
x = 46.000000, y = 251.000000
avance = -479.000000, avanceR = 2.000000, avanceI = 2.000000
inc_x_r = 0.000000, inc_y_r = 1.000000, inc_x_i = 1.000000, inc_y_i = 1.000000
En el else......

----------------------------------------
x = 46.000000, y = 252.000000
avance = -477.000000, avanceR = 2.000000, avanceI = 2.000000
inc_x_r = 0.000000, inc_y_r = 1.000000, inc_x_i = 1.000000, inc_y_i = 1.000000
En el else......

----------------------------------------
x = 46.000000, y = 253.000000
avance = -475.000000, avanceR = 2.000000, avanceI = 2.000000
inc_x_r = 0.000000, inc_y_r = 1.000000, inc_x_i = 1.000000, inc_y_i = 1.000000
En el else......

----------------------------------------
x = 46.000000, y = 254.000000
avance = -473.000000, avanceR = 2.000000, avanceI = 2.000000
inc_x_r = 0.000000, inc_y_r = 1.000000, inc_x_i = 1.000000, inc_y_i = 1.000000
En el else......

----------------------------------------
x = 46.000000, y = 255.000000
avance = -471.000000, avanceR = 2.000000, avanceI = 2.000000
inc_x_r = 0.000000, inc_y_r = 1.000000, inc_x_i = 1.000000, inc_y_i = 1.000000
En el else......

----------------------------------------
x = 46.000000, y = 256.000000
avance = -469.000000, avanceR = 2.000000, avanceI = 2.000000
inc_x_r = 0.000000, inc_y_r = 1.000000, inc_x_i = 1.000000, inc_y_i = 1.000000
En el else......

----------------------------------------
x = 46.000000, y = 257.000000
avance = -467.000000, avanceR = 2.000000, avanceI = 2.000000
inc_x_r = 0.000000, inc_y_r = 1.000000, inc_x_i = 1.000000, inc_y_i = 1.000000
En el else......

----------------------------------------
x = 46.000000, y = 258.000000
avance = -465.000000, avanceR = 2.000000, avanceI = 2.000000
inc_x_r = 0.000000, inc_y_r = 1.000000, inc_x_i = 1.000000, inc_y_i = 1.000000
En el else......

----------------------------------------
x = 46.000000, y = 259.000000
avance = -463.000000, avanceR = 2.000000, avanceI = 2.000000
inc_x_r = 0.000000, inc_y_r = 1.000000, inc_x_i = 1.000000, inc_y_i = 1.000000
En el else......

----------------------------------------
x = 46.000000, y = 260.000000
avance = -461.000000, avanceR = 2.000000, avanceI = 2.000000
inc_x_r = 0.000000, inc_y_r = 1.000000, inc_x_i = 1.000000, inc_y_i = 1.000000
En el else......

----------------------------------------
x = 46.000000, y = 261.000000
avance = -459.000000, avanceR = 2.000000, avanceI = 2.000000
inc_x_r = 0.000000, inc_y_r = 1.000000, inc_x_i = 1.000000, inc_y_i = 1.000000
En el else......

----------------------------------------
x = 46.000000, y = 262.000000
avance = -457.000000, avanceR = 2.000000, avanceI = 2.000000
inc_x_r = 0.000000, inc_y_r = 1.000000, inc_x_i = 1.000000, inc_y_i = 1.000000
En el else......

----------------------------------------
x = 46.000000, y = 263.000000
avance = -455.000000, avanceR = 2.000000, avanceI = 2.000000
inc_x_r = 0.000000, inc_y_r = 1.000000, inc_x_i = 1.000000, inc_y_i = 1.000000
En el else......

----------------------------------------
x = 46.000000, y = 264.000000
avance = -453.000000, avanceR = 2.000000, avanceI = 2.000000
inc_x_r = 0.000000, inc_y_r = 1.000000, inc_x_i = 1.000000, inc_y_i = 1.000000
En el else......

----------------------------------------
x = 46.000000, y = 265.000000
avance = -451.000000, avanceR = 2.000000, avanceI = 2.000000
inc_x_r = 0.000000, inc_y_r = 1.000000, inc_x_i = 1.000000, inc_y_i = 1.000000
En el else......

----------------------------------------
x = 46.000000, y = 266.000000
avance = -449.000000, avanceR = 2.000000, avanceI = 2.000000
inc_x_r = 0.000000, inc_y_r = 1.000000, inc_x_i = 1.000000, inc_y_i = 1.000000
En el else......

----------------------------------------
x = 46.000000, y = 267.000000
avance = -447.000000, avanceR = 2.000000, avanceI = 2.000000
inc_x_r = 0.000000, inc_y_r = 1.000000, inc_x_i = 1.000000, inc_y_i = 1.000000
En el else......

----------------------------------------
x = 46.000000, y = 268.000000
avance = -445.000000, avanceR = 2.000000, avanceI = 2.000000
inc_x_r = 0.000000, inc_y_r = 1.000000, inc_x_i = 1.000000, inc_y_i = 1.000000
En el else......

----------------------------------------
x = 46.000000, y = 269.000000
avance = -443.000000, avanceR = 2.000000, avanceI = 2.000000
inc_x_r = 0.000000, inc_y_r = 1.000000, inc_x_i = 1.000000, inc_y_i = 1.000000
En el else......

----------------------------------------
x = 46.000000, y = 270.000000
avance = -441.000000, avanceR = 2.000000, avanceI = 2.000000
inc_x_r = 0.000000, inc_y_r = 1.000000, inc_x_i = 1.000000, inc_y_i = 1.000000
En el else......

----------------------------------------
x = 46.000000, y = 271.000000
avance = -439.000000, avanceR = 2.000000, avanceI = 2.000000
inc_x_r = 0.000000, inc_y_r = 1.000000, inc_x_i = 1.000000, inc_y_i = 1.000000
En el else......

----------------------------------------
x = 46.000000, y = 272.000000
avance = -437.000000, avanceR = 2.000000, avanceI = 2.000000
inc_x_r = 0.000000, inc_y_r = 1.000000, inc_x_i = 1.000000, inc_y_i = 1.000000
En el else......

----------------------------------------
x = 46.000000, y = 273.000000
avance = -435.000000, avanceR = 2.000000, avanceI = 2.000000
inc_x_r = 0.000000, inc_y_r = 1.000000, inc_x_i = 1.000000, inc_y_i = 1.000000
En el else......

----------------------------------------
x = 46.000000, y = 274.000000
avance = -433.000000, avanceR = 2.000000, avanceI = 2.000000
inc_x_r = 0.000000, inc_y_r = 1.000000, inc_x_i = 1.000000, inc_y_i = 1.000000
En el else......

----------------------------------------
x = 46.000000, y = 275.000000
avance = -431.000000, avanceR = 2.000000, avanceI = 2.000000
inc_x_r = 0.000000, inc_y_r = 1.000000, inc_x_i = 1.000000, inc_y_i = 1.000000
En el else......

----------------------------------------
x = 46.000000, y = 276.000000
avance = -429.000000, avanceR = 2.000000, avanceI = 2.000000
inc_x_r = 0.000000, inc_y_r = 1.000000, inc_x_i = 1.000000, inc_y_i = 1.000000
En el else......

----------------------------------------
x = 46.000000, y = 277.000000
avance = -427.000000, avanceR = 2.000000, avanceI = 2.000000
inc_x_r = 0.000000, inc_y_r = 1.000000, inc_x_i = 1.000000, inc_y_i = 1.000000
En el else......

----------------------------------------
x = 46.000000, y = 278.000000
avance = -425.000000, avanceR = 2.000000, avanceI = 2.000000
inc_x_r = 0.000000, inc_y_r = 1.000000, inc_x_i = 1.000000, inc_y_i = 1.000000
En el else......

----------------------------------------
x = 46.000000, y = 279.000000
avance = -423.000000, avanceR = 2.000000, avanceI = 2.000000
inc_x_r = 0.000000, inc_y_r = 1.000000, inc_x_i = 1.000000, inc_y_i = 1.000000
En el else......

----------------------------------------
x = 46.000000, y = 280.000000
avance = -421.000000, avanceR = 2.000000, avanceI = 2.000000
inc_x_r = 0.000000, inc_y_r = 1.000000, inc_x_i = 1.000000, inc_y_i = 1.000000
En el else......

----------------------------------------
x = 46.000000, y = 281.000000
avance = -419.000000, avanceR = 2.000000, avanceI = 2.000000
inc_x_r = 0.000000, inc_y_r = 1.000000, inc_x_i = 1.000000, inc_y_i = 1.000000
En el else......

----------------------------------------
x = 46.000000, y = 282.000000
avance = -417.000000, avanceR = 2.000000, avanceI = 2.000000
inc_x_r = 0.000000, inc_y_r = 1.000000, inc_x_i = 1.000000, inc_y_i = 1.000000
En el else......

----------------------------------------
x = 46.000000, y = 283.000000
avance = -415.000000, avanceR = 2.000000, avanceI = 2.000000
inc_x_r = 0.000000, inc_y_r = 1.000000, inc_x_i = 1.000000, inc_y_i = 1.000000
En el else......

----------------------------------------
x = 46.000000, y = 284.000000
avance = -413.000000, avanceR = 2.000000, avanceI = 2.000000
inc_x_r = 0.000000, inc_y_r = 1.000000, inc_x_i = 1.000000, inc_y_i = 1.000000
En el else......

----------------------------------------
x = 46.000000, y = 285.000000
avance = -411.000000, avanceR = 2.000000, avanceI = 2.000000
inc_x_r = 0.000000, inc_y_r = 1.000000, inc_x_i = 1.000000, inc_y_i = 1.000000
En el else......

----------------------------------------
x = 46.000000, y = 286.000000
avance = -409.000000, avanceR = 2.000000, avanceI = 2.000000
inc_x_r = 0.000000, inc_y_r = 1.000000, inc_x_i = 1.000000, inc_y_i = 1.000000
En el else......

----------------------------------------
x = 46.000000, y = 287.000000
avance = -407.000000, avanceR = 2.000000, avanceI = 2.000000
inc_x_r = 0.000000, inc_y_r = 1.000000, inc_x_i = 1.000000, inc_y_i = 1.000000
En el else......

----------------------------------------
x = 46.000000, y = 288.000000
avance = -405.000000, avanceR = 2.000000, avanceI = 2.000000
inc_x_r = 0.000000, inc_y_r = 1.000000, inc_x_i = 1.000000, inc_y_i = 1.000000
En el else......

----------------------------------------
x = 46.000000, y = 289.000000
avance = -403.000000, avanceR = 2.000000, avanceI = 2.000000
inc_x_r = 0.000000, inc_y_r = 1.000000, inc_x_i = 1.000000, inc_y_i = 1.000000
En el else......

----------------------------------------
x = 46.000000, y = 290.000000
avance = -401.000000, avanceR = 2.000000, avanceI = 2.000000
inc_x_r = 0.000000, inc_y_r = 1.000000, inc_x_i = 1.000000, inc_y_i = 1.000000
En el else......

----------------------------------------
x = 46.000000, y = 291.000000
avance = -399.000000, avanceR = 2.000000, avanceI = 2.000000
inc_x_r = 0.000000, inc_y_r = 1.000000, inc_x_i = 1.000000, inc_y_i = 1.000000
En el else......

----------------------------------------
x = 46.000000, y = 292.000000
avance = -397.000000, avanceR = 2.000000, avanceI = 2.000000
inc_x_r = 0.000000, inc_y_r = 1.000000, inc_x_i = 1.000000, inc_y_i = 1.000000
En el else......

----------------------------------------
x = 46.000000, y = 293.000000
avance = -395.000000, avanceR = 2.000000, avanceI = 2.000000
inc_x_r = 0.000000, inc_y_r = 1.000000, inc_x_i = 1.000000, inc_y_i = 1.000000
En el else......

----------------------------------------
x = 46.000000, y = 294.000000
avance = -393.000000, avanceR = 2.000000, avanceI = 2.000000
inc_x_r = 0.000000, inc_y_r = 1.000000, inc_x_i = 1.000000, inc_y_i = 1.000000
En el else......

----------------------------------------
x = 46.000000, y = 295.000000
avance = -391.000000, avanceR = 2.000000, avanceI = 2.000000
inc_x_r = 0.000000, inc_y_r = 1.000000, inc_x_i = 1.000000, inc_y_i = 1.000000
En el else......

----------------------------------------
x = 46.000000, y = 296.000000
avance = -389.000000, avanceR = 2.000000, avanceI = 2.000000
inc_x_r = 0.000000, inc_y_r = 1.000000, inc_x_i = 1.000000, inc_y_i = 1.000000
En el else......

----------------------------------------
x = 46.000000, y = 297.000000
avance = -387.000000, avanceR = 2.000000, avanceI = 2.000000
inc_x_r = 0.000000, inc_y_r = 1.000000, inc_x_i = 1.000000, inc_y_i = 1.000000
En el else......

----------------------------------------
x = 46.000000, y = 298.000000
avance = -385.000000, avanceR = 2.000000, avanceI = 2.000000
inc_x_r = 0.000000, inc_y_r = 1.000000, inc_x_i = 1.000000, inc_y_i = 1.000000
En el else......

----------------------------------------
x = 46.000000, y = 299.000000
avance = -383.000000, avanceR = 2.000000, avanceI = 2.000000
inc_x_r = 0.000000, inc_y_r = 1.000000, inc_x_i = 1.000000, inc_y_i = 1.000000
En el else......

----------------------------------------
x = 46.000000, y = 300.000000
avance = -381.000000, avanceR = 2.000000, avanceI = 2.000000
inc_x_r = 0.000000, inc_y_r = 1.000000, inc_x_i = 1.000000, inc_y_i = 1.000000
En el else......

----------------------------------------
x = 46.000000, y = 301.000000
avance = -379.000000, avanceR = 2.000000, avanceI = 2.000000
inc_x_r = 0.000000, inc_y_r = 1.000000, inc_x_i = 1.000000, inc_y_i = 1.000000
En el else......

----------------------------------------
x = 46.000000, y = 302.000000
avance = -377.000000, avanceR = 2.000000, avanceI = 2.000000
inc_x_r = 0.000000, inc_y_r = 1.000000, inc_x_i = 1.000000, inc_y_i = 1.000000
En el else......

----------------------------------------
x = 46.000000, y = 303.000000
avance = -375.000000, avanceR = 2.000000, avanceI = 2.000000
inc_x_r = 0.000000, inc_y_r = 1.000000, inc_x_i = 1.000000, inc_y_i = 1.000000
En el else......

----------------------------------------
x = 46.000000, y = 304.000000
avance = -373.000000, avanceR = 2.000000, avanceI = 2.000000
inc_x_r = 0.000000, inc_y_r = 1.000000, inc_x_i = 1.000000, inc_y_i = 1.000000
En el else......

----------------------------------------
x = 46.000000, y = 305.000000
avance = -371.000000, avanceR = 2.000000, avanceI = 2.000000
inc_x_r = 0.000000, inc_y_r = 1.000000, inc_x_i = 1.000000, inc_y_i = 1.000000
En el else......

----------------------------------------
x = 46.000000, y = 306.000000
avance = -369.000000, avanceR = 2.000000, avanceI = 2.000000
inc_x_r = 0.000000, inc_y_r = 1.000000, inc_x_i = 1.000000, inc_y_i = 1.000000
En el else......

----------------------------------------
x = 46.000000, y = 307.000000
avance = -367.000000, avanceR = 2.000000, avanceI = 2.000000
inc_x_r = 0.000000, inc_y_r = 1.000000, inc_x_i = 1.000000, inc_y_i = 1.000000
En el else......

----------------------------------------
x = 46.000000, y = 308.000000
avance = -365.000000, avanceR = 2.000000, avanceI = 2.000000
inc_x_r = 0.000000, inc_y_r = 1.000000, inc_x_i = 1.000000, inc_y_i = 1.000000
En el else......

----------------------------------------
x = 46.000000, y = 309.000000
avance = -363.000000, avanceR = 2.000000, avanceI = 2.000000
inc_x_r = 0.000000, inc_y_r = 1.000000, inc_x_i = 1.000000, inc_y_i = 1.000000
En el else......

----------------------------------------
x = 46.000000, y = 310.000000
avance = -361.000000, avanceR = 2.000000, avanceI = 2.000000
inc_x_r = 0.000000, inc_y_r = 1.000000, inc_x_i = 1.000000, inc_y_i = 1.000000
En el else......

----------------------------------------
x = 46.000000, y = 311.000000
avance = -359.000000, avanceR = 2.000000, avanceI = 2.000000
inc_x_r = 0.000000, inc_y_r = 1.000000, inc_x_i = 1.000000, inc_y_i = 1.000000
En el else......

----------------------------------------
x = 46.000000, y = 312.000000
avance = -357.000000, avanceR = 2.000000, avanceI = 2.000000
inc_x_r = 0.000000, inc_y_r = 1.000000, inc_x_i = 1.000000, inc_y_i = 1.000000
En el else......

----------------------------------------
x = 46.000000, y = 313.000000
avance = -355.000000, avanceR = 2.000000, avanceI = 2.000000
inc_x_r = 0.000000, inc_y_r = 1.000000, inc_x_i = 1.000000, inc_y_i = 1.000000
En el else......

----------------------------------------
x = 46.000000, y = 314.000000
avance = -353.000000, avanceR = 2.000000, avanceI = 2.000000
inc_x_r = 0.000000, inc_y_r = 1.000000, inc_x_i = 1.000000, inc_y_i = 1.000000
En el else......

----------------------------------------
x = 46.000000, y = 315.000000
avance = -351.000000, avanceR = 2.000000, avanceI = 2.000000
inc_x_r = 0.000000, inc_y_r = 1.000000, inc_x_i = 1.000000, inc_y_i = 1.000000
En el else......

----------------------------------------
x = 46.000000, y = 316.000000
avance = -349.000000, avanceR = 2.000000, avanceI = 2.000000
inc_x_r = 0.000000, inc_y_r = 1.000000, inc_x_i = 1.000000, inc_y_i = 1.000000
En el else......

----------------------------------------
x = 46.000000, y = 317.000000
avance = -347.000000, avanceR = 2.000000, avanceI = 2.000000
inc_x_r = 0.000000, inc_y_r = 1.000000, inc_x_i = 1.000000, inc_y_i = 1.000000
En el else......

----------------------------------------
x = 46.000000, y = 318.000000
avance = -345.000000, avanceR = 2.000000, avanceI = 2.000000
inc_x_r = 0.000000, inc_y_r = 1.000000, inc_x_i = 1.000000, inc_y_i = 1.000000
En el else......

----------------------------------------
x = 46.000000, y = 319.000000
avance = -343.000000, avanceR = 2.000000, avanceI = 2.000000
inc_x_r = 0.000000, inc_y_r = 1.000000, inc_x_i = 1.000000, inc_y_i = 1.000000
En el else......

----------------------------------------
x = 46.000000, y = 320.000000
avance = -341.000000, avanceR = 2.000000, avanceI = 2.000000
inc_x_r = 0.000000, inc_y_r = 1.000000, inc_x_i = 1.000000, inc_y_i = 1.000000
En el else......

----------------------------------------
x = 46.000000, y = 321.000000
avance = -339.000000, avanceR = 2.000000, avanceI = 2.000000
inc_x_r = 0.000000, inc_y_r = 1.000000, inc_x_i = 1.000000, inc_y_i = 1.000000
En el else......

----------------------------------------
x = 46.000000, y = 322.000000
avance = -337.000000, avanceR = 2.000000, avanceI = 2.000000
inc_x_r = 0.000000, inc_y_r = 1.000000, inc_x_i = 1.000000, inc_y_i = 1.000000
En el else......

----------------------------------------
x = 46.000000, y = 323.000000
avance = -335.000000, avanceR = 2.000000, avanceI = 2.000000
inc_x_r = 0.000000, inc_y_r = 1.000000, inc_x_i = 1.000000, inc_y_i = 1.000000
En el else......

----------------------------------------
x = 46.000000, y = 324.000000
avance = -333.000000, avanceR = 2.000000, avanceI = 2.000000
inc_x_r = 0.000000, inc_y_r = 1.000000, inc_x_i = 1.000000, inc_y_i = 1.000000
En el else......

----------------------------------------
x = 46.000000, y = 325.000000
avance = -331.000000, avanceR = 2.000000, avanceI = 2.000000
inc_x_r = 0.000000, inc_y_r = 1.000000, inc_x_i = 1.000000, inc_y_i = 1.000000
En el else......

----------------------------------------
x = 46.000000, y = 326.000000
avance = -329.000000, avanceR = 2.000000, avanceI = 2.000000
inc_x_r = 0.000000, inc_y_r = 1.000000, inc_x_i = 1.000000, inc_y_i = 1.000000
En el else......

----------------------------------------
x = 46.000000, y = 327.000000
avance = -327.000000, avanceR = 2.000000, avanceI = 2.000000
inc_x_r = 0.000000, inc_y_r = 1.000000, inc_x_i = 1.000000, inc_y_i = 1.000000
En el else......

----------------------------------------
x = 46.000000, y = 328.000000
avance = -325.000000, avanceR = 2.000000, avanceI = 2.000000
inc_x_r = 0.000000, inc_y_r = 1.000000, inc_x_i = 1.000000, inc_y_i = 1.000000
En el else......

----------------------------------------
x = 46.000000, y = 329.000000
avance = -323.000000, avanceR = 2.000000, avanceI = 2.000000
inc_x_r = 0.000000, inc_y_r = 1.000000, inc_x_i = 1.000000, inc_y_i = 1.000000
En el else......

----------------------------------------
x = 46.000000, y = 330.000000
avance = -321.000000, avanceR = 2.000000, avanceI = 2.000000
inc_x_r = 0.000000, inc_y_r = 1.000000, inc_x_i = 1.000000, inc_y_i = 1.000000
En el else......

----------------------------------------
x = 46.000000, y = 331.000000
avance = -319.000000, avanceR = 2.000000, avanceI = 2.000000
inc_x_r = 0.000000, inc_y_r = 1.000000, inc_x_i = 1.000000, inc_y_i = 1.000000
En el else......

----------------------------------------
x = 46.000000, y = 332.000000
avance = -317.000000, avanceR = 2.000000, avanceI = 2.000000
inc_x_r = 0.000000, inc_y_r = 1.000000, inc_x_i = 1.000000, inc_y_i = 1.000000
En el else......

----------------------------------------
x = 46.000000, y = 333.000000
avance = -315.000000, avanceR = 2.000000, avanceI = 2.000000
inc_x_r = 0.000000, inc_y_r = 1.000000, inc_x_i = 1.000000, inc_y_i = 1.000000
En el else......

----------------------------------------
x = 46.000000, y = 334.000000
avance = -313.000000, avanceR = 2.000000, avanceI = 2.000000
inc_x_r = 0.000000, inc_y_r = 1.000000, inc_x_i = 1.000000, inc_y_i = 1.000000
En el else......

----------------------------------------
x = 46.000000, y = 335.000000
avance = -311.000000, avanceR = 2.000000, avanceI = 2.000000
inc_x_r = 0.000000, inc_y_r = 1.000000, inc_x_i = 1.000000, inc_y_i = 1.000000
En el else......

----------------------------------------
x = 46.000000, y = 336.000000
avance = -309.000000, avanceR = 2.000000, avanceI = 2.000000
inc_x_r = 0.000000, inc_y_r = 1.000000, inc_x_i = 1.000000, inc_y_i = 1.000000
En el else......

----------------------------------------
x = 46.000000, y = 337.000000
avance = -307.000000, avanceR = 2.000000, avanceI = 2.000000
inc_x_r = 0.000000, inc_y_r = 1.000000, inc_x_i = 1.000000, inc_y_i = 1.000000
En el else......

----------------------------------------
x = 46.000000, y = 338.000000
avance = -305.000000, avanceR = 2.000000, avanceI = 2.000000
inc_x_r = 0.000000, inc_y_r = 1.000000, inc_x_i = 1.000000, inc_y_i = 1.000000
En el else......

----------------------------------------
x = 46.000000, y = 339.000000
avance = -303.000000, avanceR = 2.000000, avanceI = 2.000000
inc_x_r = 0.000000, inc_y_r = 1.000000, inc_x_i = 1.000000, inc_y_i = 1.000000
En el else......

----------------------------------------
x = 46.000000, y = 340.000000
avance = -301.000000, avanceR = 2.000000, avanceI = 2.000000
inc_x_r = 0.000000, inc_y_r = 1.000000, inc_x_i = 1.000000, inc_y_i = 1.000000
En el else......

----------------------------------------
x = 46.000000, y = 341.000000
avance = -299.000000, avanceR = 2.000000, avanceI = 2.000000
inc_x_r = 0.000000, inc_y_r = 1.000000, inc_x_i = 1.000000, inc_y_i = 1.000000
En el else......

----------------------------------------
x = 46.000000, y = 342.000000
avance = -297.000000, avanceR = 2.000000, avanceI = 2.000000
inc_x_r = 0.000000, inc_y_r = 1.000000, inc_x_i = 1.000000, inc_y_i = 1.000000
En el else......

----------------------------------------
x = 46.000000, y = 343.000000
avance = -295.000000, avanceR = 2.000000, avanceI = 2.000000
inc_x_r = 0.000000, inc_y_r = 1.000000, inc_x_i = 1.000000, inc_y_i = 1.000000
En el else......

----------------------------------------
x = 46.000000, y = 344.000000
avance = -293.000000, avanceR = 2.000000, avanceI = 2.000000
inc_x_r = 0.000000, inc_y_r = 1.000000, inc_x_i = 1.000000, inc_y_i = 1.000000
En el else......

----------------------------------------
x = 46.000000, y = 345.000000
avance = -291.000000, avanceR = 2.000000, avanceI = 2.000000
inc_x_r = 0.000000, inc_y_r = 1.000000, inc_x_i = 1.000000, inc_y_i = 1.000000
En el else......

----------------------------------------
x = 46.000000, y = 346.000000
avance = -289.000000, avanceR = 2.000000, avanceI = 2.000000
inc_x_r = 0.000000, inc_y_r = 1.000000, inc_x_i = 1.000000, inc_y_i = 1.000000
En el else......

----------------------------------------
x = 46.000000, y = 347.000000
avance = -287.000000, avanceR = 2.000000, avanceI = 2.000000
inc_x_r = 0.000000, inc_y_r = 1.000000, inc_x_i = 1.000000, inc_y_i = 1.000000
En el else......

----------------------------------------
x = 46.000000, y = 348.000000
avance = -285.000000, avanceR = 2.000000, avanceI = 2.000000
inc_x_r = 0.000000, inc_y_r = 1.000000, inc_x_i = 1.000000, inc_y_i = 1.000000
En el else......

----------------------------------------
x = 46.000000, y = 349.000000
avance = -283.000000, avanceR = 2.000000, avanceI = 2.000000
inc_x_r = 0.000000, inc_y_r = 1.000000, inc_x_i = 1.000000, inc_y_i = 1.000000
En el else......

----------------------------------------
x = 46.000000, y = 350.000000
avance = -281.000000, avanceR = 2.000000, avanceI = 2.000000
inc_x_r = 0.000000, inc_y_r = 1.000000, inc_x_i = 1.000000, inc_y_i = 1.000000
En el else......

----------------------------------------
x = 46.000000, y = 351.000000
avance = -279.000000, avanceR = 2.000000, avanceI = 2.000000
inc_x_r = 0.000000, inc_y_r = 1.000000, inc_x_i = 1.000000, inc_y_i = 1.000000
En el else......

----------------------------------------
x = 46.000000, y = 352.000000
avance = -277.000000, avanceR = 2.000000, avanceI = 2.000000
inc_x_r = 0.000000, inc_y_r = 1.000000, inc_x_i = 1.000000, inc_y_i = 1.000000
En el else......

----------------------------------------
x = 46.000000, y = 353.000000
avance = -275.000000, avanceR = 2.000000, avanceI = 2.000000
inc_x_r = 0.000000, inc_y_r = 1.000000, inc_x_i = 1.000000, inc_y_i = 1.000000
En el else......

----------------------------------------
x = 46.000000, y = 354.000000
avance = -273.000000, avanceR = 2.000000, avanceI = 2.000000
inc_x_r = 0.000000, inc_y_r = 1.000000, inc_x_i = 1.000000, inc_y_i = 1.000000
En el else......

----------------------------------------
x = 46.000000, y = 355.000000
avance = -271.000000, avanceR = 2.000000, avanceI = 2.000000
inc_x_r = 0.000000, inc_y_r = 1.000000, inc_x_i = 1.000000, inc_y_i = 1.000000
En el else......

----------------------------------------
x = 46.000000, y = 356.000000
avance = -269.000000, avanceR = 2.000000, avanceI = 2.000000
inc_x_r = 0.000000, inc_y_r = 1.000000, inc_x_i = 1.000000, inc_y_i = 1.000000
En el else......

----------------------------------------
x = 46.000000, y = 357.000000
avance = -267.000000, avanceR = 2.000000, avanceI = 2.000000
inc_x_r = 0.000000, inc_y_r = 1.000000, inc_x_i = 1.000000, inc_y_i = 1.000000
En el else......

----------------------------------------
x = 46.000000, y = 358.000000
avance = -265.000000, avanceR = 2.000000, avanceI = 2.000000
inc_x_r = 0.000000, inc_y_r = 1.000000, inc_x_i = 1.000000, inc_y_i = 1.000000
En el else......

----------------------------------------
x = 46.000000, y = 359.000000
avance = -263.000000, avanceR = 2.000000, avanceI = 2.000000
inc_x_r = 0.000000, inc_y_r = 1.000000, inc_x_i = 1.000000, inc_y_i = 1.000000
En el else......

----------------------------------------
x = 46.000000, y = 360.000000
avance = -261.000000, avanceR = 2.000000, avanceI = 2.000000
inc_x_r = 0.000000, inc_y_r = 1.000000, inc_x_i = 1.000000, inc_y_i = 1.000000
En el else......

----------------------------------------
x = 46.000000, y = 361.000000
avance = -259.000000, avanceR = 2.000000, avanceI = 2.000000
inc_x_r = 0.000000, inc_y_r = 1.000000, inc_x_i = 1.000000, inc_y_i = 1.000000
En el else......

----------------------------------------
x = 46.000000, y = 362.000000
avance = -257.000000, avanceR = 2.000000, avanceI = 2.000000
inc_x_r = 0.000000, inc_y_r = 1.000000, inc_x_i = 1.000000, inc_y_i = 1.000000
En el else......

----------------------------------------
x = 46.000000, y = 363.000000
avance = -255.000000, avanceR = 2.000000, avanceI = 2.000000
inc_x_r = 0.000000, inc_y_r = 1.000000, inc_x_i = 1.000000, inc_y_i = 1.000000
En el else......

----------------------------------------
x = 46.000000, y = 364.000000
avance = -253.000000, avanceR = 2.000000, avanceI = 2.000000
inc_x_r = 0.000000, inc_y_r = 1.000000, inc_x_i = 1.000000, inc_y_i = 1.000000
En el else......

----------------------------------------
x = 46.000000, y = 365.000000
avance = -251.000000, avanceR = 2.000000, avanceI = 2.000000
inc_x_r = 0.000000, inc_y_r = 1.000000, inc_x_i = 1.000000, inc_y_i = 1.000000
En el else......

----------------------------------------


ENTRAMOS A BRESENHAMªªªª
x1 = 35.000000 - y1 = 105.000000 || x2 = 36.000000 - y2 = 356.000000
dy = 251.000000, dx = 1.000000
avances inclinados: inc_x_i = 1.000000, inc_y_i = 1.000000
updated: dy = 251.000000, dx = 1.000000
avances rectos: inc_x_r = 0.000000, inc_y_r 1.000000
reupdated: dy = 1.000000, dx = 251.000000
avanceR = 2.000000, avance -249.000000, avanceI 2.000000
----------------------------------------
x = 35.000000, y = 105.000000
avance = -249.000000, avanceR = 2.000000, avanceI = 2.000000
inc_x_r = 0.000000, inc_y_r = 1.000000, inc_x_i = 1.000000, inc_y_i = 1.000000
En el else......

----------------------------------------
x = 35.000000, y = 106.000000
avance = -247.000000, avanceR = 2.000000, avanceI = 2.000000
inc_x_r = 0.000000, inc_y_r = 1.000000, inc_x_i = 1.000000, inc_y_i = 1.000000
En el else......

----------------------------------------
x = 35.000000, y = 107.000000
avance = -245.000000, avanceR = 2.000000, avanceI = 2.000000
inc_x_r = 0.000000, inc_y_r = 1.000000, inc_x_i = 1.000000, inc_y_i = 1.000000
En el else......

----------------------------------------
x = 35.000000, y = 108.000000
avance = -243.000000, avanceR = 2.000000, avanceI = 2.000000
inc_x_r = 0.000000, inc_y_r = 1.000000, inc_x_i = 1.000000, inc_y_i = 1.000000
En el else......

----------------------------------------
x = 35.000000, y = 109.000000
avance = -241.000000, avanceR = 2.000000, avanceI = 2.000000
inc_x_r = 0.000000, inc_y_r = 1.000000, inc_x_i = 1.000000, inc_y_i = 1.000000
En el else......

----------------------------------------
x = 35.000000, y = 110.000000
avance = -239.000000, avanceR = 2.000000, avanceI = 2.000000
inc_x_r = 0.000000, inc_y_r = 1.000000, inc_x_i = 1.000000, inc_y_i = 1.000000
En el else......

----------------------------------------
x = 35.000000, y = 111.000000
avance = -237.000000, avanceR = 2.000000, avanceI = 2.000000
inc_x_r = 0.000000, inc_y_r = 1.000000, inc_x_i = 1.000000, inc_y_i = 1.000000
En el else......

----------------------------------------
x = 35.000000, y = 112.000000
avance = -235.000000, avanceR = 2.000000, avanceI = 2.000000
inc_x_r = 0.000000, inc_y_r = 1.000000, inc_x_i = 1.000000, inc_y_i = 1.000000
En el else......

----------------------------------------
x = 35.000000, y = 113.000000
avance = -233.000000, avanceR = 2.000000, avanceI = 2.000000
inc_x_r = 0.000000, inc_y_r = 1.000000, inc_x_i = 1.000000, inc_y_i = 1.000000
En el else......

----------------------------------------
x = 35.000000, y = 114.000000
avance = -231.000000, avanceR = 2.000000, avanceI = 2.000000
inc_x_r = 0.000000, inc_y_r = 1.000000, inc_x_i = 1.000000, inc_y_i = 1.000000
En el else......

----------------------------------------
x = 35.000000, y = 115.000000
avance = -229.000000, avanceR = 2.000000, avanceI = 2.000000
inc_x_r = 0.000000, inc_y_r = 1.000000, inc_x_i = 1.000000, inc_y_i = 1.000000
En el else......

----------------------------------------
x = 35.000000, y = 116.000000
avance = -227.000000, avanceR = 2.000000, avanceI = 2.000000
inc_x_r = 0.000000, inc_y_r = 1.000000, inc_x_i = 1.000000, inc_y_i = 1.000000
En el else......

----------------------------------------
x = 35.000000, y = 117.000000
avance = -225.000000, avanceR = 2.000000, avanceI = 2.000000
inc_x_r = 0.000000, inc_y_r = 1.000000, inc_x_i = 1.000000, inc_y_i = 1.000000
En el else......

----------------------------------------
x = 35.000000, y = 118.000000
avance = -223.000000, avanceR = 2.000000, avanceI = 2.000000
inc_x_r = 0.000000, inc_y_r = 1.000000, inc_x_i = 1.000000, inc_y_i = 1.000000
En el else......

----------------------------------------
x = 35.000000, y = 119.000000
avance = -221.000000, avanceR = 2.000000, avanceI = 2.000000
inc_x_r = 0.000000, inc_y_r = 1.000000, inc_x_i = 1.000000, inc_y_i = 1.000000
En el else......

----------------------------------------
x = 35.000000, y = 120.000000
avance = -219.000000, avanceR = 2.000000, avanceI = 2.000000
inc_x_r = 0.000000, inc_y_r = 1.000000, inc_x_i = 1.000000, inc_y_i = 1.000000
En el else......

----------------------------------------
x = 35.000000, y = 121.000000
avance = -217.000000, avanceR = 2.000000, avanceI = 2.000000
inc_x_r = 0.000000, inc_y_r = 1.000000, inc_x_i = 1.000000, inc_y_i = 1.000000
En el else......

----------------------------------------
x = 35.000000, y = 122.000000
avance = -215.000000, avanceR = 2.000000, avanceI = 2.000000
inc_x_r = 0.000000, inc_y_r = 1.000000, inc_x_i = 1.000000, inc_y_i = 1.000000
En el else......

----------------------------------------
x = 35.000000, y = 123.000000
avance = -213.000000, avanceR = 2.000000, avanceI = 2.000000
inc_x_r = 0.000000, inc_y_r = 1.000000, inc_x_i = 1.000000, inc_y_i = 1.000000
En el else......

----------------------------------------
x = 35.000000, y = 124.000000
avance = -211.000000, avanceR = 2.000000, avanceI = 2.000000
inc_x_r = 0.000000, inc_y_r = 1.000000, inc_x_i = 1.000000, inc_y_i = 1.000000
En el else......

----------------------------------------
x = 35.000000, y = 125.000000
avance = -209.000000, avanceR = 2.000000, avanceI = 2.000000
inc_x_r = 0.000000, inc_y_r = 1.000000, inc_x_i = 1.000000, inc_y_i = 1.000000
En el else......

----------------------------------------
x = 35.000000, y = 126.000000
avance = -207.000000, avanceR = 2.000000, avanceI = 2.000000
inc_x_r = 0.000000, inc_y_r = 1.000000, inc_x_i = 1.000000, inc_y_i = 1.000000
En el else......

----------------------------------------
x = 35.000000, y = 127.000000
avance = -205.000000, avanceR = 2.000000, avanceI = 2.000000
inc_x_r = 0.000000, inc_y_r = 1.000000, inc_x_i = 1.000000, inc_y_i = 1.000000
En el else......

----------------------------------------
x = 35.000000, y = 128.000000
avance = -203.000000, avanceR = 2.000000, avanceI = 2.000000
inc_x_r = 0.000000, inc_y_r = 1.000000, inc_x_i = 1.000000, inc_y_i = 1.000000
En el else......

----------------------------------------
x = 35.000000, y = 129.000000
avance = -201.000000, avanceR = 2.000000, avanceI = 2.000000
inc_x_r = 0.000000, inc_y_r = 1.000000, inc_x_i = 1.000000, inc_y_i = 1.000000
En el else......

----------------------------------------
x = 35.000000, y = 130.000000
avance = -199.000000, avanceR = 2.000000, avanceI = 2.000000
inc_x_r = 0.000000, inc_y_r = 1.000000, inc_x_i = 1.000000, inc_y_i = 1.000000
En el else......

----------------------------------------
x = 35.000000, y = 131.000000
avance = -197.000000, avanceR = 2.000000, avanceI = 2.000000
inc_x_r = 0.000000, inc_y_r = 1.000000, inc_x_i = 1.000000, inc_y_i = 1.000000
En el else......

----------------------------------------
x = 35.000000, y = 132.000000
avance = -195.000000, avanceR = 2.000000, avanceI = 2.000000
inc_x_r = 0.000000, inc_y_r = 1.000000, inc_x_i = 1.000000, inc_y_i = 1.000000
En el else......

----------------------------------------
x = 35.000000, y = 133.000000
avance = -193.000000, avanceR = 2.000000, avanceI = 2.000000
inc_x_r = 0.000000, inc_y_r = 1.000000, inc_x_i = 1.000000, inc_y_i = 1.000000
En el else......

----------------------------------------
x = 35.000000, y = 134.000000
avance = -191.000000, avanceR = 2.000000, avanceI = 2.000000
inc_x_r = 0.000000, inc_y_r = 1.000000, inc_x_i = 1.000000, inc_y_i = 1.000000
En el else......

----------------------------------------
x = 35.000000, y = 135.000000
avance = -189.000000, avanceR = 2.000000, avanceI = 2.000000
inc_x_r = 0.000000, inc_y_r = 1.000000, inc_x_i = 1.000000, inc_y_i = 1.000000
En el else......

----------------------------------------
x = 35.000000, y = 136.000000
avance = -187.000000, avanceR = 2.000000, avanceI = 2.000000
inc_x_r = 0.000000, inc_y_r = 1.000000, inc_x_i = 1.000000, inc_y_i = 1.000000
En el else......

----------------------------------------
x = 35.000000, y = 137.000000
avance = -185.000000, avanceR = 2.000000, avanceI = 2.000000
inc_x_r = 0.000000, inc_y_r = 1.000000, inc_x_i = 1.000000, inc_y_i = 1.000000
En el else......

----------------------------------------
x = 35.000000, y = 138.000000
avance = -183.000000, avanceR = 2.000000, avanceI = 2.000000
inc_x_r = 0.000000, inc_y_r = 1.000000, inc_x_i = 1.000000, inc_y_i = 1.000000
En el else......

----------------------------------------
x = 35.000000, y = 139.000000
avance = -181.000000, avanceR = 2.000000, avanceI = 2.000000
inc_x_r = 0.000000, inc_y_r = 1.000000, inc_x_i = 1.000000, inc_y_i = 1.000000
En el else......

----------------------------------------
x = 35.000000, y = 140.000000
avance = -179.000000, avanceR = 2.000000, avanceI = 2.000000
inc_x_r = 0.000000, inc_y_r = 1.000000, inc_x_i = 1.000000, inc_y_i = 1.000000
En el else......

----------------------------------------
x = 35.000000, y = 141.000000
avance = -177.000000, avanceR = 2.000000, avanceI = 2.000000
inc_x_r = 0.000000, inc_y_r = 1.000000, inc_x_i = 1.000000, inc_y_i = 1.000000
En el else......

----------------------------------------
x = 35.000000, y = 142.000000
avance = -175.000000, avanceR = 2.000000, avanceI = 2.000000
inc_x_r = 0.000000, inc_y_r = 1.000000, inc_x_i = 1.000000, inc_y_i = 1.000000
En el else......

----------------------------------------
x = 35.000000, y = 143.000000
avance = -173.000000, avanceR = 2.000000, avanceI = 2.000000
inc_x_r = 0.000000, inc_y_r = 1.000000, inc_x_i = 1.000000, inc_y_i = 1.000000
En el else......

----------------------------------------
x = 35.000000, y = 144.000000
avance = -171.000000, avanceR = 2.000000, avanceI = 2.000000
inc_x_r = 0.000000, inc_y_r = 1.000000, inc_x_i = 1.000000, inc_y_i = 1.000000
En el else......

----------------------------------------
x = 35.000000, y = 145.000000
avance = -169.000000, avanceR = 2.000000, avanceI = 2.000000
inc_x_r = 0.000000, inc_y_r = 1.000000, inc_x_i = 1.000000, inc_y_i = 1.000000
En el else......

----------------------------------------
x = 35.000000, y = 146.000000
avance = -167.000000, avanceR = 2.000000, avanceI = 2.000000
inc_x_r = 0.000000, inc_y_r = 1.000000, inc_x_i = 1.000000, inc_y_i = 1.000000
En el else......

----------------------------------------
x = 35.000000, y = 147.000000
avance = -165.000000, avanceR = 2.000000, avanceI = 2.000000
inc_x_r = 0.000000, inc_y_r = 1.000000, inc_x_i = 1.000000, inc_y_i = 1.000000
En el else......

----------------------------------------
x = 35.000000, y = 148.000000
avance = -163.000000, avanceR = 2.000000, avanceI = 2.000000
inc_x_r = 0.000000, inc_y_r = 1.000000, inc_x_i = 1.000000, inc_y_i = 1.000000
En el else......

----------------------------------------
x = 35.000000, y = 149.000000
avance = -161.000000, avanceR = 2.000000, avanceI = 2.000000
inc_x_r = 0.000000, inc_y_r = 1.000000, inc_x_i = 1.000000, inc_y_i = 1.000000
En el else......

----------------------------------------
x = 35.000000, y = 150.000000
avance = -159.000000, avanceR = 2.000000, avanceI = 2.000000
inc_x_r = 0.000000, inc_y_r = 1.000000, inc_x_i = 1.000000, inc_y_i = 1.000000
En el else......

----------------------------------------
x = 35.000000, y = 151.000000
avance = -157.000000, avanceR = 2.000000, avanceI = 2.000000
inc_x_r = 0.000000, inc_y_r = 1.000000, inc_x_i = 1.000000, inc_y_i = 1.000000
En el else......

----------------------------------------
x = 35.000000, y = 152.000000
avance = -155.000000, avanceR = 2.000000, avanceI = 2.000000
inc_x_r = 0.000000, inc_y_r = 1.000000, inc_x_i = 1.000000, inc_y_i = 1.000000
En el else......

----------------------------------------
x = 35.000000, y = 153.000000
avance = -153.000000, avanceR = 2.000000, avanceI = 2.000000
inc_x_r = 0.000000, inc_y_r = 1.000000, inc_x_i = 1.000000, inc_y_i = 1.000000
En el else......

----------------------------------------
x = 35.000000, y = 154.000000
avance = -151.000000, avanceR = 2.000000, avanceI = 2.000000
inc_x_r = 0.000000, inc_y_r = 1.000000, inc_x_i = 1.000000, inc_y_i = 1.000000
En el else......

----------------------------------------
x = 35.000000, y = 155.000000
avance = -149.000000, avanceR = 2.000000, avanceI = 2.000000
inc_x_r = 0.000000, inc_y_r = 1.000000, inc_x_i = 1.000000, inc_y_i = 1.000000
En el else......

----------------------------------------
x = 35.000000, y = 156.000000
avance = -147.000000, avanceR = 2.000000, avanceI = 2.000000
inc_x_r = 0.000000, inc_y_r = 1.000000, inc_x_i = 1.000000, inc_y_i = 1.000000
En el else......

----------------------------------------
x = 35.000000, y = 157.000000
avance = -145.000000, avanceR = 2.000000, avanceI = 2.000000
inc_x_r = 0.000000, inc_y_r = 1.000000, inc_x_i = 1.000000, inc_y_i = 1.000000
En el else......

----------------------------------------
x = 35.000000, y = 158.000000
avance = -143.000000, avanceR = 2.000000, avanceI = 2.000000
inc_x_r = 0.000000, inc_y_r = 1.000000, inc_x_i = 1.000000, inc_y_i = 1.000000
En el else......

----------------------------------------
x = 35.000000, y = 159.000000
avance = -141.000000, avanceR = 2.000000, avanceI = 2.000000
inc_x_r = 0.000000, inc_y_r = 1.000000, inc_x_i = 1.000000, inc_y_i = 1.000000
En el else......

----------------------------------------
x = 35.000000, y = 160.000000
avance = -139.000000, avanceR = 2.000000, avanceI = 2.000000
inc_x_r = 0.000000, inc_y_r = 1.000000, inc_x_i = 1.000000, inc_y_i = 1.000000
En el else......

----------------------------------------
x = 35.000000, y = 161.000000
avance = -137.000000, avanceR = 2.000000, avanceI = 2.000000
inc_x_r = 0.000000, inc_y_r = 1.000000, inc_x_i = 1.000000, inc_y_i = 1.000000
En el else......

----------------------------------------
x = 35.000000, y = 162.000000
avance = -135.000000, avanceR = 2.000000, avanceI = 2.000000
inc_x_r = 0.000000, inc_y_r = 1.000000, inc_x_i = 1.000000, inc_y_i = 1.000000
En el else......

----------------------------------------
x = 35.000000, y = 163.000000
avance = -133.000000, avanceR = 2.000000, avanceI = 2.000000
inc_x_r = 0.000000, inc_y_r = 1.000000, inc_x_i = 1.000000, inc_y_i = 1.000000
En el else......

----------------------------------------
x = 35.000000, y = 164.000000
avance = -131.000000, avanceR = 2.000000, avanceI = 2.000000
inc_x_r = 0.000000, inc_y_r = 1.000000, inc_x_i = 1.000000, inc_y_i = 1.000000
En el else......

----------------------------------------
x = 35.000000, y = 165.000000
avance = -129.000000, avanceR = 2.000000, avanceI = 2.000000
inc_x_r = 0.000000, inc_y_r = 1.000000, inc_x_i = 1.000000, inc_y_i = 1.000000
En el else......

----------------------------------------
x = 35.000000, y = 166.000000
avance = -127.000000, avanceR = 2.000000, avanceI = 2.000000
inc_x_r = 0.000000, inc_y_r = 1.000000, inc_x_i = 1.000000, inc_y_i = 1.000000
En el else......

----------------------------------------
x = 35.000000, y = 167.000000
avance = -125.000000, avanceR = 2.000000, avanceI = 2.000000
inc_x_r = 0.000000, inc_y_r = 1.000000, inc_x_i = 1.000000, inc_y_i = 1.000000
En el else......

----------------------------------------
x = 35.000000, y = 168.000000
avance = -123.000000, avanceR = 2.000000, avanceI = 2.000000
inc_x_r = 0.000000, inc_y_r = 1.000000, inc_x_i = 1.000000, inc_y_i = 1.000000
En el else......

----------------------------------------
x = 35.000000, y = 169.000000
avance = -121.000000, avanceR = 2.000000, avanceI = 2.000000
inc_x_r = 0.000000, inc_y_r = 1.000000, inc_x_i = 1.000000, inc_y_i = 1.000000
En el else......

----------------------------------------
x = 35.000000, y = 170.000000
avance = -119.000000, avanceR = 2.000000, avanceI = 2.000000
inc_x_r = 0.000000, inc_y_r = 1.000000, inc_x_i = 1.000000, inc_y_i = 1.000000
En el else......

----------------------------------------
x = 35.000000, y = 171.000000
avance = -117.000000, avanceR = 2.000000, avanceI = 2.000000
inc_x_r = 0.000000, inc_y_r = 1.000000, inc_x_i = 1.000000, inc_y_i = 1.000000
En el else......

----------------------------------------
x = 35.000000, y = 172.000000
avance = -115.000000, avanceR = 2.000000, avanceI = 2.000000
inc_x_r = 0.000000, inc_y_r = 1.000000, inc_x_i = 1.000000, inc_y_i = 1.000000
En el else......

----------------------------------------
x = 35.000000, y = 173.000000
avance = -113.000000, avanceR = 2.000000, avanceI = 2.000000
inc_x_r = 0.000000, inc_y_r = 1.000000, inc_x_i = 1.000000, inc_y_i = 1.000000
En el else......

----------------------------------------
x = 35.000000, y = 174.000000
avance = -111.000000, avanceR = 2.000000, avanceI = 2.000000
inc_x_r = 0.000000, inc_y_r = 1.000000, inc_x_i = 1.000000, inc_y_i = 1.000000
En el else......

----------------------------------------
x = 35.000000, y = 175.000000
avance = -109.000000, avanceR = 2.000000, avanceI = 2.000000
inc_x_r = 0.000000, inc_y_r = 1.000000, inc_x_i = 1.000000, inc_y_i = 1.000000
En el else......

----------------------------------------
x = 35.000000, y = 176.000000
avance = -107.000000, avanceR = 2.000000, avanceI = 2.000000
inc_x_r = 0.000000, inc_y_r = 1.000000, inc_x_i = 1.000000, inc_y_i = 1.000000
En el else......

----------------------------------------
x = 35.000000, y = 177.000000
avance = -105.000000, avanceR = 2.000000, avanceI = 2.000000
inc_x_r = 0.000000, inc_y_r = 1.000000, inc_x_i = 1.000000, inc_y_i = 1.000000
En el else......

----------------------------------------
x = 35.000000, y = 178.000000
avance = -103.000000, avanceR = 2.000000, avanceI = 2.000000
inc_x_r = 0.000000, inc_y_r = 1.000000, inc_x_i = 1.000000, inc_y_i = 1.000000
En el else......

----------------------------------------
x = 35.000000, y = 179.000000
avance = -101.000000, avanceR = 2.000000, avanceI = 2.000000
inc_x_r = 0.000000, inc_y_r = 1.000000, inc_x_i = 1.000000, inc_y_i = 1.000000
En el else......

----------------------------------------
x = 35.000000, y = 180.000000
avance = -99.000000, avanceR = 2.000000, avanceI = 2.000000
inc_x_r = 0.000000, inc_y_r = 1.000000, inc_x_i = 1.000000, inc_y_i = 1.000000
En el else......

----------------------------------------
x = 35.000000, y = 181.000000
avance = -97.000000, avanceR = 2.000000, avanceI = 2.000000
inc_x_r = 0.000000, inc_y_r = 1.000000, inc_x_i = 1.000000, inc_y_i = 1.000000
En el else......

----------------------------------------
x = 35.000000, y = 182.000000
avance = -95.000000, avanceR = 2.000000, avanceI = 2.000000
inc_x_r = 0.000000, inc_y_r = 1.000000, inc_x_i = 1.000000, inc_y_i = 1.000000
En el else......

----------------------------------------
x = 35.000000, y = 183.000000
avance = -93.000000, avanceR = 2.000000, avanceI = 2.000000
inc_x_r = 0.000000, inc_y_r = 1.000000, inc_x_i = 1.000000, inc_y_i = 1.000000
En el else......

----------------------------------------
x = 35.000000, y = 184.000000
avance = -91.000000, avanceR = 2.000000, avanceI = 2.000000
inc_x_r = 0.000000, inc_y_r = 1.000000, inc_x_i = 1.000000, inc_y_i = 1.000000
En el else......

----------------------------------------
x = 35.000000, y = 185.000000
avance = -89.000000, avanceR = 2.000000, avanceI = 2.000000
inc_x_r = 0.000000, inc_y_r = 1.000000, inc_x_i = 1.000000, inc_y_i = 1.000000
En el else......

----------------------------------------
x = 35.000000, y = 186.000000
avance = -87.000000, avanceR = 2.000000, avanceI = 2.000000
inc_x_r = 0.000000, inc_y_r = 1.000000, inc_x_i = 1.000000, inc_y_i = 1.000000
En el else......

----------------------------------------
x = 35.000000, y = 187.000000
avance = -85.000000, avanceR = 2.000000, avanceI = 2.000000
inc_x_r = 0.000000, inc_y_r = 1.000000, inc_x_i = 1.000000, inc_y_i = 1.000000
En el else......

----------------------------------------
x = 35.000000, y = 188.000000
avance = -83.000000, avanceR = 2.000000, avanceI = 2.000000
inc_x_r = 0.000000, inc_y_r = 1.000000, inc_x_i = 1.000000, inc_y_i = 1.000000
En el else......

----------------------------------------
x = 35.000000, y = 189.000000
avance = -81.000000, avanceR = 2.000000, avanceI = 2.000000
inc_x_r = 0.000000, inc_y_r = 1.000000, inc_x_i = 1.000000, inc_y_i = 1.000000
En el else......

----------------------------------------
x = 35.000000, y = 190.000000
avance = -79.000000, avanceR = 2.000000, avanceI = 2.000000
inc_x_r = 0.000000, inc_y_r = 1.000000, inc_x_i = 1.000000, inc_y_i = 1.000000
En el else......

----------------------------------------
x = 35.000000, y = 191.000000
avance = -77.000000, avanceR = 2.000000, avanceI = 2.000000
inc_x_r = 0.000000, inc_y_r = 1.000000, inc_x_i = 1.000000, inc_y_i = 1.000000
En el else......

----------------------------------------
x = 35.000000, y = 192.000000
avance = -75.000000, avanceR = 2.000000, avanceI = 2.000000
inc_x_r = 0.000000, inc_y_r = 1.000000, inc_x_i = 1.000000, inc_y_i = 1.000000
En el else......

----------------------------------------
x = 35.000000, y = 193.000000
avance = -73.000000, avanceR = 2.000000, avanceI = 2.000000
inc_x_r = 0.000000, inc_y_r = 1.000000, inc_x_i = 1.000000, inc_y_i = 1.000000
En el else......

----------------------------------------
x = 35.000000, y = 194.000000
avance = -71.000000, avanceR = 2.000000, avanceI = 2.000000
inc_x_r = 0.000000, inc_y_r = 1.000000, inc_x_i = 1.000000, inc_y_i = 1.000000
En el else......

----------------------------------------
x = 35.000000, y = 195.000000
avance = -69.000000, avanceR = 2.000000, avanceI = 2.000000
inc_x_r = 0.000000, inc_y_r = 1.000000, inc_x_i = 1.000000, inc_y_i = 1.000000
En el else......

----------------------------------------
x = 35.000000, y = 196.000000
avance = -67.000000, avanceR = 2.000000, avanceI = 2.000000
inc_x_r = 0.000000, inc_y_r = 1.000000, inc_x_i = 1.000000, inc_y_i = 1.000000
En el else......

----------------------------------------
x = 35.000000, y = 197.000000
avance = -65.000000, avanceR = 2.000000, avanceI = 2.000000
inc_x_r = 0.000000, inc_y_r = 1.000000, inc_x_i = 1.000000, inc_y_i = 1.000000
En el else......

----------------------------------------
x = 35.000000, y = 198.000000
avance = -63.000000, avanceR = 2.000000, avanceI = 2.000000
inc_x_r = 0.000000, inc_y_r = 1.000000, inc_x_i = 1.000000, inc_y_i = 1.000000
En el else......

----------------------------------------
x = 35.000000, y = 199.000000
avance = -61.000000, avanceR = 2.000000, avanceI = 2.000000
inc_x_r = 0.000000, inc_y_r = 1.000000, inc_x_i = 1.000000, inc_y_i = 1.000000
En el else......

----------------------------------------
x = 35.000000, y = 200.000000
avance = -59.000000, avanceR = 2.000000, avanceI = 2.000000
inc_x_r = 0.000000, inc_y_r = 1.000000, inc_x_i = 1.000000, inc_y_i = 1.000000
En el else......

----------------------------------------
x = 35.000000, y = 201.000000
avance = -57.000000, avanceR = 2.000000, avanceI = 2.000000
inc_x_r = 0.000000, inc_y_r = 1.000000, inc_x_i = 1.000000, inc_y_i = 1.000000
En el else......

----------------------------------------
x = 35.000000, y = 202.000000
avance = -55.000000, avanceR = 2.000000, avanceI = 2.000000
inc_x_r = 0.000000, inc_y_r = 1.000000, inc_x_i = 1.000000, inc_y_i = 1.000000
En el else......

----------------------------------------
x = 35.000000, y = 203.000000
avance = -53.000000, avanceR = 2.000000, avanceI = 2.000000
inc_x_r = 0.000000, inc_y_r = 1.000000, inc_x_i = 1.000000, inc_y_i = 1.000000
En el else......

----------------------------------------
x = 35.000000, y = 204.000000
avance = -51.000000, avanceR = 2.000000, avanceI = 2.000000
inc_x_r = 0.000000, inc_y_r = 1.000000, inc_x_i = 1.000000, inc_y_i = 1.000000
En el else......

----------------------------------------
x = 35.000000, y = 205.000000
avance = -49.000000, avanceR = 2.000000, avanceI = 2.000000
inc_x_r = 0.000000, inc_y_r = 1.000000, inc_x_i = 1.000000, inc_y_i = 1.000000
En el else......

----------------------------------------
x = 35.000000, y = 206.000000
avance = -47.000000, avanceR = 2.000000, avanceI = 2.000000
inc_x_r = 0.000000, inc_y_r = 1.000000, inc_x_i = 1.000000, inc_y_i = 1.000000
En el else......

----------------------------------------
x = 35.000000, y = 207.000000
avance = -45.000000, avanceR = 2.000000, avanceI = 2.000000
inc_x_r = 0.000000, inc_y_r = 1.000000, inc_x_i = 1.000000, inc_y_i = 1.000000
En el else......

----------------------------------------
x = 35.000000, y = 208.000000
avance = -43.000000, avanceR = 2.000000, avanceI = 2.000000
inc_x_r = 0.000000, inc_y_r = 1.000000, inc_x_i = 1.000000, inc_y_i = 1.000000
En el else......

----------------------------------------
x = 35.000000, y = 209.000000
avance = -41.000000, avanceR = 2.000000, avanceI = 2.000000
inc_x_r = 0.000000, inc_y_r = 1.000000, inc_x_i = 1.000000, inc_y_i = 1.000000
En el else......

----------------------------------------
x = 35.000000, y = 210.000000
avance = -39.000000, avanceR = 2.000000, avanceI = 2.000000
inc_x_r = 0.000000, inc_y_r = 1.000000, inc_x_i = 1.000000, inc_y_i = 1.000000
En el else......

----------------------------------------
x = 35.000000, y = 211.000000
avance = -37.000000, avanceR = 2.000000, avanceI = 2.000000
inc_x_r = 0.000000, inc_y_r = 1.000000, inc_x_i = 1.000000, inc_y_i = 1.000000
En el else......

----------------------------------------
x = 35.000000, y = 212.000000
avance = -35.000000, avanceR = 2.000000, avanceI = 2.000000
inc_x_r = 0.000000, inc_y_r = 1.000000, inc_x_i = 1.000000, inc_y_i = 1.000000
En el else......

----------------------------------------
x = 35.000000, y = 213.000000
avance = -33.000000, avanceR = 2.000000, avanceI = 2.000000
inc_x_r = 0.000000, inc_y_r = 1.000000, inc_x_i = 1.000000, inc_y_i = 1.000000
En el else......

----------------------------------------
x = 35.000000, y = 214.000000
avance = -31.000000, avanceR = 2.000000, avanceI = 2.000000
inc_x_r = 0.000000, inc_y_r = 1.000000, inc_x_i = 1.000000, inc_y_i = 1.000000
En el else......

----------------------------------------
x = 35.000000, y = 215.000000
avance = -29.000000, avanceR = 2.000000, avanceI = 2.000000
inc_x_r = 0.000000, inc_y_r = 1.000000, inc_x_i = 1.000000, inc_y_i = 1.000000
En el else......

----------------------------------------
x = 35.000000, y = 216.000000
avance = -27.000000, avanceR = 2.000000, avanceI = 2.000000
inc_x_r = 0.000000, inc_y_r = 1.000000, inc_x_i = 1.000000, inc_y_i = 1.000000
En el else......

----------------------------------------
x = 35.000000, y = 217.000000
avance = -25.000000, avanceR = 2.000000, avanceI = 2.000000
inc_x_r = 0.000000, inc_y_r = 1.000000, inc_x_i = 1.000000, inc_y_i = 1.000000
En el else......

----------------------------------------
x = 35.000000, y = 218.000000
avance = -23.000000, avanceR = 2.000000, avanceI = 2.000000
inc_x_r = 0.000000, inc_y_r = 1.000000, inc_x_i = 1.000000, inc_y_i = 1.000000
En el else......

----------------------------------------
x = 35.000000, y = 219.000000
avance = -21.000000, avanceR = 2.000000, avanceI = 2.000000
inc_x_r = 0.000000, inc_y_r = 1.000000, inc_x_i = 1.000000, inc_y_i = 1.000000
En el else......

----------------------------------------
x = 35.000000, y = 220.000000
avance = -19.000000, avanceR = 2.000000, avanceI = 2.000000
inc_x_r = 0.000000, inc_y_r = 1.000000, inc_x_i = 1.000000, inc_y_i = 1.000000
En el else......

----------------------------------------
x = 35.000000, y = 221.000000
avance = -17.000000, avanceR = 2.000000, avanceI = 2.000000
inc_x_r = 0.000000, inc_y_r = 1.000000, inc_x_i = 1.000000, inc_y_i = 1.000000
En el else......

----------------------------------------
x = 35.000000, y = 222.000000
avance = -15.000000, avanceR = 2.000000, avanceI = 2.000000
inc_x_r = 0.000000, inc_y_r = 1.000000, inc_x_i = 1.000000, inc_y_i = 1.000000
En el else......

----------------------------------------
x = 35.000000, y = 223.000000
avance = -13.000000, avanceR = 2.000000, avanceI = 2.000000
inc_x_r = 0.000000, inc_y_r = 1.000000, inc_x_i = 1.000000, inc_y_i = 1.000000
En el else......

----------------------------------------
x = 35.000000, y = 224.000000
avance = -11.000000, avanceR = 2.000000, avanceI = 2.000000
inc_x_r = 0.000000, inc_y_r = 1.000000, inc_x_i = 1.000000, inc_y_i = 1.000000
En el else......

----------------------------------------
x = 35.000000, y = 225.000000
avance = -9.000000, avanceR = 2.000000, avanceI = 2.000000
inc_x_r = 0.000000, inc_y_r = 1.000000, inc_x_i = 1.000000, inc_y_i = 1.000000
En el else......

----------------------------------------
x = 35.000000, y = 226.000000
avance = -7.000000, avanceR = 2.000000, avanceI = 2.000000
inc_x_r = 0.000000, inc_y_r = 1.000000, inc_x_i = 1.000000, inc_y_i = 1.000000
En el else......

----------------------------------------
x = 35.000000, y = 227.000000
avance = -5.000000, avanceR = 2.000000, avanceI = 2.000000
inc_x_r = 0.000000, inc_y_r = 1.000000, inc_x_i = 1.000000, inc_y_i = 1.000000
En el else......

----------------------------------------
x = 35.000000, y = 228.000000
avance = -3.000000, avanceR = 2.000000, avanceI = 2.000000
inc_x_r = 0.000000, inc_y_r = 1.000000, inc_x_i = 1.000000, inc_y_i = 1.000000
En el else......

----------------------------------------
x = 35.000000, y = 229.000000
avance = -1.000000, avanceR = 2.000000, avanceI = 2.000000
inc_x_r = 0.000000, inc_y_r = 1.000000, inc_x_i = 1.000000, inc_y_i = 1.000000
En el else......

----------------------------------------
x = 35.000000, y = 230.000000
avance = 1.000000, avanceR = 2.000000, avanceI = 2.000000
inc_x_r = 0.000000, inc_y_r = 1.000000, inc_x_i = 1.000000, inc_y_i = 1.000000
avance >= 0

----------------------------------------
x = 36.000000, y = 231.000000
avance = -499.000000, avanceR = 2.000000, avanceI = 2.000000
inc_x_r = 0.000000, inc_y_r = 1.000000, inc_x_i = 1.000000, inc_y_i = 1.000000
En el else......

----------------------------------------
x = 36.000000, y = 232.000000
avance = -497.000000, avanceR = 2.000000, avanceI = 2.000000
inc_x_r = 0.000000, inc_y_r = 1.000000, inc_x_i = 1.000000, inc_y_i = 1.000000
En el else......

----------------------------------------
x = 36.000000, y = 233.000000
avance = -495.000000, avanceR = 2.000000, avanceI = 2.000000
inc_x_r = 0.000000, inc_y_r = 1.000000, inc_x_i = 1.000000, inc_y_i = 1.000000
En el else......

----------------------------------------
x = 36.000000, y = 234.000000
avance = -493.000000, avanceR = 2.000000, avanceI = 2.000000
inc_x_r = 0.000000, inc_y_r = 1.000000, inc_x_i = 1.000000, inc_y_i = 1.000000
En el else......

----------------------------------------
x = 36.000000, y = 235.000000
avance = -491.000000, avanceR = 2.000000, avanceI = 2.000000
inc_x_r = 0.000000, inc_y_r = 1.000000, inc_x_i = 1.000000, inc_y_i = 1.000000
En el else......

----------------------------------------
x = 36.000000, y = 236.000000
avance = -489.000000, avanceR = 2.000000, avanceI = 2.000000
inc_x_r = 0.000000, inc_y_r = 1.000000, inc_x_i = 1.000000, inc_y_i = 1.000000
En el else......

----------------------------------------
x = 36.000000, y = 237.000000
avance = -487.000000, avanceR = 2.000000, avanceI = 2.000000
inc_x_r = 0.000000, inc_y_r = 1.000000, inc_x_i = 1.000000, inc_y_i = 1.000000
En el else......

----------------------------------------
x = 36.000000, y = 238.000000
avance = -485.000000, avanceR = 2.000000, avanceI = 2.000000
inc_x_r = 0.000000, inc_y_r = 1.000000, inc_x_i = 1.000000, inc_y_i = 1.000000
En el else......

----------------------------------------
x = 36.000000, y = 239.000000
avance = -483.000000, avanceR = 2.000000, avanceI = 2.000000
inc_x_r = 0.000000, inc_y_r = 1.000000, inc_x_i = 1.000000, inc_y_i = 1.000000
En el else......

----------------------------------------
x = 36.000000, y = 240.000000
avance = -481.000000, avanceR = 2.000000, avanceI = 2.000000
inc_x_r = 0.000000, inc_y_r = 1.000000, inc_x_i = 1.000000, inc_y_i = 1.000000
En el else......

----------------------------------------
x = 36.000000, y = 241.000000
avance = -479.000000, avanceR = 2.000000, avanceI = 2.000000
inc_x_r = 0.000000, inc_y_r = 1.000000, inc_x_i = 1.000000, inc_y_i = 1.000000
En el else......

----------------------------------------
x = 36.000000, y = 242.000000
avance = -477.000000, avanceR = 2.000000, avanceI = 2.000000
inc_x_r = 0.000000, inc_y_r = 1.000000, inc_x_i = 1.000000, inc_y_i = 1.000000
En el else......

----------------------------------------
x = 36.000000, y = 243.000000
avance = -475.000000, avanceR = 2.000000, avanceI = 2.000000
inc_x_r = 0.000000, inc_y_r = 1.000000, inc_x_i = 1.000000, inc_y_i = 1.000000
En el else......

----------------------------------------
x = 36.000000, y = 244.000000
avance = -473.000000, avanceR = 2.000000, avanceI = 2.000000
inc_x_r = 0.000000, inc_y_r = 1.000000, inc_x_i = 1.000000, inc_y_i = 1.000000
En el else......

----------------------------------------
x = 36.000000, y = 245.000000
avance = -471.000000, avanceR = 2.000000, avanceI = 2.000000
inc_x_r = 0.000000, inc_y_r = 1.000000, inc_x_i = 1.000000, inc_y_i = 1.000000
En el else......

----------------------------------------
x = 36.000000, y = 246.000000
avance = -469.000000, avanceR = 2.000000, avanceI = 2.000000
inc_x_r = 0.000000, inc_y_r = 1.000000, inc_x_i = 1.000000, inc_y_i = 1.000000
En el else......

----------------------------------------
x = 36.000000, y = 247.000000
avance = -467.000000, avanceR = 2.000000, avanceI = 2.000000
inc_x_r = 0.000000, inc_y_r = 1.000000, inc_x_i = 1.000000, inc_y_i = 1.000000
En el else......

----------------------------------------
x = 36.000000, y = 248.000000
avance = -465.000000, avanceR = 2.000000, avanceI = 2.000000
inc_x_r = 0.000000, inc_y_r = 1.000000, inc_x_i = 1.000000, inc_y_i = 1.000000
En el else......

----------------------------------------
x = 36.000000, y = 249.000000
avance = -463.000000, avanceR = 2.000000, avanceI = 2.000000
inc_x_r = 0.000000, inc_y_r = 1.000000, inc_x_i = 1.000000, inc_y_i = 1.000000
En el else......

----------------------------------------
x = 36.000000, y = 250.000000
avance = -461.000000, avanceR = 2.000000, avanceI = 2.000000
inc_x_r = 0.000000, inc_y_r = 1.000000, inc_x_i = 1.000000, inc_y_i = 1.000000
En el else......

----------------------------------------
x = 36.000000, y = 251.000000
avance = -459.000000, avanceR = 2.000000, avanceI = 2.000000
inc_x_r = 0.000000, inc_y_r = 1.000000, inc_x_i = 1.000000, inc_y_i = 1.000000
En el else......

----------------------------------------
x = 36.000000, y = 252.000000
avance = -457.000000, avanceR = 2.000000, avanceI = 2.000000
inc_x_r = 0.000000, inc_y_r = 1.000000, inc_x_i = 1.000000, inc_y_i = 1.000000
En el else......

----------------------------------------
x = 36.000000, y = 253.000000
avance = -455.000000, avanceR = 2.000000, avanceI = 2.000000
inc_x_r = 0.000000, inc_y_r = 1.000000, inc_x_i = 1.000000, inc_y_i = 1.000000
En el else......

----------------------------------------
x = 36.000000, y = 254.000000
avance = -453.000000, avanceR = 2.000000, avanceI = 2.000000
inc_x_r = 0.000000, inc_y_r = 1.000000, inc_x_i = 1.000000, inc_y_i = 1.000000
En el else......

----------------------------------------
x = 36.000000, y = 255.000000
avance = -451.000000, avanceR = 2.000000, avanceI = 2.000000
inc_x_r = 0.000000, inc_y_r = 1.000000, inc_x_i = 1.000000, inc_y_i = 1.000000
En el else......

----------------------------------------
x = 36.000000, y = 256.000000
avance = -449.000000, avanceR = 2.000000, avanceI = 2.000000
inc_x_r = 0.000000, inc_y_r = 1.000000, inc_x_i = 1.000000, inc_y_i = 1.000000
En el else......

----------------------------------------
x = 36.000000, y = 257.000000
avance = -447.000000, avanceR = 2.000000, avanceI = 2.000000
inc_x_r = 0.000000, inc_y_r = 1.000000, inc_x_i = 1.000000, inc_y_i = 1.000000
En el else......

----------------------------------------
x = 36.000000, y = 258.000000
avance = -445.000000, avanceR = 2.000000, avanceI = 2.000000
inc_x_r = 0.000000, inc_y_r = 1.000000, inc_x_i = 1.000000, inc_y_i = 1.000000
En el else......

----------------------------------------
x = 36.000000, y = 259.000000
avance = -443.000000, avanceR = 2.000000, avanceI = 2.000000
inc_x_r = 0.000000, inc_y_r = 1.000000, inc_x_i = 1.000000, inc_y_i = 1.000000
En el else......

----------------------------------------
x = 36.000000, y = 260.000000
avance = -441.000000, avanceR = 2.000000, avanceI = 2.000000
inc_x_r = 0.000000, inc_y_r = 1.000000, inc_x_i = 1.000000, inc_y_i = 1.000000
En el else......

----------------------------------------
x = 36.000000, y = 261.000000
avance = -439.000000, avanceR = 2.000000, avanceI = 2.000000
inc_x_r = 0.000000, inc_y_r = 1.000000, inc_x_i = 1.000000, inc_y_i = 1.000000
En el else......

----------------------------------------
x = 36.000000, y = 262.000000
avance = -437.000000, avanceR = 2.000000, avanceI = 2.000000
inc_x_r = 0.000000, inc_y_r = 1.000000, inc_x_i = 1.000000, inc_y_i = 1.000000
En el else......

----------------------------------------
x = 36.000000, y = 263.000000
avance = -435.000000, avanceR = 2.000000, avanceI = 2.000000
inc_x_r = 0.000000, inc_y_r = 1.000000, inc_x_i = 1.000000, inc_y_i = 1.000000
En el else......

----------------------------------------
x = 36.000000, y = 264.000000
avance = -433.000000, avanceR = 2.000000, avanceI = 2.000000
inc_x_r = 0.000000, inc_y_r = 1.000000, inc_x_i = 1.000000, inc_y_i = 1.000000
En el else......

----------------------------------------
x = 36.000000, y = 265.000000
avance = -431.000000, avanceR = 2.000000, avanceI = 2.000000
inc_x_r = 0.000000, inc_y_r = 1.000000, inc_x_i = 1.000000, inc_y_i = 1.000000
En el else......

----------------------------------------
x = 36.000000, y = 266.000000
avance = -429.000000, avanceR = 2.000000, avanceI = 2.000000
inc_x_r = 0.000000, inc_y_r = 1.000000, inc_x_i = 1.000000, inc_y_i = 1.000000
En el else......

----------------------------------------
x = 36.000000, y = 267.000000
avance = -427.000000, avanceR = 2.000000, avanceI = 2.000000
inc_x_r = 0.000000, inc_y_r = 1.000000, inc_x_i = 1.000000, inc_y_i = 1.000000
En el else......

----------------------------------------
x = 36.000000, y = 268.000000
avance = -425.000000, avanceR = 2.000000, avanceI = 2.000000
inc_x_r = 0.000000, inc_y_r = 1.000000, inc_x_i = 1.000000, inc_y_i = 1.000000
En el else......

----------------------------------------
x = 36.000000, y = 269.000000
avance = -423.000000, avanceR = 2.000000, avanceI = 2.000000
inc_x_r = 0.000000, inc_y_r = 1.000000, inc_x_i = 1.000000, inc_y_i = 1.000000
En el else......

----------------------------------------
x = 36.000000, y = 270.000000
avance = -421.000000, avanceR = 2.000000, avanceI = 2.000000
inc_x_r = 0.000000, inc_y_r = 1.000000, inc_x_i = 1.000000, inc_y_i = 1.000000
En el else......

----------------------------------------
x = 36.000000, y = 271.000000
avance = -419.000000, avanceR = 2.000000, avanceI = 2.000000
inc_x_r = 0.000000, inc_y_r = 1.000000, inc_x_i = 1.000000, inc_y_i = 1.000000
En el else......

----------------------------------------
x = 36.000000, y = 272.000000
avance = -417.000000, avanceR = 2.000000, avanceI = 2.000000
inc_x_r = 0.000000, inc_y_r = 1.000000, inc_x_i = 1.000000, inc_y_i = 1.000000
En el else......

----------------------------------------
x = 36.000000, y = 273.000000
avance = -415.000000, avanceR = 2.000000, avanceI = 2.000000
inc_x_r = 0.000000, inc_y_r = 1.000000, inc_x_i = 1.000000, inc_y_i = 1.000000
En el else......

----------------------------------------
x = 36.000000, y = 274.000000
avance = -413.000000, avanceR = 2.000000, avanceI = 2.000000
inc_x_r = 0.000000, inc_y_r = 1.000000, inc_x_i = 1.000000, inc_y_i = 1.000000
En el else......

----------------------------------------
x = 36.000000, y = 275.000000
avance = -411.000000, avanceR = 2.000000, avanceI = 2.000000
inc_x_r = 0.000000, inc_y_r = 1.000000, inc_x_i = 1.000000, inc_y_i = 1.000000
En el else......

----------------------------------------
x = 36.000000, y = 276.000000
avance = -409.000000, avanceR = 2.000000, avanceI = 2.000000
inc_x_r = 0.000000, inc_y_r = 1.000000, inc_x_i = 1.000000, inc_y_i = 1.000000
En el else......

----------------------------------------
x = 36.000000, y = 277.000000
avance = -407.000000, avanceR = 2.000000, avanceI = 2.000000
inc_x_r = 0.000000, inc_y_r = 1.000000, inc_x_i = 1.000000, inc_y_i = 1.000000
En el else......

----------------------------------------
x = 36.000000, y = 278.000000
avance = -405.000000, avanceR = 2.000000, avanceI = 2.000000
inc_x_r = 0.000000, inc_y_r = 1.000000, inc_x_i = 1.000000, inc_y_i = 1.000000
En el else......

----------------------------------------
x = 36.000000, y = 279.000000
avance = -403.000000, avanceR = 2.000000, avanceI = 2.000000
inc_x_r = 0.000000, inc_y_r = 1.000000, inc_x_i = 1.000000, inc_y_i = 1.000000
En el else......

----------------------------------------
x = 36.000000, y = 280.000000
avance = -401.000000, avanceR = 2.000000, avanceI = 2.000000
inc_x_r = 0.000000, inc_y_r = 1.000000, inc_x_i = 1.000000, inc_y_i = 1.000000
En el else......

----------------------------------------
x = 36.000000, y = 281.000000
avance = -399.000000, avanceR = 2.000000, avanceI = 2.000000
inc_x_r = 0.000000, inc_y_r = 1.000000, inc_x_i = 1.000000, inc_y_i = 1.000000
En el else......

----------------------------------------
x = 36.000000, y = 282.000000
avance = -397.000000, avanceR = 2.000000, avanceI = 2.000000
inc_x_r = 0.000000, inc_y_r = 1.000000, inc_x_i = 1.000000, inc_y_i = 1.000000
En el else......

----------------------------------------
x = 36.000000, y = 283.000000
avance = -395.000000, avanceR = 2.000000, avanceI = 2.000000
inc_x_r = 0.000000, inc_y_r = 1.000000, inc_x_i = 1.000000, inc_y_i = 1.000000
En el else......

----------------------------------------
x = 36.000000, y = 284.000000
avance = -393.000000, avanceR = 2.000000, avanceI = 2.000000
inc_x_r = 0.000000, inc_y_r = 1.000000, inc_x_i = 1.000000, inc_y_i = 1.000000
En el else......

----------------------------------------
x = 36.000000, y = 285.000000
avance = -391.000000, avanceR = 2.000000, avanceI = 2.000000
inc_x_r = 0.000000, inc_y_r = 1.000000, inc_x_i = 1.000000, inc_y_i = 1.000000
En el else......

----------------------------------------
x = 36.000000, y = 286.000000
avance = -389.000000, avanceR = 2.000000, avanceI = 2.000000
inc_x_r = 0.000000, inc_y_r = 1.000000, inc_x_i = 1.000000, inc_y_i = 1.000000
En el else......

----------------------------------------
x = 36.000000, y = 287.000000
avance = -387.000000, avanceR = 2.000000, avanceI = 2.000000
inc_x_r = 0.000000, inc_y_r = 1.000000, inc_x_i = 1.000000, inc_y_i = 1.000000
En el else......

----------------------------------------
x = 36.000000, y = 288.000000
avance = -385.000000, avanceR = 2.000000, avanceI = 2.000000
inc_x_r = 0.000000, inc_y_r = 1.000000, inc_x_i = 1.000000, inc_y_i = 1.000000
En el else......

----------------------------------------
x = 36.000000, y = 289.000000
avance = -383.000000, avanceR = 2.000000, avanceI = 2.000000
inc_x_r = 0.000000, inc_y_r = 1.000000, inc_x_i = 1.000000, inc_y_i = 1.000000
En el else......

----------------------------------------
x = 36.000000, y = 290.000000
avance = -381.000000, avanceR = 2.000000, avanceI = 2.000000
inc_x_r = 0.000000, inc_y_r = 1.000000, inc_x_i = 1.000000, inc_y_i = 1.000000
En el else......

----------------------------------------
x = 36.000000, y = 291.000000
avance = -379.000000, avanceR = 2.000000, avanceI = 2.000000
inc_x_r = 0.000000, inc_y_r = 1.000000, inc_x_i = 1.000000, inc_y_i = 1.000000
En el else......

----------------------------------------
x = 36.000000, y = 292.000000
avance = -377.000000, avanceR = 2.000000, avanceI = 2.000000
inc_x_r = 0.000000, inc_y_r = 1.000000, inc_x_i = 1.000000, inc_y_i = 1.000000
En el else......

----------------------------------------
x = 36.000000, y = 293.000000
avance = -375.000000, avanceR = 2.000000, avanceI = 2.000000
inc_x_r = 0.000000, inc_y_r = 1.000000, inc_x_i = 1.000000, inc_y_i = 1.000000
En el else......

----------------------------------------
x = 36.000000, y = 294.000000
avance = -373.000000, avanceR = 2.000000, avanceI = 2.000000
inc_x_r = 0.000000, inc_y_r = 1.000000, inc_x_i = 1.000000, inc_y_i = 1.000000
En el else......

----------------------------------------
x = 36.000000, y = 295.000000
avance = -371.000000, avanceR = 2.000000, avanceI = 2.000000
inc_x_r = 0.000000, inc_y_r = 1.000000, inc_x_i = 1.000000, inc_y_i = 1.000000
En el else......

----------------------------------------
x = 36.000000, y = 296.000000
avance = -369.000000, avanceR = 2.000000, avanceI = 2.000000
inc_x_r = 0.000000, inc_y_r = 1.000000, inc_x_i = 1.000000, inc_y_i = 1.000000
En el else......

----------------------------------------
x = 36.000000, y = 297.000000
avance = -367.000000, avanceR = 2.000000, avanceI = 2.000000
inc_x_r = 0.000000, inc_y_r = 1.000000, inc_x_i = 1.000000, inc_y_i = 1.000000
En el else......

----------------------------------------
x = 36.000000, y = 298.000000
avance = -365.000000, avanceR = 2.000000, avanceI = 2.000000
inc_x_r = 0.000000, inc_y_r = 1.000000, inc_x_i = 1.000000, inc_y_i = 1.000000
En el else......

----------------------------------------
x = 36.000000, y = 299.000000
avance = -363.000000, avanceR = 2.000000, avanceI = 2.000000
inc_x_r = 0.000000, inc_y_r = 1.000000, inc_x_i = 1.000000, inc_y_i = 1.000000
En el else......

----------------------------------------
x = 36.000000, y = 300.000000
avance = -361.000000, avanceR = 2.000000, avanceI = 2.000000
inc_x_r = 0.000000, inc_y_r = 1.000000, inc_x_i = 1.000000, inc_y_i = 1.000000
En el else......

----------------------------------------
x = 36.000000, y = 301.000000
avance = -359.000000, avanceR = 2.000000, avanceI = 2.000000
inc_x_r = 0.000000, inc_y_r = 1.000000, inc_x_i = 1.000000, inc_y_i = 1.000000
En el else......

----------------------------------------
x = 36.000000, y = 302.000000
avance = -357.000000, avanceR = 2.000000, avanceI = 2.000000
inc_x_r = 0.000000, inc_y_r = 1.000000, inc_x_i = 1.000000, inc_y_i = 1.000000
En el else......

----------------------------------------
x = 36.000000, y = 303.000000
avance = -355.000000, avanceR = 2.000000, avanceI = 2.000000
inc_x_r = 0.000000, inc_y_r = 1.000000, inc_x_i = 1.000000, inc_y_i = 1.000000
En el else......

----------------------------------------
x = 36.000000, y = 304.000000
avance = -353.000000, avanceR = 2.000000, avanceI = 2.000000
inc_x_r = 0.000000, inc_y_r = 1.000000, inc_x_i = 1.000000, inc_y_i = 1.000000
En el else......

----------------------------------------
x = 36.000000, y = 305.000000
avance = -351.000000, avanceR = 2.000000, avanceI = 2.000000
inc_x_r = 0.000000, inc_y_r = 1.000000, inc_x_i = 1.000000, inc_y_i = 1.000000
En el else......

----------------------------------------
x = 36.000000, y = 306.000000
avance = -349.000000, avanceR = 2.000000, avanceI = 2.000000
inc_x_r = 0.000000, inc_y_r = 1.000000, inc_x_i = 1.000000, inc_y_i = 1.000000
En el else......

----------------------------------------
x = 36.000000, y = 307.000000
avance = -347.000000, avanceR = 2.000000, avanceI = 2.000000
inc_x_r = 0.000000, inc_y_r = 1.000000, inc_x_i = 1.000000, inc_y_i = 1.000000
En el else......

----------------------------------------
x = 36.000000, y = 308.000000
avance = -345.000000, avanceR = 2.000000, avanceI = 2.000000
inc_x_r = 0.000000, inc_y_r = 1.000000, inc_x_i = 1.000000, inc_y_i = 1.000000
En el else......

----------------------------------------
x = 36.000000, y = 309.000000
avance = -343.000000, avanceR = 2.000000, avanceI = 2.000000
inc_x_r = 0.000000, inc_y_r = 1.000000, inc_x_i = 1.000000, inc_y_i = 1.000000
En el else......

----------------------------------------
x = 36.000000, y = 310.000000
avance = -341.000000, avanceR = 2.000000, avanceI = 2.000000
inc_x_r = 0.000000, inc_y_r = 1.000000, inc_x_i = 1.000000, inc_y_i = 1.000000
En el else......

----------------------------------------
x = 36.000000, y = 311.000000
avance = -339.000000, avanceR = 2.000000, avanceI = 2.000000
inc_x_r = 0.000000, inc_y_r = 1.000000, inc_x_i = 1.000000, inc_y_i = 1.000000
En el else......

----------------------------------------
x = 36.000000, y = 312.000000
avance = -337.000000, avanceR = 2.000000, avanceI = 2.000000
inc_x_r = 0.000000, inc_y_r = 1.000000, inc_x_i = 1.000000, inc_y_i = 1.000000
En el else......

----------------------------------------
x = 36.000000, y = 313.000000
avance = -335.000000, avanceR = 2.000000, avanceI = 2.000000
inc_x_r = 0.000000, inc_y_r = 1.000000, inc_x_i = 1.000000, inc_y_i = 1.000000
En el else......

----------------------------------------
x = 36.000000, y = 314.000000
avance = -333.000000, avanceR = 2.000000, avanceI = 2.000000
inc_x_r = 0.000000, inc_y_r = 1.000000, inc_x_i = 1.000000, inc_y_i = 1.000000
En el else......

----------------------------------------
x = 36.000000, y = 315.000000
avance = -331.000000, avanceR = 2.000000, avanceI = 2.000000
inc_x_r = 0.000000, inc_y_r = 1.000000, inc_x_i = 1.000000, inc_y_i = 1.000000
En el else......

----------------------------------------
x = 36.000000, y = 316.000000
avance = -329.000000, avanceR = 2.000000, avanceI = 2.000000
inc_x_r = 0.000000, inc_y_r = 1.000000, inc_x_i = 1.000000, inc_y_i = 1.000000
En el else......

----------------------------------------
x = 36.000000, y = 317.000000
avance = -327.000000, avanceR = 2.000000, avanceI = 2.000000
inc_x_r = 0.000000, inc_y_r = 1.000000, inc_x_i = 1.000000, inc_y_i = 1.000000
En el else......

----------------------------------------
x = 36.000000, y = 318.000000
avance = -325.000000, avanceR = 2.000000, avanceI = 2.000000
inc_x_r = 0.000000, inc_y_r = 1.000000, inc_x_i = 1.000000, inc_y_i = 1.000000
En el else......

----------------------------------------
x = 36.000000, y = 319.000000
avance = -323.000000, avanceR = 2.000000, avanceI = 2.000000
inc_x_r = 0.000000, inc_y_r = 1.000000, inc_x_i = 1.000000, inc_y_i = 1.000000
En el else......

----------------------------------------
x = 36.000000, y = 320.000000
avance = -321.000000, avanceR = 2.000000, avanceI = 2.000000
inc_x_r = 0.000000, inc_y_r = 1.000000, inc_x_i = 1.000000, inc_y_i = 1.000000
En el else......

----------------------------------------
x = 36.000000, y = 321.000000
avance = -319.000000, avanceR = 2.000000, avanceI = 2.000000
inc_x_r = 0.000000, inc_y_r = 1.000000, inc_x_i = 1.000000, inc_y_i = 1.000000
En el else......

----------------------------------------
x = 36.000000, y = 322.000000
avance = -317.000000, avanceR = 2.000000, avanceI = 2.000000
inc_x_r = 0.000000, inc_y_r = 1.000000, inc_x_i = 1.000000, inc_y_i = 1.000000
En el else......

----------------------------------------
x = 36.000000, y = 323.000000
avance = -315.000000, avanceR = 2.000000, avanceI = 2.000000
inc_x_r = 0.000000, inc_y_r = 1.000000, inc_x_i = 1.000000, inc_y_i = 1.000000
En el else......

----------------------------------------
x = 36.000000, y = 324.000000
avance = -313.000000, avanceR = 2.000000, avanceI = 2.000000
inc_x_r = 0.000000, inc_y_r = 1.000000, inc_x_i = 1.000000, inc_y_i = 1.000000
En el else......

----------------------------------------
x = 36.000000, y = 325.000000
avance = -311.000000, avanceR = 2.000000, avanceI = 2.000000
inc_x_r = 0.000000, inc_y_r = 1.000000, inc_x_i = 1.000000, inc_y_i = 1.000000
En el else......

----------------------------------------
x = 36.000000, y = 326.000000
avance = -309.000000, avanceR = 2.000000, avanceI = 2.000000
inc_x_r = 0.000000, inc_y_r = 1.000000, inc_x_i = 1.000000, inc_y_i = 1.000000
En el else......

----------------------------------------
x = 36.000000, y = 327.000000
avance = -307.000000, avanceR = 2.000000, avanceI = 2.000000
inc_x_r = 0.000000, inc_y_r = 1.000000, inc_x_i = 1.000000, inc_y_i = 1.000000
En el else......

----------------------------------------
x = 36.000000, y = 328.000000
avance = -305.000000, avanceR = 2.000000, avanceI = 2.000000
inc_x_r = 0.000000, inc_y_r = 1.000000, inc_x_i = 1.000000, inc_y_i = 1.000000
En el else......

----------------------------------------
x = 36.000000, y = 329.000000
avance = -303.000000, avanceR = 2.000000, avanceI = 2.000000
inc_x_r = 0.000000, inc_y_r = 1.000000, inc_x_i = 1.000000, inc_y_i = 1.000000
En el else......

----------------------------------------
x = 36.000000, y = 330.000000
avance = -301.000000, avanceR = 2.000000, avanceI = 2.000000
inc_x_r = 0.000000, inc_y_r = 1.000000, inc_x_i = 1.000000, inc_y_i = 1.000000
En el else......

----------------------------------------
x = 36.000000, y = 331.000000
avance = -299.000000, avanceR = 2.000000, avanceI = 2.000000
inc_x_r = 0.000000, inc_y_r = 1.000000, inc_x_i = 1.000000, inc_y_i = 1.000000
En el else......

----------------------------------------
x = 36.000000, y = 332.000000
avance = -297.000000, avanceR = 2.000000, avanceI = 2.000000
inc_x_r = 0.000000, inc_y_r = 1.000000, inc_x_i = 1.000000, inc_y_i = 1.000000
En el else......

----------------------------------------
x = 36.000000, y = 333.000000
avance = -295.000000, avanceR = 2.000000, avanceI = 2.000000
inc_x_r = 0.000000, inc_y_r = 1.000000, inc_x_i = 1.000000, inc_y_i = 1.000000
En el else......

----------------------------------------
x = 36.000000, y = 334.000000
avance = -293.000000, avanceR = 2.000000, avanceI = 2.000000
inc_x_r = 0.000000, inc_y_r = 1.000000, inc_x_i = 1.000000, inc_y_i = 1.000000
En el else......

----------------------------------------
x = 36.000000, y = 335.000000
avance = -291.000000, avanceR = 2.000000, avanceI = 2.000000
inc_x_r = 0.000000, inc_y_r = 1.000000, inc_x_i = 1.000000, inc_y_i = 1.000000
En el else......

----------------------------------------
x = 36.000000, y = 336.000000
avance = -289.000000, avanceR = 2.000000, avanceI = 2.000000
inc_x_r = 0.000000, inc_y_r = 1.000000, inc_x_i = 1.000000, inc_y_i = 1.000000
En el else......

----------------------------------------
x = 36.000000, y = 337.000000
avance = -287.000000, avanceR = 2.000000, avanceI = 2.000000
inc_x_r = 0.000000, inc_y_r = 1.000000, inc_x_i = 1.000000, inc_y_i = 1.000000
En el else......

----------------------------------------
x = 36.000000, y = 338.000000
avance = -285.000000, avanceR = 2.000000, avanceI = 2.000000
inc_x_r = 0.000000, inc_y_r = 1.000000, inc_x_i = 1.000000, inc_y_i = 1.000000
En el else......

----------------------------------------
x = 36.000000, y = 339.000000
avance = -283.000000, avanceR = 2.000000, avanceI = 2.000000
inc_x_r = 0.000000, inc_y_r = 1.000000, inc_x_i = 1.000000, inc_y_i = 1.000000
En el else......

----------------------------------------
x = 36.000000, y = 340.000000
avance = -281.000000, avanceR = 2.000000, avanceI = 2.000000
inc_x_r = 0.000000, inc_y_r = 1.000000, inc_x_i = 1.000000, inc_y_i = 1.000000
En el else......

----------------------------------------
x = 36.000000, y = 341.000000
avance = -279.000000, avanceR = 2.000000, avanceI = 2.000000
inc_x_r = 0.000000, inc_y_r = 1.000000, inc_x_i = 1.000000, inc_y_i = 1.000000
En el else......

----------------------------------------
x = 36.000000, y = 342.000000
avance = -277.000000, avanceR = 2.000000, avanceI = 2.000000
inc_x_r = 0.000000, inc_y_r = 1.000000, inc_x_i = 1.000000, inc_y_i = 1.000000
En el else......

----------------------------------------
x = 36.000000, y = 343.000000
avance = -275.000000, avanceR = 2.000000, avanceI = 2.000000
inc_x_r = 0.000000, inc_y_r = 1.000000, inc_x_i = 1.000000, inc_y_i = 1.000000
En el else......

----------------------------------------
x = 36.000000, y = 344.000000
avance = -273.000000, avanceR = 2.000000, avanceI = 2.000000
inc_x_r = 0.000000, inc_y_r = 1.000000, inc_x_i = 1.000000, inc_y_i = 1.000000
En el else......

----------------------------------------
x = 36.000000, y = 345.000000
avance = -271.000000, avanceR = 2.000000, avanceI = 2.000000
inc_x_r = 0.000000, inc_y_r = 1.000000, inc_x_i = 1.000000, inc_y_i = 1.000000
En el else......

----------------------------------------
x = 36.000000, y = 346.000000
avance = -269.000000, avanceR = 2.000000, avanceI = 2.000000
inc_x_r = 0.000000, inc_y_r = 1.000000, inc_x_i = 1.000000, inc_y_i = 1.000000
En el else......

----------------------------------------
x = 36.000000, y = 347.000000
avance = -267.000000, avanceR = 2.000000, avanceI = 2.000000
inc_x_r = 0.000000, inc_y_r = 1.000000, inc_x_i = 1.000000, inc_y_i = 1.000000
En el else......

----------------------------------------
x = 36.000000, y = 348.000000
avance = -265.000000, avanceR = 2.000000, avanceI = 2.000000
inc_x_r = 0.000000, inc_y_r = 1.000000, inc_x_i = 1.000000, inc_y_i = 1.000000
En el else......

----------------------------------------
x = 36.000000, y = 349.000000
avance = -263.000000, avanceR = 2.000000, avanceI = 2.000000
inc_x_r = 0.000000, inc_y_r = 1.000000, inc_x_i = 1.000000, inc_y_i = 1.000000
En el else......

----------------------------------------
x = 36.000000, y = 350.000000
avance = -261.000000, avanceR = 2.000000, avanceI = 2.000000
inc_x_r = 0.000000, inc_y_r = 1.000000, inc_x_i = 1.000000, inc_y_i = 1.000000
En el else......

----------------------------------------
x = 36.000000, y = 351.000000
avance = -259.000000, avanceR = 2.000000, avanceI = 2.000000
inc_x_r = 0.000000, inc_y_r = 1.000000, inc_x_i = 1.000000, inc_y_i = 1.000000
En el else......

----------------------------------------
x = 36.000000, y = 352.000000
avance = -257.000000, avanceR = 2.000000, avanceI = 2.000000
inc_x_r = 0.000000, inc_y_r = 1.000000, inc_x_i = 1.000000, inc_y_i = 1.000000
En el else......

----------------------------------------
x = 36.000000, y = 353.000000
avance = -255.000000, avanceR = 2.000000, avanceI = 2.000000
inc_x_r = 0.000000, inc_y_r = 1.000000, inc_x_i = 1.000000, inc_y_i = 1.000000
En el else......

----------------------------------------
x = 36.000000, y = 354.000000
avance = -253.000000, avanceR = 2.000000, avanceI = 2.000000
inc_x_r = 0.000000, inc_y_r = 1.000000, inc_x_i = 1.000000, inc_y_i = 1.000000
En el else......

----------------------------------------
x = 36.000000, y = 355.000000
avance = -251.000000, avanceR = 2.000000, avanceI = 2.000000
inc_x_r = 0.000000, inc_y_r = 1.000000, inc_x_i = 1.000000, inc_y_i = 1.000000
En el else......

----------------------------------------


ENTRAMOS A BRESENHAMªªªª
x1 = 25.000000 - y1 = 95.000000 || x2 = 26.000000 - y2 = 346.000000
dy = 251.000000, dx = 1.000000
avances inclinados: inc_x_i = 1.000000, inc_y_i = 1.000000
updated: dy = 251.000000, dx = 1.000000
avances rectos: inc_x_r = 0.000000, inc_y_r 1.000000
reupdated: dy = 1.000000, dx = 251.000000
avanceR = 2.000000, avance -249.000000, avanceI 2.000000
----------------------------------------
x = 25.000000, y = 95.000000
avance = -249.000000, avanceR = 2.000000, avanceI = 2.000000
inc_x_r = 0.000000, inc_y_r = 1.000000, inc_x_i = 1.000000, inc_y_i = 1.000000
En el else......

----------------------------------------
x = 25.000000, y = 96.000000
avance = -247.000000, avanceR = 2.000000, avanceI = 2.000000
inc_x_r = 0.000000, inc_y_r = 1.000000, inc_x_i = 1.000000, inc_y_i = 1.000000
En el else......

----------------------------------------
x = 25.000000, y = 97.000000
avance = -245.000000, avanceR = 2.000000, avanceI = 2.000000
inc_x_r = 0.000000, inc_y_r = 1.000000, inc_x_i = 1.000000, inc_y_i = 1.000000
En el else......

----------------------------------------
x = 25.000000, y = 98.000000
avance = -243.000000, avanceR = 2.000000, avanceI = 2.000000
inc_x_r = 0.000000, inc_y_r = 1.000000, inc_x_i = 1.000000, inc_y_i = 1.000000
En el else......

----------------------------------------
x = 25.000000, y = 99.000000
avance = -241.000000, avanceR = 2.000000, avanceI = 2.000000
inc_x_r = 0.000000, inc_y_r = 1.000000, inc_x_i = 1.000000, inc_y_i = 1.000000
En el else......

----------------------------------------
x = 25.000000, y = 100.000000
avance = -239.000000, avanceR = 2.000000, avanceI = 2.000000
inc_x_r = 0.000000, inc_y_r = 1.000000, inc_x_i = 1.000000, inc_y_i = 1.000000
En el else......

----------------------------------------
x = 25.000000, y = 101.000000
avance = -237.000000, avanceR = 2.000000, avanceI = 2.000000
inc_x_r = 0.000000, inc_y_r = 1.000000, inc_x_i = 1.000000, inc_y_i = 1.000000
En el else......

----------------------------------------
x = 25.000000, y = 102.000000
avance = -235.000000, avanceR = 2.000000, avanceI = 2.000000
inc_x_r = 0.000000, inc_y_r = 1.000000, inc_x_i = 1.000000, inc_y_i = 1.000000
En el else......

----------------------------------------
x = 25.000000, y = 103.000000
avance = -233.000000, avanceR = 2.000000, avanceI = 2.000000
inc_x_r = 0.000000, inc_y_r = 1.000000, inc_x_i = 1.000000, inc_y_i = 1.000000
En el else......

----------------------------------------
x = 25.000000, y = 104.000000
avance = -231.000000, avanceR = 2.000000, avanceI = 2.000000
inc_x_r = 0.000000, inc_y_r = 1.000000, inc_x_i = 1.000000, inc_y_i = 1.000000
En el else......

----------------------------------------
x = 25.000000, y = 105.000000
avance = -229.000000, avanceR = 2.000000, avanceI = 2.000000
inc_x_r = 0.000000, inc_y_r = 1.000000, inc_x_i = 1.000000, inc_y_i = 1.000000
En el else......

----------------------------------------
x = 25.000000, y = 106.000000
avance = -227.000000, avanceR = 2.000000, avanceI = 2.000000
inc_x_r = 0.000000, inc_y_r = 1.000000, inc_x_i = 1.000000, inc_y_i = 1.000000
En el else......

----------------------------------------
x = 25.000000, y = 107.000000
avance = -225.000000, avanceR = 2.000000, avanceI = 2.000000
inc_x_r = 0.000000, inc_y_r = 1.000000, inc_x_i = 1.000000, inc_y_i = 1.000000
En el else......

----------------------------------------
x = 25.000000, y = 108.000000
avance = -223.000000, avanceR = 2.000000, avanceI = 2.000000
inc_x_r = 0.000000, inc_y_r = 1.000000, inc_x_i = 1.000000, inc_y_i = 1.000000
En el else......

----------------------------------------
x = 25.000000, y = 109.000000
avance = -221.000000, avanceR = 2.000000, avanceI = 2.000000
inc_x_r = 0.000000, inc_y_r = 1.000000, inc_x_i = 1.000000, inc_y_i = 1.000000
En el else......

----------------------------------------
x = 25.000000, y = 110.000000
avance = -219.000000, avanceR = 2.000000, avanceI = 2.000000
inc_x_r = 0.000000, inc_y_r = 1.000000, inc_x_i = 1.000000, inc_y_i = 1.000000
En el else......

----------------------------------------
x = 25.000000, y = 111.000000
avance = -217.000000, avanceR = 2.000000, avanceI = 2.000000
inc_x_r = 0.000000, inc_y_r = 1.000000, inc_x_i = 1.000000, inc_y_i = 1.000000
En el else......

----------------------------------------
x = 25.000000, y = 112.000000
avance = -215.000000, avanceR = 2.000000, avanceI = 2.000000
inc_x_r = 0.000000, inc_y_r = 1.000000, inc_x_i = 1.000000, inc_y_i = 1.000000
En el else......

----------------------------------------
x = 25.000000, y = 113.000000
avance = -213.000000, avanceR = 2.000000, avanceI = 2.000000
inc_x_r = 0.000000, inc_y_r = 1.000000, inc_x_i = 1.000000, inc_y_i = 1.000000
En el else......

----------------------------------------
x = 25.000000, y = 114.000000
avance = -211.000000, avanceR = 2.000000, avanceI = 2.000000
inc_x_r = 0.000000, inc_y_r = 1.000000, inc_x_i = 1.000000, inc_y_i = 1.000000
En el else......

----------------------------------------
x = 25.000000, y = 115.000000
avance = -209.000000, avanceR = 2.000000, avanceI = 2.000000
inc_x_r = 0.000000, inc_y_r = 1.000000, inc_x_i = 1.000000, inc_y_i = 1.000000
En el else......

----------------------------------------
x = 25.000000, y = 116.000000
avance = -207.000000, avanceR = 2.000000, avanceI = 2.000000
inc_x_r = 0.000000, inc_y_r = 1.000000, inc_x_i = 1.000000, inc_y_i = 1.000000
En el else......

----------------------------------------
x = 25.000000, y = 117.000000
avance = -205.000000, avanceR = 2.000000, avanceI = 2.000000
inc_x_r = 0.000000, inc_y_r = 1.000000, inc_x_i = 1.000000, inc_y_i = 1.000000
En el else......

----------------------------------------
x = 25.000000, y = 118.000000
avance = -203.000000, avanceR = 2.000000, avanceI = 2.000000
inc_x_r = 0.000000, inc_y_r = 1.000000, inc_x_i = 1.000000, inc_y_i = 1.000000
En el else......

----------------------------------------
x = 25.000000, y = 119.000000
avance = -201.000000, avanceR = 2.000000, avanceI = 2.000000
inc_x_r = 0.000000, inc_y_r = 1.000000, inc_x_i = 1.000000, inc_y_i = 1.000000
En el else......

----------------------------------------
x = 25.000000, y = 120.000000
avance = -199.000000, avanceR = 2.000000, avanceI = 2.000000
inc_x_r = 0.000000, inc_y_r = 1.000000, inc_x_i = 1.000000, inc_y_i = 1.000000
En el else......

----------------------------------------
x = 25.000000, y = 121.000000
avance = -197.000000, avanceR = 2.000000, avanceI = 2.000000
inc_x_r = 0.000000, inc_y_r = 1.000000, inc_x_i = 1.000000, inc_y_i = 1.000000
En el else......

----------------------------------------
x = 25.000000, y = 122.000000
avance = -195.000000, avanceR = 2.000000, avanceI = 2.000000
inc_x_r = 0.000000, inc_y_r = 1.000000, inc_x_i = 1.000000, inc_y_i = 1.000000
En el else......

----------------------------------------
x = 25.000000, y = 123.000000
avance = -193.000000, avanceR = 2.000000, avanceI = 2.000000
inc_x_r = 0.000000, inc_y_r = 1.000000, inc_x_i = 1.000000, inc_y_i = 1.000000
En el else......

----------------------------------------
x = 25.000000, y = 124.000000
avance = -191.000000, avanceR = 2.000000, avanceI = 2.000000
inc_x_r = 0.000000, inc_y_r = 1.000000, inc_x_i = 1.000000, inc_y_i = 1.000000
En el else......

----------------------------------------
x = 25.000000, y = 125.000000
avance = -189.000000, avanceR = 2.000000, avanceI = 2.000000
inc_x_r = 0.000000, inc_y_r = 1.000000, inc_x_i = 1.000000, inc_y_i = 1.000000
En el else......

----------------------------------------
x = 25.000000, y = 126.000000
avance = -187.000000, avanceR = 2.000000, avanceI = 2.000000
inc_x_r = 0.000000, inc_y_r = 1.000000, inc_x_i = 1.000000, inc_y_i = 1.000000
En el else......

----------------------------------------
x = 25.000000, y = 127.000000
avance = -185.000000, avanceR = 2.000000, avanceI = 2.000000
inc_x_r = 0.000000, inc_y_r = 1.000000, inc_x_i = 1.000000, inc_y_i = 1.000000
En el else......

----------------------------------------
x = 25.000000, y = 128.000000
avance = -183.000000, avanceR = 2.000000, avanceI = 2.000000
inc_x_r = 0.000000, inc_y_r = 1.000000, inc_x_i = 1.000000, inc_y_i = 1.000000
En el else......

----------------------------------------
x = 25.000000, y = 129.000000
avance = -181.000000, avanceR = 2.000000, avanceI = 2.000000
inc_x_r = 0.000000, inc_y_r = 1.000000, inc_x_i = 1.000000, inc_y_i = 1.000000
En el else......

----------------------------------------
x = 25.000000, y = 130.000000
avance = -179.000000, avanceR = 2.000000, avanceI = 2.000000
inc_x_r = 0.000000, inc_y_r = 1.000000, inc_x_i = 1.000000, inc_y_i = 1.000000
En el else......

----------------------------------------
x = 25.000000, y = 131.000000
avance = -177.000000, avanceR = 2.000000, avanceI = 2.000000
inc_x_r = 0.000000, inc_y_r = 1.000000, inc_x_i = 1.000000, inc_y_i = 1.000000
En el else......

----------------------------------------
x = 25.000000, y = 132.000000
avance = -175.000000, avanceR = 2.000000, avanceI = 2.000000
inc_x_r = 0.000000, inc_y_r = 1.000000, inc_x_i = 1.000000, inc_y_i = 1.000000
En el else......

----------------------------------------
x = 25.000000, y = 133.000000
avance = -173.000000, avanceR = 2.000000, avanceI = 2.000000
inc_x_r = 0.000000, inc_y_r = 1.000000, inc_x_i = 1.000000, inc_y_i = 1.000000
En el else......

----------------------------------------
x = 25.000000, y = 134.000000
avance = -171.000000, avanceR = 2.000000, avanceI = 2.000000
inc_x_r = 0.000000, inc_y_r = 1.000000, inc_x_i = 1.000000, inc_y_i = 1.000000
En el else......

----------------------------------------
x = 25.000000, y = 135.000000
avance = -169.000000, avanceR = 2.000000, avanceI = 2.000000
inc_x_r = 0.000000, inc_y_r = 1.000000, inc_x_i = 1.000000, inc_y_i = 1.000000
En el else......

----------------------------------------
x = 25.000000, y = 136.000000
avance = -167.000000, avanceR = 2.000000, avanceI = 2.000000
inc_x_r = 0.000000, inc_y_r = 1.000000, inc_x_i = 1.000000, inc_y_i = 1.000000
En el else......

----------------------------------------
x = 25.000000, y = 137.000000
avance = -165.000000, avanceR = 2.000000, avanceI = 2.000000
inc_x_r = 0.000000, inc_y_r = 1.000000, inc_x_i = 1.000000, inc_y_i = 1.000000
En el else......

----------------------------------------
x = 25.000000, y = 138.000000
avance = -163.000000, avanceR = 2.000000, avanceI = 2.000000
inc_x_r = 0.000000, inc_y_r = 1.000000, inc_x_i = 1.000000, inc_y_i = 1.000000
En el else......

----------------------------------------
x = 25.000000, y = 139.000000
avance = -161.000000, avanceR = 2.000000, avanceI = 2.000000
inc_x_r = 0.000000, inc_y_r = 1.000000, inc_x_i = 1.000000, inc_y_i = 1.000000
En el else......

----------------------------------------
x = 25.000000, y = 140.000000
avance = -159.000000, avanceR = 2.000000, avanceI = 2.000000
inc_x_r = 0.000000, inc_y_r = 1.000000, inc_x_i = 1.000000, inc_y_i = 1.000000
En el else......

----------------------------------------
x = 25.000000, y = 141.000000
avance = -157.000000, avanceR = 2.000000, avanceI = 2.000000
inc_x_r = 0.000000, inc_y_r = 1.000000, inc_x_i = 1.000000, inc_y_i = 1.000000
En el else......

----------------------------------------
x = 25.000000, y = 142.000000
avance = -155.000000, avanceR = 2.000000, avanceI = 2.000000
inc_x_r = 0.000000, inc_y_r = 1.000000, inc_x_i = 1.000000, inc_y_i = 1.000000
En el else......

----------------------------------------
x = 25.000000, y = 143.000000
avance = -153.000000, avanceR = 2.000000, avanceI = 2.000000
inc_x_r = 0.000000, inc_y_r = 1.000000, inc_x_i = 1.000000, inc_y_i = 1.000000
En el else......

----------------------------------------
x = 25.000000, y = 144.000000
avance = -151.000000, avanceR = 2.000000, avanceI = 2.000000
inc_x_r = 0.000000, inc_y_r = 1.000000, inc_x_i = 1.000000, inc_y_i = 1.000000
En el else......

----------------------------------------
x = 25.000000, y = 145.000000
avance = -149.000000, avanceR = 2.000000, avanceI = 2.000000
inc_x_r = 0.000000, inc_y_r = 1.000000, inc_x_i = 1.000000, inc_y_i = 1.000000
En el else......

----------------------------------------
x = 25.000000, y = 146.000000
avance = -147.000000, avanceR = 2.000000, avanceI = 2.000000
inc_x_r = 0.000000, inc_y_r = 1.000000, inc_x_i = 1.000000, inc_y_i = 1.000000
En el else......

----------------------------------------
x = 25.000000, y = 147.000000
avance = -145.000000, avanceR = 2.000000, avanceI = 2.000000
inc_x_r = 0.000000, inc_y_r = 1.000000, inc_x_i = 1.000000, inc_y_i = 1.000000
En el else......

----------------------------------------
x = 25.000000, y = 148.000000
avance = -143.000000, avanceR = 2.000000, avanceI = 2.000000
inc_x_r = 0.000000, inc_y_r = 1.000000, inc_x_i = 1.000000, inc_y_i = 1.000000
En el else......

----------------------------------------
x = 25.000000, y = 149.000000
avance = -141.000000, avanceR = 2.000000, avanceI = 2.000000
inc_x_r = 0.000000, inc_y_r = 1.000000, inc_x_i = 1.000000, inc_y_i = 1.000000
En el else......

----------------------------------------
x = 25.000000, y = 150.000000
avance = -139.000000, avanceR = 2.000000, avanceI = 2.000000
inc_x_r = 0.000000, inc_y_r = 1.000000, inc_x_i = 1.000000, inc_y_i = 1.000000
En el else......

----------------------------------------
x = 25.000000, y = 151.000000
avance = -137.000000, avanceR = 2.000000, avanceI = 2.000000
inc_x_r = 0.000000, inc_y_r = 1.000000, inc_x_i = 1.000000, inc_y_i = 1.000000
En el else......

----------------------------------------
x = 25.000000, y = 152.000000
avance = -135.000000, avanceR = 2.000000, avanceI = 2.000000
inc_x_r = 0.000000, inc_y_r = 1.000000, inc_x_i = 1.000000, inc_y_i = 1.000000
En el else......

----------------------------------------
x = 25.000000, y = 153.000000
avance = -133.000000, avanceR = 2.000000, avanceI = 2.000000
inc_x_r = 0.000000, inc_y_r = 1.000000, inc_x_i = 1.000000, inc_y_i = 1.000000
En el else......

----------------------------------------
x = 25.000000, y = 154.000000
avance = -131.000000, avanceR = 2.000000, avanceI = 2.000000
inc_x_r = 0.000000, inc_y_r = 1.000000, inc_x_i = 1.000000, inc_y_i = 1.000000
En el else......

----------------------------------------
x = 25.000000, y = 155.000000
avance = -129.000000, avanceR = 2.000000, avanceI = 2.000000
inc_x_r = 0.000000, inc_y_r = 1.000000, inc_x_i = 1.000000, inc_y_i = 1.000000
En el else......

----------------------------------------
x = 25.000000, y = 156.000000
avance = -127.000000, avanceR = 2.000000, avanceI = 2.000000
inc_x_r = 0.000000, inc_y_r = 1.000000, inc_x_i = 1.000000, inc_y_i = 1.000000
En el else......

----------------------------------------
x = 25.000000, y = 157.000000
avance = -125.000000, avanceR = 2.000000, avanceI = 2.000000
inc_x_r = 0.000000, inc_y_r = 1.000000, inc_x_i = 1.000000, inc_y_i = 1.000000
En el else......

----------------------------------------
x = 25.000000, y = 158.000000
avance = -123.000000, avanceR = 2.000000, avanceI = 2.000000
inc_x_r = 0.000000, inc_y_r = 1.000000, inc_x_i = 1.000000, inc_y_i = 1.000000
En el else......

----------------------------------------
x = 25.000000, y = 159.000000
avance = -121.000000, avanceR = 2.000000, avanceI = 2.000000
inc_x_r = 0.000000, inc_y_r = 1.000000, inc_x_i = 1.000000, inc_y_i = 1.000000
En el else......

----------------------------------------
x = 25.000000, y = 160.000000
avance = -119.000000, avanceR = 2.000000, avanceI = 2.000000
inc_x_r = 0.000000, inc_y_r = 1.000000, inc_x_i = 1.000000, inc_y_i = 1.000000
En el else......

----------------------------------------
x = 25.000000, y = 161.000000
avance = -117.000000, avanceR = 2.000000, avanceI = 2.000000
inc_x_r = 0.000000, inc_y_r = 1.000000, inc_x_i = 1.000000, inc_y_i = 1.000000
En el else......

----------------------------------------
x = 25.000000, y = 162.000000
avance = -115.000000, avanceR = 2.000000, avanceI = 2.000000
inc_x_r = 0.000000, inc_y_r = 1.000000, inc_x_i = 1.000000, inc_y_i = 1.000000
En el else......

----------------------------------------
x = 25.000000, y = 163.000000
avance = -113.000000, avanceR = 2.000000, avanceI = 2.000000
inc_x_r = 0.000000, inc_y_r = 1.000000, inc_x_i = 1.000000, inc_y_i = 1.000000
En el else......

----------------------------------------
x = 25.000000, y = 164.000000
avance = -111.000000, avanceR = 2.000000, avanceI = 2.000000
inc_x_r = 0.000000, inc_y_r = 1.000000, inc_x_i = 1.000000, inc_y_i = 1.000000
En el else......

----------------------------------------
x = 25.000000, y = 165.000000
avance = -109.000000, avanceR = 2.000000, avanceI = 2.000000
inc_x_r = 0.000000, inc_y_r = 1.000000, inc_x_i = 1.000000, inc_y_i = 1.000000
En el else......

----------------------------------------
x = 25.000000, y = 166.000000
avance = -107.000000, avanceR = 2.000000, avanceI = 2.000000
inc_x_r = 0.000000, inc_y_r = 1.000000, inc_x_i = 1.000000, inc_y_i = 1.000000
En el else......

----------------------------------------
x = 25.000000, y = 167.000000
avance = -105.000000, avanceR = 2.000000, avanceI = 2.000000
inc_x_r = 0.000000, inc_y_r = 1.000000, inc_x_i = 1.000000, inc_y_i = 1.000000
En el else......

----------------------------------------
x = 25.000000, y = 168.000000
avance = -103.000000, avanceR = 2.000000, avanceI = 2.000000
inc_x_r = 0.000000, inc_y_r = 1.000000, inc_x_i = 1.000000, inc_y_i = 1.000000
En el else......

----------------------------------------
x = 25.000000, y = 169.000000
avance = -101.000000, avanceR = 2.000000, avanceI = 2.000000
inc_x_r = 0.000000, inc_y_r = 1.000000, inc_x_i = 1.000000, inc_y_i = 1.000000
En el else......

----------------------------------------
x = 25.000000, y = 170.000000
avance = -99.000000, avanceR = 2.000000, avanceI = 2.000000
inc_x_r = 0.000000, inc_y_r = 1.000000, inc_x_i = 1.000000, inc_y_i = 1.000000
En el else......

----------------------------------------
x = 25.000000, y = 171.000000
avance = -97.000000, avanceR = 2.000000, avanceI = 2.000000
inc_x_r = 0.000000, inc_y_r = 1.000000, inc_x_i = 1.000000, inc_y_i = 1.000000
En el else......

----------------------------------------
x = 25.000000, y = 172.000000
avance = -95.000000, avanceR = 2.000000, avanceI = 2.000000
inc_x_r = 0.000000, inc_y_r = 1.000000, inc_x_i = 1.000000, inc_y_i = 1.000000
En el else......

----------------------------------------
x = 25.000000, y = 173.000000
avance = -93.000000, avanceR = 2.000000, avanceI = 2.000000
inc_x_r = 0.000000, inc_y_r = 1.000000, inc_x_i = 1.000000, inc_y_i = 1.000000
En el else......

----------------------------------------
x = 25.000000, y = 174.000000
avance = -91.000000, avanceR = 2.000000, avanceI = 2.000000
inc_x_r = 0.000000, inc_y_r = 1.000000, inc_x_i = 1.000000, inc_y_i = 1.000000
En el else......

----------------------------------------
x = 25.000000, y = 175.000000
avance = -89.000000, avanceR = 2.000000, avanceI = 2.000000
inc_x_r = 0.000000, inc_y_r = 1.000000, inc_x_i = 1.000000, inc_y_i = 1.000000
En el else......

----------------------------------------
x = 25.000000, y = 176.000000
avance = -87.000000, avanceR = 2.000000, avanceI = 2.000000
inc_x_r = 0.000000, inc_y_r = 1.000000, inc_x_i = 1.000000, inc_y_i = 1.000000
En el else......

----------------------------------------
x = 25.000000, y = 177.000000
avance = -85.000000, avanceR = 2.000000, avanceI = 2.000000
inc_x_r = 0.000000, inc_y_r = 1.000000, inc_x_i = 1.000000, inc_y_i = 1.000000
En el else......

----------------------------------------
x = 25.000000, y = 178.000000
avance = -83.000000, avanceR = 2.000000, avanceI = 2.000000
inc_x_r = 0.000000, inc_y_r = 1.000000, inc_x_i = 1.000000, inc_y_i = 1.000000
En el else......

----------------------------------------
x = 25.000000, y = 179.000000
avance = -81.000000, avanceR = 2.000000, avanceI = 2.000000
inc_x_r = 0.000000, inc_y_r = 1.000000, inc_x_i = 1.000000, inc_y_i = 1.000000
En el else......

----------------------------------------
x = 25.000000, y = 180.000000
avance = -79.000000, avanceR = 2.000000, avanceI = 2.000000
inc_x_r = 0.000000, inc_y_r = 1.000000, inc_x_i = 1.000000, inc_y_i = 1.000000
En el else......

----------------------------------------
x = 25.000000, y = 181.000000
avance = -77.000000, avanceR = 2.000000, avanceI = 2.000000
inc_x_r = 0.000000, inc_y_r = 1.000000, inc_x_i = 1.000000, inc_y_i = 1.000000
En el else......

----------------------------------------
x = 25.000000, y = 182.000000
avance = -75.000000, avanceR = 2.000000, avanceI = 2.000000
inc_x_r = 0.000000, inc_y_r = 1.000000, inc_x_i = 1.000000, inc_y_i = 1.000000
En el else......

----------------------------------------
x = 25.000000, y = 183.000000
avance = -73.000000, avanceR = 2.000000, avanceI = 2.000000
inc_x_r = 0.000000, inc_y_r = 1.000000, inc_x_i = 1.000000, inc_y_i = 1.000000
En el else......

----------------------------------------
x = 25.000000, y = 184.000000
avance = -71.000000, avanceR = 2.000000, avanceI = 2.000000
inc_x_r = 0.000000, inc_y_r = 1.000000, inc_x_i = 1.000000, inc_y_i = 1.000000
En el else......

----------------------------------------
x = 25.000000, y = 185.000000
avance = -69.000000, avanceR = 2.000000, avanceI = 2.000000
inc_x_r = 0.000000, inc_y_r = 1.000000, inc_x_i = 1.000000, inc_y_i = 1.000000
En el else......

----------------------------------------
x = 25.000000, y = 186.000000
avance = -67.000000, avanceR = 2.000000, avanceI = 2.000000
inc_x_r = 0.000000, inc_y_r = 1.000000, inc_x_i = 1.000000, inc_y_i = 1.000000
En el else......

----------------------------------------
x = 25.000000, y = 187.000000
avance = -65.000000, avanceR = 2.000000, avanceI = 2.000000
inc_x_r = 0.000000, inc_y_r = 1.000000, inc_x_i = 1.000000, inc_y_i = 1.000000
En el else......

----------------------------------------
x = 25.000000, y = 188.000000
avance = -63.000000, avanceR = 2.000000, avanceI = 2.000000
inc_x_r = 0.000000, inc_y_r = 1.000000, inc_x_i = 1.000000, inc_y_i = 1.000000
En el else......

----------------------------------------
x = 25.000000, y = 189.000000
avance = -61.000000, avanceR = 2.000000, avanceI = 2.000000
inc_x_r = 0.000000, inc_y_r = 1.000000, inc_x_i = 1.000000, inc_y_i = 1.000000
En el else......

----------------------------------------
x = 25.000000, y = 190.000000
avance = -59.000000, avanceR = 2.000000, avanceI = 2.000000
inc_x_r = 0.000000, inc_y_r = 1.000000, inc_x_i = 1.000000, inc_y_i = 1.000000
En el else......

----------------------------------------
x = 25.000000, y = 191.000000
avance = -57.000000, avanceR = 2.000000, avanceI = 2.000000
inc_x_r = 0.000000, inc_y_r = 1.000000, inc_x_i = 1.000000, inc_y_i = 1.000000
En el else......

----------------------------------------
x = 25.000000, y = 192.000000
avance = -55.000000, avanceR = 2.000000, avanceI = 2.000000
inc_x_r = 0.000000, inc_y_r = 1.000000, inc_x_i = 1.000000, inc_y_i = 1.000000
En el else......

----------------------------------------
x = 25.000000, y = 193.000000
avance = -53.000000, avanceR = 2.000000, avanceI = 2.000000
inc_x_r = 0.000000, inc_y_r = 1.000000, inc_x_i = 1.000000, inc_y_i = 1.000000
En el else......

----------------------------------------
x = 25.000000, y = 194.000000
avance = -51.000000, avanceR = 2.000000, avanceI = 2.000000
inc_x_r = 0.000000, inc_y_r = 1.000000, inc_x_i = 1.000000, inc_y_i = 1.000000
En el else......

----------------------------------------
x = 25.000000, y = 195.000000
avance = -49.000000, avanceR = 2.000000, avanceI = 2.000000
inc_x_r = 0.000000, inc_y_r = 1.000000, inc_x_i = 1.000000, inc_y_i = 1.000000
En el else......

----------------------------------------
x = 25.000000, y = 196.000000
avance = -47.000000, avanceR = 2.000000, avanceI = 2.000000
inc_x_r = 0.000000, inc_y_r = 1.000000, inc_x_i = 1.000000, inc_y_i = 1.000000
En el else......

----------------------------------------
x = 25.000000, y = 197.000000
avance = -45.000000, avanceR = 2.000000, avanceI = 2.000000
inc_x_r = 0.000000, inc_y_r = 1.000000, inc_x_i = 1.000000, inc_y_i = 1.000000
En el else......

----------------------------------------
x = 25.000000, y = 198.000000
avance = -43.000000, avanceR = 2.000000, avanceI = 2.000000
inc_x_r = 0.000000, inc_y_r = 1.000000, inc_x_i = 1.000000, inc_y_i = 1.000000
En el else......

----------------------------------------
x = 25.000000, y = 199.000000
avance = -41.000000, avanceR = 2.000000, avanceI = 2.000000
inc_x_r = 0.000000, inc_y_r = 1.000000, inc_x_i = 1.000000, inc_y_i = 1.000000
En el else......

----------------------------------------
x = 25.000000, y = 200.000000
avance = -39.000000, avanceR = 2.000000, avanceI = 2.000000
inc_x_r = 0.000000, inc_y_r = 1.000000, inc_x_i = 1.000000, inc_y_i = 1.000000
En el else......

----------------------------------------
x = 25.000000, y = 201.000000
avance = -37.000000, avanceR = 2.000000, avanceI = 2.000000
inc_x_r = 0.000000, inc_y_r = 1.000000, inc_x_i = 1.000000, inc_y_i = 1.000000
En el else......

----------------------------------------
x = 25.000000, y = 202.000000
avance = -35.000000, avanceR = 2.000000, avanceI = 2.000000
inc_x_r = 0.000000, inc_y_r = 1.000000, inc_x_i = 1.000000, inc_y_i = 1.000000
En el else......

----------------------------------------
x = 25.000000, y = 203.000000
avance = -33.000000, avanceR = 2.000000, avanceI = 2.000000
inc_x_r = 0.000000, inc_y_r = 1.000000, inc_x_i = 1.000000, inc_y_i = 1.000000
En el else......

----------------------------------------
x = 25.000000, y = 204.000000
avance = -31.000000, avanceR = 2.000000, avanceI = 2.000000
inc_x_r = 0.000000, inc_y_r = 1.000000, inc_x_i = 1.000000, inc_y_i = 1.000000
En el else......

----------------------------------------
x = 25.000000, y = 205.000000
avance = -29.000000, avanceR = 2.000000, avanceI = 2.000000
inc_x_r = 0.000000, inc_y_r = 1.000000, inc_x_i = 1.000000, inc_y_i = 1.000000
En el else......

----------------------------------------
x = 25.000000, y = 206.000000
avance = -27.000000, avanceR = 2.000000, avanceI = 2.000000
inc_x_r = 0.000000, inc_y_r = 1.000000, inc_x_i = 1.000000, inc_y_i = 1.000000
En el else......

----------------------------------------
x = 25.000000, y = 207.000000
avance = -25.000000, avanceR = 2.000000, avanceI = 2.000000
inc_x_r = 0.000000, inc_y_r = 1.000000, inc_x_i = 1.000000, inc_y_i = 1.000000
En el else......

----------------------------------------
x = 25.000000, y = 208.000000
avance = -23.000000, avanceR = 2.000000, avanceI = 2.000000
inc_x_r = 0.000000, inc_y_r = 1.000000, inc_x_i = 1.000000, inc_y_i = 1.000000
En el else......

----------------------------------------
x = 25.000000, y = 209.000000
avance = -21.000000, avanceR = 2.000000, avanceI = 2.000000
inc_x_r = 0.000000, inc_y_r = 1.000000, inc_x_i = 1.000000, inc_y_i = 1.000000
En el else......

----------------------------------------
x = 25.000000, y = 210.000000
avance = -19.000000, avanceR = 2.000000, avanceI = 2.000000
inc_x_r = 0.000000, inc_y_r = 1.000000, inc_x_i = 1.000000, inc_y_i = 1.000000
En el else......

----------------------------------------
x = 25.000000, y = 211.000000
avance = -17.000000, avanceR = 2.000000, avanceI = 2.000000
inc_x_r = 0.000000, inc_y_r = 1.000000, inc_x_i = 1.000000, inc_y_i = 1.000000
En el else......

----------------------------------------
x = 25.000000, y = 212.000000
avance = -15.000000, avanceR = 2.000000, avanceI = 2.000000
inc_x_r = 0.000000, inc_y_r = 1.000000, inc_x_i = 1.000000, inc_y_i = 1.000000
En el else......

----------------------------------------
x = 25.000000, y = 213.000000
avance = -13.000000, avanceR = 2.000000, avanceI = 2.000000
inc_x_r = 0.000000, inc_y_r = 1.000000, inc_x_i = 1.000000, inc_y_i = 1.000000
En el else......

----------------------------------------
x = 25.000000, y = 214.000000
avance = -11.000000, avanceR = 2.000000, avanceI = 2.000000
inc_x_r = 0.000000, inc_y_r = 1.000000, inc_x_i = 1.000000, inc_y_i = 1.000000
En el else......

----------------------------------------
x = 25.000000, y = 215.000000
avance = -9.000000, avanceR = 2.000000, avanceI = 2.000000
inc_x_r = 0.000000, inc_y_r = 1.000000, inc_x_i = 1.000000, inc_y_i = 1.000000
En el else......

----------------------------------------
x = 25.000000, y = 216.000000
avance = -7.000000, avanceR = 2.000000, avanceI = 2.000000
inc_x_r = 0.000000, inc_y_r = 1.000000, inc_x_i = 1.000000, inc_y_i = 1.000000
En el else......

----------------------------------------
x = 25.000000, y = 217.000000
avance = -5.000000, avanceR = 2.000000, avanceI = 2.000000
inc_x_r = 0.000000, inc_y_r = 1.000000, inc_x_i = 1.000000, inc_y_i = 1.000000
En el else......

----------------------------------------
x = 25.000000, y = 218.000000
avance = -3.000000, avanceR = 2.000000, avanceI = 2.000000
inc_x_r = 0.000000, inc_y_r = 1.000000, inc_x_i = 1.000000, inc_y_i = 1.000000
En el else......

----------------------------------------
x = 25.000000, y = 219.000000
avance = -1.000000, avanceR = 2.000000, avanceI = 2.000000
inc_x_r = 0.000000, inc_y_r = 1.000000, inc_x_i = 1.000000, inc_y_i = 1.000000
En el else......

----------------------------------------
x = 25.000000, y = 220.000000
avance = 1.000000, avanceR = 2.000000, avanceI = 2.000000
inc_x_r = 0.000000, inc_y_r = 1.000000, inc_x_i = 1.000000, inc_y_i = 1.000000
avance >= 0

----------------------------------------
x = 26.000000, y = 221.000000
avance = -499.000000, avanceR = 2.000000, avanceI = 2.000000
inc_x_r = 0.000000, inc_y_r = 1.000000, inc_x_i = 1.000000, inc_y_i = 1.000000
En el else......

----------------------------------------
x = 26.000000, y = 222.000000
avance = -497.000000, avanceR = 2.000000, avanceI = 2.000000
inc_x_r = 0.000000, inc_y_r = 1.000000, inc_x_i = 1.000000, inc_y_i = 1.000000
En el else......

----------------------------------------
x = 26.000000, y = 223.000000
avance = -495.000000, avanceR = 2.000000, avanceI = 2.000000
inc_x_r = 0.000000, inc_y_r = 1.000000, inc_x_i = 1.000000, inc_y_i = 1.000000
En el else......

----------------------------------------
x = 26.000000, y = 224.000000
avance = -493.000000, avanceR = 2.000000, avanceI = 2.000000
inc_x_r = 0.000000, inc_y_r = 1.000000, inc_x_i = 1.000000, inc_y_i = 1.000000
En el else......

----------------------------------------
x = 26.000000, y = 225.000000
avance = -491.000000, avanceR = 2.000000, avanceI = 2.000000
inc_x_r = 0.000000, inc_y_r = 1.000000, inc_x_i = 1.000000, inc_y_i = 1.000000
En el else......

----------------------------------------
x = 26.000000, y = 226.000000
avance = -489.000000, avanceR = 2.000000, avanceI = 2.000000
inc_x_r = 0.000000, inc_y_r = 1.000000, inc_x_i = 1.000000, inc_y_i = 1.000000
En el else......

----------------------------------------
x = 26.000000, y = 227.000000
avance = -487.000000, avanceR = 2.000000, avanceI = 2.000000
inc_x_r = 0.000000, inc_y_r = 1.000000, inc_x_i = 1.000000, inc_y_i = 1.000000
En el else......

----------------------------------------
x = 26.000000, y = 228.000000
avance = -485.000000, avanceR = 2.000000, avanceI = 2.000000
inc_x_r = 0.000000, inc_y_r = 1.000000, inc_x_i = 1.000000, inc_y_i = 1.000000
En el else......

----------------------------------------
x = 26.000000, y = 229.000000
avance = -483.000000, avanceR = 2.000000, avanceI = 2.000000
inc_x_r = 0.000000, inc_y_r = 1.000000, inc_x_i = 1.000000, inc_y_i = 1.000000
En el else......

----------------------------------------
x = 26.000000, y = 230.000000
avance = -481.000000, avanceR = 2.000000, avanceI = 2.000000
inc_x_r = 0.000000, inc_y_r = 1.000000, inc_x_i = 1.000000, inc_y_i = 1.000000
En el else......

----------------------------------------
x = 26.000000, y = 231.000000
avance = -479.000000, avanceR = 2.000000, avanceI = 2.000000
inc_x_r = 0.000000, inc_y_r = 1.000000, inc_x_i = 1.000000, inc_y_i = 1.000000
En el else......

----------------------------------------
x = 26.000000, y = 232.000000
avance = -477.000000, avanceR = 2.000000, avanceI = 2.000000
inc_x_r = 0.000000, inc_y_r = 1.000000, inc_x_i = 1.000000, inc_y_i = 1.000000
En el else......

----------------------------------------
x = 26.000000, y = 233.000000
avance = -475.000000, avanceR = 2.000000, avanceI = 2.000000
inc_x_r = 0.000000, inc_y_r = 1.000000, inc_x_i = 1.000000, inc_y_i = 1.000000
En el else......

----------------------------------------
x = 26.000000, y = 234.000000
avance = -473.000000, avanceR = 2.000000, avanceI = 2.000000
inc_x_r = 0.000000, inc_y_r = 1.000000, inc_x_i = 1.000000, inc_y_i = 1.000000
En el else......

----------------------------------------
x = 26.000000, y = 235.000000
avance = -471.000000, avanceR = 2.000000, avanceI = 2.000000
inc_x_r = 0.000000, inc_y_r = 1.000000, inc_x_i = 1.000000, inc_y_i = 1.000000
En el else......

----------------------------------------
x = 26.000000, y = 236.000000
avance = -469.000000, avanceR = 2.000000, avanceI = 2.000000
inc_x_r = 0.000000, inc_y_r = 1.000000, inc_x_i = 1.000000, inc_y_i = 1.000000
En el else......

----------------------------------------
x = 26.000000, y = 237.000000
avance = -467.000000, avanceR = 2.000000, avanceI = 2.000000
inc_x_r = 0.000000, inc_y_r = 1.000000, inc_x_i = 1.000000, inc_y_i = 1.000000
En el else......

----------------------------------------
x = 26.000000, y = 238.000000
avance = -465.000000, avanceR = 2.000000, avanceI = 2.000000
inc_x_r = 0.000000, inc_y_r = 1.000000, inc_x_i = 1.000000, inc_y_i = 1.000000
En el else......

----------------------------------------
x = 26.000000, y = 239.000000
avance = -463.000000, avanceR = 2.000000, avanceI = 2.000000
inc_x_r = 0.000000, inc_y_r = 1.000000, inc_x_i = 1.000000, inc_y_i = 1.000000
En el else......

----------------------------------------
x = 26.000000, y = 240.000000
avance = -461.000000, avanceR = 2.000000, avanceI = 2.000000
inc_x_r = 0.000000, inc_y_r = 1.000000, inc_x_i = 1.000000, inc_y_i = 1.000000
En el else......

----------------------------------------
x = 26.000000, y = 241.000000
avance = -459.000000, avanceR = 2.000000, avanceI = 2.000000
inc_x_r = 0.000000, inc_y_r = 1.000000, inc_x_i = 1.000000, inc_y_i = 1.000000
En el else......

----------------------------------------
x = 26.000000, y = 242.000000
avance = -457.000000, avanceR = 2.000000, avanceI = 2.000000
inc_x_r = 0.000000, inc_y_r = 1.000000, inc_x_i = 1.000000, inc_y_i = 1.000000
En el else......

----------------------------------------
x = 26.000000, y = 243.000000
avance = -455.000000, avanceR = 2.000000, avanceI = 2.000000
inc_x_r = 0.000000, inc_y_r = 1.000000, inc_x_i = 1.000000, inc_y_i = 1.000000
En el else......

----------------------------------------
x = 26.000000, y = 244.000000
avance = -453.000000, avanceR = 2.000000, avanceI = 2.000000
inc_x_r = 0.000000, inc_y_r = 1.000000, inc_x_i = 1.000000, inc_y_i = 1.000000
En el else......

----------------------------------------
x = 26.000000, y = 245.000000
avance = -451.000000, avanceR = 2.000000, avanceI = 2.000000
inc_x_r = 0.000000, inc_y_r = 1.000000, inc_x_i = 1.000000, inc_y_i = 1.000000
En el else......

----------------------------------------
x = 26.000000, y = 246.000000
avance = -449.000000, avanceR = 2.000000, avanceI = 2.000000
inc_x_r = 0.000000, inc_y_r = 1.000000, inc_x_i = 1.000000, inc_y_i = 1.000000
En el else......

----------------------------------------
x = 26.000000, y = 247.000000
avance = -447.000000, avanceR = 2.000000, avanceI = 2.000000
inc_x_r = 0.000000, inc_y_r = 1.000000, inc_x_i = 1.000000, inc_y_i = 1.000000
En el else......

----------------------------------------
x = 26.000000, y = 248.000000
avance = -445.000000, avanceR = 2.000000, avanceI = 2.000000
inc_x_r = 0.000000, inc_y_r = 1.000000, inc_x_i = 1.000000, inc_y_i = 1.000000
En el else......

----------------------------------------
x = 26.000000, y = 249.000000
avance = -443.000000, avanceR = 2.000000, avanceI = 2.000000
inc_x_r = 0.000000, inc_y_r = 1.000000, inc_x_i = 1.000000, inc_y_i = 1.000000
En el else......

----------------------------------------
x = 26.000000, y = 250.000000
avance = -441.000000, avanceR = 2.000000, avanceI = 2.000000
inc_x_r = 0.000000, inc_y_r = 1.000000, inc_x_i = 1.000000, inc_y_i = 1.000000
En el else......

----------------------------------------
x = 26.000000, y = 251.000000
avance = -439.000000, avanceR = 2.000000, avanceI = 2.000000
inc_x_r = 0.000000, inc_y_r = 1.000000, inc_x_i = 1.000000, inc_y_i = 1.000000
En el else......

----------------------------------------
x = 26.000000, y = 252.000000
avance = -437.000000, avanceR = 2.000000, avanceI = 2.000000
inc_x_r = 0.000000, inc_y_r = 1.000000, inc_x_i = 1.000000, inc_y_i = 1.000000
En el else......

----------------------------------------
x = 26.000000, y = 253.000000
avance = -435.000000, avanceR = 2.000000, avanceI = 2.000000
inc_x_r = 0.000000, inc_y_r = 1.000000, inc_x_i = 1.000000, inc_y_i = 1.000000
En el else......

----------------------------------------
x = 26.000000, y = 254.000000
avance = -433.000000, avanceR = 2.000000, avanceI = 2.000000
inc_x_r = 0.000000, inc_y_r = 1.000000, inc_x_i = 1.000000, inc_y_i = 1.000000
En el else......

----------------------------------------
x = 26.000000, y = 255.000000
avance = -431.000000, avanceR = 2.000000, avanceI = 2.000000
inc_x_r = 0.000000, inc_y_r = 1.000000, inc_x_i = 1.000000, inc_y_i = 1.000000
En el else......

----------------------------------------
x = 26.000000, y = 256.000000
avance = -429.000000, avanceR = 2.000000, avanceI = 2.000000
inc_x_r = 0.000000, inc_y_r = 1.000000, inc_x_i = 1.000000, inc_y_i = 1.000000
En el else......

----------------------------------------
x = 26.000000, y = 257.000000
avance = -427.000000, avanceR = 2.000000, avanceI = 2.000000
inc_x_r = 0.000000, inc_y_r = 1.000000, inc_x_i = 1.000000, inc_y_i = 1.000000
En el else......

----------------------------------------
x = 26.000000, y = 258.000000
avance = -425.000000, avanceR = 2.000000, avanceI = 2.000000
inc_x_r = 0.000000, inc_y_r = 1.000000, inc_x_i = 1.000000, inc_y_i = 1.000000
En el else......

----------------------------------------
x = 26.000000, y = 259.000000
avance = -423.000000, avanceR = 2.000000, avanceI = 2.000000
inc_x_r = 0.000000, inc_y_r = 1.000000, inc_x_i = 1.000000, inc_y_i = 1.000000
En el else......

----------------------------------------
x = 26.000000, y = 260.000000
avance = -421.000000, avanceR = 2.000000, avanceI = 2.000000
inc_x_r = 0.000000, inc_y_r = 1.000000, inc_x_i = 1.000000, inc_y_i = 1.000000
En el else......

----------------------------------------
x = 26.000000, y = 261.000000
avance = -419.000000, avanceR = 2.000000, avanceI = 2.000000
inc_x_r = 0.000000, inc_y_r = 1.000000, inc_x_i = 1.000000, inc_y_i = 1.000000
En el else......

----------------------------------------
x = 26.000000, y = 262.000000
avance = -417.000000, avanceR = 2.000000, avanceI = 2.000000
inc_x_r = 0.000000, inc_y_r = 1.000000, inc_x_i = 1.000000, inc_y_i = 1.000000
En el else......

----------------------------------------
x = 26.000000, y = 263.000000
avance = -415.000000, avanceR = 2.000000, avanceI = 2.000000
inc_x_r = 0.000000, inc_y_r = 1.000000, inc_x_i = 1.000000, inc_y_i = 1.000000
En el else......

----------------------------------------
x = 26.000000, y = 264.000000
avance = -413.000000, avanceR = 2.000000, avanceI = 2.000000
inc_x_r = 0.000000, inc_y_r = 1.000000, inc_x_i = 1.000000, inc_y_i = 1.000000
En el else......

----------------------------------------
x = 26.000000, y = 265.000000
avance = -411.000000, avanceR = 2.000000, avanceI = 2.000000
inc_x_r = 0.000000, inc_y_r = 1.000000, inc_x_i = 1.000000, inc_y_i = 1.000000
En el else......

----------------------------------------
x = 26.000000, y = 266.000000
avance = -409.000000, avanceR = 2.000000, avanceI = 2.000000
inc_x_r = 0.000000, inc_y_r = 1.000000, inc_x_i = 1.000000, inc_y_i = 1.000000
En el else......

----------------------------------------
x = 26.000000, y = 267.000000
avance = -407.000000, avanceR = 2.000000, avanceI = 2.000000
inc_x_r = 0.000000, inc_y_r = 1.000000, inc_x_i = 1.000000, inc_y_i = 1.000000
En el else......

----------------------------------------
x = 26.000000, y = 268.000000
avance = -405.000000, avanceR = 2.000000, avanceI = 2.000000
inc_x_r = 0.000000, inc_y_r = 1.000000, inc_x_i = 1.000000, inc_y_i = 1.000000
En el else......

----------------------------------------
x = 26.000000, y = 269.000000
avance = -403.000000, avanceR = 2.000000, avanceI = 2.000000
inc_x_r = 0.000000, inc_y_r = 1.000000, inc_x_i = 1.000000, inc_y_i = 1.000000
En el else......

----------------------------------------
x = 26.000000, y = 270.000000
avance = -401.000000, avanceR = 2.000000, avanceI = 2.000000
inc_x_r = 0.000000, inc_y_r = 1.000000, inc_x_i = 1.000000, inc_y_i = 1.000000
En el else......

----------------------------------------
x = 26.000000, y = 271.000000
avance = -399.000000, avanceR = 2.000000, avanceI = 2.000000
inc_x_r = 0.000000, inc_y_r = 1.000000, inc_x_i = 1.000000, inc_y_i = 1.000000
En el else......

----------------------------------------
x = 26.000000, y = 272.000000
avance = -397.000000, avanceR = 2.000000, avanceI = 2.000000
inc_x_r = 0.000000, inc_y_r = 1.000000, inc_x_i = 1.000000, inc_y_i = 1.000000
En el else......

----------------------------------------
x = 26.000000, y = 273.000000
avance = -395.000000, avanceR = 2.000000, avanceI = 2.000000
inc_x_r = 0.000000, inc_y_r = 1.000000, inc_x_i = 1.000000, inc_y_i = 1.000000
En el else......

----------------------------------------
x = 26.000000, y = 274.000000
avance = -393.000000, avanceR = 2.000000, avanceI = 2.000000
inc_x_r = 0.000000, inc_y_r = 1.000000, inc_x_i = 1.000000, inc_y_i = 1.000000
En el else......

----------------------------------------
x = 26.000000, y = 275.000000
avance = -391.000000, avanceR = 2.000000, avanceI = 2.000000
inc_x_r = 0.000000, inc_y_r = 1.000000, inc_x_i = 1.000000, inc_y_i = 1.000000
En el else......

----------------------------------------
x = 26.000000, y = 276.000000
avance = -389.000000, avanceR = 2.000000, avanceI = 2.000000
inc_x_r = 0.000000, inc_y_r = 1.000000, inc_x_i = 1.000000, inc_y_i = 1.000000
En el else......

----------------------------------------
x = 26.000000, y = 277.000000
avance = -387.000000, avanceR = 2.000000, avanceI = 2.000000
inc_x_r = 0.000000, inc_y_r = 1.000000, inc_x_i = 1.000000, inc_y_i = 1.000000
En el else......

----------------------------------------
x = 26.000000, y = 278.000000
avance = -385.000000, avanceR = 2.000000, avanceI = 2.000000
inc_x_r = 0.000000, inc_y_r = 1.000000, inc_x_i = 1.000000, inc_y_i = 1.000000
En el else......

----------------------------------------
x = 26.000000, y = 279.000000
avance = -383.000000, avanceR = 2.000000, avanceI = 2.000000
inc_x_r = 0.000000, inc_y_r = 1.000000, inc_x_i = 1.000000, inc_y_i = 1.000000
En el else......

----------------------------------------
x = 26.000000, y = 280.000000
avance = -381.000000, avanceR = 2.000000, avanceI = 2.000000
inc_x_r = 0.000000, inc_y_r = 1.000000, inc_x_i = 1.000000, inc_y_i = 1.000000
En el else......

----------------------------------------
x = 26.000000, y = 281.000000
avance = -379.000000, avanceR = 2.000000, avanceI = 2.000000
inc_x_r = 0.000000, inc_y_r = 1.000000, inc_x_i = 1.000000, inc_y_i = 1.000000
En el else......

----------------------------------------
x = 26.000000, y = 282.000000
avance = -377.000000, avanceR = 2.000000, avanceI = 2.000000
inc_x_r = 0.000000, inc_y_r = 1.000000, inc_x_i = 1.000000, inc_y_i = 1.000000
En el else......

----------------------------------------
x = 26.000000, y = 283.000000
avance = -375.000000, avanceR = 2.000000, avanceI = 2.000000
inc_x_r = 0.000000, inc_y_r = 1.000000, inc_x_i = 1.000000, inc_y_i = 1.000000
En el else......

----------------------------------------
x = 26.000000, y = 284.000000
avance = -373.000000, avanceR = 2.000000, avanceI = 2.000000
inc_x_r = 0.000000, inc_y_r = 1.000000, inc_x_i = 1.000000, inc_y_i = 1.000000
En el else......

----------------------------------------
x = 26.000000, y = 285.000000
avance = -371.000000, avanceR = 2.000000, avanceI = 2.000000
inc_x_r = 0.000000, inc_y_r = 1.000000, inc_x_i = 1.000000, inc_y_i = 1.000000
En el else......

----------------------------------------
x = 26.000000, y = 286.000000
avance = -369.000000, avanceR = 2.000000, avanceI = 2.000000
inc_x_r = 0.000000, inc_y_r = 1.000000, inc_x_i = 1.000000, inc_y_i = 1.000000
En el else......

----------------------------------------
x = 26.000000, y = 287.000000
avance = -367.000000, avanceR = 2.000000, avanceI = 2.000000
inc_x_r = 0.000000, inc_y_r = 1.000000, inc_x_i = 1.000000, inc_y_i = 1.000000
En el else......

----------------------------------------
x = 26.000000, y = 288.000000
avance = -365.000000, avanceR = 2.000000, avanceI = 2.000000
inc_x_r = 0.000000, inc_y_r = 1.000000, inc_x_i = 1.000000, inc_y_i = 1.000000
En el else......

----------------------------------------
x = 26.000000, y = 289.000000
avance = -363.000000, avanceR = 2.000000, avanceI = 2.000000
inc_x_r = 0.000000, inc_y_r = 1.000000, inc_x_i = 1.000000, inc_y_i = 1.000000
En el else......

----------------------------------------
x = 26.000000, y = 290.000000
avance = -361.000000, avanceR = 2.000000, avanceI = 2.000000
inc_x_r = 0.000000, inc_y_r = 1.000000, inc_x_i = 1.000000, inc_y_i = 1.000000
En el else......

----------------------------------------
x = 26.000000, y = 291.000000
avance = -359.000000, avanceR = 2.000000, avanceI = 2.000000
inc_x_r = 0.000000, inc_y_r = 1.000000, inc_x_i = 1.000000, inc_y_i = 1.000000
En el else......

----------------------------------------
x = 26.000000, y = 292.000000
avance = -357.000000, avanceR = 2.000000, avanceI = 2.000000
inc_x_r = 0.000000, inc_y_r = 1.000000, inc_x_i = 1.000000, inc_y_i = 1.000000
En el else......

----------------------------------------
x = 26.000000, y = 293.000000
avance = -355.000000, avanceR = 2.000000, avanceI = 2.000000
inc_x_r = 0.000000, inc_y_r = 1.000000, inc_x_i = 1.000000, inc_y_i = 1.000000
En el else......

----------------------------------------
x = 26.000000, y = 294.000000
avance = -353.000000, avanceR = 2.000000, avanceI = 2.000000
inc_x_r = 0.000000, inc_y_r = 1.000000, inc_x_i = 1.000000, inc_y_i = 1.000000
En el else......

----------------------------------------
x = 26.000000, y = 295.000000
avance = -351.000000, avanceR = 2.000000, avanceI = 2.000000
inc_x_r = 0.000000, inc_y_r = 1.000000, inc_x_i = 1.000000, inc_y_i = 1.000000
En el else......

----------------------------------------
x = 26.000000, y = 296.000000
avance = -349.000000, avanceR = 2.000000, avanceI = 2.000000
inc_x_r = 0.000000, inc_y_r = 1.000000, inc_x_i = 1.000000, inc_y_i = 1.000000
En el else......

----------------------------------------
x = 26.000000, y = 297.000000
avance = -347.000000, avanceR = 2.000000, avanceI = 2.000000
inc_x_r = 0.000000, inc_y_r = 1.000000, inc_x_i = 1.000000, inc_y_i = 1.000000
En el else......

----------------------------------------
x = 26.000000, y = 298.000000
avance = -345.000000, avanceR = 2.000000, avanceI = 2.000000
inc_x_r = 0.000000, inc_y_r = 1.000000, inc_x_i = 1.000000, inc_y_i = 1.000000
En el else......

----------------------------------------
x = 26.000000, y = 299.000000
avance = -343.000000, avanceR = 2.000000, avanceI = 2.000000
inc_x_r = 0.000000, inc_y_r = 1.000000, inc_x_i = 1.000000, inc_y_i = 1.000000
En el else......

----------------------------------------
x = 26.000000, y = 300.000000
avance = -341.000000, avanceR = 2.000000, avanceI = 2.000000
inc_x_r = 0.000000, inc_y_r = 1.000000, inc_x_i = 1.000000, inc_y_i = 1.000000
En el else......

----------------------------------------
x = 26.000000, y = 301.000000
avance = -339.000000, avanceR = 2.000000, avanceI = 2.000000
inc_x_r = 0.000000, inc_y_r = 1.000000, inc_x_i = 1.000000, inc_y_i = 1.000000
En el else......

----------------------------------------
x = 26.000000, y = 302.000000
avance = -337.000000, avanceR = 2.000000, avanceI = 2.000000
inc_x_r = 0.000000, inc_y_r = 1.000000, inc_x_i = 1.000000, inc_y_i = 1.000000
En el else......

----------------------------------------
x = 26.000000, y = 303.000000
avance = -335.000000, avanceR = 2.000000, avanceI = 2.000000
inc_x_r = 0.000000, inc_y_r = 1.000000, inc_x_i = 1.000000, inc_y_i = 1.000000
En el else......

----------------------------------------
x = 26.000000, y = 304.000000
avance = -333.000000, avanceR = 2.000000, avanceI = 2.000000
inc_x_r = 0.000000, inc_y_r = 1.000000, inc_x_i = 1.000000, inc_y_i = 1.000000
En el else......

----------------------------------------
x = 26.000000, y = 305.000000
avance = -331.000000, avanceR = 2.000000, avanceI = 2.000000
inc_x_r = 0.000000, inc_y_r = 1.000000, inc_x_i = 1.000000, inc_y_i = 1.000000
En el else......

----------------------------------------
x = 26.000000, y = 306.000000
avance = -329.000000, avanceR = 2.000000, avanceI = 2.000000
inc_x_r = 0.000000, inc_y_r = 1.000000, inc_x_i = 1.000000, inc_y_i = 1.000000
En el else......

----------------------------------------
x = 26.000000, y = 307.000000
avance = -327.000000, avanceR = 2.000000, avanceI = 2.000000
inc_x_r = 0.000000, inc_y_r = 1.000000, inc_x_i = 1.000000, inc_y_i = 1.000000
En el else......

----------------------------------------
x = 26.000000, y = 308.000000
avance = -325.000000, avanceR = 2.000000, avanceI = 2.000000
inc_x_r = 0.000000, inc_y_r = 1.000000, inc_x_i = 1.000000, inc_y_i = 1.000000
En el else......

----------------------------------------
x = 26.000000, y = 309.000000
avance = -323.000000, avanceR = 2.000000, avanceI = 2.000000
inc_x_r = 0.000000, inc_y_r = 1.000000, inc_x_i = 1.000000, inc_y_i = 1.000000
En el else......

----------------------------------------
x = 26.000000, y = 310.000000
avance = -321.000000, avanceR = 2.000000, avanceI = 2.000000
inc_x_r = 0.000000, inc_y_r = 1.000000, inc_x_i = 1.000000, inc_y_i = 1.000000
En el else......

----------------------------------------
x = 26.000000, y = 311.000000
avance = -319.000000, avanceR = 2.000000, avanceI = 2.000000
inc_x_r = 0.000000, inc_y_r = 1.000000, inc_x_i = 1.000000, inc_y_i = 1.000000
En el else......

----------------------------------------
x = 26.000000, y = 312.000000
avance = -317.000000, avanceR = 2.000000, avanceI = 2.000000
inc_x_r = 0.000000, inc_y_r = 1.000000, inc_x_i = 1.000000, inc_y_i = 1.000000
En el else......

----------------------------------------
x = 26.000000, y = 313.000000
avance = -315.000000, avanceR = 2.000000, avanceI = 2.000000
inc_x_r = 0.000000, inc_y_r = 1.000000, inc_x_i = 1.000000, inc_y_i = 1.000000
En el else......

----------------------------------------
x = 26.000000, y = 314.000000
avance = -313.000000, avanceR = 2.000000, avanceI = 2.000000
inc_x_r = 0.000000, inc_y_r = 1.000000, inc_x_i = 1.000000, inc_y_i = 1.000000
En el else......

----------------------------------------
x = 26.000000, y = 315.000000
avance = -311.000000, avanceR = 2.000000, avanceI = 2.000000
inc_x_r = 0.000000, inc_y_r = 1.000000, inc_x_i = 1.000000, inc_y_i = 1.000000
En el else......

----------------------------------------
x = 26.000000, y = 316.000000
avance = -309.000000, avanceR = 2.000000, avanceI = 2.000000
inc_x_r = 0.000000, inc_y_r = 1.000000, inc_x_i = 1.000000, inc_y_i = 1.000000
En el else......

----------------------------------------
x = 26.000000, y = 317.000000
avance = -307.000000, avanceR = 2.000000, avanceI = 2.000000
inc_x_r = 0.000000, inc_y_r = 1.000000, inc_x_i = 1.000000, inc_y_i = 1.000000
En el else......

----------------------------------------
x = 26.000000, y = 318.000000
avance = -305.000000, avanceR = 2.000000, avanceI = 2.000000
inc_x_r = 0.000000, inc_y_r = 1.000000, inc_x_i = 1.000000, inc_y_i = 1.000000
En el else......

----------------------------------------
x = 26.000000, y = 319.000000
avance = -303.000000, avanceR = 2.000000, avanceI = 2.000000
inc_x_r = 0.000000, inc_y_r = 1.000000, inc_x_i = 1.000000, inc_y_i = 1.000000
En el else......

----------------------------------------
x = 26.000000, y = 320.000000
avance = -301.000000, avanceR = 2.000000, avanceI = 2.000000
inc_x_r = 0.000000, inc_y_r = 1.000000, inc_x_i = 1.000000, inc_y_i = 1.000000
En el else......

----------------------------------------
x = 26.000000, y = 321.000000
avance = -299.000000, avanceR = 2.000000, avanceI = 2.000000
inc_x_r = 0.000000, inc_y_r = 1.000000, inc_x_i = 1.000000, inc_y_i = 1.000000
En el else......

----------------------------------------
x = 26.000000, y = 322.000000
avance = -297.000000, avanceR = 2.000000, avanceI = 2.000000
inc_x_r = 0.000000, inc_y_r = 1.000000, inc_x_i = 1.000000, inc_y_i = 1.000000
En el else......

----------------------------------------
x = 26.000000, y = 323.000000
avance = -295.000000, avanceR = 2.000000, avanceI = 2.000000
inc_x_r = 0.000000, inc_y_r = 1.000000, inc_x_i = 1.000000, inc_y_i = 1.000000
En el else......

----------------------------------------
x = 26.000000, y = 324.000000
avance = -293.000000, avanceR = 2.000000, avanceI = 2.000000
inc_x_r = 0.000000, inc_y_r = 1.000000, inc_x_i = 1.000000, inc_y_i = 1.000000
En el else......

----------------------------------------
x = 26.000000, y = 325.000000
avance = -291.000000, avanceR = 2.000000, avanceI = 2.000000
inc_x_r = 0.000000, inc_y_r = 1.000000, inc_x_i = 1.000000, inc_y_i = 1.000000
En el else......

----------------------------------------
x = 26.000000, y = 326.000000
avance = -289.000000, avanceR = 2.000000, avanceI = 2.000000
inc_x_r = 0.000000, inc_y_r = 1.000000, inc_x_i = 1.000000, inc_y_i = 1.000000
En el else......

----------------------------------------
x = 26.000000, y = 327.000000
avance = -287.000000, avanceR = 2.000000, avanceI = 2.000000
inc_x_r = 0.000000, inc_y_r = 1.000000, inc_x_i = 1.000000, inc_y_i = 1.000000
En el else......

----------------------------------------
x = 26.000000, y = 328.000000
avance = -285.000000, avanceR = 2.000000, avanceI = 2.000000
inc_x_r = 0.000000, inc_y_r = 1.000000, inc_x_i = 1.000000, inc_y_i = 1.000000
En el else......

----------------------------------------
x = 26.000000, y = 329.000000
avance = -283.000000, avanceR = 2.000000, avanceI = 2.000000
inc_x_r = 0.000000, inc_y_r = 1.000000, inc_x_i = 1.000000, inc_y_i = 1.000000
En el else......

----------------------------------------
x = 26.000000, y = 330.000000
avance = -281.000000, avanceR = 2.000000, avanceI = 2.000000
inc_x_r = 0.000000, inc_y_r = 1.000000, inc_x_i = 1.000000, inc_y_i = 1.000000
En el else......

----------------------------------------
x = 26.000000, y = 331.000000
avance = -279.000000, avanceR = 2.000000, avanceI = 2.000000
inc_x_r = 0.000000, inc_y_r = 1.000000, inc_x_i = 1.000000, inc_y_i = 1.000000
En el else......

----------------------------------------
x = 26.000000, y = 332.000000
avance = -277.000000, avanceR = 2.000000, avanceI = 2.000000
inc_x_r = 0.000000, inc_y_r = 1.000000, inc_x_i = 1.000000, inc_y_i = 1.000000
En el else......

----------------------------------------
x = 26.000000, y = 333.000000
avance = -275.000000, avanceR = 2.000000, avanceI = 2.000000
inc_x_r = 0.000000, inc_y_r = 1.000000, inc_x_i = 1.000000, inc_y_i = 1.000000
En el else......

----------------------------------------
x = 26.000000, y = 334.000000
avance = -273.000000, avanceR = 2.000000, avanceI = 2.000000
inc_x_r = 0.000000, inc_y_r = 1.000000, inc_x_i = 1.000000, inc_y_i = 1.000000
En el else......

----------------------------------------
x = 26.000000, y = 335.000000
avance = -271.000000, avanceR = 2.000000, avanceI = 2.000000
inc_x_r = 0.000000, inc_y_r = 1.000000, inc_x_i = 1.000000, inc_y_i = 1.000000
En el else......

----------------------------------------
x = 26.000000, y = 336.000000
avance = -269.000000, avanceR = 2.000000, avanceI = 2.000000
inc_x_r = 0.000000, inc_y_r = 1.000000, inc_x_i = 1.000000, inc_y_i = 1.000000
En el else......

----------------------------------------
x = 26.000000, y = 337.000000
avance = -267.000000, avanceR = 2.000000, avanceI = 2.000000
inc_x_r = 0.000000, inc_y_r = 1.000000, inc_x_i = 1.000000, inc_y_i = 1.000000
En el else......

----------------------------------------
x = 26.000000, y = 338.000000
avance = -265.000000, avanceR = 2.000000, avanceI = 2.000000
inc_x_r = 0.000000, inc_y_r = 1.000000, inc_x_i = 1.000000, inc_y_i = 1.000000
En el else......

----------------------------------------
x = 26.000000, y = 339.000000
avance = -263.000000, avanceR = 2.000000, avanceI = 2.000000
inc_x_r = 0.000000, inc_y_r = 1.000000, inc_x_i = 1.000000, inc_y_i = 1.000000
En el else......

----------------------------------------
x = 26.000000, y = 340.000000
avance = -261.000000, avanceR = 2.000000, avanceI = 2.000000
inc_x_r = 0.000000, inc_y_r = 1.000000, inc_x_i = 1.000000, inc_y_i = 1.000000
En el else......

----------------------------------------
x = 26.000000, y = 341.000000
avance = -259.000000, avanceR = 2.000000, avanceI = 2.000000
inc_x_r = 0.000000, inc_y_r = 1.000000, inc_x_i = 1.000000, inc_y_i = 1.000000
En el else......

----------------------------------------
x = 26.000000, y = 342.000000
avance = -257.000000, avanceR = 2.000000, avanceI = 2.000000
inc_x_r = 0.000000, inc_y_r = 1.000000, inc_x_i = 1.000000, inc_y_i = 1.000000
En el else......

----------------------------------------
x = 26.000000, y = 343.000000
avance = -255.000000, avanceR = 2.000000, avanceI = 2.000000
inc_x_r = 0.000000, inc_y_r = 1.000000, inc_x_i = 1.000000, inc_y_i = 1.000000
En el else......

----------------------------------------
x = 26.000000, y = 344.000000
avance = -253.000000, avanceR = 2.000000, avanceI = 2.000000
inc_x_r = 0.000000, inc_y_r = 1.000000, inc_x_i = 1.000000, inc_y_i = 1.000000
En el else......

----------------------------------------
x = 26.000000, y = 345.000000
avance = -251.000000, avanceR = 2.000000, avanceI = 2.000000
inc_x_r = 0.000000, inc_y_r = 1.000000, inc_x_i = 1.000000, inc_y_i = 1.000000
En el else......

----------------------------------------


ENTRAMOS A BRESENHAMªªªª
x1 = 15.000000 - y1 = 85.000000 || x2 = 16.000000 - y2 = 336.000000
dy = 251.000000, dx = 1.000000
avances inclinados: inc_x_i = 1.000000, inc_y_i = 1.000000
updated: dy = 251.000000, dx = 1.000000
avances rectos: inc_x_r = 0.000000, inc_y_r 1.000000
reupdated: dy = 1.000000, dx = 251.000000
avanceR = 2.000000, avance -249.000000, avanceI 2.000000
----------------------------------------
x = 15.000000, y = 85.000000
avance = -249.000000, avanceR = 2.000000, avanceI = 2.000000
inc_x_r = 0.000000, inc_y_r = 1.000000, inc_x_i = 1.000000, inc_y_i = 1.000000
En el else......

----------------------------------------
x = 15.000000, y = 86.000000
avance = -247.000000, avanceR = 2.000000, avanceI = 2.000000
inc_x_r = 0.000000, inc_y_r = 1.000000, inc_x_i = 1.000000, inc_y_i = 1.000000
En el else......

----------------------------------------
x = 15.000000, y = 87.000000
avance = -245.000000, avanceR = 2.000000, avanceI = 2.000000
inc_x_r = 0.000000, inc_y_r = 1.000000, inc_x_i = 1.000000, inc_y_i = 1.000000
En el else......

----------------------------------------
x = 15.000000, y = 88.000000
avance = -243.000000, avanceR = 2.000000, avanceI = 2.000000
inc_x_r = 0.000000, inc_y_r = 1.000000, inc_x_i = 1.000000, inc_y_i = 1.000000
En el else......

----------------------------------------
x = 15.000000, y = 89.000000
avance = -241.000000, avanceR = 2.000000, avanceI = 2.000000
inc_x_r = 0.000000, inc_y_r = 1.000000, inc_x_i = 1.000000, inc_y_i = 1.000000
En el else......

----------------------------------------
x = 15.000000, y = 90.000000
avance = -239.000000, avanceR = 2.000000, avanceI = 2.000000
inc_x_r = 0.000000, inc_y_r = 1.000000, inc_x_i = 1.000000, inc_y_i = 1.000000
En el else......

----------------------------------------
x = 15.000000, y = 91.000000
avance = -237.000000, avanceR = 2.000000, avanceI = 2.000000
inc_x_r = 0.000000, inc_y_r = 1.000000, inc_x_i = 1.000000, inc_y_i = 1.000000
En el else......

----------------------------------------
x = 15.000000, y = 92.000000
avance = -235.000000, avanceR = 2.000000, avanceI = 2.000000
inc_x_r = 0.000000, inc_y_r = 1.000000, inc_x_i = 1.000000, inc_y_i = 1.000000
En el else......

----------------------------------------
x = 15.000000, y = 93.000000
avance = -233.000000, avanceR = 2.000000, avanceI = 2.000000
inc_x_r = 0.000000, inc_y_r = 1.000000, inc_x_i = 1.000000, inc_y_i = 1.000000
En el else......

----------------------------------------
x = 15.000000, y = 94.000000
avance = -231.000000, avanceR = 2.000000, avanceI = 2.000000
inc_x_r = 0.000000, inc_y_r = 1.000000, inc_x_i = 1.000000, inc_y_i = 1.000000
En el else......

----------------------------------------
x = 15.000000, y = 95.000000
avance = -229.000000, avanceR = 2.000000, avanceI = 2.000000
inc_x_r = 0.000000, inc_y_r = 1.000000, inc_x_i = 1.000000, inc_y_i = 1.000000
En el else......

----------------------------------------
x = 15.000000, y = 96.000000
avance = -227.000000, avanceR = 2.000000, avanceI = 2.000000
inc_x_r = 0.000000, inc_y_r = 1.000000, inc_x_i = 1.000000, inc_y_i = 1.000000
En el else......

----------------------------------------
x = 15.000000, y = 97.000000
avance = -225.000000, avanceR = 2.000000, avanceI = 2.000000
inc_x_r = 0.000000, inc_y_r = 1.000000, inc_x_i = 1.000000, inc_y_i = 1.000000
En el else......

----------------------------------------
x = 15.000000, y = 98.000000
avance = -223.000000, avanceR = 2.000000, avanceI = 2.000000
inc_x_r = 0.000000, inc_y_r = 1.000000, inc_x_i = 1.000000, inc_y_i = 1.000000
En el else......

----------------------------------------
x = 15.000000, y = 99.000000
avance = -221.000000, avanceR = 2.000000, avanceI = 2.000000
inc_x_r = 0.000000, inc_y_r = 1.000000, inc_x_i = 1.000000, inc_y_i = 1.000000
En el else......

----------------------------------------
x = 15.000000, y = 100.000000
avance = -219.000000, avanceR = 2.000000, avanceI = 2.000000
inc_x_r = 0.000000, inc_y_r = 1.000000, inc_x_i = 1.000000, inc_y_i = 1.000000
En el else......

----------------------------------------
x = 15.000000, y = 101.000000
avance = -217.000000, avanceR = 2.000000, avanceI = 2.000000
inc_x_r = 0.000000, inc_y_r = 1.000000, inc_x_i = 1.000000, inc_y_i = 1.000000
En el else......

----------------------------------------
x = 15.000000, y = 102.000000
avance = -215.000000, avanceR = 2.000000, avanceI = 2.000000
inc_x_r = 0.000000, inc_y_r = 1.000000, inc_x_i = 1.000000, inc_y_i = 1.000000
En el else......

----------------------------------------
x = 15.000000, y = 103.000000
avance = -213.000000, avanceR = 2.000000, avanceI = 2.000000
inc_x_r = 0.000000, inc_y_r = 1.000000, inc_x_i = 1.000000, inc_y_i = 1.000000
En el else......

----------------------------------------
x = 15.000000, y = 104.000000
avance = -211.000000, avanceR = 2.000000, avanceI = 2.000000
inc_x_r = 0.000000, inc_y_r = 1.000000, inc_x_i = 1.000000, inc_y_i = 1.000000
En el else......

----------------------------------------
x = 15.000000, y = 105.000000
avance = -209.000000, avanceR = 2.000000, avanceI = 2.000000
inc_x_r = 0.000000, inc_y_r = 1.000000, inc_x_i = 1.000000, inc_y_i = 1.000000
En el else......

----------------------------------------
x = 15.000000, y = 106.000000
avance = -207.000000, avanceR = 2.000000, avanceI = 2.000000
inc_x_r = 0.000000, inc_y_r = 1.000000, inc_x_i = 1.000000, inc_y_i = 1.000000
En el else......

----------------------------------------
x = 15.000000, y = 107.000000
avance = -205.000000, avanceR = 2.000000, avanceI = 2.000000
inc_x_r = 0.000000, inc_y_r = 1.000000, inc_x_i = 1.000000, inc_y_i = 1.000000
En el else......

----------------------------------------
x = 15.000000, y = 108.000000
avance = -203.000000, avanceR = 2.000000, avanceI = 2.000000
inc_x_r = 0.000000, inc_y_r = 1.000000, inc_x_i = 1.000000, inc_y_i = 1.000000
En el else......

----------------------------------------
x = 15.000000, y = 109.000000
avance = -201.000000, avanceR = 2.000000, avanceI = 2.000000
inc_x_r = 0.000000, inc_y_r = 1.000000, inc_x_i = 1.000000, inc_y_i = 1.000000
En el else......

----------------------------------------
x = 15.000000, y = 110.000000
avance = -199.000000, avanceR = 2.000000, avanceI = 2.000000
inc_x_r = 0.000000, inc_y_r = 1.000000, inc_x_i = 1.000000, inc_y_i = 1.000000
En el else......

----------------------------------------
x = 15.000000, y = 111.000000
avance = -197.000000, avanceR = 2.000000, avanceI = 2.000000
inc_x_r = 0.000000, inc_y_r = 1.000000, inc_x_i = 1.000000, inc_y_i = 1.000000
En el else......

----------------------------------------
x = 15.000000, y = 112.000000
avance = -195.000000, avanceR = 2.000000, avanceI = 2.000000
inc_x_r = 0.000000, inc_y_r = 1.000000, inc_x_i = 1.000000, inc_y_i = 1.000000
En el else......

----------------------------------------
x = 15.000000, y = 113.000000
avance = -193.000000, avanceR = 2.000000, avanceI = 2.000000
inc_x_r = 0.000000, inc_y_r = 1.000000, inc_x_i = 1.000000, inc_y_i = 1.000000
En el else......

----------------------------------------
x = 15.000000, y = 114.000000
avance = -191.000000, avanceR = 2.000000, avanceI = 2.000000
inc_x_r = 0.000000, inc_y_r = 1.000000, inc_x_i = 1.000000, inc_y_i = 1.000000
En el else......

----------------------------------------
x = 15.000000, y = 115.000000
avance = -189.000000, avanceR = 2.000000, avanceI = 2.000000
inc_x_r = 0.000000, inc_y_r = 1.000000, inc_x_i = 1.000000, inc_y_i = 1.000000
En el else......

----------------------------------------
x = 15.000000, y = 116.000000
avance = -187.000000, avanceR = 2.000000, avanceI = 2.000000
inc_x_r = 0.000000, inc_y_r = 1.000000, inc_x_i = 1.000000, inc_y_i = 1.000000
En el else......

----------------------------------------
x = 15.000000, y = 117.000000
avance = -185.000000, avanceR = 2.000000, avanceI = 2.000000
inc_x_r = 0.000000, inc_y_r = 1.000000, inc_x_i = 1.000000, inc_y_i = 1.000000
En el else......

----------------------------------------
x = 15.000000, y = 118.000000
avance = -183.000000, avanceR = 2.000000, avanceI = 2.000000
inc_x_r = 0.000000, inc_y_r = 1.000000, inc_x_i = 1.000000, inc_y_i = 1.000000
En el else......

----------------------------------------
x = 15.000000, y = 119.000000
avance = -181.000000, avanceR = 2.000000, avanceI = 2.000000
inc_x_r = 0.000000, inc_y_r = 1.000000, inc_x_i = 1.000000, inc_y_i = 1.000000
En el else......

----------------------------------------
x = 15.000000, y = 120.000000
avance = -179.000000, avanceR = 2.000000, avanceI = 2.000000
inc_x_r = 0.000000, inc_y_r = 1.000000, inc_x_i = 1.000000, inc_y_i = 1.000000
En el else......

----------------------------------------
x = 15.000000, y = 121.000000
avance = -177.000000, avanceR = 2.000000, avanceI = 2.000000
inc_x_r = 0.000000, inc_y_r = 1.000000, inc_x_i = 1.000000, inc_y_i = 1.000000
En el else......

----------------------------------------
x = 15.000000, y = 122.000000
avance = -175.000000, avanceR = 2.000000, avanceI = 2.000000
inc_x_r = 0.000000, inc_y_r = 1.000000, inc_x_i = 1.000000, inc_y_i = 1.000000
En el else......

----------------------------------------
x = 15.000000, y = 123.000000
avance = -173.000000, avanceR = 2.000000, avanceI = 2.000000
inc_x_r = 0.000000, inc_y_r = 1.000000, inc_x_i = 1.000000, inc_y_i = 1.000000
En el else......

----------------------------------------
x = 15.000000, y = 124.000000
avance = -171.000000, avanceR = 2.000000, avanceI = 2.000000
inc_x_r = 0.000000, inc_y_r = 1.000000, inc_x_i = 1.000000, inc_y_i = 1.000000
En el else......

----------------------------------------
x = 15.000000, y = 125.000000
avance = -169.000000, avanceR = 2.000000, avanceI = 2.000000
inc_x_r = 0.000000, inc_y_r = 1.000000, inc_x_i = 1.000000, inc_y_i = 1.000000
En el else......

----------------------------------------
x = 15.000000, y = 126.000000
avance = -167.000000, avanceR = 2.000000, avanceI = 2.000000
inc_x_r = 0.000000, inc_y_r = 1.000000, inc_x_i = 1.000000, inc_y_i = 1.000000
En el else......

----------------------------------------
x = 15.000000, y = 127.000000
avance = -165.000000, avanceR = 2.000000, avanceI = 2.000000
inc_x_r = 0.000000, inc_y_r = 1.000000, inc_x_i = 1.000000, inc_y_i = 1.000000
En el else......

----------------------------------------
x = 15.000000, y = 128.000000
avance = -163.000000, avanceR = 2.000000, avanceI = 2.000000
inc_x_r = 0.000000, inc_y_r = 1.000000, inc_x_i = 1.000000, inc_y_i = 1.000000
En el else......

----------------------------------------
x = 15.000000, y = 129.000000
avance = -161.000000, avanceR = 2.000000, avanceI = 2.000000
inc_x_r = 0.000000, inc_y_r = 1.000000, inc_x_i = 1.000000, inc_y_i = 1.000000
En el else......

----------------------------------------
x = 15.000000, y = 130.000000
avance = -159.000000, avanceR = 2.000000, avanceI = 2.000000
inc_x_r = 0.000000, inc_y_r = 1.000000, inc_x_i = 1.000000, inc_y_i = 1.000000
En el else......

----------------------------------------
x = 15.000000, y = 131.000000
avance = -157.000000, avanceR = 2.000000, avanceI = 2.000000
inc_x_r = 0.000000, inc_y_r = 1.000000, inc_x_i = 1.000000, inc_y_i = 1.000000
En el else......

----------------------------------------
x = 15.000000, y = 132.000000
avance = -155.000000, avanceR = 2.000000, avanceI = 2.000000
inc_x_r = 0.000000, inc_y_r = 1.000000, inc_x_i = 1.000000, inc_y_i = 1.000000
En el else......

----------------------------------------
x = 15.000000, y = 133.000000
avance = -153.000000, avanceR = 2.000000, avanceI = 2.000000
inc_x_r = 0.000000, inc_y_r = 1.000000, inc_x_i = 1.000000, inc_y_i = 1.000000
En el else......

----------------------------------------
x = 15.000000, y = 134.000000
avance = -151.000000, avanceR = 2.000000, avanceI = 2.000000
inc_x_r = 0.000000, inc_y_r = 1.000000, inc_x_i = 1.000000, inc_y_i = 1.000000
En el else......

----------------------------------------
x = 15.000000, y = 135.000000
avance = -149.000000, avanceR = 2.000000, avanceI = 2.000000
inc_x_r = 0.000000, inc_y_r = 1.000000, inc_x_i = 1.000000, inc_y_i = 1.000000
En el else......

----------------------------------------
x = 15.000000, y = 136.000000
avance = -147.000000, avanceR = 2.000000, avanceI = 2.000000
inc_x_r = 0.000000, inc_y_r = 1.000000, inc_x_i = 1.000000, inc_y_i = 1.000000
En el else......

----------------------------------------
x = 15.000000, y = 137.000000
avance = -145.000000, avanceR = 2.000000, avanceI = 2.000000
inc_x_r = 0.000000, inc_y_r = 1.000000, inc_x_i = 1.000000, inc_y_i = 1.000000
En el else......

----------------------------------------
x = 15.000000, y = 138.000000
avance = -143.000000, avanceR = 2.000000, avanceI = 2.000000
inc_x_r = 0.000000, inc_y_r = 1.000000, inc_x_i = 1.000000, inc_y_i = 1.000000
En el else......

----------------------------------------
x = 15.000000, y = 139.000000
avance = -141.000000, avanceR = 2.000000, avanceI = 2.000000
inc_x_r = 0.000000, inc_y_r = 1.000000, inc_x_i = 1.000000, inc_y_i = 1.000000
En el else......

----------------------------------------
x = 15.000000, y = 140.000000
avance = -139.000000, avanceR = 2.000000, avanceI = 2.000000
inc_x_r = 0.000000, inc_y_r = 1.000000, inc_x_i = 1.000000, inc_y_i = 1.000000
En el else......

----------------------------------------
x = 15.000000, y = 141.000000
avance = -137.000000, avanceR = 2.000000, avanceI = 2.000000
inc_x_r = 0.000000, inc_y_r = 1.000000, inc_x_i = 1.000000, inc_y_i = 1.000000
En el else......

----------------------------------------
x = 15.000000, y = 142.000000
avance = -135.000000, avanceR = 2.000000, avanceI = 2.000000
inc_x_r = 0.000000, inc_y_r = 1.000000, inc_x_i = 1.000000, inc_y_i = 1.000000
En el else......

----------------------------------------
x = 15.000000, y = 143.000000
avance = -133.000000, avanceR = 2.000000, avanceI = 2.000000
inc_x_r = 0.000000, inc_y_r = 1.000000, inc_x_i = 1.000000, inc_y_i = 1.000000
En el else......

----------------------------------------
x = 15.000000, y = 144.000000
avance = -131.000000, avanceR = 2.000000, avanceI = 2.000000
inc_x_r = 0.000000, inc_y_r = 1.000000, inc_x_i = 1.000000, inc_y_i = 1.000000
En el else......

----------------------------------------
x = 15.000000, y = 145.000000
avance = -129.000000, avanceR = 2.000000, avanceI = 2.000000
inc_x_r = 0.000000, inc_y_r = 1.000000, inc_x_i = 1.000000, inc_y_i = 1.000000
En el else......

----------------------------------------
x = 15.000000, y = 146.000000
avance = -127.000000, avanceR = 2.000000, avanceI = 2.000000
inc_x_r = 0.000000, inc_y_r = 1.000000, inc_x_i = 1.000000, inc_y_i = 1.000000
En el else......

----------------------------------------
x = 15.000000, y = 147.000000
avance = -125.000000, avanceR = 2.000000, avanceI = 2.000000
inc_x_r = 0.000000, inc_y_r = 1.000000, inc_x_i = 1.000000, inc_y_i = 1.000000
En el else......

----------------------------------------
x = 15.000000, y = 148.000000
avance = -123.000000, avanceR = 2.000000, avanceI = 2.000000
inc_x_r = 0.000000, inc_y_r = 1.000000, inc_x_i = 1.000000, inc_y_i = 1.000000
En el else......

----------------------------------------
x = 15.000000, y = 149.000000
avance = -121.000000, avanceR = 2.000000, avanceI = 2.000000
inc_x_r = 0.000000, inc_y_r = 1.000000, inc_x_i = 1.000000, inc_y_i = 1.000000
En el else......

----------------------------------------
x = 15.000000, y = 150.000000
avance = -119.000000, avanceR = 2.000000, avanceI = 2.000000
inc_x_r = 0.000000, inc_y_r = 1.000000, inc_x_i = 1.000000, inc_y_i = 1.000000
En el else......

----------------------------------------
x = 15.000000, y = 151.000000
avance = -117.000000, avanceR = 2.000000, avanceI = 2.000000
inc_x_r = 0.000000, inc_y_r = 1.000000, inc_x_i = 1.000000, inc_y_i = 1.000000
En el else......

----------------------------------------
x = 15.000000, y = 152.000000
avance = -115.000000, avanceR = 2.000000, avanceI = 2.000000
inc_x_r = 0.000000, inc_y_r = 1.000000, inc_x_i = 1.000000, inc_y_i = 1.000000
En el else......

----------------------------------------
x = 15.000000, y = 153.000000
avance = -113.000000, avanceR = 2.000000, avanceI = 2.000000
inc_x_r = 0.000000, inc_y_r = 1.000000, inc_x_i = 1.000000, inc_y_i = 1.000000
En el else......

----------------------------------------
x = 15.000000, y = 154.000000
avance = -111.000000, avanceR = 2.000000, avanceI = 2.000000
inc_x_r = 0.000000, inc_y_r = 1.000000, inc_x_i = 1.000000, inc_y_i = 1.000000
En el else......

----------------------------------------
x = 15.000000, y = 155.000000
avance = -109.000000, avanceR = 2.000000, avanceI = 2.000000
inc_x_r = 0.000000, inc_y_r = 1.000000, inc_x_i = 1.000000, inc_y_i = 1.000000
En el else......

----------------------------------------
x = 15.000000, y = 156.000000
avance = -107.000000, avanceR = 2.000000, avanceI = 2.000000
inc_x_r = 0.000000, inc_y_r = 1.000000, inc_x_i = 1.000000, inc_y_i = 1.000000
En el else......

----------------------------------------
x = 15.000000, y = 157.000000
avance = -105.000000, avanceR = 2.000000, avanceI = 2.000000
inc_x_r = 0.000000, inc_y_r = 1.000000, inc_x_i = 1.000000, inc_y_i = 1.000000
En el else......

----------------------------------------
x = 15.000000, y = 158.000000
avance = -103.000000, avanceR = 2.000000, avanceI = 2.000000
inc_x_r = 0.000000, inc_y_r = 1.000000, inc_x_i = 1.000000, inc_y_i = 1.000000
En el else......

----------------------------------------
x = 15.000000, y = 159.000000
avance = -101.000000, avanceR = 2.000000, avanceI = 2.000000
inc_x_r = 0.000000, inc_y_r = 1.000000, inc_x_i = 1.000000, inc_y_i = 1.000000
En el else......

----------------------------------------
x = 15.000000, y = 160.000000
avance = -99.000000, avanceR = 2.000000, avanceI = 2.000000
inc_x_r = 0.000000, inc_y_r = 1.000000, inc_x_i = 1.000000, inc_y_i = 1.000000
En el else......

----------------------------------------
x = 15.000000, y = 161.000000
avance = -97.000000, avanceR = 2.000000, avanceI = 2.000000
inc_x_r = 0.000000, inc_y_r = 1.000000, inc_x_i = 1.000000, inc_y_i = 1.000000
En el else......

----------------------------------------
x = 15.000000, y = 162.000000
avance = -95.000000, avanceR = 2.000000, avanceI = 2.000000
inc_x_r = 0.000000, inc_y_r = 1.000000, inc_x_i = 1.000000, inc_y_i = 1.000000
En el else......

----------------------------------------
x = 15.000000, y = 163.000000
avance = -93.000000, avanceR = 2.000000, avanceI = 2.000000
inc_x_r = 0.000000, inc_y_r = 1.000000, inc_x_i = 1.000000, inc_y_i = 1.000000
En el else......

----------------------------------------
x = 15.000000, y = 164.000000
avance = -91.000000, avanceR = 2.000000, avanceI = 2.000000
inc_x_r = 0.000000, inc_y_r = 1.000000, inc_x_i = 1.000000, inc_y_i = 1.000000
En el else......

----------------------------------------
x = 15.000000, y = 165.000000
avance = -89.000000, avanceR = 2.000000, avanceI = 2.000000
inc_x_r = 0.000000, inc_y_r = 1.000000, inc_x_i = 1.000000, inc_y_i = 1.000000
En el else......

----------------------------------------
x = 15.000000, y = 166.000000
avance = -87.000000, avanceR = 2.000000, avanceI = 2.000000
inc_x_r = 0.000000, inc_y_r = 1.000000, inc_x_i = 1.000000, inc_y_i = 1.000000
En el else......

----------------------------------------
x = 15.000000, y = 167.000000
avance = -85.000000, avanceR = 2.000000, avanceI = 2.000000
inc_x_r = 0.000000, inc_y_r = 1.000000, inc_x_i = 1.000000, inc_y_i = 1.000000
En el else......

----------------------------------------
x = 15.000000, y = 168.000000
avance = -83.000000, avanceR = 2.000000, avanceI = 2.000000
inc_x_r = 0.000000, inc_y_r = 1.000000, inc_x_i = 1.000000, inc_y_i = 1.000000
En el else......

----------------------------------------
x = 15.000000, y = 169.000000
avance = -81.000000, avanceR = 2.000000, avanceI = 2.000000
inc_x_r = 0.000000, inc_y_r = 1.000000, inc_x_i = 1.000000, inc_y_i = 1.000000
En el else......

----------------------------------------
x = 15.000000, y = 170.000000
avance = -79.000000, avanceR = 2.000000, avanceI = 2.000000
inc_x_r = 0.000000, inc_y_r = 1.000000, inc_x_i = 1.000000, inc_y_i = 1.000000
En el else......

----------------------------------------
x = 15.000000, y = 171.000000
avance = -77.000000, avanceR = 2.000000, avanceI = 2.000000
inc_x_r = 0.000000, inc_y_r = 1.000000, inc_x_i = 1.000000, inc_y_i = 1.000000
En el else......

----------------------------------------
x = 15.000000, y = 172.000000
avance = -75.000000, avanceR = 2.000000, avanceI = 2.000000
inc_x_r = 0.000000, inc_y_r = 1.000000, inc_x_i = 1.000000, inc_y_i = 1.000000
En el else......

----------------------------------------
x = 15.000000, y = 173.000000
avance = -73.000000, avanceR = 2.000000, avanceI = 2.000000
inc_x_r = 0.000000, inc_y_r = 1.000000, inc_x_i = 1.000000, inc_y_i = 1.000000
En el else......

----------------------------------------
x = 15.000000, y = 174.000000
avance = -71.000000, avanceR = 2.000000, avanceI = 2.000000
inc_x_r = 0.000000, inc_y_r = 1.000000, inc_x_i = 1.000000, inc_y_i = 1.000000
En el else......

----------------------------------------
x = 15.000000, y = 175.000000
avance = -69.000000, avanceR = 2.000000, avanceI = 2.000000
inc_x_r = 0.000000, inc_y_r = 1.000000, inc_x_i = 1.000000, inc_y_i = 1.000000
En el else......

----------------------------------------
x = 15.000000, y = 176.000000
avance = -67.000000, avanceR = 2.000000, avanceI = 2.000000
inc_x_r = 0.000000, inc_y_r = 1.000000, inc_x_i = 1.000000, inc_y_i = 1.000000
En el else......

----------------------------------------
x = 15.000000, y = 177.000000
avance = -65.000000, avanceR = 2.000000, avanceI = 2.000000
inc_x_r = 0.000000, inc_y_r = 1.000000, inc_x_i = 1.000000, inc_y_i = 1.000000
En el else......

----------------------------------------
x = 15.000000, y = 178.000000
avance = -63.000000, avanceR = 2.000000, avanceI = 2.000000
inc_x_r = 0.000000, inc_y_r = 1.000000, inc_x_i = 1.000000, inc_y_i = 1.000000
En el else......

----------------------------------------
x = 15.000000, y = 179.000000
avance = -61.000000, avanceR = 2.000000, avanceI = 2.000000
inc_x_r = 0.000000, inc_y_r = 1.000000, inc_x_i = 1.000000, inc_y_i = 1.000000
En el else......

----------------------------------------
x = 15.000000, y = 180.000000
avance = -59.000000, avanceR = 2.000000, avanceI = 2.000000
inc_x_r = 0.000000, inc_y_r = 1.000000, inc_x_i = 1.000000, inc_y_i = 1.000000
En el else......

----------------------------------------
x = 15.000000, y = 181.000000
avance = -57.000000, avanceR = 2.000000, avanceI = 2.000000
inc_x_r = 0.000000, inc_y_r = 1.000000, inc_x_i = 1.000000, inc_y_i = 1.000000
En el else......

----------------------------------------
x = 15.000000, y = 182.000000
avance = -55.000000, avanceR = 2.000000, avanceI = 2.000000
inc_x_r = 0.000000, inc_y_r = 1.000000, inc_x_i = 1.000000, inc_y_i = 1.000000
En el else......

----------------------------------------
x = 15.000000, y = 183.000000
avance = -53.000000, avanceR = 2.000000, avanceI = 2.000000
inc_x_r = 0.000000, inc_y_r = 1.000000, inc_x_i = 1.000000, inc_y_i = 1.000000
En el else......

----------------------------------------
x = 15.000000, y = 184.000000
avance = -51.000000, avanceR = 2.000000, avanceI = 2.000000
inc_x_r = 0.000000, inc_y_r = 1.000000, inc_x_i = 1.000000, inc_y_i = 1.000000
En el else......

----------------------------------------
x = 15.000000, y = 185.000000
avance = -49.000000, avanceR = 2.000000, avanceI = 2.000000
inc_x_r = 0.000000, inc_y_r = 1.000000, inc_x_i = 1.000000, inc_y_i = 1.000000
En el else......

----------------------------------------
x = 15.000000, y = 186.000000
avance = -47.000000, avanceR = 2.000000, avanceI = 2.000000
inc_x_r = 0.000000, inc_y_r = 1.000000, inc_x_i = 1.000000, inc_y_i = 1.000000
En el else......

----------------------------------------
x = 15.000000, y = 187.000000
avance = -45.000000, avanceR = 2.000000, avanceI = 2.000000
inc_x_r = 0.000000, inc_y_r = 1.000000, inc_x_i = 1.000000, inc_y_i = 1.000000
En el else......

----------------------------------------
x = 15.000000, y = 188.000000
avance = -43.000000, avanceR = 2.000000, avanceI = 2.000000
inc_x_r = 0.000000, inc_y_r = 1.000000, inc_x_i = 1.000000, inc_y_i = 1.000000
En el else......

----------------------------------------
x = 15.000000, y = 189.000000
avance = -41.000000, avanceR = 2.000000, avanceI = 2.000000
inc_x_r = 0.000000, inc_y_r = 1.000000, inc_x_i = 1.000000, inc_y_i = 1.000000
En el else......

----------------------------------------
x = 15.000000, y = 190.000000
avance = -39.000000, avanceR = 2.000000, avanceI = 2.000000
inc_x_r = 0.000000, inc_y_r = 1.000000, inc_x_i = 1.000000, inc_y_i = 1.000000
En el else......

----------------------------------------
x = 15.000000, y = 191.000000
avance = -37.000000, avanceR = 2.000000, avanceI = 2.000000
inc_x_r = 0.000000, inc_y_r = 1.000000, inc_x_i = 1.000000, inc_y_i = 1.000000
En el else......

----------------------------------------
x = 15.000000, y = 192.000000
avance = -35.000000, avanceR = 2.000000, avanceI = 2.000000
inc_x_r = 0.000000, inc_y_r = 1.000000, inc_x_i = 1.000000, inc_y_i = 1.000000
En el else......

----------------------------------------
x = 15.000000, y = 193.000000
avance = -33.000000, avanceR = 2.000000, avanceI = 2.000000
inc_x_r = 0.000000, inc_y_r = 1.000000, inc_x_i = 1.000000, inc_y_i = 1.000000
En el else......

----------------------------------------
x = 15.000000, y = 194.000000
avance = -31.000000, avanceR = 2.000000, avanceI = 2.000000
inc_x_r = 0.000000, inc_y_r = 1.000000, inc_x_i = 1.000000, inc_y_i = 1.000000
En el else......

----------------------------------------
x = 15.000000, y = 195.000000
avance = -29.000000, avanceR = 2.000000, avanceI = 2.000000
inc_x_r = 0.000000, inc_y_r = 1.000000, inc_x_i = 1.000000, inc_y_i = 1.000000
En el else......

----------------------------------------
x = 15.000000, y = 196.000000
avance = -27.000000, avanceR = 2.000000, avanceI = 2.000000
inc_x_r = 0.000000, inc_y_r = 1.000000, inc_x_i = 1.000000, inc_y_i = 1.000000
En el else......

----------------------------------------
x = 15.000000, y = 197.000000
avance = -25.000000, avanceR = 2.000000, avanceI = 2.000000
inc_x_r = 0.000000, inc_y_r = 1.000000, inc_x_i = 1.000000, inc_y_i = 1.000000
En el else......

----------------------------------------
x = 15.000000, y = 198.000000
avance = -23.000000, avanceR = 2.000000, avanceI = 2.000000
inc_x_r = 0.000000, inc_y_r = 1.000000, inc_x_i = 1.000000, inc_y_i = 1.000000
En el else......

----------------------------------------
x = 15.000000, y = 199.000000
avance = -21.000000, avanceR = 2.000000, avanceI = 2.000000
inc_x_r = 0.000000, inc_y_r = 1.000000, inc_x_i = 1.000000, inc_y_i = 1.000000
En el else......

----------------------------------------
x = 15.000000, y = 200.000000
avance = -19.000000, avanceR = 2.000000, avanceI = 2.000000
inc_x_r = 0.000000, inc_y_r = 1.000000, inc_x_i = 1.000000, inc_y_i = 1.000000
En el else......

----------------------------------------
x = 15.000000, y = 201.000000
avance = -17.000000, avanceR = 2.000000, avanceI = 2.000000
inc_x_r = 0.000000, inc_y_r = 1.000000, inc_x_i = 1.000000, inc_y_i = 1.000000
En el else......

----------------------------------------
x = 15.000000, y = 202.000000
avance = -15.000000, avanceR = 2.000000, avanceI = 2.000000
inc_x_r = 0.000000, inc_y_r = 1.000000, inc_x_i = 1.000000, inc_y_i = 1.000000
En el else......

----------------------------------------
x = 15.000000, y = 203.000000
avance = -13.000000, avanceR = 2.000000, avanceI = 2.000000
inc_x_r = 0.000000, inc_y_r = 1.000000, inc_x_i = 1.000000, inc_y_i = 1.000000
En el else......

----------------------------------------
x = 15.000000, y = 204.000000
avance = -11.000000, avanceR = 2.000000, avanceI = 2.000000
inc_x_r = 0.000000, inc_y_r = 1.000000, inc_x_i = 1.000000, inc_y_i = 1.000000
En el else......

----------------------------------------
x = 15.000000, y = 205.000000
avance = -9.000000, avanceR = 2.000000, avanceI = 2.000000
inc_x_r = 0.000000, inc_y_r = 1.000000, inc_x_i = 1.000000, inc_y_i = 1.000000
En el else......

----------------------------------------
x = 15.000000, y = 206.000000
avance = -7.000000, avanceR = 2.000000, avanceI = 2.000000
inc_x_r = 0.000000, inc_y_r = 1.000000, inc_x_i = 1.000000, inc_y_i = 1.000000
En el else......

----------------------------------------
x = 15.000000, y = 207.000000
avance = -5.000000, avanceR = 2.000000, avanceI = 2.000000
inc_x_r = 0.000000, inc_y_r = 1.000000, inc_x_i = 1.000000, inc_y_i = 1.000000
En el else......

----------------------------------------
x = 15.000000, y = 208.000000
avance = -3.000000, avanceR = 2.000000, avanceI = 2.000000
inc_x_r = 0.000000, inc_y_r = 1.000000, inc_x_i = 1.000000, inc_y_i = 1.000000
En el else......

----------------------------------------
x = 15.000000, y = 209.000000
avance = -1.000000, avanceR = 2.000000, avanceI = 2.000000
inc_x_r = 0.000000, inc_y_r = 1.000000, inc_x_i = 1.000000, inc_y_i = 1.000000
En el else......

----------------------------------------
x = 15.000000, y = 210.000000
avance = 1.000000, avanceR = 2.000000, avanceI = 2.000000
inc_x_r = 0.000000, inc_y_r = 1.000000, inc_x_i = 1.000000, inc_y_i = 1.000000
avance >= 0

----------------------------------------
x = 16.000000, y = 211.000000
avance = -499.000000, avanceR = 2.000000, avanceI = 2.000000
inc_x_r = 0.000000, inc_y_r = 1.000000, inc_x_i = 1.000000, inc_y_i = 1.000000
En el else......

----------------------------------------
x = 16.000000, y = 212.000000
avance = -497.000000, avanceR = 2.000000, avanceI = 2.000000
inc_x_r = 0.000000, inc_y_r = 1.000000, inc_x_i = 1.000000, inc_y_i = 1.000000
En el else......

----------------------------------------
x = 16.000000, y = 213.000000
avance = -495.000000, avanceR = 2.000000, avanceI = 2.000000
inc_x_r = 0.000000, inc_y_r = 1.000000, inc_x_i = 1.000000, inc_y_i = 1.000000
En el else......

----------------------------------------
x = 16.000000, y = 214.000000
avance = -493.000000, avanceR = 2.000000, avanceI = 2.000000
inc_x_r = 0.000000, inc_y_r = 1.000000, inc_x_i = 1.000000, inc_y_i = 1.000000
En el else......

----------------------------------------
x = 16.000000, y = 215.000000
avance = -491.000000, avanceR = 2.000000, avanceI = 2.000000
inc_x_r = 0.000000, inc_y_r = 1.000000, inc_x_i = 1.000000, inc_y_i = 1.000000
En el else......

----------------------------------------
x = 16.000000, y = 216.000000
avance = -489.000000, avanceR = 2.000000, avanceI = 2.000000
inc_x_r = 0.000000, inc_y_r = 1.000000, inc_x_i = 1.000000, inc_y_i = 1.000000
En el else......

----------------------------------------
x = 16.000000, y = 217.000000
avance = -487.000000, avanceR = 2.000000, avanceI = 2.000000
inc_x_r = 0.000000, inc_y_r = 1.000000, inc_x_i = 1.000000, inc_y_i = 1.000000
En el else......

----------------------------------------
x = 16.000000, y = 218.000000
avance = -485.000000, avanceR = 2.000000, avanceI = 2.000000
inc_x_r = 0.000000, inc_y_r = 1.000000, inc_x_i = 1.000000, inc_y_i = 1.000000
En el else......

----------------------------------------
x = 16.000000, y = 219.000000
avance = -483.000000, avanceR = 2.000000, avanceI = 2.000000
inc_x_r = 0.000000, inc_y_r = 1.000000, inc_x_i = 1.000000, inc_y_i = 1.000000
En el else......

----------------------------------------
x = 16.000000, y = 220.000000
avance = -481.000000, avanceR = 2.000000, avanceI = 2.000000
inc_x_r = 0.000000, inc_y_r = 1.000000, inc_x_i = 1.000000, inc_y_i = 1.000000
En el else......

----------------------------------------
x = 16.000000, y = 221.000000
avance = -479.000000, avanceR = 2.000000, avanceI = 2.000000
inc_x_r = 0.000000, inc_y_r = 1.000000, inc_x_i = 1.000000, inc_y_i = 1.000000
En el else......

----------------------------------------
x = 16.000000, y = 222.000000
avance = -477.000000, avanceR = 2.000000, avanceI = 2.000000
inc_x_r = 0.000000, inc_y_r = 1.000000, inc_x_i = 1.000000, inc_y_i = 1.000000
En el else......

----------------------------------------
x = 16.000000, y = 223.000000
avance = -475.000000, avanceR = 2.000000, avanceI = 2.000000
inc_x_r = 0.000000, inc_y_r = 1.000000, inc_x_i = 1.000000, inc_y_i = 1.000000
En el else......

----------------------------------------
x = 16.000000, y = 224.000000
avance = -473.000000, avanceR = 2.000000, avanceI = 2.000000
inc_x_r = 0.000000, inc_y_r = 1.000000, inc_x_i = 1.000000, inc_y_i = 1.000000
En el else......

----------------------------------------
x = 16.000000, y = 225.000000
avance = -471.000000, avanceR = 2.000000, avanceI = 2.000000
inc_x_r = 0.000000, inc_y_r = 1.000000, inc_x_i = 1.000000, inc_y_i = 1.000000
En el else......

----------------------------------------
x = 16.000000, y = 226.000000
avance = -469.000000, avanceR = 2.000000, avanceI = 2.000000
inc_x_r = 0.000000, inc_y_r = 1.000000, inc_x_i = 1.000000, inc_y_i = 1.000000
En el else......

----------------------------------------
x = 16.000000, y = 227.000000
avance = -467.000000, avanceR = 2.000000, avanceI = 2.000000
inc_x_r = 0.000000, inc_y_r = 1.000000, inc_x_i = 1.000000, inc_y_i = 1.000000
En el else......

----------------------------------------
x = 16.000000, y = 228.000000
avance = -465.000000, avanceR = 2.000000, avanceI = 2.000000
inc_x_r = 0.000000, inc_y_r = 1.000000, inc_x_i = 1.000000, inc_y_i = 1.000000
En el else......

----------------------------------------
x = 16.000000, y = 229.000000
avance = -463.000000, avanceR = 2.000000, avanceI = 2.000000
inc_x_r = 0.000000, inc_y_r = 1.000000, inc_x_i = 1.000000, inc_y_i = 1.000000
En el else......

----------------------------------------
x = 16.000000, y = 230.000000
avance = -461.000000, avanceR = 2.000000, avanceI = 2.000000
inc_x_r = 0.000000, inc_y_r = 1.000000, inc_x_i = 1.000000, inc_y_i = 1.000000
En el else......

----------------------------------------
x = 16.000000, y = 231.000000
avance = -459.000000, avanceR = 2.000000, avanceI = 2.000000
inc_x_r = 0.000000, inc_y_r = 1.000000, inc_x_i = 1.000000, inc_y_i = 1.000000
En el else......

----------------------------------------
x = 16.000000, y = 232.000000
avance = -457.000000, avanceR = 2.000000, avanceI = 2.000000
inc_x_r = 0.000000, inc_y_r = 1.000000, inc_x_i = 1.000000, inc_y_i = 1.000000
En el else......

----------------------------------------
x = 16.000000, y = 233.000000
avance = -455.000000, avanceR = 2.000000, avanceI = 2.000000
inc_x_r = 0.000000, inc_y_r = 1.000000, inc_x_i = 1.000000, inc_y_i = 1.000000
En el else......

----------------------------------------
x = 16.000000, y = 234.000000
avance = -453.000000, avanceR = 2.000000, avanceI = 2.000000
inc_x_r = 0.000000, inc_y_r = 1.000000, inc_x_i = 1.000000, inc_y_i = 1.000000
En el else......

----------------------------------------
x = 16.000000, y = 235.000000
avance = -451.000000, avanceR = 2.000000, avanceI = 2.000000
inc_x_r = 0.000000, inc_y_r = 1.000000, inc_x_i = 1.000000, inc_y_i = 1.000000
En el else......

----------------------------------------
x = 16.000000, y = 236.000000
avance = -449.000000, avanceR = 2.000000, avanceI = 2.000000
inc_x_r = 0.000000, inc_y_r = 1.000000, inc_x_i = 1.000000, inc_y_i = 1.000000
En el else......

----------------------------------------
x = 16.000000, y = 237.000000
avance = -447.000000, avanceR = 2.000000, avanceI = 2.000000
inc_x_r = 0.000000, inc_y_r = 1.000000, inc_x_i = 1.000000, inc_y_i = 1.000000
En el else......

----------------------------------------
x = 16.000000, y = 238.000000
avance = -445.000000, avanceR = 2.000000, avanceI = 2.000000
inc_x_r = 0.000000, inc_y_r = 1.000000, inc_x_i = 1.000000, inc_y_i = 1.000000
En el else......

----------------------------------------
x = 16.000000, y = 239.000000
avance = -443.000000, avanceR = 2.000000, avanceI = 2.000000
inc_x_r = 0.000000, inc_y_r = 1.000000, inc_x_i = 1.000000, inc_y_i = 1.000000
En el else......

----------------------------------------
x = 16.000000, y = 240.000000
avance = -441.000000, avanceR = 2.000000, avanceI = 2.000000
inc_x_r = 0.000000, inc_y_r = 1.000000, inc_x_i = 1.000000, inc_y_i = 1.000000
En el else......

----------------------------------------
x = 16.000000, y = 241.000000
avance = -439.000000, avanceR = 2.000000, avanceI = 2.000000
inc_x_r = 0.000000, inc_y_r = 1.000000, inc_x_i = 1.000000, inc_y_i = 1.000000
En el else......

----------------------------------------
x = 16.000000, y = 242.000000
avance = -437.000000, avanceR = 2.000000, avanceI = 2.000000
inc_x_r = 0.000000, inc_y_r = 1.000000, inc_x_i = 1.000000, inc_y_i = 1.000000
En el else......

----------------------------------------
x = 16.000000, y = 243.000000
avance = -435.000000, avanceR = 2.000000, avanceI = 2.000000
inc_x_r = 0.000000, inc_y_r = 1.000000, inc_x_i = 1.000000, inc_y_i = 1.000000
En el else......

----------------------------------------
x = 16.000000, y = 244.000000
avance = -433.000000, avanceR = 2.000000, avanceI = 2.000000
inc_x_r = 0.000000, inc_y_r = 1.000000, inc_x_i = 1.000000, inc_y_i = 1.000000
En el else......

----------------------------------------
x = 16.000000, y = 245.000000
avance = -431.000000, avanceR = 2.000000, avanceI = 2.000000
inc_x_r = 0.000000, inc_y_r = 1.000000, inc_x_i = 1.000000, inc_y_i = 1.000000
En el else......

----------------------------------------
x = 16.000000, y = 246.000000
avance = -429.000000, avanceR = 2.000000, avanceI = 2.000000
inc_x_r = 0.000000, inc_y_r = 1.000000, inc_x_i = 1.000000, inc_y_i = 1.000000
En el else......

----------------------------------------
x = 16.000000, y = 247.000000
avance = -427.000000, avanceR = 2.000000, avanceI = 2.000000
inc_x_r = 0.000000, inc_y_r = 1.000000, inc_x_i = 1.000000, inc_y_i = 1.000000
En el else......

----------------------------------------
x = 16.000000, y = 248.000000
avance = -425.000000, avanceR = 2.000000, avanceI = 2.000000
inc_x_r = 0.000000, inc_y_r = 1.000000, inc_x_i = 1.000000, inc_y_i = 1.000000
En el else......

----------------------------------------
x = 16.000000, y = 249.000000
avance = -423.000000, avanceR = 2.000000, avanceI = 2.000000
inc_x_r = 0.000000, inc_y_r = 1.000000, inc_x_i = 1.000000, inc_y_i = 1.000000
En el else......

----------------------------------------
x = 16.000000, y = 250.000000
avance = -421.000000, avanceR = 2.000000, avanceI = 2.000000
inc_x_r = 0.000000, inc_y_r = 1.000000, inc_x_i = 1.000000, inc_y_i = 1.000000
En el else......

----------------------------------------
x = 16.000000, y = 251.000000
avance = -419.000000, avanceR = 2.000000, avanceI = 2.000000
inc_x_r = 0.000000, inc_y_r = 1.000000, inc_x_i = 1.000000, inc_y_i = 1.000000
En el else......

----------------------------------------
x = 16.000000, y = 252.000000
avance = -417.000000, avanceR = 2.000000, avanceI = 2.000000
inc_x_r = 0.000000, inc_y_r = 1.000000, inc_x_i = 1.000000, inc_y_i = 1.000000
En el else......

----------------------------------------
x = 16.000000, y = 253.000000
avance = -415.000000, avanceR = 2.000000, avanceI = 2.000000
inc_x_r = 0.000000, inc_y_r = 1.000000, inc_x_i = 1.000000, inc_y_i = 1.000000
En el else......

----------------------------------------
x = 16.000000, y = 254.000000
avance = -413.000000, avanceR = 2.000000, avanceI = 2.000000
inc_x_r = 0.000000, inc_y_r = 1.000000, inc_x_i = 1.000000, inc_y_i = 1.000000
En el else......

----------------------------------------
x = 16.000000, y = 255.000000
avance = -411.000000, avanceR = 2.000000, avanceI = 2.000000
inc_x_r = 0.000000, inc_y_r = 1.000000, inc_x_i = 1.000000, inc_y_i = 1.000000
En el else......

----------------------------------------
x = 16.000000, y = 256.000000
avance = -409.000000, avanceR = 2.000000, avanceI = 2.000000
inc_x_r = 0.000000, inc_y_r = 1.000000, inc_x_i = 1.000000, inc_y_i = 1.000000
En el else......

----------------------------------------
x = 16.000000, y = 257.000000
avance = -407.000000, avanceR = 2.000000, avanceI = 2.000000
inc_x_r = 0.000000, inc_y_r = 1.000000, inc_x_i = 1.000000, inc_y_i = 1.000000
En el else......

----------------------------------------
x = 16.000000, y = 258.000000
avance = -405.000000, avanceR = 2.000000, avanceI = 2.000000
inc_x_r = 0.000000, inc_y_r = 1.000000, inc_x_i = 1.000000, inc_y_i = 1.000000
En el else......

----------------------------------------
x = 16.000000, y = 259.000000
avance = -403.000000, avanceR = 2.000000, avanceI = 2.000000
inc_x_r = 0.000000, inc_y_r = 1.000000, inc_x_i = 1.000000, inc_y_i = 1.000000
En el else......

----------------------------------------
x = 16.000000, y = 260.000000
avance = -401.000000, avanceR = 2.000000, avanceI = 2.000000
inc_x_r = 0.000000, inc_y_r = 1.000000, inc_x_i = 1.000000, inc_y_i = 1.000000
En el else......

----------------------------------------
x = 16.000000, y = 261.000000
avance = -399.000000, avanceR = 2.000000, avanceI = 2.000000
inc_x_r = 0.000000, inc_y_r = 1.000000, inc_x_i = 1.000000, inc_y_i = 1.000000
En el else......

----------------------------------------
x = 16.000000, y = 262.000000
avance = -397.000000, avanceR = 2.000000, avanceI = 2.000000
inc_x_r = 0.000000, inc_y_r = 1.000000, inc_x_i = 1.000000, inc_y_i = 1.000000
En el else......

----------------------------------------
x = 16.000000, y = 263.000000
avance = -395.000000, avanceR = 2.000000, avanceI = 2.000000
inc_x_r = 0.000000, inc_y_r = 1.000000, inc_x_i = 1.000000, inc_y_i = 1.000000
En el else......

----------------------------------------
x = 16.000000, y = 264.000000
avance = -393.000000, avanceR = 2.000000, avanceI = 2.000000
inc_x_r = 0.000000, inc_y_r = 1.000000, inc_x_i = 1.000000, inc_y_i = 1.000000
En el else......

----------------------------------------
x = 16.000000, y = 265.000000
avance = -391.000000, avanceR = 2.000000, avanceI = 2.000000
inc_x_r = 0.000000, inc_y_r = 1.000000, inc_x_i = 1.000000, inc_y_i = 1.000000
En el else......

----------------------------------------
x = 16.000000, y = 266.000000
avance = -389.000000, avanceR = 2.000000, avanceI = 2.000000
inc_x_r = 0.000000, inc_y_r = 1.000000, inc_x_i = 1.000000, inc_y_i = 1.000000
En el else......

----------------------------------------
x = 16.000000, y = 267.000000
avance = -387.000000, avanceR = 2.000000, avanceI = 2.000000
inc_x_r = 0.000000, inc_y_r = 1.000000, inc_x_i = 1.000000, inc_y_i = 1.000000
En el else......

----------------------------------------
x = 16.000000, y = 268.000000
avance = -385.000000, avanceR = 2.000000, avanceI = 2.000000
inc_x_r = 0.000000, inc_y_r = 1.000000, inc_x_i = 1.000000, inc_y_i = 1.000000
En el else......

----------------------------------------
x = 16.000000, y = 269.000000
avance = -383.000000, avanceR = 2.000000, avanceI = 2.000000
inc_x_r = 0.000000, inc_y_r = 1.000000, inc_x_i = 1.000000, inc_y_i = 1.000000
En el else......

----------------------------------------
x = 16.000000, y = 270.000000
avance = -381.000000, avanceR = 2.000000, avanceI = 2.000000
inc_x_r = 0.000000, inc_y_r = 1.000000, inc_x_i = 1.000000, inc_y_i = 1.000000
En el else......

----------------------------------------
x = 16.000000, y = 271.000000
avance = -379.000000, avanceR = 2.000000, avanceI = 2.000000
inc_x_r = 0.000000, inc_y_r = 1.000000, inc_x_i = 1.000000, inc_y_i = 1.000000
En el else......

----------------------------------------
x = 16.000000, y = 272.000000
avance = -377.000000, avanceR = 2.000000, avanceI = 2.000000
inc_x_r = 0.000000, inc_y_r = 1.000000, inc_x_i = 1.000000, inc_y_i = 1.000000
En el else......

----------------------------------------
x = 16.000000, y = 273.000000
avance = -375.000000, avanceR = 2.000000, avanceI = 2.000000
inc_x_r = 0.000000, inc_y_r = 1.000000, inc_x_i = 1.000000, inc_y_i = 1.000000
En el else......

----------------------------------------
x = 16.000000, y = 274.000000
avance = -373.000000, avanceR = 2.000000, avanceI = 2.000000
inc_x_r = 0.000000, inc_y_r = 1.000000, inc_x_i = 1.000000, inc_y_i = 1.000000
En el else......

----------------------------------------
x = 16.000000, y = 275.000000
avance = -371.000000, avanceR = 2.000000, avanceI = 2.000000
inc_x_r = 0.000000, inc_y_r = 1.000000, inc_x_i = 1.000000, inc_y_i = 1.000000
En el else......

----------------------------------------
x = 16.000000, y = 276.000000
avance = -369.000000, avanceR = 2.000000, avanceI = 2.000000
inc_x_r = 0.000000, inc_y_r = 1.000000, inc_x_i = 1.000000, inc_y_i = 1.000000
En el else......

----------------------------------------
x = 16.000000, y = 277.000000
avance = -367.000000, avanceR = 2.000000, avanceI = 2.000000
inc_x_r = 0.000000, inc_y_r = 1.000000, inc_x_i = 1.000000, inc_y_i = 1.000000
En el else......

----------------------------------------
x = 16.000000, y = 278.000000
avance = -365.000000, avanceR = 2.000000, avanceI = 2.000000
inc_x_r = 0.000000, inc_y_r = 1.000000, inc_x_i = 1.000000, inc_y_i = 1.000000
En el else......

----------------------------------------
x = 16.000000, y = 279.000000
avance = -363.000000, avanceR = 2.000000, avanceI = 2.000000
inc_x_r = 0.000000, inc_y_r = 1.000000, inc_x_i = 1.000000, inc_y_i = 1.000000
En el else......

----------------------------------------
x = 16.000000, y = 280.000000
avance = -361.000000, avanceR = 2.000000, avanceI = 2.000000
inc_x_r = 0.000000, inc_y_r = 1.000000, inc_x_i = 1.000000, inc_y_i = 1.000000
En el else......

----------------------------------------
x = 16.000000, y = 281.000000
avance = -359.000000, avanceR = 2.000000, avanceI = 2.000000
inc_x_r = 0.000000, inc_y_r = 1.000000, inc_x_i = 1.000000, inc_y_i = 1.000000
En el else......

----------------------------------------
x = 16.000000, y = 282.000000
avance = -357.000000, avanceR = 2.000000, avanceI = 2.000000
inc_x_r = 0.000000, inc_y_r = 1.000000, inc_x_i = 1.000000, inc_y_i = 1.000000
En el else......

----------------------------------------
x = 16.000000, y = 283.000000
avance = -355.000000, avanceR = 2.000000, avanceI = 2.000000
inc_x_r = 0.000000, inc_y_r = 1.000000, inc_x_i = 1.000000, inc_y_i = 1.000000
En el else......

----------------------------------------
x = 16.000000, y = 284.000000
avance = -353.000000, avanceR = 2.000000, avanceI = 2.000000
inc_x_r = 0.000000, inc_y_r = 1.000000, inc_x_i = 1.000000, inc_y_i = 1.000000
En el else......

----------------------------------------
x = 16.000000, y = 285.000000
avance = -351.000000, avanceR = 2.000000, avanceI = 2.000000
inc_x_r = 0.000000, inc_y_r = 1.000000, inc_x_i = 1.000000, inc_y_i = 1.000000
En el else......

----------------------------------------
x = 16.000000, y = 286.000000
avance = -349.000000, avanceR = 2.000000, avanceI = 2.000000
inc_x_r = 0.000000, inc_y_r = 1.000000, inc_x_i = 1.000000, inc_y_i = 1.000000
En el else......

----------------------------------------
x = 16.000000, y = 287.000000
avance = -347.000000, avanceR = 2.000000, avanceI = 2.000000
inc_x_r = 0.000000, inc_y_r = 1.000000, inc_x_i = 1.000000, inc_y_i = 1.000000
En el else......

----------------------------------------
x = 16.000000, y = 288.000000
avance = -345.000000, avanceR = 2.000000, avanceI = 2.000000
inc_x_r = 0.000000, inc_y_r = 1.000000, inc_x_i = 1.000000, inc_y_i = 1.000000
En el else......

----------------------------------------
x = 16.000000, y = 289.000000
avance = -343.000000, avanceR = 2.000000, avanceI = 2.000000
inc_x_r = 0.000000, inc_y_r = 1.000000, inc_x_i = 1.000000, inc_y_i = 1.000000
En el else......

----------------------------------------
x = 16.000000, y = 290.000000
avance = -341.000000, avanceR = 2.000000, avanceI = 2.000000
inc_x_r = 0.000000, inc_y_r = 1.000000, inc_x_i = 1.000000, inc_y_i = 1.000000
En el else......

----------------------------------------
x = 16.000000, y = 291.000000
avance = -339.000000, avanceR = 2.000000, avanceI = 2.000000
inc_x_r = 0.000000, inc_y_r = 1.000000, inc_x_i = 1.000000, inc_y_i = 1.000000
En el else......

----------------------------------------
x = 16.000000, y = 292.000000
avance = -337.000000, avanceR = 2.000000, avanceI = 2.000000
inc_x_r = 0.000000, inc_y_r = 1.000000, inc_x_i = 1.000000, inc_y_i = 1.000000
En el else......

----------------------------------------
x = 16.000000, y = 293.000000
avance = -335.000000, avanceR = 2.000000, avanceI = 2.000000
inc_x_r = 0.000000, inc_y_r = 1.000000, inc_x_i = 1.000000, inc_y_i = 1.000000
En el else......

----------------------------------------
x = 16.000000, y = 294.000000
avance = -333.000000, avanceR = 2.000000, avanceI = 2.000000
inc_x_r = 0.000000, inc_y_r = 1.000000, inc_x_i = 1.000000, inc_y_i = 1.000000
En el else......

----------------------------------------
x = 16.000000, y = 295.000000
avance = -331.000000, avanceR = 2.000000, avanceI = 2.000000
inc_x_r = 0.000000, inc_y_r = 1.000000, inc_x_i = 1.000000, inc_y_i = 1.000000
En el else......

----------------------------------------
x = 16.000000, y = 296.000000
avance = -329.000000, avanceR = 2.000000, avanceI = 2.000000
inc_x_r = 0.000000, inc_y_r = 1.000000, inc_x_i = 1.000000, inc_y_i = 1.000000
En el else......

----------------------------------------
x = 16.000000, y = 297.000000
avance = -327.000000, avanceR = 2.000000, avanceI = 2.000000
inc_x_r = 0.000000, inc_y_r = 1.000000, inc_x_i = 1.000000, inc_y_i = 1.000000
En el else......

----------------------------------------
x = 16.000000, y = 298.000000
avance = -325.000000, avanceR = 2.000000, avanceI = 2.000000
inc_x_r = 0.000000, inc_y_r = 1.000000, inc_x_i = 1.000000, inc_y_i = 1.000000
En el else......

----------------------------------------
x = 16.000000, y = 299.000000
avance = -323.000000, avanceR = 2.000000, avanceI = 2.000000
inc_x_r = 0.000000, inc_y_r = 1.000000, inc_x_i = 1.000000, inc_y_i = 1.000000
En el else......

----------------------------------------
x = 16.000000, y = 300.000000
avance = -321.000000, avanceR = 2.000000, avanceI = 2.000000
inc_x_r = 0.000000, inc_y_r = 1.000000, inc_x_i = 1.000000, inc_y_i = 1.000000
En el else......

----------------------------------------
x = 16.000000, y = 301.000000
avance = -319.000000, avanceR = 2.000000, avanceI = 2.000000
inc_x_r = 0.000000, inc_y_r = 1.000000, inc_x_i = 1.000000, inc_y_i = 1.000000
En el else......

----------------------------------------
x = 16.000000, y = 302.000000
avance = -317.000000, avanceR = 2.000000, avanceI = 2.000000
inc_x_r = 0.000000, inc_y_r = 1.000000, inc_x_i = 1.000000, inc_y_i = 1.000000
En el else......

----------------------------------------
x = 16.000000, y = 303.000000
avance = -315.000000, avanceR = 2.000000, avanceI = 2.000000
inc_x_r = 0.000000, inc_y_r = 1.000000, inc_x_i = 1.000000, inc_y_i = 1.000000
En el else......

----------------------------------------
x = 16.000000, y = 304.000000
avance = -313.000000, avanceR = 2.000000, avanceI = 2.000000
inc_x_r = 0.000000, inc_y_r = 1.000000, inc_x_i = 1.000000, inc_y_i = 1.000000
En el else......

----------------------------------------
x = 16.000000, y = 305.000000
avance = -311.000000, avanceR = 2.000000, avanceI = 2.000000
inc_x_r = 0.000000, inc_y_r = 1.000000, inc_x_i = 1.000000, inc_y_i = 1.000000
En el else......

----------------------------------------
x = 16.000000, y = 306.000000
avance = -309.000000, avanceR = 2.000000, avanceI = 2.000000
inc_x_r = 0.000000, inc_y_r = 1.000000, inc_x_i = 1.000000, inc_y_i = 1.000000
En el else......

----------------------------------------
x = 16.000000, y = 307.000000
avance = -307.000000, avanceR = 2.000000, avanceI = 2.000000
inc_x_r = 0.000000, inc_y_r = 1.000000, inc_x_i = 1.000000, inc_y_i = 1.000000
En el else......

----------------------------------------
x = 16.000000, y = 308.000000
avance = -305.000000, avanceR = 2.000000, avanceI = 2.000000
inc_x_r = 0.000000, inc_y_r = 1.000000, inc_x_i = 1.000000, inc_y_i = 1.000000
En el else......

----------------------------------------
x = 16.000000, y = 309.000000
avance = -303.000000, avanceR = 2.000000, avanceI = 2.000000
inc_x_r = 0.000000, inc_y_r = 1.000000, inc_x_i = 1.000000, inc_y_i = 1.000000
En el else......

----------------------------------------
x = 16.000000, y = 310.000000
avance = -301.000000, avanceR = 2.000000, avanceI = 2.000000
inc_x_r = 0.000000, inc_y_r = 1.000000, inc_x_i = 1.000000, inc_y_i = 1.000000
En el else......

----------------------------------------
x = 16.000000, y = 311.000000
avance = -299.000000, avanceR = 2.000000, avanceI = 2.000000
inc_x_r = 0.000000, inc_y_r = 1.000000, inc_x_i = 1.000000, inc_y_i = 1.000000
En el else......

----------------------------------------
x = 16.000000, y = 312.000000
avance = -297.000000, avanceR = 2.000000, avanceI = 2.000000
inc_x_r = 0.000000, inc_y_r = 1.000000, inc_x_i = 1.000000, inc_y_i = 1.000000
En el else......

----------------------------------------
x = 16.000000, y = 313.000000
avance = -295.000000, avanceR = 2.000000, avanceI = 2.000000
inc_x_r = 0.000000, inc_y_r = 1.000000, inc_x_i = 1.000000, inc_y_i = 1.000000
En el else......

----------------------------------------
x = 16.000000, y = 314.000000
avance = -293.000000, avanceR = 2.000000, avanceI = 2.000000
inc_x_r = 0.000000, inc_y_r = 1.000000, inc_x_i = 1.000000, inc_y_i = 1.000000
En el else......

----------------------------------------
x = 16.000000, y = 315.000000
avance = -291.000000, avanceR = 2.000000, avanceI = 2.000000
inc_x_r = 0.000000, inc_y_r = 1.000000, inc_x_i = 1.000000, inc_y_i = 1.000000
En el else......

----------------------------------------
x = 16.000000, y = 316.000000
avance = -289.000000, avanceR = 2.000000, avanceI = 2.000000
inc_x_r = 0.000000, inc_y_r = 1.000000, inc_x_i = 1.000000, inc_y_i = 1.000000
En el else......

----------------------------------------
x = 16.000000, y = 317.000000
avance = -287.000000, avanceR = 2.000000, avanceI = 2.000000
inc_x_r = 0.000000, inc_y_r = 1.000000, inc_x_i = 1.000000, inc_y_i = 1.000000
En el else......

----------------------------------------
x = 16.000000, y = 318.000000
avance = -285.000000, avanceR = 2.000000, avanceI = 2.000000
inc_x_r = 0.000000, inc_y_r = 1.000000, inc_x_i = 1.000000, inc_y_i = 1.000000
En el else......

----------------------------------------
x = 16.000000, y = 319.000000
avance = -283.000000, avanceR = 2.000000, avanceI = 2.000000
inc_x_r = 0.000000, inc_y_r = 1.000000, inc_x_i = 1.000000, inc_y_i = 1.000000
En el else......

----------------------------------------
x = 16.000000, y = 320.000000
avance = -281.000000, avanceR = 2.000000, avanceI = 2.000000
inc_x_r = 0.000000, inc_y_r = 1.000000, inc_x_i = 1.000000, inc_y_i = 1.000000
En el else......

----------------------------------------
x = 16.000000, y = 321.000000
avance = -279.000000, avanceR = 2.000000, avanceI = 2.000000
inc_x_r = 0.000000, inc_y_r = 1.000000, inc_x_i = 1.000000, inc_y_i = 1.000000
En el else......

----------------------------------------
x = 16.000000, y = 322.000000
avance = -277.000000, avanceR = 2.000000, avanceI = 2.000000
inc_x_r = 0.000000, inc_y_r = 1.000000, inc_x_i = 1.000000, inc_y_i = 1.000000
En el else......

----------------------------------------
x = 16.000000, y = 323.000000
avance = -275.000000, avanceR = 2.000000, avanceI = 2.000000
inc_x_r = 0.000000, inc_y_r = 1.000000, inc_x_i = 1.000000, inc_y_i = 1.000000
En el else......

----------------------------------------
x = 16.000000, y = 324.000000
avance = -273.000000, avanceR = 2.000000, avanceI = 2.000000
inc_x_r = 0.000000, inc_y_r = 1.000000, inc_x_i = 1.000000, inc_y_i = 1.000000
En el else......

----------------------------------------
x = 16.000000, y = 325.000000
avance = -271.000000, avanceR = 2.000000, avanceI = 2.000000
inc_x_r = 0.000000, inc_y_r = 1.000000, inc_x_i = 1.000000, inc_y_i = 1.000000
En el else......

----------------------------------------
x = 16.000000, y = 326.000000
avance = -269.000000, avanceR = 2.000000, avanceI = 2.000000
inc_x_r = 0.000000, inc_y_r = 1.000000, inc_x_i = 1.000000, inc_y_i = 1.000000
En el else......

----------------------------------------
x = 16.000000, y = 327.000000
avance = -267.000000, avanceR = 2.000000, avanceI = 2.000000
inc_x_r = 0.000000, inc_y_r = 1.000000, inc_x_i = 1.000000, inc_y_i = 1.000000
En el else......

----------------------------------------
x = 16.000000, y = 328.000000
avance = -265.000000, avanceR = 2.000000, avanceI = 2.000000
inc_x_r = 0.000000, inc_y_r = 1.000000, inc_x_i = 1.000000, inc_y_i = 1.000000
En el else......

----------------------------------------
x = 16.000000, y = 329.000000
avance = -263.000000, avanceR = 2.000000, avanceI = 2.000000
inc_x_r = 0.000000, inc_y_r = 1.000000, inc_x_i = 1.000000, inc_y_i = 1.000000
En el else......

----------------------------------------
x = 16.000000, y = 330.000000
avance = -261.000000, avanceR = 2.000000, avanceI = 2.000000
inc_x_r = 0.000000, inc_y_r = 1.000000, inc_x_i = 1.000000, inc_y_i = 1.000000
En el else......

----------------------------------------
x = 16.000000, y = 331.000000
avance = -259.000000, avanceR = 2.000000, avanceI = 2.000000
inc_x_r = 0.000000, inc_y_r = 1.000000, inc_x_i = 1.000000, inc_y_i = 1.000000
En el else......

----------------------------------------
x = 16.000000, y = 332.000000
avance = -257.000000, avanceR = 2.000000, avanceI = 2.000000
inc_x_r = 0.000000, inc_y_r = 1.000000, inc_x_i = 1.000000, inc_y_i = 1.000000
En el else......

----------------------------------------
x = 16.000000, y = 333.000000
avance = -255.000000, avanceR = 2.000000, avanceI = 2.000000
inc_x_r = 0.000000, inc_y_r = 1.000000, inc_x_i = 1.000000, inc_y_i = 1.000000
En el else......

----------------------------------------
x = 16.000000, y = 334.000000
avance = -253.000000, avanceR = 2.000000, avanceI = 2.000000
inc_x_r = 0.000000, inc_y_r = 1.000000, inc_x_i = 1.000000, inc_y_i = 1.000000
En el else......

----------------------------------------
x = 16.000000, y = 335.000000
avance = -251.000000, avanceR = 2.000000, avanceI = 2.000000
inc_x_r = 0.000000, inc_y_r = 1.000000, inc_x_i = 1.000000, inc_y_i = 1.000000
En el else......

----------------------------------------


ENTRAMOS A BRESENHAMªªªª
x1 = 5.000000 - y1 = 75.000000 || x2 = 6.000000 - y2 = 326.000000
dy = 251.000000, dx = 1.000000
avances inclinados: inc_x_i = 1.000000, inc_y_i = 1.000000
updated: dy = 251.000000, dx = 1.000000
avances rectos: inc_x_r = 0.000000, inc_y_r 1.000000
reupdated: dy = 1.000000, dx = 251.000000
avanceR = 2.000000, avance -249.000000, avanceI 2.000000
----------------------------------------
x = 5.000000, y = 75.000000
avance = -249.000000, avanceR = 2.000000, avanceI = 2.000000
inc_x_r = 0.000000, inc_y_r = 1.000000, inc_x_i = 1.000000, inc_y_i = 1.000000
En el else......

----------------------------------------
x = 5.000000, y = 76.000000
avance = -247.000000, avanceR = 2.000000, avanceI = 2.000000
inc_x_r = 0.000000, inc_y_r = 1.000000, inc_x_i = 1.000000, inc_y_i = 1.000000
En el else......

----------------------------------------
x = 5.000000, y = 77.000000
avance = -245.000000, avanceR = 2.000000, avanceI = 2.000000
inc_x_r = 0.000000, inc_y_r = 1.000000, inc_x_i = 1.000000, inc_y_i = 1.000000
En el else......

----------------------------------------
x = 5.000000, y = 78.000000
avance = -243.000000, avanceR = 2.000000, avanceI = 2.000000
inc_x_r = 0.000000, inc_y_r = 1.000000, inc_x_i = 1.000000, inc_y_i = 1.000000
En el else......

----------------------------------------
x = 5.000000, y = 79.000000
avance = -241.000000, avanceR = 2.000000, avanceI = 2.000000
inc_x_r = 0.000000, inc_y_r = 1.000000, inc_x_i = 1.000000, inc_y_i = 1.000000
En el else......

----------------------------------------
x = 5.000000, y = 80.000000
avance = -239.000000, avanceR = 2.000000, avanceI = 2.000000
inc_x_r = 0.000000, inc_y_r = 1.000000, inc_x_i = 1.000000, inc_y_i = 1.000000
En el else......

----------------------------------------
x = 5.000000, y = 81.000000
avance = -237.000000, avanceR = 2.000000, avanceI = 2.000000
inc_x_r = 0.000000, inc_y_r = 1.000000, inc_x_i = 1.000000, inc_y_i = 1.000000
En el else......

----------------------------------------
x = 5.000000, y = 82.000000
avance = -235.000000, avanceR = 2.000000, avanceI = 2.000000
inc_x_r = 0.000000, inc_y_r = 1.000000, inc_x_i = 1.000000, inc_y_i = 1.000000
En el else......

----------------------------------------
x = 5.000000, y = 83.000000
avance = -233.000000, avanceR = 2.000000, avanceI = 2.000000
inc_x_r = 0.000000, inc_y_r = 1.000000, inc_x_i = 1.000000, inc_y_i = 1.000000
En el else......

----------------------------------------
x = 5.000000, y = 84.000000
avance = -231.000000, avanceR = 2.000000, avanceI = 2.000000
inc_x_r = 0.000000, inc_y_r = 1.000000, inc_x_i = 1.000000, inc_y_i = 1.000000
En el else......

----------------------------------------
x = 5.000000, y = 85.000000
avance = -229.000000, avanceR = 2.000000, avanceI = 2.000000
inc_x_r = 0.000000, inc_y_r = 1.000000, inc_x_i = 1.000000, inc_y_i = 1.000000
En el else......

----------------------------------------
x = 5.000000, y = 86.000000
avance = -227.000000, avanceR = 2.000000, avanceI = 2.000000
inc_x_r = 0.000000, inc_y_r = 1.000000, inc_x_i = 1.000000, inc_y_i = 1.000000
En el else......

----------------------------------------
x = 5.000000, y = 87.000000
avance = -225.000000, avanceR = 2.000000, avanceI = 2.000000
inc_x_r = 0.000000, inc_y_r = 1.000000, inc_x_i = 1.000000, inc_y_i = 1.000000
En el else......

----------------------------------------
x = 5.000000, y = 88.000000
avance = -223.000000, avanceR = 2.000000, avanceI = 2.000000
inc_x_r = 0.000000, inc_y_r = 1.000000, inc_x_i = 1.000000, inc_y_i = 1.000000
En el else......

----------------------------------------
x = 5.000000, y = 89.000000
avance = -221.000000, avanceR = 2.000000, avanceI = 2.000000
inc_x_r = 0.000000, inc_y_r = 1.000000, inc_x_i = 1.000000, inc_y_i = 1.000000
En el else......

----------------------------------------
x = 5.000000, y = 90.000000
avance = -219.000000, avanceR = 2.000000, avanceI = 2.000000
inc_x_r = 0.000000, inc_y_r = 1.000000, inc_x_i = 1.000000, inc_y_i = 1.000000
En el else......

----------------------------------------
x = 5.000000, y = 91.000000
avance = -217.000000, avanceR = 2.000000, avanceI = 2.000000
inc_x_r = 0.000000, inc_y_r = 1.000000, inc_x_i = 1.000000, inc_y_i = 1.000000
En el else......

----------------------------------------
x = 5.000000, y = 92.000000
avance = -215.000000, avanceR = 2.000000, avanceI = 2.000000
inc_x_r = 0.000000, inc_y_r = 1.000000, inc_x_i = 1.000000, inc_y_i = 1.000000
En el else......

----------------------------------------
x = 5.000000, y = 93.000000
avance = -213.000000, avanceR = 2.000000, avanceI = 2.000000
inc_x_r = 0.000000, inc_y_r = 1.000000, inc_x_i = 1.000000, inc_y_i = 1.000000
En el else......

----------------------------------------
x = 5.000000, y = 94.000000
avance = -211.000000, avanceR = 2.000000, avanceI = 2.000000
inc_x_r = 0.000000, inc_y_r = 1.000000, inc_x_i = 1.000000, inc_y_i = 1.000000
En el else......

----------------------------------------
x = 5.000000, y = 95.000000
avance = -209.000000, avanceR = 2.000000, avanceI = 2.000000
inc_x_r = 0.000000, inc_y_r = 1.000000, inc_x_i = 1.000000, inc_y_i = 1.000000
En el else......

----------------------------------------
x = 5.000000, y = 96.000000
avance = -207.000000, avanceR = 2.000000, avanceI = 2.000000
inc_x_r = 0.000000, inc_y_r = 1.000000, inc_x_i = 1.000000, inc_y_i = 1.000000
En el else......

----------------------------------------
x = 5.000000, y = 97.000000
avance = -205.000000, avanceR = 2.000000, avanceI = 2.000000
inc_x_r = 0.000000, inc_y_r = 1.000000, inc_x_i = 1.000000, inc_y_i = 1.000000
En el else......

----------------------------------------
x = 5.000000, y = 98.000000
avance = -203.000000, avanceR = 2.000000, avanceI = 2.000000
inc_x_r = 0.000000, inc_y_r = 1.000000, inc_x_i = 1.000000, inc_y_i = 1.000000
En el else......

----------------------------------------
x = 5.000000, y = 99.000000
avance = -201.000000, avanceR = 2.000000, avanceI = 2.000000
inc_x_r = 0.000000, inc_y_r = 1.000000, inc_x_i = 1.000000, inc_y_i = 1.000000
En el else......

----------------------------------------
x = 5.000000, y = 100.000000
avance = -199.000000, avanceR = 2.000000, avanceI = 2.000000
inc_x_r = 0.000000, inc_y_r = 1.000000, inc_x_i = 1.000000, inc_y_i = 1.000000
En el else......

----------------------------------------
x = 5.000000, y = 101.000000
avance = -197.000000, avanceR = 2.000000, avanceI = 2.000000
inc_x_r = 0.000000, inc_y_r = 1.000000, inc_x_i = 1.000000, inc_y_i = 1.000000
En el else......

----------------------------------------
x = 5.000000, y = 102.000000
avance = -195.000000, avanceR = 2.000000, avanceI = 2.000000
inc_x_r = 0.000000, inc_y_r = 1.000000, inc_x_i = 1.000000, inc_y_i = 1.000000
En el else......

----------------------------------------
x = 5.000000, y = 103.000000
avance = -193.000000, avanceR = 2.000000, avanceI = 2.000000
inc_x_r = 0.000000, inc_y_r = 1.000000, inc_x_i = 1.000000, inc_y_i = 1.000000
En el else......

----------------------------------------
x = 5.000000, y = 104.000000
avance = -191.000000, avanceR = 2.000000, avanceI = 2.000000
inc_x_r = 0.000000, inc_y_r = 1.000000, inc_x_i = 1.000000, inc_y_i = 1.000000
En el else......

----------------------------------------
x = 5.000000, y = 105.000000
avance = -189.000000, avanceR = 2.000000, avanceI = 2.000000
inc_x_r = 0.000000, inc_y_r = 1.000000, inc_x_i = 1.000000, inc_y_i = 1.000000
En el else......

----------------------------------------
x = 5.000000, y = 106.000000
avance = -187.000000, avanceR = 2.000000, avanceI = 2.000000
inc_x_r = 0.000000, inc_y_r = 1.000000, inc_x_i = 1.000000, inc_y_i = 1.000000
En el else......

----------------------------------------
x = 5.000000, y = 107.000000
avance = -185.000000, avanceR = 2.000000, avanceI = 2.000000
inc_x_r = 0.000000, inc_y_r = 1.000000, inc_x_i = 1.000000, inc_y_i = 1.000000
En el else......

----------------------------------------
x = 5.000000, y = 108.000000
avance = -183.000000, avanceR = 2.000000, avanceI = 2.000000
inc_x_r = 0.000000, inc_y_r = 1.000000, inc_x_i = 1.000000, inc_y_i = 1.000000
En el else......

----------------------------------------
x = 5.000000, y = 109.000000
avance = -181.000000, avanceR = 2.000000, avanceI = 2.000000
inc_x_r = 0.000000, inc_y_r = 1.000000, inc_x_i = 1.000000, inc_y_i = 1.000000
En el else......

----------------------------------------
x = 5.000000, y = 110.000000
avance = -179.000000, avanceR = 2.000000, avanceI = 2.000000
inc_x_r = 0.000000, inc_y_r = 1.000000, inc_x_i = 1.000000, inc_y_i = 1.000000
En el else......

----------------------------------------
x = 5.000000, y = 111.000000
avance = -177.000000, avanceR = 2.000000, avanceI = 2.000000
inc_x_r = 0.000000, inc_y_r = 1.000000, inc_x_i = 1.000000, inc_y_i = 1.000000
En el else......

----------------------------------------
x = 5.000000, y = 112.000000
avance = -175.000000, avanceR = 2.000000, avanceI = 2.000000
inc_x_r = 0.000000, inc_y_r = 1.000000, inc_x_i = 1.000000, inc_y_i = 1.000000
En el else......

----------------------------------------
x = 5.000000, y = 113.000000
avance = -173.000000, avanceR = 2.000000, avanceI = 2.000000
inc_x_r = 0.000000, inc_y_r = 1.000000, inc_x_i = 1.000000, inc_y_i = 1.000000
En el else......

----------------------------------------
x = 5.000000, y = 114.000000
avance = -171.000000, avanceR = 2.000000, avanceI = 2.000000
inc_x_r = 0.000000, inc_y_r = 1.000000, inc_x_i = 1.000000, inc_y_i = 1.000000
En el else......

----------------------------------------
x = 5.000000, y = 115.000000
avance = -169.000000, avanceR = 2.000000, avanceI = 2.000000
inc_x_r = 0.000000, inc_y_r = 1.000000, inc_x_i = 1.000000, inc_y_i = 1.000000
En el else......

----------------------------------------
x = 5.000000, y = 116.000000
avance = -167.000000, avanceR = 2.000000, avanceI = 2.000000
inc_x_r = 0.000000, inc_y_r = 1.000000, inc_x_i = 1.000000, inc_y_i = 1.000000
En el else......

----------------------------------------
x = 5.000000, y = 117.000000
avance = -165.000000, avanceR = 2.000000, avanceI = 2.000000
inc_x_r = 0.000000, inc_y_r = 1.000000, inc_x_i = 1.000000, inc_y_i = 1.000000
En el else......

----------------------------------------
x = 5.000000, y = 118.000000
avance = -163.000000, avanceR = 2.000000, avanceI = 2.000000
inc_x_r = 0.000000, inc_y_r = 1.000000, inc_x_i = 1.000000, inc_y_i = 1.000000
En el else......

----------------------------------------
x = 5.000000, y = 119.000000
avance = -161.000000, avanceR = 2.000000, avanceI = 2.000000
inc_x_r = 0.000000, inc_y_r = 1.000000, inc_x_i = 1.000000, inc_y_i = 1.000000
En el else......

----------------------------------------
x = 5.000000, y = 120.000000
avance = -159.000000, avanceR = 2.000000, avanceI = 2.000000
inc_x_r = 0.000000, inc_y_r = 1.000000, inc_x_i = 1.000000, inc_y_i = 1.000000
En el else......

----------------------------------------
x = 5.000000, y = 121.000000
avance = -157.000000, avanceR = 2.000000, avanceI = 2.000000
inc_x_r = 0.000000, inc_y_r = 1.000000, inc_x_i = 1.000000, inc_y_i = 1.000000
En el else......

----------------------------------------
x = 5.000000, y = 122.000000
avance = -155.000000, avanceR = 2.000000, avanceI = 2.000000
inc_x_r = 0.000000, inc_y_r = 1.000000, inc_x_i = 1.000000, inc_y_i = 1.000000
En el else......

----------------------------------------
x = 5.000000, y = 123.000000
avance = -153.000000, avanceR = 2.000000, avanceI = 2.000000
inc_x_r = 0.000000, inc_y_r = 1.000000, inc_x_i = 1.000000, inc_y_i = 1.000000
En el else......

----------------------------------------
x = 5.000000, y = 124.000000
avance = -151.000000, avanceR = 2.000000, avanceI = 2.000000
inc_x_r = 0.000000, inc_y_r = 1.000000, inc_x_i = 1.000000, inc_y_i = 1.000000
En el else......

----------------------------------------
x = 5.000000, y = 125.000000
avance = -149.000000, avanceR = 2.000000, avanceI = 2.000000
inc_x_r = 0.000000, inc_y_r = 1.000000, inc_x_i = 1.000000, inc_y_i = 1.000000
En el else......

----------------------------------------
x = 5.000000, y = 126.000000
avance = -147.000000, avanceR = 2.000000, avanceI = 2.000000
inc_x_r = 0.000000, inc_y_r = 1.000000, inc_x_i = 1.000000, inc_y_i = 1.000000
En el else......

----------------------------------------
x = 5.000000, y = 127.000000
avance = -145.000000, avanceR = 2.000000, avanceI = 2.000000
inc_x_r = 0.000000, inc_y_r = 1.000000, inc_x_i = 1.000000, inc_y_i = 1.000000
En el else......

----------------------------------------
x = 5.000000, y = 128.000000
avance = -143.000000, avanceR = 2.000000, avanceI = 2.000000
inc_x_r = 0.000000, inc_y_r = 1.000000, inc_x_i = 1.000000, inc_y_i = 1.000000
En el else......

----------------------------------------
x = 5.000000, y = 129.000000
avance = -141.000000, avanceR = 2.000000, avanceI = 2.000000
inc_x_r = 0.000000, inc_y_r = 1.000000, inc_x_i = 1.000000, inc_y_i = 1.000000
En el else......

----------------------------------------
x = 5.000000, y = 130.000000
avance = -139.000000, avanceR = 2.000000, avanceI = 2.000000
inc_x_r = 0.000000, inc_y_r = 1.000000, inc_x_i = 1.000000, inc_y_i = 1.000000
En el else......

----------------------------------------
x = 5.000000, y = 131.000000
avance = -137.000000, avanceR = 2.000000, avanceI = 2.000000
inc_x_r = 0.000000, inc_y_r = 1.000000, inc_x_i = 1.000000, inc_y_i = 1.000000
En el else......

----------------------------------------
x = 5.000000, y = 132.000000
avance = -135.000000, avanceR = 2.000000, avanceI = 2.000000
inc_x_r = 0.000000, inc_y_r = 1.000000, inc_x_i = 1.000000, inc_y_i = 1.000000
En el else......

----------------------------------------
x = 5.000000, y = 133.000000
avance = -133.000000, avanceR = 2.000000, avanceI = 2.000000
inc_x_r = 0.000000, inc_y_r = 1.000000, inc_x_i = 1.000000, inc_y_i = 1.000000
En el else......

----------------------------------------
x = 5.000000, y = 134.000000
avance = -131.000000, avanceR = 2.000000, avanceI = 2.000000
inc_x_r = 0.000000, inc_y_r = 1.000000, inc_x_i = 1.000000, inc_y_i = 1.000000
En el else......

----------------------------------------
x = 5.000000, y = 135.000000
avance = -129.000000, avanceR = 2.000000, avanceI = 2.000000
inc_x_r = 0.000000, inc_y_r = 1.000000, inc_x_i = 1.000000, inc_y_i = 1.000000
En el else......

----------------------------------------
x = 5.000000, y = 136.000000
avance = -127.000000, avanceR = 2.000000, avanceI = 2.000000
inc_x_r = 0.000000, inc_y_r = 1.000000, inc_x_i = 1.000000, inc_y_i = 1.000000
En el else......

----------------------------------------
x = 5.000000, y = 137.000000
avance = -125.000000, avanceR = 2.000000, avanceI = 2.000000
inc_x_r = 0.000000, inc_y_r = 1.000000, inc_x_i = 1.000000, inc_y_i = 1.000000
En el else......

----------------------------------------
x = 5.000000, y = 138.000000
avance = -123.000000, avanceR = 2.000000, avanceI = 2.000000
inc_x_r = 0.000000, inc_y_r = 1.000000, inc_x_i = 1.000000, inc_y_i = 1.000000
En el else......

----------------------------------------
x = 5.000000, y = 139.000000
avance = -121.000000, avanceR = 2.000000, avanceI = 2.000000
inc_x_r = 0.000000, inc_y_r = 1.000000, inc_x_i = 1.000000, inc_y_i = 1.000000
En el else......

----------------------------------------
x = 5.000000, y = 140.000000
avance = -119.000000, avanceR = 2.000000, avanceI = 2.000000
inc_x_r = 0.000000, inc_y_r = 1.000000, inc_x_i = 1.000000, inc_y_i = 1.000000
En el else......

----------------------------------------
x = 5.000000, y = 141.000000
avance = -117.000000, avanceR = 2.000000, avanceI = 2.000000
inc_x_r = 0.000000, inc_y_r = 1.000000, inc_x_i = 1.000000, inc_y_i = 1.000000
En el else......

----------------------------------------
x = 5.000000, y = 142.000000
avance = -115.000000, avanceR = 2.000000, avanceI = 2.000000
inc_x_r = 0.000000, inc_y_r = 1.000000, inc_x_i = 1.000000, inc_y_i = 1.000000
En el else......

----------------------------------------
x = 5.000000, y = 143.000000
avance = -113.000000, avanceR = 2.000000, avanceI = 2.000000
inc_x_r = 0.000000, inc_y_r = 1.000000, inc_x_i = 1.000000, inc_y_i = 1.000000
En el else......

----------------------------------------
x = 5.000000, y = 144.000000
avance = -111.000000, avanceR = 2.000000, avanceI = 2.000000
inc_x_r = 0.000000, inc_y_r = 1.000000, inc_x_i = 1.000000, inc_y_i = 1.000000
En el else......

----------------------------------------
x = 5.000000, y = 145.000000
avance = -109.000000, avanceR = 2.000000, avanceI = 2.000000
inc_x_r = 0.000000, inc_y_r = 1.000000, inc_x_i = 1.000000, inc_y_i = 1.000000
En el else......

----------------------------------------
x = 5.000000, y = 146.000000
avance = -107.000000, avanceR = 2.000000, avanceI = 2.000000
inc_x_r = 0.000000, inc_y_r = 1.000000, inc_x_i = 1.000000, inc_y_i = 1.000000
En el else......

----------------------------------------
x = 5.000000, y = 147.000000
avance = -105.000000, avanceR = 2.000000, avanceI = 2.000000
inc_x_r = 0.000000, inc_y_r = 1.000000, inc_x_i = 1.000000, inc_y_i = 1.000000
En el else......

----------------------------------------
x = 5.000000, y = 148.000000
avance = -103.000000, avanceR = 2.000000, avanceI = 2.000000
inc_x_r = 0.000000, inc_y_r = 1.000000, inc_x_i = 1.000000, inc_y_i = 1.000000
En el else......

----------------------------------------
x = 5.000000, y = 149.000000
avance = -101.000000, avanceR = 2.000000, avanceI = 2.000000
inc_x_r = 0.000000, inc_y_r = 1.000000, inc_x_i = 1.000000, inc_y_i = 1.000000
En el else......

----------------------------------------
x = 5.000000, y = 150.000000
avance = -99.000000, avanceR = 2.000000, avanceI = 2.000000
inc_x_r = 0.000000, inc_y_r = 1.000000, inc_x_i = 1.000000, inc_y_i = 1.000000
En el else......

----------------------------------------
x = 5.000000, y = 151.000000
avance = -97.000000, avanceR = 2.000000, avanceI = 2.000000
inc_x_r = 0.000000, inc_y_r = 1.000000, inc_x_i = 1.000000, inc_y_i = 1.000000
En el else......

----------------------------------------
x = 5.000000, y = 152.000000
avance = -95.000000, avanceR = 2.000000, avanceI = 2.000000
inc_x_r = 0.000000, inc_y_r = 1.000000, inc_x_i = 1.000000, inc_y_i = 1.000000
En el else......

----------------------------------------
x = 5.000000, y = 153.000000
avance = -93.000000, avanceR = 2.000000, avanceI = 2.000000
inc_x_r = 0.000000, inc_y_r = 1.000000, inc_x_i = 1.000000, inc_y_i = 1.000000
En el else......

----------------------------------------
x = 5.000000, y = 154.000000
avance = -91.000000, avanceR = 2.000000, avanceI = 2.000000
inc_x_r = 0.000000, inc_y_r = 1.000000, inc_x_i = 1.000000, inc_y_i = 1.000000
En el else......

----------------------------------------
x = 5.000000, y = 155.000000
avance = -89.000000, avanceR = 2.000000, avanceI = 2.000000
inc_x_r = 0.000000, inc_y_r = 1.000000, inc_x_i = 1.000000, inc_y_i = 1.000000
En el else......

----------------------------------------
x = 5.000000, y = 156.000000
avance = -87.000000, avanceR = 2.000000, avanceI = 2.000000
inc_x_r = 0.000000, inc_y_r = 1.000000, inc_x_i = 1.000000, inc_y_i = 1.000000
En el else......

----------------------------------------
x = 5.000000, y = 157.000000
avance = -85.000000, avanceR = 2.000000, avanceI = 2.000000
inc_x_r = 0.000000, inc_y_r = 1.000000, inc_x_i = 1.000000, inc_y_i = 1.000000
En el else......

----------------------------------------
x = 5.000000, y = 158.000000
avance = -83.000000, avanceR = 2.000000, avanceI = 2.000000
inc_x_r = 0.000000, inc_y_r = 1.000000, inc_x_i = 1.000000, inc_y_i = 1.000000
En el else......

----------------------------------------
x = 5.000000, y = 159.000000
avance = -81.000000, avanceR = 2.000000, avanceI = 2.000000
inc_x_r = 0.000000, inc_y_r = 1.000000, inc_x_i = 1.000000, inc_y_i = 1.000000
En el else......

----------------------------------------
x = 5.000000, y = 160.000000
avance = -79.000000, avanceR = 2.000000, avanceI = 2.000000
inc_x_r = 0.000000, inc_y_r = 1.000000, inc_x_i = 1.000000, inc_y_i = 1.000000
En el else......

----------------------------------------
x = 5.000000, y = 161.000000
avance = -77.000000, avanceR = 2.000000, avanceI = 2.000000
inc_x_r = 0.000000, inc_y_r = 1.000000, inc_x_i = 1.000000, inc_y_i = 1.000000
En el else......

----------------------------------------
x = 5.000000, y = 162.000000
avance = -75.000000, avanceR = 2.000000, avanceI = 2.000000
inc_x_r = 0.000000, inc_y_r = 1.000000, inc_x_i = 1.000000, inc_y_i = 1.000000
En el else......

----------------------------------------
x = 5.000000, y = 163.000000
avance = -73.000000, avanceR = 2.000000, avanceI = 2.000000
inc_x_r = 0.000000, inc_y_r = 1.000000, inc_x_i = 1.000000, inc_y_i = 1.000000
En el else......

----------------------------------------
x = 5.000000, y = 164.000000
avance = -71.000000, avanceR = 2.000000, avanceI = 2.000000
inc_x_r = 0.000000, inc_y_r = 1.000000, inc_x_i = 1.000000, inc_y_i = 1.000000
En el else......

----------------------------------------
x = 5.000000, y = 165.000000
avance = -69.000000, avanceR = 2.000000, avanceI = 2.000000
inc_x_r = 0.000000, inc_y_r = 1.000000, inc_x_i = 1.000000, inc_y_i = 1.000000
En el else......

----------------------------------------
x = 5.000000, y = 166.000000
avance = -67.000000, avanceR = 2.000000, avanceI = 2.000000
inc_x_r = 0.000000, inc_y_r = 1.000000, inc_x_i = 1.000000, inc_y_i = 1.000000
En el else......

----------------------------------------
x = 5.000000, y = 167.000000
avance = -65.000000, avanceR = 2.000000, avanceI = 2.000000
inc_x_r = 0.000000, inc_y_r = 1.000000, inc_x_i = 1.000000, inc_y_i = 1.000000
En el else......

----------------------------------------
x = 5.000000, y = 168.000000
avance = -63.000000, avanceR = 2.000000, avanceI = 2.000000
inc_x_r = 0.000000, inc_y_r = 1.000000, inc_x_i = 1.000000, inc_y_i = 1.000000
En el else......

----------------------------------------
x = 5.000000, y = 169.000000
avance = -61.000000, avanceR = 2.000000, avanceI = 2.000000
inc_x_r = 0.000000, inc_y_r = 1.000000, inc_x_i = 1.000000, inc_y_i = 1.000000
En el else......

----------------------------------------
x = 5.000000, y = 170.000000
avance = -59.000000, avanceR = 2.000000, avanceI = 2.000000
inc_x_r = 0.000000, inc_y_r = 1.000000, inc_x_i = 1.000000, inc_y_i = 1.000000
En el else......

----------------------------------------
x = 5.000000, y = 171.000000
avance = -57.000000, avanceR = 2.000000, avanceI = 2.000000
inc_x_r = 0.000000, inc_y_r = 1.000000, inc_x_i = 1.000000, inc_y_i = 1.000000
En el else......

----------------------------------------
x = 5.000000, y = 172.000000
avance = -55.000000, avanceR = 2.000000, avanceI = 2.000000
inc_x_r = 0.000000, inc_y_r = 1.000000, inc_x_i = 1.000000, inc_y_i = 1.000000
En el else......

----------------------------------------
x = 5.000000, y = 173.000000
avance = -53.000000, avanceR = 2.000000, avanceI = 2.000000
inc_x_r = 0.000000, inc_y_r = 1.000000, inc_x_i = 1.000000, inc_y_i = 1.000000
En el else......

----------------------------------------
x = 5.000000, y = 174.000000
avance = -51.000000, avanceR = 2.000000, avanceI = 2.000000
inc_x_r = 0.000000, inc_y_r = 1.000000, inc_x_i = 1.000000, inc_y_i = 1.000000
En el else......

----------------------------------------
x = 5.000000, y = 175.000000
avance = -49.000000, avanceR = 2.000000, avanceI = 2.000000
inc_x_r = 0.000000, inc_y_r = 1.000000, inc_x_i = 1.000000, inc_y_i = 1.000000
En el else......

----------------------------------------
x = 5.000000, y = 176.000000
avance = -47.000000, avanceR = 2.000000, avanceI = 2.000000
inc_x_r = 0.000000, inc_y_r = 1.000000, inc_x_i = 1.000000, inc_y_i = 1.000000
En el else......

----------------------------------------
x = 5.000000, y = 177.000000
avance = -45.000000, avanceR = 2.000000, avanceI = 2.000000
inc_x_r = 0.000000, inc_y_r = 1.000000, inc_x_i = 1.000000, inc_y_i = 1.000000
En el else......

----------------------------------------
x = 5.000000, y = 178.000000
avance = -43.000000, avanceR = 2.000000, avanceI = 2.000000
inc_x_r = 0.000000, inc_y_r = 1.000000, inc_x_i = 1.000000, inc_y_i = 1.000000
En el else......

----------------------------------------
x = 5.000000, y = 179.000000
avance = -41.000000, avanceR = 2.000000, avanceI = 2.000000
inc_x_r = 0.000000, inc_y_r = 1.000000, inc_x_i = 1.000000, inc_y_i = 1.000000
En el else......

----------------------------------------
x = 5.000000, y = 180.000000
avance = -39.000000, avanceR = 2.000000, avanceI = 2.000000
inc_x_r = 0.000000, inc_y_r = 1.000000, inc_x_i = 1.000000, inc_y_i = 1.000000
En el else......

----------------------------------------
x = 5.000000, y = 181.000000
avance = -37.000000, avanceR = 2.000000, avanceI = 2.000000
inc_x_r = 0.000000, inc_y_r = 1.000000, inc_x_i = 1.000000, inc_y_i = 1.000000
En el else......

----------------------------------------
x = 5.000000, y = 182.000000
avance = -35.000000, avanceR = 2.000000, avanceI = 2.000000
inc_x_r = 0.000000, inc_y_r = 1.000000, inc_x_i = 1.000000, inc_y_i = 1.000000
En el else......

----------------------------------------
x = 5.000000, y = 183.000000
avance = -33.000000, avanceR = 2.000000, avanceI = 2.000000
inc_x_r = 0.000000, inc_y_r = 1.000000, inc_x_i = 1.000000, inc_y_i = 1.000000
En el else......

----------------------------------------
x = 5.000000, y = 184.000000
avance = -31.000000, avanceR = 2.000000, avanceI = 2.000000
inc_x_r = 0.000000, inc_y_r = 1.000000, inc_x_i = 1.000000, inc_y_i = 1.000000
En el else......

----------------------------------------
x = 5.000000, y = 185.000000
avance = -29.000000, avanceR = 2.000000, avanceI = 2.000000
inc_x_r = 0.000000, inc_y_r = 1.000000, inc_x_i = 1.000000, inc_y_i = 1.000000
En el else......

----------------------------------------
x = 5.000000, y = 186.000000
avance = -27.000000, avanceR = 2.000000, avanceI = 2.000000
inc_x_r = 0.000000, inc_y_r = 1.000000, inc_x_i = 1.000000, inc_y_i = 1.000000
En el else......

----------------------------------------
x = 5.000000, y = 187.000000
avance = -25.000000, avanceR = 2.000000, avanceI = 2.000000
inc_x_r = 0.000000, inc_y_r = 1.000000, inc_x_i = 1.000000, inc_y_i = 1.000000
En el else......

----------------------------------------
x = 5.000000, y = 188.000000
avance = -23.000000, avanceR = 2.000000, avanceI = 2.000000
inc_x_r = 0.000000, inc_y_r = 1.000000, inc_x_i = 1.000000, inc_y_i = 1.000000
En el else......

----------------------------------------
x = 5.000000, y = 189.000000
avance = -21.000000, avanceR = 2.000000, avanceI = 2.000000
inc_x_r = 0.000000, inc_y_r = 1.000000, inc_x_i = 1.000000, inc_y_i = 1.000000
En el else......

----------------------------------------
x = 5.000000, y = 190.000000
avance = -19.000000, avanceR = 2.000000, avanceI = 2.000000
inc_x_r = 0.000000, inc_y_r = 1.000000, inc_x_i = 1.000000, inc_y_i = 1.000000
En el else......

----------------------------------------
x = 5.000000, y = 191.000000
avance = -17.000000, avanceR = 2.000000, avanceI = 2.000000
inc_x_r = 0.000000, inc_y_r = 1.000000, inc_x_i = 1.000000, inc_y_i = 1.000000
En el else......

----------------------------------------
x = 5.000000, y = 192.000000
avance = -15.000000, avanceR = 2.000000, avanceI = 2.000000
inc_x_r = 0.000000, inc_y_r = 1.000000, inc_x_i = 1.000000, inc_y_i = 1.000000
En el else......

----------------------------------------
x = 5.000000, y = 193.000000
avance = -13.000000, avanceR = 2.000000, avanceI = 2.000000
inc_x_r = 0.000000, inc_y_r = 1.000000, inc_x_i = 1.000000, inc_y_i = 1.000000
En el else......

----------------------------------------
x = 5.000000, y = 194.000000
avance = -11.000000, avanceR = 2.000000, avanceI = 2.000000
inc_x_r = 0.000000, inc_y_r = 1.000000, inc_x_i = 1.000000, inc_y_i = 1.000000
En el else......

----------------------------------------
x = 5.000000, y = 195.000000
avance = -9.000000, avanceR = 2.000000, avanceI = 2.000000
inc_x_r = 0.000000, inc_y_r = 1.000000, inc_x_i = 1.000000, inc_y_i = 1.000000
En el else......

----------------------------------------
x = 5.000000, y = 196.000000
avance = -7.000000, avanceR = 2.000000, avanceI = 2.000000
inc_x_r = 0.000000, inc_y_r = 1.000000, inc_x_i = 1.000000, inc_y_i = 1.000000
En el else......

----------------------------------------
x = 5.000000, y = 197.000000
avance = -5.000000, avanceR = 2.000000, avanceI = 2.000000
inc_x_r = 0.000000, inc_y_r = 1.000000, inc_x_i = 1.000000, inc_y_i = 1.000000
En el else......

----------------------------------------
x = 5.000000, y = 198.000000
avance = -3.000000, avanceR = 2.000000, avanceI = 2.000000
inc_x_r = 0.000000, inc_y_r = 1.000000, inc_x_i = 1.000000, inc_y_i = 1.000000
En el else......

----------------------------------------
x = 5.000000, y = 199.000000
avance = -1.000000, avanceR = 2.000000, avanceI = 2.000000
inc_x_r = 0.000000, inc_y_r = 1.000000, inc_x_i = 1.000000, inc_y_i = 1.000000
En el else......

----------------------------------------
x = 5.000000, y = 200.000000
avance = 1.000000, avanceR = 2.000000, avanceI = 2.000000
inc_x_r = 0.000000, inc_y_r = 1.000000, inc_x_i = 1.000000, inc_y_i = 1.000000
avance >= 0

----------------------------------------
x = 6.000000, y = 201.000000
avance = -499.000000, avanceR = 2.000000, avanceI = 2.000000
inc_x_r = 0.000000, inc_y_r = 1.000000, inc_x_i = 1.000000, inc_y_i = 1.000000
En el else......

----------------------------------------
x = 6.000000, y = 202.000000
avance = -497.000000, avanceR = 2.000000, avanceI = 2.000000
inc_x_r = 0.000000, inc_y_r = 1.000000, inc_x_i = 1.000000, inc_y_i = 1.000000
En el else......

----------------------------------------
x = 6.000000, y = 203.000000
avance = -495.000000, avanceR = 2.000000, avanceI = 2.000000
inc_x_r = 0.000000, inc_y_r = 1.000000, inc_x_i = 1.000000, inc_y_i = 1.000000
En el else......

----------------------------------------
x = 6.000000, y = 204.000000
avance = -493.000000, avanceR = 2.000000, avanceI = 2.000000
inc_x_r = 0.000000, inc_y_r = 1.000000, inc_x_i = 1.000000, inc_y_i = 1.000000
En el else......

----------------------------------------
x = 6.000000, y = 205.000000
avance = -491.000000, avanceR = 2.000000, avanceI = 2.000000
inc_x_r = 0.000000, inc_y_r = 1.000000, inc_x_i = 1.000000, inc_y_i = 1.000000
En el else......

----------------------------------------
x = 6.000000, y = 206.000000
avance = -489.000000, avanceR = 2.000000, avanceI = 2.000000
inc_x_r = 0.000000, inc_y_r = 1.000000, inc_x_i = 1.000000, inc_y_i = 1.000000
En el else......

----------------------------------------
x = 6.000000, y = 207.000000
avance = -487.000000, avanceR = 2.000000, avanceI = 2.000000
inc_x_r = 0.000000, inc_y_r = 1.000000, inc_x_i = 1.000000, inc_y_i = 1.000000
En el else......

----------------------------------------
x = 6.000000, y = 208.000000
avance = -485.000000, avanceR = 2.000000, avanceI = 2.000000
inc_x_r = 0.000000, inc_y_r = 1.000000, inc_x_i = 1.000000, inc_y_i = 1.000000
En el else......

----------------------------------------
x = 6.000000, y = 209.000000
avance = -483.000000, avanceR = 2.000000, avanceI = 2.000000
inc_x_r = 0.000000, inc_y_r = 1.000000, inc_x_i = 1.000000, inc_y_i = 1.000000
En el else......

----------------------------------------
x = 6.000000, y = 210.000000
avance = -481.000000, avanceR = 2.000000, avanceI = 2.000000
inc_x_r = 0.000000, inc_y_r = 1.000000, inc_x_i = 1.000000, inc_y_i = 1.000000
En el else......

----------------------------------------
x = 6.000000, y = 211.000000
avance = -479.000000, avanceR = 2.000000, avanceI = 2.000000
inc_x_r = 0.000000, inc_y_r = 1.000000, inc_x_i = 1.000000, inc_y_i = 1.000000
En el else......

----------------------------------------
x = 6.000000, y = 212.000000
avance = -477.000000, avanceR = 2.000000, avanceI = 2.000000
inc_x_r = 0.000000, inc_y_r = 1.000000, inc_x_i = 1.000000, inc_y_i = 1.000000
En el else......

----------------------------------------
x = 6.000000, y = 213.000000
avance = -475.000000, avanceR = 2.000000, avanceI = 2.000000
inc_x_r = 0.000000, inc_y_r = 1.000000, inc_x_i = 1.000000, inc_y_i = 1.000000
En el else......

----------------------------------------
x = 6.000000, y = 214.000000
avance = -473.000000, avanceR = 2.000000, avanceI = 2.000000
inc_x_r = 0.000000, inc_y_r = 1.000000, inc_x_i = 1.000000, inc_y_i = 1.000000
En el else......

----------------------------------------
x = 6.000000, y = 215.000000
avance = -471.000000, avanceR = 2.000000, avanceI = 2.000000
inc_x_r = 0.000000, inc_y_r = 1.000000, inc_x_i = 1.000000, inc_y_i = 1.000000
En el else......

----------------------------------------
x = 6.000000, y = 216.000000
avance = -469.000000, avanceR = 2.000000, avanceI = 2.000000
inc_x_r = 0.000000, inc_y_r = 1.000000, inc_x_i = 1.000000, inc_y_i = 1.000000
En el else......

----------------------------------------
x = 6.000000, y = 217.000000
avance = -467.000000, avanceR = 2.000000, avanceI = 2.000000
inc_x_r = 0.000000, inc_y_r = 1.000000, inc_x_i = 1.000000, inc_y_i = 1.000000
En el else......

----------------------------------------
x = 6.000000, y = 218.000000
avance = -465.000000, avanceR = 2.000000, avanceI = 2.000000
inc_x_r = 0.000000, inc_y_r = 1.000000, inc_x_i = 1.000000, inc_y_i = 1.000000
En el else......

----------------------------------------
x = 6.000000, y = 219.000000
avance = -463.000000, avanceR = 2.000000, avanceI = 2.000000
inc_x_r = 0.000000, inc_y_r = 1.000000, inc_x_i = 1.000000, inc_y_i = 1.000000
En el else......

----------------------------------------
x = 6.000000, y = 220.000000
avance = -461.000000, avanceR = 2.000000, avanceI = 2.000000
inc_x_r = 0.000000, inc_y_r = 1.000000, inc_x_i = 1.000000, inc_y_i = 1.000000
En el else......

----------------------------------------
x = 6.000000, y = 221.000000
avance = -459.000000, avanceR = 2.000000, avanceI = 2.000000
inc_x_r = 0.000000, inc_y_r = 1.000000, inc_x_i = 1.000000, inc_y_i = 1.000000
En el else......

----------------------------------------
x = 6.000000, y = 222.000000
avance = -457.000000, avanceR = 2.000000, avanceI = 2.000000
inc_x_r = 0.000000, inc_y_r = 1.000000, inc_x_i = 1.000000, inc_y_i = 1.000000
En el else......

----------------------------------------
x = 6.000000, y = 223.000000
avance = -455.000000, avanceR = 2.000000, avanceI = 2.000000
inc_x_r = 0.000000, inc_y_r = 1.000000, inc_x_i = 1.000000, inc_y_i = 1.000000
En el else......

----------------------------------------
x = 6.000000, y = 224.000000
avance = -453.000000, avanceR = 2.000000, avanceI = 2.000000
inc_x_r = 0.000000, inc_y_r = 1.000000, inc_x_i = 1.000000, inc_y_i = 1.000000
En el else......

----------------------------------------
x = 6.000000, y = 225.000000
avance = -451.000000, avanceR = 2.000000, avanceI = 2.000000
inc_x_r = 0.000000, inc_y_r = 1.000000, inc_x_i = 1.000000, inc_y_i = 1.000000
En el else......

----------------------------------------
x = 6.000000, y = 226.000000
avance = -449.000000, avanceR = 2.000000, avanceI = 2.000000
inc_x_r = 0.000000, inc_y_r = 1.000000, inc_x_i = 1.000000, inc_y_i = 1.000000
En el else......

----------------------------------------
x = 6.000000, y = 227.000000
avance = -447.000000, avanceR = 2.000000, avanceI = 2.000000
inc_x_r = 0.000000, inc_y_r = 1.000000, inc_x_i = 1.000000, inc_y_i = 1.000000
En el else......

----------------------------------------
x = 6.000000, y = 228.000000
avance = -445.000000, avanceR = 2.000000, avanceI = 2.000000
inc_x_r = 0.000000, inc_y_r = 1.000000, inc_x_i = 1.000000, inc_y_i = 1.000000
En el else......

----------------------------------------
x = 6.000000, y = 229.000000
avance = -443.000000, avanceR = 2.000000, avanceI = 2.000000
inc_x_r = 0.000000, inc_y_r = 1.000000, inc_x_i = 1.000000, inc_y_i = 1.000000
En el else......

----------------------------------------
x = 6.000000, y = 230.000000
avance = -441.000000, avanceR = 2.000000, avanceI = 2.000000
inc_x_r = 0.000000, inc_y_r = 1.000000, inc_x_i = 1.000000, inc_y_i = 1.000000
En el else......

----------------------------------------
x = 6.000000, y = 231.000000
avance = -439.000000, avanceR = 2.000000, avanceI = 2.000000
inc_x_r = 0.000000, inc_y_r = 1.000000, inc_x_i = 1.000000, inc_y_i = 1.000000
En el else......

----------------------------------------
x = 6.000000, y = 232.000000
avance = -437.000000, avanceR = 2.000000, avanceI = 2.000000
inc_x_r = 0.000000, inc_y_r = 1.000000, inc_x_i = 1.000000, inc_y_i = 1.000000
En el else......

----------------------------------------
x = 6.000000, y = 233.000000
avance = -435.000000, avanceR = 2.000000, avanceI = 2.000000
inc_x_r = 0.000000, inc_y_r = 1.000000, inc_x_i = 1.000000, inc_y_i = 1.000000
En el else......

----------------------------------------
x = 6.000000, y = 234.000000
avance = -433.000000, avanceR = 2.000000, avanceI = 2.000000
inc_x_r = 0.000000, inc_y_r = 1.000000, inc_x_i = 1.000000, inc_y_i = 1.000000
En el else......

----------------------------------------
x = 6.000000, y = 235.000000
avance = -431.000000, avanceR = 2.000000, avanceI = 2.000000
inc_x_r = 0.000000, inc_y_r = 1.000000, inc_x_i = 1.000000, inc_y_i = 1.000000
En el else......

----------------------------------------
x = 6.000000, y = 236.000000
avance = -429.000000, avanceR = 2.000000, avanceI = 2.000000
inc_x_r = 0.000000, inc_y_r = 1.000000, inc_x_i = 1.000000, inc_y_i = 1.000000
En el else......

----------------------------------------
x = 6.000000, y = 237.000000
avance = -427.000000, avanceR = 2.000000, avanceI = 2.000000
inc_x_r = 0.000000, inc_y_r = 1.000000, inc_x_i = 1.000000, inc_y_i = 1.000000
En el else......

----------------------------------------
x = 6.000000, y = 238.000000
avance = -425.000000, avanceR = 2.000000, avanceI = 2.000000
inc_x_r = 0.000000, inc_y_r = 1.000000, inc_x_i = 1.000000, inc_y_i = 1.000000
En el else......

----------------------------------------
x = 6.000000, y = 239.000000
avance = -423.000000, avanceR = 2.000000, avanceI = 2.000000
inc_x_r = 0.000000, inc_y_r = 1.000000, inc_x_i = 1.000000, inc_y_i = 1.000000
En el else......

----------------------------------------
x = 6.000000, y = 240.000000
avance = -421.000000, avanceR = 2.000000, avanceI = 2.000000
inc_x_r = 0.000000, inc_y_r = 1.000000, inc_x_i = 1.000000, inc_y_i = 1.000000
En el else......

----------------------------------------
x = 6.000000, y = 241.000000
avance = -419.000000, avanceR = 2.000000, avanceI = 2.000000
inc_x_r = 0.000000, inc_y_r = 1.000000, inc_x_i = 1.000000, inc_y_i = 1.000000
En el else......

----------------------------------------
x = 6.000000, y = 242.000000
avance = -417.000000, avanceR = 2.000000, avanceI = 2.000000
inc_x_r = 0.000000, inc_y_r = 1.000000, inc_x_i = 1.000000, inc_y_i = 1.000000
En el else......

----------------------------------------
x = 6.000000, y = 243.000000
avance = -415.000000, avanceR = 2.000000, avanceI = 2.000000
inc_x_r = 0.000000, inc_y_r = 1.000000, inc_x_i = 1.000000, inc_y_i = 1.000000
En el else......

----------------------------------------
x = 6.000000, y = 244.000000
avance = -413.000000, avanceR = 2.000000, avanceI = 2.000000
inc_x_r = 0.000000, inc_y_r = 1.000000, inc_x_i = 1.000000, inc_y_i = 1.000000
En el else......

----------------------------------------
x = 6.000000, y = 245.000000
avance = -411.000000, avanceR = 2.000000, avanceI = 2.000000
inc_x_r = 0.000000, inc_y_r = 1.000000, inc_x_i = 1.000000, inc_y_i = 1.000000
En el else......

----------------------------------------
x = 6.000000, y = 246.000000
avance = -409.000000, avanceR = 2.000000, avanceI = 2.000000
inc_x_r = 0.000000, inc_y_r = 1.000000, inc_x_i = 1.000000, inc_y_i = 1.000000
En el else......

----------------------------------------
x = 6.000000, y = 247.000000
avance = -407.000000, avanceR = 2.000000, avanceI = 2.000000
inc_x_r = 0.000000, inc_y_r = 1.000000, inc_x_i = 1.000000, inc_y_i = 1.000000
En el else......

----------------------------------------
x = 6.000000, y = 248.000000
avance = -405.000000, avanceR = 2.000000, avanceI = 2.000000
inc_x_r = 0.000000, inc_y_r = 1.000000, inc_x_i = 1.000000, inc_y_i = 1.000000
En el else......

----------------------------------------
x = 6.000000, y = 249.000000
avance = -403.000000, avanceR = 2.000000, avanceI = 2.000000
inc_x_r = 0.000000, inc_y_r = 1.000000, inc_x_i = 1.000000, inc_y_i = 1.000000
En el else......

----------------------------------------
x = 6.000000, y = 250.000000
avance = -401.000000, avanceR = 2.000000, avanceI = 2.000000
inc_x_r = 0.000000, inc_y_r = 1.000000, inc_x_i = 1.000000, inc_y_i = 1.000000
En el else......

----------------------------------------
x = 6.000000, y = 251.000000
avance = -399.000000, avanceR = 2.000000, avanceI = 2.000000
inc_x_r = 0.000000, inc_y_r = 1.000000, inc_x_i = 1.000000, inc_y_i = 1.000000
En el else......

----------------------------------------
x = 6.000000, y = 252.000000
avance = -397.000000, avanceR = 2.000000, avanceI = 2.000000
inc_x_r = 0.000000, inc_y_r = 1.000000, inc_x_i = 1.000000, inc_y_i = 1.000000
En el else......

----------------------------------------
x = 6.000000, y = 253.000000
avance = -395.000000, avanceR = 2.000000, avanceI = 2.000000
inc_x_r = 0.000000, inc_y_r = 1.000000, inc_x_i = 1.000000, inc_y_i = 1.000000
En el else......

----------------------------------------
x = 6.000000, y = 254.000000
avance = -393.000000, avanceR = 2.000000, avanceI = 2.000000
inc_x_r = 0.000000, inc_y_r = 1.000000, inc_x_i = 1.000000, inc_y_i = 1.000000
En el else......

----------------------------------------
x = 6.000000, y = 255.000000
avance = -391.000000, avanceR = 2.000000, avanceI = 2.000000
inc_x_r = 0.000000, inc_y_r = 1.000000, inc_x_i = 1.000000, inc_y_i = 1.000000
En el else......

----------------------------------------
x = 6.000000, y = 256.000000
avance = -389.000000, avanceR = 2.000000, avanceI = 2.000000
inc_x_r = 0.000000, inc_y_r = 1.000000, inc_x_i = 1.000000, inc_y_i = 1.000000
En el else......

----------------------------------------
x = 6.000000, y = 257.000000
avance = -387.000000, avanceR = 2.000000, avanceI = 2.000000
inc_x_r = 0.000000, inc_y_r = 1.000000, inc_x_i = 1.000000, inc_y_i = 1.000000
En el else......

----------------------------------------
x = 6.000000, y = 258.000000
avance = -385.000000, avanceR = 2.000000, avanceI = 2.000000
inc_x_r = 0.000000, inc_y_r = 1.000000, inc_x_i = 1.000000, inc_y_i = 1.000000
En el else......

----------------------------------------
x = 6.000000, y = 259.000000
avance = -383.000000, avanceR = 2.000000, avanceI = 2.000000
inc_x_r = 0.000000, inc_y_r = 1.000000, inc_x_i = 1.000000, inc_y_i = 1.000000
En el else......

----------------------------------------
x = 6.000000, y = 260.000000
avance = -381.000000, avanceR = 2.000000, avanceI = 2.000000
inc_x_r = 0.000000, inc_y_r = 1.000000, inc_x_i = 1.000000, inc_y_i = 1.000000
En el else......

----------------------------------------
x = 6.000000, y = 261.000000
avance = -379.000000, avanceR = 2.000000, avanceI = 2.000000
inc_x_r = 0.000000, inc_y_r = 1.000000, inc_x_i = 1.000000, inc_y_i = 1.000000
En el else......

----------------------------------------
x = 6.000000, y = 262.000000
avance = -377.000000, avanceR = 2.000000, avanceI = 2.000000
inc_x_r = 0.000000, inc_y_r = 1.000000, inc_x_i = 1.000000, inc_y_i = 1.000000
En el else......

----------------------------------------
x = 6.000000, y = 263.000000
avance = -375.000000, avanceR = 2.000000, avanceI = 2.000000
inc_x_r = 0.000000, inc_y_r = 1.000000, inc_x_i = 1.000000, inc_y_i = 1.000000
En el else......

----------------------------------------
x = 6.000000, y = 264.000000
avance = -373.000000, avanceR = 2.000000, avanceI = 2.000000
inc_x_r = 0.000000, inc_y_r = 1.000000, inc_x_i = 1.000000, inc_y_i = 1.000000
En el else......

----------------------------------------
x = 6.000000, y = 265.000000
avance = -371.000000, avanceR = 2.000000, avanceI = 2.000000
inc_x_r = 0.000000, inc_y_r = 1.000000, inc_x_i = 1.000000, inc_y_i = 1.000000
En el else......

----------------------------------------
x = 6.000000, y = 266.000000
avance = -369.000000, avanceR = 2.000000, avanceI = 2.000000
inc_x_r = 0.000000, inc_y_r = 1.000000, inc_x_i = 1.000000, inc_y_i = 1.000000
En el else......

----------------------------------------
x = 6.000000, y = 267.000000
avance = -367.000000, avanceR = 2.000000, avanceI = 2.000000
inc_x_r = 0.000000, inc_y_r = 1.000000, inc_x_i = 1.000000, inc_y_i = 1.000000
En el else......

----------------------------------------
x = 6.000000, y = 268.000000
avance = -365.000000, avanceR = 2.000000, avanceI = 2.000000
inc_x_r = 0.000000, inc_y_r = 1.000000, inc_x_i = 1.000000, inc_y_i = 1.000000
En el else......

----------------------------------------
x = 6.000000, y = 269.000000
avance = -363.000000, avanceR = 2.000000, avanceI = 2.000000
inc_x_r = 0.000000, inc_y_r = 1.000000, inc_x_i = 1.000000, inc_y_i = 1.000000
En el else......

----------------------------------------
x = 6.000000, y = 270.000000
avance = -361.000000, avanceR = 2.000000, avanceI = 2.000000
inc_x_r = 0.000000, inc_y_r = 1.000000, inc_x_i = 1.000000, inc_y_i = 1.000000
En el else......

----------------------------------------
x = 6.000000, y = 271.000000
avance = -359.000000, avanceR = 2.000000, avanceI = 2.000000
inc_x_r = 0.000000, inc_y_r = 1.000000, inc_x_i = 1.000000, inc_y_i = 1.000000
En el else......

----------------------------------------
x = 6.000000, y = 272.000000
avance = -357.000000, avanceR = 2.000000, avanceI = 2.000000
inc_x_r = 0.000000, inc_y_r = 1.000000, inc_x_i = 1.000000, inc_y_i = 1.000000
En el else......

----------------------------------------
x = 6.000000, y = 273.000000
avance = -355.000000, avanceR = 2.000000, avanceI = 2.000000
inc_x_r = 0.000000, inc_y_r = 1.000000, inc_x_i = 1.000000, inc_y_i = 1.000000
En el else......

----------------------------------------
x = 6.000000, y = 274.000000
avance = -353.000000, avanceR = 2.000000, avanceI = 2.000000
inc_x_r = 0.000000, inc_y_r = 1.000000, inc_x_i = 1.000000, inc_y_i = 1.000000
En el else......

----------------------------------------
x = 6.000000, y = 275.000000
avance = -351.000000, avanceR = 2.000000, avanceI = 2.000000
inc_x_r = 0.000000, inc_y_r = 1.000000, inc_x_i = 1.000000, inc_y_i = 1.000000
En el else......

----------------------------------------
x = 6.000000, y = 276.000000
avance = -349.000000, avanceR = 2.000000, avanceI = 2.000000
inc_x_r = 0.000000, inc_y_r = 1.000000, inc_x_i = 1.000000, inc_y_i = 1.000000
En el else......

----------------------------------------
x = 6.000000, y = 277.000000
avance = -347.000000, avanceR = 2.000000, avanceI = 2.000000
inc_x_r = 0.000000, inc_y_r = 1.000000, inc_x_i = 1.000000, inc_y_i = 1.000000
En el else......

----------------------------------------
x = 6.000000, y = 278.000000
avance = -345.000000, avanceR = 2.000000, avanceI = 2.000000
inc_x_r = 0.000000, inc_y_r = 1.000000, inc_x_i = 1.000000, inc_y_i = 1.000000
En el else......

----------------------------------------
x = 6.000000, y = 279.000000
avance = -343.000000, avanceR = 2.000000, avanceI = 2.000000
inc_x_r = 0.000000, inc_y_r = 1.000000, inc_x_i = 1.000000, inc_y_i = 1.000000
En el else......

----------------------------------------
x = 6.000000, y = 280.000000
avance = -341.000000, avanceR = 2.000000, avanceI = 2.000000
inc_x_r = 0.000000, inc_y_r = 1.000000, inc_x_i = 1.000000, inc_y_i = 1.000000
En el else......

----------------------------------------
x = 6.000000, y = 281.000000
avance = -339.000000, avanceR = 2.000000, avanceI = 2.000000
inc_x_r = 0.000000, inc_y_r = 1.000000, inc_x_i = 1.000000, inc_y_i = 1.000000
En el else......

----------------------------------------
x = 6.000000, y = 282.000000
avance = -337.000000, avanceR = 2.000000, avanceI = 2.000000
inc_x_r = 0.000000, inc_y_r = 1.000000, inc_x_i = 1.000000, inc_y_i = 1.000000
En el else......

----------------------------------------
x = 6.000000, y = 283.000000
avance = -335.000000, avanceR = 2.000000, avanceI = 2.000000
inc_x_r = 0.000000, inc_y_r = 1.000000, inc_x_i = 1.000000, inc_y_i = 1.000000
En el else......

----------------------------------------
x = 6.000000, y = 284.000000
avance = -333.000000, avanceR = 2.000000, avanceI = 2.000000
inc_x_r = 0.000000, inc_y_r = 1.000000, inc_x_i = 1.000000, inc_y_i = 1.000000
En el else......

----------------------------------------
x = 6.000000, y = 285.000000
avance = -331.000000, avanceR = 2.000000, avanceI = 2.000000
inc_x_r = 0.000000, inc_y_r = 1.000000, inc_x_i = 1.000000, inc_y_i = 1.000000
En el else......

----------------------------------------
x = 6.000000, y = 286.000000
avance = -329.000000, avanceR = 2.000000, avanceI = 2.000000
inc_x_r = 0.000000, inc_y_r = 1.000000, inc_x_i = 1.000000, inc_y_i = 1.000000
En el else......

----------------------------------------
x = 6.000000, y = 287.000000
avance = -327.000000, avanceR = 2.000000, avanceI = 2.000000
inc_x_r = 0.000000, inc_y_r = 1.000000, inc_x_i = 1.000000, inc_y_i = 1.000000
En el else......

----------------------------------------
x = 6.000000, y = 288.000000
avance = -325.000000, avanceR = 2.000000, avanceI = 2.000000
inc_x_r = 0.000000, inc_y_r = 1.000000, inc_x_i = 1.000000, inc_y_i = 1.000000
En el else......

----------------------------------------
x = 6.000000, y = 289.000000
avance = -323.000000, avanceR = 2.000000, avanceI = 2.000000
inc_x_r = 0.000000, inc_y_r = 1.000000, inc_x_i = 1.000000, inc_y_i = 1.000000
En el else......

----------------------------------------
x = 6.000000, y = 290.000000
avance = -321.000000, avanceR = 2.000000, avanceI = 2.000000
inc_x_r = 0.000000, inc_y_r = 1.000000, inc_x_i = 1.000000, inc_y_i = 1.000000
En el else......

----------------------------------------
x = 6.000000, y = 291.000000
avance = -319.000000, avanceR = 2.000000, avanceI = 2.000000
inc_x_r = 0.000000, inc_y_r = 1.000000, inc_x_i = 1.000000, inc_y_i = 1.000000
En el else......

----------------------------------------
x = 6.000000, y = 292.000000
avance = -317.000000, avanceR = 2.000000, avanceI = 2.000000
inc_x_r = 0.000000, inc_y_r = 1.000000, inc_x_i = 1.000000, inc_y_i = 1.000000
En el else......

----------------------------------------
x = 6.000000, y = 293.000000
avance = -315.000000, avanceR = 2.000000, avanceI = 2.000000
inc_x_r = 0.000000, inc_y_r = 1.000000, inc_x_i = 1.000000, inc_y_i = 1.000000
En el else......

----------------------------------------
x = 6.000000, y = 294.000000
avance = -313.000000, avanceR = 2.000000, avanceI = 2.000000
inc_x_r = 0.000000, inc_y_r = 1.000000, inc_x_i = 1.000000, inc_y_i = 1.000000
En el else......

----------------------------------------
x = 6.000000, y = 295.000000
avance = -311.000000, avanceR = 2.000000, avanceI = 2.000000
inc_x_r = 0.000000, inc_y_r = 1.000000, inc_x_i = 1.000000, inc_y_i = 1.000000
En el else......

----------------------------------------
x = 6.000000, y = 296.000000
avance = -309.000000, avanceR = 2.000000, avanceI = 2.000000
inc_x_r = 0.000000, inc_y_r = 1.000000, inc_x_i = 1.000000, inc_y_i = 1.000000
En el else......

----------------------------------------
x = 6.000000, y = 297.000000
avance = -307.000000, avanceR = 2.000000, avanceI = 2.000000
inc_x_r = 0.000000, inc_y_r = 1.000000, inc_x_i = 1.000000, inc_y_i = 1.000000
En el else......

----------------------------------------
x = 6.000000, y = 298.000000
avance = -305.000000, avanceR = 2.000000, avanceI = 2.000000
inc_x_r = 0.000000, inc_y_r = 1.000000, inc_x_i = 1.000000, inc_y_i = 1.000000
En el else......

----------------------------------------
x = 6.000000, y = 299.000000
avance = -303.000000, avanceR = 2.000000, avanceI = 2.000000
inc_x_r = 0.000000, inc_y_r = 1.000000, inc_x_i = 1.000000, inc_y_i = 1.000000
En el else......

----------------------------------------
x = 6.000000, y = 300.000000
avance = -301.000000, avanceR = 2.000000, avanceI = 2.000000
inc_x_r = 0.000000, inc_y_r = 1.000000, inc_x_i = 1.000000, inc_y_i = 1.000000
En el else......

----------------------------------------
x = 6.000000, y = 301.000000
avance = -299.000000, avanceR = 2.000000, avanceI = 2.000000
inc_x_r = 0.000000, inc_y_r = 1.000000, inc_x_i = 1.000000, inc_y_i = 1.000000
En el else......

----------------------------------------
x = 6.000000, y = 302.000000
avance = -297.000000, avanceR = 2.000000, avanceI = 2.000000
inc_x_r = 0.000000, inc_y_r = 1.000000, inc_x_i = 1.000000, inc_y_i = 1.000000
En el else......

----------------------------------------
x = 6.000000, y = 303.000000
avance = -295.000000, avanceR = 2.000000, avanceI = 2.000000
inc_x_r = 0.000000, inc_y_r = 1.000000, inc_x_i = 1.000000, inc_y_i = 1.000000
En el else......

----------------------------------------
x = 6.000000, y = 304.000000
avance = -293.000000, avanceR = 2.000000, avanceI = 2.000000
inc_x_r = 0.000000, inc_y_r = 1.000000, inc_x_i = 1.000000, inc_y_i = 1.000000
En el else......

----------------------------------------
x = 6.000000, y = 305.000000
avance = -291.000000, avanceR = 2.000000, avanceI = 2.000000
inc_x_r = 0.000000, inc_y_r = 1.000000, inc_x_i = 1.000000, inc_y_i = 1.000000
En el else......

----------------------------------------
x = 6.000000, y = 306.000000
avance = -289.000000, avanceR = 2.000000, avanceI = 2.000000
inc_x_r = 0.000000, inc_y_r = 1.000000, inc_x_i = 1.000000, inc_y_i = 1.000000
En el else......

----------------------------------------
x = 6.000000, y = 307.000000
avance = -287.000000, avanceR = 2.000000, avanceI = 2.000000
inc_x_r = 0.000000, inc_y_r = 1.000000, inc_x_i = 1.000000, inc_y_i = 1.000000
En el else......

----------------------------------------
x = 6.000000, y = 308.000000
avance = -285.000000, avanceR = 2.000000, avanceI = 2.000000
inc_x_r = 0.000000, inc_y_r = 1.000000, inc_x_i = 1.000000, inc_y_i = 1.000000
En el else......

----------------------------------------
x = 6.000000, y = 309.000000
avance = -283.000000, avanceR = 2.000000, avanceI = 2.000000
inc_x_r = 0.000000, inc_y_r = 1.000000, inc_x_i = 1.000000, inc_y_i = 1.000000
En el else......

----------------------------------------
x = 6.000000, y = 310.000000
avance = -281.000000, avanceR = 2.000000, avanceI = 2.000000
inc_x_r = 0.000000, inc_y_r = 1.000000, inc_x_i = 1.000000, inc_y_i = 1.000000
En el else......

----------------------------------------
x = 6.000000, y = 311.000000
avance = -279.000000, avanceR = 2.000000, avanceI = 2.000000
inc_x_r = 0.000000, inc_y_r = 1.000000, inc_x_i = 1.000000, inc_y_i = 1.000000
En el else......

----------------------------------------
x = 6.000000, y = 312.000000
avance = -277.000000, avanceR = 2.000000, avanceI = 2.000000
inc_x_r = 0.000000, inc_y_r = 1.000000, inc_x_i = 1.000000, inc_y_i = 1.000000
En el else......

----------------------------------------
x = 6.000000, y = 313.000000
avance = -275.000000, avanceR = 2.000000, avanceI = 2.000000
inc_x_r = 0.000000, inc_y_r = 1.000000, inc_x_i = 1.000000, inc_y_i = 1.000000
En el else......

----------------------------------------
x = 6.000000, y = 314.000000
avance = -273.000000, avanceR = 2.000000, avanceI = 2.000000
inc_x_r = 0.000000, inc_y_r = 1.000000, inc_x_i = 1.000000, inc_y_i = 1.000000
En el else......

----------------------------------------
x = 6.000000, y = 315.000000
avance = -271.000000, avanceR = 2.000000, avanceI = 2.000000
inc_x_r = 0.000000, inc_y_r = 1.000000, inc_x_i = 1.000000, inc_y_i = 1.000000
En el else......

----------------------------------------
x = 6.000000, y = 316.000000
avance = -269.000000, avanceR = 2.000000, avanceI = 2.000000
inc_x_r = 0.000000, inc_y_r = 1.000000, inc_x_i = 1.000000, inc_y_i = 1.000000
En el else......

----------------------------------------
x = 6.000000, y = 317.000000
avance = -267.000000, avanceR = 2.000000, avanceI = 2.000000
inc_x_r = 0.000000, inc_y_r = 1.000000, inc_x_i = 1.000000, inc_y_i = 1.000000
En el else......

----------------------------------------
x = 6.000000, y = 318.000000
avance = -265.000000, avanceR = 2.000000, avanceI = 2.000000
inc_x_r = 0.000000, inc_y_r = 1.000000, inc_x_i = 1.000000, inc_y_i = 1.000000
En el else......

----------------------------------------
x = 6.000000, y = 319.000000
avance = -263.000000, avanceR = 2.000000, avanceI = 2.000000
inc_x_r = 0.000000, inc_y_r = 1.000000, inc_x_i = 1.000000, inc_y_i = 1.000000
En el else......

----------------------------------------
x = 6.000000, y = 320.000000
avance = -261.000000, avanceR = 2.000000, avanceI = 2.000000
inc_x_r = 0.000000, inc_y_r = 1.000000, inc_x_i = 1.000000, inc_y_i = 1.000000
En el else......

----------------------------------------
x = 6.000000, y = 321.000000
avance = -259.000000, avanceR = 2.000000, avanceI = 2.000000
inc_x_r = 0.000000, inc_y_r = 1.000000, inc_x_i = 1.000000, inc_y_i = 1.000000
En el else......

----------------------------------------
x = 6.000000, y = 322.000000
avance = -257.000000, avanceR = 2.000000, avanceI = 2.000000
inc_x_r = 0.000000, inc_y_r = 1.000000, inc_x_i = 1.000000, inc_y_i = 1.000000
En el else......

----------------------------------------
x = 6.000000, y = 323.000000
avance = -255.000000, avanceR = 2.000000, avanceI = 2.000000
inc_x_r = 0.000000, inc_y_r = 1.000000, inc_x_i = 1.000000, inc_y_i = 1.000000
En el else......

----------------------------------------
x = 6.000000, y = 324.000000
avance = -253.000000, avanceR = 2.000000, avanceI = 2.000000
inc_x_r = 0.000000, inc_y_r = 1.000000, inc_x_i = 1.000000, inc_y_i = 1.000000
En el else......

----------------------------------------
x = 6.000000, y = 325.000000
avance = -251.000000, avanceR = 2.000000, avanceI = 2.000000
inc_x_r = 0.000000, inc_y_r = 1.000000, inc_x_i = 1.000000, inc_y_i = 1.000000
En el else......

----------------------------------------


ENTRAMOS A BRESENHAMªªªª
x1 = 5.000000 - y1 = 75.000000 || x2 = 6.000000 - y2 = 326.000000
dy = 251.000000, dx = 1.000000
avances inclinados: inc_x_i = 1.000000, inc_y_i = 1.000000
updated: dy = 251.000000, dx = 1.000000
avances rectos: inc_x_r = 0.000000, inc_y_r 1.000000
reupdated: dy = 1.000000, dx = 251.000000
avanceR = 2.000000, avance -249.000000, avanceI 2.000000
----------------------------------------
x = 5.000000, y = 75.000000
avance = -249.000000, avanceR = 2.000000, avanceI = 2.000000
inc_x_r = 0.000000, inc_y_r = 1.000000, inc_x_i = 1.000000, inc_y_i = 1.000000
En el else......

----------------------------------------
x = 5.000000, y = 76.000000
avance = -247.000000, avanceR = 2.000000, avanceI = 2.000000
inc_x_r = 0.000000, inc_y_r = 1.000000, inc_x_i = 1.000000, inc_y_i = 1.000000
En el else......

----------------------------------------
x = 5.000000, y = 77.000000
avance = -245.000000, avanceR = 2.000000, avanceI = 2.000000
inc_x_r = 0.000000, inc_y_r = 1.000000, inc_x_i = 1.000000, inc_y_i = 1.000000
En el else......

----------------------------------------
x = 5.000000, y = 78.000000
avance = -243.000000, avanceR = 2.000000, avanceI = 2.000000
inc_x_r = 0.000000, inc_y_r = 1.000000, inc_x_i = 1.000000, inc_y_i = 1.000000
En el else......

----------------------------------------
x = 5.000000, y = 79.000000
avance = -241.000000, avanceR = 2.000000, avanceI = 2.000000
inc_x_r = 0.000000, inc_y_r = 1.000000, inc_x_i = 1.000000, inc_y_i = 1.000000
En el else......

----------------------------------------
x = 5.000000, y = 80.000000
avance = -239.000000, avanceR = 2.000000, avanceI = 2.000000
inc_x_r = 0.000000, inc_y_r = 1.000000, inc_x_i = 1.000000, inc_y_i = 1.000000
En el else......

----------------------------------------
x = 5.000000, y = 81.000000
avance = -237.000000, avanceR = 2.000000, avanceI = 2.000000
inc_x_r = 0.000000, inc_y_r = 1.000000, inc_x_i = 1.000000, inc_y_i = 1.000000
En el else......

----------------------------------------
x = 5.000000, y = 82.000000
avance = -235.000000, avanceR = 2.000000, avanceI = 2.000000
inc_x_r = 0.000000, inc_y_r = 1.000000, inc_x_i = 1.000000, inc_y_i = 1.000000
En el else......

----------------------------------------
x = 5.000000, y = 83.000000
avance = -233.000000, avanceR = 2.000000, avanceI = 2.000000
inc_x_r = 0.000000, inc_y_r = 1.000000, inc_x_i = 1.000000, inc_y_i = 1.000000
En el else......

----------------------------------------
x = 5.000000, y = 84.000000
avance = -231.000000, avanceR = 2.000000, avanceI = 2.000000
inc_x_r = 0.000000, inc_y_r = 1.000000, inc_x_i = 1.000000, inc_y_i = 1.000000
En el else......

----------------------------------------
x = 5.000000, y = 85.000000
avance = -229.000000, avanceR = 2.000000, avanceI = 2.000000
inc_x_r = 0.000000, inc_y_r = 1.000000, inc_x_i = 1.000000, inc_y_i = 1.000000
En el else......

----------------------------------------
x = 5.000000, y = 86.000000
avance = -227.000000, avanceR = 2.000000, avanceI = 2.000000
inc_x_r = 0.000000, inc_y_r = 1.000000, inc_x_i = 1.000000, inc_y_i = 1.000000
En el else......

----------------------------------------
x = 5.000000, y = 87.000000
avance = -225.000000, avanceR = 2.000000, avanceI = 2.000000
inc_x_r = 0.000000, inc_y_r = 1.000000, inc_x_i = 1.000000, inc_y_i = 1.000000
En el else......

----------------------------------------
x = 5.000000, y = 88.000000
avance = -223.000000, avanceR = 2.000000, avanceI = 2.000000
inc_x_r = 0.000000, inc_y_r = 1.000000, inc_x_i = 1.000000, inc_y_i = 1.000000
En el else......

----------------------------------------
x = 5.000000, y = 89.000000
avance = -221.000000, avanceR = 2.000000, avanceI = 2.000000
inc_x_r = 0.000000, inc_y_r = 1.000000, inc_x_i = 1.000000, inc_y_i = 1.000000
En el else......

----------------------------------------
x = 5.000000, y = 90.000000
avance = -219.000000, avanceR = 2.000000, avanceI = 2.000000
inc_x_r = 0.000000, inc_y_r = 1.000000, inc_x_i = 1.000000, inc_y_i = 1.000000
En el else......

----------------------------------------
x = 5.000000, y = 91.000000
avance = -217.000000, avanceR = 2.000000, avanceI = 2.000000
inc_x_r = 0.000000, inc_y_r = 1.000000, inc_x_i = 1.000000, inc_y_i = 1.000000
En el else......

----------------------------------------
x = 5.000000, y = 92.000000
avance = -215.000000, avanceR = 2.000000, avanceI = 2.000000
inc_x_r = 0.000000, inc_y_r = 1.000000, inc_x_i = 1.000000, inc_y_i = 1.000000
En el else......

----------------------------------------
x = 5.000000, y = 93.000000
avance = -213.000000, avanceR = 2.000000, avanceI = 2.000000
inc_x_r = 0.000000, inc_y_r = 1.000000, inc_x_i = 1.000000, inc_y_i = 1.000000
En el else......

----------------------------------------
x = 5.000000, y = 94.000000
avance = -211.000000, avanceR = 2.000000, avanceI = 2.000000
inc_x_r = 0.000000, inc_y_r = 1.000000, inc_x_i = 1.000000, inc_y_i = 1.000000
En el else......

----------------------------------------
x = 5.000000, y = 95.000000
avance = -209.000000, avanceR = 2.000000, avanceI = 2.000000
inc_x_r = 0.000000, inc_y_r = 1.000000, inc_x_i = 1.000000, inc_y_i = 1.000000
En el else......

----------------------------------------
x = 5.000000, y = 96.000000
avance = -207.000000, avanceR = 2.000000, avanceI = 2.000000
inc_x_r = 0.000000, inc_y_r = 1.000000, inc_x_i = 1.000000, inc_y_i = 1.000000
En el else......

----------------------------------------
x = 5.000000, y = 97.000000
avance = -205.000000, avanceR = 2.000000, avanceI = 2.000000
inc_x_r = 0.000000, inc_y_r = 1.000000, inc_x_i = 1.000000, inc_y_i = 1.000000
En el else......

----------------------------------------
x = 5.000000, y = 98.000000
avance = -203.000000, avanceR = 2.000000, avanceI = 2.000000
inc_x_r = 0.000000, inc_y_r = 1.000000, inc_x_i = 1.000000, inc_y_i = 1.000000
En el else......

----------------------------------------
x = 5.000000, y = 99.000000
avance = -201.000000, avanceR = 2.000000, avanceI = 2.000000
inc_x_r = 0.000000, inc_y_r = 1.000000, inc_x_i = 1.000000, inc_y_i = 1.000000
En el else......

----------------------------------------
x = 5.000000, y = 100.000000
avance = -199.000000, avanceR = 2.000000, avanceI = 2.000000
inc_x_r = 0.000000, inc_y_r = 1.000000, inc_x_i = 1.000000, inc_y_i = 1.000000
En el else......

----------------------------------------
x = 5.000000, y = 101.000000
avance = -197.000000, avanceR = 2.000000, avanceI = 2.000000
inc_x_r = 0.000000, inc_y_r = 1.000000, inc_x_i = 1.000000, inc_y_i = 1.000000
En el else......

----------------------------------------
x = 5.000000, y = 102.000000
avance = -195.000000, avanceR = 2.000000, avanceI = 2.000000
inc_x_r = 0.000000, inc_y_r = 1.000000, inc_x_i = 1.000000, inc_y_i = 1.000000
En el else......

----------------------------------------
x = 5.000000, y = 103.000000
avance = -193.000000, avanceR = 2.000000, avanceI = 2.000000
inc_x_r = 0.000000, inc_y_r = 1.000000, inc_x_i = 1.000000, inc_y_i = 1.000000
En el else......

----------------------------------------
x = 5.000000, y = 104.000000
avance = -191.000000, avanceR = 2.000000, avanceI = 2.000000
inc_x_r = 0.000000, inc_y_r = 1.000000, inc_x_i = 1.000000, inc_y_i = 1.000000
En el else......

----------------------------------------
x = 5.000000, y = 105.000000
avance = -189.000000, avanceR = 2.000000, avanceI = 2.000000
inc_x_r = 0.000000, inc_y_r = 1.000000, inc_x_i = 1.000000, inc_y_i = 1.000000
En el else......

----------------------------------------
x = 5.000000, y = 106.000000
avance = -187.000000, avanceR = 2.000000, avanceI = 2.000000
inc_x_r = 0.000000, inc_y_r = 1.000000, inc_x_i = 1.000000, inc_y_i = 1.000000
En el else......

----------------------------------------
x = 5.000000, y = 107.000000
avance = -185.000000, avanceR = 2.000000, avanceI = 2.000000
inc_x_r = 0.000000, inc_y_r = 1.000000, inc_x_i = 1.000000, inc_y_i = 1.000000
En el else......

----------------------------------------
x = 5.000000, y = 108.000000
avance = -183.000000, avanceR = 2.000000, avanceI = 2.000000
inc_x_r = 0.000000, inc_y_r = 1.000000, inc_x_i = 1.000000, inc_y_i = 1.000000
En el else......

----------------------------------------
x = 5.000000, y = 109.000000
avance = -181.000000, avanceR = 2.000000, avanceI = 2.000000
inc_x_r = 0.000000, inc_y_r = 1.000000, inc_x_i = 1.000000, inc_y_i = 1.000000
En el else......

----------------------------------------
x = 5.000000, y = 110.000000
avance = -179.000000, avanceR = 2.000000, avanceI = 2.000000
inc_x_r = 0.000000, inc_y_r = 1.000000, inc_x_i = 1.000000, inc_y_i = 1.000000
En el else......

----------------------------------------
x = 5.000000, y = 111.000000
avance = -177.000000, avanceR = 2.000000, avanceI = 2.000000
inc_x_r = 0.000000, inc_y_r = 1.000000, inc_x_i = 1.000000, inc_y_i = 1.000000
En el else......

----------------------------------------
x = 5.000000, y = 112.000000
avance = -175.000000, avanceR = 2.000000, avanceI = 2.000000
inc_x_r = 0.000000, inc_y_r = 1.000000, inc_x_i = 1.000000, inc_y_i = 1.000000
En el else......

----------------------------------------
x = 5.000000, y = 113.000000
avance = -173.000000, avanceR = 2.000000, avanceI = 2.000000
inc_x_r = 0.000000, inc_y_r = 1.000000, inc_x_i = 1.000000, inc_y_i = 1.000000
En el else......

----------------------------------------
x = 5.000000, y = 114.000000
avance = -171.000000, avanceR = 2.000000, avanceI = 2.000000
inc_x_r = 0.000000, inc_y_r = 1.000000, inc_x_i = 1.000000, inc_y_i = 1.000000
En el else......

----------------------------------------
x = 5.000000, y = 115.000000
avance = -169.000000, avanceR = 2.000000, avanceI = 2.000000
inc_x_r = 0.000000, inc_y_r = 1.000000, inc_x_i = 1.000000, inc_y_i = 1.000000
En el else......

----------------------------------------
x = 5.000000, y = 116.000000
avance = -167.000000, avanceR = 2.000000, avanceI = 2.000000
inc_x_r = 0.000000, inc_y_r = 1.000000, inc_x_i = 1.000000, inc_y_i = 1.000000
En el else......

----------------------------------------
x = 5.000000, y = 117.000000
avance = -165.000000, avanceR = 2.000000, avanceI = 2.000000
inc_x_r = 0.000000, inc_y_r = 1.000000, inc_x_i = 1.000000, inc_y_i = 1.000000
En el else......

----------------------------------------
x = 5.000000, y = 118.000000
avance = -163.000000, avanceR = 2.000000, avanceI = 2.000000
inc_x_r = 0.000000, inc_y_r = 1.000000, inc_x_i = 1.000000, inc_y_i = 1.000000
En el else......

----------------------------------------
x = 5.000000, y = 119.000000
avance = -161.000000, avanceR = 2.000000, avanceI = 2.000000
inc_x_r = 0.000000, inc_y_r = 1.000000, inc_x_i = 1.000000, inc_y_i = 1.000000
En el else......

----------------------------------------
x = 5.000000, y = 120.000000
avance = -159.000000, avanceR = 2.000000, avanceI = 2.000000
inc_x_r = 0.000000, inc_y_r = 1.000000, inc_x_i = 1.000000, inc_y_i = 1.000000
En el else......

----------------------------------------
x = 5.000000, y = 121.000000
avance = -157.000000, avanceR = 2.000000, avanceI = 2.000000
inc_x_r = 0.000000, inc_y_r = 1.000000, inc_x_i = 1.000000, inc_y_i = 1.000000
En el else......

----------------------------------------
x = 5.000000, y = 122.000000
avance = -155.000000, avanceR = 2.000000, avanceI = 2.000000
inc_x_r = 0.000000, inc_y_r = 1.000000, inc_x_i = 1.000000, inc_y_i = 1.000000
En el else......

----------------------------------------
x = 5.000000, y = 123.000000
avance = -153.000000, avanceR = 2.000000, avanceI = 2.000000
inc_x_r = 0.000000, inc_y_r = 1.000000, inc_x_i = 1.000000, inc_y_i = 1.000000
En el else......

----------------------------------------
x = 5.000000, y = 124.000000
avance = -151.000000, avanceR = 2.000000, avanceI = 2.000000
inc_x_r = 0.000000, inc_y_r = 1.000000, inc_x_i = 1.000000, inc_y_i = 1.000000
En el else......

----------------------------------------
x = 5.000000, y = 125.000000
avance = -149.000000, avanceR = 2.000000, avanceI = 2.000000
inc_x_r = 0.000000, inc_y_r = 1.000000, inc_x_i = 1.000000, inc_y_i = 1.000000
En el else......

----------------------------------------
x = 5.000000, y = 126.000000
avance = -147.000000, avanceR = 2.000000, avanceI = 2.000000
inc_x_r = 0.000000, inc_y_r = 1.000000, inc_x_i = 1.000000, inc_y_i = 1.000000
En el else......

----------------------------------------
x = 5.000000, y = 127.000000
avance = -145.000000, avanceR = 2.000000, avanceI = 2.000000
inc_x_r = 0.000000, inc_y_r = 1.000000, inc_x_i = 1.000000, inc_y_i = 1.000000
En el else......

----------------------------------------
x = 5.000000, y = 128.000000
avance = -143.000000, avanceR = 2.000000, avanceI = 2.000000
inc_x_r = 0.000000, inc_y_r = 1.000000, inc_x_i = 1.000000, inc_y_i = 1.000000
En el else......

----------------------------------------
x = 5.000000, y = 129.000000
avance = -141.000000, avanceR = 2.000000, avanceI = 2.000000
inc_x_r = 0.000000, inc_y_r = 1.000000, inc_x_i = 1.000000, inc_y_i = 1.000000
En el else......

----------------------------------------
x = 5.000000, y = 130.000000
avance = -139.000000, avanceR = 2.000000, avanceI = 2.000000
inc_x_r = 0.000000, inc_y_r = 1.000000, inc_x_i = 1.000000, inc_y_i = 1.000000
En el else......

----------------------------------------
x = 5.000000, y = 131.000000
avance = -137.000000, avanceR = 2.000000, avanceI = 2.000000
inc_x_r = 0.000000, inc_y_r = 1.000000, inc_x_i = 1.000000, inc_y_i = 1.000000
En el else......

----------------------------------------
x = 5.000000, y = 132.000000
avance = -135.000000, avanceR = 2.000000, avanceI = 2.000000
inc_x_r = 0.000000, inc_y_r = 1.000000, inc_x_i = 1.000000, inc_y_i = 1.000000
En el else......

----------------------------------------
x = 5.000000, y = 133.000000
avance = -133.000000, avanceR = 2.000000, avanceI = 2.000000
inc_x_r = 0.000000, inc_y_r = 1.000000, inc_x_i = 1.000000, inc_y_i = 1.000000
En el else......

----------------------------------------
x = 5.000000, y = 134.000000
avance = -131.000000, avanceR = 2.000000, avanceI = 2.000000
inc_x_r = 0.000000, inc_y_r = 1.000000, inc_x_i = 1.000000, inc_y_i = 1.000000
En el else......

----------------------------------------
x = 5.000000, y = 135.000000
avance = -129.000000, avanceR = 2.000000, avanceI = 2.000000
inc_x_r = 0.000000, inc_y_r = 1.000000, inc_x_i = 1.000000, inc_y_i = 1.000000
En el else......

----------------------------------------
x = 5.000000, y = 136.000000
avance = -127.000000, avanceR = 2.000000, avanceI = 2.000000
inc_x_r = 0.000000, inc_y_r = 1.000000, inc_x_i = 1.000000, inc_y_i = 1.000000
En el else......

----------------------------------------
x = 5.000000, y = 137.000000
avance = -125.000000, avanceR = 2.000000, avanceI = 2.000000
inc_x_r = 0.000000, inc_y_r = 1.000000, inc_x_i = 1.000000, inc_y_i = 1.000000
En el else......

----------------------------------------
x = 5.000000, y = 138.000000
avance = -123.000000, avanceR = 2.000000, avanceI = 2.000000
inc_x_r = 0.000000, inc_y_r = 1.000000, inc_x_i = 1.000000, inc_y_i = 1.000000
En el else......

----------------------------------------
x = 5.000000, y = 139.000000
avance = -121.000000, avanceR = 2.000000, avanceI = 2.000000
inc_x_r = 0.000000, inc_y_r = 1.000000, inc_x_i = 1.000000, inc_y_i = 1.000000
En el else......

----------------------------------------
x = 5.000000, y = 140.000000
avance = -119.000000, avanceR = 2.000000, avanceI = 2.000000
inc_x_r = 0.000000, inc_y_r = 1.000000, inc_x_i = 1.000000, inc_y_i = 1.000000
En el else......

----------------------------------------
x = 5.000000, y = 141.000000
avance = -117.000000, avanceR = 2.000000, avanceI = 2.000000
inc_x_r = 0.000000, inc_y_r = 1.000000, inc_x_i = 1.000000, inc_y_i = 1.000000
En el else......

----------------------------------------
x = 5.000000, y = 142.000000
avance = -115.000000, avanceR = 2.000000, avanceI = 2.000000
inc_x_r = 0.000000, inc_y_r = 1.000000, inc_x_i = 1.000000, inc_y_i = 1.000000
En el else......

----------------------------------------
x = 5.000000, y = 143.000000
avance = -113.000000, avanceR = 2.000000, avanceI = 2.000000
inc_x_r = 0.000000, inc_y_r = 1.000000, inc_x_i = 1.000000, inc_y_i = 1.000000
En el else......

----------------------------------------
x = 5.000000, y = 144.000000
avance = -111.000000, avanceR = 2.000000, avanceI = 2.000000
inc_x_r = 0.000000, inc_y_r = 1.000000, inc_x_i = 1.000000, inc_y_i = 1.000000
En el else......

----------------------------------------
x = 5.000000, y = 145.000000
avance = -109.000000, avanceR = 2.000000, avanceI = 2.000000
inc_x_r = 0.000000, inc_y_r = 1.000000, inc_x_i = 1.000000, inc_y_i = 1.000000
En el else......

----------------------------------------
x = 5.000000, y = 146.000000
avance = -107.000000, avanceR = 2.000000, avanceI = 2.000000
inc_x_r = 0.000000, inc_y_r = 1.000000, inc_x_i = 1.000000, inc_y_i = 1.000000
En el else......

----------------------------------------
x = 5.000000, y = 147.000000
avance = -105.000000, avanceR = 2.000000, avanceI = 2.000000
inc_x_r = 0.000000, inc_y_r = 1.000000, inc_x_i = 1.000000, inc_y_i = 1.000000
En el else......

----------------------------------------
x = 5.000000, y = 148.000000
avance = -103.000000, avanceR = 2.000000, avanceI = 2.000000
inc_x_r = 0.000000, inc_y_r = 1.000000, inc_x_i = 1.000000, inc_y_i = 1.000000
En el else......

----------------------------------------
x = 5.000000, y = 149.000000
avance = -101.000000, avanceR = 2.000000, avanceI = 2.000000
inc_x_r = 0.000000, inc_y_r = 1.000000, inc_x_i = 1.000000, inc_y_i = 1.000000
En el else......

----------------------------------------
x = 5.000000, y = 150.000000
avance = -99.000000, avanceR = 2.000000, avanceI = 2.000000
inc_x_r = 0.000000, inc_y_r = 1.000000, inc_x_i = 1.000000, inc_y_i = 1.000000
En el else......

----------------------------------------
x = 5.000000, y = 151.000000
avance = -97.000000, avanceR = 2.000000, avanceI = 2.000000
inc_x_r = 0.000000, inc_y_r = 1.000000, inc_x_i = 1.000000, inc_y_i = 1.000000
En el else......

----------------------------------------
x = 5.000000, y = 152.000000
avance = -95.000000, avanceR = 2.000000, avanceI = 2.000000
inc_x_r = 0.000000, inc_y_r = 1.000000, inc_x_i = 1.000000, inc_y_i = 1.000000
En el else......

----------------------------------------
x = 5.000000, y = 153.000000
avance = -93.000000, avanceR = 2.000000, avanceI = 2.000000
inc_x_r = 0.000000, inc_y_r = 1.000000, inc_x_i = 1.000000, inc_y_i = 1.000000
En el else......

----------------------------------------
x = 5.000000, y = 154.000000
avance = -91.000000, avanceR = 2.000000, avanceI = 2.000000
inc_x_r = 0.000000, inc_y_r = 1.000000, inc_x_i = 1.000000, inc_y_i = 1.000000
En el else......

----------------------------------------
x = 5.000000, y = 155.000000
avance = -89.000000, avanceR = 2.000000, avanceI = 2.000000
inc_x_r = 0.000000, inc_y_r = 1.000000, inc_x_i = 1.000000, inc_y_i = 1.000000
En el else......

----------------------------------------
x = 5.000000, y = 156.000000
avance = -87.000000, avanceR = 2.000000, avanceI = 2.000000
inc_x_r = 0.000000, inc_y_r = 1.000000, inc_x_i = 1.000000, inc_y_i = 1.000000
En el else......

----------------------------------------
x = 5.000000, y = 157.000000
avance = -85.000000, avanceR = 2.000000, avanceI = 2.000000
inc_x_r = 0.000000, inc_y_r = 1.000000, inc_x_i = 1.000000, inc_y_i = 1.000000
En el else......

----------------------------------------
x = 5.000000, y = 158.000000
avance = -83.000000, avanceR = 2.000000, avanceI = 2.000000
inc_x_r = 0.000000, inc_y_r = 1.000000, inc_x_i = 1.000000, inc_y_i = 1.000000
En el else......

----------------------------------------
x = 5.000000, y = 159.000000
avance = -81.000000, avanceR = 2.000000, avanceI = 2.000000
inc_x_r = 0.000000, inc_y_r = 1.000000, inc_x_i = 1.000000, inc_y_i = 1.000000
En el else......

----------------------------------------
x = 5.000000, y = 160.000000
avance = -79.000000, avanceR = 2.000000, avanceI = 2.000000
inc_x_r = 0.000000, inc_y_r = 1.000000, inc_x_i = 1.000000, inc_y_i = 1.000000
En el else......

----------------------------------------
x = 5.000000, y = 161.000000
avance = -77.000000, avanceR = 2.000000, avanceI = 2.000000
inc_x_r = 0.000000, inc_y_r = 1.000000, inc_x_i = 1.000000, inc_y_i = 1.000000
En el else......

----------------------------------------
x = 5.000000, y = 162.000000
avance = -75.000000, avanceR = 2.000000, avanceI = 2.000000
inc_x_r = 0.000000, inc_y_r = 1.000000, inc_x_i = 1.000000, inc_y_i = 1.000000
En el else......

----------------------------------------
x = 5.000000, y = 163.000000
avance = -73.000000, avanceR = 2.000000, avanceI = 2.000000
inc_x_r = 0.000000, inc_y_r = 1.000000, inc_x_i = 1.000000, inc_y_i = 1.000000
En el else......

----------------------------------------
x = 5.000000, y = 164.000000
avance = -71.000000, avanceR = 2.000000, avanceI = 2.000000
inc_x_r = 0.000000, inc_y_r = 1.000000, inc_x_i = 1.000000, inc_y_i = 1.000000
En el else......

----------------------------------------
x = 5.000000, y = 165.000000
avance = -69.000000, avanceR = 2.000000, avanceI = 2.000000
inc_x_r = 0.000000, inc_y_r = 1.000000, inc_x_i = 1.000000, inc_y_i = 1.000000
En el else......

----------------------------------------
x = 5.000000, y = 166.000000
avance = -67.000000, avanceR = 2.000000, avanceI = 2.000000
inc_x_r = 0.000000, inc_y_r = 1.000000, inc_x_i = 1.000000, inc_y_i = 1.000000
En el else......

----------------------------------------
x = 5.000000, y = 167.000000
avance = -65.000000, avanceR = 2.000000, avanceI = 2.000000
inc_x_r = 0.000000, inc_y_r = 1.000000, inc_x_i = 1.000000, inc_y_i = 1.000000
En el else......

----------------------------------------
x = 5.000000, y = 168.000000
avance = -63.000000, avanceR = 2.000000, avanceI = 2.000000
inc_x_r = 0.000000, inc_y_r = 1.000000, inc_x_i = 1.000000, inc_y_i = 1.000000
En el else......

----------------------------------------
x = 5.000000, y = 169.000000
avance = -61.000000, avanceR = 2.000000, avanceI = 2.000000
inc_x_r = 0.000000, inc_y_r = 1.000000, inc_x_i = 1.000000, inc_y_i = 1.000000
En el else......

----------------------------------------
x = 5.000000, y = 170.000000
avance = -59.000000, avanceR = 2.000000, avanceI = 2.000000
inc_x_r = 0.000000, inc_y_r = 1.000000, inc_x_i = 1.000000, inc_y_i = 1.000000
En el else......

----------------------------------------
x = 5.000000, y = 171.000000
avance = -57.000000, avanceR = 2.000000, avanceI = 2.000000
inc_x_r = 0.000000, inc_y_r = 1.000000, inc_x_i = 1.000000, inc_y_i = 1.000000
En el else......

----------------------------------------
x = 5.000000, y = 172.000000
avance = -55.000000, avanceR = 2.000000, avanceI = 2.000000
inc_x_r = 0.000000, inc_y_r = 1.000000, inc_x_i = 1.000000, inc_y_i = 1.000000
En el else......

----------------------------------------
x = 5.000000, y = 173.000000
avance = -53.000000, avanceR = 2.000000, avanceI = 2.000000
inc_x_r = 0.000000, inc_y_r = 1.000000, inc_x_i = 1.000000, inc_y_i = 1.000000
En el else......

----------------------------------------
x = 5.000000, y = 174.000000
avance = -51.000000, avanceR = 2.000000, avanceI = 2.000000
inc_x_r = 0.000000, inc_y_r = 1.000000, inc_x_i = 1.000000, inc_y_i = 1.000000
En el else......

----------------------------------------
x = 5.000000, y = 175.000000
avance = -49.000000, avanceR = 2.000000, avanceI = 2.000000
inc_x_r = 0.000000, inc_y_r = 1.000000, inc_x_i = 1.000000, inc_y_i = 1.000000
En el else......

----------------------------------------
x = 5.000000, y = 176.000000
avance = -47.000000, avanceR = 2.000000, avanceI = 2.000000
inc_x_r = 0.000000, inc_y_r = 1.000000, inc_x_i = 1.000000, inc_y_i = 1.000000
En el else......

----------------------------------------
x = 5.000000, y = 177.000000
avance = -45.000000, avanceR = 2.000000, avanceI = 2.000000
inc_x_r = 0.000000, inc_y_r = 1.000000, inc_x_i = 1.000000, inc_y_i = 1.000000
En el else......

----------------------------------------
x = 5.000000, y = 178.000000
avance = -43.000000, avanceR = 2.000000, avanceI = 2.000000
inc_x_r = 0.000000, inc_y_r = 1.000000, inc_x_i = 1.000000, inc_y_i = 1.000000
En el else......

----------------------------------------
x = 5.000000, y = 179.000000
avance = -41.000000, avanceR = 2.000000, avanceI = 2.000000
inc_x_r = 0.000000, inc_y_r = 1.000000, inc_x_i = 1.000000, inc_y_i = 1.000000
En el else......

----------------------------------------
x = 5.000000, y = 180.000000
avance = -39.000000, avanceR = 2.000000, avanceI = 2.000000
inc_x_r = 0.000000, inc_y_r = 1.000000, inc_x_i = 1.000000, inc_y_i = 1.000000
En el else......

----------------------------------------
x = 5.000000, y = 181.000000
avance = -37.000000, avanceR = 2.000000, avanceI = 2.000000
inc_x_r = 0.000000, inc_y_r = 1.000000, inc_x_i = 1.000000, inc_y_i = 1.000000
En el else......

----------------------------------------
x = 5.000000, y = 182.000000
avance = -35.000000, avanceR = 2.000000, avanceI = 2.000000
inc_x_r = 0.000000, inc_y_r = 1.000000, inc_x_i = 1.000000, inc_y_i = 1.000000
En el else......

----------------------------------------
x = 5.000000, y = 183.000000
avance = -33.000000, avanceR = 2.000000, avanceI = 2.000000
inc_x_r = 0.000000, inc_y_r = 1.000000, inc_x_i = 1.000000, inc_y_i = 1.000000
En el else......

----------------------------------------
x = 5.000000, y = 184.000000
avance = -31.000000, avanceR = 2.000000, avanceI = 2.000000
inc_x_r = 0.000000, inc_y_r = 1.000000, inc_x_i = 1.000000, inc_y_i = 1.000000
En el else......

----------------------------------------
x = 5.000000, y = 185.000000
avance = -29.000000, avanceR = 2.000000, avanceI = 2.000000
inc_x_r = 0.000000, inc_y_r = 1.000000, inc_x_i = 1.000000, inc_y_i = 1.000000
En el else......

----------------------------------------
x = 5.000000, y = 186.000000
avance = -27.000000, avanceR = 2.000000, avanceI = 2.000000
inc_x_r = 0.000000, inc_y_r = 1.000000, inc_x_i = 1.000000, inc_y_i = 1.000000
En el else......

----------------------------------------
x = 5.000000, y = 187.000000
avance = -25.000000, avanceR = 2.000000, avanceI = 2.000000
inc_x_r = 0.000000, inc_y_r = 1.000000, inc_x_i = 1.000000, inc_y_i = 1.000000
En el else......

----------------------------------------
x = 5.000000, y = 188.000000
avance = -23.000000, avanceR = 2.000000, avanceI = 2.000000
inc_x_r = 0.000000, inc_y_r = 1.000000, inc_x_i = 1.000000, inc_y_i = 1.000000
En el else......

----------------------------------------
x = 5.000000, y = 189.000000
avance = -21.000000, avanceR = 2.000000, avanceI = 2.000000
inc_x_r = 0.000000, inc_y_r = 1.000000, inc_x_i = 1.000000, inc_y_i = 1.000000
En el else......

----------------------------------------
x = 5.000000, y = 190.000000
avance = -19.000000, avanceR = 2.000000, avanceI = 2.000000
inc_x_r = 0.000000, inc_y_r = 1.000000, inc_x_i = 1.000000, inc_y_i = 1.000000
En el else......

----------------------------------------
x = 5.000000, y = 191.000000
avance = -17.000000, avanceR = 2.000000, avanceI = 2.000000
inc_x_r = 0.000000, inc_y_r = 1.000000, inc_x_i = 1.000000, inc_y_i = 1.000000
En el else......

----------------------------------------
x = 5.000000, y = 192.000000
avance = -15.000000, avanceR = 2.000000, avanceI = 2.000000
inc_x_r = 0.000000, inc_y_r = 1.000000, inc_x_i = 1.000000, inc_y_i = 1.000000
En el else......

----------------------------------------
x = 5.000000, y = 193.000000
avance = -13.000000, avanceR = 2.000000, avanceI = 2.000000
inc_x_r = 0.000000, inc_y_r = 1.000000, inc_x_i = 1.000000, inc_y_i = 1.000000
En el else......

----------------------------------------
x = 5.000000, y = 194.000000
avance = -11.000000, avanceR = 2.000000, avanceI = 2.000000
inc_x_r = 0.000000, inc_y_r = 1.000000, inc_x_i = 1.000000, inc_y_i = 1.000000
En el else......

----------------------------------------
x = 5.000000, y = 195.000000
avance = -9.000000, avanceR = 2.000000, avanceI = 2.000000
inc_x_r = 0.000000, inc_y_r = 1.000000, inc_x_i = 1.000000, inc_y_i = 1.000000
En el else......

----------------------------------------
x = 5.000000, y = 196.000000
avance = -7.000000, avanceR = 2.000000, avanceI = 2.000000
inc_x_r = 0.000000, inc_y_r = 1.000000, inc_x_i = 1.000000, inc_y_i = 1.000000
En el else......

----------------------------------------
x = 5.000000, y = 197.000000
avance = -5.000000, avanceR = 2.000000, avanceI = 2.000000
inc_x_r = 0.000000, inc_y_r = 1.000000, inc_x_i = 1.000000, inc_y_i = 1.000000
En el else......

----------------------------------------
x = 5.000000, y = 198.000000
avance = -3.000000, avanceR = 2.000000, avanceI = 2.000000
inc_x_r = 0.000000, inc_y_r = 1.000000, inc_x_i = 1.000000, inc_y_i = 1.000000
En el else......

----------------------------------------
x = 5.000000, y = 199.000000
avance = -1.000000, avanceR = 2.000000, avanceI = 2.000000
inc_x_r = 0.000000, inc_y_r = 1.000000, inc_x_i = 1.000000, inc_y_i = 1.000000
En el else......

----------------------------------------
x = 5.000000, y = 200.000000
avance = 1.000000, avanceR = 2.000000, avanceI = 2.000000
inc_x_r = 0.000000, inc_y_r = 1.000000, inc_x_i = 1.000000, inc_y_i = 1.000000
avance >= 0

----------------------------------------
x = 6.000000, y = 201.000000
avance = -499.000000, avanceR = 2.000000, avanceI = 2.000000
inc_x_r = 0.000000, inc_y_r = 1.000000, inc_x_i = 1.000000, inc_y_i = 1.000000
En el else......

----------------------------------------
x = 6.000000, y = 202.000000
avance = -497.000000, avanceR = 2.000000, avanceI = 2.000000
inc_x_r = 0.000000, inc_y_r = 1.000000, inc_x_i = 1.000000, inc_y_i = 1.000000
En el else......

----------------------------------------
x = 6.000000, y = 203.000000
avance = -495.000000, avanceR = 2.000000, avanceI = 2.000000
inc_x_r = 0.000000, inc_y_r = 1.000000, inc_x_i = 1.000000, inc_y_i = 1.000000
En el else......

----------------------------------------
x = 6.000000, y = 204.000000
avance = -493.000000, avanceR = 2.000000, avanceI = 2.000000
inc_x_r = 0.000000, inc_y_r = 1.000000, inc_x_i = 1.000000, inc_y_i = 1.000000
En el else......

----------------------------------------
x = 6.000000, y = 205.000000
avance = -491.000000, avanceR = 2.000000, avanceI = 2.000000
inc_x_r = 0.000000, inc_y_r = 1.000000, inc_x_i = 1.000000, inc_y_i = 1.000000
En el else......

----------------------------------------
x = 6.000000, y = 206.000000
avance = -489.000000, avanceR = 2.000000, avanceI = 2.000000
inc_x_r = 0.000000, inc_y_r = 1.000000, inc_x_i = 1.000000, inc_y_i = 1.000000
En el else......

----------------------------------------
x = 6.000000, y = 207.000000
avance = -487.000000, avanceR = 2.000000, avanceI = 2.000000
inc_x_r = 0.000000, inc_y_r = 1.000000, inc_x_i = 1.000000, inc_y_i = 1.000000
En el else......

----------------------------------------
x = 6.000000, y = 208.000000
avance = -485.000000, avanceR = 2.000000, avanceI = 2.000000
inc_x_r = 0.000000, inc_y_r = 1.000000, inc_x_i = 1.000000, inc_y_i = 1.000000
En el else......

----------------------------------------
x = 6.000000, y = 209.000000
avance = -483.000000, avanceR = 2.000000, avanceI = 2.000000
inc_x_r = 0.000000, inc_y_r = 1.000000, inc_x_i = 1.000000, inc_y_i = 1.000000
En el else......

----------------------------------------
x = 6.000000, y = 210.000000
avance = -481.000000, avanceR = 2.000000, avanceI = 2.000000
inc_x_r = 0.000000, inc_y_r = 1.000000, inc_x_i = 1.000000, inc_y_i = 1.000000
En el else......

----------------------------------------
x = 6.000000, y = 211.000000
avance = -479.000000, avanceR = 2.000000, avanceI = 2.000000
inc_x_r = 0.000000, inc_y_r = 1.000000, inc_x_i = 1.000000, inc_y_i = 1.000000
En el else......

----------------------------------------
x = 6.000000, y = 212.000000
avance = -477.000000, avanceR = 2.000000, avanceI = 2.000000
inc_x_r = 0.000000, inc_y_r = 1.000000, inc_x_i = 1.000000, inc_y_i = 1.000000
En el else......

----------------------------------------
x = 6.000000, y = 213.000000
avance = -475.000000, avanceR = 2.000000, avanceI = 2.000000
inc_x_r = 0.000000, inc_y_r = 1.000000, inc_x_i = 1.000000, inc_y_i = 1.000000
En el else......

----------------------------------------
x = 6.000000, y = 214.000000
avance = -473.000000, avanceR = 2.000000, avanceI = 2.000000
inc_x_r = 0.000000, inc_y_r = 1.000000, inc_x_i = 1.000000, inc_y_i = 1.000000
En el else......

----------------------------------------
x = 6.000000, y = 215.000000
avance = -471.000000, avanceR = 2.000000, avanceI = 2.000000
inc_x_r = 0.000000, inc_y_r = 1.000000, inc_x_i = 1.000000, inc_y_i = 1.000000
En el else......

----------------------------------------
x = 6.000000, y = 216.000000
avance = -469.000000, avanceR = 2.000000, avanceI = 2.000000
inc_x_r = 0.000000, inc_y_r = 1.000000, inc_x_i = 1.000000, inc_y_i = 1.000000
En el else......

----------------------------------------
x = 6.000000, y = 217.000000
avance = -467.000000, avanceR = 2.000000, avanceI = 2.000000
inc_x_r = 0.000000, inc_y_r = 1.000000, inc_x_i = 1.000000, inc_y_i = 1.000000
En el else......

----------------------------------------
x = 6.000000, y = 218.000000
avance = -465.000000, avanceR = 2.000000, avanceI = 2.000000
inc_x_r = 0.000000, inc_y_r = 1.000000, inc_x_i = 1.000000, inc_y_i = 1.000000
En el else......

----------------------------------------
x = 6.000000, y = 219.000000
avance = -463.000000, avanceR = 2.000000, avanceI = 2.000000
inc_x_r = 0.000000, inc_y_r = 1.000000, inc_x_i = 1.000000, inc_y_i = 1.000000
En el else......

----------------------------------------
x = 6.000000, y = 220.000000
avance = -461.000000, avanceR = 2.000000, avanceI = 2.000000
inc_x_r = 0.000000, inc_y_r = 1.000000, inc_x_i = 1.000000, inc_y_i = 1.000000
En el else......

----------------------------------------
x = 6.000000, y = 221.000000
avance = -459.000000, avanceR = 2.000000, avanceI = 2.000000
inc_x_r = 0.000000, inc_y_r = 1.000000, inc_x_i = 1.000000, inc_y_i = 1.000000
En el else......

----------------------------------------
x = 6.000000, y = 222.000000
avance = -457.000000, avanceR = 2.000000, avanceI = 2.000000
inc_x_r = 0.000000, inc_y_r = 1.000000, inc_x_i = 1.000000, inc_y_i = 1.000000
En el else......

----------------------------------------
x = 6.000000, y = 223.000000
avance = -455.000000, avanceR = 2.000000, avanceI = 2.000000
inc_x_r = 0.000000, inc_y_r = 1.000000, inc_x_i = 1.000000, inc_y_i = 1.000000
En el else......

----------------------------------------
x = 6.000000, y = 224.000000
avance = -453.000000, avanceR = 2.000000, avanceI = 2.000000
inc_x_r = 0.000000, inc_y_r = 1.000000, inc_x_i = 1.000000, inc_y_i = 1.000000
En el else......

----------------------------------------
x = 6.000000, y = 225.000000
avance = -451.000000, avanceR = 2.000000, avanceI = 2.000000
inc_x_r = 0.000000, inc_y_r = 1.000000, inc_x_i = 1.000000, inc_y_i = 1.000000
En el else......

----------------------------------------
x = 6.000000, y = 226.000000
avance = -449.000000, avanceR = 2.000000, avanceI = 2.000000
inc_x_r = 0.000000, inc_y_r = 1.000000, inc_x_i = 1.000000, inc_y_i = 1.000000
En el else......

----------------------------------------
x = 6.000000, y = 227.000000
avance = -447.000000, avanceR = 2.000000, avanceI = 2.000000
inc_x_r = 0.000000, inc_y_r = 1.000000, inc_x_i = 1.000000, inc_y_i = 1.000000
En el else......

----------------------------------------
x = 6.000000, y = 228.000000
avance = -445.000000, avanceR = 2.000000, avanceI = 2.000000
inc_x_r = 0.000000, inc_y_r = 1.000000, inc_x_i = 1.000000, inc_y_i = 1.000000
En el else......

----------------------------------------
x = 6.000000, y = 229.000000
avance = -443.000000, avanceR = 2.000000, avanceI = 2.000000
inc_x_r = 0.000000, inc_y_r = 1.000000, inc_x_i = 1.000000, inc_y_i = 1.000000
En el else......

----------------------------------------
x = 6.000000, y = 230.000000
avance = -441.000000, avanceR = 2.000000, avanceI = 2.000000
inc_x_r = 0.000000, inc_y_r = 1.000000, inc_x_i = 1.000000, inc_y_i = 1.000000
En el else......

----------------------------------------
x = 6.000000, y = 231.000000
avance = -439.000000, avanceR = 2.000000, avanceI = 2.000000
inc_x_r = 0.000000, inc_y_r = 1.000000, inc_x_i = 1.000000, inc_y_i = 1.000000
En el else......

----------------------------------------
x = 6.000000, y = 232.000000
avance = -437.000000, avanceR = 2.000000, avanceI = 2.000000
inc_x_r = 0.000000, inc_y_r = 1.000000, inc_x_i = 1.000000, inc_y_i = 1.000000
En el else......

----------------------------------------
x = 6.000000, y = 233.000000
avance = -435.000000, avanceR = 2.000000, avanceI = 2.000000
inc_x_r = 0.000000, inc_y_r = 1.000000, inc_x_i = 1.000000, inc_y_i = 1.000000
En el else......

----------------------------------------
x = 6.000000, y = 234.000000
avance = -433.000000, avanceR = 2.000000, avanceI = 2.000000
inc_x_r = 0.000000, inc_y_r = 1.000000, inc_x_i = 1.000000, inc_y_i = 1.000000
En el else......

----------------------------------------
x = 6.000000, y = 235.000000
avance = -431.000000, avanceR = 2.000000, avanceI = 2.000000
inc_x_r = 0.000000, inc_y_r = 1.000000, inc_x_i = 1.000000, inc_y_i = 1.000000
En el else......

----------------------------------------
x = 6.000000, y = 236.000000
avance = -429.000000, avanceR = 2.000000, avanceI = 2.000000
inc_x_r = 0.000000, inc_y_r = 1.000000, inc_x_i = 1.000000, inc_y_i = 1.000000
En el else......

----------------------------------------
x = 6.000000, y = 237.000000
avance = -427.000000, avanceR = 2.000000, avanceI = 2.000000
inc_x_r = 0.000000, inc_y_r = 1.000000, inc_x_i = 1.000000, inc_y_i = 1.000000
En el else......

----------------------------------------
x = 6.000000, y = 238.000000
avance = -425.000000, avanceR = 2.000000, avanceI = 2.000000
inc_x_r = 0.000000, inc_y_r = 1.000000, inc_x_i = 1.000000, inc_y_i = 1.000000
En el else......

----------------------------------------
x = 6.000000, y = 239.000000
avance = -423.000000, avanceR = 2.000000, avanceI = 2.000000
inc_x_r = 0.000000, inc_y_r = 1.000000, inc_x_i = 1.000000, inc_y_i = 1.000000
En el else......

----------------------------------------
x = 6.000000, y = 240.000000
avance = -421.000000, avanceR = 2.000000, avanceI = 2.000000
inc_x_r = 0.000000, inc_y_r = 1.000000, inc_x_i = 1.000000, inc_y_i = 1.000000
En el else......

----------------------------------------
x = 6.000000, y = 241.000000
avance = -419.000000, avanceR = 2.000000, avanceI = 2.000000
inc_x_r = 0.000000, inc_y_r = 1.000000, inc_x_i = 1.000000, inc_y_i = 1.000000
En el else......

----------------------------------------
x = 6.000000, y = 242.000000
avance = -417.000000, avanceR = 2.000000, avanceI = 2.000000
inc_x_r = 0.000000, inc_y_r = 1.000000, inc_x_i = 1.000000, inc_y_i = 1.000000
En el else......

----------------------------------------
x = 6.000000, y = 243.000000
avance = -415.000000, avanceR = 2.000000, avanceI = 2.000000
inc_x_r = 0.000000, inc_y_r = 1.000000, inc_x_i = 1.000000, inc_y_i = 1.000000
En el else......

----------------------------------------
x = 6.000000, y = 244.000000
avance = -413.000000, avanceR = 2.000000, avanceI = 2.000000
inc_x_r = 0.000000, inc_y_r = 1.000000, inc_x_i = 1.000000, inc_y_i = 1.000000
En el else......

----------------------------------------
x = 6.000000, y = 245.000000
avance = -411.000000, avanceR = 2.000000, avanceI = 2.000000
inc_x_r = 0.000000, inc_y_r = 1.000000, inc_x_i = 1.000000, inc_y_i = 1.000000
En el else......

----------------------------------------
x = 6.000000, y = 246.000000
avance = -409.000000, avanceR = 2.000000, avanceI = 2.000000
inc_x_r = 0.000000, inc_y_r = 1.000000, inc_x_i = 1.000000, inc_y_i = 1.000000
En el else......

----------------------------------------
x = 6.000000, y = 247.000000
avance = -407.000000, avanceR = 2.000000, avanceI = 2.000000
inc_x_r = 0.000000, inc_y_r = 1.000000, inc_x_i = 1.000000, inc_y_i = 1.000000
En el else......

----------------------------------------
x = 6.000000, y = 248.000000
avance = -405.000000, avanceR = 2.000000, avanceI = 2.000000
inc_x_r = 0.000000, inc_y_r = 1.000000, inc_x_i = 1.000000, inc_y_i = 1.000000
En el else......

----------------------------------------
x = 6.000000, y = 249.000000
avance = -403.000000, avanceR = 2.000000, avanceI = 2.000000
inc_x_r = 0.000000, inc_y_r = 1.000000, inc_x_i = 1.000000, inc_y_i = 1.000000
En el else......

----------------------------------------
x = 6.000000, y = 250.000000
avance = -401.000000, avanceR = 2.000000, avanceI = 2.000000
inc_x_r = 0.000000, inc_y_r = 1.000000, inc_x_i = 1.000000, inc_y_i = 1.000000
En el else......

----------------------------------------
x = 6.000000, y = 251.000000
avance = -399.000000, avanceR = 2.000000, avanceI = 2.000000
inc_x_r = 0.000000, inc_y_r = 1.000000, inc_x_i = 1.000000, inc_y_i = 1.000000
En el else......

----------------------------------------
x = 6.000000, y = 252.000000
avance = -397.000000, avanceR = 2.000000, avanceI = 2.000000
inc_x_r = 0.000000, inc_y_r = 1.000000, inc_x_i = 1.000000, inc_y_i = 1.000000
En el else......

----------------------------------------
x = 6.000000, y = 253.000000
avance = -395.000000, avanceR = 2.000000, avanceI = 2.000000
inc_x_r = 0.000000, inc_y_r = 1.000000, inc_x_i = 1.000000, inc_y_i = 1.000000
En el else......

----------------------------------------
x = 6.000000, y = 254.000000
avance = -393.000000, avanceR = 2.000000, avanceI = 2.000000
inc_x_r = 0.000000, inc_y_r = 1.000000, inc_x_i = 1.000000, inc_y_i = 1.000000
En el else......

----------------------------------------
x = 6.000000, y = 255.000000
avance = -391.000000, avanceR = 2.000000, avanceI = 2.000000
inc_x_r = 0.000000, inc_y_r = 1.000000, inc_x_i = 1.000000, inc_y_i = 1.000000
En el else......

----------------------------------------
x = 6.000000, y = 256.000000
avance = -389.000000, avanceR = 2.000000, avanceI = 2.000000
inc_x_r = 0.000000, inc_y_r = 1.000000, inc_x_i = 1.000000, inc_y_i = 1.000000
En el else......

----------------------------------------
x = 6.000000, y = 257.000000
avance = -387.000000, avanceR = 2.000000, avanceI = 2.000000
inc_x_r = 0.000000, inc_y_r = 1.000000, inc_x_i = 1.000000, inc_y_i = 1.000000
En el else......

----------------------------------------
x = 6.000000, y = 258.000000
avance = -385.000000, avanceR = 2.000000, avanceI = 2.000000
inc_x_r = 0.000000, inc_y_r = 1.000000, inc_x_i = 1.000000, inc_y_i = 1.000000
En el else......

----------------------------------------
x = 6.000000, y = 259.000000
avance = -383.000000, avanceR = 2.000000, avanceI = 2.000000
inc_x_r = 0.000000, inc_y_r = 1.000000, inc_x_i = 1.000000, inc_y_i = 1.000000
En el else......

----------------------------------------
x = 6.000000, y = 260.000000
avance = -381.000000, avanceR = 2.000000, avanceI = 2.000000
inc_x_r = 0.000000, inc_y_r = 1.000000, inc_x_i = 1.000000, inc_y_i = 1.000000
En el else......

----------------------------------------
x = 6.000000, y = 261.000000
avance = -379.000000, avanceR = 2.000000, avanceI = 2.000000
inc_x_r = 0.000000, inc_y_r = 1.000000, inc_x_i = 1.000000, inc_y_i = 1.000000
En el else......

----------------------------------------
x = 6.000000, y = 262.000000
avance = -377.000000, avanceR = 2.000000, avanceI = 2.000000
inc_x_r = 0.000000, inc_y_r = 1.000000, inc_x_i = 1.000000, inc_y_i = 1.000000
En el else......

----------------------------------------
x = 6.000000, y = 263.000000
avance = -375.000000, avanceR = 2.000000, avanceI = 2.000000
inc_x_r = 0.000000, inc_y_r = 1.000000, inc_x_i = 1.000000, inc_y_i = 1.000000
En el else......

----------------------------------------
x = 6.000000, y = 264.000000
avance = -373.000000, avanceR = 2.000000, avanceI = 2.000000
inc_x_r = 0.000000, inc_y_r = 1.000000, inc_x_i = 1.000000, inc_y_i = 1.000000
En el else......

----------------------------------------
x = 6.000000, y = 265.000000
avance = -371.000000, avanceR = 2.000000, avanceI = 2.000000
inc_x_r = 0.000000, inc_y_r = 1.000000, inc_x_i = 1.000000, inc_y_i = 1.000000
En el else......

----------------------------------------
x = 6.000000, y = 266.000000
avance = -369.000000, avanceR = 2.000000, avanceI = 2.000000
inc_x_r = 0.000000, inc_y_r = 1.000000, inc_x_i = 1.000000, inc_y_i = 1.000000
En el else......

----------------------------------------
x = 6.000000, y = 267.000000
avance = -367.000000, avanceR = 2.000000, avanceI = 2.000000
inc_x_r = 0.000000, inc_y_r = 1.000000, inc_x_i = 1.000000, inc_y_i = 1.000000
En el else......

----------------------------------------
x = 6.000000, y = 268.000000
avance = -365.000000, avanceR = 2.000000, avanceI = 2.000000
inc_x_r = 0.000000, inc_y_r = 1.000000, inc_x_i = 1.000000, inc_y_i = 1.000000
En el else......

----------------------------------------
x = 6.000000, y = 269.000000
avance = -363.000000, avanceR = 2.000000, avanceI = 2.000000
inc_x_r = 0.000000, inc_y_r = 1.000000, inc_x_i = 1.000000, inc_y_i = 1.000000
En el else......

----------------------------------------
x = 6.000000, y = 270.000000
avance = -361.000000, avanceR = 2.000000, avanceI = 2.000000
inc_x_r = 0.000000, inc_y_r = 1.000000, inc_x_i = 1.000000, inc_y_i = 1.000000
En el else......

----------------------------------------
x = 6.000000, y = 271.000000
avance = -359.000000, avanceR = 2.000000, avanceI = 2.000000
inc_x_r = 0.000000, inc_y_r = 1.000000, inc_x_i = 1.000000, inc_y_i = 1.000000
En el else......

----------------------------------------
x = 6.000000, y = 272.000000
avance = -357.000000, avanceR = 2.000000, avanceI = 2.000000
inc_x_r = 0.000000, inc_y_r = 1.000000, inc_x_i = 1.000000, inc_y_i = 1.000000
En el else......

----------------------------------------
x = 6.000000, y = 273.000000
avance = -355.000000, avanceR = 2.000000, avanceI = 2.000000
inc_x_r = 0.000000, inc_y_r = 1.000000, inc_x_i = 1.000000, inc_y_i = 1.000000
En el else......

----------------------------------------
x = 6.000000, y = 274.000000
avance = -353.000000, avanceR = 2.000000, avanceI = 2.000000
inc_x_r = 0.000000, inc_y_r = 1.000000, inc_x_i = 1.000000, inc_y_i = 1.000000
En el else......

----------------------------------------
x = 6.000000, y = 275.000000
avance = -351.000000, avanceR = 2.000000, avanceI = 2.000000
inc_x_r = 0.000000, inc_y_r = 1.000000, inc_x_i = 1.000000, inc_y_i = 1.000000
En el else......

----------------------------------------
x = 6.000000, y = 276.000000
avance = -349.000000, avanceR = 2.000000, avanceI = 2.000000
inc_x_r = 0.000000, inc_y_r = 1.000000, inc_x_i = 1.000000, inc_y_i = 1.000000
En el else......

----------------------------------------
x = 6.000000, y = 277.000000
avance = -347.000000, avanceR = 2.000000, avanceI = 2.000000
inc_x_r = 0.000000, inc_y_r = 1.000000, inc_x_i = 1.000000, inc_y_i = 1.000000
En el else......

----------------------------------------
x = 6.000000, y = 278.000000
avance = -345.000000, avanceR = 2.000000, avanceI = 2.000000
inc_x_r = 0.000000, inc_y_r = 1.000000, inc_x_i = 1.000000, inc_y_i = 1.000000
En el else......

----------------------------------------
x = 6.000000, y = 279.000000
avance = -343.000000, avanceR = 2.000000, avanceI = 2.000000
inc_x_r = 0.000000, inc_y_r = 1.000000, inc_x_i = 1.000000, inc_y_i = 1.000000
En el else......

----------------------------------------
x = 6.000000, y = 280.000000
avance = -341.000000, avanceR = 2.000000, avanceI = 2.000000
inc_x_r = 0.000000, inc_y_r = 1.000000, inc_x_i = 1.000000, inc_y_i = 1.000000
En el else......

----------------------------------------
x = 6.000000, y = 281.000000
avance = -339.000000, avanceR = 2.000000, avanceI = 2.000000
inc_x_r = 0.000000, inc_y_r = 1.000000, inc_x_i = 1.000000, inc_y_i = 1.000000
En el else......

----------------------------------------
x = 6.000000, y = 282.000000
avance = -337.000000, avanceR = 2.000000, avanceI = 2.000000
inc_x_r = 0.000000, inc_y_r = 1.000000, inc_x_i = 1.000000, inc_y_i = 1.000000
En el else......

----------------------------------------
x = 6.000000, y = 283.000000
avance = -335.000000, avanceR = 2.000000, avanceI = 2.000000
inc_x_r = 0.000000, inc_y_r = 1.000000, inc_x_i = 1.000000, inc_y_i = 1.000000
En el else......

----------------------------------------
x = 6.000000, y = 284.000000
avance = -333.000000, avanceR = 2.000000, avanceI = 2.000000
inc_x_r = 0.000000, inc_y_r = 1.000000, inc_x_i = 1.000000, inc_y_i = 1.000000
En el else......

----------------------------------------
x = 6.000000, y = 285.000000
avance = -331.000000, avanceR = 2.000000, avanceI = 2.000000
inc_x_r = 0.000000, inc_y_r = 1.000000, inc_x_i = 1.000000, inc_y_i = 1.000000
En el else......

----------------------------------------
x = 6.000000, y = 286.000000
avance = -329.000000, avanceR = 2.000000, avanceI = 2.000000
inc_x_r = 0.000000, inc_y_r = 1.000000, inc_x_i = 1.000000, inc_y_i = 1.000000
En el else......

----------------------------------------
x = 6.000000, y = 287.000000
avance = -327.000000, avanceR = 2.000000, avanceI = 2.000000
inc_x_r = 0.000000, inc_y_r = 1.000000, inc_x_i = 1.000000, inc_y_i = 1.000000
En el else......

----------------------------------------
x = 6.000000, y = 288.000000
avance = -325.000000, avanceR = 2.000000, avanceI = 2.000000
inc_x_r = 0.000000, inc_y_r = 1.000000, inc_x_i = 1.000000, inc_y_i = 1.000000
En el else......

----------------------------------------
x = 6.000000, y = 289.000000
avance = -323.000000, avanceR = 2.000000, avanceI = 2.000000
inc_x_r = 0.000000, inc_y_r = 1.000000, inc_x_i = 1.000000, inc_y_i = 1.000000
En el else......

----------------------------------------
x = 6.000000, y = 290.000000
avance = -321.000000, avanceR = 2.000000, avanceI = 2.000000
inc_x_r = 0.000000, inc_y_r = 1.000000, inc_x_i = 1.000000, inc_y_i = 1.000000
En el else......

----------------------------------------
x = 6.000000, y = 291.000000
avance = -319.000000, avanceR = 2.000000, avanceI = 2.000000
inc_x_r = 0.000000, inc_y_r = 1.000000, inc_x_i = 1.000000, inc_y_i = 1.000000
En el else......

----------------------------------------
x = 6.000000, y = 292.000000
avance = -317.000000, avanceR = 2.000000, avanceI = 2.000000
inc_x_r = 0.000000, inc_y_r = 1.000000, inc_x_i = 1.000000, inc_y_i = 1.000000
En el else......

----------------------------------------
x = 6.000000, y = 293.000000
avance = -315.000000, avanceR = 2.000000, avanceI = 2.000000
inc_x_r = 0.000000, inc_y_r = 1.000000, inc_x_i = 1.000000, inc_y_i = 1.000000
En el else......

----------------------------------------
x = 6.000000, y = 294.000000
avance = -313.000000, avanceR = 2.000000, avanceI = 2.000000
inc_x_r = 0.000000, inc_y_r = 1.000000, inc_x_i = 1.000000, inc_y_i = 1.000000
En el else......

----------------------------------------
x = 6.000000, y = 295.000000
avance = -311.000000, avanceR = 2.000000, avanceI = 2.000000
inc_x_r = 0.000000, inc_y_r = 1.000000, inc_x_i = 1.000000, inc_y_i = 1.000000
En el else......

----------------------------------------
x = 6.000000, y = 296.000000
avance = -309.000000, avanceR = 2.000000, avanceI = 2.000000
inc_x_r = 0.000000, inc_y_r = 1.000000, inc_x_i = 1.000000, inc_y_i = 1.000000
En el else......

----------------------------------------
x = 6.000000, y = 297.000000
avance = -307.000000, avanceR = 2.000000, avanceI = 2.000000
inc_x_r = 0.000000, inc_y_r = 1.000000, inc_x_i = 1.000000, inc_y_i = 1.000000
En el else......

----------------------------------------
x = 6.000000, y = 298.000000
avance = -305.000000, avanceR = 2.000000, avanceI = 2.000000
inc_x_r = 0.000000, inc_y_r = 1.000000, inc_x_i = 1.000000, inc_y_i = 1.000000
En el else......

----------------------------------------
x = 6.000000, y = 299.000000
avance = -303.000000, avanceR = 2.000000, avanceI = 2.000000
inc_x_r = 0.000000, inc_y_r = 1.000000, inc_x_i = 1.000000, inc_y_i = 1.000000
En el else......

----------------------------------------
x = 6.000000, y = 300.000000
avance = -301.000000, avanceR = 2.000000, avanceI = 2.000000
inc_x_r = 0.000000, inc_y_r = 1.000000, inc_x_i = 1.000000, inc_y_i = 1.000000
En el else......

----------------------------------------
x = 6.000000, y = 301.000000
avance = -299.000000, avanceR = 2.000000, avanceI = 2.000000
inc_x_r = 0.000000, inc_y_r = 1.000000, inc_x_i = 1.000000, inc_y_i = 1.000000
En el else......

----------------------------------------
x = 6.000000, y = 302.000000
avance = -297.000000, avanceR = 2.000000, avanceI = 2.000000
inc_x_r = 0.000000, inc_y_r = 1.000000, inc_x_i = 1.000000, inc_y_i = 1.000000
En el else......

----------------------------------------
x = 6.000000, y = 303.000000
avance = -295.000000, avanceR = 2.000000, avanceI = 2.000000
inc_x_r = 0.000000, inc_y_r = 1.000000, inc_x_i = 1.000000, inc_y_i = 1.000000
En el else......

----------------------------------------
x = 6.000000, y = 304.000000
avance = -293.000000, avanceR = 2.000000, avanceI = 2.000000
inc_x_r = 0.000000, inc_y_r = 1.000000, inc_x_i = 1.000000, inc_y_i = 1.000000
En el else......

----------------------------------------
x = 6.000000, y = 305.000000
avance = -291.000000, avanceR = 2.000000, avanceI = 2.000000
inc_x_r = 0.000000, inc_y_r = 1.000000, inc_x_i = 1.000000, inc_y_i = 1.000000
En el else......

----------------------------------------
x = 6.000000, y = 306.000000
avance = -289.000000, avanceR = 2.000000, avanceI = 2.000000
inc_x_r = 0.000000, inc_y_r = 1.000000, inc_x_i = 1.000000, inc_y_i = 1.000000
En el else......

----------------------------------------
x = 6.000000, y = 307.000000
avance = -287.000000, avanceR = 2.000000, avanceI = 2.000000
inc_x_r = 0.000000, inc_y_r = 1.000000, inc_x_i = 1.000000, inc_y_i = 1.000000
En el else......

----------------------------------------
x = 6.000000, y = 308.000000
avance = -285.000000, avanceR = 2.000000, avanceI = 2.000000
inc_x_r = 0.000000, inc_y_r = 1.000000, inc_x_i = 1.000000, inc_y_i = 1.000000
En el else......

----------------------------------------
x = 6.000000, y = 309.000000
avance = -283.000000, avanceR = 2.000000, avanceI = 2.000000
inc_x_r = 0.000000, inc_y_r = 1.000000, inc_x_i = 1.000000, inc_y_i = 1.000000
En el else......

----------------------------------------
x = 6.000000, y = 310.000000
avance = -281.000000, avanceR = 2.000000, avanceI = 2.000000
inc_x_r = 0.000000, inc_y_r = 1.000000, inc_x_i = 1.000000, inc_y_i = 1.000000
En el else......

----------------------------------------
x = 6.000000, y = 311.000000
avance = -279.000000, avanceR = 2.000000, avanceI = 2.000000
inc_x_r = 0.000000, inc_y_r = 1.000000, inc_x_i = 1.000000, inc_y_i = 1.000000
En el else......

----------------------------------------
x = 6.000000, y = 312.000000
avance = -277.000000, avanceR = 2.000000, avanceI = 2.000000
inc_x_r = 0.000000, inc_y_r = 1.000000, inc_x_i = 1.000000, inc_y_i = 1.000000
En el else......

----------------------------------------
x = 6.000000, y = 313.000000
avance = -275.000000, avanceR = 2.000000, avanceI = 2.000000
inc_x_r = 0.000000, inc_y_r = 1.000000, inc_x_i = 1.000000, inc_y_i = 1.000000
En el else......

----------------------------------------
x = 6.000000, y = 314.000000
avance = -273.000000, avanceR = 2.000000, avanceI = 2.000000
inc_x_r = 0.000000, inc_y_r = 1.000000, inc_x_i = 1.000000, inc_y_i = 1.000000
En el else......

----------------------------------------
x = 6.000000, y = 315.000000
avance = -271.000000, avanceR = 2.000000, avanceI = 2.000000
inc_x_r = 0.000000, inc_y_r = 1.000000, inc_x_i = 1.000000, inc_y_i = 1.000000
En el else......

----------------------------------------
x = 6.000000, y = 316.000000
avance = -269.000000, avanceR = 2.000000, avanceI = 2.000000
inc_x_r = 0.000000, inc_y_r = 1.000000, inc_x_i = 1.000000, inc_y_i = 1.000000
En el else......

----------------------------------------
x = 6.000000, y = 317.000000
avance = -267.000000, avanceR = 2.000000, avanceI = 2.000000
inc_x_r = 0.000000, inc_y_r = 1.000000, inc_x_i = 1.000000, inc_y_i = 1.000000
En el else......

----------------------------------------
x = 6.000000, y = 318.000000
avance = -265.000000, avanceR = 2.000000, avanceI = 2.000000
inc_x_r = 0.000000, inc_y_r = 1.000000, inc_x_i = 1.000000, inc_y_i = 1.000000
En el else......

----------------------------------------
x = 6.000000, y = 319.000000
avance = -263.000000, avanceR = 2.000000, avanceI = 2.000000
inc_x_r = 0.000000, inc_y_r = 1.000000, inc_x_i = 1.000000, inc_y_i = 1.000000
En el else......

----------------------------------------
x = 6.000000, y = 320.000000
avance = -261.000000, avanceR = 2.000000, avanceI = 2.000000
inc_x_r = 0.000000, inc_y_r = 1.000000, inc_x_i = 1.000000, inc_y_i = 1.000000
En el else......

----------------------------------------
x = 6.000000, y = 321.000000
avance = -259.000000, avanceR = 2.000000, avanceI = 2.000000
inc_x_r = 0.000000, inc_y_r = 1.000000, inc_x_i = 1.000000, inc_y_i = 1.000000
En el else......

----------------------------------------
x = 6.000000, y = 322.000000
avance = -257.000000, avanceR = 2.000000, avanceI = 2.000000
inc_x_r = 0.000000, inc_y_r = 1.000000, inc_x_i = 1.000000, inc_y_i = 1.000000
En el else......

----------------------------------------
x = 6.000000, y = 323.000000
avance = -255.000000, avanceR = 2.000000, avanceI = 2.000000
inc_x_r = 0.000000, inc_y_r = 1.000000, inc_x_i = 1.000000, inc_y_i = 1.000000
En el else......

----------------------------------------
x = 6.000000, y = 324.000000
avance = -253.000000, avanceR = 2.000000, avanceI = 2.000000
inc_x_r = 0.000000, inc_y_r = 1.000000, inc_x_i = 1.000000, inc_y_i = 1.000000
En el else......

----------------------------------------
x = 6.000000, y = 325.000000
avance = -251.000000, avanceR = 2.000000, avanceI = 2.000000
inc_x_r = 0.000000, inc_y_r = 1.000000, inc_x_i = 1.000000, inc_y_i = 1.000000
En el else......

----------------------------------------


ENTRAMOS A BRESENHAMªªªª
x1 = 5.000000 - y1 = 75.000000 || x2 = 6.000000 - y2 = 326.000000
dy = 251.000000, dx = 1.000000
avances inclinados: inc_x_i = 1.000000, inc_y_i = 1.000000
updated: dy = 251.000000, dx = 1.000000
avances rectos: inc_x_r = 0.000000, inc_y_r 1.000000
reupdated: dy = 1.000000, dx = 251.000000
avanceR = 2.000000, avance -249.000000, avanceI 2.000000
----------------------------------------
x = 5.000000, y = 75.000000
avance = -249.000000, avanceR = 2.000000, avanceI = 2.000000
inc_x_r = 0.000000, inc_y_r = 1.000000, inc_x_i = 1.000000, inc_y_i = 1.000000
En el else......

----------------------------------------
x = 5.000000, y = 76.000000
avance = -247.000000, avanceR = 2.000000, avanceI = 2.000000
inc_x_r = 0.000000, inc_y_r = 1.000000, inc_x_i = 1.000000, inc_y_i = 1.000000
En el else......

----------------------------------------
x = 5.000000, y = 77.000000
avance = -245.000000, avanceR = 2.000000, avanceI = 2.000000
inc_x_r = 0.000000, inc_y_r = 1.000000, inc_x_i = 1.000000, inc_y_i = 1.000000
En el else......

----------------------------------------
x = 5.000000, y = 78.000000
avance = -243.000000, avanceR = 2.000000, avanceI = 2.000000
inc_x_r = 0.000000, inc_y_r = 1.000000, inc_x_i = 1.000000, inc_y_i = 1.000000
En el else......

----------------------------------------
x = 5.000000, y = 79.000000
avance = -241.000000, avanceR = 2.000000, avanceI = 2.000000
inc_x_r = 0.000000, inc_y_r = 1.000000, inc_x_i = 1.000000, inc_y_i = 1.000000
En el else......

----------------------------------------
x = 5.000000, y = 80.000000
avance = -239.000000, avanceR = 2.000000, avanceI = 2.000000
inc_x_r = 0.000000, inc_y_r = 1.000000, inc_x_i = 1.000000, inc_y_i = 1.000000
En el else......

----------------------------------------
x = 5.000000, y = 81.000000
avance = -237.000000, avanceR = 2.000000, avanceI = 2.000000
inc_x_r = 0.000000, inc_y_r = 1.000000, inc_x_i = 1.000000, inc_y_i = 1.000000
En el else......

----------------------------------------
x = 5.000000, y = 82.000000
avance = -235.000000, avanceR = 2.000000, avanceI = 2.000000
inc_x_r = 0.000000, inc_y_r = 1.000000, inc_x_i = 1.000000, inc_y_i = 1.000000
En el else......

----------------------------------------
x = 5.000000, y = 83.000000
avance = -233.000000, avanceR = 2.000000, avanceI = 2.000000
inc_x_r = 0.000000, inc_y_r = 1.000000, inc_x_i = 1.000000, inc_y_i = 1.000000
En el else......

----------------------------------------
x = 5.000000, y = 84.000000
avance = -231.000000, avanceR = 2.000000, avanceI = 2.000000
inc_x_r = 0.000000, inc_y_r = 1.000000, inc_x_i = 1.000000, inc_y_i = 1.000000
En el else......

----------------------------------------
x = 5.000000, y = 85.000000
avance = -229.000000, avanceR = 2.000000, avanceI = 2.000000
inc_x_r = 0.000000, inc_y_r = 1.000000, inc_x_i = 1.000000, inc_y_i = 1.000000
En el else......

----------------------------------------
x = 5.000000, y = 86.000000
avance = -227.000000, avanceR = 2.000000, avanceI = 2.000000
inc_x_r = 0.000000, inc_y_r = 1.000000, inc_x_i = 1.000000, inc_y_i = 1.000000
En el else......

----------------------------------------
x = 5.000000, y = 87.000000
avance = -225.000000, avanceR = 2.000000, avanceI = 2.000000
inc_x_r = 0.000000, inc_y_r = 1.000000, inc_x_i = 1.000000, inc_y_i = 1.000000
En el else......

----------------------------------------
x = 5.000000, y = 88.000000
avance = -223.000000, avanceR = 2.000000, avanceI = 2.000000
inc_x_r = 0.000000, inc_y_r = 1.000000, inc_x_i = 1.000000, inc_y_i = 1.000000
En el else......

----------------------------------------
x = 5.000000, y = 89.000000
avance = -221.000000, avanceR = 2.000000, avanceI = 2.000000
inc_x_r = 0.000000, inc_y_r = 1.000000, inc_x_i = 1.000000, inc_y_i = 1.000000
En el else......

----------------------------------------
x = 5.000000, y = 90.000000
avance = -219.000000, avanceR = 2.000000, avanceI = 2.000000
inc_x_r = 0.000000, inc_y_r = 1.000000, inc_x_i = 1.000000, inc_y_i = 1.000000
En el else......

----------------------------------------
x = 5.000000, y = 91.000000
avance = -217.000000, avanceR = 2.000000, avanceI = 2.000000
inc_x_r = 0.000000, inc_y_r = 1.000000, inc_x_i = 1.000000, inc_y_i = 1.000000
En el else......

----------------------------------------
x = 5.000000, y = 92.000000
avance = -215.000000, avanceR = 2.000000, avanceI = 2.000000
inc_x_r = 0.000000, inc_y_r = 1.000000, inc_x_i = 1.000000, inc_y_i = 1.000000
En el else......

----------------------------------------
x = 5.000000, y = 93.000000
avance = -213.000000, avanceR = 2.000000, avanceI = 2.000000
inc_x_r = 0.000000, inc_y_r = 1.000000, inc_x_i = 1.000000, inc_y_i = 1.000000
En el else......

----------------------------------------
x = 5.000000, y = 94.000000
avance = -211.000000, avanceR = 2.000000, avanceI = 2.000000
inc_x_r = 0.000000, inc_y_r = 1.000000, inc_x_i = 1.000000, inc_y_i = 1.000000
En el else......

----------------------------------------
x = 5.000000, y = 95.000000
avance = -209.000000, avanceR = 2.000000, avanceI = 2.000000
inc_x_r = 0.000000, inc_y_r = 1.000000, inc_x_i = 1.000000, inc_y_i = 1.000000
En el else......

----------------------------------------
x = 5.000000, y = 96.000000
avance = -207.000000, avanceR = 2.000000, avanceI = 2.000000
inc_x_r = 0.000000, inc_y_r = 1.000000, inc_x_i = 1.000000, inc_y_i = 1.000000
En el else......

----------------------------------------
x = 5.000000, y = 97.000000
avance = -205.000000, avanceR = 2.000000, avanceI = 2.000000
inc_x_r = 0.000000, inc_y_r = 1.000000, inc_x_i = 1.000000, inc_y_i = 1.000000
En el else......

----------------------------------------
x = 5.000000, y = 98.000000
avance = -203.000000, avanceR = 2.000000, avanceI = 2.000000
inc_x_r = 0.000000, inc_y_r = 1.000000, inc_x_i = 1.000000, inc_y_i = 1.000000
En el else......

----------------------------------------
x = 5.000000, y = 99.000000
avance = -201.000000, avanceR = 2.000000, avanceI = 2.000000
inc_x_r = 0.000000, inc_y_r = 1.000000, inc_x_i = 1.000000, inc_y_i = 1.000000
En el else......

----------------------------------------
x = 5.000000, y = 100.000000
avance = -199.000000, avanceR = 2.000000, avanceI = 2.000000
inc_x_r = 0.000000, inc_y_r = 1.000000, inc_x_i = 1.000000, inc_y_i = 1.000000
En el else......

----------------------------------------
x = 5.000000, y = 101.000000
avance = -197.000000, avanceR = 2.000000, avanceI = 2.000000
inc_x_r = 0.000000, inc_y_r = 1.000000, inc_x_i = 1.000000, inc_y_i = 1.000000
En el else......

----------------------------------------
x = 5.000000, y = 102.000000
avance = -195.000000, avanceR = 2.000000, avanceI = 2.000000
inc_x_r = 0.000000, inc_y_r = 1.000000, inc_x_i = 1.000000, inc_y_i = 1.000000
En el else......

----------------------------------------
x = 5.000000, y = 103.000000
avance = -193.000000, avanceR = 2.000000, avanceI = 2.000000
inc_x_r = 0.000000, inc_y_r = 1.000000, inc_x_i = 1.000000, inc_y_i = 1.000000
En el else......

----------------------------------------
x = 5.000000, y = 104.000000
avance = -191.000000, avanceR = 2.000000, avanceI = 2.000000
inc_x_r = 0.000000, inc_y_r = 1.000000, inc_x_i = 1.000000, inc_y_i = 1.000000
En el else......

----------------------------------------
x = 5.000000, y = 105.000000
avance = -189.000000, avanceR = 2.000000, avanceI = 2.000000
inc_x_r = 0.000000, inc_y_r = 1.000000, inc_x_i = 1.000000, inc_y_i = 1.000000
En el else......

----------------------------------------
x = 5.000000, y = 106.000000
avance = -187.000000, avanceR = 2.000000, avanceI = 2.000000
inc_x_r = 0.000000, inc_y_r = 1.000000, inc_x_i = 1.000000, inc_y_i = 1.000000
En el else......

----------------------------------------
x = 5.000000, y = 107.000000
avance = -185.000000, avanceR = 2.000000, avanceI = 2.000000
inc_x_r = 0.000000, inc_y_r = 1.000000, inc_x_i = 1.000000, inc_y_i = 1.000000
En el else......

----------------------------------------
x = 5.000000, y = 108.000000
avance = -183.000000, avanceR = 2.000000, avanceI = 2.000000
inc_x_r = 0.000000, inc_y_r = 1.000000, inc_x_i = 1.000000, inc_y_i = 1.000000
En el else......

----------------------------------------
x = 5.000000, y = 109.000000
avance = -181.000000, avanceR = 2.000000, avanceI = 2.000000
inc_x_r = 0.000000, inc_y_r = 1.000000, inc_x_i = 1.000000, inc_y_i = 1.000000
En el else......

----------------------------------------
x = 5.000000, y = 110.000000
avance = -179.000000, avanceR = 2.000000, avanceI = 2.000000
inc_x_r = 0.000000, inc_y_r = 1.000000, inc_x_i = 1.000000, inc_y_i = 1.000000
En el else......

----------------------------------------
x = 5.000000, y = 111.000000
avance = -177.000000, avanceR = 2.000000, avanceI = 2.000000
inc_x_r = 0.000000, inc_y_r = 1.000000, inc_x_i = 1.000000, inc_y_i = 1.000000
En el else......

----------------------------------------
x = 5.000000, y = 112.000000
avance = -175.000000, avanceR = 2.000000, avanceI = 2.000000
inc_x_r = 0.000000, inc_y_r = 1.000000, inc_x_i = 1.000000, inc_y_i = 1.000000
En el else......

----------------------------------------
x = 5.000000, y = 113.000000
avance = -173.000000, avanceR = 2.000000, avanceI = 2.000000
inc_x_r = 0.000000, inc_y_r = 1.000000, inc_x_i = 1.000000, inc_y_i = 1.000000
En el else......

----------------------------------------
x = 5.000000, y = 114.000000
avance = -171.000000, avanceR = 2.000000, avanceI = 2.000000
inc_x_r = 0.000000, inc_y_r = 1.000000, inc_x_i = 1.000000, inc_y_i = 1.000000
En el else......

----------------------------------------
x = 5.000000, y = 115.000000
avance = -169.000000, avanceR = 2.000000, avanceI = 2.000000
inc_x_r = 0.000000, inc_y_r = 1.000000, inc_x_i = 1.000000, inc_y_i = 1.000000
En el else......

----------------------------------------
x = 5.000000, y = 116.000000
avance = -167.000000, avanceR = 2.000000, avanceI = 2.000000
inc_x_r = 0.000000, inc_y_r = 1.000000, inc_x_i = 1.000000, inc_y_i = 1.000000
En el else......

----------------------------------------
x = 5.000000, y = 117.000000
avance = -165.000000, avanceR = 2.000000, avanceI = 2.000000
inc_x_r = 0.000000, inc_y_r = 1.000000, inc_x_i = 1.000000, inc_y_i = 1.000000
En el else......

----------------------------------------
x = 5.000000, y = 118.000000
avance = -163.000000, avanceR = 2.000000, avanceI = 2.000000
inc_x_r = 0.000000, inc_y_r = 1.000000, inc_x_i = 1.000000, inc_y_i = 1.000000
En el else......

----------------------------------------
x = 5.000000, y = 119.000000
avance = -161.000000, avanceR = 2.000000, avanceI = 2.000000
inc_x_r = 0.000000, inc_y_r = 1.000000, inc_x_i = 1.000000, inc_y_i = 1.000000
En el else......

----------------------------------------
x = 5.000000, y = 120.000000
avance = -159.000000, avanceR = 2.000000, avanceI = 2.000000
inc_x_r = 0.000000, inc_y_r = 1.000000, inc_x_i = 1.000000, inc_y_i = 1.000000
En el else......

----------------------------------------
x = 5.000000, y = 121.000000
avance = -157.000000, avanceR = 2.000000, avanceI = 2.000000
inc_x_r = 0.000000, inc_y_r = 1.000000, inc_x_i = 1.000000, inc_y_i = 1.000000
En el else......

----------------------------------------
x = 5.000000, y = 122.000000
avance = -155.000000, avanceR = 2.000000, avanceI = 2.000000
inc_x_r = 0.000000, inc_y_r = 1.000000, inc_x_i = 1.000000, inc_y_i = 1.000000
En el else......

----------------------------------------
x = 5.000000, y = 123.000000
avance = -153.000000, avanceR = 2.000000, avanceI = 2.000000
inc_x_r = 0.000000, inc_y_r = 1.000000, inc_x_i = 1.000000, inc_y_i = 1.000000
En el else......

----------------------------------------
x = 5.000000, y = 124.000000
avance = -151.000000, avanceR = 2.000000, avanceI = 2.000000
inc_x_r = 0.000000, inc_y_r = 1.000000, inc_x_i = 1.000000, inc_y_i = 1.000000
En el else......

----------------------------------------
x = 5.000000, y = 125.000000
avance = -149.000000, avanceR = 2.000000, avanceI = 2.000000
inc_x_r = 0.000000, inc_y_r = 1.000000, inc_x_i = 1.000000, inc_y_i = 1.000000
En el else......

----------------------------------------
x = 5.000000, y = 126.000000
avance = -147.000000, avanceR = 2.000000, avanceI = 2.000000
inc_x_r = 0.000000, inc_y_r = 1.000000, inc_x_i = 1.000000, inc_y_i = 1.000000
En el else......

----------------------------------------
x = 5.000000, y = 127.000000
avance = -145.000000, avanceR = 2.000000, avanceI = 2.000000
inc_x_r = 0.000000, inc_y_r = 1.000000, inc_x_i = 1.000000, inc_y_i = 1.000000
En el else......

----------------------------------------
x = 5.000000, y = 128.000000
avance = -143.000000, avanceR = 2.000000, avanceI = 2.000000
inc_x_r = 0.000000, inc_y_r = 1.000000, inc_x_i = 1.000000, inc_y_i = 1.000000
En el else......

----------------------------------------
x = 5.000000, y = 129.000000
avance = -141.000000, avanceR = 2.000000, avanceI = 2.000000
inc_x_r = 0.000000, inc_y_r = 1.000000, inc_x_i = 1.000000, inc_y_i = 1.000000
En el else......

----------------------------------------
x = 5.000000, y = 130.000000
avance = -139.000000, avanceR = 2.000000, avanceI = 2.000000
inc_x_r = 0.000000, inc_y_r = 1.000000, inc_x_i = 1.000000, inc_y_i = 1.000000
En el else......

----------------------------------------
x = 5.000000, y = 131.000000
avance = -137.000000, avanceR = 2.000000, avanceI = 2.000000
inc_x_r = 0.000000, inc_y_r = 1.000000, inc_x_i = 1.000000, inc_y_i = 1.000000
En el else......

----------------------------------------
x = 5.000000, y = 132.000000
avance = -135.000000, avanceR = 2.000000, avanceI = 2.000000
inc_x_r = 0.000000, inc_y_r = 1.000000, inc_x_i = 1.000000, inc_y_i = 1.000000
En el else......

----------------------------------------
x = 5.000000, y = 133.000000
avance = -133.000000, avanceR = 2.000000, avanceI = 2.000000
inc_x_r = 0.000000, inc_y_r = 1.000000, inc_x_i = 1.000000, inc_y_i = 1.000000
En el else......

----------------------------------------
x = 5.000000, y = 134.000000
avance = -131.000000, avanceR = 2.000000, avanceI = 2.000000
inc_x_r = 0.000000, inc_y_r = 1.000000, inc_x_i = 1.000000, inc_y_i = 1.000000
En el else......

----------------------------------------
x = 5.000000, y = 135.000000
avance = -129.000000, avanceR = 2.000000, avanceI = 2.000000
inc_x_r = 0.000000, inc_y_r = 1.000000, inc_x_i = 1.000000, inc_y_i = 1.000000
En el else......

----------------------------------------
x = 5.000000, y = 136.000000
avance = -127.000000, avanceR = 2.000000, avanceI = 2.000000
inc_x_r = 0.000000, inc_y_r = 1.000000, inc_x_i = 1.000000, inc_y_i = 1.000000
En el else......

----------------------------------------
x = 5.000000, y = 137.000000
avance = -125.000000, avanceR = 2.000000, avanceI = 2.000000
inc_x_r = 0.000000, inc_y_r = 1.000000, inc_x_i = 1.000000, inc_y_i = 1.000000
En el else......

----------------------------------------
x = 5.000000, y = 138.000000
avance = -123.000000, avanceR = 2.000000, avanceI = 2.000000
inc_x_r = 0.000000, inc_y_r = 1.000000, inc_x_i = 1.000000, inc_y_i = 1.000000
En el else......

----------------------------------------
x = 5.000000, y = 139.000000
avance = -121.000000, avanceR = 2.000000, avanceI = 2.000000
inc_x_r = 0.000000, inc_y_r = 1.000000, inc_x_i = 1.000000, inc_y_i = 1.000000
En el else......

----------------------------------------
x = 5.000000, y = 140.000000
avance = -119.000000, avanceR = 2.000000, avanceI = 2.000000
inc_x_r = 0.000000, inc_y_r = 1.000000, inc_x_i = 1.000000, inc_y_i = 1.000000
En el else......

----------------------------------------
x = 5.000000, y = 141.000000
avance = -117.000000, avanceR = 2.000000, avanceI = 2.000000
inc_x_r = 0.000000, inc_y_r = 1.000000, inc_x_i = 1.000000, inc_y_i = 1.000000
En el else......

----------------------------------------
x = 5.000000, y = 142.000000
avance = -115.000000, avanceR = 2.000000, avanceI = 2.000000
inc_x_r = 0.000000, inc_y_r = 1.000000, inc_x_i = 1.000000, inc_y_i = 1.000000
En el else......

----------------------------------------
x = 5.000000, y = 143.000000
avance = -113.000000, avanceR = 2.000000, avanceI = 2.000000
inc_x_r = 0.000000, inc_y_r = 1.000000, inc_x_i = 1.000000, inc_y_i = 1.000000
En el else......

----------------------------------------
x = 5.000000, y = 144.000000
avance = -111.000000, avanceR = 2.000000, avanceI = 2.000000
inc_x_r = 0.000000, inc_y_r = 1.000000, inc_x_i = 1.000000, inc_y_i = 1.000000
En el else......

----------------------------------------
x = 5.000000, y = 145.000000
avance = -109.000000, avanceR = 2.000000, avanceI = 2.000000
inc_x_r = 0.000000, inc_y_r = 1.000000, inc_x_i = 1.000000, inc_y_i = 1.000000
En el else......

----------------------------------------
x = 5.000000, y = 146.000000
avance = -107.000000, avanceR = 2.000000, avanceI = 2.000000
inc_x_r = 0.000000, inc_y_r = 1.000000, inc_x_i = 1.000000, inc_y_i = 1.000000
En el else......

----------------------------------------
x = 5.000000, y = 147.000000
avance = -105.000000, avanceR = 2.000000, avanceI = 2.000000
inc_x_r = 0.000000, inc_y_r = 1.000000, inc_x_i = 1.000000, inc_y_i = 1.000000
En el else......

----------------------------------------
x = 5.000000, y = 148.000000
avance = -103.000000, avanceR = 2.000000, avanceI = 2.000000
inc_x_r = 0.000000, inc_y_r = 1.000000, inc_x_i = 1.000000, inc_y_i = 1.000000
En el else......

----------------------------------------
x = 5.000000, y = 149.000000
avance = -101.000000, avanceR = 2.000000, avanceI = 2.000000
inc_x_r = 0.000000, inc_y_r = 1.000000, inc_x_i = 1.000000, inc_y_i = 1.000000
En el else......

----------------------------------------
x = 5.000000, y = 150.000000
avance = -99.000000, avanceR = 2.000000, avanceI = 2.000000
inc_x_r = 0.000000, inc_y_r = 1.000000, inc_x_i = 1.000000, inc_y_i = 1.000000
En el else......

----------------------------------------
x = 5.000000, y = 151.000000
avance = -97.000000, avanceR = 2.000000, avanceI = 2.000000
inc_x_r = 0.000000, inc_y_r = 1.000000, inc_x_i = 1.000000, inc_y_i = 1.000000
En el else......

----------------------------------------
x = 5.000000, y = 152.000000
avance = -95.000000, avanceR = 2.000000, avanceI = 2.000000
inc_x_r = 0.000000, inc_y_r = 1.000000, inc_x_i = 1.000000, inc_y_i = 1.000000
En el else......

----------------------------------------
x = 5.000000, y = 153.000000
avance = -93.000000, avanceR = 2.000000, avanceI = 2.000000
inc_x_r = 0.000000, inc_y_r = 1.000000, inc_x_i = 1.000000, inc_y_i = 1.000000
En el else......

----------------------------------------
x = 5.000000, y = 154.000000
avance = -91.000000, avanceR = 2.000000, avanceI = 2.000000
inc_x_r = 0.000000, inc_y_r = 1.000000, inc_x_i = 1.000000, inc_y_i = 1.000000
En el else......

----------------------------------------
x = 5.000000, y = 155.000000
avance = -89.000000, avanceR = 2.000000, avanceI = 2.000000
inc_x_r = 0.000000, inc_y_r = 1.000000, inc_x_i = 1.000000, inc_y_i = 1.000000
En el else......

----------------------------------------
x = 5.000000, y = 156.000000
avance = -87.000000, avanceR = 2.000000, avanceI = 2.000000
inc_x_r = 0.000000, inc_y_r = 1.000000, inc_x_i = 1.000000, inc_y_i = 1.000000
En el else......

----------------------------------------
x = 5.000000, y = 157.000000
avance = -85.000000, avanceR = 2.000000, avanceI = 2.000000
inc_x_r = 0.000000, inc_y_r = 1.000000, inc_x_i = 1.000000, inc_y_i = 1.000000
En el else......

----------------------------------------
x = 5.000000, y = 158.000000
avance = -83.000000, avanceR = 2.000000, avanceI = 2.000000
inc_x_r = 0.000000, inc_y_r = 1.000000, inc_x_i = 1.000000, inc_y_i = 1.000000
En el else......

----------------------------------------
x = 5.000000, y = 159.000000
avance = -81.000000, avanceR = 2.000000, avanceI = 2.000000
inc_x_r = 0.000000, inc_y_r = 1.000000, inc_x_i = 1.000000, inc_y_i = 1.000000
En el else......

----------------------------------------
x = 5.000000, y = 160.000000
avance = -79.000000, avanceR = 2.000000, avanceI = 2.000000
inc_x_r = 0.000000, inc_y_r = 1.000000, inc_x_i = 1.000000, inc_y_i = 1.000000
En el else......

----------------------------------------
x = 5.000000, y = 161.000000
avance = -77.000000, avanceR = 2.000000, avanceI = 2.000000
inc_x_r = 0.000000, inc_y_r = 1.000000, inc_x_i = 1.000000, inc_y_i = 1.000000
En el else......

----------------------------------------
x = 5.000000, y = 162.000000
avance = -75.000000, avanceR = 2.000000, avanceI = 2.000000
inc_x_r = 0.000000, inc_y_r = 1.000000, inc_x_i = 1.000000, inc_y_i = 1.000000
En el else......

----------------------------------------
x = 5.000000, y = 163.000000
avance = -73.000000, avanceR = 2.000000, avanceI = 2.000000
inc_x_r = 0.000000, inc_y_r = 1.000000, inc_x_i = 1.000000, inc_y_i = 1.000000
En el else......

----------------------------------------
x = 5.000000, y = 164.000000
avance = -71.000000, avanceR = 2.000000, avanceI = 2.000000
inc_x_r = 0.000000, inc_y_r = 1.000000, inc_x_i = 1.000000, inc_y_i = 1.000000
En el else......

----------------------------------------
x = 5.000000, y = 165.000000
avance = -69.000000, avanceR = 2.000000, avanceI = 2.000000
inc_x_r = 0.000000, inc_y_r = 1.000000, inc_x_i = 1.000000, inc_y_i = 1.000000
En el else......

----------------------------------------
x = 5.000000, y = 166.000000
avance = -67.000000, avanceR = 2.000000, avanceI = 2.000000
inc_x_r = 0.000000, inc_y_r = 1.000000, inc_x_i = 1.000000, inc_y_i = 1.000000
En el else......

----------------------------------------
x = 5.000000, y = 167.000000
avance = -65.000000, avanceR = 2.000000, avanceI = 2.000000
inc_x_r = 0.000000, inc_y_r = 1.000000, inc_x_i = 1.000000, inc_y_i = 1.000000
En el else......

----------------------------------------
x = 5.000000, y = 168.000000
avance = -63.000000, avanceR = 2.000000, avanceI = 2.000000
inc_x_r = 0.000000, inc_y_r = 1.000000, inc_x_i = 1.000000, inc_y_i = 1.000000
En el else......

----------------------------------------
x = 5.000000, y = 169.000000
avance = -61.000000, avanceR = 2.000000, avanceI = 2.000000
inc_x_r = 0.000000, inc_y_r = 1.000000, inc_x_i = 1.000000, inc_y_i = 1.000000
En el else......

----------------------------------------
x = 5.000000, y = 170.000000
avance = -59.000000, avanceR = 2.000000, avanceI = 2.000000
inc_x_r = 0.000000, inc_y_r = 1.000000, inc_x_i = 1.000000, inc_y_i = 1.000000
En el else......

----------------------------------------
x = 5.000000, y = 171.000000
avance = -57.000000, avanceR = 2.000000, avanceI = 2.000000
inc_x_r = 0.000000, inc_y_r = 1.000000, inc_x_i = 1.000000, inc_y_i = 1.000000
En el else......

----------------------------------------
x = 5.000000, y = 172.000000
avance = -55.000000, avanceR = 2.000000, avanceI = 2.000000
inc_x_r = 0.000000, inc_y_r = 1.000000, inc_x_i = 1.000000, inc_y_i = 1.000000
En el else......

----------------------------------------
x = 5.000000, y = 173.000000
avance = -53.000000, avanceR = 2.000000, avanceI = 2.000000
inc_x_r = 0.000000, inc_y_r = 1.000000, inc_x_i = 1.000000, inc_y_i = 1.000000
En el else......

----------------------------------------
x = 5.000000, y = 174.000000
avance = -51.000000, avanceR = 2.000000, avanceI = 2.000000
inc_x_r = 0.000000, inc_y_r = 1.000000, inc_x_i = 1.000000, inc_y_i = 1.000000
En el else......

----------------------------------------
x = 5.000000, y = 175.000000
avance = -49.000000, avanceR = 2.000000, avanceI = 2.000000
inc_x_r = 0.000000, inc_y_r = 1.000000, inc_x_i = 1.000000, inc_y_i = 1.000000
En el else......

----------------------------------------
x = 5.000000, y = 176.000000
avance = -47.000000, avanceR = 2.000000, avanceI = 2.000000
inc_x_r = 0.000000, inc_y_r = 1.000000, inc_x_i = 1.000000, inc_y_i = 1.000000
En el else......

----------------------------------------
x = 5.000000, y = 177.000000
avance = -45.000000, avanceR = 2.000000, avanceI = 2.000000
inc_x_r = 0.000000, inc_y_r = 1.000000, inc_x_i = 1.000000, inc_y_i = 1.000000
En el else......

----------------------------------------
x = 5.000000, y = 178.000000
avance = -43.000000, avanceR = 2.000000, avanceI = 2.000000
inc_x_r = 0.000000, inc_y_r = 1.000000, inc_x_i = 1.000000, inc_y_i = 1.000000
En el else......

----------------------------------------
x = 5.000000, y = 179.000000
avance = -41.000000, avanceR = 2.000000, avanceI = 2.000000
inc_x_r = 0.000000, inc_y_r = 1.000000, inc_x_i = 1.000000, inc_y_i = 1.000000
En el else......

----------------------------------------
x = 5.000000, y = 180.000000
avance = -39.000000, avanceR = 2.000000, avanceI = 2.000000
inc_x_r = 0.000000, inc_y_r = 1.000000, inc_x_i = 1.000000, inc_y_i = 1.000000
En el else......

----------------------------------------
x = 5.000000, y = 181.000000
avance = -37.000000, avanceR = 2.000000, avanceI = 2.000000
inc_x_r = 0.000000, inc_y_r = 1.000000, inc_x_i = 1.000000, inc_y_i = 1.000000
En el else......

----------------------------------------
x = 5.000000, y = 182.000000
avance = -35.000000, avanceR = 2.000000, avanceI = 2.000000
inc_x_r = 0.000000, inc_y_r = 1.000000, inc_x_i = 1.000000, inc_y_i = 1.000000
En el else......

----------------------------------------
x = 5.000000, y = 183.000000
avance = -33.000000, avanceR = 2.000000, avanceI = 2.000000
inc_x_r = 0.000000, inc_y_r = 1.000000, inc_x_i = 1.000000, inc_y_i = 1.000000
En el else......

----------------------------------------
x = 5.000000, y = 184.000000
avance = -31.000000, avanceR = 2.000000, avanceI = 2.000000
inc_x_r = 0.000000, inc_y_r = 1.000000, inc_x_i = 1.000000, inc_y_i = 1.000000
En el else......

----------------------------------------
x = 5.000000, y = 185.000000
avance = -29.000000, avanceR = 2.000000, avanceI = 2.000000
inc_x_r = 0.000000, inc_y_r = 1.000000, inc_x_i = 1.000000, inc_y_i = 1.000000
En el else......

----------------------------------------
x = 5.000000, y = 186.000000
avance = -27.000000, avanceR = 2.000000, avanceI = 2.000000
inc_x_r = 0.000000, inc_y_r = 1.000000, inc_x_i = 1.000000, inc_y_i = 1.000000
En el else......

----------------------------------------
x = 5.000000, y = 187.000000
avance = -25.000000, avanceR = 2.000000, avanceI = 2.000000
inc_x_r = 0.000000, inc_y_r = 1.000000, inc_x_i = 1.000000, inc_y_i = 1.000000
En el else......

----------------------------------------
x = 5.000000, y = 188.000000
avance = -23.000000, avanceR = 2.000000, avanceI = 2.000000
inc_x_r = 0.000000, inc_y_r = 1.000000, inc_x_i = 1.000000, inc_y_i = 1.000000
En el else......

----------------------------------------
x = 5.000000, y = 189.000000
avance = -21.000000, avanceR = 2.000000, avanceI = 2.000000
inc_x_r = 0.000000, inc_y_r = 1.000000, inc_x_i = 1.000000, inc_y_i = 1.000000
En el else......

----------------------------------------
x = 5.000000, y = 190.000000
avance = -19.000000, avanceR = 2.000000, avanceI = 2.000000
inc_x_r = 0.000000, inc_y_r = 1.000000, inc_x_i = 1.000000, inc_y_i = 1.000000
En el else......

----------------------------------------
x = 5.000000, y = 191.000000
avance = -17.000000, avanceR = 2.000000, avanceI = 2.000000
inc_x_r = 0.000000, inc_y_r = 1.000000, inc_x_i = 1.000000, inc_y_i = 1.000000
En el else......

----------------------------------------
x = 5.000000, y = 192.000000
avance = -15.000000, avanceR = 2.000000, avanceI = 2.000000
inc_x_r = 0.000000, inc_y_r = 1.000000, inc_x_i = 1.000000, inc_y_i = 1.000000
En el else......

----------------------------------------
x = 5.000000, y = 193.000000
avance = -13.000000, avanceR = 2.000000, avanceI = 2.000000
inc_x_r = 0.000000, inc_y_r = 1.000000, inc_x_i = 1.000000, inc_y_i = 1.000000
En el else......

----------------------------------------
x = 5.000000, y = 194.000000
avance = -11.000000, avanceR = 2.000000, avanceI = 2.000000
inc_x_r = 0.000000, inc_y_r = 1.000000, inc_x_i = 1.000000, inc_y_i = 1.000000
En el else......

----------------------------------------
x = 5.000000, y = 195.000000
avance = -9.000000, avanceR = 2.000000, avanceI = 2.000000
inc_x_r = 0.000000, inc_y_r = 1.000000, inc_x_i = 1.000000, inc_y_i = 1.000000
En el else......

----------------------------------------
x = 5.000000, y = 196.000000
avance = -7.000000, avanceR = 2.000000, avanceI = 2.000000
inc_x_r = 0.000000, inc_y_r = 1.000000, inc_x_i = 1.000000, inc_y_i = 1.000000
En el else......

----------------------------------------
x = 5.000000, y = 197.000000
avance = -5.000000, avanceR = 2.000000, avanceI = 2.000000
inc_x_r = 0.000000, inc_y_r = 1.000000, inc_x_i = 1.000000, inc_y_i = 1.000000
En el else......

----------------------------------------
x = 5.000000, y = 198.000000
avance = -3.000000, avanceR = 2.000000, avanceI = 2.000000
inc_x_r = 0.000000, inc_y_r = 1.000000, inc_x_i = 1.000000, inc_y_i = 1.000000
En el else......

----------------------------------------
x = 5.000000, y = 199.000000
avance = -1.000000, avanceR = 2.000000, avanceI = 2.000000
inc_x_r = 0.000000, inc_y_r = 1.000000, inc_x_i = 1.000000, inc_y_i = 1.000000
En el else......

----------------------------------------
x = 5.000000, y = 200.000000
avance = 1.000000, avanceR = 2.000000, avanceI = 2.000000
inc_x_r = 0.000000, inc_y_r = 1.000000, inc_x_i = 1.000000, inc_y_i = 1.000000
avance >= 0

----------------------------------------
x = 6.000000, y = 201.000000
avance = -499.000000, avanceR = 2.000000, avanceI = 2.000000
inc_x_r = 0.000000, inc_y_r = 1.000000, inc_x_i = 1.000000, inc_y_i = 1.000000
En el else......

----------------------------------------
x = 6.000000, y = 202.000000
avance = -497.000000, avanceR = 2.000000, avanceI = 2.000000
inc_x_r = 0.000000, inc_y_r = 1.000000, inc_x_i = 1.000000, inc_y_i = 1.000000
En el else......

----------------------------------------
x = 6.000000, y = 203.000000
avance = -495.000000, avanceR = 2.000000, avanceI = 2.000000
inc_x_r = 0.000000, inc_y_r = 1.000000, inc_x_i = 1.000000, inc_y_i = 1.000000
En el else......

----------------------------------------
x = 6.000000, y = 204.000000
avance = -493.000000, avanceR = 2.000000, avanceI = 2.000000
inc_x_r = 0.000000, inc_y_r = 1.000000, inc_x_i = 1.000000, inc_y_i = 1.000000
En el else......

----------------------------------------
x = 6.000000, y = 205.000000
avance = -491.000000, avanceR = 2.000000, avanceI = 2.000000
inc_x_r = 0.000000, inc_y_r = 1.000000, inc_x_i = 1.000000, inc_y_i = 1.000000
En el else......

----------------------------------------
x = 6.000000, y = 206.000000
avance = -489.000000, avanceR = 2.000000, avanceI = 2.000000
inc_x_r = 0.000000, inc_y_r = 1.000000, inc_x_i = 1.000000, inc_y_i = 1.000000
En el else......

----------------------------------------
x = 6.000000, y = 207.000000
avance = -487.000000, avanceR = 2.000000, avanceI = 2.000000
inc_x_r = 0.000000, inc_y_r = 1.000000, inc_x_i = 1.000000, inc_y_i = 1.000000
En el else......

----------------------------------------
x = 6.000000, y = 208.000000
avance = -485.000000, avanceR = 2.000000, avanceI = 2.000000
inc_x_r = 0.000000, inc_y_r = 1.000000, inc_x_i = 1.000000, inc_y_i = 1.000000
En el else......

----------------------------------------
x = 6.000000, y = 209.000000
avance = -483.000000, avanceR = 2.000000, avanceI = 2.000000
inc_x_r = 0.000000, inc_y_r = 1.000000, inc_x_i = 1.000000, inc_y_i = 1.000000
En el else......

----------------------------------------
x = 6.000000, y = 210.000000
avance = -481.000000, avanceR = 2.000000, avanceI = 2.000000
inc_x_r = 0.000000, inc_y_r = 1.000000, inc_x_i = 1.000000, inc_y_i = 1.000000
En el else......

----------------------------------------
x = 6.000000, y = 211.000000
avance = -479.000000, avanceR = 2.000000, avanceI = 2.000000
inc_x_r = 0.000000, inc_y_r = 1.000000, inc_x_i = 1.000000, inc_y_i = 1.000000
En el else......

----------------------------------------
x = 6.000000, y = 212.000000
avance = -477.000000, avanceR = 2.000000, avanceI = 2.000000
inc_x_r = 0.000000, inc_y_r = 1.000000, inc_x_i = 1.000000, inc_y_i = 1.000000
En el else......

----------------------------------------
x = 6.000000, y = 213.000000
avance = -475.000000, avanceR = 2.000000, avanceI = 2.000000
inc_x_r = 0.000000, inc_y_r = 1.000000, inc_x_i = 1.000000, inc_y_i = 1.000000
En el else......

----------------------------------------
x = 6.000000, y = 214.000000
avance = -473.000000, avanceR = 2.000000, avanceI = 2.000000
inc_x_r = 0.000000, inc_y_r = 1.000000, inc_x_i = 1.000000, inc_y_i = 1.000000
En el else......

----------------------------------------
x = 6.000000, y = 215.000000
avance = -471.000000, avanceR = 2.000000, avanceI = 2.000000
inc_x_r = 0.000000, inc_y_r = 1.000000, inc_x_i = 1.000000, inc_y_i = 1.000000
En el else......

----------------------------------------
x = 6.000000, y = 216.000000
avance = -469.000000, avanceR = 2.000000, avanceI = 2.000000
inc_x_r = 0.000000, inc_y_r = 1.000000, inc_x_i = 1.000000, inc_y_i = 1.000000
En el else......

----------------------------------------
x = 6.000000, y = 217.000000
avance = -467.000000, avanceR = 2.000000, avanceI = 2.000000
inc_x_r = 0.000000, inc_y_r = 1.000000, inc_x_i = 1.000000, inc_y_i = 1.000000
En el else......

----------------------------------------
x = 6.000000, y = 218.000000
avance = -465.000000, avanceR = 2.000000, avanceI = 2.000000
inc_x_r = 0.000000, inc_y_r = 1.000000, inc_x_i = 1.000000, inc_y_i = 1.000000
En el else......

----------------------------------------
x = 6.000000, y = 219.000000
avance = -463.000000, avanceR = 2.000000, avanceI = 2.000000
inc_x_r = 0.000000, inc_y_r = 1.000000, inc_x_i = 1.000000, inc_y_i = 1.000000
En el else......

----------------------------------------
x = 6.000000, y = 220.000000
avance = -461.000000, avanceR = 2.000000, avanceI = 2.000000
inc_x_r = 0.000000, inc_y_r = 1.000000, inc_x_i = 1.000000, inc_y_i = 1.000000
En el else......

----------------------------------------
x = 6.000000, y = 221.000000
avance = -459.000000, avanceR = 2.000000, avanceI = 2.000000
inc_x_r = 0.000000, inc_y_r = 1.000000, inc_x_i = 1.000000, inc_y_i = 1.000000
En el else......

----------------------------------------
x = 6.000000, y = 222.000000
avance = -457.000000, avanceR = 2.000000, avanceI = 2.000000
inc_x_r = 0.000000, inc_y_r = 1.000000, inc_x_i = 1.000000, inc_y_i = 1.000000
En el else......

----------------------------------------
x = 6.000000, y = 223.000000
avance = -455.000000, avanceR = 2.000000, avanceI = 2.000000
inc_x_r = 0.000000, inc_y_r = 1.000000, inc_x_i = 1.000000, inc_y_i = 1.000000
En el else......

----------------------------------------
x = 6.000000, y = 224.000000
avance = -453.000000, avanceR = 2.000000, avanceI = 2.000000
inc_x_r = 0.000000, inc_y_r = 1.000000, inc_x_i = 1.000000, inc_y_i = 1.000000
En el else......

----------------------------------------
x = 6.000000, y = 225.000000
avance = -451.000000, avanceR = 2.000000, avanceI = 2.000000
inc_x_r = 0.000000, inc_y_r = 1.000000, inc_x_i = 1.000000, inc_y_i = 1.000000
En el else......

----------------------------------------
x = 6.000000, y = 226.000000
avance = -449.000000, avanceR = 2.000000, avanceI = 2.000000
inc_x_r = 0.000000, inc_y_r = 1.000000, inc_x_i = 1.000000, inc_y_i = 1.000000
En el else......

----------------------------------------
x = 6.000000, y = 227.000000
avance = -447.000000, avanceR = 2.000000, avanceI = 2.000000
inc_x_r = 0.000000, inc_y_r = 1.000000, inc_x_i = 1.000000, inc_y_i = 1.000000
En el else......

----------------------------------------
x = 6.000000, y = 228.000000
avance = -445.000000, avanceR = 2.000000, avanceI = 2.000000
inc_x_r = 0.000000, inc_y_r = 1.000000, inc_x_i = 1.000000, inc_y_i = 1.000000
En el else......

----------------------------------------
x = 6.000000, y = 229.000000
avance = -443.000000, avanceR = 2.000000, avanceI = 2.000000
inc_x_r = 0.000000, inc_y_r = 1.000000, inc_x_i = 1.000000, inc_y_i = 1.000000
En el else......

----------------------------------------
x = 6.000000, y = 230.000000
avance = -441.000000, avanceR = 2.000000, avanceI = 2.000000
inc_x_r = 0.000000, inc_y_r = 1.000000, inc_x_i = 1.000000, inc_y_i = 1.000000
En el else......

----------------------------------------
x = 6.000000, y = 231.000000
avance = -439.000000, avanceR = 2.000000, avanceI = 2.000000
inc_x_r = 0.000000, inc_y_r = 1.000000, inc_x_i = 1.000000, inc_y_i = 1.000000
En el else......

----------------------------------------
x = 6.000000, y = 232.000000
avance = -437.000000, avanceR = 2.000000, avanceI = 2.000000
inc_x_r = 0.000000, inc_y_r = 1.000000, inc_x_i = 1.000000, inc_y_i = 1.000000
En el else......

----------------------------------------
x = 6.000000, y = 233.000000
avance = -435.000000, avanceR = 2.000000, avanceI = 2.000000
inc_x_r = 0.000000, inc_y_r = 1.000000, inc_x_i = 1.000000, inc_y_i = 1.000000
En el else......

----------------------------------------
x = 6.000000, y = 234.000000
avance = -433.000000, avanceR = 2.000000, avanceI = 2.000000
inc_x_r = 0.000000, inc_y_r = 1.000000, inc_x_i = 1.000000, inc_y_i = 1.000000
En el else......

----------------------------------------
x = 6.000000, y = 235.000000
avance = -431.000000, avanceR = 2.000000, avanceI = 2.000000
inc_x_r = 0.000000, inc_y_r = 1.000000, inc_x_i = 1.000000, inc_y_i = 1.000000
En el else......

----------------------------------------
x = 6.000000, y = 236.000000
avance = -429.000000, avanceR = 2.000000, avanceI = 2.000000
inc_x_r = 0.000000, inc_y_r = 1.000000, inc_x_i = 1.000000, inc_y_i = 1.000000
En el else......

----------------------------------------
x = 6.000000, y = 237.000000
avance = -427.000000, avanceR = 2.000000, avanceI = 2.000000
inc_x_r = 0.000000, inc_y_r = 1.000000, inc_x_i = 1.000000, inc_y_i = 1.000000
En el else......

----------------------------------------
x = 6.000000, y = 238.000000
avance = -425.000000, avanceR = 2.000000, avanceI = 2.000000
inc_x_r = 0.000000, inc_y_r = 1.000000, inc_x_i = 1.000000, inc_y_i = 1.000000
En el else......

----------------------------------------
x = 6.000000, y = 239.000000
avance = -423.000000, avanceR = 2.000000, avanceI = 2.000000
inc_x_r = 0.000000, inc_y_r = 1.000000, inc_x_i = 1.000000, inc_y_i = 1.000000
En el else......

----------------------------------------
x = 6.000000, y = 240.000000
avance = -421.000000, avanceR = 2.000000, avanceI = 2.000000
inc_x_r = 0.000000, inc_y_r = 1.000000, inc_x_i = 1.000000, inc_y_i = 1.000000
En el else......

----------------------------------------
x = 6.000000, y = 241.000000
avance = -419.000000, avanceR = 2.000000, avanceI = 2.000000
inc_x_r = 0.000000, inc_y_r = 1.000000, inc_x_i = 1.000000, inc_y_i = 1.000000
En el else......

----------------------------------------
x = 6.000000, y = 242.000000
avance = -417.000000, avanceR = 2.000000, avanceI = 2.000000
inc_x_r = 0.000000, inc_y_r = 1.000000, inc_x_i = 1.000000, inc_y_i = 1.000000
En el else......

----------------------------------------
x = 6.000000, y = 243.000000
avance = -415.000000, avanceR = 2.000000, avanceI = 2.000000
inc_x_r = 0.000000, inc_y_r = 1.000000, inc_x_i = 1.000000, inc_y_i = 1.000000
En el else......

----------------------------------------
x = 6.000000, y = 244.000000
avance = -413.000000, avanceR = 2.000000, avanceI = 2.000000
inc_x_r = 0.000000, inc_y_r = 1.000000, inc_x_i = 1.000000, inc_y_i = 1.000000
En el else......

----------------------------------------
x = 6.000000, y = 245.000000
avance = -411.000000, avanceR = 2.000000, avanceI = 2.000000
inc_x_r = 0.000000, inc_y_r = 1.000000, inc_x_i = 1.000000, inc_y_i = 1.000000
En el else......

----------------------------------------
x = 6.000000, y = 246.000000
avance = -409.000000, avanceR = 2.000000, avanceI = 2.000000
inc_x_r = 0.000000, inc_y_r = 1.000000, inc_x_i = 1.000000, inc_y_i = 1.000000
En el else......

----------------------------------------
x = 6.000000, y = 247.000000
avance = -407.000000, avanceR = 2.000000, avanceI = 2.000000
inc_x_r = 0.000000, inc_y_r = 1.000000, inc_x_i = 1.000000, inc_y_i = 1.000000
En el else......

----------------------------------------
x = 6.000000, y = 248.000000
avance = -405.000000, avanceR = 2.000000, avanceI = 2.000000
inc_x_r = 0.000000, inc_y_r = 1.000000, inc_x_i = 1.000000, inc_y_i = 1.000000
En el else......

----------------------------------------
x = 6.000000, y = 249.000000
avance = -403.000000, avanceR = 2.000000, avanceI = 2.000000
inc_x_r = 0.000000, inc_y_r = 1.000000, inc_x_i = 1.000000, inc_y_i = 1.000000
En el else......

----------------------------------------
x = 6.000000, y = 250.000000
avance = -401.000000, avanceR = 2.000000, avanceI = 2.000000
inc_x_r = 0.000000, inc_y_r = 1.000000, inc_x_i = 1.000000, inc_y_i = 1.000000
En el else......

----------------------------------------
x = 6.000000, y = 251.000000
avance = -399.000000, avanceR = 2.000000, avanceI = 2.000000
inc_x_r = 0.000000, inc_y_r = 1.000000, inc_x_i = 1.000000, inc_y_i = 1.000000
En el else......

----------------------------------------
x = 6.000000, y = 252.000000
avance = -397.000000, avanceR = 2.000000, avanceI = 2.000000
inc_x_r = 0.000000, inc_y_r = 1.000000, inc_x_i = 1.000000, inc_y_i = 1.000000
En el else......

----------------------------------------
x = 6.000000, y = 253.000000
avance = -395.000000, avanceR = 2.000000, avanceI = 2.000000
inc_x_r = 0.000000, inc_y_r = 1.000000, inc_x_i = 1.000000, inc_y_i = 1.000000
En el else......

----------------------------------------
x = 6.000000, y = 254.000000
avance = -393.000000, avanceR = 2.000000, avanceI = 2.000000
inc_x_r = 0.000000, inc_y_r = 1.000000, inc_x_i = 1.000000, inc_y_i = 1.000000
En el else......

----------------------------------------
x = 6.000000, y = 255.000000
avance = -391.000000, avanceR = 2.000000, avanceI = 2.000000
inc_x_r = 0.000000, inc_y_r = 1.000000, inc_x_i = 1.000000, inc_y_i = 1.000000
En el else......

----------------------------------------
x = 6.000000, y = 256.000000
avance = -389.000000, avanceR = 2.000000, avanceI = 2.000000
inc_x_r = 0.000000, inc_y_r = 1.000000, inc_x_i = 1.000000, inc_y_i = 1.000000
En el else......

----------------------------------------
x = 6.000000, y = 257.000000
avance = -387.000000, avanceR = 2.000000, avanceI = 2.000000
inc_x_r = 0.000000, inc_y_r = 1.000000, inc_x_i = 1.000000, inc_y_i = 1.000000
En el else......

----------------------------------------
x = 6.000000, y = 258.000000
avance = -385.000000, avanceR = 2.000000, avanceI = 2.000000
inc_x_r = 0.000000, inc_y_r = 1.000000, inc_x_i = 1.000000, inc_y_i = 1.000000
En el else......

----------------------------------------
x = 6.000000, y = 259.000000
avance = -383.000000, avanceR = 2.000000, avanceI = 2.000000
inc_x_r = 0.000000, inc_y_r = 1.000000, inc_x_i = 1.000000, inc_y_i = 1.000000
En el else......

----------------------------------------
x = 6.000000, y = 260.000000
avance = -381.000000, avanceR = 2.000000, avanceI = 2.000000
inc_x_r = 0.000000, inc_y_r = 1.000000, inc_x_i = 1.000000, inc_y_i = 1.000000
En el else......

----------------------------------------
x = 6.000000, y = 261.000000
avance = -379.000000, avanceR = 2.000000, avanceI = 2.000000
inc_x_r = 0.000000, inc_y_r = 1.000000, inc_x_i = 1.000000, inc_y_i = 1.000000
En el else......

----------------------------------------
x = 6.000000, y = 262.000000
avance = -377.000000, avanceR = 2.000000, avanceI = 2.000000
inc_x_r = 0.000000, inc_y_r = 1.000000, inc_x_i = 1.000000, inc_y_i = 1.000000
En el else......

----------------------------------------
x = 6.000000, y = 263.000000
avance = -375.000000, avanceR = 2.000000, avanceI = 2.000000
inc_x_r = 0.000000, inc_y_r = 1.000000, inc_x_i = 1.000000, inc_y_i = 1.000000
En el else......

----------------------------------------
x = 6.000000, y = 264.000000
avance = -373.000000, avanceR = 2.000000, avanceI = 2.000000
inc_x_r = 0.000000, inc_y_r = 1.000000, inc_x_i = 1.000000, inc_y_i = 1.000000
En el else......

----------------------------------------
x = 6.000000, y = 265.000000
avance = -371.000000, avanceR = 2.000000, avanceI = 2.000000
inc_x_r = 0.000000, inc_y_r = 1.000000, inc_x_i = 1.000000, inc_y_i = 1.000000
En el else......

----------------------------------------
x = 6.000000, y = 266.000000
avance = -369.000000, avanceR = 2.000000, avanceI = 2.000000
inc_x_r = 0.000000, inc_y_r = 1.000000, inc_x_i = 1.000000, inc_y_i = 1.000000
En el else......

----------------------------------------
x = 6.000000, y = 267.000000
avance = -367.000000, avanceR = 2.000000, avanceI = 2.000000
inc_x_r = 0.000000, inc_y_r = 1.000000, inc_x_i = 1.000000, inc_y_i = 1.000000
En el else......

----------------------------------------
x = 6.000000, y = 268.000000
avance = -365.000000, avanceR = 2.000000, avanceI = 2.000000
inc_x_r = 0.000000, inc_y_r = 1.000000, inc_x_i = 1.000000, inc_y_i = 1.000000
En el else......

----------------------------------------
x = 6.000000, y = 269.000000
avance = -363.000000, avanceR = 2.000000, avanceI = 2.000000
inc_x_r = 0.000000, inc_y_r = 1.000000, inc_x_i = 1.000000, inc_y_i = 1.000000
En el else......

----------------------------------------
x = 6.000000, y = 270.000000
avance = -361.000000, avanceR = 2.000000, avanceI = 2.000000
inc_x_r = 0.000000, inc_y_r = 1.000000, inc_x_i = 1.000000, inc_y_i = 1.000000
En el else......

----------------------------------------
x = 6.000000, y = 271.000000
avance = -359.000000, avanceR = 2.000000, avanceI = 2.000000
inc_x_r = 0.000000, inc_y_r = 1.000000, inc_x_i = 1.000000, inc_y_i = 1.000000
En el else......

----------------------------------------
x = 6.000000, y = 272.000000
avance = -357.000000, avanceR = 2.000000, avanceI = 2.000000
inc_x_r = 0.000000, inc_y_r = 1.000000, inc_x_i = 1.000000, inc_y_i = 1.000000
En el else......

----------------------------------------
x = 6.000000, y = 273.000000
avance = -355.000000, avanceR = 2.000000, avanceI = 2.000000
inc_x_r = 0.000000, inc_y_r = 1.000000, inc_x_i = 1.000000, inc_y_i = 1.000000
En el else......

----------------------------------------
x = 6.000000, y = 274.000000
avance = -353.000000, avanceR = 2.000000, avanceI = 2.000000
inc_x_r = 0.000000, inc_y_r = 1.000000, inc_x_i = 1.000000, inc_y_i = 1.000000
En el else......

----------------------------------------
x = 6.000000, y = 275.000000
avance = -351.000000, avanceR = 2.000000, avanceI = 2.000000
inc_x_r = 0.000000, inc_y_r = 1.000000, inc_x_i = 1.000000, inc_y_i = 1.000000
En el else......

----------------------------------------
x = 6.000000, y = 276.000000
avance = -349.000000, avanceR = 2.000000, avanceI = 2.000000
inc_x_r = 0.000000, inc_y_r = 1.000000, inc_x_i = 1.000000, inc_y_i = 1.000000
En el else......

----------------------------------------
x = 6.000000, y = 277.000000
avance = -347.000000, avanceR = 2.000000, avanceI = 2.000000
inc_x_r = 0.000000, inc_y_r = 1.000000, inc_x_i = 1.000000, inc_y_i = 1.000000
En el else......

----------------------------------------
x = 6.000000, y = 278.000000
avance = -345.000000, avanceR = 2.000000, avanceI = 2.000000
inc_x_r = 0.000000, inc_y_r = 1.000000, inc_x_i = 1.000000, inc_y_i = 1.000000
En el else......

----------------------------------------
x = 6.000000, y = 279.000000
avance = -343.000000, avanceR = 2.000000, avanceI = 2.000000
inc_x_r = 0.000000, inc_y_r = 1.000000, inc_x_i = 1.000000, inc_y_i = 1.000000
En el else......

----------------------------------------
x = 6.000000, y = 280.000000
avance = -341.000000, avanceR = 2.000000, avanceI = 2.000000
inc_x_r = 0.000000, inc_y_r = 1.000000, inc_x_i = 1.000000, inc_y_i = 1.000000
En el else......

----------------------------------------
x = 6.000000, y = 281.000000
avance = -339.000000, avanceR = 2.000000, avanceI = 2.000000
inc_x_r = 0.000000, inc_y_r = 1.000000, inc_x_i = 1.000000, inc_y_i = 1.000000
En el else......

----------------------------------------
x = 6.000000, y = 282.000000
avance = -337.000000, avanceR = 2.000000, avanceI = 2.000000
inc_x_r = 0.000000, inc_y_r = 1.000000, inc_x_i = 1.000000, inc_y_i = 1.000000
En el else......

----------------------------------------
x = 6.000000, y = 283.000000
avance = -335.000000, avanceR = 2.000000, avanceI = 2.000000
inc_x_r = 0.000000, inc_y_r = 1.000000, inc_x_i = 1.000000, inc_y_i = 1.000000
En el else......

----------------------------------------
x = 6.000000, y = 284.000000
avance = -333.000000, avanceR = 2.000000, avanceI = 2.000000
inc_x_r = 0.000000, inc_y_r = 1.000000, inc_x_i = 1.000000, inc_y_i = 1.000000
En el else......

----------------------------------------
x = 6.000000, y = 285.000000
avance = -331.000000, avanceR = 2.000000, avanceI = 2.000000
inc_x_r = 0.000000, inc_y_r = 1.000000, inc_x_i = 1.000000, inc_y_i = 1.000000
En el else......

----------------------------------------
x = 6.000000, y = 286.000000
avance = -329.000000, avanceR = 2.000000, avanceI = 2.000000
inc_x_r = 0.000000, inc_y_r = 1.000000, inc_x_i = 1.000000, inc_y_i = 1.000000
En el else......

----------------------------------------
x = 6.000000, y = 287.000000
avance = -327.000000, avanceR = 2.000000, avanceI = 2.000000
inc_x_r = 0.000000, inc_y_r = 1.000000, inc_x_i = 1.000000, inc_y_i = 1.000000
En el else......

----------------------------------------
x = 6.000000, y = 288.000000
avance = -325.000000, avanceR = 2.000000, avanceI = 2.000000
inc_x_r = 0.000000, inc_y_r = 1.000000, inc_x_i = 1.000000, inc_y_i = 1.000000
En el else......

----------------------------------------
x = 6.000000, y = 289.000000
avance = -323.000000, avanceR = 2.000000, avanceI = 2.000000
inc_x_r = 0.000000, inc_y_r = 1.000000, inc_x_i = 1.000000, inc_y_i = 1.000000
En el else......

----------------------------------------
x = 6.000000, y = 290.000000
avance = -321.000000, avanceR = 2.000000, avanceI = 2.000000
inc_x_r = 0.000000, inc_y_r = 1.000000, inc_x_i = 1.000000, inc_y_i = 1.000000
En el else......

----------------------------------------
x = 6.000000, y = 291.000000
avance = -319.000000, avanceR = 2.000000, avanceI = 2.000000
inc_x_r = 0.000000, inc_y_r = 1.000000, inc_x_i = 1.000000, inc_y_i = 1.000000
En el else......

----------------------------------------
x = 6.000000, y = 292.000000
avance = -317.000000, avanceR = 2.000000, avanceI = 2.000000
inc_x_r = 0.000000, inc_y_r = 1.000000, inc_x_i = 1.000000, inc_y_i = 1.000000
En el else......

----------------------------------------
x = 6.000000, y = 293.000000
avance = -315.000000, avanceR = 2.000000, avanceI = 2.000000
inc_x_r = 0.000000, inc_y_r = 1.000000, inc_x_i = 1.000000, inc_y_i = 1.000000
En el else......

----------------------------------------
x = 6.000000, y = 294.000000
avance = -313.000000, avanceR = 2.000000, avanceI = 2.000000
inc_x_r = 0.000000, inc_y_r = 1.000000, inc_x_i = 1.000000, inc_y_i = 1.000000
En el else......

----------------------------------------
x = 6.000000, y = 295.000000
avance = -311.000000, avanceR = 2.000000, avanceI = 2.000000
inc_x_r = 0.000000, inc_y_r = 1.000000, inc_x_i = 1.000000, inc_y_i = 1.000000
En el else......

----------------------------------------
x = 6.000000, y = 296.000000
avance = -309.000000, avanceR = 2.000000, avanceI = 2.000000
inc_x_r = 0.000000, inc_y_r = 1.000000, inc_x_i = 1.000000, inc_y_i = 1.000000
En el else......

----------------------------------------
x = 6.000000, y = 297.000000
avance = -307.000000, avanceR = 2.000000, avanceI = 2.000000
inc_x_r = 0.000000, inc_y_r = 1.000000, inc_x_i = 1.000000, inc_y_i = 1.000000
En el else......

----------------------------------------
x = 6.000000, y = 298.000000
avance = -305.000000, avanceR = 2.000000, avanceI = 2.000000
inc_x_r = 0.000000, inc_y_r = 1.000000, inc_x_i = 1.000000, inc_y_i = 1.000000
En el else......

----------------------------------------
x = 6.000000, y = 299.000000
avance = -303.000000, avanceR = 2.000000, avanceI = 2.000000
inc_x_r = 0.000000, inc_y_r = 1.000000, inc_x_i = 1.000000, inc_y_i = 1.000000
En el else......

----------------------------------------
x = 6.000000, y = 300.000000
avance = -301.000000, avanceR = 2.000000, avanceI = 2.000000
inc_x_r = 0.000000, inc_y_r = 1.000000, inc_x_i = 1.000000, inc_y_i = 1.000000
En el else......

----------------------------------------
x = 6.000000, y = 301.000000
avance = -299.000000, avanceR = 2.000000, avanceI = 2.000000
inc_x_r = 0.000000, inc_y_r = 1.000000, inc_x_i = 1.000000, inc_y_i = 1.000000
En el else......

----------------------------------------
x = 6.000000, y = 302.000000
avance = -297.000000, avanceR = 2.000000, avanceI = 2.000000
inc_x_r = 0.000000, inc_y_r = 1.000000, inc_x_i = 1.000000, inc_y_i = 1.000000
En el else......

----------------------------------------
x = 6.000000, y = 303.000000
avance = -295.000000, avanceR = 2.000000, avanceI = 2.000000
inc_x_r = 0.000000, inc_y_r = 1.000000, inc_x_i = 1.000000, inc_y_i = 1.000000
En el else......

----------------------------------------
x = 6.000000, y = 304.000000
avance = -293.000000, avanceR = 2.000000, avanceI = 2.000000
inc_x_r = 0.000000, inc_y_r = 1.000000, inc_x_i = 1.000000, inc_y_i = 1.000000
En el else......

----------------------------------------
x = 6.000000, y = 305.000000
avance = -291.000000, avanceR = 2.000000, avanceI = 2.000000
inc_x_r = 0.000000, inc_y_r = 1.000000, inc_x_i = 1.000000, inc_y_i = 1.000000
En el else......

----------------------------------------
x = 6.000000, y = 306.000000
avance = -289.000000, avanceR = 2.000000, avanceI = 2.000000
inc_x_r = 0.000000, inc_y_r = 1.000000, inc_x_i = 1.000000, inc_y_i = 1.000000
En el else......

----------------------------------------
x = 6.000000, y = 307.000000
avance = -287.000000, avanceR = 2.000000, avanceI = 2.000000
inc_x_r = 0.000000, inc_y_r = 1.000000, inc_x_i = 1.000000, inc_y_i = 1.000000
En el else......

----------------------------------------
x = 6.000000, y = 308.000000
avance = -285.000000, avanceR = 2.000000, avanceI = 2.000000
inc_x_r = 0.000000, inc_y_r = 1.000000, inc_x_i = 1.000000, inc_y_i = 1.000000
En el else......

----------------------------------------
x = 6.000000, y = 309.000000
avance = -283.000000, avanceR = 2.000000, avanceI = 2.000000
inc_x_r = 0.000000, inc_y_r = 1.000000, inc_x_i = 1.000000, inc_y_i = 1.000000
En el else......

----------------------------------------
x = 6.000000, y = 310.000000
avance = -281.000000, avanceR = 2.000000, avanceI = 2.000000
inc_x_r = 0.000000, inc_y_r = 1.000000, inc_x_i = 1.000000, inc_y_i = 1.000000
En el else......

----------------------------------------
x = 6.000000, y = 311.000000
avance = -279.000000, avanceR = 2.000000, avanceI = 2.000000
inc_x_r = 0.000000, inc_y_r = 1.000000, inc_x_i = 1.000000, inc_y_i = 1.000000
En el else......

----------------------------------------
x = 6.000000, y = 312.000000
avance = -277.000000, avanceR = 2.000000, avanceI = 2.000000
inc_x_r = 0.000000, inc_y_r = 1.000000, inc_x_i = 1.000000, inc_y_i = 1.000000
En el else......

----------------------------------------
x = 6.000000, y = 313.000000
avance = -275.000000, avanceR = 2.000000, avanceI = 2.000000
inc_x_r = 0.000000, inc_y_r = 1.000000, inc_x_i = 1.000000, inc_y_i = 1.000000
En el else......

----------------------------------------
x = 6.000000, y = 314.000000
avance = -273.000000, avanceR = 2.000000, avanceI = 2.000000
inc_x_r = 0.000000, inc_y_r = 1.000000, inc_x_i = 1.000000, inc_y_i = 1.000000
En el else......

----------------------------------------
x = 6.000000, y = 315.000000
avance = -271.000000, avanceR = 2.000000, avanceI = 2.000000
inc_x_r = 0.000000, inc_y_r = 1.000000, inc_x_i = 1.000000, inc_y_i = 1.000000
En el else......

----------------------------------------
x = 6.000000, y = 316.000000
avance = -269.000000, avanceR = 2.000000, avanceI = 2.000000
inc_x_r = 0.000000, inc_y_r = 1.000000, inc_x_i = 1.000000, inc_y_i = 1.000000
En el else......

----------------------------------------
x = 6.000000, y = 317.000000
avance = -267.000000, avanceR = 2.000000, avanceI = 2.000000
inc_x_r = 0.000000, inc_y_r = 1.000000, inc_x_i = 1.000000, inc_y_i = 1.000000
En el else......

----------------------------------------
x = 6.000000, y = 318.000000
avance = -265.000000, avanceR = 2.000000, avanceI = 2.000000
inc_x_r = 0.000000, inc_y_r = 1.000000, inc_x_i = 1.000000, inc_y_i = 1.000000
En el else......

----------------------------------------
x = 6.000000, y = 319.000000
avance = -263.000000, avanceR = 2.000000, avanceI = 2.000000
inc_x_r = 0.000000, inc_y_r = 1.000000, inc_x_i = 1.000000, inc_y_i = 1.000000
En el else......

----------------------------------------
x = 6.000000, y = 320.000000
avance = -261.000000, avanceR = 2.000000, avanceI = 2.000000
inc_x_r = 0.000000, inc_y_r = 1.000000, inc_x_i = 1.000000, inc_y_i = 1.000000
En el else......

----------------------------------------
x = 6.000000, y = 321.000000
avance = -259.000000, avanceR = 2.000000, avanceI = 2.000000
inc_x_r = 0.000000, inc_y_r = 1.000000, inc_x_i = 1.000000, inc_y_i = 1.000000
En el else......

----------------------------------------
x = 6.000000, y = 322.000000
avance = -257.000000, avanceR = 2.000000, avanceI = 2.000000
inc_x_r = 0.000000, inc_y_r = 1.000000, inc_x_i = 1.000000, inc_y_i = 1.000000
En el else......

----------------------------------------
x = 6.000000, y = 323.000000
avance = -255.000000, avanceR = 2.000000, avanceI = 2.000000
inc_x_r = 0.000000, inc_y_r = 1.000000, inc_x_i = 1.000000, inc_y_i = 1.000000
En el else......

----------------------------------------
x = 6.000000, y = 324.000000
avance = -253.000000, avanceR = 2.000000, avanceI = 2.000000
inc_x_r = 0.000000, inc_y_r = 1.000000, inc_x_i = 1.000000, inc_y_i = 1.000000
En el else......

----------------------------------------
x = 6.000000, y = 325.000000
avance = -251.000000, avanceR = 2.000000, avanceI = 2.000000
inc_x_r = 0.000000, inc_y_r = 1.000000, inc_x_i = 1.000000, inc_y_i = 1.000000
En el else......

----------------------------------------


ENTRAMOS A BRESENHAMªªªª
x1 = 5.000000 - y1 = 75.000000 || x2 = 6.000000 - y2 = 326.000000
dy = 251.000000, dx = 1.000000
avances inclinados: inc_x_i = 1.000000, inc_y_i = 1.000000
updated: dy = 251.000000, dx = 1.000000
avances rectos: inc_x_r = 0.000000, inc_y_r 1.000000
reupdated: dy = 1.000000, dx = 251.000000
avanceR = 2.000000, avance -249.000000, avanceI 2.000000
----------------------------------------
x = 5.000000, y = 75.000000
avance = -249.000000, avanceR = 2.000000, avanceI = 2.000000
inc_x_r = 0.000000, inc_y_r = 1.000000, inc_x_i = 1.000000, inc_y_i = 1.000000
En el else......

----------------------------------------
x = 5.000000, y = 76.000000
avance = -247.000000, avanceR = 2.000000, avanceI = 2.000000
inc_x_r = 0.000000, inc_y_r = 1.000000, inc_x_i = 1.000000, inc_y_i = 1.000000
En el else......

----------------------------------------
x = 5.000000, y = 77.000000
avance = -245.000000, avanceR = 2.000000, avanceI = 2.000000
inc_x_r = 0.000000, inc_y_r = 1.000000, inc_x_i = 1.000000, inc_y_i = 1.000000
En el else......

----------------------------------------
x = 5.000000, y = 78.000000
avance = -243.000000, avanceR = 2.000000, avanceI = 2.000000
inc_x_r = 0.000000, inc_y_r = 1.000000, inc_x_i = 1.000000, inc_y_i = 1.000000
En el else......

----------------------------------------
x = 5.000000, y = 79.000000
avance = -241.000000, avanceR = 2.000000, avanceI = 2.000000
inc_x_r = 0.000000, inc_y_r = 1.000000, inc_x_i = 1.000000, inc_y_i = 1.000000
En el else......

----------------------------------------
x = 5.000000, y = 80.000000
avance = -239.000000, avanceR = 2.000000, avanceI = 2.000000
inc_x_r = 0.000000, inc_y_r = 1.000000, inc_x_i = 1.000000, inc_y_i = 1.000000
En el else......

----------------------------------------
x = 5.000000, y = 81.000000
avance = -237.000000, avanceR = 2.000000, avanceI = 2.000000
inc_x_r = 0.000000, inc_y_r = 1.000000, inc_x_i = 1.000000, inc_y_i = 1.000000
En el else......

----------------------------------------
x = 5.000000, y = 82.000000
avance = -235.000000, avanceR = 2.000000, avanceI = 2.000000
inc_x_r = 0.000000, inc_y_r = 1.000000, inc_x_i = 1.000000, inc_y_i = 1.000000
En el else......

----------------------------------------
x = 5.000000, y = 83.000000
avance = -233.000000, avanceR = 2.000000, avanceI = 2.000000
inc_x_r = 0.000000, inc_y_r = 1.000000, inc_x_i = 1.000000, inc_y_i = 1.000000
En el else......

----------------------------------------
x = 5.000000, y = 84.000000
avance = -231.000000, avanceR = 2.000000, avanceI = 2.000000
inc_x_r = 0.000000, inc_y_r = 1.000000, inc_x_i = 1.000000, inc_y_i = 1.000000
En el else......

----------------------------------------
x = 5.000000, y = 85.000000
avance = -229.000000, avanceR = 2.000000, avanceI = 2.000000
inc_x_r = 0.000000, inc_y_r = 1.000000, inc_x_i = 1.000000, inc_y_i = 1.000000
En el else......

----------------------------------------
x = 5.000000, y = 86.000000
avance = -227.000000, avanceR = 2.000000, avanceI = 2.000000
inc_x_r = 0.000000, inc_y_r = 1.000000, inc_x_i = 1.000000, inc_y_i = 1.000000
En el else......

----------------------------------------
x = 5.000000, y = 87.000000
avance = -225.000000, avanceR = 2.000000, avanceI = 2.000000
inc_x_r = 0.000000, inc_y_r = 1.000000, inc_x_i = 1.000000, inc_y_i = 1.000000
En el else......

----------------------------------------
x = 5.000000, y = 88.000000
avance = -223.000000, avanceR = 2.000000, avanceI = 2.000000
inc_x_r = 0.000000, inc_y_r = 1.000000, inc_x_i = 1.000000, inc_y_i = 1.000000
En el else......

----------------------------------------
x = 5.000000, y = 89.000000
avance = -221.000000, avanceR = 2.000000, avanceI = 2.000000
inc_x_r = 0.000000, inc_y_r = 1.000000, inc_x_i = 1.000000, inc_y_i = 1.000000
En el else......

----------------------------------------
x = 5.000000, y = 90.000000
avance = -219.000000, avanceR = 2.000000, avanceI = 2.000000
inc_x_r = 0.000000, inc_y_r = 1.000000, inc_x_i = 1.000000, inc_y_i = 1.000000
En el else......

----------------------------------------
x = 5.000000, y = 91.000000
avance = -217.000000, avanceR = 2.000000, avanceI = 2.000000
inc_x_r = 0.000000, inc_y_r = 1.000000, inc_x_i = 1.000000, inc_y_i = 1.000000
En el else......

----------------------------------------
x = 5.000000, y = 92.000000
avance = -215.000000, avanceR = 2.000000, avanceI = 2.000000
inc_x_r = 0.000000, inc_y_r = 1.000000, inc_x_i = 1.000000, inc_y_i = 1.000000
En el else......

----------------------------------------
x = 5.000000, y = 93.000000
avance = -213.000000, avanceR = 2.000000, avanceI = 2.000000
inc_x_r = 0.000000, inc_y_r = 1.000000, inc_x_i = 1.000000, inc_y_i = 1.000000
En el else......

----------------------------------------
x = 5.000000, y = 94.000000
avance = -211.000000, avanceR = 2.000000, avanceI = 2.000000
inc_x_r = 0.000000, inc_y_r = 1.000000, inc_x_i = 1.000000, inc_y_i = 1.000000
En el else......

----------------------------------------
x = 5.000000, y = 95.000000
avance = -209.000000, avanceR = 2.000000, avanceI = 2.000000
inc_x_r = 0.000000, inc_y_r = 1.000000, inc_x_i = 1.000000, inc_y_i = 1.000000
En el else......

----------------------------------------
x = 5.000000, y = 96.000000
avance = -207.000000, avanceR = 2.000000, avanceI = 2.000000
inc_x_r = 0.000000, inc_y_r = 1.000000, inc_x_i = 1.000000, inc_y_i = 1.000000
En el else......

----------------------------------------
x = 5.000000, y = 97.000000
avance = -205.000000, avanceR = 2.000000, avanceI = 2.000000
inc_x_r = 0.000000, inc_y_r = 1.000000, inc_x_i = 1.000000, inc_y_i = 1.000000
En el else......

----------------------------------------
x = 5.000000, y = 98.000000
avance = -203.000000, avanceR = 2.000000, avanceI = 2.000000
inc_x_r = 0.000000, inc_y_r = 1.000000, inc_x_i = 1.000000, inc_y_i = 1.000000
En el else......

----------------------------------------
x = 5.000000, y = 99.000000
avance = -201.000000, avanceR = 2.000000, avanceI = 2.000000
inc_x_r = 0.000000, inc_y_r = 1.000000, inc_x_i = 1.000000, inc_y_i = 1.000000
En el else......

----------------------------------------
x = 5.000000, y = 100.000000
avance = -199.000000, avanceR = 2.000000, avanceI = 2.000000
inc_x_r = 0.000000, inc_y_r = 1.000000, inc_x_i = 1.000000, inc_y_i = 1.000000
En el else......

----------------------------------------
x = 5.000000, y = 101.000000
avance = -197.000000, avanceR = 2.000000, avanceI = 2.000000
inc_x_r = 0.000000, inc_y_r = 1.000000, inc_x_i = 1.000000, inc_y_i = 1.000000
En el else......

----------------------------------------
x = 5.000000, y = 102.000000
avance = -195.000000, avanceR = 2.000000, avanceI = 2.000000
inc_x_r = 0.000000, inc_y_r = 1.000000, inc_x_i = 1.000000, inc_y_i = 1.000000
En el else......

----------------------------------------
x = 5.000000, y = 103.000000
avance = -193.000000, avanceR = 2.000000, avanceI = 2.000000
inc_x_r = 0.000000, inc_y_r = 1.000000, inc_x_i = 1.000000, inc_y_i = 1.000000
En el else......

----------------------------------------
x = 5.000000, y = 104.000000
avance = -191.000000, avanceR = 2.000000, avanceI = 2.000000
inc_x_r = 0.000000, inc_y_r = 1.000000, inc_x_i = 1.000000, inc_y_i = 1.000000
En el else......

----------------------------------------
x = 5.000000, y = 105.000000
avance = -189.000000, avanceR = 2.000000, avanceI = 2.000000
inc_x_r = 0.000000, inc_y_r = 1.000000, inc_x_i = 1.000000, inc_y_i = 1.000000
En el else......

----------------------------------------
x = 5.000000, y = 106.000000
avance = -187.000000, avanceR = 2.000000, avanceI = 2.000000
inc_x_r = 0.000000, inc_y_r = 1.000000, inc_x_i = 1.000000, inc_y_i = 1.000000
En el else......

----------------------------------------
x = 5.000000, y = 107.000000
avance = -185.000000, avanceR = 2.000000, avanceI = 2.000000
inc_x_r = 0.000000, inc_y_r = 1.000000, inc_x_i = 1.000000, inc_y_i = 1.000000
En el else......

----------------------------------------
x = 5.000000, y = 108.000000
avance = -183.000000, avanceR = 2.000000, avanceI = 2.000000
inc_x_r = 0.000000, inc_y_r = 1.000000, inc_x_i = 1.000000, inc_y_i = 1.000000
En el else......

----------------------------------------
x = 5.000000, y = 109.000000
avance = -181.000000, avanceR = 2.000000, avanceI = 2.000000
inc_x_r = 0.000000, inc_y_r = 1.000000, inc_x_i = 1.000000, inc_y_i = 1.000000
En el else......

----------------------------------------
x = 5.000000, y = 110.000000
avance = -179.000000, avanceR = 2.000000, avanceI = 2.000000
inc_x_r = 0.000000, inc_y_r = 1.000000, inc_x_i = 1.000000, inc_y_i = 1.000000
En el else......

----------------------------------------
x = 5.000000, y = 111.000000
avance = -177.000000, avanceR = 2.000000, avanceI = 2.000000
inc_x_r = 0.000000, inc_y_r = 1.000000, inc_x_i = 1.000000, inc_y_i = 1.000000
En el else......

----------------------------------------
x = 5.000000, y = 112.000000
avance = -175.000000, avanceR = 2.000000, avanceI = 2.000000
inc_x_r = 0.000000, inc_y_r = 1.000000, inc_x_i = 1.000000, inc_y_i = 1.000000
En el else......

----------------------------------------
x = 5.000000, y = 113.000000
avance = -173.000000, avanceR = 2.000000, avanceI = 2.000000
inc_x_r = 0.000000, inc_y_r = 1.000000, inc_x_i = 1.000000, inc_y_i = 1.000000
En el else......

----------------------------------------
x = 5.000000, y = 114.000000
avance = -171.000000, avanceR = 2.000000, avanceI = 2.000000
inc_x_r = 0.000000, inc_y_r = 1.000000, inc_x_i = 1.000000, inc_y_i = 1.000000
En el else......

----------------------------------------
x = 5.000000, y = 115.000000
avance = -169.000000, avanceR = 2.000000, avanceI = 2.000000
inc_x_r = 0.000000, inc_y_r = 1.000000, inc_x_i = 1.000000, inc_y_i = 1.000000
En el else......

----------------------------------------
x = 5.000000, y = 116.000000
avance = -167.000000, avanceR = 2.000000, avanceI = 2.000000
inc_x_r = 0.000000, inc_y_r = 1.000000, inc_x_i = 1.000000, inc_y_i = 1.000000
En el else......

----------------------------------------
x = 5.000000, y = 117.000000
avance = -165.000000, avanceR = 2.000000, avanceI = 2.000000
inc_x_r = 0.000000, inc_y_r = 1.000000, inc_x_i = 1.000000, inc_y_i = 1.000000
En el else......

----------------------------------------
x = 5.000000, y = 118.000000
avance = -163.000000, avanceR = 2.000000, avanceI = 2.000000
inc_x_r = 0.000000, inc_y_r = 1.000000, inc_x_i = 1.000000, inc_y_i = 1.000000
En el else......

----------------------------------------
x = 5.000000, y = 119.000000
avance = -161.000000, avanceR = 2.000000, avanceI = 2.000000
inc_x_r = 0.000000, inc_y_r = 1.000000, inc_x_i = 1.000000, inc_y_i = 1.000000
En el else......

----------------------------------------
x = 5.000000, y = 120.000000
avance = -159.000000, avanceR = 2.000000, avanceI = 2.000000
inc_x_r = 0.000000, inc_y_r = 1.000000, inc_x_i = 1.000000, inc_y_i = 1.000000
En el else......

----------------------------------------
x = 5.000000, y = 121.000000
avance = -157.000000, avanceR = 2.000000, avanceI = 2.000000
inc_x_r = 0.000000, inc_y_r = 1.000000, inc_x_i = 1.000000, inc_y_i = 1.000000
En el else......

----------------------------------------
x = 5.000000, y = 122.000000
avance = -155.000000, avanceR = 2.000000, avanceI = 2.000000
inc_x_r = 0.000000, inc_y_r = 1.000000, inc_x_i = 1.000000, inc_y_i = 1.000000
En el else......

----------------------------------------
x = 5.000000, y = 123.000000
avance = -153.000000, avanceR = 2.000000, avanceI = 2.000000
inc_x_r = 0.000000, inc_y_r = 1.000000, inc_x_i = 1.000000, inc_y_i = 1.000000
En el else......

----------------------------------------
x = 5.000000, y = 124.000000
avance = -151.000000, avanceR = 2.000000, avanceI = 2.000000
inc_x_r = 0.000000, inc_y_r = 1.000000, inc_x_i = 1.000000, inc_y_i = 1.000000
En el else......

----------------------------------------
x = 5.000000, y = 125.000000
avance = -149.000000, avanceR = 2.000000, avanceI = 2.000000
inc_x_r = 0.000000, inc_y_r = 1.000000, inc_x_i = 1.000000, inc_y_i = 1.000000
En el else......

----------------------------------------
x = 5.000000, y = 126.000000
avance = -147.000000, avanceR = 2.000000, avanceI = 2.000000
inc_x_r = 0.000000, inc_y_r = 1.000000, inc_x_i = 1.000000, inc_y_i = 1.000000
En el else......

----------------------------------------
x = 5.000000, y = 127.000000
avance = -145.000000, avanceR = 2.000000, avanceI = 2.000000
inc_x_r = 0.000000, inc_y_r = 1.000000, inc_x_i = 1.000000, inc_y_i = 1.000000
En el else......

----------------------------------------
x = 5.000000, y = 128.000000
avance = -143.000000, avanceR = 2.000000, avanceI = 2.000000
inc_x_r = 0.000000, inc_y_r = 1.000000, inc_x_i = 1.000000, inc_y_i = 1.000000
En el else......

----------------------------------------
x = 5.000000, y = 129.000000
avance = -141.000000, avanceR = 2.000000, avanceI = 2.000000
inc_x_r = 0.000000, inc_y_r = 1.000000, inc_x_i = 1.000000, inc_y_i = 1.000000
En el else......

----------------------------------------
x = 5.000000, y = 130.000000
avance = -139.000000, avanceR = 2.000000, avanceI = 2.000000
inc_x_r = 0.000000, inc_y_r = 1.000000, inc_x_i = 1.000000, inc_y_i = 1.000000
En el else......

----------------------------------------
x = 5.000000, y = 131.000000
avance = -137.000000, avanceR = 2.000000, avanceI = 2.000000
inc_x_r = 0.000000, inc_y_r = 1.000000, inc_x_i = 1.000000, inc_y_i = 1.000000
En el else......

----------------------------------------
x = 5.000000, y = 132.000000
avance = -135.000000, avanceR = 2.000000, avanceI = 2.000000
inc_x_r = 0.000000, inc_y_r = 1.000000, inc_x_i = 1.000000, inc_y_i = 1.000000
En el else......

----------------------------------------
x = 5.000000, y = 133.000000
avance = -133.000000, avanceR = 2.000000, avanceI = 2.000000
inc_x_r = 0.000000, inc_y_r = 1.000000, inc_x_i = 1.000000, inc_y_i = 1.000000
En el else......

----------------------------------------
x = 5.000000, y = 134.000000
avance = -131.000000, avanceR = 2.000000, avanceI = 2.000000
inc_x_r = 0.000000, inc_y_r = 1.000000, inc_x_i = 1.000000, inc_y_i = 1.000000
En el else......

----------------------------------------
x = 5.000000, y = 135.000000
avance = -129.000000, avanceR = 2.000000, avanceI = 2.000000
inc_x_r = 0.000000, inc_y_r = 1.000000, inc_x_i = 1.000000, inc_y_i = 1.000000
En el else......

----------------------------------------
x = 5.000000, y = 136.000000
avance = -127.000000, avanceR = 2.000000, avanceI = 2.000000
inc_x_r = 0.000000, inc_y_r = 1.000000, inc_x_i = 1.000000, inc_y_i = 1.000000
En el else......

----------------------------------------
x = 5.000000, y = 137.000000
avance = -125.000000, avanceR = 2.000000, avanceI = 2.000000
inc_x_r = 0.000000, inc_y_r = 1.000000, inc_x_i = 1.000000, inc_y_i = 1.000000
En el else......

----------------------------------------
x = 5.000000, y = 138.000000
avance = -123.000000, avanceR = 2.000000, avanceI = 2.000000
inc_x_r = 0.000000, inc_y_r = 1.000000, inc_x_i = 1.000000, inc_y_i = 1.000000
En el else......

----------------------------------------
x = 5.000000, y = 139.000000
avance = -121.000000, avanceR = 2.000000, avanceI = 2.000000
inc_x_r = 0.000000, inc_y_r = 1.000000, inc_x_i = 1.000000, inc_y_i = 1.000000
En el else......

----------------------------------------
x = 5.000000, y = 140.000000
avance = -119.000000, avanceR = 2.000000, avanceI = 2.000000
inc_x_r = 0.000000, inc_y_r = 1.000000, inc_x_i = 1.000000, inc_y_i = 1.000000
En el else......

----------------------------------------
x = 5.000000, y = 141.000000
avance = -117.000000, avanceR = 2.000000, avanceI = 2.000000
inc_x_r = 0.000000, inc_y_r = 1.000000, inc_x_i = 1.000000, inc_y_i = 1.000000
En el else......

----------------------------------------
x = 5.000000, y = 142.000000
avance = -115.000000, avanceR = 2.000000, avanceI = 2.000000
inc_x_r = 0.000000, inc_y_r = 1.000000, inc_x_i = 1.000000, inc_y_i = 1.000000
En el else......

----------------------------------------
x = 5.000000, y = 143.000000
avance = -113.000000, avanceR = 2.000000, avanceI = 2.000000
inc_x_r = 0.000000, inc_y_r = 1.000000, inc_x_i = 1.000000, inc_y_i = 1.000000
En el else......

----------------------------------------
x = 5.000000, y = 144.000000
avance = -111.000000, avanceR = 2.000000, avanceI = 2.000000
inc_x_r = 0.000000, inc_y_r = 1.000000, inc_x_i = 1.000000, inc_y_i = 1.000000
En el else......

----------------------------------------
x = 5.000000, y = 145.000000
avance = -109.000000, avanceR = 2.000000, avanceI = 2.000000
inc_x_r = 0.000000, inc_y_r = 1.000000, inc_x_i = 1.000000, inc_y_i = 1.000000
En el else......

----------------------------------------
x = 5.000000, y = 146.000000
avance = -107.000000, avanceR = 2.000000, avanceI = 2.000000
inc_x_r = 0.000000, inc_y_r = 1.000000, inc_x_i = 1.000000, inc_y_i = 1.000000
En el else......

----------------------------------------
x = 5.000000, y = 147.000000
avance = -105.000000, avanceR = 2.000000, avanceI = 2.000000
inc_x_r = 0.000000, inc_y_r = 1.000000, inc_x_i = 1.000000, inc_y_i = 1.000000
En el else......

----------------------------------------
x = 5.000000, y = 148.000000
avance = -103.000000, avanceR = 2.000000, avanceI = 2.000000
inc_x_r = 0.000000, inc_y_r = 1.000000, inc_x_i = 1.000000, inc_y_i = 1.000000
En el else......

----------------------------------------
x = 5.000000, y = 149.000000
avance = -101.000000, avanceR = 2.000000, avanceI = 2.000000
inc_x_r = 0.000000, inc_y_r = 1.000000, inc_x_i = 1.000000, inc_y_i = 1.000000
En el else......

----------------------------------------
x = 5.000000, y = 150.000000
avance = -99.000000, avanceR = 2.000000, avanceI = 2.000000
inc_x_r = 0.000000, inc_y_r = 1.000000, inc_x_i = 1.000000, inc_y_i = 1.000000
En el else......

----------------------------------------
x = 5.000000, y = 151.000000
avance = -97.000000, avanceR = 2.000000, avanceI = 2.000000
inc_x_r = 0.000000, inc_y_r = 1.000000, inc_x_i = 1.000000, inc_y_i = 1.000000
En el else......

----------------------------------------
x = 5.000000, y = 152.000000
avance = -95.000000, avanceR = 2.000000, avanceI = 2.000000
inc_x_r = 0.000000, inc_y_r = 1.000000, inc_x_i = 1.000000, inc_y_i = 1.000000
En el else......

----------------------------------------
x = 5.000000, y = 153.000000
avance = -93.000000, avanceR = 2.000000, avanceI = 2.000000
inc_x_r = 0.000000, inc_y_r = 1.000000, inc_x_i = 1.000000, inc_y_i = 1.000000
En el else......

----------------------------------------
x = 5.000000, y = 154.000000
avance = -91.000000, avanceR = 2.000000, avanceI = 2.000000
inc_x_r = 0.000000, inc_y_r = 1.000000, inc_x_i = 1.000000, inc_y_i = 1.000000
En el else......

----------------------------------------
x = 5.000000, y = 155.000000
avance = -89.000000, avanceR = 2.000000, avanceI = 2.000000
inc_x_r = 0.000000, inc_y_r = 1.000000, inc_x_i = 1.000000, inc_y_i = 1.000000
En el else......

----------------------------------------
x = 5.000000, y = 156.000000
avance = -87.000000, avanceR = 2.000000, avanceI = 2.000000
inc_x_r = 0.000000, inc_y_r = 1.000000, inc_x_i = 1.000000, inc_y_i = 1.000000
En el else......

----------------------------------------
x = 5.000000, y = 157.000000
avance = -85.000000, avanceR = 2.000000, avanceI = 2.000000
inc_x_r = 0.000000, inc_y_r = 1.000000, inc_x_i = 1.000000, inc_y_i = 1.000000
En el else......

----------------------------------------
x = 5.000000, y = 158.000000
avance = -83.000000, avanceR = 2.000000, avanceI = 2.000000
inc_x_r = 0.000000, inc_y_r = 1.000000, inc_x_i = 1.000000, inc_y_i = 1.000000
En el else......

----------------------------------------
x = 5.000000, y = 159.000000
avance = -81.000000, avanceR = 2.000000, avanceI = 2.000000
inc_x_r = 0.000000, inc_y_r = 1.000000, inc_x_i = 1.000000, inc_y_i = 1.000000
En el else......

----------------------------------------
x = 5.000000, y = 160.000000
avance = -79.000000, avanceR = 2.000000, avanceI = 2.000000
inc_x_r = 0.000000, inc_y_r = 1.000000, inc_x_i = 1.000000, inc_y_i = 1.000000
En el else......

----------------------------------------
x = 5.000000, y = 161.000000
avance = -77.000000, avanceR = 2.000000, avanceI = 2.000000
inc_x_r = 0.000000, inc_y_r = 1.000000, inc_x_i = 1.000000, inc_y_i = 1.000000
En el else......

----------------------------------------
x = 5.000000, y = 162.000000
avance = -75.000000, avanceR = 2.000000, avanceI = 2.000000
inc_x_r = 0.000000, inc_y_r = 1.000000, inc_x_i = 1.000000, inc_y_i = 1.000000
En el else......

----------------------------------------
x = 5.000000, y = 163.000000
avance = -73.000000, avanceR = 2.000000, avanceI = 2.000000
inc_x_r = 0.000000, inc_y_r = 1.000000, inc_x_i = 1.000000, inc_y_i = 1.000000
En el else......

----------------------------------------
x = 5.000000, y = 164.000000
avance = -71.000000, avanceR = 2.000000, avanceI = 2.000000
inc_x_r = 0.000000, inc_y_r = 1.000000, inc_x_i = 1.000000, inc_y_i = 1.000000
En el else......

----------------------------------------
x = 5.000000, y = 165.000000
avance = -69.000000, avanceR = 2.000000, avanceI = 2.000000
inc_x_r = 0.000000, inc_y_r = 1.000000, inc_x_i = 1.000000, inc_y_i = 1.000000
En el else......

----------------------------------------
x = 5.000000, y = 166.000000
avance = -67.000000, avanceR = 2.000000, avanceI = 2.000000
inc_x_r = 0.000000, inc_y_r = 1.000000, inc_x_i = 1.000000, inc_y_i = 1.000000
En el else......

----------------------------------------
x = 5.000000, y = 167.000000
avance = -65.000000, avanceR = 2.000000, avanceI = 2.000000
inc_x_r = 0.000000, inc_y_r = 1.000000, inc_x_i = 1.000000, inc_y_i = 1.000000
En el else......

----------------------------------------
x = 5.000000, y = 168.000000
avance = -63.000000, avanceR = 2.000000, avanceI = 2.000000
inc_x_r = 0.000000, inc_y_r = 1.000000, inc_x_i = 1.000000, inc_y_i = 1.000000
En el else......

----------------------------------------
x = 5.000000, y = 169.000000
avance = -61.000000, avanceR = 2.000000, avanceI = 2.000000
inc_x_r = 0.000000, inc_y_r = 1.000000, inc_x_i = 1.000000, inc_y_i = 1.000000
En el else......

----------------------------------------
x = 5.000000, y = 170.000000
avance = -59.000000, avanceR = 2.000000, avanceI = 2.000000
inc_x_r = 0.000000, inc_y_r = 1.000000, inc_x_i = 1.000000, inc_y_i = 1.000000
En el else......

----------------------------------------
x = 5.000000, y = 171.000000
avance = -57.000000, avanceR = 2.000000, avanceI = 2.000000
inc_x_r = 0.000000, inc_y_r = 1.000000, inc_x_i = 1.000000, inc_y_i = 1.000000
En el else......

----------------------------------------
x = 5.000000, y = 172.000000
avance = -55.000000, avanceR = 2.000000, avanceI = 2.000000
inc_x_r = 0.000000, inc_y_r = 1.000000, inc_x_i = 1.000000, inc_y_i = 1.000000
En el else......

----------------------------------------
x = 5.000000, y = 173.000000
avance = -53.000000, avanceR = 2.000000, avanceI = 2.000000
inc_x_r = 0.000000, inc_y_r = 1.000000, inc_x_i = 1.000000, inc_y_i = 1.000000
En el else......

----------------------------------------
x = 5.000000, y = 174.000000
avance = -51.000000, avanceR = 2.000000, avanceI = 2.000000
inc_x_r = 0.000000, inc_y_r = 1.000000, inc_x_i = 1.000000, inc_y_i = 1.000000
En el else......

----------------------------------------
x = 5.000000, y = 175.000000
avance = -49.000000, avanceR = 2.000000, avanceI = 2.000000
inc_x_r = 0.000000, inc_y_r = 1.000000, inc_x_i = 1.000000, inc_y_i = 1.000000
En el else......

----------------------------------------
x = 5.000000, y = 176.000000
avance = -47.000000, avanceR = 2.000000, avanceI = 2.000000
inc_x_r = 0.000000, inc_y_r = 1.000000, inc_x_i = 1.000000, inc_y_i = 1.000000
En el else......

----------------------------------------
x = 5.000000, y = 177.000000
avance = -45.000000, avanceR = 2.000000, avanceI = 2.000000
inc_x_r = 0.000000, inc_y_r = 1.000000, inc_x_i = 1.000000, inc_y_i = 1.000000
En el else......

----------------------------------------
x = 5.000000, y = 178.000000
avance = -43.000000, avanceR = 2.000000, avanceI = 2.000000
inc_x_r = 0.000000, inc_y_r = 1.000000, inc_x_i = 1.000000, inc_y_i = 1.000000
En el else......

----------------------------------------
x = 5.000000, y = 179.000000
avance = -41.000000, avanceR = 2.000000, avanceI = 2.000000
inc_x_r = 0.000000, inc_y_r = 1.000000, inc_x_i = 1.000000, inc_y_i = 1.000000
En el else......

----------------------------------------
x = 5.000000, y = 180.000000
avance = -39.000000, avanceR = 2.000000, avanceI = 2.000000
inc_x_r = 0.000000, inc_y_r = 1.000000, inc_x_i = 1.000000, inc_y_i = 1.000000
En el else......

----------------------------------------
x = 5.000000, y = 181.000000
avance = -37.000000, avanceR = 2.000000, avanceI = 2.000000
inc_x_r = 0.000000, inc_y_r = 1.000000, inc_x_i = 1.000000, inc_y_i = 1.000000
En el else......

----------------------------------------
x = 5.000000, y = 182.000000
avance = -35.000000, avanceR = 2.000000, avanceI = 2.000000
inc_x_r = 0.000000, inc_y_r = 1.000000, inc_x_i = 1.000000, inc_y_i = 1.000000
En el else......

----------------------------------------
x = 5.000000, y = 183.000000
avance = -33.000000, avanceR = 2.000000, avanceI = 2.000000
inc_x_r = 0.000000, inc_y_r = 1.000000, inc_x_i = 1.000000, inc_y_i = 1.000000
En el else......

----------------------------------------
x = 5.000000, y = 184.000000
avance = -31.000000, avanceR = 2.000000, avanceI = 2.000000
inc_x_r = 0.000000, inc_y_r = 1.000000, inc_x_i = 1.000000, inc_y_i = 1.000000
En el else......

----------------------------------------
x = 5.000000, y = 185.000000
avance = -29.000000, avanceR = 2.000000, avanceI = 2.000000
inc_x_r = 0.000000, inc_y_r = 1.000000, inc_x_i = 1.000000, inc_y_i = 1.000000
En el else......

----------------------------------------
x = 5.000000, y = 186.000000
avance = -27.000000, avanceR = 2.000000, avanceI = 2.000000
inc_x_r = 0.000000, inc_y_r = 1.000000, inc_x_i = 1.000000, inc_y_i = 1.000000
En el else......

----------------------------------------
x = 5.000000, y = 187.000000
avance = -25.000000, avanceR = 2.000000, avanceI = 2.000000
inc_x_r = 0.000000, inc_y_r = 1.000000, inc_x_i = 1.000000, inc_y_i = 1.000000
En el else......

----------------------------------------
x = 5.000000, y = 188.000000
avance = -23.000000, avanceR = 2.000000, avanceI = 2.000000
inc_x_r = 0.000000, inc_y_r = 1.000000, inc_x_i = 1.000000, inc_y_i = 1.000000
En el else......

----------------------------------------
x = 5.000000, y = 189.000000
avance = -21.000000, avanceR = 2.000000, avanceI = 2.000000
inc_x_r = 0.000000, inc_y_r = 1.000000, inc_x_i = 1.000000, inc_y_i = 1.000000
En el else......

----------------------------------------
x = 5.000000, y = 190.000000
avance = -19.000000, avanceR = 2.000000, avanceI = 2.000000
inc_x_r = 0.000000, inc_y_r = 1.000000, inc_x_i = 1.000000, inc_y_i = 1.000000
En el else......

----------------------------------------
x = 5.000000, y = 191.000000
avance = -17.000000, avanceR = 2.000000, avanceI = 2.000000
inc_x_r = 0.000000, inc_y_r = 1.000000, inc_x_i = 1.000000, inc_y_i = 1.000000
En el else......

----------------------------------------
x = 5.000000, y = 192.000000
avance = -15.000000, avanceR = 2.000000, avanceI = 2.000000
inc_x_r = 0.000000, inc_y_r = 1.000000, inc_x_i = 1.000000, inc_y_i = 1.000000
En el else......

----------------------------------------
x = 5.000000, y = 193.000000
avance = -13.000000, avanceR = 2.000000, avanceI = 2.000000
inc_x_r = 0.000000, inc_y_r = 1.000000, inc_x_i = 1.000000, inc_y_i = 1.000000
En el else......

----------------------------------------
x = 5.000000, y = 194.000000
avance = -11.000000, avanceR = 2.000000, avanceI = 2.000000
inc_x_r = 0.000000, inc_y_r = 1.000000, inc_x_i = 1.000000, inc_y_i = 1.000000
En el else......

----------------------------------------
x = 5.000000, y = 195.000000
avance = -9.000000, avanceR = 2.000000, avanceI = 2.000000
inc_x_r = 0.000000, inc_y_r = 1.000000, inc_x_i = 1.000000, inc_y_i = 1.000000
En el else......

----------------------------------------
x = 5.000000, y = 196.000000
avance = -7.000000, avanceR = 2.000000, avanceI = 2.000000
inc_x_r = 0.000000, inc_y_r = 1.000000, inc_x_i = 1.000000, inc_y_i = 1.000000
En el else......

----------------------------------------
x = 5.000000, y = 197.000000
avance = -5.000000, avanceR = 2.000000, avanceI = 2.000000
inc_x_r = 0.000000, inc_y_r = 1.000000, inc_x_i = 1.000000, inc_y_i = 1.000000
En el else......

----------------------------------------
x = 5.000000, y = 198.000000
avance = -3.000000, avanceR = 2.000000, avanceI = 2.000000
inc_x_r = 0.000000, inc_y_r = 1.000000, inc_x_i = 1.000000, inc_y_i = 1.000000
En el else......

----------------------------------------
x = 5.000000, y = 199.000000
avance = -1.000000, avanceR = 2.000000, avanceI = 2.000000
inc_x_r = 0.000000, inc_y_r = 1.000000, inc_x_i = 1.000000, inc_y_i = 1.000000
En el else......

----------------------------------------
x = 5.000000, y = 200.000000
avance = 1.000000, avanceR = 2.000000, avanceI = 2.000000
inc_x_r = 0.000000, inc_y_r = 1.000000, inc_x_i = 1.000000, inc_y_i = 1.000000
avance >= 0

----------------------------------------
x = 6.000000, y = 201.000000
avance = -499.000000, avanceR = 2.000000, avanceI = 2.000000
inc_x_r = 0.000000, inc_y_r = 1.000000, inc_x_i = 1.000000, inc_y_i = 1.000000
En el else......

----------------------------------------
x = 6.000000, y = 202.000000
avance = -497.000000, avanceR = 2.000000, avanceI = 2.000000
inc_x_r = 0.000000, inc_y_r = 1.000000, inc_x_i = 1.000000, inc_y_i = 1.000000
En el else......

----------------------------------------
x = 6.000000, y = 203.000000
avance = -495.000000, avanceR = 2.000000, avanceI = 2.000000
inc_x_r = 0.000000, inc_y_r = 1.000000, inc_x_i = 1.000000, inc_y_i = 1.000000
En el else......

----------------------------------------
x = 6.000000, y = 204.000000
avance = -493.000000, avanceR = 2.000000, avanceI = 2.000000
inc_x_r = 0.000000, inc_y_r = 1.000000, inc_x_i = 1.000000, inc_y_i = 1.000000
En el else......

----------------------------------------
x = 6.000000, y = 205.000000
avance = -491.000000, avanceR = 2.000000, avanceI = 2.000000
inc_x_r = 0.000000, inc_y_r = 1.000000, inc_x_i = 1.000000, inc_y_i = 1.000000
En el else......

----------------------------------------
x = 6.000000, y = 206.000000
avance = -489.000000, avanceR = 2.000000, avanceI = 2.000000
inc_x_r = 0.000000, inc_y_r = 1.000000, inc_x_i = 1.000000, inc_y_i = 1.000000
En el else......

----------------------------------------
x = 6.000000, y = 207.000000
avance = -487.000000, avanceR = 2.000000, avanceI = 2.000000
inc_x_r = 0.000000, inc_y_r = 1.000000, inc_x_i = 1.000000, inc_y_i = 1.000000
En el else......

----------------------------------------
x = 6.000000, y = 208.000000
avance = -485.000000, avanceR = 2.000000, avanceI = 2.000000
inc_x_r = 0.000000, inc_y_r = 1.000000, inc_x_i = 1.000000, inc_y_i = 1.000000
En el else......

----------------------------------------
x = 6.000000, y = 209.000000
avance = -483.000000, avanceR = 2.000000, avanceI = 2.000000
inc_x_r = 0.000000, inc_y_r = 1.000000, inc_x_i = 1.000000, inc_y_i = 1.000000
En el else......

----------------------------------------
x = 6.000000, y = 210.000000
avance = -481.000000, avanceR = 2.000000, avanceI = 2.000000
inc_x_r = 0.000000, inc_y_r = 1.000000, inc_x_i = 1.000000, inc_y_i = 1.000000
En el else......

----------------------------------------
x = 6.000000, y = 211.000000
avance = -479.000000, avanceR = 2.000000, avanceI = 2.000000
inc_x_r = 0.000000, inc_y_r = 1.000000, inc_x_i = 1.000000, inc_y_i = 1.000000
En el else......

----------------------------------------
x = 6.000000, y = 212.000000
avance = -477.000000, avanceR = 2.000000, avanceI = 2.000000
inc_x_r = 0.000000, inc_y_r = 1.000000, inc_x_i = 1.000000, inc_y_i = 1.000000
En el else......

----------------------------------------
x = 6.000000, y = 213.000000
avance = -475.000000, avanceR = 2.000000, avanceI = 2.000000
inc_x_r = 0.000000, inc_y_r = 1.000000, inc_x_i = 1.000000, inc_y_i = 1.000000
En el else......

----------------------------------------
x = 6.000000, y = 214.000000
avance = -473.000000, avanceR = 2.000000, avanceI = 2.000000
inc_x_r = 0.000000, inc_y_r = 1.000000, inc_x_i = 1.000000, inc_y_i = 1.000000
En el else......

----------------------------------------
x = 6.000000, y = 215.000000
avance = -471.000000, avanceR = 2.000000, avanceI = 2.000000
inc_x_r = 0.000000, inc_y_r = 1.000000, inc_x_i = 1.000000, inc_y_i = 1.000000
En el else......

----------------------------------------
x = 6.000000, y = 216.000000
avance = -469.000000, avanceR = 2.000000, avanceI = 2.000000
inc_x_r = 0.000000, inc_y_r = 1.000000, inc_x_i = 1.000000, inc_y_i = 1.000000
En el else......

----------------------------------------
x = 6.000000, y = 217.000000
avance = -467.000000, avanceR = 2.000000, avanceI = 2.000000
inc_x_r = 0.000000, inc_y_r = 1.000000, inc_x_i = 1.000000, inc_y_i = 1.000000
En el else......

----------------------------------------
x = 6.000000, y = 218.000000
avance = -465.000000, avanceR = 2.000000, avanceI = 2.000000
inc_x_r = 0.000000, inc_y_r = 1.000000, inc_x_i = 1.000000, inc_y_i = 1.000000
En el else......

----------------------------------------
x = 6.000000, y = 219.000000
avance = -463.000000, avanceR = 2.000000, avanceI = 2.000000
inc_x_r = 0.000000, inc_y_r = 1.000000, inc_x_i = 1.000000, inc_y_i = 1.000000
En el else......

----------------------------------------
x = 6.000000, y = 220.000000
avance = -461.000000, avanceR = 2.000000, avanceI = 2.000000
inc_x_r = 0.000000, inc_y_r = 1.000000, inc_x_i = 1.000000, inc_y_i = 1.000000
En el else......

----------------------------------------
x = 6.000000, y = 221.000000
avance = -459.000000, avanceR = 2.000000, avanceI = 2.000000
inc_x_r = 0.000000, inc_y_r = 1.000000, inc_x_i = 1.000000, inc_y_i = 1.000000
En el else......

----------------------------------------
x = 6.000000, y = 222.000000
avance = -457.000000, avanceR = 2.000000, avanceI = 2.000000
inc_x_r = 0.000000, inc_y_r = 1.000000, inc_x_i = 1.000000, inc_y_i = 1.000000
En el else......

----------------------------------------
x = 6.000000, y = 223.000000
avance = -455.000000, avanceR = 2.000000, avanceI = 2.000000
inc_x_r = 0.000000, inc_y_r = 1.000000, inc_x_i = 1.000000, inc_y_i = 1.000000
En el else......

----------------------------------------
x = 6.000000, y = 224.000000
avance = -453.000000, avanceR = 2.000000, avanceI = 2.000000
inc_x_r = 0.000000, inc_y_r = 1.000000, inc_x_i = 1.000000, inc_y_i = 1.000000
En el else......

----------------------------------------
x = 6.000000, y = 225.000000
avance = -451.000000, avanceR = 2.000000, avanceI = 2.000000
inc_x_r = 0.000000, inc_y_r = 1.000000, inc_x_i = 1.000000, inc_y_i = 1.000000
En el else......

----------------------------------------
x = 6.000000, y = 226.000000
avance = -449.000000, avanceR = 2.000000, avanceI = 2.000000
inc_x_r = 0.000000, inc_y_r = 1.000000, inc_x_i = 1.000000, inc_y_i = 1.000000
En el else......

----------------------------------------
x = 6.000000, y = 227.000000
avance = -447.000000, avanceR = 2.000000, avanceI = 2.000000
inc_x_r = 0.000000, inc_y_r = 1.000000, inc_x_i = 1.000000, inc_y_i = 1.000000
En el else......

----------------------------------------
x = 6.000000, y = 228.000000
avance = -445.000000, avanceR = 2.000000, avanceI = 2.000000
inc_x_r = 0.000000, inc_y_r = 1.000000, inc_x_i = 1.000000, inc_y_i = 1.000000
En el else......

----------------------------------------
x = 6.000000, y = 229.000000
avance = -443.000000, avanceR = 2.000000, avanceI = 2.000000
inc_x_r = 0.000000, inc_y_r = 1.000000, inc_x_i = 1.000000, inc_y_i = 1.000000
En el else......

----------------------------------------
x = 6.000000, y = 230.000000
avance = -441.000000, avanceR = 2.000000, avanceI = 2.000000
inc_x_r = 0.000000, inc_y_r = 1.000000, inc_x_i = 1.000000, inc_y_i = 1.000000
En el else......

----------------------------------------
x = 6.000000, y = 231.000000
avance = -439.000000, avanceR = 2.000000, avanceI = 2.000000
inc_x_r = 0.000000, inc_y_r = 1.000000, inc_x_i = 1.000000, inc_y_i = 1.000000
En el else......

----------------------------------------
x = 6.000000, y = 232.000000
avance = -437.000000, avanceR = 2.000000, avanceI = 2.000000
inc_x_r = 0.000000, inc_y_r = 1.000000, inc_x_i = 1.000000, inc_y_i = 1.000000
En el else......

----------------------------------------
x = 6.000000, y = 233.000000
avance = -435.000000, avanceR = 2.000000, avanceI = 2.000000
inc_x_r = 0.000000, inc_y_r = 1.000000, inc_x_i = 1.000000, inc_y_i = 1.000000
En el else......

----------------------------------------
x = 6.000000, y = 234.000000
avance = -433.000000, avanceR = 2.000000, avanceI = 2.000000
inc_x_r = 0.000000, inc_y_r = 1.000000, inc_x_i = 1.000000, inc_y_i = 1.000000
En el else......

----------------------------------------
x = 6.000000, y = 235.000000
avance = -431.000000, avanceR = 2.000000, avanceI = 2.000000
inc_x_r = 0.000000, inc_y_r = 1.000000, inc_x_i = 1.000000, inc_y_i = 1.000000
En el else......

----------------------------------------
x = 6.000000, y = 236.000000
avance = -429.000000, avanceR = 2.000000, avanceI = 2.000000
inc_x_r = 0.000000, inc_y_r = 1.000000, inc_x_i = 1.000000, inc_y_i = 1.000000
En el else......

----------------------------------------
x = 6.000000, y = 237.000000
avance = -427.000000, avanceR = 2.000000, avanceI = 2.000000
inc_x_r = 0.000000, inc_y_r = 1.000000, inc_x_i = 1.000000, inc_y_i = 1.000000
En el else......

----------------------------------------
x = 6.000000, y = 238.000000
avance = -425.000000, avanceR = 2.000000, avanceI = 2.000000
inc_x_r = 0.000000, inc_y_r = 1.000000, inc_x_i = 1.000000, inc_y_i = 1.000000
En el else......

----------------------------------------
x = 6.000000, y = 239.000000
avance = -423.000000, avanceR = 2.000000, avanceI = 2.000000
inc_x_r = 0.000000, inc_y_r = 1.000000, inc_x_i = 1.000000, inc_y_i = 1.000000
En el else......

----------------------------------------
x = 6.000000, y = 240.000000
avance = -421.000000, avanceR = 2.000000, avanceI = 2.000000
inc_x_r = 0.000000, inc_y_r = 1.000000, inc_x_i = 1.000000, inc_y_i = 1.000000
En el else......

----------------------------------------
x = 6.000000, y = 241.000000
avance = -419.000000, avanceR = 2.000000, avanceI = 2.000000
inc_x_r = 0.000000, inc_y_r = 1.000000, inc_x_i = 1.000000, inc_y_i = 1.000000
En el else......

----------------------------------------
x = 6.000000, y = 242.000000
avance = -417.000000, avanceR = 2.000000, avanceI = 2.000000
inc_x_r = 0.000000, inc_y_r = 1.000000, inc_x_i = 1.000000, inc_y_i = 1.000000
En el else......

----------------------------------------
x = 6.000000, y = 243.000000
avance = -415.000000, avanceR = 2.000000, avanceI = 2.000000
inc_x_r = 0.000000, inc_y_r = 1.000000, inc_x_i = 1.000000, inc_y_i = 1.000000
En el else......

----------------------------------------
x = 6.000000, y = 244.000000
avance = -413.000000, avanceR = 2.000000, avanceI = 2.000000
inc_x_r = 0.000000, inc_y_r = 1.000000, inc_x_i = 1.000000, inc_y_i = 1.000000
En el else......

----------------------------------------
x = 6.000000, y = 245.000000
avance = -411.000000, avanceR = 2.000000, avanceI = 2.000000
inc_x_r = 0.000000, inc_y_r = 1.000000, inc_x_i = 1.000000, inc_y_i = 1.000000
En el else......

----------------------------------------
x = 6.000000, y = 246.000000
avance = -409.000000, avanceR = 2.000000, avanceI = 2.000000
inc_x_r = 0.000000, inc_y_r = 1.000000, inc_x_i = 1.000000, inc_y_i = 1.000000
En el else......

----------------------------------------
x = 6.000000, y = 247.000000
avance = -407.000000, avanceR = 2.000000, avanceI = 2.000000
inc_x_r = 0.000000, inc_y_r = 1.000000, inc_x_i = 1.000000, inc_y_i = 1.000000
En el else......

----------------------------------------
x = 6.000000, y = 248.000000
avance = -405.000000, avanceR = 2.000000, avanceI = 2.000000
inc_x_r = 0.000000, inc_y_r = 1.000000, inc_x_i = 1.000000, inc_y_i = 1.000000
En el else......

----------------------------------------
x = 6.000000, y = 249.000000
avance = -403.000000, avanceR = 2.000000, avanceI = 2.000000
inc_x_r = 0.000000, inc_y_r = 1.000000, inc_x_i = 1.000000, inc_y_i = 1.000000
En el else......

----------------------------------------
x = 6.000000, y = 250.000000
avance = -401.000000, avanceR = 2.000000, avanceI = 2.000000
inc_x_r = 0.000000, inc_y_r = 1.000000, inc_x_i = 1.000000, inc_y_i = 1.000000
En el else......

----------------------------------------
x = 6.000000, y = 251.000000
avance = -399.000000, avanceR = 2.000000, avanceI = 2.000000
inc_x_r = 0.000000, inc_y_r = 1.000000, inc_x_i = 1.000000, inc_y_i = 1.000000
En el else......

----------------------------------------
x = 6.000000, y = 252.000000
avance = -397.000000, avanceR = 2.000000, avanceI = 2.000000
inc_x_r = 0.000000, inc_y_r = 1.000000, inc_x_i = 1.000000, inc_y_i = 1.000000
En el else......

----------------------------------------
x = 6.000000, y = 253.000000
avance = -395.000000, avanceR = 2.000000, avanceI = 2.000000
inc_x_r = 0.000000, inc_y_r = 1.000000, inc_x_i = 1.000000, inc_y_i = 1.000000
En el else......

----------------------------------------
x = 6.000000, y = 254.000000
avance = -393.000000, avanceR = 2.000000, avanceI = 2.000000
inc_x_r = 0.000000, inc_y_r = 1.000000, inc_x_i = 1.000000, inc_y_i = 1.000000
En el else......

----------------------------------------
x = 6.000000, y = 255.000000
avance = -391.000000, avanceR = 2.000000, avanceI = 2.000000
inc_x_r = 0.000000, inc_y_r = 1.000000, inc_x_i = 1.000000, inc_y_i = 1.000000
En el else......

----------------------------------------
x = 6.000000, y = 256.000000
avance = -389.000000, avanceR = 2.000000, avanceI = 2.000000
inc_x_r = 0.000000, inc_y_r = 1.000000, inc_x_i = 1.000000, inc_y_i = 1.000000
En el else......

----------------------------------------
x = 6.000000, y = 257.000000
avance = -387.000000, avanceR = 2.000000, avanceI = 2.000000
inc_x_r = 0.000000, inc_y_r = 1.000000, inc_x_i = 1.000000, inc_y_i = 1.000000
En el else......

----------------------------------------
x = 6.000000, y = 258.000000
avance = -385.000000, avanceR = 2.000000, avanceI = 2.000000
inc_x_r = 0.000000, inc_y_r = 1.000000, inc_x_i = 1.000000, inc_y_i = 1.000000
En el else......

----------------------------------------
x = 6.000000, y = 259.000000
avance = -383.000000, avanceR = 2.000000, avanceI = 2.000000
inc_x_r = 0.000000, inc_y_r = 1.000000, inc_x_i = 1.000000, inc_y_i = 1.000000
En el else......

----------------------------------------
x = 6.000000, y = 260.000000
avance = -381.000000, avanceR = 2.000000, avanceI = 2.000000
inc_x_r = 0.000000, inc_y_r = 1.000000, inc_x_i = 1.000000, inc_y_i = 1.000000
En el else......

----------------------------------------
x = 6.000000, y = 261.000000
avance = -379.000000, avanceR = 2.000000, avanceI = 2.000000
inc_x_r = 0.000000, inc_y_r = 1.000000, inc_x_i = 1.000000, inc_y_i = 1.000000
En el else......

----------------------------------------
x = 6.000000, y = 262.000000
avance = -377.000000, avanceR = 2.000000, avanceI = 2.000000
inc_x_r = 0.000000, inc_y_r = 1.000000, inc_x_i = 1.000000, inc_y_i = 1.000000
En el else......

----------------------------------------
x = 6.000000, y = 263.000000
avance = -375.000000, avanceR = 2.000000, avanceI = 2.000000
inc_x_r = 0.000000, inc_y_r = 1.000000, inc_x_i = 1.000000, inc_y_i = 1.000000
En el else......

----------------------------------------
x = 6.000000, y = 264.000000
avance = -373.000000, avanceR = 2.000000, avanceI = 2.000000
inc_x_r = 0.000000, inc_y_r = 1.000000, inc_x_i = 1.000000, inc_y_i = 1.000000
En el else......

----------------------------------------
x = 6.000000, y = 265.000000
avance = -371.000000, avanceR = 2.000000, avanceI = 2.000000
inc_x_r = 0.000000, inc_y_r = 1.000000, inc_x_i = 1.000000, inc_y_i = 1.000000
En el else......

----------------------------------------
x = 6.000000, y = 266.000000
avance = -369.000000, avanceR = 2.000000, avanceI = 2.000000
inc_x_r = 0.000000, inc_y_r = 1.000000, inc_x_i = 1.000000, inc_y_i = 1.000000
En el else......

----------------------------------------
x = 6.000000, y = 267.000000
avance = -367.000000, avanceR = 2.000000, avanceI = 2.000000
inc_x_r = 0.000000, inc_y_r = 1.000000, inc_x_i = 1.000000, inc_y_i = 1.000000
En el else......

----------------------------------------
x = 6.000000, y = 268.000000
avance = -365.000000, avanceR = 2.000000, avanceI = 2.000000
inc_x_r = 0.000000, inc_y_r = 1.000000, inc_x_i = 1.000000, inc_y_i = 1.000000
En el else......

----------------------------------------
x = 6.000000, y = 269.000000
avance = -363.000000, avanceR = 2.000000, avanceI = 2.000000
inc_x_r = 0.000000, inc_y_r = 1.000000, inc_x_i = 1.000000, inc_y_i = 1.000000
En el else......

----------------------------------------
x = 6.000000, y = 270.000000
avance = -361.000000, avanceR = 2.000000, avanceI = 2.000000
inc_x_r = 0.000000, inc_y_r = 1.000000, inc_x_i = 1.000000, inc_y_i = 1.000000
En el else......

----------------------------------------
x = 6.000000, y = 271.000000
avance = -359.000000, avanceR = 2.000000, avanceI = 2.000000
inc_x_r = 0.000000, inc_y_r = 1.000000, inc_x_i = 1.000000, inc_y_i = 1.000000
En el else......

----------------------------------------
x = 6.000000, y = 272.000000
avance = -357.000000, avanceR = 2.000000, avanceI = 2.000000
inc_x_r = 0.000000, inc_y_r = 1.000000, inc_x_i = 1.000000, inc_y_i = 1.000000
En el else......

----------------------------------------
x = 6.000000, y = 273.000000
avance = -355.000000, avanceR = 2.000000, avanceI = 2.000000
inc_x_r = 0.000000, inc_y_r = 1.000000, inc_x_i = 1.000000, inc_y_i = 1.000000
En el else......

----------------------------------------
x = 6.000000, y = 274.000000
avance = -353.000000, avanceR = 2.000000, avanceI = 2.000000
inc_x_r = 0.000000, inc_y_r = 1.000000, inc_x_i = 1.000000, inc_y_i = 1.000000
En el else......

----------------------------------------
x = 6.000000, y = 275.000000
avance = -351.000000, avanceR = 2.000000, avanceI = 2.000000
inc_x_r = 0.000000, inc_y_r = 1.000000, inc_x_i = 1.000000, inc_y_i = 1.000000
En el else......

----------------------------------------
x = 6.000000, y = 276.000000
avance = -349.000000, avanceR = 2.000000, avanceI = 2.000000
inc_x_r = 0.000000, inc_y_r = 1.000000, inc_x_i = 1.000000, inc_y_i = 1.000000
En el else......

----------------------------------------
x = 6.000000, y = 277.000000
avance = -347.000000, avanceR = 2.000000, avanceI = 2.000000
inc_x_r = 0.000000, inc_y_r = 1.000000, inc_x_i = 1.000000, inc_y_i = 1.000000
En el else......

----------------------------------------
x = 6.000000, y = 278.000000
avance = -345.000000, avanceR = 2.000000, avanceI = 2.000000
inc_x_r = 0.000000, inc_y_r = 1.000000, inc_x_i = 1.000000, inc_y_i = 1.000000
En el else......

----------------------------------------
x = 6.000000, y = 279.000000
avance = -343.000000, avanceR = 2.000000, avanceI = 2.000000
inc_x_r = 0.000000, inc_y_r = 1.000000, inc_x_i = 1.000000, inc_y_i = 1.000000
En el else......

----------------------------------------
x = 6.000000, y = 280.000000
avance = -341.000000, avanceR = 2.000000, avanceI = 2.000000
inc_x_r = 0.000000, inc_y_r = 1.000000, inc_x_i = 1.000000, inc_y_i = 1.000000
En el else......

----------------------------------------
x = 6.000000, y = 281.000000
avance = -339.000000, avanceR = 2.000000, avanceI = 2.000000
inc_x_r = 0.000000, inc_y_r = 1.000000, inc_x_i = 1.000000, inc_y_i = 1.000000
En el else......

----------------------------------------
x = 6.000000, y = 282.000000
avance = -337.000000, avanceR = 2.000000, avanceI = 2.000000
inc_x_r = 0.000000, inc_y_r = 1.000000, inc_x_i = 1.000000, inc_y_i = 1.000000
En el else......

----------------------------------------
x = 6.000000, y = 283.000000
avance = -335.000000, avanceR = 2.000000, avanceI = 2.000000
inc_x_r = 0.000000, inc_y_r = 1.000000, inc_x_i = 1.000000, inc_y_i = 1.000000
En el else......

----------------------------------------
x = 6.000000, y = 284.000000
avance = -333.000000, avanceR = 2.000000, avanceI = 2.000000
inc_x_r = 0.000000, inc_y_r = 1.000000, inc_x_i = 1.000000, inc_y_i = 1.000000
En el else......

----------------------------------------
x = 6.000000, y = 285.000000
avance = -331.000000, avanceR = 2.000000, avanceI = 2.000000
inc_x_r = 0.000000, inc_y_r = 1.000000, inc_x_i = 1.000000, inc_y_i = 1.000000
En el else......

----------------------------------------
x = 6.000000, y = 286.000000
avance = -329.000000, avanceR = 2.000000, avanceI = 2.000000
inc_x_r = 0.000000, inc_y_r = 1.000000, inc_x_i = 1.000000, inc_y_i = 1.000000
En el else......

----------------------------------------
x = 6.000000, y = 287.000000
avance = -327.000000, avanceR = 2.000000, avanceI = 2.000000
inc_x_r = 0.000000, inc_y_r = 1.000000, inc_x_i = 1.000000, inc_y_i = 1.000000
En el else......

----------------------------------------
x = 6.000000, y = 288.000000
avance = -325.000000, avanceR = 2.000000, avanceI = 2.000000
inc_x_r = 0.000000, inc_y_r = 1.000000, inc_x_i = 1.000000, inc_y_i = 1.000000
En el else......

----------------------------------------
x = 6.000000, y = 289.000000
avance = -323.000000, avanceR = 2.000000, avanceI = 2.000000
inc_x_r = 0.000000, inc_y_r = 1.000000, inc_x_i = 1.000000, inc_y_i = 1.000000
En el else......

----------------------------------------
x = 6.000000, y = 290.000000
avance = -321.000000, avanceR = 2.000000, avanceI = 2.000000
inc_x_r = 0.000000, inc_y_r = 1.000000, inc_x_i = 1.000000, inc_y_i = 1.000000
En el else......

----------------------------------------
x = 6.000000, y = 291.000000
avance = -319.000000, avanceR = 2.000000, avanceI = 2.000000
inc_x_r = 0.000000, inc_y_r = 1.000000, inc_x_i = 1.000000, inc_y_i = 1.000000
En el else......

----------------------------------------
x = 6.000000, y = 292.000000
avance = -317.000000, avanceR = 2.000000, avanceI = 2.000000
inc_x_r = 0.000000, inc_y_r = 1.000000, inc_x_i = 1.000000, inc_y_i = 1.000000
En el else......

----------------------------------------
x = 6.000000, y = 293.000000
avance = -315.000000, avanceR = 2.000000, avanceI = 2.000000
inc_x_r = 0.000000, inc_y_r = 1.000000, inc_x_i = 1.000000, inc_y_i = 1.000000
En el else......

----------------------------------------
x = 6.000000, y = 294.000000
avance = -313.000000, avanceR = 2.000000, avanceI = 2.000000
inc_x_r = 0.000000, inc_y_r = 1.000000, inc_x_i = 1.000000, inc_y_i = 1.000000
En el else......

----------------------------------------
x = 6.000000, y = 295.000000
avance = -311.000000, avanceR = 2.000000, avanceI = 2.000000
inc_x_r = 0.000000, inc_y_r = 1.000000, inc_x_i = 1.000000, inc_y_i = 1.000000
En el else......

----------------------------------------
x = 6.000000, y = 296.000000
avance = -309.000000, avanceR = 2.000000, avanceI = 2.000000
inc_x_r = 0.000000, inc_y_r = 1.000000, inc_x_i = 1.000000, inc_y_i = 1.000000
En el else......

----------------------------------------
x = 6.000000, y = 297.000000
avance = -307.000000, avanceR = 2.000000, avanceI = 2.000000
inc_x_r = 0.000000, inc_y_r = 1.000000, inc_x_i = 1.000000, inc_y_i = 1.000000
En el else......

----------------------------------------
x = 6.000000, y = 298.000000
avance = -305.000000, avanceR = 2.000000, avanceI = 2.000000
inc_x_r = 0.000000, inc_y_r = 1.000000, inc_x_i = 1.000000, inc_y_i = 1.000000
En el else......

----------------------------------------
x = 6.000000, y = 299.000000
avance = -303.000000, avanceR = 2.000000, avanceI = 2.000000
inc_x_r = 0.000000, inc_y_r = 1.000000, inc_x_i = 1.000000, inc_y_i = 1.000000
En el else......

----------------------------------------
x = 6.000000, y = 300.000000
avance = -301.000000, avanceR = 2.000000, avanceI = 2.000000
inc_x_r = 0.000000, inc_y_r = 1.000000, inc_x_i = 1.000000, inc_y_i = 1.000000
En el else......

----------------------------------------
x = 6.000000, y = 301.000000
avance = -299.000000, avanceR = 2.000000, avanceI = 2.000000
inc_x_r = 0.000000, inc_y_r = 1.000000, inc_x_i = 1.000000, inc_y_i = 1.000000
En el else......

----------------------------------------
x = 6.000000, y = 302.000000
avance = -297.000000, avanceR = 2.000000, avanceI = 2.000000
inc_x_r = 0.000000, inc_y_r = 1.000000, inc_x_i = 1.000000, inc_y_i = 1.000000
En el else......

----------------------------------------
x = 6.000000, y = 303.000000
avance = -295.000000, avanceR = 2.000000, avanceI = 2.000000
inc_x_r = 0.000000, inc_y_r = 1.000000, inc_x_i = 1.000000, inc_y_i = 1.000000
En el else......

----------------------------------------
x = 6.000000, y = 304.000000
avance = -293.000000, avanceR = 2.000000, avanceI = 2.000000
inc_x_r = 0.000000, inc_y_r = 1.000000, inc_x_i = 1.000000, inc_y_i = 1.000000
En el else......

----------------------------------------
x = 6.000000, y = 305.000000
avance = -291.000000, avanceR = 2.000000, avanceI = 2.000000
inc_x_r = 0.000000, inc_y_r = 1.000000, inc_x_i = 1.000000, inc_y_i = 1.000000
En el else......

----------------------------------------
x = 6.000000, y = 306.000000
avance = -289.000000, avanceR = 2.000000, avanceI = 2.000000
inc_x_r = 0.000000, inc_y_r = 1.000000, inc_x_i = 1.000000, inc_y_i = 1.000000
En el else......

----------------------------------------
x = 6.000000, y = 307.000000
avance = -287.000000, avanceR = 2.000000, avanceI = 2.000000
inc_x_r = 0.000000, inc_y_r = 1.000000, inc_x_i = 1.000000, inc_y_i = 1.000000
En el else......

----------------------------------------
x = 6.000000, y = 308.000000
avance = -285.000000, avanceR = 2.000000, avanceI = 2.000000
inc_x_r = 0.000000, inc_y_r = 1.000000, inc_x_i = 1.000000, inc_y_i = 1.000000
En el else......

----------------------------------------
x = 6.000000, y = 309.000000
avance = -283.000000, avanceR = 2.000000, avanceI = 2.000000
inc_x_r = 0.000000, inc_y_r = 1.000000, inc_x_i = 1.000000, inc_y_i = 1.000000
En el else......

----------------------------------------
x = 6.000000, y = 310.000000
avance = -281.000000, avanceR = 2.000000, avanceI = 2.000000
inc_x_r = 0.000000, inc_y_r = 1.000000, inc_x_i = 1.000000, inc_y_i = 1.000000
En el else......

----------------------------------------
x = 6.000000, y = 311.000000
avance = -279.000000, avanceR = 2.000000, avanceI = 2.000000
inc_x_r = 0.000000, inc_y_r = 1.000000, inc_x_i = 1.000000, inc_y_i = 1.000000
En el else......

----------------------------------------
x = 6.000000, y = 312.000000
avance = -277.000000, avanceR = 2.000000, avanceI = 2.000000
inc_x_r = 0.000000, inc_y_r = 1.000000, inc_x_i = 1.000000, inc_y_i = 1.000000
En el else......

----------------------------------------
x = 6.000000, y = 313.000000
avance = -275.000000, avanceR = 2.000000, avanceI = 2.000000
inc_x_r = 0.000000, inc_y_r = 1.000000, inc_x_i = 1.000000, inc_y_i = 1.000000
En el else......

----------------------------------------
x = 6.000000, y = 314.000000
avance = -273.000000, avanceR = 2.000000, avanceI = 2.000000
inc_x_r = 0.000000, inc_y_r = 1.000000, inc_x_i = 1.000000, inc_y_i = 1.000000
En el else......

----------------------------------------
x = 6.000000, y = 315.000000
avance = -271.000000, avanceR = 2.000000, avanceI = 2.000000
inc_x_r = 0.000000, inc_y_r = 1.000000, inc_x_i = 1.000000, inc_y_i = 1.000000
En el else......

----------------------------------------
x = 6.000000, y = 316.000000
avance = -269.000000, avanceR = 2.000000, avanceI = 2.000000
inc_x_r = 0.000000, inc_y_r = 1.000000, inc_x_i = 1.000000, inc_y_i = 1.000000
En el else......

----------------------------------------
x = 6.000000, y = 317.000000
avance = -267.000000, avanceR = 2.000000, avanceI = 2.000000
inc_x_r = 0.000000, inc_y_r = 1.000000, inc_x_i = 1.000000, inc_y_i = 1.000000
En el else......

----------------------------------------
x = 6.000000, y = 318.000000
avance = -265.000000, avanceR = 2.000000, avanceI = 2.000000
inc_x_r = 0.000000, inc_y_r = 1.000000, inc_x_i = 1.000000, inc_y_i = 1.000000
En el else......

----------------------------------------
x = 6.000000, y = 319.000000
avance = -263.000000, avanceR = 2.000000, avanceI = 2.000000
inc_x_r = 0.000000, inc_y_r = 1.000000, inc_x_i = 1.000000, inc_y_i = 1.000000
En el else......

----------------------------------------
x = 6.000000, y = 320.000000
avance = -261.000000, avanceR = 2.000000, avanceI = 2.000000
inc_x_r = 0.000000, inc_y_r = 1.000000, inc_x_i = 1.000000, inc_y_i = 1.000000
En el else......

----------------------------------------
x = 6.000000, y = 321.000000
avance = -259.000000, avanceR = 2.000000, avanceI = 2.000000
inc_x_r = 0.000000, inc_y_r = 1.000000, inc_x_i = 1.000000, inc_y_i = 1.000000
En el else......

----------------------------------------
x = 6.000000, y = 322.000000
avance = -257.000000, avanceR = 2.000000, avanceI = 2.000000
inc_x_r = 0.000000, inc_y_r = 1.000000, inc_x_i = 1.000000, inc_y_i = 1.000000
En el else......

----------------------------------------
x = 6.000000, y = 323.000000
avance = -255.000000, avanceR = 2.000000, avanceI = 2.000000
inc_x_r = 0.000000, inc_y_r = 1.000000, inc_x_i = 1.000000, inc_y_i = 1.000000
En el else......

----------------------------------------
x = 6.000000, y = 324.000000
avance = -253.000000, avanceR = 2.000000, avanceI = 2.000000
inc_x_r = 0.000000, inc_y_r = 1.000000, inc_x_i = 1.000000, inc_y_i = 1.000000
En el else......

----------------------------------------
x = 6.000000, y = 325.000000
avance = -251.000000, avanceR = 2.000000, avanceI = 2.000000
inc_x_r = 0.000000, inc_y_r = 1.000000, inc_x_i = 1.000000, inc_y_i = 1.000000
En el else......

----------------------------------------


ENTRAMOS A BRESENHAMªªªª
x1 = 5.000000 - y1 = 75.000000 || x2 = 6.000000 - y2 = 326.000000
dy = 251.000000, dx = 1.000000
avances inclinados: inc_x_i = 1.000000, inc_y_i = 1.000000
updated: dy = 251.000000, dx = 1.000000
avances rectos: inc_x_r = 0.000000, inc_y_r 1.000000
reupdated: dy = 1.000000, dx = 251.000000
avanceR = 2.000000, avance -249.000000, avanceI 2.000000
----------------------------------------
x = 5.000000, y = 75.000000
avance = -249.000000, avanceR = 2.000000, avanceI = 2.000000
inc_x_r = 0.000000, inc_y_r = 1.000000, inc_x_i = 1.000000, inc_y_i = 1.000000
En el else......

----------------------------------------
x = 5.000000, y = 76.000000
avance = -247.000000, avanceR = 2.000000, avanceI = 2.000000
inc_x_r = 0.000000, inc_y_r = 1.000000, inc_x_i = 1.000000, inc_y_i = 1.000000
En el else......

----------------------------------------
x = 5.000000, y = 77.000000
avance = -245.000000, avanceR = 2.000000, avanceI = 2.000000
inc_x_r = 0.000000, inc_y_r = 1.000000, inc_x_i = 1.000000, inc_y_i = 1.000000
En el else......

----------------------------------------
x = 5.000000, y = 78.000000
avance = -243.000000, avanceR = 2.000000, avanceI = 2.000000
inc_x_r = 0.000000, inc_y_r = 1.000000, inc_x_i = 1.000000, inc_y_i = 1.000000
En el else......

----------------------------------------
x = 5.000000, y = 79.000000
avance = -241.000000, avanceR = 2.000000, avanceI = 2.000000
inc_x_r = 0.000000, inc_y_r = 1.000000, inc_x_i = 1.000000, inc_y_i = 1.000000
En el else......

----------------------------------------
x = 5.000000, y = 80.000000
avance = -239.000000, avanceR = 2.000000, avanceI = 2.000000
inc_x_r = 0.000000, inc_y_r = 1.000000, inc_x_i = 1.000000, inc_y_i = 1.000000
En el else......

----------------------------------------
x = 5.000000, y = 81.000000
avance = -237.000000, avanceR = 2.000000, avanceI = 2.000000
inc_x_r = 0.000000, inc_y_r = 1.000000, inc_x_i = 1.000000, inc_y_i = 1.000000
En el else......

----------------------------------------
x = 5.000000, y = 82.000000
avance = -235.000000, avanceR = 2.000000, avanceI = 2.000000
inc_x_r = 0.000000, inc_y_r = 1.000000, inc_x_i = 1.000000, inc_y_i = 1.000000
En el else......

----------------------------------------
x = 5.000000, y = 83.000000
avance = -233.000000, avanceR = 2.000000, avanceI = 2.000000
inc_x_r = 0.000000, inc_y_r = 1.000000, inc_x_i = 1.000000, inc_y_i = 1.000000
En el else......

----------------------------------------
x = 5.000000, y = 84.000000
avance = -231.000000, avanceR = 2.000000, avanceI = 2.000000
inc_x_r = 0.000000, inc_y_r = 1.000000, inc_x_i = 1.000000, inc_y_i = 1.000000
En el else......

----------------------------------------
x = 5.000000, y = 85.000000
avance = -229.000000, avanceR = 2.000000, avanceI = 2.000000
inc_x_r = 0.000000, inc_y_r = 1.000000, inc_x_i = 1.000000, inc_y_i = 1.000000
En el else......

----------------------------------------
x = 5.000000, y = 86.000000
avance = -227.000000, avanceR = 2.000000, avanceI = 2.000000
inc_x_r = 0.000000, inc_y_r = 1.000000, inc_x_i = 1.000000, inc_y_i = 1.000000
En el else......

----------------------------------------
x = 5.000000, y = 87.000000
avance = -225.000000, avanceR = 2.000000, avanceI = 2.000000
inc_x_r = 0.000000, inc_y_r = 1.000000, inc_x_i = 1.000000, inc_y_i = 1.000000
En el else......

----------------------------------------
x = 5.000000, y = 88.000000
avance = -223.000000, avanceR = 2.000000, avanceI = 2.000000
inc_x_r = 0.000000, inc_y_r = 1.000000, inc_x_i = 1.000000, inc_y_i = 1.000000
En el else......

----------------------------------------
x = 5.000000, y = 89.000000
avance = -221.000000, avanceR = 2.000000, avanceI = 2.000000
inc_x_r = 0.000000, inc_y_r = 1.000000, inc_x_i = 1.000000, inc_y_i = 1.000000
En el else......

----------------------------------------
x = 5.000000, y = 90.000000
avance = -219.000000, avanceR = 2.000000, avanceI = 2.000000
inc_x_r = 0.000000, inc_y_r = 1.000000, inc_x_i = 1.000000, inc_y_i = 1.000000
En el else......

----------------------------------------
x = 5.000000, y = 91.000000
avance = -217.000000, avanceR = 2.000000, avanceI = 2.000000
inc_x_r = 0.000000, inc_y_r = 1.000000, inc_x_i = 1.000000, inc_y_i = 1.000000
En el else......

----------------------------------------
x = 5.000000, y = 92.000000
avance = -215.000000, avanceR = 2.000000, avanceI = 2.000000
inc_x_r = 0.000000, inc_y_r = 1.000000, inc_x_i = 1.000000, inc_y_i = 1.000000
En el else......

----------------------------------------
x = 5.000000, y = 93.000000
avance = -213.000000, avanceR = 2.000000, avanceI = 2.000000
inc_x_r = 0.000000, inc_y_r = 1.000000, inc_x_i = 1.000000, inc_y_i = 1.000000
En el else......

----------------------------------------
x = 5.000000, y = 94.000000
avance = -211.000000, avanceR = 2.000000, avanceI = 2.000000
inc_x_r = 0.000000, inc_y_r = 1.000000, inc_x_i = 1.000000, inc_y_i = 1.000000
En el else......

----------------------------------------
x = 5.000000, y = 95.000000
avance = -209.000000, avanceR = 2.000000, avanceI = 2.000000
inc_x_r = 0.000000, inc_y_r = 1.000000, inc_x_i = 1.000000, inc_y_i = 1.000000
En el else......

----------------------------------------
x = 5.000000, y = 96.000000
avance = -207.000000, avanceR = 2.000000, avanceI = 2.000000
inc_x_r = 0.000000, inc_y_r = 1.000000, inc_x_i = 1.000000, inc_y_i = 1.000000
En el else......

----------------------------------------
x = 5.000000, y = 97.000000
avance = -205.000000, avanceR = 2.000000, avanceI = 2.000000
inc_x_r = 0.000000, inc_y_r = 1.000000, inc_x_i = 1.000000, inc_y_i = 1.000000
En el else......

----------------------------------------
x = 5.000000, y = 98.000000
avance = -203.000000, avanceR = 2.000000, avanceI = 2.000000
inc_x_r = 0.000000, inc_y_r = 1.000000, inc_x_i = 1.000000, inc_y_i = 1.000000
En el else......

----------------------------------------
x = 5.000000, y = 99.000000
avance = -201.000000, avanceR = 2.000000, avanceI = 2.000000
inc_x_r = 0.000000, inc_y_r = 1.000000, inc_x_i = 1.000000, inc_y_i = 1.000000
En el else......

----------------------------------------
x = 5.000000, y = 100.000000
avance = -199.000000, avanceR = 2.000000, avanceI = 2.000000
inc_x_r = 0.000000, inc_y_r = 1.000000, inc_x_i = 1.000000, inc_y_i = 1.000000
En el else......

----------------------------------------
x = 5.000000, y = 101.000000
avance = -197.000000, avanceR = 2.000000, avanceI = 2.000000
inc_x_r = 0.000000, inc_y_r = 1.000000, inc_x_i = 1.000000, inc_y_i = 1.000000
En el else......

----------------------------------------
x = 5.000000, y = 102.000000
avance = -195.000000, avanceR = 2.000000, avanceI = 2.000000
inc_x_r = 0.000000, inc_y_r = 1.000000, inc_x_i = 1.000000, inc_y_i = 1.000000
En el else......

----------------------------------------
x = 5.000000, y = 103.000000
avance = -193.000000, avanceR = 2.000000, avanceI = 2.000000
inc_x_r = 0.000000, inc_y_r = 1.000000, inc_x_i = 1.000000, inc_y_i = 1.000000
En el else......

----------------------------------------
x = 5.000000, y = 104.000000
avance = -191.000000, avanceR = 2.000000, avanceI = 2.000000
inc_x_r = 0.000000, inc_y_r = 1.000000, inc_x_i = 1.000000, inc_y_i = 1.000000
En el else......

----------------------------------------
x = 5.000000, y = 105.000000
avance = -189.000000, avanceR = 2.000000, avanceI = 2.000000
inc_x_r = 0.000000, inc_y_r = 1.000000, inc_x_i = 1.000000, inc_y_i = 1.000000
En el else......

----------------------------------------
x = 5.000000, y = 106.000000
avance = -187.000000, avanceR = 2.000000, avanceI = 2.000000
inc_x_r = 0.000000, inc_y_r = 1.000000, inc_x_i = 1.000000, inc_y_i = 1.000000
En el else......

----------------------------------------
x = 5.000000, y = 107.000000
avance = -185.000000, avanceR = 2.000000, avanceI = 2.000000
inc_x_r = 0.000000, inc_y_r = 1.000000, inc_x_i = 1.000000, inc_y_i = 1.000000
En el else......

----------------------------------------
x = 5.000000, y = 108.000000
avance = -183.000000, avanceR = 2.000000, avanceI = 2.000000
inc_x_r = 0.000000, inc_y_r = 1.000000, inc_x_i = 1.000000, inc_y_i = 1.000000
En el else......

----------------------------------------
x = 5.000000, y = 109.000000
avance = -181.000000, avanceR = 2.000000, avanceI = 2.000000
inc_x_r = 0.000000, inc_y_r = 1.000000, inc_x_i = 1.000000, inc_y_i = 1.000000
En el else......

----------------------------------------
x = 5.000000, y = 110.000000
avance = -179.000000, avanceR = 2.000000, avanceI = 2.000000
inc_x_r = 0.000000, inc_y_r = 1.000000, inc_x_i = 1.000000, inc_y_i = 1.000000
En el else......

----------------------------------------
x = 5.000000, y = 111.000000
avance = -177.000000, avanceR = 2.000000, avanceI = 2.000000
inc_x_r = 0.000000, inc_y_r = 1.000000, inc_x_i = 1.000000, inc_y_i = 1.000000
En el else......

----------------------------------------
x = 5.000000, y = 112.000000
avance = -175.000000, avanceR = 2.000000, avanceI = 2.000000
inc_x_r = 0.000000, inc_y_r = 1.000000, inc_x_i = 1.000000, inc_y_i = 1.000000
En el else......

----------------------------------------
x = 5.000000, y = 113.000000
avance = -173.000000, avanceR = 2.000000, avanceI = 2.000000
inc_x_r = 0.000000, inc_y_r = 1.000000, inc_x_i = 1.000000, inc_y_i = 1.000000
En el else......

----------------------------------------
x = 5.000000, y = 114.000000
avance = -171.000000, avanceR = 2.000000, avanceI = 2.000000
inc_x_r = 0.000000, inc_y_r = 1.000000, inc_x_i = 1.000000, inc_y_i = 1.000000
En el else......

----------------------------------------
x = 5.000000, y = 115.000000
avance = -169.000000, avanceR = 2.000000, avanceI = 2.000000
inc_x_r = 0.000000, inc_y_r = 1.000000, inc_x_i = 1.000000, inc_y_i = 1.000000
En el else......

----------------------------------------
x = 5.000000, y = 116.000000
avance = -167.000000, avanceR = 2.000000, avanceI = 2.000000
inc_x_r = 0.000000, inc_y_r = 1.000000, inc_x_i = 1.000000, inc_y_i = 1.000000
En el else......

----------------------------------------
x = 5.000000, y = 117.000000
avance = -165.000000, avanceR = 2.000000, avanceI = 2.000000
inc_x_r = 0.000000, inc_y_r = 1.000000, inc_x_i = 1.000000, inc_y_i = 1.000000
En el else......

----------------------------------------
x = 5.000000, y = 118.000000
avance = -163.000000, avanceR = 2.000000, avanceI = 2.000000
inc_x_r = 0.000000, inc_y_r = 1.000000, inc_x_i = 1.000000, inc_y_i = 1.000000
En el else......

----------------------------------------
x = 5.000000, y = 119.000000
avance = -161.000000, avanceR = 2.000000, avanceI = 2.000000
inc_x_r = 0.000000, inc_y_r = 1.000000, inc_x_i = 1.000000, inc_y_i = 1.000000
En el else......

----------------------------------------
x = 5.000000, y = 120.000000
avance = -159.000000, avanceR = 2.000000, avanceI = 2.000000
inc_x_r = 0.000000, inc_y_r = 1.000000, inc_x_i = 1.000000, inc_y_i = 1.000000
En el else......

----------------------------------------
x = 5.000000, y = 121.000000
avance = -157.000000, avanceR = 2.000000, avanceI = 2.000000
inc_x_r = 0.000000, inc_y_r = 1.000000, inc_x_i = 1.000000, inc_y_i = 1.000000
En el else......

----------------------------------------
x = 5.000000, y = 122.000000
avance = -155.000000, avanceR = 2.000000, avanceI = 2.000000
inc_x_r = 0.000000, inc_y_r = 1.000000, inc_x_i = 1.000000, inc_y_i = 1.000000
En el else......

----------------------------------------
x = 5.000000, y = 123.000000
avance = -153.000000, avanceR = 2.000000, avanceI = 2.000000
inc_x_r = 0.000000, inc_y_r = 1.000000, inc_x_i = 1.000000, inc_y_i = 1.000000
En el else......

----------------------------------------
x = 5.000000, y = 124.000000
avance = -151.000000, avanceR = 2.000000, avanceI = 2.000000
inc_x_r = 0.000000, inc_y_r = 1.000000, inc_x_i = 1.000000, inc_y_i = 1.000000
En el else......

----------------------------------------
x = 5.000000, y = 125.000000
avance = -149.000000, avanceR = 2.000000, avanceI = 2.000000
inc_x_r = 0.000000, inc_y_r = 1.000000, inc_x_i = 1.000000, inc_y_i = 1.000000
En el else......

----------------------------------------
x = 5.000000, y = 126.000000
avance = -147.000000, avanceR = 2.000000, avanceI = 2.000000
inc_x_r = 0.000000, inc_y_r = 1.000000, inc_x_i = 1.000000, inc_y_i = 1.000000
En el else......

----------------------------------------
x = 5.000000, y = 127.000000
avance = -145.000000, avanceR = 2.000000, avanceI = 2.000000
inc_x_r = 0.000000, inc_y_r = 1.000000, inc_x_i = 1.000000, inc_y_i = 1.000000
En el else......

----------------------------------------
x = 5.000000, y = 128.000000
avance = -143.000000, avanceR = 2.000000, avanceI = 2.000000
inc_x_r = 0.000000, inc_y_r = 1.000000, inc_x_i = 1.000000, inc_y_i = 1.000000
En el else......

----------------------------------------
x = 5.000000, y = 129.000000
avance = -141.000000, avanceR = 2.000000, avanceI = 2.000000
inc_x_r = 0.000000, inc_y_r = 1.000000, inc_x_i = 1.000000, inc_y_i = 1.000000
En el else......

----------------------------------------
x = 5.000000, y = 130.000000
avance = -139.000000, avanceR = 2.000000, avanceI = 2.000000
inc_x_r = 0.000000, inc_y_r = 1.000000, inc_x_i = 1.000000, inc_y_i = 1.000000
En el else......

----------------------------------------
x = 5.000000, y = 131.000000
avance = -137.000000, avanceR = 2.000000, avanceI = 2.000000
inc_x_r = 0.000000, inc_y_r = 1.000000, inc_x_i = 1.000000, inc_y_i = 1.000000
En el else......

----------------------------------------
x = 5.000000, y = 132.000000
avance = -135.000000, avanceR = 2.000000, avanceI = 2.000000
inc_x_r = 0.000000, inc_y_r = 1.000000, inc_x_i = 1.000000, inc_y_i = 1.000000
En el else......

----------------------------------------
x = 5.000000, y = 133.000000
avance = -133.000000, avanceR = 2.000000, avanceI = 2.000000
inc_x_r = 0.000000, inc_y_r = 1.000000, inc_x_i = 1.000000, inc_y_i = 1.000000
En el else......

----------------------------------------
x = 5.000000, y = 134.000000
avance = -131.000000, avanceR = 2.000000, avanceI = 2.000000
inc_x_r = 0.000000, inc_y_r = 1.000000, inc_x_i = 1.000000, inc_y_i = 1.000000
En el else......

----------------------------------------
x = 5.000000, y = 135.000000
avance = -129.000000, avanceR = 2.000000, avanceI = 2.000000
inc_x_r = 0.000000, inc_y_r = 1.000000, inc_x_i = 1.000000, inc_y_i = 1.000000
En el else......

----------------------------------------
x = 5.000000, y = 136.000000
avance = -127.000000, avanceR = 2.000000, avanceI = 2.000000
inc_x_r = 0.000000, inc_y_r = 1.000000, inc_x_i = 1.000000, inc_y_i = 1.000000
En el else......

----------------------------------------
x = 5.000000, y = 137.000000
avance = -125.000000, avanceR = 2.000000, avanceI = 2.000000
inc_x_r = 0.000000, inc_y_r = 1.000000, inc_x_i = 1.000000, inc_y_i = 1.000000
En el else......

----------------------------------------
x = 5.000000, y = 138.000000
avance = -123.000000, avanceR = 2.000000, avanceI = 2.000000
inc_x_r = 0.000000, inc_y_r = 1.000000, inc_x_i = 1.000000, inc_y_i = 1.000000
En el else......

----------------------------------------
x = 5.000000, y = 139.000000
avance = -121.000000, avanceR = 2.000000, avanceI = 2.000000
inc_x_r = 0.000000, inc_y_r = 1.000000, inc_x_i = 1.000000, inc_y_i = 1.000000
En el else......

----------------------------------------
x = 5.000000, y = 140.000000
avance = -119.000000, avanceR = 2.000000, avanceI = 2.000000
inc_x_r = 0.000000, inc_y_r = 1.000000, inc_x_i = 1.000000, inc_y_i = 1.000000
En el else......

----------------------------------------
x = 5.000000, y = 141.000000
avance = -117.000000, avanceR = 2.000000, avanceI = 2.000000
inc_x_r = 0.000000, inc_y_r = 1.000000, inc_x_i = 1.000000, inc_y_i = 1.000000
En el else......

----------------------------------------
x = 5.000000, y = 142.000000
avance = -115.000000, avanceR = 2.000000, avanceI = 2.000000
inc_x_r = 0.000000, inc_y_r = 1.000000, inc_x_i = 1.000000, inc_y_i = 1.000000
En el else......

----------------------------------------
x = 5.000000, y = 143.000000
avance = -113.000000, avanceR = 2.000000, avanceI = 2.000000
inc_x_r = 0.000000, inc_y_r = 1.000000, inc_x_i = 1.000000, inc_y_i = 1.000000
En el else......

----------------------------------------
x = 5.000000, y = 144.000000
avance = -111.000000, avanceR = 2.000000, avanceI = 2.000000
inc_x_r = 0.000000, inc_y_r = 1.000000, inc_x_i = 1.000000, inc_y_i = 1.000000
En el else......

----------------------------------------
x = 5.000000, y = 145.000000
avance = -109.000000, avanceR = 2.000000, avanceI = 2.000000
inc_x_r = 0.000000, inc_y_r = 1.000000, inc_x_i = 1.000000, inc_y_i = 1.000000
En el else......

----------------------------------------
x = 5.000000, y = 146.000000
avance = -107.000000, avanceR = 2.000000, avanceI = 2.000000
inc_x_r = 0.000000, inc_y_r = 1.000000, inc_x_i = 1.000000, inc_y_i = 1.000000
En el else......

----------------------------------------
x = 5.000000, y = 147.000000
avance = -105.000000, avanceR = 2.000000, avanceI = 2.000000
inc_x_r = 0.000000, inc_y_r = 1.000000, inc_x_i = 1.000000, inc_y_i = 1.000000
En el else......

----------------------------------------
x = 5.000000, y = 148.000000
avance = -103.000000, avanceR = 2.000000, avanceI = 2.000000
inc_x_r = 0.000000, inc_y_r = 1.000000, inc_x_i = 1.000000, inc_y_i = 1.000000
En el else......

----------------------------------------
x = 5.000000, y = 149.000000
avance = -101.000000, avanceR = 2.000000, avanceI = 2.000000
inc_x_r = 0.000000, inc_y_r = 1.000000, inc_x_i = 1.000000, inc_y_i = 1.000000
En el else......

----------------------------------------
x = 5.000000, y = 150.000000
avance = -99.000000, avanceR = 2.000000, avanceI = 2.000000
inc_x_r = 0.000000, inc_y_r = 1.000000, inc_x_i = 1.000000, inc_y_i = 1.000000
En el else......

----------------------------------------
x = 5.000000, y = 151.000000
avance = -97.000000, avanceR = 2.000000, avanceI = 2.000000
inc_x_r = 0.000000, inc_y_r = 1.000000, inc_x_i = 1.000000, inc_y_i = 1.000000
En el else......

----------------------------------------
x = 5.000000, y = 152.000000
avance = -95.000000, avanceR = 2.000000, avanceI = 2.000000
inc_x_r = 0.000000, inc_y_r = 1.000000, inc_x_i = 1.000000, inc_y_i = 1.000000
En el else......

----------------------------------------
x = 5.000000, y = 153.000000
avance = -93.000000, avanceR = 2.000000, avanceI = 2.000000
inc_x_r = 0.000000, inc_y_r = 1.000000, inc_x_i = 1.000000, inc_y_i = 1.000000
En el else......

----------------------------------------
x = 5.000000, y = 154.000000
avance = -91.000000, avanceR = 2.000000, avanceI = 2.000000
inc_x_r = 0.000000, inc_y_r = 1.000000, inc_x_i = 1.000000, inc_y_i = 1.000000
En el else......

----------------------------------------
x = 5.000000, y = 155.000000
avance = -89.000000, avanceR = 2.000000, avanceI = 2.000000
inc_x_r = 0.000000, inc_y_r = 1.000000, inc_x_i = 1.000000, inc_y_i = 1.000000
En el else......

----------------------------------------
x = 5.000000, y = 156.000000
avance = -87.000000, avanceR = 2.000000, avanceI = 2.000000
inc_x_r = 0.000000, inc_y_r = 1.000000, inc_x_i = 1.000000, inc_y_i = 1.000000
En el else......

----------------------------------------
x = 5.000000, y = 157.000000
avance = -85.000000, avanceR = 2.000000, avanceI = 2.000000
inc_x_r = 0.000000, inc_y_r = 1.000000, inc_x_i = 1.000000, inc_y_i = 1.000000
En el else......

----------------------------------------
x = 5.000000, y = 158.000000
avance = -83.000000, avanceR = 2.000000, avanceI = 2.000000
inc_x_r = 0.000000, inc_y_r = 1.000000, inc_x_i = 1.000000, inc_y_i = 1.000000
En el else......

----------------------------------------
x = 5.000000, y = 159.000000
avance = -81.000000, avanceR = 2.000000, avanceI = 2.000000
inc_x_r = 0.000000, inc_y_r = 1.000000, inc_x_i = 1.000000, inc_y_i = 1.000000
En el else......

----------------------------------------
x = 5.000000, y = 160.000000
avance = -79.000000, avanceR = 2.000000, avanceI = 2.000000
inc_x_r = 0.000000, inc_y_r = 1.000000, inc_x_i = 1.000000, inc_y_i = 1.000000
En el else......

----------------------------------------
x = 5.000000, y = 161.000000
avance = -77.000000, avanceR = 2.000000, avanceI = 2.000000
inc_x_r = 0.000000, inc_y_r = 1.000000, inc_x_i = 1.000000, inc_y_i = 1.000000
En el else......

----------------------------------------
x = 5.000000, y = 162.000000
avance = -75.000000, avanceR = 2.000000, avanceI = 2.000000
inc_x_r = 0.000000, inc_y_r = 1.000000, inc_x_i = 1.000000, inc_y_i = 1.000000
En el else......

----------------------------------------
x = 5.000000, y = 163.000000
avance = -73.000000, avanceR = 2.000000, avanceI = 2.000000
inc_x_r = 0.000000, inc_y_r = 1.000000, inc_x_i = 1.000000, inc_y_i = 1.000000
En el else......

----------------------------------------
x = 5.000000, y = 164.000000
avance = -71.000000, avanceR = 2.000000, avanceI = 2.000000
inc_x_r = 0.000000, inc_y_r = 1.000000, inc_x_i = 1.000000, inc_y_i = 1.000000
En el else......

----------------------------------------
x = 5.000000, y = 165.000000
avance = -69.000000, avanceR = 2.000000, avanceI = 2.000000
inc_x_r = 0.000000, inc_y_r = 1.000000, inc_x_i = 1.000000, inc_y_i = 1.000000
En el else......

----------------------------------------
x = 5.000000, y = 166.000000
avance = -67.000000, avanceR = 2.000000, avanceI = 2.000000
inc_x_r = 0.000000, inc_y_r = 1.000000, inc_x_i = 1.000000, inc_y_i = 1.000000
En el else......

----------------------------------------
x = 5.000000, y = 167.000000
avance = -65.000000, avanceR = 2.000000, avanceI = 2.000000
inc_x_r = 0.000000, inc_y_r = 1.000000, inc_x_i = 1.000000, inc_y_i = 1.000000
En el else......

----------------------------------------
x = 5.000000, y = 168.000000
avance = -63.000000, avanceR = 2.000000, avanceI = 2.000000
inc_x_r = 0.000000, inc_y_r = 1.000000, inc_x_i = 1.000000, inc_y_i = 1.000000
En el else......

----------------------------------------
x = 5.000000, y = 169.000000
avance = -61.000000, avanceR = 2.000000, avanceI = 2.000000
inc_x_r = 0.000000, inc_y_r = 1.000000, inc_x_i = 1.000000, inc_y_i = 1.000000
En el else......

----------------------------------------
x = 5.000000, y = 170.000000
avance = -59.000000, avanceR = 2.000000, avanceI = 2.000000
inc_x_r = 0.000000, inc_y_r = 1.000000, inc_x_i = 1.000000, inc_y_i = 1.000000
En el else......

----------------------------------------
x = 5.000000, y = 171.000000
avance = -57.000000, avanceR = 2.000000, avanceI = 2.000000
inc_x_r = 0.000000, inc_y_r = 1.000000, inc_x_i = 1.000000, inc_y_i = 1.000000
En el else......

----------------------------------------
x = 5.000000, y = 172.000000
avance = -55.000000, avanceR = 2.000000, avanceI = 2.000000
inc_x_r = 0.000000, inc_y_r = 1.000000, inc_x_i = 1.000000, inc_y_i = 1.000000
En el else......

----------------------------------------
x = 5.000000, y = 173.000000
avance = -53.000000, avanceR = 2.000000, avanceI = 2.000000
inc_x_r = 0.000000, inc_y_r = 1.000000, inc_x_i = 1.000000, inc_y_i = 1.000000
En el else......

----------------------------------------
x = 5.000000, y = 174.000000
avance = -51.000000, avanceR = 2.000000, avanceI = 2.000000
inc_x_r = 0.000000, inc_y_r = 1.000000, inc_x_i = 1.000000, inc_y_i = 1.000000
En el else......

----------------------------------------
x = 5.000000, y = 175.000000
avance = -49.000000, avanceR = 2.000000, avanceI = 2.000000
inc_x_r = 0.000000, inc_y_r = 1.000000, inc_x_i = 1.000000, inc_y_i = 1.000000
En el else......

----------------------------------------
x = 5.000000, y = 176.000000
avance = -47.000000, avanceR = 2.000000, avanceI = 2.000000
inc_x_r = 0.000000, inc_y_r = 1.000000, inc_x_i = 1.000000, inc_y_i = 1.000000
En el else......

----------------------------------------
x = 5.000000, y = 177.000000
avance = -45.000000, avanceR = 2.000000, avanceI = 2.000000
inc_x_r = 0.000000, inc_y_r = 1.000000, inc_x_i = 1.000000, inc_y_i = 1.000000
En el else......

----------------------------------------
x = 5.000000, y = 178.000000
avance = -43.000000, avanceR = 2.000000, avanceI = 2.000000
inc_x_r = 0.000000, inc_y_r = 1.000000, inc_x_i = 1.000000, inc_y_i = 1.000000
En el else......

----------------------------------------
x = 5.000000, y = 179.000000
avance = -41.000000, avanceR = 2.000000, avanceI = 2.000000
inc_x_r = 0.000000, inc_y_r = 1.000000, inc_x_i = 1.000000, inc_y_i = 1.000000
En el else......

----------------------------------------
x = 5.000000, y = 180.000000
avance = -39.000000, avanceR = 2.000000, avanceI = 2.000000
inc_x_r = 0.000000, inc_y_r = 1.000000, inc_x_i = 1.000000, inc_y_i = 1.000000
En el else......

----------------------------------------
x = 5.000000, y = 181.000000
avance = -37.000000, avanceR = 2.000000, avanceI = 2.000000
inc_x_r = 0.000000, inc_y_r = 1.000000, inc_x_i = 1.000000, inc_y_i = 1.000000
En el else......

----------------------------------------
x = 5.000000, y = 182.000000
avance = -35.000000, avanceR = 2.000000, avanceI = 2.000000
inc_x_r = 0.000000, inc_y_r = 1.000000, inc_x_i = 1.000000, inc_y_i = 1.000000
En el else......

----------------------------------------
x = 5.000000, y = 183.000000
avance = -33.000000, avanceR = 2.000000, avanceI = 2.000000
inc_x_r = 0.000000, inc_y_r = 1.000000, inc_x_i = 1.000000, inc_y_i = 1.000000
En el else......

----------------------------------------
x = 5.000000, y = 184.000000
avance = -31.000000, avanceR = 2.000000, avanceI = 2.000000
inc_x_r = 0.000000, inc_y_r = 1.000000, inc_x_i = 1.000000, inc_y_i = 1.000000
En el else......

----------------------------------------
x = 5.000000, y = 185.000000
avance = -29.000000, avanceR = 2.000000, avanceI = 2.000000
inc_x_r = 0.000000, inc_y_r = 1.000000, inc_x_i = 1.000000, inc_y_i = 1.000000
En el else......

----------------------------------------
x = 5.000000, y = 186.000000
avance = -27.000000, avanceR = 2.000000, avanceI = 2.000000
inc_x_r = 0.000000, inc_y_r = 1.000000, inc_x_i = 1.000000, inc_y_i = 1.000000
En el else......

----------------------------------------
x = 5.000000, y = 187.000000
avance = -25.000000, avanceR = 2.000000, avanceI = 2.000000
inc_x_r = 0.000000, inc_y_r = 1.000000, inc_x_i = 1.000000, inc_y_i = 1.000000
En el else......

----------------------------------------
x = 5.000000, y = 188.000000
avance = -23.000000, avanceR = 2.000000, avanceI = 2.000000
inc_x_r = 0.000000, inc_y_r = 1.000000, inc_x_i = 1.000000, inc_y_i = 1.000000
En el else......

----------------------------------------
x = 5.000000, y = 189.000000
avance = -21.000000, avanceR = 2.000000, avanceI = 2.000000
inc_x_r = 0.000000, inc_y_r = 1.000000, inc_x_i = 1.000000, inc_y_i = 1.000000
En el else......

----------------------------------------
x = 5.000000, y = 190.000000
avance = -19.000000, avanceR = 2.000000, avanceI = 2.000000
inc_x_r = 0.000000, inc_y_r = 1.000000, inc_x_i = 1.000000, inc_y_i = 1.000000
En el else......

----------------------------------------
x = 5.000000, y = 191.000000
avance = -17.000000, avanceR = 2.000000, avanceI = 2.000000
inc_x_r = 0.000000, inc_y_r = 1.000000, inc_x_i = 1.000000, inc_y_i = 1.000000
En el else......

----------------------------------------
x = 5.000000, y = 192.000000
avance = -15.000000, avanceR = 2.000000, avanceI = 2.000000
inc_x_r = 0.000000, inc_y_r = 1.000000, inc_x_i = 1.000000, inc_y_i = 1.000000
En el else......

----------------------------------------
x = 5.000000, y = 193.000000
avance = -13.000000, avanceR = 2.000000, avanceI = 2.000000
inc_x_r = 0.000000, inc_y_r = 1.000000, inc_x_i = 1.000000, inc_y_i = 1.000000
En el else......

----------------------------------------
x = 5.000000, y = 194.000000
avance = -11.000000, avanceR = 2.000000, avanceI = 2.000000
inc_x_r = 0.000000, inc_y_r = 1.000000, inc_x_i = 1.000000, inc_y_i = 1.000000
En el else......

----------------------------------------
x = 5.000000, y = 195.000000
avance = -9.000000, avanceR = 2.000000, avanceI = 2.000000
inc_x_r = 0.000000, inc_y_r = 1.000000, inc_x_i = 1.000000, inc_y_i = 1.000000
En el else......

----------------------------------------
x = 5.000000, y = 196.000000
avance = -7.000000, avanceR = 2.000000, avanceI = 2.000000
inc_x_r = 0.000000, inc_y_r = 1.000000, inc_x_i = 1.000000, inc_y_i = 1.000000
En el else......

----------------------------------------
x = 5.000000, y = 197.000000
avance = -5.000000, avanceR = 2.000000, avanceI = 2.000000
inc_x_r = 0.000000, inc_y_r = 1.000000, inc_x_i = 1.000000, inc_y_i = 1.000000
En el else......

----------------------------------------
x = 5.000000, y = 198.000000
avance = -3.000000, avanceR = 2.000000, avanceI = 2.000000
inc_x_r = 0.000000, inc_y_r = 1.000000, inc_x_i = 1.000000, inc_y_i = 1.000000
En el else......

----------------------------------------
x = 5.000000, y = 199.000000
avance = -1.000000, avanceR = 2.000000, avanceI = 2.000000
inc_x_r = 0.000000, inc_y_r = 1.000000, inc_x_i = 1.000000, inc_y_i = 1.000000
En el else......

----------------------------------------
x = 5.000000, y = 200.000000
avance = 1.000000, avanceR = 2.000000, avanceI = 2.000000
inc_x_r = 0.000000, inc_y_r = 1.000000, inc_x_i = 1.000000, inc_y_i = 1.000000
avance >= 0

----------------------------------------
x = 6.000000, y = 201.000000
avance = -499.000000, avanceR = 2.000000, avanceI = 2.000000
inc_x_r = 0.000000, inc_y_r = 1.000000, inc_x_i = 1.000000, inc_y_i = 1.000000
En el else......

----------------------------------------
x = 6.000000, y = 202.000000
avance = -497.000000, avanceR = 2.000000, avanceI = 2.000000
inc_x_r = 0.000000, inc_y_r = 1.000000, inc_x_i = 1.000000, inc_y_i = 1.000000
En el else......

----------------------------------------
x = 6.000000, y = 203.000000
avance = -495.000000, avanceR = 2.000000, avanceI = 2.000000
inc_x_r = 0.000000, inc_y_r = 1.000000, inc_x_i = 1.000000, inc_y_i = 1.000000
En el else......

----------------------------------------
x = 6.000000, y = 204.000000
avance = -493.000000, avanceR = 2.000000, avanceI = 2.000000
inc_x_r = 0.000000, inc_y_r = 1.000000, inc_x_i = 1.000000, inc_y_i = 1.000000
En el else......

----------------------------------------
x = 6.000000, y = 205.000000
avance = -491.000000, avanceR = 2.000000, avanceI = 2.000000
inc_x_r = 0.000000, inc_y_r = 1.000000, inc_x_i = 1.000000, inc_y_i = 1.000000
En el else......

----------------------------------------
x = 6.000000, y = 206.000000
avance = -489.000000, avanceR = 2.000000, avanceI = 2.000000
inc_x_r = 0.000000, inc_y_r = 1.000000, inc_x_i = 1.000000, inc_y_i = 1.000000
En el else......

----------------------------------------
x = 6.000000, y = 207.000000
avance = -487.000000, avanceR = 2.000000, avanceI = 2.000000
inc_x_r = 0.000000, inc_y_r = 1.000000, inc_x_i = 1.000000, inc_y_i = 1.000000
En el else......

----------------------------------------
x = 6.000000, y = 208.000000
avance = -485.000000, avanceR = 2.000000, avanceI = 2.000000
inc_x_r = 0.000000, inc_y_r = 1.000000, inc_x_i = 1.000000, inc_y_i = 1.000000
En el else......

----------------------------------------
x = 6.000000, y = 209.000000
avance = -483.000000, avanceR = 2.000000, avanceI = 2.000000
inc_x_r = 0.000000, inc_y_r = 1.000000, inc_x_i = 1.000000, inc_y_i = 1.000000
En el else......

----------------------------------------
x = 6.000000, y = 210.000000
avance = -481.000000, avanceR = 2.000000, avanceI = 2.000000
inc_x_r = 0.000000, inc_y_r = 1.000000, inc_x_i = 1.000000, inc_y_i = 1.000000
En el else......

----------------------------------------
x = 6.000000, y = 211.000000
avance = -479.000000, avanceR = 2.000000, avanceI = 2.000000
inc_x_r = 0.000000, inc_y_r = 1.000000, inc_x_i = 1.000000, inc_y_i = 1.000000
En el else......

----------------------------------------
x = 6.000000, y = 212.000000
avance = -477.000000, avanceR = 2.000000, avanceI = 2.000000
inc_x_r = 0.000000, inc_y_r = 1.000000, inc_x_i = 1.000000, inc_y_i = 1.000000
En el else......

----------------------------------------
x = 6.000000, y = 213.000000
avance = -475.000000, avanceR = 2.000000, avanceI = 2.000000
inc_x_r = 0.000000, inc_y_r = 1.000000, inc_x_i = 1.000000, inc_y_i = 1.000000
En el else......

----------------------------------------
x = 6.000000, y = 214.000000
avance = -473.000000, avanceR = 2.000000, avanceI = 2.000000
inc_x_r = 0.000000, inc_y_r = 1.000000, inc_x_i = 1.000000, inc_y_i = 1.000000
En el else......

----------------------------------------
x = 6.000000, y = 215.000000
avance = -471.000000, avanceR = 2.000000, avanceI = 2.000000
inc_x_r = 0.000000, inc_y_r = 1.000000, inc_x_i = 1.000000, inc_y_i = 1.000000
En el else......

----------------------------------------
x = 6.000000, y = 216.000000
avance = -469.000000, avanceR = 2.000000, avanceI = 2.000000
inc_x_r = 0.000000, inc_y_r = 1.000000, inc_x_i = 1.000000, inc_y_i = 1.000000
En el else......

----------------------------------------
x = 6.000000, y = 217.000000
avance = -467.000000, avanceR = 2.000000, avanceI = 2.000000
inc_x_r = 0.000000, inc_y_r = 1.000000, inc_x_i = 1.000000, inc_y_i = 1.000000
En el else......

----------------------------------------
x = 6.000000, y = 218.000000
avance = -465.000000, avanceR = 2.000000, avanceI = 2.000000
inc_x_r = 0.000000, inc_y_r = 1.000000, inc_x_i = 1.000000, inc_y_i = 1.000000
En el else......

----------------------------------------
x = 6.000000, y = 219.000000
avance = -463.000000, avanceR = 2.000000, avanceI = 2.000000
inc_x_r = 0.000000, inc_y_r = 1.000000, inc_x_i = 1.000000, inc_y_i = 1.000000
En el else......

----------------------------------------
x = 6.000000, y = 220.000000
avance = -461.000000, avanceR = 2.000000, avanceI = 2.000000
inc_x_r = 0.000000, inc_y_r = 1.000000, inc_x_i = 1.000000, inc_y_i = 1.000000
En el else......

----------------------------------------
x = 6.000000, y = 221.000000
avance = -459.000000, avanceR = 2.000000, avanceI = 2.000000
inc_x_r = 0.000000, inc_y_r = 1.000000, inc_x_i = 1.000000, inc_y_i = 1.000000
En el else......

----------------------------------------
x = 6.000000, y = 222.000000
avance = -457.000000, avanceR = 2.000000, avanceI = 2.000000
inc_x_r = 0.000000, inc_y_r = 1.000000, inc_x_i = 1.000000, inc_y_i = 1.000000
En el else......

----------------------------------------
x = 6.000000, y = 223.000000
avance = -455.000000, avanceR = 2.000000, avanceI = 2.000000
inc_x_r = 0.000000, inc_y_r = 1.000000, inc_x_i = 1.000000, inc_y_i = 1.000000
En el else......

----------------------------------------
x = 6.000000, y = 224.000000
avance = -453.000000, avanceR = 2.000000, avanceI = 2.000000
inc_x_r = 0.000000, inc_y_r = 1.000000, inc_x_i = 1.000000, inc_y_i = 1.000000
En el else......

----------------------------------------
x = 6.000000, y = 225.000000
avance = -451.000000, avanceR = 2.000000, avanceI = 2.000000
inc_x_r = 0.000000, inc_y_r = 1.000000, inc_x_i = 1.000000, inc_y_i = 1.000000
En el else......

----------------------------------------
x = 6.000000, y = 226.000000
avance = -449.000000, avanceR = 2.000000, avanceI = 2.000000
inc_x_r = 0.000000, inc_y_r = 1.000000, inc_x_i = 1.000000, inc_y_i = 1.000000
En el else......

----------------------------------------
x = 6.000000, y = 227.000000
avance = -447.000000, avanceR = 2.000000, avanceI = 2.000000
inc_x_r = 0.000000, inc_y_r = 1.000000, inc_x_i = 1.000000, inc_y_i = 1.000000
En el else......

----------------------------------------
x = 6.000000, y = 228.000000
avance = -445.000000, avanceR = 2.000000, avanceI = 2.000000
inc_x_r = 0.000000, inc_y_r = 1.000000, inc_x_i = 1.000000, inc_y_i = 1.000000
En el else......

----------------------------------------
x = 6.000000, y = 229.000000
avance = -443.000000, avanceR = 2.000000, avanceI = 2.000000
inc_x_r = 0.000000, inc_y_r = 1.000000, inc_x_i = 1.000000, inc_y_i = 1.000000
En el else......

----------------------------------------
x = 6.000000, y = 230.000000
avance = -441.000000, avanceR = 2.000000, avanceI = 2.000000
inc_x_r = 0.000000, inc_y_r = 1.000000, inc_x_i = 1.000000, inc_y_i = 1.000000
En el else......

----------------------------------------
x = 6.000000, y = 231.000000
avance = -439.000000, avanceR = 2.000000, avanceI = 2.000000
inc_x_r = 0.000000, inc_y_r = 1.000000, inc_x_i = 1.000000, inc_y_i = 1.000000
En el else......

----------------------------------------
x = 6.000000, y = 232.000000
avance = -437.000000, avanceR = 2.000000, avanceI = 2.000000
inc_x_r = 0.000000, inc_y_r = 1.000000, inc_x_i = 1.000000, inc_y_i = 1.000000
En el else......

----------------------------------------
x = 6.000000, y = 233.000000
avance = -435.000000, avanceR = 2.000000, avanceI = 2.000000
inc_x_r = 0.000000, inc_y_r = 1.000000, inc_x_i = 1.000000, inc_y_i = 1.000000
En el else......

----------------------------------------
x = 6.000000, y = 234.000000
avance = -433.000000, avanceR = 2.000000, avanceI = 2.000000
inc_x_r = 0.000000, inc_y_r = 1.000000, inc_x_i = 1.000000, inc_y_i = 1.000000
En el else......

----------------------------------------
x = 6.000000, y = 235.000000
avance = -431.000000, avanceR = 2.000000, avanceI = 2.000000
inc_x_r = 0.000000, inc_y_r = 1.000000, inc_x_i = 1.000000, inc_y_i = 1.000000
En el else......

----------------------------------------
x = 6.000000, y = 236.000000
avance = -429.000000, avanceR = 2.000000, avanceI = 2.000000
inc_x_r = 0.000000, inc_y_r = 1.000000, inc_x_i = 1.000000, inc_y_i = 1.000000
En el else......

----------------------------------------
x = 6.000000, y = 237.000000
avance = -427.000000, avanceR = 2.000000, avanceI = 2.000000
inc_x_r = 0.000000, inc_y_r = 1.000000, inc_x_i = 1.000000, inc_y_i = 1.000000
En el else......

----------------------------------------
x = 6.000000, y = 238.000000
avance = -425.000000, avanceR = 2.000000, avanceI = 2.000000
inc_x_r = 0.000000, inc_y_r = 1.000000, inc_x_i = 1.000000, inc_y_i = 1.000000
En el else......

----------------------------------------
x = 6.000000, y = 239.000000
avance = -423.000000, avanceR = 2.000000, avanceI = 2.000000
inc_x_r = 0.000000, inc_y_r = 1.000000, inc_x_i = 1.000000, inc_y_i = 1.000000
En el else......

----------------------------------------
x = 6.000000, y = 240.000000
avance = -421.000000, avanceR = 2.000000, avanceI = 2.000000
inc_x_r = 0.000000, inc_y_r = 1.000000, inc_x_i = 1.000000, inc_y_i = 1.000000
En el else......

----------------------------------------
x = 6.000000, y = 241.000000
avance = -419.000000, avanceR = 2.000000, avanceI = 2.000000
inc_x_r = 0.000000, inc_y_r = 1.000000, inc_x_i = 1.000000, inc_y_i = 1.000000
En el else......

----------------------------------------
x = 6.000000, y = 242.000000
avance = -417.000000, avanceR = 2.000000, avanceI = 2.000000
inc_x_r = 0.000000, inc_y_r = 1.000000, inc_x_i = 1.000000, inc_y_i = 1.000000
En el else......

----------------------------------------
x = 6.000000, y = 243.000000
avance = -415.000000, avanceR = 2.000000, avanceI = 2.000000
inc_x_r = 0.000000, inc_y_r = 1.000000, inc_x_i = 1.000000, inc_y_i = 1.000000
En el else......

----------------------------------------
x = 6.000000, y = 244.000000
avance = -413.000000, avanceR = 2.000000, avanceI = 2.000000
inc_x_r = 0.000000, inc_y_r = 1.000000, inc_x_i = 1.000000, inc_y_i = 1.000000
En el else......

----------------------------------------
x = 6.000000, y = 245.000000
avance = -411.000000, avanceR = 2.000000, avanceI = 2.000000
inc_x_r = 0.000000, inc_y_r = 1.000000, inc_x_i = 1.000000, inc_y_i = 1.000000
En el else......

----------------------------------------
x = 6.000000, y = 246.000000
avance = -409.000000, avanceR = 2.000000, avanceI = 2.000000
inc_x_r = 0.000000, inc_y_r = 1.000000, inc_x_i = 1.000000, inc_y_i = 1.000000
En el else......

----------------------------------------
x = 6.000000, y = 247.000000
avance = -407.000000, avanceR = 2.000000, avanceI = 2.000000
inc_x_r = 0.000000, inc_y_r = 1.000000, inc_x_i = 1.000000, inc_y_i = 1.000000
En el else......

----------------------------------------
x = 6.000000, y = 248.000000
avance = -405.000000, avanceR = 2.000000, avanceI = 2.000000
inc_x_r = 0.000000, inc_y_r = 1.000000, inc_x_i = 1.000000, inc_y_i = 1.000000
En el else......

----------------------------------------
x = 6.000000, y = 249.000000
avance = -403.000000, avanceR = 2.000000, avanceI = 2.000000
inc_x_r = 0.000000, inc_y_r = 1.000000, inc_x_i = 1.000000, inc_y_i = 1.000000
En el else......

----------------------------------------
x = 6.000000, y = 250.000000
avance = -401.000000, avanceR = 2.000000, avanceI = 2.000000
inc_x_r = 0.000000, inc_y_r = 1.000000, inc_x_i = 1.000000, inc_y_i = 1.000000
En el else......

----------------------------------------
x = 6.000000, y = 251.000000
avance = -399.000000, avanceR = 2.000000, avanceI = 2.000000
inc_x_r = 0.000000, inc_y_r = 1.000000, inc_x_i = 1.000000, inc_y_i = 1.000000
En el else......

----------------------------------------
x = 6.000000, y = 252.000000
avance = -397.000000, avanceR = 2.000000, avanceI = 2.000000
inc_x_r = 0.000000, inc_y_r = 1.000000, inc_x_i = 1.000000, inc_y_i = 1.000000
En el else......

----------------------------------------
x = 6.000000, y = 253.000000
avance = -395.000000, avanceR = 2.000000, avanceI = 2.000000
inc_x_r = 0.000000, inc_y_r = 1.000000, inc_x_i = 1.000000, inc_y_i = 1.000000
En el else......

----------------------------------------
x = 6.000000, y = 254.000000
avance = -393.000000, avanceR = 2.000000, avanceI = 2.000000
inc_x_r = 0.000000, inc_y_r = 1.000000, inc_x_i = 1.000000, inc_y_i = 1.000000
En el else......

----------------------------------------
x = 6.000000, y = 255.000000
avance = -391.000000, avanceR = 2.000000, avanceI = 2.000000
inc_x_r = 0.000000, inc_y_r = 1.000000, inc_x_i = 1.000000, inc_y_i = 1.000000
En el else......

----------------------------------------
x = 6.000000, y = 256.000000
avance = -389.000000, avanceR = 2.000000, avanceI = 2.000000
inc_x_r = 0.000000, inc_y_r = 1.000000, inc_x_i = 1.000000, inc_y_i = 1.000000
En el else......

----------------------------------------
x = 6.000000, y = 257.000000
avance = -387.000000, avanceR = 2.000000, avanceI = 2.000000
inc_x_r = 0.000000, inc_y_r = 1.000000, inc_x_i = 1.000000, inc_y_i = 1.000000
En el else......

----------------------------------------
x = 6.000000, y = 258.000000
avance = -385.000000, avanceR = 2.000000, avanceI = 2.000000
inc_x_r = 0.000000, inc_y_r = 1.000000, inc_x_i = 1.000000, inc_y_i = 1.000000
En el else......

----------------------------------------
x = 6.000000, y = 259.000000
avance = -383.000000, avanceR = 2.000000, avanceI = 2.000000
inc_x_r = 0.000000, inc_y_r = 1.000000, inc_x_i = 1.000000, inc_y_i = 1.000000
En el else......

----------------------------------------
x = 6.000000, y = 260.000000
avance = -381.000000, avanceR = 2.000000, avanceI = 2.000000
inc_x_r = 0.000000, inc_y_r = 1.000000, inc_x_i = 1.000000, inc_y_i = 1.000000
En el else......

----------------------------------------
x = 6.000000, y = 261.000000
avance = -379.000000, avanceR = 2.000000, avanceI = 2.000000
inc_x_r = 0.000000, inc_y_r = 1.000000, inc_x_i = 1.000000, inc_y_i = 1.000000
En el else......

----------------------------------------
x = 6.000000, y = 262.000000
avance = -377.000000, avanceR = 2.000000, avanceI = 2.000000
inc_x_r = 0.000000, inc_y_r = 1.000000, inc_x_i = 1.000000, inc_y_i = 1.000000
En el else......

----------------------------------------
x = 6.000000, y = 263.000000
avance = -375.000000, avanceR = 2.000000, avanceI = 2.000000
inc_x_r = 0.000000, inc_y_r = 1.000000, inc_x_i = 1.000000, inc_y_i = 1.000000
En el else......

----------------------------------------
x = 6.000000, y = 264.000000
avance = -373.000000, avanceR = 2.000000, avanceI = 2.000000
inc_x_r = 0.000000, inc_y_r = 1.000000, inc_x_i = 1.000000, inc_y_i = 1.000000
En el else......

----------------------------------------
x = 6.000000, y = 265.000000
avance = -371.000000, avanceR = 2.000000, avanceI = 2.000000
inc_x_r = 0.000000, inc_y_r = 1.000000, inc_x_i = 1.000000, inc_y_i = 1.000000
En el else......

----------------------------------------
x = 6.000000, y = 266.000000
avance = -369.000000, avanceR = 2.000000, avanceI = 2.000000
inc_x_r = 0.000000, inc_y_r = 1.000000, inc_x_i = 1.000000, inc_y_i = 1.000000
En el else......

----------------------------------------
x = 6.000000, y = 267.000000
avance = -367.000000, avanceR = 2.000000, avanceI = 2.000000
inc_x_r = 0.000000, inc_y_r = 1.000000, inc_x_i = 1.000000, inc_y_i = 1.000000
En el else......

----------------------------------------
x = 6.000000, y = 268.000000
avance = -365.000000, avanceR = 2.000000, avanceI = 2.000000
inc_x_r = 0.000000, inc_y_r = 1.000000, inc_x_i = 1.000000, inc_y_i = 1.000000
En el else......

----------------------------------------
x = 6.000000, y = 269.000000
avance = -363.000000, avanceR = 2.000000, avanceI = 2.000000
inc_x_r = 0.000000, inc_y_r = 1.000000, inc_x_i = 1.000000, inc_y_i = 1.000000
En el else......

----------------------------------------
x = 6.000000, y = 270.000000
avance = -361.000000, avanceR = 2.000000, avanceI = 2.000000
inc_x_r = 0.000000, inc_y_r = 1.000000, inc_x_i = 1.000000, inc_y_i = 1.000000
En el else......

----------------------------------------
x = 6.000000, y = 271.000000
avance = -359.000000, avanceR = 2.000000, avanceI = 2.000000
inc_x_r = 0.000000, inc_y_r = 1.000000, inc_x_i = 1.000000, inc_y_i = 1.000000
En el else......

----------------------------------------
x = 6.000000, y = 272.000000
avance = -357.000000, avanceR = 2.000000, avanceI = 2.000000
inc_x_r = 0.000000, inc_y_r = 1.000000, inc_x_i = 1.000000, inc_y_i = 1.000000
En el else......

----------------------------------------
x = 6.000000, y = 273.000000
avance = -355.000000, avanceR = 2.000000, avanceI = 2.000000
inc_x_r = 0.000000, inc_y_r = 1.000000, inc_x_i = 1.000000, inc_y_i = 1.000000
En el else......

----------------------------------------
x = 6.000000, y = 274.000000
avance = -353.000000, avanceR = 2.000000, avanceI = 2.000000
inc_x_r = 0.000000, inc_y_r = 1.000000, inc_x_i = 1.000000, inc_y_i = 1.000000
En el else......

----------------------------------------
x = 6.000000, y = 275.000000
avance = -351.000000, avanceR = 2.000000, avanceI = 2.000000
inc_x_r = 0.000000, inc_y_r = 1.000000, inc_x_i = 1.000000, inc_y_i = 1.000000
En el else......

----------------------------------------
x = 6.000000, y = 276.000000
avance = -349.000000, avanceR = 2.000000, avanceI = 2.000000
inc_x_r = 0.000000, inc_y_r = 1.000000, inc_x_i = 1.000000, inc_y_i = 1.000000
En el else......

----------------------------------------
x = 6.000000, y = 277.000000
avance = -347.000000, avanceR = 2.000000, avanceI = 2.000000
inc_x_r = 0.000000, inc_y_r = 1.000000, inc_x_i = 1.000000, inc_y_i = 1.000000
En el else......

----------------------------------------
x = 6.000000, y = 278.000000
avance = -345.000000, avanceR = 2.000000, avanceI = 2.000000
inc_x_r = 0.000000, inc_y_r = 1.000000, inc_x_i = 1.000000, inc_y_i = 1.000000
En el else......

----------------------------------------
x = 6.000000, y = 279.000000
avance = -343.000000, avanceR = 2.000000, avanceI = 2.000000
inc_x_r = 0.000000, inc_y_r = 1.000000, inc_x_i = 1.000000, inc_y_i = 1.000000
En el else......

----------------------------------------
x = 6.000000, y = 280.000000
avance = -341.000000, avanceR = 2.000000, avanceI = 2.000000
inc_x_r = 0.000000, inc_y_r = 1.000000, inc_x_i = 1.000000, inc_y_i = 1.000000
En el else......

----------------------------------------
x = 6.000000, y = 281.000000
avance = -339.000000, avanceR = 2.000000, avanceI = 2.000000
inc_x_r = 0.000000, inc_y_r = 1.000000, inc_x_i = 1.000000, inc_y_i = 1.000000
En el else......

----------------------------------------
x = 6.000000, y = 282.000000
avance = -337.000000, avanceR = 2.000000, avanceI = 2.000000
inc_x_r = 0.000000, inc_y_r = 1.000000, inc_x_i = 1.000000, inc_y_i = 1.000000
En el else......

----------------------------------------
x = 6.000000, y = 283.000000
avance = -335.000000, avanceR = 2.000000, avanceI = 2.000000
inc_x_r = 0.000000, inc_y_r = 1.000000, inc_x_i = 1.000000, inc_y_i = 1.000000
En el else......

----------------------------------------
x = 6.000000, y = 284.000000
avance = -333.000000, avanceR = 2.000000, avanceI = 2.000000
inc_x_r = 0.000000, inc_y_r = 1.000000, inc_x_i = 1.000000, inc_y_i = 1.000000
En el else......

----------------------------------------
x = 6.000000, y = 285.000000
avance = -331.000000, avanceR = 2.000000, avanceI = 2.000000
inc_x_r = 0.000000, inc_y_r = 1.000000, inc_x_i = 1.000000, inc_y_i = 1.000000
En el else......

----------------------------------------
x = 6.000000, y = 286.000000
avance = -329.000000, avanceR = 2.000000, avanceI = 2.000000
inc_x_r = 0.000000, inc_y_r = 1.000000, inc_x_i = 1.000000, inc_y_i = 1.000000
En el else......

----------------------------------------
x = 6.000000, y = 287.000000
avance = -327.000000, avanceR = 2.000000, avanceI = 2.000000
inc_x_r = 0.000000, inc_y_r = 1.000000, inc_x_i = 1.000000, inc_y_i = 1.000000
En el else......

----------------------------------------
x = 6.000000, y = 288.000000
avance = -325.000000, avanceR = 2.000000, avanceI = 2.000000
inc_x_r = 0.000000, inc_y_r = 1.000000, inc_x_i = 1.000000, inc_y_i = 1.000000
En el else......

----------------------------------------
x = 6.000000, y = 289.000000
avance = -323.000000, avanceR = 2.000000, avanceI = 2.000000
inc_x_r = 0.000000, inc_y_r = 1.000000, inc_x_i = 1.000000, inc_y_i = 1.000000
En el else......

----------------------------------------
x = 6.000000, y = 290.000000
avance = -321.000000, avanceR = 2.000000, avanceI = 2.000000
inc_x_r = 0.000000, inc_y_r = 1.000000, inc_x_i = 1.000000, inc_y_i = 1.000000
En el else......

----------------------------------------
x = 6.000000, y = 291.000000
avance = -319.000000, avanceR = 2.000000, avanceI = 2.000000
inc_x_r = 0.000000, inc_y_r = 1.000000, inc_x_i = 1.000000, inc_y_i = 1.000000
En el else......

----------------------------------------
x = 6.000000, y = 292.000000
avance = -317.000000, avanceR = 2.000000, avanceI = 2.000000
inc_x_r = 0.000000, inc_y_r = 1.000000, inc_x_i = 1.000000, inc_y_i = 1.000000
En el else......

----------------------------------------
x = 6.000000, y = 293.000000
avance = -315.000000, avanceR = 2.000000, avanceI = 2.000000
inc_x_r = 0.000000, inc_y_r = 1.000000, inc_x_i = 1.000000, inc_y_i = 1.000000
En el else......

----------------------------------------
x = 6.000000, y = 294.000000
avance = -313.000000, avanceR = 2.000000, avanceI = 2.000000
inc_x_r = 0.000000, inc_y_r = 1.000000, inc_x_i = 1.000000, inc_y_i = 1.000000
En el else......

----------------------------------------
x = 6.000000, y = 295.000000
avance = -311.000000, avanceR = 2.000000, avanceI = 2.000000
inc_x_r = 0.000000, inc_y_r = 1.000000, inc_x_i = 1.000000, inc_y_i = 1.000000
En el else......

----------------------------------------
x = 6.000000, y = 296.000000
avance = -309.000000, avanceR = 2.000000, avanceI = 2.000000
inc_x_r = 0.000000, inc_y_r = 1.000000, inc_x_i = 1.000000, inc_y_i = 1.000000
En el else......

----------------------------------------
x = 6.000000, y = 297.000000
avance = -307.000000, avanceR = 2.000000, avanceI = 2.000000
inc_x_r = 0.000000, inc_y_r = 1.000000, inc_x_i = 1.000000, inc_y_i = 1.000000
En el else......

----------------------------------------
x = 6.000000, y = 298.000000
avance = -305.000000, avanceR = 2.000000, avanceI = 2.000000
inc_x_r = 0.000000, inc_y_r = 1.000000, inc_x_i = 1.000000, inc_y_i = 1.000000
En el else......

----------------------------------------
x = 6.000000, y = 299.000000
avance = -303.000000, avanceR = 2.000000, avanceI = 2.000000
inc_x_r = 0.000000, inc_y_r = 1.000000, inc_x_i = 1.000000, inc_y_i = 1.000000
En el else......

----------------------------------------
x = 6.000000, y = 300.000000
avance = -301.000000, avanceR = 2.000000, avanceI = 2.000000
inc_x_r = 0.000000, inc_y_r = 1.000000, inc_x_i = 1.000000, inc_y_i = 1.000000
En el else......

----------------------------------------
x = 6.000000, y = 301.000000
avance = -299.000000, avanceR = 2.000000, avanceI = 2.000000
inc_x_r = 0.000000, inc_y_r = 1.000000, inc_x_i = 1.000000, inc_y_i = 1.000000
En el else......

----------------------------------------
x = 6.000000, y = 302.000000
avance = -297.000000, avanceR = 2.000000, avanceI = 2.000000
inc_x_r = 0.000000, inc_y_r = 1.000000, inc_x_i = 1.000000, inc_y_i = 1.000000
En el else......

----------------------------------------
x = 6.000000, y = 303.000000
avance = -295.000000, avanceR = 2.000000, avanceI = 2.000000
inc_x_r = 0.000000, inc_y_r = 1.000000, inc_x_i = 1.000000, inc_y_i = 1.000000
En el else......

----------------------------------------
x = 6.000000, y = 304.000000
avance = -293.000000, avanceR = 2.000000, avanceI = 2.000000
inc_x_r = 0.000000, inc_y_r = 1.000000, inc_x_i = 1.000000, inc_y_i = 1.000000
En el else......

----------------------------------------
x = 6.000000, y = 305.000000
avance = -291.000000, avanceR = 2.000000, avanceI = 2.000000
inc_x_r = 0.000000, inc_y_r = 1.000000, inc_x_i = 1.000000, inc_y_i = 1.000000
En el else......

----------------------------------------
x = 6.000000, y = 306.000000
avance = -289.000000, avanceR = 2.000000, avanceI = 2.000000
inc_x_r = 0.000000, inc_y_r = 1.000000, inc_x_i = 1.000000, inc_y_i = 1.000000
En el else......

----------------------------------------
x = 6.000000, y = 307.000000
avance = -287.000000, avanceR = 2.000000, avanceI = 2.000000
inc_x_r = 0.000000, inc_y_r = 1.000000, inc_x_i = 1.000000, inc_y_i = 1.000000
En el else......

----------------------------------------
x = 6.000000, y = 308.000000
avance = -285.000000, avanceR = 2.000000, avanceI = 2.000000
inc_x_r = 0.000000, inc_y_r = 1.000000, inc_x_i = 1.000000, inc_y_i = 1.000000
En el else......

----------------------------------------
x = 6.000000, y = 309.000000
avance = -283.000000, avanceR = 2.000000, avanceI = 2.000000
inc_x_r = 0.000000, inc_y_r = 1.000000, inc_x_i = 1.000000, inc_y_i = 1.000000
En el else......

----------------------------------------
x = 6.000000, y = 310.000000
avance = -281.000000, avanceR = 2.000000, avanceI = 2.000000
inc_x_r = 0.000000, inc_y_r = 1.000000, inc_x_i = 1.000000, inc_y_i = 1.000000
En el else......

----------------------------------------
x = 6.000000, y = 311.000000
avance = -279.000000, avanceR = 2.000000, avanceI = 2.000000
inc_x_r = 0.000000, inc_y_r = 1.000000, inc_x_i = 1.000000, inc_y_i = 1.000000
En el else......

----------------------------------------
x = 6.000000, y = 312.000000
avance = -277.000000, avanceR = 2.000000, avanceI = 2.000000
inc_x_r = 0.000000, inc_y_r = 1.000000, inc_x_i = 1.000000, inc_y_i = 1.000000
En el else......

----------------------------------------
x = 6.000000, y = 313.000000
avance = -275.000000, avanceR = 2.000000, avanceI = 2.000000
inc_x_r = 0.000000, inc_y_r = 1.000000, inc_x_i = 1.000000, inc_y_i = 1.000000
En el else......

----------------------------------------
x = 6.000000, y = 314.000000
avance = -273.000000, avanceR = 2.000000, avanceI = 2.000000
inc_x_r = 0.000000, inc_y_r = 1.000000, inc_x_i = 1.000000, inc_y_i = 1.000000
En el else......

----------------------------------------
x = 6.000000, y = 315.000000
avance = -271.000000, avanceR = 2.000000, avanceI = 2.000000
inc_x_r = 0.000000, inc_y_r = 1.000000, inc_x_i = 1.000000, inc_y_i = 1.000000
En el else......

----------------------------------------
x = 6.000000, y = 316.000000
avance = -269.000000, avanceR = 2.000000, avanceI = 2.000000
inc_x_r = 0.000000, inc_y_r = 1.000000, inc_x_i = 1.000000, inc_y_i = 1.000000
En el else......

----------------------------------------
x = 6.000000, y = 317.000000
avance = -267.000000, avanceR = 2.000000, avanceI = 2.000000
inc_x_r = 0.000000, inc_y_r = 1.000000, inc_x_i = 1.000000, inc_y_i = 1.000000
En el else......

----------------------------------------
x = 6.000000, y = 318.000000
avance = -265.000000, avanceR = 2.000000, avanceI = 2.000000
inc_x_r = 0.000000, inc_y_r = 1.000000, inc_x_i = 1.000000, inc_y_i = 1.000000
En el else......

----------------------------------------
x = 6.000000, y = 319.000000
avance = -263.000000, avanceR = 2.000000, avanceI = 2.000000
inc_x_r = 0.000000, inc_y_r = 1.000000, inc_x_i = 1.000000, inc_y_i = 1.000000
En el else......

----------------------------------------
x = 6.000000, y = 320.000000
avance = -261.000000, avanceR = 2.000000, avanceI = 2.000000
inc_x_r = 0.000000, inc_y_r = 1.000000, inc_x_i = 1.000000, inc_y_i = 1.000000
En el else......

----------------------------------------
x = 6.000000, y = 321.000000
avance = -259.000000, avanceR = 2.000000, avanceI = 2.000000
inc_x_r = 0.000000, inc_y_r = 1.000000, inc_x_i = 1.000000, inc_y_i = 1.000000
En el else......

----------------------------------------
x = 6.000000, y = 322.000000
avance = -257.000000, avanceR = 2.000000, avanceI = 2.000000
inc_x_r = 0.000000, inc_y_r = 1.000000, inc_x_i = 1.000000, inc_y_i = 1.000000
En el else......

----------------------------------------
x = 6.000000, y = 323.000000
avance = -255.000000, avanceR = 2.000000, avanceI = 2.000000
inc_x_r = 0.000000, inc_y_r = 1.000000, inc_x_i = 1.000000, inc_y_i = 1.000000
En el else......

----------------------------------------
x = 6.000000, y = 324.000000
avance = -253.000000, avanceR = 2.000000, avanceI = 2.000000
inc_x_r = 0.000000, inc_y_r = 1.000000, inc_x_i = 1.000000, inc_y_i = 1.000000
En el else......

----------------------------------------
x = 6.000000, y = 325.000000
avance = -251.000000, avanceR = 2.000000, avanceI = 2.000000
inc_x_r = 0.000000, inc_y_r = 1.000000, inc_x_i = 1.000000, inc_y_i = 1.000000
En el else......

----------------------------------------


ENTRAMOS A BRESENHAMªªªª
x1 = 5.000000 - y1 = 75.000000 || x2 = 6.000000 - y2 = 326.000000
dy = 251.000000, dx = 1.000000
avances inclinados: inc_x_i = 1.000000, inc_y_i = 1.000000
updated: dy = 251.000000, dx = 1.000000
avances rectos: inc_x_r = 0.000000, inc_y_r 1.000000
reupdated: dy = 1.000000, dx = 251.000000
avanceR = 2.000000, avance -249.000000, avanceI 2.000000
----------------------------------------
x = 5.000000, y = 75.000000
avance = -249.000000, avanceR = 2.000000, avanceI = 2.000000
inc_x_r = 0.000000, inc_y_r = 1.000000, inc_x_i = 1.000000, inc_y_i = 1.000000
En el else......

----------------------------------------
x = 5.000000, y = 76.000000
avance = -247.000000, avanceR = 2.000000, avanceI = 2.000000
inc_x_r = 0.000000, inc_y_r = 1.000000, inc_x_i = 1.000000, inc_y_i = 1.000000
En el else......

----------------------------------------
x = 5.000000, y = 77.000000
avance = -245.000000, avanceR = 2.000000, avanceI = 2.000000
inc_x_r = 0.000000, inc_y_r = 1.000000, inc_x_i = 1.000000, inc_y_i = 1.000000
En el else......

----------------------------------------
x = 5.000000, y = 78.000000
avance = -243.000000, avanceR = 2.000000, avanceI = 2.000000
inc_x_r = 0.000000, inc_y_r = 1.000000, inc_x_i = 1.000000, inc_y_i = 1.000000
En el else......

----------------------------------------
x = 5.000000, y = 79.000000
avance = -241.000000, avanceR = 2.000000, avanceI = 2.000000
inc_x_r = 0.000000, inc_y_r = 1.000000, inc_x_i = 1.000000, inc_y_i = 1.000000
En el else......

----------------------------------------
x = 5.000000, y = 80.000000
avance = -239.000000, avanceR = 2.000000, avanceI = 2.000000
inc_x_r = 0.000000, inc_y_r = 1.000000, inc_x_i = 1.000000, inc_y_i = 1.000000
En el else......

----------------------------------------
x = 5.000000, y = 81.000000
avance = -237.000000, avanceR = 2.000000, avanceI = 2.000000
inc_x_r = 0.000000, inc_y_r = 1.000000, inc_x_i = 1.000000, inc_y_i = 1.000000
En el else......

----------------------------------------
x = 5.000000, y = 82.000000
avance = -235.000000, avanceR = 2.000000, avanceI = 2.000000
inc_x_r = 0.000000, inc_y_r = 1.000000, inc_x_i = 1.000000, inc_y_i = 1.000000
En el else......

----------------------------------------
x = 5.000000, y = 83.000000
avance = -233.000000, avanceR = 2.000000, avanceI = 2.000000
inc_x_r = 0.000000, inc_y_r = 1.000000, inc_x_i = 1.000000, inc_y_i = 1.000000
En el else......

----------------------------------------
x = 5.000000, y = 84.000000
avance = -231.000000, avanceR = 2.000000, avanceI = 2.000000
inc_x_r = 0.000000, inc_y_r = 1.000000, inc_x_i = 1.000000, inc_y_i = 1.000000
En el else......

----------------------------------------
x = 5.000000, y = 85.000000
avance = -229.000000, avanceR = 2.000000, avanceI = 2.000000
inc_x_r = 0.000000, inc_y_r = 1.000000, inc_x_i = 1.000000, inc_y_i = 1.000000
En el else......

----------------------------------------
x = 5.000000, y = 86.000000
avance = -227.000000, avanceR = 2.000000, avanceI = 2.000000
inc_x_r = 0.000000, inc_y_r = 1.000000, inc_x_i = 1.000000, inc_y_i = 1.000000
En el else......

----------------------------------------
x = 5.000000, y = 87.000000
avance = -225.000000, avanceR = 2.000000, avanceI = 2.000000
inc_x_r = 0.000000, inc_y_r = 1.000000, inc_x_i = 1.000000, inc_y_i = 1.000000
En el else......

----------------------------------------
x = 5.000000, y = 88.000000
avance = -223.000000, avanceR = 2.000000, avanceI = 2.000000
inc_x_r = 0.000000, inc_y_r = 1.000000, inc_x_i = 1.000000, inc_y_i = 1.000000
En el else......

----------------------------------------
x = 5.000000, y = 89.000000
avance = -221.000000, avanceR = 2.000000, avanceI = 2.000000
inc_x_r = 0.000000, inc_y_r = 1.000000, inc_x_i = 1.000000, inc_y_i = 1.000000
En el else......

----------------------------------------
x = 5.000000, y = 90.000000
avance = -219.000000, avanceR = 2.000000, avanceI = 2.000000
inc_x_r = 0.000000, inc_y_r = 1.000000, inc_x_i = 1.000000, inc_y_i = 1.000000
En el else......

----------------------------------------
x = 5.000000, y = 91.000000
avance = -217.000000, avanceR = 2.000000, avanceI = 2.000000
inc_x_r = 0.000000, inc_y_r = 1.000000, inc_x_i = 1.000000, inc_y_i = 1.000000
En el else......

----------------------------------------
x = 5.000000, y = 92.000000
avance = -215.000000, avanceR = 2.000000, avanceI = 2.000000
inc_x_r = 0.000000, inc_y_r = 1.000000, inc_x_i = 1.000000, inc_y_i = 1.000000
En el else......

----------------------------------------
x = 5.000000, y = 93.000000
avance = -213.000000, avanceR = 2.000000, avanceI = 2.000000
inc_x_r = 0.000000, inc_y_r = 1.000000, inc_x_i = 1.000000, inc_y_i = 1.000000
En el else......

----------------------------------------
x = 5.000000, y = 94.000000
avance = -211.000000, avanceR = 2.000000, avanceI = 2.000000
inc_x_r = 0.000000, inc_y_r = 1.000000, inc_x_i = 1.000000, inc_y_i = 1.000000
En el else......

----------------------------------------
x = 5.000000, y = 95.000000
avance = -209.000000, avanceR = 2.000000, avanceI = 2.000000
inc_x_r = 0.000000, inc_y_r = 1.000000, inc_x_i = 1.000000, inc_y_i = 1.000000
En el else......

----------------------------------------
x = 5.000000, y = 96.000000
avance = -207.000000, avanceR = 2.000000, avanceI = 2.000000
inc_x_r = 0.000000, inc_y_r = 1.000000, inc_x_i = 1.000000, inc_y_i = 1.000000
En el else......

----------------------------------------
x = 5.000000, y = 97.000000
avance = -205.000000, avanceR = 2.000000, avanceI = 2.000000
inc_x_r = 0.000000, inc_y_r = 1.000000, inc_x_i = 1.000000, inc_y_i = 1.000000
En el else......

----------------------------------------
x = 5.000000, y = 98.000000
avance = -203.000000, avanceR = 2.000000, avanceI = 2.000000
inc_x_r = 0.000000, inc_y_r = 1.000000, inc_x_i = 1.000000, inc_y_i = 1.000000
En el else......

----------------------------------------
x = 5.000000, y = 99.000000
avance = -201.000000, avanceR = 2.000000, avanceI = 2.000000
inc_x_r = 0.000000, inc_y_r = 1.000000, inc_x_i = 1.000000, inc_y_i = 1.000000
En el else......

----------------------------------------
x = 5.000000, y = 100.000000
avance = -199.000000, avanceR = 2.000000, avanceI = 2.000000
inc_x_r = 0.000000, inc_y_r = 1.000000, inc_x_i = 1.000000, inc_y_i = 1.000000
En el else......

----------------------------------------
x = 5.000000, y = 101.000000
avance = -197.000000, avanceR = 2.000000, avanceI = 2.000000
inc_x_r = 0.000000, inc_y_r = 1.000000, inc_x_i = 1.000000, inc_y_i = 1.000000
En el else......

----------------------------------------
x = 5.000000, y = 102.000000
avance = -195.000000, avanceR = 2.000000, avanceI = 2.000000
inc_x_r = 0.000000, inc_y_r = 1.000000, inc_x_i = 1.000000, inc_y_i = 1.000000
En el else......

----------------------------------------
x = 5.000000, y = 103.000000
avance = -193.000000, avanceR = 2.000000, avanceI = 2.000000
inc_x_r = 0.000000, inc_y_r = 1.000000, inc_x_i = 1.000000, inc_y_i = 1.000000
En el else......

----------------------------------------
x = 5.000000, y = 104.000000
avance = -191.000000, avanceR = 2.000000, avanceI = 2.000000
inc_x_r = 0.000000, inc_y_r = 1.000000, inc_x_i = 1.000000, inc_y_i = 1.000000
En el else......

----------------------------------------
x = 5.000000, y = 105.000000
avance = -189.000000, avanceR = 2.000000, avanceI = 2.000000
inc_x_r = 0.000000, inc_y_r = 1.000000, inc_x_i = 1.000000, inc_y_i = 1.000000
En el else......

----------------------------------------
x = 5.000000, y = 106.000000
avance = -187.000000, avanceR = 2.000000, avanceI = 2.000000
inc_x_r = 0.000000, inc_y_r = 1.000000, inc_x_i = 1.000000, inc_y_i = 1.000000
En el else......

----------------------------------------
x = 5.000000, y = 107.000000
avance = -185.000000, avanceR = 2.000000, avanceI = 2.000000
inc_x_r = 0.000000, inc_y_r = 1.000000, inc_x_i = 1.000000, inc_y_i = 1.000000
En el else......

----------------------------------------
x = 5.000000, y = 108.000000
avance = -183.000000, avanceR = 2.000000, avanceI = 2.000000
inc_x_r = 0.000000, inc_y_r = 1.000000, inc_x_i = 1.000000, inc_y_i = 1.000000
En el else......

----------------------------------------
x = 5.000000, y = 109.000000
avance = -181.000000, avanceR = 2.000000, avanceI = 2.000000
inc_x_r = 0.000000, inc_y_r = 1.000000, inc_x_i = 1.000000, inc_y_i = 1.000000
En el else......

----------------------------------------
x = 5.000000, y = 110.000000
avance = -179.000000, avanceR = 2.000000, avanceI = 2.000000
inc_x_r = 0.000000, inc_y_r = 1.000000, inc_x_i = 1.000000, inc_y_i = 1.000000
En el else......

----------------------------------------
x = 5.000000, y = 111.000000
avance = -177.000000, avanceR = 2.000000, avanceI = 2.000000
inc_x_r = 0.000000, inc_y_r = 1.000000, inc_x_i = 1.000000, inc_y_i = 1.000000
En el else......

----------------------------------------
x = 5.000000, y = 112.000000
avance = -175.000000, avanceR = 2.000000, avanceI = 2.000000
inc_x_r = 0.000000, inc_y_r = 1.000000, inc_x_i = 1.000000, inc_y_i = 1.000000
En el else......

----------------------------------------
x = 5.000000, y = 113.000000
avance = -173.000000, avanceR = 2.000000, avanceI = 2.000000
inc_x_r = 0.000000, inc_y_r = 1.000000, inc_x_i = 1.000000, inc_y_i = 1.000000
En el else......

----------------------------------------
x = 5.000000, y = 114.000000
avance = -171.000000, avanceR = 2.000000, avanceI = 2.000000
inc_x_r = 0.000000, inc_y_r = 1.000000, inc_x_i = 1.000000, inc_y_i = 1.000000
En el else......

----------------------------------------
x = 5.000000, y = 115.000000
avance = -169.000000, avanceR = 2.000000, avanceI = 2.000000
inc_x_r = 0.000000, inc_y_r = 1.000000, inc_x_i = 1.000000, inc_y_i = 1.000000
En el else......

----------------------------------------
x = 5.000000, y = 116.000000
avance = -167.000000, avanceR = 2.000000, avanceI = 2.000000
inc_x_r = 0.000000, inc_y_r = 1.000000, inc_x_i = 1.000000, inc_y_i = 1.000000
En el else......

----------------------------------------
x = 5.000000, y = 117.000000
avance = -165.000000, avanceR = 2.000000, avanceI = 2.000000
inc_x_r = 0.000000, inc_y_r = 1.000000, inc_x_i = 1.000000, inc_y_i = 1.000000
En el else......

----------------------------------------
x = 5.000000, y = 118.000000
avance = -163.000000, avanceR = 2.000000, avanceI = 2.000000
inc_x_r = 0.000000, inc_y_r = 1.000000, inc_x_i = 1.000000, inc_y_i = 1.000000
En el else......

----------------------------------------
x = 5.000000, y = 119.000000
avance = -161.000000, avanceR = 2.000000, avanceI = 2.000000
inc_x_r = 0.000000, inc_y_r = 1.000000, inc_x_i = 1.000000, inc_y_i = 1.000000
En el else......

----------------------------------------
x = 5.000000, y = 120.000000
avance = -159.000000, avanceR = 2.000000, avanceI = 2.000000
inc_x_r = 0.000000, inc_y_r = 1.000000, inc_x_i = 1.000000, inc_y_i = 1.000000
En el else......

----------------------------------------
x = 5.000000, y = 121.000000
avance = -157.000000, avanceR = 2.000000, avanceI = 2.000000
inc_x_r = 0.000000, inc_y_r = 1.000000, inc_x_i = 1.000000, inc_y_i = 1.000000
En el else......

----------------------------------------
x = 5.000000, y = 122.000000
avance = -155.000000, avanceR = 2.000000, avanceI = 2.000000
inc_x_r = 0.000000, inc_y_r = 1.000000, inc_x_i = 1.000000, inc_y_i = 1.000000
En el else......

----------------------------------------
x = 5.000000, y = 123.000000
avance = -153.000000, avanceR = 2.000000, avanceI = 2.000000
inc_x_r = 0.000000, inc_y_r = 1.000000, inc_x_i = 1.000000, inc_y_i = 1.000000
En el else......

----------------------------------------
x = 5.000000, y = 124.000000
avance = -151.000000, avanceR = 2.000000, avanceI = 2.000000
inc_x_r = 0.000000, inc_y_r = 1.000000, inc_x_i = 1.000000, inc_y_i = 1.000000
En el else......

----------------------------------------
x = 5.000000, y = 125.000000
avance = -149.000000, avanceR = 2.000000, avanceI = 2.000000
inc_x_r = 0.000000, inc_y_r = 1.000000, inc_x_i = 1.000000, inc_y_i = 1.000000
En el else......

----------------------------------------
x = 5.000000, y = 126.000000
avance = -147.000000, avanceR = 2.000000, avanceI = 2.000000
inc_x_r = 0.000000, inc_y_r = 1.000000, inc_x_i = 1.000000, inc_y_i = 1.000000
En el else......

----------------------------------------
x = 5.000000, y = 127.000000
avance = -145.000000, avanceR = 2.000000, avanceI = 2.000000
inc_x_r = 0.000000, inc_y_r = 1.000000, inc_x_i = 1.000000, inc_y_i = 1.000000
En el else......

----------------------------------------
x = 5.000000, y = 128.000000
avance = -143.000000, avanceR = 2.000000, avanceI = 2.000000
inc_x_r = 0.000000, inc_y_r = 1.000000, inc_x_i = 1.000000, inc_y_i = 1.000000
En el else......

----------------------------------------
x = 5.000000, y = 129.000000
avance = -141.000000, avanceR = 2.000000, avanceI = 2.000000
inc_x_r = 0.000000, inc_y_r = 1.000000, inc_x_i = 1.000000, inc_y_i = 1.000000
En el else......

----------------------------------------
x = 5.000000, y = 130.000000
avance = -139.000000, avanceR = 2.000000, avanceI = 2.000000
inc_x_r = 0.000000, inc_y_r = 1.000000, inc_x_i = 1.000000, inc_y_i = 1.000000
En el else......

----------------------------------------
x = 5.000000, y = 131.000000
avance = -137.000000, avanceR = 2.000000, avanceI = 2.000000
inc_x_r = 0.000000, inc_y_r = 1.000000, inc_x_i = 1.000000, inc_y_i = 1.000000
En el else......

----------------------------------------
x = 5.000000, y = 132.000000
avance = -135.000000, avanceR = 2.000000, avanceI = 2.000000
inc_x_r = 0.000000, inc_y_r = 1.000000, inc_x_i = 1.000000, inc_y_i = 1.000000
En el else......

----------------------------------------
x = 5.000000, y = 133.000000
avance = -133.000000, avanceR = 2.000000, avanceI = 2.000000
inc_x_r = 0.000000, inc_y_r = 1.000000, inc_x_i = 1.000000, inc_y_i = 1.000000
En el else......

----------------------------------------
x = 5.000000, y = 134.000000
avance = -131.000000, avanceR = 2.000000, avanceI = 2.000000
inc_x_r = 0.000000, inc_y_r = 1.000000, inc_x_i = 1.000000, inc_y_i = 1.000000
En el else......

----------------------------------------
x = 5.000000, y = 135.000000
avance = -129.000000, avanceR = 2.000000, avanceI = 2.000000
inc_x_r = 0.000000, inc_y_r = 1.000000, inc_x_i = 1.000000, inc_y_i = 1.000000
En el else......

----------------------------------------
x = 5.000000, y = 136.000000
avance = -127.000000, avanceR = 2.000000, avanceI = 2.000000
inc_x_r = 0.000000, inc_y_r = 1.000000, inc_x_i = 1.000000, inc_y_i = 1.000000
En el else......

----------------------------------------
x = 5.000000, y = 137.000000
avance = -125.000000, avanceR = 2.000000, avanceI = 2.000000
inc_x_r = 0.000000, inc_y_r = 1.000000, inc_x_i = 1.000000, inc_y_i = 1.000000
En el else......

----------------------------------------
x = 5.000000, y = 138.000000
avance = -123.000000, avanceR = 2.000000, avanceI = 2.000000
inc_x_r = 0.000000, inc_y_r = 1.000000, inc_x_i = 1.000000, inc_y_i = 1.000000
En el else......

----------------------------------------
x = 5.000000, y = 139.000000
avance = -121.000000, avanceR = 2.000000, avanceI = 2.000000
inc_x_r = 0.000000, inc_y_r = 1.000000, inc_x_i = 1.000000, inc_y_i = 1.000000
En el else......

----------------------------------------
x = 5.000000, y = 140.000000
avance = -119.000000, avanceR = 2.000000, avanceI = 2.000000
inc_x_r = 0.000000, inc_y_r = 1.000000, inc_x_i = 1.000000, inc_y_i = 1.000000
En el else......

----------------------------------------
x = 5.000000, y = 141.000000
avance = -117.000000, avanceR = 2.000000, avanceI = 2.000000
inc_x_r = 0.000000, inc_y_r = 1.000000, inc_x_i = 1.000000, inc_y_i = 1.000000
En el else......

----------------------------------------
x = 5.000000, y = 142.000000
avance = -115.000000, avanceR = 2.000000, avanceI = 2.000000
inc_x_r = 0.000000, inc_y_r = 1.000000, inc_x_i = 1.000000, inc_y_i = 1.000000
En el else......

----------------------------------------
x = 5.000000, y = 143.000000
avance = -113.000000, avanceR = 2.000000, avanceI = 2.000000
inc_x_r = 0.000000, inc_y_r = 1.000000, inc_x_i = 1.000000, inc_y_i = 1.000000
En el else......

----------------------------------------
x = 5.000000, y = 144.000000
avance = -111.000000, avanceR = 2.000000, avanceI = 2.000000
inc_x_r = 0.000000, inc_y_r = 1.000000, inc_x_i = 1.000000, inc_y_i = 1.000000
En el else......

----------------------------------------
x = 5.000000, y = 145.000000
avance = -109.000000, avanceR = 2.000000, avanceI = 2.000000
inc_x_r = 0.000000, inc_y_r = 1.000000, inc_x_i = 1.000000, inc_y_i = 1.000000
En el else......

----------------------------------------
x = 5.000000, y = 146.000000
avance = -107.000000, avanceR = 2.000000, avanceI = 2.000000
inc_x_r = 0.000000, inc_y_r = 1.000000, inc_x_i = 1.000000, inc_y_i = 1.000000
En el else......

----------------------------------------
x = 5.000000, y = 147.000000
avance = -105.000000, avanceR = 2.000000, avanceI = 2.000000
inc_x_r = 0.000000, inc_y_r = 1.000000, inc_x_i = 1.000000, inc_y_i = 1.000000
En el else......

----------------------------------------
x = 5.000000, y = 148.000000
avance = -103.000000, avanceR = 2.000000, avanceI = 2.000000
inc_x_r = 0.000000, inc_y_r = 1.000000, inc_x_i = 1.000000, inc_y_i = 1.000000
En el else......

----------------------------------------
x = 5.000000, y = 149.000000
avance = -101.000000, avanceR = 2.000000, avanceI = 2.000000
inc_x_r = 0.000000, inc_y_r = 1.000000, inc_x_i = 1.000000, inc_y_i = 1.000000
En el else......

----------------------------------------
x = 5.000000, y = 150.000000
avance = -99.000000, avanceR = 2.000000, avanceI = 2.000000
inc_x_r = 0.000000, inc_y_r = 1.000000, inc_x_i = 1.000000, inc_y_i = 1.000000
En el else......

----------------------------------------
x = 5.000000, y = 151.000000
avance = -97.000000, avanceR = 2.000000, avanceI = 2.000000
inc_x_r = 0.000000, inc_y_r = 1.000000, inc_x_i = 1.000000, inc_y_i = 1.000000
En el else......

----------------------------------------
x = 5.000000, y = 152.000000
avance = -95.000000, avanceR = 2.000000, avanceI = 2.000000
inc_x_r = 0.000000, inc_y_r = 1.000000, inc_x_i = 1.000000, inc_y_i = 1.000000
En el else......

----------------------------------------
x = 5.000000, y = 153.000000
avance = -93.000000, avanceR = 2.000000, avanceI = 2.000000
inc_x_r = 0.000000, inc_y_r = 1.000000, inc_x_i = 1.000000, inc_y_i = 1.000000
En el else......

----------------------------------------
x = 5.000000, y = 154.000000
avance = -91.000000, avanceR = 2.000000, avanceI = 2.000000
inc_x_r = 0.000000, inc_y_r = 1.000000, inc_x_i = 1.000000, inc_y_i = 1.000000
En el else......

----------------------------------------
x = 5.000000, y = 155.000000
avance = -89.000000, avanceR = 2.000000, avanceI = 2.000000
inc_x_r = 0.000000, inc_y_r = 1.000000, inc_x_i = 1.000000, inc_y_i = 1.000000
En el else......

----------------------------------------
x = 5.000000, y = 156.000000
avance = -87.000000, avanceR = 2.000000, avanceI = 2.000000
inc_x_r = 0.000000, inc_y_r = 1.000000, inc_x_i = 1.000000, inc_y_i = 1.000000
En el else......

----------------------------------------
x = 5.000000, y = 157.000000
avance = -85.000000, avanceR = 2.000000, avanceI = 2.000000
inc_x_r = 0.000000, inc_y_r = 1.000000, inc_x_i = 1.000000, inc_y_i = 1.000000
En el else......

----------------------------------------
x = 5.000000, y = 158.000000
avance = -83.000000, avanceR = 2.000000, avanceI = 2.000000
inc_x_r = 0.000000, inc_y_r = 1.000000, inc_x_i = 1.000000, inc_y_i = 1.000000
En el else......

----------------------------------------
x = 5.000000, y = 159.000000
avance = -81.000000, avanceR = 2.000000, avanceI = 2.000000
inc_x_r = 0.000000, inc_y_r = 1.000000, inc_x_i = 1.000000, inc_y_i = 1.000000
En el else......

----------------------------------------
x = 5.000000, y = 160.000000
avance = -79.000000, avanceR = 2.000000, avanceI = 2.000000
inc_x_r = 0.000000, inc_y_r = 1.000000, inc_x_i = 1.000000, inc_y_i = 1.000000
En el else......

----------------------------------------
x = 5.000000, y = 161.000000
avance = -77.000000, avanceR = 2.000000, avanceI = 2.000000
inc_x_r = 0.000000, inc_y_r = 1.000000, inc_x_i = 1.000000, inc_y_i = 1.000000
En el else......

----------------------------------------
x = 5.000000, y = 162.000000
avance = -75.000000, avanceR = 2.000000, avanceI = 2.000000
inc_x_r = 0.000000, inc_y_r = 1.000000, inc_x_i = 1.000000, inc_y_i = 1.000000
En el else......

----------------------------------------
x = 5.000000, y = 163.000000
avance = -73.000000, avanceR = 2.000000, avanceI = 2.000000
inc_x_r = 0.000000, inc_y_r = 1.000000, inc_x_i = 1.000000, inc_y_i = 1.000000
En el else......

----------------------------------------
x = 5.000000, y = 164.000000
avance = -71.000000, avanceR = 2.000000, avanceI = 2.000000
inc_x_r = 0.000000, inc_y_r = 1.000000, inc_x_i = 1.000000, inc_y_i = 1.000000
En el else......

----------------------------------------
x = 5.000000, y = 165.000000
avance = -69.000000, avanceR = 2.000000, avanceI = 2.000000
inc_x_r = 0.000000, inc_y_r = 1.000000, inc_x_i = 1.000000, inc_y_i = 1.000000
En el else......

----------------------------------------
x = 5.000000, y = 166.000000
avance = -67.000000, avanceR = 2.000000, avanceI = 2.000000
inc_x_r = 0.000000, inc_y_r = 1.000000, inc_x_i = 1.000000, inc_y_i = 1.000000
En el else......

----------------------------------------
x = 5.000000, y = 167.000000
avance = -65.000000, avanceR = 2.000000, avanceI = 2.000000
inc_x_r = 0.000000, inc_y_r = 1.000000, inc_x_i = 1.000000, inc_y_i = 1.000000
En el else......

----------------------------------------
x = 5.000000, y = 168.000000
avance = -63.000000, avanceR = 2.000000, avanceI = 2.000000
inc_x_r = 0.000000, inc_y_r = 1.000000, inc_x_i = 1.000000, inc_y_i = 1.000000
En el else......

----------------------------------------
x = 5.000000, y = 169.000000
avance = -61.000000, avanceR = 2.000000, avanceI = 2.000000
inc_x_r = 0.000000, inc_y_r = 1.000000, inc_x_i = 1.000000, inc_y_i = 1.000000
En el else......

----------------------------------------
x = 5.000000, y = 170.000000
avance = -59.000000, avanceR = 2.000000, avanceI = 2.000000
inc_x_r = 0.000000, inc_y_r = 1.000000, inc_x_i = 1.000000, inc_y_i = 1.000000
En el else......

----------------------------------------
x = 5.000000, y = 171.000000
avance = -57.000000, avanceR = 2.000000, avanceI = 2.000000
inc_x_r = 0.000000, inc_y_r = 1.000000, inc_x_i = 1.000000, inc_y_i = 1.000000
En el else......

----------------------------------------
x = 5.000000, y = 172.000000
avance = -55.000000, avanceR = 2.000000, avanceI = 2.000000
inc_x_r = 0.000000, inc_y_r = 1.000000, inc_x_i = 1.000000, inc_y_i = 1.000000
En el else......

----------------------------------------
x = 5.000000, y = 173.000000
avance = -53.000000, avanceR = 2.000000, avanceI = 2.000000
inc_x_r = 0.000000, inc_y_r = 1.000000, inc_x_i = 1.000000, inc_y_i = 1.000000
En el else......

----------------------------------------
x = 5.000000, y = 174.000000
avance = -51.000000, avanceR = 2.000000, avanceI = 2.000000
inc_x_r = 0.000000, inc_y_r = 1.000000, inc_x_i = 1.000000, inc_y_i = 1.000000
En el else......

----------------------------------------
x = 5.000000, y = 175.000000
avance = -49.000000, avanceR = 2.000000, avanceI = 2.000000
inc_x_r = 0.000000, inc_y_r = 1.000000, inc_x_i = 1.000000, inc_y_i = 1.000000
En el else......

----------------------------------------
x = 5.000000, y = 176.000000
avance = -47.000000, avanceR = 2.000000, avanceI = 2.000000
inc_x_r = 0.000000, inc_y_r = 1.000000, inc_x_i = 1.000000, inc_y_i = 1.000000
En el else......

----------------------------------------
x = 5.000000, y = 177.000000
avance = -45.000000, avanceR = 2.000000, avanceI = 2.000000
inc_x_r = 0.000000, inc_y_r = 1.000000, inc_x_i = 1.000000, inc_y_i = 1.000000
En el else......

----------------------------------------
x = 5.000000, y = 178.000000
avance = -43.000000, avanceR = 2.000000, avanceI = 2.000000
inc_x_r = 0.000000, inc_y_r = 1.000000, inc_x_i = 1.000000, inc_y_i = 1.000000
En el else......

----------------------------------------
x = 5.000000, y = 179.000000
avance = -41.000000, avanceR = 2.000000, avanceI = 2.000000
inc_x_r = 0.000000, inc_y_r = 1.000000, inc_x_i = 1.000000, inc_y_i = 1.000000
En el else......

----------------------------------------
x = 5.000000, y = 180.000000
avance = -39.000000, avanceR = 2.000000, avanceI = 2.000000
inc_x_r = 0.000000, inc_y_r = 1.000000, inc_x_i = 1.000000, inc_y_i = 1.000000
En el else......

----------------------------------------
x = 5.000000, y = 181.000000
avance = -37.000000, avanceR = 2.000000, avanceI = 2.000000
inc_x_r = 0.000000, inc_y_r = 1.000000, inc_x_i = 1.000000, inc_y_i = 1.000000
En el else......

----------------------------------------
x = 5.000000, y = 182.000000
avance = -35.000000, avanceR = 2.000000, avanceI = 2.000000
inc_x_r = 0.000000, inc_y_r = 1.000000, inc_x_i = 1.000000, inc_y_i = 1.000000
En el else......

----------------------------------------
x = 5.000000, y = 183.000000
avance = -33.000000, avanceR = 2.000000, avanceI = 2.000000
inc_x_r = 0.000000, inc_y_r = 1.000000, inc_x_i = 1.000000, inc_y_i = 1.000000
En el else......

----------------------------------------
x = 5.000000, y = 184.000000
avance = -31.000000, avanceR = 2.000000, avanceI = 2.000000
inc_x_r = 0.000000, inc_y_r = 1.000000, inc_x_i = 1.000000, inc_y_i = 1.000000
En el else......

----------------------------------------
x = 5.000000, y = 185.000000
avance = -29.000000, avanceR = 2.000000, avanceI = 2.000000
inc_x_r = 0.000000, inc_y_r = 1.000000, inc_x_i = 1.000000, inc_y_i = 1.000000
En el else......

----------------------------------------
x = 5.000000, y = 186.000000
avance = -27.000000, avanceR = 2.000000, avanceI = 2.000000
inc_x_r = 0.000000, inc_y_r = 1.000000, inc_x_i = 1.000000, inc_y_i = 1.000000
En el else......

----------------------------------------
x = 5.000000, y = 187.000000
avance = -25.000000, avanceR = 2.000000, avanceI = 2.000000
inc_x_r = 0.000000, inc_y_r = 1.000000, inc_x_i = 1.000000, inc_y_i = 1.000000
En el else......

----------------------------------------
x = 5.000000, y = 188.000000
avance = -23.000000, avanceR = 2.000000, avanceI = 2.000000
inc_x_r = 0.000000, inc_y_r = 1.000000, inc_x_i = 1.000000, inc_y_i = 1.000000
En el else......

----------------------------------------
x = 5.000000, y = 189.000000
avance = -21.000000, avanceR = 2.000000, avanceI = 2.000000
inc_x_r = 0.000000, inc_y_r = 1.000000, inc_x_i = 1.000000, inc_y_i = 1.000000
En el else......

----------------------------------------
x = 5.000000, y = 190.000000
avance = -19.000000, avanceR = 2.000000, avanceI = 2.000000
inc_x_r = 0.000000, inc_y_r = 1.000000, inc_x_i = 1.000000, inc_y_i = 1.000000
En el else......

----------------------------------------
x = 5.000000, y = 191.000000
avance = -17.000000, avanceR = 2.000000, avanceI = 2.000000
inc_x_r = 0.000000, inc_y_r = 1.000000, inc_x_i = 1.000000, inc_y_i = 1.000000
En el else......

----------------------------------------
x = 5.000000, y = 192.000000
avance = -15.000000, avanceR = 2.000000, avanceI = 2.000000
inc_x_r = 0.000000, inc_y_r = 1.000000, inc_x_i = 1.000000, inc_y_i = 1.000000
En el else......

----------------------------------------
x = 5.000000, y = 193.000000
avance = -13.000000, avanceR = 2.000000, avanceI = 2.000000
inc_x_r = 0.000000, inc_y_r = 1.000000, inc_x_i = 1.000000, inc_y_i = 1.000000
En el else......

----------------------------------------
x = 5.000000, y = 194.000000
avance = -11.000000, avanceR = 2.000000, avanceI = 2.000000
inc_x_r = 0.000000, inc_y_r = 1.000000, inc_x_i = 1.000000, inc_y_i = 1.000000
En el else......

----------------------------------------
x = 5.000000, y = 195.000000
avance = -9.000000, avanceR = 2.000000, avanceI = 2.000000
inc_x_r = 0.000000, inc_y_r = 1.000000, inc_x_i = 1.000000, inc_y_i = 1.000000
En el else......

----------------------------------------
x = 5.000000, y = 196.000000
avance = -7.000000, avanceR = 2.000000, avanceI = 2.000000
inc_x_r = 0.000000, inc_y_r = 1.000000, inc_x_i = 1.000000, inc_y_i = 1.000000
En el else......

----------------------------------------
x = 5.000000, y = 197.000000
avance = -5.000000, avanceR = 2.000000, avanceI = 2.000000
inc_x_r = 0.000000, inc_y_r = 1.000000, inc_x_i = 1.000000, inc_y_i = 1.000000
En el else......

----------------------------------------
x = 5.000000, y = 198.000000
avance = -3.000000, avanceR = 2.000000, avanceI = 2.000000
inc_x_r = 0.000000, inc_y_r = 1.000000, inc_x_i = 1.000000, inc_y_i = 1.000000
En el else......

----------------------------------------
x = 5.000000, y = 199.000000
avance = -1.000000, avanceR = 2.000000, avanceI = 2.000000
inc_x_r = 0.000000, inc_y_r = 1.000000, inc_x_i = 1.000000, inc_y_i = 1.000000
En el else......

----------------------------------------
x = 5.000000, y = 200.000000
avance = 1.000000, avanceR = 2.000000, avanceI = 2.000000
inc_x_r = 0.000000, inc_y_r = 1.000000, inc_x_i = 1.000000, inc_y_i = 1.000000
avance >= 0

----------------------------------------
x = 6.000000, y = 201.000000
avance = -499.000000, avanceR = 2.000000, avanceI = 2.000000
inc_x_r = 0.000000, inc_y_r = 1.000000, inc_x_i = 1.000000, inc_y_i = 1.000000
En el else......

----------------------------------------
x = 6.000000, y = 202.000000
avance = -497.000000, avanceR = 2.000000, avanceI = 2.000000
inc_x_r = 0.000000, inc_y_r = 1.000000, inc_x_i = 1.000000, inc_y_i = 1.000000
En el else......

----------------------------------------
x = 6.000000, y = 203.000000
avance = -495.000000, avanceR = 2.000000, avanceI = 2.000000
inc_x_r = 0.000000, inc_y_r = 1.000000, inc_x_i = 1.000000, inc_y_i = 1.000000
En el else......

----------------------------------------
x = 6.000000, y = 204.000000
avance = -493.000000, avanceR = 2.000000, avanceI = 2.000000
inc_x_r = 0.000000, inc_y_r = 1.000000, inc_x_i = 1.000000, inc_y_i = 1.000000
En el else......

----------------------------------------
x = 6.000000, y = 205.000000
avance = -491.000000, avanceR = 2.000000, avanceI = 2.000000
inc_x_r = 0.000000, inc_y_r = 1.000000, inc_x_i = 1.000000, inc_y_i = 1.000000
En el else......

----------------------------------------
x = 6.000000, y = 206.000000
avance = -489.000000, avanceR = 2.000000, avanceI = 2.000000
inc_x_r = 0.000000, inc_y_r = 1.000000, inc_x_i = 1.000000, inc_y_i = 1.000000
En el else......

----------------------------------------
x = 6.000000, y = 207.000000
avance = -487.000000, avanceR = 2.000000, avanceI = 2.000000
inc_x_r = 0.000000, inc_y_r = 1.000000, inc_x_i = 1.000000, inc_y_i = 1.000000
En el else......

----------------------------------------
x = 6.000000, y = 208.000000
avance = -485.000000, avanceR = 2.000000, avanceI = 2.000000
inc_x_r = 0.000000, inc_y_r = 1.000000, inc_x_i = 1.000000, inc_y_i = 1.000000
En el else......

----------------------------------------
x = 6.000000, y = 209.000000
avance = -483.000000, avanceR = 2.000000, avanceI = 2.000000
inc_x_r = 0.000000, inc_y_r = 1.000000, inc_x_i = 1.000000, inc_y_i = 1.000000
En el else......

----------------------------------------
x = 6.000000, y = 210.000000
avance = -481.000000, avanceR = 2.000000, avanceI = 2.000000
inc_x_r = 0.000000, inc_y_r = 1.000000, inc_x_i = 1.000000, inc_y_i = 1.000000
En el else......

----------------------------------------
x = 6.000000, y = 211.000000
avance = -479.000000, avanceR = 2.000000, avanceI = 2.000000
inc_x_r = 0.000000, inc_y_r = 1.000000, inc_x_i = 1.000000, inc_y_i = 1.000000
En el else......

----------------------------------------
x = 6.000000, y = 212.000000
avance = -477.000000, avanceR = 2.000000, avanceI = 2.000000
inc_x_r = 0.000000, inc_y_r = 1.000000, inc_x_i = 1.000000, inc_y_i = 1.000000
En el else......

----------------------------------------
x = 6.000000, y = 213.000000
avance = -475.000000, avanceR = 2.000000, avanceI = 2.000000
inc_x_r = 0.000000, inc_y_r = 1.000000, inc_x_i = 1.000000, inc_y_i = 1.000000
En el else......

----------------------------------------
x = 6.000000, y = 214.000000
avance = -473.000000, avanceR = 2.000000, avanceI = 2.000000
inc_x_r = 0.000000, inc_y_r = 1.000000, inc_x_i = 1.000000, inc_y_i = 1.000000
En el else......

----------------------------------------
x = 6.000000, y = 215.000000
avance = -471.000000, avanceR = 2.000000, avanceI = 2.000000
inc_x_r = 0.000000, inc_y_r = 1.000000, inc_x_i = 1.000000, inc_y_i = 1.000000
En el else......

----------------------------------------
x = 6.000000, y = 216.000000
avance = -469.000000, avanceR = 2.000000, avanceI = 2.000000
inc_x_r = 0.000000, inc_y_r = 1.000000, inc_x_i = 1.000000, inc_y_i = 1.000000
En el else......

----------------------------------------
x = 6.000000, y = 217.000000
avance = -467.000000, avanceR = 2.000000, avanceI = 2.000000
inc_x_r = 0.000000, inc_y_r = 1.000000, inc_x_i = 1.000000, inc_y_i = 1.000000
En el else......

----------------------------------------
x = 6.000000, y = 218.000000
avance = -465.000000, avanceR = 2.000000, avanceI = 2.000000
inc_x_r = 0.000000, inc_y_r = 1.000000, inc_x_i = 1.000000, inc_y_i = 1.000000
En el else......

----------------------------------------
x = 6.000000, y = 219.000000
avance = -463.000000, avanceR = 2.000000, avanceI = 2.000000
inc_x_r = 0.000000, inc_y_r = 1.000000, inc_x_i = 1.000000, inc_y_i = 1.000000
En el else......

----------------------------------------
x = 6.000000, y = 220.000000
avance = -461.000000, avanceR = 2.000000, avanceI = 2.000000
inc_x_r = 0.000000, inc_y_r = 1.000000, inc_x_i = 1.000000, inc_y_i = 1.000000
En el else......

----------------------------------------
x = 6.000000, y = 221.000000
avance = -459.000000, avanceR = 2.000000, avanceI = 2.000000
inc_x_r = 0.000000, inc_y_r = 1.000000, inc_x_i = 1.000000, inc_y_i = 1.000000
En el else......

----------------------------------------
x = 6.000000, y = 222.000000
avance = -457.000000, avanceR = 2.000000, avanceI = 2.000000
inc_x_r = 0.000000, inc_y_r = 1.000000, inc_x_i = 1.000000, inc_y_i = 1.000000
En el else......

----------------------------------------
x = 6.000000, y = 223.000000
avance = -455.000000, avanceR = 2.000000, avanceI = 2.000000
inc_x_r = 0.000000, inc_y_r = 1.000000, inc_x_i = 1.000000, inc_y_i = 1.000000
En el else......

----------------------------------------
x = 6.000000, y = 224.000000
avance = -453.000000, avanceR = 2.000000, avanceI = 2.000000
inc_x_r = 0.000000, inc_y_r = 1.000000, inc_x_i = 1.000000, inc_y_i = 1.000000
En el else......

----------------------------------------
x = 6.000000, y = 225.000000
avance = -451.000000, avanceR = 2.000000, avanceI = 2.000000
inc_x_r = 0.000000, inc_y_r = 1.000000, inc_x_i = 1.000000, inc_y_i = 1.000000
En el else......

----------------------------------------
x = 6.000000, y = 226.000000
avance = -449.000000, avanceR = 2.000000, avanceI = 2.000000
inc_x_r = 0.000000, inc_y_r = 1.000000, inc_x_i = 1.000000, inc_y_i = 1.000000
En el else......

----------------------------------------
x = 6.000000, y = 227.000000
avance = -447.000000, avanceR = 2.000000, avanceI = 2.000000
inc_x_r = 0.000000, inc_y_r = 1.000000, inc_x_i = 1.000000, inc_y_i = 1.000000
En el else......

----------------------------------------
x = 6.000000, y = 228.000000
avance = -445.000000, avanceR = 2.000000, avanceI = 2.000000
inc_x_r = 0.000000, inc_y_r = 1.000000, inc_x_i = 1.000000, inc_y_i = 1.000000
En el else......

----------------------------------------
x = 6.000000, y = 229.000000
avance = -443.000000, avanceR = 2.000000, avanceI = 2.000000
inc_x_r = 0.000000, inc_y_r = 1.000000, inc_x_i = 1.000000, inc_y_i = 1.000000
En el else......

----------------------------------------
x = 6.000000, y = 230.000000
avance = -441.000000, avanceR = 2.000000, avanceI = 2.000000
inc_x_r = 0.000000, inc_y_r = 1.000000, inc_x_i = 1.000000, inc_y_i = 1.000000
En el else......

----------------------------------------
x = 6.000000, y = 231.000000
avance = -439.000000, avanceR = 2.000000, avanceI = 2.000000
inc_x_r = 0.000000, inc_y_r = 1.000000, inc_x_i = 1.000000, inc_y_i = 1.000000
En el else......

----------------------------------------
x = 6.000000, y = 232.000000
avance = -437.000000, avanceR = 2.000000, avanceI = 2.000000
inc_x_r = 0.000000, inc_y_r = 1.000000, inc_x_i = 1.000000, inc_y_i = 1.000000
En el else......

----------------------------------------
x = 6.000000, y = 233.000000
avance = -435.000000, avanceR = 2.000000, avanceI = 2.000000
inc_x_r = 0.000000, inc_y_r = 1.000000, inc_x_i = 1.000000, inc_y_i = 1.000000
En el else......

----------------------------------------
x = 6.000000, y = 234.000000
avance = -433.000000, avanceR = 2.000000, avanceI = 2.000000
inc_x_r = 0.000000, inc_y_r = 1.000000, inc_x_i = 1.000000, inc_y_i = 1.000000
En el else......

----------------------------------------
x = 6.000000, y = 235.000000
avance = -431.000000, avanceR = 2.000000, avanceI = 2.000000
inc_x_r = 0.000000, inc_y_r = 1.000000, inc_x_i = 1.000000, inc_y_i = 1.000000
En el else......

----------------------------------------
x = 6.000000, y = 236.000000
avance = -429.000000, avanceR = 2.000000, avanceI = 2.000000
inc_x_r = 0.000000, inc_y_r = 1.000000, inc_x_i = 1.000000, inc_y_i = 1.000000
En el else......

----------------------------------------
x = 6.000000, y = 237.000000
avance = -427.000000, avanceR = 2.000000, avanceI = 2.000000
inc_x_r = 0.000000, inc_y_r = 1.000000, inc_x_i = 1.000000, inc_y_i = 1.000000
En el else......

----------------------------------------
x = 6.000000, y = 238.000000
avance = -425.000000, avanceR = 2.000000, avanceI = 2.000000
inc_x_r = 0.000000, inc_y_r = 1.000000, inc_x_i = 1.000000, inc_y_i = 1.000000
En el else......

----------------------------------------
x = 6.000000, y = 239.000000
avance = -423.000000, avanceR = 2.000000, avanceI = 2.000000
inc_x_r = 0.000000, inc_y_r = 1.000000, inc_x_i = 1.000000, inc_y_i = 1.000000
En el else......

----------------------------------------
x = 6.000000, y = 240.000000
avance = -421.000000, avanceR = 2.000000, avanceI = 2.000000
inc_x_r = 0.000000, inc_y_r = 1.000000, inc_x_i = 1.000000, inc_y_i = 1.000000
En el else......

----------------------------------------
x = 6.000000, y = 241.000000
avance = -419.000000, avanceR = 2.000000, avanceI = 2.000000
inc_x_r = 0.000000, inc_y_r = 1.000000, inc_x_i = 1.000000, inc_y_i = 1.000000
En el else......

----------------------------------------
x = 6.000000, y = 242.000000
avance = -417.000000, avanceR = 2.000000, avanceI = 2.000000
inc_x_r = 0.000000, inc_y_r = 1.000000, inc_x_i = 1.000000, inc_y_i = 1.000000
En el else......

----------------------------------------
x = 6.000000, y = 243.000000
avance = -415.000000, avanceR = 2.000000, avanceI = 2.000000
inc_x_r = 0.000000, inc_y_r = 1.000000, inc_x_i = 1.000000, inc_y_i = 1.000000
En el else......

----------------------------------------
x = 6.000000, y = 244.000000
avance = -413.000000, avanceR = 2.000000, avanceI = 2.000000
inc_x_r = 0.000000, inc_y_r = 1.000000, inc_x_i = 1.000000, inc_y_i = 1.000000
En el else......

----------------------------------------
x = 6.000000, y = 245.000000
avance = -411.000000, avanceR = 2.000000, avanceI = 2.000000
inc_x_r = 0.000000, inc_y_r = 1.000000, inc_x_i = 1.000000, inc_y_i = 1.000000
En el else......

----------------------------------------
x = 6.000000, y = 246.000000
avance = -409.000000, avanceR = 2.000000, avanceI = 2.000000
inc_x_r = 0.000000, inc_y_r = 1.000000, inc_x_i = 1.000000, inc_y_i = 1.000000
En el else......

----------------------------------------
x = 6.000000, y = 247.000000
avance = -407.000000, avanceR = 2.000000, avanceI = 2.000000
inc_x_r = 0.000000, inc_y_r = 1.000000, inc_x_i = 1.000000, inc_y_i = 1.000000
En el else......

----------------------------------------
x = 6.000000, y = 248.000000
avance = -405.000000, avanceR = 2.000000, avanceI = 2.000000
inc_x_r = 0.000000, inc_y_r = 1.000000, inc_x_i = 1.000000, inc_y_i = 1.000000
En el else......

----------------------------------------
x = 6.000000, y = 249.000000
avance = -403.000000, avanceR = 2.000000, avanceI = 2.000000
inc_x_r = 0.000000, inc_y_r = 1.000000, inc_x_i = 1.000000, inc_y_i = 1.000000
En el else......

----------------------------------------
x = 6.000000, y = 250.000000
avance = -401.000000, avanceR = 2.000000, avanceI = 2.000000
inc_x_r = 0.000000, inc_y_r = 1.000000, inc_x_i = 1.000000, inc_y_i = 1.000000
En el else......

----------------------------------------
x = 6.000000, y = 251.000000
avance = -399.000000, avanceR = 2.000000, avanceI = 2.000000
inc_x_r = 0.000000, inc_y_r = 1.000000, inc_x_i = 1.000000, inc_y_i = 1.000000
En el else......

----------------------------------------
x = 6.000000, y = 252.000000
avance = -397.000000, avanceR = 2.000000, avanceI = 2.000000
inc_x_r = 0.000000, inc_y_r = 1.000000, inc_x_i = 1.000000, inc_y_i = 1.000000
En el else......

----------------------------------------
x = 6.000000, y = 253.000000
avance = -395.000000, avanceR = 2.000000, avanceI = 2.000000
inc_x_r = 0.000000, inc_y_r = 1.000000, inc_x_i = 1.000000, inc_y_i = 1.000000
En el else......

----------------------------------------
x = 6.000000, y = 254.000000
avance = -393.000000, avanceR = 2.000000, avanceI = 2.000000
inc_x_r = 0.000000, inc_y_r = 1.000000, inc_x_i = 1.000000, inc_y_i = 1.000000
En el else......

----------------------------------------
x = 6.000000, y = 255.000000
avance = -391.000000, avanceR = 2.000000, avanceI = 2.000000
inc_x_r = 0.000000, inc_y_r = 1.000000, inc_x_i = 1.000000, inc_y_i = 1.000000
En el else......

----------------------------------------
x = 6.000000, y = 256.000000
avance = -389.000000, avanceR = 2.000000, avanceI = 2.000000
inc_x_r = 0.000000, inc_y_r = 1.000000, inc_x_i = 1.000000, inc_y_i = 1.000000
En el else......

----------------------------------------
x = 6.000000, y = 257.000000
avance = -387.000000, avanceR = 2.000000, avanceI = 2.000000
inc_x_r = 0.000000, inc_y_r = 1.000000, inc_x_i = 1.000000, inc_y_i = 1.000000
En el else......

----------------------------------------
x = 6.000000, y = 258.000000
avance = -385.000000, avanceR = 2.000000, avanceI = 2.000000
inc_x_r = 0.000000, inc_y_r = 1.000000, inc_x_i = 1.000000, inc_y_i = 1.000000
En el else......

----------------------------------------
x = 6.000000, y = 259.000000
avance = -383.000000, avanceR = 2.000000, avanceI = 2.000000
inc_x_r = 0.000000, inc_y_r = 1.000000, inc_x_i = 1.000000, inc_y_i = 1.000000
En el else......

----------------------------------------
x = 6.000000, y = 260.000000
avance = -381.000000, avanceR = 2.000000, avanceI = 2.000000
inc_x_r = 0.000000, inc_y_r = 1.000000, inc_x_i = 1.000000, inc_y_i = 1.000000
En el else......

----------------------------------------
x = 6.000000, y = 261.000000
avance = -379.000000, avanceR = 2.000000, avanceI = 2.000000
inc_x_r = 0.000000, inc_y_r = 1.000000, inc_x_i = 1.000000, inc_y_i = 1.000000
En el else......

----------------------------------------
x = 6.000000, y = 262.000000
avance = -377.000000, avanceR = 2.000000, avanceI = 2.000000
inc_x_r = 0.000000, inc_y_r = 1.000000, inc_x_i = 1.000000, inc_y_i = 1.000000
En el else......

----------------------------------------
x = 6.000000, y = 263.000000
avance = -375.000000, avanceR = 2.000000, avanceI = 2.000000
inc_x_r = 0.000000, inc_y_r = 1.000000, inc_x_i = 1.000000, inc_y_i = 1.000000
En el else......

----------------------------------------
x = 6.000000, y = 264.000000
avance = -373.000000, avanceR = 2.000000, avanceI = 2.000000
inc_x_r = 0.000000, inc_y_r = 1.000000, inc_x_i = 1.000000, inc_y_i = 1.000000
En el else......

----------------------------------------
x = 6.000000, y = 265.000000
avance = -371.000000, avanceR = 2.000000, avanceI = 2.000000
inc_x_r = 0.000000, inc_y_r = 1.000000, inc_x_i = 1.000000, inc_y_i = 1.000000
En el else......

----------------------------------------
x = 6.000000, y = 266.000000
avance = -369.000000, avanceR = 2.000000, avanceI = 2.000000
inc_x_r = 0.000000, inc_y_r = 1.000000, inc_x_i = 1.000000, inc_y_i = 1.000000
En el else......

----------------------------------------
x = 6.000000, y = 267.000000
avance = -367.000000, avanceR = 2.000000, avanceI = 2.000000
inc_x_r = 0.000000, inc_y_r = 1.000000, inc_x_i = 1.000000, inc_y_i = 1.000000
En el else......

----------------------------------------
x = 6.000000, y = 268.000000
avance = -365.000000, avanceR = 2.000000, avanceI = 2.000000
inc_x_r = 0.000000, inc_y_r = 1.000000, inc_x_i = 1.000000, inc_y_i = 1.000000
En el else......

----------------------------------------
x = 6.000000, y = 269.000000
avance = -363.000000, avanceR = 2.000000, avanceI = 2.000000
inc_x_r = 0.000000, inc_y_r = 1.000000, inc_x_i = 1.000000, inc_y_i = 1.000000
En el else......

----------------------------------------
x = 6.000000, y = 270.000000
avance = -361.000000, avanceR = 2.000000, avanceI = 2.000000
inc_x_r = 0.000000, inc_y_r = 1.000000, inc_x_i = 1.000000, inc_y_i = 1.000000
En el else......

----------------------------------------
x = 6.000000, y = 271.000000
avance = -359.000000, avanceR = 2.000000, avanceI = 2.000000
inc_x_r = 0.000000, inc_y_r = 1.000000, inc_x_i = 1.000000, inc_y_i = 1.000000
En el else......

----------------------------------------
x = 6.000000, y = 272.000000
avance = -357.000000, avanceR = 2.000000, avanceI = 2.000000
inc_x_r = 0.000000, inc_y_r = 1.000000, inc_x_i = 1.000000, inc_y_i = 1.000000
En el else......

----------------------------------------
x = 6.000000, y = 273.000000
avance = -355.000000, avanceR = 2.000000, avanceI = 2.000000
inc_x_r = 0.000000, inc_y_r = 1.000000, inc_x_i = 1.000000, inc_y_i = 1.000000
En el else......

----------------------------------------
x = 6.000000, y = 274.000000
avance = -353.000000, avanceR = 2.000000, avanceI = 2.000000
inc_x_r = 0.000000, inc_y_r = 1.000000, inc_x_i = 1.000000, inc_y_i = 1.000000
En el else......

----------------------------------------
x = 6.000000, y = 275.000000
avance = -351.000000, avanceR = 2.000000, avanceI = 2.000000
inc_x_r = 0.000000, inc_y_r = 1.000000, inc_x_i = 1.000000, inc_y_i = 1.000000
En el else......

----------------------------------------
x = 6.000000, y = 276.000000
avance = -349.000000, avanceR = 2.000000, avanceI = 2.000000
inc_x_r = 0.000000, inc_y_r = 1.000000, inc_x_i = 1.000000, inc_y_i = 1.000000
En el else......

----------------------------------------
x = 6.000000, y = 277.000000
avance = -347.000000, avanceR = 2.000000, avanceI = 2.000000
inc_x_r = 0.000000, inc_y_r = 1.000000, inc_x_i = 1.000000, inc_y_i = 1.000000
En el else......

----------------------------------------
x = 6.000000, y = 278.000000
avance = -345.000000, avanceR = 2.000000, avanceI = 2.000000
inc_x_r = 0.000000, inc_y_r = 1.000000, inc_x_i = 1.000000, inc_y_i = 1.000000
En el else......

----------------------------------------
x = 6.000000, y = 279.000000
avance = -343.000000, avanceR = 2.000000, avanceI = 2.000000
inc_x_r = 0.000000, inc_y_r = 1.000000, inc_x_i = 1.000000, inc_y_i = 1.000000
En el else......

----------------------------------------
x = 6.000000, y = 280.000000
avance = -341.000000, avanceR = 2.000000, avanceI = 2.000000
inc_x_r = 0.000000, inc_y_r = 1.000000, inc_x_i = 1.000000, inc_y_i = 1.000000
En el else......

----------------------------------------
x = 6.000000, y = 281.000000
avance = -339.000000, avanceR = 2.000000, avanceI = 2.000000
inc_x_r = 0.000000, inc_y_r = 1.000000, inc_x_i = 1.000000, inc_y_i = 1.000000
En el else......

----------------------------------------
x = 6.000000, y = 282.000000
avance = -337.000000, avanceR = 2.000000, avanceI = 2.000000
inc_x_r = 0.000000, inc_y_r = 1.000000, inc_x_i = 1.000000, inc_y_i = 1.000000
En el else......

----------------------------------------
x = 6.000000, y = 283.000000
avance = -335.000000, avanceR = 2.000000, avanceI = 2.000000
inc_x_r = 0.000000, inc_y_r = 1.000000, inc_x_i = 1.000000, inc_y_i = 1.000000
En el else......

----------------------------------------
x = 6.000000, y = 284.000000
avance = -333.000000, avanceR = 2.000000, avanceI = 2.000000
inc_x_r = 0.000000, inc_y_r = 1.000000, inc_x_i = 1.000000, inc_y_i = 1.000000
En el else......

----------------------------------------
x = 6.000000, y = 285.000000
avance = -331.000000, avanceR = 2.000000, avanceI = 2.000000
inc_x_r = 0.000000, inc_y_r = 1.000000, inc_x_i = 1.000000, inc_y_i = 1.000000
En el else......

----------------------------------------
x = 6.000000, y = 286.000000
avance = -329.000000, avanceR = 2.000000, avanceI = 2.000000
inc_x_r = 0.000000, inc_y_r = 1.000000, inc_x_i = 1.000000, inc_y_i = 1.000000
En el else......

----------------------------------------
x = 6.000000, y = 287.000000
avance = -327.000000, avanceR = 2.000000, avanceI = 2.000000
inc_x_r = 0.000000, inc_y_r = 1.000000, inc_x_i = 1.000000, inc_y_i = 1.000000
En el else......

----------------------------------------
x = 6.000000, y = 288.000000
avance = -325.000000, avanceR = 2.000000, avanceI = 2.000000
inc_x_r = 0.000000, inc_y_r = 1.000000, inc_x_i = 1.000000, inc_y_i = 1.000000
En el else......

----------------------------------------
x = 6.000000, y = 289.000000
avance = -323.000000, avanceR = 2.000000, avanceI = 2.000000
inc_x_r = 0.000000, inc_y_r = 1.000000, inc_x_i = 1.000000, inc_y_i = 1.000000
En el else......

----------------------------------------
x = 6.000000, y = 290.000000
avance = -321.000000, avanceR = 2.000000, avanceI = 2.000000
inc_x_r = 0.000000, inc_y_r = 1.000000, inc_x_i = 1.000000, inc_y_i = 1.000000
En el else......

----------------------------------------
x = 6.000000, y = 291.000000
avance = -319.000000, avanceR = 2.000000, avanceI = 2.000000
inc_x_r = 0.000000, inc_y_r = 1.000000, inc_x_i = 1.000000, inc_y_i = 1.000000
En el else......

----------------------------------------
x = 6.000000, y = 292.000000
avance = -317.000000, avanceR = 2.000000, avanceI = 2.000000
inc_x_r = 0.000000, inc_y_r = 1.000000, inc_x_i = 1.000000, inc_y_i = 1.000000
En el else......

----------------------------------------
x = 6.000000, y = 293.000000
avance = -315.000000, avanceR = 2.000000, avanceI = 2.000000
inc_x_r = 0.000000, inc_y_r = 1.000000, inc_x_i = 1.000000, inc_y_i = 1.000000
En el else......

----------------------------------------
x = 6.000000, y = 294.000000
avance = -313.000000, avanceR = 2.000000, avanceI = 2.000000
inc_x_r = 0.000000, inc_y_r = 1.000000, inc_x_i = 1.000000, inc_y_i = 1.000000
En el else......

----------------------------------------
x = 6.000000, y = 295.000000
avance = -311.000000, avanceR = 2.000000, avanceI = 2.000000
inc_x_r = 0.000000, inc_y_r = 1.000000, inc_x_i = 1.000000, inc_y_i = 1.000000
En el else......

----------------------------------------
x = 6.000000, y = 296.000000
avance = -309.000000, avanceR = 2.000000, avanceI = 2.000000
inc_x_r = 0.000000, inc_y_r = 1.000000, inc_x_i = 1.000000, inc_y_i = 1.000000
En el else......

----------------------------------------
x = 6.000000, y = 297.000000
avance = -307.000000, avanceR = 2.000000, avanceI = 2.000000
inc_x_r = 0.000000, inc_y_r = 1.000000, inc_x_i = 1.000000, inc_y_i = 1.000000
En el else......

----------------------------------------
x = 6.000000, y = 298.000000
avance = -305.000000, avanceR = 2.000000, avanceI = 2.000000
inc_x_r = 0.000000, inc_y_r = 1.000000, inc_x_i = 1.000000, inc_y_i = 1.000000
En el else......

----------------------------------------
x = 6.000000, y = 299.000000
avance = -303.000000, avanceR = 2.000000, avanceI = 2.000000
inc_x_r = 0.000000, inc_y_r = 1.000000, inc_x_i = 1.000000, inc_y_i = 1.000000
En el else......

----------------------------------------
x = 6.000000, y = 300.000000
avance = -301.000000, avanceR = 2.000000, avanceI = 2.000000
inc_x_r = 0.000000, inc_y_r = 1.000000, inc_x_i = 1.000000, inc_y_i = 1.000000
En el else......

----------------------------------------
x = 6.000000, y = 301.000000
avance = -299.000000, avanceR = 2.000000, avanceI = 2.000000
inc_x_r = 0.000000, inc_y_r = 1.000000, inc_x_i = 1.000000, inc_y_i = 1.000000
En el else......

----------------------------------------
x = 6.000000, y = 302.000000
avance = -297.000000, avanceR = 2.000000, avanceI = 2.000000
inc_x_r = 0.000000, inc_y_r = 1.000000, inc_x_i = 1.000000, inc_y_i = 1.000000
En el else......

----------------------------------------
x = 6.000000, y = 303.000000
avance = -295.000000, avanceR = 2.000000, avanceI = 2.000000
inc_x_r = 0.000000, inc_y_r = 1.000000, inc_x_i = 1.000000, inc_y_i = 1.000000
En el else......

----------------------------------------
x = 6.000000, y = 304.000000
avance = -293.000000, avanceR = 2.000000, avanceI = 2.000000
inc_x_r = 0.000000, inc_y_r = 1.000000, inc_x_i = 1.000000, inc_y_i = 1.000000
En el else......

----------------------------------------
x = 6.000000, y = 305.000000
avance = -291.000000, avanceR = 2.000000, avanceI = 2.000000
inc_x_r = 0.000000, inc_y_r = 1.000000, inc_x_i = 1.000000, inc_y_i = 1.000000
En el else......

----------------------------------------
x = 6.000000, y = 306.000000
avance = -289.000000, avanceR = 2.000000, avanceI = 2.000000
inc_x_r = 0.000000, inc_y_r = 1.000000, inc_x_i = 1.000000, inc_y_i = 1.000000
En el else......

----------------------------------------
x = 6.000000, y = 307.000000
avance = -287.000000, avanceR = 2.000000, avanceI = 2.000000
inc_x_r = 0.000000, inc_y_r = 1.000000, inc_x_i = 1.000000, inc_y_i = 1.000000
En el else......

----------------------------------------
x = 6.000000, y = 308.000000
avance = -285.000000, avanceR = 2.000000, avanceI = 2.000000
inc_x_r = 0.000000, inc_y_r = 1.000000, inc_x_i = 1.000000, inc_y_i = 1.000000
En el else......

----------------------------------------
x = 6.000000, y = 309.000000
avance = -283.000000, avanceR = 2.000000, avanceI = 2.000000
inc_x_r = 0.000000, inc_y_r = 1.000000, inc_x_i = 1.000000, inc_y_i = 1.000000
En el else......

----------------------------------------
x = 6.000000, y = 310.000000
avance = -281.000000, avanceR = 2.000000, avanceI = 2.000000
inc_x_r = 0.000000, inc_y_r = 1.000000, inc_x_i = 1.000000, inc_y_i = 1.000000
En el else......

----------------------------------------
x = 6.000000, y = 311.000000
avance = -279.000000, avanceR = 2.000000, avanceI = 2.000000
inc_x_r = 0.000000, inc_y_r = 1.000000, inc_x_i = 1.000000, inc_y_i = 1.000000
En el else......

----------------------------------------
x = 6.000000, y = 312.000000
avance = -277.000000, avanceR = 2.000000, avanceI = 2.000000
inc_x_r = 0.000000, inc_y_r = 1.000000, inc_x_i = 1.000000, inc_y_i = 1.000000
En el else......

----------------------------------------
x = 6.000000, y = 313.000000
avance = -275.000000, avanceR = 2.000000, avanceI = 2.000000
inc_x_r = 0.000000, inc_y_r = 1.000000, inc_x_i = 1.000000, inc_y_i = 1.000000
En el else......

----------------------------------------
x = 6.000000, y = 314.000000
avance = -273.000000, avanceR = 2.000000, avanceI = 2.000000
inc_x_r = 0.000000, inc_y_r = 1.000000, inc_x_i = 1.000000, inc_y_i = 1.000000
En el else......

----------------------------------------
x = 6.000000, y = 315.000000
avance = -271.000000, avanceR = 2.000000, avanceI = 2.000000
inc_x_r = 0.000000, inc_y_r = 1.000000, inc_x_i = 1.000000, inc_y_i = 1.000000
En el else......

----------------------------------------
x = 6.000000, y = 316.000000
avance = -269.000000, avanceR = 2.000000, avanceI = 2.000000
inc_x_r = 0.000000, inc_y_r = 1.000000, inc_x_i = 1.000000, inc_y_i = 1.000000
En el else......

----------------------------------------
x = 6.000000, y = 317.000000
avance = -267.000000, avanceR = 2.000000, avanceI = 2.000000
inc_x_r = 0.000000, inc_y_r = 1.000000, inc_x_i = 1.000000, inc_y_i = 1.000000
En el else......

----------------------------------------
x = 6.000000, y = 318.000000
avance = -265.000000, avanceR = 2.000000, avanceI = 2.000000
inc_x_r = 0.000000, inc_y_r = 1.000000, inc_x_i = 1.000000, inc_y_i = 1.000000
En el else......

----------------------------------------
x = 6.000000, y = 319.000000
avance = -263.000000, avanceR = 2.000000, avanceI = 2.000000
inc_x_r = 0.000000, inc_y_r = 1.000000, inc_x_i = 1.000000, inc_y_i = 1.000000
En el else......

----------------------------------------
x = 6.000000, y = 320.000000
avance = -261.000000, avanceR = 2.000000, avanceI = 2.000000
inc_x_r = 0.000000, inc_y_r = 1.000000, inc_x_i = 1.000000, inc_y_i = 1.000000
En el else......

----------------------------------------
x = 6.000000, y = 321.000000
avance = -259.000000, avanceR = 2.000000, avanceI = 2.000000
inc_x_r = 0.000000, inc_y_r = 1.000000, inc_x_i = 1.000000, inc_y_i = 1.000000
En el else......

----------------------------------------
x = 6.000000, y = 322.000000
avance = -257.000000, avanceR = 2.000000, avanceI = 2.000000
inc_x_r = 0.000000, inc_y_r = 1.000000, inc_x_i = 1.000000, inc_y_i = 1.000000
En el else......

----------------------------------------
x = 6.000000, y = 323.000000
avance = -255.000000, avanceR = 2.000000, avanceI = 2.000000
inc_x_r = 0.000000, inc_y_r = 1.000000, inc_x_i = 1.000000, inc_y_i = 1.000000
En el else......

----------------------------------------
x = 6.000000, y = 324.000000
avance = -253.000000, avanceR = 2.000000, avanceI = 2.000000
inc_x_r = 0.000000, inc_y_r = 1.000000, inc_x_i = 1.000000, inc_y_i = 1.000000
En el else......

----------------------------------------
x = 6.000000, y = 325.000000
avance = -251.000000, avanceR = 2.000000, avanceI = 2.000000
inc_x_r = 0.000000, inc_y_r = 1.000000, inc_x_i = 1.000000, inc_y_i = 1.000000
En el else......

----------------------------------------


ENTRAMOS A BRESENHAMªªªª
x1 = 5.000000 - y1 = 75.000000 || x2 = 6.000000 - y2 = 326.000000
dy = 251.000000, dx = 1.000000
avances inclinados: inc_x_i = 1.000000, inc_y_i = 1.000000
updated: dy = 251.000000, dx = 1.000000
avances rectos: inc_x_r = 0.000000, inc_y_r 1.000000
reupdated: dy = 1.000000, dx = 251.000000
avanceR = 2.000000, avance -249.000000, avanceI 2.000000
----------------------------------------
x = 5.000000, y = 75.000000
avance = -249.000000, avanceR = 2.000000, avanceI = 2.000000
inc_x_r = 0.000000, inc_y_r = 1.000000, inc_x_i = 1.000000, inc_y_i = 1.000000
En el else......

----------------------------------------
x = 5.000000, y = 76.000000
avance = -247.000000, avanceR = 2.000000, avanceI = 2.000000
inc_x_r = 0.000000, inc_y_r = 1.000000, inc_x_i = 1.000000, inc_y_i = 1.000000
En el else......

----------------------------------------
x = 5.000000, y = 77.000000
avance = -245.000000, avanceR = 2.000000, avanceI = 2.000000
inc_x_r = 0.000000, inc_y_r = 1.000000, inc_x_i = 1.000000, inc_y_i = 1.000000
En el else......

----------------------------------------
x = 5.000000, y = 78.000000
avance = -243.000000, avanceR = 2.000000, avanceI = 2.000000
inc_x_r = 0.000000, inc_y_r = 1.000000, inc_x_i = 1.000000, inc_y_i = 1.000000
En el else......

----------------------------------------
x = 5.000000, y = 79.000000
avance = -241.000000, avanceR = 2.000000, avanceI = 2.000000
inc_x_r = 0.000000, inc_y_r = 1.000000, inc_x_i = 1.000000, inc_y_i = 1.000000
En el else......

----------------------------------------
x = 5.000000, y = 80.000000
avance = -239.000000, avanceR = 2.000000, avanceI = 2.000000
inc_x_r = 0.000000, inc_y_r = 1.000000, inc_x_i = 1.000000, inc_y_i = 1.000000
En el else......

----------------------------------------
x = 5.000000, y = 81.000000
avance = -237.000000, avanceR = 2.000000, avanceI = 2.000000
inc_x_r = 0.000000, inc_y_r = 1.000000, inc_x_i = 1.000000, inc_y_i = 1.000000
En el else......

----------------------------------------
x = 5.000000, y = 82.000000
avance = -235.000000, avanceR = 2.000000, avanceI = 2.000000
inc_x_r = 0.000000, inc_y_r = 1.000000, inc_x_i = 1.000000, inc_y_i = 1.000000
En el else......

----------------------------------------
x = 5.000000, y = 83.000000
avance = -233.000000, avanceR = 2.000000, avanceI = 2.000000
inc_x_r = 0.000000, inc_y_r = 1.000000, inc_x_i = 1.000000, inc_y_i = 1.000000
En el else......

----------------------------------------
x = 5.000000, y = 84.000000
avance = -231.000000, avanceR = 2.000000, avanceI = 2.000000
inc_x_r = 0.000000, inc_y_r = 1.000000, inc_x_i = 1.000000, inc_y_i = 1.000000
En el else......

----------------------------------------
x = 5.000000, y = 85.000000
avance = -229.000000, avanceR = 2.000000, avanceI = 2.000000
inc_x_r = 0.000000, inc_y_r = 1.000000, inc_x_i = 1.000000, inc_y_i = 1.000000
En el else......

----------------------------------------
x = 5.000000, y = 86.000000
avance = -227.000000, avanceR = 2.000000, avanceI = 2.000000
inc_x_r = 0.000000, inc_y_r = 1.000000, inc_x_i = 1.000000, inc_y_i = 1.000000
En el else......

----------------------------------------
x = 5.000000, y = 87.000000
avance = -225.000000, avanceR = 2.000000, avanceI = 2.000000
inc_x_r = 0.000000, inc_y_r = 1.000000, inc_x_i = 1.000000, inc_y_i = 1.000000
En el else......

----------------------------------------
x = 5.000000, y = 88.000000
avance = -223.000000, avanceR = 2.000000, avanceI = 2.000000
inc_x_r = 0.000000, inc_y_r = 1.000000, inc_x_i = 1.000000, inc_y_i = 1.000000
En el else......

----------------------------------------
x = 5.000000, y = 89.000000
avance = -221.000000, avanceR = 2.000000, avanceI = 2.000000
inc_x_r = 0.000000, inc_y_r = 1.000000, inc_x_i = 1.000000, inc_y_i = 1.000000
En el else......

----------------------------------------
x = 5.000000, y = 90.000000
avance = -219.000000, avanceR = 2.000000, avanceI = 2.000000
inc_x_r = 0.000000, inc_y_r = 1.000000, inc_x_i = 1.000000, inc_y_i = 1.000000
En el else......

----------------------------------------
x = 5.000000, y = 91.000000
avance = -217.000000, avanceR = 2.000000, avanceI = 2.000000
inc_x_r = 0.000000, inc_y_r = 1.000000, inc_x_i = 1.000000, inc_y_i = 1.000000
En el else......

----------------------------------------
x = 5.000000, y = 92.000000
avance = -215.000000, avanceR = 2.000000, avanceI = 2.000000
inc_x_r = 0.000000, inc_y_r = 1.000000, inc_x_i = 1.000000, inc_y_i = 1.000000
En el else......

----------------------------------------
x = 5.000000, y = 93.000000
avance = -213.000000, avanceR = 2.000000, avanceI = 2.000000
inc_x_r = 0.000000, inc_y_r = 1.000000, inc_x_i = 1.000000, inc_y_i = 1.000000
En el else......

----------------------------------------
x = 5.000000, y = 94.000000
avance = -211.000000, avanceR = 2.000000, avanceI = 2.000000
inc_x_r = 0.000000, inc_y_r = 1.000000, inc_x_i = 1.000000, inc_y_i = 1.000000
En el else......

----------------------------------------
x = 5.000000, y = 95.000000
avance = -209.000000, avanceR = 2.000000, avanceI = 2.000000
inc_x_r = 0.000000, inc_y_r = 1.000000, inc_x_i = 1.000000, inc_y_i = 1.000000
En el else......

----------------------------------------
x = 5.000000, y = 96.000000
avance = -207.000000, avanceR = 2.000000, avanceI = 2.000000
inc_x_r = 0.000000, inc_y_r = 1.000000, inc_x_i = 1.000000, inc_y_i = 1.000000
En el else......

----------------------------------------
x = 5.000000, y = 97.000000
avance = -205.000000, avanceR = 2.000000, avanceI = 2.000000
inc_x_r = 0.000000, inc_y_r = 1.000000, inc_x_i = 1.000000, inc_y_i = 1.000000
En el else......

----------------------------------------
x = 5.000000, y = 98.000000
avance = -203.000000, avanceR = 2.000000, avanceI = 2.000000
inc_x_r = 0.000000, inc_y_r = 1.000000, inc_x_i = 1.000000, inc_y_i = 1.000000
En el else......

----------------------------------------
x = 5.000000, y = 99.000000
avance = -201.000000, avanceR = 2.000000, avanceI = 2.000000
inc_x_r = 0.000000, inc_y_r = 1.000000, inc_x_i = 1.000000, inc_y_i = 1.000000
En el else......

----------------------------------------
x = 5.000000, y = 100.000000
avance = -199.000000, avanceR = 2.000000, avanceI = 2.000000
inc_x_r = 0.000000, inc_y_r = 1.000000, inc_x_i = 1.000000, inc_y_i = 1.000000
En el else......

----------------------------------------
x = 5.000000, y = 101.000000
avance = -197.000000, avanceR = 2.000000, avanceI = 2.000000
inc_x_r = 0.000000, inc_y_r = 1.000000, inc_x_i = 1.000000, inc_y_i = 1.000000
En el else......

----------------------------------------
x = 5.000000, y = 102.000000
avance = -195.000000, avanceR = 2.000000, avanceI = 2.000000
inc_x_r = 0.000000, inc_y_r = 1.000000, inc_x_i = 1.000000, inc_y_i = 1.000000
En el else......

----------------------------------------
x = 5.000000, y = 103.000000
avance = -193.000000, avanceR = 2.000000, avanceI = 2.000000
inc_x_r = 0.000000, inc_y_r = 1.000000, inc_x_i = 1.000000, inc_y_i = 1.000000
En el else......

----------------------------------------
x = 5.000000, y = 104.000000
avance = -191.000000, avanceR = 2.000000, avanceI = 2.000000
inc_x_r = 0.000000, inc_y_r = 1.000000, inc_x_i = 1.000000, inc_y_i = 1.000000
En el else......

----------------------------------------
x = 5.000000, y = 105.000000
avance = -189.000000, avanceR = 2.000000, avanceI = 2.000000
inc_x_r = 0.000000, inc_y_r = 1.000000, inc_x_i = 1.000000, inc_y_i = 1.000000
En el else......

----------------------------------------
x = 5.000000, y = 106.000000
avance = -187.000000, avanceR = 2.000000, avanceI = 2.000000
inc_x_r = 0.000000, inc_y_r = 1.000000, inc_x_i = 1.000000, inc_y_i = 1.000000
En el else......

----------------------------------------
x = 5.000000, y = 107.000000
avance = -185.000000, avanceR = 2.000000, avanceI = 2.000000
inc_x_r = 0.000000, inc_y_r = 1.000000, inc_x_i = 1.000000, inc_y_i = 1.000000
En el else......

----------------------------------------
x = 5.000000, y = 108.000000
avance = -183.000000, avanceR = 2.000000, avanceI = 2.000000
inc_x_r = 0.000000, inc_y_r = 1.000000, inc_x_i = 1.000000, inc_y_i = 1.000000
En el else......

----------------------------------------
x = 5.000000, y = 109.000000
avance = -181.000000, avanceR = 2.000000, avanceI = 2.000000
inc_x_r = 0.000000, inc_y_r = 1.000000, inc_x_i = 1.000000, inc_y_i = 1.000000
En el else......

----------------------------------------
x = 5.000000, y = 110.000000
avance = -179.000000, avanceR = 2.000000, avanceI = 2.000000
inc_x_r = 0.000000, inc_y_r = 1.000000, inc_x_i = 1.000000, inc_y_i = 1.000000
En el else......

----------------------------------------
x = 5.000000, y = 111.000000
avance = -177.000000, avanceR = 2.000000, avanceI = 2.000000
inc_x_r = 0.000000, inc_y_r = 1.000000, inc_x_i = 1.000000, inc_y_i = 1.000000
En el else......

----------------------------------------
x = 5.000000, y = 112.000000
avance = -175.000000, avanceR = 2.000000, avanceI = 2.000000
inc_x_r = 0.000000, inc_y_r = 1.000000, inc_x_i = 1.000000, inc_y_i = 1.000000
En el else......

----------------------------------------
x = 5.000000, y = 113.000000
avance = -173.000000, avanceR = 2.000000, avanceI = 2.000000
inc_x_r = 0.000000, inc_y_r = 1.000000, inc_x_i = 1.000000, inc_y_i = 1.000000
En el else......

----------------------------------------
x = 5.000000, y = 114.000000
avance = -171.000000, avanceR = 2.000000, avanceI = 2.000000
inc_x_r = 0.000000, inc_y_r = 1.000000, inc_x_i = 1.000000, inc_y_i = 1.000000
En el else......

----------------------------------------
x = 5.000000, y = 115.000000
avance = -169.000000, avanceR = 2.000000, avanceI = 2.000000
inc_x_r = 0.000000, inc_y_r = 1.000000, inc_x_i = 1.000000, inc_y_i = 1.000000
En el else......

----------------------------------------
x = 5.000000, y = 116.000000
avance = -167.000000, avanceR = 2.000000, avanceI = 2.000000
inc_x_r = 0.000000, inc_y_r = 1.000000, inc_x_i = 1.000000, inc_y_i = 1.000000
En el else......

----------------------------------------
x = 5.000000, y = 117.000000
avance = -165.000000, avanceR = 2.000000, avanceI = 2.000000
inc_x_r = 0.000000, inc_y_r = 1.000000, inc_x_i = 1.000000, inc_y_i = 1.000000
En el else......

----------------------------------------
x = 5.000000, y = 118.000000
avance = -163.000000, avanceR = 2.000000, avanceI = 2.000000
inc_x_r = 0.000000, inc_y_r = 1.000000, inc_x_i = 1.000000, inc_y_i = 1.000000
En el else......

----------------------------------------
x = 5.000000, y = 119.000000
avance = -161.000000, avanceR = 2.000000, avanceI = 2.000000
inc_x_r = 0.000000, inc_y_r = 1.000000, inc_x_i = 1.000000, inc_y_i = 1.000000
En el else......

----------------------------------------
x = 5.000000, y = 120.000000
avance = -159.000000, avanceR = 2.000000, avanceI = 2.000000
inc_x_r = 0.000000, inc_y_r = 1.000000, inc_x_i = 1.000000, inc_y_i = 1.000000
En el else......

----------------------------------------
x = 5.000000, y = 121.000000
avance = -157.000000, avanceR = 2.000000, avanceI = 2.000000
inc_x_r = 0.000000, inc_y_r = 1.000000, inc_x_i = 1.000000, inc_y_i = 1.000000
En el else......

----------------------------------------
x = 5.000000, y = 122.000000
avance = -155.000000, avanceR = 2.000000, avanceI = 2.000000
inc_x_r = 0.000000, inc_y_r = 1.000000, inc_x_i = 1.000000, inc_y_i = 1.000000
En el else......

----------------------------------------
x = 5.000000, y = 123.000000
avance = -153.000000, avanceR = 2.000000, avanceI = 2.000000
inc_x_r = 0.000000, inc_y_r = 1.000000, inc_x_i = 1.000000, inc_y_i = 1.000000
En el else......

----------------------------------------
x = 5.000000, y = 124.000000
avance = -151.000000, avanceR = 2.000000, avanceI = 2.000000
inc_x_r = 0.000000, inc_y_r = 1.000000, inc_x_i = 1.000000, inc_y_i = 1.000000
En el else......

----------------------------------------
x = 5.000000, y = 125.000000
avance = -149.000000, avanceR = 2.000000, avanceI = 2.000000
inc_x_r = 0.000000, inc_y_r = 1.000000, inc_x_i = 1.000000, inc_y_i = 1.000000
En el else......

----------------------------------------
x = 5.000000, y = 126.000000
avance = -147.000000, avanceR = 2.000000, avanceI = 2.000000
inc_x_r = 0.000000, inc_y_r = 1.000000, inc_x_i = 1.000000, inc_y_i = 1.000000
En el else......

----------------------------------------
x = 5.000000, y = 127.000000
avance = -145.000000, avanceR = 2.000000, avanceI = 2.000000
inc_x_r = 0.000000, inc_y_r = 1.000000, inc_x_i = 1.000000, inc_y_i = 1.000000
En el else......

----------------------------------------
x = 5.000000, y = 128.000000
avance = -143.000000, avanceR = 2.000000, avanceI = 2.000000
inc_x_r = 0.000000, inc_y_r = 1.000000, inc_x_i = 1.000000, inc_y_i = 1.000000
En el else......

----------------------------------------
x = 5.000000, y = 129.000000
avance = -141.000000, avanceR = 2.000000, avanceI = 2.000000
inc_x_r = 0.000000, inc_y_r = 1.000000, inc_x_i = 1.000000, inc_y_i = 1.000000
En el else......

----------------------------------------
x = 5.000000, y = 130.000000
avance = -139.000000, avanceR = 2.000000, avanceI = 2.000000
inc_x_r = 0.000000, inc_y_r = 1.000000, inc_x_i = 1.000000, inc_y_i = 1.000000
En el else......

----------------------------------------
x = 5.000000, y = 131.000000
avance = -137.000000, avanceR = 2.000000, avanceI = 2.000000
inc_x_r = 0.000000, inc_y_r = 1.000000, inc_x_i = 1.000000, inc_y_i = 1.000000
En el else......

----------------------------------------
x = 5.000000, y = 132.000000
avance = -135.000000, avanceR = 2.000000, avanceI = 2.000000
inc_x_r = 0.000000, inc_y_r = 1.000000, inc_x_i = 1.000000, inc_y_i = 1.000000
En el else......

----------------------------------------
x = 5.000000, y = 133.000000
avance = -133.000000, avanceR = 2.000000, avanceI = 2.000000
inc_x_r = 0.000000, inc_y_r = 1.000000, inc_x_i = 1.000000, inc_y_i = 1.000000
En el else......

----------------------------------------
x = 5.000000, y = 134.000000
avance = -131.000000, avanceR = 2.000000, avanceI = 2.000000
inc_x_r = 0.000000, inc_y_r = 1.000000, inc_x_i = 1.000000, inc_y_i = 1.000000
En el else......

----------------------------------------
x = 5.000000, y = 135.000000
avance = -129.000000, avanceR = 2.000000, avanceI = 2.000000
inc_x_r = 0.000000, inc_y_r = 1.000000, inc_x_i = 1.000000, inc_y_i = 1.000000
En el else......

----------------------------------------
x = 5.000000, y = 136.000000
avance = -127.000000, avanceR = 2.000000, avanceI = 2.000000
inc_x_r = 0.000000, inc_y_r = 1.000000, inc_x_i = 1.000000, inc_y_i = 1.000000
En el else......

----------------------------------------
x = 5.000000, y = 137.000000
avance = -125.000000, avanceR = 2.000000, avanceI = 2.000000
inc_x_r = 0.000000, inc_y_r = 1.000000, inc_x_i = 1.000000, inc_y_i = 1.000000
En el else......

----------------------------------------
x = 5.000000, y = 138.000000
avance = -123.000000, avanceR = 2.000000, avanceI = 2.000000
inc_x_r = 0.000000, inc_y_r = 1.000000, inc_x_i = 1.000000, inc_y_i = 1.000000
En el else......

----------------------------------------
x = 5.000000, y = 139.000000
avance = -121.000000, avanceR = 2.000000, avanceI = 2.000000
inc_x_r = 0.000000, inc_y_r = 1.000000, inc_x_i = 1.000000, inc_y_i = 1.000000
En el else......

----------------------------------------
x = 5.000000, y = 140.000000
avance = -119.000000, avanceR = 2.000000, avanceI = 2.000000
inc_x_r = 0.000000, inc_y_r = 1.000000, inc_x_i = 1.000000, inc_y_i = 1.000000
En el else......

----------------------------------------
x = 5.000000, y = 141.000000
avance = -117.000000, avanceR = 2.000000, avanceI = 2.000000
inc_x_r = 0.000000, inc_y_r = 1.000000, inc_x_i = 1.000000, inc_y_i = 1.000000
En el else......

----------------------------------------
x = 5.000000, y = 142.000000
avance = -115.000000, avanceR = 2.000000, avanceI = 2.000000
inc_x_r = 0.000000, inc_y_r = 1.000000, inc_x_i = 1.000000, inc_y_i = 1.000000
En el else......

----------------------------------------
x = 5.000000, y = 143.000000
avance = -113.000000, avanceR = 2.000000, avanceI = 2.000000
inc_x_r = 0.000000, inc_y_r = 1.000000, inc_x_i = 1.000000, inc_y_i = 1.000000
En el else......

----------------------------------------
x = 5.000000, y = 144.000000
avance = -111.000000, avanceR = 2.000000, avanceI = 2.000000
inc_x_r = 0.000000, inc_y_r = 1.000000, inc_x_i = 1.000000, inc_y_i = 1.000000
En el else......

----------------------------------------
x = 5.000000, y = 145.000000
avance = -109.000000, avanceR = 2.000000, avanceI = 2.000000
inc_x_r = 0.000000, inc_y_r = 1.000000, inc_x_i = 1.000000, inc_y_i = 1.000000
En el else......

----------------------------------------
x = 5.000000, y = 146.000000
avance = -107.000000, avanceR = 2.000000, avanceI = 2.000000
inc_x_r = 0.000000, inc_y_r = 1.000000, inc_x_i = 1.000000, inc_y_i = 1.000000
En el else......

----------------------------------------
x = 5.000000, y = 147.000000
avance = -105.000000, avanceR = 2.000000, avanceI = 2.000000
inc_x_r = 0.000000, inc_y_r = 1.000000, inc_x_i = 1.000000, inc_y_i = 1.000000
En el else......

----------------------------------------
x = 5.000000, y = 148.000000
avance = -103.000000, avanceR = 2.000000, avanceI = 2.000000
inc_x_r = 0.000000, inc_y_r = 1.000000, inc_x_i = 1.000000, inc_y_i = 1.000000
En el else......

----------------------------------------
x = 5.000000, y = 149.000000
avance = -101.000000, avanceR = 2.000000, avanceI = 2.000000
inc_x_r = 0.000000, inc_y_r = 1.000000, inc_x_i = 1.000000, inc_y_i = 1.000000
En el else......

----------------------------------------
x = 5.000000, y = 150.000000
avance = -99.000000, avanceR = 2.000000, avanceI = 2.000000
inc_x_r = 0.000000, inc_y_r = 1.000000, inc_x_i = 1.000000, inc_y_i = 1.000000
En el else......

----------------------------------------
x = 5.000000, y = 151.000000
avance = -97.000000, avanceR = 2.000000, avanceI = 2.000000
inc_x_r = 0.000000, inc_y_r = 1.000000, inc_x_i = 1.000000, inc_y_i = 1.000000
En el else......

----------------------------------------
x = 5.000000, y = 152.000000
avance = -95.000000, avanceR = 2.000000, avanceI = 2.000000
inc_x_r = 0.000000, inc_y_r = 1.000000, inc_x_i = 1.000000, inc_y_i = 1.000000
En el else......

----------------------------------------
x = 5.000000, y = 153.000000
avance = -93.000000, avanceR = 2.000000, avanceI = 2.000000
inc_x_r = 0.000000, inc_y_r = 1.000000, inc_x_i = 1.000000, inc_y_i = 1.000000
En el else......

----------------------------------------
x = 5.000000, y = 154.000000
avance = -91.000000, avanceR = 2.000000, avanceI = 2.000000
inc_x_r = 0.000000, inc_y_r = 1.000000, inc_x_i = 1.000000, inc_y_i = 1.000000
En el else......

----------------------------------------
x = 5.000000, y = 155.000000
avance = -89.000000, avanceR = 2.000000, avanceI = 2.000000
inc_x_r = 0.000000, inc_y_r = 1.000000, inc_x_i = 1.000000, inc_y_i = 1.000000
En el else......

----------------------------------------
x = 5.000000, y = 156.000000
avance = -87.000000, avanceR = 2.000000, avanceI = 2.000000
inc_x_r = 0.000000, inc_y_r = 1.000000, inc_x_i = 1.000000, inc_y_i = 1.000000
En el else......

----------------------------------------
x = 5.000000, y = 157.000000
avance = -85.000000, avanceR = 2.000000, avanceI = 2.000000
inc_x_r = 0.000000, inc_y_r = 1.000000, inc_x_i = 1.000000, inc_y_i = 1.000000
En el else......

----------------------------------------
x = 5.000000, y = 158.000000
avance = -83.000000, avanceR = 2.000000, avanceI = 2.000000
inc_x_r = 0.000000, inc_y_r = 1.000000, inc_x_i = 1.000000, inc_y_i = 1.000000
En el else......

----------------------------------------
x = 5.000000, y = 159.000000
avance = -81.000000, avanceR = 2.000000, avanceI = 2.000000
inc_x_r = 0.000000, inc_y_r = 1.000000, inc_x_i = 1.000000, inc_y_i = 1.000000
En el else......

----------------------------------------
x = 5.000000, y = 160.000000
avance = -79.000000, avanceR = 2.000000, avanceI = 2.000000
inc_x_r = 0.000000, inc_y_r = 1.000000, inc_x_i = 1.000000, inc_y_i = 1.000000
En el else......

----------------------------------------
x = 5.000000, y = 161.000000
avance = -77.000000, avanceR = 2.000000, avanceI = 2.000000
inc_x_r = 0.000000, inc_y_r = 1.000000, inc_x_i = 1.000000, inc_y_i = 1.000000
En el else......

----------------------------------------
x = 5.000000, y = 162.000000
avance = -75.000000, avanceR = 2.000000, avanceI = 2.000000
inc_x_r = 0.000000, inc_y_r = 1.000000, inc_x_i = 1.000000, inc_y_i = 1.000000
En el else......

----------------------------------------
x = 5.000000, y = 163.000000
avance = -73.000000, avanceR = 2.000000, avanceI = 2.000000
inc_x_r = 0.000000, inc_y_r = 1.000000, inc_x_i = 1.000000, inc_y_i = 1.000000
En el else......

----------------------------------------
x = 5.000000, y = 164.000000
avance = -71.000000, avanceR = 2.000000, avanceI = 2.000000
inc_x_r = 0.000000, inc_y_r = 1.000000, inc_x_i = 1.000000, inc_y_i = 1.000000
En el else......

----------------------------------------
x = 5.000000, y = 165.000000
avance = -69.000000, avanceR = 2.000000, avanceI = 2.000000
inc_x_r = 0.000000, inc_y_r = 1.000000, inc_x_i = 1.000000, inc_y_i = 1.000000
En el else......

----------------------------------------
x = 5.000000, y = 166.000000
avance = -67.000000, avanceR = 2.000000, avanceI = 2.000000
inc_x_r = 0.000000, inc_y_r = 1.000000, inc_x_i = 1.000000, inc_y_i = 1.000000
En el else......

----------------------------------------
x = 5.000000, y = 167.000000
avance = -65.000000, avanceR = 2.000000, avanceI = 2.000000
inc_x_r = 0.000000, inc_y_r = 1.000000, inc_x_i = 1.000000, inc_y_i = 1.000000
En el else......

----------------------------------------
x = 5.000000, y = 168.000000
avance = -63.000000, avanceR = 2.000000, avanceI = 2.000000
inc_x_r = 0.000000, inc_y_r = 1.000000, inc_x_i = 1.000000, inc_y_i = 1.000000
En el else......

----------------------------------------
x = 5.000000, y = 169.000000
avance = -61.000000, avanceR = 2.000000, avanceI = 2.000000
inc_x_r = 0.000000, inc_y_r = 1.000000, inc_x_i = 1.000000, inc_y_i = 1.000000
En el else......

----------------------------------------
x = 5.000000, y = 170.000000
avance = -59.000000, avanceR = 2.000000, avanceI = 2.000000
inc_x_r = 0.000000, inc_y_r = 1.000000, inc_x_i = 1.000000, inc_y_i = 1.000000
En el else......

----------------------------------------
x = 5.000000, y = 171.000000
avance = -57.000000, avanceR = 2.000000, avanceI = 2.000000
inc_x_r = 0.000000, inc_y_r = 1.000000, inc_x_i = 1.000000, inc_y_i = 1.000000
En el else......

----------------------------------------
x = 5.000000, y = 172.000000
avance = -55.000000, avanceR = 2.000000, avanceI = 2.000000
inc_x_r = 0.000000, inc_y_r = 1.000000, inc_x_i = 1.000000, inc_y_i = 1.000000
En el else......

----------------------------------------
x = 5.000000, y = 173.000000
avance = -53.000000, avanceR = 2.000000, avanceI = 2.000000
inc_x_r = 0.000000, inc_y_r = 1.000000, inc_x_i = 1.000000, inc_y_i = 1.000000
En el else......

----------------------------------------
x = 5.000000, y = 174.000000
avance = -51.000000, avanceR = 2.000000, avanceI = 2.000000
inc_x_r = 0.000000, inc_y_r = 1.000000, inc_x_i = 1.000000, inc_y_i = 1.000000
En el else......

----------------------------------------
x = 5.000000, y = 175.000000
avance = -49.000000, avanceR = 2.000000, avanceI = 2.000000
inc_x_r = 0.000000, inc_y_r = 1.000000, inc_x_i = 1.000000, inc_y_i = 1.000000
En el else......

----------------------------------------
x = 5.000000, y = 176.000000
avance = -47.000000, avanceR = 2.000000, avanceI = 2.000000
inc_x_r = 0.000000, inc_y_r = 1.000000, inc_x_i = 1.000000, inc_y_i = 1.000000
En el else......

----------------------------------------
x = 5.000000, y = 177.000000
avance = -45.000000, avanceR = 2.000000, avanceI = 2.000000
inc_x_r = 0.000000, inc_y_r = 1.000000, inc_x_i = 1.000000, inc_y_i = 1.000000
En el else......

----------------------------------------
x = 5.000000, y = 178.000000
avance = -43.000000, avanceR = 2.000000, avanceI = 2.000000
inc_x_r = 0.000000, inc_y_r = 1.000000, inc_x_i = 1.000000, inc_y_i = 1.000000
En el else......

----------------------------------------
x = 5.000000, y = 179.000000
avance = -41.000000, avanceR = 2.000000, avanceI = 2.000000
inc_x_r = 0.000000, inc_y_r = 1.000000, inc_x_i = 1.000000, inc_y_i = 1.000000
En el else......

----------------------------------------
x = 5.000000, y = 180.000000
avance = -39.000000, avanceR = 2.000000, avanceI = 2.000000
inc_x_r = 0.000000, inc_y_r = 1.000000, inc_x_i = 1.000000, inc_y_i = 1.000000
En el else......

----------------------------------------
x = 5.000000, y = 181.000000
avance = -37.000000, avanceR = 2.000000, avanceI = 2.000000
inc_x_r = 0.000000, inc_y_r = 1.000000, inc_x_i = 1.000000, inc_y_i = 1.000000
En el else......

----------------------------------------
x = 5.000000, y = 182.000000
avance = -35.000000, avanceR = 2.000000, avanceI = 2.000000
inc_x_r = 0.000000, inc_y_r = 1.000000, inc_x_i = 1.000000, inc_y_i = 1.000000
En el else......

----------------------------------------
x = 5.000000, y = 183.000000
avance = -33.000000, avanceR = 2.000000, avanceI = 2.000000
inc_x_r = 0.000000, inc_y_r = 1.000000, inc_x_i = 1.000000, inc_y_i = 1.000000
En el else......

----------------------------------------
x = 5.000000, y = 184.000000
avance = -31.000000, avanceR = 2.000000, avanceI = 2.000000
inc_x_r = 0.000000, inc_y_r = 1.000000, inc_x_i = 1.000000, inc_y_i = 1.000000
En el else......

----------------------------------------
x = 5.000000, y = 185.000000
avance = -29.000000, avanceR = 2.000000, avanceI = 2.000000
inc_x_r = 0.000000, inc_y_r = 1.000000, inc_x_i = 1.000000, inc_y_i = 1.000000
En el else......

----------------------------------------
x = 5.000000, y = 186.000000
avance = -27.000000, avanceR = 2.000000, avanceI = 2.000000
inc_x_r = 0.000000, inc_y_r = 1.000000, inc_x_i = 1.000000, inc_y_i = 1.000000
En el else......

----------------------------------------
x = 5.000000, y = 187.000000
avance = -25.000000, avanceR = 2.000000, avanceI = 2.000000
inc_x_r = 0.000000, inc_y_r = 1.000000, inc_x_i = 1.000000, inc_y_i = 1.000000
En el else......

----------------------------------------
x = 5.000000, y = 188.000000
avance = -23.000000, avanceR = 2.000000, avanceI = 2.000000
inc_x_r = 0.000000, inc_y_r = 1.000000, inc_x_i = 1.000000, inc_y_i = 1.000000
En el else......

----------------------------------------
x = 5.000000, y = 189.000000
avance = -21.000000, avanceR = 2.000000, avanceI = 2.000000
inc_x_r = 0.000000, inc_y_r = 1.000000, inc_x_i = 1.000000, inc_y_i = 1.000000
En el else......

----------------------------------------
x = 5.000000, y = 190.000000
avance = -19.000000, avanceR = 2.000000, avanceI = 2.000000
inc_x_r = 0.000000, inc_y_r = 1.000000, inc_x_i = 1.000000, inc_y_i = 1.000000
En el else......

----------------------------------------
x = 5.000000, y = 191.000000
avance = -17.000000, avanceR = 2.000000, avanceI = 2.000000
inc_x_r = 0.000000, inc_y_r = 1.000000, inc_x_i = 1.000000, inc_y_i = 1.000000
En el else......

----------------------------------------
x = 5.000000, y = 192.000000
avance = -15.000000, avanceR = 2.000000, avanceI = 2.000000
inc_x_r = 0.000000, inc_y_r = 1.000000, inc_x_i = 1.000000, inc_y_i = 1.000000
En el else......

----------------------------------------
x = 5.000000, y = 193.000000
avance = -13.000000, avanceR = 2.000000, avanceI = 2.000000
inc_x_r = 0.000000, inc_y_r = 1.000000, inc_x_i = 1.000000, inc_y_i = 1.000000
En el else......

----------------------------------------
x = 5.000000, y = 194.000000
avance = -11.000000, avanceR = 2.000000, avanceI = 2.000000
inc_x_r = 0.000000, inc_y_r = 1.000000, inc_x_i = 1.000000, inc_y_i = 1.000000
En el else......

----------------------------------------
x = 5.000000, y = 195.000000
avance = -9.000000, avanceR = 2.000000, avanceI = 2.000000
inc_x_r = 0.000000, inc_y_r = 1.000000, inc_x_i = 1.000000, inc_y_i = 1.000000
En el else......

----------------------------------------
x = 5.000000, y = 196.000000
avance = -7.000000, avanceR = 2.000000, avanceI = 2.000000
inc_x_r = 0.000000, inc_y_r = 1.000000, inc_x_i = 1.000000, inc_y_i = 1.000000
En el else......

----------------------------------------
x = 5.000000, y = 197.000000
avance = -5.000000, avanceR = 2.000000, avanceI = 2.000000
inc_x_r = 0.000000, inc_y_r = 1.000000, inc_x_i = 1.000000, inc_y_i = 1.000000
En el else......

----------------------------------------
x = 5.000000, y = 198.000000
avance = -3.000000, avanceR = 2.000000, avanceI = 2.000000
inc_x_r = 0.000000, inc_y_r = 1.000000, inc_x_i = 1.000000, inc_y_i = 1.000000
En el else......

----------------------------------------
x = 5.000000, y = 199.000000
avance = -1.000000, avanceR = 2.000000, avanceI = 2.000000
inc_x_r = 0.000000, inc_y_r = 1.000000, inc_x_i = 1.000000, inc_y_i = 1.000000
En el else......

----------------------------------------
x = 5.000000, y = 200.000000
avance = 1.000000, avanceR = 2.000000, avanceI = 2.000000
inc_x_r = 0.000000, inc_y_r = 1.000000, inc_x_i = 1.000000, inc_y_i = 1.000000
avance >= 0

----------------------------------------
x = 6.000000, y = 201.000000
avance = -499.000000, avanceR = 2.000000, avanceI = 2.000000
inc_x_r = 0.000000, inc_y_r = 1.000000, inc_x_i = 1.000000, inc_y_i = 1.000000
En el else......

----------------------------------------
x = 6.000000, y = 202.000000
avance = -497.000000, avanceR = 2.000000, avanceI = 2.000000
inc_x_r = 0.000000, inc_y_r = 1.000000, inc_x_i = 1.000000, inc_y_i = 1.000000
En el else......

----------------------------------------
x = 6.000000, y = 203.000000
avance = -495.000000, avanceR = 2.000000, avanceI = 2.000000
inc_x_r = 0.000000, inc_y_r = 1.000000, inc_x_i = 1.000000, inc_y_i = 1.000000
En el else......

----------------------------------------
x = 6.000000, y = 204.000000
avance = -493.000000, avanceR = 2.000000, avanceI = 2.000000
inc_x_r = 0.000000, inc_y_r = 1.000000, inc_x_i = 1.000000, inc_y_i = 1.000000
En el else......

----------------------------------------
x = 6.000000, y = 205.000000
avance = -491.000000, avanceR = 2.000000, avanceI = 2.000000
inc_x_r = 0.000000, inc_y_r = 1.000000, inc_x_i = 1.000000, inc_y_i = 1.000000
En el else......

----------------------------------------
x = 6.000000, y = 206.000000
avance = -489.000000, avanceR = 2.000000, avanceI = 2.000000
inc_x_r = 0.000000, inc_y_r = 1.000000, inc_x_i = 1.000000, inc_y_i = 1.000000
En el else......

----------------------------------------
x = 6.000000, y = 207.000000
avance = -487.000000, avanceR = 2.000000, avanceI = 2.000000
inc_x_r = 0.000000, inc_y_r = 1.000000, inc_x_i = 1.000000, inc_y_i = 1.000000
En el else......

----------------------------------------
x = 6.000000, y = 208.000000
avance = -485.000000, avanceR = 2.000000, avanceI = 2.000000
inc_x_r = 0.000000, inc_y_r = 1.000000, inc_x_i = 1.000000, inc_y_i = 1.000000
En el else......

----------------------------------------
x = 6.000000, y = 209.000000
avance = -483.000000, avanceR = 2.000000, avanceI = 2.000000
inc_x_r = 0.000000, inc_y_r = 1.000000, inc_x_i = 1.000000, inc_y_i = 1.000000
En el else......

----------------------------------------
x = 6.000000, y = 210.000000
avance = -481.000000, avanceR = 2.000000, avanceI = 2.000000
inc_x_r = 0.000000, inc_y_r = 1.000000, inc_x_i = 1.000000, inc_y_i = 1.000000
En el else......

----------------------------------------
x = 6.000000, y = 211.000000
avance = -479.000000, avanceR = 2.000000, avanceI = 2.000000
inc_x_r = 0.000000, inc_y_r = 1.000000, inc_x_i = 1.000000, inc_y_i = 1.000000
En el else......

----------------------------------------
x = 6.000000, y = 212.000000
avance = -477.000000, avanceR = 2.000000, avanceI = 2.000000
inc_x_r = 0.000000, inc_y_r = 1.000000, inc_x_i = 1.000000, inc_y_i = 1.000000
En el else......

----------------------------------------
x = 6.000000, y = 213.000000
avance = -475.000000, avanceR = 2.000000, avanceI = 2.000000
inc_x_r = 0.000000, inc_y_r = 1.000000, inc_x_i = 1.000000, inc_y_i = 1.000000
En el else......

----------------------------------------
x = 6.000000, y = 214.000000
avance = -473.000000, avanceR = 2.000000, avanceI = 2.000000
inc_x_r = 0.000000, inc_y_r = 1.000000, inc_x_i = 1.000000, inc_y_i = 1.000000
En el else......

----------------------------------------
x = 6.000000, y = 215.000000
avance = -471.000000, avanceR = 2.000000, avanceI = 2.000000
inc_x_r = 0.000000, inc_y_r = 1.000000, inc_x_i = 1.000000, inc_y_i = 1.000000
En el else......

----------------------------------------
x = 6.000000, y = 216.000000
avance = -469.000000, avanceR = 2.000000, avanceI = 2.000000
inc_x_r = 0.000000, inc_y_r = 1.000000, inc_x_i = 1.000000, inc_y_i = 1.000000
En el else......

----------------------------------------
x = 6.000000, y = 217.000000
avance = -467.000000, avanceR = 2.000000, avanceI = 2.000000
inc_x_r = 0.000000, inc_y_r = 1.000000, inc_x_i = 1.000000, inc_y_i = 1.000000
En el else......

----------------------------------------
x = 6.000000, y = 218.000000
avance = -465.000000, avanceR = 2.000000, avanceI = 2.000000
inc_x_r = 0.000000, inc_y_r = 1.000000, inc_x_i = 1.000000, inc_y_i = 1.000000
En el else......

----------------------------------------
x = 6.000000, y = 219.000000
avance = -463.000000, avanceR = 2.000000, avanceI = 2.000000
inc_x_r = 0.000000, inc_y_r = 1.000000, inc_x_i = 1.000000, inc_y_i = 1.000000
En el else......

----------------------------------------
x = 6.000000, y = 220.000000
avance = -461.000000, avanceR = 2.000000, avanceI = 2.000000
inc_x_r = 0.000000, inc_y_r = 1.000000, inc_x_i = 1.000000, inc_y_i = 1.000000
En el else......

----------------------------------------
x = 6.000000, y = 221.000000
avance = -459.000000, avanceR = 2.000000, avanceI = 2.000000
inc_x_r = 0.000000, inc_y_r = 1.000000, inc_x_i = 1.000000, inc_y_i = 1.000000
En el else......

----------------------------------------
x = 6.000000, y = 222.000000
avance = -457.000000, avanceR = 2.000000, avanceI = 2.000000
inc_x_r = 0.000000, inc_y_r = 1.000000, inc_x_i = 1.000000, inc_y_i = 1.000000
En el else......

----------------------------------------
x = 6.000000, y = 223.000000
avance = -455.000000, avanceR = 2.000000, avanceI = 2.000000
inc_x_r = 0.000000, inc_y_r = 1.000000, inc_x_i = 1.000000, inc_y_i = 1.000000
En el else......

----------------------------------------
x = 6.000000, y = 224.000000
avance = -453.000000, avanceR = 2.000000, avanceI = 2.000000
inc_x_r = 0.000000, inc_y_r = 1.000000, inc_x_i = 1.000000, inc_y_i = 1.000000
En el else......

----------------------------------------
x = 6.000000, y = 225.000000
avance = -451.000000, avanceR = 2.000000, avanceI = 2.000000
inc_x_r = 0.000000, inc_y_r = 1.000000, inc_x_i = 1.000000, inc_y_i = 1.000000
En el else......

----------------------------------------
x = 6.000000, y = 226.000000
avance = -449.000000, avanceR = 2.000000, avanceI = 2.000000
inc_x_r = 0.000000, inc_y_r = 1.000000, inc_x_i = 1.000000, inc_y_i = 1.000000
En el else......

----------------------------------------
x = 6.000000, y = 227.000000
avance = -447.000000, avanceR = 2.000000, avanceI = 2.000000
inc_x_r = 0.000000, inc_y_r = 1.000000, inc_x_i = 1.000000, inc_y_i = 1.000000
En el else......

----------------------------------------
x = 6.000000, y = 228.000000
avance = -445.000000, avanceR = 2.000000, avanceI = 2.000000
inc_x_r = 0.000000, inc_y_r = 1.000000, inc_x_i = 1.000000, inc_y_i = 1.000000
En el else......

----------------------------------------
x = 6.000000, y = 229.000000
avance = -443.000000, avanceR = 2.000000, avanceI = 2.000000
inc_x_r = 0.000000, inc_y_r = 1.000000, inc_x_i = 1.000000, inc_y_i = 1.000000
En el else......

----------------------------------------
x = 6.000000, y = 230.000000
avance = -441.000000, avanceR = 2.000000, avanceI = 2.000000
inc_x_r = 0.000000, inc_y_r = 1.000000, inc_x_i = 1.000000, inc_y_i = 1.000000
En el else......

----------------------------------------
x = 6.000000, y = 231.000000
avance = -439.000000, avanceR = 2.000000, avanceI = 2.000000
inc_x_r = 0.000000, inc_y_r = 1.000000, inc_x_i = 1.000000, inc_y_i = 1.000000
En el else......

----------------------------------------
x = 6.000000, y = 232.000000
avance = -437.000000, avanceR = 2.000000, avanceI = 2.000000
inc_x_r = 0.000000, inc_y_r = 1.000000, inc_x_i = 1.000000, inc_y_i = 1.000000
En el else......

----------------------------------------
x = 6.000000, y = 233.000000
avance = -435.000000, avanceR = 2.000000, avanceI = 2.000000
inc_x_r = 0.000000, inc_y_r = 1.000000, inc_x_i = 1.000000, inc_y_i = 1.000000
En el else......

----------------------------------------
x = 6.000000, y = 234.000000
avance = -433.000000, avanceR = 2.000000, avanceI = 2.000000
inc_x_r = 0.000000, inc_y_r = 1.000000, inc_x_i = 1.000000, inc_y_i = 1.000000
En el else......

----------------------------------------
x = 6.000000, y = 235.000000
avance = -431.000000, avanceR = 2.000000, avanceI = 2.000000
inc_x_r = 0.000000, inc_y_r = 1.000000, inc_x_i = 1.000000, inc_y_i = 1.000000
En el else......

----------------------------------------
x = 6.000000, y = 236.000000
avance = -429.000000, avanceR = 2.000000, avanceI = 2.000000
inc_x_r = 0.000000, inc_y_r = 1.000000, inc_x_i = 1.000000, inc_y_i = 1.000000
En el else......

----------------------------------------
x = 6.000000, y = 237.000000
avance = -427.000000, avanceR = 2.000000, avanceI = 2.000000
inc_x_r = 0.000000, inc_y_r = 1.000000, inc_x_i = 1.000000, inc_y_i = 1.000000
En el else......

----------------------------------------
x = 6.000000, y = 238.000000
avance = -425.000000, avanceR = 2.000000, avanceI = 2.000000
inc_x_r = 0.000000, inc_y_r = 1.000000, inc_x_i = 1.000000, inc_y_i = 1.000000
En el else......

----------------------------------------
x = 6.000000, y = 239.000000
avance = -423.000000, avanceR = 2.000000, avanceI = 2.000000
inc_x_r = 0.000000, inc_y_r = 1.000000, inc_x_i = 1.000000, inc_y_i = 1.000000
En el else......

----------------------------------------
x = 6.000000, y = 240.000000
avance = -421.000000, avanceR = 2.000000, avanceI = 2.000000
inc_x_r = 0.000000, inc_y_r = 1.000000, inc_x_i = 1.000000, inc_y_i = 1.000000
En el else......

----------------------------------------
x = 6.000000, y = 241.000000
avance = -419.000000, avanceR = 2.000000, avanceI = 2.000000
inc_x_r = 0.000000, inc_y_r = 1.000000, inc_x_i = 1.000000, inc_y_i = 1.000000
En el else......

----------------------------------------
x = 6.000000, y = 242.000000
avance = -417.000000, avanceR = 2.000000, avanceI = 2.000000
inc_x_r = 0.000000, inc_y_r = 1.000000, inc_x_i = 1.000000, inc_y_i = 1.000000
En el else......

----------------------------------------
x = 6.000000, y = 243.000000
avance = -415.000000, avanceR = 2.000000, avanceI = 2.000000
inc_x_r = 0.000000, inc_y_r = 1.000000, inc_x_i = 1.000000, inc_y_i = 1.000000
En el else......

----------------------------------------
x = 6.000000, y = 244.000000
avance = -413.000000, avanceR = 2.000000, avanceI = 2.000000
inc_x_r = 0.000000, inc_y_r = 1.000000, inc_x_i = 1.000000, inc_y_i = 1.000000
En el else......

----------------------------------------
x = 6.000000, y = 245.000000
avance = -411.000000, avanceR = 2.000000, avanceI = 2.000000
inc_x_r = 0.000000, inc_y_r = 1.000000, inc_x_i = 1.000000, inc_y_i = 1.000000
En el else......

----------------------------------------
x = 6.000000, y = 246.000000
avance = -409.000000, avanceR = 2.000000, avanceI = 2.000000
inc_x_r = 0.000000, inc_y_r = 1.000000, inc_x_i = 1.000000, inc_y_i = 1.000000
En el else......

----------------------------------------
x = 6.000000, y = 247.000000
avance = -407.000000, avanceR = 2.000000, avanceI = 2.000000
inc_x_r = 0.000000, inc_y_r = 1.000000, inc_x_i = 1.000000, inc_y_i = 1.000000
En el else......

----------------------------------------
x = 6.000000, y = 248.000000
avance = -405.000000, avanceR = 2.000000, avanceI = 2.000000
inc_x_r = 0.000000, inc_y_r = 1.000000, inc_x_i = 1.000000, inc_y_i = 1.000000
En el else......

----------------------------------------
x = 6.000000, y = 249.000000
avance = -403.000000, avanceR = 2.000000, avanceI = 2.000000
inc_x_r = 0.000000, inc_y_r = 1.000000, inc_x_i = 1.000000, inc_y_i = 1.000000
En el else......

----------------------------------------
x = 6.000000, y = 250.000000
avance = -401.000000, avanceR = 2.000000, avanceI = 2.000000
inc_x_r = 0.000000, inc_y_r = 1.000000, inc_x_i = 1.000000, inc_y_i = 1.000000
En el else......

----------------------------------------
x = 6.000000, y = 251.000000
avance = -399.000000, avanceR = 2.000000, avanceI = 2.000000
inc_x_r = 0.000000, inc_y_r = 1.000000, inc_x_i = 1.000000, inc_y_i = 1.000000
En el else......

----------------------------------------
x = 6.000000, y = 252.000000
avance = -397.000000, avanceR = 2.000000, avanceI = 2.000000
inc_x_r = 0.000000, inc_y_r = 1.000000, inc_x_i = 1.000000, inc_y_i = 1.000000
En el else......

----------------------------------------
x = 6.000000, y = 253.000000
avance = -395.000000, avanceR = 2.000000, avanceI = 2.000000
inc_x_r = 0.000000, inc_y_r = 1.000000, inc_x_i = 1.000000, inc_y_i = 1.000000
En el else......

----------------------------------------
x = 6.000000, y = 254.000000
avance = -393.000000, avanceR = 2.000000, avanceI = 2.000000
inc_x_r = 0.000000, inc_y_r = 1.000000, inc_x_i = 1.000000, inc_y_i = 1.000000
En el else......

----------------------------------------
x = 6.000000, y = 255.000000
avance = -391.000000, avanceR = 2.000000, avanceI = 2.000000
inc_x_r = 0.000000, inc_y_r = 1.000000, inc_x_i = 1.000000, inc_y_i = 1.000000
En el else......

----------------------------------------
x = 6.000000, y = 256.000000
avance = -389.000000, avanceR = 2.000000, avanceI = 2.000000
inc_x_r = 0.000000, inc_y_r = 1.000000, inc_x_i = 1.000000, inc_y_i = 1.000000
En el else......

----------------------------------------
x = 6.000000, y = 257.000000
avance = -387.000000, avanceR = 2.000000, avanceI = 2.000000
inc_x_r = 0.000000, inc_y_r = 1.000000, inc_x_i = 1.000000, inc_y_i = 1.000000
En el else......

----------------------------------------
x = 6.000000, y = 258.000000
avance = -385.000000, avanceR = 2.000000, avanceI = 2.000000
inc_x_r = 0.000000, inc_y_r = 1.000000, inc_x_i = 1.000000, inc_y_i = 1.000000
En el else......

----------------------------------------
x = 6.000000, y = 259.000000
avance = -383.000000, avanceR = 2.000000, avanceI = 2.000000
inc_x_r = 0.000000, inc_y_r = 1.000000, inc_x_i = 1.000000, inc_y_i = 1.000000
En el else......

----------------------------------------
x = 6.000000, y = 260.000000
avance = -381.000000, avanceR = 2.000000, avanceI = 2.000000
inc_x_r = 0.000000, inc_y_r = 1.000000, inc_x_i = 1.000000, inc_y_i = 1.000000
En el else......

----------------------------------------
x = 6.000000, y = 261.000000
avance = -379.000000, avanceR = 2.000000, avanceI = 2.000000
inc_x_r = 0.000000, inc_y_r = 1.000000, inc_x_i = 1.000000, inc_y_i = 1.000000
En el else......

----------------------------------------
x = 6.000000, y = 262.000000
avance = -377.000000, avanceR = 2.000000, avanceI = 2.000000
inc_x_r = 0.000000, inc_y_r = 1.000000, inc_x_i = 1.000000, inc_y_i = 1.000000
En el else......

----------------------------------------
x = 6.000000, y = 263.000000
avance = -375.000000, avanceR = 2.000000, avanceI = 2.000000
inc_x_r = 0.000000, inc_y_r = 1.000000, inc_x_i = 1.000000, inc_y_i = 1.000000
En el else......

----------------------------------------
x = 6.000000, y = 264.000000
avance = -373.000000, avanceR = 2.000000, avanceI = 2.000000
inc_x_r = 0.000000, inc_y_r = 1.000000, inc_x_i = 1.000000, inc_y_i = 1.000000
En el else......

----------------------------------------
x = 6.000000, y = 265.000000
avance = -371.000000, avanceR = 2.000000, avanceI = 2.000000
inc_x_r = 0.000000, inc_y_r = 1.000000, inc_x_i = 1.000000, inc_y_i = 1.000000
En el else......

----------------------------------------
x = 6.000000, y = 266.000000
avance = -369.000000, avanceR = 2.000000, avanceI = 2.000000
inc_x_r = 0.000000, inc_y_r = 1.000000, inc_x_i = 1.000000, inc_y_i = 1.000000
En el else......

----------------------------------------
x = 6.000000, y = 267.000000
avance = -367.000000, avanceR = 2.000000, avanceI = 2.000000
inc_x_r = 0.000000, inc_y_r = 1.000000, inc_x_i = 1.000000, inc_y_i = 1.000000
En el else......

----------------------------------------
x = 6.000000, y = 268.000000
avance = -365.000000, avanceR = 2.000000, avanceI = 2.000000
inc_x_r = 0.000000, inc_y_r = 1.000000, inc_x_i = 1.000000, inc_y_i = 1.000000
En el else......

----------------------------------------
x = 6.000000, y = 269.000000
avance = -363.000000, avanceR = 2.000000, avanceI = 2.000000
inc_x_r = 0.000000, inc_y_r = 1.000000, inc_x_i = 1.000000, inc_y_i = 1.000000
En el else......

----------------------------------------
x = 6.000000, y = 270.000000
avance = -361.000000, avanceR = 2.000000, avanceI = 2.000000
inc_x_r = 0.000000, inc_y_r = 1.000000, inc_x_i = 1.000000, inc_y_i = 1.000000
En el else......

----------------------------------------
x = 6.000000, y = 271.000000
avance = -359.000000, avanceR = 2.000000, avanceI = 2.000000
inc_x_r = 0.000000, inc_y_r = 1.000000, inc_x_i = 1.000000, inc_y_i = 1.000000
En el else......

----------------------------------------
x = 6.000000, y = 272.000000
avance = -357.000000, avanceR = 2.000000, avanceI = 2.000000
inc_x_r = 0.000000, inc_y_r = 1.000000, inc_x_i = 1.000000, inc_y_i = 1.000000
En el else......

----------------------------------------
x = 6.000000, y = 273.000000
avance = -355.000000, avanceR = 2.000000, avanceI = 2.000000
inc_x_r = 0.000000, inc_y_r = 1.000000, inc_x_i = 1.000000, inc_y_i = 1.000000
En el else......

----------------------------------------
x = 6.000000, y = 274.000000
avance = -353.000000, avanceR = 2.000000, avanceI = 2.000000
inc_x_r = 0.000000, inc_y_r = 1.000000, inc_x_i = 1.000000, inc_y_i = 1.000000
En el else......

----------------------------------------
x = 6.000000, y = 275.000000
avance = -351.000000, avanceR = 2.000000, avanceI = 2.000000
inc_x_r = 0.000000, inc_y_r = 1.000000, inc_x_i = 1.000000, inc_y_i = 1.000000
En el else......

----------------------------------------
x = 6.000000, y = 276.000000
avance = -349.000000, avanceR = 2.000000, avanceI = 2.000000
inc_x_r = 0.000000, inc_y_r = 1.000000, inc_x_i = 1.000000, inc_y_i = 1.000000
En el else......

----------------------------------------
x = 6.000000, y = 277.000000
avance = -347.000000, avanceR = 2.000000, avanceI = 2.000000
inc_x_r = 0.000000, inc_y_r = 1.000000, inc_x_i = 1.000000, inc_y_i = 1.000000
En el else......

----------------------------------------
x = 6.000000, y = 278.000000
avance = -345.000000, avanceR = 2.000000, avanceI = 2.000000
inc_x_r = 0.000000, inc_y_r = 1.000000, inc_x_i = 1.000000, inc_y_i = 1.000000
En el else......

----------------------------------------
x = 6.000000, y = 279.000000
avance = -343.000000, avanceR = 2.000000, avanceI = 2.000000
inc_x_r = 0.000000, inc_y_r = 1.000000, inc_x_i = 1.000000, inc_y_i = 1.000000
En el else......

----------------------------------------
x = 6.000000, y = 280.000000
avance = -341.000000, avanceR = 2.000000, avanceI = 2.000000
inc_x_r = 0.000000, inc_y_r = 1.000000, inc_x_i = 1.000000, inc_y_i = 1.000000
En el else......

----------------------------------------
x = 6.000000, y = 281.000000
avance = -339.000000, avanceR = 2.000000, avanceI = 2.000000
inc_x_r = 0.000000, inc_y_r = 1.000000, inc_x_i = 1.000000, inc_y_i = 1.000000
En el else......

----------------------------------------
x = 6.000000, y = 282.000000
avance = -337.000000, avanceR = 2.000000, avanceI = 2.000000
inc_x_r = 0.000000, inc_y_r = 1.000000, inc_x_i = 1.000000, inc_y_i = 1.000000
En el else......

----------------------------------------
x = 6.000000, y = 283.000000
avance = -335.000000, avanceR = 2.000000, avanceI = 2.000000
inc_x_r = 0.000000, inc_y_r = 1.000000, inc_x_i = 1.000000, inc_y_i = 1.000000
En el else......

----------------------------------------
x = 6.000000, y = 284.000000
avance = -333.000000, avanceR = 2.000000, avanceI = 2.000000
inc_x_r = 0.000000, inc_y_r = 1.000000, inc_x_i = 1.000000, inc_y_i = 1.000000
En el else......

----------------------------------------
x = 6.000000, y = 285.000000
avance = -331.000000, avanceR = 2.000000, avanceI = 2.000000
inc_x_r = 0.000000, inc_y_r = 1.000000, inc_x_i = 1.000000, inc_y_i = 1.000000
En el else......

----------------------------------------
x = 6.000000, y = 286.000000
avance = -329.000000, avanceR = 2.000000, avanceI = 2.000000
inc_x_r = 0.000000, inc_y_r = 1.000000, inc_x_i = 1.000000, inc_y_i = 1.000000
En el else......

----------------------------------------
x = 6.000000, y = 287.000000
avance = -327.000000, avanceR = 2.000000, avanceI = 2.000000
inc_x_r = 0.000000, inc_y_r = 1.000000, inc_x_i = 1.000000, inc_y_i = 1.000000
En el else......

----------------------------------------
x = 6.000000, y = 288.000000
avance = -325.000000, avanceR = 2.000000, avanceI = 2.000000
inc_x_r = 0.000000, inc_y_r = 1.000000, inc_x_i = 1.000000, inc_y_i = 1.000000
En el else......

----------------------------------------
x = 6.000000, y = 289.000000
avance = -323.000000, avanceR = 2.000000, avanceI = 2.000000
inc_x_r = 0.000000, inc_y_r = 1.000000, inc_x_i = 1.000000, inc_y_i = 1.000000
En el else......

----------------------------------------
x = 6.000000, y = 290.000000
avance = -321.000000, avanceR = 2.000000, avanceI = 2.000000
inc_x_r = 0.000000, inc_y_r = 1.000000, inc_x_i = 1.000000, inc_y_i = 1.000000
En el else......

----------------------------------------
x = 6.000000, y = 291.000000
avance = -319.000000, avanceR = 2.000000, avanceI = 2.000000
inc_x_r = 0.000000, inc_y_r = 1.000000, inc_x_i = 1.000000, inc_y_i = 1.000000
En el else......

----------------------------------------
x = 6.000000, y = 292.000000
avance = -317.000000, avanceR = 2.000000, avanceI = 2.000000
inc_x_r = 0.000000, inc_y_r = 1.000000, inc_x_i = 1.000000, inc_y_i = 1.000000
En el else......

----------------------------------------
x = 6.000000, y = 293.000000
avance = -315.000000, avanceR = 2.000000, avanceI = 2.000000
inc_x_r = 0.000000, inc_y_r = 1.000000, inc_x_i = 1.000000, inc_y_i = 1.000000
En el else......

----------------------------------------
x = 6.000000, y = 294.000000
avance = -313.000000, avanceR = 2.000000, avanceI = 2.000000
inc_x_r = 0.000000, inc_y_r = 1.000000, inc_x_i = 1.000000, inc_y_i = 1.000000
En el else......

----------------------------------------
x = 6.000000, y = 295.000000
avance = -311.000000, avanceR = 2.000000, avanceI = 2.000000
inc_x_r = 0.000000, inc_y_r = 1.000000, inc_x_i = 1.000000, inc_y_i = 1.000000
En el else......

----------------------------------------
x = 6.000000, y = 296.000000
avance = -309.000000, avanceR = 2.000000, avanceI = 2.000000
inc_x_r = 0.000000, inc_y_r = 1.000000, inc_x_i = 1.000000, inc_y_i = 1.000000
En el else......

----------------------------------------
x = 6.000000, y = 297.000000
avance = -307.000000, avanceR = 2.000000, avanceI = 2.000000
inc_x_r = 0.000000, inc_y_r = 1.000000, inc_x_i = 1.000000, inc_y_i = 1.000000
En el else......

----------------------------------------
x = 6.000000, y = 298.000000
avance = -305.000000, avanceR = 2.000000, avanceI = 2.000000
inc_x_r = 0.000000, inc_y_r = 1.000000, inc_x_i = 1.000000, inc_y_i = 1.000000
En el else......

----------------------------------------
x = 6.000000, y = 299.000000
avance = -303.000000, avanceR = 2.000000, avanceI = 2.000000
inc_x_r = 0.000000, inc_y_r = 1.000000, inc_x_i = 1.000000, inc_y_i = 1.000000
En el else......

----------------------------------------
x = 6.000000, y = 300.000000
avance = -301.000000, avanceR = 2.000000, avanceI = 2.000000
inc_x_r = 0.000000, inc_y_r = 1.000000, inc_x_i = 1.000000, inc_y_i = 1.000000
En el else......

----------------------------------------
x = 6.000000, y = 301.000000
avance = -299.000000, avanceR = 2.000000, avanceI = 2.000000
inc_x_r = 0.000000, inc_y_r = 1.000000, inc_x_i = 1.000000, inc_y_i = 1.000000
En el else......

----------------------------------------
x = 6.000000, y = 302.000000
avance = -297.000000, avanceR = 2.000000, avanceI = 2.000000
inc_x_r = 0.000000, inc_y_r = 1.000000, inc_x_i = 1.000000, inc_y_i = 1.000000
En el else......

----------------------------------------
x = 6.000000, y = 303.000000
avance = -295.000000, avanceR = 2.000000, avanceI = 2.000000
inc_x_r = 0.000000, inc_y_r = 1.000000, inc_x_i = 1.000000, inc_y_i = 1.000000
En el else......

----------------------------------------
x = 6.000000, y = 304.000000
avance = -293.000000, avanceR = 2.000000, avanceI = 2.000000
inc_x_r = 0.000000, inc_y_r = 1.000000, inc_x_i = 1.000000, inc_y_i = 1.000000
En el else......

----------------------------------------
x = 6.000000, y = 305.000000
avance = -291.000000, avanceR = 2.000000, avanceI = 2.000000
inc_x_r = 0.000000, inc_y_r = 1.000000, inc_x_i = 1.000000, inc_y_i = 1.000000
En el else......

----------------------------------------
x = 6.000000, y = 306.000000
avance = -289.000000, avanceR = 2.000000, avanceI = 2.000000
inc_x_r = 0.000000, inc_y_r = 1.000000, inc_x_i = 1.000000, inc_y_i = 1.000000
En el else......

----------------------------------------
x = 6.000000, y = 307.000000
avance = -287.000000, avanceR = 2.000000, avanceI = 2.000000
inc_x_r = 0.000000, inc_y_r = 1.000000, inc_x_i = 1.000000, inc_y_i = 1.000000
En el else......

----------------------------------------
x = 6.000000, y = 308.000000
avance = -285.000000, avanceR = 2.000000, avanceI = 2.000000
inc_x_r = 0.000000, inc_y_r = 1.000000, inc_x_i = 1.000000, inc_y_i = 1.000000
En el else......

----------------------------------------
x = 6.000000, y = 309.000000
avance = -283.000000, avanceR = 2.000000, avanceI = 2.000000
inc_x_r = 0.000000, inc_y_r = 1.000000, inc_x_i = 1.000000, inc_y_i = 1.000000
En el else......

----------------------------------------
x = 6.000000, y = 310.000000
avance = -281.000000, avanceR = 2.000000, avanceI = 2.000000
inc_x_r = 0.000000, inc_y_r = 1.000000, inc_x_i = 1.000000, inc_y_i = 1.000000
En el else......

----------------------------------------
x = 6.000000, y = 311.000000
avance = -279.000000, avanceR = 2.000000, avanceI = 2.000000
inc_x_r = 0.000000, inc_y_r = 1.000000, inc_x_i = 1.000000, inc_y_i = 1.000000
En el else......

----------------------------------------
x = 6.000000, y = 312.000000
avance = -277.000000, avanceR = 2.000000, avanceI = 2.000000
inc_x_r = 0.000000, inc_y_r = 1.000000, inc_x_i = 1.000000, inc_y_i = 1.000000
En el else......

----------------------------------------
x = 6.000000, y = 313.000000
avance = -275.000000, avanceR = 2.000000, avanceI = 2.000000
inc_x_r = 0.000000, inc_y_r = 1.000000, inc_x_i = 1.000000, inc_y_i = 1.000000
En el else......

----------------------------------------
x = 6.000000, y = 314.000000
avance = -273.000000, avanceR = 2.000000, avanceI = 2.000000
inc_x_r = 0.000000, inc_y_r = 1.000000, inc_x_i = 1.000000, inc_y_i = 1.000000
En el else......

----------------------------------------
x = 6.000000, y = 315.000000
avance = -271.000000, avanceR = 2.000000, avanceI = 2.000000
inc_x_r = 0.000000, inc_y_r = 1.000000, inc_x_i = 1.000000, inc_y_i = 1.000000
En el else......

----------------------------------------
x = 6.000000, y = 316.000000
avance = -269.000000, avanceR = 2.000000, avanceI = 2.000000
inc_x_r = 0.000000, inc_y_r = 1.000000, inc_x_i = 1.000000, inc_y_i = 1.000000
En el else......

----------------------------------------
x = 6.000000, y = 317.000000
avance = -267.000000, avanceR = 2.000000, avanceI = 2.000000
inc_x_r = 0.000000, inc_y_r = 1.000000, inc_x_i = 1.000000, inc_y_i = 1.000000
En el else......

----------------------------------------
x = 6.000000, y = 318.000000
avance = -265.000000, avanceR = 2.000000, avanceI = 2.000000
inc_x_r = 0.000000, inc_y_r = 1.000000, inc_x_i = 1.000000, inc_y_i = 1.000000
En el else......

----------------------------------------
x = 6.000000, y = 319.000000
avance = -263.000000, avanceR = 2.000000, avanceI = 2.000000
inc_x_r = 0.000000, inc_y_r = 1.000000, inc_x_i = 1.000000, inc_y_i = 1.000000
En el else......

----------------------------------------
x = 6.000000, y = 320.000000
avance = -261.000000, avanceR = 2.000000, avanceI = 2.000000
inc_x_r = 0.000000, inc_y_r = 1.000000, inc_x_i = 1.000000, inc_y_i = 1.000000
En el else......

----------------------------------------
x = 6.000000, y = 321.000000
avance = -259.000000, avanceR = 2.000000, avanceI = 2.000000
inc_x_r = 0.000000, inc_y_r = 1.000000, inc_x_i = 1.000000, inc_y_i = 1.000000
En el else......

----------------------------------------
x = 6.000000, y = 322.000000
avance = -257.000000, avanceR = 2.000000, avanceI = 2.000000
inc_x_r = 0.000000, inc_y_r = 1.000000, inc_x_i = 1.000000, inc_y_i = 1.000000
En el else......

----------------------------------------
x = 6.000000, y = 323.000000
avance = -255.000000, avanceR = 2.000000, avanceI = 2.000000
inc_x_r = 0.000000, inc_y_r = 1.000000, inc_x_i = 1.000000, inc_y_i = 1.000000
En el else......

----------------------------------------
x = 6.000000, y = 324.000000
avance = -253.000000, avanceR = 2.000000, avanceI = 2.000000
inc_x_r = 0.000000, inc_y_r = 1.000000, inc_x_i = 1.000000, inc_y_i = 1.000000
En el else......

----------------------------------------
x = 6.000000, y = 325.000000
avance = -251.000000, avanceR = 2.000000, avanceI = 2.000000
inc_x_r = 0.000000, inc_y_r = 1.000000, inc_x_i = 1.000000, inc_y_i = 1.000000
En el else......

----------------------------------------


ENTRAMOS A BRESENHAMªªªª
x1 = 5.000000 - y1 = 75.000000 || x2 = 6.000000 - y2 = 326.000000
dy = 251.000000, dx = 1.000000
avances inclinados: inc_x_i = 1.000000, inc_y_i = 1.000000
updated: dy = 251.000000, dx = 1.000000
avances rectos: inc_x_r = 0.000000, inc_y_r 1.000000
reupdated: dy = 1.000000, dx = 251.000000
avanceR = 2.000000, avance -249.000000, avanceI 2.000000
----------------------------------------
x = 5.000000, y = 75.000000
avance = -249.000000, avanceR = 2.000000, avanceI = 2.000000
inc_x_r = 0.000000, inc_y_r = 1.000000, inc_x_i = 1.000000, inc_y_i = 1.000000
En el else......

----------------------------------------
x = 5.000000, y = 76.000000
avance = -247.000000, avanceR = 2.000000, avanceI = 2.000000
inc_x_r = 0.000000, inc_y_r = 1.000000, inc_x_i = 1.000000, inc_y_i = 1.000000
En el else......

----------------------------------------
x = 5.000000, y = 77.000000
avance = -245.000000, avanceR = 2.000000, avanceI = 2.000000
inc_x_r = 0.000000, inc_y_r = 1.000000, inc_x_i = 1.000000, inc_y_i = 1.000000
En el else......

----------------------------------------
x = 5.000000, y = 78.000000
avance = -243.000000, avanceR = 2.000000, avanceI = 2.000000
inc_x_r = 0.000000, inc_y_r = 1.000000, inc_x_i = 1.000000, inc_y_i = 1.000000
En el else......

----------------------------------------
x = 5.000000, y = 79.000000
avance = -241.000000, avanceR = 2.000000, avanceI = 2.000000
inc_x_r = 0.000000, inc_y_r = 1.000000, inc_x_i = 1.000000, inc_y_i = 1.000000
En el else......

----------------------------------------
x = 5.000000, y = 80.000000
avance = -239.000000, avanceR = 2.000000, avanceI = 2.000000
inc_x_r = 0.000000, inc_y_r = 1.000000, inc_x_i = 1.000000, inc_y_i = 1.000000
En el else......

----------------------------------------
x = 5.000000, y = 81.000000
avance = -237.000000, avanceR = 2.000000, avanceI = 2.000000
inc_x_r = 0.000000, inc_y_r = 1.000000, inc_x_i = 1.000000, inc_y_i = 1.000000
En el else......

----------------------------------------
x = 5.000000, y = 82.000000
avance = -235.000000, avanceR = 2.000000, avanceI = 2.000000
inc_x_r = 0.000000, inc_y_r = 1.000000, inc_x_i = 1.000000, inc_y_i = 1.000000
En el else......

----------------------------------------
x = 5.000000, y = 83.000000
avance = -233.000000, avanceR = 2.000000, avanceI = 2.000000
inc_x_r = 0.000000, inc_y_r = 1.000000, inc_x_i = 1.000000, inc_y_i = 1.000000
En el else......

----------------------------------------
x = 5.000000, y = 84.000000
avance = -231.000000, avanceR = 2.000000, avanceI = 2.000000
inc_x_r = 0.000000, inc_y_r = 1.000000, inc_x_i = 1.000000, inc_y_i = 1.000000
En el else......

----------------------------------------
x = 5.000000, y = 85.000000
avance = -229.000000, avanceR = 2.000000, avanceI = 2.000000
inc_x_r = 0.000000, inc_y_r = 1.000000, inc_x_i = 1.000000, inc_y_i = 1.000000
En el else......

----------------------------------------
x = 5.000000, y = 86.000000
avance = -227.000000, avanceR = 2.000000, avanceI = 2.000000
inc_x_r = 0.000000, inc_y_r = 1.000000, inc_x_i = 1.000000, inc_y_i = 1.000000
En el else......

----------------------------------------
x = 5.000000, y = 87.000000
avance = -225.000000, avanceR = 2.000000, avanceI = 2.000000
inc_x_r = 0.000000, inc_y_r = 1.000000, inc_x_i = 1.000000, inc_y_i = 1.000000
En el else......

----------------------------------------
x = 5.000000, y = 88.000000
avance = -223.000000, avanceR = 2.000000, avanceI = 2.000000
inc_x_r = 0.000000, inc_y_r = 1.000000, inc_x_i = 1.000000, inc_y_i = 1.000000
En el else......

----------------------------------------
x = 5.000000, y = 89.000000
avance = -221.000000, avanceR = 2.000000, avanceI = 2.000000
inc_x_r = 0.000000, inc_y_r = 1.000000, inc_x_i = 1.000000, inc_y_i = 1.000000
En el else......

----------------------------------------
x = 5.000000, y = 90.000000
avance = -219.000000, avanceR = 2.000000, avanceI = 2.000000
inc_x_r = 0.000000, inc_y_r = 1.000000, inc_x_i = 1.000000, inc_y_i = 1.000000
En el else......

----------------------------------------
x = 5.000000, y = 91.000000
avance = -217.000000, avanceR = 2.000000, avanceI = 2.000000
inc_x_r = 0.000000, inc_y_r = 1.000000, inc_x_i = 1.000000, inc_y_i = 1.000000
En el else......

----------------------------------------
x = 5.000000, y = 92.000000
avance = -215.000000, avanceR = 2.000000, avanceI = 2.000000
inc_x_r = 0.000000, inc_y_r = 1.000000, inc_x_i = 1.000000, inc_y_i = 1.000000
En el else......

----------------------------------------
x = 5.000000, y = 93.000000
avance = -213.000000, avanceR = 2.000000, avanceI = 2.000000
inc_x_r = 0.000000, inc_y_r = 1.000000, inc_x_i = 1.000000, inc_y_i = 1.000000
En el else......

----------------------------------------
x = 5.000000, y = 94.000000
avance = -211.000000, avanceR = 2.000000, avanceI = 2.000000
inc_x_r = 0.000000, inc_y_r = 1.000000, inc_x_i = 1.000000, inc_y_i = 1.000000
En el else......

----------------------------------------
x = 5.000000, y = 95.000000
avance = -209.000000, avanceR = 2.000000, avanceI = 2.000000
inc_x_r = 0.000000, inc_y_r = 1.000000, inc_x_i = 1.000000, inc_y_i = 1.000000
En el else......

----------------------------------------
x = 5.000000, y = 96.000000
avance = -207.000000, avanceR = 2.000000, avanceI = 2.000000
inc_x_r = 0.000000, inc_y_r = 1.000000, inc_x_i = 1.000000, inc_y_i = 1.000000
En el else......

----------------------------------------
x = 5.000000, y = 97.000000
avance = -205.000000, avanceR = 2.000000, avanceI = 2.000000
inc_x_r = 0.000000, inc_y_r = 1.000000, inc_x_i = 1.000000, inc_y_i = 1.000000
En el else......

----------------------------------------
x = 5.000000, y = 98.000000
avance = -203.000000, avanceR = 2.000000, avanceI = 2.000000
inc_x_r = 0.000000, inc_y_r = 1.000000, inc_x_i = 1.000000, inc_y_i = 1.000000
En el else......

----------------------------------------
x = 5.000000, y = 99.000000
avance = -201.000000, avanceR = 2.000000, avanceI = 2.000000
inc_x_r = 0.000000, inc_y_r = 1.000000, inc_x_i = 1.000000, inc_y_i = 1.000000
En el else......

----------------------------------------
x = 5.000000, y = 100.000000
avance = -199.000000, avanceR = 2.000000, avanceI = 2.000000
inc_x_r = 0.000000, inc_y_r = 1.000000, inc_x_i = 1.000000, inc_y_i = 1.000000
En el else......

----------------------------------------
x = 5.000000, y = 101.000000
avance = -197.000000, avanceR = 2.000000, avanceI = 2.000000
inc_x_r = 0.000000, inc_y_r = 1.000000, inc_x_i = 1.000000, inc_y_i = 1.000000
En el else......

----------------------------------------
x = 5.000000, y = 102.000000
avance = -195.000000, avanceR = 2.000000, avanceI = 2.000000
inc_x_r = 0.000000, inc_y_r = 1.000000, inc_x_i = 1.000000, inc_y_i = 1.000000
En el else......

----------------------------------------
x = 5.000000, y = 103.000000
avance = -193.000000, avanceR = 2.000000, avanceI = 2.000000
inc_x_r = 0.000000, inc_y_r = 1.000000, inc_x_i = 1.000000, inc_y_i = 1.000000
En el else......

----------------------------------------
x = 5.000000, y = 104.000000
avance = -191.000000, avanceR = 2.000000, avanceI = 2.000000
inc_x_r = 0.000000, inc_y_r = 1.000000, inc_x_i = 1.000000, inc_y_i = 1.000000
En el else......

----------------------------------------
x = 5.000000, y = 105.000000
avance = -189.000000, avanceR = 2.000000, avanceI = 2.000000
inc_x_r = 0.000000, inc_y_r = 1.000000, inc_x_i = 1.000000, inc_y_i = 1.000000
En el else......

----------------------------------------
x = 5.000000, y = 106.000000
avance = -187.000000, avanceR = 2.000000, avanceI = 2.000000
inc_x_r = 0.000000, inc_y_r = 1.000000, inc_x_i = 1.000000, inc_y_i = 1.000000
En el else......

----------------------------------------
x = 5.000000, y = 107.000000
avance = -185.000000, avanceR = 2.000000, avanceI = 2.000000
inc_x_r = 0.000000, inc_y_r = 1.000000, inc_x_i = 1.000000, inc_y_i = 1.000000
En el else......

----------------------------------------
x = 5.000000, y = 108.000000
avance = -183.000000, avanceR = 2.000000, avanceI = 2.000000
inc_x_r = 0.000000, inc_y_r = 1.000000, inc_x_i = 1.000000, inc_y_i = 1.000000
En el else......

----------------------------------------
x = 5.000000, y = 109.000000
avance = -181.000000, avanceR = 2.000000, avanceI = 2.000000
inc_x_r = 0.000000, inc_y_r = 1.000000, inc_x_i = 1.000000, inc_y_i = 1.000000
En el else......

----------------------------------------
x = 5.000000, y = 110.000000
avance = -179.000000, avanceR = 2.000000, avanceI = 2.000000
inc_x_r = 0.000000, inc_y_r = 1.000000, inc_x_i = 1.000000, inc_y_i = 1.000000
En el else......

----------------------------------------
x = 5.000000, y = 111.000000
avance = -177.000000, avanceR = 2.000000, avanceI = 2.000000
inc_x_r = 0.000000, inc_y_r = 1.000000, inc_x_i = 1.000000, inc_y_i = 1.000000
En el else......

----------------------------------------
x = 5.000000, y = 112.000000
avance = -175.000000, avanceR = 2.000000, avanceI = 2.000000
inc_x_r = 0.000000, inc_y_r = 1.000000, inc_x_i = 1.000000, inc_y_i = 1.000000
En el else......

----------------------------------------
x = 5.000000, y = 113.000000
avance = -173.000000, avanceR = 2.000000, avanceI = 2.000000
inc_x_r = 0.000000, inc_y_r = 1.000000, inc_x_i = 1.000000, inc_y_i = 1.000000
En el else......

----------------------------------------
x = 5.000000, y = 114.000000
avance = -171.000000, avanceR = 2.000000, avanceI = 2.000000
inc_x_r = 0.000000, inc_y_r = 1.000000, inc_x_i = 1.000000, inc_y_i = 1.000000
En el else......

----------------------------------------
x = 5.000000, y = 115.000000
avance = -169.000000, avanceR = 2.000000, avanceI = 2.000000
inc_x_r = 0.000000, inc_y_r = 1.000000, inc_x_i = 1.000000, inc_y_i = 1.000000
En el else......

----------------------------------------
x = 5.000000, y = 116.000000
avance = -167.000000, avanceR = 2.000000, avanceI = 2.000000
inc_x_r = 0.000000, inc_y_r = 1.000000, inc_x_i = 1.000000, inc_y_i = 1.000000
En el else......

----------------------------------------
x = 5.000000, y = 117.000000
avance = -165.000000, avanceR = 2.000000, avanceI = 2.000000
inc_x_r = 0.000000, inc_y_r = 1.000000, inc_x_i = 1.000000, inc_y_i = 1.000000
En el else......

----------------------------------------
x = 5.000000, y = 118.000000
avance = -163.000000, avanceR = 2.000000, avanceI = 2.000000
inc_x_r = 0.000000, inc_y_r = 1.000000, inc_x_i = 1.000000, inc_y_i = 1.000000
En el else......

----------------------------------------
x = 5.000000, y = 119.000000
avance = -161.000000, avanceR = 2.000000, avanceI = 2.000000
inc_x_r = 0.000000, inc_y_r = 1.000000, inc_x_i = 1.000000, inc_y_i = 1.000000
En el else......

----------------------------------------
x = 5.000000, y = 120.000000
avance = -159.000000, avanceR = 2.000000, avanceI = 2.000000
inc_x_r = 0.000000, inc_y_r = 1.000000, inc_x_i = 1.000000, inc_y_i = 1.000000
En el else......

----------------------------------------
x = 5.000000, y = 121.000000
avance = -157.000000, avanceR = 2.000000, avanceI = 2.000000
inc_x_r = 0.000000, inc_y_r = 1.000000, inc_x_i = 1.000000, inc_y_i = 1.000000
En el else......

----------------------------------------
x = 5.000000, y = 122.000000
avance = -155.000000, avanceR = 2.000000, avanceI = 2.000000
inc_x_r = 0.000000, inc_y_r = 1.000000, inc_x_i = 1.000000, inc_y_i = 1.000000
En el else......

----------------------------------------
x = 5.000000, y = 123.000000
avance = -153.000000, avanceR = 2.000000, avanceI = 2.000000
inc_x_r = 0.000000, inc_y_r = 1.000000, inc_x_i = 1.000000, inc_y_i = 1.000000
En el else......

----------------------------------------
x = 5.000000, y = 124.000000
avance = -151.000000, avanceR = 2.000000, avanceI = 2.000000
inc_x_r = 0.000000, inc_y_r = 1.000000, inc_x_i = 1.000000, inc_y_i = 1.000000
En el else......

----------------------------------------
x = 5.000000, y = 125.000000
avance = -149.000000, avanceR = 2.000000, avanceI = 2.000000
inc_x_r = 0.000000, inc_y_r = 1.000000, inc_x_i = 1.000000, inc_y_i = 1.000000
En el else......

----------------------------------------
x = 5.000000, y = 126.000000
avance = -147.000000, avanceR = 2.000000, avanceI = 2.000000
inc_x_r = 0.000000, inc_y_r = 1.000000, inc_x_i = 1.000000, inc_y_i = 1.000000
En el else......

----------------------------------------
x = 5.000000, y = 127.000000
avance = -145.000000, avanceR = 2.000000, avanceI = 2.000000
inc_x_r = 0.000000, inc_y_r = 1.000000, inc_x_i = 1.000000, inc_y_i = 1.000000
En el else......

----------------------------------------
x = 5.000000, y = 128.000000
avance = -143.000000, avanceR = 2.000000, avanceI = 2.000000
inc_x_r = 0.000000, inc_y_r = 1.000000, inc_x_i = 1.000000, inc_y_i = 1.000000
En el else......

----------------------------------------
x = 5.000000, y = 129.000000
avance = -141.000000, avanceR = 2.000000, avanceI = 2.000000
inc_x_r = 0.000000, inc_y_r = 1.000000, inc_x_i = 1.000000, inc_y_i = 1.000000
En el else......

----------------------------------------
x = 5.000000, y = 130.000000
avance = -139.000000, avanceR = 2.000000, avanceI = 2.000000
inc_x_r = 0.000000, inc_y_r = 1.000000, inc_x_i = 1.000000, inc_y_i = 1.000000
En el else......

----------------------------------------
x = 5.000000, y = 131.000000
avance = -137.000000, avanceR = 2.000000, avanceI = 2.000000
inc_x_r = 0.000000, inc_y_r = 1.000000, inc_x_i = 1.000000, inc_y_i = 1.000000
En el else......

----------------------------------------
x = 5.000000, y = 132.000000
avance = -135.000000, avanceR = 2.000000, avanceI = 2.000000
inc_x_r = 0.000000, inc_y_r = 1.000000, inc_x_i = 1.000000, inc_y_i = 1.000000
En el else......

----------------------------------------
x = 5.000000, y = 133.000000
avance = -133.000000, avanceR = 2.000000, avanceI = 2.000000
inc_x_r = 0.000000, inc_y_r = 1.000000, inc_x_i = 1.000000, inc_y_i = 1.000000
En el else......

----------------------------------------
x = 5.000000, y = 134.000000
avance = -131.000000, avanceR = 2.000000, avanceI = 2.000000
inc_x_r = 0.000000, inc_y_r = 1.000000, inc_x_i = 1.000000, inc_y_i = 1.000000
En el else......

----------------------------------------
x = 5.000000, y = 135.000000
avance = -129.000000, avanceR = 2.000000, avanceI = 2.000000
inc_x_r = 0.000000, inc_y_r = 1.000000, inc_x_i = 1.000000, inc_y_i = 1.000000
En el else......

----------------------------------------
x = 5.000000, y = 136.000000
avance = -127.000000, avanceR = 2.000000, avanceI = 2.000000
inc_x_r = 0.000000, inc_y_r = 1.000000, inc_x_i = 1.000000, inc_y_i = 1.000000
En el else......

----------------------------------------
x = 5.000000, y = 137.000000
avance = -125.000000, avanceR = 2.000000, avanceI = 2.000000
inc_x_r = 0.000000, inc_y_r = 1.000000, inc_x_i = 1.000000, inc_y_i = 1.000000
En el else......

----------------------------------------
x = 5.000000, y = 138.000000
avance = -123.000000, avanceR = 2.000000, avanceI = 2.000000
inc_x_r = 0.000000, inc_y_r = 1.000000, inc_x_i = 1.000000, inc_y_i = 1.000000
En el else......

----------------------------------------
x = 5.000000, y = 139.000000
avance = -121.000000, avanceR = 2.000000, avanceI = 2.000000
inc_x_r = 0.000000, inc_y_r = 1.000000, inc_x_i = 1.000000, inc_y_i = 1.000000
En el else......

----------------------------------------
x = 5.000000, y = 140.000000
avance = -119.000000, avanceR = 2.000000, avanceI = 2.000000
inc_x_r = 0.000000, inc_y_r = 1.000000, inc_x_i = 1.000000, inc_y_i = 1.000000
En el else......

----------------------------------------
x = 5.000000, y = 141.000000
avance = -117.000000, avanceR = 2.000000, avanceI = 2.000000
inc_x_r = 0.000000, inc_y_r = 1.000000, inc_x_i = 1.000000, inc_y_i = 1.000000
En el else......

----------------------------------------
x = 5.000000, y = 142.000000
avance = -115.000000, avanceR = 2.000000, avanceI = 2.000000
inc_x_r = 0.000000, inc_y_r = 1.000000, inc_x_i = 1.000000, inc_y_i = 1.000000
En el else......

----------------------------------------
x = 5.000000, y = 143.000000
avance = -113.000000, avanceR = 2.000000, avanceI = 2.000000
inc_x_r = 0.000000, inc_y_r = 1.000000, inc_x_i = 1.000000, inc_y_i = 1.000000
En el else......

----------------------------------------
x = 5.000000, y = 144.000000
avance = -111.000000, avanceR = 2.000000, avanceI = 2.000000
inc_x_r = 0.000000, inc_y_r = 1.000000, inc_x_i = 1.000000, inc_y_i = 1.000000
En el else......

----------------------------------------
x = 5.000000, y = 145.000000
avance = -109.000000, avanceR = 2.000000, avanceI = 2.000000
inc_x_r = 0.000000, inc_y_r = 1.000000, inc_x_i = 1.000000, inc_y_i = 1.000000
En el else......

----------------------------------------
x = 5.000000, y = 146.000000
avance = -107.000000, avanceR = 2.000000, avanceI = 2.000000
inc_x_r = 0.000000, inc_y_r = 1.000000, inc_x_i = 1.000000, inc_y_i = 1.000000
En el else......

----------------------------------------
x = 5.000000, y = 147.000000
avance = -105.000000, avanceR = 2.000000, avanceI = 2.000000
inc_x_r = 0.000000, inc_y_r = 1.000000, inc_x_i = 1.000000, inc_y_i = 1.000000
En el else......

----------------------------------------
x = 5.000000, y = 148.000000
avance = -103.000000, avanceR = 2.000000, avanceI = 2.000000
inc_x_r = 0.000000, inc_y_r = 1.000000, inc_x_i = 1.000000, inc_y_i = 1.000000
En el else......

----------------------------------------
x = 5.000000, y = 149.000000
avance = -101.000000, avanceR = 2.000000, avanceI = 2.000000
inc_x_r = 0.000000, inc_y_r = 1.000000, inc_x_i = 1.000000, inc_y_i = 1.000000
En el else......

----------------------------------------
x = 5.000000, y = 150.000000
avance = -99.000000, avanceR = 2.000000, avanceI = 2.000000
inc_x_r = 0.000000, inc_y_r = 1.000000, inc_x_i = 1.000000, inc_y_i = 1.000000
En el else......

----------------------------------------
x = 5.000000, y = 151.000000
avance = -97.000000, avanceR = 2.000000, avanceI = 2.000000
inc_x_r = 0.000000, inc_y_r = 1.000000, inc_x_i = 1.000000, inc_y_i = 1.000000
En el else......

----------------------------------------
x = 5.000000, y = 152.000000
avance = -95.000000, avanceR = 2.000000, avanceI = 2.000000
inc_x_r = 0.000000, inc_y_r = 1.000000, inc_x_i = 1.000000, inc_y_i = 1.000000
En el else......

----------------------------------------
x = 5.000000, y = 153.000000
avance = -93.000000, avanceR = 2.000000, avanceI = 2.000000
inc_x_r = 0.000000, inc_y_r = 1.000000, inc_x_i = 1.000000, inc_y_i = 1.000000
En el else......

----------------------------------------
x = 5.000000, y = 154.000000
avance = -91.000000, avanceR = 2.000000, avanceI = 2.000000
inc_x_r = 0.000000, inc_y_r = 1.000000, inc_x_i = 1.000000, inc_y_i = 1.000000
En el else......

----------------------------------------
x = 5.000000, y = 155.000000
avance = -89.000000, avanceR = 2.000000, avanceI = 2.000000
inc_x_r = 0.000000, inc_y_r = 1.000000, inc_x_i = 1.000000, inc_y_i = 1.000000
En el else......

----------------------------------------
x = 5.000000, y = 156.000000
avance = -87.000000, avanceR = 2.000000, avanceI = 2.000000
inc_x_r = 0.000000, inc_y_r = 1.000000, inc_x_i = 1.000000, inc_y_i = 1.000000
En el else......

----------------------------------------
x = 5.000000, y = 157.000000
avance = -85.000000, avanceR = 2.000000, avanceI = 2.000000
inc_x_r = 0.000000, inc_y_r = 1.000000, inc_x_i = 1.000000, inc_y_i = 1.000000
En el else......

----------------------------------------
x = 5.000000, y = 158.000000
avance = -83.000000, avanceR = 2.000000, avanceI = 2.000000
inc_x_r = 0.000000, inc_y_r = 1.000000, inc_x_i = 1.000000, inc_y_i = 1.000000
En el else......

----------------------------------------
x = 5.000000, y = 159.000000
avance = -81.000000, avanceR = 2.000000, avanceI = 2.000000
inc_x_r = 0.000000, inc_y_r = 1.000000, inc_x_i = 1.000000, inc_y_i = 1.000000
En el else......

----------------------------------------
x = 5.000000, y = 160.000000
avance = -79.000000, avanceR = 2.000000, avanceI = 2.000000
inc_x_r = 0.000000, inc_y_r = 1.000000, inc_x_i = 1.000000, inc_y_i = 1.000000
En el else......

----------------------------------------
x = 5.000000, y = 161.000000
avance = -77.000000, avanceR = 2.000000, avanceI = 2.000000
inc_x_r = 0.000000, inc_y_r = 1.000000, inc_x_i = 1.000000, inc_y_i = 1.000000
En el else......

----------------------------------------
x = 5.000000, y = 162.000000
avance = -75.000000, avanceR = 2.000000, avanceI = 2.000000
inc_x_r = 0.000000, inc_y_r = 1.000000, inc_x_i = 1.000000, inc_y_i = 1.000000
En el else......

----------------------------------------
x = 5.000000, y = 163.000000
avance = -73.000000, avanceR = 2.000000, avanceI = 2.000000
inc_x_r = 0.000000, inc_y_r = 1.000000, inc_x_i = 1.000000, inc_y_i = 1.000000
En el else......

----------------------------------------
x = 5.000000, y = 164.000000
avance = -71.000000, avanceR = 2.000000, avanceI = 2.000000
inc_x_r = 0.000000, inc_y_r = 1.000000, inc_x_i = 1.000000, inc_y_i = 1.000000
En el else......

----------------------------------------
x = 5.000000, y = 165.000000
avance = -69.000000, avanceR = 2.000000, avanceI = 2.000000
inc_x_r = 0.000000, inc_y_r = 1.000000, inc_x_i = 1.000000, inc_y_i = 1.000000
En el else......

----------------------------------------
x = 5.000000, y = 166.000000
avance = -67.000000, avanceR = 2.000000, avanceI = 2.000000
inc_x_r = 0.000000, inc_y_r = 1.000000, inc_x_i = 1.000000, inc_y_i = 1.000000
En el else......

----------------------------------------
x = 5.000000, y = 167.000000
avance = -65.000000, avanceR = 2.000000, avanceI = 2.000000
inc_x_r = 0.000000, inc_y_r = 1.000000, inc_x_i = 1.000000, inc_y_i = 1.000000
En el else......

----------------------------------------
x = 5.000000, y = 168.000000
avance = -63.000000, avanceR = 2.000000, avanceI = 2.000000
inc_x_r = 0.000000, inc_y_r = 1.000000, inc_x_i = 1.000000, inc_y_i = 1.000000
En el else......

----------------------------------------
x = 5.000000, y = 169.000000
avance = -61.000000, avanceR = 2.000000, avanceI = 2.000000
inc_x_r = 0.000000, inc_y_r = 1.000000, inc_x_i = 1.000000, inc_y_i = 1.000000
En el else......

----------------------------------------
x = 5.000000, y = 170.000000
avance = -59.000000, avanceR = 2.000000, avanceI = 2.000000
inc_x_r = 0.000000, inc_y_r = 1.000000, inc_x_i = 1.000000, inc_y_i = 1.000000
En el else......

----------------------------------------
x = 5.000000, y = 171.000000
avance = -57.000000, avanceR = 2.000000, avanceI = 2.000000
inc_x_r = 0.000000, inc_y_r = 1.000000, inc_x_i = 1.000000, inc_y_i = 1.000000
En el else......

----------------------------------------
x = 5.000000, y = 172.000000
avance = -55.000000, avanceR = 2.000000, avanceI = 2.000000
inc_x_r = 0.000000, inc_y_r = 1.000000, inc_x_i = 1.000000, inc_y_i = 1.000000
En el else......

----------------------------------------
x = 5.000000, y = 173.000000
avance = -53.000000, avanceR = 2.000000, avanceI = 2.000000
inc_x_r = 0.000000, inc_y_r = 1.000000, inc_x_i = 1.000000, inc_y_i = 1.000000
En el else......

----------------------------------------
x = 5.000000, y = 174.000000
avance = -51.000000, avanceR = 2.000000, avanceI = 2.000000
inc_x_r = 0.000000, inc_y_r = 1.000000, inc_x_i = 1.000000, inc_y_i = 1.000000
En el else......

----------------------------------------
x = 5.000000, y = 175.000000
avance = -49.000000, avanceR = 2.000000, avanceI = 2.000000
inc_x_r = 0.000000, inc_y_r = 1.000000, inc_x_i = 1.000000, inc_y_i = 1.000000
En el else......

----------------------------------------
x = 5.000000, y = 176.000000
avance = -47.000000, avanceR = 2.000000, avanceI = 2.000000
inc_x_r = 0.000000, inc_y_r = 1.000000, inc_x_i = 1.000000, inc_y_i = 1.000000
En el else......

----------------------------------------
x = 5.000000, y = 177.000000
avance = -45.000000, avanceR = 2.000000, avanceI = 2.000000
inc_x_r = 0.000000, inc_y_r = 1.000000, inc_x_i = 1.000000, inc_y_i = 1.000000
En el else......

----------------------------------------
x = 5.000000, y = 178.000000
avance = -43.000000, avanceR = 2.000000, avanceI = 2.000000
inc_x_r = 0.000000, inc_y_r = 1.000000, inc_x_i = 1.000000, inc_y_i = 1.000000
En el else......

----------------------------------------
x = 5.000000, y = 179.000000
avance = -41.000000, avanceR = 2.000000, avanceI = 2.000000
inc_x_r = 0.000000, inc_y_r = 1.000000, inc_x_i = 1.000000, inc_y_i = 1.000000
En el else......

----------------------------------------
x = 5.000000, y = 180.000000
avance = -39.000000, avanceR = 2.000000, avanceI = 2.000000
inc_x_r = 0.000000, inc_y_r = 1.000000, inc_x_i = 1.000000, inc_y_i = 1.000000
En el else......

----------------------------------------
x = 5.000000, y = 181.000000
avance = -37.000000, avanceR = 2.000000, avanceI = 2.000000
inc_x_r = 0.000000, inc_y_r = 1.000000, inc_x_i = 1.000000, inc_y_i = 1.000000
En el else......

----------------------------------------
x = 5.000000, y = 182.000000
avance = -35.000000, avanceR = 2.000000, avanceI = 2.000000
inc_x_r = 0.000000, inc_y_r = 1.000000, inc_x_i = 1.000000, inc_y_i = 1.000000
En el else......

----------------------------------------
x = 5.000000, y = 183.000000
avance = -33.000000, avanceR = 2.000000, avanceI = 2.000000
inc_x_r = 0.000000, inc_y_r = 1.000000, inc_x_i = 1.000000, inc_y_i = 1.000000
En el else......

----------------------------------------
x = 5.000000, y = 184.000000
avance = -31.000000, avanceR = 2.000000, avanceI = 2.000000
inc_x_r = 0.000000, inc_y_r = 1.000000, inc_x_i = 1.000000, inc_y_i = 1.000000
En el else......

----------------------------------------
x = 5.000000, y = 185.000000
avance = -29.000000, avanceR = 2.000000, avanceI = 2.000000
inc_x_r = 0.000000, inc_y_r = 1.000000, inc_x_i = 1.000000, inc_y_i = 1.000000
En el else......

----------------------------------------
x = 5.000000, y = 186.000000
avance = -27.000000, avanceR = 2.000000, avanceI = 2.000000
inc_x_r = 0.000000, inc_y_r = 1.000000, inc_x_i = 1.000000, inc_y_i = 1.000000
En el else......

----------------------------------------
x = 5.000000, y = 187.000000
avance = -25.000000, avanceR = 2.000000, avanceI = 2.000000
inc_x_r = 0.000000, inc_y_r = 1.000000, inc_x_i = 1.000000, inc_y_i = 1.000000
En el else......

----------------------------------------
x = 5.000000, y = 188.000000
avance = -23.000000, avanceR = 2.000000, avanceI = 2.000000
inc_x_r = 0.000000, inc_y_r = 1.000000, inc_x_i = 1.000000, inc_y_i = 1.000000
En el else......

----------------------------------------
x = 5.000000, y = 189.000000
avance = -21.000000, avanceR = 2.000000, avanceI = 2.000000
inc_x_r = 0.000000, inc_y_r = 1.000000, inc_x_i = 1.000000, inc_y_i = 1.000000
En el else......

----------------------------------------
x = 5.000000, y = 190.000000
avance = -19.000000, avanceR = 2.000000, avanceI = 2.000000
inc_x_r = 0.000000, inc_y_r = 1.000000, inc_x_i = 1.000000, inc_y_i = 1.000000
En el else......

----------------------------------------
x = 5.000000, y = 191.000000
avance = -17.000000, avanceR = 2.000000, avanceI = 2.000000
inc_x_r = 0.000000, inc_y_r = 1.000000, inc_x_i = 1.000000, inc_y_i = 1.000000
En el else......

----------------------------------------
x = 5.000000, y = 192.000000
avance = -15.000000, avanceR = 2.000000, avanceI = 2.000000
inc_x_r = 0.000000, inc_y_r = 1.000000, inc_x_i = 1.000000, inc_y_i = 1.000000
En el else......

----------------------------------------
x = 5.000000, y = 193.000000
avance = -13.000000, avanceR = 2.000000, avanceI = 2.000000
inc_x_r = 0.000000, inc_y_r = 1.000000, inc_x_i = 1.000000, inc_y_i = 1.000000
En el else......

----------------------------------------
x = 5.000000, y = 194.000000
avance = -11.000000, avanceR = 2.000000, avanceI = 2.000000
inc_x_r = 0.000000, inc_y_r = 1.000000, inc_x_i = 1.000000, inc_y_i = 1.000000
En el else......

----------------------------------------
x = 5.000000, y = 195.000000
avance = -9.000000, avanceR = 2.000000, avanceI = 2.000000
inc_x_r = 0.000000, inc_y_r = 1.000000, inc_x_i = 1.000000, inc_y_i = 1.000000
En el else......

----------------------------------------
x = 5.000000, y = 196.000000
avance = -7.000000, avanceR = 2.000000, avanceI = 2.000000
inc_x_r = 0.000000, inc_y_r = 1.000000, inc_x_i = 1.000000, inc_y_i = 1.000000
En el else......

----------------------------------------
x = 5.000000, y = 197.000000
avance = -5.000000, avanceR = 2.000000, avanceI = 2.000000
inc_x_r = 0.000000, inc_y_r = 1.000000, inc_x_i = 1.000000, inc_y_i = 1.000000
En el else......

----------------------------------------
x = 5.000000, y = 198.000000
avance = -3.000000, avanceR = 2.000000, avanceI = 2.000000
inc_x_r = 0.000000, inc_y_r = 1.000000, inc_x_i = 1.000000, inc_y_i = 1.000000
En el else......

----------------------------------------
x = 5.000000, y = 199.000000
avance = -1.000000, avanceR = 2.000000, avanceI = 2.000000
inc_x_r = 0.000000, inc_y_r = 1.000000, inc_x_i = 1.000000, inc_y_i = 1.000000
En el else......

----------------------------------------
x = 5.000000, y = 200.000000
avance = 1.000000, avanceR = 2.000000, avanceI = 2.000000
inc_x_r = 0.000000, inc_y_r = 1.000000, inc_x_i = 1.000000, inc_y_i = 1.000000
avance >= 0

----------------------------------------
x = 6.000000, y = 201.000000
avance = -499.000000, avanceR = 2.000000, avanceI = 2.000000
inc_x_r = 0.000000, inc_y_r = 1.000000, inc_x_i = 1.000000, inc_y_i = 1.000000
En el else......

----------------------------------------
x = 6.000000, y = 202.000000
avance = -497.000000, avanceR = 2.000000, avanceI = 2.000000
inc_x_r = 0.000000, inc_y_r = 1.000000, inc_x_i = 1.000000, inc_y_i = 1.000000
En el else......

----------------------------------------
x = 6.000000, y = 203.000000
avance = -495.000000, avanceR = 2.000000, avanceI = 2.000000
inc_x_r = 0.000000, inc_y_r = 1.000000, inc_x_i = 1.000000, inc_y_i = 1.000000
En el else......

----------------------------------------
x = 6.000000, y = 204.000000
avance = -493.000000, avanceR = 2.000000, avanceI = 2.000000
inc_x_r = 0.000000, inc_y_r = 1.000000, inc_x_i = 1.000000, inc_y_i = 1.000000
En el else......

----------------------------------------
x = 6.000000, y = 205.000000
avance = -491.000000, avanceR = 2.000000, avanceI = 2.000000
inc_x_r = 0.000000, inc_y_r = 1.000000, inc_x_i = 1.000000, inc_y_i = 1.000000
En el else......

----------------------------------------
x = 6.000000, y = 206.000000
avance = -489.000000, avanceR = 2.000000, avanceI = 2.000000
inc_x_r = 0.000000, inc_y_r = 1.000000, inc_x_i = 1.000000, inc_y_i = 1.000000
En el else......

----------------------------------------
x = 6.000000, y = 207.000000
avance = -487.000000, avanceR = 2.000000, avanceI = 2.000000
inc_x_r = 0.000000, inc_y_r = 1.000000, inc_x_i = 1.000000, inc_y_i = 1.000000
En el else......

----------------------------------------
x = 6.000000, y = 208.000000
avance = -485.000000, avanceR = 2.000000, avanceI = 2.000000
inc_x_r = 0.000000, inc_y_r = 1.000000, inc_x_i = 1.000000, inc_y_i = 1.000000
En el else......

----------------------------------------
x = 6.000000, y = 209.000000
avance = -483.000000, avanceR = 2.000000, avanceI = 2.000000
inc_x_r = 0.000000, inc_y_r = 1.000000, inc_x_i = 1.000000, inc_y_i = 1.000000
En el else......

----------------------------------------
x = 6.000000, y = 210.000000
avance = -481.000000, avanceR = 2.000000, avanceI = 2.000000
inc_x_r = 0.000000, inc_y_r = 1.000000, inc_x_i = 1.000000, inc_y_i = 1.000000
En el else......

----------------------------------------
x = 6.000000, y = 211.000000
avance = -479.000000, avanceR = 2.000000, avanceI = 2.000000
inc_x_r = 0.000000, inc_y_r = 1.000000, inc_x_i = 1.000000, inc_y_i = 1.000000
En el else......

----------------------------------------
x = 6.000000, y = 212.000000
avance = -477.000000, avanceR = 2.000000, avanceI = 2.000000
inc_x_r = 0.000000, inc_y_r = 1.000000, inc_x_i = 1.000000, inc_y_i = 1.000000
En el else......

----------------------------------------
x = 6.000000, y = 213.000000
avance = -475.000000, avanceR = 2.000000, avanceI = 2.000000
inc_x_r = 0.000000, inc_y_r = 1.000000, inc_x_i = 1.000000, inc_y_i = 1.000000
En el else......

----------------------------------------
x = 6.000000, y = 214.000000
avance = -473.000000, avanceR = 2.000000, avanceI = 2.000000
inc_x_r = 0.000000, inc_y_r = 1.000000, inc_x_i = 1.000000, inc_y_i = 1.000000
En el else......

----------------------------------------
x = 6.000000, y = 215.000000
avance = -471.000000, avanceR = 2.000000, avanceI = 2.000000
inc_x_r = 0.000000, inc_y_r = 1.000000, inc_x_i = 1.000000, inc_y_i = 1.000000
En el else......

----------------------------------------
x = 6.000000, y = 216.000000
avance = -469.000000, avanceR = 2.000000, avanceI = 2.000000
inc_x_r = 0.000000, inc_y_r = 1.000000, inc_x_i = 1.000000, inc_y_i = 1.000000
En el else......

----------------------------------------
x = 6.000000, y = 217.000000
avance = -467.000000, avanceR = 2.000000, avanceI = 2.000000
inc_x_r = 0.000000, inc_y_r = 1.000000, inc_x_i = 1.000000, inc_y_i = 1.000000
En el else......

----------------------------------------
x = 6.000000, y = 218.000000
avance = -465.000000, avanceR = 2.000000, avanceI = 2.000000
inc_x_r = 0.000000, inc_y_r = 1.000000, inc_x_i = 1.000000, inc_y_i = 1.000000
En el else......

----------------------------------------
x = 6.000000, y = 219.000000
avance = -463.000000, avanceR = 2.000000, avanceI = 2.000000
inc_x_r = 0.000000, inc_y_r = 1.000000, inc_x_i = 1.000000, inc_y_i = 1.000000
En el else......

----------------------------------------
x = 6.000000, y = 220.000000
avance = -461.000000, avanceR = 2.000000, avanceI = 2.000000
inc_x_r = 0.000000, inc_y_r = 1.000000, inc_x_i = 1.000000, inc_y_i = 1.000000
En el else......

----------------------------------------
x = 6.000000, y = 221.000000
avance = -459.000000, avanceR = 2.000000, avanceI = 2.000000
inc_x_r = 0.000000, inc_y_r = 1.000000, inc_x_i = 1.000000, inc_y_i = 1.000000
En el else......

----------------------------------------
x = 6.000000, y = 222.000000
avance = -457.000000, avanceR = 2.000000, avanceI = 2.000000
inc_x_r = 0.000000, inc_y_r = 1.000000, inc_x_i = 1.000000, inc_y_i = 1.000000
En el else......

----------------------------------------
x = 6.000000, y = 223.000000
avance = -455.000000, avanceR = 2.000000, avanceI = 2.000000
inc_x_r = 0.000000, inc_y_r = 1.000000, inc_x_i = 1.000000, inc_y_i = 1.000000
En el else......

----------------------------------------
x = 6.000000, y = 224.000000
avance = -453.000000, avanceR = 2.000000, avanceI = 2.000000
inc_x_r = 0.000000, inc_y_r = 1.000000, inc_x_i = 1.000000, inc_y_i = 1.000000
En el else......

----------------------------------------
x = 6.000000, y = 225.000000
avance = -451.000000, avanceR = 2.000000, avanceI = 2.000000
inc_x_r = 0.000000, inc_y_r = 1.000000, inc_x_i = 1.000000, inc_y_i = 1.000000
En el else......

----------------------------------------
x = 6.000000, y = 226.000000
avance = -449.000000, avanceR = 2.000000, avanceI = 2.000000
inc_x_r = 0.000000, inc_y_r = 1.000000, inc_x_i = 1.000000, inc_y_i = 1.000000
En el else......

----------------------------------------
x = 6.000000, y = 227.000000
avance = -447.000000, avanceR = 2.000000, avanceI = 2.000000
inc_x_r = 0.000000, inc_y_r = 1.000000, inc_x_i = 1.000000, inc_y_i = 1.000000
En el else......

----------------------------------------
x = 6.000000, y = 228.000000
avance = -445.000000, avanceR = 2.000000, avanceI = 2.000000
inc_x_r = 0.000000, inc_y_r = 1.000000, inc_x_i = 1.000000, inc_y_i = 1.000000
En el else......

----------------------------------------
x = 6.000000, y = 229.000000
avance = -443.000000, avanceR = 2.000000, avanceI = 2.000000
inc_x_r = 0.000000, inc_y_r = 1.000000, inc_x_i = 1.000000, inc_y_i = 1.000000
En el else......

----------------------------------------
x = 6.000000, y = 230.000000
avance = -441.000000, avanceR = 2.000000, avanceI = 2.000000
inc_x_r = 0.000000, inc_y_r = 1.000000, inc_x_i = 1.000000, inc_y_i = 1.000000
En el else......

----------------------------------------
x = 6.000000, y = 231.000000
avance = -439.000000, avanceR = 2.000000, avanceI = 2.000000
inc_x_r = 0.000000, inc_y_r = 1.000000, inc_x_i = 1.000000, inc_y_i = 1.000000
En el else......

----------------------------------------
x = 6.000000, y = 232.000000
avance = -437.000000, avanceR = 2.000000, avanceI = 2.000000
inc_x_r = 0.000000, inc_y_r = 1.000000, inc_x_i = 1.000000, inc_y_i = 1.000000
En el else......

----------------------------------------
x = 6.000000, y = 233.000000
avance = -435.000000, avanceR = 2.000000, avanceI = 2.000000
inc_x_r = 0.000000, inc_y_r = 1.000000, inc_x_i = 1.000000, inc_y_i = 1.000000
En el else......

----------------------------------------
x = 6.000000, y = 234.000000
avance = -433.000000, avanceR = 2.000000, avanceI = 2.000000
inc_x_r = 0.000000, inc_y_r = 1.000000, inc_x_i = 1.000000, inc_y_i = 1.000000
En el else......

----------------------------------------
x = 6.000000, y = 235.000000
avance = -431.000000, avanceR = 2.000000, avanceI = 2.000000
inc_x_r = 0.000000, inc_y_r = 1.000000, inc_x_i = 1.000000, inc_y_i = 1.000000
En el else......

----------------------------------------
x = 6.000000, y = 236.000000
avance = -429.000000, avanceR = 2.000000, avanceI = 2.000000
inc_x_r = 0.000000, inc_y_r = 1.000000, inc_x_i = 1.000000, inc_y_i = 1.000000
En el else......

----------------------------------------
x = 6.000000, y = 237.000000
avance = -427.000000, avanceR = 2.000000, avanceI = 2.000000
inc_x_r = 0.000000, inc_y_r = 1.000000, inc_x_i = 1.000000, inc_y_i = 1.000000
En el else......

----------------------------------------
x = 6.000000, y = 238.000000
avance = -425.000000, avanceR = 2.000000, avanceI = 2.000000
inc_x_r = 0.000000, inc_y_r = 1.000000, inc_x_i = 1.000000, inc_y_i = 1.000000
En el else......

----------------------------------------
x = 6.000000, y = 239.000000
avance = -423.000000, avanceR = 2.000000, avanceI = 2.000000
inc_x_r = 0.000000, inc_y_r = 1.000000, inc_x_i = 1.000000, inc_y_i = 1.000000
En el else......

----------------------------------------
x = 6.000000, y = 240.000000
avance = -421.000000, avanceR = 2.000000, avanceI = 2.000000
inc_x_r = 0.000000, inc_y_r = 1.000000, inc_x_i = 1.000000, inc_y_i = 1.000000
En el else......

----------------------------------------
x = 6.000000, y = 241.000000
avance = -419.000000, avanceR = 2.000000, avanceI = 2.000000
inc_x_r = 0.000000, inc_y_r = 1.000000, inc_x_i = 1.000000, inc_y_i = 1.000000
En el else......

----------------------------------------
x = 6.000000, y = 242.000000
avance = -417.000000, avanceR = 2.000000, avanceI = 2.000000
inc_x_r = 0.000000, inc_y_r = 1.000000, inc_x_i = 1.000000, inc_y_i = 1.000000
En el else......

----------------------------------------
x = 6.000000, y = 243.000000
avance = -415.000000, avanceR = 2.000000, avanceI = 2.000000
inc_x_r = 0.000000, inc_y_r = 1.000000, inc_x_i = 1.000000, inc_y_i = 1.000000
En el else......

----------------------------------------
x = 6.000000, y = 244.000000
avance = -413.000000, avanceR = 2.000000, avanceI = 2.000000
inc_x_r = 0.000000, inc_y_r = 1.000000, inc_x_i = 1.000000, inc_y_i = 1.000000
En el else......

----------------------------------------
x = 6.000000, y = 245.000000
avance = -411.000000, avanceR = 2.000000, avanceI = 2.000000
inc_x_r = 0.000000, inc_y_r = 1.000000, inc_x_i = 1.000000, inc_y_i = 1.000000
En el else......

----------------------------------------
x = 6.000000, y = 246.000000
avance = -409.000000, avanceR = 2.000000, avanceI = 2.000000
inc_x_r = 0.000000, inc_y_r = 1.000000, inc_x_i = 1.000000, inc_y_i = 1.000000
En el else......

----------------------------------------
x = 6.000000, y = 247.000000
avance = -407.000000, avanceR = 2.000000, avanceI = 2.000000
inc_x_r = 0.000000, inc_y_r = 1.000000, inc_x_i = 1.000000, inc_y_i = 1.000000
En el else......

----------------------------------------
x = 6.000000, y = 248.000000
avance = -405.000000, avanceR = 2.000000, avanceI = 2.000000
inc_x_r = 0.000000, inc_y_r = 1.000000, inc_x_i = 1.000000, inc_y_i = 1.000000
En el else......

----------------------------------------
x = 6.000000, y = 249.000000
avance = -403.000000, avanceR = 2.000000, avanceI = 2.000000
inc_x_r = 0.000000, inc_y_r = 1.000000, inc_x_i = 1.000000, inc_y_i = 1.000000
En el else......

----------------------------------------
x = 6.000000, y = 250.000000
avance = -401.000000, avanceR = 2.000000, avanceI = 2.000000
inc_x_r = 0.000000, inc_y_r = 1.000000, inc_x_i = 1.000000, inc_y_i = 1.000000
En el else......

----------------------------------------
x = 6.000000, y = 251.000000
avance = -399.000000, avanceR = 2.000000, avanceI = 2.000000
inc_x_r = 0.000000, inc_y_r = 1.000000, inc_x_i = 1.000000, inc_y_i = 1.000000
En el else......

----------------------------------------
x = 6.000000, y = 252.000000
avance = -397.000000, avanceR = 2.000000, avanceI = 2.000000
inc_x_r = 0.000000, inc_y_r = 1.000000, inc_x_i = 1.000000, inc_y_i = 1.000000
En el else......

----------------------------------------
x = 6.000000, y = 253.000000
avance = -395.000000, avanceR = 2.000000, avanceI = 2.000000
inc_x_r = 0.000000, inc_y_r = 1.000000, inc_x_i = 1.000000, inc_y_i = 1.000000
En el else......

----------------------------------------
x = 6.000000, y = 254.000000
avance = -393.000000, avanceR = 2.000000, avanceI = 2.000000
inc_x_r = 0.000000, inc_y_r = 1.000000, inc_x_i = 1.000000, inc_y_i = 1.000000
En el else......

----------------------------------------
x = 6.000000, y = 255.000000
avance = -391.000000, avanceR = 2.000000, avanceI = 2.000000
inc_x_r = 0.000000, inc_y_r = 1.000000, inc_x_i = 1.000000, inc_y_i = 1.000000
En el else......

----------------------------------------
x = 6.000000, y = 256.000000
avance = -389.000000, avanceR = 2.000000, avanceI = 2.000000
inc_x_r = 0.000000, inc_y_r = 1.000000, inc_x_i = 1.000000, inc_y_i = 1.000000
En el else......

----------------------------------------
x = 6.000000, y = 257.000000
avance = -387.000000, avanceR = 2.000000, avanceI = 2.000000
inc_x_r = 0.000000, inc_y_r = 1.000000, inc_x_i = 1.000000, inc_y_i = 1.000000
En el else......

----------------------------------------
x = 6.000000, y = 258.000000
avance = -385.000000, avanceR = 2.000000, avanceI = 2.000000
inc_x_r = 0.000000, inc_y_r = 1.000000, inc_x_i = 1.000000, inc_y_i = 1.000000
En el else......

----------------------------------------
x = 6.000000, y = 259.000000
avance = -383.000000, avanceR = 2.000000, avanceI = 2.000000
inc_x_r = 0.000000, inc_y_r = 1.000000, inc_x_i = 1.000000, inc_y_i = 1.000000
En el else......

----------------------------------------
x = 6.000000, y = 260.000000
avance = -381.000000, avanceR = 2.000000, avanceI = 2.000000
inc_x_r = 0.000000, inc_y_r = 1.000000, inc_x_i = 1.000000, inc_y_i = 1.000000
En el else......

----------------------------------------
x = 6.000000, y = 261.000000
avance = -379.000000, avanceR = 2.000000, avanceI = 2.000000
inc_x_r = 0.000000, inc_y_r = 1.000000, inc_x_i = 1.000000, inc_y_i = 1.000000
En el else......

----------------------------------------
x = 6.000000, y = 262.000000
avance = -377.000000, avanceR = 2.000000, avanceI = 2.000000
inc_x_r = 0.000000, inc_y_r = 1.000000, inc_x_i = 1.000000, inc_y_i = 1.000000
En el else......

----------------------------------------
x = 6.000000, y = 263.000000
avance = -375.000000, avanceR = 2.000000, avanceI = 2.000000
inc_x_r = 0.000000, inc_y_r = 1.000000, inc_x_i = 1.000000, inc_y_i = 1.000000
En el else......

----------------------------------------
x = 6.000000, y = 264.000000
avance = -373.000000, avanceR = 2.000000, avanceI = 2.000000
inc_x_r = 0.000000, inc_y_r = 1.000000, inc_x_i = 1.000000, inc_y_i = 1.000000
En el else......

----------------------------------------
x = 6.000000, y = 265.000000
avance = -371.000000, avanceR = 2.000000, avanceI = 2.000000
inc_x_r = 0.000000, inc_y_r = 1.000000, inc_x_i = 1.000000, inc_y_i = 1.000000
En el else......

----------------------------------------
x = 6.000000, y = 266.000000
avance = -369.000000, avanceR = 2.000000, avanceI = 2.000000
inc_x_r = 0.000000, inc_y_r = 1.000000, inc_x_i = 1.000000, inc_y_i = 1.000000
En el else......

----------------------------------------
x = 6.000000, y = 267.000000
avance = -367.000000, avanceR = 2.000000, avanceI = 2.000000
inc_x_r = 0.000000, inc_y_r = 1.000000, inc_x_i = 1.000000, inc_y_i = 1.000000
En el else......

----------------------------------------
x = 6.000000, y = 268.000000
avance = -365.000000, avanceR = 2.000000, avanceI = 2.000000
inc_x_r = 0.000000, inc_y_r = 1.000000, inc_x_i = 1.000000, inc_y_i = 1.000000
En el else......

----------------------------------------
x = 6.000000, y = 269.000000
avance = -363.000000, avanceR = 2.000000, avanceI = 2.000000
inc_x_r = 0.000000, inc_y_r = 1.000000, inc_x_i = 1.000000, inc_y_i = 1.000000
En el else......

----------------------------------------
x = 6.000000, y = 270.000000
avance = -361.000000, avanceR = 2.000000, avanceI = 2.000000
inc_x_r = 0.000000, inc_y_r = 1.000000, inc_x_i = 1.000000, inc_y_i = 1.000000
En el else......

----------------------------------------
x = 6.000000, y = 271.000000
avance = -359.000000, avanceR = 2.000000, avanceI = 2.000000
inc_x_r = 0.000000, inc_y_r = 1.000000, inc_x_i = 1.000000, inc_y_i = 1.000000
En el else......

----------------------------------------
x = 6.000000, y = 272.000000
avance = -357.000000, avanceR = 2.000000, avanceI = 2.000000
inc_x_r = 0.000000, inc_y_r = 1.000000, inc_x_i = 1.000000, inc_y_i = 1.000000
En el else......

----------------------------------------
x = 6.000000, y = 273.000000
avance = -355.000000, avanceR = 2.000000, avanceI = 2.000000
inc_x_r = 0.000000, inc_y_r = 1.000000, inc_x_i = 1.000000, inc_y_i = 1.000000
En el else......

----------------------------------------
x = 6.000000, y = 274.000000
avance = -353.000000, avanceR = 2.000000, avanceI = 2.000000
inc_x_r = 0.000000, inc_y_r = 1.000000, inc_x_i = 1.000000, inc_y_i = 1.000000
En el else......

----------------------------------------
x = 6.000000, y = 275.000000
avance = -351.000000, avanceR = 2.000000, avanceI = 2.000000
inc_x_r = 0.000000, inc_y_r = 1.000000, inc_x_i = 1.000000, inc_y_i = 1.000000
En el else......

----------------------------------------
x = 6.000000, y = 276.000000
avance = -349.000000, avanceR = 2.000000, avanceI = 2.000000
inc_x_r = 0.000000, inc_y_r = 1.000000, inc_x_i = 1.000000, inc_y_i = 1.000000
En el else......

----------------------------------------
x = 6.000000, y = 277.000000
avance = -347.000000, avanceR = 2.000000, avanceI = 2.000000
inc_x_r = 0.000000, inc_y_r = 1.000000, inc_x_i = 1.000000, inc_y_i = 1.000000
En el else......

----------------------------------------
x = 6.000000, y = 278.000000
avance = -345.000000, avanceR = 2.000000, avanceI = 2.000000
inc_x_r = 0.000000, inc_y_r = 1.000000, inc_x_i = 1.000000, inc_y_i = 1.000000
En el else......

----------------------------------------
x = 6.000000, y = 279.000000
avance = -343.000000, avanceR = 2.000000, avanceI = 2.000000
inc_x_r = 0.000000, inc_y_r = 1.000000, inc_x_i = 1.000000, inc_y_i = 1.000000
En el else......

----------------------------------------
x = 6.000000, y = 280.000000
avance = -341.000000, avanceR = 2.000000, avanceI = 2.000000
inc_x_r = 0.000000, inc_y_r = 1.000000, inc_x_i = 1.000000, inc_y_i = 1.000000
En el else......

----------------------------------------
x = 6.000000, y = 281.000000
avance = -339.000000, avanceR = 2.000000, avanceI = 2.000000
inc_x_r = 0.000000, inc_y_r = 1.000000, inc_x_i = 1.000000, inc_y_i = 1.000000
En el else......

----------------------------------------
x = 6.000000, y = 282.000000
avance = -337.000000, avanceR = 2.000000, avanceI = 2.000000
inc_x_r = 0.000000, inc_y_r = 1.000000, inc_x_i = 1.000000, inc_y_i = 1.000000
En el else......

----------------------------------------
x = 6.000000, y = 283.000000
avance = -335.000000, avanceR = 2.000000, avanceI = 2.000000
inc_x_r = 0.000000, inc_y_r = 1.000000, inc_x_i = 1.000000, inc_y_i = 1.000000
En el else......

----------------------------------------
x = 6.000000, y = 284.000000
avance = -333.000000, avanceR = 2.000000, avanceI = 2.000000
inc_x_r = 0.000000, inc_y_r = 1.000000, inc_x_i = 1.000000, inc_y_i = 1.000000
En el else......

----------------------------------------
x = 6.000000, y = 285.000000
avance = -331.000000, avanceR = 2.000000, avanceI = 2.000000
inc_x_r = 0.000000, inc_y_r = 1.000000, inc_x_i = 1.000000, inc_y_i = 1.000000
En el else......

----------------------------------------
x = 6.000000, y = 286.000000
avance = -329.000000, avanceR = 2.000000, avanceI = 2.000000
inc_x_r = 0.000000, inc_y_r = 1.000000, inc_x_i = 1.000000, inc_y_i = 1.000000
En el else......

----------------------------------------
x = 6.000000, y = 287.000000
avance = -327.000000, avanceR = 2.000000, avanceI = 2.000000
inc_x_r = 0.000000, inc_y_r = 1.000000, inc_x_i = 1.000000, inc_y_i = 1.000000
En el else......

----------------------------------------
x = 6.000000, y = 288.000000
avance = -325.000000, avanceR = 2.000000, avanceI = 2.000000
inc_x_r = 0.000000, inc_y_r = 1.000000, inc_x_i = 1.000000, inc_y_i = 1.000000
En el else......

----------------------------------------
x = 6.000000, y = 289.000000
avance = -323.000000, avanceR = 2.000000, avanceI = 2.000000
inc_x_r = 0.000000, inc_y_r = 1.000000, inc_x_i = 1.000000, inc_y_i = 1.000000
En el else......

----------------------------------------
x = 6.000000, y = 290.000000
avance = -321.000000, avanceR = 2.000000, avanceI = 2.000000
inc_x_r = 0.000000, inc_y_r = 1.000000, inc_x_i = 1.000000, inc_y_i = 1.000000
En el else......

----------------------------------------
x = 6.000000, y = 291.000000
avance = -319.000000, avanceR = 2.000000, avanceI = 2.000000
inc_x_r = 0.000000, inc_y_r = 1.000000, inc_x_i = 1.000000, inc_y_i = 1.000000
En el else......

----------------------------------------
x = 6.000000, y = 292.000000
avance = -317.000000, avanceR = 2.000000, avanceI = 2.000000
inc_x_r = 0.000000, inc_y_r = 1.000000, inc_x_i = 1.000000, inc_y_i = 1.000000
En el else......

----------------------------------------
x = 6.000000, y = 293.000000
avance = -315.000000, avanceR = 2.000000, avanceI = 2.000000
inc_x_r = 0.000000, inc_y_r = 1.000000, inc_x_i = 1.000000, inc_y_i = 1.000000
En el else......

----------------------------------------
x = 6.000000, y = 294.000000
avance = -313.000000, avanceR = 2.000000, avanceI = 2.000000
inc_x_r = 0.000000, inc_y_r = 1.000000, inc_x_i = 1.000000, inc_y_i = 1.000000
En el else......

----------------------------------------
x = 6.000000, y = 295.000000
avance = -311.000000, avanceR = 2.000000, avanceI = 2.000000
inc_x_r = 0.000000, inc_y_r = 1.000000, inc_x_i = 1.000000, inc_y_i = 1.000000
En el else......

----------------------------------------
x = 6.000000, y = 296.000000
avance = -309.000000, avanceR = 2.000000, avanceI = 2.000000
inc_x_r = 0.000000, inc_y_r = 1.000000, inc_x_i = 1.000000, inc_y_i = 1.000000
En el else......

----------------------------------------
x = 6.000000, y = 297.000000
avance = -307.000000, avanceR = 2.000000, avanceI = 2.000000
inc_x_r = 0.000000, inc_y_r = 1.000000, inc_x_i = 1.000000, inc_y_i = 1.000000
En el else......

----------------------------------------
x = 6.000000, y = 298.000000
avance = -305.000000, avanceR = 2.000000, avanceI = 2.000000
inc_x_r = 0.000000, inc_y_r = 1.000000, inc_x_i = 1.000000, inc_y_i = 1.000000
En el else......

----------------------------------------
x = 6.000000, y = 299.000000
avance = -303.000000, avanceR = 2.000000, avanceI = 2.000000
inc_x_r = 0.000000, inc_y_r = 1.000000, inc_x_i = 1.000000, inc_y_i = 1.000000
En el else......

----------------------------------------
x = 6.000000, y = 300.000000
avance = -301.000000, avanceR = 2.000000, avanceI = 2.000000
inc_x_r = 0.000000, inc_y_r = 1.000000, inc_x_i = 1.000000, inc_y_i = 1.000000
En el else......

----------------------------------------
x = 6.000000, y = 301.000000
avance = -299.000000, avanceR = 2.000000, avanceI = 2.000000
inc_x_r = 0.000000, inc_y_r = 1.000000, inc_x_i = 1.000000, inc_y_i = 1.000000
En el else......

----------------------------------------
x = 6.000000, y = 302.000000
avance = -297.000000, avanceR = 2.000000, avanceI = 2.000000
inc_x_r = 0.000000, inc_y_r = 1.000000, inc_x_i = 1.000000, inc_y_i = 1.000000
En el else......

----------------------------------------
x = 6.000000, y = 303.000000
avance = -295.000000, avanceR = 2.000000, avanceI = 2.000000
inc_x_r = 0.000000, inc_y_r = 1.000000, inc_x_i = 1.000000, inc_y_i = 1.000000
En el else......

----------------------------------------
x = 6.000000, y = 304.000000
avance = -293.000000, avanceR = 2.000000, avanceI = 2.000000
inc_x_r = 0.000000, inc_y_r = 1.000000, inc_x_i = 1.000000, inc_y_i = 1.000000
En el else......

----------------------------------------
x = 6.000000, y = 305.000000
avance = -291.000000, avanceR = 2.000000, avanceI = 2.000000
inc_x_r = 0.000000, inc_y_r = 1.000000, inc_x_i = 1.000000, inc_y_i = 1.000000
En el else......

----------------------------------------
x = 6.000000, y = 306.000000
avance = -289.000000, avanceR = 2.000000, avanceI = 2.000000
inc_x_r = 0.000000, inc_y_r = 1.000000, inc_x_i = 1.000000, inc_y_i = 1.000000
En el else......

----------------------------------------
x = 6.000000, y = 307.000000
avance = -287.000000, avanceR = 2.000000, avanceI = 2.000000
inc_x_r = 0.000000, inc_y_r = 1.000000, inc_x_i = 1.000000, inc_y_i = 1.000000
En el else......

----------------------------------------
x = 6.000000, y = 308.000000
avance = -285.000000, avanceR = 2.000000, avanceI = 2.000000
inc_x_r = 0.000000, inc_y_r = 1.000000, inc_x_i = 1.000000, inc_y_i = 1.000000
En el else......

----------------------------------------
x = 6.000000, y = 309.000000
avance = -283.000000, avanceR = 2.000000, avanceI = 2.000000
inc_x_r = 0.000000, inc_y_r = 1.000000, inc_x_i = 1.000000, inc_y_i = 1.000000
En el else......

----------------------------------------
x = 6.000000, y = 310.000000
avance = -281.000000, avanceR = 2.000000, avanceI = 2.000000
inc_x_r = 0.000000, inc_y_r = 1.000000, inc_x_i = 1.000000, inc_y_i = 1.000000
En el else......

----------------------------------------
x = 6.000000, y = 311.000000
avance = -279.000000, avanceR = 2.000000, avanceI = 2.000000
inc_x_r = 0.000000, inc_y_r = 1.000000, inc_x_i = 1.000000, inc_y_i = 1.000000
En el else......

----------------------------------------
x = 6.000000, y = 312.000000
avance = -277.000000, avanceR = 2.000000, avanceI = 2.000000
inc_x_r = 0.000000, inc_y_r = 1.000000, inc_x_i = 1.000000, inc_y_i = 1.000000
En el else......

----------------------------------------
x = 6.000000, y = 313.000000
avance = -275.000000, avanceR = 2.000000, avanceI = 2.000000
inc_x_r = 0.000000, inc_y_r = 1.000000, inc_x_i = 1.000000, inc_y_i = 1.000000
En el else......

----------------------------------------
x = 6.000000, y = 314.000000
avance = -273.000000, avanceR = 2.000000, avanceI = 2.000000
inc_x_r = 0.000000, inc_y_r = 1.000000, inc_x_i = 1.000000, inc_y_i = 1.000000
En el else......

----------------------------------------
x = 6.000000, y = 315.000000
avance = -271.000000, avanceR = 2.000000, avanceI = 2.000000
inc_x_r = 0.000000, inc_y_r = 1.000000, inc_x_i = 1.000000, inc_y_i = 1.000000
En el else......

----------------------------------------
x = 6.000000, y = 316.000000
avance = -269.000000, avanceR = 2.000000, avanceI = 2.000000
inc_x_r = 0.000000, inc_y_r = 1.000000, inc_x_i = 1.000000, inc_y_i = 1.000000
En el else......

----------------------------------------
x = 6.000000, y = 317.000000
avance = -267.000000, avanceR = 2.000000, avanceI = 2.000000
inc_x_r = 0.000000, inc_y_r = 1.000000, inc_x_i = 1.000000, inc_y_i = 1.000000
En el else......

----------------------------------------
x = 6.000000, y = 318.000000
avance = -265.000000, avanceR = 2.000000, avanceI = 2.000000
inc_x_r = 0.000000, inc_y_r = 1.000000, inc_x_i = 1.000000, inc_y_i = 1.000000
En el else......

----------------------------------------
x = 6.000000, y = 319.000000
avance = -263.000000, avanceR = 2.000000, avanceI = 2.000000
inc_x_r = 0.000000, inc_y_r = 1.000000, inc_x_i = 1.000000, inc_y_i = 1.000000
En el else......

----------------------------------------
x = 6.000000, y = 320.000000
avance = -261.000000, avanceR = 2.000000, avanceI = 2.000000
inc_x_r = 0.000000, inc_y_r = 1.000000, inc_x_i = 1.000000, inc_y_i = 1.000000
En el else......

----------------------------------------
x = 6.000000, y = 321.000000
avance = -259.000000, avanceR = 2.000000, avanceI = 2.000000
inc_x_r = 0.000000, inc_y_r = 1.000000, inc_x_i = 1.000000, inc_y_i = 1.000000
En el else......

----------------------------------------
x = 6.000000, y = 322.000000
avance = -257.000000, avanceR = 2.000000, avanceI = 2.000000
inc_x_r = 0.000000, inc_y_r = 1.000000, inc_x_i = 1.000000, inc_y_i = 1.000000
En el else......

----------------------------------------
x = 6.000000, y = 323.000000
avance = -255.000000, avanceR = 2.000000, avanceI = 2.000000
inc_x_r = 0.000000, inc_y_r = 1.000000, inc_x_i = 1.000000, inc_y_i = 1.000000
En el else......

----------------------------------------
x = 6.000000, y = 324.000000
avance = -253.000000, avanceR = 2.000000, avanceI = 2.000000
inc_x_r = 0.000000, inc_y_r = 1.000000, inc_x_i = 1.000000, inc_y_i = 1.000000
En el else......

----------------------------------------
x = 6.000000, y = 325.000000
avance = -251.000000, avanceR = 2.000000, avanceI = 2.000000
inc_x_r = 0.000000, inc_y_r = 1.000000, inc_x_i = 1.000000, inc_y_i = 1.000000
En el else......

----------------------------------------


ENTRAMOS A BRESENHAMªªªª
x1 = 5.000000 - y1 = 75.000000 || x2 = 6.000000 - y2 = 326.000000
dy = 251.000000, dx = 1.000000
avances inclinados: inc_x_i = 1.000000, inc_y_i = 1.000000
updated: dy = 251.000000, dx = 1.000000
avances rectos: inc_x_r = 0.000000, inc_y_r 1.000000
reupdated: dy = 1.000000, dx = 251.000000
avanceR = 2.000000, avance -249.000000, avanceI 2.000000
----------------------------------------
x = 5.000000, y = 75.000000
avance = -249.000000, avanceR = 2.000000, avanceI = 2.000000
inc_x_r = 0.000000, inc_y_r = 1.000000, inc_x_i = 1.000000, inc_y_i = 1.000000
En el else......

----------------------------------------
x = 5.000000, y = 76.000000
avance = -247.000000, avanceR = 2.000000, avanceI = 2.000000
inc_x_r = 0.000000, inc_y_r = 1.000000, inc_x_i = 1.000000, inc_y_i = 1.000000
En el else......

----------------------------------------
x = 5.000000, y = 77.000000
avance = -245.000000, avanceR = 2.000000, avanceI = 2.000000
inc_x_r = 0.000000, inc_y_r = 1.000000, inc_x_i = 1.000000, inc_y_i = 1.000000
En el else......

----------------------------------------
x = 5.000000, y = 78.000000
avance = -243.000000, avanceR = 2.000000, avanceI = 2.000000
inc_x_r = 0.000000, inc_y_r = 1.000000, inc_x_i = 1.000000, inc_y_i = 1.000000
En el else......

----------------------------------------
x = 5.000000, y = 79.000000
avance = -241.000000, avanceR = 2.000000, avanceI = 2.000000
inc_x_r = 0.000000, inc_y_r = 1.000000, inc_x_i = 1.000000, inc_y_i = 1.000000
En el else......

----------------------------------------
x = 5.000000, y = 80.000000
avance = -239.000000, avanceR = 2.000000, avanceI = 2.000000
inc_x_r = 0.000000, inc_y_r = 1.000000, inc_x_i = 1.000000, inc_y_i = 1.000000
En el else......

----------------------------------------
x = 5.000000, y = 81.000000
avance = -237.000000, avanceR = 2.000000, avanceI = 2.000000
inc_x_r = 0.000000, inc_y_r = 1.000000, inc_x_i = 1.000000, inc_y_i = 1.000000
En el else......

----------------------------------------
x = 5.000000, y = 82.000000
avance = -235.000000, avanceR = 2.000000, avanceI = 2.000000
inc_x_r = 0.000000, inc_y_r = 1.000000, inc_x_i = 1.000000, inc_y_i = 1.000000
En el else......

----------------------------------------
x = 5.000000, y = 83.000000
avance = -233.000000, avanceR = 2.000000, avanceI = 2.000000
inc_x_r = 0.000000, inc_y_r = 1.000000, inc_x_i = 1.000000, inc_y_i = 1.000000
En el else......

----------------------------------------
x = 5.000000, y = 84.000000
avance = -231.000000, avanceR = 2.000000, avanceI = 2.000000
inc_x_r = 0.000000, inc_y_r = 1.000000, inc_x_i = 1.000000, inc_y_i = 1.000000
En el else......

----------------------------------------
x = 5.000000, y = 85.000000
avance = -229.000000, avanceR = 2.000000, avanceI = 2.000000
inc_x_r = 0.000000, inc_y_r = 1.000000, inc_x_i = 1.000000, inc_y_i = 1.000000
En el else......

----------------------------------------
x = 5.000000, y = 86.000000
avance = -227.000000, avanceR = 2.000000, avanceI = 2.000000
inc_x_r = 0.000000, inc_y_r = 1.000000, inc_x_i = 1.000000, inc_y_i = 1.000000
En el else......

----------------------------------------
x = 5.000000, y = 87.000000
avance = -225.000000, avanceR = 2.000000, avanceI = 2.000000
inc_x_r = 0.000000, inc_y_r = 1.000000, inc_x_i = 1.000000, inc_y_i = 1.000000
En el else......

----------------------------------------
x = 5.000000, y = 88.000000
avance = -223.000000, avanceR = 2.000000, avanceI = 2.000000
inc_x_r = 0.000000, inc_y_r = 1.000000, inc_x_i = 1.000000, inc_y_i = 1.000000
En el else......

----------------------------------------
x = 5.000000, y = 89.000000
avance = -221.000000, avanceR = 2.000000, avanceI = 2.000000
inc_x_r = 0.000000, inc_y_r = 1.000000, inc_x_i = 1.000000, inc_y_i = 1.000000
En el else......

----------------------------------------
x = 5.000000, y = 90.000000
avance = -219.000000, avanceR = 2.000000, avanceI = 2.000000
inc_x_r = 0.000000, inc_y_r = 1.000000, inc_x_i = 1.000000, inc_y_i = 1.000000
En el else......

----------------------------------------
x = 5.000000, y = 91.000000
avance = -217.000000, avanceR = 2.000000, avanceI = 2.000000
inc_x_r = 0.000000, inc_y_r = 1.000000, inc_x_i = 1.000000, inc_y_i = 1.000000
En el else......

----------------------------------------
x = 5.000000, y = 92.000000
avance = -215.000000, avanceR = 2.000000, avanceI = 2.000000
inc_x_r = 0.000000, inc_y_r = 1.000000, inc_x_i = 1.000000, inc_y_i = 1.000000
En el else......

----------------------------------------
x = 5.000000, y = 93.000000
avance = -213.000000, avanceR = 2.000000, avanceI = 2.000000
inc_x_r = 0.000000, inc_y_r = 1.000000, inc_x_i = 1.000000, inc_y_i = 1.000000
En el else......

----------------------------------------
x = 5.000000, y = 94.000000
avance = -211.000000, avanceR = 2.000000, avanceI = 2.000000
inc_x_r = 0.000000, inc_y_r = 1.000000, inc_x_i = 1.000000, inc_y_i = 1.000000
En el else......

----------------------------------------
x = 5.000000, y = 95.000000
avance = -209.000000, avanceR = 2.000000, avanceI = 2.000000
inc_x_r = 0.000000, inc_y_r = 1.000000, inc_x_i = 1.000000, inc_y_i = 1.000000
En el else......

----------------------------------------
x = 5.000000, y = 96.000000
avance = -207.000000, avanceR = 2.000000, avanceI = 2.000000
inc_x_r = 0.000000, inc_y_r = 1.000000, inc_x_i = 1.000000, inc_y_i = 1.000000
En el else......

----------------------------------------
x = 5.000000, y = 97.000000
avance = -205.000000, avanceR = 2.000000, avanceI = 2.000000
inc_x_r = 0.000000, inc_y_r = 1.000000, inc_x_i = 1.000000, inc_y_i = 1.000000
En el else......

----------------------------------------
x = 5.000000, y = 98.000000
avance = -203.000000, avanceR = 2.000000, avanceI = 2.000000
inc_x_r = 0.000000, inc_y_r = 1.000000, inc_x_i = 1.000000, inc_y_i = 1.000000
En el else......

----------------------------------------
x = 5.000000, y = 99.000000
avance = -201.000000, avanceR = 2.000000, avanceI = 2.000000
inc_x_r = 0.000000, inc_y_r = 1.000000, inc_x_i = 1.000000, inc_y_i = 1.000000
En el else......

----------------------------------------
x = 5.000000, y = 100.000000
avance = -199.000000, avanceR = 2.000000, avanceI = 2.000000
inc_x_r = 0.000000, inc_y_r = 1.000000, inc_x_i = 1.000000, inc_y_i = 1.000000
En el else......

----------------------------------------
x = 5.000000, y = 101.000000
avance = -197.000000, avanceR = 2.000000, avanceI = 2.000000
inc_x_r = 0.000000, inc_y_r = 1.000000, inc_x_i = 1.000000, inc_y_i = 1.000000
En el else......

----------------------------------------
x = 5.000000, y = 102.000000
avance = -195.000000, avanceR = 2.000000, avanceI = 2.000000
inc_x_r = 0.000000, inc_y_r = 1.000000, inc_x_i = 1.000000, inc_y_i = 1.000000
En el else......

----------------------------------------
x = 5.000000, y = 103.000000
avance = -193.000000, avanceR = 2.000000, avanceI = 2.000000
inc_x_r = 0.000000, inc_y_r = 1.000000, inc_x_i = 1.000000, inc_y_i = 1.000000
En el else......

----------------------------------------
x = 5.000000, y = 104.000000
avance = -191.000000, avanceR = 2.000000, avanceI = 2.000000
inc_x_r = 0.000000, inc_y_r = 1.000000, inc_x_i = 1.000000, inc_y_i = 1.000000
En el else......

----------------------------------------
x = 5.000000, y = 105.000000
avance = -189.000000, avanceR = 2.000000, avanceI = 2.000000
inc_x_r = 0.000000, inc_y_r = 1.000000, inc_x_i = 1.000000, inc_y_i = 1.000000
En el else......

----------------------------------------
x = 5.000000, y = 106.000000
avance = -187.000000, avanceR = 2.000000, avanceI = 2.000000
inc_x_r = 0.000000, inc_y_r = 1.000000, inc_x_i = 1.000000, inc_y_i = 1.000000
En el else......

----------------------------------------
x = 5.000000, y = 107.000000
avance = -185.000000, avanceR = 2.000000, avanceI = 2.000000
inc_x_r = 0.000000, inc_y_r = 1.000000, inc_x_i = 1.000000, inc_y_i = 1.000000
En el else......

----------------------------------------
x = 5.000000, y = 108.000000
avance = -183.000000, avanceR = 2.000000, avanceI = 2.000000
inc_x_r = 0.000000, inc_y_r = 1.000000, inc_x_i = 1.000000, inc_y_i = 1.000000
En el else......

----------------------------------------
x = 5.000000, y = 109.000000
avance = -181.000000, avanceR = 2.000000, avanceI = 2.000000
inc_x_r = 0.000000, inc_y_r = 1.000000, inc_x_i = 1.000000, inc_y_i = 1.000000
En el else......

----------------------------------------
x = 5.000000, y = 110.000000
avance = -179.000000, avanceR = 2.000000, avanceI = 2.000000
inc_x_r = 0.000000, inc_y_r = 1.000000, inc_x_i = 1.000000, inc_y_i = 1.000000
En el else......

----------------------------------------
x = 5.000000, y = 111.000000
avance = -177.000000, avanceR = 2.000000, avanceI = 2.000000
inc_x_r = 0.000000, inc_y_r = 1.000000, inc_x_i = 1.000000, inc_y_i = 1.000000
En el else......

----------------------------------------
x = 5.000000, y = 112.000000
avance = -175.000000, avanceR = 2.000000, avanceI = 2.000000
inc_x_r = 0.000000, inc_y_r = 1.000000, inc_x_i = 1.000000, inc_y_i = 1.000000
En el else......

----------------------------------------
x = 5.000000, y = 113.000000
avance = -173.000000, avanceR = 2.000000, avanceI = 2.000000
inc_x_r = 0.000000, inc_y_r = 1.000000, inc_x_i = 1.000000, inc_y_i = 1.000000
En el else......

----------------------------------------
x = 5.000000, y = 114.000000
avance = -171.000000, avanceR = 2.000000, avanceI = 2.000000
inc_x_r = 0.000000, inc_y_r = 1.000000, inc_x_i = 1.000000, inc_y_i = 1.000000
En el else......

----------------------------------------
x = 5.000000, y = 115.000000
avance = -169.000000, avanceR = 2.000000, avanceI = 2.000000
inc_x_r = 0.000000, inc_y_r = 1.000000, inc_x_i = 1.000000, inc_y_i = 1.000000
En el else......

----------------------------------------
x = 5.000000, y = 116.000000
avance = -167.000000, avanceR = 2.000000, avanceI = 2.000000
inc_x_r = 0.000000, inc_y_r = 1.000000, inc_x_i = 1.000000, inc_y_i = 1.000000
En el else......

----------------------------------------
x = 5.000000, y = 117.000000
avance = -165.000000, avanceR = 2.000000, avanceI = 2.000000
inc_x_r = 0.000000, inc_y_r = 1.000000, inc_x_i = 1.000000, inc_y_i = 1.000000
En el else......

----------------------------------------
x = 5.000000, y = 118.000000
avance = -163.000000, avanceR = 2.000000, avanceI = 2.000000
inc_x_r = 0.000000, inc_y_r = 1.000000, inc_x_i = 1.000000, inc_y_i = 1.000000
En el else......

----------------------------------------
x = 5.000000, y = 119.000000
avance = -161.000000, avanceR = 2.000000, avanceI = 2.000000
inc_x_r = 0.000000, inc_y_r = 1.000000, inc_x_i = 1.000000, inc_y_i = 1.000000
En el else......

----------------------------------------
x = 5.000000, y = 120.000000
avance = -159.000000, avanceR = 2.000000, avanceI = 2.000000
inc_x_r = 0.000000, inc_y_r = 1.000000, inc_x_i = 1.000000, inc_y_i = 1.000000
En el else......

----------------------------------------
x = 5.000000, y = 121.000000
avance = -157.000000, avanceR = 2.000000, avanceI = 2.000000
inc_x_r = 0.000000, inc_y_r = 1.000000, inc_x_i = 1.000000, inc_y_i = 1.000000
En el else......

----------------------------------------
x = 5.000000, y = 122.000000
avance = -155.000000, avanceR = 2.000000, avanceI = 2.000000
inc_x_r = 0.000000, inc_y_r = 1.000000, inc_x_i = 1.000000, inc_y_i = 1.000000
En el else......

----------------------------------------
x = 5.000000, y = 123.000000
avance = -153.000000, avanceR = 2.000000, avanceI = 2.000000
inc_x_r = 0.000000, inc_y_r = 1.000000, inc_x_i = 1.000000, inc_y_i = 1.000000
En el else......

----------------------------------------
x = 5.000000, y = 124.000000
avance = -151.000000, avanceR = 2.000000, avanceI = 2.000000
inc_x_r = 0.000000, inc_y_r = 1.000000, inc_x_i = 1.000000, inc_y_i = 1.000000
En el else......

----------------------------------------
x = 5.000000, y = 125.000000
avance = -149.000000, avanceR = 2.000000, avanceI = 2.000000
inc_x_r = 0.000000, inc_y_r = 1.000000, inc_x_i = 1.000000, inc_y_i = 1.000000
En el else......

----------------------------------------
x = 5.000000, y = 126.000000
avance = -147.000000, avanceR = 2.000000, avanceI = 2.000000
inc_x_r = 0.000000, inc_y_r = 1.000000, inc_x_i = 1.000000, inc_y_i = 1.000000
En el else......

----------------------------------------
x = 5.000000, y = 127.000000
avance = -145.000000, avanceR = 2.000000, avanceI = 2.000000
inc_x_r = 0.000000, inc_y_r = 1.000000, inc_x_i = 1.000000, inc_y_i = 1.000000
En el else......

----------------------------------------
x = 5.000000, y = 128.000000
avance = -143.000000, avanceR = 2.000000, avanceI = 2.000000
inc_x_r = 0.000000, inc_y_r = 1.000000, inc_x_i = 1.000000, inc_y_i = 1.000000
En el else......

----------------------------------------
x = 5.000000, y = 129.000000
avance = -141.000000, avanceR = 2.000000, avanceI = 2.000000
inc_x_r = 0.000000, inc_y_r = 1.000000, inc_x_i = 1.000000, inc_y_i = 1.000000
En el else......

----------------------------------------
x = 5.000000, y = 130.000000
avance = -139.000000, avanceR = 2.000000, avanceI = 2.000000
inc_x_r = 0.000000, inc_y_r = 1.000000, inc_x_i = 1.000000, inc_y_i = 1.000000
En el else......

----------------------------------------
x = 5.000000, y = 131.000000
avance = -137.000000, avanceR = 2.000000, avanceI = 2.000000
inc_x_r = 0.000000, inc_y_r = 1.000000, inc_x_i = 1.000000, inc_y_i = 1.000000
En el else......

----------------------------------------
x = 5.000000, y = 132.000000
avance = -135.000000, avanceR = 2.000000, avanceI = 2.000000
inc_x_r = 0.000000, inc_y_r = 1.000000, inc_x_i = 1.000000, inc_y_i = 1.000000
En el else......

----------------------------------------
x = 5.000000, y = 133.000000
avance = -133.000000, avanceR = 2.000000, avanceI = 2.000000
inc_x_r = 0.000000, inc_y_r = 1.000000, inc_x_i = 1.000000, inc_y_i = 1.000000
En el else......

----------------------------------------
x = 5.000000, y = 134.000000
avance = -131.000000, avanceR = 2.000000, avanceI = 2.000000
inc_x_r = 0.000000, inc_y_r = 1.000000, inc_x_i = 1.000000, inc_y_i = 1.000000
En el else......

----------------------------------------
x = 5.000000, y = 135.000000
avance = -129.000000, avanceR = 2.000000, avanceI = 2.000000
inc_x_r = 0.000000, inc_y_r = 1.000000, inc_x_i = 1.000000, inc_y_i = 1.000000
En el else......

----------------------------------------
x = 5.000000, y = 136.000000
avance = -127.000000, avanceR = 2.000000, avanceI = 2.000000
inc_x_r = 0.000000, inc_y_r = 1.000000, inc_x_i = 1.000000, inc_y_i = 1.000000
En el else......

----------------------------------------
x = 5.000000, y = 137.000000
avance = -125.000000, avanceR = 2.000000, avanceI = 2.000000
inc_x_r = 0.000000, inc_y_r = 1.000000, inc_x_i = 1.000000, inc_y_i = 1.000000
En el else......

----------------------------------------
x = 5.000000, y = 138.000000
avance = -123.000000, avanceR = 2.000000, avanceI = 2.000000
inc_x_r = 0.000000, inc_y_r = 1.000000, inc_x_i = 1.000000, inc_y_i = 1.000000
En el else......

----------------------------------------
x = 5.000000, y = 139.000000
avance = -121.000000, avanceR = 2.000000, avanceI = 2.000000
inc_x_r = 0.000000, inc_y_r = 1.000000, inc_x_i = 1.000000, inc_y_i = 1.000000
En el else......

----------------------------------------
x = 5.000000, y = 140.000000
avance = -119.000000, avanceR = 2.000000, avanceI = 2.000000
inc_x_r = 0.000000, inc_y_r = 1.000000, inc_x_i = 1.000000, inc_y_i = 1.000000
En el else......

----------------------------------------
x = 5.000000, y = 141.000000
avance = -117.000000, avanceR = 2.000000, avanceI = 2.000000
inc_x_r = 0.000000, inc_y_r = 1.000000, inc_x_i = 1.000000, inc_y_i = 1.000000
En el else......

----------------------------------------
x = 5.000000, y = 142.000000
avance = -115.000000, avanceR = 2.000000, avanceI = 2.000000
inc_x_r = 0.000000, inc_y_r = 1.000000, inc_x_i = 1.000000, inc_y_i = 1.000000
En el else......

----------------------------------------
x = 5.000000, y = 143.000000
avance = -113.000000, avanceR = 2.000000, avanceI = 2.000000
inc_x_r = 0.000000, inc_y_r = 1.000000, inc_x_i = 1.000000, inc_y_i = 1.000000
En el else......

----------------------------------------
x = 5.000000, y = 144.000000
avance = -111.000000, avanceR = 2.000000, avanceI = 2.000000
inc_x_r = 0.000000, inc_y_r = 1.000000, inc_x_i = 1.000000, inc_y_i = 1.000000
En el else......

----------------------------------------
x = 5.000000, y = 145.000000
avance = -109.000000, avanceR = 2.000000, avanceI = 2.000000
inc_x_r = 0.000000, inc_y_r = 1.000000, inc_x_i = 1.000000, inc_y_i = 1.000000
En el else......

----------------------------------------
x = 5.000000, y = 146.000000
avance = -107.000000, avanceR = 2.000000, avanceI = 2.000000
inc_x_r = 0.000000, inc_y_r = 1.000000, inc_x_i = 1.000000, inc_y_i = 1.000000
En el else......

----------------------------------------
x = 5.000000, y = 147.000000
avance = -105.000000, avanceR = 2.000000, avanceI = 2.000000
inc_x_r = 0.000000, inc_y_r = 1.000000, inc_x_i = 1.000000, inc_y_i = 1.000000
En el else......

----------------------------------------
x = 5.000000, y = 148.000000
avance = -103.000000, avanceR = 2.000000, avanceI = 2.000000
inc_x_r = 0.000000, inc_y_r = 1.000000, inc_x_i = 1.000000, inc_y_i = 1.000000
En el else......

----------------------------------------
x = 5.000000, y = 149.000000
avance = -101.000000, avanceR = 2.000000, avanceI = 2.000000
inc_x_r = 0.000000, inc_y_r = 1.000000, inc_x_i = 1.000000, inc_y_i = 1.000000
En el else......

----------------------------------------
x = 5.000000, y = 150.000000
avance = -99.000000, avanceR = 2.000000, avanceI = 2.000000
inc_x_r = 0.000000, inc_y_r = 1.000000, inc_x_i = 1.000000, inc_y_i = 1.000000
En el else......

----------------------------------------
x = 5.000000, y = 151.000000
avance = -97.000000, avanceR = 2.000000, avanceI = 2.000000
inc_x_r = 0.000000, inc_y_r = 1.000000, inc_x_i = 1.000000, inc_y_i = 1.000000
En el else......

----------------------------------------
x = 5.000000, y = 152.000000
avance = -95.000000, avanceR = 2.000000, avanceI = 2.000000
inc_x_r = 0.000000, inc_y_r = 1.000000, inc_x_i = 1.000000, inc_y_i = 1.000000
En el else......

----------------------------------------
x = 5.000000, y = 153.000000
avance = -93.000000, avanceR = 2.000000, avanceI = 2.000000
inc_x_r = 0.000000, inc_y_r = 1.000000, inc_x_i = 1.000000, inc_y_i = 1.000000
En el else......

----------------------------------------
x = 5.000000, y = 154.000000
avance = -91.000000, avanceR = 2.000000, avanceI = 2.000000
inc_x_r = 0.000000, inc_y_r = 1.000000, inc_x_i = 1.000000, inc_y_i = 1.000000
En el else......

----------------------------------------
x = 5.000000, y = 155.000000
avance = -89.000000, avanceR = 2.000000, avanceI = 2.000000
inc_x_r = 0.000000, inc_y_r = 1.000000, inc_x_i = 1.000000, inc_y_i = 1.000000
En el else......

----------------------------------------
x = 5.000000, y = 156.000000
avance = -87.000000, avanceR = 2.000000, avanceI = 2.000000
inc_x_r = 0.000000, inc_y_r = 1.000000, inc_x_i = 1.000000, inc_y_i = 1.000000
En el else......

----------------------------------------
x = 5.000000, y = 157.000000
avance = -85.000000, avanceR = 2.000000, avanceI = 2.000000
inc_x_r = 0.000000, inc_y_r = 1.000000, inc_x_i = 1.000000, inc_y_i = 1.000000
En el else......

----------------------------------------
x = 5.000000, y = 158.000000
avance = -83.000000, avanceR = 2.000000, avanceI = 2.000000
inc_x_r = 0.000000, inc_y_r = 1.000000, inc_x_i = 1.000000, inc_y_i = 1.000000
En el else......

----------------------------------------
x = 5.000000, y = 159.000000
avance = -81.000000, avanceR = 2.000000, avanceI = 2.000000
inc_x_r = 0.000000, inc_y_r = 1.000000, inc_x_i = 1.000000, inc_y_i = 1.000000
En el else......

----------------------------------------
x = 5.000000, y = 160.000000
avance = -79.000000, avanceR = 2.000000, avanceI = 2.000000
inc_x_r = 0.000000, inc_y_r = 1.000000, inc_x_i = 1.000000, inc_y_i = 1.000000
En el else......

----------------------------------------
x = 5.000000, y = 161.000000
avance = -77.000000, avanceR = 2.000000, avanceI = 2.000000
inc_x_r = 0.000000, inc_y_r = 1.000000, inc_x_i = 1.000000, inc_y_i = 1.000000
En el else......

----------------------------------------
x = 5.000000, y = 162.000000
avance = -75.000000, avanceR = 2.000000, avanceI = 2.000000
inc_x_r = 0.000000, inc_y_r = 1.000000, inc_x_i = 1.000000, inc_y_i = 1.000000
En el else......

----------------------------------------
x = 5.000000, y = 163.000000
avance = -73.000000, avanceR = 2.000000, avanceI = 2.000000
inc_x_r = 0.000000, inc_y_r = 1.000000, inc_x_i = 1.000000, inc_y_i = 1.000000
En el else......

----------------------------------------
x = 5.000000, y = 164.000000
avance = -71.000000, avanceR = 2.000000, avanceI = 2.000000
inc_x_r = 0.000000, inc_y_r = 1.000000, inc_x_i = 1.000000, inc_y_i = 1.000000
En el else......

----------------------------------------
x = 5.000000, y = 165.000000
avance = -69.000000, avanceR = 2.000000, avanceI = 2.000000
inc_x_r = 0.000000, inc_y_r = 1.000000, inc_x_i = 1.000000, inc_y_i = 1.000000
En el else......

----------------------------------------
x = 5.000000, y = 166.000000
avance = -67.000000, avanceR = 2.000000, avanceI = 2.000000
inc_x_r = 0.000000, inc_y_r = 1.000000, inc_x_i = 1.000000, inc_y_i = 1.000000
En el else......

----------------------------------------
x = 5.000000, y = 167.000000
avance = -65.000000, avanceR = 2.000000, avanceI = 2.000000
inc_x_r = 0.000000, inc_y_r = 1.000000, inc_x_i = 1.000000, inc_y_i = 1.000000
En el else......

----------------------------------------
x = 5.000000, y = 168.000000
avance = -63.000000, avanceR = 2.000000, avanceI = 2.000000
inc_x_r = 0.000000, inc_y_r = 1.000000, inc_x_i = 1.000000, inc_y_i = 1.000000
En el else......

----------------------------------------
x = 5.000000, y = 169.000000
avance = -61.000000, avanceR = 2.000000, avanceI = 2.000000
inc_x_r = 0.000000, inc_y_r = 1.000000, inc_x_i = 1.000000, inc_y_i = 1.000000
En el else......

----------------------------------------
x = 5.000000, y = 170.000000
avance = -59.000000, avanceR = 2.000000, avanceI = 2.000000
inc_x_r = 0.000000, inc_y_r = 1.000000, inc_x_i = 1.000000, inc_y_i = 1.000000
En el else......

----------------------------------------
x = 5.000000, y = 171.000000
avance = -57.000000, avanceR = 2.000000, avanceI = 2.000000
inc_x_r = 0.000000, inc_y_r = 1.000000, inc_x_i = 1.000000, inc_y_i = 1.000000
En el else......

----------------------------------------
x = 5.000000, y = 172.000000
avance = -55.000000, avanceR = 2.000000, avanceI = 2.000000
inc_x_r = 0.000000, inc_y_r = 1.000000, inc_x_i = 1.000000, inc_y_i = 1.000000
En el else......

----------------------------------------
x = 5.000000, y = 173.000000
avance = -53.000000, avanceR = 2.000000, avanceI = 2.000000
inc_x_r = 0.000000, inc_y_r = 1.000000, inc_x_i = 1.000000, inc_y_i = 1.000000
En el else......

----------------------------------------
x = 5.000000, y = 174.000000
avance = -51.000000, avanceR = 2.000000, avanceI = 2.000000
inc_x_r = 0.000000, inc_y_r = 1.000000, inc_x_i = 1.000000, inc_y_i = 1.000000
En el else......

----------------------------------------
x = 5.000000, y = 175.000000
avance = -49.000000, avanceR = 2.000000, avanceI = 2.000000
inc_x_r = 0.000000, inc_y_r = 1.000000, inc_x_i = 1.000000, inc_y_i = 1.000000
En el else......

----------------------------------------
x = 5.000000, y = 176.000000
avance = -47.000000, avanceR = 2.000000, avanceI = 2.000000
inc_x_r = 0.000000, inc_y_r = 1.000000, inc_x_i = 1.000000, inc_y_i = 1.000000
En el else......

----------------------------------------
x = 5.000000, y = 177.000000
avance = -45.000000, avanceR = 2.000000, avanceI = 2.000000
inc_x_r = 0.000000, inc_y_r = 1.000000, inc_x_i = 1.000000, inc_y_i = 1.000000
En el else......

----------------------------------------
x = 5.000000, y = 178.000000
avance = -43.000000, avanceR = 2.000000, avanceI = 2.000000
inc_x_r = 0.000000, inc_y_r = 1.000000, inc_x_i = 1.000000, inc_y_i = 1.000000
En el else......

----------------------------------------
x = 5.000000, y = 179.000000
avance = -41.000000, avanceR = 2.000000, avanceI = 2.000000
inc_x_r = 0.000000, inc_y_r = 1.000000, inc_x_i = 1.000000, inc_y_i = 1.000000
En el else......

----------------------------------------
x = 5.000000, y = 180.000000
avance = -39.000000, avanceR = 2.000000, avanceI = 2.000000
inc_x_r = 0.000000, inc_y_r = 1.000000, inc_x_i = 1.000000, inc_y_i = 1.000000
En el else......

----------------------------------------
x = 5.000000, y = 181.000000
avance = -37.000000, avanceR = 2.000000, avanceI = 2.000000
inc_x_r = 0.000000, inc_y_r = 1.000000, inc_x_i = 1.000000, inc_y_i = 1.000000
En el else......

----------------------------------------
x = 5.000000, y = 182.000000
avance = -35.000000, avanceR = 2.000000, avanceI = 2.000000
inc_x_r = 0.000000, inc_y_r = 1.000000, inc_x_i = 1.000000, inc_y_i = 1.000000
En el else......

----------------------------------------
x = 5.000000, y = 183.000000
avance = -33.000000, avanceR = 2.000000, avanceI = 2.000000
inc_x_r = 0.000000, inc_y_r = 1.000000, inc_x_i = 1.000000, inc_y_i = 1.000000
En el else......

----------------------------------------
x = 5.000000, y = 184.000000
avance = -31.000000, avanceR = 2.000000, avanceI = 2.000000
inc_x_r = 0.000000, inc_y_r = 1.000000, inc_x_i = 1.000000, inc_y_i = 1.000000
En el else......

----------------------------------------
x = 5.000000, y = 185.000000
avance = -29.000000, avanceR = 2.000000, avanceI = 2.000000
inc_x_r = 0.000000, inc_y_r = 1.000000, inc_x_i = 1.000000, inc_y_i = 1.000000
En el else......

----------------------------------------
x = 5.000000, y = 186.000000
avance = -27.000000, avanceR = 2.000000, avanceI = 2.000000
inc_x_r = 0.000000, inc_y_r = 1.000000, inc_x_i = 1.000000, inc_y_i = 1.000000
En el else......

----------------------------------------
x = 5.000000, y = 187.000000
avance = -25.000000, avanceR = 2.000000, avanceI = 2.000000
inc_x_r = 0.000000, inc_y_r = 1.000000, inc_x_i = 1.000000, inc_y_i = 1.000000
En el else......

----------------------------------------
x = 5.000000, y = 188.000000
avance = -23.000000, avanceR = 2.000000, avanceI = 2.000000
inc_x_r = 0.000000, inc_y_r = 1.000000, inc_x_i = 1.000000, inc_y_i = 1.000000
En el else......

----------------------------------------
x = 5.000000, y = 189.000000
avance = -21.000000, avanceR = 2.000000, avanceI = 2.000000
inc_x_r = 0.000000, inc_y_r = 1.000000, inc_x_i = 1.000000, inc_y_i = 1.000000
En el else......

----------------------------------------
x = 5.000000, y = 190.000000
avance = -19.000000, avanceR = 2.000000, avanceI = 2.000000
inc_x_r = 0.000000, inc_y_r = 1.000000, inc_x_i = 1.000000, inc_y_i = 1.000000
En el else......

----------------------------------------
x = 5.000000, y = 191.000000
avance = -17.000000, avanceR = 2.000000, avanceI = 2.000000
inc_x_r = 0.000000, inc_y_r = 1.000000, inc_x_i = 1.000000, inc_y_i = 1.000000
En el else......

----------------------------------------
x = 5.000000, y = 192.000000
avance = -15.000000, avanceR = 2.000000, avanceI = 2.000000
inc_x_r = 0.000000, inc_y_r = 1.000000, inc_x_i = 1.000000, inc_y_i = 1.000000
En el else......

----------------------------------------
x = 5.000000, y = 193.000000
avance = -13.000000, avanceR = 2.000000, avanceI = 2.000000
inc_x_r = 0.000000, inc_y_r = 1.000000, inc_x_i = 1.000000, inc_y_i = 1.000000
En el else......

----------------------------------------
x = 5.000000, y = 194.000000
avance = -11.000000, avanceR = 2.000000, avanceI = 2.000000
inc_x_r = 0.000000, inc_y_r = 1.000000, inc_x_i = 1.000000, inc_y_i = 1.000000
En el else......

----------------------------------------
x = 5.000000, y = 195.000000
avance = -9.000000, avanceR = 2.000000, avanceI = 2.000000
inc_x_r = 0.000000, inc_y_r = 1.000000, inc_x_i = 1.000000, inc_y_i = 1.000000
En el else......

----------------------------------------
x = 5.000000, y = 196.000000
avance = -7.000000, avanceR = 2.000000, avanceI = 2.000000
inc_x_r = 0.000000, inc_y_r = 1.000000, inc_x_i = 1.000000, inc_y_i = 1.000000
En el else......

----------------------------------------
x = 5.000000, y = 197.000000
avance = -5.000000, avanceR = 2.000000, avanceI = 2.000000
inc_x_r = 0.000000, inc_y_r = 1.000000, inc_x_i = 1.000000, inc_y_i = 1.000000
En el else......

----------------------------------------
x = 5.000000, y = 198.000000
avance = -3.000000, avanceR = 2.000000, avanceI = 2.000000
inc_x_r = 0.000000, inc_y_r = 1.000000, inc_x_i = 1.000000, inc_y_i = 1.000000
En el else......

----------------------------------------
x = 5.000000, y = 199.000000
avance = -1.000000, avanceR = 2.000000, avanceI = 2.000000
inc_x_r = 0.000000, inc_y_r = 1.000000, inc_x_i = 1.000000, inc_y_i = 1.000000
En el else......

----------------------------------------
x = 5.000000, y = 200.000000
avance = 1.000000, avanceR = 2.000000, avanceI = 2.000000
inc_x_r = 0.000000, inc_y_r = 1.000000, inc_x_i = 1.000000, inc_y_i = 1.000000
avance >= 0

----------------------------------------
x = 6.000000, y = 201.000000
avance = -499.000000, avanceR = 2.000000, avanceI = 2.000000
inc_x_r = 0.000000, inc_y_r = 1.000000, inc_x_i = 1.000000, inc_y_i = 1.000000
En el else......

----------------------------------------
x = 6.000000, y = 202.000000
avance = -497.000000, avanceR = 2.000000, avanceI = 2.000000
inc_x_r = 0.000000, inc_y_r = 1.000000, inc_x_i = 1.000000, inc_y_i = 1.000000
En el else......

----------------------------------------
x = 6.000000, y = 203.000000
avance = -495.000000, avanceR = 2.000000, avanceI = 2.000000
inc_x_r = 0.000000, inc_y_r = 1.000000, inc_x_i = 1.000000, inc_y_i = 1.000000
En el else......

----------------------------------------
x = 6.000000, y = 204.000000
avance = -493.000000, avanceR = 2.000000, avanceI = 2.000000
inc_x_r = 0.000000, inc_y_r = 1.000000, inc_x_i = 1.000000, inc_y_i = 1.000000
En el else......

----------------------------------------
x = 6.000000, y = 205.000000
avance = -491.000000, avanceR = 2.000000, avanceI = 2.000000
inc_x_r = 0.000000, inc_y_r = 1.000000, inc_x_i = 1.000000, inc_y_i = 1.000000
En el else......

----------------------------------------
x = 6.000000, y = 206.000000
avance = -489.000000, avanceR = 2.000000, avanceI = 2.000000
inc_x_r = 0.000000, inc_y_r = 1.000000, inc_x_i = 1.000000, inc_y_i = 1.000000
En el else......

----------------------------------------
x = 6.000000, y = 207.000000
avance = -487.000000, avanceR = 2.000000, avanceI = 2.000000
inc_x_r = 0.000000, inc_y_r = 1.000000, inc_x_i = 1.000000, inc_y_i = 1.000000
En el else......

----------------------------------------
x = 6.000000, y = 208.000000
avance = -485.000000, avanceR = 2.000000, avanceI = 2.000000
inc_x_r = 0.000000, inc_y_r = 1.000000, inc_x_i = 1.000000, inc_y_i = 1.000000
En el else......

----------------------------------------
x = 6.000000, y = 209.000000
avance = -483.000000, avanceR = 2.000000, avanceI = 2.000000
inc_x_r = 0.000000, inc_y_r = 1.000000, inc_x_i = 1.000000, inc_y_i = 1.000000
En el else......

----------------------------------------
x = 6.000000, y = 210.000000
avance = -481.000000, avanceR = 2.000000, avanceI = 2.000000
inc_x_r = 0.000000, inc_y_r = 1.000000, inc_x_i = 1.000000, inc_y_i = 1.000000
En el else......

----------------------------------------
x = 6.000000, y = 211.000000
avance = -479.000000, avanceR = 2.000000, avanceI = 2.000000
inc_x_r = 0.000000, inc_y_r = 1.000000, inc_x_i = 1.000000, inc_y_i = 1.000000
En el else......

----------------------------------------
x = 6.000000, y = 212.000000
avance = -477.000000, avanceR = 2.000000, avanceI = 2.000000
inc_x_r = 0.000000, inc_y_r = 1.000000, inc_x_i = 1.000000, inc_y_i = 1.000000
En el else......

----------------------------------------
x = 6.000000, y = 213.000000
avance = -475.000000, avanceR = 2.000000, avanceI = 2.000000
inc_x_r = 0.000000, inc_y_r = 1.000000, inc_x_i = 1.000000, inc_y_i = 1.000000
En el else......

----------------------------------------
x = 6.000000, y = 214.000000
avance = -473.000000, avanceR = 2.000000, avanceI = 2.000000
inc_x_r = 0.000000, inc_y_r = 1.000000, inc_x_i = 1.000000, inc_y_i = 1.000000
En el else......

----------------------------------------
x = 6.000000, y = 215.000000
avance = -471.000000, avanceR = 2.000000, avanceI = 2.000000
inc_x_r = 0.000000, inc_y_r = 1.000000, inc_x_i = 1.000000, inc_y_i = 1.000000
En el else......

----------------------------------------
x = 6.000000, y = 216.000000
avance = -469.000000, avanceR = 2.000000, avanceI = 2.000000
inc_x_r = 0.000000, inc_y_r = 1.000000, inc_x_i = 1.000000, inc_y_i = 1.000000
En el else......

----------------------------------------
x = 6.000000, y = 217.000000
avance = -467.000000, avanceR = 2.000000, avanceI = 2.000000
inc_x_r = 0.000000, inc_y_r = 1.000000, inc_x_i = 1.000000, inc_y_i = 1.000000
En el else......

----------------------------------------
x = 6.000000, y = 218.000000
avance = -465.000000, avanceR = 2.000000, avanceI = 2.000000
inc_x_r = 0.000000, inc_y_r = 1.000000, inc_x_i = 1.000000, inc_y_i = 1.000000
En el else......

----------------------------------------
x = 6.000000, y = 219.000000
avance = -463.000000, avanceR = 2.000000, avanceI = 2.000000
inc_x_r = 0.000000, inc_y_r = 1.000000, inc_x_i = 1.000000, inc_y_i = 1.000000
En el else......

----------------------------------------
x = 6.000000, y = 220.000000
avance = -461.000000, avanceR = 2.000000, avanceI = 2.000000
inc_x_r = 0.000000, inc_y_r = 1.000000, inc_x_i = 1.000000, inc_y_i = 1.000000
En el else......

----------------------------------------
x = 6.000000, y = 221.000000
avance = -459.000000, avanceR = 2.000000, avanceI = 2.000000
inc_x_r = 0.000000, inc_y_r = 1.000000, inc_x_i = 1.000000, inc_y_i = 1.000000
En el else......

----------------------------------------
x = 6.000000, y = 222.000000
avance = -457.000000, avanceR = 2.000000, avanceI = 2.000000
inc_x_r = 0.000000, inc_y_r = 1.000000, inc_x_i = 1.000000, inc_y_i = 1.000000
En el else......

----------------------------------------
x = 6.000000, y = 223.000000
avance = -455.000000, avanceR = 2.000000, avanceI = 2.000000
inc_x_r = 0.000000, inc_y_r = 1.000000, inc_x_i = 1.000000, inc_y_i = 1.000000
En el else......

----------------------------------------
x = 6.000000, y = 224.000000
avance = -453.000000, avanceR = 2.000000, avanceI = 2.000000
inc_x_r = 0.000000, inc_y_r = 1.000000, inc_x_i = 1.000000, inc_y_i = 1.000000
En el else......

----------------------------------------
x = 6.000000, y = 225.000000
avance = -451.000000, avanceR = 2.000000, avanceI = 2.000000
inc_x_r = 0.000000, inc_y_r = 1.000000, inc_x_i = 1.000000, inc_y_i = 1.000000
En el else......

----------------------------------------
x = 6.000000, y = 226.000000
avance = -449.000000, avanceR = 2.000000, avanceI = 2.000000
inc_x_r = 0.000000, inc_y_r = 1.000000, inc_x_i = 1.000000, inc_y_i = 1.000000
En el else......

----------------------------------------
x = 6.000000, y = 227.000000
avance = -447.000000, avanceR = 2.000000, avanceI = 2.000000
inc_x_r = 0.000000, inc_y_r = 1.000000, inc_x_i = 1.000000, inc_y_i = 1.000000
En el else......

----------------------------------------
x = 6.000000, y = 228.000000
avance = -445.000000, avanceR = 2.000000, avanceI = 2.000000
inc_x_r = 0.000000, inc_y_r = 1.000000, inc_x_i = 1.000000, inc_y_i = 1.000000
En el else......

----------------------------------------
x = 6.000000, y = 229.000000
avance = -443.000000, avanceR = 2.000000, avanceI = 2.000000
inc_x_r = 0.000000, inc_y_r = 1.000000, inc_x_i = 1.000000, inc_y_i = 1.000000
En el else......

----------------------------------------
x = 6.000000, y = 230.000000
avance = -441.000000, avanceR = 2.000000, avanceI = 2.000000
inc_x_r = 0.000000, inc_y_r = 1.000000, inc_x_i = 1.000000, inc_y_i = 1.000000
En el else......

----------------------------------------
x = 6.000000, y = 231.000000
avance = -439.000000, avanceR = 2.000000, avanceI = 2.000000
inc_x_r = 0.000000, inc_y_r = 1.000000, inc_x_i = 1.000000, inc_y_i = 1.000000
En el else......

----------------------------------------
x = 6.000000, y = 232.000000
avance = -437.000000, avanceR = 2.000000, avanceI = 2.000000
inc_x_r = 0.000000, inc_y_r = 1.000000, inc_x_i = 1.000000, inc_y_i = 1.000000
En el else......

----------------------------------------
x = 6.000000, y = 233.000000
avance = -435.000000, avanceR = 2.000000, avanceI = 2.000000
inc_x_r = 0.000000, inc_y_r = 1.000000, inc_x_i = 1.000000, inc_y_i = 1.000000
En el else......

----------------------------------------
x = 6.000000, y = 234.000000
avance = -433.000000, avanceR = 2.000000, avanceI = 2.000000
inc_x_r = 0.000000, inc_y_r = 1.000000, inc_x_i = 1.000000, inc_y_i = 1.000000
En el else......

----------------------------------------
x = 6.000000, y = 235.000000
avance = -431.000000, avanceR = 2.000000, avanceI = 2.000000
inc_x_r = 0.000000, inc_y_r = 1.000000, inc_x_i = 1.000000, inc_y_i = 1.000000
En el else......

----------------------------------------
x = 6.000000, y = 236.000000
avance = -429.000000, avanceR = 2.000000, avanceI = 2.000000
inc_x_r = 0.000000, inc_y_r = 1.000000, inc_x_i = 1.000000, inc_y_i = 1.000000
En el else......

----------------------------------------
x = 6.000000, y = 237.000000
avance = -427.000000, avanceR = 2.000000, avanceI = 2.000000
inc_x_r = 0.000000, inc_y_r = 1.000000, inc_x_i = 1.000000, inc_y_i = 1.000000
En el else......

----------------------------------------
x = 6.000000, y = 238.000000
avance = -425.000000, avanceR = 2.000000, avanceI = 2.000000
inc_x_r = 0.000000, inc_y_r = 1.000000, inc_x_i = 1.000000, inc_y_i = 1.000000
En el else......

----------------------------------------
x = 6.000000, y = 239.000000
avance = -423.000000, avanceR = 2.000000, avanceI = 2.000000
inc_x_r = 0.000000, inc_y_r = 1.000000, inc_x_i = 1.000000, inc_y_i = 1.000000
En el else......

----------------------------------------
x = 6.000000, y = 240.000000
avance = -421.000000, avanceR = 2.000000, avanceI = 2.000000
inc_x_r = 0.000000, inc_y_r = 1.000000, inc_x_i = 1.000000, inc_y_i = 1.000000
En el else......

----------------------------------------
x = 6.000000, y = 241.000000
avance = -419.000000, avanceR = 2.000000, avanceI = 2.000000
inc_x_r = 0.000000, inc_y_r = 1.000000, inc_x_i = 1.000000, inc_y_i = 1.000000
En el else......

----------------------------------------
x = 6.000000, y = 242.000000
avance = -417.000000, avanceR = 2.000000, avanceI = 2.000000
inc_x_r = 0.000000, inc_y_r = 1.000000, inc_x_i = 1.000000, inc_y_i = 1.000000
En el else......

----------------------------------------
x = 6.000000, y = 243.000000
avance = -415.000000, avanceR = 2.000000, avanceI = 2.000000
inc_x_r = 0.000000, inc_y_r = 1.000000, inc_x_i = 1.000000, inc_y_i = 1.000000
En el else......

----------------------------------------
x = 6.000000, y = 244.000000
avance = -413.000000, avanceR = 2.000000, avanceI = 2.000000
inc_x_r = 0.000000, inc_y_r = 1.000000, inc_x_i = 1.000000, inc_y_i = 1.000000
En el else......

----------------------------------------
x = 6.000000, y = 245.000000
avance = -411.000000, avanceR = 2.000000, avanceI = 2.000000
inc_x_r = 0.000000, inc_y_r = 1.000000, inc_x_i = 1.000000, inc_y_i = 1.000000
En el else......

----------------------------------------
x = 6.000000, y = 246.000000
avance = -409.000000, avanceR = 2.000000, avanceI = 2.000000
inc_x_r = 0.000000, inc_y_r = 1.000000, inc_x_i = 1.000000, inc_y_i = 1.000000
En el else......

----------------------------------------
x = 6.000000, y = 247.000000
avance = -407.000000, avanceR = 2.000000, avanceI = 2.000000
inc_x_r = 0.000000, inc_y_r = 1.000000, inc_x_i = 1.000000, inc_y_i = 1.000000
En el else......

----------------------------------------
x = 6.000000, y = 248.000000
avance = -405.000000, avanceR = 2.000000, avanceI = 2.000000
inc_x_r = 0.000000, inc_y_r = 1.000000, inc_x_i = 1.000000, inc_y_i = 1.000000
En el else......

----------------------------------------
x = 6.000000, y = 249.000000
avance = -403.000000, avanceR = 2.000000, avanceI = 2.000000
inc_x_r = 0.000000, inc_y_r = 1.000000, inc_x_i = 1.000000, inc_y_i = 1.000000
En el else......

----------------------------------------
x = 6.000000, y = 250.000000
avance = -401.000000, avanceR = 2.000000, avanceI = 2.000000
inc_x_r = 0.000000, inc_y_r = 1.000000, inc_x_i = 1.000000, inc_y_i = 1.000000
En el else......

----------------------------------------
x = 6.000000, y = 251.000000
avance = -399.000000, avanceR = 2.000000, avanceI = 2.000000
inc_x_r = 0.000000, inc_y_r = 1.000000, inc_x_i = 1.000000, inc_y_i = 1.000000
En el else......

----------------------------------------
x = 6.000000, y = 252.000000
avance = -397.000000, avanceR = 2.000000, avanceI = 2.000000
inc_x_r = 0.000000, inc_y_r = 1.000000, inc_x_i = 1.000000, inc_y_i = 1.000000
En el else......

----------------------------------------
x = 6.000000, y = 253.000000
avance = -395.000000, avanceR = 2.000000, avanceI = 2.000000
inc_x_r = 0.000000, inc_y_r = 1.000000, inc_x_i = 1.000000, inc_y_i = 1.000000
En el else......

----------------------------------------
x = 6.000000, y = 254.000000
avance = -393.000000, avanceR = 2.000000, avanceI = 2.000000
inc_x_r = 0.000000, inc_y_r = 1.000000, inc_x_i = 1.000000, inc_y_i = 1.000000
En el else......

----------------------------------------
x = 6.000000, y = 255.000000
avance = -391.000000, avanceR = 2.000000, avanceI = 2.000000
inc_x_r = 0.000000, inc_y_r = 1.000000, inc_x_i = 1.000000, inc_y_i = 1.000000
En el else......

----------------------------------------
x = 6.000000, y = 256.000000
avance = -389.000000, avanceR = 2.000000, avanceI = 2.000000
inc_x_r = 0.000000, inc_y_r = 1.000000, inc_x_i = 1.000000, inc_y_i = 1.000000
En el else......

----------------------------------------
x = 6.000000, y = 257.000000
avance = -387.000000, avanceR = 2.000000, avanceI = 2.000000
inc_x_r = 0.000000, inc_y_r = 1.000000, inc_x_i = 1.000000, inc_y_i = 1.000000
En el else......

----------------------------------------
x = 6.000000, y = 258.000000
avance = -385.000000, avanceR = 2.000000, avanceI = 2.000000
inc_x_r = 0.000000, inc_y_r = 1.000000, inc_x_i = 1.000000, inc_y_i = 1.000000
En el else......

----------------------------------------
x = 6.000000, y = 259.000000
avance = -383.000000, avanceR = 2.000000, avanceI = 2.000000
inc_x_r = 0.000000, inc_y_r = 1.000000, inc_x_i = 1.000000, inc_y_i = 1.000000
En el else......

----------------------------------------
x = 6.000000, y = 260.000000
avance = -381.000000, avanceR = 2.000000, avanceI = 2.000000
inc_x_r = 0.000000, inc_y_r = 1.000000, inc_x_i = 1.000000, inc_y_i = 1.000000
En el else......

----------------------------------------
x = 6.000000, y = 261.000000
avance = -379.000000, avanceR = 2.000000, avanceI = 2.000000
inc_x_r = 0.000000, inc_y_r = 1.000000, inc_x_i = 1.000000, inc_y_i = 1.000000
En el else......

----------------------------------------
x = 6.000000, y = 262.000000
avance = -377.000000, avanceR = 2.000000, avanceI = 2.000000
inc_x_r = 0.000000, inc_y_r = 1.000000, inc_x_i = 1.000000, inc_y_i = 1.000000
En el else......

----------------------------------------
x = 6.000000, y = 263.000000
avance = -375.000000, avanceR = 2.000000, avanceI = 2.000000
inc_x_r = 0.000000, inc_y_r = 1.000000, inc_x_i = 1.000000, inc_y_i = 1.000000
En el else......

----------------------------------------
x = 6.000000, y = 264.000000
avance = -373.000000, avanceR = 2.000000, avanceI = 2.000000
inc_x_r = 0.000000, inc_y_r = 1.000000, inc_x_i = 1.000000, inc_y_i = 1.000000
En el else......

----------------------------------------
x = 6.000000, y = 265.000000
avance = -371.000000, avanceR = 2.000000, avanceI = 2.000000
inc_x_r = 0.000000, inc_y_r = 1.000000, inc_x_i = 1.000000, inc_y_i = 1.000000
En el else......

----------------------------------------
x = 6.000000, y = 266.000000
avance = -369.000000, avanceR = 2.000000, avanceI = 2.000000
inc_x_r = 0.000000, inc_y_r = 1.000000, inc_x_i = 1.000000, inc_y_i = 1.000000
En el else......

----------------------------------------
x = 6.000000, y = 267.000000
avance = -367.000000, avanceR = 2.000000, avanceI = 2.000000
inc_x_r = 0.000000, inc_y_r = 1.000000, inc_x_i = 1.000000, inc_y_i = 1.000000
En el else......

----------------------------------------
x = 6.000000, y = 268.000000
avance = -365.000000, avanceR = 2.000000, avanceI = 2.000000
inc_x_r = 0.000000, inc_y_r = 1.000000, inc_x_i = 1.000000, inc_y_i = 1.000000
En el else......

----------------------------------------
x = 6.000000, y = 269.000000
avance = -363.000000, avanceR = 2.000000, avanceI = 2.000000
inc_x_r = 0.000000, inc_y_r = 1.000000, inc_x_i = 1.000000, inc_y_i = 1.000000
En el else......

----------------------------------------
x = 6.000000, y = 270.000000
avance = -361.000000, avanceR = 2.000000, avanceI = 2.000000
inc_x_r = 0.000000, inc_y_r = 1.000000, inc_x_i = 1.000000, inc_y_i = 1.000000
En el else......

----------------------------------------
x = 6.000000, y = 271.000000
avance = -359.000000, avanceR = 2.000000, avanceI = 2.000000
inc_x_r = 0.000000, inc_y_r = 1.000000, inc_x_i = 1.000000, inc_y_i = 1.000000
En el else......

----------------------------------------
x = 6.000000, y = 272.000000
avance = -357.000000, avanceR = 2.000000, avanceI = 2.000000
inc_x_r = 0.000000, inc_y_r = 1.000000, inc_x_i = 1.000000, inc_y_i = 1.000000
En el else......

----------------------------------------
x = 6.000000, y = 273.000000
avance = -355.000000, avanceR = 2.000000, avanceI = 2.000000
inc_x_r = 0.000000, inc_y_r = 1.000000, inc_x_i = 1.000000, inc_y_i = 1.000000
En el else......

----------------------------------------
x = 6.000000, y = 274.000000
avance = -353.000000, avanceR = 2.000000, avanceI = 2.000000
inc_x_r = 0.000000, inc_y_r = 1.000000, inc_x_i = 1.000000, inc_y_i = 1.000000
En el else......

----------------------------------------
x = 6.000000, y = 275.000000
avance = -351.000000, avanceR = 2.000000, avanceI = 2.000000
inc_x_r = 0.000000, inc_y_r = 1.000000, inc_x_i = 1.000000, inc_y_i = 1.000000
En el else......

----------------------------------------
x = 6.000000, y = 276.000000
avance = -349.000000, avanceR = 2.000000, avanceI = 2.000000
inc_x_r = 0.000000, inc_y_r = 1.000000, inc_x_i = 1.000000, inc_y_i = 1.000000
En el else......

----------------------------------------
x = 6.000000, y = 277.000000
avance = -347.000000, avanceR = 2.000000, avanceI = 2.000000
inc_x_r = 0.000000, inc_y_r = 1.000000, inc_x_i = 1.000000, inc_y_i = 1.000000
En el else......

----------------------------------------
x = 6.000000, y = 278.000000
avance = -345.000000, avanceR = 2.000000, avanceI = 2.000000
inc_x_r = 0.000000, inc_y_r = 1.000000, inc_x_i = 1.000000, inc_y_i = 1.000000
En el else......

----------------------------------------
x = 6.000000, y = 279.000000
avance = -343.000000, avanceR = 2.000000, avanceI = 2.000000
inc_x_r = 0.000000, inc_y_r = 1.000000, inc_x_i = 1.000000, inc_y_i = 1.000000
En el else......

----------------------------------------
x = 6.000000, y = 280.000000
avance = -341.000000, avanceR = 2.000000, avanceI = 2.000000
inc_x_r = 0.000000, inc_y_r = 1.000000, inc_x_i = 1.000000, inc_y_i = 1.000000
En el else......

----------------------------------------
x = 6.000000, y = 281.000000
avance = -339.000000, avanceR = 2.000000, avanceI = 2.000000
inc_x_r = 0.000000, inc_y_r = 1.000000, inc_x_i = 1.000000, inc_y_i = 1.000000
En el else......

----------------------------------------
x = 6.000000, y = 282.000000
avance = -337.000000, avanceR = 2.000000, avanceI = 2.000000
inc_x_r = 0.000000, inc_y_r = 1.000000, inc_x_i = 1.000000, inc_y_i = 1.000000
En el else......

----------------------------------------
x = 6.000000, y = 283.000000
avance = -335.000000, avanceR = 2.000000, avanceI = 2.000000
inc_x_r = 0.000000, inc_y_r = 1.000000, inc_x_i = 1.000000, inc_y_i = 1.000000
En el else......

----------------------------------------
x = 6.000000, y = 284.000000
avance = -333.000000, avanceR = 2.000000, avanceI = 2.000000
inc_x_r = 0.000000, inc_y_r = 1.000000, inc_x_i = 1.000000, inc_y_i = 1.000000
En el else......

----------------------------------------
x = 6.000000, y = 285.000000
avance = -331.000000, avanceR = 2.000000, avanceI = 2.000000
inc_x_r = 0.000000, inc_y_r = 1.000000, inc_x_i = 1.000000, inc_y_i = 1.000000
En el else......

----------------------------------------
x = 6.000000, y = 286.000000
avance = -329.000000, avanceR = 2.000000, avanceI = 2.000000
inc_x_r = 0.000000, inc_y_r = 1.000000, inc_x_i = 1.000000, inc_y_i = 1.000000
En el else......

----------------------------------------
x = 6.000000, y = 287.000000
avance = -327.000000, avanceR = 2.000000, avanceI = 2.000000
inc_x_r = 0.000000, inc_y_r = 1.000000, inc_x_i = 1.000000, inc_y_i = 1.000000
En el else......

----------------------------------------
x = 6.000000, y = 288.000000
avance = -325.000000, avanceR = 2.000000, avanceI = 2.000000
inc_x_r = 0.000000, inc_y_r = 1.000000, inc_x_i = 1.000000, inc_y_i = 1.000000
En el else......

----------------------------------------
x = 6.000000, y = 289.000000
avance = -323.000000, avanceR = 2.000000, avanceI = 2.000000
inc_x_r = 0.000000, inc_y_r = 1.000000, inc_x_i = 1.000000, inc_y_i = 1.000000
En el else......

----------------------------------------
x = 6.000000, y = 290.000000
avance = -321.000000, avanceR = 2.000000, avanceI = 2.000000
inc_x_r = 0.000000, inc_y_r = 1.000000, inc_x_i = 1.000000, inc_y_i = 1.000000
En el else......

----------------------------------------
x = 6.000000, y = 291.000000
avance = -319.000000, avanceR = 2.000000, avanceI = 2.000000
inc_x_r = 0.000000, inc_y_r = 1.000000, inc_x_i = 1.000000, inc_y_i = 1.000000
En el else......

----------------------------------------
x = 6.000000, y = 292.000000
avance = -317.000000, avanceR = 2.000000, avanceI = 2.000000
inc_x_r = 0.000000, inc_y_r = 1.000000, inc_x_i = 1.000000, inc_y_i = 1.000000
En el else......

----------------------------------------
x = 6.000000, y = 293.000000
avance = -315.000000, avanceR = 2.000000, avanceI = 2.000000
inc_x_r = 0.000000, inc_y_r = 1.000000, inc_x_i = 1.000000, inc_y_i = 1.000000
En el else......

----------------------------------------
x = 6.000000, y = 294.000000
avance = -313.000000, avanceR = 2.000000, avanceI = 2.000000
inc_x_r = 0.000000, inc_y_r = 1.000000, inc_x_i = 1.000000, inc_y_i = 1.000000
En el else......

----------------------------------------
x = 6.000000, y = 295.000000
avance = -311.000000, avanceR = 2.000000, avanceI = 2.000000
inc_x_r = 0.000000, inc_y_r = 1.000000, inc_x_i = 1.000000, inc_y_i = 1.000000
En el else......

----------------------------------------
x = 6.000000, y = 296.000000
avance = -309.000000, avanceR = 2.000000, avanceI = 2.000000
inc_x_r = 0.000000, inc_y_r = 1.000000, inc_x_i = 1.000000, inc_y_i = 1.000000
En el else......

----------------------------------------
x = 6.000000, y = 297.000000
avance = -307.000000, avanceR = 2.000000, avanceI = 2.000000
inc_x_r = 0.000000, inc_y_r = 1.000000, inc_x_i = 1.000000, inc_y_i = 1.000000
En el else......

----------------------------------------
x = 6.000000, y = 298.000000
avance = -305.000000, avanceR = 2.000000, avanceI = 2.000000
inc_x_r = 0.000000, inc_y_r = 1.000000, inc_x_i = 1.000000, inc_y_i = 1.000000
En el else......

----------------------------------------
x = 6.000000, y = 299.000000
avance = -303.000000, avanceR = 2.000000, avanceI = 2.000000
inc_x_r = 0.000000, inc_y_r = 1.000000, inc_x_i = 1.000000, inc_y_i = 1.000000
En el else......

----------------------------------------
x = 6.000000, y = 300.000000
avance = -301.000000, avanceR = 2.000000, avanceI = 2.000000
inc_x_r = 0.000000, inc_y_r = 1.000000, inc_x_i = 1.000000, inc_y_i = 1.000000
En el else......

----------------------------------------
x = 6.000000, y = 301.000000
avance = -299.000000, avanceR = 2.000000, avanceI = 2.000000
inc_x_r = 0.000000, inc_y_r = 1.000000, inc_x_i = 1.000000, inc_y_i = 1.000000
En el else......

----------------------------------------
x = 6.000000, y = 302.000000
avance = -297.000000, avanceR = 2.000000, avanceI = 2.000000
inc_x_r = 0.000000, inc_y_r = 1.000000, inc_x_i = 1.000000, inc_y_i = 1.000000
En el else......

----------------------------------------
x = 6.000000, y = 303.000000
avance = -295.000000, avanceR = 2.000000, avanceI = 2.000000
inc_x_r = 0.000000, inc_y_r = 1.000000, inc_x_i = 1.000000, inc_y_i = 1.000000
En el else......

----------------------------------------
x = 6.000000, y = 304.000000
avance = -293.000000, avanceR = 2.000000, avanceI = 2.000000
inc_x_r = 0.000000, inc_y_r = 1.000000, inc_x_i = 1.000000, inc_y_i = 1.000000
En el else......

----------------------------------------
x = 6.000000, y = 305.000000
avance = -291.000000, avanceR = 2.000000, avanceI = 2.000000
inc_x_r = 0.000000, inc_y_r = 1.000000, inc_x_i = 1.000000, inc_y_i = 1.000000
En el else......

----------------------------------------
x = 6.000000, y = 306.000000
avance = -289.000000, avanceR = 2.000000, avanceI = 2.000000
inc_x_r = 0.000000, inc_y_r = 1.000000, inc_x_i = 1.000000, inc_y_i = 1.000000
En el else......

----------------------------------------
x = 6.000000, y = 307.000000
avance = -287.000000, avanceR = 2.000000, avanceI = 2.000000
inc_x_r = 0.000000, inc_y_r = 1.000000, inc_x_i = 1.000000, inc_y_i = 1.000000
En el else......

----------------------------------------
x = 6.000000, y = 308.000000
avance = -285.000000, avanceR = 2.000000, avanceI = 2.000000
inc_x_r = 0.000000, inc_y_r = 1.000000, inc_x_i = 1.000000, inc_y_i = 1.000000
En el else......

----------------------------------------
x = 6.000000, y = 309.000000
avance = -283.000000, avanceR = 2.000000, avanceI = 2.000000
inc_x_r = 0.000000, inc_y_r = 1.000000, inc_x_i = 1.000000, inc_y_i = 1.000000
En el else......

----------------------------------------
x = 6.000000, y = 310.000000
avance = -281.000000, avanceR = 2.000000, avanceI = 2.000000
inc_x_r = 0.000000, inc_y_r = 1.000000, inc_x_i = 1.000000, inc_y_i = 1.000000
En el else......

----------------------------------------
x = 6.000000, y = 311.000000
avance = -279.000000, avanceR = 2.000000, avanceI = 2.000000
inc_x_r = 0.000000, inc_y_r = 1.000000, inc_x_i = 1.000000, inc_y_i = 1.000000
En el else......

----------------------------------------
x = 6.000000, y = 312.000000
avance = -277.000000, avanceR = 2.000000, avanceI = 2.000000
inc_x_r = 0.000000, inc_y_r = 1.000000, inc_x_i = 1.000000, inc_y_i = 1.000000
En el else......

----------------------------------------
x = 6.000000, y = 313.000000
avance = -275.000000, avanceR = 2.000000, avanceI = 2.000000
inc_x_r = 0.000000, inc_y_r = 1.000000, inc_x_i = 1.000000, inc_y_i = 1.000000
En el else......

----------------------------------------
x = 6.000000, y = 314.000000
avance = -273.000000, avanceR = 2.000000, avanceI = 2.000000
inc_x_r = 0.000000, inc_y_r = 1.000000, inc_x_i = 1.000000, inc_y_i = 1.000000
En el else......

----------------------------------------
x = 6.000000, y = 315.000000
avance = -271.000000, avanceR = 2.000000, avanceI = 2.000000
inc_x_r = 0.000000, inc_y_r = 1.000000, inc_x_i = 1.000000, inc_y_i = 1.000000
En el else......

----------------------------------------
x = 6.000000, y = 316.000000
avance = -269.000000, avanceR = 2.000000, avanceI = 2.000000
inc_x_r = 0.000000, inc_y_r = 1.000000, inc_x_i = 1.000000, inc_y_i = 1.000000
En el else......

----------------------------------------
x = 6.000000, y = 317.000000
avance = -267.000000, avanceR = 2.000000, avanceI = 2.000000
inc_x_r = 0.000000, inc_y_r = 1.000000, inc_x_i = 1.000000, inc_y_i = 1.000000
En el else......

----------------------------------------
x = 6.000000, y = 318.000000
avance = -265.000000, avanceR = 2.000000, avanceI = 2.000000
inc_x_r = 0.000000, inc_y_r = 1.000000, inc_x_i = 1.000000, inc_y_i = 1.000000
En el else......

----------------------------------------
x = 6.000000, y = 319.000000
avance = -263.000000, avanceR = 2.000000, avanceI = 2.000000
inc_x_r = 0.000000, inc_y_r = 1.000000, inc_x_i = 1.000000, inc_y_i = 1.000000
En el else......

----------------------------------------
x = 6.000000, y = 320.000000
avance = -261.000000, avanceR = 2.000000, avanceI = 2.000000
inc_x_r = 0.000000, inc_y_r = 1.000000, inc_x_i = 1.000000, inc_y_i = 1.000000
En el else......

----------------------------------------
x = 6.000000, y = 321.000000
avance = -259.000000, avanceR = 2.000000, avanceI = 2.000000
inc_x_r = 0.000000, inc_y_r = 1.000000, inc_x_i = 1.000000, inc_y_i = 1.000000
En el else......

----------------------------------------
x = 6.000000, y = 322.000000
avance = -257.000000, avanceR = 2.000000, avanceI = 2.000000
inc_x_r = 0.000000, inc_y_r = 1.000000, inc_x_i = 1.000000, inc_y_i = 1.000000
En el else......

----------------------------------------
x = 6.000000, y = 323.000000
avance = -255.000000, avanceR = 2.000000, avanceI = 2.000000
inc_x_r = 0.000000, inc_y_r = 1.000000, inc_x_i = 1.000000, inc_y_i = 1.000000
En el else......

----------------------------------------
x = 6.000000, y = 324.000000
avance = -253.000000, avanceR = 2.000000, avanceI = 2.000000
inc_x_r = 0.000000, inc_y_r = 1.000000, inc_x_i = 1.000000, inc_y_i = 1.000000
En el else......

----------------------------------------
x = 6.000000, y = 325.000000
avance = -251.000000, avanceR = 2.000000, avanceI = 2.000000
inc_x_r = 0.000000, inc_y_r = 1.000000, inc_x_i = 1.000000, inc_y_i = 1.000000
En el else......

----------------------------------------


ENTRAMOS A BRESENHAMªªªª
x1 = 5.000000 - y1 = 75.000000 || x2 = 6.000000 - y2 = 326.000000
dy = 251.000000, dx = 1.000000
avances inclinados: inc_x_i = 1.000000, inc_y_i = 1.000000
updated: dy = 251.000000, dx = 1.000000
avances rectos: inc_x_r = 0.000000, inc_y_r 1.000000
reupdated: dy = 1.000000, dx = 251.000000
avanceR = 2.000000, avance -249.000000, avanceI 2.000000
----------------------------------------
x = 5.000000, y = 75.000000
avance = -249.000000, avanceR = 2.000000, avanceI = 2.000000
inc_x_r = 0.000000, inc_y_r = 1.000000, inc_x_i = 1.000000, inc_y_i = 1.000000
En el else......

----------------------------------------
x = 5.000000, y = 76.000000
avance = -247.000000, avanceR = 2.000000, avanceI = 2.000000
inc_x_r = 0.000000, inc_y_r = 1.000000, inc_x_i = 1.000000, inc_y_i = 1.000000
En el else......

----------------------------------------
x = 5.000000, y = 77.000000
avance = -245.000000, avanceR = 2.000000, avanceI = 2.000000
inc_x_r = 0.000000, inc_y_r = 1.000000, inc_x_i = 1.000000, inc_y_i = 1.000000
En el else......

----------------------------------------
x = 5.000000, y = 78.000000
avance = -243.000000, avanceR = 2.000000, avanceI = 2.000000
inc_x_r = 0.000000, inc_y_r = 1.000000, inc_x_i = 1.000000, inc_y_i = 1.000000
En el else......

----------------------------------------
x = 5.000000, y = 79.000000
avance = -241.000000, avanceR = 2.000000, avanceI = 2.000000
inc_x_r = 0.000000, inc_y_r = 1.000000, inc_x_i = 1.000000, inc_y_i = 1.000000
En el else......

----------------------------------------
x = 5.000000, y = 80.000000
avance = -239.000000, avanceR = 2.000000, avanceI = 2.000000
inc_x_r = 0.000000, inc_y_r = 1.000000, inc_x_i = 1.000000, inc_y_i = 1.000000
En el else......

----------------------------------------
x = 5.000000, y = 81.000000
avance = -237.000000, avanceR = 2.000000, avanceI = 2.000000
inc_x_r = 0.000000, inc_y_r = 1.000000, inc_x_i = 1.000000, inc_y_i = 1.000000
En el else......

----------------------------------------
x = 5.000000, y = 82.000000
avance = -235.000000, avanceR = 2.000000, avanceI = 2.000000
inc_x_r = 0.000000, inc_y_r = 1.000000, inc_x_i = 1.000000, inc_y_i = 1.000000
En el else......

----------------------------------------
x = 5.000000, y = 83.000000
avance = -233.000000, avanceR = 2.000000, avanceI = 2.000000
inc_x_r = 0.000000, inc_y_r = 1.000000, inc_x_i = 1.000000, inc_y_i = 1.000000
En el else......

----------------------------------------
x = 5.000000, y = 84.000000
avance = -231.000000, avanceR = 2.000000, avanceI = 2.000000
inc_x_r = 0.000000, inc_y_r = 1.000000, inc_x_i = 1.000000, inc_y_i = 1.000000
En el else......

----------------------------------------
x = 5.000000, y = 85.000000
avance = -229.000000, avanceR = 2.000000, avanceI = 2.000000
inc_x_r = 0.000000, inc_y_r = 1.000000, inc_x_i = 1.000000, inc_y_i = 1.000000
En el else......

----------------------------------------
x = 5.000000, y = 86.000000
avance = -227.000000, avanceR = 2.000000, avanceI = 2.000000
inc_x_r = 0.000000, inc_y_r = 1.000000, inc_x_i = 1.000000, inc_y_i = 1.000000
En el else......

----------------------------------------
x = 5.000000, y = 87.000000
avance = -225.000000, avanceR = 2.000000, avanceI = 2.000000
inc_x_r = 0.000000, inc_y_r = 1.000000, inc_x_i = 1.000000, inc_y_i = 1.000000
En el else......

----------------------------------------
x = 5.000000, y = 88.000000
avance = -223.000000, avanceR = 2.000000, avanceI = 2.000000
inc_x_r = 0.000000, inc_y_r = 1.000000, inc_x_i = 1.000000, inc_y_i = 1.000000
En el else......

----------------------------------------
x = 5.000000, y = 89.000000
avance = -221.000000, avanceR = 2.000000, avanceI = 2.000000
inc_x_r = 0.000000, inc_y_r = 1.000000, inc_x_i = 1.000000, inc_y_i = 1.000000
En el else......

----------------------------------------
x = 5.000000, y = 90.000000
avance = -219.000000, avanceR = 2.000000, avanceI = 2.000000
inc_x_r = 0.000000, inc_y_r = 1.000000, inc_x_i = 1.000000, inc_y_i = 1.000000
En el else......

----------------------------------------
x = 5.000000, y = 91.000000
avance = -217.000000, avanceR = 2.000000, avanceI = 2.000000
inc_x_r = 0.000000, inc_y_r = 1.000000, inc_x_i = 1.000000, inc_y_i = 1.000000
En el else......

----------------------------------------
x = 5.000000, y = 92.000000
avance = -215.000000, avanceR = 2.000000, avanceI = 2.000000
inc_x_r = 0.000000, inc_y_r = 1.000000, inc_x_i = 1.000000, inc_y_i = 1.000000
En el else......

----------------------------------------
x = 5.000000, y = 93.000000
avance = -213.000000, avanceR = 2.000000, avanceI = 2.000000
inc_x_r = 0.000000, inc_y_r = 1.000000, inc_x_i = 1.000000, inc_y_i = 1.000000
En el else......

----------------------------------------
x = 5.000000, y = 94.000000
avance = -211.000000, avanceR = 2.000000, avanceI = 2.000000
inc_x_r = 0.000000, inc_y_r = 1.000000, inc_x_i = 1.000000, inc_y_i = 1.000000
En el else......

----------------------------------------
x = 5.000000, y = 95.000000
avance = -209.000000, avanceR = 2.000000, avanceI = 2.000000
inc_x_r = 0.000000, inc_y_r = 1.000000, inc_x_i = 1.000000, inc_y_i = 1.000000
En el else......

----------------------------------------
x = 5.000000, y = 96.000000
avance = -207.000000, avanceR = 2.000000, avanceI = 2.000000
inc_x_r = 0.000000, inc_y_r = 1.000000, inc_x_i = 1.000000, inc_y_i = 1.000000
En el else......

----------------------------------------
x = 5.000000, y = 97.000000
avance = -205.000000, avanceR = 2.000000, avanceI = 2.000000
inc_x_r = 0.000000, inc_y_r = 1.000000, inc_x_i = 1.000000, inc_y_i = 1.000000
En el else......

----------------------------------------
x = 5.000000, y = 98.000000
avance = -203.000000, avanceR = 2.000000, avanceI = 2.000000
inc_x_r = 0.000000, inc_y_r = 1.000000, inc_x_i = 1.000000, inc_y_i = 1.000000
En el else......

----------------------------------------
x = 5.000000, y = 99.000000
avance = -201.000000, avanceR = 2.000000, avanceI = 2.000000
inc_x_r = 0.000000, inc_y_r = 1.000000, inc_x_i = 1.000000, inc_y_i = 1.000000
En el else......

----------------------------------------
x = 5.000000, y = 100.000000
avance = -199.000000, avanceR = 2.000000, avanceI = 2.000000
inc_x_r = 0.000000, inc_y_r = 1.000000, inc_x_i = 1.000000, inc_y_i = 1.000000
En el else......

----------------------------------------
x = 5.000000, y = 101.000000
avance = -197.000000, avanceR = 2.000000, avanceI = 2.000000
inc_x_r = 0.000000, inc_y_r = 1.000000, inc_x_i = 1.000000, inc_y_i = 1.000000
En el else......

----------------------------------------
x = 5.000000, y = 102.000000
avance = -195.000000, avanceR = 2.000000, avanceI = 2.000000
inc_x_r = 0.000000, inc_y_r = 1.000000, inc_x_i = 1.000000, inc_y_i = 1.000000
En el else......

----------------------------------------
x = 5.000000, y = 103.000000
avance = -193.000000, avanceR = 2.000000, avanceI = 2.000000
inc_x_r = 0.000000, inc_y_r = 1.000000, inc_x_i = 1.000000, inc_y_i = 1.000000
En el else......

----------------------------------------
x = 5.000000, y = 104.000000
avance = -191.000000, avanceR = 2.000000, avanceI = 2.000000
inc_x_r = 0.000000, inc_y_r = 1.000000, inc_x_i = 1.000000, inc_y_i = 1.000000
En el else......

----------------------------------------
x = 5.000000, y = 105.000000
avance = -189.000000, avanceR = 2.000000, avanceI = 2.000000
inc_x_r = 0.000000, inc_y_r = 1.000000, inc_x_i = 1.000000, inc_y_i = 1.000000
En el else......

----------------------------------------
x = 5.000000, y = 106.000000
avance = -187.000000, avanceR = 2.000000, avanceI = 2.000000
inc_x_r = 0.000000, inc_y_r = 1.000000, inc_x_i = 1.000000, inc_y_i = 1.000000
En el else......

----------------------------------------
x = 5.000000, y = 107.000000
avance = -185.000000, avanceR = 2.000000, avanceI = 2.000000
inc_x_r = 0.000000, inc_y_r = 1.000000, inc_x_i = 1.000000, inc_y_i = 1.000000
En el else......

----------------------------------------
x = 5.000000, y = 108.000000
avance = -183.000000, avanceR = 2.000000, avanceI = 2.000000
inc_x_r = 0.000000, inc_y_r = 1.000000, inc_x_i = 1.000000, inc_y_i = 1.000000
En el else......

----------------------------------------
x = 5.000000, y = 109.000000
avance = -181.000000, avanceR = 2.000000, avanceI = 2.000000
inc_x_r = 0.000000, inc_y_r = 1.000000, inc_x_i = 1.000000, inc_y_i = 1.000000
En el else......

----------------------------------------
x = 5.000000, y = 110.000000
avance = -179.000000, avanceR = 2.000000, avanceI = 2.000000
inc_x_r = 0.000000, inc_y_r = 1.000000, inc_x_i = 1.000000, inc_y_i = 1.000000
En el else......

----------------------------------------
x = 5.000000, y = 111.000000
avance = -177.000000, avanceR = 2.000000, avanceI = 2.000000
inc_x_r = 0.000000, inc_y_r = 1.000000, inc_x_i = 1.000000, inc_y_i = 1.000000
En el else......

----------------------------------------
x = 5.000000, y = 112.000000
avance = -175.000000, avanceR = 2.000000, avanceI = 2.000000
inc_x_r = 0.000000, inc_y_r = 1.000000, inc_x_i = 1.000000, inc_y_i = 1.000000
En el else......

----------------------------------------
x = 5.000000, y = 113.000000
avance = -173.000000, avanceR = 2.000000, avanceI = 2.000000
inc_x_r = 0.000000, inc_y_r = 1.000000, inc_x_i = 1.000000, inc_y_i = 1.000000
En el else......

----------------------------------------
x = 5.000000, y = 114.000000
avance = -171.000000, avanceR = 2.000000, avanceI = 2.000000
inc_x_r = 0.000000, inc_y_r = 1.000000, inc_x_i = 1.000000, inc_y_i = 1.000000
En el else......

----------------------------------------
x = 5.000000, y = 115.000000
avance = -169.000000, avanceR = 2.000000, avanceI = 2.000000
inc_x_r = 0.000000, inc_y_r = 1.000000, inc_x_i = 1.000000, inc_y_i = 1.000000
En el else......

----------------------------------------
x = 5.000000, y = 116.000000
avance = -167.000000, avanceR = 2.000000, avanceI = 2.000000
inc_x_r = 0.000000, inc_y_r = 1.000000, inc_x_i = 1.000000, inc_y_i = 1.000000
En el else......

----------------------------------------
x = 5.000000, y = 117.000000
avance = -165.000000, avanceR = 2.000000, avanceI = 2.000000
inc_x_r = 0.000000, inc_y_r = 1.000000, inc_x_i = 1.000000, inc_y_i = 1.000000
En el else......

----------------------------------------
x = 5.000000, y = 118.000000
avance = -163.000000, avanceR = 2.000000, avanceI = 2.000000
inc_x_r = 0.000000, inc_y_r = 1.000000, inc_x_i = 1.000000, inc_y_i = 1.000000
En el else......

----------------------------------------
x = 5.000000, y = 119.000000
avance = -161.000000, avanceR = 2.000000, avanceI = 2.000000
inc_x_r = 0.000000, inc_y_r = 1.000000, inc_x_i = 1.000000, inc_y_i = 1.000000
En el else......

----------------------------------------
x = 5.000000, y = 120.000000
avance = -159.000000, avanceR = 2.000000, avanceI = 2.000000
inc_x_r = 0.000000, inc_y_r = 1.000000, inc_x_i = 1.000000, inc_y_i = 1.000000
En el else......

----------------------------------------
x = 5.000000, y = 121.000000
avance = -157.000000, avanceR = 2.000000, avanceI = 2.000000
inc_x_r = 0.000000, inc_y_r = 1.000000, inc_x_i = 1.000000, inc_y_i = 1.000000
En el else......

----------------------------------------
x = 5.000000, y = 122.000000
avance = -155.000000, avanceR = 2.000000, avanceI = 2.000000
inc_x_r = 0.000000, inc_y_r = 1.000000, inc_x_i = 1.000000, inc_y_i = 1.000000
En el else......

----------------------------------------
x = 5.000000, y = 123.000000
avance = -153.000000, avanceR = 2.000000, avanceI = 2.000000
inc_x_r = 0.000000, inc_y_r = 1.000000, inc_x_i = 1.000000, inc_y_i = 1.000000
En el else......

----------------------------------------
x = 5.000000, y = 124.000000
avance = -151.000000, avanceR = 2.000000, avanceI = 2.000000
inc_x_r = 0.000000, inc_y_r = 1.000000, inc_x_i = 1.000000, inc_y_i = 1.000000
En el else......

----------------------------------------
x = 5.000000, y = 125.000000
avance = -149.000000, avanceR = 2.000000, avanceI = 2.000000
inc_x_r = 0.000000, inc_y_r = 1.000000, inc_x_i = 1.000000, inc_y_i = 1.000000
En el else......

----------------------------------------
x = 5.000000, y = 126.000000
avance = -147.000000, avanceR = 2.000000, avanceI = 2.000000
inc_x_r = 0.000000, inc_y_r = 1.000000, inc_x_i = 1.000000, inc_y_i = 1.000000
En el else......

----------------------------------------
x = 5.000000, y = 127.000000
avance = -145.000000, avanceR = 2.000000, avanceI = 2.000000
inc_x_r = 0.000000, inc_y_r = 1.000000, inc_x_i = 1.000000, inc_y_i = 1.000000
En el else......

----------------------------------------
x = 5.000000, y = 128.000000
avance = -143.000000, avanceR = 2.000000, avanceI = 2.000000
inc_x_r = 0.000000, inc_y_r = 1.000000, inc_x_i = 1.000000, inc_y_i = 1.000000
En el else......

----------------------------------------
x = 5.000000, y = 129.000000
avance = -141.000000, avanceR = 2.000000, avanceI = 2.000000
inc_x_r = 0.000000, inc_y_r = 1.000000, inc_x_i = 1.000000, inc_y_i = 1.000000
En el else......

----------------------------------------
x = 5.000000, y = 130.000000
avance = -139.000000, avanceR = 2.000000, avanceI = 2.000000
inc_x_r = 0.000000, inc_y_r = 1.000000, inc_x_i = 1.000000, inc_y_i = 1.000000
En el else......

----------------------------------------
x = 5.000000, y = 131.000000
avance = -137.000000, avanceR = 2.000000, avanceI = 2.000000
inc_x_r = 0.000000, inc_y_r = 1.000000, inc_x_i = 1.000000, inc_y_i = 1.000000
En el else......

----------------------------------------
x = 5.000000, y = 132.000000
avance = -135.000000, avanceR = 2.000000, avanceI = 2.000000
inc_x_r = 0.000000, inc_y_r = 1.000000, inc_x_i = 1.000000, inc_y_i = 1.000000
En el else......

----------------------------------------
x = 5.000000, y = 133.000000
avance = -133.000000, avanceR = 2.000000, avanceI = 2.000000
inc_x_r = 0.000000, inc_y_r = 1.000000, inc_x_i = 1.000000, inc_y_i = 1.000000
En el else......

----------------------------------------
x = 5.000000, y = 134.000000
avance = -131.000000, avanceR = 2.000000, avanceI = 2.000000
inc_x_r = 0.000000, inc_y_r = 1.000000, inc_x_i = 1.000000, inc_y_i = 1.000000
En el else......

----------------------------------------
x = 5.000000, y = 135.000000
avance = -129.000000, avanceR = 2.000000, avanceI = 2.000000
inc_x_r = 0.000000, inc_y_r = 1.000000, inc_x_i = 1.000000, inc_y_i = 1.000000
En el else......

----------------------------------------
x = 5.000000, y = 136.000000
avance = -127.000000, avanceR = 2.000000, avanceI = 2.000000
inc_x_r = 0.000000, inc_y_r = 1.000000, inc_x_i = 1.000000, inc_y_i = 1.000000
En el else......

----------------------------------------
x = 5.000000, y = 137.000000
avance = -125.000000, avanceR = 2.000000, avanceI = 2.000000
inc_x_r = 0.000000, inc_y_r = 1.000000, inc_x_i = 1.000000, inc_y_i = 1.000000
En el else......

----------------------------------------
x = 5.000000, y = 138.000000
avance = -123.000000, avanceR = 2.000000, avanceI = 2.000000
inc_x_r = 0.000000, inc_y_r = 1.000000, inc_x_i = 1.000000, inc_y_i = 1.000000
En el else......

----------------------------------------
x = 5.000000, y = 139.000000
avance = -121.000000, avanceR = 2.000000, avanceI = 2.000000
inc_x_r = 0.000000, inc_y_r = 1.000000, inc_x_i = 1.000000, inc_y_i = 1.000000
En el else......

----------------------------------------
x = 5.000000, y = 140.000000
avance = -119.000000, avanceR = 2.000000, avanceI = 2.000000
inc_x_r = 0.000000, inc_y_r = 1.000000, inc_x_i = 1.000000, inc_y_i = 1.000000
En el else......

----------------------------------------
x = 5.000000, y = 141.000000
avance = -117.000000, avanceR = 2.000000, avanceI = 2.000000
inc_x_r = 0.000000, inc_y_r = 1.000000, inc_x_i = 1.000000, inc_y_i = 1.000000
En el else......

----------------------------------------
x = 5.000000, y = 142.000000
avance = -115.000000, avanceR = 2.000000, avanceI = 2.000000
inc_x_r = 0.000000, inc_y_r = 1.000000, inc_x_i = 1.000000, inc_y_i = 1.000000
En el else......

----------------------------------------
x = 5.000000, y = 143.000000
avance = -113.000000, avanceR = 2.000000, avanceI = 2.000000
inc_x_r = 0.000000, inc_y_r = 1.000000, inc_x_i = 1.000000, inc_y_i = 1.000000
En el else......

----------------------------------------
x = 5.000000, y = 144.000000
avance = -111.000000, avanceR = 2.000000, avanceI = 2.000000
inc_x_r = 0.000000, inc_y_r = 1.000000, inc_x_i = 1.000000, inc_y_i = 1.000000
En el else......

----------------------------------------
x = 5.000000, y = 145.000000
avance = -109.000000, avanceR = 2.000000, avanceI = 2.000000
inc_x_r = 0.000000, inc_y_r = 1.000000, inc_x_i = 1.000000, inc_y_i = 1.000000
En el else......

----------------------------------------
x = 5.000000, y = 146.000000
avance = -107.000000, avanceR = 2.000000, avanceI = 2.000000
inc_x_r = 0.000000, inc_y_r = 1.000000, inc_x_i = 1.000000, inc_y_i = 1.000000
En el else......

----------------------------------------
x = 5.000000, y = 147.000000
avance = -105.000000, avanceR = 2.000000, avanceI = 2.000000
inc_x_r = 0.000000, inc_y_r = 1.000000, inc_x_i = 1.000000, inc_y_i = 1.000000
En el else......

----------------------------------------
x = 5.000000, y = 148.000000
avance = -103.000000, avanceR = 2.000000, avanceI = 2.000000
inc_x_r = 0.000000, inc_y_r = 1.000000, inc_x_i = 1.000000, inc_y_i = 1.000000
En el else......

----------------------------------------
x = 5.000000, y = 149.000000
avance = -101.000000, avanceR = 2.000000, avanceI = 2.000000
inc_x_r = 0.000000, inc_y_r = 1.000000, inc_x_i = 1.000000, inc_y_i = 1.000000
En el else......

----------------------------------------
x = 5.000000, y = 150.000000
avance = -99.000000, avanceR = 2.000000, avanceI = 2.000000
inc_x_r = 0.000000, inc_y_r = 1.000000, inc_x_i = 1.000000, inc_y_i = 1.000000
En el else......

----------------------------------------
x = 5.000000, y = 151.000000
avance = -97.000000, avanceR = 2.000000, avanceI = 2.000000
inc_x_r = 0.000000, inc_y_r = 1.000000, inc_x_i = 1.000000, inc_y_i = 1.000000
En el else......

----------------------------------------
x = 5.000000, y = 152.000000
avance = -95.000000, avanceR = 2.000000, avanceI = 2.000000
inc_x_r = 0.000000, inc_y_r = 1.000000, inc_x_i = 1.000000, inc_y_i = 1.000000
En el else......

----------------------------------------
x = 5.000000, y = 153.000000
avance = -93.000000, avanceR = 2.000000, avanceI = 2.000000
inc_x_r = 0.000000, inc_y_r = 1.000000, inc_x_i = 1.000000, inc_y_i = 1.000000
En el else......

----------------------------------------
x = 5.000000, y = 154.000000
avance = -91.000000, avanceR = 2.000000, avanceI = 2.000000
inc_x_r = 0.000000, inc_y_r = 1.000000, inc_x_i = 1.000000, inc_y_i = 1.000000
En el else......

----------------------------------------
x = 5.000000, y = 155.000000
avance = -89.000000, avanceR = 2.000000, avanceI = 2.000000
inc_x_r = 0.000000, inc_y_r = 1.000000, inc_x_i = 1.000000, inc_y_i = 1.000000
En el else......

----------------------------------------
x = 5.000000, y = 156.000000
avance = -87.000000, avanceR = 2.000000, avanceI = 2.000000
inc_x_r = 0.000000, inc_y_r = 1.000000, inc_x_i = 1.000000, inc_y_i = 1.000000
En el else......

----------------------------------------
x = 5.000000, y = 157.000000
avance = -85.000000, avanceR = 2.000000, avanceI = 2.000000
inc_x_r = 0.000000, inc_y_r = 1.000000, inc_x_i = 1.000000, inc_y_i = 1.000000
En el else......

----------------------------------------
x = 5.000000, y = 158.000000
avance = -83.000000, avanceR = 2.000000, avanceI = 2.000000
inc_x_r = 0.000000, inc_y_r = 1.000000, inc_x_i = 1.000000, inc_y_i = 1.000000
En el else......

----------------------------------------
x = 5.000000, y = 159.000000
avance = -81.000000, avanceR = 2.000000, avanceI = 2.000000
inc_x_r = 0.000000, inc_y_r = 1.000000, inc_x_i = 1.000000, inc_y_i = 1.000000
En el else......

----------------------------------------
x = 5.000000, y = 160.000000
avance = -79.000000, avanceR = 2.000000, avanceI = 2.000000
inc_x_r = 0.000000, inc_y_r = 1.000000, inc_x_i = 1.000000, inc_y_i = 1.000000
En el else......

----------------------------------------
x = 5.000000, y = 161.000000
avance = -77.000000, avanceR = 2.000000, avanceI = 2.000000
inc_x_r = 0.000000, inc_y_r = 1.000000, inc_x_i = 1.000000, inc_y_i = 1.000000
En el else......

----------------------------------------
x = 5.000000, y = 162.000000
avance = -75.000000, avanceR = 2.000000, avanceI = 2.000000
inc_x_r = 0.000000, inc_y_r = 1.000000, inc_x_i = 1.000000, inc_y_i = 1.000000
En el else......

----------------------------------------
x = 5.000000, y = 163.000000
avance = -73.000000, avanceR = 2.000000, avanceI = 2.000000
inc_x_r = 0.000000, inc_y_r = 1.000000, inc_x_i = 1.000000, inc_y_i = 1.000000
En el else......

----------------------------------------
x = 5.000000, y = 164.000000
avance = -71.000000, avanceR = 2.000000, avanceI = 2.000000
inc_x_r = 0.000000, inc_y_r = 1.000000, inc_x_i = 1.000000, inc_y_i = 1.000000
En el else......

----------------------------------------
x = 5.000000, y = 165.000000
avance = -69.000000, avanceR = 2.000000, avanceI = 2.000000
inc_x_r = 0.000000, inc_y_r = 1.000000, inc_x_i = 1.000000, inc_y_i = 1.000000
En el else......

----------------------------------------
x = 5.000000, y = 166.000000
avance = -67.000000, avanceR = 2.000000, avanceI = 2.000000
inc_x_r = 0.000000, inc_y_r = 1.000000, inc_x_i = 1.000000, inc_y_i = 1.000000
En el else......

----------------------------------------
x = 5.000000, y = 167.000000
avance = -65.000000, avanceR = 2.000000, avanceI = 2.000000
inc_x_r = 0.000000, inc_y_r = 1.000000, inc_x_i = 1.000000, inc_y_i = 1.000000
En el else......

----------------------------------------
x = 5.000000, y = 168.000000
avance = -63.000000, avanceR = 2.000000, avanceI = 2.000000
inc_x_r = 0.000000, inc_y_r = 1.000000, inc_x_i = 1.000000, inc_y_i = 1.000000
En el else......

----------------------------------------
x = 5.000000, y = 169.000000
avance = -61.000000, avanceR = 2.000000, avanceI = 2.000000
inc_x_r = 0.000000, inc_y_r = 1.000000, inc_x_i = 1.000000, inc_y_i = 1.000000
En el else......

----------------------------------------
x = 5.000000, y = 170.000000
avance = -59.000000, avanceR = 2.000000, avanceI = 2.000000
inc_x_r = 0.000000, inc_y_r = 1.000000, inc_x_i = 1.000000, inc_y_i = 1.000000
En el else......

----------------------------------------
x = 5.000000, y = 171.000000
avance = -57.000000, avanceR = 2.000000, avanceI = 2.000000
inc_x_r = 0.000000, inc_y_r = 1.000000, inc_x_i = 1.000000, inc_y_i = 1.000000
En el else......

----------------------------------------
x = 5.000000, y = 172.000000
avance = -55.000000, avanceR = 2.000000, avanceI = 2.000000
inc_x_r = 0.000000, inc_y_r = 1.000000, inc_x_i = 1.000000, inc_y_i = 1.000000
En el else......

----------------------------------------
x = 5.000000, y = 173.000000
avance = -53.000000, avanceR = 2.000000, avanceI = 2.000000
inc_x_r = 0.000000, inc_y_r = 1.000000, inc_x_i = 1.000000, inc_y_i = 1.000000
En el else......

----------------------------------------
x = 5.000000, y = 174.000000
avance = -51.000000, avanceR = 2.000000, avanceI = 2.000000
inc_x_r = 0.000000, inc_y_r = 1.000000, inc_x_i = 1.000000, inc_y_i = 1.000000
En el else......

----------------------------------------
x = 5.000000, y = 175.000000
avance = -49.000000, avanceR = 2.000000, avanceI = 2.000000
inc_x_r = 0.000000, inc_y_r = 1.000000, inc_x_i = 1.000000, inc_y_i = 1.000000
En el else......

----------------------------------------
x = 5.000000, y = 176.000000
avance = -47.000000, avanceR = 2.000000, avanceI = 2.000000
inc_x_r = 0.000000, inc_y_r = 1.000000, inc_x_i = 1.000000, inc_y_i = 1.000000
En el else......

----------------------------------------
x = 5.000000, y = 177.000000
avance = -45.000000, avanceR = 2.000000, avanceI = 2.000000
inc_x_r = 0.000000, inc_y_r = 1.000000, inc_x_i = 1.000000, inc_y_i = 1.000000
En el else......

----------------------------------------
x = 5.000000, y = 178.000000
avance = -43.000000, avanceR = 2.000000, avanceI = 2.000000
inc_x_r = 0.000000, inc_y_r = 1.000000, inc_x_i = 1.000000, inc_y_i = 1.000000
En el else......

----------------------------------------
x = 5.000000, y = 179.000000
avance = -41.000000, avanceR = 2.000000, avanceI = 2.000000
inc_x_r = 0.000000, inc_y_r = 1.000000, inc_x_i = 1.000000, inc_y_i = 1.000000
En el else......

----------------------------------------
x = 5.000000, y = 180.000000
avance = -39.000000, avanceR = 2.000000, avanceI = 2.000000
inc_x_r = 0.000000, inc_y_r = 1.000000, inc_x_i = 1.000000, inc_y_i = 1.000000
En el else......

----------------------------------------
x = 5.000000, y = 181.000000
avance = -37.000000, avanceR = 2.000000, avanceI = 2.000000
inc_x_r = 0.000000, inc_y_r = 1.000000, inc_x_i = 1.000000, inc_y_i = 1.000000
En el else......

----------------------------------------
x = 5.000000, y = 182.000000
avance = -35.000000, avanceR = 2.000000, avanceI = 2.000000
inc_x_r = 0.000000, inc_y_r = 1.000000, inc_x_i = 1.000000, inc_y_i = 1.000000
En el else......

----------------------------------------
x = 5.000000, y = 183.000000
avance = -33.000000, avanceR = 2.000000, avanceI = 2.000000
inc_x_r = 0.000000, inc_y_r = 1.000000, inc_x_i = 1.000000, inc_y_i = 1.000000
En el else......

----------------------------------------
x = 5.000000, y = 184.000000
avance = -31.000000, avanceR = 2.000000, avanceI = 2.000000
inc_x_r = 0.000000, inc_y_r = 1.000000, inc_x_i = 1.000000, inc_y_i = 1.000000
En el else......

----------------------------------------
x = 5.000000, y = 185.000000
avance = -29.000000, avanceR = 2.000000, avanceI = 2.000000
inc_x_r = 0.000000, inc_y_r = 1.000000, inc_x_i = 1.000000, inc_y_i = 1.000000
En el else......

----------------------------------------
x = 5.000000, y = 186.000000
avance = -27.000000, avanceR = 2.000000, avanceI = 2.000000
inc_x_r = 0.000000, inc_y_r = 1.000000, inc_x_i = 1.000000, inc_y_i = 1.000000
En el else......

----------------------------------------
x = 5.000000, y = 187.000000
avance = -25.000000, avanceR = 2.000000, avanceI = 2.000000
inc_x_r = 0.000000, inc_y_r = 1.000000, inc_x_i = 1.000000, inc_y_i = 1.000000
En el else......

----------------------------------------
x = 5.000000, y = 188.000000
avance = -23.000000, avanceR = 2.000000, avanceI = 2.000000
inc_x_r = 0.000000, inc_y_r = 1.000000, inc_x_i = 1.000000, inc_y_i = 1.000000
En el else......

----------------------------------------
x = 5.000000, y = 189.000000
avance = -21.000000, avanceR = 2.000000, avanceI = 2.000000
inc_x_r = 0.000000, inc_y_r = 1.000000, inc_x_i = 1.000000, inc_y_i = 1.000000
En el else......

----------------------------------------
x = 5.000000, y = 190.000000
avance = -19.000000, avanceR = 2.000000, avanceI = 2.000000
inc_x_r = 0.000000, inc_y_r = 1.000000, inc_x_i = 1.000000, inc_y_i = 1.000000
En el else......

----------------------------------------
x = 5.000000, y = 191.000000
avance = -17.000000, avanceR = 2.000000, avanceI = 2.000000
inc_x_r = 0.000000, inc_y_r = 1.000000, inc_x_i = 1.000000, inc_y_i = 1.000000
En el else......

----------------------------------------
x = 5.000000, y = 192.000000
avance = -15.000000, avanceR = 2.000000, avanceI = 2.000000
inc_x_r = 0.000000, inc_y_r = 1.000000, inc_x_i = 1.000000, inc_y_i = 1.000000
En el else......

----------------------------------------
x = 5.000000, y = 193.000000
avance = -13.000000, avanceR = 2.000000, avanceI = 2.000000
inc_x_r = 0.000000, inc_y_r = 1.000000, inc_x_i = 1.000000, inc_y_i = 1.000000
En el else......

----------------------------------------
x = 5.000000, y = 194.000000
avance = -11.000000, avanceR = 2.000000, avanceI = 2.000000
inc_x_r = 0.000000, inc_y_r = 1.000000, inc_x_i = 1.000000, inc_y_i = 1.000000
En el else......

----------------------------------------
x = 5.000000, y = 195.000000
avance = -9.000000, avanceR = 2.000000, avanceI = 2.000000
inc_x_r = 0.000000, inc_y_r = 1.000000, inc_x_i = 1.000000, inc_y_i = 1.000000
En el else......

----------------------------------------
x = 5.000000, y = 196.000000
avance = -7.000000, avanceR = 2.000000, avanceI = 2.000000
inc_x_r = 0.000000, inc_y_r = 1.000000, inc_x_i = 1.000000, inc_y_i = 1.000000
En el else......

----------------------------------------
x = 5.000000, y = 197.000000
avance = -5.000000, avanceR = 2.000000, avanceI = 2.000000
inc_x_r = 0.000000, inc_y_r = 1.000000, inc_x_i = 1.000000, inc_y_i = 1.000000
En el else......

----------------------------------------
x = 5.000000, y = 198.000000
avance = -3.000000, avanceR = 2.000000, avanceI = 2.000000
inc_x_r = 0.000000, inc_y_r = 1.000000, inc_x_i = 1.000000, inc_y_i = 1.000000
En el else......

----------------------------------------
x = 5.000000, y = 199.000000
avance = -1.000000, avanceR = 2.000000, avanceI = 2.000000
inc_x_r = 0.000000, inc_y_r = 1.000000, inc_x_i = 1.000000, inc_y_i = 1.000000
En el else......

----------------------------------------
x = 5.000000, y = 200.000000
avance = 1.000000, avanceR = 2.000000, avanceI = 2.000000
inc_x_r = 0.000000, inc_y_r = 1.000000, inc_x_i = 1.000000, inc_y_i = 1.000000
avance >= 0

----------------------------------------
x = 6.000000, y = 201.000000
avance = -499.000000, avanceR = 2.000000, avanceI = 2.000000
inc_x_r = 0.000000, inc_y_r = 1.000000, inc_x_i = 1.000000, inc_y_i = 1.000000
En el else......

----------------------------------------
x = 6.000000, y = 202.000000
avance = -497.000000, avanceR = 2.000000, avanceI = 2.000000
inc_x_r = 0.000000, inc_y_r = 1.000000, inc_x_i = 1.000000, inc_y_i = 1.000000
En el else......

----------------------------------------
x = 6.000000, y = 203.000000
avance = -495.000000, avanceR = 2.000000, avanceI = 2.000000
inc_x_r = 0.000000, inc_y_r = 1.000000, inc_x_i = 1.000000, inc_y_i = 1.000000
En el else......

----------------------------------------
x = 6.000000, y = 204.000000
avance = -493.000000, avanceR = 2.000000, avanceI = 2.000000
inc_x_r = 0.000000, inc_y_r = 1.000000, inc_x_i = 1.000000, inc_y_i = 1.000000
En el else......

----------------------------------------
x = 6.000000, y = 205.000000
avance = -491.000000, avanceR = 2.000000, avanceI = 2.000000
inc_x_r = 0.000000, inc_y_r = 1.000000, inc_x_i = 1.000000, inc_y_i = 1.000000
En el else......

----------------------------------------
x = 6.000000, y = 206.000000
avance = -489.000000, avanceR = 2.000000, avanceI = 2.000000
inc_x_r = 0.000000, inc_y_r = 1.000000, inc_x_i = 1.000000, inc_y_i = 1.000000
En el else......

----------------------------------------
x = 6.000000, y = 207.000000
avance = -487.000000, avanceR = 2.000000, avanceI = 2.000000
inc_x_r = 0.000000, inc_y_r = 1.000000, inc_x_i = 1.000000, inc_y_i = 1.000000
En el else......

----------------------------------------
x = 6.000000, y = 208.000000
avance = -485.000000, avanceR = 2.000000, avanceI = 2.000000
inc_x_r = 0.000000, inc_y_r = 1.000000, inc_x_i = 1.000000, inc_y_i = 1.000000
En el else......

----------------------------------------
x = 6.000000, y = 209.000000
avance = -483.000000, avanceR = 2.000000, avanceI = 2.000000
inc_x_r = 0.000000, inc_y_r = 1.000000, inc_x_i = 1.000000, inc_y_i = 1.000000
En el else......

----------------------------------------
x = 6.000000, y = 210.000000
avance = -481.000000, avanceR = 2.000000, avanceI = 2.000000
inc_x_r = 0.000000, inc_y_r = 1.000000, inc_x_i = 1.000000, inc_y_i = 1.000000
En el else......

----------------------------------------
x = 6.000000, y = 211.000000
avance = -479.000000, avanceR = 2.000000, avanceI = 2.000000
inc_x_r = 0.000000, inc_y_r = 1.000000, inc_x_i = 1.000000, inc_y_i = 1.000000
En el else......

----------------------------------------
x = 6.000000, y = 212.000000
avance = -477.000000, avanceR = 2.000000, avanceI = 2.000000
inc_x_r = 0.000000, inc_y_r = 1.000000, inc_x_i = 1.000000, inc_y_i = 1.000000
En el else......

----------------------------------------
x = 6.000000, y = 213.000000
avance = -475.000000, avanceR = 2.000000, avanceI = 2.000000
inc_x_r = 0.000000, inc_y_r = 1.000000, inc_x_i = 1.000000, inc_y_i = 1.000000
En el else......

----------------------------------------
x = 6.000000, y = 214.000000
avance = -473.000000, avanceR = 2.000000, avanceI = 2.000000
inc_x_r = 0.000000, inc_y_r = 1.000000, inc_x_i = 1.000000, inc_y_i = 1.000000
En el else......

----------------------------------------
x = 6.000000, y = 215.000000
avance = -471.000000, avanceR = 2.000000, avanceI = 2.000000
inc_x_r = 0.000000, inc_y_r = 1.000000, inc_x_i = 1.000000, inc_y_i = 1.000000
En el else......

----------------------------------------
x = 6.000000, y = 216.000000
avance = -469.000000, avanceR = 2.000000, avanceI = 2.000000
inc_x_r = 0.000000, inc_y_r = 1.000000, inc_x_i = 1.000000, inc_y_i = 1.000000
En el else......

----------------------------------------
x = 6.000000, y = 217.000000
avance = -467.000000, avanceR = 2.000000, avanceI = 2.000000
inc_x_r = 0.000000, inc_y_r = 1.000000, inc_x_i = 1.000000, inc_y_i = 1.000000
En el else......

----------------------------------------
x = 6.000000, y = 218.000000
avance = -465.000000, avanceR = 2.000000, avanceI = 2.000000
inc_x_r = 0.000000, inc_y_r = 1.000000, inc_x_i = 1.000000, inc_y_i = 1.000000
En el else......

----------------------------------------
x = 6.000000, y = 219.000000
avance = -463.000000, avanceR = 2.000000, avanceI = 2.000000
inc_x_r = 0.000000, inc_y_r = 1.000000, inc_x_i = 1.000000, inc_y_i = 1.000000
En el else......

----------------------------------------
x = 6.000000, y = 220.000000
avance = -461.000000, avanceR = 2.000000, avanceI = 2.000000
inc_x_r = 0.000000, inc_y_r = 1.000000, inc_x_i = 1.000000, inc_y_i = 1.000000
En el else......

----------------------------------------
x = 6.000000, y = 221.000000
avance = -459.000000, avanceR = 2.000000, avanceI = 2.000000
inc_x_r = 0.000000, inc_y_r = 1.000000, inc_x_i = 1.000000, inc_y_i = 1.000000
En el else......

----------------------------------------
x = 6.000000, y = 222.000000
avance = -457.000000, avanceR = 2.000000, avanceI = 2.000000
inc_x_r = 0.000000, inc_y_r = 1.000000, inc_x_i = 1.000000, inc_y_i = 1.000000
En el else......

----------------------------------------
x = 6.000000, y = 223.000000
avance = -455.000000, avanceR = 2.000000, avanceI = 2.000000
inc_x_r = 0.000000, inc_y_r = 1.000000, inc_x_i = 1.000000, inc_y_i = 1.000000
En el else......

----------------------------------------
x = 6.000000, y = 224.000000
avance = -453.000000, avanceR = 2.000000, avanceI = 2.000000
inc_x_r = 0.000000, inc_y_r = 1.000000, inc_x_i = 1.000000, inc_y_i = 1.000000
En el else......

----------------------------------------
x = 6.000000, y = 225.000000
avance = -451.000000, avanceR = 2.000000, avanceI = 2.000000
inc_x_r = 0.000000, inc_y_r = 1.000000, inc_x_i = 1.000000, inc_y_i = 1.000000
En el else......

----------------------------------------
x = 6.000000, y = 226.000000
avance = -449.000000, avanceR = 2.000000, avanceI = 2.000000
inc_x_r = 0.000000, inc_y_r = 1.000000, inc_x_i = 1.000000, inc_y_i = 1.000000
En el else......

----------------------------------------
x = 6.000000, y = 227.000000
avance = -447.000000, avanceR = 2.000000, avanceI = 2.000000
inc_x_r = 0.000000, inc_y_r = 1.000000, inc_x_i = 1.000000, inc_y_i = 1.000000
En el else......

----------------------------------------
x = 6.000000, y = 228.000000
avance = -445.000000, avanceR = 2.000000, avanceI = 2.000000
inc_x_r = 0.000000, inc_y_r = 1.000000, inc_x_i = 1.000000, inc_y_i = 1.000000
En el else......

----------------------------------------
x = 6.000000, y = 229.000000
avance = -443.000000, avanceR = 2.000000, avanceI = 2.000000
inc_x_r = 0.000000, inc_y_r = 1.000000, inc_x_i = 1.000000, inc_y_i = 1.000000
En el else......

----------------------------------------
x = 6.000000, y = 230.000000
avance = -441.000000, avanceR = 2.000000, avanceI = 2.000000
inc_x_r = 0.000000, inc_y_r = 1.000000, inc_x_i = 1.000000, inc_y_i = 1.000000
En el else......

----------------------------------------
x = 6.000000, y = 231.000000
avance = -439.000000, avanceR = 2.000000, avanceI = 2.000000
inc_x_r = 0.000000, inc_y_r = 1.000000, inc_x_i = 1.000000, inc_y_i = 1.000000
En el else......

----------------------------------------
x = 6.000000, y = 232.000000
avance = -437.000000, avanceR = 2.000000, avanceI = 2.000000
inc_x_r = 0.000000, inc_y_r = 1.000000, inc_x_i = 1.000000, inc_y_i = 1.000000
En el else......

----------------------------------------
x = 6.000000, y = 233.000000
avance = -435.000000, avanceR = 2.000000, avanceI = 2.000000
inc_x_r = 0.000000, inc_y_r = 1.000000, inc_x_i = 1.000000, inc_y_i = 1.000000
En el else......

----------------------------------------
x = 6.000000, y = 234.000000
avance = -433.000000, avanceR = 2.000000, avanceI = 2.000000
inc_x_r = 0.000000, inc_y_r = 1.000000, inc_x_i = 1.000000, inc_y_i = 1.000000
En el else......

----------------------------------------
x = 6.000000, y = 235.000000
avance = -431.000000, avanceR = 2.000000, avanceI = 2.000000
inc_x_r = 0.000000, inc_y_r = 1.000000, inc_x_i = 1.000000, inc_y_i = 1.000000
En el else......

----------------------------------------
x = 6.000000, y = 236.000000
avance = -429.000000, avanceR = 2.000000, avanceI = 2.000000
inc_x_r = 0.000000, inc_y_r = 1.000000, inc_x_i = 1.000000, inc_y_i = 1.000000
En el else......

----------------------------------------
x = 6.000000, y = 237.000000
avance = -427.000000, avanceR = 2.000000, avanceI = 2.000000
inc_x_r = 0.000000, inc_y_r = 1.000000, inc_x_i = 1.000000, inc_y_i = 1.000000
En el else......

----------------------------------------
x = 6.000000, y = 238.000000
avance = -425.000000, avanceR = 2.000000, avanceI = 2.000000
inc_x_r = 0.000000, inc_y_r = 1.000000, inc_x_i = 1.000000, inc_y_i = 1.000000
En el else......

----------------------------------------
x = 6.000000, y = 239.000000
avance = -423.000000, avanceR = 2.000000, avanceI = 2.000000
inc_x_r = 0.000000, inc_y_r = 1.000000, inc_x_i = 1.000000, inc_y_i = 1.000000
En el else......

----------------------------------------
x = 6.000000, y = 240.000000
avance = -421.000000, avanceR = 2.000000, avanceI = 2.000000
inc_x_r = 0.000000, inc_y_r = 1.000000, inc_x_i = 1.000000, inc_y_i = 1.000000
En el else......

----------------------------------------
x = 6.000000, y = 241.000000
avance = -419.000000, avanceR = 2.000000, avanceI = 2.000000
inc_x_r = 0.000000, inc_y_r = 1.000000, inc_x_i = 1.000000, inc_y_i = 1.000000
En el else......

----------------------------------------
x = 6.000000, y = 242.000000
avance = -417.000000, avanceR = 2.000000, avanceI = 2.000000
inc_x_r = 0.000000, inc_y_r = 1.000000, inc_x_i = 1.000000, inc_y_i = 1.000000
En el else......

----------------------------------------
x = 6.000000, y = 243.000000
avance = -415.000000, avanceR = 2.000000, avanceI = 2.000000
inc_x_r = 0.000000, inc_y_r = 1.000000, inc_x_i = 1.000000, inc_y_i = 1.000000
En el else......

----------------------------------------
x = 6.000000, y = 244.000000
avance = -413.000000, avanceR = 2.000000, avanceI = 2.000000
inc_x_r = 0.000000, inc_y_r = 1.000000, inc_x_i = 1.000000, inc_y_i = 1.000000
En el else......

----------------------------------------
x = 6.000000, y = 245.000000
avance = -411.000000, avanceR = 2.000000, avanceI = 2.000000
inc_x_r = 0.000000, inc_y_r = 1.000000, inc_x_i = 1.000000, inc_y_i = 1.000000
En el else......

----------------------------------------
x = 6.000000, y = 246.000000
avance = -409.000000, avanceR = 2.000000, avanceI = 2.000000
inc_x_r = 0.000000, inc_y_r = 1.000000, inc_x_i = 1.000000, inc_y_i = 1.000000
En el else......

----------------------------------------
x = 6.000000, y = 247.000000
avance = -407.000000, avanceR = 2.000000, avanceI = 2.000000
inc_x_r = 0.000000, inc_y_r = 1.000000, inc_x_i = 1.000000, inc_y_i = 1.000000
En el else......

----------------------------------------
x = 6.000000, y = 248.000000
avance = -405.000000, avanceR = 2.000000, avanceI = 2.000000
inc_x_r = 0.000000, inc_y_r = 1.000000, inc_x_i = 1.000000, inc_y_i = 1.000000
En el else......

----------------------------------------
x = 6.000000, y = 249.000000
avance = -403.000000, avanceR = 2.000000, avanceI = 2.000000
inc_x_r = 0.000000, inc_y_r = 1.000000, inc_x_i = 1.000000, inc_y_i = 1.000000
En el else......

----------------------------------------
x = 6.000000, y = 250.000000
avance = -401.000000, avanceR = 2.000000, avanceI = 2.000000
inc_x_r = 0.000000, inc_y_r = 1.000000, inc_x_i = 1.000000, inc_y_i = 1.000000
En el else......

----------------------------------------
x = 6.000000, y = 251.000000
avance = -399.000000, avanceR = 2.000000, avanceI = 2.000000
inc_x_r = 0.000000, inc_y_r = 1.000000, inc_x_i = 1.000000, inc_y_i = 1.000000
En el else......

----------------------------------------
x = 6.000000, y = 252.000000
avance = -397.000000, avanceR = 2.000000, avanceI = 2.000000
inc_x_r = 0.000000, inc_y_r = 1.000000, inc_x_i = 1.000000, inc_y_i = 1.000000
En el else......

----------------------------------------
x = 6.000000, y = 253.000000
avance = -395.000000, avanceR = 2.000000, avanceI = 2.000000
inc_x_r = 0.000000, inc_y_r = 1.000000, inc_x_i = 1.000000, inc_y_i = 1.000000
En el else......

----------------------------------------
x = 6.000000, y = 254.000000
avance = -393.000000, avanceR = 2.000000, avanceI = 2.000000
inc_x_r = 0.000000, inc_y_r = 1.000000, inc_x_i = 1.000000, inc_y_i = 1.000000
En el else......

----------------------------------------
x = 6.000000, y = 255.000000
avance = -391.000000, avanceR = 2.000000, avanceI = 2.000000
inc_x_r = 0.000000, inc_y_r = 1.000000, inc_x_i = 1.000000, inc_y_i = 1.000000
En el else......

----------------------------------------
x = 6.000000, y = 256.000000
avance = -389.000000, avanceR = 2.000000, avanceI = 2.000000
inc_x_r = 0.000000, inc_y_r = 1.000000, inc_x_i = 1.000000, inc_y_i = 1.000000
En el else......

----------------------------------------
x = 6.000000, y = 257.000000
avance = -387.000000, avanceR = 2.000000, avanceI = 2.000000
inc_x_r = 0.000000, inc_y_r = 1.000000, inc_x_i = 1.000000, inc_y_i = 1.000000
En el else......

----------------------------------------
x = 6.000000, y = 258.000000
avance = -385.000000, avanceR = 2.000000, avanceI = 2.000000
inc_x_r = 0.000000, inc_y_r = 1.000000, inc_x_i = 1.000000, inc_y_i = 1.000000
En el else......

----------------------------------------
x = 6.000000, y = 259.000000
avance = -383.000000, avanceR = 2.000000, avanceI = 2.000000
inc_x_r = 0.000000, inc_y_r = 1.000000, inc_x_i = 1.000000, inc_y_i = 1.000000
En el else......

----------------------------------------
x = 6.000000, y = 260.000000
avance = -381.000000, avanceR = 2.000000, avanceI = 2.000000
inc_x_r = 0.000000, inc_y_r = 1.000000, inc_x_i = 1.000000, inc_y_i = 1.000000
En el else......

----------------------------------------
x = 6.000000, y = 261.000000
avance = -379.000000, avanceR = 2.000000, avanceI = 2.000000
inc_x_r = 0.000000, inc_y_r = 1.000000, inc_x_i = 1.000000, inc_y_i = 1.000000
En el else......

----------------------------------------
x = 6.000000, y = 262.000000
avance = -377.000000, avanceR = 2.000000, avanceI = 2.000000
inc_x_r = 0.000000, inc_y_r = 1.000000, inc_x_i = 1.000000, inc_y_i = 1.000000
En el else......

----------------------------------------
x = 6.000000, y = 263.000000
avance = -375.000000, avanceR = 2.000000, avanceI = 2.000000
inc_x_r = 0.000000, inc_y_r = 1.000000, inc_x_i = 1.000000, inc_y_i = 1.000000
En el else......

----------------------------------------
x = 6.000000, y = 264.000000
avance = -373.000000, avanceR = 2.000000, avanceI = 2.000000
inc_x_r = 0.000000, inc_y_r = 1.000000, inc_x_i = 1.000000, inc_y_i = 1.000000
En el else......

----------------------------------------
x = 6.000000, y = 265.000000
avance = -371.000000, avanceR = 2.000000, avanceI = 2.000000
inc_x_r = 0.000000, inc_y_r = 1.000000, inc_x_i = 1.000000, inc_y_i = 1.000000
En el else......

----------------------------------------
x = 6.000000, y = 266.000000
avance = -369.000000, avanceR = 2.000000, avanceI = 2.000000
inc_x_r = 0.000000, inc_y_r = 1.000000, inc_x_i = 1.000000, inc_y_i = 1.000000
En el else......

----------------------------------------
x = 6.000000, y = 267.000000
avance = -367.000000, avanceR = 2.000000, avanceI = 2.000000
inc_x_r = 0.000000, inc_y_r = 1.000000, inc_x_i = 1.000000, inc_y_i = 1.000000
En el else......

----------------------------------------
x = 6.000000, y = 268.000000
avance = -365.000000, avanceR = 2.000000, avanceI = 2.000000
inc_x_r = 0.000000, inc_y_r = 1.000000, inc_x_i = 1.000000, inc_y_i = 1.000000
En el else......

----------------------------------------
x = 6.000000, y = 269.000000
avance = -363.000000, avanceR = 2.000000, avanceI = 2.000000
inc_x_r = 0.000000, inc_y_r = 1.000000, inc_x_i = 1.000000, inc_y_i = 1.000000
En el else......

----------------------------------------
x = 6.000000, y = 270.000000
avance = -361.000000, avanceR = 2.000000, avanceI = 2.000000
inc_x_r = 0.000000, inc_y_r = 1.000000, inc_x_i = 1.000000, inc_y_i = 1.000000
En el else......

----------------------------------------
x = 6.000000, y = 271.000000
avance = -359.000000, avanceR = 2.000000, avanceI = 2.000000
inc_x_r = 0.000000, inc_y_r = 1.000000, inc_x_i = 1.000000, inc_y_i = 1.000000
En el else......

----------------------------------------
x = 6.000000, y = 272.000000
avance = -357.000000, avanceR = 2.000000, avanceI = 2.000000
inc_x_r = 0.000000, inc_y_r = 1.000000, inc_x_i = 1.000000, inc_y_i = 1.000000
En el else......

----------------------------------------
x = 6.000000, y = 273.000000
avance = -355.000000, avanceR = 2.000000, avanceI = 2.000000
inc_x_r = 0.000000, inc_y_r = 1.000000, inc_x_i = 1.000000, inc_y_i = 1.000000
En el else......

----------------------------------------
x = 6.000000, y = 274.000000
avance = -353.000000, avanceR = 2.000000, avanceI = 2.000000
inc_x_r = 0.000000, inc_y_r = 1.000000, inc_x_i = 1.000000, inc_y_i = 1.000000
En el else......

----------------------------------------
x = 6.000000, y = 275.000000
avance = -351.000000, avanceR = 2.000000, avanceI = 2.000000
inc_x_r = 0.000000, inc_y_r = 1.000000, inc_x_i = 1.000000, inc_y_i = 1.000000
En el else......

----------------------------------------
x = 6.000000, y = 276.000000
avance = -349.000000, avanceR = 2.000000, avanceI = 2.000000
inc_x_r = 0.000000, inc_y_r = 1.000000, inc_x_i = 1.000000, inc_y_i = 1.000000
En el else......

----------------------------------------
x = 6.000000, y = 277.000000
avance = -347.000000, avanceR = 2.000000, avanceI = 2.000000
inc_x_r = 0.000000, inc_y_r = 1.000000, inc_x_i = 1.000000, inc_y_i = 1.000000
En el else......

----------------------------------------
x = 6.000000, y = 278.000000
avance = -345.000000, avanceR = 2.000000, avanceI = 2.000000
inc_x_r = 0.000000, inc_y_r = 1.000000, inc_x_i = 1.000000, inc_y_i = 1.000000
En el else......

----------------------------------------
x = 6.000000, y = 279.000000
avance = -343.000000, avanceR = 2.000000, avanceI = 2.000000
inc_x_r = 0.000000, inc_y_r = 1.000000, inc_x_i = 1.000000, inc_y_i = 1.000000
En el else......

----------------------------------------
x = 6.000000, y = 280.000000
avance = -341.000000, avanceR = 2.000000, avanceI = 2.000000
inc_x_r = 0.000000, inc_y_r = 1.000000, inc_x_i = 1.000000, inc_y_i = 1.000000
En el else......

----------------------------------------
x = 6.000000, y = 281.000000
avance = -339.000000, avanceR = 2.000000, avanceI = 2.000000
inc_x_r = 0.000000, inc_y_r = 1.000000, inc_x_i = 1.000000, inc_y_i = 1.000000
En el else......

----------------------------------------
x = 6.000000, y = 282.000000
avance = -337.000000, avanceR = 2.000000, avanceI = 2.000000
inc_x_r = 0.000000, inc_y_r = 1.000000, inc_x_i = 1.000000, inc_y_i = 1.000000
En el else......

----------------------------------------
x = 6.000000, y = 283.000000
avance = -335.000000, avanceR = 2.000000, avanceI = 2.000000
inc_x_r = 0.000000, inc_y_r = 1.000000, inc_x_i = 1.000000, inc_y_i = 1.000000
En el else......

----------------------------------------
x = 6.000000, y = 284.000000
avance = -333.000000, avanceR = 2.000000, avanceI = 2.000000
inc_x_r = 0.000000, inc_y_r = 1.000000, inc_x_i = 1.000000, inc_y_i = 1.000000
En el else......

----------------------------------------
x = 6.000000, y = 285.000000
avance = -331.000000, avanceR = 2.000000, avanceI = 2.000000
inc_x_r = 0.000000, inc_y_r = 1.000000, inc_x_i = 1.000000, inc_y_i = 1.000000
En el else......

----------------------------------------
x = 6.000000, y = 286.000000
avance = -329.000000, avanceR = 2.000000, avanceI = 2.000000
inc_x_r = 0.000000, inc_y_r = 1.000000, inc_x_i = 1.000000, inc_y_i = 1.000000
En el else......

----------------------------------------
x = 6.000000, y = 287.000000
avance = -327.000000, avanceR = 2.000000, avanceI = 2.000000
inc_x_r = 0.000000, inc_y_r = 1.000000, inc_x_i = 1.000000, inc_y_i = 1.000000
En el else......

----------------------------------------
x = 6.000000, y = 288.000000
avance = -325.000000, avanceR = 2.000000, avanceI = 2.000000
inc_x_r = 0.000000, inc_y_r = 1.000000, inc_x_i = 1.000000, inc_y_i = 1.000000
En el else......

----------------------------------------
x = 6.000000, y = 289.000000
avance = -323.000000, avanceR = 2.000000, avanceI = 2.000000
inc_x_r = 0.000000, inc_y_r = 1.000000, inc_x_i = 1.000000, inc_y_i = 1.000000
En el else......

----------------------------------------
x = 6.000000, y = 290.000000
avance = -321.000000, avanceR = 2.000000, avanceI = 2.000000
inc_x_r = 0.000000, inc_y_r = 1.000000, inc_x_i = 1.000000, inc_y_i = 1.000000
En el else......

----------------------------------------
x = 6.000000, y = 291.000000
avance = -319.000000, avanceR = 2.000000, avanceI = 2.000000
inc_x_r = 0.000000, inc_y_r = 1.000000, inc_x_i = 1.000000, inc_y_i = 1.000000
En el else......

----------------------------------------
x = 6.000000, y = 292.000000
avance = -317.000000, avanceR = 2.000000, avanceI = 2.000000
inc_x_r = 0.000000, inc_y_r = 1.000000, inc_x_i = 1.000000, inc_y_i = 1.000000
En el else......

----------------------------------------
x = 6.000000, y = 293.000000
avance = -315.000000, avanceR = 2.000000, avanceI = 2.000000
inc_x_r = 0.000000, inc_y_r = 1.000000, inc_x_i = 1.000000, inc_y_i = 1.000000
En el else......

----------------------------------------
x = 6.000000, y = 294.000000
avance = -313.000000, avanceR = 2.000000, avanceI = 2.000000
inc_x_r = 0.000000, inc_y_r = 1.000000, inc_x_i = 1.000000, inc_y_i = 1.000000
En el else......

----------------------------------------
x = 6.000000, y = 295.000000
avance = -311.000000, avanceR = 2.000000, avanceI = 2.000000
inc_x_r = 0.000000, inc_y_r = 1.000000, inc_x_i = 1.000000, inc_y_i = 1.000000
En el else......

----------------------------------------
x = 6.000000, y = 296.000000
avance = -309.000000, avanceR = 2.000000, avanceI = 2.000000
inc_x_r = 0.000000, inc_y_r = 1.000000, inc_x_i = 1.000000, inc_y_i = 1.000000
En el else......

----------------------------------------
x = 6.000000, y = 297.000000
avance = -307.000000, avanceR = 2.000000, avanceI = 2.000000
inc_x_r = 0.000000, inc_y_r = 1.000000, inc_x_i = 1.000000, inc_y_i = 1.000000
En el else......

----------------------------------------
x = 6.000000, y = 298.000000
avance = -305.000000, avanceR = 2.000000, avanceI = 2.000000
inc_x_r = 0.000000, inc_y_r = 1.000000, inc_x_i = 1.000000, inc_y_i = 1.000000
En el else......

----------------------------------------
x = 6.000000, y = 299.000000
avance = -303.000000, avanceR = 2.000000, avanceI = 2.000000
inc_x_r = 0.000000, inc_y_r = 1.000000, inc_x_i = 1.000000, inc_y_i = 1.000000
En el else......

----------------------------------------
x = 6.000000, y = 300.000000
avance = -301.000000, avanceR = 2.000000, avanceI = 2.000000
inc_x_r = 0.000000, inc_y_r = 1.000000, inc_x_i = 1.000000, inc_y_i = 1.000000
En el else......

----------------------------------------
x = 6.000000, y = 301.000000
avance = -299.000000, avanceR = 2.000000, avanceI = 2.000000
inc_x_r = 0.000000, inc_y_r = 1.000000, inc_x_i = 1.000000, inc_y_i = 1.000000
En el else......

----------------------------------------
x = 6.000000, y = 302.000000
avance = -297.000000, avanceR = 2.000000, avanceI = 2.000000
inc_x_r = 0.000000, inc_y_r = 1.000000, inc_x_i = 1.000000, inc_y_i = 1.000000
En el else......

----------------------------------------
x = 6.000000, y = 303.000000
avance = -295.000000, avanceR = 2.000000, avanceI = 2.000000
inc_x_r = 0.000000, inc_y_r = 1.000000, inc_x_i = 1.000000, inc_y_i = 1.000000
En el else......

----------------------------------------
x = 6.000000, y = 304.000000
avance = -293.000000, avanceR = 2.000000, avanceI = 2.000000
inc_x_r = 0.000000, inc_y_r = 1.000000, inc_x_i = 1.000000, inc_y_i = 1.000000
En el else......

----------------------------------------
x = 6.000000, y = 305.000000
avance = -291.000000, avanceR = 2.000000, avanceI = 2.000000
inc_x_r = 0.000000, inc_y_r = 1.000000, inc_x_i = 1.000000, inc_y_i = 1.000000
En el else......

----------------------------------------
x = 6.000000, y = 306.000000
avance = -289.000000, avanceR = 2.000000, avanceI = 2.000000
inc_x_r = 0.000000, inc_y_r = 1.000000, inc_x_i = 1.000000, inc_y_i = 1.000000
En el else......

----------------------------------------
x = 6.000000, y = 307.000000
avance = -287.000000, avanceR = 2.000000, avanceI = 2.000000
inc_x_r = 0.000000, inc_y_r = 1.000000, inc_x_i = 1.000000, inc_y_i = 1.000000
En el else......

----------------------------------------
x = 6.000000, y = 308.000000
avance = -285.000000, avanceR = 2.000000, avanceI = 2.000000
inc_x_r = 0.000000, inc_y_r = 1.000000, inc_x_i = 1.000000, inc_y_i = 1.000000
En el else......

----------------------------------------
x = 6.000000, y = 309.000000
avance = -283.000000, avanceR = 2.000000, avanceI = 2.000000
inc_x_r = 0.000000, inc_y_r = 1.000000, inc_x_i = 1.000000, inc_y_i = 1.000000
En el else......

----------------------------------------
x = 6.000000, y = 310.000000
avance = -281.000000, avanceR = 2.000000, avanceI = 2.000000
inc_x_r = 0.000000, inc_y_r = 1.000000, inc_x_i = 1.000000, inc_y_i = 1.000000
En el else......

----------------------------------------
x = 6.000000, y = 311.000000
avance = -279.000000, avanceR = 2.000000, avanceI = 2.000000
inc_x_r = 0.000000, inc_y_r = 1.000000, inc_x_i = 1.000000, inc_y_i = 1.000000
En el else......

----------------------------------------
x = 6.000000, y = 312.000000
avance = -277.000000, avanceR = 2.000000, avanceI = 2.000000
inc_x_r = 0.000000, inc_y_r = 1.000000, inc_x_i = 1.000000, inc_y_i = 1.000000
En el else......

----------------------------------------
x = 6.000000, y = 313.000000
avance = -275.000000, avanceR = 2.000000, avanceI = 2.000000
inc_x_r = 0.000000, inc_y_r = 1.000000, inc_x_i = 1.000000, inc_y_i = 1.000000
En el else......

----------------------------------------
x = 6.000000, y = 314.000000
avance = -273.000000, avanceR = 2.000000, avanceI = 2.000000
inc_x_r = 0.000000, inc_y_r = 1.000000, inc_x_i = 1.000000, inc_y_i = 1.000000
En el else......

----------------------------------------
x = 6.000000, y = 315.000000
avance = -271.000000, avanceR = 2.000000, avanceI = 2.000000
inc_x_r = 0.000000, inc_y_r = 1.000000, inc_x_i = 1.000000, inc_y_i = 1.000000
En el else......

----------------------------------------
x = 6.000000, y = 316.000000
avance = -269.000000, avanceR = 2.000000, avanceI = 2.000000
inc_x_r = 0.000000, inc_y_r = 1.000000, inc_x_i = 1.000000, inc_y_i = 1.000000
En el else......

----------------------------------------
x = 6.000000, y = 317.000000
avance = -267.000000, avanceR = 2.000000, avanceI = 2.000000
inc_x_r = 0.000000, inc_y_r = 1.000000, inc_x_i = 1.000000, inc_y_i = 1.000000
En el else......

----------------------------------------
x = 6.000000, y = 318.000000
avance = -265.000000, avanceR = 2.000000, avanceI = 2.000000
inc_x_r = 0.000000, inc_y_r = 1.000000, inc_x_i = 1.000000, inc_y_i = 1.000000
En el else......

----------------------------------------
x = 6.000000, y = 319.000000
avance = -263.000000, avanceR = 2.000000, avanceI = 2.000000
inc_x_r = 0.000000, inc_y_r = 1.000000, inc_x_i = 1.000000, inc_y_i = 1.000000
En el else......

----------------------------------------
x = 6.000000, y = 320.000000
avance = -261.000000, avanceR = 2.000000, avanceI = 2.000000
inc_x_r = 0.000000, inc_y_r = 1.000000, inc_x_i = 1.000000, inc_y_i = 1.000000
En el else......

----------------------------------------
x = 6.000000, y = 321.000000
avance = -259.000000, avanceR = 2.000000, avanceI = 2.000000
inc_x_r = 0.000000, inc_y_r = 1.000000, inc_x_i = 1.000000, inc_y_i = 1.000000
En el else......

----------------------------------------
x = 6.000000, y = 322.000000
avance = -257.000000, avanceR = 2.000000, avanceI = 2.000000
inc_x_r = 0.000000, inc_y_r = 1.000000, inc_x_i = 1.000000, inc_y_i = 1.000000
En el else......

----------------------------------------
x = 6.000000, y = 323.000000
avance = -255.000000, avanceR = 2.000000, avanceI = 2.000000
inc_x_r = 0.000000, inc_y_r = 1.000000, inc_x_i = 1.000000, inc_y_i = 1.000000
En el else......

----------------------------------------
x = 6.000000, y = 324.000000
avance = -253.000000, avanceR = 2.000000, avanceI = 2.000000
inc_x_r = 0.000000, inc_y_r = 1.000000, inc_x_i = 1.000000, inc_y_i = 1.000000
En el else......

----------------------------------------
x = 6.000000, y = 325.000000
avance = -251.000000, avanceR = 2.000000, avanceI = 2.000000
inc_x_r = 0.000000, inc_y_r = 1.000000, inc_x_i = 1.000000, inc_y_i = 1.000000
En el else......

----------------------------------------


ENTRAMOS A BRESENHAMªªªª
x1 = 5.000000 - y1 = 75.000000 || x2 = 6.000000 - y2 = 326.000000
dy = 251.000000, dx = 1.000000
avances inclinados: inc_x_i = 1.000000, inc_y_i = 1.000000
updated: dy = 251.000000, dx = 1.000000
avances rectos: inc_x_r = 0.000000, inc_y_r 1.000000
reupdated: dy = 1.000000, dx = 251.000000
avanceR = 2.000000, avance -249.000000, avanceI 2.000000
----------------------------------------
x = 5.000000, y = 75.000000
avance = -249.000000, avanceR = 2.000000, avanceI = 2.000000
inc_x_r = 0.000000, inc_y_r = 1.000000, inc_x_i = 1.000000, inc_y_i = 1.000000
En el else......

----------------------------------------
x = 5.000000, y = 76.000000
avance = -247.000000, avanceR = 2.000000, avanceI = 2.000000
inc_x_r = 0.000000, inc_y_r = 1.000000, inc_x_i = 1.000000, inc_y_i = 1.000000
En el else......

----------------------------------------
x = 5.000000, y = 77.000000
avance = -245.000000, avanceR = 2.000000, avanceI = 2.000000
inc_x_r = 0.000000, inc_y_r = 1.000000, inc_x_i = 1.000000, inc_y_i = 1.000000
En el else......

----------------------------------------
x = 5.000000, y = 78.000000
avance = -243.000000, avanceR = 2.000000, avanceI = 2.000000
inc_x_r = 0.000000, inc_y_r = 1.000000, inc_x_i = 1.000000, inc_y_i = 1.000000
En el else......

----------------------------------------
x = 5.000000, y = 79.000000
avance = -241.000000, avanceR = 2.000000, avanceI = 2.000000
inc_x_r = 0.000000, inc_y_r = 1.000000, inc_x_i = 1.000000, inc_y_i = 1.000000
En el else......

----------------------------------------
x = 5.000000, y = 80.000000
avance = -239.000000, avanceR = 2.000000, avanceI = 2.000000
inc_x_r = 0.000000, inc_y_r = 1.000000, inc_x_i = 1.000000, inc_y_i = 1.000000
En el else......

----------------------------------------
x = 5.000000, y = 81.000000
avance = -237.000000, avanceR = 2.000000, avanceI = 2.000000
inc_x_r = 0.000000, inc_y_r = 1.000000, inc_x_i = 1.000000, inc_y_i = 1.000000
En el else......

----------------------------------------
x = 5.000000, y = 82.000000
avance = -235.000000, avanceR = 2.000000, avanceI = 2.000000
inc_x_r = 0.000000, inc_y_r = 1.000000, inc_x_i = 1.000000, inc_y_i = 1.000000
En el else......

----------------------------------------
x = 5.000000, y = 83.000000
avance = -233.000000, avanceR = 2.000000, avanceI = 2.000000
inc_x_r = 0.000000, inc_y_r = 1.000000, inc_x_i = 1.000000, inc_y_i = 1.000000
En el else......

----------------------------------------
x = 5.000000, y = 84.000000
avance = -231.000000, avanceR = 2.000000, avanceI = 2.000000
inc_x_r = 0.000000, inc_y_r = 1.000000, inc_x_i = 1.000000, inc_y_i = 1.000000
En el else......

----------------------------------------
x = 5.000000, y = 85.000000
avance = -229.000000, avanceR = 2.000000, avanceI = 2.000000
inc_x_r = 0.000000, inc_y_r = 1.000000, inc_x_i = 1.000000, inc_y_i = 1.000000
En el else......

----------------------------------------
x = 5.000000, y = 86.000000
avance = -227.000000, avanceR = 2.000000, avanceI = 2.000000
inc_x_r = 0.000000, inc_y_r = 1.000000, inc_x_i = 1.000000, inc_y_i = 1.000000
En el else......

----------------------------------------
x = 5.000000, y = 87.000000
avance = -225.000000, avanceR = 2.000000, avanceI = 2.000000
inc_x_r = 0.000000, inc_y_r = 1.000000, inc_x_i = 1.000000, inc_y_i = 1.000000
En el else......

----------------------------------------
x = 5.000000, y = 88.000000
avance = -223.000000, avanceR = 2.000000, avanceI = 2.000000
inc_x_r = 0.000000, inc_y_r = 1.000000, inc_x_i = 1.000000, inc_y_i = 1.000000
En el else......

----------------------------------------
x = 5.000000, y = 89.000000
avance = -221.000000, avanceR = 2.000000, avanceI = 2.000000
inc_x_r = 0.000000, inc_y_r = 1.000000, inc_x_i = 1.000000, inc_y_i = 1.000000
En el else......

----------------------------------------
x = 5.000000, y = 90.000000
avance = -219.000000, avanceR = 2.000000, avanceI = 2.000000
inc_x_r = 0.000000, inc_y_r = 1.000000, inc_x_i = 1.000000, inc_y_i = 1.000000
En el else......

----------------------------------------
x = 5.000000, y = 91.000000
avance = -217.000000, avanceR = 2.000000, avanceI = 2.000000
inc_x_r = 0.000000, inc_y_r = 1.000000, inc_x_i = 1.000000, inc_y_i = 1.000000
En el else......

----------------------------------------
x = 5.000000, y = 92.000000
avance = -215.000000, avanceR = 2.000000, avanceI = 2.000000
inc_x_r = 0.000000, inc_y_r = 1.000000, inc_x_i = 1.000000, inc_y_i = 1.000000
En el else......

----------------------------------------
x = 5.000000, y = 93.000000
avance = -213.000000, avanceR = 2.000000, avanceI = 2.000000
inc_x_r = 0.000000, inc_y_r = 1.000000, inc_x_i = 1.000000, inc_y_i = 1.000000
En el else......

----------------------------------------
x = 5.000000, y = 94.000000
avance = -211.000000, avanceR = 2.000000, avanceI = 2.000000
inc_x_r = 0.000000, inc_y_r = 1.000000, inc_x_i = 1.000000, inc_y_i = 1.000000
En el else......

----------------------------------------
x = 5.000000, y = 95.000000
avance = -209.000000, avanceR = 2.000000, avanceI = 2.000000
inc_x_r = 0.000000, inc_y_r = 1.000000, inc_x_i = 1.000000, inc_y_i = 1.000000
En el else......

----------------------------------------
x = 5.000000, y = 96.000000
avance = -207.000000, avanceR = 2.000000, avanceI = 2.000000
inc_x_r = 0.000000, inc_y_r = 1.000000, inc_x_i = 1.000000, inc_y_i = 1.000000
En el else......

----------------------------------------
x = 5.000000, y = 97.000000
avance = -205.000000, avanceR = 2.000000, avanceI = 2.000000
inc_x_r = 0.000000, inc_y_r = 1.000000, inc_x_i = 1.000000, inc_y_i = 1.000000
En el else......

----------------------------------------
x = 5.000000, y = 98.000000
avance = -203.000000, avanceR = 2.000000, avanceI = 2.000000
inc_x_r = 0.000000, inc_y_r = 1.000000, inc_x_i = 1.000000, inc_y_i = 1.000000
En el else......

----------------------------------------
x = 5.000000, y = 99.000000
avance = -201.000000, avanceR = 2.000000, avanceI = 2.000000
inc_x_r = 0.000000, inc_y_r = 1.000000, inc_x_i = 1.000000, inc_y_i = 1.000000
En el else......

----------------------------------------
x = 5.000000, y = 100.000000
avance = -199.000000, avanceR = 2.000000, avanceI = 2.000000
inc_x_r = 0.000000, inc_y_r = 1.000000, inc_x_i = 1.000000, inc_y_i = 1.000000
En el else......

----------------------------------------
x = 5.000000, y = 101.000000
avance = -197.000000, avanceR = 2.000000, avanceI = 2.000000
inc_x_r = 0.000000, inc_y_r = 1.000000, inc_x_i = 1.000000, inc_y_i = 1.000000
En el else......

----------------------------------------
x = 5.000000, y = 102.000000
avance = -195.000000, avanceR = 2.000000, avanceI = 2.000000
inc_x_r = 0.000000, inc_y_r = 1.000000, inc_x_i = 1.000000, inc_y_i = 1.000000
En el else......

----------------------------------------
x = 5.000000, y = 103.000000
avance = -193.000000, avanceR = 2.000000, avanceI = 2.000000
inc_x_r = 0.000000, inc_y_r = 1.000000, inc_x_i = 1.000000, inc_y_i = 1.000000
En el else......

----------------------------------------
x = 5.000000, y = 104.000000
avance = -191.000000, avanceR = 2.000000, avanceI = 2.000000
inc_x_r = 0.000000, inc_y_r = 1.000000, inc_x_i = 1.000000, inc_y_i = 1.000000
En el else......

----------------------------------------
x = 5.000000, y = 105.000000
avance = -189.000000, avanceR = 2.000000, avanceI = 2.000000
inc_x_r = 0.000000, inc_y_r = 1.000000, inc_x_i = 1.000000, inc_y_i = 1.000000
En el else......

----------------------------------------
x = 5.000000, y = 106.000000
avance = -187.000000, avanceR = 2.000000, avanceI = 2.000000
inc_x_r = 0.000000, inc_y_r = 1.000000, inc_x_i = 1.000000, inc_y_i = 1.000000
En el else......

----------------------------------------
x = 5.000000, y = 107.000000
avance = -185.000000, avanceR = 2.000000, avanceI = 2.000000
inc_x_r = 0.000000, inc_y_r = 1.000000, inc_x_i = 1.000000, inc_y_i = 1.000000
En el else......

----------------------------------------
x = 5.000000, y = 108.000000
avance = -183.000000, avanceR = 2.000000, avanceI = 2.000000
inc_x_r = 0.000000, inc_y_r = 1.000000, inc_x_i = 1.000000, inc_y_i = 1.000000
En el else......

----------------------------------------
x = 5.000000, y = 109.000000
avance = -181.000000, avanceR = 2.000000, avanceI = 2.000000
inc_x_r = 0.000000, inc_y_r = 1.000000, inc_x_i = 1.000000, inc_y_i = 1.000000
En el else......

----------------------------------------
x = 5.000000, y = 110.000000
avance = -179.000000, avanceR = 2.000000, avanceI = 2.000000
inc_x_r = 0.000000, inc_y_r = 1.000000, inc_x_i = 1.000000, inc_y_i = 1.000000
En el else......

----------------------------------------
x = 5.000000, y = 111.000000
avance = -177.000000, avanceR = 2.000000, avanceI = 2.000000
inc_x_r = 0.000000, inc_y_r = 1.000000, inc_x_i = 1.000000, inc_y_i = 1.000000
En el else......

----------------------------------------
x = 5.000000, y = 112.000000
avance = -175.000000, avanceR = 2.000000, avanceI = 2.000000
inc_x_r = 0.000000, inc_y_r = 1.000000, inc_x_i = 1.000000, inc_y_i = 1.000000
En el else......

----------------------------------------
x = 5.000000, y = 113.000000
avance = -173.000000, avanceR = 2.000000, avanceI = 2.000000
inc_x_r = 0.000000, inc_y_r = 1.000000, inc_x_i = 1.000000, inc_y_i = 1.000000
En el else......

----------------------------------------
x = 5.000000, y = 114.000000
avance = -171.000000, avanceR = 2.000000, avanceI = 2.000000
inc_x_r = 0.000000, inc_y_r = 1.000000, inc_x_i = 1.000000, inc_y_i = 1.000000
En el else......

----------------------------------------
x = 5.000000, y = 115.000000
avance = -169.000000, avanceR = 2.000000, avanceI = 2.000000
inc_x_r = 0.000000, inc_y_r = 1.000000, inc_x_i = 1.000000, inc_y_i = 1.000000
En el else......

----------------------------------------
x = 5.000000, y = 116.000000
avance = -167.000000, avanceR = 2.000000, avanceI = 2.000000
inc_x_r = 0.000000, inc_y_r = 1.000000, inc_x_i = 1.000000, inc_y_i = 1.000000
En el else......

----------------------------------------
x = 5.000000, y = 117.000000
avance = -165.000000, avanceR = 2.000000, avanceI = 2.000000
inc_x_r = 0.000000, inc_y_r = 1.000000, inc_x_i = 1.000000, inc_y_i = 1.000000
En el else......

----------------------------------------
x = 5.000000, y = 118.000000
avance = -163.000000, avanceR = 2.000000, avanceI = 2.000000
inc_x_r = 0.000000, inc_y_r = 1.000000, inc_x_i = 1.000000, inc_y_i = 1.000000
En el else......

----------------------------------------
x = 5.000000, y = 119.000000
avance = -161.000000, avanceR = 2.000000, avanceI = 2.000000
inc_x_r = 0.000000, inc_y_r = 1.000000, inc_x_i = 1.000000, inc_y_i = 1.000000
En el else......

----------------------------------------
x = 5.000000, y = 120.000000
avance = -159.000000, avanceR = 2.000000, avanceI = 2.000000
inc_x_r = 0.000000, inc_y_r = 1.000000, inc_x_i = 1.000000, inc_y_i = 1.000000
En el else......

----------------------------------------
x = 5.000000, y = 121.000000
avance = -157.000000, avanceR = 2.000000, avanceI = 2.000000
inc_x_r = 0.000000, inc_y_r = 1.000000, inc_x_i = 1.000000, inc_y_i = 1.000000
En el else......

----------------------------------------
x = 5.000000, y = 122.000000
avance = -155.000000, avanceR = 2.000000, avanceI = 2.000000
inc_x_r = 0.000000, inc_y_r = 1.000000, inc_x_i = 1.000000, inc_y_i = 1.000000
En el else......

----------------------------------------
x = 5.000000, y = 123.000000
avance = -153.000000, avanceR = 2.000000, avanceI = 2.000000
inc_x_r = 0.000000, inc_y_r = 1.000000, inc_x_i = 1.000000, inc_y_i = 1.000000
En el else......

----------------------------------------
x = 5.000000, y = 124.000000
avance = -151.000000, avanceR = 2.000000, avanceI = 2.000000
inc_x_r = 0.000000, inc_y_r = 1.000000, inc_x_i = 1.000000, inc_y_i = 1.000000
En el else......

----------------------------------------
x = 5.000000, y = 125.000000
avance = -149.000000, avanceR = 2.000000, avanceI = 2.000000
inc_x_r = 0.000000, inc_y_r = 1.000000, inc_x_i = 1.000000, inc_y_i = 1.000000
En el else......

----------------------------------------
x = 5.000000, y = 126.000000
avance = -147.000000, avanceR = 2.000000, avanceI = 2.000000
inc_x_r = 0.000000, inc_y_r = 1.000000, inc_x_i = 1.000000, inc_y_i = 1.000000
En el else......

----------------------------------------
x = 5.000000, y = 127.000000
avance = -145.000000, avanceR = 2.000000, avanceI = 2.000000
inc_x_r = 0.000000, inc_y_r = 1.000000, inc_x_i = 1.000000, inc_y_i = 1.000000
En el else......

----------------------------------------
x = 5.000000, y = 128.000000
avance = -143.000000, avanceR = 2.000000, avanceI = 2.000000
inc_x_r = 0.000000, inc_y_r = 1.000000, inc_x_i = 1.000000, inc_y_i = 1.000000
En el else......

----------------------------------------
x = 5.000000, y = 129.000000
avance = -141.000000, avanceR = 2.000000, avanceI = 2.000000
inc_x_r = 0.000000, inc_y_r = 1.000000, inc_x_i = 1.000000, inc_y_i = 1.000000
En el else......

----------------------------------------
x = 5.000000, y = 130.000000
avance = -139.000000, avanceR = 2.000000, avanceI = 2.000000
inc_x_r = 0.000000, inc_y_r = 1.000000, inc_x_i = 1.000000, inc_y_i = 1.000000
En el else......

----------------------------------------
x = 5.000000, y = 131.000000
avance = -137.000000, avanceR = 2.000000, avanceI = 2.000000
inc_x_r = 0.000000, inc_y_r = 1.000000, inc_x_i = 1.000000, inc_y_i = 1.000000
En el else......

----------------------------------------
x = 5.000000, y = 132.000000
avance = -135.000000, avanceR = 2.000000, avanceI = 2.000000
inc_x_r = 0.000000, inc_y_r = 1.000000, inc_x_i = 1.000000, inc_y_i = 1.000000
En el else......

----------------------------------------
x = 5.000000, y = 133.000000
avance = -133.000000, avanceR = 2.000000, avanceI = 2.000000
inc_x_r = 0.000000, inc_y_r = 1.000000, inc_x_i = 1.000000, inc_y_i = 1.000000
En el else......

----------------------------------------
x = 5.000000, y = 134.000000
avance = -131.000000, avanceR = 2.000000, avanceI = 2.000000
inc_x_r = 0.000000, inc_y_r = 1.000000, inc_x_i = 1.000000, inc_y_i = 1.000000
En el else......

----------------------------------------
x = 5.000000, y = 135.000000
avance = -129.000000, avanceR = 2.000000, avanceI = 2.000000
inc_x_r = 0.000000, inc_y_r = 1.000000, inc_x_i = 1.000000, inc_y_i = 1.000000
En el else......

----------------------------------------
x = 5.000000, y = 136.000000
avance = -127.000000, avanceR = 2.000000, avanceI = 2.000000
inc_x_r = 0.000000, inc_y_r = 1.000000, inc_x_i = 1.000000, inc_y_i = 1.000000
En el else......

----------------------------------------
x = 5.000000, y = 137.000000
avance = -125.000000, avanceR = 2.000000, avanceI = 2.000000
inc_x_r = 0.000000, inc_y_r = 1.000000, inc_x_i = 1.000000, inc_y_i = 1.000000
En el else......

----------------------------------------
x = 5.000000, y = 138.000000
avance = -123.000000, avanceR = 2.000000, avanceI = 2.000000
inc_x_r = 0.000000, inc_y_r = 1.000000, inc_x_i = 1.000000, inc_y_i = 1.000000
En el else......

----------------------------------------
x = 5.000000, y = 139.000000
avance = -121.000000, avanceR = 2.000000, avanceI = 2.000000
inc_x_r = 0.000000, inc_y_r = 1.000000, inc_x_i = 1.000000, inc_y_i = 1.000000
En el else......

----------------------------------------
x = 5.000000, y = 140.000000
avance = -119.000000, avanceR = 2.000000, avanceI = 2.000000
inc_x_r = 0.000000, inc_y_r = 1.000000, inc_x_i = 1.000000, inc_y_i = 1.000000
En el else......

----------------------------------------
x = 5.000000, y = 141.000000
avance = -117.000000, avanceR = 2.000000, avanceI = 2.000000
inc_x_r = 0.000000, inc_y_r = 1.000000, inc_x_i = 1.000000, inc_y_i = 1.000000
En el else......

----------------------------------------
x = 5.000000, y = 142.000000
avance = -115.000000, avanceR = 2.000000, avanceI = 2.000000
inc_x_r = 0.000000, inc_y_r = 1.000000, inc_x_i = 1.000000, inc_y_i = 1.000000
En el else......

----------------------------------------
x = 5.000000, y = 143.000000
avance = -113.000000, avanceR = 2.000000, avanceI = 2.000000
inc_x_r = 0.000000, inc_y_r = 1.000000, inc_x_i = 1.000000, inc_y_i = 1.000000
En el else......

----------------------------------------
x = 5.000000, y = 144.000000
avance = -111.000000, avanceR = 2.000000, avanceI = 2.000000
inc_x_r = 0.000000, inc_y_r = 1.000000, inc_x_i = 1.000000, inc_y_i = 1.000000
En el else......

----------------------------------------
x = 5.000000, y = 145.000000
avance = -109.000000, avanceR = 2.000000, avanceI = 2.000000
inc_x_r = 0.000000, inc_y_r = 1.000000, inc_x_i = 1.000000, inc_y_i = 1.000000
En el else......

----------------------------------------
x = 5.000000, y = 146.000000
avance = -107.000000, avanceR = 2.000000, avanceI = 2.000000
inc_x_r = 0.000000, inc_y_r = 1.000000, inc_x_i = 1.000000, inc_y_i = 1.000000
En el else......

----------------------------------------
x = 5.000000, y = 147.000000
avance = -105.000000, avanceR = 2.000000, avanceI = 2.000000
inc_x_r = 0.000000, inc_y_r = 1.000000, inc_x_i = 1.000000, inc_y_i = 1.000000
En el else......

----------------------------------------
x = 5.000000, y = 148.000000
avance = -103.000000, avanceR = 2.000000, avanceI = 2.000000
inc_x_r = 0.000000, inc_y_r = 1.000000, inc_x_i = 1.000000, inc_y_i = 1.000000
En el else......

----------------------------------------
x = 5.000000, y = 149.000000
avance = -101.000000, avanceR = 2.000000, avanceI = 2.000000
inc_x_r = 0.000000, inc_y_r = 1.000000, inc_x_i = 1.000000, inc_y_i = 1.000000
En el else......

----------------------------------------
x = 5.000000, y = 150.000000
avance = -99.000000, avanceR = 2.000000, avanceI = 2.000000
inc_x_r = 0.000000, inc_y_r = 1.000000, inc_x_i = 1.000000, inc_y_i = 1.000000
En el else......

----------------------------------------
x = 5.000000, y = 151.000000
avance = -97.000000, avanceR = 2.000000, avanceI = 2.000000
inc_x_r = 0.000000, inc_y_r = 1.000000, inc_x_i = 1.000000, inc_y_i = 1.000000
En el else......

----------------------------------------
x = 5.000000, y = 152.000000
avance = -95.000000, avanceR = 2.000000, avanceI = 2.000000
inc_x_r = 0.000000, inc_y_r = 1.000000, inc_x_i = 1.000000, inc_y_i = 1.000000
En el else......

----------------------------------------
x = 5.000000, y = 153.000000
avance = -93.000000, avanceR = 2.000000, avanceI = 2.000000
inc_x_r = 0.000000, inc_y_r = 1.000000, inc_x_i = 1.000000, inc_y_i = 1.000000
En el else......

----------------------------------------
x = 5.000000, y = 154.000000
avance = -91.000000, avanceR = 2.000000, avanceI = 2.000000
inc_x_r = 0.000000, inc_y_r = 1.000000, inc_x_i = 1.000000, inc_y_i = 1.000000
En el else......

----------------------------------------
x = 5.000000, y = 155.000000
avance = -89.000000, avanceR = 2.000000, avanceI = 2.000000
inc_x_r = 0.000000, inc_y_r = 1.000000, inc_x_i = 1.000000, inc_y_i = 1.000000
En el else......

----------------------------------------
x = 5.000000, y = 156.000000
avance = -87.000000, avanceR = 2.000000, avanceI = 2.000000
inc_x_r = 0.000000, inc_y_r = 1.000000, inc_x_i = 1.000000, inc_y_i = 1.000000
En el else......

----------------------------------------
x = 5.000000, y = 157.000000
avance = -85.000000, avanceR = 2.000000, avanceI = 2.000000
inc_x_r = 0.000000, inc_y_r = 1.000000, inc_x_i = 1.000000, inc_y_i = 1.000000
En el else......

----------------------------------------
x = 5.000000, y = 158.000000
avance = -83.000000, avanceR = 2.000000, avanceI = 2.000000
inc_x_r = 0.000000, inc_y_r = 1.000000, inc_x_i = 1.000000, inc_y_i = 1.000000
En el else......

----------------------------------------
x = 5.000000, y = 159.000000
avance = -81.000000, avanceR = 2.000000, avanceI = 2.000000
inc_x_r = 0.000000, inc_y_r = 1.000000, inc_x_i = 1.000000, inc_y_i = 1.000000
En el else......

----------------------------------------
x = 5.000000, y = 160.000000
avance = -79.000000, avanceR = 2.000000, avanceI = 2.000000
inc_x_r = 0.000000, inc_y_r = 1.000000, inc_x_i = 1.000000, inc_y_i = 1.000000
En el else......

----------------------------------------
x = 5.000000, y = 161.000000
avance = -77.000000, avanceR = 2.000000, avanceI = 2.000000
inc_x_r = 0.000000, inc_y_r = 1.000000, inc_x_i = 1.000000, inc_y_i = 1.000000
En el else......

----------------------------------------
x = 5.000000, y = 162.000000
avance = -75.000000, avanceR = 2.000000, avanceI = 2.000000
inc_x_r = 0.000000, inc_y_r = 1.000000, inc_x_i = 1.000000, inc_y_i = 1.000000
En el else......

----------------------------------------
x = 5.000000, y = 163.000000
avance = -73.000000, avanceR = 2.000000, avanceI = 2.000000
inc_x_r = 0.000000, inc_y_r = 1.000000, inc_x_i = 1.000000, inc_y_i = 1.000000
En el else......

----------------------------------------
x = 5.000000, y = 164.000000
avance = -71.000000, avanceR = 2.000000, avanceI = 2.000000
inc_x_r = 0.000000, inc_y_r = 1.000000, inc_x_i = 1.000000, inc_y_i = 1.000000
En el else......

----------------------------------------
x = 5.000000, y = 165.000000
avance = -69.000000, avanceR = 2.000000, avanceI = 2.000000
inc_x_r = 0.000000, inc_y_r = 1.000000, inc_x_i = 1.000000, inc_y_i = 1.000000
En el else......

----------------------------------------
x = 5.000000, y = 166.000000
avance = -67.000000, avanceR = 2.000000, avanceI = 2.000000
inc_x_r = 0.000000, inc_y_r = 1.000000, inc_x_i = 1.000000, inc_y_i = 1.000000
En el else......

----------------------------------------
x = 5.000000, y = 167.000000
avance = -65.000000, avanceR = 2.000000, avanceI = 2.000000
inc_x_r = 0.000000, inc_y_r = 1.000000, inc_x_i = 1.000000, inc_y_i = 1.000000
En el else......

----------------------------------------
x = 5.000000, y = 168.000000
avance = -63.000000, avanceR = 2.000000, avanceI = 2.000000
inc_x_r = 0.000000, inc_y_r = 1.000000, inc_x_i = 1.000000, inc_y_i = 1.000000
En el else......

----------------------------------------
x = 5.000000, y = 169.000000
avance = -61.000000, avanceR = 2.000000, avanceI = 2.000000
inc_x_r = 0.000000, inc_y_r = 1.000000, inc_x_i = 1.000000, inc_y_i = 1.000000
En el else......

----------------------------------------
x = 5.000000, y = 170.000000
avance = -59.000000, avanceR = 2.000000, avanceI = 2.000000
inc_x_r = 0.000000, inc_y_r = 1.000000, inc_x_i = 1.000000, inc_y_i = 1.000000
En el else......

----------------------------------------
x = 5.000000, y = 171.000000
avance = -57.000000, avanceR = 2.000000, avanceI = 2.000000
inc_x_r = 0.000000, inc_y_r = 1.000000, inc_x_i = 1.000000, inc_y_i = 1.000000
En el else......

----------------------------------------
x = 5.000000, y = 172.000000
avance = -55.000000, avanceR = 2.000000, avanceI = 2.000000
inc_x_r = 0.000000, inc_y_r = 1.000000, inc_x_i = 1.000000, inc_y_i = 1.000000
En el else......

----------------------------------------
x = 5.000000, y = 173.000000
avance = -53.000000, avanceR = 2.000000, avanceI = 2.000000
inc_x_r = 0.000000, inc_y_r = 1.000000, inc_x_i = 1.000000, inc_y_i = 1.000000
En el else......

----------------------------------------
x = 5.000000, y = 174.000000
avance = -51.000000, avanceR = 2.000000, avanceI = 2.000000
inc_x_r = 0.000000, inc_y_r = 1.000000, inc_x_i = 1.000000, inc_y_i = 1.000000
En el else......

----------------------------------------
x = 5.000000, y = 175.000000
avance = -49.000000, avanceR = 2.000000, avanceI = 2.000000
inc_x_r = 0.000000, inc_y_r = 1.000000, inc_x_i = 1.000000, inc_y_i = 1.000000
En el else......

----------------------------------------
x = 5.000000, y = 176.000000
avance = -47.000000, avanceR = 2.000000, avanceI = 2.000000
inc_x_r = 0.000000, inc_y_r = 1.000000, inc_x_i = 1.000000, inc_y_i = 1.000000
En el else......

----------------------------------------
x = 5.000000, y = 177.000000
avance = -45.000000, avanceR = 2.000000, avanceI = 2.000000
inc_x_r = 0.000000, inc_y_r = 1.000000, inc_x_i = 1.000000, inc_y_i = 1.000000
En el else......

----------------------------------------
x = 5.000000, y = 178.000000
avance = -43.000000, avanceR = 2.000000, avanceI = 2.000000
inc_x_r = 0.000000, inc_y_r = 1.000000, inc_x_i = 1.000000, inc_y_i = 1.000000
En el else......

----------------------------------------
x = 5.000000, y = 179.000000
avance = -41.000000, avanceR = 2.000000, avanceI = 2.000000
inc_x_r = 0.000000, inc_y_r = 1.000000, inc_x_i = 1.000000, inc_y_i = 1.000000
En el else......

----------------------------------------
x = 5.000000, y = 180.000000
avance = -39.000000, avanceR = 2.000000, avanceI = 2.000000
inc_x_r = 0.000000, inc_y_r = 1.000000, inc_x_i = 1.000000, inc_y_i = 1.000000
En el else......

----------------------------------------
x = 5.000000, y = 181.000000
avance = -37.000000, avanceR = 2.000000, avanceI = 2.000000
inc_x_r = 0.000000, inc_y_r = 1.000000, inc_x_i = 1.000000, inc_y_i = 1.000000
En el else......

----------------------------------------
x = 5.000000, y = 182.000000
avance = -35.000000, avanceR = 2.000000, avanceI = 2.000000
inc_x_r = 0.000000, inc_y_r = 1.000000, inc_x_i = 1.000000, inc_y_i = 1.000000
En el else......

----------------------------------------
x = 5.000000, y = 183.000000
avance = -33.000000, avanceR = 2.000000, avanceI = 2.000000
inc_x_r = 0.000000, inc_y_r = 1.000000, inc_x_i = 1.000000, inc_y_i = 1.000000
En el else......

----------------------------------------
x = 5.000000, y = 184.000000
avance = -31.000000, avanceR = 2.000000, avanceI = 2.000000
inc_x_r = 0.000000, inc_y_r = 1.000000, inc_x_i = 1.000000, inc_y_i = 1.000000
En el else......

----------------------------------------
x = 5.000000, y = 185.000000
avance = -29.000000, avanceR = 2.000000, avanceI = 2.000000
inc_x_r = 0.000000, inc_y_r = 1.000000, inc_x_i = 1.000000, inc_y_i = 1.000000
En el else......

----------------------------------------
x = 5.000000, y = 186.000000
avance = -27.000000, avanceR = 2.000000, avanceI = 2.000000
inc_x_r = 0.000000, inc_y_r = 1.000000, inc_x_i = 1.000000, inc_y_i = 1.000000
En el else......

----------------------------------------
x = 5.000000, y = 187.000000
avance = -25.000000, avanceR = 2.000000, avanceI = 2.000000
inc_x_r = 0.000000, inc_y_r = 1.000000, inc_x_i = 1.000000, inc_y_i = 1.000000
En el else......

----------------------------------------
x = 5.000000, y = 188.000000
avance = -23.000000, avanceR = 2.000000, avanceI = 2.000000
inc_x_r = 0.000000, inc_y_r = 1.000000, inc_x_i = 1.000000, inc_y_i = 1.000000
En el else......

----------------------------------------
x = 5.000000, y = 189.000000
avance = -21.000000, avanceR = 2.000000, avanceI = 2.000000
inc_x_r = 0.000000, inc_y_r = 1.000000, inc_x_i = 1.000000, inc_y_i = 1.000000
En el else......

----------------------------------------
x = 5.000000, y = 190.000000
avance = -19.000000, avanceR = 2.000000, avanceI = 2.000000
inc_x_r = 0.000000, inc_y_r = 1.000000, inc_x_i = 1.000000, inc_y_i = 1.000000
En el else......

----------------------------------------
x = 5.000000, y = 191.000000
avance = -17.000000, avanceR = 2.000000, avanceI = 2.000000
inc_x_r = 0.000000, inc_y_r = 1.000000, inc_x_i = 1.000000, inc_y_i = 1.000000
En el else......

----------------------------------------
x = 5.000000, y = 192.000000
avance = -15.000000, avanceR = 2.000000, avanceI = 2.000000
inc_x_r = 0.000000, inc_y_r = 1.000000, inc_x_i = 1.000000, inc_y_i = 1.000000
En el else......

----------------------------------------
x = 5.000000, y = 193.000000
avance = -13.000000, avanceR = 2.000000, avanceI = 2.000000
inc_x_r = 0.000000, inc_y_r = 1.000000, inc_x_i = 1.000000, inc_y_i = 1.000000
En el else......

----------------------------------------
x = 5.000000, y = 194.000000
avance = -11.000000, avanceR = 2.000000, avanceI = 2.000000
inc_x_r = 0.000000, inc_y_r = 1.000000, inc_x_i = 1.000000, inc_y_i = 1.000000
En el else......

----------------------------------------
x = 5.000000, y = 195.000000
avance = -9.000000, avanceR = 2.000000, avanceI = 2.000000
inc_x_r = 0.000000, inc_y_r = 1.000000, inc_x_i = 1.000000, inc_y_i = 1.000000
En el else......

----------------------------------------
x = 5.000000, y = 196.000000
avance = -7.000000, avanceR = 2.000000, avanceI = 2.000000
inc_x_r = 0.000000, inc_y_r = 1.000000, inc_x_i = 1.000000, inc_y_i = 1.000000
En el else......

----------------------------------------
x = 5.000000, y = 197.000000
avance = -5.000000, avanceR = 2.000000, avanceI = 2.000000
inc_x_r = 0.000000, inc_y_r = 1.000000, inc_x_i = 1.000000, inc_y_i = 1.000000
En el else......

----------------------------------------
x = 5.000000, y = 198.000000
avance = -3.000000, avanceR = 2.000000, avanceI = 2.000000
inc_x_r = 0.000000, inc_y_r = 1.000000, inc_x_i = 1.000000, inc_y_i = 1.000000
En el else......

----------------------------------------
x = 5.000000, y = 199.000000
avance = -1.000000, avanceR = 2.000000, avanceI = 2.000000
inc_x_r = 0.000000, inc_y_r = 1.000000, inc_x_i = 1.000000, inc_y_i = 1.000000
En el else......

----------------------------------------
x = 5.000000, y = 200.000000
avance = 1.000000, avanceR = 2.000000, avanceI = 2.000000
inc_x_r = 0.000000, inc_y_r = 1.000000, inc_x_i = 1.000000, inc_y_i = 1.000000
avance >= 0

----------------------------------------
x = 6.000000, y = 201.000000
avance = -499.000000, avanceR = 2.000000, avanceI = 2.000000
inc_x_r = 0.000000, inc_y_r = 1.000000, inc_x_i = 1.000000, inc_y_i = 1.000000
En el else......

----------------------------------------
x = 6.000000, y = 202.000000
avance = -497.000000, avanceR = 2.000000, avanceI = 2.000000
inc_x_r = 0.000000, inc_y_r = 1.000000, inc_x_i = 1.000000, inc_y_i = 1.000000
En el else......

----------------------------------------
x = 6.000000, y = 203.000000
avance = -495.000000, avanceR = 2.000000, avanceI = 2.000000
inc_x_r = 0.000000, inc_y_r = 1.000000, inc_x_i = 1.000000, inc_y_i = 1.000000
En el else......

----------------------------------------
x = 6.000000, y = 204.000000
avance = -493.000000, avanceR = 2.000000, avanceI = 2.000000
inc_x_r = 0.000000, inc_y_r = 1.000000, inc_x_i = 1.000000, inc_y_i = 1.000000
En el else......

----------------------------------------
x = 6.000000, y = 205.000000
avance = -491.000000, avanceR = 2.000000, avanceI = 2.000000
inc_x_r = 0.000000, inc_y_r = 1.000000, inc_x_i = 1.000000, inc_y_i = 1.000000
En el else......

----------------------------------------
x = 6.000000, y = 206.000000
avance = -489.000000, avanceR = 2.000000, avanceI = 2.000000
inc_x_r = 0.000000, inc_y_r = 1.000000, inc_x_i = 1.000000, inc_y_i = 1.000000
En el else......

----------------------------------------
x = 6.000000, y = 207.000000
avance = -487.000000, avanceR = 2.000000, avanceI = 2.000000
inc_x_r = 0.000000, inc_y_r = 1.000000, inc_x_i = 1.000000, inc_y_i = 1.000000
En el else......

----------------------------------------
x = 6.000000, y = 208.000000
avance = -485.000000, avanceR = 2.000000, avanceI = 2.000000
inc_x_r = 0.000000, inc_y_r = 1.000000, inc_x_i = 1.000000, inc_y_i = 1.000000
En el else......

----------------------------------------
x = 6.000000, y = 209.000000
avance = -483.000000, avanceR = 2.000000, avanceI = 2.000000
inc_x_r = 0.000000, inc_y_r = 1.000000, inc_x_i = 1.000000, inc_y_i = 1.000000
En el else......

----------------------------------------
x = 6.000000, y = 210.000000
avance = -481.000000, avanceR = 2.000000, avanceI = 2.000000
inc_x_r = 0.000000, inc_y_r = 1.000000, inc_x_i = 1.000000, inc_y_i = 1.000000
En el else......

----------------------------------------
x = 6.000000, y = 211.000000
avance = -479.000000, avanceR = 2.000000, avanceI = 2.000000
inc_x_r = 0.000000, inc_y_r = 1.000000, inc_x_i = 1.000000, inc_y_i = 1.000000
En el else......

----------------------------------------
x = 6.000000, y = 212.000000
avance = -477.000000, avanceR = 2.000000, avanceI = 2.000000
inc_x_r = 0.000000, inc_y_r = 1.000000, inc_x_i = 1.000000, inc_y_i = 1.000000
En el else......

----------------------------------------
x = 6.000000, y = 213.000000
avance = -475.000000, avanceR = 2.000000, avanceI = 2.000000
inc_x_r = 0.000000, inc_y_r = 1.000000, inc_x_i = 1.000000, inc_y_i = 1.000000
En el else......

----------------------------------------
x = 6.000000, y = 214.000000
avance = -473.000000, avanceR = 2.000000, avanceI = 2.000000
inc_x_r = 0.000000, inc_y_r = 1.000000, inc_x_i = 1.000000, inc_y_i = 1.000000
En el else......

----------------------------------------
x = 6.000000, y = 215.000000
avance = -471.000000, avanceR = 2.000000, avanceI = 2.000000
inc_x_r = 0.000000, inc_y_r = 1.000000, inc_x_i = 1.000000, inc_y_i = 1.000000
En el else......

----------------------------------------
x = 6.000000, y = 216.000000
avance = -469.000000, avanceR = 2.000000, avanceI = 2.000000
inc_x_r = 0.000000, inc_y_r = 1.000000, inc_x_i = 1.000000, inc_y_i = 1.000000
En el else......

----------------------------------------
x = 6.000000, y = 217.000000
avance = -467.000000, avanceR = 2.000000, avanceI = 2.000000
inc_x_r = 0.000000, inc_y_r = 1.000000, inc_x_i = 1.000000, inc_y_i = 1.000000
En el else......

----------------------------------------
x = 6.000000, y = 218.000000
avance = -465.000000, avanceR = 2.000000, avanceI = 2.000000
inc_x_r = 0.000000, inc_y_r = 1.000000, inc_x_i = 1.000000, inc_y_i = 1.000000
En el else......

----------------------------------------
x = 6.000000, y = 219.000000
avance = -463.000000, avanceR = 2.000000, avanceI = 2.000000
inc_x_r = 0.000000, inc_y_r = 1.000000, inc_x_i = 1.000000, inc_y_i = 1.000000
En el else......

----------------------------------------
x = 6.000000, y = 220.000000
avance = -461.000000, avanceR = 2.000000, avanceI = 2.000000
inc_x_r = 0.000000, inc_y_r = 1.000000, inc_x_i = 1.000000, inc_y_i = 1.000000
En el else......

----------------------------------------
x = 6.000000, y = 221.000000
avance = -459.000000, avanceR = 2.000000, avanceI = 2.000000
inc_x_r = 0.000000, inc_y_r = 1.000000, inc_x_i = 1.000000, inc_y_i = 1.000000
En el else......

----------------------------------------
x = 6.000000, y = 222.000000
avance = -457.000000, avanceR = 2.000000, avanceI = 2.000000
inc_x_r = 0.000000, inc_y_r = 1.000000, inc_x_i = 1.000000, inc_y_i = 1.000000
En el else......

----------------------------------------
x = 6.000000, y = 223.000000
avance = -455.000000, avanceR = 2.000000, avanceI = 2.000000
inc_x_r = 0.000000, inc_y_r = 1.000000, inc_x_i = 1.000000, inc_y_i = 1.000000
En el else......

----------------------------------------
x = 6.000000, y = 224.000000
avance = -453.000000, avanceR = 2.000000, avanceI = 2.000000
inc_x_r = 0.000000, inc_y_r = 1.000000, inc_x_i = 1.000000, inc_y_i = 1.000000
En el else......

----------------------------------------
x = 6.000000, y = 225.000000
avance = -451.000000, avanceR = 2.000000, avanceI = 2.000000
inc_x_r = 0.000000, inc_y_r = 1.000000, inc_x_i = 1.000000, inc_y_i = 1.000000
En el else......

----------------------------------------
x = 6.000000, y = 226.000000
avance = -449.000000, avanceR = 2.000000, avanceI = 2.000000
inc_x_r = 0.000000, inc_y_r = 1.000000, inc_x_i = 1.000000, inc_y_i = 1.000000
En el else......

----------------------------------------
x = 6.000000, y = 227.000000
avance = -447.000000, avanceR = 2.000000, avanceI = 2.000000
inc_x_r = 0.000000, inc_y_r = 1.000000, inc_x_i = 1.000000, inc_y_i = 1.000000
En el else......

----------------------------------------
x = 6.000000, y = 228.000000
avance = -445.000000, avanceR = 2.000000, avanceI = 2.000000
inc_x_r = 0.000000, inc_y_r = 1.000000, inc_x_i = 1.000000, inc_y_i = 1.000000
En el else......

----------------------------------------
x = 6.000000, y = 229.000000
avance = -443.000000, avanceR = 2.000000, avanceI = 2.000000
inc_x_r = 0.000000, inc_y_r = 1.000000, inc_x_i = 1.000000, inc_y_i = 1.000000
En el else......

----------------------------------------
x = 6.000000, y = 230.000000
avance = -441.000000, avanceR = 2.000000, avanceI = 2.000000
inc_x_r = 0.000000, inc_y_r = 1.000000, inc_x_i = 1.000000, inc_y_i = 1.000000
En el else......

----------------------------------------
x = 6.000000, y = 231.000000
avance = -439.000000, avanceR = 2.000000, avanceI = 2.000000
inc_x_r = 0.000000, inc_y_r = 1.000000, inc_x_i = 1.000000, inc_y_i = 1.000000
En el else......

----------------------------------------
x = 6.000000, y = 232.000000
avance = -437.000000, avanceR = 2.000000, avanceI = 2.000000
inc_x_r = 0.000000, inc_y_r = 1.000000, inc_x_i = 1.000000, inc_y_i = 1.000000
En el else......

----------------------------------------
x = 6.000000, y = 233.000000
avance = -435.000000, avanceR = 2.000000, avanceI = 2.000000
inc_x_r = 0.000000, inc_y_r = 1.000000, inc_x_i = 1.000000, inc_y_i = 1.000000
En el else......

----------------------------------------
x = 6.000000, y = 234.000000
avance = -433.000000, avanceR = 2.000000, avanceI = 2.000000
inc_x_r = 0.000000, inc_y_r = 1.000000, inc_x_i = 1.000000, inc_y_i = 1.000000
En el else......

----------------------------------------
x = 6.000000, y = 235.000000
avance = -431.000000, avanceR = 2.000000, avanceI = 2.000000
inc_x_r = 0.000000, inc_y_r = 1.000000, inc_x_i = 1.000000, inc_y_i = 1.000000
En el else......

----------------------------------------
x = 6.000000, y = 236.000000
avance = -429.000000, avanceR = 2.000000, avanceI = 2.000000
inc_x_r = 0.000000, inc_y_r = 1.000000, inc_x_i = 1.000000, inc_y_i = 1.000000
En el else......

----------------------------------------
x = 6.000000, y = 237.000000
avance = -427.000000, avanceR = 2.000000, avanceI = 2.000000
inc_x_r = 0.000000, inc_y_r = 1.000000, inc_x_i = 1.000000, inc_y_i = 1.000000
En el else......

----------------------------------------
x = 6.000000, y = 238.000000
avance = -425.000000, avanceR = 2.000000, avanceI = 2.000000
inc_x_r = 0.000000, inc_y_r = 1.000000, inc_x_i = 1.000000, inc_y_i = 1.000000
En el else......

----------------------------------------
x = 6.000000, y = 239.000000
avance = -423.000000, avanceR = 2.000000, avanceI = 2.000000
inc_x_r = 0.000000, inc_y_r = 1.000000, inc_x_i = 1.000000, inc_y_i = 1.000000
En el else......

----------------------------------------
x = 6.000000, y = 240.000000
avance = -421.000000, avanceR = 2.000000, avanceI = 2.000000
inc_x_r = 0.000000, inc_y_r = 1.000000, inc_x_i = 1.000000, inc_y_i = 1.000000
En el else......

----------------------------------------
x = 6.000000, y = 241.000000
avance = -419.000000, avanceR = 2.000000, avanceI = 2.000000
inc_x_r = 0.000000, inc_y_r = 1.000000, inc_x_i = 1.000000, inc_y_i = 1.000000
En el else......

----------------------------------------
x = 6.000000, y = 242.000000
avance = -417.000000, avanceR = 2.000000, avanceI = 2.000000
inc_x_r = 0.000000, inc_y_r = 1.000000, inc_x_i = 1.000000, inc_y_i = 1.000000
En el else......

----------------------------------------
x = 6.000000, y = 243.000000
avance = -415.000000, avanceR = 2.000000, avanceI = 2.000000
inc_x_r = 0.000000, inc_y_r = 1.000000, inc_x_i = 1.000000, inc_y_i = 1.000000
En el else......

----------------------------------------
x = 6.000000, y = 244.000000
avance = -413.000000, avanceR = 2.000000, avanceI = 2.000000
inc_x_r = 0.000000, inc_y_r = 1.000000, inc_x_i = 1.000000, inc_y_i = 1.000000
En el else......

----------------------------------------
x = 6.000000, y = 245.000000
avance = -411.000000, avanceR = 2.000000, avanceI = 2.000000
inc_x_r = 0.000000, inc_y_r = 1.000000, inc_x_i = 1.000000, inc_y_i = 1.000000
En el else......

----------------------------------------
x = 6.000000, y = 246.000000
avance = -409.000000, avanceR = 2.000000, avanceI = 2.000000
inc_x_r = 0.000000, inc_y_r = 1.000000, inc_x_i = 1.000000, inc_y_i = 1.000000
En el else......

----------------------------------------
x = 6.000000, y = 247.000000
avance = -407.000000, avanceR = 2.000000, avanceI = 2.000000
inc_x_r = 0.000000, inc_y_r = 1.000000, inc_x_i = 1.000000, inc_y_i = 1.000000
En el else......

----------------------------------------
x = 6.000000, y = 248.000000
avance = -405.000000, avanceR = 2.000000, avanceI = 2.000000
inc_x_r = 0.000000, inc_y_r = 1.000000, inc_x_i = 1.000000, inc_y_i = 1.000000
En el else......

----------------------------------------
x = 6.000000, y = 249.000000
avance = -403.000000, avanceR = 2.000000, avanceI = 2.000000
inc_x_r = 0.000000, inc_y_r = 1.000000, inc_x_i = 1.000000, inc_y_i = 1.000000
En el else......

----------------------------------------
x = 6.000000, y = 250.000000
avance = -401.000000, avanceR = 2.000000, avanceI = 2.000000
inc_x_r = 0.000000, inc_y_r = 1.000000, inc_x_i = 1.000000, inc_y_i = 1.000000
En el else......

----------------------------------------
x = 6.000000, y = 251.000000
avance = -399.000000, avanceR = 2.000000, avanceI = 2.000000
inc_x_r = 0.000000, inc_y_r = 1.000000, inc_x_i = 1.000000, inc_y_i = 1.000000
En el else......

----------------------------------------
x = 6.000000, y = 252.000000
avance = -397.000000, avanceR = 2.000000, avanceI = 2.000000
inc_x_r = 0.000000, inc_y_r = 1.000000, inc_x_i = 1.000000, inc_y_i = 1.000000
En el else......

----------------------------------------
x = 6.000000, y = 253.000000
avance = -395.000000, avanceR = 2.000000, avanceI = 2.000000
inc_x_r = 0.000000, inc_y_r = 1.000000, inc_x_i = 1.000000, inc_y_i = 1.000000
En el else......

----------------------------------------
x = 6.000000, y = 254.000000
avance = -393.000000, avanceR = 2.000000, avanceI = 2.000000
inc_x_r = 0.000000, inc_y_r = 1.000000, inc_x_i = 1.000000, inc_y_i = 1.000000
En el else......

----------------------------------------
x = 6.000000, y = 255.000000
avance = -391.000000, avanceR = 2.000000, avanceI = 2.000000
inc_x_r = 0.000000, inc_y_r = 1.000000, inc_x_i = 1.000000, inc_y_i = 1.000000
En el else......

----------------------------------------
x = 6.000000, y = 256.000000
avance = -389.000000, avanceR = 2.000000, avanceI = 2.000000
inc_x_r = 0.000000, inc_y_r = 1.000000, inc_x_i = 1.000000, inc_y_i = 1.000000
En el else......

----------------------------------------
x = 6.000000, y = 257.000000
avance = -387.000000, avanceR = 2.000000, avanceI = 2.000000
inc_x_r = 0.000000, inc_y_r = 1.000000, inc_x_i = 1.000000, inc_y_i = 1.000000
En el else......

----------------------------------------
x = 6.000000, y = 258.000000
avance = -385.000000, avanceR = 2.000000, avanceI = 2.000000
inc_x_r = 0.000000, inc_y_r = 1.000000, inc_x_i = 1.000000, inc_y_i = 1.000000
En el else......

----------------------------------------
x = 6.000000, y = 259.000000
avance = -383.000000, avanceR = 2.000000, avanceI = 2.000000
inc_x_r = 0.000000, inc_y_r = 1.000000, inc_x_i = 1.000000, inc_y_i = 1.000000
En el else......

----------------------------------------
x = 6.000000, y = 260.000000
avance = -381.000000, avanceR = 2.000000, avanceI = 2.000000
inc_x_r = 0.000000, inc_y_r = 1.000000, inc_x_i = 1.000000, inc_y_i = 1.000000
En el else......

----------------------------------------
x = 6.000000, y = 261.000000
avance = -379.000000, avanceR = 2.000000, avanceI = 2.000000
inc_x_r = 0.000000, inc_y_r = 1.000000, inc_x_i = 1.000000, inc_y_i = 1.000000
En el else......

----------------------------------------
x = 6.000000, y = 262.000000
avance = -377.000000, avanceR = 2.000000, avanceI = 2.000000
inc_x_r = 0.000000, inc_y_r = 1.000000, inc_x_i = 1.000000, inc_y_i = 1.000000
En el else......

----------------------------------------
x = 6.000000, y = 263.000000
avance = -375.000000, avanceR = 2.000000, avanceI = 2.000000
inc_x_r = 0.000000, inc_y_r = 1.000000, inc_x_i = 1.000000, inc_y_i = 1.000000
En el else......

----------------------------------------
x = 6.000000, y = 264.000000
avance = -373.000000, avanceR = 2.000000, avanceI = 2.000000
inc_x_r = 0.000000, inc_y_r = 1.000000, inc_x_i = 1.000000, inc_y_i = 1.000000
En el else......

----------------------------------------
x = 6.000000, y = 265.000000
avance = -371.000000, avanceR = 2.000000, avanceI = 2.000000
inc_x_r = 0.000000, inc_y_r = 1.000000, inc_x_i = 1.000000, inc_y_i = 1.000000
En el else......

----------------------------------------
x = 6.000000, y = 266.000000
avance = -369.000000, avanceR = 2.000000, avanceI = 2.000000
inc_x_r = 0.000000, inc_y_r = 1.000000, inc_x_i = 1.000000, inc_y_i = 1.000000
En el else......

----------------------------------------
x = 6.000000, y = 267.000000
avance = -367.000000, avanceR = 2.000000, avanceI = 2.000000
inc_x_r = 0.000000, inc_y_r = 1.000000, inc_x_i = 1.000000, inc_y_i = 1.000000
En el else......

----------------------------------------
x = 6.000000, y = 268.000000
avance = -365.000000, avanceR = 2.000000, avanceI = 2.000000
inc_x_r = 0.000000, inc_y_r = 1.000000, inc_x_i = 1.000000, inc_y_i = 1.000000
En el else......

----------------------------------------
x = 6.000000, y = 269.000000
avance = -363.000000, avanceR = 2.000000, avanceI = 2.000000
inc_x_r = 0.000000, inc_y_r = 1.000000, inc_x_i = 1.000000, inc_y_i = 1.000000
En el else......

----------------------------------------
x = 6.000000, y = 270.000000
avance = -361.000000, avanceR = 2.000000, avanceI = 2.000000
inc_x_r = 0.000000, inc_y_r = 1.000000, inc_x_i = 1.000000, inc_y_i = 1.000000
En el else......

----------------------------------------
x = 6.000000, y = 271.000000
avance = -359.000000, avanceR = 2.000000, avanceI = 2.000000
inc_x_r = 0.000000, inc_y_r = 1.000000, inc_x_i = 1.000000, inc_y_i = 1.000000
En el else......

----------------------------------------
x = 6.000000, y = 272.000000
avance = -357.000000, avanceR = 2.000000, avanceI = 2.000000
inc_x_r = 0.000000, inc_y_r = 1.000000, inc_x_i = 1.000000, inc_y_i = 1.000000
En el else......

----------------------------------------
x = 6.000000, y = 273.000000
avance = -355.000000, avanceR = 2.000000, avanceI = 2.000000
inc_x_r = 0.000000, inc_y_r = 1.000000, inc_x_i = 1.000000, inc_y_i = 1.000000
En el else......

----------------------------------------
x = 6.000000, y = 274.000000
avance = -353.000000, avanceR = 2.000000, avanceI = 2.000000
inc_x_r = 0.000000, inc_y_r = 1.000000, inc_x_i = 1.000000, inc_y_i = 1.000000
En el else......

----------------------------------------
x = 6.000000, y = 275.000000
avance = -351.000000, avanceR = 2.000000, avanceI = 2.000000
inc_x_r = 0.000000, inc_y_r = 1.000000, inc_x_i = 1.000000, inc_y_i = 1.000000
En el else......

----------------------------------------
x = 6.000000, y = 276.000000
avance = -349.000000, avanceR = 2.000000, avanceI = 2.000000
inc_x_r = 0.000000, inc_y_r = 1.000000, inc_x_i = 1.000000, inc_y_i = 1.000000
En el else......

----------------------------------------
x = 6.000000, y = 277.000000
avance = -347.000000, avanceR = 2.000000, avanceI = 2.000000
inc_x_r = 0.000000, inc_y_r = 1.000000, inc_x_i = 1.000000, inc_y_i = 1.000000
En el else......

----------------------------------------
x = 6.000000, y = 278.000000
avance = -345.000000, avanceR = 2.000000, avanceI = 2.000000
inc_x_r = 0.000000, inc_y_r = 1.000000, inc_x_i = 1.000000, inc_y_i = 1.000000
En el else......

----------------------------------------
x = 6.000000, y = 279.000000
avance = -343.000000, avanceR = 2.000000, avanceI = 2.000000
inc_x_r = 0.000000, inc_y_r = 1.000000, inc_x_i = 1.000000, inc_y_i = 1.000000
En el else......

----------------------------------------
x = 6.000000, y = 280.000000
avance = -341.000000, avanceR = 2.000000, avanceI = 2.000000
inc_x_r = 0.000000, inc_y_r = 1.000000, inc_x_i = 1.000000, inc_y_i = 1.000000
En el else......

----------------------------------------
x = 6.000000, y = 281.000000
avance = -339.000000, avanceR = 2.000000, avanceI = 2.000000
inc_x_r = 0.000000, inc_y_r = 1.000000, inc_x_i = 1.000000, inc_y_i = 1.000000
En el else......

----------------------------------------
x = 6.000000, y = 282.000000
avance = -337.000000, avanceR = 2.000000, avanceI = 2.000000
inc_x_r = 0.000000, inc_y_r = 1.000000, inc_x_i = 1.000000, inc_y_i = 1.000000
En el else......

----------------------------------------
x = 6.000000, y = 283.000000
avance = -335.000000, avanceR = 2.000000, avanceI = 2.000000
inc_x_r = 0.000000, inc_y_r = 1.000000, inc_x_i = 1.000000, inc_y_i = 1.000000
En el else......

----------------------------------------
x = 6.000000, y = 284.000000
avance = -333.000000, avanceR = 2.000000, avanceI = 2.000000
inc_x_r = 0.000000, inc_y_r = 1.000000, inc_x_i = 1.000000, inc_y_i = 1.000000
En el else......

----------------------------------------
x = 6.000000, y = 285.000000
avance = -331.000000, avanceR = 2.000000, avanceI = 2.000000
inc_x_r = 0.000000, inc_y_r = 1.000000, inc_x_i = 1.000000, inc_y_i = 1.000000
En el else......

----------------------------------------
x = 6.000000, y = 286.000000
avance = -329.000000, avanceR = 2.000000, avanceI = 2.000000
inc_x_r = 0.000000, inc_y_r = 1.000000, inc_x_i = 1.000000, inc_y_i = 1.000000
En el else......

----------------------------------------
x = 6.000000, y = 287.000000
avance = -327.000000, avanceR = 2.000000, avanceI = 2.000000
inc_x_r = 0.000000, inc_y_r = 1.000000, inc_x_i = 1.000000, inc_y_i = 1.000000
En el else......

----------------------------------------
x = 6.000000, y = 288.000000
avance = -325.000000, avanceR = 2.000000, avanceI = 2.000000
inc_x_r = 0.000000, inc_y_r = 1.000000, inc_x_i = 1.000000, inc_y_i = 1.000000
En el else......

----------------------------------------
x = 6.000000, y = 289.000000
avance = -323.000000, avanceR = 2.000000, avanceI = 2.000000
inc_x_r = 0.000000, inc_y_r = 1.000000, inc_x_i = 1.000000, inc_y_i = 1.000000
En el else......

----------------------------------------
x = 6.000000, y = 290.000000
avance = -321.000000, avanceR = 2.000000, avanceI = 2.000000
inc_x_r = 0.000000, inc_y_r = 1.000000, inc_x_i = 1.000000, inc_y_i = 1.000000
En el else......

----------------------------------------
x = 6.000000, y = 291.000000
avance = -319.000000, avanceR = 2.000000, avanceI = 2.000000
inc_x_r = 0.000000, inc_y_r = 1.000000, inc_x_i = 1.000000, inc_y_i = 1.000000
En el else......

----------------------------------------
x = 6.000000, y = 292.000000
avance = -317.000000, avanceR = 2.000000, avanceI = 2.000000
inc_x_r = 0.000000, inc_y_r = 1.000000, inc_x_i = 1.000000, inc_y_i = 1.000000
En el else......

----------------------------------------
x = 6.000000, y = 293.000000
avance = -315.000000, avanceR = 2.000000, avanceI = 2.000000
inc_x_r = 0.000000, inc_y_r = 1.000000, inc_x_i = 1.000000, inc_y_i = 1.000000
En el else......

----------------------------------------
x = 6.000000, y = 294.000000
avance = -313.000000, avanceR = 2.000000, avanceI = 2.000000
inc_x_r = 0.000000, inc_y_r = 1.000000, inc_x_i = 1.000000, inc_y_i = 1.000000
En el else......

----------------------------------------
x = 6.000000, y = 295.000000
avance = -311.000000, avanceR = 2.000000, avanceI = 2.000000
inc_x_r = 0.000000, inc_y_r = 1.000000, inc_x_i = 1.000000, inc_y_i = 1.000000
En el else......

----------------------------------------
x = 6.000000, y = 296.000000
avance = -309.000000, avanceR = 2.000000, avanceI = 2.000000
inc_x_r = 0.000000, inc_y_r = 1.000000, inc_x_i = 1.000000, inc_y_i = 1.000000
En el else......

----------------------------------------
x = 6.000000, y = 297.000000
avance = -307.000000, avanceR = 2.000000, avanceI = 2.000000
inc_x_r = 0.000000, inc_y_r = 1.000000, inc_x_i = 1.000000, inc_y_i = 1.000000
En el else......

----------------------------------------
x = 6.000000, y = 298.000000
avance = -305.000000, avanceR = 2.000000, avanceI = 2.000000
inc_x_r = 0.000000, inc_y_r = 1.000000, inc_x_i = 1.000000, inc_y_i = 1.000000
En el else......

----------------------------------------
x = 6.000000, y = 299.000000
avance = -303.000000, avanceR = 2.000000, avanceI = 2.000000
inc_x_r = 0.000000, inc_y_r = 1.000000, inc_x_i = 1.000000, inc_y_i = 1.000000
En el else......

----------------------------------------
x = 6.000000, y = 300.000000
avance = -301.000000, avanceR = 2.000000, avanceI = 2.000000
inc_x_r = 0.000000, inc_y_r = 1.000000, inc_x_i = 1.000000, inc_y_i = 1.000000
En el else......

----------------------------------------
x = 6.000000, y = 301.000000
avance = -299.000000, avanceR = 2.000000, avanceI = 2.000000
inc_x_r = 0.000000, inc_y_r = 1.000000, inc_x_i = 1.000000, inc_y_i = 1.000000
En el else......

----------------------------------------
x = 6.000000, y = 302.000000
avance = -297.000000, avanceR = 2.000000, avanceI = 2.000000
inc_x_r = 0.000000, inc_y_r = 1.000000, inc_x_i = 1.000000, inc_y_i = 1.000000
En el else......

----------------------------------------
x = 6.000000, y = 303.000000
avance = -295.000000, avanceR = 2.000000, avanceI = 2.000000
inc_x_r = 0.000000, inc_y_r = 1.000000, inc_x_i = 1.000000, inc_y_i = 1.000000
En el else......

----------------------------------------
x = 6.000000, y = 304.000000
avance = -293.000000, avanceR = 2.000000, avanceI = 2.000000
inc_x_r = 0.000000, inc_y_r = 1.000000, inc_x_i = 1.000000, inc_y_i = 1.000000
En el else......

----------------------------------------
x = 6.000000, y = 305.000000
avance = -291.000000, avanceR = 2.000000, avanceI = 2.000000
inc_x_r = 0.000000, inc_y_r = 1.000000, inc_x_i = 1.000000, inc_y_i = 1.000000
En el else......

----------------------------------------
x = 6.000000, y = 306.000000
avance = -289.000000, avanceR = 2.000000, avanceI = 2.000000
inc_x_r = 0.000000, inc_y_r = 1.000000, inc_x_i = 1.000000, inc_y_i = 1.000000
En el else......

----------------------------------------
x = 6.000000, y = 307.000000
avance = -287.000000, avanceR = 2.000000, avanceI = 2.000000
inc_x_r = 0.000000, inc_y_r = 1.000000, inc_x_i = 1.000000, inc_y_i = 1.000000
En el else......

----------------------------------------
x = 6.000000, y = 308.000000
avance = -285.000000, avanceR = 2.000000, avanceI = 2.000000
inc_x_r = 0.000000, inc_y_r = 1.000000, inc_x_i = 1.000000, inc_y_i = 1.000000
En el else......

----------------------------------------
x = 6.000000, y = 309.000000
avance = -283.000000, avanceR = 2.000000, avanceI = 2.000000
inc_x_r = 0.000000, inc_y_r = 1.000000, inc_x_i = 1.000000, inc_y_i = 1.000000
En el else......

----------------------------------------
x = 6.000000, y = 310.000000
avance = -281.000000, avanceR = 2.000000, avanceI = 2.000000
inc_x_r = 0.000000, inc_y_r = 1.000000, inc_x_i = 1.000000, inc_y_i = 1.000000
En el else......

----------------------------------------
x = 6.000000, y = 311.000000
avance = -279.000000, avanceR = 2.000000, avanceI = 2.000000
inc_x_r = 0.000000, inc_y_r = 1.000000, inc_x_i = 1.000000, inc_y_i = 1.000000
En el else......

----------------------------------------
x = 6.000000, y = 312.000000
avance = -277.000000, avanceR = 2.000000, avanceI = 2.000000
inc_x_r = 0.000000, inc_y_r = 1.000000, inc_x_i = 1.000000, inc_y_i = 1.000000
En el else......

----------------------------------------
x = 6.000000, y = 313.000000
avance = -275.000000, avanceR = 2.000000, avanceI = 2.000000
inc_x_r = 0.000000, inc_y_r = 1.000000, inc_x_i = 1.000000, inc_y_i = 1.000000
En el else......

----------------------------------------
x = 6.000000, y = 314.000000
avance = -273.000000, avanceR = 2.000000, avanceI = 2.000000
inc_x_r = 0.000000, inc_y_r = 1.000000, inc_x_i = 1.000000, inc_y_i = 1.000000
En el else......

----------------------------------------
x = 6.000000, y = 315.000000
avance = -271.000000, avanceR = 2.000000, avanceI = 2.000000
inc_x_r = 0.000000, inc_y_r = 1.000000, inc_x_i = 1.000000, inc_y_i = 1.000000
En el else......

----------------------------------------
x = 6.000000, y = 316.000000
avance = -269.000000, avanceR = 2.000000, avanceI = 2.000000
inc_x_r = 0.000000, inc_y_r = 1.000000, inc_x_i = 1.000000, inc_y_i = 1.000000
En el else......

----------------------------------------
x = 6.000000, y = 317.000000
avance = -267.000000, avanceR = 2.000000, avanceI = 2.000000
inc_x_r = 0.000000, inc_y_r = 1.000000, inc_x_i = 1.000000, inc_y_i = 1.000000
En el else......

----------------------------------------
x = 6.000000, y = 318.000000
avance = -265.000000, avanceR = 2.000000, avanceI = 2.000000
inc_x_r = 0.000000, inc_y_r = 1.000000, inc_x_i = 1.000000, inc_y_i = 1.000000
En el else......

----------------------------------------
x = 6.000000, y = 319.000000
avance = -263.000000, avanceR = 2.000000, avanceI = 2.000000
inc_x_r = 0.000000, inc_y_r = 1.000000, inc_x_i = 1.000000, inc_y_i = 1.000000
En el else......

----------------------------------------
x = 6.000000, y = 320.000000
avance = -261.000000, avanceR = 2.000000, avanceI = 2.000000
inc_x_r = 0.000000, inc_y_r = 1.000000, inc_x_i = 1.000000, inc_y_i = 1.000000
En el else......

----------------------------------------
x = 6.000000, y = 321.000000
avance = -259.000000, avanceR = 2.000000, avanceI = 2.000000
inc_x_r = 0.000000, inc_y_r = 1.000000, inc_x_i = 1.000000, inc_y_i = 1.000000
En el else......

----------------------------------------
x = 6.000000, y = 322.000000
avance = -257.000000, avanceR = 2.000000, avanceI = 2.000000
inc_x_r = 0.000000, inc_y_r = 1.000000, inc_x_i = 1.000000, inc_y_i = 1.000000
En el else......

----------------------------------------
x = 6.000000, y = 323.000000
avance = -255.000000, avanceR = 2.000000, avanceI = 2.000000
inc_x_r = 0.000000, inc_y_r = 1.000000, inc_x_i = 1.000000, inc_y_i = 1.000000
En el else......

----------------------------------------
x = 6.000000, y = 324.000000
avance = -253.000000, avanceR = 2.000000, avanceI = 2.000000
inc_x_r = 0.000000, inc_y_r = 1.000000, inc_x_i = 1.000000, inc_y_i = 1.000000
En el else......

----------------------------------------
x = 6.000000, y = 325.000000
avance = -251.000000, avanceR = 2.000000, avanceI = 2.000000
inc_x_r = 0.000000, inc_y_r = 1.000000, inc_x_i = 1.000000, inc_y_i = 1.000000
En el else......

----------------------------------------


ENTRAMOS A BRESENHAMªªªª
x1 = 5.000000 - y1 = 75.000000 || x2 = 6.000000 - y2 = 326.000000
dy = 251.000000, dx = 1.000000
avances inclinados: inc_x_i = 1.000000, inc_y_i = 1.000000
updated: dy = 251.000000, dx = 1.000000
avances rectos: inc_x_r = 0.000000, inc_y_r 1.000000
reupdated: dy = 1.000000, dx = 251.000000
avanceR = 2.000000, avance -249.000000, avanceI 2.000000
----------------------------------------
x = 5.000000, y = 75.000000
avance = -249.000000, avanceR = 2.000000, avanceI = 2.000000
inc_x_r = 0.000000, inc_y_r = 1.000000, inc_x_i = 1.000000, inc_y_i = 1.000000
En el else......

----------------------------------------
x = 5.000000, y = 76.000000
avance = -247.000000, avanceR = 2.000000, avanceI = 2.000000
inc_x_r = 0.000000, inc_y_r = 1.000000, inc_x_i = 1.000000, inc_y_i = 1.000000
En el else......

----------------------------------------
x = 5.000000, y = 77.000000
avance = -245.000000, avanceR = 2.000000, avanceI = 2.000000
inc_x_r = 0.000000, inc_y_r = 1.000000, inc_x_i = 1.000000, inc_y_i = 1.000000
En el else......

----------------------------------------
x = 5.000000, y = 78.000000
avance = -243.000000, avanceR = 2.000000, avanceI = 2.000000
inc_x_r = 0.000000, inc_y_r = 1.000000, inc_x_i = 1.000000, inc_y_i = 1.000000
En el else......

----------------------------------------
x = 5.000000, y = 79.000000
avance = -241.000000, avanceR = 2.000000, avanceI = 2.000000
inc_x_r = 0.000000, inc_y_r = 1.000000, inc_x_i = 1.000000, inc_y_i = 1.000000
En el else......

----------------------------------------
x = 5.000000, y = 80.000000
avance = -239.000000, avanceR = 2.000000, avanceI = 2.000000
inc_x_r = 0.000000, inc_y_r = 1.000000, inc_x_i = 1.000000, inc_y_i = 1.000000
En el else......

----------------------------------------
x = 5.000000, y = 81.000000
avance = -237.000000, avanceR = 2.000000, avanceI = 2.000000
inc_x_r = 0.000000, inc_y_r = 1.000000, inc_x_i = 1.000000, inc_y_i = 1.000000
En el else......

----------------------------------------
x = 5.000000, y = 82.000000
avance = -235.000000, avanceR = 2.000000, avanceI = 2.000000
inc_x_r = 0.000000, inc_y_r = 1.000000, inc_x_i = 1.000000, inc_y_i = 1.000000
En el else......

----------------------------------------
x = 5.000000, y = 83.000000
avance = -233.000000, avanceR = 2.000000, avanceI = 2.000000
inc_x_r = 0.000000, inc_y_r = 1.000000, inc_x_i = 1.000000, inc_y_i = 1.000000
En el else......

----------------------------------------
x = 5.000000, y = 84.000000
avance = -231.000000, avanceR = 2.000000, avanceI = 2.000000
inc_x_r = 0.000000, inc_y_r = 1.000000, inc_x_i = 1.000000, inc_y_i = 1.000000
En el else......

----------------------------------------
x = 5.000000, y = 85.000000
avance = -229.000000, avanceR = 2.000000, avanceI = 2.000000
inc_x_r = 0.000000, inc_y_r = 1.000000, inc_x_i = 1.000000, inc_y_i = 1.000000
En el else......

----------------------------------------
x = 5.000000, y = 86.000000
avance = -227.000000, avanceR = 2.000000, avanceI = 2.000000
inc_x_r = 0.000000, inc_y_r = 1.000000, inc_x_i = 1.000000, inc_y_i = 1.000000
En el else......

----------------------------------------
x = 5.000000, y = 87.000000
avance = -225.000000, avanceR = 2.000000, avanceI = 2.000000
inc_x_r = 0.000000, inc_y_r = 1.000000, inc_x_i = 1.000000, inc_y_i = 1.000000
En el else......

----------------------------------------
x = 5.000000, y = 88.000000
avance = -223.000000, avanceR = 2.000000, avanceI = 2.000000
inc_x_r = 0.000000, inc_y_r = 1.000000, inc_x_i = 1.000000, inc_y_i = 1.000000
En el else......

----------------------------------------
x = 5.000000, y = 89.000000
avance = -221.000000, avanceR = 2.000000, avanceI = 2.000000
inc_x_r = 0.000000, inc_y_r = 1.000000, inc_x_i = 1.000000, inc_y_i = 1.000000
En el else......

----------------------------------------
x = 5.000000, y = 90.000000
avance = -219.000000, avanceR = 2.000000, avanceI = 2.000000
inc_x_r = 0.000000, inc_y_r = 1.000000, inc_x_i = 1.000000, inc_y_i = 1.000000
En el else......

----------------------------------------
x = 5.000000, y = 91.000000
avance = -217.000000, avanceR = 2.000000, avanceI = 2.000000
inc_x_r = 0.000000, inc_y_r = 1.000000, inc_x_i = 1.000000, inc_y_i = 1.000000
En el else......

----------------------------------------
x = 5.000000, y = 92.000000
avance = -215.000000, avanceR = 2.000000, avanceI = 2.000000
inc_x_r = 0.000000, inc_y_r = 1.000000, inc_x_i = 1.000000, inc_y_i = 1.000000
En el else......

----------------------------------------
x = 5.000000, y = 93.000000
avance = -213.000000, avanceR = 2.000000, avanceI = 2.000000
inc_x_r = 0.000000, inc_y_r = 1.000000, inc_x_i = 1.000000, inc_y_i = 1.000000
En el else......

----------------------------------------
x = 5.000000, y = 94.000000
avance = -211.000000, avanceR = 2.000000, avanceI = 2.000000
inc_x_r = 0.000000, inc_y_r = 1.000000, inc_x_i = 1.000000, inc_y_i = 1.000000
En el else......

----------------------------------------
x = 5.000000, y = 95.000000
avance = -209.000000, avanceR = 2.000000, avanceI = 2.000000
inc_x_r = 0.000000, inc_y_r = 1.000000, inc_x_i = 1.000000, inc_y_i = 1.000000
En el else......

----------------------------------------
x = 5.000000, y = 96.000000
avance = -207.000000, avanceR = 2.000000, avanceI = 2.000000
inc_x_r = 0.000000, inc_y_r = 1.000000, inc_x_i = 1.000000, inc_y_i = 1.000000
En el else......

----------------------------------------
x = 5.000000, y = 97.000000
avance = -205.000000, avanceR = 2.000000, avanceI = 2.000000
inc_x_r = 0.000000, inc_y_r = 1.000000, inc_x_i = 1.000000, inc_y_i = 1.000000
En el else......

----------------------------------------
x = 5.000000, y = 98.000000
avance = -203.000000, avanceR = 2.000000, avanceI = 2.000000
inc_x_r = 0.000000, inc_y_r = 1.000000, inc_x_i = 1.000000, inc_y_i = 1.000000
En el else......

----------------------------------------
x = 5.000000, y = 99.000000
avance = -201.000000, avanceR = 2.000000, avanceI = 2.000000
inc_x_r = 0.000000, inc_y_r = 1.000000, inc_x_i = 1.000000, inc_y_i = 1.000000
En el else......

----------------------------------------
x = 5.000000, y = 100.000000
avance = -199.000000, avanceR = 2.000000, avanceI = 2.000000
inc_x_r = 0.000000, inc_y_r = 1.000000, inc_x_i = 1.000000, inc_y_i = 1.000000
En el else......

----------------------------------------
x = 5.000000, y = 101.000000
avance = -197.000000, avanceR = 2.000000, avanceI = 2.000000
inc_x_r = 0.000000, inc_y_r = 1.000000, inc_x_i = 1.000000, inc_y_i = 1.000000
En el else......

----------------------------------------
x = 5.000000, y = 102.000000
avance = -195.000000, avanceR = 2.000000, avanceI = 2.000000
inc_x_r = 0.000000, inc_y_r = 1.000000, inc_x_i = 1.000000, inc_y_i = 1.000000
En el else......

----------------------------------------
x = 5.000000, y = 103.000000
avance = -193.000000, avanceR = 2.000000, avanceI = 2.000000
inc_x_r = 0.000000, inc_y_r = 1.000000, inc_x_i = 1.000000, inc_y_i = 1.000000
En el else......

----------------------------------------
x = 5.000000, y = 104.000000
avance = -191.000000, avanceR = 2.000000, avanceI = 2.000000
inc_x_r = 0.000000, inc_y_r = 1.000000, inc_x_i = 1.000000, inc_y_i = 1.000000
En el else......

----------------------------------------
x = 5.000000, y = 105.000000
avance = -189.000000, avanceR = 2.000000, avanceI = 2.000000
inc_x_r = 0.000000, inc_y_r = 1.000000, inc_x_i = 1.000000, inc_y_i = 1.000000
En el else......

----------------------------------------
x = 5.000000, y = 106.000000
avance = -187.000000, avanceR = 2.000000, avanceI = 2.000000
inc_x_r = 0.000000, inc_y_r = 1.000000, inc_x_i = 1.000000, inc_y_i = 1.000000
En el else......

----------------------------------------
x = 5.000000, y = 107.000000
avance = -185.000000, avanceR = 2.000000, avanceI = 2.000000
inc_x_r = 0.000000, inc_y_r = 1.000000, inc_x_i = 1.000000, inc_y_i = 1.000000
En el else......

----------------------------------------
x = 5.000000, y = 108.000000
avance = -183.000000, avanceR = 2.000000, avanceI = 2.000000
inc_x_r = 0.000000, inc_y_r = 1.000000, inc_x_i = 1.000000, inc_y_i = 1.000000
En el else......

----------------------------------------
x = 5.000000, y = 109.000000
avance = -181.000000, avanceR = 2.000000, avanceI = 2.000000
inc_x_r = 0.000000, inc_y_r = 1.000000, inc_x_i = 1.000000, inc_y_i = 1.000000
En el else......

----------------------------------------
x = 5.000000, y = 110.000000
avance = -179.000000, avanceR = 2.000000, avanceI = 2.000000
inc_x_r = 0.000000, inc_y_r = 1.000000, inc_x_i = 1.000000, inc_y_i = 1.000000
En el else......

----------------------------------------
x = 5.000000, y = 111.000000
avance = -177.000000, avanceR = 2.000000, avanceI = 2.000000
inc_x_r = 0.000000, inc_y_r = 1.000000, inc_x_i = 1.000000, inc_y_i = 1.000000
En el else......

----------------------------------------
x = 5.000000, y = 112.000000
avance = -175.000000, avanceR = 2.000000, avanceI = 2.000000
inc_x_r = 0.000000, inc_y_r = 1.000000, inc_x_i = 1.000000, inc_y_i = 1.000000
En el else......

----------------------------------------
x = 5.000000, y = 113.000000
avance = -173.000000, avanceR = 2.000000, avanceI = 2.000000
inc_x_r = 0.000000, inc_y_r = 1.000000, inc_x_i = 1.000000, inc_y_i = 1.000000
En el else......

----------------------------------------
x = 5.000000, y = 114.000000
avance = -171.000000, avanceR = 2.000000, avanceI = 2.000000
inc_x_r = 0.000000, inc_y_r = 1.000000, inc_x_i = 1.000000, inc_y_i = 1.000000
En el else......

----------------------------------------
x = 5.000000, y = 115.000000
avance = -169.000000, avanceR = 2.000000, avanceI = 2.000000
inc_x_r = 0.000000, inc_y_r = 1.000000, inc_x_i = 1.000000, inc_y_i = 1.000000
En el else......

----------------------------------------
x = 5.000000, y = 116.000000
avance = -167.000000, avanceR = 2.000000, avanceI = 2.000000
inc_x_r = 0.000000, inc_y_r = 1.000000, inc_x_i = 1.000000, inc_y_i = 1.000000
En el else......

----------------------------------------
x = 5.000000, y = 117.000000
avance = -165.000000, avanceR = 2.000000, avanceI = 2.000000
inc_x_r = 0.000000, inc_y_r = 1.000000, inc_x_i = 1.000000, inc_y_i = 1.000000
En el else......

----------------------------------------
x = 5.000000, y = 118.000000
avance = -163.000000, avanceR = 2.000000, avanceI = 2.000000
inc_x_r = 0.000000, inc_y_r = 1.000000, inc_x_i = 1.000000, inc_y_i = 1.000000
En el else......

----------------------------------------
x = 5.000000, y = 119.000000
avance = -161.000000, avanceR = 2.000000, avanceI = 2.000000
inc_x_r = 0.000000, inc_y_r = 1.000000, inc_x_i = 1.000000, inc_y_i = 1.000000
En el else......

----------------------------------------
x = 5.000000, y = 120.000000
avance = -159.000000, avanceR = 2.000000, avanceI = 2.000000
inc_x_r = 0.000000, inc_y_r = 1.000000, inc_x_i = 1.000000, inc_y_i = 1.000000
En el else......

----------------------------------------
x = 5.000000, y = 121.000000
avance = -157.000000, avanceR = 2.000000, avanceI = 2.000000
inc_x_r = 0.000000, inc_y_r = 1.000000, inc_x_i = 1.000000, inc_y_i = 1.000000
En el else......

----------------------------------------
x = 5.000000, y = 122.000000
avance = -155.000000, avanceR = 2.000000, avanceI = 2.000000
inc_x_r = 0.000000, inc_y_r = 1.000000, inc_x_i = 1.000000, inc_y_i = 1.000000
En el else......

----------------------------------------
x = 5.000000, y = 123.000000
avance = -153.000000, avanceR = 2.000000, avanceI = 2.000000
inc_x_r = 0.000000, inc_y_r = 1.000000, inc_x_i = 1.000000, inc_y_i = 1.000000
En el else......

----------------------------------------
x = 5.000000, y = 124.000000
avance = -151.000000, avanceR = 2.000000, avanceI = 2.000000
inc_x_r = 0.000000, inc_y_r = 1.000000, inc_x_i = 1.000000, inc_y_i = 1.000000
En el else......

----------------------------------------
x = 5.000000, y = 125.000000
avance = -149.000000, avanceR = 2.000000, avanceI = 2.000000
inc_x_r = 0.000000, inc_y_r = 1.000000, inc_x_i = 1.000000, inc_y_i = 1.000000
En el else......

----------------------------------------
x = 5.000000, y = 126.000000
avance = -147.000000, avanceR = 2.000000, avanceI = 2.000000
inc_x_r = 0.000000, inc_y_r = 1.000000, inc_x_i = 1.000000, inc_y_i = 1.000000
En el else......

----------------------------------------
x = 5.000000, y = 127.000000
avance = -145.000000, avanceR = 2.000000, avanceI = 2.000000
inc_x_r = 0.000000, inc_y_r = 1.000000, inc_x_i = 1.000000, inc_y_i = 1.000000
En el else......

----------------------------------------
x = 5.000000, y = 128.000000
avance = -143.000000, avanceR = 2.000000, avanceI = 2.000000
inc_x_r = 0.000000, inc_y_r = 1.000000, inc_x_i = 1.000000, inc_y_i = 1.000000
En el else......

----------------------------------------
x = 5.000000, y = 129.000000
avance = -141.000000, avanceR = 2.000000, avanceI = 2.000000
inc_x_r = 0.000000, inc_y_r = 1.000000, inc_x_i = 1.000000, inc_y_i = 1.000000
En el else......

----------------------------------------
x = 5.000000, y = 130.000000
avance = -139.000000, avanceR = 2.000000, avanceI = 2.000000
inc_x_r = 0.000000, inc_y_r = 1.000000, inc_x_i = 1.000000, inc_y_i = 1.000000
En el else......

----------------------------------------
x = 5.000000, y = 131.000000
avance = -137.000000, avanceR = 2.000000, avanceI = 2.000000
inc_x_r = 0.000000, inc_y_r = 1.000000, inc_x_i = 1.000000, inc_y_i = 1.000000
En el else......

----------------------------------------
x = 5.000000, y = 132.000000
avance = -135.000000, avanceR = 2.000000, avanceI = 2.000000
inc_x_r = 0.000000, inc_y_r = 1.000000, inc_x_i = 1.000000, inc_y_i = 1.000000
En el else......

----------------------------------------
x = 5.000000, y = 133.000000
avance = -133.000000, avanceR = 2.000000, avanceI = 2.000000
inc_x_r = 0.000000, inc_y_r = 1.000000, inc_x_i = 1.000000, inc_y_i = 1.000000
En el else......

----------------------------------------
x = 5.000000, y = 134.000000
avance = -131.000000, avanceR = 2.000000, avanceI = 2.000000
inc_x_r = 0.000000, inc_y_r = 1.000000, inc_x_i = 1.000000, inc_y_i = 1.000000
En el else......

----------------------------------------
x = 5.000000, y = 135.000000
avance = -129.000000, avanceR = 2.000000, avanceI = 2.000000
inc_x_r = 0.000000, inc_y_r = 1.000000, inc_x_i = 1.000000, inc_y_i = 1.000000
En el else......

----------------------------------------
x = 5.000000, y = 136.000000
avance = -127.000000, avanceR = 2.000000, avanceI = 2.000000
inc_x_r = 0.000000, inc_y_r = 1.000000, inc_x_i = 1.000000, inc_y_i = 1.000000
En el else......

----------------------------------------
x = 5.000000, y = 137.000000
avance = -125.000000, avanceR = 2.000000, avanceI = 2.000000
inc_x_r = 0.000000, inc_y_r = 1.000000, inc_x_i = 1.000000, inc_y_i = 1.000000
En el else......

----------------------------------------
x = 5.000000, y = 138.000000
avance = -123.000000, avanceR = 2.000000, avanceI = 2.000000
inc_x_r = 0.000000, inc_y_r = 1.000000, inc_x_i = 1.000000, inc_y_i = 1.000000
En el else......

----------------------------------------
x = 5.000000, y = 139.000000
avance = -121.000000, avanceR = 2.000000, avanceI = 2.000000
inc_x_r = 0.000000, inc_y_r = 1.000000, inc_x_i = 1.000000, inc_y_i = 1.000000
En el else......

----------------------------------------
x = 5.000000, y = 140.000000
avance = -119.000000, avanceR = 2.000000, avanceI = 2.000000
inc_x_r = 0.000000, inc_y_r = 1.000000, inc_x_i = 1.000000, inc_y_i = 1.000000
En el else......

----------------------------------------
x = 5.000000, y = 141.000000
avance = -117.000000, avanceR = 2.000000, avanceI = 2.000000
inc_x_r = 0.000000, inc_y_r = 1.000000, inc_x_i = 1.000000, inc_y_i = 1.000000
En el else......

----------------------------------------
x = 5.000000, y = 142.000000
avance = -115.000000, avanceR = 2.000000, avanceI = 2.000000
inc_x_r = 0.000000, inc_y_r = 1.000000, inc_x_i = 1.000000, inc_y_i = 1.000000
En el else......

----------------------------------------
x = 5.000000, y = 143.000000
avance = -113.000000, avanceR = 2.000000, avanceI = 2.000000
inc_x_r = 0.000000, inc_y_r = 1.000000, inc_x_i = 1.000000, inc_y_i = 1.000000
En el else......

----------------------------------------
x = 5.000000, y = 144.000000
avance = -111.000000, avanceR = 2.000000, avanceI = 2.000000
inc_x_r = 0.000000, inc_y_r = 1.000000, inc_x_i = 1.000000, inc_y_i = 1.000000
En el else......

----------------------------------------
x = 5.000000, y = 145.000000
avance = -109.000000, avanceR = 2.000000, avanceI = 2.000000
inc_x_r = 0.000000, inc_y_r = 1.000000, inc_x_i = 1.000000, inc_y_i = 1.000000
En el else......

----------------------------------------
x = 5.000000, y = 146.000000
avance = -107.000000, avanceR = 2.000000, avanceI = 2.000000
inc_x_r = 0.000000, inc_y_r = 1.000000, inc_x_i = 1.000000, inc_y_i = 1.000000
En el else......

----------------------------------------
x = 5.000000, y = 147.000000
avance = -105.000000, avanceR = 2.000000, avanceI = 2.000000
inc_x_r = 0.000000, inc_y_r = 1.000000, inc_x_i = 1.000000, inc_y_i = 1.000000
En el else......

----------------------------------------
x = 5.000000, y = 148.000000
avance = -103.000000, avanceR = 2.000000, avanceI = 2.000000
inc_x_r = 0.000000, inc_y_r = 1.000000, inc_x_i = 1.000000, inc_y_i = 1.000000
En el else......

----------------------------------------
x = 5.000000, y = 149.000000
avance = -101.000000, avanceR = 2.000000, avanceI = 2.000000
inc_x_r = 0.000000, inc_y_r = 1.000000, inc_x_i = 1.000000, inc_y_i = 1.000000
En el else......

----------------------------------------
x = 5.000000, y = 150.000000
avance = -99.000000, avanceR = 2.000000, avanceI = 2.000000
inc_x_r = 0.000000, inc_y_r = 1.000000, inc_x_i = 1.000000, inc_y_i = 1.000000
En el else......

----------------------------------------
x = 5.000000, y = 151.000000
avance = -97.000000, avanceR = 2.000000, avanceI = 2.000000
inc_x_r = 0.000000, inc_y_r = 1.000000, inc_x_i = 1.000000, inc_y_i = 1.000000
En el else......

----------------------------------------
x = 5.000000, y = 152.000000
avance = -95.000000, avanceR = 2.000000, avanceI = 2.000000
inc_x_r = 0.000000, inc_y_r = 1.000000, inc_x_i = 1.000000, inc_y_i = 1.000000
En el else......

----------------------------------------
x = 5.000000, y = 153.000000
avance = -93.000000, avanceR = 2.000000, avanceI = 2.000000
inc_x_r = 0.000000, inc_y_r = 1.000000, inc_x_i = 1.000000, inc_y_i = 1.000000
En el else......

----------------------------------------
x = 5.000000, y = 154.000000
avance = -91.000000, avanceR = 2.000000, avanceI = 2.000000
inc_x_r = 0.000000, inc_y_r = 1.000000, inc_x_i = 1.000000, inc_y_i = 1.000000
En el else......

----------------------------------------
x = 5.000000, y = 155.000000
avance = -89.000000, avanceR = 2.000000, avanceI = 2.000000
inc_x_r = 0.000000, inc_y_r = 1.000000, inc_x_i = 1.000000, inc_y_i = 1.000000
En el else......

----------------------------------------
x = 5.000000, y = 156.000000
avance = -87.000000, avanceR = 2.000000, avanceI = 2.000000
inc_x_r = 0.000000, inc_y_r = 1.000000, inc_x_i = 1.000000, inc_y_i = 1.000000
En el else......

----------------------------------------
x = 5.000000, y = 157.000000
avance = -85.000000, avanceR = 2.000000, avanceI = 2.000000
inc_x_r = 0.000000, inc_y_r = 1.000000, inc_x_i = 1.000000, inc_y_i = 1.000000
En el else......

----------------------------------------
x = 5.000000, y = 158.000000
avance = -83.000000, avanceR = 2.000000, avanceI = 2.000000
inc_x_r = 0.000000, inc_y_r = 1.000000, inc_x_i = 1.000000, inc_y_i = 1.000000
En el else......

----------------------------------------
x = 5.000000, y = 159.000000
avance = -81.000000, avanceR = 2.000000, avanceI = 2.000000
inc_x_r = 0.000000, inc_y_r = 1.000000, inc_x_i = 1.000000, inc_y_i = 1.000000
En el else......

----------------------------------------
x = 5.000000, y = 160.000000
avance = -79.000000, avanceR = 2.000000, avanceI = 2.000000
inc_x_r = 0.000000, inc_y_r = 1.000000, inc_x_i = 1.000000, inc_y_i = 1.000000
En el else......

----------------------------------------
x = 5.000000, y = 161.000000
avance = -77.000000, avanceR = 2.000000, avanceI = 2.000000
inc_x_r = 0.000000, inc_y_r = 1.000000, inc_x_i = 1.000000, inc_y_i = 1.000000
En el else......

----------------------------------------
x = 5.000000, y = 162.000000
avance = -75.000000, avanceR = 2.000000, avanceI = 2.000000
inc_x_r = 0.000000, inc_y_r = 1.000000, inc_x_i = 1.000000, inc_y_i = 1.000000
En el else......

----------------------------------------
x = 5.000000, y = 163.000000
avance = -73.000000, avanceR = 2.000000, avanceI = 2.000000
inc_x_r = 0.000000, inc_y_r = 1.000000, inc_x_i = 1.000000, inc_y_i = 1.000000
En el else......

----------------------------------------
x = 5.000000, y = 164.000000
avance = -71.000000, avanceR = 2.000000, avanceI = 2.000000
inc_x_r = 0.000000, inc_y_r = 1.000000, inc_x_i = 1.000000, inc_y_i = 1.000000
En el else......

----------------------------------------
x = 5.000000, y = 165.000000
avance = -69.000000, avanceR = 2.000000, avanceI = 2.000000
inc_x_r = 0.000000, inc_y_r = 1.000000, inc_x_i = 1.000000, inc_y_i = 1.000000
En el else......

----------------------------------------
x = 5.000000, y = 166.000000
avance = -67.000000, avanceR = 2.000000, avanceI = 2.000000
inc_x_r = 0.000000, inc_y_r = 1.000000, inc_x_i = 1.000000, inc_y_i = 1.000000
En el else......

----------------------------------------
x = 5.000000, y = 167.000000
avance = -65.000000, avanceR = 2.000000, avanceI = 2.000000
inc_x_r = 0.000000, inc_y_r = 1.000000, inc_x_i = 1.000000, inc_y_i = 1.000000
En el else......

----------------------------------------
x = 5.000000, y = 168.000000
avance = -63.000000, avanceR = 2.000000, avanceI = 2.000000
inc_x_r = 0.000000, inc_y_r = 1.000000, inc_x_i = 1.000000, inc_y_i = 1.000000
En el else......

----------------------------------------
x = 5.000000, y = 169.000000
avance = -61.000000, avanceR = 2.000000, avanceI = 2.000000
inc_x_r = 0.000000, inc_y_r = 1.000000, inc_x_i = 1.000000, inc_y_i = 1.000000
En el else......

----------------------------------------
x = 5.000000, y = 170.000000
avance = -59.000000, avanceR = 2.000000, avanceI = 2.000000
inc_x_r = 0.000000, inc_y_r = 1.000000, inc_x_i = 1.000000, inc_y_i = 1.000000
En el else......

----------------------------------------
x = 5.000000, y = 171.000000
avance = -57.000000, avanceR = 2.000000, avanceI = 2.000000
inc_x_r = 0.000000, inc_y_r = 1.000000, inc_x_i = 1.000000, inc_y_i = 1.000000
En el else......

----------------------------------------
x = 5.000000, y = 172.000000
avance = -55.000000, avanceR = 2.000000, avanceI = 2.000000
inc_x_r = 0.000000, inc_y_r = 1.000000, inc_x_i = 1.000000, inc_y_i = 1.000000
En el else......

----------------------------------------
x = 5.000000, y = 173.000000
avance = -53.000000, avanceR = 2.000000, avanceI = 2.000000
inc_x_r = 0.000000, inc_y_r = 1.000000, inc_x_i = 1.000000, inc_y_i = 1.000000
En el else......

----------------------------------------
x = 5.000000, y = 174.000000
avance = -51.000000, avanceR = 2.000000, avanceI = 2.000000
inc_x_r = 0.000000, inc_y_r = 1.000000, inc_x_i = 1.000000, inc_y_i = 1.000000
En el else......

----------------------------------------
x = 5.000000, y = 175.000000
avance = -49.000000, avanceR = 2.000000, avanceI = 2.000000
inc_x_r = 0.000000, inc_y_r = 1.000000, inc_x_i = 1.000000, inc_y_i = 1.000000
En el else......

----------------------------------------
x = 5.000000, y = 176.000000
avance = -47.000000, avanceR = 2.000000, avanceI = 2.000000
inc_x_r = 0.000000, inc_y_r = 1.000000, inc_x_i = 1.000000, inc_y_i = 1.000000
En el else......

----------------------------------------
x = 5.000000, y = 177.000000
avance = -45.000000, avanceR = 2.000000, avanceI = 2.000000
inc_x_r = 0.000000, inc_y_r = 1.000000, inc_x_i = 1.000000, inc_y_i = 1.000000
En el else......

----------------------------------------
x = 5.000000, y = 178.000000
avance = -43.000000, avanceR = 2.000000, avanceI = 2.000000
inc_x_r = 0.000000, inc_y_r = 1.000000, inc_x_i = 1.000000, inc_y_i = 1.000000
En el else......

----------------------------------------
x = 5.000000, y = 179.000000
avance = -41.000000, avanceR = 2.000000, avanceI = 2.000000
inc_x_r = 0.000000, inc_y_r = 1.000000, inc_x_i = 1.000000, inc_y_i = 1.000000
En el else......

----------------------------------------
x = 5.000000, y = 180.000000
avance = -39.000000, avanceR = 2.000000, avanceI = 2.000000
inc_x_r = 0.000000, inc_y_r = 1.000000, inc_x_i = 1.000000, inc_y_i = 1.000000
En el else......

----------------------------------------
x = 5.000000, y = 181.000000
avance = -37.000000, avanceR = 2.000000, avanceI = 2.000000
inc_x_r = 0.000000, inc_y_r = 1.000000, inc_x_i = 1.000000, inc_y_i = 1.000000
En el else......

----------------------------------------
x = 5.000000, y = 182.000000
avance = -35.000000, avanceR = 2.000000, avanceI = 2.000000
inc_x_r = 0.000000, inc_y_r = 1.000000, inc_x_i = 1.000000, inc_y_i = 1.000000
En el else......

----------------------------------------
x = 5.000000, y = 183.000000
avance = -33.000000, avanceR = 2.000000, avanceI = 2.000000
inc_x_r = 0.000000, inc_y_r = 1.000000, inc_x_i = 1.000000, inc_y_i = 1.000000
En el else......

----------------------------------------
x = 5.000000, y = 184.000000
avance = -31.000000, avanceR = 2.000000, avanceI = 2.000000
inc_x_r = 0.000000, inc_y_r = 1.000000, inc_x_i = 1.000000, inc_y_i = 1.000000
En el else......

----------------------------------------
x = 5.000000, y = 185.000000
avance = -29.000000, avanceR = 2.000000, avanceI = 2.000000
inc_x_r = 0.000000, inc_y_r = 1.000000, inc_x_i = 1.000000, inc_y_i = 1.000000
En el else......

----------------------------------------
x = 5.000000, y = 186.000000
avance = -27.000000, avanceR = 2.000000, avanceI = 2.000000
inc_x_r = 0.000000, inc_y_r = 1.000000, inc_x_i = 1.000000, inc_y_i = 1.000000
En el else......

----------------------------------------
x = 5.000000, y = 187.000000
avance = -25.000000, avanceR = 2.000000, avanceI = 2.000000
inc_x_r = 0.000000, inc_y_r = 1.000000, inc_x_i = 1.000000, inc_y_i = 1.000000
En el else......

----------------------------------------
x = 5.000000, y = 188.000000
avance = -23.000000, avanceR = 2.000000, avanceI = 2.000000
inc_x_r = 0.000000, inc_y_r = 1.000000, inc_x_i = 1.000000, inc_y_i = 1.000000
En el else......

----------------------------------------
x = 5.000000, y = 189.000000
avance = -21.000000, avanceR = 2.000000, avanceI = 2.000000
inc_x_r = 0.000000, inc_y_r = 1.000000, inc_x_i = 1.000000, inc_y_i = 1.000000
En el else......

----------------------------------------
x = 5.000000, y = 190.000000
avance = -19.000000, avanceR = 2.000000, avanceI = 2.000000
inc_x_r = 0.000000, inc_y_r = 1.000000, inc_x_i = 1.000000, inc_y_i = 1.000000
En el else......

----------------------------------------
x = 5.000000, y = 191.000000
avance = -17.000000, avanceR = 2.000000, avanceI = 2.000000
inc_x_r = 0.000000, inc_y_r = 1.000000, inc_x_i = 1.000000, inc_y_i = 1.000000
En el else......

----------------------------------------
x = 5.000000, y = 192.000000
avance = -15.000000, avanceR = 2.000000, avanceI = 2.000000
inc_x_r = 0.000000, inc_y_r = 1.000000, inc_x_i = 1.000000, inc_y_i = 1.000000
En el else......

----------------------------------------
x = 5.000000, y = 193.000000
avance = -13.000000, avanceR = 2.000000, avanceI = 2.000000
inc_x_r = 0.000000, inc_y_r = 1.000000, inc_x_i = 1.000000, inc_y_i = 1.000000
En el else......

----------------------------------------
x = 5.000000, y = 194.000000
avance = -11.000000, avanceR = 2.000000, avanceI = 2.000000
inc_x_r = 0.000000, inc_y_r = 1.000000, inc_x_i = 1.000000, inc_y_i = 1.000000
En el else......

----------------------------------------
x = 5.000000, y = 195.000000
avance = -9.000000, avanceR = 2.000000, avanceI = 2.000000
inc_x_r = 0.000000, inc_y_r = 1.000000, inc_x_i = 1.000000, inc_y_i = 1.000000
En el else......

----------------------------------------
x = 5.000000, y = 196.000000
avance = -7.000000, avanceR = 2.000000, avanceI = 2.000000
inc_x_r = 0.000000, inc_y_r = 1.000000, inc_x_i = 1.000000, inc_y_i = 1.000000
En el else......

----------------------------------------
x = 5.000000, y = 197.000000
avance = -5.000000, avanceR = 2.000000, avanceI = 2.000000
inc_x_r = 0.000000, inc_y_r = 1.000000, inc_x_i = 1.000000, inc_y_i = 1.000000
En el else......

----------------------------------------
x = 5.000000, y = 198.000000
avance = -3.000000, avanceR = 2.000000, avanceI = 2.000000
inc_x_r = 0.000000, inc_y_r = 1.000000, inc_x_i = 1.000000, inc_y_i = 1.000000
En el else......

----------------------------------------
x = 5.000000, y = 199.000000
avance = -1.000000, avanceR = 2.000000, avanceI = 2.000000
inc_x_r = 0.000000, inc_y_r = 1.000000, inc_x_i = 1.000000, inc_y_i = 1.000000
En el else......

----------------------------------------
x = 5.000000, y = 200.000000
avance = 1.000000, avanceR = 2.000000, avanceI = 2.000000
inc_x_r = 0.000000, inc_y_r = 1.000000, inc_x_i = 1.000000, inc_y_i = 1.000000
avance >= 0

----------------------------------------
x = 6.000000, y = 201.000000
avance = -499.000000, avanceR = 2.000000, avanceI = 2.000000
inc_x_r = 0.000000, inc_y_r = 1.000000, inc_x_i = 1.000000, inc_y_i = 1.000000
En el else......

----------------------------------------
x = 6.000000, y = 202.000000
avance = -497.000000, avanceR = 2.000000, avanceI = 2.000000
inc_x_r = 0.000000, inc_y_r = 1.000000, inc_x_i = 1.000000, inc_y_i = 1.000000
En el else......

----------------------------------------
x = 6.000000, y = 203.000000
avance = -495.000000, avanceR = 2.000000, avanceI = 2.000000
inc_x_r = 0.000000, inc_y_r = 1.000000, inc_x_i = 1.000000, inc_y_i = 1.000000
En el else......

----------------------------------------
x = 6.000000, y = 204.000000
avance = -493.000000, avanceR = 2.000000, avanceI = 2.000000
inc_x_r = 0.000000, inc_y_r = 1.000000, inc_x_i = 1.000000, inc_y_i = 1.000000
En el else......

----------------------------------------
x = 6.000000, y = 205.000000
avance = -491.000000, avanceR = 2.000000, avanceI = 2.000000
inc_x_r = 0.000000, inc_y_r = 1.000000, inc_x_i = 1.000000, inc_y_i = 1.000000
En el else......

----------------------------------------
x = 6.000000, y = 206.000000
avance = -489.000000, avanceR = 2.000000, avanceI = 2.000000
inc_x_r = 0.000000, inc_y_r = 1.000000, inc_x_i = 1.000000, inc_y_i = 1.000000
En el else......

----------------------------------------
x = 6.000000, y = 207.000000
avance = -487.000000, avanceR = 2.000000, avanceI = 2.000000
inc_x_r = 0.000000, inc_y_r = 1.000000, inc_x_i = 1.000000, inc_y_i = 1.000000
En el else......

----------------------------------------
x = 6.000000, y = 208.000000
avance = -485.000000, avanceR = 2.000000, avanceI = 2.000000
inc_x_r = 0.000000, inc_y_r = 1.000000, inc_x_i = 1.000000, inc_y_i = 1.000000
En el else......

----------------------------------------
x = 6.000000, y = 209.000000
avance = -483.000000, avanceR = 2.000000, avanceI = 2.000000
inc_x_r = 0.000000, inc_y_r = 1.000000, inc_x_i = 1.000000, inc_y_i = 1.000000
En el else......

----------------------------------------
x = 6.000000, y = 210.000000
avance = -481.000000, avanceR = 2.000000, avanceI = 2.000000
inc_x_r = 0.000000, inc_y_r = 1.000000, inc_x_i = 1.000000, inc_y_i = 1.000000
En el else......

----------------------------------------
x = 6.000000, y = 211.000000
avance = -479.000000, avanceR = 2.000000, avanceI = 2.000000
inc_x_r = 0.000000, inc_y_r = 1.000000, inc_x_i = 1.000000, inc_y_i = 1.000000
En el else......

----------------------------------------
x = 6.000000, y = 212.000000
avance = -477.000000, avanceR = 2.000000, avanceI = 2.000000
inc_x_r = 0.000000, inc_y_r = 1.000000, inc_x_i = 1.000000, inc_y_i = 1.000000
En el else......

----------------------------------------
x = 6.000000, y = 213.000000
avance = -475.000000, avanceR = 2.000000, avanceI = 2.000000
inc_x_r = 0.000000, inc_y_r = 1.000000, inc_x_i = 1.000000, inc_y_i = 1.000000
En el else......

----------------------------------------
x = 6.000000, y = 214.000000
avance = -473.000000, avanceR = 2.000000, avanceI = 2.000000
inc_x_r = 0.000000, inc_y_r = 1.000000, inc_x_i = 1.000000, inc_y_i = 1.000000
En el else......

----------------------------------------
x = 6.000000, y = 215.000000
avance = -471.000000, avanceR = 2.000000, avanceI = 2.000000
inc_x_r = 0.000000, inc_y_r = 1.000000, inc_x_i = 1.000000, inc_y_i = 1.000000
En el else......

----------------------------------------
x = 6.000000, y = 216.000000
avance = -469.000000, avanceR = 2.000000, avanceI = 2.000000
inc_x_r = 0.000000, inc_y_r = 1.000000, inc_x_i = 1.000000, inc_y_i = 1.000000
En el else......

----------------------------------------
x = 6.000000, y = 217.000000
avance = -467.000000, avanceR = 2.000000, avanceI = 2.000000
inc_x_r = 0.000000, inc_y_r = 1.000000, inc_x_i = 1.000000, inc_y_i = 1.000000
En el else......

----------------------------------------
x = 6.000000, y = 218.000000
avance = -465.000000, avanceR = 2.000000, avanceI = 2.000000
inc_x_r = 0.000000, inc_y_r = 1.000000, inc_x_i = 1.000000, inc_y_i = 1.000000
En el else......

----------------------------------------
x = 6.000000, y = 219.000000
avance = -463.000000, avanceR = 2.000000, avanceI = 2.000000
inc_x_r = 0.000000, inc_y_r = 1.000000, inc_x_i = 1.000000, inc_y_i = 1.000000
En el else......

----------------------------------------
x = 6.000000, y = 220.000000
avance = -461.000000, avanceR = 2.000000, avanceI = 2.000000
inc_x_r = 0.000000, inc_y_r = 1.000000, inc_x_i = 1.000000, inc_y_i = 1.000000
En el else......

----------------------------------------
x = 6.000000, y = 221.000000
avance = -459.000000, avanceR = 2.000000, avanceI = 2.000000
inc_x_r = 0.000000, inc_y_r = 1.000000, inc_x_i = 1.000000, inc_y_i = 1.000000
En el else......

----------------------------------------
x = 6.000000, y = 222.000000
avance = -457.000000, avanceR = 2.000000, avanceI = 2.000000
inc_x_r = 0.000000, inc_y_r = 1.000000, inc_x_i = 1.000000, inc_y_i = 1.000000
En el else......

----------------------------------------
x = 6.000000, y = 223.000000
avance = -455.000000, avanceR = 2.000000, avanceI = 2.000000
inc_x_r = 0.000000, inc_y_r = 1.000000, inc_x_i = 1.000000, inc_y_i = 1.000000
En el else......

----------------------------------------
x = 6.000000, y = 224.000000
avance = -453.000000, avanceR = 2.000000, avanceI = 2.000000
inc_x_r = 0.000000, inc_y_r = 1.000000, inc_x_i = 1.000000, inc_y_i = 1.000000
En el else......

----------------------------------------
x = 6.000000, y = 225.000000
avance = -451.000000, avanceR = 2.000000, avanceI = 2.000000
inc_x_r = 0.000000, inc_y_r = 1.000000, inc_x_i = 1.000000, inc_y_i = 1.000000
En el else......

----------------------------------------
x = 6.000000, y = 226.000000
avance = -449.000000, avanceR = 2.000000, avanceI = 2.000000
inc_x_r = 0.000000, inc_y_r = 1.000000, inc_x_i = 1.000000, inc_y_i = 1.000000
En el else......

----------------------------------------
x = 6.000000, y = 227.000000
avance = -447.000000, avanceR = 2.000000, avanceI = 2.000000
inc_x_r = 0.000000, inc_y_r = 1.000000, inc_x_i = 1.000000, inc_y_i = 1.000000
En el else......

----------------------------------------
x = 6.000000, y = 228.000000
avance = -445.000000, avanceR = 2.000000, avanceI = 2.000000
inc_x_r = 0.000000, inc_y_r = 1.000000, inc_x_i = 1.000000, inc_y_i = 1.000000
En el else......

----------------------------------------
x = 6.000000, y = 229.000000
avance = -443.000000, avanceR = 2.000000, avanceI = 2.000000
inc_x_r = 0.000000, inc_y_r = 1.000000, inc_x_i = 1.000000, inc_y_i = 1.000000
En el else......

----------------------------------------
x = 6.000000, y = 230.000000
avance = -441.000000, avanceR = 2.000000, avanceI = 2.000000
inc_x_r = 0.000000, inc_y_r = 1.000000, inc_x_i = 1.000000, inc_y_i = 1.000000
En el else......

----------------------------------------
x = 6.000000, y = 231.000000
avance = -439.000000, avanceR = 2.000000, avanceI = 2.000000
inc_x_r = 0.000000, inc_y_r = 1.000000, inc_x_i = 1.000000, inc_y_i = 1.000000
En el else......

----------------------------------------
x = 6.000000, y = 232.000000
avance = -437.000000, avanceR = 2.000000, avanceI = 2.000000
inc_x_r = 0.000000, inc_y_r = 1.000000, inc_x_i = 1.000000, inc_y_i = 1.000000
En el else......

----------------------------------------
x = 6.000000, y = 233.000000
avance = -435.000000, avanceR = 2.000000, avanceI = 2.000000
inc_x_r = 0.000000, inc_y_r = 1.000000, inc_x_i = 1.000000, inc_y_i = 1.000000
En el else......

----------------------------------------
x = 6.000000, y = 234.000000
avance = -433.000000, avanceR = 2.000000, avanceI = 2.000000
inc_x_r = 0.000000, inc_y_r = 1.000000, inc_x_i = 1.000000, inc_y_i = 1.000000
En el else......

----------------------------------------
x = 6.000000, y = 235.000000
avance = -431.000000, avanceR = 2.000000, avanceI = 2.000000
inc_x_r = 0.000000, inc_y_r = 1.000000, inc_x_i = 1.000000, inc_y_i = 1.000000
En el else......

----------------------------------------
x = 6.000000, y = 236.000000
avance = -429.000000, avanceR = 2.000000, avanceI = 2.000000
inc_x_r = 0.000000, inc_y_r = 1.000000, inc_x_i = 1.000000, inc_y_i = 1.000000
En el else......

----------------------------------------
x = 6.000000, y = 237.000000
avance = -427.000000, avanceR = 2.000000, avanceI = 2.000000
inc_x_r = 0.000000, inc_y_r = 1.000000, inc_x_i = 1.000000, inc_y_i = 1.000000
En el else......

----------------------------------------
x = 6.000000, y = 238.000000
avance = -425.000000, avanceR = 2.000000, avanceI = 2.000000
inc_x_r = 0.000000, inc_y_r = 1.000000, inc_x_i = 1.000000, inc_y_i = 1.000000
En el else......

----------------------------------------
x = 6.000000, y = 239.000000
avance = -423.000000, avanceR = 2.000000, avanceI = 2.000000
inc_x_r = 0.000000, inc_y_r = 1.000000, inc_x_i = 1.000000, inc_y_i = 1.000000
En el else......

----------------------------------------
x = 6.000000, y = 240.000000
avance = -421.000000, avanceR = 2.000000, avanceI = 2.000000
inc_x_r = 0.000000, inc_y_r = 1.000000, inc_x_i = 1.000000, inc_y_i = 1.000000
En el else......

----------------------------------------
x = 6.000000, y = 241.000000
avance = -419.000000, avanceR = 2.000000, avanceI = 2.000000
inc_x_r = 0.000000, inc_y_r = 1.000000, inc_x_i = 1.000000, inc_y_i = 1.000000
En el else......

----------------------------------------
x = 6.000000, y = 242.000000
avance = -417.000000, avanceR = 2.000000, avanceI = 2.000000
inc_x_r = 0.000000, inc_y_r = 1.000000, inc_x_i = 1.000000, inc_y_i = 1.000000
En el else......

----------------------------------------
x = 6.000000, y = 243.000000
avance = -415.000000, avanceR = 2.000000, avanceI = 2.000000
inc_x_r = 0.000000, inc_y_r = 1.000000, inc_x_i = 1.000000, inc_y_i = 1.000000
En el else......

----------------------------------------
x = 6.000000, y = 244.000000
avance = -413.000000, avanceR = 2.000000, avanceI = 2.000000
inc_x_r = 0.000000, inc_y_r = 1.000000, inc_x_i = 1.000000, inc_y_i = 1.000000
En el else......

----------------------------------------
x = 6.000000, y = 245.000000
avance = -411.000000, avanceR = 2.000000, avanceI = 2.000000
inc_x_r = 0.000000, inc_y_r = 1.000000, inc_x_i = 1.000000, inc_y_i = 1.000000
En el else......

----------------------------------------
x = 6.000000, y = 246.000000
avance = -409.000000, avanceR = 2.000000, avanceI = 2.000000
inc_x_r = 0.000000, inc_y_r = 1.000000, inc_x_i = 1.000000, inc_y_i = 1.000000
En el else......

----------------------------------------
x = 6.000000, y = 247.000000
avance = -407.000000, avanceR = 2.000000, avanceI = 2.000000
inc_x_r = 0.000000, inc_y_r = 1.000000, inc_x_i = 1.000000, inc_y_i = 1.000000
En el else......

----------------------------------------
x = 6.000000, y = 248.000000
avance = -405.000000, avanceR = 2.000000, avanceI = 2.000000
inc_x_r = 0.000000, inc_y_r = 1.000000, inc_x_i = 1.000000, inc_y_i = 1.000000
En el else......

----------------------------------------
x = 6.000000, y = 249.000000
avance = -403.000000, avanceR = 2.000000, avanceI = 2.000000
inc_x_r = 0.000000, inc_y_r = 1.000000, inc_x_i = 1.000000, inc_y_i = 1.000000
En el else......

----------------------------------------
x = 6.000000, y = 250.000000
avance = -401.000000, avanceR = 2.000000, avanceI = 2.000000
inc_x_r = 0.000000, inc_y_r = 1.000000, inc_x_i = 1.000000, inc_y_i = 1.000000
En el else......

----------------------------------------
x = 6.000000, y = 251.000000
avance = -399.000000, avanceR = 2.000000, avanceI = 2.000000
inc_x_r = 0.000000, inc_y_r = 1.000000, inc_x_i = 1.000000, inc_y_i = 1.000000
En el else......

----------------------------------------
x = 6.000000, y = 252.000000
avance = -397.000000, avanceR = 2.000000, avanceI = 2.000000
inc_x_r = 0.000000, inc_y_r = 1.000000, inc_x_i = 1.000000, inc_y_i = 1.000000
En el else......

----------------------------------------
x = 6.000000, y = 253.000000
avance = -395.000000, avanceR = 2.000000, avanceI = 2.000000
inc_x_r = 0.000000, inc_y_r = 1.000000, inc_x_i = 1.000000, inc_y_i = 1.000000
En el else......

----------------------------------------
x = 6.000000, y = 254.000000
avance = -393.000000, avanceR = 2.000000, avanceI = 2.000000
inc_x_r = 0.000000, inc_y_r = 1.000000, inc_x_i = 1.000000, inc_y_i = 1.000000
En el else......

----------------------------------------
x = 6.000000, y = 255.000000
avance = -391.000000, avanceR = 2.000000, avanceI = 2.000000
inc_x_r = 0.000000, inc_y_r = 1.000000, inc_x_i = 1.000000, inc_y_i = 1.000000
En el else......

----------------------------------------
x = 6.000000, y = 256.000000
avance = -389.000000, avanceR = 2.000000, avanceI = 2.000000
inc_x_r = 0.000000, inc_y_r = 1.000000, inc_x_i = 1.000000, inc_y_i = 1.000000
En el else......

----------------------------------------
x = 6.000000, y = 257.000000
avance = -387.000000, avanceR = 2.000000, avanceI = 2.000000
inc_x_r = 0.000000, inc_y_r = 1.000000, inc_x_i = 1.000000, inc_y_i = 1.000000
En el else......

----------------------------------------
x = 6.000000, y = 258.000000
avance = -385.000000, avanceR = 2.000000, avanceI = 2.000000
inc_x_r = 0.000000, inc_y_r = 1.000000, inc_x_i = 1.000000, inc_y_i = 1.000000
En el else......

----------------------------------------
x = 6.000000, y = 259.000000
avance = -383.000000, avanceR = 2.000000, avanceI = 2.000000
inc_x_r = 0.000000, inc_y_r = 1.000000, inc_x_i = 1.000000, inc_y_i = 1.000000
En el else......

----------------------------------------
x = 6.000000, y = 260.000000
avance = -381.000000, avanceR = 2.000000, avanceI = 2.000000
inc_x_r = 0.000000, inc_y_r = 1.000000, inc_x_i = 1.000000, inc_y_i = 1.000000
En el else......

----------------------------------------
x = 6.000000, y = 261.000000
avance = -379.000000, avanceR = 2.000000, avanceI = 2.000000
inc_x_r = 0.000000, inc_y_r = 1.000000, inc_x_i = 1.000000, inc_y_i = 1.000000
En el else......

----------------------------------------
x = 6.000000, y = 262.000000
avance = -377.000000, avanceR = 2.000000, avanceI = 2.000000
inc_x_r = 0.000000, inc_y_r = 1.000000, inc_x_i = 1.000000, inc_y_i = 1.000000
En el else......

----------------------------------------
x = 6.000000, y = 263.000000
avance = -375.000000, avanceR = 2.000000, avanceI = 2.000000
inc_x_r = 0.000000, inc_y_r = 1.000000, inc_x_i = 1.000000, inc_y_i = 1.000000
En el else......

----------------------------------------
x = 6.000000, y = 264.000000
avance = -373.000000, avanceR = 2.000000, avanceI = 2.000000
inc_x_r = 0.000000, inc_y_r = 1.000000, inc_x_i = 1.000000, inc_y_i = 1.000000
En el else......

----------------------------------------
x = 6.000000, y = 265.000000
avance = -371.000000, avanceR = 2.000000, avanceI = 2.000000
inc_x_r = 0.000000, inc_y_r = 1.000000, inc_x_i = 1.000000, inc_y_i = 1.000000
En el else......

----------------------------------------
x = 6.000000, y = 266.000000
avance = -369.000000, avanceR = 2.000000, avanceI = 2.000000
inc_x_r = 0.000000, inc_y_r = 1.000000, inc_x_i = 1.000000, inc_y_i = 1.000000
En el else......

----------------------------------------
x = 6.000000, y = 267.000000
avance = -367.000000, avanceR = 2.000000, avanceI = 2.000000
inc_x_r = 0.000000, inc_y_r = 1.000000, inc_x_i = 1.000000, inc_y_i = 1.000000
En el else......

----------------------------------------
x = 6.000000, y = 268.000000
avance = -365.000000, avanceR = 2.000000, avanceI = 2.000000
inc_x_r = 0.000000, inc_y_r = 1.000000, inc_x_i = 1.000000, inc_y_i = 1.000000
En el else......

----------------------------------------
x = 6.000000, y = 269.000000
avance = -363.000000, avanceR = 2.000000, avanceI = 2.000000
inc_x_r = 0.000000, inc_y_r = 1.000000, inc_x_i = 1.000000, inc_y_i = 1.000000
En el else......

----------------------------------------
x = 6.000000, y = 270.000000
avance = -361.000000, avanceR = 2.000000, avanceI = 2.000000
inc_x_r = 0.000000, inc_y_r = 1.000000, inc_x_i = 1.000000, inc_y_i = 1.000000
En el else......

----------------------------------------
x = 6.000000, y = 271.000000
avance = -359.000000, avanceR = 2.000000, avanceI = 2.000000
inc_x_r = 0.000000, inc_y_r = 1.000000, inc_x_i = 1.000000, inc_y_i = 1.000000
En el else......

----------------------------------------
x = 6.000000, y = 272.000000
avance = -357.000000, avanceR = 2.000000, avanceI = 2.000000
inc_x_r = 0.000000, inc_y_r = 1.000000, inc_x_i = 1.000000, inc_y_i = 1.000000
En el else......

----------------------------------------
x = 6.000000, y = 273.000000
avance = -355.000000, avanceR = 2.000000, avanceI = 2.000000
inc_x_r = 0.000000, inc_y_r = 1.000000, inc_x_i = 1.000000, inc_y_i = 1.000000
En el else......

----------------------------------------
x = 6.000000, y = 274.000000
avance = -353.000000, avanceR = 2.000000, avanceI = 2.000000
inc_x_r = 0.000000, inc_y_r = 1.000000, inc_x_i = 1.000000, inc_y_i = 1.000000
En el else......

----------------------------------------
x = 6.000000, y = 275.000000
avance = -351.000000, avanceR = 2.000000, avanceI = 2.000000
inc_x_r = 0.000000, inc_y_r = 1.000000, inc_x_i = 1.000000, inc_y_i = 1.000000
En el else......

----------------------------------------
x = 6.000000, y = 276.000000
avance = -349.000000, avanceR = 2.000000, avanceI = 2.000000
inc_x_r = 0.000000, inc_y_r = 1.000000, inc_x_i = 1.000000, inc_y_i = 1.000000
En el else......

----------------------------------------
x = 6.000000, y = 277.000000
avance = -347.000000, avanceR = 2.000000, avanceI = 2.000000
inc_x_r = 0.000000, inc_y_r = 1.000000, inc_x_i = 1.000000, inc_y_i = 1.000000
En el else......

----------------------------------------
x = 6.000000, y = 278.000000
avance = -345.000000, avanceR = 2.000000, avanceI = 2.000000
inc_x_r = 0.000000, inc_y_r = 1.000000, inc_x_i = 1.000000, inc_y_i = 1.000000
En el else......

----------------------------------------
x = 6.000000, y = 279.000000
avance = -343.000000, avanceR = 2.000000, avanceI = 2.000000
inc_x_r = 0.000000, inc_y_r = 1.000000, inc_x_i = 1.000000, inc_y_i = 1.000000
En el else......

----------------------------------------
x = 6.000000, y = 280.000000
avance = -341.000000, avanceR = 2.000000, avanceI = 2.000000
inc_x_r = 0.000000, inc_y_r = 1.000000, inc_x_i = 1.000000, inc_y_i = 1.000000
En el else......

----------------------------------------
x = 6.000000, y = 281.000000
avance = -339.000000, avanceR = 2.000000, avanceI = 2.000000
inc_x_r = 0.000000, inc_y_r = 1.000000, inc_x_i = 1.000000, inc_y_i = 1.000000
En el else......

----------------------------------------
x = 6.000000, y = 282.000000
avance = -337.000000, avanceR = 2.000000, avanceI = 2.000000
inc_x_r = 0.000000, inc_y_r = 1.000000, inc_x_i = 1.000000, inc_y_i = 1.000000
En el else......

----------------------------------------
x = 6.000000, y = 283.000000
avance = -335.000000, avanceR = 2.000000, avanceI = 2.000000
inc_x_r = 0.000000, inc_y_r = 1.000000, inc_x_i = 1.000000, inc_y_i = 1.000000
En el else......

----------------------------------------
x = 6.000000, y = 284.000000
avance = -333.000000, avanceR = 2.000000, avanceI = 2.000000
inc_x_r = 0.000000, inc_y_r = 1.000000, inc_x_i = 1.000000, inc_y_i = 1.000000
En el else......

----------------------------------------
x = 6.000000, y = 285.000000
avance = -331.000000, avanceR = 2.000000, avanceI = 2.000000
inc_x_r = 0.000000, inc_y_r = 1.000000, inc_x_i = 1.000000, inc_y_i = 1.000000
En el else......

----------------------------------------
x = 6.000000, y = 286.000000
avance = -329.000000, avanceR = 2.000000, avanceI = 2.000000
inc_x_r = 0.000000, inc_y_r = 1.000000, inc_x_i = 1.000000, inc_y_i = 1.000000
En el else......

----------------------------------------
x = 6.000000, y = 287.000000
avance = -327.000000, avanceR = 2.000000, avanceI = 2.000000
inc_x_r = 0.000000, inc_y_r = 1.000000, inc_x_i = 1.000000, inc_y_i = 1.000000
En el else......

----------------------------------------
x = 6.000000, y = 288.000000
avance = -325.000000, avanceR = 2.000000, avanceI = 2.000000
inc_x_r = 0.000000, inc_y_r = 1.000000, inc_x_i = 1.000000, inc_y_i = 1.000000
En el else......

----------------------------------------
x = 6.000000, y = 289.000000
avance = -323.000000, avanceR = 2.000000, avanceI = 2.000000
inc_x_r = 0.000000, inc_y_r = 1.000000, inc_x_i = 1.000000, inc_y_i = 1.000000
En el else......

----------------------------------------
x = 6.000000, y = 290.000000
avance = -321.000000, avanceR = 2.000000, avanceI = 2.000000
inc_x_r = 0.000000, inc_y_r = 1.000000, inc_x_i = 1.000000, inc_y_i = 1.000000
En el else......

----------------------------------------
x = 6.000000, y = 291.000000
avance = -319.000000, avanceR = 2.000000, avanceI = 2.000000
inc_x_r = 0.000000, inc_y_r = 1.000000, inc_x_i = 1.000000, inc_y_i = 1.000000
En el else......

----------------------------------------
x = 6.000000, y = 292.000000
avance = -317.000000, avanceR = 2.000000, avanceI = 2.000000
inc_x_r = 0.000000, inc_y_r = 1.000000, inc_x_i = 1.000000, inc_y_i = 1.000000
En el else......

----------------------------------------
x = 6.000000, y = 293.000000
avance = -315.000000, avanceR = 2.000000, avanceI = 2.000000
inc_x_r = 0.000000, inc_y_r = 1.000000, inc_x_i = 1.000000, inc_y_i = 1.000000
En el else......

----------------------------------------
x = 6.000000, y = 294.000000
avance = -313.000000, avanceR = 2.000000, avanceI = 2.000000
inc_x_r = 0.000000, inc_y_r = 1.000000, inc_x_i = 1.000000, inc_y_i = 1.000000
En el else......

----------------------------------------
x = 6.000000, y = 295.000000
avance = -311.000000, avanceR = 2.000000, avanceI = 2.000000
inc_x_r = 0.000000, inc_y_r = 1.000000, inc_x_i = 1.000000, inc_y_i = 1.000000
En el else......

----------------------------------------
x = 6.000000, y = 296.000000
avance = -309.000000, avanceR = 2.000000, avanceI = 2.000000
inc_x_r = 0.000000, inc_y_r = 1.000000, inc_x_i = 1.000000, inc_y_i = 1.000000
En el else......

----------------------------------------
x = 6.000000, y = 297.000000
avance = -307.000000, avanceR = 2.000000, avanceI = 2.000000
inc_x_r = 0.000000, inc_y_r = 1.000000, inc_x_i = 1.000000, inc_y_i = 1.000000
En el else......

----------------------------------------
x = 6.000000, y = 298.000000
avance = -305.000000, avanceR = 2.000000, avanceI = 2.000000
inc_x_r = 0.000000, inc_y_r = 1.000000, inc_x_i = 1.000000, inc_y_i = 1.000000
En el else......

----------------------------------------
x = 6.000000, y = 299.000000
avance = -303.000000, avanceR = 2.000000, avanceI = 2.000000
inc_x_r = 0.000000, inc_y_r = 1.000000, inc_x_i = 1.000000, inc_y_i = 1.000000
En el else......

----------------------------------------
x = 6.000000, y = 300.000000
avance = -301.000000, avanceR = 2.000000, avanceI = 2.000000
inc_x_r = 0.000000, inc_y_r = 1.000000, inc_x_i = 1.000000, inc_y_i = 1.000000
En el else......

----------------------------------------
x = 6.000000, y = 301.000000
avance = -299.000000, avanceR = 2.000000, avanceI = 2.000000
inc_x_r = 0.000000, inc_y_r = 1.000000, inc_x_i = 1.000000, inc_y_i = 1.000000
En el else......

----------------------------------------
x = 6.000000, y = 302.000000
avance = -297.000000, avanceR = 2.000000, avanceI = 2.000000
inc_x_r = 0.000000, inc_y_r = 1.000000, inc_x_i = 1.000000, inc_y_i = 1.000000
En el else......

----------------------------------------
x = 6.000000, y = 303.000000
avance = -295.000000, avanceR = 2.000000, avanceI = 2.000000
inc_x_r = 0.000000, inc_y_r = 1.000000, inc_x_i = 1.000000, inc_y_i = 1.000000
En el else......

----------------------------------------
x = 6.000000, y = 304.000000
avance = -293.000000, avanceR = 2.000000, avanceI = 2.000000
inc_x_r = 0.000000, inc_y_r = 1.000000, inc_x_i = 1.000000, inc_y_i = 1.000000
En el else......

----------------------------------------
x = 6.000000, y = 305.000000
avance = -291.000000, avanceR = 2.000000, avanceI = 2.000000
inc_x_r = 0.000000, inc_y_r = 1.000000, inc_x_i = 1.000000, inc_y_i = 1.000000
En el else......

----------------------------------------
x = 6.000000, y = 306.000000
avance = -289.000000, avanceR = 2.000000, avanceI = 2.000000
inc_x_r = 0.000000, inc_y_r = 1.000000, inc_x_i = 1.000000, inc_y_i = 1.000000
En el else......

----------------------------------------
x = 6.000000, y = 307.000000
avance = -287.000000, avanceR = 2.000000, avanceI = 2.000000
inc_x_r = 0.000000, inc_y_r = 1.000000, inc_x_i = 1.000000, inc_y_i = 1.000000
En el else......

----------------------------------------
x = 6.000000, y = 308.000000
avance = -285.000000, avanceR = 2.000000, avanceI = 2.000000
inc_x_r = 0.000000, inc_y_r = 1.000000, inc_x_i = 1.000000, inc_y_i = 1.000000
En el else......

----------------------------------------
x = 6.000000, y = 309.000000
avance = -283.000000, avanceR = 2.000000, avanceI = 2.000000
inc_x_r = 0.000000, inc_y_r = 1.000000, inc_x_i = 1.000000, inc_y_i = 1.000000
En el else......

----------------------------------------
x = 6.000000, y = 310.000000
avance = -281.000000, avanceR = 2.000000, avanceI = 2.000000
inc_x_r = 0.000000, inc_y_r = 1.000000, inc_x_i = 1.000000, inc_y_i = 1.000000
En el else......

----------------------------------------
x = 6.000000, y = 311.000000
avance = -279.000000, avanceR = 2.000000, avanceI = 2.000000
inc_x_r = 0.000000, inc_y_r = 1.000000, inc_x_i = 1.000000, inc_y_i = 1.000000
En el else......

----------------------------------------
x = 6.000000, y = 312.000000
avance = -277.000000, avanceR = 2.000000, avanceI = 2.000000
inc_x_r = 0.000000, inc_y_r = 1.000000, inc_x_i = 1.000000, inc_y_i = 1.000000
En el else......

----------------------------------------
x = 6.000000, y = 313.000000
avance = -275.000000, avanceR = 2.000000, avanceI = 2.000000
inc_x_r = 0.000000, inc_y_r = 1.000000, inc_x_i = 1.000000, inc_y_i = 1.000000
En el else......

----------------------------------------
x = 6.000000, y = 314.000000
avance = -273.000000, avanceR = 2.000000, avanceI = 2.000000
inc_x_r = 0.000000, inc_y_r = 1.000000, inc_x_i = 1.000000, inc_y_i = 1.000000
En el else......

----------------------------------------
x = 6.000000, y = 315.000000
avance = -271.000000, avanceR = 2.000000, avanceI = 2.000000
inc_x_r = 0.000000, inc_y_r = 1.000000, inc_x_i = 1.000000, inc_y_i = 1.000000
En el else......

----------------------------------------
x = 6.000000, y = 316.000000
avance = -269.000000, avanceR = 2.000000, avanceI = 2.000000
inc_x_r = 0.000000, inc_y_r = 1.000000, inc_x_i = 1.000000, inc_y_i = 1.000000
En el else......

----------------------------------------
x = 6.000000, y = 317.000000
avance = -267.000000, avanceR = 2.000000, avanceI = 2.000000
inc_x_r = 0.000000, inc_y_r = 1.000000, inc_x_i = 1.000000, inc_y_i = 1.000000
En el else......

----------------------------------------
x = 6.000000, y = 318.000000
avance = -265.000000, avanceR = 2.000000, avanceI = 2.000000
inc_x_r = 0.000000, inc_y_r = 1.000000, inc_x_i = 1.000000, inc_y_i = 1.000000
En el else......

----------------------------------------
x = 6.000000, y = 319.000000
avance = -263.000000, avanceR = 2.000000, avanceI = 2.000000
inc_x_r = 0.000000, inc_y_r = 1.000000, inc_x_i = 1.000000, inc_y_i = 1.000000
En el else......

----------------------------------------
x = 6.000000, y = 320.000000
avance = -261.000000, avanceR = 2.000000, avanceI = 2.000000
inc_x_r = 0.000000, inc_y_r = 1.000000, inc_x_i = 1.000000, inc_y_i = 1.000000
En el else......

----------------------------------------
x = 6.000000, y = 321.000000
avance = -259.000000, avanceR = 2.000000, avanceI = 2.000000
inc_x_r = 0.000000, inc_y_r = 1.000000, inc_x_i = 1.000000, inc_y_i = 1.000000
En el else......

----------------------------------------
x = 6.000000, y = 322.000000
avance = -257.000000, avanceR = 2.000000, avanceI = 2.000000
inc_x_r = 0.000000, inc_y_r = 1.000000, inc_x_i = 1.000000, inc_y_i = 1.000000
En el else......

----------------------------------------
x = 6.000000, y = 323.000000
avance = -255.000000, avanceR = 2.000000, avanceI = 2.000000
inc_x_r = 0.000000, inc_y_r = 1.000000, inc_x_i = 1.000000, inc_y_i = 1.000000
En el else......

----------------------------------------
x = 6.000000, y = 324.000000
avance = -253.000000, avanceR = 2.000000, avanceI = 2.000000
inc_x_r = 0.000000, inc_y_r = 1.000000, inc_x_i = 1.000000, inc_y_i = 1.000000
En el else......

----------------------------------------
x = 6.000000, y = 325.000000
avance = -251.000000, avanceR = 2.000000, avanceI = 2.000000
inc_x_r = 0.000000, inc_y_r = 1.000000, inc_x_i = 1.000000, inc_y_i = 1.000000
En el else......

----------------------------------------


ENTRAMOS A BRESENHAMªªªª
x1 = 5.000000 - y1 = 75.000000 || x2 = 6.000000 - y2 = 326.000000
dy = 251.000000, dx = 1.000000
avances inclinados: inc_x_i = 1.000000, inc_y_i = 1.000000
updated: dy = 251.000000, dx = 1.000000
avances rectos: inc_x_r = 0.000000, inc_y_r 1.000000
reupdated: dy = 1.000000, dx = 251.000000
avanceR = 2.000000, avance -249.000000, avanceI 2.000000
----------------------------------------
x = 5.000000, y = 75.000000
avance = -249.000000, avanceR = 2.000000, avanceI = 2.000000
inc_x_r = 0.000000, inc_y_r = 1.000000, inc_x_i = 1.000000, inc_y_i = 1.000000
En el else......

----------------------------------------
x = 5.000000, y = 76.000000
avance = -247.000000, avanceR = 2.000000, avanceI = 2.000000
inc_x_r = 0.000000, inc_y_r = 1.000000, inc_x_i = 1.000000, inc_y_i = 1.000000
En el else......

----------------------------------------
x = 5.000000, y = 77.000000
avance = -245.000000, avanceR = 2.000000, avanceI = 2.000000
inc_x_r = 0.000000, inc_y_r = 1.000000, inc_x_i = 1.000000, inc_y_i = 1.000000
En el else......

----------------------------------------
x = 5.000000, y = 78.000000
avance = -243.000000, avanceR = 2.000000, avanceI = 2.000000
inc_x_r = 0.000000, inc_y_r = 1.000000, inc_x_i = 1.000000, inc_y_i = 1.000000
En el else......

----------------------------------------
x = 5.000000, y = 79.000000
avance = -241.000000, avanceR = 2.000000, avanceI = 2.000000
inc_x_r = 0.000000, inc_y_r = 1.000000, inc_x_i = 1.000000, inc_y_i = 1.000000
En el else......

----------------------------------------
x = 5.000000, y = 80.000000
avance = -239.000000, avanceR = 2.000000, avanceI = 2.000000
inc_x_r = 0.000000, inc_y_r = 1.000000, inc_x_i = 1.000000, inc_y_i = 1.000000
En el else......

----------------------------------------
x = 5.000000, y = 81.000000
avance = -237.000000, avanceR = 2.000000, avanceI = 2.000000
inc_x_r = 0.000000, inc_y_r = 1.000000, inc_x_i = 1.000000, inc_y_i = 1.000000
En el else......

----------------------------------------
x = 5.000000, y = 82.000000
avance = -235.000000, avanceR = 2.000000, avanceI = 2.000000
inc_x_r = 0.000000, inc_y_r = 1.000000, inc_x_i = 1.000000, inc_y_i = 1.000000
En el else......

----------------------------------------
x = 5.000000, y = 83.000000
avance = -233.000000, avanceR = 2.000000, avanceI = 2.000000
inc_x_r = 0.000000, inc_y_r = 1.000000, inc_x_i = 1.000000, inc_y_i = 1.000000
En el else......

----------------------------------------
x = 5.000000, y = 84.000000
avance = -231.000000, avanceR = 2.000000, avanceI = 2.000000
inc_x_r = 0.000000, inc_y_r = 1.000000, inc_x_i = 1.000000, inc_y_i = 1.000000
En el else......

----------------------------------------
x = 5.000000, y = 85.000000
avance = -229.000000, avanceR = 2.000000, avanceI = 2.000000
inc_x_r = 0.000000, inc_y_r = 1.000000, inc_x_i = 1.000000, inc_y_i = 1.000000
En el else......

----------------------------------------
x = 5.000000, y = 86.000000
avance = -227.000000, avanceR = 2.000000, avanceI = 2.000000
inc_x_r = 0.000000, inc_y_r = 1.000000, inc_x_i = 1.000000, inc_y_i = 1.000000
En el else......

----------------------------------------
x = 5.000000, y = 87.000000
avance = -225.000000, avanceR = 2.000000, avanceI = 2.000000
inc_x_r = 0.000000, inc_y_r = 1.000000, inc_x_i = 1.000000, inc_y_i = 1.000000
En el else......

----------------------------------------
x = 5.000000, y = 88.000000
avance = -223.000000, avanceR = 2.000000, avanceI = 2.000000
inc_x_r = 0.000000, inc_y_r = 1.000000, inc_x_i = 1.000000, inc_y_i = 1.000000
En el else......

----------------------------------------
x = 5.000000, y = 89.000000
avance = -221.000000, avanceR = 2.000000, avanceI = 2.000000
inc_x_r = 0.000000, inc_y_r = 1.000000, inc_x_i = 1.000000, inc_y_i = 1.000000
En el else......

----------------------------------------
x = 5.000000, y = 90.000000
avance = -219.000000, avanceR = 2.000000, avanceI = 2.000000
inc_x_r = 0.000000, inc_y_r = 1.000000, inc_x_i = 1.000000, inc_y_i = 1.000000
En el else......

----------------------------------------
x = 5.000000, y = 91.000000
avance = -217.000000, avanceR = 2.000000, avanceI = 2.000000
inc_x_r = 0.000000, inc_y_r = 1.000000, inc_x_i = 1.000000, inc_y_i = 1.000000
En el else......

----------------------------------------
x = 5.000000, y = 92.000000
avance = -215.000000, avanceR = 2.000000, avanceI = 2.000000
inc_x_r = 0.000000, inc_y_r = 1.000000, inc_x_i = 1.000000, inc_y_i = 1.000000
En el else......

----------------------------------------
x = 5.000000, y = 93.000000
avance = -213.000000, avanceR = 2.000000, avanceI = 2.000000
inc_x_r = 0.000000, inc_y_r = 1.000000, inc_x_i = 1.000000, inc_y_i = 1.000000
En el else......

----------------------------------------
x = 5.000000, y = 94.000000
avance = -211.000000, avanceR = 2.000000, avanceI = 2.000000
inc_x_r = 0.000000, inc_y_r = 1.000000, inc_x_i = 1.000000, inc_y_i = 1.000000
En el else......

----------------------------------------
x = 5.000000, y = 95.000000
avance = -209.000000, avanceR = 2.000000, avanceI = 2.000000
inc_x_r = 0.000000, inc_y_r = 1.000000, inc_x_i = 1.000000, inc_y_i = 1.000000
En el else......

----------------------------------------
x = 5.000000, y = 96.000000
avance = -207.000000, avanceR = 2.000000, avanceI = 2.000000
inc_x_r = 0.000000, inc_y_r = 1.000000, inc_x_i = 1.000000, inc_y_i = 1.000000
En el else......

----------------------------------------
x = 5.000000, y = 97.000000
avance = -205.000000, avanceR = 2.000000, avanceI = 2.000000
inc_x_r = 0.000000, inc_y_r = 1.000000, inc_x_i = 1.000000, inc_y_i = 1.000000
En el else......

----------------------------------------
x = 5.000000, y = 98.000000
avance = -203.000000, avanceR = 2.000000, avanceI = 2.000000
inc_x_r = 0.000000, inc_y_r = 1.000000, inc_x_i = 1.000000, inc_y_i = 1.000000
En el else......

----------------------------------------
x = 5.000000, y = 99.000000
avance = -201.000000, avanceR = 2.000000, avanceI = 2.000000
inc_x_r = 0.000000, inc_y_r = 1.000000, inc_x_i = 1.000000, inc_y_i = 1.000000
En el else......

----------------------------------------
x = 5.000000, y = 100.000000
avance = -199.000000, avanceR = 2.000000, avanceI = 2.000000
inc_x_r = 0.000000, inc_y_r = 1.000000, inc_x_i = 1.000000, inc_y_i = 1.000000
En el else......

----------------------------------------
x = 5.000000, y = 101.000000
avance = -197.000000, avanceR = 2.000000, avanceI = 2.000000
inc_x_r = 0.000000, inc_y_r = 1.000000, inc_x_i = 1.000000, inc_y_i = 1.000000
En el else......

----------------------------------------
x = 5.000000, y = 102.000000
avance = -195.000000, avanceR = 2.000000, avanceI = 2.000000
inc_x_r = 0.000000, inc_y_r = 1.000000, inc_x_i = 1.000000, inc_y_i = 1.000000
En el else......

----------------------------------------
x = 5.000000, y = 103.000000
avance = -193.000000, avanceR = 2.000000, avanceI = 2.000000
inc_x_r = 0.000000, inc_y_r = 1.000000, inc_x_i = 1.000000, inc_y_i = 1.000000
En el else......

----------------------------------------
x = 5.000000, y = 104.000000
avance = -191.000000, avanceR = 2.000000, avanceI = 2.000000
inc_x_r = 0.000000, inc_y_r = 1.000000, inc_x_i = 1.000000, inc_y_i = 1.000000
En el else......

----------------------------------------
x = 5.000000, y = 105.000000
avance = -189.000000, avanceR = 2.000000, avanceI = 2.000000
inc_x_r = 0.000000, inc_y_r = 1.000000, inc_x_i = 1.000000, inc_y_i = 1.000000
En el else......

----------------------------------------
x = 5.000000, y = 106.000000
avance = -187.000000, avanceR = 2.000000, avanceI = 2.000000
inc_x_r = 0.000000, inc_y_r = 1.000000, inc_x_i = 1.000000, inc_y_i = 1.000000
En el else......

----------------------------------------
x = 5.000000, y = 107.000000
avance = -185.000000, avanceR = 2.000000, avanceI = 2.000000
inc_x_r = 0.000000, inc_y_r = 1.000000, inc_x_i = 1.000000, inc_y_i = 1.000000
En el else......

----------------------------------------
x = 5.000000, y = 108.000000
avance = -183.000000, avanceR = 2.000000, avanceI = 2.000000
inc_x_r = 0.000000, inc_y_r = 1.000000, inc_x_i = 1.000000, inc_y_i = 1.000000
En el else......

----------------------------------------
x = 5.000000, y = 109.000000
avance = -181.000000, avanceR = 2.000000, avanceI = 2.000000
inc_x_r = 0.000000, inc_y_r = 1.000000, inc_x_i = 1.000000, inc_y_i = 1.000000
En el else......

----------------------------------------
x = 5.000000, y = 110.000000
avance = -179.000000, avanceR = 2.000000, avanceI = 2.000000
inc_x_r = 0.000000, inc_y_r = 1.000000, inc_x_i = 1.000000, inc_y_i = 1.000000
En el else......

----------------------------------------
x = 5.000000, y = 111.000000
avance = -177.000000, avanceR = 2.000000, avanceI = 2.000000
inc_x_r = 0.000000, inc_y_r = 1.000000, inc_x_i = 1.000000, inc_y_i = 1.000000
En el else......

----------------------------------------
x = 5.000000, y = 112.000000
avance = -175.000000, avanceR = 2.000000, avanceI = 2.000000
inc_x_r = 0.000000, inc_y_r = 1.000000, inc_x_i = 1.000000, inc_y_i = 1.000000
En el else......

----------------------------------------
x = 5.000000, y = 113.000000
avance = -173.000000, avanceR = 2.000000, avanceI = 2.000000
inc_x_r = 0.000000, inc_y_r = 1.000000, inc_x_i = 1.000000, inc_y_i = 1.000000
En el else......

----------------------------------------
x = 5.000000, y = 114.000000
avance = -171.000000, avanceR = 2.000000, avanceI = 2.000000
inc_x_r = 0.000000, inc_y_r = 1.000000, inc_x_i = 1.000000, inc_y_i = 1.000000
En el else......

----------------------------------------
x = 5.000000, y = 115.000000
avance = -169.000000, avanceR = 2.000000, avanceI = 2.000000
inc_x_r = 0.000000, inc_y_r = 1.000000, inc_x_i = 1.000000, inc_y_i = 1.000000
En el else......

----------------------------------------
x = 5.000000, y = 116.000000
avance = -167.000000, avanceR = 2.000000, avanceI = 2.000000
inc_x_r = 0.000000, inc_y_r = 1.000000, inc_x_i = 1.000000, inc_y_i = 1.000000
En el else......

----------------------------------------
x = 5.000000, y = 117.000000
avance = -165.000000, avanceR = 2.000000, avanceI = 2.000000
inc_x_r = 0.000000, inc_y_r = 1.000000, inc_x_i = 1.000000, inc_y_i = 1.000000
En el else......

----------------------------------------
x = 5.000000, y = 118.000000
avance = -163.000000, avanceR = 2.000000, avanceI = 2.000000
inc_x_r = 0.000000, inc_y_r = 1.000000, inc_x_i = 1.000000, inc_y_i = 1.000000
En el else......

----------------------------------------
x = 5.000000, y = 119.000000
avance = -161.000000, avanceR = 2.000000, avanceI = 2.000000
inc_x_r = 0.000000, inc_y_r = 1.000000, inc_x_i = 1.000000, inc_y_i = 1.000000
En el else......

----------------------------------------
x = 5.000000, y = 120.000000
avance = -159.000000, avanceR = 2.000000, avanceI = 2.000000
inc_x_r = 0.000000, inc_y_r = 1.000000, inc_x_i = 1.000000, inc_y_i = 1.000000
En el else......

----------------------------------------
x = 5.000000, y = 121.000000
avance = -157.000000, avanceR = 2.000000, avanceI = 2.000000
inc_x_r = 0.000000, inc_y_r = 1.000000, inc_x_i = 1.000000, inc_y_i = 1.000000
En el else......

----------------------------------------
x = 5.000000, y = 122.000000
avance = -155.000000, avanceR = 2.000000, avanceI = 2.000000
inc_x_r = 0.000000, inc_y_r = 1.000000, inc_x_i = 1.000000, inc_y_i = 1.000000
En el else......

----------------------------------------
x = 5.000000, y = 123.000000
avance = -153.000000, avanceR = 2.000000, avanceI = 2.000000
inc_x_r = 0.000000, inc_y_r = 1.000000, inc_x_i = 1.000000, inc_y_i = 1.000000
En el else......

----------------------------------------
x = 5.000000, y = 124.000000
avance = -151.000000, avanceR = 2.000000, avanceI = 2.000000
inc_x_r = 0.000000, inc_y_r = 1.000000, inc_x_i = 1.000000, inc_y_i = 1.000000
En el else......

----------------------------------------
x = 5.000000, y = 125.000000
avance = -149.000000, avanceR = 2.000000, avanceI = 2.000000
inc_x_r = 0.000000, inc_y_r = 1.000000, inc_x_i = 1.000000, inc_y_i = 1.000000
En el else......

----------------------------------------
x = 5.000000, y = 126.000000
avance = -147.000000, avanceR = 2.000000, avanceI = 2.000000
inc_x_r = 0.000000, inc_y_r = 1.000000, inc_x_i = 1.000000, inc_y_i = 1.000000
En el else......

----------------------------------------
x = 5.000000, y = 127.000000
avance = -145.000000, avanceR = 2.000000, avanceI = 2.000000
inc_x_r = 0.000000, inc_y_r = 1.000000, inc_x_i = 1.000000, inc_y_i = 1.000000
En el else......

----------------------------------------
x = 5.000000, y = 128.000000
avance = -143.000000, avanceR = 2.000000, avanceI = 2.000000
inc_x_r = 0.000000, inc_y_r = 1.000000, inc_x_i = 1.000000, inc_y_i = 1.000000
En el else......

----------------------------------------
x = 5.000000, y = 129.000000
avance = -141.000000, avanceR = 2.000000, avanceI = 2.000000
inc_x_r = 0.000000, inc_y_r = 1.000000, inc_x_i = 1.000000, inc_y_i = 1.000000
En el else......

----------------------------------------
x = 5.000000, y = 130.000000
avance = -139.000000, avanceR = 2.000000, avanceI = 2.000000
inc_x_r = 0.000000, inc_y_r = 1.000000, inc_x_i = 1.000000, inc_y_i = 1.000000
En el else......

----------------------------------------
x = 5.000000, y = 131.000000
avance = -137.000000, avanceR = 2.000000, avanceI = 2.000000
inc_x_r = 0.000000, inc_y_r = 1.000000, inc_x_i = 1.000000, inc_y_i = 1.000000
En el else......

----------------------------------------
x = 5.000000, y = 132.000000
avance = -135.000000, avanceR = 2.000000, avanceI = 2.000000
inc_x_r = 0.000000, inc_y_r = 1.000000, inc_x_i = 1.000000, inc_y_i = 1.000000
En el else......

----------------------------------------
x = 5.000000, y = 133.000000
avance = -133.000000, avanceR = 2.000000, avanceI = 2.000000
inc_x_r = 0.000000, inc_y_r = 1.000000, inc_x_i = 1.000000, inc_y_i = 1.000000
En el else......

----------------------------------------
x = 5.000000, y = 134.000000
avance = -131.000000, avanceR = 2.000000, avanceI = 2.000000
inc_x_r = 0.000000, inc_y_r = 1.000000, inc_x_i = 1.000000, inc_y_i = 1.000000
En el else......

----------------------------------------
x = 5.000000, y = 135.000000
avance = -129.000000, avanceR = 2.000000, avanceI = 2.000000
inc_x_r = 0.000000, inc_y_r = 1.000000, inc_x_i = 1.000000, inc_y_i = 1.000000
En el else......

----------------------------------------
x = 5.000000, y = 136.000000
avance = -127.000000, avanceR = 2.000000, avanceI = 2.000000
inc_x_r = 0.000000, inc_y_r = 1.000000, inc_x_i = 1.000000, inc_y_i = 1.000000
En el else......

----------------------------------------
x = 5.000000, y = 137.000000
avance = -125.000000, avanceR = 2.000000, avanceI = 2.000000
inc_x_r = 0.000000, inc_y_r = 1.000000, inc_x_i = 1.000000, inc_y_i = 1.000000
En el else......

----------------------------------------
x = 5.000000, y = 138.000000
avance = -123.000000, avanceR = 2.000000, avanceI = 2.000000
inc_x_r = 0.000000, inc_y_r = 1.000000, inc_x_i = 1.000000, inc_y_i = 1.000000
En el else......

----------------------------------------
x = 5.000000, y = 139.000000
avance = -121.000000, avanceR = 2.000000, avanceI = 2.000000
inc_x_r = 0.000000, inc_y_r = 1.000000, inc_x_i = 1.000000, inc_y_i = 1.000000
En el else......

----------------------------------------
x = 5.000000, y = 140.000000
avance = -119.000000, avanceR = 2.000000, avanceI = 2.000000
inc_x_r = 0.000000, inc_y_r = 1.000000, inc_x_i = 1.000000, inc_y_i = 1.000000
En el else......

----------------------------------------
x = 5.000000, y = 141.000000
avance = -117.000000, avanceR = 2.000000, avanceI = 2.000000
inc_x_r = 0.000000, inc_y_r = 1.000000, inc_x_i = 1.000000, inc_y_i = 1.000000
En el else......

----------------------------------------
x = 5.000000, y = 142.000000
avance = -115.000000, avanceR = 2.000000, avanceI = 2.000000
inc_x_r = 0.000000, inc_y_r = 1.000000, inc_x_i = 1.000000, inc_y_i = 1.000000
En el else......

----------------------------------------
x = 5.000000, y = 143.000000
avance = -113.000000, avanceR = 2.000000, avanceI = 2.000000
inc_x_r = 0.000000, inc_y_r = 1.000000, inc_x_i = 1.000000, inc_y_i = 1.000000
En el else......

----------------------------------------
x = 5.000000, y = 144.000000
avance = -111.000000, avanceR = 2.000000, avanceI = 2.000000
inc_x_r = 0.000000, inc_y_r = 1.000000, inc_x_i = 1.000000, inc_y_i = 1.000000
En el else......

----------------------------------------
x = 5.000000, y = 145.000000
avance = -109.000000, avanceR = 2.000000, avanceI = 2.000000
inc_x_r = 0.000000, inc_y_r = 1.000000, inc_x_i = 1.000000, inc_y_i = 1.000000
En el else......

----------------------------------------
x = 5.000000, y = 146.000000
avance = -107.000000, avanceR = 2.000000, avanceI = 2.000000
inc_x_r = 0.000000, inc_y_r = 1.000000, inc_x_i = 1.000000, inc_y_i = 1.000000
En el else......

----------------------------------------
x = 5.000000, y = 147.000000
avance = -105.000000, avanceR = 2.000000, avanceI = 2.000000
inc_x_r = 0.000000, inc_y_r = 1.000000, inc_x_i = 1.000000, inc_y_i = 1.000000
En el else......

----------------------------------------
x = 5.000000, y = 148.000000
avance = -103.000000, avanceR = 2.000000, avanceI = 2.000000
inc_x_r = 0.000000, inc_y_r = 1.000000, inc_x_i = 1.000000, inc_y_i = 1.000000
En el else......

----------------------------------------
x = 5.000000, y = 149.000000
avance = -101.000000, avanceR = 2.000000, avanceI = 2.000000
inc_x_r = 0.000000, inc_y_r = 1.000000, inc_x_i = 1.000000, inc_y_i = 1.000000
En el else......

----------------------------------------
x = 5.000000, y = 150.000000
avance = -99.000000, avanceR = 2.000000, avanceI = 2.000000
inc_x_r = 0.000000, inc_y_r = 1.000000, inc_x_i = 1.000000, inc_y_i = 1.000000
En el else......

----------------------------------------
x = 5.000000, y = 151.000000
avance = -97.000000, avanceR = 2.000000, avanceI = 2.000000
inc_x_r = 0.000000, inc_y_r = 1.000000, inc_x_i = 1.000000, inc_y_i = 1.000000
En el else......

----------------------------------------
x = 5.000000, y = 152.000000
avance = -95.000000, avanceR = 2.000000, avanceI = 2.000000
inc_x_r = 0.000000, inc_y_r = 1.000000, inc_x_i = 1.000000, inc_y_i = 1.000000
En el else......

----------------------------------------
x = 5.000000, y = 153.000000
avance = -93.000000, avanceR = 2.000000, avanceI = 2.000000
inc_x_r = 0.000000, inc_y_r = 1.000000, inc_x_i = 1.000000, inc_y_i = 1.000000
En el else......

----------------------------------------
x = 5.000000, y = 154.000000
avance = -91.000000, avanceR = 2.000000, avanceI = 2.000000
inc_x_r = 0.000000, inc_y_r = 1.000000, inc_x_i = 1.000000, inc_y_i = 1.000000
En el else......

----------------------------------------
x = 5.000000, y = 155.000000
avance = -89.000000, avanceR = 2.000000, avanceI = 2.000000
inc_x_r = 0.000000, inc_y_r = 1.000000, inc_x_i = 1.000000, inc_y_i = 1.000000
En el else......

----------------------------------------
x = 5.000000, y = 156.000000
avance = -87.000000, avanceR = 2.000000, avanceI = 2.000000
inc_x_r = 0.000000, inc_y_r = 1.000000, inc_x_i = 1.000000, inc_y_i = 1.000000
En el else......

----------------------------------------
x = 5.000000, y = 157.000000
avance = -85.000000, avanceR = 2.000000, avanceI = 2.000000
inc_x_r = 0.000000, inc_y_r = 1.000000, inc_x_i = 1.000000, inc_y_i = 1.000000
En el else......

----------------------------------------
x = 5.000000, y = 158.000000
avance = -83.000000, avanceR = 2.000000, avanceI = 2.000000
inc_x_r = 0.000000, inc_y_r = 1.000000, inc_x_i = 1.000000, inc_y_i = 1.000000
En el else......

----------------------------------------
x = 5.000000, y = 159.000000
avance = -81.000000, avanceR = 2.000000, avanceI = 2.000000
inc_x_r = 0.000000, inc_y_r = 1.000000, inc_x_i = 1.000000, inc_y_i = 1.000000
En el else......

----------------------------------------
x = 5.000000, y = 160.000000
avance = -79.000000, avanceR = 2.000000, avanceI = 2.000000
inc_x_r = 0.000000, inc_y_r = 1.000000, inc_x_i = 1.000000, inc_y_i = 1.000000
En el else......

----------------------------------------
x = 5.000000, y = 161.000000
avance = -77.000000, avanceR = 2.000000, avanceI = 2.000000
inc_x_r = 0.000000, inc_y_r = 1.000000, inc_x_i = 1.000000, inc_y_i = 1.000000
En el else......

----------------------------------------
x = 5.000000, y = 162.000000
avance = -75.000000, avanceR = 2.000000, avanceI = 2.000000
inc_x_r = 0.000000, inc_y_r = 1.000000, inc_x_i = 1.000000, inc_y_i = 1.000000
En el else......

----------------------------------------
x = 5.000000, y = 163.000000
avance = -73.000000, avanceR = 2.000000, avanceI = 2.000000
inc_x_r = 0.000000, inc_y_r = 1.000000, inc_x_i = 1.000000, inc_y_i = 1.000000
En el else......

----------------------------------------
x = 5.000000, y = 164.000000
avance = -71.000000, avanceR = 2.000000, avanceI = 2.000000
inc_x_r = 0.000000, inc_y_r = 1.000000, inc_x_i = 1.000000, inc_y_i = 1.000000
En el else......

----------------------------------------
x = 5.000000, y = 165.000000
avance = -69.000000, avanceR = 2.000000, avanceI = 2.000000
inc_x_r = 0.000000, inc_y_r = 1.000000, inc_x_i = 1.000000, inc_y_i = 1.000000
En el else......

----------------------------------------
x = 5.000000, y = 166.000000
avance = -67.000000, avanceR = 2.000000, avanceI = 2.000000
inc_x_r = 0.000000, inc_y_r = 1.000000, inc_x_i = 1.000000, inc_y_i = 1.000000
En el else......

----------------------------------------
x = 5.000000, y = 167.000000
avance = -65.000000, avanceR = 2.000000, avanceI = 2.000000
inc_x_r = 0.000000, inc_y_r = 1.000000, inc_x_i = 1.000000, inc_y_i = 1.000000
En el else......

----------------------------------------
x = 5.000000, y = 168.000000
avance = -63.000000, avanceR = 2.000000, avanceI = 2.000000
inc_x_r = 0.000000, inc_y_r = 1.000000, inc_x_i = 1.000000, inc_y_i = 1.000000
En el else......

----------------------------------------
x = 5.000000, y = 169.000000
avance = -61.000000, avanceR = 2.000000, avanceI = 2.000000
inc_x_r = 0.000000, inc_y_r = 1.000000, inc_x_i = 1.000000, inc_y_i = 1.000000
En el else......

----------------------------------------
x = 5.000000, y = 170.000000
avance = -59.000000, avanceR = 2.000000, avanceI = 2.000000
inc_x_r = 0.000000, inc_y_r = 1.000000, inc_x_i = 1.000000, inc_y_i = 1.000000
En el else......

----------------------------------------
x = 5.000000, y = 171.000000
avance = -57.000000, avanceR = 2.000000, avanceI = 2.000000
inc_x_r = 0.000000, inc_y_r = 1.000000, inc_x_i = 1.000000, inc_y_i = 1.000000
En el else......

----------------------------------------
x = 5.000000, y = 172.000000
avance = -55.000000, avanceR = 2.000000, avanceI = 2.000000
inc_x_r = 0.000000, inc_y_r = 1.000000, inc_x_i = 1.000000, inc_y_i = 1.000000
En el else......

----------------------------------------
x = 5.000000, y = 173.000000
avance = -53.000000, avanceR = 2.000000, avanceI = 2.000000
inc_x_r = 0.000000, inc_y_r = 1.000000, inc_x_i = 1.000000, inc_y_i = 1.000000
En el else......

----------------------------------------
x = 5.000000, y = 174.000000
avance = -51.000000, avanceR = 2.000000, avanceI = 2.000000
inc_x_r = 0.000000, inc_y_r = 1.000000, inc_x_i = 1.000000, inc_y_i = 1.000000
En el else......

----------------------------------------
x = 5.000000, y = 175.000000
avance = -49.000000, avanceR = 2.000000, avanceI = 2.000000
inc_x_r = 0.000000, inc_y_r = 1.000000, inc_x_i = 1.000000, inc_y_i = 1.000000
En el else......

----------------------------------------
x = 5.000000, y = 176.000000
avance = -47.000000, avanceR = 2.000000, avanceI = 2.000000
inc_x_r = 0.000000, inc_y_r = 1.000000, inc_x_i = 1.000000, inc_y_i = 1.000000
En el else......

----------------------------------------
x = 5.000000, y = 177.000000
avance = -45.000000, avanceR = 2.000000, avanceI = 2.000000
inc_x_r = 0.000000, inc_y_r = 1.000000, inc_x_i = 1.000000, inc_y_i = 1.000000
En el else......

----------------------------------------
x = 5.000000, y = 178.000000
avance = -43.000000, avanceR = 2.000000, avanceI = 2.000000
inc_x_r = 0.000000, inc_y_r = 1.000000, inc_x_i = 1.000000, inc_y_i = 1.000000
En el else......

----------------------------------------
x = 5.000000, y = 179.000000
avance = -41.000000, avanceR = 2.000000, avanceI = 2.000000
inc_x_r = 0.000000, inc_y_r = 1.000000, inc_x_i = 1.000000, inc_y_i = 1.000000
En el else......

----------------------------------------
x = 5.000000, y = 180.000000
avance = -39.000000, avanceR = 2.000000, avanceI = 2.000000
inc_x_r = 0.000000, inc_y_r = 1.000000, inc_x_i = 1.000000, inc_y_i = 1.000000
En el else......

----------------------------------------
x = 5.000000, y = 181.000000
avance = -37.000000, avanceR = 2.000000, avanceI = 2.000000
inc_x_r = 0.000000, inc_y_r = 1.000000, inc_x_i = 1.000000, inc_y_i = 1.000000
En el else......

----------------------------------------
x = 5.000000, y = 182.000000
avance = -35.000000, avanceR = 2.000000, avanceI = 2.000000
inc_x_r = 0.000000, inc_y_r = 1.000000, inc_x_i = 1.000000, inc_y_i = 1.000000
En el else......

----------------------------------------
x = 5.000000, y = 183.000000
avance = -33.000000, avanceR = 2.000000, avanceI = 2.000000
inc_x_r = 0.000000, inc_y_r = 1.000000, inc_x_i = 1.000000, inc_y_i = 1.000000
En el else......

----------------------------------------
x = 5.000000, y = 184.000000
avance = -31.000000, avanceR = 2.000000, avanceI = 2.000000
inc_x_r = 0.000000, inc_y_r = 1.000000, inc_x_i = 1.000000, inc_y_i = 1.000000
En el else......

----------------------------------------
x = 5.000000, y = 185.000000
avance = -29.000000, avanceR = 2.000000, avanceI = 2.000000
inc_x_r = 0.000000, inc_y_r = 1.000000, inc_x_i = 1.000000, inc_y_i = 1.000000
En el else......

----------------------------------------
x = 5.000000, y = 186.000000
avance = -27.000000, avanceR = 2.000000, avanceI = 2.000000
inc_x_r = 0.000000, inc_y_r = 1.000000, inc_x_i = 1.000000, inc_y_i = 1.000000
En el else......

----------------------------------------
x = 5.000000, y = 187.000000
avance = -25.000000, avanceR = 2.000000, avanceI = 2.000000
inc_x_r = 0.000000, inc_y_r = 1.000000, inc_x_i = 1.000000, inc_y_i = 1.000000
En el else......

----------------------------------------
x = 5.000000, y = 188.000000
avance = -23.000000, avanceR = 2.000000, avanceI = 2.000000
inc_x_r = 0.000000, inc_y_r = 1.000000, inc_x_i = 1.000000, inc_y_i = 1.000000
En el else......

----------------------------------------
x = 5.000000, y = 189.000000
avance = -21.000000, avanceR = 2.000000, avanceI = 2.000000
inc_x_r = 0.000000, inc_y_r = 1.000000, inc_x_i = 1.000000, inc_y_i = 1.000000
En el else......

----------------------------------------
x = 5.000000, y = 190.000000
avance = -19.000000, avanceR = 2.000000, avanceI = 2.000000
inc_x_r = 0.000000, inc_y_r = 1.000000, inc_x_i = 1.000000, inc_y_i = 1.000000
En el else......

----------------------------------------
x = 5.000000, y = 191.000000
avance = -17.000000, avanceR = 2.000000, avanceI = 2.000000
inc_x_r = 0.000000, inc_y_r = 1.000000, inc_x_i = 1.000000, inc_y_i = 1.000000
En el else......

----------------------------------------
x = 5.000000, y = 192.000000
avance = -15.000000, avanceR = 2.000000, avanceI = 2.000000
inc_x_r = 0.000000, inc_y_r = 1.000000, inc_x_i = 1.000000, inc_y_i = 1.000000
En el else......

----------------------------------------
x = 5.000000, y = 193.000000
avance = -13.000000, avanceR = 2.000000, avanceI = 2.000000
inc_x_r = 0.000000, inc_y_r = 1.000000, inc_x_i = 1.000000, inc_y_i = 1.000000
En el else......

----------------------------------------
x = 5.000000, y = 194.000000
avance = -11.000000, avanceR = 2.000000, avanceI = 2.000000
inc_x_r = 0.000000, inc_y_r = 1.000000, inc_x_i = 1.000000, inc_y_i = 1.000000
En el else......

----------------------------------------
x = 5.000000, y = 195.000000
avance = -9.000000, avanceR = 2.000000, avanceI = 2.000000
inc_x_r = 0.000000, inc_y_r = 1.000000, inc_x_i = 1.000000, inc_y_i = 1.000000
En el else......

----------------------------------------
x = 5.000000, y = 196.000000
avance = -7.000000, avanceR = 2.000000, avanceI = 2.000000
inc_x_r = 0.000000, inc_y_r = 1.000000, inc_x_i = 1.000000, inc_y_i = 1.000000
En el else......

----------------------------------------
x = 5.000000, y = 197.000000
avance = -5.000000, avanceR = 2.000000, avanceI = 2.000000
inc_x_r = 0.000000, inc_y_r = 1.000000, inc_x_i = 1.000000, inc_y_i = 1.000000
En el else......

----------------------------------------
x = 5.000000, y = 198.000000
avance = -3.000000, avanceR = 2.000000, avanceI = 2.000000
inc_x_r = 0.000000, inc_y_r = 1.000000, inc_x_i = 1.000000, inc_y_i = 1.000000
En el else......

----------------------------------------
x = 5.000000, y = 199.000000
avance = -1.000000, avanceR = 2.000000, avanceI = 2.000000
inc_x_r = 0.000000, inc_y_r = 1.000000, inc_x_i = 1.000000, inc_y_i = 1.000000
En el else......

----------------------------------------
x = 5.000000, y = 200.000000
avance = 1.000000, avanceR = 2.000000, avanceI = 2.000000
inc_x_r = 0.000000, inc_y_r = 1.000000, inc_x_i = 1.000000, inc_y_i = 1.000000
avance >= 0

----------------------------------------
x = 6.000000, y = 201.000000
avance = -499.000000, avanceR = 2.000000, avanceI = 2.000000
inc_x_r = 0.000000, inc_y_r = 1.000000, inc_x_i = 1.000000, inc_y_i = 1.000000
En el else......

----------------------------------------
x = 6.000000, y = 202.000000
avance = -497.000000, avanceR = 2.000000, avanceI = 2.000000
inc_x_r = 0.000000, inc_y_r = 1.000000, inc_x_i = 1.000000, inc_y_i = 1.000000
En el else......

----------------------------------------
x = 6.000000, y = 203.000000
avance = -495.000000, avanceR = 2.000000, avanceI = 2.000000
inc_x_r = 0.000000, inc_y_r = 1.000000, inc_x_i = 1.000000, inc_y_i = 1.000000
En el else......

----------------------------------------
x = 6.000000, y = 204.000000
avance = -493.000000, avanceR = 2.000000, avanceI = 2.000000
inc_x_r = 0.000000, inc_y_r = 1.000000, inc_x_i = 1.000000, inc_y_i = 1.000000
En el else......

----------------------------------------
x = 6.000000, y = 205.000000
avance = -491.000000, avanceR = 2.000000, avanceI = 2.000000
inc_x_r = 0.000000, inc_y_r = 1.000000, inc_x_i = 1.000000, inc_y_i = 1.000000
En el else......

----------------------------------------
x = 6.000000, y = 206.000000
avance = -489.000000, avanceR = 2.000000, avanceI = 2.000000
inc_x_r = 0.000000, inc_y_r = 1.000000, inc_x_i = 1.000000, inc_y_i = 1.000000
En el else......

----------------------------------------
x = 6.000000, y = 207.000000
avance = -487.000000, avanceR = 2.000000, avanceI = 2.000000
inc_x_r = 0.000000, inc_y_r = 1.000000, inc_x_i = 1.000000, inc_y_i = 1.000000
En el else......

----------------------------------------
x = 6.000000, y = 208.000000
avance = -485.000000, avanceR = 2.000000, avanceI = 2.000000
inc_x_r = 0.000000, inc_y_r = 1.000000, inc_x_i = 1.000000, inc_y_i = 1.000000
En el else......

----------------------------------------
x = 6.000000, y = 209.000000
avance = -483.000000, avanceR = 2.000000, avanceI = 2.000000
inc_x_r = 0.000000, inc_y_r = 1.000000, inc_x_i = 1.000000, inc_y_i = 1.000000
En el else......

----------------------------------------
x = 6.000000, y = 210.000000
avance = -481.000000, avanceR = 2.000000, avanceI = 2.000000
inc_x_r = 0.000000, inc_y_r = 1.000000, inc_x_i = 1.000000, inc_y_i = 1.000000
En el else......

----------------------------------------
x = 6.000000, y = 211.000000
avance = -479.000000, avanceR = 2.000000, avanceI = 2.000000
inc_x_r = 0.000000, inc_y_r = 1.000000, inc_x_i = 1.000000, inc_y_i = 1.000000
En el else......

----------------------------------------
x = 6.000000, y = 212.000000
avance = -477.000000, avanceR = 2.000000, avanceI = 2.000000
inc_x_r = 0.000000, inc_y_r = 1.000000, inc_x_i = 1.000000, inc_y_i = 1.000000
En el else......

----------------------------------------
x = 6.000000, y = 213.000000
avance = -475.000000, avanceR = 2.000000, avanceI = 2.000000
inc_x_r = 0.000000, inc_y_r = 1.000000, inc_x_i = 1.000000, inc_y_i = 1.000000
En el else......

----------------------------------------
x = 6.000000, y = 214.000000
avance = -473.000000, avanceR = 2.000000, avanceI = 2.000000
inc_x_r = 0.000000, inc_y_r = 1.000000, inc_x_i = 1.000000, inc_y_i = 1.000000
En el else......

----------------------------------------
x = 6.000000, y = 215.000000
avance = -471.000000, avanceR = 2.000000, avanceI = 2.000000
inc_x_r = 0.000000, inc_y_r = 1.000000, inc_x_i = 1.000000, inc_y_i = 1.000000
En el else......

----------------------------------------
x = 6.000000, y = 216.000000
avance = -469.000000, avanceR = 2.000000, avanceI = 2.000000
inc_x_r = 0.000000, inc_y_r = 1.000000, inc_x_i = 1.000000, inc_y_i = 1.000000
En el else......

----------------------------------------
x = 6.000000, y = 217.000000
avance = -467.000000, avanceR = 2.000000, avanceI = 2.000000
inc_x_r = 0.000000, inc_y_r = 1.000000, inc_x_i = 1.000000, inc_y_i = 1.000000
En el else......

----------------------------------------
x = 6.000000, y = 218.000000
avance = -465.000000, avanceR = 2.000000, avanceI = 2.000000
inc_x_r = 0.000000, inc_y_r = 1.000000, inc_x_i = 1.000000, inc_y_i = 1.000000
En el else......

----------------------------------------
x = 6.000000, y = 219.000000
avance = -463.000000, avanceR = 2.000000, avanceI = 2.000000
inc_x_r = 0.000000, inc_y_r = 1.000000, inc_x_i = 1.000000, inc_y_i = 1.000000
En el else......

----------------------------------------
x = 6.000000, y = 220.000000
avance = -461.000000, avanceR = 2.000000, avanceI = 2.000000
inc_x_r = 0.000000, inc_y_r = 1.000000, inc_x_i = 1.000000, inc_y_i = 1.000000
En el else......

----------------------------------------
x = 6.000000, y = 221.000000
avance = -459.000000, avanceR = 2.000000, avanceI = 2.000000
inc_x_r = 0.000000, inc_y_r = 1.000000, inc_x_i = 1.000000, inc_y_i = 1.000000
En el else......

----------------------------------------
x = 6.000000, y = 222.000000
avance = -457.000000, avanceR = 2.000000, avanceI = 2.000000
inc_x_r = 0.000000, inc_y_r = 1.000000, inc_x_i = 1.000000, inc_y_i = 1.000000
En el else......

----------------------------------------
x = 6.000000, y = 223.000000
avance = -455.000000, avanceR = 2.000000, avanceI = 2.000000
inc_x_r = 0.000000, inc_y_r = 1.000000, inc_x_i = 1.000000, inc_y_i = 1.000000
En el else......

----------------------------------------
x = 6.000000, y = 224.000000
avance = -453.000000, avanceR = 2.000000, avanceI = 2.000000
inc_x_r = 0.000000, inc_y_r = 1.000000, inc_x_i = 1.000000, inc_y_i = 1.000000
En el else......

----------------------------------------
x = 6.000000, y = 225.000000
avance = -451.000000, avanceR = 2.000000, avanceI = 2.000000
inc_x_r = 0.000000, inc_y_r = 1.000000, inc_x_i = 1.000000, inc_y_i = 1.000000
En el else......

----------------------------------------
x = 6.000000, y = 226.000000
avance = -449.000000, avanceR = 2.000000, avanceI = 2.000000
inc_x_r = 0.000000, inc_y_r = 1.000000, inc_x_i = 1.000000, inc_y_i = 1.000000
En el else......

----------------------------------------
x = 6.000000, y = 227.000000
avance = -447.000000, avanceR = 2.000000, avanceI = 2.000000
inc_x_r = 0.000000, inc_y_r = 1.000000, inc_x_i = 1.000000, inc_y_i = 1.000000
En el else......

----------------------------------------
x = 6.000000, y = 228.000000
avance = -445.000000, avanceR = 2.000000, avanceI = 2.000000
inc_x_r = 0.000000, inc_y_r = 1.000000, inc_x_i = 1.000000, inc_y_i = 1.000000
En el else......

----------------------------------------
x = 6.000000, y = 229.000000
avance = -443.000000, avanceR = 2.000000, avanceI = 2.000000
inc_x_r = 0.000000, inc_y_r = 1.000000, inc_x_i = 1.000000, inc_y_i = 1.000000
En el else......

----------------------------------------
x = 6.000000, y = 230.000000
avance = -441.000000, avanceR = 2.000000, avanceI = 2.000000
inc_x_r = 0.000000, inc_y_r = 1.000000, inc_x_i = 1.000000, inc_y_i = 1.000000
En el else......

----------------------------------------
x = 6.000000, y = 231.000000
avance = -439.000000, avanceR = 2.000000, avanceI = 2.000000
inc_x_r = 0.000000, inc_y_r = 1.000000, inc_x_i = 1.000000, inc_y_i = 1.000000
En el else......

----------------------------------------
x = 6.000000, y = 232.000000
avance = -437.000000, avanceR = 2.000000, avanceI = 2.000000
inc_x_r = 0.000000, inc_y_r = 1.000000, inc_x_i = 1.000000, inc_y_i = 1.000000
En el else......

----------------------------------------
x = 6.000000, y = 233.000000
avance = -435.000000, avanceR = 2.000000, avanceI = 2.000000
inc_x_r = 0.000000, inc_y_r = 1.000000, inc_x_i = 1.000000, inc_y_i = 1.000000
En el else......

----------------------------------------
x = 6.000000, y = 234.000000
avance = -433.000000, avanceR = 2.000000, avanceI = 2.000000
inc_x_r = 0.000000, inc_y_r = 1.000000, inc_x_i = 1.000000, inc_y_i = 1.000000
En el else......

----------------------------------------
x = 6.000000, y = 235.000000
avance = -431.000000, avanceR = 2.000000, avanceI = 2.000000
inc_x_r = 0.000000, inc_y_r = 1.000000, inc_x_i = 1.000000, inc_y_i = 1.000000
En el else......

----------------------------------------
x = 6.000000, y = 236.000000
avance = -429.000000, avanceR = 2.000000, avanceI = 2.000000
inc_x_r = 0.000000, inc_y_r = 1.000000, inc_x_i = 1.000000, inc_y_i = 1.000000
En el else......

----------------------------------------
x = 6.000000, y = 237.000000
avance = -427.000000, avanceR = 2.000000, avanceI = 2.000000
inc_x_r = 0.000000, inc_y_r = 1.000000, inc_x_i = 1.000000, inc_y_i = 1.000000
En el else......

----------------------------------------
x = 6.000000, y = 238.000000
avance = -425.000000, avanceR = 2.000000, avanceI = 2.000000
inc_x_r = 0.000000, inc_y_r = 1.000000, inc_x_i = 1.000000, inc_y_i = 1.000000
En el else......

----------------------------------------
x = 6.000000, y = 239.000000
avance = -423.000000, avanceR = 2.000000, avanceI = 2.000000
inc_x_r = 0.000000, inc_y_r = 1.000000, inc_x_i = 1.000000, inc_y_i = 1.000000
En el else......

----------------------------------------
x = 6.000000, y = 240.000000
avance = -421.000000, avanceR = 2.000000, avanceI = 2.000000
inc_x_r = 0.000000, inc_y_r = 1.000000, inc_x_i = 1.000000, inc_y_i = 1.000000
En el else......

----------------------------------------
x = 6.000000, y = 241.000000
avance = -419.000000, avanceR = 2.000000, avanceI = 2.000000
inc_x_r = 0.000000, inc_y_r = 1.000000, inc_x_i = 1.000000, inc_y_i = 1.000000
En el else......

----------------------------------------
x = 6.000000, y = 242.000000
avance = -417.000000, avanceR = 2.000000, avanceI = 2.000000
inc_x_r = 0.000000, inc_y_r = 1.000000, inc_x_i = 1.000000, inc_y_i = 1.000000
En el else......

----------------------------------------
x = 6.000000, y = 243.000000
avance = -415.000000, avanceR = 2.000000, avanceI = 2.000000
inc_x_r = 0.000000, inc_y_r = 1.000000, inc_x_i = 1.000000, inc_y_i = 1.000000
En el else......

----------------------------------------
x = 6.000000, y = 244.000000
avance = -413.000000, avanceR = 2.000000, avanceI = 2.000000
inc_x_r = 0.000000, inc_y_r = 1.000000, inc_x_i = 1.000000, inc_y_i = 1.000000
En el else......

----------------------------------------
x = 6.000000, y = 245.000000
avance = -411.000000, avanceR = 2.000000, avanceI = 2.000000
inc_x_r = 0.000000, inc_y_r = 1.000000, inc_x_i = 1.000000, inc_y_i = 1.000000
En el else......

----------------------------------------
x = 6.000000, y = 246.000000
avance = -409.000000, avanceR = 2.000000, avanceI = 2.000000
inc_x_r = 0.000000, inc_y_r = 1.000000, inc_x_i = 1.000000, inc_y_i = 1.000000
En el else......

----------------------------------------
x = 6.000000, y = 247.000000
avance = -407.000000, avanceR = 2.000000, avanceI = 2.000000
inc_x_r = 0.000000, inc_y_r = 1.000000, inc_x_i = 1.000000, inc_y_i = 1.000000
En el else......

----------------------------------------
x = 6.000000, y = 248.000000
avance = -405.000000, avanceR = 2.000000, avanceI = 2.000000
inc_x_r = 0.000000, inc_y_r = 1.000000, inc_x_i = 1.000000, inc_y_i = 1.000000
En el else......

----------------------------------------
x = 6.000000, y = 249.000000
avance = -403.000000, avanceR = 2.000000, avanceI = 2.000000
inc_x_r = 0.000000, inc_y_r = 1.000000, inc_x_i = 1.000000, inc_y_i = 1.000000
En el else......

----------------------------------------
x = 6.000000, y = 250.000000
avance = -401.000000, avanceR = 2.000000, avanceI = 2.000000
inc_x_r = 0.000000, inc_y_r = 1.000000, inc_x_i = 1.000000, inc_y_i = 1.000000
En el else......

----------------------------------------
x = 6.000000, y = 251.000000
avance = -399.000000, avanceR = 2.000000, avanceI = 2.000000
inc_x_r = 0.000000, inc_y_r = 1.000000, inc_x_i = 1.000000, inc_y_i = 1.000000
En el else......

----------------------------------------
x = 6.000000, y = 252.000000
avance = -397.000000, avanceR = 2.000000, avanceI = 2.000000
inc_x_r = 0.000000, inc_y_r = 1.000000, inc_x_i = 1.000000, inc_y_i = 1.000000
En el else......

----------------------------------------
x = 6.000000, y = 253.000000
avance = -395.000000, avanceR = 2.000000, avanceI = 2.000000
inc_x_r = 0.000000, inc_y_r = 1.000000, inc_x_i = 1.000000, inc_y_i = 1.000000
En el else......

----------------------------------------
x = 6.000000, y = 254.000000
avance = -393.000000, avanceR = 2.000000, avanceI = 2.000000
inc_x_r = 0.000000, inc_y_r = 1.000000, inc_x_i = 1.000000, inc_y_i = 1.000000
En el else......

----------------------------------------
x = 6.000000, y = 255.000000
avance = -391.000000, avanceR = 2.000000, avanceI = 2.000000
inc_x_r = 0.000000, inc_y_r = 1.000000, inc_x_i = 1.000000, inc_y_i = 1.000000
En el else......

----------------------------------------
x = 6.000000, y = 256.000000
avance = -389.000000, avanceR = 2.000000, avanceI = 2.000000
inc_x_r = 0.000000, inc_y_r = 1.000000, inc_x_i = 1.000000, inc_y_i = 1.000000
En el else......

----------------------------------------
x = 6.000000, y = 257.000000
avance = -387.000000, avanceR = 2.000000, avanceI = 2.000000
inc_x_r = 0.000000, inc_y_r = 1.000000, inc_x_i = 1.000000, inc_y_i = 1.000000
En el else......

----------------------------------------
x = 6.000000, y = 258.000000
avance = -385.000000, avanceR = 2.000000, avanceI = 2.000000
inc_x_r = 0.000000, inc_y_r = 1.000000, inc_x_i = 1.000000, inc_y_i = 1.000000
En el else......

----------------------------------------
x = 6.000000, y = 259.000000
avance = -383.000000, avanceR = 2.000000, avanceI = 2.000000
inc_x_r = 0.000000, inc_y_r = 1.000000, inc_x_i = 1.000000, inc_y_i = 1.000000
En el else......

----------------------------------------
x = 6.000000, y = 260.000000
avance = -381.000000, avanceR = 2.000000, avanceI = 2.000000
inc_x_r = 0.000000, inc_y_r = 1.000000, inc_x_i = 1.000000, inc_y_i = 1.000000
En el else......

----------------------------------------
x = 6.000000, y = 261.000000
avance = -379.000000, avanceR = 2.000000, avanceI = 2.000000
inc_x_r = 0.000000, inc_y_r = 1.000000, inc_x_i = 1.000000, inc_y_i = 1.000000
En el else......

----------------------------------------
x = 6.000000, y = 262.000000
avance = -377.000000, avanceR = 2.000000, avanceI = 2.000000
inc_x_r = 0.000000, inc_y_r = 1.000000, inc_x_i = 1.000000, inc_y_i = 1.000000
En el else......

----------------------------------------
x = 6.000000, y = 263.000000
avance = -375.000000, avanceR = 2.000000, avanceI = 2.000000
inc_x_r = 0.000000, inc_y_r = 1.000000, inc_x_i = 1.000000, inc_y_i = 1.000000
En el else......

----------------------------------------
x = 6.000000, y = 264.000000
avance = -373.000000, avanceR = 2.000000, avanceI = 2.000000
inc_x_r = 0.000000, inc_y_r = 1.000000, inc_x_i = 1.000000, inc_y_i = 1.000000
En el else......

----------------------------------------
x = 6.000000, y = 265.000000
avance = -371.000000, avanceR = 2.000000, avanceI = 2.000000
inc_x_r = 0.000000, inc_y_r = 1.000000, inc_x_i = 1.000000, inc_y_i = 1.000000
En el else......

----------------------------------------
x = 6.000000, y = 266.000000
avance = -369.000000, avanceR = 2.000000, avanceI = 2.000000
inc_x_r = 0.000000, inc_y_r = 1.000000, inc_x_i = 1.000000, inc_y_i = 1.000000
En el else......

----------------------------------------
x = 6.000000, y = 267.000000
avance = -367.000000, avanceR = 2.000000, avanceI = 2.000000
inc_x_r = 0.000000, inc_y_r = 1.000000, inc_x_i = 1.000000, inc_y_i = 1.000000
En el else......

----------------------------------------
x = 6.000000, y = 268.000000
avance = -365.000000, avanceR = 2.000000, avanceI = 2.000000
inc_x_r = 0.000000, inc_y_r = 1.000000, inc_x_i = 1.000000, inc_y_i = 1.000000
En el else......

----------------------------------------
x = 6.000000, y = 269.000000
avance = -363.000000, avanceR = 2.000000, avanceI = 2.000000
inc_x_r = 0.000000, inc_y_r = 1.000000, inc_x_i = 1.000000, inc_y_i = 1.000000
En el else......

----------------------------------------
x = 6.000000, y = 270.000000
avance = -361.000000, avanceR = 2.000000, avanceI = 2.000000
inc_x_r = 0.000000, inc_y_r = 1.000000, inc_x_i = 1.000000, inc_y_i = 1.000000
En el else......

----------------------------------------
x = 6.000000, y = 271.000000
avance = -359.000000, avanceR = 2.000000, avanceI = 2.000000
inc_x_r = 0.000000, inc_y_r = 1.000000, inc_x_i = 1.000000, inc_y_i = 1.000000
En el else......

----------------------------------------
x = 6.000000, y = 272.000000
avance = -357.000000, avanceR = 2.000000, avanceI = 2.000000
inc_x_r = 0.000000, inc_y_r = 1.000000, inc_x_i = 1.000000, inc_y_i = 1.000000
En el else......

----------------------------------------
x = 6.000000, y = 273.000000
avance = -355.000000, avanceR = 2.000000, avanceI = 2.000000
inc_x_r = 0.000000, inc_y_r = 1.000000, inc_x_i = 1.000000, inc_y_i = 1.000000
En el else......

----------------------------------------
x = 6.000000, y = 274.000000
avance = -353.000000, avanceR = 2.000000, avanceI = 2.000000
inc_x_r = 0.000000, inc_y_r = 1.000000, inc_x_i = 1.000000, inc_y_i = 1.000000
En el else......

----------------------------------------
x = 6.000000, y = 275.000000
avance = -351.000000, avanceR = 2.000000, avanceI = 2.000000
inc_x_r = 0.000000, inc_y_r = 1.000000, inc_x_i = 1.000000, inc_y_i = 1.000000
En el else......

----------------------------------------
x = 6.000000, y = 276.000000
avance = -349.000000, avanceR = 2.000000, avanceI = 2.000000
inc_x_r = 0.000000, inc_y_r = 1.000000, inc_x_i = 1.000000, inc_y_i = 1.000000
En el else......

----------------------------------------
x = 6.000000, y = 277.000000
avance = -347.000000, avanceR = 2.000000, avanceI = 2.000000
inc_x_r = 0.000000, inc_y_r = 1.000000, inc_x_i = 1.000000, inc_y_i = 1.000000
En el else......

----------------------------------------
x = 6.000000, y = 278.000000
avance = -345.000000, avanceR = 2.000000, avanceI = 2.000000
inc_x_r = 0.000000, inc_y_r = 1.000000, inc_x_i = 1.000000, inc_y_i = 1.000000
En el else......

----------------------------------------
x = 6.000000, y = 279.000000
avance = -343.000000, avanceR = 2.000000, avanceI = 2.000000
inc_x_r = 0.000000, inc_y_r = 1.000000, inc_x_i = 1.000000, inc_y_i = 1.000000
En el else......

----------------------------------------
x = 6.000000, y = 280.000000
avance = -341.000000, avanceR = 2.000000, avanceI = 2.000000
inc_x_r = 0.000000, inc_y_r = 1.000000, inc_x_i = 1.000000, inc_y_i = 1.000000
En el else......

----------------------------------------
x = 6.000000, y = 281.000000
avance = -339.000000, avanceR = 2.000000, avanceI = 2.000000
inc_x_r = 0.000000, inc_y_r = 1.000000, inc_x_i = 1.000000, inc_y_i = 1.000000
En el else......

----------------------------------------
x = 6.000000, y = 282.000000
avance = -337.000000, avanceR = 2.000000, avanceI = 2.000000
inc_x_r = 0.000000, inc_y_r = 1.000000, inc_x_i = 1.000000, inc_y_i = 1.000000
En el else......

----------------------------------------
x = 6.000000, y = 283.000000
avance = -335.000000, avanceR = 2.000000, avanceI = 2.000000
inc_x_r = 0.000000, inc_y_r = 1.000000, inc_x_i = 1.000000, inc_y_i = 1.000000
En el else......

----------------------------------------
x = 6.000000, y = 284.000000
avance = -333.000000, avanceR = 2.000000, avanceI = 2.000000
inc_x_r = 0.000000, inc_y_r = 1.000000, inc_x_i = 1.000000, inc_y_i = 1.000000
En el else......

----------------------------------------
x = 6.000000, y = 285.000000
avance = -331.000000, avanceR = 2.000000, avanceI = 2.000000
inc_x_r = 0.000000, inc_y_r = 1.000000, inc_x_i = 1.000000, inc_y_i = 1.000000
En el else......

----------------------------------------
x = 6.000000, y = 286.000000
avance = -329.000000, avanceR = 2.000000, avanceI = 2.000000
inc_x_r = 0.000000, inc_y_r = 1.000000, inc_x_i = 1.000000, inc_y_i = 1.000000
En el else......

----------------------------------------
x = 6.000000, y = 287.000000
avance = -327.000000, avanceR = 2.000000, avanceI = 2.000000
inc_x_r = 0.000000, inc_y_r = 1.000000, inc_x_i = 1.000000, inc_y_i = 1.000000
En el else......

----------------------------------------
x = 6.000000, y = 288.000000
avance = -325.000000, avanceR = 2.000000, avanceI = 2.000000
inc_x_r = 0.000000, inc_y_r = 1.000000, inc_x_i = 1.000000, inc_y_i = 1.000000
En el else......

----------------------------------------
x = 6.000000, y = 289.000000
avance = -323.000000, avanceR = 2.000000, avanceI = 2.000000
inc_x_r = 0.000000, inc_y_r = 1.000000, inc_x_i = 1.000000, inc_y_i = 1.000000
En el else......

----------------------------------------
x = 6.000000, y = 290.000000
avance = -321.000000, avanceR = 2.000000, avanceI = 2.000000
inc_x_r = 0.000000, inc_y_r = 1.000000, inc_x_i = 1.000000, inc_y_i = 1.000000
En el else......

----------------------------------------
x = 6.000000, y = 291.000000
avance = -319.000000, avanceR = 2.000000, avanceI = 2.000000
inc_x_r = 0.000000, inc_y_r = 1.000000, inc_x_i = 1.000000, inc_y_i = 1.000000
En el else......

----------------------------------------
x = 6.000000, y = 292.000000
avance = -317.000000, avanceR = 2.000000, avanceI = 2.000000
inc_x_r = 0.000000, inc_y_r = 1.000000, inc_x_i = 1.000000, inc_y_i = 1.000000
En el else......

----------------------------------------
x = 6.000000, y = 293.000000
avance = -315.000000, avanceR = 2.000000, avanceI = 2.000000
inc_x_r = 0.000000, inc_y_r = 1.000000, inc_x_i = 1.000000, inc_y_i = 1.000000
En el else......

----------------------------------------
x = 6.000000, y = 294.000000
avance = -313.000000, avanceR = 2.000000, avanceI = 2.000000
inc_x_r = 0.000000, inc_y_r = 1.000000, inc_x_i = 1.000000, inc_y_i = 1.000000
En el else......

----------------------------------------
x = 6.000000, y = 295.000000
avance = -311.000000, avanceR = 2.000000, avanceI = 2.000000
inc_x_r = 0.000000, inc_y_r = 1.000000, inc_x_i = 1.000000, inc_y_i = 1.000000
En el else......

----------------------------------------
x = 6.000000, y = 296.000000
avance = -309.000000, avanceR = 2.000000, avanceI = 2.000000
inc_x_r = 0.000000, inc_y_r = 1.000000, inc_x_i = 1.000000, inc_y_i = 1.000000
En el else......

----------------------------------------
x = 6.000000, y = 297.000000
avance = -307.000000, avanceR = 2.000000, avanceI = 2.000000
inc_x_r = 0.000000, inc_y_r = 1.000000, inc_x_i = 1.000000, inc_y_i = 1.000000
En el else......

----------------------------------------
x = 6.000000, y = 298.000000
avance = -305.000000, avanceR = 2.000000, avanceI = 2.000000
inc_x_r = 0.000000, inc_y_r = 1.000000, inc_x_i = 1.000000, inc_y_i = 1.000000
En el else......

----------------------------------------
x = 6.000000, y = 299.000000
avance = -303.000000, avanceR = 2.000000, avanceI = 2.000000
inc_x_r = 0.000000, inc_y_r = 1.000000, inc_x_i = 1.000000, inc_y_i = 1.000000
En el else......

----------------------------------------
x = 6.000000, y = 300.000000
avance = -301.000000, avanceR = 2.000000, avanceI = 2.000000
inc_x_r = 0.000000, inc_y_r = 1.000000, inc_x_i = 1.000000, inc_y_i = 1.000000
En el else......

----------------------------------------
x = 6.000000, y = 301.000000
avance = -299.000000, avanceR = 2.000000, avanceI = 2.000000
inc_x_r = 0.000000, inc_y_r = 1.000000, inc_x_i = 1.000000, inc_y_i = 1.000000
En el else......

----------------------------------------
x = 6.000000, y = 302.000000
avance = -297.000000, avanceR = 2.000000, avanceI = 2.000000
inc_x_r = 0.000000, inc_y_r = 1.000000, inc_x_i = 1.000000, inc_y_i = 1.000000
En el else......

----------------------------------------
x = 6.000000, y = 303.000000
avance = -295.000000, avanceR = 2.000000, avanceI = 2.000000
inc_x_r = 0.000000, inc_y_r = 1.000000, inc_x_i = 1.000000, inc_y_i = 1.000000
En el else......

----------------------------------------
x = 6.000000, y = 304.000000
avance = -293.000000, avanceR = 2.000000, avanceI = 2.000000
inc_x_r = 0.000000, inc_y_r = 1.000000, inc_x_i = 1.000000, inc_y_i = 1.000000
En el else......

----------------------------------------
x = 6.000000, y = 305.000000
avance = -291.000000, avanceR = 2.000000, avanceI = 2.000000
inc_x_r = 0.000000, inc_y_r = 1.000000, inc_x_i = 1.000000, inc_y_i = 1.000000
En el else......

----------------------------------------
x = 6.000000, y = 306.000000
avance = -289.000000, avanceR = 2.000000, avanceI = 2.000000
inc_x_r = 0.000000, inc_y_r = 1.000000, inc_x_i = 1.000000, inc_y_i = 1.000000
En el else......

----------------------------------------
x = 6.000000, y = 307.000000
avance = -287.000000, avanceR = 2.000000, avanceI = 2.000000
inc_x_r = 0.000000, inc_y_r = 1.000000, inc_x_i = 1.000000, inc_y_i = 1.000000
En el else......

----------------------------------------
x = 6.000000, y = 308.000000
avance = -285.000000, avanceR = 2.000000, avanceI = 2.000000
inc_x_r = 0.000000, inc_y_r = 1.000000, inc_x_i = 1.000000, inc_y_i = 1.000000
En el else......

----------------------------------------
x = 6.000000, y = 309.000000
avance = -283.000000, avanceR = 2.000000, avanceI = 2.000000
inc_x_r = 0.000000, inc_y_r = 1.000000, inc_x_i = 1.000000, inc_y_i = 1.000000
En el else......

----------------------------------------
x = 6.000000, y = 310.000000
avance = -281.000000, avanceR = 2.000000, avanceI = 2.000000
inc_x_r = 0.000000, inc_y_r = 1.000000, inc_x_i = 1.000000, inc_y_i = 1.000000
En el else......

----------------------------------------
x = 6.000000, y = 311.000000
avance = -279.000000, avanceR = 2.000000, avanceI = 2.000000
inc_x_r = 0.000000, inc_y_r = 1.000000, inc_x_i = 1.000000, inc_y_i = 1.000000
En el else......

----------------------------------------
x = 6.000000, y = 312.000000
avance = -277.000000, avanceR = 2.000000, avanceI = 2.000000
inc_x_r = 0.000000, inc_y_r = 1.000000, inc_x_i = 1.000000, inc_y_i = 1.000000
En el else......

----------------------------------------
x = 6.000000, y = 313.000000
avance = -275.000000, avanceR = 2.000000, avanceI = 2.000000
inc_x_r = 0.000000, inc_y_r = 1.000000, inc_x_i = 1.000000, inc_y_i = 1.000000
En el else......

----------------------------------------
x = 6.000000, y = 314.000000
avance = -273.000000, avanceR = 2.000000, avanceI = 2.000000
inc_x_r = 0.000000, inc_y_r = 1.000000, inc_x_i = 1.000000, inc_y_i = 1.000000
En el else......

----------------------------------------
x = 6.000000, y = 315.000000
avance = -271.000000, avanceR = 2.000000, avanceI = 2.000000
inc_x_r = 0.000000, inc_y_r = 1.000000, inc_x_i = 1.000000, inc_y_i = 1.000000
En el else......

----------------------------------------
x = 6.000000, y = 316.000000
avance = -269.000000, avanceR = 2.000000, avanceI = 2.000000
inc_x_r = 0.000000, inc_y_r = 1.000000, inc_x_i = 1.000000, inc_y_i = 1.000000
En el else......

----------------------------------------
x = 6.000000, y = 317.000000
avance = -267.000000, avanceR = 2.000000, avanceI = 2.000000
inc_x_r = 0.000000, inc_y_r = 1.000000, inc_x_i = 1.000000, inc_y_i = 1.000000
En el else......

----------------------------------------
x = 6.000000, y = 318.000000
avance = -265.000000, avanceR = 2.000000, avanceI = 2.000000
inc_x_r = 0.000000, inc_y_r = 1.000000, inc_x_i = 1.000000, inc_y_i = 1.000000
En el else......

----------------------------------------
x = 6.000000, y = 319.000000
avance = -263.000000, avanceR = 2.000000, avanceI = 2.000000
inc_x_r = 0.000000, inc_y_r = 1.000000, inc_x_i = 1.000000, inc_y_i = 1.000000
En el else......

----------------------------------------
x = 6.000000, y = 320.000000
avance = -261.000000, avanceR = 2.000000, avanceI = 2.000000
inc_x_r = 0.000000, inc_y_r = 1.000000, inc_x_i = 1.000000, inc_y_i = 1.000000
En el else......

----------------------------------------
x = 6.000000, y = 321.000000
avance = -259.000000, avanceR = 2.000000, avanceI = 2.000000
inc_x_r = 0.000000, inc_y_r = 1.000000, inc_x_i = 1.000000, inc_y_i = 1.000000
En el else......

----------------------------------------
x = 6.000000, y = 322.000000
avance = -257.000000, avanceR = 2.000000, avanceI = 2.000000
inc_x_r = 0.000000, inc_y_r = 1.000000, inc_x_i = 1.000000, inc_y_i = 1.000000
En el else......

----------------------------------------
x = 6.000000, y = 323.000000
avance = -255.000000, avanceR = 2.000000, avanceI = 2.000000
inc_x_r = 0.000000, inc_y_r = 1.000000, inc_x_i = 1.000000, inc_y_i = 1.000000
En el else......

----------------------------------------
x = 6.000000, y = 324.000000
avance = -253.000000, avanceR = 2.000000, avanceI = 2.000000
inc_x_r = 0.000000, inc_y_r = 1.000000, inc_x_i = 1.000000, inc_y_i = 1.000000
En el else......

----------------------------------------
x = 6.000000, y = 325.000000
avance = -251.000000, avanceR = 2.000000, avanceI = 2.000000
inc_x_r = 0.000000, inc_y_r = 1.000000, inc_x_i = 1.000000, inc_y_i = 1.000000
En el else......

----------------------------------------


ENTRAMOS A BRESENHAMªªªª
x1 = 5.000000 - y1 = 75.000000 || x2 = 6.000000 - y2 = 326.000000
dy = 251.000000, dx = 1.000000
avances inclinados: inc_x_i = 1.000000, inc_y_i = 1.000000
updated: dy = 251.000000, dx = 1.000000
avances rectos: inc_x_r = 0.000000, inc_y_r 1.000000
reupdated: dy = 1.000000, dx = 251.000000
avanceR = 2.000000, avance -249.000000, avanceI 2.000000
----------------------------------------
x = 5.000000, y = 75.000000
avance = -249.000000, avanceR = 2.000000, avanceI = 2.000000
inc_x_r = 0.000000, inc_y_r = 1.000000, inc_x_i = 1.000000, inc_y_i = 1.000000
En el else......

----------------------------------------
x = 5.000000, y = 76.000000
avance = -247.000000, avanceR = 2.000000, avanceI = 2.000000
inc_x_r = 0.000000, inc_y_r = 1.000000, inc_x_i = 1.000000, inc_y_i = 1.000000
En el else......

----------------------------------------
x = 5.000000, y = 77.000000
avance = -245.000000, avanceR = 2.000000, avanceI = 2.000000
inc_x_r = 0.000000, inc_y_r = 1.000000, inc_x_i = 1.000000, inc_y_i = 1.000000
En el else......

----------------------------------------
x = 5.000000, y = 78.000000
avance = -243.000000, avanceR = 2.000000, avanceI = 2.000000
inc_x_r = 0.000000, inc_y_r = 1.000000, inc_x_i = 1.000000, inc_y_i = 1.000000
En el else......

----------------------------------------
x = 5.000000, y = 79.000000
avance = -241.000000, avanceR = 2.000000, avanceI = 2.000000
inc_x_r = 0.000000, inc_y_r = 1.000000, inc_x_i = 1.000000, inc_y_i = 1.000000
En el else......

----------------------------------------
x = 5.000000, y = 80.000000
avance = -239.000000, avanceR = 2.000000, avanceI = 2.000000
inc_x_r = 0.000000, inc_y_r = 1.000000, inc_x_i = 1.000000, inc_y_i = 1.000000
En el else......

----------------------------------------
x = 5.000000, y = 81.000000
avance = -237.000000, avanceR = 2.000000, avanceI = 2.000000
inc_x_r = 0.000000, inc_y_r = 1.000000, inc_x_i = 1.000000, inc_y_i = 1.000000
En el else......

----------------------------------------
x = 5.000000, y = 82.000000
avance = -235.000000, avanceR = 2.000000, avanceI = 2.000000
inc_x_r = 0.000000, inc_y_r = 1.000000, inc_x_i = 1.000000, inc_y_i = 1.000000
En el else......

----------------------------------------
x = 5.000000, y = 83.000000
avance = -233.000000, avanceR = 2.000000, avanceI = 2.000000
inc_x_r = 0.000000, inc_y_r = 1.000000, inc_x_i = 1.000000, inc_y_i = 1.000000
En el else......

----------------------------------------
x = 5.000000, y = 84.000000
avance = -231.000000, avanceR = 2.000000, avanceI = 2.000000
inc_x_r = 0.000000, inc_y_r = 1.000000, inc_x_i = 1.000000, inc_y_i = 1.000000
En el else......

----------------------------------------
x = 5.000000, y = 85.000000
avance = -229.000000, avanceR = 2.000000, avanceI = 2.000000
inc_x_r = 0.000000, inc_y_r = 1.000000, inc_x_i = 1.000000, inc_y_i = 1.000000
En el else......

----------------------------------------
x = 5.000000, y = 86.000000
avance = -227.000000, avanceR = 2.000000, avanceI = 2.000000
inc_x_r = 0.000000, inc_y_r = 1.000000, inc_x_i = 1.000000, inc_y_i = 1.000000
En el else......

----------------------------------------
x = 5.000000, y = 87.000000
avance = -225.000000, avanceR = 2.000000, avanceI = 2.000000
inc_x_r = 0.000000, inc_y_r = 1.000000, inc_x_i = 1.000000, inc_y_i = 1.000000
En el else......

----------------------------------------
x = 5.000000, y = 88.000000
avance = -223.000000, avanceR = 2.000000, avanceI = 2.000000
inc_x_r = 0.000000, inc_y_r = 1.000000, inc_x_i = 1.000000, inc_y_i = 1.000000
En el else......

----------------------------------------
x = 5.000000, y = 89.000000
avance = -221.000000, avanceR = 2.000000, avanceI = 2.000000
inc_x_r = 0.000000, inc_y_r = 1.000000, inc_x_i = 1.000000, inc_y_i = 1.000000
En el else......

----------------------------------------
x = 5.000000, y = 90.000000
avance = -219.000000, avanceR = 2.000000, avanceI = 2.000000
inc_x_r = 0.000000, inc_y_r = 1.000000, inc_x_i = 1.000000, inc_y_i = 1.000000
En el else......

----------------------------------------
x = 5.000000, y = 91.000000
avance = -217.000000, avanceR = 2.000000, avanceI = 2.000000
inc_x_r = 0.000000, inc_y_r = 1.000000, inc_x_i = 1.000000, inc_y_i = 1.000000
En el else......

----------------------------------------
x = 5.000000, y = 92.000000
avance = -215.000000, avanceR = 2.000000, avanceI = 2.000000
inc_x_r = 0.000000, inc_y_r = 1.000000, inc_x_i = 1.000000, inc_y_i = 1.000000
En el else......

----------------------------------------
x = 5.000000, y = 93.000000
avance = -213.000000, avanceR = 2.000000, avanceI = 2.000000
inc_x_r = 0.000000, inc_y_r = 1.000000, inc_x_i = 1.000000, inc_y_i = 1.000000
En el else......

----------------------------------------
x = 5.000000, y = 94.000000
avance = -211.000000, avanceR = 2.000000, avanceI = 2.000000
inc_x_r = 0.000000, inc_y_r = 1.000000, inc_x_i = 1.000000, inc_y_i = 1.000000
En el else......

----------------------------------------
x = 5.000000, y = 95.000000
avance = -209.000000, avanceR = 2.000000, avanceI = 2.000000
inc_x_r = 0.000000, inc_y_r = 1.000000, inc_x_i = 1.000000, inc_y_i = 1.000000
En el else......

----------------------------------------
x = 5.000000, y = 96.000000
avance = -207.000000, avanceR = 2.000000, avanceI = 2.000000
inc_x_r = 0.000000, inc_y_r = 1.000000, inc_x_i = 1.000000, inc_y_i = 1.000000
En el else......

----------------------------------------
x = 5.000000, y = 97.000000
avance = -205.000000, avanceR = 2.000000, avanceI = 2.000000
inc_x_r = 0.000000, inc_y_r = 1.000000, inc_x_i = 1.000000, inc_y_i = 1.000000
En el else......

----------------------------------------
x = 5.000000, y = 98.000000
avance = -203.000000, avanceR = 2.000000, avanceI = 2.000000
inc_x_r = 0.000000, inc_y_r = 1.000000, inc_x_i = 1.000000, inc_y_i = 1.000000
En el else......

----------------------------------------
x = 5.000000, y = 99.000000
avance = -201.000000, avanceR = 2.000000, avanceI = 2.000000
inc_x_r = 0.000000, inc_y_r = 1.000000, inc_x_i = 1.000000, inc_y_i = 1.000000
En el else......

----------------------------------------
x = 5.000000, y = 100.000000
avance = -199.000000, avanceR = 2.000000, avanceI = 2.000000
inc_x_r = 0.000000, inc_y_r = 1.000000, inc_x_i = 1.000000, inc_y_i = 1.000000
En el else......

----------------------------------------
x = 5.000000, y = 101.000000
avance = -197.000000, avanceR = 2.000000, avanceI = 2.000000
inc_x_r = 0.000000, inc_y_r = 1.000000, inc_x_i = 1.000000, inc_y_i = 1.000000
En el else......

----------------------------------------
x = 5.000000, y = 102.000000
avance = -195.000000, avanceR = 2.000000, avanceI = 2.000000
inc_x_r = 0.000000, inc_y_r = 1.000000, inc_x_i = 1.000000, inc_y_i = 1.000000
En el else......

----------------------------------------
x = 5.000000, y = 103.000000
avance = -193.000000, avanceR = 2.000000, avanceI = 2.000000
inc_x_r = 0.000000, inc_y_r = 1.000000, inc_x_i = 1.000000, inc_y_i = 1.000000
En el else......

----------------------------------------
x = 5.000000, y = 104.000000
avance = -191.000000, avanceR = 2.000000, avanceI = 2.000000
inc_x_r = 0.000000, inc_y_r = 1.000000, inc_x_i = 1.000000, inc_y_i = 1.000000
En el else......

----------------------------------------
x = 5.000000, y = 105.000000
avance = -189.000000, avanceR = 2.000000, avanceI = 2.000000
inc_x_r = 0.000000, inc_y_r = 1.000000, inc_x_i = 1.000000, inc_y_i = 1.000000
En el else......

----------------------------------------
x = 5.000000, y = 106.000000
avance = -187.000000, avanceR = 2.000000, avanceI = 2.000000
inc_x_r = 0.000000, inc_y_r = 1.000000, inc_x_i = 1.000000, inc_y_i = 1.000000
En el else......

----------------------------------------
x = 5.000000, y = 107.000000
avance = -185.000000, avanceR = 2.000000, avanceI = 2.000000
inc_x_r = 0.000000, inc_y_r = 1.000000, inc_x_i = 1.000000, inc_y_i = 1.000000
En el else......

----------------------------------------
x = 5.000000, y = 108.000000
avance = -183.000000, avanceR = 2.000000, avanceI = 2.000000
inc_x_r = 0.000000, inc_y_r = 1.000000, inc_x_i = 1.000000, inc_y_i = 1.000000
En el else......

----------------------------------------
x = 5.000000, y = 109.000000
avance = -181.000000, avanceR = 2.000000, avanceI = 2.000000
inc_x_r = 0.000000, inc_y_r = 1.000000, inc_x_i = 1.000000, inc_y_i = 1.000000
En el else......

----------------------------------------
x = 5.000000, y = 110.000000
avance = -179.000000, avanceR = 2.000000, avanceI = 2.000000
inc_x_r = 0.000000, inc_y_r = 1.000000, inc_x_i = 1.000000, inc_y_i = 1.000000
En el else......

----------------------------------------
x = 5.000000, y = 111.000000
avance = -177.000000, avanceR = 2.000000, avanceI = 2.000000
inc_x_r = 0.000000, inc_y_r = 1.000000, inc_x_i = 1.000000, inc_y_i = 1.000000
En el else......

----------------------------------------
x = 5.000000, y = 112.000000
avance = -175.000000, avanceR = 2.000000, avanceI = 2.000000
inc_x_r = 0.000000, inc_y_r = 1.000000, inc_x_i = 1.000000, inc_y_i = 1.000000
En el else......

----------------------------------------
x = 5.000000, y = 113.000000
avance = -173.000000, avanceR = 2.000000, avanceI = 2.000000
inc_x_r = 0.000000, inc_y_r = 1.000000, inc_x_i = 1.000000, inc_y_i = 1.000000
En el else......

----------------------------------------
x = 5.000000, y = 114.000000
avance = -171.000000, avanceR = 2.000000, avanceI = 2.000000
inc_x_r = 0.000000, inc_y_r = 1.000000, inc_x_i = 1.000000, inc_y_i = 1.000000
En el else......

----------------------------------------
x = 5.000000, y = 115.000000
avance = -169.000000, avanceR = 2.000000, avanceI = 2.000000
inc_x_r = 0.000000, inc_y_r = 1.000000, inc_x_i = 1.000000, inc_y_i = 1.000000
En el else......

----------------------------------------
x = 5.000000, y = 116.000000
avance = -167.000000, avanceR = 2.000000, avanceI = 2.000000
inc_x_r = 0.000000, inc_y_r = 1.000000, inc_x_i = 1.000000, inc_y_i = 1.000000
En el else......

----------------------------------------
x = 5.000000, y = 117.000000
avance = -165.000000, avanceR = 2.000000, avanceI = 2.000000
inc_x_r = 0.000000, inc_y_r = 1.000000, inc_x_i = 1.000000, inc_y_i = 1.000000
En el else......

----------------------------------------
x = 5.000000, y = 118.000000
avance = -163.000000, avanceR = 2.000000, avanceI = 2.000000
inc_x_r = 0.000000, inc_y_r = 1.000000, inc_x_i = 1.000000, inc_y_i = 1.000000
En el else......

----------------------------------------
x = 5.000000, y = 119.000000
avance = -161.000000, avanceR = 2.000000, avanceI = 2.000000
inc_x_r = 0.000000, inc_y_r = 1.000000, inc_x_i = 1.000000, inc_y_i = 1.000000
En el else......

----------------------------------------
x = 5.000000, y = 120.000000
avance = -159.000000, avanceR = 2.000000, avanceI = 2.000000
inc_x_r = 0.000000, inc_y_r = 1.000000, inc_x_i = 1.000000, inc_y_i = 1.000000
En el else......

----------------------------------------
x = 5.000000, y = 121.000000
avance = -157.000000, avanceR = 2.000000, avanceI = 2.000000
inc_x_r = 0.000000, inc_y_r = 1.000000, inc_x_i = 1.000000, inc_y_i = 1.000000
En el else......

----------------------------------------
x = 5.000000, y = 122.000000
avance = -155.000000, avanceR = 2.000000, avanceI = 2.000000
inc_x_r = 0.000000, inc_y_r = 1.000000, inc_x_i = 1.000000, inc_y_i = 1.000000
En el else......

----------------------------------------
x = 5.000000, y = 123.000000
avance = -153.000000, avanceR = 2.000000, avanceI = 2.000000
inc_x_r = 0.000000, inc_y_r = 1.000000, inc_x_i = 1.000000, inc_y_i = 1.000000
En el else......

----------------------------------------
x = 5.000000, y = 124.000000
avance = -151.000000, avanceR = 2.000000, avanceI = 2.000000
inc_x_r = 0.000000, inc_y_r = 1.000000, inc_x_i = 1.000000, inc_y_i = 1.000000
En el else......

----------------------------------------
x = 5.000000, y = 125.000000
avance = -149.000000, avanceR = 2.000000, avanceI = 2.000000
inc_x_r = 0.000000, inc_y_r = 1.000000, inc_x_i = 1.000000, inc_y_i = 1.000000
En el else......

----------------------------------------
x = 5.000000, y = 126.000000
avance = -147.000000, avanceR = 2.000000, avanceI = 2.000000
inc_x_r = 0.000000, inc_y_r = 1.000000, inc_x_i = 1.000000, inc_y_i = 1.000000
En el else......

----------------------------------------
x = 5.000000, y = 127.000000
avance = -145.000000, avanceR = 2.000000, avanceI = 2.000000
inc_x_r = 0.000000, inc_y_r = 1.000000, inc_x_i = 1.000000, inc_y_i = 1.000000
En el else......

----------------------------------------
x = 5.000000, y = 128.000000
avance = -143.000000, avanceR = 2.000000, avanceI = 2.000000
inc_x_r = 0.000000, inc_y_r = 1.000000, inc_x_i = 1.000000, inc_y_i = 1.000000
En el else......

----------------------------------------
x = 5.000000, y = 129.000000
avance = -141.000000, avanceR = 2.000000, avanceI = 2.000000
inc_x_r = 0.000000, inc_y_r = 1.000000, inc_x_i = 1.000000, inc_y_i = 1.000000
En el else......

----------------------------------------
x = 5.000000, y = 130.000000
avance = -139.000000, avanceR = 2.000000, avanceI = 2.000000
inc_x_r = 0.000000, inc_y_r = 1.000000, inc_x_i = 1.000000, inc_y_i = 1.000000
En el else......

----------------------------------------
x = 5.000000, y = 131.000000
avance = -137.000000, avanceR = 2.000000, avanceI = 2.000000
inc_x_r = 0.000000, inc_y_r = 1.000000, inc_x_i = 1.000000, inc_y_i = 1.000000
En el else......

----------------------------------------
x = 5.000000, y = 132.000000
avance = -135.000000, avanceR = 2.000000, avanceI = 2.000000
inc_x_r = 0.000000, inc_y_r = 1.000000, inc_x_i = 1.000000, inc_y_i = 1.000000
En el else......

----------------------------------------
x = 5.000000, y = 133.000000
avance = -133.000000, avanceR = 2.000000, avanceI = 2.000000
inc_x_r = 0.000000, inc_y_r = 1.000000, inc_x_i = 1.000000, inc_y_i = 1.000000
En el else......

----------------------------------------
x = 5.000000, y = 134.000000
avance = -131.000000, avanceR = 2.000000, avanceI = 2.000000
inc_x_r = 0.000000, inc_y_r = 1.000000, inc_x_i = 1.000000, inc_y_i = 1.000000
En el else......

----------------------------------------
x = 5.000000, y = 135.000000
avance = -129.000000, avanceR = 2.000000, avanceI = 2.000000
inc_x_r = 0.000000, inc_y_r = 1.000000, inc_x_i = 1.000000, inc_y_i = 1.000000
En el else......

----------------------------------------
x = 5.000000, y = 136.000000
avance = -127.000000, avanceR = 2.000000, avanceI = 2.000000
inc_x_r = 0.000000, inc_y_r = 1.000000, inc_x_i = 1.000000, inc_y_i = 1.000000
En el else......

----------------------------------------
x = 5.000000, y = 137.000000
avance = -125.000000, avanceR = 2.000000, avanceI = 2.000000
inc_x_r = 0.000000, inc_y_r = 1.000000, inc_x_i = 1.000000, inc_y_i = 1.000000
En el else......

----------------------------------------
x = 5.000000, y = 138.000000
avance = -123.000000, avanceR = 2.000000, avanceI = 2.000000
inc_x_r = 0.000000, inc_y_r = 1.000000, inc_x_i = 1.000000, inc_y_i = 1.000000
En el else......

----------------------------------------
x = 5.000000, y = 139.000000
avance = -121.000000, avanceR = 2.000000, avanceI = 2.000000
inc_x_r = 0.000000, inc_y_r = 1.000000, inc_x_i = 1.000000, inc_y_i = 1.000000
En el else......

----------------------------------------
x = 5.000000, y = 140.000000
avance = -119.000000, avanceR = 2.000000, avanceI = 2.000000
inc_x_r = 0.000000, inc_y_r = 1.000000, inc_x_i = 1.000000, inc_y_i = 1.000000
En el else......

----------------------------------------
x = 5.000000, y = 141.000000
avance = -117.000000, avanceR = 2.000000, avanceI = 2.000000
inc_x_r = 0.000000, inc_y_r = 1.000000, inc_x_i = 1.000000, inc_y_i = 1.000000
En el else......

----------------------------------------
x = 5.000000, y = 142.000000
avance = -115.000000, avanceR = 2.000000, avanceI = 2.000000
inc_x_r = 0.000000, inc_y_r = 1.000000, inc_x_i = 1.000000, inc_y_i = 1.000000
En el else......

----------------------------------------
x = 5.000000, y = 143.000000
avance = -113.000000, avanceR = 2.000000, avanceI = 2.000000
inc_x_r = 0.000000, inc_y_r = 1.000000, inc_x_i = 1.000000, inc_y_i = 1.000000
En el else......

----------------------------------------
x = 5.000000, y = 144.000000
avance = -111.000000, avanceR = 2.000000, avanceI = 2.000000
inc_x_r = 0.000000, inc_y_r = 1.000000, inc_x_i = 1.000000, inc_y_i = 1.000000
En el else......

----------------------------------------
x = 5.000000, y = 145.000000
avance = -109.000000, avanceR = 2.000000, avanceI = 2.000000
inc_x_r = 0.000000, inc_y_r = 1.000000, inc_x_i = 1.000000, inc_y_i = 1.000000
En el else......

----------------------------------------
x = 5.000000, y = 146.000000
avance = -107.000000, avanceR = 2.000000, avanceI = 2.000000
inc_x_r = 0.000000, inc_y_r = 1.000000, inc_x_i = 1.000000, inc_y_i = 1.000000
En el else......

----------------------------------------
x = 5.000000, y = 147.000000
avance = -105.000000, avanceR = 2.000000, avanceI = 2.000000
inc_x_r = 0.000000, inc_y_r = 1.000000, inc_x_i = 1.000000, inc_y_i = 1.000000
En el else......

----------------------------------------
x = 5.000000, y = 148.000000
avance = -103.000000, avanceR = 2.000000, avanceI = 2.000000
inc_x_r = 0.000000, inc_y_r = 1.000000, inc_x_i = 1.000000, inc_y_i = 1.000000
En el else......

----------------------------------------
x = 5.000000, y = 149.000000
avance = -101.000000, avanceR = 2.000000, avanceI = 2.000000
inc_x_r = 0.000000, inc_y_r = 1.000000, inc_x_i = 1.000000, inc_y_i = 1.000000
En el else......

----------------------------------------
x = 5.000000, y = 150.000000
avance = -99.000000, avanceR = 2.000000, avanceI = 2.000000
inc_x_r = 0.000000, inc_y_r = 1.000000, inc_x_i = 1.000000, inc_y_i = 1.000000
En el else......

----------------------------------------
x = 5.000000, y = 151.000000
avance = -97.000000, avanceR = 2.000000, avanceI = 2.000000
inc_x_r = 0.000000, inc_y_r = 1.000000, inc_x_i = 1.000000, inc_y_i = 1.000000
En el else......

----------------------------------------
x = 5.000000, y = 152.000000
avance = -95.000000, avanceR = 2.000000, avanceI = 2.000000
inc_x_r = 0.000000, inc_y_r = 1.000000, inc_x_i = 1.000000, inc_y_i = 1.000000
En el else......

----------------------------------------
x = 5.000000, y = 153.000000
avance = -93.000000, avanceR = 2.000000, avanceI = 2.000000
inc_x_r = 0.000000, inc_y_r = 1.000000, inc_x_i = 1.000000, inc_y_i = 1.000000
En el else......

----------------------------------------
x = 5.000000, y = 154.000000
avance = -91.000000, avanceR = 2.000000, avanceI = 2.000000
inc_x_r = 0.000000, inc_y_r = 1.000000, inc_x_i = 1.000000, inc_y_i = 1.000000
En el else......

----------------------------------------
x = 5.000000, y = 155.000000
avance = -89.000000, avanceR = 2.000000, avanceI = 2.000000
inc_x_r = 0.000000, inc_y_r = 1.000000, inc_x_i = 1.000000, inc_y_i = 1.000000
En el else......

----------------------------------------
x = 5.000000, y = 156.000000
avance = -87.000000, avanceR = 2.000000, avanceI = 2.000000
inc_x_r = 0.000000, inc_y_r = 1.000000, inc_x_i = 1.000000, inc_y_i = 1.000000
En el else......

----------------------------------------
x = 5.000000, y = 157.000000
avance = -85.000000, avanceR = 2.000000, avanceI = 2.000000
inc_x_r = 0.000000, inc_y_r = 1.000000, inc_x_i = 1.000000, inc_y_i = 1.000000
En el else......

----------------------------------------
x = 5.000000, y = 158.000000
avance = -83.000000, avanceR = 2.000000, avanceI = 2.000000
inc_x_r = 0.000000, inc_y_r = 1.000000, inc_x_i = 1.000000, inc_y_i = 1.000000
En el else......

----------------------------------------
x = 5.000000, y = 159.000000
avance = -81.000000, avanceR = 2.000000, avanceI = 2.000000
inc_x_r = 0.000000, inc_y_r = 1.000000, inc_x_i = 1.000000, inc_y_i = 1.000000
En el else......

----------------------------------------
x = 5.000000, y = 160.000000
avance = -79.000000, avanceR = 2.000000, avanceI = 2.000000
inc_x_r = 0.000000, inc_y_r = 1.000000, inc_x_i = 1.000000, inc_y_i = 1.000000
En el else......

----------------------------------------
x = 5.000000, y = 161.000000
avance = -77.000000, avanceR = 2.000000, avanceI = 2.000000
inc_x_r = 0.000000, inc_y_r = 1.000000, inc_x_i = 1.000000, inc_y_i = 1.000000
En el else......

----------------------------------------
x = 5.000000, y = 162.000000
avance = -75.000000, avanceR = 2.000000, avanceI = 2.000000
inc_x_r = 0.000000, inc_y_r = 1.000000, inc_x_i = 1.000000, inc_y_i = 1.000000
En el else......

----------------------------------------
x = 5.000000, y = 163.000000
avance = -73.000000, avanceR = 2.000000, avanceI = 2.000000
inc_x_r = 0.000000, inc_y_r = 1.000000, inc_x_i = 1.000000, inc_y_i = 1.000000
En el else......

----------------------------------------
x = 5.000000, y = 164.000000
avance = -71.000000, avanceR = 2.000000, avanceI = 2.000000
inc_x_r = 0.000000, inc_y_r = 1.000000, inc_x_i = 1.000000, inc_y_i = 1.000000
En el else......

----------------------------------------
x = 5.000000, y = 165.000000
avance = -69.000000, avanceR = 2.000000, avanceI = 2.000000
inc_x_r = 0.000000, inc_y_r = 1.000000, inc_x_i = 1.000000, inc_y_i = 1.000000
En el else......

----------------------------------------
x = 5.000000, y = 166.000000
avance = -67.000000, avanceR = 2.000000, avanceI = 2.000000
inc_x_r = 0.000000, inc_y_r = 1.000000, inc_x_i = 1.000000, inc_y_i = 1.000000
En el else......

----------------------------------------
x = 5.000000, y = 167.000000
avance = -65.000000, avanceR = 2.000000, avanceI = 2.000000
inc_x_r = 0.000000, inc_y_r = 1.000000, inc_x_i = 1.000000, inc_y_i = 1.000000
En el else......

----------------------------------------
x = 5.000000, y = 168.000000
avance = -63.000000, avanceR = 2.000000, avanceI = 2.000000
inc_x_r = 0.000000, inc_y_r = 1.000000, inc_x_i = 1.000000, inc_y_i = 1.000000
En el else......

----------------------------------------
x = 5.000000, y = 169.000000
avance = -61.000000, avanceR = 2.000000, avanceI = 2.000000
inc_x_r = 0.000000, inc_y_r = 1.000000, inc_x_i = 1.000000, inc_y_i = 1.000000
En el else......

----------------------------------------
x = 5.000000, y = 170.000000
avance = -59.000000, avanceR = 2.000000, avanceI = 2.000000
inc_x_r = 0.000000, inc_y_r = 1.000000, inc_x_i = 1.000000, inc_y_i = 1.000000
En el else......

----------------------------------------
x = 5.000000, y = 171.000000
avance = -57.000000, avanceR = 2.000000, avanceI = 2.000000
inc_x_r = 0.000000, inc_y_r = 1.000000, inc_x_i = 1.000000, inc_y_i = 1.000000
En el else......

----------------------------------------
x = 5.000000, y = 172.000000
avance = -55.000000, avanceR = 2.000000, avanceI = 2.000000
inc_x_r = 0.000000, inc_y_r = 1.000000, inc_x_i = 1.000000, inc_y_i = 1.000000
En el else......

----------------------------------------
x = 5.000000, y = 173.000000
avance = -53.000000, avanceR = 2.000000, avanceI = 2.000000
inc_x_r = 0.000000, inc_y_r = 1.000000, inc_x_i = 1.000000, inc_y_i = 1.000000
En el else......

----------------------------------------
x = 5.000000, y = 174.000000
avance = -51.000000, avanceR = 2.000000, avanceI = 2.000000
inc_x_r = 0.000000, inc_y_r = 1.000000, inc_x_i = 1.000000, inc_y_i = 1.000000
En el else......

----------------------------------------
x = 5.000000, y = 175.000000
avance = -49.000000, avanceR = 2.000000, avanceI = 2.000000
inc_x_r = 0.000000, inc_y_r = 1.000000, inc_x_i = 1.000000, inc_y_i = 1.000000
En el else......

----------------------------------------
x = 5.000000, y = 176.000000
avance = -47.000000, avanceR = 2.000000, avanceI = 2.000000
inc_x_r = 0.000000, inc_y_r = 1.000000, inc_x_i = 1.000000, inc_y_i = 1.000000
En el else......

----------------------------------------
x = 5.000000, y = 177.000000
avance = -45.000000, avanceR = 2.000000, avanceI = 2.000000
inc_x_r = 0.000000, inc_y_r = 1.000000, inc_x_i = 1.000000, inc_y_i = 1.000000
En el else......

----------------------------------------
x = 5.000000, y = 178.000000
avance = -43.000000, avanceR = 2.000000, avanceI = 2.000000
inc_x_r = 0.000000, inc_y_r = 1.000000, inc_x_i = 1.000000, inc_y_i = 1.000000
En el else......

----------------------------------------
x = 5.000000, y = 179.000000
avance = -41.000000, avanceR = 2.000000, avanceI = 2.000000
inc_x_r = 0.000000, inc_y_r = 1.000000, inc_x_i = 1.000000, inc_y_i = 1.000000
En el else......

----------------------------------------
x = 5.000000, y = 180.000000
avance = -39.000000, avanceR = 2.000000, avanceI = 2.000000
inc_x_r = 0.000000, inc_y_r = 1.000000, inc_x_i = 1.000000, inc_y_i = 1.000000
En el else......

----------------------------------------
x = 5.000000, y = 181.000000
avance = -37.000000, avanceR = 2.000000, avanceI = 2.000000
inc_x_r = 0.000000, inc_y_r = 1.000000, inc_x_i = 1.000000, inc_y_i = 1.000000
En el else......

----------------------------------------
x = 5.000000, y = 182.000000
avance = -35.000000, avanceR = 2.000000, avanceI = 2.000000
inc_x_r = 0.000000, inc_y_r = 1.000000, inc_x_i = 1.000000, inc_y_i = 1.000000
En el else......

----------------------------------------
x = 5.000000, y = 183.000000
avance = -33.000000, avanceR = 2.000000, avanceI = 2.000000
inc_x_r = 0.000000, inc_y_r = 1.000000, inc_x_i = 1.000000, inc_y_i = 1.000000
En el else......

----------------------------------------
x = 5.000000, y = 184.000000
avance = -31.000000, avanceR = 2.000000, avanceI = 2.000000
inc_x_r = 0.000000, inc_y_r = 1.000000, inc_x_i = 1.000000, inc_y_i = 1.000000
En el else......

----------------------------------------
x = 5.000000, y = 185.000000
avance = -29.000000, avanceR = 2.000000, avanceI = 2.000000
inc_x_r = 0.000000, inc_y_r = 1.000000, inc_x_i = 1.000000, inc_y_i = 1.000000
En el else......

----------------------------------------
x = 5.000000, y = 186.000000
avance = -27.000000, avanceR = 2.000000, avanceI = 2.000000
inc_x_r = 0.000000, inc_y_r = 1.000000, inc_x_i = 1.000000, inc_y_i = 1.000000
En el else......

----------------------------------------
x = 5.000000, y = 187.000000
avance = -25.000000, avanceR = 2.000000, avanceI = 2.000000
inc_x_r = 0.000000, inc_y_r = 1.000000, inc_x_i = 1.000000, inc_y_i = 1.000000
En el else......

----------------------------------------
x = 5.000000, y = 188.000000
avance = -23.000000, avanceR = 2.000000, avanceI = 2.000000
inc_x_r = 0.000000, inc_y_r = 1.000000, inc_x_i = 1.000000, inc_y_i = 1.000000
En el else......

----------------------------------------
x = 5.000000, y = 189.000000
avance = -21.000000, avanceR = 2.000000, avanceI = 2.000000
inc_x_r = 0.000000, inc_y_r = 1.000000, inc_x_i = 1.000000, inc_y_i = 1.000000
En el else......

----------------------------------------
x = 5.000000, y = 190.000000
avance = -19.000000, avanceR = 2.000000, avanceI = 2.000000
inc_x_r = 0.000000, inc_y_r = 1.000000, inc_x_i = 1.000000, inc_y_i = 1.000000
En el else......

----------------------------------------
x = 5.000000, y = 191.000000
avance = -17.000000, avanceR = 2.000000, avanceI = 2.000000
inc_x_r = 0.000000, inc_y_r = 1.000000, inc_x_i = 1.000000, inc_y_i = 1.000000
En el else......

----------------------------------------
x = 5.000000, y = 192.000000
avance = -15.000000, avanceR = 2.000000, avanceI = 2.000000
inc_x_r = 0.000000, inc_y_r = 1.000000, inc_x_i = 1.000000, inc_y_i = 1.000000
En el else......

----------------------------------------
x = 5.000000, y = 193.000000
avance = -13.000000, avanceR = 2.000000, avanceI = 2.000000
inc_x_r = 0.000000, inc_y_r = 1.000000, inc_x_i = 1.000000, inc_y_i = 1.000000
En el else......

----------------------------------------
x = 5.000000, y = 194.000000
avance = -11.000000, avanceR = 2.000000, avanceI = 2.000000
inc_x_r = 0.000000, inc_y_r = 1.000000, inc_x_i = 1.000000, inc_y_i = 1.000000
En el else......

----------------------------------------
x = 5.000000, y = 195.000000
avance = -9.000000, avanceR = 2.000000, avanceI = 2.000000
inc_x_r = 0.000000, inc_y_r = 1.000000, inc_x_i = 1.000000, inc_y_i = 1.000000
En el else......

----------------------------------------
x = 5.000000, y = 196.000000
avance = -7.000000, avanceR = 2.000000, avanceI = 2.000000
inc_x_r = 0.000000, inc_y_r = 1.000000, inc_x_i = 1.000000, inc_y_i = 1.000000
En el else......

----------------------------------------
x = 5.000000, y = 197.000000
avance = -5.000000, avanceR = 2.000000, avanceI = 2.000000
inc_x_r = 0.000000, inc_y_r = 1.000000, inc_x_i = 1.000000, inc_y_i = 1.000000
En el else......

----------------------------------------
x = 5.000000, y = 198.000000
avance = -3.000000, avanceR = 2.000000, avanceI = 2.000000
inc_x_r = 0.000000, inc_y_r = 1.000000, inc_x_i = 1.000000, inc_y_i = 1.000000
En el else......

----------------------------------------
x = 5.000000, y = 199.000000
avance = -1.000000, avanceR = 2.000000, avanceI = 2.000000
inc_x_r = 0.000000, inc_y_r = 1.000000, inc_x_i = 1.000000, inc_y_i = 1.000000
En el else......

----------------------------------------
x = 5.000000, y = 200.000000
avance = 1.000000, avanceR = 2.000000, avanceI = 2.000000
inc_x_r = 0.000000, inc_y_r = 1.000000, inc_x_i = 1.000000, inc_y_i = 1.000000
avance >= 0

----------------------------------------
x = 6.000000, y = 201.000000
avance = -499.000000, avanceR = 2.000000, avanceI = 2.000000
inc_x_r = 0.000000, inc_y_r = 1.000000, inc_x_i = 1.000000, inc_y_i = 1.000000
En el else......

----------------------------------------
x = 6.000000, y = 202.000000
avance = -497.000000, avanceR = 2.000000, avanceI = 2.000000
inc_x_r = 0.000000, inc_y_r = 1.000000, inc_x_i = 1.000000, inc_y_i = 1.000000
En el else......

----------------------------------------
x = 6.000000, y = 203.000000
avance = -495.000000, avanceR = 2.000000, avanceI = 2.000000
inc_x_r = 0.000000, inc_y_r = 1.000000, inc_x_i = 1.000000, inc_y_i = 1.000000
En el else......

----------------------------------------
x = 6.000000, y = 204.000000
avance = -493.000000, avanceR = 2.000000, avanceI = 2.000000
inc_x_r = 0.000000, inc_y_r = 1.000000, inc_x_i = 1.000000, inc_y_i = 1.000000
En el else......

----------------------------------------
x = 6.000000, y = 205.000000
avance = -491.000000, avanceR = 2.000000, avanceI = 2.000000
inc_x_r = 0.000000, inc_y_r = 1.000000, inc_x_i = 1.000000, inc_y_i = 1.000000
En el else......

----------------------------------------
x = 6.000000, y = 206.000000
avance = -489.000000, avanceR = 2.000000, avanceI = 2.000000
inc_x_r = 0.000000, inc_y_r = 1.000000, inc_x_i = 1.000000, inc_y_i = 1.000000
En el else......

----------------------------------------
x = 6.000000, y = 207.000000
avance = -487.000000, avanceR = 2.000000, avanceI = 2.000000
inc_x_r = 0.000000, inc_y_r = 1.000000, inc_x_i = 1.000000, inc_y_i = 1.000000
En el else......

----------------------------------------
x = 6.000000, y = 208.000000
avance = -485.000000, avanceR = 2.000000, avanceI = 2.000000
inc_x_r = 0.000000, inc_y_r = 1.000000, inc_x_i = 1.000000, inc_y_i = 1.000000
En el else......

----------------------------------------
x = 6.000000, y = 209.000000
avance = -483.000000, avanceR = 2.000000, avanceI = 2.000000
inc_x_r = 0.000000, inc_y_r = 1.000000, inc_x_i = 1.000000, inc_y_i = 1.000000
En el else......

----------------------------------------
x = 6.000000, y = 210.000000
avance = -481.000000, avanceR = 2.000000, avanceI = 2.000000
inc_x_r = 0.000000, inc_y_r = 1.000000, inc_x_i = 1.000000, inc_y_i = 1.000000
En el else......

----------------------------------------
x = 6.000000, y = 211.000000
avance = -479.000000, avanceR = 2.000000, avanceI = 2.000000
inc_x_r = 0.000000, inc_y_r = 1.000000, inc_x_i = 1.000000, inc_y_i = 1.000000
En el else......

----------------------------------------
x = 6.000000, y = 212.000000
avance = -477.000000, avanceR = 2.000000, avanceI = 2.000000
inc_x_r = 0.000000, inc_y_r = 1.000000, inc_x_i = 1.000000, inc_y_i = 1.000000
En el else......

----------------------------------------
x = 6.000000, y = 213.000000
avance = -475.000000, avanceR = 2.000000, avanceI = 2.000000
inc_x_r = 0.000000, inc_y_r = 1.000000, inc_x_i = 1.000000, inc_y_i = 1.000000
En el else......

----------------------------------------
x = 6.000000, y = 214.000000
avance = -473.000000, avanceR = 2.000000, avanceI = 2.000000
inc_x_r = 0.000000, inc_y_r = 1.000000, inc_x_i = 1.000000, inc_y_i = 1.000000
En el else......

----------------------------------------
x = 6.000000, y = 215.000000
avance = -471.000000, avanceR = 2.000000, avanceI = 2.000000
inc_x_r = 0.000000, inc_y_r = 1.000000, inc_x_i = 1.000000, inc_y_i = 1.000000
En el else......

----------------------------------------
x = 6.000000, y = 216.000000
avance = -469.000000, avanceR = 2.000000, avanceI = 2.000000
inc_x_r = 0.000000, inc_y_r = 1.000000, inc_x_i = 1.000000, inc_y_i = 1.000000
En el else......

----------------------------------------
x = 6.000000, y = 217.000000
avance = -467.000000, avanceR = 2.000000, avanceI = 2.000000
inc_x_r = 0.000000, inc_y_r = 1.000000, inc_x_i = 1.000000, inc_y_i = 1.000000
En el else......

----------------------------------------
x = 6.000000, y = 218.000000
avance = -465.000000, avanceR = 2.000000, avanceI = 2.000000
inc_x_r = 0.000000, inc_y_r = 1.000000, inc_x_i = 1.000000, inc_y_i = 1.000000
En el else......

----------------------------------------
x = 6.000000, y = 219.000000
avance = -463.000000, avanceR = 2.000000, avanceI = 2.000000
inc_x_r = 0.000000, inc_y_r = 1.000000, inc_x_i = 1.000000, inc_y_i = 1.000000
En el else......

----------------------------------------
x = 6.000000, y = 220.000000
avance = -461.000000, avanceR = 2.000000, avanceI = 2.000000
inc_x_r = 0.000000, inc_y_r = 1.000000, inc_x_i = 1.000000, inc_y_i = 1.000000
En el else......

----------------------------------------
x = 6.000000, y = 221.000000
avance = -459.000000, avanceR = 2.000000, avanceI = 2.000000
inc_x_r = 0.000000, inc_y_r = 1.000000, inc_x_i = 1.000000, inc_y_i = 1.000000
En el else......

----------------------------------------
x = 6.000000, y = 222.000000
avance = -457.000000, avanceR = 2.000000, avanceI = 2.000000
inc_x_r = 0.000000, inc_y_r = 1.000000, inc_x_i = 1.000000, inc_y_i = 1.000000
En el else......

----------------------------------------
x = 6.000000, y = 223.000000
avance = -455.000000, avanceR = 2.000000, avanceI = 2.000000
inc_x_r = 0.000000, inc_y_r = 1.000000, inc_x_i = 1.000000, inc_y_i = 1.000000
En el else......

----------------------------------------
x = 6.000000, y = 224.000000
avance = -453.000000, avanceR = 2.000000, avanceI = 2.000000
inc_x_r = 0.000000, inc_y_r = 1.000000, inc_x_i = 1.000000, inc_y_i = 1.000000
En el else......

----------------------------------------
x = 6.000000, y = 225.000000
avance = -451.000000, avanceR = 2.000000, avanceI = 2.000000
inc_x_r = 0.000000, inc_y_r = 1.000000, inc_x_i = 1.000000, inc_y_i = 1.000000
En el else......

----------------------------------------
x = 6.000000, y = 226.000000
avance = -449.000000, avanceR = 2.000000, avanceI = 2.000000
inc_x_r = 0.000000, inc_y_r = 1.000000, inc_x_i = 1.000000, inc_y_i = 1.000000
En el else......

----------------------------------------
x = 6.000000, y = 227.000000
avance = -447.000000, avanceR = 2.000000, avanceI = 2.000000
inc_x_r = 0.000000, inc_y_r = 1.000000, inc_x_i = 1.000000, inc_y_i = 1.000000
En el else......

----------------------------------------
x = 6.000000, y = 228.000000
avance = -445.000000, avanceR = 2.000000, avanceI = 2.000000
inc_x_r = 0.000000, inc_y_r = 1.000000, inc_x_i = 1.000000, inc_y_i = 1.000000
En el else......

----------------------------------------
x = 6.000000, y = 229.000000
avance = -443.000000, avanceR = 2.000000, avanceI = 2.000000
inc_x_r = 0.000000, inc_y_r = 1.000000, inc_x_i = 1.000000, inc_y_i = 1.000000
En el else......

----------------------------------------
x = 6.000000, y = 230.000000
avance = -441.000000, avanceR = 2.000000, avanceI = 2.000000
inc_x_r = 0.000000, inc_y_r = 1.000000, inc_x_i = 1.000000, inc_y_i = 1.000000
En el else......

----------------------------------------
x = 6.000000, y = 231.000000
avance = -439.000000, avanceR = 2.000000, avanceI = 2.000000
inc_x_r = 0.000000, inc_y_r = 1.000000, inc_x_i = 1.000000, inc_y_i = 1.000000
En el else......

----------------------------------------
x = 6.000000, y = 232.000000
avance = -437.000000, avanceR = 2.000000, avanceI = 2.000000
inc_x_r = 0.000000, inc_y_r = 1.000000, inc_x_i = 1.000000, inc_y_i = 1.000000
En el else......

----------------------------------------
x = 6.000000, y = 233.000000
avance = -435.000000, avanceR = 2.000000, avanceI = 2.000000
inc_x_r = 0.000000, inc_y_r = 1.000000, inc_x_i = 1.000000, inc_y_i = 1.000000
En el else......

----------------------------------------
x = 6.000000, y = 234.000000
avance = -433.000000, avanceR = 2.000000, avanceI = 2.000000
inc_x_r = 0.000000, inc_y_r = 1.000000, inc_x_i = 1.000000, inc_y_i = 1.000000
En el else......

----------------------------------------
x = 6.000000, y = 235.000000
avance = -431.000000, avanceR = 2.000000, avanceI = 2.000000
inc_x_r = 0.000000, inc_y_r = 1.000000, inc_x_i = 1.000000, inc_y_i = 1.000000
En el else......

----------------------------------------
x = 6.000000, y = 236.000000
avance = -429.000000, avanceR = 2.000000, avanceI = 2.000000
inc_x_r = 0.000000, inc_y_r = 1.000000, inc_x_i = 1.000000, inc_y_i = 1.000000
En el else......

----------------------------------------
x = 6.000000, y = 237.000000
avance = -427.000000, avanceR = 2.000000, avanceI = 2.000000
inc_x_r = 0.000000, inc_y_r = 1.000000, inc_x_i = 1.000000, inc_y_i = 1.000000
En el else......

----------------------------------------
x = 6.000000, y = 238.000000
avance = -425.000000, avanceR = 2.000000, avanceI = 2.000000
inc_x_r = 0.000000, inc_y_r = 1.000000, inc_x_i = 1.000000, inc_y_i = 1.000000
En el else......

----------------------------------------
x = 6.000000, y = 239.000000
avance = -423.000000, avanceR = 2.000000, avanceI = 2.000000
inc_x_r = 0.000000, inc_y_r = 1.000000, inc_x_i = 1.000000, inc_y_i = 1.000000
En el else......

----------------------------------------
x = 6.000000, y = 240.000000
avance = -421.000000, avanceR = 2.000000, avanceI = 2.000000
inc_x_r = 0.000000, inc_y_r = 1.000000, inc_x_i = 1.000000, inc_y_i = 1.000000
En el else......

----------------------------------------
x = 6.000000, y = 241.000000
avance = -419.000000, avanceR = 2.000000, avanceI = 2.000000
inc_x_r = 0.000000, inc_y_r = 1.000000, inc_x_i = 1.000000, inc_y_i = 1.000000
En el else......

----------------------------------------
x = 6.000000, y = 242.000000
avance = -417.000000, avanceR = 2.000000, avanceI = 2.000000
inc_x_r = 0.000000, inc_y_r = 1.000000, inc_x_i = 1.000000, inc_y_i = 1.000000
En el else......

----------------------------------------
x = 6.000000, y = 243.000000
avance = -415.000000, avanceR = 2.000000, avanceI = 2.000000
inc_x_r = 0.000000, inc_y_r = 1.000000, inc_x_i = 1.000000, inc_y_i = 1.000000
En el else......

----------------------------------------
x = 6.000000, y = 244.000000
avance = -413.000000, avanceR = 2.000000, avanceI = 2.000000
inc_x_r = 0.000000, inc_y_r = 1.000000, inc_x_i = 1.000000, inc_y_i = 1.000000
En el else......

----------------------------------------
x = 6.000000, y = 245.000000
avance = -411.000000, avanceR = 2.000000, avanceI = 2.000000
inc_x_r = 0.000000, inc_y_r = 1.000000, inc_x_i = 1.000000, inc_y_i = 1.000000
En el else......

----------------------------------------
x = 6.000000, y = 246.000000
avance = -409.000000, avanceR = 2.000000, avanceI = 2.000000
inc_x_r = 0.000000, inc_y_r = 1.000000, inc_x_i = 1.000000, inc_y_i = 1.000000
En el else......

----------------------------------------
x = 6.000000, y = 247.000000
avance = -407.000000, avanceR = 2.000000, avanceI = 2.000000
inc_x_r = 0.000000, inc_y_r = 1.000000, inc_x_i = 1.000000, inc_y_i = 1.000000
En el else......

----------------------------------------
x = 6.000000, y = 248.000000
avance = -405.000000, avanceR = 2.000000, avanceI = 2.000000
inc_x_r = 0.000000, inc_y_r = 1.000000, inc_x_i = 1.000000, inc_y_i = 1.000000
En el else......

----------------------------------------
x = 6.000000, y = 249.000000
avance = -403.000000, avanceR = 2.000000, avanceI = 2.000000
inc_x_r = 0.000000, inc_y_r = 1.000000, inc_x_i = 1.000000, inc_y_i = 1.000000
En el else......

----------------------------------------
x = 6.000000, y = 250.000000
avance = -401.000000, avanceR = 2.000000, avanceI = 2.000000
inc_x_r = 0.000000, inc_y_r = 1.000000, inc_x_i = 1.000000, inc_y_i = 1.000000
En el else......

----------------------------------------
x = 6.000000, y = 251.000000
avance = -399.000000, avanceR = 2.000000, avanceI = 2.000000
inc_x_r = 0.000000, inc_y_r = 1.000000, inc_x_i = 1.000000, inc_y_i = 1.000000
En el else......

----------------------------------------
x = 6.000000, y = 252.000000
avance = -397.000000, avanceR = 2.000000, avanceI = 2.000000
inc_x_r = 0.000000, inc_y_r = 1.000000, inc_x_i = 1.000000, inc_y_i = 1.000000
En el else......

----------------------------------------
x = 6.000000, y = 253.000000
avance = -395.000000, avanceR = 2.000000, avanceI = 2.000000
inc_x_r = 0.000000, inc_y_r = 1.000000, inc_x_i = 1.000000, inc_y_i = 1.000000
En el else......

----------------------------------------
x = 6.000000, y = 254.000000
avance = -393.000000, avanceR = 2.000000, avanceI = 2.000000
inc_x_r = 0.000000, inc_y_r = 1.000000, inc_x_i = 1.000000, inc_y_i = 1.000000
En el else......

----------------------------------------
x = 6.000000, y = 255.000000
avance = -391.000000, avanceR = 2.000000, avanceI = 2.000000
inc_x_r = 0.000000, inc_y_r = 1.000000, inc_x_i = 1.000000, inc_y_i = 1.000000
En el else......

----------------------------------------
x = 6.000000, y = 256.000000
avance = -389.000000, avanceR = 2.000000, avanceI = 2.000000
inc_x_r = 0.000000, inc_y_r = 1.000000, inc_x_i = 1.000000, inc_y_i = 1.000000
En el else......

----------------------------------------
x = 6.000000, y = 257.000000
avance = -387.000000, avanceR = 2.000000, avanceI = 2.000000
inc_x_r = 0.000000, inc_y_r = 1.000000, inc_x_i = 1.000000, inc_y_i = 1.000000
En el else......

----------------------------------------
x = 6.000000, y = 258.000000
avance = -385.000000, avanceR = 2.000000, avanceI = 2.000000
inc_x_r = 0.000000, inc_y_r = 1.000000, inc_x_i = 1.000000, inc_y_i = 1.000000
En el else......

----------------------------------------
x = 6.000000, y = 259.000000
avance = -383.000000, avanceR = 2.000000, avanceI = 2.000000
inc_x_r = 0.000000, inc_y_r = 1.000000, inc_x_i = 1.000000, inc_y_i = 1.000000
En el else......

----------------------------------------
x = 6.000000, y = 260.000000
avance = -381.000000, avanceR = 2.000000, avanceI = 2.000000
inc_x_r = 0.000000, inc_y_r = 1.000000, inc_x_i = 1.000000, inc_y_i = 1.000000
En el else......

----------------------------------------
x = 6.000000, y = 261.000000
avance = -379.000000, avanceR = 2.000000, avanceI = 2.000000
inc_x_r = 0.000000, inc_y_r = 1.000000, inc_x_i = 1.000000, inc_y_i = 1.000000
En el else......

----------------------------------------
x = 6.000000, y = 262.000000
avance = -377.000000, avanceR = 2.000000, avanceI = 2.000000
inc_x_r = 0.000000, inc_y_r = 1.000000, inc_x_i = 1.000000, inc_y_i = 1.000000
En el else......

----------------------------------------
x = 6.000000, y = 263.000000
avance = -375.000000, avanceR = 2.000000, avanceI = 2.000000
inc_x_r = 0.000000, inc_y_r = 1.000000, inc_x_i = 1.000000, inc_y_i = 1.000000
En el else......

----------------------------------------
x = 6.000000, y = 264.000000
avance = -373.000000, avanceR = 2.000000, avanceI = 2.000000
inc_x_r = 0.000000, inc_y_r = 1.000000, inc_x_i = 1.000000, inc_y_i = 1.000000
En el else......

----------------------------------------
x = 6.000000, y = 265.000000
avance = -371.000000, avanceR = 2.000000, avanceI = 2.000000
inc_x_r = 0.000000, inc_y_r = 1.000000, inc_x_i = 1.000000, inc_y_i = 1.000000
En el else......

----------------------------------------
x = 6.000000, y = 266.000000
avance = -369.000000, avanceR = 2.000000, avanceI = 2.000000
inc_x_r = 0.000000, inc_y_r = 1.000000, inc_x_i = 1.000000, inc_y_i = 1.000000
En el else......

----------------------------------------
x = 6.000000, y = 267.000000
avance = -367.000000, avanceR = 2.000000, avanceI = 2.000000
inc_x_r = 0.000000, inc_y_r = 1.000000, inc_x_i = 1.000000, inc_y_i = 1.000000
En el else......

----------------------------------------
x = 6.000000, y = 268.000000
avance = -365.000000, avanceR = 2.000000, avanceI = 2.000000
inc_x_r = 0.000000, inc_y_r = 1.000000, inc_x_i = 1.000000, inc_y_i = 1.000000
En el else......

----------------------------------------
x = 6.000000, y = 269.000000
avance = -363.000000, avanceR = 2.000000, avanceI = 2.000000
inc_x_r = 0.000000, inc_y_r = 1.000000, inc_x_i = 1.000000, inc_y_i = 1.000000
En el else......

----------------------------------------
x = 6.000000, y = 270.000000
avance = -361.000000, avanceR = 2.000000, avanceI = 2.000000
inc_x_r = 0.000000, inc_y_r = 1.000000, inc_x_i = 1.000000, inc_y_i = 1.000000
En el else......

----------------------------------------
x = 6.000000, y = 271.000000
avance = -359.000000, avanceR = 2.000000, avanceI = 2.000000
inc_x_r = 0.000000, inc_y_r = 1.000000, inc_x_i = 1.000000, inc_y_i = 1.000000
En el else......

----------------------------------------
x = 6.000000, y = 272.000000
avance = -357.000000, avanceR = 2.000000, avanceI = 2.000000
inc_x_r = 0.000000, inc_y_r = 1.000000, inc_x_i = 1.000000, inc_y_i = 1.000000
En el else......

----------------------------------------
x = 6.000000, y = 273.000000
avance = -355.000000, avanceR = 2.000000, avanceI = 2.000000
inc_x_r = 0.000000, inc_y_r = 1.000000, inc_x_i = 1.000000, inc_y_i = 1.000000
En el else......

----------------------------------------
x = 6.000000, y = 274.000000
avance = -353.000000, avanceR = 2.000000, avanceI = 2.000000
inc_x_r = 0.000000, inc_y_r = 1.000000, inc_x_i = 1.000000, inc_y_i = 1.000000
En el else......

----------------------------------------
x = 6.000000, y = 275.000000
avance = -351.000000, avanceR = 2.000000, avanceI = 2.000000
inc_x_r = 0.000000, inc_y_r = 1.000000, inc_x_i = 1.000000, inc_y_i = 1.000000
En el else......

----------------------------------------
x = 6.000000, y = 276.000000
avance = -349.000000, avanceR = 2.000000, avanceI = 2.000000
inc_x_r = 0.000000, inc_y_r = 1.000000, inc_x_i = 1.000000, inc_y_i = 1.000000
En el else......

----------------------------------------
x = 6.000000, y = 277.000000
avance = -347.000000, avanceR = 2.000000, avanceI = 2.000000
inc_x_r = 0.000000, inc_y_r = 1.000000, inc_x_i = 1.000000, inc_y_i = 1.000000
En el else......

----------------------------------------
x = 6.000000, y = 278.000000
avance = -345.000000, avanceR = 2.000000, avanceI = 2.000000
inc_x_r = 0.000000, inc_y_r = 1.000000, inc_x_i = 1.000000, inc_y_i = 1.000000
En el else......

----------------------------------------
x = 6.000000, y = 279.000000
avance = -343.000000, avanceR = 2.000000, avanceI = 2.000000
inc_x_r = 0.000000, inc_y_r = 1.000000, inc_x_i = 1.000000, inc_y_i = 1.000000
En el else......

----------------------------------------
x = 6.000000, y = 280.000000
avance = -341.000000, avanceR = 2.000000, avanceI = 2.000000
inc_x_r = 0.000000, inc_y_r = 1.000000, inc_x_i = 1.000000, inc_y_i = 1.000000
En el else......

----------------------------------------
x = 6.000000, y = 281.000000
avance = -339.000000, avanceR = 2.000000, avanceI = 2.000000
inc_x_r = 0.000000, inc_y_r = 1.000000, inc_x_i = 1.000000, inc_y_i = 1.000000
En el else......

----------------------------------------
x = 6.000000, y = 282.000000
avance = -337.000000, avanceR = 2.000000, avanceI = 2.000000
inc_x_r = 0.000000, inc_y_r = 1.000000, inc_x_i = 1.000000, inc_y_i = 1.000000
En el else......

----------------------------------------
x = 6.000000, y = 283.000000
avance = -335.000000, avanceR = 2.000000, avanceI = 2.000000
inc_x_r = 0.000000, inc_y_r = 1.000000, inc_x_i = 1.000000, inc_y_i = 1.000000
En el else......

----------------------------------------
x = 6.000000, y = 284.000000
avance = -333.000000, avanceR = 2.000000, avanceI = 2.000000
inc_x_r = 0.000000, inc_y_r = 1.000000, inc_x_i = 1.000000, inc_y_i = 1.000000
En el else......

----------------------------------------
x = 6.000000, y = 285.000000
avance = -331.000000, avanceR = 2.000000, avanceI = 2.000000
inc_x_r = 0.000000, inc_y_r = 1.000000, inc_x_i = 1.000000, inc_y_i = 1.000000
En el else......

----------------------------------------
x = 6.000000, y = 286.000000
avance = -329.000000, avanceR = 2.000000, avanceI = 2.000000
inc_x_r = 0.000000, inc_y_r = 1.000000, inc_x_i = 1.000000, inc_y_i = 1.000000
En el else......

----------------------------------------
x = 6.000000, y = 287.000000
avance = -327.000000, avanceR = 2.000000, avanceI = 2.000000
inc_x_r = 0.000000, inc_y_r = 1.000000, inc_x_i = 1.000000, inc_y_i = 1.000000
En el else......

----------------------------------------
x = 6.000000, y = 288.000000
avance = -325.000000, avanceR = 2.000000, avanceI = 2.000000
inc_x_r = 0.000000, inc_y_r = 1.000000, inc_x_i = 1.000000, inc_y_i = 1.000000
En el else......

----------------------------------------
x = 6.000000, y = 289.000000
avance = -323.000000, avanceR = 2.000000, avanceI = 2.000000
inc_x_r = 0.000000, inc_y_r = 1.000000, inc_x_i = 1.000000, inc_y_i = 1.000000
En el else......

----------------------------------------
x = 6.000000, y = 290.000000
avance = -321.000000, avanceR = 2.000000, avanceI = 2.000000
inc_x_r = 0.000000, inc_y_r = 1.000000, inc_x_i = 1.000000, inc_y_i = 1.000000
En el else......

----------------------------------------
x = 6.000000, y = 291.000000
avance = -319.000000, avanceR = 2.000000, avanceI = 2.000000
inc_x_r = 0.000000, inc_y_r = 1.000000, inc_x_i = 1.000000, inc_y_i = 1.000000
En el else......

----------------------------------------
x = 6.000000, y = 292.000000
avance = -317.000000, avanceR = 2.000000, avanceI = 2.000000
inc_x_r = 0.000000, inc_y_r = 1.000000, inc_x_i = 1.000000, inc_y_i = 1.000000
En el else......

----------------------------------------
x = 6.000000, y = 293.000000
avance = -315.000000, avanceR = 2.000000, avanceI = 2.000000
inc_x_r = 0.000000, inc_y_r = 1.000000, inc_x_i = 1.000000, inc_y_i = 1.000000
En el else......

----------------------------------------
x = 6.000000, y = 294.000000
avance = -313.000000, avanceR = 2.000000, avanceI = 2.000000
inc_x_r = 0.000000, inc_y_r = 1.000000, inc_x_i = 1.000000, inc_y_i = 1.000000
En el else......

----------------------------------------
x = 6.000000, y = 295.000000
avance = -311.000000, avanceR = 2.000000, avanceI = 2.000000
inc_x_r = 0.000000, inc_y_r = 1.000000, inc_x_i = 1.000000, inc_y_i = 1.000000
En el else......

----------------------------------------
x = 6.000000, y = 296.000000
avance = -309.000000, avanceR = 2.000000, avanceI = 2.000000
inc_x_r = 0.000000, inc_y_r = 1.000000, inc_x_i = 1.000000, inc_y_i = 1.000000
En el else......

----------------------------------------
x = 6.000000, y = 297.000000
avance = -307.000000, avanceR = 2.000000, avanceI = 2.000000
inc_x_r = 0.000000, inc_y_r = 1.000000, inc_x_i = 1.000000, inc_y_i = 1.000000
En el else......

----------------------------------------
x = 6.000000, y = 298.000000
avance = -305.000000, avanceR = 2.000000, avanceI = 2.000000
inc_x_r = 0.000000, inc_y_r = 1.000000, inc_x_i = 1.000000, inc_y_i = 1.000000
En el else......

----------------------------------------
x = 6.000000, y = 299.000000
avance = -303.000000, avanceR = 2.000000, avanceI = 2.000000
inc_x_r = 0.000000, inc_y_r = 1.000000, inc_x_i = 1.000000, inc_y_i = 1.000000
En el else......

----------------------------------------
x = 6.000000, y = 300.000000
avance = -301.000000, avanceR = 2.000000, avanceI = 2.000000
inc_x_r = 0.000000, inc_y_r = 1.000000, inc_x_i = 1.000000, inc_y_i = 1.000000
En el else......

----------------------------------------
x = 6.000000, y = 301.000000
avance = -299.000000, avanceR = 2.000000, avanceI = 2.000000
inc_x_r = 0.000000, inc_y_r = 1.000000, inc_x_i = 1.000000, inc_y_i = 1.000000
En el else......

----------------------------------------
x = 6.000000, y = 302.000000
avance = -297.000000, avanceR = 2.000000, avanceI = 2.000000
inc_x_r = 0.000000, inc_y_r = 1.000000, inc_x_i = 1.000000, inc_y_i = 1.000000
En el else......

----------------------------------------
x = 6.000000, y = 303.000000
avance = -295.000000, avanceR = 2.000000, avanceI = 2.000000
inc_x_r = 0.000000, inc_y_r = 1.000000, inc_x_i = 1.000000, inc_y_i = 1.000000
En el else......

----------------------------------------
x = 6.000000, y = 304.000000
avance = -293.000000, avanceR = 2.000000, avanceI = 2.000000
inc_x_r = 0.000000, inc_y_r = 1.000000, inc_x_i = 1.000000, inc_y_i = 1.000000
En el else......

----------------------------------------
x = 6.000000, y = 305.000000
avance = -291.000000, avanceR = 2.000000, avanceI = 2.000000
inc_x_r = 0.000000, inc_y_r = 1.000000, inc_x_i = 1.000000, inc_y_i = 1.000000
En el else......

----------------------------------------
x = 6.000000, y = 306.000000
avance = -289.000000, avanceR = 2.000000, avanceI = 2.000000
inc_x_r = 0.000000, inc_y_r = 1.000000, inc_x_i = 1.000000, inc_y_i = 1.000000
En el else......

----------------------------------------
x = 6.000000, y = 307.000000
avance = -287.000000, avanceR = 2.000000, avanceI = 2.000000
inc_x_r = 0.000000, inc_y_r = 1.000000, inc_x_i = 1.000000, inc_y_i = 1.000000
En el else......

----------------------------------------
x = 6.000000, y = 308.000000
avance = -285.000000, avanceR = 2.000000, avanceI = 2.000000
inc_x_r = 0.000000, inc_y_r = 1.000000, inc_x_i = 1.000000, inc_y_i = 1.000000
En el else......

----------------------------------------
x = 6.000000, y = 309.000000
avance = -283.000000, avanceR = 2.000000, avanceI = 2.000000
inc_x_r = 0.000000, inc_y_r = 1.000000, inc_x_i = 1.000000, inc_y_i = 1.000000
En el else......

----------------------------------------
x = 6.000000, y = 310.000000
avance = -281.000000, avanceR = 2.000000, avanceI = 2.000000
inc_x_r = 0.000000, inc_y_r = 1.000000, inc_x_i = 1.000000, inc_y_i = 1.000000
En el else......

----------------------------------------
x = 6.000000, y = 311.000000
avance = -279.000000, avanceR = 2.000000, avanceI = 2.000000
inc_x_r = 0.000000, inc_y_r = 1.000000, inc_x_i = 1.000000, inc_y_i = 1.000000
En el else......

----------------------------------------
x = 6.000000, y = 312.000000
avance = -277.000000, avanceR = 2.000000, avanceI = 2.000000
inc_x_r = 0.000000, inc_y_r = 1.000000, inc_x_i = 1.000000, inc_y_i = 1.000000
En el else......

----------------------------------------
x = 6.000000, y = 313.000000
avance = -275.000000, avanceR = 2.000000, avanceI = 2.000000
inc_x_r = 0.000000, inc_y_r = 1.000000, inc_x_i = 1.000000, inc_y_i = 1.000000
En el else......

----------------------------------------
x = 6.000000, y = 314.000000
avance = -273.000000, avanceR = 2.000000, avanceI = 2.000000
inc_x_r = 0.000000, inc_y_r = 1.000000, inc_x_i = 1.000000, inc_y_i = 1.000000
En el else......

----------------------------------------
x = 6.000000, y = 315.000000
avance = -271.000000, avanceR = 2.000000, avanceI = 2.000000
inc_x_r = 0.000000, inc_y_r = 1.000000, inc_x_i = 1.000000, inc_y_i = 1.000000
En el else......

----------------------------------------
x = 6.000000, y = 316.000000
avance = -269.000000, avanceR = 2.000000, avanceI = 2.000000
inc_x_r = 0.000000, inc_y_r = 1.000000, inc_x_i = 1.000000, inc_y_i = 1.000000
En el else......

----------------------------------------
x = 6.000000, y = 317.000000
avance = -267.000000, avanceR = 2.000000, avanceI = 2.000000
inc_x_r = 0.000000, inc_y_r = 1.000000, inc_x_i = 1.000000, inc_y_i = 1.000000
En el else......

----------------------------------------
x = 6.000000, y = 318.000000
avance = -265.000000, avanceR = 2.000000, avanceI = 2.000000
inc_x_r = 0.000000, inc_y_r = 1.000000, inc_x_i = 1.000000, inc_y_i = 1.000000
En el else......

----------------------------------------
x = 6.000000, y = 319.000000
avance = -263.000000, avanceR = 2.000000, avanceI = 2.000000
inc_x_r = 0.000000, inc_y_r = 1.000000, inc_x_i = 1.000000, inc_y_i = 1.000000
En el else......

----------------------------------------
x = 6.000000, y = 320.000000
avance = -261.000000, avanceR = 2.000000, avanceI = 2.000000
inc_x_r = 0.000000, inc_y_r = 1.000000, inc_x_i = 1.000000, inc_y_i = 1.000000
En el else......

----------------------------------------
x = 6.000000, y = 321.000000
avance = -259.000000, avanceR = 2.000000, avanceI = 2.000000
inc_x_r = 0.000000, inc_y_r = 1.000000, inc_x_i = 1.000000, inc_y_i = 1.000000
En el else......

----------------------------------------
x = 6.000000, y = 322.000000
avance = -257.000000, avanceR = 2.000000, avanceI = 2.000000
inc_x_r = 0.000000, inc_y_r = 1.000000, inc_x_i = 1.000000, inc_y_i = 1.000000
En el else......

----------------------------------------
x = 6.000000, y = 323.000000
avance = -255.000000, avanceR = 2.000000, avanceI = 2.000000
inc_x_r = 0.000000, inc_y_r = 1.000000, inc_x_i = 1.000000, inc_y_i = 1.000000
En el else......

----------------------------------------
x = 6.000000, y = 324.000000
avance = -253.000000, avanceR = 2.000000, avanceI = 2.000000
inc_x_r = 0.000000, inc_y_r = 1.000000, inc_x_i = 1.000000, inc_y_i = 1.000000
En el else......

----------------------------------------
x = 6.000000, y = 325.000000
avance = -251.000000, avanceR = 2.000000, avanceI = 2.000000
inc_x_r = 0.000000, inc_y_r = 1.000000, inc_x_i = 1.000000, inc_y_i = 1.000000
En el else......

----------------------------------------


ENTRAMOS A BRESENHAMªªªª
x1 = 5.000000 - y1 = 75.000000 || x2 = 6.000000 - y2 = 326.000000
dy = 251.000000, dx = 1.000000
avances inclinados: inc_x_i = 1.000000, inc_y_i = 1.000000
updated: dy = 251.000000, dx = 1.000000
avances rectos: inc_x_r = 0.000000, inc_y_r 1.000000
reupdated: dy = 1.000000, dx = 251.000000
avanceR = 2.000000, avance -249.000000, avanceI 2.000000
----------------------------------------
x = 5.000000, y = 75.000000
avance = -249.000000, avanceR = 2.000000, avanceI = 2.000000
inc_x_r = 0.000000, inc_y_r = 1.000000, inc_x_i = 1.000000, inc_y_i = 1.000000
En el else......

----------------------------------------
x = 5.000000, y = 76.000000
avance = -247.000000, avanceR = 2.000000, avanceI = 2.000000
inc_x_r = 0.000000, inc_y_r = 1.000000, inc_x_i = 1.000000, inc_y_i = 1.000000
En el else......

----------------------------------------
x = 5.000000, y = 77.000000
avance = -245.000000, avanceR = 2.000000, avanceI = 2.000000
inc_x_r = 0.000000, inc_y_r = 1.000000, inc_x_i = 1.000000, inc_y_i = 1.000000
En el else......

----------------------------------------
x = 5.000000, y = 78.000000
avance = -243.000000, avanceR = 2.000000, avanceI = 2.000000
inc_x_r = 0.000000, inc_y_r = 1.000000, inc_x_i = 1.000000, inc_y_i = 1.000000
En el else......

----------------------------------------
x = 5.000000, y = 79.000000
avance = -241.000000, avanceR = 2.000000, avanceI = 2.000000
inc_x_r = 0.000000, inc_y_r = 1.000000, inc_x_i = 1.000000, inc_y_i = 1.000000
En el else......

----------------------------------------
x = 5.000000, y = 80.000000
avance = -239.000000, avanceR = 2.000000, avanceI = 2.000000
inc_x_r = 0.000000, inc_y_r = 1.000000, inc_x_i = 1.000000, inc_y_i = 1.000000
En el else......

----------------------------------------
x = 5.000000, y = 81.000000
avance = -237.000000, avanceR = 2.000000, avanceI = 2.000000
inc_x_r = 0.000000, inc_y_r = 1.000000, inc_x_i = 1.000000, inc_y_i = 1.000000
En el else......

----------------------------------------
x = 5.000000, y = 82.000000
avance = -235.000000, avanceR = 2.000000, avanceI = 2.000000
inc_x_r = 0.000000, inc_y_r = 1.000000, inc_x_i = 1.000000, inc_y_i = 1.000000
En el else......

----------------------------------------
x = 5.000000, y = 83.000000
avance = -233.000000, avanceR = 2.000000, avanceI = 2.000000
inc_x_r = 0.000000, inc_y_r = 1.000000, inc_x_i = 1.000000, inc_y_i = 1.000000
En el else......

----------------------------------------
x = 5.000000, y = 84.000000
avance = -231.000000, avanceR = 2.000000, avanceI = 2.000000
inc_x_r = 0.000000, inc_y_r = 1.000000, inc_x_i = 1.000000, inc_y_i = 1.000000
En el else......

----------------------------------------
x = 5.000000, y = 85.000000
avance = -229.000000, avanceR = 2.000000, avanceI = 2.000000
inc_x_r = 0.000000, inc_y_r = 1.000000, inc_x_i = 1.000000, inc_y_i = 1.000000
En el else......

----------------------------------------
x = 5.000000, y = 86.000000
avance = -227.000000, avanceR = 2.000000, avanceI = 2.000000
inc_x_r = 0.000000, inc_y_r = 1.000000, inc_x_i = 1.000000, inc_y_i = 1.000000
En el else......

----------------------------------------
x = 5.000000, y = 87.000000
avance = -225.000000, avanceR = 2.000000, avanceI = 2.000000
inc_x_r = 0.000000, inc_y_r = 1.000000, inc_x_i = 1.000000, inc_y_i = 1.000000
En el else......

----------------------------------------
x = 5.000000, y = 88.000000
avance = -223.000000, avanceR = 2.000000, avanceI = 2.000000
inc_x_r = 0.000000, inc_y_r = 1.000000, inc_x_i = 1.000000, inc_y_i = 1.000000
En el else......

----------------------------------------
x = 5.000000, y = 89.000000
avance = -221.000000, avanceR = 2.000000, avanceI = 2.000000
inc_x_r = 0.000000, inc_y_r = 1.000000, inc_x_i = 1.000000, inc_y_i = 1.000000
En el else......

----------------------------------------
x = 5.000000, y = 90.000000
avance = -219.000000, avanceR = 2.000000, avanceI = 2.000000
inc_x_r = 0.000000, inc_y_r = 1.000000, inc_x_i = 1.000000, inc_y_i = 1.000000
En el else......

----------------------------------------
x = 5.000000, y = 91.000000
avance = -217.000000, avanceR = 2.000000, avanceI = 2.000000
inc_x_r = 0.000000, inc_y_r = 1.000000, inc_x_i = 1.000000, inc_y_i = 1.000000
En el else......

----------------------------------------
x = 5.000000, y = 92.000000
avance = -215.000000, avanceR = 2.000000, avanceI = 2.000000
inc_x_r = 0.000000, inc_y_r = 1.000000, inc_x_i = 1.000000, inc_y_i = 1.000000
En el else......

----------------------------------------
x = 5.000000, y = 93.000000
avance = -213.000000, avanceR = 2.000000, avanceI = 2.000000
inc_x_r = 0.000000, inc_y_r = 1.000000, inc_x_i = 1.000000, inc_y_i = 1.000000
En el else......

----------------------------------------
x = 5.000000, y = 94.000000
avance = -211.000000, avanceR = 2.000000, avanceI = 2.000000
inc_x_r = 0.000000, inc_y_r = 1.000000, inc_x_i = 1.000000, inc_y_i = 1.000000
En el else......

----------------------------------------
x = 5.000000, y = 95.000000
avance = -209.000000, avanceR = 2.000000, avanceI = 2.000000
inc_x_r = 0.000000, inc_y_r = 1.000000, inc_x_i = 1.000000, inc_y_i = 1.000000
En el else......

----------------------------------------
x = 5.000000, y = 96.000000
avance = -207.000000, avanceR = 2.000000, avanceI = 2.000000
inc_x_r = 0.000000, inc_y_r = 1.000000, inc_x_i = 1.000000, inc_y_i = 1.000000
En el else......

----------------------------------------
x = 5.000000, y = 97.000000
avance = -205.000000, avanceR = 2.000000, avanceI = 2.000000
inc_x_r = 0.000000, inc_y_r = 1.000000, inc_x_i = 1.000000, inc_y_i = 1.000000
En el else......

----------------------------------------
x = 5.000000, y = 98.000000
avance = -203.000000, avanceR = 2.000000, avanceI = 2.000000
inc_x_r = 0.000000, inc_y_r = 1.000000, inc_x_i = 1.000000, inc_y_i = 1.000000
En el else......

----------------------------------------
x = 5.000000, y = 99.000000
avance = -201.000000, avanceR = 2.000000, avanceI = 2.000000
inc_x_r = 0.000000, inc_y_r = 1.000000, inc_x_i = 1.000000, inc_y_i = 1.000000
En el else......

----------------------------------------
x = 5.000000, y = 100.000000
avance = -199.000000, avanceR = 2.000000, avanceI = 2.000000
inc_x_r = 0.000000, inc_y_r = 1.000000, inc_x_i = 1.000000, inc_y_i = 1.000000
En el else......

----------------------------------------
x = 5.000000, y = 101.000000
avance = -197.000000, avanceR = 2.000000, avanceI = 2.000000
inc_x_r = 0.000000, inc_y_r = 1.000000, inc_x_i = 1.000000, inc_y_i = 1.000000
En el else......

----------------------------------------
x = 5.000000, y = 102.000000
avance = -195.000000, avanceR = 2.000000, avanceI = 2.000000
inc_x_r = 0.000000, inc_y_r = 1.000000, inc_x_i = 1.000000, inc_y_i = 1.000000
En el else......

----------------------------------------
x = 5.000000, y = 103.000000
avance = -193.000000, avanceR = 2.000000, avanceI = 2.000000
inc_x_r = 0.000000, inc_y_r = 1.000000, inc_x_i = 1.000000, inc_y_i = 1.000000
En el else......

----------------------------------------
x = 5.000000, y = 104.000000
avance = -191.000000, avanceR = 2.000000, avanceI = 2.000000
inc_x_r = 0.000000, inc_y_r = 1.000000, inc_x_i = 1.000000, inc_y_i = 1.000000
En el else......

----------------------------------------
x = 5.000000, y = 105.000000
avance = -189.000000, avanceR = 2.000000, avanceI = 2.000000
inc_x_r = 0.000000, inc_y_r = 1.000000, inc_x_i = 1.000000, inc_y_i = 1.000000
En el else......

----------------------------------------
x = 5.000000, y = 106.000000
avance = -187.000000, avanceR = 2.000000, avanceI = 2.000000
inc_x_r = 0.000000, inc_y_r = 1.000000, inc_x_i = 1.000000, inc_y_i = 1.000000
En el else......

----------------------------------------
x = 5.000000, y = 107.000000
avance = -185.000000, avanceR = 2.000000, avanceI = 2.000000
inc_x_r = 0.000000, inc_y_r = 1.000000, inc_x_i = 1.000000, inc_y_i = 1.000000
En el else......

----------------------------------------
x = 5.000000, y = 108.000000
avance = -183.000000, avanceR = 2.000000, avanceI = 2.000000
inc_x_r = 0.000000, inc_y_r = 1.000000, inc_x_i = 1.000000, inc_y_i = 1.000000
En el else......

----------------------------------------
x = 5.000000, y = 109.000000
avance = -181.000000, avanceR = 2.000000, avanceI = 2.000000
inc_x_r = 0.000000, inc_y_r = 1.000000, inc_x_i = 1.000000, inc_y_i = 1.000000
En el else......

----------------------------------------
x = 5.000000, y = 110.000000
avance = -179.000000, avanceR = 2.000000, avanceI = 2.000000
inc_x_r = 0.000000, inc_y_r = 1.000000, inc_x_i = 1.000000, inc_y_i = 1.000000
En el else......

----------------------------------------
x = 5.000000, y = 111.000000
avance = -177.000000, avanceR = 2.000000, avanceI = 2.000000
inc_x_r = 0.000000, inc_y_r = 1.000000, inc_x_i = 1.000000, inc_y_i = 1.000000
En el else......

----------------------------------------
x = 5.000000, y = 112.000000
avance = -175.000000, avanceR = 2.000000, avanceI = 2.000000
inc_x_r = 0.000000, inc_y_r = 1.000000, inc_x_i = 1.000000, inc_y_i = 1.000000
En el else......

----------------------------------------
x = 5.000000, y = 113.000000
avance = -173.000000, avanceR = 2.000000, avanceI = 2.000000
inc_x_r = 0.000000, inc_y_r = 1.000000, inc_x_i = 1.000000, inc_y_i = 1.000000
En el else......

----------------------------------------
x = 5.000000, y = 114.000000
avance = -171.000000, avanceR = 2.000000, avanceI = 2.000000
inc_x_r = 0.000000, inc_y_r = 1.000000, inc_x_i = 1.000000, inc_y_i = 1.000000
En el else......

----------------------------------------
x = 5.000000, y = 115.000000
avance = -169.000000, avanceR = 2.000000, avanceI = 2.000000
inc_x_r = 0.000000, inc_y_r = 1.000000, inc_x_i = 1.000000, inc_y_i = 1.000000
En el else......

----------------------------------------
x = 5.000000, y = 116.000000
avance = -167.000000, avanceR = 2.000000, avanceI = 2.000000
inc_x_r = 0.000000, inc_y_r = 1.000000, inc_x_i = 1.000000, inc_y_i = 1.000000
En el else......

----------------------------------------
x = 5.000000, y = 117.000000
avance = -165.000000, avanceR = 2.000000, avanceI = 2.000000
inc_x_r = 0.000000, inc_y_r = 1.000000, inc_x_i = 1.000000, inc_y_i = 1.000000
En el else......

----------------------------------------
x = 5.000000, y = 118.000000
avance = -163.000000, avanceR = 2.000000, avanceI = 2.000000
inc_x_r = 0.000000, inc_y_r = 1.000000, inc_x_i = 1.000000, inc_y_i = 1.000000
En el else......

----------------------------------------
x = 5.000000, y = 119.000000
avance = -161.000000, avanceR = 2.000000, avanceI = 2.000000
inc_x_r = 0.000000, inc_y_r = 1.000000, inc_x_i = 1.000000, inc_y_i = 1.000000
En el else......

----------------------------------------
x = 5.000000, y = 120.000000
avance = -159.000000, avanceR = 2.000000, avanceI = 2.000000
inc_x_r = 0.000000, inc_y_r = 1.000000, inc_x_i = 1.000000, inc_y_i = 1.000000
En el else......

----------------------------------------
x = 5.000000, y = 121.000000
avance = -157.000000, avanceR = 2.000000, avanceI = 2.000000
inc_x_r = 0.000000, inc_y_r = 1.000000, inc_x_i = 1.000000, inc_y_i = 1.000000
En el else......

----------------------------------------
x = 5.000000, y = 122.000000
avance = -155.000000, avanceR = 2.000000, avanceI = 2.000000
inc_x_r = 0.000000, inc_y_r = 1.000000, inc_x_i = 1.000000, inc_y_i = 1.000000
En el else......

----------------------------------------
x = 5.000000, y = 123.000000
avance = -153.000000, avanceR = 2.000000, avanceI = 2.000000
inc_x_r = 0.000000, inc_y_r = 1.000000, inc_x_i = 1.000000, inc_y_i = 1.000000
En el else......

----------------------------------------
x = 5.000000, y = 124.000000
avance = -151.000000, avanceR = 2.000000, avanceI = 2.000000
inc_x_r = 0.000000, inc_y_r = 1.000000, inc_x_i = 1.000000, inc_y_i = 1.000000
En el else......

----------------------------------------
x = 5.000000, y = 125.000000
avance = -149.000000, avanceR = 2.000000, avanceI = 2.000000
inc_x_r = 0.000000, inc_y_r = 1.000000, inc_x_i = 1.000000, inc_y_i = 1.000000
En el else......

----------------------------------------
x = 5.000000, y = 126.000000
avance = -147.000000, avanceR = 2.000000, avanceI = 2.000000
inc_x_r = 0.000000, inc_y_r = 1.000000, inc_x_i = 1.000000, inc_y_i = 1.000000
En el else......

----------------------------------------
x = 5.000000, y = 127.000000
avance = -145.000000, avanceR = 2.000000, avanceI = 2.000000
inc_x_r = 0.000000, inc_y_r = 1.000000, inc_x_i = 1.000000, inc_y_i = 1.000000
En el else......

----------------------------------------
x = 5.000000, y = 128.000000
avance = -143.000000, avanceR = 2.000000, avanceI = 2.000000
inc_x_r = 0.000000, inc_y_r = 1.000000, inc_x_i = 1.000000, inc_y_i = 1.000000
En el else......

----------------------------------------
x = 5.000000, y = 129.000000
avance = -141.000000, avanceR = 2.000000, avanceI = 2.000000
inc_x_r = 0.000000, inc_y_r = 1.000000, inc_x_i = 1.000000, inc_y_i = 1.000000
En el else......

----------------------------------------
x = 5.000000, y = 130.000000
avance = -139.000000, avanceR = 2.000000, avanceI = 2.000000
inc_x_r = 0.000000, inc_y_r = 1.000000, inc_x_i = 1.000000, inc_y_i = 1.000000
En el else......

----------------------------------------
x = 5.000000, y = 131.000000
avance = -137.000000, avanceR = 2.000000, avanceI = 2.000000
inc_x_r = 0.000000, inc_y_r = 1.000000, inc_x_i = 1.000000, inc_y_i = 1.000000
En el else......

----------------------------------------
x = 5.000000, y = 132.000000
avance = -135.000000, avanceR = 2.000000, avanceI = 2.000000
inc_x_r = 0.000000, inc_y_r = 1.000000, inc_x_i = 1.000000, inc_y_i = 1.000000
En el else......

----------------------------------------
x = 5.000000, y = 133.000000
avance = -133.000000, avanceR = 2.000000, avanceI = 2.000000
inc_x_r = 0.000000, inc_y_r = 1.000000, inc_x_i = 1.000000, inc_y_i = 1.000000
En el else......

----------------------------------------
x = 5.000000, y = 134.000000
avance = -131.000000, avanceR = 2.000000, avanceI = 2.000000
inc_x_r = 0.000000, inc_y_r = 1.000000, inc_x_i = 1.000000, inc_y_i = 1.000000
En el else......

----------------------------------------
x = 5.000000, y = 135.000000
avance = -129.000000, avanceR = 2.000000, avanceI = 2.000000
inc_x_r = 0.000000, inc_y_r = 1.000000, inc_x_i = 1.000000, inc_y_i = 1.000000
En el else......

----------------------------------------
x = 5.000000, y = 136.000000
avance = -127.000000, avanceR = 2.000000, avanceI = 2.000000
inc_x_r = 0.000000, inc_y_r = 1.000000, inc_x_i = 1.000000, inc_y_i = 1.000000
En el else......

----------------------------------------
x = 5.000000, y = 137.000000
avance = -125.000000, avanceR = 2.000000, avanceI = 2.000000
inc_x_r = 0.000000, inc_y_r = 1.000000, inc_x_i = 1.000000, inc_y_i = 1.000000
En el else......

----------------------------------------
x = 5.000000, y = 138.000000
avance = -123.000000, avanceR = 2.000000, avanceI = 2.000000
inc_x_r = 0.000000, inc_y_r = 1.000000, inc_x_i = 1.000000, inc_y_i = 1.000000
En el else......

----------------------------------------
x = 5.000000, y = 139.000000
avance = -121.000000, avanceR = 2.000000, avanceI = 2.000000
inc_x_r = 0.000000, inc_y_r = 1.000000, inc_x_i = 1.000000, inc_y_i = 1.000000
En el else......

----------------------------------------
x = 5.000000, y = 140.000000
avance = -119.000000, avanceR = 2.000000, avanceI = 2.000000
inc_x_r = 0.000000, inc_y_r = 1.000000, inc_x_i = 1.000000, inc_y_i = 1.000000
En el else......

----------------------------------------
x = 5.000000, y = 141.000000
avance = -117.000000, avanceR = 2.000000, avanceI = 2.000000
inc_x_r = 0.000000, inc_y_r = 1.000000, inc_x_i = 1.000000, inc_y_i = 1.000000
En el else......

----------------------------------------
x = 5.000000, y = 142.000000
avance = -115.000000, avanceR = 2.000000, avanceI = 2.000000
inc_x_r = 0.000000, inc_y_r = 1.000000, inc_x_i = 1.000000, inc_y_i = 1.000000
En el else......

----------------------------------------
x = 5.000000, y = 143.000000
avance = -113.000000, avanceR = 2.000000, avanceI = 2.000000
inc_x_r = 0.000000, inc_y_r = 1.000000, inc_x_i = 1.000000, inc_y_i = 1.000000
En el else......

----------------------------------------
x = 5.000000, y = 144.000000
avance = -111.000000, avanceR = 2.000000, avanceI = 2.000000
inc_x_r = 0.000000, inc_y_r = 1.000000, inc_x_i = 1.000000, inc_y_i = 1.000000
En el else......

----------------------------------------
x = 5.000000, y = 145.000000
avance = -109.000000, avanceR = 2.000000, avanceI = 2.000000
inc_x_r = 0.000000, inc_y_r = 1.000000, inc_x_i = 1.000000, inc_y_i = 1.000000
En el else......

----------------------------------------
x = 5.000000, y = 146.000000
avance = -107.000000, avanceR = 2.000000, avanceI = 2.000000
inc_x_r = 0.000000, inc_y_r = 1.000000, inc_x_i = 1.000000, inc_y_i = 1.000000
En el else......

----------------------------------------
x = 5.000000, y = 147.000000
avance = -105.000000, avanceR = 2.000000, avanceI = 2.000000
inc_x_r = 0.000000, inc_y_r = 1.000000, inc_x_i = 1.000000, inc_y_i = 1.000000
En el else......

----------------------------------------
x = 5.000000, y = 148.000000
avance = -103.000000, avanceR = 2.000000, avanceI = 2.000000
inc_x_r = 0.000000, inc_y_r = 1.000000, inc_x_i = 1.000000, inc_y_i = 1.000000
En el else......

----------------------------------------
x = 5.000000, y = 149.000000
avance = -101.000000, avanceR = 2.000000, avanceI = 2.000000
inc_x_r = 0.000000, inc_y_r = 1.000000, inc_x_i = 1.000000, inc_y_i = 1.000000
En el else......

----------------------------------------
x = 5.000000, y = 150.000000
avance = -99.000000, avanceR = 2.000000, avanceI = 2.000000
inc_x_r = 0.000000, inc_y_r = 1.000000, inc_x_i = 1.000000, inc_y_i = 1.000000
En el else......

----------------------------------------
x = 5.000000, y = 151.000000
avance = -97.000000, avanceR = 2.000000, avanceI = 2.000000
inc_x_r = 0.000000, inc_y_r = 1.000000, inc_x_i = 1.000000, inc_y_i = 1.000000
En el else......

----------------------------------------
x = 5.000000, y = 152.000000
avance = -95.000000, avanceR = 2.000000, avanceI = 2.000000
inc_x_r = 0.000000, inc_y_r = 1.000000, inc_x_i = 1.000000, inc_y_i = 1.000000
En el else......

----------------------------------------
x = 5.000000, y = 153.000000
avance = -93.000000, avanceR = 2.000000, avanceI = 2.000000
inc_x_r = 0.000000, inc_y_r = 1.000000, inc_x_i = 1.000000, inc_y_i = 1.000000
En el else......

----------------------------------------
x = 5.000000, y = 154.000000
avance = -91.000000, avanceR = 2.000000, avanceI = 2.000000
inc_x_r = 0.000000, inc_y_r = 1.000000, inc_x_i = 1.000000, inc_y_i = 1.000000
En el else......

----------------------------------------
x = 5.000000, y = 155.000000
avance = -89.000000, avanceR = 2.000000, avanceI = 2.000000
inc_x_r = 0.000000, inc_y_r = 1.000000, inc_x_i = 1.000000, inc_y_i = 1.000000
En el else......

----------------------------------------
x = 5.000000, y = 156.000000
avance = -87.000000, avanceR = 2.000000, avanceI = 2.000000
inc_x_r = 0.000000, inc_y_r = 1.000000, inc_x_i = 1.000000, inc_y_i = 1.000000
En el else......

----------------------------------------
x = 5.000000, y = 157.000000
avance = -85.000000, avanceR = 2.000000, avanceI = 2.000000
inc_x_r = 0.000000, inc_y_r = 1.000000, inc_x_i = 1.000000, inc_y_i = 1.000000
En el else......

----------------------------------------
x = 5.000000, y = 158.000000
avance = -83.000000, avanceR = 2.000000, avanceI = 2.000000
inc_x_r = 0.000000, inc_y_r = 1.000000, inc_x_i = 1.000000, inc_y_i = 1.000000
En el else......

----------------------------------------
x = 5.000000, y = 159.000000
avance = -81.000000, avanceR = 2.000000, avanceI = 2.000000
inc_x_r = 0.000000, inc_y_r = 1.000000, inc_x_i = 1.000000, inc_y_i = 1.000000
En el else......

----------------------------------------
x = 5.000000, y = 160.000000
avance = -79.000000, avanceR = 2.000000, avanceI = 2.000000
inc_x_r = 0.000000, inc_y_r = 1.000000, inc_x_i = 1.000000, inc_y_i = 1.000000
En el else......

----------------------------------------
x = 5.000000, y = 161.000000
avance = -77.000000, avanceR = 2.000000, avanceI = 2.000000
inc_x_r = 0.000000, inc_y_r = 1.000000, inc_x_i = 1.000000, inc_y_i = 1.000000
En el else......

----------------------------------------
x = 5.000000, y = 162.000000
avance = -75.000000, avanceR = 2.000000, avanceI = 2.000000
inc_x_r = 0.000000, inc_y_r = 1.000000, inc_x_i = 1.000000, inc_y_i = 1.000000
En el else......

----------------------------------------
x = 5.000000, y = 163.000000
avance = -73.000000, avanceR = 2.000000, avanceI = 2.000000
inc_x_r = 0.000000, inc_y_r = 1.000000, inc_x_i = 1.000000, inc_y_i = 1.000000
En el else......

----------------------------------------
x = 5.000000, y = 164.000000
avance = -71.000000, avanceR = 2.000000, avanceI = 2.000000
inc_x_r = 0.000000, inc_y_r = 1.000000, inc_x_i = 1.000000, inc_y_i = 1.000000
En el else......

----------------------------------------
x = 5.000000, y = 165.000000
avance = -69.000000, avanceR = 2.000000, avanceI = 2.000000
inc_x_r = 0.000000, inc_y_r = 1.000000, inc_x_i = 1.000000, inc_y_i = 1.000000
En el else......

----------------------------------------
x = 5.000000, y = 166.000000
avance = -67.000000, avanceR = 2.000000, avanceI = 2.000000
inc_x_r = 0.000000, inc_y_r = 1.000000, inc_x_i = 1.000000, inc_y_i = 1.000000
En el else......

----------------------------------------
x = 5.000000, y = 167.000000
avance = -65.000000, avanceR = 2.000000, avanceI = 2.000000
inc_x_r = 0.000000, inc_y_r = 1.000000, inc_x_i = 1.000000, inc_y_i = 1.000000
En el else......

----------------------------------------
x = 5.000000, y = 168.000000
avance = -63.000000, avanceR = 2.000000, avanceI = 2.000000
inc_x_r = 0.000000, inc_y_r = 1.000000, inc_x_i = 1.000000, inc_y_i = 1.000000
En el else......

----------------------------------------
x = 5.000000, y = 169.000000
avance = -61.000000, avanceR = 2.000000, avanceI = 2.000000
inc_x_r = 0.000000, inc_y_r = 1.000000, inc_x_i = 1.000000, inc_y_i = 1.000000
En el else......

----------------------------------------
x = 5.000000, y = 170.000000
avance = -59.000000, avanceR = 2.000000, avanceI = 2.000000
inc_x_r = 0.000000, inc_y_r = 1.000000, inc_x_i = 1.000000, inc_y_i = 1.000000
En el else......

----------------------------------------
x = 5.000000, y = 171.000000
avance = -57.000000, avanceR = 2.000000, avanceI = 2.000000
inc_x_r = 0.000000, inc_y_r = 1.000000, inc_x_i = 1.000000, inc_y_i = 1.000000
En el else......

----------------------------------------
x = 5.000000, y = 172.000000
avance = -55.000000, avanceR = 2.000000, avanceI = 2.000000
inc_x_r = 0.000000, inc_y_r = 1.000000, inc_x_i = 1.000000, inc_y_i = 1.000000
En el else......

----------------------------------------
x = 5.000000, y = 173.000000
avance = -53.000000, avanceR = 2.000000, avanceI = 2.000000
inc_x_r = 0.000000, inc_y_r = 1.000000, inc_x_i = 1.000000, inc_y_i = 1.000000
En el else......

----------------------------------------
x = 5.000000, y = 174.000000
avance = -51.000000, avanceR = 2.000000, avanceI = 2.000000
inc_x_r = 0.000000, inc_y_r = 1.000000, inc_x_i = 1.000000, inc_y_i = 1.000000
En el else......

----------------------------------------
x = 5.000000, y = 175.000000
avance = -49.000000, avanceR = 2.000000, avanceI = 2.000000
inc_x_r = 0.000000, inc_y_r = 1.000000, inc_x_i = 1.000000, inc_y_i = 1.000000
En el else......

----------------------------------------
x = 5.000000, y = 176.000000
avance = -47.000000, avanceR = 2.000000, avanceI = 2.000000
inc_x_r = 0.000000, inc_y_r = 1.000000, inc_x_i = 1.000000, inc_y_i = 1.000000
En el else......

----------------------------------------
x = 5.000000, y = 177.000000
avance = -45.000000, avanceR = 2.000000, avanceI = 2.000000
inc_x_r = 0.000000, inc_y_r = 1.000000, inc_x_i = 1.000000, inc_y_i = 1.000000
En el else......

----------------------------------------
x = 5.000000, y = 178.000000
avance = -43.000000, avanceR = 2.000000, avanceI = 2.000000
inc_x_r = 0.000000, inc_y_r = 1.000000, inc_x_i = 1.000000, inc_y_i = 1.000000
En el else......

----------------------------------------
x = 5.000000, y = 179.000000
avance = -41.000000, avanceR = 2.000000, avanceI = 2.000000
inc_x_r = 0.000000, inc_y_r = 1.000000, inc_x_i = 1.000000, inc_y_i = 1.000000
En el else......

----------------------------------------
x = 5.000000, y = 180.000000
avance = -39.000000, avanceR = 2.000000, avanceI = 2.000000
inc_x_r = 0.000000, inc_y_r = 1.000000, inc_x_i = 1.000000, inc_y_i = 1.000000
En el else......

----------------------------------------
x = 5.000000, y = 181.000000
avance = -37.000000, avanceR = 2.000000, avanceI = 2.000000
inc_x_r = 0.000000, inc_y_r = 1.000000, inc_x_i = 1.000000, inc_y_i = 1.000000
En el else......

----------------------------------------
x = 5.000000, y = 182.000000
avance = -35.000000, avanceR = 2.000000, avanceI = 2.000000
inc_x_r = 0.000000, inc_y_r = 1.000000, inc_x_i = 1.000000, inc_y_i = 1.000000
En el else......

----------------------------------------
x = 5.000000, y = 183.000000
avance = -33.000000, avanceR = 2.000000, avanceI = 2.000000
inc_x_r = 0.000000, inc_y_r = 1.000000, inc_x_i = 1.000000, inc_y_i = 1.000000
En el else......

----------------------------------------
x = 5.000000, y = 184.000000
avance = -31.000000, avanceR = 2.000000, avanceI = 2.000000
inc_x_r = 0.000000, inc_y_r = 1.000000, inc_x_i = 1.000000, inc_y_i = 1.000000
En el else......

----------------------------------------
x = 5.000000, y = 185.000000
avance = -29.000000, avanceR = 2.000000, avanceI = 2.000000
inc_x_r = 0.000000, inc_y_r = 1.000000, inc_x_i = 1.000000, inc_y_i = 1.000000
En el else......

----------------------------------------
x = 5.000000, y = 186.000000
avance = -27.000000, avanceR = 2.000000, avanceI = 2.000000
inc_x_r = 0.000000, inc_y_r = 1.000000, inc_x_i = 1.000000, inc_y_i = 1.000000
En el else......

----------------------------------------
x = 5.000000, y = 187.000000
avance = -25.000000, avanceR = 2.000000, avanceI = 2.000000
inc_x_r = 0.000000, inc_y_r = 1.000000, inc_x_i = 1.000000, inc_y_i = 1.000000
En el else......

----------------------------------------
x = 5.000000, y = 188.000000
avance = -23.000000, avanceR = 2.000000, avanceI = 2.000000
inc_x_r = 0.000000, inc_y_r = 1.000000, inc_x_i = 1.000000, inc_y_i = 1.000000
En el else......

----------------------------------------
x = 5.000000, y = 189.000000
avance = -21.000000, avanceR = 2.000000, avanceI = 2.000000
inc_x_r = 0.000000, inc_y_r = 1.000000, inc_x_i = 1.000000, inc_y_i = 1.000000
En el else......

----------------------------------------
x = 5.000000, y = 190.000000
avance = -19.000000, avanceR = 2.000000, avanceI = 2.000000
inc_x_r = 0.000000, inc_y_r = 1.000000, inc_x_i = 1.000000, inc_y_i = 1.000000
En el else......

----------------------------------------
x = 5.000000, y = 191.000000
avance = -17.000000, avanceR = 2.000000, avanceI = 2.000000
inc_x_r = 0.000000, inc_y_r = 1.000000, inc_x_i = 1.000000, inc_y_i = 1.000000
En el else......

----------------------------------------
x = 5.000000, y = 192.000000
avance = -15.000000, avanceR = 2.000000, avanceI = 2.000000
inc_x_r = 0.000000, inc_y_r = 1.000000, inc_x_i = 1.000000, inc_y_i = 1.000000
En el else......

----------------------------------------
x = 5.000000, y = 193.000000
avance = -13.000000, avanceR = 2.000000, avanceI = 2.000000
inc_x_r = 0.000000, inc_y_r = 1.000000, inc_x_i = 1.000000, inc_y_i = 1.000000
En el else......

----------------------------------------
x = 5.000000, y = 194.000000
avance = -11.000000, avanceR = 2.000000, avanceI = 2.000000
inc_x_r = 0.000000, inc_y_r = 1.000000, inc_x_i = 1.000000, inc_y_i = 1.000000
En el else......

----------------------------------------
x = 5.000000, y = 195.000000
avance = -9.000000, avanceR = 2.000000, avanceI = 2.000000
inc_x_r = 0.000000, inc_y_r = 1.000000, inc_x_i = 1.000000, inc_y_i = 1.000000
En el else......

----------------------------------------
x = 5.000000, y = 196.000000
avance = -7.000000, avanceR = 2.000000, avanceI = 2.000000
inc_x_r = 0.000000, inc_y_r = 1.000000, inc_x_i = 1.000000, inc_y_i = 1.000000
En el else......

----------------------------------------
x = 5.000000, y = 197.000000
avance = -5.000000, avanceR = 2.000000, avanceI = 2.000000
inc_x_r = 0.000000, inc_y_r = 1.000000, inc_x_i = 1.000000, inc_y_i = 1.000000
En el else......

----------------------------------------
x = 5.000000, y = 198.000000
avance = -3.000000, avanceR = 2.000000, avanceI = 2.000000
inc_x_r = 0.000000, inc_y_r = 1.000000, inc_x_i = 1.000000, inc_y_i = 1.000000
En el else......

----------------------------------------
x = 5.000000, y = 199.000000
avance = -1.000000, avanceR = 2.000000, avanceI = 2.000000
inc_x_r = 0.000000, inc_y_r = 1.000000, inc_x_i = 1.000000, inc_y_i = 1.000000
En el else......

----------------------------------------
x = 5.000000, y = 200.000000
avance = 1.000000, avanceR = 2.000000, avanceI = 2.000000
inc_x_r = 0.000000, inc_y_r = 1.000000, inc_x_i = 1.000000, inc_y_i = 1.000000
avance >= 0

----------------------------------------
x = 6.000000, y = 201.000000
avance = -499.000000, avanceR = 2.000000, avanceI = 2.000000
inc_x_r = 0.000000, inc_y_r = 1.000000, inc_x_i = 1.000000, inc_y_i = 1.000000
En el else......

----------------------------------------
x = 6.000000, y = 202.000000
avance = -497.000000, avanceR = 2.000000, avanceI = 2.000000
inc_x_r = 0.000000, inc_y_r = 1.000000, inc_x_i = 1.000000, inc_y_i = 1.000000
En el else......

----------------------------------------
x = 6.000000, y = 203.000000
avance = -495.000000, avanceR = 2.000000, avanceI = 2.000000
inc_x_r = 0.000000, inc_y_r = 1.000000, inc_x_i = 1.000000, inc_y_i = 1.000000
En el else......

----------------------------------------
x = 6.000000, y = 204.000000
avance = -493.000000, avanceR = 2.000000, avanceI = 2.000000
inc_x_r = 0.000000, inc_y_r = 1.000000, inc_x_i = 1.000000, inc_y_i = 1.000000
En el else......

----------------------------------------
x = 6.000000, y = 205.000000
avance = -491.000000, avanceR = 2.000000, avanceI = 2.000000
inc_x_r = 0.000000, inc_y_r = 1.000000, inc_x_i = 1.000000, inc_y_i = 1.000000
En el else......

----------------------------------------
x = 6.000000, y = 206.000000
avance = -489.000000, avanceR = 2.000000, avanceI = 2.000000
inc_x_r = 0.000000, inc_y_r = 1.000000, inc_x_i = 1.000000, inc_y_i = 1.000000
En el else......

----------------------------------------
x = 6.000000, y = 207.000000
avance = -487.000000, avanceR = 2.000000, avanceI = 2.000000
inc_x_r = 0.000000, inc_y_r = 1.000000, inc_x_i = 1.000000, inc_y_i = 1.000000
En el else......

----------------------------------------
x = 6.000000, y = 208.000000
avance = -485.000000, avanceR = 2.000000, avanceI = 2.000000
inc_x_r = 0.000000, inc_y_r = 1.000000, inc_x_i = 1.000000, inc_y_i = 1.000000
En el else......

----------------------------------------
x = 6.000000, y = 209.000000
avance = -483.000000, avanceR = 2.000000, avanceI = 2.000000
inc_x_r = 0.000000, inc_y_r = 1.000000, inc_x_i = 1.000000, inc_y_i = 1.000000
En el else......

----------------------------------------
x = 6.000000, y = 210.000000
avance = -481.000000, avanceR = 2.000000, avanceI = 2.000000
inc_x_r = 0.000000, inc_y_r = 1.000000, inc_x_i = 1.000000, inc_y_i = 1.000000
En el else......

----------------------------------------
x = 6.000000, y = 211.000000
avance = -479.000000, avanceR = 2.000000, avanceI = 2.000000
inc_x_r = 0.000000, inc_y_r = 1.000000, inc_x_i = 1.000000, inc_y_i = 1.000000
En el else......

----------------------------------------
x = 6.000000, y = 212.000000
avance = -477.000000, avanceR = 2.000000, avanceI = 2.000000
inc_x_r = 0.000000, inc_y_r = 1.000000, inc_x_i = 1.000000, inc_y_i = 1.000000
En el else......

----------------------------------------
x = 6.000000, y = 213.000000
avance = -475.000000, avanceR = 2.000000, avanceI = 2.000000
inc_x_r = 0.000000, inc_y_r = 1.000000, inc_x_i = 1.000000, inc_y_i = 1.000000
En el else......

----------------------------------------
x = 6.000000, y = 214.000000
avance = -473.000000, avanceR = 2.000000, avanceI = 2.000000
inc_x_r = 0.000000, inc_y_r = 1.000000, inc_x_i = 1.000000, inc_y_i = 1.000000
En el else......

----------------------------------------
x = 6.000000, y = 215.000000
avance = -471.000000, avanceR = 2.000000, avanceI = 2.000000
inc_x_r = 0.000000, inc_y_r = 1.000000, inc_x_i = 1.000000, inc_y_i = 1.000000
En el else......

----------------------------------------
x = 6.000000, y = 216.000000
avance = -469.000000, avanceR = 2.000000, avanceI = 2.000000
inc_x_r = 0.000000, inc_y_r = 1.000000, inc_x_i = 1.000000, inc_y_i = 1.000000
En el else......

----------------------------------------
x = 6.000000, y = 217.000000
avance = -467.000000, avanceR = 2.000000, avanceI = 2.000000
inc_x_r = 0.000000, inc_y_r = 1.000000, inc_x_i = 1.000000, inc_y_i = 1.000000
En el else......

----------------------------------------
x = 6.000000, y = 218.000000
avance = -465.000000, avanceR = 2.000000, avanceI = 2.000000
inc_x_r = 0.000000, inc_y_r = 1.000000, inc_x_i = 1.000000, inc_y_i = 1.000000
En el else......

----------------------------------------
x = 6.000000, y = 219.000000
avance = -463.000000, avanceR = 2.000000, avanceI = 2.000000
inc_x_r = 0.000000, inc_y_r = 1.000000, inc_x_i = 1.000000, inc_y_i = 1.000000
En el else......

----------------------------------------
x = 6.000000, y = 220.000000
avance = -461.000000, avanceR = 2.000000, avanceI = 2.000000
inc_x_r = 0.000000, inc_y_r = 1.000000, inc_x_i = 1.000000, inc_y_i = 1.000000
En el else......

----------------------------------------
x = 6.000000, y = 221.000000
avance = -459.000000, avanceR = 2.000000, avanceI = 2.000000
inc_x_r = 0.000000, inc_y_r = 1.000000, inc_x_i = 1.000000, inc_y_i = 1.000000
En el else......

----------------------------------------
x = 6.000000, y = 222.000000
avance = -457.000000, avanceR = 2.000000, avanceI = 2.000000
inc_x_r = 0.000000, inc_y_r = 1.000000, inc_x_i = 1.000000, inc_y_i = 1.000000
En el else......

----------------------------------------
x = 6.000000, y = 223.000000
avance = -455.000000, avanceR = 2.000000, avanceI = 2.000000
inc_x_r = 0.000000, inc_y_r = 1.000000, inc_x_i = 1.000000, inc_y_i = 1.000000
En el else......

----------------------------------------
x = 6.000000, y = 224.000000
avance = -453.000000, avanceR = 2.000000, avanceI = 2.000000
inc_x_r = 0.000000, inc_y_r = 1.000000, inc_x_i = 1.000000, inc_y_i = 1.000000
En el else......

----------------------------------------
x = 6.000000, y = 225.000000
avance = -451.000000, avanceR = 2.000000, avanceI = 2.000000
inc_x_r = 0.000000, inc_y_r = 1.000000, inc_x_i = 1.000000, inc_y_i = 1.000000
En el else......

----------------------------------------
x = 6.000000, y = 226.000000
avance = -449.000000, avanceR = 2.000000, avanceI = 2.000000
inc_x_r = 0.000000, inc_y_r = 1.000000, inc_x_i = 1.000000, inc_y_i = 1.000000
En el else......

----------------------------------------
x = 6.000000, y = 227.000000
avance = -447.000000, avanceR = 2.000000, avanceI = 2.000000
inc_x_r = 0.000000, inc_y_r = 1.000000, inc_x_i = 1.000000, inc_y_i = 1.000000
En el else......

----------------------------------------
x = 6.000000, y = 228.000000
avance = -445.000000, avanceR = 2.000000, avanceI = 2.000000
inc_x_r = 0.000000, inc_y_r = 1.000000, inc_x_i = 1.000000, inc_y_i = 1.000000
En el else......

----------------------------------------
x = 6.000000, y = 229.000000
avance = -443.000000, avanceR = 2.000000, avanceI = 2.000000
inc_x_r = 0.000000, inc_y_r = 1.000000, inc_x_i = 1.000000, inc_y_i = 1.000000
En el else......

----------------------------------------
x = 6.000000, y = 230.000000
avance = -441.000000, avanceR = 2.000000, avanceI = 2.000000
inc_x_r = 0.000000, inc_y_r = 1.000000, inc_x_i = 1.000000, inc_y_i = 1.000000
En el else......

----------------------------------------
x = 6.000000, y = 231.000000
avance = -439.000000, avanceR = 2.000000, avanceI = 2.000000
inc_x_r = 0.000000, inc_y_r = 1.000000, inc_x_i = 1.000000, inc_y_i = 1.000000
En el else......

----------------------------------------
x = 6.000000, y = 232.000000
avance = -437.000000, avanceR = 2.000000, avanceI = 2.000000
inc_x_r = 0.000000, inc_y_r = 1.000000, inc_x_i = 1.000000, inc_y_i = 1.000000
En el else......

----------------------------------------
x = 6.000000, y = 233.000000
avance = -435.000000, avanceR = 2.000000, avanceI = 2.000000
inc_x_r = 0.000000, inc_y_r = 1.000000, inc_x_i = 1.000000, inc_y_i = 1.000000
En el else......

----------------------------------------
x = 6.000000, y = 234.000000
avance = -433.000000, avanceR = 2.000000, avanceI = 2.000000
inc_x_r = 0.000000, inc_y_r = 1.000000, inc_x_i = 1.000000, inc_y_i = 1.000000
En el else......

----------------------------------------
x = 6.000000, y = 235.000000
avance = -431.000000, avanceR = 2.000000, avanceI = 2.000000
inc_x_r = 0.000000, inc_y_r = 1.000000, inc_x_i = 1.000000, inc_y_i = 1.000000
En el else......

----------------------------------------
x = 6.000000, y = 236.000000
avance = -429.000000, avanceR = 2.000000, avanceI = 2.000000
inc_x_r = 0.000000, inc_y_r = 1.000000, inc_x_i = 1.000000, inc_y_i = 1.000000
En el else......

----------------------------------------
x = 6.000000, y = 237.000000
avance = -427.000000, avanceR = 2.000000, avanceI = 2.000000
inc_x_r = 0.000000, inc_y_r = 1.000000, inc_x_i = 1.000000, inc_y_i = 1.000000
En el else......

----------------------------------------
x = 6.000000, y = 238.000000
avance = -425.000000, avanceR = 2.000000, avanceI = 2.000000
inc_x_r = 0.000000, inc_y_r = 1.000000, inc_x_i = 1.000000, inc_y_i = 1.000000
En el else......

----------------------------------------
x = 6.000000, y = 239.000000
avance = -423.000000, avanceR = 2.000000, avanceI = 2.000000
inc_x_r = 0.000000, inc_y_r = 1.000000, inc_x_i = 1.000000, inc_y_i = 1.000000
En el else......

----------------------------------------
x = 6.000000, y = 240.000000
avance = -421.000000, avanceR = 2.000000, avanceI = 2.000000
inc_x_r = 0.000000, inc_y_r = 1.000000, inc_x_i = 1.000000, inc_y_i = 1.000000
En el else......

----------------------------------------
x = 6.000000, y = 241.000000
avance = -419.000000, avanceR = 2.000000, avanceI = 2.000000
inc_x_r = 0.000000, inc_y_r = 1.000000, inc_x_i = 1.000000, inc_y_i = 1.000000
En el else......

----------------------------------------
x = 6.000000, y = 242.000000
avance = -417.000000, avanceR = 2.000000, avanceI = 2.000000
inc_x_r = 0.000000, inc_y_r = 1.000000, inc_x_i = 1.000000, inc_y_i = 1.000000
En el else......

----------------------------------------
x = 6.000000, y = 243.000000
avance = -415.000000, avanceR = 2.000000, avanceI = 2.000000
inc_x_r = 0.000000, inc_y_r = 1.000000, inc_x_i = 1.000000, inc_y_i = 1.000000
En el else......

----------------------------------------
x = 6.000000, y = 244.000000
avance = -413.000000, avanceR = 2.000000, avanceI = 2.000000
inc_x_r = 0.000000, inc_y_r = 1.000000, inc_x_i = 1.000000, inc_y_i = 1.000000
En el else......

----------------------------------------
x = 6.000000, y = 245.000000
avance = -411.000000, avanceR = 2.000000, avanceI = 2.000000
inc_x_r = 0.000000, inc_y_r = 1.000000, inc_x_i = 1.000000, inc_y_i = 1.000000
En el else......

----------------------------------------
x = 6.000000, y = 246.000000
avance = -409.000000, avanceR = 2.000000, avanceI = 2.000000
inc_x_r = 0.000000, inc_y_r = 1.000000, inc_x_i = 1.000000, inc_y_i = 1.000000
En el else......

----------------------------------------
x = 6.000000, y = 247.000000
avance = -407.000000, avanceR = 2.000000, avanceI = 2.000000
inc_x_r = 0.000000, inc_y_r = 1.000000, inc_x_i = 1.000000, inc_y_i = 1.000000
En el else......

----------------------------------------
x = 6.000000, y = 248.000000
avance = -405.000000, avanceR = 2.000000, avanceI = 2.000000
inc_x_r = 0.000000, inc_y_r = 1.000000, inc_x_i = 1.000000, inc_y_i = 1.000000
En el else......

----------------------------------------
x = 6.000000, y = 249.000000
avance = -403.000000, avanceR = 2.000000, avanceI = 2.000000
inc_x_r = 0.000000, inc_y_r = 1.000000, inc_x_i = 1.000000, inc_y_i = 1.000000
En el else......

----------------------------------------
x = 6.000000, y = 250.000000
avance = -401.000000, avanceR = 2.000000, avanceI = 2.000000
inc_x_r = 0.000000, inc_y_r = 1.000000, inc_x_i = 1.000000, inc_y_i = 1.000000
En el else......

----------------------------------------
x = 6.000000, y = 251.000000
avance = -399.000000, avanceR = 2.000000, avanceI = 2.000000
inc_x_r = 0.000000, inc_y_r = 1.000000, inc_x_i = 1.000000, inc_y_i = 1.000000
En el else......

----------------------------------------
x = 6.000000, y = 252.000000
avance = -397.000000, avanceR = 2.000000, avanceI = 2.000000
inc_x_r = 0.000000, inc_y_r = 1.000000, inc_x_i = 1.000000, inc_y_i = 1.000000
En el else......

----------------------------------------
x = 6.000000, y = 253.000000
avance = -395.000000, avanceR = 2.000000, avanceI = 2.000000
inc_x_r = 0.000000, inc_y_r = 1.000000, inc_x_i = 1.000000, inc_y_i = 1.000000
En el else......

----------------------------------------
x = 6.000000, y = 254.000000
avance = -393.000000, avanceR = 2.000000, avanceI = 2.000000
inc_x_r = 0.000000, inc_y_r = 1.000000, inc_x_i = 1.000000, inc_y_i = 1.000000
En el else......

----------------------------------------
x = 6.000000, y = 255.000000
avance = -391.000000, avanceR = 2.000000, avanceI = 2.000000
inc_x_r = 0.000000, inc_y_r = 1.000000, inc_x_i = 1.000000, inc_y_i = 1.000000
En el else......

----------------------------------------
x = 6.000000, y = 256.000000
avance = -389.000000, avanceR = 2.000000, avanceI = 2.000000
inc_x_r = 0.000000, inc_y_r = 1.000000, inc_x_i = 1.000000, inc_y_i = 1.000000
En el else......

----------------------------------------
x = 6.000000, y = 257.000000
avance = -387.000000, avanceR = 2.000000, avanceI = 2.000000
inc_x_r = 0.000000, inc_y_r = 1.000000, inc_x_i = 1.000000, inc_y_i = 1.000000
En el else......

----------------------------------------
x = 6.000000, y = 258.000000
avance = -385.000000, avanceR = 2.000000, avanceI = 2.000000
inc_x_r = 0.000000, inc_y_r = 1.000000, inc_x_i = 1.000000, inc_y_i = 1.000000
En el else......

----------------------------------------
x = 6.000000, y = 259.000000
avance = -383.000000, avanceR = 2.000000, avanceI = 2.000000
inc_x_r = 0.000000, inc_y_r = 1.000000, inc_x_i = 1.000000, inc_y_i = 1.000000
En el else......

----------------------------------------
x = 6.000000, y = 260.000000
avance = -381.000000, avanceR = 2.000000, avanceI = 2.000000
inc_x_r = 0.000000, inc_y_r = 1.000000, inc_x_i = 1.000000, inc_y_i = 1.000000
En el else......

----------------------------------------
x = 6.000000, y = 261.000000
avance = -379.000000, avanceR = 2.000000, avanceI = 2.000000
inc_x_r = 0.000000, inc_y_r = 1.000000, inc_x_i = 1.000000, inc_y_i = 1.000000
En el else......

----------------------------------------
x = 6.000000, y = 262.000000
avance = -377.000000, avanceR = 2.000000, avanceI = 2.000000
inc_x_r = 0.000000, inc_y_r = 1.000000, inc_x_i = 1.000000, inc_y_i = 1.000000
En el else......

----------------------------------------
x = 6.000000, y = 263.000000
avance = -375.000000, avanceR = 2.000000, avanceI = 2.000000
inc_x_r = 0.000000, inc_y_r = 1.000000, inc_x_i = 1.000000, inc_y_i = 1.000000
En el else......

----------------------------------------
x = 6.000000, y = 264.000000
avance = -373.000000, avanceR = 2.000000, avanceI = 2.000000
inc_x_r = 0.000000, inc_y_r = 1.000000, inc_x_i = 1.000000, inc_y_i = 1.000000
En el else......

----------------------------------------
x = 6.000000, y = 265.000000
avance = -371.000000, avanceR = 2.000000, avanceI = 2.000000
inc_x_r = 0.000000, inc_y_r = 1.000000, inc_x_i = 1.000000, inc_y_i = 1.000000
En el else......

----------------------------------------
x = 6.000000, y = 266.000000
avance = -369.000000, avanceR = 2.000000, avanceI = 2.000000
inc_x_r = 0.000000, inc_y_r = 1.000000, inc_x_i = 1.000000, inc_y_i = 1.000000
En el else......

----------------------------------------
x = 6.000000, y = 267.000000
avance = -367.000000, avanceR = 2.000000, avanceI = 2.000000
inc_x_r = 0.000000, inc_y_r = 1.000000, inc_x_i = 1.000000, inc_y_i = 1.000000
En el else......

----------------------------------------
x = 6.000000, y = 268.000000
avance = -365.000000, avanceR = 2.000000, avanceI = 2.000000
inc_x_r = 0.000000, inc_y_r = 1.000000, inc_x_i = 1.000000, inc_y_i = 1.000000
En el else......

----------------------------------------
x = 6.000000, y = 269.000000
avance = -363.000000, avanceR = 2.000000, avanceI = 2.000000
inc_x_r = 0.000000, inc_y_r = 1.000000, inc_x_i = 1.000000, inc_y_i = 1.000000
En el else......

----------------------------------------
x = 6.000000, y = 270.000000
avance = -361.000000, avanceR = 2.000000, avanceI = 2.000000
inc_x_r = 0.000000, inc_y_r = 1.000000, inc_x_i = 1.000000, inc_y_i = 1.000000
En el else......

----------------------------------------
x = 6.000000, y = 271.000000
avance = -359.000000, avanceR = 2.000000, avanceI = 2.000000
inc_x_r = 0.000000, inc_y_r = 1.000000, inc_x_i = 1.000000, inc_y_i = 1.000000
En el else......

----------------------------------------
x = 6.000000, y = 272.000000
avance = -357.000000, avanceR = 2.000000, avanceI = 2.000000
inc_x_r = 0.000000, inc_y_r = 1.000000, inc_x_i = 1.000000, inc_y_i = 1.000000
En el else......

----------------------------------------
x = 6.000000, y = 273.000000
avance = -355.000000, avanceR = 2.000000, avanceI = 2.000000
inc_x_r = 0.000000, inc_y_r = 1.000000, inc_x_i = 1.000000, inc_y_i = 1.000000
En el else......

----------------------------------------
x = 6.000000, y = 274.000000
avance = -353.000000, avanceR = 2.000000, avanceI = 2.000000
inc_x_r = 0.000000, inc_y_r = 1.000000, inc_x_i = 1.000000, inc_y_i = 1.000000
En el else......

----------------------------------------
x = 6.000000, y = 275.000000
avance = -351.000000, avanceR = 2.000000, avanceI = 2.000000
inc_x_r = 0.000000, inc_y_r = 1.000000, inc_x_i = 1.000000, inc_y_i = 1.000000
En el else......

----------------------------------------
x = 6.000000, y = 276.000000
avance = -349.000000, avanceR = 2.000000, avanceI = 2.000000
inc_x_r = 0.000000, inc_y_r = 1.000000, inc_x_i = 1.000000, inc_y_i = 1.000000
En el else......

----------------------------------------
x = 6.000000, y = 277.000000
avance = -347.000000, avanceR = 2.000000, avanceI = 2.000000
inc_x_r = 0.000000, inc_y_r = 1.000000, inc_x_i = 1.000000, inc_y_i = 1.000000
En el else......

----------------------------------------
x = 6.000000, y = 278.000000
avance = -345.000000, avanceR = 2.000000, avanceI = 2.000000
inc_x_r = 0.000000, inc_y_r = 1.000000, inc_x_i = 1.000000, inc_y_i = 1.000000
En el else......

----------------------------------------
x = 6.000000, y = 279.000000
avance = -343.000000, avanceR = 2.000000, avanceI = 2.000000
inc_x_r = 0.000000, inc_y_r = 1.000000, inc_x_i = 1.000000, inc_y_i = 1.000000
En el else......

----------------------------------------
x = 6.000000, y = 280.000000
avance = -341.000000, avanceR = 2.000000, avanceI = 2.000000
inc_x_r = 0.000000, inc_y_r = 1.000000, inc_x_i = 1.000000, inc_y_i = 1.000000
En el else......

----------------------------------------
x = 6.000000, y = 281.000000
avance = -339.000000, avanceR = 2.000000, avanceI = 2.000000
inc_x_r = 0.000000, inc_y_r = 1.000000, inc_x_i = 1.000000, inc_y_i = 1.000000
En el else......

----------------------------------------
x = 6.000000, y = 282.000000
avance = -337.000000, avanceR = 2.000000, avanceI = 2.000000
inc_x_r = 0.000000, inc_y_r = 1.000000, inc_x_i = 1.000000, inc_y_i = 1.000000
En el else......

----------------------------------------
x = 6.000000, y = 283.000000
avance = -335.000000, avanceR = 2.000000, avanceI = 2.000000
inc_x_r = 0.000000, inc_y_r = 1.000000, inc_x_i = 1.000000, inc_y_i = 1.000000
En el else......

----------------------------------------
x = 6.000000, y = 284.000000
avance = -333.000000, avanceR = 2.000000, avanceI = 2.000000
inc_x_r = 0.000000, inc_y_r = 1.000000, inc_x_i = 1.000000, inc_y_i = 1.000000
En el else......

----------------------------------------
x = 6.000000, y = 285.000000
avance = -331.000000, avanceR = 2.000000, avanceI = 2.000000
inc_x_r = 0.000000, inc_y_r = 1.000000, inc_x_i = 1.000000, inc_y_i = 1.000000
En el else......

----------------------------------------
x = 6.000000, y = 286.000000
avance = -329.000000, avanceR = 2.000000, avanceI = 2.000000
inc_x_r = 0.000000, inc_y_r = 1.000000, inc_x_i = 1.000000, inc_y_i = 1.000000
En el else......

----------------------------------------
x = 6.000000, y = 287.000000
avance = -327.000000, avanceR = 2.000000, avanceI = 2.000000
inc_x_r = 0.000000, inc_y_r = 1.000000, inc_x_i = 1.000000, inc_y_i = 1.000000
En el else......

----------------------------------------
x = 6.000000, y = 288.000000
avance = -325.000000, avanceR = 2.000000, avanceI = 2.000000
inc_x_r = 0.000000, inc_y_r = 1.000000, inc_x_i = 1.000000, inc_y_i = 1.000000
En el else......

----------------------------------------
x = 6.000000, y = 289.000000
avance = -323.000000, avanceR = 2.000000, avanceI = 2.000000
inc_x_r = 0.000000, inc_y_r = 1.000000, inc_x_i = 1.000000, inc_y_i = 1.000000
En el else......

----------------------------------------
x = 6.000000, y = 290.000000
avance = -321.000000, avanceR = 2.000000, avanceI = 2.000000
inc_x_r = 0.000000, inc_y_r = 1.000000, inc_x_i = 1.000000, inc_y_i = 1.000000
En el else......

----------------------------------------
x = 6.000000, y = 291.000000
avance = -319.000000, avanceR = 2.000000, avanceI = 2.000000
inc_x_r = 0.000000, inc_y_r = 1.000000, inc_x_i = 1.000000, inc_y_i = 1.000000
En el else......

----------------------------------------
x = 6.000000, y = 292.000000
avance = -317.000000, avanceR = 2.000000, avanceI = 2.000000
inc_x_r = 0.000000, inc_y_r = 1.000000, inc_x_i = 1.000000, inc_y_i = 1.000000
En el else......

----------------------------------------
x = 6.000000, y = 293.000000
avance = -315.000000, avanceR = 2.000000, avanceI = 2.000000
inc_x_r = 0.000000, inc_y_r = 1.000000, inc_x_i = 1.000000, inc_y_i = 1.000000
En el else......

----------------------------------------
x = 6.000000, y = 294.000000
avance = -313.000000, avanceR = 2.000000, avanceI = 2.000000
inc_x_r = 0.000000, inc_y_r = 1.000000, inc_x_i = 1.000000, inc_y_i = 1.000000
En el else......

----------------------------------------
x = 6.000000, y = 295.000000
avance = -311.000000, avanceR = 2.000000, avanceI = 2.000000
inc_x_r = 0.000000, inc_y_r = 1.000000, inc_x_i = 1.000000, inc_y_i = 1.000000
En el else......

----------------------------------------
x = 6.000000, y = 296.000000
avance = -309.000000, avanceR = 2.000000, avanceI = 2.000000
inc_x_r = 0.000000, inc_y_r = 1.000000, inc_x_i = 1.000000, inc_y_i = 1.000000
En el else......

----------------------------------------
x = 6.000000, y = 297.000000
avance = -307.000000, avanceR = 2.000000, avanceI = 2.000000
inc_x_r = 0.000000, inc_y_r = 1.000000, inc_x_i = 1.000000, inc_y_i = 1.000000
En el else......

----------------------------------------
x = 6.000000, y = 298.000000
avance = -305.000000, avanceR = 2.000000, avanceI = 2.000000
inc_x_r = 0.000000, inc_y_r = 1.000000, inc_x_i = 1.000000, inc_y_i = 1.000000
En el else......

----------------------------------------
x = 6.000000, y = 299.000000
avance = -303.000000, avanceR = 2.000000, avanceI = 2.000000
inc_x_r = 0.000000, inc_y_r = 1.000000, inc_x_i = 1.000000, inc_y_i = 1.000000
En el else......

----------------------------------------
x = 6.000000, y = 300.000000
avance = -301.000000, avanceR = 2.000000, avanceI = 2.000000
inc_x_r = 0.000000, inc_y_r = 1.000000, inc_x_i = 1.000000, inc_y_i = 1.000000
En el else......

----------------------------------------
x = 6.000000, y = 301.000000
avance = -299.000000, avanceR = 2.000000, avanceI = 2.000000
inc_x_r = 0.000000, inc_y_r = 1.000000, inc_x_i = 1.000000, inc_y_i = 1.000000
En el else......

----------------------------------------
x = 6.000000, y = 302.000000
avance = -297.000000, avanceR = 2.000000, avanceI = 2.000000
inc_x_r = 0.000000, inc_y_r = 1.000000, inc_x_i = 1.000000, inc_y_i = 1.000000
En el else......

----------------------------------------
x = 6.000000, y = 303.000000
avance = -295.000000, avanceR = 2.000000, avanceI = 2.000000
inc_x_r = 0.000000, inc_y_r = 1.000000, inc_x_i = 1.000000, inc_y_i = 1.000000
En el else......

----------------------------------------
x = 6.000000, y = 304.000000
avance = -293.000000, avanceR = 2.000000, avanceI = 2.000000
inc_x_r = 0.000000, inc_y_r = 1.000000, inc_x_i = 1.000000, inc_y_i = 1.000000
En el else......

----------------------------------------
x = 6.000000, y = 305.000000
avance = -291.000000, avanceR = 2.000000, avanceI = 2.000000
inc_x_r = 0.000000, inc_y_r = 1.000000, inc_x_i = 1.000000, inc_y_i = 1.000000
En el else......

----------------------------------------
x = 6.000000, y = 306.000000
avance = -289.000000, avanceR = 2.000000, avanceI = 2.000000
inc_x_r = 0.000000, inc_y_r = 1.000000, inc_x_i = 1.000000, inc_y_i = 1.000000
En el else......

----------------------------------------
x = 6.000000, y = 307.000000
avance = -287.000000, avanceR = 2.000000, avanceI = 2.000000
inc_x_r = 0.000000, inc_y_r = 1.000000, inc_x_i = 1.000000, inc_y_i = 1.000000
En el else......

----------------------------------------
x = 6.000000, y = 308.000000
avance = -285.000000, avanceR = 2.000000, avanceI = 2.000000
inc_x_r = 0.000000, inc_y_r = 1.000000, inc_x_i = 1.000000, inc_y_i = 1.000000
En el else......

----------------------------------------
x = 6.000000, y = 309.000000
avance = -283.000000, avanceR = 2.000000, avanceI = 2.000000
inc_x_r = 0.000000, inc_y_r = 1.000000, inc_x_i = 1.000000, inc_y_i = 1.000000
En el else......

----------------------------------------
x = 6.000000, y = 310.000000
avance = -281.000000, avanceR = 2.000000, avanceI = 2.000000
inc_x_r = 0.000000, inc_y_r = 1.000000, inc_x_i = 1.000000, inc_y_i = 1.000000
En el else......

----------------------------------------
x = 6.000000, y = 311.000000
avance = -279.000000, avanceR = 2.000000, avanceI = 2.000000
inc_x_r = 0.000000, inc_y_r = 1.000000, inc_x_i = 1.000000, inc_y_i = 1.000000
En el else......

----------------------------------------
x = 6.000000, y = 312.000000
avance = -277.000000, avanceR = 2.000000, avanceI = 2.000000
inc_x_r = 0.000000, inc_y_r = 1.000000, inc_x_i = 1.000000, inc_y_i = 1.000000
En el else......

----------------------------------------
x = 6.000000, y = 313.000000
avance = -275.000000, avanceR = 2.000000, avanceI = 2.000000
inc_x_r = 0.000000, inc_y_r = 1.000000, inc_x_i = 1.000000, inc_y_i = 1.000000
En el else......

----------------------------------------
x = 6.000000, y = 314.000000
avance = -273.000000, avanceR = 2.000000, avanceI = 2.000000
inc_x_r = 0.000000, inc_y_r = 1.000000, inc_x_i = 1.000000, inc_y_i = 1.000000
En el else......

----------------------------------------
x = 6.000000, y = 315.000000
avance = -271.000000, avanceR = 2.000000, avanceI = 2.000000
inc_x_r = 0.000000, inc_y_r = 1.000000, inc_x_i = 1.000000, inc_y_i = 1.000000
En el else......

----------------------------------------
x = 6.000000, y = 316.000000
avance = -269.000000, avanceR = 2.000000, avanceI = 2.000000
inc_x_r = 0.000000, inc_y_r = 1.000000, inc_x_i = 1.000000, inc_y_i = 1.000000
En el else......

----------------------------------------
x = 6.000000, y = 317.000000
avance = -267.000000, avanceR = 2.000000, avanceI = 2.000000
inc_x_r = 0.000000, inc_y_r = 1.000000, inc_x_i = 1.000000, inc_y_i = 1.000000
En el else......

----------------------------------------
x = 6.000000, y = 318.000000
avance = -265.000000, avanceR = 2.000000, avanceI = 2.000000
inc_x_r = 0.000000, inc_y_r = 1.000000, inc_x_i = 1.000000, inc_y_i = 1.000000
En el else......

----------------------------------------
x = 6.000000, y = 319.000000
avance = -263.000000, avanceR = 2.000000, avanceI = 2.000000
inc_x_r = 0.000000, inc_y_r = 1.000000, inc_x_i = 1.000000, inc_y_i = 1.000000
En el else......

----------------------------------------
x = 6.000000, y = 320.000000
avance = -261.000000, avanceR = 2.000000, avanceI = 2.000000
inc_x_r = 0.000000, inc_y_r = 1.000000, inc_x_i = 1.000000, inc_y_i = 1.000000
En el else......

----------------------------------------
x = 6.000000, y = 321.000000
avance = -259.000000, avanceR = 2.000000, avanceI = 2.000000
inc_x_r = 0.000000, inc_y_r = 1.000000, inc_x_i = 1.000000, inc_y_i = 1.000000
En el else......

----------------------------------------
x = 6.000000, y = 322.000000
avance = -257.000000, avanceR = 2.000000, avanceI = 2.000000
inc_x_r = 0.000000, inc_y_r = 1.000000, inc_x_i = 1.000000, inc_y_i = 1.000000
En el else......

----------------------------------------
x = 6.000000, y = 323.000000
avance = -255.000000, avanceR = 2.000000, avanceI = 2.000000
inc_x_r = 0.000000, inc_y_r = 1.000000, inc_x_i = 1.000000, inc_y_i = 1.000000
En el else......

----------------------------------------
x = 6.000000, y = 324.000000
avance = -253.000000, avanceR = 2.000000, avanceI = 2.000000
inc_x_r = 0.000000, inc_y_r = 1.000000, inc_x_i = 1.000000, inc_y_i = 1.000000
En el else......

----------------------------------------
x = 6.000000, y = 325.000000
avance = -251.000000, avanceR = 2.000000, avanceI = 2.000000
inc_x_r = 0.000000, inc_y_r = 1.000000, inc_x_i = 1.000000, inc_y_i = 1.000000
En el else......

----------------------------------------


ENTRAMOS A BRESENHAMªªªª
x1 = 5.000000 - y1 = 75.000000 || x2 = 6.000000 - y2 = 326.000000
dy = 251.000000, dx = 1.000000
avances inclinados: inc_x_i = 1.000000, inc_y_i = 1.000000
updated: dy = 251.000000, dx = 1.000000
avances rectos: inc_x_r = 0.000000, inc_y_r 1.000000
reupdated: dy = 1.000000, dx = 251.000000
avanceR = 2.000000, avance -249.000000, avanceI 2.000000
----------------------------------------
x = 5.000000, y = 75.000000
avance = -249.000000, avanceR = 2.000000, avanceI = 2.000000
inc_x_r = 0.000000, inc_y_r = 1.000000, inc_x_i = 1.000000, inc_y_i = 1.000000
En el else......

----------------------------------------
x = 5.000000, y = 76.000000
avance = -247.000000, avanceR = 2.000000, avanceI = 2.000000
inc_x_r = 0.000000, inc_y_r = 1.000000, inc_x_i = 1.000000, inc_y_i = 1.000000
En el else......

----------------------------------------
x = 5.000000, y = 77.000000
avance = -245.000000, avanceR = 2.000000, avanceI = 2.000000
inc_x_r = 0.000000, inc_y_r = 1.000000, inc_x_i = 1.000000, inc_y_i = 1.000000
En el else......

----------------------------------------
x = 5.000000, y = 78.000000
avance = -243.000000, avanceR = 2.000000, avanceI = 2.000000
inc_x_r = 0.000000, inc_y_r = 1.000000, inc_x_i = 1.000000, inc_y_i = 1.000000
En el else......

----------------------------------------
x = 5.000000, y = 79.000000
avance = -241.000000, avanceR = 2.000000, avanceI = 2.000000
inc_x_r = 0.000000, inc_y_r = 1.000000, inc_x_i = 1.000000, inc_y_i = 1.000000
En el else......

----------------------------------------
x = 5.000000, y = 80.000000
avance = -239.000000, avanceR = 2.000000, avanceI = 2.000000
inc_x_r = 0.000000, inc_y_r = 1.000000, inc_x_i = 1.000000, inc_y_i = 1.000000
En el else......

----------------------------------------
x = 5.000000, y = 81.000000
avance = -237.000000, avanceR = 2.000000, avanceI = 2.000000
inc_x_r = 0.000000, inc_y_r = 1.000000, inc_x_i = 1.000000, inc_y_i = 1.000000
En el else......

----------------------------------------
x = 5.000000, y = 82.000000
avance = -235.000000, avanceR = 2.000000, avanceI = 2.000000
inc_x_r = 0.000000, inc_y_r = 1.000000, inc_x_i = 1.000000, inc_y_i = 1.000000
En el else......

----------------------------------------
x = 5.000000, y = 83.000000
avance = -233.000000, avanceR = 2.000000, avanceI = 2.000000
inc_x_r = 0.000000, inc_y_r = 1.000000, inc_x_i = 1.000000, inc_y_i = 1.000000
En el else......

----------------------------------------
x = 5.000000, y = 84.000000
avance = -231.000000, avanceR = 2.000000, avanceI = 2.000000
inc_x_r = 0.000000, inc_y_r = 1.000000, inc_x_i = 1.000000, inc_y_i = 1.000000
En el else......

----------------------------------------
x = 5.000000, y = 85.000000
avance = -229.000000, avanceR = 2.000000, avanceI = 2.000000
inc_x_r = 0.000000, inc_y_r = 1.000000, inc_x_i = 1.000000, inc_y_i = 1.000000
En el else......

----------------------------------------
x = 5.000000, y = 86.000000
avance = -227.000000, avanceR = 2.000000, avanceI = 2.000000
inc_x_r = 0.000000, inc_y_r = 1.000000, inc_x_i = 1.000000, inc_y_i = 1.000000
En el else......

----------------------------------------
x = 5.000000, y = 87.000000
avance = -225.000000, avanceR = 2.000000, avanceI = 2.000000
inc_x_r = 0.000000, inc_y_r = 1.000000, inc_x_i = 1.000000, inc_y_i = 1.000000
En el else......

----------------------------------------
x = 5.000000, y = 88.000000
avance = -223.000000, avanceR = 2.000000, avanceI = 2.000000
inc_x_r = 0.000000, inc_y_r = 1.000000, inc_x_i = 1.000000, inc_y_i = 1.000000
En el else......

----------------------------------------
x = 5.000000, y = 89.000000
avance = -221.000000, avanceR = 2.000000, avanceI = 2.000000
inc_x_r = 0.000000, inc_y_r = 1.000000, inc_x_i = 1.000000, inc_y_i = 1.000000
En el else......

----------------------------------------
x = 5.000000, y = 90.000000
avance = -219.000000, avanceR = 2.000000, avanceI = 2.000000
inc_x_r = 0.000000, inc_y_r = 1.000000, inc_x_i = 1.000000, inc_y_i = 1.000000
En el else......

----------------------------------------
x = 5.000000, y = 91.000000
avance = -217.000000, avanceR = 2.000000, avanceI = 2.000000
inc_x_r = 0.000000, inc_y_r = 1.000000, inc_x_i = 1.000000, inc_y_i = 1.000000
En el else......

----------------------------------------
x = 5.000000, y = 92.000000
avance = -215.000000, avanceR = 2.000000, avanceI = 2.000000
inc_x_r = 0.000000, inc_y_r = 1.000000, inc_x_i = 1.000000, inc_y_i = 1.000000
En el else......

----------------------------------------
x = 5.000000, y = 93.000000
avance = -213.000000, avanceR = 2.000000, avanceI = 2.000000
inc_x_r = 0.000000, inc_y_r = 1.000000, inc_x_i = 1.000000, inc_y_i = 1.000000
En el else......

----------------------------------------
x = 5.000000, y = 94.000000
avance = -211.000000, avanceR = 2.000000, avanceI = 2.000000
inc_x_r = 0.000000, inc_y_r = 1.000000, inc_x_i = 1.000000, inc_y_i = 1.000000
En el else......

----------------------------------------
x = 5.000000, y = 95.000000
avance = -209.000000, avanceR = 2.000000, avanceI = 2.000000
inc_x_r = 0.000000, inc_y_r = 1.000000, inc_x_i = 1.000000, inc_y_i = 1.000000
En el else......

----------------------------------------
x = 5.000000, y = 96.000000
avance = -207.000000, avanceR = 2.000000, avanceI = 2.000000
inc_x_r = 0.000000, inc_y_r = 1.000000, inc_x_i = 1.000000, inc_y_i = 1.000000
En el else......

----------------------------------------
x = 5.000000, y = 97.000000
avance = -205.000000, avanceR = 2.000000, avanceI = 2.000000
inc_x_r = 0.000000, inc_y_r = 1.000000, inc_x_i = 1.000000, inc_y_i = 1.000000
En el else......

----------------------------------------
x = 5.000000, y = 98.000000
avance = -203.000000, avanceR = 2.000000, avanceI = 2.000000
inc_x_r = 0.000000, inc_y_r = 1.000000, inc_x_i = 1.000000, inc_y_i = 1.000000
En el else......

----------------------------------------
x = 5.000000, y = 99.000000
avance = -201.000000, avanceR = 2.000000, avanceI = 2.000000
inc_x_r = 0.000000, inc_y_r = 1.000000, inc_x_i = 1.000000, inc_y_i = 1.000000
En el else......

----------------------------------------
x = 5.000000, y = 100.000000
avance = -199.000000, avanceR = 2.000000, avanceI = 2.000000
inc_x_r = 0.000000, inc_y_r = 1.000000, inc_x_i = 1.000000, inc_y_i = 1.000000
En el else......

----------------------------------------
x = 5.000000, y = 101.000000
avance = -197.000000, avanceR = 2.000000, avanceI = 2.000000
inc_x_r = 0.000000, inc_y_r = 1.000000, inc_x_i = 1.000000, inc_y_i = 1.000000
En el else......

----------------------------------------
x = 5.000000, y = 102.000000
avance = -195.000000, avanceR = 2.000000, avanceI = 2.000000
inc_x_r = 0.000000, inc_y_r = 1.000000, inc_x_i = 1.000000, inc_y_i = 1.000000
En el else......

----------------------------------------
x = 5.000000, y = 103.000000
avance = -193.000000, avanceR = 2.000000, avanceI = 2.000000
inc_x_r = 0.000000, inc_y_r = 1.000000, inc_x_i = 1.000000, inc_y_i = 1.000000
En el else......

----------------------------------------
x = 5.000000, y = 104.000000
avance = -191.000000, avanceR = 2.000000, avanceI = 2.000000
inc_x_r = 0.000000, inc_y_r = 1.000000, inc_x_i = 1.000000, inc_y_i = 1.000000
En el else......

----------------------------------------
x = 5.000000, y = 105.000000
avance = -189.000000, avanceR = 2.000000, avanceI = 2.000000
inc_x_r = 0.000000, inc_y_r = 1.000000, inc_x_i = 1.000000, inc_y_i = 1.000000
En el else......

----------------------------------------
x = 5.000000, y = 106.000000
avance = -187.000000, avanceR = 2.000000, avanceI = 2.000000
inc_x_r = 0.000000, inc_y_r = 1.000000, inc_x_i = 1.000000, inc_y_i = 1.000000
En el else......

----------------------------------------
x = 5.000000, y = 107.000000
avance = -185.000000, avanceR = 2.000000, avanceI = 2.000000
inc_x_r = 0.000000, inc_y_r = 1.000000, inc_x_i = 1.000000, inc_y_i = 1.000000
En el else......

----------------------------------------
x = 5.000000, y = 108.000000
avance = -183.000000, avanceR = 2.000000, avanceI = 2.000000
inc_x_r = 0.000000, inc_y_r = 1.000000, inc_x_i = 1.000000, inc_y_i = 1.000000
En el else......

----------------------------------------
x = 5.000000, y = 109.000000
avance = -181.000000, avanceR = 2.000000, avanceI = 2.000000
inc_x_r = 0.000000, inc_y_r = 1.000000, inc_x_i = 1.000000, inc_y_i = 1.000000
En el else......

----------------------------------------
x = 5.000000, y = 110.000000
avance = -179.000000, avanceR = 2.000000, avanceI = 2.000000
inc_x_r = 0.000000, inc_y_r = 1.000000, inc_x_i = 1.000000, inc_y_i = 1.000000
En el else......

----------------------------------------
x = 5.000000, y = 111.000000
avance = -177.000000, avanceR = 2.000000, avanceI = 2.000000
inc_x_r = 0.000000, inc_y_r = 1.000000, inc_x_i = 1.000000, inc_y_i = 1.000000
En el else......

----------------------------------------
x = 5.000000, y = 112.000000
avance = -175.000000, avanceR = 2.000000, avanceI = 2.000000
inc_x_r = 0.000000, inc_y_r = 1.000000, inc_x_i = 1.000000, inc_y_i = 1.000000
En el else......

----------------------------------------
x = 5.000000, y = 113.000000
avance = -173.000000, avanceR = 2.000000, avanceI = 2.000000
inc_x_r = 0.000000, inc_y_r = 1.000000, inc_x_i = 1.000000, inc_y_i = 1.000000
En el else......

----------------------------------------
x = 5.000000, y = 114.000000
avance = -171.000000, avanceR = 2.000000, avanceI = 2.000000
inc_x_r = 0.000000, inc_y_r = 1.000000, inc_x_i = 1.000000, inc_y_i = 1.000000
En el else......

----------------------------------------
x = 5.000000, y = 115.000000
avance = -169.000000, avanceR = 2.000000, avanceI = 2.000000
inc_x_r = 0.000000, inc_y_r = 1.000000, inc_x_i = 1.000000, inc_y_i = 1.000000
En el else......

----------------------------------------
x = 5.000000, y = 116.000000
avance = -167.000000, avanceR = 2.000000, avanceI = 2.000000
inc_x_r = 0.000000, inc_y_r = 1.000000, inc_x_i = 1.000000, inc_y_i = 1.000000
En el else......

----------------------------------------
x = 5.000000, y = 117.000000
avance = -165.000000, avanceR = 2.000000, avanceI = 2.000000
inc_x_r = 0.000000, inc_y_r = 1.000000, inc_x_i = 1.000000, inc_y_i = 1.000000
En el else......

----------------------------------------
x = 5.000000, y = 118.000000
avance = -163.000000, avanceR = 2.000000, avanceI = 2.000000
inc_x_r = 0.000000, inc_y_r = 1.000000, inc_x_i = 1.000000, inc_y_i = 1.000000
En el else......

----------------------------------------
x = 5.000000, y = 119.000000
avance = -161.000000, avanceR = 2.000000, avanceI = 2.000000
inc_x_r = 0.000000, inc_y_r = 1.000000, inc_x_i = 1.000000, inc_y_i = 1.000000
En el else......

----------------------------------------
x = 5.000000, y = 120.000000
avance = -159.000000, avanceR = 2.000000, avanceI = 2.000000
inc_x_r = 0.000000, inc_y_r = 1.000000, inc_x_i = 1.000000, inc_y_i = 1.000000
En el else......

----------------------------------------
x = 5.000000, y = 121.000000
avance = -157.000000, avanceR = 2.000000, avanceI = 2.000000
inc_x_r = 0.000000, inc_y_r = 1.000000, inc_x_i = 1.000000, inc_y_i = 1.000000
En el else......

----------------------------------------
x = 5.000000, y = 122.000000
avance = -155.000000, avanceR = 2.000000, avanceI = 2.000000
inc_x_r = 0.000000, inc_y_r = 1.000000, inc_x_i = 1.000000, inc_y_i = 1.000000
En el else......

----------------------------------------
x = 5.000000, y = 123.000000
avance = -153.000000, avanceR = 2.000000, avanceI = 2.000000
inc_x_r = 0.000000, inc_y_r = 1.000000, inc_x_i = 1.000000, inc_y_i = 1.000000
En el else......

----------------------------------------
x = 5.000000, y = 124.000000
avance = -151.000000, avanceR = 2.000000, avanceI = 2.000000
inc_x_r = 0.000000, inc_y_r = 1.000000, inc_x_i = 1.000000, inc_y_i = 1.000000
En el else......

----------------------------------------
x = 5.000000, y = 125.000000
avance = -149.000000, avanceR = 2.000000, avanceI = 2.000000
inc_x_r = 0.000000, inc_y_r = 1.000000, inc_x_i = 1.000000, inc_y_i = 1.000000
En el else......

----------------------------------------
x = 5.000000, y = 126.000000
avance = -147.000000, avanceR = 2.000000, avanceI = 2.000000
inc_x_r = 0.000000, inc_y_r = 1.000000, inc_x_i = 1.000000, inc_y_i = 1.000000
En el else......

----------------------------------------
x = 5.000000, y = 127.000000
avance = -145.000000, avanceR = 2.000000, avanceI = 2.000000
inc_x_r = 0.000000, inc_y_r = 1.000000, inc_x_i = 1.000000, inc_y_i = 1.000000
En el else......

----------------------------------------
x = 5.000000, y = 128.000000
avance = -143.000000, avanceR = 2.000000, avanceI = 2.000000
inc_x_r = 0.000000, inc_y_r = 1.000000, inc_x_i = 1.000000, inc_y_i = 1.000000
En el else......

----------------------------------------
x = 5.000000, y = 129.000000
avance = -141.000000, avanceR = 2.000000, avanceI = 2.000000
inc_x_r = 0.000000, inc_y_r = 1.000000, inc_x_i = 1.000000, inc_y_i = 1.000000
En el else......

----------------------------------------
x = 5.000000, y = 130.000000
avance = -139.000000, avanceR = 2.000000, avanceI = 2.000000
inc_x_r = 0.000000, inc_y_r = 1.000000, inc_x_i = 1.000000, inc_y_i = 1.000000
En el else......

----------------------------------------
x = 5.000000, y = 131.000000
avance = -137.000000, avanceR = 2.000000, avanceI = 2.000000
inc_x_r = 0.000000, inc_y_r = 1.000000, inc_x_i = 1.000000, inc_y_i = 1.000000
En el else......

----------------------------------------
x = 5.000000, y = 132.000000
avance = -135.000000, avanceR = 2.000000, avanceI = 2.000000
inc_x_r = 0.000000, inc_y_r = 1.000000, inc_x_i = 1.000000, inc_y_i = 1.000000
En el else......

----------------------------------------
x = 5.000000, y = 133.000000
avance = -133.000000, avanceR = 2.000000, avanceI = 2.000000
inc_x_r = 0.000000, inc_y_r = 1.000000, inc_x_i = 1.000000, inc_y_i = 1.000000
En el else......

----------------------------------------
x = 5.000000, y = 134.000000
avance = -131.000000, avanceR = 2.000000, avanceI = 2.000000
inc_x_r = 0.000000, inc_y_r = 1.000000, inc_x_i = 1.000000, inc_y_i = 1.000000
En el else......

----------------------------------------
x = 5.000000, y = 135.000000
avance = -129.000000, avanceR = 2.000000, avanceI = 2.000000
inc_x_r = 0.000000, inc_y_r = 1.000000, inc_x_i = 1.000000, inc_y_i = 1.000000
En el else......

----------------------------------------
x = 5.000000, y = 136.000000
avance = -127.000000, avanceR = 2.000000, avanceI = 2.000000
inc_x_r = 0.000000, inc_y_r = 1.000000, inc_x_i = 1.000000, inc_y_i = 1.000000
En el else......

----------------------------------------
x = 5.000000, y = 137.000000
avance = -125.000000, avanceR = 2.000000, avanceI = 2.000000
inc_x_r = 0.000000, inc_y_r = 1.000000, inc_x_i = 1.000000, inc_y_i = 1.000000
En el else......

----------------------------------------
x = 5.000000, y = 138.000000
avance = -123.000000, avanceR = 2.000000, avanceI = 2.000000
inc_x_r = 0.000000, inc_y_r = 1.000000, inc_x_i = 1.000000, inc_y_i = 1.000000
En el else......

----------------------------------------
x = 5.000000, y = 139.000000
avance = -121.000000, avanceR = 2.000000, avanceI = 2.000000
inc_x_r = 0.000000, inc_y_r = 1.000000, inc_x_i = 1.000000, inc_y_i = 1.000000
En el else......

----------------------------------------
x = 5.000000, y = 140.000000
avance = -119.000000, avanceR = 2.000000, avanceI = 2.000000
inc_x_r = 0.000000, inc_y_r = 1.000000, inc_x_i = 1.000000, inc_y_i = 1.000000
En el else......

----------------------------------------
x = 5.000000, y = 141.000000
avance = -117.000000, avanceR = 2.000000, avanceI = 2.000000
inc_x_r = 0.000000, inc_y_r = 1.000000, inc_x_i = 1.000000, inc_y_i = 1.000000
En el else......

----------------------------------------
x = 5.000000, y = 142.000000
avance = -115.000000, avanceR = 2.000000, avanceI = 2.000000
inc_x_r = 0.000000, inc_y_r = 1.000000, inc_x_i = 1.000000, inc_y_i = 1.000000
En el else......

----------------------------------------
x = 5.000000, y = 143.000000
avance = -113.000000, avanceR = 2.000000, avanceI = 2.000000
inc_x_r = 0.000000, inc_y_r = 1.000000, inc_x_i = 1.000000, inc_y_i = 1.000000
En el else......

----------------------------------------
x = 5.000000, y = 144.000000
avance = -111.000000, avanceR = 2.000000, avanceI = 2.000000
inc_x_r = 0.000000, inc_y_r = 1.000000, inc_x_i = 1.000000, inc_y_i = 1.000000
En el else......

----------------------------------------
x = 5.000000, y = 145.000000
avance = -109.000000, avanceR = 2.000000, avanceI = 2.000000
inc_x_r = 0.000000, inc_y_r = 1.000000, inc_x_i = 1.000000, inc_y_i = 1.000000
En el else......

----------------------------------------
x = 5.000000, y = 146.000000
avance = -107.000000, avanceR = 2.000000, avanceI = 2.000000
inc_x_r = 0.000000, inc_y_r = 1.000000, inc_x_i = 1.000000, inc_y_i = 1.000000
En el else......

----------------------------------------
x = 5.000000, y = 147.000000
avance = -105.000000, avanceR = 2.000000, avanceI = 2.000000
inc_x_r = 0.000000, inc_y_r = 1.000000, inc_x_i = 1.000000, inc_y_i = 1.000000
En el else......

----------------------------------------
x = 5.000000, y = 148.000000
avance = -103.000000, avanceR = 2.000000, avanceI = 2.000000
inc_x_r = 0.000000, inc_y_r = 1.000000, inc_x_i = 1.000000, inc_y_i = 1.000000
En el else......

----------------------------------------
x = 5.000000, y = 149.000000
avance = -101.000000, avanceR = 2.000000, avanceI = 2.000000
inc_x_r = 0.000000, inc_y_r = 1.000000, inc_x_i = 1.000000, inc_y_i = 1.000000
En el else......

----------------------------------------
x = 5.000000, y = 150.000000
avance = -99.000000, avanceR = 2.000000, avanceI = 2.000000
inc_x_r = 0.000000, inc_y_r = 1.000000, inc_x_i = 1.000000, inc_y_i = 1.000000
En el else......

----------------------------------------
x = 5.000000, y = 151.000000
avance = -97.000000, avanceR = 2.000000, avanceI = 2.000000
inc_x_r = 0.000000, inc_y_r = 1.000000, inc_x_i = 1.000000, inc_y_i = 1.000000
En el else......

----------------------------------------
x = 5.000000, y = 152.000000
avance = -95.000000, avanceR = 2.000000, avanceI = 2.000000
inc_x_r = 0.000000, inc_y_r = 1.000000, inc_x_i = 1.000000, inc_y_i = 1.000000
En el else......

----------------------------------------
x = 5.000000, y = 153.000000
avance = -93.000000, avanceR = 2.000000, avanceI = 2.000000
inc_x_r = 0.000000, inc_y_r = 1.000000, inc_x_i = 1.000000, inc_y_i = 1.000000
En el else......

----------------------------------------
x = 5.000000, y = 154.000000
avance = -91.000000, avanceR = 2.000000, avanceI = 2.000000
inc_x_r = 0.000000, inc_y_r = 1.000000, inc_x_i = 1.000000, inc_y_i = 1.000000
En el else......

----------------------------------------
x = 5.000000, y = 155.000000
avance = -89.000000, avanceR = 2.000000, avanceI = 2.000000
inc_x_r = 0.000000, inc_y_r = 1.000000, inc_x_i = 1.000000, inc_y_i = 1.000000
En el else......

----------------------------------------
x = 5.000000, y = 156.000000
avance = -87.000000, avanceR = 2.000000, avanceI = 2.000000
inc_x_r = 0.000000, inc_y_r = 1.000000, inc_x_i = 1.000000, inc_y_i = 1.000000
En el else......

----------------------------------------
x = 5.000000, y = 157.000000
avance = -85.000000, avanceR = 2.000000, avanceI = 2.000000
inc_x_r = 0.000000, inc_y_r = 1.000000, inc_x_i = 1.000000, inc_y_i = 1.000000
En el else......

----------------------------------------
x = 5.000000, y = 158.000000
avance = -83.000000, avanceR = 2.000000, avanceI = 2.000000
inc_x_r = 0.000000, inc_y_r = 1.000000, inc_x_i = 1.000000, inc_y_i = 1.000000
En el else......

----------------------------------------
x = 5.000000, y = 159.000000
avance = -81.000000, avanceR = 2.000000, avanceI = 2.000000
inc_x_r = 0.000000, inc_y_r = 1.000000, inc_x_i = 1.000000, inc_y_i = 1.000000
En el else......

----------------------------------------
x = 5.000000, y = 160.000000
avance = -79.000000, avanceR = 2.000000, avanceI = 2.000000
inc_x_r = 0.000000, inc_y_r = 1.000000, inc_x_i = 1.000000, inc_y_i = 1.000000
En el else......

----------------------------------------
x = 5.000000, y = 161.000000
avance = -77.000000, avanceR = 2.000000, avanceI = 2.000000
inc_x_r = 0.000000, inc_y_r = 1.000000, inc_x_i = 1.000000, inc_y_i = 1.000000
En el else......

----------------------------------------
x = 5.000000, y = 162.000000
avance = -75.000000, avanceR = 2.000000, avanceI = 2.000000
inc_x_r = 0.000000, inc_y_r = 1.000000, inc_x_i = 1.000000, inc_y_i = 1.000000
En el else......

----------------------------------------
x = 5.000000, y = 163.000000
avance = -73.000000, avanceR = 2.000000, avanceI = 2.000000
inc_x_r = 0.000000, inc_y_r = 1.000000, inc_x_i = 1.000000, inc_y_i = 1.000000
En el else......

----------------------------------------
x = 5.000000, y = 164.000000
avance = -71.000000, avanceR = 2.000000, avanceI = 2.000000
inc_x_r = 0.000000, inc_y_r = 1.000000, inc_x_i = 1.000000, inc_y_i = 1.000000
En el else......

----------------------------------------
x = 5.000000, y = 165.000000
avance = -69.000000, avanceR = 2.000000, avanceI = 2.000000
inc_x_r = 0.000000, inc_y_r = 1.000000, inc_x_i = 1.000000, inc_y_i = 1.000000
En el else......

----------------------------------------
x = 5.000000, y = 166.000000
avance = -67.000000, avanceR = 2.000000, avanceI = 2.000000
inc_x_r = 0.000000, inc_y_r = 1.000000, inc_x_i = 1.000000, inc_y_i = 1.000000
En el else......

----------------------------------------
x = 5.000000, y = 167.000000
avance = -65.000000, avanceR = 2.000000, avanceI = 2.000000
inc_x_r = 0.000000, inc_y_r = 1.000000, inc_x_i = 1.000000, inc_y_i = 1.000000
En el else......

----------------------------------------
x = 5.000000, y = 168.000000
avance = -63.000000, avanceR = 2.000000, avanceI = 2.000000
inc_x_r = 0.000000, inc_y_r = 1.000000, inc_x_i = 1.000000, inc_y_i = 1.000000
En el else......

----------------------------------------
x = 5.000000, y = 169.000000
avance = -61.000000, avanceR = 2.000000, avanceI = 2.000000
inc_x_r = 0.000000, inc_y_r = 1.000000, inc_x_i = 1.000000, inc_y_i = 1.000000
En el else......

----------------------------------------
x = 5.000000, y = 170.000000
avance = -59.000000, avanceR = 2.000000, avanceI = 2.000000
inc_x_r = 0.000000, inc_y_r = 1.000000, inc_x_i = 1.000000, inc_y_i = 1.000000
En el else......

----------------------------------------
x = 5.000000, y = 171.000000
avance = -57.000000, avanceR = 2.000000, avanceI = 2.000000
inc_x_r = 0.000000, inc_y_r = 1.000000, inc_x_i = 1.000000, inc_y_i = 1.000000
En el else......

----------------------------------------
x = 5.000000, y = 172.000000
avance = -55.000000, avanceR = 2.000000, avanceI = 2.000000
inc_x_r = 0.000000, inc_y_r = 1.000000, inc_x_i = 1.000000, inc_y_i = 1.000000
En el else......

----------------------------------------
x = 5.000000, y = 173.000000
avance = -53.000000, avanceR = 2.000000, avanceI = 2.000000
inc_x_r = 0.000000, inc_y_r = 1.000000, inc_x_i = 1.000000, inc_y_i = 1.000000
En el else......

----------------------------------------
x = 5.000000, y = 174.000000
avance = -51.000000, avanceR = 2.000000, avanceI = 2.000000
inc_x_r = 0.000000, inc_y_r = 1.000000, inc_x_i = 1.000000, inc_y_i = 1.000000
En el else......

----------------------------------------
x = 5.000000, y = 175.000000
avance = -49.000000, avanceR = 2.000000, avanceI = 2.000000
inc_x_r = 0.000000, inc_y_r = 1.000000, inc_x_i = 1.000000, inc_y_i = 1.000000
En el else......

----------------------------------------
x = 5.000000, y = 176.000000
avance = -47.000000, avanceR = 2.000000, avanceI = 2.000000
inc_x_r = 0.000000, inc_y_r = 1.000000, inc_x_i = 1.000000, inc_y_i = 1.000000
En el else......

----------------------------------------
x = 5.000000, y = 177.000000
avance = -45.000000, avanceR = 2.000000, avanceI = 2.000000
inc_x_r = 0.000000, inc_y_r = 1.000000, inc_x_i = 1.000000, inc_y_i = 1.000000
En el else......

----------------------------------------
x = 5.000000, y = 178.000000
avance = -43.000000, avanceR = 2.000000, avanceI = 2.000000
inc_x_r = 0.000000, inc_y_r = 1.000000, inc_x_i = 1.000000, inc_y_i = 1.000000
En el else......

----------------------------------------
x = 5.000000, y = 179.000000
avance = -41.000000, avanceR = 2.000000, avanceI = 2.000000
inc_x_r = 0.000000, inc_y_r = 1.000000, inc_x_i = 1.000000, inc_y_i = 1.000000
En el else......

----------------------------------------
x = 5.000000, y = 180.000000
avance = -39.000000, avanceR = 2.000000, avanceI = 2.000000
inc_x_r = 0.000000, inc_y_r = 1.000000, inc_x_i = 1.000000, inc_y_i = 1.000000
En el else......

----------------------------------------
x = 5.000000, y = 181.000000
avance = -37.000000, avanceR = 2.000000, avanceI = 2.000000
inc_x_r = 0.000000, inc_y_r = 1.000000, inc_x_i = 1.000000, inc_y_i = 1.000000
En el else......

----------------------------------------
x = 5.000000, y = 182.000000
avance = -35.000000, avanceR = 2.000000, avanceI = 2.000000
inc_x_r = 0.000000, inc_y_r = 1.000000, inc_x_i = 1.000000, inc_y_i = 1.000000
En el else......

----------------------------------------
x = 5.000000, y = 183.000000
avance = -33.000000, avanceR = 2.000000, avanceI = 2.000000
inc_x_r = 0.000000, inc_y_r = 1.000000, inc_x_i = 1.000000, inc_y_i = 1.000000
En el else......

----------------------------------------
x = 5.000000, y = 184.000000
avance = -31.000000, avanceR = 2.000000, avanceI = 2.000000
inc_x_r = 0.000000, inc_y_r = 1.000000, inc_x_i = 1.000000, inc_y_i = 1.000000
En el else......

----------------------------------------
x = 5.000000, y = 185.000000
avance = -29.000000, avanceR = 2.000000, avanceI = 2.000000
inc_x_r = 0.000000, inc_y_r = 1.000000, inc_x_i = 1.000000, inc_y_i = 1.000000
En el else......

----------------------------------------
x = 5.000000, y = 186.000000
avance = -27.000000, avanceR = 2.000000, avanceI = 2.000000
inc_x_r = 0.000000, inc_y_r = 1.000000, inc_x_i = 1.000000, inc_y_i = 1.000000
En el else......

----------------------------------------
x = 5.000000, y = 187.000000
avance = -25.000000, avanceR = 2.000000, avanceI = 2.000000
inc_x_r = 0.000000, inc_y_r = 1.000000, inc_x_i = 1.000000, inc_y_i = 1.000000
En el else......

----------------------------------------
x = 5.000000, y = 188.000000
avance = -23.000000, avanceR = 2.000000, avanceI = 2.000000
inc_x_r = 0.000000, inc_y_r = 1.000000, inc_x_i = 1.000000, inc_y_i = 1.000000
En el else......

----------------------------------------
x = 5.000000, y = 189.000000
avance = -21.000000, avanceR = 2.000000, avanceI = 2.000000
inc_x_r = 0.000000, inc_y_r = 1.000000, inc_x_i = 1.000000, inc_y_i = 1.000000
En el else......

----------------------------------------
x = 5.000000, y = 190.000000
avance = -19.000000, avanceR = 2.000000, avanceI = 2.000000
inc_x_r = 0.000000, inc_y_r = 1.000000, inc_x_i = 1.000000, inc_y_i = 1.000000
En el else......

----------------------------------------
x = 5.000000, y = 191.000000
avance = -17.000000, avanceR = 2.000000, avanceI = 2.000000
inc_x_r = 0.000000, inc_y_r = 1.000000, inc_x_i = 1.000000, inc_y_i = 1.000000
En el else......

----------------------------------------
x = 5.000000, y = 192.000000
avance = -15.000000, avanceR = 2.000000, avanceI = 2.000000
inc_x_r = 0.000000, inc_y_r = 1.000000, inc_x_i = 1.000000, inc_y_i = 1.000000
En el else......

----------------------------------------
x = 5.000000, y = 193.000000
avance = -13.000000, avanceR = 2.000000, avanceI = 2.000000
inc_x_r = 0.000000, inc_y_r = 1.000000, inc_x_i = 1.000000, inc_y_i = 1.000000
En el else......

----------------------------------------
x = 5.000000, y = 194.000000
avance = -11.000000, avanceR = 2.000000, avanceI = 2.000000
inc_x_r = 0.000000, inc_y_r = 1.000000, inc_x_i = 1.000000, inc_y_i = 1.000000
En el else......

----------------------------------------
x = 5.000000, y = 195.000000
avance = -9.000000, avanceR = 2.000000, avanceI = 2.000000
inc_x_r = 0.000000, inc_y_r = 1.000000, inc_x_i = 1.000000, inc_y_i = 1.000000
En el else......

----------------------------------------
x = 5.000000, y = 196.000000
avance = -7.000000, avanceR = 2.000000, avanceI = 2.000000
inc_x_r = 0.000000, inc_y_r = 1.000000, inc_x_i = 1.000000, inc_y_i = 1.000000
En el else......

----------------------------------------
x = 5.000000, y = 197.000000
avance = -5.000000, avanceR = 2.000000, avanceI = 2.000000
inc_x_r = 0.000000, inc_y_r = 1.000000, inc_x_i = 1.000000, inc_y_i = 1.000000
En el else......

----------------------------------------
x = 5.000000, y = 198.000000
avance = -3.000000, avanceR = 2.000000, avanceI = 2.000000
inc_x_r = 0.000000, inc_y_r = 1.000000, inc_x_i = 1.000000, inc_y_i = 1.000000
En el else......

----------------------------------------
x = 5.000000, y = 199.000000
avance = -1.000000, avanceR = 2.000000, avanceI = 2.000000
inc_x_r = 0.000000, inc_y_r = 1.000000, inc_x_i = 1.000000, inc_y_i = 1.000000
En el else......

----------------------------------------
x = 5.000000, y = 200.000000
avance = 1.000000, avanceR = 2.000000, avanceI = 2.000000
inc_x_r = 0.000000, inc_y_r = 1.000000, inc_x_i = 1.000000, inc_y_i = 1.000000
avance >= 0

----------------------------------------
x = 6.000000, y = 201.000000
avance = -499.000000, avanceR = 2.000000, avanceI = 2.000000
inc_x_r = 0.000000, inc_y_r = 1.000000, inc_x_i = 1.000000, inc_y_i = 1.000000
En el else......

----------------------------------------
x = 6.000000, y = 202.000000
avance = -497.000000, avanceR = 2.000000, avanceI = 2.000000
inc_x_r = 0.000000, inc_y_r = 1.000000, inc_x_i = 1.000000, inc_y_i = 1.000000
En el else......

----------------------------------------
x = 6.000000, y = 203.000000
avance = -495.000000, avanceR = 2.000000, avanceI = 2.000000
inc_x_r = 0.000000, inc_y_r = 1.000000, inc_x_i = 1.000000, inc_y_i = 1.000000
En el else......

----------------------------------------
x = 6.000000, y = 204.000000
avance = -493.000000, avanceR = 2.000000, avanceI = 2.000000
inc_x_r = 0.000000, inc_y_r = 1.000000, inc_x_i = 1.000000, inc_y_i = 1.000000
En el else......

----------------------------------------
x = 6.000000, y = 205.000000
avance = -491.000000, avanceR = 2.000000, avanceI = 2.000000
inc_x_r = 0.000000, inc_y_r = 1.000000, inc_x_i = 1.000000, inc_y_i = 1.000000
En el else......

----------------------------------------
x = 6.000000, y = 206.000000
avance = -489.000000, avanceR = 2.000000, avanceI = 2.000000
inc_x_r = 0.000000, inc_y_r = 1.000000, inc_x_i = 1.000000, inc_y_i = 1.000000
En el else......

----------------------------------------
x = 6.000000, y = 207.000000
avance = -487.000000, avanceR = 2.000000, avanceI = 2.000000
inc_x_r = 0.000000, inc_y_r = 1.000000, inc_x_i = 1.000000, inc_y_i = 1.000000
En el else......

----------------------------------------
x = 6.000000, y = 208.000000
avance = -485.000000, avanceR = 2.000000, avanceI = 2.000000
inc_x_r = 0.000000, inc_y_r = 1.000000, inc_x_i = 1.000000, inc_y_i = 1.000000
En el else......

----------------------------------------
x = 6.000000, y = 209.000000
avance = -483.000000, avanceR = 2.000000, avanceI = 2.000000
inc_x_r = 0.000000, inc_y_r = 1.000000, inc_x_i = 1.000000, inc_y_i = 1.000000
En el else......

----------------------------------------
x = 6.000000, y = 210.000000
avance = -481.000000, avanceR = 2.000000, avanceI = 2.000000
inc_x_r = 0.000000, inc_y_r = 1.000000, inc_x_i = 1.000000, inc_y_i = 1.000000
En el else......

----------------------------------------
x = 6.000000, y = 211.000000
avance = -479.000000, avanceR = 2.000000, avanceI = 2.000000
inc_x_r = 0.000000, inc_y_r = 1.000000, inc_x_i = 1.000000, inc_y_i = 1.000000
En el else......

----------------------------------------
x = 6.000000, y = 212.000000
avance = -477.000000, avanceR = 2.000000, avanceI = 2.000000
inc_x_r = 0.000000, inc_y_r = 1.000000, inc_x_i = 1.000000, inc_y_i = 1.000000
En el else......

----------------------------------------
x = 6.000000, y = 213.000000
avance = -475.000000, avanceR = 2.000000, avanceI = 2.000000
inc_x_r = 0.000000, inc_y_r = 1.000000, inc_x_i = 1.000000, inc_y_i = 1.000000
En el else......

----------------------------------------
x = 6.000000, y = 214.000000
avance = -473.000000, avanceR = 2.000000, avanceI = 2.000000
inc_x_r = 0.000000, inc_y_r = 1.000000, inc_x_i = 1.000000, inc_y_i = 1.000000
En el else......

----------------------------------------
x = 6.000000, y = 215.000000
avance = -471.000000, avanceR = 2.000000, avanceI = 2.000000
inc_x_r = 0.000000, inc_y_r = 1.000000, inc_x_i = 1.000000, inc_y_i = 1.000000
En el else......

----------------------------------------
x = 6.000000, y = 216.000000
avance = -469.000000, avanceR = 2.000000, avanceI = 2.000000
inc_x_r = 0.000000, inc_y_r = 1.000000, inc_x_i = 1.000000, inc_y_i = 1.000000
En el else......

----------------------------------------
x = 6.000000, y = 217.000000
avance = -467.000000, avanceR = 2.000000, avanceI = 2.000000
inc_x_r = 0.000000, inc_y_r = 1.000000, inc_x_i = 1.000000, inc_y_i = 1.000000
En el else......

----------------------------------------
x = 6.000000, y = 218.000000
avance = -465.000000, avanceR = 2.000000, avanceI = 2.000000
inc_x_r = 0.000000, inc_y_r = 1.000000, inc_x_i = 1.000000, inc_y_i = 1.000000
En el else......

----------------------------------------
x = 6.000000, y = 219.000000
avance = -463.000000, avanceR = 2.000000, avanceI = 2.000000
inc_x_r = 0.000000, inc_y_r = 1.000000, inc_x_i = 1.000000, inc_y_i = 1.000000
En el else......

----------------------------------------
x = 6.000000, y = 220.000000
avance = -461.000000, avanceR = 2.000000, avanceI = 2.000000
inc_x_r = 0.000000, inc_y_r = 1.000000, inc_x_i = 1.000000, inc_y_i = 1.000000
En el else......

----------------------------------------
x = 6.000000, y = 221.000000
avance = -459.000000, avanceR = 2.000000, avanceI = 2.000000
inc_x_r = 0.000000, inc_y_r = 1.000000, inc_x_i = 1.000000, inc_y_i = 1.000000
En el else......

----------------------------------------
x = 6.000000, y = 222.000000
avance = -457.000000, avanceR = 2.000000, avanceI = 2.000000
inc_x_r = 0.000000, inc_y_r = 1.000000, inc_x_i = 1.000000, inc_y_i = 1.000000
En el else......

----------------------------------------
x = 6.000000, y = 223.000000
avance = -455.000000, avanceR = 2.000000, avanceI = 2.000000
inc_x_r = 0.000000, inc_y_r = 1.000000, inc_x_i = 1.000000, inc_y_i = 1.000000
En el else......

----------------------------------------
x = 6.000000, y = 224.000000
avance = -453.000000, avanceR = 2.000000, avanceI = 2.000000
inc_x_r = 0.000000, inc_y_r = 1.000000, inc_x_i = 1.000000, inc_y_i = 1.000000
En el else......

----------------------------------------
x = 6.000000, y = 225.000000
avance = -451.000000, avanceR = 2.000000, avanceI = 2.000000
inc_x_r = 0.000000, inc_y_r = 1.000000, inc_x_i = 1.000000, inc_y_i = 1.000000
En el else......

----------------------------------------
x = 6.000000, y = 226.000000
avance = -449.000000, avanceR = 2.000000, avanceI = 2.000000
inc_x_r = 0.000000, inc_y_r = 1.000000, inc_x_i = 1.000000, inc_y_i = 1.000000
En el else......

----------------------------------------
x = 6.000000, y = 227.000000
avance = -447.000000, avanceR = 2.000000, avanceI = 2.000000
inc_x_r = 0.000000, inc_y_r = 1.000000, inc_x_i = 1.000000, inc_y_i = 1.000000
En el else......

----------------------------------------
x = 6.000000, y = 228.000000
avance = -445.000000, avanceR = 2.000000, avanceI = 2.000000
inc_x_r = 0.000000, inc_y_r = 1.000000, inc_x_i = 1.000000, inc_y_i = 1.000000
En el else......

----------------------------------------
x = 6.000000, y = 229.000000
avance = -443.000000, avanceR = 2.000000, avanceI = 2.000000
inc_x_r = 0.000000, inc_y_r = 1.000000, inc_x_i = 1.000000, inc_y_i = 1.000000
En el else......

----------------------------------------
x = 6.000000, y = 230.000000
avance = -441.000000, avanceR = 2.000000, avanceI = 2.000000
inc_x_r = 0.000000, inc_y_r = 1.000000, inc_x_i = 1.000000, inc_y_i = 1.000000
En el else......

----------------------------------------
x = 6.000000, y = 231.000000
avance = -439.000000, avanceR = 2.000000, avanceI = 2.000000
inc_x_r = 0.000000, inc_y_r = 1.000000, inc_x_i = 1.000000, inc_y_i = 1.000000
En el else......

----------------------------------------
x = 6.000000, y = 232.000000
avance = -437.000000, avanceR = 2.000000, avanceI = 2.000000
inc_x_r = 0.000000, inc_y_r = 1.000000, inc_x_i = 1.000000, inc_y_i = 1.000000
En el else......

----------------------------------------
x = 6.000000, y = 233.000000
avance = -435.000000, avanceR = 2.000000, avanceI = 2.000000
inc_x_r = 0.000000, inc_y_r = 1.000000, inc_x_i = 1.000000, inc_y_i = 1.000000
En el else......

----------------------------------------
x = 6.000000, y = 234.000000
avance = -433.000000, avanceR = 2.000000, avanceI = 2.000000
inc_x_r = 0.000000, inc_y_r = 1.000000, inc_x_i = 1.000000, inc_y_i = 1.000000
En el else......

----------------------------------------
x = 6.000000, y = 235.000000
avance = -431.000000, avanceR = 2.000000, avanceI = 2.000000
inc_x_r = 0.000000, inc_y_r = 1.000000, inc_x_i = 1.000000, inc_y_i = 1.000000
En el else......

----------------------------------------
x = 6.000000, y = 236.000000
avance = -429.000000, avanceR = 2.000000, avanceI = 2.000000
inc_x_r = 0.000000, inc_y_r = 1.000000, inc_x_i = 1.000000, inc_y_i = 1.000000
En el else......

----------------------------------------
x = 6.000000, y = 237.000000
avance = -427.000000, avanceR = 2.000000, avanceI = 2.000000
inc_x_r = 0.000000, inc_y_r = 1.000000, inc_x_i = 1.000000, inc_y_i = 1.000000
En el else......

----------------------------------------
x = 6.000000, y = 238.000000
avance = -425.000000, avanceR = 2.000000, avanceI = 2.000000
inc_x_r = 0.000000, inc_y_r = 1.000000, inc_x_i = 1.000000, inc_y_i = 1.000000
En el else......

----------------------------------------
x = 6.000000, y = 239.000000
avance = -423.000000, avanceR = 2.000000, avanceI = 2.000000
inc_x_r = 0.000000, inc_y_r = 1.000000, inc_x_i = 1.000000, inc_y_i = 1.000000
En el else......

----------------------------------------
x = 6.000000, y = 240.000000
avance = -421.000000, avanceR = 2.000000, avanceI = 2.000000
inc_x_r = 0.000000, inc_y_r = 1.000000, inc_x_i = 1.000000, inc_y_i = 1.000000
En el else......

----------------------------------------
x = 6.000000, y = 241.000000
avance = -419.000000, avanceR = 2.000000, avanceI = 2.000000
inc_x_r = 0.000000, inc_y_r = 1.000000, inc_x_i = 1.000000, inc_y_i = 1.000000
En el else......

----------------------------------------
x = 6.000000, y = 242.000000
avance = -417.000000, avanceR = 2.000000, avanceI = 2.000000
inc_x_r = 0.000000, inc_y_r = 1.000000, inc_x_i = 1.000000, inc_y_i = 1.000000
En el else......

----------------------------------------
x = 6.000000, y = 243.000000
avance = -415.000000, avanceR = 2.000000, avanceI = 2.000000
inc_x_r = 0.000000, inc_y_r = 1.000000, inc_x_i = 1.000000, inc_y_i = 1.000000
En el else......

----------------------------------------
x = 6.000000, y = 244.000000
avance = -413.000000, avanceR = 2.000000, avanceI = 2.000000
inc_x_r = 0.000000, inc_y_r = 1.000000, inc_x_i = 1.000000, inc_y_i = 1.000000
En el else......

----------------------------------------
x = 6.000000, y = 245.000000
avance = -411.000000, avanceR = 2.000000, avanceI = 2.000000
inc_x_r = 0.000000, inc_y_r = 1.000000, inc_x_i = 1.000000, inc_y_i = 1.000000
En el else......

----------------------------------------
x = 6.000000, y = 246.000000
avance = -409.000000, avanceR = 2.000000, avanceI = 2.000000
inc_x_r = 0.000000, inc_y_r = 1.000000, inc_x_i = 1.000000, inc_y_i = 1.000000
En el else......

----------------------------------------
x = 6.000000, y = 247.000000
avance = -407.000000, avanceR = 2.000000, avanceI = 2.000000
inc_x_r = 0.000000, inc_y_r = 1.000000, inc_x_i = 1.000000, inc_y_i = 1.000000
En el else......

----------------------------------------
x = 6.000000, y = 248.000000
avance = -405.000000, avanceR = 2.000000, avanceI = 2.000000
inc_x_r = 0.000000, inc_y_r = 1.000000, inc_x_i = 1.000000, inc_y_i = 1.000000
En el else......

----------------------------------------
x = 6.000000, y = 249.000000
avance = -403.000000, avanceR = 2.000000, avanceI = 2.000000
inc_x_r = 0.000000, inc_y_r = 1.000000, inc_x_i = 1.000000, inc_y_i = 1.000000
En el else......

----------------------------------------
x = 6.000000, y = 250.000000
avance = -401.000000, avanceR = 2.000000, avanceI = 2.000000
inc_x_r = 0.000000, inc_y_r = 1.000000, inc_x_i = 1.000000, inc_y_i = 1.000000
En el else......

----------------------------------------
x = 6.000000, y = 251.000000
avance = -399.000000, avanceR = 2.000000, avanceI = 2.000000
inc_x_r = 0.000000, inc_y_r = 1.000000, inc_x_i = 1.000000, inc_y_i = 1.000000
En el else......

----------------------------------------
x = 6.000000, y = 252.000000
avance = -397.000000, avanceR = 2.000000, avanceI = 2.000000
inc_x_r = 0.000000, inc_y_r = 1.000000, inc_x_i = 1.000000, inc_y_i = 1.000000
En el else......

----------------------------------------
x = 6.000000, y = 253.000000
avance = -395.000000, avanceR = 2.000000, avanceI = 2.000000
inc_x_r = 0.000000, inc_y_r = 1.000000, inc_x_i = 1.000000, inc_y_i = 1.000000
En el else......

----------------------------------------
x = 6.000000, y = 254.000000
avance = -393.000000, avanceR = 2.000000, avanceI = 2.000000
inc_x_r = 0.000000, inc_y_r = 1.000000, inc_x_i = 1.000000, inc_y_i = 1.000000
En el else......

----------------------------------------
x = 6.000000, y = 255.000000
avance = -391.000000, avanceR = 2.000000, avanceI = 2.000000
inc_x_r = 0.000000, inc_y_r = 1.000000, inc_x_i = 1.000000, inc_y_i = 1.000000
En el else......

----------------------------------------
x = 6.000000, y = 256.000000
avance = -389.000000, avanceR = 2.000000, avanceI = 2.000000
inc_x_r = 0.000000, inc_y_r = 1.000000, inc_x_i = 1.000000, inc_y_i = 1.000000
En el else......

----------------------------------------
x = 6.000000, y = 257.000000
avance = -387.000000, avanceR = 2.000000, avanceI = 2.000000
inc_x_r = 0.000000, inc_y_r = 1.000000, inc_x_i = 1.000000, inc_y_i = 1.000000
En el else......

----------------------------------------
x = 6.000000, y = 258.000000
avance = -385.000000, avanceR = 2.000000, avanceI = 2.000000
inc_x_r = 0.000000, inc_y_r = 1.000000, inc_x_i = 1.000000, inc_y_i = 1.000000
En el else......

----------------------------------------
x = 6.000000, y = 259.000000
avance = -383.000000, avanceR = 2.000000, avanceI = 2.000000
inc_x_r = 0.000000, inc_y_r = 1.000000, inc_x_i = 1.000000, inc_y_i = 1.000000
En el else......

----------------------------------------
x = 6.000000, y = 260.000000
avance = -381.000000, avanceR = 2.000000, avanceI = 2.000000
inc_x_r = 0.000000, inc_y_r = 1.000000, inc_x_i = 1.000000, inc_y_i = 1.000000
En el else......

----------------------------------------
x = 6.000000, y = 261.000000
avance = -379.000000, avanceR = 2.000000, avanceI = 2.000000
inc_x_r = 0.000000, inc_y_r = 1.000000, inc_x_i = 1.000000, inc_y_i = 1.000000
En el else......

----------------------------------------
x = 6.000000, y = 262.000000
avance = -377.000000, avanceR = 2.000000, avanceI = 2.000000
inc_x_r = 0.000000, inc_y_r = 1.000000, inc_x_i = 1.000000, inc_y_i = 1.000000
En el else......

----------------------------------------
x = 6.000000, y = 263.000000
avance = -375.000000, avanceR = 2.000000, avanceI = 2.000000
inc_x_r = 0.000000, inc_y_r = 1.000000, inc_x_i = 1.000000, inc_y_i = 1.000000
En el else......

----------------------------------------
x = 6.000000, y = 264.000000
avance = -373.000000, avanceR = 2.000000, avanceI = 2.000000
inc_x_r = 0.000000, inc_y_r = 1.000000, inc_x_i = 1.000000, inc_y_i = 1.000000
En el else......

----------------------------------------
x = 6.000000, y = 265.000000
avance = -371.000000, avanceR = 2.000000, avanceI = 2.000000
inc_x_r = 0.000000, inc_y_r = 1.000000, inc_x_i = 1.000000, inc_y_i = 1.000000
En el else......

----------------------------------------
x = 6.000000, y = 266.000000
avance = -369.000000, avanceR = 2.000000, avanceI = 2.000000
inc_x_r = 0.000000, inc_y_r = 1.000000, inc_x_i = 1.000000, inc_y_i = 1.000000
En el else......

----------------------------------------
x = 6.000000, y = 267.000000
avance = -367.000000, avanceR = 2.000000, avanceI = 2.000000
inc_x_r = 0.000000, inc_y_r = 1.000000, inc_x_i = 1.000000, inc_y_i = 1.000000
En el else......

----------------------------------------
x = 6.000000, y = 268.000000
avance = -365.000000, avanceR = 2.000000, avanceI = 2.000000
inc_x_r = 0.000000, inc_y_r = 1.000000, inc_x_i = 1.000000, inc_y_i = 1.000000
En el else......

----------------------------------------
x = 6.000000, y = 269.000000
avance = -363.000000, avanceR = 2.000000, avanceI = 2.000000
inc_x_r = 0.000000, inc_y_r = 1.000000, inc_x_i = 1.000000, inc_y_i = 1.000000
En el else......

----------------------------------------
x = 6.000000, y = 270.000000
avance = -361.000000, avanceR = 2.000000, avanceI = 2.000000
inc_x_r = 0.000000, inc_y_r = 1.000000, inc_x_i = 1.000000, inc_y_i = 1.000000
En el else......

----------------------------------------
x = 6.000000, y = 271.000000
avance = -359.000000, avanceR = 2.000000, avanceI = 2.000000
inc_x_r = 0.000000, inc_y_r = 1.000000, inc_x_i = 1.000000, inc_y_i = 1.000000
En el else......

----------------------------------------
x = 6.000000, y = 272.000000
avance = -357.000000, avanceR = 2.000000, avanceI = 2.000000
inc_x_r = 0.000000, inc_y_r = 1.000000, inc_x_i = 1.000000, inc_y_i = 1.000000
En el else......

----------------------------------------
x = 6.000000, y = 273.000000
avance = -355.000000, avanceR = 2.000000, avanceI = 2.000000
inc_x_r = 0.000000, inc_y_r = 1.000000, inc_x_i = 1.000000, inc_y_i = 1.000000
En el else......

----------------------------------------
x = 6.000000, y = 274.000000
avance = -353.000000, avanceR = 2.000000, avanceI = 2.000000
inc_x_r = 0.000000, inc_y_r = 1.000000, inc_x_i = 1.000000, inc_y_i = 1.000000
En el else......

----------------------------------------
x = 6.000000, y = 275.000000
avance = -351.000000, avanceR = 2.000000, avanceI = 2.000000
inc_x_r = 0.000000, inc_y_r = 1.000000, inc_x_i = 1.000000, inc_y_i = 1.000000
En el else......

----------------------------------------
x = 6.000000, y = 276.000000
avance = -349.000000, avanceR = 2.000000, avanceI = 2.000000
inc_x_r = 0.000000, inc_y_r = 1.000000, inc_x_i = 1.000000, inc_y_i = 1.000000
En el else......

----------------------------------------
x = 6.000000, y = 277.000000
avance = -347.000000, avanceR = 2.000000, avanceI = 2.000000
inc_x_r = 0.000000, inc_y_r = 1.000000, inc_x_i = 1.000000, inc_y_i = 1.000000
En el else......

----------------------------------------
x = 6.000000, y = 278.000000
avance = -345.000000, avanceR = 2.000000, avanceI = 2.000000
inc_x_r = 0.000000, inc_y_r = 1.000000, inc_x_i = 1.000000, inc_y_i = 1.000000
En el else......

----------------------------------------
x = 6.000000, y = 279.000000
avance = -343.000000, avanceR = 2.000000, avanceI = 2.000000
inc_x_r = 0.000000, inc_y_r = 1.000000, inc_x_i = 1.000000, inc_y_i = 1.000000
En el else......

----------------------------------------
x = 6.000000, y = 280.000000
avance = -341.000000, avanceR = 2.000000, avanceI = 2.000000
inc_x_r = 0.000000, inc_y_r = 1.000000, inc_x_i = 1.000000, inc_y_i = 1.000000
En el else......

----------------------------------------
x = 6.000000, y = 281.000000
avance = -339.000000, avanceR = 2.000000, avanceI = 2.000000
inc_x_r = 0.000000, inc_y_r = 1.000000, inc_x_i = 1.000000, inc_y_i = 1.000000
En el else......

----------------------------------------
x = 6.000000, y = 282.000000
avance = -337.000000, avanceR = 2.000000, avanceI = 2.000000
inc_x_r = 0.000000, inc_y_r = 1.000000, inc_x_i = 1.000000, inc_y_i = 1.000000
En el else......

----------------------------------------
x = 6.000000, y = 283.000000
avance = -335.000000, avanceR = 2.000000, avanceI = 2.000000
inc_x_r = 0.000000, inc_y_r = 1.000000, inc_x_i = 1.000000, inc_y_i = 1.000000
En el else......

----------------------------------------
x = 6.000000, y = 284.000000
avance = -333.000000, avanceR = 2.000000, avanceI = 2.000000
inc_x_r = 0.000000, inc_y_r = 1.000000, inc_x_i = 1.000000, inc_y_i = 1.000000
En el else......

----------------------------------------
x = 6.000000, y = 285.000000
avance = -331.000000, avanceR = 2.000000, avanceI = 2.000000
inc_x_r = 0.000000, inc_y_r = 1.000000, inc_x_i = 1.000000, inc_y_i = 1.000000
En el else......

----------------------------------------
x = 6.000000, y = 286.000000
avance = -329.000000, avanceR = 2.000000, avanceI = 2.000000
inc_x_r = 0.000000, inc_y_r = 1.000000, inc_x_i = 1.000000, inc_y_i = 1.000000
En el else......

----------------------------------------
x = 6.000000, y = 287.000000
avance = -327.000000, avanceR = 2.000000, avanceI = 2.000000
inc_x_r = 0.000000, inc_y_r = 1.000000, inc_x_i = 1.000000, inc_y_i = 1.000000
En el else......

----------------------------------------
x = 6.000000, y = 288.000000
avance = -325.000000, avanceR = 2.000000, avanceI = 2.000000
inc_x_r = 0.000000, inc_y_r = 1.000000, inc_x_i = 1.000000, inc_y_i = 1.000000
En el else......

----------------------------------------
x = 6.000000, y = 289.000000
avance = -323.000000, avanceR = 2.000000, avanceI = 2.000000
inc_x_r = 0.000000, inc_y_r = 1.000000, inc_x_i = 1.000000, inc_y_i = 1.000000
En el else......

----------------------------------------
x = 6.000000, y = 290.000000
avance = -321.000000, avanceR = 2.000000, avanceI = 2.000000
inc_x_r = 0.000000, inc_y_r = 1.000000, inc_x_i = 1.000000, inc_y_i = 1.000000
En el else......

----------------------------------------
x = 6.000000, y = 291.000000
avance = -319.000000, avanceR = 2.000000, avanceI = 2.000000
inc_x_r = 0.000000, inc_y_r = 1.000000, inc_x_i = 1.000000, inc_y_i = 1.000000
En el else......

----------------------------------------
x = 6.000000, y = 292.000000
avance = -317.000000, avanceR = 2.000000, avanceI = 2.000000
inc_x_r = 0.000000, inc_y_r = 1.000000, inc_x_i = 1.000000, inc_y_i = 1.000000
En el else......

----------------------------------------
x = 6.000000, y = 293.000000
avance = -315.000000, avanceR = 2.000000, avanceI = 2.000000
inc_x_r = 0.000000, inc_y_r = 1.000000, inc_x_i = 1.000000, inc_y_i = 1.000000
En el else......

----------------------------------------
x = 6.000000, y = 294.000000
avance = -313.000000, avanceR = 2.000000, avanceI = 2.000000
inc_x_r = 0.000000, inc_y_r = 1.000000, inc_x_i = 1.000000, inc_y_i = 1.000000
En el else......

----------------------------------------
x = 6.000000, y = 295.000000
avance = -311.000000, avanceR = 2.000000, avanceI = 2.000000
inc_x_r = 0.000000, inc_y_r = 1.000000, inc_x_i = 1.000000, inc_y_i = 1.000000
En el else......

----------------------------------------
x = 6.000000, y = 296.000000
avance = -309.000000, avanceR = 2.000000, avanceI = 2.000000
inc_x_r = 0.000000, inc_y_r = 1.000000, inc_x_i = 1.000000, inc_y_i = 1.000000
En el else......

----------------------------------------
x = 6.000000, y = 297.000000
avance = -307.000000, avanceR = 2.000000, avanceI = 2.000000
inc_x_r = 0.000000, inc_y_r = 1.000000, inc_x_i = 1.000000, inc_y_i = 1.000000
En el else......

----------------------------------------
x = 6.000000, y = 298.000000
avance = -305.000000, avanceR = 2.000000, avanceI = 2.000000
inc_x_r = 0.000000, inc_y_r = 1.000000, inc_x_i = 1.000000, inc_y_i = 1.000000
En el else......

----------------------------------------
x = 6.000000, y = 299.000000
avance = -303.000000, avanceR = 2.000000, avanceI = 2.000000
inc_x_r = 0.000000, inc_y_r = 1.000000, inc_x_i = 1.000000, inc_y_i = 1.000000
En el else......

----------------------------------------
x = 6.000000, y = 300.000000
avance = -301.000000, avanceR = 2.000000, avanceI = 2.000000
inc_x_r = 0.000000, inc_y_r = 1.000000, inc_x_i = 1.000000, inc_y_i = 1.000000
En el else......

----------------------------------------
x = 6.000000, y = 301.000000
avance = -299.000000, avanceR = 2.000000, avanceI = 2.000000
inc_x_r = 0.000000, inc_y_r = 1.000000, inc_x_i = 1.000000, inc_y_i = 1.000000
En el else......

----------------------------------------
x = 6.000000, y = 302.000000
avance = -297.000000, avanceR = 2.000000, avanceI = 2.000000
inc_x_r = 0.000000, inc_y_r = 1.000000, inc_x_i = 1.000000, inc_y_i = 1.000000
En el else......

----------------------------------------
x = 6.000000, y = 303.000000
avance = -295.000000, avanceR = 2.000000, avanceI = 2.000000
inc_x_r = 0.000000, inc_y_r = 1.000000, inc_x_i = 1.000000, inc_y_i = 1.000000
En el else......

----------------------------------------
x = 6.000000, y = 304.000000
avance = -293.000000, avanceR = 2.000000, avanceI = 2.000000
inc_x_r = 0.000000, inc_y_r = 1.000000, inc_x_i = 1.000000, inc_y_i = 1.000000
En el else......

----------------------------------------
x = 6.000000, y = 305.000000
avance = -291.000000, avanceR = 2.000000, avanceI = 2.000000
inc_x_r = 0.000000, inc_y_r = 1.000000, inc_x_i = 1.000000, inc_y_i = 1.000000
En el else......

----------------------------------------
x = 6.000000, y = 306.000000
avance = -289.000000, avanceR = 2.000000, avanceI = 2.000000
inc_x_r = 0.000000, inc_y_r = 1.000000, inc_x_i = 1.000000, inc_y_i = 1.000000
En el else......

----------------------------------------
x = 6.000000, y = 307.000000
avance = -287.000000, avanceR = 2.000000, avanceI = 2.000000
inc_x_r = 0.000000, inc_y_r = 1.000000, inc_x_i = 1.000000, inc_y_i = 1.000000
En el else......

----------------------------------------
x = 6.000000, y = 308.000000
avance = -285.000000, avanceR = 2.000000, avanceI = 2.000000
inc_x_r = 0.000000, inc_y_r = 1.000000, inc_x_i = 1.000000, inc_y_i = 1.000000
En el else......

----------------------------------------
x = 6.000000, y = 309.000000
avance = -283.000000, avanceR = 2.000000, avanceI = 2.000000
inc_x_r = 0.000000, inc_y_r = 1.000000, inc_x_i = 1.000000, inc_y_i = 1.000000
En el else......

----------------------------------------
x = 6.000000, y = 310.000000
avance = -281.000000, avanceR = 2.000000, avanceI = 2.000000
inc_x_r = 0.000000, inc_y_r = 1.000000, inc_x_i = 1.000000, inc_y_i = 1.000000
En el else......

----------------------------------------
x = 6.000000, y = 311.000000
avance = -279.000000, avanceR = 2.000000, avanceI = 2.000000
inc_x_r = 0.000000, inc_y_r = 1.000000, inc_x_i = 1.000000, inc_y_i = 1.000000
En el else......

----------------------------------------
x = 6.000000, y = 312.000000
avance = -277.000000, avanceR = 2.000000, avanceI = 2.000000
inc_x_r = 0.000000, inc_y_r = 1.000000, inc_x_i = 1.000000, inc_y_i = 1.000000
En el else......

----------------------------------------
x = 6.000000, y = 313.000000
avance = -275.000000, avanceR = 2.000000, avanceI = 2.000000
inc_x_r = 0.000000, inc_y_r = 1.000000, inc_x_i = 1.000000, inc_y_i = 1.000000
En el else......

----------------------------------------
x = 6.000000, y = 314.000000
avance = -273.000000, avanceR = 2.000000, avanceI = 2.000000
inc_x_r = 0.000000, inc_y_r = 1.000000, inc_x_i = 1.000000, inc_y_i = 1.000000
En el else......

----------------------------------------
x = 6.000000, y = 315.000000
avance = -271.000000, avanceR = 2.000000, avanceI = 2.000000
inc_x_r = 0.000000, inc_y_r = 1.000000, inc_x_i = 1.000000, inc_y_i = 1.000000
En el else......

----------------------------------------
x = 6.000000, y = 316.000000
avance = -269.000000, avanceR = 2.000000, avanceI = 2.000000
inc_x_r = 0.000000, inc_y_r = 1.000000, inc_x_i = 1.000000, inc_y_i = 1.000000
En el else......

----------------------------------------
x = 6.000000, y = 317.000000
avance = -267.000000, avanceR = 2.000000, avanceI = 2.000000
inc_x_r = 0.000000, inc_y_r = 1.000000, inc_x_i = 1.000000, inc_y_i = 1.000000
En el else......

----------------------------------------
x = 6.000000, y = 318.000000
avance = -265.000000, avanceR = 2.000000, avanceI = 2.000000
inc_x_r = 0.000000, inc_y_r = 1.000000, inc_x_i = 1.000000, inc_y_i = 1.000000
En el else......

----------------------------------------
x = 6.000000, y = 319.000000
avance = -263.000000, avanceR = 2.000000, avanceI = 2.000000
inc_x_r = 0.000000, inc_y_r = 1.000000, inc_x_i = 1.000000, inc_y_i = 1.000000
En el else......

----------------------------------------
x = 6.000000, y = 320.000000
avance = -261.000000, avanceR = 2.000000, avanceI = 2.000000
inc_x_r = 0.000000, inc_y_r = 1.000000, inc_x_i = 1.000000, inc_y_i = 1.000000
En el else......

----------------------------------------
x = 6.000000, y = 321.000000
avance = -259.000000, avanceR = 2.000000, avanceI = 2.000000
inc_x_r = 0.000000, inc_y_r = 1.000000, inc_x_i = 1.000000, inc_y_i = 1.000000
En el else......

----------------------------------------
x = 6.000000, y = 322.000000
avance = -257.000000, avanceR = 2.000000, avanceI = 2.000000
inc_x_r = 0.000000, inc_y_r = 1.000000, inc_x_i = 1.000000, inc_y_i = 1.000000
En el else......

----------------------------------------
x = 6.000000, y = 323.000000
avance = -255.000000, avanceR = 2.000000, avanceI = 2.000000
inc_x_r = 0.000000, inc_y_r = 1.000000, inc_x_i = 1.000000, inc_y_i = 1.000000
En el else......

----------------------------------------
x = 6.000000, y = 324.000000
avance = -253.000000, avanceR = 2.000000, avanceI = 2.000000
inc_x_r = 0.000000, inc_y_r = 1.000000, inc_x_i = 1.000000, inc_y_i = 1.000000
En el else......

----------------------------------------
x = 6.000000, y = 325.000000
avance = -251.000000, avanceR = 2.000000, avanceI = 2.000000
inc_x_r = 0.000000, inc_y_r = 1.000000, inc_x_i = 1.000000, inc_y_i = 1.000000
En el else......

----------------------------------------


ENTRAMOS A BRESENHAMªªªª
x1 = 5.000000 - y1 = 75.000000 || x2 = 6.000000 - y2 = 326.000000
dy = 251.000000, dx = 1.000000
avances inclinados: inc_x_i = 1.000000, inc_y_i = 1.000000
updated: dy = 251.000000, dx = 1.000000
avances rectos: inc_x_r = 0.000000, inc_y_r 1.000000
reupdated: dy = 1.000000, dx = 251.000000
avanceR = 2.000000, avance -249.000000, avanceI 2.000000
----------------------------------------
x = 5.000000, y = 75.000000
avance = -249.000000, avanceR = 2.000000, avanceI = 2.000000
inc_x_r = 0.000000, inc_y_r = 1.000000, inc_x_i = 1.000000, inc_y_i = 1.000000
En el else......

----------------------------------------
x = 5.000000, y = 76.000000
avance = -247.000000, avanceR = 2.000000, avanceI = 2.000000
inc_x_r = 0.000000, inc_y_r = 1.000000, inc_x_i = 1.000000, inc_y_i = 1.000000
En el else......

----------------------------------------
x = 5.000000, y = 77.000000
avance = -245.000000, avanceR = 2.000000, avanceI = 2.000000
inc_x_r = 0.000000, inc_y_r = 1.000000, inc_x_i = 1.000000, inc_y_i = 1.000000
En el else......

----------------------------------------
x = 5.000000, y = 78.000000
avance = -243.000000, avanceR = 2.000000, avanceI = 2.000000
inc_x_r = 0.000000, inc_y_r = 1.000000, inc_x_i = 1.000000, inc_y_i = 1.000000
En el else......

----------------------------------------
x = 5.000000, y = 79.000000
avance = -241.000000, avanceR = 2.000000, avanceI = 2.000000
inc_x_r = 0.000000, inc_y_r = 1.000000, inc_x_i = 1.000000, inc_y_i = 1.000000
En el else......

----------------------------------------
x = 5.000000, y = 80.000000
avance = -239.000000, avanceR = 2.000000, avanceI = 2.000000
inc_x_r = 0.000000, inc_y_r = 1.000000, inc_x_i = 1.000000, inc_y_i = 1.000000
En el else......

----------------------------------------
x = 5.000000, y = 81.000000
avance = -237.000000, avanceR = 2.000000, avanceI = 2.000000
inc_x_r = 0.000000, inc_y_r = 1.000000, inc_x_i = 1.000000, inc_y_i = 1.000000
En el else......

----------------------------------------
x = 5.000000, y = 82.000000
avance = -235.000000, avanceR = 2.000000, avanceI = 2.000000
inc_x_r = 0.000000, inc_y_r = 1.000000, inc_x_i = 1.000000, inc_y_i = 1.000000
En el else......

----------------------------------------
x = 5.000000, y = 83.000000
avance = -233.000000, avanceR = 2.000000, avanceI = 2.000000
inc_x_r = 0.000000, inc_y_r = 1.000000, inc_x_i = 1.000000, inc_y_i = 1.000000
En el else......

----------------------------------------
x = 5.000000, y = 84.000000
avance = -231.000000, avanceR = 2.000000, avanceI = 2.000000
inc_x_r = 0.000000, inc_y_r = 1.000000, inc_x_i = 1.000000, inc_y_i = 1.000000
En el else......

----------------------------------------
x = 5.000000, y = 85.000000
avance = -229.000000, avanceR = 2.000000, avanceI = 2.000000
inc_x_r = 0.000000, inc_y_r = 1.000000, inc_x_i = 1.000000, inc_y_i = 1.000000
En el else......

----------------------------------------
x = 5.000000, y = 86.000000
avance = -227.000000, avanceR = 2.000000, avanceI = 2.000000
inc_x_r = 0.000000, inc_y_r = 1.000000, inc_x_i = 1.000000, inc_y_i = 1.000000
En el else......

----------------------------------------
x = 5.000000, y = 87.000000
avance = -225.000000, avanceR = 2.000000, avanceI = 2.000000
inc_x_r = 0.000000, inc_y_r = 1.000000, inc_x_i = 1.000000, inc_y_i = 1.000000
En el else......

----------------------------------------
x = 5.000000, y = 88.000000
avance = -223.000000, avanceR = 2.000000, avanceI = 2.000000
inc_x_r = 0.000000, inc_y_r = 1.000000, inc_x_i = 1.000000, inc_y_i = 1.000000
En el else......

----------------------------------------
x = 5.000000, y = 89.000000
avance = -221.000000, avanceR = 2.000000, avanceI = 2.000000
inc_x_r = 0.000000, inc_y_r = 1.000000, inc_x_i = 1.000000, inc_y_i = 1.000000
En el else......

----------------------------------------
x = 5.000000, y = 90.000000
avance = -219.000000, avanceR = 2.000000, avanceI = 2.000000
inc_x_r = 0.000000, inc_y_r = 1.000000, inc_x_i = 1.000000, inc_y_i = 1.000000
En el else......

----------------------------------------
x = 5.000000, y = 91.000000
avance = -217.000000, avanceR = 2.000000, avanceI = 2.000000
inc_x_r = 0.000000, inc_y_r = 1.000000, inc_x_i = 1.000000, inc_y_i = 1.000000
En el else......

----------------------------------------
x = 5.000000, y = 92.000000
avance = -215.000000, avanceR = 2.000000, avanceI = 2.000000
inc_x_r = 0.000000, inc_y_r = 1.000000, inc_x_i = 1.000000, inc_y_i = 1.000000
En el else......

----------------------------------------
x = 5.000000, y = 93.000000
avance = -213.000000, avanceR = 2.000000, avanceI = 2.000000
inc_x_r = 0.000000, inc_y_r = 1.000000, inc_x_i = 1.000000, inc_y_i = 1.000000
En el else......

----------------------------------------
x = 5.000000, y = 94.000000
avance = -211.000000, avanceR = 2.000000, avanceI = 2.000000
inc_x_r = 0.000000, inc_y_r = 1.000000, inc_x_i = 1.000000, inc_y_i = 1.000000
En el else......

----------------------------------------
x = 5.000000, y = 95.000000
avance = -209.000000, avanceR = 2.000000, avanceI = 2.000000
inc_x_r = 0.000000, inc_y_r = 1.000000, inc_x_i = 1.000000, inc_y_i = 1.000000
En el else......

----------------------------------------
x = 5.000000, y = 96.000000
avance = -207.000000, avanceR = 2.000000, avanceI = 2.000000
inc_x_r = 0.000000, inc_y_r = 1.000000, inc_x_i = 1.000000, inc_y_i = 1.000000
En el else......

----------------------------------------
x = 5.000000, y = 97.000000
avance = -205.000000, avanceR = 2.000000, avanceI = 2.000000
inc_x_r = 0.000000, inc_y_r = 1.000000, inc_x_i = 1.000000, inc_y_i = 1.000000
En el else......

----------------------------------------
x = 5.000000, y = 98.000000
avance = -203.000000, avanceR = 2.000000, avanceI = 2.000000
inc_x_r = 0.000000, inc_y_r = 1.000000, inc_x_i = 1.000000, inc_y_i = 1.000000
En el else......

----------------------------------------
x = 5.000000, y = 99.000000
avance = -201.000000, avanceR = 2.000000, avanceI = 2.000000
inc_x_r = 0.000000, inc_y_r = 1.000000, inc_x_i = 1.000000, inc_y_i = 1.000000
En el else......

----------------------------------------
x = 5.000000, y = 100.000000
avance = -199.000000, avanceR = 2.000000, avanceI = 2.000000
inc_x_r = 0.000000, inc_y_r = 1.000000, inc_x_i = 1.000000, inc_y_i = 1.000000
En el else......

----------------------------------------
x = 5.000000, y = 101.000000
avance = -197.000000, avanceR = 2.000000, avanceI = 2.000000
inc_x_r = 0.000000, inc_y_r = 1.000000, inc_x_i = 1.000000, inc_y_i = 1.000000
En el else......

----------------------------------------
x = 5.000000, y = 102.000000
avance = -195.000000, avanceR = 2.000000, avanceI = 2.000000
inc_x_r = 0.000000, inc_y_r = 1.000000, inc_x_i = 1.000000, inc_y_i = 1.000000
En el else......

----------------------------------------
x = 5.000000, y = 103.000000
avance = -193.000000, avanceR = 2.000000, avanceI = 2.000000
inc_x_r = 0.000000, inc_y_r = 1.000000, inc_x_i = 1.000000, inc_y_i = 1.000000
En el else......

----------------------------------------
x = 5.000000, y = 104.000000
avance = -191.000000, avanceR = 2.000000, avanceI = 2.000000
inc_x_r = 0.000000, inc_y_r = 1.000000, inc_x_i = 1.000000, inc_y_i = 1.000000
En el else......

----------------------------------------
x = 5.000000, y = 105.000000
avance = -189.000000, avanceR = 2.000000, avanceI = 2.000000
inc_x_r = 0.000000, inc_y_r = 1.000000, inc_x_i = 1.000000, inc_y_i = 1.000000
En el else......

----------------------------------------
x = 5.000000, y = 106.000000
avance = -187.000000, avanceR = 2.000000, avanceI = 2.000000
inc_x_r = 0.000000, inc_y_r = 1.000000, inc_x_i = 1.000000, inc_y_i = 1.000000
En el else......

----------------------------------------
x = 5.000000, y = 107.000000
avance = -185.000000, avanceR = 2.000000, avanceI = 2.000000
inc_x_r = 0.000000, inc_y_r = 1.000000, inc_x_i = 1.000000, inc_y_i = 1.000000
En el else......

----------------------------------------
x = 5.000000, y = 108.000000
avance = -183.000000, avanceR = 2.000000, avanceI = 2.000000
inc_x_r = 0.000000, inc_y_r = 1.000000, inc_x_i = 1.000000, inc_y_i = 1.000000
En el else......

----------------------------------------
x = 5.000000, y = 109.000000
avance = -181.000000, avanceR = 2.000000, avanceI = 2.000000
inc_x_r = 0.000000, inc_y_r = 1.000000, inc_x_i = 1.000000, inc_y_i = 1.000000
En el else......

----------------------------------------
x = 5.000000, y = 110.000000
avance = -179.000000, avanceR = 2.000000, avanceI = 2.000000
inc_x_r = 0.000000, inc_y_r = 1.000000, inc_x_i = 1.000000, inc_y_i = 1.000000
En el else......

----------------------------------------
x = 5.000000, y = 111.000000
avance = -177.000000, avanceR = 2.000000, avanceI = 2.000000
inc_x_r = 0.000000, inc_y_r = 1.000000, inc_x_i = 1.000000, inc_y_i = 1.000000
En el else......

----------------------------------------
x = 5.000000, y = 112.000000
avance = -175.000000, avanceR = 2.000000, avanceI = 2.000000
inc_x_r = 0.000000, inc_y_r = 1.000000, inc_x_i = 1.000000, inc_y_i = 1.000000
En el else......

----------------------------------------
x = 5.000000, y = 113.000000
avance = -173.000000, avanceR = 2.000000, avanceI = 2.000000
inc_x_r = 0.000000, inc_y_r = 1.000000, inc_x_i = 1.000000, inc_y_i = 1.000000
En el else......

----------------------------------------
x = 5.000000, y = 114.000000
avance = -171.000000, avanceR = 2.000000, avanceI = 2.000000
inc_x_r = 0.000000, inc_y_r = 1.000000, inc_x_i = 1.000000, inc_y_i = 1.000000
En el else......

----------------------------------------
x = 5.000000, y = 115.000000
avance = -169.000000, avanceR = 2.000000, avanceI = 2.000000
inc_x_r = 0.000000, inc_y_r = 1.000000, inc_x_i = 1.000000, inc_y_i = 1.000000
En el else......

----------------------------------------
x = 5.000000, y = 116.000000
avance = -167.000000, avanceR = 2.000000, avanceI = 2.000000
inc_x_r = 0.000000, inc_y_r = 1.000000, inc_x_i = 1.000000, inc_y_i = 1.000000
En el else......

----------------------------------------
x = 5.000000, y = 117.000000
avance = -165.000000, avanceR = 2.000000, avanceI = 2.000000
inc_x_r = 0.000000, inc_y_r = 1.000000, inc_x_i = 1.000000, inc_y_i = 1.000000
En el else......

----------------------------------------
x = 5.000000, y = 118.000000
avance = -163.000000, avanceR = 2.000000, avanceI = 2.000000
inc_x_r = 0.000000, inc_y_r = 1.000000, inc_x_i = 1.000000, inc_y_i = 1.000000
En el else......

----------------------------------------
x = 5.000000, y = 119.000000
avance = -161.000000, avanceR = 2.000000, avanceI = 2.000000
inc_x_r = 0.000000, inc_y_r = 1.000000, inc_x_i = 1.000000, inc_y_i = 1.000000
En el else......

----------------------------------------
x = 5.000000, y = 120.000000
avance = -159.000000, avanceR = 2.000000, avanceI = 2.000000
inc_x_r = 0.000000, inc_y_r = 1.000000, inc_x_i = 1.000000, inc_y_i = 1.000000
En el else......

----------------------------------------
x = 5.000000, y = 121.000000
avance = -157.000000, avanceR = 2.000000, avanceI = 2.000000
inc_x_r = 0.000000, inc_y_r = 1.000000, inc_x_i = 1.000000, inc_y_i = 1.000000
En el else......

----------------------------------------
x = 5.000000, y = 122.000000
avance = -155.000000, avanceR = 2.000000, avanceI = 2.000000
inc_x_r = 0.000000, inc_y_r = 1.000000, inc_x_i = 1.000000, inc_y_i = 1.000000
En el else......

----------------------------------------
x = 5.000000, y = 123.000000
avance = -153.000000, avanceR = 2.000000, avanceI = 2.000000
inc_x_r = 0.000000, inc_y_r = 1.000000, inc_x_i = 1.000000, inc_y_i = 1.000000
En el else......

----------------------------------------
x = 5.000000, y = 124.000000
avance = -151.000000, avanceR = 2.000000, avanceI = 2.000000
inc_x_r = 0.000000, inc_y_r = 1.000000, inc_x_i = 1.000000, inc_y_i = 1.000000
En el else......

----------------------------------------
x = 5.000000, y = 125.000000
avance = -149.000000, avanceR = 2.000000, avanceI = 2.000000
inc_x_r = 0.000000, inc_y_r = 1.000000, inc_x_i = 1.000000, inc_y_i = 1.000000
En el else......

----------------------------------------
x = 5.000000, y = 126.000000
avance = -147.000000, avanceR = 2.000000, avanceI = 2.000000
inc_x_r = 0.000000, inc_y_r = 1.000000, inc_x_i = 1.000000, inc_y_i = 1.000000
En el else......

----------------------------------------
x = 5.000000, y = 127.000000
avance = -145.000000, avanceR = 2.000000, avanceI = 2.000000
inc_x_r = 0.000000, inc_y_r = 1.000000, inc_x_i = 1.000000, inc_y_i = 1.000000
En el else......

----------------------------------------
x = 5.000000, y = 128.000000
avance = -143.000000, avanceR = 2.000000, avanceI = 2.000000
inc_x_r = 0.000000, inc_y_r = 1.000000, inc_x_i = 1.000000, inc_y_i = 1.000000
En el else......

----------------------------------------
x = 5.000000, y = 129.000000
avance = -141.000000, avanceR = 2.000000, avanceI = 2.000000
inc_x_r = 0.000000, inc_y_r = 1.000000, inc_x_i = 1.000000, inc_y_i = 1.000000
En el else......

----------------------------------------
x = 5.000000, y = 130.000000
avance = -139.000000, avanceR = 2.000000, avanceI = 2.000000
inc_x_r = 0.000000, inc_y_r = 1.000000, inc_x_i = 1.000000, inc_y_i = 1.000000
En el else......

----------------------------------------
x = 5.000000, y = 131.000000
avance = -137.000000, avanceR = 2.000000, avanceI = 2.000000
inc_x_r = 0.000000, inc_y_r = 1.000000, inc_x_i = 1.000000, inc_y_i = 1.000000
En el else......

----------------------------------------
x = 5.000000, y = 132.000000
avance = -135.000000, avanceR = 2.000000, avanceI = 2.000000
inc_x_r = 0.000000, inc_y_r = 1.000000, inc_x_i = 1.000000, inc_y_i = 1.000000
En el else......

----------------------------------------
x = 5.000000, y = 133.000000
avance = -133.000000, avanceR = 2.000000, avanceI = 2.000000
inc_x_r = 0.000000, inc_y_r = 1.000000, inc_x_i = 1.000000, inc_y_i = 1.000000
En el else......

----------------------------------------
x = 5.000000, y = 134.000000
avance = -131.000000, avanceR = 2.000000, avanceI = 2.000000
inc_x_r = 0.000000, inc_y_r = 1.000000, inc_x_i = 1.000000, inc_y_i = 1.000000
En el else......

----------------------------------------
x = 5.000000, y = 135.000000
avance = -129.000000, avanceR = 2.000000, avanceI = 2.000000
inc_x_r = 0.000000, inc_y_r = 1.000000, inc_x_i = 1.000000, inc_y_i = 1.000000
En el else......

----------------------------------------
x = 5.000000, y = 136.000000
avance = -127.000000, avanceR = 2.000000, avanceI = 2.000000
inc_x_r = 0.000000, inc_y_r = 1.000000, inc_x_i = 1.000000, inc_y_i = 1.000000
En el else......

----------------------------------------
x = 5.000000, y = 137.000000
avance = -125.000000, avanceR = 2.000000, avanceI = 2.000000
inc_x_r = 0.000000, inc_y_r = 1.000000, inc_x_i = 1.000000, inc_y_i = 1.000000
En el else......

----------------------------------------
x = 5.000000, y = 138.000000
avance = -123.000000, avanceR = 2.000000, avanceI = 2.000000
inc_x_r = 0.000000, inc_y_r = 1.000000, inc_x_i = 1.000000, inc_y_i = 1.000000
En el else......

----------------------------------------
x = 5.000000, y = 139.000000
avance = -121.000000, avanceR = 2.000000, avanceI = 2.000000
inc_x_r = 0.000000, inc_y_r = 1.000000, inc_x_i = 1.000000, inc_y_i = 1.000000
En el else......

----------------------------------------
x = 5.000000, y = 140.000000
avance = -119.000000, avanceR = 2.000000, avanceI = 2.000000
inc_x_r = 0.000000, inc_y_r = 1.000000, inc_x_i = 1.000000, inc_y_i = 1.000000
En el else......

----------------------------------------
x = 5.000000, y = 141.000000
avance = -117.000000, avanceR = 2.000000, avanceI = 2.000000
inc_x_r = 0.000000, inc_y_r = 1.000000, inc_x_i = 1.000000, inc_y_i = 1.000000
En el else......

----------------------------------------
x = 5.000000, y = 142.000000
avance = -115.000000, avanceR = 2.000000, avanceI = 2.000000
inc_x_r = 0.000000, inc_y_r = 1.000000, inc_x_i = 1.000000, inc_y_i = 1.000000
En el else......

----------------------------------------
x = 5.000000, y = 143.000000
avance = -113.000000, avanceR = 2.000000, avanceI = 2.000000
inc_x_r = 0.000000, inc_y_r = 1.000000, inc_x_i = 1.000000, inc_y_i = 1.000000
En el else......

----------------------------------------
x = 5.000000, y = 144.000000
avance = -111.000000, avanceR = 2.000000, avanceI = 2.000000
inc_x_r = 0.000000, inc_y_r = 1.000000, inc_x_i = 1.000000, inc_y_i = 1.000000
En el else......

----------------------------------------
x = 5.000000, y = 145.000000
avance = -109.000000, avanceR = 2.000000, avanceI = 2.000000
inc_x_r = 0.000000, inc_y_r = 1.000000, inc_x_i = 1.000000, inc_y_i = 1.000000
En el else......

----------------------------------------
x = 5.000000, y = 146.000000
avance = -107.000000, avanceR = 2.000000, avanceI = 2.000000
inc_x_r = 0.000000, inc_y_r = 1.000000, inc_x_i = 1.000000, inc_y_i = 1.000000
En el else......

----------------------------------------
x = 5.000000, y = 147.000000
avance = -105.000000, avanceR = 2.000000, avanceI = 2.000000
inc_x_r = 0.000000, inc_y_r = 1.000000, inc_x_i = 1.000000, inc_y_i = 1.000000
En el else......

----------------------------------------
x = 5.000000, y = 148.000000
avance = -103.000000, avanceR = 2.000000, avanceI = 2.000000
inc_x_r = 0.000000, inc_y_r = 1.000000, inc_x_i = 1.000000, inc_y_i = 1.000000
En el else......

----------------------------------------
x = 5.000000, y = 149.000000
avance = -101.000000, avanceR = 2.000000, avanceI = 2.000000
inc_x_r = 0.000000, inc_y_r = 1.000000, inc_x_i = 1.000000, inc_y_i = 1.000000
En el else......

----------------------------------------
x = 5.000000, y = 150.000000
avance = -99.000000, avanceR = 2.000000, avanceI = 2.000000
inc_x_r = 0.000000, inc_y_r = 1.000000, inc_x_i = 1.000000, inc_y_i = 1.000000
En el else......

----------------------------------------
x = 5.000000, y = 151.000000
avance = -97.000000, avanceR = 2.000000, avanceI = 2.000000
inc_x_r = 0.000000, inc_y_r = 1.000000, inc_x_i = 1.000000, inc_y_i = 1.000000
En el else......

----------------------------------------
x = 5.000000, y = 152.000000
avance = -95.000000, avanceR = 2.000000, avanceI = 2.000000
inc_x_r = 0.000000, inc_y_r = 1.000000, inc_x_i = 1.000000, inc_y_i = 1.000000
En el else......

----------------------------------------
x = 5.000000, y = 153.000000
avance = -93.000000, avanceR = 2.000000, avanceI = 2.000000
inc_x_r = 0.000000, inc_y_r = 1.000000, inc_x_i = 1.000000, inc_y_i = 1.000000
En el else......

----------------------------------------
x = 5.000000, y = 154.000000
avance = -91.000000, avanceR = 2.000000, avanceI = 2.000000
inc_x_r = 0.000000, inc_y_r = 1.000000, inc_x_i = 1.000000, inc_y_i = 1.000000
En el else......

----------------------------------------
x = 5.000000, y = 155.000000
avance = -89.000000, avanceR = 2.000000, avanceI = 2.000000
inc_x_r = 0.000000, inc_y_r = 1.000000, inc_x_i = 1.000000, inc_y_i = 1.000000
En el else......

----------------------------------------
x = 5.000000, y = 156.000000
avance = -87.000000, avanceR = 2.000000, avanceI = 2.000000
inc_x_r = 0.000000, inc_y_r = 1.000000, inc_x_i = 1.000000, inc_y_i = 1.000000
En el else......

----------------------------------------
x = 5.000000, y = 157.000000
avance = -85.000000, avanceR = 2.000000, avanceI = 2.000000
inc_x_r = 0.000000, inc_y_r = 1.000000, inc_x_i = 1.000000, inc_y_i = 1.000000
En el else......

----------------------------------------
x = 5.000000, y = 158.000000
avance = -83.000000, avanceR = 2.000000, avanceI = 2.000000
inc_x_r = 0.000000, inc_y_r = 1.000000, inc_x_i = 1.000000, inc_y_i = 1.000000
En el else......

----------------------------------------
x = 5.000000, y = 159.000000
avance = -81.000000, avanceR = 2.000000, avanceI = 2.000000
inc_x_r = 0.000000, inc_y_r = 1.000000, inc_x_i = 1.000000, inc_y_i = 1.000000
En el else......

----------------------------------------
x = 5.000000, y = 160.000000
avance = -79.000000, avanceR = 2.000000, avanceI = 2.000000
inc_x_r = 0.000000, inc_y_r = 1.000000, inc_x_i = 1.000000, inc_y_i = 1.000000
En el else......

----------------------------------------
x = 5.000000, y = 161.000000
avance = -77.000000, avanceR = 2.000000, avanceI = 2.000000
inc_x_r = 0.000000, inc_y_r = 1.000000, inc_x_i = 1.000000, inc_y_i = 1.000000
En el else......

----------------------------------------
x = 5.000000, y = 162.000000
avance = -75.000000, avanceR = 2.000000, avanceI = 2.000000
inc_x_r = 0.000000, inc_y_r = 1.000000, inc_x_i = 1.000000, inc_y_i = 1.000000
En el else......

----------------------------------------
x = 5.000000, y = 163.000000
avance = -73.000000, avanceR = 2.000000, avanceI = 2.000000
inc_x_r = 0.000000, inc_y_r = 1.000000, inc_x_i = 1.000000, inc_y_i = 1.000000
En el else......

----------------------------------------
x = 5.000000, y = 164.000000
avance = -71.000000, avanceR = 2.000000, avanceI = 2.000000
inc_x_r = 0.000000, inc_y_r = 1.000000, inc_x_i = 1.000000, inc_y_i = 1.000000
En el else......

----------------------------------------
x = 5.000000, y = 165.000000
avance = -69.000000, avanceR = 2.000000, avanceI = 2.000000
inc_x_r = 0.000000, inc_y_r = 1.000000, inc_x_i = 1.000000, inc_y_i = 1.000000
En el else......

----------------------------------------
x = 5.000000, y = 166.000000
avance = -67.000000, avanceR = 2.000000, avanceI = 2.000000
inc_x_r = 0.000000, inc_y_r = 1.000000, inc_x_i = 1.000000, inc_y_i = 1.000000
En el else......

----------------------------------------
x = 5.000000, y = 167.000000
avance = -65.000000, avanceR = 2.000000, avanceI = 2.000000
inc_x_r = 0.000000, inc_y_r = 1.000000, inc_x_i = 1.000000, inc_y_i = 1.000000
En el else......

----------------------------------------
x = 5.000000, y = 168.000000
avance = -63.000000, avanceR = 2.000000, avanceI = 2.000000
inc_x_r = 0.000000, inc_y_r = 1.000000, inc_x_i = 1.000000, inc_y_i = 1.000000
En el else......

----------------------------------------
x = 5.000000, y = 169.000000
avance = -61.000000, avanceR = 2.000000, avanceI = 2.000000
inc_x_r = 0.000000, inc_y_r = 1.000000, inc_x_i = 1.000000, inc_y_i = 1.000000
En el else......

----------------------------------------
x = 5.000000, y = 170.000000
avance = -59.000000, avanceR = 2.000000, avanceI = 2.000000
inc_x_r = 0.000000, inc_y_r = 1.000000, inc_x_i = 1.000000, inc_y_i = 1.000000
En el else......

----------------------------------------
x = 5.000000, y = 171.000000
avance = -57.000000, avanceR = 2.000000, avanceI = 2.000000
inc_x_r = 0.000000, inc_y_r = 1.000000, inc_x_i = 1.000000, inc_y_i = 1.000000
En el else......

----------------------------------------
x = 5.000000, y = 172.000000
avance = -55.000000, avanceR = 2.000000, avanceI = 2.000000
inc_x_r = 0.000000, inc_y_r = 1.000000, inc_x_i = 1.000000, inc_y_i = 1.000000
En el else......

----------------------------------------
x = 5.000000, y = 173.000000
avance = -53.000000, avanceR = 2.000000, avanceI = 2.000000
inc_x_r = 0.000000, inc_y_r = 1.000000, inc_x_i = 1.000000, inc_y_i = 1.000000
En el else......

----------------------------------------
x = 5.000000, y = 174.000000
avance = -51.000000, avanceR = 2.000000, avanceI = 2.000000
inc_x_r = 0.000000, inc_y_r = 1.000000, inc_x_i = 1.000000, inc_y_i = 1.000000
En el else......

----------------------------------------
x = 5.000000, y = 175.000000
avance = -49.000000, avanceR = 2.000000, avanceI = 2.000000
inc_x_r = 0.000000, inc_y_r = 1.000000, inc_x_i = 1.000000, inc_y_i = 1.000000
En el else......

----------------------------------------
x = 5.000000, y = 176.000000
avance = -47.000000, avanceR = 2.000000, avanceI = 2.000000
inc_x_r = 0.000000, inc_y_r = 1.000000, inc_x_i = 1.000000, inc_y_i = 1.000000
En el else......

----------------------------------------
x = 5.000000, y = 177.000000
avance = -45.000000, avanceR = 2.000000, avanceI = 2.000000
inc_x_r = 0.000000, inc_y_r = 1.000000, inc_x_i = 1.000000, inc_y_i = 1.000000
En el else......

----------------------------------------
x = 5.000000, y = 178.000000
avance = -43.000000, avanceR = 2.000000, avanceI = 2.000000
inc_x_r = 0.000000, inc_y_r = 1.000000, inc_x_i = 1.000000, inc_y_i = 1.000000
En el else......

----------------------------------------
x = 5.000000, y = 179.000000
avance = -41.000000, avanceR = 2.000000, avanceI = 2.000000
inc_x_r = 0.000000, inc_y_r = 1.000000, inc_x_i = 1.000000, inc_y_i = 1.000000
En el else......

----------------------------------------
x = 5.000000, y = 180.000000
avance = -39.000000, avanceR = 2.000000, avanceI = 2.000000
inc_x_r = 0.000000, inc_y_r = 1.000000, inc_x_i = 1.000000, inc_y_i = 1.000000
En el else......

----------------------------------------
x = 5.000000, y = 181.000000
avance = -37.000000, avanceR = 2.000000, avanceI = 2.000000
inc_x_r = 0.000000, inc_y_r = 1.000000, inc_x_i = 1.000000, inc_y_i = 1.000000
En el else......

----------------------------------------
x = 5.000000, y = 182.000000
avance = -35.000000, avanceR = 2.000000, avanceI = 2.000000
inc_x_r = 0.000000, inc_y_r = 1.000000, inc_x_i = 1.000000, inc_y_i = 1.000000
En el else......

----------------------------------------
x = 5.000000, y = 183.000000
avance = -33.000000, avanceR = 2.000000, avanceI = 2.000000
inc_x_r = 0.000000, inc_y_r = 1.000000, inc_x_i = 1.000000, inc_y_i = 1.000000
En el else......

----------------------------------------
x = 5.000000, y = 184.000000
avance = -31.000000, avanceR = 2.000000, avanceI = 2.000000
inc_x_r = 0.000000, inc_y_r = 1.000000, inc_x_i = 1.000000, inc_y_i = 1.000000
En el else......

----------------------------------------
x = 5.000000, y = 185.000000
avance = -29.000000, avanceR = 2.000000, avanceI = 2.000000
inc_x_r = 0.000000, inc_y_r = 1.000000, inc_x_i = 1.000000, inc_y_i = 1.000000
En el else......

----------------------------------------
x = 5.000000, y = 186.000000
avance = -27.000000, avanceR = 2.000000, avanceI = 2.000000
inc_x_r = 0.000000, inc_y_r = 1.000000, inc_x_i = 1.000000, inc_y_i = 1.000000
En el else......

----------------------------------------
x = 5.000000, y = 187.000000
avance = -25.000000, avanceR = 2.000000, avanceI = 2.000000
inc_x_r = 0.000000, inc_y_r = 1.000000, inc_x_i = 1.000000, inc_y_i = 1.000000
En el else......

----------------------------------------
x = 5.000000, y = 188.000000
avance = -23.000000, avanceR = 2.000000, avanceI = 2.000000
inc_x_r = 0.000000, inc_y_r = 1.000000, inc_x_i = 1.000000, inc_y_i = 1.000000
En el else......

----------------------------------------
x = 5.000000, y = 189.000000
avance = -21.000000, avanceR = 2.000000, avanceI = 2.000000
inc_x_r = 0.000000, inc_y_r = 1.000000, inc_x_i = 1.000000, inc_y_i = 1.000000
En el else......

----------------------------------------
x = 5.000000, y = 190.000000
avance = -19.000000, avanceR = 2.000000, avanceI = 2.000000
inc_x_r = 0.000000, inc_y_r = 1.000000, inc_x_i = 1.000000, inc_y_i = 1.000000
En el else......

----------------------------------------
x = 5.000000, y = 191.000000
avance = -17.000000, avanceR = 2.000000, avanceI = 2.000000
inc_x_r = 0.000000, inc_y_r = 1.000000, inc_x_i = 1.000000, inc_y_i = 1.000000
En el else......

----------------------------------------
x = 5.000000, y = 192.000000
avance = -15.000000, avanceR = 2.000000, avanceI = 2.000000
inc_x_r = 0.000000, inc_y_r = 1.000000, inc_x_i = 1.000000, inc_y_i = 1.000000
En el else......

----------------------------------------
x = 5.000000, y = 193.000000
avance = -13.000000, avanceR = 2.000000, avanceI = 2.000000
inc_x_r = 0.000000, inc_y_r = 1.000000, inc_x_i = 1.000000, inc_y_i = 1.000000
En el else......

----------------------------------------
x = 5.000000, y = 194.000000
avance = -11.000000, avanceR = 2.000000, avanceI = 2.000000
inc_x_r = 0.000000, inc_y_r = 1.000000, inc_x_i = 1.000000, inc_y_i = 1.000000
En el else......

----------------------------------------
x = 5.000000, y = 195.000000
avance = -9.000000, avanceR = 2.000000, avanceI = 2.000000
inc_x_r = 0.000000, inc_y_r = 1.000000, inc_x_i = 1.000000, inc_y_i = 1.000000
En el else......

----------------------------------------
x = 5.000000, y = 196.000000
avance = -7.000000, avanceR = 2.000000, avanceI = 2.000000
inc_x_r = 0.000000, inc_y_r = 1.000000, inc_x_i = 1.000000, inc_y_i = 1.000000
En el else......

----------------------------------------
x = 5.000000, y = 197.000000
avance = -5.000000, avanceR = 2.000000, avanceI = 2.000000
inc_x_r = 0.000000, inc_y_r = 1.000000, inc_x_i = 1.000000, inc_y_i = 1.000000
En el else......

----------------------------------------
x = 5.000000, y = 198.000000
avance = -3.000000, avanceR = 2.000000, avanceI = 2.000000
inc_x_r = 0.000000, inc_y_r = 1.000000, inc_x_i = 1.000000, inc_y_i = 1.000000
En el else......

----------------------------------------
x = 5.000000, y = 199.000000
avance = -1.000000, avanceR = 2.000000, avanceI = 2.000000
inc_x_r = 0.000000, inc_y_r = 1.000000, inc_x_i = 1.000000, inc_y_i = 1.000000
En el else......

----------------------------------------
x = 5.000000, y = 200.000000
avance = 1.000000, avanceR = 2.000000, avanceI = 2.000000
inc_x_r = 0.000000, inc_y_r = 1.000000, inc_x_i = 1.000000, inc_y_i = 1.000000
avance >= 0

----------------------------------------
x = 6.000000, y = 201.000000
avance = -499.000000, avanceR = 2.000000, avanceI = 2.000000
inc_x_r = 0.000000, inc_y_r = 1.000000, inc_x_i = 1.000000, inc_y_i = 1.000000
En el else......

----------------------------------------
x = 6.000000, y = 202.000000
avance = -497.000000, avanceR = 2.000000, avanceI = 2.000000
inc_x_r = 0.000000, inc_y_r = 1.000000, inc_x_i = 1.000000, inc_y_i = 1.000000
En el else......

----------------------------------------
x = 6.000000, y = 203.000000
avance = -495.000000, avanceR = 2.000000, avanceI = 2.000000
inc_x_r = 0.000000, inc_y_r = 1.000000, inc_x_i = 1.000000, inc_y_i = 1.000000
En el else......

----------------------------------------
x = 6.000000, y = 204.000000
avance = -493.000000, avanceR = 2.000000, avanceI = 2.000000
inc_x_r = 0.000000, inc_y_r = 1.000000, inc_x_i = 1.000000, inc_y_i = 1.000000
En el else......

----------------------------------------
x = 6.000000, y = 205.000000
avance = -491.000000, avanceR = 2.000000, avanceI = 2.000000
inc_x_r = 0.000000, inc_y_r = 1.000000, inc_x_i = 1.000000, inc_y_i = 1.000000
En el else......

----------------------------------------
x = 6.000000, y = 206.000000
avance = -489.000000, avanceR = 2.000000, avanceI = 2.000000
inc_x_r = 0.000000, inc_y_r = 1.000000, inc_x_i = 1.000000, inc_y_i = 1.000000
En el else......

----------------------------------------
x = 6.000000, y = 207.000000
avance = -487.000000, avanceR = 2.000000, avanceI = 2.000000
inc_x_r = 0.000000, inc_y_r = 1.000000, inc_x_i = 1.000000, inc_y_i = 1.000000
En el else......

----------------------------------------
x = 6.000000, y = 208.000000
avance = -485.000000, avanceR = 2.000000, avanceI = 2.000000
inc_x_r = 0.000000, inc_y_r = 1.000000, inc_x_i = 1.000000, inc_y_i = 1.000000
En el else......

----------------------------------------
x = 6.000000, y = 209.000000
avance = -483.000000, avanceR = 2.000000, avanceI = 2.000000
inc_x_r = 0.000000, inc_y_r = 1.000000, inc_x_i = 1.000000, inc_y_i = 1.000000
En el else......

----------------------------------------
x = 6.000000, y = 210.000000
avance = -481.000000, avanceR = 2.000000, avanceI = 2.000000
inc_x_r = 0.000000, inc_y_r = 1.000000, inc_x_i = 1.000000, inc_y_i = 1.000000
En el else......

----------------------------------------
x = 6.000000, y = 211.000000
avance = -479.000000, avanceR = 2.000000, avanceI = 2.000000
inc_x_r = 0.000000, inc_y_r = 1.000000, inc_x_i = 1.000000, inc_y_i = 1.000000
En el else......

----------------------------------------
x = 6.000000, y = 212.000000
avance = -477.000000, avanceR = 2.000000, avanceI = 2.000000
inc_x_r = 0.000000, inc_y_r = 1.000000, inc_x_i = 1.000000, inc_y_i = 1.000000
En el else......

----------------------------------------
x = 6.000000, y = 213.000000
avance = -475.000000, avanceR = 2.000000, avanceI = 2.000000
inc_x_r = 0.000000, inc_y_r = 1.000000, inc_x_i = 1.000000, inc_y_i = 1.000000
En el else......

----------------------------------------
x = 6.000000, y = 214.000000
avance = -473.000000, avanceR = 2.000000, avanceI = 2.000000
inc_x_r = 0.000000, inc_y_r = 1.000000, inc_x_i = 1.000000, inc_y_i = 1.000000
En el else......

----------------------------------------
x = 6.000000, y = 215.000000
avance = -471.000000, avanceR = 2.000000, avanceI = 2.000000
inc_x_r = 0.000000, inc_y_r = 1.000000, inc_x_i = 1.000000, inc_y_i = 1.000000
En el else......

----------------------------------------
x = 6.000000, y = 216.000000
avance = -469.000000, avanceR = 2.000000, avanceI = 2.000000
inc_x_r = 0.000000, inc_y_r = 1.000000, inc_x_i = 1.000000, inc_y_i = 1.000000
En el else......

----------------------------------------
x = 6.000000, y = 217.000000
avance = -467.000000, avanceR = 2.000000, avanceI = 2.000000
inc_x_r = 0.000000, inc_y_r = 1.000000, inc_x_i = 1.000000, inc_y_i = 1.000000
En el else......

----------------------------------------
x = 6.000000, y = 218.000000
avance = -465.000000, avanceR = 2.000000, avanceI = 2.000000
inc_x_r = 0.000000, inc_y_r = 1.000000, inc_x_i = 1.000000, inc_y_i = 1.000000
En el else......

----------------------------------------
x = 6.000000, y = 219.000000
avance = -463.000000, avanceR = 2.000000, avanceI = 2.000000
inc_x_r = 0.000000, inc_y_r = 1.000000, inc_x_i = 1.000000, inc_y_i = 1.000000
En el else......

----------------------------------------
x = 6.000000, y = 220.000000
avance = -461.000000, avanceR = 2.000000, avanceI = 2.000000
inc_x_r = 0.000000, inc_y_r = 1.000000, inc_x_i = 1.000000, inc_y_i = 1.000000
En el else......

----------------------------------------
x = 6.000000, y = 221.000000
avance = -459.000000, avanceR = 2.000000, avanceI = 2.000000
inc_x_r = 0.000000, inc_y_r = 1.000000, inc_x_i = 1.000000, inc_y_i = 1.000000
En el else......

----------------------------------------
x = 6.000000, y = 222.000000
avance = -457.000000, avanceR = 2.000000, avanceI = 2.000000
inc_x_r = 0.000000, inc_y_r = 1.000000, inc_x_i = 1.000000, inc_y_i = 1.000000
En el else......

----------------------------------------
x = 6.000000, y = 223.000000
avance = -455.000000, avanceR = 2.000000, avanceI = 2.000000
inc_x_r = 0.000000, inc_y_r = 1.000000, inc_x_i = 1.000000, inc_y_i = 1.000000
En el else......

----------------------------------------
x = 6.000000, y = 224.000000
avance = -453.000000, avanceR = 2.000000, avanceI = 2.000000
inc_x_r = 0.000000, inc_y_r = 1.000000, inc_x_i = 1.000000, inc_y_i = 1.000000
En el else......

----------------------------------------
x = 6.000000, y = 225.000000
avance = -451.000000, avanceR = 2.000000, avanceI = 2.000000
inc_x_r = 0.000000, inc_y_r = 1.000000, inc_x_i = 1.000000, inc_y_i = 1.000000
En el else......

----------------------------------------
x = 6.000000, y = 226.000000
avance = -449.000000, avanceR = 2.000000, avanceI = 2.000000
inc_x_r = 0.000000, inc_y_r = 1.000000, inc_x_i = 1.000000, inc_y_i = 1.000000
En el else......

----------------------------------------
x = 6.000000, y = 227.000000
avance = -447.000000, avanceR = 2.000000, avanceI = 2.000000
inc_x_r = 0.000000, inc_y_r = 1.000000, inc_x_i = 1.000000, inc_y_i = 1.000000
En el else......

----------------------------------------
x = 6.000000, y = 228.000000
avance = -445.000000, avanceR = 2.000000, avanceI = 2.000000
inc_x_r = 0.000000, inc_y_r = 1.000000, inc_x_i = 1.000000, inc_y_i = 1.000000
En el else......

----------------------------------------
x = 6.000000, y = 229.000000
avance = -443.000000, avanceR = 2.000000, avanceI = 2.000000
inc_x_r = 0.000000, inc_y_r = 1.000000, inc_x_i = 1.000000, inc_y_i = 1.000000
En el else......

----------------------------------------
x = 6.000000, y = 230.000000
avance = -441.000000, avanceR = 2.000000, avanceI = 2.000000
inc_x_r = 0.000000, inc_y_r = 1.000000, inc_x_i = 1.000000, inc_y_i = 1.000000
En el else......

----------------------------------------
x = 6.000000, y = 231.000000
avance = -439.000000, avanceR = 2.000000, avanceI = 2.000000
inc_x_r = 0.000000, inc_y_r = 1.000000, inc_x_i = 1.000000, inc_y_i = 1.000000
En el else......

----------------------------------------
x = 6.000000, y = 232.000000
avance = -437.000000, avanceR = 2.000000, avanceI = 2.000000
inc_x_r = 0.000000, inc_y_r = 1.000000, inc_x_i = 1.000000, inc_y_i = 1.000000
En el else......

----------------------------------------
x = 6.000000, y = 233.000000
avance = -435.000000, avanceR = 2.000000, avanceI = 2.000000
inc_x_r = 0.000000, inc_y_r = 1.000000, inc_x_i = 1.000000, inc_y_i = 1.000000
En el else......

----------------------------------------
x = 6.000000, y = 234.000000
avance = -433.000000, avanceR = 2.000000, avanceI = 2.000000
inc_x_r = 0.000000, inc_y_r = 1.000000, inc_x_i = 1.000000, inc_y_i = 1.000000
En el else......

----------------------------------------
x = 6.000000, y = 235.000000
avance = -431.000000, avanceR = 2.000000, avanceI = 2.000000
inc_x_r = 0.000000, inc_y_r = 1.000000, inc_x_i = 1.000000, inc_y_i = 1.000000
En el else......

----------------------------------------
x = 6.000000, y = 236.000000
avance = -429.000000, avanceR = 2.000000, avanceI = 2.000000
inc_x_r = 0.000000, inc_y_r = 1.000000, inc_x_i = 1.000000, inc_y_i = 1.000000
En el else......

----------------------------------------
x = 6.000000, y = 237.000000
avance = -427.000000, avanceR = 2.000000, avanceI = 2.000000
inc_x_r = 0.000000, inc_y_r = 1.000000, inc_x_i = 1.000000, inc_y_i = 1.000000
En el else......

----------------------------------------
x = 6.000000, y = 238.000000
avance = -425.000000, avanceR = 2.000000, avanceI = 2.000000
inc_x_r = 0.000000, inc_y_r = 1.000000, inc_x_i = 1.000000, inc_y_i = 1.000000
En el else......

----------------------------------------
x = 6.000000, y = 239.000000
avance = -423.000000, avanceR = 2.000000, avanceI = 2.000000
inc_x_r = 0.000000, inc_y_r = 1.000000, inc_x_i = 1.000000, inc_y_i = 1.000000
En el else......

----------------------------------------
x = 6.000000, y = 240.000000
avance = -421.000000, avanceR = 2.000000, avanceI = 2.000000
inc_x_r = 0.000000, inc_y_r = 1.000000, inc_x_i = 1.000000, inc_y_i = 1.000000
En el else......

----------------------------------------
x = 6.000000, y = 241.000000
avance = -419.000000, avanceR = 2.000000, avanceI = 2.000000
inc_x_r = 0.000000, inc_y_r = 1.000000, inc_x_i = 1.000000, inc_y_i = 1.000000
En el else......

----------------------------------------
x = 6.000000, y = 242.000000
avance = -417.000000, avanceR = 2.000000, avanceI = 2.000000
inc_x_r = 0.000000, inc_y_r = 1.000000, inc_x_i = 1.000000, inc_y_i = 1.000000
En el else......

----------------------------------------
x = 6.000000, y = 243.000000
avance = -415.000000, avanceR = 2.000000, avanceI = 2.000000
inc_x_r = 0.000000, inc_y_r = 1.000000, inc_x_i = 1.000000, inc_y_i = 1.000000
En el else......

----------------------------------------
x = 6.000000, y = 244.000000
avance = -413.000000, avanceR = 2.000000, avanceI = 2.000000
inc_x_r = 0.000000, inc_y_r = 1.000000, inc_x_i = 1.000000, inc_y_i = 1.000000
En el else......

----------------------------------------
x = 6.000000, y = 245.000000
avance = -411.000000, avanceR = 2.000000, avanceI = 2.000000
inc_x_r = 0.000000, inc_y_r = 1.000000, inc_x_i = 1.000000, inc_y_i = 1.000000
En el else......

----------------------------------------
x = 6.000000, y = 246.000000
avance = -409.000000, avanceR = 2.000000, avanceI = 2.000000
inc_x_r = 0.000000, inc_y_r = 1.000000, inc_x_i = 1.000000, inc_y_i = 1.000000
En el else......

----------------------------------------
x = 6.000000, y = 247.000000
avance = -407.000000, avanceR = 2.000000, avanceI = 2.000000
inc_x_r = 0.000000, inc_y_r = 1.000000, inc_x_i = 1.000000, inc_y_i = 1.000000
En el else......

----------------------------------------
x = 6.000000, y = 248.000000
avance = -405.000000, avanceR = 2.000000, avanceI = 2.000000
inc_x_r = 0.000000, inc_y_r = 1.000000, inc_x_i = 1.000000, inc_y_i = 1.000000
En el else......

----------------------------------------
x = 6.000000, y = 249.000000
avance = -403.000000, avanceR = 2.000000, avanceI = 2.000000
inc_x_r = 0.000000, inc_y_r = 1.000000, inc_x_i = 1.000000, inc_y_i = 1.000000
En el else......

----------------------------------------
x = 6.000000, y = 250.000000
avance = -401.000000, avanceR = 2.000000, avanceI = 2.000000
inc_x_r = 0.000000, inc_y_r = 1.000000, inc_x_i = 1.000000, inc_y_i = 1.000000
En el else......

----------------------------------------
x = 6.000000, y = 251.000000
avance = -399.000000, avanceR = 2.000000, avanceI = 2.000000
inc_x_r = 0.000000, inc_y_r = 1.000000, inc_x_i = 1.000000, inc_y_i = 1.000000
En el else......

----------------------------------------
x = 6.000000, y = 252.000000
avance = -397.000000, avanceR = 2.000000, avanceI = 2.000000
inc_x_r = 0.000000, inc_y_r = 1.000000, inc_x_i = 1.000000, inc_y_i = 1.000000
En el else......

----------------------------------------
x = 6.000000, y = 253.000000
avance = -395.000000, avanceR = 2.000000, avanceI = 2.000000
inc_x_r = 0.000000, inc_y_r = 1.000000, inc_x_i = 1.000000, inc_y_i = 1.000000
En el else......

----------------------------------------
x = 6.000000, y = 254.000000
avance = -393.000000, avanceR = 2.000000, avanceI = 2.000000
inc_x_r = 0.000000, inc_y_r = 1.000000, inc_x_i = 1.000000, inc_y_i = 1.000000
En el else......

----------------------------------------
x = 6.000000, y = 255.000000
avance = -391.000000, avanceR = 2.000000, avanceI = 2.000000
inc_x_r = 0.000000, inc_y_r = 1.000000, inc_x_i = 1.000000, inc_y_i = 1.000000
En el else......

----------------------------------------
x = 6.000000, y = 256.000000
avance = -389.000000, avanceR = 2.000000, avanceI = 2.000000
inc_x_r = 0.000000, inc_y_r = 1.000000, inc_x_i = 1.000000, inc_y_i = 1.000000
En el else......

----------------------------------------
x = 6.000000, y = 257.000000
avance = -387.000000, avanceR = 2.000000, avanceI = 2.000000
inc_x_r = 0.000000, inc_y_r = 1.000000, inc_x_i = 1.000000, inc_y_i = 1.000000
En el else......

----------------------------------------
x = 6.000000, y = 258.000000
avance = -385.000000, avanceR = 2.000000, avanceI = 2.000000
inc_x_r = 0.000000, inc_y_r = 1.000000, inc_x_i = 1.000000, inc_y_i = 1.000000
En el else......

----------------------------------------
x = 6.000000, y = 259.000000
avance = -383.000000, avanceR = 2.000000, avanceI = 2.000000
inc_x_r = 0.000000, inc_y_r = 1.000000, inc_x_i = 1.000000, inc_y_i = 1.000000
En el else......

----------------------------------------
x = 6.000000, y = 260.000000
avance = -381.000000, avanceR = 2.000000, avanceI = 2.000000
inc_x_r = 0.000000, inc_y_r = 1.000000, inc_x_i = 1.000000, inc_y_i = 1.000000
En el else......

----------------------------------------
x = 6.000000, y = 261.000000
avance = -379.000000, avanceR = 2.000000, avanceI = 2.000000
inc_x_r = 0.000000, inc_y_r = 1.000000, inc_x_i = 1.000000, inc_y_i = 1.000000
En el else......

----------------------------------------
x = 6.000000, y = 262.000000
avance = -377.000000, avanceR = 2.000000, avanceI = 2.000000
inc_x_r = 0.000000, inc_y_r = 1.000000, inc_x_i = 1.000000, inc_y_i = 1.000000
En el else......

----------------------------------------
x = 6.000000, y = 263.000000
avance = -375.000000, avanceR = 2.000000, avanceI = 2.000000
inc_x_r = 0.000000, inc_y_r = 1.000000, inc_x_i = 1.000000, inc_y_i = 1.000000
En el else......

----------------------------------------
x = 6.000000, y = 264.000000
avance = -373.000000, avanceR = 2.000000, avanceI = 2.000000
inc_x_r = 0.000000, inc_y_r = 1.000000, inc_x_i = 1.000000, inc_y_i = 1.000000
En el else......

----------------------------------------
x = 6.000000, y = 265.000000
avance = -371.000000, avanceR = 2.000000, avanceI = 2.000000
inc_x_r = 0.000000, inc_y_r = 1.000000, inc_x_i = 1.000000, inc_y_i = 1.000000
En el else......

----------------------------------------
x = 6.000000, y = 266.000000
avance = -369.000000, avanceR = 2.000000, avanceI = 2.000000
inc_x_r = 0.000000, inc_y_r = 1.000000, inc_x_i = 1.000000, inc_y_i = 1.000000
En el else......

----------------------------------------
x = 6.000000, y = 267.000000
avance = -367.000000, avanceR = 2.000000, avanceI = 2.000000
inc_x_r = 0.000000, inc_y_r = 1.000000, inc_x_i = 1.000000, inc_y_i = 1.000000
En el else......

----------------------------------------
x = 6.000000, y = 268.000000
avance = -365.000000, avanceR = 2.000000, avanceI = 2.000000
inc_x_r = 0.000000, inc_y_r = 1.000000, inc_x_i = 1.000000, inc_y_i = 1.000000
En el else......

----------------------------------------
x = 6.000000, y = 269.000000
avance = -363.000000, avanceR = 2.000000, avanceI = 2.000000
inc_x_r = 0.000000, inc_y_r = 1.000000, inc_x_i = 1.000000, inc_y_i = 1.000000
En el else......

----------------------------------------
x = 6.000000, y = 270.000000
avance = -361.000000, avanceR = 2.000000, avanceI = 2.000000
inc_x_r = 0.000000, inc_y_r = 1.000000, inc_x_i = 1.000000, inc_y_i = 1.000000
En el else......

----------------------------------------
x = 6.000000, y = 271.000000
avance = -359.000000, avanceR = 2.000000, avanceI = 2.000000
inc_x_r = 0.000000, inc_y_r = 1.000000, inc_x_i = 1.000000, inc_y_i = 1.000000
En el else......

----------------------------------------
x = 6.000000, y = 272.000000
avance = -357.000000, avanceR = 2.000000, avanceI = 2.000000
inc_x_r = 0.000000, inc_y_r = 1.000000, inc_x_i = 1.000000, inc_y_i = 1.000000
En el else......

----------------------------------------
x = 6.000000, y = 273.000000
avance = -355.000000, avanceR = 2.000000, avanceI = 2.000000
inc_x_r = 0.000000, inc_y_r = 1.000000, inc_x_i = 1.000000, inc_y_i = 1.000000
En el else......

----------------------------------------
x = 6.000000, y = 274.000000
avance = -353.000000, avanceR = 2.000000, avanceI = 2.000000
inc_x_r = 0.000000, inc_y_r = 1.000000, inc_x_i = 1.000000, inc_y_i = 1.000000
En el else......

----------------------------------------
x = 6.000000, y = 275.000000
avance = -351.000000, avanceR = 2.000000, avanceI = 2.000000
inc_x_r = 0.000000, inc_y_r = 1.000000, inc_x_i = 1.000000, inc_y_i = 1.000000
En el else......

----------------------------------------
x = 6.000000, y = 276.000000
avance = -349.000000, avanceR = 2.000000, avanceI = 2.000000
inc_x_r = 0.000000, inc_y_r = 1.000000, inc_x_i = 1.000000, inc_y_i = 1.000000
En el else......

----------------------------------------
x = 6.000000, y = 277.000000
avance = -347.000000, avanceR = 2.000000, avanceI = 2.000000
inc_x_r = 0.000000, inc_y_r = 1.000000, inc_x_i = 1.000000, inc_y_i = 1.000000
En el else......

----------------------------------------
x = 6.000000, y = 278.000000
avance = -345.000000, avanceR = 2.000000, avanceI = 2.000000
inc_x_r = 0.000000, inc_y_r = 1.000000, inc_x_i = 1.000000, inc_y_i = 1.000000
En el else......

----------------------------------------
x = 6.000000, y = 279.000000
avance = -343.000000, avanceR = 2.000000, avanceI = 2.000000
inc_x_r = 0.000000, inc_y_r = 1.000000, inc_x_i = 1.000000, inc_y_i = 1.000000
En el else......

----------------------------------------
x = 6.000000, y = 280.000000
avance = -341.000000, avanceR = 2.000000, avanceI = 2.000000
inc_x_r = 0.000000, inc_y_r = 1.000000, inc_x_i = 1.000000, inc_y_i = 1.000000
En el else......

----------------------------------------
x = 6.000000, y = 281.000000
avance = -339.000000, avanceR = 2.000000, avanceI = 2.000000
inc_x_r = 0.000000, inc_y_r = 1.000000, inc_x_i = 1.000000, inc_y_i = 1.000000
En el else......

----------------------------------------
x = 6.000000, y = 282.000000
avance = -337.000000, avanceR = 2.000000, avanceI = 2.000000
inc_x_r = 0.000000, inc_y_r = 1.000000, inc_x_i = 1.000000, inc_y_i = 1.000000
En el else......

----------------------------------------
x = 6.000000, y = 283.000000
avance = -335.000000, avanceR = 2.000000, avanceI = 2.000000
inc_x_r = 0.000000, inc_y_r = 1.000000, inc_x_i = 1.000000, inc_y_i = 1.000000
En el else......

----------------------------------------
x = 6.000000, y = 284.000000
avance = -333.000000, avanceR = 2.000000, avanceI = 2.000000
inc_x_r = 0.000000, inc_y_r = 1.000000, inc_x_i = 1.000000, inc_y_i = 1.000000
En el else......

----------------------------------------
x = 6.000000, y = 285.000000
avance = -331.000000, avanceR = 2.000000, avanceI = 2.000000
inc_x_r = 0.000000, inc_y_r = 1.000000, inc_x_i = 1.000000, inc_y_i = 1.000000
En el else......

----------------------------------------
x = 6.000000, y = 286.000000
avance = -329.000000, avanceR = 2.000000, avanceI = 2.000000
inc_x_r = 0.000000, inc_y_r = 1.000000, inc_x_i = 1.000000, inc_y_i = 1.000000
En el else......

----------------------------------------
x = 6.000000, y = 287.000000
avance = -327.000000, avanceR = 2.000000, avanceI = 2.000000
inc_x_r = 0.000000, inc_y_r = 1.000000, inc_x_i = 1.000000, inc_y_i = 1.000000
En el else......

----------------------------------------
x = 6.000000, y = 288.000000
avance = -325.000000, avanceR = 2.000000, avanceI = 2.000000
inc_x_r = 0.000000, inc_y_r = 1.000000, inc_x_i = 1.000000, inc_y_i = 1.000000
En el else......

----------------------------------------
x = 6.000000, y = 289.000000
avance = -323.000000, avanceR = 2.000000, avanceI = 2.000000
inc_x_r = 0.000000, inc_y_r = 1.000000, inc_x_i = 1.000000, inc_y_i = 1.000000
En el else......

----------------------------------------
x = 6.000000, y = 290.000000
avance = -321.000000, avanceR = 2.000000, avanceI = 2.000000
inc_x_r = 0.000000, inc_y_r = 1.000000, inc_x_i = 1.000000, inc_y_i = 1.000000
En el else......

----------------------------------------
x = 6.000000, y = 291.000000
avance = -319.000000, avanceR = 2.000000, avanceI = 2.000000
inc_x_r = 0.000000, inc_y_r = 1.000000, inc_x_i = 1.000000, inc_y_i = 1.000000
En el else......

----------------------------------------
x = 6.000000, y = 292.000000
avance = -317.000000, avanceR = 2.000000, avanceI = 2.000000
inc_x_r = 0.000000, inc_y_r = 1.000000, inc_x_i = 1.000000, inc_y_i = 1.000000
En el else......

----------------------------------------
x = 6.000000, y = 293.000000
avance = -315.000000, avanceR = 2.000000, avanceI = 2.000000
inc_x_r = 0.000000, inc_y_r = 1.000000, inc_x_i = 1.000000, inc_y_i = 1.000000
En el else......

----------------------------------------
x = 6.000000, y = 294.000000
avance = -313.000000, avanceR = 2.000000, avanceI = 2.000000
inc_x_r = 0.000000, inc_y_r = 1.000000, inc_x_i = 1.000000, inc_y_i = 1.000000
En el else......

----------------------------------------
x = 6.000000, y = 295.000000
avance = -311.000000, avanceR = 2.000000, avanceI = 2.000000
inc_x_r = 0.000000, inc_y_r = 1.000000, inc_x_i = 1.000000, inc_y_i = 1.000000
En el else......

----------------------------------------
x = 6.000000, y = 296.000000
avance = -309.000000, avanceR = 2.000000, avanceI = 2.000000
inc_x_r = 0.000000, inc_y_r = 1.000000, inc_x_i = 1.000000, inc_y_i = 1.000000
En el else......

----------------------------------------
x = 6.000000, y = 297.000000
avance = -307.000000, avanceR = 2.000000, avanceI = 2.000000
inc_x_r = 0.000000, inc_y_r = 1.000000, inc_x_i = 1.000000, inc_y_i = 1.000000
En el else......

----------------------------------------
x = 6.000000, y = 298.000000
avance = -305.000000, avanceR = 2.000000, avanceI = 2.000000
inc_x_r = 0.000000, inc_y_r = 1.000000, inc_x_i = 1.000000, inc_y_i = 1.000000
En el else......

----------------------------------------
x = 6.000000, y = 299.000000
avance = -303.000000, avanceR = 2.000000, avanceI = 2.000000
inc_x_r = 0.000000, inc_y_r = 1.000000, inc_x_i = 1.000000, inc_y_i = 1.000000
En el else......

----------------------------------------
x = 6.000000, y = 300.000000
avance = -301.000000, avanceR = 2.000000, avanceI = 2.000000
inc_x_r = 0.000000, inc_y_r = 1.000000, inc_x_i = 1.000000, inc_y_i = 1.000000
En el else......

----------------------------------------
x = 6.000000, y = 301.000000
avance = -299.000000, avanceR = 2.000000, avanceI = 2.000000
inc_x_r = 0.000000, inc_y_r = 1.000000, inc_x_i = 1.000000, inc_y_i = 1.000000
En el else......

----------------------------------------
x = 6.000000, y = 302.000000
avance = -297.000000, avanceR = 2.000000, avanceI = 2.000000
inc_x_r = 0.000000, inc_y_r = 1.000000, inc_x_i = 1.000000, inc_y_i = 1.000000
En el else......

----------------------------------------
x = 6.000000, y = 303.000000
avance = -295.000000, avanceR = 2.000000, avanceI = 2.000000
inc_x_r = 0.000000, inc_y_r = 1.000000, inc_x_i = 1.000000, inc_y_i = 1.000000
En el else......

----------------------------------------
x = 6.000000, y = 304.000000
avance = -293.000000, avanceR = 2.000000, avanceI = 2.000000
inc_x_r = 0.000000, inc_y_r = 1.000000, inc_x_i = 1.000000, inc_y_i = 1.000000
En el else......

----------------------------------------
x = 6.000000, y = 305.000000
avance = -291.000000, avanceR = 2.000000, avanceI = 2.000000
inc_x_r = 0.000000, inc_y_r = 1.000000, inc_x_i = 1.000000, inc_y_i = 1.000000
En el else......

----------------------------------------
x = 6.000000, y = 306.000000
avance = -289.000000, avanceR = 2.000000, avanceI = 2.000000
inc_x_r = 0.000000, inc_y_r = 1.000000, inc_x_i = 1.000000, inc_y_i = 1.000000
En el else......

----------------------------------------
x = 6.000000, y = 307.000000
avance = -287.000000, avanceR = 2.000000, avanceI = 2.000000
inc_x_r = 0.000000, inc_y_r = 1.000000, inc_x_i = 1.000000, inc_y_i = 1.000000
En el else......

----------------------------------------
x = 6.000000, y = 308.000000
avance = -285.000000, avanceR = 2.000000, avanceI = 2.000000
inc_x_r = 0.000000, inc_y_r = 1.000000, inc_x_i = 1.000000, inc_y_i = 1.000000
En el else......

----------------------------------------
x = 6.000000, y = 309.000000
avance = -283.000000, avanceR = 2.000000, avanceI = 2.000000
inc_x_r = 0.000000, inc_y_r = 1.000000, inc_x_i = 1.000000, inc_y_i = 1.000000
En el else......

----------------------------------------
x = 6.000000, y = 310.000000
avance = -281.000000, avanceR = 2.000000, avanceI = 2.000000
inc_x_r = 0.000000, inc_y_r = 1.000000, inc_x_i = 1.000000, inc_y_i = 1.000000
En el else......

----------------------------------------
x = 6.000000, y = 311.000000
avance = -279.000000, avanceR = 2.000000, avanceI = 2.000000
inc_x_r = 0.000000, inc_y_r = 1.000000, inc_x_i = 1.000000, inc_y_i = 1.000000
En el else......

----------------------------------------
x = 6.000000, y = 312.000000
avance = -277.000000, avanceR = 2.000000, avanceI = 2.000000
inc_x_r = 0.000000, inc_y_r = 1.000000, inc_x_i = 1.000000, inc_y_i = 1.000000
En el else......

----------------------------------------
x = 6.000000, y = 313.000000
avance = -275.000000, avanceR = 2.000000, avanceI = 2.000000
inc_x_r = 0.000000, inc_y_r = 1.000000, inc_x_i = 1.000000, inc_y_i = 1.000000
En el else......

----------------------------------------
x = 6.000000, y = 314.000000
avance = -273.000000, avanceR = 2.000000, avanceI = 2.000000
inc_x_r = 0.000000, inc_y_r = 1.000000, inc_x_i = 1.000000, inc_y_i = 1.000000
En el else......

----------------------------------------
x = 6.000000, y = 315.000000
avance = -271.000000, avanceR = 2.000000, avanceI = 2.000000
inc_x_r = 0.000000, inc_y_r = 1.000000, inc_x_i = 1.000000, inc_y_i = 1.000000
En el else......

----------------------------------------
x = 6.000000, y = 316.000000
avance = -269.000000, avanceR = 2.000000, avanceI = 2.000000
inc_x_r = 0.000000, inc_y_r = 1.000000, inc_x_i = 1.000000, inc_y_i = 1.000000
En el else......

----------------------------------------
x = 6.000000, y = 317.000000
avance = -267.000000, avanceR = 2.000000, avanceI = 2.000000
inc_x_r = 0.000000, inc_y_r = 1.000000, inc_x_i = 1.000000, inc_y_i = 1.000000
En el else......

----------------------------------------
x = 6.000000, y = 318.000000
avance = -265.000000, avanceR = 2.000000, avanceI = 2.000000
inc_x_r = 0.000000, inc_y_r = 1.000000, inc_x_i = 1.000000, inc_y_i = 1.000000
En el else......

----------------------------------------
x = 6.000000, y = 319.000000
avance = -263.000000, avanceR = 2.000000, avanceI = 2.000000
inc_x_r = 0.000000, inc_y_r = 1.000000, inc_x_i = 1.000000, inc_y_i = 1.000000
En el else......

----------------------------------------
x = 6.000000, y = 320.000000
avance = -261.000000, avanceR = 2.000000, avanceI = 2.000000
inc_x_r = 0.000000, inc_y_r = 1.000000, inc_x_i = 1.000000, inc_y_i = 1.000000
En el else......

----------------------------------------
x = 6.000000, y = 321.000000
avance = -259.000000, avanceR = 2.000000, avanceI = 2.000000
inc_x_r = 0.000000, inc_y_r = 1.000000, inc_x_i = 1.000000, inc_y_i = 1.000000
En el else......

----------------------------------------
x = 6.000000, y = 322.000000
avance = -257.000000, avanceR = 2.000000, avanceI = 2.000000
inc_x_r = 0.000000, inc_y_r = 1.000000, inc_x_i = 1.000000, inc_y_i = 1.000000
En el else......

----------------------------------------
x = 6.000000, y = 323.000000
avance = -255.000000, avanceR = 2.000000, avanceI = 2.000000
inc_x_r = 0.000000, inc_y_r = 1.000000, inc_x_i = 1.000000, inc_y_i = 1.000000
En el else......

----------------------------------------
x = 6.000000, y = 324.000000
avance = -253.000000, avanceR = 2.000000, avanceI = 2.000000
inc_x_r = 0.000000, inc_y_r = 1.000000, inc_x_i = 1.000000, inc_y_i = 1.000000
En el else......

----------------------------------------
x = 6.000000, y = 325.000000
avance = -251.000000, avanceR = 2.000000, avanceI = 2.000000
inc_x_r = 0.000000, inc_y_r = 1.000000, inc_x_i = 1.000000, inc_y_i = 1.000000
En el else......

----------------------------------------


ENTRAMOS A BRESENHAMªªªª
x1 = 5.000000 - y1 = 75.000000 || x2 = 6.000000 - y2 = 326.000000
dy = 251.000000, dx = 1.000000
avances inclinados: inc_x_i = 1.000000, inc_y_i = 1.000000
updated: dy = 251.000000, dx = 1.000000
avances rectos: inc_x_r = 0.000000, inc_y_r 1.000000
reupdated: dy = 1.000000, dx = 251.000000
avanceR = 2.000000, avance -249.000000, avanceI 2.000000
----------------------------------------
x = 5.000000, y = 75.000000
avance = -249.000000, avanceR = 2.000000, avanceI = 2.000000
inc_x_r = 0.000000, inc_y_r = 1.000000, inc_x_i = 1.000000, inc_y_i = 1.000000
En el else......

----------------------------------------
x = 5.000000, y = 76.000000
avance = -247.000000, avanceR = 2.000000, avanceI = 2.000000
inc_x_r = 0.000000, inc_y_r = 1.000000, inc_x_i = 1.000000, inc_y_i = 1.000000
En el else......

----------------------------------------
x = 5.000000, y = 77.000000
avance = -245.000000, avanceR = 2.000000, avanceI = 2.000000
inc_x_r = 0.000000, inc_y_r = 1.000000, inc_x_i = 1.000000, inc_y_i = 1.000000
En el else......

----------------------------------------
x = 5.000000, y = 78.000000
avance = -243.000000, avanceR = 2.000000, avanceI = 2.000000
inc_x_r = 0.000000, inc_y_r = 1.000000, inc_x_i = 1.000000, inc_y_i = 1.000000
En el else......

----------------------------------------
x = 5.000000, y = 79.000000
avance = -241.000000, avanceR = 2.000000, avanceI = 2.000000
inc_x_r = 0.000000, inc_y_r = 1.000000, inc_x_i = 1.000000, inc_y_i = 1.000000
En el else......

----------------------------------------
x = 5.000000, y = 80.000000
avance = -239.000000, avanceR = 2.000000, avanceI = 2.000000
inc_x_r = 0.000000, inc_y_r = 1.000000, inc_x_i = 1.000000, inc_y_i = 1.000000
En el else......

----------------------------------------
x = 5.000000, y = 81.000000
avance = -237.000000, avanceR = 2.000000, avanceI = 2.000000
inc_x_r = 0.000000, inc_y_r = 1.000000, inc_x_i = 1.000000, inc_y_i = 1.000000
En el else......

----------------------------------------
x = 5.000000, y = 82.000000
avance = -235.000000, avanceR = 2.000000, avanceI = 2.000000
inc_x_r = 0.000000, inc_y_r = 1.000000, inc_x_i = 1.000000, inc_y_i = 1.000000
En el else......

----------------------------------------
x = 5.000000, y = 83.000000
avance = -233.000000, avanceR = 2.000000, avanceI = 2.000000
inc_x_r = 0.000000, inc_y_r = 1.000000, inc_x_i = 1.000000, inc_y_i = 1.000000
En el else......

----------------------------------------
x = 5.000000, y = 84.000000
avance = -231.000000, avanceR = 2.000000, avanceI = 2.000000
inc_x_r = 0.000000, inc_y_r = 1.000000, inc_x_i = 1.000000, inc_y_i = 1.000000
En el else......

----------------------------------------
x = 5.000000, y = 85.000000
avance = -229.000000, avanceR = 2.000000, avanceI = 2.000000
inc_x_r = 0.000000, inc_y_r = 1.000000, inc_x_i = 1.000000, inc_y_i = 1.000000
En el else......

----------------------------------------
x = 5.000000, y = 86.000000
avance = -227.000000, avanceR = 2.000000, avanceI = 2.000000
inc_x_r = 0.000000, inc_y_r = 1.000000, inc_x_i = 1.000000, inc_y_i = 1.000000
En el else......

----------------------------------------
x = 5.000000, y = 87.000000
avance = -225.000000, avanceR = 2.000000, avanceI = 2.000000
inc_x_r = 0.000000, inc_y_r = 1.000000, inc_x_i = 1.000000, inc_y_i = 1.000000
En el else......

----------------------------------------
x = 5.000000, y = 88.000000
avance = -223.000000, avanceR = 2.000000, avanceI = 2.000000
inc_x_r = 0.000000, inc_y_r = 1.000000, inc_x_i = 1.000000, inc_y_i = 1.000000
En el else......

----------------------------------------
x = 5.000000, y = 89.000000
avance = -221.000000, avanceR = 2.000000, avanceI = 2.000000
inc_x_r = 0.000000, inc_y_r = 1.000000, inc_x_i = 1.000000, inc_y_i = 1.000000
En el else......

----------------------------------------
x = 5.000000, y = 90.000000
avance = -219.000000, avanceR = 2.000000, avanceI = 2.000000
inc_x_r = 0.000000, inc_y_r = 1.000000, inc_x_i = 1.000000, inc_y_i = 1.000000
En el else......

----------------------------------------
x = 5.000000, y = 91.000000
avance = -217.000000, avanceR = 2.000000, avanceI = 2.000000
inc_x_r = 0.000000, inc_y_r = 1.000000, inc_x_i = 1.000000, inc_y_i = 1.000000
En el else......

----------------------------------------
x = 5.000000, y = 92.000000
avance = -215.000000, avanceR = 2.000000, avanceI = 2.000000
inc_x_r = 0.000000, inc_y_r = 1.000000, inc_x_i = 1.000000, inc_y_i = 1.000000
En el else......

----------------------------------------
x = 5.000000, y = 93.000000
avance = -213.000000, avanceR = 2.000000, avanceI = 2.000000
inc_x_r = 0.000000, inc_y_r = 1.000000, inc_x_i = 1.000000, inc_y_i = 1.000000
En el else......

----------------------------------------
x = 5.000000, y = 94.000000
avance = -211.000000, avanceR = 2.000000, avanceI = 2.000000
inc_x_r = 0.000000, inc_y_r = 1.000000, inc_x_i = 1.000000, inc_y_i = 1.000000
En el else......

----------------------------------------
x = 5.000000, y = 95.000000
avance = -209.000000, avanceR = 2.000000, avanceI = 2.000000
inc_x_r = 0.000000, inc_y_r = 1.000000, inc_x_i = 1.000000, inc_y_i = 1.000000
En el else......

----------------------------------------
x = 5.000000, y = 96.000000
avance = -207.000000, avanceR = 2.000000, avanceI = 2.000000
inc_x_r = 0.000000, inc_y_r = 1.000000, inc_x_i = 1.000000, inc_y_i = 1.000000
En el else......

----------------------------------------
x = 5.000000, y = 97.000000
avance = -205.000000, avanceR = 2.000000, avanceI = 2.000000
inc_x_r = 0.000000, inc_y_r = 1.000000, inc_x_i = 1.000000, inc_y_i = 1.000000
En el else......

----------------------------------------
x = 5.000000, y = 98.000000
avance = -203.000000, avanceR = 2.000000, avanceI = 2.000000
inc_x_r = 0.000000, inc_y_r = 1.000000, inc_x_i = 1.000000, inc_y_i = 1.000000
En el else......

----------------------------------------
x = 5.000000, y = 99.000000
avance = -201.000000, avanceR = 2.000000, avanceI = 2.000000
inc_x_r = 0.000000, inc_y_r = 1.000000, inc_x_i = 1.000000, inc_y_i = 1.000000
En el else......

----------------------------------------
x = 5.000000, y = 100.000000
avance = -199.000000, avanceR = 2.000000, avanceI = 2.000000
inc_x_r = 0.000000, inc_y_r = 1.000000, inc_x_i = 1.000000, inc_y_i = 1.000000
En el else......

----------------------------------------
x = 5.000000, y = 101.000000
avance = -197.000000, avanceR = 2.000000, avanceI = 2.000000
inc_x_r = 0.000000, inc_y_r = 1.000000, inc_x_i = 1.000000, inc_y_i = 1.000000
En el else......

----------------------------------------
x = 5.000000, y = 102.000000
avance = -195.000000, avanceR = 2.000000, avanceI = 2.000000
inc_x_r = 0.000000, inc_y_r = 1.000000, inc_x_i = 1.000000, inc_y_i = 1.000000
En el else......

----------------------------------------
x = 5.000000, y = 103.000000
avance = -193.000000, avanceR = 2.000000, avanceI = 2.000000
inc_x_r = 0.000000, inc_y_r = 1.000000, inc_x_i = 1.000000, inc_y_i = 1.000000
En el else......

----------------------------------------
x = 5.000000, y = 104.000000
avance = -191.000000, avanceR = 2.000000, avanceI = 2.000000
inc_x_r = 0.000000, inc_y_r = 1.000000, inc_x_i = 1.000000, inc_y_i = 1.000000
En el else......

----------------------------------------
x = 5.000000, y = 105.000000
avance = -189.000000, avanceR = 2.000000, avanceI = 2.000000
inc_x_r = 0.000000, inc_y_r = 1.000000, inc_x_i = 1.000000, inc_y_i = 1.000000
En el else......

----------------------------------------
x = 5.000000, y = 106.000000
avance = -187.000000, avanceR = 2.000000, avanceI = 2.000000
inc_x_r = 0.000000, inc_y_r = 1.000000, inc_x_i = 1.000000, inc_y_i = 1.000000
En el else......

----------------------------------------
x = 5.000000, y = 107.000000
avance = -185.000000, avanceR = 2.000000, avanceI = 2.000000
inc_x_r = 0.000000, inc_y_r = 1.000000, inc_x_i = 1.000000, inc_y_i = 1.000000
En el else......

----------------------------------------
x = 5.000000, y = 108.000000
avance = -183.000000, avanceR = 2.000000, avanceI = 2.000000
inc_x_r = 0.000000, inc_y_r = 1.000000, inc_x_i = 1.000000, inc_y_i = 1.000000
En el else......

----------------------------------------
x = 5.000000, y = 109.000000
avance = -181.000000, avanceR = 2.000000, avanceI = 2.000000
inc_x_r = 0.000000, inc_y_r = 1.000000, inc_x_i = 1.000000, inc_y_i = 1.000000
En el else......

----------------------------------------
x = 5.000000, y = 110.000000
avance = -179.000000, avanceR = 2.000000, avanceI = 2.000000
inc_x_r = 0.000000, inc_y_r = 1.000000, inc_x_i = 1.000000, inc_y_i = 1.000000
En el else......

----------------------------------------
x = 5.000000, y = 111.000000
avance = -177.000000, avanceR = 2.000000, avanceI = 2.000000
inc_x_r = 0.000000, inc_y_r = 1.000000, inc_x_i = 1.000000, inc_y_i = 1.000000
En el else......

----------------------------------------
x = 5.000000, y = 112.000000
avance = -175.000000, avanceR = 2.000000, avanceI = 2.000000
inc_x_r = 0.000000, inc_y_r = 1.000000, inc_x_i = 1.000000, inc_y_i = 1.000000
En el else......

----------------------------------------
x = 5.000000, y = 113.000000
avance = -173.000000, avanceR = 2.000000, avanceI = 2.000000
inc_x_r = 0.000000, inc_y_r = 1.000000, inc_x_i = 1.000000, inc_y_i = 1.000000
En el else......

----------------------------------------
x = 5.000000, y = 114.000000
avance = -171.000000, avanceR = 2.000000, avanceI = 2.000000
inc_x_r = 0.000000, inc_y_r = 1.000000, inc_x_i = 1.000000, inc_y_i = 1.000000
En el else......

----------------------------------------
x = 5.000000, y = 115.000000
avance = -169.000000, avanceR = 2.000000, avanceI = 2.000000
inc_x_r = 0.000000, inc_y_r = 1.000000, inc_x_i = 1.000000, inc_y_i = 1.000000
En el else......

----------------------------------------
x = 5.000000, y = 116.000000
avance = -167.000000, avanceR = 2.000000, avanceI = 2.000000
inc_x_r = 0.000000, inc_y_r = 1.000000, inc_x_i = 1.000000, inc_y_i = 1.000000
En el else......

----------------------------------------
x = 5.000000, y = 117.000000
avance = -165.000000, avanceR = 2.000000, avanceI = 2.000000
inc_x_r = 0.000000, inc_y_r = 1.000000, inc_x_i = 1.000000, inc_y_i = 1.000000
En el else......

----------------------------------------
x = 5.000000, y = 118.000000
avance = -163.000000, avanceR = 2.000000, avanceI = 2.000000
inc_x_r = 0.000000, inc_y_r = 1.000000, inc_x_i = 1.000000, inc_y_i = 1.000000
En el else......

----------------------------------------
x = 5.000000, y = 119.000000
avance = -161.000000, avanceR = 2.000000, avanceI = 2.000000
inc_x_r = 0.000000, inc_y_r = 1.000000, inc_x_i = 1.000000, inc_y_i = 1.000000
En el else......

----------------------------------------
x = 5.000000, y = 120.000000
avance = -159.000000, avanceR = 2.000000, avanceI = 2.000000
inc_x_r = 0.000000, inc_y_r = 1.000000, inc_x_i = 1.000000, inc_y_i = 1.000000
En el else......

----------------------------------------
x = 5.000000, y = 121.000000
avance = -157.000000, avanceR = 2.000000, avanceI = 2.000000
inc_x_r = 0.000000, inc_y_r = 1.000000, inc_x_i = 1.000000, inc_y_i = 1.000000
En el else......

----------------------------------------
x = 5.000000, y = 122.000000
avance = -155.000000, avanceR = 2.000000, avanceI = 2.000000
inc_x_r = 0.000000, inc_y_r = 1.000000, inc_x_i = 1.000000, inc_y_i = 1.000000
En el else......

----------------------------------------
x = 5.000000, y = 123.000000
avance = -153.000000, avanceR = 2.000000, avanceI = 2.000000
inc_x_r = 0.000000, inc_y_r = 1.000000, inc_x_i = 1.000000, inc_y_i = 1.000000
En el else......

----------------------------------------
x = 5.000000, y = 124.000000
avance = -151.000000, avanceR = 2.000000, avanceI = 2.000000
inc_x_r = 0.000000, inc_y_r = 1.000000, inc_x_i = 1.000000, inc_y_i = 1.000000
En el else......

----------------------------------------
x = 5.000000, y = 125.000000
avance = -149.000000, avanceR = 2.000000, avanceI = 2.000000
inc_x_r = 0.000000, inc_y_r = 1.000000, inc_x_i = 1.000000, inc_y_i = 1.000000
En el else......

----------------------------------------
x = 5.000000, y = 126.000000
avance = -147.000000, avanceR = 2.000000, avanceI = 2.000000
inc_x_r = 0.000000, inc_y_r = 1.000000, inc_x_i = 1.000000, inc_y_i = 1.000000
En el else......

----------------------------------------
x = 5.000000, y = 127.000000
avance = -145.000000, avanceR = 2.000000, avanceI = 2.000000
inc_x_r = 0.000000, inc_y_r = 1.000000, inc_x_i = 1.000000, inc_y_i = 1.000000
En el else......

----------------------------------------
x = 5.000000, y = 128.000000
avance = -143.000000, avanceR = 2.000000, avanceI = 2.000000
inc_x_r = 0.000000, inc_y_r = 1.000000, inc_x_i = 1.000000, inc_y_i = 1.000000
En el else......

----------------------------------------
x = 5.000000, y = 129.000000
avance = -141.000000, avanceR = 2.000000, avanceI = 2.000000
inc_x_r = 0.000000, inc_y_r = 1.000000, inc_x_i = 1.000000, inc_y_i = 1.000000
En el else......

----------------------------------------
x = 5.000000, y = 130.000000
avance = -139.000000, avanceR = 2.000000, avanceI = 2.000000
inc_x_r = 0.000000, inc_y_r = 1.000000, inc_x_i = 1.000000, inc_y_i = 1.000000
En el else......

----------------------------------------
x = 5.000000, y = 131.000000
avance = -137.000000, avanceR = 2.000000, avanceI = 2.000000
inc_x_r = 0.000000, inc_y_r = 1.000000, inc_x_i = 1.000000, inc_y_i = 1.000000
En el else......

----------------------------------------
x = 5.000000, y = 132.000000
avance = -135.000000, avanceR = 2.000000, avanceI = 2.000000
inc_x_r = 0.000000, inc_y_r = 1.000000, inc_x_i = 1.000000, inc_y_i = 1.000000
En el else......

----------------------------------------
x = 5.000000, y = 133.000000
avance = -133.000000, avanceR = 2.000000, avanceI = 2.000000
inc_x_r = 0.000000, inc_y_r = 1.000000, inc_x_i = 1.000000, inc_y_i = 1.000000
En el else......

----------------------------------------
x = 5.000000, y = 134.000000
avance = -131.000000, avanceR = 2.000000, avanceI = 2.000000
inc_x_r = 0.000000, inc_y_r = 1.000000, inc_x_i = 1.000000, inc_y_i = 1.000000
En el else......

----------------------------------------
x = 5.000000, y = 135.000000
avance = -129.000000, avanceR = 2.000000, avanceI = 2.000000
inc_x_r = 0.000000, inc_y_r = 1.000000, inc_x_i = 1.000000, inc_y_i = 1.000000
En el else......

----------------------------------------
x = 5.000000, y = 136.000000
avance = -127.000000, avanceR = 2.000000, avanceI = 2.000000
inc_x_r = 0.000000, inc_y_r = 1.000000, inc_x_i = 1.000000, inc_y_i = 1.000000
En el else......

----------------------------------------
x = 5.000000, y = 137.000000
avance = -125.000000, avanceR = 2.000000, avanceI = 2.000000
inc_x_r = 0.000000, inc_y_r = 1.000000, inc_x_i = 1.000000, inc_y_i = 1.000000
En el else......

----------------------------------------
x = 5.000000, y = 138.000000
avance = -123.000000, avanceR = 2.000000, avanceI = 2.000000
inc_x_r = 0.000000, inc_y_r = 1.000000, inc_x_i = 1.000000, inc_y_i = 1.000000
En el else......

----------------------------------------
x = 5.000000, y = 139.000000
avance = -121.000000, avanceR = 2.000000, avanceI = 2.000000
inc_x_r = 0.000000, inc_y_r = 1.000000, inc_x_i = 1.000000, inc_y_i = 1.000000
En el else......

----------------------------------------
x = 5.000000, y = 140.000000
avance = -119.000000, avanceR = 2.000000, avanceI = 2.000000
inc_x_r = 0.000000, inc_y_r = 1.000000, inc_x_i = 1.000000, inc_y_i = 1.000000
En el else......

----------------------------------------
x = 5.000000, y = 141.000000
avance = -117.000000, avanceR = 2.000000, avanceI = 2.000000
inc_x_r = 0.000000, inc_y_r = 1.000000, inc_x_i = 1.000000, inc_y_i = 1.000000
En el else......

----------------------------------------
x = 5.000000, y = 142.000000
avance = -115.000000, avanceR = 2.000000, avanceI = 2.000000
inc_x_r = 0.000000, inc_y_r = 1.000000, inc_x_i = 1.000000, inc_y_i = 1.000000
En el else......

----------------------------------------
x = 5.000000, y = 143.000000
avance = -113.000000, avanceR = 2.000000, avanceI = 2.000000
inc_x_r = 0.000000, inc_y_r = 1.000000, inc_x_i = 1.000000, inc_y_i = 1.000000
En el else......

----------------------------------------
x = 5.000000, y = 144.000000
avance = -111.000000, avanceR = 2.000000, avanceI = 2.000000
inc_x_r = 0.000000, inc_y_r = 1.000000, inc_x_i = 1.000000, inc_y_i = 1.000000
En el else......

----------------------------------------
x = 5.000000, y = 145.000000
avance = -109.000000, avanceR = 2.000000, avanceI = 2.000000
inc_x_r = 0.000000, inc_y_r = 1.000000, inc_x_i = 1.000000, inc_y_i = 1.000000
En el else......

----------------------------------------
x = 5.000000, y = 146.000000
avance = -107.000000, avanceR = 2.000000, avanceI = 2.000000
inc_x_r = 0.000000, inc_y_r = 1.000000, inc_x_i = 1.000000, inc_y_i = 1.000000
En el else......

----------------------------------------
x = 5.000000, y = 147.000000
avance = -105.000000, avanceR = 2.000000, avanceI = 2.000000
inc_x_r = 0.000000, inc_y_r = 1.000000, inc_x_i = 1.000000, inc_y_i = 1.000000
En el else......

----------------------------------------
x = 5.000000, y = 148.000000
avance = -103.000000, avanceR = 2.000000, avanceI = 2.000000
inc_x_r = 0.000000, inc_y_r = 1.000000, inc_x_i = 1.000000, inc_y_i = 1.000000
En el else......

----------------------------------------
x = 5.000000, y = 149.000000
avance = -101.000000, avanceR = 2.000000, avanceI = 2.000000
inc_x_r = 0.000000, inc_y_r = 1.000000, inc_x_i = 1.000000, inc_y_i = 1.000000
En el else......

----------------------------------------
x = 5.000000, y = 150.000000
avance = -99.000000, avanceR = 2.000000, avanceI = 2.000000
inc_x_r = 0.000000, inc_y_r = 1.000000, inc_x_i = 1.000000, inc_y_i = 1.000000
En el else......

----------------------------------------
x = 5.000000, y = 151.000000
avance = -97.000000, avanceR = 2.000000, avanceI = 2.000000
inc_x_r = 0.000000, inc_y_r = 1.000000, inc_x_i = 1.000000, inc_y_i = 1.000000
En el else......

----------------------------------------
x = 5.000000, y = 152.000000
avance = -95.000000, avanceR = 2.000000, avanceI = 2.000000
inc_x_r = 0.000000, inc_y_r = 1.000000, inc_x_i = 1.000000, inc_y_i = 1.000000
En el else......

----------------------------------------
x = 5.000000, y = 153.000000
avance = -93.000000, avanceR = 2.000000, avanceI = 2.000000
inc_x_r = 0.000000, inc_y_r = 1.000000, inc_x_i = 1.000000, inc_y_i = 1.000000
En el else......

----------------------------------------
x = 5.000000, y = 154.000000
avance = -91.000000, avanceR = 2.000000, avanceI = 2.000000
inc_x_r = 0.000000, inc_y_r = 1.000000, inc_x_i = 1.000000, inc_y_i = 1.000000
En el else......

----------------------------------------
x = 5.000000, y = 155.000000
avance = -89.000000, avanceR = 2.000000, avanceI = 2.000000
inc_x_r = 0.000000, inc_y_r = 1.000000, inc_x_i = 1.000000, inc_y_i = 1.000000
En el else......

----------------------------------------
x = 5.000000, y = 156.000000
avance = -87.000000, avanceR = 2.000000, avanceI = 2.000000
inc_x_r = 0.000000, inc_y_r = 1.000000, inc_x_i = 1.000000, inc_y_i = 1.000000
En el else......

----------------------------------------
x = 5.000000, y = 157.000000
avance = -85.000000, avanceR = 2.000000, avanceI = 2.000000
inc_x_r = 0.000000, inc_y_r = 1.000000, inc_x_i = 1.000000, inc_y_i = 1.000000
En el else......

----------------------------------------
x = 5.000000, y = 158.000000
avance = -83.000000, avanceR = 2.000000, avanceI = 2.000000
inc_x_r = 0.000000, inc_y_r = 1.000000, inc_x_i = 1.000000, inc_y_i = 1.000000
En el else......

----------------------------------------
x = 5.000000, y = 159.000000
avance = -81.000000, avanceR = 2.000000, avanceI = 2.000000
inc_x_r = 0.000000, inc_y_r = 1.000000, inc_x_i = 1.000000, inc_y_i = 1.000000
En el else......

----------------------------------------
x = 5.000000, y = 160.000000
avance = -79.000000, avanceR = 2.000000, avanceI = 2.000000
inc_x_r = 0.000000, inc_y_r = 1.000000, inc_x_i = 1.000000, inc_y_i = 1.000000
En el else......

----------------------------------------
x = 5.000000, y = 161.000000
avance = -77.000000, avanceR = 2.000000, avanceI = 2.000000
inc_x_r = 0.000000, inc_y_r = 1.000000, inc_x_i = 1.000000, inc_y_i = 1.000000
En el else......

----------------------------------------
x = 5.000000, y = 162.000000
avance = -75.000000, avanceR = 2.000000, avanceI = 2.000000
inc_x_r = 0.000000, inc_y_r = 1.000000, inc_x_i = 1.000000, inc_y_i = 1.000000
En el else......

----------------------------------------
x = 5.000000, y = 163.000000
avance = -73.000000, avanceR = 2.000000, avanceI = 2.000000
inc_x_r = 0.000000, inc_y_r = 1.000000, inc_x_i = 1.000000, inc_y_i = 1.000000
En el else......

----------------------------------------
x = 5.000000, y = 164.000000
avance = -71.000000, avanceR = 2.000000, avanceI = 2.000000
inc_x_r = 0.000000, inc_y_r = 1.000000, inc_x_i = 1.000000, inc_y_i = 1.000000
En el else......

----------------------------------------
x = 5.000000, y = 165.000000
avance = -69.000000, avanceR = 2.000000, avanceI = 2.000000
inc_x_r = 0.000000, inc_y_r = 1.000000, inc_x_i = 1.000000, inc_y_i = 1.000000
En el else......

----------------------------------------
x = 5.000000, y = 166.000000
avance = -67.000000, avanceR = 2.000000, avanceI = 2.000000
inc_x_r = 0.000000, inc_y_r = 1.000000, inc_x_i = 1.000000, inc_y_i = 1.000000
En el else......

----------------------------------------
x = 5.000000, y = 167.000000
avance = -65.000000, avanceR = 2.000000, avanceI = 2.000000
inc_x_r = 0.000000, inc_y_r = 1.000000, inc_x_i = 1.000000, inc_y_i = 1.000000
En el else......

----------------------------------------
x = 5.000000, y = 168.000000
avance = -63.000000, avanceR = 2.000000, avanceI = 2.000000
inc_x_r = 0.000000, inc_y_r = 1.000000, inc_x_i = 1.000000, inc_y_i = 1.000000
En el else......

----------------------------------------
x = 5.000000, y = 169.000000
avance = -61.000000, avanceR = 2.000000, avanceI = 2.000000
inc_x_r = 0.000000, inc_y_r = 1.000000, inc_x_i = 1.000000, inc_y_i = 1.000000
En el else......

----------------------------------------
x = 5.000000, y = 170.000000
avance = -59.000000, avanceR = 2.000000, avanceI = 2.000000
inc_x_r = 0.000000, inc_y_r = 1.000000, inc_x_i = 1.000000, inc_y_i = 1.000000
En el else......

----------------------------------------
x = 5.000000, y = 171.000000
avance = -57.000000, avanceR = 2.000000, avanceI = 2.000000
inc_x_r = 0.000000, inc_y_r = 1.000000, inc_x_i = 1.000000, inc_y_i = 1.000000
En el else......

----------------------------------------
x = 5.000000, y = 172.000000
avance = -55.000000, avanceR = 2.000000, avanceI = 2.000000
inc_x_r = 0.000000, inc_y_r = 1.000000, inc_x_i = 1.000000, inc_y_i = 1.000000
En el else......

----------------------------------------
x = 5.000000, y = 173.000000
avance = -53.000000, avanceR = 2.000000, avanceI = 2.000000
inc_x_r = 0.000000, inc_y_r = 1.000000, inc_x_i = 1.000000, inc_y_i = 1.000000
En el else......

----------------------------------------
x = 5.000000, y = 174.000000
avance = -51.000000, avanceR = 2.000000, avanceI = 2.000000
inc_x_r = 0.000000, inc_y_r = 1.000000, inc_x_i = 1.000000, inc_y_i = 1.000000
En el else......

----------------------------------------
x = 5.000000, y = 175.000000
avance = -49.000000, avanceR = 2.000000, avanceI = 2.000000
inc_x_r = 0.000000, inc_y_r = 1.000000, inc_x_i = 1.000000, inc_y_i = 1.000000
En el else......

----------------------------------------
x = 5.000000, y = 176.000000
avance = -47.000000, avanceR = 2.000000, avanceI = 2.000000
inc_x_r = 0.000000, inc_y_r = 1.000000, inc_x_i = 1.000000, inc_y_i = 1.000000
En el else......

----------------------------------------
x = 5.000000, y = 177.000000
avance = -45.000000, avanceR = 2.000000, avanceI = 2.000000
inc_x_r = 0.000000, inc_y_r = 1.000000, inc_x_i = 1.000000, inc_y_i = 1.000000
En el else......

----------------------------------------
x = 5.000000, y = 178.000000
avance = -43.000000, avanceR = 2.000000, avanceI = 2.000000
inc_x_r = 0.000000, inc_y_r = 1.000000, inc_x_i = 1.000000, inc_y_i = 1.000000
En el else......

----------------------------------------
x = 5.000000, y = 179.000000
avance = -41.000000, avanceR = 2.000000, avanceI = 2.000000
inc_x_r = 0.000000, inc_y_r = 1.000000, inc_x_i = 1.000000, inc_y_i = 1.000000
En el else......

----------------------------------------
x = 5.000000, y = 180.000000
avance = -39.000000, avanceR = 2.000000, avanceI = 2.000000
inc_x_r = 0.000000, inc_y_r = 1.000000, inc_x_i = 1.000000, inc_y_i = 1.000000
En el else......

----------------------------------------
x = 5.000000, y = 181.000000
avance = -37.000000, avanceR = 2.000000, avanceI = 2.000000
inc_x_r = 0.000000, inc_y_r = 1.000000, inc_x_i = 1.000000, inc_y_i = 1.000000
En el else......

----------------------------------------
x = 5.000000, y = 182.000000
avance = -35.000000, avanceR = 2.000000, avanceI = 2.000000
inc_x_r = 0.000000, inc_y_r = 1.000000, inc_x_i = 1.000000, inc_y_i = 1.000000
En el else......

----------------------------------------
x = 5.000000, y = 183.000000
avance = -33.000000, avanceR = 2.000000, avanceI = 2.000000
inc_x_r = 0.000000, inc_y_r = 1.000000, inc_x_i = 1.000000, inc_y_i = 1.000000
En el else......

----------------------------------------
x = 5.000000, y = 184.000000
avance = -31.000000, avanceR = 2.000000, avanceI = 2.000000
inc_x_r = 0.000000, inc_y_r = 1.000000, inc_x_i = 1.000000, inc_y_i = 1.000000
En el else......

----------------------------------------
x = 5.000000, y = 185.000000
avance = -29.000000, avanceR = 2.000000, avanceI = 2.000000
inc_x_r = 0.000000, inc_y_r = 1.000000, inc_x_i = 1.000000, inc_y_i = 1.000000
En el else......

----------------------------------------
x = 5.000000, y = 186.000000
avance = -27.000000, avanceR = 2.000000, avanceI = 2.000000
inc_x_r = 0.000000, inc_y_r = 1.000000, inc_x_i = 1.000000, inc_y_i = 1.000000
En el else......

----------------------------------------
x = 5.000000, y = 187.000000
avance = -25.000000, avanceR = 2.000000, avanceI = 2.000000
inc_x_r = 0.000000, inc_y_r = 1.000000, inc_x_i = 1.000000, inc_y_i = 1.000000
En el else......

----------------------------------------
x = 5.000000, y = 188.000000
avance = -23.000000, avanceR = 2.000000, avanceI = 2.000000
inc_x_r = 0.000000, inc_y_r = 1.000000, inc_x_i = 1.000000, inc_y_i = 1.000000
En el else......

----------------------------------------
x = 5.000000, y = 189.000000
avance = -21.000000, avanceR = 2.000000, avanceI = 2.000000
inc_x_r = 0.000000, inc_y_r = 1.000000, inc_x_i = 1.000000, inc_y_i = 1.000000
En el else......

----------------------------------------
x = 5.000000, y = 190.000000
avance = -19.000000, avanceR = 2.000000, avanceI = 2.000000
inc_x_r = 0.000000, inc_y_r = 1.000000, inc_x_i = 1.000000, inc_y_i = 1.000000
En el else......

----------------------------------------
x = 5.000000, y = 191.000000
avance = -17.000000, avanceR = 2.000000, avanceI = 2.000000
inc_x_r = 0.000000, inc_y_r = 1.000000, inc_x_i = 1.000000, inc_y_i = 1.000000
En el else......

----------------------------------------
x = 5.000000, y = 192.000000
avance = -15.000000, avanceR = 2.000000, avanceI = 2.000000
inc_x_r = 0.000000, inc_y_r = 1.000000, inc_x_i = 1.000000, inc_y_i = 1.000000
En el else......

----------------------------------------
x = 5.000000, y = 193.000000
avance = -13.000000, avanceR = 2.000000, avanceI = 2.000000
inc_x_r = 0.000000, inc_y_r = 1.000000, inc_x_i = 1.000000, inc_y_i = 1.000000
En el else......

----------------------------------------
x = 5.000000, y = 194.000000
avance = -11.000000, avanceR = 2.000000, avanceI = 2.000000
inc_x_r = 0.000000, inc_y_r = 1.000000, inc_x_i = 1.000000, inc_y_i = 1.000000
En el else......

----------------------------------------
x = 5.000000, y = 195.000000
avance = -9.000000, avanceR = 2.000000, avanceI = 2.000000
inc_x_r = 0.000000, inc_y_r = 1.000000, inc_x_i = 1.000000, inc_y_i = 1.000000
En el else......

----------------------------------------
x = 5.000000, y = 196.000000
avance = -7.000000, avanceR = 2.000000, avanceI = 2.000000
inc_x_r = 0.000000, inc_y_r = 1.000000, inc_x_i = 1.000000, inc_y_i = 1.000000
En el else......

----------------------------------------
x = 5.000000, y = 197.000000
avance = -5.000000, avanceR = 2.000000, avanceI = 2.000000
inc_x_r = 0.000000, inc_y_r = 1.000000, inc_x_i = 1.000000, inc_y_i = 1.000000
En el else......

----------------------------------------
x = 5.000000, y = 198.000000
avance = -3.000000, avanceR = 2.000000, avanceI = 2.000000
inc_x_r = 0.000000, inc_y_r = 1.000000, inc_x_i = 1.000000, inc_y_i = 1.000000
En el else......

----------------------------------------
x = 5.000000, y = 199.000000
avance = -1.000000, avanceR = 2.000000, avanceI = 2.000000
inc_x_r = 0.000000, inc_y_r = 1.000000, inc_x_i = 1.000000, inc_y_i = 1.000000
En el else......

----------------------------------------
x = 5.000000, y = 200.000000
avance = 1.000000, avanceR = 2.000000, avanceI = 2.000000
inc_x_r = 0.000000, inc_y_r = 1.000000, inc_x_i = 1.000000, inc_y_i = 1.000000
avance >= 0

----------------------------------------
x = 6.000000, y = 201.000000
avance = -499.000000, avanceR = 2.000000, avanceI = 2.000000
inc_x_r = 0.000000, inc_y_r = 1.000000, inc_x_i = 1.000000, inc_y_i = 1.000000
En el else......

----------------------------------------
x = 6.000000, y = 202.000000
avance = -497.000000, avanceR = 2.000000, avanceI = 2.000000
inc_x_r = 0.000000, inc_y_r = 1.000000, inc_x_i = 1.000000, inc_y_i = 1.000000
En el else......

----------------------------------------
x = 6.000000, y = 203.000000
avance = -495.000000, avanceR = 2.000000, avanceI = 2.000000
inc_x_r = 0.000000, inc_y_r = 1.000000, inc_x_i = 1.000000, inc_y_i = 1.000000
En el else......

----------------------------------------
x = 6.000000, y = 204.000000
avance = -493.000000, avanceR = 2.000000, avanceI = 2.000000
inc_x_r = 0.000000, inc_y_r = 1.000000, inc_x_i = 1.000000, inc_y_i = 1.000000
En el else......

----------------------------------------
x = 6.000000, y = 205.000000
avance = -491.000000, avanceR = 2.000000, avanceI = 2.000000
inc_x_r = 0.000000, inc_y_r = 1.000000, inc_x_i = 1.000000, inc_y_i = 1.000000
En el else......

----------------------------------------
x = 6.000000, y = 206.000000
avance = -489.000000, avanceR = 2.000000, avanceI = 2.000000
inc_x_r = 0.000000, inc_y_r = 1.000000, inc_x_i = 1.000000, inc_y_i = 1.000000
En el else......

----------------------------------------
x = 6.000000, y = 207.000000
avance = -487.000000, avanceR = 2.000000, avanceI = 2.000000
inc_x_r = 0.000000, inc_y_r = 1.000000, inc_x_i = 1.000000, inc_y_i = 1.000000
En el else......

----------------------------------------
x = 6.000000, y = 208.000000
avance = -485.000000, avanceR = 2.000000, avanceI = 2.000000
inc_x_r = 0.000000, inc_y_r = 1.000000, inc_x_i = 1.000000, inc_y_i = 1.000000
En el else......

----------------------------------------
x = 6.000000, y = 209.000000
avance = -483.000000, avanceR = 2.000000, avanceI = 2.000000
inc_x_r = 0.000000, inc_y_r = 1.000000, inc_x_i = 1.000000, inc_y_i = 1.000000
En el else......

----------------------------------------
x = 6.000000, y = 210.000000
avance = -481.000000, avanceR = 2.000000, avanceI = 2.000000
inc_x_r = 0.000000, inc_y_r = 1.000000, inc_x_i = 1.000000, inc_y_i = 1.000000
En el else......

----------------------------------------
x = 6.000000, y = 211.000000
avance = -479.000000, avanceR = 2.000000, avanceI = 2.000000
inc_x_r = 0.000000, inc_y_r = 1.000000, inc_x_i = 1.000000, inc_y_i = 1.000000
En el else......

----------------------------------------
x = 6.000000, y = 212.000000
avance = -477.000000, avanceR = 2.000000, avanceI = 2.000000
inc_x_r = 0.000000, inc_y_r = 1.000000, inc_x_i = 1.000000, inc_y_i = 1.000000
En el else......

----------------------------------------
x = 6.000000, y = 213.000000
avance = -475.000000, avanceR = 2.000000, avanceI = 2.000000
inc_x_r = 0.000000, inc_y_r = 1.000000, inc_x_i = 1.000000, inc_y_i = 1.000000
En el else......

----------------------------------------
x = 6.000000, y = 214.000000
avance = -473.000000, avanceR = 2.000000, avanceI = 2.000000
inc_x_r = 0.000000, inc_y_r = 1.000000, inc_x_i = 1.000000, inc_y_i = 1.000000
En el else......

----------------------------------------
x = 6.000000, y = 215.000000
avance = -471.000000, avanceR = 2.000000, avanceI = 2.000000
inc_x_r = 0.000000, inc_y_r = 1.000000, inc_x_i = 1.000000, inc_y_i = 1.000000
En el else......

----------------------------------------
x = 6.000000, y = 216.000000
avance = -469.000000, avanceR = 2.000000, avanceI = 2.000000
inc_x_r = 0.000000, inc_y_r = 1.000000, inc_x_i = 1.000000, inc_y_i = 1.000000
En el else......

----------------------------------------
x = 6.000000, y = 217.000000
avance = -467.000000, avanceR = 2.000000, avanceI = 2.000000
inc_x_r = 0.000000, inc_y_r = 1.000000, inc_x_i = 1.000000, inc_y_i = 1.000000
En el else......

----------------------------------------
x = 6.000000, y = 218.000000
avance = -465.000000, avanceR = 2.000000, avanceI = 2.000000
inc_x_r = 0.000000, inc_y_r = 1.000000, inc_x_i = 1.000000, inc_y_i = 1.000000
En el else......

----------------------------------------
x = 6.000000, y = 219.000000
avance = -463.000000, avanceR = 2.000000, avanceI = 2.000000
inc_x_r = 0.000000, inc_y_r = 1.000000, inc_x_i = 1.000000, inc_y_i = 1.000000
En el else......

----------------------------------------
x = 6.000000, y = 220.000000
avance = -461.000000, avanceR = 2.000000, avanceI = 2.000000
inc_x_r = 0.000000, inc_y_r = 1.000000, inc_x_i = 1.000000, inc_y_i = 1.000000
En el else......

----------------------------------------
x = 6.000000, y = 221.000000
avance = -459.000000, avanceR = 2.000000, avanceI = 2.000000
inc_x_r = 0.000000, inc_y_r = 1.000000, inc_x_i = 1.000000, inc_y_i = 1.000000
En el else......

----------------------------------------
x = 6.000000, y = 222.000000
avance = -457.000000, avanceR = 2.000000, avanceI = 2.000000
inc_x_r = 0.000000, inc_y_r = 1.000000, inc_x_i = 1.000000, inc_y_i = 1.000000
En el else......

----------------------------------------
x = 6.000000, y = 223.000000
avance = -455.000000, avanceR = 2.000000, avanceI = 2.000000
inc_x_r = 0.000000, inc_y_r = 1.000000, inc_x_i = 1.000000, inc_y_i = 1.000000
En el else......

----------------------------------------
x = 6.000000, y = 224.000000
avance = -453.000000, avanceR = 2.000000, avanceI = 2.000000
inc_x_r = 0.000000, inc_y_r = 1.000000, inc_x_i = 1.000000, inc_y_i = 1.000000
En el else......

----------------------------------------
x = 6.000000, y = 225.000000
avance = -451.000000, avanceR = 2.000000, avanceI = 2.000000
inc_x_r = 0.000000, inc_y_r = 1.000000, inc_x_i = 1.000000, inc_y_i = 1.000000
En el else......

----------------------------------------
x = 6.000000, y = 226.000000
avance = -449.000000, avanceR = 2.000000, avanceI = 2.000000
inc_x_r = 0.000000, inc_y_r = 1.000000, inc_x_i = 1.000000, inc_y_i = 1.000000
En el else......

----------------------------------------
x = 6.000000, y = 227.000000
avance = -447.000000, avanceR = 2.000000, avanceI = 2.000000
inc_x_r = 0.000000, inc_y_r = 1.000000, inc_x_i = 1.000000, inc_y_i = 1.000000
En el else......

----------------------------------------
x = 6.000000, y = 228.000000
avance = -445.000000, avanceR = 2.000000, avanceI = 2.000000
inc_x_r = 0.000000, inc_y_r = 1.000000, inc_x_i = 1.000000, inc_y_i = 1.000000
En el else......

----------------------------------------
x = 6.000000, y = 229.000000
avance = -443.000000, avanceR = 2.000000, avanceI = 2.000000
inc_x_r = 0.000000, inc_y_r = 1.000000, inc_x_i = 1.000000, inc_y_i = 1.000000
En el else......

----------------------------------------
x = 6.000000, y = 230.000000
avance = -441.000000, avanceR = 2.000000, avanceI = 2.000000
inc_x_r = 0.000000, inc_y_r = 1.000000, inc_x_i = 1.000000, inc_y_i = 1.000000
En el else......

----------------------------------------
x = 6.000000, y = 231.000000
avance = -439.000000, avanceR = 2.000000, avanceI = 2.000000
inc_x_r = 0.000000, inc_y_r = 1.000000, inc_x_i = 1.000000, inc_y_i = 1.000000
En el else......

----------------------------------------
x = 6.000000, y = 232.000000
avance = -437.000000, avanceR = 2.000000, avanceI = 2.000000
inc_x_r = 0.000000, inc_y_r = 1.000000, inc_x_i = 1.000000, inc_y_i = 1.000000
En el else......

----------------------------------------
x = 6.000000, y = 233.000000
avance = -435.000000, avanceR = 2.000000, avanceI = 2.000000
inc_x_r = 0.000000, inc_y_r = 1.000000, inc_x_i = 1.000000, inc_y_i = 1.000000
En el else......

----------------------------------------
x = 6.000000, y = 234.000000
avance = -433.000000, avanceR = 2.000000, avanceI = 2.000000
inc_x_r = 0.000000, inc_y_r = 1.000000, inc_x_i = 1.000000, inc_y_i = 1.000000
En el else......

----------------------------------------
x = 6.000000, y = 235.000000
avance = -431.000000, avanceR = 2.000000, avanceI = 2.000000
inc_x_r = 0.000000, inc_y_r = 1.000000, inc_x_i = 1.000000, inc_y_i = 1.000000
En el else......

----------------------------------------
x = 6.000000, y = 236.000000
avance = -429.000000, avanceR = 2.000000, avanceI = 2.000000
inc_x_r = 0.000000, inc_y_r = 1.000000, inc_x_i = 1.000000, inc_y_i = 1.000000
En el else......

----------------------------------------
x = 6.000000, y = 237.000000
avance = -427.000000, avanceR = 2.000000, avanceI = 2.000000
inc_x_r = 0.000000, inc_y_r = 1.000000, inc_x_i = 1.000000, inc_y_i = 1.000000
En el else......

----------------------------------------
x = 6.000000, y = 238.000000
avance = -425.000000, avanceR = 2.000000, avanceI = 2.000000
inc_x_r = 0.000000, inc_y_r = 1.000000, inc_x_i = 1.000000, inc_y_i = 1.000000
En el else......

----------------------------------------
x = 6.000000, y = 239.000000
avance = -423.000000, avanceR = 2.000000, avanceI = 2.000000
inc_x_r = 0.000000, inc_y_r = 1.000000, inc_x_i = 1.000000, inc_y_i = 1.000000
En el else......

----------------------------------------
x = 6.000000, y = 240.000000
avance = -421.000000, avanceR = 2.000000, avanceI = 2.000000
inc_x_r = 0.000000, inc_y_r = 1.000000, inc_x_i = 1.000000, inc_y_i = 1.000000
En el else......

----------------------------------------
x = 6.000000, y = 241.000000
avance = -419.000000, avanceR = 2.000000, avanceI = 2.000000
inc_x_r = 0.000000, inc_y_r = 1.000000, inc_x_i = 1.000000, inc_y_i = 1.000000
En el else......

----------------------------------------
x = 6.000000, y = 242.000000
avance = -417.000000, avanceR = 2.000000, avanceI = 2.000000
inc_x_r = 0.000000, inc_y_r = 1.000000, inc_x_i = 1.000000, inc_y_i = 1.000000
En el else......

----------------------------------------
x = 6.000000, y = 243.000000
avance = -415.000000, avanceR = 2.000000, avanceI = 2.000000
inc_x_r = 0.000000, inc_y_r = 1.000000, inc_x_i = 1.000000, inc_y_i = 1.000000
En el else......

----------------------------------------
x = 6.000000, y = 244.000000
avance = -413.000000, avanceR = 2.000000, avanceI = 2.000000
inc_x_r = 0.000000, inc_y_r = 1.000000, inc_x_i = 1.000000, inc_y_i = 1.000000
En el else......

----------------------------------------
x = 6.000000, y = 245.000000
avance = -411.000000, avanceR = 2.000000, avanceI = 2.000000
inc_x_r = 0.000000, inc_y_r = 1.000000, inc_x_i = 1.000000, inc_y_i = 1.000000
En el else......

----------------------------------------
x = 6.000000, y = 246.000000
avance = -409.000000, avanceR = 2.000000, avanceI = 2.000000
inc_x_r = 0.000000, inc_y_r = 1.000000, inc_x_i = 1.000000, inc_y_i = 1.000000
En el else......

----------------------------------------
x = 6.000000, y = 247.000000
avance = -407.000000, avanceR = 2.000000, avanceI = 2.000000
inc_x_r = 0.000000, inc_y_r = 1.000000, inc_x_i = 1.000000, inc_y_i = 1.000000
En el else......

----------------------------------------
x = 6.000000, y = 248.000000
avance = -405.000000, avanceR = 2.000000, avanceI = 2.000000
inc_x_r = 0.000000, inc_y_r = 1.000000, inc_x_i = 1.000000, inc_y_i = 1.000000
En el else......

----------------------------------------
x = 6.000000, y = 249.000000
avance = -403.000000, avanceR = 2.000000, avanceI = 2.000000
inc_x_r = 0.000000, inc_y_r = 1.000000, inc_x_i = 1.000000, inc_y_i = 1.000000
En el else......

----------------------------------------
x = 6.000000, y = 250.000000
avance = -401.000000, avanceR = 2.000000, avanceI = 2.000000
inc_x_r = 0.000000, inc_y_r = 1.000000, inc_x_i = 1.000000, inc_y_i = 1.000000
En el else......

----------------------------------------
x = 6.000000, y = 251.000000
avance = -399.000000, avanceR = 2.000000, avanceI = 2.000000
inc_x_r = 0.000000, inc_y_r = 1.000000, inc_x_i = 1.000000, inc_y_i = 1.000000
En el else......

----------------------------------------
x = 6.000000, y = 252.000000
avance = -397.000000, avanceR = 2.000000, avanceI = 2.000000
inc_x_r = 0.000000, inc_y_r = 1.000000, inc_x_i = 1.000000, inc_y_i = 1.000000
En el else......

----------------------------------------
x = 6.000000, y = 253.000000
avance = -395.000000, avanceR = 2.000000, avanceI = 2.000000
inc_x_r = 0.000000, inc_y_r = 1.000000, inc_x_i = 1.000000, inc_y_i = 1.000000
En el else......

----------------------------------------
x = 6.000000, y = 254.000000
avance = -393.000000, avanceR = 2.000000, avanceI = 2.000000
inc_x_r = 0.000000, inc_y_r = 1.000000, inc_x_i = 1.000000, inc_y_i = 1.000000
En el else......

----------------------------------------
x = 6.000000, y = 255.000000
avance = -391.000000, avanceR = 2.000000, avanceI = 2.000000
inc_x_r = 0.000000, inc_y_r = 1.000000, inc_x_i = 1.000000, inc_y_i = 1.000000
En el else......

----------------------------------------
x = 6.000000, y = 256.000000
avance = -389.000000, avanceR = 2.000000, avanceI = 2.000000
inc_x_r = 0.000000, inc_y_r = 1.000000, inc_x_i = 1.000000, inc_y_i = 1.000000
En el else......

----------------------------------------
x = 6.000000, y = 257.000000
avance = -387.000000, avanceR = 2.000000, avanceI = 2.000000
inc_x_r = 0.000000, inc_y_r = 1.000000, inc_x_i = 1.000000, inc_y_i = 1.000000
En el else......

----------------------------------------
x = 6.000000, y = 258.000000
avance = -385.000000, avanceR = 2.000000, avanceI = 2.000000
inc_x_r = 0.000000, inc_y_r = 1.000000, inc_x_i = 1.000000, inc_y_i = 1.000000
En el else......

----------------------------------------
x = 6.000000, y = 259.000000
avance = -383.000000, avanceR = 2.000000, avanceI = 2.000000
inc_x_r = 0.000000, inc_y_r = 1.000000, inc_x_i = 1.000000, inc_y_i = 1.000000
En el else......

----------------------------------------
x = 6.000000, y = 260.000000
avance = -381.000000, avanceR = 2.000000, avanceI = 2.000000
inc_x_r = 0.000000, inc_y_r = 1.000000, inc_x_i = 1.000000, inc_y_i = 1.000000
En el else......

----------------------------------------
x = 6.000000, y = 261.000000
avance = -379.000000, avanceR = 2.000000, avanceI = 2.000000
inc_x_r = 0.000000, inc_y_r = 1.000000, inc_x_i = 1.000000, inc_y_i = 1.000000
En el else......

----------------------------------------
x = 6.000000, y = 262.000000
avance = -377.000000, avanceR = 2.000000, avanceI = 2.000000
inc_x_r = 0.000000, inc_y_r = 1.000000, inc_x_i = 1.000000, inc_y_i = 1.000000
En el else......

----------------------------------------
x = 6.000000, y = 263.000000
avance = -375.000000, avanceR = 2.000000, avanceI = 2.000000
inc_x_r = 0.000000, inc_y_r = 1.000000, inc_x_i = 1.000000, inc_y_i = 1.000000
En el else......

----------------------------------------
x = 6.000000, y = 264.000000
avance = -373.000000, avanceR = 2.000000, avanceI = 2.000000
inc_x_r = 0.000000, inc_y_r = 1.000000, inc_x_i = 1.000000, inc_y_i = 1.000000
En el else......

----------------------------------------
x = 6.000000, y = 265.000000
avance = -371.000000, avanceR = 2.000000, avanceI = 2.000000
inc_x_r = 0.000000, inc_y_r = 1.000000, inc_x_i = 1.000000, inc_y_i = 1.000000
En el else......

----------------------------------------
x = 6.000000, y = 266.000000
avance = -369.000000, avanceR = 2.000000, avanceI = 2.000000
inc_x_r = 0.000000, inc_y_r = 1.000000, inc_x_i = 1.000000, inc_y_i = 1.000000
En el else......

----------------------------------------
x = 6.000000, y = 267.000000
avance = -367.000000, avanceR = 2.000000, avanceI = 2.000000
inc_x_r = 0.000000, inc_y_r = 1.000000, inc_x_i = 1.000000, inc_y_i = 1.000000
En el else......

----------------------------------------
x = 6.000000, y = 268.000000
avance = -365.000000, avanceR = 2.000000, avanceI = 2.000000
inc_x_r = 0.000000, inc_y_r = 1.000000, inc_x_i = 1.000000, inc_y_i = 1.000000
En el else......

----------------------------------------
x = 6.000000, y = 269.000000
avance = -363.000000, avanceR = 2.000000, avanceI = 2.000000
inc_x_r = 0.000000, inc_y_r = 1.000000, inc_x_i = 1.000000, inc_y_i = 1.000000
En el else......

----------------------------------------
x = 6.000000, y = 270.000000
avance = -361.000000, avanceR = 2.000000, avanceI = 2.000000
inc_x_r = 0.000000, inc_y_r = 1.000000, inc_x_i = 1.000000, inc_y_i = 1.000000
En el else......

----------------------------------------
x = 6.000000, y = 271.000000
avance = -359.000000, avanceR = 2.000000, avanceI = 2.000000
inc_x_r = 0.000000, inc_y_r = 1.000000, inc_x_i = 1.000000, inc_y_i = 1.000000
En el else......

----------------------------------------
x = 6.000000, y = 272.000000
avance = -357.000000, avanceR = 2.000000, avanceI = 2.000000
inc_x_r = 0.000000, inc_y_r = 1.000000, inc_x_i = 1.000000, inc_y_i = 1.000000
En el else......

----------------------------------------
x = 6.000000, y = 273.000000
avance = -355.000000, avanceR = 2.000000, avanceI = 2.000000
inc_x_r = 0.000000, inc_y_r = 1.000000, inc_x_i = 1.000000, inc_y_i = 1.000000
En el else......

----------------------------------------
x = 6.000000, y = 274.000000
avance = -353.000000, avanceR = 2.000000, avanceI = 2.000000
inc_x_r = 0.000000, inc_y_r = 1.000000, inc_x_i = 1.000000, inc_y_i = 1.000000
En el else......

----------------------------------------
x = 6.000000, y = 275.000000
avance = -351.000000, avanceR = 2.000000, avanceI = 2.000000
inc_x_r = 0.000000, inc_y_r = 1.000000, inc_x_i = 1.000000, inc_y_i = 1.000000
En el else......

----------------------------------------
x = 6.000000, y = 276.000000
avance = -349.000000, avanceR = 2.000000, avanceI = 2.000000
inc_x_r = 0.000000, inc_y_r = 1.000000, inc_x_i = 1.000000, inc_y_i = 1.000000
En el else......

----------------------------------------
x = 6.000000, y = 277.000000
avance = -347.000000, avanceR = 2.000000, avanceI = 2.000000
inc_x_r = 0.000000, inc_y_r = 1.000000, inc_x_i = 1.000000, inc_y_i = 1.000000
En el else......

----------------------------------------
x = 6.000000, y = 278.000000
avance = -345.000000, avanceR = 2.000000, avanceI = 2.000000
inc_x_r = 0.000000, inc_y_r = 1.000000, inc_x_i = 1.000000, inc_y_i = 1.000000
En el else......

----------------------------------------
x = 6.000000, y = 279.000000
avance = -343.000000, avanceR = 2.000000, avanceI = 2.000000
inc_x_r = 0.000000, inc_y_r = 1.000000, inc_x_i = 1.000000, inc_y_i = 1.000000
En el else......

----------------------------------------
x = 6.000000, y = 280.000000
avance = -341.000000, avanceR = 2.000000, avanceI = 2.000000
inc_x_r = 0.000000, inc_y_r = 1.000000, inc_x_i = 1.000000, inc_y_i = 1.000000
En el else......

----------------------------------------
x = 6.000000, y = 281.000000
avance = -339.000000, avanceR = 2.000000, avanceI = 2.000000
inc_x_r = 0.000000, inc_y_r = 1.000000, inc_x_i = 1.000000, inc_y_i = 1.000000
En el else......

----------------------------------------
x = 6.000000, y = 282.000000
avance = -337.000000, avanceR = 2.000000, avanceI = 2.000000
inc_x_r = 0.000000, inc_y_r = 1.000000, inc_x_i = 1.000000, inc_y_i = 1.000000
En el else......

----------------------------------------
x = 6.000000, y = 283.000000
avance = -335.000000, avanceR = 2.000000, avanceI = 2.000000
inc_x_r = 0.000000, inc_y_r = 1.000000, inc_x_i = 1.000000, inc_y_i = 1.000000
En el else......

----------------------------------------
x = 6.000000, y = 284.000000
avance = -333.000000, avanceR = 2.000000, avanceI = 2.000000
inc_x_r = 0.000000, inc_y_r = 1.000000, inc_x_i = 1.000000, inc_y_i = 1.000000
En el else......

----------------------------------------
x = 6.000000, y = 285.000000
avance = -331.000000, avanceR = 2.000000, avanceI = 2.000000
inc_x_r = 0.000000, inc_y_r = 1.000000, inc_x_i = 1.000000, inc_y_i = 1.000000
En el else......

----------------------------------------
x = 6.000000, y = 286.000000
avance = -329.000000, avanceR = 2.000000, avanceI = 2.000000
inc_x_r = 0.000000, inc_y_r = 1.000000, inc_x_i = 1.000000, inc_y_i = 1.000000
En el else......

----------------------------------------
x = 6.000000, y = 287.000000
avance = -327.000000, avanceR = 2.000000, avanceI = 2.000000
inc_x_r = 0.000000, inc_y_r = 1.000000, inc_x_i = 1.000000, inc_y_i = 1.000000
En el else......

----------------------------------------
x = 6.000000, y = 288.000000
avance = -325.000000, avanceR = 2.000000, avanceI = 2.000000
inc_x_r = 0.000000, inc_y_r = 1.000000, inc_x_i = 1.000000, inc_y_i = 1.000000
En el else......

----------------------------------------
x = 6.000000, y = 289.000000
avance = -323.000000, avanceR = 2.000000, avanceI = 2.000000
inc_x_r = 0.000000, inc_y_r = 1.000000, inc_x_i = 1.000000, inc_y_i = 1.000000
En el else......

----------------------------------------
x = 6.000000, y = 290.000000
avance = -321.000000, avanceR = 2.000000, avanceI = 2.000000
inc_x_r = 0.000000, inc_y_r = 1.000000, inc_x_i = 1.000000, inc_y_i = 1.000000
En el else......

----------------------------------------
x = 6.000000, y = 291.000000
avance = -319.000000, avanceR = 2.000000, avanceI = 2.000000
inc_x_r = 0.000000, inc_y_r = 1.000000, inc_x_i = 1.000000, inc_y_i = 1.000000
En el else......

----------------------------------------
x = 6.000000, y = 292.000000
avance = -317.000000, avanceR = 2.000000, avanceI = 2.000000
inc_x_r = 0.000000, inc_y_r = 1.000000, inc_x_i = 1.000000, inc_y_i = 1.000000
En el else......

----------------------------------------
x = 6.000000, y = 293.000000
avance = -315.000000, avanceR = 2.000000, avanceI = 2.000000
inc_x_r = 0.000000, inc_y_r = 1.000000, inc_x_i = 1.000000, inc_y_i = 1.000000
En el else......

----------------------------------------
x = 6.000000, y = 294.000000
avance = -313.000000, avanceR = 2.000000, avanceI = 2.000000
inc_x_r = 0.000000, inc_y_r = 1.000000, inc_x_i = 1.000000, inc_y_i = 1.000000
En el else......

----------------------------------------
x = 6.000000, y = 295.000000
avance = -311.000000, avanceR = 2.000000, avanceI = 2.000000
inc_x_r = 0.000000, inc_y_r = 1.000000, inc_x_i = 1.000000, inc_y_i = 1.000000
En el else......

----------------------------------------
x = 6.000000, y = 296.000000
avance = -309.000000, avanceR = 2.000000, avanceI = 2.000000
inc_x_r = 0.000000, inc_y_r = 1.000000, inc_x_i = 1.000000, inc_y_i = 1.000000
En el else......

----------------------------------------
x = 6.000000, y = 297.000000
avance = -307.000000, avanceR = 2.000000, avanceI = 2.000000
inc_x_r = 0.000000, inc_y_r = 1.000000, inc_x_i = 1.000000, inc_y_i = 1.000000
En el else......

----------------------------------------
x = 6.000000, y = 298.000000
avance = -305.000000, avanceR = 2.000000, avanceI = 2.000000
inc_x_r = 0.000000, inc_y_r = 1.000000, inc_x_i = 1.000000, inc_y_i = 1.000000
En el else......

----------------------------------------
x = 6.000000, y = 299.000000
avance = -303.000000, avanceR = 2.000000, avanceI = 2.000000
inc_x_r = 0.000000, inc_y_r = 1.000000, inc_x_i = 1.000000, inc_y_i = 1.000000
En el else......

----------------------------------------
x = 6.000000, y = 300.000000
avance = -301.000000, avanceR = 2.000000, avanceI = 2.000000
inc_x_r = 0.000000, inc_y_r = 1.000000, inc_x_i = 1.000000, inc_y_i = 1.000000
En el else......

----------------------------------------
x = 6.000000, y = 301.000000
avance = -299.000000, avanceR = 2.000000, avanceI = 2.000000
inc_x_r = 0.000000, inc_y_r = 1.000000, inc_x_i = 1.000000, inc_y_i = 1.000000
En el else......

----------------------------------------
x = 6.000000, y = 302.000000
avance = -297.000000, avanceR = 2.000000, avanceI = 2.000000
inc_x_r = 0.000000, inc_y_r = 1.000000, inc_x_i = 1.000000, inc_y_i = 1.000000
En el else......

----------------------------------------
x = 6.000000, y = 303.000000
avance = -295.000000, avanceR = 2.000000, avanceI = 2.000000
inc_x_r = 0.000000, inc_y_r = 1.000000, inc_x_i = 1.000000, inc_y_i = 1.000000
En el else......

----------------------------------------
x = 6.000000, y = 304.000000
avance = -293.000000, avanceR = 2.000000, avanceI = 2.000000
inc_x_r = 0.000000, inc_y_r = 1.000000, inc_x_i = 1.000000, inc_y_i = 1.000000
En el else......

----------------------------------------
x = 6.000000, y = 305.000000
avance = -291.000000, avanceR = 2.000000, avanceI = 2.000000
inc_x_r = 0.000000, inc_y_r = 1.000000, inc_x_i = 1.000000, inc_y_i = 1.000000
En el else......

----------------------------------------
x = 6.000000, y = 306.000000
avance = -289.000000, avanceR = 2.000000, avanceI = 2.000000
inc_x_r = 0.000000, inc_y_r = 1.000000, inc_x_i = 1.000000, inc_y_i = 1.000000
En el else......

----------------------------------------
x = 6.000000, y = 307.000000
avance = -287.000000, avanceR = 2.000000, avanceI = 2.000000
inc_x_r = 0.000000, inc_y_r = 1.000000, inc_x_i = 1.000000, inc_y_i = 1.000000
En el else......

----------------------------------------
x = 6.000000, y = 308.000000
avance = -285.000000, avanceR = 2.000000, avanceI = 2.000000
inc_x_r = 0.000000, inc_y_r = 1.000000, inc_x_i = 1.000000, inc_y_i = 1.000000
En el else......

----------------------------------------
x = 6.000000, y = 309.000000
avance = -283.000000, avanceR = 2.000000, avanceI = 2.000000
inc_x_r = 0.000000, inc_y_r = 1.000000, inc_x_i = 1.000000, inc_y_i = 1.000000
En el else......

----------------------------------------
x = 6.000000, y = 310.000000
avance = -281.000000, avanceR = 2.000000, avanceI = 2.000000
inc_x_r = 0.000000, inc_y_r = 1.000000, inc_x_i = 1.000000, inc_y_i = 1.000000
En el else......

----------------------------------------
x = 6.000000, y = 311.000000
avance = -279.000000, avanceR = 2.000000, avanceI = 2.000000
inc_x_r = 0.000000, inc_y_r = 1.000000, inc_x_i = 1.000000, inc_y_i = 1.000000
En el else......

----------------------------------------
x = 6.000000, y = 312.000000
avance = -277.000000, avanceR = 2.000000, avanceI = 2.000000
inc_x_r = 0.000000, inc_y_r = 1.000000, inc_x_i = 1.000000, inc_y_i = 1.000000
En el else......

----------------------------------------
x = 6.000000, y = 313.000000
avance = -275.000000, avanceR = 2.000000, avanceI = 2.000000
inc_x_r = 0.000000, inc_y_r = 1.000000, inc_x_i = 1.000000, inc_y_i = 1.000000
En el else......

----------------------------------------
x = 6.000000, y = 314.000000
avance = -273.000000, avanceR = 2.000000, avanceI = 2.000000
inc_x_r = 0.000000, inc_y_r = 1.000000, inc_x_i = 1.000000, inc_y_i = 1.000000
En el else......

----------------------------------------
x = 6.000000, y = 315.000000
avance = -271.000000, avanceR = 2.000000, avanceI = 2.000000
inc_x_r = 0.000000, inc_y_r = 1.000000, inc_x_i = 1.000000, inc_y_i = 1.000000
En el else......

----------------------------------------
x = 6.000000, y = 316.000000
avance = -269.000000, avanceR = 2.000000, avanceI = 2.000000
inc_x_r = 0.000000, inc_y_r = 1.000000, inc_x_i = 1.000000, inc_y_i = 1.000000
En el else......

----------------------------------------
x = 6.000000, y = 317.000000
avance = -267.000000, avanceR = 2.000000, avanceI = 2.000000
inc_x_r = 0.000000, inc_y_r = 1.000000, inc_x_i = 1.000000, inc_y_i = 1.000000
En el else......

----------------------------------------
x = 6.000000, y = 318.000000
avance = -265.000000, avanceR = 2.000000, avanceI = 2.000000
inc_x_r = 0.000000, inc_y_r = 1.000000, inc_x_i = 1.000000, inc_y_i = 1.000000
En el else......

----------------------------------------
x = 6.000000, y = 319.000000
avance = -263.000000, avanceR = 2.000000, avanceI = 2.000000
inc_x_r = 0.000000, inc_y_r = 1.000000, inc_x_i = 1.000000, inc_y_i = 1.000000
En el else......

----------------------------------------
x = 6.000000, y = 320.000000
avance = -261.000000, avanceR = 2.000000, avanceI = 2.000000
inc_x_r = 0.000000, inc_y_r = 1.000000, inc_x_i = 1.000000, inc_y_i = 1.000000
En el else......

----------------------------------------
x = 6.000000, y = 321.000000
avance = -259.000000, avanceR = 2.000000, avanceI = 2.000000
inc_x_r = 0.000000, inc_y_r = 1.000000, inc_x_i = 1.000000, inc_y_i = 1.000000
En el else......

----------------------------------------
x = 6.000000, y = 322.000000
avance = -257.000000, avanceR = 2.000000, avanceI = 2.000000
inc_x_r = 0.000000, inc_y_r = 1.000000, inc_x_i = 1.000000, inc_y_i = 1.000000
En el else......

----------------------------------------
x = 6.000000, y = 323.000000
avance = -255.000000, avanceR = 2.000000, avanceI = 2.000000
inc_x_r = 0.000000, inc_y_r = 1.000000, inc_x_i = 1.000000, inc_y_i = 1.000000
En el else......

----------------------------------------
x = 6.000000, y = 324.000000
avance = -253.000000, avanceR = 2.000000, avanceI = 2.000000
inc_x_r = 0.000000, inc_y_r = 1.000000, inc_x_i = 1.000000, inc_y_i = 1.000000
En el else......

----------------------------------------
x = 6.000000, y = 325.000000
avance = -251.000000, avanceR = 2.000000, avanceI = 2.000000
inc_x_r = 0.000000, inc_y_r = 1.000000, inc_x_i = 1.000000, inc_y_i = 1.000000
En el else......

----------------------------------------


ENTRAMOS A BRESENHAMªªªª
x1 = 5.000000 - y1 = 75.000000 || x2 = 6.000000 - y2 = 326.000000
dy = 251.000000, dx = 1.000000
avances inclinados: inc_x_i = 1.000000, inc_y_i = 1.000000
updated: dy = 251.000000, dx = 1.000000
avances rectos: inc_x_r = 0.000000, inc_y_r 1.000000
reupdated: dy = 1.000000, dx = 251.000000
avanceR = 2.000000, avance -249.000000, avanceI 2.000000
----------------------------------------
x = 5.000000, y = 75.000000
avance = -249.000000, avanceR = 2.000000, avanceI = 2.000000
inc_x_r = 0.000000, inc_y_r = 1.000000, inc_x_i = 1.000000, inc_y_i = 1.000000
En el else......

----------------------------------------
x = 5.000000, y = 76.000000
avance = -247.000000, avanceR = 2.000000, avanceI = 2.000000
inc_x_r = 0.000000, inc_y_r = 1.000000, inc_x_i = 1.000000, inc_y_i = 1.000000
En el else......

----------------------------------------
x = 5.000000, y = 77.000000
avance = -245.000000, avanceR = 2.000000, avanceI = 2.000000
inc_x_r = 0.000000, inc_y_r = 1.000000, inc_x_i = 1.000000, inc_y_i = 1.000000
En el else......

----------------------------------------
x = 5.000000, y = 78.000000
avance = -243.000000, avanceR = 2.000000, avanceI = 2.000000
inc_x_r = 0.000000, inc_y_r = 1.000000, inc_x_i = 1.000000, inc_y_i = 1.000000
En el else......

----------------------------------------
x = 5.000000, y = 79.000000
avance = -241.000000, avanceR = 2.000000, avanceI = 2.000000
inc_x_r = 0.000000, inc_y_r = 1.000000, inc_x_i = 1.000000, inc_y_i = 1.000000
En el else......

----------------------------------------
x = 5.000000, y = 80.000000
avance = -239.000000, avanceR = 2.000000, avanceI = 2.000000
inc_x_r = 0.000000, inc_y_r = 1.000000, inc_x_i = 1.000000, inc_y_i = 1.000000
En el else......

----------------------------------------
x = 5.000000, y = 81.000000
avance = -237.000000, avanceR = 2.000000, avanceI = 2.000000
inc_x_r = 0.000000, inc_y_r = 1.000000, inc_x_i = 1.000000, inc_y_i = 1.000000
En el else......

----------------------------------------
x = 5.000000, y = 82.000000
avance = -235.000000, avanceR = 2.000000, avanceI = 2.000000
inc_x_r = 0.000000, inc_y_r = 1.000000, inc_x_i = 1.000000, inc_y_i = 1.000000
En el else......

----------------------------------------
x = 5.000000, y = 83.000000
avance = -233.000000, avanceR = 2.000000, avanceI = 2.000000
inc_x_r = 0.000000, inc_y_r = 1.000000, inc_x_i = 1.000000, inc_y_i = 1.000000
En el else......

----------------------------------------
x = 5.000000, y = 84.000000
avance = -231.000000, avanceR = 2.000000, avanceI = 2.000000
inc_x_r = 0.000000, inc_y_r = 1.000000, inc_x_i = 1.000000, inc_y_i = 1.000000
En el else......

----------------------------------------
x = 5.000000, y = 85.000000
avance = -229.000000, avanceR = 2.000000, avanceI = 2.000000
inc_x_r = 0.000000, inc_y_r = 1.000000, inc_x_i = 1.000000, inc_y_i = 1.000000
En el else......

----------------------------------------
x = 5.000000, y = 86.000000
avance = -227.000000, avanceR = 2.000000, avanceI = 2.000000
inc_x_r = 0.000000, inc_y_r = 1.000000, inc_x_i = 1.000000, inc_y_i = 1.000000
En el else......

----------------------------------------
x = 5.000000, y = 87.000000
avance = -225.000000, avanceR = 2.000000, avanceI = 2.000000
inc_x_r = 0.000000, inc_y_r = 1.000000, inc_x_i = 1.000000, inc_y_i = 1.000000
En el else......

----------------------------------------
x = 5.000000, y = 88.000000
avance = -223.000000, avanceR = 2.000000, avanceI = 2.000000
inc_x_r = 0.000000, inc_y_r = 1.000000, inc_x_i = 1.000000, inc_y_i = 1.000000
En el else......

----------------------------------------
x = 5.000000, y = 89.000000
avance = -221.000000, avanceR = 2.000000, avanceI = 2.000000
inc_x_r = 0.000000, inc_y_r = 1.000000, inc_x_i = 1.000000, inc_y_i = 1.000000
En el else......

----------------------------------------
x = 5.000000, y = 90.000000
avance = -219.000000, avanceR = 2.000000, avanceI = 2.000000
inc_x_r = 0.000000, inc_y_r = 1.000000, inc_x_i = 1.000000, inc_y_i = 1.000000
En el else......

----------------------------------------
x = 5.000000, y = 91.000000
avance = -217.000000, avanceR = 2.000000, avanceI = 2.000000
inc_x_r = 0.000000, inc_y_r = 1.000000, inc_x_i = 1.000000, inc_y_i = 1.000000
En el else......

----------------------------------------
x = 5.000000, y = 92.000000
avance = -215.000000, avanceR = 2.000000, avanceI = 2.000000
inc_x_r = 0.000000, inc_y_r = 1.000000, inc_x_i = 1.000000, inc_y_i = 1.000000
En el else......

----------------------------------------
x = 5.000000, y = 93.000000
avance = -213.000000, avanceR = 2.000000, avanceI = 2.000000
inc_x_r = 0.000000, inc_y_r = 1.000000, inc_x_i = 1.000000, inc_y_i = 1.000000
En el else......

----------------------------------------
x = 5.000000, y = 94.000000
avance = -211.000000, avanceR = 2.000000, avanceI = 2.000000
inc_x_r = 0.000000, inc_y_r = 1.000000, inc_x_i = 1.000000, inc_y_i = 1.000000
En el else......

----------------------------------------
x = 5.000000, y = 95.000000
avance = -209.000000, avanceR = 2.000000, avanceI = 2.000000
inc_x_r = 0.000000, inc_y_r = 1.000000, inc_x_i = 1.000000, inc_y_i = 1.000000
En el else......

----------------------------------------
x = 5.000000, y = 96.000000
avance = -207.000000, avanceR = 2.000000, avanceI = 2.000000
inc_x_r = 0.000000, inc_y_r = 1.000000, inc_x_i = 1.000000, inc_y_i = 1.000000
En el else......

----------------------------------------
x = 5.000000, y = 97.000000
avance = -205.000000, avanceR = 2.000000, avanceI = 2.000000
inc_x_r = 0.000000, inc_y_r = 1.000000, inc_x_i = 1.000000, inc_y_i = 1.000000
En el else......

----------------------------------------
x = 5.000000, y = 98.000000
avance = -203.000000, avanceR = 2.000000, avanceI = 2.000000
inc_x_r = 0.000000, inc_y_r = 1.000000, inc_x_i = 1.000000, inc_y_i = 1.000000
En el else......

----------------------------------------
x = 5.000000, y = 99.000000
avance = -201.000000, avanceR = 2.000000, avanceI = 2.000000
inc_x_r = 0.000000, inc_y_r = 1.000000, inc_x_i = 1.000000, inc_y_i = 1.000000
En el else......

----------------------------------------
x = 5.000000, y = 100.000000
avance = -199.000000, avanceR = 2.000000, avanceI = 2.000000
inc_x_r = 0.000000, inc_y_r = 1.000000, inc_x_i = 1.000000, inc_y_i = 1.000000
En el else......

----------------------------------------
x = 5.000000, y = 101.000000
avance = -197.000000, avanceR = 2.000000, avanceI = 2.000000
inc_x_r = 0.000000, inc_y_r = 1.000000, inc_x_i = 1.000000, inc_y_i = 1.000000
En el else......

----------------------------------------
x = 5.000000, y = 102.000000
avance = -195.000000, avanceR = 2.000000, avanceI = 2.000000
inc_x_r = 0.000000, inc_y_r = 1.000000, inc_x_i = 1.000000, inc_y_i = 1.000000
En el else......

----------------------------------------
x = 5.000000, y = 103.000000
avance = -193.000000, avanceR = 2.000000, avanceI = 2.000000
inc_x_r = 0.000000, inc_y_r = 1.000000, inc_x_i = 1.000000, inc_y_i = 1.000000
En el else......

----------------------------------------
x = 5.000000, y = 104.000000
avance = -191.000000, avanceR = 2.000000, avanceI = 2.000000
inc_x_r = 0.000000, inc_y_r = 1.000000, inc_x_i = 1.000000, inc_y_i = 1.000000
En el else......

----------------------------------------
x = 5.000000, y = 105.000000
avance = -189.000000, avanceR = 2.000000, avanceI = 2.000000
inc_x_r = 0.000000, inc_y_r = 1.000000, inc_x_i = 1.000000, inc_y_i = 1.000000
En el else......

----------------------------------------
x = 5.000000, y = 106.000000
avance = -187.000000, avanceR = 2.000000, avanceI = 2.000000
inc_x_r = 0.000000, inc_y_r = 1.000000, inc_x_i = 1.000000, inc_y_i = 1.000000
En el else......

----------------------------------------
x = 5.000000, y = 107.000000
avance = -185.000000, avanceR = 2.000000, avanceI = 2.000000
inc_x_r = 0.000000, inc_y_r = 1.000000, inc_x_i = 1.000000, inc_y_i = 1.000000
En el else......

----------------------------------------
x = 5.000000, y = 108.000000
avance = -183.000000, avanceR = 2.000000, avanceI = 2.000000
inc_x_r = 0.000000, inc_y_r = 1.000000, inc_x_i = 1.000000, inc_y_i = 1.000000
En el else......

----------------------------------------
x = 5.000000, y = 109.000000
avance = -181.000000, avanceR = 2.000000, avanceI = 2.000000
inc_x_r = 0.000000, inc_y_r = 1.000000, inc_x_i = 1.000000, inc_y_i = 1.000000
En el else......

----------------------------------------
x = 5.000000, y = 110.000000
avance = -179.000000, avanceR = 2.000000, avanceI = 2.000000
inc_x_r = 0.000000, inc_y_r = 1.000000, inc_x_i = 1.000000, inc_y_i = 1.000000
En el else......

----------------------------------------
x = 5.000000, y = 111.000000
avance = -177.000000, avanceR = 2.000000, avanceI = 2.000000
inc_x_r = 0.000000, inc_y_r = 1.000000, inc_x_i = 1.000000, inc_y_i = 1.000000
En el else......

----------------------------------------
x = 5.000000, y = 112.000000
avance = -175.000000, avanceR = 2.000000, avanceI = 2.000000
inc_x_r = 0.000000, inc_y_r = 1.000000, inc_x_i = 1.000000, inc_y_i = 1.000000
En el else......

----------------------------------------
x = 5.000000, y = 113.000000
avance = -173.000000, avanceR = 2.000000, avanceI = 2.000000
inc_x_r = 0.000000, inc_y_r = 1.000000, inc_x_i = 1.000000, inc_y_i = 1.000000
En el else......

----------------------------------------
x = 5.000000, y = 114.000000
avance = -171.000000, avanceR = 2.000000, avanceI = 2.000000
inc_x_r = 0.000000, inc_y_r = 1.000000, inc_x_i = 1.000000, inc_y_i = 1.000000
En el else......

----------------------------------------
x = 5.000000, y = 115.000000
avance = -169.000000, avanceR = 2.000000, avanceI = 2.000000
inc_x_r = 0.000000, inc_y_r = 1.000000, inc_x_i = 1.000000, inc_y_i = 1.000000
En el else......

----------------------------------------
x = 5.000000, y = 116.000000
avance = -167.000000, avanceR = 2.000000, avanceI = 2.000000
inc_x_r = 0.000000, inc_y_r = 1.000000, inc_x_i = 1.000000, inc_y_i = 1.000000
En el else......

----------------------------------------
x = 5.000000, y = 117.000000
avance = -165.000000, avanceR = 2.000000, avanceI = 2.000000
inc_x_r = 0.000000, inc_y_r = 1.000000, inc_x_i = 1.000000, inc_y_i = 1.000000
En el else......

----------------------------------------
x = 5.000000, y = 118.000000
avance = -163.000000, avanceR = 2.000000, avanceI = 2.000000
inc_x_r = 0.000000, inc_y_r = 1.000000, inc_x_i = 1.000000, inc_y_i = 1.000000
En el else......

----------------------------------------
x = 5.000000, y = 119.000000
avance = -161.000000, avanceR = 2.000000, avanceI = 2.000000
inc_x_r = 0.000000, inc_y_r = 1.000000, inc_x_i = 1.000000, inc_y_i = 1.000000
En el else......

----------------------------------------
x = 5.000000, y = 120.000000
avance = -159.000000, avanceR = 2.000000, avanceI = 2.000000
inc_x_r = 0.000000, inc_y_r = 1.000000, inc_x_i = 1.000000, inc_y_i = 1.000000
En el else......

----------------------------------------
x = 5.000000, y = 121.000000
avance = -157.000000, avanceR = 2.000000, avanceI = 2.000000
inc_x_r = 0.000000, inc_y_r = 1.000000, inc_x_i = 1.000000, inc_y_i = 1.000000
En el else......

----------------------------------------
x = 5.000000, y = 122.000000
avance = -155.000000, avanceR = 2.000000, avanceI = 2.000000
inc_x_r = 0.000000, inc_y_r = 1.000000, inc_x_i = 1.000000, inc_y_i = 1.000000
En el else......

----------------------------------------
x = 5.000000, y = 123.000000
avance = -153.000000, avanceR = 2.000000, avanceI = 2.000000
inc_x_r = 0.000000, inc_y_r = 1.000000, inc_x_i = 1.000000, inc_y_i = 1.000000
En el else......

----------------------------------------
x = 5.000000, y = 124.000000
avance = -151.000000, avanceR = 2.000000, avanceI = 2.000000
inc_x_r = 0.000000, inc_y_r = 1.000000, inc_x_i = 1.000000, inc_y_i = 1.000000
En el else......

----------------------------------------
x = 5.000000, y = 125.000000
avance = -149.000000, avanceR = 2.000000, avanceI = 2.000000
inc_x_r = 0.000000, inc_y_r = 1.000000, inc_x_i = 1.000000, inc_y_i = 1.000000
En el else......

----------------------------------------
x = 5.000000, y = 126.000000
avance = -147.000000, avanceR = 2.000000, avanceI = 2.000000
inc_x_r = 0.000000, inc_y_r = 1.000000, inc_x_i = 1.000000, inc_y_i = 1.000000
En el else......

----------------------------------------
x = 5.000000, y = 127.000000
avance = -145.000000, avanceR = 2.000000, avanceI = 2.000000
inc_x_r = 0.000000, inc_y_r = 1.000000, inc_x_i = 1.000000, inc_y_i = 1.000000
En el else......

----------------------------------------
x = 5.000000, y = 128.000000
avance = -143.000000, avanceR = 2.000000, avanceI = 2.000000
inc_x_r = 0.000000, inc_y_r = 1.000000, inc_x_i = 1.000000, inc_y_i = 1.000000
En el else......

----------------------------------------
x = 5.000000, y = 129.000000
avance = -141.000000, avanceR = 2.000000, avanceI = 2.000000
inc_x_r = 0.000000, inc_y_r = 1.000000, inc_x_i = 1.000000, inc_y_i = 1.000000
En el else......

----------------------------------------
x = 5.000000, y = 130.000000
avance = -139.000000, avanceR = 2.000000, avanceI = 2.000000
inc_x_r = 0.000000, inc_y_r = 1.000000, inc_x_i = 1.000000, inc_y_i = 1.000000
En el else......

----------------------------------------
x = 5.000000, y = 131.000000
avance = -137.000000, avanceR = 2.000000, avanceI = 2.000000
inc_x_r = 0.000000, inc_y_r = 1.000000, inc_x_i = 1.000000, inc_y_i = 1.000000
En el else......

----------------------------------------
x = 5.000000, y = 132.000000
avance = -135.000000, avanceR = 2.000000, avanceI = 2.000000
inc_x_r = 0.000000, inc_y_r = 1.000000, inc_x_i = 1.000000, inc_y_i = 1.000000
En el else......

----------------------------------------
x = 5.000000, y = 133.000000
avance = -133.000000, avanceR = 2.000000, avanceI = 2.000000
inc_x_r = 0.000000, inc_y_r = 1.000000, inc_x_i = 1.000000, inc_y_i = 1.000000
En el else......

----------------------------------------
x = 5.000000, y = 134.000000
avance = -131.000000, avanceR = 2.000000, avanceI = 2.000000
inc_x_r = 0.000000, inc_y_r = 1.000000, inc_x_i = 1.000000, inc_y_i = 1.000000
En el else......

----------------------------------------
x = 5.000000, y = 135.000000
avance = -129.000000, avanceR = 2.000000, avanceI = 2.000000
inc_x_r = 0.000000, inc_y_r = 1.000000, inc_x_i = 1.000000, inc_y_i = 1.000000
En el else......

----------------------------------------
x = 5.000000, y = 136.000000
avance = -127.000000, avanceR = 2.000000, avanceI = 2.000000
inc_x_r = 0.000000, inc_y_r = 1.000000, inc_x_i = 1.000000, inc_y_i = 1.000000
En el else......

----------------------------------------
x = 5.000000, y = 137.000000
avance = -125.000000, avanceR = 2.000000, avanceI = 2.000000
inc_x_r = 0.000000, inc_y_r = 1.000000, inc_x_i = 1.000000, inc_y_i = 1.000000
En el else......

----------------------------------------
x = 5.000000, y = 138.000000
avance = -123.000000, avanceR = 2.000000, avanceI = 2.000000
inc_x_r = 0.000000, inc_y_r = 1.000000, inc_x_i = 1.000000, inc_y_i = 1.000000
En el else......

----------------------------------------
x = 5.000000, y = 139.000000
avance = -121.000000, avanceR = 2.000000, avanceI = 2.000000
inc_x_r = 0.000000, inc_y_r = 1.000000, inc_x_i = 1.000000, inc_y_i = 1.000000
En el else......

----------------------------------------
x = 5.000000, y = 140.000000
avance = -119.000000, avanceR = 2.000000, avanceI = 2.000000
inc_x_r = 0.000000, inc_y_r = 1.000000, inc_x_i = 1.000000, inc_y_i = 1.000000
En el else......

----------------------------------------
x = 5.000000, y = 141.000000
avance = -117.000000, avanceR = 2.000000, avanceI = 2.000000
inc_x_r = 0.000000, inc_y_r = 1.000000, inc_x_i = 1.000000, inc_y_i = 1.000000
En el else......

----------------------------------------
x = 5.000000, y = 142.000000
avance = -115.000000, avanceR = 2.000000, avanceI = 2.000000
inc_x_r = 0.000000, inc_y_r = 1.000000, inc_x_i = 1.000000, inc_y_i = 1.000000
En el else......

----------------------------------------
x = 5.000000, y = 143.000000
avance = -113.000000, avanceR = 2.000000, avanceI = 2.000000
inc_x_r = 0.000000, inc_y_r = 1.000000, inc_x_i = 1.000000, inc_y_i = 1.000000
En el else......

----------------------------------------
x = 5.000000, y = 144.000000
avance = -111.000000, avanceR = 2.000000, avanceI = 2.000000
inc_x_r = 0.000000, inc_y_r = 1.000000, inc_x_i = 1.000000, inc_y_i = 1.000000
En el else......

----------------------------------------
x = 5.000000, y = 145.000000
avance = -109.000000, avanceR = 2.000000, avanceI = 2.000000
inc_x_r = 0.000000, inc_y_r = 1.000000, inc_x_i = 1.000000, inc_y_i = 1.000000
En el else......

----------------------------------------
x = 5.000000, y = 146.000000
avance = -107.000000, avanceR = 2.000000, avanceI = 2.000000
inc_x_r = 0.000000, inc_y_r = 1.000000, inc_x_i = 1.000000, inc_y_i = 1.000000
En el else......

----------------------------------------
x = 5.000000, y = 147.000000
avance = -105.000000, avanceR = 2.000000, avanceI = 2.000000
inc_x_r = 0.000000, inc_y_r = 1.000000, inc_x_i = 1.000000, inc_y_i = 1.000000
En el else......

----------------------------------------
x = 5.000000, y = 148.000000
avance = -103.000000, avanceR = 2.000000, avanceI = 2.000000
inc_x_r = 0.000000, inc_y_r = 1.000000, inc_x_i = 1.000000, inc_y_i = 1.000000
En el else......

----------------------------------------
x = 5.000000, y = 149.000000
avance = -101.000000, avanceR = 2.000000, avanceI = 2.000000
inc_x_r = 0.000000, inc_y_r = 1.000000, inc_x_i = 1.000000, inc_y_i = 1.000000
En el else......

----------------------------------------
x = 5.000000, y = 150.000000
avance = -99.000000, avanceR = 2.000000, avanceI = 2.000000
inc_x_r = 0.000000, inc_y_r = 1.000000, inc_x_i = 1.000000, inc_y_i = 1.000000
En el else......

----------------------------------------
x = 5.000000, y = 151.000000
avance = -97.000000, avanceR = 2.000000, avanceI = 2.000000
inc_x_r = 0.000000, inc_y_r = 1.000000, inc_x_i = 1.000000, inc_y_i = 1.000000
En el else......

----------------------------------------
x = 5.000000, y = 152.000000
avance = -95.000000, avanceR = 2.000000, avanceI = 2.000000
inc_x_r = 0.000000, inc_y_r = 1.000000, inc_x_i = 1.000000, inc_y_i = 1.000000
En el else......

----------------------------------------
x = 5.000000, y = 153.000000
avance = -93.000000, avanceR = 2.000000, avanceI = 2.000000
inc_x_r = 0.000000, inc_y_r = 1.000000, inc_x_i = 1.000000, inc_y_i = 1.000000
En el else......

----------------------------------------
x = 5.000000, y = 154.000000
avance = -91.000000, avanceR = 2.000000, avanceI = 2.000000
inc_x_r = 0.000000, inc_y_r = 1.000000, inc_x_i = 1.000000, inc_y_i = 1.000000
En el else......

----------------------------------------
x = 5.000000, y = 155.000000
avance = -89.000000, avanceR = 2.000000, avanceI = 2.000000
inc_x_r = 0.000000, inc_y_r = 1.000000, inc_x_i = 1.000000, inc_y_i = 1.000000
En el else......

----------------------------------------
x = 5.000000, y = 156.000000
avance = -87.000000, avanceR = 2.000000, avanceI = 2.000000
inc_x_r = 0.000000, inc_y_r = 1.000000, inc_x_i = 1.000000, inc_y_i = 1.000000
En el else......

----------------------------------------
x = 5.000000, y = 157.000000
avance = -85.000000, avanceR = 2.000000, avanceI = 2.000000
inc_x_r = 0.000000, inc_y_r = 1.000000, inc_x_i = 1.000000, inc_y_i = 1.000000
En el else......

----------------------------------------
x = 5.000000, y = 158.000000
avance = -83.000000, avanceR = 2.000000, avanceI = 2.000000
inc_x_r = 0.000000, inc_y_r = 1.000000, inc_x_i = 1.000000, inc_y_i = 1.000000
En el else......

----------------------------------------
x = 5.000000, y = 159.000000
avance = -81.000000, avanceR = 2.000000, avanceI = 2.000000
inc_x_r = 0.000000, inc_y_r = 1.000000, inc_x_i = 1.000000, inc_y_i = 1.000000
En el else......

----------------------------------------
x = 5.000000, y = 160.000000
avance = -79.000000, avanceR = 2.000000, avanceI = 2.000000
inc_x_r = 0.000000, inc_y_r = 1.000000, inc_x_i = 1.000000, inc_y_i = 1.000000
En el else......

----------------------------------------
x = 5.000000, y = 161.000000
avance = -77.000000, avanceR = 2.000000, avanceI = 2.000000
inc_x_r = 0.000000, inc_y_r = 1.000000, inc_x_i = 1.000000, inc_y_i = 1.000000
En el else......

----------------------------------------
x = 5.000000, y = 162.000000
avance = -75.000000, avanceR = 2.000000, avanceI = 2.000000
inc_x_r = 0.000000, inc_y_r = 1.000000, inc_x_i = 1.000000, inc_y_i = 1.000000
En el else......

----------------------------------------
x = 5.000000, y = 163.000000
avance = -73.000000, avanceR = 2.000000, avanceI = 2.000000
inc_x_r = 0.000000, inc_y_r = 1.000000, inc_x_i = 1.000000, inc_y_i = 1.000000
En el else......

----------------------------------------
x = 5.000000, y = 164.000000
avance = -71.000000, avanceR = 2.000000, avanceI = 2.000000
inc_x_r = 0.000000, inc_y_r = 1.000000, inc_x_i = 1.000000, inc_y_i = 1.000000
En el else......

----------------------------------------
x = 5.000000, y = 165.000000
avance = -69.000000, avanceR = 2.000000, avanceI = 2.000000
inc_x_r = 0.000000, inc_y_r = 1.000000, inc_x_i = 1.000000, inc_y_i = 1.000000
En el else......

----------------------------------------
x = 5.000000, y = 166.000000
avance = -67.000000, avanceR = 2.000000, avanceI = 2.000000
inc_x_r = 0.000000, inc_y_r = 1.000000, inc_x_i = 1.000000, inc_y_i = 1.000000
En el else......

----------------------------------------
x = 5.000000, y = 167.000000
avance = -65.000000, avanceR = 2.000000, avanceI = 2.000000
inc_x_r = 0.000000, inc_y_r = 1.000000, inc_x_i = 1.000000, inc_y_i = 1.000000
En el else......

----------------------------------------
x = 5.000000, y = 168.000000
avance = -63.000000, avanceR = 2.000000, avanceI = 2.000000
inc_x_r = 0.000000, inc_y_r = 1.000000, inc_x_i = 1.000000, inc_y_i = 1.000000
En el else......

----------------------------------------
x = 5.000000, y = 169.000000
avance = -61.000000, avanceR = 2.000000, avanceI = 2.000000
inc_x_r = 0.000000, inc_y_r = 1.000000, inc_x_i = 1.000000, inc_y_i = 1.000000
En el else......

----------------------------------------
x = 5.000000, y = 170.000000
avance = -59.000000, avanceR = 2.000000, avanceI = 2.000000
inc_x_r = 0.000000, inc_y_r = 1.000000, inc_x_i = 1.000000, inc_y_i = 1.000000
En el else......

----------------------------------------
x = 5.000000, y = 171.000000
avance = -57.000000, avanceR = 2.000000, avanceI = 2.000000
inc_x_r = 0.000000, inc_y_r = 1.000000, inc_x_i = 1.000000, inc_y_i = 1.000000
En el else......

----------------------------------------
x = 5.000000, y = 172.000000
avance = -55.000000, avanceR = 2.000000, avanceI = 2.000000
inc_x_r = 0.000000, inc_y_r = 1.000000, inc_x_i = 1.000000, inc_y_i = 1.000000
En el else......

----------------------------------------
x = 5.000000, y = 173.000000
avance = -53.000000, avanceR = 2.000000, avanceI = 2.000000
inc_x_r = 0.000000, inc_y_r = 1.000000, inc_x_i = 1.000000, inc_y_i = 1.000000
En el else......

----------------------------------------
x = 5.000000, y = 174.000000
avance = -51.000000, avanceR = 2.000000, avanceI = 2.000000
inc_x_r = 0.000000, inc_y_r = 1.000000, inc_x_i = 1.000000, inc_y_i = 1.000000
En el else......

----------------------------------------
x = 5.000000, y = 175.000000
avance = -49.000000, avanceR = 2.000000, avanceI = 2.000000
inc_x_r = 0.000000, inc_y_r = 1.000000, inc_x_i = 1.000000, inc_y_i = 1.000000
En el else......

----------------------------------------
x = 5.000000, y = 176.000000
avance = -47.000000, avanceR = 2.000000, avanceI = 2.000000
inc_x_r = 0.000000, inc_y_r = 1.000000, inc_x_i = 1.000000, inc_y_i = 1.000000
En el else......

----------------------------------------
x = 5.000000, y = 177.000000
avance = -45.000000, avanceR = 2.000000, avanceI = 2.000000
inc_x_r = 0.000000, inc_y_r = 1.000000, inc_x_i = 1.000000, inc_y_i = 1.000000
En el else......

----------------------------------------
x = 5.000000, y = 178.000000
avance = -43.000000, avanceR = 2.000000, avanceI = 2.000000
inc_x_r = 0.000000, inc_y_r = 1.000000, inc_x_i = 1.000000, inc_y_i = 1.000000
En el else......

----------------------------------------
x = 5.000000, y = 179.000000
avance = -41.000000, avanceR = 2.000000, avanceI = 2.000000
inc_x_r = 0.000000, inc_y_r = 1.000000, inc_x_i = 1.000000, inc_y_i = 1.000000
En el else......

----------------------------------------
x = 5.000000, y = 180.000000
avance = -39.000000, avanceR = 2.000000, avanceI = 2.000000
inc_x_r = 0.000000, inc_y_r = 1.000000, inc_x_i = 1.000000, inc_y_i = 1.000000
En el else......

----------------------------------------
x = 5.000000, y = 181.000000
avance = -37.000000, avanceR = 2.000000, avanceI = 2.000000
inc_x_r = 0.000000, inc_y_r = 1.000000, inc_x_i = 1.000000, inc_y_i = 1.000000
En el else......

----------------------------------------
x = 5.000000, y = 182.000000
avance = -35.000000, avanceR = 2.000000, avanceI = 2.000000
inc_x_r = 0.000000, inc_y_r = 1.000000, inc_x_i = 1.000000, inc_y_i = 1.000000
En el else......

----------------------------------------
x = 5.000000, y = 183.000000
avance = -33.000000, avanceR = 2.000000, avanceI = 2.000000
inc_x_r = 0.000000, inc_y_r = 1.000000, inc_x_i = 1.000000, inc_y_i = 1.000000
En el else......

----------------------------------------
x = 5.000000, y = 184.000000
avance = -31.000000, avanceR = 2.000000, avanceI = 2.000000
inc_x_r = 0.000000, inc_y_r = 1.000000, inc_x_i = 1.000000, inc_y_i = 1.000000
En el else......

----------------------------------------
x = 5.000000, y = 185.000000
avance = -29.000000, avanceR = 2.000000, avanceI = 2.000000
inc_x_r = 0.000000, inc_y_r = 1.000000, inc_x_i = 1.000000, inc_y_i = 1.000000
En el else......

----------------------------------------
x = 5.000000, y = 186.000000
avance = -27.000000, avanceR = 2.000000, avanceI = 2.000000
inc_x_r = 0.000000, inc_y_r = 1.000000, inc_x_i = 1.000000, inc_y_i = 1.000000
En el else......

----------------------------------------
x = 5.000000, y = 187.000000
avance = -25.000000, avanceR = 2.000000, avanceI = 2.000000
inc_x_r = 0.000000, inc_y_r = 1.000000, inc_x_i = 1.000000, inc_y_i = 1.000000
En el else......

----------------------------------------
x = 5.000000, y = 188.000000
avance = -23.000000, avanceR = 2.000000, avanceI = 2.000000
inc_x_r = 0.000000, inc_y_r = 1.000000, inc_x_i = 1.000000, inc_y_i = 1.000000
En el else......

----------------------------------------
x = 5.000000, y = 189.000000
avance = -21.000000, avanceR = 2.000000, avanceI = 2.000000
inc_x_r = 0.000000, inc_y_r = 1.000000, inc_x_i = 1.000000, inc_y_i = 1.000000
En el else......

----------------------------------------
x = 5.000000, y = 190.000000
avance = -19.000000, avanceR = 2.000000, avanceI = 2.000000
inc_x_r = 0.000000, inc_y_r = 1.000000, inc_x_i = 1.000000, inc_y_i = 1.000000
En el else......

----------------------------------------
x = 5.000000, y = 191.000000
avance = -17.000000, avanceR = 2.000000, avanceI = 2.000000
inc_x_r = 0.000000, inc_y_r = 1.000000, inc_x_i = 1.000000, inc_y_i = 1.000000
En el else......

----------------------------------------
x = 5.000000, y = 192.000000
avance = -15.000000, avanceR = 2.000000, avanceI = 2.000000
inc_x_r = 0.000000, inc_y_r = 1.000000, inc_x_i = 1.000000, inc_y_i = 1.000000
En el else......

----------------------------------------
x = 5.000000, y = 193.000000
avance = -13.000000, avanceR = 2.000000, avanceI = 2.000000
inc_x_r = 0.000000, inc_y_r = 1.000000, inc_x_i = 1.000000, inc_y_i = 1.000000
En el else......

----------------------------------------
x = 5.000000, y = 194.000000
avance = -11.000000, avanceR = 2.000000, avanceI = 2.000000
inc_x_r = 0.000000, inc_y_r = 1.000000, inc_x_i = 1.000000, inc_y_i = 1.000000
En el else......

----------------------------------------
x = 5.000000, y = 195.000000
avance = -9.000000, avanceR = 2.000000, avanceI = 2.000000
inc_x_r = 0.000000, inc_y_r = 1.000000, inc_x_i = 1.000000, inc_y_i = 1.000000
En el else......

----------------------------------------
x = 5.000000, y = 196.000000
avance = -7.000000, avanceR = 2.000000, avanceI = 2.000000
inc_x_r = 0.000000, inc_y_r = 1.000000, inc_x_i = 1.000000, inc_y_i = 1.000000
En el else......

----------------------------------------
x = 5.000000, y = 197.000000
avance = -5.000000, avanceR = 2.000000, avanceI = 2.000000
inc_x_r = 0.000000, inc_y_r = 1.000000, inc_x_i = 1.000000, inc_y_i = 1.000000
En el else......

----------------------------------------
x = 5.000000, y = 198.000000
avance = -3.000000, avanceR = 2.000000, avanceI = 2.000000
inc_x_r = 0.000000, inc_y_r = 1.000000, inc_x_i = 1.000000, inc_y_i = 1.000000
En el else......

----------------------------------------
x = 5.000000, y = 199.000000
avance = -1.000000, avanceR = 2.000000, avanceI = 2.000000
inc_x_r = 0.000000, inc_y_r = 1.000000, inc_x_i = 1.000000, inc_y_i = 1.000000
En el else......

----------------------------------------
x = 5.000000, y = 200.000000
avance = 1.000000, avanceR = 2.000000, avanceI = 2.000000
inc_x_r = 0.000000, inc_y_r = 1.000000, inc_x_i = 1.000000, inc_y_i = 1.000000
avance >= 0

----------------------------------------
x = 6.000000, y = 201.000000
avance = -499.000000, avanceR = 2.000000, avanceI = 2.000000
inc_x_r = 0.000000, inc_y_r = 1.000000, inc_x_i = 1.000000, inc_y_i = 1.000000
En el else......

----------------------------------------
x = 6.000000, y = 202.000000
avance = -497.000000, avanceR = 2.000000, avanceI = 2.000000
inc_x_r = 0.000000, inc_y_r = 1.000000, inc_x_i = 1.000000, inc_y_i = 1.000000
En el else......

----------------------------------------
x = 6.000000, y = 203.000000
avance = -495.000000, avanceR = 2.000000, avanceI = 2.000000
inc_x_r = 0.000000, inc_y_r = 1.000000, inc_x_i = 1.000000, inc_y_i = 1.000000
En el else......

----------------------------------------
x = 6.000000, y = 204.000000
avance = -493.000000, avanceR = 2.000000, avanceI = 2.000000
inc_x_r = 0.000000, inc_y_r = 1.000000, inc_x_i = 1.000000, inc_y_i = 1.000000
En el else......

----------------------------------------
x = 6.000000, y = 205.000000
avance = -491.000000, avanceR = 2.000000, avanceI = 2.000000
inc_x_r = 0.000000, inc_y_r = 1.000000, inc_x_i = 1.000000, inc_y_i = 1.000000
En el else......

----------------------------------------
x = 6.000000, y = 206.000000
avance = -489.000000, avanceR = 2.000000, avanceI = 2.000000
inc_x_r = 0.000000, inc_y_r = 1.000000, inc_x_i = 1.000000, inc_y_i = 1.000000
En el else......

----------------------------------------
x = 6.000000, y = 207.000000
avance = -487.000000, avanceR = 2.000000, avanceI = 2.000000
inc_x_r = 0.000000, inc_y_r = 1.000000, inc_x_i = 1.000000, inc_y_i = 1.000000
En el else......

----------------------------------------
x = 6.000000, y = 208.000000
avance = -485.000000, avanceR = 2.000000, avanceI = 2.000000
inc_x_r = 0.000000, inc_y_r = 1.000000, inc_x_i = 1.000000, inc_y_i = 1.000000
En el else......

----------------------------------------
x = 6.000000, y = 209.000000
avance = -483.000000, avanceR = 2.000000, avanceI = 2.000000
inc_x_r = 0.000000, inc_y_r = 1.000000, inc_x_i = 1.000000, inc_y_i = 1.000000
En el else......

----------------------------------------
x = 6.000000, y = 210.000000
avance = -481.000000, avanceR = 2.000000, avanceI = 2.000000
inc_x_r = 0.000000, inc_y_r = 1.000000, inc_x_i = 1.000000, inc_y_i = 1.000000
En el else......

----------------------------------------
x = 6.000000, y = 211.000000
avance = -479.000000, avanceR = 2.000000, avanceI = 2.000000
inc_x_r = 0.000000, inc_y_r = 1.000000, inc_x_i = 1.000000, inc_y_i = 1.000000
En el else......

----------------------------------------
x = 6.000000, y = 212.000000
avance = -477.000000, avanceR = 2.000000, avanceI = 2.000000
inc_x_r = 0.000000, inc_y_r = 1.000000, inc_x_i = 1.000000, inc_y_i = 1.000000
En el else......

----------------------------------------
x = 6.000000, y = 213.000000
avance = -475.000000, avanceR = 2.000000, avanceI = 2.000000
inc_x_r = 0.000000, inc_y_r = 1.000000, inc_x_i = 1.000000, inc_y_i = 1.000000
En el else......

----------------------------------------
x = 6.000000, y = 214.000000
avance = -473.000000, avanceR = 2.000000, avanceI = 2.000000
inc_x_r = 0.000000, inc_y_r = 1.000000, inc_x_i = 1.000000, inc_y_i = 1.000000
En el else......

----------------------------------------
x = 6.000000, y = 215.000000
avance = -471.000000, avanceR = 2.000000, avanceI = 2.000000
inc_x_r = 0.000000, inc_y_r = 1.000000, inc_x_i = 1.000000, inc_y_i = 1.000000
En el else......

----------------------------------------
x = 6.000000, y = 216.000000
avance = -469.000000, avanceR = 2.000000, avanceI = 2.000000
inc_x_r = 0.000000, inc_y_r = 1.000000, inc_x_i = 1.000000, inc_y_i = 1.000000
En el else......

----------------------------------------
x = 6.000000, y = 217.000000
avance = -467.000000, avanceR = 2.000000, avanceI = 2.000000
inc_x_r = 0.000000, inc_y_r = 1.000000, inc_x_i = 1.000000, inc_y_i = 1.000000
En el else......

----------------------------------------
x = 6.000000, y = 218.000000
avance = -465.000000, avanceR = 2.000000, avanceI = 2.000000
inc_x_r = 0.000000, inc_y_r = 1.000000, inc_x_i = 1.000000, inc_y_i = 1.000000
En el else......

----------------------------------------
x = 6.000000, y = 219.000000
avance = -463.000000, avanceR = 2.000000, avanceI = 2.000000
inc_x_r = 0.000000, inc_y_r = 1.000000, inc_x_i = 1.000000, inc_y_i = 1.000000
En el else......

----------------------------------------
x = 6.000000, y = 220.000000
avance = -461.000000, avanceR = 2.000000, avanceI = 2.000000
inc_x_r = 0.000000, inc_y_r = 1.000000, inc_x_i = 1.000000, inc_y_i = 1.000000
En el else......

----------------------------------------
x = 6.000000, y = 221.000000
avance = -459.000000, avanceR = 2.000000, avanceI = 2.000000
inc_x_r = 0.000000, inc_y_r = 1.000000, inc_x_i = 1.000000, inc_y_i = 1.000000
En el else......

----------------------------------------
x = 6.000000, y = 222.000000
avance = -457.000000, avanceR = 2.000000, avanceI = 2.000000
inc_x_r = 0.000000, inc_y_r = 1.000000, inc_x_i = 1.000000, inc_y_i = 1.000000
En el else......

----------------------------------------
x = 6.000000, y = 223.000000
avance = -455.000000, avanceR = 2.000000, avanceI = 2.000000
inc_x_r = 0.000000, inc_y_r = 1.000000, inc_x_i = 1.000000, inc_y_i = 1.000000
En el else......

----------------------------------------
x = 6.000000, y = 224.000000
avance = -453.000000, avanceR = 2.000000, avanceI = 2.000000
inc_x_r = 0.000000, inc_y_r = 1.000000, inc_x_i = 1.000000, inc_y_i = 1.000000
En el else......

----------------------------------------
x = 6.000000, y = 225.000000
avance = -451.000000, avanceR = 2.000000, avanceI = 2.000000
inc_x_r = 0.000000, inc_y_r = 1.000000, inc_x_i = 1.000000, inc_y_i = 1.000000
En el else......

----------------------------------------
x = 6.000000, y = 226.000000
avance = -449.000000, avanceR = 2.000000, avanceI = 2.000000
inc_x_r = 0.000000, inc_y_r = 1.000000, inc_x_i = 1.000000, inc_y_i = 1.000000
En el else......

----------------------------------------
x = 6.000000, y = 227.000000
avance = -447.000000, avanceR = 2.000000, avanceI = 2.000000
inc_x_r = 0.000000, inc_y_r = 1.000000, inc_x_i = 1.000000, inc_y_i = 1.000000
En el else......

----------------------------------------
x = 6.000000, y = 228.000000
avance = -445.000000, avanceR = 2.000000, avanceI = 2.000000
inc_x_r = 0.000000, inc_y_r = 1.000000, inc_x_i = 1.000000, inc_y_i = 1.000000
En el else......

----------------------------------------
x = 6.000000, y = 229.000000
avance = -443.000000, avanceR = 2.000000, avanceI = 2.000000
inc_x_r = 0.000000, inc_y_r = 1.000000, inc_x_i = 1.000000, inc_y_i = 1.000000
En el else......

----------------------------------------
x = 6.000000, y = 230.000000
avance = -441.000000, avanceR = 2.000000, avanceI = 2.000000
inc_x_r = 0.000000, inc_y_r = 1.000000, inc_x_i = 1.000000, inc_y_i = 1.000000
En el else......

----------------------------------------
x = 6.000000, y = 231.000000
avance = -439.000000, avanceR = 2.000000, avanceI = 2.000000
inc_x_r = 0.000000, inc_y_r = 1.000000, inc_x_i = 1.000000, inc_y_i = 1.000000
En el else......

----------------------------------------
x = 6.000000, y = 232.000000
avance = -437.000000, avanceR = 2.000000, avanceI = 2.000000
inc_x_r = 0.000000, inc_y_r = 1.000000, inc_x_i = 1.000000, inc_y_i = 1.000000
En el else......

----------------------------------------
x = 6.000000, y = 233.000000
avance = -435.000000, avanceR = 2.000000, avanceI = 2.000000
inc_x_r = 0.000000, inc_y_r = 1.000000, inc_x_i = 1.000000, inc_y_i = 1.000000
En el else......

----------------------------------------
x = 6.000000, y = 234.000000
avance = -433.000000, avanceR = 2.000000, avanceI = 2.000000
inc_x_r = 0.000000, inc_y_r = 1.000000, inc_x_i = 1.000000, inc_y_i = 1.000000
En el else......

----------------------------------------
x = 6.000000, y = 235.000000
avance = -431.000000, avanceR = 2.000000, avanceI = 2.000000
inc_x_r = 0.000000, inc_y_r = 1.000000, inc_x_i = 1.000000, inc_y_i = 1.000000
En el else......

----------------------------------------
x = 6.000000, y = 236.000000
avance = -429.000000, avanceR = 2.000000, avanceI = 2.000000
inc_x_r = 0.000000, inc_y_r = 1.000000, inc_x_i = 1.000000, inc_y_i = 1.000000
En el else......

----------------------------------------
x = 6.000000, y = 237.000000
avance = -427.000000, avanceR = 2.000000, avanceI = 2.000000
inc_x_r = 0.000000, inc_y_r = 1.000000, inc_x_i = 1.000000, inc_y_i = 1.000000
En el else......

----------------------------------------
x = 6.000000, y = 238.000000
avance = -425.000000, avanceR = 2.000000, avanceI = 2.000000
inc_x_r = 0.000000, inc_y_r = 1.000000, inc_x_i = 1.000000, inc_y_i = 1.000000
En el else......

----------------------------------------
x = 6.000000, y = 239.000000
avance = -423.000000, avanceR = 2.000000, avanceI = 2.000000
inc_x_r = 0.000000, inc_y_r = 1.000000, inc_x_i = 1.000000, inc_y_i = 1.000000
En el else......

----------------------------------------
x = 6.000000, y = 240.000000
avance = -421.000000, avanceR = 2.000000, avanceI = 2.000000
inc_x_r = 0.000000, inc_y_r = 1.000000, inc_x_i = 1.000000, inc_y_i = 1.000000
En el else......

----------------------------------------
x = 6.000000, y = 241.000000
avance = -419.000000, avanceR = 2.000000, avanceI = 2.000000
inc_x_r = 0.000000, inc_y_r = 1.000000, inc_x_i = 1.000000, inc_y_i = 1.000000
En el else......

----------------------------------------
x = 6.000000, y = 242.000000
avance = -417.000000, avanceR = 2.000000, avanceI = 2.000000
inc_x_r = 0.000000, inc_y_r = 1.000000, inc_x_i = 1.000000, inc_y_i = 1.000000
En el else......

----------------------------------------
x = 6.000000, y = 243.000000
avance = -415.000000, avanceR = 2.000000, avanceI = 2.000000
inc_x_r = 0.000000, inc_y_r = 1.000000, inc_x_i = 1.000000, inc_y_i = 1.000000
En el else......

----------------------------------------
x = 6.000000, y = 244.000000
avance = -413.000000, avanceR = 2.000000, avanceI = 2.000000
inc_x_r = 0.000000, inc_y_r = 1.000000, inc_x_i = 1.000000, inc_y_i = 1.000000
En el else......

----------------------------------------
x = 6.000000, y = 245.000000
avance = -411.000000, avanceR = 2.000000, avanceI = 2.000000
inc_x_r = 0.000000, inc_y_r = 1.000000, inc_x_i = 1.000000, inc_y_i = 1.000000
En el else......

----------------------------------------
x = 6.000000, y = 246.000000
avance = -409.000000, avanceR = 2.000000, avanceI = 2.000000
inc_x_r = 0.000000, inc_y_r = 1.000000, inc_x_i = 1.000000, inc_y_i = 1.000000
En el else......

----------------------------------------
x = 6.000000, y = 247.000000
avance = -407.000000, avanceR = 2.000000, avanceI = 2.000000
inc_x_r = 0.000000, inc_y_r = 1.000000, inc_x_i = 1.000000, inc_y_i = 1.000000
En el else......

----------------------------------------
x = 6.000000, y = 248.000000
avance = -405.000000, avanceR = 2.000000, avanceI = 2.000000
inc_x_r = 0.000000, inc_y_r = 1.000000, inc_x_i = 1.000000, inc_y_i = 1.000000
En el else......

----------------------------------------
x = 6.000000, y = 249.000000
avance = -403.000000, avanceR = 2.000000, avanceI = 2.000000
inc_x_r = 0.000000, inc_y_r = 1.000000, inc_x_i = 1.000000, inc_y_i = 1.000000
En el else......

----------------------------------------
x = 6.000000, y = 250.000000
avance = -401.000000, avanceR = 2.000000, avanceI = 2.000000
inc_x_r = 0.000000, inc_y_r = 1.000000, inc_x_i = 1.000000, inc_y_i = 1.000000
En el else......

----------------------------------------
x = 6.000000, y = 251.000000
avance = -399.000000, avanceR = 2.000000, avanceI = 2.000000
inc_x_r = 0.000000, inc_y_r = 1.000000, inc_x_i = 1.000000, inc_y_i = 1.000000
En el else......

----------------------------------------
x = 6.000000, y = 252.000000
avance = -397.000000, avanceR = 2.000000, avanceI = 2.000000
inc_x_r = 0.000000, inc_y_r = 1.000000, inc_x_i = 1.000000, inc_y_i = 1.000000
En el else......

----------------------------------------
x = 6.000000, y = 253.000000
avance = -395.000000, avanceR = 2.000000, avanceI = 2.000000
inc_x_r = 0.000000, inc_y_r = 1.000000, inc_x_i = 1.000000, inc_y_i = 1.000000
En el else......

----------------------------------------
x = 6.000000, y = 254.000000
avance = -393.000000, avanceR = 2.000000, avanceI = 2.000000
inc_x_r = 0.000000, inc_y_r = 1.000000, inc_x_i = 1.000000, inc_y_i = 1.000000
En el else......

----------------------------------------
x = 6.000000, y = 255.000000
avance = -391.000000, avanceR = 2.000000, avanceI = 2.000000
inc_x_r = 0.000000, inc_y_r = 1.000000, inc_x_i = 1.000000, inc_y_i = 1.000000
En el else......

----------------------------------------
x = 6.000000, y = 256.000000
avance = -389.000000, avanceR = 2.000000, avanceI = 2.000000
inc_x_r = 0.000000, inc_y_r = 1.000000, inc_x_i = 1.000000, inc_y_i = 1.000000
En el else......

----------------------------------------
x = 6.000000, y = 257.000000
avance = -387.000000, avanceR = 2.000000, avanceI = 2.000000
inc_x_r = 0.000000, inc_y_r = 1.000000, inc_x_i = 1.000000, inc_y_i = 1.000000
En el else......

----------------------------------------
x = 6.000000, y = 258.000000
avance = -385.000000, avanceR = 2.000000, avanceI = 2.000000
inc_x_r = 0.000000, inc_y_r = 1.000000, inc_x_i = 1.000000, inc_y_i = 1.000000
En el else......

----------------------------------------
x = 6.000000, y = 259.000000
avance = -383.000000, avanceR = 2.000000, avanceI = 2.000000
inc_x_r = 0.000000, inc_y_r = 1.000000, inc_x_i = 1.000000, inc_y_i = 1.000000
En el else......

----------------------------------------
x = 6.000000, y = 260.000000
avance = -381.000000, avanceR = 2.000000, avanceI = 2.000000
inc_x_r = 0.000000, inc_y_r = 1.000000, inc_x_i = 1.000000, inc_y_i = 1.000000
En el else......

----------------------------------------
x = 6.000000, y = 261.000000
avance = -379.000000, avanceR = 2.000000, avanceI = 2.000000
inc_x_r = 0.000000, inc_y_r = 1.000000, inc_x_i = 1.000000, inc_y_i = 1.000000
En el else......

----------------------------------------
x = 6.000000, y = 262.000000
avance = -377.000000, avanceR = 2.000000, avanceI = 2.000000
inc_x_r = 0.000000, inc_y_r = 1.000000, inc_x_i = 1.000000, inc_y_i = 1.000000
En el else......

----------------------------------------
x = 6.000000, y = 263.000000
avance = -375.000000, avanceR = 2.000000, avanceI = 2.000000
inc_x_r = 0.000000, inc_y_r = 1.000000, inc_x_i = 1.000000, inc_y_i = 1.000000
En el else......

----------------------------------------
x = 6.000000, y = 264.000000
avance = -373.000000, avanceR = 2.000000, avanceI = 2.000000
inc_x_r = 0.000000, inc_y_r = 1.000000, inc_x_i = 1.000000, inc_y_i = 1.000000
En el else......

----------------------------------------
x = 6.000000, y = 265.000000
avance = -371.000000, avanceR = 2.000000, avanceI = 2.000000
inc_x_r = 0.000000, inc_y_r = 1.000000, inc_x_i = 1.000000, inc_y_i = 1.000000
En el else......

----------------------------------------
x = 6.000000, y = 266.000000
avance = -369.000000, avanceR = 2.000000, avanceI = 2.000000
inc_x_r = 0.000000, inc_y_r = 1.000000, inc_x_i = 1.000000, inc_y_i = 1.000000
En el else......

----------------------------------------
x = 6.000000, y = 267.000000
avance = -367.000000, avanceR = 2.000000, avanceI = 2.000000
inc_x_r = 0.000000, inc_y_r = 1.000000, inc_x_i = 1.000000, inc_y_i = 1.000000
En el else......

----------------------------------------
x = 6.000000, y = 268.000000
avance = -365.000000, avanceR = 2.000000, avanceI = 2.000000
inc_x_r = 0.000000, inc_y_r = 1.000000, inc_x_i = 1.000000, inc_y_i = 1.000000
En el else......

----------------------------------------
x = 6.000000, y = 269.000000
avance = -363.000000, avanceR = 2.000000, avanceI = 2.000000
inc_x_r = 0.000000, inc_y_r = 1.000000, inc_x_i = 1.000000, inc_y_i = 1.000000
En el else......

----------------------------------------
x = 6.000000, y = 270.000000
avance = -361.000000, avanceR = 2.000000, avanceI = 2.000000
inc_x_r = 0.000000, inc_y_r = 1.000000, inc_x_i = 1.000000, inc_y_i = 1.000000
En el else......

----------------------------------------
x = 6.000000, y = 271.000000
avance = -359.000000, avanceR = 2.000000, avanceI = 2.000000
inc_x_r = 0.000000, inc_y_r = 1.000000, inc_x_i = 1.000000, inc_y_i = 1.000000
En el else......

----------------------------------------
x = 6.000000, y = 272.000000
avance = -357.000000, avanceR = 2.000000, avanceI = 2.000000
inc_x_r = 0.000000, inc_y_r = 1.000000, inc_x_i = 1.000000, inc_y_i = 1.000000
En el else......

----------------------------------------
x = 6.000000, y = 273.000000
avance = -355.000000, avanceR = 2.000000, avanceI = 2.000000
inc_x_r = 0.000000, inc_y_r = 1.000000, inc_x_i = 1.000000, inc_y_i = 1.000000
En el else......

----------------------------------------
x = 6.000000, y = 274.000000
avance = -353.000000, avanceR = 2.000000, avanceI = 2.000000
inc_x_r = 0.000000, inc_y_r = 1.000000, inc_x_i = 1.000000, inc_y_i = 1.000000
En el else......

----------------------------------------
x = 6.000000, y = 275.000000
avance = -351.000000, avanceR = 2.000000, avanceI = 2.000000
inc_x_r = 0.000000, inc_y_r = 1.000000, inc_x_i = 1.000000, inc_y_i = 1.000000
En el else......

----------------------------------------
x = 6.000000, y = 276.000000
avance = -349.000000, avanceR = 2.000000, avanceI = 2.000000
inc_x_r = 0.000000, inc_y_r = 1.000000, inc_x_i = 1.000000, inc_y_i = 1.000000
En el else......

----------------------------------------
x = 6.000000, y = 277.000000
avance = -347.000000, avanceR = 2.000000, avanceI = 2.000000
inc_x_r = 0.000000, inc_y_r = 1.000000, inc_x_i = 1.000000, inc_y_i = 1.000000
En el else......

----------------------------------------
x = 6.000000, y = 278.000000
avance = -345.000000, avanceR = 2.000000, avanceI = 2.000000
inc_x_r = 0.000000, inc_y_r = 1.000000, inc_x_i = 1.000000, inc_y_i = 1.000000
En el else......

----------------------------------------
x = 6.000000, y = 279.000000
avance = -343.000000, avanceR = 2.000000, avanceI = 2.000000
inc_x_r = 0.000000, inc_y_r = 1.000000, inc_x_i = 1.000000, inc_y_i = 1.000000
En el else......

----------------------------------------
x = 6.000000, y = 280.000000
avance = -341.000000, avanceR = 2.000000, avanceI = 2.000000
inc_x_r = 0.000000, inc_y_r = 1.000000, inc_x_i = 1.000000, inc_y_i = 1.000000
En el else......

----------------------------------------
x = 6.000000, y = 281.000000
avance = -339.000000, avanceR = 2.000000, avanceI = 2.000000
inc_x_r = 0.000000, inc_y_r = 1.000000, inc_x_i = 1.000000, inc_y_i = 1.000000
En el else......

----------------------------------------
x = 6.000000, y = 282.000000
avance = -337.000000, avanceR = 2.000000, avanceI = 2.000000
inc_x_r = 0.000000, inc_y_r = 1.000000, inc_x_i = 1.000000, inc_y_i = 1.000000
En el else......

----------------------------------------
x = 6.000000, y = 283.000000
avance = -335.000000, avanceR = 2.000000, avanceI = 2.000000
inc_x_r = 0.000000, inc_y_r = 1.000000, inc_x_i = 1.000000, inc_y_i = 1.000000
En el else......

----------------------------------------
x = 6.000000, y = 284.000000
avance = -333.000000, avanceR = 2.000000, avanceI = 2.000000
inc_x_r = 0.000000, inc_y_r = 1.000000, inc_x_i = 1.000000, inc_y_i = 1.000000
En el else......

----------------------------------------
x = 6.000000, y = 285.000000
avance = -331.000000, avanceR = 2.000000, avanceI = 2.000000
inc_x_r = 0.000000, inc_y_r = 1.000000, inc_x_i = 1.000000, inc_y_i = 1.000000
En el else......

----------------------------------------
x = 6.000000, y = 286.000000
avance = -329.000000, avanceR = 2.000000, avanceI = 2.000000
inc_x_r = 0.000000, inc_y_r = 1.000000, inc_x_i = 1.000000, inc_y_i = 1.000000
En el else......

----------------------------------------
x = 6.000000, y = 287.000000
avance = -327.000000, avanceR = 2.000000, avanceI = 2.000000
inc_x_r = 0.000000, inc_y_r = 1.000000, inc_x_i = 1.000000, inc_y_i = 1.000000
En el else......

----------------------------------------
x = 6.000000, y = 288.000000
avance = -325.000000, avanceR = 2.000000, avanceI = 2.000000
inc_x_r = 0.000000, inc_y_r = 1.000000, inc_x_i = 1.000000, inc_y_i = 1.000000
En el else......

----------------------------------------
x = 6.000000, y = 289.000000
avance = -323.000000, avanceR = 2.000000, avanceI = 2.000000
inc_x_r = 0.000000, inc_y_r = 1.000000, inc_x_i = 1.000000, inc_y_i = 1.000000
En el else......

----------------------------------------
x = 6.000000, y = 290.000000
avance = -321.000000, avanceR = 2.000000, avanceI = 2.000000
inc_x_r = 0.000000, inc_y_r = 1.000000, inc_x_i = 1.000000, inc_y_i = 1.000000
En el else......

----------------------------------------
x = 6.000000, y = 291.000000
avance = -319.000000, avanceR = 2.000000, avanceI = 2.000000
inc_x_r = 0.000000, inc_y_r = 1.000000, inc_x_i = 1.000000, inc_y_i = 1.000000
En el else......

----------------------------------------
x = 6.000000, y = 292.000000
avance = -317.000000, avanceR = 2.000000, avanceI = 2.000000
inc_x_r = 0.000000, inc_y_r = 1.000000, inc_x_i = 1.000000, inc_y_i = 1.000000
En el else......

----------------------------------------
x = 6.000000, y = 293.000000
avance = -315.000000, avanceR = 2.000000, avanceI = 2.000000
inc_x_r = 0.000000, inc_y_r = 1.000000, inc_x_i = 1.000000, inc_y_i = 1.000000
En el else......

----------------------------------------
x = 6.000000, y = 294.000000
avance = -313.000000, avanceR = 2.000000, avanceI = 2.000000
inc_x_r = 0.000000, inc_y_r = 1.000000, inc_x_i = 1.000000, inc_y_i = 1.000000
En el else......

----------------------------------------
x = 6.000000, y = 295.000000
avance = -311.000000, avanceR = 2.000000, avanceI = 2.000000
inc_x_r = 0.000000, inc_y_r = 1.000000, inc_x_i = 1.000000, inc_y_i = 1.000000
En el else......

----------------------------------------
x = 6.000000, y = 296.000000
avance = -309.000000, avanceR = 2.000000, avanceI = 2.000000
inc_x_r = 0.000000, inc_y_r = 1.000000, inc_x_i = 1.000000, inc_y_i = 1.000000
En el else......

----------------------------------------
x = 6.000000, y = 297.000000
avance = -307.000000, avanceR = 2.000000, avanceI = 2.000000
inc_x_r = 0.000000, inc_y_r = 1.000000, inc_x_i = 1.000000, inc_y_i = 1.000000
En el else......

----------------------------------------
x = 6.000000, y = 298.000000
avance = -305.000000, avanceR = 2.000000, avanceI = 2.000000
inc_x_r = 0.000000, inc_y_r = 1.000000, inc_x_i = 1.000000, inc_y_i = 1.000000
En el else......

----------------------------------------
x = 6.000000, y = 299.000000
avance = -303.000000, avanceR = 2.000000, avanceI = 2.000000
inc_x_r = 0.000000, inc_y_r = 1.000000, inc_x_i = 1.000000, inc_y_i = 1.000000
En el else......

----------------------------------------
x = 6.000000, y = 300.000000
avance = -301.000000, avanceR = 2.000000, avanceI = 2.000000
inc_x_r = 0.000000, inc_y_r = 1.000000, inc_x_i = 1.000000, inc_y_i = 1.000000
En el else......

----------------------------------------
x = 6.000000, y = 301.000000
avance = -299.000000, avanceR = 2.000000, avanceI = 2.000000
inc_x_r = 0.000000, inc_y_r = 1.000000, inc_x_i = 1.000000, inc_y_i = 1.000000
En el else......

----------------------------------------
x = 6.000000, y = 302.000000
avance = -297.000000, avanceR = 2.000000, avanceI = 2.000000
inc_x_r = 0.000000, inc_y_r = 1.000000, inc_x_i = 1.000000, inc_y_i = 1.000000
En el else......

----------------------------------------
x = 6.000000, y = 303.000000
avance = -295.000000, avanceR = 2.000000, avanceI = 2.000000
inc_x_r = 0.000000, inc_y_r = 1.000000, inc_x_i = 1.000000, inc_y_i = 1.000000
En el else......

----------------------------------------
x = 6.000000, y = 304.000000
avance = -293.000000, avanceR = 2.000000, avanceI = 2.000000
inc_x_r = 0.000000, inc_y_r = 1.000000, inc_x_i = 1.000000, inc_y_i = 1.000000
En el else......

----------------------------------------
x = 6.000000, y = 305.000000
avance = -291.000000, avanceR = 2.000000, avanceI = 2.000000
inc_x_r = 0.000000, inc_y_r = 1.000000, inc_x_i = 1.000000, inc_y_i = 1.000000
En el else......

----------------------------------------
x = 6.000000, y = 306.000000
avance = -289.000000, avanceR = 2.000000, avanceI = 2.000000
inc_x_r = 0.000000, inc_y_r = 1.000000, inc_x_i = 1.000000, inc_y_i = 1.000000
En el else......

----------------------------------------
x = 6.000000, y = 307.000000
avance = -287.000000, avanceR = 2.000000, avanceI = 2.000000
inc_x_r = 0.000000, inc_y_r = 1.000000, inc_x_i = 1.000000, inc_y_i = 1.000000
En el else......

----------------------------------------
x = 6.000000, y = 308.000000
avance = -285.000000, avanceR = 2.000000, avanceI = 2.000000
inc_x_r = 0.000000, inc_y_r = 1.000000, inc_x_i = 1.000000, inc_y_i = 1.000000
En el else......

----------------------------------------
x = 6.000000, y = 309.000000
avance = -283.000000, avanceR = 2.000000, avanceI = 2.000000
inc_x_r = 0.000000, inc_y_r = 1.000000, inc_x_i = 1.000000, inc_y_i = 1.000000
En el else......

----------------------------------------
x = 6.000000, y = 310.000000
avance = -281.000000, avanceR = 2.000000, avanceI = 2.000000
inc_x_r = 0.000000, inc_y_r = 1.000000, inc_x_i = 1.000000, inc_y_i = 1.000000
En el else......

----------------------------------------
x = 6.000000, y = 311.000000
avance = -279.000000, avanceR = 2.000000, avanceI = 2.000000
inc_x_r = 0.000000, inc_y_r = 1.000000, inc_x_i = 1.000000, inc_y_i = 1.000000
En el else......

----------------------------------------
x = 6.000000, y = 312.000000
avance = -277.000000, avanceR = 2.000000, avanceI = 2.000000
inc_x_r = 0.000000, inc_y_r = 1.000000, inc_x_i = 1.000000, inc_y_i = 1.000000
En el else......

----------------------------------------
x = 6.000000, y = 313.000000
avance = -275.000000, avanceR = 2.000000, avanceI = 2.000000
inc_x_r = 0.000000, inc_y_r = 1.000000, inc_x_i = 1.000000, inc_y_i = 1.000000
En el else......

----------------------------------------
x = 6.000000, y = 314.000000
avance = -273.000000, avanceR = 2.000000, avanceI = 2.000000
inc_x_r = 0.000000, inc_y_r = 1.000000, inc_x_i = 1.000000, inc_y_i = 1.000000
En el else......

----------------------------------------
x = 6.000000, y = 315.000000
avance = -271.000000, avanceR = 2.000000, avanceI = 2.000000
inc_x_r = 0.000000, inc_y_r = 1.000000, inc_x_i = 1.000000, inc_y_i = 1.000000
En el else......

----------------------------------------
x = 6.000000, y = 316.000000
avance = -269.000000, avanceR = 2.000000, avanceI = 2.000000
inc_x_r = 0.000000, inc_y_r = 1.000000, inc_x_i = 1.000000, inc_y_i = 1.000000
En el else......

----------------------------------------
x = 6.000000, y = 317.000000
avance = -267.000000, avanceR = 2.000000, avanceI = 2.000000
inc_x_r = 0.000000, inc_y_r = 1.000000, inc_x_i = 1.000000, inc_y_i = 1.000000
En el else......

----------------------------------------
x = 6.000000, y = 318.000000
avance = -265.000000, avanceR = 2.000000, avanceI = 2.000000
inc_x_r = 0.000000, inc_y_r = 1.000000, inc_x_i = 1.000000, inc_y_i = 1.000000
En el else......

----------------------------------------
x = 6.000000, y = 319.000000
avance = -263.000000, avanceR = 2.000000, avanceI = 2.000000
inc_x_r = 0.000000, inc_y_r = 1.000000, inc_x_i = 1.000000, inc_y_i = 1.000000
En el else......

----------------------------------------
x = 6.000000, y = 320.000000
avance = -261.000000, avanceR = 2.000000, avanceI = 2.000000
inc_x_r = 0.000000, inc_y_r = 1.000000, inc_x_i = 1.000000, inc_y_i = 1.000000
En el else......

----------------------------------------
x = 6.000000, y = 321.000000
avance = -259.000000, avanceR = 2.000000, avanceI = 2.000000
inc_x_r = 0.000000, inc_y_r = 1.000000, inc_x_i = 1.000000, inc_y_i = 1.000000
En el else......

----------------------------------------
x = 6.000000, y = 322.000000
avance = -257.000000, avanceR = 2.000000, avanceI = 2.000000
inc_x_r = 0.000000, inc_y_r = 1.000000, inc_x_i = 1.000000, inc_y_i = 1.000000
En el else......

----------------------------------------
x = 6.000000, y = 323.000000
avance = -255.000000, avanceR = 2.000000, avanceI = 2.000000
inc_x_r = 0.000000, inc_y_r = 1.000000, inc_x_i = 1.000000, inc_y_i = 1.000000
En el else......

----------------------------------------
x = 6.000000, y = 324.000000
avance = -253.000000, avanceR = 2.000000, avanceI = 2.000000
inc_x_r = 0.000000, inc_y_r = 1.000000, inc_x_i = 1.000000, inc_y_i = 1.000000
En el else......

----------------------------------------
x = 6.000000, y = 325.000000
avance = -251.000000, avanceR = 2.000000, avanceI = 2.000000
inc_x_r = 0.000000, inc_y_r = 1.000000, inc_x_i = 1.000000, inc_y_i = 1.000000
En el else......

----------------------------------------


ENTRAMOS A BRESENHAMªªªª
x1 = 5.000000 - y1 = 75.000000 || x2 = 6.000000 - y2 = 326.000000
dy = 251.000000, dx = 1.000000
avances inclinados: inc_x_i = 1.000000, inc_y_i = 1.000000
updated: dy = 251.000000, dx = 1.000000
avances rectos: inc_x_r = 0.000000, inc_y_r 1.000000
reupdated: dy = 1.000000, dx = 251.000000
avanceR = 2.000000, avance -249.000000, avanceI 2.000000
----------------------------------------
x = 5.000000, y = 75.000000
avance = -249.000000, avanceR = 2.000000, avanceI = 2.000000
inc_x_r = 0.000000, inc_y_r = 1.000000, inc_x_i = 1.000000, inc_y_i = 1.000000
En el else......

----------------------------------------
x = 5.000000, y = 76.000000
avance = -247.000000, avanceR = 2.000000, avanceI = 2.000000
inc_x_r = 0.000000, inc_y_r = 1.000000, inc_x_i = 1.000000, inc_y_i = 1.000000
En el else......

----------------------------------------
x = 5.000000, y = 77.000000
avance = -245.000000, avanceR = 2.000000, avanceI = 2.000000
inc_x_r = 0.000000, inc_y_r = 1.000000, inc_x_i = 1.000000, inc_y_i = 1.000000
En el else......

----------------------------------------
x = 5.000000, y = 78.000000
avance = -243.000000, avanceR = 2.000000, avanceI = 2.000000
inc_x_r = 0.000000, inc_y_r = 1.000000, inc_x_i = 1.000000, inc_y_i = 1.000000
En el else......

----------------------------------------
x = 5.000000, y = 79.000000
avance = -241.000000, avanceR = 2.000000, avanceI = 2.000000
inc_x_r = 0.000000, inc_y_r = 1.000000, inc_x_i = 1.000000, inc_y_i = 1.000000
En el else......

----------------------------------------
x = 5.000000, y = 80.000000
avance = -239.000000, avanceR = 2.000000, avanceI = 2.000000
inc_x_r = 0.000000, inc_y_r = 1.000000, inc_x_i = 1.000000, inc_y_i = 1.000000
En el else......

----------------------------------------
x = 5.000000, y = 81.000000
avance = -237.000000, avanceR = 2.000000, avanceI = 2.000000
inc_x_r = 0.000000, inc_y_r = 1.000000, inc_x_i = 1.000000, inc_y_i = 1.000000
En el else......

----------------------------------------
x = 5.000000, y = 82.000000
avance = -235.000000, avanceR = 2.000000, avanceI = 2.000000
inc_x_r = 0.000000, inc_y_r = 1.000000, inc_x_i = 1.000000, inc_y_i = 1.000000
En el else......

----------------------------------------
x = 5.000000, y = 83.000000
avance = -233.000000, avanceR = 2.000000, avanceI = 2.000000
inc_x_r = 0.000000, inc_y_r = 1.000000, inc_x_i = 1.000000, inc_y_i = 1.000000
En el else......

----------------------------------------
x = 5.000000, y = 84.000000
avance = -231.000000, avanceR = 2.000000, avanceI = 2.000000
inc_x_r = 0.000000, inc_y_r = 1.000000, inc_x_i = 1.000000, inc_y_i = 1.000000
En el else......

----------------------------------------
x = 5.000000, y = 85.000000
avance = -229.000000, avanceR = 2.000000, avanceI = 2.000000
inc_x_r = 0.000000, inc_y_r = 1.000000, inc_x_i = 1.000000, inc_y_i = 1.000000
En el else......

----------------------------------------
x = 5.000000, y = 86.000000
avance = -227.000000, avanceR = 2.000000, avanceI = 2.000000
inc_x_r = 0.000000, inc_y_r = 1.000000, inc_x_i = 1.000000, inc_y_i = 1.000000
En el else......

----------------------------------------
x = 5.000000, y = 87.000000
avance = -225.000000, avanceR = 2.000000, avanceI = 2.000000
inc_x_r = 0.000000, inc_y_r = 1.000000, inc_x_i = 1.000000, inc_y_i = 1.000000
En el else......

----------------------------------------
x = 5.000000, y = 88.000000
avance = -223.000000, avanceR = 2.000000, avanceI = 2.000000
inc_x_r = 0.000000, inc_y_r = 1.000000, inc_x_i = 1.000000, inc_y_i = 1.000000
En el else......

----------------------------------------
x = 5.000000, y = 89.000000
avance = -221.000000, avanceR = 2.000000, avanceI = 2.000000
inc_x_r = 0.000000, inc_y_r = 1.000000, inc_x_i = 1.000000, inc_y_i = 1.000000
En el else......

----------------------------------------
x = 5.000000, y = 90.000000
avance = -219.000000, avanceR = 2.000000, avanceI = 2.000000
inc_x_r = 0.000000, inc_y_r = 1.000000, inc_x_i = 1.000000, inc_y_i = 1.000000
En el else......

----------------------------------------
x = 5.000000, y = 91.000000
avance = -217.000000, avanceR = 2.000000, avanceI = 2.000000
inc_x_r = 0.000000, inc_y_r = 1.000000, inc_x_i = 1.000000, inc_y_i = 1.000000
En el else......

----------------------------------------
x = 5.000000, y = 92.000000
avance = -215.000000, avanceR = 2.000000, avanceI = 2.000000
inc_x_r = 0.000000, inc_y_r = 1.000000, inc_x_i = 1.000000, inc_y_i = 1.000000
En el else......

----------------------------------------
x = 5.000000, y = 93.000000
avance = -213.000000, avanceR = 2.000000, avanceI = 2.000000
inc_x_r = 0.000000, inc_y_r = 1.000000, inc_x_i = 1.000000, inc_y_i = 1.000000
En el else......

----------------------------------------
x = 5.000000, y = 94.000000
avance = -211.000000, avanceR = 2.000000, avanceI = 2.000000
inc_x_r = 0.000000, inc_y_r = 1.000000, inc_x_i = 1.000000, inc_y_i = 1.000000
En el else......

----------------------------------------
x = 5.000000, y = 95.000000
avance = -209.000000, avanceR = 2.000000, avanceI = 2.000000
inc_x_r = 0.000000, inc_y_r = 1.000000, inc_x_i = 1.000000, inc_y_i = 1.000000
En el else......

----------------------------------------
x = 5.000000, y = 96.000000
avance = -207.000000, avanceR = 2.000000, avanceI = 2.000000
inc_x_r = 0.000000, inc_y_r = 1.000000, inc_x_i = 1.000000, inc_y_i = 1.000000
En el else......

----------------------------------------
x = 5.000000, y = 97.000000
avance = -205.000000, avanceR = 2.000000, avanceI = 2.000000
inc_x_r = 0.000000, inc_y_r = 1.000000, inc_x_i = 1.000000, inc_y_i = 1.000000
En el else......

----------------------------------------
x = 5.000000, y = 98.000000
avance = -203.000000, avanceR = 2.000000, avanceI = 2.000000
inc_x_r = 0.000000, inc_y_r = 1.000000, inc_x_i = 1.000000, inc_y_i = 1.000000
En el else......

----------------------------------------
x = 5.000000, y = 99.000000
avance = -201.000000, avanceR = 2.000000, avanceI = 2.000000
inc_x_r = 0.000000, inc_y_r = 1.000000, inc_x_i = 1.000000, inc_y_i = 1.000000
En el else......

----------------------------------------
x = 5.000000, y = 100.000000
avance = -199.000000, avanceR = 2.000000, avanceI = 2.000000
inc_x_r = 0.000000, inc_y_r = 1.000000, inc_x_i = 1.000000, inc_y_i = 1.000000
En el else......

----------------------------------------
x = 5.000000, y = 101.000000
avance = -197.000000, avanceR = 2.000000, avanceI = 2.000000
inc_x_r = 0.000000, inc_y_r = 1.000000, inc_x_i = 1.000000, inc_y_i = 1.000000
En el else......

----------------------------------------
x = 5.000000, y = 102.000000
avance = -195.000000, avanceR = 2.000000, avanceI = 2.000000
inc_x_r = 0.000000, inc_y_r = 1.000000, inc_x_i = 1.000000, inc_y_i = 1.000000
En el else......

----------------------------------------
x = 5.000000, y = 103.000000
avance = -193.000000, avanceR = 2.000000, avanceI = 2.000000
inc_x_r = 0.000000, inc_y_r = 1.000000, inc_x_i = 1.000000, inc_y_i = 1.000000
En el else......

----------------------------------------
x = 5.000000, y = 104.000000
avance = -191.000000, avanceR = 2.000000, avanceI = 2.000000
inc_x_r = 0.000000, inc_y_r = 1.000000, inc_x_i = 1.000000, inc_y_i = 1.000000
En el else......

----------------------------------------
x = 5.000000, y = 105.000000
avance = -189.000000, avanceR = 2.000000, avanceI = 2.000000
inc_x_r = 0.000000, inc_y_r = 1.000000, inc_x_i = 1.000000, inc_y_i = 1.000000
En el else......

----------------------------------------
x = 5.000000, y = 106.000000
avance = -187.000000, avanceR = 2.000000, avanceI = 2.000000
inc_x_r = 0.000000, inc_y_r = 1.000000, inc_x_i = 1.000000, inc_y_i = 1.000000
En el else......

----------------------------------------
x = 5.000000, y = 107.000000
avance = -185.000000, avanceR = 2.000000, avanceI = 2.000000
inc_x_r = 0.000000, inc_y_r = 1.000000, inc_x_i = 1.000000, inc_y_i = 1.000000
En el else......

----------------------------------------
x = 5.000000, y = 108.000000
avance = -183.000000, avanceR = 2.000000, avanceI = 2.000000
inc_x_r = 0.000000, inc_y_r = 1.000000, inc_x_i = 1.000000, inc_y_i = 1.000000
En el else......

----------------------------------------
x = 5.000000, y = 109.000000
avance = -181.000000, avanceR = 2.000000, avanceI = 2.000000
inc_x_r = 0.000000, inc_y_r = 1.000000, inc_x_i = 1.000000, inc_y_i = 1.000000
En el else......

----------------------------------------
x = 5.000000, y = 110.000000
avance = -179.000000, avanceR = 2.000000, avanceI = 2.000000
inc_x_r = 0.000000, inc_y_r = 1.000000, inc_x_i = 1.000000, inc_y_i = 1.000000
En el else......

----------------------------------------
x = 5.000000, y = 111.000000
avance = -177.000000, avanceR = 2.000000, avanceI = 2.000000
inc_x_r = 0.000000, inc_y_r = 1.000000, inc_x_i = 1.000000, inc_y_i = 1.000000
En el else......

----------------------------------------
x = 5.000000, y = 112.000000
avance = -175.000000, avanceR = 2.000000, avanceI = 2.000000
inc_x_r = 0.000000, inc_y_r = 1.000000, inc_x_i = 1.000000, inc_y_i = 1.000000
En el else......

----------------------------------------
x = 5.000000, y = 113.000000
avance = -173.000000, avanceR = 2.000000, avanceI = 2.000000
inc_x_r = 0.000000, inc_y_r = 1.000000, inc_x_i = 1.000000, inc_y_i = 1.000000
En el else......

----------------------------------------
x = 5.000000, y = 114.000000
avance = -171.000000, avanceR = 2.000000, avanceI = 2.000000
inc_x_r = 0.000000, inc_y_r = 1.000000, inc_x_i = 1.000000, inc_y_i = 1.000000
En el else......

----------------------------------------
x = 5.000000, y = 115.000000
avance = -169.000000, avanceR = 2.000000, avanceI = 2.000000
inc_x_r = 0.000000, inc_y_r = 1.000000, inc_x_i = 1.000000, inc_y_i = 1.000000
En el else......

----------------------------------------
x = 5.000000, y = 116.000000
avance = -167.000000, avanceR = 2.000000, avanceI = 2.000000
inc_x_r = 0.000000, inc_y_r = 1.000000, inc_x_i = 1.000000, inc_y_i = 1.000000
En el else......

----------------------------------------
x = 5.000000, y = 117.000000
avance = -165.000000, avanceR = 2.000000, avanceI = 2.000000
inc_x_r = 0.000000, inc_y_r = 1.000000, inc_x_i = 1.000000, inc_y_i = 1.000000
En el else......

----------------------------------------
x = 5.000000, y = 118.000000
avance = -163.000000, avanceR = 2.000000, avanceI = 2.000000
inc_x_r = 0.000000, inc_y_r = 1.000000, inc_x_i = 1.000000, inc_y_i = 1.000000
En el else......

----------------------------------------
x = 5.000000, y = 119.000000
avance = -161.000000, avanceR = 2.000000, avanceI = 2.000000
inc_x_r = 0.000000, inc_y_r = 1.000000, inc_x_i = 1.000000, inc_y_i = 1.000000
En el else......

----------------------------------------
x = 5.000000, y = 120.000000
avance = -159.000000, avanceR = 2.000000, avanceI = 2.000000
inc_x_r = 0.000000, inc_y_r = 1.000000, inc_x_i = 1.000000, inc_y_i = 1.000000
En el else......

----------------------------------------
x = 5.000000, y = 121.000000
avance = -157.000000, avanceR = 2.000000, avanceI = 2.000000
inc_x_r = 0.000000, inc_y_r = 1.000000, inc_x_i = 1.000000, inc_y_i = 1.000000
En el else......

----------------------------------------
x = 5.000000, y = 122.000000
avance = -155.000000, avanceR = 2.000000, avanceI = 2.000000
inc_x_r = 0.000000, inc_y_r = 1.000000, inc_x_i = 1.000000, inc_y_i = 1.000000
En el else......

----------------------------------------
x = 5.000000, y = 123.000000
avance = -153.000000, avanceR = 2.000000, avanceI = 2.000000
inc_x_r = 0.000000, inc_y_r = 1.000000, inc_x_i = 1.000000, inc_y_i = 1.000000
En el else......

----------------------------------------
x = 5.000000, y = 124.000000
avance = -151.000000, avanceR = 2.000000, avanceI = 2.000000
inc_x_r = 0.000000, inc_y_r = 1.000000, inc_x_i = 1.000000, inc_y_i = 1.000000
En el else......

----------------------------------------
x = 5.000000, y = 125.000000
avance = -149.000000, avanceR = 2.000000, avanceI = 2.000000
inc_x_r = 0.000000, inc_y_r = 1.000000, inc_x_i = 1.000000, inc_y_i = 1.000000
En el else......

----------------------------------------
x = 5.000000, y = 126.000000
avance = -147.000000, avanceR = 2.000000, avanceI = 2.000000
inc_x_r = 0.000000, inc_y_r = 1.000000, inc_x_i = 1.000000, inc_y_i = 1.000000
En el else......

----------------------------------------
x = 5.000000, y = 127.000000
avance = -145.000000, avanceR = 2.000000, avanceI = 2.000000
inc_x_r = 0.000000, inc_y_r = 1.000000, inc_x_i = 1.000000, inc_y_i = 1.000000
En el else......

----------------------------------------
x = 5.000000, y = 128.000000
avance = -143.000000, avanceR = 2.000000, avanceI = 2.000000
inc_x_r = 0.000000, inc_y_r = 1.000000, inc_x_i = 1.000000, inc_y_i = 1.000000
En el else......

----------------------------------------
x = 5.000000, y = 129.000000
avance = -141.000000, avanceR = 2.000000, avanceI = 2.000000
inc_x_r = 0.000000, inc_y_r = 1.000000, inc_x_i = 1.000000, inc_y_i = 1.000000
En el else......

----------------------------------------
x = 5.000000, y = 130.000000
avance = -139.000000, avanceR = 2.000000, avanceI = 2.000000
inc_x_r = 0.000000, inc_y_r = 1.000000, inc_x_i = 1.000000, inc_y_i = 1.000000
En el else......

----------------------------------------
x = 5.000000, y = 131.000000
avance = -137.000000, avanceR = 2.000000, avanceI = 2.000000
inc_x_r = 0.000000, inc_y_r = 1.000000, inc_x_i = 1.000000, inc_y_i = 1.000000
En el else......

----------------------------------------
x = 5.000000, y = 132.000000
avance = -135.000000, avanceR = 2.000000, avanceI = 2.000000
inc_x_r = 0.000000, inc_y_r = 1.000000, inc_x_i = 1.000000, inc_y_i = 1.000000
En el else......

----------------------------------------
x = 5.000000, y = 133.000000
avance = -133.000000, avanceR = 2.000000, avanceI = 2.000000
inc_x_r = 0.000000, inc_y_r = 1.000000, inc_x_i = 1.000000, inc_y_i = 1.000000
En el else......

----------------------------------------
x = 5.000000, y = 134.000000
avance = -131.000000, avanceR = 2.000000, avanceI = 2.000000
inc_x_r = 0.000000, inc_y_r = 1.000000, inc_x_i = 1.000000, inc_y_i = 1.000000
En el else......

----------------------------------------
x = 5.000000, y = 135.000000
avance = -129.000000, avanceR = 2.000000, avanceI = 2.000000
inc_x_r = 0.000000, inc_y_r = 1.000000, inc_x_i = 1.000000, inc_y_i = 1.000000
En el else......

----------------------------------------
x = 5.000000, y = 136.000000
avance = -127.000000, avanceR = 2.000000, avanceI = 2.000000
inc_x_r = 0.000000, inc_y_r = 1.000000, inc_x_i = 1.000000, inc_y_i = 1.000000
En el else......

----------------------------------------
x = 5.000000, y = 137.000000
avance = -125.000000, avanceR = 2.000000, avanceI = 2.000000
inc_x_r = 0.000000, inc_y_r = 1.000000, inc_x_i = 1.000000, inc_y_i = 1.000000
En el else......

----------------------------------------
x = 5.000000, y = 138.000000
avance = -123.000000, avanceR = 2.000000, avanceI = 2.000000
inc_x_r = 0.000000, inc_y_r = 1.000000, inc_x_i = 1.000000, inc_y_i = 1.000000
En el else......

----------------------------------------
x = 5.000000, y = 139.000000
avance = -121.000000, avanceR = 2.000000, avanceI = 2.000000
inc_x_r = 0.000000, inc_y_r = 1.000000, inc_x_i = 1.000000, inc_y_i = 1.000000
En el else......

----------------------------------------
x = 5.000000, y = 140.000000
avance = -119.000000, avanceR = 2.000000, avanceI = 2.000000
inc_x_r = 0.000000, inc_y_r = 1.000000, inc_x_i = 1.000000, inc_y_i = 1.000000
En el else......

----------------------------------------
x = 5.000000, y = 141.000000
avance = -117.000000, avanceR = 2.000000, avanceI = 2.000000
inc_x_r = 0.000000, inc_y_r = 1.000000, inc_x_i = 1.000000, inc_y_i = 1.000000
En el else......

----------------------------------------
x = 5.000000, y = 142.000000
avance = -115.000000, avanceR = 2.000000, avanceI = 2.000000
inc_x_r = 0.000000, inc_y_r = 1.000000, inc_x_i = 1.000000, inc_y_i = 1.000000
En el else......

----------------------------------------
x = 5.000000, y = 143.000000
avance = -113.000000, avanceR = 2.000000, avanceI = 2.000000
inc_x_r = 0.000000, inc_y_r = 1.000000, inc_x_i = 1.000000, inc_y_i = 1.000000
En el else......

----------------------------------------
x = 5.000000, y = 144.000000
avance = -111.000000, avanceR = 2.000000, avanceI = 2.000000
inc_x_r = 0.000000, inc_y_r = 1.000000, inc_x_i = 1.000000, inc_y_i = 1.000000
En el else......

----------------------------------------
x = 5.000000, y = 145.000000
avance = -109.000000, avanceR = 2.000000, avanceI = 2.000000
inc_x_r = 0.000000, inc_y_r = 1.000000, inc_x_i = 1.000000, inc_y_i = 1.000000
En el else......

----------------------------------------
x = 5.000000, y = 146.000000
avance = -107.000000, avanceR = 2.000000, avanceI = 2.000000
inc_x_r = 0.000000, inc_y_r = 1.000000, inc_x_i = 1.000000, inc_y_i = 1.000000
En el else......

----------------------------------------
x = 5.000000, y = 147.000000
avance = -105.000000, avanceR = 2.000000, avanceI = 2.000000
inc_x_r = 0.000000, inc_y_r = 1.000000, inc_x_i = 1.000000, inc_y_i = 1.000000
En el else......

----------------------------------------
x = 5.000000, y = 148.000000
avance = -103.000000, avanceR = 2.000000, avanceI = 2.000000
inc_x_r = 0.000000, inc_y_r = 1.000000, inc_x_i = 1.000000, inc_y_i = 1.000000
En el else......

----------------------------------------
x = 5.000000, y = 149.000000
avance = -101.000000, avanceR = 2.000000, avanceI = 2.000000
inc_x_r = 0.000000, inc_y_r = 1.000000, inc_x_i = 1.000000, inc_y_i = 1.000000
En el else......

----------------------------------------
x = 5.000000, y = 150.000000
avance = -99.000000, avanceR = 2.000000, avanceI = 2.000000
inc_x_r = 0.000000, inc_y_r = 1.000000, inc_x_i = 1.000000, inc_y_i = 1.000000
En el else......

----------------------------------------
x = 5.000000, y = 151.000000
avance = -97.000000, avanceR = 2.000000, avanceI = 2.000000
inc_x_r = 0.000000, inc_y_r = 1.000000, inc_x_i = 1.000000, inc_y_i = 1.000000
En el else......

----------------------------------------
x = 5.000000, y = 152.000000
avance = -95.000000, avanceR = 2.000000, avanceI = 2.000000
inc_x_r = 0.000000, inc_y_r = 1.000000, inc_x_i = 1.000000, inc_y_i = 1.000000
En el else......

----------------------------------------
x = 5.000000, y = 153.000000
avance = -93.000000, avanceR = 2.000000, avanceI = 2.000000
inc_x_r = 0.000000, inc_y_r = 1.000000, inc_x_i = 1.000000, inc_y_i = 1.000000
En el else......

----------------------------------------
x = 5.000000, y = 154.000000
avance = -91.000000, avanceR = 2.000000, avanceI = 2.000000
inc_x_r = 0.000000, inc_y_r = 1.000000, inc_x_i = 1.000000, inc_y_i = 1.000000
En el else......

----------------------------------------
x = 5.000000, y = 155.000000
avance = -89.000000, avanceR = 2.000000, avanceI = 2.000000
inc_x_r = 0.000000, inc_y_r = 1.000000, inc_x_i = 1.000000, inc_y_i = 1.000000
En el else......

----------------------------------------
x = 5.000000, y = 156.000000
avance = -87.000000, avanceR = 2.000000, avanceI = 2.000000
inc_x_r = 0.000000, inc_y_r = 1.000000, inc_x_i = 1.000000, inc_y_i = 1.000000
En el else......

----------------------------------------
x = 5.000000, y = 157.000000
avance = -85.000000, avanceR = 2.000000, avanceI = 2.000000
inc_x_r = 0.000000, inc_y_r = 1.000000, inc_x_i = 1.000000, inc_y_i = 1.000000
En el else......

----------------------------------------
x = 5.000000, y = 158.000000
avance = -83.000000, avanceR = 2.000000, avanceI = 2.000000
inc_x_r = 0.000000, inc_y_r = 1.000000, inc_x_i = 1.000000, inc_y_i = 1.000000
En el else......

----------------------------------------
x = 5.000000, y = 159.000000
avance = -81.000000, avanceR = 2.000000, avanceI = 2.000000
inc_x_r = 0.000000, inc_y_r = 1.000000, inc_x_i = 1.000000, inc_y_i = 1.000000
En el else......

----------------------------------------
x = 5.000000, y = 160.000000
avance = -79.000000, avanceR = 2.000000, avanceI = 2.000000
inc_x_r = 0.000000, inc_y_r = 1.000000, inc_x_i = 1.000000, inc_y_i = 1.000000
En el else......

----------------------------------------
x = 5.000000, y = 161.000000
avance = -77.000000, avanceR = 2.000000, avanceI = 2.000000
inc_x_r = 0.000000, inc_y_r = 1.000000, inc_x_i = 1.000000, inc_y_i = 1.000000
En el else......

----------------------------------------
x = 5.000000, y = 162.000000
avance = -75.000000, avanceR = 2.000000, avanceI = 2.000000
inc_x_r = 0.000000, inc_y_r = 1.000000, inc_x_i = 1.000000, inc_y_i = 1.000000
En el else......

----------------------------------------
x = 5.000000, y = 163.000000
avance = -73.000000, avanceR = 2.000000, avanceI = 2.000000
inc_x_r = 0.000000, inc_y_r = 1.000000, inc_x_i = 1.000000, inc_y_i = 1.000000
En el else......

----------------------------------------
x = 5.000000, y = 164.000000
avance = -71.000000, avanceR = 2.000000, avanceI = 2.000000
inc_x_r = 0.000000, inc_y_r = 1.000000, inc_x_i = 1.000000, inc_y_i = 1.000000
En el else......

----------------------------------------
x = 5.000000, y = 165.000000
avance = -69.000000, avanceR = 2.000000, avanceI = 2.000000
inc_x_r = 0.000000, inc_y_r = 1.000000, inc_x_i = 1.000000, inc_y_i = 1.000000
En el else......

----------------------------------------
x = 5.000000, y = 166.000000
avance = -67.000000, avanceR = 2.000000, avanceI = 2.000000
inc_x_r = 0.000000, inc_y_r = 1.000000, inc_x_i = 1.000000, inc_y_i = 1.000000
En el else......

----------------------------------------
x = 5.000000, y = 167.000000
avance = -65.000000, avanceR = 2.000000, avanceI = 2.000000
inc_x_r = 0.000000, inc_y_r = 1.000000, inc_x_i = 1.000000, inc_y_i = 1.000000
En el else......

----------------------------------------
x = 5.000000, y = 168.000000
avance = -63.000000, avanceR = 2.000000, avanceI = 2.000000
inc_x_r = 0.000000, inc_y_r = 1.000000, inc_x_i = 1.000000, inc_y_i = 1.000000
En el else......

----------------------------------------
x = 5.000000, y = 169.000000
avance = -61.000000, avanceR = 2.000000, avanceI = 2.000000
inc_x_r = 0.000000, inc_y_r = 1.000000, inc_x_i = 1.000000, inc_y_i = 1.000000
En el else......

----------------------------------------
x = 5.000000, y = 170.000000
avance = -59.000000, avanceR = 2.000000, avanceI = 2.000000
inc_x_r = 0.000000, inc_y_r = 1.000000, inc_x_i = 1.000000, inc_y_i = 1.000000
En el else......

----------------------------------------
x = 5.000000, y = 171.000000
avance = -57.000000, avanceR = 2.000000, avanceI = 2.000000
inc_x_r = 0.000000, inc_y_r = 1.000000, inc_x_i = 1.000000, inc_y_i = 1.000000
En el else......

----------------------------------------
x = 5.000000, y = 172.000000
avance = -55.000000, avanceR = 2.000000, avanceI = 2.000000
inc_x_r = 0.000000, inc_y_r = 1.000000, inc_x_i = 1.000000, inc_y_i = 1.000000
En el else......

----------------------------------------
x = 5.000000, y = 173.000000
avance = -53.000000, avanceR = 2.000000, avanceI = 2.000000
inc_x_r = 0.000000, inc_y_r = 1.000000, inc_x_i = 1.000000, inc_y_i = 1.000000
En el else......

----------------------------------------
x = 5.000000, y = 174.000000
avance = -51.000000, avanceR = 2.000000, avanceI = 2.000000
inc_x_r = 0.000000, inc_y_r = 1.000000, inc_x_i = 1.000000, inc_y_i = 1.000000
En el else......

----------------------------------------
x = 5.000000, y = 175.000000
avance = -49.000000, avanceR = 2.000000, avanceI = 2.000000
inc_x_r = 0.000000, inc_y_r = 1.000000, inc_x_i = 1.000000, inc_y_i = 1.000000
En el else......

----------------------------------------
x = 5.000000, y = 176.000000
avance = -47.000000, avanceR = 2.000000, avanceI = 2.000000
inc_x_r = 0.000000, inc_y_r = 1.000000, inc_x_i = 1.000000, inc_y_i = 1.000000
En el else......

----------------------------------------
x = 5.000000, y = 177.000000
avance = -45.000000, avanceR = 2.000000, avanceI = 2.000000
inc_x_r = 0.000000, inc_y_r = 1.000000, inc_x_i = 1.000000, inc_y_i = 1.000000
En el else......

----------------------------------------
x = 5.000000, y = 178.000000
avance = -43.000000, avanceR = 2.000000, avanceI = 2.000000
inc_x_r = 0.000000, inc_y_r = 1.000000, inc_x_i = 1.000000, inc_y_i = 1.000000
En el else......

----------------------------------------
x = 5.000000, y = 179.000000
avance = -41.000000, avanceR = 2.000000, avanceI = 2.000000
inc_x_r = 0.000000, inc_y_r = 1.000000, inc_x_i = 1.000000, inc_y_i = 1.000000
En el else......

----------------------------------------
x = 5.000000, y = 180.000000
avance = -39.000000, avanceR = 2.000000, avanceI = 2.000000
inc_x_r = 0.000000, inc_y_r = 1.000000, inc_x_i = 1.000000, inc_y_i = 1.000000
En el else......

----------------------------------------
x = 5.000000, y = 181.000000
avance = -37.000000, avanceR = 2.000000, avanceI = 2.000000
inc_x_r = 0.000000, inc_y_r = 1.000000, inc_x_i = 1.000000, inc_y_i = 1.000000
En el else......

----------------------------------------
x = 5.000000, y = 182.000000
avance = -35.000000, avanceR = 2.000000, avanceI = 2.000000
inc_x_r = 0.000000, inc_y_r = 1.000000, inc_x_i = 1.000000, inc_y_i = 1.000000
En el else......

----------------------------------------
x = 5.000000, y = 183.000000
avance = -33.000000, avanceR = 2.000000, avanceI = 2.000000
inc_x_r = 0.000000, inc_y_r = 1.000000, inc_x_i = 1.000000, inc_y_i = 1.000000
En el else......

----------------------------------------
x = 5.000000, y = 184.000000
avance = -31.000000, avanceR = 2.000000, avanceI = 2.000000
inc_x_r = 0.000000, inc_y_r = 1.000000, inc_x_i = 1.000000, inc_y_i = 1.000000
En el else......

----------------------------------------
x = 5.000000, y = 185.000000
avance = -29.000000, avanceR = 2.000000, avanceI = 2.000000
inc_x_r = 0.000000, inc_y_r = 1.000000, inc_x_i = 1.000000, inc_y_i = 1.000000
En el else......

----------------------------------------
x = 5.000000, y = 186.000000
avance = -27.000000, avanceR = 2.000000, avanceI = 2.000000
inc_x_r = 0.000000, inc_y_r = 1.000000, inc_x_i = 1.000000, inc_y_i = 1.000000
En el else......

----------------------------------------
x = 5.000000, y = 187.000000
avance = -25.000000, avanceR = 2.000000, avanceI = 2.000000
inc_x_r = 0.000000, inc_y_r = 1.000000, inc_x_i = 1.000000, inc_y_i = 1.000000
En el else......

----------------------------------------
x = 5.000000, y = 188.000000
avance = -23.000000, avanceR = 2.000000, avanceI = 2.000000
inc_x_r = 0.000000, inc_y_r = 1.000000, inc_x_i = 1.000000, inc_y_i = 1.000000
En el else......

----------------------------------------
x = 5.000000, y = 189.000000
avance = -21.000000, avanceR = 2.000000, avanceI = 2.000000
inc_x_r = 0.000000, inc_y_r = 1.000000, inc_x_i = 1.000000, inc_y_i = 1.000000
En el else......

----------------------------------------
x = 5.000000, y = 190.000000
avance = -19.000000, avanceR = 2.000000, avanceI = 2.000000
inc_x_r = 0.000000, inc_y_r = 1.000000, inc_x_i = 1.000000, inc_y_i = 1.000000
En el else......

----------------------------------------
x = 5.000000, y = 191.000000
avance = -17.000000, avanceR = 2.000000, avanceI = 2.000000
inc_x_r = 0.000000, inc_y_r = 1.000000, inc_x_i = 1.000000, inc_y_i = 1.000000
En el else......

----------------------------------------
x = 5.000000, y = 192.000000
avance = -15.000000, avanceR = 2.000000, avanceI = 2.000000
inc_x_r = 0.000000, inc_y_r = 1.000000, inc_x_i = 1.000000, inc_y_i = 1.000000
En el else......

----------------------------------------
x = 5.000000, y = 193.000000
avance = -13.000000, avanceR = 2.000000, avanceI = 2.000000
inc_x_r = 0.000000, inc_y_r = 1.000000, inc_x_i = 1.000000, inc_y_i = 1.000000
En el else......

----------------------------------------
x = 5.000000, y = 194.000000
avance = -11.000000, avanceR = 2.000000, avanceI = 2.000000
inc_x_r = 0.000000, inc_y_r = 1.000000, inc_x_i = 1.000000, inc_y_i = 1.000000
En el else......

----------------------------------------
x = 5.000000, y = 195.000000
avance = -9.000000, avanceR = 2.000000, avanceI = 2.000000
inc_x_r = 0.000000, inc_y_r = 1.000000, inc_x_i = 1.000000, inc_y_i = 1.000000
En el else......

----------------------------------------
x = 5.000000, y = 196.000000
avance = -7.000000, avanceR = 2.000000, avanceI = 2.000000
inc_x_r = 0.000000, inc_y_r = 1.000000, inc_x_i = 1.000000, inc_y_i = 1.000000
En el else......

----------------------------------------
x = 5.000000, y = 197.000000
avance = -5.000000, avanceR = 2.000000, avanceI = 2.000000
inc_x_r = 0.000000, inc_y_r = 1.000000, inc_x_i = 1.000000, inc_y_i = 1.000000
En el else......

----------------------------------------
x = 5.000000, y = 198.000000
avance = -3.000000, avanceR = 2.000000, avanceI = 2.000000
inc_x_r = 0.000000, inc_y_r = 1.000000, inc_x_i = 1.000000, inc_y_i = 1.000000
En el else......

----------------------------------------
x = 5.000000, y = 199.000000
avance = -1.000000, avanceR = 2.000000, avanceI = 2.000000
inc_x_r = 0.000000, inc_y_r = 1.000000, inc_x_i = 1.000000, inc_y_i = 1.000000
En el else......

----------------------------------------
x = 5.000000, y = 200.000000
avance = 1.000000, avanceR = 2.000000, avanceI = 2.000000
inc_x_r = 0.000000, inc_y_r = 1.000000, inc_x_i = 1.000000, inc_y_i = 1.000000
avance >= 0

----------------------------------------
x = 6.000000, y = 201.000000
avance = -499.000000, avanceR = 2.000000, avanceI = 2.000000
inc_x_r = 0.000000, inc_y_r = 1.000000, inc_x_i = 1.000000, inc_y_i = 1.000000
En el else......

----------------------------------------
x = 6.000000, y = 202.000000
avance = -497.000000, avanceR = 2.000000, avanceI = 2.000000
inc_x_r = 0.000000, inc_y_r = 1.000000, inc_x_i = 1.000000, inc_y_i = 1.000000
En el else......

----------------------------------------
x = 6.000000, y = 203.000000
avance = -495.000000, avanceR = 2.000000, avanceI = 2.000000
inc_x_r = 0.000000, inc_y_r = 1.000000, inc_x_i = 1.000000, inc_y_i = 1.000000
En el else......

----------------------------------------
x = 6.000000, y = 204.000000
avance = -493.000000, avanceR = 2.000000, avanceI = 2.000000
inc_x_r = 0.000000, inc_y_r = 1.000000, inc_x_i = 1.000000, inc_y_i = 1.000000
En el else......

----------------------------------------
x = 6.000000, y = 205.000000
avance = -491.000000, avanceR = 2.000000, avanceI = 2.000000
inc_x_r = 0.000000, inc_y_r = 1.000000, inc_x_i = 1.000000, inc_y_i = 1.000000
En el else......

----------------------------------------
x = 6.000000, y = 206.000000
avance = -489.000000, avanceR = 2.000000, avanceI = 2.000000
inc_x_r = 0.000000, inc_y_r = 1.000000, inc_x_i = 1.000000, inc_y_i = 1.000000
En el else......

----------------------------------------
x = 6.000000, y = 207.000000
avance = -487.000000, avanceR = 2.000000, avanceI = 2.000000
inc_x_r = 0.000000, inc_y_r = 1.000000, inc_x_i = 1.000000, inc_y_i = 1.000000
En el else......

----------------------------------------
x = 6.000000, y = 208.000000
avance = -485.000000, avanceR = 2.000000, avanceI = 2.000000
inc_x_r = 0.000000, inc_y_r = 1.000000, inc_x_i = 1.000000, inc_y_i = 1.000000
En el else......

----------------------------------------
x = 6.000000, y = 209.000000
avance = -483.000000, avanceR = 2.000000, avanceI = 2.000000
inc_x_r = 0.000000, inc_y_r = 1.000000, inc_x_i = 1.000000, inc_y_i = 1.000000
En el else......

----------------------------------------
x = 6.000000, y = 210.000000
avance = -481.000000, avanceR = 2.000000, avanceI = 2.000000
inc_x_r = 0.000000, inc_y_r = 1.000000, inc_x_i = 1.000000, inc_y_i = 1.000000
En el else......

----------------------------------------
x = 6.000000, y = 211.000000
avance = -479.000000, avanceR = 2.000000, avanceI = 2.000000
inc_x_r = 0.000000, inc_y_r = 1.000000, inc_x_i = 1.000000, inc_y_i = 1.000000
En el else......

----------------------------------------
x = 6.000000, y = 212.000000
avance = -477.000000, avanceR = 2.000000, avanceI = 2.000000
inc_x_r = 0.000000, inc_y_r = 1.000000, inc_x_i = 1.000000, inc_y_i = 1.000000
En el else......

----------------------------------------
x = 6.000000, y = 213.000000
avance = -475.000000, avanceR = 2.000000, avanceI = 2.000000
inc_x_r = 0.000000, inc_y_r = 1.000000, inc_x_i = 1.000000, inc_y_i = 1.000000
En el else......

----------------------------------------
x = 6.000000, y = 214.000000
avance = -473.000000, avanceR = 2.000000, avanceI = 2.000000
inc_x_r = 0.000000, inc_y_r = 1.000000, inc_x_i = 1.000000, inc_y_i = 1.000000
En el else......

----------------------------------------
x = 6.000000, y = 215.000000
avance = -471.000000, avanceR = 2.000000, avanceI = 2.000000
inc_x_r = 0.000000, inc_y_r = 1.000000, inc_x_i = 1.000000, inc_y_i = 1.000000
En el else......

----------------------------------------
x = 6.000000, y = 216.000000
avance = -469.000000, avanceR = 2.000000, avanceI = 2.000000
inc_x_r = 0.000000, inc_y_r = 1.000000, inc_x_i = 1.000000, inc_y_i = 1.000000
En el else......

----------------------------------------
x = 6.000000, y = 217.000000
avance = -467.000000, avanceR = 2.000000, avanceI = 2.000000
inc_x_r = 0.000000, inc_y_r = 1.000000, inc_x_i = 1.000000, inc_y_i = 1.000000
En el else......

----------------------------------------
x = 6.000000, y = 218.000000
avance = -465.000000, avanceR = 2.000000, avanceI = 2.000000
inc_x_r = 0.000000, inc_y_r = 1.000000, inc_x_i = 1.000000, inc_y_i = 1.000000
En el else......

----------------------------------------
x = 6.000000, y = 219.000000
avance = -463.000000, avanceR = 2.000000, avanceI = 2.000000
inc_x_r = 0.000000, inc_y_r = 1.000000, inc_x_i = 1.000000, inc_y_i = 1.000000
En el else......

----------------------------------------
x = 6.000000, y = 220.000000
avance = -461.000000, avanceR = 2.000000, avanceI = 2.000000
inc_x_r = 0.000000, inc_y_r = 1.000000, inc_x_i = 1.000000, inc_y_i = 1.000000
En el else......

----------------------------------------
x = 6.000000, y = 221.000000
avance = -459.000000, avanceR = 2.000000, avanceI = 2.000000
inc_x_r = 0.000000, inc_y_r = 1.000000, inc_x_i = 1.000000, inc_y_i = 1.000000
En el else......

----------------------------------------
x = 6.000000, y = 222.000000
avance = -457.000000, avanceR = 2.000000, avanceI = 2.000000
inc_x_r = 0.000000, inc_y_r = 1.000000, inc_x_i = 1.000000, inc_y_i = 1.000000
En el else......

----------------------------------------
x = 6.000000, y = 223.000000
avance = -455.000000, avanceR = 2.000000, avanceI = 2.000000
inc_x_r = 0.000000, inc_y_r = 1.000000, inc_x_i = 1.000000, inc_y_i = 1.000000
En el else......

----------------------------------------
x = 6.000000, y = 224.000000
avance = -453.000000, avanceR = 2.000000, avanceI = 2.000000
inc_x_r = 0.000000, inc_y_r = 1.000000, inc_x_i = 1.000000, inc_y_i = 1.000000
En el else......

----------------------------------------
x = 6.000000, y = 225.000000
avance = -451.000000, avanceR = 2.000000, avanceI = 2.000000
inc_x_r = 0.000000, inc_y_r = 1.000000, inc_x_i = 1.000000, inc_y_i = 1.000000
En el else......

----------------------------------------
x = 6.000000, y = 226.000000
avance = -449.000000, avanceR = 2.000000, avanceI = 2.000000
inc_x_r = 0.000000, inc_y_r = 1.000000, inc_x_i = 1.000000, inc_y_i = 1.000000
En el else......

----------------------------------------
x = 6.000000, y = 227.000000
avance = -447.000000, avanceR = 2.000000, avanceI = 2.000000
inc_x_r = 0.000000, inc_y_r = 1.000000, inc_x_i = 1.000000, inc_y_i = 1.000000
En el else......

----------------------------------------
x = 6.000000, y = 228.000000
avance = -445.000000, avanceR = 2.000000, avanceI = 2.000000
inc_x_r = 0.000000, inc_y_r = 1.000000, inc_x_i = 1.000000, inc_y_i = 1.000000
En el else......

----------------------------------------
x = 6.000000, y = 229.000000
avance = -443.000000, avanceR = 2.000000, avanceI = 2.000000
inc_x_r = 0.000000, inc_y_r = 1.000000, inc_x_i = 1.000000, inc_y_i = 1.000000
En el else......

----------------------------------------
x = 6.000000, y = 230.000000
avance = -441.000000, avanceR = 2.000000, avanceI = 2.000000
inc_x_r = 0.000000, inc_y_r = 1.000000, inc_x_i = 1.000000, inc_y_i = 1.000000
En el else......

----------------------------------------
x = 6.000000, y = 231.000000
avance = -439.000000, avanceR = 2.000000, avanceI = 2.000000
inc_x_r = 0.000000, inc_y_r = 1.000000, inc_x_i = 1.000000, inc_y_i = 1.000000
En el else......

----------------------------------------
x = 6.000000, y = 232.000000
avance = -437.000000, avanceR = 2.000000, avanceI = 2.000000
inc_x_r = 0.000000, inc_y_r = 1.000000, inc_x_i = 1.000000, inc_y_i = 1.000000
En el else......

----------------------------------------
x = 6.000000, y = 233.000000
avance = -435.000000, avanceR = 2.000000, avanceI = 2.000000
inc_x_r = 0.000000, inc_y_r = 1.000000, inc_x_i = 1.000000, inc_y_i = 1.000000
En el else......

----------------------------------------
x = 6.000000, y = 234.000000
avance = -433.000000, avanceR = 2.000000, avanceI = 2.000000
inc_x_r = 0.000000, inc_y_r = 1.000000, inc_x_i = 1.000000, inc_y_i = 1.000000
En el else......

----------------------------------------
x = 6.000000, y = 235.000000
avance = -431.000000, avanceR = 2.000000, avanceI = 2.000000
inc_x_r = 0.000000, inc_y_r = 1.000000, inc_x_i = 1.000000, inc_y_i = 1.000000
En el else......

----------------------------------------
x = 6.000000, y = 236.000000
avance = -429.000000, avanceR = 2.000000, avanceI = 2.000000
inc_x_r = 0.000000, inc_y_r = 1.000000, inc_x_i = 1.000000, inc_y_i = 1.000000
En el else......

----------------------------------------
x = 6.000000, y = 237.000000
avance = -427.000000, avanceR = 2.000000, avanceI = 2.000000
inc_x_r = 0.000000, inc_y_r = 1.000000, inc_x_i = 1.000000, inc_y_i = 1.000000
En el else......

----------------------------------------
x = 6.000000, y = 238.000000
avance = -425.000000, avanceR = 2.000000, avanceI = 2.000000
inc_x_r = 0.000000, inc_y_r = 1.000000, inc_x_i = 1.000000, inc_y_i = 1.000000
En el else......

----------------------------------------
x = 6.000000, y = 239.000000
avance = -423.000000, avanceR = 2.000000, avanceI = 2.000000
inc_x_r = 0.000000, inc_y_r = 1.000000, inc_x_i = 1.000000, inc_y_i = 1.000000
En el else......

----------------------------------------
x = 6.000000, y = 240.000000
avance = -421.000000, avanceR = 2.000000, avanceI = 2.000000
inc_x_r = 0.000000, inc_y_r = 1.000000, inc_x_i = 1.000000, inc_y_i = 1.000000
En el else......

----------------------------------------
x = 6.000000, y = 241.000000
avance = -419.000000, avanceR = 2.000000, avanceI = 2.000000
inc_x_r = 0.000000, inc_y_r = 1.000000, inc_x_i = 1.000000, inc_y_i = 1.000000
En el else......

----------------------------------------
x = 6.000000, y = 242.000000
avance = -417.000000, avanceR = 2.000000, avanceI = 2.000000
inc_x_r = 0.000000, inc_y_r = 1.000000, inc_x_i = 1.000000, inc_y_i = 1.000000
En el else......

----------------------------------------
x = 6.000000, y = 243.000000
avance = -415.000000, avanceR = 2.000000, avanceI = 2.000000
inc_x_r = 0.000000, inc_y_r = 1.000000, inc_x_i = 1.000000, inc_y_i = 1.000000
En el else......

----------------------------------------
x = 6.000000, y = 244.000000
avance = -413.000000, avanceR = 2.000000, avanceI = 2.000000
inc_x_r = 0.000000, inc_y_r = 1.000000, inc_x_i = 1.000000, inc_y_i = 1.000000
En el else......

----------------------------------------
x = 6.000000, y = 245.000000
avance = -411.000000, avanceR = 2.000000, avanceI = 2.000000
inc_x_r = 0.000000, inc_y_r = 1.000000, inc_x_i = 1.000000, inc_y_i = 1.000000
En el else......

----------------------------------------
x = 6.000000, y = 246.000000
avance = -409.000000, avanceR = 2.000000, avanceI = 2.000000
inc_x_r = 0.000000, inc_y_r = 1.000000, inc_x_i = 1.000000, inc_y_i = 1.000000
En el else......

----------------------------------------
x = 6.000000, y = 247.000000
avance = -407.000000, avanceR = 2.000000, avanceI = 2.000000
inc_x_r = 0.000000, inc_y_r = 1.000000, inc_x_i = 1.000000, inc_y_i = 1.000000
En el else......

----------------------------------------
x = 6.000000, y = 248.000000
avance = -405.000000, avanceR = 2.000000, avanceI = 2.000000
inc_x_r = 0.000000, inc_y_r = 1.000000, inc_x_i = 1.000000, inc_y_i = 1.000000
En el else......

----------------------------------------
x = 6.000000, y = 249.000000
avance = -403.000000, avanceR = 2.000000, avanceI = 2.000000
inc_x_r = 0.000000, inc_y_r = 1.000000, inc_x_i = 1.000000, inc_y_i = 1.000000
En el else......

----------------------------------------
x = 6.000000, y = 250.000000
avance = -401.000000, avanceR = 2.000000, avanceI = 2.000000
inc_x_r = 0.000000, inc_y_r = 1.000000, inc_x_i = 1.000000, inc_y_i = 1.000000
En el else......

----------------------------------------
x = 6.000000, y = 251.000000
avance = -399.000000, avanceR = 2.000000, avanceI = 2.000000
inc_x_r = 0.000000, inc_y_r = 1.000000, inc_x_i = 1.000000, inc_y_i = 1.000000
En el else......

----------------------------------------
x = 6.000000, y = 252.000000
avance = -397.000000, avanceR = 2.000000, avanceI = 2.000000
inc_x_r = 0.000000, inc_y_r = 1.000000, inc_x_i = 1.000000, inc_y_i = 1.000000
En el else......

----------------------------------------
x = 6.000000, y = 253.000000
avance = -395.000000, avanceR = 2.000000, avanceI = 2.000000
inc_x_r = 0.000000, inc_y_r = 1.000000, inc_x_i = 1.000000, inc_y_i = 1.000000
En el else......

----------------------------------------
x = 6.000000, y = 254.000000
avance = -393.000000, avanceR = 2.000000, avanceI = 2.000000
inc_x_r = 0.000000, inc_y_r = 1.000000, inc_x_i = 1.000000, inc_y_i = 1.000000
En el else......

----------------------------------------
x = 6.000000, y = 255.000000
avance = -391.000000, avanceR = 2.000000, avanceI = 2.000000
inc_x_r = 0.000000, inc_y_r = 1.000000, inc_x_i = 1.000000, inc_y_i = 1.000000
En el else......

----------------------------------------
x = 6.000000, y = 256.000000
avance = -389.000000, avanceR = 2.000000, avanceI = 2.000000
inc_x_r = 0.000000, inc_y_r = 1.000000, inc_x_i = 1.000000, inc_y_i = 1.000000
En el else......

----------------------------------------
x = 6.000000, y = 257.000000
avance = -387.000000, avanceR = 2.000000, avanceI = 2.000000
inc_x_r = 0.000000, inc_y_r = 1.000000, inc_x_i = 1.000000, inc_y_i = 1.000000
En el else......

----------------------------------------
x = 6.000000, y = 258.000000
avance = -385.000000, avanceR = 2.000000, avanceI = 2.000000
inc_x_r = 0.000000, inc_y_r = 1.000000, inc_x_i = 1.000000, inc_y_i = 1.000000
En el else......

----------------------------------------
x = 6.000000, y = 259.000000
avance = -383.000000, avanceR = 2.000000, avanceI = 2.000000
inc_x_r = 0.000000, inc_y_r = 1.000000, inc_x_i = 1.000000, inc_y_i = 1.000000
En el else......

----------------------------------------
x = 6.000000, y = 260.000000
avance = -381.000000, avanceR = 2.000000, avanceI = 2.000000
inc_x_r = 0.000000, inc_y_r = 1.000000, inc_x_i = 1.000000, inc_y_i = 1.000000
En el else......

----------------------------------------
x = 6.000000, y = 261.000000
avance = -379.000000, avanceR = 2.000000, avanceI = 2.000000
inc_x_r = 0.000000, inc_y_r = 1.000000, inc_x_i = 1.000000, inc_y_i = 1.000000
En el else......

----------------------------------------
x = 6.000000, y = 262.000000
avance = -377.000000, avanceR = 2.000000, avanceI = 2.000000
inc_x_r = 0.000000, inc_y_r = 1.000000, inc_x_i = 1.000000, inc_y_i = 1.000000
En el else......

----------------------------------------
x = 6.000000, y = 263.000000
avance = -375.000000, avanceR = 2.000000, avanceI = 2.000000
inc_x_r = 0.000000, inc_y_r = 1.000000, inc_x_i = 1.000000, inc_y_i = 1.000000
En el else......

----------------------------------------
x = 6.000000, y = 264.000000
avance = -373.000000, avanceR = 2.000000, avanceI = 2.000000
inc_x_r = 0.000000, inc_y_r = 1.000000, inc_x_i = 1.000000, inc_y_i = 1.000000
En el else......

----------------------------------------
x = 6.000000, y = 265.000000
avance = -371.000000, avanceR = 2.000000, avanceI = 2.000000
inc_x_r = 0.000000, inc_y_r = 1.000000, inc_x_i = 1.000000, inc_y_i = 1.000000
En el else......

----------------------------------------
x = 6.000000, y = 266.000000
avance = -369.000000, avanceR = 2.000000, avanceI = 2.000000
inc_x_r = 0.000000, inc_y_r = 1.000000, inc_x_i = 1.000000, inc_y_i = 1.000000
En el else......

----------------------------------------
x = 6.000000, y = 267.000000
avance = -367.000000, avanceR = 2.000000, avanceI = 2.000000
inc_x_r = 0.000000, inc_y_r = 1.000000, inc_x_i = 1.000000, inc_y_i = 1.000000
En el else......

----------------------------------------
x = 6.000000, y = 268.000000
avance = -365.000000, avanceR = 2.000000, avanceI = 2.000000
inc_x_r = 0.000000, inc_y_r = 1.000000, inc_x_i = 1.000000, inc_y_i = 1.000000
En el else......

----------------------------------------
x = 6.000000, y = 269.000000
avance = -363.000000, avanceR = 2.000000, avanceI = 2.000000
inc_x_r = 0.000000, inc_y_r = 1.000000, inc_x_i = 1.000000, inc_y_i = 1.000000
En el else......

----------------------------------------
x = 6.000000, y = 270.000000
avance = -361.000000, avanceR = 2.000000, avanceI = 2.000000
inc_x_r = 0.000000, inc_y_r = 1.000000, inc_x_i = 1.000000, inc_y_i = 1.000000
En el else......

----------------------------------------
x = 6.000000, y = 271.000000
avance = -359.000000, avanceR = 2.000000, avanceI = 2.000000
inc_x_r = 0.000000, inc_y_r = 1.000000, inc_x_i = 1.000000, inc_y_i = 1.000000
En el else......

----------------------------------------
x = 6.000000, y = 272.000000
avance = -357.000000, avanceR = 2.000000, avanceI = 2.000000
inc_x_r = 0.000000, inc_y_r = 1.000000, inc_x_i = 1.000000, inc_y_i = 1.000000
En el else......

----------------------------------------
x = 6.000000, y = 273.000000
avance = -355.000000, avanceR = 2.000000, avanceI = 2.000000
inc_x_r = 0.000000, inc_y_r = 1.000000, inc_x_i = 1.000000, inc_y_i = 1.000000
En el else......

----------------------------------------
x = 6.000000, y = 274.000000
avance = -353.000000, avanceR = 2.000000, avanceI = 2.000000
inc_x_r = 0.000000, inc_y_r = 1.000000, inc_x_i = 1.000000, inc_y_i = 1.000000
En el else......

----------------------------------------
x = 6.000000, y = 275.000000
avance = -351.000000, avanceR = 2.000000, avanceI = 2.000000
inc_x_r = 0.000000, inc_y_r = 1.000000, inc_x_i = 1.000000, inc_y_i = 1.000000
En el else......

----------------------------------------
x = 6.000000, y = 276.000000
avance = -349.000000, avanceR = 2.000000, avanceI = 2.000000
inc_x_r = 0.000000, inc_y_r = 1.000000, inc_x_i = 1.000000, inc_y_i = 1.000000
En el else......

----------------------------------------
x = 6.000000, y = 277.000000
avance = -347.000000, avanceR = 2.000000, avanceI = 2.000000
inc_x_r = 0.000000, inc_y_r = 1.000000, inc_x_i = 1.000000, inc_y_i = 1.000000
En el else......

----------------------------------------
x = 6.000000, y = 278.000000
avance = -345.000000, avanceR = 2.000000, avanceI = 2.000000
inc_x_r = 0.000000, inc_y_r = 1.000000, inc_x_i = 1.000000, inc_y_i = 1.000000
En el else......

----------------------------------------
x = 6.000000, y = 279.000000
avance = -343.000000, avanceR = 2.000000, avanceI = 2.000000
inc_x_r = 0.000000, inc_y_r = 1.000000, inc_x_i = 1.000000, inc_y_i = 1.000000
En el else......

----------------------------------------
x = 6.000000, y = 280.000000
avance = -341.000000, avanceR = 2.000000, avanceI = 2.000000
inc_x_r = 0.000000, inc_y_r = 1.000000, inc_x_i = 1.000000, inc_y_i = 1.000000
En el else......

----------------------------------------
x = 6.000000, y = 281.000000
avance = -339.000000, avanceR = 2.000000, avanceI = 2.000000
inc_x_r = 0.000000, inc_y_r = 1.000000, inc_x_i = 1.000000, inc_y_i = 1.000000
En el else......

----------------------------------------
x = 6.000000, y = 282.000000
avance = -337.000000, avanceR = 2.000000, avanceI = 2.000000
inc_x_r = 0.000000, inc_y_r = 1.000000, inc_x_i = 1.000000, inc_y_i = 1.000000
En el else......

----------------------------------------
x = 6.000000, y = 283.000000
avance = -335.000000, avanceR = 2.000000, avanceI = 2.000000
inc_x_r = 0.000000, inc_y_r = 1.000000, inc_x_i = 1.000000, inc_y_i = 1.000000
En el else......

----------------------------------------
x = 6.000000, y = 284.000000
avance = -333.000000, avanceR = 2.000000, avanceI = 2.000000
inc_x_r = 0.000000, inc_y_r = 1.000000, inc_x_i = 1.000000, inc_y_i = 1.000000
En el else......

----------------------------------------
x = 6.000000, y = 285.000000
avance = -331.000000, avanceR = 2.000000, avanceI = 2.000000
inc_x_r = 0.000000, inc_y_r = 1.000000, inc_x_i = 1.000000, inc_y_i = 1.000000
En el else......

----------------------------------------
x = 6.000000, y = 286.000000
avance = -329.000000, avanceR = 2.000000, avanceI = 2.000000
inc_x_r = 0.000000, inc_y_r = 1.000000, inc_x_i = 1.000000, inc_y_i = 1.000000
En el else......

----------------------------------------
x = 6.000000, y = 287.000000
avance = -327.000000, avanceR = 2.000000, avanceI = 2.000000
inc_x_r = 0.000000, inc_y_r = 1.000000, inc_x_i = 1.000000, inc_y_i = 1.000000
En el else......

----------------------------------------
x = 6.000000, y = 288.000000
avance = -325.000000, avanceR = 2.000000, avanceI = 2.000000
inc_x_r = 0.000000, inc_y_r = 1.000000, inc_x_i = 1.000000, inc_y_i = 1.000000
En el else......

----------------------------------------
x = 6.000000, y = 289.000000
avance = -323.000000, avanceR = 2.000000, avanceI = 2.000000
inc_x_r = 0.000000, inc_y_r = 1.000000, inc_x_i = 1.000000, inc_y_i = 1.000000
En el else......

----------------------------------------
x = 6.000000, y = 290.000000
avance = -321.000000, avanceR = 2.000000, avanceI = 2.000000
inc_x_r = 0.000000, inc_y_r = 1.000000, inc_x_i = 1.000000, inc_y_i = 1.000000
En el else......

----------------------------------------
x = 6.000000, y = 291.000000
avance = -319.000000, avanceR = 2.000000, avanceI = 2.000000
inc_x_r = 0.000000, inc_y_r = 1.000000, inc_x_i = 1.000000, inc_y_i = 1.000000
En el else......

----------------------------------------
x = 6.000000, y = 292.000000
avance = -317.000000, avanceR = 2.000000, avanceI = 2.000000
inc_x_r = 0.000000, inc_y_r = 1.000000, inc_x_i = 1.000000, inc_y_i = 1.000000
En el else......

----------------------------------------
x = 6.000000, y = 293.000000
avance = -315.000000, avanceR = 2.000000, avanceI = 2.000000
inc_x_r = 0.000000, inc_y_r = 1.000000, inc_x_i = 1.000000, inc_y_i = 1.000000
En el else......

----------------------------------------
x = 6.000000, y = 294.000000
avance = -313.000000, avanceR = 2.000000, avanceI = 2.000000
inc_x_r = 0.000000, inc_y_r = 1.000000, inc_x_i = 1.000000, inc_y_i = 1.000000
En el else......

----------------------------------------
x = 6.000000, y = 295.000000
avance = -311.000000, avanceR = 2.000000, avanceI = 2.000000
inc_x_r = 0.000000, inc_y_r = 1.000000, inc_x_i = 1.000000, inc_y_i = 1.000000
En el else......

----------------------------------------
x = 6.000000, y = 296.000000
avance = -309.000000, avanceR = 2.000000, avanceI = 2.000000
inc_x_r = 0.000000, inc_y_r = 1.000000, inc_x_i = 1.000000, inc_y_i = 1.000000
En el else......

----------------------------------------
x = 6.000000, y = 297.000000
avance = -307.000000, avanceR = 2.000000, avanceI = 2.000000
inc_x_r = 0.000000, inc_y_r = 1.000000, inc_x_i = 1.000000, inc_y_i = 1.000000
En el else......

----------------------------------------
x = 6.000000, y = 298.000000
avance = -305.000000, avanceR = 2.000000, avanceI = 2.000000
inc_x_r = 0.000000, inc_y_r = 1.000000, inc_x_i = 1.000000, inc_y_i = 1.000000
En el else......

----------------------------------------
x = 6.000000, y = 299.000000
avance = -303.000000, avanceR = 2.000000, avanceI = 2.000000
inc_x_r = 0.000000, inc_y_r = 1.000000, inc_x_i = 1.000000, inc_y_i = 1.000000
En el else......

----------------------------------------
x = 6.000000, y = 300.000000
avance = -301.000000, avanceR = 2.000000, avanceI = 2.000000
inc_x_r = 0.000000, inc_y_r = 1.000000, inc_x_i = 1.000000, inc_y_i = 1.000000
En el else......

----------------------------------------
x = 6.000000, y = 301.000000
avance = -299.000000, avanceR = 2.000000, avanceI = 2.000000
inc_x_r = 0.000000, inc_y_r = 1.000000, inc_x_i = 1.000000, inc_y_i = 1.000000
En el else......

----------------------------------------
x = 6.000000, y = 302.000000
avance = -297.000000, avanceR = 2.000000, avanceI = 2.000000
inc_x_r = 0.000000, inc_y_r = 1.000000, inc_x_i = 1.000000, inc_y_i = 1.000000
En el else......

----------------------------------------
x = 6.000000, y = 303.000000
avance = -295.000000, avanceR = 2.000000, avanceI = 2.000000
inc_x_r = 0.000000, inc_y_r = 1.000000, inc_x_i = 1.000000, inc_y_i = 1.000000
En el else......

----------------------------------------
x = 6.000000, y = 304.000000
avance = -293.000000, avanceR = 2.000000, avanceI = 2.000000
inc_x_r = 0.000000, inc_y_r = 1.000000, inc_x_i = 1.000000, inc_y_i = 1.000000
En el else......

----------------------------------------
x = 6.000000, y = 305.000000
avance = -291.000000, avanceR = 2.000000, avanceI = 2.000000
inc_x_r = 0.000000, inc_y_r = 1.000000, inc_x_i = 1.000000, inc_y_i = 1.000000
En el else......

----------------------------------------
x = 6.000000, y = 306.000000
avance = -289.000000, avanceR = 2.000000, avanceI = 2.000000
inc_x_r = 0.000000, inc_y_r = 1.000000, inc_x_i = 1.000000, inc_y_i = 1.000000
En el else......

----------------------------------------
x = 6.000000, y = 307.000000
avance = -287.000000, avanceR = 2.000000, avanceI = 2.000000
inc_x_r = 0.000000, inc_y_r = 1.000000, inc_x_i = 1.000000, inc_y_i = 1.000000
En el else......

----------------------------------------
x = 6.000000, y = 308.000000
avance = -285.000000, avanceR = 2.000000, avanceI = 2.000000
inc_x_r = 0.000000, inc_y_r = 1.000000, inc_x_i = 1.000000, inc_y_i = 1.000000
En el else......

----------------------------------------
x = 6.000000, y = 309.000000
avance = -283.000000, avanceR = 2.000000, avanceI = 2.000000
inc_x_r = 0.000000, inc_y_r = 1.000000, inc_x_i = 1.000000, inc_y_i = 1.000000
En el else......

----------------------------------------
x = 6.000000, y = 310.000000
avance = -281.000000, avanceR = 2.000000, avanceI = 2.000000
inc_x_r = 0.000000, inc_y_r = 1.000000, inc_x_i = 1.000000, inc_y_i = 1.000000
En el else......

----------------------------------------
x = 6.000000, y = 311.000000
avance = -279.000000, avanceR = 2.000000, avanceI = 2.000000
inc_x_r = 0.000000, inc_y_r = 1.000000, inc_x_i = 1.000000, inc_y_i = 1.000000
En el else......

----------------------------------------
x = 6.000000, y = 312.000000
avance = -277.000000, avanceR = 2.000000, avanceI = 2.000000
inc_x_r = 0.000000, inc_y_r = 1.000000, inc_x_i = 1.000000, inc_y_i = 1.000000
En el else......

----------------------------------------
x = 6.000000, y = 313.000000
avance = -275.000000, avanceR = 2.000000, avanceI = 2.000000
inc_x_r = 0.000000, inc_y_r = 1.000000, inc_x_i = 1.000000, inc_y_i = 1.000000
En el else......

----------------------------------------
x = 6.000000, y = 314.000000
avance = -273.000000, avanceR = 2.000000, avanceI = 2.000000
inc_x_r = 0.000000, inc_y_r = 1.000000, inc_x_i = 1.000000, inc_y_i = 1.000000
En el else......

----------------------------------------
x = 6.000000, y = 315.000000
avance = -271.000000, avanceR = 2.000000, avanceI = 2.000000
inc_x_r = 0.000000, inc_y_r = 1.000000, inc_x_i = 1.000000, inc_y_i = 1.000000
En el else......

----------------------------------------
x = 6.000000, y = 316.000000
avance = -269.000000, avanceR = 2.000000, avanceI = 2.000000
inc_x_r = 0.000000, inc_y_r = 1.000000, inc_x_i = 1.000000, inc_y_i = 1.000000
En el else......

----------------------------------------
x = 6.000000, y = 317.000000
avance = -267.000000, avanceR = 2.000000, avanceI = 2.000000
inc_x_r = 0.000000, inc_y_r = 1.000000, inc_x_i = 1.000000, inc_y_i = 1.000000
En el else......

----------------------------------------
x = 6.000000, y = 318.000000
avance = -265.000000, avanceR = 2.000000, avanceI = 2.000000
inc_x_r = 0.000000, inc_y_r = 1.000000, inc_x_i = 1.000000, inc_y_i = 1.000000
En el else......

----------------------------------------
x = 6.000000, y = 319.000000
avance = -263.000000, avanceR = 2.000000, avanceI = 2.000000
inc_x_r = 0.000000, inc_y_r = 1.000000, inc_x_i = 1.000000, inc_y_i = 1.000000
En el else......

----------------------------------------
x = 6.000000, y = 320.000000
avance = -261.000000, avanceR = 2.000000, avanceI = 2.000000
inc_x_r = 0.000000, inc_y_r = 1.000000, inc_x_i = 1.000000, inc_y_i = 1.000000
En el else......

----------------------------------------
x = 6.000000, y = 321.000000
avance = -259.000000, avanceR = 2.000000, avanceI = 2.000000
inc_x_r = 0.000000, inc_y_r = 1.000000, inc_x_i = 1.000000, inc_y_i = 1.000000
En el else......

----------------------------------------
x = 6.000000, y = 322.000000
avance = -257.000000, avanceR = 2.000000, avanceI = 2.000000
inc_x_r = 0.000000, inc_y_r = 1.000000, inc_x_i = 1.000000, inc_y_i = 1.000000
En el else......

----------------------------------------
x = 6.000000, y = 323.000000
avance = -255.000000, avanceR = 2.000000, avanceI = 2.000000
inc_x_r = 0.000000, inc_y_r = 1.000000, inc_x_i = 1.000000, inc_y_i = 1.000000
En el else......

----------------------------------------
x = 6.000000, y = 324.000000
avance = -253.000000, avanceR = 2.000000, avanceI = 2.000000
inc_x_r = 0.000000, inc_y_r = 1.000000, inc_x_i = 1.000000, inc_y_i = 1.000000
En el else......

----------------------------------------
x = 6.000000, y = 325.000000
avance = -251.000000, avanceR = 2.000000, avanceI = 2.000000
inc_x_r = 0.000000, inc_y_r = 1.000000, inc_x_i = 1.000000, inc_y_i = 1.000000
En el else......

----------------------------------------


ENTRAMOS A BRESENHAMªªªª
x1 = 5.000000 - y1 = 75.000000 || x2 = 6.000000 - y2 = 326.000000
dy = 251.000000, dx = 1.000000
avances inclinados: inc_x_i = 1.000000, inc_y_i = 1.000000
updated: dy = 251.000000, dx = 1.000000
avances rectos: inc_x_r = 0.000000, inc_y_r 1.000000
reupdated: dy = 1.000000, dx = 251.000000
avanceR = 2.000000, avance -249.000000, avanceI 2.000000
----------------------------------------
x = 5.000000, y = 75.000000
avance = -249.000000, avanceR = 2.000000, avanceI = 2.000000
inc_x_r = 0.000000, inc_y_r = 1.000000, inc_x_i = 1.000000, inc_y_i = 1.000000
En el else......

----------------------------------------
x = 5.000000, y = 76.000000
avance = -247.000000, avanceR = 2.000000, avanceI = 2.000000
inc_x_r = 0.000000, inc_y_r = 1.000000, inc_x_i = 1.000000, inc_y_i = 1.000000
En el else......

----------------------------------------
x = 5.000000, y = 77.000000
avance = -245.000000, avanceR = 2.000000, avanceI = 2.000000
inc_x_r = 0.000000, inc_y_r = 1.000000, inc_x_i = 1.000000, inc_y_i = 1.000000
En el else......

----------------------------------------
x = 5.000000, y = 78.000000
avance = -243.000000, avanceR = 2.000000, avanceI = 2.000000
inc_x_r = 0.000000, inc_y_r = 1.000000, inc_x_i = 1.000000, inc_y_i = 1.000000
En el else......

----------------------------------------
x = 5.000000, y = 79.000000
avance = -241.000000, avanceR = 2.000000, avanceI = 2.000000
inc_x_r = 0.000000, inc_y_r = 1.000000, inc_x_i = 1.000000, inc_y_i = 1.000000
En el else......

----------------------------------------
x = 5.000000, y = 80.000000
avance = -239.000000, avanceR = 2.000000, avanceI = 2.000000
inc_x_r = 0.000000, inc_y_r = 1.000000, inc_x_i = 1.000000, inc_y_i = 1.000000
En el else......

----------------------------------------
x = 5.000000, y = 81.000000
avance = -237.000000, avanceR = 2.000000, avanceI = 2.000000
inc_x_r = 0.000000, inc_y_r = 1.000000, inc_x_i = 1.000000, inc_y_i = 1.000000
En el else......

----------------------------------------
x = 5.000000, y = 82.000000
avance = -235.000000, avanceR = 2.000000, avanceI = 2.000000
inc_x_r = 0.000000, inc_y_r = 1.000000, inc_x_i = 1.000000, inc_y_i = 1.000000
En el else......

----------------------------------------
x = 5.000000, y = 83.000000
avance = -233.000000, avanceR = 2.000000, avanceI = 2.000000
inc_x_r = 0.000000, inc_y_r = 1.000000, inc_x_i = 1.000000, inc_y_i = 1.000000
En el else......

----------------------------------------
x = 5.000000, y = 84.000000
avance = -231.000000, avanceR = 2.000000, avanceI = 2.000000
inc_x_r = 0.000000, inc_y_r = 1.000000, inc_x_i = 1.000000, inc_y_i = 1.000000
En el else......

----------------------------------------
x = 5.000000, y = 85.000000
avance = -229.000000, avanceR = 2.000000, avanceI = 2.000000
inc_x_r = 0.000000, inc_y_r = 1.000000, inc_x_i = 1.000000, inc_y_i = 1.000000
En el else......

----------------------------------------
x = 5.000000, y = 86.000000
avance = -227.000000, avanceR = 2.000000, avanceI = 2.000000
inc_x_r = 0.000000, inc_y_r = 1.000000, inc_x_i = 1.000000, inc_y_i = 1.000000
En el else......

----------------------------------------
x = 5.000000, y = 87.000000
avance = -225.000000, avanceR = 2.000000, avanceI = 2.000000
inc_x_r = 0.000000, inc_y_r = 1.000000, inc_x_i = 1.000000, inc_y_i = 1.000000
En el else......

----------------------------------------
x = 5.000000, y = 88.000000
avance = -223.000000, avanceR = 2.000000, avanceI = 2.000000
inc_x_r = 0.000000, inc_y_r = 1.000000, inc_x_i = 1.000000, inc_y_i = 1.000000
En el else......

----------------------------------------
x = 5.000000, y = 89.000000
avance = -221.000000, avanceR = 2.000000, avanceI = 2.000000
inc_x_r = 0.000000, inc_y_r = 1.000000, inc_x_i = 1.000000, inc_y_i = 1.000000
En el else......

----------------------------------------
x = 5.000000, y = 90.000000
avance = -219.000000, avanceR = 2.000000, avanceI = 2.000000
inc_x_r = 0.000000, inc_y_r = 1.000000, inc_x_i = 1.000000, inc_y_i = 1.000000
En el else......

----------------------------------------
x = 5.000000, y = 91.000000
avance = -217.000000, avanceR = 2.000000, avanceI = 2.000000
inc_x_r = 0.000000, inc_y_r = 1.000000, inc_x_i = 1.000000, inc_y_i = 1.000000
En el else......

----------------------------------------
x = 5.000000, y = 92.000000
avance = -215.000000, avanceR = 2.000000, avanceI = 2.000000
inc_x_r = 0.000000, inc_y_r = 1.000000, inc_x_i = 1.000000, inc_y_i = 1.000000
En el else......

----------------------------------------
x = 5.000000, y = 93.000000
avance = -213.000000, avanceR = 2.000000, avanceI = 2.000000
inc_x_r = 0.000000, inc_y_r = 1.000000, inc_x_i = 1.000000, inc_y_i = 1.000000
En el else......

----------------------------------------
x = 5.000000, y = 94.000000
avance = -211.000000, avanceR = 2.000000, avanceI = 2.000000
inc_x_r = 0.000000, inc_y_r = 1.000000, inc_x_i = 1.000000, inc_y_i = 1.000000
En el else......

----------------------------------------
x = 5.000000, y = 95.000000
avance = -209.000000, avanceR = 2.000000, avanceI = 2.000000
inc_x_r = 0.000000, inc_y_r = 1.000000, inc_x_i = 1.000000, inc_y_i = 1.000000
En el else......

----------------------------------------
x = 5.000000, y = 96.000000
avance = -207.000000, avanceR = 2.000000, avanceI = 2.000000
inc_x_r = 0.000000, inc_y_r = 1.000000, inc_x_i = 1.000000, inc_y_i = 1.000000
En el else......

----------------------------------------
x = 5.000000, y = 97.000000
avance = -205.000000, avanceR = 2.000000, avanceI = 2.000000
inc_x_r = 0.000000, inc_y_r = 1.000000, inc_x_i = 1.000000, inc_y_i = 1.000000
En el else......

----------------------------------------
x = 5.000000, y = 98.000000
avance = -203.000000, avanceR = 2.000000, avanceI = 2.000000
inc_x_r = 0.000000, inc_y_r = 1.000000, inc_x_i = 1.000000, inc_y_i = 1.000000
En el else......

----------------------------------------
x = 5.000000, y = 99.000000
avance = -201.000000, avanceR = 2.000000, avanceI = 2.000000
inc_x_r = 0.000000, inc_y_r = 1.000000, inc_x_i = 1.000000, inc_y_i = 1.000000
En el else......

----------------------------------------
x = 5.000000, y = 100.000000
avance = -199.000000, avanceR = 2.000000, avanceI = 2.000000
inc_x_r = 0.000000, inc_y_r = 1.000000, inc_x_i = 1.000000, inc_y_i = 1.000000
En el else......

----------------------------------------
x = 5.000000, y = 101.000000
avance = -197.000000, avanceR = 2.000000, avanceI = 2.000000
inc_x_r = 0.000000, inc_y_r = 1.000000, inc_x_i = 1.000000, inc_y_i = 1.000000
En el else......

----------------------------------------
x = 5.000000, y = 102.000000
avance = -195.000000, avanceR = 2.000000, avanceI = 2.000000
inc_x_r = 0.000000, inc_y_r = 1.000000, inc_x_i = 1.000000, inc_y_i = 1.000000
En el else......

----------------------------------------
x = 5.000000, y = 103.000000
avance = -193.000000, avanceR = 2.000000, avanceI = 2.000000
inc_x_r = 0.000000, inc_y_r = 1.000000, inc_x_i = 1.000000, inc_y_i = 1.000000
En el else......

----------------------------------------
x = 5.000000, y = 104.000000
avance = -191.000000, avanceR = 2.000000, avanceI = 2.000000
inc_x_r = 0.000000, inc_y_r = 1.000000, inc_x_i = 1.000000, inc_y_i = 1.000000
En el else......

----------------------------------------
x = 5.000000, y = 105.000000
avance = -189.000000, avanceR = 2.000000, avanceI = 2.000000
inc_x_r = 0.000000, inc_y_r = 1.000000, inc_x_i = 1.000000, inc_y_i = 1.000000
En el else......

----------------------------------------
x = 5.000000, y = 106.000000
avance = -187.000000, avanceR = 2.000000, avanceI = 2.000000
inc_x_r = 0.000000, inc_y_r = 1.000000, inc_x_i = 1.000000, inc_y_i = 1.000000
En el else......

----------------------------------------
x = 5.000000, y = 107.000000
avance = -185.000000, avanceR = 2.000000, avanceI = 2.000000
inc_x_r = 0.000000, inc_y_r = 1.000000, inc_x_i = 1.000000, inc_y_i = 1.000000
En el else......

----------------------------------------
x = 5.000000, y = 108.000000
avance = -183.000000, avanceR = 2.000000, avanceI = 2.000000
inc_x_r = 0.000000, inc_y_r = 1.000000, inc_x_i = 1.000000, inc_y_i = 1.000000
En el else......

----------------------------------------
x = 5.000000, y = 109.000000
avance = -181.000000, avanceR = 2.000000, avanceI = 2.000000
inc_x_r = 0.000000, inc_y_r = 1.000000, inc_x_i = 1.000000, inc_y_i = 1.000000
En el else......

----------------------------------------
x = 5.000000, y = 110.000000
avance = -179.000000, avanceR = 2.000000, avanceI = 2.000000
inc_x_r = 0.000000, inc_y_r = 1.000000, inc_x_i = 1.000000, inc_y_i = 1.000000
En el else......

----------------------------------------
x = 5.000000, y = 111.000000
avance = -177.000000, avanceR = 2.000000, avanceI = 2.000000
inc_x_r = 0.000000, inc_y_r = 1.000000, inc_x_i = 1.000000, inc_y_i = 1.000000
En el else......

----------------------------------------
x = 5.000000, y = 112.000000
avance = -175.000000, avanceR = 2.000000, avanceI = 2.000000
inc_x_r = 0.000000, inc_y_r = 1.000000, inc_x_i = 1.000000, inc_y_i = 1.000000
En el else......

----------------------------------------
x = 5.000000, y = 113.000000
avance = -173.000000, avanceR = 2.000000, avanceI = 2.000000
inc_x_r = 0.000000, inc_y_r = 1.000000, inc_x_i = 1.000000, inc_y_i = 1.000000
En el else......

----------------------------------------
x = 5.000000, y = 114.000000
avance = -171.000000, avanceR = 2.000000, avanceI = 2.000000
inc_x_r = 0.000000, inc_y_r = 1.000000, inc_x_i = 1.000000, inc_y_i = 1.000000
En el else......

----------------------------------------
x = 5.000000, y = 115.000000
avance = -169.000000, avanceR = 2.000000, avanceI = 2.000000
inc_x_r = 0.000000, inc_y_r = 1.000000, inc_x_i = 1.000000, inc_y_i = 1.000000
En el else......

----------------------------------------
x = 5.000000, y = 116.000000
avance = -167.000000, avanceR = 2.000000, avanceI = 2.000000
inc_x_r = 0.000000, inc_y_r = 1.000000, inc_x_i = 1.000000, inc_y_i = 1.000000
En el else......

----------------------------------------
x = 5.000000, y = 117.000000
avance = -165.000000, avanceR = 2.000000, avanceI = 2.000000
inc_x_r = 0.000000, inc_y_r = 1.000000, inc_x_i = 1.000000, inc_y_i = 1.000000
En el else......

----------------------------------------
x = 5.000000, y = 118.000000
avance = -163.000000, avanceR = 2.000000, avanceI = 2.000000
inc_x_r = 0.000000, inc_y_r = 1.000000, inc_x_i = 1.000000, inc_y_i = 1.000000
En el else......

----------------------------------------
x = 5.000000, y = 119.000000
avance = -161.000000, avanceR = 2.000000, avanceI = 2.000000
inc_x_r = 0.000000, inc_y_r = 1.000000, inc_x_i = 1.000000, inc_y_i = 1.000000
En el else......

----------------------------------------
x = 5.000000, y = 120.000000
avance = -159.000000, avanceR = 2.000000, avanceI = 2.000000
inc_x_r = 0.000000, inc_y_r = 1.000000, inc_x_i = 1.000000, inc_y_i = 1.000000
En el else......

----------------------------------------
x = 5.000000, y = 121.000000
avance = -157.000000, avanceR = 2.000000, avanceI = 2.000000
inc_x_r = 0.000000, inc_y_r = 1.000000, inc_x_i = 1.000000, inc_y_i = 1.000000
En el else......

----------------------------------------
x = 5.000000, y = 122.000000
avance = -155.000000, avanceR = 2.000000, avanceI = 2.000000
inc_x_r = 0.000000, inc_y_r = 1.000000, inc_x_i = 1.000000, inc_y_i = 1.000000
En el else......

----------------------------------------
x = 5.000000, y = 123.000000
avance = -153.000000, avanceR = 2.000000, avanceI = 2.000000
inc_x_r = 0.000000, inc_y_r = 1.000000, inc_x_i = 1.000000, inc_y_i = 1.000000
En el else......

----------------------------------------
x = 5.000000, y = 124.000000
avance = -151.000000, avanceR = 2.000000, avanceI = 2.000000
inc_x_r = 0.000000, inc_y_r = 1.000000, inc_x_i = 1.000000, inc_y_i = 1.000000
En el else......

----------------------------------------
x = 5.000000, y = 125.000000
avance = -149.000000, avanceR = 2.000000, avanceI = 2.000000
inc_x_r = 0.000000, inc_y_r = 1.000000, inc_x_i = 1.000000, inc_y_i = 1.000000
En el else......

----------------------------------------
x = 5.000000, y = 126.000000
avance = -147.000000, avanceR = 2.000000, avanceI = 2.000000
inc_x_r = 0.000000, inc_y_r = 1.000000, inc_x_i = 1.000000, inc_y_i = 1.000000
En el else......

----------------------------------------
x = 5.000000, y = 127.000000
avance = -145.000000, avanceR = 2.000000, avanceI = 2.000000
inc_x_r = 0.000000, inc_y_r = 1.000000, inc_x_i = 1.000000, inc_y_i = 1.000000
En el else......

----------------------------------------
x = 5.000000, y = 128.000000
avance = -143.000000, avanceR = 2.000000, avanceI = 2.000000
inc_x_r = 0.000000, inc_y_r = 1.000000, inc_x_i = 1.000000, inc_y_i = 1.000000
En el else......

----------------------------------------
x = 5.000000, y = 129.000000
avance = -141.000000, avanceR = 2.000000, avanceI = 2.000000
inc_x_r = 0.000000, inc_y_r = 1.000000, inc_x_i = 1.000000, inc_y_i = 1.000000
En el else......

----------------------------------------
x = 5.000000, y = 130.000000
avance = -139.000000, avanceR = 2.000000, avanceI = 2.000000
inc_x_r = 0.000000, inc_y_r = 1.000000, inc_x_i = 1.000000, inc_y_i = 1.000000
En el else......

----------------------------------------
x = 5.000000, y = 131.000000
avance = -137.000000, avanceR = 2.000000, avanceI = 2.000000
inc_x_r = 0.000000, inc_y_r = 1.000000, inc_x_i = 1.000000, inc_y_i = 1.000000
En el else......

----------------------------------------
x = 5.000000, y = 132.000000
avance = -135.000000, avanceR = 2.000000, avanceI = 2.000000
inc_x_r = 0.000000, inc_y_r = 1.000000, inc_x_i = 1.000000, inc_y_i = 1.000000
En el else......

----------------------------------------
x = 5.000000, y = 133.000000
avance = -133.000000, avanceR = 2.000000, avanceI = 2.000000
inc_x_r = 0.000000, inc_y_r = 1.000000, inc_x_i = 1.000000, inc_y_i = 1.000000
En el else......

----------------------------------------
x = 5.000000, y = 134.000000
avance = -131.000000, avanceR = 2.000000, avanceI = 2.000000
inc_x_r = 0.000000, inc_y_r = 1.000000, inc_x_i = 1.000000, inc_y_i = 1.000000
En el else......

----------------------------------------
x = 5.000000, y = 135.000000
avance = -129.000000, avanceR = 2.000000, avanceI = 2.000000
inc_x_r = 0.000000, inc_y_r = 1.000000, inc_x_i = 1.000000, inc_y_i = 1.000000
En el else......

----------------------------------------
x = 5.000000, y = 136.000000
avance = -127.000000, avanceR = 2.000000, avanceI = 2.000000
inc_x_r = 0.000000, inc_y_r = 1.000000, inc_x_i = 1.000000, inc_y_i = 1.000000
En el else......

----------------------------------------
x = 5.000000, y = 137.000000
avance = -125.000000, avanceR = 2.000000, avanceI = 2.000000
inc_x_r = 0.000000, inc_y_r = 1.000000, inc_x_i = 1.000000, inc_y_i = 1.000000
En el else......

----------------------------------------
x = 5.000000, y = 138.000000
avance = -123.000000, avanceR = 2.000000, avanceI = 2.000000
inc_x_r = 0.000000, inc_y_r = 1.000000, inc_x_i = 1.000000, inc_y_i = 1.000000
En el else......

----------------------------------------
x = 5.000000, y = 139.000000
avance = -121.000000, avanceR = 2.000000, avanceI = 2.000000
inc_x_r = 0.000000, inc_y_r = 1.000000, inc_x_i = 1.000000, inc_y_i = 1.000000
En el else......

----------------------------------------
x = 5.000000, y = 140.000000
avance = -119.000000, avanceR = 2.000000, avanceI = 2.000000
inc_x_r = 0.000000, inc_y_r = 1.000000, inc_x_i = 1.000000, inc_y_i = 1.000000
En el else......

----------------------------------------
x = 5.000000, y = 141.000000
avance = -117.000000, avanceR = 2.000000, avanceI = 2.000000
inc_x_r = 0.000000, inc_y_r = 1.000000, inc_x_i = 1.000000, inc_y_i = 1.000000
En el else......

----------------------------------------
x = 5.000000, y = 142.000000
avance = -115.000000, avanceR = 2.000000, avanceI = 2.000000
inc_x_r = 0.000000, inc_y_r = 1.000000, inc_x_i = 1.000000, inc_y_i = 1.000000
En el else......

----------------------------------------
x = 5.000000, y = 143.000000
avance = -113.000000, avanceR = 2.000000, avanceI = 2.000000
inc_x_r = 0.000000, inc_y_r = 1.000000, inc_x_i = 1.000000, inc_y_i = 1.000000
En el else......

----------------------------------------
x = 5.000000, y = 144.000000
avance = -111.000000, avanceR = 2.000000, avanceI = 2.000000
inc_x_r = 0.000000, inc_y_r = 1.000000, inc_x_i = 1.000000, inc_y_i = 1.000000
En el else......

----------------------------------------
x = 5.000000, y = 145.000000
avance = -109.000000, avanceR = 2.000000, avanceI = 2.000000
inc_x_r = 0.000000, inc_y_r = 1.000000, inc_x_i = 1.000000, inc_y_i = 1.000000
En el else......

----------------------------------------
x = 5.000000, y = 146.000000
avance = -107.000000, avanceR = 2.000000, avanceI = 2.000000
inc_x_r = 0.000000, inc_y_r = 1.000000, inc_x_i = 1.000000, inc_y_i = 1.000000
En el else......

----------------------------------------
x = 5.000000, y = 147.000000
avance = -105.000000, avanceR = 2.000000, avanceI = 2.000000
inc_x_r = 0.000000, inc_y_r = 1.000000, inc_x_i = 1.000000, inc_y_i = 1.000000
En el else......

----------------------------------------
x = 5.000000, y = 148.000000
avance = -103.000000, avanceR = 2.000000, avanceI = 2.000000
inc_x_r = 0.000000, inc_y_r = 1.000000, inc_x_i = 1.000000, inc_y_i = 1.000000
En el else......

----------------------------------------
x = 5.000000, y = 149.000000
avance = -101.000000, avanceR = 2.000000, avanceI = 2.000000
inc_x_r = 0.000000, inc_y_r = 1.000000, inc_x_i = 1.000000, inc_y_i = 1.000000
En el else......

----------------------------------------
x = 5.000000, y = 150.000000
avance = -99.000000, avanceR = 2.000000, avanceI = 2.000000
inc_x_r = 0.000000, inc_y_r = 1.000000, inc_x_i = 1.000000, inc_y_i = 1.000000
En el else......

----------------------------------------
x = 5.000000, y = 151.000000
avance = -97.000000, avanceR = 2.000000, avanceI = 2.000000
inc_x_r = 0.000000, inc_y_r = 1.000000, inc_x_i = 1.000000, inc_y_i = 1.000000
En el else......

----------------------------------------
x = 5.000000, y = 152.000000
avance = -95.000000, avanceR = 2.000000, avanceI = 2.000000
inc_x_r = 0.000000, inc_y_r = 1.000000, inc_x_i = 1.000000, inc_y_i = 1.000000
En el else......

----------------------------------------
x = 5.000000, y = 153.000000
avance = -93.000000, avanceR = 2.000000, avanceI = 2.000000
inc_x_r = 0.000000, inc_y_r = 1.000000, inc_x_i = 1.000000, inc_y_i = 1.000000
En el else......

----------------------------------------
x = 5.000000, y = 154.000000
avance = -91.000000, avanceR = 2.000000, avanceI = 2.000000
inc_x_r = 0.000000, inc_y_r = 1.000000, inc_x_i = 1.000000, inc_y_i = 1.000000
En el else......

----------------------------------------
x = 5.000000, y = 155.000000
avance = -89.000000, avanceR = 2.000000, avanceI = 2.000000
inc_x_r = 0.000000, inc_y_r = 1.000000, inc_x_i = 1.000000, inc_y_i = 1.000000
En el else......

----------------------------------------
x = 5.000000, y = 156.000000
avance = -87.000000, avanceR = 2.000000, avanceI = 2.000000
inc_x_r = 0.000000, inc_y_r = 1.000000, inc_x_i = 1.000000, inc_y_i = 1.000000
En el else......

----------------------------------------
x = 5.000000, y = 157.000000
avance = -85.000000, avanceR = 2.000000, avanceI = 2.000000
inc_x_r = 0.000000, inc_y_r = 1.000000, inc_x_i = 1.000000, inc_y_i = 1.000000
En el else......

----------------------------------------
x = 5.000000, y = 158.000000
avance = -83.000000, avanceR = 2.000000, avanceI = 2.000000
inc_x_r = 0.000000, inc_y_r = 1.000000, inc_x_i = 1.000000, inc_y_i = 1.000000
En el else......

----------------------------------------
x = 5.000000, y = 159.000000
avance = -81.000000, avanceR = 2.000000, avanceI = 2.000000
inc_x_r = 0.000000, inc_y_r = 1.000000, inc_x_i = 1.000000, inc_y_i = 1.000000
En el else......

----------------------------------------
x = 5.000000, y = 160.000000
avance = -79.000000, avanceR = 2.000000, avanceI = 2.000000
inc_x_r = 0.000000, inc_y_r = 1.000000, inc_x_i = 1.000000, inc_y_i = 1.000000
En el else......

----------------------------------------
x = 5.000000, y = 161.000000
avance = -77.000000, avanceR = 2.000000, avanceI = 2.000000
inc_x_r = 0.000000, inc_y_r = 1.000000, inc_x_i = 1.000000, inc_y_i = 1.000000
En el else......

----------------------------------------
x = 5.000000, y = 162.000000
avance = -75.000000, avanceR = 2.000000, avanceI = 2.000000
inc_x_r = 0.000000, inc_y_r = 1.000000, inc_x_i = 1.000000, inc_y_i = 1.000000
En el else......

----------------------------------------
x = 5.000000, y = 163.000000
avance = -73.000000, avanceR = 2.000000, avanceI = 2.000000
inc_x_r = 0.000000, inc_y_r = 1.000000, inc_x_i = 1.000000, inc_y_i = 1.000000
En el else......

----------------------------------------
x = 5.000000, y = 164.000000
avance = -71.000000, avanceR = 2.000000, avanceI = 2.000000
inc_x_r = 0.000000, inc_y_r = 1.000000, inc_x_i = 1.000000, inc_y_i = 1.000000
En el else......

----------------------------------------
x = 5.000000, y = 165.000000
avance = -69.000000, avanceR = 2.000000, avanceI = 2.000000
inc_x_r = 0.000000, inc_y_r = 1.000000, inc_x_i = 1.000000, inc_y_i = 1.000000
En el else......

----------------------------------------
x = 5.000000, y = 166.000000
avance = -67.000000, avanceR = 2.000000, avanceI = 2.000000
inc_x_r = 0.000000, inc_y_r = 1.000000, inc_x_i = 1.000000, inc_y_i = 1.000000
En el else......

----------------------------------------
x = 5.000000, y = 167.000000
avance = -65.000000, avanceR = 2.000000, avanceI = 2.000000
inc_x_r = 0.000000, inc_y_r = 1.000000, inc_x_i = 1.000000, inc_y_i = 1.000000
En el else......

----------------------------------------
x = 5.000000, y = 168.000000
avance = -63.000000, avanceR = 2.000000, avanceI = 2.000000
inc_x_r = 0.000000, inc_y_r = 1.000000, inc_x_i = 1.000000, inc_y_i = 1.000000
En el else......

----------------------------------------
x = 5.000000, y = 169.000000
avance = -61.000000, avanceR = 2.000000, avanceI = 2.000000
inc_x_r = 0.000000, inc_y_r = 1.000000, inc_x_i = 1.000000, inc_y_i = 1.000000
En el else......

----------------------------------------
x = 5.000000, y = 170.000000
avance = -59.000000, avanceR = 2.000000, avanceI = 2.000000
inc_x_r = 0.000000, inc_y_r = 1.000000, inc_x_i = 1.000000, inc_y_i = 1.000000
En el else......

----------------------------------------
x = 5.000000, y = 171.000000
avance = -57.000000, avanceR = 2.000000, avanceI = 2.000000
inc_x_r = 0.000000, inc_y_r = 1.000000, inc_x_i = 1.000000, inc_y_i = 1.000000
En el else......

----------------------------------------
x = 5.000000, y = 172.000000
avance = -55.000000, avanceR = 2.000000, avanceI = 2.000000
inc_x_r = 0.000000, inc_y_r = 1.000000, inc_x_i = 1.000000, inc_y_i = 1.000000
En el else......

----------------------------------------
x = 5.000000, y = 173.000000
avance = -53.000000, avanceR = 2.000000, avanceI = 2.000000
inc_x_r = 0.000000, inc_y_r = 1.000000, inc_x_i = 1.000000, inc_y_i = 1.000000
En el else......

----------------------------------------
x = 5.000000, y = 174.000000
avance = -51.000000, avanceR = 2.000000, avanceI = 2.000000
inc_x_r = 0.000000, inc_y_r = 1.000000, inc_x_i = 1.000000, inc_y_i = 1.000000
En el else......

----------------------------------------
x = 5.000000, y = 175.000000
avance = -49.000000, avanceR = 2.000000, avanceI = 2.000000
inc_x_r = 0.000000, inc_y_r = 1.000000, inc_x_i = 1.000000, inc_y_i = 1.000000
En el else......

----------------------------------------
x = 5.000000, y = 176.000000
avance = -47.000000, avanceR = 2.000000, avanceI = 2.000000
inc_x_r = 0.000000, inc_y_r = 1.000000, inc_x_i = 1.000000, inc_y_i = 1.000000
En el else......

----------------------------------------
x = 5.000000, y = 177.000000
avance = -45.000000, avanceR = 2.000000, avanceI = 2.000000
inc_x_r = 0.000000, inc_y_r = 1.000000, inc_x_i = 1.000000, inc_y_i = 1.000000
En el else......

----------------------------------------
x = 5.000000, y = 178.000000
avance = -43.000000, avanceR = 2.000000, avanceI = 2.000000
inc_x_r = 0.000000, inc_y_r = 1.000000, inc_x_i = 1.000000, inc_y_i = 1.000000
En el else......

----------------------------------------
x = 5.000000, y = 179.000000
avance = -41.000000, avanceR = 2.000000, avanceI = 2.000000
inc_x_r = 0.000000, inc_y_r = 1.000000, inc_x_i = 1.000000, inc_y_i = 1.000000
En el else......

----------------------------------------
x = 5.000000, y = 180.000000
avance = -39.000000, avanceR = 2.000000, avanceI = 2.000000
inc_x_r = 0.000000, inc_y_r = 1.000000, inc_x_i = 1.000000, inc_y_i = 1.000000
En el else......

----------------------------------------
x = 5.000000, y = 181.000000
avance = -37.000000, avanceR = 2.000000, avanceI = 2.000000
inc_x_r = 0.000000, inc_y_r = 1.000000, inc_x_i = 1.000000, inc_y_i = 1.000000
En el else......

----------------------------------------
x = 5.000000, y = 182.000000
avance = -35.000000, avanceR = 2.000000, avanceI = 2.000000
inc_x_r = 0.000000, inc_y_r = 1.000000, inc_x_i = 1.000000, inc_y_i = 1.000000
En el else......

----------------------------------------
x = 5.000000, y = 183.000000
avance = -33.000000, avanceR = 2.000000, avanceI = 2.000000
inc_x_r = 0.000000, inc_y_r = 1.000000, inc_x_i = 1.000000, inc_y_i = 1.000000
En el else......

----------------------------------------
x = 5.000000, y = 184.000000
avance = -31.000000, avanceR = 2.000000, avanceI = 2.000000
inc_x_r = 0.000000, inc_y_r = 1.000000, inc_x_i = 1.000000, inc_y_i = 1.000000
En el else......

----------------------------------------
x = 5.000000, y = 185.000000
avance = -29.000000, avanceR = 2.000000, avanceI = 2.000000
inc_x_r = 0.000000, inc_y_r = 1.000000, inc_x_i = 1.000000, inc_y_i = 1.000000
En el else......

----------------------------------------
x = 5.000000, y = 186.000000
avance = -27.000000, avanceR = 2.000000, avanceI = 2.000000
inc_x_r = 0.000000, inc_y_r = 1.000000, inc_x_i = 1.000000, inc_y_i = 1.000000
En el else......

----------------------------------------
x = 5.000000, y = 187.000000
avance = -25.000000, avanceR = 2.000000, avanceI = 2.000000
inc_x_r = 0.000000, inc_y_r = 1.000000, inc_x_i = 1.000000, inc_y_i = 1.000000
En el else......

----------------------------------------
x = 5.000000, y = 188.000000
avance = -23.000000, avanceR = 2.000000, avanceI = 2.000000
inc_x_r = 0.000000, inc_y_r = 1.000000, inc_x_i = 1.000000, inc_y_i = 1.000000
En el else......

----------------------------------------
x = 5.000000, y = 189.000000
avance = -21.000000, avanceR = 2.000000, avanceI = 2.000000
inc_x_r = 0.000000, inc_y_r = 1.000000, inc_x_i = 1.000000, inc_y_i = 1.000000
En el else......

----------------------------------------
x = 5.000000, y = 190.000000
avance = -19.000000, avanceR = 2.000000, avanceI = 2.000000
inc_x_r = 0.000000, inc_y_r = 1.000000, inc_x_i = 1.000000, inc_y_i = 1.000000
En el else......

----------------------------------------
x = 5.000000, y = 191.000000
avance = -17.000000, avanceR = 2.000000, avanceI = 2.000000
inc_x_r = 0.000000, inc_y_r = 1.000000, inc_x_i = 1.000000, inc_y_i = 1.000000
En el else......

----------------------------------------
x = 5.000000, y = 192.000000
avance = -15.000000, avanceR = 2.000000, avanceI = 2.000000
inc_x_r = 0.000000, inc_y_r = 1.000000, inc_x_i = 1.000000, inc_y_i = 1.000000
En el else......

----------------------------------------
x = 5.000000, y = 193.000000
avance = -13.000000, avanceR = 2.000000, avanceI = 2.000000
inc_x_r = 0.000000, inc_y_r = 1.000000, inc_x_i = 1.000000, inc_y_i = 1.000000
En el else......

----------------------------------------
x = 5.000000, y = 194.000000
avance = -11.000000, avanceR = 2.000000, avanceI = 2.000000
inc_x_r = 0.000000, inc_y_r = 1.000000, inc_x_i = 1.000000, inc_y_i = 1.000000
En el else......

----------------------------------------
x = 5.000000, y = 195.000000
avance = -9.000000, avanceR = 2.000000, avanceI = 2.000000
inc_x_r = 0.000000, inc_y_r = 1.000000, inc_x_i = 1.000000, inc_y_i = 1.000000
En el else......

----------------------------------------
x = 5.000000, y = 196.000000
avance = -7.000000, avanceR = 2.000000, avanceI = 2.000000
inc_x_r = 0.000000, inc_y_r = 1.000000, inc_x_i = 1.000000, inc_y_i = 1.000000
En el else......

----------------------------------------
x = 5.000000, y = 197.000000
avance = -5.000000, avanceR = 2.000000, avanceI = 2.000000
inc_x_r = 0.000000, inc_y_r = 1.000000, inc_x_i = 1.000000, inc_y_i = 1.000000
En el else......

----------------------------------------
x = 5.000000, y = 198.000000
avance = -3.000000, avanceR = 2.000000, avanceI = 2.000000
inc_x_r = 0.000000, inc_y_r = 1.000000, inc_x_i = 1.000000, inc_y_i = 1.000000
En el else......

----------------------------------------
x = 5.000000, y = 199.000000
avance = -1.000000, avanceR = 2.000000, avanceI = 2.000000
inc_x_r = 0.000000, inc_y_r = 1.000000, inc_x_i = 1.000000, inc_y_i = 1.000000
En el else......

----------------------------------------
x = 5.000000, y = 200.000000
avance = 1.000000, avanceR = 2.000000, avanceI = 2.000000
inc_x_r = 0.000000, inc_y_r = 1.000000, inc_x_i = 1.000000, inc_y_i = 1.000000
avance >= 0

----------------------------------------
x = 6.000000, y = 201.000000
avance = -499.000000, avanceR = 2.000000, avanceI = 2.000000
inc_x_r = 0.000000, inc_y_r = 1.000000, inc_x_i = 1.000000, inc_y_i = 1.000000
En el else......

----------------------------------------
x = 6.000000, y = 202.000000
avance = -497.000000, avanceR = 2.000000, avanceI = 2.000000
inc_x_r = 0.000000, inc_y_r = 1.000000, inc_x_i = 1.000000, inc_y_i = 1.000000
En el else......

----------------------------------------
x = 6.000000, y = 203.000000
avance = -495.000000, avanceR = 2.000000, avanceI = 2.000000
inc_x_r = 0.000000, inc_y_r = 1.000000, inc_x_i = 1.000000, inc_y_i = 1.000000
En el else......

----------------------------------------
x = 6.000000, y = 204.000000
avance = -493.000000, avanceR = 2.000000, avanceI = 2.000000
inc_x_r = 0.000000, inc_y_r = 1.000000, inc_x_i = 1.000000, inc_y_i = 1.000000
En el else......

----------------------------------------
x = 6.000000, y = 205.000000
avance = -491.000000, avanceR = 2.000000, avanceI = 2.000000
inc_x_r = 0.000000, inc_y_r = 1.000000, inc_x_i = 1.000000, inc_y_i = 1.000000
En el else......

----------------------------------------
x = 6.000000, y = 206.000000
avance = -489.000000, avanceR = 2.000000, avanceI = 2.000000
inc_x_r = 0.000000, inc_y_r = 1.000000, inc_x_i = 1.000000, inc_y_i = 1.000000
En el else......

----------------------------------------
x = 6.000000, y = 207.000000
avance = -487.000000, avanceR = 2.000000, avanceI = 2.000000
inc_x_r = 0.000000, inc_y_r = 1.000000, inc_x_i = 1.000000, inc_y_i = 1.000000
En el else......

----------------------------------------
x = 6.000000, y = 208.000000
avance = -485.000000, avanceR = 2.000000, avanceI = 2.000000
inc_x_r = 0.000000, inc_y_r = 1.000000, inc_x_i = 1.000000, inc_y_i = 1.000000
En el else......

----------------------------------------
x = 6.000000, y = 209.000000
avance = -483.000000, avanceR = 2.000000, avanceI = 2.000000
inc_x_r = 0.000000, inc_y_r = 1.000000, inc_x_i = 1.000000, inc_y_i = 1.000000
En el else......

----------------------------------------
x = 6.000000, y = 210.000000
avance = -481.000000, avanceR = 2.000000, avanceI = 2.000000
inc_x_r = 0.000000, inc_y_r = 1.000000, inc_x_i = 1.000000, inc_y_i = 1.000000
En el else......

----------------------------------------
x = 6.000000, y = 211.000000
avance = -479.000000, avanceR = 2.000000, avanceI = 2.000000
inc_x_r = 0.000000, inc_y_r = 1.000000, inc_x_i = 1.000000, inc_y_i = 1.000000
En el else......

----------------------------------------
x = 6.000000, y = 212.000000
avance = -477.000000, avanceR = 2.000000, avanceI = 2.000000
inc_x_r = 0.000000, inc_y_r = 1.000000, inc_x_i = 1.000000, inc_y_i = 1.000000
En el else......

----------------------------------------
x = 6.000000, y = 213.000000
avance = -475.000000, avanceR = 2.000000, avanceI = 2.000000
inc_x_r = 0.000000, inc_y_r = 1.000000, inc_x_i = 1.000000, inc_y_i = 1.000000
En el else......

----------------------------------------
x = 6.000000, y = 214.000000
avance = -473.000000, avanceR = 2.000000, avanceI = 2.000000
inc_x_r = 0.000000, inc_y_r = 1.000000, inc_x_i = 1.000000, inc_y_i = 1.000000
En el else......

----------------------------------------
x = 6.000000, y = 215.000000
avance = -471.000000, avanceR = 2.000000, avanceI = 2.000000
inc_x_r = 0.000000, inc_y_r = 1.000000, inc_x_i = 1.000000, inc_y_i = 1.000000
En el else......

----------------------------------------
x = 6.000000, y = 216.000000
avance = -469.000000, avanceR = 2.000000, avanceI = 2.000000
inc_x_r = 0.000000, inc_y_r = 1.000000, inc_x_i = 1.000000, inc_y_i = 1.000000
En el else......

----------------------------------------
x = 6.000000, y = 217.000000
avance = -467.000000, avanceR = 2.000000, avanceI = 2.000000
inc_x_r = 0.000000, inc_y_r = 1.000000, inc_x_i = 1.000000, inc_y_i = 1.000000
En el else......

----------------------------------------
x = 6.000000, y = 218.000000
avance = -465.000000, avanceR = 2.000000, avanceI = 2.000000
inc_x_r = 0.000000, inc_y_r = 1.000000, inc_x_i = 1.000000, inc_y_i = 1.000000
En el else......

----------------------------------------
x = 6.000000, y = 219.000000
avance = -463.000000, avanceR = 2.000000, avanceI = 2.000000
inc_x_r = 0.000000, inc_y_r = 1.000000, inc_x_i = 1.000000, inc_y_i = 1.000000
En el else......

----------------------------------------
x = 6.000000, y = 220.000000
avance = -461.000000, avanceR = 2.000000, avanceI = 2.000000
inc_x_r = 0.000000, inc_y_r = 1.000000, inc_x_i = 1.000000, inc_y_i = 1.000000
En el else......

----------------------------------------
x = 6.000000, y = 221.000000
avance = -459.000000, avanceR = 2.000000, avanceI = 2.000000
inc_x_r = 0.000000, inc_y_r = 1.000000, inc_x_i = 1.000000, inc_y_i = 1.000000
En el else......

----------------------------------------
x = 6.000000, y = 222.000000
avance = -457.000000, avanceR = 2.000000, avanceI = 2.000000
inc_x_r = 0.000000, inc_y_r = 1.000000, inc_x_i = 1.000000, inc_y_i = 1.000000
En el else......

----------------------------------------
x = 6.000000, y = 223.000000
avance = -455.000000, avanceR = 2.000000, avanceI = 2.000000
inc_x_r = 0.000000, inc_y_r = 1.000000, inc_x_i = 1.000000, inc_y_i = 1.000000
En el else......

----------------------------------------
x = 6.000000, y = 224.000000
avance = -453.000000, avanceR = 2.000000, avanceI = 2.000000
inc_x_r = 0.000000, inc_y_r = 1.000000, inc_x_i = 1.000000, inc_y_i = 1.000000
En el else......

----------------------------------------
x = 6.000000, y = 225.000000
avance = -451.000000, avanceR = 2.000000, avanceI = 2.000000
inc_x_r = 0.000000, inc_y_r = 1.000000, inc_x_i = 1.000000, inc_y_i = 1.000000
En el else......

----------------------------------------
x = 6.000000, y = 226.000000
avance = -449.000000, avanceR = 2.000000, avanceI = 2.000000
inc_x_r = 0.000000, inc_y_r = 1.000000, inc_x_i = 1.000000, inc_y_i = 1.000000
En el else......

----------------------------------------
x = 6.000000, y = 227.000000
avance = -447.000000, avanceR = 2.000000, avanceI = 2.000000
inc_x_r = 0.000000, inc_y_r = 1.000000, inc_x_i = 1.000000, inc_y_i = 1.000000
En el else......

----------------------------------------
x = 6.000000, y = 228.000000
avance = -445.000000, avanceR = 2.000000, avanceI = 2.000000
inc_x_r = 0.000000, inc_y_r = 1.000000, inc_x_i = 1.000000, inc_y_i = 1.000000
En el else......

----------------------------------------
x = 6.000000, y = 229.000000
avance = -443.000000, avanceR = 2.000000, avanceI = 2.000000
inc_x_r = 0.000000, inc_y_r = 1.000000, inc_x_i = 1.000000, inc_y_i = 1.000000
En el else......

----------------------------------------
x = 6.000000, y = 230.000000
avance = -441.000000, avanceR = 2.000000, avanceI = 2.000000
inc_x_r = 0.000000, inc_y_r = 1.000000, inc_x_i = 1.000000, inc_y_i = 1.000000
En el else......

----------------------------------------
x = 6.000000, y = 231.000000
avance = -439.000000, avanceR = 2.000000, avanceI = 2.000000
inc_x_r = 0.000000, inc_y_r = 1.000000, inc_x_i = 1.000000, inc_y_i = 1.000000
En el else......

----------------------------------------
x = 6.000000, y = 232.000000
avance = -437.000000, avanceR = 2.000000, avanceI = 2.000000
inc_x_r = 0.000000, inc_y_r = 1.000000, inc_x_i = 1.000000, inc_y_i = 1.000000
En el else......

----------------------------------------
x = 6.000000, y = 233.000000
avance = -435.000000, avanceR = 2.000000, avanceI = 2.000000
inc_x_r = 0.000000, inc_y_r = 1.000000, inc_x_i = 1.000000, inc_y_i = 1.000000
En el else......

----------------------------------------
x = 6.000000, y = 234.000000
avance = -433.000000, avanceR = 2.000000, avanceI = 2.000000
inc_x_r = 0.000000, inc_y_r = 1.000000, inc_x_i = 1.000000, inc_y_i = 1.000000
En el else......

----------------------------------------
x = 6.000000, y = 235.000000
avance = -431.000000, avanceR = 2.000000, avanceI = 2.000000
inc_x_r = 0.000000, inc_y_r = 1.000000, inc_x_i = 1.000000, inc_y_i = 1.000000
En el else......

----------------------------------------
x = 6.000000, y = 236.000000
avance = -429.000000, avanceR = 2.000000, avanceI = 2.000000
inc_x_r = 0.000000, inc_y_r = 1.000000, inc_x_i = 1.000000, inc_y_i = 1.000000
En el else......

----------------------------------------
x = 6.000000, y = 237.000000
avance = -427.000000, avanceR = 2.000000, avanceI = 2.000000
inc_x_r = 0.000000, inc_y_r = 1.000000, inc_x_i = 1.000000, inc_y_i = 1.000000
En el else......

----------------------------------------
x = 6.000000, y = 238.000000
avance = -425.000000, avanceR = 2.000000, avanceI = 2.000000
inc_x_r = 0.000000, inc_y_r = 1.000000, inc_x_i = 1.000000, inc_y_i = 1.000000
En el else......

----------------------------------------
x = 6.000000, y = 239.000000
avance = -423.000000, avanceR = 2.000000, avanceI = 2.000000
inc_x_r = 0.000000, inc_y_r = 1.000000, inc_x_i = 1.000000, inc_y_i = 1.000000
En el else......

----------------------------------------
x = 6.000000, y = 240.000000
avance = -421.000000, avanceR = 2.000000, avanceI = 2.000000
inc_x_r = 0.000000, inc_y_r = 1.000000, inc_x_i = 1.000000, inc_y_i = 1.000000
En el else......

----------------------------------------
x = 6.000000, y = 241.000000
avance = -419.000000, avanceR = 2.000000, avanceI = 2.000000
inc_x_r = 0.000000, inc_y_r = 1.000000, inc_x_i = 1.000000, inc_y_i = 1.000000
En el else......

----------------------------------------
x = 6.000000, y = 242.000000
avance = -417.000000, avanceR = 2.000000, avanceI = 2.000000
inc_x_r = 0.000000, inc_y_r = 1.000000, inc_x_i = 1.000000, inc_y_i = 1.000000
En el else......

----------------------------------------
x = 6.000000, y = 243.000000
avance = -415.000000, avanceR = 2.000000, avanceI = 2.000000
inc_x_r = 0.000000, inc_y_r = 1.000000, inc_x_i = 1.000000, inc_y_i = 1.000000
En el else......

----------------------------------------
x = 6.000000, y = 244.000000
avance = -413.000000, avanceR = 2.000000, avanceI = 2.000000
inc_x_r = 0.000000, inc_y_r = 1.000000, inc_x_i = 1.000000, inc_y_i = 1.000000
En el else......

----------------------------------------
x = 6.000000, y = 245.000000
avance = -411.000000, avanceR = 2.000000, avanceI = 2.000000
inc_x_r = 0.000000, inc_y_r = 1.000000, inc_x_i = 1.000000, inc_y_i = 1.000000
En el else......

----------------------------------------
x = 6.000000, y = 246.000000
avance = -409.000000, avanceR = 2.000000, avanceI = 2.000000
inc_x_r = 0.000000, inc_y_r = 1.000000, inc_x_i = 1.000000, inc_y_i = 1.000000
En el else......

----------------------------------------
x = 6.000000, y = 247.000000
avance = -407.000000, avanceR = 2.000000, avanceI = 2.000000
inc_x_r = 0.000000, inc_y_r = 1.000000, inc_x_i = 1.000000, inc_y_i = 1.000000
En el else......

----------------------------------------
x = 6.000000, y = 248.000000
avance = -405.000000, avanceR = 2.000000, avanceI = 2.000000
inc_x_r = 0.000000, inc_y_r = 1.000000, inc_x_i = 1.000000, inc_y_i = 1.000000
En el else......

----------------------------------------
x = 6.000000, y = 249.000000
avance = -403.000000, avanceR = 2.000000, avanceI = 2.000000
inc_x_r = 0.000000, inc_y_r = 1.000000, inc_x_i = 1.000000, inc_y_i = 1.000000
En el else......

----------------------------------------
x = 6.000000, y = 250.000000
avance = -401.000000, avanceR = 2.000000, avanceI = 2.000000
inc_x_r = 0.000000, inc_y_r = 1.000000, inc_x_i = 1.000000, inc_y_i = 1.000000
En el else......

----------------------------------------
x = 6.000000, y = 251.000000
avance = -399.000000, avanceR = 2.000000, avanceI = 2.000000
inc_x_r = 0.000000, inc_y_r = 1.000000, inc_x_i = 1.000000, inc_y_i = 1.000000
En el else......

----------------------------------------
x = 6.000000, y = 252.000000
avance = -397.000000, avanceR = 2.000000, avanceI = 2.000000
inc_x_r = 0.000000, inc_y_r = 1.000000, inc_x_i = 1.000000, inc_y_i = 1.000000
En el else......

----------------------------------------
x = 6.000000, y = 253.000000
avance = -395.000000, avanceR = 2.000000, avanceI = 2.000000
inc_x_r = 0.000000, inc_y_r = 1.000000, inc_x_i = 1.000000, inc_y_i = 1.000000
En el else......

----------------------------------------
x = 6.000000, y = 254.000000
avance = -393.000000, avanceR = 2.000000, avanceI = 2.000000
inc_x_r = 0.000000, inc_y_r = 1.000000, inc_x_i = 1.000000, inc_y_i = 1.000000
En el else......

----------------------------------------
x = 6.000000, y = 255.000000
avance = -391.000000, avanceR = 2.000000, avanceI = 2.000000
inc_x_r = 0.000000, inc_y_r = 1.000000, inc_x_i = 1.000000, inc_y_i = 1.000000
En el else......

----------------------------------------
x = 6.000000, y = 256.000000
avance = -389.000000, avanceR = 2.000000, avanceI = 2.000000
inc_x_r = 0.000000, inc_y_r = 1.000000, inc_x_i = 1.000000, inc_y_i = 1.000000
En el else......

----------------------------------------
x = 6.000000, y = 257.000000
avance = -387.000000, avanceR = 2.000000, avanceI = 2.000000
inc_x_r = 0.000000, inc_y_r = 1.000000, inc_x_i = 1.000000, inc_y_i = 1.000000
En el else......

----------------------------------------
x = 6.000000, y = 258.000000
avance = -385.000000, avanceR = 2.000000, avanceI = 2.000000
inc_x_r = 0.000000, inc_y_r = 1.000000, inc_x_i = 1.000000, inc_y_i = 1.000000
En el else......

----------------------------------------
x = 6.000000, y = 259.000000
avance = -383.000000, avanceR = 2.000000, avanceI = 2.000000
inc_x_r = 0.000000, inc_y_r = 1.000000, inc_x_i = 1.000000, inc_y_i = 1.000000
En el else......

----------------------------------------
x = 6.000000, y = 260.000000
avance = -381.000000, avanceR = 2.000000, avanceI = 2.000000
inc_x_r = 0.000000, inc_y_r = 1.000000, inc_x_i = 1.000000, inc_y_i = 1.000000
En el else......

----------------------------------------
x = 6.000000, y = 261.000000
avance = -379.000000, avanceR = 2.000000, avanceI = 2.000000
inc_x_r = 0.000000, inc_y_r = 1.000000, inc_x_i = 1.000000, inc_y_i = 1.000000
En el else......

----------------------------------------
x = 6.000000, y = 262.000000
avance = -377.000000, avanceR = 2.000000, avanceI = 2.000000
inc_x_r = 0.000000, inc_y_r = 1.000000, inc_x_i = 1.000000, inc_y_i = 1.000000
En el else......

----------------------------------------
x = 6.000000, y = 263.000000
avance = -375.000000, avanceR = 2.000000, avanceI = 2.000000
inc_x_r = 0.000000, inc_y_r = 1.000000, inc_x_i = 1.000000, inc_y_i = 1.000000
En el else......

----------------------------------------
x = 6.000000, y = 264.000000
avance = -373.000000, avanceR = 2.000000, avanceI = 2.000000
inc_x_r = 0.000000, inc_y_r = 1.000000, inc_x_i = 1.000000, inc_y_i = 1.000000
En el else......

----------------------------------------
x = 6.000000, y = 265.000000
avance = -371.000000, avanceR = 2.000000, avanceI = 2.000000
inc_x_r = 0.000000, inc_y_r = 1.000000, inc_x_i = 1.000000, inc_y_i = 1.000000
En el else......

----------------------------------------
x = 6.000000, y = 266.000000
avance = -369.000000, avanceR = 2.000000, avanceI = 2.000000
inc_x_r = 0.000000, inc_y_r = 1.000000, inc_x_i = 1.000000, inc_y_i = 1.000000
En el else......

----------------------------------------
x = 6.000000, y = 267.000000
avance = -367.000000, avanceR = 2.000000, avanceI = 2.000000
inc_x_r = 0.000000, inc_y_r = 1.000000, inc_x_i = 1.000000, inc_y_i = 1.000000
En el else......

----------------------------------------
x = 6.000000, y = 268.000000
avance = -365.000000, avanceR = 2.000000, avanceI = 2.000000
inc_x_r = 0.000000, inc_y_r = 1.000000, inc_x_i = 1.000000, inc_y_i = 1.000000
En el else......

----------------------------------------
x = 6.000000, y = 269.000000
avance = -363.000000, avanceR = 2.000000, avanceI = 2.000000
inc_x_r = 0.000000, inc_y_r = 1.000000, inc_x_i = 1.000000, inc_y_i = 1.000000
En el else......

----------------------------------------
x = 6.000000, y = 270.000000
avance = -361.000000, avanceR = 2.000000, avanceI = 2.000000
inc_x_r = 0.000000, inc_y_r = 1.000000, inc_x_i = 1.000000, inc_y_i = 1.000000
En el else......

----------------------------------------
x = 6.000000, y = 271.000000
avance = -359.000000, avanceR = 2.000000, avanceI = 2.000000
inc_x_r = 0.000000, inc_y_r = 1.000000, inc_x_i = 1.000000, inc_y_i = 1.000000
En el else......

----------------------------------------
x = 6.000000, y = 272.000000
avance = -357.000000, avanceR = 2.000000, avanceI = 2.000000
inc_x_r = 0.000000, inc_y_r = 1.000000, inc_x_i = 1.000000, inc_y_i = 1.000000
En el else......

----------------------------------------
x = 6.000000, y = 273.000000
avance = -355.000000, avanceR = 2.000000, avanceI = 2.000000
inc_x_r = 0.000000, inc_y_r = 1.000000, inc_x_i = 1.000000, inc_y_i = 1.000000
En el else......

----------------------------------------
x = 6.000000, y = 274.000000
avance = -353.000000, avanceR = 2.000000, avanceI = 2.000000
inc_x_r = 0.000000, inc_y_r = 1.000000, inc_x_i = 1.000000, inc_y_i = 1.000000
En el else......

----------------------------------------
x = 6.000000, y = 275.000000
avance = -351.000000, avanceR = 2.000000, avanceI = 2.000000
inc_x_r = 0.000000, inc_y_r = 1.000000, inc_x_i = 1.000000, inc_y_i = 1.000000
En el else......

----------------------------------------
x = 6.000000, y = 276.000000
avance = -349.000000, avanceR = 2.000000, avanceI = 2.000000
inc_x_r = 0.000000, inc_y_r = 1.000000, inc_x_i = 1.000000, inc_y_i = 1.000000
En el else......

----------------------------------------
x = 6.000000, y = 277.000000
avance = -347.000000, avanceR = 2.000000, avanceI = 2.000000
inc_x_r = 0.000000, inc_y_r = 1.000000, inc_x_i = 1.000000, inc_y_i = 1.000000
En el else......

----------------------------------------
x = 6.000000, y = 278.000000
avance = -345.000000, avanceR = 2.000000, avanceI = 2.000000
inc_x_r = 0.000000, inc_y_r = 1.000000, inc_x_i = 1.000000, inc_y_i = 1.000000
En el else......

----------------------------------------
x = 6.000000, y = 279.000000
avance = -343.000000, avanceR = 2.000000, avanceI = 2.000000
inc_x_r = 0.000000, inc_y_r = 1.000000, inc_x_i = 1.000000, inc_y_i = 1.000000
En el else......

----------------------------------------
x = 6.000000, y = 280.000000
avance = -341.000000, avanceR = 2.000000, avanceI = 2.000000
inc_x_r = 0.000000, inc_y_r = 1.000000, inc_x_i = 1.000000, inc_y_i = 1.000000
En el else......

----------------------------------------
x = 6.000000, y = 281.000000
avance = -339.000000, avanceR = 2.000000, avanceI = 2.000000
inc_x_r = 0.000000, inc_y_r = 1.000000, inc_x_i = 1.000000, inc_y_i = 1.000000
En el else......

----------------------------------------
x = 6.000000, y = 282.000000
avance = -337.000000, avanceR = 2.000000, avanceI = 2.000000
inc_x_r = 0.000000, inc_y_r = 1.000000, inc_x_i = 1.000000, inc_y_i = 1.000000
En el else......

----------------------------------------
x = 6.000000, y = 283.000000
avance = -335.000000, avanceR = 2.000000, avanceI = 2.000000
inc_x_r = 0.000000, inc_y_r = 1.000000, inc_x_i = 1.000000, inc_y_i = 1.000000
En el else......

----------------------------------------
x = 6.000000, y = 284.000000
avance = -333.000000, avanceR = 2.000000, avanceI = 2.000000
inc_x_r = 0.000000, inc_y_r = 1.000000, inc_x_i = 1.000000, inc_y_i = 1.000000
En el else......

----------------------------------------
x = 6.000000, y = 285.000000
avance = -331.000000, avanceR = 2.000000, avanceI = 2.000000
inc_x_r = 0.000000, inc_y_r = 1.000000, inc_x_i = 1.000000, inc_y_i = 1.000000
En el else......

----------------------------------------
x = 6.000000, y = 286.000000
avance = -329.000000, avanceR = 2.000000, avanceI = 2.000000
inc_x_r = 0.000000, inc_y_r = 1.000000, inc_x_i = 1.000000, inc_y_i = 1.000000
En el else......

----------------------------------------
x = 6.000000, y = 287.000000
avance = -327.000000, avanceR = 2.000000, avanceI = 2.000000
inc_x_r = 0.000000, inc_y_r = 1.000000, inc_x_i = 1.000000, inc_y_i = 1.000000
En el else......

----------------------------------------
x = 6.000000, y = 288.000000
avance = -325.000000, avanceR = 2.000000, avanceI = 2.000000
inc_x_r = 0.000000, inc_y_r = 1.000000, inc_x_i = 1.000000, inc_y_i = 1.000000
En el else......

----------------------------------------
x = 6.000000, y = 289.000000
avance = -323.000000, avanceR = 2.000000, avanceI = 2.000000
inc_x_r = 0.000000, inc_y_r = 1.000000, inc_x_i = 1.000000, inc_y_i = 1.000000
En el else......

----------------------------------------
x = 6.000000, y = 290.000000
avance = -321.000000, avanceR = 2.000000, avanceI = 2.000000
inc_x_r = 0.000000, inc_y_r = 1.000000, inc_x_i = 1.000000, inc_y_i = 1.000000
En el else......

----------------------------------------
x = 6.000000, y = 291.000000
avance = -319.000000, avanceR = 2.000000, avanceI = 2.000000
inc_x_r = 0.000000, inc_y_r = 1.000000, inc_x_i = 1.000000, inc_y_i = 1.000000
En el else......

----------------------------------------
x = 6.000000, y = 292.000000
avance = -317.000000, avanceR = 2.000000, avanceI = 2.000000
inc_x_r = 0.000000, inc_y_r = 1.000000, inc_x_i = 1.000000, inc_y_i = 1.000000
En el else......

----------------------------------------
x = 6.000000, y = 293.000000
avance = -315.000000, avanceR = 2.000000, avanceI = 2.000000
inc_x_r = 0.000000, inc_y_r = 1.000000, inc_x_i = 1.000000, inc_y_i = 1.000000
En el else......

----------------------------------------
x = 6.000000, y = 294.000000
avance = -313.000000, avanceR = 2.000000, avanceI = 2.000000
inc_x_r = 0.000000, inc_y_r = 1.000000, inc_x_i = 1.000000, inc_y_i = 1.000000
En el else......

----------------------------------------
x = 6.000000, y = 295.000000
avance = -311.000000, avanceR = 2.000000, avanceI = 2.000000
inc_x_r = 0.000000, inc_y_r = 1.000000, inc_x_i = 1.000000, inc_y_i = 1.000000
En el else......

----------------------------------------
x = 6.000000, y = 296.000000
avance = -309.000000, avanceR = 2.000000, avanceI = 2.000000
inc_x_r = 0.000000, inc_y_r = 1.000000, inc_x_i = 1.000000, inc_y_i = 1.000000
En el else......

----------------------------------------
x = 6.000000, y = 297.000000
avance = -307.000000, avanceR = 2.000000, avanceI = 2.000000
inc_x_r = 0.000000, inc_y_r = 1.000000, inc_x_i = 1.000000, inc_y_i = 1.000000
En el else......

----------------------------------------
x = 6.000000, y = 298.000000
avance = -305.000000, avanceR = 2.000000, avanceI = 2.000000
inc_x_r = 0.000000, inc_y_r = 1.000000, inc_x_i = 1.000000, inc_y_i = 1.000000
En el else......

----------------------------------------
x = 6.000000, y = 299.000000
avance = -303.000000, avanceR = 2.000000, avanceI = 2.000000
inc_x_r = 0.000000, inc_y_r = 1.000000, inc_x_i = 1.000000, inc_y_i = 1.000000
En el else......

----------------------------------------
x = 6.000000, y = 300.000000
avance = -301.000000, avanceR = 2.000000, avanceI = 2.000000
inc_x_r = 0.000000, inc_y_r = 1.000000, inc_x_i = 1.000000, inc_y_i = 1.000000
En el else......

----------------------------------------
x = 6.000000, y = 301.000000
avance = -299.000000, avanceR = 2.000000, avanceI = 2.000000
inc_x_r = 0.000000, inc_y_r = 1.000000, inc_x_i = 1.000000, inc_y_i = 1.000000
En el else......

----------------------------------------
x = 6.000000, y = 302.000000
avance = -297.000000, avanceR = 2.000000, avanceI = 2.000000
inc_x_r = 0.000000, inc_y_r = 1.000000, inc_x_i = 1.000000, inc_y_i = 1.000000
En el else......

----------------------------------------
x = 6.000000, y = 303.000000
avance = -295.000000, avanceR = 2.000000, avanceI = 2.000000
inc_x_r = 0.000000, inc_y_r = 1.000000, inc_x_i = 1.000000, inc_y_i = 1.000000
En el else......

----------------------------------------
x = 6.000000, y = 304.000000
avance = -293.000000, avanceR = 2.000000, avanceI = 2.000000
inc_x_r = 0.000000, inc_y_r = 1.000000, inc_x_i = 1.000000, inc_y_i = 1.000000
En el else......

----------------------------------------
x = 6.000000, y = 305.000000
avance = -291.000000, avanceR = 2.000000, avanceI = 2.000000
inc_x_r = 0.000000, inc_y_r = 1.000000, inc_x_i = 1.000000, inc_y_i = 1.000000
En el else......

----------------------------------------
x = 6.000000, y = 306.000000
avance = -289.000000, avanceR = 2.000000, avanceI = 2.000000
inc_x_r = 0.000000, inc_y_r = 1.000000, inc_x_i = 1.000000, inc_y_i = 1.000000
En el else......

----------------------------------------
x = 6.000000, y = 307.000000
avance = -287.000000, avanceR = 2.000000, avanceI = 2.000000
inc_x_r = 0.000000, inc_y_r = 1.000000, inc_x_i = 1.000000, inc_y_i = 1.000000
En el else......

----------------------------------------
x = 6.000000, y = 308.000000
avance = -285.000000, avanceR = 2.000000, avanceI = 2.000000
inc_x_r = 0.000000, inc_y_r = 1.000000, inc_x_i = 1.000000, inc_y_i = 1.000000
En el else......

----------------------------------------
x = 6.000000, y = 309.000000
avance = -283.000000, avanceR = 2.000000, avanceI = 2.000000
inc_x_r = 0.000000, inc_y_r = 1.000000, inc_x_i = 1.000000, inc_y_i = 1.000000
En el else......

----------------------------------------
x = 6.000000, y = 310.000000
avance = -281.000000, avanceR = 2.000000, avanceI = 2.000000
inc_x_r = 0.000000, inc_y_r = 1.000000, inc_x_i = 1.000000, inc_y_i = 1.000000
En el else......

----------------------------------------
x = 6.000000, y = 311.000000
avance = -279.000000, avanceR = 2.000000, avanceI = 2.000000
inc_x_r = 0.000000, inc_y_r = 1.000000, inc_x_i = 1.000000, inc_y_i = 1.000000
En el else......

----------------------------------------
x = 6.000000, y = 312.000000
avance = -277.000000, avanceR = 2.000000, avanceI = 2.000000
inc_x_r = 0.000000, inc_y_r = 1.000000, inc_x_i = 1.000000, inc_y_i = 1.000000
En el else......

----------------------------------------
x = 6.000000, y = 313.000000
avance = -275.000000, avanceR = 2.000000, avanceI = 2.000000
inc_x_r = 0.000000, inc_y_r = 1.000000, inc_x_i = 1.000000, inc_y_i = 1.000000
En el else......

----------------------------------------
x = 6.000000, y = 314.000000
avance = -273.000000, avanceR = 2.000000, avanceI = 2.000000
inc_x_r = 0.000000, inc_y_r = 1.000000, inc_x_i = 1.000000, inc_y_i = 1.000000
En el else......

----------------------------------------
x = 6.000000, y = 315.000000
avance = -271.000000, avanceR = 2.000000, avanceI = 2.000000
inc_x_r = 0.000000, inc_y_r = 1.000000, inc_x_i = 1.000000, inc_y_i = 1.000000
En el else......

----------------------------------------
x = 6.000000, y = 316.000000
avance = -269.000000, avanceR = 2.000000, avanceI = 2.000000
inc_x_r = 0.000000, inc_y_r = 1.000000, inc_x_i = 1.000000, inc_y_i = 1.000000
En el else......

----------------------------------------
x = 6.000000, y = 317.000000
avance = -267.000000, avanceR = 2.000000, avanceI = 2.000000
inc_x_r = 0.000000, inc_y_r = 1.000000, inc_x_i = 1.000000, inc_y_i = 1.000000
En el else......

----------------------------------------
x = 6.000000, y = 318.000000
avance = -265.000000, avanceR = 2.000000, avanceI = 2.000000
inc_x_r = 0.000000, inc_y_r = 1.000000, inc_x_i = 1.000000, inc_y_i = 1.000000
En el else......

----------------------------------------
x = 6.000000, y = 319.000000
avance = -263.000000, avanceR = 2.000000, avanceI = 2.000000
inc_x_r = 0.000000, inc_y_r = 1.000000, inc_x_i = 1.000000, inc_y_i = 1.000000
En el else......

----------------------------------------
x = 6.000000, y = 320.000000
avance = -261.000000, avanceR = 2.000000, avanceI = 2.000000
inc_x_r = 0.000000, inc_y_r = 1.000000, inc_x_i = 1.000000, inc_y_i = 1.000000
En el else......

----------------------------------------
x = 6.000000, y = 321.000000
avance = -259.000000, avanceR = 2.000000, avanceI = 2.000000
inc_x_r = 0.000000, inc_y_r = 1.000000, inc_x_i = 1.000000, inc_y_i = 1.000000
En el else......

----------------------------------------
x = 6.000000, y = 322.000000
avance = -257.000000, avanceR = 2.000000, avanceI = 2.000000
inc_x_r = 0.000000, inc_y_r = 1.000000, inc_x_i = 1.000000, inc_y_i = 1.000000
En el else......

----------------------------------------
x = 6.000000, y = 323.000000
avance = -255.000000, avanceR = 2.000000, avanceI = 2.000000
inc_x_r = 0.000000, inc_y_r = 1.000000, inc_x_i = 1.000000, inc_y_i = 1.000000
En el else......

----------------------------------------
x = 6.000000, y = 324.000000
avance = -253.000000, avanceR = 2.000000, avanceI = 2.000000
inc_x_r = 0.000000, inc_y_r = 1.000000, inc_x_i = 1.000000, inc_y_i = 1.000000
En el else......

----------------------------------------
x = 6.000000, y = 325.000000
avance = -251.000000, avanceR = 2.000000, avanceI = 2.000000
inc_x_r = 0.000000, inc_y_r = 1.000000, inc_x_i = 1.000000, inc_y_i = 1.000000
En el else......

----------------------------------------


ENTRAMOS A BRESENHAMªªªª
x1 = 5.000000 - y1 = 75.000000 || x2 = 6.000000 - y2 = 326.000000
dy = 251.000000, dx = 1.000000
avances inclinados: inc_x_i = 1.000000, inc_y_i = 1.000000
updated: dy = 251.000000, dx = 1.000000
avances rectos: inc_x_r = 0.000000, inc_y_r 1.000000
reupdated: dy = 1.000000, dx = 251.000000
avanceR = 2.000000, avance -249.000000, avanceI 2.000000
----------------------------------------
x = 5.000000, y = 75.000000
avance = -249.000000, avanceR = 2.000000, avanceI = 2.000000
inc_x_r = 0.000000, inc_y_r = 1.000000, inc_x_i = 1.000000, inc_y_i = 1.000000
En el else......

----------------------------------------
x = 5.000000, y = 76.000000
avance = -247.000000, avanceR = 2.000000, avanceI = 2.000000
inc_x_r = 0.000000, inc_y_r = 1.000000, inc_x_i = 1.000000, inc_y_i = 1.000000
En el else......

----------------------------------------
x = 5.000000, y = 77.000000
avance = -245.000000, avanceR = 2.000000, avanceI = 2.000000
inc_x_r = 0.000000, inc_y_r = 1.000000, inc_x_i = 1.000000, inc_y_i = 1.000000
En el else......

----------------------------------------
x = 5.000000, y = 78.000000
avance = -243.000000, avanceR = 2.000000, avanceI = 2.000000
inc_x_r = 0.000000, inc_y_r = 1.000000, inc_x_i = 1.000000, inc_y_i = 1.000000
En el else......

----------------------------------------
x = 5.000000, y = 79.000000
avance = -241.000000, avanceR = 2.000000, avanceI = 2.000000
inc_x_r = 0.000000, inc_y_r = 1.000000, inc_x_i = 1.000000, inc_y_i = 1.000000
En el else......

----------------------------------------
x = 5.000000, y = 80.000000
avance = -239.000000, avanceR = 2.000000, avanceI = 2.000000
inc_x_r = 0.000000, inc_y_r = 1.000000, inc_x_i = 1.000000, inc_y_i = 1.000000
En el else......

----------------------------------------
x = 5.000000, y = 81.000000
avance = -237.000000, avanceR = 2.000000, avanceI = 2.000000
inc_x_r = 0.000000, inc_y_r = 1.000000, inc_x_i = 1.000000, inc_y_i = 1.000000
En el else......

----------------------------------------
x = 5.000000, y = 82.000000
avance = -235.000000, avanceR = 2.000000, avanceI = 2.000000
inc_x_r = 0.000000, inc_y_r = 1.000000, inc_x_i = 1.000000, inc_y_i = 1.000000
En el else......

----------------------------------------
x = 5.000000, y = 83.000000
avance = -233.000000, avanceR = 2.000000, avanceI = 2.000000
inc_x_r = 0.000000, inc_y_r = 1.000000, inc_x_i = 1.000000, inc_y_i = 1.000000
En el else......

----------------------------------------
x = 5.000000, y = 84.000000
avance = -231.000000, avanceR = 2.000000, avanceI = 2.000000
inc_x_r = 0.000000, inc_y_r = 1.000000, inc_x_i = 1.000000, inc_y_i = 1.000000
En el else......

----------------------------------------
x = 5.000000, y = 85.000000
avance = -229.000000, avanceR = 2.000000, avanceI = 2.000000
inc_x_r = 0.000000, inc_y_r = 1.000000, inc_x_i = 1.000000, inc_y_i = 1.000000
En el else......

----------------------------------------
x = 5.000000, y = 86.000000
avance = -227.000000, avanceR = 2.000000, avanceI = 2.000000
inc_x_r = 0.000000, inc_y_r = 1.000000, inc_x_i = 1.000000, inc_y_i = 1.000000
En el else......

----------------------------------------
x = 5.000000, y = 87.000000
avance = -225.000000, avanceR = 2.000000, avanceI = 2.000000
inc_x_r = 0.000000, inc_y_r = 1.000000, inc_x_i = 1.000000, inc_y_i = 1.000000
En el else......

----------------------------------------
x = 5.000000, y = 88.000000
avance = -223.000000, avanceR = 2.000000, avanceI = 2.000000
inc_x_r = 0.000000, inc_y_r = 1.000000, inc_x_i = 1.000000, inc_y_i = 1.000000
En el else......

----------------------------------------
x = 5.000000, y = 89.000000
avance = -221.000000, avanceR = 2.000000, avanceI = 2.000000
inc_x_r = 0.000000, inc_y_r = 1.000000, inc_x_i = 1.000000, inc_y_i = 1.000000
En el else......

----------------------------------------
x = 5.000000, y = 90.000000
avance = -219.000000, avanceR = 2.000000, avanceI = 2.000000
inc_x_r = 0.000000, inc_y_r = 1.000000, inc_x_i = 1.000000, inc_y_i = 1.000000
En el else......

----------------------------------------
x = 5.000000, y = 91.000000
avance = -217.000000, avanceR = 2.000000, avanceI = 2.000000
inc_x_r = 0.000000, inc_y_r = 1.000000, inc_x_i = 1.000000, inc_y_i = 1.000000
En el else......

----------------------------------------
x = 5.000000, y = 92.000000
avance = -215.000000, avanceR = 2.000000, avanceI = 2.000000
inc_x_r = 0.000000, inc_y_r = 1.000000, inc_x_i = 1.000000, inc_y_i = 1.000000
En el else......

----------------------------------------
x = 5.000000, y = 93.000000
avance = -213.000000, avanceR = 2.000000, avanceI = 2.000000
inc_x_r = 0.000000, inc_y_r = 1.000000, inc_x_i = 1.000000, inc_y_i = 1.000000
En el else......

----------------------------------------
x = 5.000000, y = 94.000000
avance = -211.000000, avanceR = 2.000000, avanceI = 2.000000
inc_x_r = 0.000000, inc_y_r = 1.000000, inc_x_i = 1.000000, inc_y_i = 1.000000
En el else......

----------------------------------------
x = 5.000000, y = 95.000000
avance = -209.000000, avanceR = 2.000000, avanceI = 2.000000
inc_x_r = 0.000000, inc_y_r = 1.000000, inc_x_i = 1.000000, inc_y_i = 1.000000
En el else......

----------------------------------------
x = 5.000000, y = 96.000000
avance = -207.000000, avanceR = 2.000000, avanceI = 2.000000
inc_x_r = 0.000000, inc_y_r = 1.000000, inc_x_i = 1.000000, inc_y_i = 1.000000
En el else......

----------------------------------------
x = 5.000000, y = 97.000000
avance = -205.000000, avanceR = 2.000000, avanceI = 2.000000
inc_x_r = 0.000000, inc_y_r = 1.000000, inc_x_i = 1.000000, inc_y_i = 1.000000
En el else......

----------------------------------------
x = 5.000000, y = 98.000000
avance = -203.000000, avanceR = 2.000000, avanceI = 2.000000
inc_x_r = 0.000000, inc_y_r = 1.000000, inc_x_i = 1.000000, inc_y_i = 1.000000
En el else......

----------------------------------------
x = 5.000000, y = 99.000000
avance = -201.000000, avanceR = 2.000000, avanceI = 2.000000
inc_x_r = 0.000000, inc_y_r = 1.000000, inc_x_i = 1.000000, inc_y_i = 1.000000
En el else......

----------------------------------------
x = 5.000000, y = 100.000000
avance = -199.000000, avanceR = 2.000000, avanceI = 2.000000
inc_x_r = 0.000000, inc_y_r = 1.000000, inc_x_i = 1.000000, inc_y_i = 1.000000
En el else......

----------------------------------------
x = 5.000000, y = 101.000000
avance = -197.000000, avanceR = 2.000000, avanceI = 2.000000
inc_x_r = 0.000000, inc_y_r = 1.000000, inc_x_i = 1.000000, inc_y_i = 1.000000
En el else......

----------------------------------------
x = 5.000000, y = 102.000000
avance = -195.000000, avanceR = 2.000000, avanceI = 2.000000
inc_x_r = 0.000000, inc_y_r = 1.000000, inc_x_i = 1.000000, inc_y_i = 1.000000
En el else......

----------------------------------------
x = 5.000000, y = 103.000000
avance = -193.000000, avanceR = 2.000000, avanceI = 2.000000
inc_x_r = 0.000000, inc_y_r = 1.000000, inc_x_i = 1.000000, inc_y_i = 1.000000
En el else......

----------------------------------------
x = 5.000000, y = 104.000000
avance = -191.000000, avanceR = 2.000000, avanceI = 2.000000
inc_x_r = 0.000000, inc_y_r = 1.000000, inc_x_i = 1.000000, inc_y_i = 1.000000
En el else......

----------------------------------------
x = 5.000000, y = 105.000000
avance = -189.000000, avanceR = 2.000000, avanceI = 2.000000
inc_x_r = 0.000000, inc_y_r = 1.000000, inc_x_i = 1.000000, inc_y_i = 1.000000
En el else......

----------------------------------------
x = 5.000000, y = 106.000000
avance = -187.000000, avanceR = 2.000000, avanceI = 2.000000
inc_x_r = 0.000000, inc_y_r = 1.000000, inc_x_i = 1.000000, inc_y_i = 1.000000
En el else......

----------------------------------------
x = 5.000000, y = 107.000000
avance = -185.000000, avanceR = 2.000000, avanceI = 2.000000
inc_x_r = 0.000000, inc_y_r = 1.000000, inc_x_i = 1.000000, inc_y_i = 1.000000
En el else......

----------------------------------------
x = 5.000000, y = 108.000000
avance = -183.000000, avanceR = 2.000000, avanceI = 2.000000
inc_x_r = 0.000000, inc_y_r = 1.000000, inc_x_i = 1.000000, inc_y_i = 1.000000
En el else......

----------------------------------------
x = 5.000000, y = 109.000000
avance = -181.000000, avanceR = 2.000000, avanceI = 2.000000
inc_x_r = 0.000000, inc_y_r = 1.000000, inc_x_i = 1.000000, inc_y_i = 1.000000
En el else......

----------------------------------------
x = 5.000000, y = 110.000000
avance = -179.000000, avanceR = 2.000000, avanceI = 2.000000
inc_x_r = 0.000000, inc_y_r = 1.000000, inc_x_i = 1.000000, inc_y_i = 1.000000
En el else......

----------------------------------------
x = 5.000000, y = 111.000000
avance = -177.000000, avanceR = 2.000000, avanceI = 2.000000
inc_x_r = 0.000000, inc_y_r = 1.000000, inc_x_i = 1.000000, inc_y_i = 1.000000
En el else......

----------------------------------------
x = 5.000000, y = 112.000000
avance = -175.000000, avanceR = 2.000000, avanceI = 2.000000
inc_x_r = 0.000000, inc_y_r = 1.000000, inc_x_i = 1.000000, inc_y_i = 1.000000
En el else......

----------------------------------------
x = 5.000000, y = 113.000000
avance = -173.000000, avanceR = 2.000000, avanceI = 2.000000
inc_x_r = 0.000000, inc_y_r = 1.000000, inc_x_i = 1.000000, inc_y_i = 1.000000
En el else......

----------------------------------------
x = 5.000000, y = 114.000000
avance = -171.000000, avanceR = 2.000000, avanceI = 2.000000
inc_x_r = 0.000000, inc_y_r = 1.000000, inc_x_i = 1.000000, inc_y_i = 1.000000
En el else......

----------------------------------------
x = 5.000000, y = 115.000000
avance = -169.000000, avanceR = 2.000000, avanceI = 2.000000
inc_x_r = 0.000000, inc_y_r = 1.000000, inc_x_i = 1.000000, inc_y_i = 1.000000
En el else......

----------------------------------------
x = 5.000000, y = 116.000000
avance = -167.000000, avanceR = 2.000000, avanceI = 2.000000
inc_x_r = 0.000000, inc_y_r = 1.000000, inc_x_i = 1.000000, inc_y_i = 1.000000
En el else......

----------------------------------------
x = 5.000000, y = 117.000000
avance = -165.000000, avanceR = 2.000000, avanceI = 2.000000
inc_x_r = 0.000000, inc_y_r = 1.000000, inc_x_i = 1.000000, inc_y_i = 1.000000
En el else......

----------------------------------------
x = 5.000000, y = 118.000000
avance = -163.000000, avanceR = 2.000000, avanceI = 2.000000
inc_x_r = 0.000000, inc_y_r = 1.000000, inc_x_i = 1.000000, inc_y_i = 1.000000
En el else......

----------------------------------------
x = 5.000000, y = 119.000000
avance = -161.000000, avanceR = 2.000000, avanceI = 2.000000
inc_x_r = 0.000000, inc_y_r = 1.000000, inc_x_i = 1.000000, inc_y_i = 1.000000
En el else......

----------------------------------------
x = 5.000000, y = 120.000000
avance = -159.000000, avanceR = 2.000000, avanceI = 2.000000
inc_x_r = 0.000000, inc_y_r = 1.000000, inc_x_i = 1.000000, inc_y_i = 1.000000
En el else......

----------------------------------------
x = 5.000000, y = 121.000000
avance = -157.000000, avanceR = 2.000000, avanceI = 2.000000
inc_x_r = 0.000000, inc_y_r = 1.000000, inc_x_i = 1.000000, inc_y_i = 1.000000
En el else......

----------------------------------------
x = 5.000000, y = 122.000000
avance = -155.000000, avanceR = 2.000000, avanceI = 2.000000
inc_x_r = 0.000000, inc_y_r = 1.000000, inc_x_i = 1.000000, inc_y_i = 1.000000
En el else......

----------------------------------------
x = 5.000000, y = 123.000000
avance = -153.000000, avanceR = 2.000000, avanceI = 2.000000
inc_x_r = 0.000000, inc_y_r = 1.000000, inc_x_i = 1.000000, inc_y_i = 1.000000
En el else......

----------------------------------------
x = 5.000000, y = 124.000000
avance = -151.000000, avanceR = 2.000000, avanceI = 2.000000
inc_x_r = 0.000000, inc_y_r = 1.000000, inc_x_i = 1.000000, inc_y_i = 1.000000
En el else......

----------------------------------------
x = 5.000000, y = 125.000000
avance = -149.000000, avanceR = 2.000000, avanceI = 2.000000
inc_x_r = 0.000000, inc_y_r = 1.000000, inc_x_i = 1.000000, inc_y_i = 1.000000
En el else......

----------------------------------------
x = 5.000000, y = 126.000000
avance = -147.000000, avanceR = 2.000000, avanceI = 2.000000
inc_x_r = 0.000000, inc_y_r = 1.000000, inc_x_i = 1.000000, inc_y_i = 1.000000
En el else......

----------------------------------------
x = 5.000000, y = 127.000000
avance = -145.000000, avanceR = 2.000000, avanceI = 2.000000
inc_x_r = 0.000000, inc_y_r = 1.000000, inc_x_i = 1.000000, inc_y_i = 1.000000
En el else......

----------------------------------------
x = 5.000000, y = 128.000000
avance = -143.000000, avanceR = 2.000000, avanceI = 2.000000
inc_x_r = 0.000000, inc_y_r = 1.000000, inc_x_i = 1.000000, inc_y_i = 1.000000
En el else......

----------------------------------------
x = 5.000000, y = 129.000000
avance = -141.000000, avanceR = 2.000000, avanceI = 2.000000
inc_x_r = 0.000000, inc_y_r = 1.000000, inc_x_i = 1.000000, inc_y_i = 1.000000
En el else......

----------------------------------------
x = 5.000000, y = 130.000000
avance = -139.000000, avanceR = 2.000000, avanceI = 2.000000
inc_x_r = 0.000000, inc_y_r = 1.000000, inc_x_i = 1.000000, inc_y_i = 1.000000
En el else......

----------------------------------------
x = 5.000000, y = 131.000000
avance = -137.000000, avanceR = 2.000000, avanceI = 2.000000
inc_x_r = 0.000000, inc_y_r = 1.000000, inc_x_i = 1.000000, inc_y_i = 1.000000
En el else......

----------------------------------------
x = 5.000000, y = 132.000000
avance = -135.000000, avanceR = 2.000000, avanceI = 2.000000
inc_x_r = 0.000000, inc_y_r = 1.000000, inc_x_i = 1.000000, inc_y_i = 1.000000
En el else......

----------------------------------------
x = 5.000000, y = 133.000000
avance = -133.000000, avanceR = 2.000000, avanceI = 2.000000
inc_x_r = 0.000000, inc_y_r = 1.000000, inc_x_i = 1.000000, inc_y_i = 1.000000
En el else......

----------------------------------------
x = 5.000000, y = 134.000000
avance = -131.000000, avanceR = 2.000000, avanceI = 2.000000
inc_x_r = 0.000000, inc_y_r = 1.000000, inc_x_i = 1.000000, inc_y_i = 1.000000
En el else......

----------------------------------------
x = 5.000000, y = 135.000000
avance = -129.000000, avanceR = 2.000000, avanceI = 2.000000
inc_x_r = 0.000000, inc_y_r = 1.000000, inc_x_i = 1.000000, inc_y_i = 1.000000
En el else......

----------------------------------------
x = 5.000000, y = 136.000000
avance = -127.000000, avanceR = 2.000000, avanceI = 2.000000
inc_x_r = 0.000000, inc_y_r = 1.000000, inc_x_i = 1.000000, inc_y_i = 1.000000
En el else......

----------------------------------------
x = 5.000000, y = 137.000000
avance = -125.000000, avanceR = 2.000000, avanceI = 2.000000
inc_x_r = 0.000000, inc_y_r = 1.000000, inc_x_i = 1.000000, inc_y_i = 1.000000
En el else......

----------------------------------------
x = 5.000000, y = 138.000000
avance = -123.000000, avanceR = 2.000000, avanceI = 2.000000
inc_x_r = 0.000000, inc_y_r = 1.000000, inc_x_i = 1.000000, inc_y_i = 1.000000
En el else......

----------------------------------------
x = 5.000000, y = 139.000000
avance = -121.000000, avanceR = 2.000000, avanceI = 2.000000
inc_x_r = 0.000000, inc_y_r = 1.000000, inc_x_i = 1.000000, inc_y_i = 1.000000
En el else......

----------------------------------------
x = 5.000000, y = 140.000000
avance = -119.000000, avanceR = 2.000000, avanceI = 2.000000
inc_x_r = 0.000000, inc_y_r = 1.000000, inc_x_i = 1.000000, inc_y_i = 1.000000
En el else......

----------------------------------------
x = 5.000000, y = 141.000000
avance = -117.000000, avanceR = 2.000000, avanceI = 2.000000
inc_x_r = 0.000000, inc_y_r = 1.000000, inc_x_i = 1.000000, inc_y_i = 1.000000
En el else......

----------------------------------------
x = 5.000000, y = 142.000000
avance = -115.000000, avanceR = 2.000000, avanceI = 2.000000
inc_x_r = 0.000000, inc_y_r = 1.000000, inc_x_i = 1.000000, inc_y_i = 1.000000
En el else......

----------------------------------------
x = 5.000000, y = 143.000000
avance = -113.000000, avanceR = 2.000000, avanceI = 2.000000
inc_x_r = 0.000000, inc_y_r = 1.000000, inc_x_i = 1.000000, inc_y_i = 1.000000
En el else......

----------------------------------------
x = 5.000000, y = 144.000000
avance = -111.000000, avanceR = 2.000000, avanceI = 2.000000
inc_x_r = 0.000000, inc_y_r = 1.000000, inc_x_i = 1.000000, inc_y_i = 1.000000
En el else......

----------------------------------------
x = 5.000000, y = 145.000000
avance = -109.000000, avanceR = 2.000000, avanceI = 2.000000
inc_x_r = 0.000000, inc_y_r = 1.000000, inc_x_i = 1.000000, inc_y_i = 1.000000
En el else......

----------------------------------------
x = 5.000000, y = 146.000000
avance = -107.000000, avanceR = 2.000000, avanceI = 2.000000
inc_x_r = 0.000000, inc_y_r = 1.000000, inc_x_i = 1.000000, inc_y_i = 1.000000
En el else......

----------------------------------------
x = 5.000000, y = 147.000000
avance = -105.000000, avanceR = 2.000000, avanceI = 2.000000
inc_x_r = 0.000000, inc_y_r = 1.000000, inc_x_i = 1.000000, inc_y_i = 1.000000
En el else......

----------------------------------------
x = 5.000000, y = 148.000000
avance = -103.000000, avanceR = 2.000000, avanceI = 2.000000
inc_x_r = 0.000000, inc_y_r = 1.000000, inc_x_i = 1.000000, inc_y_i = 1.000000
En el else......

----------------------------------------
x = 5.000000, y = 149.000000
avance = -101.000000, avanceR = 2.000000, avanceI = 2.000000
inc_x_r = 0.000000, inc_y_r = 1.000000, inc_x_i = 1.000000, inc_y_i = 1.000000
En el else......

----------------------------------------
x = 5.000000, y = 150.000000
avance = -99.000000, avanceR = 2.000000, avanceI = 2.000000
inc_x_r = 0.000000, inc_y_r = 1.000000, inc_x_i = 1.000000, inc_y_i = 1.000000
En el else......

----------------------------------------
x = 5.000000, y = 151.000000
avance = -97.000000, avanceR = 2.000000, avanceI = 2.000000
inc_x_r = 0.000000, inc_y_r = 1.000000, inc_x_i = 1.000000, inc_y_i = 1.000000
En el else......

----------------------------------------
x = 5.000000, y = 152.000000
avance = -95.000000, avanceR = 2.000000, avanceI = 2.000000
inc_x_r = 0.000000, inc_y_r = 1.000000, inc_x_i = 1.000000, inc_y_i = 1.000000
En el else......

----------------------------------------
x = 5.000000, y = 153.000000
avance = -93.000000, avanceR = 2.000000, avanceI = 2.000000
inc_x_r = 0.000000, inc_y_r = 1.000000, inc_x_i = 1.000000, inc_y_i = 1.000000
En el else......

----------------------------------------
x = 5.000000, y = 154.000000
avance = -91.000000, avanceR = 2.000000, avanceI = 2.000000
inc_x_r = 0.000000, inc_y_r = 1.000000, inc_x_i = 1.000000, inc_y_i = 1.000000
En el else......

----------------------------------------
x = 5.000000, y = 155.000000
avance = -89.000000, avanceR = 2.000000, avanceI = 2.000000
inc_x_r = 0.000000, inc_y_r = 1.000000, inc_x_i = 1.000000, inc_y_i = 1.000000
En el else......

----------------------------------------
x = 5.000000, y = 156.000000
avance = -87.000000, avanceR = 2.000000, avanceI = 2.000000
inc_x_r = 0.000000, inc_y_r = 1.000000, inc_x_i = 1.000000, inc_y_i = 1.000000
En el else......

----------------------------------------
x = 5.000000, y = 157.000000
avance = -85.000000, avanceR = 2.000000, avanceI = 2.000000
inc_x_r = 0.000000, inc_y_r = 1.000000, inc_x_i = 1.000000, inc_y_i = 1.000000
En el else......

----------------------------------------
x = 5.000000, y = 158.000000
avance = -83.000000, avanceR = 2.000000, avanceI = 2.000000
inc_x_r = 0.000000, inc_y_r = 1.000000, inc_x_i = 1.000000, inc_y_i = 1.000000
En el else......

----------------------------------------
x = 5.000000, y = 159.000000
avance = -81.000000, avanceR = 2.000000, avanceI = 2.000000
inc_x_r = 0.000000, inc_y_r = 1.000000, inc_x_i = 1.000000, inc_y_i = 1.000000
En el else......

----------------------------------------
x = 5.000000, y = 160.000000
avance = -79.000000, avanceR = 2.000000, avanceI = 2.000000
inc_x_r = 0.000000, inc_y_r = 1.000000, inc_x_i = 1.000000, inc_y_i = 1.000000
En el else......

----------------------------------------
x = 5.000000, y = 161.000000
avance = -77.000000, avanceR = 2.000000, avanceI = 2.000000
inc_x_r = 0.000000, inc_y_r = 1.000000, inc_x_i = 1.000000, inc_y_i = 1.000000
En el else......

----------------------------------------
x = 5.000000, y = 162.000000
avance = -75.000000, avanceR = 2.000000, avanceI = 2.000000
inc_x_r = 0.000000, inc_y_r = 1.000000, inc_x_i = 1.000000, inc_y_i = 1.000000
En el else......

----------------------------------------
x = 5.000000, y = 163.000000
avance = -73.000000, avanceR = 2.000000, avanceI = 2.000000
inc_x_r = 0.000000, inc_y_r = 1.000000, inc_x_i = 1.000000, inc_y_i = 1.000000
En el else......

----------------------------------------
x = 5.000000, y = 164.000000
avance = -71.000000, avanceR = 2.000000, avanceI = 2.000000
inc_x_r = 0.000000, inc_y_r = 1.000000, inc_x_i = 1.000000, inc_y_i = 1.000000
En el else......

----------------------------------------
x = 5.000000, y = 165.000000
avance = -69.000000, avanceR = 2.000000, avanceI = 2.000000
inc_x_r = 0.000000, inc_y_r = 1.000000, inc_x_i = 1.000000, inc_y_i = 1.000000
En el else......

----------------------------------------
x = 5.000000, y = 166.000000
avance = -67.000000, avanceR = 2.000000, avanceI = 2.000000
inc_x_r = 0.000000, inc_y_r = 1.000000, inc_x_i = 1.000000, inc_y_i = 1.000000
En el else......

----------------------------------------
x = 5.000000, y = 167.000000
avance = -65.000000, avanceR = 2.000000, avanceI = 2.000000
inc_x_r = 0.000000, inc_y_r = 1.000000, inc_x_i = 1.000000, inc_y_i = 1.000000
En el else......

----------------------------------------
x = 5.000000, y = 168.000000
avance = -63.000000, avanceR = 2.000000, avanceI = 2.000000
inc_x_r = 0.000000, inc_y_r = 1.000000, inc_x_i = 1.000000, inc_y_i = 1.000000
En el else......

----------------------------------------
x = 5.000000, y = 169.000000
avance = -61.000000, avanceR = 2.000000, avanceI = 2.000000
inc_x_r = 0.000000, inc_y_r = 1.000000, inc_x_i = 1.000000, inc_y_i = 1.000000
En el else......

----------------------------------------
x = 5.000000, y = 170.000000
avance = -59.000000, avanceR = 2.000000, avanceI = 2.000000
inc_x_r = 0.000000, inc_y_r = 1.000000, inc_x_i = 1.000000, inc_y_i = 1.000000
En el else......

----------------------------------------
x = 5.000000, y = 171.000000
avance = -57.000000, avanceR = 2.000000, avanceI = 2.000000
inc_x_r = 0.000000, inc_y_r = 1.000000, inc_x_i = 1.000000, inc_y_i = 1.000000
En el else......

----------------------------------------
x = 5.000000, y = 172.000000
avance = -55.000000, avanceR = 2.000000, avanceI = 2.000000
inc_x_r = 0.000000, inc_y_r = 1.000000, inc_x_i = 1.000000, inc_y_i = 1.000000
En el else......

----------------------------------------
x = 5.000000, y = 173.000000
avance = -53.000000, avanceR = 2.000000, avanceI = 2.000000
inc_x_r = 0.000000, inc_y_r = 1.000000, inc_x_i = 1.000000, inc_y_i = 1.000000
En el else......

----------------------------------------
x = 5.000000, y = 174.000000
avance = -51.000000, avanceR = 2.000000, avanceI = 2.000000
inc_x_r = 0.000000, inc_y_r = 1.000000, inc_x_i = 1.000000, inc_y_i = 1.000000
En el else......

----------------------------------------
x = 5.000000, y = 175.000000
avance = -49.000000, avanceR = 2.000000, avanceI = 2.000000
inc_x_r = 0.000000, inc_y_r = 1.000000, inc_x_i = 1.000000, inc_y_i = 1.000000
En el else......

----------------------------------------
x = 5.000000, y = 176.000000
avance = -47.000000, avanceR = 2.000000, avanceI = 2.000000
inc_x_r = 0.000000, inc_y_r = 1.000000, inc_x_i = 1.000000, inc_y_i = 1.000000
En el else......

----------------------------------------
x = 5.000000, y = 177.000000
avance = -45.000000, avanceR = 2.000000, avanceI = 2.000000
inc_x_r = 0.000000, inc_y_r = 1.000000, inc_x_i = 1.000000, inc_y_i = 1.000000
En el else......

----------------------------------------
x = 5.000000, y = 178.000000
avance = -43.000000, avanceR = 2.000000, avanceI = 2.000000
inc_x_r = 0.000000, inc_y_r = 1.000000, inc_x_i = 1.000000, inc_y_i = 1.000000
En el else......

----------------------------------------
x = 5.000000, y = 179.000000
avance = -41.000000, avanceR = 2.000000, avanceI = 2.000000
inc_x_r = 0.000000, inc_y_r = 1.000000, inc_x_i = 1.000000, inc_y_i = 1.000000
En el else......

----------------------------------------
x = 5.000000, y = 180.000000
avance = -39.000000, avanceR = 2.000000, avanceI = 2.000000
inc_x_r = 0.000000, inc_y_r = 1.000000, inc_x_i = 1.000000, inc_y_i = 1.000000
En el else......

----------------------------------------
x = 5.000000, y = 181.000000
avance = -37.000000, avanceR = 2.000000, avanceI = 2.000000
inc_x_r = 0.000000, inc_y_r = 1.000000, inc_x_i = 1.000000, inc_y_i = 1.000000
En el else......

----------------------------------------
x = 5.000000, y = 182.000000
avance = -35.000000, avanceR = 2.000000, avanceI = 2.000000
inc_x_r = 0.000000, inc_y_r = 1.000000, inc_x_i = 1.000000, inc_y_i = 1.000000
En el else......

----------------------------------------
x = 5.000000, y = 183.000000
avance = -33.000000, avanceR = 2.000000, avanceI = 2.000000
inc_x_r = 0.000000, inc_y_r = 1.000000, inc_x_i = 1.000000, inc_y_i = 1.000000
En el else......

----------------------------------------
x = 5.000000, y = 184.000000
avance = -31.000000, avanceR = 2.000000, avanceI = 2.000000
inc_x_r = 0.000000, inc_y_r = 1.000000, inc_x_i = 1.000000, inc_y_i = 1.000000
En el else......

----------------------------------------
x = 5.000000, y = 185.000000
avance = -29.000000, avanceR = 2.000000, avanceI = 2.000000
inc_x_r = 0.000000, inc_y_r = 1.000000, inc_x_i = 1.000000, inc_y_i = 1.000000
En el else......

----------------------------------------
x = 5.000000, y = 186.000000
avance = -27.000000, avanceR = 2.000000, avanceI = 2.000000
inc_x_r = 0.000000, inc_y_r = 1.000000, inc_x_i = 1.000000, inc_y_i = 1.000000
En el else......

----------------------------------------
x = 5.000000, y = 187.000000
avance = -25.000000, avanceR = 2.000000, avanceI = 2.000000
inc_x_r = 0.000000, inc_y_r = 1.000000, inc_x_i = 1.000000, inc_y_i = 1.000000
En el else......

----------------------------------------
x = 5.000000, y = 188.000000
avance = -23.000000, avanceR = 2.000000, avanceI = 2.000000
inc_x_r = 0.000000, inc_y_r = 1.000000, inc_x_i = 1.000000, inc_y_i = 1.000000
En el else......

----------------------------------------
x = 5.000000, y = 189.000000
avance = -21.000000, avanceR = 2.000000, avanceI = 2.000000
inc_x_r = 0.000000, inc_y_r = 1.000000, inc_x_i = 1.000000, inc_y_i = 1.000000
En el else......

----------------------------------------
x = 5.000000, y = 190.000000
avance = -19.000000, avanceR = 2.000000, avanceI = 2.000000
inc_x_r = 0.000000, inc_y_r = 1.000000, inc_x_i = 1.000000, inc_y_i = 1.000000
En el else......

----------------------------------------
x = 5.000000, y = 191.000000
avance = -17.000000, avanceR = 2.000000, avanceI = 2.000000
inc_x_r = 0.000000, inc_y_r = 1.000000, inc_x_i = 1.000000, inc_y_i = 1.000000
En el else......

----------------------------------------
x = 5.000000, y = 192.000000
avance = -15.000000, avanceR = 2.000000, avanceI = 2.000000
inc_x_r = 0.000000, inc_y_r = 1.000000, inc_x_i = 1.000000, inc_y_i = 1.000000
En el else......

----------------------------------------
x = 5.000000, y = 193.000000
avance = -13.000000, avanceR = 2.000000, avanceI = 2.000000
inc_x_r = 0.000000, inc_y_r = 1.000000, inc_x_i = 1.000000, inc_y_i = 1.000000
En el else......

----------------------------------------
x = 5.000000, y = 194.000000
avance = -11.000000, avanceR = 2.000000, avanceI = 2.000000
inc_x_r = 0.000000, inc_y_r = 1.000000, inc_x_i = 1.000000, inc_y_i = 1.000000
En el else......

----------------------------------------
x = 5.000000, y = 195.000000
avance = -9.000000, avanceR = 2.000000, avanceI = 2.000000
inc_x_r = 0.000000, inc_y_r = 1.000000, inc_x_i = 1.000000, inc_y_i = 1.000000
En el else......

----------------------------------------
x = 5.000000, y = 196.000000
avance = -7.000000, avanceR = 2.000000, avanceI = 2.000000
inc_x_r = 0.000000, inc_y_r = 1.000000, inc_x_i = 1.000000, inc_y_i = 1.000000
En el else......

----------------------------------------
x = 5.000000, y = 197.000000
avance = -5.000000, avanceR = 2.000000, avanceI = 2.000000
inc_x_r = 0.000000, inc_y_r = 1.000000, inc_x_i = 1.000000, inc_y_i = 1.000000
En el else......

----------------------------------------
x = 5.000000, y = 198.000000
avance = -3.000000, avanceR = 2.000000, avanceI = 2.000000
inc_x_r = 0.000000, inc_y_r = 1.000000, inc_x_i = 1.000000, inc_y_i = 1.000000
En el else......

----------------------------------------
x = 5.000000, y = 199.000000
avance = -1.000000, avanceR = 2.000000, avanceI = 2.000000
inc_x_r = 0.000000, inc_y_r = 1.000000, inc_x_i = 1.000000, inc_y_i = 1.000000
En el else......

----------------------------------------
x = 5.000000, y = 200.000000
avance = 1.000000, avanceR = 2.000000, avanceI = 2.000000
inc_x_r = 0.000000, inc_y_r = 1.000000, inc_x_i = 1.000000, inc_y_i = 1.000000
avance >= 0

----------------------------------------
x = 6.000000, y = 201.000000
avance = -499.000000, avanceR = 2.000000, avanceI = 2.000000
inc_x_r = 0.000000, inc_y_r = 1.000000, inc_x_i = 1.000000, inc_y_i = 1.000000
En el else......

----------------------------------------
x = 6.000000, y = 202.000000
avance = -497.000000, avanceR = 2.000000, avanceI = 2.000000
inc_x_r = 0.000000, inc_y_r = 1.000000, inc_x_i = 1.000000, inc_y_i = 1.000000
En el else......

----------------------------------------
x = 6.000000, y = 203.000000
avance = -495.000000, avanceR = 2.000000, avanceI = 2.000000
inc_x_r = 0.000000, inc_y_r = 1.000000, inc_x_i = 1.000000, inc_y_i = 1.000000
En el else......

----------------------------------------
x = 6.000000, y = 204.000000
avance = -493.000000, avanceR = 2.000000, avanceI = 2.000000
inc_x_r = 0.000000, inc_y_r = 1.000000, inc_x_i = 1.000000, inc_y_i = 1.000000
En el else......

----------------------------------------
x = 6.000000, y = 205.000000
avance = -491.000000, avanceR = 2.000000, avanceI = 2.000000
inc_x_r = 0.000000, inc_y_r = 1.000000, inc_x_i = 1.000000, inc_y_i = 1.000000
En el else......

----------------------------------------
x = 6.000000, y = 206.000000
avance = -489.000000, avanceR = 2.000000, avanceI = 2.000000
inc_x_r = 0.000000, inc_y_r = 1.000000, inc_x_i = 1.000000, inc_y_i = 1.000000
En el else......

----------------------------------------
x = 6.000000, y = 207.000000
avance = -487.000000, avanceR = 2.000000, avanceI = 2.000000
inc_x_r = 0.000000, inc_y_r = 1.000000, inc_x_i = 1.000000, inc_y_i = 1.000000
En el else......

----------------------------------------
x = 6.000000, y = 208.000000
avance = -485.000000, avanceR = 2.000000, avanceI = 2.000000
inc_x_r = 0.000000, inc_y_r = 1.000000, inc_x_i = 1.000000, inc_y_i = 1.000000
En el else......

----------------------------------------
x = 6.000000, y = 209.000000
avance = -483.000000, avanceR = 2.000000, avanceI = 2.000000
inc_x_r = 0.000000, inc_y_r = 1.000000, inc_x_i = 1.000000, inc_y_i = 1.000000
En el else......

----------------------------------------
x = 6.000000, y = 210.000000
avance = -481.000000, avanceR = 2.000000, avanceI = 2.000000
inc_x_r = 0.000000, inc_y_r = 1.000000, inc_x_i = 1.000000, inc_y_i = 1.000000
En el else......

----------------------------------------
x = 6.000000, y = 211.000000
avance = -479.000000, avanceR = 2.000000, avanceI = 2.000000
inc_x_r = 0.000000, inc_y_r = 1.000000, inc_x_i = 1.000000, inc_y_i = 1.000000
En el else......

----------------------------------------
x = 6.000000, y = 212.000000
avance = -477.000000, avanceR = 2.000000, avanceI = 2.000000
inc_x_r = 0.000000, inc_y_r = 1.000000, inc_x_i = 1.000000, inc_y_i = 1.000000
En el else......

----------------------------------------
x = 6.000000, y = 213.000000
avance = -475.000000, avanceR = 2.000000, avanceI = 2.000000
inc_x_r = 0.000000, inc_y_r = 1.000000, inc_x_i = 1.000000, inc_y_i = 1.000000
En el else......

----------------------------------------
x = 6.000000, y = 214.000000
avance = -473.000000, avanceR = 2.000000, avanceI = 2.000000
inc_x_r = 0.000000, inc_y_r = 1.000000, inc_x_i = 1.000000, inc_y_i = 1.000000
En el else......

----------------------------------------
x = 6.000000, y = 215.000000
avance = -471.000000, avanceR = 2.000000, avanceI = 2.000000
inc_x_r = 0.000000, inc_y_r = 1.000000, inc_x_i = 1.000000, inc_y_i = 1.000000
En el else......

----------------------------------------
x = 6.000000, y = 216.000000
avance = -469.000000, avanceR = 2.000000, avanceI = 2.000000
inc_x_r = 0.000000, inc_y_r = 1.000000, inc_x_i = 1.000000, inc_y_i = 1.000000
En el else......

----------------------------------------
x = 6.000000, y = 217.000000
avance = -467.000000, avanceR = 2.000000, avanceI = 2.000000
inc_x_r = 0.000000, inc_y_r = 1.000000, inc_x_i = 1.000000, inc_y_i = 1.000000
En el else......

----------------------------------------
x = 6.000000, y = 218.000000
avance = -465.000000, avanceR = 2.000000, avanceI = 2.000000
inc_x_r = 0.000000, inc_y_r = 1.000000, inc_x_i = 1.000000, inc_y_i = 1.000000
En el else......

----------------------------------------
x = 6.000000, y = 219.000000
avance = -463.000000, avanceR = 2.000000, avanceI = 2.000000
inc_x_r = 0.000000, inc_y_r = 1.000000, inc_x_i = 1.000000, inc_y_i = 1.000000
En el else......

----------------------------------------
x = 6.000000, y = 220.000000
avance = -461.000000, avanceR = 2.000000, avanceI = 2.000000
inc_x_r = 0.000000, inc_y_r = 1.000000, inc_x_i = 1.000000, inc_y_i = 1.000000
En el else......

----------------------------------------
x = 6.000000, y = 221.000000
avance = -459.000000, avanceR = 2.000000, avanceI = 2.000000
inc_x_r = 0.000000, inc_y_r = 1.000000, inc_x_i = 1.000000, inc_y_i = 1.000000
En el else......

----------------------------------------
x = 6.000000, y = 222.000000
avance = -457.000000, avanceR = 2.000000, avanceI = 2.000000
inc_x_r = 0.000000, inc_y_r = 1.000000, inc_x_i = 1.000000, inc_y_i = 1.000000
En el else......

----------------------------------------
x = 6.000000, y = 223.000000
avance = -455.000000, avanceR = 2.000000, avanceI = 2.000000
inc_x_r = 0.000000, inc_y_r = 1.000000, inc_x_i = 1.000000, inc_y_i = 1.000000
En el else......

----------------------------------------
x = 6.000000, y = 224.000000
avance = -453.000000, avanceR = 2.000000, avanceI = 2.000000
inc_x_r = 0.000000, inc_y_r = 1.000000, inc_x_i = 1.000000, inc_y_i = 1.000000
En el else......

----------------------------------------
x = 6.000000, y = 225.000000
avance = -451.000000, avanceR = 2.000000, avanceI = 2.000000
inc_x_r = 0.000000, inc_y_r = 1.000000, inc_x_i = 1.000000, inc_y_i = 1.000000
En el else......

----------------------------------------
x = 6.000000, y = 226.000000
avance = -449.000000, avanceR = 2.000000, avanceI = 2.000000
inc_x_r = 0.000000, inc_y_r = 1.000000, inc_x_i = 1.000000, inc_y_i = 1.000000
En el else......

----------------------------------------
x = 6.000000, y = 227.000000
avance = -447.000000, avanceR = 2.000000, avanceI = 2.000000
inc_x_r = 0.000000, inc_y_r = 1.000000, inc_x_i = 1.000000, inc_y_i = 1.000000
En el else......

----------------------------------------
x = 6.000000, y = 228.000000
avance = -445.000000, avanceR = 2.000000, avanceI = 2.000000
inc_x_r = 0.000000, inc_y_r = 1.000000, inc_x_i = 1.000000, inc_y_i = 1.000000
En el else......

----------------------------------------
x = 6.000000, y = 229.000000
avance = -443.000000, avanceR = 2.000000, avanceI = 2.000000
inc_x_r = 0.000000, inc_y_r = 1.000000, inc_x_i = 1.000000, inc_y_i = 1.000000
En el else......

----------------------------------------
x = 6.000000, y = 230.000000
avance = -441.000000, avanceR = 2.000000, avanceI = 2.000000
inc_x_r = 0.000000, inc_y_r = 1.000000, inc_x_i = 1.000000, inc_y_i = 1.000000
En el else......

----------------------------------------
x = 6.000000, y = 231.000000
avance = -439.000000, avanceR = 2.000000, avanceI = 2.000000
inc_x_r = 0.000000, inc_y_r = 1.000000, inc_x_i = 1.000000, inc_y_i = 1.000000
En el else......

----------------------------------------
x = 6.000000, y = 232.000000
avance = -437.000000, avanceR = 2.000000, avanceI = 2.000000
inc_x_r = 0.000000, inc_y_r = 1.000000, inc_x_i = 1.000000, inc_y_i = 1.000000
En el else......

----------------------------------------
x = 6.000000, y = 233.000000
avance = -435.000000, avanceR = 2.000000, avanceI = 2.000000
inc_x_r = 0.000000, inc_y_r = 1.000000, inc_x_i = 1.000000, inc_y_i = 1.000000
En el else......

----------------------------------------
x = 6.000000, y = 234.000000
avance = -433.000000, avanceR = 2.000000, avanceI = 2.000000
inc_x_r = 0.000000, inc_y_r = 1.000000, inc_x_i = 1.000000, inc_y_i = 1.000000
En el else......

----------------------------------------
x = 6.000000, y = 235.000000
avance = -431.000000, avanceR = 2.000000, avanceI = 2.000000
inc_x_r = 0.000000, inc_y_r = 1.000000, inc_x_i = 1.000000, inc_y_i = 1.000000
En el else......

----------------------------------------
x = 6.000000, y = 236.000000
avance = -429.000000, avanceR = 2.000000, avanceI = 2.000000
inc_x_r = 0.000000, inc_y_r = 1.000000, inc_x_i = 1.000000, inc_y_i = 1.000000
En el else......

----------------------------------------
x = 6.000000, y = 237.000000
avance = -427.000000, avanceR = 2.000000, avanceI = 2.000000
inc_x_r = 0.000000, inc_y_r = 1.000000, inc_x_i = 1.000000, inc_y_i = 1.000000
En el else......

----------------------------------------
x = 6.000000, y = 238.000000
avance = -425.000000, avanceR = 2.000000, avanceI = 2.000000
inc_x_r = 0.000000, inc_y_r = 1.000000, inc_x_i = 1.000000, inc_y_i = 1.000000
En el else......

----------------------------------------
x = 6.000000, y = 239.000000
avance = -423.000000, avanceR = 2.000000, avanceI = 2.000000
inc_x_r = 0.000000, inc_y_r = 1.000000, inc_x_i = 1.000000, inc_y_i = 1.000000
En el else......

----------------------------------------
x = 6.000000, y = 240.000000
avance = -421.000000, avanceR = 2.000000, avanceI = 2.000000
inc_x_r = 0.000000, inc_y_r = 1.000000, inc_x_i = 1.000000, inc_y_i = 1.000000
En el else......

----------------------------------------
x = 6.000000, y = 241.000000
avance = -419.000000, avanceR = 2.000000, avanceI = 2.000000
inc_x_r = 0.000000, inc_y_r = 1.000000, inc_x_i = 1.000000, inc_y_i = 1.000000
En el else......

----------------------------------------
x = 6.000000, y = 242.000000
avance = -417.000000, avanceR = 2.000000, avanceI = 2.000000
inc_x_r = 0.000000, inc_y_r = 1.000000, inc_x_i = 1.000000, inc_y_i = 1.000000
En el else......

----------------------------------------
x = 6.000000, y = 243.000000
avance = -415.000000, avanceR = 2.000000, avanceI = 2.000000
inc_x_r = 0.000000, inc_y_r = 1.000000, inc_x_i = 1.000000, inc_y_i = 1.000000
En el else......

----------------------------------------
x = 6.000000, y = 244.000000
avance = -413.000000, avanceR = 2.000000, avanceI = 2.000000
inc_x_r = 0.000000, inc_y_r = 1.000000, inc_x_i = 1.000000, inc_y_i = 1.000000
En el else......

----------------------------------------
x = 6.000000, y = 245.000000
avance = -411.000000, avanceR = 2.000000, avanceI = 2.000000
inc_x_r = 0.000000, inc_y_r = 1.000000, inc_x_i = 1.000000, inc_y_i = 1.000000
En el else......

----------------------------------------
x = 6.000000, y = 246.000000
avance = -409.000000, avanceR = 2.000000, avanceI = 2.000000
inc_x_r = 0.000000, inc_y_r = 1.000000, inc_x_i = 1.000000, inc_y_i = 1.000000
En el else......

----------------------------------------
x = 6.000000, y = 247.000000
avance = -407.000000, avanceR = 2.000000, avanceI = 2.000000
inc_x_r = 0.000000, inc_y_r = 1.000000, inc_x_i = 1.000000, inc_y_i = 1.000000
En el else......

----------------------------------------
x = 6.000000, y = 248.000000
avance = -405.000000, avanceR = 2.000000, avanceI = 2.000000
inc_x_r = 0.000000, inc_y_r = 1.000000, inc_x_i = 1.000000, inc_y_i = 1.000000
En el else......

----------------------------------------
x = 6.000000, y = 249.000000
avance = -403.000000, avanceR = 2.000000, avanceI = 2.000000
inc_x_r = 0.000000, inc_y_r = 1.000000, inc_x_i = 1.000000, inc_y_i = 1.000000
En el else......

----------------------------------------
x = 6.000000, y = 250.000000
avance = -401.000000, avanceR = 2.000000, avanceI = 2.000000
inc_x_r = 0.000000, inc_y_r = 1.000000, inc_x_i = 1.000000, inc_y_i = 1.000000
En el else......

----------------------------------------
x = 6.000000, y = 251.000000
avance = -399.000000, avanceR = 2.000000, avanceI = 2.000000
inc_x_r = 0.000000, inc_y_r = 1.000000, inc_x_i = 1.000000, inc_y_i = 1.000000
En el else......

----------------------------------------
x = 6.000000, y = 252.000000
avance = -397.000000, avanceR = 2.000000, avanceI = 2.000000
inc_x_r = 0.000000, inc_y_r = 1.000000, inc_x_i = 1.000000, inc_y_i = 1.000000
En el else......

----------------------------------------
x = 6.000000, y = 253.000000
avance = -395.000000, avanceR = 2.000000, avanceI = 2.000000
inc_x_r = 0.000000, inc_y_r = 1.000000, inc_x_i = 1.000000, inc_y_i = 1.000000
En el else......

----------------------------------------
x = 6.000000, y = 254.000000
avance = -393.000000, avanceR = 2.000000, avanceI = 2.000000
inc_x_r = 0.000000, inc_y_r = 1.000000, inc_x_i = 1.000000, inc_y_i = 1.000000
En el else......

----------------------------------------
x = 6.000000, y = 255.000000
avance = -391.000000, avanceR = 2.000000, avanceI = 2.000000
inc_x_r = 0.000000, inc_y_r = 1.000000, inc_x_i = 1.000000, inc_y_i = 1.000000
En el else......

----------------------------------------
x = 6.000000, y = 256.000000
avance = -389.000000, avanceR = 2.000000, avanceI = 2.000000
inc_x_r = 0.000000, inc_y_r = 1.000000, inc_x_i = 1.000000, inc_y_i = 1.000000
En el else......

----------------------------------------
x = 6.000000, y = 257.000000
avance = -387.000000, avanceR = 2.000000, avanceI = 2.000000
inc_x_r = 0.000000, inc_y_r = 1.000000, inc_x_i = 1.000000, inc_y_i = 1.000000
En el else......

----------------------------------------
x = 6.000000, y = 258.000000
avance = -385.000000, avanceR = 2.000000, avanceI = 2.000000
inc_x_r = 0.000000, inc_y_r = 1.000000, inc_x_i = 1.000000, inc_y_i = 1.000000
En el else......

----------------------------------------
x = 6.000000, y = 259.000000
avance = -383.000000, avanceR = 2.000000, avanceI = 2.000000
inc_x_r = 0.000000, inc_y_r = 1.000000, inc_x_i = 1.000000, inc_y_i = 1.000000
En el else......

----------------------------------------
x = 6.000000, y = 260.000000
avance = -381.000000, avanceR = 2.000000, avanceI = 2.000000
inc_x_r = 0.000000, inc_y_r = 1.000000, inc_x_i = 1.000000, inc_y_i = 1.000000
En el else......

----------------------------------------
x = 6.000000, y = 261.000000
avance = -379.000000, avanceR = 2.000000, avanceI = 2.000000
inc_x_r = 0.000000, inc_y_r = 1.000000, inc_x_i = 1.000000, inc_y_i = 1.000000
En el else......

----------------------------------------
x = 6.000000, y = 262.000000
avance = -377.000000, avanceR = 2.000000, avanceI = 2.000000
inc_x_r = 0.000000, inc_y_r = 1.000000, inc_x_i = 1.000000, inc_y_i = 1.000000
En el else......

----------------------------------------
x = 6.000000, y = 263.000000
avance = -375.000000, avanceR = 2.000000, avanceI = 2.000000
inc_x_r = 0.000000, inc_y_r = 1.000000, inc_x_i = 1.000000, inc_y_i = 1.000000
En el else......

----------------------------------------
x = 6.000000, y = 264.000000
avance = -373.000000, avanceR = 2.000000, avanceI = 2.000000
inc_x_r = 0.000000, inc_y_r = 1.000000, inc_x_i = 1.000000, inc_y_i = 1.000000
En el else......

----------------------------------------
x = 6.000000, y = 265.000000
avance = -371.000000, avanceR = 2.000000, avanceI = 2.000000
inc_x_r = 0.000000, inc_y_r = 1.000000, inc_x_i = 1.000000, inc_y_i = 1.000000
En el else......

----------------------------------------
x = 6.000000, y = 266.000000
avance = -369.000000, avanceR = 2.000000, avanceI = 2.000000
inc_x_r = 0.000000, inc_y_r = 1.000000, inc_x_i = 1.000000, inc_y_i = 1.000000
En el else......

----------------------------------------
x = 6.000000, y = 267.000000
avance = -367.000000, avanceR = 2.000000, avanceI = 2.000000
inc_x_r = 0.000000, inc_y_r = 1.000000, inc_x_i = 1.000000, inc_y_i = 1.000000
En el else......

----------------------------------------
x = 6.000000, y = 268.000000
avance = -365.000000, avanceR = 2.000000, avanceI = 2.000000
inc_x_r = 0.000000, inc_y_r = 1.000000, inc_x_i = 1.000000, inc_y_i = 1.000000
En el else......

----------------------------------------
x = 6.000000, y = 269.000000
avance = -363.000000, avanceR = 2.000000, avanceI = 2.000000
inc_x_r = 0.000000, inc_y_r = 1.000000, inc_x_i = 1.000000, inc_y_i = 1.000000
En el else......

----------------------------------------
x = 6.000000, y = 270.000000
avance = -361.000000, avanceR = 2.000000, avanceI = 2.000000
inc_x_r = 0.000000, inc_y_r = 1.000000, inc_x_i = 1.000000, inc_y_i = 1.000000
En el else......

----------------------------------------
x = 6.000000, y = 271.000000
avance = -359.000000, avanceR = 2.000000, avanceI = 2.000000
inc_x_r = 0.000000, inc_y_r = 1.000000, inc_x_i = 1.000000, inc_y_i = 1.000000
En el else......

----------------------------------------
x = 6.000000, y = 272.000000
avance = -357.000000, avanceR = 2.000000, avanceI = 2.000000
inc_x_r = 0.000000, inc_y_r = 1.000000, inc_x_i = 1.000000, inc_y_i = 1.000000
En el else......

----------------------------------------
x = 6.000000, y = 273.000000
avance = -355.000000, avanceR = 2.000000, avanceI = 2.000000
inc_x_r = 0.000000, inc_y_r = 1.000000, inc_x_i = 1.000000, inc_y_i = 1.000000
En el else......

----------------------------------------
x = 6.000000, y = 274.000000
avance = -353.000000, avanceR = 2.000000, avanceI = 2.000000
inc_x_r = 0.000000, inc_y_r = 1.000000, inc_x_i = 1.000000, inc_y_i = 1.000000
En el else......

----------------------------------------
x = 6.000000, y = 275.000000
avance = -351.000000, avanceR = 2.000000, avanceI = 2.000000
inc_x_r = 0.000000, inc_y_r = 1.000000, inc_x_i = 1.000000, inc_y_i = 1.000000
En el else......

----------------------------------------
x = 6.000000, y = 276.000000
avance = -349.000000, avanceR = 2.000000, avanceI = 2.000000
inc_x_r = 0.000000, inc_y_r = 1.000000, inc_x_i = 1.000000, inc_y_i = 1.000000
En el else......

----------------------------------------
x = 6.000000, y = 277.000000
avance = -347.000000, avanceR = 2.000000, avanceI = 2.000000
inc_x_r = 0.000000, inc_y_r = 1.000000, inc_x_i = 1.000000, inc_y_i = 1.000000
En el else......

----------------------------------------
x = 6.000000, y = 278.000000
avance = -345.000000, avanceR = 2.000000, avanceI = 2.000000
inc_x_r = 0.000000, inc_y_r = 1.000000, inc_x_i = 1.000000, inc_y_i = 1.000000
En el else......

----------------------------------------
x = 6.000000, y = 279.000000
avance = -343.000000, avanceR = 2.000000, avanceI = 2.000000
inc_x_r = 0.000000, inc_y_r = 1.000000, inc_x_i = 1.000000, inc_y_i = 1.000000
En el else......

----------------------------------------
x = 6.000000, y = 280.000000
avance = -341.000000, avanceR = 2.000000, avanceI = 2.000000
inc_x_r = 0.000000, inc_y_r = 1.000000, inc_x_i = 1.000000, inc_y_i = 1.000000
En el else......

----------------------------------------
x = 6.000000, y = 281.000000
avance = -339.000000, avanceR = 2.000000, avanceI = 2.000000
inc_x_r = 0.000000, inc_y_r = 1.000000, inc_x_i = 1.000000, inc_y_i = 1.000000
En el else......

----------------------------------------
x = 6.000000, y = 282.000000
avance = -337.000000, avanceR = 2.000000, avanceI = 2.000000
inc_x_r = 0.000000, inc_y_r = 1.000000, inc_x_i = 1.000000, inc_y_i = 1.000000
En el else......

----------------------------------------
x = 6.000000, y = 283.000000
avance = -335.000000, avanceR = 2.000000, avanceI = 2.000000
inc_x_r = 0.000000, inc_y_r = 1.000000, inc_x_i = 1.000000, inc_y_i = 1.000000
En el else......

----------------------------------------
x = 6.000000, y = 284.000000
avance = -333.000000, avanceR = 2.000000, avanceI = 2.000000
inc_x_r = 0.000000, inc_y_r = 1.000000, inc_x_i = 1.000000, inc_y_i = 1.000000
En el else......

----------------------------------------
x = 6.000000, y = 285.000000
avance = -331.000000, avanceR = 2.000000, avanceI = 2.000000
inc_x_r = 0.000000, inc_y_r = 1.000000, inc_x_i = 1.000000, inc_y_i = 1.000000
En el else......

----------------------------------------
x = 6.000000, y = 286.000000
avance = -329.000000, avanceR = 2.000000, avanceI = 2.000000
inc_x_r = 0.000000, inc_y_r = 1.000000, inc_x_i = 1.000000, inc_y_i = 1.000000
En el else......

----------------------------------------
x = 6.000000, y = 287.000000
avance = -327.000000, avanceR = 2.000000, avanceI = 2.000000
inc_x_r = 0.000000, inc_y_r = 1.000000, inc_x_i = 1.000000, inc_y_i = 1.000000
En el else......

----------------------------------------
x = 6.000000, y = 288.000000
avance = -325.000000, avanceR = 2.000000, avanceI = 2.000000
inc_x_r = 0.000000, inc_y_r = 1.000000, inc_x_i = 1.000000, inc_y_i = 1.000000
En el else......

----------------------------------------
x = 6.000000, y = 289.000000
avance = -323.000000, avanceR = 2.000000, avanceI = 2.000000
inc_x_r = 0.000000, inc_y_r = 1.000000, inc_x_i = 1.000000, inc_y_i = 1.000000
En el else......

----------------------------------------
x = 6.000000, y = 290.000000
avance = -321.000000, avanceR = 2.000000, avanceI = 2.000000
inc_x_r = 0.000000, inc_y_r = 1.000000, inc_x_i = 1.000000, inc_y_i = 1.000000
En el else......

----------------------------------------
x = 6.000000, y = 291.000000
avance = -319.000000, avanceR = 2.000000, avanceI = 2.000000
inc_x_r = 0.000000, inc_y_r = 1.000000, inc_x_i = 1.000000, inc_y_i = 1.000000
En el else......

----------------------------------------
x = 6.000000, y = 292.000000
avance = -317.000000, avanceR = 2.000000, avanceI = 2.000000
inc_x_r = 0.000000, inc_y_r = 1.000000, inc_x_i = 1.000000, inc_y_i = 1.000000
En el else......

----------------------------------------
x = 6.000000, y = 293.000000
avance = -315.000000, avanceR = 2.000000, avanceI = 2.000000
inc_x_r = 0.000000, inc_y_r = 1.000000, inc_x_i = 1.000000, inc_y_i = 1.000000
En el else......

----------------------------------------
x = 6.000000, y = 294.000000
avance = -313.000000, avanceR = 2.000000, avanceI = 2.000000
inc_x_r = 0.000000, inc_y_r = 1.000000, inc_x_i = 1.000000, inc_y_i = 1.000000
En el else......

----------------------------------------
x = 6.000000, y = 295.000000
avance = -311.000000, avanceR = 2.000000, avanceI = 2.000000
inc_x_r = 0.000000, inc_y_r = 1.000000, inc_x_i = 1.000000, inc_y_i = 1.000000
En el else......

----------------------------------------
x = 6.000000, y = 296.000000
avance = -309.000000, avanceR = 2.000000, avanceI = 2.000000
inc_x_r = 0.000000, inc_y_r = 1.000000, inc_x_i = 1.000000, inc_y_i = 1.000000
En el else......

----------------------------------------
x = 6.000000, y = 297.000000
avance = -307.000000, avanceR = 2.000000, avanceI = 2.000000
inc_x_r = 0.000000, inc_y_r = 1.000000, inc_x_i = 1.000000, inc_y_i = 1.000000
En el else......

----------------------------------------
x = 6.000000, y = 298.000000
avance = -305.000000, avanceR = 2.000000, avanceI = 2.000000
inc_x_r = 0.000000, inc_y_r = 1.000000, inc_x_i = 1.000000, inc_y_i = 1.000000
En el else......

----------------------------------------
x = 6.000000, y = 299.000000
avance = -303.000000, avanceR = 2.000000, avanceI = 2.000000
inc_x_r = 0.000000, inc_y_r = 1.000000, inc_x_i = 1.000000, inc_y_i = 1.000000
En el else......

----------------------------------------
x = 6.000000, y = 300.000000
avance = -301.000000, avanceR = 2.000000, avanceI = 2.000000
inc_x_r = 0.000000, inc_y_r = 1.000000, inc_x_i = 1.000000, inc_y_i = 1.000000
En el else......

----------------------------------------
x = 6.000000, y = 301.000000
avance = -299.000000, avanceR = 2.000000, avanceI = 2.000000
inc_x_r = 0.000000, inc_y_r = 1.000000, inc_x_i = 1.000000, inc_y_i = 1.000000
En el else......

----------------------------------------
x = 6.000000, y = 302.000000
avance = -297.000000, avanceR = 2.000000, avanceI = 2.000000
inc_x_r = 0.000000, inc_y_r = 1.000000, inc_x_i = 1.000000, inc_y_i = 1.000000
En el else......

----------------------------------------
x = 6.000000, y = 303.000000
avance = -295.000000, avanceR = 2.000000, avanceI = 2.000000
inc_x_r = 0.000000, inc_y_r = 1.000000, inc_x_i = 1.000000, inc_y_i = 1.000000
En el else......

----------------------------------------
x = 6.000000, y = 304.000000
avance = -293.000000, avanceR = 2.000000, avanceI = 2.000000
inc_x_r = 0.000000, inc_y_r = 1.000000, inc_x_i = 1.000000, inc_y_i = 1.000000
En el else......

----------------------------------------
x = 6.000000, y = 305.000000
avance = -291.000000, avanceR = 2.000000, avanceI = 2.000000
inc_x_r = 0.000000, inc_y_r = 1.000000, inc_x_i = 1.000000, inc_y_i = 1.000000
En el else......

----------------------------------------
x = 6.000000, y = 306.000000
avance = -289.000000, avanceR = 2.000000, avanceI = 2.000000
inc_x_r = 0.000000, inc_y_r = 1.000000, inc_x_i = 1.000000, inc_y_i = 1.000000
En el else......

----------------------------------------
x = 6.000000, y = 307.000000
avance = -287.000000, avanceR = 2.000000, avanceI = 2.000000
inc_x_r = 0.000000, inc_y_r = 1.000000, inc_x_i = 1.000000, inc_y_i = 1.000000
En el else......

----------------------------------------
x = 6.000000, y = 308.000000
avance = -285.000000, avanceR = 2.000000, avanceI = 2.000000
inc_x_r = 0.000000, inc_y_r = 1.000000, inc_x_i = 1.000000, inc_y_i = 1.000000
En el else......

----------------------------------------
x = 6.000000, y = 309.000000
avance = -283.000000, avanceR = 2.000000, avanceI = 2.000000
inc_x_r = 0.000000, inc_y_r = 1.000000, inc_x_i = 1.000000, inc_y_i = 1.000000
En el else......

----------------------------------------
x = 6.000000, y = 310.000000
avance = -281.000000, avanceR = 2.000000, avanceI = 2.000000
inc_x_r = 0.000000, inc_y_r = 1.000000, inc_x_i = 1.000000, inc_y_i = 1.000000
En el else......

----------------------------------------
x = 6.000000, y = 311.000000
avance = -279.000000, avanceR = 2.000000, avanceI = 2.000000
inc_x_r = 0.000000, inc_y_r = 1.000000, inc_x_i = 1.000000, inc_y_i = 1.000000
En el else......

----------------------------------------
x = 6.000000, y = 312.000000
avance = -277.000000, avanceR = 2.000000, avanceI = 2.000000
inc_x_r = 0.000000, inc_y_r = 1.000000, inc_x_i = 1.000000, inc_y_i = 1.000000
En el else......

----------------------------------------
x = 6.000000, y = 313.000000
avance = -275.000000, avanceR = 2.000000, avanceI = 2.000000
inc_x_r = 0.000000, inc_y_r = 1.000000, inc_x_i = 1.000000, inc_y_i = 1.000000
En el else......

----------------------------------------
x = 6.000000, y = 314.000000
avance = -273.000000, avanceR = 2.000000, avanceI = 2.000000
inc_x_r = 0.000000, inc_y_r = 1.000000, inc_x_i = 1.000000, inc_y_i = 1.000000
En el else......

----------------------------------------
x = 6.000000, y = 315.000000
avance = -271.000000, avanceR = 2.000000, avanceI = 2.000000
inc_x_r = 0.000000, inc_y_r = 1.000000, inc_x_i = 1.000000, inc_y_i = 1.000000
En el else......

----------------------------------------
x = 6.000000, y = 316.000000
avance = -269.000000, avanceR = 2.000000, avanceI = 2.000000
inc_x_r = 0.000000, inc_y_r = 1.000000, inc_x_i = 1.000000, inc_y_i = 1.000000
En el else......

----------------------------------------
x = 6.000000, y = 317.000000
avance = -267.000000, avanceR = 2.000000, avanceI = 2.000000
inc_x_r = 0.000000, inc_y_r = 1.000000, inc_x_i = 1.000000, inc_y_i = 1.000000
En el else......

----------------------------------------
x = 6.000000, y = 318.000000
avance = -265.000000, avanceR = 2.000000, avanceI = 2.000000
inc_x_r = 0.000000, inc_y_r = 1.000000, inc_x_i = 1.000000, inc_y_i = 1.000000
En el else......

----------------------------------------
x = 6.000000, y = 319.000000
avance = -263.000000, avanceR = 2.000000, avanceI = 2.000000
inc_x_r = 0.000000, inc_y_r = 1.000000, inc_x_i = 1.000000, inc_y_i = 1.000000
En el else......

----------------------------------------
x = 6.000000, y = 320.000000
avance = -261.000000, avanceR = 2.000000, avanceI = 2.000000
inc_x_r = 0.000000, inc_y_r = 1.000000, inc_x_i = 1.000000, inc_y_i = 1.000000
En el else......

----------------------------------------
x = 6.000000, y = 321.000000
avance = -259.000000, avanceR = 2.000000, avanceI = 2.000000
inc_x_r = 0.000000, inc_y_r = 1.000000, inc_x_i = 1.000000, inc_y_i = 1.000000
En el else......

----------------------------------------
x = 6.000000, y = 322.000000
avance = -257.000000, avanceR = 2.000000, avanceI = 2.000000
inc_x_r = 0.000000, inc_y_r = 1.000000, inc_x_i = 1.000000, inc_y_i = 1.000000
En el else......

----------------------------------------
x = 6.000000, y = 323.000000
avance = -255.000000, avanceR = 2.000000, avanceI = 2.000000
inc_x_r = 0.000000, inc_y_r = 1.000000, inc_x_i = 1.000000, inc_y_i = 1.000000
En el else......

----------------------------------------
x = 6.000000, y = 324.000000
avance = -253.000000, avanceR = 2.000000, avanceI = 2.000000
inc_x_r = 0.000000, inc_y_r = 1.000000, inc_x_i = 1.000000, inc_y_i = 1.000000
En el else......

----------------------------------------
x = 6.000000, y = 325.000000
avance = -251.000000, avanceR = 2.000000, avanceI = 2.000000
inc_x_r = 0.000000, inc_y_r = 1.000000, inc_x_i = 1.000000, inc_y_i = 1.000000
En el else......

----------------------------------------


ENTRAMOS A BRESENHAMªªªª
x1 = 5.000000 - y1 = 75.000000 || x2 = 6.000000 - y2 = 326.000000
dy = 251.000000, dx = 1.000000
avances inclinados: inc_x_i = 1.000000, inc_y_i = 1.000000
updated: dy = 251.000000, dx = 1.000000
avances rectos: inc_x_r = 0.000000, inc_y_r 1.000000
reupdated: dy = 1.000000, dx = 251.000000
avanceR = 2.000000, avance -249.000000, avanceI 2.000000
----------------------------------------
x = 5.000000, y = 75.000000
avance = -249.000000, avanceR = 2.000000, avanceI = 2.000000
inc_x_r = 0.000000, inc_y_r = 1.000000, inc_x_i = 1.000000, inc_y_i = 1.000000
En el else......

----------------------------------------
x = 5.000000, y = 76.000000
avance = -247.000000, avanceR = 2.000000, avanceI = 2.000000
inc_x_r = 0.000000, inc_y_r = 1.000000, inc_x_i = 1.000000, inc_y_i = 1.000000
En el else......

----------------------------------------
x = 5.000000, y = 77.000000
avance = -245.000000, avanceR = 2.000000, avanceI = 2.000000
inc_x_r = 0.000000, inc_y_r = 1.000000, inc_x_i = 1.000000, inc_y_i = 1.000000
En el else......

----------------------------------------
x = 5.000000, y = 78.000000
avance = -243.000000, avanceR = 2.000000, avanceI = 2.000000
inc_x_r = 0.000000, inc_y_r = 1.000000, inc_x_i = 1.000000, inc_y_i = 1.000000
En el else......

----------------------------------------
x = 5.000000, y = 79.000000
avance = -241.000000, avanceR = 2.000000, avanceI = 2.000000
inc_x_r = 0.000000, inc_y_r = 1.000000, inc_x_i = 1.000000, inc_y_i = 1.000000
En el else......

----------------------------------------
x = 5.000000, y = 80.000000
avance = -239.000000, avanceR = 2.000000, avanceI = 2.000000
inc_x_r = 0.000000, inc_y_r = 1.000000, inc_x_i = 1.000000, inc_y_i = 1.000000
En el else......

----------------------------------------
x = 5.000000, y = 81.000000
avance = -237.000000, avanceR = 2.000000, avanceI = 2.000000
inc_x_r = 0.000000, inc_y_r = 1.000000, inc_x_i = 1.000000, inc_y_i = 1.000000
En el else......

----------------------------------------
x = 5.000000, y = 82.000000
avance = -235.000000, avanceR = 2.000000, avanceI = 2.000000
inc_x_r = 0.000000, inc_y_r = 1.000000, inc_x_i = 1.000000, inc_y_i = 1.000000
En el else......

----------------------------------------
x = 5.000000, y = 83.000000
avance = -233.000000, avanceR = 2.000000, avanceI = 2.000000
inc_x_r = 0.000000, inc_y_r = 1.000000, inc_x_i = 1.000000, inc_y_i = 1.000000
En el else......

----------------------------------------
x = 5.000000, y = 84.000000
avance = -231.000000, avanceR = 2.000000, avanceI = 2.000000
inc_x_r = 0.000000, inc_y_r = 1.000000, inc_x_i = 1.000000, inc_y_i = 1.000000
En el else......

----------------------------------------
x = 5.000000, y = 85.000000
avance = -229.000000, avanceR = 2.000000, avanceI = 2.000000
inc_x_r = 0.000000, inc_y_r = 1.000000, inc_x_i = 1.000000, inc_y_i = 1.000000
En el else......

----------------------------------------
x = 5.000000, y = 86.000000
avance = -227.000000, avanceR = 2.000000, avanceI = 2.000000
inc_x_r = 0.000000, inc_y_r = 1.000000, inc_x_i = 1.000000, inc_y_i = 1.000000
En el else......

----------------------------------------
x = 5.000000, y = 87.000000
avance = -225.000000, avanceR = 2.000000, avanceI = 2.000000
inc_x_r = 0.000000, inc_y_r = 1.000000, inc_x_i = 1.000000, inc_y_i = 1.000000
En el else......

----------------------------------------
x = 5.000000, y = 88.000000
avance = -223.000000, avanceR = 2.000000, avanceI = 2.000000
inc_x_r = 0.000000, inc_y_r = 1.000000, inc_x_i = 1.000000, inc_y_i = 1.000000
En el else......

----------------------------------------
x = 5.000000, y = 89.000000
avance = -221.000000, avanceR = 2.000000, avanceI = 2.000000
inc_x_r = 0.000000, inc_y_r = 1.000000, inc_x_i = 1.000000, inc_y_i = 1.000000
En el else......

----------------------------------------
x = 5.000000, y = 90.000000
avance = -219.000000, avanceR = 2.000000, avanceI = 2.000000
inc_x_r = 0.000000, inc_y_r = 1.000000, inc_x_i = 1.000000, inc_y_i = 1.000000
En el else......

----------------------------------------
x = 5.000000, y = 91.000000
avance = -217.000000, avanceR = 2.000000, avanceI = 2.000000
inc_x_r = 0.000000, inc_y_r = 1.000000, inc_x_i = 1.000000, inc_y_i = 1.000000
En el else......

----------------------------------------
x = 5.000000, y = 92.000000
avance = -215.000000, avanceR = 2.000000, avanceI = 2.000000
inc_x_r = 0.000000, inc_y_r = 1.000000, inc_x_i = 1.000000, inc_y_i = 1.000000
En el else......

----------------------------------------
x = 5.000000, y = 93.000000
avance = -213.000000, avanceR = 2.000000, avanceI = 2.000000
inc_x_r = 0.000000, inc_y_r = 1.000000, inc_x_i = 1.000000, inc_y_i = 1.000000
En el else......

----------------------------------------
x = 5.000000, y = 94.000000
avance = -211.000000, avanceR = 2.000000, avanceI = 2.000000
inc_x_r = 0.000000, inc_y_r = 1.000000, inc_x_i = 1.000000, inc_y_i = 1.000000
En el else......

----------------------------------------
x = 5.000000, y = 95.000000
avance = -209.000000, avanceR = 2.000000, avanceI = 2.000000
inc_x_r = 0.000000, inc_y_r = 1.000000, inc_x_i = 1.000000, inc_y_i = 1.000000
En el else......

----------------------------------------
x = 5.000000, y = 96.000000
avance = -207.000000, avanceR = 2.000000, avanceI = 2.000000
inc_x_r = 0.000000, inc_y_r = 1.000000, inc_x_i = 1.000000, inc_y_i = 1.000000
En el else......

----------------------------------------
x = 5.000000, y = 97.000000
avance = -205.000000, avanceR = 2.000000, avanceI = 2.000000
inc_x_r = 0.000000, inc_y_r = 1.000000, inc_x_i = 1.000000, inc_y_i = 1.000000
En el else......

----------------------------------------
x = 5.000000, y = 98.000000
avance = -203.000000, avanceR = 2.000000, avanceI = 2.000000
inc_x_r = 0.000000, inc_y_r = 1.000000, inc_x_i = 1.000000, inc_y_i = 1.000000
En el else......

----------------------------------------
x = 5.000000, y = 99.000000
avance = -201.000000, avanceR = 2.000000, avanceI = 2.000000
inc_x_r = 0.000000, inc_y_r = 1.000000, inc_x_i = 1.000000, inc_y_i = 1.000000
En el else......

----------------------------------------
x = 5.000000, y = 100.000000
avance = -199.000000, avanceR = 2.000000, avanceI = 2.000000
inc_x_r = 0.000000, inc_y_r = 1.000000, inc_x_i = 1.000000, inc_y_i = 1.000000
En el else......

----------------------------------------
x = 5.000000, y = 101.000000
avance = -197.000000, avanceR = 2.000000, avanceI = 2.000000
inc_x_r = 0.000000, inc_y_r = 1.000000, inc_x_i = 1.000000, inc_y_i = 1.000000
En el else......

----------------------------------------
x = 5.000000, y = 102.000000
avance = -195.000000, avanceR = 2.000000, avanceI = 2.000000
inc_x_r = 0.000000, inc_y_r = 1.000000, inc_x_i = 1.000000, inc_y_i = 1.000000
En el else......

----------------------------------------
x = 5.000000, y = 103.000000
avance = -193.000000, avanceR = 2.000000, avanceI = 2.000000
inc_x_r = 0.000000, inc_y_r = 1.000000, inc_x_i = 1.000000, inc_y_i = 1.000000
En el else......

----------------------------------------
x = 5.000000, y = 104.000000
avance = -191.000000, avanceR = 2.000000, avanceI = 2.000000
inc_x_r = 0.000000, inc_y_r = 1.000000, inc_x_i = 1.000000, inc_y_i = 1.000000
En el else......

----------------------------------------
x = 5.000000, y = 105.000000
avance = -189.000000, avanceR = 2.000000, avanceI = 2.000000
inc_x_r = 0.000000, inc_y_r = 1.000000, inc_x_i = 1.000000, inc_y_i = 1.000000
En el else......

----------------------------------------
x = 5.000000, y = 106.000000
avance = -187.000000, avanceR = 2.000000, avanceI = 2.000000
inc_x_r = 0.000000, inc_y_r = 1.000000, inc_x_i = 1.000000, inc_y_i = 1.000000
En el else......

----------------------------------------
x = 5.000000, y = 107.000000
avance = -185.000000, avanceR = 2.000000, avanceI = 2.000000
inc_x_r = 0.000000, inc_y_r = 1.000000, inc_x_i = 1.000000, inc_y_i = 1.000000
En el else......

----------------------------------------
x = 5.000000, y = 108.000000
avance = -183.000000, avanceR = 2.000000, avanceI = 2.000000
inc_x_r = 0.000000, inc_y_r = 1.000000, inc_x_i = 1.000000, inc_y_i = 1.000000
En el else......

----------------------------------------
x = 5.000000, y = 109.000000
avance = -181.000000, avanceR = 2.000000, avanceI = 2.000000
inc_x_r = 0.000000, inc_y_r = 1.000000, inc_x_i = 1.000000, inc_y_i = 1.000000
En el else......

----------------------------------------
x = 5.000000, y = 110.000000
avance = -179.000000, avanceR = 2.000000, avanceI = 2.000000
inc_x_r = 0.000000, inc_y_r = 1.000000, inc_x_i = 1.000000, inc_y_i = 1.000000
En el else......

----------------------------------------
x = 5.000000, y = 111.000000
avance = -177.000000, avanceR = 2.000000, avanceI = 2.000000
inc_x_r = 0.000000, inc_y_r = 1.000000, inc_x_i = 1.000000, inc_y_i = 1.000000
En el else......

----------------------------------------
x = 5.000000, y = 112.000000
avance = -175.000000, avanceR = 2.000000, avanceI = 2.000000
inc_x_r = 0.000000, inc_y_r = 1.000000, inc_x_i = 1.000000, inc_y_i = 1.000000
En el else......

----------------------------------------
x = 5.000000, y = 113.000000
avance = -173.000000, avanceR = 2.000000, avanceI = 2.000000
inc_x_r = 0.000000, inc_y_r = 1.000000, inc_x_i = 1.000000, inc_y_i = 1.000000
En el else......

----------------------------------------
x = 5.000000, y = 114.000000
avance = -171.000000, avanceR = 2.000000, avanceI = 2.000000
inc_x_r = 0.000000, inc_y_r = 1.000000, inc_x_i = 1.000000, inc_y_i = 1.000000
En el else......

----------------------------------------
x = 5.000000, y = 115.000000
avance = -169.000000, avanceR = 2.000000, avanceI = 2.000000
inc_x_r = 0.000000, inc_y_r = 1.000000, inc_x_i = 1.000000, inc_y_i = 1.000000
En el else......

----------------------------------------
x = 5.000000, y = 116.000000
avance = -167.000000, avanceR = 2.000000, avanceI = 2.000000
inc_x_r = 0.000000, inc_y_r = 1.000000, inc_x_i = 1.000000, inc_y_i = 1.000000
En el else......

----------------------------------------
x = 5.000000, y = 117.000000
avance = -165.000000, avanceR = 2.000000, avanceI = 2.000000
inc_x_r = 0.000000, inc_y_r = 1.000000, inc_x_i = 1.000000, inc_y_i = 1.000000
En el else......

----------------------------------------
x = 5.000000, y = 118.000000
avance = -163.000000, avanceR = 2.000000, avanceI = 2.000000
inc_x_r = 0.000000, inc_y_r = 1.000000, inc_x_i = 1.000000, inc_y_i = 1.000000
En el else......

----------------------------------------
x = 5.000000, y = 119.000000
avance = -161.000000, avanceR = 2.000000, avanceI = 2.000000
inc_x_r = 0.000000, inc_y_r = 1.000000, inc_x_i = 1.000000, inc_y_i = 1.000000
En el else......

----------------------------------------
x = 5.000000, y = 120.000000
avance = -159.000000, avanceR = 2.000000, avanceI = 2.000000
inc_x_r = 0.000000, inc_y_r = 1.000000, inc_x_i = 1.000000, inc_y_i = 1.000000
En el else......

----------------------------------------
x = 5.000000, y = 121.000000
avance = -157.000000, avanceR = 2.000000, avanceI = 2.000000
inc_x_r = 0.000000, inc_y_r = 1.000000, inc_x_i = 1.000000, inc_y_i = 1.000000
En el else......

----------------------------------------
x = 5.000000, y = 122.000000
avance = -155.000000, avanceR = 2.000000, avanceI = 2.000000
inc_x_r = 0.000000, inc_y_r = 1.000000, inc_x_i = 1.000000, inc_y_i = 1.000000
En el else......

----------------------------------------
x = 5.000000, y = 123.000000
avance = -153.000000, avanceR = 2.000000, avanceI = 2.000000
inc_x_r = 0.000000, inc_y_r = 1.000000, inc_x_i = 1.000000, inc_y_i = 1.000000
En el else......

----------------------------------------
x = 5.000000, y = 124.000000
avance = -151.000000, avanceR = 2.000000, avanceI = 2.000000
inc_x_r = 0.000000, inc_y_r = 1.000000, inc_x_i = 1.000000, inc_y_i = 1.000000
En el else......

----------------------------------------
x = 5.000000, y = 125.000000
avance = -149.000000, avanceR = 2.000000, avanceI = 2.000000
inc_x_r = 0.000000, inc_y_r = 1.000000, inc_x_i = 1.000000, inc_y_i = 1.000000
En el else......

----------------------------------------
x = 5.000000, y = 126.000000
avance = -147.000000, avanceR = 2.000000, avanceI = 2.000000
inc_x_r = 0.000000, inc_y_r = 1.000000, inc_x_i = 1.000000, inc_y_i = 1.000000
En el else......

----------------------------------------
x = 5.000000, y = 127.000000
avance = -145.000000, avanceR = 2.000000, avanceI = 2.000000
inc_x_r = 0.000000, inc_y_r = 1.000000, inc_x_i = 1.000000, inc_y_i = 1.000000
En el else......

----------------------------------------
x = 5.000000, y = 128.000000
avance = -143.000000, avanceR = 2.000000, avanceI = 2.000000
inc_x_r = 0.000000, inc_y_r = 1.000000, inc_x_i = 1.000000, inc_y_i = 1.000000
En el else......

----------------------------------------
x = 5.000000, y = 129.000000
avance = -141.000000, avanceR = 2.000000, avanceI = 2.000000
inc_x_r = 0.000000, inc_y_r = 1.000000, inc_x_i = 1.000000, inc_y_i = 1.000000
En el else......

----------------------------------------
x = 5.000000, y = 130.000000
avance = -139.000000, avanceR = 2.000000, avanceI = 2.000000
inc_x_r = 0.000000, inc_y_r = 1.000000, inc_x_i = 1.000000, inc_y_i = 1.000000
En el else......

----------------------------------------
x = 5.000000, y = 131.000000
avance = -137.000000, avanceR = 2.000000, avanceI = 2.000000
inc_x_r = 0.000000, inc_y_r = 1.000000, inc_x_i = 1.000000, inc_y_i = 1.000000
En el else......

----------------------------------------
x = 5.000000, y = 132.000000
avance = -135.000000, avanceR = 2.000000, avanceI = 2.000000
inc_x_r = 0.000000, inc_y_r = 1.000000, inc_x_i = 1.000000, inc_y_i = 1.000000
En el else......

----------------------------------------
x = 5.000000, y = 133.000000
avance = -133.000000, avanceR = 2.000000, avanceI = 2.000000
inc_x_r = 0.000000, inc_y_r = 1.000000, inc_x_i = 1.000000, inc_y_i = 1.000000
En el else......

----------------------------------------
x = 5.000000, y = 134.000000
avance = -131.000000, avanceR = 2.000000, avanceI = 2.000000
inc_x_r = 0.000000, inc_y_r = 1.000000, inc_x_i = 1.000000, inc_y_i = 1.000000
En el else......

----------------------------------------
x = 5.000000, y = 135.000000
avance = -129.000000, avanceR = 2.000000, avanceI = 2.000000
inc_x_r = 0.000000, inc_y_r = 1.000000, inc_x_i = 1.000000, inc_y_i = 1.000000
En el else......

----------------------------------------
x = 5.000000, y = 136.000000
avance = -127.000000, avanceR = 2.000000, avanceI = 2.000000
inc_x_r = 0.000000, inc_y_r = 1.000000, inc_x_i = 1.000000, inc_y_i = 1.000000
En el else......

----------------------------------------
x = 5.000000, y = 137.000000
avance = -125.000000, avanceR = 2.000000, avanceI = 2.000000
inc_x_r = 0.000000, inc_y_r = 1.000000, inc_x_i = 1.000000, inc_y_i = 1.000000
En el else......

----------------------------------------
x = 5.000000, y = 138.000000
avance = -123.000000, avanceR = 2.000000, avanceI = 2.000000
inc_x_r = 0.000000, inc_y_r = 1.000000, inc_x_i = 1.000000, inc_y_i = 1.000000
En el else......

----------------------------------------
x = 5.000000, y = 139.000000
avance = -121.000000, avanceR = 2.000000, avanceI = 2.000000
inc_x_r = 0.000000, inc_y_r = 1.000000, inc_x_i = 1.000000, inc_y_i = 1.000000
En el else......

----------------------------------------
x = 5.000000, y = 140.000000
avance = -119.000000, avanceR = 2.000000, avanceI = 2.000000
inc_x_r = 0.000000, inc_y_r = 1.000000, inc_x_i = 1.000000, inc_y_i = 1.000000
En el else......

----------------------------------------
x = 5.000000, y = 141.000000
avance = -117.000000, avanceR = 2.000000, avanceI = 2.000000
inc_x_r = 0.000000, inc_y_r = 1.000000, inc_x_i = 1.000000, inc_y_i = 1.000000
En el else......

----------------------------------------
x = 5.000000, y = 142.000000
avance = -115.000000, avanceR = 2.000000, avanceI = 2.000000
inc_x_r = 0.000000, inc_y_r = 1.000000, inc_x_i = 1.000000, inc_y_i = 1.000000
En el else......

----------------------------------------
x = 5.000000, y = 143.000000
avance = -113.000000, avanceR = 2.000000, avanceI = 2.000000
inc_x_r = 0.000000, inc_y_r = 1.000000, inc_x_i = 1.000000, inc_y_i = 1.000000
En el else......

----------------------------------------
x = 5.000000, y = 144.000000
avance = -111.000000, avanceR = 2.000000, avanceI = 2.000000
inc_x_r = 0.000000, inc_y_r = 1.000000, inc_x_i = 1.000000, inc_y_i = 1.000000
En el else......

----------------------------------------
x = 5.000000, y = 145.000000
avance = -109.000000, avanceR = 2.000000, avanceI = 2.000000
inc_x_r = 0.000000, inc_y_r = 1.000000, inc_x_i = 1.000000, inc_y_i = 1.000000
En el else......

----------------------------------------
x = 5.000000, y = 146.000000
avance = -107.000000, avanceR = 2.000000, avanceI = 2.000000
inc_x_r = 0.000000, inc_y_r = 1.000000, inc_x_i = 1.000000, inc_y_i = 1.000000
En el else......

----------------------------------------
x = 5.000000, y = 147.000000
avance = -105.000000, avanceR = 2.000000, avanceI = 2.000000
inc_x_r = 0.000000, inc_y_r = 1.000000, inc_x_i = 1.000000, inc_y_i = 1.000000
En el else......

----------------------------------------
x = 5.000000, y = 148.000000
avance = -103.000000, avanceR = 2.000000, avanceI = 2.000000
inc_x_r = 0.000000, inc_y_r = 1.000000, inc_x_i = 1.000000, inc_y_i = 1.000000
En el else......

----------------------------------------
x = 5.000000, y = 149.000000
avance = -101.000000, avanceR = 2.000000, avanceI = 2.000000
inc_x_r = 0.000000, inc_y_r = 1.000000, inc_x_i = 1.000000, inc_y_i = 1.000000
En el else......

----------------------------------------
x = 5.000000, y = 150.000000
avance = -99.000000, avanceR = 2.000000, avanceI = 2.000000
inc_x_r = 0.000000, inc_y_r = 1.000000, inc_x_i = 1.000000, inc_y_i = 1.000000
En el else......

----------------------------------------
x = 5.000000, y = 151.000000
avance = -97.000000, avanceR = 2.000000, avanceI = 2.000000
inc_x_r = 0.000000, inc_y_r = 1.000000, inc_x_i = 1.000000, inc_y_i = 1.000000
En el else......

----------------------------------------
x = 5.000000, y = 152.000000
avance = -95.000000, avanceR = 2.000000, avanceI = 2.000000
inc_x_r = 0.000000, inc_y_r = 1.000000, inc_x_i = 1.000000, inc_y_i = 1.000000
En el else......

----------------------------------------
x = 5.000000, y = 153.000000
avance = -93.000000, avanceR = 2.000000, avanceI = 2.000000
inc_x_r = 0.000000, inc_y_r = 1.000000, inc_x_i = 1.000000, inc_y_i = 1.000000
En el else......

----------------------------------------
x = 5.000000, y = 154.000000
avance = -91.000000, avanceR = 2.000000, avanceI = 2.000000
inc_x_r = 0.000000, inc_y_r = 1.000000, inc_x_i = 1.000000, inc_y_i = 1.000000
En el else......

----------------------------------------
x = 5.000000, y = 155.000000
avance = -89.000000, avanceR = 2.000000, avanceI = 2.000000
inc_x_r = 0.000000, inc_y_r = 1.000000, inc_x_i = 1.000000, inc_y_i = 1.000000
En el else......

----------------------------------------
x = 5.000000, y = 156.000000
avance = -87.000000, avanceR = 2.000000, avanceI = 2.000000
inc_x_r = 0.000000, inc_y_r = 1.000000, inc_x_i = 1.000000, inc_y_i = 1.000000
En el else......

----------------------------------------
x = 5.000000, y = 157.000000
avance = -85.000000, avanceR = 2.000000, avanceI = 2.000000
inc_x_r = 0.000000, inc_y_r = 1.000000, inc_x_i = 1.000000, inc_y_i = 1.000000
En el else......

----------------------------------------
x = 5.000000, y = 158.000000
avance = -83.000000, avanceR = 2.000000, avanceI = 2.000000
inc_x_r = 0.000000, inc_y_r = 1.000000, inc_x_i = 1.000000, inc_y_i = 1.000000
En el else......

----------------------------------------
x = 5.000000, y = 159.000000
avance = -81.000000, avanceR = 2.000000, avanceI = 2.000000
inc_x_r = 0.000000, inc_y_r = 1.000000, inc_x_i = 1.000000, inc_y_i = 1.000000
En el else......

----------------------------------------
x = 5.000000, y = 160.000000
avance = -79.000000, avanceR = 2.000000, avanceI = 2.000000
inc_x_r = 0.000000, inc_y_r = 1.000000, inc_x_i = 1.000000, inc_y_i = 1.000000
En el else......

----------------------------------------
x = 5.000000, y = 161.000000
avance = -77.000000, avanceR = 2.000000, avanceI = 2.000000
inc_x_r = 0.000000, inc_y_r = 1.000000, inc_x_i = 1.000000, inc_y_i = 1.000000
En el else......

----------------------------------------
x = 5.000000, y = 162.000000
avance = -75.000000, avanceR = 2.000000, avanceI = 2.000000
inc_x_r = 0.000000, inc_y_r = 1.000000, inc_x_i = 1.000000, inc_y_i = 1.000000
En el else......

----------------------------------------
x = 5.000000, y = 163.000000
avance = -73.000000, avanceR = 2.000000, avanceI = 2.000000
inc_x_r = 0.000000, inc_y_r = 1.000000, inc_x_i = 1.000000, inc_y_i = 1.000000
En el else......

----------------------------------------
x = 5.000000, y = 164.000000
avance = -71.000000, avanceR = 2.000000, avanceI = 2.000000
inc_x_r = 0.000000, inc_y_r = 1.000000, inc_x_i = 1.000000, inc_y_i = 1.000000
En el else......

----------------------------------------
x = 5.000000, y = 165.000000
avance = -69.000000, avanceR = 2.000000, avanceI = 2.000000
inc_x_r = 0.000000, inc_y_r = 1.000000, inc_x_i = 1.000000, inc_y_i = 1.000000
En el else......

----------------------------------------
x = 5.000000, y = 166.000000
avance = -67.000000, avanceR = 2.000000, avanceI = 2.000000
inc_x_r = 0.000000, inc_y_r = 1.000000, inc_x_i = 1.000000, inc_y_i = 1.000000
En el else......

----------------------------------------
x = 5.000000, y = 167.000000
avance = -65.000000, avanceR = 2.000000, avanceI = 2.000000
inc_x_r = 0.000000, inc_y_r = 1.000000, inc_x_i = 1.000000, inc_y_i = 1.000000
En el else......

----------------------------------------
x = 5.000000, y = 168.000000
avance = -63.000000, avanceR = 2.000000, avanceI = 2.000000
inc_x_r = 0.000000, inc_y_r = 1.000000, inc_x_i = 1.000000, inc_y_i = 1.000000
En el else......

----------------------------------------
x = 5.000000, y = 169.000000
avance = -61.000000, avanceR = 2.000000, avanceI = 2.000000
inc_x_r = 0.000000, inc_y_r = 1.000000, inc_x_i = 1.000000, inc_y_i = 1.000000
En el else......

----------------------------------------
x = 5.000000, y = 170.000000
avance = -59.000000, avanceR = 2.000000, avanceI = 2.000000
inc_x_r = 0.000000, inc_y_r = 1.000000, inc_x_i = 1.000000, inc_y_i = 1.000000
En el else......

----------------------------------------
x = 5.000000, y = 171.000000
avance = -57.000000, avanceR = 2.000000, avanceI = 2.000000
inc_x_r = 0.000000, inc_y_r = 1.000000, inc_x_i = 1.000000, inc_y_i = 1.000000
En el else......

----------------------------------------
x = 5.000000, y = 172.000000
avance = -55.000000, avanceR = 2.000000, avanceI = 2.000000
inc_x_r = 0.000000, inc_y_r = 1.000000, inc_x_i = 1.000000, inc_y_i = 1.000000
En el else......

----------------------------------------
x = 5.000000, y = 173.000000
avance = -53.000000, avanceR = 2.000000, avanceI = 2.000000
inc_x_r = 0.000000, inc_y_r = 1.000000, inc_x_i = 1.000000, inc_y_i = 1.000000
En el else......

----------------------------------------
x = 5.000000, y = 174.000000
avance = -51.000000, avanceR = 2.000000, avanceI = 2.000000
inc_x_r = 0.000000, inc_y_r = 1.000000, inc_x_i = 1.000000, inc_y_i = 1.000000
En el else......

----------------------------------------
x = 5.000000, y = 175.000000
avance = -49.000000, avanceR = 2.000000, avanceI = 2.000000
inc_x_r = 0.000000, inc_y_r = 1.000000, inc_x_i = 1.000000, inc_y_i = 1.000000
En el else......

----------------------------------------
x = 5.000000, y = 176.000000
avance = -47.000000, avanceR = 2.000000, avanceI = 2.000000
inc_x_r = 0.000000, inc_y_r = 1.000000, inc_x_i = 1.000000, inc_y_i = 1.000000
En el else......

----------------------------------------
x = 5.000000, y = 177.000000
avance = -45.000000, avanceR = 2.000000, avanceI = 2.000000
inc_x_r = 0.000000, inc_y_r = 1.000000, inc_x_i = 1.000000, inc_y_i = 1.000000
En el else......

----------------------------------------
x = 5.000000, y = 178.000000
avance = -43.000000, avanceR = 2.000000, avanceI = 2.000000
inc_x_r = 0.000000, inc_y_r = 1.000000, inc_x_i = 1.000000, inc_y_i = 1.000000
En el else......

----------------------------------------
x = 5.000000, y = 179.000000
avance = -41.000000, avanceR = 2.000000, avanceI = 2.000000
inc_x_r = 0.000000, inc_y_r = 1.000000, inc_x_i = 1.000000, inc_y_i = 1.000000
En el else......

----------------------------------------
x = 5.000000, y = 180.000000
avance = -39.000000, avanceR = 2.000000, avanceI = 2.000000
inc_x_r = 0.000000, inc_y_r = 1.000000, inc_x_i = 1.000000, inc_y_i = 1.000000
En el else......

----------------------------------------
x = 5.000000, y = 181.000000
avance = -37.000000, avanceR = 2.000000, avanceI = 2.000000
inc_x_r = 0.000000, inc_y_r = 1.000000, inc_x_i = 1.000000, inc_y_i = 1.000000
En el else......

----------------------------------------
x = 5.000000, y = 182.000000
avance = -35.000000, avanceR = 2.000000, avanceI = 2.000000
inc_x_r = 0.000000, inc_y_r = 1.000000, inc_x_i = 1.000000, inc_y_i = 1.000000
En el else......

----------------------------------------
x = 5.000000, y = 183.000000
avance = -33.000000, avanceR = 2.000000, avanceI = 2.000000
inc_x_r = 0.000000, inc_y_r = 1.000000, inc_x_i = 1.000000, inc_y_i = 1.000000
En el else......

----------------------------------------
x = 5.000000, y = 184.000000
avance = -31.000000, avanceR = 2.000000, avanceI = 2.000000
inc_x_r = 0.000000, inc_y_r = 1.000000, inc_x_i = 1.000000, inc_y_i = 1.000000
En el else......

----------------------------------------
x = 5.000000, y = 185.000000
avance = -29.000000, avanceR = 2.000000, avanceI = 2.000000
inc_x_r = 0.000000, inc_y_r = 1.000000, inc_x_i = 1.000000, inc_y_i = 1.000000
En el else......

----------------------------------------
x = 5.000000, y = 186.000000
avance = -27.000000, avanceR = 2.000000, avanceI = 2.000000
inc_x_r = 0.000000, inc_y_r = 1.000000, inc_x_i = 1.000000, inc_y_i = 1.000000
En el else......

----------------------------------------
x = 5.000000, y = 187.000000
avance = -25.000000, avanceR = 2.000000, avanceI = 2.000000
inc_x_r = 0.000000, inc_y_r = 1.000000, inc_x_i = 1.000000, inc_y_i = 1.000000
En el else......

----------------------------------------
x = 5.000000, y = 188.000000
avance = -23.000000, avanceR = 2.000000, avanceI = 2.000000
inc_x_r = 0.000000, inc_y_r = 1.000000, inc_x_i = 1.000000, inc_y_i = 1.000000
En el else......

----------------------------------------
x = 5.000000, y = 189.000000
avance = -21.000000, avanceR = 2.000000, avanceI = 2.000000
inc_x_r = 0.000000, inc_y_r = 1.000000, inc_x_i = 1.000000, inc_y_i = 1.000000
En el else......

----------------------------------------
x = 5.000000, y = 190.000000
avance = -19.000000, avanceR = 2.000000, avanceI = 2.000000
inc_x_r = 0.000000, inc_y_r = 1.000000, inc_x_i = 1.000000, inc_y_i = 1.000000
En el else......

----------------------------------------
x = 5.000000, y = 191.000000
avance = -17.000000, avanceR = 2.000000, avanceI = 2.000000
inc_x_r = 0.000000, inc_y_r = 1.000000, inc_x_i = 1.000000, inc_y_i = 1.000000
En el else......

----------------------------------------
x = 5.000000, y = 192.000000
avance = -15.000000, avanceR = 2.000000, avanceI = 2.000000
inc_x_r = 0.000000, inc_y_r = 1.000000, inc_x_i = 1.000000, inc_y_i = 1.000000
En el else......

----------------------------------------
x = 5.000000, y = 193.000000
avance = -13.000000, avanceR = 2.000000, avanceI = 2.000000
inc_x_r = 0.000000, inc_y_r = 1.000000, inc_x_i = 1.000000, inc_y_i = 1.000000
En el else......

----------------------------------------
x = 5.000000, y = 194.000000
avance = -11.000000, avanceR = 2.000000, avanceI = 2.000000
inc_x_r = 0.000000, inc_y_r = 1.000000, inc_x_i = 1.000000, inc_y_i = 1.000000
En el else......

----------------------------------------
x = 5.000000, y = 195.000000
avance = -9.000000, avanceR = 2.000000, avanceI = 2.000000
inc_x_r = 0.000000, inc_y_r = 1.000000, inc_x_i = 1.000000, inc_y_i = 1.000000
En el else......

----------------------------------------
x = 5.000000, y = 196.000000
avance = -7.000000, avanceR = 2.000000, avanceI = 2.000000
inc_x_r = 0.000000, inc_y_r = 1.000000, inc_x_i = 1.000000, inc_y_i = 1.000000
En el else......

----------------------------------------
x = 5.000000, y = 197.000000
avance = -5.000000, avanceR = 2.000000, avanceI = 2.000000
inc_x_r = 0.000000, inc_y_r = 1.000000, inc_x_i = 1.000000, inc_y_i = 1.000000
En el else......

----------------------------------------
x = 5.000000, y = 198.000000
avance = -3.000000, avanceR = 2.000000, avanceI = 2.000000
inc_x_r = 0.000000, inc_y_r = 1.000000, inc_x_i = 1.000000, inc_y_i = 1.000000
En el else......

----------------------------------------
x = 5.000000, y = 199.000000
avance = -1.000000, avanceR = 2.000000, avanceI = 2.000000
inc_x_r = 0.000000, inc_y_r = 1.000000, inc_x_i = 1.000000, inc_y_i = 1.000000
En el else......

----------------------------------------
x = 5.000000, y = 200.000000
avance = 1.000000, avanceR = 2.000000, avanceI = 2.000000
inc_x_r = 0.000000, inc_y_r = 1.000000, inc_x_i = 1.000000, inc_y_i = 1.000000
avance >= 0

----------------------------------------
x = 6.000000, y = 201.000000
avance = -499.000000, avanceR = 2.000000, avanceI = 2.000000
inc_x_r = 0.000000, inc_y_r = 1.000000, inc_x_i = 1.000000, inc_y_i = 1.000000
En el else......

----------------------------------------
x = 6.000000, y = 202.000000
avance = -497.000000, avanceR = 2.000000, avanceI = 2.000000
inc_x_r = 0.000000, inc_y_r = 1.000000, inc_x_i = 1.000000, inc_y_i = 1.000000
En el else......

----------------------------------------
x = 6.000000, y = 203.000000
avance = -495.000000, avanceR = 2.000000, avanceI = 2.000000
inc_x_r = 0.000000, inc_y_r = 1.000000, inc_x_i = 1.000000, inc_y_i = 1.000000
En el else......

----------------------------------------
x = 6.000000, y = 204.000000
avance = -493.000000, avanceR = 2.000000, avanceI = 2.000000
inc_x_r = 0.000000, inc_y_r = 1.000000, inc_x_i = 1.000000, inc_y_i = 1.000000
En el else......

----------------------------------------
x = 6.000000, y = 205.000000
avance = -491.000000, avanceR = 2.000000, avanceI = 2.000000
inc_x_r = 0.000000, inc_y_r = 1.000000, inc_x_i = 1.000000, inc_y_i = 1.000000
En el else......

----------------------------------------
x = 6.000000, y = 206.000000
avance = -489.000000, avanceR = 2.000000, avanceI = 2.000000
inc_x_r = 0.000000, inc_y_r = 1.000000, inc_x_i = 1.000000, inc_y_i = 1.000000
En el else......

----------------------------------------
x = 6.000000, y = 207.000000
avance = -487.000000, avanceR = 2.000000, avanceI = 2.000000
inc_x_r = 0.000000, inc_y_r = 1.000000, inc_x_i = 1.000000, inc_y_i = 1.000000
En el else......

----------------------------------------
x = 6.000000, y = 208.000000
avance = -485.000000, avanceR = 2.000000, avanceI = 2.000000
inc_x_r = 0.000000, inc_y_r = 1.000000, inc_x_i = 1.000000, inc_y_i = 1.000000
En el else......

----------------------------------------
x = 6.000000, y = 209.000000
avance = -483.000000, avanceR = 2.000000, avanceI = 2.000000
inc_x_r = 0.000000, inc_y_r = 1.000000, inc_x_i = 1.000000, inc_y_i = 1.000000
En el else......

----------------------------------------
x = 6.000000, y = 210.000000
avance = -481.000000, avanceR = 2.000000, avanceI = 2.000000
inc_x_r = 0.000000, inc_y_r = 1.000000, inc_x_i = 1.000000, inc_y_i = 1.000000
En el else......

----------------------------------------
x = 6.000000, y = 211.000000
avance = -479.000000, avanceR = 2.000000, avanceI = 2.000000
inc_x_r = 0.000000, inc_y_r = 1.000000, inc_x_i = 1.000000, inc_y_i = 1.000000
En el else......

----------------------------------------
x = 6.000000, y = 212.000000
avance = -477.000000, avanceR = 2.000000, avanceI = 2.000000
inc_x_r = 0.000000, inc_y_r = 1.000000, inc_x_i = 1.000000, inc_y_i = 1.000000
En el else......

----------------------------------------
x = 6.000000, y = 213.000000
avance = -475.000000, avanceR = 2.000000, avanceI = 2.000000
inc_x_r = 0.000000, inc_y_r = 1.000000, inc_x_i = 1.000000, inc_y_i = 1.000000
En el else......

----------------------------------------
x = 6.000000, y = 214.000000
avance = -473.000000, avanceR = 2.000000, avanceI = 2.000000
inc_x_r = 0.000000, inc_y_r = 1.000000, inc_x_i = 1.000000, inc_y_i = 1.000000
En el else......

----------------------------------------
x = 6.000000, y = 215.000000
avance = -471.000000, avanceR = 2.000000, avanceI = 2.000000
inc_x_r = 0.000000, inc_y_r = 1.000000, inc_x_i = 1.000000, inc_y_i = 1.000000
En el else......

----------------------------------------
x = 6.000000, y = 216.000000
avance = -469.000000, avanceR = 2.000000, avanceI = 2.000000
inc_x_r = 0.000000, inc_y_r = 1.000000, inc_x_i = 1.000000, inc_y_i = 1.000000
En el else......

----------------------------------------
x = 6.000000, y = 217.000000
avance = -467.000000, avanceR = 2.000000, avanceI = 2.000000
inc_x_r = 0.000000, inc_y_r = 1.000000, inc_x_i = 1.000000, inc_y_i = 1.000000
En el else......

----------------------------------------
x = 6.000000, y = 218.000000
avance = -465.000000, avanceR = 2.000000, avanceI = 2.000000
inc_x_r = 0.000000, inc_y_r = 1.000000, inc_x_i = 1.000000, inc_y_i = 1.000000
En el else......

----------------------------------------
x = 6.000000, y = 219.000000
avance = -463.000000, avanceR = 2.000000, avanceI = 2.000000
inc_x_r = 0.000000, inc_y_r = 1.000000, inc_x_i = 1.000000, inc_y_i = 1.000000
En el else......

----------------------------------------
x = 6.000000, y = 220.000000
avance = -461.000000, avanceR = 2.000000, avanceI = 2.000000
inc_x_r = 0.000000, inc_y_r = 1.000000, inc_x_i = 1.000000, inc_y_i = 1.000000
En el else......

----------------------------------------
x = 6.000000, y = 221.000000
avance = -459.000000, avanceR = 2.000000, avanceI = 2.000000
inc_x_r = 0.000000, inc_y_r = 1.000000, inc_x_i = 1.000000, inc_y_i = 1.000000
En el else......

----------------------------------------
x = 6.000000, y = 222.000000
avance = -457.000000, avanceR = 2.000000, avanceI = 2.000000
inc_x_r = 0.000000, inc_y_r = 1.000000, inc_x_i = 1.000000, inc_y_i = 1.000000
En el else......

----------------------------------------
x = 6.000000, y = 223.000000
avance = -455.000000, avanceR = 2.000000, avanceI = 2.000000
inc_x_r = 0.000000, inc_y_r = 1.000000, inc_x_i = 1.000000, inc_y_i = 1.000000
En el else......

----------------------------------------
x = 6.000000, y = 224.000000
avance = -453.000000, avanceR = 2.000000, avanceI = 2.000000
inc_x_r = 0.000000, inc_y_r = 1.000000, inc_x_i = 1.000000, inc_y_i = 1.000000
En el else......

----------------------------------------
x = 6.000000, y = 225.000000
avance = -451.000000, avanceR = 2.000000, avanceI = 2.000000
inc_x_r = 0.000000, inc_y_r = 1.000000, inc_x_i = 1.000000, inc_y_i = 1.000000
En el else......

----------------------------------------
x = 6.000000, y = 226.000000
avance = -449.000000, avanceR = 2.000000, avanceI = 2.000000
inc_x_r = 0.000000, inc_y_r = 1.000000, inc_x_i = 1.000000, inc_y_i = 1.000000
En el else......

----------------------------------------
x = 6.000000, y = 227.000000
avance = -447.000000, avanceR = 2.000000, avanceI = 2.000000
inc_x_r = 0.000000, inc_y_r = 1.000000, inc_x_i = 1.000000, inc_y_i = 1.000000
En el else......

----------------------------------------
x = 6.000000, y = 228.000000
avance = -445.000000, avanceR = 2.000000, avanceI = 2.000000
inc_x_r = 0.000000, inc_y_r = 1.000000, inc_x_i = 1.000000, inc_y_i = 1.000000
En el else......

----------------------------------------
x = 6.000000, y = 229.000000
avance = -443.000000, avanceR = 2.000000, avanceI = 2.000000
inc_x_r = 0.000000, inc_y_r = 1.000000, inc_x_i = 1.000000, inc_y_i = 1.000000
En el else......

----------------------------------------
x = 6.000000, y = 230.000000
avance = -441.000000, avanceR = 2.000000, avanceI = 2.000000
inc_x_r = 0.000000, inc_y_r = 1.000000, inc_x_i = 1.000000, inc_y_i = 1.000000
En el else......

----------------------------------------
x = 6.000000, y = 231.000000
avance = -439.000000, avanceR = 2.000000, avanceI = 2.000000
inc_x_r = 0.000000, inc_y_r = 1.000000, inc_x_i = 1.000000, inc_y_i = 1.000000
En el else......

----------------------------------------
x = 6.000000, y = 232.000000
avance = -437.000000, avanceR = 2.000000, avanceI = 2.000000
inc_x_r = 0.000000, inc_y_r = 1.000000, inc_x_i = 1.000000, inc_y_i = 1.000000
En el else......

----------------------------------------
x = 6.000000, y = 233.000000
avance = -435.000000, avanceR = 2.000000, avanceI = 2.000000
inc_x_r = 0.000000, inc_y_r = 1.000000, inc_x_i = 1.000000, inc_y_i = 1.000000
En el else......

----------------------------------------
x = 6.000000, y = 234.000000
avance = -433.000000, avanceR = 2.000000, avanceI = 2.000000
inc_x_r = 0.000000, inc_y_r = 1.000000, inc_x_i = 1.000000, inc_y_i = 1.000000
En el else......

----------------------------------------
x = 6.000000, y = 235.000000
avance = -431.000000, avanceR = 2.000000, avanceI = 2.000000
inc_x_r = 0.000000, inc_y_r = 1.000000, inc_x_i = 1.000000, inc_y_i = 1.000000
En el else......

----------------------------------------
x = 6.000000, y = 236.000000
avance = -429.000000, avanceR = 2.000000, avanceI = 2.000000
inc_x_r = 0.000000, inc_y_r = 1.000000, inc_x_i = 1.000000, inc_y_i = 1.000000
En el else......

----------------------------------------
x = 6.000000, y = 237.000000
avance = -427.000000, avanceR = 2.000000, avanceI = 2.000000
inc_x_r = 0.000000, inc_y_r = 1.000000, inc_x_i = 1.000000, inc_y_i = 1.000000
En el else......

----------------------------------------
x = 6.000000, y = 238.000000
avance = -425.000000, avanceR = 2.000000, avanceI = 2.000000
inc_x_r = 0.000000, inc_y_r = 1.000000, inc_x_i = 1.000000, inc_y_i = 1.000000
En el else......

----------------------------------------
x = 6.000000, y = 239.000000
avance = -423.000000, avanceR = 2.000000, avanceI = 2.000000
inc_x_r = 0.000000, inc_y_r = 1.000000, inc_x_i = 1.000000, inc_y_i = 1.000000
En el else......

----------------------------------------
x = 6.000000, y = 240.000000
avance = -421.000000, avanceR = 2.000000, avanceI = 2.000000
inc_x_r = 0.000000, inc_y_r = 1.000000, inc_x_i = 1.000000, inc_y_i = 1.000000
En el else......

----------------------------------------
x = 6.000000, y = 241.000000
avance = -419.000000, avanceR = 2.000000, avanceI = 2.000000
inc_x_r = 0.000000, inc_y_r = 1.000000, inc_x_i = 1.000000, inc_y_i = 1.000000
En el else......

----------------------------------------
x = 6.000000, y = 242.000000
avance = -417.000000, avanceR = 2.000000, avanceI = 2.000000
inc_x_r = 0.000000, inc_y_r = 1.000000, inc_x_i = 1.000000, inc_y_i = 1.000000
En el else......

----------------------------------------
x = 6.000000, y = 243.000000
avance = -415.000000, avanceR = 2.000000, avanceI = 2.000000
inc_x_r = 0.000000, inc_y_r = 1.000000, inc_x_i = 1.000000, inc_y_i = 1.000000
En el else......

----------------------------------------
x = 6.000000, y = 244.000000
avance = -413.000000, avanceR = 2.000000, avanceI = 2.000000
inc_x_r = 0.000000, inc_y_r = 1.000000, inc_x_i = 1.000000, inc_y_i = 1.000000
En el else......

----------------------------------------
x = 6.000000, y = 245.000000
avance = -411.000000, avanceR = 2.000000, avanceI = 2.000000
inc_x_r = 0.000000, inc_y_r = 1.000000, inc_x_i = 1.000000, inc_y_i = 1.000000
En el else......

----------------------------------------
x = 6.000000, y = 246.000000
avance = -409.000000, avanceR = 2.000000, avanceI = 2.000000
inc_x_r = 0.000000, inc_y_r = 1.000000, inc_x_i = 1.000000, inc_y_i = 1.000000
En el else......

----------------------------------------
x = 6.000000, y = 247.000000
avance = -407.000000, avanceR = 2.000000, avanceI = 2.000000
inc_x_r = 0.000000, inc_y_r = 1.000000, inc_x_i = 1.000000, inc_y_i = 1.000000
En el else......

----------------------------------------
x = 6.000000, y = 248.000000
avance = -405.000000, avanceR = 2.000000, avanceI = 2.000000
inc_x_r = 0.000000, inc_y_r = 1.000000, inc_x_i = 1.000000, inc_y_i = 1.000000
En el else......

----------------------------------------
x = 6.000000, y = 249.000000
avance = -403.000000, avanceR = 2.000000, avanceI = 2.000000
inc_x_r = 0.000000, inc_y_r = 1.000000, inc_x_i = 1.000000, inc_y_i = 1.000000
En el else......

----------------------------------------
x = 6.000000, y = 250.000000
avance = -401.000000, avanceR = 2.000000, avanceI = 2.000000
inc_x_r = 0.000000, inc_y_r = 1.000000, inc_x_i = 1.000000, inc_y_i = 1.000000
En el else......

----------------------------------------
x = 6.000000, y = 251.000000
avance = -399.000000, avanceR = 2.000000, avanceI = 2.000000
inc_x_r = 0.000000, inc_y_r = 1.000000, inc_x_i = 1.000000, inc_y_i = 1.000000
En el else......

----------------------------------------
x = 6.000000, y = 252.000000
avance = -397.000000, avanceR = 2.000000, avanceI = 2.000000
inc_x_r = 0.000000, inc_y_r = 1.000000, inc_x_i = 1.000000, inc_y_i = 1.000000
En el else......

----------------------------------------
x = 6.000000, y = 253.000000
avance = -395.000000, avanceR = 2.000000, avanceI = 2.000000
inc_x_r = 0.000000, inc_y_r = 1.000000, inc_x_i = 1.000000, inc_y_i = 1.000000
En el else......

----------------------------------------
x = 6.000000, y = 254.000000
avance = -393.000000, avanceR = 2.000000, avanceI = 2.000000
inc_x_r = 0.000000, inc_y_r = 1.000000, inc_x_i = 1.000000, inc_y_i = 1.000000
En el else......

----------------------------------------
x = 6.000000, y = 255.000000
avance = -391.000000, avanceR = 2.000000, avanceI = 2.000000
inc_x_r = 0.000000, inc_y_r = 1.000000, inc_x_i = 1.000000, inc_y_i = 1.000000
En el else......

----------------------------------------
x = 6.000000, y = 256.000000
avance = -389.000000, avanceR = 2.000000, avanceI = 2.000000
inc_x_r = 0.000000, inc_y_r = 1.000000, inc_x_i = 1.000000, inc_y_i = 1.000000
En el else......

----------------------------------------
x = 6.000000, y = 257.000000
avance = -387.000000, avanceR = 2.000000, avanceI = 2.000000
inc_x_r = 0.000000, inc_y_r = 1.000000, inc_x_i = 1.000000, inc_y_i = 1.000000
En el else......

----------------------------------------
x = 6.000000, y = 258.000000
avance = -385.000000, avanceR = 2.000000, avanceI = 2.000000
inc_x_r = 0.000000, inc_y_r = 1.000000, inc_x_i = 1.000000, inc_y_i = 1.000000
En el else......

----------------------------------------
x = 6.000000, y = 259.000000
avance = -383.000000, avanceR = 2.000000, avanceI = 2.000000
inc_x_r = 0.000000, inc_y_r = 1.000000, inc_x_i = 1.000000, inc_y_i = 1.000000
En el else......

----------------------------------------
x = 6.000000, y = 260.000000
avance = -381.000000, avanceR = 2.000000, avanceI = 2.000000
inc_x_r = 0.000000, inc_y_r = 1.000000, inc_x_i = 1.000000, inc_y_i = 1.000000
En el else......

----------------------------------------
x = 6.000000, y = 261.000000
avance = -379.000000, avanceR = 2.000000, avanceI = 2.000000
inc_x_r = 0.000000, inc_y_r = 1.000000, inc_x_i = 1.000000, inc_y_i = 1.000000
En el else......

----------------------------------------
x = 6.000000, y = 262.000000
avance = -377.000000, avanceR = 2.000000, avanceI = 2.000000
inc_x_r = 0.000000, inc_y_r = 1.000000, inc_x_i = 1.000000, inc_y_i = 1.000000
En el else......

----------------------------------------
x = 6.000000, y = 263.000000
avance = -375.000000, avanceR = 2.000000, avanceI = 2.000000
inc_x_r = 0.000000, inc_y_r = 1.000000, inc_x_i = 1.000000, inc_y_i = 1.000000
En el else......

----------------------------------------
x = 6.000000, y = 264.000000
avance = -373.000000, avanceR = 2.000000, avanceI = 2.000000
inc_x_r = 0.000000, inc_y_r = 1.000000, inc_x_i = 1.000000, inc_y_i = 1.000000
En el else......

----------------------------------------
x = 6.000000, y = 265.000000
avance = -371.000000, avanceR = 2.000000, avanceI = 2.000000
inc_x_r = 0.000000, inc_y_r = 1.000000, inc_x_i = 1.000000, inc_y_i = 1.000000
En el else......

----------------------------------------
x = 6.000000, y = 266.000000
avance = -369.000000, avanceR = 2.000000, avanceI = 2.000000
inc_x_r = 0.000000, inc_y_r = 1.000000, inc_x_i = 1.000000, inc_y_i = 1.000000
En el else......

----------------------------------------
x = 6.000000, y = 267.000000
avance = -367.000000, avanceR = 2.000000, avanceI = 2.000000
inc_x_r = 0.000000, inc_y_r = 1.000000, inc_x_i = 1.000000, inc_y_i = 1.000000
En el else......

----------------------------------------
x = 6.000000, y = 268.000000
avance = -365.000000, avanceR = 2.000000, avanceI = 2.000000
inc_x_r = 0.000000, inc_y_r = 1.000000, inc_x_i = 1.000000, inc_y_i = 1.000000
En el else......

----------------------------------------
x = 6.000000, y = 269.000000
avance = -363.000000, avanceR = 2.000000, avanceI = 2.000000
inc_x_r = 0.000000, inc_y_r = 1.000000, inc_x_i = 1.000000, inc_y_i = 1.000000
En el else......

----------------------------------------
x = 6.000000, y = 270.000000
avance = -361.000000, avanceR = 2.000000, avanceI = 2.000000
inc_x_r = 0.000000, inc_y_r = 1.000000, inc_x_i = 1.000000, inc_y_i = 1.000000
En el else......

----------------------------------------
x = 6.000000, y = 271.000000
avance = -359.000000, avanceR = 2.000000, avanceI = 2.000000
inc_x_r = 0.000000, inc_y_r = 1.000000, inc_x_i = 1.000000, inc_y_i = 1.000000
En el else......

----------------------------------------
x = 6.000000, y = 272.000000
avance = -357.000000, avanceR = 2.000000, avanceI = 2.000000
inc_x_r = 0.000000, inc_y_r = 1.000000, inc_x_i = 1.000000, inc_y_i = 1.000000
En el else......

----------------------------------------
x = 6.000000, y = 273.000000
avance = -355.000000, avanceR = 2.000000, avanceI = 2.000000
inc_x_r = 0.000000, inc_y_r = 1.000000, inc_x_i = 1.000000, inc_y_i = 1.000000
En el else......

----------------------------------------
x = 6.000000, y = 274.000000
avance = -353.000000, avanceR = 2.000000, avanceI = 2.000000
inc_x_r = 0.000000, inc_y_r = 1.000000, inc_x_i = 1.000000, inc_y_i = 1.000000
En el else......

----------------------------------------
x = 6.000000, y = 275.000000
avance = -351.000000, avanceR = 2.000000, avanceI = 2.000000
inc_x_r = 0.000000, inc_y_r = 1.000000, inc_x_i = 1.000000, inc_y_i = 1.000000
En el else......

----------------------------------------
x = 6.000000, y = 276.000000
avance = -349.000000, avanceR = 2.000000, avanceI = 2.000000
inc_x_r = 0.000000, inc_y_r = 1.000000, inc_x_i = 1.000000, inc_y_i = 1.000000
En el else......

----------------------------------------
x = 6.000000, y = 277.000000
avance = -347.000000, avanceR = 2.000000, avanceI = 2.000000
inc_x_r = 0.000000, inc_y_r = 1.000000, inc_x_i = 1.000000, inc_y_i = 1.000000
En el else......

----------------------------------------
x = 6.000000, y = 278.000000
avance = -345.000000, avanceR = 2.000000, avanceI = 2.000000
inc_x_r = 0.000000, inc_y_r = 1.000000, inc_x_i = 1.000000, inc_y_i = 1.000000
En el else......

----------------------------------------
x = 6.000000, y = 279.000000
avance = -343.000000, avanceR = 2.000000, avanceI = 2.000000
inc_x_r = 0.000000, inc_y_r = 1.000000, inc_x_i = 1.000000, inc_y_i = 1.000000
En el else......

----------------------------------------
x = 6.000000, y = 280.000000
avance = -341.000000, avanceR = 2.000000, avanceI = 2.000000
inc_x_r = 0.000000, inc_y_r = 1.000000, inc_x_i = 1.000000, inc_y_i = 1.000000
En el else......

----------------------------------------
x = 6.000000, y = 281.000000
avance = -339.000000, avanceR = 2.000000, avanceI = 2.000000
inc_x_r = 0.000000, inc_y_r = 1.000000, inc_x_i = 1.000000, inc_y_i = 1.000000
En el else......

----------------------------------------
x = 6.000000, y = 282.000000
avance = -337.000000, avanceR = 2.000000, avanceI = 2.000000
inc_x_r = 0.000000, inc_y_r = 1.000000, inc_x_i = 1.000000, inc_y_i = 1.000000
En el else......

----------------------------------------
x = 6.000000, y = 283.000000
avance = -335.000000, avanceR = 2.000000, avanceI = 2.000000
inc_x_r = 0.000000, inc_y_r = 1.000000, inc_x_i = 1.000000, inc_y_i = 1.000000
En el else......

----------------------------------------
x = 6.000000, y = 284.000000
avance = -333.000000, avanceR = 2.000000, avanceI = 2.000000
inc_x_r = 0.000000, inc_y_r = 1.000000, inc_x_i = 1.000000, inc_y_i = 1.000000
En el else......

----------------------------------------
x = 6.000000, y = 285.000000
avance = -331.000000, avanceR = 2.000000, avanceI = 2.000000
inc_x_r = 0.000000, inc_y_r = 1.000000, inc_x_i = 1.000000, inc_y_i = 1.000000
En el else......

----------------------------------------
x = 6.000000, y = 286.000000
avance = -329.000000, avanceR = 2.000000, avanceI = 2.000000
inc_x_r = 0.000000, inc_y_r = 1.000000, inc_x_i = 1.000000, inc_y_i = 1.000000
En el else......

----------------------------------------
x = 6.000000, y = 287.000000
avance = -327.000000, avanceR = 2.000000, avanceI = 2.000000
inc_x_r = 0.000000, inc_y_r = 1.000000, inc_x_i = 1.000000, inc_y_i = 1.000000
En el else......

----------------------------------------
x = 6.000000, y = 288.000000
avance = -325.000000, avanceR = 2.000000, avanceI = 2.000000
inc_x_r = 0.000000, inc_y_r = 1.000000, inc_x_i = 1.000000, inc_y_i = 1.000000
En el else......

----------------------------------------
x = 6.000000, y = 289.000000
avance = -323.000000, avanceR = 2.000000, avanceI = 2.000000
inc_x_r = 0.000000, inc_y_r = 1.000000, inc_x_i = 1.000000, inc_y_i = 1.000000
En el else......

----------------------------------------
x = 6.000000, y = 290.000000
avance = -321.000000, avanceR = 2.000000, avanceI = 2.000000
inc_x_r = 0.000000, inc_y_r = 1.000000, inc_x_i = 1.000000, inc_y_i = 1.000000
En el else......

----------------------------------------
x = 6.000000, y = 291.000000
avance = -319.000000, avanceR = 2.000000, avanceI = 2.000000
inc_x_r = 0.000000, inc_y_r = 1.000000, inc_x_i = 1.000000, inc_y_i = 1.000000
En el else......

----------------------------------------
x = 6.000000, y = 292.000000
avance = -317.000000, avanceR = 2.000000, avanceI = 2.000000
inc_x_r = 0.000000, inc_y_r = 1.000000, inc_x_i = 1.000000, inc_y_i = 1.000000
En el else......

----------------------------------------
x = 6.000000, y = 293.000000
avance = -315.000000, avanceR = 2.000000, avanceI = 2.000000
inc_x_r = 0.000000, inc_y_r = 1.000000, inc_x_i = 1.000000, inc_y_i = 1.000000
En el else......

----------------------------------------
x = 6.000000, y = 294.000000
avance = -313.000000, avanceR = 2.000000, avanceI = 2.000000
inc_x_r = 0.000000, inc_y_r = 1.000000, inc_x_i = 1.000000, inc_y_i = 1.000000
En el else......

----------------------------------------
x = 6.000000, y = 295.000000
avance = -311.000000, avanceR = 2.000000, avanceI = 2.000000
inc_x_r = 0.000000, inc_y_r = 1.000000, inc_x_i = 1.000000, inc_y_i = 1.000000
En el else......

----------------------------------------
x = 6.000000, y = 296.000000
avance = -309.000000, avanceR = 2.000000, avanceI = 2.000000
inc_x_r = 0.000000, inc_y_r = 1.000000, inc_x_i = 1.000000, inc_y_i = 1.000000
En el else......

----------------------------------------
x = 6.000000, y = 297.000000
avance = -307.000000, avanceR = 2.000000, avanceI = 2.000000
inc_x_r = 0.000000, inc_y_r = 1.000000, inc_x_i = 1.000000, inc_y_i = 1.000000
En el else......

----------------------------------------
x = 6.000000, y = 298.000000
avance = -305.000000, avanceR = 2.000000, avanceI = 2.000000
inc_x_r = 0.000000, inc_y_r = 1.000000, inc_x_i = 1.000000, inc_y_i = 1.000000
En el else......

----------------------------------------
x = 6.000000, y = 299.000000
avance = -303.000000, avanceR = 2.000000, avanceI = 2.000000
inc_x_r = 0.000000, inc_y_r = 1.000000, inc_x_i = 1.000000, inc_y_i = 1.000000
En el else......

----------------------------------------
x = 6.000000, y = 300.000000
avance = -301.000000, avanceR = 2.000000, avanceI = 2.000000
inc_x_r = 0.000000, inc_y_r = 1.000000, inc_x_i = 1.000000, inc_y_i = 1.000000
En el else......

----------------------------------------
x = 6.000000, y = 301.000000
avance = -299.000000, avanceR = 2.000000, avanceI = 2.000000
inc_x_r = 0.000000, inc_y_r = 1.000000, inc_x_i = 1.000000, inc_y_i = 1.000000
En el else......

----------------------------------------
x = 6.000000, y = 302.000000
avance = -297.000000, avanceR = 2.000000, avanceI = 2.000000
inc_x_r = 0.000000, inc_y_r = 1.000000, inc_x_i = 1.000000, inc_y_i = 1.000000
En el else......

----------------------------------------
x = 6.000000, y = 303.000000
avance = -295.000000, avanceR = 2.000000, avanceI = 2.000000
inc_x_r = 0.000000, inc_y_r = 1.000000, inc_x_i = 1.000000, inc_y_i = 1.000000
En el else......

----------------------------------------
x = 6.000000, y = 304.000000
avance = -293.000000, avanceR = 2.000000, avanceI = 2.000000
inc_x_r = 0.000000, inc_y_r = 1.000000, inc_x_i = 1.000000, inc_y_i = 1.000000
En el else......

----------------------------------------
x = 6.000000, y = 305.000000
avance = -291.000000, avanceR = 2.000000, avanceI = 2.000000
inc_x_r = 0.000000, inc_y_r = 1.000000, inc_x_i = 1.000000, inc_y_i = 1.000000
En el else......

----------------------------------------
x = 6.000000, y = 306.000000
avance = -289.000000, avanceR = 2.000000, avanceI = 2.000000
inc_x_r = 0.000000, inc_y_r = 1.000000, inc_x_i = 1.000000, inc_y_i = 1.000000
En el else......

----------------------------------------
x = 6.000000, y = 307.000000
avance = -287.000000, avanceR = 2.000000, avanceI = 2.000000
inc_x_r = 0.000000, inc_y_r = 1.000000, inc_x_i = 1.000000, inc_y_i = 1.000000
En el else......

----------------------------------------
x = 6.000000, y = 308.000000
avance = -285.000000, avanceR = 2.000000, avanceI = 2.000000
inc_x_r = 0.000000, inc_y_r = 1.000000, inc_x_i = 1.000000, inc_y_i = 1.000000
En el else......

----------------------------------------
x = 6.000000, y = 309.000000
avance = -283.000000, avanceR = 2.000000, avanceI = 2.000000
inc_x_r = 0.000000, inc_y_r = 1.000000, inc_x_i = 1.000000, inc_y_i = 1.000000
En el else......

----------------------------------------
x = 6.000000, y = 310.000000
avance = -281.000000, avanceR = 2.000000, avanceI = 2.000000
inc_x_r = 0.000000, inc_y_r = 1.000000, inc_x_i = 1.000000, inc_y_i = 1.000000
En el else......

----------------------------------------
x = 6.000000, y = 311.000000
avance = -279.000000, avanceR = 2.000000, avanceI = 2.000000
inc_x_r = 0.000000, inc_y_r = 1.000000, inc_x_i = 1.000000, inc_y_i = 1.000000
En el else......

----------------------------------------
x = 6.000000, y = 312.000000
avance = -277.000000, avanceR = 2.000000, avanceI = 2.000000
inc_x_r = 0.000000, inc_y_r = 1.000000, inc_x_i = 1.000000, inc_y_i = 1.000000
En el else......

----------------------------------------
x = 6.000000, y = 313.000000
avance = -275.000000, avanceR = 2.000000, avanceI = 2.000000
inc_x_r = 0.000000, inc_y_r = 1.000000, inc_x_i = 1.000000, inc_y_i = 1.000000
En el else......

----------------------------------------
x = 6.000000, y = 314.000000
avance = -273.000000, avanceR = 2.000000, avanceI = 2.000000
inc_x_r = 0.000000, inc_y_r = 1.000000, inc_x_i = 1.000000, inc_y_i = 1.000000
En el else......

----------------------------------------
x = 6.000000, y = 315.000000
avance = -271.000000, avanceR = 2.000000, avanceI = 2.000000
inc_x_r = 0.000000, inc_y_r = 1.000000, inc_x_i = 1.000000, inc_y_i = 1.000000
En el else......

----------------------------------------
x = 6.000000, y = 316.000000
avance = -269.000000, avanceR = 2.000000, avanceI = 2.000000
inc_x_r = 0.000000, inc_y_r = 1.000000, inc_x_i = 1.000000, inc_y_i = 1.000000
En el else......

----------------------------------------
x = 6.000000, y = 317.000000
avance = -267.000000, avanceR = 2.000000, avanceI = 2.000000
inc_x_r = 0.000000, inc_y_r = 1.000000, inc_x_i = 1.000000, inc_y_i = 1.000000
En el else......

----------------------------------------
x = 6.000000, y = 318.000000
avance = -265.000000, avanceR = 2.000000, avanceI = 2.000000
inc_x_r = 0.000000, inc_y_r = 1.000000, inc_x_i = 1.000000, inc_y_i = 1.000000
En el else......

----------------------------------------
x = 6.000000, y = 319.000000
avance = -263.000000, avanceR = 2.000000, avanceI = 2.000000
inc_x_r = 0.000000, inc_y_r = 1.000000, inc_x_i = 1.000000, inc_y_i = 1.000000
En el else......

----------------------------------------
x = 6.000000, y = 320.000000
avance = -261.000000, avanceR = 2.000000, avanceI = 2.000000
inc_x_r = 0.000000, inc_y_r = 1.000000, inc_x_i = 1.000000, inc_y_i = 1.000000
En el else......

----------------------------------------
x = 6.000000, y = 321.000000
avance = -259.000000, avanceR = 2.000000, avanceI = 2.000000
inc_x_r = 0.000000, inc_y_r = 1.000000, inc_x_i = 1.000000, inc_y_i = 1.000000
En el else......

----------------------------------------
x = 6.000000, y = 322.000000
avance = -257.000000, avanceR = 2.000000, avanceI = 2.000000
inc_x_r = 0.000000, inc_y_r = 1.000000, inc_x_i = 1.000000, inc_y_i = 1.000000
En el else......

----------------------------------------
x = 6.000000, y = 323.000000
avance = -255.000000, avanceR = 2.000000, avanceI = 2.000000
inc_x_r = 0.000000, inc_y_r = 1.000000, inc_x_i = 1.000000, inc_y_i = 1.000000
En el else......

----------------------------------------
x = 6.000000, y = 324.000000
avance = -253.000000, avanceR = 2.000000, avanceI = 2.000000
inc_x_r = 0.000000, inc_y_r = 1.000000, inc_x_i = 1.000000, inc_y_i = 1.000000
En el else......

----------------------------------------
x = 6.000000, y = 325.000000
avance = -251.000000, avanceR = 2.000000, avanceI = 2.000000
inc_x_r = 0.000000, inc_y_r = 1.000000, inc_x_i = 1.000000, inc_y_i = 1.000000
En el else......

----------------------------------------


ENTRAMOS A BRESENHAMªªªª
x1 = 5.000000 - y1 = 75.000000 || x2 = 6.000000 - y2 = 326.000000
dy = 251.000000, dx = 1.000000
avances inclinados: inc_x_i = 1.000000, inc_y_i = 1.000000
updated: dy = 251.000000, dx = 1.000000
avances rectos: inc_x_r = 0.000000, inc_y_r 1.000000
reupdated: dy = 1.000000, dx = 251.000000
avanceR = 2.000000, avance -249.000000, avanceI 2.000000
----------------------------------------
x = 5.000000, y = 75.000000
avance = -249.000000, avanceR = 2.000000, avanceI = 2.000000
inc_x_r = 0.000000, inc_y_r = 1.000000, inc_x_i = 1.000000, inc_y_i = 1.000000
En el else......

----------------------------------------
x = 5.000000, y = 76.000000
avance = -247.000000, avanceR = 2.000000, avanceI = 2.000000
inc_x_r = 0.000000, inc_y_r = 1.000000, inc_x_i = 1.000000, inc_y_i = 1.000000
En el else......

----------------------------------------
x = 5.000000, y = 77.000000
avance = -245.000000, avanceR = 2.000000, avanceI = 2.000000
inc_x_r = 0.000000, inc_y_r = 1.000000, inc_x_i = 1.000000, inc_y_i = 1.000000
En el else......

----------------------------------------
x = 5.000000, y = 78.000000
avance = -243.000000, avanceR = 2.000000, avanceI = 2.000000
inc_x_r = 0.000000, inc_y_r = 1.000000, inc_x_i = 1.000000, inc_y_i = 1.000000
En el else......

----------------------------------------
x = 5.000000, y = 79.000000
avance = -241.000000, avanceR = 2.000000, avanceI = 2.000000
inc_x_r = 0.000000, inc_y_r = 1.000000, inc_x_i = 1.000000, inc_y_i = 1.000000
En el else......

----------------------------------------
x = 5.000000, y = 80.000000
avance = -239.000000, avanceR = 2.000000, avanceI = 2.000000
inc_x_r = 0.000000, inc_y_r = 1.000000, inc_x_i = 1.000000, inc_y_i = 1.000000
En el else......

----------------------------------------
x = 5.000000, y = 81.000000
avance = -237.000000, avanceR = 2.000000, avanceI = 2.000000
inc_x_r = 0.000000, inc_y_r = 1.000000, inc_x_i = 1.000000, inc_y_i = 1.000000
En el else......

----------------------------------------
x = 5.000000, y = 82.000000
avance = -235.000000, avanceR = 2.000000, avanceI = 2.000000
inc_x_r = 0.000000, inc_y_r = 1.000000, inc_x_i = 1.000000, inc_y_i = 1.000000
En el else......

----------------------------------------
x = 5.000000, y = 83.000000
avance = -233.000000, avanceR = 2.000000, avanceI = 2.000000
inc_x_r = 0.000000, inc_y_r = 1.000000, inc_x_i = 1.000000, inc_y_i = 1.000000
En el else......

----------------------------------------
x = 5.000000, y = 84.000000
avance = -231.000000, avanceR = 2.000000, avanceI = 2.000000
inc_x_r = 0.000000, inc_y_r = 1.000000, inc_x_i = 1.000000, inc_y_i = 1.000000
En el else......

----------------------------------------
x = 5.000000, y = 85.000000
avance = -229.000000, avanceR = 2.000000, avanceI = 2.000000
inc_x_r = 0.000000, inc_y_r = 1.000000, inc_x_i = 1.000000, inc_y_i = 1.000000
En el else......

----------------------------------------
x = 5.000000, y = 86.000000
avance = -227.000000, avanceR = 2.000000, avanceI = 2.000000
inc_x_r = 0.000000, inc_y_r = 1.000000, inc_x_i = 1.000000, inc_y_i = 1.000000
En el else......

----------------------------------------
x = 5.000000, y = 87.000000
avance = -225.000000, avanceR = 2.000000, avanceI = 2.000000
inc_x_r = 0.000000, inc_y_r = 1.000000, inc_x_i = 1.000000, inc_y_i = 1.000000
En el else......

----------------------------------------
x = 5.000000, y = 88.000000
avance = -223.000000, avanceR = 2.000000, avanceI = 2.000000
inc_x_r = 0.000000, inc_y_r = 1.000000, inc_x_i = 1.000000, inc_y_i = 1.000000
En el else......

----------------------------------------
x = 5.000000, y = 89.000000
avance = -221.000000, avanceR = 2.000000, avanceI = 2.000000
inc_x_r = 0.000000, inc_y_r = 1.000000, inc_x_i = 1.000000, inc_y_i = 1.000000
En el else......

----------------------------------------
x = 5.000000, y = 90.000000
avance = -219.000000, avanceR = 2.000000, avanceI = 2.000000
inc_x_r = 0.000000, inc_y_r = 1.000000, inc_x_i = 1.000000, inc_y_i = 1.000000
En el else......

----------------------------------------
x = 5.000000, y = 91.000000
avance = -217.000000, avanceR = 2.000000, avanceI = 2.000000
inc_x_r = 0.000000, inc_y_r = 1.000000, inc_x_i = 1.000000, inc_y_i = 1.000000
En el else......

----------------------------------------
x = 5.000000, y = 92.000000
avance = -215.000000, avanceR = 2.000000, avanceI = 2.000000
inc_x_r = 0.000000, inc_y_r = 1.000000, inc_x_i = 1.000000, inc_y_i = 1.000000
En el else......

----------------------------------------
x = 5.000000, y = 93.000000
avance = -213.000000, avanceR = 2.000000, avanceI = 2.000000
inc_x_r = 0.000000, inc_y_r = 1.000000, inc_x_i = 1.000000, inc_y_i = 1.000000
En el else......

----------------------------------------
x = 5.000000, y = 94.000000
avance = -211.000000, avanceR = 2.000000, avanceI = 2.000000
inc_x_r = 0.000000, inc_y_r = 1.000000, inc_x_i = 1.000000, inc_y_i = 1.000000
En el else......

----------------------------------------
x = 5.000000, y = 95.000000
avance = -209.000000, avanceR = 2.000000, avanceI = 2.000000
inc_x_r = 0.000000, inc_y_r = 1.000000, inc_x_i = 1.000000, inc_y_i = 1.000000
En el else......

----------------------------------------
x = 5.000000, y = 96.000000
avance = -207.000000, avanceR = 2.000000, avanceI = 2.000000
inc_x_r = 0.000000, inc_y_r = 1.000000, inc_x_i = 1.000000, inc_y_i = 1.000000
En el else......

----------------------------------------
x = 5.000000, y = 97.000000
avance = -205.000000, avanceR = 2.000000, avanceI = 2.000000
inc_x_r = 0.000000, inc_y_r = 1.000000, inc_x_i = 1.000000, inc_y_i = 1.000000
En el else......

----------------------------------------
x = 5.000000, y = 98.000000
avance = -203.000000, avanceR = 2.000000, avanceI = 2.000000
inc_x_r = 0.000000, inc_y_r = 1.000000, inc_x_i = 1.000000, inc_y_i = 1.000000
En el else......

----------------------------------------
x = 5.000000, y = 99.000000
avance = -201.000000, avanceR = 2.000000, avanceI = 2.000000
inc_x_r = 0.000000, inc_y_r = 1.000000, inc_x_i = 1.000000, inc_y_i = 1.000000
En el else......

----------------------------------------
x = 5.000000, y = 100.000000
avance = -199.000000, avanceR = 2.000000, avanceI = 2.000000
inc_x_r = 0.000000, inc_y_r = 1.000000, inc_x_i = 1.000000, inc_y_i = 1.000000
En el else......

----------------------------------------
x = 5.000000, y = 101.000000
avance = -197.000000, avanceR = 2.000000, avanceI = 2.000000
inc_x_r = 0.000000, inc_y_r = 1.000000, inc_x_i = 1.000000, inc_y_i = 1.000000
En el else......

----------------------------------------
x = 5.000000, y = 102.000000
avance = -195.000000, avanceR = 2.000000, avanceI = 2.000000
inc_x_r = 0.000000, inc_y_r = 1.000000, inc_x_i = 1.000000, inc_y_i = 1.000000
En el else......

----------------------------------------
x = 5.000000, y = 103.000000
avance = -193.000000, avanceR = 2.000000, avanceI = 2.000000
inc_x_r = 0.000000, inc_y_r = 1.000000, inc_x_i = 1.000000, inc_y_i = 1.000000
En el else......

----------------------------------------
x = 5.000000, y = 104.000000
avance = -191.000000, avanceR = 2.000000, avanceI = 2.000000
inc_x_r = 0.000000, inc_y_r = 1.000000, inc_x_i = 1.000000, inc_y_i = 1.000000
En el else......

----------------------------------------
x = 5.000000, y = 105.000000
avance = -189.000000, avanceR = 2.000000, avanceI = 2.000000
inc_x_r = 0.000000, inc_y_r = 1.000000, inc_x_i = 1.000000, inc_y_i = 1.000000
En el else......

----------------------------------------
x = 5.000000, y = 106.000000
avance = -187.000000, avanceR = 2.000000, avanceI = 2.000000
inc_x_r = 0.000000, inc_y_r = 1.000000, inc_x_i = 1.000000, inc_y_i = 1.000000
En el else......

----------------------------------------
x = 5.000000, y = 107.000000
avance = -185.000000, avanceR = 2.000000, avanceI = 2.000000
inc_x_r = 0.000000, inc_y_r = 1.000000, inc_x_i = 1.000000, inc_y_i = 1.000000
En el else......

----------------------------------------
x = 5.000000, y = 108.000000
avance = -183.000000, avanceR = 2.000000, avanceI = 2.000000
inc_x_r = 0.000000, inc_y_r = 1.000000, inc_x_i = 1.000000, inc_y_i = 1.000000
En el else......

----------------------------------------
x = 5.000000, y = 109.000000
avance = -181.000000, avanceR = 2.000000, avanceI = 2.000000
inc_x_r = 0.000000, inc_y_r = 1.000000, inc_x_i = 1.000000, inc_y_i = 1.000000
En el else......

----------------------------------------
x = 5.000000, y = 110.000000
avance = -179.000000, avanceR = 2.000000, avanceI = 2.000000
inc_x_r = 0.000000, inc_y_r = 1.000000, inc_x_i = 1.000000, inc_y_i = 1.000000
En el else......

----------------------------------------
x = 5.000000, y = 111.000000
avance = -177.000000, avanceR = 2.000000, avanceI = 2.000000
inc_x_r = 0.000000, inc_y_r = 1.000000, inc_x_i = 1.000000, inc_y_i = 1.000000
En el else......

----------------------------------------
x = 5.000000, y = 112.000000
avance = -175.000000, avanceR = 2.000000, avanceI = 2.000000
inc_x_r = 0.000000, inc_y_r = 1.000000, inc_x_i = 1.000000, inc_y_i = 1.000000
En el else......

----------------------------------------
x = 5.000000, y = 113.000000
avance = -173.000000, avanceR = 2.000000, avanceI = 2.000000
inc_x_r = 0.000000, inc_y_r = 1.000000, inc_x_i = 1.000000, inc_y_i = 1.000000
En el else......

----------------------------------------
x = 5.000000, y = 114.000000
avance = -171.000000, avanceR = 2.000000, avanceI = 2.000000
inc_x_r = 0.000000, inc_y_r = 1.000000, inc_x_i = 1.000000, inc_y_i = 1.000000
En el else......

----------------------------------------
x = 5.000000, y = 115.000000
avance = -169.000000, avanceR = 2.000000, avanceI = 2.000000
inc_x_r = 0.000000, inc_y_r = 1.000000, inc_x_i = 1.000000, inc_y_i = 1.000000
En el else......

----------------------------------------
x = 5.000000, y = 116.000000
avance = -167.000000, avanceR = 2.000000, avanceI = 2.000000
inc_x_r = 0.000000, inc_y_r = 1.000000, inc_x_i = 1.000000, inc_y_i = 1.000000
En el else......

----------------------------------------
x = 5.000000, y = 117.000000
avance = -165.000000, avanceR = 2.000000, avanceI = 2.000000
inc_x_r = 0.000000, inc_y_r = 1.000000, inc_x_i = 1.000000, inc_y_i = 1.000000
En el else......

----------------------------------------
x = 5.000000, y = 118.000000
avance = -163.000000, avanceR = 2.000000, avanceI = 2.000000
inc_x_r = 0.000000, inc_y_r = 1.000000, inc_x_i = 1.000000, inc_y_i = 1.000000
En el else......

----------------------------------------
x = 5.000000, y = 119.000000
avance = -161.000000, avanceR = 2.000000, avanceI = 2.000000
inc_x_r = 0.000000, inc_y_r = 1.000000, inc_x_i = 1.000000, inc_y_i = 1.000000
En el else......

----------------------------------------
x = 5.000000, y = 120.000000
avance = -159.000000, avanceR = 2.000000, avanceI = 2.000000
inc_x_r = 0.000000, inc_y_r = 1.000000, inc_x_i = 1.000000, inc_y_i = 1.000000
En el else......

----------------------------------------
x = 5.000000, y = 121.000000
avance = -157.000000, avanceR = 2.000000, avanceI = 2.000000
inc_x_r = 0.000000, inc_y_r = 1.000000, inc_x_i = 1.000000, inc_y_i = 1.000000
En el else......

----------------------------------------
x = 5.000000, y = 122.000000
avance = -155.000000, avanceR = 2.000000, avanceI = 2.000000
inc_x_r = 0.000000, inc_y_r = 1.000000, inc_x_i = 1.000000, inc_y_i = 1.000000
En el else......

----------------------------------------
x = 5.000000, y = 123.000000
avance = -153.000000, avanceR = 2.000000, avanceI = 2.000000
inc_x_r = 0.000000, inc_y_r = 1.000000, inc_x_i = 1.000000, inc_y_i = 1.000000
En el else......

----------------------------------------
x = 5.000000, y = 124.000000
avance = -151.000000, avanceR = 2.000000, avanceI = 2.000000
inc_x_r = 0.000000, inc_y_r = 1.000000, inc_x_i = 1.000000, inc_y_i = 1.000000
En el else......

----------------------------------------
x = 5.000000, y = 125.000000
avance = -149.000000, avanceR = 2.000000, avanceI = 2.000000
inc_x_r = 0.000000, inc_y_r = 1.000000, inc_x_i = 1.000000, inc_y_i = 1.000000
En el else......

----------------------------------------
x = 5.000000, y = 126.000000
avance = -147.000000, avanceR = 2.000000, avanceI = 2.000000
inc_x_r = 0.000000, inc_y_r = 1.000000, inc_x_i = 1.000000, inc_y_i = 1.000000
En el else......

----------------------------------------
x = 5.000000, y = 127.000000
avance = -145.000000, avanceR = 2.000000, avanceI = 2.000000
inc_x_r = 0.000000, inc_y_r = 1.000000, inc_x_i = 1.000000, inc_y_i = 1.000000
En el else......

----------------------------------------
x = 5.000000, y = 128.000000
avance = -143.000000, avanceR = 2.000000, avanceI = 2.000000
inc_x_r = 0.000000, inc_y_r = 1.000000, inc_x_i = 1.000000, inc_y_i = 1.000000
En el else......

----------------------------------------
x = 5.000000, y = 129.000000
avance = -141.000000, avanceR = 2.000000, avanceI = 2.000000
inc_x_r = 0.000000, inc_y_r = 1.000000, inc_x_i = 1.000000, inc_y_i = 1.000000
En el else......

----------------------------------------
x = 5.000000, y = 130.000000
avance = -139.000000, avanceR = 2.000000, avanceI = 2.000000
inc_x_r = 0.000000, inc_y_r = 1.000000, inc_x_i = 1.000000, inc_y_i = 1.000000
En el else......

----------------------------------------
x = 5.000000, y = 131.000000
avance = -137.000000, avanceR = 2.000000, avanceI = 2.000000
inc_x_r = 0.000000, inc_y_r = 1.000000, inc_x_i = 1.000000, inc_y_i = 1.000000
En el else......

----------------------------------------
x = 5.000000, y = 132.000000
avance = -135.000000, avanceR = 2.000000, avanceI = 2.000000
inc_x_r = 0.000000, inc_y_r = 1.000000, inc_x_i = 1.000000, inc_y_i = 1.000000
En el else......

----------------------------------------
x = 5.000000, y = 133.000000
avance = -133.000000, avanceR = 2.000000, avanceI = 2.000000
inc_x_r = 0.000000, inc_y_r = 1.000000, inc_x_i = 1.000000, inc_y_i = 1.000000
En el else......

----------------------------------------
x = 5.000000, y = 134.000000
avance = -131.000000, avanceR = 2.000000, avanceI = 2.000000
inc_x_r = 0.000000, inc_y_r = 1.000000, inc_x_i = 1.000000, inc_y_i = 1.000000
En el else......

----------------------------------------
x = 5.000000, y = 135.000000
avance = -129.000000, avanceR = 2.000000, avanceI = 2.000000
inc_x_r = 0.000000, inc_y_r = 1.000000, inc_x_i = 1.000000, inc_y_i = 1.000000
En el else......

----------------------------------------
x = 5.000000, y = 136.000000
avance = -127.000000, avanceR = 2.000000, avanceI = 2.000000
inc_x_r = 0.000000, inc_y_r = 1.000000, inc_x_i = 1.000000, inc_y_i = 1.000000
En el else......

----------------------------------------
x = 5.000000, y = 137.000000
avance = -125.000000, avanceR = 2.000000, avanceI = 2.000000
inc_x_r = 0.000000, inc_y_r = 1.000000, inc_x_i = 1.000000, inc_y_i = 1.000000
En el else......

----------------------------------------
x = 5.000000, y = 138.000000
avance = -123.000000, avanceR = 2.000000, avanceI = 2.000000
inc_x_r = 0.000000, inc_y_r = 1.000000, inc_x_i = 1.000000, inc_y_i = 1.000000
En el else......

----------------------------------------
x = 5.000000, y = 139.000000
avance = -121.000000, avanceR = 2.000000, avanceI = 2.000000
inc_x_r = 0.000000, inc_y_r = 1.000000, inc_x_i = 1.000000, inc_y_i = 1.000000
En el else......

----------------------------------------
x = 5.000000, y = 140.000000
avance = -119.000000, avanceR = 2.000000, avanceI = 2.000000
inc_x_r = 0.000000, inc_y_r = 1.000000, inc_x_i = 1.000000, inc_y_i = 1.000000
En el else......

----------------------------------------
x = 5.000000, y = 141.000000
avance = -117.000000, avanceR = 2.000000, avanceI = 2.000000
inc_x_r = 0.000000, inc_y_r = 1.000000, inc_x_i = 1.000000, inc_y_i = 1.000000
En el else......

----------------------------------------
x = 5.000000, y = 142.000000
avance = -115.000000, avanceR = 2.000000, avanceI = 2.000000
inc_x_r = 0.000000, inc_y_r = 1.000000, inc_x_i = 1.000000, inc_y_i = 1.000000
En el else......

----------------------------------------
x = 5.000000, y = 143.000000
avance = -113.000000, avanceR = 2.000000, avanceI = 2.000000
inc_x_r = 0.000000, inc_y_r = 1.000000, inc_x_i = 1.000000, inc_y_i = 1.000000
En el else......

----------------------------------------
x = 5.000000, y = 144.000000
avance = -111.000000, avanceR = 2.000000, avanceI = 2.000000
inc_x_r = 0.000000, inc_y_r = 1.000000, inc_x_i = 1.000000, inc_y_i = 1.000000
En el else......

----------------------------------------
x = 5.000000, y = 145.000000
avance = -109.000000, avanceR = 2.000000, avanceI = 2.000000
inc_x_r = 0.000000, inc_y_r = 1.000000, inc_x_i = 1.000000, inc_y_i = 1.000000
En el else......

----------------------------------------
x = 5.000000, y = 146.000000
avance = -107.000000, avanceR = 2.000000, avanceI = 2.000000
inc_x_r = 0.000000, inc_y_r = 1.000000, inc_x_i = 1.000000, inc_y_i = 1.000000
En el else......

----------------------------------------
x = 5.000000, y = 147.000000
avance = -105.000000, avanceR = 2.000000, avanceI = 2.000000
inc_x_r = 0.000000, inc_y_r = 1.000000, inc_x_i = 1.000000, inc_y_i = 1.000000
En el else......

----------------------------------------
x = 5.000000, y = 148.000000
avance = -103.000000, avanceR = 2.000000, avanceI = 2.000000
inc_x_r = 0.000000, inc_y_r = 1.000000, inc_x_i = 1.000000, inc_y_i = 1.000000
En el else......

----------------------------------------
x = 5.000000, y = 149.000000
avance = -101.000000, avanceR = 2.000000, avanceI = 2.000000
inc_x_r = 0.000000, inc_y_r = 1.000000, inc_x_i = 1.000000, inc_y_i = 1.000000
En el else......

----------------------------------------
x = 5.000000, y = 150.000000
avance = -99.000000, avanceR = 2.000000, avanceI = 2.000000
inc_x_r = 0.000000, inc_y_r = 1.000000, inc_x_i = 1.000000, inc_y_i = 1.000000
En el else......

----------------------------------------
x = 5.000000, y = 151.000000
avance = -97.000000, avanceR = 2.000000, avanceI = 2.000000
inc_x_r = 0.000000, inc_y_r = 1.000000, inc_x_i = 1.000000, inc_y_i = 1.000000
En el else......

----------------------------------------
x = 5.000000, y = 152.000000
avance = -95.000000, avanceR = 2.000000, avanceI = 2.000000
inc_x_r = 0.000000, inc_y_r = 1.000000, inc_x_i = 1.000000, inc_y_i = 1.000000
En el else......

----------------------------------------
x = 5.000000, y = 153.000000
avance = -93.000000, avanceR = 2.000000, avanceI = 2.000000
inc_x_r = 0.000000, inc_y_r = 1.000000, inc_x_i = 1.000000, inc_y_i = 1.000000
En el else......

----------------------------------------
x = 5.000000, y = 154.000000
avance = -91.000000, avanceR = 2.000000, avanceI = 2.000000
inc_x_r = 0.000000, inc_y_r = 1.000000, inc_x_i = 1.000000, inc_y_i = 1.000000
En el else......

----------------------------------------
x = 5.000000, y = 155.000000
avance = -89.000000, avanceR = 2.000000, avanceI = 2.000000
inc_x_r = 0.000000, inc_y_r = 1.000000, inc_x_i = 1.000000, inc_y_i = 1.000000
En el else......

----------------------------------------
x = 5.000000, y = 156.000000
avance = -87.000000, avanceR = 2.000000, avanceI = 2.000000
inc_x_r = 0.000000, inc_y_r = 1.000000, inc_x_i = 1.000000, inc_y_i = 1.000000
En el else......

----------------------------------------
x = 5.000000, y = 157.000000
avance = -85.000000, avanceR = 2.000000, avanceI = 2.000000
inc_x_r = 0.000000, inc_y_r = 1.000000, inc_x_i = 1.000000, inc_y_i = 1.000000
En el else......

----------------------------------------
x = 5.000000, y = 158.000000
avance = -83.000000, avanceR = 2.000000, avanceI = 2.000000
inc_x_r = 0.000000, inc_y_r = 1.000000, inc_x_i = 1.000000, inc_y_i = 1.000000
En el else......

----------------------------------------
x = 5.000000, y = 159.000000
avance = -81.000000, avanceR = 2.000000, avanceI = 2.000000
inc_x_r = 0.000000, inc_y_r = 1.000000, inc_x_i = 1.000000, inc_y_i = 1.000000
En el else......

----------------------------------------
x = 5.000000, y = 160.000000
avance = -79.000000, avanceR = 2.000000, avanceI = 2.000000
inc_x_r = 0.000000, inc_y_r = 1.000000, inc_x_i = 1.000000, inc_y_i = 1.000000
En el else......

----------------------------------------
x = 5.000000, y = 161.000000
avance = -77.000000, avanceR = 2.000000, avanceI = 2.000000
inc_x_r = 0.000000, inc_y_r = 1.000000, inc_x_i = 1.000000, inc_y_i = 1.000000
En el else......

----------------------------------------
x = 5.000000, y = 162.000000
avance = -75.000000, avanceR = 2.000000, avanceI = 2.000000
inc_x_r = 0.000000, inc_y_r = 1.000000, inc_x_i = 1.000000, inc_y_i = 1.000000
En el else......

----------------------------------------
x = 5.000000, y = 163.000000
avance = -73.000000, avanceR = 2.000000, avanceI = 2.000000
inc_x_r = 0.000000, inc_y_r = 1.000000, inc_x_i = 1.000000, inc_y_i = 1.000000
En el else......

----------------------------------------
x = 5.000000, y = 164.000000
avance = -71.000000, avanceR = 2.000000, avanceI = 2.000000
inc_x_r = 0.000000, inc_y_r = 1.000000, inc_x_i = 1.000000, inc_y_i = 1.000000
En el else......

----------------------------------------
x = 5.000000, y = 165.000000
avance = -69.000000, avanceR = 2.000000, avanceI = 2.000000
inc_x_r = 0.000000, inc_y_r = 1.000000, inc_x_i = 1.000000, inc_y_i = 1.000000
En el else......

----------------------------------------
x = 5.000000, y = 166.000000
avance = -67.000000, avanceR = 2.000000, avanceI = 2.000000
inc_x_r = 0.000000, inc_y_r = 1.000000, inc_x_i = 1.000000, inc_y_i = 1.000000
En el else......

----------------------------------------
x = 5.000000, y = 167.000000
avance = -65.000000, avanceR = 2.000000, avanceI = 2.000000
inc_x_r = 0.000000, inc_y_r = 1.000000, inc_x_i = 1.000000, inc_y_i = 1.000000
En el else......

----------------------------------------
x = 5.000000, y = 168.000000
avance = -63.000000, avanceR = 2.000000, avanceI = 2.000000
inc_x_r = 0.000000, inc_y_r = 1.000000, inc_x_i = 1.000000, inc_y_i = 1.000000
En el else......

----------------------------------------
x = 5.000000, y = 169.000000
avance = -61.000000, avanceR = 2.000000, avanceI = 2.000000
inc_x_r = 0.000000, inc_y_r = 1.000000, inc_x_i = 1.000000, inc_y_i = 1.000000
En el else......

----------------------------------------
x = 5.000000, y = 170.000000
avance = -59.000000, avanceR = 2.000000, avanceI = 2.000000
inc_x_r = 0.000000, inc_y_r = 1.000000, inc_x_i = 1.000000, inc_y_i = 1.000000
En el else......

----------------------------------------
x = 5.000000, y = 171.000000
avance = -57.000000, avanceR = 2.000000, avanceI = 2.000000
inc_x_r = 0.000000, inc_y_r = 1.000000, inc_x_i = 1.000000, inc_y_i = 1.000000
En el else......

----------------------------------------
x = 5.000000, y = 172.000000
avance = -55.000000, avanceR = 2.000000, avanceI = 2.000000
inc_x_r = 0.000000, inc_y_r = 1.000000, inc_x_i = 1.000000, inc_y_i = 1.000000
En el else......

----------------------------------------
x = 5.000000, y = 173.000000
avance = -53.000000, avanceR = 2.000000, avanceI = 2.000000
inc_x_r = 0.000000, inc_y_r = 1.000000, inc_x_i = 1.000000, inc_y_i = 1.000000
En el else......

----------------------------------------
x = 5.000000, y = 174.000000
avance = -51.000000, avanceR = 2.000000, avanceI = 2.000000
inc_x_r = 0.000000, inc_y_r = 1.000000, inc_x_i = 1.000000, inc_y_i = 1.000000
En el else......

----------------------------------------
x = 5.000000, y = 175.000000
avance = -49.000000, avanceR = 2.000000, avanceI = 2.000000
inc_x_r = 0.000000, inc_y_r = 1.000000, inc_x_i = 1.000000, inc_y_i = 1.000000
En el else......

----------------------------------------
x = 5.000000, y = 176.000000
avance = -47.000000, avanceR = 2.000000, avanceI = 2.000000
inc_x_r = 0.000000, inc_y_r = 1.000000, inc_x_i = 1.000000, inc_y_i = 1.000000
En el else......

----------------------------------------
x = 5.000000, y = 177.000000
avance = -45.000000, avanceR = 2.000000, avanceI = 2.000000
inc_x_r = 0.000000, inc_y_r = 1.000000, inc_x_i = 1.000000, inc_y_i = 1.000000
En el else......

----------------------------------------
x = 5.000000, y = 178.000000
avance = -43.000000, avanceR = 2.000000, avanceI = 2.000000
inc_x_r = 0.000000, inc_y_r = 1.000000, inc_x_i = 1.000000, inc_y_i = 1.000000
En el else......

----------------------------------------
x = 5.000000, y = 179.000000
avance = -41.000000, avanceR = 2.000000, avanceI = 2.000000
inc_x_r = 0.000000, inc_y_r = 1.000000, inc_x_i = 1.000000, inc_y_i = 1.000000
En el else......

----------------------------------------
x = 5.000000, y = 180.000000
avance = -39.000000, avanceR = 2.000000, avanceI = 2.000000
inc_x_r = 0.000000, inc_y_r = 1.000000, inc_x_i = 1.000000, inc_y_i = 1.000000
En el else......

----------------------------------------
x = 5.000000, y = 181.000000
avance = -37.000000, avanceR = 2.000000, avanceI = 2.000000
inc_x_r = 0.000000, inc_y_r = 1.000000, inc_x_i = 1.000000, inc_y_i = 1.000000
En el else......

----------------------------------------
x = 5.000000, y = 182.000000
avance = -35.000000, avanceR = 2.000000, avanceI = 2.000000
inc_x_r = 0.000000, inc_y_r = 1.000000, inc_x_i = 1.000000, inc_y_i = 1.000000
En el else......

----------------------------------------
x = 5.000000, y = 183.000000
avance = -33.000000, avanceR = 2.000000, avanceI = 2.000000
inc_x_r = 0.000000, inc_y_r = 1.000000, inc_x_i = 1.000000, inc_y_i = 1.000000
En el else......

----------------------------------------
x = 5.000000, y = 184.000000
avance = -31.000000, avanceR = 2.000000, avanceI = 2.000000
inc_x_r = 0.000000, inc_y_r = 1.000000, inc_x_i = 1.000000, inc_y_i = 1.000000
En el else......

----------------------------------------
x = 5.000000, y = 185.000000
avance = -29.000000, avanceR = 2.000000, avanceI = 2.000000
inc_x_r = 0.000000, inc_y_r = 1.000000, inc_x_i = 1.000000, inc_y_i = 1.000000
En el else......

----------------------------------------
x = 5.000000, y = 186.000000
avance = -27.000000, avanceR = 2.000000, avanceI = 2.000000
inc_x_r = 0.000000, inc_y_r = 1.000000, inc_x_i = 1.000000, inc_y_i = 1.000000
En el else......

----------------------------------------
x = 5.000000, y = 187.000000
avance = -25.000000, avanceR = 2.000000, avanceI = 2.000000
inc_x_r = 0.000000, inc_y_r = 1.000000, inc_x_i = 1.000000, inc_y_i = 1.000000
En el else......

----------------------------------------
x = 5.000000, y = 188.000000
avance = -23.000000, avanceR = 2.000000, avanceI = 2.000000
inc_x_r = 0.000000, inc_y_r = 1.000000, inc_x_i = 1.000000, inc_y_i = 1.000000
En el else......

----------------------------------------
x = 5.000000, y = 189.000000
avance = -21.000000, avanceR = 2.000000, avanceI = 2.000000
inc_x_r = 0.000000, inc_y_r = 1.000000, inc_x_i = 1.000000, inc_y_i = 1.000000
En el else......

----------------------------------------
x = 5.000000, y = 190.000000
avance = -19.000000, avanceR = 2.000000, avanceI = 2.000000
inc_x_r = 0.000000, inc_y_r = 1.000000, inc_x_i = 1.000000, inc_y_i = 1.000000
En el else......

----------------------------------------
x = 5.000000, y = 191.000000
avance = -17.000000, avanceR = 2.000000, avanceI = 2.000000
inc_x_r = 0.000000, inc_y_r = 1.000000, inc_x_i = 1.000000, inc_y_i = 1.000000
En el else......

----------------------------------------
x = 5.000000, y = 192.000000
avance = -15.000000, avanceR = 2.000000, avanceI = 2.000000
inc_x_r = 0.000000, inc_y_r = 1.000000, inc_x_i = 1.000000, inc_y_i = 1.000000
En el else......

----------------------------------------
x = 5.000000, y = 193.000000
avance = -13.000000, avanceR = 2.000000, avanceI = 2.000000
inc_x_r = 0.000000, inc_y_r = 1.000000, inc_x_i = 1.000000, inc_y_i = 1.000000
En el else......

----------------------------------------
x = 5.000000, y = 194.000000
avance = -11.000000, avanceR = 2.000000, avanceI = 2.000000
inc_x_r = 0.000000, inc_y_r = 1.000000, inc_x_i = 1.000000, inc_y_i = 1.000000
En el else......

----------------------------------------
x = 5.000000, y = 195.000000
avance = -9.000000, avanceR = 2.000000, avanceI = 2.000000
inc_x_r = 0.000000, inc_y_r = 1.000000, inc_x_i = 1.000000, inc_y_i = 1.000000
En el else......

----------------------------------------
x = 5.000000, y = 196.000000
avance = -7.000000, avanceR = 2.000000, avanceI = 2.000000
inc_x_r = 0.000000, inc_y_r = 1.000000, inc_x_i = 1.000000, inc_y_i = 1.000000
En el else......

----------------------------------------
x = 5.000000, y = 197.000000
avance = -5.000000, avanceR = 2.000000, avanceI = 2.000000
inc_x_r = 0.000000, inc_y_r = 1.000000, inc_x_i = 1.000000, inc_y_i = 1.000000
En el else......

----------------------------------------
x = 5.000000, y = 198.000000
avance = -3.000000, avanceR = 2.000000, avanceI = 2.000000
inc_x_r = 0.000000, inc_y_r = 1.000000, inc_x_i = 1.000000, inc_y_i = 1.000000
En el else......

----------------------------------------
x = 5.000000, y = 199.000000
avance = -1.000000, avanceR = 2.000000, avanceI = 2.000000
inc_x_r = 0.000000, inc_y_r = 1.000000, inc_x_i = 1.000000, inc_y_i = 1.000000
En el else......

----------------------------------------
x = 5.000000, y = 200.000000
avance = 1.000000, avanceR = 2.000000, avanceI = 2.000000
inc_x_r = 0.000000, inc_y_r = 1.000000, inc_x_i = 1.000000, inc_y_i = 1.000000
avance >= 0

----------------------------------------
x = 6.000000, y = 201.000000
avance = -499.000000, avanceR = 2.000000, avanceI = 2.000000
inc_x_r = 0.000000, inc_y_r = 1.000000, inc_x_i = 1.000000, inc_y_i = 1.000000
En el else......

----------------------------------------
x = 6.000000, y = 202.000000
avance = -497.000000, avanceR = 2.000000, avanceI = 2.000000
inc_x_r = 0.000000, inc_y_r = 1.000000, inc_x_i = 1.000000, inc_y_i = 1.000000
En el else......

----------------------------------------
x = 6.000000, y = 203.000000
avance = -495.000000, avanceR = 2.000000, avanceI = 2.000000
inc_x_r = 0.000000, inc_y_r = 1.000000, inc_x_i = 1.000000, inc_y_i = 1.000000
En el else......

----------------------------------------
x = 6.000000, y = 204.000000
avance = -493.000000, avanceR = 2.000000, avanceI = 2.000000
inc_x_r = 0.000000, inc_y_r = 1.000000, inc_x_i = 1.000000, inc_y_i = 1.000000
En el else......

----------------------------------------
x = 6.000000, y = 205.000000
avance = -491.000000, avanceR = 2.000000, avanceI = 2.000000
inc_x_r = 0.000000, inc_y_r = 1.000000, inc_x_i = 1.000000, inc_y_i = 1.000000
En el else......

----------------------------------------
x = 6.000000, y = 206.000000
avance = -489.000000, avanceR = 2.000000, avanceI = 2.000000
inc_x_r = 0.000000, inc_y_r = 1.000000, inc_x_i = 1.000000, inc_y_i = 1.000000
En el else......

----------------------------------------
x = 6.000000, y = 207.000000
avance = -487.000000, avanceR = 2.000000, avanceI = 2.000000
inc_x_r = 0.000000, inc_y_r = 1.000000, inc_x_i = 1.000000, inc_y_i = 1.000000
En el else......

----------------------------------------
x = 6.000000, y = 208.000000
avance = -485.000000, avanceR = 2.000000, avanceI = 2.000000
inc_x_r = 0.000000, inc_y_r = 1.000000, inc_x_i = 1.000000, inc_y_i = 1.000000
En el else......

----------------------------------------
x = 6.000000, y = 209.000000
avance = -483.000000, avanceR = 2.000000, avanceI = 2.000000
inc_x_r = 0.000000, inc_y_r = 1.000000, inc_x_i = 1.000000, inc_y_i = 1.000000
En el else......

----------------------------------------
x = 6.000000, y = 210.000000
avance = -481.000000, avanceR = 2.000000, avanceI = 2.000000
inc_x_r = 0.000000, inc_y_r = 1.000000, inc_x_i = 1.000000, inc_y_i = 1.000000
En el else......

----------------------------------------
x = 6.000000, y = 211.000000
avance = -479.000000, avanceR = 2.000000, avanceI = 2.000000
inc_x_r = 0.000000, inc_y_r = 1.000000, inc_x_i = 1.000000, inc_y_i = 1.000000
En el else......

----------------------------------------
x = 6.000000, y = 212.000000
avance = -477.000000, avanceR = 2.000000, avanceI = 2.000000
inc_x_r = 0.000000, inc_y_r = 1.000000, inc_x_i = 1.000000, inc_y_i = 1.000000
En el else......

----------------------------------------
x = 6.000000, y = 213.000000
avance = -475.000000, avanceR = 2.000000, avanceI = 2.000000
inc_x_r = 0.000000, inc_y_r = 1.000000, inc_x_i = 1.000000, inc_y_i = 1.000000
En el else......

----------------------------------------
x = 6.000000, y = 214.000000
avance = -473.000000, avanceR = 2.000000, avanceI = 2.000000
inc_x_r = 0.000000, inc_y_r = 1.000000, inc_x_i = 1.000000, inc_y_i = 1.000000
En el else......

----------------------------------------
x = 6.000000, y = 215.000000
avance = -471.000000, avanceR = 2.000000, avanceI = 2.000000
inc_x_r = 0.000000, inc_y_r = 1.000000, inc_x_i = 1.000000, inc_y_i = 1.000000
En el else......

----------------------------------------
x = 6.000000, y = 216.000000
avance = -469.000000, avanceR = 2.000000, avanceI = 2.000000
inc_x_r = 0.000000, inc_y_r = 1.000000, inc_x_i = 1.000000, inc_y_i = 1.000000
En el else......

----------------------------------------
x = 6.000000, y = 217.000000
avance = -467.000000, avanceR = 2.000000, avanceI = 2.000000
inc_x_r = 0.000000, inc_y_r = 1.000000, inc_x_i = 1.000000, inc_y_i = 1.000000
En el else......

----------------------------------------
x = 6.000000, y = 218.000000
avance = -465.000000, avanceR = 2.000000, avanceI = 2.000000
inc_x_r = 0.000000, inc_y_r = 1.000000, inc_x_i = 1.000000, inc_y_i = 1.000000
En el else......

----------------------------------------
x = 6.000000, y = 219.000000
avance = -463.000000, avanceR = 2.000000, avanceI = 2.000000
inc_x_r = 0.000000, inc_y_r = 1.000000, inc_x_i = 1.000000, inc_y_i = 1.000000
En el else......

----------------------------------------
x = 6.000000, y = 220.000000
avance = -461.000000, avanceR = 2.000000, avanceI = 2.000000
inc_x_r = 0.000000, inc_y_r = 1.000000, inc_x_i = 1.000000, inc_y_i = 1.000000
En el else......

----------------------------------------
x = 6.000000, y = 221.000000
avance = -459.000000, avanceR = 2.000000, avanceI = 2.000000
inc_x_r = 0.000000, inc_y_r = 1.000000, inc_x_i = 1.000000, inc_y_i = 1.000000
En el else......

----------------------------------------
x = 6.000000, y = 222.000000
avance = -457.000000, avanceR = 2.000000, avanceI = 2.000000
inc_x_r = 0.000000, inc_y_r = 1.000000, inc_x_i = 1.000000, inc_y_i = 1.000000
En el else......

----------------------------------------
x = 6.000000, y = 223.000000
avance = -455.000000, avanceR = 2.000000, avanceI = 2.000000
inc_x_r = 0.000000, inc_y_r = 1.000000, inc_x_i = 1.000000, inc_y_i = 1.000000
En el else......

----------------------------------------
x = 6.000000, y = 224.000000
avance = -453.000000, avanceR = 2.000000, avanceI = 2.000000
inc_x_r = 0.000000, inc_y_r = 1.000000, inc_x_i = 1.000000, inc_y_i = 1.000000
En el else......

----------------------------------------
x = 6.000000, y = 225.000000
avance = -451.000000, avanceR = 2.000000, avanceI = 2.000000
inc_x_r = 0.000000, inc_y_r = 1.000000, inc_x_i = 1.000000, inc_y_i = 1.000000
En el else......

----------------------------------------
x = 6.000000, y = 226.000000
avance = -449.000000, avanceR = 2.000000, avanceI = 2.000000
inc_x_r = 0.000000, inc_y_r = 1.000000, inc_x_i = 1.000000, inc_y_i = 1.000000
En el else......

----------------------------------------
x = 6.000000, y = 227.000000
avance = -447.000000, avanceR = 2.000000, avanceI = 2.000000
inc_x_r = 0.000000, inc_y_r = 1.000000, inc_x_i = 1.000000, inc_y_i = 1.000000
En el else......

----------------------------------------
x = 6.000000, y = 228.000000
avance = -445.000000, avanceR = 2.000000, avanceI = 2.000000
inc_x_r = 0.000000, inc_y_r = 1.000000, inc_x_i = 1.000000, inc_y_i = 1.000000
En el else......

----------------------------------------
x = 6.000000, y = 229.000000
avance = -443.000000, avanceR = 2.000000, avanceI = 2.000000
inc_x_r = 0.000000, inc_y_r = 1.000000, inc_x_i = 1.000000, inc_y_i = 1.000000
En el else......

----------------------------------------
x = 6.000000, y = 230.000000
avance = -441.000000, avanceR = 2.000000, avanceI = 2.000000
inc_x_r = 0.000000, inc_y_r = 1.000000, inc_x_i = 1.000000, inc_y_i = 1.000000
En el else......

----------------------------------------
x = 6.000000, y = 231.000000
avance = -439.000000, avanceR = 2.000000, avanceI = 2.000000
inc_x_r = 0.000000, inc_y_r = 1.000000, inc_x_i = 1.000000, inc_y_i = 1.000000
En el else......

----------------------------------------
x = 6.000000, y = 232.000000
avance = -437.000000, avanceR = 2.000000, avanceI = 2.000000
inc_x_r = 0.000000, inc_y_r = 1.000000, inc_x_i = 1.000000, inc_y_i = 1.000000
En el else......

----------------------------------------
x = 6.000000, y = 233.000000
avance = -435.000000, avanceR = 2.000000, avanceI = 2.000000
inc_x_r = 0.000000, inc_y_r = 1.000000, inc_x_i = 1.000000, inc_y_i = 1.000000
En el else......

----------------------------------------
x = 6.000000, y = 234.000000
avance = -433.000000, avanceR = 2.000000, avanceI = 2.000000
inc_x_r = 0.000000, inc_y_r = 1.000000, inc_x_i = 1.000000, inc_y_i = 1.000000
En el else......

----------------------------------------
x = 6.000000, y = 235.000000
avance = -431.000000, avanceR = 2.000000, avanceI = 2.000000
inc_x_r = 0.000000, inc_y_r = 1.000000, inc_x_i = 1.000000, inc_y_i = 1.000000
En el else......

----------------------------------------
x = 6.000000, y = 236.000000
avance = -429.000000, avanceR = 2.000000, avanceI = 2.000000
inc_x_r = 0.000000, inc_y_r = 1.000000, inc_x_i = 1.000000, inc_y_i = 1.000000
En el else......

----------------------------------------
x = 6.000000, y = 237.000000
avance = -427.000000, avanceR = 2.000000, avanceI = 2.000000
inc_x_r = 0.000000, inc_y_r = 1.000000, inc_x_i = 1.000000, inc_y_i = 1.000000
En el else......

----------------------------------------
x = 6.000000, y = 238.000000
avance = -425.000000, avanceR = 2.000000, avanceI = 2.000000
inc_x_r = 0.000000, inc_y_r = 1.000000, inc_x_i = 1.000000, inc_y_i = 1.000000
En el else......

----------------------------------------
x = 6.000000, y = 239.000000
avance = -423.000000, avanceR = 2.000000, avanceI = 2.000000
inc_x_r = 0.000000, inc_y_r = 1.000000, inc_x_i = 1.000000, inc_y_i = 1.000000
En el else......

----------------------------------------
x = 6.000000, y = 240.000000
avance = -421.000000, avanceR = 2.000000, avanceI = 2.000000
inc_x_r = 0.000000, inc_y_r = 1.000000, inc_x_i = 1.000000, inc_y_i = 1.000000
En el else......

----------------------------------------
x = 6.000000, y = 241.000000
avance = -419.000000, avanceR = 2.000000, avanceI = 2.000000
inc_x_r = 0.000000, inc_y_r = 1.000000, inc_x_i = 1.000000, inc_y_i = 1.000000
En el else......

----------------------------------------
x = 6.000000, y = 242.000000
avance = -417.000000, avanceR = 2.000000, avanceI = 2.000000
inc_x_r = 0.000000, inc_y_r = 1.000000, inc_x_i = 1.000000, inc_y_i = 1.000000
En el else......

----------------------------------------
x = 6.000000, y = 243.000000
avance = -415.000000, avanceR = 2.000000, avanceI = 2.000000
inc_x_r = 0.000000, inc_y_r = 1.000000, inc_x_i = 1.000000, inc_y_i = 1.000000
En el else......

----------------------------------------
x = 6.000000, y = 244.000000
avance = -413.000000, avanceR = 2.000000, avanceI = 2.000000
inc_x_r = 0.000000, inc_y_r = 1.000000, inc_x_i = 1.000000, inc_y_i = 1.000000
En el else......

----------------------------------------
x = 6.000000, y = 245.000000
avance = -411.000000, avanceR = 2.000000, avanceI = 2.000000
inc_x_r = 0.000000, inc_y_r = 1.000000, inc_x_i = 1.000000, inc_y_i = 1.000000
En el else......

----------------------------------------
x = 6.000000, y = 246.000000
avance = -409.000000, avanceR = 2.000000, avanceI = 2.000000
inc_x_r = 0.000000, inc_y_r = 1.000000, inc_x_i = 1.000000, inc_y_i = 1.000000
En el else......

----------------------------------------
x = 6.000000, y = 247.000000
avance = -407.000000, avanceR = 2.000000, avanceI = 2.000000
inc_x_r = 0.000000, inc_y_r = 1.000000, inc_x_i = 1.000000, inc_y_i = 1.000000
En el else......

----------------------------------------
x = 6.000000, y = 248.000000
avance = -405.000000, avanceR = 2.000000, avanceI = 2.000000
inc_x_r = 0.000000, inc_y_r = 1.000000, inc_x_i = 1.000000, inc_y_i = 1.000000
En el else......

----------------------------------------
x = 6.000000, y = 249.000000
avance = -403.000000, avanceR = 2.000000, avanceI = 2.000000
inc_x_r = 0.000000, inc_y_r = 1.000000, inc_x_i = 1.000000, inc_y_i = 1.000000
En el else......

----------------------------------------
x = 6.000000, y = 250.000000
avance = -401.000000, avanceR = 2.000000, avanceI = 2.000000
inc_x_r = 0.000000, inc_y_r = 1.000000, inc_x_i = 1.000000, inc_y_i = 1.000000
En el else......

----------------------------------------
x = 6.000000, y = 251.000000
avance = -399.000000, avanceR = 2.000000, avanceI = 2.000000
inc_x_r = 0.000000, inc_y_r = 1.000000, inc_x_i = 1.000000, inc_y_i = 1.000000
En el else......

----------------------------------------
x = 6.000000, y = 252.000000
avance = -397.000000, avanceR = 2.000000, avanceI = 2.000000
inc_x_r = 0.000000, inc_y_r = 1.000000, inc_x_i = 1.000000, inc_y_i = 1.000000
En el else......

----------------------------------------
x = 6.000000, y = 253.000000
avance = -395.000000, avanceR = 2.000000, avanceI = 2.000000
inc_x_r = 0.000000, inc_y_r = 1.000000, inc_x_i = 1.000000, inc_y_i = 1.000000
En el else......

----------------------------------------
x = 6.000000, y = 254.000000
avance = -393.000000, avanceR = 2.000000, avanceI = 2.000000
inc_x_r = 0.000000, inc_y_r = 1.000000, inc_x_i = 1.000000, inc_y_i = 1.000000
En el else......

----------------------------------------
x = 6.000000, y = 255.000000
avance = -391.000000, avanceR = 2.000000, avanceI = 2.000000
inc_x_r = 0.000000, inc_y_r = 1.000000, inc_x_i = 1.000000, inc_y_i = 1.000000
En el else......

----------------------------------------
x = 6.000000, y = 256.000000
avance = -389.000000, avanceR = 2.000000, avanceI = 2.000000
inc_x_r = 0.000000, inc_y_r = 1.000000, inc_x_i = 1.000000, inc_y_i = 1.000000
En el else......

----------------------------------------
x = 6.000000, y = 257.000000
avance = -387.000000, avanceR = 2.000000, avanceI = 2.000000
inc_x_r = 0.000000, inc_y_r = 1.000000, inc_x_i = 1.000000, inc_y_i = 1.000000
En el else......

----------------------------------------
x = 6.000000, y = 258.000000
avance = -385.000000, avanceR = 2.000000, avanceI = 2.000000
inc_x_r = 0.000000, inc_y_r = 1.000000, inc_x_i = 1.000000, inc_y_i = 1.000000
En el else......

----------------------------------------
x = 6.000000, y = 259.000000
avance = -383.000000, avanceR = 2.000000, avanceI = 2.000000
inc_x_r = 0.000000, inc_y_r = 1.000000, inc_x_i = 1.000000, inc_y_i = 1.000000
En el else......

----------------------------------------
x = 6.000000, y = 260.000000
avance = -381.000000, avanceR = 2.000000, avanceI = 2.000000
inc_x_r = 0.000000, inc_y_r = 1.000000, inc_x_i = 1.000000, inc_y_i = 1.000000
En el else......

----------------------------------------
x = 6.000000, y = 261.000000
avance = -379.000000, avanceR = 2.000000, avanceI = 2.000000
inc_x_r = 0.000000, inc_y_r = 1.000000, inc_x_i = 1.000000, inc_y_i = 1.000000
En el else......

----------------------------------------
x = 6.000000, y = 262.000000
avance = -377.000000, avanceR = 2.000000, avanceI = 2.000000
inc_x_r = 0.000000, inc_y_r = 1.000000, inc_x_i = 1.000000, inc_y_i = 1.000000
En el else......

----------------------------------------
x = 6.000000, y = 263.000000
avance = -375.000000, avanceR = 2.000000, avanceI = 2.000000
inc_x_r = 0.000000, inc_y_r = 1.000000, inc_x_i = 1.000000, inc_y_i = 1.000000
En el else......

----------------------------------------
x = 6.000000, y = 264.000000
avance = -373.000000, avanceR = 2.000000, avanceI = 2.000000
inc_x_r = 0.000000, inc_y_r = 1.000000, inc_x_i = 1.000000, inc_y_i = 1.000000
En el else......

----------------------------------------
x = 6.000000, y = 265.000000
avance = -371.000000, avanceR = 2.000000, avanceI = 2.000000
inc_x_r = 0.000000, inc_y_r = 1.000000, inc_x_i = 1.000000, inc_y_i = 1.000000
En el else......

----------------------------------------
x = 6.000000, y = 266.000000
avance = -369.000000, avanceR = 2.000000, avanceI = 2.000000
inc_x_r = 0.000000, inc_y_r = 1.000000, inc_x_i = 1.000000, inc_y_i = 1.000000
En el else......

----------------------------------------
x = 6.000000, y = 267.000000
avance = -367.000000, avanceR = 2.000000, avanceI = 2.000000
inc_x_r = 0.000000, inc_y_r = 1.000000, inc_x_i = 1.000000, inc_y_i = 1.000000
En el else......

----------------------------------------
x = 6.000000, y = 268.000000
avance = -365.000000, avanceR = 2.000000, avanceI = 2.000000
inc_x_r = 0.000000, inc_y_r = 1.000000, inc_x_i = 1.000000, inc_y_i = 1.000000
En el else......

----------------------------------------
x = 6.000000, y = 269.000000
avance = -363.000000, avanceR = 2.000000, avanceI = 2.000000
inc_x_r = 0.000000, inc_y_r = 1.000000, inc_x_i = 1.000000, inc_y_i = 1.000000
En el else......

----------------------------------------
x = 6.000000, y = 270.000000
avance = -361.000000, avanceR = 2.000000, avanceI = 2.000000
inc_x_r = 0.000000, inc_y_r = 1.000000, inc_x_i = 1.000000, inc_y_i = 1.000000
En el else......

----------------------------------------
x = 6.000000, y = 271.000000
avance = -359.000000, avanceR = 2.000000, avanceI = 2.000000
inc_x_r = 0.000000, inc_y_r = 1.000000, inc_x_i = 1.000000, inc_y_i = 1.000000
En el else......

----------------------------------------
x = 6.000000, y = 272.000000
avance = -357.000000, avanceR = 2.000000, avanceI = 2.000000
inc_x_r = 0.000000, inc_y_r = 1.000000, inc_x_i = 1.000000, inc_y_i = 1.000000
En el else......

----------------------------------------
x = 6.000000, y = 273.000000
avance = -355.000000, avanceR = 2.000000, avanceI = 2.000000
inc_x_r = 0.000000, inc_y_r = 1.000000, inc_x_i = 1.000000, inc_y_i = 1.000000
En el else......

----------------------------------------
x = 6.000000, y = 274.000000
avance = -353.000000, avanceR = 2.000000, avanceI = 2.000000
inc_x_r = 0.000000, inc_y_r = 1.000000, inc_x_i = 1.000000, inc_y_i = 1.000000
En el else......

----------------------------------------
x = 6.000000, y = 275.000000
avance = -351.000000, avanceR = 2.000000, avanceI = 2.000000
inc_x_r = 0.000000, inc_y_r = 1.000000, inc_x_i = 1.000000, inc_y_i = 1.000000
En el else......

----------------------------------------
x = 6.000000, y = 276.000000
avance = -349.000000, avanceR = 2.000000, avanceI = 2.000000
inc_x_r = 0.000000, inc_y_r = 1.000000, inc_x_i = 1.000000, inc_y_i = 1.000000
En el else......

----------------------------------------
x = 6.000000, y = 277.000000
avance = -347.000000, avanceR = 2.000000, avanceI = 2.000000
inc_x_r = 0.000000, inc_y_r = 1.000000, inc_x_i = 1.000000, inc_y_i = 1.000000
En el else......

----------------------------------------
x = 6.000000, y = 278.000000
avance = -345.000000, avanceR = 2.000000, avanceI = 2.000000
inc_x_r = 0.000000, inc_y_r = 1.000000, inc_x_i = 1.000000, inc_y_i = 1.000000
En el else......

----------------------------------------
x = 6.000000, y = 279.000000
avance = -343.000000, avanceR = 2.000000, avanceI = 2.000000
inc_x_r = 0.000000, inc_y_r = 1.000000, inc_x_i = 1.000000, inc_y_i = 1.000000
En el else......

----------------------------------------
x = 6.000000, y = 280.000000
avance = -341.000000, avanceR = 2.000000, avanceI = 2.000000
inc_x_r = 0.000000, inc_y_r = 1.000000, inc_x_i = 1.000000, inc_y_i = 1.000000
En el else......

----------------------------------------
x = 6.000000, y = 281.000000
avance = -339.000000, avanceR = 2.000000, avanceI = 2.000000
inc_x_r = 0.000000, inc_y_r = 1.000000, inc_x_i = 1.000000, inc_y_i = 1.000000
En el else......

----------------------------------------
x = 6.000000, y = 282.000000
avance = -337.000000, avanceR = 2.000000, avanceI = 2.000000
inc_x_r = 0.000000, inc_y_r = 1.000000, inc_x_i = 1.000000, inc_y_i = 1.000000
En el else......

----------------------------------------
x = 6.000000, y = 283.000000
avance = -335.000000, avanceR = 2.000000, avanceI = 2.000000
inc_x_r = 0.000000, inc_y_r = 1.000000, inc_x_i = 1.000000, inc_y_i = 1.000000
En el else......

----------------------------------------
x = 6.000000, y = 284.000000
avance = -333.000000, avanceR = 2.000000, avanceI = 2.000000
inc_x_r = 0.000000, inc_y_r = 1.000000, inc_x_i = 1.000000, inc_y_i = 1.000000
En el else......

----------------------------------------
x = 6.000000, y = 285.000000
avance = -331.000000, avanceR = 2.000000, avanceI = 2.000000
inc_x_r = 0.000000, inc_y_r = 1.000000, inc_x_i = 1.000000, inc_y_i = 1.000000
En el else......

----------------------------------------
x = 6.000000, y = 286.000000
avance = -329.000000, avanceR = 2.000000, avanceI = 2.000000
inc_x_r = 0.000000, inc_y_r = 1.000000, inc_x_i = 1.000000, inc_y_i = 1.000000
En el else......

----------------------------------------
x = 6.000000, y = 287.000000
avance = -327.000000, avanceR = 2.000000, avanceI = 2.000000
inc_x_r = 0.000000, inc_y_r = 1.000000, inc_x_i = 1.000000, inc_y_i = 1.000000
En el else......

----------------------------------------
x = 6.000000, y = 288.000000
avance = -325.000000, avanceR = 2.000000, avanceI = 2.000000
inc_x_r = 0.000000, inc_y_r = 1.000000, inc_x_i = 1.000000, inc_y_i = 1.000000
En el else......

----------------------------------------
x = 6.000000, y = 289.000000
avance = -323.000000, avanceR = 2.000000, avanceI = 2.000000
inc_x_r = 0.000000, inc_y_r = 1.000000, inc_x_i = 1.000000, inc_y_i = 1.000000
En el else......

----------------------------------------
x = 6.000000, y = 290.000000
avance = -321.000000, avanceR = 2.000000, avanceI = 2.000000
inc_x_r = 0.000000, inc_y_r = 1.000000, inc_x_i = 1.000000, inc_y_i = 1.000000
En el else......

----------------------------------------
x = 6.000000, y = 291.000000
avance = -319.000000, avanceR = 2.000000, avanceI = 2.000000
inc_x_r = 0.000000, inc_y_r = 1.000000, inc_x_i = 1.000000, inc_y_i = 1.000000
En el else......

----------------------------------------
x = 6.000000, y = 292.000000
avance = -317.000000, avanceR = 2.000000, avanceI = 2.000000
inc_x_r = 0.000000, inc_y_r = 1.000000, inc_x_i = 1.000000, inc_y_i = 1.000000
En el else......

----------------------------------------
x = 6.000000, y = 293.000000
avance = -315.000000, avanceR = 2.000000, avanceI = 2.000000
inc_x_r = 0.000000, inc_y_r = 1.000000, inc_x_i = 1.000000, inc_y_i = 1.000000
En el else......

----------------------------------------
x = 6.000000, y = 294.000000
avance = -313.000000, avanceR = 2.000000, avanceI = 2.000000
inc_x_r = 0.000000, inc_y_r = 1.000000, inc_x_i = 1.000000, inc_y_i = 1.000000
En el else......

----------------------------------------
x = 6.000000, y = 295.000000
avance = -311.000000, avanceR = 2.000000, avanceI = 2.000000
inc_x_r = 0.000000, inc_y_r = 1.000000, inc_x_i = 1.000000, inc_y_i = 1.000000
En el else......

----------------------------------------
x = 6.000000, y = 296.000000
avance = -309.000000, avanceR = 2.000000, avanceI = 2.000000
inc_x_r = 0.000000, inc_y_r = 1.000000, inc_x_i = 1.000000, inc_y_i = 1.000000
En el else......

----------------------------------------
x = 6.000000, y = 297.000000
avance = -307.000000, avanceR = 2.000000, avanceI = 2.000000
inc_x_r = 0.000000, inc_y_r = 1.000000, inc_x_i = 1.000000, inc_y_i = 1.000000
En el else......

----------------------------------------
x = 6.000000, y = 298.000000
avance = -305.000000, avanceR = 2.000000, avanceI = 2.000000
inc_x_r = 0.000000, inc_y_r = 1.000000, inc_x_i = 1.000000, inc_y_i = 1.000000
En el else......

----------------------------------------
x = 6.000000, y = 299.000000
avance = -303.000000, avanceR = 2.000000, avanceI = 2.000000
inc_x_r = 0.000000, inc_y_r = 1.000000, inc_x_i = 1.000000, inc_y_i = 1.000000
En el else......

----------------------------------------
x = 6.000000, y = 300.000000
avance = -301.000000, avanceR = 2.000000, avanceI = 2.000000
inc_x_r = 0.000000, inc_y_r = 1.000000, inc_x_i = 1.000000, inc_y_i = 1.000000
En el else......

----------------------------------------
x = 6.000000, y = 301.000000
avance = -299.000000, avanceR = 2.000000, avanceI = 2.000000
inc_x_r = 0.000000, inc_y_r = 1.000000, inc_x_i = 1.000000, inc_y_i = 1.000000
En el else......

----------------------------------------
x = 6.000000, y = 302.000000
avance = -297.000000, avanceR = 2.000000, avanceI = 2.000000
inc_x_r = 0.000000, inc_y_r = 1.000000, inc_x_i = 1.000000, inc_y_i = 1.000000
En el else......

----------------------------------------
x = 6.000000, y = 303.000000
avance = -295.000000, avanceR = 2.000000, avanceI = 2.000000
inc_x_r = 0.000000, inc_y_r = 1.000000, inc_x_i = 1.000000, inc_y_i = 1.000000
En el else......

----------------------------------------
x = 6.000000, y = 304.000000
avance = -293.000000, avanceR = 2.000000, avanceI = 2.000000
inc_x_r = 0.000000, inc_y_r = 1.000000, inc_x_i = 1.000000, inc_y_i = 1.000000
En el else......

----------------------------------------
x = 6.000000, y = 305.000000
avance = -291.000000, avanceR = 2.000000, avanceI = 2.000000
inc_x_r = 0.000000, inc_y_r = 1.000000, inc_x_i = 1.000000, inc_y_i = 1.000000
En el else......

----------------------------------------
x = 6.000000, y = 306.000000
avance = -289.000000, avanceR = 2.000000, avanceI = 2.000000
inc_x_r = 0.000000, inc_y_r = 1.000000, inc_x_i = 1.000000, inc_y_i = 1.000000
En el else......

----------------------------------------
x = 6.000000, y = 307.000000
avance = -287.000000, avanceR = 2.000000, avanceI = 2.000000
inc_x_r = 0.000000, inc_y_r = 1.000000, inc_x_i = 1.000000, inc_y_i = 1.000000
En el else......

----------------------------------------
x = 6.000000, y = 308.000000
avance = -285.000000, avanceR = 2.000000, avanceI = 2.000000
inc_x_r = 0.000000, inc_y_r = 1.000000, inc_x_i = 1.000000, inc_y_i = 1.000000
En el else......

----------------------------------------
x = 6.000000, y = 309.000000
avance = -283.000000, avanceR = 2.000000, avanceI = 2.000000
inc_x_r = 0.000000, inc_y_r = 1.000000, inc_x_i = 1.000000, inc_y_i = 1.000000
En el else......

----------------------------------------
x = 6.000000, y = 310.000000
avance = -281.000000, avanceR = 2.000000, avanceI = 2.000000
inc_x_r = 0.000000, inc_y_r = 1.000000, inc_x_i = 1.000000, inc_y_i = 1.000000
En el else......

----------------------------------------
x = 6.000000, y = 311.000000
avance = -279.000000, avanceR = 2.000000, avanceI = 2.000000
inc_x_r = 0.000000, inc_y_r = 1.000000, inc_x_i = 1.000000, inc_y_i = 1.000000
En el else......

----------------------------------------
x = 6.000000, y = 312.000000
avance = -277.000000, avanceR = 2.000000, avanceI = 2.000000
inc_x_r = 0.000000, inc_y_r = 1.000000, inc_x_i = 1.000000, inc_y_i = 1.000000
En el else......

----------------------------------------
x = 6.000000, y = 313.000000
avance = -275.000000, avanceR = 2.000000, avanceI = 2.000000
inc_x_r = 0.000000, inc_y_r = 1.000000, inc_x_i = 1.000000, inc_y_i = 1.000000
En el else......

----------------------------------------
x = 6.000000, y = 314.000000
avance = -273.000000, avanceR = 2.000000, avanceI = 2.000000
inc_x_r = 0.000000, inc_y_r = 1.000000, inc_x_i = 1.000000, inc_y_i = 1.000000
En el else......

----------------------------------------
x = 6.000000, y = 315.000000
avance = -271.000000, avanceR = 2.000000, avanceI = 2.000000
inc_x_r = 0.000000, inc_y_r = 1.000000, inc_x_i = 1.000000, inc_y_i = 1.000000
En el else......

----------------------------------------
x = 6.000000, y = 316.000000
avance = -269.000000, avanceR = 2.000000, avanceI = 2.000000
inc_x_r = 0.000000, inc_y_r = 1.000000, inc_x_i = 1.000000, inc_y_i = 1.000000
En el else......

----------------------------------------
x = 6.000000, y = 317.000000
avance = -267.000000, avanceR = 2.000000, avanceI = 2.000000
inc_x_r = 0.000000, inc_y_r = 1.000000, inc_x_i = 1.000000, inc_y_i = 1.000000
En el else......

----------------------------------------
x = 6.000000, y = 318.000000
avance = -265.000000, avanceR = 2.000000, avanceI = 2.000000
inc_x_r = 0.000000, inc_y_r = 1.000000, inc_x_i = 1.000000, inc_y_i = 1.000000
En el else......

----------------------------------------
x = 6.000000, y = 319.000000
avance = -263.000000, avanceR = 2.000000, avanceI = 2.000000
inc_x_r = 0.000000, inc_y_r = 1.000000, inc_x_i = 1.000000, inc_y_i = 1.000000
En el else......

----------------------------------------
x = 6.000000, y = 320.000000
avance = -261.000000, avanceR = 2.000000, avanceI = 2.000000
inc_x_r = 0.000000, inc_y_r = 1.000000, inc_x_i = 1.000000, inc_y_i = 1.000000
En el else......

----------------------------------------
x = 6.000000, y = 321.000000
avance = -259.000000, avanceR = 2.000000, avanceI = 2.000000
inc_x_r = 0.000000, inc_y_r = 1.000000, inc_x_i = 1.000000, inc_y_i = 1.000000
En el else......

----------------------------------------
x = 6.000000, y = 322.000000
avance = -257.000000, avanceR = 2.000000, avanceI = 2.000000
inc_x_r = 0.000000, inc_y_r = 1.000000, inc_x_i = 1.000000, inc_y_i = 1.000000
En el else......

----------------------------------------
x = 6.000000, y = 323.000000
avance = -255.000000, avanceR = 2.000000, avanceI = 2.000000
inc_x_r = 0.000000, inc_y_r = 1.000000, inc_x_i = 1.000000, inc_y_i = 1.000000
En el else......

----------------------------------------
x = 6.000000, y = 324.000000
avance = -253.000000, avanceR = 2.000000, avanceI = 2.000000
inc_x_r = 0.000000, inc_y_r = 1.000000, inc_x_i = 1.000000, inc_y_i = 1.000000
En el else......

----------------------------------------
x = 6.000000, y = 325.000000
avance = -251.000000, avanceR = 2.000000, avanceI = 2.000000
inc_x_r = 0.000000, inc_y_r = 1.000000, inc_x_i = 1.000000, inc_y_i = 1.000000
En el else......

----------------------------------------


ENTRAMOS A BRESENHAMªªªª
x1 = 5.000000 - y1 = 75.000000 || x2 = 6.000000 - y2 = 326.000000
dy = 251.000000, dx = 1.000000
avances inclinados: inc_x_i = 1.000000, inc_y_i = 1.000000
updated: dy = 251.000000, dx = 1.000000
avances rectos: inc_x_r = 0.000000, inc_y_r 1.000000
reupdated: dy = 1.000000, dx = 251.000000
avanceR = 2.000000, avance -249.000000, avanceI 2.000000
----------------------------------------
x = 5.000000, y = 75.000000
avance = -249.000000, avanceR = 2.000000, avanceI = 2.000000
inc_x_r = 0.000000, inc_y_r = 1.000000, inc_x_i = 1.000000, inc_y_i = 1.000000
En el else......

----------------------------------------
x = 5.000000, y = 76.000000
avance = -247.000000, avanceR = 2.000000, avanceI = 2.000000
inc_x_r = 0.000000, inc_y_r = 1.000000, inc_x_i = 1.000000, inc_y_i = 1.000000
En el else......

----------------------------------------
x = 5.000000, y = 77.000000
avance = -245.000000, avanceR = 2.000000, avanceI = 2.000000
inc_x_r = 0.000000, inc_y_r = 1.000000, inc_x_i = 1.000000, inc_y_i = 1.000000
En el else......

----------------------------------------
x = 5.000000, y = 78.000000
avance = -243.000000, avanceR = 2.000000, avanceI = 2.000000
inc_x_r = 0.000000, inc_y_r = 1.000000, inc_x_i = 1.000000, inc_y_i = 1.000000
En el else......

----------------------------------------
x = 5.000000, y = 79.000000
avance = -241.000000, avanceR = 2.000000, avanceI = 2.000000
inc_x_r = 0.000000, inc_y_r = 1.000000, inc_x_i = 1.000000, inc_y_i = 1.000000
En el else......

----------------------------------------
x = 5.000000, y = 80.000000
avance = -239.000000, avanceR = 2.000000, avanceI = 2.000000
inc_x_r = 0.000000, inc_y_r = 1.000000, inc_x_i = 1.000000, inc_y_i = 1.000000
En el else......

----------------------------------------
x = 5.000000, y = 81.000000
avance = -237.000000, avanceR = 2.000000, avanceI = 2.000000
inc_x_r = 0.000000, inc_y_r = 1.000000, inc_x_i = 1.000000, inc_y_i = 1.000000
En el else......

----------------------------------------
x = 5.000000, y = 82.000000
avance = -235.000000, avanceR = 2.000000, avanceI = 2.000000
inc_x_r = 0.000000, inc_y_r = 1.000000, inc_x_i = 1.000000, inc_y_i = 1.000000
En el else......

----------------------------------------
x = 5.000000, y = 83.000000
avance = -233.000000, avanceR = 2.000000, avanceI = 2.000000
inc_x_r = 0.000000, inc_y_r = 1.000000, inc_x_i = 1.000000, inc_y_i = 1.000000
En el else......

----------------------------------------
x = 5.000000, y = 84.000000
avance = -231.000000, avanceR = 2.000000, avanceI = 2.000000
inc_x_r = 0.000000, inc_y_r = 1.000000, inc_x_i = 1.000000, inc_y_i = 1.000000
En el else......

----------------------------------------
x = 5.000000, y = 85.000000
avance = -229.000000, avanceR = 2.000000, avanceI = 2.000000
inc_x_r = 0.000000, inc_y_r = 1.000000, inc_x_i = 1.000000, inc_y_i = 1.000000
En el else......

----------------------------------------
x = 5.000000, y = 86.000000
avance = -227.000000, avanceR = 2.000000, avanceI = 2.000000
inc_x_r = 0.000000, inc_y_r = 1.000000, inc_x_i = 1.000000, inc_y_i = 1.000000
En el else......

----------------------------------------
x = 5.000000, y = 87.000000
avance = -225.000000, avanceR = 2.000000, avanceI = 2.000000
inc_x_r = 0.000000, inc_y_r = 1.000000, inc_x_i = 1.000000, inc_y_i = 1.000000
En el else......

----------------------------------------
x = 5.000000, y = 88.000000
avance = -223.000000, avanceR = 2.000000, avanceI = 2.000000
inc_x_r = 0.000000, inc_y_r = 1.000000, inc_x_i = 1.000000, inc_y_i = 1.000000
En el else......

----------------------------------------
x = 5.000000, y = 89.000000
avance = -221.000000, avanceR = 2.000000, avanceI = 2.000000
inc_x_r = 0.000000, inc_y_r = 1.000000, inc_x_i = 1.000000, inc_y_i = 1.000000
En el else......

----------------------------------------
x = 5.000000, y = 90.000000
avance = -219.000000, avanceR = 2.000000, avanceI = 2.000000
inc_x_r = 0.000000, inc_y_r = 1.000000, inc_x_i = 1.000000, inc_y_i = 1.000000
En el else......

----------------------------------------
x = 5.000000, y = 91.000000
avance = -217.000000, avanceR = 2.000000, avanceI = 2.000000
inc_x_r = 0.000000, inc_y_r = 1.000000, inc_x_i = 1.000000, inc_y_i = 1.000000
En el else......

----------------------------------------
x = 5.000000, y = 92.000000
avance = -215.000000, avanceR = 2.000000, avanceI = 2.000000
inc_x_r = 0.000000, inc_y_r = 1.000000, inc_x_i = 1.000000, inc_y_i = 1.000000
En el else......

----------------------------------------
x = 5.000000, y = 93.000000
avance = -213.000000, avanceR = 2.000000, avanceI = 2.000000
inc_x_r = 0.000000, inc_y_r = 1.000000, inc_x_i = 1.000000, inc_y_i = 1.000000
En el else......

----------------------------------------
x = 5.000000, y = 94.000000
avance = -211.000000, avanceR = 2.000000, avanceI = 2.000000
inc_x_r = 0.000000, inc_y_r = 1.000000, inc_x_i = 1.000000, inc_y_i = 1.000000
En el else......

----------------------------------------
x = 5.000000, y = 95.000000
avance = -209.000000, avanceR = 2.000000, avanceI = 2.000000
inc_x_r = 0.000000, inc_y_r = 1.000000, inc_x_i = 1.000000, inc_y_i = 1.000000
En el else......

----------------------------------------
x = 5.000000, y = 96.000000
avance = -207.000000, avanceR = 2.000000, avanceI = 2.000000
inc_x_r = 0.000000, inc_y_r = 1.000000, inc_x_i = 1.000000, inc_y_i = 1.000000
En el else......

----------------------------------------
x = 5.000000, y = 97.000000
avance = -205.000000, avanceR = 2.000000, avanceI = 2.000000
inc_x_r = 0.000000, inc_y_r = 1.000000, inc_x_i = 1.000000, inc_y_i = 1.000000
En el else......

----------------------------------------
x = 5.000000, y = 98.000000
avance = -203.000000, avanceR = 2.000000, avanceI = 2.000000
inc_x_r = 0.000000, inc_y_r = 1.000000, inc_x_i = 1.000000, inc_y_i = 1.000000
En el else......

----------------------------------------
x = 5.000000, y = 99.000000
avance = -201.000000, avanceR = 2.000000, avanceI = 2.000000
inc_x_r = 0.000000, inc_y_r = 1.000000, inc_x_i = 1.000000, inc_y_i = 1.000000
En el else......

----------------------------------------
x = 5.000000, y = 100.000000
avance = -199.000000, avanceR = 2.000000, avanceI = 2.000000
inc_x_r = 0.000000, inc_y_r = 1.000000, inc_x_i = 1.000000, inc_y_i = 1.000000
En el else......

----------------------------------------
x = 5.000000, y = 101.000000
avance = -197.000000, avanceR = 2.000000, avanceI = 2.000000
inc_x_r = 0.000000, inc_y_r = 1.000000, inc_x_i = 1.000000, inc_y_i = 1.000000
En el else......

----------------------------------------
x = 5.000000, y = 102.000000
avance = -195.000000, avanceR = 2.000000, avanceI = 2.000000
inc_x_r = 0.000000, inc_y_r = 1.000000, inc_x_i = 1.000000, inc_y_i = 1.000000
En el else......

----------------------------------------
x = 5.000000, y = 103.000000
avance = -193.000000, avanceR = 2.000000, avanceI = 2.000000
inc_x_r = 0.000000, inc_y_r = 1.000000, inc_x_i = 1.000000, inc_y_i = 1.000000
En el else......

----------------------------------------
x = 5.000000, y = 104.000000
avance = -191.000000, avanceR = 2.000000, avanceI = 2.000000
inc_x_r = 0.000000, inc_y_r = 1.000000, inc_x_i = 1.000000, inc_y_i = 1.000000
En el else......

----------------------------------------
x = 5.000000, y = 105.000000
avance = -189.000000, avanceR = 2.000000, avanceI = 2.000000
inc_x_r = 0.000000, inc_y_r = 1.000000, inc_x_i = 1.000000, inc_y_i = 1.000000
En el else......

----------------------------------------
x = 5.000000, y = 106.000000
avance = -187.000000, avanceR = 2.000000, avanceI = 2.000000
inc_x_r = 0.000000, inc_y_r = 1.000000, inc_x_i = 1.000000, inc_y_i = 1.000000
En el else......

----------------------------------------
x = 5.000000, y = 107.000000
avance = -185.000000, avanceR = 2.000000, avanceI = 2.000000
inc_x_r = 0.000000, inc_y_r = 1.000000, inc_x_i = 1.000000, inc_y_i = 1.000000
En el else......

----------------------------------------
x = 5.000000, y = 108.000000
avance = -183.000000, avanceR = 2.000000, avanceI = 2.000000
inc_x_r = 0.000000, inc_y_r = 1.000000, inc_x_i = 1.000000, inc_y_i = 1.000000
En el else......

----------------------------------------
x = 5.000000, y = 109.000000
avance = -181.000000, avanceR = 2.000000, avanceI = 2.000000
inc_x_r = 0.000000, inc_y_r = 1.000000, inc_x_i = 1.000000, inc_y_i = 1.000000
En el else......

----------------------------------------
x = 5.000000, y = 110.000000
avance = -179.000000, avanceR = 2.000000, avanceI = 2.000000
inc_x_r = 0.000000, inc_y_r = 1.000000, inc_x_i = 1.000000, inc_y_i = 1.000000
En el else......

----------------------------------------
x = 5.000000, y = 111.000000
avance = -177.000000, avanceR = 2.000000, avanceI = 2.000000
inc_x_r = 0.000000, inc_y_r = 1.000000, inc_x_i = 1.000000, inc_y_i = 1.000000
En el else......

----------------------------------------
x = 5.000000, y = 112.000000
avance = -175.000000, avanceR = 2.000000, avanceI = 2.000000
inc_x_r = 0.000000, inc_y_r = 1.000000, inc_x_i = 1.000000, inc_y_i = 1.000000
En el else......

----------------------------------------
x = 5.000000, y = 113.000000
avance = -173.000000, avanceR = 2.000000, avanceI = 2.000000
inc_x_r = 0.000000, inc_y_r = 1.000000, inc_x_i = 1.000000, inc_y_i = 1.000000
En el else......

----------------------------------------
x = 5.000000, y = 114.000000
avance = -171.000000, avanceR = 2.000000, avanceI = 2.000000
inc_x_r = 0.000000, inc_y_r = 1.000000, inc_x_i = 1.000000, inc_y_i = 1.000000
En el else......

----------------------------------------
x = 5.000000, y = 115.000000
avance = -169.000000, avanceR = 2.000000, avanceI = 2.000000
inc_x_r = 0.000000, inc_y_r = 1.000000, inc_x_i = 1.000000, inc_y_i = 1.000000
En el else......

----------------------------------------
x = 5.000000, y = 116.000000
avance = -167.000000, avanceR = 2.000000, avanceI = 2.000000
inc_x_r = 0.000000, inc_y_r = 1.000000, inc_x_i = 1.000000, inc_y_i = 1.000000
En el else......

----------------------------------------
x = 5.000000, y = 117.000000
avance = -165.000000, avanceR = 2.000000, avanceI = 2.000000
inc_x_r = 0.000000, inc_y_r = 1.000000, inc_x_i = 1.000000, inc_y_i = 1.000000
En el else......

----------------------------------------
x = 5.000000, y = 118.000000
avance = -163.000000, avanceR = 2.000000, avanceI = 2.000000
inc_x_r = 0.000000, inc_y_r = 1.000000, inc_x_i = 1.000000, inc_y_i = 1.000000
En el else......

----------------------------------------
x = 5.000000, y = 119.000000
avance = -161.000000, avanceR = 2.000000, avanceI = 2.000000
inc_x_r = 0.000000, inc_y_r = 1.000000, inc_x_i = 1.000000, inc_y_i = 1.000000
En el else......

----------------------------------------
x = 5.000000, y = 120.000000
avance = -159.000000, avanceR = 2.000000, avanceI = 2.000000
inc_x_r = 0.000000, inc_y_r = 1.000000, inc_x_i = 1.000000, inc_y_i = 1.000000
En el else......

----------------------------------------
x = 5.000000, y = 121.000000
avance = -157.000000, avanceR = 2.000000, avanceI = 2.000000
inc_x_r = 0.000000, inc_y_r = 1.000000, inc_x_i = 1.000000, inc_y_i = 1.000000
En el else......

----------------------------------------
x = 5.000000, y = 122.000000
avance = -155.000000, avanceR = 2.000000, avanceI = 2.000000
inc_x_r = 0.000000, inc_y_r = 1.000000, inc_x_i = 1.000000, inc_y_i = 1.000000
En el else......

----------------------------------------
x = 5.000000, y = 123.000000
avance = -153.000000, avanceR = 2.000000, avanceI = 2.000000
inc_x_r = 0.000000, inc_y_r = 1.000000, inc_x_i = 1.000000, inc_y_i = 1.000000
En el else......

----------------------------------------
x = 5.000000, y = 124.000000
avance = -151.000000, avanceR = 2.000000, avanceI = 2.000000
inc_x_r = 0.000000, inc_y_r = 1.000000, inc_x_i = 1.000000, inc_y_i = 1.000000
En el else......

----------------------------------------
x = 5.000000, y = 125.000000
avance = -149.000000, avanceR = 2.000000, avanceI = 2.000000
inc_x_r = 0.000000, inc_y_r = 1.000000, inc_x_i = 1.000000, inc_y_i = 1.000000
En el else......

----------------------------------------
x = 5.000000, y = 126.000000
avance = -147.000000, avanceR = 2.000000, avanceI = 2.000000
inc_x_r = 0.000000, inc_y_r = 1.000000, inc_x_i = 1.000000, inc_y_i = 1.000000
En el else......

----------------------------------------
x = 5.000000, y = 127.000000
avance = -145.000000, avanceR = 2.000000, avanceI = 2.000000
inc_x_r = 0.000000, inc_y_r = 1.000000, inc_x_i = 1.000000, inc_y_i = 1.000000
En el else......

----------------------------------------
x = 5.000000, y = 128.000000
avance = -143.000000, avanceR = 2.000000, avanceI = 2.000000
inc_x_r = 0.000000, inc_y_r = 1.000000, inc_x_i = 1.000000, inc_y_i = 1.000000
En el else......

----------------------------------------
x = 5.000000, y = 129.000000
avance = -141.000000, avanceR = 2.000000, avanceI = 2.000000
inc_x_r = 0.000000, inc_y_r = 1.000000, inc_x_i = 1.000000, inc_y_i = 1.000000
En el else......

----------------------------------------
x = 5.000000, y = 130.000000
avance = -139.000000, avanceR = 2.000000, avanceI = 2.000000
inc_x_r = 0.000000, inc_y_r = 1.000000, inc_x_i = 1.000000, inc_y_i = 1.000000
En el else......

----------------------------------------
x = 5.000000, y = 131.000000
avance = -137.000000, avanceR = 2.000000, avanceI = 2.000000
inc_x_r = 0.000000, inc_y_r = 1.000000, inc_x_i = 1.000000, inc_y_i = 1.000000
En el else......

----------------------------------------
x = 5.000000, y = 132.000000
avance = -135.000000, avanceR = 2.000000, avanceI = 2.000000
inc_x_r = 0.000000, inc_y_r = 1.000000, inc_x_i = 1.000000, inc_y_i = 1.000000
En el else......

----------------------------------------
x = 5.000000, y = 133.000000
avance = -133.000000, avanceR = 2.000000, avanceI = 2.000000
inc_x_r = 0.000000, inc_y_r = 1.000000, inc_x_i = 1.000000, inc_y_i = 1.000000
En el else......

----------------------------------------
x = 5.000000, y = 134.000000
avance = -131.000000, avanceR = 2.000000, avanceI = 2.000000
inc_x_r = 0.000000, inc_y_r = 1.000000, inc_x_i = 1.000000, inc_y_i = 1.000000
En el else......

----------------------------------------
x = 5.000000, y = 135.000000
avance = -129.000000, avanceR = 2.000000, avanceI = 2.000000
inc_x_r = 0.000000, inc_y_r = 1.000000, inc_x_i = 1.000000, inc_y_i = 1.000000
En el else......

----------------------------------------
x = 5.000000, y = 136.000000
avance = -127.000000, avanceR = 2.000000, avanceI = 2.000000
inc_x_r = 0.000000, inc_y_r = 1.000000, inc_x_i = 1.000000, inc_y_i = 1.000000
En el else......

----------------------------------------
x = 5.000000, y = 137.000000
avance = -125.000000, avanceR = 2.000000, avanceI = 2.000000
inc_x_r = 0.000000, inc_y_r = 1.000000, inc_x_i = 1.000000, inc_y_i = 1.000000
En el else......

----------------------------------------
x = 5.000000, y = 138.000000
avance = -123.000000, avanceR = 2.000000, avanceI = 2.000000
inc_x_r = 0.000000, inc_y_r = 1.000000, inc_x_i = 1.000000, inc_y_i = 1.000000
En el else......

----------------------------------------
x = 5.000000, y = 139.000000
avance = -121.000000, avanceR = 2.000000, avanceI = 2.000000
inc_x_r = 0.000000, inc_y_r = 1.000000, inc_x_i = 1.000000, inc_y_i = 1.000000
En el else......

----------------------------------------
x = 5.000000, y = 140.000000
avance = -119.000000, avanceR = 2.000000, avanceI = 2.000000
inc_x_r = 0.000000, inc_y_r = 1.000000, inc_x_i = 1.000000, inc_y_i = 1.000000
En el else......

----------------------------------------
x = 5.000000, y = 141.000000
avance = -117.000000, avanceR = 2.000000, avanceI = 2.000000
inc_x_r = 0.000000, inc_y_r = 1.000000, inc_x_i = 1.000000, inc_y_i = 1.000000
En el else......

----------------------------------------
x = 5.000000, y = 142.000000
avance = -115.000000, avanceR = 2.000000, avanceI = 2.000000
inc_x_r = 0.000000, inc_y_r = 1.000000, inc_x_i = 1.000000, inc_y_i = 1.000000
En el else......

----------------------------------------
x = 5.000000, y = 143.000000
avance = -113.000000, avanceR = 2.000000, avanceI = 2.000000
inc_x_r = 0.000000, inc_y_r = 1.000000, inc_x_i = 1.000000, inc_y_i = 1.000000
En el else......

----------------------------------------
x = 5.000000, y = 144.000000
avance = -111.000000, avanceR = 2.000000, avanceI = 2.000000
inc_x_r = 0.000000, inc_y_r = 1.000000, inc_x_i = 1.000000, inc_y_i = 1.000000
En el else......

----------------------------------------
x = 5.000000, y = 145.000000
avance = -109.000000, avanceR = 2.000000, avanceI = 2.000000
inc_x_r = 0.000000, inc_y_r = 1.000000, inc_x_i = 1.000000, inc_y_i = 1.000000
En el else......

----------------------------------------
x = 5.000000, y = 146.000000
avance = -107.000000, avanceR = 2.000000, avanceI = 2.000000
inc_x_r = 0.000000, inc_y_r = 1.000000, inc_x_i = 1.000000, inc_y_i = 1.000000
En el else......

----------------------------------------
x = 5.000000, y = 147.000000
avance = -105.000000, avanceR = 2.000000, avanceI = 2.000000
inc_x_r = 0.000000, inc_y_r = 1.000000, inc_x_i = 1.000000, inc_y_i = 1.000000
En el else......

----------------------------------------
x = 5.000000, y = 148.000000
avance = -103.000000, avanceR = 2.000000, avanceI = 2.000000
inc_x_r = 0.000000, inc_y_r = 1.000000, inc_x_i = 1.000000, inc_y_i = 1.000000
En el else......

----------------------------------------
x = 5.000000, y = 149.000000
avance = -101.000000, avanceR = 2.000000, avanceI = 2.000000
inc_x_r = 0.000000, inc_y_r = 1.000000, inc_x_i = 1.000000, inc_y_i = 1.000000
En el else......

----------------------------------------
x = 5.000000, y = 150.000000
avance = -99.000000, avanceR = 2.000000, avanceI = 2.000000
inc_x_r = 0.000000, inc_y_r = 1.000000, inc_x_i = 1.000000, inc_y_i = 1.000000
En el else......

----------------------------------------
x = 5.000000, y = 151.000000
avance = -97.000000, avanceR = 2.000000, avanceI = 2.000000
inc_x_r = 0.000000, inc_y_r = 1.000000, inc_x_i = 1.000000, inc_y_i = 1.000000
En el else......

----------------------------------------
x = 5.000000, y = 152.000000
avance = -95.000000, avanceR = 2.000000, avanceI = 2.000000
inc_x_r = 0.000000, inc_y_r = 1.000000, inc_x_i = 1.000000, inc_y_i = 1.000000
En el else......

----------------------------------------
x = 5.000000, y = 153.000000
avance = -93.000000, avanceR = 2.000000, avanceI = 2.000000
inc_x_r = 0.000000, inc_y_r = 1.000000, inc_x_i = 1.000000, inc_y_i = 1.000000
En el else......

----------------------------------------
x = 5.000000, y = 154.000000
avance = -91.000000, avanceR = 2.000000, avanceI = 2.000000
inc_x_r = 0.000000, inc_y_r = 1.000000, inc_x_i = 1.000000, inc_y_i = 1.000000
En el else......

----------------------------------------
x = 5.000000, y = 155.000000
avance = -89.000000, avanceR = 2.000000, avanceI = 2.000000
inc_x_r = 0.000000, inc_y_r = 1.000000, inc_x_i = 1.000000, inc_y_i = 1.000000
En el else......

----------------------------------------
x = 5.000000, y = 156.000000
avance = -87.000000, avanceR = 2.000000, avanceI = 2.000000
inc_x_r = 0.000000, inc_y_r = 1.000000, inc_x_i = 1.000000, inc_y_i = 1.000000
En el else......

----------------------------------------
x = 5.000000, y = 157.000000
avance = -85.000000, avanceR = 2.000000, avanceI = 2.000000
inc_x_r = 0.000000, inc_y_r = 1.000000, inc_x_i = 1.000000, inc_y_i = 1.000000
En el else......

----------------------------------------
x = 5.000000, y = 158.000000
avance = -83.000000, avanceR = 2.000000, avanceI = 2.000000
inc_x_r = 0.000000, inc_y_r = 1.000000, inc_x_i = 1.000000, inc_y_i = 1.000000
En el else......

----------------------------------------
x = 5.000000, y = 159.000000
avance = -81.000000, avanceR = 2.000000, avanceI = 2.000000
inc_x_r = 0.000000, inc_y_r = 1.000000, inc_x_i = 1.000000, inc_y_i = 1.000000
En el else......

----------------------------------------
x = 5.000000, y = 160.000000
avance = -79.000000, avanceR = 2.000000, avanceI = 2.000000
inc_x_r = 0.000000, inc_y_r = 1.000000, inc_x_i = 1.000000, inc_y_i = 1.000000
En el else......

----------------------------------------
x = 5.000000, y = 161.000000
avance = -77.000000, avanceR = 2.000000, avanceI = 2.000000
inc_x_r = 0.000000, inc_y_r = 1.000000, inc_x_i = 1.000000, inc_y_i = 1.000000
En el else......

----------------------------------------
x = 5.000000, y = 162.000000
avance = -75.000000, avanceR = 2.000000, avanceI = 2.000000
inc_x_r = 0.000000, inc_y_r = 1.000000, inc_x_i = 1.000000, inc_y_i = 1.000000
En el else......

----------------------------------------
x = 5.000000, y = 163.000000
avance = -73.000000, avanceR = 2.000000, avanceI = 2.000000
inc_x_r = 0.000000, inc_y_r = 1.000000, inc_x_i = 1.000000, inc_y_i = 1.000000
En el else......

----------------------------------------
x = 5.000000, y = 164.000000
avance = -71.000000, avanceR = 2.000000, avanceI = 2.000000
inc_x_r = 0.000000, inc_y_r = 1.000000, inc_x_i = 1.000000, inc_y_i = 1.000000
En el else......

----------------------------------------
x = 5.000000, y = 165.000000
avance = -69.000000, avanceR = 2.000000, avanceI = 2.000000
inc_x_r = 0.000000, inc_y_r = 1.000000, inc_x_i = 1.000000, inc_y_i = 1.000000
En el else......

----------------------------------------
x = 5.000000, y = 166.000000
avance = -67.000000, avanceR = 2.000000, avanceI = 2.000000
inc_x_r = 0.000000, inc_y_r = 1.000000, inc_x_i = 1.000000, inc_y_i = 1.000000
En el else......

----------------------------------------
x = 5.000000, y = 167.000000
avance = -65.000000, avanceR = 2.000000, avanceI = 2.000000
inc_x_r = 0.000000, inc_y_r = 1.000000, inc_x_i = 1.000000, inc_y_i = 1.000000
En el else......

----------------------------------------
x = 5.000000, y = 168.000000
avance = -63.000000, avanceR = 2.000000, avanceI = 2.000000
inc_x_r = 0.000000, inc_y_r = 1.000000, inc_x_i = 1.000000, inc_y_i = 1.000000
En el else......

----------------------------------------
x = 5.000000, y = 169.000000
avance = -61.000000, avanceR = 2.000000, avanceI = 2.000000
inc_x_r = 0.000000, inc_y_r = 1.000000, inc_x_i = 1.000000, inc_y_i = 1.000000
En el else......

----------------------------------------
x = 5.000000, y = 170.000000
avance = -59.000000, avanceR = 2.000000, avanceI = 2.000000
inc_x_r = 0.000000, inc_y_r = 1.000000, inc_x_i = 1.000000, inc_y_i = 1.000000
En el else......

----------------------------------------
x = 5.000000, y = 171.000000
avance = -57.000000, avanceR = 2.000000, avanceI = 2.000000
inc_x_r = 0.000000, inc_y_r = 1.000000, inc_x_i = 1.000000, inc_y_i = 1.000000
En el else......

----------------------------------------
x = 5.000000, y = 172.000000
avance = -55.000000, avanceR = 2.000000, avanceI = 2.000000
inc_x_r = 0.000000, inc_y_r = 1.000000, inc_x_i = 1.000000, inc_y_i = 1.000000
En el else......

----------------------------------------
x = 5.000000, y = 173.000000
avance = -53.000000, avanceR = 2.000000, avanceI = 2.000000
inc_x_r = 0.000000, inc_y_r = 1.000000, inc_x_i = 1.000000, inc_y_i = 1.000000
En el else......

----------------------------------------
x = 5.000000, y = 174.000000
avance = -51.000000, avanceR = 2.000000, avanceI = 2.000000
inc_x_r = 0.000000, inc_y_r = 1.000000, inc_x_i = 1.000000, inc_y_i = 1.000000
En el else......

----------------------------------------
x = 5.000000, y = 175.000000
avance = -49.000000, avanceR = 2.000000, avanceI = 2.000000
inc_x_r = 0.000000, inc_y_r = 1.000000, inc_x_i = 1.000000, inc_y_i = 1.000000
En el else......

----------------------------------------
x = 5.000000, y = 176.000000
avance = -47.000000, avanceR = 2.000000, avanceI = 2.000000
inc_x_r = 0.000000, inc_y_r = 1.000000, inc_x_i = 1.000000, inc_y_i = 1.000000
En el else......

----------------------------------------
x = 5.000000, y = 177.000000
avance = -45.000000, avanceR = 2.000000, avanceI = 2.000000
inc_x_r = 0.000000, inc_y_r = 1.000000, inc_x_i = 1.000000, inc_y_i = 1.000000
En el else......

----------------------------------------
x = 5.000000, y = 178.000000
avance = -43.000000, avanceR = 2.000000, avanceI = 2.000000
inc_x_r = 0.000000, inc_y_r = 1.000000, inc_x_i = 1.000000, inc_y_i = 1.000000
En el else......

----------------------------------------
x = 5.000000, y = 179.000000
avance = -41.000000, avanceR = 2.000000, avanceI = 2.000000
inc_x_r = 0.000000, inc_y_r = 1.000000, inc_x_i = 1.000000, inc_y_i = 1.000000
En el else......

----------------------------------------
x = 5.000000, y = 180.000000
avance = -39.000000, avanceR = 2.000000, avanceI = 2.000000
inc_x_r = 0.000000, inc_y_r = 1.000000, inc_x_i = 1.000000, inc_y_i = 1.000000
En el else......

----------------------------------------
x = 5.000000, y = 181.000000
avance = -37.000000, avanceR = 2.000000, avanceI = 2.000000
inc_x_r = 0.000000, inc_y_r = 1.000000, inc_x_i = 1.000000, inc_y_i = 1.000000
En el else......

----------------------------------------
x = 5.000000, y = 182.000000
avance = -35.000000, avanceR = 2.000000, avanceI = 2.000000
inc_x_r = 0.000000, inc_y_r = 1.000000, inc_x_i = 1.000000, inc_y_i = 1.000000
En el else......

----------------------------------------
x = 5.000000, y = 183.000000
avance = -33.000000, avanceR = 2.000000, avanceI = 2.000000
inc_x_r = 0.000000, inc_y_r = 1.000000, inc_x_i = 1.000000, inc_y_i = 1.000000
En el else......

----------------------------------------
x = 5.000000, y = 184.000000
avance = -31.000000, avanceR = 2.000000, avanceI = 2.000000
inc_x_r = 0.000000, inc_y_r = 1.000000, inc_x_i = 1.000000, inc_y_i = 1.000000
En el else......

----------------------------------------
x = 5.000000, y = 185.000000
avance = -29.000000, avanceR = 2.000000, avanceI = 2.000000
inc_x_r = 0.000000, inc_y_r = 1.000000, inc_x_i = 1.000000, inc_y_i = 1.000000
En el else......

----------------------------------------
x = 5.000000, y = 186.000000
avance = -27.000000, avanceR = 2.000000, avanceI = 2.000000
inc_x_r = 0.000000, inc_y_r = 1.000000, inc_x_i = 1.000000, inc_y_i = 1.000000
En el else......

----------------------------------------
x = 5.000000, y = 187.000000
avance = -25.000000, avanceR = 2.000000, avanceI = 2.000000
inc_x_r = 0.000000, inc_y_r = 1.000000, inc_x_i = 1.000000, inc_y_i = 1.000000
En el else......

----------------------------------------
x = 5.000000, y = 188.000000
avance = -23.000000, avanceR = 2.000000, avanceI = 2.000000
inc_x_r = 0.000000, inc_y_r = 1.000000, inc_x_i = 1.000000, inc_y_i = 1.000000
En el else......

----------------------------------------
x = 5.000000, y = 189.000000
avance = -21.000000, avanceR = 2.000000, avanceI = 2.000000
inc_x_r = 0.000000, inc_y_r = 1.000000, inc_x_i = 1.000000, inc_y_i = 1.000000
En el else......

----------------------------------------
x = 5.000000, y = 190.000000
avance = -19.000000, avanceR = 2.000000, avanceI = 2.000000
inc_x_r = 0.000000, inc_y_r = 1.000000, inc_x_i = 1.000000, inc_y_i = 1.000000
En el else......

----------------------------------------
x = 5.000000, y = 191.000000
avance = -17.000000, avanceR = 2.000000, avanceI = 2.000000
inc_x_r = 0.000000, inc_y_r = 1.000000, inc_x_i = 1.000000, inc_y_i = 1.000000
En el else......

----------------------------------------
x = 5.000000, y = 192.000000
avance = -15.000000, avanceR = 2.000000, avanceI = 2.000000
inc_x_r = 0.000000, inc_y_r = 1.000000, inc_x_i = 1.000000, inc_y_i = 1.000000
En el else......

----------------------------------------
x = 5.000000, y = 193.000000
avance = -13.000000, avanceR = 2.000000, avanceI = 2.000000
inc_x_r = 0.000000, inc_y_r = 1.000000, inc_x_i = 1.000000, inc_y_i = 1.000000
En el else......

----------------------------------------
x = 5.000000, y = 194.000000
avance = -11.000000, avanceR = 2.000000, avanceI = 2.000000
inc_x_r = 0.000000, inc_y_r = 1.000000, inc_x_i = 1.000000, inc_y_i = 1.000000
En el else......

----------------------------------------
x = 5.000000, y = 195.000000
avance = -9.000000, avanceR = 2.000000, avanceI = 2.000000
inc_x_r = 0.000000, inc_y_r = 1.000000, inc_x_i = 1.000000, inc_y_i = 1.000000
En el else......

----------------------------------------
x = 5.000000, y = 196.000000
avance = -7.000000, avanceR = 2.000000, avanceI = 2.000000
inc_x_r = 0.000000, inc_y_r = 1.000000, inc_x_i = 1.000000, inc_y_i = 1.000000
En el else......

----------------------------------------
x = 5.000000, y = 197.000000
avance = -5.000000, avanceR = 2.000000, avanceI = 2.000000
inc_x_r = 0.000000, inc_y_r = 1.000000, inc_x_i = 1.000000, inc_y_i = 1.000000
En el else......

----------------------------------------
x = 5.000000, y = 198.000000
avance = -3.000000, avanceR = 2.000000, avanceI = 2.000000
inc_x_r = 0.000000, inc_y_r = 1.000000, inc_x_i = 1.000000, inc_y_i = 1.000000
En el else......

----------------------------------------
x = 5.000000, y = 199.000000
avance = -1.000000, avanceR = 2.000000, avanceI = 2.000000
inc_x_r = 0.000000, inc_y_r = 1.000000, inc_x_i = 1.000000, inc_y_i = 1.000000
En el else......

----------------------------------------
x = 5.000000, y = 200.000000
avance = 1.000000, avanceR = 2.000000, avanceI = 2.000000
inc_x_r = 0.000000, inc_y_r = 1.000000, inc_x_i = 1.000000, inc_y_i = 1.000000
avance >= 0

----------------------------------------
x = 6.000000, y = 201.000000
avance = -499.000000, avanceR = 2.000000, avanceI = 2.000000
inc_x_r = 0.000000, inc_y_r = 1.000000, inc_x_i = 1.000000, inc_y_i = 1.000000
En el else......

----------------------------------------
x = 6.000000, y = 202.000000
avance = -497.000000, avanceR = 2.000000, avanceI = 2.000000
inc_x_r = 0.000000, inc_y_r = 1.000000, inc_x_i = 1.000000, inc_y_i = 1.000000
En el else......

----------------------------------------
x = 6.000000, y = 203.000000
avance = -495.000000, avanceR = 2.000000, avanceI = 2.000000
inc_x_r = 0.000000, inc_y_r = 1.000000, inc_x_i = 1.000000, inc_y_i = 1.000000
En el else......

----------------------------------------
x = 6.000000, y = 204.000000
avance = -493.000000, avanceR = 2.000000, avanceI = 2.000000
inc_x_r = 0.000000, inc_y_r = 1.000000, inc_x_i = 1.000000, inc_y_i = 1.000000
En el else......

----------------------------------------
x = 6.000000, y = 205.000000
avance = -491.000000, avanceR = 2.000000, avanceI = 2.000000
inc_x_r = 0.000000, inc_y_r = 1.000000, inc_x_i = 1.000000, inc_y_i = 1.000000
En el else......

----------------------------------------
x = 6.000000, y = 206.000000
avance = -489.000000, avanceR = 2.000000, avanceI = 2.000000
inc_x_r = 0.000000, inc_y_r = 1.000000, inc_x_i = 1.000000, inc_y_i = 1.000000
En el else......

----------------------------------------
x = 6.000000, y = 207.000000
avance = -487.000000, avanceR = 2.000000, avanceI = 2.000000
inc_x_r = 0.000000, inc_y_r = 1.000000, inc_x_i = 1.000000, inc_y_i = 1.000000
En el else......

----------------------------------------
x = 6.000000, y = 208.000000
avance = -485.000000, avanceR = 2.000000, avanceI = 2.000000
inc_x_r = 0.000000, inc_y_r = 1.000000, inc_x_i = 1.000000, inc_y_i = 1.000000
En el else......

----------------------------------------
x = 6.000000, y = 209.000000
avance = -483.000000, avanceR = 2.000000, avanceI = 2.000000
inc_x_r = 0.000000, inc_y_r = 1.000000, inc_x_i = 1.000000, inc_y_i = 1.000000
En el else......

----------------------------------------
x = 6.000000, y = 210.000000
avance = -481.000000, avanceR = 2.000000, avanceI = 2.000000
inc_x_r = 0.000000, inc_y_r = 1.000000, inc_x_i = 1.000000, inc_y_i = 1.000000
En el else......

----------------------------------------
x = 6.000000, y = 211.000000
avance = -479.000000, avanceR = 2.000000, avanceI = 2.000000
inc_x_r = 0.000000, inc_y_r = 1.000000, inc_x_i = 1.000000, inc_y_i = 1.000000
En el else......

----------------------------------------
x = 6.000000, y = 212.000000
avance = -477.000000, avanceR = 2.000000, avanceI = 2.000000
inc_x_r = 0.000000, inc_y_r = 1.000000, inc_x_i = 1.000000, inc_y_i = 1.000000
En el else......

----------------------------------------
x = 6.000000, y = 213.000000
avance = -475.000000, avanceR = 2.000000, avanceI = 2.000000
inc_x_r = 0.000000, inc_y_r = 1.000000, inc_x_i = 1.000000, inc_y_i = 1.000000
En el else......

----------------------------------------
x = 6.000000, y = 214.000000
avance = -473.000000, avanceR = 2.000000, avanceI = 2.000000
inc_x_r = 0.000000, inc_y_r = 1.000000, inc_x_i = 1.000000, inc_y_i = 1.000000
En el else......

----------------------------------------
x = 6.000000, y = 215.000000
avance = -471.000000, avanceR = 2.000000, avanceI = 2.000000
inc_x_r = 0.000000, inc_y_r = 1.000000, inc_x_i = 1.000000, inc_y_i = 1.000000
En el else......

----------------------------------------
x = 6.000000, y = 216.000000
avance = -469.000000, avanceR = 2.000000, avanceI = 2.000000
inc_x_r = 0.000000, inc_y_r = 1.000000, inc_x_i = 1.000000, inc_y_i = 1.000000
En el else......

----------------------------------------
x = 6.000000, y = 217.000000
avance = -467.000000, avanceR = 2.000000, avanceI = 2.000000
inc_x_r = 0.000000, inc_y_r = 1.000000, inc_x_i = 1.000000, inc_y_i = 1.000000
En el else......

----------------------------------------
x = 6.000000, y = 218.000000
avance = -465.000000, avanceR = 2.000000, avanceI = 2.000000
inc_x_r = 0.000000, inc_y_r = 1.000000, inc_x_i = 1.000000, inc_y_i = 1.000000
En el else......

----------------------------------------
x = 6.000000, y = 219.000000
avance = -463.000000, avanceR = 2.000000, avanceI = 2.000000
inc_x_r = 0.000000, inc_y_r = 1.000000, inc_x_i = 1.000000, inc_y_i = 1.000000
En el else......

----------------------------------------
x = 6.000000, y = 220.000000
avance = -461.000000, avanceR = 2.000000, avanceI = 2.000000
inc_x_r = 0.000000, inc_y_r = 1.000000, inc_x_i = 1.000000, inc_y_i = 1.000000
En el else......

----------------------------------------
x = 6.000000, y = 221.000000
avance = -459.000000, avanceR = 2.000000, avanceI = 2.000000
inc_x_r = 0.000000, inc_y_r = 1.000000, inc_x_i = 1.000000, inc_y_i = 1.000000
En el else......

----------------------------------------
x = 6.000000, y = 222.000000
avance = -457.000000, avanceR = 2.000000, avanceI = 2.000000
inc_x_r = 0.000000, inc_y_r = 1.000000, inc_x_i = 1.000000, inc_y_i = 1.000000
En el else......

----------------------------------------
x = 6.000000, y = 223.000000
avance = -455.000000, avanceR = 2.000000, avanceI = 2.000000
inc_x_r = 0.000000, inc_y_r = 1.000000, inc_x_i = 1.000000, inc_y_i = 1.000000
En el else......

----------------------------------------
x = 6.000000, y = 224.000000
avance = -453.000000, avanceR = 2.000000, avanceI = 2.000000
inc_x_r = 0.000000, inc_y_r = 1.000000, inc_x_i = 1.000000, inc_y_i = 1.000000
En el else......

----------------------------------------
x = 6.000000, y = 225.000000
avance = -451.000000, avanceR = 2.000000, avanceI = 2.000000
inc_x_r = 0.000000, inc_y_r = 1.000000, inc_x_i = 1.000000, inc_y_i = 1.000000
En el else......

----------------------------------------
x = 6.000000, y = 226.000000
avance = -449.000000, avanceR = 2.000000, avanceI = 2.000000
inc_x_r = 0.000000, inc_y_r = 1.000000, inc_x_i = 1.000000, inc_y_i = 1.000000
En el else......

----------------------------------------
x = 6.000000, y = 227.000000
avance = -447.000000, avanceR = 2.000000, avanceI = 2.000000
inc_x_r = 0.000000, inc_y_r = 1.000000, inc_x_i = 1.000000, inc_y_i = 1.000000
En el else......

----------------------------------------
x = 6.000000, y = 228.000000
avance = -445.000000, avanceR = 2.000000, avanceI = 2.000000
inc_x_r = 0.000000, inc_y_r = 1.000000, inc_x_i = 1.000000, inc_y_i = 1.000000
En el else......

----------------------------------------
x = 6.000000, y = 229.000000
avance = -443.000000, avanceR = 2.000000, avanceI = 2.000000
inc_x_r = 0.000000, inc_y_r = 1.000000, inc_x_i = 1.000000, inc_y_i = 1.000000
En el else......

----------------------------------------
x = 6.000000, y = 230.000000
avance = -441.000000, avanceR = 2.000000, avanceI = 2.000000
inc_x_r = 0.000000, inc_y_r = 1.000000, inc_x_i = 1.000000, inc_y_i = 1.000000
En el else......

----------------------------------------
x = 6.000000, y = 231.000000
avance = -439.000000, avanceR = 2.000000, avanceI = 2.000000
inc_x_r = 0.000000, inc_y_r = 1.000000, inc_x_i = 1.000000, inc_y_i = 1.000000
En el else......

----------------------------------------
x = 6.000000, y = 232.000000
avance = -437.000000, avanceR = 2.000000, avanceI = 2.000000
inc_x_r = 0.000000, inc_y_r = 1.000000, inc_x_i = 1.000000, inc_y_i = 1.000000
En el else......

----------------------------------------
x = 6.000000, y = 233.000000
avance = -435.000000, avanceR = 2.000000, avanceI = 2.000000
inc_x_r = 0.000000, inc_y_r = 1.000000, inc_x_i = 1.000000, inc_y_i = 1.000000
En el else......

----------------------------------------
x = 6.000000, y = 234.000000
avance = -433.000000, avanceR = 2.000000, avanceI = 2.000000
inc_x_r = 0.000000, inc_y_r = 1.000000, inc_x_i = 1.000000, inc_y_i = 1.000000
En el else......

----------------------------------------
x = 6.000000, y = 235.000000
avance = -431.000000, avanceR = 2.000000, avanceI = 2.000000
inc_x_r = 0.000000, inc_y_r = 1.000000, inc_x_i = 1.000000, inc_y_i = 1.000000
En el else......

----------------------------------------
x = 6.000000, y = 236.000000
avance = -429.000000, avanceR = 2.000000, avanceI = 2.000000
inc_x_r = 0.000000, inc_y_r = 1.000000, inc_x_i = 1.000000, inc_y_i = 1.000000
En el else......

----------------------------------------
x = 6.000000, y = 237.000000
avance = -427.000000, avanceR = 2.000000, avanceI = 2.000000
inc_x_r = 0.000000, inc_y_r = 1.000000, inc_x_i = 1.000000, inc_y_i = 1.000000
En el else......

----------------------------------------
x = 6.000000, y = 238.000000
avance = -425.000000, avanceR = 2.000000, avanceI = 2.000000
inc_x_r = 0.000000, inc_y_r = 1.000000, inc_x_i = 1.000000, inc_y_i = 1.000000
En el else......

----------------------------------------
x = 6.000000, y = 239.000000
avance = -423.000000, avanceR = 2.000000, avanceI = 2.000000
inc_x_r = 0.000000, inc_y_r = 1.000000, inc_x_i = 1.000000, inc_y_i = 1.000000
En el else......

----------------------------------------
x = 6.000000, y = 240.000000
avance = -421.000000, avanceR = 2.000000, avanceI = 2.000000
inc_x_r = 0.000000, inc_y_r = 1.000000, inc_x_i = 1.000000, inc_y_i = 1.000000
En el else......

----------------------------------------
x = 6.000000, y = 241.000000
avance = -419.000000, avanceR = 2.000000, avanceI = 2.000000
inc_x_r = 0.000000, inc_y_r = 1.000000, inc_x_i = 1.000000, inc_y_i = 1.000000
En el else......

----------------------------------------
x = 6.000000, y = 242.000000
avance = -417.000000, avanceR = 2.000000, avanceI = 2.000000
inc_x_r = 0.000000, inc_y_r = 1.000000, inc_x_i = 1.000000, inc_y_i = 1.000000
En el else......

----------------------------------------
x = 6.000000, y = 243.000000
avance = -415.000000, avanceR = 2.000000, avanceI = 2.000000
inc_x_r = 0.000000, inc_y_r = 1.000000, inc_x_i = 1.000000, inc_y_i = 1.000000
En el else......

----------------------------------------
x = 6.000000, y = 244.000000
avance = -413.000000, avanceR = 2.000000, avanceI = 2.000000
inc_x_r = 0.000000, inc_y_r = 1.000000, inc_x_i = 1.000000, inc_y_i = 1.000000
En el else......

----------------------------------------
x = 6.000000, y = 245.000000
avance = -411.000000, avanceR = 2.000000, avanceI = 2.000000
inc_x_r = 0.000000, inc_y_r = 1.000000, inc_x_i = 1.000000, inc_y_i = 1.000000
En el else......

----------------------------------------
x = 6.000000, y = 246.000000
avance = -409.000000, avanceR = 2.000000, avanceI = 2.000000
inc_x_r = 0.000000, inc_y_r = 1.000000, inc_x_i = 1.000000, inc_y_i = 1.000000
En el else......

----------------------------------------
x = 6.000000, y = 247.000000
avance = -407.000000, avanceR = 2.000000, avanceI = 2.000000
inc_x_r = 0.000000, inc_y_r = 1.000000, inc_x_i = 1.000000, inc_y_i = 1.000000
En el else......

----------------------------------------
x = 6.000000, y = 248.000000
avance = -405.000000, avanceR = 2.000000, avanceI = 2.000000
inc_x_r = 0.000000, inc_y_r = 1.000000, inc_x_i = 1.000000, inc_y_i = 1.000000
En el else......

----------------------------------------
x = 6.000000, y = 249.000000
avance = -403.000000, avanceR = 2.000000, avanceI = 2.000000
inc_x_r = 0.000000, inc_y_r = 1.000000, inc_x_i = 1.000000, inc_y_i = 1.000000
En el else......

----------------------------------------
x = 6.000000, y = 250.000000
avance = -401.000000, avanceR = 2.000000, avanceI = 2.000000
inc_x_r = 0.000000, inc_y_r = 1.000000, inc_x_i = 1.000000, inc_y_i = 1.000000
En el else......

----------------------------------------
x = 6.000000, y = 251.000000
avance = -399.000000, avanceR = 2.000000, avanceI = 2.000000
inc_x_r = 0.000000, inc_y_r = 1.000000, inc_x_i = 1.000000, inc_y_i = 1.000000
En el else......

----------------------------------------
x = 6.000000, y = 252.000000
avance = -397.000000, avanceR = 2.000000, avanceI = 2.000000
inc_x_r = 0.000000, inc_y_r = 1.000000, inc_x_i = 1.000000, inc_y_i = 1.000000
En el else......

----------------------------------------
x = 6.000000, y = 253.000000
avance = -395.000000, avanceR = 2.000000, avanceI = 2.000000
inc_x_r = 0.000000, inc_y_r = 1.000000, inc_x_i = 1.000000, inc_y_i = 1.000000
En el else......

----------------------------------------
x = 6.000000, y = 254.000000
avance = -393.000000, avanceR = 2.000000, avanceI = 2.000000
inc_x_r = 0.000000, inc_y_r = 1.000000, inc_x_i = 1.000000, inc_y_i = 1.000000
En el else......

----------------------------------------
x = 6.000000, y = 255.000000
avance = -391.000000, avanceR = 2.000000, avanceI = 2.000000
inc_x_r = 0.000000, inc_y_r = 1.000000, inc_x_i = 1.000000, inc_y_i = 1.000000
En el else......

----------------------------------------
x = 6.000000, y = 256.000000
avance = -389.000000, avanceR = 2.000000, avanceI = 2.000000
inc_x_r = 0.000000, inc_y_r = 1.000000, inc_x_i = 1.000000, inc_y_i = 1.000000
En el else......

----------------------------------------
x = 6.000000, y = 257.000000
avance = -387.000000, avanceR = 2.000000, avanceI = 2.000000
inc_x_r = 0.000000, inc_y_r = 1.000000, inc_x_i = 1.000000, inc_y_i = 1.000000
En el else......

----------------------------------------
x = 6.000000, y = 258.000000
avance = -385.000000, avanceR = 2.000000, avanceI = 2.000000
inc_x_r = 0.000000, inc_y_r = 1.000000, inc_x_i = 1.000000, inc_y_i = 1.000000
En el else......

----------------------------------------
x = 6.000000, y = 259.000000
avance = -383.000000, avanceR = 2.000000, avanceI = 2.000000
inc_x_r = 0.000000, inc_y_r = 1.000000, inc_x_i = 1.000000, inc_y_i = 1.000000
En el else......

----------------------------------------
x = 6.000000, y = 260.000000
avance = -381.000000, avanceR = 2.000000, avanceI = 2.000000
inc_x_r = 0.000000, inc_y_r = 1.000000, inc_x_i = 1.000000, inc_y_i = 1.000000
En el else......

----------------------------------------
x = 6.000000, y = 261.000000
avance = -379.000000, avanceR = 2.000000, avanceI = 2.000000
inc_x_r = 0.000000, inc_y_r = 1.000000, inc_x_i = 1.000000, inc_y_i = 1.000000
En el else......

----------------------------------------
x = 6.000000, y = 262.000000
avance = -377.000000, avanceR = 2.000000, avanceI = 2.000000
inc_x_r = 0.000000, inc_y_r = 1.000000, inc_x_i = 1.000000, inc_y_i = 1.000000
En el else......

----------------------------------------
x = 6.000000, y = 263.000000
avance = -375.000000, avanceR = 2.000000, avanceI = 2.000000
inc_x_r = 0.000000, inc_y_r = 1.000000, inc_x_i = 1.000000, inc_y_i = 1.000000
En el else......

----------------------------------------
x = 6.000000, y = 264.000000
avance = -373.000000, avanceR = 2.000000, avanceI = 2.000000
inc_x_r = 0.000000, inc_y_r = 1.000000, inc_x_i = 1.000000, inc_y_i = 1.000000
En el else......

----------------------------------------
x = 6.000000, y = 265.000000
avance = -371.000000, avanceR = 2.000000, avanceI = 2.000000
inc_x_r = 0.000000, inc_y_r = 1.000000, inc_x_i = 1.000000, inc_y_i = 1.000000
En el else......

----------------------------------------
x = 6.000000, y = 266.000000
avance = -369.000000, avanceR = 2.000000, avanceI = 2.000000
inc_x_r = 0.000000, inc_y_r = 1.000000, inc_x_i = 1.000000, inc_y_i = 1.000000
En el else......

----------------------------------------
x = 6.000000, y = 267.000000
avance = -367.000000, avanceR = 2.000000, avanceI = 2.000000
inc_x_r = 0.000000, inc_y_r = 1.000000, inc_x_i = 1.000000, inc_y_i = 1.000000
En el else......

----------------------------------------
x = 6.000000, y = 268.000000
avance = -365.000000, avanceR = 2.000000, avanceI = 2.000000
inc_x_r = 0.000000, inc_y_r = 1.000000, inc_x_i = 1.000000, inc_y_i = 1.000000
En el else......

----------------------------------------
x = 6.000000, y = 269.000000
avance = -363.000000, avanceR = 2.000000, avanceI = 2.000000
inc_x_r = 0.000000, inc_y_r = 1.000000, inc_x_i = 1.000000, inc_y_i = 1.000000
En el else......

----------------------------------------
x = 6.000000, y = 270.000000
avance = -361.000000, avanceR = 2.000000, avanceI = 2.000000
inc_x_r = 0.000000, inc_y_r = 1.000000, inc_x_i = 1.000000, inc_y_i = 1.000000
En el else......

----------------------------------------
x = 6.000000, y = 271.000000
avance = -359.000000, avanceR = 2.000000, avanceI = 2.000000
inc_x_r = 0.000000, inc_y_r = 1.000000, inc_x_i = 1.000000, inc_y_i = 1.000000
En el else......

----------------------------------------
x = 6.000000, y = 272.000000
avance = -357.000000, avanceR = 2.000000, avanceI = 2.000000
inc_x_r = 0.000000, inc_y_r = 1.000000, inc_x_i = 1.000000, inc_y_i = 1.000000
En el else......

----------------------------------------
x = 6.000000, y = 273.000000
avance = -355.000000, avanceR = 2.000000, avanceI = 2.000000
inc_x_r = 0.000000, inc_y_r = 1.000000, inc_x_i = 1.000000, inc_y_i = 1.000000
En el else......

----------------------------------------
x = 6.000000, y = 274.000000
avance = -353.000000, avanceR = 2.000000, avanceI = 2.000000
inc_x_r = 0.000000, inc_y_r = 1.000000, inc_x_i = 1.000000, inc_y_i = 1.000000
En el else......

----------------------------------------
x = 6.000000, y = 275.000000
avance = -351.000000, avanceR = 2.000000, avanceI = 2.000000
inc_x_r = 0.000000, inc_y_r = 1.000000, inc_x_i = 1.000000, inc_y_i = 1.000000
En el else......

----------------------------------------
x = 6.000000, y = 276.000000
avance = -349.000000, avanceR = 2.000000, avanceI = 2.000000
inc_x_r = 0.000000, inc_y_r = 1.000000, inc_x_i = 1.000000, inc_y_i = 1.000000
En el else......

----------------------------------------
x = 6.000000, y = 277.000000
avance = -347.000000, avanceR = 2.000000, avanceI = 2.000000
inc_x_r = 0.000000, inc_y_r = 1.000000, inc_x_i = 1.000000, inc_y_i = 1.000000
En el else......

----------------------------------------
x = 6.000000, y = 278.000000
avance = -345.000000, avanceR = 2.000000, avanceI = 2.000000
inc_x_r = 0.000000, inc_y_r = 1.000000, inc_x_i = 1.000000, inc_y_i = 1.000000
En el else......

----------------------------------------
x = 6.000000, y = 279.000000
avance = -343.000000, avanceR = 2.000000, avanceI = 2.000000
inc_x_r = 0.000000, inc_y_r = 1.000000, inc_x_i = 1.000000, inc_y_i = 1.000000
En el else......

----------------------------------------
x = 6.000000, y = 280.000000
avance = -341.000000, avanceR = 2.000000, avanceI = 2.000000
inc_x_r = 0.000000, inc_y_r = 1.000000, inc_x_i = 1.000000, inc_y_i = 1.000000
En el else......

----------------------------------------
x = 6.000000, y = 281.000000
avance = -339.000000, avanceR = 2.000000, avanceI = 2.000000
inc_x_r = 0.000000, inc_y_r = 1.000000, inc_x_i = 1.000000, inc_y_i = 1.000000
En el else......

----------------------------------------
x = 6.000000, y = 282.000000
avance = -337.000000, avanceR = 2.000000, avanceI = 2.000000
inc_x_r = 0.000000, inc_y_r = 1.000000, inc_x_i = 1.000000, inc_y_i = 1.000000
En el else......

----------------------------------------
x = 6.000000, y = 283.000000
avance = -335.000000, avanceR = 2.000000, avanceI = 2.000000
inc_x_r = 0.000000, inc_y_r = 1.000000, inc_x_i = 1.000000, inc_y_i = 1.000000
En el else......

----------------------------------------
x = 6.000000, y = 284.000000
avance = -333.000000, avanceR = 2.000000, avanceI = 2.000000
inc_x_r = 0.000000, inc_y_r = 1.000000, inc_x_i = 1.000000, inc_y_i = 1.000000
En el else......

----------------------------------------
x = 6.000000, y = 285.000000
avance = -331.000000, avanceR = 2.000000, avanceI = 2.000000
inc_x_r = 0.000000, inc_y_r = 1.000000, inc_x_i = 1.000000, inc_y_i = 1.000000
En el else......

----------------------------------------
x = 6.000000, y = 286.000000
avance = -329.000000, avanceR = 2.000000, avanceI = 2.000000
inc_x_r = 0.000000, inc_y_r = 1.000000, inc_x_i = 1.000000, inc_y_i = 1.000000
En el else......

----------------------------------------
x = 6.000000, y = 287.000000
avance = -327.000000, avanceR = 2.000000, avanceI = 2.000000
inc_x_r = 0.000000, inc_y_r = 1.000000, inc_x_i = 1.000000, inc_y_i = 1.000000
En el else......

----------------------------------------
x = 6.000000, y = 288.000000
avance = -325.000000, avanceR = 2.000000, avanceI = 2.000000
inc_x_r = 0.000000, inc_y_r = 1.000000, inc_x_i = 1.000000, inc_y_i = 1.000000
En el else......

----------------------------------------
x = 6.000000, y = 289.000000
avance = -323.000000, avanceR = 2.000000, avanceI = 2.000000
inc_x_r = 0.000000, inc_y_r = 1.000000, inc_x_i = 1.000000, inc_y_i = 1.000000
En el else......

----------------------------------------
x = 6.000000, y = 290.000000
avance = -321.000000, avanceR = 2.000000, avanceI = 2.000000
inc_x_r = 0.000000, inc_y_r = 1.000000, inc_x_i = 1.000000, inc_y_i = 1.000000
En el else......

----------------------------------------
x = 6.000000, y = 291.000000
avance = -319.000000, avanceR = 2.000000, avanceI = 2.000000
inc_x_r = 0.000000, inc_y_r = 1.000000, inc_x_i = 1.000000, inc_y_i = 1.000000
En el else......

----------------------------------------
x = 6.000000, y = 292.000000
avance = -317.000000, avanceR = 2.000000, avanceI = 2.000000
inc_x_r = 0.000000, inc_y_r = 1.000000, inc_x_i = 1.000000, inc_y_i = 1.000000
En el else......

----------------------------------------
x = 6.000000, y = 293.000000
avance = -315.000000, avanceR = 2.000000, avanceI = 2.000000
inc_x_r = 0.000000, inc_y_r = 1.000000, inc_x_i = 1.000000, inc_y_i = 1.000000
En el else......

----------------------------------------
x = 6.000000, y = 294.000000
avance = -313.000000, avanceR = 2.000000, avanceI = 2.000000
inc_x_r = 0.000000, inc_y_r = 1.000000, inc_x_i = 1.000000, inc_y_i = 1.000000
En el else......

----------------------------------------
x = 6.000000, y = 295.000000
avance = -311.000000, avanceR = 2.000000, avanceI = 2.000000
inc_x_r = 0.000000, inc_y_r = 1.000000, inc_x_i = 1.000000, inc_y_i = 1.000000
En el else......

----------------------------------------
x = 6.000000, y = 296.000000
avance = -309.000000, avanceR = 2.000000, avanceI = 2.000000
inc_x_r = 0.000000, inc_y_r = 1.000000, inc_x_i = 1.000000, inc_y_i = 1.000000
En el else......

----------------------------------------
x = 6.000000, y = 297.000000
avance = -307.000000, avanceR = 2.000000, avanceI = 2.000000
inc_x_r = 0.000000, inc_y_r = 1.000000, inc_x_i = 1.000000, inc_y_i = 1.000000
En el else......

----------------------------------------
x = 6.000000, y = 298.000000
avance = -305.000000, avanceR = 2.000000, avanceI = 2.000000
inc_x_r = 0.000000, inc_y_r = 1.000000, inc_x_i = 1.000000, inc_y_i = 1.000000
En el else......

----------------------------------------
x = 6.000000, y = 299.000000
avance = -303.000000, avanceR = 2.000000, avanceI = 2.000000
inc_x_r = 0.000000, inc_y_r = 1.000000, inc_x_i = 1.000000, inc_y_i = 1.000000
En el else......

----------------------------------------
x = 6.000000, y = 300.000000
avance = -301.000000, avanceR = 2.000000, avanceI = 2.000000
inc_x_r = 0.000000, inc_y_r = 1.000000, inc_x_i = 1.000000, inc_y_i = 1.000000
En el else......

----------------------------------------
x = 6.000000, y = 301.000000
avance = -299.000000, avanceR = 2.000000, avanceI = 2.000000
inc_x_r = 0.000000, inc_y_r = 1.000000, inc_x_i = 1.000000, inc_y_i = 1.000000
En el else......

----------------------------------------
x = 6.000000, y = 302.000000
avance = -297.000000, avanceR = 2.000000, avanceI = 2.000000
inc_x_r = 0.000000, inc_y_r = 1.000000, inc_x_i = 1.000000, inc_y_i = 1.000000
En el else......

----------------------------------------
x = 6.000000, y = 303.000000
avance = -295.000000, avanceR = 2.000000, avanceI = 2.000000
inc_x_r = 0.000000, inc_y_r = 1.000000, inc_x_i = 1.000000, inc_y_i = 1.000000
En el else......

----------------------------------------
x = 6.000000, y = 304.000000
avance = -293.000000, avanceR = 2.000000, avanceI = 2.000000
inc_x_r = 0.000000, inc_y_r = 1.000000, inc_x_i = 1.000000, inc_y_i = 1.000000
En el else......

----------------------------------------
x = 6.000000, y = 305.000000
avance = -291.000000, avanceR = 2.000000, avanceI = 2.000000
inc_x_r = 0.000000, inc_y_r = 1.000000, inc_x_i = 1.000000, inc_y_i = 1.000000
En el else......

----------------------------------------
x = 6.000000, y = 306.000000
avance = -289.000000, avanceR = 2.000000, avanceI = 2.000000
inc_x_r = 0.000000, inc_y_r = 1.000000, inc_x_i = 1.000000, inc_y_i = 1.000000
En el else......

----------------------------------------
x = 6.000000, y = 307.000000
avance = -287.000000, avanceR = 2.000000, avanceI = 2.000000
inc_x_r = 0.000000, inc_y_r = 1.000000, inc_x_i = 1.000000, inc_y_i = 1.000000
En el else......

----------------------------------------
x = 6.000000, y = 308.000000
avance = -285.000000, avanceR = 2.000000, avanceI = 2.000000
inc_x_r = 0.000000, inc_y_r = 1.000000, inc_x_i = 1.000000, inc_y_i = 1.000000
En el else......

----------------------------------------
x = 6.000000, y = 309.000000
avance = -283.000000, avanceR = 2.000000, avanceI = 2.000000
inc_x_r = 0.000000, inc_y_r = 1.000000, inc_x_i = 1.000000, inc_y_i = 1.000000
En el else......

----------------------------------------
x = 6.000000, y = 310.000000
avance = -281.000000, avanceR = 2.000000, avanceI = 2.000000
inc_x_r = 0.000000, inc_y_r = 1.000000, inc_x_i = 1.000000, inc_y_i = 1.000000
En el else......

----------------------------------------
x = 6.000000, y = 311.000000
avance = -279.000000, avanceR = 2.000000, avanceI = 2.000000
inc_x_r = 0.000000, inc_y_r = 1.000000, inc_x_i = 1.000000, inc_y_i = 1.000000
En el else......

----------------------------------------
x = 6.000000, y = 312.000000
avance = -277.000000, avanceR = 2.000000, avanceI = 2.000000
inc_x_r = 0.000000, inc_y_r = 1.000000, inc_x_i = 1.000000, inc_y_i = 1.000000
En el else......

----------------------------------------
x = 6.000000, y = 313.000000
avance = -275.000000, avanceR = 2.000000, avanceI = 2.000000
inc_x_r = 0.000000, inc_y_r = 1.000000, inc_x_i = 1.000000, inc_y_i = 1.000000
En el else......

----------------------------------------
x = 6.000000, y = 314.000000
avance = -273.000000, avanceR = 2.000000, avanceI = 2.000000
inc_x_r = 0.000000, inc_y_r = 1.000000, inc_x_i = 1.000000, inc_y_i = 1.000000
En el else......

----------------------------------------
x = 6.000000, y = 315.000000
avance = -271.000000, avanceR = 2.000000, avanceI = 2.000000
inc_x_r = 0.000000, inc_y_r = 1.000000, inc_x_i = 1.000000, inc_y_i = 1.000000
En el else......

----------------------------------------
x = 6.000000, y = 316.000000
avance = -269.000000, avanceR = 2.000000, avanceI = 2.000000
inc_x_r = 0.000000, inc_y_r = 1.000000, inc_x_i = 1.000000, inc_y_i = 1.000000
En el else......

----------------------------------------
x = 6.000000, y = 317.000000
avance = -267.000000, avanceR = 2.000000, avanceI = 2.000000
inc_x_r = 0.000000, inc_y_r = 1.000000, inc_x_i = 1.000000, inc_y_i = 1.000000
En el else......

----------------------------------------
x = 6.000000, y = 318.000000
avance = -265.000000, avanceR = 2.000000, avanceI = 2.000000
inc_x_r = 0.000000, inc_y_r = 1.000000, inc_x_i = 1.000000, inc_y_i = 1.000000
En el else......

----------------------------------------
x = 6.000000, y = 319.000000
avance = -263.000000, avanceR = 2.000000, avanceI = 2.000000
inc_x_r = 0.000000, inc_y_r = 1.000000, inc_x_i = 1.000000, inc_y_i = 1.000000
En el else......

----------------------------------------
x = 6.000000, y = 320.000000
avance = -261.000000, avanceR = 2.000000, avanceI = 2.000000
inc_x_r = 0.000000, inc_y_r = 1.000000, inc_x_i = 1.000000, inc_y_i = 1.000000
En el else......

----------------------------------------
x = 6.000000, y = 321.000000
avance = -259.000000, avanceR = 2.000000, avanceI = 2.000000
inc_x_r = 0.000000, inc_y_r = 1.000000, inc_x_i = 1.000000, inc_y_i = 1.000000
En el else......

----------------------------------------
x = 6.000000, y = 322.000000
avance = -257.000000, avanceR = 2.000000, avanceI = 2.000000
inc_x_r = 0.000000, inc_y_r = 1.000000, inc_x_i = 1.000000, inc_y_i = 1.000000
En el else......

----------------------------------------
x = 6.000000, y = 323.000000
avance = -255.000000, avanceR = 2.000000, avanceI = 2.000000
inc_x_r = 0.000000, inc_y_r = 1.000000, inc_x_i = 1.000000, inc_y_i = 1.000000
En el else......

----------------------------------------
x = 6.000000, y = 324.000000
avance = -253.000000, avanceR = 2.000000, avanceI = 2.000000
inc_x_r = 0.000000, inc_y_r = 1.000000, inc_x_i = 1.000000, inc_y_i = 1.000000
En el else......

----------------------------------------
x = 6.000000, y = 325.000000
avance = -251.000000, avanceR = 2.000000, avanceI = 2.000000
inc_x_r = 0.000000, inc_y_r = 1.000000, inc_x_i = 1.000000, inc_y_i = 1.000000
En el else......

----------------------------------------


ENTRAMOS A BRESENHAMªªªª
x1 = 5.000000 - y1 = 75.000000 || x2 = 6.000000 - y2 = 326.000000
dy = 251.000000, dx = 1.000000
avances inclinados: inc_x_i = 1.000000, inc_y_i = 1.000000
updated: dy = 251.000000, dx = 1.000000
avances rectos: inc_x_r = 0.000000, inc_y_r 1.000000
reupdated: dy = 1.000000, dx = 251.000000
avanceR = 2.000000, avance -249.000000, avanceI 2.000000
----------------------------------------
x = 5.000000, y = 75.000000
avance = -249.000000, avanceR = 2.000000, avanceI = 2.000000
inc_x_r = 0.000000, inc_y_r = 1.000000, inc_x_i = 1.000000, inc_y_i = 1.000000
En el else......

----------------------------------------
x = 5.000000, y = 76.000000
avance = -247.000000, avanceR = 2.000000, avanceI = 2.000000
inc_x_r = 0.000000, inc_y_r = 1.000000, inc_x_i = 1.000000, inc_y_i = 1.000000
En el else......

----------------------------------------
x = 5.000000, y = 77.000000
avance = -245.000000, avanceR = 2.000000, avanceI = 2.000000
inc_x_r = 0.000000, inc_y_r = 1.000000, inc_x_i = 1.000000, inc_y_i = 1.000000
En el else......

----------------------------------------
x = 5.000000, y = 78.000000
avance = -243.000000, avanceR = 2.000000, avanceI = 2.000000
inc_x_r = 0.000000, inc_y_r = 1.000000, inc_x_i = 1.000000, inc_y_i = 1.000000
En el else......

----------------------------------------
x = 5.000000, y = 79.000000
avance = -241.000000, avanceR = 2.000000, avanceI = 2.000000
inc_x_r = 0.000000, inc_y_r = 1.000000, inc_x_i = 1.000000, inc_y_i = 1.000000
En el else......

----------------------------------------
x = 5.000000, y = 80.000000
avance = -239.000000, avanceR = 2.000000, avanceI = 2.000000
inc_x_r = 0.000000, inc_y_r = 1.000000, inc_x_i = 1.000000, inc_y_i = 1.000000
En el else......

----------------------------------------
x = 5.000000, y = 81.000000
avance = -237.000000, avanceR = 2.000000, avanceI = 2.000000
inc_x_r = 0.000000, inc_y_r = 1.000000, inc_x_i = 1.000000, inc_y_i = 1.000000
En el else......

----------------------------------------
x = 5.000000, y = 82.000000
avance = -235.000000, avanceR = 2.000000, avanceI = 2.000000
inc_x_r = 0.000000, inc_y_r = 1.000000, inc_x_i = 1.000000, inc_y_i = 1.000000
En el else......

----------------------------------------
x = 5.000000, y = 83.000000
avance = -233.000000, avanceR = 2.000000, avanceI = 2.000000
inc_x_r = 0.000000, inc_y_r = 1.000000, inc_x_i = 1.000000, inc_y_i = 1.000000
En el else......

----------------------------------------
x = 5.000000, y = 84.000000
avance = -231.000000, avanceR = 2.000000, avanceI = 2.000000
inc_x_r = 0.000000, inc_y_r = 1.000000, inc_x_i = 1.000000, inc_y_i = 1.000000
En el else......

----------------------------------------
x = 5.000000, y = 85.000000
avance = -229.000000, avanceR = 2.000000, avanceI = 2.000000
inc_x_r = 0.000000, inc_y_r = 1.000000, inc_x_i = 1.000000, inc_y_i = 1.000000
En el else......

----------------------------------------
x = 5.000000, y = 86.000000
avance = -227.000000, avanceR = 2.000000, avanceI = 2.000000
inc_x_r = 0.000000, inc_y_r = 1.000000, inc_x_i = 1.000000, inc_y_i = 1.000000
En el else......

----------------------------------------
x = 5.000000, y = 87.000000
avance = -225.000000, avanceR = 2.000000, avanceI = 2.000000
inc_x_r = 0.000000, inc_y_r = 1.000000, inc_x_i = 1.000000, inc_y_i = 1.000000
En el else......

----------------------------------------
x = 5.000000, y = 88.000000
avance = -223.000000, avanceR = 2.000000, avanceI = 2.000000
inc_x_r = 0.000000, inc_y_r = 1.000000, inc_x_i = 1.000000, inc_y_i = 1.000000
En el else......

----------------------------------------
x = 5.000000, y = 89.000000
avance = -221.000000, avanceR = 2.000000, avanceI = 2.000000
inc_x_r = 0.000000, inc_y_r = 1.000000, inc_x_i = 1.000000, inc_y_i = 1.000000
En el else......

----------------------------------------
x = 5.000000, y = 90.000000
avance = -219.000000, avanceR = 2.000000, avanceI = 2.000000
inc_x_r = 0.000000, inc_y_r = 1.000000, inc_x_i = 1.000000, inc_y_i = 1.000000
En el else......

----------------------------------------
x = 5.000000, y = 91.000000
avance = -217.000000, avanceR = 2.000000, avanceI = 2.000000
inc_x_r = 0.000000, inc_y_r = 1.000000, inc_x_i = 1.000000, inc_y_i = 1.000000
En el else......

----------------------------------------
x = 5.000000, y = 92.000000
avance = -215.000000, avanceR = 2.000000, avanceI = 2.000000
inc_x_r = 0.000000, inc_y_r = 1.000000, inc_x_i = 1.000000, inc_y_i = 1.000000
En el else......

----------------------------------------
x = 5.000000, y = 93.000000
avance = -213.000000, avanceR = 2.000000, avanceI = 2.000000
inc_x_r = 0.000000, inc_y_r = 1.000000, inc_x_i = 1.000000, inc_y_i = 1.000000
En el else......

----------------------------------------
x = 5.000000, y = 94.000000
avance = -211.000000, avanceR = 2.000000, avanceI = 2.000000
inc_x_r = 0.000000, inc_y_r = 1.000000, inc_x_i = 1.000000, inc_y_i = 1.000000
En el else......

----------------------------------------
x = 5.000000, y = 95.000000
avance = -209.000000, avanceR = 2.000000, avanceI = 2.000000
inc_x_r = 0.000000, inc_y_r = 1.000000, inc_x_i = 1.000000, inc_y_i = 1.000000
En el else......

----------------------------------------
x = 5.000000, y = 96.000000
avance = -207.000000, avanceR = 2.000000, avanceI = 2.000000
inc_x_r = 0.000000, inc_y_r = 1.000000, inc_x_i = 1.000000, inc_y_i = 1.000000
En el else......

----------------------------------------
x = 5.000000, y = 97.000000
avance = -205.000000, avanceR = 2.000000, avanceI = 2.000000
inc_x_r = 0.000000, inc_y_r = 1.000000, inc_x_i = 1.000000, inc_y_i = 1.000000
En el else......

----------------------------------------
x = 5.000000, y = 98.000000
avance = -203.000000, avanceR = 2.000000, avanceI = 2.000000
inc_x_r = 0.000000, inc_y_r = 1.000000, inc_x_i = 1.000000, inc_y_i = 1.000000
En el else......

----------------------------------------
x = 5.000000, y = 99.000000
avance = -201.000000, avanceR = 2.000000, avanceI = 2.000000
inc_x_r = 0.000000, inc_y_r = 1.000000, inc_x_i = 1.000000, inc_y_i = 1.000000
En el else......

----------------------------------------
x = 5.000000, y = 100.000000
avance = -199.000000, avanceR = 2.000000, avanceI = 2.000000
inc_x_r = 0.000000, inc_y_r = 1.000000, inc_x_i = 1.000000, inc_y_i = 1.000000
En el else......

----------------------------------------
x = 5.000000, y = 101.000000
avance = -197.000000, avanceR = 2.000000, avanceI = 2.000000
inc_x_r = 0.000000, inc_y_r = 1.000000, inc_x_i = 1.000000, inc_y_i = 1.000000
En el else......

----------------------------------------
x = 5.000000, y = 102.000000
avance = -195.000000, avanceR = 2.000000, avanceI = 2.000000
inc_x_r = 0.000000, inc_y_r = 1.000000, inc_x_i = 1.000000, inc_y_i = 1.000000
En el else......

----------------------------------------
x = 5.000000, y = 103.000000
avance = -193.000000, avanceR = 2.000000, avanceI = 2.000000
inc_x_r = 0.000000, inc_y_r = 1.000000, inc_x_i = 1.000000, inc_y_i = 1.000000
En el else......

----------------------------------------
x = 5.000000, y = 104.000000
avance = -191.000000, avanceR = 2.000000, avanceI = 2.000000
inc_x_r = 0.000000, inc_y_r = 1.000000, inc_x_i = 1.000000, inc_y_i = 1.000000
En el else......

----------------------------------------
x = 5.000000, y = 105.000000
avance = -189.000000, avanceR = 2.000000, avanceI = 2.000000
inc_x_r = 0.000000, inc_y_r = 1.000000, inc_x_i = 1.000000, inc_y_i = 1.000000
En el else......

----------------------------------------
x = 5.000000, y = 106.000000
avance = -187.000000, avanceR = 2.000000, avanceI = 2.000000
inc_x_r = 0.000000, inc_y_r = 1.000000, inc_x_i = 1.000000, inc_y_i = 1.000000
En el else......

----------------------------------------
x = 5.000000, y = 107.000000
avance = -185.000000, avanceR = 2.000000, avanceI = 2.000000
inc_x_r = 0.000000, inc_y_r = 1.000000, inc_x_i = 1.000000, inc_y_i = 1.000000
En el else......

----------------------------------------
x = 5.000000, y = 108.000000
avance = -183.000000, avanceR = 2.000000, avanceI = 2.000000
inc_x_r = 0.000000, inc_y_r = 1.000000, inc_x_i = 1.000000, inc_y_i = 1.000000
En el else......

----------------------------------------
x = 5.000000, y = 109.000000
avance = -181.000000, avanceR = 2.000000, avanceI = 2.000000
inc_x_r = 0.000000, inc_y_r = 1.000000, inc_x_i = 1.000000, inc_y_i = 1.000000
En el else......

----------------------------------------
x = 5.000000, y = 110.000000
avance = -179.000000, avanceR = 2.000000, avanceI = 2.000000
inc_x_r = 0.000000, inc_y_r = 1.000000, inc_x_i = 1.000000, inc_y_i = 1.000000
En el else......

----------------------------------------
x = 5.000000, y = 111.000000
avance = -177.000000, avanceR = 2.000000, avanceI = 2.000000
inc_x_r = 0.000000, inc_y_r = 1.000000, inc_x_i = 1.000000, inc_y_i = 1.000000
En el else......

----------------------------------------
x = 5.000000, y = 112.000000
avance = -175.000000, avanceR = 2.000000, avanceI = 2.000000
inc_x_r = 0.000000, inc_y_r = 1.000000, inc_x_i = 1.000000, inc_y_i = 1.000000
En el else......

----------------------------------------
x = 5.000000, y = 113.000000
avance = -173.000000, avanceR = 2.000000, avanceI = 2.000000
inc_x_r = 0.000000, inc_y_r = 1.000000, inc_x_i = 1.000000, inc_y_i = 1.000000
En el else......

----------------------------------------
x = 5.000000, y = 114.000000
avance = -171.000000, avanceR = 2.000000, avanceI = 2.000000
inc_x_r = 0.000000, inc_y_r = 1.000000, inc_x_i = 1.000000, inc_y_i = 1.000000
En el else......

----------------------------------------
x = 5.000000, y = 115.000000
avance = -169.000000, avanceR = 2.000000, avanceI = 2.000000
inc_x_r = 0.000000, inc_y_r = 1.000000, inc_x_i = 1.000000, inc_y_i = 1.000000
En el else......

----------------------------------------
x = 5.000000, y = 116.000000
avance = -167.000000, avanceR = 2.000000, avanceI = 2.000000
inc_x_r = 0.000000, inc_y_r = 1.000000, inc_x_i = 1.000000, inc_y_i = 1.000000
En el else......

----------------------------------------
x = 5.000000, y = 117.000000
avance = -165.000000, avanceR = 2.000000, avanceI = 2.000000
inc_x_r = 0.000000, inc_y_r = 1.000000, inc_x_i = 1.000000, inc_y_i = 1.000000
En el else......

----------------------------------------
x = 5.000000, y = 118.000000
avance = -163.000000, avanceR = 2.000000, avanceI = 2.000000
inc_x_r = 0.000000, inc_y_r = 1.000000, inc_x_i = 1.000000, inc_y_i = 1.000000
En el else......

----------------------------------------
x = 5.000000, y = 119.000000
avance = -161.000000, avanceR = 2.000000, avanceI = 2.000000
inc_x_r = 0.000000, inc_y_r = 1.000000, inc_x_i = 1.000000, inc_y_i = 1.000000
En el else......

----------------------------------------
x = 5.000000, y = 120.000000
avance = -159.000000, avanceR = 2.000000, avanceI = 2.000000
inc_x_r = 0.000000, inc_y_r = 1.000000, inc_x_i = 1.000000, inc_y_i = 1.000000
En el else......

----------------------------------------
x = 5.000000, y = 121.000000
avance = -157.000000, avanceR = 2.000000, avanceI = 2.000000
inc_x_r = 0.000000, inc_y_r = 1.000000, inc_x_i = 1.000000, inc_y_i = 1.000000
En el else......

----------------------------------------
x = 5.000000, y = 122.000000
avance = -155.000000, avanceR = 2.000000, avanceI = 2.000000
inc_x_r = 0.000000, inc_y_r = 1.000000, inc_x_i = 1.000000, inc_y_i = 1.000000
En el else......

----------------------------------------
x = 5.000000, y = 123.000000
avance = -153.000000, avanceR = 2.000000, avanceI = 2.000000
inc_x_r = 0.000000, inc_y_r = 1.000000, inc_x_i = 1.000000, inc_y_i = 1.000000
En el else......

----------------------------------------
x = 5.000000, y = 124.000000
avance = -151.000000, avanceR = 2.000000, avanceI = 2.000000
inc_x_r = 0.000000, inc_y_r = 1.000000, inc_x_i = 1.000000, inc_y_i = 1.000000
En el else......

----------------------------------------
x = 5.000000, y = 125.000000
avance = -149.000000, avanceR = 2.000000, avanceI = 2.000000
inc_x_r = 0.000000, inc_y_r = 1.000000, inc_x_i = 1.000000, inc_y_i = 1.000000
En el else......

----------------------------------------
x = 5.000000, y = 126.000000
avance = -147.000000, avanceR = 2.000000, avanceI = 2.000000
inc_x_r = 0.000000, inc_y_r = 1.000000, inc_x_i = 1.000000, inc_y_i = 1.000000
En el else......

----------------------------------------
x = 5.000000, y = 127.000000
avance = -145.000000, avanceR = 2.000000, avanceI = 2.000000
inc_x_r = 0.000000, inc_y_r = 1.000000, inc_x_i = 1.000000, inc_y_i = 1.000000
En el else......

----------------------------------------
x = 5.000000, y = 128.000000
avance = -143.000000, avanceR = 2.000000, avanceI = 2.000000
inc_x_r = 0.000000, inc_y_r = 1.000000, inc_x_i = 1.000000, inc_y_i = 1.000000
En el else......

----------------------------------------
x = 5.000000, y = 129.000000
avance = -141.000000, avanceR = 2.000000, avanceI = 2.000000
inc_x_r = 0.000000, inc_y_r = 1.000000, inc_x_i = 1.000000, inc_y_i = 1.000000
En el else......

----------------------------------------
x = 5.000000, y = 130.000000
avance = -139.000000, avanceR = 2.000000, avanceI = 2.000000
inc_x_r = 0.000000, inc_y_r = 1.000000, inc_x_i = 1.000000, inc_y_i = 1.000000
En el else......

----------------------------------------
x = 5.000000, y = 131.000000
avance = -137.000000, avanceR = 2.000000, avanceI = 2.000000
inc_x_r = 0.000000, inc_y_r = 1.000000, inc_x_i = 1.000000, inc_y_i = 1.000000
En el else......

----------------------------------------
x = 5.000000, y = 132.000000
avance = -135.000000, avanceR = 2.000000, avanceI = 2.000000
inc_x_r = 0.000000, inc_y_r = 1.000000, inc_x_i = 1.000000, inc_y_i = 1.000000
En el else......

----------------------------------------
x = 5.000000, y = 133.000000
avance = -133.000000, avanceR = 2.000000, avanceI = 2.000000
inc_x_r = 0.000000, inc_y_r = 1.000000, inc_x_i = 1.000000, inc_y_i = 1.000000
En el else......

----------------------------------------
x = 5.000000, y = 134.000000
avance = -131.000000, avanceR = 2.000000, avanceI = 2.000000
inc_x_r = 0.000000, inc_y_r = 1.000000, inc_x_i = 1.000000, inc_y_i = 1.000000
En el else......

----------------------------------------
x = 5.000000, y = 135.000000
avance = -129.000000, avanceR = 2.000000, avanceI = 2.000000
inc_x_r = 0.000000, inc_y_r = 1.000000, inc_x_i = 1.000000, inc_y_i = 1.000000
En el else......

----------------------------------------
x = 5.000000, y = 136.000000
avance = -127.000000, avanceR = 2.000000, avanceI = 2.000000
inc_x_r = 0.000000, inc_y_r = 1.000000, inc_x_i = 1.000000, inc_y_i = 1.000000
En el else......

----------------------------------------
x = 5.000000, y = 137.000000
avance = -125.000000, avanceR = 2.000000, avanceI = 2.000000
inc_x_r = 0.000000, inc_y_r = 1.000000, inc_x_i = 1.000000, inc_y_i = 1.000000
En el else......

----------------------------------------
x = 5.000000, y = 138.000000
avance = -123.000000, avanceR = 2.000000, avanceI = 2.000000
inc_x_r = 0.000000, inc_y_r = 1.000000, inc_x_i = 1.000000, inc_y_i = 1.000000
En el else......

----------------------------------------
x = 5.000000, y = 139.000000
avance = -121.000000, avanceR = 2.000000, avanceI = 2.000000
inc_x_r = 0.000000, inc_y_r = 1.000000, inc_x_i = 1.000000, inc_y_i = 1.000000
En el else......

----------------------------------------
x = 5.000000, y = 140.000000
avance = -119.000000, avanceR = 2.000000, avanceI = 2.000000
inc_x_r = 0.000000, inc_y_r = 1.000000, inc_x_i = 1.000000, inc_y_i = 1.000000
En el else......

----------------------------------------
x = 5.000000, y = 141.000000
avance = -117.000000, avanceR = 2.000000, avanceI = 2.000000
inc_x_r = 0.000000, inc_y_r = 1.000000, inc_x_i = 1.000000, inc_y_i = 1.000000
En el else......

----------------------------------------
x = 5.000000, y = 142.000000
avance = -115.000000, avanceR = 2.000000, avanceI = 2.000000
inc_x_r = 0.000000, inc_y_r = 1.000000, inc_x_i = 1.000000, inc_y_i = 1.000000
En el else......

----------------------------------------
x = 5.000000, y = 143.000000
avance = -113.000000, avanceR = 2.000000, avanceI = 2.000000
inc_x_r = 0.000000, inc_y_r = 1.000000, inc_x_i = 1.000000, inc_y_i = 1.000000
En el else......

----------------------------------------
x = 5.000000, y = 144.000000
avance = -111.000000, avanceR = 2.000000, avanceI = 2.000000
inc_x_r = 0.000000, inc_y_r = 1.000000, inc_x_i = 1.000000, inc_y_i = 1.000000
En el else......

----------------------------------------
x = 5.000000, y = 145.000000
avance = -109.000000, avanceR = 2.000000, avanceI = 2.000000
inc_x_r = 0.000000, inc_y_r = 1.000000, inc_x_i = 1.000000, inc_y_i = 1.000000
En el else......

----------------------------------------
x = 5.000000, y = 146.000000
avance = -107.000000, avanceR = 2.000000, avanceI = 2.000000
inc_x_r = 0.000000, inc_y_r = 1.000000, inc_x_i = 1.000000, inc_y_i = 1.000000
En el else......

----------------------------------------
x = 5.000000, y = 147.000000
avance = -105.000000, avanceR = 2.000000, avanceI = 2.000000
inc_x_r = 0.000000, inc_y_r = 1.000000, inc_x_i = 1.000000, inc_y_i = 1.000000
En el else......

----------------------------------------
x = 5.000000, y = 148.000000
avance = -103.000000, avanceR = 2.000000, avanceI = 2.000000
inc_x_r = 0.000000, inc_y_r = 1.000000, inc_x_i = 1.000000, inc_y_i = 1.000000
En el else......

----------------------------------------
x = 5.000000, y = 149.000000
avance = -101.000000, avanceR = 2.000000, avanceI = 2.000000
inc_x_r = 0.000000, inc_y_r = 1.000000, inc_x_i = 1.000000, inc_y_i = 1.000000
En el else......

----------------------------------------
x = 5.000000, y = 150.000000
avance = -99.000000, avanceR = 2.000000, avanceI = 2.000000
inc_x_r = 0.000000, inc_y_r = 1.000000, inc_x_i = 1.000000, inc_y_i = 1.000000
En el else......

----------------------------------------
x = 5.000000, y = 151.000000
avance = -97.000000, avanceR = 2.000000, avanceI = 2.000000
inc_x_r = 0.000000, inc_y_r = 1.000000, inc_x_i = 1.000000, inc_y_i = 1.000000
En el else......

----------------------------------------
x = 5.000000, y = 152.000000
avance = -95.000000, avanceR = 2.000000, avanceI = 2.000000
inc_x_r = 0.000000, inc_y_r = 1.000000, inc_x_i = 1.000000, inc_y_i = 1.000000
En el else......

----------------------------------------
x = 5.000000, y = 153.000000
avance = -93.000000, avanceR = 2.000000, avanceI = 2.000000
inc_x_r = 0.000000, inc_y_r = 1.000000, inc_x_i = 1.000000, inc_y_i = 1.000000
En el else......

----------------------------------------
x = 5.000000, y = 154.000000
avance = -91.000000, avanceR = 2.000000, avanceI = 2.000000
inc_x_r = 0.000000, inc_y_r = 1.000000, inc_x_i = 1.000000, inc_y_i = 1.000000
En el else......

----------------------------------------
x = 5.000000, y = 155.000000
avance = -89.000000, avanceR = 2.000000, avanceI = 2.000000
inc_x_r = 0.000000, inc_y_r = 1.000000, inc_x_i = 1.000000, inc_y_i = 1.000000
En el else......

----------------------------------------
x = 5.000000, y = 156.000000
avance = -87.000000, avanceR = 2.000000, avanceI = 2.000000
inc_x_r = 0.000000, inc_y_r = 1.000000, inc_x_i = 1.000000, inc_y_i = 1.000000
En el else......

----------------------------------------
x = 5.000000, y = 157.000000
avance = -85.000000, avanceR = 2.000000, avanceI = 2.000000
inc_x_r = 0.000000, inc_y_r = 1.000000, inc_x_i = 1.000000, inc_y_i = 1.000000
En el else......

----------------------------------------
x = 5.000000, y = 158.000000
avance = -83.000000, avanceR = 2.000000, avanceI = 2.000000
inc_x_r = 0.000000, inc_y_r = 1.000000, inc_x_i = 1.000000, inc_y_i = 1.000000
En el else......

----------------------------------------
x = 5.000000, y = 159.000000
avance = -81.000000, avanceR = 2.000000, avanceI = 2.000000
inc_x_r = 0.000000, inc_y_r = 1.000000, inc_x_i = 1.000000, inc_y_i = 1.000000
En el else......

----------------------------------------
x = 5.000000, y = 160.000000
avance = -79.000000, avanceR = 2.000000, avanceI = 2.000000
inc_x_r = 0.000000, inc_y_r = 1.000000, inc_x_i = 1.000000, inc_y_i = 1.000000
En el else......

----------------------------------------
x = 5.000000, y = 161.000000
avance = -77.000000, avanceR = 2.000000, avanceI = 2.000000
inc_x_r = 0.000000, inc_y_r = 1.000000, inc_x_i = 1.000000, inc_y_i = 1.000000
En el else......

----------------------------------------
x = 5.000000, y = 162.000000
avance = -75.000000, avanceR = 2.000000, avanceI = 2.000000
inc_x_r = 0.000000, inc_y_r = 1.000000, inc_x_i = 1.000000, inc_y_i = 1.000000
En el else......

----------------------------------------
x = 5.000000, y = 163.000000
avance = -73.000000, avanceR = 2.000000, avanceI = 2.000000
inc_x_r = 0.000000, inc_y_r = 1.000000, inc_x_i = 1.000000, inc_y_i = 1.000000
En el else......

----------------------------------------
x = 5.000000, y = 164.000000
avance = -71.000000, avanceR = 2.000000, avanceI = 2.000000
inc_x_r = 0.000000, inc_y_r = 1.000000, inc_x_i = 1.000000, inc_y_i = 1.000000
En el else......

----------------------------------------
x = 5.000000, y = 165.000000
avance = -69.000000, avanceR = 2.000000, avanceI = 2.000000
inc_x_r = 0.000000, inc_y_r = 1.000000, inc_x_i = 1.000000, inc_y_i = 1.000000
En el else......

----------------------------------------
x = 5.000000, y = 166.000000
avance = -67.000000, avanceR = 2.000000, avanceI = 2.000000
inc_x_r = 0.000000, inc_y_r = 1.000000, inc_x_i = 1.000000, inc_y_i = 1.000000
En el else......

----------------------------------------
x = 5.000000, y = 167.000000
avance = -65.000000, avanceR = 2.000000, avanceI = 2.000000
inc_x_r = 0.000000, inc_y_r = 1.000000, inc_x_i = 1.000000, inc_y_i = 1.000000
En el else......

----------------------------------------
x = 5.000000, y = 168.000000
avance = -63.000000, avanceR = 2.000000, avanceI = 2.000000
inc_x_r = 0.000000, inc_y_r = 1.000000, inc_x_i = 1.000000, inc_y_i = 1.000000
En el else......

----------------------------------------
x = 5.000000, y = 169.000000
avance = -61.000000, avanceR = 2.000000, avanceI = 2.000000
inc_x_r = 0.000000, inc_y_r = 1.000000, inc_x_i = 1.000000, inc_y_i = 1.000000
En el else......

----------------------------------------
x = 5.000000, y = 170.000000
avance = -59.000000, avanceR = 2.000000, avanceI = 2.000000
inc_x_r = 0.000000, inc_y_r = 1.000000, inc_x_i = 1.000000, inc_y_i = 1.000000
En el else......

----------------------------------------
x = 5.000000, y = 171.000000
avance = -57.000000, avanceR = 2.000000, avanceI = 2.000000
inc_x_r = 0.000000, inc_y_r = 1.000000, inc_x_i = 1.000000, inc_y_i = 1.000000
En el else......

----------------------------------------
x = 5.000000, y = 172.000000
avance = -55.000000, avanceR = 2.000000, avanceI = 2.000000
inc_x_r = 0.000000, inc_y_r = 1.000000, inc_x_i = 1.000000, inc_y_i = 1.000000
En el else......

----------------------------------------
x = 5.000000, y = 173.000000
avance = -53.000000, avanceR = 2.000000, avanceI = 2.000000
inc_x_r = 0.000000, inc_y_r = 1.000000, inc_x_i = 1.000000, inc_y_i = 1.000000
En el else......

----------------------------------------
x = 5.000000, y = 174.000000
avance = -51.000000, avanceR = 2.000000, avanceI = 2.000000
inc_x_r = 0.000000, inc_y_r = 1.000000, inc_x_i = 1.000000, inc_y_i = 1.000000
En el else......

----------------------------------------
x = 5.000000, y = 175.000000
avance = -49.000000, avanceR = 2.000000, avanceI = 2.000000
inc_x_r = 0.000000, inc_y_r = 1.000000, inc_x_i = 1.000000, inc_y_i = 1.000000
En el else......

----------------------------------------
x = 5.000000, y = 176.000000
avance = -47.000000, avanceR = 2.000000, avanceI = 2.000000
inc_x_r = 0.000000, inc_y_r = 1.000000, inc_x_i = 1.000000, inc_y_i = 1.000000
En el else......

----------------------------------------
x = 5.000000, y = 177.000000
avance = -45.000000, avanceR = 2.000000, avanceI = 2.000000
inc_x_r = 0.000000, inc_y_r = 1.000000, inc_x_i = 1.000000, inc_y_i = 1.000000
En el else......

----------------------------------------
x = 5.000000, y = 178.000000
avance = -43.000000, avanceR = 2.000000, avanceI = 2.000000
inc_x_r = 0.000000, inc_y_r = 1.000000, inc_x_i = 1.000000, inc_y_i = 1.000000
En el else......

----------------------------------------
x = 5.000000, y = 179.000000
avance = -41.000000, avanceR = 2.000000, avanceI = 2.000000
inc_x_r = 0.000000, inc_y_r = 1.000000, inc_x_i = 1.000000, inc_y_i = 1.000000
En el else......

----------------------------------------
x = 5.000000, y = 180.000000
avance = -39.000000, avanceR = 2.000000, avanceI = 2.000000
inc_x_r = 0.000000, inc_y_r = 1.000000, inc_x_i = 1.000000, inc_y_i = 1.000000
En el else......

----------------------------------------
x = 5.000000, y = 181.000000
avance = -37.000000, avanceR = 2.000000, avanceI = 2.000000
inc_x_r = 0.000000, inc_y_r = 1.000000, inc_x_i = 1.000000, inc_y_i = 1.000000
En el else......

----------------------------------------
x = 5.000000, y = 182.000000
avance = -35.000000, avanceR = 2.000000, avanceI = 2.000000
inc_x_r = 0.000000, inc_y_r = 1.000000, inc_x_i = 1.000000, inc_y_i = 1.000000
En el else......

----------------------------------------
x = 5.000000, y = 183.000000
avance = -33.000000, avanceR = 2.000000, avanceI = 2.000000
inc_x_r = 0.000000, inc_y_r = 1.000000, inc_x_i = 1.000000, inc_y_i = 1.000000
En el else......

----------------------------------------
x = 5.000000, y = 184.000000
avance = -31.000000, avanceR = 2.000000, avanceI = 2.000000
inc_x_r = 0.000000, inc_y_r = 1.000000, inc_x_i = 1.000000, inc_y_i = 1.000000
En el else......

----------------------------------------
x = 5.000000, y = 185.000000
avance = -29.000000, avanceR = 2.000000, avanceI = 2.000000
inc_x_r = 0.000000, inc_y_r = 1.000000, inc_x_i = 1.000000, inc_y_i = 1.000000
En el else......

----------------------------------------
x = 5.000000, y = 186.000000
avance = -27.000000, avanceR = 2.000000, avanceI = 2.000000
inc_x_r = 0.000000, inc_y_r = 1.000000, inc_x_i = 1.000000, inc_y_i = 1.000000
En el else......

----------------------------------------
x = 5.000000, y = 187.000000
avance = -25.000000, avanceR = 2.000000, avanceI = 2.000000
inc_x_r = 0.000000, inc_y_r = 1.000000, inc_x_i = 1.000000, inc_y_i = 1.000000
En el else......

----------------------------------------
x = 5.000000, y = 188.000000
avance = -23.000000, avanceR = 2.000000, avanceI = 2.000000
inc_x_r = 0.000000, inc_y_r = 1.000000, inc_x_i = 1.000000, inc_y_i = 1.000000
En el else......

----------------------------------------
x = 5.000000, y = 189.000000
avance = -21.000000, avanceR = 2.000000, avanceI = 2.000000
inc_x_r = 0.000000, inc_y_r = 1.000000, inc_x_i = 1.000000, inc_y_i = 1.000000
En el else......

----------------------------------------
x = 5.000000, y = 190.000000
avance = -19.000000, avanceR = 2.000000, avanceI = 2.000000
inc_x_r = 0.000000, inc_y_r = 1.000000, inc_x_i = 1.000000, inc_y_i = 1.000000
En el else......

----------------------------------------
x = 5.000000, y = 191.000000
avance = -17.000000, avanceR = 2.000000, avanceI = 2.000000
inc_x_r = 0.000000, inc_y_r = 1.000000, inc_x_i = 1.000000, inc_y_i = 1.000000
En el else......

----------------------------------------
x = 5.000000, y = 192.000000
avance = -15.000000, avanceR = 2.000000, avanceI = 2.000000
inc_x_r = 0.000000, inc_y_r = 1.000000, inc_x_i = 1.000000, inc_y_i = 1.000000
En el else......

----------------------------------------
x = 5.000000, y = 193.000000
avance = -13.000000, avanceR = 2.000000, avanceI = 2.000000
inc_x_r = 0.000000, inc_y_r = 1.000000, inc_x_i = 1.000000, inc_y_i = 1.000000
En el else......

----------------------------------------
x = 5.000000, y = 194.000000
avance = -11.000000, avanceR = 2.000000, avanceI = 2.000000
inc_x_r = 0.000000, inc_y_r = 1.000000, inc_x_i = 1.000000, inc_y_i = 1.000000
En el else......

----------------------------------------
x = 5.000000, y = 195.000000
avance = -9.000000, avanceR = 2.000000, avanceI = 2.000000
inc_x_r = 0.000000, inc_y_r = 1.000000, inc_x_i = 1.000000, inc_y_i = 1.000000
En el else......

----------------------------------------
x = 5.000000, y = 196.000000
avance = -7.000000, avanceR = 2.000000, avanceI = 2.000000
inc_x_r = 0.000000, inc_y_r = 1.000000, inc_x_i = 1.000000, inc_y_i = 1.000000
En el else......

----------------------------------------
x = 5.000000, y = 197.000000
avance = -5.000000, avanceR = 2.000000, avanceI = 2.000000
inc_x_r = 0.000000, inc_y_r = 1.000000, inc_x_i = 1.000000, inc_y_i = 1.000000
En el else......

----------------------------------------
x = 5.000000, y = 198.000000
avance = -3.000000, avanceR = 2.000000, avanceI = 2.000000
inc_x_r = 0.000000, inc_y_r = 1.000000, inc_x_i = 1.000000, inc_y_i = 1.000000
En el else......

----------------------------------------
x = 5.000000, y = 199.000000
avance = -1.000000, avanceR = 2.000000, avanceI = 2.000000
inc_x_r = 0.000000, inc_y_r = 1.000000, inc_x_i = 1.000000, inc_y_i = 1.000000
En el else......

----------------------------------------
x = 5.000000, y = 200.000000
avance = 1.000000, avanceR = 2.000000, avanceI = 2.000000
inc_x_r = 0.000000, inc_y_r = 1.000000, inc_x_i = 1.000000, inc_y_i = 1.000000
avance >= 0

----------------------------------------
x = 6.000000, y = 201.000000
avance = -499.000000, avanceR = 2.000000, avanceI = 2.000000
inc_x_r = 0.000000, inc_y_r = 1.000000, inc_x_i = 1.000000, inc_y_i = 1.000000
En el else......

----------------------------------------
x = 6.000000, y = 202.000000
avance = -497.000000, avanceR = 2.000000, avanceI = 2.000000
inc_x_r = 0.000000, inc_y_r = 1.000000, inc_x_i = 1.000000, inc_y_i = 1.000000
En el else......

----------------------------------------
x = 6.000000, y = 203.000000
avance = -495.000000, avanceR = 2.000000, avanceI = 2.000000
inc_x_r = 0.000000, inc_y_r = 1.000000, inc_x_i = 1.000000, inc_y_i = 1.000000
En el else......

----------------------------------------
x = 6.000000, y = 204.000000
avance = -493.000000, avanceR = 2.000000, avanceI = 2.000000
inc_x_r = 0.000000, inc_y_r = 1.000000, inc_x_i = 1.000000, inc_y_i = 1.000000
En el else......

----------------------------------------
x = 6.000000, y = 205.000000
avance = -491.000000, avanceR = 2.000000, avanceI = 2.000000
inc_x_r = 0.000000, inc_y_r = 1.000000, inc_x_i = 1.000000, inc_y_i = 1.000000
En el else......

----------------------------------------
x = 6.000000, y = 206.000000
avance = -489.000000, avanceR = 2.000000, avanceI = 2.000000
inc_x_r = 0.000000, inc_y_r = 1.000000, inc_x_i = 1.000000, inc_y_i = 1.000000
En el else......

----------------------------------------
x = 6.000000, y = 207.000000
avance = -487.000000, avanceR = 2.000000, avanceI = 2.000000
inc_x_r = 0.000000, inc_y_r = 1.000000, inc_x_i = 1.000000, inc_y_i = 1.000000
En el else......

----------------------------------------
x = 6.000000, y = 208.000000
avance = -485.000000, avanceR = 2.000000, avanceI = 2.000000
inc_x_r = 0.000000, inc_y_r = 1.000000, inc_x_i = 1.000000, inc_y_i = 1.000000
En el else......

----------------------------------------
x = 6.000000, y = 209.000000
avance = -483.000000, avanceR = 2.000000, avanceI = 2.000000
inc_x_r = 0.000000, inc_y_r = 1.000000, inc_x_i = 1.000000, inc_y_i = 1.000000
En el else......

----------------------------------------
x = 6.000000, y = 210.000000
avance = -481.000000, avanceR = 2.000000, avanceI = 2.000000
inc_x_r = 0.000000, inc_y_r = 1.000000, inc_x_i = 1.000000, inc_y_i = 1.000000
En el else......

----------------------------------------
x = 6.000000, y = 211.000000
avance = -479.000000, avanceR = 2.000000, avanceI = 2.000000
inc_x_r = 0.000000, inc_y_r = 1.000000, inc_x_i = 1.000000, inc_y_i = 1.000000
En el else......

----------------------------------------
x = 6.000000, y = 212.000000
avance = -477.000000, avanceR = 2.000000, avanceI = 2.000000
inc_x_r = 0.000000, inc_y_r = 1.000000, inc_x_i = 1.000000, inc_y_i = 1.000000
En el else......

----------------------------------------
x = 6.000000, y = 213.000000
avance = -475.000000, avanceR = 2.000000, avanceI = 2.000000
inc_x_r = 0.000000, inc_y_r = 1.000000, inc_x_i = 1.000000, inc_y_i = 1.000000
En el else......

----------------------------------------
x = 6.000000, y = 214.000000
avance = -473.000000, avanceR = 2.000000, avanceI = 2.000000
inc_x_r = 0.000000, inc_y_r = 1.000000, inc_x_i = 1.000000, inc_y_i = 1.000000
En el else......

----------------------------------------
x = 6.000000, y = 215.000000
avance = -471.000000, avanceR = 2.000000, avanceI = 2.000000
inc_x_r = 0.000000, inc_y_r = 1.000000, inc_x_i = 1.000000, inc_y_i = 1.000000
En el else......

----------------------------------------
x = 6.000000, y = 216.000000
avance = -469.000000, avanceR = 2.000000, avanceI = 2.000000
inc_x_r = 0.000000, inc_y_r = 1.000000, inc_x_i = 1.000000, inc_y_i = 1.000000
En el else......

----------------------------------------
x = 6.000000, y = 217.000000
avance = -467.000000, avanceR = 2.000000, avanceI = 2.000000
inc_x_r = 0.000000, inc_y_r = 1.000000, inc_x_i = 1.000000, inc_y_i = 1.000000
En el else......

----------------------------------------
x = 6.000000, y = 218.000000
avance = -465.000000, avanceR = 2.000000, avanceI = 2.000000
inc_x_r = 0.000000, inc_y_r = 1.000000, inc_x_i = 1.000000, inc_y_i = 1.000000
En el else......

----------------------------------------
x = 6.000000, y = 219.000000
avance = -463.000000, avanceR = 2.000000, avanceI = 2.000000
inc_x_r = 0.000000, inc_y_r = 1.000000, inc_x_i = 1.000000, inc_y_i = 1.000000
En el else......

----------------------------------------
x = 6.000000, y = 220.000000
avance = -461.000000, avanceR = 2.000000, avanceI = 2.000000
inc_x_r = 0.000000, inc_y_r = 1.000000, inc_x_i = 1.000000, inc_y_i = 1.000000
En el else......

----------------------------------------
x = 6.000000, y = 221.000000
avance = -459.000000, avanceR = 2.000000, avanceI = 2.000000
inc_x_r = 0.000000, inc_y_r = 1.000000, inc_x_i = 1.000000, inc_y_i = 1.000000
En el else......

----------------------------------------
x = 6.000000, y = 222.000000
avance = -457.000000, avanceR = 2.000000, avanceI = 2.000000
inc_x_r = 0.000000, inc_y_r = 1.000000, inc_x_i = 1.000000, inc_y_i = 1.000000
En el else......

----------------------------------------
x = 6.000000, y = 223.000000
avance = -455.000000, avanceR = 2.000000, avanceI = 2.000000
inc_x_r = 0.000000, inc_y_r = 1.000000, inc_x_i = 1.000000, inc_y_i = 1.000000
En el else......

----------------------------------------
x = 6.000000, y = 224.000000
avance = -453.000000, avanceR = 2.000000, avanceI = 2.000000
inc_x_r = 0.000000, inc_y_r = 1.000000, inc_x_i = 1.000000, inc_y_i = 1.000000
En el else......

----------------------------------------
x = 6.000000, y = 225.000000
avance = -451.000000, avanceR = 2.000000, avanceI = 2.000000
inc_x_r = 0.000000, inc_y_r = 1.000000, inc_x_i = 1.000000, inc_y_i = 1.000000
En el else......

----------------------------------------
x = 6.000000, y = 226.000000
avance = -449.000000, avanceR = 2.000000, avanceI = 2.000000
inc_x_r = 0.000000, inc_y_r = 1.000000, inc_x_i = 1.000000, inc_y_i = 1.000000
En el else......

----------------------------------------
x = 6.000000, y = 227.000000
avance = -447.000000, avanceR = 2.000000, avanceI = 2.000000
inc_x_r = 0.000000, inc_y_r = 1.000000, inc_x_i = 1.000000, inc_y_i = 1.000000
En el else......

----------------------------------------
x = 6.000000, y = 228.000000
avance = -445.000000, avanceR = 2.000000, avanceI = 2.000000
inc_x_r = 0.000000, inc_y_r = 1.000000, inc_x_i = 1.000000, inc_y_i = 1.000000
En el else......

----------------------------------------
x = 6.000000, y = 229.000000
avance = -443.000000, avanceR = 2.000000, avanceI = 2.000000
inc_x_r = 0.000000, inc_y_r = 1.000000, inc_x_i = 1.000000, inc_y_i = 1.000000
En el else......

----------------------------------------
x = 6.000000, y = 230.000000
avance = -441.000000, avanceR = 2.000000, avanceI = 2.000000
inc_x_r = 0.000000, inc_y_r = 1.000000, inc_x_i = 1.000000, inc_y_i = 1.000000
En el else......

----------------------------------------
x = 6.000000, y = 231.000000
avance = -439.000000, avanceR = 2.000000, avanceI = 2.000000
inc_x_r = 0.000000, inc_y_r = 1.000000, inc_x_i = 1.000000, inc_y_i = 1.000000
En el else......

----------------------------------------
x = 6.000000, y = 232.000000
avance = -437.000000, avanceR = 2.000000, avanceI = 2.000000
inc_x_r = 0.000000, inc_y_r = 1.000000, inc_x_i = 1.000000, inc_y_i = 1.000000
En el else......

----------------------------------------
x = 6.000000, y = 233.000000
avance = -435.000000, avanceR = 2.000000, avanceI = 2.000000
inc_x_r = 0.000000, inc_y_r = 1.000000, inc_x_i = 1.000000, inc_y_i = 1.000000
En el else......

----------------------------------------
x = 6.000000, y = 234.000000
avance = -433.000000, avanceR = 2.000000, avanceI = 2.000000
inc_x_r = 0.000000, inc_y_r = 1.000000, inc_x_i = 1.000000, inc_y_i = 1.000000
En el else......

----------------------------------------
x = 6.000000, y = 235.000000
avance = -431.000000, avanceR = 2.000000, avanceI = 2.000000
inc_x_r = 0.000000, inc_y_r = 1.000000, inc_x_i = 1.000000, inc_y_i = 1.000000
En el else......

----------------------------------------
x = 6.000000, y = 236.000000
avance = -429.000000, avanceR = 2.000000, avanceI = 2.000000
inc_x_r = 0.000000, inc_y_r = 1.000000, inc_x_i = 1.000000, inc_y_i = 1.000000
En el else......

----------------------------------------
x = 6.000000, y = 237.000000
avance = -427.000000, avanceR = 2.000000, avanceI = 2.000000
inc_x_r = 0.000000, inc_y_r = 1.000000, inc_x_i = 1.000000, inc_y_i = 1.000000
En el else......

----------------------------------------
x = 6.000000, y = 238.000000
avance = -425.000000, avanceR = 2.000000, avanceI = 2.000000
inc_x_r = 0.000000, inc_y_r = 1.000000, inc_x_i = 1.000000, inc_y_i = 1.000000
En el else......

----------------------------------------
x = 6.000000, y = 239.000000
avance = -423.000000, avanceR = 2.000000, avanceI = 2.000000
inc_x_r = 0.000000, inc_y_r = 1.000000, inc_x_i = 1.000000, inc_y_i = 1.000000
En el else......

----------------------------------------
x = 6.000000, y = 240.000000
avance = -421.000000, avanceR = 2.000000, avanceI = 2.000000
inc_x_r = 0.000000, inc_y_r = 1.000000, inc_x_i = 1.000000, inc_y_i = 1.000000
En el else......

----------------------------------------
x = 6.000000, y = 241.000000
avance = -419.000000, avanceR = 2.000000, avanceI = 2.000000
inc_x_r = 0.000000, inc_y_r = 1.000000, inc_x_i = 1.000000, inc_y_i = 1.000000
En el else......

----------------------------------------
x = 6.000000, y = 242.000000
avance = -417.000000, avanceR = 2.000000, avanceI = 2.000000
inc_x_r = 0.000000, inc_y_r = 1.000000, inc_x_i = 1.000000, inc_y_i = 1.000000
En el else......

----------------------------------------
x = 6.000000, y = 243.000000
avance = -415.000000, avanceR = 2.000000, avanceI = 2.000000
inc_x_r = 0.000000, inc_y_r = 1.000000, inc_x_i = 1.000000, inc_y_i = 1.000000
En el else......

----------------------------------------
x = 6.000000, y = 244.000000
avance = -413.000000, avanceR = 2.000000, avanceI = 2.000000
inc_x_r = 0.000000, inc_y_r = 1.000000, inc_x_i = 1.000000, inc_y_i = 1.000000
En el else......

----------------------------------------
x = 6.000000, y = 245.000000
avance = -411.000000, avanceR = 2.000000, avanceI = 2.000000
inc_x_r = 0.000000, inc_y_r = 1.000000, inc_x_i = 1.000000, inc_y_i = 1.000000
En el else......

----------------------------------------
x = 6.000000, y = 246.000000
avance = -409.000000, avanceR = 2.000000, avanceI = 2.000000
inc_x_r = 0.000000, inc_y_r = 1.000000, inc_x_i = 1.000000, inc_y_i = 1.000000
En el else......

----------------------------------------
x = 6.000000, y = 247.000000
avance = -407.000000, avanceR = 2.000000, avanceI = 2.000000
inc_x_r = 0.000000, inc_y_r = 1.000000, inc_x_i = 1.000000, inc_y_i = 1.000000
En el else......

----------------------------------------
x = 6.000000, y = 248.000000
avance = -405.000000, avanceR = 2.000000, avanceI = 2.000000
inc_x_r = 0.000000, inc_y_r = 1.000000, inc_x_i = 1.000000, inc_y_i = 1.000000
En el else......

----------------------------------------
x = 6.000000, y = 249.000000
avance = -403.000000, avanceR = 2.000000, avanceI = 2.000000
inc_x_r = 0.000000, inc_y_r = 1.000000, inc_x_i = 1.000000, inc_y_i = 1.000000
En el else......

----------------------------------------
x = 6.000000, y = 250.000000
avance = -401.000000, avanceR = 2.000000, avanceI = 2.000000
inc_x_r = 0.000000, inc_y_r = 1.000000, inc_x_i = 1.000000, inc_y_i = 1.000000
En el else......

----------------------------------------
x = 6.000000, y = 251.000000
avance = -399.000000, avanceR = 2.000000, avanceI = 2.000000
inc_x_r = 0.000000, inc_y_r = 1.000000, inc_x_i = 1.000000, inc_y_i = 1.000000
En el else......

----------------------------------------
x = 6.000000, y = 252.000000
avance = -397.000000, avanceR = 2.000000, avanceI = 2.000000
inc_x_r = 0.000000, inc_y_r = 1.000000, inc_x_i = 1.000000, inc_y_i = 1.000000
En el else......

----------------------------------------
x = 6.000000, y = 253.000000
avance = -395.000000, avanceR = 2.000000, avanceI = 2.000000
inc_x_r = 0.000000, inc_y_r = 1.000000, inc_x_i = 1.000000, inc_y_i = 1.000000
En el else......

----------------------------------------
x = 6.000000, y = 254.000000
avance = -393.000000, avanceR = 2.000000, avanceI = 2.000000
inc_x_r = 0.000000, inc_y_r = 1.000000, inc_x_i = 1.000000, inc_y_i = 1.000000
En el else......

----------------------------------------
x = 6.000000, y = 255.000000
avance = -391.000000, avanceR = 2.000000, avanceI = 2.000000
inc_x_r = 0.000000, inc_y_r = 1.000000, inc_x_i = 1.000000, inc_y_i = 1.000000
En el else......

----------------------------------------
x = 6.000000, y = 256.000000
avance = -389.000000, avanceR = 2.000000, avanceI = 2.000000
inc_x_r = 0.000000, inc_y_r = 1.000000, inc_x_i = 1.000000, inc_y_i = 1.000000
En el else......

----------------------------------------
x = 6.000000, y = 257.000000
avance = -387.000000, avanceR = 2.000000, avanceI = 2.000000
inc_x_r = 0.000000, inc_y_r = 1.000000, inc_x_i = 1.000000, inc_y_i = 1.000000
En el else......

----------------------------------------
x = 6.000000, y = 258.000000
avance = -385.000000, avanceR = 2.000000, avanceI = 2.000000
inc_x_r = 0.000000, inc_y_r = 1.000000, inc_x_i = 1.000000, inc_y_i = 1.000000
En el else......

----------------------------------------
x = 6.000000, y = 259.000000
avance = -383.000000, avanceR = 2.000000, avanceI = 2.000000
inc_x_r = 0.000000, inc_y_r = 1.000000, inc_x_i = 1.000000, inc_y_i = 1.000000
En el else......

----------------------------------------
x = 6.000000, y = 260.000000
avance = -381.000000, avanceR = 2.000000, avanceI = 2.000000
inc_x_r = 0.000000, inc_y_r = 1.000000, inc_x_i = 1.000000, inc_y_i = 1.000000
En el else......

----------------------------------------
x = 6.000000, y = 261.000000
avance = -379.000000, avanceR = 2.000000, avanceI = 2.000000
inc_x_r = 0.000000, inc_y_r = 1.000000, inc_x_i = 1.000000, inc_y_i = 1.000000
En el else......

----------------------------------------
x = 6.000000, y = 262.000000
avance = -377.000000, avanceR = 2.000000, avanceI = 2.000000
inc_x_r = 0.000000, inc_y_r = 1.000000, inc_x_i = 1.000000, inc_y_i = 1.000000
En el else......

----------------------------------------
x = 6.000000, y = 263.000000
avance = -375.000000, avanceR = 2.000000, avanceI = 2.000000
inc_x_r = 0.000000, inc_y_r = 1.000000, inc_x_i = 1.000000, inc_y_i = 1.000000
En el else......

----------------------------------------
x = 6.000000, y = 264.000000
avance = -373.000000, avanceR = 2.000000, avanceI = 2.000000
inc_x_r = 0.000000, inc_y_r = 1.000000, inc_x_i = 1.000000, inc_y_i = 1.000000
En el else......

----------------------------------------
x = 6.000000, y = 265.000000
avance = -371.000000, avanceR = 2.000000, avanceI = 2.000000
inc_x_r = 0.000000, inc_y_r = 1.000000, inc_x_i = 1.000000, inc_y_i = 1.000000
En el else......

----------------------------------------
x = 6.000000, y = 266.000000
avance = -369.000000, avanceR = 2.000000, avanceI = 2.000000
inc_x_r = 0.000000, inc_y_r = 1.000000, inc_x_i = 1.000000, inc_y_i = 1.000000
En el else......

----------------------------------------
x = 6.000000, y = 267.000000
avance = -367.000000, avanceR = 2.000000, avanceI = 2.000000
inc_x_r = 0.000000, inc_y_r = 1.000000, inc_x_i = 1.000000, inc_y_i = 1.000000
En el else......

----------------------------------------
x = 6.000000, y = 268.000000
avance = -365.000000, avanceR = 2.000000, avanceI = 2.000000
inc_x_r = 0.000000, inc_y_r = 1.000000, inc_x_i = 1.000000, inc_y_i = 1.000000
En el else......

----------------------------------------
x = 6.000000, y = 269.000000
avance = -363.000000, avanceR = 2.000000, avanceI = 2.000000
inc_x_r = 0.000000, inc_y_r = 1.000000, inc_x_i = 1.000000, inc_y_i = 1.000000
En el else......

----------------------------------------
x = 6.000000, y = 270.000000
avance = -361.000000, avanceR = 2.000000, avanceI = 2.000000
inc_x_r = 0.000000, inc_y_r = 1.000000, inc_x_i = 1.000000, inc_y_i = 1.000000
En el else......

----------------------------------------
x = 6.000000, y = 271.000000
avance = -359.000000, avanceR = 2.000000, avanceI = 2.000000
inc_x_r = 0.000000, inc_y_r = 1.000000, inc_x_i = 1.000000, inc_y_i = 1.000000
En el else......

----------------------------------------
x = 6.000000, y = 272.000000
avance = -357.000000, avanceR = 2.000000, avanceI = 2.000000
inc_x_r = 0.000000, inc_y_r = 1.000000, inc_x_i = 1.000000, inc_y_i = 1.000000
En el else......

----------------------------------------
x = 6.000000, y = 273.000000
avance = -355.000000, avanceR = 2.000000, avanceI = 2.000000
inc_x_r = 0.000000, inc_y_r = 1.000000, inc_x_i = 1.000000, inc_y_i = 1.000000
En el else......

----------------------------------------
x = 6.000000, y = 274.000000
avance = -353.000000, avanceR = 2.000000, avanceI = 2.000000
inc_x_r = 0.000000, inc_y_r = 1.000000, inc_x_i = 1.000000, inc_y_i = 1.000000
En el else......

----------------------------------------
x = 6.000000, y = 275.000000
avance = -351.000000, avanceR = 2.000000, avanceI = 2.000000
inc_x_r = 0.000000, inc_y_r = 1.000000, inc_x_i = 1.000000, inc_y_i = 1.000000
En el else......

----------------------------------------
x = 6.000000, y = 276.000000
avance = -349.000000, avanceR = 2.000000, avanceI = 2.000000
inc_x_r = 0.000000, inc_y_r = 1.000000, inc_x_i = 1.000000, inc_y_i = 1.000000
En el else......

----------------------------------------
x = 6.000000, y = 277.000000
avance = -347.000000, avanceR = 2.000000, avanceI = 2.000000
inc_x_r = 0.000000, inc_y_r = 1.000000, inc_x_i = 1.000000, inc_y_i = 1.000000
En el else......

----------------------------------------
x = 6.000000, y = 278.000000
avance = -345.000000, avanceR = 2.000000, avanceI = 2.000000
inc_x_r = 0.000000, inc_y_r = 1.000000, inc_x_i = 1.000000, inc_y_i = 1.000000
En el else......

----------------------------------------
x = 6.000000, y = 279.000000
avance = -343.000000, avanceR = 2.000000, avanceI = 2.000000
inc_x_r = 0.000000, inc_y_r = 1.000000, inc_x_i = 1.000000, inc_y_i = 1.000000
En el else......

----------------------------------------
x = 6.000000, y = 280.000000
avance = -341.000000, avanceR = 2.000000, avanceI = 2.000000
inc_x_r = 0.000000, inc_y_r = 1.000000, inc_x_i = 1.000000, inc_y_i = 1.000000
En el else......

----------------------------------------
x = 6.000000, y = 281.000000
avance = -339.000000, avanceR = 2.000000, avanceI = 2.000000
inc_x_r = 0.000000, inc_y_r = 1.000000, inc_x_i = 1.000000, inc_y_i = 1.000000
En el else......

----------------------------------------
x = 6.000000, y = 282.000000
avance = -337.000000, avanceR = 2.000000, avanceI = 2.000000
inc_x_r = 0.000000, inc_y_r = 1.000000, inc_x_i = 1.000000, inc_y_i = 1.000000
En el else......

----------------------------------------
x = 6.000000, y = 283.000000
avance = -335.000000, avanceR = 2.000000, avanceI = 2.000000
inc_x_r = 0.000000, inc_y_r = 1.000000, inc_x_i = 1.000000, inc_y_i = 1.000000
En el else......

----------------------------------------
x = 6.000000, y = 284.000000
avance = -333.000000, avanceR = 2.000000, avanceI = 2.000000
inc_x_r = 0.000000, inc_y_r = 1.000000, inc_x_i = 1.000000, inc_y_i = 1.000000
En el else......

----------------------------------------
x = 6.000000, y = 285.000000
avance = -331.000000, avanceR = 2.000000, avanceI = 2.000000
inc_x_r = 0.000000, inc_y_r = 1.000000, inc_x_i = 1.000000, inc_y_i = 1.000000
En el else......

----------------------------------------
x = 6.000000, y = 286.000000
avance = -329.000000, avanceR = 2.000000, avanceI = 2.000000
inc_x_r = 0.000000, inc_y_r = 1.000000, inc_x_i = 1.000000, inc_y_i = 1.000000
En el else......

----------------------------------------
x = 6.000000, y = 287.000000
avance = -327.000000, avanceR = 2.000000, avanceI = 2.000000
inc_x_r = 0.000000, inc_y_r = 1.000000, inc_x_i = 1.000000, inc_y_i = 1.000000
En el else......

----------------------------------------
x = 6.000000, y = 288.000000
avance = -325.000000, avanceR = 2.000000, avanceI = 2.000000
inc_x_r = 0.000000, inc_y_r = 1.000000, inc_x_i = 1.000000, inc_y_i = 1.000000
En el else......

----------------------------------------
x = 6.000000, y = 289.000000
avance = -323.000000, avanceR = 2.000000, avanceI = 2.000000
inc_x_r = 0.000000, inc_y_r = 1.000000, inc_x_i = 1.000000, inc_y_i = 1.000000
En el else......

----------------------------------------
x = 6.000000, y = 290.000000
avance = -321.000000, avanceR = 2.000000, avanceI = 2.000000
inc_x_r = 0.000000, inc_y_r = 1.000000, inc_x_i = 1.000000, inc_y_i = 1.000000
En el else......

----------------------------------------
x = 6.000000, y = 291.000000
avance = -319.000000, avanceR = 2.000000, avanceI = 2.000000
inc_x_r = 0.000000, inc_y_r = 1.000000, inc_x_i = 1.000000, inc_y_i = 1.000000
En el else......

----------------------------------------
x = 6.000000, y = 292.000000
avance = -317.000000, avanceR = 2.000000, avanceI = 2.000000
inc_x_r = 0.000000, inc_y_r = 1.000000, inc_x_i = 1.000000, inc_y_i = 1.000000
En el else......

----------------------------------------
x = 6.000000, y = 293.000000
avance = -315.000000, avanceR = 2.000000, avanceI = 2.000000
inc_x_r = 0.000000, inc_y_r = 1.000000, inc_x_i = 1.000000, inc_y_i = 1.000000
En el else......

----------------------------------------
x = 6.000000, y = 294.000000
avance = -313.000000, avanceR = 2.000000, avanceI = 2.000000
inc_x_r = 0.000000, inc_y_r = 1.000000, inc_x_i = 1.000000, inc_y_i = 1.000000
En el else......

----------------------------------------
x = 6.000000, y = 295.000000
avance = -311.000000, avanceR = 2.000000, avanceI = 2.000000
inc_x_r = 0.000000, inc_y_r = 1.000000, inc_x_i = 1.000000, inc_y_i = 1.000000
En el else......

----------------------------------------
x = 6.000000, y = 296.000000
avance = -309.000000, avanceR = 2.000000, avanceI = 2.000000
inc_x_r = 0.000000, inc_y_r = 1.000000, inc_x_i = 1.000000, inc_y_i = 1.000000
En el else......

----------------------------------------
x = 6.000000, y = 297.000000
avance = -307.000000, avanceR = 2.000000, avanceI = 2.000000
inc_x_r = 0.000000, inc_y_r = 1.000000, inc_x_i = 1.000000, inc_y_i = 1.000000
En el else......

----------------------------------------
x = 6.000000, y = 298.000000
avance = -305.000000, avanceR = 2.000000, avanceI = 2.000000
inc_x_r = 0.000000, inc_y_r = 1.000000, inc_x_i = 1.000000, inc_y_i = 1.000000
En el else......

----------------------------------------
x = 6.000000, y = 299.000000
avance = -303.000000, avanceR = 2.000000, avanceI = 2.000000
inc_x_r = 0.000000, inc_y_r = 1.000000, inc_x_i = 1.000000, inc_y_i = 1.000000
En el else......

----------------------------------------
x = 6.000000, y = 300.000000
avance = -301.000000, avanceR = 2.000000, avanceI = 2.000000
inc_x_r = 0.000000, inc_y_r = 1.000000, inc_x_i = 1.000000, inc_y_i = 1.000000
En el else......

----------------------------------------
x = 6.000000, y = 301.000000
avance = -299.000000, avanceR = 2.000000, avanceI = 2.000000
inc_x_r = 0.000000, inc_y_r = 1.000000, inc_x_i = 1.000000, inc_y_i = 1.000000
En el else......

----------------------------------------
x = 6.000000, y = 302.000000
avance = -297.000000, avanceR = 2.000000, avanceI = 2.000000
inc_x_r = 0.000000, inc_y_r = 1.000000, inc_x_i = 1.000000, inc_y_i = 1.000000
En el else......

----------------------------------------
x = 6.000000, y = 303.000000
avance = -295.000000, avanceR = 2.000000, avanceI = 2.000000
inc_x_r = 0.000000, inc_y_r = 1.000000, inc_x_i = 1.000000, inc_y_i = 1.000000
En el else......

----------------------------------------
x = 6.000000, y = 304.000000
avance = -293.000000, avanceR = 2.000000, avanceI = 2.000000
inc_x_r = 0.000000, inc_y_r = 1.000000, inc_x_i = 1.000000, inc_y_i = 1.000000
En el else......

----------------------------------------
x = 6.000000, y = 305.000000
avance = -291.000000, avanceR = 2.000000, avanceI = 2.000000
inc_x_r = 0.000000, inc_y_r = 1.000000, inc_x_i = 1.000000, inc_y_i = 1.000000
En el else......

----------------------------------------
x = 6.000000, y = 306.000000
avance = -289.000000, avanceR = 2.000000, avanceI = 2.000000
inc_x_r = 0.000000, inc_y_r = 1.000000, inc_x_i = 1.000000, inc_y_i = 1.000000
En el else......

----------------------------------------
x = 6.000000, y = 307.000000
avance = -287.000000, avanceR = 2.000000, avanceI = 2.000000
inc_x_r = 0.000000, inc_y_r = 1.000000, inc_x_i = 1.000000, inc_y_i = 1.000000
En el else......

----------------------------------------
x = 6.000000, y = 308.000000
avance = -285.000000, avanceR = 2.000000, avanceI = 2.000000
inc_x_r = 0.000000, inc_y_r = 1.000000, inc_x_i = 1.000000, inc_y_i = 1.000000
En el else......

----------------------------------------
x = 6.000000, y = 309.000000
avance = -283.000000, avanceR = 2.000000, avanceI = 2.000000
inc_x_r = 0.000000, inc_y_r = 1.000000, inc_x_i = 1.000000, inc_y_i = 1.000000
En el else......

----------------------------------------
x = 6.000000, y = 310.000000
avance = -281.000000, avanceR = 2.000000, avanceI = 2.000000
inc_x_r = 0.000000, inc_y_r = 1.000000, inc_x_i = 1.000000, inc_y_i = 1.000000
En el else......

----------------------------------------
x = 6.000000, y = 311.000000
avance = -279.000000, avanceR = 2.000000, avanceI = 2.000000
inc_x_r = 0.000000, inc_y_r = 1.000000, inc_x_i = 1.000000, inc_y_i = 1.000000
En el else......

----------------------------------------
x = 6.000000, y = 312.000000
avance = -277.000000, avanceR = 2.000000, avanceI = 2.000000
inc_x_r = 0.000000, inc_y_r = 1.000000, inc_x_i = 1.000000, inc_y_i = 1.000000
En el else......

----------------------------------------
x = 6.000000, y = 313.000000
avance = -275.000000, avanceR = 2.000000, avanceI = 2.000000
inc_x_r = 0.000000, inc_y_r = 1.000000, inc_x_i = 1.000000, inc_y_i = 1.000000
En el else......

----------------------------------------
x = 6.000000, y = 314.000000
avance = -273.000000, avanceR = 2.000000, avanceI = 2.000000
inc_x_r = 0.000000, inc_y_r = 1.000000, inc_x_i = 1.000000, inc_y_i = 1.000000
En el else......

----------------------------------------
x = 6.000000, y = 315.000000
avance = -271.000000, avanceR = 2.000000, avanceI = 2.000000
inc_x_r = 0.000000, inc_y_r = 1.000000, inc_x_i = 1.000000, inc_y_i = 1.000000
En el else......

----------------------------------------
x = 6.000000, y = 316.000000
avance = -269.000000, avanceR = 2.000000, avanceI = 2.000000
inc_x_r = 0.000000, inc_y_r = 1.000000, inc_x_i = 1.000000, inc_y_i = 1.000000
En el else......

----------------------------------------
x = 6.000000, y = 317.000000
avance = -267.000000, avanceR = 2.000000, avanceI = 2.000000
inc_x_r = 0.000000, inc_y_r = 1.000000, inc_x_i = 1.000000, inc_y_i = 1.000000
En el else......

----------------------------------------
x = 6.000000, y = 318.000000
avance = -265.000000, avanceR = 2.000000, avanceI = 2.000000
inc_x_r = 0.000000, inc_y_r = 1.000000, inc_x_i = 1.000000, inc_y_i = 1.000000
En el else......

----------------------------------------
x = 6.000000, y = 319.000000
avance = -263.000000, avanceR = 2.000000, avanceI = 2.000000
inc_x_r = 0.000000, inc_y_r = 1.000000, inc_x_i = 1.000000, inc_y_i = 1.000000
En el else......

----------------------------------------
x = 6.000000, y = 320.000000
avance = -261.000000, avanceR = 2.000000, avanceI = 2.000000
inc_x_r = 0.000000, inc_y_r = 1.000000, inc_x_i = 1.000000, inc_y_i = 1.000000
En el else......

----------------------------------------
x = 6.000000, y = 321.000000
avance = -259.000000, avanceR = 2.000000, avanceI = 2.000000
inc_x_r = 0.000000, inc_y_r = 1.000000, inc_x_i = 1.000000, inc_y_i = 1.000000
En el else......

----------------------------------------
x = 6.000000, y = 322.000000
avance = -257.000000, avanceR = 2.000000, avanceI = 2.000000
inc_x_r = 0.000000, inc_y_r = 1.000000, inc_x_i = 1.000000, inc_y_i = 1.000000
En el else......

----------------------------------------
x = 6.000000, y = 323.000000
avance = -255.000000, avanceR = 2.000000, avanceI = 2.000000
inc_x_r = 0.000000, inc_y_r = 1.000000, inc_x_i = 1.000000, inc_y_i = 1.000000
En el else......

----------------------------------------
x = 6.000000, y = 324.000000
avance = -253.000000, avanceR = 2.000000, avanceI = 2.000000
inc_x_r = 0.000000, inc_y_r = 1.000000, inc_x_i = 1.000000, inc_y_i = 1.000000
En el else......

----------------------------------------
x = 6.000000, y = 325.000000
avance = -251.000000, avanceR = 2.000000, avanceI = 2.000000
inc_x_r = 0.000000, inc_y_r = 1.000000, inc_x_i = 1.000000, inc_y_i = 1.000000
En el else......

----------------------------------------


ENTRAMOS A BRESENHAMªªªª
x1 = 5.000000 - y1 = 75.000000 || x2 = 6.000000 - y2 = 326.000000
dy = 251.000000, dx = 1.000000
avances inclinados: inc_x_i = 1.000000, inc_y_i = 1.000000
updated: dy = 251.000000, dx = 1.000000
avances rectos: inc_x_r = 0.000000, inc_y_r 1.000000
reupdated: dy = 1.000000, dx = 251.000000
avanceR = 2.000000, avance -249.000000, avanceI 2.000000
----------------------------------------
x = 5.000000, y = 75.000000
avance = -249.000000, avanceR = 2.000000, avanceI = 2.000000
inc_x_r = 0.000000, inc_y_r = 1.000000, inc_x_i = 1.000000, inc_y_i = 1.000000
En el else......

----------------------------------------
x = 5.000000, y = 76.000000
avance = -247.000000, avanceR = 2.000000, avanceI = 2.000000
inc_x_r = 0.000000, inc_y_r = 1.000000, inc_x_i = 1.000000, inc_y_i = 1.000000
En el else......

----------------------------------------
x = 5.000000, y = 77.000000
avance = -245.000000, avanceR = 2.000000, avanceI = 2.000000
inc_x_r = 0.000000, inc_y_r = 1.000000, inc_x_i = 1.000000, inc_y_i = 1.000000
En el else......

----------------------------------------
x = 5.000000, y = 78.000000
avance = -243.000000, avanceR = 2.000000, avanceI = 2.000000
inc_x_r = 0.000000, inc_y_r = 1.000000, inc_x_i = 1.000000, inc_y_i = 1.000000
En el else......

----------------------------------------
x = 5.000000, y = 79.000000
avance = -241.000000, avanceR = 2.000000, avanceI = 2.000000
inc_x_r = 0.000000, inc_y_r = 1.000000, inc_x_i = 1.000000, inc_y_i = 1.000000
En el else......

----------------------------------------
x = 5.000000, y = 80.000000
avance = -239.000000, avanceR = 2.000000, avanceI = 2.000000
inc_x_r = 0.000000, inc_y_r = 1.000000, inc_x_i = 1.000000, inc_y_i = 1.000000
En el else......

----------------------------------------
x = 5.000000, y = 81.000000
avance = -237.000000, avanceR = 2.000000, avanceI = 2.000000
inc_x_r = 0.000000, inc_y_r = 1.000000, inc_x_i = 1.000000, inc_y_i = 1.000000
En el else......

----------------------------------------
x = 5.000000, y = 82.000000
avance = -235.000000, avanceR = 2.000000, avanceI = 2.000000
inc_x_r = 0.000000, inc_y_r = 1.000000, inc_x_i = 1.000000, inc_y_i = 1.000000
En el else......

----------------------------------------
x = 5.000000, y = 83.000000
avance = -233.000000, avanceR = 2.000000, avanceI = 2.000000
inc_x_r = 0.000000, inc_y_r = 1.000000, inc_x_i = 1.000000, inc_y_i = 1.000000
En el else......

----------------------------------------
x = 5.000000, y = 84.000000
avance = -231.000000, avanceR = 2.000000, avanceI = 2.000000
inc_x_r = 0.000000, inc_y_r = 1.000000, inc_x_i = 1.000000, inc_y_i = 1.000000
En el else......

----------------------------------------
x = 5.000000, y = 85.000000
avance = -229.000000, avanceR = 2.000000, avanceI = 2.000000
inc_x_r = 0.000000, inc_y_r = 1.000000, inc_x_i = 1.000000, inc_y_i = 1.000000
En el else......

----------------------------------------
x = 5.000000, y = 86.000000
avance = -227.000000, avanceR = 2.000000, avanceI = 2.000000
inc_x_r = 0.000000, inc_y_r = 1.000000, inc_x_i = 1.000000, inc_y_i = 1.000000
En el else......

----------------------------------------
x = 5.000000, y = 87.000000
avance = -225.000000, avanceR = 2.000000, avanceI = 2.000000
inc_x_r = 0.000000, inc_y_r = 1.000000, inc_x_i = 1.000000, inc_y_i = 1.000000
En el else......

----------------------------------------
x = 5.000000, y = 88.000000
avance = -223.000000, avanceR = 2.000000, avanceI = 2.000000
inc_x_r = 0.000000, inc_y_r = 1.000000, inc_x_i = 1.000000, inc_y_i = 1.000000
En el else......

----------------------------------------
x = 5.000000, y = 89.000000
avance = -221.000000, avanceR = 2.000000, avanceI = 2.000000
inc_x_r = 0.000000, inc_y_r = 1.000000, inc_x_i = 1.000000, inc_y_i = 1.000000
En el else......

----------------------------------------
x = 5.000000, y = 90.000000
avance = -219.000000, avanceR = 2.000000, avanceI = 2.000000
inc_x_r = 0.000000, inc_y_r = 1.000000, inc_x_i = 1.000000, inc_y_i = 1.000000
En el else......

----------------------------------------
x = 5.000000, y = 91.000000
avance = -217.000000, avanceR = 2.000000, avanceI = 2.000000
inc_x_r = 0.000000, inc_y_r = 1.000000, inc_x_i = 1.000000, inc_y_i = 1.000000
En el else......

----------------------------------------
x = 5.000000, y = 92.000000
avance = -215.000000, avanceR = 2.000000, avanceI = 2.000000
inc_x_r = 0.000000, inc_y_r = 1.000000, inc_x_i = 1.000000, inc_y_i = 1.000000
En el else......

----------------------------------------
x = 5.000000, y = 93.000000
avance = -213.000000, avanceR = 2.000000, avanceI = 2.000000
inc_x_r = 0.000000, inc_y_r = 1.000000, inc_x_i = 1.000000, inc_y_i = 1.000000
En el else......

----------------------------------------
x = 5.000000, y = 94.000000
avance = -211.000000, avanceR = 2.000000, avanceI = 2.000000
inc_x_r = 0.000000, inc_y_r = 1.000000, inc_x_i = 1.000000, inc_y_i = 1.000000
En el else......

----------------------------------------
x = 5.000000, y = 95.000000
avance = -209.000000, avanceR = 2.000000, avanceI = 2.000000
inc_x_r = 0.000000, inc_y_r = 1.000000, inc_x_i = 1.000000, inc_y_i = 1.000000
En el else......

----------------------------------------
x = 5.000000, y = 96.000000
avance = -207.000000, avanceR = 2.000000, avanceI = 2.000000
inc_x_r = 0.000000, inc_y_r = 1.000000, inc_x_i = 1.000000, inc_y_i = 1.000000
En el else......

----------------------------------------
x = 5.000000, y = 97.000000
avance = -205.000000, avanceR = 2.000000, avanceI = 2.000000
inc_x_r = 0.000000, inc_y_r = 1.000000, inc_x_i = 1.000000, inc_y_i = 1.000000
En el else......

----------------------------------------
x = 5.000000, y = 98.000000
avance = -203.000000, avanceR = 2.000000, avanceI = 2.000000
inc_x_r = 0.000000, inc_y_r = 1.000000, inc_x_i = 1.000000, inc_y_i = 1.000000
En el else......

----------------------------------------
x = 5.000000, y = 99.000000
avance = -201.000000, avanceR = 2.000000, avanceI = 2.000000
inc_x_r = 0.000000, inc_y_r = 1.000000, inc_x_i = 1.000000, inc_y_i = 1.000000
En el else......

----------------------------------------
x = 5.000000, y = 100.000000
avance = -199.000000, avanceR = 2.000000, avanceI = 2.000000
inc_x_r = 0.000000, inc_y_r = 1.000000, inc_x_i = 1.000000, inc_y_i = 1.000000
En el else......

----------------------------------------
x = 5.000000, y = 101.000000
avance = -197.000000, avanceR = 2.000000, avanceI = 2.000000
inc_x_r = 0.000000, inc_y_r = 1.000000, inc_x_i = 1.000000, inc_y_i = 1.000000
En el else......

----------------------------------------
x = 5.000000, y = 102.000000
avance = -195.000000, avanceR = 2.000000, avanceI = 2.000000
inc_x_r = 0.000000, inc_y_r = 1.000000, inc_x_i = 1.000000, inc_y_i = 1.000000
En el else......

----------------------------------------
x = 5.000000, y = 103.000000
avance = -193.000000, avanceR = 2.000000, avanceI = 2.000000
inc_x_r = 0.000000, inc_y_r = 1.000000, inc_x_i = 1.000000, inc_y_i = 1.000000
En el else......

----------------------------------------
x = 5.000000, y = 104.000000
avance = -191.000000, avanceR = 2.000000, avanceI = 2.000000
inc_x_r = 0.000000, inc_y_r = 1.000000, inc_x_i = 1.000000, inc_y_i = 1.000000
En el else......

----------------------------------------
x = 5.000000, y = 105.000000
avance = -189.000000, avanceR = 2.000000, avanceI = 2.000000
inc_x_r = 0.000000, inc_y_r = 1.000000, inc_x_i = 1.000000, inc_y_i = 1.000000
En el else......

----------------------------------------
x = 5.000000, y = 106.000000
avance = -187.000000, avanceR = 2.000000, avanceI = 2.000000
inc_x_r = 0.000000, inc_y_r = 1.000000, inc_x_i = 1.000000, inc_y_i = 1.000000
En el else......

----------------------------------------
x = 5.000000, y = 107.000000
avance = -185.000000, avanceR = 2.000000, avanceI = 2.000000
inc_x_r = 0.000000, inc_y_r = 1.000000, inc_x_i = 1.000000, inc_y_i = 1.000000
En el else......

----------------------------------------
x = 5.000000, y = 108.000000
avance = -183.000000, avanceR = 2.000000, avanceI = 2.000000
inc_x_r = 0.000000, inc_y_r = 1.000000, inc_x_i = 1.000000, inc_y_i = 1.000000
En el else......

----------------------------------------
x = 5.000000, y = 109.000000
avance = -181.000000, avanceR = 2.000000, avanceI = 2.000000
inc_x_r = 0.000000, inc_y_r = 1.000000, inc_x_i = 1.000000, inc_y_i = 1.000000
En el else......

----------------------------------------
x = 5.000000, y = 110.000000
avance = -179.000000, avanceR = 2.000000, avanceI = 2.000000
inc_x_r = 0.000000, inc_y_r = 1.000000, inc_x_i = 1.000000, inc_y_i = 1.000000
En el else......

----------------------------------------
x = 5.000000, y = 111.000000
avance = -177.000000, avanceR = 2.000000, avanceI = 2.000000
inc_x_r = 0.000000, inc_y_r = 1.000000, inc_x_i = 1.000000, inc_y_i = 1.000000
En el else......

----------------------------------------
x = 5.000000, y = 112.000000
avance = -175.000000, avanceR = 2.000000, avanceI = 2.000000
inc_x_r = 0.000000, inc_y_r = 1.000000, inc_x_i = 1.000000, inc_y_i = 1.000000
En el else......

----------------------------------------
x = 5.000000, y = 113.000000
avance = -173.000000, avanceR = 2.000000, avanceI = 2.000000
inc_x_r = 0.000000, inc_y_r = 1.000000, inc_x_i = 1.000000, inc_y_i = 1.000000
En el else......

----------------------------------------
x = 5.000000, y = 114.000000
avance = -171.000000, avanceR = 2.000000, avanceI = 2.000000
inc_x_r = 0.000000, inc_y_r = 1.000000, inc_x_i = 1.000000, inc_y_i = 1.000000
En el else......

----------------------------------------
x = 5.000000, y = 115.000000
avance = -169.000000, avanceR = 2.000000, avanceI = 2.000000
inc_x_r = 0.000000, inc_y_r = 1.000000, inc_x_i = 1.000000, inc_y_i = 1.000000
En el else......

----------------------------------------
x = 5.000000, y = 116.000000
avance = -167.000000, avanceR = 2.000000, avanceI = 2.000000
inc_x_r = 0.000000, inc_y_r = 1.000000, inc_x_i = 1.000000, inc_y_i = 1.000000
En el else......

----------------------------------------
x = 5.000000, y = 117.000000
avance = -165.000000, avanceR = 2.000000, avanceI = 2.000000
inc_x_r = 0.000000, inc_y_r = 1.000000, inc_x_i = 1.000000, inc_y_i = 1.000000
En el else......

----------------------------------------
x = 5.000000, y = 118.000000
avance = -163.000000, avanceR = 2.000000, avanceI = 2.000000
inc_x_r = 0.000000, inc_y_r = 1.000000, inc_x_i = 1.000000, inc_y_i = 1.000000
En el else......

----------------------------------------
x = 5.000000, y = 119.000000
avance = -161.000000, avanceR = 2.000000, avanceI = 2.000000
inc_x_r = 0.000000, inc_y_r = 1.000000, inc_x_i = 1.000000, inc_y_i = 1.000000
En el else......

----------------------------------------
x = 5.000000, y = 120.000000
avance = -159.000000, avanceR = 2.000000, avanceI = 2.000000
inc_x_r = 0.000000, inc_y_r = 1.000000, inc_x_i = 1.000000, inc_y_i = 1.000000
En el else......

----------------------------------------
x = 5.000000, y = 121.000000
avance = -157.000000, avanceR = 2.000000, avanceI = 2.000000
inc_x_r = 0.000000, inc_y_r = 1.000000, inc_x_i = 1.000000, inc_y_i = 1.000000
En el else......

----------------------------------------
x = 5.000000, y = 122.000000
avance = -155.000000, avanceR = 2.000000, avanceI = 2.000000
inc_x_r = 0.000000, inc_y_r = 1.000000, inc_x_i = 1.000000, inc_y_i = 1.000000
En el else......

----------------------------------------
x = 5.000000, y = 123.000000
avance = -153.000000, avanceR = 2.000000, avanceI = 2.000000
inc_x_r = 0.000000, inc_y_r = 1.000000, inc_x_i = 1.000000, inc_y_i = 1.000000
En el else......

----------------------------------------
x = 5.000000, y = 124.000000
avance = -151.000000, avanceR = 2.000000, avanceI = 2.000000
inc_x_r = 0.000000, inc_y_r = 1.000000, inc_x_i = 1.000000, inc_y_i = 1.000000
En el else......

----------------------------------------
x = 5.000000, y = 125.000000
avance = -149.000000, avanceR = 2.000000, avanceI = 2.000000
inc_x_r = 0.000000, inc_y_r = 1.000000, inc_x_i = 1.000000, inc_y_i = 1.000000
En el else......

----------------------------------------
x = 5.000000, y = 126.000000
avance = -147.000000, avanceR = 2.000000, avanceI = 2.000000
inc_x_r = 0.000000, inc_y_r = 1.000000, inc_x_i = 1.000000, inc_y_i = 1.000000
En el else......

----------------------------------------
x = 5.000000, y = 127.000000
avance = -145.000000, avanceR = 2.000000, avanceI = 2.000000
inc_x_r = 0.000000, inc_y_r = 1.000000, inc_x_i = 1.000000, inc_y_i = 1.000000
En el else......

----------------------------------------
x = 5.000000, y = 128.000000
avance = -143.000000, avanceR = 2.000000, avanceI = 2.000000
inc_x_r = 0.000000, inc_y_r = 1.000000, inc_x_i = 1.000000, inc_y_i = 1.000000
En el else......

----------------------------------------
x = 5.000000, y = 129.000000
avance = -141.000000, avanceR = 2.000000, avanceI = 2.000000
inc_x_r = 0.000000, inc_y_r = 1.000000, inc_x_i = 1.000000, inc_y_i = 1.000000
En el else......

----------------------------------------
x = 5.000000, y = 130.000000
avance = -139.000000, avanceR = 2.000000, avanceI = 2.000000
inc_x_r = 0.000000, inc_y_r = 1.000000, inc_x_i = 1.000000, inc_y_i = 1.000000
En el else......

----------------------------------------
x = 5.000000, y = 131.000000
avance = -137.000000, avanceR = 2.000000, avanceI = 2.000000
inc_x_r = 0.000000, inc_y_r = 1.000000, inc_x_i = 1.000000, inc_y_i = 1.000000
En el else......

----------------------------------------
x = 5.000000, y = 132.000000
avance = -135.000000, avanceR = 2.000000, avanceI = 2.000000
inc_x_r = 0.000000, inc_y_r = 1.000000, inc_x_i = 1.000000, inc_y_i = 1.000000
En el else......

----------------------------------------
x = 5.000000, y = 133.000000
avance = -133.000000, avanceR = 2.000000, avanceI = 2.000000
inc_x_r = 0.000000, inc_y_r = 1.000000, inc_x_i = 1.000000, inc_y_i = 1.000000
En el else......

----------------------------------------
x = 5.000000, y = 134.000000
avance = -131.000000, avanceR = 2.000000, avanceI = 2.000000
inc_x_r = 0.000000, inc_y_r = 1.000000, inc_x_i = 1.000000, inc_y_i = 1.000000
En el else......

----------------------------------------
x = 5.000000, y = 135.000000
avance = -129.000000, avanceR = 2.000000, avanceI = 2.000000
inc_x_r = 0.000000, inc_y_r = 1.000000, inc_x_i = 1.000000, inc_y_i = 1.000000
En el else......

----------------------------------------
x = 5.000000, y = 136.000000
avance = -127.000000, avanceR = 2.000000, avanceI = 2.000000
inc_x_r = 0.000000, inc_y_r = 1.000000, inc_x_i = 1.000000, inc_y_i = 1.000000
En el else......

----------------------------------------
x = 5.000000, y = 137.000000
avance = -125.000000, avanceR = 2.000000, avanceI = 2.000000
inc_x_r = 0.000000, inc_y_r = 1.000000, inc_x_i = 1.000000, inc_y_i = 1.000000
En el else......

----------------------------------------
x = 5.000000, y = 138.000000
avance = -123.000000, avanceR = 2.000000, avanceI = 2.000000
inc_x_r = 0.000000, inc_y_r = 1.000000, inc_x_i = 1.000000, inc_y_i = 1.000000
En el else......

----------------------------------------
x = 5.000000, y = 139.000000
avance = -121.000000, avanceR = 2.000000, avanceI = 2.000000
inc_x_r = 0.000000, inc_y_r = 1.000000, inc_x_i = 1.000000, inc_y_i = 1.000000
En el else......

----------------------------------------
x = 5.000000, y = 140.000000
avance = -119.000000, avanceR = 2.000000, avanceI = 2.000000
inc_x_r = 0.000000, inc_y_r = 1.000000, inc_x_i = 1.000000, inc_y_i = 1.000000
En el else......

----------------------------------------
x = 5.000000, y = 141.000000
avance = -117.000000, avanceR = 2.000000, avanceI = 2.000000
inc_x_r = 0.000000, inc_y_r = 1.000000, inc_x_i = 1.000000, inc_y_i = 1.000000
En el else......

----------------------------------------
x = 5.000000, y = 142.000000
avance = -115.000000, avanceR = 2.000000, avanceI = 2.000000
inc_x_r = 0.000000, inc_y_r = 1.000000, inc_x_i = 1.000000, inc_y_i = 1.000000
En el else......

----------------------------------------
x = 5.000000, y = 143.000000
avance = -113.000000, avanceR = 2.000000, avanceI = 2.000000
inc_x_r = 0.000000, inc_y_r = 1.000000, inc_x_i = 1.000000, inc_y_i = 1.000000
En el else......

----------------------------------------
x = 5.000000, y = 144.000000
avance = -111.000000, avanceR = 2.000000, avanceI = 2.000000
inc_x_r = 0.000000, inc_y_r = 1.000000, inc_x_i = 1.000000, inc_y_i = 1.000000
En el else......

----------------------------------------
x = 5.000000, y = 145.000000
avance = -109.000000, avanceR = 2.000000, avanceI = 2.000000
inc_x_r = 0.000000, inc_y_r = 1.000000, inc_x_i = 1.000000, inc_y_i = 1.000000
En el else......

----------------------------------------
x = 5.000000, y = 146.000000
avance = -107.000000, avanceR = 2.000000, avanceI = 2.000000
inc_x_r = 0.000000, inc_y_r = 1.000000, inc_x_i = 1.000000, inc_y_i = 1.000000
En el else......

----------------------------------------
x = 5.000000, y = 147.000000
avance = -105.000000, avanceR = 2.000000, avanceI = 2.000000
inc_x_r = 0.000000, inc_y_r = 1.000000, inc_x_i = 1.000000, inc_y_i = 1.000000
En el else......

----------------------------------------
x = 5.000000, y = 148.000000
avance = -103.000000, avanceR = 2.000000, avanceI = 2.000000
inc_x_r = 0.000000, inc_y_r = 1.000000, inc_x_i = 1.000000, inc_y_i = 1.000000
En el else......

----------------------------------------
x = 5.000000, y = 149.000000
avance = -101.000000, avanceR = 2.000000, avanceI = 2.000000
inc_x_r = 0.000000, inc_y_r = 1.000000, inc_x_i = 1.000000, inc_y_i = 1.000000
En el else......

----------------------------------------
x = 5.000000, y = 150.000000
avance = -99.000000, avanceR = 2.000000, avanceI = 2.000000
inc_x_r = 0.000000, inc_y_r = 1.000000, inc_x_i = 1.000000, inc_y_i = 1.000000
En el else......

----------------------------------------
x = 5.000000, y = 151.000000
avance = -97.000000, avanceR = 2.000000, avanceI = 2.000000
inc_x_r = 0.000000, inc_y_r = 1.000000, inc_x_i = 1.000000, inc_y_i = 1.000000
En el else......

----------------------------------------
x = 5.000000, y = 152.000000
avance = -95.000000, avanceR = 2.000000, avanceI = 2.000000
inc_x_r = 0.000000, inc_y_r = 1.000000, inc_x_i = 1.000000, inc_y_i = 1.000000
En el else......

----------------------------------------
x = 5.000000, y = 153.000000
avance = -93.000000, avanceR = 2.000000, avanceI = 2.000000
inc_x_r = 0.000000, inc_y_r = 1.000000, inc_x_i = 1.000000, inc_y_i = 1.000000
En el else......

----------------------------------------
x = 5.000000, y = 154.000000
avance = -91.000000, avanceR = 2.000000, avanceI = 2.000000
inc_x_r = 0.000000, inc_y_r = 1.000000, inc_x_i = 1.000000, inc_y_i = 1.000000
En el else......

----------------------------------------
x = 5.000000, y = 155.000000
avance = -89.000000, avanceR = 2.000000, avanceI = 2.000000
inc_x_r = 0.000000, inc_y_r = 1.000000, inc_x_i = 1.000000, inc_y_i = 1.000000
En el else......

----------------------------------------
x = 5.000000, y = 156.000000
avance = -87.000000, avanceR = 2.000000, avanceI = 2.000000
inc_x_r = 0.000000, inc_y_r = 1.000000, inc_x_i = 1.000000, inc_y_i = 1.000000
En el else......

----------------------------------------
x = 5.000000, y = 157.000000
avance = -85.000000, avanceR = 2.000000, avanceI = 2.000000
inc_x_r = 0.000000, inc_y_r = 1.000000, inc_x_i = 1.000000, inc_y_i = 1.000000
En el else......

----------------------------------------
x = 5.000000, y = 158.000000
avance = -83.000000, avanceR = 2.000000, avanceI = 2.000000
inc_x_r = 0.000000, inc_y_r = 1.000000, inc_x_i = 1.000000, inc_y_i = 1.000000
En el else......

----------------------------------------
x = 5.000000, y = 159.000000
avance = -81.000000, avanceR = 2.000000, avanceI = 2.000000
inc_x_r = 0.000000, inc_y_r = 1.000000, inc_x_i = 1.000000, inc_y_i = 1.000000
En el else......

----------------------------------------
x = 5.000000, y = 160.000000
avance = -79.000000, avanceR = 2.000000, avanceI = 2.000000
inc_x_r = 0.000000, inc_y_r = 1.000000, inc_x_i = 1.000000, inc_y_i = 1.000000
En el else......

----------------------------------------
x = 5.000000, y = 161.000000
avance = -77.000000, avanceR = 2.000000, avanceI = 2.000000
inc_x_r = 0.000000, inc_y_r = 1.000000, inc_x_i = 1.000000, inc_y_i = 1.000000
En el else......

----------------------------------------
x = 5.000000, y = 162.000000
avance = -75.000000, avanceR = 2.000000, avanceI = 2.000000
inc_x_r = 0.000000, inc_y_r = 1.000000, inc_x_i = 1.000000, inc_y_i = 1.000000
En el else......

----------------------------------------
x = 5.000000, y = 163.000000
avance = -73.000000, avanceR = 2.000000, avanceI = 2.000000
inc_x_r = 0.000000, inc_y_r = 1.000000, inc_x_i = 1.000000, inc_y_i = 1.000000
En el else......

----------------------------------------
x = 5.000000, y = 164.000000
avance = -71.000000, avanceR = 2.000000, avanceI = 2.000000
inc_x_r = 0.000000, inc_y_r = 1.000000, inc_x_i = 1.000000, inc_y_i = 1.000000
En el else......

----------------------------------------
x = 5.000000, y = 165.000000
avance = -69.000000, avanceR = 2.000000, avanceI = 2.000000
inc_x_r = 0.000000, inc_y_r = 1.000000, inc_x_i = 1.000000, inc_y_i = 1.000000
En el else......

----------------------------------------
x = 5.000000, y = 166.000000
avance = -67.000000, avanceR = 2.000000, avanceI = 2.000000
inc_x_r = 0.000000, inc_y_r = 1.000000, inc_x_i = 1.000000, inc_y_i = 1.000000
En el else......

----------------------------------------
x = 5.000000, y = 167.000000
avance = -65.000000, avanceR = 2.000000, avanceI = 2.000000
inc_x_r = 0.000000, inc_y_r = 1.000000, inc_x_i = 1.000000, inc_y_i = 1.000000
En el else......

----------------------------------------
x = 5.000000, y = 168.000000
avance = -63.000000, avanceR = 2.000000, avanceI = 2.000000
inc_x_r = 0.000000, inc_y_r = 1.000000, inc_x_i = 1.000000, inc_y_i = 1.000000
En el else......

----------------------------------------
x = 5.000000, y = 169.000000
avance = -61.000000, avanceR = 2.000000, avanceI = 2.000000
inc_x_r = 0.000000, inc_y_r = 1.000000, inc_x_i = 1.000000, inc_y_i = 1.000000
En el else......

----------------------------------------
x = 5.000000, y = 170.000000
avance = -59.000000, avanceR = 2.000000, avanceI = 2.000000
inc_x_r = 0.000000, inc_y_r = 1.000000, inc_x_i = 1.000000, inc_y_i = 1.000000
En el else......

----------------------------------------
x = 5.000000, y = 171.000000
avance = -57.000000, avanceR = 2.000000, avanceI = 2.000000
inc_x_r = 0.000000, inc_y_r = 1.000000, inc_x_i = 1.000000, inc_y_i = 1.000000
En el else......

----------------------------------------
x = 5.000000, y = 172.000000
avance = -55.000000, avanceR = 2.000000, avanceI = 2.000000
inc_x_r = 0.000000, inc_y_r = 1.000000, inc_x_i = 1.000000, inc_y_i = 1.000000
En el else......

----------------------------------------
x = 5.000000, y = 173.000000
avance = -53.000000, avanceR = 2.000000, avanceI = 2.000000
inc_x_r = 0.000000, inc_y_r = 1.000000, inc_x_i = 1.000000, inc_y_i = 1.000000
En el else......

----------------------------------------
x = 5.000000, y = 174.000000
avance = -51.000000, avanceR = 2.000000, avanceI = 2.000000
inc_x_r = 0.000000, inc_y_r = 1.000000, inc_x_i = 1.000000, inc_y_i = 1.000000
En el else......

----------------------------------------
x = 5.000000, y = 175.000000
avance = -49.000000, avanceR = 2.000000, avanceI = 2.000000
inc_x_r = 0.000000, inc_y_r = 1.000000, inc_x_i = 1.000000, inc_y_i = 1.000000
En el else......

----------------------------------------
x = 5.000000, y = 176.000000
avance = -47.000000, avanceR = 2.000000, avanceI = 2.000000
inc_x_r = 0.000000, inc_y_r = 1.000000, inc_x_i = 1.000000, inc_y_i = 1.000000
En el else......

----------------------------------------
x = 5.000000, y = 177.000000
avance = -45.000000, avanceR = 2.000000, avanceI = 2.000000
inc_x_r = 0.000000, inc_y_r = 1.000000, inc_x_i = 1.000000, inc_y_i = 1.000000
En el else......

----------------------------------------
x = 5.000000, y = 178.000000
avance = -43.000000, avanceR = 2.000000, avanceI = 2.000000
inc_x_r = 0.000000, inc_y_r = 1.000000, inc_x_i = 1.000000, inc_y_i = 1.000000
En el else......

----------------------------------------
x = 5.000000, y = 179.000000
avance = -41.000000, avanceR = 2.000000, avanceI = 2.000000
inc_x_r = 0.000000, inc_y_r = 1.000000, inc_x_i = 1.000000, inc_y_i = 1.000000
En el else......

----------------------------------------
x = 5.000000, y = 180.000000
avance = -39.000000, avanceR = 2.000000, avanceI = 2.000000
inc_x_r = 0.000000, inc_y_r = 1.000000, inc_x_i = 1.000000, inc_y_i = 1.000000
En el else......

----------------------------------------
x = 5.000000, y = 181.000000
avance = -37.000000, avanceR = 2.000000, avanceI = 2.000000
inc_x_r = 0.000000, inc_y_r = 1.000000, inc_x_i = 1.000000, inc_y_i = 1.000000
En el else......

----------------------------------------
x = 5.000000, y = 182.000000
avance = -35.000000, avanceR = 2.000000, avanceI = 2.000000
inc_x_r = 0.000000, inc_y_r = 1.000000, inc_x_i = 1.000000, inc_y_i = 1.000000
En el else......

----------------------------------------
x = 5.000000, y = 183.000000
avance = -33.000000, avanceR = 2.000000, avanceI = 2.000000
inc_x_r = 0.000000, inc_y_r = 1.000000, inc_x_i = 1.000000, inc_y_i = 1.000000
En el else......

----------------------------------------
x = 5.000000, y = 184.000000
avance = -31.000000, avanceR = 2.000000, avanceI = 2.000000
inc_x_r = 0.000000, inc_y_r = 1.000000, inc_x_i = 1.000000, inc_y_i = 1.000000
En el else......

----------------------------------------
x = 5.000000, y = 185.000000
avance = -29.000000, avanceR = 2.000000, avanceI = 2.000000
inc_x_r = 0.000000, inc_y_r = 1.000000, inc_x_i = 1.000000, inc_y_i = 1.000000
En el else......

----------------------------------------
x = 5.000000, y = 186.000000
avance = -27.000000, avanceR = 2.000000, avanceI = 2.000000
inc_x_r = 0.000000, inc_y_r = 1.000000, inc_x_i = 1.000000, inc_y_i = 1.000000
En el else......

----------------------------------------
x = 5.000000, y = 187.000000
avance = -25.000000, avanceR = 2.000000, avanceI = 2.000000
inc_x_r = 0.000000, inc_y_r = 1.000000, inc_x_i = 1.000000, inc_y_i = 1.000000
En el else......

----------------------------------------
x = 5.000000, y = 188.000000
avance = -23.000000, avanceR = 2.000000, avanceI = 2.000000
inc_x_r = 0.000000, inc_y_r = 1.000000, inc_x_i = 1.000000, inc_y_i = 1.000000
En el else......

----------------------------------------
x = 5.000000, y = 189.000000
avance = -21.000000, avanceR = 2.000000, avanceI = 2.000000
inc_x_r = 0.000000, inc_y_r = 1.000000, inc_x_i = 1.000000, inc_y_i = 1.000000
En el else......

----------------------------------------
x = 5.000000, y = 190.000000
avance = -19.000000, avanceR = 2.000000, avanceI = 2.000000
inc_x_r = 0.000000, inc_y_r = 1.000000, inc_x_i = 1.000000, inc_y_i = 1.000000
En el else......

----------------------------------------
x = 5.000000, y = 191.000000
avance = -17.000000, avanceR = 2.000000, avanceI = 2.000000
inc_x_r = 0.000000, inc_y_r = 1.000000, inc_x_i = 1.000000, inc_y_i = 1.000000
En el else......

----------------------------------------
x = 5.000000, y = 192.000000
avance = -15.000000, avanceR = 2.000000, avanceI = 2.000000
inc_x_r = 0.000000, inc_y_r = 1.000000, inc_x_i = 1.000000, inc_y_i = 1.000000
En el else......

----------------------------------------
x = 5.000000, y = 193.000000
avance = -13.000000, avanceR = 2.000000, avanceI = 2.000000
inc_x_r = 0.000000, inc_y_r = 1.000000, inc_x_i = 1.000000, inc_y_i = 1.000000
En el else......

----------------------------------------
x = 5.000000, y = 194.000000
avance = -11.000000, avanceR = 2.000000, avanceI = 2.000000
inc_x_r = 0.000000, inc_y_r = 1.000000, inc_x_i = 1.000000, inc_y_i = 1.000000
En el else......

----------------------------------------
x = 5.000000, y = 195.000000
avance = -9.000000, avanceR = 2.000000, avanceI = 2.000000
inc_x_r = 0.000000, inc_y_r = 1.000000, inc_x_i = 1.000000, inc_y_i = 1.000000
En el else......

----------------------------------------
x = 5.000000, y = 196.000000
avance = -7.000000, avanceR = 2.000000, avanceI = 2.000000
inc_x_r = 0.000000, inc_y_r = 1.000000, inc_x_i = 1.000000, inc_y_i = 1.000000
En el else......

----------------------------------------
x = 5.000000, y = 197.000000
avance = -5.000000, avanceR = 2.000000, avanceI = 2.000000
inc_x_r = 0.000000, inc_y_r = 1.000000, inc_x_i = 1.000000, inc_y_i = 1.000000
En el else......

----------------------------------------
x = 5.000000, y = 198.000000
avance = -3.000000, avanceR = 2.000000, avanceI = 2.000000
inc_x_r = 0.000000, inc_y_r = 1.000000, inc_x_i = 1.000000, inc_y_i = 1.000000
En el else......

----------------------------------------
x = 5.000000, y = 199.000000
avance = -1.000000, avanceR = 2.000000, avanceI = 2.000000
inc_x_r = 0.000000, inc_y_r = 1.000000, inc_x_i = 1.000000, inc_y_i = 1.000000
En el else......

----------------------------------------
x = 5.000000, y = 200.000000
avance = 1.000000, avanceR = 2.000000, avanceI = 2.000000
inc_x_r = 0.000000, inc_y_r = 1.000000, inc_x_i = 1.000000, inc_y_i = 1.000000
avance >= 0

----------------------------------------
x = 6.000000, y = 201.000000
avance = -499.000000, avanceR = 2.000000, avanceI = 2.000000
inc_x_r = 0.000000, inc_y_r = 1.000000, inc_x_i = 1.000000, inc_y_i = 1.000000
En el else......

----------------------------------------
x = 6.000000, y = 202.000000
avance = -497.000000, avanceR = 2.000000, avanceI = 2.000000
inc_x_r = 0.000000, inc_y_r = 1.000000, inc_x_i = 1.000000, inc_y_i = 1.000000
En el else......

----------------------------------------
x = 6.000000, y = 203.000000
avance = -495.000000, avanceR = 2.000000, avanceI = 2.000000
inc_x_r = 0.000000, inc_y_r = 1.000000, inc_x_i = 1.000000, inc_y_i = 1.000000
En el else......

----------------------------------------
x = 6.000000, y = 204.000000
avance = -493.000000, avanceR = 2.000000, avanceI = 2.000000
inc_x_r = 0.000000, inc_y_r = 1.000000, inc_x_i = 1.000000, inc_y_i = 1.000000
En el else......

----------------------------------------
x = 6.000000, y = 205.000000
avance = -491.000000, avanceR = 2.000000, avanceI = 2.000000
inc_x_r = 0.000000, inc_y_r = 1.000000, inc_x_i = 1.000000, inc_y_i = 1.000000
En el else......

----------------------------------------
x = 6.000000, y = 206.000000
avance = -489.000000, avanceR = 2.000000, avanceI = 2.000000
inc_x_r = 0.000000, inc_y_r = 1.000000, inc_x_i = 1.000000, inc_y_i = 1.000000
En el else......

----------------------------------------
x = 6.000000, y = 207.000000
avance = -487.000000, avanceR = 2.000000, avanceI = 2.000000
inc_x_r = 0.000000, inc_y_r = 1.000000, inc_x_i = 1.000000, inc_y_i = 1.000000
En el else......

----------------------------------------
x = 6.000000, y = 208.000000
avance = -485.000000, avanceR = 2.000000, avanceI = 2.000000
inc_x_r = 0.000000, inc_y_r = 1.000000, inc_x_i = 1.000000, inc_y_i = 1.000000
En el else......

----------------------------------------
x = 6.000000, y = 209.000000
avance = -483.000000, avanceR = 2.000000, avanceI = 2.000000
inc_x_r = 0.000000, inc_y_r = 1.000000, inc_x_i = 1.000000, inc_y_i = 1.000000
En el else......

----------------------------------------
x = 6.000000, y = 210.000000
avance = -481.000000, avanceR = 2.000000, avanceI = 2.000000
inc_x_r = 0.000000, inc_y_r = 1.000000, inc_x_i = 1.000000, inc_y_i = 1.000000
En el else......

----------------------------------------
x = 6.000000, y = 211.000000
avance = -479.000000, avanceR = 2.000000, avanceI = 2.000000
inc_x_r = 0.000000, inc_y_r = 1.000000, inc_x_i = 1.000000, inc_y_i = 1.000000
En el else......

----------------------------------------
x = 6.000000, y = 212.000000
avance = -477.000000, avanceR = 2.000000, avanceI = 2.000000
inc_x_r = 0.000000, inc_y_r = 1.000000, inc_x_i = 1.000000, inc_y_i = 1.000000
En el else......

----------------------------------------
x = 6.000000, y = 213.000000
avance = -475.000000, avanceR = 2.000000, avanceI = 2.000000
inc_x_r = 0.000000, inc_y_r = 1.000000, inc_x_i = 1.000000, inc_y_i = 1.000000
En el else......

----------------------------------------
x = 6.000000, y = 214.000000
avance = -473.000000, avanceR = 2.000000, avanceI = 2.000000
inc_x_r = 0.000000, inc_y_r = 1.000000, inc_x_i = 1.000000, inc_y_i = 1.000000
En el else......

----------------------------------------
x = 6.000000, y = 215.000000
avance = -471.000000, avanceR = 2.000000, avanceI = 2.000000
inc_x_r = 0.000000, inc_y_r = 1.000000, inc_x_i = 1.000000, inc_y_i = 1.000000
En el else......

----------------------------------------
x = 6.000000, y = 216.000000
avance = -469.000000, avanceR = 2.000000, avanceI = 2.000000
inc_x_r = 0.000000, inc_y_r = 1.000000, inc_x_i = 1.000000, inc_y_i = 1.000000
En el else......

----------------------------------------
x = 6.000000, y = 217.000000
avance = -467.000000, avanceR = 2.000000, avanceI = 2.000000
inc_x_r = 0.000000, inc_y_r = 1.000000, inc_x_i = 1.000000, inc_y_i = 1.000000
En el else......

----------------------------------------
x = 6.000000, y = 218.000000
avance = -465.000000, avanceR = 2.000000, avanceI = 2.000000
inc_x_r = 0.000000, inc_y_r = 1.000000, inc_x_i = 1.000000, inc_y_i = 1.000000
En el else......

----------------------------------------
x = 6.000000, y = 219.000000
avance = -463.000000, avanceR = 2.000000, avanceI = 2.000000
inc_x_r = 0.000000, inc_y_r = 1.000000, inc_x_i = 1.000000, inc_y_i = 1.000000
En el else......

----------------------------------------
x = 6.000000, y = 220.000000
avance = -461.000000, avanceR = 2.000000, avanceI = 2.000000
inc_x_r = 0.000000, inc_y_r = 1.000000, inc_x_i = 1.000000, inc_y_i = 1.000000
En el else......

----------------------------------------
x = 6.000000, y = 221.000000
avance = -459.000000, avanceR = 2.000000, avanceI = 2.000000
inc_x_r = 0.000000, inc_y_r = 1.000000, inc_x_i = 1.000000, inc_y_i = 1.000000
En el else......

----------------------------------------
x = 6.000000, y = 222.000000
avance = -457.000000, avanceR = 2.000000, avanceI = 2.000000
inc_x_r = 0.000000, inc_y_r = 1.000000, inc_x_i = 1.000000, inc_y_i = 1.000000
En el else......

----------------------------------------
x = 6.000000, y = 223.000000
avance = -455.000000, avanceR = 2.000000, avanceI = 2.000000
inc_x_r = 0.000000, inc_y_r = 1.000000, inc_x_i = 1.000000, inc_y_i = 1.000000
En el else......

----------------------------------------
x = 6.000000, y = 224.000000
avance = -453.000000, avanceR = 2.000000, avanceI = 2.000000
inc_x_r = 0.000000, inc_y_r = 1.000000, inc_x_i = 1.000000, inc_y_i = 1.000000
En el else......

----------------------------------------
x = 6.000000, y = 225.000000
avance = -451.000000, avanceR = 2.000000, avanceI = 2.000000
inc_x_r = 0.000000, inc_y_r = 1.000000, inc_x_i = 1.000000, inc_y_i = 1.000000
En el else......

----------------------------------------
x = 6.000000, y = 226.000000
avance = -449.000000, avanceR = 2.000000, avanceI = 2.000000
inc_x_r = 0.000000, inc_y_r = 1.000000, inc_x_i = 1.000000, inc_y_i = 1.000000
En el else......

----------------------------------------
x = 6.000000, y = 227.000000
avance = -447.000000, avanceR = 2.000000, avanceI = 2.000000
inc_x_r = 0.000000, inc_y_r = 1.000000, inc_x_i = 1.000000, inc_y_i = 1.000000
En el else......

----------------------------------------
x = 6.000000, y = 228.000000
avance = -445.000000, avanceR = 2.000000, avanceI = 2.000000
inc_x_r = 0.000000, inc_y_r = 1.000000, inc_x_i = 1.000000, inc_y_i = 1.000000
En el else......

----------------------------------------
x = 6.000000, y = 229.000000
avance = -443.000000, avanceR = 2.000000, avanceI = 2.000000
inc_x_r = 0.000000, inc_y_r = 1.000000, inc_x_i = 1.000000, inc_y_i = 1.000000
En el else......

----------------------------------------
x = 6.000000, y = 230.000000
avance = -441.000000, avanceR = 2.000000, avanceI = 2.000000
inc_x_r = 0.000000, inc_y_r = 1.000000, inc_x_i = 1.000000, inc_y_i = 1.000000
En el else......

----------------------------------------
x = 6.000000, y = 231.000000
avance = -439.000000, avanceR = 2.000000, avanceI = 2.000000
inc_x_r = 0.000000, inc_y_r = 1.000000, inc_x_i = 1.000000, inc_y_i = 1.000000
En el else......

----------------------------------------
x = 6.000000, y = 232.000000
avance = -437.000000, avanceR = 2.000000, avanceI = 2.000000
inc_x_r = 0.000000, inc_y_r = 1.000000, inc_x_i = 1.000000, inc_y_i = 1.000000
En el else......

----------------------------------------
x = 6.000000, y = 233.000000
avance = -435.000000, avanceR = 2.000000, avanceI = 2.000000
inc_x_r = 0.000000, inc_y_r = 1.000000, inc_x_i = 1.000000, inc_y_i = 1.000000
En el else......

----------------------------------------
x = 6.000000, y = 234.000000
avance = -433.000000, avanceR = 2.000000, avanceI = 2.000000
inc_x_r = 0.000000, inc_y_r = 1.000000, inc_x_i = 1.000000, inc_y_i = 1.000000
En el else......

----------------------------------------
x = 6.000000, y = 235.000000
avance = -431.000000, avanceR = 2.000000, avanceI = 2.000000
inc_x_r = 0.000000, inc_y_r = 1.000000, inc_x_i = 1.000000, inc_y_i = 1.000000
En el else......

----------------------------------------
x = 6.000000, y = 236.000000
avance = -429.000000, avanceR = 2.000000, avanceI = 2.000000
inc_x_r = 0.000000, inc_y_r = 1.000000, inc_x_i = 1.000000, inc_y_i = 1.000000
En el else......

----------------------------------------
x = 6.000000, y = 237.000000
avance = -427.000000, avanceR = 2.000000, avanceI = 2.000000
inc_x_r = 0.000000, inc_y_r = 1.000000, inc_x_i = 1.000000, inc_y_i = 1.000000
En el else......

----------------------------------------
x = 6.000000, y = 238.000000
avance = -425.000000, avanceR = 2.000000, avanceI = 2.000000
inc_x_r = 0.000000, inc_y_r = 1.000000, inc_x_i = 1.000000, inc_y_i = 1.000000
En el else......

----------------------------------------
x = 6.000000, y = 239.000000
avance = -423.000000, avanceR = 2.000000, avanceI = 2.000000
inc_x_r = 0.000000, inc_y_r = 1.000000, inc_x_i = 1.000000, inc_y_i = 1.000000
En el else......

----------------------------------------
x = 6.000000, y = 240.000000
avance = -421.000000, avanceR = 2.000000, avanceI = 2.000000
inc_x_r = 0.000000, inc_y_r = 1.000000, inc_x_i = 1.000000, inc_y_i = 1.000000
En el else......

----------------------------------------
x = 6.000000, y = 241.000000
avance = -419.000000, avanceR = 2.000000, avanceI = 2.000000
inc_x_r = 0.000000, inc_y_r = 1.000000, inc_x_i = 1.000000, inc_y_i = 1.000000
En el else......

----------------------------------------
x = 6.000000, y = 242.000000
avance = -417.000000, avanceR = 2.000000, avanceI = 2.000000
inc_x_r = 0.000000, inc_y_r = 1.000000, inc_x_i = 1.000000, inc_y_i = 1.000000
En el else......

----------------------------------------
x = 6.000000, y = 243.000000
avance = -415.000000, avanceR = 2.000000, avanceI = 2.000000
inc_x_r = 0.000000, inc_y_r = 1.000000, inc_x_i = 1.000000, inc_y_i = 1.000000
En el else......

----------------------------------------
x = 6.000000, y = 244.000000
avance = -413.000000, avanceR = 2.000000, avanceI = 2.000000
inc_x_r = 0.000000, inc_y_r = 1.000000, inc_x_i = 1.000000, inc_y_i = 1.000000
En el else......

----------------------------------------
x = 6.000000, y = 245.000000
avance = -411.000000, avanceR = 2.000000, avanceI = 2.000000
inc_x_r = 0.000000, inc_y_r = 1.000000, inc_x_i = 1.000000, inc_y_i = 1.000000
En el else......

----------------------------------------
x = 6.000000, y = 246.000000
avance = -409.000000, avanceR = 2.000000, avanceI = 2.000000
inc_x_r = 0.000000, inc_y_r = 1.000000, inc_x_i = 1.000000, inc_y_i = 1.000000
En el else......

----------------------------------------
x = 6.000000, y = 247.000000
avance = -407.000000, avanceR = 2.000000, avanceI = 2.000000
inc_x_r = 0.000000, inc_y_r = 1.000000, inc_x_i = 1.000000, inc_y_i = 1.000000
En el else......

----------------------------------------
x = 6.000000, y = 248.000000
avance = -405.000000, avanceR = 2.000000, avanceI = 2.000000
inc_x_r = 0.000000, inc_y_r = 1.000000, inc_x_i = 1.000000, inc_y_i = 1.000000
En el else......

----------------------------------------
x = 6.000000, y = 249.000000
avance = -403.000000, avanceR = 2.000000, avanceI = 2.000000
inc_x_r = 0.000000, inc_y_r = 1.000000, inc_x_i = 1.000000, inc_y_i = 1.000000
En el else......

----------------------------------------
x = 6.000000, y = 250.000000
avance = -401.000000, avanceR = 2.000000, avanceI = 2.000000
inc_x_r = 0.000000, inc_y_r = 1.000000, inc_x_i = 1.000000, inc_y_i = 1.000000
En el else......

----------------------------------------
x = 6.000000, y = 251.000000
avance = -399.000000, avanceR = 2.000000, avanceI = 2.000000
inc_x_r = 0.000000, inc_y_r = 1.000000, inc_x_i = 1.000000, inc_y_i = 1.000000
En el else......

----------------------------------------
x = 6.000000, y = 252.000000
avance = -397.000000, avanceR = 2.000000, avanceI = 2.000000
inc_x_r = 0.000000, inc_y_r = 1.000000, inc_x_i = 1.000000, inc_y_i = 1.000000
En el else......

----------------------------------------
x = 6.000000, y = 253.000000
avance = -395.000000, avanceR = 2.000000, avanceI = 2.000000
inc_x_r = 0.000000, inc_y_r = 1.000000, inc_x_i = 1.000000, inc_y_i = 1.000000
En el else......

----------------------------------------
x = 6.000000, y = 254.000000
avance = -393.000000, avanceR = 2.000000, avanceI = 2.000000
inc_x_r = 0.000000, inc_y_r = 1.000000, inc_x_i = 1.000000, inc_y_i = 1.000000
En el else......

----------------------------------------
x = 6.000000, y = 255.000000
avance = -391.000000, avanceR = 2.000000, avanceI = 2.000000
inc_x_r = 0.000000, inc_y_r = 1.000000, inc_x_i = 1.000000, inc_y_i = 1.000000
En el else......

----------------------------------------
x = 6.000000, y = 256.000000
avance = -389.000000, avanceR = 2.000000, avanceI = 2.000000
inc_x_r = 0.000000, inc_y_r = 1.000000, inc_x_i = 1.000000, inc_y_i = 1.000000
En el else......

----------------------------------------
x = 6.000000, y = 257.000000
avance = -387.000000, avanceR = 2.000000, avanceI = 2.000000
inc_x_r = 0.000000, inc_y_r = 1.000000, inc_x_i = 1.000000, inc_y_i = 1.000000
En el else......

----------------------------------------
x = 6.000000, y = 258.000000
avance = -385.000000, avanceR = 2.000000, avanceI = 2.000000
inc_x_r = 0.000000, inc_y_r = 1.000000, inc_x_i = 1.000000, inc_y_i = 1.000000
En el else......

----------------------------------------
x = 6.000000, y = 259.000000
avance = -383.000000, avanceR = 2.000000, avanceI = 2.000000
inc_x_r = 0.000000, inc_y_r = 1.000000, inc_x_i = 1.000000, inc_y_i = 1.000000
En el else......

----------------------------------------
x = 6.000000, y = 260.000000
avance = -381.000000, avanceR = 2.000000, avanceI = 2.000000
inc_x_r = 0.000000, inc_y_r = 1.000000, inc_x_i = 1.000000, inc_y_i = 1.000000
En el else......

----------------------------------------
x = 6.000000, y = 261.000000
avance = -379.000000, avanceR = 2.000000, avanceI = 2.000000
inc_x_r = 0.000000, inc_y_r = 1.000000, inc_x_i = 1.000000, inc_y_i = 1.000000
En el else......

----------------------------------------
x = 6.000000, y = 262.000000
avance = -377.000000, avanceR = 2.000000, avanceI = 2.000000
inc_x_r = 0.000000, inc_y_r = 1.000000, inc_x_i = 1.000000, inc_y_i = 1.000000
En el else......

----------------------------------------
x = 6.000000, y = 263.000000
avance = -375.000000, avanceR = 2.000000, avanceI = 2.000000
inc_x_r = 0.000000, inc_y_r = 1.000000, inc_x_i = 1.000000, inc_y_i = 1.000000
En el else......

----------------------------------------
x = 6.000000, y = 264.000000
avance = -373.000000, avanceR = 2.000000, avanceI = 2.000000
inc_x_r = 0.000000, inc_y_r = 1.000000, inc_x_i = 1.000000, inc_y_i = 1.000000
En el else......

----------------------------------------
x = 6.000000, y = 265.000000
avance = -371.000000, avanceR = 2.000000, avanceI = 2.000000
inc_x_r = 0.000000, inc_y_r = 1.000000, inc_x_i = 1.000000, inc_y_i = 1.000000
En el else......

----------------------------------------
x = 6.000000, y = 266.000000
avance = -369.000000, avanceR = 2.000000, avanceI = 2.000000
inc_x_r = 0.000000, inc_y_r = 1.000000, inc_x_i = 1.000000, inc_y_i = 1.000000
En el else......

----------------------------------------
x = 6.000000, y = 267.000000
avance = -367.000000, avanceR = 2.000000, avanceI = 2.000000
inc_x_r = 0.000000, inc_y_r = 1.000000, inc_x_i = 1.000000, inc_y_i = 1.000000
En el else......

----------------------------------------
x = 6.000000, y = 268.000000
avance = -365.000000, avanceR = 2.000000, avanceI = 2.000000
inc_x_r = 0.000000, inc_y_r = 1.000000, inc_x_i = 1.000000, inc_y_i = 1.000000
En el else......

----------------------------------------
x = 6.000000, y = 269.000000
avance = -363.000000, avanceR = 2.000000, avanceI = 2.000000
inc_x_r = 0.000000, inc_y_r = 1.000000, inc_x_i = 1.000000, inc_y_i = 1.000000
En el else......

----------------------------------------
x = 6.000000, y = 270.000000
avance = -361.000000, avanceR = 2.000000, avanceI = 2.000000
inc_x_r = 0.000000, inc_y_r = 1.000000, inc_x_i = 1.000000, inc_y_i = 1.000000
En el else......

----------------------------------------
x = 6.000000, y = 271.000000
avance = -359.000000, avanceR = 2.000000, avanceI = 2.000000
inc_x_r = 0.000000, inc_y_r = 1.000000, inc_x_i = 1.000000, inc_y_i = 1.000000
En el else......

----------------------------------------
x = 6.000000, y = 272.000000
avance = -357.000000, avanceR = 2.000000, avanceI = 2.000000
inc_x_r = 0.000000, inc_y_r = 1.000000, inc_x_i = 1.000000, inc_y_i = 1.000000
En el else......

----------------------------------------
x = 6.000000, y = 273.000000
avance = -355.000000, avanceR = 2.000000, avanceI = 2.000000
inc_x_r = 0.000000, inc_y_r = 1.000000, inc_x_i = 1.000000, inc_y_i = 1.000000
En el else......

----------------------------------------
x = 6.000000, y = 274.000000
avance = -353.000000, avanceR = 2.000000, avanceI = 2.000000
inc_x_r = 0.000000, inc_y_r = 1.000000, inc_x_i = 1.000000, inc_y_i = 1.000000
En el else......

----------------------------------------
x = 6.000000, y = 275.000000
avance = -351.000000, avanceR = 2.000000, avanceI = 2.000000
inc_x_r = 0.000000, inc_y_r = 1.000000, inc_x_i = 1.000000, inc_y_i = 1.000000
En el else......

----------------------------------------
x = 6.000000, y = 276.000000
avance = -349.000000, avanceR = 2.000000, avanceI = 2.000000
inc_x_r = 0.000000, inc_y_r = 1.000000, inc_x_i = 1.000000, inc_y_i = 1.000000
En el else......

----------------------------------------
x = 6.000000, y = 277.000000
avance = -347.000000, avanceR = 2.000000, avanceI = 2.000000
inc_x_r = 0.000000, inc_y_r = 1.000000, inc_x_i = 1.000000, inc_y_i = 1.000000
En el else......

----------------------------------------
x = 6.000000, y = 278.000000
avance = -345.000000, avanceR = 2.000000, avanceI = 2.000000
inc_x_r = 0.000000, inc_y_r = 1.000000, inc_x_i = 1.000000, inc_y_i = 1.000000
En el else......

----------------------------------------
x = 6.000000, y = 279.000000
avance = -343.000000, avanceR = 2.000000, avanceI = 2.000000
inc_x_r = 0.000000, inc_y_r = 1.000000, inc_x_i = 1.000000, inc_y_i = 1.000000
En el else......

----------------------------------------
x = 6.000000, y = 280.000000
avance = -341.000000, avanceR = 2.000000, avanceI = 2.000000
inc_x_r = 0.000000, inc_y_r = 1.000000, inc_x_i = 1.000000, inc_y_i = 1.000000
En el else......

----------------------------------------
x = 6.000000, y = 281.000000
avance = -339.000000, avanceR = 2.000000, avanceI = 2.000000
inc_x_r = 0.000000, inc_y_r = 1.000000, inc_x_i = 1.000000, inc_y_i = 1.000000
En el else......

----------------------------------------
x = 6.000000, y = 282.000000
avance = -337.000000, avanceR = 2.000000, avanceI = 2.000000
inc_x_r = 0.000000, inc_y_r = 1.000000, inc_x_i = 1.000000, inc_y_i = 1.000000
En el else......

----------------------------------------
x = 6.000000, y = 283.000000
avance = -335.000000, avanceR = 2.000000, avanceI = 2.000000
inc_x_r = 0.000000, inc_y_r = 1.000000, inc_x_i = 1.000000, inc_y_i = 1.000000
En el else......

----------------------------------------
x = 6.000000, y = 284.000000
avance = -333.000000, avanceR = 2.000000, avanceI = 2.000000
inc_x_r = 0.000000, inc_y_r = 1.000000, inc_x_i = 1.000000, inc_y_i = 1.000000
En el else......

----------------------------------------
x = 6.000000, y = 285.000000
avance = -331.000000, avanceR = 2.000000, avanceI = 2.000000
inc_x_r = 0.000000, inc_y_r = 1.000000, inc_x_i = 1.000000, inc_y_i = 1.000000
En el else......

----------------------------------------
x = 6.000000, y = 286.000000
avance = -329.000000, avanceR = 2.000000, avanceI = 2.000000
inc_x_r = 0.000000, inc_y_r = 1.000000, inc_x_i = 1.000000, inc_y_i = 1.000000
En el else......

----------------------------------------
x = 6.000000, y = 287.000000
avance = -327.000000, avanceR = 2.000000, avanceI = 2.000000
inc_x_r = 0.000000, inc_y_r = 1.000000, inc_x_i = 1.000000, inc_y_i = 1.000000
En el else......

----------------------------------------
x = 6.000000, y = 288.000000
avance = -325.000000, avanceR = 2.000000, avanceI = 2.000000
inc_x_r = 0.000000, inc_y_r = 1.000000, inc_x_i = 1.000000, inc_y_i = 1.000000
En el else......

----------------------------------------
x = 6.000000, y = 289.000000
avance = -323.000000, avanceR = 2.000000, avanceI = 2.000000
inc_x_r = 0.000000, inc_y_r = 1.000000, inc_x_i = 1.000000, inc_y_i = 1.000000
En el else......

----------------------------------------
x = 6.000000, y = 290.000000
avance = -321.000000, avanceR = 2.000000, avanceI = 2.000000
inc_x_r = 0.000000, inc_y_r = 1.000000, inc_x_i = 1.000000, inc_y_i = 1.000000
En el else......

----------------------------------------
x = 6.000000, y = 291.000000
avance = -319.000000, avanceR = 2.000000, avanceI = 2.000000
inc_x_r = 0.000000, inc_y_r = 1.000000, inc_x_i = 1.000000, inc_y_i = 1.000000
En el else......

----------------------------------------
x = 6.000000, y = 292.000000
avance = -317.000000, avanceR = 2.000000, avanceI = 2.000000
inc_x_r = 0.000000, inc_y_r = 1.000000, inc_x_i = 1.000000, inc_y_i = 1.000000
En el else......

----------------------------------------
x = 6.000000, y = 293.000000
avance = -315.000000, avanceR = 2.000000, avanceI = 2.000000
inc_x_r = 0.000000, inc_y_r = 1.000000, inc_x_i = 1.000000, inc_y_i = 1.000000
En el else......

----------------------------------------
x = 6.000000, y = 294.000000
avance = -313.000000, avanceR = 2.000000, avanceI = 2.000000
inc_x_r = 0.000000, inc_y_r = 1.000000, inc_x_i = 1.000000, inc_y_i = 1.000000
En el else......

----------------------------------------
x = 6.000000, y = 295.000000
avance = -311.000000, avanceR = 2.000000, avanceI = 2.000000
inc_x_r = 0.000000, inc_y_r = 1.000000, inc_x_i = 1.000000, inc_y_i = 1.000000
En el else......

----------------------------------------
x = 6.000000, y = 296.000000
avance = -309.000000, avanceR = 2.000000, avanceI = 2.000000
inc_x_r = 0.000000, inc_y_r = 1.000000, inc_x_i = 1.000000, inc_y_i = 1.000000
En el else......

----------------------------------------
x = 6.000000, y = 297.000000
avance = -307.000000, avanceR = 2.000000, avanceI = 2.000000
inc_x_r = 0.000000, inc_y_r = 1.000000, inc_x_i = 1.000000, inc_y_i = 1.000000
En el else......

----------------------------------------
x = 6.000000, y = 298.000000
avance = -305.000000, avanceR = 2.000000, avanceI = 2.000000
inc_x_r = 0.000000, inc_y_r = 1.000000, inc_x_i = 1.000000, inc_y_i = 1.000000
En el else......

----------------------------------------
x = 6.000000, y = 299.000000
avance = -303.000000, avanceR = 2.000000, avanceI = 2.000000
inc_x_r = 0.000000, inc_y_r = 1.000000, inc_x_i = 1.000000, inc_y_i = 1.000000
En el else......

----------------------------------------
x = 6.000000, y = 300.000000
avance = -301.000000, avanceR = 2.000000, avanceI = 2.000000
inc_x_r = 0.000000, inc_y_r = 1.000000, inc_x_i = 1.000000, inc_y_i = 1.000000
En el else......

----------------------------------------
x = 6.000000, y = 301.000000
avance = -299.000000, avanceR = 2.000000, avanceI = 2.000000
inc_x_r = 0.000000, inc_y_r = 1.000000, inc_x_i = 1.000000, inc_y_i = 1.000000
En el else......

----------------------------------------
x = 6.000000, y = 302.000000
avance = -297.000000, avanceR = 2.000000, avanceI = 2.000000
inc_x_r = 0.000000, inc_y_r = 1.000000, inc_x_i = 1.000000, inc_y_i = 1.000000
En el else......

----------------------------------------
x = 6.000000, y = 303.000000
avance = -295.000000, avanceR = 2.000000, avanceI = 2.000000
inc_x_r = 0.000000, inc_y_r = 1.000000, inc_x_i = 1.000000, inc_y_i = 1.000000
En el else......

----------------------------------------
x = 6.000000, y = 304.000000
avance = -293.000000, avanceR = 2.000000, avanceI = 2.000000
inc_x_r = 0.000000, inc_y_r = 1.000000, inc_x_i = 1.000000, inc_y_i = 1.000000
En el else......

----------------------------------------
x = 6.000000, y = 305.000000
avance = -291.000000, avanceR = 2.000000, avanceI = 2.000000
inc_x_r = 0.000000, inc_y_r = 1.000000, inc_x_i = 1.000000, inc_y_i = 1.000000
En el else......

----------------------------------------
x = 6.000000, y = 306.000000
avance = -289.000000, avanceR = 2.000000, avanceI = 2.000000
inc_x_r = 0.000000, inc_y_r = 1.000000, inc_x_i = 1.000000, inc_y_i = 1.000000
En el else......

----------------------------------------
x = 6.000000, y = 307.000000
avance = -287.000000, avanceR = 2.000000, avanceI = 2.000000
inc_x_r = 0.000000, inc_y_r = 1.000000, inc_x_i = 1.000000, inc_y_i = 1.000000
En el else......

----------------------------------------
x = 6.000000, y = 308.000000
avance = -285.000000, avanceR = 2.000000, avanceI = 2.000000
inc_x_r = 0.000000, inc_y_r = 1.000000, inc_x_i = 1.000000, inc_y_i = 1.000000
En el else......

----------------------------------------
x = 6.000000, y = 309.000000
avance = -283.000000, avanceR = 2.000000, avanceI = 2.000000
inc_x_r = 0.000000, inc_y_r = 1.000000, inc_x_i = 1.000000, inc_y_i = 1.000000
En el else......

----------------------------------------
x = 6.000000, y = 310.000000
avance = -281.000000, avanceR = 2.000000, avanceI = 2.000000
inc_x_r = 0.000000, inc_y_r = 1.000000, inc_x_i = 1.000000, inc_y_i = 1.000000
En el else......

----------------------------------------
x = 6.000000, y = 311.000000
avance = -279.000000, avanceR = 2.000000, avanceI = 2.000000
inc_x_r = 0.000000, inc_y_r = 1.000000, inc_x_i = 1.000000, inc_y_i = 1.000000
En el else......

----------------------------------------
x = 6.000000, y = 312.000000
avance = -277.000000, avanceR = 2.000000, avanceI = 2.000000
inc_x_r = 0.000000, inc_y_r = 1.000000, inc_x_i = 1.000000, inc_y_i = 1.000000
En el else......

----------------------------------------
x = 6.000000, y = 313.000000
avance = -275.000000, avanceR = 2.000000, avanceI = 2.000000
inc_x_r = 0.000000, inc_y_r = 1.000000, inc_x_i = 1.000000, inc_y_i = 1.000000
En el else......

----------------------------------------
x = 6.000000, y = 314.000000
avance = -273.000000, avanceR = 2.000000, avanceI = 2.000000
inc_x_r = 0.000000, inc_y_r = 1.000000, inc_x_i = 1.000000, inc_y_i = 1.000000
En el else......

----------------------------------------
x = 6.000000, y = 315.000000
avance = -271.000000, avanceR = 2.000000, avanceI = 2.000000
inc_x_r = 0.000000, inc_y_r = 1.000000, inc_x_i = 1.000000, inc_y_i = 1.000000
En el else......

----------------------------------------
x = 6.000000, y = 316.000000
avance = -269.000000, avanceR = 2.000000, avanceI = 2.000000
inc_x_r = 0.000000, inc_y_r = 1.000000, inc_x_i = 1.000000, inc_y_i = 1.000000
En el else......

----------------------------------------
x = 6.000000, y = 317.000000
avance = -267.000000, avanceR = 2.000000, avanceI = 2.000000
inc_x_r = 0.000000, inc_y_r = 1.000000, inc_x_i = 1.000000, inc_y_i = 1.000000
En el else......

----------------------------------------
x = 6.000000, y = 318.000000
avance = -265.000000, avanceR = 2.000000, avanceI = 2.000000
inc_x_r = 0.000000, inc_y_r = 1.000000, inc_x_i = 1.000000, inc_y_i = 1.000000
En el else......

----------------------------------------
x = 6.000000, y = 319.000000
avance = -263.000000, avanceR = 2.000000, avanceI = 2.000000
inc_x_r = 0.000000, inc_y_r = 1.000000, inc_x_i = 1.000000, inc_y_i = 1.000000
En el else......

----------------------------------------
x = 6.000000, y = 320.000000
avance = -261.000000, avanceR = 2.000000, avanceI = 2.000000
inc_x_r = 0.000000, inc_y_r = 1.000000, inc_x_i = 1.000000, inc_y_i = 1.000000
En el else......

----------------------------------------
x = 6.000000, y = 321.000000
avance = -259.000000, avanceR = 2.000000, avanceI = 2.000000
inc_x_r = 0.000000, inc_y_r = 1.000000, inc_x_i = 1.000000, inc_y_i = 1.000000
En el else......

----------------------------------------
x = 6.000000, y = 322.000000
avance = -257.000000, avanceR = 2.000000, avanceI = 2.000000
inc_x_r = 0.000000, inc_y_r = 1.000000, inc_x_i = 1.000000, inc_y_i = 1.000000
En el else......

----------------------------------------
x = 6.000000, y = 323.000000
avance = -255.000000, avanceR = 2.000000, avanceI = 2.000000
inc_x_r = 0.000000, inc_y_r = 1.000000, inc_x_i = 1.000000, inc_y_i = 1.000000
En el else......

----------------------------------------
x = 6.000000, y = 324.000000
avance = -253.000000, avanceR = 2.000000, avanceI = 2.000000
inc_x_r = 0.000000, inc_y_r = 1.000000, inc_x_i = 1.000000, inc_y_i = 1.000000
En el else......

----------------------------------------
x = 6.000000, y = 325.000000
avance = -251.000000, avanceR = 2.000000, avanceI = 2.000000
inc_x_r = 0.000000, inc_y_r = 1.000000, inc_x_i = 1.000000, inc_y_i = 1.000000
En el else......

----------------------------------------


ENTRAMOS A BRESENHAMªªªª
x1 = 15.000000 - y1 = 75.000000 || x2 = 16.000000 - y2 = 326.000000
dy = 251.000000, dx = 1.000000
avances inclinados: inc_x_i = 1.000000, inc_y_i = 1.000000
updated: dy = 251.000000, dx = 1.000000
avances rectos: inc_x_r = 0.000000, inc_y_r 1.000000
reupdated: dy = 1.000000, dx = 251.000000
avanceR = 2.000000, avance -249.000000, avanceI 2.000000
----------------------------------------
x = 15.000000, y = 75.000000
avance = -249.000000, avanceR = 2.000000, avanceI = 2.000000
inc_x_r = 0.000000, inc_y_r = 1.000000, inc_x_i = 1.000000, inc_y_i = 1.000000
En el else......

----------------------------------------
x = 15.000000, y = 76.000000
avance = -247.000000, avanceR = 2.000000, avanceI = 2.000000
inc_x_r = 0.000000, inc_y_r = 1.000000, inc_x_i = 1.000000, inc_y_i = 1.000000
En el else......

----------------------------------------
x = 15.000000, y = 77.000000
avance = -245.000000, avanceR = 2.000000, avanceI = 2.000000
inc_x_r = 0.000000, inc_y_r = 1.000000, inc_x_i = 1.000000, inc_y_i = 1.000000
En el else......

----------------------------------------
x = 15.000000, y = 78.000000
avance = -243.000000, avanceR = 2.000000, avanceI = 2.000000
inc_x_r = 0.000000, inc_y_r = 1.000000, inc_x_i = 1.000000, inc_y_i = 1.000000
En el else......

----------------------------------------
x = 15.000000, y = 79.000000
avance = -241.000000, avanceR = 2.000000, avanceI = 2.000000
inc_x_r = 0.000000, inc_y_r = 1.000000, inc_x_i = 1.000000, inc_y_i = 1.000000
En el else......

----------------------------------------
x = 15.000000, y = 80.000000
avance = -239.000000, avanceR = 2.000000, avanceI = 2.000000
inc_x_r = 0.000000, inc_y_r = 1.000000, inc_x_i = 1.000000, inc_y_i = 1.000000
En el else......

----------------------------------------
x = 15.000000, y = 81.000000
avance = -237.000000, avanceR = 2.000000, avanceI = 2.000000
inc_x_r = 0.000000, inc_y_r = 1.000000, inc_x_i = 1.000000, inc_y_i = 1.000000
En el else......

----------------------------------------
x = 15.000000, y = 82.000000
avance = -235.000000, avanceR = 2.000000, avanceI = 2.000000
inc_x_r = 0.000000, inc_y_r = 1.000000, inc_x_i = 1.000000, inc_y_i = 1.000000
En el else......

----------------------------------------
x = 15.000000, y = 83.000000
avance = -233.000000, avanceR = 2.000000, avanceI = 2.000000
inc_x_r = 0.000000, inc_y_r = 1.000000, inc_x_i = 1.000000, inc_y_i = 1.000000
En el else......

----------------------------------------
x = 15.000000, y = 84.000000
avance = -231.000000, avanceR = 2.000000, avanceI = 2.000000
inc_x_r = 0.000000, inc_y_r = 1.000000, inc_x_i = 1.000000, inc_y_i = 1.000000
En el else......

----------------------------------------
x = 15.000000, y = 85.000000
avance = -229.000000, avanceR = 2.000000, avanceI = 2.000000
inc_x_r = 0.000000, inc_y_r = 1.000000, inc_x_i = 1.000000, inc_y_i = 1.000000
En el else......

----------------------------------------
x = 15.000000, y = 86.000000
avance = -227.000000, avanceR = 2.000000, avanceI = 2.000000
inc_x_r = 0.000000, inc_y_r = 1.000000, inc_x_i = 1.000000, inc_y_i = 1.000000
En el else......

----------------------------------------
x = 15.000000, y = 87.000000
avance = -225.000000, avanceR = 2.000000, avanceI = 2.000000
inc_x_r = 0.000000, inc_y_r = 1.000000, inc_x_i = 1.000000, inc_y_i = 1.000000
En el else......

----------------------------------------
x = 15.000000, y = 88.000000
avance = -223.000000, avanceR = 2.000000, avanceI = 2.000000
inc_x_r = 0.000000, inc_y_r = 1.000000, inc_x_i = 1.000000, inc_y_i = 1.000000
En el else......

----------------------------------------
x = 15.000000, y = 89.000000
avance = -221.000000, avanceR = 2.000000, avanceI = 2.000000
inc_x_r = 0.000000, inc_y_r = 1.000000, inc_x_i = 1.000000, inc_y_i = 1.000000
En el else......

----------------------------------------
x = 15.000000, y = 90.000000
avance = -219.000000, avanceR = 2.000000, avanceI = 2.000000
inc_x_r = 0.000000, inc_y_r = 1.000000, inc_x_i = 1.000000, inc_y_i = 1.000000
En el else......

----------------------------------------
x = 15.000000, y = 91.000000
avance = -217.000000, avanceR = 2.000000, avanceI = 2.000000
inc_x_r = 0.000000, inc_y_r = 1.000000, inc_x_i = 1.000000, inc_y_i = 1.000000
En el else......

----------------------------------------
x = 15.000000, y = 92.000000
avance = -215.000000, avanceR = 2.000000, avanceI = 2.000000
inc_x_r = 0.000000, inc_y_r = 1.000000, inc_x_i = 1.000000, inc_y_i = 1.000000
En el else......

----------------------------------------
x = 15.000000, y = 93.000000
avance = -213.000000, avanceR = 2.000000, avanceI = 2.000000
inc_x_r = 0.000000, inc_y_r = 1.000000, inc_x_i = 1.000000, inc_y_i = 1.000000
En el else......

----------------------------------------
x = 15.000000, y = 94.000000
avance = -211.000000, avanceR = 2.000000, avanceI = 2.000000
inc_x_r = 0.000000, inc_y_r = 1.000000, inc_x_i = 1.000000, inc_y_i = 1.000000
En el else......

----------------------------------------
x = 15.000000, y = 95.000000
avance = -209.000000, avanceR = 2.000000, avanceI = 2.000000
inc_x_r = 0.000000, inc_y_r = 1.000000, inc_x_i = 1.000000, inc_y_i = 1.000000
En el else......

----------------------------------------
x = 15.000000, y = 96.000000
avance = -207.000000, avanceR = 2.000000, avanceI = 2.000000
inc_x_r = 0.000000, inc_y_r = 1.000000, inc_x_i = 1.000000, inc_y_i = 1.000000
En el else......

----------------------------------------
x = 15.000000, y = 97.000000
avance = -205.000000, avanceR = 2.000000, avanceI = 2.000000
inc_x_r = 0.000000, inc_y_r = 1.000000, inc_x_i = 1.000000, inc_y_i = 1.000000
En el else......

----------------------------------------
x = 15.000000, y = 98.000000
avance = -203.000000, avanceR = 2.000000, avanceI = 2.000000
inc_x_r = 0.000000, inc_y_r = 1.000000, inc_x_i = 1.000000, inc_y_i = 1.000000
En el else......

----------------------------------------
x = 15.000000, y = 99.000000
avance = -201.000000, avanceR = 2.000000, avanceI = 2.000000
inc_x_r = 0.000000, inc_y_r = 1.000000, inc_x_i = 1.000000, inc_y_i = 1.000000
En el else......

----------------------------------------
x = 15.000000, y = 100.000000
avance = -199.000000, avanceR = 2.000000, avanceI = 2.000000
inc_x_r = 0.000000, inc_y_r = 1.000000, inc_x_i = 1.000000, inc_y_i = 1.000000
En el else......

----------------------------------------
x = 15.000000, y = 101.000000
avance = -197.000000, avanceR = 2.000000, avanceI = 2.000000
inc_x_r = 0.000000, inc_y_r = 1.000000, inc_x_i = 1.000000, inc_y_i = 1.000000
En el else......

----------------------------------------
x = 15.000000, y = 102.000000
avance = -195.000000, avanceR = 2.000000, avanceI = 2.000000
inc_x_r = 0.000000, inc_y_r = 1.000000, inc_x_i = 1.000000, inc_y_i = 1.000000
En el else......

----------------------------------------
x = 15.000000, y = 103.000000
avance = -193.000000, avanceR = 2.000000, avanceI = 2.000000
inc_x_r = 0.000000, inc_y_r = 1.000000, inc_x_i = 1.000000, inc_y_i = 1.000000
En el else......

----------------------------------------
x = 15.000000, y = 104.000000
avance = -191.000000, avanceR = 2.000000, avanceI = 2.000000
inc_x_r = 0.000000, inc_y_r = 1.000000, inc_x_i = 1.000000, inc_y_i = 1.000000
En el else......

----------------------------------------
x = 15.000000, y = 105.000000
avance = -189.000000, avanceR = 2.000000, avanceI = 2.000000
inc_x_r = 0.000000, inc_y_r = 1.000000, inc_x_i = 1.000000, inc_y_i = 1.000000
En el else......

----------------------------------------
x = 15.000000, y = 106.000000
avance = -187.000000, avanceR = 2.000000, avanceI = 2.000000
inc_x_r = 0.000000, inc_y_r = 1.000000, inc_x_i = 1.000000, inc_y_i = 1.000000
En el else......

----------------------------------------
x = 15.000000, y = 107.000000
avance = -185.000000, avanceR = 2.000000, avanceI = 2.000000
inc_x_r = 0.000000, inc_y_r = 1.000000, inc_x_i = 1.000000, inc_y_i = 1.000000
En el else......

----------------------------------------
x = 15.000000, y = 108.000000
avance = -183.000000, avanceR = 2.000000, avanceI = 2.000000
inc_x_r = 0.000000, inc_y_r = 1.000000, inc_x_i = 1.000000, inc_y_i = 1.000000
En el else......

----------------------------------------
x = 15.000000, y = 109.000000
avance = -181.000000, avanceR = 2.000000, avanceI = 2.000000
inc_x_r = 0.000000, inc_y_r = 1.000000, inc_x_i = 1.000000, inc_y_i = 1.000000
En el else......

----------------------------------------
x = 15.000000, y = 110.000000
avance = -179.000000, avanceR = 2.000000, avanceI = 2.000000
inc_x_r = 0.000000, inc_y_r = 1.000000, inc_x_i = 1.000000, inc_y_i = 1.000000
En el else......

----------------------------------------
x = 15.000000, y = 111.000000
avance = -177.000000, avanceR = 2.000000, avanceI = 2.000000
inc_x_r = 0.000000, inc_y_r = 1.000000, inc_x_i = 1.000000, inc_y_i = 1.000000
En el else......

----------------------------------------
x = 15.000000, y = 112.000000
avance = -175.000000, avanceR = 2.000000, avanceI = 2.000000
inc_x_r = 0.000000, inc_y_r = 1.000000, inc_x_i = 1.000000, inc_y_i = 1.000000
En el else......

----------------------------------------
x = 15.000000, y = 113.000000
avance = -173.000000, avanceR = 2.000000, avanceI = 2.000000
inc_x_r = 0.000000, inc_y_r = 1.000000, inc_x_i = 1.000000, inc_y_i = 1.000000
En el else......

----------------------------------------
x = 15.000000, y = 114.000000
avance = -171.000000, avanceR = 2.000000, avanceI = 2.000000
inc_x_r = 0.000000, inc_y_r = 1.000000, inc_x_i = 1.000000, inc_y_i = 1.000000
En el else......

----------------------------------------
x = 15.000000, y = 115.000000
avance = -169.000000, avanceR = 2.000000, avanceI = 2.000000
inc_x_r = 0.000000, inc_y_r = 1.000000, inc_x_i = 1.000000, inc_y_i = 1.000000
En el else......

----------------------------------------
x = 15.000000, y = 116.000000
avance = -167.000000, avanceR = 2.000000, avanceI = 2.000000
inc_x_r = 0.000000, inc_y_r = 1.000000, inc_x_i = 1.000000, inc_y_i = 1.000000
En el else......

----------------------------------------
x = 15.000000, y = 117.000000
avance = -165.000000, avanceR = 2.000000, avanceI = 2.000000
inc_x_r = 0.000000, inc_y_r = 1.000000, inc_x_i = 1.000000, inc_y_i = 1.000000
En el else......

----------------------------------------
x = 15.000000, y = 118.000000
avance = -163.000000, avanceR = 2.000000, avanceI = 2.000000
inc_x_r = 0.000000, inc_y_r = 1.000000, inc_x_i = 1.000000, inc_y_i = 1.000000
En el else......

----------------------------------------
x = 15.000000, y = 119.000000
avance = -161.000000, avanceR = 2.000000, avanceI = 2.000000
inc_x_r = 0.000000, inc_y_r = 1.000000, inc_x_i = 1.000000, inc_y_i = 1.000000
En el else......

----------------------------------------
x = 15.000000, y = 120.000000
avance = -159.000000, avanceR = 2.000000, avanceI = 2.000000
inc_x_r = 0.000000, inc_y_r = 1.000000, inc_x_i = 1.000000, inc_y_i = 1.000000
En el else......

----------------------------------------
x = 15.000000, y = 121.000000
avance = -157.000000, avanceR = 2.000000, avanceI = 2.000000
inc_x_r = 0.000000, inc_y_r = 1.000000, inc_x_i = 1.000000, inc_y_i = 1.000000
En el else......

----------------------------------------
x = 15.000000, y = 122.000000
avance = -155.000000, avanceR = 2.000000, avanceI = 2.000000
inc_x_r = 0.000000, inc_y_r = 1.000000, inc_x_i = 1.000000, inc_y_i = 1.000000
En el else......

----------------------------------------
x = 15.000000, y = 123.000000
avance = -153.000000, avanceR = 2.000000, avanceI = 2.000000
inc_x_r = 0.000000, inc_y_r = 1.000000, inc_x_i = 1.000000, inc_y_i = 1.000000
En el else......

----------------------------------------
x = 15.000000, y = 124.000000
avance = -151.000000, avanceR = 2.000000, avanceI = 2.000000
inc_x_r = 0.000000, inc_y_r = 1.000000, inc_x_i = 1.000000, inc_y_i = 1.000000
En el else......

----------------------------------------
x = 15.000000, y = 125.000000
avance = -149.000000, avanceR = 2.000000, avanceI = 2.000000
inc_x_r = 0.000000, inc_y_r = 1.000000, inc_x_i = 1.000000, inc_y_i = 1.000000
En el else......

----------------------------------------
x = 15.000000, y = 126.000000
avance = -147.000000, avanceR = 2.000000, avanceI = 2.000000
inc_x_r = 0.000000, inc_y_r = 1.000000, inc_x_i = 1.000000, inc_y_i = 1.000000
En el else......

----------------------------------------
x = 15.000000, y = 127.000000
avance = -145.000000, avanceR = 2.000000, avanceI = 2.000000
inc_x_r = 0.000000, inc_y_r = 1.000000, inc_x_i = 1.000000, inc_y_i = 1.000000
En el else......

----------------------------------------
x = 15.000000, y = 128.000000
avance = -143.000000, avanceR = 2.000000, avanceI = 2.000000
inc_x_r = 0.000000, inc_y_r = 1.000000, inc_x_i = 1.000000, inc_y_i = 1.000000
En el else......

----------------------------------------
x = 15.000000, y = 129.000000
avance = -141.000000, avanceR = 2.000000, avanceI = 2.000000
inc_x_r = 0.000000, inc_y_r = 1.000000, inc_x_i = 1.000000, inc_y_i = 1.000000
En el else......

----------------------------------------
x = 15.000000, y = 130.000000
avance = -139.000000, avanceR = 2.000000, avanceI = 2.000000
inc_x_r = 0.000000, inc_y_r = 1.000000, inc_x_i = 1.000000, inc_y_i = 1.000000
En el else......

----------------------------------------
x = 15.000000, y = 131.000000
avance = -137.000000, avanceR = 2.000000, avanceI = 2.000000
inc_x_r = 0.000000, inc_y_r = 1.000000, inc_x_i = 1.000000, inc_y_i = 1.000000
En el else......

----------------------------------------
x = 15.000000, y = 132.000000
avance = -135.000000, avanceR = 2.000000, avanceI = 2.000000
inc_x_r = 0.000000, inc_y_r = 1.000000, inc_x_i = 1.000000, inc_y_i = 1.000000
En el else......

----------------------------------------
x = 15.000000, y = 133.000000
avance = -133.000000, avanceR = 2.000000, avanceI = 2.000000
inc_x_r = 0.000000, inc_y_r = 1.000000, inc_x_i = 1.000000, inc_y_i = 1.000000
En el else......

----------------------------------------
x = 15.000000, y = 134.000000
avance = -131.000000, avanceR = 2.000000, avanceI = 2.000000
inc_x_r = 0.000000, inc_y_r = 1.000000, inc_x_i = 1.000000, inc_y_i = 1.000000
En el else......

----------------------------------------
x = 15.000000, y = 135.000000
avance = -129.000000, avanceR = 2.000000, avanceI = 2.000000
inc_x_r = 0.000000, inc_y_r = 1.000000, inc_x_i = 1.000000, inc_y_i = 1.000000
En el else......

----------------------------------------
x = 15.000000, y = 136.000000
avance = -127.000000, avanceR = 2.000000, avanceI = 2.000000
inc_x_r = 0.000000, inc_y_r = 1.000000, inc_x_i = 1.000000, inc_y_i = 1.000000
En el else......

----------------------------------------
x = 15.000000, y = 137.000000
avance = -125.000000, avanceR = 2.000000, avanceI = 2.000000
inc_x_r = 0.000000, inc_y_r = 1.000000, inc_x_i = 1.000000, inc_y_i = 1.000000
En el else......

----------------------------------------
x = 15.000000, y = 138.000000
avance = -123.000000, avanceR = 2.000000, avanceI = 2.000000
inc_x_r = 0.000000, inc_y_r = 1.000000, inc_x_i = 1.000000, inc_y_i = 1.000000
En el else......

----------------------------------------
x = 15.000000, y = 139.000000
avance = -121.000000, avanceR = 2.000000, avanceI = 2.000000
inc_x_r = 0.000000, inc_y_r = 1.000000, inc_x_i = 1.000000, inc_y_i = 1.000000
En el else......

----------------------------------------
x = 15.000000, y = 140.000000
avance = -119.000000, avanceR = 2.000000, avanceI = 2.000000
inc_x_r = 0.000000, inc_y_r = 1.000000, inc_x_i = 1.000000, inc_y_i = 1.000000
En el else......

----------------------------------------
x = 15.000000, y = 141.000000
avance = -117.000000, avanceR = 2.000000, avanceI = 2.000000
inc_x_r = 0.000000, inc_y_r = 1.000000, inc_x_i = 1.000000, inc_y_i = 1.000000
En el else......

----------------------------------------
x = 15.000000, y = 142.000000
avance = -115.000000, avanceR = 2.000000, avanceI = 2.000000
inc_x_r = 0.000000, inc_y_r = 1.000000, inc_x_i = 1.000000, inc_y_i = 1.000000
En el else......

----------------------------------------
x = 15.000000, y = 143.000000
avance = -113.000000, avanceR = 2.000000, avanceI = 2.000000
inc_x_r = 0.000000, inc_y_r = 1.000000, inc_x_i = 1.000000, inc_y_i = 1.000000
En el else......

----------------------------------------
x = 15.000000, y = 144.000000
avance = -111.000000, avanceR = 2.000000, avanceI = 2.000000
inc_x_r = 0.000000, inc_y_r = 1.000000, inc_x_i = 1.000000, inc_y_i = 1.000000
En el else......

----------------------------------------
x = 15.000000, y = 145.000000
avance = -109.000000, avanceR = 2.000000, avanceI = 2.000000
inc_x_r = 0.000000, inc_y_r = 1.000000, inc_x_i = 1.000000, inc_y_i = 1.000000
En el else......

----------------------------------------
x = 15.000000, y = 146.000000
avance = -107.000000, avanceR = 2.000000, avanceI = 2.000000
inc_x_r = 0.000000, inc_y_r = 1.000000, inc_x_i = 1.000000, inc_y_i = 1.000000
En el else......

----------------------------------------
x = 15.000000, y = 147.000000
avance = -105.000000, avanceR = 2.000000, avanceI = 2.000000
inc_x_r = 0.000000, inc_y_r = 1.000000, inc_x_i = 1.000000, inc_y_i = 1.000000
En el else......

----------------------------------------
x = 15.000000, y = 148.000000
avance = -103.000000, avanceR = 2.000000, avanceI = 2.000000
inc_x_r = 0.000000, inc_y_r = 1.000000, inc_x_i = 1.000000, inc_y_i = 1.000000
En el else......

----------------------------------------
x = 15.000000, y = 149.000000
avance = -101.000000, avanceR = 2.000000, avanceI = 2.000000
inc_x_r = 0.000000, inc_y_r = 1.000000, inc_x_i = 1.000000, inc_y_i = 1.000000
En el else......

----------------------------------------
x = 15.000000, y = 150.000000
avance = -99.000000, avanceR = 2.000000, avanceI = 2.000000
inc_x_r = 0.000000, inc_y_r = 1.000000, inc_x_i = 1.000000, inc_y_i = 1.000000
En el else......

----------------------------------------
x = 15.000000, y = 151.000000
avance = -97.000000, avanceR = 2.000000, avanceI = 2.000000
inc_x_r = 0.000000, inc_y_r = 1.000000, inc_x_i = 1.000000, inc_y_i = 1.000000
En el else......

----------------------------------------
x = 15.000000, y = 152.000000
avance = -95.000000, avanceR = 2.000000, avanceI = 2.000000
inc_x_r = 0.000000, inc_y_r = 1.000000, inc_x_i = 1.000000, inc_y_i = 1.000000
En el else......

----------------------------------------
x = 15.000000, y = 153.000000
avance = -93.000000, avanceR = 2.000000, avanceI = 2.000000
inc_x_r = 0.000000, inc_y_r = 1.000000, inc_x_i = 1.000000, inc_y_i = 1.000000
En el else......

----------------------------------------
x = 15.000000, y = 154.000000
avance = -91.000000, avanceR = 2.000000, avanceI = 2.000000
inc_x_r = 0.000000, inc_y_r = 1.000000, inc_x_i = 1.000000, inc_y_i = 1.000000
En el else......

----------------------------------------
x = 15.000000, y = 155.000000
avance = -89.000000, avanceR = 2.000000, avanceI = 2.000000
inc_x_r = 0.000000, inc_y_r = 1.000000, inc_x_i = 1.000000, inc_y_i = 1.000000
En el else......

----------------------------------------
x = 15.000000, y = 156.000000
avance = -87.000000, avanceR = 2.000000, avanceI = 2.000000
inc_x_r = 0.000000, inc_y_r = 1.000000, inc_x_i = 1.000000, inc_y_i = 1.000000
En el else......

----------------------------------------
x = 15.000000, y = 157.000000
avance = -85.000000, avanceR = 2.000000, avanceI = 2.000000
inc_x_r = 0.000000, inc_y_r = 1.000000, inc_x_i = 1.000000, inc_y_i = 1.000000
En el else......

----------------------------------------
x = 15.000000, y = 158.000000
avance = -83.000000, avanceR = 2.000000, avanceI = 2.000000
inc_x_r = 0.000000, inc_y_r = 1.000000, inc_x_i = 1.000000, inc_y_i = 1.000000
En el else......

----------------------------------------
x = 15.000000, y = 159.000000
avance = -81.000000, avanceR = 2.000000, avanceI = 2.000000
inc_x_r = 0.000000, inc_y_r = 1.000000, inc_x_i = 1.000000, inc_y_i = 1.000000
En el else......

----------------------------------------
x = 15.000000, y = 160.000000
avance = -79.000000, avanceR = 2.000000, avanceI = 2.000000
inc_x_r = 0.000000, inc_y_r = 1.000000, inc_x_i = 1.000000, inc_y_i = 1.000000
En el else......

----------------------------------------
x = 15.000000, y = 161.000000
avance = -77.000000, avanceR = 2.000000, avanceI = 2.000000
inc_x_r = 0.000000, inc_y_r = 1.000000, inc_x_i = 1.000000, inc_y_i = 1.000000
En el else......

----------------------------------------
x = 15.000000, y = 162.000000
avance = -75.000000, avanceR = 2.000000, avanceI = 2.000000
inc_x_r = 0.000000, inc_y_r = 1.000000, inc_x_i = 1.000000, inc_y_i = 1.000000
En el else......

----------------------------------------
x = 15.000000, y = 163.000000
avance = -73.000000, avanceR = 2.000000, avanceI = 2.000000
inc_x_r = 0.000000, inc_y_r = 1.000000, inc_x_i = 1.000000, inc_y_i = 1.000000
En el else......

----------------------------------------
x = 15.000000, y = 164.000000
avance = -71.000000, avanceR = 2.000000, avanceI = 2.000000
inc_x_r = 0.000000, inc_y_r = 1.000000, inc_x_i = 1.000000, inc_y_i = 1.000000
En el else......

----------------------------------------
x = 15.000000, y = 165.000000
avance = -69.000000, avanceR = 2.000000, avanceI = 2.000000
inc_x_r = 0.000000, inc_y_r = 1.000000, inc_x_i = 1.000000, inc_y_i = 1.000000
En el else......

----------------------------------------
x = 15.000000, y = 166.000000
avance = -67.000000, avanceR = 2.000000, avanceI = 2.000000
inc_x_r = 0.000000, inc_y_r = 1.000000, inc_x_i = 1.000000, inc_y_i = 1.000000
En el else......

----------------------------------------
x = 15.000000, y = 167.000000
avance = -65.000000, avanceR = 2.000000, avanceI = 2.000000
inc_x_r = 0.000000, inc_y_r = 1.000000, inc_x_i = 1.000000, inc_y_i = 1.000000
En el else......

----------------------------------------
x = 15.000000, y = 168.000000
avance = -63.000000, avanceR = 2.000000, avanceI = 2.000000
inc_x_r = 0.000000, inc_y_r = 1.000000, inc_x_i = 1.000000, inc_y_i = 1.000000
En el else......

----------------------------------------
x = 15.000000, y = 169.000000
avance = -61.000000, avanceR = 2.000000, avanceI = 2.000000
inc_x_r = 0.000000, inc_y_r = 1.000000, inc_x_i = 1.000000, inc_y_i = 1.000000
En el else......

----------------------------------------
x = 15.000000, y = 170.000000
avance = -59.000000, avanceR = 2.000000, avanceI = 2.000000
inc_x_r = 0.000000, inc_y_r = 1.000000, inc_x_i = 1.000000, inc_y_i = 1.000000
En el else......

----------------------------------------
x = 15.000000, y = 171.000000
avance = -57.000000, avanceR = 2.000000, avanceI = 2.000000
inc_x_r = 0.000000, inc_y_r = 1.000000, inc_x_i = 1.000000, inc_y_i = 1.000000
En el else......

----------------------------------------
x = 15.000000, y = 172.000000
avance = -55.000000, avanceR = 2.000000, avanceI = 2.000000
inc_x_r = 0.000000, inc_y_r = 1.000000, inc_x_i = 1.000000, inc_y_i = 1.000000
En el else......

----------------------------------------
x = 15.000000, y = 173.000000
avance = -53.000000, avanceR = 2.000000, avanceI = 2.000000
inc_x_r = 0.000000, inc_y_r = 1.000000, inc_x_i = 1.000000, inc_y_i = 1.000000
En el else......

----------------------------------------
x = 15.000000, y = 174.000000
avance = -51.000000, avanceR = 2.000000, avanceI = 2.000000
inc_x_r = 0.000000, inc_y_r = 1.000000, inc_x_i = 1.000000, inc_y_i = 1.000000
En el else......

----------------------------------------
x = 15.000000, y = 175.000000
avance = -49.000000, avanceR = 2.000000, avanceI = 2.000000
inc_x_r = 0.000000, inc_y_r = 1.000000, inc_x_i = 1.000000, inc_y_i = 1.000000
En el else......

----------------------------------------
x = 15.000000, y = 176.000000
avance = -47.000000, avanceR = 2.000000, avanceI = 2.000000
inc_x_r = 0.000000, inc_y_r = 1.000000, inc_x_i = 1.000000, inc_y_i = 1.000000
En el else......

----------------------------------------
x = 15.000000, y = 177.000000
avance = -45.000000, avanceR = 2.000000, avanceI = 2.000000
inc_x_r = 0.000000, inc_y_r = 1.000000, inc_x_i = 1.000000, inc_y_i = 1.000000
En el else......

----------------------------------------
x = 15.000000, y = 178.000000
avance = -43.000000, avanceR = 2.000000, avanceI = 2.000000
inc_x_r = 0.000000, inc_y_r = 1.000000, inc_x_i = 1.000000, inc_y_i = 1.000000
En el else......

----------------------------------------
x = 15.000000, y = 179.000000
avance = -41.000000, avanceR = 2.000000, avanceI = 2.000000
inc_x_r = 0.000000, inc_y_r = 1.000000, inc_x_i = 1.000000, inc_y_i = 1.000000
En el else......

----------------------------------------
x = 15.000000, y = 180.000000
avance = -39.000000, avanceR = 2.000000, avanceI = 2.000000
inc_x_r = 0.000000, inc_y_r = 1.000000, inc_x_i = 1.000000, inc_y_i = 1.000000
En el else......

----------------------------------------
x = 15.000000, y = 181.000000
avance = -37.000000, avanceR = 2.000000, avanceI = 2.000000
inc_x_r = 0.000000, inc_y_r = 1.000000, inc_x_i = 1.000000, inc_y_i = 1.000000
En el else......

----------------------------------------
x = 15.000000, y = 182.000000
avance = -35.000000, avanceR = 2.000000, avanceI = 2.000000
inc_x_r = 0.000000, inc_y_r = 1.000000, inc_x_i = 1.000000, inc_y_i = 1.000000
En el else......

----------------------------------------
x = 15.000000, y = 183.000000
avance = -33.000000, avanceR = 2.000000, avanceI = 2.000000
inc_x_r = 0.000000, inc_y_r = 1.000000, inc_x_i = 1.000000, inc_y_i = 1.000000
En el else......

----------------------------------------
x = 15.000000, y = 184.000000
avance = -31.000000, avanceR = 2.000000, avanceI = 2.000000
inc_x_r = 0.000000, inc_y_r = 1.000000, inc_x_i = 1.000000, inc_y_i = 1.000000
En el else......

----------------------------------------
x = 15.000000, y = 185.000000
avance = -29.000000, avanceR = 2.000000, avanceI = 2.000000
inc_x_r = 0.000000, inc_y_r = 1.000000, inc_x_i = 1.000000, inc_y_i = 1.000000
En el else......

----------------------------------------
x = 15.000000, y = 186.000000
avance = -27.000000, avanceR = 2.000000, avanceI = 2.000000
inc_x_r = 0.000000, inc_y_r = 1.000000, inc_x_i = 1.000000, inc_y_i = 1.000000
En el else......

----------------------------------------
x = 15.000000, y = 187.000000
avance = -25.000000, avanceR = 2.000000, avanceI = 2.000000
inc_x_r = 0.000000, inc_y_r = 1.000000, inc_x_i = 1.000000, inc_y_i = 1.000000
En el else......

----------------------------------------
x = 15.000000, y = 188.000000
avance = -23.000000, avanceR = 2.000000, avanceI = 2.000000
inc_x_r = 0.000000, inc_y_r = 1.000000, inc_x_i = 1.000000, inc_y_i = 1.000000
En el else......

----------------------------------------
x = 15.000000, y = 189.000000
avance = -21.000000, avanceR = 2.000000, avanceI = 2.000000
inc_x_r = 0.000000, inc_y_r = 1.000000, inc_x_i = 1.000000, inc_y_i = 1.000000
En el else......

----------------------------------------
x = 15.000000, y = 190.000000
avance = -19.000000, avanceR = 2.000000, avanceI = 2.000000
inc_x_r = 0.000000, inc_y_r = 1.000000, inc_x_i = 1.000000, inc_y_i = 1.000000
En el else......

----------------------------------------
x = 15.000000, y = 191.000000
avance = -17.000000, avanceR = 2.000000, avanceI = 2.000000
inc_x_r = 0.000000, inc_y_r = 1.000000, inc_x_i = 1.000000, inc_y_i = 1.000000
En el else......

----------------------------------------
x = 15.000000, y = 192.000000
avance = -15.000000, avanceR = 2.000000, avanceI = 2.000000
inc_x_r = 0.000000, inc_y_r = 1.000000, inc_x_i = 1.000000, inc_y_i = 1.000000
En el else......

----------------------------------------
x = 15.000000, y = 193.000000
avance = -13.000000, avanceR = 2.000000, avanceI = 2.000000
inc_x_r = 0.000000, inc_y_r = 1.000000, inc_x_i = 1.000000, inc_y_i = 1.000000
En el else......

----------------------------------------
x = 15.000000, y = 194.000000
avance = -11.000000, avanceR = 2.000000, avanceI = 2.000000
inc_x_r = 0.000000, inc_y_r = 1.000000, inc_x_i = 1.000000, inc_y_i = 1.000000
En el else......

----------------------------------------
x = 15.000000, y = 195.000000
avance = -9.000000, avanceR = 2.000000, avanceI = 2.000000
inc_x_r = 0.000000, inc_y_r = 1.000000, inc_x_i = 1.000000, inc_y_i = 1.000000
En el else......

----------------------------------------
x = 15.000000, y = 196.000000
avance = -7.000000, avanceR = 2.000000, avanceI = 2.000000
inc_x_r = 0.000000, inc_y_r = 1.000000, inc_x_i = 1.000000, inc_y_i = 1.000000
En el else......

----------------------------------------
x = 15.000000, y = 197.000000
avance = -5.000000, avanceR = 2.000000, avanceI = 2.000000
inc_x_r = 0.000000, inc_y_r = 1.000000, inc_x_i = 1.000000, inc_y_i = 1.000000
En el else......

----------------------------------------
x = 15.000000, y = 198.000000
avance = -3.000000, avanceR = 2.000000, avanceI = 2.000000
inc_x_r = 0.000000, inc_y_r = 1.000000, inc_x_i = 1.000000, inc_y_i = 1.000000
En el else......

----------------------------------------
x = 15.000000, y = 199.000000
avance = -1.000000, avanceR = 2.000000, avanceI = 2.000000
inc_x_r = 0.000000, inc_y_r = 1.000000, inc_x_i = 1.000000, inc_y_i = 1.000000
En el else......

----------------------------------------
x = 15.000000, y = 200.000000
avance = 1.000000, avanceR = 2.000000, avanceI = 2.000000
inc_x_r = 0.000000, inc_y_r = 1.000000, inc_x_i = 1.000000, inc_y_i = 1.000000
avance >= 0

----------------------------------------
x = 16.000000, y = 201.000000
avance = -499.000000, avanceR = 2.000000, avanceI = 2.000000
inc_x_r = 0.000000, inc_y_r = 1.000000, inc_x_i = 1.000000, inc_y_i = 1.000000
En el else......

----------------------------------------
x = 16.000000, y = 202.000000
avance = -497.000000, avanceR = 2.000000, avanceI = 2.000000
inc_x_r = 0.000000, inc_y_r = 1.000000, inc_x_i = 1.000000, inc_y_i = 1.000000
En el else......

----------------------------------------
x = 16.000000, y = 203.000000
avance = -495.000000, avanceR = 2.000000, avanceI = 2.000000
inc_x_r = 0.000000, inc_y_r = 1.000000, inc_x_i = 1.000000, inc_y_i = 1.000000
En el else......

----------------------------------------
x = 16.000000, y = 204.000000
avance = -493.000000, avanceR = 2.000000, avanceI = 2.000000
inc_x_r = 0.000000, inc_y_r = 1.000000, inc_x_i = 1.000000, inc_y_i = 1.000000
En el else......

----------------------------------------
x = 16.000000, y = 205.000000
avance = -491.000000, avanceR = 2.000000, avanceI = 2.000000
inc_x_r = 0.000000, inc_y_r = 1.000000, inc_x_i = 1.000000, inc_y_i = 1.000000
En el else......

----------------------------------------
x = 16.000000, y = 206.000000
avance = -489.000000, avanceR = 2.000000, avanceI = 2.000000
inc_x_r = 0.000000, inc_y_r = 1.000000, inc_x_i = 1.000000, inc_y_i = 1.000000
En el else......

----------------------------------------
x = 16.000000, y = 207.000000
avance = -487.000000, avanceR = 2.000000, avanceI = 2.000000
inc_x_r = 0.000000, inc_y_r = 1.000000, inc_x_i = 1.000000, inc_y_i = 1.000000
En el else......

----------------------------------------
x = 16.000000, y = 208.000000
avance = -485.000000, avanceR = 2.000000, avanceI = 2.000000
inc_x_r = 0.000000, inc_y_r = 1.000000, inc_x_i = 1.000000, inc_y_i = 1.000000
En el else......

----------------------------------------
x = 16.000000, y = 209.000000
avance = -483.000000, avanceR = 2.000000, avanceI = 2.000000
inc_x_r = 0.000000, inc_y_r = 1.000000, inc_x_i = 1.000000, inc_y_i = 1.000000
En el else......

----------------------------------------
x = 16.000000, y = 210.000000
avance = -481.000000, avanceR = 2.000000, avanceI = 2.000000
inc_x_r = 0.000000, inc_y_r = 1.000000, inc_x_i = 1.000000, inc_y_i = 1.000000
En el else......

----------------------------------------
x = 16.000000, y = 211.000000
avance = -479.000000, avanceR = 2.000000, avanceI = 2.000000
inc_x_r = 0.000000, inc_y_r = 1.000000, inc_x_i = 1.000000, inc_y_i = 1.000000
En el else......

----------------------------------------
x = 16.000000, y = 212.000000
avance = -477.000000, avanceR = 2.000000, avanceI = 2.000000
inc_x_r = 0.000000, inc_y_r = 1.000000, inc_x_i = 1.000000, inc_y_i = 1.000000
En el else......

----------------------------------------
x = 16.000000, y = 213.000000
avance = -475.000000, avanceR = 2.000000, avanceI = 2.000000
inc_x_r = 0.000000, inc_y_r = 1.000000, inc_x_i = 1.000000, inc_y_i = 1.000000
En el else......

----------------------------------------
x = 16.000000, y = 214.000000
avance = -473.000000, avanceR = 2.000000, avanceI = 2.000000
inc_x_r = 0.000000, inc_y_r = 1.000000, inc_x_i = 1.000000, inc_y_i = 1.000000
En el else......

----------------------------------------
x = 16.000000, y = 215.000000
avance = -471.000000, avanceR = 2.000000, avanceI = 2.000000
inc_x_r = 0.000000, inc_y_r = 1.000000, inc_x_i = 1.000000, inc_y_i = 1.000000
En el else......

----------------------------------------
x = 16.000000, y = 216.000000
avance = -469.000000, avanceR = 2.000000, avanceI = 2.000000
inc_x_r = 0.000000, inc_y_r = 1.000000, inc_x_i = 1.000000, inc_y_i = 1.000000
En el else......

----------------------------------------
x = 16.000000, y = 217.000000
avance = -467.000000, avanceR = 2.000000, avanceI = 2.000000
inc_x_r = 0.000000, inc_y_r = 1.000000, inc_x_i = 1.000000, inc_y_i = 1.000000
En el else......

----------------------------------------
x = 16.000000, y = 218.000000
avance = -465.000000, avanceR = 2.000000, avanceI = 2.000000
inc_x_r = 0.000000, inc_y_r = 1.000000, inc_x_i = 1.000000, inc_y_i = 1.000000
En el else......

----------------------------------------
x = 16.000000, y = 219.000000
avance = -463.000000, avanceR = 2.000000, avanceI = 2.000000
inc_x_r = 0.000000, inc_y_r = 1.000000, inc_x_i = 1.000000, inc_y_i = 1.000000
En el else......

----------------------------------------
x = 16.000000, y = 220.000000
avance = -461.000000, avanceR = 2.000000, avanceI = 2.000000
inc_x_r = 0.000000, inc_y_r = 1.000000, inc_x_i = 1.000000, inc_y_i = 1.000000
En el else......

----------------------------------------
x = 16.000000, y = 221.000000
avance = -459.000000, avanceR = 2.000000, avanceI = 2.000000
inc_x_r = 0.000000, inc_y_r = 1.000000, inc_x_i = 1.000000, inc_y_i = 1.000000
En el else......

----------------------------------------
x = 16.000000, y = 222.000000
avance = -457.000000, avanceR = 2.000000, avanceI = 2.000000
inc_x_r = 0.000000, inc_y_r = 1.000000, inc_x_i = 1.000000, inc_y_i = 1.000000
En el else......

----------------------------------------
x = 16.000000, y = 223.000000
avance = -455.000000, avanceR = 2.000000, avanceI = 2.000000
inc_x_r = 0.000000, inc_y_r = 1.000000, inc_x_i = 1.000000, inc_y_i = 1.000000
En el else......

----------------------------------------
x = 16.000000, y = 224.000000
avance = -453.000000, avanceR = 2.000000, avanceI = 2.000000
inc_x_r = 0.000000, inc_y_r = 1.000000, inc_x_i = 1.000000, inc_y_i = 1.000000
En el else......

----------------------------------------
x = 16.000000, y = 225.000000
avance = -451.000000, avanceR = 2.000000, avanceI = 2.000000
inc_x_r = 0.000000, inc_y_r = 1.000000, inc_x_i = 1.000000, inc_y_i = 1.000000
En el else......

----------------------------------------
x = 16.000000, y = 226.000000
avance = -449.000000, avanceR = 2.000000, avanceI = 2.000000
inc_x_r = 0.000000, inc_y_r = 1.000000, inc_x_i = 1.000000, inc_y_i = 1.000000
En el else......

----------------------------------------
x = 16.000000, y = 227.000000
avance = -447.000000, avanceR = 2.000000, avanceI = 2.000000
inc_x_r = 0.000000, inc_y_r = 1.000000, inc_x_i = 1.000000, inc_y_i = 1.000000
En el else......

----------------------------------------
x = 16.000000, y = 228.000000
avance = -445.000000, avanceR = 2.000000, avanceI = 2.000000
inc_x_r = 0.000000, inc_y_r = 1.000000, inc_x_i = 1.000000, inc_y_i = 1.000000
En el else......

----------------------------------------
x = 16.000000, y = 229.000000
avance = -443.000000, avanceR = 2.000000, avanceI = 2.000000
inc_x_r = 0.000000, inc_y_r = 1.000000, inc_x_i = 1.000000, inc_y_i = 1.000000
En el else......

----------------------------------------
x = 16.000000, y = 230.000000
avance = -441.000000, avanceR = 2.000000, avanceI = 2.000000
inc_x_r = 0.000000, inc_y_r = 1.000000, inc_x_i = 1.000000, inc_y_i = 1.000000
En el else......

----------------------------------------
x = 16.000000, y = 231.000000
avance = -439.000000, avanceR = 2.000000, avanceI = 2.000000
inc_x_r = 0.000000, inc_y_r = 1.000000, inc_x_i = 1.000000, inc_y_i = 1.000000
En el else......

----------------------------------------
x = 16.000000, y = 232.000000
avance = -437.000000, avanceR = 2.000000, avanceI = 2.000000
inc_x_r = 0.000000, inc_y_r = 1.000000, inc_x_i = 1.000000, inc_y_i = 1.000000
En el else......

----------------------------------------
x = 16.000000, y = 233.000000
avance = -435.000000, avanceR = 2.000000, avanceI = 2.000000
inc_x_r = 0.000000, inc_y_r = 1.000000, inc_x_i = 1.000000, inc_y_i = 1.000000
En el else......

----------------------------------------
x = 16.000000, y = 234.000000
avance = -433.000000, avanceR = 2.000000, avanceI = 2.000000
inc_x_r = 0.000000, inc_y_r = 1.000000, inc_x_i = 1.000000, inc_y_i = 1.000000
En el else......

----------------------------------------
x = 16.000000, y = 235.000000
avance = -431.000000, avanceR = 2.000000, avanceI = 2.000000
inc_x_r = 0.000000, inc_y_r = 1.000000, inc_x_i = 1.000000, inc_y_i = 1.000000
En el else......

----------------------------------------
x = 16.000000, y = 236.000000
avance = -429.000000, avanceR = 2.000000, avanceI = 2.000000
inc_x_r = 0.000000, inc_y_r = 1.000000, inc_x_i = 1.000000, inc_y_i = 1.000000
En el else......

----------------------------------------
x = 16.000000, y = 237.000000
avance = -427.000000, avanceR = 2.000000, avanceI = 2.000000
inc_x_r = 0.000000, inc_y_r = 1.000000, inc_x_i = 1.000000, inc_y_i = 1.000000
En el else......

----------------------------------------
x = 16.000000, y = 238.000000
avance = -425.000000, avanceR = 2.000000, avanceI = 2.000000
inc_x_r = 0.000000, inc_y_r = 1.000000, inc_x_i = 1.000000, inc_y_i = 1.000000
En el else......

----------------------------------------
x = 16.000000, y = 239.000000
avance = -423.000000, avanceR = 2.000000, avanceI = 2.000000
inc_x_r = 0.000000, inc_y_r = 1.000000, inc_x_i = 1.000000, inc_y_i = 1.000000
En el else......

----------------------------------------
x = 16.000000, y = 240.000000
avance = -421.000000, avanceR = 2.000000, avanceI = 2.000000
inc_x_r = 0.000000, inc_y_r = 1.000000, inc_x_i = 1.000000, inc_y_i = 1.000000
En el else......

----------------------------------------
x = 16.000000, y = 241.000000
avance = -419.000000, avanceR = 2.000000, avanceI = 2.000000
inc_x_r = 0.000000, inc_y_r = 1.000000, inc_x_i = 1.000000, inc_y_i = 1.000000
En el else......

----------------------------------------
x = 16.000000, y = 242.000000
avance = -417.000000, avanceR = 2.000000, avanceI = 2.000000
inc_x_r = 0.000000, inc_y_r = 1.000000, inc_x_i = 1.000000, inc_y_i = 1.000000
En el else......

----------------------------------------
x = 16.000000, y = 243.000000
avance = -415.000000, avanceR = 2.000000, avanceI = 2.000000
inc_x_r = 0.000000, inc_y_r = 1.000000, inc_x_i = 1.000000, inc_y_i = 1.000000
En el else......

----------------------------------------
x = 16.000000, y = 244.000000
avance = -413.000000, avanceR = 2.000000, avanceI = 2.000000
inc_x_r = 0.000000, inc_y_r = 1.000000, inc_x_i = 1.000000, inc_y_i = 1.000000
En el else......

----------------------------------------
x = 16.000000, y = 245.000000
avance = -411.000000, avanceR = 2.000000, avanceI = 2.000000
inc_x_r = 0.000000, inc_y_r = 1.000000, inc_x_i = 1.000000, inc_y_i = 1.000000
En el else......

----------------------------------------
x = 16.000000, y = 246.000000
avance = -409.000000, avanceR = 2.000000, avanceI = 2.000000
inc_x_r = 0.000000, inc_y_r = 1.000000, inc_x_i = 1.000000, inc_y_i = 1.000000
En el else......

----------------------------------------
x = 16.000000, y = 247.000000
avance = -407.000000, avanceR = 2.000000, avanceI = 2.000000
inc_x_r = 0.000000, inc_y_r = 1.000000, inc_x_i = 1.000000, inc_y_i = 1.000000
En el else......

----------------------------------------
x = 16.000000, y = 248.000000
avance = -405.000000, avanceR = 2.000000, avanceI = 2.000000
inc_x_r = 0.000000, inc_y_r = 1.000000, inc_x_i = 1.000000, inc_y_i = 1.000000
En el else......

----------------------------------------
x = 16.000000, y = 249.000000
avance = -403.000000, avanceR = 2.000000, avanceI = 2.000000
inc_x_r = 0.000000, inc_y_r = 1.000000, inc_x_i = 1.000000, inc_y_i = 1.000000
En el else......

----------------------------------------
x = 16.000000, y = 250.000000
avance = -401.000000, avanceR = 2.000000, avanceI = 2.000000
inc_x_r = 0.000000, inc_y_r = 1.000000, inc_x_i = 1.000000, inc_y_i = 1.000000
En el else......

----------------------------------------
x = 16.000000, y = 251.000000
avance = -399.000000, avanceR = 2.000000, avanceI = 2.000000
inc_x_r = 0.000000, inc_y_r = 1.000000, inc_x_i = 1.000000, inc_y_i = 1.000000
En el else......

----------------------------------------
x = 16.000000, y = 252.000000
avance = -397.000000, avanceR = 2.000000, avanceI = 2.000000
inc_x_r = 0.000000, inc_y_r = 1.000000, inc_x_i = 1.000000, inc_y_i = 1.000000
En el else......

----------------------------------------
x = 16.000000, y = 253.000000
avance = -395.000000, avanceR = 2.000000, avanceI = 2.000000
inc_x_r = 0.000000, inc_y_r = 1.000000, inc_x_i = 1.000000, inc_y_i = 1.000000
En el else......

----------------------------------------
x = 16.000000, y = 254.000000
avance = -393.000000, avanceR = 2.000000, avanceI = 2.000000
inc_x_r = 0.000000, inc_y_r = 1.000000, inc_x_i = 1.000000, inc_y_i = 1.000000
En el else......

----------------------------------------
x = 16.000000, y = 255.000000
avance = -391.000000, avanceR = 2.000000, avanceI = 2.000000
inc_x_r = 0.000000, inc_y_r = 1.000000, inc_x_i = 1.000000, inc_y_i = 1.000000
En el else......

----------------------------------------
x = 16.000000, y = 256.000000
avance = -389.000000, avanceR = 2.000000, avanceI = 2.000000
inc_x_r = 0.000000, inc_y_r = 1.000000, inc_x_i = 1.000000, inc_y_i = 1.000000
En el else......

----------------------------------------
x = 16.000000, y = 257.000000
avance = -387.000000, avanceR = 2.000000, avanceI = 2.000000
inc_x_r = 0.000000, inc_y_r = 1.000000, inc_x_i = 1.000000, inc_y_i = 1.000000
En el else......

----------------------------------------
x = 16.000000, y = 258.000000
avance = -385.000000, avanceR = 2.000000, avanceI = 2.000000
inc_x_r = 0.000000, inc_y_r = 1.000000, inc_x_i = 1.000000, inc_y_i = 1.000000
En el else......

----------------------------------------
x = 16.000000, y = 259.000000
avance = -383.000000, avanceR = 2.000000, avanceI = 2.000000
inc_x_r = 0.000000, inc_y_r = 1.000000, inc_x_i = 1.000000, inc_y_i = 1.000000
En el else......

----------------------------------------
x = 16.000000, y = 260.000000
avance = -381.000000, avanceR = 2.000000, avanceI = 2.000000
inc_x_r = 0.000000, inc_y_r = 1.000000, inc_x_i = 1.000000, inc_y_i = 1.000000
En el else......

----------------------------------------
x = 16.000000, y = 261.000000
avance = -379.000000, avanceR = 2.000000, avanceI = 2.000000
inc_x_r = 0.000000, inc_y_r = 1.000000, inc_x_i = 1.000000, inc_y_i = 1.000000
En el else......

----------------------------------------
x = 16.000000, y = 262.000000
avance = -377.000000, avanceR = 2.000000, avanceI = 2.000000
inc_x_r = 0.000000, inc_y_r = 1.000000, inc_x_i = 1.000000, inc_y_i = 1.000000
En el else......

----------------------------------------
x = 16.000000, y = 263.000000
avance = -375.000000, avanceR = 2.000000, avanceI = 2.000000
inc_x_r = 0.000000, inc_y_r = 1.000000, inc_x_i = 1.000000, inc_y_i = 1.000000
En el else......

----------------------------------------
x = 16.000000, y = 264.000000
avance = -373.000000, avanceR = 2.000000, avanceI = 2.000000
inc_x_r = 0.000000, inc_y_r = 1.000000, inc_x_i = 1.000000, inc_y_i = 1.000000
En el else......

----------------------------------------
x = 16.000000, y = 265.000000
avance = -371.000000, avanceR = 2.000000, avanceI = 2.000000
inc_x_r = 0.000000, inc_y_r = 1.000000, inc_x_i = 1.000000, inc_y_i = 1.000000
En el else......

----------------------------------------
x = 16.000000, y = 266.000000
avance = -369.000000, avanceR = 2.000000, avanceI = 2.000000
inc_x_r = 0.000000, inc_y_r = 1.000000, inc_x_i = 1.000000, inc_y_i = 1.000000
En el else......

----------------------------------------
x = 16.000000, y = 267.000000
avance = -367.000000, avanceR = 2.000000, avanceI = 2.000000
inc_x_r = 0.000000, inc_y_r = 1.000000, inc_x_i = 1.000000, inc_y_i = 1.000000
En el else......

----------------------------------------
x = 16.000000, y = 268.000000
avance = -365.000000, avanceR = 2.000000, avanceI = 2.000000
inc_x_r = 0.000000, inc_y_r = 1.000000, inc_x_i = 1.000000, inc_y_i = 1.000000
En el else......

----------------------------------------
x = 16.000000, y = 269.000000
avance = -363.000000, avanceR = 2.000000, avanceI = 2.000000
inc_x_r = 0.000000, inc_y_r = 1.000000, inc_x_i = 1.000000, inc_y_i = 1.000000
En el else......

----------------------------------------
x = 16.000000, y = 270.000000
avance = -361.000000, avanceR = 2.000000, avanceI = 2.000000
inc_x_r = 0.000000, inc_y_r = 1.000000, inc_x_i = 1.000000, inc_y_i = 1.000000
En el else......

----------------------------------------
x = 16.000000, y = 271.000000
avance = -359.000000, avanceR = 2.000000, avanceI = 2.000000
inc_x_r = 0.000000, inc_y_r = 1.000000, inc_x_i = 1.000000, inc_y_i = 1.000000
En el else......

----------------------------------------
x = 16.000000, y = 272.000000
avance = -357.000000, avanceR = 2.000000, avanceI = 2.000000
inc_x_r = 0.000000, inc_y_r = 1.000000, inc_x_i = 1.000000, inc_y_i = 1.000000
En el else......

----------------------------------------
x = 16.000000, y = 273.000000
avance = -355.000000, avanceR = 2.000000, avanceI = 2.000000
inc_x_r = 0.000000, inc_y_r = 1.000000, inc_x_i = 1.000000, inc_y_i = 1.000000
En el else......

----------------------------------------
x = 16.000000, y = 274.000000
avance = -353.000000, avanceR = 2.000000, avanceI = 2.000000
inc_x_r = 0.000000, inc_y_r = 1.000000, inc_x_i = 1.000000, inc_y_i = 1.000000
En el else......

----------------------------------------
x = 16.000000, y = 275.000000
avance = -351.000000, avanceR = 2.000000, avanceI = 2.000000
inc_x_r = 0.000000, inc_y_r = 1.000000, inc_x_i = 1.000000, inc_y_i = 1.000000
En el else......

----------------------------------------
x = 16.000000, y = 276.000000
avance = -349.000000, avanceR = 2.000000, avanceI = 2.000000
inc_x_r = 0.000000, inc_y_r = 1.000000, inc_x_i = 1.000000, inc_y_i = 1.000000
En el else......

----------------------------------------
x = 16.000000, y = 277.000000
avance = -347.000000, avanceR = 2.000000, avanceI = 2.000000
inc_x_r = 0.000000, inc_y_r = 1.000000, inc_x_i = 1.000000, inc_y_i = 1.000000
En el else......

----------------------------------------
x = 16.000000, y = 278.000000
avance = -345.000000, avanceR = 2.000000, avanceI = 2.000000
inc_x_r = 0.000000, inc_y_r = 1.000000, inc_x_i = 1.000000, inc_y_i = 1.000000
En el else......

----------------------------------------
x = 16.000000, y = 279.000000
avance = -343.000000, avanceR = 2.000000, avanceI = 2.000000
inc_x_r = 0.000000, inc_y_r = 1.000000, inc_x_i = 1.000000, inc_y_i = 1.000000
En el else......

----------------------------------------
x = 16.000000, y = 280.000000
avance = -341.000000, avanceR = 2.000000, avanceI = 2.000000
inc_x_r = 0.000000, inc_y_r = 1.000000, inc_x_i = 1.000000, inc_y_i = 1.000000
En el else......

----------------------------------------
x = 16.000000, y = 281.000000
avance = -339.000000, avanceR = 2.000000, avanceI = 2.000000
inc_x_r = 0.000000, inc_y_r = 1.000000, inc_x_i = 1.000000, inc_y_i = 1.000000
En el else......

----------------------------------------
x = 16.000000, y = 282.000000
avance = -337.000000, avanceR = 2.000000, avanceI = 2.000000
inc_x_r = 0.000000, inc_y_r = 1.000000, inc_x_i = 1.000000, inc_y_i = 1.000000
En el else......

----------------------------------------
x = 16.000000, y = 283.000000
avance = -335.000000, avanceR = 2.000000, avanceI = 2.000000
inc_x_r = 0.000000, inc_y_r = 1.000000, inc_x_i = 1.000000, inc_y_i = 1.000000
En el else......

----------------------------------------
x = 16.000000, y = 284.000000
avance = -333.000000, avanceR = 2.000000, avanceI = 2.000000
inc_x_r = 0.000000, inc_y_r = 1.000000, inc_x_i = 1.000000, inc_y_i = 1.000000
En el else......

----------------------------------------
x = 16.000000, y = 285.000000
avance = -331.000000, avanceR = 2.000000, avanceI = 2.000000
inc_x_r = 0.000000, inc_y_r = 1.000000, inc_x_i = 1.000000, inc_y_i = 1.000000
En el else......

----------------------------------------
x = 16.000000, y = 286.000000
avance = -329.000000, avanceR = 2.000000, avanceI = 2.000000
inc_x_r = 0.000000, inc_y_r = 1.000000, inc_x_i = 1.000000, inc_y_i = 1.000000
En el else......

----------------------------------------
x = 16.000000, y = 287.000000
avance = -327.000000, avanceR = 2.000000, avanceI = 2.000000
inc_x_r = 0.000000, inc_y_r = 1.000000, inc_x_i = 1.000000, inc_y_i = 1.000000
En el else......

----------------------------------------
x = 16.000000, y = 288.000000
avance = -325.000000, avanceR = 2.000000, avanceI = 2.000000
inc_x_r = 0.000000, inc_y_r = 1.000000, inc_x_i = 1.000000, inc_y_i = 1.000000
En el else......

----------------------------------------
x = 16.000000, y = 289.000000
avance = -323.000000, avanceR = 2.000000, avanceI = 2.000000
inc_x_r = 0.000000, inc_y_r = 1.000000, inc_x_i = 1.000000, inc_y_i = 1.000000
En el else......

----------------------------------------
x = 16.000000, y = 290.000000
avance = -321.000000, avanceR = 2.000000, avanceI = 2.000000
inc_x_r = 0.000000, inc_y_r = 1.000000, inc_x_i = 1.000000, inc_y_i = 1.000000
En el else......

----------------------------------------
x = 16.000000, y = 291.000000
avance = -319.000000, avanceR = 2.000000, avanceI = 2.000000
inc_x_r = 0.000000, inc_y_r = 1.000000, inc_x_i = 1.000000, inc_y_i = 1.000000
En el else......

----------------------------------------
x = 16.000000, y = 292.000000
avance = -317.000000, avanceR = 2.000000, avanceI = 2.000000
inc_x_r = 0.000000, inc_y_r = 1.000000, inc_x_i = 1.000000, inc_y_i = 1.000000
En el else......

----------------------------------------
x = 16.000000, y = 293.000000
avance = -315.000000, avanceR = 2.000000, avanceI = 2.000000
inc_x_r = 0.000000, inc_y_r = 1.000000, inc_x_i = 1.000000, inc_y_i = 1.000000
En el else......

----------------------------------------
x = 16.000000, y = 294.000000
avance = -313.000000, avanceR = 2.000000, avanceI = 2.000000
inc_x_r = 0.000000, inc_y_r = 1.000000, inc_x_i = 1.000000, inc_y_i = 1.000000
En el else......

----------------------------------------
x = 16.000000, y = 295.000000
avance = -311.000000, avanceR = 2.000000, avanceI = 2.000000
inc_x_r = 0.000000, inc_y_r = 1.000000, inc_x_i = 1.000000, inc_y_i = 1.000000
En el else......

----------------------------------------
x = 16.000000, y = 296.000000
avance = -309.000000, avanceR = 2.000000, avanceI = 2.000000
inc_x_r = 0.000000, inc_y_r = 1.000000, inc_x_i = 1.000000, inc_y_i = 1.000000
En el else......

----------------------------------------
x = 16.000000, y = 297.000000
avance = -307.000000, avanceR = 2.000000, avanceI = 2.000000
inc_x_r = 0.000000, inc_y_r = 1.000000, inc_x_i = 1.000000, inc_y_i = 1.000000
En el else......

----------------------------------------
x = 16.000000, y = 298.000000
avance = -305.000000, avanceR = 2.000000, avanceI = 2.000000
inc_x_r = 0.000000, inc_y_r = 1.000000, inc_x_i = 1.000000, inc_y_i = 1.000000
En el else......

----------------------------------------
x = 16.000000, y = 299.000000
avance = -303.000000, avanceR = 2.000000, avanceI = 2.000000
inc_x_r = 0.000000, inc_y_r = 1.000000, inc_x_i = 1.000000, inc_y_i = 1.000000
En el else......

----------------------------------------
x = 16.000000, y = 300.000000
avance = -301.000000, avanceR = 2.000000, avanceI = 2.000000
inc_x_r = 0.000000, inc_y_r = 1.000000, inc_x_i = 1.000000, inc_y_i = 1.000000
En el else......

----------------------------------------
x = 16.000000, y = 301.000000
avance = -299.000000, avanceR = 2.000000, avanceI = 2.000000
inc_x_r = 0.000000, inc_y_r = 1.000000, inc_x_i = 1.000000, inc_y_i = 1.000000
En el else......

----------------------------------------
x = 16.000000, y = 302.000000
avance = -297.000000, avanceR = 2.000000, avanceI = 2.000000
inc_x_r = 0.000000, inc_y_r = 1.000000, inc_x_i = 1.000000, inc_y_i = 1.000000
En el else......

----------------------------------------
x = 16.000000, y = 303.000000
avance = -295.000000, avanceR = 2.000000, avanceI = 2.000000
inc_x_r = 0.000000, inc_y_r = 1.000000, inc_x_i = 1.000000, inc_y_i = 1.000000
En el else......

----------------------------------------
x = 16.000000, y = 304.000000
avance = -293.000000, avanceR = 2.000000, avanceI = 2.000000
inc_x_r = 0.000000, inc_y_r = 1.000000, inc_x_i = 1.000000, inc_y_i = 1.000000
En el else......

----------------------------------------
x = 16.000000, y = 305.000000
avance = -291.000000, avanceR = 2.000000, avanceI = 2.000000
inc_x_r = 0.000000, inc_y_r = 1.000000, inc_x_i = 1.000000, inc_y_i = 1.000000
En el else......

----------------------------------------
x = 16.000000, y = 306.000000
avance = -289.000000, avanceR = 2.000000, avanceI = 2.000000
inc_x_r = 0.000000, inc_y_r = 1.000000, inc_x_i = 1.000000, inc_y_i = 1.000000
En el else......

----------------------------------------
x = 16.000000, y = 307.000000
avance = -287.000000, avanceR = 2.000000, avanceI = 2.000000
inc_x_r = 0.000000, inc_y_r = 1.000000, inc_x_i = 1.000000, inc_y_i = 1.000000
En el else......

----------------------------------------
x = 16.000000, y = 308.000000
avance = -285.000000, avanceR = 2.000000, avanceI = 2.000000
inc_x_r = 0.000000, inc_y_r = 1.000000, inc_x_i = 1.000000, inc_y_i = 1.000000
En el else......

----------------------------------------
x = 16.000000, y = 309.000000
avance = -283.000000, avanceR = 2.000000, avanceI = 2.000000
inc_x_r = 0.000000, inc_y_r = 1.000000, inc_x_i = 1.000000, inc_y_i = 1.000000
En el else......

----------------------------------------
x = 16.000000, y = 310.000000
avance = -281.000000, avanceR = 2.000000, avanceI = 2.000000
inc_x_r = 0.000000, inc_y_r = 1.000000, inc_x_i = 1.000000, inc_y_i = 1.000000
En el else......

----------------------------------------
x = 16.000000, y = 311.000000
avance = -279.000000, avanceR = 2.000000, avanceI = 2.000000
inc_x_r = 0.000000, inc_y_r = 1.000000, inc_x_i = 1.000000, inc_y_i = 1.000000
En el else......

----------------------------------------
x = 16.000000, y = 312.000000
avance = -277.000000, avanceR = 2.000000, avanceI = 2.000000
inc_x_r = 0.000000, inc_y_r = 1.000000, inc_x_i = 1.000000, inc_y_i = 1.000000
En el else......

----------------------------------------
x = 16.000000, y = 313.000000
avance = -275.000000, avanceR = 2.000000, avanceI = 2.000000
inc_x_r = 0.000000, inc_y_r = 1.000000, inc_x_i = 1.000000, inc_y_i = 1.000000
En el else......

----------------------------------------
x = 16.000000, y = 314.000000
avance = -273.000000, avanceR = 2.000000, avanceI = 2.000000
inc_x_r = 0.000000, inc_y_r = 1.000000, inc_x_i = 1.000000, inc_y_i = 1.000000
En el else......

----------------------------------------
x = 16.000000, y = 315.000000
avance = -271.000000, avanceR = 2.000000, avanceI = 2.000000
inc_x_r = 0.000000, inc_y_r = 1.000000, inc_x_i = 1.000000, inc_y_i = 1.000000
En el else......

----------------------------------------
x = 16.000000, y = 316.000000
avance = -269.000000, avanceR = 2.000000, avanceI = 2.000000
inc_x_r = 0.000000, inc_y_r = 1.000000, inc_x_i = 1.000000, inc_y_i = 1.000000
En el else......

----------------------------------------
x = 16.000000, y = 317.000000
avance = -267.000000, avanceR = 2.000000, avanceI = 2.000000
inc_x_r = 0.000000, inc_y_r = 1.000000, inc_x_i = 1.000000, inc_y_i = 1.000000
En el else......

----------------------------------------
x = 16.000000, y = 318.000000
avance = -265.000000, avanceR = 2.000000, avanceI = 2.000000
inc_x_r = 0.000000, inc_y_r = 1.000000, inc_x_i = 1.000000, inc_y_i = 1.000000
En el else......

----------------------------------------
x = 16.000000, y = 319.000000
avance = -263.000000, avanceR = 2.000000, avanceI = 2.000000
inc_x_r = 0.000000, inc_y_r = 1.000000, inc_x_i = 1.000000, inc_y_i = 1.000000
En el else......

----------------------------------------
x = 16.000000, y = 320.000000
avance = -261.000000, avanceR = 2.000000, avanceI = 2.000000
inc_x_r = 0.000000, inc_y_r = 1.000000, inc_x_i = 1.000000, inc_y_i = 1.000000
En el else......

----------------------------------------
x = 16.000000, y = 321.000000
avance = -259.000000, avanceR = 2.000000, avanceI = 2.000000
inc_x_r = 0.000000, inc_y_r = 1.000000, inc_x_i = 1.000000, inc_y_i = 1.000000
En el else......

----------------------------------------
x = 16.000000, y = 322.000000
avance = -257.000000, avanceR = 2.000000, avanceI = 2.000000
inc_x_r = 0.000000, inc_y_r = 1.000000, inc_x_i = 1.000000, inc_y_i = 1.000000
En el else......

----------------------------------------
x = 16.000000, y = 323.000000
avance = -255.000000, avanceR = 2.000000, avanceI = 2.000000
inc_x_r = 0.000000, inc_y_r = 1.000000, inc_x_i = 1.000000, inc_y_i = 1.000000
En el else......

----------------------------------------
x = 16.000000, y = 324.000000
avance = -253.000000, avanceR = 2.000000, avanceI = 2.000000
inc_x_r = 0.000000, inc_y_r = 1.000000, inc_x_i = 1.000000, inc_y_i = 1.000000
En el else......

----------------------------------------
x = 16.000000, y = 325.000000
avance = -251.000000, avanceR = 2.000000, avanceI = 2.000000
inc_x_r = 0.000000, inc_y_r = 1.000000, inc_x_i = 1.000000, inc_y_i = 1.000000
En el else......

----------------------------------------


ENTRAMOS A BRESENHAMªªªª
x1 = 25.000000 - y1 = 75.000000 || x2 = 26.000000 - y2 = 326.000000
dy = 251.000000, dx = 1.000000
avances inclinados: inc_x_i = 1.000000, inc_y_i = 1.000000
updated: dy = 251.000000, dx = 1.000000
avances rectos: inc_x_r = 0.000000, inc_y_r 1.000000
reupdated: dy = 1.000000, dx = 251.000000
avanceR = 2.000000, avance -249.000000, avanceI 2.000000
----------------------------------------
x = 25.000000, y = 75.000000
avance = -249.000000, avanceR = 2.000000, avanceI = 2.000000
inc_x_r = 0.000000, inc_y_r = 1.000000, inc_x_i = 1.000000, inc_y_i = 1.000000
En el else......

----------------------------------------
x = 25.000000, y = 76.000000
avance = -247.000000, avanceR = 2.000000, avanceI = 2.000000
inc_x_r = 0.000000, inc_y_r = 1.000000, inc_x_i = 1.000000, inc_y_i = 1.000000
En el else......

----------------------------------------
x = 25.000000, y = 77.000000
avance = -245.000000, avanceR = 2.000000, avanceI = 2.000000
inc_x_r = 0.000000, inc_y_r = 1.000000, inc_x_i = 1.000000, inc_y_i = 1.000000
En el else......

----------------------------------------
x = 25.000000, y = 78.000000
avance = -243.000000, avanceR = 2.000000, avanceI = 2.000000
inc_x_r = 0.000000, inc_y_r = 1.000000, inc_x_i = 1.000000, inc_y_i = 1.000000
En el else......

----------------------------------------
x = 25.000000, y = 79.000000
avance = -241.000000, avanceR = 2.000000, avanceI = 2.000000
inc_x_r = 0.000000, inc_y_r = 1.000000, inc_x_i = 1.000000, inc_y_i = 1.000000
En el else......

----------------------------------------
x = 25.000000, y = 80.000000
avance = -239.000000, avanceR = 2.000000, avanceI = 2.000000
inc_x_r = 0.000000, inc_y_r = 1.000000, inc_x_i = 1.000000, inc_y_i = 1.000000
En el else......

----------------------------------------
x = 25.000000, y = 81.000000
avance = -237.000000, avanceR = 2.000000, avanceI = 2.000000
inc_x_r = 0.000000, inc_y_r = 1.000000, inc_x_i = 1.000000, inc_y_i = 1.000000
En el else......

----------------------------------------
x = 25.000000, y = 82.000000
avance = -235.000000, avanceR = 2.000000, avanceI = 2.000000
inc_x_r = 0.000000, inc_y_r = 1.000000, inc_x_i = 1.000000, inc_y_i = 1.000000
En el else......

----------------------------------------
x = 25.000000, y = 83.000000
avance = -233.000000, avanceR = 2.000000, avanceI = 2.000000
inc_x_r = 0.000000, inc_y_r = 1.000000, inc_x_i = 1.000000, inc_y_i = 1.000000
En el else......

----------------------------------------
x = 25.000000, y = 84.000000
avance = -231.000000, avanceR = 2.000000, avanceI = 2.000000
inc_x_r = 0.000000, inc_y_r = 1.000000, inc_x_i = 1.000000, inc_y_i = 1.000000
En el else......

----------------------------------------
x = 25.000000, y = 85.000000
avance = -229.000000, avanceR = 2.000000, avanceI = 2.000000
inc_x_r = 0.000000, inc_y_r = 1.000000, inc_x_i = 1.000000, inc_y_i = 1.000000
En el else......

----------------------------------------
x = 25.000000, y = 86.000000
avance = -227.000000, avanceR = 2.000000, avanceI = 2.000000
inc_x_r = 0.000000, inc_y_r = 1.000000, inc_x_i = 1.000000, inc_y_i = 1.000000
En el else......

----------------------------------------
x = 25.000000, y = 87.000000
avance = -225.000000, avanceR = 2.000000, avanceI = 2.000000
inc_x_r = 0.000000, inc_y_r = 1.000000, inc_x_i = 1.000000, inc_y_i = 1.000000
En el else......

----------------------------------------
x = 25.000000, y = 88.000000
avance = -223.000000, avanceR = 2.000000, avanceI = 2.000000
inc_x_r = 0.000000, inc_y_r = 1.000000, inc_x_i = 1.000000, inc_y_i = 1.000000
En el else......

----------------------------------------
x = 25.000000, y = 89.000000
avance = -221.000000, avanceR = 2.000000, avanceI = 2.000000
inc_x_r = 0.000000, inc_y_r = 1.000000, inc_x_i = 1.000000, inc_y_i = 1.000000
En el else......

----------------------------------------
x = 25.000000, y = 90.000000
avance = -219.000000, avanceR = 2.000000, avanceI = 2.000000
inc_x_r = 0.000000, inc_y_r = 1.000000, inc_x_i = 1.000000, inc_y_i = 1.000000
En el else......

----------------------------------------
x = 25.000000, y = 91.000000
avance = -217.000000, avanceR = 2.000000, avanceI = 2.000000
inc_x_r = 0.000000, inc_y_r = 1.000000, inc_x_i = 1.000000, inc_y_i = 1.000000
En el else......

----------------------------------------
x = 25.000000, y = 92.000000
avance = -215.000000, avanceR = 2.000000, avanceI = 2.000000
inc_x_r = 0.000000, inc_y_r = 1.000000, inc_x_i = 1.000000, inc_y_i = 1.000000
En el else......

----------------------------------------
x = 25.000000, y = 93.000000
avance = -213.000000, avanceR = 2.000000, avanceI = 2.000000
inc_x_r = 0.000000, inc_y_r = 1.000000, inc_x_i = 1.000000, inc_y_i = 1.000000
En el else......

----------------------------------------
x = 25.000000, y = 94.000000
avance = -211.000000, avanceR = 2.000000, avanceI = 2.000000
inc_x_r = 0.000000, inc_y_r = 1.000000, inc_x_i = 1.000000, inc_y_i = 1.000000
En el else......

----------------------------------------
x = 25.000000, y = 95.000000
avance = -209.000000, avanceR = 2.000000, avanceI = 2.000000
inc_x_r = 0.000000, inc_y_r = 1.000000, inc_x_i = 1.000000, inc_y_i = 1.000000
En el else......

----------------------------------------
x = 25.000000, y = 96.000000
avance = -207.000000, avanceR = 2.000000, avanceI = 2.000000
inc_x_r = 0.000000, inc_y_r = 1.000000, inc_x_i = 1.000000, inc_y_i = 1.000000
En el else......

----------------------------------------
x = 25.000000, y = 97.000000
avance = -205.000000, avanceR = 2.000000, avanceI = 2.000000
inc_x_r = 0.000000, inc_y_r = 1.000000, inc_x_i = 1.000000, inc_y_i = 1.000000
En el else......

----------------------------------------
x = 25.000000, y = 98.000000
avance = -203.000000, avanceR = 2.000000, avanceI = 2.000000
inc_x_r = 0.000000, inc_y_r = 1.000000, inc_x_i = 1.000000, inc_y_i = 1.000000
En el else......

----------------------------------------
x = 25.000000, y = 99.000000
avance = -201.000000, avanceR = 2.000000, avanceI = 2.000000
inc_x_r = 0.000000, inc_y_r = 1.000000, inc_x_i = 1.000000, inc_y_i = 1.000000
En el else......

----------------------------------------
x = 25.000000, y = 100.000000
avance = -199.000000, avanceR = 2.000000, avanceI = 2.000000
inc_x_r = 0.000000, inc_y_r = 1.000000, inc_x_i = 1.000000, inc_y_i = 1.000000
En el else......

----------------------------------------
x = 25.000000, y = 101.000000
avance = -197.000000, avanceR = 2.000000, avanceI = 2.000000
inc_x_r = 0.000000, inc_y_r = 1.000000, inc_x_i = 1.000000, inc_y_i = 1.000000
En el else......

----------------------------------------
x = 25.000000, y = 102.000000
avance = -195.000000, avanceR = 2.000000, avanceI = 2.000000
inc_x_r = 0.000000, inc_y_r = 1.000000, inc_x_i = 1.000000, inc_y_i = 1.000000
En el else......

----------------------------------------
x = 25.000000, y = 103.000000
avance = -193.000000, avanceR = 2.000000, avanceI = 2.000000
inc_x_r = 0.000000, inc_y_r = 1.000000, inc_x_i = 1.000000, inc_y_i = 1.000000
En el else......

----------------------------------------
x = 25.000000, y = 104.000000
avance = -191.000000, avanceR = 2.000000, avanceI = 2.000000
inc_x_r = 0.000000, inc_y_r = 1.000000, inc_x_i = 1.000000, inc_y_i = 1.000000
En el else......

----------------------------------------
x = 25.000000, y = 105.000000
avance = -189.000000, avanceR = 2.000000, avanceI = 2.000000
inc_x_r = 0.000000, inc_y_r = 1.000000, inc_x_i = 1.000000, inc_y_i = 1.000000
En el else......

----------------------------------------
x = 25.000000, y = 106.000000
avance = -187.000000, avanceR = 2.000000, avanceI = 2.000000
inc_x_r = 0.000000, inc_y_r = 1.000000, inc_x_i = 1.000000, inc_y_i = 1.000000
En el else......

----------------------------------------
x = 25.000000, y = 107.000000
avance = -185.000000, avanceR = 2.000000, avanceI = 2.000000
inc_x_r = 0.000000, inc_y_r = 1.000000, inc_x_i = 1.000000, inc_y_i = 1.000000
En el else......

----------------------------------------
x = 25.000000, y = 108.000000
avance = -183.000000, avanceR = 2.000000, avanceI = 2.000000
inc_x_r = 0.000000, inc_y_r = 1.000000, inc_x_i = 1.000000, inc_y_i = 1.000000
En el else......

----------------------------------------
x = 25.000000, y = 109.000000
avance = -181.000000, avanceR = 2.000000, avanceI = 2.000000
inc_x_r = 0.000000, inc_y_r = 1.000000, inc_x_i = 1.000000, inc_y_i = 1.000000
En el else......

----------------------------------------
x = 25.000000, y = 110.000000
avance = -179.000000, avanceR = 2.000000, avanceI = 2.000000
inc_x_r = 0.000000, inc_y_r = 1.000000, inc_x_i = 1.000000, inc_y_i = 1.000000
En el else......

----------------------------------------
x = 25.000000, y = 111.000000
avance = -177.000000, avanceR = 2.000000, avanceI = 2.000000
inc_x_r = 0.000000, inc_y_r = 1.000000, inc_x_i = 1.000000, inc_y_i = 1.000000
En el else......

----------------------------------------
x = 25.000000, y = 112.000000
avance = -175.000000, avanceR = 2.000000, avanceI = 2.000000
inc_x_r = 0.000000, inc_y_r = 1.000000, inc_x_i = 1.000000, inc_y_i = 1.000000
En el else......

----------------------------------------
x = 25.000000, y = 113.000000
avance = -173.000000, avanceR = 2.000000, avanceI = 2.000000
inc_x_r = 0.000000, inc_y_r = 1.000000, inc_x_i = 1.000000, inc_y_i = 1.000000
En el else......

----------------------------------------
x = 25.000000, y = 114.000000
avance = -171.000000, avanceR = 2.000000, avanceI = 2.000000
inc_x_r = 0.000000, inc_y_r = 1.000000, inc_x_i = 1.000000, inc_y_i = 1.000000
En el else......

----------------------------------------
x = 25.000000, y = 115.000000
avance = -169.000000, avanceR = 2.000000, avanceI = 2.000000
inc_x_r = 0.000000, inc_y_r = 1.000000, inc_x_i = 1.000000, inc_y_i = 1.000000
En el else......

----------------------------------------
x = 25.000000, y = 116.000000
avance = -167.000000, avanceR = 2.000000, avanceI = 2.000000
inc_x_r = 0.000000, inc_y_r = 1.000000, inc_x_i = 1.000000, inc_y_i = 1.000000
En el else......

----------------------------------------
x = 25.000000, y = 117.000000
avance = -165.000000, avanceR = 2.000000, avanceI = 2.000000
inc_x_r = 0.000000, inc_y_r = 1.000000, inc_x_i = 1.000000, inc_y_i = 1.000000
En el else......

----------------------------------------
x = 25.000000, y = 118.000000
avance = -163.000000, avanceR = 2.000000, avanceI = 2.000000
inc_x_r = 0.000000, inc_y_r = 1.000000, inc_x_i = 1.000000, inc_y_i = 1.000000
En el else......

----------------------------------------
x = 25.000000, y = 119.000000
avance = -161.000000, avanceR = 2.000000, avanceI = 2.000000
inc_x_r = 0.000000, inc_y_r = 1.000000, inc_x_i = 1.000000, inc_y_i = 1.000000
En el else......

----------------------------------------
x = 25.000000, y = 120.000000
avance = -159.000000, avanceR = 2.000000, avanceI = 2.000000
inc_x_r = 0.000000, inc_y_r = 1.000000, inc_x_i = 1.000000, inc_y_i = 1.000000
En el else......

----------------------------------------
x = 25.000000, y = 121.000000
avance = -157.000000, avanceR = 2.000000, avanceI = 2.000000
inc_x_r = 0.000000, inc_y_r = 1.000000, inc_x_i = 1.000000, inc_y_i = 1.000000
En el else......

----------------------------------------
x = 25.000000, y = 122.000000
avance = -155.000000, avanceR = 2.000000, avanceI = 2.000000
inc_x_r = 0.000000, inc_y_r = 1.000000, inc_x_i = 1.000000, inc_y_i = 1.000000
En el else......

----------------------------------------
x = 25.000000, y = 123.000000
avance = -153.000000, avanceR = 2.000000, avanceI = 2.000000
inc_x_r = 0.000000, inc_y_r = 1.000000, inc_x_i = 1.000000, inc_y_i = 1.000000
En el else......

----------------------------------------
x = 25.000000, y = 124.000000
avance = -151.000000, avanceR = 2.000000, avanceI = 2.000000
inc_x_r = 0.000000, inc_y_r = 1.000000, inc_x_i = 1.000000, inc_y_i = 1.000000
En el else......

----------------------------------------
x = 25.000000, y = 125.000000
avance = -149.000000, avanceR = 2.000000, avanceI = 2.000000
inc_x_r = 0.000000, inc_y_r = 1.000000, inc_x_i = 1.000000, inc_y_i = 1.000000
En el else......

----------------------------------------
x = 25.000000, y = 126.000000
avance = -147.000000, avanceR = 2.000000, avanceI = 2.000000
inc_x_r = 0.000000, inc_y_r = 1.000000, inc_x_i = 1.000000, inc_y_i = 1.000000
En el else......

----------------------------------------
x = 25.000000, y = 127.000000
avance = -145.000000, avanceR = 2.000000, avanceI = 2.000000
inc_x_r = 0.000000, inc_y_r = 1.000000, inc_x_i = 1.000000, inc_y_i = 1.000000
En el else......

----------------------------------------
x = 25.000000, y = 128.000000
avance = -143.000000, avanceR = 2.000000, avanceI = 2.000000
inc_x_r = 0.000000, inc_y_r = 1.000000, inc_x_i = 1.000000, inc_y_i = 1.000000
En el else......

----------------------------------------
x = 25.000000, y = 129.000000
avance = -141.000000, avanceR = 2.000000, avanceI = 2.000000
inc_x_r = 0.000000, inc_y_r = 1.000000, inc_x_i = 1.000000, inc_y_i = 1.000000
En el else......

----------------------------------------
x = 25.000000, y = 130.000000
avance = -139.000000, avanceR = 2.000000, avanceI = 2.000000
inc_x_r = 0.000000, inc_y_r = 1.000000, inc_x_i = 1.000000, inc_y_i = 1.000000
En el else......

----------------------------------------
x = 25.000000, y = 131.000000
avance = -137.000000, avanceR = 2.000000, avanceI = 2.000000
inc_x_r = 0.000000, inc_y_r = 1.000000, inc_x_i = 1.000000, inc_y_i = 1.000000
En el else......

----------------------------------------
x = 25.000000, y = 132.000000
avance = -135.000000, avanceR = 2.000000, avanceI = 2.000000
inc_x_r = 0.000000, inc_y_r = 1.000000, inc_x_i = 1.000000, inc_y_i = 1.000000
En el else......

----------------------------------------
x = 25.000000, y = 133.000000
avance = -133.000000, avanceR = 2.000000, avanceI = 2.000000
inc_x_r = 0.000000, inc_y_r = 1.000000, inc_x_i = 1.000000, inc_y_i = 1.000000
En el else......

----------------------------------------
x = 25.000000, y = 134.000000
avance = -131.000000, avanceR = 2.000000, avanceI = 2.000000
inc_x_r = 0.000000, inc_y_r = 1.000000, inc_x_i = 1.000000, inc_y_i = 1.000000
En el else......

----------------------------------------
x = 25.000000, y = 135.000000
avance = -129.000000, avanceR = 2.000000, avanceI = 2.000000
inc_x_r = 0.000000, inc_y_r = 1.000000, inc_x_i = 1.000000, inc_y_i = 1.000000
En el else......

----------------------------------------
x = 25.000000, y = 136.000000
avance = -127.000000, avanceR = 2.000000, avanceI = 2.000000
inc_x_r = 0.000000, inc_y_r = 1.000000, inc_x_i = 1.000000, inc_y_i = 1.000000
En el else......

----------------------------------------
x = 25.000000, y = 137.000000
avance = -125.000000, avanceR = 2.000000, avanceI = 2.000000
inc_x_r = 0.000000, inc_y_r = 1.000000, inc_x_i = 1.000000, inc_y_i = 1.000000
En el else......

----------------------------------------
x = 25.000000, y = 138.000000
avance = -123.000000, avanceR = 2.000000, avanceI = 2.000000
inc_x_r = 0.000000, inc_y_r = 1.000000, inc_x_i = 1.000000, inc_y_i = 1.000000
En el else......

----------------------------------------
x = 25.000000, y = 139.000000
avance = -121.000000, avanceR = 2.000000, avanceI = 2.000000
inc_x_r = 0.000000, inc_y_r = 1.000000, inc_x_i = 1.000000, inc_y_i = 1.000000
En el else......

----------------------------------------
x = 25.000000, y = 140.000000
avance = -119.000000, avanceR = 2.000000, avanceI = 2.000000
inc_x_r = 0.000000, inc_y_r = 1.000000, inc_x_i = 1.000000, inc_y_i = 1.000000
En el else......

----------------------------------------
x = 25.000000, y = 141.000000
avance = -117.000000, avanceR = 2.000000, avanceI = 2.000000
inc_x_r = 0.000000, inc_y_r = 1.000000, inc_x_i = 1.000000, inc_y_i = 1.000000
En el else......

----------------------------------------
x = 25.000000, y = 142.000000
avance = -115.000000, avanceR = 2.000000, avanceI = 2.000000
inc_x_r = 0.000000, inc_y_r = 1.000000, inc_x_i = 1.000000, inc_y_i = 1.000000
En el else......

----------------------------------------
x = 25.000000, y = 143.000000
avance = -113.000000, avanceR = 2.000000, avanceI = 2.000000
inc_x_r = 0.000000, inc_y_r = 1.000000, inc_x_i = 1.000000, inc_y_i = 1.000000
En el else......

----------------------------------------
x = 25.000000, y = 144.000000
avance = -111.000000, avanceR = 2.000000, avanceI = 2.000000
inc_x_r = 0.000000, inc_y_r = 1.000000, inc_x_i = 1.000000, inc_y_i = 1.000000
En el else......

----------------------------------------
x = 25.000000, y = 145.000000
avance = -109.000000, avanceR = 2.000000, avanceI = 2.000000
inc_x_r = 0.000000, inc_y_r = 1.000000, inc_x_i = 1.000000, inc_y_i = 1.000000
En el else......

----------------------------------------
x = 25.000000, y = 146.000000
avance = -107.000000, avanceR = 2.000000, avanceI = 2.000000
inc_x_r = 0.000000, inc_y_r = 1.000000, inc_x_i = 1.000000, inc_y_i = 1.000000
En el else......

----------------------------------------
x = 25.000000, y = 147.000000
avance = -105.000000, avanceR = 2.000000, avanceI = 2.000000
inc_x_r = 0.000000, inc_y_r = 1.000000, inc_x_i = 1.000000, inc_y_i = 1.000000
En el else......

----------------------------------------
x = 25.000000, y = 148.000000
avance = -103.000000, avanceR = 2.000000, avanceI = 2.000000
inc_x_r = 0.000000, inc_y_r = 1.000000, inc_x_i = 1.000000, inc_y_i = 1.000000
En el else......

----------------------------------------
x = 25.000000, y = 149.000000
avance = -101.000000, avanceR = 2.000000, avanceI = 2.000000
inc_x_r = 0.000000, inc_y_r = 1.000000, inc_x_i = 1.000000, inc_y_i = 1.000000
En el else......

----------------------------------------
x = 25.000000, y = 150.000000
avance = -99.000000, avanceR = 2.000000, avanceI = 2.000000
inc_x_r = 0.000000, inc_y_r = 1.000000, inc_x_i = 1.000000, inc_y_i = 1.000000
En el else......

----------------------------------------
x = 25.000000, y = 151.000000
avance = -97.000000, avanceR = 2.000000, avanceI = 2.000000
inc_x_r = 0.000000, inc_y_r = 1.000000, inc_x_i = 1.000000, inc_y_i = 1.000000
En el else......

----------------------------------------
x = 25.000000, y = 152.000000
avance = -95.000000, avanceR = 2.000000, avanceI = 2.000000
inc_x_r = 0.000000, inc_y_r = 1.000000, inc_x_i = 1.000000, inc_y_i = 1.000000
En el else......

----------------------------------------
x = 25.000000, y = 153.000000
avance = -93.000000, avanceR = 2.000000, avanceI = 2.000000
inc_x_r = 0.000000, inc_y_r = 1.000000, inc_x_i = 1.000000, inc_y_i = 1.000000
En el else......

----------------------------------------
x = 25.000000, y = 154.000000
avance = -91.000000, avanceR = 2.000000, avanceI = 2.000000
inc_x_r = 0.000000, inc_y_r = 1.000000, inc_x_i = 1.000000, inc_y_i = 1.000000
En el else......

----------------------------------------
x = 25.000000, y = 155.000000
avance = -89.000000, avanceR = 2.000000, avanceI = 2.000000
inc_x_r = 0.000000, inc_y_r = 1.000000, inc_x_i = 1.000000, inc_y_i = 1.000000
En el else......

----------------------------------------
x = 25.000000, y = 156.000000
avance = -87.000000, avanceR = 2.000000, avanceI = 2.000000
inc_x_r = 0.000000, inc_y_r = 1.000000, inc_x_i = 1.000000, inc_y_i = 1.000000
En el else......

----------------------------------------
x = 25.000000, y = 157.000000
avance = -85.000000, avanceR = 2.000000, avanceI = 2.000000
inc_x_r = 0.000000, inc_y_r = 1.000000, inc_x_i = 1.000000, inc_y_i = 1.000000
En el else......

----------------------------------------
x = 25.000000, y = 158.000000
avance = -83.000000, avanceR = 2.000000, avanceI = 2.000000
inc_x_r = 0.000000, inc_y_r = 1.000000, inc_x_i = 1.000000, inc_y_i = 1.000000
En el else......

----------------------------------------
x = 25.000000, y = 159.000000
avance = -81.000000, avanceR = 2.000000, avanceI = 2.000000
inc_x_r = 0.000000, inc_y_r = 1.000000, inc_x_i = 1.000000, inc_y_i = 1.000000
En el else......

----------------------------------------
x = 25.000000, y = 160.000000
avance = -79.000000, avanceR = 2.000000, avanceI = 2.000000
inc_x_r = 0.000000, inc_y_r = 1.000000, inc_x_i = 1.000000, inc_y_i = 1.000000
En el else......

----------------------------------------
x = 25.000000, y = 161.000000
avance = -77.000000, avanceR = 2.000000, avanceI = 2.000000
inc_x_r = 0.000000, inc_y_r = 1.000000, inc_x_i = 1.000000, inc_y_i = 1.000000
En el else......

----------------------------------------
x = 25.000000, y = 162.000000
avance = -75.000000, avanceR = 2.000000, avanceI = 2.000000
inc_x_r = 0.000000, inc_y_r = 1.000000, inc_x_i = 1.000000, inc_y_i = 1.000000
En el else......

----------------------------------------
x = 25.000000, y = 163.000000
avance = -73.000000, avanceR = 2.000000, avanceI = 2.000000
inc_x_r = 0.000000, inc_y_r = 1.000000, inc_x_i = 1.000000, inc_y_i = 1.000000
En el else......

----------------------------------------
x = 25.000000, y = 164.000000
avance = -71.000000, avanceR = 2.000000, avanceI = 2.000000
inc_x_r = 0.000000, inc_y_r = 1.000000, inc_x_i = 1.000000, inc_y_i = 1.000000
En el else......

----------------------------------------
x = 25.000000, y = 165.000000
avance = -69.000000, avanceR = 2.000000, avanceI = 2.000000
inc_x_r = 0.000000, inc_y_r = 1.000000, inc_x_i = 1.000000, inc_y_i = 1.000000
En el else......

----------------------------------------
x = 25.000000, y = 166.000000
avance = -67.000000, avanceR = 2.000000, avanceI = 2.000000
inc_x_r = 0.000000, inc_y_r = 1.000000, inc_x_i = 1.000000, inc_y_i = 1.000000
En el else......

----------------------------------------
x = 25.000000, y = 167.000000
avance = -65.000000, avanceR = 2.000000, avanceI = 2.000000
inc_x_r = 0.000000, inc_y_r = 1.000000, inc_x_i = 1.000000, inc_y_i = 1.000000
En el else......

----------------------------------------
x = 25.000000, y = 168.000000
avance = -63.000000, avanceR = 2.000000, avanceI = 2.000000
inc_x_r = 0.000000, inc_y_r = 1.000000, inc_x_i = 1.000000, inc_y_i = 1.000000
En el else......

----------------------------------------
x = 25.000000, y = 169.000000
avance = -61.000000, avanceR = 2.000000, avanceI = 2.000000
inc_x_r = 0.000000, inc_y_r = 1.000000, inc_x_i = 1.000000, inc_y_i = 1.000000
En el else......

----------------------------------------
x = 25.000000, y = 170.000000
avance = -59.000000, avanceR = 2.000000, avanceI = 2.000000
inc_x_r = 0.000000, inc_y_r = 1.000000, inc_x_i = 1.000000, inc_y_i = 1.000000
En el else......

----------------------------------------
x = 25.000000, y = 171.000000
avance = -57.000000, avanceR = 2.000000, avanceI = 2.000000
inc_x_r = 0.000000, inc_y_r = 1.000000, inc_x_i = 1.000000, inc_y_i = 1.000000
En el else......

----------------------------------------
x = 25.000000, y = 172.000000
avance = -55.000000, avanceR = 2.000000, avanceI = 2.000000
inc_x_r = 0.000000, inc_y_r = 1.000000, inc_x_i = 1.000000, inc_y_i = 1.000000
En el else......

----------------------------------------
x = 25.000000, y = 173.000000
avance = -53.000000, avanceR = 2.000000, avanceI = 2.000000
inc_x_r = 0.000000, inc_y_r = 1.000000, inc_x_i = 1.000000, inc_y_i = 1.000000
En el else......

----------------------------------------
x = 25.000000, y = 174.000000
avance = -51.000000, avanceR = 2.000000, avanceI = 2.000000
inc_x_r = 0.000000, inc_y_r = 1.000000, inc_x_i = 1.000000, inc_y_i = 1.000000
En el else......

----------------------------------------
x = 25.000000, y = 175.000000
avance = -49.000000, avanceR = 2.000000, avanceI = 2.000000
inc_x_r = 0.000000, inc_y_r = 1.000000, inc_x_i = 1.000000, inc_y_i = 1.000000
En el else......

----------------------------------------
x = 25.000000, y = 176.000000
avance = -47.000000, avanceR = 2.000000, avanceI = 2.000000
inc_x_r = 0.000000, inc_y_r = 1.000000, inc_x_i = 1.000000, inc_y_i = 1.000000
En el else......

----------------------------------------
x = 25.000000, y = 177.000000
avance = -45.000000, avanceR = 2.000000, avanceI = 2.000000
inc_x_r = 0.000000, inc_y_r = 1.000000, inc_x_i = 1.000000, inc_y_i = 1.000000
En el else......

----------------------------------------
x = 25.000000, y = 178.000000
avance = -43.000000, avanceR = 2.000000, avanceI = 2.000000
inc_x_r = 0.000000, inc_y_r = 1.000000, inc_x_i = 1.000000, inc_y_i = 1.000000
En el else......

----------------------------------------
x = 25.000000, y = 179.000000
avance = -41.000000, avanceR = 2.000000, avanceI = 2.000000
inc_x_r = 0.000000, inc_y_r = 1.000000, inc_x_i = 1.000000, inc_y_i = 1.000000
En el else......

----------------------------------------
x = 25.000000, y = 180.000000
avance = -39.000000, avanceR = 2.000000, avanceI = 2.000000
inc_x_r = 0.000000, inc_y_r = 1.000000, inc_x_i = 1.000000, inc_y_i = 1.000000
En el else......

----------------------------------------
x = 25.000000, y = 181.000000
avance = -37.000000, avanceR = 2.000000, avanceI = 2.000000
inc_x_r = 0.000000, inc_y_r = 1.000000, inc_x_i = 1.000000, inc_y_i = 1.000000
En el else......

----------------------------------------
x = 25.000000, y = 182.000000
avance = -35.000000, avanceR = 2.000000, avanceI = 2.000000
inc_x_r = 0.000000, inc_y_r = 1.000000, inc_x_i = 1.000000, inc_y_i = 1.000000
En el else......

----------------------------------------
x = 25.000000, y = 183.000000
avance = -33.000000, avanceR = 2.000000, avanceI = 2.000000
inc_x_r = 0.000000, inc_y_r = 1.000000, inc_x_i = 1.000000, inc_y_i = 1.000000
En el else......

----------------------------------------
x = 25.000000, y = 184.000000
avance = -31.000000, avanceR = 2.000000, avanceI = 2.000000
inc_x_r = 0.000000, inc_y_r = 1.000000, inc_x_i = 1.000000, inc_y_i = 1.000000
En el else......

----------------------------------------
x = 25.000000, y = 185.000000
avance = -29.000000, avanceR = 2.000000, avanceI = 2.000000
inc_x_r = 0.000000, inc_y_r = 1.000000, inc_x_i = 1.000000, inc_y_i = 1.000000
En el else......

----------------------------------------
x = 25.000000, y = 186.000000
avance = -27.000000, avanceR = 2.000000, avanceI = 2.000000
inc_x_r = 0.000000, inc_y_r = 1.000000, inc_x_i = 1.000000, inc_y_i = 1.000000
En el else......

----------------------------------------
x = 25.000000, y = 187.000000
avance = -25.000000, avanceR = 2.000000, avanceI = 2.000000
inc_x_r = 0.000000, inc_y_r = 1.000000, inc_x_i = 1.000000, inc_y_i = 1.000000
En el else......

----------------------------------------
x = 25.000000, y = 188.000000
avance = -23.000000, avanceR = 2.000000, avanceI = 2.000000
inc_x_r = 0.000000, inc_y_r = 1.000000, inc_x_i = 1.000000, inc_y_i = 1.000000
En el else......

----------------------------------------
x = 25.000000, y = 189.000000
avance = -21.000000, avanceR = 2.000000, avanceI = 2.000000
inc_x_r = 0.000000, inc_y_r = 1.000000, inc_x_i = 1.000000, inc_y_i = 1.000000
En el else......

----------------------------------------
x = 25.000000, y = 190.000000
avance = -19.000000, avanceR = 2.000000, avanceI = 2.000000
inc_x_r = 0.000000, inc_y_r = 1.000000, inc_x_i = 1.000000, inc_y_i = 1.000000
En el else......

----------------------------------------
x = 25.000000, y = 191.000000
avance = -17.000000, avanceR = 2.000000, avanceI = 2.000000
inc_x_r = 0.000000, inc_y_r = 1.000000, inc_x_i = 1.000000, inc_y_i = 1.000000
En el else......

----------------------------------------
x = 25.000000, y = 192.000000
avance = -15.000000, avanceR = 2.000000, avanceI = 2.000000
inc_x_r = 0.000000, inc_y_r = 1.000000, inc_x_i = 1.000000, inc_y_i = 1.000000
En el else......

----------------------------------------
x = 25.000000, y = 193.000000
avance = -13.000000, avanceR = 2.000000, avanceI = 2.000000
inc_x_r = 0.000000, inc_y_r = 1.000000, inc_x_i = 1.000000, inc_y_i = 1.000000
En el else......

----------------------------------------
x = 25.000000, y = 194.000000
avance = -11.000000, avanceR = 2.000000, avanceI = 2.000000
inc_x_r = 0.000000, inc_y_r = 1.000000, inc_x_i = 1.000000, inc_y_i = 1.000000
En el else......

----------------------------------------
x = 25.000000, y = 195.000000
avance = -9.000000, avanceR = 2.000000, avanceI = 2.000000
inc_x_r = 0.000000, inc_y_r = 1.000000, inc_x_i = 1.000000, inc_y_i = 1.000000
En el else......

----------------------------------------
x = 25.000000, y = 196.000000
avance = -7.000000, avanceR = 2.000000, avanceI = 2.000000
inc_x_r = 0.000000, inc_y_r = 1.000000, inc_x_i = 1.000000, inc_y_i = 1.000000
En el else......

----------------------------------------
x = 25.000000, y = 197.000000
avance = -5.000000, avanceR = 2.000000, avanceI = 2.000000
inc_x_r = 0.000000, inc_y_r = 1.000000, inc_x_i = 1.000000, inc_y_i = 1.000000
En el else......

----------------------------------------
x = 25.000000, y = 198.000000
avance = -3.000000, avanceR = 2.000000, avanceI = 2.000000
inc_x_r = 0.000000, inc_y_r = 1.000000, inc_x_i = 1.000000, inc_y_i = 1.000000
En el else......

----------------------------------------
x = 25.000000, y = 199.000000
avance = -1.000000, avanceR = 2.000000, avanceI = 2.000000
inc_x_r = 0.000000, inc_y_r = 1.000000, inc_x_i = 1.000000, inc_y_i = 1.000000
En el else......

----------------------------------------
x = 25.000000, y = 200.000000
avance = 1.000000, avanceR = 2.000000, avanceI = 2.000000
inc_x_r = 0.000000, inc_y_r = 1.000000, inc_x_i = 1.000000, inc_y_i = 1.000000
avance >= 0

----------------------------------------
x = 26.000000, y = 201.000000
avance = -499.000000, avanceR = 2.000000, avanceI = 2.000000
inc_x_r = 0.000000, inc_y_r = 1.000000, inc_x_i = 1.000000, inc_y_i = 1.000000
En el else......

----------------------------------------
x = 26.000000, y = 202.000000
avance = -497.000000, avanceR = 2.000000, avanceI = 2.000000
inc_x_r = 0.000000, inc_y_r = 1.000000, inc_x_i = 1.000000, inc_y_i = 1.000000
En el else......

----------------------------------------
x = 26.000000, y = 203.000000
avance = -495.000000, avanceR = 2.000000, avanceI = 2.000000
inc_x_r = 0.000000, inc_y_r = 1.000000, inc_x_i = 1.000000, inc_y_i = 1.000000
En el else......

----------------------------------------
x = 26.000000, y = 204.000000
avance = -493.000000, avanceR = 2.000000, avanceI = 2.000000
inc_x_r = 0.000000, inc_y_r = 1.000000, inc_x_i = 1.000000, inc_y_i = 1.000000
En el else......

----------------------------------------
x = 26.000000, y = 205.000000
avance = -491.000000, avanceR = 2.000000, avanceI = 2.000000
inc_x_r = 0.000000, inc_y_r = 1.000000, inc_x_i = 1.000000, inc_y_i = 1.000000
En el else......

----------------------------------------
x = 26.000000, y = 206.000000
avance = -489.000000, avanceR = 2.000000, avanceI = 2.000000
inc_x_r = 0.000000, inc_y_r = 1.000000, inc_x_i = 1.000000, inc_y_i = 1.000000
En el else......

----------------------------------------
x = 26.000000, y = 207.000000
avance = -487.000000, avanceR = 2.000000, avanceI = 2.000000
inc_x_r = 0.000000, inc_y_r = 1.000000, inc_x_i = 1.000000, inc_y_i = 1.000000
En el else......

----------------------------------------
x = 26.000000, y = 208.000000
avance = -485.000000, avanceR = 2.000000, avanceI = 2.000000
inc_x_r = 0.000000, inc_y_r = 1.000000, inc_x_i = 1.000000, inc_y_i = 1.000000
En el else......

----------------------------------------
x = 26.000000, y = 209.000000
avance = -483.000000, avanceR = 2.000000, avanceI = 2.000000
inc_x_r = 0.000000, inc_y_r = 1.000000, inc_x_i = 1.000000, inc_y_i = 1.000000
En el else......

----------------------------------------
x = 26.000000, y = 210.000000
avance = -481.000000, avanceR = 2.000000, avanceI = 2.000000
inc_x_r = 0.000000, inc_y_r = 1.000000, inc_x_i = 1.000000, inc_y_i = 1.000000
En el else......

----------------------------------------
x = 26.000000, y = 211.000000
avance = -479.000000, avanceR = 2.000000, avanceI = 2.000000
inc_x_r = 0.000000, inc_y_r = 1.000000, inc_x_i = 1.000000, inc_y_i = 1.000000
En el else......

----------------------------------------
x = 26.000000, y = 212.000000
avance = -477.000000, avanceR = 2.000000, avanceI = 2.000000
inc_x_r = 0.000000, inc_y_r = 1.000000, inc_x_i = 1.000000, inc_y_i = 1.000000
En el else......

----------------------------------------
x = 26.000000, y = 213.000000
avance = -475.000000, avanceR = 2.000000, avanceI = 2.000000
inc_x_r = 0.000000, inc_y_r = 1.000000, inc_x_i = 1.000000, inc_y_i = 1.000000
En el else......

----------------------------------------
x = 26.000000, y = 214.000000
avance = -473.000000, avanceR = 2.000000, avanceI = 2.000000
inc_x_r = 0.000000, inc_y_r = 1.000000, inc_x_i = 1.000000, inc_y_i = 1.000000
En el else......

----------------------------------------
x = 26.000000, y = 215.000000
avance = -471.000000, avanceR = 2.000000, avanceI = 2.000000
inc_x_r = 0.000000, inc_y_r = 1.000000, inc_x_i = 1.000000, inc_y_i = 1.000000
En el else......

----------------------------------------
x = 26.000000, y = 216.000000
avance = -469.000000, avanceR = 2.000000, avanceI = 2.000000
inc_x_r = 0.000000, inc_y_r = 1.000000, inc_x_i = 1.000000, inc_y_i = 1.000000
En el else......

----------------------------------------
x = 26.000000, y = 217.000000
avance = -467.000000, avanceR = 2.000000, avanceI = 2.000000
inc_x_r = 0.000000, inc_y_r = 1.000000, inc_x_i = 1.000000, inc_y_i = 1.000000
En el else......

----------------------------------------
x = 26.000000, y = 218.000000
avance = -465.000000, avanceR = 2.000000, avanceI = 2.000000
inc_x_r = 0.000000, inc_y_r = 1.000000, inc_x_i = 1.000000, inc_y_i = 1.000000
En el else......

----------------------------------------
x = 26.000000, y = 219.000000
avance = -463.000000, avanceR = 2.000000, avanceI = 2.000000
inc_x_r = 0.000000, inc_y_r = 1.000000, inc_x_i = 1.000000, inc_y_i = 1.000000
En el else......

----------------------------------------
x = 26.000000, y = 220.000000
avance = -461.000000, avanceR = 2.000000, avanceI = 2.000000
inc_x_r = 0.000000, inc_y_r = 1.000000, inc_x_i = 1.000000, inc_y_i = 1.000000
En el else......

----------------------------------------
x = 26.000000, y = 221.000000
avance = -459.000000, avanceR = 2.000000, avanceI = 2.000000
inc_x_r = 0.000000, inc_y_r = 1.000000, inc_x_i = 1.000000, inc_y_i = 1.000000
En el else......

----------------------------------------
x = 26.000000, y = 222.000000
avance = -457.000000, avanceR = 2.000000, avanceI = 2.000000
inc_x_r = 0.000000, inc_y_r = 1.000000, inc_x_i = 1.000000, inc_y_i = 1.000000
En el else......

----------------------------------------
x = 26.000000, y = 223.000000
avance = -455.000000, avanceR = 2.000000, avanceI = 2.000000
inc_x_r = 0.000000, inc_y_r = 1.000000, inc_x_i = 1.000000, inc_y_i = 1.000000
En el else......

----------------------------------------
x = 26.000000, y = 224.000000
avance = -453.000000, avanceR = 2.000000, avanceI = 2.000000
inc_x_r = 0.000000, inc_y_r = 1.000000, inc_x_i = 1.000000, inc_y_i = 1.000000
En el else......

----------------------------------------
x = 26.000000, y = 225.000000
avance = -451.000000, avanceR = 2.000000, avanceI = 2.000000
inc_x_r = 0.000000, inc_y_r = 1.000000, inc_x_i = 1.000000, inc_y_i = 1.000000
En el else......

----------------------------------------
x = 26.000000, y = 226.000000
avance = -449.000000, avanceR = 2.000000, avanceI = 2.000000
inc_x_r = 0.000000, inc_y_r = 1.000000, inc_x_i = 1.000000, inc_y_i = 1.000000
En el else......

----------------------------------------
x = 26.000000, y = 227.000000
avance = -447.000000, avanceR = 2.000000, avanceI = 2.000000
inc_x_r = 0.000000, inc_y_r = 1.000000, inc_x_i = 1.000000, inc_y_i = 1.000000
En el else......

----------------------------------------
x = 26.000000, y = 228.000000
avance = -445.000000, avanceR = 2.000000, avanceI = 2.000000
inc_x_r = 0.000000, inc_y_r = 1.000000, inc_x_i = 1.000000, inc_y_i = 1.000000
En el else......

----------------------------------------
x = 26.000000, y = 229.000000
avance = -443.000000, avanceR = 2.000000, avanceI = 2.000000
inc_x_r = 0.000000, inc_y_r = 1.000000, inc_x_i = 1.000000, inc_y_i = 1.000000
En el else......

----------------------------------------
x = 26.000000, y = 230.000000
avance = -441.000000, avanceR = 2.000000, avanceI = 2.000000
inc_x_r = 0.000000, inc_y_r = 1.000000, inc_x_i = 1.000000, inc_y_i = 1.000000
En el else......

----------------------------------------
x = 26.000000, y = 231.000000
avance = -439.000000, avanceR = 2.000000, avanceI = 2.000000
inc_x_r = 0.000000, inc_y_r = 1.000000, inc_x_i = 1.000000, inc_y_i = 1.000000
En el else......

----------------------------------------
x = 26.000000, y = 232.000000
avance = -437.000000, avanceR = 2.000000, avanceI = 2.000000
inc_x_r = 0.000000, inc_y_r = 1.000000, inc_x_i = 1.000000, inc_y_i = 1.000000
En el else......

----------------------------------------
x = 26.000000, y = 233.000000
avance = -435.000000, avanceR = 2.000000, avanceI = 2.000000
inc_x_r = 0.000000, inc_y_r = 1.000000, inc_x_i = 1.000000, inc_y_i = 1.000000
En el else......

----------------------------------------
x = 26.000000, y = 234.000000
avance = -433.000000, avanceR = 2.000000, avanceI = 2.000000
inc_x_r = 0.000000, inc_y_r = 1.000000, inc_x_i = 1.000000, inc_y_i = 1.000000
En el else......

----------------------------------------
x = 26.000000, y = 235.000000
avance = -431.000000, avanceR = 2.000000, avanceI = 2.000000
inc_x_r = 0.000000, inc_y_r = 1.000000, inc_x_i = 1.000000, inc_y_i = 1.000000
En el else......

----------------------------------------
x = 26.000000, y = 236.000000
avance = -429.000000, avanceR = 2.000000, avanceI = 2.000000
inc_x_r = 0.000000, inc_y_r = 1.000000, inc_x_i = 1.000000, inc_y_i = 1.000000
En el else......

----------------------------------------
x = 26.000000, y = 237.000000
avance = -427.000000, avanceR = 2.000000, avanceI = 2.000000
inc_x_r = 0.000000, inc_y_r = 1.000000, inc_x_i = 1.000000, inc_y_i = 1.000000
En el else......

----------------------------------------
x = 26.000000, y = 238.000000
avance = -425.000000, avanceR = 2.000000, avanceI = 2.000000
inc_x_r = 0.000000, inc_y_r = 1.000000, inc_x_i = 1.000000, inc_y_i = 1.000000
En el else......

----------------------------------------
x = 26.000000, y = 239.000000
avance = -423.000000, avanceR = 2.000000, avanceI = 2.000000
inc_x_r = 0.000000, inc_y_r = 1.000000, inc_x_i = 1.000000, inc_y_i = 1.000000
En el else......

----------------------------------------
x = 26.000000, y = 240.000000
avance = -421.000000, avanceR = 2.000000, avanceI = 2.000000
inc_x_r = 0.000000, inc_y_r = 1.000000, inc_x_i = 1.000000, inc_y_i = 1.000000
En el else......

----------------------------------------
x = 26.000000, y = 241.000000
avance = -419.000000, avanceR = 2.000000, avanceI = 2.000000
inc_x_r = 0.000000, inc_y_r = 1.000000, inc_x_i = 1.000000, inc_y_i = 1.000000
En el else......

----------------------------------------
x = 26.000000, y = 242.000000
avance = -417.000000, avanceR = 2.000000, avanceI = 2.000000
inc_x_r = 0.000000, inc_y_r = 1.000000, inc_x_i = 1.000000, inc_y_i = 1.000000
En el else......

----------------------------------------
x = 26.000000, y = 243.000000
avance = -415.000000, avanceR = 2.000000, avanceI = 2.000000
inc_x_r = 0.000000, inc_y_r = 1.000000, inc_x_i = 1.000000, inc_y_i = 1.000000
En el else......

----------------------------------------
x = 26.000000, y = 244.000000
avance = -413.000000, avanceR = 2.000000, avanceI = 2.000000
inc_x_r = 0.000000, inc_y_r = 1.000000, inc_x_i = 1.000000, inc_y_i = 1.000000
En el else......

----------------------------------------
x = 26.000000, y = 245.000000
avance = -411.000000, avanceR = 2.000000, avanceI = 2.000000
inc_x_r = 0.000000, inc_y_r = 1.000000, inc_x_i = 1.000000, inc_y_i = 1.000000
En el else......

----------------------------------------
x = 26.000000, y = 246.000000
avance = -409.000000, avanceR = 2.000000, avanceI = 2.000000
inc_x_r = 0.000000, inc_y_r = 1.000000, inc_x_i = 1.000000, inc_y_i = 1.000000
En el else......

----------------------------------------
x = 26.000000, y = 247.000000
avance = -407.000000, avanceR = 2.000000, avanceI = 2.000000
inc_x_r = 0.000000, inc_y_r = 1.000000, inc_x_i = 1.000000, inc_y_i = 1.000000
En el else......

----------------------------------------
x = 26.000000, y = 248.000000
avance = -405.000000, avanceR = 2.000000, avanceI = 2.000000
inc_x_r = 0.000000, inc_y_r = 1.000000, inc_x_i = 1.000000, inc_y_i = 1.000000
En el else......

----------------------------------------
x = 26.000000, y = 249.000000
avance = -403.000000, avanceR = 2.000000, avanceI = 2.000000
inc_x_r = 0.000000, inc_y_r = 1.000000, inc_x_i = 1.000000, inc_y_i = 1.000000
En el else......

----------------------------------------
x = 26.000000, y = 250.000000
avance = -401.000000, avanceR = 2.000000, avanceI = 2.000000
inc_x_r = 0.000000, inc_y_r = 1.000000, inc_x_i = 1.000000, inc_y_i = 1.000000
En el else......

----------------------------------------
x = 26.000000, y = 251.000000
avance = -399.000000, avanceR = 2.000000, avanceI = 2.000000
inc_x_r = 0.000000, inc_y_r = 1.000000, inc_x_i = 1.000000, inc_y_i = 1.000000
En el else......

----------------------------------------
x = 26.000000, y = 252.000000
avance = -397.000000, avanceR = 2.000000, avanceI = 2.000000
inc_x_r = 0.000000, inc_y_r = 1.000000, inc_x_i = 1.000000, inc_y_i = 1.000000
En el else......

----------------------------------------
x = 26.000000, y = 253.000000
avance = -395.000000, avanceR = 2.000000, avanceI = 2.000000
inc_x_r = 0.000000, inc_y_r = 1.000000, inc_x_i = 1.000000, inc_y_i = 1.000000
En el else......

----------------------------------------
x = 26.000000, y = 254.000000
avance = -393.000000, avanceR = 2.000000, avanceI = 2.000000
inc_x_r = 0.000000, inc_y_r = 1.000000, inc_x_i = 1.000000, inc_y_i = 1.000000
En el else......

----------------------------------------
x = 26.000000, y = 255.000000
avance = -391.000000, avanceR = 2.000000, avanceI = 2.000000
inc_x_r = 0.000000, inc_y_r = 1.000000, inc_x_i = 1.000000, inc_y_i = 1.000000
En el else......

----------------------------------------
x = 26.000000, y = 256.000000
avance = -389.000000, avanceR = 2.000000, avanceI = 2.000000
inc_x_r = 0.000000, inc_y_r = 1.000000, inc_x_i = 1.000000, inc_y_i = 1.000000
En el else......

----------------------------------------
x = 26.000000, y = 257.000000
avance = -387.000000, avanceR = 2.000000, avanceI = 2.000000
inc_x_r = 0.000000, inc_y_r = 1.000000, inc_x_i = 1.000000, inc_y_i = 1.000000
En el else......

----------------------------------------
x = 26.000000, y = 258.000000
avance = -385.000000, avanceR = 2.000000, avanceI = 2.000000
inc_x_r = 0.000000, inc_y_r = 1.000000, inc_x_i = 1.000000, inc_y_i = 1.000000
En el else......

----------------------------------------
x = 26.000000, y = 259.000000
avance = -383.000000, avanceR = 2.000000, avanceI = 2.000000
inc_x_r = 0.000000, inc_y_r = 1.000000, inc_x_i = 1.000000, inc_y_i = 1.000000
En el else......

----------------------------------------
x = 26.000000, y = 260.000000
avance = -381.000000, avanceR = 2.000000, avanceI = 2.000000
inc_x_r = 0.000000, inc_y_r = 1.000000, inc_x_i = 1.000000, inc_y_i = 1.000000
En el else......

----------------------------------------
x = 26.000000, y = 261.000000
avance = -379.000000, avanceR = 2.000000, avanceI = 2.000000
inc_x_r = 0.000000, inc_y_r = 1.000000, inc_x_i = 1.000000, inc_y_i = 1.000000
En el else......

----------------------------------------
x = 26.000000, y = 262.000000
avance = -377.000000, avanceR = 2.000000, avanceI = 2.000000
inc_x_r = 0.000000, inc_y_r = 1.000000, inc_x_i = 1.000000, inc_y_i = 1.000000
En el else......

----------------------------------------
x = 26.000000, y = 263.000000
avance = -375.000000, avanceR = 2.000000, avanceI = 2.000000
inc_x_r = 0.000000, inc_y_r = 1.000000, inc_x_i = 1.000000, inc_y_i = 1.000000
En el else......

----------------------------------------
x = 26.000000, y = 264.000000
avance = -373.000000, avanceR = 2.000000, avanceI = 2.000000
inc_x_r = 0.000000, inc_y_r = 1.000000, inc_x_i = 1.000000, inc_y_i = 1.000000
En el else......

----------------------------------------
x = 26.000000, y = 265.000000
avance = -371.000000, avanceR = 2.000000, avanceI = 2.000000
inc_x_r = 0.000000, inc_y_r = 1.000000, inc_x_i = 1.000000, inc_y_i = 1.000000
En el else......

----------------------------------------
x = 26.000000, y = 266.000000
avance = -369.000000, avanceR = 2.000000, avanceI = 2.000000
inc_x_r = 0.000000, inc_y_r = 1.000000, inc_x_i = 1.000000, inc_y_i = 1.000000
En el else......

----------------------------------------
x = 26.000000, y = 267.000000
avance = -367.000000, avanceR = 2.000000, avanceI = 2.000000
inc_x_r = 0.000000, inc_y_r = 1.000000, inc_x_i = 1.000000, inc_y_i = 1.000000
En el else......

----------------------------------------
x = 26.000000, y = 268.000000
avance = -365.000000, avanceR = 2.000000, avanceI = 2.000000
inc_x_r = 0.000000, inc_y_r = 1.000000, inc_x_i = 1.000000, inc_y_i = 1.000000
En el else......

----------------------------------------
x = 26.000000, y = 269.000000
avance = -363.000000, avanceR = 2.000000, avanceI = 2.000000
inc_x_r = 0.000000, inc_y_r = 1.000000, inc_x_i = 1.000000, inc_y_i = 1.000000
En el else......

----------------------------------------
x = 26.000000, y = 270.000000
avance = -361.000000, avanceR = 2.000000, avanceI = 2.000000
inc_x_r = 0.000000, inc_y_r = 1.000000, inc_x_i = 1.000000, inc_y_i = 1.000000
En el else......

----------------------------------------
x = 26.000000, y = 271.000000
avance = -359.000000, avanceR = 2.000000, avanceI = 2.000000
inc_x_r = 0.000000, inc_y_r = 1.000000, inc_x_i = 1.000000, inc_y_i = 1.000000
En el else......

----------------------------------------
x = 26.000000, y = 272.000000
avance = -357.000000, avanceR = 2.000000, avanceI = 2.000000
inc_x_r = 0.000000, inc_y_r = 1.000000, inc_x_i = 1.000000, inc_y_i = 1.000000
En el else......

----------------------------------------
x = 26.000000, y = 273.000000
avance = -355.000000, avanceR = 2.000000, avanceI = 2.000000
inc_x_r = 0.000000, inc_y_r = 1.000000, inc_x_i = 1.000000, inc_y_i = 1.000000
En el else......

----------------------------------------
x = 26.000000, y = 274.000000
avance = -353.000000, avanceR = 2.000000, avanceI = 2.000000
inc_x_r = 0.000000, inc_y_r = 1.000000, inc_x_i = 1.000000, inc_y_i = 1.000000
En el else......

----------------------------------------
x = 26.000000, y = 275.000000
avance = -351.000000, avanceR = 2.000000, avanceI = 2.000000
inc_x_r = 0.000000, inc_y_r = 1.000000, inc_x_i = 1.000000, inc_y_i = 1.000000
En el else......

----------------------------------------
x = 26.000000, y = 276.000000
avance = -349.000000, avanceR = 2.000000, avanceI = 2.000000
inc_x_r = 0.000000, inc_y_r = 1.000000, inc_x_i = 1.000000, inc_y_i = 1.000000
En el else......

----------------------------------------
x = 26.000000, y = 277.000000
avance = -347.000000, avanceR = 2.000000, avanceI = 2.000000
inc_x_r = 0.000000, inc_y_r = 1.000000, inc_x_i = 1.000000, inc_y_i = 1.000000
En el else......

----------------------------------------
x = 26.000000, y = 278.000000
avance = -345.000000, avanceR = 2.000000, avanceI = 2.000000
inc_x_r = 0.000000, inc_y_r = 1.000000, inc_x_i = 1.000000, inc_y_i = 1.000000
En el else......

----------------------------------------
x = 26.000000, y = 279.000000
avance = -343.000000, avanceR = 2.000000, avanceI = 2.000000
inc_x_r = 0.000000, inc_y_r = 1.000000, inc_x_i = 1.000000, inc_y_i = 1.000000
En el else......

----------------------------------------
x = 26.000000, y = 280.000000
avance = -341.000000, avanceR = 2.000000, avanceI = 2.000000
inc_x_r = 0.000000, inc_y_r = 1.000000, inc_x_i = 1.000000, inc_y_i = 1.000000
En el else......

----------------------------------------
x = 26.000000, y = 281.000000
avance = -339.000000, avanceR = 2.000000, avanceI = 2.000000
inc_x_r = 0.000000, inc_y_r = 1.000000, inc_x_i = 1.000000, inc_y_i = 1.000000
En el else......

----------------------------------------
x = 26.000000, y = 282.000000
avance = -337.000000, avanceR = 2.000000, avanceI = 2.000000
inc_x_r = 0.000000, inc_y_r = 1.000000, inc_x_i = 1.000000, inc_y_i = 1.000000
En el else......

----------------------------------------
x = 26.000000, y = 283.000000
avance = -335.000000, avanceR = 2.000000, avanceI = 2.000000
inc_x_r = 0.000000, inc_y_r = 1.000000, inc_x_i = 1.000000, inc_y_i = 1.000000
En el else......

----------------------------------------
x = 26.000000, y = 284.000000
avance = -333.000000, avanceR = 2.000000, avanceI = 2.000000
inc_x_r = 0.000000, inc_y_r = 1.000000, inc_x_i = 1.000000, inc_y_i = 1.000000
En el else......

----------------------------------------
x = 26.000000, y = 285.000000
avance = -331.000000, avanceR = 2.000000, avanceI = 2.000000
inc_x_r = 0.000000, inc_y_r = 1.000000, inc_x_i = 1.000000, inc_y_i = 1.000000
En el else......

----------------------------------------
x = 26.000000, y = 286.000000
avance = -329.000000, avanceR = 2.000000, avanceI = 2.000000
inc_x_r = 0.000000, inc_y_r = 1.000000, inc_x_i = 1.000000, inc_y_i = 1.000000
En el else......

----------------------------------------
x = 26.000000, y = 287.000000
avance = -327.000000, avanceR = 2.000000, avanceI = 2.000000
inc_x_r = 0.000000, inc_y_r = 1.000000, inc_x_i = 1.000000, inc_y_i = 1.000000
En el else......

----------------------------------------
x = 26.000000, y = 288.000000
avance = -325.000000, avanceR = 2.000000, avanceI = 2.000000
inc_x_r = 0.000000, inc_y_r = 1.000000, inc_x_i = 1.000000, inc_y_i = 1.000000
En el else......

----------------------------------------
x = 26.000000, y = 289.000000
avance = -323.000000, avanceR = 2.000000, avanceI = 2.000000
inc_x_r = 0.000000, inc_y_r = 1.000000, inc_x_i = 1.000000, inc_y_i = 1.000000
En el else......

----------------------------------------
x = 26.000000, y = 290.000000
avance = -321.000000, avanceR = 2.000000, avanceI = 2.000000
inc_x_r = 0.000000, inc_y_r = 1.000000, inc_x_i = 1.000000, inc_y_i = 1.000000
En el else......

----------------------------------------
x = 26.000000, y = 291.000000
avance = -319.000000, avanceR = 2.000000, avanceI = 2.000000
inc_x_r = 0.000000, inc_y_r = 1.000000, inc_x_i = 1.000000, inc_y_i = 1.000000
En el else......

----------------------------------------
x = 26.000000, y = 292.000000
avance = -317.000000, avanceR = 2.000000, avanceI = 2.000000
inc_x_r = 0.000000, inc_y_r = 1.000000, inc_x_i = 1.000000, inc_y_i = 1.000000
En el else......

----------------------------------------
x = 26.000000, y = 293.000000
avance = -315.000000, avanceR = 2.000000, avanceI = 2.000000
inc_x_r = 0.000000, inc_y_r = 1.000000, inc_x_i = 1.000000, inc_y_i = 1.000000
En el else......

----------------------------------------
x = 26.000000, y = 294.000000
avance = -313.000000, avanceR = 2.000000, avanceI = 2.000000
inc_x_r = 0.000000, inc_y_r = 1.000000, inc_x_i = 1.000000, inc_y_i = 1.000000
En el else......

----------------------------------------
x = 26.000000, y = 295.000000
avance = -311.000000, avanceR = 2.000000, avanceI = 2.000000
inc_x_r = 0.000000, inc_y_r = 1.000000, inc_x_i = 1.000000, inc_y_i = 1.000000
En el else......

----------------------------------------
x = 26.000000, y = 296.000000
avance = -309.000000, avanceR = 2.000000, avanceI = 2.000000
inc_x_r = 0.000000, inc_y_r = 1.000000, inc_x_i = 1.000000, inc_y_i = 1.000000
En el else......

----------------------------------------
x = 26.000000, y = 297.000000
avance = -307.000000, avanceR = 2.000000, avanceI = 2.000000
inc_x_r = 0.000000, inc_y_r = 1.000000, inc_x_i = 1.000000, inc_y_i = 1.000000
En el else......

----------------------------------------
x = 26.000000, y = 298.000000
avance = -305.000000, avanceR = 2.000000, avanceI = 2.000000
inc_x_r = 0.000000, inc_y_r = 1.000000, inc_x_i = 1.000000, inc_y_i = 1.000000
En el else......

----------------------------------------
x = 26.000000, y = 299.000000
avance = -303.000000, avanceR = 2.000000, avanceI = 2.000000
inc_x_r = 0.000000, inc_y_r = 1.000000, inc_x_i = 1.000000, inc_y_i = 1.000000
En el else......

----------------------------------------
x = 26.000000, y = 300.000000
avance = -301.000000, avanceR = 2.000000, avanceI = 2.000000
inc_x_r = 0.000000, inc_y_r = 1.000000, inc_x_i = 1.000000, inc_y_i = 1.000000
En el else......

----------------------------------------
x = 26.000000, y = 301.000000
avance = -299.000000, avanceR = 2.000000, avanceI = 2.000000
inc_x_r = 0.000000, inc_y_r = 1.000000, inc_x_i = 1.000000, inc_y_i = 1.000000
En el else......

----------------------------------------
x = 26.000000, y = 302.000000
avance = -297.000000, avanceR = 2.000000, avanceI = 2.000000
inc_x_r = 0.000000, inc_y_r = 1.000000, inc_x_i = 1.000000, inc_y_i = 1.000000
En el else......

----------------------------------------
x = 26.000000, y = 303.000000
avance = -295.000000, avanceR = 2.000000, avanceI = 2.000000
inc_x_r = 0.000000, inc_y_r = 1.000000, inc_x_i = 1.000000, inc_y_i = 1.000000
En el else......

----------------------------------------
x = 26.000000, y = 304.000000
avance = -293.000000, avanceR = 2.000000, avanceI = 2.000000
inc_x_r = 0.000000, inc_y_r = 1.000000, inc_x_i = 1.000000, inc_y_i = 1.000000
En el else......

----------------------------------------
x = 26.000000, y = 305.000000
avance = -291.000000, avanceR = 2.000000, avanceI = 2.000000
inc_x_r = 0.000000, inc_y_r = 1.000000, inc_x_i = 1.000000, inc_y_i = 1.000000
En el else......

----------------------------------------
x = 26.000000, y = 306.000000
avance = -289.000000, avanceR = 2.000000, avanceI = 2.000000
inc_x_r = 0.000000, inc_y_r = 1.000000, inc_x_i = 1.000000, inc_y_i = 1.000000
En el else......

----------------------------------------
x = 26.000000, y = 307.000000
avance = -287.000000, avanceR = 2.000000, avanceI = 2.000000
inc_x_r = 0.000000, inc_y_r = 1.000000, inc_x_i = 1.000000, inc_y_i = 1.000000
En el else......

----------------------------------------
x = 26.000000, y = 308.000000
avance = -285.000000, avanceR = 2.000000, avanceI = 2.000000
inc_x_r = 0.000000, inc_y_r = 1.000000, inc_x_i = 1.000000, inc_y_i = 1.000000
En el else......

----------------------------------------
x = 26.000000, y = 309.000000
avance = -283.000000, avanceR = 2.000000, avanceI = 2.000000
inc_x_r = 0.000000, inc_y_r = 1.000000, inc_x_i = 1.000000, inc_y_i = 1.000000
En el else......

----------------------------------------
x = 26.000000, y = 310.000000
avance = -281.000000, avanceR = 2.000000, avanceI = 2.000000
inc_x_r = 0.000000, inc_y_r = 1.000000, inc_x_i = 1.000000, inc_y_i = 1.000000
En el else......

----------------------------------------
x = 26.000000, y = 311.000000
avance = -279.000000, avanceR = 2.000000, avanceI = 2.000000
inc_x_r = 0.000000, inc_y_r = 1.000000, inc_x_i = 1.000000, inc_y_i = 1.000000
En el else......

----------------------------------------
x = 26.000000, y = 312.000000
avance = -277.000000, avanceR = 2.000000, avanceI = 2.000000
inc_x_r = 0.000000, inc_y_r = 1.000000, inc_x_i = 1.000000, inc_y_i = 1.000000
En el else......

----------------------------------------
x = 26.000000, y = 313.000000
avance = -275.000000, avanceR = 2.000000, avanceI = 2.000000
inc_x_r = 0.000000, inc_y_r = 1.000000, inc_x_i = 1.000000, inc_y_i = 1.000000
En el else......

----------------------------------------
x = 26.000000, y = 314.000000
avance = -273.000000, avanceR = 2.000000, avanceI = 2.000000
inc_x_r = 0.000000, inc_y_r = 1.000000, inc_x_i = 1.000000, inc_y_i = 1.000000
En el else......

----------------------------------------
x = 26.000000, y = 315.000000
avance = -271.000000, avanceR = 2.000000, avanceI = 2.000000
inc_x_r = 0.000000, inc_y_r = 1.000000, inc_x_i = 1.000000, inc_y_i = 1.000000
En el else......

----------------------------------------
x = 26.000000, y = 316.000000
avance = -269.000000, avanceR = 2.000000, avanceI = 2.000000
inc_x_r = 0.000000, inc_y_r = 1.000000, inc_x_i = 1.000000, inc_y_i = 1.000000
En el else......

----------------------------------------
x = 26.000000, y = 317.000000
avance = -267.000000, avanceR = 2.000000, avanceI = 2.000000
inc_x_r = 0.000000, inc_y_r = 1.000000, inc_x_i = 1.000000, inc_y_i = 1.000000
En el else......

----------------------------------------
x = 26.000000, y = 318.000000
avance = -265.000000, avanceR = 2.000000, avanceI = 2.000000
inc_x_r = 0.000000, inc_y_r = 1.000000, inc_x_i = 1.000000, inc_y_i = 1.000000
En el else......

----------------------------------------
x = 26.000000, y = 319.000000
avance = -263.000000, avanceR = 2.000000, avanceI = 2.000000
inc_x_r = 0.000000, inc_y_r = 1.000000, inc_x_i = 1.000000, inc_y_i = 1.000000
En el else......

----------------------------------------
x = 26.000000, y = 320.000000
avance = -261.000000, avanceR = 2.000000, avanceI = 2.000000
inc_x_r = 0.000000, inc_y_r = 1.000000, inc_x_i = 1.000000, inc_y_i = 1.000000
En el else......

----------------------------------------
x = 26.000000, y = 321.000000
avance = -259.000000, avanceR = 2.000000, avanceI = 2.000000
inc_x_r = 0.000000, inc_y_r = 1.000000, inc_x_i = 1.000000, inc_y_i = 1.000000
En el else......

----------------------------------------
x = 26.000000, y = 322.000000
avance = -257.000000, avanceR = 2.000000, avanceI = 2.000000
inc_x_r = 0.000000, inc_y_r = 1.000000, inc_x_i = 1.000000, inc_y_i = 1.000000
En el else......

----------------------------------------
x = 26.000000, y = 323.000000
avance = -255.000000, avanceR = 2.000000, avanceI = 2.000000
inc_x_r = 0.000000, inc_y_r = 1.000000, inc_x_i = 1.000000, inc_y_i = 1.000000
En el else......

----------------------------------------
x = 26.000000, y = 324.000000
avance = -253.000000, avanceR = 2.000000, avanceI = 2.000000
inc_x_r = 0.000000, inc_y_r = 1.000000, inc_x_i = 1.000000, inc_y_i = 1.000000
En el else......

----------------------------------------
x = 26.000000, y = 325.000000
avance = -251.000000, avanceR = 2.000000, avanceI = 2.000000
inc_x_r = 0.000000, inc_y_r = 1.000000, inc_x_i = 1.000000, inc_y_i = 1.000000
En el else......

----------------------------------------


ENTRAMOS A BRESENHAMªªªª
x1 = 35.000000 - y1 = 75.000000 || x2 = 36.000000 - y2 = 326.000000
dy = 251.000000, dx = 1.000000
avances inclinados: inc_x_i = 1.000000, inc_y_i = 1.000000
updated: dy = 251.000000, dx = 1.000000
avances rectos: inc_x_r = 0.000000, inc_y_r 1.000000
reupdated: dy = 1.000000, dx = 251.000000
avanceR = 2.000000, avance -249.000000, avanceI 2.000000
----------------------------------------
x = 35.000000, y = 75.000000
avance = -249.000000, avanceR = 2.000000, avanceI = 2.000000
inc_x_r = 0.000000, inc_y_r = 1.000000, inc_x_i = 1.000000, inc_y_i = 1.000000
En el else......

----------------------------------------
x = 35.000000, y = 76.000000
avance = -247.000000, avanceR = 2.000000, avanceI = 2.000000
inc_x_r = 0.000000, inc_y_r = 1.000000, inc_x_i = 1.000000, inc_y_i = 1.000000
En el else......

----------------------------------------
x = 35.000000, y = 77.000000
avance = -245.000000, avanceR = 2.000000, avanceI = 2.000000
inc_x_r = 0.000000, inc_y_r = 1.000000, inc_x_i = 1.000000, inc_y_i = 1.000000
En el else......

----------------------------------------
x = 35.000000, y = 78.000000
avance = -243.000000, avanceR = 2.000000, avanceI = 2.000000
inc_x_r = 0.000000, inc_y_r = 1.000000, inc_x_i = 1.000000, inc_y_i = 1.000000
En el else......

----------------------------------------
x = 35.000000, y = 79.000000
avance = -241.000000, avanceR = 2.000000, avanceI = 2.000000
inc_x_r = 0.000000, inc_y_r = 1.000000, inc_x_i = 1.000000, inc_y_i = 1.000000
En el else......

----------------------------------------
x = 35.000000, y = 80.000000
avance = -239.000000, avanceR = 2.000000, avanceI = 2.000000
inc_x_r = 0.000000, inc_y_r = 1.000000, inc_x_i = 1.000000, inc_y_i = 1.000000
En el else......

----------------------------------------
x = 35.000000, y = 81.000000
avance = -237.000000, avanceR = 2.000000, avanceI = 2.000000
inc_x_r = 0.000000, inc_y_r = 1.000000, inc_x_i = 1.000000, inc_y_i = 1.000000
En el else......

----------------------------------------
x = 35.000000, y = 82.000000
avance = -235.000000, avanceR = 2.000000, avanceI = 2.000000
inc_x_r = 0.000000, inc_y_r = 1.000000, inc_x_i = 1.000000, inc_y_i = 1.000000
En el else......

----------------------------------------
x = 35.000000, y = 83.000000
avance = -233.000000, avanceR = 2.000000, avanceI = 2.000000
inc_x_r = 0.000000, inc_y_r = 1.000000, inc_x_i = 1.000000, inc_y_i = 1.000000
En el else......

----------------------------------------
x = 35.000000, y = 84.000000
avance = -231.000000, avanceR = 2.000000, avanceI = 2.000000
inc_x_r = 0.000000, inc_y_r = 1.000000, inc_x_i = 1.000000, inc_y_i = 1.000000
En el else......

----------------------------------------
x = 35.000000, y = 85.000000
avance = -229.000000, avanceR = 2.000000, avanceI = 2.000000
inc_x_r = 0.000000, inc_y_r = 1.000000, inc_x_i = 1.000000, inc_y_i = 1.000000
En el else......

----------------------------------------
x = 35.000000, y = 86.000000
avance = -227.000000, avanceR = 2.000000, avanceI = 2.000000
inc_x_r = 0.000000, inc_y_r = 1.000000, inc_x_i = 1.000000, inc_y_i = 1.000000
En el else......

----------------------------------------
x = 35.000000, y = 87.000000
avance = -225.000000, avanceR = 2.000000, avanceI = 2.000000
inc_x_r = 0.000000, inc_y_r = 1.000000, inc_x_i = 1.000000, inc_y_i = 1.000000
En el else......

----------------------------------------
x = 35.000000, y = 88.000000
avance = -223.000000, avanceR = 2.000000, avanceI = 2.000000
inc_x_r = 0.000000, inc_y_r = 1.000000, inc_x_i = 1.000000, inc_y_i = 1.000000
En el else......

----------------------------------------
x = 35.000000, y = 89.000000
avance = -221.000000, avanceR = 2.000000, avanceI = 2.000000
inc_x_r = 0.000000, inc_y_r = 1.000000, inc_x_i = 1.000000, inc_y_i = 1.000000
En el else......

----------------------------------------
x = 35.000000, y = 90.000000
avance = -219.000000, avanceR = 2.000000, avanceI = 2.000000
inc_x_r = 0.000000, inc_y_r = 1.000000, inc_x_i = 1.000000, inc_y_i = 1.000000
En el else......

----------------------------------------
x = 35.000000, y = 91.000000
avance = -217.000000, avanceR = 2.000000, avanceI = 2.000000
inc_x_r = 0.000000, inc_y_r = 1.000000, inc_x_i = 1.000000, inc_y_i = 1.000000
En el else......

----------------------------------------
x = 35.000000, y = 92.000000
avance = -215.000000, avanceR = 2.000000, avanceI = 2.000000
inc_x_r = 0.000000, inc_y_r = 1.000000, inc_x_i = 1.000000, inc_y_i = 1.000000
En el else......

----------------------------------------
x = 35.000000, y = 93.000000
avance = -213.000000, avanceR = 2.000000, avanceI = 2.000000
inc_x_r = 0.000000, inc_y_r = 1.000000, inc_x_i = 1.000000, inc_y_i = 1.000000
En el else......

----------------------------------------
x = 35.000000, y = 94.000000
avance = -211.000000, avanceR = 2.000000, avanceI = 2.000000
inc_x_r = 0.000000, inc_y_r = 1.000000, inc_x_i = 1.000000, inc_y_i = 1.000000
En el else......

----------------------------------------
x = 35.000000, y = 95.000000
avance = -209.000000, avanceR = 2.000000, avanceI = 2.000000
inc_x_r = 0.000000, inc_y_r = 1.000000, inc_x_i = 1.000000, inc_y_i = 1.000000
En el else......

----------------------------------------
x = 35.000000, y = 96.000000
avance = -207.000000, avanceR = 2.000000, avanceI = 2.000000
inc_x_r = 0.000000, inc_y_r = 1.000000, inc_x_i = 1.000000, inc_y_i = 1.000000
En el else......

----------------------------------------
x = 35.000000, y = 97.000000
avance = -205.000000, avanceR = 2.000000, avanceI = 2.000000
inc_x_r = 0.000000, inc_y_r = 1.000000, inc_x_i = 1.000000, inc_y_i = 1.000000
En el else......

----------------------------------------
x = 35.000000, y = 98.000000
avance = -203.000000, avanceR = 2.000000, avanceI = 2.000000
inc_x_r = 0.000000, inc_y_r = 1.000000, inc_x_i = 1.000000, inc_y_i = 1.000000
En el else......

----------------------------------------
x = 35.000000, y = 99.000000
avance = -201.000000, avanceR = 2.000000, avanceI = 2.000000
inc_x_r = 0.000000, inc_y_r = 1.000000, inc_x_i = 1.000000, inc_y_i = 1.000000
En el else......

----------------------------------------
x = 35.000000, y = 100.000000
avance = -199.000000, avanceR = 2.000000, avanceI = 2.000000
inc_x_r = 0.000000, inc_y_r = 1.000000, inc_x_i = 1.000000, inc_y_i = 1.000000
En el else......

----------------------------------------
x = 35.000000, y = 101.000000
avance = -197.000000, avanceR = 2.000000, avanceI = 2.000000
inc_x_r = 0.000000, inc_y_r = 1.000000, inc_x_i = 1.000000, inc_y_i = 1.000000
En el else......

----------------------------------------
x = 35.000000, y = 102.000000
avance = -195.000000, avanceR = 2.000000, avanceI = 2.000000
inc_x_r = 0.000000, inc_y_r = 1.000000, inc_x_i = 1.000000, inc_y_i = 1.000000
En el else......

----------------------------------------
x = 35.000000, y = 103.000000
avance = -193.000000, avanceR = 2.000000, avanceI = 2.000000
inc_x_r = 0.000000, inc_y_r = 1.000000, inc_x_i = 1.000000, inc_y_i = 1.000000
En el else......

----------------------------------------
x = 35.000000, y = 104.000000
avance = -191.000000, avanceR = 2.000000, avanceI = 2.000000
inc_x_r = 0.000000, inc_y_r = 1.000000, inc_x_i = 1.000000, inc_y_i = 1.000000
En el else......

----------------------------------------
x = 35.000000, y = 105.000000
avance = -189.000000, avanceR = 2.000000, avanceI = 2.000000
inc_x_r = 0.000000, inc_y_r = 1.000000, inc_x_i = 1.000000, inc_y_i = 1.000000
En el else......

----------------------------------------
x = 35.000000, y = 106.000000
avance = -187.000000, avanceR = 2.000000, avanceI = 2.000000
inc_x_r = 0.000000, inc_y_r = 1.000000, inc_x_i = 1.000000, inc_y_i = 1.000000
En el else......

----------------------------------------
x = 35.000000, y = 107.000000
avance = -185.000000, avanceR = 2.000000, avanceI = 2.000000
inc_x_r = 0.000000, inc_y_r = 1.000000, inc_x_i = 1.000000, inc_y_i = 1.000000
En el else......

----------------------------------------
x = 35.000000, y = 108.000000
avance = -183.000000, avanceR = 2.000000, avanceI = 2.000000
inc_x_r = 0.000000, inc_y_r = 1.000000, inc_x_i = 1.000000, inc_y_i = 1.000000
En el else......

----------------------------------------
x = 35.000000, y = 109.000000
avance = -181.000000, avanceR = 2.000000, avanceI = 2.000000
inc_x_r = 0.000000, inc_y_r = 1.000000, inc_x_i = 1.000000, inc_y_i = 1.000000
En el else......

----------------------------------------
x = 35.000000, y = 110.000000
avance = -179.000000, avanceR = 2.000000, avanceI = 2.000000
inc_x_r = 0.000000, inc_y_r = 1.000000, inc_x_i = 1.000000, inc_y_i = 1.000000
En el else......

----------------------------------------
x = 35.000000, y = 111.000000
avance = -177.000000, avanceR = 2.000000, avanceI = 2.000000
inc_x_r = 0.000000, inc_y_r = 1.000000, inc_x_i = 1.000000, inc_y_i = 1.000000
En el else......

----------------------------------------
x = 35.000000, y = 112.000000
avance = -175.000000, avanceR = 2.000000, avanceI = 2.000000
inc_x_r = 0.000000, inc_y_r = 1.000000, inc_x_i = 1.000000, inc_y_i = 1.000000
En el else......

----------------------------------------
x = 35.000000, y = 113.000000
avance = -173.000000, avanceR = 2.000000, avanceI = 2.000000
inc_x_r = 0.000000, inc_y_r = 1.000000, inc_x_i = 1.000000, inc_y_i = 1.000000
En el else......

----------------------------------------
x = 35.000000, y = 114.000000
avance = -171.000000, avanceR = 2.000000, avanceI = 2.000000
inc_x_r = 0.000000, inc_y_r = 1.000000, inc_x_i = 1.000000, inc_y_i = 1.000000
En el else......

----------------------------------------
x = 35.000000, y = 115.000000
avance = -169.000000, avanceR = 2.000000, avanceI = 2.000000
inc_x_r = 0.000000, inc_y_r = 1.000000, inc_x_i = 1.000000, inc_y_i = 1.000000
En el else......

----------------------------------------
x = 35.000000, y = 116.000000
avance = -167.000000, avanceR = 2.000000, avanceI = 2.000000
inc_x_r = 0.000000, inc_y_r = 1.000000, inc_x_i = 1.000000, inc_y_i = 1.000000
En el else......

----------------------------------------
x = 35.000000, y = 117.000000
avance = -165.000000, avanceR = 2.000000, avanceI = 2.000000
inc_x_r = 0.000000, inc_y_r = 1.000000, inc_x_i = 1.000000, inc_y_i = 1.000000
En el else......

----------------------------------------
x = 35.000000, y = 118.000000
avance = -163.000000, avanceR = 2.000000, avanceI = 2.000000
inc_x_r = 0.000000, inc_y_r = 1.000000, inc_x_i = 1.000000, inc_y_i = 1.000000
En el else......

----------------------------------------
x = 35.000000, y = 119.000000
avance = -161.000000, avanceR = 2.000000, avanceI = 2.000000
inc_x_r = 0.000000, inc_y_r = 1.000000, inc_x_i = 1.000000, inc_y_i = 1.000000
En el else......

----------------------------------------
x = 35.000000, y = 120.000000
avance = -159.000000, avanceR = 2.000000, avanceI = 2.000000
inc_x_r = 0.000000, inc_y_r = 1.000000, inc_x_i = 1.000000, inc_y_i = 1.000000
En el else......

----------------------------------------
x = 35.000000, y = 121.000000
avance = -157.000000, avanceR = 2.000000, avanceI = 2.000000
inc_x_r = 0.000000, inc_y_r = 1.000000, inc_x_i = 1.000000, inc_y_i = 1.000000
En el else......

----------------------------------------
x = 35.000000, y = 122.000000
avance = -155.000000, avanceR = 2.000000, avanceI = 2.000000
inc_x_r = 0.000000, inc_y_r = 1.000000, inc_x_i = 1.000000, inc_y_i = 1.000000
En el else......

----------------------------------------
x = 35.000000, y = 123.000000
avance = -153.000000, avanceR = 2.000000, avanceI = 2.000000
inc_x_r = 0.000000, inc_y_r = 1.000000, inc_x_i = 1.000000, inc_y_i = 1.000000
En el else......

----------------------------------------
x = 35.000000, y = 124.000000
avance = -151.000000, avanceR = 2.000000, avanceI = 2.000000
inc_x_r = 0.000000, inc_y_r = 1.000000, inc_x_i = 1.000000, inc_y_i = 1.000000
En el else......

----------------------------------------
x = 35.000000, y = 125.000000
avance = -149.000000, avanceR = 2.000000, avanceI = 2.000000
inc_x_r = 0.000000, inc_y_r = 1.000000, inc_x_i = 1.000000, inc_y_i = 1.000000
En el else......

----------------------------------------
x = 35.000000, y = 126.000000
avance = -147.000000, avanceR = 2.000000, avanceI = 2.000000
inc_x_r = 0.000000, inc_y_r = 1.000000, inc_x_i = 1.000000, inc_y_i = 1.000000
En el else......

----------------------------------------
x = 35.000000, y = 127.000000
avance = -145.000000, avanceR = 2.000000, avanceI = 2.000000
inc_x_r = 0.000000, inc_y_r = 1.000000, inc_x_i = 1.000000, inc_y_i = 1.000000
En el else......

----------------------------------------
x = 35.000000, y = 128.000000
avance = -143.000000, avanceR = 2.000000, avanceI = 2.000000
inc_x_r = 0.000000, inc_y_r = 1.000000, inc_x_i = 1.000000, inc_y_i = 1.000000
En el else......

----------------------------------------
x = 35.000000, y = 129.000000
avance = -141.000000, avanceR = 2.000000, avanceI = 2.000000
inc_x_r = 0.000000, inc_y_r = 1.000000, inc_x_i = 1.000000, inc_y_i = 1.000000
En el else......

----------------------------------------
x = 35.000000, y = 130.000000
avance = -139.000000, avanceR = 2.000000, avanceI = 2.000000
inc_x_r = 0.000000, inc_y_r = 1.000000, inc_x_i = 1.000000, inc_y_i = 1.000000
En el else......

----------------------------------------
x = 35.000000, y = 131.000000
avance = -137.000000, avanceR = 2.000000, avanceI = 2.000000
inc_x_r = 0.000000, inc_y_r = 1.000000, inc_x_i = 1.000000, inc_y_i = 1.000000
En el else......

----------------------------------------
x = 35.000000, y = 132.000000
avance = -135.000000, avanceR = 2.000000, avanceI = 2.000000
inc_x_r = 0.000000, inc_y_r = 1.000000, inc_x_i = 1.000000, inc_y_i = 1.000000
En el else......

----------------------------------------
x = 35.000000, y = 133.000000
avance = -133.000000, avanceR = 2.000000, avanceI = 2.000000
inc_x_r = 0.000000, inc_y_r = 1.000000, inc_x_i = 1.000000, inc_y_i = 1.000000
En el else......

----------------------------------------
x = 35.000000, y = 134.000000
avance = -131.000000, avanceR = 2.000000, avanceI = 2.000000
inc_x_r = 0.000000, inc_y_r = 1.000000, inc_x_i = 1.000000, inc_y_i = 1.000000
En el else......

----------------------------------------
x = 35.000000, y = 135.000000
avance = -129.000000, avanceR = 2.000000, avanceI = 2.000000
inc_x_r = 0.000000, inc_y_r = 1.000000, inc_x_i = 1.000000, inc_y_i = 1.000000
En el else......

----------------------------------------
x = 35.000000, y = 136.000000
avance = -127.000000, avanceR = 2.000000, avanceI = 2.000000
inc_x_r = 0.000000, inc_y_r = 1.000000, inc_x_i = 1.000000, inc_y_i = 1.000000
En el else......

----------------------------------------
x = 35.000000, y = 137.000000
avance = -125.000000, avanceR = 2.000000, avanceI = 2.000000
inc_x_r = 0.000000, inc_y_r = 1.000000, inc_x_i = 1.000000, inc_y_i = 1.000000
En el else......

----------------------------------------
x = 35.000000, y = 138.000000
avance = -123.000000, avanceR = 2.000000, avanceI = 2.000000
inc_x_r = 0.000000, inc_y_r = 1.000000, inc_x_i = 1.000000, inc_y_i = 1.000000
En el else......

----------------------------------------
x = 35.000000, y = 139.000000
avance = -121.000000, avanceR = 2.000000, avanceI = 2.000000
inc_x_r = 0.000000, inc_y_r = 1.000000, inc_x_i = 1.000000, inc_y_i = 1.000000
En el else......

----------------------------------------
x = 35.000000, y = 140.000000
avance = -119.000000, avanceR = 2.000000, avanceI = 2.000000
inc_x_r = 0.000000, inc_y_r = 1.000000, inc_x_i = 1.000000, inc_y_i = 1.000000
En el else......

----------------------------------------
x = 35.000000, y = 141.000000
avance = -117.000000, avanceR = 2.000000, avanceI = 2.000000
inc_x_r = 0.000000, inc_y_r = 1.000000, inc_x_i = 1.000000, inc_y_i = 1.000000
En el else......

----------------------------------------
x = 35.000000, y = 142.000000
avance = -115.000000, avanceR = 2.000000, avanceI = 2.000000
inc_x_r = 0.000000, inc_y_r = 1.000000, inc_x_i = 1.000000, inc_y_i = 1.000000
En el else......

----------------------------------------
x = 35.000000, y = 143.000000
avance = -113.000000, avanceR = 2.000000, avanceI = 2.000000
inc_x_r = 0.000000, inc_y_r = 1.000000, inc_x_i = 1.000000, inc_y_i = 1.000000
En el else......

----------------------------------------
x = 35.000000, y = 144.000000
avance = -111.000000, avanceR = 2.000000, avanceI = 2.000000
inc_x_r = 0.000000, inc_y_r = 1.000000, inc_x_i = 1.000000, inc_y_i = 1.000000
En el else......

----------------------------------------
x = 35.000000, y = 145.000000
avance = -109.000000, avanceR = 2.000000, avanceI = 2.000000
inc_x_r = 0.000000, inc_y_r = 1.000000, inc_x_i = 1.000000, inc_y_i = 1.000000
En el else......

----------------------------------------
x = 35.000000, y = 146.000000
avance = -107.000000, avanceR = 2.000000, avanceI = 2.000000
inc_x_r = 0.000000, inc_y_r = 1.000000, inc_x_i = 1.000000, inc_y_i = 1.000000
En el else......

----------------------------------------
x = 35.000000, y = 147.000000
avance = -105.000000, avanceR = 2.000000, avanceI = 2.000000
inc_x_r = 0.000000, inc_y_r = 1.000000, inc_x_i = 1.000000, inc_y_i = 1.000000
En el else......

----------------------------------------
x = 35.000000, y = 148.000000
avance = -103.000000, avanceR = 2.000000, avanceI = 2.000000
inc_x_r = 0.000000, inc_y_r = 1.000000, inc_x_i = 1.000000, inc_y_i = 1.000000
En el else......

----------------------------------------
x = 35.000000, y = 149.000000
avance = -101.000000, avanceR = 2.000000, avanceI = 2.000000
inc_x_r = 0.000000, inc_y_r = 1.000000, inc_x_i = 1.000000, inc_y_i = 1.000000
En el else......

----------------------------------------
x = 35.000000, y = 150.000000
avance = -99.000000, avanceR = 2.000000, avanceI = 2.000000
inc_x_r = 0.000000, inc_y_r = 1.000000, inc_x_i = 1.000000, inc_y_i = 1.000000
En el else......

----------------------------------------
x = 35.000000, y = 151.000000
avance = -97.000000, avanceR = 2.000000, avanceI = 2.000000
inc_x_r = 0.000000, inc_y_r = 1.000000, inc_x_i = 1.000000, inc_y_i = 1.000000
En el else......

----------------------------------------
x = 35.000000, y = 152.000000
avance = -95.000000, avanceR = 2.000000, avanceI = 2.000000
inc_x_r = 0.000000, inc_y_r = 1.000000, inc_x_i = 1.000000, inc_y_i = 1.000000
En el else......

----------------------------------------
x = 35.000000, y = 153.000000
avance = -93.000000, avanceR = 2.000000, avanceI = 2.000000
inc_x_r = 0.000000, inc_y_r = 1.000000, inc_x_i = 1.000000, inc_y_i = 1.000000
En el else......

----------------------------------------
x = 35.000000, y = 154.000000
avance = -91.000000, avanceR = 2.000000, avanceI = 2.000000
inc_x_r = 0.000000, inc_y_r = 1.000000, inc_x_i = 1.000000, inc_y_i = 1.000000
En el else......

----------------------------------------
x = 35.000000, y = 155.000000
avance = -89.000000, avanceR = 2.000000, avanceI = 2.000000
inc_x_r = 0.000000, inc_y_r = 1.000000, inc_x_i = 1.000000, inc_y_i = 1.000000
En el else......

----------------------------------------
x = 35.000000, y = 156.000000
avance = -87.000000, avanceR = 2.000000, avanceI = 2.000000
inc_x_r = 0.000000, inc_y_r = 1.000000, inc_x_i = 1.000000, inc_y_i = 1.000000
En el else......

----------------------------------------
x = 35.000000, y = 157.000000
avance = -85.000000, avanceR = 2.000000, avanceI = 2.000000
inc_x_r = 0.000000, inc_y_r = 1.000000, inc_x_i = 1.000000, inc_y_i = 1.000000
En el else......

----------------------------------------
x = 35.000000, y = 158.000000
avance = -83.000000, avanceR = 2.000000, avanceI = 2.000000
inc_x_r = 0.000000, inc_y_r = 1.000000, inc_x_i = 1.000000, inc_y_i = 1.000000
En el else......

----------------------------------------
x = 35.000000, y = 159.000000
avance = -81.000000, avanceR = 2.000000, avanceI = 2.000000
inc_x_r = 0.000000, inc_y_r = 1.000000, inc_x_i = 1.000000, inc_y_i = 1.000000
En el else......

----------------------------------------
x = 35.000000, y = 160.000000
avance = -79.000000, avanceR = 2.000000, avanceI = 2.000000
inc_x_r = 0.000000, inc_y_r = 1.000000, inc_x_i = 1.000000, inc_y_i = 1.000000
En el else......

----------------------------------------
x = 35.000000, y = 161.000000
avance = -77.000000, avanceR = 2.000000, avanceI = 2.000000
inc_x_r = 0.000000, inc_y_r = 1.000000, inc_x_i = 1.000000, inc_y_i = 1.000000
En el else......

----------------------------------------
x = 35.000000, y = 162.000000
avance = -75.000000, avanceR = 2.000000, avanceI = 2.000000
inc_x_r = 0.000000, inc_y_r = 1.000000, inc_x_i = 1.000000, inc_y_i = 1.000000
En el else......

----------------------------------------
x = 35.000000, y = 163.000000
avance = -73.000000, avanceR = 2.000000, avanceI = 2.000000
inc_x_r = 0.000000, inc_y_r = 1.000000, inc_x_i = 1.000000, inc_y_i = 1.000000
En el else......

----------------------------------------
x = 35.000000, y = 164.000000
avance = -71.000000, avanceR = 2.000000, avanceI = 2.000000
inc_x_r = 0.000000, inc_y_r = 1.000000, inc_x_i = 1.000000, inc_y_i = 1.000000
En el else......

----------------------------------------
x = 35.000000, y = 165.000000
avance = -69.000000, avanceR = 2.000000, avanceI = 2.000000
inc_x_r = 0.000000, inc_y_r = 1.000000, inc_x_i = 1.000000, inc_y_i = 1.000000
En el else......

----------------------------------------
x = 35.000000, y = 166.000000
avance = -67.000000, avanceR = 2.000000, avanceI = 2.000000
inc_x_r = 0.000000, inc_y_r = 1.000000, inc_x_i = 1.000000, inc_y_i = 1.000000
En el else......

----------------------------------------
x = 35.000000, y = 167.000000
avance = -65.000000, avanceR = 2.000000, avanceI = 2.000000
inc_x_r = 0.000000, inc_y_r = 1.000000, inc_x_i = 1.000000, inc_y_i = 1.000000
En el else......

----------------------------------------
x = 35.000000, y = 168.000000
avance = -63.000000, avanceR = 2.000000, avanceI = 2.000000
inc_x_r = 0.000000, inc_y_r = 1.000000, inc_x_i = 1.000000, inc_y_i = 1.000000
En el else......

----------------------------------------
x = 35.000000, y = 169.000000
avance = -61.000000, avanceR = 2.000000, avanceI = 2.000000
inc_x_r = 0.000000, inc_y_r = 1.000000, inc_x_i = 1.000000, inc_y_i = 1.000000
En el else......

----------------------------------------
x = 35.000000, y = 170.000000
avance = -59.000000, avanceR = 2.000000, avanceI = 2.000000
inc_x_r = 0.000000, inc_y_r = 1.000000, inc_x_i = 1.000000, inc_y_i = 1.000000
En el else......

----------------------------------------
x = 35.000000, y = 171.000000
avance = -57.000000, avanceR = 2.000000, avanceI = 2.000000
inc_x_r = 0.000000, inc_y_r = 1.000000, inc_x_i = 1.000000, inc_y_i = 1.000000
En el else......

----------------------------------------
x = 35.000000, y = 172.000000
avance = -55.000000, avanceR = 2.000000, avanceI = 2.000000
inc_x_r = 0.000000, inc_y_r = 1.000000, inc_x_i = 1.000000, inc_y_i = 1.000000
En el else......

----------------------------------------
x = 35.000000, y = 173.000000
avance = -53.000000, avanceR = 2.000000, avanceI = 2.000000
inc_x_r = 0.000000, inc_y_r = 1.000000, inc_x_i = 1.000000, inc_y_i = 1.000000
En el else......

----------------------------------------
x = 35.000000, y = 174.000000
avance = -51.000000, avanceR = 2.000000, avanceI = 2.000000
inc_x_r = 0.000000, inc_y_r = 1.000000, inc_x_i = 1.000000, inc_y_i = 1.000000
En el else......

----------------------------------------
x = 35.000000, y = 175.000000
avance = -49.000000, avanceR = 2.000000, avanceI = 2.000000
inc_x_r = 0.000000, inc_y_r = 1.000000, inc_x_i = 1.000000, inc_y_i = 1.000000
En el else......

----------------------------------------
x = 35.000000, y = 176.000000
avance = -47.000000, avanceR = 2.000000, avanceI = 2.000000
inc_x_r = 0.000000, inc_y_r = 1.000000, inc_x_i = 1.000000, inc_y_i = 1.000000
En el else......

----------------------------------------
x = 35.000000, y = 177.000000
avance = -45.000000, avanceR = 2.000000, avanceI = 2.000000
inc_x_r = 0.000000, inc_y_r = 1.000000, inc_x_i = 1.000000, inc_y_i = 1.000000
En el else......

----------------------------------------
x = 35.000000, y = 178.000000
avance = -43.000000, avanceR = 2.000000, avanceI = 2.000000
inc_x_r = 0.000000, inc_y_r = 1.000000, inc_x_i = 1.000000, inc_y_i = 1.000000
En el else......

----------------------------------------
x = 35.000000, y = 179.000000
avance = -41.000000, avanceR = 2.000000, avanceI = 2.000000
inc_x_r = 0.000000, inc_y_r = 1.000000, inc_x_i = 1.000000, inc_y_i = 1.000000
En el else......

----------------------------------------
x = 35.000000, y = 180.000000
avance = -39.000000, avanceR = 2.000000, avanceI = 2.000000
inc_x_r = 0.000000, inc_y_r = 1.000000, inc_x_i = 1.000000, inc_y_i = 1.000000
En el else......

----------------------------------------
x = 35.000000, y = 181.000000
avance = -37.000000, avanceR = 2.000000, avanceI = 2.000000
inc_x_r = 0.000000, inc_y_r = 1.000000, inc_x_i = 1.000000, inc_y_i = 1.000000
En el else......

----------------------------------------
x = 35.000000, y = 182.000000
avance = -35.000000, avanceR = 2.000000, avanceI = 2.000000
inc_x_r = 0.000000, inc_y_r = 1.000000, inc_x_i = 1.000000, inc_y_i = 1.000000
En el else......

----------------------------------------
x = 35.000000, y = 183.000000
avance = -33.000000, avanceR = 2.000000, avanceI = 2.000000
inc_x_r = 0.000000, inc_y_r = 1.000000, inc_x_i = 1.000000, inc_y_i = 1.000000
En el else......

----------------------------------------
x = 35.000000, y = 184.000000
avance = -31.000000, avanceR = 2.000000, avanceI = 2.000000
inc_x_r = 0.000000, inc_y_r = 1.000000, inc_x_i = 1.000000, inc_y_i = 1.000000
En el else......

----------------------------------------
x = 35.000000, y = 185.000000
avance = -29.000000, avanceR = 2.000000, avanceI = 2.000000
inc_x_r = 0.000000, inc_y_r = 1.000000, inc_x_i = 1.000000, inc_y_i = 1.000000
En el else......

----------------------------------------
x = 35.000000, y = 186.000000
avance = -27.000000, avanceR = 2.000000, avanceI = 2.000000
inc_x_r = 0.000000, inc_y_r = 1.000000, inc_x_i = 1.000000, inc_y_i = 1.000000
En el else......

----------------------------------------
x = 35.000000, y = 187.000000
avance = -25.000000, avanceR = 2.000000, avanceI = 2.000000
inc_x_r = 0.000000, inc_y_r = 1.000000, inc_x_i = 1.000000, inc_y_i = 1.000000
En el else......

----------------------------------------
x = 35.000000, y = 188.000000
avance = -23.000000, avanceR = 2.000000, avanceI = 2.000000
inc_x_r = 0.000000, inc_y_r = 1.000000, inc_x_i = 1.000000, inc_y_i = 1.000000
En el else......

----------------------------------------
x = 35.000000, y = 189.000000
avance = -21.000000, avanceR = 2.000000, avanceI = 2.000000
inc_x_r = 0.000000, inc_y_r = 1.000000, inc_x_i = 1.000000, inc_y_i = 1.000000
En el else......

----------------------------------------
x = 35.000000, y = 190.000000
avance = -19.000000, avanceR = 2.000000, avanceI = 2.000000
inc_x_r = 0.000000, inc_y_r = 1.000000, inc_x_i = 1.000000, inc_y_i = 1.000000
En el else......

----------------------------------------
x = 35.000000, y = 191.000000
avance = -17.000000, avanceR = 2.000000, avanceI = 2.000000
inc_x_r = 0.000000, inc_y_r = 1.000000, inc_x_i = 1.000000, inc_y_i = 1.000000
En el else......

----------------------------------------
x = 35.000000, y = 192.000000
avance = -15.000000, avanceR = 2.000000, avanceI = 2.000000
inc_x_r = 0.000000, inc_y_r = 1.000000, inc_x_i = 1.000000, inc_y_i = 1.000000
En el else......

----------------------------------------
x = 35.000000, y = 193.000000
avance = -13.000000, avanceR = 2.000000, avanceI = 2.000000
inc_x_r = 0.000000, inc_y_r = 1.000000, inc_x_i = 1.000000, inc_y_i = 1.000000
En el else......

----------------------------------------
x = 35.000000, y = 194.000000
avance = -11.000000, avanceR = 2.000000, avanceI = 2.000000
inc_x_r = 0.000000, inc_y_r = 1.000000, inc_x_i = 1.000000, inc_y_i = 1.000000
En el else......

----------------------------------------
x = 35.000000, y = 195.000000
avance = -9.000000, avanceR = 2.000000, avanceI = 2.000000
inc_x_r = 0.000000, inc_y_r = 1.000000, inc_x_i = 1.000000, inc_y_i = 1.000000
En el else......

----------------------------------------
x = 35.000000, y = 196.000000
avance = -7.000000, avanceR = 2.000000, avanceI = 2.000000
inc_x_r = 0.000000, inc_y_r = 1.000000, inc_x_i = 1.000000, inc_y_i = 1.000000
En el else......

----------------------------------------
x = 35.000000, y = 197.000000
avance = -5.000000, avanceR = 2.000000, avanceI = 2.000000
inc_x_r = 0.000000, inc_y_r = 1.000000, inc_x_i = 1.000000, inc_y_i = 1.000000
En el else......

----------------------------------------
x = 35.000000, y = 198.000000
avance = -3.000000, avanceR = 2.000000, avanceI = 2.000000
inc_x_r = 0.000000, inc_y_r = 1.000000, inc_x_i = 1.000000, inc_y_i = 1.000000
En el else......

----------------------------------------
x = 35.000000, y = 199.000000
avance = -1.000000, avanceR = 2.000000, avanceI = 2.000000
inc_x_r = 0.000000, inc_y_r = 1.000000, inc_x_i = 1.000000, inc_y_i = 1.000000
En el else......

----------------------------------------
x = 35.000000, y = 200.000000
avance = 1.000000, avanceR = 2.000000, avanceI = 2.000000
inc_x_r = 0.000000, inc_y_r = 1.000000, inc_x_i = 1.000000, inc_y_i = 1.000000
avance >= 0

----------------------------------------
x = 36.000000, y = 201.000000
avance = -499.000000, avanceR = 2.000000, avanceI = 2.000000
inc_x_r = 0.000000, inc_y_r = 1.000000, inc_x_i = 1.000000, inc_y_i = 1.000000
En el else......

----------------------------------------
x = 36.000000, y = 202.000000
avance = -497.000000, avanceR = 2.000000, avanceI = 2.000000
inc_x_r = 0.000000, inc_y_r = 1.000000, inc_x_i = 1.000000, inc_y_i = 1.000000
En el else......

----------------------------------------
x = 36.000000, y = 203.000000
avance = -495.000000, avanceR = 2.000000, avanceI = 2.000000
inc_x_r = 0.000000, inc_y_r = 1.000000, inc_x_i = 1.000000, inc_y_i = 1.000000
En el else......

----------------------------------------
x = 36.000000, y = 204.000000
avance = -493.000000, avanceR = 2.000000, avanceI = 2.000000
inc_x_r = 0.000000, inc_y_r = 1.000000, inc_x_i = 1.000000, inc_y_i = 1.000000
En el else......

----------------------------------------
x = 36.000000, y = 205.000000
avance = -491.000000, avanceR = 2.000000, avanceI = 2.000000
inc_x_r = 0.000000, inc_y_r = 1.000000, inc_x_i = 1.000000, inc_y_i = 1.000000
En el else......

----------------------------------------
x = 36.000000, y = 206.000000
avance = -489.000000, avanceR = 2.000000, avanceI = 2.000000
inc_x_r = 0.000000, inc_y_r = 1.000000, inc_x_i = 1.000000, inc_y_i = 1.000000
En el else......

----------------------------------------
x = 36.000000, y = 207.000000
avance = -487.000000, avanceR = 2.000000, avanceI = 2.000000
inc_x_r = 0.000000, inc_y_r = 1.000000, inc_x_i = 1.000000, inc_y_i = 1.000000
En el else......

----------------------------------------
x = 36.000000, y = 208.000000
avance = -485.000000, avanceR = 2.000000, avanceI = 2.000000
inc_x_r = 0.000000, inc_y_r = 1.000000, inc_x_i = 1.000000, inc_y_i = 1.000000
En el else......

----------------------------------------
x = 36.000000, y = 209.000000
avance = -483.000000, avanceR = 2.000000, avanceI = 2.000000
inc_x_r = 0.000000, inc_y_r = 1.000000, inc_x_i = 1.000000, inc_y_i = 1.000000
En el else......

----------------------------------------
x = 36.000000, y = 210.000000
avance = -481.000000, avanceR = 2.000000, avanceI = 2.000000
inc_x_r = 0.000000, inc_y_r = 1.000000, inc_x_i = 1.000000, inc_y_i = 1.000000
En el else......

----------------------------------------
x = 36.000000, y = 211.000000
avance = -479.000000, avanceR = 2.000000, avanceI = 2.000000
inc_x_r = 0.000000, inc_y_r = 1.000000, inc_x_i = 1.000000, inc_y_i = 1.000000
En el else......

----------------------------------------
x = 36.000000, y = 212.000000
avance = -477.000000, avanceR = 2.000000, avanceI = 2.000000
inc_x_r = 0.000000, inc_y_r = 1.000000, inc_x_i = 1.000000, inc_y_i = 1.000000
En el else......

----------------------------------------
x = 36.000000, y = 213.000000
avance = -475.000000, avanceR = 2.000000, avanceI = 2.000000
inc_x_r = 0.000000, inc_y_r = 1.000000, inc_x_i = 1.000000, inc_y_i = 1.000000
En el else......

----------------------------------------
x = 36.000000, y = 214.000000
avance = -473.000000, avanceR = 2.000000, avanceI = 2.000000
inc_x_r = 0.000000, inc_y_r = 1.000000, inc_x_i = 1.000000, inc_y_i = 1.000000
En el else......

----------------------------------------
x = 36.000000, y = 215.000000
avance = -471.000000, avanceR = 2.000000, avanceI = 2.000000
inc_x_r = 0.000000, inc_y_r = 1.000000, inc_x_i = 1.000000, inc_y_i = 1.000000
En el else......

----------------------------------------
x = 36.000000, y = 216.000000
avance = -469.000000, avanceR = 2.000000, avanceI = 2.000000
inc_x_r = 0.000000, inc_y_r = 1.000000, inc_x_i = 1.000000, inc_y_i = 1.000000
En el else......

----------------------------------------
x = 36.000000, y = 217.000000
avance = -467.000000, avanceR = 2.000000, avanceI = 2.000000
inc_x_r = 0.000000, inc_y_r = 1.000000, inc_x_i = 1.000000, inc_y_i = 1.000000
En el else......

----------------------------------------
x = 36.000000, y = 218.000000
avance = -465.000000, avanceR = 2.000000, avanceI = 2.000000
inc_x_r = 0.000000, inc_y_r = 1.000000, inc_x_i = 1.000000, inc_y_i = 1.000000
En el else......

----------------------------------------
x = 36.000000, y = 219.000000
avance = -463.000000, avanceR = 2.000000, avanceI = 2.000000
inc_x_r = 0.000000, inc_y_r = 1.000000, inc_x_i = 1.000000, inc_y_i = 1.000000
En el else......

----------------------------------------
x = 36.000000, y = 220.000000
avance = -461.000000, avanceR = 2.000000, avanceI = 2.000000
inc_x_r = 0.000000, inc_y_r = 1.000000, inc_x_i = 1.000000, inc_y_i = 1.000000
En el else......

----------------------------------------
x = 36.000000, y = 221.000000
avance = -459.000000, avanceR = 2.000000, avanceI = 2.000000
inc_x_r = 0.000000, inc_y_r = 1.000000, inc_x_i = 1.000000, inc_y_i = 1.000000
En el else......

----------------------------------------
x = 36.000000, y = 222.000000
avance = -457.000000, avanceR = 2.000000, avanceI = 2.000000
inc_x_r = 0.000000, inc_y_r = 1.000000, inc_x_i = 1.000000, inc_y_i = 1.000000
En el else......

----------------------------------------
x = 36.000000, y = 223.000000
avance = -455.000000, avanceR = 2.000000, avanceI = 2.000000
inc_x_r = 0.000000, inc_y_r = 1.000000, inc_x_i = 1.000000, inc_y_i = 1.000000
En el else......

----------------------------------------
x = 36.000000, y = 224.000000
avance = -453.000000, avanceR = 2.000000, avanceI = 2.000000
inc_x_r = 0.000000, inc_y_r = 1.000000, inc_x_i = 1.000000, inc_y_i = 1.000000
En el else......

----------------------------------------
x = 36.000000, y = 225.000000
avance = -451.000000, avanceR = 2.000000, avanceI = 2.000000
inc_x_r = 0.000000, inc_y_r = 1.000000, inc_x_i = 1.000000, inc_y_i = 1.000000
En el else......

----------------------------------------
x = 36.000000, y = 226.000000
avance = -449.000000, avanceR = 2.000000, avanceI = 2.000000
inc_x_r = 0.000000, inc_y_r = 1.000000, inc_x_i = 1.000000, inc_y_i = 1.000000
En el else......

----------------------------------------
x = 36.000000, y = 227.000000
avance = -447.000000, avanceR = 2.000000, avanceI = 2.000000
inc_x_r = 0.000000, inc_y_r = 1.000000, inc_x_i = 1.000000, inc_y_i = 1.000000
En el else......

----------------------------------------
x = 36.000000, y = 228.000000
avance = -445.000000, avanceR = 2.000000, avanceI = 2.000000
inc_x_r = 0.000000, inc_y_r = 1.000000, inc_x_i = 1.000000, inc_y_i = 1.000000
En el else......

----------------------------------------
x = 36.000000, y = 229.000000
avance = -443.000000, avanceR = 2.000000, avanceI = 2.000000
inc_x_r = 0.000000, inc_y_r = 1.000000, inc_x_i = 1.000000, inc_y_i = 1.000000
En el else......

----------------------------------------
x = 36.000000, y = 230.000000
avance = -441.000000, avanceR = 2.000000, avanceI = 2.000000
inc_x_r = 0.000000, inc_y_r = 1.000000, inc_x_i = 1.000000, inc_y_i = 1.000000
En el else......

----------------------------------------
x = 36.000000, y = 231.000000
avance = -439.000000, avanceR = 2.000000, avanceI = 2.000000
inc_x_r = 0.000000, inc_y_r = 1.000000, inc_x_i = 1.000000, inc_y_i = 1.000000
En el else......

----------------------------------------
x = 36.000000, y = 232.000000
avance = -437.000000, avanceR = 2.000000, avanceI = 2.000000
inc_x_r = 0.000000, inc_y_r = 1.000000, inc_x_i = 1.000000, inc_y_i = 1.000000
En el else......

----------------------------------------
x = 36.000000, y = 233.000000
avance = -435.000000, avanceR = 2.000000, avanceI = 2.000000
inc_x_r = 0.000000, inc_y_r = 1.000000, inc_x_i = 1.000000, inc_y_i = 1.000000
En el else......

----------------------------------------
x = 36.000000, y = 234.000000
avance = -433.000000, avanceR = 2.000000, avanceI = 2.000000
inc_x_r = 0.000000, inc_y_r = 1.000000, inc_x_i = 1.000000, inc_y_i = 1.000000
En el else......

----------------------------------------
x = 36.000000, y = 235.000000
avance = -431.000000, avanceR = 2.000000, avanceI = 2.000000
inc_x_r = 0.000000, inc_y_r = 1.000000, inc_x_i = 1.000000, inc_y_i = 1.000000
En el else......

----------------------------------------
x = 36.000000, y = 236.000000
avance = -429.000000, avanceR = 2.000000, avanceI = 2.000000
inc_x_r = 0.000000, inc_y_r = 1.000000, inc_x_i = 1.000000, inc_y_i = 1.000000
En el else......

----------------------------------------
x = 36.000000, y = 237.000000
avance = -427.000000, avanceR = 2.000000, avanceI = 2.000000
inc_x_r = 0.000000, inc_y_r = 1.000000, inc_x_i = 1.000000, inc_y_i = 1.000000
En el else......

----------------------------------------
x = 36.000000, y = 238.000000
avance = -425.000000, avanceR = 2.000000, avanceI = 2.000000
inc_x_r = 0.000000, inc_y_r = 1.000000, inc_x_i = 1.000000, inc_y_i = 1.000000
En el else......

----------------------------------------
x = 36.000000, y = 239.000000
avance = -423.000000, avanceR = 2.000000, avanceI = 2.000000
inc_x_r = 0.000000, inc_y_r = 1.000000, inc_x_i = 1.000000, inc_y_i = 1.000000
En el else......

----------------------------------------
x = 36.000000, y = 240.000000
avance = -421.000000, avanceR = 2.000000, avanceI = 2.000000
inc_x_r = 0.000000, inc_y_r = 1.000000, inc_x_i = 1.000000, inc_y_i = 1.000000
En el else......

----------------------------------------
x = 36.000000, y = 241.000000
avance = -419.000000, avanceR = 2.000000, avanceI = 2.000000
inc_x_r = 0.000000, inc_y_r = 1.000000, inc_x_i = 1.000000, inc_y_i = 1.000000
En el else......

----------------------------------------
x = 36.000000, y = 242.000000
avance = -417.000000, avanceR = 2.000000, avanceI = 2.000000
inc_x_r = 0.000000, inc_y_r = 1.000000, inc_x_i = 1.000000, inc_y_i = 1.000000
En el else......

----------------------------------------
x = 36.000000, y = 243.000000
avance = -415.000000, avanceR = 2.000000, avanceI = 2.000000
inc_x_r = 0.000000, inc_y_r = 1.000000, inc_x_i = 1.000000, inc_y_i = 1.000000
En el else......

----------------------------------------
x = 36.000000, y = 244.000000
avance = -413.000000, avanceR = 2.000000, avanceI = 2.000000
inc_x_r = 0.000000, inc_y_r = 1.000000, inc_x_i = 1.000000, inc_y_i = 1.000000
En el else......

----------------------------------------
x = 36.000000, y = 245.000000
avance = -411.000000, avanceR = 2.000000, avanceI = 2.000000
inc_x_r = 0.000000, inc_y_r = 1.000000, inc_x_i = 1.000000, inc_y_i = 1.000000
En el else......

----------------------------------------
x = 36.000000, y = 246.000000
avance = -409.000000, avanceR = 2.000000, avanceI = 2.000000
inc_x_r = 0.000000, inc_y_r = 1.000000, inc_x_i = 1.000000, inc_y_i = 1.000000
En el else......

----------------------------------------
x = 36.000000, y = 247.000000
avance = -407.000000, avanceR = 2.000000, avanceI = 2.000000
inc_x_r = 0.000000, inc_y_r = 1.000000, inc_x_i = 1.000000, inc_y_i = 1.000000
En el else......

----------------------------------------
x = 36.000000, y = 248.000000
avance = -405.000000, avanceR = 2.000000, avanceI = 2.000000
inc_x_r = 0.000000, inc_y_r = 1.000000, inc_x_i = 1.000000, inc_y_i = 1.000000
En el else......

----------------------------------------
x = 36.000000, y = 249.000000
avance = -403.000000, avanceR = 2.000000, avanceI = 2.000000
inc_x_r = 0.000000, inc_y_r = 1.000000, inc_x_i = 1.000000, inc_y_i = 1.000000
En el else......

----------------------------------------
x = 36.000000, y = 250.000000
avance = -401.000000, avanceR = 2.000000, avanceI = 2.000000
inc_x_r = 0.000000, inc_y_r = 1.000000, inc_x_i = 1.000000, inc_y_i = 1.000000
En el else......

----------------------------------------
x = 36.000000, y = 251.000000
avance = -399.000000, avanceR = 2.000000, avanceI = 2.000000
inc_x_r = 0.000000, inc_y_r = 1.000000, inc_x_i = 1.000000, inc_y_i = 1.000000
En el else......

----------------------------------------
x = 36.000000, y = 252.000000
avance = -397.000000, avanceR = 2.000000, avanceI = 2.000000
inc_x_r = 0.000000, inc_y_r = 1.000000, inc_x_i = 1.000000, inc_y_i = 1.000000
En el else......

----------------------------------------
x = 36.000000, y = 253.000000
avance = -395.000000, avanceR = 2.000000, avanceI = 2.000000
inc_x_r = 0.000000, inc_y_r = 1.000000, inc_x_i = 1.000000, inc_y_i = 1.000000
En el else......

----------------------------------------
x = 36.000000, y = 254.000000
avance = -393.000000, avanceR = 2.000000, avanceI = 2.000000
inc_x_r = 0.000000, inc_y_r = 1.000000, inc_x_i = 1.000000, inc_y_i = 1.000000
En el else......

----------------------------------------
x = 36.000000, y = 255.000000
avance = -391.000000, avanceR = 2.000000, avanceI = 2.000000
inc_x_r = 0.000000, inc_y_r = 1.000000, inc_x_i = 1.000000, inc_y_i = 1.000000
En el else......

----------------------------------------
x = 36.000000, y = 256.000000
avance = -389.000000, avanceR = 2.000000, avanceI = 2.000000
inc_x_r = 0.000000, inc_y_r = 1.000000, inc_x_i = 1.000000, inc_y_i = 1.000000
En el else......

----------------------------------------
x = 36.000000, y = 257.000000
avance = -387.000000, avanceR = 2.000000, avanceI = 2.000000
inc_x_r = 0.000000, inc_y_r = 1.000000, inc_x_i = 1.000000, inc_y_i = 1.000000
En el else......

----------------------------------------
x = 36.000000, y = 258.000000
avance = -385.000000, avanceR = 2.000000, avanceI = 2.000000
inc_x_r = 0.000000, inc_y_r = 1.000000, inc_x_i = 1.000000, inc_y_i = 1.000000
En el else......

----------------------------------------
x = 36.000000, y = 259.000000
avance = -383.000000, avanceR = 2.000000, avanceI = 2.000000
inc_x_r = 0.000000, inc_y_r = 1.000000, inc_x_i = 1.000000, inc_y_i = 1.000000
En el else......

----------------------------------------
x = 36.000000, y = 260.000000
avance = -381.000000, avanceR = 2.000000, avanceI = 2.000000
inc_x_r = 0.000000, inc_y_r = 1.000000, inc_x_i = 1.000000, inc_y_i = 1.000000
En el else......

----------------------------------------
x = 36.000000, y = 261.000000
avance = -379.000000, avanceR = 2.000000, avanceI = 2.000000
inc_x_r = 0.000000, inc_y_r = 1.000000, inc_x_i = 1.000000, inc_y_i = 1.000000
En el else......

----------------------------------------
x = 36.000000, y = 262.000000
avance = -377.000000, avanceR = 2.000000, avanceI = 2.000000
inc_x_r = 0.000000, inc_y_r = 1.000000, inc_x_i = 1.000000, inc_y_i = 1.000000
En el else......

----------------------------------------
x = 36.000000, y = 263.000000
avance = -375.000000, avanceR = 2.000000, avanceI = 2.000000
inc_x_r = 0.000000, inc_y_r = 1.000000, inc_x_i = 1.000000, inc_y_i = 1.000000
En el else......

----------------------------------------
x = 36.000000, y = 264.000000
avance = -373.000000, avanceR = 2.000000, avanceI = 2.000000
inc_x_r = 0.000000, inc_y_r = 1.000000, inc_x_i = 1.000000, inc_y_i = 1.000000
En el else......

----------------------------------------
x = 36.000000, y = 265.000000
avance = -371.000000, avanceR = 2.000000, avanceI = 2.000000
inc_x_r = 0.000000, inc_y_r = 1.000000, inc_x_i = 1.000000, inc_y_i = 1.000000
En el else......

----------------------------------------
x = 36.000000, y = 266.000000
avance = -369.000000, avanceR = 2.000000, avanceI = 2.000000
inc_x_r = 0.000000, inc_y_r = 1.000000, inc_x_i = 1.000000, inc_y_i = 1.000000
En el else......

----------------------------------------
x = 36.000000, y = 267.000000
avance = -367.000000, avanceR = 2.000000, avanceI = 2.000000
inc_x_r = 0.000000, inc_y_r = 1.000000, inc_x_i = 1.000000, inc_y_i = 1.000000
En el else......

----------------------------------------
x = 36.000000, y = 268.000000
avance = -365.000000, avanceR = 2.000000, avanceI = 2.000000
inc_x_r = 0.000000, inc_y_r = 1.000000, inc_x_i = 1.000000, inc_y_i = 1.000000
En el else......

----------------------------------------
x = 36.000000, y = 269.000000
avance = -363.000000, avanceR = 2.000000, avanceI = 2.000000
inc_x_r = 0.000000, inc_y_r = 1.000000, inc_x_i = 1.000000, inc_y_i = 1.000000
En el else......

----------------------------------------
x = 36.000000, y = 270.000000
avance = -361.000000, avanceR = 2.000000, avanceI = 2.000000
inc_x_r = 0.000000, inc_y_r = 1.000000, inc_x_i = 1.000000, inc_y_i = 1.000000
En el else......

----------------------------------------
x = 36.000000, y = 271.000000
avance = -359.000000, avanceR = 2.000000, avanceI = 2.000000
inc_x_r = 0.000000, inc_y_r = 1.000000, inc_x_i = 1.000000, inc_y_i = 1.000000
En el else......

----------------------------------------
x = 36.000000, y = 272.000000
avance = -357.000000, avanceR = 2.000000, avanceI = 2.000000
inc_x_r = 0.000000, inc_y_r = 1.000000, inc_x_i = 1.000000, inc_y_i = 1.000000
En el else......

----------------------------------------
x = 36.000000, y = 273.000000
avance = -355.000000, avanceR = 2.000000, avanceI = 2.000000
inc_x_r = 0.000000, inc_y_r = 1.000000, inc_x_i = 1.000000, inc_y_i = 1.000000
En el else......

----------------------------------------
x = 36.000000, y = 274.000000
avance = -353.000000, avanceR = 2.000000, avanceI = 2.000000
inc_x_r = 0.000000, inc_y_r = 1.000000, inc_x_i = 1.000000, inc_y_i = 1.000000
En el else......

----------------------------------------
x = 36.000000, y = 275.000000
avance = -351.000000, avanceR = 2.000000, avanceI = 2.000000
inc_x_r = 0.000000, inc_y_r = 1.000000, inc_x_i = 1.000000, inc_y_i = 1.000000
En el else......

----------------------------------------
x = 36.000000, y = 276.000000
avance = -349.000000, avanceR = 2.000000, avanceI = 2.000000
inc_x_r = 0.000000, inc_y_r = 1.000000, inc_x_i = 1.000000, inc_y_i = 1.000000
En el else......

----------------------------------------
x = 36.000000, y = 277.000000
avance = -347.000000, avanceR = 2.000000, avanceI = 2.000000
inc_x_r = 0.000000, inc_y_r = 1.000000, inc_x_i = 1.000000, inc_y_i = 1.000000
En el else......

----------------------------------------
x = 36.000000, y = 278.000000
avance = -345.000000, avanceR = 2.000000, avanceI = 2.000000
inc_x_r = 0.000000, inc_y_r = 1.000000, inc_x_i = 1.000000, inc_y_i = 1.000000
En el else......

----------------------------------------
x = 36.000000, y = 279.000000
avance = -343.000000, avanceR = 2.000000, avanceI = 2.000000
inc_x_r = 0.000000, inc_y_r = 1.000000, inc_x_i = 1.000000, inc_y_i = 1.000000
En el else......

----------------------------------------
x = 36.000000, y = 280.000000
avance = -341.000000, avanceR = 2.000000, avanceI = 2.000000
inc_x_r = 0.000000, inc_y_r = 1.000000, inc_x_i = 1.000000, inc_y_i = 1.000000
En el else......

----------------------------------------
x = 36.000000, y = 281.000000
avance = -339.000000, avanceR = 2.000000, avanceI = 2.000000
inc_x_r = 0.000000, inc_y_r = 1.000000, inc_x_i = 1.000000, inc_y_i = 1.000000
En el else......

----------------------------------------
x = 36.000000, y = 282.000000
avance = -337.000000, avanceR = 2.000000, avanceI = 2.000000
inc_x_r = 0.000000, inc_y_r = 1.000000, inc_x_i = 1.000000, inc_y_i = 1.000000
En el else......

----------------------------------------
x = 36.000000, y = 283.000000
avance = -335.000000, avanceR = 2.000000, avanceI = 2.000000
inc_x_r = 0.000000, inc_y_r = 1.000000, inc_x_i = 1.000000, inc_y_i = 1.000000
En el else......

----------------------------------------
x = 36.000000, y = 284.000000
avance = -333.000000, avanceR = 2.000000, avanceI = 2.000000
inc_x_r = 0.000000, inc_y_r = 1.000000, inc_x_i = 1.000000, inc_y_i = 1.000000
En el else......

----------------------------------------
x = 36.000000, y = 285.000000
avance = -331.000000, avanceR = 2.000000, avanceI = 2.000000
inc_x_r = 0.000000, inc_y_r = 1.000000, inc_x_i = 1.000000, inc_y_i = 1.000000
En el else......

----------------------------------------
x = 36.000000, y = 286.000000
avance = -329.000000, avanceR = 2.000000, avanceI = 2.000000
inc_x_r = 0.000000, inc_y_r = 1.000000, inc_x_i = 1.000000, inc_y_i = 1.000000
En el else......

----------------------------------------
x = 36.000000, y = 287.000000
avance = -327.000000, avanceR = 2.000000, avanceI = 2.000000
inc_x_r = 0.000000, inc_y_r = 1.000000, inc_x_i = 1.000000, inc_y_i = 1.000000
En el else......

----------------------------------------
x = 36.000000, y = 288.000000
avance = -325.000000, avanceR = 2.000000, avanceI = 2.000000
inc_x_r = 0.000000, inc_y_r = 1.000000, inc_x_i = 1.000000, inc_y_i = 1.000000
En el else......

----------------------------------------
x = 36.000000, y = 289.000000
avance = -323.000000, avanceR = 2.000000, avanceI = 2.000000
inc_x_r = 0.000000, inc_y_r = 1.000000, inc_x_i = 1.000000, inc_y_i = 1.000000
En el else......

----------------------------------------
x = 36.000000, y = 290.000000
avance = -321.000000, avanceR = 2.000000, avanceI = 2.000000
inc_x_r = 0.000000, inc_y_r = 1.000000, inc_x_i = 1.000000, inc_y_i = 1.000000
En el else......

----------------------------------------
x = 36.000000, y = 291.000000
avance = -319.000000, avanceR = 2.000000, avanceI = 2.000000
inc_x_r = 0.000000, inc_y_r = 1.000000, inc_x_i = 1.000000, inc_y_i = 1.000000
En el else......

----------------------------------------
x = 36.000000, y = 292.000000
avance = -317.000000, avanceR = 2.000000, avanceI = 2.000000
inc_x_r = 0.000000, inc_y_r = 1.000000, inc_x_i = 1.000000, inc_y_i = 1.000000
En el else......

----------------------------------------
x = 36.000000, y = 293.000000
avance = -315.000000, avanceR = 2.000000, avanceI = 2.000000
inc_x_r = 0.000000, inc_y_r = 1.000000, inc_x_i = 1.000000, inc_y_i = 1.000000
En el else......

----------------------------------------
x = 36.000000, y = 294.000000
avance = -313.000000, avanceR = 2.000000, avanceI = 2.000000
inc_x_r = 0.000000, inc_y_r = 1.000000, inc_x_i = 1.000000, inc_y_i = 1.000000
En el else......

----------------------------------------
x = 36.000000, y = 295.000000
avance = -311.000000, avanceR = 2.000000, avanceI = 2.000000
inc_x_r = 0.000000, inc_y_r = 1.000000, inc_x_i = 1.000000, inc_y_i = 1.000000
En el else......

----------------------------------------
x = 36.000000, y = 296.000000
avance = -309.000000, avanceR = 2.000000, avanceI = 2.000000
inc_x_r = 0.000000, inc_y_r = 1.000000, inc_x_i = 1.000000, inc_y_i = 1.000000
En el else......

----------------------------------------
x = 36.000000, y = 297.000000
avance = -307.000000, avanceR = 2.000000, avanceI = 2.000000
inc_x_r = 0.000000, inc_y_r = 1.000000, inc_x_i = 1.000000, inc_y_i = 1.000000
En el else......

----------------------------------------
x = 36.000000, y = 298.000000
avance = -305.000000, avanceR = 2.000000, avanceI = 2.000000
inc_x_r = 0.000000, inc_y_r = 1.000000, inc_x_i = 1.000000, inc_y_i = 1.000000
En el else......

----------------------------------------
x = 36.000000, y = 299.000000
avance = -303.000000, avanceR = 2.000000, avanceI = 2.000000
inc_x_r = 0.000000, inc_y_r = 1.000000, inc_x_i = 1.000000, inc_y_i = 1.000000
En el else......

----------------------------------------
x = 36.000000, y = 300.000000
avance = -301.000000, avanceR = 2.000000, avanceI = 2.000000
inc_x_r = 0.000000, inc_y_r = 1.000000, inc_x_i = 1.000000, inc_y_i = 1.000000
En el else......

----------------------------------------
x = 36.000000, y = 301.000000
avance = -299.000000, avanceR = 2.000000, avanceI = 2.000000
inc_x_r = 0.000000, inc_y_r = 1.000000, inc_x_i = 1.000000, inc_y_i = 1.000000
En el else......

----------------------------------------
x = 36.000000, y = 302.000000
avance = -297.000000, avanceR = 2.000000, avanceI = 2.000000
inc_x_r = 0.000000, inc_y_r = 1.000000, inc_x_i = 1.000000, inc_y_i = 1.000000
En el else......

----------------------------------------
x = 36.000000, y = 303.000000
avance = -295.000000, avanceR = 2.000000, avanceI = 2.000000
inc_x_r = 0.000000, inc_y_r = 1.000000, inc_x_i = 1.000000, inc_y_i = 1.000000
En el else......

----------------------------------------
x = 36.000000, y = 304.000000
avance = -293.000000, avanceR = 2.000000, avanceI = 2.000000
inc_x_r = 0.000000, inc_y_r = 1.000000, inc_x_i = 1.000000, inc_y_i = 1.000000
En el else......

----------------------------------------
x = 36.000000, y = 305.000000
avance = -291.000000, avanceR = 2.000000, avanceI = 2.000000
inc_x_r = 0.000000, inc_y_r = 1.000000, inc_x_i = 1.000000, inc_y_i = 1.000000
En el else......

----------------------------------------
x = 36.000000, y = 306.000000
avance = -289.000000, avanceR = 2.000000, avanceI = 2.000000
inc_x_r = 0.000000, inc_y_r = 1.000000, inc_x_i = 1.000000, inc_y_i = 1.000000
En el else......

----------------------------------------
x = 36.000000, y = 307.000000
avance = -287.000000, avanceR = 2.000000, avanceI = 2.000000
inc_x_r = 0.000000, inc_y_r = 1.000000, inc_x_i = 1.000000, inc_y_i = 1.000000
En el else......

----------------------------------------
x = 36.000000, y = 308.000000
avance = -285.000000, avanceR = 2.000000, avanceI = 2.000000
inc_x_r = 0.000000, inc_y_r = 1.000000, inc_x_i = 1.000000, inc_y_i = 1.000000
En el else......

----------------------------------------
x = 36.000000, y = 309.000000
avance = -283.000000, avanceR = 2.000000, avanceI = 2.000000
inc_x_r = 0.000000, inc_y_r = 1.000000, inc_x_i = 1.000000, inc_y_i = 1.000000
En el else......

----------------------------------------
x = 36.000000, y = 310.000000
avance = -281.000000, avanceR = 2.000000, avanceI = 2.000000
inc_x_r = 0.000000, inc_y_r = 1.000000, inc_x_i = 1.000000, inc_y_i = 1.000000
En el else......

----------------------------------------
x = 36.000000, y = 311.000000
avance = -279.000000, avanceR = 2.000000, avanceI = 2.000000
inc_x_r = 0.000000, inc_y_r = 1.000000, inc_x_i = 1.000000, inc_y_i = 1.000000
En el else......

----------------------------------------
x = 36.000000, y = 312.000000
avance = -277.000000, avanceR = 2.000000, avanceI = 2.000000
inc_x_r = 0.000000, inc_y_r = 1.000000, inc_x_i = 1.000000, inc_y_i = 1.000000
En el else......

----------------------------------------
x = 36.000000, y = 313.000000
avance = -275.000000, avanceR = 2.000000, avanceI = 2.000000
inc_x_r = 0.000000, inc_y_r = 1.000000, inc_x_i = 1.000000, inc_y_i = 1.000000
En el else......

----------------------------------------
x = 36.000000, y = 314.000000
avance = -273.000000, avanceR = 2.000000, avanceI = 2.000000
inc_x_r = 0.000000, inc_y_r = 1.000000, inc_x_i = 1.000000, inc_y_i = 1.000000
En el else......

----------------------------------------
x = 36.000000, y = 315.000000
avance = -271.000000, avanceR = 2.000000, avanceI = 2.000000
inc_x_r = 0.000000, inc_y_r = 1.000000, inc_x_i = 1.000000, inc_y_i = 1.000000
En el else......

----------------------------------------
x = 36.000000, y = 316.000000
avance = -269.000000, avanceR = 2.000000, avanceI = 2.000000
inc_x_r = 0.000000, inc_y_r = 1.000000, inc_x_i = 1.000000, inc_y_i = 1.000000
En el else......

----------------------------------------
x = 36.000000, y = 317.000000
avance = -267.000000, avanceR = 2.000000, avanceI = 2.000000
inc_x_r = 0.000000, inc_y_r = 1.000000, inc_x_i = 1.000000, inc_y_i = 1.000000
En el else......

----------------------------------------
x = 36.000000, y = 318.000000
avance = -265.000000, avanceR = 2.000000, avanceI = 2.000000
inc_x_r = 0.000000, inc_y_r = 1.000000, inc_x_i = 1.000000, inc_y_i = 1.000000
En el else......

----------------------------------------
x = 36.000000, y = 319.000000
avance = -263.000000, avanceR = 2.000000, avanceI = 2.000000
inc_x_r = 0.000000, inc_y_r = 1.000000, inc_x_i = 1.000000, inc_y_i = 1.000000
En el else......

----------------------------------------
x = 36.000000, y = 320.000000
avance = -261.000000, avanceR = 2.000000, avanceI = 2.000000
inc_x_r = 0.000000, inc_y_r = 1.000000, inc_x_i = 1.000000, inc_y_i = 1.000000
En el else......

----------------------------------------
x = 36.000000, y = 321.000000
avance = -259.000000, avanceR = 2.000000, avanceI = 2.000000
inc_x_r = 0.000000, inc_y_r = 1.000000, inc_x_i = 1.000000, inc_y_i = 1.000000
En el else......

----------------------------------------
x = 36.000000, y = 322.000000
avance = -257.000000, avanceR = 2.000000, avanceI = 2.000000
inc_x_r = 0.000000, inc_y_r = 1.000000, inc_x_i = 1.000000, inc_y_i = 1.000000
En el else......

----------------------------------------
x = 36.000000, y = 323.000000
avance = -255.000000, avanceR = 2.000000, avanceI = 2.000000
inc_x_r = 0.000000, inc_y_r = 1.000000, inc_x_i = 1.000000, inc_y_i = 1.000000
En el else......

----------------------------------------
x = 36.000000, y = 324.000000
avance = -253.000000, avanceR = 2.000000, avanceI = 2.000000
inc_x_r = 0.000000, inc_y_r = 1.000000, inc_x_i = 1.000000, inc_y_i = 1.000000
En el else......

----------------------------------------
x = 36.000000, y = 325.000000
avance = -251.000000, avanceR = 2.000000, avanceI = 2.000000
inc_x_r = 0.000000, inc_y_r = 1.000000, inc_x_i = 1.000000, inc_y_i = 1.000000
En el else......

----------------------------------------


ENTRAMOS A BRESENHAMªªªª
x1 = 45.000000 - y1 = 75.000000 || x2 = 46.000000 - y2 = 326.000000
dy = 251.000000, dx = 1.000000
avances inclinados: inc_x_i = 1.000000, inc_y_i = 1.000000
updated: dy = 251.000000, dx = 1.000000
avances rectos: inc_x_r = 0.000000, inc_y_r 1.000000
reupdated: dy = 1.000000, dx = 251.000000
avanceR = 2.000000, avance -249.000000, avanceI 2.000000
----------------------------------------
x = 45.000000, y = 75.000000
avance = -249.000000, avanceR = 2.000000, avanceI = 2.000000
inc_x_r = 0.000000, inc_y_r = 1.000000, inc_x_i = 1.000000, inc_y_i = 1.000000
En el else......

----------------------------------------
x = 45.000000, y = 76.000000
avance = -247.000000, avanceR = 2.000000, avanceI = 2.000000
inc_x_r = 0.000000, inc_y_r = 1.000000, inc_x_i = 1.000000, inc_y_i = 1.000000
En el else......

----------------------------------------
x = 45.000000, y = 77.000000
avance = -245.000000, avanceR = 2.000000, avanceI = 2.000000
inc_x_r = 0.000000, inc_y_r = 1.000000, inc_x_i = 1.000000, inc_y_i = 1.000000
En el else......

----------------------------------------
x = 45.000000, y = 78.000000
avance = -243.000000, avanceR = 2.000000, avanceI = 2.000000
inc_x_r = 0.000000, inc_y_r = 1.000000, inc_x_i = 1.000000, inc_y_i = 1.000000
En el else......

----------------------------------------
x = 45.000000, y = 79.000000
avance = -241.000000, avanceR = 2.000000, avanceI = 2.000000
inc_x_r = 0.000000, inc_y_r = 1.000000, inc_x_i = 1.000000, inc_y_i = 1.000000
En el else......

----------------------------------------
x = 45.000000, y = 80.000000
avance = -239.000000, avanceR = 2.000000, avanceI = 2.000000
inc_x_r = 0.000000, inc_y_r = 1.000000, inc_x_i = 1.000000, inc_y_i = 1.000000
En el else......

----------------------------------------
x = 45.000000, y = 81.000000
avance = -237.000000, avanceR = 2.000000, avanceI = 2.000000
inc_x_r = 0.000000, inc_y_r = 1.000000, inc_x_i = 1.000000, inc_y_i = 1.000000
En el else......

----------------------------------------
x = 45.000000, y = 82.000000
avance = -235.000000, avanceR = 2.000000, avanceI = 2.000000
inc_x_r = 0.000000, inc_y_r = 1.000000, inc_x_i = 1.000000, inc_y_i = 1.000000
En el else......

----------------------------------------
x = 45.000000, y = 83.000000
avance = -233.000000, avanceR = 2.000000, avanceI = 2.000000
inc_x_r = 0.000000, inc_y_r = 1.000000, inc_x_i = 1.000000, inc_y_i = 1.000000
En el else......

----------------------------------------
x = 45.000000, y = 84.000000
avance = -231.000000, avanceR = 2.000000, avanceI = 2.000000
inc_x_r = 0.000000, inc_y_r = 1.000000, inc_x_i = 1.000000, inc_y_i = 1.000000
En el else......

----------------------------------------
x = 45.000000, y = 85.000000
avance = -229.000000, avanceR = 2.000000, avanceI = 2.000000
inc_x_r = 0.000000, inc_y_r = 1.000000, inc_x_i = 1.000000, inc_y_i = 1.000000
En el else......

----------------------------------------
x = 45.000000, y = 86.000000
avance = -227.000000, avanceR = 2.000000, avanceI = 2.000000
inc_x_r = 0.000000, inc_y_r = 1.000000, inc_x_i = 1.000000, inc_y_i = 1.000000
En el else......

----------------------------------------
x = 45.000000, y = 87.000000
avance = -225.000000, avanceR = 2.000000, avanceI = 2.000000
inc_x_r = 0.000000, inc_y_r = 1.000000, inc_x_i = 1.000000, inc_y_i = 1.000000
En el else......

----------------------------------------
x = 45.000000, y = 88.000000
avance = -223.000000, avanceR = 2.000000, avanceI = 2.000000
inc_x_r = 0.000000, inc_y_r = 1.000000, inc_x_i = 1.000000, inc_y_i = 1.000000
En el else......

----------------------------------------
x = 45.000000, y = 89.000000
avance = -221.000000, avanceR = 2.000000, avanceI = 2.000000
inc_x_r = 0.000000, inc_y_r = 1.000000, inc_x_i = 1.000000, inc_y_i = 1.000000
En el else......

----------------------------------------
x = 45.000000, y = 90.000000
avance = -219.000000, avanceR = 2.000000, avanceI = 2.000000
inc_x_r = 0.000000, inc_y_r = 1.000000, inc_x_i = 1.000000, inc_y_i = 1.000000
En el else......

----------------------------------------
x = 45.000000, y = 91.000000
avance = -217.000000, avanceR = 2.000000, avanceI = 2.000000
inc_x_r = 0.000000, inc_y_r = 1.000000, inc_x_i = 1.000000, inc_y_i = 1.000000
En el else......

----------------------------------------
x = 45.000000, y = 92.000000
avance = -215.000000, avanceR = 2.000000, avanceI = 2.000000
inc_x_r = 0.000000, inc_y_r = 1.000000, inc_x_i = 1.000000, inc_y_i = 1.000000
En el else......

----------------------------------------
x = 45.000000, y = 93.000000
avance = -213.000000, avanceR = 2.000000, avanceI = 2.000000
inc_x_r = 0.000000, inc_y_r = 1.000000, inc_x_i = 1.000000, inc_y_i = 1.000000
En el else......

----------------------------------------
x = 45.000000, y = 94.000000
avance = -211.000000, avanceR = 2.000000, avanceI = 2.000000
inc_x_r = 0.000000, inc_y_r = 1.000000, inc_x_i = 1.000000, inc_y_i = 1.000000
En el else......

----------------------------------------
x = 45.000000, y = 95.000000
avance = -209.000000, avanceR = 2.000000, avanceI = 2.000000
inc_x_r = 0.000000, inc_y_r = 1.000000, inc_x_i = 1.000000, inc_y_i = 1.000000
En el else......

----------------------------------------
x = 45.000000, y = 96.000000
avance = -207.000000, avanceR = 2.000000, avanceI = 2.000000
inc_x_r = 0.000000, inc_y_r = 1.000000, inc_x_i = 1.000000, inc_y_i = 1.000000
En el else......

----------------------------------------
x = 45.000000, y = 97.000000
avance = -205.000000, avanceR = 2.000000, avanceI = 2.000000
inc_x_r = 0.000000, inc_y_r = 1.000000, inc_x_i = 1.000000, inc_y_i = 1.000000
En el else......

----------------------------------------
x = 45.000000, y = 98.000000
avance = -203.000000, avanceR = 2.000000, avanceI = 2.000000
inc_x_r = 0.000000, inc_y_r = 1.000000, inc_x_i = 1.000000, inc_y_i = 1.000000
En el else......

----------------------------------------
x = 45.000000, y = 99.000000
avance = -201.000000, avanceR = 2.000000, avanceI = 2.000000
inc_x_r = 0.000000, inc_y_r = 1.000000, inc_x_i = 1.000000, inc_y_i = 1.000000
En el else......

----------------------------------------
x = 45.000000, y = 100.000000
avance = -199.000000, avanceR = 2.000000, avanceI = 2.000000
inc_x_r = 0.000000, inc_y_r = 1.000000, inc_x_i = 1.000000, inc_y_i = 1.000000
En el else......

----------------------------------------
x = 45.000000, y = 101.000000
avance = -197.000000, avanceR = 2.000000, avanceI = 2.000000
inc_x_r = 0.000000, inc_y_r = 1.000000, inc_x_i = 1.000000, inc_y_i = 1.000000
En el else......

----------------------------------------
x = 45.000000, y = 102.000000
avance = -195.000000, avanceR = 2.000000, avanceI = 2.000000
inc_x_r = 0.000000, inc_y_r = 1.000000, inc_x_i = 1.000000, inc_y_i = 1.000000
En el else......

----------------------------------------
x = 45.000000, y = 103.000000
avance = -193.000000, avanceR = 2.000000, avanceI = 2.000000
inc_x_r = 0.000000, inc_y_r = 1.000000, inc_x_i = 1.000000, inc_y_i = 1.000000
En el else......

----------------------------------------
x = 45.000000, y = 104.000000
avance = -191.000000, avanceR = 2.000000, avanceI = 2.000000
inc_x_r = 0.000000, inc_y_r = 1.000000, inc_x_i = 1.000000, inc_y_i = 1.000000
En el else......

----------------------------------------
x = 45.000000, y = 105.000000
avance = -189.000000, avanceR = 2.000000, avanceI = 2.000000
inc_x_r = 0.000000, inc_y_r = 1.000000, inc_x_i = 1.000000, inc_y_i = 1.000000
En el else......

----------------------------------------
x = 45.000000, y = 106.000000
avance = -187.000000, avanceR = 2.000000, avanceI = 2.000000
inc_x_r = 0.000000, inc_y_r = 1.000000, inc_x_i = 1.000000, inc_y_i = 1.000000
En el else......

----------------------------------------
x = 45.000000, y = 107.000000
avance = -185.000000, avanceR = 2.000000, avanceI = 2.000000
inc_x_r = 0.000000, inc_y_r = 1.000000, inc_x_i = 1.000000, inc_y_i = 1.000000
En el else......

----------------------------------------
x = 45.000000, y = 108.000000
avance = -183.000000, avanceR = 2.000000, avanceI = 2.000000
inc_x_r = 0.000000, inc_y_r = 1.000000, inc_x_i = 1.000000, inc_y_i = 1.000000
En el else......

----------------------------------------
x = 45.000000, y = 109.000000
avance = -181.000000, avanceR = 2.000000, avanceI = 2.000000
inc_x_r = 0.000000, inc_y_r = 1.000000, inc_x_i = 1.000000, inc_y_i = 1.000000
En el else......

----------------------------------------
x = 45.000000, y = 110.000000
avance = -179.000000, avanceR = 2.000000, avanceI = 2.000000
inc_x_r = 0.000000, inc_y_r = 1.000000, inc_x_i = 1.000000, inc_y_i = 1.000000
En el else......

----------------------------------------
x = 45.000000, y = 111.000000
avance = -177.000000, avanceR = 2.000000, avanceI = 2.000000
inc_x_r = 0.000000, inc_y_r = 1.000000, inc_x_i = 1.000000, inc_y_i = 1.000000
En el else......

----------------------------------------
x = 45.000000, y = 112.000000
avance = -175.000000, avanceR = 2.000000, avanceI = 2.000000
inc_x_r = 0.000000, inc_y_r = 1.000000, inc_x_i = 1.000000, inc_y_i = 1.000000
En el else......

----------------------------------------
x = 45.000000, y = 113.000000
avance = -173.000000, avanceR = 2.000000, avanceI = 2.000000
inc_x_r = 0.000000, inc_y_r = 1.000000, inc_x_i = 1.000000, inc_y_i = 1.000000
En el else......

----------------------------------------
x = 45.000000, y = 114.000000
avance = -171.000000, avanceR = 2.000000, avanceI = 2.000000
inc_x_r = 0.000000, inc_y_r = 1.000000, inc_x_i = 1.000000, inc_y_i = 1.000000
En el else......

----------------------------------------
x = 45.000000, y = 115.000000
avance = -169.000000, avanceR = 2.000000, avanceI = 2.000000
inc_x_r = 0.000000, inc_y_r = 1.000000, inc_x_i = 1.000000, inc_y_i = 1.000000
En el else......

----------------------------------------
x = 45.000000, y = 116.000000
avance = -167.000000, avanceR = 2.000000, avanceI = 2.000000
inc_x_r = 0.000000, inc_y_r = 1.000000, inc_x_i = 1.000000, inc_y_i = 1.000000
En el else......

----------------------------------------
x = 45.000000, y = 117.000000
avance = -165.000000, avanceR = 2.000000, avanceI = 2.000000
inc_x_r = 0.000000, inc_y_r = 1.000000, inc_x_i = 1.000000, inc_y_i = 1.000000
En el else......

----------------------------------------
x = 45.000000, y = 118.000000
avance = -163.000000, avanceR = 2.000000, avanceI = 2.000000
inc_x_r = 0.000000, inc_y_r = 1.000000, inc_x_i = 1.000000, inc_y_i = 1.000000
En el else......

----------------------------------------
x = 45.000000, y = 119.000000
avance = -161.000000, avanceR = 2.000000, avanceI = 2.000000
inc_x_r = 0.000000, inc_y_r = 1.000000, inc_x_i = 1.000000, inc_y_i = 1.000000
En el else......

----------------------------------------
x = 45.000000, y = 120.000000
avance = -159.000000, avanceR = 2.000000, avanceI = 2.000000
inc_x_r = 0.000000, inc_y_r = 1.000000, inc_x_i = 1.000000, inc_y_i = 1.000000
En el else......

----------------------------------------
x = 45.000000, y = 121.000000
avance = -157.000000, avanceR = 2.000000, avanceI = 2.000000
inc_x_r = 0.000000, inc_y_r = 1.000000, inc_x_i = 1.000000, inc_y_i = 1.000000
En el else......

----------------------------------------
x = 45.000000, y = 122.000000
avance = -155.000000, avanceR = 2.000000, avanceI = 2.000000
inc_x_r = 0.000000, inc_y_r = 1.000000, inc_x_i = 1.000000, inc_y_i = 1.000000
En el else......

----------------------------------------
x = 45.000000, y = 123.000000
avance = -153.000000, avanceR = 2.000000, avanceI = 2.000000
inc_x_r = 0.000000, inc_y_r = 1.000000, inc_x_i = 1.000000, inc_y_i = 1.000000
En el else......

----------------------------------------
x = 45.000000, y = 124.000000
avance = -151.000000, avanceR = 2.000000, avanceI = 2.000000
inc_x_r = 0.000000, inc_y_r = 1.000000, inc_x_i = 1.000000, inc_y_i = 1.000000
En el else......

----------------------------------------
x = 45.000000, y = 125.000000
avance = -149.000000, avanceR = 2.000000, avanceI = 2.000000
inc_x_r = 0.000000, inc_y_r = 1.000000, inc_x_i = 1.000000, inc_y_i = 1.000000
En el else......

----------------------------------------
x = 45.000000, y = 126.000000
avance = -147.000000, avanceR = 2.000000, avanceI = 2.000000
inc_x_r = 0.000000, inc_y_r = 1.000000, inc_x_i = 1.000000, inc_y_i = 1.000000
En el else......

----------------------------------------
x = 45.000000, y = 127.000000
avance = -145.000000, avanceR = 2.000000, avanceI = 2.000000
inc_x_r = 0.000000, inc_y_r = 1.000000, inc_x_i = 1.000000, inc_y_i = 1.000000
En el else......

----------------------------------------
x = 45.000000, y = 128.000000
avance = -143.000000, avanceR = 2.000000, avanceI = 2.000000
inc_x_r = 0.000000, inc_y_r = 1.000000, inc_x_i = 1.000000, inc_y_i = 1.000000
En el else......

----------------------------------------
x = 45.000000, y = 129.000000
avance = -141.000000, avanceR = 2.000000, avanceI = 2.000000
inc_x_r = 0.000000, inc_y_r = 1.000000, inc_x_i = 1.000000, inc_y_i = 1.000000
En el else......

----------------------------------------
x = 45.000000, y = 130.000000
avance = -139.000000, avanceR = 2.000000, avanceI = 2.000000
inc_x_r = 0.000000, inc_y_r = 1.000000, inc_x_i = 1.000000, inc_y_i = 1.000000
En el else......

----------------------------------------
x = 45.000000, y = 131.000000
avance = -137.000000, avanceR = 2.000000, avanceI = 2.000000
inc_x_r = 0.000000, inc_y_r = 1.000000, inc_x_i = 1.000000, inc_y_i = 1.000000
En el else......

----------------------------------------
x = 45.000000, y = 132.000000
avance = -135.000000, avanceR = 2.000000, avanceI = 2.000000
inc_x_r = 0.000000, inc_y_r = 1.000000, inc_x_i = 1.000000, inc_y_i = 1.000000
En el else......

----------------------------------------
x = 45.000000, y = 133.000000
avance = -133.000000, avanceR = 2.000000, avanceI = 2.000000
inc_x_r = 0.000000, inc_y_r = 1.000000, inc_x_i = 1.000000, inc_y_i = 1.000000
En el else......

----------------------------------------
x = 45.000000, y = 134.000000
avance = -131.000000, avanceR = 2.000000, avanceI = 2.000000
inc_x_r = 0.000000, inc_y_r = 1.000000, inc_x_i = 1.000000, inc_y_i = 1.000000
En el else......

----------------------------------------
x = 45.000000, y = 135.000000
avance = -129.000000, avanceR = 2.000000, avanceI = 2.000000
inc_x_r = 0.000000, inc_y_r = 1.000000, inc_x_i = 1.000000, inc_y_i = 1.000000
En el else......

----------------------------------------
x = 45.000000, y = 136.000000
avance = -127.000000, avanceR = 2.000000, avanceI = 2.000000
inc_x_r = 0.000000, inc_y_r = 1.000000, inc_x_i = 1.000000, inc_y_i = 1.000000
En el else......

----------------------------------------
x = 45.000000, y = 137.000000
avance = -125.000000, avanceR = 2.000000, avanceI = 2.000000
inc_x_r = 0.000000, inc_y_r = 1.000000, inc_x_i = 1.000000, inc_y_i = 1.000000
En el else......

----------------------------------------
x = 45.000000, y = 138.000000
avance = -123.000000, avanceR = 2.000000, avanceI = 2.000000
inc_x_r = 0.000000, inc_y_r = 1.000000, inc_x_i = 1.000000, inc_y_i = 1.000000
En el else......

----------------------------------------
x = 45.000000, y = 139.000000
avance = -121.000000, avanceR = 2.000000, avanceI = 2.000000
inc_x_r = 0.000000, inc_y_r = 1.000000, inc_x_i = 1.000000, inc_y_i = 1.000000
En el else......

----------------------------------------
x = 45.000000, y = 140.000000
avance = -119.000000, avanceR = 2.000000, avanceI = 2.000000
inc_x_r = 0.000000, inc_y_r = 1.000000, inc_x_i = 1.000000, inc_y_i = 1.000000
En el else......

----------------------------------------
x = 45.000000, y = 141.000000
avance = -117.000000, avanceR = 2.000000, avanceI = 2.000000
inc_x_r = 0.000000, inc_y_r = 1.000000, inc_x_i = 1.000000, inc_y_i = 1.000000
En el else......

----------------------------------------
x = 45.000000, y = 142.000000
avance = -115.000000, avanceR = 2.000000, avanceI = 2.000000
inc_x_r = 0.000000, inc_y_r = 1.000000, inc_x_i = 1.000000, inc_y_i = 1.000000
En el else......

----------------------------------------
x = 45.000000, y = 143.000000
avance = -113.000000, avanceR = 2.000000, avanceI = 2.000000
inc_x_r = 0.000000, inc_y_r = 1.000000, inc_x_i = 1.000000, inc_y_i = 1.000000
En el else......

----------------------------------------
x = 45.000000, y = 144.000000
avance = -111.000000, avanceR = 2.000000, avanceI = 2.000000
inc_x_r = 0.000000, inc_y_r = 1.000000, inc_x_i = 1.000000, inc_y_i = 1.000000
En el else......

----------------------------------------
x = 45.000000, y = 145.000000
avance = -109.000000, avanceR = 2.000000, avanceI = 2.000000
inc_x_r = 0.000000, inc_y_r = 1.000000, inc_x_i = 1.000000, inc_y_i = 1.000000
En el else......

----------------------------------------
x = 45.000000, y = 146.000000
avance = -107.000000, avanceR = 2.000000, avanceI = 2.000000
inc_x_r = 0.000000, inc_y_r = 1.000000, inc_x_i = 1.000000, inc_y_i = 1.000000
En el else......

----------------------------------------
x = 45.000000, y = 147.000000
avance = -105.000000, avanceR = 2.000000, avanceI = 2.000000
inc_x_r = 0.000000, inc_y_r = 1.000000, inc_x_i = 1.000000, inc_y_i = 1.000000
En el else......

----------------------------------------
x = 45.000000, y = 148.000000
avance = -103.000000, avanceR = 2.000000, avanceI = 2.000000
inc_x_r = 0.000000, inc_y_r = 1.000000, inc_x_i = 1.000000, inc_y_i = 1.000000
En el else......

----------------------------------------
x = 45.000000, y = 149.000000
avance = -101.000000, avanceR = 2.000000, avanceI = 2.000000
inc_x_r = 0.000000, inc_y_r = 1.000000, inc_x_i = 1.000000, inc_y_i = 1.000000
En el else......

----------------------------------------
x = 45.000000, y = 150.000000
avance = -99.000000, avanceR = 2.000000, avanceI = 2.000000
inc_x_r = 0.000000, inc_y_r = 1.000000, inc_x_i = 1.000000, inc_y_i = 1.000000
En el else......

----------------------------------------
x = 45.000000, y = 151.000000
avance = -97.000000, avanceR = 2.000000, avanceI = 2.000000
inc_x_r = 0.000000, inc_y_r = 1.000000, inc_x_i = 1.000000, inc_y_i = 1.000000
En el else......

----------------------------------------
x = 45.000000, y = 152.000000
avance = -95.000000, avanceR = 2.000000, avanceI = 2.000000
inc_x_r = 0.000000, inc_y_r = 1.000000, inc_x_i = 1.000000, inc_y_i = 1.000000
En el else......

----------------------------------------
x = 45.000000, y = 153.000000
avance = -93.000000, avanceR = 2.000000, avanceI = 2.000000
inc_x_r = 0.000000, inc_y_r = 1.000000, inc_x_i = 1.000000, inc_y_i = 1.000000
En el else......

----------------------------------------
x = 45.000000, y = 154.000000
avance = -91.000000, avanceR = 2.000000, avanceI = 2.000000
inc_x_r = 0.000000, inc_y_r = 1.000000, inc_x_i = 1.000000, inc_y_i = 1.000000
En el else......

----------------------------------------
x = 45.000000, y = 155.000000
avance = -89.000000, avanceR = 2.000000, avanceI = 2.000000
inc_x_r = 0.000000, inc_y_r = 1.000000, inc_x_i = 1.000000, inc_y_i = 1.000000
En el else......

----------------------------------------
x = 45.000000, y = 156.000000
avance = -87.000000, avanceR = 2.000000, avanceI = 2.000000
inc_x_r = 0.000000, inc_y_r = 1.000000, inc_x_i = 1.000000, inc_y_i = 1.000000
En el else......

----------------------------------------
x = 45.000000, y = 157.000000
avance = -85.000000, avanceR = 2.000000, avanceI = 2.000000
inc_x_r = 0.000000, inc_y_r = 1.000000, inc_x_i = 1.000000, inc_y_i = 1.000000
En el else......

----------------------------------------
x = 45.000000, y = 158.000000
avance = -83.000000, avanceR = 2.000000, avanceI = 2.000000
inc_x_r = 0.000000, inc_y_r = 1.000000, inc_x_i = 1.000000, inc_y_i = 1.000000
En el else......

----------------------------------------
x = 45.000000, y = 159.000000
avance = -81.000000, avanceR = 2.000000, avanceI = 2.000000
inc_x_r = 0.000000, inc_y_r = 1.000000, inc_x_i = 1.000000, inc_y_i = 1.000000
En el else......

----------------------------------------
x = 45.000000, y = 160.000000
avance = -79.000000, avanceR = 2.000000, avanceI = 2.000000
inc_x_r = 0.000000, inc_y_r = 1.000000, inc_x_i = 1.000000, inc_y_i = 1.000000
En el else......

----------------------------------------
x = 45.000000, y = 161.000000
avance = -77.000000, avanceR = 2.000000, avanceI = 2.000000
inc_x_r = 0.000000, inc_y_r = 1.000000, inc_x_i = 1.000000, inc_y_i = 1.000000
En el else......

----------------------------------------
x = 45.000000, y = 162.000000
avance = -75.000000, avanceR = 2.000000, avanceI = 2.000000
inc_x_r = 0.000000, inc_y_r = 1.000000, inc_x_i = 1.000000, inc_y_i = 1.000000
En el else......

----------------------------------------
x = 45.000000, y = 163.000000
avance = -73.000000, avanceR = 2.000000, avanceI = 2.000000
inc_x_r = 0.000000, inc_y_r = 1.000000, inc_x_i = 1.000000, inc_y_i = 1.000000
En el else......

----------------------------------------
x = 45.000000, y = 164.000000
avance = -71.000000, avanceR = 2.000000, avanceI = 2.000000
inc_x_r = 0.000000, inc_y_r = 1.000000, inc_x_i = 1.000000, inc_y_i = 1.000000
En el else......

----------------------------------------
x = 45.000000, y = 165.000000
avance = -69.000000, avanceR = 2.000000, avanceI = 2.000000
inc_x_r = 0.000000, inc_y_r = 1.000000, inc_x_i = 1.000000, inc_y_i = 1.000000
En el else......

----------------------------------------
x = 45.000000, y = 166.000000
avance = -67.000000, avanceR = 2.000000, avanceI = 2.000000
inc_x_r = 0.000000, inc_y_r = 1.000000, inc_x_i = 1.000000, inc_y_i = 1.000000
En el else......

----------------------------------------
x = 45.000000, y = 167.000000
avance = -65.000000, avanceR = 2.000000, avanceI = 2.000000
inc_x_r = 0.000000, inc_y_r = 1.000000, inc_x_i = 1.000000, inc_y_i = 1.000000
En el else......

----------------------------------------
x = 45.000000, y = 168.000000
avance = -63.000000, avanceR = 2.000000, avanceI = 2.000000
inc_x_r = 0.000000, inc_y_r = 1.000000, inc_x_i = 1.000000, inc_y_i = 1.000000
En el else......

----------------------------------------
x = 45.000000, y = 169.000000
avance = -61.000000, avanceR = 2.000000, avanceI = 2.000000
inc_x_r = 0.000000, inc_y_r = 1.000000, inc_x_i = 1.000000, inc_y_i = 1.000000
En el else......

----------------------------------------
x = 45.000000, y = 170.000000
avance = -59.000000, avanceR = 2.000000, avanceI = 2.000000
inc_x_r = 0.000000, inc_y_r = 1.000000, inc_x_i = 1.000000, inc_y_i = 1.000000
En el else......

----------------------------------------
x = 45.000000, y = 171.000000
avance = -57.000000, avanceR = 2.000000, avanceI = 2.000000
inc_x_r = 0.000000, inc_y_r = 1.000000, inc_x_i = 1.000000, inc_y_i = 1.000000
En el else......

----------------------------------------
x = 45.000000, y = 172.000000
avance = -55.000000, avanceR = 2.000000, avanceI = 2.000000
inc_x_r = 0.000000, inc_y_r = 1.000000, inc_x_i = 1.000000, inc_y_i = 1.000000
En el else......

----------------------------------------
x = 45.000000, y = 173.000000
avance = -53.000000, avanceR = 2.000000, avanceI = 2.000000
inc_x_r = 0.000000, inc_y_r = 1.000000, inc_x_i = 1.000000, inc_y_i = 1.000000
En el else......

----------------------------------------
x = 45.000000, y = 174.000000
avance = -51.000000, avanceR = 2.000000, avanceI = 2.000000
inc_x_r = 0.000000, inc_y_r = 1.000000, inc_x_i = 1.000000, inc_y_i = 1.000000
En el else......

----------------------------------------
x = 45.000000, y = 175.000000
avance = -49.000000, avanceR = 2.000000, avanceI = 2.000000
inc_x_r = 0.000000, inc_y_r = 1.000000, inc_x_i = 1.000000, inc_y_i = 1.000000
En el else......

----------------------------------------
x = 45.000000, y = 176.000000
avance = -47.000000, avanceR = 2.000000, avanceI = 2.000000
inc_x_r = 0.000000, inc_y_r = 1.000000, inc_x_i = 1.000000, inc_y_i = 1.000000
En el else......

----------------------------------------
x = 45.000000, y = 177.000000
avance = -45.000000, avanceR = 2.000000, avanceI = 2.000000
inc_x_r = 0.000000, inc_y_r = 1.000000, inc_x_i = 1.000000, inc_y_i = 1.000000
En el else......

----------------------------------------
x = 45.000000, y = 178.000000
avance = -43.000000, avanceR = 2.000000, avanceI = 2.000000
inc_x_r = 0.000000, inc_y_r = 1.000000, inc_x_i = 1.000000, inc_y_i = 1.000000
En el else......

----------------------------------------
x = 45.000000, y = 179.000000
avance = -41.000000, avanceR = 2.000000, avanceI = 2.000000
inc_x_r = 0.000000, inc_y_r = 1.000000, inc_x_i = 1.000000, inc_y_i = 1.000000
En el else......

----------------------------------------
x = 45.000000, y = 180.000000
avance = -39.000000, avanceR = 2.000000, avanceI = 2.000000
inc_x_r = 0.000000, inc_y_r = 1.000000, inc_x_i = 1.000000, inc_y_i = 1.000000
En el else......

----------------------------------------
x = 45.000000, y = 181.000000
avance = -37.000000, avanceR = 2.000000, avanceI = 2.000000
inc_x_r = 0.000000, inc_y_r = 1.000000, inc_x_i = 1.000000, inc_y_i = 1.000000
En el else......

----------------------------------------
x = 45.000000, y = 182.000000
avance = -35.000000, avanceR = 2.000000, avanceI = 2.000000
inc_x_r = 0.000000, inc_y_r = 1.000000, inc_x_i = 1.000000, inc_y_i = 1.000000
En el else......

----------------------------------------
x = 45.000000, y = 183.000000
avance = -33.000000, avanceR = 2.000000, avanceI = 2.000000
inc_x_r = 0.000000, inc_y_r = 1.000000, inc_x_i = 1.000000, inc_y_i = 1.000000
En el else......

----------------------------------------
x = 45.000000, y = 184.000000
avance = -31.000000, avanceR = 2.000000, avanceI = 2.000000
inc_x_r = 0.000000, inc_y_r = 1.000000, inc_x_i = 1.000000, inc_y_i = 1.000000
En el else......

----------------------------------------
x = 45.000000, y = 185.000000
avance = -29.000000, avanceR = 2.000000, avanceI = 2.000000
inc_x_r = 0.000000, inc_y_r = 1.000000, inc_x_i = 1.000000, inc_y_i = 1.000000
En el else......

----------------------------------------
x = 45.000000, y = 186.000000
avance = -27.000000, avanceR = 2.000000, avanceI = 2.000000
inc_x_r = 0.000000, inc_y_r = 1.000000, inc_x_i = 1.000000, inc_y_i = 1.000000
En el else......

----------------------------------------
x = 45.000000, y = 187.000000
avance = -25.000000, avanceR = 2.000000, avanceI = 2.000000
inc_x_r = 0.000000, inc_y_r = 1.000000, inc_x_i = 1.000000, inc_y_i = 1.000000
En el else......

----------------------------------------
x = 45.000000, y = 188.000000
avance = -23.000000, avanceR = 2.000000, avanceI = 2.000000
inc_x_r = 0.000000, inc_y_r = 1.000000, inc_x_i = 1.000000, inc_y_i = 1.000000
En el else......

----------------------------------------
x = 45.000000, y = 189.000000
avance = -21.000000, avanceR = 2.000000, avanceI = 2.000000
inc_x_r = 0.000000, inc_y_r = 1.000000, inc_x_i = 1.000000, inc_y_i = 1.000000
En el else......

----------------------------------------
x = 45.000000, y = 190.000000
avance = -19.000000, avanceR = 2.000000, avanceI = 2.000000
inc_x_r = 0.000000, inc_y_r = 1.000000, inc_x_i = 1.000000, inc_y_i = 1.000000
En el else......

----------------------------------------
x = 45.000000, y = 191.000000
avance = -17.000000, avanceR = 2.000000, avanceI = 2.000000
inc_x_r = 0.000000, inc_y_r = 1.000000, inc_x_i = 1.000000, inc_y_i = 1.000000
En el else......

----------------------------------------
x = 45.000000, y = 192.000000
avance = -15.000000, avanceR = 2.000000, avanceI = 2.000000
inc_x_r = 0.000000, inc_y_r = 1.000000, inc_x_i = 1.000000, inc_y_i = 1.000000
En el else......

----------------------------------------
x = 45.000000, y = 193.000000
avance = -13.000000, avanceR = 2.000000, avanceI = 2.000000
inc_x_r = 0.000000, inc_y_r = 1.000000, inc_x_i = 1.000000, inc_y_i = 1.000000
En el else......

----------------------------------------
x = 45.000000, y = 194.000000
avance = -11.000000, avanceR = 2.000000, avanceI = 2.000000
inc_x_r = 0.000000, inc_y_r = 1.000000, inc_x_i = 1.000000, inc_y_i = 1.000000
En el else......

----------------------------------------
x = 45.000000, y = 195.000000
avance = -9.000000, avanceR = 2.000000, avanceI = 2.000000
inc_x_r = 0.000000, inc_y_r = 1.000000, inc_x_i = 1.000000, inc_y_i = 1.000000
En el else......

----------------------------------------
x = 45.000000, y = 196.000000
avance = -7.000000, avanceR = 2.000000, avanceI = 2.000000
inc_x_r = 0.000000, inc_y_r = 1.000000, inc_x_i = 1.000000, inc_y_i = 1.000000
En el else......

----------------------------------------
x = 45.000000, y = 197.000000
avance = -5.000000, avanceR = 2.000000, avanceI = 2.000000
inc_x_r = 0.000000, inc_y_r = 1.000000, inc_x_i = 1.000000, inc_y_i = 1.000000
En el else......

----------------------------------------
x = 45.000000, y = 198.000000
avance = -3.000000, avanceR = 2.000000, avanceI = 2.000000
inc_x_r = 0.000000, inc_y_r = 1.000000, inc_x_i = 1.000000, inc_y_i = 1.000000
En el else......

----------------------------------------
x = 45.000000, y = 199.000000
avance = -1.000000, avanceR = 2.000000, avanceI = 2.000000
inc_x_r = 0.000000, inc_y_r = 1.000000, inc_x_i = 1.000000, inc_y_i = 1.000000
En el else......

----------------------------------------
x = 45.000000, y = 200.000000
avance = 1.000000, avanceR = 2.000000, avanceI = 2.000000
inc_x_r = 0.000000, inc_y_r = 1.000000, inc_x_i = 1.000000, inc_y_i = 1.000000
avance >= 0

----------------------------------------
x = 46.000000, y = 201.000000
avance = -499.000000, avanceR = 2.000000, avanceI = 2.000000
inc_x_r = 0.000000, inc_y_r = 1.000000, inc_x_i = 1.000000, inc_y_i = 1.000000
En el else......

----------------------------------------
x = 46.000000, y = 202.000000
avance = -497.000000, avanceR = 2.000000, avanceI = 2.000000
inc_x_r = 0.000000, inc_y_r = 1.000000, inc_x_i = 1.000000, inc_y_i = 1.000000
En el else......

----------------------------------------
x = 46.000000, y = 203.000000
avance = -495.000000, avanceR = 2.000000, avanceI = 2.000000
inc_x_r = 0.000000, inc_y_r = 1.000000, inc_x_i = 1.000000, inc_y_i = 1.000000
En el else......

----------------------------------------
x = 46.000000, y = 204.000000
avance = -493.000000, avanceR = 2.000000, avanceI = 2.000000
inc_x_r = 0.000000, inc_y_r = 1.000000, inc_x_i = 1.000000, inc_y_i = 1.000000
En el else......

----------------------------------------
x = 46.000000, y = 205.000000
avance = -491.000000, avanceR = 2.000000, avanceI = 2.000000
inc_x_r = 0.000000, inc_y_r = 1.000000, inc_x_i = 1.000000, inc_y_i = 1.000000
En el else......

----------------------------------------
x = 46.000000, y = 206.000000
avance = -489.000000, avanceR = 2.000000, avanceI = 2.000000
inc_x_r = 0.000000, inc_y_r = 1.000000, inc_x_i = 1.000000, inc_y_i = 1.000000
En el else......

----------------------------------------
x = 46.000000, y = 207.000000
avance = -487.000000, avanceR = 2.000000, avanceI = 2.000000
inc_x_r = 0.000000, inc_y_r = 1.000000, inc_x_i = 1.000000, inc_y_i = 1.000000
En el else......

----------------------------------------
x = 46.000000, y = 208.000000
avance = -485.000000, avanceR = 2.000000, avanceI = 2.000000
inc_x_r = 0.000000, inc_y_r = 1.000000, inc_x_i = 1.000000, inc_y_i = 1.000000
En el else......

----------------------------------------
x = 46.000000, y = 209.000000
avance = -483.000000, avanceR = 2.000000, avanceI = 2.000000
inc_x_r = 0.000000, inc_y_r = 1.000000, inc_x_i = 1.000000, inc_y_i = 1.000000
En el else......

----------------------------------------
x = 46.000000, y = 210.000000
avance = -481.000000, avanceR = 2.000000, avanceI = 2.000000
inc_x_r = 0.000000, inc_y_r = 1.000000, inc_x_i = 1.000000, inc_y_i = 1.000000
En el else......

----------------------------------------
x = 46.000000, y = 211.000000
avance = -479.000000, avanceR = 2.000000, avanceI = 2.000000
inc_x_r = 0.000000, inc_y_r = 1.000000, inc_x_i = 1.000000, inc_y_i = 1.000000
En el else......

----------------------------------------
x = 46.000000, y = 212.000000
avance = -477.000000, avanceR = 2.000000, avanceI = 2.000000
inc_x_r = 0.000000, inc_y_r = 1.000000, inc_x_i = 1.000000, inc_y_i = 1.000000
En el else......

----------------------------------------
x = 46.000000, y = 213.000000
avance = -475.000000, avanceR = 2.000000, avanceI = 2.000000
inc_x_r = 0.000000, inc_y_r = 1.000000, inc_x_i = 1.000000, inc_y_i = 1.000000
En el else......

----------------------------------------
x = 46.000000, y = 214.000000
avance = -473.000000, avanceR = 2.000000, avanceI = 2.000000
inc_x_r = 0.000000, inc_y_r = 1.000000, inc_x_i = 1.000000, inc_y_i = 1.000000
En el else......

----------------------------------------
x = 46.000000, y = 215.000000
avance = -471.000000, avanceR = 2.000000, avanceI = 2.000000
inc_x_r = 0.000000, inc_y_r = 1.000000, inc_x_i = 1.000000, inc_y_i = 1.000000
En el else......

----------------------------------------
x = 46.000000, y = 216.000000
avance = -469.000000, avanceR = 2.000000, avanceI = 2.000000
inc_x_r = 0.000000, inc_y_r = 1.000000, inc_x_i = 1.000000, inc_y_i = 1.000000
En el else......

----------------------------------------
x = 46.000000, y = 217.000000
avance = -467.000000, avanceR = 2.000000, avanceI = 2.000000
inc_x_r = 0.000000, inc_y_r = 1.000000, inc_x_i = 1.000000, inc_y_i = 1.000000
En el else......

----------------------------------------
x = 46.000000, y = 218.000000
avance = -465.000000, avanceR = 2.000000, avanceI = 2.000000
inc_x_r = 0.000000, inc_y_r = 1.000000, inc_x_i = 1.000000, inc_y_i = 1.000000
En el else......

----------------------------------------
x = 46.000000, y = 219.000000
avance = -463.000000, avanceR = 2.000000, avanceI = 2.000000
inc_x_r = 0.000000, inc_y_r = 1.000000, inc_x_i = 1.000000, inc_y_i = 1.000000
En el else......

----------------------------------------
x = 46.000000, y = 220.000000
avance = -461.000000, avanceR = 2.000000, avanceI = 2.000000
inc_x_r = 0.000000, inc_y_r = 1.000000, inc_x_i = 1.000000, inc_y_i = 1.000000
En el else......

----------------------------------------
x = 46.000000, y = 221.000000
avance = -459.000000, avanceR = 2.000000, avanceI = 2.000000
inc_x_r = 0.000000, inc_y_r = 1.000000, inc_x_i = 1.000000, inc_y_i = 1.000000
En el else......

----------------------------------------
x = 46.000000, y = 222.000000
avance = -457.000000, avanceR = 2.000000, avanceI = 2.000000
inc_x_r = 0.000000, inc_y_r = 1.000000, inc_x_i = 1.000000, inc_y_i = 1.000000
En el else......

----------------------------------------
x = 46.000000, y = 223.000000
avance = -455.000000, avanceR = 2.000000, avanceI = 2.000000
inc_x_r = 0.000000, inc_y_r = 1.000000, inc_x_i = 1.000000, inc_y_i = 1.000000
En el else......

----------------------------------------
x = 46.000000, y = 224.000000
avance = -453.000000, avanceR = 2.000000, avanceI = 2.000000
inc_x_r = 0.000000, inc_y_r = 1.000000, inc_x_i = 1.000000, inc_y_i = 1.000000
En el else......

----------------------------------------
x = 46.000000, y = 225.000000
avance = -451.000000, avanceR = 2.000000, avanceI = 2.000000
inc_x_r = 0.000000, inc_y_r = 1.000000, inc_x_i = 1.000000, inc_y_i = 1.000000
En el else......

----------------------------------------
x = 46.000000, y = 226.000000
avance = -449.000000, avanceR = 2.000000, avanceI = 2.000000
inc_x_r = 0.000000, inc_y_r = 1.000000, inc_x_i = 1.000000, inc_y_i = 1.000000
En el else......

----------------------------------------
x = 46.000000, y = 227.000000
avance = -447.000000, avanceR = 2.000000, avanceI = 2.000000
inc_x_r = 0.000000, inc_y_r = 1.000000, inc_x_i = 1.000000, inc_y_i = 1.000000
En el else......

----------------------------------------
x = 46.000000, y = 228.000000
avance = -445.000000, avanceR = 2.000000, avanceI = 2.000000
inc_x_r = 0.000000, inc_y_r = 1.000000, inc_x_i = 1.000000, inc_y_i = 1.000000
En el else......

----------------------------------------
x = 46.000000, y = 229.000000
avance = -443.000000, avanceR = 2.000000, avanceI = 2.000000
inc_x_r = 0.000000, inc_y_r = 1.000000, inc_x_i = 1.000000, inc_y_i = 1.000000
En el else......

----------------------------------------
x = 46.000000, y = 230.000000
avance = -441.000000, avanceR = 2.000000, avanceI = 2.000000
inc_x_r = 0.000000, inc_y_r = 1.000000, inc_x_i = 1.000000, inc_y_i = 1.000000
En el else......

----------------------------------------
x = 46.000000, y = 231.000000
avance = -439.000000, avanceR = 2.000000, avanceI = 2.000000
inc_x_r = 0.000000, inc_y_r = 1.000000, inc_x_i = 1.000000, inc_y_i = 1.000000
En el else......

----------------------------------------
x = 46.000000, y = 232.000000
avance = -437.000000, avanceR = 2.000000, avanceI = 2.000000
inc_x_r = 0.000000, inc_y_r = 1.000000, inc_x_i = 1.000000, inc_y_i = 1.000000
En el else......

----------------------------------------
x = 46.000000, y = 233.000000
avance = -435.000000, avanceR = 2.000000, avanceI = 2.000000
inc_x_r = 0.000000, inc_y_r = 1.000000, inc_x_i = 1.000000, inc_y_i = 1.000000
En el else......

----------------------------------------
x = 46.000000, y = 234.000000
avance = -433.000000, avanceR = 2.000000, avanceI = 2.000000
inc_x_r = 0.000000, inc_y_r = 1.000000, inc_x_i = 1.000000, inc_y_i = 1.000000
En el else......

----------------------------------------
x = 46.000000, y = 235.000000
avance = -431.000000, avanceR = 2.000000, avanceI = 2.000000
inc_x_r = 0.000000, inc_y_r = 1.000000, inc_x_i = 1.000000, inc_y_i = 1.000000
En el else......

----------------------------------------
x = 46.000000, y = 236.000000
avance = -429.000000, avanceR = 2.000000, avanceI = 2.000000
inc_x_r = 0.000000, inc_y_r = 1.000000, inc_x_i = 1.000000, inc_y_i = 1.000000
En el else......

----------------------------------------
x = 46.000000, y = 237.000000
avance = -427.000000, avanceR = 2.000000, avanceI = 2.000000
inc_x_r = 0.000000, inc_y_r = 1.000000, inc_x_i = 1.000000, inc_y_i = 1.000000
En el else......

----------------------------------------
x = 46.000000, y = 238.000000
avance = -425.000000, avanceR = 2.000000, avanceI = 2.000000
inc_x_r = 0.000000, inc_y_r = 1.000000, inc_x_i = 1.000000, inc_y_i = 1.000000
En el else......

----------------------------------------
x = 46.000000, y = 239.000000
avance = -423.000000, avanceR = 2.000000, avanceI = 2.000000
inc_x_r = 0.000000, inc_y_r = 1.000000, inc_x_i = 1.000000, inc_y_i = 1.000000
En el else......

----------------------------------------
x = 46.000000, y = 240.000000
avance = -421.000000, avanceR = 2.000000, avanceI = 2.000000
inc_x_r = 0.000000, inc_y_r = 1.000000, inc_x_i = 1.000000, inc_y_i = 1.000000
En el else......

----------------------------------------
x = 46.000000, y = 241.000000
avance = -419.000000, avanceR = 2.000000, avanceI = 2.000000
inc_x_r = 0.000000, inc_y_r = 1.000000, inc_x_i = 1.000000, inc_y_i = 1.000000
En el else......

----------------------------------------
x = 46.000000, y = 242.000000
avance = -417.000000, avanceR = 2.000000, avanceI = 2.000000
inc_x_r = 0.000000, inc_y_r = 1.000000, inc_x_i = 1.000000, inc_y_i = 1.000000
En el else......

----------------------------------------
x = 46.000000, y = 243.000000
avance = -415.000000, avanceR = 2.000000, avanceI = 2.000000
inc_x_r = 0.000000, inc_y_r = 1.000000, inc_x_i = 1.000000, inc_y_i = 1.000000
En el else......

----------------------------------------
x = 46.000000, y = 244.000000
avance = -413.000000, avanceR = 2.000000, avanceI = 2.000000
inc_x_r = 0.000000, inc_y_r = 1.000000, inc_x_i = 1.000000, inc_y_i = 1.000000
En el else......

----------------------------------------
x = 46.000000, y = 245.000000
avance = -411.000000, avanceR = 2.000000, avanceI = 2.000000
inc_x_r = 0.000000, inc_y_r = 1.000000, inc_x_i = 1.000000, inc_y_i = 1.000000
En el else......

----------------------------------------
x = 46.000000, y = 246.000000
avance = -409.000000, avanceR = 2.000000, avanceI = 2.000000
inc_x_r = 0.000000, inc_y_r = 1.000000, inc_x_i = 1.000000, inc_y_i = 1.000000
En el else......

----------------------------------------
x = 46.000000, y = 247.000000
avance = -407.000000, avanceR = 2.000000, avanceI = 2.000000
inc_x_r = 0.000000, inc_y_r = 1.000000, inc_x_i = 1.000000, inc_y_i = 1.000000
En el else......

----------------------------------------
x = 46.000000, y = 248.000000
avance = -405.000000, avanceR = 2.000000, avanceI = 2.000000
inc_x_r = 0.000000, inc_y_r = 1.000000, inc_x_i = 1.000000, inc_y_i = 1.000000
En el else......

----------------------------------------
x = 46.000000, y = 249.000000
avance = -403.000000, avanceR = 2.000000, avanceI = 2.000000
inc_x_r = 0.000000, inc_y_r = 1.000000, inc_x_i = 1.000000, inc_y_i = 1.000000
En el else......

----------------------------------------
x = 46.000000, y = 250.000000
avance = -401.000000, avanceR = 2.000000, avanceI = 2.000000
inc_x_r = 0.000000, inc_y_r = 1.000000, inc_x_i = 1.000000, inc_y_i = 1.000000
En el else......

----------------------------------------
x = 46.000000, y = 251.000000
avance = -399.000000, avanceR = 2.000000, avanceI = 2.000000
inc_x_r = 0.000000, inc_y_r = 1.000000, inc_x_i = 1.000000, inc_y_i = 1.000000
En el else......

----------------------------------------
x = 46.000000, y = 252.000000
avance = -397.000000, avanceR = 2.000000, avanceI = 2.000000
inc_x_r = 0.000000, inc_y_r = 1.000000, inc_x_i = 1.000000, inc_y_i = 1.000000
En el else......

----------------------------------------
x = 46.000000, y = 253.000000
avance = -395.000000, avanceR = 2.000000, avanceI = 2.000000
inc_x_r = 0.000000, inc_y_r = 1.000000, inc_x_i = 1.000000, inc_y_i = 1.000000
En el else......

----------------------------------------
x = 46.000000, y = 254.000000
avance = -393.000000, avanceR = 2.000000, avanceI = 2.000000
inc_x_r = 0.000000, inc_y_r = 1.000000, inc_x_i = 1.000000, inc_y_i = 1.000000
En el else......

----------------------------------------
x = 46.000000, y = 255.000000
avance = -391.000000, avanceR = 2.000000, avanceI = 2.000000
inc_x_r = 0.000000, inc_y_r = 1.000000, inc_x_i = 1.000000, inc_y_i = 1.000000
En el else......

----------------------------------------
x = 46.000000, y = 256.000000
avance = -389.000000, avanceR = 2.000000, avanceI = 2.000000
inc_x_r = 0.000000, inc_y_r = 1.000000, inc_x_i = 1.000000, inc_y_i = 1.000000
En el else......

----------------------------------------
x = 46.000000, y = 257.000000
avance = -387.000000, avanceR = 2.000000, avanceI = 2.000000
inc_x_r = 0.000000, inc_y_r = 1.000000, inc_x_i = 1.000000, inc_y_i = 1.000000
En el else......

----------------------------------------
x = 46.000000, y = 258.000000
avance = -385.000000, avanceR = 2.000000, avanceI = 2.000000
inc_x_r = 0.000000, inc_y_r = 1.000000, inc_x_i = 1.000000, inc_y_i = 1.000000
En el else......

----------------------------------------
x = 46.000000, y = 259.000000
avance = -383.000000, avanceR = 2.000000, avanceI = 2.000000
inc_x_r = 0.000000, inc_y_r = 1.000000, inc_x_i = 1.000000, inc_y_i = 1.000000
En el else......

----------------------------------------
x = 46.000000, y = 260.000000
avance = -381.000000, avanceR = 2.000000, avanceI = 2.000000
inc_x_r = 0.000000, inc_y_r = 1.000000, inc_x_i = 1.000000, inc_y_i = 1.000000
En el else......

----------------------------------------
x = 46.000000, y = 261.000000
avance = -379.000000, avanceR = 2.000000, avanceI = 2.000000
inc_x_r = 0.000000, inc_y_r = 1.000000, inc_x_i = 1.000000, inc_y_i = 1.000000
En el else......

----------------------------------------
x = 46.000000, y = 262.000000
avance = -377.000000, avanceR = 2.000000, avanceI = 2.000000
inc_x_r = 0.000000, inc_y_r = 1.000000, inc_x_i = 1.000000, inc_y_i = 1.000000
En el else......

----------------------------------------
x = 46.000000, y = 263.000000
avance = -375.000000, avanceR = 2.000000, avanceI = 2.000000
inc_x_r = 0.000000, inc_y_r = 1.000000, inc_x_i = 1.000000, inc_y_i = 1.000000
En el else......

----------------------------------------
x = 46.000000, y = 264.000000
avance = -373.000000, avanceR = 2.000000, avanceI = 2.000000
inc_x_r = 0.000000, inc_y_r = 1.000000, inc_x_i = 1.000000, inc_y_i = 1.000000
En el else......

----------------------------------------
x = 46.000000, y = 265.000000
avance = -371.000000, avanceR = 2.000000, avanceI = 2.000000
inc_x_r = 0.000000, inc_y_r = 1.000000, inc_x_i = 1.000000, inc_y_i = 1.000000
En el else......

----------------------------------------
x = 46.000000, y = 266.000000
avance = -369.000000, avanceR = 2.000000, avanceI = 2.000000
inc_x_r = 0.000000, inc_y_r = 1.000000, inc_x_i = 1.000000, inc_y_i = 1.000000
En el else......

----------------------------------------
x = 46.000000, y = 267.000000
avance = -367.000000, avanceR = 2.000000, avanceI = 2.000000
inc_x_r = 0.000000, inc_y_r = 1.000000, inc_x_i = 1.000000, inc_y_i = 1.000000
En el else......

----------------------------------------
x = 46.000000, y = 268.000000
avance = -365.000000, avanceR = 2.000000, avanceI = 2.000000
inc_x_r = 0.000000, inc_y_r = 1.000000, inc_x_i = 1.000000, inc_y_i = 1.000000
En el else......

----------------------------------------
x = 46.000000, y = 269.000000
avance = -363.000000, avanceR = 2.000000, avanceI = 2.000000
inc_x_r = 0.000000, inc_y_r = 1.000000, inc_x_i = 1.000000, inc_y_i = 1.000000
En el else......

----------------------------------------
x = 46.000000, y = 270.000000
avance = -361.000000, avanceR = 2.000000, avanceI = 2.000000
inc_x_r = 0.000000, inc_y_r = 1.000000, inc_x_i = 1.000000, inc_y_i = 1.000000
En el else......

----------------------------------------
x = 46.000000, y = 271.000000
avance = -359.000000, avanceR = 2.000000, avanceI = 2.000000
inc_x_r = 0.000000, inc_y_r = 1.000000, inc_x_i = 1.000000, inc_y_i = 1.000000
En el else......

----------------------------------------
x = 46.000000, y = 272.000000
avance = -357.000000, avanceR = 2.000000, avanceI = 2.000000
inc_x_r = 0.000000, inc_y_r = 1.000000, inc_x_i = 1.000000, inc_y_i = 1.000000
En el else......

----------------------------------------
x = 46.000000, y = 273.000000
avance = -355.000000, avanceR = 2.000000, avanceI = 2.000000
inc_x_r = 0.000000, inc_y_r = 1.000000, inc_x_i = 1.000000, inc_y_i = 1.000000
En el else......

----------------------------------------
x = 46.000000, y = 274.000000
avance = -353.000000, avanceR = 2.000000, avanceI = 2.000000
inc_x_r = 0.000000, inc_y_r = 1.000000, inc_x_i = 1.000000, inc_y_i = 1.000000
En el else......

----------------------------------------
x = 46.000000, y = 275.000000
avance = -351.000000, avanceR = 2.000000, avanceI = 2.000000
inc_x_r = 0.000000, inc_y_r = 1.000000, inc_x_i = 1.000000, inc_y_i = 1.000000
En el else......

----------------------------------------
x = 46.000000, y = 276.000000
avance = -349.000000, avanceR = 2.000000, avanceI = 2.000000
inc_x_r = 0.000000, inc_y_r = 1.000000, inc_x_i = 1.000000, inc_y_i = 1.000000
En el else......

----------------------------------------
x = 46.000000, y = 277.000000
avance = -347.000000, avanceR = 2.000000, avanceI = 2.000000
inc_x_r = 0.000000, inc_y_r = 1.000000, inc_x_i = 1.000000, inc_y_i = 1.000000
En el else......

----------------------------------------
x = 46.000000, y = 278.000000
avance = -345.000000, avanceR = 2.000000, avanceI = 2.000000
inc_x_r = 0.000000, inc_y_r = 1.000000, inc_x_i = 1.000000, inc_y_i = 1.000000
En el else......

----------------------------------------
x = 46.000000, y = 279.000000
avance = -343.000000, avanceR = 2.000000, avanceI = 2.000000
inc_x_r = 0.000000, inc_y_r = 1.000000, inc_x_i = 1.000000, inc_y_i = 1.000000
En el else......

----------------------------------------
x = 46.000000, y = 280.000000
avance = -341.000000, avanceR = 2.000000, avanceI = 2.000000
inc_x_r = 0.000000, inc_y_r = 1.000000, inc_x_i = 1.000000, inc_y_i = 1.000000
En el else......

----------------------------------------
x = 46.000000, y = 281.000000
avance = -339.000000, avanceR = 2.000000, avanceI = 2.000000
inc_x_r = 0.000000, inc_y_r = 1.000000, inc_x_i = 1.000000, inc_y_i = 1.000000
En el else......

----------------------------------------
x = 46.000000, y = 282.000000
avance = -337.000000, avanceR = 2.000000, avanceI = 2.000000
inc_x_r = 0.000000, inc_y_r = 1.000000, inc_x_i = 1.000000, inc_y_i = 1.000000
En el else......

----------------------------------------
x = 46.000000, y = 283.000000
avance = -335.000000, avanceR = 2.000000, avanceI = 2.000000
inc_x_r = 0.000000, inc_y_r = 1.000000, inc_x_i = 1.000000, inc_y_i = 1.000000
En el else......

----------------------------------------
x = 46.000000, y = 284.000000
avance = -333.000000, avanceR = 2.000000, avanceI = 2.000000
inc_x_r = 0.000000, inc_y_r = 1.000000, inc_x_i = 1.000000, inc_y_i = 1.000000
En el else......

----------------------------------------
x = 46.000000, y = 285.000000
avance = -331.000000, avanceR = 2.000000, avanceI = 2.000000
inc_x_r = 0.000000, inc_y_r = 1.000000, inc_x_i = 1.000000, inc_y_i = 1.000000
En el else......

----------------------------------------
x = 46.000000, y = 286.000000
avance = -329.000000, avanceR = 2.000000, avanceI = 2.000000
inc_x_r = 0.000000, inc_y_r = 1.000000, inc_x_i = 1.000000, inc_y_i = 1.000000
En el else......

----------------------------------------
x = 46.000000, y = 287.000000
avance = -327.000000, avanceR = 2.000000, avanceI = 2.000000
inc_x_r = 0.000000, inc_y_r = 1.000000, inc_x_i = 1.000000, inc_y_i = 1.000000
En el else......

----------------------------------------
x = 46.000000, y = 288.000000
avance = -325.000000, avanceR = 2.000000, avanceI = 2.000000
inc_x_r = 0.000000, inc_y_r = 1.000000, inc_x_i = 1.000000, inc_y_i = 1.000000
En el else......

----------------------------------------
x = 46.000000, y = 289.000000
avance = -323.000000, avanceR = 2.000000, avanceI = 2.000000
inc_x_r = 0.000000, inc_y_r = 1.000000, inc_x_i = 1.000000, inc_y_i = 1.000000
En el else......

----------------------------------------
x = 46.000000, y = 290.000000
avance = -321.000000, avanceR = 2.000000, avanceI = 2.000000
inc_x_r = 0.000000, inc_y_r = 1.000000, inc_x_i = 1.000000, inc_y_i = 1.000000
En el else......

----------------------------------------
x = 46.000000, y = 291.000000
avance = -319.000000, avanceR = 2.000000, avanceI = 2.000000
inc_x_r = 0.000000, inc_y_r = 1.000000, inc_x_i = 1.000000, inc_y_i = 1.000000
En el else......

----------------------------------------
x = 46.000000, y = 292.000000
avance = -317.000000, avanceR = 2.000000, avanceI = 2.000000
inc_x_r = 0.000000, inc_y_r = 1.000000, inc_x_i = 1.000000, inc_y_i = 1.000000
En el else......

----------------------------------------
x = 46.000000, y = 293.000000
avance = -315.000000, avanceR = 2.000000, avanceI = 2.000000
inc_x_r = 0.000000, inc_y_r = 1.000000, inc_x_i = 1.000000, inc_y_i = 1.000000
En el else......

----------------------------------------
x = 46.000000, y = 294.000000
avance = -313.000000, avanceR = 2.000000, avanceI = 2.000000
inc_x_r = 0.000000, inc_y_r = 1.000000, inc_x_i = 1.000000, inc_y_i = 1.000000
En el else......

----------------------------------------
x = 46.000000, y = 295.000000
avance = -311.000000, avanceR = 2.000000, avanceI = 2.000000
inc_x_r = 0.000000, inc_y_r = 1.000000, inc_x_i = 1.000000, inc_y_i = 1.000000
En el else......

----------------------------------------
x = 46.000000, y = 296.000000
avance = -309.000000, avanceR = 2.000000, avanceI = 2.000000
inc_x_r = 0.000000, inc_y_r = 1.000000, inc_x_i = 1.000000, inc_y_i = 1.000000
En el else......

----------------------------------------
x = 46.000000, y = 297.000000
avance = -307.000000, avanceR = 2.000000, avanceI = 2.000000
inc_x_r = 0.000000, inc_y_r = 1.000000, inc_x_i = 1.000000, inc_y_i = 1.000000
En el else......

----------------------------------------
x = 46.000000, y = 298.000000
avance = -305.000000, avanceR = 2.000000, avanceI = 2.000000
inc_x_r = 0.000000, inc_y_r = 1.000000, inc_x_i = 1.000000, inc_y_i = 1.000000
En el else......

----------------------------------------
x = 46.000000, y = 299.000000
avance = -303.000000, avanceR = 2.000000, avanceI = 2.000000
inc_x_r = 0.000000, inc_y_r = 1.000000, inc_x_i = 1.000000, inc_y_i = 1.000000
En el else......

----------------------------------------
x = 46.000000, y = 300.000000
avance = -301.000000, avanceR = 2.000000, avanceI = 2.000000
inc_x_r = 0.000000, inc_y_r = 1.000000, inc_x_i = 1.000000, inc_y_i = 1.000000
En el else......

----------------------------------------
x = 46.000000, y = 301.000000
avance = -299.000000, avanceR = 2.000000, avanceI = 2.000000
inc_x_r = 0.000000, inc_y_r = 1.000000, inc_x_i = 1.000000, inc_y_i = 1.000000
En el else......

----------------------------------------
x = 46.000000, y = 302.000000
avance = -297.000000, avanceR = 2.000000, avanceI = 2.000000
inc_x_r = 0.000000, inc_y_r = 1.000000, inc_x_i = 1.000000, inc_y_i = 1.000000
En el else......

----------------------------------------
x = 46.000000, y = 303.000000
avance = -295.000000, avanceR = 2.000000, avanceI = 2.000000
inc_x_r = 0.000000, inc_y_r = 1.000000, inc_x_i = 1.000000, inc_y_i = 1.000000
En el else......

----------------------------------------
x = 46.000000, y = 304.000000
avance = -293.000000, avanceR = 2.000000, avanceI = 2.000000
inc_x_r = 0.000000, inc_y_r = 1.000000, inc_x_i = 1.000000, inc_y_i = 1.000000
En el else......

----------------------------------------
x = 46.000000, y = 305.000000
avance = -291.000000, avanceR = 2.000000, avanceI = 2.000000
inc_x_r = 0.000000, inc_y_r = 1.000000, inc_x_i = 1.000000, inc_y_i = 1.000000
En el else......

----------------------------------------
x = 46.000000, y = 306.000000
avance = -289.000000, avanceR = 2.000000, avanceI = 2.000000
inc_x_r = 0.000000, inc_y_r = 1.000000, inc_x_i = 1.000000, inc_y_i = 1.000000
En el else......

----------------------------------------
x = 46.000000, y = 307.000000
avance = -287.000000, avanceR = 2.000000, avanceI = 2.000000
inc_x_r = 0.000000, inc_y_r = 1.000000, inc_x_i = 1.000000, inc_y_i = 1.000000
En el else......

----------------------------------------
x = 46.000000, y = 308.000000
avance = -285.000000, avanceR = 2.000000, avanceI = 2.000000
inc_x_r = 0.000000, inc_y_r = 1.000000, inc_x_i = 1.000000, inc_y_i = 1.000000
En el else......

----------------------------------------
x = 46.000000, y = 309.000000
avance = -283.000000, avanceR = 2.000000, avanceI = 2.000000
inc_x_r = 0.000000, inc_y_r = 1.000000, inc_x_i = 1.000000, inc_y_i = 1.000000
En el else......

----------------------------------------
x = 46.000000, y = 310.000000
avance = -281.000000, avanceR = 2.000000, avanceI = 2.000000
inc_x_r = 0.000000, inc_y_r = 1.000000, inc_x_i = 1.000000, inc_y_i = 1.000000
En el else......

----------------------------------------
x = 46.000000, y = 311.000000
avance = -279.000000, avanceR = 2.000000, avanceI = 2.000000
inc_x_r = 0.000000, inc_y_r = 1.000000, inc_x_i = 1.000000, inc_y_i = 1.000000
En el else......

----------------------------------------
x = 46.000000, y = 312.000000
avance = -277.000000, avanceR = 2.000000, avanceI = 2.000000
inc_x_r = 0.000000, inc_y_r = 1.000000, inc_x_i = 1.000000, inc_y_i = 1.000000
En el else......

----------------------------------------
x = 46.000000, y = 313.000000
avance = -275.000000, avanceR = 2.000000, avanceI = 2.000000
inc_x_r = 0.000000, inc_y_r = 1.000000, inc_x_i = 1.000000, inc_y_i = 1.000000
En el else......

----------------------------------------
x = 46.000000, y = 314.000000
avance = -273.000000, avanceR = 2.000000, avanceI = 2.000000
inc_x_r = 0.000000, inc_y_r = 1.000000, inc_x_i = 1.000000, inc_y_i = 1.000000
En el else......

----------------------------------------
x = 46.000000, y = 315.000000
avance = -271.000000, avanceR = 2.000000, avanceI = 2.000000
inc_x_r = 0.000000, inc_y_r = 1.000000, inc_x_i = 1.000000, inc_y_i = 1.000000
En el else......

----------------------------------------
x = 46.000000, y = 316.000000
avance = -269.000000, avanceR = 2.000000, avanceI = 2.000000
inc_x_r = 0.000000, inc_y_r = 1.000000, inc_x_i = 1.000000, inc_y_i = 1.000000
En el else......

----------------------------------------
x = 46.000000, y = 317.000000
avance = -267.000000, avanceR = 2.000000, avanceI = 2.000000
inc_x_r = 0.000000, inc_y_r = 1.000000, inc_x_i = 1.000000, inc_y_i = 1.000000
En el else......

----------------------------------------
x = 46.000000, y = 318.000000
avance = -265.000000, avanceR = 2.000000, avanceI = 2.000000
inc_x_r = 0.000000, inc_y_r = 1.000000, inc_x_i = 1.000000, inc_y_i = 1.000000
En el else......

----------------------------------------
x = 46.000000, y = 319.000000
avance = -263.000000, avanceR = 2.000000, avanceI = 2.000000
inc_x_r = 0.000000, inc_y_r = 1.000000, inc_x_i = 1.000000, inc_y_i = 1.000000
En el else......

----------------------------------------
x = 46.000000, y = 320.000000
avance = -261.000000, avanceR = 2.000000, avanceI = 2.000000
inc_x_r = 0.000000, inc_y_r = 1.000000, inc_x_i = 1.000000, inc_y_i = 1.000000
En el else......

----------------------------------------
x = 46.000000, y = 321.000000
avance = -259.000000, avanceR = 2.000000, avanceI = 2.000000
inc_x_r = 0.000000, inc_y_r = 1.000000, inc_x_i = 1.000000, inc_y_i = 1.000000
En el else......

----------------------------------------
x = 46.000000, y = 322.000000
avance = -257.000000, avanceR = 2.000000, avanceI = 2.000000
inc_x_r = 0.000000, inc_y_r = 1.000000, inc_x_i = 1.000000, inc_y_i = 1.000000
En el else......

----------------------------------------
x = 46.000000, y = 323.000000
avance = -255.000000, avanceR = 2.000000, avanceI = 2.000000
inc_x_r = 0.000000, inc_y_r = 1.000000, inc_x_i = 1.000000, inc_y_i = 1.000000
En el else......

----------------------------------------
x = 46.000000, y = 324.000000
avance = -253.000000, avanceR = 2.000000, avanceI = 2.000000
inc_x_r = 0.000000, inc_y_r = 1.000000, inc_x_i = 1.000000, inc_y_i = 1.000000
En el else......

----------------------------------------
x = 46.000000, y = 325.000000
avance = -251.000000, avanceR = 2.000000, avanceI = 2.000000
inc_x_r = 0.000000, inc_y_r = 1.000000, inc_x_i = 1.000000, inc_y_i = 1.000000
En el else......

----------------------------------------


ENTRAMOS A BRESENHAMªªªª
x1 = 55.000000 - y1 = 75.000000 || x2 = 56.000000 - y2 = 326.000000
dy = 251.000000, dx = 1.000000
avances inclinados: inc_x_i = 1.000000, inc_y_i = 1.000000
updated: dy = 251.000000, dx = 1.000000
avances rectos: inc_x_r = 0.000000, inc_y_r 1.000000
reupdated: dy = 1.000000, dx = 251.000000
avanceR = 2.000000, avance -249.000000, avanceI 2.000000
----------------------------------------
x = 55.000000, y = 75.000000
avance = -249.000000, avanceR = 2.000000, avanceI = 2.000000
inc_x_r = 0.000000, inc_y_r = 1.000000, inc_x_i = 1.000000, inc_y_i = 1.000000
En el else......

----------------------------------------
x = 55.000000, y = 76.000000
avance = -247.000000, avanceR = 2.000000, avanceI = 2.000000
inc_x_r = 0.000000, inc_y_r = 1.000000, inc_x_i = 1.000000, inc_y_i = 1.000000
En el else......

----------------------------------------
x = 55.000000, y = 77.000000
avance = -245.000000, avanceR = 2.000000, avanceI = 2.000000
inc_x_r = 0.000000, inc_y_r = 1.000000, inc_x_i = 1.000000, inc_y_i = 1.000000
En el else......

----------------------------------------
x = 55.000000, y = 78.000000
avance = -243.000000, avanceR = 2.000000, avanceI = 2.000000
inc_x_r = 0.000000, inc_y_r = 1.000000, inc_x_i = 1.000000, inc_y_i = 1.000000
En el else......

----------------------------------------
x = 55.000000, y = 79.000000
avance = -241.000000, avanceR = 2.000000, avanceI = 2.000000
inc_x_r = 0.000000, inc_y_r = 1.000000, inc_x_i = 1.000000, inc_y_i = 1.000000
En el else......

----------------------------------------
x = 55.000000, y = 80.000000
avance = -239.000000, avanceR = 2.000000, avanceI = 2.000000
inc_x_r = 0.000000, inc_y_r = 1.000000, inc_x_i = 1.000000, inc_y_i = 1.000000
En el else......

----------------------------------------
x = 55.000000, y = 81.000000
avance = -237.000000, avanceR = 2.000000, avanceI = 2.000000
inc_x_r = 0.000000, inc_y_r = 1.000000, inc_x_i = 1.000000, inc_y_i = 1.000000
En el else......

----------------------------------------
x = 55.000000, y = 82.000000
avance = -235.000000, avanceR = 2.000000, avanceI = 2.000000
inc_x_r = 0.000000, inc_y_r = 1.000000, inc_x_i = 1.000000, inc_y_i = 1.000000
En el else......

----------------------------------------
x = 55.000000, y = 83.000000
avance = -233.000000, avanceR = 2.000000, avanceI = 2.000000
inc_x_r = 0.000000, inc_y_r = 1.000000, inc_x_i = 1.000000, inc_y_i = 1.000000
En el else......

----------------------------------------
x = 55.000000, y = 84.000000
avance = -231.000000, avanceR = 2.000000, avanceI = 2.000000
inc_x_r = 0.000000, inc_y_r = 1.000000, inc_x_i = 1.000000, inc_y_i = 1.000000
En el else......

----------------------------------------
x = 55.000000, y = 85.000000
avance = -229.000000, avanceR = 2.000000, avanceI = 2.000000
inc_x_r = 0.000000, inc_y_r = 1.000000, inc_x_i = 1.000000, inc_y_i = 1.000000
En el else......

----------------------------------------
x = 55.000000, y = 86.000000
avance = -227.000000, avanceR = 2.000000, avanceI = 2.000000
inc_x_r = 0.000000, inc_y_r = 1.000000, inc_x_i = 1.000000, inc_y_i = 1.000000
En el else......

----------------------------------------
x = 55.000000, y = 87.000000
avance = -225.000000, avanceR = 2.000000, avanceI = 2.000000
inc_x_r = 0.000000, inc_y_r = 1.000000, inc_x_i = 1.000000, inc_y_i = 1.000000
En el else......

----------------------------------------
x = 55.000000, y = 88.000000
avance = -223.000000, avanceR = 2.000000, avanceI = 2.000000
inc_x_r = 0.000000, inc_y_r = 1.000000, inc_x_i = 1.000000, inc_y_i = 1.000000
En el else......

----------------------------------------
x = 55.000000, y = 89.000000
avance = -221.000000, avanceR = 2.000000, avanceI = 2.000000
inc_x_r = 0.000000, inc_y_r = 1.000000, inc_x_i = 1.000000, inc_y_i = 1.000000
En el else......

----------------------------------------
x = 55.000000, y = 90.000000
avance = -219.000000, avanceR = 2.000000, avanceI = 2.000000
inc_x_r = 0.000000, inc_y_r = 1.000000, inc_x_i = 1.000000, inc_y_i = 1.000000
En el else......

----------------------------------------
x = 55.000000, y = 91.000000
avance = -217.000000, avanceR = 2.000000, avanceI = 2.000000
inc_x_r = 0.000000, inc_y_r = 1.000000, inc_x_i = 1.000000, inc_y_i = 1.000000
En el else......

----------------------------------------
x = 55.000000, y = 92.000000
avance = -215.000000, avanceR = 2.000000, avanceI = 2.000000
inc_x_r = 0.000000, inc_y_r = 1.000000, inc_x_i = 1.000000, inc_y_i = 1.000000
En el else......

----------------------------------------
x = 55.000000, y = 93.000000
avance = -213.000000, avanceR = 2.000000, avanceI = 2.000000
inc_x_r = 0.000000, inc_y_r = 1.000000, inc_x_i = 1.000000, inc_y_i = 1.000000
En el else......

----------------------------------------
x = 55.000000, y = 94.000000
avance = -211.000000, avanceR = 2.000000, avanceI = 2.000000
inc_x_r = 0.000000, inc_y_r = 1.000000, inc_x_i = 1.000000, inc_y_i = 1.000000
En el else......

----------------------------------------
x = 55.000000, y = 95.000000
avance = -209.000000, avanceR = 2.000000, avanceI = 2.000000
inc_x_r = 0.000000, inc_y_r = 1.000000, inc_x_i = 1.000000, inc_y_i = 1.000000
En el else......

----------------------------------------
x = 55.000000, y = 96.000000
avance = -207.000000, avanceR = 2.000000, avanceI = 2.000000
inc_x_r = 0.000000, inc_y_r = 1.000000, inc_x_i = 1.000000, inc_y_i = 1.000000
En el else......

----------------------------------------
x = 55.000000, y = 97.000000
avance = -205.000000, avanceR = 2.000000, avanceI = 2.000000
inc_x_r = 0.000000, inc_y_r = 1.000000, inc_x_i = 1.000000, inc_y_i = 1.000000
En el else......

----------------------------------------
x = 55.000000, y = 98.000000
avance = -203.000000, avanceR = 2.000000, avanceI = 2.000000
inc_x_r = 0.000000, inc_y_r = 1.000000, inc_x_i = 1.000000, inc_y_i = 1.000000
En el else......

----------------------------------------
x = 55.000000, y = 99.000000
avance = -201.000000, avanceR = 2.000000, avanceI = 2.000000
inc_x_r = 0.000000, inc_y_r = 1.000000, inc_x_i = 1.000000, inc_y_i = 1.000000
En el else......

----------------------------------------
x = 55.000000, y = 100.000000
avance = -199.000000, avanceR = 2.000000, avanceI = 2.000000
inc_x_r = 0.000000, inc_y_r = 1.000000, inc_x_i = 1.000000, inc_y_i = 1.000000
En el else......

----------------------------------------
x = 55.000000, y = 101.000000
avance = -197.000000, avanceR = 2.000000, avanceI = 2.000000
inc_x_r = 0.000000, inc_y_r = 1.000000, inc_x_i = 1.000000, inc_y_i = 1.000000
En el else......

----------------------------------------
x = 55.000000, y = 102.000000
avance = -195.000000, avanceR = 2.000000, avanceI = 2.000000
inc_x_r = 0.000000, inc_y_r = 1.000000, inc_x_i = 1.000000, inc_y_i = 1.000000
En el else......

----------------------------------------
x = 55.000000, y = 103.000000
avance = -193.000000, avanceR = 2.000000, avanceI = 2.000000
inc_x_r = 0.000000, inc_y_r = 1.000000, inc_x_i = 1.000000, inc_y_i = 1.000000
En el else......

----------------------------------------
x = 55.000000, y = 104.000000
avance = -191.000000, avanceR = 2.000000, avanceI = 2.000000
inc_x_r = 0.000000, inc_y_r = 1.000000, inc_x_i = 1.000000, inc_y_i = 1.000000
En el else......

----------------------------------------
x = 55.000000, y = 105.000000
avance = -189.000000, avanceR = 2.000000, avanceI = 2.000000
inc_x_r = 0.000000, inc_y_r = 1.000000, inc_x_i = 1.000000, inc_y_i = 1.000000
En el else......

----------------------------------------
x = 55.000000, y = 106.000000
avance = -187.000000, avanceR = 2.000000, avanceI = 2.000000
inc_x_r = 0.000000, inc_y_r = 1.000000, inc_x_i = 1.000000, inc_y_i = 1.000000
En el else......

----------------------------------------
x = 55.000000, y = 107.000000
avance = -185.000000, avanceR = 2.000000, avanceI = 2.000000
inc_x_r = 0.000000, inc_y_r = 1.000000, inc_x_i = 1.000000, inc_y_i = 1.000000
En el else......

----------------------------------------
x = 55.000000, y = 108.000000
avance = -183.000000, avanceR = 2.000000, avanceI = 2.000000
inc_x_r = 0.000000, inc_y_r = 1.000000, inc_x_i = 1.000000, inc_y_i = 1.000000
En el else......

----------------------------------------
x = 55.000000, y = 109.000000
avance = -181.000000, avanceR = 2.000000, avanceI = 2.000000
inc_x_r = 0.000000, inc_y_r = 1.000000, inc_x_i = 1.000000, inc_y_i = 1.000000
En el else......

----------------------------------------
x = 55.000000, y = 110.000000
avance = -179.000000, avanceR = 2.000000, avanceI = 2.000000
inc_x_r = 0.000000, inc_y_r = 1.000000, inc_x_i = 1.000000, inc_y_i = 1.000000
En el else......

----------------------------------------
x = 55.000000, y = 111.000000
avance = -177.000000, avanceR = 2.000000, avanceI = 2.000000
inc_x_r = 0.000000, inc_y_r = 1.000000, inc_x_i = 1.000000, inc_y_i = 1.000000
En el else......

----------------------------------------
x = 55.000000, y = 112.000000
avance = -175.000000, avanceR = 2.000000, avanceI = 2.000000
inc_x_r = 0.000000, inc_y_r = 1.000000, inc_x_i = 1.000000, inc_y_i = 1.000000
En el else......

----------------------------------------
x = 55.000000, y = 113.000000
avance = -173.000000, avanceR = 2.000000, avanceI = 2.000000
inc_x_r = 0.000000, inc_y_r = 1.000000, inc_x_i = 1.000000, inc_y_i = 1.000000
En el else......

----------------------------------------
x = 55.000000, y = 114.000000
avance = -171.000000, avanceR = 2.000000, avanceI = 2.000000
inc_x_r = 0.000000, inc_y_r = 1.000000, inc_x_i = 1.000000, inc_y_i = 1.000000
En el else......

----------------------------------------
x = 55.000000, y = 115.000000
avance = -169.000000, avanceR = 2.000000, avanceI = 2.000000
inc_x_r = 0.000000, inc_y_r = 1.000000, inc_x_i = 1.000000, inc_y_i = 1.000000
En el else......

----------------------------------------
x = 55.000000, y = 116.000000
avance = -167.000000, avanceR = 2.000000, avanceI = 2.000000
inc_x_r = 0.000000, inc_y_r = 1.000000, inc_x_i = 1.000000, inc_y_i = 1.000000
En el else......

----------------------------------------
x = 55.000000, y = 117.000000
avance = -165.000000, avanceR = 2.000000, avanceI = 2.000000
inc_x_r = 0.000000, inc_y_r = 1.000000, inc_x_i = 1.000000, inc_y_i = 1.000000
En el else......

----------------------------------------
x = 55.000000, y = 118.000000
avance = -163.000000, avanceR = 2.000000, avanceI = 2.000000
inc_x_r = 0.000000, inc_y_r = 1.000000, inc_x_i = 1.000000, inc_y_i = 1.000000
En el else......

----------------------------------------
x = 55.000000, y = 119.000000
avance = -161.000000, avanceR = 2.000000, avanceI = 2.000000
inc_x_r = 0.000000, inc_y_r = 1.000000, inc_x_i = 1.000000, inc_y_i = 1.000000
En el else......

----------------------------------------
x = 55.000000, y = 120.000000
avance = -159.000000, avanceR = 2.000000, avanceI = 2.000000
inc_x_r = 0.000000, inc_y_r = 1.000000, inc_x_i = 1.000000, inc_y_i = 1.000000
En el else......

----------------------------------------
x = 55.000000, y = 121.000000
avance = -157.000000, avanceR = 2.000000, avanceI = 2.000000
inc_x_r = 0.000000, inc_y_r = 1.000000, inc_x_i = 1.000000, inc_y_i = 1.000000
En el else......

----------------------------------------
x = 55.000000, y = 122.000000
avance = -155.000000, avanceR = 2.000000, avanceI = 2.000000
inc_x_r = 0.000000, inc_y_r = 1.000000, inc_x_i = 1.000000, inc_y_i = 1.000000
En el else......

----------------------------------------
x = 55.000000, y = 123.000000
avance = -153.000000, avanceR = 2.000000, avanceI = 2.000000
inc_x_r = 0.000000, inc_y_r = 1.000000, inc_x_i = 1.000000, inc_y_i = 1.000000
En el else......

----------------------------------------
x = 55.000000, y = 124.000000
avance = -151.000000, avanceR = 2.000000, avanceI = 2.000000
inc_x_r = 0.000000, inc_y_r = 1.000000, inc_x_i = 1.000000, inc_y_i = 1.000000
En el else......

----------------------------------------
x = 55.000000, y = 125.000000
avance = -149.000000, avanceR = 2.000000, avanceI = 2.000000
inc_x_r = 0.000000, inc_y_r = 1.000000, inc_x_i = 1.000000, inc_y_i = 1.000000
En el else......

----------------------------------------
x = 55.000000, y = 126.000000
avance = -147.000000, avanceR = 2.000000, avanceI = 2.000000
inc_x_r = 0.000000, inc_y_r = 1.000000, inc_x_i = 1.000000, inc_y_i = 1.000000
En el else......

----------------------------------------
x = 55.000000, y = 127.000000
avance = -145.000000, avanceR = 2.000000, avanceI = 2.000000
inc_x_r = 0.000000, inc_y_r = 1.000000, inc_x_i = 1.000000, inc_y_i = 1.000000
En el else......

----------------------------------------
x = 55.000000, y = 128.000000
avance = -143.000000, avanceR = 2.000000, avanceI = 2.000000
inc_x_r = 0.000000, inc_y_r = 1.000000, inc_x_i = 1.000000, inc_y_i = 1.000000
En el else......

----------------------------------------
x = 55.000000, y = 129.000000
avance = -141.000000, avanceR = 2.000000, avanceI = 2.000000
inc_x_r = 0.000000, inc_y_r = 1.000000, inc_x_i = 1.000000, inc_y_i = 1.000000
En el else......

----------------------------------------
x = 55.000000, y = 130.000000
avance = -139.000000, avanceR = 2.000000, avanceI = 2.000000
inc_x_r = 0.000000, inc_y_r = 1.000000, inc_x_i = 1.000000, inc_y_i = 1.000000
En el else......

----------------------------------------
x = 55.000000, y = 131.000000
avance = -137.000000, avanceR = 2.000000, avanceI = 2.000000
inc_x_r = 0.000000, inc_y_r = 1.000000, inc_x_i = 1.000000, inc_y_i = 1.000000
En el else......

----------------------------------------
x = 55.000000, y = 132.000000
avance = -135.000000, avanceR = 2.000000, avanceI = 2.000000
inc_x_r = 0.000000, inc_y_r = 1.000000, inc_x_i = 1.000000, inc_y_i = 1.000000
En el else......

----------------------------------------
x = 55.000000, y = 133.000000
avance = -133.000000, avanceR = 2.000000, avanceI = 2.000000
inc_x_r = 0.000000, inc_y_r = 1.000000, inc_x_i = 1.000000, inc_y_i = 1.000000
En el else......

----------------------------------------
x = 55.000000, y = 134.000000
avance = -131.000000, avanceR = 2.000000, avanceI = 2.000000
inc_x_r = 0.000000, inc_y_r = 1.000000, inc_x_i = 1.000000, inc_y_i = 1.000000
En el else......

----------------------------------------
x = 55.000000, y = 135.000000
avance = -129.000000, avanceR = 2.000000, avanceI = 2.000000
inc_x_r = 0.000000, inc_y_r = 1.000000, inc_x_i = 1.000000, inc_y_i = 1.000000
En el else......

----------------------------------------
x = 55.000000, y = 136.000000
avance = -127.000000, avanceR = 2.000000, avanceI = 2.000000
inc_x_r = 0.000000, inc_y_r = 1.000000, inc_x_i = 1.000000, inc_y_i = 1.000000
En el else......

----------------------------------------
x = 55.000000, y = 137.000000
avance = -125.000000, avanceR = 2.000000, avanceI = 2.000000
inc_x_r = 0.000000, inc_y_r = 1.000000, inc_x_i = 1.000000, inc_y_i = 1.000000
En el else......

----------------------------------------
x = 55.000000, y = 138.000000
avance = -123.000000, avanceR = 2.000000, avanceI = 2.000000
inc_x_r = 0.000000, inc_y_r = 1.000000, inc_x_i = 1.000000, inc_y_i = 1.000000
En el else......

----------------------------------------
x = 55.000000, y = 139.000000
avance = -121.000000, avanceR = 2.000000, avanceI = 2.000000
inc_x_r = 0.000000, inc_y_r = 1.000000, inc_x_i = 1.000000, inc_y_i = 1.000000
En el else......

----------------------------------------
x = 55.000000, y = 140.000000
avance = -119.000000, avanceR = 2.000000, avanceI = 2.000000
inc_x_r = 0.000000, inc_y_r = 1.000000, inc_x_i = 1.000000, inc_y_i = 1.000000
En el else......

----------------------------------------
x = 55.000000, y = 141.000000
avance = -117.000000, avanceR = 2.000000, avanceI = 2.000000
inc_x_r = 0.000000, inc_y_r = 1.000000, inc_x_i = 1.000000, inc_y_i = 1.000000
En el else......

----------------------------------------
x = 55.000000, y = 142.000000
avance = -115.000000, avanceR = 2.000000, avanceI = 2.000000
inc_x_r = 0.000000, inc_y_r = 1.000000, inc_x_i = 1.000000, inc_y_i = 1.000000
En el else......

----------------------------------------
x = 55.000000, y = 143.000000
avance = -113.000000, avanceR = 2.000000, avanceI = 2.000000
inc_x_r = 0.000000, inc_y_r = 1.000000, inc_x_i = 1.000000, inc_y_i = 1.000000
En el else......

----------------------------------------
x = 55.000000, y = 144.000000
avance = -111.000000, avanceR = 2.000000, avanceI = 2.000000
inc_x_r = 0.000000, inc_y_r = 1.000000, inc_x_i = 1.000000, inc_y_i = 1.000000
En el else......

----------------------------------------
x = 55.000000, y = 145.000000
avance = -109.000000, avanceR = 2.000000, avanceI = 2.000000
inc_x_r = 0.000000, inc_y_r = 1.000000, inc_x_i = 1.000000, inc_y_i = 1.000000
En el else......

----------------------------------------
x = 55.000000, y = 146.000000
avance = -107.000000, avanceR = 2.000000, avanceI = 2.000000
inc_x_r = 0.000000, inc_y_r = 1.000000, inc_x_i = 1.000000, inc_y_i = 1.000000
En el else......

----------------------------------------
x = 55.000000, y = 147.000000
avance = -105.000000, avanceR = 2.000000, avanceI = 2.000000
inc_x_r = 0.000000, inc_y_r = 1.000000, inc_x_i = 1.000000, inc_y_i = 1.000000
En el else......

----------------------------------------
x = 55.000000, y = 148.000000
avance = -103.000000, avanceR = 2.000000, avanceI = 2.000000
inc_x_r = 0.000000, inc_y_r = 1.000000, inc_x_i = 1.000000, inc_y_i = 1.000000
En el else......

----------------------------------------
x = 55.000000, y = 149.000000
avance = -101.000000, avanceR = 2.000000, avanceI = 2.000000
inc_x_r = 0.000000, inc_y_r = 1.000000, inc_x_i = 1.000000, inc_y_i = 1.000000
En el else......

----------------------------------------
x = 55.000000, y = 150.000000
avance = -99.000000, avanceR = 2.000000, avanceI = 2.000000
inc_x_r = 0.000000, inc_y_r = 1.000000, inc_x_i = 1.000000, inc_y_i = 1.000000
En el else......

----------------------------------------
x = 55.000000, y = 151.000000
avance = -97.000000, avanceR = 2.000000, avanceI = 2.000000
inc_x_r = 0.000000, inc_y_r = 1.000000, inc_x_i = 1.000000, inc_y_i = 1.000000
En el else......

----------------------------------------
x = 55.000000, y = 152.000000
avance = -95.000000, avanceR = 2.000000, avanceI = 2.000000
inc_x_r = 0.000000, inc_y_r = 1.000000, inc_x_i = 1.000000, inc_y_i = 1.000000
En el else......

----------------------------------------
x = 55.000000, y = 153.000000
avance = -93.000000, avanceR = 2.000000, avanceI = 2.000000
inc_x_r = 0.000000, inc_y_r = 1.000000, inc_x_i = 1.000000, inc_y_i = 1.000000
En el else......

----------------------------------------
x = 55.000000, y = 154.000000
avance = -91.000000, avanceR = 2.000000, avanceI = 2.000000
inc_x_r = 0.000000, inc_y_r = 1.000000, inc_x_i = 1.000000, inc_y_i = 1.000000
En el else......

----------------------------------------
x = 55.000000, y = 155.000000
avance = -89.000000, avanceR = 2.000000, avanceI = 2.000000
inc_x_r = 0.000000, inc_y_r = 1.000000, inc_x_i = 1.000000, inc_y_i = 1.000000
En el else......

----------------------------------------
x = 55.000000, y = 156.000000
avance = -87.000000, avanceR = 2.000000, avanceI = 2.000000
inc_x_r = 0.000000, inc_y_r = 1.000000, inc_x_i = 1.000000, inc_y_i = 1.000000
En el else......

----------------------------------------
x = 55.000000, y = 157.000000
avance = -85.000000, avanceR = 2.000000, avanceI = 2.000000
inc_x_r = 0.000000, inc_y_r = 1.000000, inc_x_i = 1.000000, inc_y_i = 1.000000
En el else......

----------------------------------------
x = 55.000000, y = 158.000000
avance = -83.000000, avanceR = 2.000000, avanceI = 2.000000
inc_x_r = 0.000000, inc_y_r = 1.000000, inc_x_i = 1.000000, inc_y_i = 1.000000
En el else......

----------------------------------------
x = 55.000000, y = 159.000000
avance = -81.000000, avanceR = 2.000000, avanceI = 2.000000
inc_x_r = 0.000000, inc_y_r = 1.000000, inc_x_i = 1.000000, inc_y_i = 1.000000
En el else......

----------------------------------------
x = 55.000000, y = 160.000000
avance = -79.000000, avanceR = 2.000000, avanceI = 2.000000
inc_x_r = 0.000000, inc_y_r = 1.000000, inc_x_i = 1.000000, inc_y_i = 1.000000
En el else......

----------------------------------------
x = 55.000000, y = 161.000000
avance = -77.000000, avanceR = 2.000000, avanceI = 2.000000
inc_x_r = 0.000000, inc_y_r = 1.000000, inc_x_i = 1.000000, inc_y_i = 1.000000
En el else......

----------------------------------------
x = 55.000000, y = 162.000000
avance = -75.000000, avanceR = 2.000000, avanceI = 2.000000
inc_x_r = 0.000000, inc_y_r = 1.000000, inc_x_i = 1.000000, inc_y_i = 1.000000
En el else......

----------------------------------------
x = 55.000000, y = 163.000000
avance = -73.000000, avanceR = 2.000000, avanceI = 2.000000
inc_x_r = 0.000000, inc_y_r = 1.000000, inc_x_i = 1.000000, inc_y_i = 1.000000
En el else......

----------------------------------------
x = 55.000000, y = 164.000000
avance = -71.000000, avanceR = 2.000000, avanceI = 2.000000
inc_x_r = 0.000000, inc_y_r = 1.000000, inc_x_i = 1.000000, inc_y_i = 1.000000
En el else......

----------------------------------------
x = 55.000000, y = 165.000000
avance = -69.000000, avanceR = 2.000000, avanceI = 2.000000
inc_x_r = 0.000000, inc_y_r = 1.000000, inc_x_i = 1.000000, inc_y_i = 1.000000
En el else......

----------------------------------------
x = 55.000000, y = 166.000000
avance = -67.000000, avanceR = 2.000000, avanceI = 2.000000
inc_x_r = 0.000000, inc_y_r = 1.000000, inc_x_i = 1.000000, inc_y_i = 1.000000
En el else......

----------------------------------------
x = 55.000000, y = 167.000000
avance = -65.000000, avanceR = 2.000000, avanceI = 2.000000
inc_x_r = 0.000000, inc_y_r = 1.000000, inc_x_i = 1.000000, inc_y_i = 1.000000
En el else......

----------------------------------------
x = 55.000000, y = 168.000000
avance = -63.000000, avanceR = 2.000000, avanceI = 2.000000
inc_x_r = 0.000000, inc_y_r = 1.000000, inc_x_i = 1.000000, inc_y_i = 1.000000
En el else......

----------------------------------------
x = 55.000000, y = 169.000000
avance = -61.000000, avanceR = 2.000000, avanceI = 2.000000
inc_x_r = 0.000000, inc_y_r = 1.000000, inc_x_i = 1.000000, inc_y_i = 1.000000
En el else......

----------------------------------------
x = 55.000000, y = 170.000000
avance = -59.000000, avanceR = 2.000000, avanceI = 2.000000
inc_x_r = 0.000000, inc_y_r = 1.000000, inc_x_i = 1.000000, inc_y_i = 1.000000
En el else......

----------------------------------------
x = 55.000000, y = 171.000000
avance = -57.000000, avanceR = 2.000000, avanceI = 2.000000
inc_x_r = 0.000000, inc_y_r = 1.000000, inc_x_i = 1.000000, inc_y_i = 1.000000
En el else......

----------------------------------------
x = 55.000000, y = 172.000000
avance = -55.000000, avanceR = 2.000000, avanceI = 2.000000
inc_x_r = 0.000000, inc_y_r = 1.000000, inc_x_i = 1.000000, inc_y_i = 1.000000
En el else......

----------------------------------------
x = 55.000000, y = 173.000000
avance = -53.000000, avanceR = 2.000000, avanceI = 2.000000
inc_x_r = 0.000000, inc_y_r = 1.000000, inc_x_i = 1.000000, inc_y_i = 1.000000
En el else......

----------------------------------------
x = 55.000000, y = 174.000000
avance = -51.000000, avanceR = 2.000000, avanceI = 2.000000
inc_x_r = 0.000000, inc_y_r = 1.000000, inc_x_i = 1.000000, inc_y_i = 1.000000
En el else......

----------------------------------------
x = 55.000000, y = 175.000000
avance = -49.000000, avanceR = 2.000000, avanceI = 2.000000
inc_x_r = 0.000000, inc_y_r = 1.000000, inc_x_i = 1.000000, inc_y_i = 1.000000
En el else......

----------------------------------------
x = 55.000000, y = 176.000000
avance = -47.000000, avanceR = 2.000000, avanceI = 2.000000
inc_x_r = 0.000000, inc_y_r = 1.000000, inc_x_i = 1.000000, inc_y_i = 1.000000
En el else......

----------------------------------------
x = 55.000000, y = 177.000000
avance = -45.000000, avanceR = 2.000000, avanceI = 2.000000
inc_x_r = 0.000000, inc_y_r = 1.000000, inc_x_i = 1.000000, inc_y_i = 1.000000
En el else......

----------------------------------------
x = 55.000000, y = 178.000000
avance = -43.000000, avanceR = 2.000000, avanceI = 2.000000
inc_x_r = 0.000000, inc_y_r = 1.000000, inc_x_i = 1.000000, inc_y_i = 1.000000
En el else......

----------------------------------------
x = 55.000000, y = 179.000000
avance = -41.000000, avanceR = 2.000000, avanceI = 2.000000
inc_x_r = 0.000000, inc_y_r = 1.000000, inc_x_i = 1.000000, inc_y_i = 1.000000
En el else......

----------------------------------------
x = 55.000000, y = 180.000000
avance = -39.000000, avanceR = 2.000000, avanceI = 2.000000
inc_x_r = 0.000000, inc_y_r = 1.000000, inc_x_i = 1.000000, inc_y_i = 1.000000
En el else......

----------------------------------------
x = 55.000000, y = 181.000000
avance = -37.000000, avanceR = 2.000000, avanceI = 2.000000
inc_x_r = 0.000000, inc_y_r = 1.000000, inc_x_i = 1.000000, inc_y_i = 1.000000
En el else......

----------------------------------------
x = 55.000000, y = 182.000000
avance = -35.000000, avanceR = 2.000000, avanceI = 2.000000
inc_x_r = 0.000000, inc_y_r = 1.000000, inc_x_i = 1.000000, inc_y_i = 1.000000
En el else......

----------------------------------------
x = 55.000000, y = 183.000000
avance = -33.000000, avanceR = 2.000000, avanceI = 2.000000
inc_x_r = 0.000000, inc_y_r = 1.000000, inc_x_i = 1.000000, inc_y_i = 1.000000
En el else......

----------------------------------------
x = 55.000000, y = 184.000000
avance = -31.000000, avanceR = 2.000000, avanceI = 2.000000
inc_x_r = 0.000000, inc_y_r = 1.000000, inc_x_i = 1.000000, inc_y_i = 1.000000
En el else......

----------------------------------------
x = 55.000000, y = 185.000000
avance = -29.000000, avanceR = 2.000000, avanceI = 2.000000
inc_x_r = 0.000000, inc_y_r = 1.000000, inc_x_i = 1.000000, inc_y_i = 1.000000
En el else......

----------------------------------------
x = 55.000000, y = 186.000000
avance = -27.000000, avanceR = 2.000000, avanceI = 2.000000
inc_x_r = 0.000000, inc_y_r = 1.000000, inc_x_i = 1.000000, inc_y_i = 1.000000
En el else......

----------------------------------------
x = 55.000000, y = 187.000000
avance = -25.000000, avanceR = 2.000000, avanceI = 2.000000
inc_x_r = 0.000000, inc_y_r = 1.000000, inc_x_i = 1.000000, inc_y_i = 1.000000
En el else......

----------------------------------------
x = 55.000000, y = 188.000000
avance = -23.000000, avanceR = 2.000000, avanceI = 2.000000
inc_x_r = 0.000000, inc_y_r = 1.000000, inc_x_i = 1.000000, inc_y_i = 1.000000
En el else......

----------------------------------------
x = 55.000000, y = 189.000000
avance = -21.000000, avanceR = 2.000000, avanceI = 2.000000
inc_x_r = 0.000000, inc_y_r = 1.000000, inc_x_i = 1.000000, inc_y_i = 1.000000
En el else......

----------------------------------------
x = 55.000000, y = 190.000000
avance = -19.000000, avanceR = 2.000000, avanceI = 2.000000
inc_x_r = 0.000000, inc_y_r = 1.000000, inc_x_i = 1.000000, inc_y_i = 1.000000
En el else......

----------------------------------------
x = 55.000000, y = 191.000000
avance = -17.000000, avanceR = 2.000000, avanceI = 2.000000
inc_x_r = 0.000000, inc_y_r = 1.000000, inc_x_i = 1.000000, inc_y_i = 1.000000
En el else......

----------------------------------------
x = 55.000000, y = 192.000000
avance = -15.000000, avanceR = 2.000000, avanceI = 2.000000
inc_x_r = 0.000000, inc_y_r = 1.000000, inc_x_i = 1.000000, inc_y_i = 1.000000
En el else......

----------------------------------------
x = 55.000000, y = 193.000000
avance = -13.000000, avanceR = 2.000000, avanceI = 2.000000
inc_x_r = 0.000000, inc_y_r = 1.000000, inc_x_i = 1.000000, inc_y_i = 1.000000
En el else......

----------------------------------------
x = 55.000000, y = 194.000000
avance = -11.000000, avanceR = 2.000000, avanceI = 2.000000
inc_x_r = 0.000000, inc_y_r = 1.000000, inc_x_i = 1.000000, inc_y_i = 1.000000
En el else......

----------------------------------------
x = 55.000000, y = 195.000000
avance = -9.000000, avanceR = 2.000000, avanceI = 2.000000
inc_x_r = 0.000000, inc_y_r = 1.000000, inc_x_i = 1.000000, inc_y_i = 1.000000
En el else......

----------------------------------------
x = 55.000000, y = 196.000000
avance = -7.000000, avanceR = 2.000000, avanceI = 2.000000
inc_x_r = 0.000000, inc_y_r = 1.000000, inc_x_i = 1.000000, inc_y_i = 1.000000
En el else......

----------------------------------------
x = 55.000000, y = 197.000000
avance = -5.000000, avanceR = 2.000000, avanceI = 2.000000
inc_x_r = 0.000000, inc_y_r = 1.000000, inc_x_i = 1.000000, inc_y_i = 1.000000
En el else......

----------------------------------------
x = 55.000000, y = 198.000000
avance = -3.000000, avanceR = 2.000000, avanceI = 2.000000
inc_x_r = 0.000000, inc_y_r = 1.000000, inc_x_i = 1.000000, inc_y_i = 1.000000
En el else......

----------------------------------------
x = 55.000000, y = 199.000000
avance = -1.000000, avanceR = 2.000000, avanceI = 2.000000
inc_x_r = 0.000000, inc_y_r = 1.000000, inc_x_i = 1.000000, inc_y_i = 1.000000
En el else......

----------------------------------------
x = 55.000000, y = 200.000000
avance = 1.000000, avanceR = 2.000000, avanceI = 2.000000
inc_x_r = 0.000000, inc_y_r = 1.000000, inc_x_i = 1.000000, inc_y_i = 1.000000
avance >= 0

----------------------------------------
x = 56.000000, y = 201.000000
avance = -499.000000, avanceR = 2.000000, avanceI = 2.000000
inc_x_r = 0.000000, inc_y_r = 1.000000, inc_x_i = 1.000000, inc_y_i = 1.000000
En el else......

----------------------------------------
x = 56.000000, y = 202.000000
avance = -497.000000, avanceR = 2.000000, avanceI = 2.000000
inc_x_r = 0.000000, inc_y_r = 1.000000, inc_x_i = 1.000000, inc_y_i = 1.000000
En el else......

----------------------------------------
x = 56.000000, y = 203.000000
avance = -495.000000, avanceR = 2.000000, avanceI = 2.000000
inc_x_r = 0.000000, inc_y_r = 1.000000, inc_x_i = 1.000000, inc_y_i = 1.000000
En el else......

----------------------------------------
x = 56.000000, y = 204.000000
avance = -493.000000, avanceR = 2.000000, avanceI = 2.000000
inc_x_r = 0.000000, inc_y_r = 1.000000, inc_x_i = 1.000000, inc_y_i = 1.000000
En el else......

----------------------------------------
x = 56.000000, y = 205.000000
avance = -491.000000, avanceR = 2.000000, avanceI = 2.000000
inc_x_r = 0.000000, inc_y_r = 1.000000, inc_x_i = 1.000000, inc_y_i = 1.000000
En el else......

----------------------------------------
x = 56.000000, y = 206.000000
avance = -489.000000, avanceR = 2.000000, avanceI = 2.000000
inc_x_r = 0.000000, inc_y_r = 1.000000, inc_x_i = 1.000000, inc_y_i = 1.000000
En el else......

----------------------------------------
x = 56.000000, y = 207.000000
avance = -487.000000, avanceR = 2.000000, avanceI = 2.000000
inc_x_r = 0.000000, inc_y_r = 1.000000, inc_x_i = 1.000000, inc_y_i = 1.000000
En el else......

----------------------------------------
x = 56.000000, y = 208.000000
avance = -485.000000, avanceR = 2.000000, avanceI = 2.000000
inc_x_r = 0.000000, inc_y_r = 1.000000, inc_x_i = 1.000000, inc_y_i = 1.000000
En el else......

----------------------------------------
x = 56.000000, y = 209.000000
avance = -483.000000, avanceR = 2.000000, avanceI = 2.000000
inc_x_r = 0.000000, inc_y_r = 1.000000, inc_x_i = 1.000000, inc_y_i = 1.000000
En el else......

----------------------------------------
x = 56.000000, y = 210.000000
avance = -481.000000, avanceR = 2.000000, avanceI = 2.000000
inc_x_r = 0.000000, inc_y_r = 1.000000, inc_x_i = 1.000000, inc_y_i = 1.000000
En el else......

----------------------------------------
x = 56.000000, y = 211.000000
avance = -479.000000, avanceR = 2.000000, avanceI = 2.000000
inc_x_r = 0.000000, inc_y_r = 1.000000, inc_x_i = 1.000000, inc_y_i = 1.000000
En el else......

----------------------------------------
x = 56.000000, y = 212.000000
avance = -477.000000, avanceR = 2.000000, avanceI = 2.000000
inc_x_r = 0.000000, inc_y_r = 1.000000, inc_x_i = 1.000000, inc_y_i = 1.000000
En el else......

----------------------------------------
x = 56.000000, y = 213.000000
avance = -475.000000, avanceR = 2.000000, avanceI = 2.000000
inc_x_r = 0.000000, inc_y_r = 1.000000, inc_x_i = 1.000000, inc_y_i = 1.000000
En el else......

----------------------------------------
x = 56.000000, y = 214.000000
avance = -473.000000, avanceR = 2.000000, avanceI = 2.000000
inc_x_r = 0.000000, inc_y_r = 1.000000, inc_x_i = 1.000000, inc_y_i = 1.000000
En el else......

----------------------------------------
x = 56.000000, y = 215.000000
avance = -471.000000, avanceR = 2.000000, avanceI = 2.000000
inc_x_r = 0.000000, inc_y_r = 1.000000, inc_x_i = 1.000000, inc_y_i = 1.000000
En el else......

----------------------------------------
x = 56.000000, y = 216.000000
avance = -469.000000, avanceR = 2.000000, avanceI = 2.000000
inc_x_r = 0.000000, inc_y_r = 1.000000, inc_x_i = 1.000000, inc_y_i = 1.000000
En el else......

----------------------------------------
x = 56.000000, y = 217.000000
avance = -467.000000, avanceR = 2.000000, avanceI = 2.000000
inc_x_r = 0.000000, inc_y_r = 1.000000, inc_x_i = 1.000000, inc_y_i = 1.000000
En el else......

----------------------------------------
x = 56.000000, y = 218.000000
avance = -465.000000, avanceR = 2.000000, avanceI = 2.000000
inc_x_r = 0.000000, inc_y_r = 1.000000, inc_x_i = 1.000000, inc_y_i = 1.000000
En el else......

----------------------------------------
x = 56.000000, y = 219.000000
avance = -463.000000, avanceR = 2.000000, avanceI = 2.000000
inc_x_r = 0.000000, inc_y_r = 1.000000, inc_x_i = 1.000000, inc_y_i = 1.000000
En el else......

----------------------------------------
x = 56.000000, y = 220.000000
avance = -461.000000, avanceR = 2.000000, avanceI = 2.000000
inc_x_r = 0.000000, inc_y_r = 1.000000, inc_x_i = 1.000000, inc_y_i = 1.000000
En el else......

----------------------------------------
x = 56.000000, y = 221.000000
avance = -459.000000, avanceR = 2.000000, avanceI = 2.000000
inc_x_r = 0.000000, inc_y_r = 1.000000, inc_x_i = 1.000000, inc_y_i = 1.000000
En el else......

----------------------------------------
x = 56.000000, y = 222.000000
avance = -457.000000, avanceR = 2.000000, avanceI = 2.000000
inc_x_r = 0.000000, inc_y_r = 1.000000, inc_x_i = 1.000000, inc_y_i = 1.000000
En el else......

----------------------------------------
x = 56.000000, y = 223.000000
avance = -455.000000, avanceR = 2.000000, avanceI = 2.000000
inc_x_r = 0.000000, inc_y_r = 1.000000, inc_x_i = 1.000000, inc_y_i = 1.000000
En el else......

----------------------------------------
x = 56.000000, y = 224.000000
avance = -453.000000, avanceR = 2.000000, avanceI = 2.000000
inc_x_r = 0.000000, inc_y_r = 1.000000, inc_x_i = 1.000000, inc_y_i = 1.000000
En el else......

----------------------------------------
x = 56.000000, y = 225.000000
avance = -451.000000, avanceR = 2.000000, avanceI = 2.000000
inc_x_r = 0.000000, inc_y_r = 1.000000, inc_x_i = 1.000000, inc_y_i = 1.000000
En el else......

----------------------------------------
x = 56.000000, y = 226.000000
avance = -449.000000, avanceR = 2.000000, avanceI = 2.000000
inc_x_r = 0.000000, inc_y_r = 1.000000, inc_x_i = 1.000000, inc_y_i = 1.000000
En el else......

----------------------------------------
x = 56.000000, y = 227.000000
avance = -447.000000, avanceR = 2.000000, avanceI = 2.000000
inc_x_r = 0.000000, inc_y_r = 1.000000, inc_x_i = 1.000000, inc_y_i = 1.000000
En el else......

----------------------------------------
x = 56.000000, y = 228.000000
avance = -445.000000, avanceR = 2.000000, avanceI = 2.000000
inc_x_r = 0.000000, inc_y_r = 1.000000, inc_x_i = 1.000000, inc_y_i = 1.000000
En el else......

----------------------------------------
x = 56.000000, y = 229.000000
avance = -443.000000, avanceR = 2.000000, avanceI = 2.000000
inc_x_r = 0.000000, inc_y_r = 1.000000, inc_x_i = 1.000000, inc_y_i = 1.000000
En el else......

----------------------------------------
x = 56.000000, y = 230.000000
avance = -441.000000, avanceR = 2.000000, avanceI = 2.000000
inc_x_r = 0.000000, inc_y_r = 1.000000, inc_x_i = 1.000000, inc_y_i = 1.000000
En el else......

----------------------------------------
x = 56.000000, y = 231.000000
avance = -439.000000, avanceR = 2.000000, avanceI = 2.000000
inc_x_r = 0.000000, inc_y_r = 1.000000, inc_x_i = 1.000000, inc_y_i = 1.000000
En el else......

----------------------------------------
x = 56.000000, y = 232.000000
avance = -437.000000, avanceR = 2.000000, avanceI = 2.000000
inc_x_r = 0.000000, inc_y_r = 1.000000, inc_x_i = 1.000000, inc_y_i = 1.000000
En el else......

----------------------------------------
x = 56.000000, y = 233.000000
avance = -435.000000, avanceR = 2.000000, avanceI = 2.000000
inc_x_r = 0.000000, inc_y_r = 1.000000, inc_x_i = 1.000000, inc_y_i = 1.000000
En el else......

----------------------------------------
x = 56.000000, y = 234.000000
avance = -433.000000, avanceR = 2.000000, avanceI = 2.000000
inc_x_r = 0.000000, inc_y_r = 1.000000, inc_x_i = 1.000000, inc_y_i = 1.000000
En el else......

----------------------------------------
x = 56.000000, y = 235.000000
avance = -431.000000, avanceR = 2.000000, avanceI = 2.000000
inc_x_r = 0.000000, inc_y_r = 1.000000, inc_x_i = 1.000000, inc_y_i = 1.000000
En el else......

----------------------------------------
x = 56.000000, y = 236.000000
avance = -429.000000, avanceR = 2.000000, avanceI = 2.000000
inc_x_r = 0.000000, inc_y_r = 1.000000, inc_x_i = 1.000000, inc_y_i = 1.000000
En el else......

----------------------------------------
x = 56.000000, y = 237.000000
avance = -427.000000, avanceR = 2.000000, avanceI = 2.000000
inc_x_r = 0.000000, inc_y_r = 1.000000, inc_x_i = 1.000000, inc_y_i = 1.000000
En el else......

----------------------------------------
x = 56.000000, y = 238.000000
avance = -425.000000, avanceR = 2.000000, avanceI = 2.000000
inc_x_r = 0.000000, inc_y_r = 1.000000, inc_x_i = 1.000000, inc_y_i = 1.000000
En el else......

----------------------------------------
x = 56.000000, y = 239.000000
avance = -423.000000, avanceR = 2.000000, avanceI = 2.000000
inc_x_r = 0.000000, inc_y_r = 1.000000, inc_x_i = 1.000000, inc_y_i = 1.000000
En el else......

----------------------------------------
x = 56.000000, y = 240.000000
avance = -421.000000, avanceR = 2.000000, avanceI = 2.000000
inc_x_r = 0.000000, inc_y_r = 1.000000, inc_x_i = 1.000000, inc_y_i = 1.000000
En el else......

----------------------------------------
x = 56.000000, y = 241.000000
avance = -419.000000, avanceR = 2.000000, avanceI = 2.000000
inc_x_r = 0.000000, inc_y_r = 1.000000, inc_x_i = 1.000000, inc_y_i = 1.000000
En el else......

----------------------------------------
x = 56.000000, y = 242.000000
avance = -417.000000, avanceR = 2.000000, avanceI = 2.000000
inc_x_r = 0.000000, inc_y_r = 1.000000, inc_x_i = 1.000000, inc_y_i = 1.000000
En el else......

----------------------------------------
x = 56.000000, y = 243.000000
avance = -415.000000, avanceR = 2.000000, avanceI = 2.000000
inc_x_r = 0.000000, inc_y_r = 1.000000, inc_x_i = 1.000000, inc_y_i = 1.000000
En el else......

----------------------------------------
x = 56.000000, y = 244.000000
avance = -413.000000, avanceR = 2.000000, avanceI = 2.000000
inc_x_r = 0.000000, inc_y_r = 1.000000, inc_x_i = 1.000000, inc_y_i = 1.000000
En el else......

----------------------------------------
x = 56.000000, y = 245.000000
avance = -411.000000, avanceR = 2.000000, avanceI = 2.000000
inc_x_r = 0.000000, inc_y_r = 1.000000, inc_x_i = 1.000000, inc_y_i = 1.000000
En el else......

----------------------------------------
x = 56.000000, y = 246.000000
avance = -409.000000, avanceR = 2.000000, avanceI = 2.000000
inc_x_r = 0.000000, inc_y_r = 1.000000, inc_x_i = 1.000000, inc_y_i = 1.000000
En el else......

----------------------------------------
x = 56.000000, y = 247.000000
avance = -407.000000, avanceR = 2.000000, avanceI = 2.000000
inc_x_r = 0.000000, inc_y_r = 1.000000, inc_x_i = 1.000000, inc_y_i = 1.000000
En el else......

----------------------------------------
x = 56.000000, y = 248.000000
avance = -405.000000, avanceR = 2.000000, avanceI = 2.000000
inc_x_r = 0.000000, inc_y_r = 1.000000, inc_x_i = 1.000000, inc_y_i = 1.000000
En el else......

----------------------------------------
x = 56.000000, y = 249.000000
avance = -403.000000, avanceR = 2.000000, avanceI = 2.000000
inc_x_r = 0.000000, inc_y_r = 1.000000, inc_x_i = 1.000000, inc_y_i = 1.000000
En el else......

----------------------------------------
x = 56.000000, y = 250.000000
avance = -401.000000, avanceR = 2.000000, avanceI = 2.000000
inc_x_r = 0.000000, inc_y_r = 1.000000, inc_x_i = 1.000000, inc_y_i = 1.000000
En el else......

----------------------------------------
x = 56.000000, y = 251.000000
avance = -399.000000, avanceR = 2.000000, avanceI = 2.000000
inc_x_r = 0.000000, inc_y_r = 1.000000, inc_x_i = 1.000000, inc_y_i = 1.000000
En el else......

----------------------------------------
x = 56.000000, y = 252.000000
avance = -397.000000, avanceR = 2.000000, avanceI = 2.000000
inc_x_r = 0.000000, inc_y_r = 1.000000, inc_x_i = 1.000000, inc_y_i = 1.000000
En el else......

----------------------------------------
x = 56.000000, y = 253.000000
avance = -395.000000, avanceR = 2.000000, avanceI = 2.000000
inc_x_r = 0.000000, inc_y_r = 1.000000, inc_x_i = 1.000000, inc_y_i = 1.000000
En el else......

----------------------------------------
x = 56.000000, y = 254.000000
avance = -393.000000, avanceR = 2.000000, avanceI = 2.000000
inc_x_r = 0.000000, inc_y_r = 1.000000, inc_x_i = 1.000000, inc_y_i = 1.000000
En el else......

----------------------------------------
x = 56.000000, y = 255.000000
avance = -391.000000, avanceR = 2.000000, avanceI = 2.000000
inc_x_r = 0.000000, inc_y_r = 1.000000, inc_x_i = 1.000000, inc_y_i = 1.000000
En el else......

----------------------------------------
x = 56.000000, y = 256.000000
avance = -389.000000, avanceR = 2.000000, avanceI = 2.000000
inc_x_r = 0.000000, inc_y_r = 1.000000, inc_x_i = 1.000000, inc_y_i = 1.000000
En el else......

----------------------------------------
x = 56.000000, y = 257.000000
avance = -387.000000, avanceR = 2.000000, avanceI = 2.000000
inc_x_r = 0.000000, inc_y_r = 1.000000, inc_x_i = 1.000000, inc_y_i = 1.000000
En el else......

----------------------------------------
x = 56.000000, y = 258.000000
avance = -385.000000, avanceR = 2.000000, avanceI = 2.000000
inc_x_r = 0.000000, inc_y_r = 1.000000, inc_x_i = 1.000000, inc_y_i = 1.000000
En el else......

----------------------------------------
x = 56.000000, y = 259.000000
avance = -383.000000, avanceR = 2.000000, avanceI = 2.000000
inc_x_r = 0.000000, inc_y_r = 1.000000, inc_x_i = 1.000000, inc_y_i = 1.000000
En el else......

----------------------------------------
x = 56.000000, y = 260.000000
avance = -381.000000, avanceR = 2.000000, avanceI = 2.000000
inc_x_r = 0.000000, inc_y_r = 1.000000, inc_x_i = 1.000000, inc_y_i = 1.000000
En el else......

----------------------------------------
x = 56.000000, y = 261.000000
avance = -379.000000, avanceR = 2.000000, avanceI = 2.000000
inc_x_r = 0.000000, inc_y_r = 1.000000, inc_x_i = 1.000000, inc_y_i = 1.000000
En el else......

----------------------------------------
x = 56.000000, y = 262.000000
avance = -377.000000, avanceR = 2.000000, avanceI = 2.000000
inc_x_r = 0.000000, inc_y_r = 1.000000, inc_x_i = 1.000000, inc_y_i = 1.000000
En el else......

----------------------------------------
x = 56.000000, y = 263.000000
avance = -375.000000, avanceR = 2.000000, avanceI = 2.000000
inc_x_r = 0.000000, inc_y_r = 1.000000, inc_x_i = 1.000000, inc_y_i = 1.000000
En el else......

----------------------------------------
x = 56.000000, y = 264.000000
avance = -373.000000, avanceR = 2.000000, avanceI = 2.000000
inc_x_r = 0.000000, inc_y_r = 1.000000, inc_x_i = 1.000000, inc_y_i = 1.000000
En el else......

----------------------------------------
x = 56.000000, y = 265.000000
avance = -371.000000, avanceR = 2.000000, avanceI = 2.000000
inc_x_r = 0.000000, inc_y_r = 1.000000, inc_x_i = 1.000000, inc_y_i = 1.000000
En el else......

----------------------------------------
x = 56.000000, y = 266.000000
avance = -369.000000, avanceR = 2.000000, avanceI = 2.000000
inc_x_r = 0.000000, inc_y_r = 1.000000, inc_x_i = 1.000000, inc_y_i = 1.000000
En el else......

----------------------------------------
x = 56.000000, y = 267.000000
avance = -367.000000, avanceR = 2.000000, avanceI = 2.000000
inc_x_r = 0.000000, inc_y_r = 1.000000, inc_x_i = 1.000000, inc_y_i = 1.000000
En el else......

----------------------------------------
x = 56.000000, y = 268.000000
avance = -365.000000, avanceR = 2.000000, avanceI = 2.000000
inc_x_r = 0.000000, inc_y_r = 1.000000, inc_x_i = 1.000000, inc_y_i = 1.000000
En el else......

----------------------------------------
x = 56.000000, y = 269.000000
avance = -363.000000, avanceR = 2.000000, avanceI = 2.000000
inc_x_r = 0.000000, inc_y_r = 1.000000, inc_x_i = 1.000000, inc_y_i = 1.000000
En el else......

----------------------------------------
x = 56.000000, y = 270.000000
avance = -361.000000, avanceR = 2.000000, avanceI = 2.000000
inc_x_r = 0.000000, inc_y_r = 1.000000, inc_x_i = 1.000000, inc_y_i = 1.000000
En el else......

----------------------------------------
x = 56.000000, y = 271.000000
avance = -359.000000, avanceR = 2.000000, avanceI = 2.000000
inc_x_r = 0.000000, inc_y_r = 1.000000, inc_x_i = 1.000000, inc_y_i = 1.000000
En el else......

----------------------------------------
x = 56.000000, y = 272.000000
avance = -357.000000, avanceR = 2.000000, avanceI = 2.000000
inc_x_r = 0.000000, inc_y_r = 1.000000, inc_x_i = 1.000000, inc_y_i = 1.000000
En el else......

----------------------------------------
x = 56.000000, y = 273.000000
avance = -355.000000, avanceR = 2.000000, avanceI = 2.000000
inc_x_r = 0.000000, inc_y_r = 1.000000, inc_x_i = 1.000000, inc_y_i = 1.000000
En el else......

----------------------------------------
x = 56.000000, y = 274.000000
avance = -353.000000, avanceR = 2.000000, avanceI = 2.000000
inc_x_r = 0.000000, inc_y_r = 1.000000, inc_x_i = 1.000000, inc_y_i = 1.000000
En el else......

----------------------------------------
x = 56.000000, y = 275.000000
avance = -351.000000, avanceR = 2.000000, avanceI = 2.000000
inc_x_r = 0.000000, inc_y_r = 1.000000, inc_x_i = 1.000000, inc_y_i = 1.000000
En el else......

----------------------------------------
x = 56.000000, y = 276.000000
avance = -349.000000, avanceR = 2.000000, avanceI = 2.000000
inc_x_r = 0.000000, inc_y_r = 1.000000, inc_x_i = 1.000000, inc_y_i = 1.000000
En el else......

----------------------------------------
x = 56.000000, y = 277.000000
avance = -347.000000, avanceR = 2.000000, avanceI = 2.000000
inc_x_r = 0.000000, inc_y_r = 1.000000, inc_x_i = 1.000000, inc_y_i = 1.000000
En el else......

----------------------------------------
x = 56.000000, y = 278.000000
avance = -345.000000, avanceR = 2.000000, avanceI = 2.000000
inc_x_r = 0.000000, inc_y_r = 1.000000, inc_x_i = 1.000000, inc_y_i = 1.000000
En el else......

----------------------------------------
x = 56.000000, y = 279.000000
avance = -343.000000, avanceR = 2.000000, avanceI = 2.000000
inc_x_r = 0.000000, inc_y_r = 1.000000, inc_x_i = 1.000000, inc_y_i = 1.000000
En el else......

----------------------------------------
x = 56.000000, y = 280.000000
avance = -341.000000, avanceR = 2.000000, avanceI = 2.000000
inc_x_r = 0.000000, inc_y_r = 1.000000, inc_x_i = 1.000000, inc_y_i = 1.000000
En el else......

----------------------------------------
x = 56.000000, y = 281.000000
avance = -339.000000, avanceR = 2.000000, avanceI = 2.000000
inc_x_r = 0.000000, inc_y_r = 1.000000, inc_x_i = 1.000000, inc_y_i = 1.000000
En el else......

----------------------------------------
x = 56.000000, y = 282.000000
avance = -337.000000, avanceR = 2.000000, avanceI = 2.000000
inc_x_r = 0.000000, inc_y_r = 1.000000, inc_x_i = 1.000000, inc_y_i = 1.000000
En el else......

----------------------------------------
x = 56.000000, y = 283.000000
avance = -335.000000, avanceR = 2.000000, avanceI = 2.000000
inc_x_r = 0.000000, inc_y_r = 1.000000, inc_x_i = 1.000000, inc_y_i = 1.000000
En el else......

----------------------------------------
x = 56.000000, y = 284.000000
avance = -333.000000, avanceR = 2.000000, avanceI = 2.000000
inc_x_r = 0.000000, inc_y_r = 1.000000, inc_x_i = 1.000000, inc_y_i = 1.000000
En el else......

----------------------------------------
x = 56.000000, y = 285.000000
avance = -331.000000, avanceR = 2.000000, avanceI = 2.000000
inc_x_r = 0.000000, inc_y_r = 1.000000, inc_x_i = 1.000000, inc_y_i = 1.000000
En el else......

----------------------------------------
x = 56.000000, y = 286.000000
avance = -329.000000, avanceR = 2.000000, avanceI = 2.000000
inc_x_r = 0.000000, inc_y_r = 1.000000, inc_x_i = 1.000000, inc_y_i = 1.000000
En el else......

----------------------------------------
x = 56.000000, y = 287.000000
avance = -327.000000, avanceR = 2.000000, avanceI = 2.000000
inc_x_r = 0.000000, inc_y_r = 1.000000, inc_x_i = 1.000000, inc_y_i = 1.000000
En el else......

----------------------------------------
x = 56.000000, y = 288.000000
avance = -325.000000, avanceR = 2.000000, avanceI = 2.000000
inc_x_r = 0.000000, inc_y_r = 1.000000, inc_x_i = 1.000000, inc_y_i = 1.000000
En el else......

----------------------------------------
x = 56.000000, y = 289.000000
avance = -323.000000, avanceR = 2.000000, avanceI = 2.000000
inc_x_r = 0.000000, inc_y_r = 1.000000, inc_x_i = 1.000000, inc_y_i = 1.000000
En el else......

----------------------------------------
x = 56.000000, y = 290.000000
avance = -321.000000, avanceR = 2.000000, avanceI = 2.000000
inc_x_r = 0.000000, inc_y_r = 1.000000, inc_x_i = 1.000000, inc_y_i = 1.000000
En el else......

----------------------------------------
x = 56.000000, y = 291.000000
avance = -319.000000, avanceR = 2.000000, avanceI = 2.000000
inc_x_r = 0.000000, inc_y_r = 1.000000, inc_x_i = 1.000000, inc_y_i = 1.000000
En el else......

----------------------------------------
x = 56.000000, y = 292.000000
avance = -317.000000, avanceR = 2.000000, avanceI = 2.000000
inc_x_r = 0.000000, inc_y_r = 1.000000, inc_x_i = 1.000000, inc_y_i = 1.000000
En el else......

----------------------------------------
x = 56.000000, y = 293.000000
avance = -315.000000, avanceR = 2.000000, avanceI = 2.000000
inc_x_r = 0.000000, inc_y_r = 1.000000, inc_x_i = 1.000000, inc_y_i = 1.000000
En el else......

----------------------------------------
x = 56.000000, y = 294.000000
avance = -313.000000, avanceR = 2.000000, avanceI = 2.000000
inc_x_r = 0.000000, inc_y_r = 1.000000, inc_x_i = 1.000000, inc_y_i = 1.000000
En el else......

----------------------------------------
x = 56.000000, y = 295.000000
avance = -311.000000, avanceR = 2.000000, avanceI = 2.000000
inc_x_r = 0.000000, inc_y_r = 1.000000, inc_x_i = 1.000000, inc_y_i = 1.000000
En el else......

----------------------------------------
x = 56.000000, y = 296.000000
avance = -309.000000, avanceR = 2.000000, avanceI = 2.000000
inc_x_r = 0.000000, inc_y_r = 1.000000, inc_x_i = 1.000000, inc_y_i = 1.000000
En el else......

----------------------------------------
x = 56.000000, y = 297.000000
avance = -307.000000, avanceR = 2.000000, avanceI = 2.000000
inc_x_r = 0.000000, inc_y_r = 1.000000, inc_x_i = 1.000000, inc_y_i = 1.000000
En el else......

----------------------------------------
x = 56.000000, y = 298.000000
avance = -305.000000, avanceR = 2.000000, avanceI = 2.000000
inc_x_r = 0.000000, inc_y_r = 1.000000, inc_x_i = 1.000000, inc_y_i = 1.000000
En el else......

----------------------------------------
x = 56.000000, y = 299.000000
avance = -303.000000, avanceR = 2.000000, avanceI = 2.000000
inc_x_r = 0.000000, inc_y_r = 1.000000, inc_x_i = 1.000000, inc_y_i = 1.000000
En el else......

----------------------------------------
x = 56.000000, y = 300.000000
avance = -301.000000, avanceR = 2.000000, avanceI = 2.000000
inc_x_r = 0.000000, inc_y_r = 1.000000, inc_x_i = 1.000000, inc_y_i = 1.000000
En el else......

----------------------------------------
x = 56.000000, y = 301.000000
avance = -299.000000, avanceR = 2.000000, avanceI = 2.000000
inc_x_r = 0.000000, inc_y_r = 1.000000, inc_x_i = 1.000000, inc_y_i = 1.000000
En el else......

----------------------------------------
x = 56.000000, y = 302.000000
avance = -297.000000, avanceR = 2.000000, avanceI = 2.000000
inc_x_r = 0.000000, inc_y_r = 1.000000, inc_x_i = 1.000000, inc_y_i = 1.000000
En el else......

----------------------------------------
x = 56.000000, y = 303.000000
avance = -295.000000, avanceR = 2.000000, avanceI = 2.000000
inc_x_r = 0.000000, inc_y_r = 1.000000, inc_x_i = 1.000000, inc_y_i = 1.000000
En el else......

----------------------------------------
x = 56.000000, y = 304.000000
avance = -293.000000, avanceR = 2.000000, avanceI = 2.000000
inc_x_r = 0.000000, inc_y_r = 1.000000, inc_x_i = 1.000000, inc_y_i = 1.000000
En el else......

----------------------------------------
x = 56.000000, y = 305.000000
avance = -291.000000, avanceR = 2.000000, avanceI = 2.000000
inc_x_r = 0.000000, inc_y_r = 1.000000, inc_x_i = 1.000000, inc_y_i = 1.000000
En el else......

----------------------------------------
x = 56.000000, y = 306.000000
avance = -289.000000, avanceR = 2.000000, avanceI = 2.000000
inc_x_r = 0.000000, inc_y_r = 1.000000, inc_x_i = 1.000000, inc_y_i = 1.000000
En el else......

----------------------------------------
x = 56.000000, y = 307.000000
avance = -287.000000, avanceR = 2.000000, avanceI = 2.000000
inc_x_r = 0.000000, inc_y_r = 1.000000, inc_x_i = 1.000000, inc_y_i = 1.000000
En el else......

----------------------------------------
x = 56.000000, y = 308.000000
avance = -285.000000, avanceR = 2.000000, avanceI = 2.000000
inc_x_r = 0.000000, inc_y_r = 1.000000, inc_x_i = 1.000000, inc_y_i = 1.000000
En el else......

----------------------------------------
x = 56.000000, y = 309.000000
avance = -283.000000, avanceR = 2.000000, avanceI = 2.000000
inc_x_r = 0.000000, inc_y_r = 1.000000, inc_x_i = 1.000000, inc_y_i = 1.000000
En el else......

----------------------------------------
x = 56.000000, y = 310.000000
avance = -281.000000, avanceR = 2.000000, avanceI = 2.000000
inc_x_r = 0.000000, inc_y_r = 1.000000, inc_x_i = 1.000000, inc_y_i = 1.000000
En el else......

----------------------------------------
x = 56.000000, y = 311.000000
avance = -279.000000, avanceR = 2.000000, avanceI = 2.000000
inc_x_r = 0.000000, inc_y_r = 1.000000, inc_x_i = 1.000000, inc_y_i = 1.000000
En el else......

----------------------------------------
x = 56.000000, y = 312.000000
avance = -277.000000, avanceR = 2.000000, avanceI = 2.000000
inc_x_r = 0.000000, inc_y_r = 1.000000, inc_x_i = 1.000000, inc_y_i = 1.000000
En el else......

----------------------------------------
x = 56.000000, y = 313.000000
avance = -275.000000, avanceR = 2.000000, avanceI = 2.000000
inc_x_r = 0.000000, inc_y_r = 1.000000, inc_x_i = 1.000000, inc_y_i = 1.000000
En el else......

----------------------------------------
x = 56.000000, y = 314.000000
avance = -273.000000, avanceR = 2.000000, avanceI = 2.000000
inc_x_r = 0.000000, inc_y_r = 1.000000, inc_x_i = 1.000000, inc_y_i = 1.000000
En el else......

----------------------------------------
x = 56.000000, y = 315.000000
avance = -271.000000, avanceR = 2.000000, avanceI = 2.000000
inc_x_r = 0.000000, inc_y_r = 1.000000, inc_x_i = 1.000000, inc_y_i = 1.000000
En el else......

----------------------------------------
x = 56.000000, y = 316.000000
avance = -269.000000, avanceR = 2.000000, avanceI = 2.000000
inc_x_r = 0.000000, inc_y_r = 1.000000, inc_x_i = 1.000000, inc_y_i = 1.000000
En el else......

----------------------------------------
x = 56.000000, y = 317.000000
avance = -267.000000, avanceR = 2.000000, avanceI = 2.000000
inc_x_r = 0.000000, inc_y_r = 1.000000, inc_x_i = 1.000000, inc_y_i = 1.000000
En el else......

----------------------------------------
x = 56.000000, y = 318.000000
avance = -265.000000, avanceR = 2.000000, avanceI = 2.000000
inc_x_r = 0.000000, inc_y_r = 1.000000, inc_x_i = 1.000000, inc_y_i = 1.000000
En el else......

----------------------------------------
x = 56.000000, y = 319.000000
avance = -263.000000, avanceR = 2.000000, avanceI = 2.000000
inc_x_r = 0.000000, inc_y_r = 1.000000, inc_x_i = 1.000000, inc_y_i = 1.000000
En el else......

----------------------------------------
x = 56.000000, y = 320.000000
avance = -261.000000, avanceR = 2.000000, avanceI = 2.000000
inc_x_r = 0.000000, inc_y_r = 1.000000, inc_x_i = 1.000000, inc_y_i = 1.000000
En el else......

----------------------------------------
x = 56.000000, y = 321.000000
avance = -259.000000, avanceR = 2.000000, avanceI = 2.000000
inc_x_r = 0.000000, inc_y_r = 1.000000, inc_x_i = 1.000000, inc_y_i = 1.000000
En el else......

----------------------------------------
x = 56.000000, y = 322.000000
avance = -257.000000, avanceR = 2.000000, avanceI = 2.000000
inc_x_r = 0.000000, inc_y_r = 1.000000, inc_x_i = 1.000000, inc_y_i = 1.000000
En el else......

----------------------------------------
x = 56.000000, y = 323.000000
avance = -255.000000, avanceR = 2.000000, avanceI = 2.000000
inc_x_r = 0.000000, inc_y_r = 1.000000, inc_x_i = 1.000000, inc_y_i = 1.000000
En el else......

----------------------------------------
x = 56.000000, y = 324.000000
avance = -253.000000, avanceR = 2.000000, avanceI = 2.000000
inc_x_r = 0.000000, inc_y_r = 1.000000, inc_x_i = 1.000000, inc_y_i = 1.000000
En el else......

----------------------------------------
x = 56.000000, y = 325.000000
avance = -251.000000, avanceR = 2.000000, avanceI = 2.000000
inc_x_r = 0.000000, inc_y_r = 1.000000, inc_x_i = 1.000000, inc_y_i = 1.000000
En el else......

----------------------------------------


ENTRAMOS A BRESENHAMªªªª
x1 = 55.000000 - y1 = 75.000000 || x2 = 56.000000 - y2 = 326.000000
dy = 251.000000, dx = 1.000000
avances inclinados: inc_x_i = 1.000000, inc_y_i = 1.000000
updated: dy = 251.000000, dx = 1.000000
avances rectos: inc_x_r = 0.000000, inc_y_r 1.000000
reupdated: dy = 1.000000, dx = 251.000000
avanceR = 2.000000, avance -249.000000, avanceI 2.000000
----------------------------------------
x = 55.000000, y = 75.000000
avance = -249.000000, avanceR = 2.000000, avanceI = 2.000000
inc_x_r = 0.000000, inc_y_r = 1.000000, inc_x_i = 1.000000, inc_y_i = 1.000000
En el else......

----------------------------------------
x = 55.000000, y = 76.000000
avance = -247.000000, avanceR = 2.000000, avanceI = 2.000000
inc_x_r = 0.000000, inc_y_r = 1.000000, inc_x_i = 1.000000, inc_y_i = 1.000000
En el else......

----------------------------------------
x = 55.000000, y = 77.000000
avance = -245.000000, avanceR = 2.000000, avanceI = 2.000000
inc_x_r = 0.000000, inc_y_r = 1.000000, inc_x_i = 1.000000, inc_y_i = 1.000000
En el else......

----------------------------------------
x = 55.000000, y = 78.000000
avance = -243.000000, avanceR = 2.000000, avanceI = 2.000000
inc_x_r = 0.000000, inc_y_r = 1.000000, inc_x_i = 1.000000, inc_y_i = 1.000000
En el else......

----------------------------------------
x = 55.000000, y = 79.000000
avance = -241.000000, avanceR = 2.000000, avanceI = 2.000000
inc_x_r = 0.000000, inc_y_r = 1.000000, inc_x_i = 1.000000, inc_y_i = 1.000000
En el else......

----------------------------------------
x = 55.000000, y = 80.000000
avance = -239.000000, avanceR = 2.000000, avanceI = 2.000000
inc_x_r = 0.000000, inc_y_r = 1.000000, inc_x_i = 1.000000, inc_y_i = 1.000000
En el else......

----------------------------------------
x = 55.000000, y = 81.000000
avance = -237.000000, avanceR = 2.000000, avanceI = 2.000000
inc_x_r = 0.000000, inc_y_r = 1.000000, inc_x_i = 1.000000, inc_y_i = 1.000000
En el else......

----------------------------------------
x = 55.000000, y = 82.000000
avance = -235.000000, avanceR = 2.000000, avanceI = 2.000000
inc_x_r = 0.000000, inc_y_r = 1.000000, inc_x_i = 1.000000, inc_y_i = 1.000000
En el else......

----------------------------------------
x = 55.000000, y = 83.000000
avance = -233.000000, avanceR = 2.000000, avanceI = 2.000000
inc_x_r = 0.000000, inc_y_r = 1.000000, inc_x_i = 1.000000, inc_y_i = 1.000000
En el else......

----------------------------------------
x = 55.000000, y = 84.000000
avance = -231.000000, avanceR = 2.000000, avanceI = 2.000000
inc_x_r = 0.000000, inc_y_r = 1.000000, inc_x_i = 1.000000, inc_y_i = 1.000000
En el else......

----------------------------------------
x = 55.000000, y = 85.000000
avance = -229.000000, avanceR = 2.000000, avanceI = 2.000000
inc_x_r = 0.000000, inc_y_r = 1.000000, inc_x_i = 1.000000, inc_y_i = 1.000000
En el else......

----------------------------------------
x = 55.000000, y = 86.000000
avance = -227.000000, avanceR = 2.000000, avanceI = 2.000000
inc_x_r = 0.000000, inc_y_r = 1.000000, inc_x_i = 1.000000, inc_y_i = 1.000000
En el else......

----------------------------------------
x = 55.000000, y = 87.000000
avance = -225.000000, avanceR = 2.000000, avanceI = 2.000000
inc_x_r = 0.000000, inc_y_r = 1.000000, inc_x_i = 1.000000, inc_y_i = 1.000000
En el else......

----------------------------------------
x = 55.000000, y = 88.000000
avance = -223.000000, avanceR = 2.000000, avanceI = 2.000000
inc_x_r = 0.000000, inc_y_r = 1.000000, inc_x_i = 1.000000, inc_y_i = 1.000000
En el else......

----------------------------------------
x = 55.000000, y = 89.000000
avance = -221.000000, avanceR = 2.000000, avanceI = 2.000000
inc_x_r = 0.000000, inc_y_r = 1.000000, inc_x_i = 1.000000, inc_y_i = 1.000000
En el else......

----------------------------------------
x = 55.000000, y = 90.000000
avance = -219.000000, avanceR = 2.000000, avanceI = 2.000000
inc_x_r = 0.000000, inc_y_r = 1.000000, inc_x_i = 1.000000, inc_y_i = 1.000000
En el else......

----------------------------------------
x = 55.000000, y = 91.000000
avance = -217.000000, avanceR = 2.000000, avanceI = 2.000000
inc_x_r = 0.000000, inc_y_r = 1.000000, inc_x_i = 1.000000, inc_y_i = 1.000000
En el else......

----------------------------------------
x = 55.000000, y = 92.000000
avance = -215.000000, avanceR = 2.000000, avanceI = 2.000000
inc_x_r = 0.000000, inc_y_r = 1.000000, inc_x_i = 1.000000, inc_y_i = 1.000000
En el else......

----------------------------------------
x = 55.000000, y = 93.000000
avance = -213.000000, avanceR = 2.000000, avanceI = 2.000000
inc_x_r = 0.000000, inc_y_r = 1.000000, inc_x_i = 1.000000, inc_y_i = 1.000000
En el else......

----------------------------------------
x = 55.000000, y = 94.000000
avance = -211.000000, avanceR = 2.000000, avanceI = 2.000000
inc_x_r = 0.000000, inc_y_r = 1.000000, inc_x_i = 1.000000, inc_y_i = 1.000000
En el else......

----------------------------------------
x = 55.000000, y = 95.000000
avance = -209.000000, avanceR = 2.000000, avanceI = 2.000000
inc_x_r = 0.000000, inc_y_r = 1.000000, inc_x_i = 1.000000, inc_y_i = 1.000000
En el else......

----------------------------------------
x = 55.000000, y = 96.000000
avance = -207.000000, avanceR = 2.000000, avanceI = 2.000000
inc_x_r = 0.000000, inc_y_r = 1.000000, inc_x_i = 1.000000, inc_y_i = 1.000000
En el else......

----------------------------------------
x = 55.000000, y = 97.000000
avance = -205.000000, avanceR = 2.000000, avanceI = 2.000000
inc_x_r = 0.000000, inc_y_r = 1.000000, inc_x_i = 1.000000, inc_y_i = 1.000000
En el else......

----------------------------------------
x = 55.000000, y = 98.000000
avance = -203.000000, avanceR = 2.000000, avanceI = 2.000000
inc_x_r = 0.000000, inc_y_r = 1.000000, inc_x_i = 1.000000, inc_y_i = 1.000000
En el else......

----------------------------------------
x = 55.000000, y = 99.000000
avance = -201.000000, avanceR = 2.000000, avanceI = 2.000000
inc_x_r = 0.000000, inc_y_r = 1.000000, inc_x_i = 1.000000, inc_y_i = 1.000000
En el else......

----------------------------------------
x = 55.000000, y = 100.000000
avance = -199.000000, avanceR = 2.000000, avanceI = 2.000000
inc_x_r = 0.000000, inc_y_r = 1.000000, inc_x_i = 1.000000, inc_y_i = 1.000000
En el else......

----------------------------------------
x = 55.000000, y = 101.000000
avance = -197.000000, avanceR = 2.000000, avanceI = 2.000000
inc_x_r = 0.000000, inc_y_r = 1.000000, inc_x_i = 1.000000, inc_y_i = 1.000000
En el else......

----------------------------------------
x = 55.000000, y = 102.000000
avance = -195.000000, avanceR = 2.000000, avanceI = 2.000000
inc_x_r = 0.000000, inc_y_r = 1.000000, inc_x_i = 1.000000, inc_y_i = 1.000000
En el else......

----------------------------------------
x = 55.000000, y = 103.000000
avance = -193.000000, avanceR = 2.000000, avanceI = 2.000000
inc_x_r = 0.000000, inc_y_r = 1.000000, inc_x_i = 1.000000, inc_y_i = 1.000000
En el else......

----------------------------------------
x = 55.000000, y = 104.000000
avance = -191.000000, avanceR = 2.000000, avanceI = 2.000000
inc_x_r = 0.000000, inc_y_r = 1.000000, inc_x_i = 1.000000, inc_y_i = 1.000000
En el else......

----------------------------------------
x = 55.000000, y = 105.000000
avance = -189.000000, avanceR = 2.000000, avanceI = 2.000000
inc_x_r = 0.000000, inc_y_r = 1.000000, inc_x_i = 1.000000, inc_y_i = 1.000000
En el else......

----------------------------------------
x = 55.000000, y = 106.000000
avance = -187.000000, avanceR = 2.000000, avanceI = 2.000000
inc_x_r = 0.000000, inc_y_r = 1.000000, inc_x_i = 1.000000, inc_y_i = 1.000000
En el else......

----------------------------------------
x = 55.000000, y = 107.000000
avance = -185.000000, avanceR = 2.000000, avanceI = 2.000000
inc_x_r = 0.000000, inc_y_r = 1.000000, inc_x_i = 1.000000, inc_y_i = 1.000000
En el else......

----------------------------------------
x = 55.000000, y = 108.000000
avance = -183.000000, avanceR = 2.000000, avanceI = 2.000000
inc_x_r = 0.000000, inc_y_r = 1.000000, inc_x_i = 1.000000, inc_y_i = 1.000000
En el else......

----------------------------------------
x = 55.000000, y = 109.000000
avance = -181.000000, avanceR = 2.000000, avanceI = 2.000000
inc_x_r = 0.000000, inc_y_r = 1.000000, inc_x_i = 1.000000, inc_y_i = 1.000000
En el else......

----------------------------------------
x = 55.000000, y = 110.000000
avance = -179.000000, avanceR = 2.000000, avanceI = 2.000000
inc_x_r = 0.000000, inc_y_r = 1.000000, inc_x_i = 1.000000, inc_y_i = 1.000000
En el else......

----------------------------------------
x = 55.000000, y = 111.000000
avance = -177.000000, avanceR = 2.000000, avanceI = 2.000000
inc_x_r = 0.000000, inc_y_r = 1.000000, inc_x_i = 1.000000, inc_y_i = 1.000000
En el else......

----------------------------------------
x = 55.000000, y = 112.000000
avance = -175.000000, avanceR = 2.000000, avanceI = 2.000000
inc_x_r = 0.000000, inc_y_r = 1.000000, inc_x_i = 1.000000, inc_y_i = 1.000000
En el else......

----------------------------------------
x = 55.000000, y = 113.000000
avance = -173.000000, avanceR = 2.000000, avanceI = 2.000000
inc_x_r = 0.000000, inc_y_r = 1.000000, inc_x_i = 1.000000, inc_y_i = 1.000000
En el else......

----------------------------------------
x = 55.000000, y = 114.000000
avance = -171.000000, avanceR = 2.000000, avanceI = 2.000000
inc_x_r = 0.000000, inc_y_r = 1.000000, inc_x_i = 1.000000, inc_y_i = 1.000000
En el else......

----------------------------------------
x = 55.000000, y = 115.000000
avance = -169.000000, avanceR = 2.000000, avanceI = 2.000000
inc_x_r = 0.000000, inc_y_r = 1.000000, inc_x_i = 1.000000, inc_y_i = 1.000000
En el else......

----------------------------------------
x = 55.000000, y = 116.000000
avance = -167.000000, avanceR = 2.000000, avanceI = 2.000000
inc_x_r = 0.000000, inc_y_r = 1.000000, inc_x_i = 1.000000, inc_y_i = 1.000000
En el else......

----------------------------------------
x = 55.000000, y = 117.000000
avance = -165.000000, avanceR = 2.000000, avanceI = 2.000000
inc_x_r = 0.000000, inc_y_r = 1.000000, inc_x_i = 1.000000, inc_y_i = 1.000000
En el else......

----------------------------------------
x = 55.000000, y = 118.000000
avance = -163.000000, avanceR = 2.000000, avanceI = 2.000000
inc_x_r = 0.000000, inc_y_r = 1.000000, inc_x_i = 1.000000, inc_y_i = 1.000000
En el else......

----------------------------------------
x = 55.000000, y = 119.000000
avance = -161.000000, avanceR = 2.000000, avanceI = 2.000000
inc_x_r = 0.000000, inc_y_r = 1.000000, inc_x_i = 1.000000, inc_y_i = 1.000000
En el else......

----------------------------------------
x = 55.000000, y = 120.000000
avance = -159.000000, avanceR = 2.000000, avanceI = 2.000000
inc_x_r = 0.000000, inc_y_r = 1.000000, inc_x_i = 1.000000, inc_y_i = 1.000000
En el else......

----------------------------------------
x = 55.000000, y = 121.000000
avance = -157.000000, avanceR = 2.000000, avanceI = 2.000000
inc_x_r = 0.000000, inc_y_r = 1.000000, inc_x_i = 1.000000, inc_y_i = 1.000000
En el else......

----------------------------------------
x = 55.000000, y = 122.000000
avance = -155.000000, avanceR = 2.000000, avanceI = 2.000000
inc_x_r = 0.000000, inc_y_r = 1.000000, inc_x_i = 1.000000, inc_y_i = 1.000000
En el else......

----------------------------------------
x = 55.000000, y = 123.000000
avance = -153.000000, avanceR = 2.000000, avanceI = 2.000000
inc_x_r = 0.000000, inc_y_r = 1.000000, inc_x_i = 1.000000, inc_y_i = 1.000000
En el else......

----------------------------------------
x = 55.000000, y = 124.000000
avance = -151.000000, avanceR = 2.000000, avanceI = 2.000000
inc_x_r = 0.000000, inc_y_r = 1.000000, inc_x_i = 1.000000, inc_y_i = 1.000000
En el else......

----------------------------------------
x = 55.000000, y = 125.000000
avance = -149.000000, avanceR = 2.000000, avanceI = 2.000000
inc_x_r = 0.000000, inc_y_r = 1.000000, inc_x_i = 1.000000, inc_y_i = 1.000000
En el else......

----------------------------------------
x = 55.000000, y = 126.000000
avance = -147.000000, avanceR = 2.000000, avanceI = 2.000000
inc_x_r = 0.000000, inc_y_r = 1.000000, inc_x_i = 1.000000, inc_y_i = 1.000000
En el else......

----------------------------------------
x = 55.000000, y = 127.000000
avance = -145.000000, avanceR = 2.000000, avanceI = 2.000000
inc_x_r = 0.000000, inc_y_r = 1.000000, inc_x_i = 1.000000, inc_y_i = 1.000000
En el else......

----------------------------------------
x = 55.000000, y = 128.000000
avance = -143.000000, avanceR = 2.000000, avanceI = 2.000000
inc_x_r = 0.000000, inc_y_r = 1.000000, inc_x_i = 1.000000, inc_y_i = 1.000000
En el else......

----------------------------------------
x = 55.000000, y = 129.000000
avance = -141.000000, avanceR = 2.000000, avanceI = 2.000000
inc_x_r = 0.000000, inc_y_r = 1.000000, inc_x_i = 1.000000, inc_y_i = 1.000000
En el else......

----------------------------------------
x = 55.000000, y = 130.000000
avance = -139.000000, avanceR = 2.000000, avanceI = 2.000000
inc_x_r = 0.000000, inc_y_r = 1.000000, inc_x_i = 1.000000, inc_y_i = 1.000000
En el else......

----------------------------------------
x = 55.000000, y = 131.000000
avance = -137.000000, avanceR = 2.000000, avanceI = 2.000000
inc_x_r = 0.000000, inc_y_r = 1.000000, inc_x_i = 1.000000, inc_y_i = 1.000000
En el else......

----------------------------------------
x = 55.000000, y = 132.000000
avance = -135.000000, avanceR = 2.000000, avanceI = 2.000000
inc_x_r = 0.000000, inc_y_r = 1.000000, inc_x_i = 1.000000, inc_y_i = 1.000000
En el else......

----------------------------------------
x = 55.000000, y = 133.000000
avance = -133.000000, avanceR = 2.000000, avanceI = 2.000000
inc_x_r = 0.000000, inc_y_r = 1.000000, inc_x_i = 1.000000, inc_y_i = 1.000000
En el else......

----------------------------------------
x = 55.000000, y = 134.000000
avance = -131.000000, avanceR = 2.000000, avanceI = 2.000000
inc_x_r = 0.000000, inc_y_r = 1.000000, inc_x_i = 1.000000, inc_y_i = 1.000000
En el else......

----------------------------------------
x = 55.000000, y = 135.000000
avance = -129.000000, avanceR = 2.000000, avanceI = 2.000000
inc_x_r = 0.000000, inc_y_r = 1.000000, inc_x_i = 1.000000, inc_y_i = 1.000000
En el else......

----------------------------------------
x = 55.000000, y = 136.000000
avance = -127.000000, avanceR = 2.000000, avanceI = 2.000000
inc_x_r = 0.000000, inc_y_r = 1.000000, inc_x_i = 1.000000, inc_y_i = 1.000000
En el else......

----------------------------------------
x = 55.000000, y = 137.000000
avance = -125.000000, avanceR = 2.000000, avanceI = 2.000000
inc_x_r = 0.000000, inc_y_r = 1.000000, inc_x_i = 1.000000, inc_y_i = 1.000000
En el else......

----------------------------------------
x = 55.000000, y = 138.000000
avance = -123.000000, avanceR = 2.000000, avanceI = 2.000000
inc_x_r = 0.000000, inc_y_r = 1.000000, inc_x_i = 1.000000, inc_y_i = 1.000000
En el else......

----------------------------------------
x = 55.000000, y = 139.000000
avance = -121.000000, avanceR = 2.000000, avanceI = 2.000000
inc_x_r = 0.000000, inc_y_r = 1.000000, inc_x_i = 1.000000, inc_y_i = 1.000000
En el else......

----------------------------------------
x = 55.000000, y = 140.000000
avance = -119.000000, avanceR = 2.000000, avanceI = 2.000000
inc_x_r = 0.000000, inc_y_r = 1.000000, inc_x_i = 1.000000, inc_y_i = 1.000000
En el else......

----------------------------------------
x = 55.000000, y = 141.000000
avance = -117.000000, avanceR = 2.000000, avanceI = 2.000000
inc_x_r = 0.000000, inc_y_r = 1.000000, inc_x_i = 1.000000, inc_y_i = 1.000000
En el else......

----------------------------------------
x = 55.000000, y = 142.000000
avance = -115.000000, avanceR = 2.000000, avanceI = 2.000000
inc_x_r = 0.000000, inc_y_r = 1.000000, inc_x_i = 1.000000, inc_y_i = 1.000000
En el else......

----------------------------------------
x = 55.000000, y = 143.000000
avance = -113.000000, avanceR = 2.000000, avanceI = 2.000000
inc_x_r = 0.000000, inc_y_r = 1.000000, inc_x_i = 1.000000, inc_y_i = 1.000000
En el else......

----------------------------------------
x = 55.000000, y = 144.000000
avance = -111.000000, avanceR = 2.000000, avanceI = 2.000000
inc_x_r = 0.000000, inc_y_r = 1.000000, inc_x_i = 1.000000, inc_y_i = 1.000000
En el else......

----------------------------------------
x = 55.000000, y = 145.000000
avance = -109.000000, avanceR = 2.000000, avanceI = 2.000000
inc_x_r = 0.000000, inc_y_r = 1.000000, inc_x_i = 1.000000, inc_y_i = 1.000000
En el else......

----------------------------------------
x = 55.000000, y = 146.000000
avance = -107.000000, avanceR = 2.000000, avanceI = 2.000000
inc_x_r = 0.000000, inc_y_r = 1.000000, inc_x_i = 1.000000, inc_y_i = 1.000000
En el else......

----------------------------------------
x = 55.000000, y = 147.000000
avance = -105.000000, avanceR = 2.000000, avanceI = 2.000000
inc_x_r = 0.000000, inc_y_r = 1.000000, inc_x_i = 1.000000, inc_y_i = 1.000000
En el else......

----------------------------------------
x = 55.000000, y = 148.000000
avance = -103.000000, avanceR = 2.000000, avanceI = 2.000000
inc_x_r = 0.000000, inc_y_r = 1.000000, inc_x_i = 1.000000, inc_y_i = 1.000000
En el else......

----------------------------------------
x = 55.000000, y = 149.000000
avance = -101.000000, avanceR = 2.000000, avanceI = 2.000000
inc_x_r = 0.000000, inc_y_r = 1.000000, inc_x_i = 1.000000, inc_y_i = 1.000000
En el else......

----------------------------------------
x = 55.000000, y = 150.000000
avance = -99.000000, avanceR = 2.000000, avanceI = 2.000000
inc_x_r = 0.000000, inc_y_r = 1.000000, inc_x_i = 1.000000, inc_y_i = 1.000000
En el else......

----------------------------------------
x = 55.000000, y = 151.000000
avance = -97.000000, avanceR = 2.000000, avanceI = 2.000000
inc_x_r = 0.000000, inc_y_r = 1.000000, inc_x_i = 1.000000, inc_y_i = 1.000000
En el else......

----------------------------------------
x = 55.000000, y = 152.000000
avance = -95.000000, avanceR = 2.000000, avanceI = 2.000000
inc_x_r = 0.000000, inc_y_r = 1.000000, inc_x_i = 1.000000, inc_y_i = 1.000000
En el else......

----------------------------------------
x = 55.000000, y = 153.000000
avance = -93.000000, avanceR = 2.000000, avanceI = 2.000000
inc_x_r = 0.000000, inc_y_r = 1.000000, inc_x_i = 1.000000, inc_y_i = 1.000000
En el else......

----------------------------------------
x = 55.000000, y = 154.000000
avance = -91.000000, avanceR = 2.000000, avanceI = 2.000000
inc_x_r = 0.000000, inc_y_r = 1.000000, inc_x_i = 1.000000, inc_y_i = 1.000000
En el else......

----------------------------------------
x = 55.000000, y = 155.000000
avance = -89.000000, avanceR = 2.000000, avanceI = 2.000000
inc_x_r = 0.000000, inc_y_r = 1.000000, inc_x_i = 1.000000, inc_y_i = 1.000000
En el else......

----------------------------------------
x = 55.000000, y = 156.000000
avance = -87.000000, avanceR = 2.000000, avanceI = 2.000000
inc_x_r = 0.000000, inc_y_r = 1.000000, inc_x_i = 1.000000, inc_y_i = 1.000000
En el else......

----------------------------------------
x = 55.000000, y = 157.000000
avance = -85.000000, avanceR = 2.000000, avanceI = 2.000000
inc_x_r = 0.000000, inc_y_r = 1.000000, inc_x_i = 1.000000, inc_y_i = 1.000000
En el else......

----------------------------------------
x = 55.000000, y = 158.000000
avance = -83.000000, avanceR = 2.000000, avanceI = 2.000000
inc_x_r = 0.000000, inc_y_r = 1.000000, inc_x_i = 1.000000, inc_y_i = 1.000000
En el else......

----------------------------------------
x = 55.000000, y = 159.000000
avance = -81.000000, avanceR = 2.000000, avanceI = 2.000000
inc_x_r = 0.000000, inc_y_r = 1.000000, inc_x_i = 1.000000, inc_y_i = 1.000000
En el else......

----------------------------------------
x = 55.000000, y = 160.000000
avance = -79.000000, avanceR = 2.000000, avanceI = 2.000000
inc_x_r = 0.000000, inc_y_r = 1.000000, inc_x_i = 1.000000, inc_y_i = 1.000000
En el else......

----------------------------------------
x = 55.000000, y = 161.000000
avance = -77.000000, avanceR = 2.000000, avanceI = 2.000000
inc_x_r = 0.000000, inc_y_r = 1.000000, inc_x_i = 1.000000, inc_y_i = 1.000000
En el else......

----------------------------------------
x = 55.000000, y = 162.000000
avance = -75.000000, avanceR = 2.000000, avanceI = 2.000000
inc_x_r = 0.000000, inc_y_r = 1.000000, inc_x_i = 1.000000, inc_y_i = 1.000000
En el else......

----------------------------------------
x = 55.000000, y = 163.000000
avance = -73.000000, avanceR = 2.000000, avanceI = 2.000000
inc_x_r = 0.000000, inc_y_r = 1.000000, inc_x_i = 1.000000, inc_y_i = 1.000000
En el else......

----------------------------------------
x = 55.000000, y = 164.000000
avance = -71.000000, avanceR = 2.000000, avanceI = 2.000000
inc_x_r = 0.000000, inc_y_r = 1.000000, inc_x_i = 1.000000, inc_y_i = 1.000000
En el else......

----------------------------------------
x = 55.000000, y = 165.000000
avance = -69.000000, avanceR = 2.000000, avanceI = 2.000000
inc_x_r = 0.000000, inc_y_r = 1.000000, inc_x_i = 1.000000, inc_y_i = 1.000000
En el else......

----------------------------------------
x = 55.000000, y = 166.000000
avance = -67.000000, avanceR = 2.000000, avanceI = 2.000000
inc_x_r = 0.000000, inc_y_r = 1.000000, inc_x_i = 1.000000, inc_y_i = 1.000000
En el else......

----------------------------------------
x = 55.000000, y = 167.000000
avance = -65.000000, avanceR = 2.000000, avanceI = 2.000000
inc_x_r = 0.000000, inc_y_r = 1.000000, inc_x_i = 1.000000, inc_y_i = 1.000000
En el else......

----------------------------------------
x = 55.000000, y = 168.000000
avance = -63.000000, avanceR = 2.000000, avanceI = 2.000000
inc_x_r = 0.000000, inc_y_r = 1.000000, inc_x_i = 1.000000, inc_y_i = 1.000000
En el else......

----------------------------------------
x = 55.000000, y = 169.000000
avance = -61.000000, avanceR = 2.000000, avanceI = 2.000000
inc_x_r = 0.000000, inc_y_r = 1.000000, inc_x_i = 1.000000, inc_y_i = 1.000000
En el else......

----------------------------------------
x = 55.000000, y = 170.000000
avance = -59.000000, avanceR = 2.000000, avanceI = 2.000000
inc_x_r = 0.000000, inc_y_r = 1.000000, inc_x_i = 1.000000, inc_y_i = 1.000000
En el else......

----------------------------------------
x = 55.000000, y = 171.000000
avance = -57.000000, avanceR = 2.000000, avanceI = 2.000000
inc_x_r = 0.000000, inc_y_r = 1.000000, inc_x_i = 1.000000, inc_y_i = 1.000000
En el else......

----------------------------------------
x = 55.000000, y = 172.000000
avance = -55.000000, avanceR = 2.000000, avanceI = 2.000000
inc_x_r = 0.000000, inc_y_r = 1.000000, inc_x_i = 1.000000, inc_y_i = 1.000000
En el else......

----------------------------------------
x = 55.000000, y = 173.000000
avance = -53.000000, avanceR = 2.000000, avanceI = 2.000000
inc_x_r = 0.000000, inc_y_r = 1.000000, inc_x_i = 1.000000, inc_y_i = 1.000000
En el else......

----------------------------------------
x = 55.000000, y = 174.000000
avance = -51.000000, avanceR = 2.000000, avanceI = 2.000000
inc_x_r = 0.000000, inc_y_r = 1.000000, inc_x_i = 1.000000, inc_y_i = 1.000000
En el else......

----------------------------------------
x = 55.000000, y = 175.000000
avance = -49.000000, avanceR = 2.000000, avanceI = 2.000000
inc_x_r = 0.000000, inc_y_r = 1.000000, inc_x_i = 1.000000, inc_y_i = 1.000000
En el else......

----------------------------------------
x = 55.000000, y = 176.000000
avance = -47.000000, avanceR = 2.000000, avanceI = 2.000000
inc_x_r = 0.000000, inc_y_r = 1.000000, inc_x_i = 1.000000, inc_y_i = 1.000000
En el else......

----------------------------------------
x = 55.000000, y = 177.000000
avance = -45.000000, avanceR = 2.000000, avanceI = 2.000000
inc_x_r = 0.000000, inc_y_r = 1.000000, inc_x_i = 1.000000, inc_y_i = 1.000000
En el else......

----------------------------------------
x = 55.000000, y = 178.000000
avance = -43.000000, avanceR = 2.000000, avanceI = 2.000000
inc_x_r = 0.000000, inc_y_r = 1.000000, inc_x_i = 1.000000, inc_y_i = 1.000000
En el else......

----------------------------------------
x = 55.000000, y = 179.000000
avance = -41.000000, avanceR = 2.000000, avanceI = 2.000000
inc_x_r = 0.000000, inc_y_r = 1.000000, inc_x_i = 1.000000, inc_y_i = 1.000000
En el else......

----------------------------------------
x = 55.000000, y = 180.000000
avance = -39.000000, avanceR = 2.000000, avanceI = 2.000000
inc_x_r = 0.000000, inc_y_r = 1.000000, inc_x_i = 1.000000, inc_y_i = 1.000000
En el else......

----------------------------------------
x = 55.000000, y = 181.000000
avance = -37.000000, avanceR = 2.000000, avanceI = 2.000000
inc_x_r = 0.000000, inc_y_r = 1.000000, inc_x_i = 1.000000, inc_y_i = 1.000000
En el else......

----------------------------------------
x = 55.000000, y = 182.000000
avance = -35.000000, avanceR = 2.000000, avanceI = 2.000000
inc_x_r = 0.000000, inc_y_r = 1.000000, inc_x_i = 1.000000, inc_y_i = 1.000000
En el else......

----------------------------------------
x = 55.000000, y = 183.000000
avance = -33.000000, avanceR = 2.000000, avanceI = 2.000000
inc_x_r = 0.000000, inc_y_r = 1.000000, inc_x_i = 1.000000, inc_y_i = 1.000000
En el else......

----------------------------------------
x = 55.000000, y = 184.000000
avance = -31.000000, avanceR = 2.000000, avanceI = 2.000000
inc_x_r = 0.000000, inc_y_r = 1.000000, inc_x_i = 1.000000, inc_y_i = 1.000000
En el else......

----------------------------------------
x = 55.000000, y = 185.000000
avance = -29.000000, avanceR = 2.000000, avanceI = 2.000000
inc_x_r = 0.000000, inc_y_r = 1.000000, inc_x_i = 1.000000, inc_y_i = 1.000000
En el else......

----------------------------------------
x = 55.000000, y = 186.000000
avance = -27.000000, avanceR = 2.000000, avanceI = 2.000000
inc_x_r = 0.000000, inc_y_r = 1.000000, inc_x_i = 1.000000, inc_y_i = 1.000000
En el else......

----------------------------------------
x = 55.000000, y = 187.000000
avance = -25.000000, avanceR = 2.000000, avanceI = 2.000000
inc_x_r = 0.000000, inc_y_r = 1.000000, inc_x_i = 1.000000, inc_y_i = 1.000000
En el else......

----------------------------------------
x = 55.000000, y = 188.000000
avance = -23.000000, avanceR = 2.000000, avanceI = 2.000000
inc_x_r = 0.000000, inc_y_r = 1.000000, inc_x_i = 1.000000, inc_y_i = 1.000000
En el else......

----------------------------------------
x = 55.000000, y = 189.000000
avance = -21.000000, avanceR = 2.000000, avanceI = 2.000000
inc_x_r = 0.000000, inc_y_r = 1.000000, inc_x_i = 1.000000, inc_y_i = 1.000000
En el else......

----------------------------------------
x = 55.000000, y = 190.000000
avance = -19.000000, avanceR = 2.000000, avanceI = 2.000000
inc_x_r = 0.000000, inc_y_r = 1.000000, inc_x_i = 1.000000, inc_y_i = 1.000000
En el else......

----------------------------------------
x = 55.000000, y = 191.000000
avance = -17.000000, avanceR = 2.000000, avanceI = 2.000000
inc_x_r = 0.000000, inc_y_r = 1.000000, inc_x_i = 1.000000, inc_y_i = 1.000000
En el else......

----------------------------------------
x = 55.000000, y = 192.000000
avance = -15.000000, avanceR = 2.000000, avanceI = 2.000000
inc_x_r = 0.000000, inc_y_r = 1.000000, inc_x_i = 1.000000, inc_y_i = 1.000000
En el else......

----------------------------------------
x = 55.000000, y = 193.000000
avance = -13.000000, avanceR = 2.000000, avanceI = 2.000000
inc_x_r = 0.000000, inc_y_r = 1.000000, inc_x_i = 1.000000, inc_y_i = 1.000000
En el else......

----------------------------------------
x = 55.000000, y = 194.000000
avance = -11.000000, avanceR = 2.000000, avanceI = 2.000000
inc_x_r = 0.000000, inc_y_r = 1.000000, inc_x_i = 1.000000, inc_y_i = 1.000000
En el else......

----------------------------------------
x = 55.000000, y = 195.000000
avance = -9.000000, avanceR = 2.000000, avanceI = 2.000000
inc_x_r = 0.000000, inc_y_r = 1.000000, inc_x_i = 1.000000, inc_y_i = 1.000000
En el else......

----------------------------------------
x = 55.000000, y = 196.000000
avance = -7.000000, avanceR = 2.000000, avanceI = 2.000000
inc_x_r = 0.000000, inc_y_r = 1.000000, inc_x_i = 1.000000, inc_y_i = 1.000000
En el else......

----------------------------------------
x = 55.000000, y = 197.000000
avance = -5.000000, avanceR = 2.000000, avanceI = 2.000000
inc_x_r = 0.000000, inc_y_r = 1.000000, inc_x_i = 1.000000, inc_y_i = 1.000000
En el else......

----------------------------------------
x = 55.000000, y = 198.000000
avance = -3.000000, avanceR = 2.000000, avanceI = 2.000000
inc_x_r = 0.000000, inc_y_r = 1.000000, inc_x_i = 1.000000, inc_y_i = 1.000000
En el else......

----------------------------------------
x = 55.000000, y = 199.000000
avance = -1.000000, avanceR = 2.000000, avanceI = 2.000000
inc_x_r = 0.000000, inc_y_r = 1.000000, inc_x_i = 1.000000, inc_y_i = 1.000000
En el else......

----------------------------------------
x = 55.000000, y = 200.000000
avance = 1.000000, avanceR = 2.000000, avanceI = 2.000000
inc_x_r = 0.000000, inc_y_r = 1.000000, inc_x_i = 1.000000, inc_y_i = 1.000000
avance >= 0

----------------------------------------
x = 56.000000, y = 201.000000
avance = -499.000000, avanceR = 2.000000, avanceI = 2.000000
inc_x_r = 0.000000, inc_y_r = 1.000000, inc_x_i = 1.000000, inc_y_i = 1.000000
En el else......

----------------------------------------
x = 56.000000, y = 202.000000
avance = -497.000000, avanceR = 2.000000, avanceI = 2.000000
inc_x_r = 0.000000, inc_y_r = 1.000000, inc_x_i = 1.000000, inc_y_i = 1.000000
En el else......

----------------------------------------
x = 56.000000, y = 203.000000
avance = -495.000000, avanceR = 2.000000, avanceI = 2.000000
inc_x_r = 0.000000, inc_y_r = 1.000000, inc_x_i = 1.000000, inc_y_i = 1.000000
En el else......

----------------------------------------
x = 56.000000, y = 204.000000
avance = -493.000000, avanceR = 2.000000, avanceI = 2.000000
inc_x_r = 0.000000, inc_y_r = 1.000000, inc_x_i = 1.000000, inc_y_i = 1.000000
En el else......

----------------------------------------
x = 56.000000, y = 205.000000
avance = -491.000000, avanceR = 2.000000, avanceI = 2.000000
inc_x_r = 0.000000, inc_y_r = 1.000000, inc_x_i = 1.000000, inc_y_i = 1.000000
En el else......

----------------------------------------
x = 56.000000, y = 206.000000
avance = -489.000000, avanceR = 2.000000, avanceI = 2.000000
inc_x_r = 0.000000, inc_y_r = 1.000000, inc_x_i = 1.000000, inc_y_i = 1.000000
En el else......

----------------------------------------
x = 56.000000, y = 207.000000
avance = -487.000000, avanceR = 2.000000, avanceI = 2.000000
inc_x_r = 0.000000, inc_y_r = 1.000000, inc_x_i = 1.000000, inc_y_i = 1.000000
En el else......

----------------------------------------
x = 56.000000, y = 208.000000
avance = -485.000000, avanceR = 2.000000, avanceI = 2.000000
inc_x_r = 0.000000, inc_y_r = 1.000000, inc_x_i = 1.000000, inc_y_i = 1.000000
En el else......

----------------------------------------
x = 56.000000, y = 209.000000
avance = -483.000000, avanceR = 2.000000, avanceI = 2.000000
inc_x_r = 0.000000, inc_y_r = 1.000000, inc_x_i = 1.000000, inc_y_i = 1.000000
En el else......

----------------------------------------
x = 56.000000, y = 210.000000
avance = -481.000000, avanceR = 2.000000, avanceI = 2.000000
inc_x_r = 0.000000, inc_y_r = 1.000000, inc_x_i = 1.000000, inc_y_i = 1.000000
En el else......

----------------------------------------
x = 56.000000, y = 211.000000
avance = -479.000000, avanceR = 2.000000, avanceI = 2.000000
inc_x_r = 0.000000, inc_y_r = 1.000000, inc_x_i = 1.000000, inc_y_i = 1.000000
En el else......

----------------------------------------
x = 56.000000, y = 212.000000
avance = -477.000000, avanceR = 2.000000, avanceI = 2.000000
inc_x_r = 0.000000, inc_y_r = 1.000000, inc_x_i = 1.000000, inc_y_i = 1.000000
En el else......

----------------------------------------
x = 56.000000, y = 213.000000
avance = -475.000000, avanceR = 2.000000, avanceI = 2.000000
inc_x_r = 0.000000, inc_y_r = 1.000000, inc_x_i = 1.000000, inc_y_i = 1.000000
En el else......

----------------------------------------
x = 56.000000, y = 214.000000
avance = -473.000000, avanceR = 2.000000, avanceI = 2.000000
inc_x_r = 0.000000, inc_y_r = 1.000000, inc_x_i = 1.000000, inc_y_i = 1.000000
En el else......

----------------------------------------
x = 56.000000, y = 215.000000
avance = -471.000000, avanceR = 2.000000, avanceI = 2.000000
inc_x_r = 0.000000, inc_y_r = 1.000000, inc_x_i = 1.000000, inc_y_i = 1.000000
En el else......

----------------------------------------
x = 56.000000, y = 216.000000
avance = -469.000000, avanceR = 2.000000, avanceI = 2.000000
inc_x_r = 0.000000, inc_y_r = 1.000000, inc_x_i = 1.000000, inc_y_i = 1.000000
En el else......

----------------------------------------
x = 56.000000, y = 217.000000
avance = -467.000000, avanceR = 2.000000, avanceI = 2.000000
inc_x_r = 0.000000, inc_y_r = 1.000000, inc_x_i = 1.000000, inc_y_i = 1.000000
En el else......

----------------------------------------
x = 56.000000, y = 218.000000
avance = -465.000000, avanceR = 2.000000, avanceI = 2.000000
inc_x_r = 0.000000, inc_y_r = 1.000000, inc_x_i = 1.000000, inc_y_i = 1.000000
En el else......

----------------------------------------
x = 56.000000, y = 219.000000
avance = -463.000000, avanceR = 2.000000, avanceI = 2.000000
inc_x_r = 0.000000, inc_y_r = 1.000000, inc_x_i = 1.000000, inc_y_i = 1.000000
En el else......

----------------------------------------
x = 56.000000, y = 220.000000
avance = -461.000000, avanceR = 2.000000, avanceI = 2.000000
inc_x_r = 0.000000, inc_y_r = 1.000000, inc_x_i = 1.000000, inc_y_i = 1.000000
En el else......

----------------------------------------
x = 56.000000, y = 221.000000
avance = -459.000000, avanceR = 2.000000, avanceI = 2.000000
inc_x_r = 0.000000, inc_y_r = 1.000000, inc_x_i = 1.000000, inc_y_i = 1.000000
En el else......

----------------------------------------
x = 56.000000, y = 222.000000
avance = -457.000000, avanceR = 2.000000, avanceI = 2.000000
inc_x_r = 0.000000, inc_y_r = 1.000000, inc_x_i = 1.000000, inc_y_i = 1.000000
En el else......

----------------------------------------
x = 56.000000, y = 223.000000
avance = -455.000000, avanceR = 2.000000, avanceI = 2.000000
inc_x_r = 0.000000, inc_y_r = 1.000000, inc_x_i = 1.000000, inc_y_i = 1.000000
En el else......

----------------------------------------
x = 56.000000, y = 224.000000
avance = -453.000000, avanceR = 2.000000, avanceI = 2.000000
inc_x_r = 0.000000, inc_y_r = 1.000000, inc_x_i = 1.000000, inc_y_i = 1.000000
En el else......

----------------------------------------
x = 56.000000, y = 225.000000
avance = -451.000000, avanceR = 2.000000, avanceI = 2.000000
inc_x_r = 0.000000, inc_y_r = 1.000000, inc_x_i = 1.000000, inc_y_i = 1.000000
En el else......

----------------------------------------
x = 56.000000, y = 226.000000
avance = -449.000000, avanceR = 2.000000, avanceI = 2.000000
inc_x_r = 0.000000, inc_y_r = 1.000000, inc_x_i = 1.000000, inc_y_i = 1.000000
En el else......

----------------------------------------
x = 56.000000, y = 227.000000
avance = -447.000000, avanceR = 2.000000, avanceI = 2.000000
inc_x_r = 0.000000, inc_y_r = 1.000000, inc_x_i = 1.000000, inc_y_i = 1.000000
En el else......

----------------------------------------
x = 56.000000, y = 228.000000
avance = -445.000000, avanceR = 2.000000, avanceI = 2.000000
inc_x_r = 0.000000, inc_y_r = 1.000000, inc_x_i = 1.000000, inc_y_i = 1.000000
En el else......

----------------------------------------
x = 56.000000, y = 229.000000
avance = -443.000000, avanceR = 2.000000, avanceI = 2.000000
inc_x_r = 0.000000, inc_y_r = 1.000000, inc_x_i = 1.000000, inc_y_i = 1.000000
En el else......

----------------------------------------
x = 56.000000, y = 230.000000
avance = -441.000000, avanceR = 2.000000, avanceI = 2.000000
inc_x_r = 0.000000, inc_y_r = 1.000000, inc_x_i = 1.000000, inc_y_i = 1.000000
En el else......

----------------------------------------
x = 56.000000, y = 231.000000
avance = -439.000000, avanceR = 2.000000, avanceI = 2.000000
inc_x_r = 0.000000, inc_y_r = 1.000000, inc_x_i = 1.000000, inc_y_i = 1.000000
En el else......

----------------------------------------
x = 56.000000, y = 232.000000
avance = -437.000000, avanceR = 2.000000, avanceI = 2.000000
inc_x_r = 0.000000, inc_y_r = 1.000000, inc_x_i = 1.000000, inc_y_i = 1.000000
En el else......

----------------------------------------
x = 56.000000, y = 233.000000
avance = -435.000000, avanceR = 2.000000, avanceI = 2.000000
inc_x_r = 0.000000, inc_y_r = 1.000000, inc_x_i = 1.000000, inc_y_i = 1.000000
En el else......

----------------------------------------
x = 56.000000, y = 234.000000
avance = -433.000000, avanceR = 2.000000, avanceI = 2.000000
inc_x_r = 0.000000, inc_y_r = 1.000000, inc_x_i = 1.000000, inc_y_i = 1.000000
En el else......

----------------------------------------
x = 56.000000, y = 235.000000
avance = -431.000000, avanceR = 2.000000, avanceI = 2.000000
inc_x_r = 0.000000, inc_y_r = 1.000000, inc_x_i = 1.000000, inc_y_i = 1.000000
En el else......

----------------------------------------
x = 56.000000, y = 236.000000
avance = -429.000000, avanceR = 2.000000, avanceI = 2.000000
inc_x_r = 0.000000, inc_y_r = 1.000000, inc_x_i = 1.000000, inc_y_i = 1.000000
En el else......

----------------------------------------
x = 56.000000, y = 237.000000
avance = -427.000000, avanceR = 2.000000, avanceI = 2.000000
inc_x_r = 0.000000, inc_y_r = 1.000000, inc_x_i = 1.000000, inc_y_i = 1.000000
En el else......

----------------------------------------
x = 56.000000, y = 238.000000
avance = -425.000000, avanceR = 2.000000, avanceI = 2.000000
inc_x_r = 0.000000, inc_y_r = 1.000000, inc_x_i = 1.000000, inc_y_i = 1.000000
En el else......

----------------------------------------
x = 56.000000, y = 239.000000
avance = -423.000000, avanceR = 2.000000, avanceI = 2.000000
inc_x_r = 0.000000, inc_y_r = 1.000000, inc_x_i = 1.000000, inc_y_i = 1.000000
En el else......

----------------------------------------
x = 56.000000, y = 240.000000
avance = -421.000000, avanceR = 2.000000, avanceI = 2.000000
inc_x_r = 0.000000, inc_y_r = 1.000000, inc_x_i = 1.000000, inc_y_i = 1.000000
En el else......

----------------------------------------
x = 56.000000, y = 241.000000
avance = -419.000000, avanceR = 2.000000, avanceI = 2.000000
inc_x_r = 0.000000, inc_y_r = 1.000000, inc_x_i = 1.000000, inc_y_i = 1.000000
En el else......

----------------------------------------
x = 56.000000, y = 242.000000
avance = -417.000000, avanceR = 2.000000, avanceI = 2.000000
inc_x_r = 0.000000, inc_y_r = 1.000000, inc_x_i = 1.000000, inc_y_i = 1.000000
En el else......

----------------------------------------
x = 56.000000, y = 243.000000
avance = -415.000000, avanceR = 2.000000, avanceI = 2.000000
inc_x_r = 0.000000, inc_y_r = 1.000000, inc_x_i = 1.000000, inc_y_i = 1.000000
En el else......

----------------------------------------
x = 56.000000, y = 244.000000
avance = -413.000000, avanceR = 2.000000, avanceI = 2.000000
inc_x_r = 0.000000, inc_y_r = 1.000000, inc_x_i = 1.000000, inc_y_i = 1.000000
En el else......

----------------------------------------
x = 56.000000, y = 245.000000
avance = -411.000000, avanceR = 2.000000, avanceI = 2.000000
inc_x_r = 0.000000, inc_y_r = 1.000000, inc_x_i = 1.000000, inc_y_i = 1.000000
En el else......

----------------------------------------
x = 56.000000, y = 246.000000
avance = -409.000000, avanceR = 2.000000, avanceI = 2.000000
inc_x_r = 0.000000, inc_y_r = 1.000000, inc_x_i = 1.000000, inc_y_i = 1.000000
En el else......

----------------------------------------
x = 56.000000, y = 247.000000
avance = -407.000000, avanceR = 2.000000, avanceI = 2.000000
inc_x_r = 0.000000, inc_y_r = 1.000000, inc_x_i = 1.000000, inc_y_i = 1.000000
En el else......

----------------------------------------
x = 56.000000, y = 248.000000
avance = -405.000000, avanceR = 2.000000, avanceI = 2.000000
inc_x_r = 0.000000, inc_y_r = 1.000000, inc_x_i = 1.000000, inc_y_i = 1.000000
En el else......

----------------------------------------
x = 56.000000, y = 249.000000
avance = -403.000000, avanceR = 2.000000, avanceI = 2.000000
inc_x_r = 0.000000, inc_y_r = 1.000000, inc_x_i = 1.000000, inc_y_i = 1.000000
En el else......

----------------------------------------
x = 56.000000, y = 250.000000
avance = -401.000000, avanceR = 2.000000, avanceI = 2.000000
inc_x_r = 0.000000, inc_y_r = 1.000000, inc_x_i = 1.000000, inc_y_i = 1.000000
En el else......

----------------------------------------
x = 56.000000, y = 251.000000
avance = -399.000000, avanceR = 2.000000, avanceI = 2.000000
inc_x_r = 0.000000, inc_y_r = 1.000000, inc_x_i = 1.000000, inc_y_i = 1.000000
En el else......

----------------------------------------
x = 56.000000, y = 252.000000
avance = -397.000000, avanceR = 2.000000, avanceI = 2.000000
inc_x_r = 0.000000, inc_y_r = 1.000000, inc_x_i = 1.000000, inc_y_i = 1.000000
En el else......

----------------------------------------
x = 56.000000, y = 253.000000
avance = -395.000000, avanceR = 2.000000, avanceI = 2.000000
inc_x_r = 0.000000, inc_y_r = 1.000000, inc_x_i = 1.000000, inc_y_i = 1.000000
En el else......

----------------------------------------
x = 56.000000, y = 254.000000
avance = -393.000000, avanceR = 2.000000, avanceI = 2.000000
inc_x_r = 0.000000, inc_y_r = 1.000000, inc_x_i = 1.000000, inc_y_i = 1.000000
En el else......

----------------------------------------
x = 56.000000, y = 255.000000
avance = -391.000000, avanceR = 2.000000, avanceI = 2.000000
inc_x_r = 0.000000, inc_y_r = 1.000000, inc_x_i = 1.000000, inc_y_i = 1.000000
En el else......

----------------------------------------
x = 56.000000, y = 256.000000
avance = -389.000000, avanceR = 2.000000, avanceI = 2.000000
inc_x_r = 0.000000, inc_y_r = 1.000000, inc_x_i = 1.000000, inc_y_i = 1.000000
En el else......

----------------------------------------
x = 56.000000, y = 257.000000
avance = -387.000000, avanceR = 2.000000, avanceI = 2.000000
inc_x_r = 0.000000, inc_y_r = 1.000000, inc_x_i = 1.000000, inc_y_i = 1.000000
En el else......

----------------------------------------
x = 56.000000, y = 258.000000
avance = -385.000000, avanceR = 2.000000, avanceI = 2.000000
inc_x_r = 0.000000, inc_y_r = 1.000000, inc_x_i = 1.000000, inc_y_i = 1.000000
En el else......

----------------------------------------
x = 56.000000, y = 259.000000
avance = -383.000000, avanceR = 2.000000, avanceI = 2.000000
inc_x_r = 0.000000, inc_y_r = 1.000000, inc_x_i = 1.000000, inc_y_i = 1.000000
En el else......

----------------------------------------
x = 56.000000, y = 260.000000
avance = -381.000000, avanceR = 2.000000, avanceI = 2.000000
inc_x_r = 0.000000, inc_y_r = 1.000000, inc_x_i = 1.000000, inc_y_i = 1.000000
En el else......

----------------------------------------
x = 56.000000, y = 261.000000
avance = -379.000000, avanceR = 2.000000, avanceI = 2.000000
inc_x_r = 0.000000, inc_y_r = 1.000000, inc_x_i = 1.000000, inc_y_i = 1.000000
En el else......

----------------------------------------
x = 56.000000, y = 262.000000
avance = -377.000000, avanceR = 2.000000, avanceI = 2.000000
inc_x_r = 0.000000, inc_y_r = 1.000000, inc_x_i = 1.000000, inc_y_i = 1.000000
En el else......

----------------------------------------
x = 56.000000, y = 263.000000
avance = -375.000000, avanceR = 2.000000, avanceI = 2.000000
inc_x_r = 0.000000, inc_y_r = 1.000000, inc_x_i = 1.000000, inc_y_i = 1.000000
En el else......

----------------------------------------
x = 56.000000, y = 264.000000
avance = -373.000000, avanceR = 2.000000, avanceI = 2.000000
inc_x_r = 0.000000, inc_y_r = 1.000000, inc_x_i = 1.000000, inc_y_i = 1.000000
En el else......

----------------------------------------
x = 56.000000, y = 265.000000
avance = -371.000000, avanceR = 2.000000, avanceI = 2.000000
inc_x_r = 0.000000, inc_y_r = 1.000000, inc_x_i = 1.000000, inc_y_i = 1.000000
En el else......

----------------------------------------
x = 56.000000, y = 266.000000
avance = -369.000000, avanceR = 2.000000, avanceI = 2.000000
inc_x_r = 0.000000, inc_y_r = 1.000000, inc_x_i = 1.000000, inc_y_i = 1.000000
En el else......

----------------------------------------
x = 56.000000, y = 267.000000
avance = -367.000000, avanceR = 2.000000, avanceI = 2.000000
inc_x_r = 0.000000, inc_y_r = 1.000000, inc_x_i = 1.000000, inc_y_i = 1.000000
En el else......

----------------------------------------
x = 56.000000, y = 268.000000
avance = -365.000000, avanceR = 2.000000, avanceI = 2.000000
inc_x_r = 0.000000, inc_y_r = 1.000000, inc_x_i = 1.000000, inc_y_i = 1.000000
En el else......

----------------------------------------
x = 56.000000, y = 269.000000
avance = -363.000000, avanceR = 2.000000, avanceI = 2.000000
inc_x_r = 0.000000, inc_y_r = 1.000000, inc_x_i = 1.000000, inc_y_i = 1.000000
En el else......

----------------------------------------
x = 56.000000, y = 270.000000
avance = -361.000000, avanceR = 2.000000, avanceI = 2.000000
inc_x_r = 0.000000, inc_y_r = 1.000000, inc_x_i = 1.000000, inc_y_i = 1.000000
En el else......

----------------------------------------
x = 56.000000, y = 271.000000
avance = -359.000000, avanceR = 2.000000, avanceI = 2.000000
inc_x_r = 0.000000, inc_y_r = 1.000000, inc_x_i = 1.000000, inc_y_i = 1.000000
En el else......

----------------------------------------
x = 56.000000, y = 272.000000
avance = -357.000000, avanceR = 2.000000, avanceI = 2.000000
inc_x_r = 0.000000, inc_y_r = 1.000000, inc_x_i = 1.000000, inc_y_i = 1.000000
En el else......

----------------------------------------
x = 56.000000, y = 273.000000
avance = -355.000000, avanceR = 2.000000, avanceI = 2.000000
inc_x_r = 0.000000, inc_y_r = 1.000000, inc_x_i = 1.000000, inc_y_i = 1.000000
En el else......

----------------------------------------
x = 56.000000, y = 274.000000
avance = -353.000000, avanceR = 2.000000, avanceI = 2.000000
inc_x_r = 0.000000, inc_y_r = 1.000000, inc_x_i = 1.000000, inc_y_i = 1.000000
En el else......

----------------------------------------
x = 56.000000, y = 275.000000
avance = -351.000000, avanceR = 2.000000, avanceI = 2.000000
inc_x_r = 0.000000, inc_y_r = 1.000000, inc_x_i = 1.000000, inc_y_i = 1.000000
En el else......

----------------------------------------
x = 56.000000, y = 276.000000
avance = -349.000000, avanceR = 2.000000, avanceI = 2.000000
inc_x_r = 0.000000, inc_y_r = 1.000000, inc_x_i = 1.000000, inc_y_i = 1.000000
En el else......

----------------------------------------
x = 56.000000, y = 277.000000
avance = -347.000000, avanceR = 2.000000, avanceI = 2.000000
inc_x_r = 0.000000, inc_y_r = 1.000000, inc_x_i = 1.000000, inc_y_i = 1.000000
En el else......

----------------------------------------
x = 56.000000, y = 278.000000
avance = -345.000000, avanceR = 2.000000, avanceI = 2.000000
inc_x_r = 0.000000, inc_y_r = 1.000000, inc_x_i = 1.000000, inc_y_i = 1.000000
En el else......

----------------------------------------
x = 56.000000, y = 279.000000
avance = -343.000000, avanceR = 2.000000, avanceI = 2.000000
inc_x_r = 0.000000, inc_y_r = 1.000000, inc_x_i = 1.000000, inc_y_i = 1.000000
En el else......

----------------------------------------
x = 56.000000, y = 280.000000
avance = -341.000000, avanceR = 2.000000, avanceI = 2.000000
inc_x_r = 0.000000, inc_y_r = 1.000000, inc_x_i = 1.000000, inc_y_i = 1.000000
En el else......

----------------------------------------
x = 56.000000, y = 281.000000
avance = -339.000000, avanceR = 2.000000, avanceI = 2.000000
inc_x_r = 0.000000, inc_y_r = 1.000000, inc_x_i = 1.000000, inc_y_i = 1.000000
En el else......

----------------------------------------
x = 56.000000, y = 282.000000
avance = -337.000000, avanceR = 2.000000, avanceI = 2.000000
inc_x_r = 0.000000, inc_y_r = 1.000000, inc_x_i = 1.000000, inc_y_i = 1.000000
En el else......

----------------------------------------
x = 56.000000, y = 283.000000
avance = -335.000000, avanceR = 2.000000, avanceI = 2.000000
inc_x_r = 0.000000, inc_y_r = 1.000000, inc_x_i = 1.000000, inc_y_i = 1.000000
En el else......

----------------------------------------
x = 56.000000, y = 284.000000
avance = -333.000000, avanceR = 2.000000, avanceI = 2.000000
inc_x_r = 0.000000, inc_y_r = 1.000000, inc_x_i = 1.000000, inc_y_i = 1.000000
En el else......

----------------------------------------
x = 56.000000, y = 285.000000
avance = -331.000000, avanceR = 2.000000, avanceI = 2.000000
inc_x_r = 0.000000, inc_y_r = 1.000000, inc_x_i = 1.000000, inc_y_i = 1.000000
En el else......

----------------------------------------
x = 56.000000, y = 286.000000
avance = -329.000000, avanceR = 2.000000, avanceI = 2.000000
inc_x_r = 0.000000, inc_y_r = 1.000000, inc_x_i = 1.000000, inc_y_i = 1.000000
En el else......

----------------------------------------
x = 56.000000, y = 287.000000
avance = -327.000000, avanceR = 2.000000, avanceI = 2.000000
inc_x_r = 0.000000, inc_y_r = 1.000000, inc_x_i = 1.000000, inc_y_i = 1.000000
En el else......

----------------------------------------
x = 56.000000, y = 288.000000
avance = -325.000000, avanceR = 2.000000, avanceI = 2.000000
inc_x_r = 0.000000, inc_y_r = 1.000000, inc_x_i = 1.000000, inc_y_i = 1.000000
En el else......

----------------------------------------
x = 56.000000, y = 289.000000
avance = -323.000000, avanceR = 2.000000, avanceI = 2.000000
inc_x_r = 0.000000, inc_y_r = 1.000000, inc_x_i = 1.000000, inc_y_i = 1.000000
En el else......

----------------------------------------
x = 56.000000, y = 290.000000
avance = -321.000000, avanceR = 2.000000, avanceI = 2.000000
inc_x_r = 0.000000, inc_y_r = 1.000000, inc_x_i = 1.000000, inc_y_i = 1.000000
En el else......

----------------------------------------
x = 56.000000, y = 291.000000
avance = -319.000000, avanceR = 2.000000, avanceI = 2.000000
inc_x_r = 0.000000, inc_y_r = 1.000000, inc_x_i = 1.000000, inc_y_i = 1.000000
En el else......

----------------------------------------
x = 56.000000, y = 292.000000
avance = -317.000000, avanceR = 2.000000, avanceI = 2.000000
inc_x_r = 0.000000, inc_y_r = 1.000000, inc_x_i = 1.000000, inc_y_i = 1.000000
En el else......

----------------------------------------
x = 56.000000, y = 293.000000
avance = -315.000000, avanceR = 2.000000, avanceI = 2.000000
inc_x_r = 0.000000, inc_y_r = 1.000000, inc_x_i = 1.000000, inc_y_i = 1.000000
En el else......

----------------------------------------
x = 56.000000, y = 294.000000
avance = -313.000000, avanceR = 2.000000, avanceI = 2.000000
inc_x_r = 0.000000, inc_y_r = 1.000000, inc_x_i = 1.000000, inc_y_i = 1.000000
En el else......

----------------------------------------
x = 56.000000, y = 295.000000
avance = -311.000000, avanceR = 2.000000, avanceI = 2.000000
inc_x_r = 0.000000, inc_y_r = 1.000000, inc_x_i = 1.000000, inc_y_i = 1.000000
En el else......

----------------------------------------
x = 56.000000, y = 296.000000
avance = -309.000000, avanceR = 2.000000, avanceI = 2.000000
inc_x_r = 0.000000, inc_y_r = 1.000000, inc_x_i = 1.000000, inc_y_i = 1.000000
En el else......

----------------------------------------
x = 56.000000, y = 297.000000
avance = -307.000000, avanceR = 2.000000, avanceI = 2.000000
inc_x_r = 0.000000, inc_y_r = 1.000000, inc_x_i = 1.000000, inc_y_i = 1.000000
En el else......

----------------------------------------
x = 56.000000, y = 298.000000
avance = -305.000000, avanceR = 2.000000, avanceI = 2.000000
inc_x_r = 0.000000, inc_y_r = 1.000000, inc_x_i = 1.000000, inc_y_i = 1.000000
En el else......

----------------------------------------
x = 56.000000, y = 299.000000
avance = -303.000000, avanceR = 2.000000, avanceI = 2.000000
inc_x_r = 0.000000, inc_y_r = 1.000000, inc_x_i = 1.000000, inc_y_i = 1.000000
En el else......

----------------------------------------
x = 56.000000, y = 300.000000
avance = -301.000000, avanceR = 2.000000, avanceI = 2.000000
inc_x_r = 0.000000, inc_y_r = 1.000000, inc_x_i = 1.000000, inc_y_i = 1.000000
En el else......

----------------------------------------
x = 56.000000, y = 301.000000
avance = -299.000000, avanceR = 2.000000, avanceI = 2.000000
inc_x_r = 0.000000, inc_y_r = 1.000000, inc_x_i = 1.000000, inc_y_i = 1.000000
En el else......

----------------------------------------
x = 56.000000, y = 302.000000
avance = -297.000000, avanceR = 2.000000, avanceI = 2.000000
inc_x_r = 0.000000, inc_y_r = 1.000000, inc_x_i = 1.000000, inc_y_i = 1.000000
En el else......

----------------------------------------
x = 56.000000, y = 303.000000
avance = -295.000000, avanceR = 2.000000, avanceI = 2.000000
inc_x_r = 0.000000, inc_y_r = 1.000000, inc_x_i = 1.000000, inc_y_i = 1.000000
En el else......

----------------------------------------
x = 56.000000, y = 304.000000
avance = -293.000000, avanceR = 2.000000, avanceI = 2.000000
inc_x_r = 0.000000, inc_y_r = 1.000000, inc_x_i = 1.000000, inc_y_i = 1.000000
En el else......

----------------------------------------
x = 56.000000, y = 305.000000
avance = -291.000000, avanceR = 2.000000, avanceI = 2.000000
inc_x_r = 0.000000, inc_y_r = 1.000000, inc_x_i = 1.000000, inc_y_i = 1.000000
En el else......

----------------------------------------
x = 56.000000, y = 306.000000
avance = -289.000000, avanceR = 2.000000, avanceI = 2.000000
inc_x_r = 0.000000, inc_y_r = 1.000000, inc_x_i = 1.000000, inc_y_i = 1.000000
En el else......

----------------------------------------
x = 56.000000, y = 307.000000
avance = -287.000000, avanceR = 2.000000, avanceI = 2.000000
inc_x_r = 0.000000, inc_y_r = 1.000000, inc_x_i = 1.000000, inc_y_i = 1.000000
En el else......

----------------------------------------
x = 56.000000, y = 308.000000
avance = -285.000000, avanceR = 2.000000, avanceI = 2.000000
inc_x_r = 0.000000, inc_y_r = 1.000000, inc_x_i = 1.000000, inc_y_i = 1.000000
En el else......

----------------------------------------
x = 56.000000, y = 309.000000
avance = -283.000000, avanceR = 2.000000, avanceI = 2.000000
inc_x_r = 0.000000, inc_y_r = 1.000000, inc_x_i = 1.000000, inc_y_i = 1.000000
En el else......

----------------------------------------
x = 56.000000, y = 310.000000
avance = -281.000000, avanceR = 2.000000, avanceI = 2.000000
inc_x_r = 0.000000, inc_y_r = 1.000000, inc_x_i = 1.000000, inc_y_i = 1.000000
En el else......

----------------------------------------
x = 56.000000, y = 311.000000
avance = -279.000000, avanceR = 2.000000, avanceI = 2.000000
inc_x_r = 0.000000, inc_y_r = 1.000000, inc_x_i = 1.000000, inc_y_i = 1.000000
En el else......

----------------------------------------
x = 56.000000, y = 312.000000
avance = -277.000000, avanceR = 2.000000, avanceI = 2.000000
inc_x_r = 0.000000, inc_y_r = 1.000000, inc_x_i = 1.000000, inc_y_i = 1.000000
En el else......

----------------------------------------
x = 56.000000, y = 313.000000
avance = -275.000000, avanceR = 2.000000, avanceI = 2.000000
inc_x_r = 0.000000, inc_y_r = 1.000000, inc_x_i = 1.000000, inc_y_i = 1.000000
En el else......

----------------------------------------
x = 56.000000, y = 314.000000
avance = -273.000000, avanceR = 2.000000, avanceI = 2.000000
inc_x_r = 0.000000, inc_y_r = 1.000000, inc_x_i = 1.000000, inc_y_i = 1.000000
En el else......

----------------------------------------
x = 56.000000, y = 315.000000
avance = -271.000000, avanceR = 2.000000, avanceI = 2.000000
inc_x_r = 0.000000, inc_y_r = 1.000000, inc_x_i = 1.000000, inc_y_i = 1.000000
En el else......

----------------------------------------
x = 56.000000, y = 316.000000
avance = -269.000000, avanceR = 2.000000, avanceI = 2.000000
inc_x_r = 0.000000, inc_y_r = 1.000000, inc_x_i = 1.000000, inc_y_i = 1.000000
En el else......

----------------------------------------
x = 56.000000, y = 317.000000
avance = -267.000000, avanceR = 2.000000, avanceI = 2.000000
inc_x_r = 0.000000, inc_y_r = 1.000000, inc_x_i = 1.000000, inc_y_i = 1.000000
En el else......

----------------------------------------
x = 56.000000, y = 318.000000
avance = -265.000000, avanceR = 2.000000, avanceI = 2.000000
inc_x_r = 0.000000, inc_y_r = 1.000000, inc_x_i = 1.000000, inc_y_i = 1.000000
En el else......

----------------------------------------
x = 56.000000, y = 319.000000
avance = -263.000000, avanceR = 2.000000, avanceI = 2.000000
inc_x_r = 0.000000, inc_y_r = 1.000000, inc_x_i = 1.000000, inc_y_i = 1.000000
En el else......

----------------------------------------
x = 56.000000, y = 320.000000
avance = -261.000000, avanceR = 2.000000, avanceI = 2.000000
inc_x_r = 0.000000, inc_y_r = 1.000000, inc_x_i = 1.000000, inc_y_i = 1.000000
En el else......

----------------------------------------
x = 56.000000, y = 321.000000
avance = -259.000000, avanceR = 2.000000, avanceI = 2.000000
inc_x_r = 0.000000, inc_y_r = 1.000000, inc_x_i = 1.000000, inc_y_i = 1.000000
En el else......

----------------------------------------
x = 56.000000, y = 322.000000
avance = -257.000000, avanceR = 2.000000, avanceI = 2.000000
inc_x_r = 0.000000, inc_y_r = 1.000000, inc_x_i = 1.000000, inc_y_i = 1.000000
En el else......

----------------------------------------
x = 56.000000, y = 323.000000
avance = -255.000000, avanceR = 2.000000, avanceI = 2.000000
inc_x_r = 0.000000, inc_y_r = 1.000000, inc_x_i = 1.000000, inc_y_i = 1.000000
En el else......

----------------------------------------
x = 56.000000, y = 324.000000
avance = -253.000000, avanceR = 2.000000, avanceI = 2.000000
inc_x_r = 0.000000, inc_y_r = 1.000000, inc_x_i = 1.000000, inc_y_i = 1.000000
En el else......

----------------------------------------
x = 56.000000, y = 325.000000
avance = -251.000000, avanceR = 2.000000, avanceI = 2.000000
inc_x_r = 0.000000, inc_y_r = 1.000000, inc_x_i = 1.000000, inc_y_i = 1.000000
En el else......

----------------------------------------


ENTRAMOS A BRESENHAMªªªª
x1 = 55.000000 - y1 = 75.000000 || x2 = 56.000000 - y2 = 326.000000
dy = 251.000000, dx = 1.000000
avances inclinados: inc_x_i = 1.000000, inc_y_i = 1.000000
updated: dy = 251.000000, dx = 1.000000
avances rectos: inc_x_r = 0.000000, inc_y_r 1.000000
reupdated: dy = 1.000000, dx = 251.000000
avanceR = 2.000000, avance -249.000000, avanceI 2.000000
----------------------------------------
x = 55.000000, y = 75.000000
avance = -249.000000, avanceR = 2.000000, avanceI = 2.000000
inc_x_r = 0.000000, inc_y_r = 1.000000, inc_x_i = 1.000000, inc_y_i = 1.000000
En el else......

----------------------------------------
x = 55.000000, y = 76.000000
avance = -247.000000, avanceR = 2.000000, avanceI = 2.000000
inc_x_r = 0.000000, inc_y_r = 1.000000, inc_x_i = 1.000000, inc_y_i = 1.000000
En el else......

----------------------------------------
x = 55.000000, y = 77.000000
avance = -245.000000, avanceR = 2.000000, avanceI = 2.000000
inc_x_r = 0.000000, inc_y_r = 1.000000, inc_x_i = 1.000000, inc_y_i = 1.000000
En el else......

----------------------------------------
x = 55.000000, y = 78.000000
avance = -243.000000, avanceR = 2.000000, avanceI = 2.000000
inc_x_r = 0.000000, inc_y_r = 1.000000, inc_x_i = 1.000000, inc_y_i = 1.000000
En el else......

----------------------------------------
x = 55.000000, y = 79.000000
avance = -241.000000, avanceR = 2.000000, avanceI = 2.000000
inc_x_r = 0.000000, inc_y_r = 1.000000, inc_x_i = 1.000000, inc_y_i = 1.000000
En el else......

----------------------------------------
x = 55.000000, y = 80.000000
avance = -239.000000, avanceR = 2.000000, avanceI = 2.000000
inc_x_r = 0.000000, inc_y_r = 1.000000, inc_x_i = 1.000000, inc_y_i = 1.000000
En el else......

----------------------------------------
x = 55.000000, y = 81.000000
avance = -237.000000, avanceR = 2.000000, avanceI = 2.000000
inc_x_r = 0.000000, inc_y_r = 1.000000, inc_x_i = 1.000000, inc_y_i = 1.000000
En el else......

----------------------------------------
x = 55.000000, y = 82.000000
avance = -235.000000, avanceR = 2.000000, avanceI = 2.000000
inc_x_r = 0.000000, inc_y_r = 1.000000, inc_x_i = 1.000000, inc_y_i = 1.000000
En el else......

----------------------------------------
x = 55.000000, y = 83.000000
avance = -233.000000, avanceR = 2.000000, avanceI = 2.000000
inc_x_r = 0.000000, inc_y_r = 1.000000, inc_x_i = 1.000000, inc_y_i = 1.000000
En el else......

----------------------------------------
x = 55.000000, y = 84.000000
avance = -231.000000, avanceR = 2.000000, avanceI = 2.000000
inc_x_r = 0.000000, inc_y_r = 1.000000, inc_x_i = 1.000000, inc_y_i = 1.000000
En el else......

----------------------------------------
x = 55.000000, y = 85.000000
avance = -229.000000, avanceR = 2.000000, avanceI = 2.000000
inc_x_r = 0.000000, inc_y_r = 1.000000, inc_x_i = 1.000000, inc_y_i = 1.000000
En el else......

----------------------------------------
x = 55.000000, y = 86.000000
avance = -227.000000, avanceR = 2.000000, avanceI = 2.000000
inc_x_r = 0.000000, inc_y_r = 1.000000, inc_x_i = 1.000000, inc_y_i = 1.000000
En el else......

----------------------------------------
x = 55.000000, y = 87.000000
avance = -225.000000, avanceR = 2.000000, avanceI = 2.000000
inc_x_r = 0.000000, inc_y_r = 1.000000, inc_x_i = 1.000000, inc_y_i = 1.000000
En el else......

----------------------------------------
x = 55.000000, y = 88.000000
avance = -223.000000, avanceR = 2.000000, avanceI = 2.000000
inc_x_r = 0.000000, inc_y_r = 1.000000, inc_x_i = 1.000000, inc_y_i = 1.000000
En el else......

----------------------------------------
x = 55.000000, y = 89.000000
avance = -221.000000, avanceR = 2.000000, avanceI = 2.000000
inc_x_r = 0.000000, inc_y_r = 1.000000, inc_x_i = 1.000000, inc_y_i = 1.000000
En el else......

----------------------------------------
x = 55.000000, y = 90.000000
avance = -219.000000, avanceR = 2.000000, avanceI = 2.000000
inc_x_r = 0.000000, inc_y_r = 1.000000, inc_x_i = 1.000000, inc_y_i = 1.000000
En el else......

----------------------------------------
x = 55.000000, y = 91.000000
avance = -217.000000, avanceR = 2.000000, avanceI = 2.000000
inc_x_r = 0.000000, inc_y_r = 1.000000, inc_x_i = 1.000000, inc_y_i = 1.000000
En el else......

----------------------------------------
x = 55.000000, y = 92.000000
avance = -215.000000, avanceR = 2.000000, avanceI = 2.000000
inc_x_r = 0.000000, inc_y_r = 1.000000, inc_x_i = 1.000000, inc_y_i = 1.000000
En el else......

----------------------------------------
x = 55.000000, y = 93.000000
avance = -213.000000, avanceR = 2.000000, avanceI = 2.000000
inc_x_r = 0.000000, inc_y_r = 1.000000, inc_x_i = 1.000000, inc_y_i = 1.000000
En el else......

----------------------------------------
x = 55.000000, y = 94.000000
avance = -211.000000, avanceR = 2.000000, avanceI = 2.000000
inc_x_r = 0.000000, inc_y_r = 1.000000, inc_x_i = 1.000000, inc_y_i = 1.000000
En el else......

----------------------------------------
x = 55.000000, y = 95.000000
avance = -209.000000, avanceR = 2.000000, avanceI = 2.000000
inc_x_r = 0.000000, inc_y_r = 1.000000, inc_x_i = 1.000000, inc_y_i = 1.000000
En el else......

----------------------------------------
x = 55.000000, y = 96.000000
avance = -207.000000, avanceR = 2.000000, avanceI = 2.000000
inc_x_r = 0.000000, inc_y_r = 1.000000, inc_x_i = 1.000000, inc_y_i = 1.000000
En el else......

----------------------------------------
x = 55.000000, y = 97.000000
avance = -205.000000, avanceR = 2.000000, avanceI = 2.000000
inc_x_r = 0.000000, inc_y_r = 1.000000, inc_x_i = 1.000000, inc_y_i = 1.000000
En el else......

----------------------------------------
x = 55.000000, y = 98.000000
avance = -203.000000, avanceR = 2.000000, avanceI = 2.000000
inc_x_r = 0.000000, inc_y_r = 1.000000, inc_x_i = 1.000000, inc_y_i = 1.000000
En el else......

----------------------------------------
x = 55.000000, y = 99.000000
avance = -201.000000, avanceR = 2.000000, avanceI = 2.000000
inc_x_r = 0.000000, inc_y_r = 1.000000, inc_x_i = 1.000000, inc_y_i = 1.000000
En el else......

----------------------------------------
x = 55.000000, y = 100.000000
avance = -199.000000, avanceR = 2.000000, avanceI = 2.000000
inc_x_r = 0.000000, inc_y_r = 1.000000, inc_x_i = 1.000000, inc_y_i = 1.000000
En el else......

----------------------------------------
x = 55.000000, y = 101.000000
avance = -197.000000, avanceR = 2.000000, avanceI = 2.000000
inc_x_r = 0.000000, inc_y_r = 1.000000, inc_x_i = 1.000000, inc_y_i = 1.000000
En el else......

----------------------------------------
x = 55.000000, y = 102.000000
avance = -195.000000, avanceR = 2.000000, avanceI = 2.000000
inc_x_r = 0.000000, inc_y_r = 1.000000, inc_x_i = 1.000000, inc_y_i = 1.000000
En el else......

----------------------------------------
x = 55.000000, y = 103.000000
avance = -193.000000, avanceR = 2.000000, avanceI = 2.000000
inc_x_r = 0.000000, inc_y_r = 1.000000, inc_x_i = 1.000000, inc_y_i = 1.000000
En el else......

----------------------------------------
x = 55.000000, y = 104.000000
avance = -191.000000, avanceR = 2.000000, avanceI = 2.000000
inc_x_r = 0.000000, inc_y_r = 1.000000, inc_x_i = 1.000000, inc_y_i = 1.000000
En el else......

----------------------------------------
x = 55.000000, y = 105.000000
avance = -189.000000, avanceR = 2.000000, avanceI = 2.000000
inc_x_r = 0.000000, inc_y_r = 1.000000, inc_x_i = 1.000000, inc_y_i = 1.000000
En el else......

----------------------------------------
x = 55.000000, y = 106.000000
avance = -187.000000, avanceR = 2.000000, avanceI = 2.000000
inc_x_r = 0.000000, inc_y_r = 1.000000, inc_x_i = 1.000000, inc_y_i = 1.000000
En el else......

----------------------------------------
x = 55.000000, y = 107.000000
avance = -185.000000, avanceR = 2.000000, avanceI = 2.000000
inc_x_r = 0.000000, inc_y_r = 1.000000, inc_x_i = 1.000000, inc_y_i = 1.000000
En el else......

----------------------------------------
x = 55.000000, y = 108.000000
avance = -183.000000, avanceR = 2.000000, avanceI = 2.000000
inc_x_r = 0.000000, inc_y_r = 1.000000, inc_x_i = 1.000000, inc_y_i = 1.000000
En el else......

----------------------------------------
x = 55.000000, y = 109.000000
avance = -181.000000, avanceR = 2.000000, avanceI = 2.000000
inc_x_r = 0.000000, inc_y_r = 1.000000, inc_x_i = 1.000000, inc_y_i = 1.000000
En el else......

----------------------------------------
x = 55.000000, y = 110.000000
avance = -179.000000, avanceR = 2.000000, avanceI = 2.000000
inc_x_r = 0.000000, inc_y_r = 1.000000, inc_x_i = 1.000000, inc_y_i = 1.000000
En el else......

----------------------------------------
x = 55.000000, y = 111.000000
avance = -177.000000, avanceR = 2.000000, avanceI = 2.000000
inc_x_r = 0.000000, inc_y_r = 1.000000, inc_x_i = 1.000000, inc_y_i = 1.000000
En el else......

----------------------------------------
x = 55.000000, y = 112.000000
avance = -175.000000, avanceR = 2.000000, avanceI = 2.000000
inc_x_r = 0.000000, inc_y_r = 1.000000, inc_x_i = 1.000000, inc_y_i = 1.000000
En el else......

----------------------------------------
x = 55.000000, y = 113.000000
avance = -173.000000, avanceR = 2.000000, avanceI = 2.000000
inc_x_r = 0.000000, inc_y_r = 1.000000, inc_x_i = 1.000000, inc_y_i = 1.000000
En el else......

----------------------------------------
x = 55.000000, y = 114.000000
avance = -171.000000, avanceR = 2.000000, avanceI = 2.000000
inc_x_r = 0.000000, inc_y_r = 1.000000, inc_x_i = 1.000000, inc_y_i = 1.000000
En el else......

----------------------------------------
x = 55.000000, y = 115.000000
avance = -169.000000, avanceR = 2.000000, avanceI = 2.000000
inc_x_r = 0.000000, inc_y_r = 1.000000, inc_x_i = 1.000000, inc_y_i = 1.000000
En el else......

----------------------------------------
x = 55.000000, y = 116.000000
avance = -167.000000, avanceR = 2.000000, avanceI = 2.000000
inc_x_r = 0.000000, inc_y_r = 1.000000, inc_x_i = 1.000000, inc_y_i = 1.000000
En el else......

----------------------------------------
x = 55.000000, y = 117.000000
avance = -165.000000, avanceR = 2.000000, avanceI = 2.000000
inc_x_r = 0.000000, inc_y_r = 1.000000, inc_x_i = 1.000000, inc_y_i = 1.000000
En el else......

----------------------------------------
x = 55.000000, y = 118.000000
avance = -163.000000, avanceR = 2.000000, avanceI = 2.000000
inc_x_r = 0.000000, inc_y_r = 1.000000, inc_x_i = 1.000000, inc_y_i = 1.000000
En el else......

----------------------------------------
x = 55.000000, y = 119.000000
avance = -161.000000, avanceR = 2.000000, avanceI = 2.000000
inc_x_r = 0.000000, inc_y_r = 1.000000, inc_x_i = 1.000000, inc_y_i = 1.000000
En el else......

----------------------------------------
x = 55.000000, y = 120.000000
avance = -159.000000, avanceR = 2.000000, avanceI = 2.000000
inc_x_r = 0.000000, inc_y_r = 1.000000, inc_x_i = 1.000000, inc_y_i = 1.000000
En el else......

----------------------------------------
x = 55.000000, y = 121.000000
avance = -157.000000, avanceR = 2.000000, avanceI = 2.000000
inc_x_r = 0.000000, inc_y_r = 1.000000, inc_x_i = 1.000000, inc_y_i = 1.000000
En el else......

----------------------------------------
x = 55.000000, y = 122.000000
avance = -155.000000, avanceR = 2.000000, avanceI = 2.000000
inc_x_r = 0.000000, inc_y_r = 1.000000, inc_x_i = 1.000000, inc_y_i = 1.000000
En el else......

----------------------------------------
x = 55.000000, y = 123.000000
avance = -153.000000, avanceR = 2.000000, avanceI = 2.000000
inc_x_r = 0.000000, inc_y_r = 1.000000, inc_x_i = 1.000000, inc_y_i = 1.000000
En el else......

----------------------------------------
x = 55.000000, y = 124.000000
avance = -151.000000, avanceR = 2.000000, avanceI = 2.000000
inc_x_r = 0.000000, inc_y_r = 1.000000, inc_x_i = 1.000000, inc_y_i = 1.000000
En el else......

----------------------------------------
x = 55.000000, y = 125.000000
avance = -149.000000, avanceR = 2.000000, avanceI = 2.000000
inc_x_r = 0.000000, inc_y_r = 1.000000, inc_x_i = 1.000000, inc_y_i = 1.000000
En el else......

----------------------------------------
x = 55.000000, y = 126.000000
avance = -147.000000, avanceR = 2.000000, avanceI = 2.000000
inc_x_r = 0.000000, inc_y_r = 1.000000, inc_x_i = 1.000000, inc_y_i = 1.000000
En el else......

----------------------------------------
x = 55.000000, y = 127.000000
avance = -145.000000, avanceR = 2.000000, avanceI = 2.000000
inc_x_r = 0.000000, inc_y_r = 1.000000, inc_x_i = 1.000000, inc_y_i = 1.000000
En el else......

----------------------------------------
x = 55.000000, y = 128.000000
avance = -143.000000, avanceR = 2.000000, avanceI = 2.000000
inc_x_r = 0.000000, inc_y_r = 1.000000, inc_x_i = 1.000000, inc_y_i = 1.000000
En el else......

----------------------------------------
x = 55.000000, y = 129.000000
avance = -141.000000, avanceR = 2.000000, avanceI = 2.000000
inc_x_r = 0.000000, inc_y_r = 1.000000, inc_x_i = 1.000000, inc_y_i = 1.000000
En el else......

----------------------------------------
x = 55.000000, y = 130.000000
avance = -139.000000, avanceR = 2.000000, avanceI = 2.000000
inc_x_r = 0.000000, inc_y_r = 1.000000, inc_x_i = 1.000000, inc_y_i = 1.000000
En el else......

----------------------------------------
x = 55.000000, y = 131.000000
avance = -137.000000, avanceR = 2.000000, avanceI = 2.000000
inc_x_r = 0.000000, inc_y_r = 1.000000, inc_x_i = 1.000000, inc_y_i = 1.000000
En el else......

----------------------------------------
x = 55.000000, y = 132.000000
avance = -135.000000, avanceR = 2.000000, avanceI = 2.000000
inc_x_r = 0.000000, inc_y_r = 1.000000, inc_x_i = 1.000000, inc_y_i = 1.000000
En el else......

----------------------------------------
x = 55.000000, y = 133.000000
avance = -133.000000, avanceR = 2.000000, avanceI = 2.000000
inc_x_r = 0.000000, inc_y_r = 1.000000, inc_x_i = 1.000000, inc_y_i = 1.000000
En el else......

----------------------------------------
x = 55.000000, y = 134.000000
avance = -131.000000, avanceR = 2.000000, avanceI = 2.000000
inc_x_r = 0.000000, inc_y_r = 1.000000, inc_x_i = 1.000000, inc_y_i = 1.000000
En el else......

----------------------------------------
x = 55.000000, y = 135.000000
avance = -129.000000, avanceR = 2.000000, avanceI = 2.000000
inc_x_r = 0.000000, inc_y_r = 1.000000, inc_x_i = 1.000000, inc_y_i = 1.000000
En el else......

----------------------------------------
x = 55.000000, y = 136.000000
avance = -127.000000, avanceR = 2.000000, avanceI = 2.000000
inc_x_r = 0.000000, inc_y_r = 1.000000, inc_x_i = 1.000000, inc_y_i = 1.000000
En el else......

----------------------------------------
x = 55.000000, y = 137.000000
avance = -125.000000, avanceR = 2.000000, avanceI = 2.000000
inc_x_r = 0.000000, inc_y_r = 1.000000, inc_x_i = 1.000000, inc_y_i = 1.000000
En el else......

----------------------------------------
x = 55.000000, y = 138.000000
avance = -123.000000, avanceR = 2.000000, avanceI = 2.000000
inc_x_r = 0.000000, inc_y_r = 1.000000, inc_x_i = 1.000000, inc_y_i = 1.000000
En el else......

----------------------------------------
x = 55.000000, y = 139.000000
avance = -121.000000, avanceR = 2.000000, avanceI = 2.000000
inc_x_r = 0.000000, inc_y_r = 1.000000, inc_x_i = 1.000000, inc_y_i = 1.000000
En el else......

----------------------------------------
x = 55.000000, y = 140.000000
avance = -119.000000, avanceR = 2.000000, avanceI = 2.000000
inc_x_r = 0.000000, inc_y_r = 1.000000, inc_x_i = 1.000000, inc_y_i = 1.000000
En el else......

----------------------------------------
x = 55.000000, y = 141.000000
avance = -117.000000, avanceR = 2.000000, avanceI = 2.000000
inc_x_r = 0.000000, inc_y_r = 1.000000, inc_x_i = 1.000000, inc_y_i = 1.000000
En el else......

----------------------------------------
x = 55.000000, y = 142.000000
avance = -115.000000, avanceR = 2.000000, avanceI = 2.000000
inc_x_r = 0.000000, inc_y_r = 1.000000, inc_x_i = 1.000000, inc_y_i = 1.000000
En el else......

----------------------------------------
x = 55.000000, y = 143.000000
avance = -113.000000, avanceR = 2.000000, avanceI = 2.000000
inc_x_r = 0.000000, inc_y_r = 1.000000, inc_x_i = 1.000000, inc_y_i = 1.000000
En el else......

----------------------------------------
x = 55.000000, y = 144.000000
avance = -111.000000, avanceR = 2.000000, avanceI = 2.000000
inc_x_r = 0.000000, inc_y_r = 1.000000, inc_x_i = 1.000000, inc_y_i = 1.000000
En el else......

----------------------------------------
x = 55.000000, y = 145.000000
avance = -109.000000, avanceR = 2.000000, avanceI = 2.000000
inc_x_r = 0.000000, inc_y_r = 1.000000, inc_x_i = 1.000000, inc_y_i = 1.000000
En el else......

----------------------------------------
x = 55.000000, y = 146.000000
avance = -107.000000, avanceR = 2.000000, avanceI = 2.000000
inc_x_r = 0.000000, inc_y_r = 1.000000, inc_x_i = 1.000000, inc_y_i = 1.000000
En el else......

----------------------------------------
x = 55.000000, y = 147.000000
avance = -105.000000, avanceR = 2.000000, avanceI = 2.000000
inc_x_r = 0.000000, inc_y_r = 1.000000, inc_x_i = 1.000000, inc_y_i = 1.000000
En el else......

----------------------------------------
x = 55.000000, y = 148.000000
avance = -103.000000, avanceR = 2.000000, avanceI = 2.000000
inc_x_r = 0.000000, inc_y_r = 1.000000, inc_x_i = 1.000000, inc_y_i = 1.000000
En el else......

----------------------------------------
x = 55.000000, y = 149.000000
avance = -101.000000, avanceR = 2.000000, avanceI = 2.000000
inc_x_r = 0.000000, inc_y_r = 1.000000, inc_x_i = 1.000000, inc_y_i = 1.000000
En el else......

----------------------------------------
x = 55.000000, y = 150.000000
avance = -99.000000, avanceR = 2.000000, avanceI = 2.000000
inc_x_r = 0.000000, inc_y_r = 1.000000, inc_x_i = 1.000000, inc_y_i = 1.000000
En el else......

----------------------------------------
x = 55.000000, y = 151.000000
avance = -97.000000, avanceR = 2.000000, avanceI = 2.000000
inc_x_r = 0.000000, inc_y_r = 1.000000, inc_x_i = 1.000000, inc_y_i = 1.000000
En el else......

----------------------------------------
x = 55.000000, y = 152.000000
avance = -95.000000, avanceR = 2.000000, avanceI = 2.000000
inc_x_r = 0.000000, inc_y_r = 1.000000, inc_x_i = 1.000000, inc_y_i = 1.000000
En el else......

----------------------------------------
x = 55.000000, y = 153.000000
avance = -93.000000, avanceR = 2.000000, avanceI = 2.000000
inc_x_r = 0.000000, inc_y_r = 1.000000, inc_x_i = 1.000000, inc_y_i = 1.000000
En el else......

----------------------------------------
x = 55.000000, y = 154.000000
avance = -91.000000, avanceR = 2.000000, avanceI = 2.000000
inc_x_r = 0.000000, inc_y_r = 1.000000, inc_x_i = 1.000000, inc_y_i = 1.000000
En el else......

----------------------------------------
x = 55.000000, y = 155.000000
avance = -89.000000, avanceR = 2.000000, avanceI = 2.000000
inc_x_r = 0.000000, inc_y_r = 1.000000, inc_x_i = 1.000000, inc_y_i = 1.000000
En el else......

----------------------------------------
x = 55.000000, y = 156.000000
avance = -87.000000, avanceR = 2.000000, avanceI = 2.000000
inc_x_r = 0.000000, inc_y_r = 1.000000, inc_x_i = 1.000000, inc_y_i = 1.000000
En el else......

----------------------------------------
x = 55.000000, y = 157.000000
avance = -85.000000, avanceR = 2.000000, avanceI = 2.000000
inc_x_r = 0.000000, inc_y_r = 1.000000, inc_x_i = 1.000000, inc_y_i = 1.000000
En el else......

----------------------------------------
x = 55.000000, y = 158.000000
avance = -83.000000, avanceR = 2.000000, avanceI = 2.000000
inc_x_r = 0.000000, inc_y_r = 1.000000, inc_x_i = 1.000000, inc_y_i = 1.000000
En el else......

----------------------------------------
x = 55.000000, y = 159.000000
avance = -81.000000, avanceR = 2.000000, avanceI = 2.000000
inc_x_r = 0.000000, inc_y_r = 1.000000, inc_x_i = 1.000000, inc_y_i = 1.000000
En el else......

----------------------------------------
x = 55.000000, y = 160.000000
avance = -79.000000, avanceR = 2.000000, avanceI = 2.000000
inc_x_r = 0.000000, inc_y_r = 1.000000, inc_x_i = 1.000000, inc_y_i = 1.000000
En el else......

----------------------------------------
x = 55.000000, y = 161.000000
avance = -77.000000, avanceR = 2.000000, avanceI = 2.000000
inc_x_r = 0.000000, inc_y_r = 1.000000, inc_x_i = 1.000000, inc_y_i = 1.000000
En el else......

----------------------------------------
x = 55.000000, y = 162.000000
avance = -75.000000, avanceR = 2.000000, avanceI = 2.000000
inc_x_r = 0.000000, inc_y_r = 1.000000, inc_x_i = 1.000000, inc_y_i = 1.000000
En el else......

----------------------------------------
x = 55.000000, y = 163.000000
avance = -73.000000, avanceR = 2.000000, avanceI = 2.000000
inc_x_r = 0.000000, inc_y_r = 1.000000, inc_x_i = 1.000000, inc_y_i = 1.000000
En el else......

----------------------------------------
x = 55.000000, y = 164.000000
avance = -71.000000, avanceR = 2.000000, avanceI = 2.000000
inc_x_r = 0.000000, inc_y_r = 1.000000, inc_x_i = 1.000000, inc_y_i = 1.000000
En el else......

----------------------------------------
x = 55.000000, y = 165.000000
avance = -69.000000, avanceR = 2.000000, avanceI = 2.000000
inc_x_r = 0.000000, inc_y_r = 1.000000, inc_x_i = 1.000000, inc_y_i = 1.000000
En el else......

----------------------------------------
x = 55.000000, y = 166.000000
avance = -67.000000, avanceR = 2.000000, avanceI = 2.000000
inc_x_r = 0.000000, inc_y_r = 1.000000, inc_x_i = 1.000000, inc_y_i = 1.000000
En el else......

----------------------------------------
x = 55.000000, y = 167.000000
avance = -65.000000, avanceR = 2.000000, avanceI = 2.000000
inc_x_r = 0.000000, inc_y_r = 1.000000, inc_x_i = 1.000000, inc_y_i = 1.000000
En el else......

----------------------------------------
x = 55.000000, y = 168.000000
avance = -63.000000, avanceR = 2.000000, avanceI = 2.000000
inc_x_r = 0.000000, inc_y_r = 1.000000, inc_x_i = 1.000000, inc_y_i = 1.000000
En el else......

----------------------------------------
x = 55.000000, y = 169.000000
avance = -61.000000, avanceR = 2.000000, avanceI = 2.000000
inc_x_r = 0.000000, inc_y_r = 1.000000, inc_x_i = 1.000000, inc_y_i = 1.000000
En el else......

----------------------------------------
x = 55.000000, y = 170.000000
avance = -59.000000, avanceR = 2.000000, avanceI = 2.000000
inc_x_r = 0.000000, inc_y_r = 1.000000, inc_x_i = 1.000000, inc_y_i = 1.000000
En el else......

----------------------------------------
x = 55.000000, y = 171.000000
avance = -57.000000, avanceR = 2.000000, avanceI = 2.000000
inc_x_r = 0.000000, inc_y_r = 1.000000, inc_x_i = 1.000000, inc_y_i = 1.000000
En el else......

----------------------------------------
x = 55.000000, y = 172.000000
avance = -55.000000, avanceR = 2.000000, avanceI = 2.000000
inc_x_r = 0.000000, inc_y_r = 1.000000, inc_x_i = 1.000000, inc_y_i = 1.000000
En el else......

----------------------------------------
x = 55.000000, y = 173.000000
avance = -53.000000, avanceR = 2.000000, avanceI = 2.000000
inc_x_r = 0.000000, inc_y_r = 1.000000, inc_x_i = 1.000000, inc_y_i = 1.000000
En el else......

----------------------------------------
x = 55.000000, y = 174.000000
avance = -51.000000, avanceR = 2.000000, avanceI = 2.000000
inc_x_r = 0.000000, inc_y_r = 1.000000, inc_x_i = 1.000000, inc_y_i = 1.000000
En el else......

----------------------------------------
x = 55.000000, y = 175.000000
avance = -49.000000, avanceR = 2.000000, avanceI = 2.000000
inc_x_r = 0.000000, inc_y_r = 1.000000, inc_x_i = 1.000000, inc_y_i = 1.000000
En el else......

----------------------------------------
x = 55.000000, y = 176.000000
avance = -47.000000, avanceR = 2.000000, avanceI = 2.000000
inc_x_r = 0.000000, inc_y_r = 1.000000, inc_x_i = 1.000000, inc_y_i = 1.000000
En el else......

----------------------------------------
x = 55.000000, y = 177.000000
avance = -45.000000, avanceR = 2.000000, avanceI = 2.000000
inc_x_r = 0.000000, inc_y_r = 1.000000, inc_x_i = 1.000000, inc_y_i = 1.000000
En el else......

----------------------------------------
x = 55.000000, y = 178.000000
avance = -43.000000, avanceR = 2.000000, avanceI = 2.000000
inc_x_r = 0.000000, inc_y_r = 1.000000, inc_x_i = 1.000000, inc_y_i = 1.000000
En el else......

----------------------------------------
x = 55.000000, y = 179.000000
avance = -41.000000, avanceR = 2.000000, avanceI = 2.000000
inc_x_r = 0.000000, inc_y_r = 1.000000, inc_x_i = 1.000000, inc_y_i = 1.000000
En el else......

----------------------------------------
x = 55.000000, y = 180.000000
avance = -39.000000, avanceR = 2.000000, avanceI = 2.000000
inc_x_r = 0.000000, inc_y_r = 1.000000, inc_x_i = 1.000000, inc_y_i = 1.000000
En el else......

----------------------------------------
x = 55.000000, y = 181.000000
avance = -37.000000, avanceR = 2.000000, avanceI = 2.000000
inc_x_r = 0.000000, inc_y_r = 1.000000, inc_x_i = 1.000000, inc_y_i = 1.000000
En el else......

----------------------------------------
x = 55.000000, y = 182.000000
avance = -35.000000, avanceR = 2.000000, avanceI = 2.000000
inc_x_r = 0.000000, inc_y_r = 1.000000, inc_x_i = 1.000000, inc_y_i = 1.000000
En el else......

----------------------------------------
x = 55.000000, y = 183.000000
avance = -33.000000, avanceR = 2.000000, avanceI = 2.000000
inc_x_r = 0.000000, inc_y_r = 1.000000, inc_x_i = 1.000000, inc_y_i = 1.000000
En el else......

----------------------------------------
x = 55.000000, y = 184.000000
avance = -31.000000, avanceR = 2.000000, avanceI = 2.000000
inc_x_r = 0.000000, inc_y_r = 1.000000, inc_x_i = 1.000000, inc_y_i = 1.000000
En el else......

----------------------------------------
x = 55.000000, y = 185.000000
avance = -29.000000, avanceR = 2.000000, avanceI = 2.000000
inc_x_r = 0.000000, inc_y_r = 1.000000, inc_x_i = 1.000000, inc_y_i = 1.000000
En el else......

----------------------------------------
x = 55.000000, y = 186.000000
avance = -27.000000, avanceR = 2.000000, avanceI = 2.000000
inc_x_r = 0.000000, inc_y_r = 1.000000, inc_x_i = 1.000000, inc_y_i = 1.000000
En el else......

----------------------------------------
x = 55.000000, y = 187.000000
avance = -25.000000, avanceR = 2.000000, avanceI = 2.000000
inc_x_r = 0.000000, inc_y_r = 1.000000, inc_x_i = 1.000000, inc_y_i = 1.000000
En el else......

----------------------------------------
x = 55.000000, y = 188.000000
avance = -23.000000, avanceR = 2.000000, avanceI = 2.000000
inc_x_r = 0.000000, inc_y_r = 1.000000, inc_x_i = 1.000000, inc_y_i = 1.000000
En el else......

----------------------------------------
x = 55.000000, y = 189.000000
avance = -21.000000, avanceR = 2.000000, avanceI = 2.000000
inc_x_r = 0.000000, inc_y_r = 1.000000, inc_x_i = 1.000000, inc_y_i = 1.000000
En el else......

----------------------------------------
x = 55.000000, y = 190.000000
avance = -19.000000, avanceR = 2.000000, avanceI = 2.000000
inc_x_r = 0.000000, inc_y_r = 1.000000, inc_x_i = 1.000000, inc_y_i = 1.000000
En el else......

----------------------------------------
x = 55.000000, y = 191.000000
avance = -17.000000, avanceR = 2.000000, avanceI = 2.000000
inc_x_r = 0.000000, inc_y_r = 1.000000, inc_x_i = 1.000000, inc_y_i = 1.000000
En el else......

----------------------------------------
x = 55.000000, y = 192.000000
avance = -15.000000, avanceR = 2.000000, avanceI = 2.000000
inc_x_r = 0.000000, inc_y_r = 1.000000, inc_x_i = 1.000000, inc_y_i = 1.000000
En el else......

----------------------------------------
x = 55.000000, y = 193.000000
avance = -13.000000, avanceR = 2.000000, avanceI = 2.000000
inc_x_r = 0.000000, inc_y_r = 1.000000, inc_x_i = 1.000000, inc_y_i = 1.000000
En el else......

----------------------------------------
x = 55.000000, y = 194.000000
avance = -11.000000, avanceR = 2.000000, avanceI = 2.000000
inc_x_r = 0.000000, inc_y_r = 1.000000, inc_x_i = 1.000000, inc_y_i = 1.000000
En el else......

----------------------------------------
x = 55.000000, y = 195.000000
avance = -9.000000, avanceR = 2.000000, avanceI = 2.000000
inc_x_r = 0.000000, inc_y_r = 1.000000, inc_x_i = 1.000000, inc_y_i = 1.000000
En el else......

----------------------------------------
x = 55.000000, y = 196.000000
avance = -7.000000, avanceR = 2.000000, avanceI = 2.000000
inc_x_r = 0.000000, inc_y_r = 1.000000, inc_x_i = 1.000000, inc_y_i = 1.000000
En el else......

----------------------------------------
x = 55.000000, y = 197.000000
avance = -5.000000, avanceR = 2.000000, avanceI = 2.000000
inc_x_r = 0.000000, inc_y_r = 1.000000, inc_x_i = 1.000000, inc_y_i = 1.000000
En el else......

----------------------------------------
x = 55.000000, y = 198.000000
avance = -3.000000, avanceR = 2.000000, avanceI = 2.000000
inc_x_r = 0.000000, inc_y_r = 1.000000, inc_x_i = 1.000000, inc_y_i = 1.000000
En el else......

----------------------------------------
x = 55.000000, y = 199.000000
avance = -1.000000, avanceR = 2.000000, avanceI = 2.000000
inc_x_r = 0.000000, inc_y_r = 1.000000, inc_x_i = 1.000000, inc_y_i = 1.000000
En el else......

----------------------------------------
x = 55.000000, y = 200.000000
avance = 1.000000, avanceR = 2.000000, avanceI = 2.000000
inc_x_r = 0.000000, inc_y_r = 1.000000, inc_x_i = 1.000000, inc_y_i = 1.000000
avance >= 0

----------------------------------------
x = 56.000000, y = 201.000000
avance = -499.000000, avanceR = 2.000000, avanceI = 2.000000
inc_x_r = 0.000000, inc_y_r = 1.000000, inc_x_i = 1.000000, inc_y_i = 1.000000
En el else......

----------------------------------------
x = 56.000000, y = 202.000000
avance = -497.000000, avanceR = 2.000000, avanceI = 2.000000
inc_x_r = 0.000000, inc_y_r = 1.000000, inc_x_i = 1.000000, inc_y_i = 1.000000
En el else......

----------------------------------------
x = 56.000000, y = 203.000000
avance = -495.000000, avanceR = 2.000000, avanceI = 2.000000
inc_x_r = 0.000000, inc_y_r = 1.000000, inc_x_i = 1.000000, inc_y_i = 1.000000
En el else......

----------------------------------------
x = 56.000000, y = 204.000000
avance = -493.000000, avanceR = 2.000000, avanceI = 2.000000
inc_x_r = 0.000000, inc_y_r = 1.000000, inc_x_i = 1.000000, inc_y_i = 1.000000
En el else......

----------------------------------------
x = 56.000000, y = 205.000000
avance = -491.000000, avanceR = 2.000000, avanceI = 2.000000
inc_x_r = 0.000000, inc_y_r = 1.000000, inc_x_i = 1.000000, inc_y_i = 1.000000
En el else......

----------------------------------------
x = 56.000000, y = 206.000000
avance = -489.000000, avanceR = 2.000000, avanceI = 2.000000
inc_x_r = 0.000000, inc_y_r = 1.000000, inc_x_i = 1.000000, inc_y_i = 1.000000
En el else......

----------------------------------------
x = 56.000000, y = 207.000000
avance = -487.000000, avanceR = 2.000000, avanceI = 2.000000
inc_x_r = 0.000000, inc_y_r = 1.000000, inc_x_i = 1.000000, inc_y_i = 1.000000
En el else......

----------------------------------------
x = 56.000000, y = 208.000000
avance = -485.000000, avanceR = 2.000000, avanceI = 2.000000
inc_x_r = 0.000000, inc_y_r = 1.000000, inc_x_i = 1.000000, inc_y_i = 1.000000
En el else......

----------------------------------------
x = 56.000000, y = 209.000000
avance = -483.000000, avanceR = 2.000000, avanceI = 2.000000
inc_x_r = 0.000000, inc_y_r = 1.000000, inc_x_i = 1.000000, inc_y_i = 1.000000
En el else......

----------------------------------------
x = 56.000000, y = 210.000000
avance = -481.000000, avanceR = 2.000000, avanceI = 2.000000
inc_x_r = 0.000000, inc_y_r = 1.000000, inc_x_i = 1.000000, inc_y_i = 1.000000
En el else......

----------------------------------------
x = 56.000000, y = 211.000000
avance = -479.000000, avanceR = 2.000000, avanceI = 2.000000
inc_x_r = 0.000000, inc_y_r = 1.000000, inc_x_i = 1.000000, inc_y_i = 1.000000
En el else......

----------------------------------------
x = 56.000000, y = 212.000000
avance = -477.000000, avanceR = 2.000000, avanceI = 2.000000
inc_x_r = 0.000000, inc_y_r = 1.000000, inc_x_i = 1.000000, inc_y_i = 1.000000
En el else......

----------------------------------------
x = 56.000000, y = 213.000000
avance = -475.000000, avanceR = 2.000000, avanceI = 2.000000
inc_x_r = 0.000000, inc_y_r = 1.000000, inc_x_i = 1.000000, inc_y_i = 1.000000
En el else......

----------------------------------------
x = 56.000000, y = 214.000000
avance = -473.000000, avanceR = 2.000000, avanceI = 2.000000
inc_x_r = 0.000000, inc_y_r = 1.000000, inc_x_i = 1.000000, inc_y_i = 1.000000
En el else......

----------------------------------------
x = 56.000000, y = 215.000000
avance = -471.000000, avanceR = 2.000000, avanceI = 2.000000
inc_x_r = 0.000000, inc_y_r = 1.000000, inc_x_i = 1.000000, inc_y_i = 1.000000
En el else......

----------------------------------------
x = 56.000000, y = 216.000000
avance = -469.000000, avanceR = 2.000000, avanceI = 2.000000
inc_x_r = 0.000000, inc_y_r = 1.000000, inc_x_i = 1.000000, inc_y_i = 1.000000
En el else......

----------------------------------------
x = 56.000000, y = 217.000000
avance = -467.000000, avanceR = 2.000000, avanceI = 2.000000
inc_x_r = 0.000000, inc_y_r = 1.000000, inc_x_i = 1.000000, inc_y_i = 1.000000
En el else......

----------------------------------------
x = 56.000000, y = 218.000000
avance = -465.000000, avanceR = 2.000000, avanceI = 2.000000
inc_x_r = 0.000000, inc_y_r = 1.000000, inc_x_i = 1.000000, inc_y_i = 1.000000
En el else......

----------------------------------------
x = 56.000000, y = 219.000000
avance = -463.000000, avanceR = 2.000000, avanceI = 2.000000
inc_x_r = 0.000000, inc_y_r = 1.000000, inc_x_i = 1.000000, inc_y_i = 1.000000
En el else......

----------------------------------------
x = 56.000000, y = 220.000000
avance = -461.000000, avanceR = 2.000000, avanceI = 2.000000
inc_x_r = 0.000000, inc_y_r = 1.000000, inc_x_i = 1.000000, inc_y_i = 1.000000
En el else......

----------------------------------------
x = 56.000000, y = 221.000000
avance = -459.000000, avanceR = 2.000000, avanceI = 2.000000
inc_x_r = 0.000000, inc_y_r = 1.000000, inc_x_i = 1.000000, inc_y_i = 1.000000
En el else......

----------------------------------------
x = 56.000000, y = 222.000000
avance = -457.000000, avanceR = 2.000000, avanceI = 2.000000
inc_x_r = 0.000000, inc_y_r = 1.000000, inc_x_i = 1.000000, inc_y_i = 1.000000
En el else......

----------------------------------------
x = 56.000000, y = 223.000000
avance = -455.000000, avanceR = 2.000000, avanceI = 2.000000
inc_x_r = 0.000000, inc_y_r = 1.000000, inc_x_i = 1.000000, inc_y_i = 1.000000
En el else......

----------------------------------------
x = 56.000000, y = 224.000000
avance = -453.000000, avanceR = 2.000000, avanceI = 2.000000
inc_x_r = 0.000000, inc_y_r = 1.000000, inc_x_i = 1.000000, inc_y_i = 1.000000
En el else......

----------------------------------------
x = 56.000000, y = 225.000000
avance = -451.000000, avanceR = 2.000000, avanceI = 2.000000
inc_x_r = 0.000000, inc_y_r = 1.000000, inc_x_i = 1.000000, inc_y_i = 1.000000
En el else......

----------------------------------------
x = 56.000000, y = 226.000000
avance = -449.000000, avanceR = 2.000000, avanceI = 2.000000
inc_x_r = 0.000000, inc_y_r = 1.000000, inc_x_i = 1.000000, inc_y_i = 1.000000
En el else......

----------------------------------------
x = 56.000000, y = 227.000000
avance = -447.000000, avanceR = 2.000000, avanceI = 2.000000
inc_x_r = 0.000000, inc_y_r = 1.000000, inc_x_i = 1.000000, inc_y_i = 1.000000
En el else......

----------------------------------------
x = 56.000000, y = 228.000000
avance = -445.000000, avanceR = 2.000000, avanceI = 2.000000
inc_x_r = 0.000000, inc_y_r = 1.000000, inc_x_i = 1.000000, inc_y_i = 1.000000
En el else......

----------------------------------------
x = 56.000000, y = 229.000000
avance = -443.000000, avanceR = 2.000000, avanceI = 2.000000
inc_x_r = 0.000000, inc_y_r = 1.000000, inc_x_i = 1.000000, inc_y_i = 1.000000
En el else......

----------------------------------------
x = 56.000000, y = 230.000000
avance = -441.000000, avanceR = 2.000000, avanceI = 2.000000
inc_x_r = 0.000000, inc_y_r = 1.000000, inc_x_i = 1.000000, inc_y_i = 1.000000
En el else......

----------------------------------------
x = 56.000000, y = 231.000000
avance = -439.000000, avanceR = 2.000000, avanceI = 2.000000
inc_x_r = 0.000000, inc_y_r = 1.000000, inc_x_i = 1.000000, inc_y_i = 1.000000
En el else......

----------------------------------------
x = 56.000000, y = 232.000000
avance = -437.000000, avanceR = 2.000000, avanceI = 2.000000
inc_x_r = 0.000000, inc_y_r = 1.000000, inc_x_i = 1.000000, inc_y_i = 1.000000
En el else......

----------------------------------------
x = 56.000000, y = 233.000000
avance = -435.000000, avanceR = 2.000000, avanceI = 2.000000
inc_x_r = 0.000000, inc_y_r = 1.000000, inc_x_i = 1.000000, inc_y_i = 1.000000
En el else......

----------------------------------------
x = 56.000000, y = 234.000000
avance = -433.000000, avanceR = 2.000000, avanceI = 2.000000
inc_x_r = 0.000000, inc_y_r = 1.000000, inc_x_i = 1.000000, inc_y_i = 1.000000
En el else......

----------------------------------------
x = 56.000000, y = 235.000000
avance = -431.000000, avanceR = 2.000000, avanceI = 2.000000
inc_x_r = 0.000000, inc_y_r = 1.000000, inc_x_i = 1.000000, inc_y_i = 1.000000
En el else......

----------------------------------------
x = 56.000000, y = 236.000000
avance = -429.000000, avanceR = 2.000000, avanceI = 2.000000
inc_x_r = 0.000000, inc_y_r = 1.000000, inc_x_i = 1.000000, inc_y_i = 1.000000
En el else......

----------------------------------------
x = 56.000000, y = 237.000000
avance = -427.000000, avanceR = 2.000000, avanceI = 2.000000
inc_x_r = 0.000000, inc_y_r = 1.000000, inc_x_i = 1.000000, inc_y_i = 1.000000
En el else......

----------------------------------------
x = 56.000000, y = 238.000000
avance = -425.000000, avanceR = 2.000000, avanceI = 2.000000
inc_x_r = 0.000000, inc_y_r = 1.000000, inc_x_i = 1.000000, inc_y_i = 1.000000
En el else......

----------------------------------------
x = 56.000000, y = 239.000000
avance = -423.000000, avanceR = 2.000000, avanceI = 2.000000
inc_x_r = 0.000000, inc_y_r = 1.000000, inc_x_i = 1.000000, inc_y_i = 1.000000
En el else......

----------------------------------------
x = 56.000000, y = 240.000000
avance = -421.000000, avanceR = 2.000000, avanceI = 2.000000
inc_x_r = 0.000000, inc_y_r = 1.000000, inc_x_i = 1.000000, inc_y_i = 1.000000
En el else......

----------------------------------------
x = 56.000000, y = 241.000000
avance = -419.000000, avanceR = 2.000000, avanceI = 2.000000
inc_x_r = 0.000000, inc_y_r = 1.000000, inc_x_i = 1.000000, inc_y_i = 1.000000
En el else......

----------------------------------------
x = 56.000000, y = 242.000000
avance = -417.000000, avanceR = 2.000000, avanceI = 2.000000
inc_x_r = 0.000000, inc_y_r = 1.000000, inc_x_i = 1.000000, inc_y_i = 1.000000
En el else......

----------------------------------------
x = 56.000000, y = 243.000000
avance = -415.000000, avanceR = 2.000000, avanceI = 2.000000
inc_x_r = 0.000000, inc_y_r = 1.000000, inc_x_i = 1.000000, inc_y_i = 1.000000
En el else......

----------------------------------------
x = 56.000000, y = 244.000000
avance = -413.000000, avanceR = 2.000000, avanceI = 2.000000
inc_x_r = 0.000000, inc_y_r = 1.000000, inc_x_i = 1.000000, inc_y_i = 1.000000
En el else......

----------------------------------------
x = 56.000000, y = 245.000000
avance = -411.000000, avanceR = 2.000000, avanceI = 2.000000
inc_x_r = 0.000000, inc_y_r = 1.000000, inc_x_i = 1.000000, inc_y_i = 1.000000
En el else......

----------------------------------------
x = 56.000000, y = 246.000000
avance = -409.000000, avanceR = 2.000000, avanceI = 2.000000
inc_x_r = 0.000000, inc_y_r = 1.000000, inc_x_i = 1.000000, inc_y_i = 1.000000
En el else......

----------------------------------------
x = 56.000000, y = 247.000000
avance = -407.000000, avanceR = 2.000000, avanceI = 2.000000
inc_x_r = 0.000000, inc_y_r = 1.000000, inc_x_i = 1.000000, inc_y_i = 1.000000
En el else......

----------------------------------------
x = 56.000000, y = 248.000000
avance = -405.000000, avanceR = 2.000000, avanceI = 2.000000
inc_x_r = 0.000000, inc_y_r = 1.000000, inc_x_i = 1.000000, inc_y_i = 1.000000
En el else......

----------------------------------------
x = 56.000000, y = 249.000000
avance = -403.000000, avanceR = 2.000000, avanceI = 2.000000
inc_x_r = 0.000000, inc_y_r = 1.000000, inc_x_i = 1.000000, inc_y_i = 1.000000
En el else......

----------------------------------------
x = 56.000000, y = 250.000000
avance = -401.000000, avanceR = 2.000000, avanceI = 2.000000
inc_x_r = 0.000000, inc_y_r = 1.000000, inc_x_i = 1.000000, inc_y_i = 1.000000
En el else......

----------------------------------------
x = 56.000000, y = 251.000000
avance = -399.000000, avanceR = 2.000000, avanceI = 2.000000
inc_x_r = 0.000000, inc_y_r = 1.000000, inc_x_i = 1.000000, inc_y_i = 1.000000
En el else......

----------------------------------------
x = 56.000000, y = 252.000000
avance = -397.000000, avanceR = 2.000000, avanceI = 2.000000
inc_x_r = 0.000000, inc_y_r = 1.000000, inc_x_i = 1.000000, inc_y_i = 1.000000
En el else......

----------------------------------------
x = 56.000000, y = 253.000000
avance = -395.000000, avanceR = 2.000000, avanceI = 2.000000
inc_x_r = 0.000000, inc_y_r = 1.000000, inc_x_i = 1.000000, inc_y_i = 1.000000
En el else......

----------------------------------------
x = 56.000000, y = 254.000000
avance = -393.000000, avanceR = 2.000000, avanceI = 2.000000
inc_x_r = 0.000000, inc_y_r = 1.000000, inc_x_i = 1.000000, inc_y_i = 1.000000
En el else......

----------------------------------------
x = 56.000000, y = 255.000000
avance = -391.000000, avanceR = 2.000000, avanceI = 2.000000
inc_x_r = 0.000000, inc_y_r = 1.000000, inc_x_i = 1.000000, inc_y_i = 1.000000
En el else......

----------------------------------------
x = 56.000000, y = 256.000000
avance = -389.000000, avanceR = 2.000000, avanceI = 2.000000
inc_x_r = 0.000000, inc_y_r = 1.000000, inc_x_i = 1.000000, inc_y_i = 1.000000
En el else......

----------------------------------------
x = 56.000000, y = 257.000000
avance = -387.000000, avanceR = 2.000000, avanceI = 2.000000
inc_x_r = 0.000000, inc_y_r = 1.000000, inc_x_i = 1.000000, inc_y_i = 1.000000
En el else......

----------------------------------------
x = 56.000000, y = 258.000000
avance = -385.000000, avanceR = 2.000000, avanceI = 2.000000
inc_x_r = 0.000000, inc_y_r = 1.000000, inc_x_i = 1.000000, inc_y_i = 1.000000
En el else......

----------------------------------------
x = 56.000000, y = 259.000000
avance = -383.000000, avanceR = 2.000000, avanceI = 2.000000
inc_x_r = 0.000000, inc_y_r = 1.000000, inc_x_i = 1.000000, inc_y_i = 1.000000
En el else......

----------------------------------------
x = 56.000000, y = 260.000000
avance = -381.000000, avanceR = 2.000000, avanceI = 2.000000
inc_x_r = 0.000000, inc_y_r = 1.000000, inc_x_i = 1.000000, inc_y_i = 1.000000
En el else......

----------------------------------------
x = 56.000000, y = 261.000000
avance = -379.000000, avanceR = 2.000000, avanceI = 2.000000
inc_x_r = 0.000000, inc_y_r = 1.000000, inc_x_i = 1.000000, inc_y_i = 1.000000
En el else......

----------------------------------------
x = 56.000000, y = 262.000000
avance = -377.000000, avanceR = 2.000000, avanceI = 2.000000
inc_x_r = 0.000000, inc_y_r = 1.000000, inc_x_i = 1.000000, inc_y_i = 1.000000
En el else......

----------------------------------------
x = 56.000000, y = 263.000000
avance = -375.000000, avanceR = 2.000000, avanceI = 2.000000
inc_x_r = 0.000000, inc_y_r = 1.000000, inc_x_i = 1.000000, inc_y_i = 1.000000
En el else......

----------------------------------------
x = 56.000000, y = 264.000000
avance = -373.000000, avanceR = 2.000000, avanceI = 2.000000
inc_x_r = 0.000000, inc_y_r = 1.000000, inc_x_i = 1.000000, inc_y_i = 1.000000
En el else......

----------------------------------------
x = 56.000000, y = 265.000000
avance = -371.000000, avanceR = 2.000000, avanceI = 2.000000
inc_x_r = 0.000000, inc_y_r = 1.000000, inc_x_i = 1.000000, inc_y_i = 1.000000
En el else......

----------------------------------------
x = 56.000000, y = 266.000000
avance = -369.000000, avanceR = 2.000000, avanceI = 2.000000
inc_x_r = 0.000000, inc_y_r = 1.000000, inc_x_i = 1.000000, inc_y_i = 1.000000
En el else......

----------------------------------------
x = 56.000000, y = 267.000000
avance = -367.000000, avanceR = 2.000000, avanceI = 2.000000
inc_x_r = 0.000000, inc_y_r = 1.000000, inc_x_i = 1.000000, inc_y_i = 1.000000
En el else......

----------------------------------------
x = 56.000000, y = 268.000000
avance = -365.000000, avanceR = 2.000000, avanceI = 2.000000
inc_x_r = 0.000000, inc_y_r = 1.000000, inc_x_i = 1.000000, inc_y_i = 1.000000
En el else......

----------------------------------------
x = 56.000000, y = 269.000000
avance = -363.000000, avanceR = 2.000000, avanceI = 2.000000
inc_x_r = 0.000000, inc_y_r = 1.000000, inc_x_i = 1.000000, inc_y_i = 1.000000
En el else......

----------------------------------------
x = 56.000000, y = 270.000000
avance = -361.000000, avanceR = 2.000000, avanceI = 2.000000
inc_x_r = 0.000000, inc_y_r = 1.000000, inc_x_i = 1.000000, inc_y_i = 1.000000
En el else......

----------------------------------------
x = 56.000000, y = 271.000000
avance = -359.000000, avanceR = 2.000000, avanceI = 2.000000
inc_x_r = 0.000000, inc_y_r = 1.000000, inc_x_i = 1.000000, inc_y_i = 1.000000
En el else......

----------------------------------------
x = 56.000000, y = 272.000000
avance = -357.000000, avanceR = 2.000000, avanceI = 2.000000
inc_x_r = 0.000000, inc_y_r = 1.000000, inc_x_i = 1.000000, inc_y_i = 1.000000
En el else......

----------------------------------------
x = 56.000000, y = 273.000000
avance = -355.000000, avanceR = 2.000000, avanceI = 2.000000
inc_x_r = 0.000000, inc_y_r = 1.000000, inc_x_i = 1.000000, inc_y_i = 1.000000
En el else......

----------------------------------------
x = 56.000000, y = 274.000000
avance = -353.000000, avanceR = 2.000000, avanceI = 2.000000
inc_x_r = 0.000000, inc_y_r = 1.000000, inc_x_i = 1.000000, inc_y_i = 1.000000
En el else......

----------------------------------------
x = 56.000000, y = 275.000000
avance = -351.000000, avanceR = 2.000000, avanceI = 2.000000
inc_x_r = 0.000000, inc_y_r = 1.000000, inc_x_i = 1.000000, inc_y_i = 1.000000
En el else......

----------------------------------------
x = 56.000000, y = 276.000000
avance = -349.000000, avanceR = 2.000000, avanceI = 2.000000
inc_x_r = 0.000000, inc_y_r = 1.000000, inc_x_i = 1.000000, inc_y_i = 1.000000
En el else......

----------------------------------------
x = 56.000000, y = 277.000000
avance = -347.000000, avanceR = 2.000000, avanceI = 2.000000
inc_x_r = 0.000000, inc_y_r = 1.000000, inc_x_i = 1.000000, inc_y_i = 1.000000
En el else......

----------------------------------------
x = 56.000000, y = 278.000000
avance = -345.000000, avanceR = 2.000000, avanceI = 2.000000
inc_x_r = 0.000000, inc_y_r = 1.000000, inc_x_i = 1.000000, inc_y_i = 1.000000
En el else......

----------------------------------------
x = 56.000000, y = 279.000000
avance = -343.000000, avanceR = 2.000000, avanceI = 2.000000
inc_x_r = 0.000000, inc_y_r = 1.000000, inc_x_i = 1.000000, inc_y_i = 1.000000
En el else......

----------------------------------------
x = 56.000000, y = 280.000000
avance = -341.000000, avanceR = 2.000000, avanceI = 2.000000
inc_x_r = 0.000000, inc_y_r = 1.000000, inc_x_i = 1.000000, inc_y_i = 1.000000
En el else......

----------------------------------------
x = 56.000000, y = 281.000000
avance = -339.000000, avanceR = 2.000000, avanceI = 2.000000
inc_x_r = 0.000000, inc_y_r = 1.000000, inc_x_i = 1.000000, inc_y_i = 1.000000
En el else......

----------------------------------------
x = 56.000000, y = 282.000000
avance = -337.000000, avanceR = 2.000000, avanceI = 2.000000
inc_x_r = 0.000000, inc_y_r = 1.000000, inc_x_i = 1.000000, inc_y_i = 1.000000
En el else......

----------------------------------------
x = 56.000000, y = 283.000000
avance = -335.000000, avanceR = 2.000000, avanceI = 2.000000
inc_x_r = 0.000000, inc_y_r = 1.000000, inc_x_i = 1.000000, inc_y_i = 1.000000
En el else......

----------------------------------------
x = 56.000000, y = 284.000000
avance = -333.000000, avanceR = 2.000000, avanceI = 2.000000
inc_x_r = 0.000000, inc_y_r = 1.000000, inc_x_i = 1.000000, inc_y_i = 1.000000
En el else......

----------------------------------------
x = 56.000000, y = 285.000000
avance = -331.000000, avanceR = 2.000000, avanceI = 2.000000
inc_x_r = 0.000000, inc_y_r = 1.000000, inc_x_i = 1.000000, inc_y_i = 1.000000
En el else......

----------------------------------------
x = 56.000000, y = 286.000000
avance = -329.000000, avanceR = 2.000000, avanceI = 2.000000
inc_x_r = 0.000000, inc_y_r = 1.000000, inc_x_i = 1.000000, inc_y_i = 1.000000
En el else......

----------------------------------------
x = 56.000000, y = 287.000000
avance = -327.000000, avanceR = 2.000000, avanceI = 2.000000
inc_x_r = 0.000000, inc_y_r = 1.000000, inc_x_i = 1.000000, inc_y_i = 1.000000
En el else......

----------------------------------------
x = 56.000000, y = 288.000000
avance = -325.000000, avanceR = 2.000000, avanceI = 2.000000
inc_x_r = 0.000000, inc_y_r = 1.000000, inc_x_i = 1.000000, inc_y_i = 1.000000
En el else......

----------------------------------------
x = 56.000000, y = 289.000000
avance = -323.000000, avanceR = 2.000000, avanceI = 2.000000
inc_x_r = 0.000000, inc_y_r = 1.000000, inc_x_i = 1.000000, inc_y_i = 1.000000
En el else......

----------------------------------------
x = 56.000000, y = 290.000000
avance = -321.000000, avanceR = 2.000000, avanceI = 2.000000
inc_x_r = 0.000000, inc_y_r = 1.000000, inc_x_i = 1.000000, inc_y_i = 1.000000
En el else......

----------------------------------------
x = 56.000000, y = 291.000000
avance = -319.000000, avanceR = 2.000000, avanceI = 2.000000
inc_x_r = 0.000000, inc_y_r = 1.000000, inc_x_i = 1.000000, inc_y_i = 1.000000
En el else......

----------------------------------------
x = 56.000000, y = 292.000000
avance = -317.000000, avanceR = 2.000000, avanceI = 2.000000
inc_x_r = 0.000000, inc_y_r = 1.000000, inc_x_i = 1.000000, inc_y_i = 1.000000
En el else......

----------------------------------------
x = 56.000000, y = 293.000000
avance = -315.000000, avanceR = 2.000000, avanceI = 2.000000
inc_x_r = 0.000000, inc_y_r = 1.000000, inc_x_i = 1.000000, inc_y_i = 1.000000
En el else......

----------------------------------------
x = 56.000000, y = 294.000000
avance = -313.000000, avanceR = 2.000000, avanceI = 2.000000
inc_x_r = 0.000000, inc_y_r = 1.000000, inc_x_i = 1.000000, inc_y_i = 1.000000
En el else......

----------------------------------------
x = 56.000000, y = 295.000000
avance = -311.000000, avanceR = 2.000000, avanceI = 2.000000
inc_x_r = 0.000000, inc_y_r = 1.000000, inc_x_i = 1.000000, inc_y_i = 1.000000
En el else......

----------------------------------------
x = 56.000000, y = 296.000000
avance = -309.000000, avanceR = 2.000000, avanceI = 2.000000
inc_x_r = 0.000000, inc_y_r = 1.000000, inc_x_i = 1.000000, inc_y_i = 1.000000
En el else......

----------------------------------------
x = 56.000000, y = 297.000000
avance = -307.000000, avanceR = 2.000000, avanceI = 2.000000
inc_x_r = 0.000000, inc_y_r = 1.000000, inc_x_i = 1.000000, inc_y_i = 1.000000
En el else......

----------------------------------------
x = 56.000000, y = 298.000000
avance = -305.000000, avanceR = 2.000000, avanceI = 2.000000
inc_x_r = 0.000000, inc_y_r = 1.000000, inc_x_i = 1.000000, inc_y_i = 1.000000
En el else......

----------------------------------------
x = 56.000000, y = 299.000000
avance = -303.000000, avanceR = 2.000000, avanceI = 2.000000
inc_x_r = 0.000000, inc_y_r = 1.000000, inc_x_i = 1.000000, inc_y_i = 1.000000
En el else......

----------------------------------------
x = 56.000000, y = 300.000000
avance = -301.000000, avanceR = 2.000000, avanceI = 2.000000
inc_x_r = 0.000000, inc_y_r = 1.000000, inc_x_i = 1.000000, inc_y_i = 1.000000
En el else......

----------------------------------------
x = 56.000000, y = 301.000000
avance = -299.000000, avanceR = 2.000000, avanceI = 2.000000
inc_x_r = 0.000000, inc_y_r = 1.000000, inc_x_i = 1.000000, inc_y_i = 1.000000
En el else......

----------------------------------------
x = 56.000000, y = 302.000000
avance = -297.000000, avanceR = 2.000000, avanceI = 2.000000
inc_x_r = 0.000000, inc_y_r = 1.000000, inc_x_i = 1.000000, inc_y_i = 1.000000
En el else......

----------------------------------------
x = 56.000000, y = 303.000000
avance = -295.000000, avanceR = 2.000000, avanceI = 2.000000
inc_x_r = 0.000000, inc_y_r = 1.000000, inc_x_i = 1.000000, inc_y_i = 1.000000
En el else......

----------------------------------------
x = 56.000000, y = 304.000000
avance = -293.000000, avanceR = 2.000000, avanceI = 2.000000
inc_x_r = 0.000000, inc_y_r = 1.000000, inc_x_i = 1.000000, inc_y_i = 1.000000
En el else......

----------------------------------------
x = 56.000000, y = 305.000000
avance = -291.000000, avanceR = 2.000000, avanceI = 2.000000
inc_x_r = 0.000000, inc_y_r = 1.000000, inc_x_i = 1.000000, inc_y_i = 1.000000
En el else......

----------------------------------------
x = 56.000000, y = 306.000000
avance = -289.000000, avanceR = 2.000000, avanceI = 2.000000
inc_x_r = 0.000000, inc_y_r = 1.000000, inc_x_i = 1.000000, inc_y_i = 1.000000
En el else......

----------------------------------------
x = 56.000000, y = 307.000000
avance = -287.000000, avanceR = 2.000000, avanceI = 2.000000
inc_x_r = 0.000000, inc_y_r = 1.000000, inc_x_i = 1.000000, inc_y_i = 1.000000
En el else......

----------------------------------------
x = 56.000000, y = 308.000000
avance = -285.000000, avanceR = 2.000000, avanceI = 2.000000
inc_x_r = 0.000000, inc_y_r = 1.000000, inc_x_i = 1.000000, inc_y_i = 1.000000
En el else......

----------------------------------------
x = 56.000000, y = 309.000000
avance = -283.000000, avanceR = 2.000000, avanceI = 2.000000
inc_x_r = 0.000000, inc_y_r = 1.000000, inc_x_i = 1.000000, inc_y_i = 1.000000
En el else......

----------------------------------------
x = 56.000000, y = 310.000000
avance = -281.000000, avanceR = 2.000000, avanceI = 2.000000
inc_x_r = 0.000000, inc_y_r = 1.000000, inc_x_i = 1.000000, inc_y_i = 1.000000
En el else......

----------------------------------------
x = 56.000000, y = 311.000000
avance = -279.000000, avanceR = 2.000000, avanceI = 2.000000
inc_x_r = 0.000000, inc_y_r = 1.000000, inc_x_i = 1.000000, inc_y_i = 1.000000
En el else......

----------------------------------------
x = 56.000000, y = 312.000000
avance = -277.000000, avanceR = 2.000000, avanceI = 2.000000
inc_x_r = 0.000000, inc_y_r = 1.000000, inc_x_i = 1.000000, inc_y_i = 1.000000
En el else......

----------------------------------------
x = 56.000000, y = 313.000000
avance = -275.000000, avanceR = 2.000000, avanceI = 2.000000
inc_x_r = 0.000000, inc_y_r = 1.000000, inc_x_i = 1.000000, inc_y_i = 1.000000
En el else......

----------------------------------------
x = 56.000000, y = 314.000000
avance = -273.000000, avanceR = 2.000000, avanceI = 2.000000
inc_x_r = 0.000000, inc_y_r = 1.000000, inc_x_i = 1.000000, inc_y_i = 1.000000
En el else......

----------------------------------------
x = 56.000000, y = 315.000000
avance = -271.000000, avanceR = 2.000000, avanceI = 2.000000
inc_x_r = 0.000000, inc_y_r = 1.000000, inc_x_i = 1.000000, inc_y_i = 1.000000
En el else......

----------------------------------------
x = 56.000000, y = 316.000000
avance = -269.000000, avanceR = 2.000000, avanceI = 2.000000
inc_x_r = 0.000000, inc_y_r = 1.000000, inc_x_i = 1.000000, inc_y_i = 1.000000
En el else......

----------------------------------------
x = 56.000000, y = 317.000000
avance = -267.000000, avanceR = 2.000000, avanceI = 2.000000
inc_x_r = 0.000000, inc_y_r = 1.000000, inc_x_i = 1.000000, inc_y_i = 1.000000
En el else......

----------------------------------------
x = 56.000000, y = 318.000000
avance = -265.000000, avanceR = 2.000000, avanceI = 2.000000
inc_x_r = 0.000000, inc_y_r = 1.000000, inc_x_i = 1.000000, inc_y_i = 1.000000
En el else......

----------------------------------------
x = 56.000000, y = 319.000000
avance = -263.000000, avanceR = 2.000000, avanceI = 2.000000
inc_x_r = 0.000000, inc_y_r = 1.000000, inc_x_i = 1.000000, inc_y_i = 1.000000
En el else......

----------------------------------------
x = 56.000000, y = 320.000000
avance = -261.000000, avanceR = 2.000000, avanceI = 2.000000
inc_x_r = 0.000000, inc_y_r = 1.000000, inc_x_i = 1.000000, inc_y_i = 1.000000
En el else......

----------------------------------------
x = 56.000000, y = 321.000000
avance = -259.000000, avanceR = 2.000000, avanceI = 2.000000
inc_x_r = 0.000000, inc_y_r = 1.000000, inc_x_i = 1.000000, inc_y_i = 1.000000
En el else......

----------------------------------------
x = 56.000000, y = 322.000000
avance = -257.000000, avanceR = 2.000000, avanceI = 2.000000
inc_x_r = 0.000000, inc_y_r = 1.000000, inc_x_i = 1.000000, inc_y_i = 1.000000
En el else......

----------------------------------------
x = 56.000000, y = 323.000000
avance = -255.000000, avanceR = 2.000000, avanceI = 2.000000
inc_x_r = 0.000000, inc_y_r = 1.000000, inc_x_i = 1.000000, inc_y_i = 1.000000
En el else......

----------------------------------------
x = 56.000000, y = 324.000000
avance = -253.000000, avanceR = 2.000000, avanceI = 2.000000
inc_x_r = 0.000000, inc_y_r = 1.000000, inc_x_i = 1.000000, inc_y_i = 1.000000
En el else......

----------------------------------------
x = 56.000000, y = 325.000000
avance = -251.000000, avanceR = 2.000000, avanceI = 2.000000
inc_x_r = 0.000000, inc_y_r = 1.000000, inc_x_i = 1.000000, inc_y_i = 1.000000
En el else......

----------------------------------------


ENTRAMOS A BRESENHAMªªªª
x1 = 55.000000 - y1 = 75.000000 || x2 = 56.000000 - y2 = 326.000000
dy = 251.000000, dx = 1.000000
avances inclinados: inc_x_i = 1.000000, inc_y_i = 1.000000
updated: dy = 251.000000, dx = 1.000000
avances rectos: inc_x_r = 0.000000, inc_y_r 1.000000
reupdated: dy = 1.000000, dx = 251.000000
avanceR = 2.000000, avance -249.000000, avanceI 2.000000
----------------------------------------
x = 55.000000, y = 75.000000
avance = -249.000000, avanceR = 2.000000, avanceI = 2.000000
inc_x_r = 0.000000, inc_y_r = 1.000000, inc_x_i = 1.000000, inc_y_i = 1.000000
En el else......

----------------------------------------
x = 55.000000, y = 76.000000
avance = -247.000000, avanceR = 2.000000, avanceI = 2.000000
inc_x_r = 0.000000, inc_y_r = 1.000000, inc_x_i = 1.000000, inc_y_i = 1.000000
En el else......

----------------------------------------
x = 55.000000, y = 77.000000
avance = -245.000000, avanceR = 2.000000, avanceI = 2.000000
inc_x_r = 0.000000, inc_y_r = 1.000000, inc_x_i = 1.000000, inc_y_i = 1.000000
En el else......

----------------------------------------
x = 55.000000, y = 78.000000
avance = -243.000000, avanceR = 2.000000, avanceI = 2.000000
inc_x_r = 0.000000, inc_y_r = 1.000000, inc_x_i = 1.000000, inc_y_i = 1.000000
En el else......

----------------------------------------
x = 55.000000, y = 79.000000
avance = -241.000000, avanceR = 2.000000, avanceI = 2.000000
inc_x_r = 0.000000, inc_y_r = 1.000000, inc_x_i = 1.000000, inc_y_i = 1.000000
En el else......

----------------------------------------
x = 55.000000, y = 80.000000
avance = -239.000000, avanceR = 2.000000, avanceI = 2.000000
inc_x_r = 0.000000, inc_y_r = 1.000000, inc_x_i = 1.000000, inc_y_i = 1.000000
En el else......

----------------------------------------
x = 55.000000, y = 81.000000
avance = -237.000000, avanceR = 2.000000, avanceI = 2.000000
inc_x_r = 0.000000, inc_y_r = 1.000000, inc_x_i = 1.000000, inc_y_i = 1.000000
En el else......

----------------------------------------
x = 55.000000, y = 82.000000
avance = -235.000000, avanceR = 2.000000, avanceI = 2.000000
inc_x_r = 0.000000, inc_y_r = 1.000000, inc_x_i = 1.000000, inc_y_i = 1.000000
En el else......

----------------------------------------
x = 55.000000, y = 83.000000
avance = -233.000000, avanceR = 2.000000, avanceI = 2.000000
inc_x_r = 0.000000, inc_y_r = 1.000000, inc_x_i = 1.000000, inc_y_i = 1.000000
En el else......

----------------------------------------
x = 55.000000, y = 84.000000
avance = -231.000000, avanceR = 2.000000, avanceI = 2.000000
inc_x_r = 0.000000, inc_y_r = 1.000000, inc_x_i = 1.000000, inc_y_i = 1.000000
En el else......

----------------------------------------
x = 55.000000, y = 85.000000
avance = -229.000000, avanceR = 2.000000, avanceI = 2.000000
inc_x_r = 0.000000, inc_y_r = 1.000000, inc_x_i = 1.000000, inc_y_i = 1.000000
En el else......

----------------------------------------
x = 55.000000, y = 86.000000
avance = -227.000000, avanceR = 2.000000, avanceI = 2.000000
inc_x_r = 0.000000, inc_y_r = 1.000000, inc_x_i = 1.000000, inc_y_i = 1.000000
En el else......

----------------------------------------
x = 55.000000, y = 87.000000
avance = -225.000000, avanceR = 2.000000, avanceI = 2.000000
inc_x_r = 0.000000, inc_y_r = 1.000000, inc_x_i = 1.000000, inc_y_i = 1.000000
En el else......

----------------------------------------
x = 55.000000, y = 88.000000
avance = -223.000000, avanceR = 2.000000, avanceI = 2.000000
inc_x_r = 0.000000, inc_y_r = 1.000000, inc_x_i = 1.000000, inc_y_i = 1.000000
En el else......

----------------------------------------
x = 55.000000, y = 89.000000
avance = -221.000000, avanceR = 2.000000, avanceI = 2.000000
inc_x_r = 0.000000, inc_y_r = 1.000000, inc_x_i = 1.000000, inc_y_i = 1.000000
En el else......

----------------------------------------
x = 55.000000, y = 90.000000
avance = -219.000000, avanceR = 2.000000, avanceI = 2.000000
inc_x_r = 0.000000, inc_y_r = 1.000000, inc_x_i = 1.000000, inc_y_i = 1.000000
En el else......

----------------------------------------
x = 55.000000, y = 91.000000
avance = -217.000000, avanceR = 2.000000, avanceI = 2.000000
inc_x_r = 0.000000, inc_y_r = 1.000000, inc_x_i = 1.000000, inc_y_i = 1.000000
En el else......

----------------------------------------
x = 55.000000, y = 92.000000
avance = -215.000000, avanceR = 2.000000, avanceI = 2.000000
inc_x_r = 0.000000, inc_y_r = 1.000000, inc_x_i = 1.000000, inc_y_i = 1.000000
En el else......

----------------------------------------
x = 55.000000, y = 93.000000
avance = -213.000000, avanceR = 2.000000, avanceI = 2.000000
inc_x_r = 0.000000, inc_y_r = 1.000000, inc_x_i = 1.000000, inc_y_i = 1.000000
En el else......

----------------------------------------
x = 55.000000, y = 94.000000
avance = -211.000000, avanceR = 2.000000, avanceI = 2.000000
inc_x_r = 0.000000, inc_y_r = 1.000000, inc_x_i = 1.000000, inc_y_i = 1.000000
En el else......

----------------------------------------
x = 55.000000, y = 95.000000
avance = -209.000000, avanceR = 2.000000, avanceI = 2.000000
inc_x_r = 0.000000, inc_y_r = 1.000000, inc_x_i = 1.000000, inc_y_i = 1.000000
En el else......

----------------------------------------
x = 55.000000, y = 96.000000
avance = -207.000000, avanceR = 2.000000, avanceI = 2.000000
inc_x_r = 0.000000, inc_y_r = 1.000000, inc_x_i = 1.000000, inc_y_i = 1.000000
En el else......

----------------------------------------
x = 55.000000, y = 97.000000
avance = -205.000000, avanceR = 2.000000, avanceI = 2.000000
inc_x_r = 0.000000, inc_y_r = 1.000000, inc_x_i = 1.000000, inc_y_i = 1.000000
En el else......

----------------------------------------
x = 55.000000, y = 98.000000
avance = -203.000000, avanceR = 2.000000, avanceI = 2.000000
inc_x_r = 0.000000, inc_y_r = 1.000000, inc_x_i = 1.000000, inc_y_i = 1.000000
En el else......

----------------------------------------
x = 55.000000, y = 99.000000
avance = -201.000000, avanceR = 2.000000, avanceI = 2.000000
inc_x_r = 0.000000, inc_y_r = 1.000000, inc_x_i = 1.000000, inc_y_i = 1.000000
En el else......

----------------------------------------
x = 55.000000, y = 100.000000
avance = -199.000000, avanceR = 2.000000, avanceI = 2.000000
inc_x_r = 0.000000, inc_y_r = 1.000000, inc_x_i = 1.000000, inc_y_i = 1.000000
En el else......

----------------------------------------
x = 55.000000, y = 101.000000
avance = -197.000000, avanceR = 2.000000, avanceI = 2.000000
inc_x_r = 0.000000, inc_y_r = 1.000000, inc_x_i = 1.000000, inc_y_i = 1.000000
En el else......

----------------------------------------
x = 55.000000, y = 102.000000
avance = -195.000000, avanceR = 2.000000, avanceI = 2.000000
inc_x_r = 0.000000, inc_y_r = 1.000000, inc_x_i = 1.000000, inc_y_i = 1.000000
En el else......

----------------------------------------
x = 55.000000, y = 103.000000
avance = -193.000000, avanceR = 2.000000, avanceI = 2.000000
inc_x_r = 0.000000, inc_y_r = 1.000000, inc_x_i = 1.000000, inc_y_i = 1.000000
En el else......

----------------------------------------
x = 55.000000, y = 104.000000
avance = -191.000000, avanceR = 2.000000, avanceI = 2.000000
inc_x_r = 0.000000, inc_y_r = 1.000000, inc_x_i = 1.000000, inc_y_i = 1.000000
En el else......

----------------------------------------
x = 55.000000, y = 105.000000
avance = -189.000000, avanceR = 2.000000, avanceI = 2.000000
inc_x_r = 0.000000, inc_y_r = 1.000000, inc_x_i = 1.000000, inc_y_i = 1.000000
En el else......

----------------------------------------
x = 55.000000, y = 106.000000
avance = -187.000000, avanceR = 2.000000, avanceI = 2.000000
inc_x_r = 0.000000, inc_y_r = 1.000000, inc_x_i = 1.000000, inc_y_i = 1.000000
En el else......

----------------------------------------
x = 55.000000, y = 107.000000
avance = -185.000000, avanceR = 2.000000, avanceI = 2.000000
inc_x_r = 0.000000, inc_y_r = 1.000000, inc_x_i = 1.000000, inc_y_i = 1.000000
En el else......

----------------------------------------
x = 55.000000, y = 108.000000
avance = -183.000000, avanceR = 2.000000, avanceI = 2.000000
inc_x_r = 0.000000, inc_y_r = 1.000000, inc_x_i = 1.000000, inc_y_i = 1.000000
En el else......

----------------------------------------
x = 55.000000, y = 109.000000
avance = -181.000000, avanceR = 2.000000, avanceI = 2.000000
inc_x_r = 0.000000, inc_y_r = 1.000000, inc_x_i = 1.000000, inc_y_i = 1.000000
En el else......

----------------------------------------
x = 55.000000, y = 110.000000
avance = -179.000000, avanceR = 2.000000, avanceI = 2.000000
inc_x_r = 0.000000, inc_y_r = 1.000000, inc_x_i = 1.000000, inc_y_i = 1.000000
En el else......

----------------------------------------
x = 55.000000, y = 111.000000
avance = -177.000000, avanceR = 2.000000, avanceI = 2.000000
inc_x_r = 0.000000, inc_y_r = 1.000000, inc_x_i = 1.000000, inc_y_i = 1.000000
En el else......

----------------------------------------
x = 55.000000, y = 112.000000
avance = -175.000000, avanceR = 2.000000, avanceI = 2.000000
inc_x_r = 0.000000, inc_y_r = 1.000000, inc_x_i = 1.000000, inc_y_i = 1.000000
En el else......

----------------------------------------
x = 55.000000, y = 113.000000
avance = -173.000000, avanceR = 2.000000, avanceI = 2.000000
inc_x_r = 0.000000, inc_y_r = 1.000000, inc_x_i = 1.000000, inc_y_i = 1.000000
En el else......

----------------------------------------
x = 55.000000, y = 114.000000
avance = -171.000000, avanceR = 2.000000, avanceI = 2.000000
inc_x_r = 0.000000, inc_y_r = 1.000000, inc_x_i = 1.000000, inc_y_i = 1.000000
En el else......

----------------------------------------
x = 55.000000, y = 115.000000
avance = -169.000000, avanceR = 2.000000, avanceI = 2.000000
inc_x_r = 0.000000, inc_y_r = 1.000000, inc_x_i = 1.000000, inc_y_i = 1.000000
En el else......

----------------------------------------
x = 55.000000, y = 116.000000
avance = -167.000000, avanceR = 2.000000, avanceI = 2.000000
inc_x_r = 0.000000, inc_y_r = 1.000000, inc_x_i = 1.000000, inc_y_i = 1.000000
En el else......

----------------------------------------
x = 55.000000, y = 117.000000
avance = -165.000000, avanceR = 2.000000, avanceI = 2.000000
inc_x_r = 0.000000, inc_y_r = 1.000000, inc_x_i = 1.000000, inc_y_i = 1.000000
En el else......

----------------------------------------
x = 55.000000, y = 118.000000
avance = -163.000000, avanceR = 2.000000, avanceI = 2.000000
inc_x_r = 0.000000, inc_y_r = 1.000000, inc_x_i = 1.000000, inc_y_i = 1.000000
En el else......

----------------------------------------
x = 55.000000, y = 119.000000
avance = -161.000000, avanceR = 2.000000, avanceI = 2.000000
inc_x_r = 0.000000, inc_y_r = 1.000000, inc_x_i = 1.000000, inc_y_i = 1.000000
En el else......

----------------------------------------
x = 55.000000, y = 120.000000
avance = -159.000000, avanceR = 2.000000, avanceI = 2.000000
inc_x_r = 0.000000, inc_y_r = 1.000000, inc_x_i = 1.000000, inc_y_i = 1.000000
En el else......

----------------------------------------
x = 55.000000, y = 121.000000
avance = -157.000000, avanceR = 2.000000, avanceI = 2.000000
inc_x_r = 0.000000, inc_y_r = 1.000000, inc_x_i = 1.000000, inc_y_i = 1.000000
En el else......

----------------------------------------
x = 55.000000, y = 122.000000
avance = -155.000000, avanceR = 2.000000, avanceI = 2.000000
inc_x_r = 0.000000, inc_y_r = 1.000000, inc_x_i = 1.000000, inc_y_i = 1.000000
En el else......

----------------------------------------
x = 55.000000, y = 123.000000
avance = -153.000000, avanceR = 2.000000, avanceI = 2.000000
inc_x_r = 0.000000, inc_y_r = 1.000000, inc_x_i = 1.000000, inc_y_i = 1.000000
En el else......

----------------------------------------
x = 55.000000, y = 124.000000
avance = -151.000000, avanceR = 2.000000, avanceI = 2.000000
inc_x_r = 0.000000, inc_y_r = 1.000000, inc_x_i = 1.000000, inc_y_i = 1.000000
En el else......

----------------------------------------
x = 55.000000, y = 125.000000
avance = -149.000000, avanceR = 2.000000, avanceI = 2.000000
inc_x_r = 0.000000, inc_y_r = 1.000000, inc_x_i = 1.000000, inc_y_i = 1.000000
En el else......

----------------------------------------
x = 55.000000, y = 126.000000
avance = -147.000000, avanceR = 2.000000, avanceI = 2.000000
inc_x_r = 0.000000, inc_y_r = 1.000000, inc_x_i = 1.000000, inc_y_i = 1.000000
En el else......

----------------------------------------
x = 55.000000, y = 127.000000
avance = -145.000000, avanceR = 2.000000, avanceI = 2.000000
inc_x_r = 0.000000, inc_y_r = 1.000000, inc_x_i = 1.000000, inc_y_i = 1.000000
En el else......

----------------------------------------
x = 55.000000, y = 128.000000
avance = -143.000000, avanceR = 2.000000, avanceI = 2.000000
inc_x_r = 0.000000, inc_y_r = 1.000000, inc_x_i = 1.000000, inc_y_i = 1.000000
En el else......

----------------------------------------
x = 55.000000, y = 129.000000
avance = -141.000000, avanceR = 2.000000, avanceI = 2.000000
inc_x_r = 0.000000, inc_y_r = 1.000000, inc_x_i = 1.000000, inc_y_i = 1.000000
En el else......

----------------------------------------
x = 55.000000, y = 130.000000
avance = -139.000000, avanceR = 2.000000, avanceI = 2.000000
inc_x_r = 0.000000, inc_y_r = 1.000000, inc_x_i = 1.000000, inc_y_i = 1.000000
En el else......

----------------------------------------
x = 55.000000, y = 131.000000
avance = -137.000000, avanceR = 2.000000, avanceI = 2.000000
inc_x_r = 0.000000, inc_y_r = 1.000000, inc_x_i = 1.000000, inc_y_i = 1.000000
En el else......

----------------------------------------
x = 55.000000, y = 132.000000
avance = -135.000000, avanceR = 2.000000, avanceI = 2.000000
inc_x_r = 0.000000, inc_y_r = 1.000000, inc_x_i = 1.000000, inc_y_i = 1.000000
En el else......

----------------------------------------
x = 55.000000, y = 133.000000
avance = -133.000000, avanceR = 2.000000, avanceI = 2.000000
inc_x_r = 0.000000, inc_y_r = 1.000000, inc_x_i = 1.000000, inc_y_i = 1.000000
En el else......

----------------------------------------
x = 55.000000, y = 134.000000
avance = -131.000000, avanceR = 2.000000, avanceI = 2.000000
inc_x_r = 0.000000, inc_y_r = 1.000000, inc_x_i = 1.000000, inc_y_i = 1.000000
En el else......

----------------------------------------
x = 55.000000, y = 135.000000
avance = -129.000000, avanceR = 2.000000, avanceI = 2.000000
inc_x_r = 0.000000, inc_y_r = 1.000000, inc_x_i = 1.000000, inc_y_i = 1.000000
En el else......

----------------------------------------
x = 55.000000, y = 136.000000
avance = -127.000000, avanceR = 2.000000, avanceI = 2.000000
inc_x_r = 0.000000, inc_y_r = 1.000000, inc_x_i = 1.000000, inc_y_i = 1.000000
En el else......

----------------------------------------
x = 55.000000, y = 137.000000
avance = -125.000000, avanceR = 2.000000, avanceI = 2.000000
inc_x_r = 0.000000, inc_y_r = 1.000000, inc_x_i = 1.000000, inc_y_i = 1.000000
En el else......

----------------------------------------
x = 55.000000, y = 138.000000
avance = -123.000000, avanceR = 2.000000, avanceI = 2.000000
inc_x_r = 0.000000, inc_y_r = 1.000000, inc_x_i = 1.000000, inc_y_i = 1.000000
En el else......

----------------------------------------
x = 55.000000, y = 139.000000
avance = -121.000000, avanceR = 2.000000, avanceI = 2.000000
inc_x_r = 0.000000, inc_y_r = 1.000000, inc_x_i = 1.000000, inc_y_i = 1.000000
En el else......

----------------------------------------
x = 55.000000, y = 140.000000
avance = -119.000000, avanceR = 2.000000, avanceI = 2.000000
inc_x_r = 0.000000, inc_y_r = 1.000000, inc_x_i = 1.000000, inc_y_i = 1.000000
En el else......

----------------------------------------
x = 55.000000, y = 141.000000
avance = -117.000000, avanceR = 2.000000, avanceI = 2.000000
inc_x_r = 0.000000, inc_y_r = 1.000000, inc_x_i = 1.000000, inc_y_i = 1.000000
En el else......

----------------------------------------
x = 55.000000, y = 142.000000
avance = -115.000000, avanceR = 2.000000, avanceI = 2.000000
inc_x_r = 0.000000, inc_y_r = 1.000000, inc_x_i = 1.000000, inc_y_i = 1.000000
En el else......

----------------------------------------
x = 55.000000, y = 143.000000
avance = -113.000000, avanceR = 2.000000, avanceI = 2.000000
inc_x_r = 0.000000, inc_y_r = 1.000000, inc_x_i = 1.000000, inc_y_i = 1.000000
En el else......

----------------------------------------
x = 55.000000, y = 144.000000
avance = -111.000000, avanceR = 2.000000, avanceI = 2.000000
inc_x_r = 0.000000, inc_y_r = 1.000000, inc_x_i = 1.000000, inc_y_i = 1.000000
En el else......

----------------------------------------
x = 55.000000, y = 145.000000
avance = -109.000000, avanceR = 2.000000, avanceI = 2.000000
inc_x_r = 0.000000, inc_y_r = 1.000000, inc_x_i = 1.000000, inc_y_i = 1.000000
En el else......

----------------------------------------
x = 55.000000, y = 146.000000
avance = -107.000000, avanceR = 2.000000, avanceI = 2.000000
inc_x_r = 0.000000, inc_y_r = 1.000000, inc_x_i = 1.000000, inc_y_i = 1.000000
En el else......

----------------------------------------
x = 55.000000, y = 147.000000
avance = -105.000000, avanceR = 2.000000, avanceI = 2.000000
inc_x_r = 0.000000, inc_y_r = 1.000000, inc_x_i = 1.000000, inc_y_i = 1.000000
En el else......

----------------------------------------
x = 55.000000, y = 148.000000
avance = -103.000000, avanceR = 2.000000, avanceI = 2.000000
inc_x_r = 0.000000, inc_y_r = 1.000000, inc_x_i = 1.000000, inc_y_i = 1.000000
En el else......

----------------------------------------
x = 55.000000, y = 149.000000
avance = -101.000000, avanceR = 2.000000, avanceI = 2.000000
inc_x_r = 0.000000, inc_y_r = 1.000000, inc_x_i = 1.000000, inc_y_i = 1.000000
En el else......

----------------------------------------
x = 55.000000, y = 150.000000
avance = -99.000000, avanceR = 2.000000, avanceI = 2.000000
inc_x_r = 0.000000, inc_y_r = 1.000000, inc_x_i = 1.000000, inc_y_i = 1.000000
En el else......

----------------------------------------
x = 55.000000, y = 151.000000
avance = -97.000000, avanceR = 2.000000, avanceI = 2.000000
inc_x_r = 0.000000, inc_y_r = 1.000000, inc_x_i = 1.000000, inc_y_i = 1.000000
En el else......

----------------------------------------
x = 55.000000, y = 152.000000
avance = -95.000000, avanceR = 2.000000, avanceI = 2.000000
inc_x_r = 0.000000, inc_y_r = 1.000000, inc_x_i = 1.000000, inc_y_i = 1.000000
En el else......

----------------------------------------
x = 55.000000, y = 153.000000
avance = -93.000000, avanceR = 2.000000, avanceI = 2.000000
inc_x_r = 0.000000, inc_y_r = 1.000000, inc_x_i = 1.000000, inc_y_i = 1.000000
En el else......

----------------------------------------
x = 55.000000, y = 154.000000
avance = -91.000000, avanceR = 2.000000, avanceI = 2.000000
inc_x_r = 0.000000, inc_y_r = 1.000000, inc_x_i = 1.000000, inc_y_i = 1.000000
En el else......

----------------------------------------
x = 55.000000, y = 155.000000
avance = -89.000000, avanceR = 2.000000, avanceI = 2.000000
inc_x_r = 0.000000, inc_y_r = 1.000000, inc_x_i = 1.000000, inc_y_i = 1.000000
En el else......

----------------------------------------
x = 55.000000, y = 156.000000
avance = -87.000000, avanceR = 2.000000, avanceI = 2.000000
inc_x_r = 0.000000, inc_y_r = 1.000000, inc_x_i = 1.000000, inc_y_i = 1.000000
En el else......

----------------------------------------
x = 55.000000, y = 157.000000
avance = -85.000000, avanceR = 2.000000, avanceI = 2.000000
inc_x_r = 0.000000, inc_y_r = 1.000000, inc_x_i = 1.000000, inc_y_i = 1.000000
En el else......

----------------------------------------
x = 55.000000, y = 158.000000
avance = -83.000000, avanceR = 2.000000, avanceI = 2.000000
inc_x_r = 0.000000, inc_y_r = 1.000000, inc_x_i = 1.000000, inc_y_i = 1.000000
En el else......

----------------------------------------
x = 55.000000, y = 159.000000
avance = -81.000000, avanceR = 2.000000, avanceI = 2.000000
inc_x_r = 0.000000, inc_y_r = 1.000000, inc_x_i = 1.000000, inc_y_i = 1.000000
En el else......

----------------------------------------
x = 55.000000, y = 160.000000
avance = -79.000000, avanceR = 2.000000, avanceI = 2.000000
inc_x_r = 0.000000, inc_y_r = 1.000000, inc_x_i = 1.000000, inc_y_i = 1.000000
En el else......

----------------------------------------
x = 55.000000, y = 161.000000
avance = -77.000000, avanceR = 2.000000, avanceI = 2.000000
inc_x_r = 0.000000, inc_y_r = 1.000000, inc_x_i = 1.000000, inc_y_i = 1.000000
En el else......

----------------------------------------
x = 55.000000, y = 162.000000
avance = -75.000000, avanceR = 2.000000, avanceI = 2.000000
inc_x_r = 0.000000, inc_y_r = 1.000000, inc_x_i = 1.000000, inc_y_i = 1.000000
En el else......

----------------------------------------
x = 55.000000, y = 163.000000
avance = -73.000000, avanceR = 2.000000, avanceI = 2.000000
inc_x_r = 0.000000, inc_y_r = 1.000000, inc_x_i = 1.000000, inc_y_i = 1.000000
En el else......

----------------------------------------
x = 55.000000, y = 164.000000
avance = -71.000000, avanceR = 2.000000, avanceI = 2.000000
inc_x_r = 0.000000, inc_y_r = 1.000000, inc_x_i = 1.000000, inc_y_i = 1.000000
En el else......

----------------------------------------
x = 55.000000, y = 165.000000
avance = -69.000000, avanceR = 2.000000, avanceI = 2.000000
inc_x_r = 0.000000, inc_y_r = 1.000000, inc_x_i = 1.000000, inc_y_i = 1.000000
En el else......

----------------------------------------
x = 55.000000, y = 166.000000
avance = -67.000000, avanceR = 2.000000, avanceI = 2.000000
inc_x_r = 0.000000, inc_y_r = 1.000000, inc_x_i = 1.000000, inc_y_i = 1.000000
En el else......

----------------------------------------
x = 55.000000, y = 167.000000
avance = -65.000000, avanceR = 2.000000, avanceI = 2.000000
inc_x_r = 0.000000, inc_y_r = 1.000000, inc_x_i = 1.000000, inc_y_i = 1.000000
En el else......

----------------------------------------
x = 55.000000, y = 168.000000
avance = -63.000000, avanceR = 2.000000, avanceI = 2.000000
inc_x_r = 0.000000, inc_y_r = 1.000000, inc_x_i = 1.000000, inc_y_i = 1.000000
En el else......

----------------------------------------
x = 55.000000, y = 169.000000
avance = -61.000000, avanceR = 2.000000, avanceI = 2.000000
inc_x_r = 0.000000, inc_y_r = 1.000000, inc_x_i = 1.000000, inc_y_i = 1.000000
En el else......

----------------------------------------
x = 55.000000, y = 170.000000
avance = -59.000000, avanceR = 2.000000, avanceI = 2.000000
inc_x_r = 0.000000, inc_y_r = 1.000000, inc_x_i = 1.000000, inc_y_i = 1.000000
En el else......

----------------------------------------
x = 55.000000, y = 171.000000
avance = -57.000000, avanceR = 2.000000, avanceI = 2.000000
inc_x_r = 0.000000, inc_y_r = 1.000000, inc_x_i = 1.000000, inc_y_i = 1.000000
En el else......

----------------------------------------
x = 55.000000, y = 172.000000
avance = -55.000000, avanceR = 2.000000, avanceI = 2.000000
inc_x_r = 0.000000, inc_y_r = 1.000000, inc_x_i = 1.000000, inc_y_i = 1.000000
En el else......

----------------------------------------
x = 55.000000, y = 173.000000
avance = -53.000000, avanceR = 2.000000, avanceI = 2.000000
inc_x_r = 0.000000, inc_y_r = 1.000000, inc_x_i = 1.000000, inc_y_i = 1.000000
En el else......

----------------------------------------
x = 55.000000, y = 174.000000
avance = -51.000000, avanceR = 2.000000, avanceI = 2.000000
inc_x_r = 0.000000, inc_y_r = 1.000000, inc_x_i = 1.000000, inc_y_i = 1.000000
En el else......

----------------------------------------
x = 55.000000, y = 175.000000
avance = -49.000000, avanceR = 2.000000, avanceI = 2.000000
inc_x_r = 0.000000, inc_y_r = 1.000000, inc_x_i = 1.000000, inc_y_i = 1.000000
En el else......

----------------------------------------
x = 55.000000, y = 176.000000
avance = -47.000000, avanceR = 2.000000, avanceI = 2.000000
inc_x_r = 0.000000, inc_y_r = 1.000000, inc_x_i = 1.000000, inc_y_i = 1.000000
En el else......

----------------------------------------
x = 55.000000, y = 177.000000
avance = -45.000000, avanceR = 2.000000, avanceI = 2.000000
inc_x_r = 0.000000, inc_y_r = 1.000000, inc_x_i = 1.000000, inc_y_i = 1.000000
En el else......

----------------------------------------
x = 55.000000, y = 178.000000
avance = -43.000000, avanceR = 2.000000, avanceI = 2.000000
inc_x_r = 0.000000, inc_y_r = 1.000000, inc_x_i = 1.000000, inc_y_i = 1.000000
En el else......

----------------------------------------
x = 55.000000, y = 179.000000
avance = -41.000000, avanceR = 2.000000, avanceI = 2.000000
inc_x_r = 0.000000, inc_y_r = 1.000000, inc_x_i = 1.000000, inc_y_i = 1.000000
En el else......

----------------------------------------
x = 55.000000, y = 180.000000
avance = -39.000000, avanceR = 2.000000, avanceI = 2.000000
inc_x_r = 0.000000, inc_y_r = 1.000000, inc_x_i = 1.000000, inc_y_i = 1.000000
En el else......

----------------------------------------
x = 55.000000, y = 181.000000
avance = -37.000000, avanceR = 2.000000, avanceI = 2.000000
inc_x_r = 0.000000, inc_y_r = 1.000000, inc_x_i = 1.000000, inc_y_i = 1.000000
En el else......

----------------------------------------
x = 55.000000, y = 182.000000
avance = -35.000000, avanceR = 2.000000, avanceI = 2.000000
inc_x_r = 0.000000, inc_y_r = 1.000000, inc_x_i = 1.000000, inc_y_i = 1.000000
En el else......

----------------------------------------
x = 55.000000, y = 183.000000
avance = -33.000000, avanceR = 2.000000, avanceI = 2.000000
inc_x_r = 0.000000, inc_y_r = 1.000000, inc_x_i = 1.000000, inc_y_i = 1.000000
En el else......

----------------------------------------
x = 55.000000, y = 184.000000
avance = -31.000000, avanceR = 2.000000, avanceI = 2.000000
inc_x_r = 0.000000, inc_y_r = 1.000000, inc_x_i = 1.000000, inc_y_i = 1.000000
En el else......

----------------------------------------
x = 55.000000, y = 185.000000
avance = -29.000000, avanceR = 2.000000, avanceI = 2.000000
inc_x_r = 0.000000, inc_y_r = 1.000000, inc_x_i = 1.000000, inc_y_i = 1.000000
En el else......

----------------------------------------
x = 55.000000, y = 186.000000
avance = -27.000000, avanceR = 2.000000, avanceI = 2.000000
inc_x_r = 0.000000, inc_y_r = 1.000000, inc_x_i = 1.000000, inc_y_i = 1.000000
En el else......

----------------------------------------
x = 55.000000, y = 187.000000
avance = -25.000000, avanceR = 2.000000, avanceI = 2.000000
inc_x_r = 0.000000, inc_y_r = 1.000000, inc_x_i = 1.000000, inc_y_i = 1.000000
En el else......

----------------------------------------
x = 55.000000, y = 188.000000
avance = -23.000000, avanceR = 2.000000, avanceI = 2.000000
inc_x_r = 0.000000, inc_y_r = 1.000000, inc_x_i = 1.000000, inc_y_i = 1.000000
En el else......

----------------------------------------
x = 55.000000, y = 189.000000
avance = -21.000000, avanceR = 2.000000, avanceI = 2.000000
inc_x_r = 0.000000, inc_y_r = 1.000000, inc_x_i = 1.000000, inc_y_i = 1.000000
En el else......

----------------------------------------
x = 55.000000, y = 190.000000
avance = -19.000000, avanceR = 2.000000, avanceI = 2.000000
inc_x_r = 0.000000, inc_y_r = 1.000000, inc_x_i = 1.000000, inc_y_i = 1.000000
En el else......

----------------------------------------
x = 55.000000, y = 191.000000
avance = -17.000000, avanceR = 2.000000, avanceI = 2.000000
inc_x_r = 0.000000, inc_y_r = 1.000000, inc_x_i = 1.000000, inc_y_i = 1.000000
En el else......

----------------------------------------
x = 55.000000, y = 192.000000
avance = -15.000000, avanceR = 2.000000, avanceI = 2.000000
inc_x_r = 0.000000, inc_y_r = 1.000000, inc_x_i = 1.000000, inc_y_i = 1.000000
En el else......

----------------------------------------
x = 55.000000, y = 193.000000
avance = -13.000000, avanceR = 2.000000, avanceI = 2.000000
inc_x_r = 0.000000, inc_y_r = 1.000000, inc_x_i = 1.000000, inc_y_i = 1.000000
En el else......

----------------------------------------
x = 55.000000, y = 194.000000
avance = -11.000000, avanceR = 2.000000, avanceI = 2.000000
inc_x_r = 0.000000, inc_y_r = 1.000000, inc_x_i = 1.000000, inc_y_i = 1.000000
En el else......

----------------------------------------
x = 55.000000, y = 195.000000
avance = -9.000000, avanceR = 2.000000, avanceI = 2.000000
inc_x_r = 0.000000, inc_y_r = 1.000000, inc_x_i = 1.000000, inc_y_i = 1.000000
En el else......

----------------------------------------
x = 55.000000, y = 196.000000
avance = -7.000000, avanceR = 2.000000, avanceI = 2.000000
inc_x_r = 0.000000, inc_y_r = 1.000000, inc_x_i = 1.000000, inc_y_i = 1.000000
En el else......

----------------------------------------
x = 55.000000, y = 197.000000
avance = -5.000000, avanceR = 2.000000, avanceI = 2.000000
inc_x_r = 0.000000, inc_y_r = 1.000000, inc_x_i = 1.000000, inc_y_i = 1.000000
En el else......

----------------------------------------
x = 55.000000, y = 198.000000
avance = -3.000000, avanceR = 2.000000, avanceI = 2.000000
inc_x_r = 0.000000, inc_y_r = 1.000000, inc_x_i = 1.000000, inc_y_i = 1.000000
En el else......

----------------------------------------
x = 55.000000, y = 199.000000
avance = -1.000000, avanceR = 2.000000, avanceI = 2.000000
inc_x_r = 0.000000, inc_y_r = 1.000000, inc_x_i = 1.000000, inc_y_i = 1.000000
En el else......

----------------------------------------
x = 55.000000, y = 200.000000
avance = 1.000000, avanceR = 2.000000, avanceI = 2.000000
inc_x_r = 0.000000, inc_y_r = 1.000000, inc_x_i = 1.000000, inc_y_i = 1.000000
avance >= 0

----------------------------------------
x = 56.000000, y = 201.000000
avance = -499.000000, avanceR = 2.000000, avanceI = 2.000000
inc_x_r = 0.000000, inc_y_r = 1.000000, inc_x_i = 1.000000, inc_y_i = 1.000000
En el else......

----------------------------------------
x = 56.000000, y = 202.000000
avance = -497.000000, avanceR = 2.000000, avanceI = 2.000000
inc_x_r = 0.000000, inc_y_r = 1.000000, inc_x_i = 1.000000, inc_y_i = 1.000000
En el else......

----------------------------------------
x = 56.000000, y = 203.000000
avance = -495.000000, avanceR = 2.000000, avanceI = 2.000000
inc_x_r = 0.000000, inc_y_r = 1.000000, inc_x_i = 1.000000, inc_y_i = 1.000000
En el else......

----------------------------------------
x = 56.000000, y = 204.000000
avance = -493.000000, avanceR = 2.000000, avanceI = 2.000000
inc_x_r = 0.000000, inc_y_r = 1.000000, inc_x_i = 1.000000, inc_y_i = 1.000000
En el else......

----------------------------------------
x = 56.000000, y = 205.000000
avance = -491.000000, avanceR = 2.000000, avanceI = 2.000000
inc_x_r = 0.000000, inc_y_r = 1.000000, inc_x_i = 1.000000, inc_y_i = 1.000000
En el else......

----------------------------------------
x = 56.000000, y = 206.000000
avance = -489.000000, avanceR = 2.000000, avanceI = 2.000000
inc_x_r = 0.000000, inc_y_r = 1.000000, inc_x_i = 1.000000, inc_y_i = 1.000000
En el else......

----------------------------------------
x = 56.000000, y = 207.000000
avance = -487.000000, avanceR = 2.000000, avanceI = 2.000000
inc_x_r = 0.000000, inc_y_r = 1.000000, inc_x_i = 1.000000, inc_y_i = 1.000000
En el else......

----------------------------------------
x = 56.000000, y = 208.000000
avance = -485.000000, avanceR = 2.000000, avanceI = 2.000000
inc_x_r = 0.000000, inc_y_r = 1.000000, inc_x_i = 1.000000, inc_y_i = 1.000000
En el else......

----------------------------------------
x = 56.000000, y = 209.000000
avance = -483.000000, avanceR = 2.000000, avanceI = 2.000000
inc_x_r = 0.000000, inc_y_r = 1.000000, inc_x_i = 1.000000, inc_y_i = 1.000000
En el else......

----------------------------------------
x = 56.000000, y = 210.000000
avance = -481.000000, avanceR = 2.000000, avanceI = 2.000000
inc_x_r = 0.000000, inc_y_r = 1.000000, inc_x_i = 1.000000, inc_y_i = 1.000000
En el else......

----------------------------------------
x = 56.000000, y = 211.000000
avance = -479.000000, avanceR = 2.000000, avanceI = 2.000000
inc_x_r = 0.000000, inc_y_r = 1.000000, inc_x_i = 1.000000, inc_y_i = 1.000000
En el else......

----------------------------------------
x = 56.000000, y = 212.000000
avance = -477.000000, avanceR = 2.000000, avanceI = 2.000000
inc_x_r = 0.000000, inc_y_r = 1.000000, inc_x_i = 1.000000, inc_y_i = 1.000000
En el else......

----------------------------------------
x = 56.000000, y = 213.000000
avance = -475.000000, avanceR = 2.000000, avanceI = 2.000000
inc_x_r = 0.000000, inc_y_r = 1.000000, inc_x_i = 1.000000, inc_y_i = 1.000000
En el else......

----------------------------------------
x = 56.000000, y = 214.000000
avance = -473.000000, avanceR = 2.000000, avanceI = 2.000000
inc_x_r = 0.000000, inc_y_r = 1.000000, inc_x_i = 1.000000, inc_y_i = 1.000000
En el else......

----------------------------------------
x = 56.000000, y = 215.000000
avance = -471.000000, avanceR = 2.000000, avanceI = 2.000000
inc_x_r = 0.000000, inc_y_r = 1.000000, inc_x_i = 1.000000, inc_y_i = 1.000000
En el else......

----------------------------------------
x = 56.000000, y = 216.000000
avance = -469.000000, avanceR = 2.000000, avanceI = 2.000000
inc_x_r = 0.000000, inc_y_r = 1.000000, inc_x_i = 1.000000, inc_y_i = 1.000000
En el else......

----------------------------------------
x = 56.000000, y = 217.000000
avance = -467.000000, avanceR = 2.000000, avanceI = 2.000000
inc_x_r = 0.000000, inc_y_r = 1.000000, inc_x_i = 1.000000, inc_y_i = 1.000000
En el else......

----------------------------------------
x = 56.000000, y = 218.000000
avance = -465.000000, avanceR = 2.000000, avanceI = 2.000000
inc_x_r = 0.000000, inc_y_r = 1.000000, inc_x_i = 1.000000, inc_y_i = 1.000000
En el else......

----------------------------------------
x = 56.000000, y = 219.000000
avance = -463.000000, avanceR = 2.000000, avanceI = 2.000000
inc_x_r = 0.000000, inc_y_r = 1.000000, inc_x_i = 1.000000, inc_y_i = 1.000000
En el else......

----------------------------------------
x = 56.000000, y = 220.000000
avance = -461.000000, avanceR = 2.000000, avanceI = 2.000000
inc_x_r = 0.000000, inc_y_r = 1.000000, inc_x_i = 1.000000, inc_y_i = 1.000000
En el else......

----------------------------------------
x = 56.000000, y = 221.000000
avance = -459.000000, avanceR = 2.000000, avanceI = 2.000000
inc_x_r = 0.000000, inc_y_r = 1.000000, inc_x_i = 1.000000, inc_y_i = 1.000000
En el else......

----------------------------------------
x = 56.000000, y = 222.000000
avance = -457.000000, avanceR = 2.000000, avanceI = 2.000000
inc_x_r = 0.000000, inc_y_r = 1.000000, inc_x_i = 1.000000, inc_y_i = 1.000000
En el else......

----------------------------------------
x = 56.000000, y = 223.000000
avance = -455.000000, avanceR = 2.000000, avanceI = 2.000000
inc_x_r = 0.000000, inc_y_r = 1.000000, inc_x_i = 1.000000, inc_y_i = 1.000000
En el else......

----------------------------------------
x = 56.000000, y = 224.000000
avance = -453.000000, avanceR = 2.000000, avanceI = 2.000000
inc_x_r = 0.000000, inc_y_r = 1.000000, inc_x_i = 1.000000, inc_y_i = 1.000000
En el else......

----------------------------------------
x = 56.000000, y = 225.000000
avance = -451.000000, avanceR = 2.000000, avanceI = 2.000000
inc_x_r = 0.000000, inc_y_r = 1.000000, inc_x_i = 1.000000, inc_y_i = 1.000000
En el else......

----------------------------------------
x = 56.000000, y = 226.000000
avance = -449.000000, avanceR = 2.000000, avanceI = 2.000000
inc_x_r = 0.000000, inc_y_r = 1.000000, inc_x_i = 1.000000, inc_y_i = 1.000000
En el else......

----------------------------------------
x = 56.000000, y = 227.000000
avance = -447.000000, avanceR = 2.000000, avanceI = 2.000000
inc_x_r = 0.000000, inc_y_r = 1.000000, inc_x_i = 1.000000, inc_y_i = 1.000000
En el else......

----------------------------------------
x = 56.000000, y = 228.000000
avance = -445.000000, avanceR = 2.000000, avanceI = 2.000000
inc_x_r = 0.000000, inc_y_r = 1.000000, inc_x_i = 1.000000, inc_y_i = 1.000000
En el else......

----------------------------------------
x = 56.000000, y = 229.000000
avance = -443.000000, avanceR = 2.000000, avanceI = 2.000000
inc_x_r = 0.000000, inc_y_r = 1.000000, inc_x_i = 1.000000, inc_y_i = 1.000000
En el else......

----------------------------------------
x = 56.000000, y = 230.000000
avance = -441.000000, avanceR = 2.000000, avanceI = 2.000000
inc_x_r = 0.000000, inc_y_r = 1.000000, inc_x_i = 1.000000, inc_y_i = 1.000000
En el else......

----------------------------------------
x = 56.000000, y = 231.000000
avance = -439.000000, avanceR = 2.000000, avanceI = 2.000000
inc_x_r = 0.000000, inc_y_r = 1.000000, inc_x_i = 1.000000, inc_y_i = 1.000000
En el else......

----------------------------------------
x = 56.000000, y = 232.000000
avance = -437.000000, avanceR = 2.000000, avanceI = 2.000000
inc_x_r = 0.000000, inc_y_r = 1.000000, inc_x_i = 1.000000, inc_y_i = 1.000000
En el else......

----------------------------------------
x = 56.000000, y = 233.000000
avance = -435.000000, avanceR = 2.000000, avanceI = 2.000000
inc_x_r = 0.000000, inc_y_r = 1.000000, inc_x_i = 1.000000, inc_y_i = 1.000000
En el else......

----------------------------------------
x = 56.000000, y = 234.000000
avance = -433.000000, avanceR = 2.000000, avanceI = 2.000000
inc_x_r = 0.000000, inc_y_r = 1.000000, inc_x_i = 1.000000, inc_y_i = 1.000000
En el else......

----------------------------------------
x = 56.000000, y = 235.000000
avance = -431.000000, avanceR = 2.000000, avanceI = 2.000000
inc_x_r = 0.000000, inc_y_r = 1.000000, inc_x_i = 1.000000, inc_y_i = 1.000000
En el else......

----------------------------------------
x = 56.000000, y = 236.000000
avance = -429.000000, avanceR = 2.000000, avanceI = 2.000000
inc_x_r = 0.000000, inc_y_r = 1.000000, inc_x_i = 1.000000, inc_y_i = 1.000000
En el else......

----------------------------------------
x = 56.000000, y = 237.000000
avance = -427.000000, avanceR = 2.000000, avanceI = 2.000000
inc_x_r = 0.000000, inc_y_r = 1.000000, inc_x_i = 1.000000, inc_y_i = 1.000000
En el else......

----------------------------------------
x = 56.000000, y = 238.000000
avance = -425.000000, avanceR = 2.000000, avanceI = 2.000000
inc_x_r = 0.000000, inc_y_r = 1.000000, inc_x_i = 1.000000, inc_y_i = 1.000000
En el else......

----------------------------------------
x = 56.000000, y = 239.000000
avance = -423.000000, avanceR = 2.000000, avanceI = 2.000000
inc_x_r = 0.000000, inc_y_r = 1.000000, inc_x_i = 1.000000, inc_y_i = 1.000000
En el else......

----------------------------------------
x = 56.000000, y = 240.000000
avance = -421.000000, avanceR = 2.000000, avanceI = 2.000000
inc_x_r = 0.000000, inc_y_r = 1.000000, inc_x_i = 1.000000, inc_y_i = 1.000000
En el else......

----------------------------------------
x = 56.000000, y = 241.000000
avance = -419.000000, avanceR = 2.000000, avanceI = 2.000000
inc_x_r = 0.000000, inc_y_r = 1.000000, inc_x_i = 1.000000, inc_y_i = 1.000000
En el else......

----------------------------------------
x = 56.000000, y = 242.000000
avance = -417.000000, avanceR = 2.000000, avanceI = 2.000000
inc_x_r = 0.000000, inc_y_r = 1.000000, inc_x_i = 1.000000, inc_y_i = 1.000000
En el else......

----------------------------------------
x = 56.000000, y = 243.000000
avance = -415.000000, avanceR = 2.000000, avanceI = 2.000000
inc_x_r = 0.000000, inc_y_r = 1.000000, inc_x_i = 1.000000, inc_y_i = 1.000000
En el else......

----------------------------------------
x = 56.000000, y = 244.000000
avance = -413.000000, avanceR = 2.000000, avanceI = 2.000000
inc_x_r = 0.000000, inc_y_r = 1.000000, inc_x_i = 1.000000, inc_y_i = 1.000000
En el else......

----------------------------------------
x = 56.000000, y = 245.000000
avance = -411.000000, avanceR = 2.000000, avanceI = 2.000000
inc_x_r = 0.000000, inc_y_r = 1.000000, inc_x_i = 1.000000, inc_y_i = 1.000000
En el else......

----------------------------------------
x = 56.000000, y = 246.000000
avance = -409.000000, avanceR = 2.000000, avanceI = 2.000000
inc_x_r = 0.000000, inc_y_r = 1.000000, inc_x_i = 1.000000, inc_y_i = 1.000000
En el else......

----------------------------------------
x = 56.000000, y = 247.000000
avance = -407.000000, avanceR = 2.000000, avanceI = 2.000000
inc_x_r = 0.000000, inc_y_r = 1.000000, inc_x_i = 1.000000, inc_y_i = 1.000000
En el else......

----------------------------------------
x = 56.000000, y = 248.000000
avance = -405.000000, avanceR = 2.000000, avanceI = 2.000000
inc_x_r = 0.000000, inc_y_r = 1.000000, inc_x_i = 1.000000, inc_y_i = 1.000000
En el else......

----------------------------------------
x = 56.000000, y = 249.000000
avance = -403.000000, avanceR = 2.000000, avanceI = 2.000000
inc_x_r = 0.000000, inc_y_r = 1.000000, inc_x_i = 1.000000, inc_y_i = 1.000000
En el else......

----------------------------------------
x = 56.000000, y = 250.000000
avance = -401.000000, avanceR = 2.000000, avanceI = 2.000000
inc_x_r = 0.000000, inc_y_r = 1.000000, inc_x_i = 1.000000, inc_y_i = 1.000000
En el else......

----------------------------------------
x = 56.000000, y = 251.000000
avance = -399.000000, avanceR = 2.000000, avanceI = 2.000000
inc_x_r = 0.000000, inc_y_r = 1.000000, inc_x_i = 1.000000, inc_y_i = 1.000000
En el else......

----------------------------------------
x = 56.000000, y = 252.000000
avance = -397.000000, avanceR = 2.000000, avanceI = 2.000000
inc_x_r = 0.000000, inc_y_r = 1.000000, inc_x_i = 1.000000, inc_y_i = 1.000000
En el else......

----------------------------------------
x = 56.000000, y = 253.000000
avance = -395.000000, avanceR = 2.000000, avanceI = 2.000000
inc_x_r = 0.000000, inc_y_r = 1.000000, inc_x_i = 1.000000, inc_y_i = 1.000000
En el else......

----------------------------------------
x = 56.000000, y = 254.000000
avance = -393.000000, avanceR = 2.000000, avanceI = 2.000000
inc_x_r = 0.000000, inc_y_r = 1.000000, inc_x_i = 1.000000, inc_y_i = 1.000000
En el else......

----------------------------------------
x = 56.000000, y = 255.000000
avance = -391.000000, avanceR = 2.000000, avanceI = 2.000000
inc_x_r = 0.000000, inc_y_r = 1.000000, inc_x_i = 1.000000, inc_y_i = 1.000000
En el else......

----------------------------------------
x = 56.000000, y = 256.000000
avance = -389.000000, avanceR = 2.000000, avanceI = 2.000000
inc_x_r = 0.000000, inc_y_r = 1.000000, inc_x_i = 1.000000, inc_y_i = 1.000000
En el else......

----------------------------------------
x = 56.000000, y = 257.000000
avance = -387.000000, avanceR = 2.000000, avanceI = 2.000000
inc_x_r = 0.000000, inc_y_r = 1.000000, inc_x_i = 1.000000, inc_y_i = 1.000000
En el else......

----------------------------------------
x = 56.000000, y = 258.000000
avance = -385.000000, avanceR = 2.000000, avanceI = 2.000000
inc_x_r = 0.000000, inc_y_r = 1.000000, inc_x_i = 1.000000, inc_y_i = 1.000000
En el else......

----------------------------------------
x = 56.000000, y = 259.000000
avance = -383.000000, avanceR = 2.000000, avanceI = 2.000000
inc_x_r = 0.000000, inc_y_r = 1.000000, inc_x_i = 1.000000, inc_y_i = 1.000000
En el else......

----------------------------------------
x = 56.000000, y = 260.000000
avance = -381.000000, avanceR = 2.000000, avanceI = 2.000000
inc_x_r = 0.000000, inc_y_r = 1.000000, inc_x_i = 1.000000, inc_y_i = 1.000000
En el else......

----------------------------------------
x = 56.000000, y = 261.000000
avance = -379.000000, avanceR = 2.000000, avanceI = 2.000000
inc_x_r = 0.000000, inc_y_r = 1.000000, inc_x_i = 1.000000, inc_y_i = 1.000000
En el else......

----------------------------------------
x = 56.000000, y = 262.000000
avance = -377.000000, avanceR = 2.000000, avanceI = 2.000000
inc_x_r = 0.000000, inc_y_r = 1.000000, inc_x_i = 1.000000, inc_y_i = 1.000000
En el else......

----------------------------------------
x = 56.000000, y = 263.000000
avance = -375.000000, avanceR = 2.000000, avanceI = 2.000000
inc_x_r = 0.000000, inc_y_r = 1.000000, inc_x_i = 1.000000, inc_y_i = 1.000000
En el else......

----------------------------------------
x = 56.000000, y = 264.000000
avance = -373.000000, avanceR = 2.000000, avanceI = 2.000000
inc_x_r = 0.000000, inc_y_r = 1.000000, inc_x_i = 1.000000, inc_y_i = 1.000000
En el else......

----------------------------------------
x = 56.000000, y = 265.000000
avance = -371.000000, avanceR = 2.000000, avanceI = 2.000000
inc_x_r = 0.000000, inc_y_r = 1.000000, inc_x_i = 1.000000, inc_y_i = 1.000000
En el else......

----------------------------------------
x = 56.000000, y = 266.000000
avance = -369.000000, avanceR = 2.000000, avanceI = 2.000000
inc_x_r = 0.000000, inc_y_r = 1.000000, inc_x_i = 1.000000, inc_y_i = 1.000000
En el else......

----------------------------------------
x = 56.000000, y = 267.000000
avance = -367.000000, avanceR = 2.000000, avanceI = 2.000000
inc_x_r = 0.000000, inc_y_r = 1.000000, inc_x_i = 1.000000, inc_y_i = 1.000000
En el else......

----------------------------------------
x = 56.000000, y = 268.000000
avance = -365.000000, avanceR = 2.000000, avanceI = 2.000000
inc_x_r = 0.000000, inc_y_r = 1.000000, inc_x_i = 1.000000, inc_y_i = 1.000000
En el else......

----------------------------------------
x = 56.000000, y = 269.000000
avance = -363.000000, avanceR = 2.000000, avanceI = 2.000000
inc_x_r = 0.000000, inc_y_r = 1.000000, inc_x_i = 1.000000, inc_y_i = 1.000000
En el else......

----------------------------------------
x = 56.000000, y = 270.000000
avance = -361.000000, avanceR = 2.000000, avanceI = 2.000000
inc_x_r = 0.000000, inc_y_r = 1.000000, inc_x_i = 1.000000, inc_y_i = 1.000000
En el else......

----------------------------------------
x = 56.000000, y = 271.000000
avance = -359.000000, avanceR = 2.000000, avanceI = 2.000000
inc_x_r = 0.000000, inc_y_r = 1.000000, inc_x_i = 1.000000, inc_y_i = 1.000000
En el else......

----------------------------------------
x = 56.000000, y = 272.000000
avance = -357.000000, avanceR = 2.000000, avanceI = 2.000000
inc_x_r = 0.000000, inc_y_r = 1.000000, inc_x_i = 1.000000, inc_y_i = 1.000000
En el else......

----------------------------------------
x = 56.000000, y = 273.000000
avance = -355.000000, avanceR = 2.000000, avanceI = 2.000000
inc_x_r = 0.000000, inc_y_r = 1.000000, inc_x_i = 1.000000, inc_y_i = 1.000000
En el else......

----------------------------------------
x = 56.000000, y = 274.000000
avance = -353.000000, avanceR = 2.000000, avanceI = 2.000000
inc_x_r = 0.000000, inc_y_r = 1.000000, inc_x_i = 1.000000, inc_y_i = 1.000000
En el else......

----------------------------------------
x = 56.000000, y = 275.000000
avance = -351.000000, avanceR = 2.000000, avanceI = 2.000000
inc_x_r = 0.000000, inc_y_r = 1.000000, inc_x_i = 1.000000, inc_y_i = 1.000000
En el else......

----------------------------------------
x = 56.000000, y = 276.000000
avance = -349.000000, avanceR = 2.000000, avanceI = 2.000000
inc_x_r = 0.000000, inc_y_r = 1.000000, inc_x_i = 1.000000, inc_y_i = 1.000000
En el else......

----------------------------------------
x = 56.000000, y = 277.000000
avance = -347.000000, avanceR = 2.000000, avanceI = 2.000000
inc_x_r = 0.000000, inc_y_r = 1.000000, inc_x_i = 1.000000, inc_y_i = 1.000000
En el else......

----------------------------------------
x = 56.000000, y = 278.000000
avance = -345.000000, avanceR = 2.000000, avanceI = 2.000000
inc_x_r = 0.000000, inc_y_r = 1.000000, inc_x_i = 1.000000, inc_y_i = 1.000000
En el else......

----------------------------------------
x = 56.000000, y = 279.000000
avance = -343.000000, avanceR = 2.000000, avanceI = 2.000000
inc_x_r = 0.000000, inc_y_r = 1.000000, inc_x_i = 1.000000, inc_y_i = 1.000000
En el else......

----------------------------------------
x = 56.000000, y = 280.000000
avance = -341.000000, avanceR = 2.000000, avanceI = 2.000000
inc_x_r = 0.000000, inc_y_r = 1.000000, inc_x_i = 1.000000, inc_y_i = 1.000000
En el else......

----------------------------------------
x = 56.000000, y = 281.000000
avance = -339.000000, avanceR = 2.000000, avanceI = 2.000000
inc_x_r = 0.000000, inc_y_r = 1.000000, inc_x_i = 1.000000, inc_y_i = 1.000000
En el else......

----------------------------------------
x = 56.000000, y = 282.000000
avance = -337.000000, avanceR = 2.000000, avanceI = 2.000000
inc_x_r = 0.000000, inc_y_r = 1.000000, inc_x_i = 1.000000, inc_y_i = 1.000000
En el else......

----------------------------------------
x = 56.000000, y = 283.000000
avance = -335.000000, avanceR = 2.000000, avanceI = 2.000000
inc_x_r = 0.000000, inc_y_r = 1.000000, inc_x_i = 1.000000, inc_y_i = 1.000000
En el else......

----------------------------------------
x = 56.000000, y = 284.000000
avance = -333.000000, avanceR = 2.000000, avanceI = 2.000000
inc_x_r = 0.000000, inc_y_r = 1.000000, inc_x_i = 1.000000, inc_y_i = 1.000000
En el else......

----------------------------------------
x = 56.000000, y = 285.000000
avance = -331.000000, avanceR = 2.000000, avanceI = 2.000000
inc_x_r = 0.000000, inc_y_r = 1.000000, inc_x_i = 1.000000, inc_y_i = 1.000000
En el else......

----------------------------------------
x = 56.000000, y = 286.000000
avance = -329.000000, avanceR = 2.000000, avanceI = 2.000000
inc_x_r = 0.000000, inc_y_r = 1.000000, inc_x_i = 1.000000, inc_y_i = 1.000000
En el else......

----------------------------------------
x = 56.000000, y = 287.000000
avance = -327.000000, avanceR = 2.000000, avanceI = 2.000000
inc_x_r = 0.000000, inc_y_r = 1.000000, inc_x_i = 1.000000, inc_y_i = 1.000000
En el else......

----------------------------------------
x = 56.000000, y = 288.000000
avance = -325.000000, avanceR = 2.000000, avanceI = 2.000000
inc_x_r = 0.000000, inc_y_r = 1.000000, inc_x_i = 1.000000, inc_y_i = 1.000000
En el else......

----------------------------------------
x = 56.000000, y = 289.000000
avance = -323.000000, avanceR = 2.000000, avanceI = 2.000000
inc_x_r = 0.000000, inc_y_r = 1.000000, inc_x_i = 1.000000, inc_y_i = 1.000000
En el else......

----------------------------------------
x = 56.000000, y = 290.000000
avance = -321.000000, avanceR = 2.000000, avanceI = 2.000000
inc_x_r = 0.000000, inc_y_r = 1.000000, inc_x_i = 1.000000, inc_y_i = 1.000000
En el else......

----------------------------------------
x = 56.000000, y = 291.000000
avance = -319.000000, avanceR = 2.000000, avanceI = 2.000000
inc_x_r = 0.000000, inc_y_r = 1.000000, inc_x_i = 1.000000, inc_y_i = 1.000000
En el else......

----------------------------------------
x = 56.000000, y = 292.000000
avance = -317.000000, avanceR = 2.000000, avanceI = 2.000000
inc_x_r = 0.000000, inc_y_r = 1.000000, inc_x_i = 1.000000, inc_y_i = 1.000000
En el else......

----------------------------------------
x = 56.000000, y = 293.000000
avance = -315.000000, avanceR = 2.000000, avanceI = 2.000000
inc_x_r = 0.000000, inc_y_r = 1.000000, inc_x_i = 1.000000, inc_y_i = 1.000000
En el else......

----------------------------------------
x = 56.000000, y = 294.000000
avance = -313.000000, avanceR = 2.000000, avanceI = 2.000000
inc_x_r = 0.000000, inc_y_r = 1.000000, inc_x_i = 1.000000, inc_y_i = 1.000000
En el else......

----------------------------------------
x = 56.000000, y = 295.000000
avance = -311.000000, avanceR = 2.000000, avanceI = 2.000000
inc_x_r = 0.000000, inc_y_r = 1.000000, inc_x_i = 1.000000, inc_y_i = 1.000000
En el else......

----------------------------------------
x = 56.000000, y = 296.000000
avance = -309.000000, avanceR = 2.000000, avanceI = 2.000000
inc_x_r = 0.000000, inc_y_r = 1.000000, inc_x_i = 1.000000, inc_y_i = 1.000000
En el else......

----------------------------------------
x = 56.000000, y = 297.000000
avance = -307.000000, avanceR = 2.000000, avanceI = 2.000000
inc_x_r = 0.000000, inc_y_r = 1.000000, inc_x_i = 1.000000, inc_y_i = 1.000000
En el else......

----------------------------------------
x = 56.000000, y = 298.000000
avance = -305.000000, avanceR = 2.000000, avanceI = 2.000000
inc_x_r = 0.000000, inc_y_r = 1.000000, inc_x_i = 1.000000, inc_y_i = 1.000000
En el else......

----------------------------------------
x = 56.000000, y = 299.000000
avance = -303.000000, avanceR = 2.000000, avanceI = 2.000000
inc_x_r = 0.000000, inc_y_r = 1.000000, inc_x_i = 1.000000, inc_y_i = 1.000000
En el else......

----------------------------------------
x = 56.000000, y = 300.000000
avance = -301.000000, avanceR = 2.000000, avanceI = 2.000000
inc_x_r = 0.000000, inc_y_r = 1.000000, inc_x_i = 1.000000, inc_y_i = 1.000000
En el else......

----------------------------------------
x = 56.000000, y = 301.000000
avance = -299.000000, avanceR = 2.000000, avanceI = 2.000000
inc_x_r = 0.000000, inc_y_r = 1.000000, inc_x_i = 1.000000, inc_y_i = 1.000000
En el else......

----------------------------------------
x = 56.000000, y = 302.000000
avance = -297.000000, avanceR = 2.000000, avanceI = 2.000000
inc_x_r = 0.000000, inc_y_r = 1.000000, inc_x_i = 1.000000, inc_y_i = 1.000000
En el else......

----------------------------------------
x = 56.000000, y = 303.000000
avance = -295.000000, avanceR = 2.000000, avanceI = 2.000000
inc_x_r = 0.000000, inc_y_r = 1.000000, inc_x_i = 1.000000, inc_y_i = 1.000000
En el else......

----------------------------------------
x = 56.000000, y = 304.000000
avance = -293.000000, avanceR = 2.000000, avanceI = 2.000000
inc_x_r = 0.000000, inc_y_r = 1.000000, inc_x_i = 1.000000, inc_y_i = 1.000000
En el else......

----------------------------------------
x = 56.000000, y = 305.000000
avance = -291.000000, avanceR = 2.000000, avanceI = 2.000000
inc_x_r = 0.000000, inc_y_r = 1.000000, inc_x_i = 1.000000, inc_y_i = 1.000000
En el else......

----------------------------------------
x = 56.000000, y = 306.000000
avance = -289.000000, avanceR = 2.000000, avanceI = 2.000000
inc_x_r = 0.000000, inc_y_r = 1.000000, inc_x_i = 1.000000, inc_y_i = 1.000000
En el else......

----------------------------------------
x = 56.000000, y = 307.000000
avance = -287.000000, avanceR = 2.000000, avanceI = 2.000000
inc_x_r = 0.000000, inc_y_r = 1.000000, inc_x_i = 1.000000, inc_y_i = 1.000000
En el else......

----------------------------------------
x = 56.000000, y = 308.000000
avance = -285.000000, avanceR = 2.000000, avanceI = 2.000000
inc_x_r = 0.000000, inc_y_r = 1.000000, inc_x_i = 1.000000, inc_y_i = 1.000000
En el else......

----------------------------------------
x = 56.000000, y = 309.000000
avance = -283.000000, avanceR = 2.000000, avanceI = 2.000000
inc_x_r = 0.000000, inc_y_r = 1.000000, inc_x_i = 1.000000, inc_y_i = 1.000000
En el else......

----------------------------------------
x = 56.000000, y = 310.000000
avance = -281.000000, avanceR = 2.000000, avanceI = 2.000000
inc_x_r = 0.000000, inc_y_r = 1.000000, inc_x_i = 1.000000, inc_y_i = 1.000000
En el else......

----------------------------------------
x = 56.000000, y = 311.000000
avance = -279.000000, avanceR = 2.000000, avanceI = 2.000000
inc_x_r = 0.000000, inc_y_r = 1.000000, inc_x_i = 1.000000, inc_y_i = 1.000000
En el else......

----------------------------------------
x = 56.000000, y = 312.000000
avance = -277.000000, avanceR = 2.000000, avanceI = 2.000000
inc_x_r = 0.000000, inc_y_r = 1.000000, inc_x_i = 1.000000, inc_y_i = 1.000000
En el else......

----------------------------------------
x = 56.000000, y = 313.000000
avance = -275.000000, avanceR = 2.000000, avanceI = 2.000000
inc_x_r = 0.000000, inc_y_r = 1.000000, inc_x_i = 1.000000, inc_y_i = 1.000000
En el else......

----------------------------------------
x = 56.000000, y = 314.000000
avance = -273.000000, avanceR = 2.000000, avanceI = 2.000000
inc_x_r = 0.000000, inc_y_r = 1.000000, inc_x_i = 1.000000, inc_y_i = 1.000000
En el else......

----------------------------------------
x = 56.000000, y = 315.000000
avance = -271.000000, avanceR = 2.000000, avanceI = 2.000000
inc_x_r = 0.000000, inc_y_r = 1.000000, inc_x_i = 1.000000, inc_y_i = 1.000000
En el else......

----------------------------------------
x = 56.000000, y = 316.000000
avance = -269.000000, avanceR = 2.000000, avanceI = 2.000000
inc_x_r = 0.000000, inc_y_r = 1.000000, inc_x_i = 1.000000, inc_y_i = 1.000000
En el else......

----------------------------------------
x = 56.000000, y = 317.000000
avance = -267.000000, avanceR = 2.000000, avanceI = 2.000000
inc_x_r = 0.000000, inc_y_r = 1.000000, inc_x_i = 1.000000, inc_y_i = 1.000000
En el else......

----------------------------------------
x = 56.000000, y = 318.000000
avance = -265.000000, avanceR = 2.000000, avanceI = 2.000000
inc_x_r = 0.000000, inc_y_r = 1.000000, inc_x_i = 1.000000, inc_y_i = 1.000000
En el else......

----------------------------------------
x = 56.000000, y = 319.000000
avance = -263.000000, avanceR = 2.000000, avanceI = 2.000000
inc_x_r = 0.000000, inc_y_r = 1.000000, inc_x_i = 1.000000, inc_y_i = 1.000000
En el else......

----------------------------------------
x = 56.000000, y = 320.000000
avance = -261.000000, avanceR = 2.000000, avanceI = 2.000000
inc_x_r = 0.000000, inc_y_r = 1.000000, inc_x_i = 1.000000, inc_y_i = 1.000000
En el else......

----------------------------------------
x = 56.000000, y = 321.000000
avance = -259.000000, avanceR = 2.000000, avanceI = 2.000000
inc_x_r = 0.000000, inc_y_r = 1.000000, inc_x_i = 1.000000, inc_y_i = 1.000000
En el else......

----------------------------------------
x = 56.000000, y = 322.000000
avance = -257.000000, avanceR = 2.000000, avanceI = 2.000000
inc_x_r = 0.000000, inc_y_r = 1.000000, inc_x_i = 1.000000, inc_y_i = 1.000000
En el else......

----------------------------------------
x = 56.000000, y = 323.000000
avance = -255.000000, avanceR = 2.000000, avanceI = 2.000000
inc_x_r = 0.000000, inc_y_r = 1.000000, inc_x_i = 1.000000, inc_y_i = 1.000000
En el else......

----------------------------------------
x = 56.000000, y = 324.000000
avance = -253.000000, avanceR = 2.000000, avanceI = 2.000000
inc_x_r = 0.000000, inc_y_r = 1.000000, inc_x_i = 1.000000, inc_y_i = 1.000000
En el else......

----------------------------------------
x = 56.000000, y = 325.000000
avance = -251.000000, avanceR = 2.000000, avanceI = 2.000000
inc_x_r = 0.000000, inc_y_r = 1.000000, inc_x_i = 1.000000, inc_y_i = 1.000000
En el else......

----------------------------------------


ENTRAMOS A BRESENHAMªªªª
x1 = 55.000000 - y1 = 75.000000 || x2 = 56.000000 - y2 = 326.000000
dy = 251.000000, dx = 1.000000
avances inclinados: inc_x_i = 1.000000, inc_y_i = 1.000000
updated: dy = 251.000000, dx = 1.000000
avances rectos: inc_x_r = 0.000000, inc_y_r 1.000000
reupdated: dy = 1.000000, dx = 251.000000
avanceR = 2.000000, avance -249.000000, avanceI 2.000000
----------------------------------------
x = 55.000000, y = 75.000000
avance = -249.000000, avanceR = 2.000000, avanceI = 2.000000
inc_x_r = 0.000000, inc_y_r = 1.000000, inc_x_i = 1.000000, inc_y_i = 1.000000
En el else......

----------------------------------------
x = 55.000000, y = 76.000000
avance = -247.000000, avanceR = 2.000000, avanceI = 2.000000
inc_x_r = 0.000000, inc_y_r = 1.000000, inc_x_i = 1.000000, inc_y_i = 1.000000
En el else......

----------------------------------------
x = 55.000000, y = 77.000000
avance = -245.000000, avanceR = 2.000000, avanceI = 2.000000
inc_x_r = 0.000000, inc_y_r = 1.000000, inc_x_i = 1.000000, inc_y_i = 1.000000
En el else......

----------------------------------------
x = 55.000000, y = 78.000000
avance = -243.000000, avanceR = 2.000000, avanceI = 2.000000
inc_x_r = 0.000000, inc_y_r = 1.000000, inc_x_i = 1.000000, inc_y_i = 1.000000
En el else......

----------------------------------------
x = 55.000000, y = 79.000000
avance = -241.000000, avanceR = 2.000000, avanceI = 2.000000
inc_x_r = 0.000000, inc_y_r = 1.000000, inc_x_i = 1.000000, inc_y_i = 1.000000
En el else......

----------------------------------------
x = 55.000000, y = 80.000000
avance = -239.000000, avanceR = 2.000000, avanceI = 2.000000
inc_x_r = 0.000000, inc_y_r = 1.000000, inc_x_i = 1.000000, inc_y_i = 1.000000
En el else......

----------------------------------------
x = 55.000000, y = 81.000000
avance = -237.000000, avanceR = 2.000000, avanceI = 2.000000
inc_x_r = 0.000000, inc_y_r = 1.000000, inc_x_i = 1.000000, inc_y_i = 1.000000
En el else......

----------------------------------------
x = 55.000000, y = 82.000000
avance = -235.000000, avanceR = 2.000000, avanceI = 2.000000
inc_x_r = 0.000000, inc_y_r = 1.000000, inc_x_i = 1.000000, inc_y_i = 1.000000
En el else......

----------------------------------------
x = 55.000000, y = 83.000000
avance = -233.000000, avanceR = 2.000000, avanceI = 2.000000
inc_x_r = 0.000000, inc_y_r = 1.000000, inc_x_i = 1.000000, inc_y_i = 1.000000
En el else......

----------------------------------------
x = 55.000000, y = 84.000000
avance = -231.000000, avanceR = 2.000000, avanceI = 2.000000
inc_x_r = 0.000000, inc_y_r = 1.000000, inc_x_i = 1.000000, inc_y_i = 1.000000
En el else......

----------------------------------------
x = 55.000000, y = 85.000000
avance = -229.000000, avanceR = 2.000000, avanceI = 2.000000
inc_x_r = 0.000000, inc_y_r = 1.000000, inc_x_i = 1.000000, inc_y_i = 1.000000
En el else......

----------------------------------------
x = 55.000000, y = 86.000000
avance = -227.000000, avanceR = 2.000000, avanceI = 2.000000
inc_x_r = 0.000000, inc_y_r = 1.000000, inc_x_i = 1.000000, inc_y_i = 1.000000
En el else......

----------------------------------------
x = 55.000000, y = 87.000000
avance = -225.000000, avanceR = 2.000000, avanceI = 2.000000
inc_x_r = 0.000000, inc_y_r = 1.000000, inc_x_i = 1.000000, inc_y_i = 1.000000
En el else......

----------------------------------------
x = 55.000000, y = 88.000000
avance = -223.000000, avanceR = 2.000000, avanceI = 2.000000
inc_x_r = 0.000000, inc_y_r = 1.000000, inc_x_i = 1.000000, inc_y_i = 1.000000
En el else......

----------------------------------------
x = 55.000000, y = 89.000000
avance = -221.000000, avanceR = 2.000000, avanceI = 2.000000
inc_x_r = 0.000000, inc_y_r = 1.000000, inc_x_i = 1.000000, inc_y_i = 1.000000
En el else......

----------------------------------------
x = 55.000000, y = 90.000000
avance = -219.000000, avanceR = 2.000000, avanceI = 2.000000
inc_x_r = 0.000000, inc_y_r = 1.000000, inc_x_i = 1.000000, inc_y_i = 1.000000
En el else......

----------------------------------------
x = 55.000000, y = 91.000000
avance = -217.000000, avanceR = 2.000000, avanceI = 2.000000
inc_x_r = 0.000000, inc_y_r = 1.000000, inc_x_i = 1.000000, inc_y_i = 1.000000
En el else......

----------------------------------------
x = 55.000000, y = 92.000000
avance = -215.000000, avanceR = 2.000000, avanceI = 2.000000
inc_x_r = 0.000000, inc_y_r = 1.000000, inc_x_i = 1.000000, inc_y_i = 1.000000
En el else......

----------------------------------------
x = 55.000000, y = 93.000000
avance = -213.000000, avanceR = 2.000000, avanceI = 2.000000
inc_x_r = 0.000000, inc_y_r = 1.000000, inc_x_i = 1.000000, inc_y_i = 1.000000
En el else......

----------------------------------------
x = 55.000000, y = 94.000000
avance = -211.000000, avanceR = 2.000000, avanceI = 2.000000
inc_x_r = 0.000000, inc_y_r = 1.000000, inc_x_i = 1.000000, inc_y_i = 1.000000
En el else......

----------------------------------------
x = 55.000000, y = 95.000000
avance = -209.000000, avanceR = 2.000000, avanceI = 2.000000
inc_x_r = 0.000000, inc_y_r = 1.000000, inc_x_i = 1.000000, inc_y_i = 1.000000
En el else......

----------------------------------------
x = 55.000000, y = 96.000000
avance = -207.000000, avanceR = 2.000000, avanceI = 2.000000
inc_x_r = 0.000000, inc_y_r = 1.000000, inc_x_i = 1.000000, inc_y_i = 1.000000
En el else......

----------------------------------------
x = 55.000000, y = 97.000000
avance = -205.000000, avanceR = 2.000000, avanceI = 2.000000
inc_x_r = 0.000000, inc_y_r = 1.000000, inc_x_i = 1.000000, inc_y_i = 1.000000
En el else......

----------------------------------------
x = 55.000000, y = 98.000000
avance = -203.000000, avanceR = 2.000000, avanceI = 2.000000
inc_x_r = 0.000000, inc_y_r = 1.000000, inc_x_i = 1.000000, inc_y_i = 1.000000
En el else......

----------------------------------------
x = 55.000000, y = 99.000000
avance = -201.000000, avanceR = 2.000000, avanceI = 2.000000
inc_x_r = 0.000000, inc_y_r = 1.000000, inc_x_i = 1.000000, inc_y_i = 1.000000
En el else......

----------------------------------------
x = 55.000000, y = 100.000000
avance = -199.000000, avanceR = 2.000000, avanceI = 2.000000
inc_x_r = 0.000000, inc_y_r = 1.000000, inc_x_i = 1.000000, inc_y_i = 1.000000
En el else......

----------------------------------------
x = 55.000000, y = 101.000000
avance = -197.000000, avanceR = 2.000000, avanceI = 2.000000
inc_x_r = 0.000000, inc_y_r = 1.000000, inc_x_i = 1.000000, inc_y_i = 1.000000
En el else......

----------------------------------------
x = 55.000000, y = 102.000000
avance = -195.000000, avanceR = 2.000000, avanceI = 2.000000
inc_x_r = 0.000000, inc_y_r = 1.000000, inc_x_i = 1.000000, inc_y_i = 1.000000
En el else......

----------------------------------------
x = 55.000000, y = 103.000000
avance = -193.000000, avanceR = 2.000000, avanceI = 2.000000
inc_x_r = 0.000000, inc_y_r = 1.000000, inc_x_i = 1.000000, inc_y_i = 1.000000
En el else......

----------------------------------------
x = 55.000000, y = 104.000000
avance = -191.000000, avanceR = 2.000000, avanceI = 2.000000
inc_x_r = 0.000000, inc_y_r = 1.000000, inc_x_i = 1.000000, inc_y_i = 1.000000
En el else......

----------------------------------------
x = 55.000000, y = 105.000000
avance = -189.000000, avanceR = 2.000000, avanceI = 2.000000
inc_x_r = 0.000000, inc_y_r = 1.000000, inc_x_i = 1.000000, inc_y_i = 1.000000
En el else......

----------------------------------------
x = 55.000000, y = 106.000000
avance = -187.000000, avanceR = 2.000000, avanceI = 2.000000
inc_x_r = 0.000000, inc_y_r = 1.000000, inc_x_i = 1.000000, inc_y_i = 1.000000
En el else......

----------------------------------------
x = 55.000000, y = 107.000000
avance = -185.000000, avanceR = 2.000000, avanceI = 2.000000
inc_x_r = 0.000000, inc_y_r = 1.000000, inc_x_i = 1.000000, inc_y_i = 1.000000
En el else......

----------------------------------------
x = 55.000000, y = 108.000000
avance = -183.000000, avanceR = 2.000000, avanceI = 2.000000
inc_x_r = 0.000000, inc_y_r = 1.000000, inc_x_i = 1.000000, inc_y_i = 1.000000
En el else......

----------------------------------------
x = 55.000000, y = 109.000000
avance = -181.000000, avanceR = 2.000000, avanceI = 2.000000
inc_x_r = 0.000000, inc_y_r = 1.000000, inc_x_i = 1.000000, inc_y_i = 1.000000
En el else......

----------------------------------------
x = 55.000000, y = 110.000000
avance = -179.000000, avanceR = 2.000000, avanceI = 2.000000
inc_x_r = 0.000000, inc_y_r = 1.000000, inc_x_i = 1.000000, inc_y_i = 1.000000
En el else......

----------------------------------------
x = 55.000000, y = 111.000000
avance = -177.000000, avanceR = 2.000000, avanceI = 2.000000
inc_x_r = 0.000000, inc_y_r = 1.000000, inc_x_i = 1.000000, inc_y_i = 1.000000
En el else......

----------------------------------------
x = 55.000000, y = 112.000000
avance = -175.000000, avanceR = 2.000000, avanceI = 2.000000
inc_x_r = 0.000000, inc_y_r = 1.000000, inc_x_i = 1.000000, inc_y_i = 1.000000
En el else......

----------------------------------------
x = 55.000000, y = 113.000000
avance = -173.000000, avanceR = 2.000000, avanceI = 2.000000
inc_x_r = 0.000000, inc_y_r = 1.000000, inc_x_i = 1.000000, inc_y_i = 1.000000
En el else......

----------------------------------------
x = 55.000000, y = 114.000000
avance = -171.000000, avanceR = 2.000000, avanceI = 2.000000
inc_x_r = 0.000000, inc_y_r = 1.000000, inc_x_i = 1.000000, inc_y_i = 1.000000
En el else......

----------------------------------------
x = 55.000000, y = 115.000000
avance = -169.000000, avanceR = 2.000000, avanceI = 2.000000
inc_x_r = 0.000000, inc_y_r = 1.000000, inc_x_i = 1.000000, inc_y_i = 1.000000
En el else......

----------------------------------------
x = 55.000000, y = 116.000000
avance = -167.000000, avanceR = 2.000000, avanceI = 2.000000
inc_x_r = 0.000000, inc_y_r = 1.000000, inc_x_i = 1.000000, inc_y_i = 1.000000
En el else......

----------------------------------------
x = 55.000000, y = 117.000000
avance = -165.000000, avanceR = 2.000000, avanceI = 2.000000
inc_x_r = 0.000000, inc_y_r = 1.000000, inc_x_i = 1.000000, inc_y_i = 1.000000
En el else......

----------------------------------------
x = 55.000000, y = 118.000000
avance = -163.000000, avanceR = 2.000000, avanceI = 2.000000
inc_x_r = 0.000000, inc_y_r = 1.000000, inc_x_i = 1.000000, inc_y_i = 1.000000
En el else......

----------------------------------------
x = 55.000000, y = 119.000000
avance = -161.000000, avanceR = 2.000000, avanceI = 2.000000
inc_x_r = 0.000000, inc_y_r = 1.000000, inc_x_i = 1.000000, inc_y_i = 1.000000
En el else......

----------------------------------------
x = 55.000000, y = 120.000000
avance = -159.000000, avanceR = 2.000000, avanceI = 2.000000
inc_x_r = 0.000000, inc_y_r = 1.000000, inc_x_i = 1.000000, inc_y_i = 1.000000
En el else......

----------------------------------------
x = 55.000000, y = 121.000000
avance = -157.000000, avanceR = 2.000000, avanceI = 2.000000
inc_x_r = 0.000000, inc_y_r = 1.000000, inc_x_i = 1.000000, inc_y_i = 1.000000
En el else......

----------------------------------------
x = 55.000000, y = 122.000000
avance = -155.000000, avanceR = 2.000000, avanceI = 2.000000
inc_x_r = 0.000000, inc_y_r = 1.000000, inc_x_i = 1.000000, inc_y_i = 1.000000
En el else......

----------------------------------------
x = 55.000000, y = 123.000000
avance = -153.000000, avanceR = 2.000000, avanceI = 2.000000
inc_x_r = 0.000000, inc_y_r = 1.000000, inc_x_i = 1.000000, inc_y_i = 1.000000
En el else......

----------------------------------------
x = 55.000000, y = 124.000000
avance = -151.000000, avanceR = 2.000000, avanceI = 2.000000
inc_x_r = 0.000000, inc_y_r = 1.000000, inc_x_i = 1.000000, inc_y_i = 1.000000
En el else......

----------------------------------------
x = 55.000000, y = 125.000000
avance = -149.000000, avanceR = 2.000000, avanceI = 2.000000
inc_x_r = 0.000000, inc_y_r = 1.000000, inc_x_i = 1.000000, inc_y_i = 1.000000
En el else......

----------------------------------------
x = 55.000000, y = 126.000000
avance = -147.000000, avanceR = 2.000000, avanceI = 2.000000
inc_x_r = 0.000000, inc_y_r = 1.000000, inc_x_i = 1.000000, inc_y_i = 1.000000
En el else......

----------------------------------------
x = 55.000000, y = 127.000000
avance = -145.000000, avanceR = 2.000000, avanceI = 2.000000
inc_x_r = 0.000000, inc_y_r = 1.000000, inc_x_i = 1.000000, inc_y_i = 1.000000
En el else......

----------------------------------------
x = 55.000000, y = 128.000000
avance = -143.000000, avanceR = 2.000000, avanceI = 2.000000
inc_x_r = 0.000000, inc_y_r = 1.000000, inc_x_i = 1.000000, inc_y_i = 1.000000
En el else......

----------------------------------------
x = 55.000000, y = 129.000000
avance = -141.000000, avanceR = 2.000000, avanceI = 2.000000
inc_x_r = 0.000000, inc_y_r = 1.000000, inc_x_i = 1.000000, inc_y_i = 1.000000
En el else......

----------------------------------------
x = 55.000000, y = 130.000000
avance = -139.000000, avanceR = 2.000000, avanceI = 2.000000
inc_x_r = 0.000000, inc_y_r = 1.000000, inc_x_i = 1.000000, inc_y_i = 1.000000
En el else......

----------------------------------------
x = 55.000000, y = 131.000000
avance = -137.000000, avanceR = 2.000000, avanceI = 2.000000
inc_x_r = 0.000000, inc_y_r = 1.000000, inc_x_i = 1.000000, inc_y_i = 1.000000
En el else......

----------------------------------------
x = 55.000000, y = 132.000000
avance = -135.000000, avanceR = 2.000000, avanceI = 2.000000
inc_x_r = 0.000000, inc_y_r = 1.000000, inc_x_i = 1.000000, inc_y_i = 1.000000
En el else......

----------------------------------------
x = 55.000000, y = 133.000000
avance = -133.000000, avanceR = 2.000000, avanceI = 2.000000
inc_x_r = 0.000000, inc_y_r = 1.000000, inc_x_i = 1.000000, inc_y_i = 1.000000
En el else......

----------------------------------------
x = 55.000000, y = 134.000000
avance = -131.000000, avanceR = 2.000000, avanceI = 2.000000
inc_x_r = 0.000000, inc_y_r = 1.000000, inc_x_i = 1.000000, inc_y_i = 1.000000
En el else......

----------------------------------------
x = 55.000000, y = 135.000000
avance = -129.000000, avanceR = 2.000000, avanceI = 2.000000
inc_x_r = 0.000000, inc_y_r = 1.000000, inc_x_i = 1.000000, inc_y_i = 1.000000
En el else......

----------------------------------------
x = 55.000000, y = 136.000000
avance = -127.000000, avanceR = 2.000000, avanceI = 2.000000
inc_x_r = 0.000000, inc_y_r = 1.000000, inc_x_i = 1.000000, inc_y_i = 1.000000
En el else......

----------------------------------------
x = 55.000000, y = 137.000000
avance = -125.000000, avanceR = 2.000000, avanceI = 2.000000
inc_x_r = 0.000000, inc_y_r = 1.000000, inc_x_i = 1.000000, inc_y_i = 1.000000
En el else......

----------------------------------------
x = 55.000000, y = 138.000000
avance = -123.000000, avanceR = 2.000000, avanceI = 2.000000
inc_x_r = 0.000000, inc_y_r = 1.000000, inc_x_i = 1.000000, inc_y_i = 1.000000
En el else......

----------------------------------------
x = 55.000000, y = 139.000000
avance = -121.000000, avanceR = 2.000000, avanceI = 2.000000
inc_x_r = 0.000000, inc_y_r = 1.000000, inc_x_i = 1.000000, inc_y_i = 1.000000
En el else......

----------------------------------------
x = 55.000000, y = 140.000000
avance = -119.000000, avanceR = 2.000000, avanceI = 2.000000
inc_x_r = 0.000000, inc_y_r = 1.000000, inc_x_i = 1.000000, inc_y_i = 1.000000
En el else......

----------------------------------------
x = 55.000000, y = 141.000000
avance = -117.000000, avanceR = 2.000000, avanceI = 2.000000
inc_x_r = 0.000000, inc_y_r = 1.000000, inc_x_i = 1.000000, inc_y_i = 1.000000
En el else......

----------------------------------------
x = 55.000000, y = 142.000000
avance = -115.000000, avanceR = 2.000000, avanceI = 2.000000
inc_x_r = 0.000000, inc_y_r = 1.000000, inc_x_i = 1.000000, inc_y_i = 1.000000
En el else......

----------------------------------------
x = 55.000000, y = 143.000000
avance = -113.000000, avanceR = 2.000000, avanceI = 2.000000
inc_x_r = 0.000000, inc_y_r = 1.000000, inc_x_i = 1.000000, inc_y_i = 1.000000
En el else......

----------------------------------------
x = 55.000000, y = 144.000000
avance = -111.000000, avanceR = 2.000000, avanceI = 2.000000
inc_x_r = 0.000000, inc_y_r = 1.000000, inc_x_i = 1.000000, inc_y_i = 1.000000
En el else......

----------------------------------------
x = 55.000000, y = 145.000000
avance = -109.000000, avanceR = 2.000000, avanceI = 2.000000
inc_x_r = 0.000000, inc_y_r = 1.000000, inc_x_i = 1.000000, inc_y_i = 1.000000
En el else......

----------------------------------------
x = 55.000000, y = 146.000000
avance = -107.000000, avanceR = 2.000000, avanceI = 2.000000
inc_x_r = 0.000000, inc_y_r = 1.000000, inc_x_i = 1.000000, inc_y_i = 1.000000
En el else......

----------------------------------------
x = 55.000000, y = 147.000000
avance = -105.000000, avanceR = 2.000000, avanceI = 2.000000
inc_x_r = 0.000000, inc_y_r = 1.000000, inc_x_i = 1.000000, inc_y_i = 1.000000
En el else......

----------------------------------------
x = 55.000000, y = 148.000000
avance = -103.000000, avanceR = 2.000000, avanceI = 2.000000
inc_x_r = 0.000000, inc_y_r = 1.000000, inc_x_i = 1.000000, inc_y_i = 1.000000
En el else......

----------------------------------------
x = 55.000000, y = 149.000000
avance = -101.000000, avanceR = 2.000000, avanceI = 2.000000
inc_x_r = 0.000000, inc_y_r = 1.000000, inc_x_i = 1.000000, inc_y_i = 1.000000
En el else......

----------------------------------------
x = 55.000000, y = 150.000000
avance = -99.000000, avanceR = 2.000000, avanceI = 2.000000
inc_x_r = 0.000000, inc_y_r = 1.000000, inc_x_i = 1.000000, inc_y_i = 1.000000
En el else......

----------------------------------------
x = 55.000000, y = 151.000000
avance = -97.000000, avanceR = 2.000000, avanceI = 2.000000
inc_x_r = 0.000000, inc_y_r = 1.000000, inc_x_i = 1.000000, inc_y_i = 1.000000
En el else......

----------------------------------------
x = 55.000000, y = 152.000000
avance = -95.000000, avanceR = 2.000000, avanceI = 2.000000
inc_x_r = 0.000000, inc_y_r = 1.000000, inc_x_i = 1.000000, inc_y_i = 1.000000
En el else......

----------------------------------------
x = 55.000000, y = 153.000000
avance = -93.000000, avanceR = 2.000000, avanceI = 2.000000
inc_x_r = 0.000000, inc_y_r = 1.000000, inc_x_i = 1.000000, inc_y_i = 1.000000
En el else......

----------------------------------------
x = 55.000000, y = 154.000000
avance = -91.000000, avanceR = 2.000000, avanceI = 2.000000
inc_x_r = 0.000000, inc_y_r = 1.000000, inc_x_i = 1.000000, inc_y_i = 1.000000
En el else......

----------------------------------------
x = 55.000000, y = 155.000000
avance = -89.000000, avanceR = 2.000000, avanceI = 2.000000
inc_x_r = 0.000000, inc_y_r = 1.000000, inc_x_i = 1.000000, inc_y_i = 1.000000
En el else......

----------------------------------------
x = 55.000000, y = 156.000000
avance = -87.000000, avanceR = 2.000000, avanceI = 2.000000
inc_x_r = 0.000000, inc_y_r = 1.000000, inc_x_i = 1.000000, inc_y_i = 1.000000
En el else......

----------------------------------------
x = 55.000000, y = 157.000000
avance = -85.000000, avanceR = 2.000000, avanceI = 2.000000
inc_x_r = 0.000000, inc_y_r = 1.000000, inc_x_i = 1.000000, inc_y_i = 1.000000
En el else......

----------------------------------------
x = 55.000000, y = 158.000000
avance = -83.000000, avanceR = 2.000000, avanceI = 2.000000
inc_x_r = 0.000000, inc_y_r = 1.000000, inc_x_i = 1.000000, inc_y_i = 1.000000
En el else......

----------------------------------------
x = 55.000000, y = 159.000000
avance = -81.000000, avanceR = 2.000000, avanceI = 2.000000
inc_x_r = 0.000000, inc_y_r = 1.000000, inc_x_i = 1.000000, inc_y_i = 1.000000
En el else......

----------------------------------------
x = 55.000000, y = 160.000000
avance = -79.000000, avanceR = 2.000000, avanceI = 2.000000
inc_x_r = 0.000000, inc_y_r = 1.000000, inc_x_i = 1.000000, inc_y_i = 1.000000
En el else......

----------------------------------------
x = 55.000000, y = 161.000000
avance = -77.000000, avanceR = 2.000000, avanceI = 2.000000
inc_x_r = 0.000000, inc_y_r = 1.000000, inc_x_i = 1.000000, inc_y_i = 1.000000
En el else......

----------------------------------------
x = 55.000000, y = 162.000000
avance = -75.000000, avanceR = 2.000000, avanceI = 2.000000
inc_x_r = 0.000000, inc_y_r = 1.000000, inc_x_i = 1.000000, inc_y_i = 1.000000
En el else......

----------------------------------------
x = 55.000000, y = 163.000000
avance = -73.000000, avanceR = 2.000000, avanceI = 2.000000
inc_x_r = 0.000000, inc_y_r = 1.000000, inc_x_i = 1.000000, inc_y_i = 1.000000
En el else......

----------------------------------------
x = 55.000000, y = 164.000000
avance = -71.000000, avanceR = 2.000000, avanceI = 2.000000
inc_x_r = 0.000000, inc_y_r = 1.000000, inc_x_i = 1.000000, inc_y_i = 1.000000
En el else......

----------------------------------------
x = 55.000000, y = 165.000000
avance = -69.000000, avanceR = 2.000000, avanceI = 2.000000
inc_x_r = 0.000000, inc_y_r = 1.000000, inc_x_i = 1.000000, inc_y_i = 1.000000
En el else......

----------------------------------------
x = 55.000000, y = 166.000000
avance = -67.000000, avanceR = 2.000000, avanceI = 2.000000
inc_x_r = 0.000000, inc_y_r = 1.000000, inc_x_i = 1.000000, inc_y_i = 1.000000
En el else......

----------------------------------------
x = 55.000000, y = 167.000000
avance = -65.000000, avanceR = 2.000000, avanceI = 2.000000
inc_x_r = 0.000000, inc_y_r = 1.000000, inc_x_i = 1.000000, inc_y_i = 1.000000
En el else......

----------------------------------------
x = 55.000000, y = 168.000000
avance = -63.000000, avanceR = 2.000000, avanceI = 2.000000
inc_x_r = 0.000000, inc_y_r = 1.000000, inc_x_i = 1.000000, inc_y_i = 1.000000
En el else......

----------------------------------------
x = 55.000000, y = 169.000000
avance = -61.000000, avanceR = 2.000000, avanceI = 2.000000
inc_x_r = 0.000000, inc_y_r = 1.000000, inc_x_i = 1.000000, inc_y_i = 1.000000
En el else......

----------------------------------------
x = 55.000000, y = 170.000000
avance = -59.000000, avanceR = 2.000000, avanceI = 2.000000
inc_x_r = 0.000000, inc_y_r = 1.000000, inc_x_i = 1.000000, inc_y_i = 1.000000
En el else......

----------------------------------------
x = 55.000000, y = 171.000000
avance = -57.000000, avanceR = 2.000000, avanceI = 2.000000
inc_x_r = 0.000000, inc_y_r = 1.000000, inc_x_i = 1.000000, inc_y_i = 1.000000
En el else......

----------------------------------------
x = 55.000000, y = 172.000000
avance = -55.000000, avanceR = 2.000000, avanceI = 2.000000
inc_x_r = 0.000000, inc_y_r = 1.000000, inc_x_i = 1.000000, inc_y_i = 1.000000
En el else......

----------------------------------------
x = 55.000000, y = 173.000000
avance = -53.000000, avanceR = 2.000000, avanceI = 2.000000
inc_x_r = 0.000000, inc_y_r = 1.000000, inc_x_i = 1.000000, inc_y_i = 1.000000
En el else......

----------------------------------------
x = 55.000000, y = 174.000000
avance = -51.000000, avanceR = 2.000000, avanceI = 2.000000
inc_x_r = 0.000000, inc_y_r = 1.000000, inc_x_i = 1.000000, inc_y_i = 1.000000
En el else......

----------------------------------------
x = 55.000000, y = 175.000000
avance = -49.000000, avanceR = 2.000000, avanceI = 2.000000
inc_x_r = 0.000000, inc_y_r = 1.000000, inc_x_i = 1.000000, inc_y_i = 1.000000
En el else......

----------------------------------------
x = 55.000000, y = 176.000000
avance = -47.000000, avanceR = 2.000000, avanceI = 2.000000
inc_x_r = 0.000000, inc_y_r = 1.000000, inc_x_i = 1.000000, inc_y_i = 1.000000
En el else......

----------------------------------------
x = 55.000000, y = 177.000000
avance = -45.000000, avanceR = 2.000000, avanceI = 2.000000
inc_x_r = 0.000000, inc_y_r = 1.000000, inc_x_i = 1.000000, inc_y_i = 1.000000
En el else......

----------------------------------------
x = 55.000000, y = 178.000000
avance = -43.000000, avanceR = 2.000000, avanceI = 2.000000
inc_x_r = 0.000000, inc_y_r = 1.000000, inc_x_i = 1.000000, inc_y_i = 1.000000
En el else......

----------------------------------------
x = 55.000000, y = 179.000000
avance = -41.000000, avanceR = 2.000000, avanceI = 2.000000
inc_x_r = 0.000000, inc_y_r = 1.000000, inc_x_i = 1.000000, inc_y_i = 1.000000
En el else......

----------------------------------------
x = 55.000000, y = 180.000000
avance = -39.000000, avanceR = 2.000000, avanceI = 2.000000
inc_x_r = 0.000000, inc_y_r = 1.000000, inc_x_i = 1.000000, inc_y_i = 1.000000
En el else......

----------------------------------------
x = 55.000000, y = 181.000000
avance = -37.000000, avanceR = 2.000000, avanceI = 2.000000
inc_x_r = 0.000000, inc_y_r = 1.000000, inc_x_i = 1.000000, inc_y_i = 1.000000
En el else......

----------------------------------------
x = 55.000000, y = 182.000000
avance = -35.000000, avanceR = 2.000000, avanceI = 2.000000
inc_x_r = 0.000000, inc_y_r = 1.000000, inc_x_i = 1.000000, inc_y_i = 1.000000
En el else......

----------------------------------------
x = 55.000000, y = 183.000000
avance = -33.000000, avanceR = 2.000000, avanceI = 2.000000
inc_x_r = 0.000000, inc_y_r = 1.000000, inc_x_i = 1.000000, inc_y_i = 1.000000
En el else......

----------------------------------------
x = 55.000000, y = 184.000000
avance = -31.000000, avanceR = 2.000000, avanceI = 2.000000
inc_x_r = 0.000000, inc_y_r = 1.000000, inc_x_i = 1.000000, inc_y_i = 1.000000
En el else......

----------------------------------------
x = 55.000000, y = 185.000000
avance = -29.000000, avanceR = 2.000000, avanceI = 2.000000
inc_x_r = 0.000000, inc_y_r = 1.000000, inc_x_i = 1.000000, inc_y_i = 1.000000
En el else......

----------------------------------------
x = 55.000000, y = 186.000000
avance = -27.000000, avanceR = 2.000000, avanceI = 2.000000
inc_x_r = 0.000000, inc_y_r = 1.000000, inc_x_i = 1.000000, inc_y_i = 1.000000
En el else......

----------------------------------------
x = 55.000000, y = 187.000000
avance = -25.000000, avanceR = 2.000000, avanceI = 2.000000
inc_x_r = 0.000000, inc_y_r = 1.000000, inc_x_i = 1.000000, inc_y_i = 1.000000
En el else......

----------------------------------------
x = 55.000000, y = 188.000000
avance = -23.000000, avanceR = 2.000000, avanceI = 2.000000
inc_x_r = 0.000000, inc_y_r = 1.000000, inc_x_i = 1.000000, inc_y_i = 1.000000
En el else......

----------------------------------------
x = 55.000000, y = 189.000000
avance = -21.000000, avanceR = 2.000000, avanceI = 2.000000
inc_x_r = 0.000000, inc_y_r = 1.000000, inc_x_i = 1.000000, inc_y_i = 1.000000
En el else......

----------------------------------------
x = 55.000000, y = 190.000000
avance = -19.000000, avanceR = 2.000000, avanceI = 2.000000
inc_x_r = 0.000000, inc_y_r = 1.000000, inc_x_i = 1.000000, inc_y_i = 1.000000
En el else......

----------------------------------------
x = 55.000000, y = 191.000000
avance = -17.000000, avanceR = 2.000000, avanceI = 2.000000
inc_x_r = 0.000000, inc_y_r = 1.000000, inc_x_i = 1.000000, inc_y_i = 1.000000
En el else......

----------------------------------------
x = 55.000000, y = 192.000000
avance = -15.000000, avanceR = 2.000000, avanceI = 2.000000
inc_x_r = 0.000000, inc_y_r = 1.000000, inc_x_i = 1.000000, inc_y_i = 1.000000
En el else......

----------------------------------------
x = 55.000000, y = 193.000000
avance = -13.000000, avanceR = 2.000000, avanceI = 2.000000
inc_x_r = 0.000000, inc_y_r = 1.000000, inc_x_i = 1.000000, inc_y_i = 1.000000
En el else......

----------------------------------------
x = 55.000000, y = 194.000000
avance = -11.000000, avanceR = 2.000000, avanceI = 2.000000
inc_x_r = 0.000000, inc_y_r = 1.000000, inc_x_i = 1.000000, inc_y_i = 1.000000
En el else......

----------------------------------------
x = 55.000000, y = 195.000000
avance = -9.000000, avanceR = 2.000000, avanceI = 2.000000
inc_x_r = 0.000000, inc_y_r = 1.000000, inc_x_i = 1.000000, inc_y_i = 1.000000
En el else......

----------------------------------------
x = 55.000000, y = 196.000000
avance = -7.000000, avanceR = 2.000000, avanceI = 2.000000
inc_x_r = 0.000000, inc_y_r = 1.000000, inc_x_i = 1.000000, inc_y_i = 1.000000
En el else......

----------------------------------------
x = 55.000000, y = 197.000000
avance = -5.000000, avanceR = 2.000000, avanceI = 2.000000
inc_x_r = 0.000000, inc_y_r = 1.000000, inc_x_i = 1.000000, inc_y_i = 1.000000
En el else......

----------------------------------------
x = 55.000000, y = 198.000000
avance = -3.000000, avanceR = 2.000000, avanceI = 2.000000
inc_x_r = 0.000000, inc_y_r = 1.000000, inc_x_i = 1.000000, inc_y_i = 1.000000
En el else......

----------------------------------------
x = 55.000000, y = 199.000000
avance = -1.000000, avanceR = 2.000000, avanceI = 2.000000
inc_x_r = 0.000000, inc_y_r = 1.000000, inc_x_i = 1.000000, inc_y_i = 1.000000
En el else......

----------------------------------------
x = 55.000000, y = 200.000000
avance = 1.000000, avanceR = 2.000000, avanceI = 2.000000
inc_x_r = 0.000000, inc_y_r = 1.000000, inc_x_i = 1.000000, inc_y_i = 1.000000
avance >= 0

----------------------------------------
x = 56.000000, y = 201.000000
avance = -499.000000, avanceR = 2.000000, avanceI = 2.000000
inc_x_r = 0.000000, inc_y_r = 1.000000, inc_x_i = 1.000000, inc_y_i = 1.000000
En el else......

----------------------------------------
x = 56.000000, y = 202.000000
avance = -497.000000, avanceR = 2.000000, avanceI = 2.000000
inc_x_r = 0.000000, inc_y_r = 1.000000, inc_x_i = 1.000000, inc_y_i = 1.000000
En el else......

----------------------------------------
x = 56.000000, y = 203.000000
avance = -495.000000, avanceR = 2.000000, avanceI = 2.000000
inc_x_r = 0.000000, inc_y_r = 1.000000, inc_x_i = 1.000000, inc_y_i = 1.000000
En el else......

----------------------------------------
x = 56.000000, y = 204.000000
avance = -493.000000, avanceR = 2.000000, avanceI = 2.000000
inc_x_r = 0.000000, inc_y_r = 1.000000, inc_x_i = 1.000000, inc_y_i = 1.000000
En el else......

----------------------------------------
x = 56.000000, y = 205.000000
avance = -491.000000, avanceR = 2.000000, avanceI = 2.000000
inc_x_r = 0.000000, inc_y_r = 1.000000, inc_x_i = 1.000000, inc_y_i = 1.000000
En el else......

----------------------------------------
x = 56.000000, y = 206.000000
avance = -489.000000, avanceR = 2.000000, avanceI = 2.000000
inc_x_r = 0.000000, inc_y_r = 1.000000, inc_x_i = 1.000000, inc_y_i = 1.000000
En el else......

----------------------------------------
x = 56.000000, y = 207.000000
avance = -487.000000, avanceR = 2.000000, avanceI = 2.000000
inc_x_r = 0.000000, inc_y_r = 1.000000, inc_x_i = 1.000000, inc_y_i = 1.000000
En el else......

----------------------------------------
x = 56.000000, y = 208.000000
avance = -485.000000, avanceR = 2.000000, avanceI = 2.000000
inc_x_r = 0.000000, inc_y_r = 1.000000, inc_x_i = 1.000000, inc_y_i = 1.000000
En el else......

----------------------------------------
x = 56.000000, y = 209.000000
avance = -483.000000, avanceR = 2.000000, avanceI = 2.000000
inc_x_r = 0.000000, inc_y_r = 1.000000, inc_x_i = 1.000000, inc_y_i = 1.000000
En el else......

----------------------------------------
x = 56.000000, y = 210.000000
avance = -481.000000, avanceR = 2.000000, avanceI = 2.000000
inc_x_r = 0.000000, inc_y_r = 1.000000, inc_x_i = 1.000000, inc_y_i = 1.000000
En el else......

----------------------------------------
x = 56.000000, y = 211.000000
avance = -479.000000, avanceR = 2.000000, avanceI = 2.000000
inc_x_r = 0.000000, inc_y_r = 1.000000, inc_x_i = 1.000000, inc_y_i = 1.000000
En el else......

----------------------------------------
x = 56.000000, y = 212.000000
avance = -477.000000, avanceR = 2.000000, avanceI = 2.000000
inc_x_r = 0.000000, inc_y_r = 1.000000, inc_x_i = 1.000000, inc_y_i = 1.000000
En el else......

----------------------------------------
x = 56.000000, y = 213.000000
avance = -475.000000, avanceR = 2.000000, avanceI = 2.000000
inc_x_r = 0.000000, inc_y_r = 1.000000, inc_x_i = 1.000000, inc_y_i = 1.000000
En el else......

----------------------------------------
x = 56.000000, y = 214.000000
avance = -473.000000, avanceR = 2.000000, avanceI = 2.000000
inc_x_r = 0.000000, inc_y_r = 1.000000, inc_x_i = 1.000000, inc_y_i = 1.000000
En el else......

----------------------------------------
x = 56.000000, y = 215.000000
avance = -471.000000, avanceR = 2.000000, avanceI = 2.000000
inc_x_r = 0.000000, inc_y_r = 1.000000, inc_x_i = 1.000000, inc_y_i = 1.000000
En el else......

----------------------------------------
x = 56.000000, y = 216.000000
avance = -469.000000, avanceR = 2.000000, avanceI = 2.000000
inc_x_r = 0.000000, inc_y_r = 1.000000, inc_x_i = 1.000000, inc_y_i = 1.000000
En el else......

----------------------------------------
x = 56.000000, y = 217.000000
avance = -467.000000, avanceR = 2.000000, avanceI = 2.000000
inc_x_r = 0.000000, inc_y_r = 1.000000, inc_x_i = 1.000000, inc_y_i = 1.000000
En el else......

----------------------------------------
x = 56.000000, y = 218.000000
avance = -465.000000, avanceR = 2.000000, avanceI = 2.000000
inc_x_r = 0.000000, inc_y_r = 1.000000, inc_x_i = 1.000000, inc_y_i = 1.000000
En el else......

----------------------------------------
x = 56.000000, y = 219.000000
avance = -463.000000, avanceR = 2.000000, avanceI = 2.000000
inc_x_r = 0.000000, inc_y_r = 1.000000, inc_x_i = 1.000000, inc_y_i = 1.000000
En el else......

----------------------------------------
x = 56.000000, y = 220.000000
avance = -461.000000, avanceR = 2.000000, avanceI = 2.000000
inc_x_r = 0.000000, inc_y_r = 1.000000, inc_x_i = 1.000000, inc_y_i = 1.000000
En el else......

----------------------------------------
x = 56.000000, y = 221.000000
avance = -459.000000, avanceR = 2.000000, avanceI = 2.000000
inc_x_r = 0.000000, inc_y_r = 1.000000, inc_x_i = 1.000000, inc_y_i = 1.000000
En el else......

----------------------------------------
x = 56.000000, y = 222.000000
avance = -457.000000, avanceR = 2.000000, avanceI = 2.000000
inc_x_r = 0.000000, inc_y_r = 1.000000, inc_x_i = 1.000000, inc_y_i = 1.000000
En el else......

----------------------------------------
x = 56.000000, y = 223.000000
avance = -455.000000, avanceR = 2.000000, avanceI = 2.000000
inc_x_r = 0.000000, inc_y_r = 1.000000, inc_x_i = 1.000000, inc_y_i = 1.000000
En el else......

----------------------------------------
x = 56.000000, y = 224.000000
avance = -453.000000, avanceR = 2.000000, avanceI = 2.000000
inc_x_r = 0.000000, inc_y_r = 1.000000, inc_x_i = 1.000000, inc_y_i = 1.000000
En el else......

----------------------------------------
x = 56.000000, y = 225.000000
avance = -451.000000, avanceR = 2.000000, avanceI = 2.000000
inc_x_r = 0.000000, inc_y_r = 1.000000, inc_x_i = 1.000000, inc_y_i = 1.000000
En el else......

----------------------------------------
x = 56.000000, y = 226.000000
avance = -449.000000, avanceR = 2.000000, avanceI = 2.000000
inc_x_r = 0.000000, inc_y_r = 1.000000, inc_x_i = 1.000000, inc_y_i = 1.000000
En el else......

----------------------------------------
x = 56.000000, y = 227.000000
avance = -447.000000, avanceR = 2.000000, avanceI = 2.000000
inc_x_r = 0.000000, inc_y_r = 1.000000, inc_x_i = 1.000000, inc_y_i = 1.000000
En el else......

----------------------------------------
x = 56.000000, y = 228.000000
avance = -445.000000, avanceR = 2.000000, avanceI = 2.000000
inc_x_r = 0.000000, inc_y_r = 1.000000, inc_x_i = 1.000000, inc_y_i = 1.000000
En el else......

----------------------------------------
x = 56.000000, y = 229.000000
avance = -443.000000, avanceR = 2.000000, avanceI = 2.000000
inc_x_r = 0.000000, inc_y_r = 1.000000, inc_x_i = 1.000000, inc_y_i = 1.000000
En el else......

----------------------------------------
x = 56.000000, y = 230.000000
avance = -441.000000, avanceR = 2.000000, avanceI = 2.000000
inc_x_r = 0.000000, inc_y_r = 1.000000, inc_x_i = 1.000000, inc_y_i = 1.000000
En el else......

----------------------------------------
x = 56.000000, y = 231.000000
avance = -439.000000, avanceR = 2.000000, avanceI = 2.000000
inc_x_r = 0.000000, inc_y_r = 1.000000, inc_x_i = 1.000000, inc_y_i = 1.000000
En el else......

----------------------------------------
x = 56.000000, y = 232.000000
avance = -437.000000, avanceR = 2.000000, avanceI = 2.000000
inc_x_r = 0.000000, inc_y_r = 1.000000, inc_x_i = 1.000000, inc_y_i = 1.000000
En el else......

----------------------------------------
x = 56.000000, y = 233.000000
avance = -435.000000, avanceR = 2.000000, avanceI = 2.000000
inc_x_r = 0.000000, inc_y_r = 1.000000, inc_x_i = 1.000000, inc_y_i = 1.000000
En el else......

----------------------------------------
x = 56.000000, y = 234.000000
avance = -433.000000, avanceR = 2.000000, avanceI = 2.000000
inc_x_r = 0.000000, inc_y_r = 1.000000, inc_x_i = 1.000000, inc_y_i = 1.000000
En el else......

----------------------------------------
x = 56.000000, y = 235.000000
avance = -431.000000, avanceR = 2.000000, avanceI = 2.000000
inc_x_r = 0.000000, inc_y_r = 1.000000, inc_x_i = 1.000000, inc_y_i = 1.000000
En el else......

----------------------------------------
x = 56.000000, y = 236.000000
avance = -429.000000, avanceR = 2.000000, avanceI = 2.000000
inc_x_r = 0.000000, inc_y_r = 1.000000, inc_x_i = 1.000000, inc_y_i = 1.000000
En el else......

----------------------------------------
x = 56.000000, y = 237.000000
avance = -427.000000, avanceR = 2.000000, avanceI = 2.000000
inc_x_r = 0.000000, inc_y_r = 1.000000, inc_x_i = 1.000000, inc_y_i = 1.000000
En el else......

----------------------------------------
x = 56.000000, y = 238.000000
avance = -425.000000, avanceR = 2.000000, avanceI = 2.000000
inc_x_r = 0.000000, inc_y_r = 1.000000, inc_x_i = 1.000000, inc_y_i = 1.000000
En el else......

----------------------------------------
x = 56.000000, y = 239.000000
avance = -423.000000, avanceR = 2.000000, avanceI = 2.000000
inc_x_r = 0.000000, inc_y_r = 1.000000, inc_x_i = 1.000000, inc_y_i = 1.000000
En el else......

----------------------------------------
x = 56.000000, y = 240.000000
avance = -421.000000, avanceR = 2.000000, avanceI = 2.000000
inc_x_r = 0.000000, inc_y_r = 1.000000, inc_x_i = 1.000000, inc_y_i = 1.000000
En el else......

----------------------------------------
x = 56.000000, y = 241.000000
avance = -419.000000, avanceR = 2.000000, avanceI = 2.000000
inc_x_r = 0.000000, inc_y_r = 1.000000, inc_x_i = 1.000000, inc_y_i = 1.000000
En el else......

----------------------------------------
x = 56.000000, y = 242.000000
avance = -417.000000, avanceR = 2.000000, avanceI = 2.000000
inc_x_r = 0.000000, inc_y_r = 1.000000, inc_x_i = 1.000000, inc_y_i = 1.000000
En el else......

----------------------------------------
x = 56.000000, y = 243.000000
avance = -415.000000, avanceR = 2.000000, avanceI = 2.000000
inc_x_r = 0.000000, inc_y_r = 1.000000, inc_x_i = 1.000000, inc_y_i = 1.000000
En el else......

----------------------------------------
x = 56.000000, y = 244.000000
avance = -413.000000, avanceR = 2.000000, avanceI = 2.000000
inc_x_r = 0.000000, inc_y_r = 1.000000, inc_x_i = 1.000000, inc_y_i = 1.000000
En el else......

----------------------------------------
x = 56.000000, y = 245.000000
avance = -411.000000, avanceR = 2.000000, avanceI = 2.000000
inc_x_r = 0.000000, inc_y_r = 1.000000, inc_x_i = 1.000000, inc_y_i = 1.000000
En el else......

----------------------------------------
x = 56.000000, y = 246.000000
avance = -409.000000, avanceR = 2.000000, avanceI = 2.000000
inc_x_r = 0.000000, inc_y_r = 1.000000, inc_x_i = 1.000000, inc_y_i = 1.000000
En el else......

----------------------------------------
x = 56.000000, y = 247.000000
avance = -407.000000, avanceR = 2.000000, avanceI = 2.000000
inc_x_r = 0.000000, inc_y_r = 1.000000, inc_x_i = 1.000000, inc_y_i = 1.000000
En el else......

----------------------------------------
x = 56.000000, y = 248.000000
avance = -405.000000, avanceR = 2.000000, avanceI = 2.000000
inc_x_r = 0.000000, inc_y_r = 1.000000, inc_x_i = 1.000000, inc_y_i = 1.000000
En el else......

----------------------------------------
x = 56.000000, y = 249.000000
avance = -403.000000, avanceR = 2.000000, avanceI = 2.000000
inc_x_r = 0.000000, inc_y_r = 1.000000, inc_x_i = 1.000000, inc_y_i = 1.000000
En el else......

----------------------------------------
x = 56.000000, y = 250.000000
avance = -401.000000, avanceR = 2.000000, avanceI = 2.000000
inc_x_r = 0.000000, inc_y_r = 1.000000, inc_x_i = 1.000000, inc_y_i = 1.000000
En el else......

----------------------------------------
x = 56.000000, y = 251.000000
avance = -399.000000, avanceR = 2.000000, avanceI = 2.000000
inc_x_r = 0.000000, inc_y_r = 1.000000, inc_x_i = 1.000000, inc_y_i = 1.000000
En el else......

----------------------------------------
x = 56.000000, y = 252.000000
avance = -397.000000, avanceR = 2.000000, avanceI = 2.000000
inc_x_r = 0.000000, inc_y_r = 1.000000, inc_x_i = 1.000000, inc_y_i = 1.000000
En el else......

----------------------------------------
x = 56.000000, y = 253.000000
avance = -395.000000, avanceR = 2.000000, avanceI = 2.000000
inc_x_r = 0.000000, inc_y_r = 1.000000, inc_x_i = 1.000000, inc_y_i = 1.000000
En el else......

----------------------------------------
x = 56.000000, y = 254.000000
avance = -393.000000, avanceR = 2.000000, avanceI = 2.000000
inc_x_r = 0.000000, inc_y_r = 1.000000, inc_x_i = 1.000000, inc_y_i = 1.000000
En el else......

----------------------------------------
x = 56.000000, y = 255.000000
avance = -391.000000, avanceR = 2.000000, avanceI = 2.000000
inc_x_r = 0.000000, inc_y_r = 1.000000, inc_x_i = 1.000000, inc_y_i = 1.000000
En el else......

----------------------------------------
x = 56.000000, y = 256.000000
avance = -389.000000, avanceR = 2.000000, avanceI = 2.000000
inc_x_r = 0.000000, inc_y_r = 1.000000, inc_x_i = 1.000000, inc_y_i = 1.000000
En el else......

----------------------------------------
x = 56.000000, y = 257.000000
avance = -387.000000, avanceR = 2.000000, avanceI = 2.000000
inc_x_r = 0.000000, inc_y_r = 1.000000, inc_x_i = 1.000000, inc_y_i = 1.000000
En el else......

----------------------------------------
x = 56.000000, y = 258.000000
avance = -385.000000, avanceR = 2.000000, avanceI = 2.000000
inc_x_r = 0.000000, inc_y_r = 1.000000, inc_x_i = 1.000000, inc_y_i = 1.000000
En el else......

----------------------------------------
x = 56.000000, y = 259.000000
avance = -383.000000, avanceR = 2.000000, avanceI = 2.000000
inc_x_r = 0.000000, inc_y_r = 1.000000, inc_x_i = 1.000000, inc_y_i = 1.000000
En el else......

----------------------------------------
x = 56.000000, y = 260.000000
avance = -381.000000, avanceR = 2.000000, avanceI = 2.000000
inc_x_r = 0.000000, inc_y_r = 1.000000, inc_x_i = 1.000000, inc_y_i = 1.000000
En el else......

----------------------------------------
x = 56.000000, y = 261.000000
avance = -379.000000, avanceR = 2.000000, avanceI = 2.000000
inc_x_r = 0.000000, inc_y_r = 1.000000, inc_x_i = 1.000000, inc_y_i = 1.000000
En el else......

----------------------------------------
x = 56.000000, y = 262.000000
avance = -377.000000, avanceR = 2.000000, avanceI = 2.000000
inc_x_r = 0.000000, inc_y_r = 1.000000, inc_x_i = 1.000000, inc_y_i = 1.000000
En el else......

----------------------------------------
x = 56.000000, y = 263.000000
avance = -375.000000, avanceR = 2.000000, avanceI = 2.000000
inc_x_r = 0.000000, inc_y_r = 1.000000, inc_x_i = 1.000000, inc_y_i = 1.000000
En el else......

----------------------------------------
x = 56.000000, y = 264.000000
avance = -373.000000, avanceR = 2.000000, avanceI = 2.000000
inc_x_r = 0.000000, inc_y_r = 1.000000, inc_x_i = 1.000000, inc_y_i = 1.000000
En el else......

----------------------------------------
x = 56.000000, y = 265.000000
avance = -371.000000, avanceR = 2.000000, avanceI = 2.000000
inc_x_r = 0.000000, inc_y_r = 1.000000, inc_x_i = 1.000000, inc_y_i = 1.000000
En el else......

----------------------------------------
x = 56.000000, y = 266.000000
avance = -369.000000, avanceR = 2.000000, avanceI = 2.000000
inc_x_r = 0.000000, inc_y_r = 1.000000, inc_x_i = 1.000000, inc_y_i = 1.000000
En el else......

----------------------------------------
x = 56.000000, y = 267.000000
avance = -367.000000, avanceR = 2.000000, avanceI = 2.000000
inc_x_r = 0.000000, inc_y_r = 1.000000, inc_x_i = 1.000000, inc_y_i = 1.000000
En el else......

----------------------------------------
x = 56.000000, y = 268.000000
avance = -365.000000, avanceR = 2.000000, avanceI = 2.000000
inc_x_r = 0.000000, inc_y_r = 1.000000, inc_x_i = 1.000000, inc_y_i = 1.000000
En el else......

----------------------------------------
x = 56.000000, y = 269.000000
avance = -363.000000, avanceR = 2.000000, avanceI = 2.000000
inc_x_r = 0.000000, inc_y_r = 1.000000, inc_x_i = 1.000000, inc_y_i = 1.000000
En el else......

----------------------------------------
x = 56.000000, y = 270.000000
avance = -361.000000, avanceR = 2.000000, avanceI = 2.000000
inc_x_r = 0.000000, inc_y_r = 1.000000, inc_x_i = 1.000000, inc_y_i = 1.000000
En el else......

----------------------------------------
x = 56.000000, y = 271.000000
avance = -359.000000, avanceR = 2.000000, avanceI = 2.000000
inc_x_r = 0.000000, inc_y_r = 1.000000, inc_x_i = 1.000000, inc_y_i = 1.000000
En el else......

----------------------------------------
x = 56.000000, y = 272.000000
avance = -357.000000, avanceR = 2.000000, avanceI = 2.000000
inc_x_r = 0.000000, inc_y_r = 1.000000, inc_x_i = 1.000000, inc_y_i = 1.000000
En el else......

----------------------------------------
x = 56.000000, y = 273.000000
avance = -355.000000, avanceR = 2.000000, avanceI = 2.000000
inc_x_r = 0.000000, inc_y_r = 1.000000, inc_x_i = 1.000000, inc_y_i = 1.000000
En el else......

----------------------------------------
x = 56.000000, y = 274.000000
avance = -353.000000, avanceR = 2.000000, avanceI = 2.000000
inc_x_r = 0.000000, inc_y_r = 1.000000, inc_x_i = 1.000000, inc_y_i = 1.000000
En el else......

----------------------------------------
x = 56.000000, y = 275.000000
avance = -351.000000, avanceR = 2.000000, avanceI = 2.000000
inc_x_r = 0.000000, inc_y_r = 1.000000, inc_x_i = 1.000000, inc_y_i = 1.000000
En el else......

----------------------------------------
x = 56.000000, y = 276.000000
avance = -349.000000, avanceR = 2.000000, avanceI = 2.000000
inc_x_r = 0.000000, inc_y_r = 1.000000, inc_x_i = 1.000000, inc_y_i = 1.000000
En el else......

----------------------------------------
x = 56.000000, y = 277.000000
avance = -347.000000, avanceR = 2.000000, avanceI = 2.000000
inc_x_r = 0.000000, inc_y_r = 1.000000, inc_x_i = 1.000000, inc_y_i = 1.000000
En el else......

----------------------------------------
x = 56.000000, y = 278.000000
avance = -345.000000, avanceR = 2.000000, avanceI = 2.000000
inc_x_r = 0.000000, inc_y_r = 1.000000, inc_x_i = 1.000000, inc_y_i = 1.000000
En el else......

----------------------------------------
x = 56.000000, y = 279.000000
avance = -343.000000, avanceR = 2.000000, avanceI = 2.000000
inc_x_r = 0.000000, inc_y_r = 1.000000, inc_x_i = 1.000000, inc_y_i = 1.000000
En el else......

----------------------------------------
x = 56.000000, y = 280.000000
avance = -341.000000, avanceR = 2.000000, avanceI = 2.000000
inc_x_r = 0.000000, inc_y_r = 1.000000, inc_x_i = 1.000000, inc_y_i = 1.000000
En el else......

----------------------------------------
x = 56.000000, y = 281.000000
avance = -339.000000, avanceR = 2.000000, avanceI = 2.000000
inc_x_r = 0.000000, inc_y_r = 1.000000, inc_x_i = 1.000000, inc_y_i = 1.000000
En el else......

----------------------------------------
x = 56.000000, y = 282.000000
avance = -337.000000, avanceR = 2.000000, avanceI = 2.000000
inc_x_r = 0.000000, inc_y_r = 1.000000, inc_x_i = 1.000000, inc_y_i = 1.000000
En el else......

----------------------------------------
x = 56.000000, y = 283.000000
avance = -335.000000, avanceR = 2.000000, avanceI = 2.000000
inc_x_r = 0.000000, inc_y_r = 1.000000, inc_x_i = 1.000000, inc_y_i = 1.000000
En el else......

----------------------------------------
x = 56.000000, y = 284.000000
avance = -333.000000, avanceR = 2.000000, avanceI = 2.000000
inc_x_r = 0.000000, inc_y_r = 1.000000, inc_x_i = 1.000000, inc_y_i = 1.000000
En el else......

----------------------------------------
x = 56.000000, y = 285.000000
avance = -331.000000, avanceR = 2.000000, avanceI = 2.000000
inc_x_r = 0.000000, inc_y_r = 1.000000, inc_x_i = 1.000000, inc_y_i = 1.000000
En el else......

----------------------------------------
x = 56.000000, y = 286.000000
avance = -329.000000, avanceR = 2.000000, avanceI = 2.000000
inc_x_r = 0.000000, inc_y_r = 1.000000, inc_x_i = 1.000000, inc_y_i = 1.000000
En el else......

----------------------------------------
x = 56.000000, y = 287.000000
avance = -327.000000, avanceR = 2.000000, avanceI = 2.000000
inc_x_r = 0.000000, inc_y_r = 1.000000, inc_x_i = 1.000000, inc_y_i = 1.000000
En el else......

----------------------------------------
x = 56.000000, y = 288.000000
avance = -325.000000, avanceR = 2.000000, avanceI = 2.000000
inc_x_r = 0.000000, inc_y_r = 1.000000, inc_x_i = 1.000000, inc_y_i = 1.000000
En el else......

----------------------------------------
x = 56.000000, y = 289.000000
avance = -323.000000, avanceR = 2.000000, avanceI = 2.000000
inc_x_r = 0.000000, inc_y_r = 1.000000, inc_x_i = 1.000000, inc_y_i = 1.000000
En el else......

----------------------------------------
x = 56.000000, y = 290.000000
avance = -321.000000, avanceR = 2.000000, avanceI = 2.000000
inc_x_r = 0.000000, inc_y_r = 1.000000, inc_x_i = 1.000000, inc_y_i = 1.000000
En el else......

----------------------------------------
x = 56.000000, y = 291.000000
avance = -319.000000, avanceR = 2.000000, avanceI = 2.000000
inc_x_r = 0.000000, inc_y_r = 1.000000, inc_x_i = 1.000000, inc_y_i = 1.000000
En el else......

----------------------------------------
x = 56.000000, y = 292.000000
avance = -317.000000, avanceR = 2.000000, avanceI = 2.000000
inc_x_r = 0.000000, inc_y_r = 1.000000, inc_x_i = 1.000000, inc_y_i = 1.000000
En el else......

----------------------------------------
x = 56.000000, y = 293.000000
avance = -315.000000, avanceR = 2.000000, avanceI = 2.000000
inc_x_r = 0.000000, inc_y_r = 1.000000, inc_x_i = 1.000000, inc_y_i = 1.000000
En el else......

----------------------------------------
x = 56.000000, y = 294.000000
avance = -313.000000, avanceR = 2.000000, avanceI = 2.000000
inc_x_r = 0.000000, inc_y_r = 1.000000, inc_x_i = 1.000000, inc_y_i = 1.000000
En el else......

----------------------------------------
x = 56.000000, y = 295.000000
avance = -311.000000, avanceR = 2.000000, avanceI = 2.000000
inc_x_r = 0.000000, inc_y_r = 1.000000, inc_x_i = 1.000000, inc_y_i = 1.000000
En el else......

----------------------------------------
x = 56.000000, y = 296.000000
avance = -309.000000, avanceR = 2.000000, avanceI = 2.000000
inc_x_r = 0.000000, inc_y_r = 1.000000, inc_x_i = 1.000000, inc_y_i = 1.000000
En el else......

----------------------------------------
x = 56.000000, y = 297.000000
avance = -307.000000, avanceR = 2.000000, avanceI = 2.000000
inc_x_r = 0.000000, inc_y_r = 1.000000, inc_x_i = 1.000000, inc_y_i = 1.000000
En el else......

----------------------------------------
x = 56.000000, y = 298.000000
avance = -305.000000, avanceR = 2.000000, avanceI = 2.000000
inc_x_r = 0.000000, inc_y_r = 1.000000, inc_x_i = 1.000000, inc_y_i = 1.000000
En el else......

----------------------------------------
x = 56.000000, y = 299.000000
avance = -303.000000, avanceR = 2.000000, avanceI = 2.000000
inc_x_r = 0.000000, inc_y_r = 1.000000, inc_x_i = 1.000000, inc_y_i = 1.000000
En el else......

----------------------------------------
x = 56.000000, y = 300.000000
avance = -301.000000, avanceR = 2.000000, avanceI = 2.000000
inc_x_r = 0.000000, inc_y_r = 1.000000, inc_x_i = 1.000000, inc_y_i = 1.000000
En el else......

----------------------------------------
x = 56.000000, y = 301.000000
avance = -299.000000, avanceR = 2.000000, avanceI = 2.000000
inc_x_r = 0.000000, inc_y_r = 1.000000, inc_x_i = 1.000000, inc_y_i = 1.000000
En el else......

----------------------------------------
x = 56.000000, y = 302.000000
avance = -297.000000, avanceR = 2.000000, avanceI = 2.000000
inc_x_r = 0.000000, inc_y_r = 1.000000, inc_x_i = 1.000000, inc_y_i = 1.000000
En el else......

----------------------------------------
x = 56.000000, y = 303.000000
avance = -295.000000, avanceR = 2.000000, avanceI = 2.000000
inc_x_r = 0.000000, inc_y_r = 1.000000, inc_x_i = 1.000000, inc_y_i = 1.000000
En el else......

----------------------------------------
x = 56.000000, y = 304.000000
avance = -293.000000, avanceR = 2.000000, avanceI = 2.000000
inc_x_r = 0.000000, inc_y_r = 1.000000, inc_x_i = 1.000000, inc_y_i = 1.000000
En el else......

----------------------------------------
x = 56.000000, y = 305.000000
avance = -291.000000, avanceR = 2.000000, avanceI = 2.000000
inc_x_r = 0.000000, inc_y_r = 1.000000, inc_x_i = 1.000000, inc_y_i = 1.000000
En el else......

----------------------------------------
x = 56.000000, y = 306.000000
avance = -289.000000, avanceR = 2.000000, avanceI = 2.000000
inc_x_r = 0.000000, inc_y_r = 1.000000, inc_x_i = 1.000000, inc_y_i = 1.000000
En el else......

----------------------------------------
x = 56.000000, y = 307.000000
avance = -287.000000, avanceR = 2.000000, avanceI = 2.000000
inc_x_r = 0.000000, inc_y_r = 1.000000, inc_x_i = 1.000000, inc_y_i = 1.000000
En el else......

----------------------------------------
x = 56.000000, y = 308.000000
avance = -285.000000, avanceR = 2.000000, avanceI = 2.000000
inc_x_r = 0.000000, inc_y_r = 1.000000, inc_x_i = 1.000000, inc_y_i = 1.000000
En el else......

----------------------------------------
x = 56.000000, y = 309.000000
avance = -283.000000, avanceR = 2.000000, avanceI = 2.000000
inc_x_r = 0.000000, inc_y_r = 1.000000, inc_x_i = 1.000000, inc_y_i = 1.000000
En el else......

----------------------------------------
x = 56.000000, y = 310.000000
avance = -281.000000, avanceR = 2.000000, avanceI = 2.000000
inc_x_r = 0.000000, inc_y_r = 1.000000, inc_x_i = 1.000000, inc_y_i = 1.000000
En el else......

----------------------------------------
x = 56.000000, y = 311.000000
avance = -279.000000, avanceR = 2.000000, avanceI = 2.000000
inc_x_r = 0.000000, inc_y_r = 1.000000, inc_x_i = 1.000000, inc_y_i = 1.000000
En el else......

----------------------------------------
x = 56.000000, y = 312.000000
avance = -277.000000, avanceR = 2.000000, avanceI = 2.000000
inc_x_r = 0.000000, inc_y_r = 1.000000, inc_x_i = 1.000000, inc_y_i = 1.000000
En el else......

----------------------------------------
x = 56.000000, y = 313.000000
avance = -275.000000, avanceR = 2.000000, avanceI = 2.000000
inc_x_r = 0.000000, inc_y_r = 1.000000, inc_x_i = 1.000000, inc_y_i = 1.000000
En el else......

----------------------------------------
x = 56.000000, y = 314.000000
avance = -273.000000, avanceR = 2.000000, avanceI = 2.000000
inc_x_r = 0.000000, inc_y_r = 1.000000, inc_x_i = 1.000000, inc_y_i = 1.000000
En el else......

----------------------------------------
x = 56.000000, y = 315.000000
avance = -271.000000, avanceR = 2.000000, avanceI = 2.000000
inc_x_r = 0.000000, inc_y_r = 1.000000, inc_x_i = 1.000000, inc_y_i = 1.000000
En el else......

----------------------------------------
x = 56.000000, y = 316.000000
avance = -269.000000, avanceR = 2.000000, avanceI = 2.000000
inc_x_r = 0.000000, inc_y_r = 1.000000, inc_x_i = 1.000000, inc_y_i = 1.000000
En el else......

----------------------------------------
x = 56.000000, y = 317.000000
avance = -267.000000, avanceR = 2.000000, avanceI = 2.000000
inc_x_r = 0.000000, inc_y_r = 1.000000, inc_x_i = 1.000000, inc_y_i = 1.000000
En el else......

----------------------------------------
x = 56.000000, y = 318.000000
avance = -265.000000, avanceR = 2.000000, avanceI = 2.000000
inc_x_r = 0.000000, inc_y_r = 1.000000, inc_x_i = 1.000000, inc_y_i = 1.000000
En el else......

----------------------------------------
x = 56.000000, y = 319.000000
avance = -263.000000, avanceR = 2.000000, avanceI = 2.000000
inc_x_r = 0.000000, inc_y_r = 1.000000, inc_x_i = 1.000000, inc_y_i = 1.000000
En el else......

----------------------------------------
x = 56.000000, y = 320.000000
avance = -261.000000, avanceR = 2.000000, avanceI = 2.000000
inc_x_r = 0.000000, inc_y_r = 1.000000, inc_x_i = 1.000000, inc_y_i = 1.000000
En el else......

----------------------------------------
x = 56.000000, y = 321.000000
avance = -259.000000, avanceR = 2.000000, avanceI = 2.000000
inc_x_r = 0.000000, inc_y_r = 1.000000, inc_x_i = 1.000000, inc_y_i = 1.000000
En el else......

----------------------------------------
x = 56.000000, y = 322.000000
avance = -257.000000, avanceR = 2.000000, avanceI = 2.000000
inc_x_r = 0.000000, inc_y_r = 1.000000, inc_x_i = 1.000000, inc_y_i = 1.000000
En el else......

----------------------------------------
x = 56.000000, y = 323.000000
avance = -255.000000, avanceR = 2.000000, avanceI = 2.000000
inc_x_r = 0.000000, inc_y_r = 1.000000, inc_x_i = 1.000000, inc_y_i = 1.000000
En el else......

----------------------------------------
x = 56.000000, y = 324.000000
avance = -253.000000, avanceR = 2.000000, avanceI = 2.000000
inc_x_r = 0.000000, inc_y_r = 1.000000, inc_x_i = 1.000000, inc_y_i = 1.000000
En el else......

----------------------------------------
x = 56.000000, y = 325.000000
avance = -251.000000, avanceR = 2.000000, avanceI = 2.000000
inc_x_r = 0.000000, inc_y_r = 1.000000, inc_x_i = 1.000000, inc_y_i = 1.000000
En el else......

----------------------------------------


ENTRAMOS A BRESENHAMªªªª
x1 = 55.000000 - y1 = 75.000000 || x2 = 56.000000 - y2 = 326.000000
dy = 251.000000, dx = 1.000000
avances inclinados: inc_x_i = 1.000000, inc_y_i = 1.000000
updated: dy = 251.000000, dx = 1.000000
avances rectos: inc_x_r = 0.000000, inc_y_r 1.000000
reupdated: dy = 1.000000, dx = 251.000000
avanceR = 2.000000, avance -249.000000, avanceI 2.000000
----------------------------------------
x = 55.000000, y = 75.000000
avance = -249.000000, avanceR = 2.000000, avanceI = 2.000000
inc_x_r = 0.000000, inc_y_r = 1.000000, inc_x_i = 1.000000, inc_y_i = 1.000000
En el else......

----------------------------------------
x = 55.000000, y = 76.000000
avance = -247.000000, avanceR = 2.000000, avanceI = 2.000000
inc_x_r = 0.000000, inc_y_r = 1.000000, inc_x_i = 1.000000, inc_y_i = 1.000000
En el else......

----------------------------------------
x = 55.000000, y = 77.000000
avance = -245.000000, avanceR = 2.000000, avanceI = 2.000000
inc_x_r = 0.000000, inc_y_r = 1.000000, inc_x_i = 1.000000, inc_y_i = 1.000000
En el else......

----------------------------------------
x = 55.000000, y = 78.000000
avance = -243.000000, avanceR = 2.000000, avanceI = 2.000000
inc_x_r = 0.000000, inc_y_r = 1.000000, inc_x_i = 1.000000, inc_y_i = 1.000000
En el else......

----------------------------------------
x = 55.000000, y = 79.000000
avance = -241.000000, avanceR = 2.000000, avanceI = 2.000000
inc_x_r = 0.000000, inc_y_r = 1.000000, inc_x_i = 1.000000, inc_y_i = 1.000000
En el else......

----------------------------------------
x = 55.000000, y = 80.000000
avance = -239.000000, avanceR = 2.000000, avanceI = 2.000000
inc_x_r = 0.000000, inc_y_r = 1.000000, inc_x_i = 1.000000, inc_y_i = 1.000000
En el else......

----------------------------------------
x = 55.000000, y = 81.000000
avance = -237.000000, avanceR = 2.000000, avanceI = 2.000000
inc_x_r = 0.000000, inc_y_r = 1.000000, inc_x_i = 1.000000, inc_y_i = 1.000000
En el else......

----------------------------------------
x = 55.000000, y = 82.000000
avance = -235.000000, avanceR = 2.000000, avanceI = 2.000000
inc_x_r = 0.000000, inc_y_r = 1.000000, inc_x_i = 1.000000, inc_y_i = 1.000000
En el else......

----------------------------------------
x = 55.000000, y = 83.000000
avance = -233.000000, avanceR = 2.000000, avanceI = 2.000000
inc_x_r = 0.000000, inc_y_r = 1.000000, inc_x_i = 1.000000, inc_y_i = 1.000000
En el else......

----------------------------------------
x = 55.000000, y = 84.000000
avance = -231.000000, avanceR = 2.000000, avanceI = 2.000000
inc_x_r = 0.000000, inc_y_r = 1.000000, inc_x_i = 1.000000, inc_y_i = 1.000000
En el else......

----------------------------------------
x = 55.000000, y = 85.000000
avance = -229.000000, avanceR = 2.000000, avanceI = 2.000000
inc_x_r = 0.000000, inc_y_r = 1.000000, inc_x_i = 1.000000, inc_y_i = 1.000000
En el else......

----------------------------------------
x = 55.000000, y = 86.000000
avance = -227.000000, avanceR = 2.000000, avanceI = 2.000000
inc_x_r = 0.000000, inc_y_r = 1.000000, inc_x_i = 1.000000, inc_y_i = 1.000000
En el else......

----------------------------------------
x = 55.000000, y = 87.000000
avance = -225.000000, avanceR = 2.000000, avanceI = 2.000000
inc_x_r = 0.000000, inc_y_r = 1.000000, inc_x_i = 1.000000, inc_y_i = 1.000000
En el else......

----------------------------------------
x = 55.000000, y = 88.000000
avance = -223.000000, avanceR = 2.000000, avanceI = 2.000000
inc_x_r = 0.000000, inc_y_r = 1.000000, inc_x_i = 1.000000, inc_y_i = 1.000000
En el else......

----------------------------------------
x = 55.000000, y = 89.000000
avance = -221.000000, avanceR = 2.000000, avanceI = 2.000000
inc_x_r = 0.000000, inc_y_r = 1.000000, inc_x_i = 1.000000, inc_y_i = 1.000000
En el else......

----------------------------------------
x = 55.000000, y = 90.000000
avance = -219.000000, avanceR = 2.000000, avanceI = 2.000000
inc_x_r = 0.000000, inc_y_r = 1.000000, inc_x_i = 1.000000, inc_y_i = 1.000000
En el else......

----------------------------------------
x = 55.000000, y = 91.000000
avance = -217.000000, avanceR = 2.000000, avanceI = 2.000000
inc_x_r = 0.000000, inc_y_r = 1.000000, inc_x_i = 1.000000, inc_y_i = 1.000000
En el else......

----------------------------------------
x = 55.000000, y = 92.000000
avance = -215.000000, avanceR = 2.000000, avanceI = 2.000000
inc_x_r = 0.000000, inc_y_r = 1.000000, inc_x_i = 1.000000, inc_y_i = 1.000000
En el else......

----------------------------------------
x = 55.000000, y = 93.000000
avance = -213.000000, avanceR = 2.000000, avanceI = 2.000000
inc_x_r = 0.000000, inc_y_r = 1.000000, inc_x_i = 1.000000, inc_y_i = 1.000000
En el else......

----------------------------------------
x = 55.000000, y = 94.000000
avance = -211.000000, avanceR = 2.000000, avanceI = 2.000000
inc_x_r = 0.000000, inc_y_r = 1.000000, inc_x_i = 1.000000, inc_y_i = 1.000000
En el else......

----------------------------------------
x = 55.000000, y = 95.000000
avance = -209.000000, avanceR = 2.000000, avanceI = 2.000000
inc_x_r = 0.000000, inc_y_r = 1.000000, inc_x_i = 1.000000, inc_y_i = 1.000000
En el else......

----------------------------------------
x = 55.000000, y = 96.000000
avance = -207.000000, avanceR = 2.000000, avanceI = 2.000000
inc_x_r = 0.000000, inc_y_r = 1.000000, inc_x_i = 1.000000, inc_y_i = 1.000000
En el else......

----------------------------------------
x = 55.000000, y = 97.000000
avance = -205.000000, avanceR = 2.000000, avanceI = 2.000000
inc_x_r = 0.000000, inc_y_r = 1.000000, inc_x_i = 1.000000, inc_y_i = 1.000000
En el else......

----------------------------------------
x = 55.000000, y = 98.000000
avance = -203.000000, avanceR = 2.000000, avanceI = 2.000000
inc_x_r = 0.000000, inc_y_r = 1.000000, inc_x_i = 1.000000, inc_y_i = 1.000000
En el else......

----------------------------------------
x = 55.000000, y = 99.000000
avance = -201.000000, avanceR = 2.000000, avanceI = 2.000000
inc_x_r = 0.000000, inc_y_r = 1.000000, inc_x_i = 1.000000, inc_y_i = 1.000000
En el else......

----------------------------------------
x = 55.000000, y = 100.000000
avance = -199.000000, avanceR = 2.000000, avanceI = 2.000000
inc_x_r = 0.000000, inc_y_r = 1.000000, inc_x_i = 1.000000, inc_y_i = 1.000000
En el else......

----------------------------------------
x = 55.000000, y = 101.000000
avance = -197.000000, avanceR = 2.000000, avanceI = 2.000000
inc_x_r = 0.000000, inc_y_r = 1.000000, inc_x_i = 1.000000, inc_y_i = 1.000000
En el else......

----------------------------------------
x = 55.000000, y = 102.000000
avance = -195.000000, avanceR = 2.000000, avanceI = 2.000000
inc_x_r = 0.000000, inc_y_r = 1.000000, inc_x_i = 1.000000, inc_y_i = 1.000000
En el else......

----------------------------------------
x = 55.000000, y = 103.000000
avance = -193.000000, avanceR = 2.000000, avanceI = 2.000000
inc_x_r = 0.000000, inc_y_r = 1.000000, inc_x_i = 1.000000, inc_y_i = 1.000000
En el else......

----------------------------------------
x = 55.000000, y = 104.000000
avance = -191.000000, avanceR = 2.000000, avanceI = 2.000000
inc_x_r = 0.000000, inc_y_r = 1.000000, inc_x_i = 1.000000, inc_y_i = 1.000000
En el else......

----------------------------------------
x = 55.000000, y = 105.000000
avance = -189.000000, avanceR = 2.000000, avanceI = 2.000000
inc_x_r = 0.000000, inc_y_r = 1.000000, inc_x_i = 1.000000, inc_y_i = 1.000000
En el else......

----------------------------------------
x = 55.000000, y = 106.000000
avance = -187.000000, avanceR = 2.000000, avanceI = 2.000000
inc_x_r = 0.000000, inc_y_r = 1.000000, inc_x_i = 1.000000, inc_y_i = 1.000000
En el else......

----------------------------------------
x = 55.000000, y = 107.000000
avance = -185.000000, avanceR = 2.000000, avanceI = 2.000000
inc_x_r = 0.000000, inc_y_r = 1.000000, inc_x_i = 1.000000, inc_y_i = 1.000000
En el else......

----------------------------------------
x = 55.000000, y = 108.000000
avance = -183.000000, avanceR = 2.000000, avanceI = 2.000000
inc_x_r = 0.000000, inc_y_r = 1.000000, inc_x_i = 1.000000, inc_y_i = 1.000000
En el else......

----------------------------------------
x = 55.000000, y = 109.000000
avance = -181.000000, avanceR = 2.000000, avanceI = 2.000000
inc_x_r = 0.000000, inc_y_r = 1.000000, inc_x_i = 1.000000, inc_y_i = 1.000000
En el else......

----------------------------------------
x = 55.000000, y = 110.000000
avance = -179.000000, avanceR = 2.000000, avanceI = 2.000000
inc_x_r = 0.000000, inc_y_r = 1.000000, inc_x_i = 1.000000, inc_y_i = 1.000000
En el else......

----------------------------------------
x = 55.000000, y = 111.000000
avance = -177.000000, avanceR = 2.000000, avanceI = 2.000000
inc_x_r = 0.000000, inc_y_r = 1.000000, inc_x_i = 1.000000, inc_y_i = 1.000000
En el else......

----------------------------------------
x = 55.000000, y = 112.000000
avance = -175.000000, avanceR = 2.000000, avanceI = 2.000000
inc_x_r = 0.000000, inc_y_r = 1.000000, inc_x_i = 1.000000, inc_y_i = 1.000000
En el else......

----------------------------------------
x = 55.000000, y = 113.000000
avance = -173.000000, avanceR = 2.000000, avanceI = 2.000000
inc_x_r = 0.000000, inc_y_r = 1.000000, inc_x_i = 1.000000, inc_y_i = 1.000000
En el else......

----------------------------------------
x = 55.000000, y = 114.000000
avance = -171.000000, avanceR = 2.000000, avanceI = 2.000000
inc_x_r = 0.000000, inc_y_r = 1.000000, inc_x_i = 1.000000, inc_y_i = 1.000000
En el else......

----------------------------------------
x = 55.000000, y = 115.000000
avance = -169.000000, avanceR = 2.000000, avanceI = 2.000000
inc_x_r = 0.000000, inc_y_r = 1.000000, inc_x_i = 1.000000, inc_y_i = 1.000000
En el else......

----------------------------------------
x = 55.000000, y = 116.000000
avance = -167.000000, avanceR = 2.000000, avanceI = 2.000000
inc_x_r = 0.000000, inc_y_r = 1.000000, inc_x_i = 1.000000, inc_y_i = 1.000000
En el else......

----------------------------------------
x = 55.000000, y = 117.000000
avance = -165.000000, avanceR = 2.000000, avanceI = 2.000000
inc_x_r = 0.000000, inc_y_r = 1.000000, inc_x_i = 1.000000, inc_y_i = 1.000000
En el else......

----------------------------------------
x = 55.000000, y = 118.000000
avance = -163.000000, avanceR = 2.000000, avanceI = 2.000000
inc_x_r = 0.000000, inc_y_r = 1.000000, inc_x_i = 1.000000, inc_y_i = 1.000000
En el else......

----------------------------------------
x = 55.000000, y = 119.000000
avance = -161.000000, avanceR = 2.000000, avanceI = 2.000000
inc_x_r = 0.000000, inc_y_r = 1.000000, inc_x_i = 1.000000, inc_y_i = 1.000000
En el else......

----------------------------------------
x = 55.000000, y = 120.000000
avance = -159.000000, avanceR = 2.000000, avanceI = 2.000000
inc_x_r = 0.000000, inc_y_r = 1.000000, inc_x_i = 1.000000, inc_y_i = 1.000000
En el else......

----------------------------------------
x = 55.000000, y = 121.000000
avance = -157.000000, avanceR = 2.000000, avanceI = 2.000000
inc_x_r = 0.000000, inc_y_r = 1.000000, inc_x_i = 1.000000, inc_y_i = 1.000000
En el else......

----------------------------------------
x = 55.000000, y = 122.000000
avance = -155.000000, avanceR = 2.000000, avanceI = 2.000000
inc_x_r = 0.000000, inc_y_r = 1.000000, inc_x_i = 1.000000, inc_y_i = 1.000000
En el else......

----------------------------------------
x = 55.000000, y = 123.000000
avance = -153.000000, avanceR = 2.000000, avanceI = 2.000000
inc_x_r = 0.000000, inc_y_r = 1.000000, inc_x_i = 1.000000, inc_y_i = 1.000000
En el else......

----------------------------------------
x = 55.000000, y = 124.000000
avance = -151.000000, avanceR = 2.000000, avanceI = 2.000000
inc_x_r = 0.000000, inc_y_r = 1.000000, inc_x_i = 1.000000, inc_y_i = 1.000000
En el else......

----------------------------------------
x = 55.000000, y = 125.000000
avance = -149.000000, avanceR = 2.000000, avanceI = 2.000000
inc_x_r = 0.000000, inc_y_r = 1.000000, inc_x_i = 1.000000, inc_y_i = 1.000000
En el else......

----------------------------------------
x = 55.000000, y = 126.000000
avance = -147.000000, avanceR = 2.000000, avanceI = 2.000000
inc_x_r = 0.000000, inc_y_r = 1.000000, inc_x_i = 1.000000, inc_y_i = 1.000000
En el else......

----------------------------------------
x = 55.000000, y = 127.000000
avance = -145.000000, avanceR = 2.000000, avanceI = 2.000000
inc_x_r = 0.000000, inc_y_r = 1.000000, inc_x_i = 1.000000, inc_y_i = 1.000000
En el else......

----------------------------------------
x = 55.000000, y = 128.000000
avance = -143.000000, avanceR = 2.000000, avanceI = 2.000000
inc_x_r = 0.000000, inc_y_r = 1.000000, inc_x_i = 1.000000, inc_y_i = 1.000000
En el else......

----------------------------------------
x = 55.000000, y = 129.000000
avance = -141.000000, avanceR = 2.000000, avanceI = 2.000000
inc_x_r = 0.000000, inc_y_r = 1.000000, inc_x_i = 1.000000, inc_y_i = 1.000000
En el else......

----------------------------------------
x = 55.000000, y = 130.000000
avance = -139.000000, avanceR = 2.000000, avanceI = 2.000000
inc_x_r = 0.000000, inc_y_r = 1.000000, inc_x_i = 1.000000, inc_y_i = 1.000000
En el else......

----------------------------------------
x = 55.000000, y = 131.000000
avance = -137.000000, avanceR = 2.000000, avanceI = 2.000000
inc_x_r = 0.000000, inc_y_r = 1.000000, inc_x_i = 1.000000, inc_y_i = 1.000000
En el else......

----------------------------------------
x = 55.000000, y = 132.000000
avance = -135.000000, avanceR = 2.000000, avanceI = 2.000000
inc_x_r = 0.000000, inc_y_r = 1.000000, inc_x_i = 1.000000, inc_y_i = 1.000000
En el else......

----------------------------------------
x = 55.000000, y = 133.000000
avance = -133.000000, avanceR = 2.000000, avanceI = 2.000000
inc_x_r = 0.000000, inc_y_r = 1.000000, inc_x_i = 1.000000, inc_y_i = 1.000000
En el else......

----------------------------------------
x = 55.000000, y = 134.000000
avance = -131.000000, avanceR = 2.000000, avanceI = 2.000000
inc_x_r = 0.000000, inc_y_r = 1.000000, inc_x_i = 1.000000, inc_y_i = 1.000000
En el else......

----------------------------------------
x = 55.000000, y = 135.000000
avance = -129.000000, avanceR = 2.000000, avanceI = 2.000000
inc_x_r = 0.000000, inc_y_r = 1.000000, inc_x_i = 1.000000, inc_y_i = 1.000000
En el else......

----------------------------------------
x = 55.000000, y = 136.000000
avance = -127.000000, avanceR = 2.000000, avanceI = 2.000000
inc_x_r = 0.000000, inc_y_r = 1.000000, inc_x_i = 1.000000, inc_y_i = 1.000000
En el else......

----------------------------------------
x = 55.000000, y = 137.000000
avance = -125.000000, avanceR = 2.000000, avanceI = 2.000000
inc_x_r = 0.000000, inc_y_r = 1.000000, inc_x_i = 1.000000, inc_y_i = 1.000000
En el else......

----------------------------------------
x = 55.000000, y = 138.000000
avance = -123.000000, avanceR = 2.000000, avanceI = 2.000000
inc_x_r = 0.000000, inc_y_r = 1.000000, inc_x_i = 1.000000, inc_y_i = 1.000000
En el else......

----------------------------------------
x = 55.000000, y = 139.000000
avance = -121.000000, avanceR = 2.000000, avanceI = 2.000000
inc_x_r = 0.000000, inc_y_r = 1.000000, inc_x_i = 1.000000, inc_y_i = 1.000000
En el else......

----------------------------------------
x = 55.000000, y = 140.000000
avance = -119.000000, avanceR = 2.000000, avanceI = 2.000000
inc_x_r = 0.000000, inc_y_r = 1.000000, inc_x_i = 1.000000, inc_y_i = 1.000000
En el else......

----------------------------------------
x = 55.000000, y = 141.000000
avance = -117.000000, avanceR = 2.000000, avanceI = 2.000000
inc_x_r = 0.000000, inc_y_r = 1.000000, inc_x_i = 1.000000, inc_y_i = 1.000000
En el else......

----------------------------------------
x = 55.000000, y = 142.000000
avance = -115.000000, avanceR = 2.000000, avanceI = 2.000000
inc_x_r = 0.000000, inc_y_r = 1.000000, inc_x_i = 1.000000, inc_y_i = 1.000000
En el else......

----------------------------------------
x = 55.000000, y = 143.000000
avance = -113.000000, avanceR = 2.000000, avanceI = 2.000000
inc_x_r = 0.000000, inc_y_r = 1.000000, inc_x_i = 1.000000, inc_y_i = 1.000000
En el else......

----------------------------------------
x = 55.000000, y = 144.000000
avance = -111.000000, avanceR = 2.000000, avanceI = 2.000000
inc_x_r = 0.000000, inc_y_r = 1.000000, inc_x_i = 1.000000, inc_y_i = 1.000000
En el else......

----------------------------------------
x = 55.000000, y = 145.000000
avance = -109.000000, avanceR = 2.000000, avanceI = 2.000000
inc_x_r = 0.000000, inc_y_r = 1.000000, inc_x_i = 1.000000, inc_y_i = 1.000000
En el else......

----------------------------------------
x = 55.000000, y = 146.000000
avance = -107.000000, avanceR = 2.000000, avanceI = 2.000000
inc_x_r = 0.000000, inc_y_r = 1.000000, inc_x_i = 1.000000, inc_y_i = 1.000000
En el else......

----------------------------------------
x = 55.000000, y = 147.000000
avance = -105.000000, avanceR = 2.000000, avanceI = 2.000000
inc_x_r = 0.000000, inc_y_r = 1.000000, inc_x_i = 1.000000, inc_y_i = 1.000000
En el else......

----------------------------------------
x = 55.000000, y = 148.000000
avance = -103.000000, avanceR = 2.000000, avanceI = 2.000000
inc_x_r = 0.000000, inc_y_r = 1.000000, inc_x_i = 1.000000, inc_y_i = 1.000000
En el else......

----------------------------------------
x = 55.000000, y = 149.000000
avance = -101.000000, avanceR = 2.000000, avanceI = 2.000000
inc_x_r = 0.000000, inc_y_r = 1.000000, inc_x_i = 1.000000, inc_y_i = 1.000000
En el else......

----------------------------------------
x = 55.000000, y = 150.000000
avance = -99.000000, avanceR = 2.000000, avanceI = 2.000000
inc_x_r = 0.000000, inc_y_r = 1.000000, inc_x_i = 1.000000, inc_y_i = 1.000000
En el else......

----------------------------------------
x = 55.000000, y = 151.000000
avance = -97.000000, avanceR = 2.000000, avanceI = 2.000000
inc_x_r = 0.000000, inc_y_r = 1.000000, inc_x_i = 1.000000, inc_y_i = 1.000000
En el else......

----------------------------------------
x = 55.000000, y = 152.000000
avance = -95.000000, avanceR = 2.000000, avanceI = 2.000000
inc_x_r = 0.000000, inc_y_r = 1.000000, inc_x_i = 1.000000, inc_y_i = 1.000000
En el else......

----------------------------------------
x = 55.000000, y = 153.000000
avance = -93.000000, avanceR = 2.000000, avanceI = 2.000000
inc_x_r = 0.000000, inc_y_r = 1.000000, inc_x_i = 1.000000, inc_y_i = 1.000000
En el else......

----------------------------------------
x = 55.000000, y = 154.000000
avance = -91.000000, avanceR = 2.000000, avanceI = 2.000000
inc_x_r = 0.000000, inc_y_r = 1.000000, inc_x_i = 1.000000, inc_y_i = 1.000000
En el else......

----------------------------------------
x = 55.000000, y = 155.000000
avance = -89.000000, avanceR = 2.000000, avanceI = 2.000000
inc_x_r = 0.000000, inc_y_r = 1.000000, inc_x_i = 1.000000, inc_y_i = 1.000000
En el else......

----------------------------------------
x = 55.000000, y = 156.000000
avance = -87.000000, avanceR = 2.000000, avanceI = 2.000000
inc_x_r = 0.000000, inc_y_r = 1.000000, inc_x_i = 1.000000, inc_y_i = 1.000000
En el else......

----------------------------------------
x = 55.000000, y = 157.000000
avance = -85.000000, avanceR = 2.000000, avanceI = 2.000000
inc_x_r = 0.000000, inc_y_r = 1.000000, inc_x_i = 1.000000, inc_y_i = 1.000000
En el else......

----------------------------------------
x = 55.000000, y = 158.000000
avance = -83.000000, avanceR = 2.000000, avanceI = 2.000000
inc_x_r = 0.000000, inc_y_r = 1.000000, inc_x_i = 1.000000, inc_y_i = 1.000000
En el else......

----------------------------------------
x = 55.000000, y = 159.000000
avance = -81.000000, avanceR = 2.000000, avanceI = 2.000000
inc_x_r = 0.000000, inc_y_r = 1.000000, inc_x_i = 1.000000, inc_y_i = 1.000000
En el else......

----------------------------------------
x = 55.000000, y = 160.000000
avance = -79.000000, avanceR = 2.000000, avanceI = 2.000000
inc_x_r = 0.000000, inc_y_r = 1.000000, inc_x_i = 1.000000, inc_y_i = 1.000000
En el else......

----------------------------------------
x = 55.000000, y = 161.000000
avance = -77.000000, avanceR = 2.000000, avanceI = 2.000000
inc_x_r = 0.000000, inc_y_r = 1.000000, inc_x_i = 1.000000, inc_y_i = 1.000000
En el else......

----------------------------------------
x = 55.000000, y = 162.000000
avance = -75.000000, avanceR = 2.000000, avanceI = 2.000000
inc_x_r = 0.000000, inc_y_r = 1.000000, inc_x_i = 1.000000, inc_y_i = 1.000000
En el else......

----------------------------------------
x = 55.000000, y = 163.000000
avance = -73.000000, avanceR = 2.000000, avanceI = 2.000000
inc_x_r = 0.000000, inc_y_r = 1.000000, inc_x_i = 1.000000, inc_y_i = 1.000000
En el else......

----------------------------------------
x = 55.000000, y = 164.000000
avance = -71.000000, avanceR = 2.000000, avanceI = 2.000000
inc_x_r = 0.000000, inc_y_r = 1.000000, inc_x_i = 1.000000, inc_y_i = 1.000000
En el else......

----------------------------------------
x = 55.000000, y = 165.000000
avance = -69.000000, avanceR = 2.000000, avanceI = 2.000000
inc_x_r = 0.000000, inc_y_r = 1.000000, inc_x_i = 1.000000, inc_y_i = 1.000000
En el else......

----------------------------------------
x = 55.000000, y = 166.000000
avance = -67.000000, avanceR = 2.000000, avanceI = 2.000000
inc_x_r = 0.000000, inc_y_r = 1.000000, inc_x_i = 1.000000, inc_y_i = 1.000000
En el else......

----------------------------------------
x = 55.000000, y = 167.000000
avance = -65.000000, avanceR = 2.000000, avanceI = 2.000000
inc_x_r = 0.000000, inc_y_r = 1.000000, inc_x_i = 1.000000, inc_y_i = 1.000000
En el else......

----------------------------------------
x = 55.000000, y = 168.000000
avance = -63.000000, avanceR = 2.000000, avanceI = 2.000000
inc_x_r = 0.000000, inc_y_r = 1.000000, inc_x_i = 1.000000, inc_y_i = 1.000000
En el else......

----------------------------------------
x = 55.000000, y = 169.000000
avance = -61.000000, avanceR = 2.000000, avanceI = 2.000000
inc_x_r = 0.000000, inc_y_r = 1.000000, inc_x_i = 1.000000, inc_y_i = 1.000000
En el else......

----------------------------------------
x = 55.000000, y = 170.000000
avance = -59.000000, avanceR = 2.000000, avanceI = 2.000000
inc_x_r = 0.000000, inc_y_r = 1.000000, inc_x_i = 1.000000, inc_y_i = 1.000000
En el else......

----------------------------------------
x = 55.000000, y = 171.000000
avance = -57.000000, avanceR = 2.000000, avanceI = 2.000000
inc_x_r = 0.000000, inc_y_r = 1.000000, inc_x_i = 1.000000, inc_y_i = 1.000000
En el else......

----------------------------------------
x = 55.000000, y = 172.000000
avance = -55.000000, avanceR = 2.000000, avanceI = 2.000000
inc_x_r = 0.000000, inc_y_r = 1.000000, inc_x_i = 1.000000, inc_y_i = 1.000000
En el else......

----------------------------------------
x = 55.000000, y = 173.000000
avance = -53.000000, avanceR = 2.000000, avanceI = 2.000000
inc_x_r = 0.000000, inc_y_r = 1.000000, inc_x_i = 1.000000, inc_y_i = 1.000000
En el else......

----------------------------------------
x = 55.000000, y = 174.000000
avance = -51.000000, avanceR = 2.000000, avanceI = 2.000000
inc_x_r = 0.000000, inc_y_r = 1.000000, inc_x_i = 1.000000, inc_y_i = 1.000000
En el else......

----------------------------------------
x = 55.000000, y = 175.000000
avance = -49.000000, avanceR = 2.000000, avanceI = 2.000000
inc_x_r = 0.000000, inc_y_r = 1.000000, inc_x_i = 1.000000, inc_y_i = 1.000000
En el else......

----------------------------------------
x = 55.000000, y = 176.000000
avance = -47.000000, avanceR = 2.000000, avanceI = 2.000000
inc_x_r = 0.000000, inc_y_r = 1.000000, inc_x_i = 1.000000, inc_y_i = 1.000000
En el else......

----------------------------------------
x = 55.000000, y = 177.000000
avance = -45.000000, avanceR = 2.000000, avanceI = 2.000000
inc_x_r = 0.000000, inc_y_r = 1.000000, inc_x_i = 1.000000, inc_y_i = 1.000000
En el else......

----------------------------------------
x = 55.000000, y = 178.000000
avance = -43.000000, avanceR = 2.000000, avanceI = 2.000000
inc_x_r = 0.000000, inc_y_r = 1.000000, inc_x_i = 1.000000, inc_y_i = 1.000000
En el else......

----------------------------------------
x = 55.000000, y = 179.000000
avance = -41.000000, avanceR = 2.000000, avanceI = 2.000000
inc_x_r = 0.000000, inc_y_r = 1.000000, inc_x_i = 1.000000, inc_y_i = 1.000000
En el else......

----------------------------------------
x = 55.000000, y = 180.000000
avance = -39.000000, avanceR = 2.000000, avanceI = 2.000000
inc_x_r = 0.000000, inc_y_r = 1.000000, inc_x_i = 1.000000, inc_y_i = 1.000000
En el else......

----------------------------------------
x = 55.000000, y = 181.000000
avance = -37.000000, avanceR = 2.000000, avanceI = 2.000000
inc_x_r = 0.000000, inc_y_r = 1.000000, inc_x_i = 1.000000, inc_y_i = 1.000000
En el else......

----------------------------------------
x = 55.000000, y = 182.000000
avance = -35.000000, avanceR = 2.000000, avanceI = 2.000000
inc_x_r = 0.000000, inc_y_r = 1.000000, inc_x_i = 1.000000, inc_y_i = 1.000000
En el else......

----------------------------------------
x = 55.000000, y = 183.000000
avance = -33.000000, avanceR = 2.000000, avanceI = 2.000000
inc_x_r = 0.000000, inc_y_r = 1.000000, inc_x_i = 1.000000, inc_y_i = 1.000000
En el else......

----------------------------------------
x = 55.000000, y = 184.000000
avance = -31.000000, avanceR = 2.000000, avanceI = 2.000000
inc_x_r = 0.000000, inc_y_r = 1.000000, inc_x_i = 1.000000, inc_y_i = 1.000000
En el else......

----------------------------------------
x = 55.000000, y = 185.000000
avance = -29.000000, avanceR = 2.000000, avanceI = 2.000000
inc_x_r = 0.000000, inc_y_r = 1.000000, inc_x_i = 1.000000, inc_y_i = 1.000000
En el else......

----------------------------------------
x = 55.000000, y = 186.000000
avance = -27.000000, avanceR = 2.000000, avanceI = 2.000000
inc_x_r = 0.000000, inc_y_r = 1.000000, inc_x_i = 1.000000, inc_y_i = 1.000000
En el else......

----------------------------------------
x = 55.000000, y = 187.000000
avance = -25.000000, avanceR = 2.000000, avanceI = 2.000000
inc_x_r = 0.000000, inc_y_r = 1.000000, inc_x_i = 1.000000, inc_y_i = 1.000000
En el else......

----------------------------------------
x = 55.000000, y = 188.000000
avance = -23.000000, avanceR = 2.000000, avanceI = 2.000000
inc_x_r = 0.000000, inc_y_r = 1.000000, inc_x_i = 1.000000, inc_y_i = 1.000000
En el else......

----------------------------------------
x = 55.000000, y = 189.000000
avance = -21.000000, avanceR = 2.000000, avanceI = 2.000000
inc_x_r = 0.000000, inc_y_r = 1.000000, inc_x_i = 1.000000, inc_y_i = 1.000000
En el else......

----------------------------------------
x = 55.000000, y = 190.000000
avance = -19.000000, avanceR = 2.000000, avanceI = 2.000000
inc_x_r = 0.000000, inc_y_r = 1.000000, inc_x_i = 1.000000, inc_y_i = 1.000000
En el else......

----------------------------------------
x = 55.000000, y = 191.000000
avance = -17.000000, avanceR = 2.000000, avanceI = 2.000000
inc_x_r = 0.000000, inc_y_r = 1.000000, inc_x_i = 1.000000, inc_y_i = 1.000000
En el else......

----------------------------------------
x = 55.000000, y = 192.000000
avance = -15.000000, avanceR = 2.000000, avanceI = 2.000000
inc_x_r = 0.000000, inc_y_r = 1.000000, inc_x_i = 1.000000, inc_y_i = 1.000000
En el else......

----------------------------------------
x = 55.000000, y = 193.000000
avance = -13.000000, avanceR = 2.000000, avanceI = 2.000000
inc_x_r = 0.000000, inc_y_r = 1.000000, inc_x_i = 1.000000, inc_y_i = 1.000000
En el else......

----------------------------------------
x = 55.000000, y = 194.000000
avance = -11.000000, avanceR = 2.000000, avanceI = 2.000000
inc_x_r = 0.000000, inc_y_r = 1.000000, inc_x_i = 1.000000, inc_y_i = 1.000000
En el else......

----------------------------------------
x = 55.000000, y = 195.000000
avance = -9.000000, avanceR = 2.000000, avanceI = 2.000000
inc_x_r = 0.000000, inc_y_r = 1.000000, inc_x_i = 1.000000, inc_y_i = 1.000000
En el else......

----------------------------------------
x = 55.000000, y = 196.000000
avance = -7.000000, avanceR = 2.000000, avanceI = 2.000000
inc_x_r = 0.000000, inc_y_r = 1.000000, inc_x_i = 1.000000, inc_y_i = 1.000000
En el else......

----------------------------------------
x = 55.000000, y = 197.000000
avance = -5.000000, avanceR = 2.000000, avanceI = 2.000000
inc_x_r = 0.000000, inc_y_r = 1.000000, inc_x_i = 1.000000, inc_y_i = 1.000000
En el else......

----------------------------------------
x = 55.000000, y = 198.000000
avance = -3.000000, avanceR = 2.000000, avanceI = 2.000000
inc_x_r = 0.000000, inc_y_r = 1.000000, inc_x_i = 1.000000, inc_y_i = 1.000000
En el else......

----------------------------------------
x = 55.000000, y = 199.000000
avance = -1.000000, avanceR = 2.000000, avanceI = 2.000000
inc_x_r = 0.000000, inc_y_r = 1.000000, inc_x_i = 1.000000, inc_y_i = 1.000000
En el else......

----------------------------------------
x = 55.000000, y = 200.000000
avance = 1.000000, avanceR = 2.000000, avanceI = 2.000000
inc_x_r = 0.000000, inc_y_r = 1.000000, inc_x_i = 1.000000, inc_y_i = 1.000000
avance >= 0

----------------------------------------
x = 56.000000, y = 201.000000
avance = -499.000000, avanceR = 2.000000, avanceI = 2.000000
inc_x_r = 0.000000, inc_y_r = 1.000000, inc_x_i = 1.000000, inc_y_i = 1.000000
En el else......

----------------------------------------
x = 56.000000, y = 202.000000
avance = -497.000000, avanceR = 2.000000, avanceI = 2.000000
inc_x_r = 0.000000, inc_y_r = 1.000000, inc_x_i = 1.000000, inc_y_i = 1.000000
En el else......

----------------------------------------
x = 56.000000, y = 203.000000
avance = -495.000000, avanceR = 2.000000, avanceI = 2.000000
inc_x_r = 0.000000, inc_y_r = 1.000000, inc_x_i = 1.000000, inc_y_i = 1.000000
En el else......

----------------------------------------
x = 56.000000, y = 204.000000
avance = -493.000000, avanceR = 2.000000, avanceI = 2.000000
inc_x_r = 0.000000, inc_y_r = 1.000000, inc_x_i = 1.000000, inc_y_i = 1.000000
En el else......

----------------------------------------
x = 56.000000, y = 205.000000
avance = -491.000000, avanceR = 2.000000, avanceI = 2.000000
inc_x_r = 0.000000, inc_y_r = 1.000000, inc_x_i = 1.000000, inc_y_i = 1.000000
En el else......

----------------------------------------
x = 56.000000, y = 206.000000
avance = -489.000000, avanceR = 2.000000, avanceI = 2.000000
inc_x_r = 0.000000, inc_y_r = 1.000000, inc_x_i = 1.000000, inc_y_i = 1.000000
En el else......

----------------------------------------
x = 56.000000, y = 207.000000
avance = -487.000000, avanceR = 2.000000, avanceI = 2.000000
inc_x_r = 0.000000, inc_y_r = 1.000000, inc_x_i = 1.000000, inc_y_i = 1.000000
En el else......

----------------------------------------
x = 56.000000, y = 208.000000
avance = -485.000000, avanceR = 2.000000, avanceI = 2.000000
inc_x_r = 0.000000, inc_y_r = 1.000000, inc_x_i = 1.000000, inc_y_i = 1.000000
En el else......

----------------------------------------
x = 56.000000, y = 209.000000
avance = -483.000000, avanceR = 2.000000, avanceI = 2.000000
inc_x_r = 0.000000, inc_y_r = 1.000000, inc_x_i = 1.000000, inc_y_i = 1.000000
En el else......

----------------------------------------
x = 56.000000, y = 210.000000
avance = -481.000000, avanceR = 2.000000, avanceI = 2.000000
inc_x_r = 0.000000, inc_y_r = 1.000000, inc_x_i = 1.000000, inc_y_i = 1.000000
En el else......

----------------------------------------
x = 56.000000, y = 211.000000
avance = -479.000000, avanceR = 2.000000, avanceI = 2.000000
inc_x_r = 0.000000, inc_y_r = 1.000000, inc_x_i = 1.000000, inc_y_i = 1.000000
En el else......

----------------------------------------
x = 56.000000, y = 212.000000
avance = -477.000000, avanceR = 2.000000, avanceI = 2.000000
inc_x_r = 0.000000, inc_y_r = 1.000000, inc_x_i = 1.000000, inc_y_i = 1.000000
En el else......

----------------------------------------
x = 56.000000, y = 213.000000
avance = -475.000000, avanceR = 2.000000, avanceI = 2.000000
inc_x_r = 0.000000, inc_y_r = 1.000000, inc_x_i = 1.000000, inc_y_i = 1.000000
En el else......

----------------------------------------
x = 56.000000, y = 214.000000
avance = -473.000000, avanceR = 2.000000, avanceI = 2.000000
inc_x_r = 0.000000, inc_y_r = 1.000000, inc_x_i = 1.000000, inc_y_i = 1.000000
En el else......

----------------------------------------
x = 56.000000, y = 215.000000
avance = -471.000000, avanceR = 2.000000, avanceI = 2.000000
inc_x_r = 0.000000, inc_y_r = 1.000000, inc_x_i = 1.000000, inc_y_i = 1.000000
En el else......

----------------------------------------
x = 56.000000, y = 216.000000
avance = -469.000000, avanceR = 2.000000, avanceI = 2.000000
inc_x_r = 0.000000, inc_y_r = 1.000000, inc_x_i = 1.000000, inc_y_i = 1.000000
En el else......

----------------------------------------
x = 56.000000, y = 217.000000
avance = -467.000000, avanceR = 2.000000, avanceI = 2.000000
inc_x_r = 0.000000, inc_y_r = 1.000000, inc_x_i = 1.000000, inc_y_i = 1.000000
En el else......

----------------------------------------
x = 56.000000, y = 218.000000
avance = -465.000000, avanceR = 2.000000, avanceI = 2.000000
inc_x_r = 0.000000, inc_y_r = 1.000000, inc_x_i = 1.000000, inc_y_i = 1.000000
En el else......

----------------------------------------
x = 56.000000, y = 219.000000
avance = -463.000000, avanceR = 2.000000, avanceI = 2.000000
inc_x_r = 0.000000, inc_y_r = 1.000000, inc_x_i = 1.000000, inc_y_i = 1.000000
En el else......

----------------------------------------
x = 56.000000, y = 220.000000
avance = -461.000000, avanceR = 2.000000, avanceI = 2.000000
inc_x_r = 0.000000, inc_y_r = 1.000000, inc_x_i = 1.000000, inc_y_i = 1.000000
En el else......

----------------------------------------
x = 56.000000, y = 221.000000
avance = -459.000000, avanceR = 2.000000, avanceI = 2.000000
inc_x_r = 0.000000, inc_y_r = 1.000000, inc_x_i = 1.000000, inc_y_i = 1.000000
En el else......

----------------------------------------
x = 56.000000, y = 222.000000
avance = -457.000000, avanceR = 2.000000, avanceI = 2.000000
inc_x_r = 0.000000, inc_y_r = 1.000000, inc_x_i = 1.000000, inc_y_i = 1.000000
En el else......

----------------------------------------
x = 56.000000, y = 223.000000
avance = -455.000000, avanceR = 2.000000, avanceI = 2.000000
inc_x_r = 0.000000, inc_y_r = 1.000000, inc_x_i = 1.000000, inc_y_i = 1.000000
En el else......

----------------------------------------
x = 56.000000, y = 224.000000
avance = -453.000000, avanceR = 2.000000, avanceI = 2.000000
inc_x_r = 0.000000, inc_y_r = 1.000000, inc_x_i = 1.000000, inc_y_i = 1.000000
En el else......

----------------------------------------
x = 56.000000, y = 225.000000
avance = -451.000000, avanceR = 2.000000, avanceI = 2.000000
inc_x_r = 0.000000, inc_y_r = 1.000000, inc_x_i = 1.000000, inc_y_i = 1.000000
En el else......

----------------------------------------
x = 56.000000, y = 226.000000
avance = -449.000000, avanceR = 2.000000, avanceI = 2.000000
inc_x_r = 0.000000, inc_y_r = 1.000000, inc_x_i = 1.000000, inc_y_i = 1.000000
En el else......

----------------------------------------
x = 56.000000, y = 227.000000
avance = -447.000000, avanceR = 2.000000, avanceI = 2.000000
inc_x_r = 0.000000, inc_y_r = 1.000000, inc_x_i = 1.000000, inc_y_i = 1.000000
En el else......

----------------------------------------
x = 56.000000, y = 228.000000
avance = -445.000000, avanceR = 2.000000, avanceI = 2.000000
inc_x_r = 0.000000, inc_y_r = 1.000000, inc_x_i = 1.000000, inc_y_i = 1.000000
En el else......

----------------------------------------
x = 56.000000, y = 229.000000
avance = -443.000000, avanceR = 2.000000, avanceI = 2.000000
inc_x_r = 0.000000, inc_y_r = 1.000000, inc_x_i = 1.000000, inc_y_i = 1.000000
En el else......

----------------------------------------
x = 56.000000, y = 230.000000
avance = -441.000000, avanceR = 2.000000, avanceI = 2.000000
inc_x_r = 0.000000, inc_y_r = 1.000000, inc_x_i = 1.000000, inc_y_i = 1.000000
En el else......

----------------------------------------
x = 56.000000, y = 231.000000
avance = -439.000000, avanceR = 2.000000, avanceI = 2.000000
inc_x_r = 0.000000, inc_y_r = 1.000000, inc_x_i = 1.000000, inc_y_i = 1.000000
En el else......

----------------------------------------
x = 56.000000, y = 232.000000
avance = -437.000000, avanceR = 2.000000, avanceI = 2.000000
inc_x_r = 0.000000, inc_y_r = 1.000000, inc_x_i = 1.000000, inc_y_i = 1.000000
En el else......

----------------------------------------
x = 56.000000, y = 233.000000
avance = -435.000000, avanceR = 2.000000, avanceI = 2.000000
inc_x_r = 0.000000, inc_y_r = 1.000000, inc_x_i = 1.000000, inc_y_i = 1.000000
En el else......

----------------------------------------
x = 56.000000, y = 234.000000
avance = -433.000000, avanceR = 2.000000, avanceI = 2.000000
inc_x_r = 0.000000, inc_y_r = 1.000000, inc_x_i = 1.000000, inc_y_i = 1.000000
En el else......

----------------------------------------
x = 56.000000, y = 235.000000
avance = -431.000000, avanceR = 2.000000, avanceI = 2.000000
inc_x_r = 0.000000, inc_y_r = 1.000000, inc_x_i = 1.000000, inc_y_i = 1.000000
En el else......

----------------------------------------
x = 56.000000, y = 236.000000
avance = -429.000000, avanceR = 2.000000, avanceI = 2.000000
inc_x_r = 0.000000, inc_y_r = 1.000000, inc_x_i = 1.000000, inc_y_i = 1.000000
En el else......

----------------------------------------
x = 56.000000, y = 237.000000
avance = -427.000000, avanceR = 2.000000, avanceI = 2.000000
inc_x_r = 0.000000, inc_y_r = 1.000000, inc_x_i = 1.000000, inc_y_i = 1.000000
En el else......

----------------------------------------
x = 56.000000, y = 238.000000
avance = -425.000000, avanceR = 2.000000, avanceI = 2.000000
inc_x_r = 0.000000, inc_y_r = 1.000000, inc_x_i = 1.000000, inc_y_i = 1.000000
En el else......

----------------------------------------
x = 56.000000, y = 239.000000
avance = -423.000000, avanceR = 2.000000, avanceI = 2.000000
inc_x_r = 0.000000, inc_y_r = 1.000000, inc_x_i = 1.000000, inc_y_i = 1.000000
En el else......

----------------------------------------
x = 56.000000, y = 240.000000
avance = -421.000000, avanceR = 2.000000, avanceI = 2.000000
inc_x_r = 0.000000, inc_y_r = 1.000000, inc_x_i = 1.000000, inc_y_i = 1.000000
En el else......

----------------------------------------
x = 56.000000, y = 241.000000
avance = -419.000000, avanceR = 2.000000, avanceI = 2.000000
inc_x_r = 0.000000, inc_y_r = 1.000000, inc_x_i = 1.000000, inc_y_i = 1.000000
En el else......

----------------------------------------
x = 56.000000, y = 242.000000
avance = -417.000000, avanceR = 2.000000, avanceI = 2.000000
inc_x_r = 0.000000, inc_y_r = 1.000000, inc_x_i = 1.000000, inc_y_i = 1.000000
En el else......

----------------------------------------
x = 56.000000, y = 243.000000
avance = -415.000000, avanceR = 2.000000, avanceI = 2.000000
inc_x_r = 0.000000, inc_y_r = 1.000000, inc_x_i = 1.000000, inc_y_i = 1.000000
En el else......

----------------------------------------
x = 56.000000, y = 244.000000
avance = -413.000000, avanceR = 2.000000, avanceI = 2.000000
inc_x_r = 0.000000, inc_y_r = 1.000000, inc_x_i = 1.000000, inc_y_i = 1.000000
En el else......

----------------------------------------
x = 56.000000, y = 245.000000
avance = -411.000000, avanceR = 2.000000, avanceI = 2.000000
inc_x_r = 0.000000, inc_y_r = 1.000000, inc_x_i = 1.000000, inc_y_i = 1.000000
En el else......

----------------------------------------
x = 56.000000, y = 246.000000
avance = -409.000000, avanceR = 2.000000, avanceI = 2.000000
inc_x_r = 0.000000, inc_y_r = 1.000000, inc_x_i = 1.000000, inc_y_i = 1.000000
En el else......

----------------------------------------
x = 56.000000, y = 247.000000
avance = -407.000000, avanceR = 2.000000, avanceI = 2.000000
inc_x_r = 0.000000, inc_y_r = 1.000000, inc_x_i = 1.000000, inc_y_i = 1.000000
En el else......

----------------------------------------
x = 56.000000, y = 248.000000
avance = -405.000000, avanceR = 2.000000, avanceI = 2.000000
inc_x_r = 0.000000, inc_y_r = 1.000000, inc_x_i = 1.000000, inc_y_i = 1.000000
En el else......

----------------------------------------
x = 56.000000, y = 249.000000
avance = -403.000000, avanceR = 2.000000, avanceI = 2.000000
inc_x_r = 0.000000, inc_y_r = 1.000000, inc_x_i = 1.000000, inc_y_i = 1.000000
En el else......

----------------------------------------
x = 56.000000, y = 250.000000
avance = -401.000000, avanceR = 2.000000, avanceI = 2.000000
inc_x_r = 0.000000, inc_y_r = 1.000000, inc_x_i = 1.000000, inc_y_i = 1.000000
En el else......

----------------------------------------
x = 56.000000, y = 251.000000
avance = -399.000000, avanceR = 2.000000, avanceI = 2.000000
inc_x_r = 0.000000, inc_y_r = 1.000000, inc_x_i = 1.000000, inc_y_i = 1.000000
En el else......

----------------------------------------
x = 56.000000, y = 252.000000
avance = -397.000000, avanceR = 2.000000, avanceI = 2.000000
inc_x_r = 0.000000, inc_y_r = 1.000000, inc_x_i = 1.000000, inc_y_i = 1.000000
En el else......

----------------------------------------
x = 56.000000, y = 253.000000
avance = -395.000000, avanceR = 2.000000, avanceI = 2.000000
inc_x_r = 0.000000, inc_y_r = 1.000000, inc_x_i = 1.000000, inc_y_i = 1.000000
En el else......

----------------------------------------
x = 56.000000, y = 254.000000
avance = -393.000000, avanceR = 2.000000, avanceI = 2.000000
inc_x_r = 0.000000, inc_y_r = 1.000000, inc_x_i = 1.000000, inc_y_i = 1.000000
En el else......

----------------------------------------
x = 56.000000, y = 255.000000
avance = -391.000000, avanceR = 2.000000, avanceI = 2.000000
inc_x_r = 0.000000, inc_y_r = 1.000000, inc_x_i = 1.000000, inc_y_i = 1.000000
En el else......

----------------------------------------
x = 56.000000, y = 256.000000
avance = -389.000000, avanceR = 2.000000, avanceI = 2.000000
inc_x_r = 0.000000, inc_y_r = 1.000000, inc_x_i = 1.000000, inc_y_i = 1.000000
En el else......

----------------------------------------
x = 56.000000, y = 257.000000
avance = -387.000000, avanceR = 2.000000, avanceI = 2.000000
inc_x_r = 0.000000, inc_y_r = 1.000000, inc_x_i = 1.000000, inc_y_i = 1.000000
En el else......

----------------------------------------
x = 56.000000, y = 258.000000
avance = -385.000000, avanceR = 2.000000, avanceI = 2.000000
inc_x_r = 0.000000, inc_y_r = 1.000000, inc_x_i = 1.000000, inc_y_i = 1.000000
En el else......

----------------------------------------
x = 56.000000, y = 259.000000
avance = -383.000000, avanceR = 2.000000, avanceI = 2.000000
inc_x_r = 0.000000, inc_y_r = 1.000000, inc_x_i = 1.000000, inc_y_i = 1.000000
En el else......

----------------------------------------
x = 56.000000, y = 260.000000
avance = -381.000000, avanceR = 2.000000, avanceI = 2.000000
inc_x_r = 0.000000, inc_y_r = 1.000000, inc_x_i = 1.000000, inc_y_i = 1.000000
En el else......

----------------------------------------
x = 56.000000, y = 261.000000
avance = -379.000000, avanceR = 2.000000, avanceI = 2.000000
inc_x_r = 0.000000, inc_y_r = 1.000000, inc_x_i = 1.000000, inc_y_i = 1.000000
En el else......

----------------------------------------
x = 56.000000, y = 262.000000
avance = -377.000000, avanceR = 2.000000, avanceI = 2.000000
inc_x_r = 0.000000, inc_y_r = 1.000000, inc_x_i = 1.000000, inc_y_i = 1.000000
En el else......

----------------------------------------
x = 56.000000, y = 263.000000
avance = -375.000000, avanceR = 2.000000, avanceI = 2.000000
inc_x_r = 0.000000, inc_y_r = 1.000000, inc_x_i = 1.000000, inc_y_i = 1.000000
En el else......

----------------------------------------
x = 56.000000, y = 264.000000
avance = -373.000000, avanceR = 2.000000, avanceI = 2.000000
inc_x_r = 0.000000, inc_y_r = 1.000000, inc_x_i = 1.000000, inc_y_i = 1.000000
En el else......

----------------------------------------
x = 56.000000, y = 265.000000
avance = -371.000000, avanceR = 2.000000, avanceI = 2.000000
inc_x_r = 0.000000, inc_y_r = 1.000000, inc_x_i = 1.000000, inc_y_i = 1.000000
En el else......

----------------------------------------
x = 56.000000, y = 266.000000
avance = -369.000000, avanceR = 2.000000, avanceI = 2.000000
inc_x_r = 0.000000, inc_y_r = 1.000000, inc_x_i = 1.000000, inc_y_i = 1.000000
En el else......

----------------------------------------
x = 56.000000, y = 267.000000
avance = -367.000000, avanceR = 2.000000, avanceI = 2.000000
inc_x_r = 0.000000, inc_y_r = 1.000000, inc_x_i = 1.000000, inc_y_i = 1.000000
En el else......

----------------------------------------
x = 56.000000, y = 268.000000
avance = -365.000000, avanceR = 2.000000, avanceI = 2.000000
inc_x_r = 0.000000, inc_y_r = 1.000000, inc_x_i = 1.000000, inc_y_i = 1.000000
En el else......

----------------------------------------
x = 56.000000, y = 269.000000
avance = -363.000000, avanceR = 2.000000, avanceI = 2.000000
inc_x_r = 0.000000, inc_y_r = 1.000000, inc_x_i = 1.000000, inc_y_i = 1.000000
En el else......

----------------------------------------
x = 56.000000, y = 270.000000
avance = -361.000000, avanceR = 2.000000, avanceI = 2.000000
inc_x_r = 0.000000, inc_y_r = 1.000000, inc_x_i = 1.000000, inc_y_i = 1.000000
En el else......

----------------------------------------
x = 56.000000, y = 271.000000
avance = -359.000000, avanceR = 2.000000, avanceI = 2.000000
inc_x_r = 0.000000, inc_y_r = 1.000000, inc_x_i = 1.000000, inc_y_i = 1.000000
En el else......

----------------------------------------
x = 56.000000, y = 272.000000
avance = -357.000000, avanceR = 2.000000, avanceI = 2.000000
inc_x_r = 0.000000, inc_y_r = 1.000000, inc_x_i = 1.000000, inc_y_i = 1.000000
En el else......

----------------------------------------
x = 56.000000, y = 273.000000
avance = -355.000000, avanceR = 2.000000, avanceI = 2.000000
inc_x_r = 0.000000, inc_y_r = 1.000000, inc_x_i = 1.000000, inc_y_i = 1.000000
En el else......

----------------------------------------
x = 56.000000, y = 274.000000
avance = -353.000000, avanceR = 2.000000, avanceI = 2.000000
inc_x_r = 0.000000, inc_y_r = 1.000000, inc_x_i = 1.000000, inc_y_i = 1.000000
En el else......

----------------------------------------
x = 56.000000, y = 275.000000
avance = -351.000000, avanceR = 2.000000, avanceI = 2.000000
inc_x_r = 0.000000, inc_y_r = 1.000000, inc_x_i = 1.000000, inc_y_i = 1.000000
En el else......

----------------------------------------
x = 56.000000, y = 276.000000
avance = -349.000000, avanceR = 2.000000, avanceI = 2.000000
inc_x_r = 0.000000, inc_y_r = 1.000000, inc_x_i = 1.000000, inc_y_i = 1.000000
En el else......

----------------------------------------
x = 56.000000, y = 277.000000
avance = -347.000000, avanceR = 2.000000, avanceI = 2.000000
inc_x_r = 0.000000, inc_y_r = 1.000000, inc_x_i = 1.000000, inc_y_i = 1.000000
En el else......

----------------------------------------
x = 56.000000, y = 278.000000
avance = -345.000000, avanceR = 2.000000, avanceI = 2.000000
inc_x_r = 0.000000, inc_y_r = 1.000000, inc_x_i = 1.000000, inc_y_i = 1.000000
En el else......

----------------------------------------
x = 56.000000, y = 279.000000
avance = -343.000000, avanceR = 2.000000, avanceI = 2.000000
inc_x_r = 0.000000, inc_y_r = 1.000000, inc_x_i = 1.000000, inc_y_i = 1.000000
En el else......

----------------------------------------
x = 56.000000, y = 280.000000
avance = -341.000000, avanceR = 2.000000, avanceI = 2.000000
inc_x_r = 0.000000, inc_y_r = 1.000000, inc_x_i = 1.000000, inc_y_i = 1.000000
En el else......

----------------------------------------
x = 56.000000, y = 281.000000
avance = -339.000000, avanceR = 2.000000, avanceI = 2.000000
inc_x_r = 0.000000, inc_y_r = 1.000000, inc_x_i = 1.000000, inc_y_i = 1.000000
En el else......

----------------------------------------
x = 56.000000, y = 282.000000
avance = -337.000000, avanceR = 2.000000, avanceI = 2.000000
inc_x_r = 0.000000, inc_y_r = 1.000000, inc_x_i = 1.000000, inc_y_i = 1.000000
En el else......

----------------------------------------
x = 56.000000, y = 283.000000
avance = -335.000000, avanceR = 2.000000, avanceI = 2.000000
inc_x_r = 0.000000, inc_y_r = 1.000000, inc_x_i = 1.000000, inc_y_i = 1.000000
En el else......

----------------------------------------
x = 56.000000, y = 284.000000
avance = -333.000000, avanceR = 2.000000, avanceI = 2.000000
inc_x_r = 0.000000, inc_y_r = 1.000000, inc_x_i = 1.000000, inc_y_i = 1.000000
En el else......

----------------------------------------
x = 56.000000, y = 285.000000
avance = -331.000000, avanceR = 2.000000, avanceI = 2.000000
inc_x_r = 0.000000, inc_y_r = 1.000000, inc_x_i = 1.000000, inc_y_i = 1.000000
En el else......

----------------------------------------
x = 56.000000, y = 286.000000
avance = -329.000000, avanceR = 2.000000, avanceI = 2.000000
inc_x_r = 0.000000, inc_y_r = 1.000000, inc_x_i = 1.000000, inc_y_i = 1.000000
En el else......

----------------------------------------
x = 56.000000, y = 287.000000
avance = -327.000000, avanceR = 2.000000, avanceI = 2.000000
inc_x_r = 0.000000, inc_y_r = 1.000000, inc_x_i = 1.000000, inc_y_i = 1.000000
En el else......

----------------------------------------
x = 56.000000, y = 288.000000
avance = -325.000000, avanceR = 2.000000, avanceI = 2.000000
inc_x_r = 0.000000, inc_y_r = 1.000000, inc_x_i = 1.000000, inc_y_i = 1.000000
En el else......

----------------------------------------
x = 56.000000, y = 289.000000
avance = -323.000000, avanceR = 2.000000, avanceI = 2.000000
inc_x_r = 0.000000, inc_y_r = 1.000000, inc_x_i = 1.000000, inc_y_i = 1.000000
En el else......

----------------------------------------
x = 56.000000, y = 290.000000
avance = -321.000000, avanceR = 2.000000, avanceI = 2.000000
inc_x_r = 0.000000, inc_y_r = 1.000000, inc_x_i = 1.000000, inc_y_i = 1.000000
En el else......

----------------------------------------
x = 56.000000, y = 291.000000
avance = -319.000000, avanceR = 2.000000, avanceI = 2.000000
inc_x_r = 0.000000, inc_y_r = 1.000000, inc_x_i = 1.000000, inc_y_i = 1.000000
En el else......

----------------------------------------
x = 56.000000, y = 292.000000
avance = -317.000000, avanceR = 2.000000, avanceI = 2.000000
inc_x_r = 0.000000, inc_y_r = 1.000000, inc_x_i = 1.000000, inc_y_i = 1.000000
En el else......

----------------------------------------
x = 56.000000, y = 293.000000
avance = -315.000000, avanceR = 2.000000, avanceI = 2.000000
inc_x_r = 0.000000, inc_y_r = 1.000000, inc_x_i = 1.000000, inc_y_i = 1.000000
En el else......

----------------------------------------
x = 56.000000, y = 294.000000
avance = -313.000000, avanceR = 2.000000, avanceI = 2.000000
inc_x_r = 0.000000, inc_y_r = 1.000000, inc_x_i = 1.000000, inc_y_i = 1.000000
En el else......

----------------------------------------
x = 56.000000, y = 295.000000
avance = -311.000000, avanceR = 2.000000, avanceI = 2.000000
inc_x_r = 0.000000, inc_y_r = 1.000000, inc_x_i = 1.000000, inc_y_i = 1.000000
En el else......

----------------------------------------
x = 56.000000, y = 296.000000
avance = -309.000000, avanceR = 2.000000, avanceI = 2.000000
inc_x_r = 0.000000, inc_y_r = 1.000000, inc_x_i = 1.000000, inc_y_i = 1.000000
En el else......

----------------------------------------
x = 56.000000, y = 297.000000
avance = -307.000000, avanceR = 2.000000, avanceI = 2.000000
inc_x_r = 0.000000, inc_y_r = 1.000000, inc_x_i = 1.000000, inc_y_i = 1.000000
En el else......

----------------------------------------
x = 56.000000, y = 298.000000
avance = -305.000000, avanceR = 2.000000, avanceI = 2.000000
inc_x_r = 0.000000, inc_y_r = 1.000000, inc_x_i = 1.000000, inc_y_i = 1.000000
En el else......

----------------------------------------
x = 56.000000, y = 299.000000
avance = -303.000000, avanceR = 2.000000, avanceI = 2.000000
inc_x_r = 0.000000, inc_y_r = 1.000000, inc_x_i = 1.000000, inc_y_i = 1.000000
En el else......

----------------------------------------
x = 56.000000, y = 300.000000
avance = -301.000000, avanceR = 2.000000, avanceI = 2.000000
inc_x_r = 0.000000, inc_y_r = 1.000000, inc_x_i = 1.000000, inc_y_i = 1.000000
En el else......

----------------------------------------
x = 56.000000, y = 301.000000
avance = -299.000000, avanceR = 2.000000, avanceI = 2.000000
inc_x_r = 0.000000, inc_y_r = 1.000000, inc_x_i = 1.000000, inc_y_i = 1.000000
En el else......

----------------------------------------
x = 56.000000, y = 302.000000
avance = -297.000000, avanceR = 2.000000, avanceI = 2.000000
inc_x_r = 0.000000, inc_y_r = 1.000000, inc_x_i = 1.000000, inc_y_i = 1.000000
En el else......

----------------------------------------
x = 56.000000, y = 303.000000
avance = -295.000000, avanceR = 2.000000, avanceI = 2.000000
inc_x_r = 0.000000, inc_y_r = 1.000000, inc_x_i = 1.000000, inc_y_i = 1.000000
En el else......

----------------------------------------
x = 56.000000, y = 304.000000
avance = -293.000000, avanceR = 2.000000, avanceI = 2.000000
inc_x_r = 0.000000, inc_y_r = 1.000000, inc_x_i = 1.000000, inc_y_i = 1.000000
En el else......

----------------------------------------
x = 56.000000, y = 305.000000
avance = -291.000000, avanceR = 2.000000, avanceI = 2.000000
inc_x_r = 0.000000, inc_y_r = 1.000000, inc_x_i = 1.000000, inc_y_i = 1.000000
En el else......

----------------------------------------
x = 56.000000, y = 306.000000
avance = -289.000000, avanceR = 2.000000, avanceI = 2.000000
inc_x_r = 0.000000, inc_y_r = 1.000000, inc_x_i = 1.000000, inc_y_i = 1.000000
En el else......

----------------------------------------
x = 56.000000, y = 307.000000
avance = -287.000000, avanceR = 2.000000, avanceI = 2.000000
inc_x_r = 0.000000, inc_y_r = 1.000000, inc_x_i = 1.000000, inc_y_i = 1.000000
En el else......

----------------------------------------
x = 56.000000, y = 308.000000
avance = -285.000000, avanceR = 2.000000, avanceI = 2.000000
inc_x_r = 0.000000, inc_y_r = 1.000000, inc_x_i = 1.000000, inc_y_i = 1.000000
En el else......

----------------------------------------
x = 56.000000, y = 309.000000
avance = -283.000000, avanceR = 2.000000, avanceI = 2.000000
inc_x_r = 0.000000, inc_y_r = 1.000000, inc_x_i = 1.000000, inc_y_i = 1.000000
En el else......

----------------------------------------
x = 56.000000, y = 310.000000
avance = -281.000000, avanceR = 2.000000, avanceI = 2.000000
inc_x_r = 0.000000, inc_y_r = 1.000000, inc_x_i = 1.000000, inc_y_i = 1.000000
En el else......

----------------------------------------
x = 56.000000, y = 311.000000
avance = -279.000000, avanceR = 2.000000, avanceI = 2.000000
inc_x_r = 0.000000, inc_y_r = 1.000000, inc_x_i = 1.000000, inc_y_i = 1.000000
En el else......

----------------------------------------
x = 56.000000, y = 312.000000
avance = -277.000000, avanceR = 2.000000, avanceI = 2.000000
inc_x_r = 0.000000, inc_y_r = 1.000000, inc_x_i = 1.000000, inc_y_i = 1.000000
En el else......

----------------------------------------
x = 56.000000, y = 313.000000
avance = -275.000000, avanceR = 2.000000, avanceI = 2.000000
inc_x_r = 0.000000, inc_y_r = 1.000000, inc_x_i = 1.000000, inc_y_i = 1.000000
En el else......

----------------------------------------
x = 56.000000, y = 314.000000
avance = -273.000000, avanceR = 2.000000, avanceI = 2.000000
inc_x_r = 0.000000, inc_y_r = 1.000000, inc_x_i = 1.000000, inc_y_i = 1.000000
En el else......

----------------------------------------
x = 56.000000, y = 315.000000
avance = -271.000000, avanceR = 2.000000, avanceI = 2.000000
inc_x_r = 0.000000, inc_y_r = 1.000000, inc_x_i = 1.000000, inc_y_i = 1.000000
En el else......

----------------------------------------
x = 56.000000, y = 316.000000
avance = -269.000000, avanceR = 2.000000, avanceI = 2.000000
inc_x_r = 0.000000, inc_y_r = 1.000000, inc_x_i = 1.000000, inc_y_i = 1.000000
En el else......

----------------------------------------
x = 56.000000, y = 317.000000
avance = -267.000000, avanceR = 2.000000, avanceI = 2.000000
inc_x_r = 0.000000, inc_y_r = 1.000000, inc_x_i = 1.000000, inc_y_i = 1.000000
En el else......

----------------------------------------
x = 56.000000, y = 318.000000
avance = -265.000000, avanceR = 2.000000, avanceI = 2.000000
inc_x_r = 0.000000, inc_y_r = 1.000000, inc_x_i = 1.000000, inc_y_i = 1.000000
En el else......

----------------------------------------
x = 56.000000, y = 319.000000
avance = -263.000000, avanceR = 2.000000, avanceI = 2.000000
inc_x_r = 0.000000, inc_y_r = 1.000000, inc_x_i = 1.000000, inc_y_i = 1.000000
En el else......

----------------------------------------
x = 56.000000, y = 320.000000
avance = -261.000000, avanceR = 2.000000, avanceI = 2.000000
inc_x_r = 0.000000, inc_y_r = 1.000000, inc_x_i = 1.000000, inc_y_i = 1.000000
En el else......

----------------------------------------
x = 56.000000, y = 321.000000
avance = -259.000000, avanceR = 2.000000, avanceI = 2.000000
inc_x_r = 0.000000, inc_y_r = 1.000000, inc_x_i = 1.000000, inc_y_i = 1.000000
En el else......

----------------------------------------
x = 56.000000, y = 322.000000
avance = -257.000000, avanceR = 2.000000, avanceI = 2.000000
inc_x_r = 0.000000, inc_y_r = 1.000000, inc_x_i = 1.000000, inc_y_i = 1.000000
En el else......

----------------------------------------
x = 56.000000, y = 323.000000
avance = -255.000000, avanceR = 2.000000, avanceI = 2.000000
inc_x_r = 0.000000, inc_y_r = 1.000000, inc_x_i = 1.000000, inc_y_i = 1.000000
En el else......

----------------------------------------
x = 56.000000, y = 324.000000
avance = -253.000000, avanceR = 2.000000, avanceI = 2.000000
inc_x_r = 0.000000, inc_y_r = 1.000000, inc_x_i = 1.000000, inc_y_i = 1.000000
En el else......

----------------------------------------
x = 56.000000, y = 325.000000
avance = -251.000000, avanceR = 2.000000, avanceI = 2.000000
inc_x_r = 0.000000, inc_y_r = 1.000000, inc_x_i = 1.000000, inc_y_i = 1.000000
En el else......

----------------------------------------


ENTRAMOS A BRESENHAMªªªª
x1 = 55.000000 - y1 = 75.000000 || x2 = 56.000000 - y2 = 326.000000
dy = 251.000000, dx = 1.000000
avances inclinados: inc_x_i = 1.000000, inc_y_i = 1.000000
updated: dy = 251.000000, dx = 1.000000
avances rectos: inc_x_r = 0.000000, inc_y_r 1.000000
reupdated: dy = 1.000000, dx = 251.000000
avanceR = 2.000000, avance -249.000000, avanceI 2.000000
----------------------------------------
x = 55.000000, y = 75.000000
avance = -249.000000, avanceR = 2.000000, avanceI = 2.000000
inc_x_r = 0.000000, inc_y_r = 1.000000, inc_x_i = 1.000000, inc_y_i = 1.000000
En el else......

----------------------------------------
x = 55.000000, y = 76.000000
avance = -247.000000, avanceR = 2.000000, avanceI = 2.000000
inc_x_r = 0.000000, inc_y_r = 1.000000, inc_x_i = 1.000000, inc_y_i = 1.000000
En el else......

----------------------------------------
x = 55.000000, y = 77.000000
avance = -245.000000, avanceR = 2.000000, avanceI = 2.000000
inc_x_r = 0.000000, inc_y_r = 1.000000, inc_x_i = 1.000000, inc_y_i = 1.000000
En el else......

----------------------------------------
x = 55.000000, y = 78.000000
avance = -243.000000, avanceR = 2.000000, avanceI = 2.000000
inc_x_r = 0.000000, inc_y_r = 1.000000, inc_x_i = 1.000000, inc_y_i = 1.000000
En el else......

----------------------------------------
x = 55.000000, y = 79.000000
avance = -241.000000, avanceR = 2.000000, avanceI = 2.000000
inc_x_r = 0.000000, inc_y_r = 1.000000, inc_x_i = 1.000000, inc_y_i = 1.000000
En el else......

----------------------------------------
x = 55.000000, y = 80.000000
avance = -239.000000, avanceR = 2.000000, avanceI = 2.000000
inc_x_r = 0.000000, inc_y_r = 1.000000, inc_x_i = 1.000000, inc_y_i = 1.000000
En el else......

----------------------------------------
x = 55.000000, y = 81.000000
avance = -237.000000, avanceR = 2.000000, avanceI = 2.000000
inc_x_r = 0.000000, inc_y_r = 1.000000, inc_x_i = 1.000000, inc_y_i = 1.000000
En el else......

----------------------------------------
x = 55.000000, y = 82.000000
avance = -235.000000, avanceR = 2.000000, avanceI = 2.000000
inc_x_r = 0.000000, inc_y_r = 1.000000, inc_x_i = 1.000000, inc_y_i = 1.000000
En el else......

----------------------------------------
x = 55.000000, y = 83.000000
avance = -233.000000, avanceR = 2.000000, avanceI = 2.000000
inc_x_r = 0.000000, inc_y_r = 1.000000, inc_x_i = 1.000000, inc_y_i = 1.000000
En el else......

----------------------------------------
x = 55.000000, y = 84.000000
avance = -231.000000, avanceR = 2.000000, avanceI = 2.000000
inc_x_r = 0.000000, inc_y_r = 1.000000, inc_x_i = 1.000000, inc_y_i = 1.000000
En el else......

----------------------------------------
x = 55.000000, y = 85.000000
avance = -229.000000, avanceR = 2.000000, avanceI = 2.000000
inc_x_r = 0.000000, inc_y_r = 1.000000, inc_x_i = 1.000000, inc_y_i = 1.000000
En el else......

----------------------------------------
x = 55.000000, y = 86.000000
avance = -227.000000, avanceR = 2.000000, avanceI = 2.000000
inc_x_r = 0.000000, inc_y_r = 1.000000, inc_x_i = 1.000000, inc_y_i = 1.000000
En el else......

----------------------------------------
x = 55.000000, y = 87.000000
avance = -225.000000, avanceR = 2.000000, avanceI = 2.000000
inc_x_r = 0.000000, inc_y_r = 1.000000, inc_x_i = 1.000000, inc_y_i = 1.000000
En el else......

----------------------------------------
x = 55.000000, y = 88.000000
avance = -223.000000, avanceR = 2.000000, avanceI = 2.000000
inc_x_r = 0.000000, inc_y_r = 1.000000, inc_x_i = 1.000000, inc_y_i = 1.000000
En el else......

----------------------------------------
x = 55.000000, y = 89.000000
avance = -221.000000, avanceR = 2.000000, avanceI = 2.000000
inc_x_r = 0.000000, inc_y_r = 1.000000, inc_x_i = 1.000000, inc_y_i = 1.000000
En el else......

----------------------------------------
x = 55.000000, y = 90.000000
avance = -219.000000, avanceR = 2.000000, avanceI = 2.000000
inc_x_r = 0.000000, inc_y_r = 1.000000, inc_x_i = 1.000000, inc_y_i = 1.000000
En el else......

----------------------------------------
x = 55.000000, y = 91.000000
avance = -217.000000, avanceR = 2.000000, avanceI = 2.000000
inc_x_r = 0.000000, inc_y_r = 1.000000, inc_x_i = 1.000000, inc_y_i = 1.000000
En el else......

----------------------------------------
x = 55.000000, y = 92.000000
avance = -215.000000, avanceR = 2.000000, avanceI = 2.000000
inc_x_r = 0.000000, inc_y_r = 1.000000, inc_x_i = 1.000000, inc_y_i = 1.000000
En el else......

----------------------------------------
x = 55.000000, y = 93.000000
avance = -213.000000, avanceR = 2.000000, avanceI = 2.000000
inc_x_r = 0.000000, inc_y_r = 1.000000, inc_x_i = 1.000000, inc_y_i = 1.000000
En el else......

----------------------------------------
x = 55.000000, y = 94.000000
avance = -211.000000, avanceR = 2.000000, avanceI = 2.000000
inc_x_r = 0.000000, inc_y_r = 1.000000, inc_x_i = 1.000000, inc_y_i = 1.000000
En el else......

----------------------------------------
x = 55.000000, y = 95.000000
avance = -209.000000, avanceR = 2.000000, avanceI = 2.000000
inc_x_r = 0.000000, inc_y_r = 1.000000, inc_x_i = 1.000000, inc_y_i = 1.000000
En el else......

----------------------------------------
x = 55.000000, y = 96.000000
avance = -207.000000, avanceR = 2.000000, avanceI = 2.000000
inc_x_r = 0.000000, inc_y_r = 1.000000, inc_x_i = 1.000000, inc_y_i = 1.000000
En el else......

----------------------------------------
x = 55.000000, y = 97.000000
avance = -205.000000, avanceR = 2.000000, avanceI = 2.000000
inc_x_r = 0.000000, inc_y_r = 1.000000, inc_x_i = 1.000000, inc_y_i = 1.000000
En el else......

----------------------------------------
x = 55.000000, y = 98.000000
avance = -203.000000, avanceR = 2.000000, avanceI = 2.000000
inc_x_r = 0.000000, inc_y_r = 1.000000, inc_x_i = 1.000000, inc_y_i = 1.000000
En el else......

----------------------------------------
x = 55.000000, y = 99.000000
avance = -201.000000, avanceR = 2.000000, avanceI = 2.000000
inc_x_r = 0.000000, inc_y_r = 1.000000, inc_x_i = 1.000000, inc_y_i = 1.000000
En el else......

----------------------------------------
x = 55.000000, y = 100.000000
avance = -199.000000, avanceR = 2.000000, avanceI = 2.000000
inc_x_r = 0.000000, inc_y_r = 1.000000, inc_x_i = 1.000000, inc_y_i = 1.000000
En el else......

----------------------------------------
x = 55.000000, y = 101.000000
avance = -197.000000, avanceR = 2.000000, avanceI = 2.000000
inc_x_r = 0.000000, inc_y_r = 1.000000, inc_x_i = 1.000000, inc_y_i = 1.000000
En el else......

----------------------------------------
x = 55.000000, y = 102.000000
avance = -195.000000, avanceR = 2.000000, avanceI = 2.000000
inc_x_r = 0.000000, inc_y_r = 1.000000, inc_x_i = 1.000000, inc_y_i = 1.000000
En el else......

----------------------------------------
x = 55.000000, y = 103.000000
avance = -193.000000, avanceR = 2.000000, avanceI = 2.000000
inc_x_r = 0.000000, inc_y_r = 1.000000, inc_x_i = 1.000000, inc_y_i = 1.000000
En el else......

----------------------------------------
x = 55.000000, y = 104.000000
avance = -191.000000, avanceR = 2.000000, avanceI = 2.000000
inc_x_r = 0.000000, inc_y_r = 1.000000, inc_x_i = 1.000000, inc_y_i = 1.000000
En el else......

----------------------------------------
x = 55.000000, y = 105.000000
avance = -189.000000, avanceR = 2.000000, avanceI = 2.000000
inc_x_r = 0.000000, inc_y_r = 1.000000, inc_x_i = 1.000000, inc_y_i = 1.000000
En el else......

----------------------------------------
x = 55.000000, y = 106.000000
avance = -187.000000, avanceR = 2.000000, avanceI = 2.000000
inc_x_r = 0.000000, inc_y_r = 1.000000, inc_x_i = 1.000000, inc_y_i = 1.000000
En el else......

----------------------------------------
x = 55.000000, y = 107.000000
avance = -185.000000, avanceR = 2.000000, avanceI = 2.000000
inc_x_r = 0.000000, inc_y_r = 1.000000, inc_x_i = 1.000000, inc_y_i = 1.000000
En el else......

----------------------------------------
x = 55.000000, y = 108.000000
avance = -183.000000, avanceR = 2.000000, avanceI = 2.000000
inc_x_r = 0.000000, inc_y_r = 1.000000, inc_x_i = 1.000000, inc_y_i = 1.000000
En el else......

----------------------------------------
x = 55.000000, y = 109.000000
avance = -181.000000, avanceR = 2.000000, avanceI = 2.000000
inc_x_r = 0.000000, inc_y_r = 1.000000, inc_x_i = 1.000000, inc_y_i = 1.000000
En el else......

----------------------------------------
x = 55.000000, y = 110.000000
avance = -179.000000, avanceR = 2.000000, avanceI = 2.000000
inc_x_r = 0.000000, inc_y_r = 1.000000, inc_x_i = 1.000000, inc_y_i = 1.000000
En el else......

----------------------------------------
x = 55.000000, y = 111.000000
avance = -177.000000, avanceR = 2.000000, avanceI = 2.000000
inc_x_r = 0.000000, inc_y_r = 1.000000, inc_x_i = 1.000000, inc_y_i = 1.000000
En el else......

----------------------------------------
x = 55.000000, y = 112.000000
avance = -175.000000, avanceR = 2.000000, avanceI = 2.000000
inc_x_r = 0.000000, inc_y_r = 1.000000, inc_x_i = 1.000000, inc_y_i = 1.000000
En el else......

----------------------------------------
x = 55.000000, y = 113.000000
avance = -173.000000, avanceR = 2.000000, avanceI = 2.000000
inc_x_r = 0.000000, inc_y_r = 1.000000, inc_x_i = 1.000000, inc_y_i = 1.000000
En el else......

----------------------------------------
x = 55.000000, y = 114.000000
avance = -171.000000, avanceR = 2.000000, avanceI = 2.000000
inc_x_r = 0.000000, inc_y_r = 1.000000, inc_x_i = 1.000000, inc_y_i = 1.000000
En el else......

----------------------------------------
x = 55.000000, y = 115.000000
avance = -169.000000, avanceR = 2.000000, avanceI = 2.000000
inc_x_r = 0.000000, inc_y_r = 1.000000, inc_x_i = 1.000000, inc_y_i = 1.000000
En el else......

----------------------------------------
x = 55.000000, y = 116.000000
avance = -167.000000, avanceR = 2.000000, avanceI = 2.000000
inc_x_r = 0.000000, inc_y_r = 1.000000, inc_x_i = 1.000000, inc_y_i = 1.000000
En el else......

----------------------------------------
x = 55.000000, y = 117.000000
avance = -165.000000, avanceR = 2.000000, avanceI = 2.000000
inc_x_r = 0.000000, inc_y_r = 1.000000, inc_x_i = 1.000000, inc_y_i = 1.000000
En el else......

----------------------------------------
x = 55.000000, y = 118.000000
avance = -163.000000, avanceR = 2.000000, avanceI = 2.000000
inc_x_r = 0.000000, inc_y_r = 1.000000, inc_x_i = 1.000000, inc_y_i = 1.000000
En el else......

----------------------------------------
x = 55.000000, y = 119.000000
avance = -161.000000, avanceR = 2.000000, avanceI = 2.000000
inc_x_r = 0.000000, inc_y_r = 1.000000, inc_x_i = 1.000000, inc_y_i = 1.000000
En el else......

----------------------------------------
x = 55.000000, y = 120.000000
avance = -159.000000, avanceR = 2.000000, avanceI = 2.000000
inc_x_r = 0.000000, inc_y_r = 1.000000, inc_x_i = 1.000000, inc_y_i = 1.000000
En el else......

----------------------------------------
x = 55.000000, y = 121.000000
avance = -157.000000, avanceR = 2.000000, avanceI = 2.000000
inc_x_r = 0.000000, inc_y_r = 1.000000, inc_x_i = 1.000000, inc_y_i = 1.000000
En el else......

----------------------------------------
x = 55.000000, y = 122.000000
avance = -155.000000, avanceR = 2.000000, avanceI = 2.000000
inc_x_r = 0.000000, inc_y_r = 1.000000, inc_x_i = 1.000000, inc_y_i = 1.000000
En el else......

----------------------------------------
x = 55.000000, y = 123.000000
avance = -153.000000, avanceR = 2.000000, avanceI = 2.000000
inc_x_r = 0.000000, inc_y_r = 1.000000, inc_x_i = 1.000000, inc_y_i = 1.000000
En el else......

----------------------------------------
x = 55.000000, y = 124.000000
avance = -151.000000, avanceR = 2.000000, avanceI = 2.000000
inc_x_r = 0.000000, inc_y_r = 1.000000, inc_x_i = 1.000000, inc_y_i = 1.000000
En el else......

----------------------------------------
x = 55.000000, y = 125.000000
avance = -149.000000, avanceR = 2.000000, avanceI = 2.000000
inc_x_r = 0.000000, inc_y_r = 1.000000, inc_x_i = 1.000000, inc_y_i = 1.000000
En el else......

----------------------------------------
x = 55.000000, y = 126.000000
avance = -147.000000, avanceR = 2.000000, avanceI = 2.000000
inc_x_r = 0.000000, inc_y_r = 1.000000, inc_x_i = 1.000000, inc_y_i = 1.000000
En el else......

----------------------------------------
x = 55.000000, y = 127.000000
avance = -145.000000, avanceR = 2.000000, avanceI = 2.000000
inc_x_r = 0.000000, inc_y_r = 1.000000, inc_x_i = 1.000000, inc_y_i = 1.000000
En el else......

----------------------------------------
x = 55.000000, y = 128.000000
avance = -143.000000, avanceR = 2.000000, avanceI = 2.000000
inc_x_r = 0.000000, inc_y_r = 1.000000, inc_x_i = 1.000000, inc_y_i = 1.000000
En el else......

----------------------------------------
x = 55.000000, y = 129.000000
avance = -141.000000, avanceR = 2.000000, avanceI = 2.000000
inc_x_r = 0.000000, inc_y_r = 1.000000, inc_x_i = 1.000000, inc_y_i = 1.000000
En el else......

----------------------------------------
x = 55.000000, y = 130.000000
avance = -139.000000, avanceR = 2.000000, avanceI = 2.000000
inc_x_r = 0.000000, inc_y_r = 1.000000, inc_x_i = 1.000000, inc_y_i = 1.000000
En el else......

----------------------------------------
x = 55.000000, y = 131.000000
avance = -137.000000, avanceR = 2.000000, avanceI = 2.000000
inc_x_r = 0.000000, inc_y_r = 1.000000, inc_x_i = 1.000000, inc_y_i = 1.000000
En el else......

----------------------------------------
x = 55.000000, y = 132.000000
avance = -135.000000, avanceR = 2.000000, avanceI = 2.000000
inc_x_r = 0.000000, inc_y_r = 1.000000, inc_x_i = 1.000000, inc_y_i = 1.000000
En el else......

----------------------------------------
x = 55.000000, y = 133.000000
avance = -133.000000, avanceR = 2.000000, avanceI = 2.000000
inc_x_r = 0.000000, inc_y_r = 1.000000, inc_x_i = 1.000000, inc_y_i = 1.000000
En el else......

----------------------------------------
x = 55.000000, y = 134.000000
avance = -131.000000, avanceR = 2.000000, avanceI = 2.000000
inc_x_r = 0.000000, inc_y_r = 1.000000, inc_x_i = 1.000000, inc_y_i = 1.000000
En el else......

----------------------------------------
x = 55.000000, y = 135.000000
avance = -129.000000, avanceR = 2.000000, avanceI = 2.000000
inc_x_r = 0.000000, inc_y_r = 1.000000, inc_x_i = 1.000000, inc_y_i = 1.000000
En el else......

----------------------------------------
x = 55.000000, y = 136.000000
avance = -127.000000, avanceR = 2.000000, avanceI = 2.000000
inc_x_r = 0.000000, inc_y_r = 1.000000, inc_x_i = 1.000000, inc_y_i = 1.000000
En el else......

----------------------------------------
x = 55.000000, y = 137.000000
avance = -125.000000, avanceR = 2.000000, avanceI = 2.000000
inc_x_r = 0.000000, inc_y_r = 1.000000, inc_x_i = 1.000000, inc_y_i = 1.000000
En el else......

----------------------------------------
x = 55.000000, y = 138.000000
avance = -123.000000, avanceR = 2.000000, avanceI = 2.000000
inc_x_r = 0.000000, inc_y_r = 1.000000, inc_x_i = 1.000000, inc_y_i = 1.000000
En el else......

----------------------------------------
x = 55.000000, y = 139.000000
avance = -121.000000, avanceR = 2.000000, avanceI = 2.000000
inc_x_r = 0.000000, inc_y_r = 1.000000, inc_x_i = 1.000000, inc_y_i = 1.000000
En el else......

----------------------------------------
x = 55.000000, y = 140.000000
avance = -119.000000, avanceR = 2.000000, avanceI = 2.000000
inc_x_r = 0.000000, inc_y_r = 1.000000, inc_x_i = 1.000000, inc_y_i = 1.000000
En el else......

----------------------------------------
x = 55.000000, y = 141.000000
avance = -117.000000, avanceR = 2.000000, avanceI = 2.000000
inc_x_r = 0.000000, inc_y_r = 1.000000, inc_x_i = 1.000000, inc_y_i = 1.000000
En el else......

----------------------------------------
x = 55.000000, y = 142.000000
avance = -115.000000, avanceR = 2.000000, avanceI = 2.000000
inc_x_r = 0.000000, inc_y_r = 1.000000, inc_x_i = 1.000000, inc_y_i = 1.000000
En el else......

----------------------------------------
x = 55.000000, y = 143.000000
avance = -113.000000, avanceR = 2.000000, avanceI = 2.000000
inc_x_r = 0.000000, inc_y_r = 1.000000, inc_x_i = 1.000000, inc_y_i = 1.000000
En el else......

----------------------------------------
x = 55.000000, y = 144.000000
avance = -111.000000, avanceR = 2.000000, avanceI = 2.000000
inc_x_r = 0.000000, inc_y_r = 1.000000, inc_x_i = 1.000000, inc_y_i = 1.000000
En el else......

----------------------------------------
x = 55.000000, y = 145.000000
avance = -109.000000, avanceR = 2.000000, avanceI = 2.000000
inc_x_r = 0.000000, inc_y_r = 1.000000, inc_x_i = 1.000000, inc_y_i = 1.000000
En el else......

----------------------------------------
x = 55.000000, y = 146.000000
avance = -107.000000, avanceR = 2.000000, avanceI = 2.000000
inc_x_r = 0.000000, inc_y_r = 1.000000, inc_x_i = 1.000000, inc_y_i = 1.000000
En el else......

----------------------------------------
x = 55.000000, y = 147.000000
avance = -105.000000, avanceR = 2.000000, avanceI = 2.000000
inc_x_r = 0.000000, inc_y_r = 1.000000, inc_x_i = 1.000000, inc_y_i = 1.000000
En el else......

----------------------------------------
x = 55.000000, y = 148.000000
avance = -103.000000, avanceR = 2.000000, avanceI = 2.000000
inc_x_r = 0.000000, inc_y_r = 1.000000, inc_x_i = 1.000000, inc_y_i = 1.000000
En el else......

----------------------------------------
x = 55.000000, y = 149.000000
avance = -101.000000, avanceR = 2.000000, avanceI = 2.000000
inc_x_r = 0.000000, inc_y_r = 1.000000, inc_x_i = 1.000000, inc_y_i = 1.000000
En el else......

----------------------------------------
x = 55.000000, y = 150.000000
avance = -99.000000, avanceR = 2.000000, avanceI = 2.000000
inc_x_r = 0.000000, inc_y_r = 1.000000, inc_x_i = 1.000000, inc_y_i = 1.000000
En el else......

----------------------------------------
x = 55.000000, y = 151.000000
avance = -97.000000, avanceR = 2.000000, avanceI = 2.000000
inc_x_r = 0.000000, inc_y_r = 1.000000, inc_x_i = 1.000000, inc_y_i = 1.000000
En el else......

----------------------------------------
x = 55.000000, y = 152.000000
avance = -95.000000, avanceR = 2.000000, avanceI = 2.000000
inc_x_r = 0.000000, inc_y_r = 1.000000, inc_x_i = 1.000000, inc_y_i = 1.000000
En el else......

----------------------------------------
x = 55.000000, y = 153.000000
avance = -93.000000, avanceR = 2.000000, avanceI = 2.000000
inc_x_r = 0.000000, inc_y_r = 1.000000, inc_x_i = 1.000000, inc_y_i = 1.000000
En el else......

----------------------------------------
x = 55.000000, y = 154.000000
avance = -91.000000, avanceR = 2.000000, avanceI = 2.000000
inc_x_r = 0.000000, inc_y_r = 1.000000, inc_x_i = 1.000000, inc_y_i = 1.000000
En el else......

----------------------------------------
x = 55.000000, y = 155.000000
avance = -89.000000, avanceR = 2.000000, avanceI = 2.000000
inc_x_r = 0.000000, inc_y_r = 1.000000, inc_x_i = 1.000000, inc_y_i = 1.000000
En el else......

----------------------------------------
x = 55.000000, y = 156.000000
avance = -87.000000, avanceR = 2.000000, avanceI = 2.000000
inc_x_r = 0.000000, inc_y_r = 1.000000, inc_x_i = 1.000000, inc_y_i = 1.000000
En el else......

----------------------------------------
x = 55.000000, y = 157.000000
avance = -85.000000, avanceR = 2.000000, avanceI = 2.000000
inc_x_r = 0.000000, inc_y_r = 1.000000, inc_x_i = 1.000000, inc_y_i = 1.000000
En el else......

----------------------------------------
x = 55.000000, y = 158.000000
avance = -83.000000, avanceR = 2.000000, avanceI = 2.000000
inc_x_r = 0.000000, inc_y_r = 1.000000, inc_x_i = 1.000000, inc_y_i = 1.000000
En el else......

----------------------------------------
x = 55.000000, y = 159.000000
avance = -81.000000, avanceR = 2.000000, avanceI = 2.000000
inc_x_r = 0.000000, inc_y_r = 1.000000, inc_x_i = 1.000000, inc_y_i = 1.000000
En el else......

----------------------------------------
x = 55.000000, y = 160.000000
avance = -79.000000, avanceR = 2.000000, avanceI = 2.000000
inc_x_r = 0.000000, inc_y_r = 1.000000, inc_x_i = 1.000000, inc_y_i = 1.000000
En el else......

----------------------------------------
x = 55.000000, y = 161.000000
avance = -77.000000, avanceR = 2.000000, avanceI = 2.000000
inc_x_r = 0.000000, inc_y_r = 1.000000, inc_x_i = 1.000000, inc_y_i = 1.000000
En el else......

----------------------------------------
x = 55.000000, y = 162.000000
avance = -75.000000, avanceR = 2.000000, avanceI = 2.000000
inc_x_r = 0.000000, inc_y_r = 1.000000, inc_x_i = 1.000000, inc_y_i = 1.000000
En el else......

----------------------------------------
x = 55.000000, y = 163.000000
avance = -73.000000, avanceR = 2.000000, avanceI = 2.000000
inc_x_r = 0.000000, inc_y_r = 1.000000, inc_x_i = 1.000000, inc_y_i = 1.000000
En el else......

----------------------------------------
x = 55.000000, y = 164.000000
avance = -71.000000, avanceR = 2.000000, avanceI = 2.000000
inc_x_r = 0.000000, inc_y_r = 1.000000, inc_x_i = 1.000000, inc_y_i = 1.000000
En el else......

----------------------------------------
x = 55.000000, y = 165.000000
avance = -69.000000, avanceR = 2.000000, avanceI = 2.000000
inc_x_r = 0.000000, inc_y_r = 1.000000, inc_x_i = 1.000000, inc_y_i = 1.000000
En el else......

----------------------------------------
x = 55.000000, y = 166.000000
avance = -67.000000, avanceR = 2.000000, avanceI = 2.000000
inc_x_r = 0.000000, inc_y_r = 1.000000, inc_x_i = 1.000000, inc_y_i = 1.000000
En el else......

----------------------------------------
x = 55.000000, y = 167.000000
avance = -65.000000, avanceR = 2.000000, avanceI = 2.000000
inc_x_r = 0.000000, inc_y_r = 1.000000, inc_x_i = 1.000000, inc_y_i = 1.000000
En el else......

----------------------------------------
x = 55.000000, y = 168.000000
avance = -63.000000, avanceR = 2.000000, avanceI = 2.000000
inc_x_r = 0.000000, inc_y_r = 1.000000, inc_x_i = 1.000000, inc_y_i = 1.000000
En el else......

----------------------------------------
x = 55.000000, y = 169.000000
avance = -61.000000, avanceR = 2.000000, avanceI = 2.000000
inc_x_r = 0.000000, inc_y_r = 1.000000, inc_x_i = 1.000000, inc_y_i = 1.000000
En el else......

----------------------------------------
x = 55.000000, y = 170.000000
avance = -59.000000, avanceR = 2.000000, avanceI = 2.000000
inc_x_r = 0.000000, inc_y_r = 1.000000, inc_x_i = 1.000000, inc_y_i = 1.000000
En el else......

----------------------------------------
x = 55.000000, y = 171.000000
avance = -57.000000, avanceR = 2.000000, avanceI = 2.000000
inc_x_r = 0.000000, inc_y_r = 1.000000, inc_x_i = 1.000000, inc_y_i = 1.000000
En el else......

----------------------------------------
x = 55.000000, y = 172.000000
avance = -55.000000, avanceR = 2.000000, avanceI = 2.000000
inc_x_r = 0.000000, inc_y_r = 1.000000, inc_x_i = 1.000000, inc_y_i = 1.000000
En el else......

----------------------------------------
x = 55.000000, y = 173.000000
avance = -53.000000, avanceR = 2.000000, avanceI = 2.000000
inc_x_r = 0.000000, inc_y_r = 1.000000, inc_x_i = 1.000000, inc_y_i = 1.000000
En el else......

----------------------------------------
x = 55.000000, y = 174.000000
avance = -51.000000, avanceR = 2.000000, avanceI = 2.000000
inc_x_r = 0.000000, inc_y_r = 1.000000, inc_x_i = 1.000000, inc_y_i = 1.000000
En el else......

----------------------------------------
x = 55.000000, y = 175.000000
avance = -49.000000, avanceR = 2.000000, avanceI = 2.000000
inc_x_r = 0.000000, inc_y_r = 1.000000, inc_x_i = 1.000000, inc_y_i = 1.000000
En el else......

----------------------------------------
x = 55.000000, y = 176.000000
avance = -47.000000, avanceR = 2.000000, avanceI = 2.000000
inc_x_r = 0.000000, inc_y_r = 1.000000, inc_x_i = 1.000000, inc_y_i = 1.000000
En el else......

----------------------------------------
x = 55.000000, y = 177.000000
avance = -45.000000, avanceR = 2.000000, avanceI = 2.000000
inc_x_r = 0.000000, inc_y_r = 1.000000, inc_x_i = 1.000000, inc_y_i = 1.000000
En el else......

----------------------------------------
x = 55.000000, y = 178.000000
avance = -43.000000, avanceR = 2.000000, avanceI = 2.000000
inc_x_r = 0.000000, inc_y_r = 1.000000, inc_x_i = 1.000000, inc_y_i = 1.000000
En el else......

----------------------------------------
x = 55.000000, y = 179.000000
avance = -41.000000, avanceR = 2.000000, avanceI = 2.000000
inc_x_r = 0.000000, inc_y_r = 1.000000, inc_x_i = 1.000000, inc_y_i = 1.000000
En el else......

----------------------------------------
x = 55.000000, y = 180.000000
avance = -39.000000, avanceR = 2.000000, avanceI = 2.000000
inc_x_r = 0.000000, inc_y_r = 1.000000, inc_x_i = 1.000000, inc_y_i = 1.000000
En el else......

----------------------------------------
x = 55.000000, y = 181.000000
avance = -37.000000, avanceR = 2.000000, avanceI = 2.000000
inc_x_r = 0.000000, inc_y_r = 1.000000, inc_x_i = 1.000000, inc_y_i = 1.000000
En el else......

----------------------------------------
x = 55.000000, y = 182.000000
avance = -35.000000, avanceR = 2.000000, avanceI = 2.000000
inc_x_r = 0.000000, inc_y_r = 1.000000, inc_x_i = 1.000000, inc_y_i = 1.000000
En el else......

----------------------------------------
x = 55.000000, y = 183.000000
avance = -33.000000, avanceR = 2.000000, avanceI = 2.000000
inc_x_r = 0.000000, inc_y_r = 1.000000, inc_x_i = 1.000000, inc_y_i = 1.000000
En el else......

----------------------------------------
x = 55.000000, y = 184.000000
avance = -31.000000, avanceR = 2.000000, avanceI = 2.000000
inc_x_r = 0.000000, inc_y_r = 1.000000, inc_x_i = 1.000000, inc_y_i = 1.000000
En el else......

----------------------------------------
x = 55.000000, y = 185.000000
avance = -29.000000, avanceR = 2.000000, avanceI = 2.000000
inc_x_r = 0.000000, inc_y_r = 1.000000, inc_x_i = 1.000000, inc_y_i = 1.000000
En el else......

----------------------------------------
x = 55.000000, y = 186.000000
avance = -27.000000, avanceR = 2.000000, avanceI = 2.000000
inc_x_r = 0.000000, inc_y_r = 1.000000, inc_x_i = 1.000000, inc_y_i = 1.000000
En el else......

----------------------------------------
x = 55.000000, y = 187.000000
avance = -25.000000, avanceR = 2.000000, avanceI = 2.000000
inc_x_r = 0.000000, inc_y_r = 1.000000, inc_x_i = 1.000000, inc_y_i = 1.000000
En el else......

----------------------------------------
x = 55.000000, y = 188.000000
avance = -23.000000, avanceR = 2.000000, avanceI = 2.000000
inc_x_r = 0.000000, inc_y_r = 1.000000, inc_x_i = 1.000000, inc_y_i = 1.000000
En el else......

----------------------------------------
x = 55.000000, y = 189.000000
avance = -21.000000, avanceR = 2.000000, avanceI = 2.000000
inc_x_r = 0.000000, inc_y_r = 1.000000, inc_x_i = 1.000000, inc_y_i = 1.000000
En el else......

----------------------------------------
x = 55.000000, y = 190.000000
avance = -19.000000, avanceR = 2.000000, avanceI = 2.000000
inc_x_r = 0.000000, inc_y_r = 1.000000, inc_x_i = 1.000000, inc_y_i = 1.000000
En el else......

----------------------------------------
x = 55.000000, y = 191.000000
avance = -17.000000, avanceR = 2.000000, avanceI = 2.000000
inc_x_r = 0.000000, inc_y_r = 1.000000, inc_x_i = 1.000000, inc_y_i = 1.000000
En el else......

----------------------------------------
x = 55.000000, y = 192.000000
avance = -15.000000, avanceR = 2.000000, avanceI = 2.000000
inc_x_r = 0.000000, inc_y_r = 1.000000, inc_x_i = 1.000000, inc_y_i = 1.000000
En el else......

----------------------------------------
x = 55.000000, y = 193.000000
avance = -13.000000, avanceR = 2.000000, avanceI = 2.000000
inc_x_r = 0.000000, inc_y_r = 1.000000, inc_x_i = 1.000000, inc_y_i = 1.000000
En el else......

----------------------------------------
x = 55.000000, y = 194.000000
avance = -11.000000, avanceR = 2.000000, avanceI = 2.000000
inc_x_r = 0.000000, inc_y_r = 1.000000, inc_x_i = 1.000000, inc_y_i = 1.000000
En el else......

----------------------------------------
x = 55.000000, y = 195.000000
avance = -9.000000, avanceR = 2.000000, avanceI = 2.000000
inc_x_r = 0.000000, inc_y_r = 1.000000, inc_x_i = 1.000000, inc_y_i = 1.000000
En el else......

----------------------------------------
x = 55.000000, y = 196.000000
avance = -7.000000, avanceR = 2.000000, avanceI = 2.000000
inc_x_r = 0.000000, inc_y_r = 1.000000, inc_x_i = 1.000000, inc_y_i = 1.000000
En el else......

----------------------------------------
x = 55.000000, y = 197.000000
avance = -5.000000, avanceR = 2.000000, avanceI = 2.000000
inc_x_r = 0.000000, inc_y_r = 1.000000, inc_x_i = 1.000000, inc_y_i = 1.000000
En el else......

----------------------------------------
x = 55.000000, y = 198.000000
avance = -3.000000, avanceR = 2.000000, avanceI = 2.000000
inc_x_r = 0.000000, inc_y_r = 1.000000, inc_x_i = 1.000000, inc_y_i = 1.000000
En el else......

----------------------------------------
x = 55.000000, y = 199.000000
avance = -1.000000, avanceR = 2.000000, avanceI = 2.000000
inc_x_r = 0.000000, inc_y_r = 1.000000, inc_x_i = 1.000000, inc_y_i = 1.000000
En el else......

----------------------------------------
x = 55.000000, y = 200.000000
avance = 1.000000, avanceR = 2.000000, avanceI = 2.000000
inc_x_r = 0.000000, inc_y_r = 1.000000, inc_x_i = 1.000000, inc_y_i = 1.000000
avance >= 0

----------------------------------------
x = 56.000000, y = 201.000000
avance = -499.000000, avanceR = 2.000000, avanceI = 2.000000
inc_x_r = 0.000000, inc_y_r = 1.000000, inc_x_i = 1.000000, inc_y_i = 1.000000
En el else......

----------------------------------------
x = 56.000000, y = 202.000000
avance = -497.000000, avanceR = 2.000000, avanceI = 2.000000
inc_x_r = 0.000000, inc_y_r = 1.000000, inc_x_i = 1.000000, inc_y_i = 1.000000
En el else......

----------------------------------------
x = 56.000000, y = 203.000000
avance = -495.000000, avanceR = 2.000000, avanceI = 2.000000
inc_x_r = 0.000000, inc_y_r = 1.000000, inc_x_i = 1.000000, inc_y_i = 1.000000
En el else......

----------------------------------------
x = 56.000000, y = 204.000000
avance = -493.000000, avanceR = 2.000000, avanceI = 2.000000
inc_x_r = 0.000000, inc_y_r = 1.000000, inc_x_i = 1.000000, inc_y_i = 1.000000
En el else......

----------------------------------------
x = 56.000000, y = 205.000000
avance = -491.000000, avanceR = 2.000000, avanceI = 2.000000
inc_x_r = 0.000000, inc_y_r = 1.000000, inc_x_i = 1.000000, inc_y_i = 1.000000
En el else......

----------------------------------------
x = 56.000000, y = 206.000000
avance = -489.000000, avanceR = 2.000000, avanceI = 2.000000
inc_x_r = 0.000000, inc_y_r = 1.000000, inc_x_i = 1.000000, inc_y_i = 1.000000
En el else......

----------------------------------------
x = 56.000000, y = 207.000000
avance = -487.000000, avanceR = 2.000000, avanceI = 2.000000
inc_x_r = 0.000000, inc_y_r = 1.000000, inc_x_i = 1.000000, inc_y_i = 1.000000
En el else......

----------------------------------------
x = 56.000000, y = 208.000000
avance = -485.000000, avanceR = 2.000000, avanceI = 2.000000
inc_x_r = 0.000000, inc_y_r = 1.000000, inc_x_i = 1.000000, inc_y_i = 1.000000
En el else......

----------------------------------------
x = 56.000000, y = 209.000000
avance = -483.000000, avanceR = 2.000000, avanceI = 2.000000
inc_x_r = 0.000000, inc_y_r = 1.000000, inc_x_i = 1.000000, inc_y_i = 1.000000
En el else......

----------------------------------------
x = 56.000000, y = 210.000000
avance = -481.000000, avanceR = 2.000000, avanceI = 2.000000
inc_x_r = 0.000000, inc_y_r = 1.000000, inc_x_i = 1.000000, inc_y_i = 1.000000
En el else......

----------------------------------------
x = 56.000000, y = 211.000000
avance = -479.000000, avanceR = 2.000000, avanceI = 2.000000
inc_x_r = 0.000000, inc_y_r = 1.000000, inc_x_i = 1.000000, inc_y_i = 1.000000
En el else......

----------------------------------------
x = 56.000000, y = 212.000000
avance = -477.000000, avanceR = 2.000000, avanceI = 2.000000
inc_x_r = 0.000000, inc_y_r = 1.000000, inc_x_i = 1.000000, inc_y_i = 1.000000
En el else......

----------------------------------------
x = 56.000000, y = 213.000000
avance = -475.000000, avanceR = 2.000000, avanceI = 2.000000
inc_x_r = 0.000000, inc_y_r = 1.000000, inc_x_i = 1.000000, inc_y_i = 1.000000
En el else......

----------------------------------------
x = 56.000000, y = 214.000000
avance = -473.000000, avanceR = 2.000000, avanceI = 2.000000
inc_x_r = 0.000000, inc_y_r = 1.000000, inc_x_i = 1.000000, inc_y_i = 1.000000
En el else......

----------------------------------------
x = 56.000000, y = 215.000000
avance = -471.000000, avanceR = 2.000000, avanceI = 2.000000
inc_x_r = 0.000000, inc_y_r = 1.000000, inc_x_i = 1.000000, inc_y_i = 1.000000
En el else......

----------------------------------------
x = 56.000000, y = 216.000000
avance = -469.000000, avanceR = 2.000000, avanceI = 2.000000
inc_x_r = 0.000000, inc_y_r = 1.000000, inc_x_i = 1.000000, inc_y_i = 1.000000
En el else......

----------------------------------------
x = 56.000000, y = 217.000000
avance = -467.000000, avanceR = 2.000000, avanceI = 2.000000
inc_x_r = 0.000000, inc_y_r = 1.000000, inc_x_i = 1.000000, inc_y_i = 1.000000
En el else......

----------------------------------------
x = 56.000000, y = 218.000000
avance = -465.000000, avanceR = 2.000000, avanceI = 2.000000
inc_x_r = 0.000000, inc_y_r = 1.000000, inc_x_i = 1.000000, inc_y_i = 1.000000
En el else......

----------------------------------------
x = 56.000000, y = 219.000000
avance = -463.000000, avanceR = 2.000000, avanceI = 2.000000
inc_x_r = 0.000000, inc_y_r = 1.000000, inc_x_i = 1.000000, inc_y_i = 1.000000
En el else......

----------------------------------------
x = 56.000000, y = 220.000000
avance = -461.000000, avanceR = 2.000000, avanceI = 2.000000
inc_x_r = 0.000000, inc_y_r = 1.000000, inc_x_i = 1.000000, inc_y_i = 1.000000
En el else......

----------------------------------------
x = 56.000000, y = 221.000000
avance = -459.000000, avanceR = 2.000000, avanceI = 2.000000
inc_x_r = 0.000000, inc_y_r = 1.000000, inc_x_i = 1.000000, inc_y_i = 1.000000
En el else......

----------------------------------------
x = 56.000000, y = 222.000000
avance = -457.000000, avanceR = 2.000000, avanceI = 2.000000
inc_x_r = 0.000000, inc_y_r = 1.000000, inc_x_i = 1.000000, inc_y_i = 1.000000
En el else......

----------------------------------------
x = 56.000000, y = 223.000000
avance = -455.000000, avanceR = 2.000000, avanceI = 2.000000
inc_x_r = 0.000000, inc_y_r = 1.000000, inc_x_i = 1.000000, inc_y_i = 1.000000
En el else......

----------------------------------------
x = 56.000000, y = 224.000000
avance = -453.000000, avanceR = 2.000000, avanceI = 2.000000
inc_x_r = 0.000000, inc_y_r = 1.000000, inc_x_i = 1.000000, inc_y_i = 1.000000
En el else......

----------------------------------------
x = 56.000000, y = 225.000000
avance = -451.000000, avanceR = 2.000000, avanceI = 2.000000
inc_x_r = 0.000000, inc_y_r = 1.000000, inc_x_i = 1.000000, inc_y_i = 1.000000
En el else......

----------------------------------------
x = 56.000000, y = 226.000000
avance = -449.000000, avanceR = 2.000000, avanceI = 2.000000
inc_x_r = 0.000000, inc_y_r = 1.000000, inc_x_i = 1.000000, inc_y_i = 1.000000
En el else......

----------------------------------------
x = 56.000000, y = 227.000000
avance = -447.000000, avanceR = 2.000000, avanceI = 2.000000
inc_x_r = 0.000000, inc_y_r = 1.000000, inc_x_i = 1.000000, inc_y_i = 1.000000
En el else......

----------------------------------------
x = 56.000000, y = 228.000000
avance = -445.000000, avanceR = 2.000000, avanceI = 2.000000
inc_x_r = 0.000000, inc_y_r = 1.000000, inc_x_i = 1.000000, inc_y_i = 1.000000
En el else......

----------------------------------------
x = 56.000000, y = 229.000000
avance = -443.000000, avanceR = 2.000000, avanceI = 2.000000
inc_x_r = 0.000000, inc_y_r = 1.000000, inc_x_i = 1.000000, inc_y_i = 1.000000
En el else......

----------------------------------------
x = 56.000000, y = 230.000000
avance = -441.000000, avanceR = 2.000000, avanceI = 2.000000
inc_x_r = 0.000000, inc_y_r = 1.000000, inc_x_i = 1.000000, inc_y_i = 1.000000
En el else......

----------------------------------------
x = 56.000000, y = 231.000000
avance = -439.000000, avanceR = 2.000000, avanceI = 2.000000
inc_x_r = 0.000000, inc_y_r = 1.000000, inc_x_i = 1.000000, inc_y_i = 1.000000
En el else......

----------------------------------------
x = 56.000000, y = 232.000000
avance = -437.000000, avanceR = 2.000000, avanceI = 2.000000
inc_x_r = 0.000000, inc_y_r = 1.000000, inc_x_i = 1.000000, inc_y_i = 1.000000
En el else......

----------------------------------------
x = 56.000000, y = 233.000000
avance = -435.000000, avanceR = 2.000000, avanceI = 2.000000
inc_x_r = 0.000000, inc_y_r = 1.000000, inc_x_i = 1.000000, inc_y_i = 1.000000
En el else......

----------------------------------------
x = 56.000000, y = 234.000000
avance = -433.000000, avanceR = 2.000000, avanceI = 2.000000
inc_x_r = 0.000000, inc_y_r = 1.000000, inc_x_i = 1.000000, inc_y_i = 1.000000
En el else......

----------------------------------------
x = 56.000000, y = 235.000000
avance = -431.000000, avanceR = 2.000000, avanceI = 2.000000
inc_x_r = 0.000000, inc_y_r = 1.000000, inc_x_i = 1.000000, inc_y_i = 1.000000
En el else......

----------------------------------------
x = 56.000000, y = 236.000000
avance = -429.000000, avanceR = 2.000000, avanceI = 2.000000
inc_x_r = 0.000000, inc_y_r = 1.000000, inc_x_i = 1.000000, inc_y_i = 1.000000
En el else......

----------------------------------------
x = 56.000000, y = 237.000000
avance = -427.000000, avanceR = 2.000000, avanceI = 2.000000
inc_x_r = 0.000000, inc_y_r = 1.000000, inc_x_i = 1.000000, inc_y_i = 1.000000
En el else......

----------------------------------------
x = 56.000000, y = 238.000000
avance = -425.000000, avanceR = 2.000000, avanceI = 2.000000
inc_x_r = 0.000000, inc_y_r = 1.000000, inc_x_i = 1.000000, inc_y_i = 1.000000
En el else......

----------------------------------------
x = 56.000000, y = 239.000000
avance = -423.000000, avanceR = 2.000000, avanceI = 2.000000
inc_x_r = 0.000000, inc_y_r = 1.000000, inc_x_i = 1.000000, inc_y_i = 1.000000
En el else......

----------------------------------------
x = 56.000000, y = 240.000000
avance = -421.000000, avanceR = 2.000000, avanceI = 2.000000
inc_x_r = 0.000000, inc_y_r = 1.000000, inc_x_i = 1.000000, inc_y_i = 1.000000
En el else......

----------------------------------------
x = 56.000000, y = 241.000000
avance = -419.000000, avanceR = 2.000000, avanceI = 2.000000
inc_x_r = 0.000000, inc_y_r = 1.000000, inc_x_i = 1.000000, inc_y_i = 1.000000
En el else......

----------------------------------------
x = 56.000000, y = 242.000000
avance = -417.000000, avanceR = 2.000000, avanceI = 2.000000
inc_x_r = 0.000000, inc_y_r = 1.000000, inc_x_i = 1.000000, inc_y_i = 1.000000
En el else......

----------------------------------------
x = 56.000000, y = 243.000000
avance = -415.000000, avanceR = 2.000000, avanceI = 2.000000
inc_x_r = 0.000000, inc_y_r = 1.000000, inc_x_i = 1.000000, inc_y_i = 1.000000
En el else......

----------------------------------------
x = 56.000000, y = 244.000000
avance = -413.000000, avanceR = 2.000000, avanceI = 2.000000
inc_x_r = 0.000000, inc_y_r = 1.000000, inc_x_i = 1.000000, inc_y_i = 1.000000
En el else......

----------------------------------------
x = 56.000000, y = 245.000000
avance = -411.000000, avanceR = 2.000000, avanceI = 2.000000
inc_x_r = 0.000000, inc_y_r = 1.000000, inc_x_i = 1.000000, inc_y_i = 1.000000
En el else......

----------------------------------------
x = 56.000000, y = 246.000000
avance = -409.000000, avanceR = 2.000000, avanceI = 2.000000
inc_x_r = 0.000000, inc_y_r = 1.000000, inc_x_i = 1.000000, inc_y_i = 1.000000
En el else......

----------------------------------------
x = 56.000000, y = 247.000000
avance = -407.000000, avanceR = 2.000000, avanceI = 2.000000
inc_x_r = 0.000000, inc_y_r = 1.000000, inc_x_i = 1.000000, inc_y_i = 1.000000
En el else......

----------------------------------------
x = 56.000000, y = 248.000000
avance = -405.000000, avanceR = 2.000000, avanceI = 2.000000
inc_x_r = 0.000000, inc_y_r = 1.000000, inc_x_i = 1.000000, inc_y_i = 1.000000
En el else......

----------------------------------------
x = 56.000000, y = 249.000000
avance = -403.000000, avanceR = 2.000000, avanceI = 2.000000
inc_x_r = 0.000000, inc_y_r = 1.000000, inc_x_i = 1.000000, inc_y_i = 1.000000
En el else......

----------------------------------------
x = 56.000000, y = 250.000000
avance = -401.000000, avanceR = 2.000000, avanceI = 2.000000
inc_x_r = 0.000000, inc_y_r = 1.000000, inc_x_i = 1.000000, inc_y_i = 1.000000
En el else......

----------------------------------------
x = 56.000000, y = 251.000000
avance = -399.000000, avanceR = 2.000000, avanceI = 2.000000
inc_x_r = 0.000000, inc_y_r = 1.000000, inc_x_i = 1.000000, inc_y_i = 1.000000
En el else......

----------------------------------------
x = 56.000000, y = 252.000000
avance = -397.000000, avanceR = 2.000000, avanceI = 2.000000
inc_x_r = 0.000000, inc_y_r = 1.000000, inc_x_i = 1.000000, inc_y_i = 1.000000
En el else......

----------------------------------------
x = 56.000000, y = 253.000000
avance = -395.000000, avanceR = 2.000000, avanceI = 2.000000
inc_x_r = 0.000000, inc_y_r = 1.000000, inc_x_i = 1.000000, inc_y_i = 1.000000
En el else......

----------------------------------------
x = 56.000000, y = 254.000000
avance = -393.000000, avanceR = 2.000000, avanceI = 2.000000
inc_x_r = 0.000000, inc_y_r = 1.000000, inc_x_i = 1.000000, inc_y_i = 1.000000
En el else......

----------------------------------------
x = 56.000000, y = 255.000000
avance = -391.000000, avanceR = 2.000000, avanceI = 2.000000
inc_x_r = 0.000000, inc_y_r = 1.000000, inc_x_i = 1.000000, inc_y_i = 1.000000
En el else......

----------------------------------------
x = 56.000000, y = 256.000000
avance = -389.000000, avanceR = 2.000000, avanceI = 2.000000
inc_x_r = 0.000000, inc_y_r = 1.000000, inc_x_i = 1.000000, inc_y_i = 1.000000
En el else......

----------------------------------------
x = 56.000000, y = 257.000000
avance = -387.000000, avanceR = 2.000000, avanceI = 2.000000
inc_x_r = 0.000000, inc_y_r = 1.000000, inc_x_i = 1.000000, inc_y_i = 1.000000
En el else......

----------------------------------------
x = 56.000000, y = 258.000000
avance = -385.000000, avanceR = 2.000000, avanceI = 2.000000
inc_x_r = 0.000000, inc_y_r = 1.000000, inc_x_i = 1.000000, inc_y_i = 1.000000
En el else......

----------------------------------------
x = 56.000000, y = 259.000000
avance = -383.000000, avanceR = 2.000000, avanceI = 2.000000
inc_x_r = 0.000000, inc_y_r = 1.000000, inc_x_i = 1.000000, inc_y_i = 1.000000
En el else......

----------------------------------------
x = 56.000000, y = 260.000000
avance = -381.000000, avanceR = 2.000000, avanceI = 2.000000
inc_x_r = 0.000000, inc_y_r = 1.000000, inc_x_i = 1.000000, inc_y_i = 1.000000
En el else......

----------------------------------------
x = 56.000000, y = 261.000000
avance = -379.000000, avanceR = 2.000000, avanceI = 2.000000
inc_x_r = 0.000000, inc_y_r = 1.000000, inc_x_i = 1.000000, inc_y_i = 1.000000
En el else......

----------------------------------------
x = 56.000000, y = 262.000000
avance = -377.000000, avanceR = 2.000000, avanceI = 2.000000
inc_x_r = 0.000000, inc_y_r = 1.000000, inc_x_i = 1.000000, inc_y_i = 1.000000
En el else......

----------------------------------------
x = 56.000000, y = 263.000000
avance = -375.000000, avanceR = 2.000000, avanceI = 2.000000
inc_x_r = 0.000000, inc_y_r = 1.000000, inc_x_i = 1.000000, inc_y_i = 1.000000
En el else......

----------------------------------------
x = 56.000000, y = 264.000000
avance = -373.000000, avanceR = 2.000000, avanceI = 2.000000
inc_x_r = 0.000000, inc_y_r = 1.000000, inc_x_i = 1.000000, inc_y_i = 1.000000
En el else......

----------------------------------------
x = 56.000000, y = 265.000000
avance = -371.000000, avanceR = 2.000000, avanceI = 2.000000
inc_x_r = 0.000000, inc_y_r = 1.000000, inc_x_i = 1.000000, inc_y_i = 1.000000
En el else......

----------------------------------------
x = 56.000000, y = 266.000000
avance = -369.000000, avanceR = 2.000000, avanceI = 2.000000
inc_x_r = 0.000000, inc_y_r = 1.000000, inc_x_i = 1.000000, inc_y_i = 1.000000
En el else......

----------------------------------------
x = 56.000000, y = 267.000000
avance = -367.000000, avanceR = 2.000000, avanceI = 2.000000
inc_x_r = 0.000000, inc_y_r = 1.000000, inc_x_i = 1.000000, inc_y_i = 1.000000
En el else......

----------------------------------------
x = 56.000000, y = 268.000000
avance = -365.000000, avanceR = 2.000000, avanceI = 2.000000
inc_x_r = 0.000000, inc_y_r = 1.000000, inc_x_i = 1.000000, inc_y_i = 1.000000
En el else......

----------------------------------------
x = 56.000000, y = 269.000000
avance = -363.000000, avanceR = 2.000000, avanceI = 2.000000
inc_x_r = 0.000000, inc_y_r = 1.000000, inc_x_i = 1.000000, inc_y_i = 1.000000
En el else......

----------------------------------------
x = 56.000000, y = 270.000000
avance = -361.000000, avanceR = 2.000000, avanceI = 2.000000
inc_x_r = 0.000000, inc_y_r = 1.000000, inc_x_i = 1.000000, inc_y_i = 1.000000
En el else......

----------------------------------------
x = 56.000000, y = 271.000000
avance = -359.000000, avanceR = 2.000000, avanceI = 2.000000
inc_x_r = 0.000000, inc_y_r = 1.000000, inc_x_i = 1.000000, inc_y_i = 1.000000
En el else......

----------------------------------------
x = 56.000000, y = 272.000000
avance = -357.000000, avanceR = 2.000000, avanceI = 2.000000
inc_x_r = 0.000000, inc_y_r = 1.000000, inc_x_i = 1.000000, inc_y_i = 1.000000
En el else......

----------------------------------------
x = 56.000000, y = 273.000000
avance = -355.000000, avanceR = 2.000000, avanceI = 2.000000
inc_x_r = 0.000000, inc_y_r = 1.000000, inc_x_i = 1.000000, inc_y_i = 1.000000
En el else......

----------------------------------------
x = 56.000000, y = 274.000000
avance = -353.000000, avanceR = 2.000000, avanceI = 2.000000
inc_x_r = 0.000000, inc_y_r = 1.000000, inc_x_i = 1.000000, inc_y_i = 1.000000
En el else......

----------------------------------------
x = 56.000000, y = 275.000000
avance = -351.000000, avanceR = 2.000000, avanceI = 2.000000
inc_x_r = 0.000000, inc_y_r = 1.000000, inc_x_i = 1.000000, inc_y_i = 1.000000
En el else......

----------------------------------------
x = 56.000000, y = 276.000000
avance = -349.000000, avanceR = 2.000000, avanceI = 2.000000
inc_x_r = 0.000000, inc_y_r = 1.000000, inc_x_i = 1.000000, inc_y_i = 1.000000
En el else......

----------------------------------------
x = 56.000000, y = 277.000000
avance = -347.000000, avanceR = 2.000000, avanceI = 2.000000
inc_x_r = 0.000000, inc_y_r = 1.000000, inc_x_i = 1.000000, inc_y_i = 1.000000
En el else......

----------------------------------------
x = 56.000000, y = 278.000000
avance = -345.000000, avanceR = 2.000000, avanceI = 2.000000
inc_x_r = 0.000000, inc_y_r = 1.000000, inc_x_i = 1.000000, inc_y_i = 1.000000
En el else......

----------------------------------------
x = 56.000000, y = 279.000000
avance = -343.000000, avanceR = 2.000000, avanceI = 2.000000
inc_x_r = 0.000000, inc_y_r = 1.000000, inc_x_i = 1.000000, inc_y_i = 1.000000
En el else......

----------------------------------------
x = 56.000000, y = 280.000000
avance = -341.000000, avanceR = 2.000000, avanceI = 2.000000
inc_x_r = 0.000000, inc_y_r = 1.000000, inc_x_i = 1.000000, inc_y_i = 1.000000
En el else......

----------------------------------------
x = 56.000000, y = 281.000000
avance = -339.000000, avanceR = 2.000000, avanceI = 2.000000
inc_x_r = 0.000000, inc_y_r = 1.000000, inc_x_i = 1.000000, inc_y_i = 1.000000
En el else......

----------------------------------------
x = 56.000000, y = 282.000000
avance = -337.000000, avanceR = 2.000000, avanceI = 2.000000
inc_x_r = 0.000000, inc_y_r = 1.000000, inc_x_i = 1.000000, inc_y_i = 1.000000
En el else......

----------------------------------------
x = 56.000000, y = 283.000000
avance = -335.000000, avanceR = 2.000000, avanceI = 2.000000
inc_x_r = 0.000000, inc_y_r = 1.000000, inc_x_i = 1.000000, inc_y_i = 1.000000
En el else......

----------------------------------------
x = 56.000000, y = 284.000000
avance = -333.000000, avanceR = 2.000000, avanceI = 2.000000
inc_x_r = 0.000000, inc_y_r = 1.000000, inc_x_i = 1.000000, inc_y_i = 1.000000
En el else......

----------------------------------------
x = 56.000000, y = 285.000000
avance = -331.000000, avanceR = 2.000000, avanceI = 2.000000
inc_x_r = 0.000000, inc_y_r = 1.000000, inc_x_i = 1.000000, inc_y_i = 1.000000
En el else......

----------------------------------------
x = 56.000000, y = 286.000000
avance = -329.000000, avanceR = 2.000000, avanceI = 2.000000
inc_x_r = 0.000000, inc_y_r = 1.000000, inc_x_i = 1.000000, inc_y_i = 1.000000
En el else......

----------------------------------------
x = 56.000000, y = 287.000000
avance = -327.000000, avanceR = 2.000000, avanceI = 2.000000
inc_x_r = 0.000000, inc_y_r = 1.000000, inc_x_i = 1.000000, inc_y_i = 1.000000
En el else......

----------------------------------------
x = 56.000000, y = 288.000000
avance = -325.000000, avanceR = 2.000000, avanceI = 2.000000
inc_x_r = 0.000000, inc_y_r = 1.000000, inc_x_i = 1.000000, inc_y_i = 1.000000
En el else......

----------------------------------------
x = 56.000000, y = 289.000000
avance = -323.000000, avanceR = 2.000000, avanceI = 2.000000
inc_x_r = 0.000000, inc_y_r = 1.000000, inc_x_i = 1.000000, inc_y_i = 1.000000
En el else......

----------------------------------------
x = 56.000000, y = 290.000000
avance = -321.000000, avanceR = 2.000000, avanceI = 2.000000
inc_x_r = 0.000000, inc_y_r = 1.000000, inc_x_i = 1.000000, inc_y_i = 1.000000
En el else......

----------------------------------------
x = 56.000000, y = 291.000000
avance = -319.000000, avanceR = 2.000000, avanceI = 2.000000
inc_x_r = 0.000000, inc_y_r = 1.000000, inc_x_i = 1.000000, inc_y_i = 1.000000
En el else......

----------------------------------------
x = 56.000000, y = 292.000000
avance = -317.000000, avanceR = 2.000000, avanceI = 2.000000
inc_x_r = 0.000000, inc_y_r = 1.000000, inc_x_i = 1.000000, inc_y_i = 1.000000
En el else......

----------------------------------------
x = 56.000000, y = 293.000000
avance = -315.000000, avanceR = 2.000000, avanceI = 2.000000
inc_x_r = 0.000000, inc_y_r = 1.000000, inc_x_i = 1.000000, inc_y_i = 1.000000
En el else......

----------------------------------------
x = 56.000000, y = 294.000000
avance = -313.000000, avanceR = 2.000000, avanceI = 2.000000
inc_x_r = 0.000000, inc_y_r = 1.000000, inc_x_i = 1.000000, inc_y_i = 1.000000
En el else......

----------------------------------------
x = 56.000000, y = 295.000000
avance = -311.000000, avanceR = 2.000000, avanceI = 2.000000
inc_x_r = 0.000000, inc_y_r = 1.000000, inc_x_i = 1.000000, inc_y_i = 1.000000
En el else......

----------------------------------------
x = 56.000000, y = 296.000000
avance = -309.000000, avanceR = 2.000000, avanceI = 2.000000
inc_x_r = 0.000000, inc_y_r = 1.000000, inc_x_i = 1.000000, inc_y_i = 1.000000
En el else......

----------------------------------------
x = 56.000000, y = 297.000000
avance = -307.000000, avanceR = 2.000000, avanceI = 2.000000
inc_x_r = 0.000000, inc_y_r = 1.000000, inc_x_i = 1.000000, inc_y_i = 1.000000
En el else......

----------------------------------------
x = 56.000000, y = 298.000000
avance = -305.000000, avanceR = 2.000000, avanceI = 2.000000
inc_x_r = 0.000000, inc_y_r = 1.000000, inc_x_i = 1.000000, inc_y_i = 1.000000
En el else......

----------------------------------------
x = 56.000000, y = 299.000000
avance = -303.000000, avanceR = 2.000000, avanceI = 2.000000
inc_x_r = 0.000000, inc_y_r = 1.000000, inc_x_i = 1.000000, inc_y_i = 1.000000
En el else......

----------------------------------------
x = 56.000000, y = 300.000000
avance = -301.000000, avanceR = 2.000000, avanceI = 2.000000
inc_x_r = 0.000000, inc_y_r = 1.000000, inc_x_i = 1.000000, inc_y_i = 1.000000
En el else......

----------------------------------------
x = 56.000000, y = 301.000000
avance = -299.000000, avanceR = 2.000000, avanceI = 2.000000
inc_x_r = 0.000000, inc_y_r = 1.000000, inc_x_i = 1.000000, inc_y_i = 1.000000
En el else......

----------------------------------------
x = 56.000000, y = 302.000000
avance = -297.000000, avanceR = 2.000000, avanceI = 2.000000
inc_x_r = 0.000000, inc_y_r = 1.000000, inc_x_i = 1.000000, inc_y_i = 1.000000
En el else......

----------------------------------------
x = 56.000000, y = 303.000000
avance = -295.000000, avanceR = 2.000000, avanceI = 2.000000
inc_x_r = 0.000000, inc_y_r = 1.000000, inc_x_i = 1.000000, inc_y_i = 1.000000
En el else......

----------------------------------------
x = 56.000000, y = 304.000000
avance = -293.000000, avanceR = 2.000000, avanceI = 2.000000
inc_x_r = 0.000000, inc_y_r = 1.000000, inc_x_i = 1.000000, inc_y_i = 1.000000
En el else......

----------------------------------------
x = 56.000000, y = 305.000000
avance = -291.000000, avanceR = 2.000000, avanceI = 2.000000
inc_x_r = 0.000000, inc_y_r = 1.000000, inc_x_i = 1.000000, inc_y_i = 1.000000
En el else......

----------------------------------------
x = 56.000000, y = 306.000000
avance = -289.000000, avanceR = 2.000000, avanceI = 2.000000
inc_x_r = 0.000000, inc_y_r = 1.000000, inc_x_i = 1.000000, inc_y_i = 1.000000
En el else......

----------------------------------------
x = 56.000000, y = 307.000000
avance = -287.000000, avanceR = 2.000000, avanceI = 2.000000
inc_x_r = 0.000000, inc_y_r = 1.000000, inc_x_i = 1.000000, inc_y_i = 1.000000
En el else......

----------------------------------------
x = 56.000000, y = 308.000000
avance = -285.000000, avanceR = 2.000000, avanceI = 2.000000
inc_x_r = 0.000000, inc_y_r = 1.000000, inc_x_i = 1.000000, inc_y_i = 1.000000
En el else......

----------------------------------------
x = 56.000000, y = 309.000000
avance = -283.000000, avanceR = 2.000000, avanceI = 2.000000
inc_x_r = 0.000000, inc_y_r = 1.000000, inc_x_i = 1.000000, inc_y_i = 1.000000
En el else......

----------------------------------------
x = 56.000000, y = 310.000000
avance = -281.000000, avanceR = 2.000000, avanceI = 2.000000
inc_x_r = 0.000000, inc_y_r = 1.000000, inc_x_i = 1.000000, inc_y_i = 1.000000
En el else......

----------------------------------------
x = 56.000000, y = 311.000000
avance = -279.000000, avanceR = 2.000000, avanceI = 2.000000
inc_x_r = 0.000000, inc_y_r = 1.000000, inc_x_i = 1.000000, inc_y_i = 1.000000
En el else......

----------------------------------------
x = 56.000000, y = 312.000000
avance = -277.000000, avanceR = 2.000000, avanceI = 2.000000
inc_x_r = 0.000000, inc_y_r = 1.000000, inc_x_i = 1.000000, inc_y_i = 1.000000
En el else......

----------------------------------------
x = 56.000000, y = 313.000000
avance = -275.000000, avanceR = 2.000000, avanceI = 2.000000
inc_x_r = 0.000000, inc_y_r = 1.000000, inc_x_i = 1.000000, inc_y_i = 1.000000
En el else......

----------------------------------------
x = 56.000000, y = 314.000000
avance = -273.000000, avanceR = 2.000000, avanceI = 2.000000
inc_x_r = 0.000000, inc_y_r = 1.000000, inc_x_i = 1.000000, inc_y_i = 1.000000
En el else......

----------------------------------------
x = 56.000000, y = 315.000000
avance = -271.000000, avanceR = 2.000000, avanceI = 2.000000
inc_x_r = 0.000000, inc_y_r = 1.000000, inc_x_i = 1.000000, inc_y_i = 1.000000
En el else......

----------------------------------------
x = 56.000000, y = 316.000000
avance = -269.000000, avanceR = 2.000000, avanceI = 2.000000
inc_x_r = 0.000000, inc_y_r = 1.000000, inc_x_i = 1.000000, inc_y_i = 1.000000
En el else......

----------------------------------------
x = 56.000000, y = 317.000000
avance = -267.000000, avanceR = 2.000000, avanceI = 2.000000
inc_x_r = 0.000000, inc_y_r = 1.000000, inc_x_i = 1.000000, inc_y_i = 1.000000
En el else......

----------------------------------------
x = 56.000000, y = 318.000000
avance = -265.000000, avanceR = 2.000000, avanceI = 2.000000
inc_x_r = 0.000000, inc_y_r = 1.000000, inc_x_i = 1.000000, inc_y_i = 1.000000
En el else......

----------------------------------------
x = 56.000000, y = 319.000000
avance = -263.000000, avanceR = 2.000000, avanceI = 2.000000
inc_x_r = 0.000000, inc_y_r = 1.000000, inc_x_i = 1.000000, inc_y_i = 1.000000
En el else......

----------------------------------------
x = 56.000000, y = 320.000000
avance = -261.000000, avanceR = 2.000000, avanceI = 2.000000
inc_x_r = 0.000000, inc_y_r = 1.000000, inc_x_i = 1.000000, inc_y_i = 1.000000
En el else......

----------------------------------------
x = 56.000000, y = 321.000000
avance = -259.000000, avanceR = 2.000000, avanceI = 2.000000
inc_x_r = 0.000000, inc_y_r = 1.000000, inc_x_i = 1.000000, inc_y_i = 1.000000
En el else......

----------------------------------------
x = 56.000000, y = 322.000000
avance = -257.000000, avanceR = 2.000000, avanceI = 2.000000
inc_x_r = 0.000000, inc_y_r = 1.000000, inc_x_i = 1.000000, inc_y_i = 1.000000
En el else......

----------------------------------------
x = 56.000000, y = 323.000000
avance = -255.000000, avanceR = 2.000000, avanceI = 2.000000
inc_x_r = 0.000000, inc_y_r = 1.000000, inc_x_i = 1.000000, inc_y_i = 1.000000
En el else......

----------------------------------------
x = 56.000000, y = 324.000000
avance = -253.000000, avanceR = 2.000000, avanceI = 2.000000
inc_x_r = 0.000000, inc_y_r = 1.000000, inc_x_i = 1.000000, inc_y_i = 1.000000
En el else......

----------------------------------------
x = 56.000000, y = 325.000000
avance = -251.000000, avanceR = 2.000000, avanceI = 2.000000
inc_x_r = 0.000000, inc_y_r = 1.000000, inc_x_i = 1.000000, inc_y_i = 1.000000
En el else......

----------------------------------------


ENTRAMOS A BRESENHAMªªªª
x1 = 55.000000 - y1 = 75.000000 || x2 = 56.000000 - y2 = 326.000000
dy = 251.000000, dx = 1.000000
avances inclinados: inc_x_i = 1.000000, inc_y_i = 1.000000
updated: dy = 251.000000, dx = 1.000000
avances rectos: inc_x_r = 0.000000, inc_y_r 1.000000
reupdated: dy = 1.000000, dx = 251.000000
avanceR = 2.000000, avance -249.000000, avanceI 2.000000
----------------------------------------
x = 55.000000, y = 75.000000
avance = -249.000000, avanceR = 2.000000, avanceI = 2.000000
inc_x_r = 0.000000, inc_y_r = 1.000000, inc_x_i = 1.000000, inc_y_i = 1.000000
En el else......

----------------------------------------
x = 55.000000, y = 76.000000
avance = -247.000000, avanceR = 2.000000, avanceI = 2.000000
inc_x_r = 0.000000, inc_y_r = 1.000000, inc_x_i = 1.000000, inc_y_i = 1.000000
En el else......

----------------------------------------
x = 55.000000, y = 77.000000
avance = -245.000000, avanceR = 2.000000, avanceI = 2.000000
inc_x_r = 0.000000, inc_y_r = 1.000000, inc_x_i = 1.000000, inc_y_i = 1.000000
En el else......

----------------------------------------
x = 55.000000, y = 78.000000
avance = -243.000000, avanceR = 2.000000, avanceI = 2.000000
inc_x_r = 0.000000, inc_y_r = 1.000000, inc_x_i = 1.000000, inc_y_i = 1.000000
En el else......

----------------------------------------
x = 55.000000, y = 79.000000
avance = -241.000000, avanceR = 2.000000, avanceI = 2.000000
inc_x_r = 0.000000, inc_y_r = 1.000000, inc_x_i = 1.000000, inc_y_i = 1.000000
En el else......

----------------------------------------
x = 55.000000, y = 80.000000
avance = -239.000000, avanceR = 2.000000, avanceI = 2.000000
inc_x_r = 0.000000, inc_y_r = 1.000000, inc_x_i = 1.000000, inc_y_i = 1.000000
En el else......

----------------------------------------
x = 55.000000, y = 81.000000
avance = -237.000000, avanceR = 2.000000, avanceI = 2.000000
inc_x_r = 0.000000, inc_y_r = 1.000000, inc_x_i = 1.000000, inc_y_i = 1.000000
En el else......

----------------------------------------
x = 55.000000, y = 82.000000
avance = -235.000000, avanceR = 2.000000, avanceI = 2.000000
inc_x_r = 0.000000, inc_y_r = 1.000000, inc_x_i = 1.000000, inc_y_i = 1.000000
En el else......

----------------------------------------
x = 55.000000, y = 83.000000
avance = -233.000000, avanceR = 2.000000, avanceI = 2.000000
inc_x_r = 0.000000, inc_y_r = 1.000000, inc_x_i = 1.000000, inc_y_i = 1.000000
En el else......

----------------------------------------
x = 55.000000, y = 84.000000
avance = -231.000000, avanceR = 2.000000, avanceI = 2.000000
inc_x_r = 0.000000, inc_y_r = 1.000000, inc_x_i = 1.000000, inc_y_i = 1.000000
En el else......

----------------------------------------
x = 55.000000, y = 85.000000
avance = -229.000000, avanceR = 2.000000, avanceI = 2.000000
inc_x_r = 0.000000, inc_y_r = 1.000000, inc_x_i = 1.000000, inc_y_i = 1.000000
En el else......

----------------------------------------
x = 55.000000, y = 86.000000
avance = -227.000000, avanceR = 2.000000, avanceI = 2.000000
inc_x_r = 0.000000, inc_y_r = 1.000000, inc_x_i = 1.000000, inc_y_i = 1.000000
En el else......

----------------------------------------
x = 55.000000, y = 87.000000
avance = -225.000000, avanceR = 2.000000, avanceI = 2.000000
inc_x_r = 0.000000, inc_y_r = 1.000000, inc_x_i = 1.000000, inc_y_i = 1.000000
En el else......

----------------------------------------
x = 55.000000, y = 88.000000
avance = -223.000000, avanceR = 2.000000, avanceI = 2.000000
inc_x_r = 0.000000, inc_y_r = 1.000000, inc_x_i = 1.000000, inc_y_i = 1.000000
En el else......

----------------------------------------
x = 55.000000, y = 89.000000
avance = -221.000000, avanceR = 2.000000, avanceI = 2.000000
inc_x_r = 0.000000, inc_y_r = 1.000000, inc_x_i = 1.000000, inc_y_i = 1.000000
En el else......

----------------------------------------
x = 55.000000, y = 90.000000
avance = -219.000000, avanceR = 2.000000, avanceI = 2.000000
inc_x_r = 0.000000, inc_y_r = 1.000000, inc_x_i = 1.000000, inc_y_i = 1.000000
En el else......

----------------------------------------
x = 55.000000, y = 91.000000
avance = -217.000000, avanceR = 2.000000, avanceI = 2.000000
inc_x_r = 0.000000, inc_y_r = 1.000000, inc_x_i = 1.000000, inc_y_i = 1.000000
En el else......

----------------------------------------
x = 55.000000, y = 92.000000
avance = -215.000000, avanceR = 2.000000, avanceI = 2.000000
inc_x_r = 0.000000, inc_y_r = 1.000000, inc_x_i = 1.000000, inc_y_i = 1.000000
En el else......

----------------------------------------
x = 55.000000, y = 93.000000
avance = -213.000000, avanceR = 2.000000, avanceI = 2.000000
inc_x_r = 0.000000, inc_y_r = 1.000000, inc_x_i = 1.000000, inc_y_i = 1.000000
En el else......

----------------------------------------
x = 55.000000, y = 94.000000
avance = -211.000000, avanceR = 2.000000, avanceI = 2.000000
inc_x_r = 0.000000, inc_y_r = 1.000000, inc_x_i = 1.000000, inc_y_i = 1.000000
En el else......

----------------------------------------
x = 55.000000, y = 95.000000
avance = -209.000000, avanceR = 2.000000, avanceI = 2.000000
inc_x_r = 0.000000, inc_y_r = 1.000000, inc_x_i = 1.000000, inc_y_i = 1.000000
En el else......

----------------------------------------
x = 55.000000, y = 96.000000
avance = -207.000000, avanceR = 2.000000, avanceI = 2.000000
inc_x_r = 0.000000, inc_y_r = 1.000000, inc_x_i = 1.000000, inc_y_i = 1.000000
En el else......

----------------------------------------
x = 55.000000, y = 97.000000
avance = -205.000000, avanceR = 2.000000, avanceI = 2.000000
inc_x_r = 0.000000, inc_y_r = 1.000000, inc_x_i = 1.000000, inc_y_i = 1.000000
En el else......

----------------------------------------
x = 55.000000, y = 98.000000
avance = -203.000000, avanceR = 2.000000, avanceI = 2.000000
inc_x_r = 0.000000, inc_y_r = 1.000000, inc_x_i = 1.000000, inc_y_i = 1.000000
En el else......

----------------------------------------
x = 55.000000, y = 99.000000
avance = -201.000000, avanceR = 2.000000, avanceI = 2.000000
inc_x_r = 0.000000, inc_y_r = 1.000000, inc_x_i = 1.000000, inc_y_i = 1.000000
En el else......

----------------------------------------
x = 55.000000, y = 100.000000
avance = -199.000000, avanceR = 2.000000, avanceI = 2.000000
inc_x_r = 0.000000, inc_y_r = 1.000000, inc_x_i = 1.000000, inc_y_i = 1.000000
En el else......

----------------------------------------
x = 55.000000, y = 101.000000
avance = -197.000000, avanceR = 2.000000, avanceI = 2.000000
inc_x_r = 0.000000, inc_y_r = 1.000000, inc_x_i = 1.000000, inc_y_i = 1.000000
En el else......

----------------------------------------
x = 55.000000, y = 102.000000
avance = -195.000000, avanceR = 2.000000, avanceI = 2.000000
inc_x_r = 0.000000, inc_y_r = 1.000000, inc_x_i = 1.000000, inc_y_i = 1.000000
En el else......

----------------------------------------
x = 55.000000, y = 103.000000
avance = -193.000000, avanceR = 2.000000, avanceI = 2.000000
inc_x_r = 0.000000, inc_y_r = 1.000000, inc_x_i = 1.000000, inc_y_i = 1.000000
En el else......

----------------------------------------
x = 55.000000, y = 104.000000
avance = -191.000000, avanceR = 2.000000, avanceI = 2.000000
inc_x_r = 0.000000, inc_y_r = 1.000000, inc_x_i = 1.000000, inc_y_i = 1.000000
En el else......

----------------------------------------
x = 55.000000, y = 105.000000
avance = -189.000000, avanceR = 2.000000, avanceI = 2.000000
inc_x_r = 0.000000, inc_y_r = 1.000000, inc_x_i = 1.000000, inc_y_i = 1.000000
En el else......

----------------------------------------
x = 55.000000, y = 106.000000
avance = -187.000000, avanceR = 2.000000, avanceI = 2.000000
inc_x_r = 0.000000, inc_y_r = 1.000000, inc_x_i = 1.000000, inc_y_i = 1.000000
En el else......

----------------------------------------
x = 55.000000, y = 107.000000
avance = -185.000000, avanceR = 2.000000, avanceI = 2.000000
inc_x_r = 0.000000, inc_y_r = 1.000000, inc_x_i = 1.000000, inc_y_i = 1.000000
En el else......

----------------------------------------
x = 55.000000, y = 108.000000
avance = -183.000000, avanceR = 2.000000, avanceI = 2.000000
inc_x_r = 0.000000, inc_y_r = 1.000000, inc_x_i = 1.000000, inc_y_i = 1.000000
En el else......

----------------------------------------
x = 55.000000, y = 109.000000
avance = -181.000000, avanceR = 2.000000, avanceI = 2.000000
inc_x_r = 0.000000, inc_y_r = 1.000000, inc_x_i = 1.000000, inc_y_i = 1.000000
En el else......

----------------------------------------
x = 55.000000, y = 110.000000
avance = -179.000000, avanceR = 2.000000, avanceI = 2.000000
inc_x_r = 0.000000, inc_y_r = 1.000000, inc_x_i = 1.000000, inc_y_i = 1.000000
En el else......

----------------------------------------
x = 55.000000, y = 111.000000
avance = -177.000000, avanceR = 2.000000, avanceI = 2.000000
inc_x_r = 0.000000, inc_y_r = 1.000000, inc_x_i = 1.000000, inc_y_i = 1.000000
En el else......

----------------------------------------
x = 55.000000, y = 112.000000
avance = -175.000000, avanceR = 2.000000, avanceI = 2.000000
inc_x_r = 0.000000, inc_y_r = 1.000000, inc_x_i = 1.000000, inc_y_i = 1.000000
En el else......

----------------------------------------
x = 55.000000, y = 113.000000
avance = -173.000000, avanceR = 2.000000, avanceI = 2.000000
inc_x_r = 0.000000, inc_y_r = 1.000000, inc_x_i = 1.000000, inc_y_i = 1.000000
En el else......

----------------------------------------
x = 55.000000, y = 114.000000
avance = -171.000000, avanceR = 2.000000, avanceI = 2.000000
inc_x_r = 0.000000, inc_y_r = 1.000000, inc_x_i = 1.000000, inc_y_i = 1.000000
En el else......

----------------------------------------
x = 55.000000, y = 115.000000
avance = -169.000000, avanceR = 2.000000, avanceI = 2.000000
inc_x_r = 0.000000, inc_y_r = 1.000000, inc_x_i = 1.000000, inc_y_i = 1.000000
En el else......

----------------------------------------
x = 55.000000, y = 116.000000
avance = -167.000000, avanceR = 2.000000, avanceI = 2.000000
inc_x_r = 0.000000, inc_y_r = 1.000000, inc_x_i = 1.000000, inc_y_i = 1.000000
En el else......

----------------------------------------
x = 55.000000, y = 117.000000
avance = -165.000000, avanceR = 2.000000, avanceI = 2.000000
inc_x_r = 0.000000, inc_y_r = 1.000000, inc_x_i = 1.000000, inc_y_i = 1.000000
En el else......

----------------------------------------
x = 55.000000, y = 118.000000
avance = -163.000000, avanceR = 2.000000, avanceI = 2.000000
inc_x_r = 0.000000, inc_y_r = 1.000000, inc_x_i = 1.000000, inc_y_i = 1.000000
En el else......

----------------------------------------
x = 55.000000, y = 119.000000
avance = -161.000000, avanceR = 2.000000, avanceI = 2.000000
inc_x_r = 0.000000, inc_y_r = 1.000000, inc_x_i = 1.000000, inc_y_i = 1.000000
En el else......

----------------------------------------
x = 55.000000, y = 120.000000
avance = -159.000000, avanceR = 2.000000, avanceI = 2.000000
inc_x_r = 0.000000, inc_y_r = 1.000000, inc_x_i = 1.000000, inc_y_i = 1.000000
En el else......

----------------------------------------
x = 55.000000, y = 121.000000
avance = -157.000000, avanceR = 2.000000, avanceI = 2.000000
inc_x_r = 0.000000, inc_y_r = 1.000000, inc_x_i = 1.000000, inc_y_i = 1.000000
En el else......

----------------------------------------
x = 55.000000, y = 122.000000
avance = -155.000000, avanceR = 2.000000, avanceI = 2.000000
inc_x_r = 0.000000, inc_y_r = 1.000000, inc_x_i = 1.000000, inc_y_i = 1.000000
En el else......

----------------------------------------
x = 55.000000, y = 123.000000
avance = -153.000000, avanceR = 2.000000, avanceI = 2.000000
inc_x_r = 0.000000, inc_y_r = 1.000000, inc_x_i = 1.000000, inc_y_i = 1.000000
En el else......

----------------------------------------
x = 55.000000, y = 124.000000
avance = -151.000000, avanceR = 2.000000, avanceI = 2.000000
inc_x_r = 0.000000, inc_y_r = 1.000000, inc_x_i = 1.000000, inc_y_i = 1.000000
En el else......

----------------------------------------
x = 55.000000, y = 125.000000
avance = -149.000000, avanceR = 2.000000, avanceI = 2.000000
inc_x_r = 0.000000, inc_y_r = 1.000000, inc_x_i = 1.000000, inc_y_i = 1.000000
En el else......

----------------------------------------
x = 55.000000, y = 126.000000
avance = -147.000000, avanceR = 2.000000, avanceI = 2.000000
inc_x_r = 0.000000, inc_y_r = 1.000000, inc_x_i = 1.000000, inc_y_i = 1.000000
En el else......

----------------------------------------
x = 55.000000, y = 127.000000
avance = -145.000000, avanceR = 2.000000, avanceI = 2.000000
inc_x_r = 0.000000, inc_y_r = 1.000000, inc_x_i = 1.000000, inc_y_i = 1.000000
En el else......

----------------------------------------
x = 55.000000, y = 128.000000
avance = -143.000000, avanceR = 2.000000, avanceI = 2.000000
inc_x_r = 0.000000, inc_y_r = 1.000000, inc_x_i = 1.000000, inc_y_i = 1.000000
En el else......

----------------------------------------
x = 55.000000, y = 129.000000
avance = -141.000000, avanceR = 2.000000, avanceI = 2.000000
inc_x_r = 0.000000, inc_y_r = 1.000000, inc_x_i = 1.000000, inc_y_i = 1.000000
En el else......

----------------------------------------
x = 55.000000, y = 130.000000
avance = -139.000000, avanceR = 2.000000, avanceI = 2.000000
inc_x_r = 0.000000, inc_y_r = 1.000000, inc_x_i = 1.000000, inc_y_i = 1.000000
En el else......

----------------------------------------
x = 55.000000, y = 131.000000
avance = -137.000000, avanceR = 2.000000, avanceI = 2.000000
inc_x_r = 0.000000, inc_y_r = 1.000000, inc_x_i = 1.000000, inc_y_i = 1.000000
En el else......

----------------------------------------
x = 55.000000, y = 132.000000
avance = -135.000000, avanceR = 2.000000, avanceI = 2.000000
inc_x_r = 0.000000, inc_y_r = 1.000000, inc_x_i = 1.000000, inc_y_i = 1.000000
En el else......

----------------------------------------
x = 55.000000, y = 133.000000
avance = -133.000000, avanceR = 2.000000, avanceI = 2.000000
inc_x_r = 0.000000, inc_y_r = 1.000000, inc_x_i = 1.000000, inc_y_i = 1.000000
En el else......

----------------------------------------
x = 55.000000, y = 134.000000
avance = -131.000000, avanceR = 2.000000, avanceI = 2.000000
inc_x_r = 0.000000, inc_y_r = 1.000000, inc_x_i = 1.000000, inc_y_i = 1.000000
En el else......

----------------------------------------
x = 55.000000, y = 135.000000
avance = -129.000000, avanceR = 2.000000, avanceI = 2.000000
inc_x_r = 0.000000, inc_y_r = 1.000000, inc_x_i = 1.000000, inc_y_i = 1.000000
En el else......

----------------------------------------
x = 55.000000, y = 136.000000
avance = -127.000000, avanceR = 2.000000, avanceI = 2.000000
inc_x_r = 0.000000, inc_y_r = 1.000000, inc_x_i = 1.000000, inc_y_i = 1.000000
En el else......

----------------------------------------
x = 55.000000, y = 137.000000
avance = -125.000000, avanceR = 2.000000, avanceI = 2.000000
inc_x_r = 0.000000, inc_y_r = 1.000000, inc_x_i = 1.000000, inc_y_i = 1.000000
En el else......

----------------------------------------
x = 55.000000, y = 138.000000
avance = -123.000000, avanceR = 2.000000, avanceI = 2.000000
inc_x_r = 0.000000, inc_y_r = 1.000000, inc_x_i = 1.000000, inc_y_i = 1.000000
En el else......

----------------------------------------
x = 55.000000, y = 139.000000
avance = -121.000000, avanceR = 2.000000, avanceI = 2.000000
inc_x_r = 0.000000, inc_y_r = 1.000000, inc_x_i = 1.000000, inc_y_i = 1.000000
En el else......

----------------------------------------
x = 55.000000, y = 140.000000
avance = -119.000000, avanceR = 2.000000, avanceI = 2.000000
inc_x_r = 0.000000, inc_y_r = 1.000000, inc_x_i = 1.000000, inc_y_i = 1.000000
En el else......

----------------------------------------
x = 55.000000, y = 141.000000
avance = -117.000000, avanceR = 2.000000, avanceI = 2.000000
inc_x_r = 0.000000, inc_y_r = 1.000000, inc_x_i = 1.000000, inc_y_i = 1.000000
En el else......

----------------------------------------
x = 55.000000, y = 142.000000
avance = -115.000000, avanceR = 2.000000, avanceI = 2.000000
inc_x_r = 0.000000, inc_y_r = 1.000000, inc_x_i = 1.000000, inc_y_i = 1.000000
En el else......

----------------------------------------
x = 55.000000, y = 143.000000
avance = -113.000000, avanceR = 2.000000, avanceI = 2.000000
inc_x_r = 0.000000, inc_y_r = 1.000000, inc_x_i = 1.000000, inc_y_i = 1.000000
En el else......

----------------------------------------
x = 55.000000, y = 144.000000
avance = -111.000000, avanceR = 2.000000, avanceI = 2.000000
inc_x_r = 0.000000, inc_y_r = 1.000000, inc_x_i = 1.000000, inc_y_i = 1.000000
En el else......

----------------------------------------
x = 55.000000, y = 145.000000
avance = -109.000000, avanceR = 2.000000, avanceI = 2.000000
inc_x_r = 0.000000, inc_y_r = 1.000000, inc_x_i = 1.000000, inc_y_i = 1.000000
En el else......

----------------------------------------
x = 55.000000, y = 146.000000
avance = -107.000000, avanceR = 2.000000, avanceI = 2.000000
inc_x_r = 0.000000, inc_y_r = 1.000000, inc_x_i = 1.000000, inc_y_i = 1.000000
En el else......

----------------------------------------
x = 55.000000, y = 147.000000
avance = -105.000000, avanceR = 2.000000, avanceI = 2.000000
inc_x_r = 0.000000, inc_y_r = 1.000000, inc_x_i = 1.000000, inc_y_i = 1.000000
En el else......

----------------------------------------
x = 55.000000, y = 148.000000
avance = -103.000000, avanceR = 2.000000, avanceI = 2.000000
inc_x_r = 0.000000, inc_y_r = 1.000000, inc_x_i = 1.000000, inc_y_i = 1.000000
En el else......

----------------------------------------
x = 55.000000, y = 149.000000
avance = -101.000000, avanceR = 2.000000, avanceI = 2.000000
inc_x_r = 0.000000, inc_y_r = 1.000000, inc_x_i = 1.000000, inc_y_i = 1.000000
En el else......

----------------------------------------
x = 55.000000, y = 150.000000
avance = -99.000000, avanceR = 2.000000, avanceI = 2.000000
inc_x_r = 0.000000, inc_y_r = 1.000000, inc_x_i = 1.000000, inc_y_i = 1.000000
En el else......

----------------------------------------
x = 55.000000, y = 151.000000
avance = -97.000000, avanceR = 2.000000, avanceI = 2.000000
inc_x_r = 0.000000, inc_y_r = 1.000000, inc_x_i = 1.000000, inc_y_i = 1.000000
En el else......

----------------------------------------
x = 55.000000, y = 152.000000
avance = -95.000000, avanceR = 2.000000, avanceI = 2.000000
inc_x_r = 0.000000, inc_y_r = 1.000000, inc_x_i = 1.000000, inc_y_i = 1.000000
En el else......

----------------------------------------
x = 55.000000, y = 153.000000
avance = -93.000000, avanceR = 2.000000, avanceI = 2.000000
inc_x_r = 0.000000, inc_y_r = 1.000000, inc_x_i = 1.000000, inc_y_i = 1.000000
En el else......

----------------------------------------
x = 55.000000, y = 154.000000
avance = -91.000000, avanceR = 2.000000, avanceI = 2.000000
inc_x_r = 0.000000, inc_y_r = 1.000000, inc_x_i = 1.000000, inc_y_i = 1.000000
En el else......

----------------------------------------
x = 55.000000, y = 155.000000
avance = -89.000000, avanceR = 2.000000, avanceI = 2.000000
inc_x_r = 0.000000, inc_y_r = 1.000000, inc_x_i = 1.000000, inc_y_i = 1.000000
En el else......

----------------------------------------
x = 55.000000, y = 156.000000
avance = -87.000000, avanceR = 2.000000, avanceI = 2.000000
inc_x_r = 0.000000, inc_y_r = 1.000000, inc_x_i = 1.000000, inc_y_i = 1.000000
En el else......

----------------------------------------
x = 55.000000, y = 157.000000
avance = -85.000000, avanceR = 2.000000, avanceI = 2.000000
inc_x_r = 0.000000, inc_y_r = 1.000000, inc_x_i = 1.000000, inc_y_i = 1.000000
En el else......

----------------------------------------
x = 55.000000, y = 158.000000
avance = -83.000000, avanceR = 2.000000, avanceI = 2.000000
inc_x_r = 0.000000, inc_y_r = 1.000000, inc_x_i = 1.000000, inc_y_i = 1.000000
En el else......

----------------------------------------
x = 55.000000, y = 159.000000
avance = -81.000000, avanceR = 2.000000, avanceI = 2.000000
inc_x_r = 0.000000, inc_y_r = 1.000000, inc_x_i = 1.000000, inc_y_i = 1.000000
En el else......

----------------------------------------
x = 55.000000, y = 160.000000
avance = -79.000000, avanceR = 2.000000, avanceI = 2.000000
inc_x_r = 0.000000, inc_y_r = 1.000000, inc_x_i = 1.000000, inc_y_i = 1.000000
En el else......

----------------------------------------
x = 55.000000, y = 161.000000
avance = -77.000000, avanceR = 2.000000, avanceI = 2.000000
inc_x_r = 0.000000, inc_y_r = 1.000000, inc_x_i = 1.000000, inc_y_i = 1.000000
En el else......

----------------------------------------
x = 55.000000, y = 162.000000
avance = -75.000000, avanceR = 2.000000, avanceI = 2.000000
inc_x_r = 0.000000, inc_y_r = 1.000000, inc_x_i = 1.000000, inc_y_i = 1.000000
En el else......

----------------------------------------
x = 55.000000, y = 163.000000
avance = -73.000000, avanceR = 2.000000, avanceI = 2.000000
inc_x_r = 0.000000, inc_y_r = 1.000000, inc_x_i = 1.000000, inc_y_i = 1.000000
En el else......

----------------------------------------
x = 55.000000, y = 164.000000
avance = -71.000000, avanceR = 2.000000, avanceI = 2.000000
inc_x_r = 0.000000, inc_y_r = 1.000000, inc_x_i = 1.000000, inc_y_i = 1.000000
En el else......

----------------------------------------
x = 55.000000, y = 165.000000
avance = -69.000000, avanceR = 2.000000, avanceI = 2.000000
inc_x_r = 0.000000, inc_y_r = 1.000000, inc_x_i = 1.000000, inc_y_i = 1.000000
En el else......

----------------------------------------
x = 55.000000, y = 166.000000
avance = -67.000000, avanceR = 2.000000, avanceI = 2.000000
inc_x_r = 0.000000, inc_y_r = 1.000000, inc_x_i = 1.000000, inc_y_i = 1.000000
En el else......

----------------------------------------
x = 55.000000, y = 167.000000
avance = -65.000000, avanceR = 2.000000, avanceI = 2.000000
inc_x_r = 0.000000, inc_y_r = 1.000000, inc_x_i = 1.000000, inc_y_i = 1.000000
En el else......

----------------------------------------
x = 55.000000, y = 168.000000
avance = -63.000000, avanceR = 2.000000, avanceI = 2.000000
inc_x_r = 0.000000, inc_y_r = 1.000000, inc_x_i = 1.000000, inc_y_i = 1.000000
En el else......

----------------------------------------
x = 55.000000, y = 169.000000
avance = -61.000000, avanceR = 2.000000, avanceI = 2.000000
inc_x_r = 0.000000, inc_y_r = 1.000000, inc_x_i = 1.000000, inc_y_i = 1.000000
En el else......

----------------------------------------
x = 55.000000, y = 170.000000
avance = -59.000000, avanceR = 2.000000, avanceI = 2.000000
inc_x_r = 0.000000, inc_y_r = 1.000000, inc_x_i = 1.000000, inc_y_i = 1.000000
En el else......

----------------------------------------
x = 55.000000, y = 171.000000
avance = -57.000000, avanceR = 2.000000, avanceI = 2.000000
inc_x_r = 0.000000, inc_y_r = 1.000000, inc_x_i = 1.000000, inc_y_i = 1.000000
En el else......

----------------------------------------
x = 55.000000, y = 172.000000
avance = -55.000000, avanceR = 2.000000, avanceI = 2.000000
inc_x_r = 0.000000, inc_y_r = 1.000000, inc_x_i = 1.000000, inc_y_i = 1.000000
En el else......

----------------------------------------
x = 55.000000, y = 173.000000
avance = -53.000000, avanceR = 2.000000, avanceI = 2.000000
inc_x_r = 0.000000, inc_y_r = 1.000000, inc_x_i = 1.000000, inc_y_i = 1.000000
En el else......

----------------------------------------
x = 55.000000, y = 174.000000
avance = -51.000000, avanceR = 2.000000, avanceI = 2.000000
inc_x_r = 0.000000, inc_y_r = 1.000000, inc_x_i = 1.000000, inc_y_i = 1.000000
En el else......

----------------------------------------
x = 55.000000, y = 175.000000
avance = -49.000000, avanceR = 2.000000, avanceI = 2.000000
inc_x_r = 0.000000, inc_y_r = 1.000000, inc_x_i = 1.000000, inc_y_i = 1.000000
En el else......

----------------------------------------
x = 55.000000, y = 176.000000
avance = -47.000000, avanceR = 2.000000, avanceI = 2.000000
inc_x_r = 0.000000, inc_y_r = 1.000000, inc_x_i = 1.000000, inc_y_i = 1.000000
En el else......

----------------------------------------
x = 55.000000, y = 177.000000
avance = -45.000000, avanceR = 2.000000, avanceI = 2.000000
inc_x_r = 0.000000, inc_y_r = 1.000000, inc_x_i = 1.000000, inc_y_i = 1.000000
En el else......

----------------------------------------
x = 55.000000, y = 178.000000
avance = -43.000000, avanceR = 2.000000, avanceI = 2.000000
inc_x_r = 0.000000, inc_y_r = 1.000000, inc_x_i = 1.000000, inc_y_i = 1.000000
En el else......

----------------------------------------
x = 55.000000, y = 179.000000
avance = -41.000000, avanceR = 2.000000, avanceI = 2.000000
inc_x_r = 0.000000, inc_y_r = 1.000000, inc_x_i = 1.000000, inc_y_i = 1.000000
En el else......

----------------------------------------
x = 55.000000, y = 180.000000
avance = -39.000000, avanceR = 2.000000, avanceI = 2.000000
inc_x_r = 0.000000, inc_y_r = 1.000000, inc_x_i = 1.000000, inc_y_i = 1.000000
En el else......

----------------------------------------
x = 55.000000, y = 181.000000
avance = -37.000000, avanceR = 2.000000, avanceI = 2.000000
inc_x_r = 0.000000, inc_y_r = 1.000000, inc_x_i = 1.000000, inc_y_i = 1.000000
En el else......

----------------------------------------
x = 55.000000, y = 182.000000
avance = -35.000000, avanceR = 2.000000, avanceI = 2.000000
inc_x_r = 0.000000, inc_y_r = 1.000000, inc_x_i = 1.000000, inc_y_i = 1.000000
En el else......

----------------------------------------
x = 55.000000, y = 183.000000
avance = -33.000000, avanceR = 2.000000, avanceI = 2.000000
inc_x_r = 0.000000, inc_y_r = 1.000000, inc_x_i = 1.000000, inc_y_i = 1.000000
En el else......

----------------------------------------
x = 55.000000, y = 184.000000
avance = -31.000000, avanceR = 2.000000, avanceI = 2.000000
inc_x_r = 0.000000, inc_y_r = 1.000000, inc_x_i = 1.000000, inc_y_i = 1.000000
En el else......

----------------------------------------
x = 55.000000, y = 185.000000
avance = -29.000000, avanceR = 2.000000, avanceI = 2.000000
inc_x_r = 0.000000, inc_y_r = 1.000000, inc_x_i = 1.000000, inc_y_i = 1.000000
En el else......

----------------------------------------
x = 55.000000, y = 186.000000
avance = -27.000000, avanceR = 2.000000, avanceI = 2.000000
inc_x_r = 0.000000, inc_y_r = 1.000000, inc_x_i = 1.000000, inc_y_i = 1.000000
En el else......

----------------------------------------
x = 55.000000, y = 187.000000
avance = -25.000000, avanceR = 2.000000, avanceI = 2.000000
inc_x_r = 0.000000, inc_y_r = 1.000000, inc_x_i = 1.000000, inc_y_i = 1.000000
En el else......

----------------------------------------
x = 55.000000, y = 188.000000
avance = -23.000000, avanceR = 2.000000, avanceI = 2.000000
inc_x_r = 0.000000, inc_y_r = 1.000000, inc_x_i = 1.000000, inc_y_i = 1.000000
En el else......

----------------------------------------
x = 55.000000, y = 189.000000
avance = -21.000000, avanceR = 2.000000, avanceI = 2.000000
inc_x_r = 0.000000, inc_y_r = 1.000000, inc_x_i = 1.000000, inc_y_i = 1.000000
En el else......

----------------------------------------
x = 55.000000, y = 190.000000
avance = -19.000000, avanceR = 2.000000, avanceI = 2.000000
inc_x_r = 0.000000, inc_y_r = 1.000000, inc_x_i = 1.000000, inc_y_i = 1.000000
En el else......

----------------------------------------
x = 55.000000, y = 191.000000
avance = -17.000000, avanceR = 2.000000, avanceI = 2.000000
inc_x_r = 0.000000, inc_y_r = 1.000000, inc_x_i = 1.000000, inc_y_i = 1.000000
En el else......

----------------------------------------
x = 55.000000, y = 192.000000
avance = -15.000000, avanceR = 2.000000, avanceI = 2.000000
inc_x_r = 0.000000, inc_y_r = 1.000000, inc_x_i = 1.000000, inc_y_i = 1.000000
En el else......

----------------------------------------
x = 55.000000, y = 193.000000
avance = -13.000000, avanceR = 2.000000, avanceI = 2.000000
inc_x_r = 0.000000, inc_y_r = 1.000000, inc_x_i = 1.000000, inc_y_i = 1.000000
En el else......

----------------------------------------
x = 55.000000, y = 194.000000
avance = -11.000000, avanceR = 2.000000, avanceI = 2.000000
inc_x_r = 0.000000, inc_y_r = 1.000000, inc_x_i = 1.000000, inc_y_i = 1.000000
En el else......

----------------------------------------
x = 55.000000, y = 195.000000
avance = -9.000000, avanceR = 2.000000, avanceI = 2.000000
inc_x_r = 0.000000, inc_y_r = 1.000000, inc_x_i = 1.000000, inc_y_i = 1.000000
En el else......

----------------------------------------
x = 55.000000, y = 196.000000
avance = -7.000000, avanceR = 2.000000, avanceI = 2.000000
inc_x_r = 0.000000, inc_y_r = 1.000000, inc_x_i = 1.000000, inc_y_i = 1.000000
En el else......

----------------------------------------
x = 55.000000, y = 197.000000
avance = -5.000000, avanceR = 2.000000, avanceI = 2.000000
inc_x_r = 0.000000, inc_y_r = 1.000000, inc_x_i = 1.000000, inc_y_i = 1.000000
En el else......

----------------------------------------
x = 55.000000, y = 198.000000
avance = -3.000000, avanceR = 2.000000, avanceI = 2.000000
inc_x_r = 0.000000, inc_y_r = 1.000000, inc_x_i = 1.000000, inc_y_i = 1.000000
En el else......

----------------------------------------
x = 55.000000, y = 199.000000
avance = -1.000000, avanceR = 2.000000, avanceI = 2.000000
inc_x_r = 0.000000, inc_y_r = 1.000000, inc_x_i = 1.000000, inc_y_i = 1.000000
En el else......

----------------------------------------
x = 55.000000, y = 200.000000
avance = 1.000000, avanceR = 2.000000, avanceI = 2.000000
inc_x_r = 0.000000, inc_y_r = 1.000000, inc_x_i = 1.000000, inc_y_i = 1.000000
avance >= 0

----------------------------------------
x = 56.000000, y = 201.000000
avance = -499.000000, avanceR = 2.000000, avanceI = 2.000000
inc_x_r = 0.000000, inc_y_r = 1.000000, inc_x_i = 1.000000, inc_y_i = 1.000000
En el else......

----------------------------------------
x = 56.000000, y = 202.000000
avance = -497.000000, avanceR = 2.000000, avanceI = 2.000000
inc_x_r = 0.000000, inc_y_r = 1.000000, inc_x_i = 1.000000, inc_y_i = 1.000000
En el else......

----------------------------------------
x = 56.000000, y = 203.000000
avance = -495.000000, avanceR = 2.000000, avanceI = 2.000000
inc_x_r = 0.000000, inc_y_r = 1.000000, inc_x_i = 1.000000, inc_y_i = 1.000000
En el else......

----------------------------------------
x = 56.000000, y = 204.000000
avance = -493.000000, avanceR = 2.000000, avanceI = 2.000000
inc_x_r = 0.000000, inc_y_r = 1.000000, inc_x_i = 1.000000, inc_y_i = 1.000000
En el else......

----------------------------------------
x = 56.000000, y = 205.000000
avance = -491.000000, avanceR = 2.000000, avanceI = 2.000000
inc_x_r = 0.000000, inc_y_r = 1.000000, inc_x_i = 1.000000, inc_y_i = 1.000000
En el else......

----------------------------------------
x = 56.000000, y = 206.000000
avance = -489.000000, avanceR = 2.000000, avanceI = 2.000000
inc_x_r = 0.000000, inc_y_r = 1.000000, inc_x_i = 1.000000, inc_y_i = 1.000000
En el else......

----------------------------------------
x = 56.000000, y = 207.000000
avance = -487.000000, avanceR = 2.000000, avanceI = 2.000000
inc_x_r = 0.000000, inc_y_r = 1.000000, inc_x_i = 1.000000, inc_y_i = 1.000000
En el else......

----------------------------------------
x = 56.000000, y = 208.000000
avance = -485.000000, avanceR = 2.000000, avanceI = 2.000000
inc_x_r = 0.000000, inc_y_r = 1.000000, inc_x_i = 1.000000, inc_y_i = 1.000000
En el else......

----------------------------------------
x = 56.000000, y = 209.000000
avance = -483.000000, avanceR = 2.000000, avanceI = 2.000000
inc_x_r = 0.000000, inc_y_r = 1.000000, inc_x_i = 1.000000, inc_y_i = 1.000000
En el else......

----------------------------------------
x = 56.000000, y = 210.000000
avance = -481.000000, avanceR = 2.000000, avanceI = 2.000000
inc_x_r = 0.000000, inc_y_r = 1.000000, inc_x_i = 1.000000, inc_y_i = 1.000000
En el else......

----------------------------------------
x = 56.000000, y = 211.000000
avance = -479.000000, avanceR = 2.000000, avanceI = 2.000000
inc_x_r = 0.000000, inc_y_r = 1.000000, inc_x_i = 1.000000, inc_y_i = 1.000000
En el else......

----------------------------------------
x = 56.000000, y = 212.000000
avance = -477.000000, avanceR = 2.000000, avanceI = 2.000000
inc_x_r = 0.000000, inc_y_r = 1.000000, inc_x_i = 1.000000, inc_y_i = 1.000000
En el else......

----------------------------------------
x = 56.000000, y = 213.000000
avance = -475.000000, avanceR = 2.000000, avanceI = 2.000000
inc_x_r = 0.000000, inc_y_r = 1.000000, inc_x_i = 1.000000, inc_y_i = 1.000000
En el else......

----------------------------------------
x = 56.000000, y = 214.000000
avance = -473.000000, avanceR = 2.000000, avanceI = 2.000000
inc_x_r = 0.000000, inc_y_r = 1.000000, inc_x_i = 1.000000, inc_y_i = 1.000000
En el else......

----------------------------------------
x = 56.000000, y = 215.000000
avance = -471.000000, avanceR = 2.000000, avanceI = 2.000000
inc_x_r = 0.000000, inc_y_r = 1.000000, inc_x_i = 1.000000, inc_y_i = 1.000000
En el else......

----------------------------------------
x = 56.000000, y = 216.000000
avance = -469.000000, avanceR = 2.000000, avanceI = 2.000000
inc_x_r = 0.000000, inc_y_r = 1.000000, inc_x_i = 1.000000, inc_y_i = 1.000000
En el else......

----------------------------------------
x = 56.000000, y = 217.000000
avance = -467.000000, avanceR = 2.000000, avanceI = 2.000000
inc_x_r = 0.000000, inc_y_r = 1.000000, inc_x_i = 1.000000, inc_y_i = 1.000000
En el else......

----------------------------------------
x = 56.000000, y = 218.000000
avance = -465.000000, avanceR = 2.000000, avanceI = 2.000000
inc_x_r = 0.000000, inc_y_r = 1.000000, inc_x_i = 1.000000, inc_y_i = 1.000000
En el else......

----------------------------------------
x = 56.000000, y = 219.000000
avance = -463.000000, avanceR = 2.000000, avanceI = 2.000000
inc_x_r = 0.000000, inc_y_r = 1.000000, inc_x_i = 1.000000, inc_y_i = 1.000000
En el else......

----------------------------------------
x = 56.000000, y = 220.000000
avance = -461.000000, avanceR = 2.000000, avanceI = 2.000000
inc_x_r = 0.000000, inc_y_r = 1.000000, inc_x_i = 1.000000, inc_y_i = 1.000000
En el else......

----------------------------------------
x = 56.000000, y = 221.000000
avance = -459.000000, avanceR = 2.000000, avanceI = 2.000000
inc_x_r = 0.000000, inc_y_r = 1.000000, inc_x_i = 1.000000, inc_y_i = 1.000000
En el else......

----------------------------------------
x = 56.000000, y = 222.000000
avance = -457.000000, avanceR = 2.000000, avanceI = 2.000000
inc_x_r = 0.000000, inc_y_r = 1.000000, inc_x_i = 1.000000, inc_y_i = 1.000000
En el else......

----------------------------------------
x = 56.000000, y = 223.000000
avance = -455.000000, avanceR = 2.000000, avanceI = 2.000000
inc_x_r = 0.000000, inc_y_r = 1.000000, inc_x_i = 1.000000, inc_y_i = 1.000000
En el else......

----------------------------------------
x = 56.000000, y = 224.000000
avance = -453.000000, avanceR = 2.000000, avanceI = 2.000000
inc_x_r = 0.000000, inc_y_r = 1.000000, inc_x_i = 1.000000, inc_y_i = 1.000000
En el else......

----------------------------------------
x = 56.000000, y = 225.000000
avance = -451.000000, avanceR = 2.000000, avanceI = 2.000000
inc_x_r = 0.000000, inc_y_r = 1.000000, inc_x_i = 1.000000, inc_y_i = 1.000000
En el else......

----------------------------------------
x = 56.000000, y = 226.000000
avance = -449.000000, avanceR = 2.000000, avanceI = 2.000000
inc_x_r = 0.000000, inc_y_r = 1.000000, inc_x_i = 1.000000, inc_y_i = 1.000000
En el else......

----------------------------------------
x = 56.000000, y = 227.000000
avance = -447.000000, avanceR = 2.000000, avanceI = 2.000000
inc_x_r = 0.000000, inc_y_r = 1.000000, inc_x_i = 1.000000, inc_y_i = 1.000000
En el else......

----------------------------------------
x = 56.000000, y = 228.000000
avance = -445.000000, avanceR = 2.000000, avanceI = 2.000000
inc_x_r = 0.000000, inc_y_r = 1.000000, inc_x_i = 1.000000, inc_y_i = 1.000000
En el else......

----------------------------------------
x = 56.000000, y = 229.000000
avance = -443.000000, avanceR = 2.000000, avanceI = 2.000000
inc_x_r = 0.000000, inc_y_r = 1.000000, inc_x_i = 1.000000, inc_y_i = 1.000000
En el else......

----------------------------------------
x = 56.000000, y = 230.000000
avance = -441.000000, avanceR = 2.000000, avanceI = 2.000000
inc_x_r = 0.000000, inc_y_r = 1.000000, inc_x_i = 1.000000, inc_y_i = 1.000000
En el else......

----------------------------------------
x = 56.000000, y = 231.000000
avance = -439.000000, avanceR = 2.000000, avanceI = 2.000000
inc_x_r = 0.000000, inc_y_r = 1.000000, inc_x_i = 1.000000, inc_y_i = 1.000000
En el else......

----------------------------------------
x = 56.000000, y = 232.000000
avance = -437.000000, avanceR = 2.000000, avanceI = 2.000000
inc_x_r = 0.000000, inc_y_r = 1.000000, inc_x_i = 1.000000, inc_y_i = 1.000000
En el else......

----------------------------------------
x = 56.000000, y = 233.000000
avance = -435.000000, avanceR = 2.000000, avanceI = 2.000000
inc_x_r = 0.000000, inc_y_r = 1.000000, inc_x_i = 1.000000, inc_y_i = 1.000000
En el else......

----------------------------------------
x = 56.000000, y = 234.000000
avance = -433.000000, avanceR = 2.000000, avanceI = 2.000000
inc_x_r = 0.000000, inc_y_r = 1.000000, inc_x_i = 1.000000, inc_y_i = 1.000000
En el else......

----------------------------------------
x = 56.000000, y = 235.000000
avance = -431.000000, avanceR = 2.000000, avanceI = 2.000000
inc_x_r = 0.000000, inc_y_r = 1.000000, inc_x_i = 1.000000, inc_y_i = 1.000000
En el else......

----------------------------------------
x = 56.000000, y = 236.000000
avance = -429.000000, avanceR = 2.000000, avanceI = 2.000000
inc_x_r = 0.000000, inc_y_r = 1.000000, inc_x_i = 1.000000, inc_y_i = 1.000000
En el else......

----------------------------------------
x = 56.000000, y = 237.000000
avance = -427.000000, avanceR = 2.000000, avanceI = 2.000000
inc_x_r = 0.000000, inc_y_r = 1.000000, inc_x_i = 1.000000, inc_y_i = 1.000000
En el else......

----------------------------------------
x = 56.000000, y = 238.000000
avance = -425.000000, avanceR = 2.000000, avanceI = 2.000000
inc_x_r = 0.000000, inc_y_r = 1.000000, inc_x_i = 1.000000, inc_y_i = 1.000000
En el else......

----------------------------------------
x = 56.000000, y = 239.000000
avance = -423.000000, avanceR = 2.000000, avanceI = 2.000000
inc_x_r = 0.000000, inc_y_r = 1.000000, inc_x_i = 1.000000, inc_y_i = 1.000000
En el else......

----------------------------------------
x = 56.000000, y = 240.000000
avance = -421.000000, avanceR = 2.000000, avanceI = 2.000000
inc_x_r = 0.000000, inc_y_r = 1.000000, inc_x_i = 1.000000, inc_y_i = 1.000000
En el else......

----------------------------------------
x = 56.000000, y = 241.000000
avance = -419.000000, avanceR = 2.000000, avanceI = 2.000000
inc_x_r = 0.000000, inc_y_r = 1.000000, inc_x_i = 1.000000, inc_y_i = 1.000000
En el else......

----------------------------------------
x = 56.000000, y = 242.000000
avance = -417.000000, avanceR = 2.000000, avanceI = 2.000000
inc_x_r = 0.000000, inc_y_r = 1.000000, inc_x_i = 1.000000, inc_y_i = 1.000000
En el else......

----------------------------------------
x = 56.000000, y = 243.000000
avance = -415.000000, avanceR = 2.000000, avanceI = 2.000000
inc_x_r = 0.000000, inc_y_r = 1.000000, inc_x_i = 1.000000, inc_y_i = 1.000000
En el else......

----------------------------------------
x = 56.000000, y = 244.000000
avance = -413.000000, avanceR = 2.000000, avanceI = 2.000000
inc_x_r = 0.000000, inc_y_r = 1.000000, inc_x_i = 1.000000, inc_y_i = 1.000000
En el else......

----------------------------------------
x = 56.000000, y = 245.000000
avance = -411.000000, avanceR = 2.000000, avanceI = 2.000000
inc_x_r = 0.000000, inc_y_r = 1.000000, inc_x_i = 1.000000, inc_y_i = 1.000000
En el else......

----------------------------------------
x = 56.000000, y = 246.000000
avance = -409.000000, avanceR = 2.000000, avanceI = 2.000000
inc_x_r = 0.000000, inc_y_r = 1.000000, inc_x_i = 1.000000, inc_y_i = 1.000000
En el else......

----------------------------------------
x = 56.000000, y = 247.000000
avance = -407.000000, avanceR = 2.000000, avanceI = 2.000000
inc_x_r = 0.000000, inc_y_r = 1.000000, inc_x_i = 1.000000, inc_y_i = 1.000000
En el else......

----------------------------------------
x = 56.000000, y = 248.000000
avance = -405.000000, avanceR = 2.000000, avanceI = 2.000000
inc_x_r = 0.000000, inc_y_r = 1.000000, inc_x_i = 1.000000, inc_y_i = 1.000000
En el else......

----------------------------------------
x = 56.000000, y = 249.000000
avance = -403.000000, avanceR = 2.000000, avanceI = 2.000000
inc_x_r = 0.000000, inc_y_r = 1.000000, inc_x_i = 1.000000, inc_y_i = 1.000000
En el else......

----------------------------------------
x = 56.000000, y = 250.000000
avance = -401.000000, avanceR = 2.000000, avanceI = 2.000000
inc_x_r = 0.000000, inc_y_r = 1.000000, inc_x_i = 1.000000, inc_y_i = 1.000000
En el else......

----------------------------------------
x = 56.000000, y = 251.000000
avance = -399.000000, avanceR = 2.000000, avanceI = 2.000000
inc_x_r = 0.000000, inc_y_r = 1.000000, inc_x_i = 1.000000, inc_y_i = 1.000000
En el else......

----------------------------------------
x = 56.000000, y = 252.000000
avance = -397.000000, avanceR = 2.000000, avanceI = 2.000000
inc_x_r = 0.000000, inc_y_r = 1.000000, inc_x_i = 1.000000, inc_y_i = 1.000000
En el else......

----------------------------------------
x = 56.000000, y = 253.000000
avance = -395.000000, avanceR = 2.000000, avanceI = 2.000000
inc_x_r = 0.000000, inc_y_r = 1.000000, inc_x_i = 1.000000, inc_y_i = 1.000000
En el else......

----------------------------------------
x = 56.000000, y = 254.000000
avance = -393.000000, avanceR = 2.000000, avanceI = 2.000000
inc_x_r = 0.000000, inc_y_r = 1.000000, inc_x_i = 1.000000, inc_y_i = 1.000000
En el else......

----------------------------------------
x = 56.000000, y = 255.000000
avance = -391.000000, avanceR = 2.000000, avanceI = 2.000000
inc_x_r = 0.000000, inc_y_r = 1.000000, inc_x_i = 1.000000, inc_y_i = 1.000000
En el else......

----------------------------------------
x = 56.000000, y = 256.000000
avance = -389.000000, avanceR = 2.000000, avanceI = 2.000000
inc_x_r = 0.000000, inc_y_r = 1.000000, inc_x_i = 1.000000, inc_y_i = 1.000000
En el else......

----------------------------------------
x = 56.000000, y = 257.000000
avance = -387.000000, avanceR = 2.000000, avanceI = 2.000000
inc_x_r = 0.000000, inc_y_r = 1.000000, inc_x_i = 1.000000, inc_y_i = 1.000000
En el else......

----------------------------------------
x = 56.000000, y = 258.000000
avance = -385.000000, avanceR = 2.000000, avanceI = 2.000000
inc_x_r = 0.000000, inc_y_r = 1.000000, inc_x_i = 1.000000, inc_y_i = 1.000000
En el else......

----------------------------------------
x = 56.000000, y = 259.000000
avance = -383.000000, avanceR = 2.000000, avanceI = 2.000000
inc_x_r = 0.000000, inc_y_r = 1.000000, inc_x_i = 1.000000, inc_y_i = 1.000000
En el else......

----------------------------------------
x = 56.000000, y = 260.000000
avance = -381.000000, avanceR = 2.000000, avanceI = 2.000000
inc_x_r = 0.000000, inc_y_r = 1.000000, inc_x_i = 1.000000, inc_y_i = 1.000000
En el else......

----------------------------------------
x = 56.000000, y = 261.000000
avance = -379.000000, avanceR = 2.000000, avanceI = 2.000000
inc_x_r = 0.000000, inc_y_r = 1.000000, inc_x_i = 1.000000, inc_y_i = 1.000000
En el else......

----------------------------------------
x = 56.000000, y = 262.000000
avance = -377.000000, avanceR = 2.000000, avanceI = 2.000000
inc_x_r = 0.000000, inc_y_r = 1.000000, inc_x_i = 1.000000, inc_y_i = 1.000000
En el else......

----------------------------------------
x = 56.000000, y = 263.000000
avance = -375.000000, avanceR = 2.000000, avanceI = 2.000000
inc_x_r = 0.000000, inc_y_r = 1.000000, inc_x_i = 1.000000, inc_y_i = 1.000000
En el else......

----------------------------------------
x = 56.000000, y = 264.000000
avance = -373.000000, avanceR = 2.000000, avanceI = 2.000000
inc_x_r = 0.000000, inc_y_r = 1.000000, inc_x_i = 1.000000, inc_y_i = 1.000000
En el else......

----------------------------------------
x = 56.000000, y = 265.000000
avance = -371.000000, avanceR = 2.000000, avanceI = 2.000000
inc_x_r = 0.000000, inc_y_r = 1.000000, inc_x_i = 1.000000, inc_y_i = 1.000000
En el else......

----------------------------------------
x = 56.000000, y = 266.000000
avance = -369.000000, avanceR = 2.000000, avanceI = 2.000000
inc_x_r = 0.000000, inc_y_r = 1.000000, inc_x_i = 1.000000, inc_y_i = 1.000000
En el else......

----------------------------------------
x = 56.000000, y = 267.000000
avance = -367.000000, avanceR = 2.000000, avanceI = 2.000000
inc_x_r = 0.000000, inc_y_r = 1.000000, inc_x_i = 1.000000, inc_y_i = 1.000000
En el else......

----------------------------------------
x = 56.000000, y = 268.000000
avance = -365.000000, avanceR = 2.000000, avanceI = 2.000000
inc_x_r = 0.000000, inc_y_r = 1.000000, inc_x_i = 1.000000, inc_y_i = 1.000000
En el else......

----------------------------------------
x = 56.000000, y = 269.000000
avance = -363.000000, avanceR = 2.000000, avanceI = 2.000000
inc_x_r = 0.000000, inc_y_r = 1.000000, inc_x_i = 1.000000, inc_y_i = 1.000000
En el else......

----------------------------------------
x = 56.000000, y = 270.000000
avance = -361.000000, avanceR = 2.000000, avanceI = 2.000000
inc_x_r = 0.000000, inc_y_r = 1.000000, inc_x_i = 1.000000, inc_y_i = 1.000000
En el else......

----------------------------------------
x = 56.000000, y = 271.000000
avance = -359.000000, avanceR = 2.000000, avanceI = 2.000000
inc_x_r = 0.000000, inc_y_r = 1.000000, inc_x_i = 1.000000, inc_y_i = 1.000000
En el else......

----------------------------------------
x = 56.000000, y = 272.000000
avance = -357.000000, avanceR = 2.000000, avanceI = 2.000000
inc_x_r = 0.000000, inc_y_r = 1.000000, inc_x_i = 1.000000, inc_y_i = 1.000000
En el else......

----------------------------------------
x = 56.000000, y = 273.000000
avance = -355.000000, avanceR = 2.000000, avanceI = 2.000000
inc_x_r = 0.000000, inc_y_r = 1.000000, inc_x_i = 1.000000, inc_y_i = 1.000000
En el else......

----------------------------------------
x = 56.000000, y = 274.000000
avance = -353.000000, avanceR = 2.000000, avanceI = 2.000000
inc_x_r = 0.000000, inc_y_r = 1.000000, inc_x_i = 1.000000, inc_y_i = 1.000000
En el else......

----------------------------------------
x = 56.000000, y = 275.000000
avance = -351.000000, avanceR = 2.000000, avanceI = 2.000000
inc_x_r = 0.000000, inc_y_r = 1.000000, inc_x_i = 1.000000, inc_y_i = 1.000000
En el else......

----------------------------------------
x = 56.000000, y = 276.000000
avance = -349.000000, avanceR = 2.000000, avanceI = 2.000000
inc_x_r = 0.000000, inc_y_r = 1.000000, inc_x_i = 1.000000, inc_y_i = 1.000000
En el else......

----------------------------------------
x = 56.000000, y = 277.000000
avance = -347.000000, avanceR = 2.000000, avanceI = 2.000000
inc_x_r = 0.000000, inc_y_r = 1.000000, inc_x_i = 1.000000, inc_y_i = 1.000000
En el else......

----------------------------------------
x = 56.000000, y = 278.000000
avance = -345.000000, avanceR = 2.000000, avanceI = 2.000000
inc_x_r = 0.000000, inc_y_r = 1.000000, inc_x_i = 1.000000, inc_y_i = 1.000000
En el else......

----------------------------------------
x = 56.000000, y = 279.000000
avance = -343.000000, avanceR = 2.000000, avanceI = 2.000000
inc_x_r = 0.000000, inc_y_r = 1.000000, inc_x_i = 1.000000, inc_y_i = 1.000000
En el else......

----------------------------------------
x = 56.000000, y = 280.000000
avance = -341.000000, avanceR = 2.000000, avanceI = 2.000000
inc_x_r = 0.000000, inc_y_r = 1.000000, inc_x_i = 1.000000, inc_y_i = 1.000000
En el else......

----------------------------------------
x = 56.000000, y = 281.000000
avance = -339.000000, avanceR = 2.000000, avanceI = 2.000000
inc_x_r = 0.000000, inc_y_r = 1.000000, inc_x_i = 1.000000, inc_y_i = 1.000000
En el else......

----------------------------------------
x = 56.000000, y = 282.000000
avance = -337.000000, avanceR = 2.000000, avanceI = 2.000000
inc_x_r = 0.000000, inc_y_r = 1.000000, inc_x_i = 1.000000, inc_y_i = 1.000000
En el else......

----------------------------------------
x = 56.000000, y = 283.000000
avance = -335.000000, avanceR = 2.000000, avanceI = 2.000000
inc_x_r = 0.000000, inc_y_r = 1.000000, inc_x_i = 1.000000, inc_y_i = 1.000000
En el else......

----------------------------------------
x = 56.000000, y = 284.000000
avance = -333.000000, avanceR = 2.000000, avanceI = 2.000000
inc_x_r = 0.000000, inc_y_r = 1.000000, inc_x_i = 1.000000, inc_y_i = 1.000000
En el else......

----------------------------------------
x = 56.000000, y = 285.000000
avance = -331.000000, avanceR = 2.000000, avanceI = 2.000000
inc_x_r = 0.000000, inc_y_r = 1.000000, inc_x_i = 1.000000, inc_y_i = 1.000000
En el else......

----------------------------------------
x = 56.000000, y = 286.000000
avance = -329.000000, avanceR = 2.000000, avanceI = 2.000000
inc_x_r = 0.000000, inc_y_r = 1.000000, inc_x_i = 1.000000, inc_y_i = 1.000000
En el else......

----------------------------------------
x = 56.000000, y = 287.000000
avance = -327.000000, avanceR = 2.000000, avanceI = 2.000000
inc_x_r = 0.000000, inc_y_r = 1.000000, inc_x_i = 1.000000, inc_y_i = 1.000000
En el else......

----------------------------------------
x = 56.000000, y = 288.000000
avance = -325.000000, avanceR = 2.000000, avanceI = 2.000000
inc_x_r = 0.000000, inc_y_r = 1.000000, inc_x_i = 1.000000, inc_y_i = 1.000000
En el else......

----------------------------------------
x = 56.000000, y = 289.000000
avance = -323.000000, avanceR = 2.000000, avanceI = 2.000000
inc_x_r = 0.000000, inc_y_r = 1.000000, inc_x_i = 1.000000, inc_y_i = 1.000000
En el else......

----------------------------------------
x = 56.000000, y = 290.000000
avance = -321.000000, avanceR = 2.000000, avanceI = 2.000000
inc_x_r = 0.000000, inc_y_r = 1.000000, inc_x_i = 1.000000, inc_y_i = 1.000000
En el else......

----------------------------------------
x = 56.000000, y = 291.000000
avance = -319.000000, avanceR = 2.000000, avanceI = 2.000000
inc_x_r = 0.000000, inc_y_r = 1.000000, inc_x_i = 1.000000, inc_y_i = 1.000000
En el else......

----------------------------------------
x = 56.000000, y = 292.000000
avance = -317.000000, avanceR = 2.000000, avanceI = 2.000000
inc_x_r = 0.000000, inc_y_r = 1.000000, inc_x_i = 1.000000, inc_y_i = 1.000000
En el else......

----------------------------------------
x = 56.000000, y = 293.000000
avance = -315.000000, avanceR = 2.000000, avanceI = 2.000000
inc_x_r = 0.000000, inc_y_r = 1.000000, inc_x_i = 1.000000, inc_y_i = 1.000000
En el else......

----------------------------------------
x = 56.000000, y = 294.000000
avance = -313.000000, avanceR = 2.000000, avanceI = 2.000000
inc_x_r = 0.000000, inc_y_r = 1.000000, inc_x_i = 1.000000, inc_y_i = 1.000000
En el else......

----------------------------------------
x = 56.000000, y = 295.000000
avance = -311.000000, avanceR = 2.000000, avanceI = 2.000000
inc_x_r = 0.000000, inc_y_r = 1.000000, inc_x_i = 1.000000, inc_y_i = 1.000000
En el else......

----------------------------------------
x = 56.000000, y = 296.000000
avance = -309.000000, avanceR = 2.000000, avanceI = 2.000000
inc_x_r = 0.000000, inc_y_r = 1.000000, inc_x_i = 1.000000, inc_y_i = 1.000000
En el else......

----------------------------------------
x = 56.000000, y = 297.000000
avance = -307.000000, avanceR = 2.000000, avanceI = 2.000000
inc_x_r = 0.000000, inc_y_r = 1.000000, inc_x_i = 1.000000, inc_y_i = 1.000000
En el else......

----------------------------------------
x = 56.000000, y = 298.000000
avance = -305.000000, avanceR = 2.000000, avanceI = 2.000000
inc_x_r = 0.000000, inc_y_r = 1.000000, inc_x_i = 1.000000, inc_y_i = 1.000000
En el else......

----------------------------------------
x = 56.000000, y = 299.000000
avance = -303.000000, avanceR = 2.000000, avanceI = 2.000000
inc_x_r = 0.000000, inc_y_r = 1.000000, inc_x_i = 1.000000, inc_y_i = 1.000000
En el else......

----------------------------------------
x = 56.000000, y = 300.000000
avance = -301.000000, avanceR = 2.000000, avanceI = 2.000000
inc_x_r = 0.000000, inc_y_r = 1.000000, inc_x_i = 1.000000, inc_y_i = 1.000000
En el else......

----------------------------------------
x = 56.000000, y = 301.000000
avance = -299.000000, avanceR = 2.000000, avanceI = 2.000000
inc_x_r = 0.000000, inc_y_r = 1.000000, inc_x_i = 1.000000, inc_y_i = 1.000000
En el else......

----------------------------------------
x = 56.000000, y = 302.000000
avance = -297.000000, avanceR = 2.000000, avanceI = 2.000000
inc_x_r = 0.000000, inc_y_r = 1.000000, inc_x_i = 1.000000, inc_y_i = 1.000000
En el else......

----------------------------------------
x = 56.000000, y = 303.000000
avance = -295.000000, avanceR = 2.000000, avanceI = 2.000000
inc_x_r = 0.000000, inc_y_r = 1.000000, inc_x_i = 1.000000, inc_y_i = 1.000000
En el else......

----------------------------------------
x = 56.000000, y = 304.000000
avance = -293.000000, avanceR = 2.000000, avanceI = 2.000000
inc_x_r = 0.000000, inc_y_r = 1.000000, inc_x_i = 1.000000, inc_y_i = 1.000000
En el else......

----------------------------------------
x = 56.000000, y = 305.000000
avance = -291.000000, avanceR = 2.000000, avanceI = 2.000000
inc_x_r = 0.000000, inc_y_r = 1.000000, inc_x_i = 1.000000, inc_y_i = 1.000000
En el else......

----------------------------------------
x = 56.000000, y = 306.000000
avance = -289.000000, avanceR = 2.000000, avanceI = 2.000000
inc_x_r = 0.000000, inc_y_r = 1.000000, inc_x_i = 1.000000, inc_y_i = 1.000000
En el else......

----------------------------------------
x = 56.000000, y = 307.000000
avance = -287.000000, avanceR = 2.000000, avanceI = 2.000000
inc_x_r = 0.000000, inc_y_r = 1.000000, inc_x_i = 1.000000, inc_y_i = 1.000000
En el else......

----------------------------------------
x = 56.000000, y = 308.000000
avance = -285.000000, avanceR = 2.000000, avanceI = 2.000000
inc_x_r = 0.000000, inc_y_r = 1.000000, inc_x_i = 1.000000, inc_y_i = 1.000000
En el else......

----------------------------------------
x = 56.000000, y = 309.000000
avance = -283.000000, avanceR = 2.000000, avanceI = 2.000000
inc_x_r = 0.000000, inc_y_r = 1.000000, inc_x_i = 1.000000, inc_y_i = 1.000000
En el else......

----------------------------------------
x = 56.000000, y = 310.000000
avance = -281.000000, avanceR = 2.000000, avanceI = 2.000000
inc_x_r = 0.000000, inc_y_r = 1.000000, inc_x_i = 1.000000, inc_y_i = 1.000000
En el else......

----------------------------------------
x = 56.000000, y = 311.000000
avance = -279.000000, avanceR = 2.000000, avanceI = 2.000000
inc_x_r = 0.000000, inc_y_r = 1.000000, inc_x_i = 1.000000, inc_y_i = 1.000000
En el else......

----------------------------------------
x = 56.000000, y = 312.000000
avance = -277.000000, avanceR = 2.000000, avanceI = 2.000000
inc_x_r = 0.000000, inc_y_r = 1.000000, inc_x_i = 1.000000, inc_y_i = 1.000000
En el else......

----------------------------------------
x = 56.000000, y = 313.000000
avance = -275.000000, avanceR = 2.000000, avanceI = 2.000000
inc_x_r = 0.000000, inc_y_r = 1.000000, inc_x_i = 1.000000, inc_y_i = 1.000000
En el else......

----------------------------------------
x = 56.000000, y = 314.000000
avance = -273.000000, avanceR = 2.000000, avanceI = 2.000000
inc_x_r = 0.000000, inc_y_r = 1.000000, inc_x_i = 1.000000, inc_y_i = 1.000000
En el else......

----------------------------------------
x = 56.000000, y = 315.000000
avance = -271.000000, avanceR = 2.000000, avanceI = 2.000000
inc_x_r = 0.000000, inc_y_r = 1.000000, inc_x_i = 1.000000, inc_y_i = 1.000000
En el else......

----------------------------------------
x = 56.000000, y = 316.000000
avance = -269.000000, avanceR = 2.000000, avanceI = 2.000000
inc_x_r = 0.000000, inc_y_r = 1.000000, inc_x_i = 1.000000, inc_y_i = 1.000000
En el else......

----------------------------------------
x = 56.000000, y = 317.000000
avance = -267.000000, avanceR = 2.000000, avanceI = 2.000000
inc_x_r = 0.000000, inc_y_r = 1.000000, inc_x_i = 1.000000, inc_y_i = 1.000000
En el else......

----------------------------------------
x = 56.000000, y = 318.000000
avance = -265.000000, avanceR = 2.000000, avanceI = 2.000000
inc_x_r = 0.000000, inc_y_r = 1.000000, inc_x_i = 1.000000, inc_y_i = 1.000000
En el else......

----------------------------------------
x = 56.000000, y = 319.000000
avance = -263.000000, avanceR = 2.000000, avanceI = 2.000000
inc_x_r = 0.000000, inc_y_r = 1.000000, inc_x_i = 1.000000, inc_y_i = 1.000000
En el else......

----------------------------------------
x = 56.000000, y = 320.000000
avance = -261.000000, avanceR = 2.000000, avanceI = 2.000000
inc_x_r = 0.000000, inc_y_r = 1.000000, inc_x_i = 1.000000, inc_y_i = 1.000000
En el else......

----------------------------------------
x = 56.000000, y = 321.000000
avance = -259.000000, avanceR = 2.000000, avanceI = 2.000000
inc_x_r = 0.000000, inc_y_r = 1.000000, inc_x_i = 1.000000, inc_y_i = 1.000000
En el else......

----------------------------------------
x = 56.000000, y = 322.000000
avance = -257.000000, avanceR = 2.000000, avanceI = 2.000000
inc_x_r = 0.000000, inc_y_r = 1.000000, inc_x_i = 1.000000, inc_y_i = 1.000000
En el else......

----------------------------------------
x = 56.000000, y = 323.000000
avance = -255.000000, avanceR = 2.000000, avanceI = 2.000000
inc_x_r = 0.000000, inc_y_r = 1.000000, inc_x_i = 1.000000, inc_y_i = 1.000000
En el else......

----------------------------------------
x = 56.000000, y = 324.000000
avance = -253.000000, avanceR = 2.000000, avanceI = 2.000000
inc_x_r = 0.000000, inc_y_r = 1.000000, inc_x_i = 1.000000, inc_y_i = 1.000000
En el else......

----------------------------------------
x = 56.000000, y = 325.000000
avance = -251.000000, avanceR = 2.000000, avanceI = 2.000000
inc_x_r = 0.000000, inc_y_r = 1.000000, inc_x_i = 1.000000, inc_y_i = 1.000000
En el else......

----------------------------------------


ENTRAMOS A BRESENHAMªªªª
x1 = 55.000000 - y1 = 75.000000 || x2 = 56.000000 - y2 = 326.000000
dy = 251.000000, dx = 1.000000
avances inclinados: inc_x_i = 1.000000, inc_y_i = 1.000000
updated: dy = 251.000000, dx = 1.000000
avances rectos: inc_x_r = 0.000000, inc_y_r 1.000000
reupdated: dy = 1.000000, dx = 251.000000
avanceR = 2.000000, avance -249.000000, avanceI 2.000000
----------------------------------------
x = 55.000000, y = 75.000000
avance = -249.000000, avanceR = 2.000000, avanceI = 2.000000
inc_x_r = 0.000000, inc_y_r = 1.000000, inc_x_i = 1.000000, inc_y_i = 1.000000
En el else......

----------------------------------------
x = 55.000000, y = 76.000000
avance = -247.000000, avanceR = 2.000000, avanceI = 2.000000
inc_x_r = 0.000000, inc_y_r = 1.000000, inc_x_i = 1.000000, inc_y_i = 1.000000
En el else......

----------------------------------------
x = 55.000000, y = 77.000000
avance = -245.000000, avanceR = 2.000000, avanceI = 2.000000
inc_x_r = 0.000000, inc_y_r = 1.000000, inc_x_i = 1.000000, inc_y_i = 1.000000
En el else......

----------------------------------------
x = 55.000000, y = 78.000000
avance = -243.000000, avanceR = 2.000000, avanceI = 2.000000
inc_x_r = 0.000000, inc_y_r = 1.000000, inc_x_i = 1.000000, inc_y_i = 1.000000
En el else......

----------------------------------------
x = 55.000000, y = 79.000000
avance = -241.000000, avanceR = 2.000000, avanceI = 2.000000
inc_x_r = 0.000000, inc_y_r = 1.000000, inc_x_i = 1.000000, inc_y_i = 1.000000
En el else......

----------------------------------------
x = 55.000000, y = 80.000000
avance = -239.000000, avanceR = 2.000000, avanceI = 2.000000
inc_x_r = 0.000000, inc_y_r = 1.000000, inc_x_i = 1.000000, inc_y_i = 1.000000
En el else......

----------------------------------------
x = 55.000000, y = 81.000000
avance = -237.000000, avanceR = 2.000000, avanceI = 2.000000
inc_x_r = 0.000000, inc_y_r = 1.000000, inc_x_i = 1.000000, inc_y_i = 1.000000
En el else......

----------------------------------------
x = 55.000000, y = 82.000000
avance = -235.000000, avanceR = 2.000000, avanceI = 2.000000
inc_x_r = 0.000000, inc_y_r = 1.000000, inc_x_i = 1.000000, inc_y_i = 1.000000
En el else......

----------------------------------------
x = 55.000000, y = 83.000000
avance = -233.000000, avanceR = 2.000000, avanceI = 2.000000
inc_x_r = 0.000000, inc_y_r = 1.000000, inc_x_i = 1.000000, inc_y_i = 1.000000
En el else......

----------------------------------------
x = 55.000000, y = 84.000000
avance = -231.000000, avanceR = 2.000000, avanceI = 2.000000
inc_x_r = 0.000000, inc_y_r = 1.000000, inc_x_i = 1.000000, inc_y_i = 1.000000
En el else......

----------------------------------------
x = 55.000000, y = 85.000000
avance = -229.000000, avanceR = 2.000000, avanceI = 2.000000
inc_x_r = 0.000000, inc_y_r = 1.000000, inc_x_i = 1.000000, inc_y_i = 1.000000
En el else......

----------------------------------------
x = 55.000000, y = 86.000000
avance = -227.000000, avanceR = 2.000000, avanceI = 2.000000
inc_x_r = 0.000000, inc_y_r = 1.000000, inc_x_i = 1.000000, inc_y_i = 1.000000
En el else......

----------------------------------------
x = 55.000000, y = 87.000000
avance = -225.000000, avanceR = 2.000000, avanceI = 2.000000
inc_x_r = 0.000000, inc_y_r = 1.000000, inc_x_i = 1.000000, inc_y_i = 1.000000
En el else......

----------------------------------------
x = 55.000000, y = 88.000000
avance = -223.000000, avanceR = 2.000000, avanceI = 2.000000
inc_x_r = 0.000000, inc_y_r = 1.000000, inc_x_i = 1.000000, inc_y_i = 1.000000
En el else......

----------------------------------------
x = 55.000000, y = 89.000000
avance = -221.000000, avanceR = 2.000000, avanceI = 2.000000
inc_x_r = 0.000000, inc_y_r = 1.000000, inc_x_i = 1.000000, inc_y_i = 1.000000
En el else......

----------------------------------------
x = 55.000000, y = 90.000000
avance = -219.000000, avanceR = 2.000000, avanceI = 2.000000
inc_x_r = 0.000000, inc_y_r = 1.000000, inc_x_i = 1.000000, inc_y_i = 1.000000
En el else......

----------------------------------------
x = 55.000000, y = 91.000000
avance = -217.000000, avanceR = 2.000000, avanceI = 2.000000
inc_x_r = 0.000000, inc_y_r = 1.000000, inc_x_i = 1.000000, inc_y_i = 1.000000
En el else......

----------------------------------------
x = 55.000000, y = 92.000000
avance = -215.000000, avanceR = 2.000000, avanceI = 2.000000
inc_x_r = 0.000000, inc_y_r = 1.000000, inc_x_i = 1.000000, inc_y_i = 1.000000
En el else......

----------------------------------------
x = 55.000000, y = 93.000000
avance = -213.000000, avanceR = 2.000000, avanceI = 2.000000
inc_x_r = 0.000000, inc_y_r = 1.000000, inc_x_i = 1.000000, inc_y_i = 1.000000
En el else......

----------------------------------------
x = 55.000000, y = 94.000000
avance = -211.000000, avanceR = 2.000000, avanceI = 2.000000
inc_x_r = 0.000000, inc_y_r = 1.000000, inc_x_i = 1.000000, inc_y_i = 1.000000
En el else......

----------------------------------------
x = 55.000000, y = 95.000000
avance = -209.000000, avanceR = 2.000000, avanceI = 2.000000
inc_x_r = 0.000000, inc_y_r = 1.000000, inc_x_i = 1.000000, inc_y_i = 1.000000
En el else......

----------------------------------------
x = 55.000000, y = 96.000000
avance = -207.000000, avanceR = 2.000000, avanceI = 2.000000
inc_x_r = 0.000000, inc_y_r = 1.000000, inc_x_i = 1.000000, inc_y_i = 1.000000
En el else......

----------------------------------------
x = 55.000000, y = 97.000000
avance = -205.000000, avanceR = 2.000000, avanceI = 2.000000
inc_x_r = 0.000000, inc_y_r = 1.000000, inc_x_i = 1.000000, inc_y_i = 1.000000
En el else......

----------------------------------------
x = 55.000000, y = 98.000000
avance = -203.000000, avanceR = 2.000000, avanceI = 2.000000
inc_x_r = 0.000000, inc_y_r = 1.000000, inc_x_i = 1.000000, inc_y_i = 1.000000
En el else......

----------------------------------------
x = 55.000000, y = 99.000000
avance = -201.000000, avanceR = 2.000000, avanceI = 2.000000
inc_x_r = 0.000000, inc_y_r = 1.000000, inc_x_i = 1.000000, inc_y_i = 1.000000
En el else......

----------------------------------------
x = 55.000000, y = 100.000000
avance = -199.000000, avanceR = 2.000000, avanceI = 2.000000
inc_x_r = 0.000000, inc_y_r = 1.000000, inc_x_i = 1.000000, inc_y_i = 1.000000
En el else......

----------------------------------------
x = 55.000000, y = 101.000000
avance = -197.000000, avanceR = 2.000000, avanceI = 2.000000
inc_x_r = 0.000000, inc_y_r = 1.000000, inc_x_i = 1.000000, inc_y_i = 1.000000
En el else......

----------------------------------------
x = 55.000000, y = 102.000000
avance = -195.000000, avanceR = 2.000000, avanceI = 2.000000
inc_x_r = 0.000000, inc_y_r = 1.000000, inc_x_i = 1.000000, inc_y_i = 1.000000
En el else......

----------------------------------------
x = 55.000000, y = 103.000000
avance = -193.000000, avanceR = 2.000000, avanceI = 2.000000
inc_x_r = 0.000000, inc_y_r = 1.000000, inc_x_i = 1.000000, inc_y_i = 1.000000
En el else......

----------------------------------------
x = 55.000000, y = 104.000000
avance = -191.000000, avanceR = 2.000000, avanceI = 2.000000
inc_x_r = 0.000000, inc_y_r = 1.000000, inc_x_i = 1.000000, inc_y_i = 1.000000
En el else......

----------------------------------------
x = 55.000000, y = 105.000000
avance = -189.000000, avanceR = 2.000000, avanceI = 2.000000
inc_x_r = 0.000000, inc_y_r = 1.000000, inc_x_i = 1.000000, inc_y_i = 1.000000
En el else......

----------------------------------------
x = 55.000000, y = 106.000000
avance = -187.000000, avanceR = 2.000000, avanceI = 2.000000
inc_x_r = 0.000000, inc_y_r = 1.000000, inc_x_i = 1.000000, inc_y_i = 1.000000
En el else......

----------------------------------------
x = 55.000000, y = 107.000000
avance = -185.000000, avanceR = 2.000000, avanceI = 2.000000
inc_x_r = 0.000000, inc_y_r = 1.000000, inc_x_i = 1.000000, inc_y_i = 1.000000
En el else......

----------------------------------------
x = 55.000000, y = 108.000000
avance = -183.000000, avanceR = 2.000000, avanceI = 2.000000
inc_x_r = 0.000000, inc_y_r = 1.000000, inc_x_i = 1.000000, inc_y_i = 1.000000
En el else......

----------------------------------------
x = 55.000000, y = 109.000000
avance = -181.000000, avanceR = 2.000000, avanceI = 2.000000
inc_x_r = 0.000000, inc_y_r = 1.000000, inc_x_i = 1.000000, inc_y_i = 1.000000
En el else......

----------------------------------------
x = 55.000000, y = 110.000000
avance = -179.000000, avanceR = 2.000000, avanceI = 2.000000
inc_x_r = 0.000000, inc_y_r = 1.000000, inc_x_i = 1.000000, inc_y_i = 1.000000
En el else......

----------------------------------------
x = 55.000000, y = 111.000000
avance = -177.000000, avanceR = 2.000000, avanceI = 2.000000
inc_x_r = 0.000000, inc_y_r = 1.000000, inc_x_i = 1.000000, inc_y_i = 1.000000
En el else......

----------------------------------------
x = 55.000000, y = 112.000000
avance = -175.000000, avanceR = 2.000000, avanceI = 2.000000
inc_x_r = 0.000000, inc_y_r = 1.000000, inc_x_i = 1.000000, inc_y_i = 1.000000
En el else......

----------------------------------------
x = 55.000000, y = 113.000000
avance = -173.000000, avanceR = 2.000000, avanceI = 2.000000
inc_x_r = 0.000000, inc_y_r = 1.000000, inc_x_i = 1.000000, inc_y_i = 1.000000
En el else......

----------------------------------------
x = 55.000000, y = 114.000000
avance = -171.000000, avanceR = 2.000000, avanceI = 2.000000
inc_x_r = 0.000000, inc_y_r = 1.000000, inc_x_i = 1.000000, inc_y_i = 1.000000
En el else......

----------------------------------------
x = 55.000000, y = 115.000000
avance = -169.000000, avanceR = 2.000000, avanceI = 2.000000
inc_x_r = 0.000000, inc_y_r = 1.000000, inc_x_i = 1.000000, inc_y_i = 1.000000
En el else......

----------------------------------------
x = 55.000000, y = 116.000000
avance = -167.000000, avanceR = 2.000000, avanceI = 2.000000
inc_x_r = 0.000000, inc_y_r = 1.000000, inc_x_i = 1.000000, inc_y_i = 1.000000
En el else......

----------------------------------------
x = 55.000000, y = 117.000000
avance = -165.000000, avanceR = 2.000000, avanceI = 2.000000
inc_x_r = 0.000000, inc_y_r = 1.000000, inc_x_i = 1.000000, inc_y_i = 1.000000
En el else......

----------------------------------------
x = 55.000000, y = 118.000000
avance = -163.000000, avanceR = 2.000000, avanceI = 2.000000
inc_x_r = 0.000000, inc_y_r = 1.000000, inc_x_i = 1.000000, inc_y_i = 1.000000
En el else......

----------------------------------------
x = 55.000000, y = 119.000000
avance = -161.000000, avanceR = 2.000000, avanceI = 2.000000
inc_x_r = 0.000000, inc_y_r = 1.000000, inc_x_i = 1.000000, inc_y_i = 1.000000
En el else......

----------------------------------------
x = 55.000000, y = 120.000000
avance = -159.000000, avanceR = 2.000000, avanceI = 2.000000
inc_x_r = 0.000000, inc_y_r = 1.000000, inc_x_i = 1.000000, inc_y_i = 1.000000
En el else......

----------------------------------------
x = 55.000000, y = 121.000000
avance = -157.000000, avanceR = 2.000000, avanceI = 2.000000
inc_x_r = 0.000000, inc_y_r = 1.000000, inc_x_i = 1.000000, inc_y_i = 1.000000
En el else......

----------------------------------------
x = 55.000000, y = 122.000000
avance = -155.000000, avanceR = 2.000000, avanceI = 2.000000
inc_x_r = 0.000000, inc_y_r = 1.000000, inc_x_i = 1.000000, inc_y_i = 1.000000
En el else......

----------------------------------------
x = 55.000000, y = 123.000000
avance = -153.000000, avanceR = 2.000000, avanceI = 2.000000
inc_x_r = 0.000000, inc_y_r = 1.000000, inc_x_i = 1.000000, inc_y_i = 1.000000
En el else......

----------------------------------------
x = 55.000000, y = 124.000000
avance = -151.000000, avanceR = 2.000000, avanceI = 2.000000
inc_x_r = 0.000000, inc_y_r = 1.000000, inc_x_i = 1.000000, inc_y_i = 1.000000
En el else......

----------------------------------------
x = 55.000000, y = 125.000000
avance = -149.000000, avanceR = 2.000000, avanceI = 2.000000
inc_x_r = 0.000000, inc_y_r = 1.000000, inc_x_i = 1.000000, inc_y_i = 1.000000
En el else......

----------------------------------------
x = 55.000000, y = 126.000000
avance = -147.000000, avanceR = 2.000000, avanceI = 2.000000
inc_x_r = 0.000000, inc_y_r = 1.000000, inc_x_i = 1.000000, inc_y_i = 1.000000
En el else......

----------------------------------------
x = 55.000000, y = 127.000000
avance = -145.000000, avanceR = 2.000000, avanceI = 2.000000
inc_x_r = 0.000000, inc_y_r = 1.000000, inc_x_i = 1.000000, inc_y_i = 1.000000
En el else......

----------------------------------------
x = 55.000000, y = 128.000000
avance = -143.000000, avanceR = 2.000000, avanceI = 2.000000
inc_x_r = 0.000000, inc_y_r = 1.000000, inc_x_i = 1.000000, inc_y_i = 1.000000
En el else......

----------------------------------------
x = 55.000000, y = 129.000000
avance = -141.000000, avanceR = 2.000000, avanceI = 2.000000
inc_x_r = 0.000000, inc_y_r = 1.000000, inc_x_i = 1.000000, inc_y_i = 1.000000
En el else......

----------------------------------------
x = 55.000000, y = 130.000000
avance = -139.000000, avanceR = 2.000000, avanceI = 2.000000
inc_x_r = 0.000000, inc_y_r = 1.000000, inc_x_i = 1.000000, inc_y_i = 1.000000
En el else......

----------------------------------------
x = 55.000000, y = 131.000000
avance = -137.000000, avanceR = 2.000000, avanceI = 2.000000
inc_x_r = 0.000000, inc_y_r = 1.000000, inc_x_i = 1.000000, inc_y_i = 1.000000
En el else......

----------------------------------------
x = 55.000000, y = 132.000000
avance = -135.000000, avanceR = 2.000000, avanceI = 2.000000
inc_x_r = 0.000000, inc_y_r = 1.000000, inc_x_i = 1.000000, inc_y_i = 1.000000
En el else......

----------------------------------------
x = 55.000000, y = 133.000000
avance = -133.000000, avanceR = 2.000000, avanceI = 2.000000
inc_x_r = 0.000000, inc_y_r = 1.000000, inc_x_i = 1.000000, inc_y_i = 1.000000
En el else......

----------------------------------------
x = 55.000000, y = 134.000000
avance = -131.000000, avanceR = 2.000000, avanceI = 2.000000
inc_x_r = 0.000000, inc_y_r = 1.000000, inc_x_i = 1.000000, inc_y_i = 1.000000
En el else......

----------------------------------------
x = 55.000000, y = 135.000000
avance = -129.000000, avanceR = 2.000000, avanceI = 2.000000
inc_x_r = 0.000000, inc_y_r = 1.000000, inc_x_i = 1.000000, inc_y_i = 1.000000
En el else......

----------------------------------------
x = 55.000000, y = 136.000000
avance = -127.000000, avanceR = 2.000000, avanceI = 2.000000
inc_x_r = 0.000000, inc_y_r = 1.000000, inc_x_i = 1.000000, inc_y_i = 1.000000
En el else......

----------------------------------------
x = 55.000000, y = 137.000000
avance = -125.000000, avanceR = 2.000000, avanceI = 2.000000
inc_x_r = 0.000000, inc_y_r = 1.000000, inc_x_i = 1.000000, inc_y_i = 1.000000
En el else......

----------------------------------------
x = 55.000000, y = 138.000000
avance = -123.000000, avanceR = 2.000000, avanceI = 2.000000
inc_x_r = 0.000000, inc_y_r = 1.000000, inc_x_i = 1.000000, inc_y_i = 1.000000
En el else......

----------------------------------------
x = 55.000000, y = 139.000000
avance = -121.000000, avanceR = 2.000000, avanceI = 2.000000
inc_x_r = 0.000000, inc_y_r = 1.000000, inc_x_i = 1.000000, inc_y_i = 1.000000
En el else......

----------------------------------------
x = 55.000000, y = 140.000000
avance = -119.000000, avanceR = 2.000000, avanceI = 2.000000
inc_x_r = 0.000000, inc_y_r = 1.000000, inc_x_i = 1.000000, inc_y_i = 1.000000
En el else......

----------------------------------------
x = 55.000000, y = 141.000000
avance = -117.000000, avanceR = 2.000000, avanceI = 2.000000
inc_x_r = 0.000000, inc_y_r = 1.000000, inc_x_i = 1.000000, inc_y_i = 1.000000
En el else......

----------------------------------------
x = 55.000000, y = 142.000000
avance = -115.000000, avanceR = 2.000000, avanceI = 2.000000
inc_x_r = 0.000000, inc_y_r = 1.000000, inc_x_i = 1.000000, inc_y_i = 1.000000
En el else......

----------------------------------------
x = 55.000000, y = 143.000000
avance = -113.000000, avanceR = 2.000000, avanceI = 2.000000
inc_x_r = 0.000000, inc_y_r = 1.000000, inc_x_i = 1.000000, inc_y_i = 1.000000
En el else......

----------------------------------------
x = 55.000000, y = 144.000000
avance = -111.000000, avanceR = 2.000000, avanceI = 2.000000
inc_x_r = 0.000000, inc_y_r = 1.000000, inc_x_i = 1.000000, inc_y_i = 1.000000
En el else......

----------------------------------------
x = 55.000000, y = 145.000000
avance = -109.000000, avanceR = 2.000000, avanceI = 2.000000
inc_x_r = 0.000000, inc_y_r = 1.000000, inc_x_i = 1.000000, inc_y_i = 1.000000
En el else......

----------------------------------------
x = 55.000000, y = 146.000000
avance = -107.000000, avanceR = 2.000000, avanceI = 2.000000
inc_x_r = 0.000000, inc_y_r = 1.000000, inc_x_i = 1.000000, inc_y_i = 1.000000
En el else......

----------------------------------------
x = 55.000000, y = 147.000000
avance = -105.000000, avanceR = 2.000000, avanceI = 2.000000
inc_x_r = 0.000000, inc_y_r = 1.000000, inc_x_i = 1.000000, inc_y_i = 1.000000
En el else......

----------------------------------------
x = 55.000000, y = 148.000000
avance = -103.000000, avanceR = 2.000000, avanceI = 2.000000
inc_x_r = 0.000000, inc_y_r = 1.000000, inc_x_i = 1.000000, inc_y_i = 1.000000
En el else......

----------------------------------------
x = 55.000000, y = 149.000000
avance = -101.000000, avanceR = 2.000000, avanceI = 2.000000
inc_x_r = 0.000000, inc_y_r = 1.000000, inc_x_i = 1.000000, inc_y_i = 1.000000
En el else......

----------------------------------------
x = 55.000000, y = 150.000000
avance = -99.000000, avanceR = 2.000000, avanceI = 2.000000
inc_x_r = 0.000000, inc_y_r = 1.000000, inc_x_i = 1.000000, inc_y_i = 1.000000
En el else......

----------------------------------------
x = 55.000000, y = 151.000000
avance = -97.000000, avanceR = 2.000000, avanceI = 2.000000
inc_x_r = 0.000000, inc_y_r = 1.000000, inc_x_i = 1.000000, inc_y_i = 1.000000
En el else......

----------------------------------------
x = 55.000000, y = 152.000000
avance = -95.000000, avanceR = 2.000000, avanceI = 2.000000
inc_x_r = 0.000000, inc_y_r = 1.000000, inc_x_i = 1.000000, inc_y_i = 1.000000
En el else......

----------------------------------------
x = 55.000000, y = 153.000000
avance = -93.000000, avanceR = 2.000000, avanceI = 2.000000
inc_x_r = 0.000000, inc_y_r = 1.000000, inc_x_i = 1.000000, inc_y_i = 1.000000
En el else......

----------------------------------------
x = 55.000000, y = 154.000000
avance = -91.000000, avanceR = 2.000000, avanceI = 2.000000
inc_x_r = 0.000000, inc_y_r = 1.000000, inc_x_i = 1.000000, inc_y_i = 1.000000
En el else......

----------------------------------------
x = 55.000000, y = 155.000000
avance = -89.000000, avanceR = 2.000000, avanceI = 2.000000
inc_x_r = 0.000000, inc_y_r = 1.000000, inc_x_i = 1.000000, inc_y_i = 1.000000
En el else......

----------------------------------------
x = 55.000000, y = 156.000000
avance = -87.000000, avanceR = 2.000000, avanceI = 2.000000
inc_x_r = 0.000000, inc_y_r = 1.000000, inc_x_i = 1.000000, inc_y_i = 1.000000
En el else......

----------------------------------------
x = 55.000000, y = 157.000000
avance = -85.000000, avanceR = 2.000000, avanceI = 2.000000
inc_x_r = 0.000000, inc_y_r = 1.000000, inc_x_i = 1.000000, inc_y_i = 1.000000
En el else......

----------------------------------------
x = 55.000000, y = 158.000000
avance = -83.000000, avanceR = 2.000000, avanceI = 2.000000
inc_x_r = 0.000000, inc_y_r = 1.000000, inc_x_i = 1.000000, inc_y_i = 1.000000
En el else......

----------------------------------------
x = 55.000000, y = 159.000000
avance = -81.000000, avanceR = 2.000000, avanceI = 2.000000
inc_x_r = 0.000000, inc_y_r = 1.000000, inc_x_i = 1.000000, inc_y_i = 1.000000
En el else......

----------------------------------------
x = 55.000000, y = 160.000000
avance = -79.000000, avanceR = 2.000000, avanceI = 2.000000
inc_x_r = 0.000000, inc_y_r = 1.000000, inc_x_i = 1.000000, inc_y_i = 1.000000
En el else......

----------------------------------------
x = 55.000000, y = 161.000000
avance = -77.000000, avanceR = 2.000000, avanceI = 2.000000
inc_x_r = 0.000000, inc_y_r = 1.000000, inc_x_i = 1.000000, inc_y_i = 1.000000
En el else......

----------------------------------------
x = 55.000000, y = 162.000000
avance = -75.000000, avanceR = 2.000000, avanceI = 2.000000
inc_x_r = 0.000000, inc_y_r = 1.000000, inc_x_i = 1.000000, inc_y_i = 1.000000
En el else......

----------------------------------------
x = 55.000000, y = 163.000000
avance = -73.000000, avanceR = 2.000000, avanceI = 2.000000
inc_x_r = 0.000000, inc_y_r = 1.000000, inc_x_i = 1.000000, inc_y_i = 1.000000
En el else......

----------------------------------------
x = 55.000000, y = 164.000000
avance = -71.000000, avanceR = 2.000000, avanceI = 2.000000
inc_x_r = 0.000000, inc_y_r = 1.000000, inc_x_i = 1.000000, inc_y_i = 1.000000
En el else......

----------------------------------------
x = 55.000000, y = 165.000000
avance = -69.000000, avanceR = 2.000000, avanceI = 2.000000
inc_x_r = 0.000000, inc_y_r = 1.000000, inc_x_i = 1.000000, inc_y_i = 1.000000
En el else......

----------------------------------------
x = 55.000000, y = 166.000000
avance = -67.000000, avanceR = 2.000000, avanceI = 2.000000
inc_x_r = 0.000000, inc_y_r = 1.000000, inc_x_i = 1.000000, inc_y_i = 1.000000
En el else......

----------------------------------------
x = 55.000000, y = 167.000000
avance = -65.000000, avanceR = 2.000000, avanceI = 2.000000
inc_x_r = 0.000000, inc_y_r = 1.000000, inc_x_i = 1.000000, inc_y_i = 1.000000
En el else......

----------------------------------------
x = 55.000000, y = 168.000000
avance = -63.000000, avanceR = 2.000000, avanceI = 2.000000
inc_x_r = 0.000000, inc_y_r = 1.000000, inc_x_i = 1.000000, inc_y_i = 1.000000
En el else......

----------------------------------------
x = 55.000000, y = 169.000000
avance = -61.000000, avanceR = 2.000000, avanceI = 2.000000
inc_x_r = 0.000000, inc_y_r = 1.000000, inc_x_i = 1.000000, inc_y_i = 1.000000
En el else......

----------------------------------------
x = 55.000000, y = 170.000000
avance = -59.000000, avanceR = 2.000000, avanceI = 2.000000
inc_x_r = 0.000000, inc_y_r = 1.000000, inc_x_i = 1.000000, inc_y_i = 1.000000
En el else......

----------------------------------------
x = 55.000000, y = 171.000000
avance = -57.000000, avanceR = 2.000000, avanceI = 2.000000
inc_x_r = 0.000000, inc_y_r = 1.000000, inc_x_i = 1.000000, inc_y_i = 1.000000
En el else......

----------------------------------------
x = 55.000000, y = 172.000000
avance = -55.000000, avanceR = 2.000000, avanceI = 2.000000
inc_x_r = 0.000000, inc_y_r = 1.000000, inc_x_i = 1.000000, inc_y_i = 1.000000
En el else......

----------------------------------------
x = 55.000000, y = 173.000000
avance = -53.000000, avanceR = 2.000000, avanceI = 2.000000
inc_x_r = 0.000000, inc_y_r = 1.000000, inc_x_i = 1.000000, inc_y_i = 1.000000
En el else......

----------------------------------------
x = 55.000000, y = 174.000000
avance = -51.000000, avanceR = 2.000000, avanceI = 2.000000
inc_x_r = 0.000000, inc_y_r = 1.000000, inc_x_i = 1.000000, inc_y_i = 1.000000
En el else......

----------------------------------------
x = 55.000000, y = 175.000000
avance = -49.000000, avanceR = 2.000000, avanceI = 2.000000
inc_x_r = 0.000000, inc_y_r = 1.000000, inc_x_i = 1.000000, inc_y_i = 1.000000
En el else......

----------------------------------------
x = 55.000000, y = 176.000000
avance = -47.000000, avanceR = 2.000000, avanceI = 2.000000
inc_x_r = 0.000000, inc_y_r = 1.000000, inc_x_i = 1.000000, inc_y_i = 1.000000
En el else......

----------------------------------------
x = 55.000000, y = 177.000000
avance = -45.000000, avanceR = 2.000000, avanceI = 2.000000
inc_x_r = 0.000000, inc_y_r = 1.000000, inc_x_i = 1.000000, inc_y_i = 1.000000
En el else......

----------------------------------------
x = 55.000000, y = 178.000000
avance = -43.000000, avanceR = 2.000000, avanceI = 2.000000
inc_x_r = 0.000000, inc_y_r = 1.000000, inc_x_i = 1.000000, inc_y_i = 1.000000
En el else......

----------------------------------------
x = 55.000000, y = 179.000000
avance = -41.000000, avanceR = 2.000000, avanceI = 2.000000
inc_x_r = 0.000000, inc_y_r = 1.000000, inc_x_i = 1.000000, inc_y_i = 1.000000
En el else......

----------------------------------------
x = 55.000000, y = 180.000000
avance = -39.000000, avanceR = 2.000000, avanceI = 2.000000
inc_x_r = 0.000000, inc_y_r = 1.000000, inc_x_i = 1.000000, inc_y_i = 1.000000
En el else......

----------------------------------------
x = 55.000000, y = 181.000000
avance = -37.000000, avanceR = 2.000000, avanceI = 2.000000
inc_x_r = 0.000000, inc_y_r = 1.000000, inc_x_i = 1.000000, inc_y_i = 1.000000
En el else......

----------------------------------------
x = 55.000000, y = 182.000000
avance = -35.000000, avanceR = 2.000000, avanceI = 2.000000
inc_x_r = 0.000000, inc_y_r = 1.000000, inc_x_i = 1.000000, inc_y_i = 1.000000
En el else......

----------------------------------------
x = 55.000000, y = 183.000000
avance = -33.000000, avanceR = 2.000000, avanceI = 2.000000
inc_x_r = 0.000000, inc_y_r = 1.000000, inc_x_i = 1.000000, inc_y_i = 1.000000
En el else......

----------------------------------------
x = 55.000000, y = 184.000000
avance = -31.000000, avanceR = 2.000000, avanceI = 2.000000
inc_x_r = 0.000000, inc_y_r = 1.000000, inc_x_i = 1.000000, inc_y_i = 1.000000
En el else......

----------------------------------------
x = 55.000000, y = 185.000000
avance = -29.000000, avanceR = 2.000000, avanceI = 2.000000
inc_x_r = 0.000000, inc_y_r = 1.000000, inc_x_i = 1.000000, inc_y_i = 1.000000
En el else......

----------------------------------------
x = 55.000000, y = 186.000000
avance = -27.000000, avanceR = 2.000000, avanceI = 2.000000
inc_x_r = 0.000000, inc_y_r = 1.000000, inc_x_i = 1.000000, inc_y_i = 1.000000
En el else......

----------------------------------------
x = 55.000000, y = 187.000000
avance = -25.000000, avanceR = 2.000000, avanceI = 2.000000
inc_x_r = 0.000000, inc_y_r = 1.000000, inc_x_i = 1.000000, inc_y_i = 1.000000
En el else......

----------------------------------------
x = 55.000000, y = 188.000000
avance = -23.000000, avanceR = 2.000000, avanceI = 2.000000
inc_x_r = 0.000000, inc_y_r = 1.000000, inc_x_i = 1.000000, inc_y_i = 1.000000
En el else......

----------------------------------------
x = 55.000000, y = 189.000000
avance = -21.000000, avanceR = 2.000000, avanceI = 2.000000
inc_x_r = 0.000000, inc_y_r = 1.000000, inc_x_i = 1.000000, inc_y_i = 1.000000
En el else......

----------------------------------------
x = 55.000000, y = 190.000000
avance = -19.000000, avanceR = 2.000000, avanceI = 2.000000
inc_x_r = 0.000000, inc_y_r = 1.000000, inc_x_i = 1.000000, inc_y_i = 1.000000
En el else......

----------------------------------------
x = 55.000000, y = 191.000000
avance = -17.000000, avanceR = 2.000000, avanceI = 2.000000
inc_x_r = 0.000000, inc_y_r = 1.000000, inc_x_i = 1.000000, inc_y_i = 1.000000
En el else......

----------------------------------------
x = 55.000000, y = 192.000000
avance = -15.000000, avanceR = 2.000000, avanceI = 2.000000
inc_x_r = 0.000000, inc_y_r = 1.000000, inc_x_i = 1.000000, inc_y_i = 1.000000
En el else......

----------------------------------------
x = 55.000000, y = 193.000000
avance = -13.000000, avanceR = 2.000000, avanceI = 2.000000
inc_x_r = 0.000000, inc_y_r = 1.000000, inc_x_i = 1.000000, inc_y_i = 1.000000
En el else......

----------------------------------------
x = 55.000000, y = 194.000000
avance = -11.000000, avanceR = 2.000000, avanceI = 2.000000
inc_x_r = 0.000000, inc_y_r = 1.000000, inc_x_i = 1.000000, inc_y_i = 1.000000
En el else......

----------------------------------------
x = 55.000000, y = 195.000000
avance = -9.000000, avanceR = 2.000000, avanceI = 2.000000
inc_x_r = 0.000000, inc_y_r = 1.000000, inc_x_i = 1.000000, inc_y_i = 1.000000
En el else......

----------------------------------------
x = 55.000000, y = 196.000000
avance = -7.000000, avanceR = 2.000000, avanceI = 2.000000
inc_x_r = 0.000000, inc_y_r = 1.000000, inc_x_i = 1.000000, inc_y_i = 1.000000
En el else......

----------------------------------------
x = 55.000000, y = 197.000000
avance = -5.000000, avanceR = 2.000000, avanceI = 2.000000
inc_x_r = 0.000000, inc_y_r = 1.000000, inc_x_i = 1.000000, inc_y_i = 1.000000
En el else......

----------------------------------------
x = 55.000000, y = 198.000000
avance = -3.000000, avanceR = 2.000000, avanceI = 2.000000
inc_x_r = 0.000000, inc_y_r = 1.000000, inc_x_i = 1.000000, inc_y_i = 1.000000
En el else......

----------------------------------------
x = 55.000000, y = 199.000000
avance = -1.000000, avanceR = 2.000000, avanceI = 2.000000
inc_x_r = 0.000000, inc_y_r = 1.000000, inc_x_i = 1.000000, inc_y_i = 1.000000
En el else......

----------------------------------------
x = 55.000000, y = 200.000000
avance = 1.000000, avanceR = 2.000000, avanceI = 2.000000
inc_x_r = 0.000000, inc_y_r = 1.000000, inc_x_i = 1.000000, inc_y_i = 1.000000
avance >= 0

----------------------------------------
x = 56.000000, y = 201.000000
avance = -499.000000, avanceR = 2.000000, avanceI = 2.000000
inc_x_r = 0.000000, inc_y_r = 1.000000, inc_x_i = 1.000000, inc_y_i = 1.000000
En el else......

----------------------------------------
x = 56.000000, y = 202.000000
avance = -497.000000, avanceR = 2.000000, avanceI = 2.000000
inc_x_r = 0.000000, inc_y_r = 1.000000, inc_x_i = 1.000000, inc_y_i = 1.000000
En el else......

----------------------------------------
x = 56.000000, y = 203.000000
avance = -495.000000, avanceR = 2.000000, avanceI = 2.000000
inc_x_r = 0.000000, inc_y_r = 1.000000, inc_x_i = 1.000000, inc_y_i = 1.000000
En el else......

----------------------------------------
x = 56.000000, y = 204.000000
avance = -493.000000, avanceR = 2.000000, avanceI = 2.000000
inc_x_r = 0.000000, inc_y_r = 1.000000, inc_x_i = 1.000000, inc_y_i = 1.000000
En el else......

----------------------------------------
x = 56.000000, y = 205.000000
avance = -491.000000, avanceR = 2.000000, avanceI = 2.000000
inc_x_r = 0.000000, inc_y_r = 1.000000, inc_x_i = 1.000000, inc_y_i = 1.000000
En el else......

----------------------------------------
x = 56.000000, y = 206.000000
avance = -489.000000, avanceR = 2.000000, avanceI = 2.000000
inc_x_r = 0.000000, inc_y_r = 1.000000, inc_x_i = 1.000000, inc_y_i = 1.000000
En el else......

----------------------------------------
x = 56.000000, y = 207.000000
avance = -487.000000, avanceR = 2.000000, avanceI = 2.000000
inc_x_r = 0.000000, inc_y_r = 1.000000, inc_x_i = 1.000000, inc_y_i = 1.000000
En el else......

----------------------------------------
x = 56.000000, y = 208.000000
avance = -485.000000, avanceR = 2.000000, avanceI = 2.000000
inc_x_r = 0.000000, inc_y_r = 1.000000, inc_x_i = 1.000000, inc_y_i = 1.000000
En el else......

----------------------------------------
x = 56.000000, y = 209.000000
avance = -483.000000, avanceR = 2.000000, avanceI = 2.000000
inc_x_r = 0.000000, inc_y_r = 1.000000, inc_x_i = 1.000000, inc_y_i = 1.000000
En el else......

----------------------------------------
x = 56.000000, y = 210.000000
avance = -481.000000, avanceR = 2.000000, avanceI = 2.000000
inc_x_r = 0.000000, inc_y_r = 1.000000, inc_x_i = 1.000000, inc_y_i = 1.000000
En el else......

----------------------------------------
x = 56.000000, y = 211.000000
avance = -479.000000, avanceR = 2.000000, avanceI = 2.000000
inc_x_r = 0.000000, inc_y_r = 1.000000, inc_x_i = 1.000000, inc_y_i = 1.000000
En el else......

----------------------------------------
x = 56.000000, y = 212.000000
avance = -477.000000, avanceR = 2.000000, avanceI = 2.000000
inc_x_r = 0.000000, inc_y_r = 1.000000, inc_x_i = 1.000000, inc_y_i = 1.000000
En el else......

----------------------------------------
x = 56.000000, y = 213.000000
avance = -475.000000, avanceR = 2.000000, avanceI = 2.000000
inc_x_r = 0.000000, inc_y_r = 1.000000, inc_x_i = 1.000000, inc_y_i = 1.000000
En el else......

----------------------------------------
x = 56.000000, y = 214.000000
avance = -473.000000, avanceR = 2.000000, avanceI = 2.000000
inc_x_r = 0.000000, inc_y_r = 1.000000, inc_x_i = 1.000000, inc_y_i = 1.000000
En el else......

----------------------------------------
x = 56.000000, y = 215.000000
avance = -471.000000, avanceR = 2.000000, avanceI = 2.000000
inc_x_r = 0.000000, inc_y_r = 1.000000, inc_x_i = 1.000000, inc_y_i = 1.000000
En el else......

----------------------------------------
x = 56.000000, y = 216.000000
avance = -469.000000, avanceR = 2.000000, avanceI = 2.000000
inc_x_r = 0.000000, inc_y_r = 1.000000, inc_x_i = 1.000000, inc_y_i = 1.000000
En el else......

----------------------------------------
x = 56.000000, y = 217.000000
avance = -467.000000, avanceR = 2.000000, avanceI = 2.000000
inc_x_r = 0.000000, inc_y_r = 1.000000, inc_x_i = 1.000000, inc_y_i = 1.000000
En el else......

----------------------------------------
x = 56.000000, y = 218.000000
avance = -465.000000, avanceR = 2.000000, avanceI = 2.000000
inc_x_r = 0.000000, inc_y_r = 1.000000, inc_x_i = 1.000000, inc_y_i = 1.000000
En el else......

----------------------------------------
x = 56.000000, y = 219.000000
avance = -463.000000, avanceR = 2.000000, avanceI = 2.000000
inc_x_r = 0.000000, inc_y_r = 1.000000, inc_x_i = 1.000000, inc_y_i = 1.000000
En el else......

----------------------------------------
x = 56.000000, y = 220.000000
avance = -461.000000, avanceR = 2.000000, avanceI = 2.000000
inc_x_r = 0.000000, inc_y_r = 1.000000, inc_x_i = 1.000000, inc_y_i = 1.000000
En el else......

----------------------------------------
x = 56.000000, y = 221.000000
avance = -459.000000, avanceR = 2.000000, avanceI = 2.000000
inc_x_r = 0.000000, inc_y_r = 1.000000, inc_x_i = 1.000000, inc_y_i = 1.000000
En el else......

----------------------------------------
x = 56.000000, y = 222.000000
avance = -457.000000, avanceR = 2.000000, avanceI = 2.000000
inc_x_r = 0.000000, inc_y_r = 1.000000, inc_x_i = 1.000000, inc_y_i = 1.000000
En el else......

----------------------------------------
x = 56.000000, y = 223.000000
avance = -455.000000, avanceR = 2.000000, avanceI = 2.000000
inc_x_r = 0.000000, inc_y_r = 1.000000, inc_x_i = 1.000000, inc_y_i = 1.000000
En el else......

----------------------------------------
x = 56.000000, y = 224.000000
avance = -453.000000, avanceR = 2.000000, avanceI = 2.000000
inc_x_r = 0.000000, inc_y_r = 1.000000, inc_x_i = 1.000000, inc_y_i = 1.000000
En el else......

----------------------------------------
x = 56.000000, y = 225.000000
avance = -451.000000, avanceR = 2.000000, avanceI = 2.000000
inc_x_r = 0.000000, inc_y_r = 1.000000, inc_x_i = 1.000000, inc_y_i = 1.000000
En el else......

----------------------------------------
x = 56.000000, y = 226.000000
avance = -449.000000, avanceR = 2.000000, avanceI = 2.000000
inc_x_r = 0.000000, inc_y_r = 1.000000, inc_x_i = 1.000000, inc_y_i = 1.000000
En el else......

----------------------------------------
x = 56.000000, y = 227.000000
avance = -447.000000, avanceR = 2.000000, avanceI = 2.000000
inc_x_r = 0.000000, inc_y_r = 1.000000, inc_x_i = 1.000000, inc_y_i = 1.000000
En el else......

----------------------------------------
x = 56.000000, y = 228.000000
avance = -445.000000, avanceR = 2.000000, avanceI = 2.000000
inc_x_r = 0.000000, inc_y_r = 1.000000, inc_x_i = 1.000000, inc_y_i = 1.000000
En el else......

----------------------------------------
x = 56.000000, y = 229.000000
avance = -443.000000, avanceR = 2.000000, avanceI = 2.000000
inc_x_r = 0.000000, inc_y_r = 1.000000, inc_x_i = 1.000000, inc_y_i = 1.000000
En el else......

----------------------------------------
x = 56.000000, y = 230.000000
avance = -441.000000, avanceR = 2.000000, avanceI = 2.000000
inc_x_r = 0.000000, inc_y_r = 1.000000, inc_x_i = 1.000000, inc_y_i = 1.000000
En el else......

----------------------------------------
x = 56.000000, y = 231.000000
avance = -439.000000, avanceR = 2.000000, avanceI = 2.000000
inc_x_r = 0.000000, inc_y_r = 1.000000, inc_x_i = 1.000000, inc_y_i = 1.000000
En el else......

----------------------------------------
x = 56.000000, y = 232.000000
avance = -437.000000, avanceR = 2.000000, avanceI = 2.000000
inc_x_r = 0.000000, inc_y_r = 1.000000, inc_x_i = 1.000000, inc_y_i = 1.000000
En el else......

----------------------------------------
x = 56.000000, y = 233.000000
avance = -435.000000, avanceR = 2.000000, avanceI = 2.000000
inc_x_r = 0.000000, inc_y_r = 1.000000, inc_x_i = 1.000000, inc_y_i = 1.000000
En el else......

----------------------------------------
x = 56.000000, y = 234.000000
avance = -433.000000, avanceR = 2.000000, avanceI = 2.000000
inc_x_r = 0.000000, inc_y_r = 1.000000, inc_x_i = 1.000000, inc_y_i = 1.000000
En el else......

----------------------------------------
x = 56.000000, y = 235.000000
avance = -431.000000, avanceR = 2.000000, avanceI = 2.000000
inc_x_r = 0.000000, inc_y_r = 1.000000, inc_x_i = 1.000000, inc_y_i = 1.000000
En el else......

----------------------------------------
x = 56.000000, y = 236.000000
avance = -429.000000, avanceR = 2.000000, avanceI = 2.000000
inc_x_r = 0.000000, inc_y_r = 1.000000, inc_x_i = 1.000000, inc_y_i = 1.000000
En el else......

----------------------------------------
x = 56.000000, y = 237.000000
avance = -427.000000, avanceR = 2.000000, avanceI = 2.000000
inc_x_r = 0.000000, inc_y_r = 1.000000, inc_x_i = 1.000000, inc_y_i = 1.000000
En el else......

----------------------------------------
x = 56.000000, y = 238.000000
avance = -425.000000, avanceR = 2.000000, avanceI = 2.000000
inc_x_r = 0.000000, inc_y_r = 1.000000, inc_x_i = 1.000000, inc_y_i = 1.000000
En el else......

----------------------------------------
x = 56.000000, y = 239.000000
avance = -423.000000, avanceR = 2.000000, avanceI = 2.000000
inc_x_r = 0.000000, inc_y_r = 1.000000, inc_x_i = 1.000000, inc_y_i = 1.000000
En el else......

----------------------------------------
x = 56.000000, y = 240.000000
avance = -421.000000, avanceR = 2.000000, avanceI = 2.000000
inc_x_r = 0.000000, inc_y_r = 1.000000, inc_x_i = 1.000000, inc_y_i = 1.000000
En el else......

----------------------------------------
x = 56.000000, y = 241.000000
avance = -419.000000, avanceR = 2.000000, avanceI = 2.000000
inc_x_r = 0.000000, inc_y_r = 1.000000, inc_x_i = 1.000000, inc_y_i = 1.000000
En el else......

----------------------------------------
x = 56.000000, y = 242.000000
avance = -417.000000, avanceR = 2.000000, avanceI = 2.000000
inc_x_r = 0.000000, inc_y_r = 1.000000, inc_x_i = 1.000000, inc_y_i = 1.000000
En el else......

----------------------------------------
x = 56.000000, y = 243.000000
avance = -415.000000, avanceR = 2.000000, avanceI = 2.000000
inc_x_r = 0.000000, inc_y_r = 1.000000, inc_x_i = 1.000000, inc_y_i = 1.000000
En el else......

----------------------------------------
x = 56.000000, y = 244.000000
avance = -413.000000, avanceR = 2.000000, avanceI = 2.000000
inc_x_r = 0.000000, inc_y_r = 1.000000, inc_x_i = 1.000000, inc_y_i = 1.000000
En el else......

----------------------------------------
x = 56.000000, y = 245.000000
avance = -411.000000, avanceR = 2.000000, avanceI = 2.000000
inc_x_r = 0.000000, inc_y_r = 1.000000, inc_x_i = 1.000000, inc_y_i = 1.000000
En el else......

----------------------------------------
x = 56.000000, y = 246.000000
avance = -409.000000, avanceR = 2.000000, avanceI = 2.000000
inc_x_r = 0.000000, inc_y_r = 1.000000, inc_x_i = 1.000000, inc_y_i = 1.000000
En el else......

----------------------------------------
x = 56.000000, y = 247.000000
avance = -407.000000, avanceR = 2.000000, avanceI = 2.000000
inc_x_r = 0.000000, inc_y_r = 1.000000, inc_x_i = 1.000000, inc_y_i = 1.000000
En el else......

----------------------------------------
x = 56.000000, y = 248.000000
avance = -405.000000, avanceR = 2.000000, avanceI = 2.000000
inc_x_r = 0.000000, inc_y_r = 1.000000, inc_x_i = 1.000000, inc_y_i = 1.000000
En el else......

----------------------------------------
x = 56.000000, y = 249.000000
avance = -403.000000, avanceR = 2.000000, avanceI = 2.000000
inc_x_r = 0.000000, inc_y_r = 1.000000, inc_x_i = 1.000000, inc_y_i = 1.000000
En el else......

----------------------------------------
x = 56.000000, y = 250.000000
avance = -401.000000, avanceR = 2.000000, avanceI = 2.000000
inc_x_r = 0.000000, inc_y_r = 1.000000, inc_x_i = 1.000000, inc_y_i = 1.000000
En el else......

----------------------------------------
x = 56.000000, y = 251.000000
avance = -399.000000, avanceR = 2.000000, avanceI = 2.000000
inc_x_r = 0.000000, inc_y_r = 1.000000, inc_x_i = 1.000000, inc_y_i = 1.000000
En el else......

----------------------------------------
x = 56.000000, y = 252.000000
avance = -397.000000, avanceR = 2.000000, avanceI = 2.000000
inc_x_r = 0.000000, inc_y_r = 1.000000, inc_x_i = 1.000000, inc_y_i = 1.000000
En el else......

----------------------------------------
x = 56.000000, y = 253.000000
avance = -395.000000, avanceR = 2.000000, avanceI = 2.000000
inc_x_r = 0.000000, inc_y_r = 1.000000, inc_x_i = 1.000000, inc_y_i = 1.000000
En el else......

----------------------------------------
x = 56.000000, y = 254.000000
avance = -393.000000, avanceR = 2.000000, avanceI = 2.000000
inc_x_r = 0.000000, inc_y_r = 1.000000, inc_x_i = 1.000000, inc_y_i = 1.000000
En el else......

----------------------------------------
x = 56.000000, y = 255.000000
avance = -391.000000, avanceR = 2.000000, avanceI = 2.000000
inc_x_r = 0.000000, inc_y_r = 1.000000, inc_x_i = 1.000000, inc_y_i = 1.000000
En el else......

----------------------------------------
x = 56.000000, y = 256.000000
avance = -389.000000, avanceR = 2.000000, avanceI = 2.000000
inc_x_r = 0.000000, inc_y_r = 1.000000, inc_x_i = 1.000000, inc_y_i = 1.000000
En el else......

----------------------------------------
x = 56.000000, y = 257.000000
avance = -387.000000, avanceR = 2.000000, avanceI = 2.000000
inc_x_r = 0.000000, inc_y_r = 1.000000, inc_x_i = 1.000000, inc_y_i = 1.000000
En el else......

----------------------------------------
x = 56.000000, y = 258.000000
avance = -385.000000, avanceR = 2.000000, avanceI = 2.000000
inc_x_r = 0.000000, inc_y_r = 1.000000, inc_x_i = 1.000000, inc_y_i = 1.000000
En el else......

----------------------------------------
x = 56.000000, y = 259.000000
avance = -383.000000, avanceR = 2.000000, avanceI = 2.000000
inc_x_r = 0.000000, inc_y_r = 1.000000, inc_x_i = 1.000000, inc_y_i = 1.000000
En el else......

----------------------------------------
x = 56.000000, y = 260.000000
avance = -381.000000, avanceR = 2.000000, avanceI = 2.000000
inc_x_r = 0.000000, inc_y_r = 1.000000, inc_x_i = 1.000000, inc_y_i = 1.000000
En el else......

----------------------------------------
x = 56.000000, y = 261.000000
avance = -379.000000, avanceR = 2.000000, avanceI = 2.000000
inc_x_r = 0.000000, inc_y_r = 1.000000, inc_x_i = 1.000000, inc_y_i = 1.000000
En el else......

----------------------------------------
x = 56.000000, y = 262.000000
avance = -377.000000, avanceR = 2.000000, avanceI = 2.000000
inc_x_r = 0.000000, inc_y_r = 1.000000, inc_x_i = 1.000000, inc_y_i = 1.000000
En el else......

----------------------------------------
x = 56.000000, y = 263.000000
avance = -375.000000, avanceR = 2.000000, avanceI = 2.000000
inc_x_r = 0.000000, inc_y_r = 1.000000, inc_x_i = 1.000000, inc_y_i = 1.000000
En el else......

----------------------------------------
x = 56.000000, y = 264.000000
avance = -373.000000, avanceR = 2.000000, avanceI = 2.000000
inc_x_r = 0.000000, inc_y_r = 1.000000, inc_x_i = 1.000000, inc_y_i = 1.000000
En el else......

----------------------------------------
x = 56.000000, y = 265.000000
avance = -371.000000, avanceR = 2.000000, avanceI = 2.000000
inc_x_r = 0.000000, inc_y_r = 1.000000, inc_x_i = 1.000000, inc_y_i = 1.000000
En el else......

----------------------------------------
x = 56.000000, y = 266.000000
avance = -369.000000, avanceR = 2.000000, avanceI = 2.000000
inc_x_r = 0.000000, inc_y_r = 1.000000, inc_x_i = 1.000000, inc_y_i = 1.000000
En el else......

----------------------------------------
x = 56.000000, y = 267.000000
avance = -367.000000, avanceR = 2.000000, avanceI = 2.000000
inc_x_r = 0.000000, inc_y_r = 1.000000, inc_x_i = 1.000000, inc_y_i = 1.000000
En el else......

----------------------------------------
x = 56.000000, y = 268.000000
avance = -365.000000, avanceR = 2.000000, avanceI = 2.000000
inc_x_r = 0.000000, inc_y_r = 1.000000, inc_x_i = 1.000000, inc_y_i = 1.000000
En el else......

----------------------------------------
x = 56.000000, y = 269.000000
avance = -363.000000, avanceR = 2.000000, avanceI = 2.000000
inc_x_r = 0.000000, inc_y_r = 1.000000, inc_x_i = 1.000000, inc_y_i = 1.000000
En el else......

----------------------------------------
x = 56.000000, y = 270.000000
avance = -361.000000, avanceR = 2.000000, avanceI = 2.000000
inc_x_r = 0.000000, inc_y_r = 1.000000, inc_x_i = 1.000000, inc_y_i = 1.000000
En el else......

----------------------------------------
x = 56.000000, y = 271.000000
avance = -359.000000, avanceR = 2.000000, avanceI = 2.000000
inc_x_r = 0.000000, inc_y_r = 1.000000, inc_x_i = 1.000000, inc_y_i = 1.000000
En el else......

----------------------------------------
x = 56.000000, y = 272.000000
avance = -357.000000, avanceR = 2.000000, avanceI = 2.000000
inc_x_r = 0.000000, inc_y_r = 1.000000, inc_x_i = 1.000000, inc_y_i = 1.000000
En el else......

----------------------------------------
x = 56.000000, y = 273.000000
avance = -355.000000, avanceR = 2.000000, avanceI = 2.000000
inc_x_r = 0.000000, inc_y_r = 1.000000, inc_x_i = 1.000000, inc_y_i = 1.000000
En el else......

----------------------------------------
x = 56.000000, y = 274.000000
avance = -353.000000, avanceR = 2.000000, avanceI = 2.000000
inc_x_r = 0.000000, inc_y_r = 1.000000, inc_x_i = 1.000000, inc_y_i = 1.000000
En el else......

----------------------------------------
x = 56.000000, y = 275.000000
avance = -351.000000, avanceR = 2.000000, avanceI = 2.000000
inc_x_r = 0.000000, inc_y_r = 1.000000, inc_x_i = 1.000000, inc_y_i = 1.000000
En el else......

----------------------------------------
x = 56.000000, y = 276.000000
avance = -349.000000, avanceR = 2.000000, avanceI = 2.000000
inc_x_r = 0.000000, inc_y_r = 1.000000, inc_x_i = 1.000000, inc_y_i = 1.000000
En el else......

----------------------------------------
x = 56.000000, y = 277.000000
avance = -347.000000, avanceR = 2.000000, avanceI = 2.000000
inc_x_r = 0.000000, inc_y_r = 1.000000, inc_x_i = 1.000000, inc_y_i = 1.000000
En el else......

----------------------------------------
x = 56.000000, y = 278.000000
avance = -345.000000, avanceR = 2.000000, avanceI = 2.000000
inc_x_r = 0.000000, inc_y_r = 1.000000, inc_x_i = 1.000000, inc_y_i = 1.000000
En el else......

----------------------------------------
x = 56.000000, y = 279.000000
avance = -343.000000, avanceR = 2.000000, avanceI = 2.000000
inc_x_r = 0.000000, inc_y_r = 1.000000, inc_x_i = 1.000000, inc_y_i = 1.000000
En el else......

----------------------------------------
x = 56.000000, y = 280.000000
avance = -341.000000, avanceR = 2.000000, avanceI = 2.000000
inc_x_r = 0.000000, inc_y_r = 1.000000, inc_x_i = 1.000000, inc_y_i = 1.000000
En el else......

----------------------------------------
x = 56.000000, y = 281.000000
avance = -339.000000, avanceR = 2.000000, avanceI = 2.000000
inc_x_r = 0.000000, inc_y_r = 1.000000, inc_x_i = 1.000000, inc_y_i = 1.000000
En el else......

----------------------------------------
x = 56.000000, y = 282.000000
avance = -337.000000, avanceR = 2.000000, avanceI = 2.000000
inc_x_r = 0.000000, inc_y_r = 1.000000, inc_x_i = 1.000000, inc_y_i = 1.000000
En el else......

----------------------------------------
x = 56.000000, y = 283.000000
avance = -335.000000, avanceR = 2.000000, avanceI = 2.000000
inc_x_r = 0.000000, inc_y_r = 1.000000, inc_x_i = 1.000000, inc_y_i = 1.000000
En el else......

----------------------------------------
x = 56.000000, y = 284.000000
avance = -333.000000, avanceR = 2.000000, avanceI = 2.000000
inc_x_r = 0.000000, inc_y_r = 1.000000, inc_x_i = 1.000000, inc_y_i = 1.000000
En el else......

----------------------------------------
x = 56.000000, y = 285.000000
avance = -331.000000, avanceR = 2.000000, avanceI = 2.000000
inc_x_r = 0.000000, inc_y_r = 1.000000, inc_x_i = 1.000000, inc_y_i = 1.000000
En el else......

----------------------------------------
x = 56.000000, y = 286.000000
avance = -329.000000, avanceR = 2.000000, avanceI = 2.000000
inc_x_r = 0.000000, inc_y_r = 1.000000, inc_x_i = 1.000000, inc_y_i = 1.000000
En el else......

----------------------------------------
x = 56.000000, y = 287.000000
avance = -327.000000, avanceR = 2.000000, avanceI = 2.000000
inc_x_r = 0.000000, inc_y_r = 1.000000, inc_x_i = 1.000000, inc_y_i = 1.000000
En el else......

----------------------------------------
x = 56.000000, y = 288.000000
avance = -325.000000, avanceR = 2.000000, avanceI = 2.000000
inc_x_r = 0.000000, inc_y_r = 1.000000, inc_x_i = 1.000000, inc_y_i = 1.000000
En el else......

----------------------------------------
x = 56.000000, y = 289.000000
avance = -323.000000, avanceR = 2.000000, avanceI = 2.000000
inc_x_r = 0.000000, inc_y_r = 1.000000, inc_x_i = 1.000000, inc_y_i = 1.000000
En el else......

----------------------------------------
x = 56.000000, y = 290.000000
avance = -321.000000, avanceR = 2.000000, avanceI = 2.000000
inc_x_r = 0.000000, inc_y_r = 1.000000, inc_x_i = 1.000000, inc_y_i = 1.000000
En el else......

----------------------------------------
x = 56.000000, y = 291.000000
avance = -319.000000, avanceR = 2.000000, avanceI = 2.000000
inc_x_r = 0.000000, inc_y_r = 1.000000, inc_x_i = 1.000000, inc_y_i = 1.000000
En el else......

----------------------------------------
x = 56.000000, y = 292.000000
avance = -317.000000, avanceR = 2.000000, avanceI = 2.000000
inc_x_r = 0.000000, inc_y_r = 1.000000, inc_x_i = 1.000000, inc_y_i = 1.000000
En el else......

----------------------------------------
x = 56.000000, y = 293.000000
avance = -315.000000, avanceR = 2.000000, avanceI = 2.000000
inc_x_r = 0.000000, inc_y_r = 1.000000, inc_x_i = 1.000000, inc_y_i = 1.000000
En el else......

----------------------------------------
x = 56.000000, y = 294.000000
avance = -313.000000, avanceR = 2.000000, avanceI = 2.000000
inc_x_r = 0.000000, inc_y_r = 1.000000, inc_x_i = 1.000000, inc_y_i = 1.000000
En el else......

----------------------------------------
x = 56.000000, y = 295.000000
avance = -311.000000, avanceR = 2.000000, avanceI = 2.000000
inc_x_r = 0.000000, inc_y_r = 1.000000, inc_x_i = 1.000000, inc_y_i = 1.000000
En el else......

----------------------------------------
x = 56.000000, y = 296.000000
avance = -309.000000, avanceR = 2.000000, avanceI = 2.000000
inc_x_r = 0.000000, inc_y_r = 1.000000, inc_x_i = 1.000000, inc_y_i = 1.000000
En el else......

----------------------------------------
x = 56.000000, y = 297.000000
avance = -307.000000, avanceR = 2.000000, avanceI = 2.000000
inc_x_r = 0.000000, inc_y_r = 1.000000, inc_x_i = 1.000000, inc_y_i = 1.000000
En el else......

----------------------------------------
x = 56.000000, y = 298.000000
avance = -305.000000, avanceR = 2.000000, avanceI = 2.000000
inc_x_r = 0.000000, inc_y_r = 1.000000, inc_x_i = 1.000000, inc_y_i = 1.000000
En el else......

----------------------------------------
x = 56.000000, y = 299.000000
avance = -303.000000, avanceR = 2.000000, avanceI = 2.000000
inc_x_r = 0.000000, inc_y_r = 1.000000, inc_x_i = 1.000000, inc_y_i = 1.000000
En el else......

----------------------------------------
x = 56.000000, y = 300.000000
avance = -301.000000, avanceR = 2.000000, avanceI = 2.000000
inc_x_r = 0.000000, inc_y_r = 1.000000, inc_x_i = 1.000000, inc_y_i = 1.000000
En el else......

----------------------------------------
x = 56.000000, y = 301.000000
avance = -299.000000, avanceR = 2.000000, avanceI = 2.000000
inc_x_r = 0.000000, inc_y_r = 1.000000, inc_x_i = 1.000000, inc_y_i = 1.000000
En el else......

----------------------------------------
x = 56.000000, y = 302.000000
avance = -297.000000, avanceR = 2.000000, avanceI = 2.000000
inc_x_r = 0.000000, inc_y_r = 1.000000, inc_x_i = 1.000000, inc_y_i = 1.000000
En el else......

----------------------------------------
x = 56.000000, y = 303.000000
avance = -295.000000, avanceR = 2.000000, avanceI = 2.000000
inc_x_r = 0.000000, inc_y_r = 1.000000, inc_x_i = 1.000000, inc_y_i = 1.000000
En el else......

----------------------------------------
x = 56.000000, y = 304.000000
avance = -293.000000, avanceR = 2.000000, avanceI = 2.000000
inc_x_r = 0.000000, inc_y_r = 1.000000, inc_x_i = 1.000000, inc_y_i = 1.000000
En el else......

----------------------------------------
x = 56.000000, y = 305.000000
avance = -291.000000, avanceR = 2.000000, avanceI = 2.000000
inc_x_r = 0.000000, inc_y_r = 1.000000, inc_x_i = 1.000000, inc_y_i = 1.000000
En el else......

----------------------------------------
x = 56.000000, y = 306.000000
avance = -289.000000, avanceR = 2.000000, avanceI = 2.000000
inc_x_r = 0.000000, inc_y_r = 1.000000, inc_x_i = 1.000000, inc_y_i = 1.000000
En el else......

----------------------------------------
x = 56.000000, y = 307.000000
avance = -287.000000, avanceR = 2.000000, avanceI = 2.000000
inc_x_r = 0.000000, inc_y_r = 1.000000, inc_x_i = 1.000000, inc_y_i = 1.000000
En el else......

----------------------------------------
x = 56.000000, y = 308.000000
avance = -285.000000, avanceR = 2.000000, avanceI = 2.000000
inc_x_r = 0.000000, inc_y_r = 1.000000, inc_x_i = 1.000000, inc_y_i = 1.000000
En el else......

----------------------------------------
x = 56.000000, y = 309.000000
avance = -283.000000, avanceR = 2.000000, avanceI = 2.000000
inc_x_r = 0.000000, inc_y_r = 1.000000, inc_x_i = 1.000000, inc_y_i = 1.000000
En el else......

----------------------------------------
x = 56.000000, y = 310.000000
avance = -281.000000, avanceR = 2.000000, avanceI = 2.000000
inc_x_r = 0.000000, inc_y_r = 1.000000, inc_x_i = 1.000000, inc_y_i = 1.000000
En el else......

----------------------------------------
x = 56.000000, y = 311.000000
avance = -279.000000, avanceR = 2.000000, avanceI = 2.000000
inc_x_r = 0.000000, inc_y_r = 1.000000, inc_x_i = 1.000000, inc_y_i = 1.000000
En el else......

----------------------------------------
x = 56.000000, y = 312.000000
avance = -277.000000, avanceR = 2.000000, avanceI = 2.000000
inc_x_r = 0.000000, inc_y_r = 1.000000, inc_x_i = 1.000000, inc_y_i = 1.000000
En el else......

----------------------------------------
x = 56.000000, y = 313.000000
avance = -275.000000, avanceR = 2.000000, avanceI = 2.000000
inc_x_r = 0.000000, inc_y_r = 1.000000, inc_x_i = 1.000000, inc_y_i = 1.000000
En el else......

----------------------------------------
x = 56.000000, y = 314.000000
avance = -273.000000, avanceR = 2.000000, avanceI = 2.000000
inc_x_r = 0.000000, inc_y_r = 1.000000, inc_x_i = 1.000000, inc_y_i = 1.000000
En el else......

----------------------------------------
x = 56.000000, y = 315.000000
avance = -271.000000, avanceR = 2.000000, avanceI = 2.000000
inc_x_r = 0.000000, inc_y_r = 1.000000, inc_x_i = 1.000000, inc_y_i = 1.000000
En el else......

----------------------------------------
x = 56.000000, y = 316.000000
avance = -269.000000, avanceR = 2.000000, avanceI = 2.000000
inc_x_r = 0.000000, inc_y_r = 1.000000, inc_x_i = 1.000000, inc_y_i = 1.000000
En el else......

----------------------------------------
x = 56.000000, y = 317.000000
avance = -267.000000, avanceR = 2.000000, avanceI = 2.000000
inc_x_r = 0.000000, inc_y_r = 1.000000, inc_x_i = 1.000000, inc_y_i = 1.000000
En el else......

----------------------------------------
x = 56.000000, y = 318.000000
avance = -265.000000, avanceR = 2.000000, avanceI = 2.000000
inc_x_r = 0.000000, inc_y_r = 1.000000, inc_x_i = 1.000000, inc_y_i = 1.000000
En el else......

----------------------------------------
x = 56.000000, y = 319.000000
avance = -263.000000, avanceR = 2.000000, avanceI = 2.000000
inc_x_r = 0.000000, inc_y_r = 1.000000, inc_x_i = 1.000000, inc_y_i = 1.000000
En el else......

----------------------------------------
x = 56.000000, y = 320.000000
avance = -261.000000, avanceR = 2.000000, avanceI = 2.000000
inc_x_r = 0.000000, inc_y_r = 1.000000, inc_x_i = 1.000000, inc_y_i = 1.000000
En el else......

----------------------------------------
x = 56.000000, y = 321.000000
avance = -259.000000, avanceR = 2.000000, avanceI = 2.000000
inc_x_r = 0.000000, inc_y_r = 1.000000, inc_x_i = 1.000000, inc_y_i = 1.000000
En el else......

----------------------------------------
x = 56.000000, y = 322.000000
avance = -257.000000, avanceR = 2.000000, avanceI = 2.000000
inc_x_r = 0.000000, inc_y_r = 1.000000, inc_x_i = 1.000000, inc_y_i = 1.000000
En el else......

----------------------------------------
x = 56.000000, y = 323.000000
avance = -255.000000, avanceR = 2.000000, avanceI = 2.000000
inc_x_r = 0.000000, inc_y_r = 1.000000, inc_x_i = 1.000000, inc_y_i = 1.000000
En el else......

----------------------------------------
x = 56.000000, y = 324.000000
avance = -253.000000, avanceR = 2.000000, avanceI = 2.000000
inc_x_r = 0.000000, inc_y_r = 1.000000, inc_x_i = 1.000000, inc_y_i = 1.000000
En el else......

----------------------------------------
x = 56.000000, y = 325.000000
avance = -251.000000, avanceR = 2.000000, avanceI = 2.000000
inc_x_r = 0.000000, inc_y_r = 1.000000, inc_x_i = 1.000000, inc_y_i = 1.000000
En el else......

----------------------------------------


ENTRAMOS A BRESENHAMªªªª
x1 = 55.000000 - y1 = 75.000000 || x2 = 56.000000 - y2 = 326.000000
dy = 251.000000, dx = 1.000000
avances inclinados: inc_x_i = 1.000000, inc_y_i = 1.000000
updated: dy = 251.000000, dx = 1.000000
avances rectos: inc_x_r = 0.000000, inc_y_r 1.000000
reupdated: dy = 1.000000, dx = 251.000000
avanceR = 2.000000, avance -249.000000, avanceI 2.000000
----------------------------------------
x = 55.000000, y = 75.000000
avance = -249.000000, avanceR = 2.000000, avanceI = 2.000000
inc_x_r = 0.000000, inc_y_r = 1.000000, inc_x_i = 1.000000, inc_y_i = 1.000000
En el else......

----------------------------------------
x = 55.000000, y = 76.000000
avance = -247.000000, avanceR = 2.000000, avanceI = 2.000000
inc_x_r = 0.000000, inc_y_r = 1.000000, inc_x_i = 1.000000, inc_y_i = 1.000000
En el else......

----------------------------------------
x = 55.000000, y = 77.000000
avance = -245.000000, avanceR = 2.000000, avanceI = 2.000000
inc_x_r = 0.000000, inc_y_r = 1.000000, inc_x_i = 1.000000, inc_y_i = 1.000000
En el else......

----------------------------------------
x = 55.000000, y = 78.000000
avance = -243.000000, avanceR = 2.000000, avanceI = 2.000000
inc_x_r = 0.000000, inc_y_r = 1.000000, inc_x_i = 1.000000, inc_y_i = 1.000000
En el else......

----------------------------------------
x = 55.000000, y = 79.000000
avance = -241.000000, avanceR = 2.000000, avanceI = 2.000000
inc_x_r = 0.000000, inc_y_r = 1.000000, inc_x_i = 1.000000, inc_y_i = 1.000000
En el else......

----------------------------------------
x = 55.000000, y = 80.000000
avance = -239.000000, avanceR = 2.000000, avanceI = 2.000000
inc_x_r = 0.000000, inc_y_r = 1.000000, inc_x_i = 1.000000, inc_y_i = 1.000000
En el else......

----------------------------------------
x = 55.000000, y = 81.000000
avance = -237.000000, avanceR = 2.000000, avanceI = 2.000000
inc_x_r = 0.000000, inc_y_r = 1.000000, inc_x_i = 1.000000, inc_y_i = 1.000000
En el else......

----------------------------------------
x = 55.000000, y = 82.000000
avance = -235.000000, avanceR = 2.000000, avanceI = 2.000000
inc_x_r = 0.000000, inc_y_r = 1.000000, inc_x_i = 1.000000, inc_y_i = 1.000000
En el else......

----------------------------------------
x = 55.000000, y = 83.000000
avance = -233.000000, avanceR = 2.000000, avanceI = 2.000000
inc_x_r = 0.000000, inc_y_r = 1.000000, inc_x_i = 1.000000, inc_y_i = 1.000000
En el else......

----------------------------------------
x = 55.000000, y = 84.000000
avance = -231.000000, avanceR = 2.000000, avanceI = 2.000000
inc_x_r = 0.000000, inc_y_r = 1.000000, inc_x_i = 1.000000, inc_y_i = 1.000000
En el else......

----------------------------------------
x = 55.000000, y = 85.000000
avance = -229.000000, avanceR = 2.000000, avanceI = 2.000000
inc_x_r = 0.000000, inc_y_r = 1.000000, inc_x_i = 1.000000, inc_y_i = 1.000000
En el else......

----------------------------------------
x = 55.000000, y = 86.000000
avance = -227.000000, avanceR = 2.000000, avanceI = 2.000000
inc_x_r = 0.000000, inc_y_r = 1.000000, inc_x_i = 1.000000, inc_y_i = 1.000000
En el else......

----------------------------------------
x = 55.000000, y = 87.000000
avance = -225.000000, avanceR = 2.000000, avanceI = 2.000000
inc_x_r = 0.000000, inc_y_r = 1.000000, inc_x_i = 1.000000, inc_y_i = 1.000000
En el else......

----------------------------------------
x = 55.000000, y = 88.000000
avance = -223.000000, avanceR = 2.000000, avanceI = 2.000000
inc_x_r = 0.000000, inc_y_r = 1.000000, inc_x_i = 1.000000, inc_y_i = 1.000000
En el else......

----------------------------------------
x = 55.000000, y = 89.000000
avance = -221.000000, avanceR = 2.000000, avanceI = 2.000000
inc_x_r = 0.000000, inc_y_r = 1.000000, inc_x_i = 1.000000, inc_y_i = 1.000000
En el else......

----------------------------------------
x = 55.000000, y = 90.000000
avance = -219.000000, avanceR = 2.000000, avanceI = 2.000000
inc_x_r = 0.000000, inc_y_r = 1.000000, inc_x_i = 1.000000, inc_y_i = 1.000000
En el else......

----------------------------------------
x = 55.000000, y = 91.000000
avance = -217.000000, avanceR = 2.000000, avanceI = 2.000000
inc_x_r = 0.000000, inc_y_r = 1.000000, inc_x_i = 1.000000, inc_y_i = 1.000000
En el else......

----------------------------------------
x = 55.000000, y = 92.000000
avance = -215.000000, avanceR = 2.000000, avanceI = 2.000000
inc_x_r = 0.000000, inc_y_r = 1.000000, inc_x_i = 1.000000, inc_y_i = 1.000000
En el else......

----------------------------------------
x = 55.000000, y = 93.000000
avance = -213.000000, avanceR = 2.000000, avanceI = 2.000000
inc_x_r = 0.000000, inc_y_r = 1.000000, inc_x_i = 1.000000, inc_y_i = 1.000000
En el else......

----------------------------------------
x = 55.000000, y = 94.000000
avance = -211.000000, avanceR = 2.000000, avanceI = 2.000000
inc_x_r = 0.000000, inc_y_r = 1.000000, inc_x_i = 1.000000, inc_y_i = 1.000000
En el else......

----------------------------------------
x = 55.000000, y = 95.000000
avance = -209.000000, avanceR = 2.000000, avanceI = 2.000000
inc_x_r = 0.000000, inc_y_r = 1.000000, inc_x_i = 1.000000, inc_y_i = 1.000000
En el else......

----------------------------------------
x = 55.000000, y = 96.000000
avance = -207.000000, avanceR = 2.000000, avanceI = 2.000000
inc_x_r = 0.000000, inc_y_r = 1.000000, inc_x_i = 1.000000, inc_y_i = 1.000000
En el else......

----------------------------------------
x = 55.000000, y = 97.000000
avance = -205.000000, avanceR = 2.000000, avanceI = 2.000000
inc_x_r = 0.000000, inc_y_r = 1.000000, inc_x_i = 1.000000, inc_y_i = 1.000000
En el else......

----------------------------------------
x = 55.000000, y = 98.000000
avance = -203.000000, avanceR = 2.000000, avanceI = 2.000000
inc_x_r = 0.000000, inc_y_r = 1.000000, inc_x_i = 1.000000, inc_y_i = 1.000000
En el else......

----------------------------------------
x = 55.000000, y = 99.000000
avance = -201.000000, avanceR = 2.000000, avanceI = 2.000000
inc_x_r = 0.000000, inc_y_r = 1.000000, inc_x_i = 1.000000, inc_y_i = 1.000000
En el else......

----------------------------------------
x = 55.000000, y = 100.000000
avance = -199.000000, avanceR = 2.000000, avanceI = 2.000000
inc_x_r = 0.000000, inc_y_r = 1.000000, inc_x_i = 1.000000, inc_y_i = 1.000000
En el else......

----------------------------------------
x = 55.000000, y = 101.000000
avance = -197.000000, avanceR = 2.000000, avanceI = 2.000000
inc_x_r = 0.000000, inc_y_r = 1.000000, inc_x_i = 1.000000, inc_y_i = 1.000000
En el else......

----------------------------------------
x = 55.000000, y = 102.000000
avance = -195.000000, avanceR = 2.000000, avanceI = 2.000000
inc_x_r = 0.000000, inc_y_r = 1.000000, inc_x_i = 1.000000, inc_y_i = 1.000000
En el else......

----------------------------------------
x = 55.000000, y = 103.000000
avance = -193.000000, avanceR = 2.000000, avanceI = 2.000000
inc_x_r = 0.000000, inc_y_r = 1.000000, inc_x_i = 1.000000, inc_y_i = 1.000000
En el else......

----------------------------------------
x = 55.000000, y = 104.000000
avance = -191.000000, avanceR = 2.000000, avanceI = 2.000000
inc_x_r = 0.000000, inc_y_r = 1.000000, inc_x_i = 1.000000, inc_y_i = 1.000000
En el else......

----------------------------------------
x = 55.000000, y = 105.000000
avance = -189.000000, avanceR = 2.000000, avanceI = 2.000000
inc_x_r = 0.000000, inc_y_r = 1.000000, inc_x_i = 1.000000, inc_y_i = 1.000000
En el else......

----------------------------------------
x = 55.000000, y = 106.000000
avance = -187.000000, avanceR = 2.000000, avanceI = 2.000000
inc_x_r = 0.000000, inc_y_r = 1.000000, inc_x_i = 1.000000, inc_y_i = 1.000000
En el else......

----------------------------------------
x = 55.000000, y = 107.000000
avance = -185.000000, avanceR = 2.000000, avanceI = 2.000000
inc_x_r = 0.000000, inc_y_r = 1.000000, inc_x_i = 1.000000, inc_y_i = 1.000000
En el else......

----------------------------------------
x = 55.000000, y = 108.000000
avance = -183.000000, avanceR = 2.000000, avanceI = 2.000000
inc_x_r = 0.000000, inc_y_r = 1.000000, inc_x_i = 1.000000, inc_y_i = 1.000000
En el else......

----------------------------------------
x = 55.000000, y = 109.000000
avance = -181.000000, avanceR = 2.000000, avanceI = 2.000000
inc_x_r = 0.000000, inc_y_r = 1.000000, inc_x_i = 1.000000, inc_y_i = 1.000000
En el else......

----------------------------------------
x = 55.000000, y = 110.000000
avance = -179.000000, avanceR = 2.000000, avanceI = 2.000000
inc_x_r = 0.000000, inc_y_r = 1.000000, inc_x_i = 1.000000, inc_y_i = 1.000000
En el else......

----------------------------------------
x = 55.000000, y = 111.000000
avance = -177.000000, avanceR = 2.000000, avanceI = 2.000000
inc_x_r = 0.000000, inc_y_r = 1.000000, inc_x_i = 1.000000, inc_y_i = 1.000000
En el else......

----------------------------------------
x = 55.000000, y = 112.000000
avance = -175.000000, avanceR = 2.000000, avanceI = 2.000000
inc_x_r = 0.000000, inc_y_r = 1.000000, inc_x_i = 1.000000, inc_y_i = 1.000000
En el else......

----------------------------------------
x = 55.000000, y = 113.000000
avance = -173.000000, avanceR = 2.000000, avanceI = 2.000000
inc_x_r = 0.000000, inc_y_r = 1.000000, inc_x_i = 1.000000, inc_y_i = 1.000000
En el else......

----------------------------------------
x = 55.000000, y = 114.000000
avance = -171.000000, avanceR = 2.000000, avanceI = 2.000000
inc_x_r = 0.000000, inc_y_r = 1.000000, inc_x_i = 1.000000, inc_y_i = 1.000000
En el else......

----------------------------------------
x = 55.000000, y = 115.000000
avance = -169.000000, avanceR = 2.000000, avanceI = 2.000000
inc_x_r = 0.000000, inc_y_r = 1.000000, inc_x_i = 1.000000, inc_y_i = 1.000000
En el else......

----------------------------------------
x = 55.000000, y = 116.000000
avance = -167.000000, avanceR = 2.000000, avanceI = 2.000000
inc_x_r = 0.000000, inc_y_r = 1.000000, inc_x_i = 1.000000, inc_y_i = 1.000000
En el else......

----------------------------------------
x = 55.000000, y = 117.000000
avance = -165.000000, avanceR = 2.000000, avanceI = 2.000000
inc_x_r = 0.000000, inc_y_r = 1.000000, inc_x_i = 1.000000, inc_y_i = 1.000000
En el else......

----------------------------------------
x = 55.000000, y = 118.000000
avance = -163.000000, avanceR = 2.000000, avanceI = 2.000000
inc_x_r = 0.000000, inc_y_r = 1.000000, inc_x_i = 1.000000, inc_y_i = 1.000000
En el else......

----------------------------------------
x = 55.000000, y = 119.000000
avance = -161.000000, avanceR = 2.000000, avanceI = 2.000000
inc_x_r = 0.000000, inc_y_r = 1.000000, inc_x_i = 1.000000, inc_y_i = 1.000000
En el else......

----------------------------------------
x = 55.000000, y = 120.000000
avance = -159.000000, avanceR = 2.000000, avanceI = 2.000000
inc_x_r = 0.000000, inc_y_r = 1.000000, inc_x_i = 1.000000, inc_y_i = 1.000000
En el else......

----------------------------------------
x = 55.000000, y = 121.000000
avance = -157.000000, avanceR = 2.000000, avanceI = 2.000000
inc_x_r = 0.000000, inc_y_r = 1.000000, inc_x_i = 1.000000, inc_y_i = 1.000000
En el else......

----------------------------------------
x = 55.000000, y = 122.000000
avance = -155.000000, avanceR = 2.000000, avanceI = 2.000000
inc_x_r = 0.000000, inc_y_r = 1.000000, inc_x_i = 1.000000, inc_y_i = 1.000000
En el else......

----------------------------------------
x = 55.000000, y = 123.000000
avance = -153.000000, avanceR = 2.000000, avanceI = 2.000000
inc_x_r = 0.000000, inc_y_r = 1.000000, inc_x_i = 1.000000, inc_y_i = 1.000000
En el else......

----------------------------------------
x = 55.000000, y = 124.000000
avance = -151.000000, avanceR = 2.000000, avanceI = 2.000000
inc_x_r = 0.000000, inc_y_r = 1.000000, inc_x_i = 1.000000, inc_y_i = 1.000000
En el else......

----------------------------------------
x = 55.000000, y = 125.000000
avance = -149.000000, avanceR = 2.000000, avanceI = 2.000000
inc_x_r = 0.000000, inc_y_r = 1.000000, inc_x_i = 1.000000, inc_y_i = 1.000000
En el else......

----------------------------------------
x = 55.000000, y = 126.000000
avance = -147.000000, avanceR = 2.000000, avanceI = 2.000000
inc_x_r = 0.000000, inc_y_r = 1.000000, inc_x_i = 1.000000, inc_y_i = 1.000000
En el else......

----------------------------------------
x = 55.000000, y = 127.000000
avance = -145.000000, avanceR = 2.000000, avanceI = 2.000000
inc_x_r = 0.000000, inc_y_r = 1.000000, inc_x_i = 1.000000, inc_y_i = 1.000000
En el else......

----------------------------------------
x = 55.000000, y = 128.000000
avance = -143.000000, avanceR = 2.000000, avanceI = 2.000000
inc_x_r = 0.000000, inc_y_r = 1.000000, inc_x_i = 1.000000, inc_y_i = 1.000000
En el else......

----------------------------------------
x = 55.000000, y = 129.000000
avance = -141.000000, avanceR = 2.000000, avanceI = 2.000000
inc_x_r = 0.000000, inc_y_r = 1.000000, inc_x_i = 1.000000, inc_y_i = 1.000000
En el else......

----------------------------------------
x = 55.000000, y = 130.000000
avance = -139.000000, avanceR = 2.000000, avanceI = 2.000000
inc_x_r = 0.000000, inc_y_r = 1.000000, inc_x_i = 1.000000, inc_y_i = 1.000000
En el else......

----------------------------------------
x = 55.000000, y = 131.000000
avance = -137.000000, avanceR = 2.000000, avanceI = 2.000000
inc_x_r = 0.000000, inc_y_r = 1.000000, inc_x_i = 1.000000, inc_y_i = 1.000000
En el else......

----------------------------------------
x = 55.000000, y = 132.000000
avance = -135.000000, avanceR = 2.000000, avanceI = 2.000000
inc_x_r = 0.000000, inc_y_r = 1.000000, inc_x_i = 1.000000, inc_y_i = 1.000000
En el else......

----------------------------------------
x = 55.000000, y = 133.000000
avance = -133.000000, avanceR = 2.000000, avanceI = 2.000000
inc_x_r = 0.000000, inc_y_r = 1.000000, inc_x_i = 1.000000, inc_y_i = 1.000000
En el else......

----------------------------------------
x = 55.000000, y = 134.000000
avance = -131.000000, avanceR = 2.000000, avanceI = 2.000000
inc_x_r = 0.000000, inc_y_r = 1.000000, inc_x_i = 1.000000, inc_y_i = 1.000000
En el else......

----------------------------------------
x = 55.000000, y = 135.000000
avance = -129.000000, avanceR = 2.000000, avanceI = 2.000000
inc_x_r = 0.000000, inc_y_r = 1.000000, inc_x_i = 1.000000, inc_y_i = 1.000000
En el else......

----------------------------------------
x = 55.000000, y = 136.000000
avance = -127.000000, avanceR = 2.000000, avanceI = 2.000000
inc_x_r = 0.000000, inc_y_r = 1.000000, inc_x_i = 1.000000, inc_y_i = 1.000000
En el else......

----------------------------------------
x = 55.000000, y = 137.000000
avance = -125.000000, avanceR = 2.000000, avanceI = 2.000000
inc_x_r = 0.000000, inc_y_r = 1.000000, inc_x_i = 1.000000, inc_y_i = 1.000000
En el else......

----------------------------------------
x = 55.000000, y = 138.000000
avance = -123.000000, avanceR = 2.000000, avanceI = 2.000000
inc_x_r = 0.000000, inc_y_r = 1.000000, inc_x_i = 1.000000, inc_y_i = 1.000000
En el else......

----------------------------------------
x = 55.000000, y = 139.000000
avance = -121.000000, avanceR = 2.000000, avanceI = 2.000000
inc_x_r = 0.000000, inc_y_r = 1.000000, inc_x_i = 1.000000, inc_y_i = 1.000000
En el else......

----------------------------------------
x = 55.000000, y = 140.000000
avance = -119.000000, avanceR = 2.000000, avanceI = 2.000000
inc_x_r = 0.000000, inc_y_r = 1.000000, inc_x_i = 1.000000, inc_y_i = 1.000000
En el else......

----------------------------------------
x = 55.000000, y = 141.000000
avance = -117.000000, avanceR = 2.000000, avanceI = 2.000000
inc_x_r = 0.000000, inc_y_r = 1.000000, inc_x_i = 1.000000, inc_y_i = 1.000000
En el else......

----------------------------------------
x = 55.000000, y = 142.000000
avance = -115.000000, avanceR = 2.000000, avanceI = 2.000000
inc_x_r = 0.000000, inc_y_r = 1.000000, inc_x_i = 1.000000, inc_y_i = 1.000000
En el else......

----------------------------------------
x = 55.000000, y = 143.000000
avance = -113.000000, avanceR = 2.000000, avanceI = 2.000000
inc_x_r = 0.000000, inc_y_r = 1.000000, inc_x_i = 1.000000, inc_y_i = 1.000000
En el else......

----------------------------------------
x = 55.000000, y = 144.000000
avance = -111.000000, avanceR = 2.000000, avanceI = 2.000000
inc_x_r = 0.000000, inc_y_r = 1.000000, inc_x_i = 1.000000, inc_y_i = 1.000000
En el else......

----------------------------------------
x = 55.000000, y = 145.000000
avance = -109.000000, avanceR = 2.000000, avanceI = 2.000000
inc_x_r = 0.000000, inc_y_r = 1.000000, inc_x_i = 1.000000, inc_y_i = 1.000000
En el else......

----------------------------------------
x = 55.000000, y = 146.000000
avance = -107.000000, avanceR = 2.000000, avanceI = 2.000000
inc_x_r = 0.000000, inc_y_r = 1.000000, inc_x_i = 1.000000, inc_y_i = 1.000000
En el else......

----------------------------------------
x = 55.000000, y = 147.000000
avance = -105.000000, avanceR = 2.000000, avanceI = 2.000000
inc_x_r = 0.000000, inc_y_r = 1.000000, inc_x_i = 1.000000, inc_y_i = 1.000000
En el else......

----------------------------------------
x = 55.000000, y = 148.000000
avance = -103.000000, avanceR = 2.000000, avanceI = 2.000000
inc_x_r = 0.000000, inc_y_r = 1.000000, inc_x_i = 1.000000, inc_y_i = 1.000000
En el else......

----------------------------------------
x = 55.000000, y = 149.000000
avance = -101.000000, avanceR = 2.000000, avanceI = 2.000000
inc_x_r = 0.000000, inc_y_r = 1.000000, inc_x_i = 1.000000, inc_y_i = 1.000000
En el else......

----------------------------------------
x = 55.000000, y = 150.000000
avance = -99.000000, avanceR = 2.000000, avanceI = 2.000000
inc_x_r = 0.000000, inc_y_r = 1.000000, inc_x_i = 1.000000, inc_y_i = 1.000000
En el else......

----------------------------------------
x = 55.000000, y = 151.000000
avance = -97.000000, avanceR = 2.000000, avanceI = 2.000000
inc_x_r = 0.000000, inc_y_r = 1.000000, inc_x_i = 1.000000, inc_y_i = 1.000000
En el else......

----------------------------------------
x = 55.000000, y = 152.000000
avance = -95.000000, avanceR = 2.000000, avanceI = 2.000000
inc_x_r = 0.000000, inc_y_r = 1.000000, inc_x_i = 1.000000, inc_y_i = 1.000000
En el else......

----------------------------------------
x = 55.000000, y = 153.000000
avance = -93.000000, avanceR = 2.000000, avanceI = 2.000000
inc_x_r = 0.000000, inc_y_r = 1.000000, inc_x_i = 1.000000, inc_y_i = 1.000000
En el else......

----------------------------------------
x = 55.000000, y = 154.000000
avance = -91.000000, avanceR = 2.000000, avanceI = 2.000000
inc_x_r = 0.000000, inc_y_r = 1.000000, inc_x_i = 1.000000, inc_y_i = 1.000000
En el else......

----------------------------------------
x = 55.000000, y = 155.000000
avance = -89.000000, avanceR = 2.000000, avanceI = 2.000000
inc_x_r = 0.000000, inc_y_r = 1.000000, inc_x_i = 1.000000, inc_y_i = 1.000000
En el else......

----------------------------------------
x = 55.000000, y = 156.000000
avance = -87.000000, avanceR = 2.000000, avanceI = 2.000000
inc_x_r = 0.000000, inc_y_r = 1.000000, inc_x_i = 1.000000, inc_y_i = 1.000000
En el else......

----------------------------------------
x = 55.000000, y = 157.000000
avance = -85.000000, avanceR = 2.000000, avanceI = 2.000000
inc_x_r = 0.000000, inc_y_r = 1.000000, inc_x_i = 1.000000, inc_y_i = 1.000000
En el else......

----------------------------------------
x = 55.000000, y = 158.000000
avance = -83.000000, avanceR = 2.000000, avanceI = 2.000000
inc_x_r = 0.000000, inc_y_r = 1.000000, inc_x_i = 1.000000, inc_y_i = 1.000000
En el else......

----------------------------------------
x = 55.000000, y = 159.000000
avance = -81.000000, avanceR = 2.000000, avanceI = 2.000000
inc_x_r = 0.000000, inc_y_r = 1.000000, inc_x_i = 1.000000, inc_y_i = 1.000000
En el else......

----------------------------------------
x = 55.000000, y = 160.000000
avance = -79.000000, avanceR = 2.000000, avanceI = 2.000000
inc_x_r = 0.000000, inc_y_r = 1.000000, inc_x_i = 1.000000, inc_y_i = 1.000000
En el else......

----------------------------------------
x = 55.000000, y = 161.000000
avance = -77.000000, avanceR = 2.000000, avanceI = 2.000000
inc_x_r = 0.000000, inc_y_r = 1.000000, inc_x_i = 1.000000, inc_y_i = 1.000000
En el else......

----------------------------------------
x = 55.000000, y = 162.000000
avance = -75.000000, avanceR = 2.000000, avanceI = 2.000000
inc_x_r = 0.000000, inc_y_r = 1.000000, inc_x_i = 1.000000, inc_y_i = 1.000000
En el else......

----------------------------------------
x = 55.000000, y = 163.000000
avance = -73.000000, avanceR = 2.000000, avanceI = 2.000000
inc_x_r = 0.000000, inc_y_r = 1.000000, inc_x_i = 1.000000, inc_y_i = 1.000000
En el else......

----------------------------------------
x = 55.000000, y = 164.000000
avance = -71.000000, avanceR = 2.000000, avanceI = 2.000000
inc_x_r = 0.000000, inc_y_r = 1.000000, inc_x_i = 1.000000, inc_y_i = 1.000000
En el else......

----------------------------------------
x = 55.000000, y = 165.000000
avance = -69.000000, avanceR = 2.000000, avanceI = 2.000000
inc_x_r = 0.000000, inc_y_r = 1.000000, inc_x_i = 1.000000, inc_y_i = 1.000000
En el else......

----------------------------------------
x = 55.000000, y = 166.000000
avance = -67.000000, avanceR = 2.000000, avanceI = 2.000000
inc_x_r = 0.000000, inc_y_r = 1.000000, inc_x_i = 1.000000, inc_y_i = 1.000000
En el else......

----------------------------------------
x = 55.000000, y = 167.000000
avance = -65.000000, avanceR = 2.000000, avanceI = 2.000000
inc_x_r = 0.000000, inc_y_r = 1.000000, inc_x_i = 1.000000, inc_y_i = 1.000000
En el else......

----------------------------------------
x = 55.000000, y = 168.000000
avance = -63.000000, avanceR = 2.000000, avanceI = 2.000000
inc_x_r = 0.000000, inc_y_r = 1.000000, inc_x_i = 1.000000, inc_y_i = 1.000000
En el else......

----------------------------------------
x = 55.000000, y = 169.000000
avance = -61.000000, avanceR = 2.000000, avanceI = 2.000000
inc_x_r = 0.000000, inc_y_r = 1.000000, inc_x_i = 1.000000, inc_y_i = 1.000000
En el else......

----------------------------------------
x = 55.000000, y = 170.000000
avance = -59.000000, avanceR = 2.000000, avanceI = 2.000000
inc_x_r = 0.000000, inc_y_r = 1.000000, inc_x_i = 1.000000, inc_y_i = 1.000000
En el else......

----------------------------------------
x = 55.000000, y = 171.000000
avance = -57.000000, avanceR = 2.000000, avanceI = 2.000000
inc_x_r = 0.000000, inc_y_r = 1.000000, inc_x_i = 1.000000, inc_y_i = 1.000000
En el else......

----------------------------------------
x = 55.000000, y = 172.000000
avance = -55.000000, avanceR = 2.000000, avanceI = 2.000000
inc_x_r = 0.000000, inc_y_r = 1.000000, inc_x_i = 1.000000, inc_y_i = 1.000000
En el else......

----------------------------------------
x = 55.000000, y = 173.000000
avance = -53.000000, avanceR = 2.000000, avanceI = 2.000000
inc_x_r = 0.000000, inc_y_r = 1.000000, inc_x_i = 1.000000, inc_y_i = 1.000000
En el else......

----------------------------------------
x = 55.000000, y = 174.000000
avance = -51.000000, avanceR = 2.000000, avanceI = 2.000000
inc_x_r = 0.000000, inc_y_r = 1.000000, inc_x_i = 1.000000, inc_y_i = 1.000000
En el else......

----------------------------------------
x = 55.000000, y = 175.000000
avance = -49.000000, avanceR = 2.000000, avanceI = 2.000000
inc_x_r = 0.000000, inc_y_r = 1.000000, inc_x_i = 1.000000, inc_y_i = 1.000000
En el else......

----------------------------------------
x = 55.000000, y = 176.000000
avance = -47.000000, avanceR = 2.000000, avanceI = 2.000000
inc_x_r = 0.000000, inc_y_r = 1.000000, inc_x_i = 1.000000, inc_y_i = 1.000000
En el else......

----------------------------------------
x = 55.000000, y = 177.000000
avance = -45.000000, avanceR = 2.000000, avanceI = 2.000000
inc_x_r = 0.000000, inc_y_r = 1.000000, inc_x_i = 1.000000, inc_y_i = 1.000000
En el else......

----------------------------------------
x = 55.000000, y = 178.000000
avance = -43.000000, avanceR = 2.000000, avanceI = 2.000000
inc_x_r = 0.000000, inc_y_r = 1.000000, inc_x_i = 1.000000, inc_y_i = 1.000000
En el else......

----------------------------------------
x = 55.000000, y = 179.000000
avance = -41.000000, avanceR = 2.000000, avanceI = 2.000000
inc_x_r = 0.000000, inc_y_r = 1.000000, inc_x_i = 1.000000, inc_y_i = 1.000000
En el else......

----------------------------------------
x = 55.000000, y = 180.000000
avance = -39.000000, avanceR = 2.000000, avanceI = 2.000000
inc_x_r = 0.000000, inc_y_r = 1.000000, inc_x_i = 1.000000, inc_y_i = 1.000000
En el else......

----------------------------------------
x = 55.000000, y = 181.000000
avance = -37.000000, avanceR = 2.000000, avanceI = 2.000000
inc_x_r = 0.000000, inc_y_r = 1.000000, inc_x_i = 1.000000, inc_y_i = 1.000000
En el else......

----------------------------------------
x = 55.000000, y = 182.000000
avance = -35.000000, avanceR = 2.000000, avanceI = 2.000000
inc_x_r = 0.000000, inc_y_r = 1.000000, inc_x_i = 1.000000, inc_y_i = 1.000000
En el else......

----------------------------------------
x = 55.000000, y = 183.000000
avance = -33.000000, avanceR = 2.000000, avanceI = 2.000000
inc_x_r = 0.000000, inc_y_r = 1.000000, inc_x_i = 1.000000, inc_y_i = 1.000000
En el else......

----------------------------------------
x = 55.000000, y = 184.000000
avance = -31.000000, avanceR = 2.000000, avanceI = 2.000000
inc_x_r = 0.000000, inc_y_r = 1.000000, inc_x_i = 1.000000, inc_y_i = 1.000000
En el else......

----------------------------------------
x = 55.000000, y = 185.000000
avance = -29.000000, avanceR = 2.000000, avanceI = 2.000000
inc_x_r = 0.000000, inc_y_r = 1.000000, inc_x_i = 1.000000, inc_y_i = 1.000000
En el else......

----------------------------------------
x = 55.000000, y = 186.000000
avance = -27.000000, avanceR = 2.000000, avanceI = 2.000000
inc_x_r = 0.000000, inc_y_r = 1.000000, inc_x_i = 1.000000, inc_y_i = 1.000000
En el else......

----------------------------------------
x = 55.000000, y = 187.000000
avance = -25.000000, avanceR = 2.000000, avanceI = 2.000000
inc_x_r = 0.000000, inc_y_r = 1.000000, inc_x_i = 1.000000, inc_y_i = 1.000000
En el else......

----------------------------------------
x = 55.000000, y = 188.000000
avance = -23.000000, avanceR = 2.000000, avanceI = 2.000000
inc_x_r = 0.000000, inc_y_r = 1.000000, inc_x_i = 1.000000, inc_y_i = 1.000000
En el else......

----------------------------------------
x = 55.000000, y = 189.000000
avance = -21.000000, avanceR = 2.000000, avanceI = 2.000000
inc_x_r = 0.000000, inc_y_r = 1.000000, inc_x_i = 1.000000, inc_y_i = 1.000000
En el else......

----------------------------------------
x = 55.000000, y = 190.000000
avance = -19.000000, avanceR = 2.000000, avanceI = 2.000000
inc_x_r = 0.000000, inc_y_r = 1.000000, inc_x_i = 1.000000, inc_y_i = 1.000000
En el else......

----------------------------------------
x = 55.000000, y = 191.000000
avance = -17.000000, avanceR = 2.000000, avanceI = 2.000000
inc_x_r = 0.000000, inc_y_r = 1.000000, inc_x_i = 1.000000, inc_y_i = 1.000000
En el else......

----------------------------------------
x = 55.000000, y = 192.000000
avance = -15.000000, avanceR = 2.000000, avanceI = 2.000000
inc_x_r = 0.000000, inc_y_r = 1.000000, inc_x_i = 1.000000, inc_y_i = 1.000000
En el else......

----------------------------------------
x = 55.000000, y = 193.000000
avance = -13.000000, avanceR = 2.000000, avanceI = 2.000000
inc_x_r = 0.000000, inc_y_r = 1.000000, inc_x_i = 1.000000, inc_y_i = 1.000000
En el else......

----------------------------------------
x = 55.000000, y = 194.000000
avance = -11.000000, avanceR = 2.000000, avanceI = 2.000000
inc_x_r = 0.000000, inc_y_r = 1.000000, inc_x_i = 1.000000, inc_y_i = 1.000000
En el else......

----------------------------------------
x = 55.000000, y = 195.000000
avance = -9.000000, avanceR = 2.000000, avanceI = 2.000000
inc_x_r = 0.000000, inc_y_r = 1.000000, inc_x_i = 1.000000, inc_y_i = 1.000000
En el else......

----------------------------------------
x = 55.000000, y = 196.000000
avance = -7.000000, avanceR = 2.000000, avanceI = 2.000000
inc_x_r = 0.000000, inc_y_r = 1.000000, inc_x_i = 1.000000, inc_y_i = 1.000000
En el else......

----------------------------------------
x = 55.000000, y = 197.000000
avance = -5.000000, avanceR = 2.000000, avanceI = 2.000000
inc_x_r = 0.000000, inc_y_r = 1.000000, inc_x_i = 1.000000, inc_y_i = 1.000000
En el else......

----------------------------------------
x = 55.000000, y = 198.000000
avance = -3.000000, avanceR = 2.000000, avanceI = 2.000000
inc_x_r = 0.000000, inc_y_r = 1.000000, inc_x_i = 1.000000, inc_y_i = 1.000000
En el else......

----------------------------------------
x = 55.000000, y = 199.000000
avance = -1.000000, avanceR = 2.000000, avanceI = 2.000000
inc_x_r = 0.000000, inc_y_r = 1.000000, inc_x_i = 1.000000, inc_y_i = 1.000000
En el else......

----------------------------------------
x = 55.000000, y = 200.000000
avance = 1.000000, avanceR = 2.000000, avanceI = 2.000000
inc_x_r = 0.000000, inc_y_r = 1.000000, inc_x_i = 1.000000, inc_y_i = 1.000000
avance >= 0

----------------------------------------
x = 56.000000, y = 201.000000
avance = -499.000000, avanceR = 2.000000, avanceI = 2.000000
inc_x_r = 0.000000, inc_y_r = 1.000000, inc_x_i = 1.000000, inc_y_i = 1.000000
En el else......

----------------------------------------
x = 56.000000, y = 202.000000
avance = -497.000000, avanceR = 2.000000, avanceI = 2.000000
inc_x_r = 0.000000, inc_y_r = 1.000000, inc_x_i = 1.000000, inc_y_i = 1.000000
En el else......

----------------------------------------
x = 56.000000, y = 203.000000
avance = -495.000000, avanceR = 2.000000, avanceI = 2.000000
inc_x_r = 0.000000, inc_y_r = 1.000000, inc_x_i = 1.000000, inc_y_i = 1.000000
En el else......

----------------------------------------
x = 56.000000, y = 204.000000
avance = -493.000000, avanceR = 2.000000, avanceI = 2.000000
inc_x_r = 0.000000, inc_y_r = 1.000000, inc_x_i = 1.000000, inc_y_i = 1.000000
En el else......

----------------------------------------
x = 56.000000, y = 205.000000
avance = -491.000000, avanceR = 2.000000, avanceI = 2.000000
inc_x_r = 0.000000, inc_y_r = 1.000000, inc_x_i = 1.000000, inc_y_i = 1.000000
En el else......

----------------------------------------
x = 56.000000, y = 206.000000
avance = -489.000000, avanceR = 2.000000, avanceI = 2.000000
inc_x_r = 0.000000, inc_y_r = 1.000000, inc_x_i = 1.000000, inc_y_i = 1.000000
En el else......

----------------------------------------
x = 56.000000, y = 207.000000
avance = -487.000000, avanceR = 2.000000, avanceI = 2.000000
inc_x_r = 0.000000, inc_y_r = 1.000000, inc_x_i = 1.000000, inc_y_i = 1.000000
En el else......

----------------------------------------
x = 56.000000, y = 208.000000
avance = -485.000000, avanceR = 2.000000, avanceI = 2.000000
inc_x_r = 0.000000, inc_y_r = 1.000000, inc_x_i = 1.000000, inc_y_i = 1.000000
En el else......

----------------------------------------
x = 56.000000, y = 209.000000
avance = -483.000000, avanceR = 2.000000, avanceI = 2.000000
inc_x_r = 0.000000, inc_y_r = 1.000000, inc_x_i = 1.000000, inc_y_i = 1.000000
En el else......

----------------------------------------
x = 56.000000, y = 210.000000
avance = -481.000000, avanceR = 2.000000, avanceI = 2.000000
inc_x_r = 0.000000, inc_y_r = 1.000000, inc_x_i = 1.000000, inc_y_i = 1.000000
En el else......

----------------------------------------
x = 56.000000, y = 211.000000
avance = -479.000000, avanceR = 2.000000, avanceI = 2.000000
inc_x_r = 0.000000, inc_y_r = 1.000000, inc_x_i = 1.000000, inc_y_i = 1.000000
En el else......

----------------------------------------
x = 56.000000, y = 212.000000
avance = -477.000000, avanceR = 2.000000, avanceI = 2.000000
inc_x_r = 0.000000, inc_y_r = 1.000000, inc_x_i = 1.000000, inc_y_i = 1.000000
En el else......

----------------------------------------
x = 56.000000, y = 213.000000
avance = -475.000000, avanceR = 2.000000, avanceI = 2.000000
inc_x_r = 0.000000, inc_y_r = 1.000000, inc_x_i = 1.000000, inc_y_i = 1.000000
En el else......

----------------------------------------
x = 56.000000, y = 214.000000
avance = -473.000000, avanceR = 2.000000, avanceI = 2.000000
inc_x_r = 0.000000, inc_y_r = 1.000000, inc_x_i = 1.000000, inc_y_i = 1.000000
En el else......

----------------------------------------
x = 56.000000, y = 215.000000
avance = -471.000000, avanceR = 2.000000, avanceI = 2.000000
inc_x_r = 0.000000, inc_y_r = 1.000000, inc_x_i = 1.000000, inc_y_i = 1.000000
En el else......

----------------------------------------
x = 56.000000, y = 216.000000
avance = -469.000000, avanceR = 2.000000, avanceI = 2.000000
inc_x_r = 0.000000, inc_y_r = 1.000000, inc_x_i = 1.000000, inc_y_i = 1.000000
En el else......

----------------------------------------
x = 56.000000, y = 217.000000
avance = -467.000000, avanceR = 2.000000, avanceI = 2.000000
inc_x_r = 0.000000, inc_y_r = 1.000000, inc_x_i = 1.000000, inc_y_i = 1.000000
En el else......

----------------------------------------
x = 56.000000, y = 218.000000
avance = -465.000000, avanceR = 2.000000, avanceI = 2.000000
inc_x_r = 0.000000, inc_y_r = 1.000000, inc_x_i = 1.000000, inc_y_i = 1.000000
En el else......

----------------------------------------
x = 56.000000, y = 219.000000
avance = -463.000000, avanceR = 2.000000, avanceI = 2.000000
inc_x_r = 0.000000, inc_y_r = 1.000000, inc_x_i = 1.000000, inc_y_i = 1.000000
En el else......

----------------------------------------
x = 56.000000, y = 220.000000
avance = -461.000000, avanceR = 2.000000, avanceI = 2.000000
inc_x_r = 0.000000, inc_y_r = 1.000000, inc_x_i = 1.000000, inc_y_i = 1.000000
En el else......

----------------------------------------
x = 56.000000, y = 221.000000
avance = -459.000000, avanceR = 2.000000, avanceI = 2.000000
inc_x_r = 0.000000, inc_y_r = 1.000000, inc_x_i = 1.000000, inc_y_i = 1.000000
En el else......

----------------------------------------
x = 56.000000, y = 222.000000
avance = -457.000000, avanceR = 2.000000, avanceI = 2.000000
inc_x_r = 0.000000, inc_y_r = 1.000000, inc_x_i = 1.000000, inc_y_i = 1.000000
En el else......

----------------------------------------
x = 56.000000, y = 223.000000
avance = -455.000000, avanceR = 2.000000, avanceI = 2.000000
inc_x_r = 0.000000, inc_y_r = 1.000000, inc_x_i = 1.000000, inc_y_i = 1.000000
En el else......

----------------------------------------
x = 56.000000, y = 224.000000
avance = -453.000000, avanceR = 2.000000, avanceI = 2.000000
inc_x_r = 0.000000, inc_y_r = 1.000000, inc_x_i = 1.000000, inc_y_i = 1.000000
En el else......

----------------------------------------
x = 56.000000, y = 225.000000
avance = -451.000000, avanceR = 2.000000, avanceI = 2.000000
inc_x_r = 0.000000, inc_y_r = 1.000000, inc_x_i = 1.000000, inc_y_i = 1.000000
En el else......

----------------------------------------
x = 56.000000, y = 226.000000
avance = -449.000000, avanceR = 2.000000, avanceI = 2.000000
inc_x_r = 0.000000, inc_y_r = 1.000000, inc_x_i = 1.000000, inc_y_i = 1.000000
En el else......

----------------------------------------
x = 56.000000, y = 227.000000
avance = -447.000000, avanceR = 2.000000, avanceI = 2.000000
inc_x_r = 0.000000, inc_y_r = 1.000000, inc_x_i = 1.000000, inc_y_i = 1.000000
En el else......

----------------------------------------
x = 56.000000, y = 228.000000
avance = -445.000000, avanceR = 2.000000, avanceI = 2.000000
inc_x_r = 0.000000, inc_y_r = 1.000000, inc_x_i = 1.000000, inc_y_i = 1.000000
En el else......

----------------------------------------
x = 56.000000, y = 229.000000
avance = -443.000000, avanceR = 2.000000, avanceI = 2.000000
inc_x_r = 0.000000, inc_y_r = 1.000000, inc_x_i = 1.000000, inc_y_i = 1.000000
En el else......

----------------------------------------
x = 56.000000, y = 230.000000
avance = -441.000000, avanceR = 2.000000, avanceI = 2.000000
inc_x_r = 0.000000, inc_y_r = 1.000000, inc_x_i = 1.000000, inc_y_i = 1.000000
En el else......

----------------------------------------
x = 56.000000, y = 231.000000
avance = -439.000000, avanceR = 2.000000, avanceI = 2.000000
inc_x_r = 0.000000, inc_y_r = 1.000000, inc_x_i = 1.000000, inc_y_i = 1.000000
En el else......

----------------------------------------
x = 56.000000, y = 232.000000
avance = -437.000000, avanceR = 2.000000, avanceI = 2.000000
inc_x_r = 0.000000, inc_y_r = 1.000000, inc_x_i = 1.000000, inc_y_i = 1.000000
En el else......

----------------------------------------
x = 56.000000, y = 233.000000
avance = -435.000000, avanceR = 2.000000, avanceI = 2.000000
inc_x_r = 0.000000, inc_y_r = 1.000000, inc_x_i = 1.000000, inc_y_i = 1.000000
En el else......

----------------------------------------
x = 56.000000, y = 234.000000
avance = -433.000000, avanceR = 2.000000, avanceI = 2.000000
inc_x_r = 0.000000, inc_y_r = 1.000000, inc_x_i = 1.000000, inc_y_i = 1.000000
En el else......

----------------------------------------
x = 56.000000, y = 235.000000
avance = -431.000000, avanceR = 2.000000, avanceI = 2.000000
inc_x_r = 0.000000, inc_y_r = 1.000000, inc_x_i = 1.000000, inc_y_i = 1.000000
En el else......

----------------------------------------
x = 56.000000, y = 236.000000
avance = -429.000000, avanceR = 2.000000, avanceI = 2.000000
inc_x_r = 0.000000, inc_y_r = 1.000000, inc_x_i = 1.000000, inc_y_i = 1.000000
En el else......

----------------------------------------
x = 56.000000, y = 237.000000
avance = -427.000000, avanceR = 2.000000, avanceI = 2.000000
inc_x_r = 0.000000, inc_y_r = 1.000000, inc_x_i = 1.000000, inc_y_i = 1.000000
En el else......

----------------------------------------
x = 56.000000, y = 238.000000
avance = -425.000000, avanceR = 2.000000, avanceI = 2.000000
inc_x_r = 0.000000, inc_y_r = 1.000000, inc_x_i = 1.000000, inc_y_i = 1.000000
En el else......

----------------------------------------
x = 56.000000, y = 239.000000
avance = -423.000000, avanceR = 2.000000, avanceI = 2.000000
inc_x_r = 0.000000, inc_y_r = 1.000000, inc_x_i = 1.000000, inc_y_i = 1.000000
En el else......

----------------------------------------
x = 56.000000, y = 240.000000
avance = -421.000000, avanceR = 2.000000, avanceI = 2.000000
inc_x_r = 0.000000, inc_y_r = 1.000000, inc_x_i = 1.000000, inc_y_i = 1.000000
En el else......

----------------------------------------
x = 56.000000, y = 241.000000
avance = -419.000000, avanceR = 2.000000, avanceI = 2.000000
inc_x_r = 0.000000, inc_y_r = 1.000000, inc_x_i = 1.000000, inc_y_i = 1.000000
En el else......

----------------------------------------
x = 56.000000, y = 242.000000
avance = -417.000000, avanceR = 2.000000, avanceI = 2.000000
inc_x_r = 0.000000, inc_y_r = 1.000000, inc_x_i = 1.000000, inc_y_i = 1.000000
En el else......

----------------------------------------
x = 56.000000, y = 243.000000
avance = -415.000000, avanceR = 2.000000, avanceI = 2.000000
inc_x_r = 0.000000, inc_y_r = 1.000000, inc_x_i = 1.000000, inc_y_i = 1.000000
En el else......

----------------------------------------
x = 56.000000, y = 244.000000
avance = -413.000000, avanceR = 2.000000, avanceI = 2.000000
inc_x_r = 0.000000, inc_y_r = 1.000000, inc_x_i = 1.000000, inc_y_i = 1.000000
En el else......

----------------------------------------
x = 56.000000, y = 245.000000
avance = -411.000000, avanceR = 2.000000, avanceI = 2.000000
inc_x_r = 0.000000, inc_y_r = 1.000000, inc_x_i = 1.000000, inc_y_i = 1.000000
En el else......

----------------------------------------
x = 56.000000, y = 246.000000
avance = -409.000000, avanceR = 2.000000, avanceI = 2.000000
inc_x_r = 0.000000, inc_y_r = 1.000000, inc_x_i = 1.000000, inc_y_i = 1.000000
En el else......

----------------------------------------
x = 56.000000, y = 247.000000
avance = -407.000000, avanceR = 2.000000, avanceI = 2.000000
inc_x_r = 0.000000, inc_y_r = 1.000000, inc_x_i = 1.000000, inc_y_i = 1.000000
En el else......

----------------------------------------
x = 56.000000, y = 248.000000
avance = -405.000000, avanceR = 2.000000, avanceI = 2.000000
inc_x_r = 0.000000, inc_y_r = 1.000000, inc_x_i = 1.000000, inc_y_i = 1.000000
En el else......

----------------------------------------
x = 56.000000, y = 249.000000
avance = -403.000000, avanceR = 2.000000, avanceI = 2.000000
inc_x_r = 0.000000, inc_y_r = 1.000000, inc_x_i = 1.000000, inc_y_i = 1.000000
En el else......

----------------------------------------
x = 56.000000, y = 250.000000
avance = -401.000000, avanceR = 2.000000, avanceI = 2.000000
inc_x_r = 0.000000, inc_y_r = 1.000000, inc_x_i = 1.000000, inc_y_i = 1.000000
En el else......

----------------------------------------
x = 56.000000, y = 251.000000
avance = -399.000000, avanceR = 2.000000, avanceI = 2.000000
inc_x_r = 0.000000, inc_y_r = 1.000000, inc_x_i = 1.000000, inc_y_i = 1.000000
En el else......

----------------------------------------
x = 56.000000, y = 252.000000
avance = -397.000000, avanceR = 2.000000, avanceI = 2.000000
inc_x_r = 0.000000, inc_y_r = 1.000000, inc_x_i = 1.000000, inc_y_i = 1.000000
En el else......

----------------------------------------
x = 56.000000, y = 253.000000
avance = -395.000000, avanceR = 2.000000, avanceI = 2.000000
inc_x_r = 0.000000, inc_y_r = 1.000000, inc_x_i = 1.000000, inc_y_i = 1.000000
En el else......

----------------------------------------
x = 56.000000, y = 254.000000
avance = -393.000000, avanceR = 2.000000, avanceI = 2.000000
inc_x_r = 0.000000, inc_y_r = 1.000000, inc_x_i = 1.000000, inc_y_i = 1.000000
En el else......

----------------------------------------
x = 56.000000, y = 255.000000
avance = -391.000000, avanceR = 2.000000, avanceI = 2.000000
inc_x_r = 0.000000, inc_y_r = 1.000000, inc_x_i = 1.000000, inc_y_i = 1.000000
En el else......

----------------------------------------
x = 56.000000, y = 256.000000
avance = -389.000000, avanceR = 2.000000, avanceI = 2.000000
inc_x_r = 0.000000, inc_y_r = 1.000000, inc_x_i = 1.000000, inc_y_i = 1.000000
En el else......

----------------------------------------
x = 56.000000, y = 257.000000
avance = -387.000000, avanceR = 2.000000, avanceI = 2.000000
inc_x_r = 0.000000, inc_y_r = 1.000000, inc_x_i = 1.000000, inc_y_i = 1.000000
En el else......

----------------------------------------
x = 56.000000, y = 258.000000
avance = -385.000000, avanceR = 2.000000, avanceI = 2.000000
inc_x_r = 0.000000, inc_y_r = 1.000000, inc_x_i = 1.000000, inc_y_i = 1.000000
En el else......

----------------------------------------
x = 56.000000, y = 259.000000
avance = -383.000000, avanceR = 2.000000, avanceI = 2.000000
inc_x_r = 0.000000, inc_y_r = 1.000000, inc_x_i = 1.000000, inc_y_i = 1.000000
En el else......

----------------------------------------
x = 56.000000, y = 260.000000
avance = -381.000000, avanceR = 2.000000, avanceI = 2.000000
inc_x_r = 0.000000, inc_y_r = 1.000000, inc_x_i = 1.000000, inc_y_i = 1.000000
En el else......

----------------------------------------
x = 56.000000, y = 261.000000
avance = -379.000000, avanceR = 2.000000, avanceI = 2.000000
inc_x_r = 0.000000, inc_y_r = 1.000000, inc_x_i = 1.000000, inc_y_i = 1.000000
En el else......

----------------------------------------
x = 56.000000, y = 262.000000
avance = -377.000000, avanceR = 2.000000, avanceI = 2.000000
inc_x_r = 0.000000, inc_y_r = 1.000000, inc_x_i = 1.000000, inc_y_i = 1.000000
En el else......

----------------------------------------
x = 56.000000, y = 263.000000
avance = -375.000000, avanceR = 2.000000, avanceI = 2.000000
inc_x_r = 0.000000, inc_y_r = 1.000000, inc_x_i = 1.000000, inc_y_i = 1.000000
En el else......

----------------------------------------
x = 56.000000, y = 264.000000
avance = -373.000000, avanceR = 2.000000, avanceI = 2.000000
inc_x_r = 0.000000, inc_y_r = 1.000000, inc_x_i = 1.000000, inc_y_i = 1.000000
En el else......

----------------------------------------
x = 56.000000, y = 265.000000
avance = -371.000000, avanceR = 2.000000, avanceI = 2.000000
inc_x_r = 0.000000, inc_y_r = 1.000000, inc_x_i = 1.000000, inc_y_i = 1.000000
En el else......

----------------------------------------
x = 56.000000, y = 266.000000
avance = -369.000000, avanceR = 2.000000, avanceI = 2.000000
inc_x_r = 0.000000, inc_y_r = 1.000000, inc_x_i = 1.000000, inc_y_i = 1.000000
En el else......

----------------------------------------
x = 56.000000, y = 267.000000
avance = -367.000000, avanceR = 2.000000, avanceI = 2.000000
inc_x_r = 0.000000, inc_y_r = 1.000000, inc_x_i = 1.000000, inc_y_i = 1.000000
En el else......

----------------------------------------
x = 56.000000, y = 268.000000
avance = -365.000000, avanceR = 2.000000, avanceI = 2.000000
inc_x_r = 0.000000, inc_y_r = 1.000000, inc_x_i = 1.000000, inc_y_i = 1.000000
En el else......

----------------------------------------
x = 56.000000, y = 269.000000
avance = -363.000000, avanceR = 2.000000, avanceI = 2.000000
inc_x_r = 0.000000, inc_y_r = 1.000000, inc_x_i = 1.000000, inc_y_i = 1.000000
En el else......

----------------------------------------
x = 56.000000, y = 270.000000
avance = -361.000000, avanceR = 2.000000, avanceI = 2.000000
inc_x_r = 0.000000, inc_y_r = 1.000000, inc_x_i = 1.000000, inc_y_i = 1.000000
En el else......

----------------------------------------
x = 56.000000, y = 271.000000
avance = -359.000000, avanceR = 2.000000, avanceI = 2.000000
inc_x_r = 0.000000, inc_y_r = 1.000000, inc_x_i = 1.000000, inc_y_i = 1.000000
En el else......

----------------------------------------
x = 56.000000, y = 272.000000
avance = -357.000000, avanceR = 2.000000, avanceI = 2.000000
inc_x_r = 0.000000, inc_y_r = 1.000000, inc_x_i = 1.000000, inc_y_i = 1.000000
En el else......

----------------------------------------
x = 56.000000, y = 273.000000
avance = -355.000000, avanceR = 2.000000, avanceI = 2.000000
inc_x_r = 0.000000, inc_y_r = 1.000000, inc_x_i = 1.000000, inc_y_i = 1.000000
En el else......

----------------------------------------
x = 56.000000, y = 274.000000
avance = -353.000000, avanceR = 2.000000, avanceI = 2.000000
inc_x_r = 0.000000, inc_y_r = 1.000000, inc_x_i = 1.000000, inc_y_i = 1.000000
En el else......

----------------------------------------
x = 56.000000, y = 275.000000
avance = -351.000000, avanceR = 2.000000, avanceI = 2.000000
inc_x_r = 0.000000, inc_y_r = 1.000000, inc_x_i = 1.000000, inc_y_i = 1.000000
En el else......

----------------------------------------
x = 56.000000, y = 276.000000
avance = -349.000000, avanceR = 2.000000, avanceI = 2.000000
inc_x_r = 0.000000, inc_y_r = 1.000000, inc_x_i = 1.000000, inc_y_i = 1.000000
En el else......

----------------------------------------
x = 56.000000, y = 277.000000
avance = -347.000000, avanceR = 2.000000, avanceI = 2.000000
inc_x_r = 0.000000, inc_y_r = 1.000000, inc_x_i = 1.000000, inc_y_i = 1.000000
En el else......

----------------------------------------
x = 56.000000, y = 278.000000
avance = -345.000000, avanceR = 2.000000, avanceI = 2.000000
inc_x_r = 0.000000, inc_y_r = 1.000000, inc_x_i = 1.000000, inc_y_i = 1.000000
En el else......

----------------------------------------
x = 56.000000, y = 279.000000
avance = -343.000000, avanceR = 2.000000, avanceI = 2.000000
inc_x_r = 0.000000, inc_y_r = 1.000000, inc_x_i = 1.000000, inc_y_i = 1.000000
En el else......

----------------------------------------
x = 56.000000, y = 280.000000
avance = -341.000000, avanceR = 2.000000, avanceI = 2.000000
inc_x_r = 0.000000, inc_y_r = 1.000000, inc_x_i = 1.000000, inc_y_i = 1.000000
En el else......

----------------------------------------
x = 56.000000, y = 281.000000
avance = -339.000000, avanceR = 2.000000, avanceI = 2.000000
inc_x_r = 0.000000, inc_y_r = 1.000000, inc_x_i = 1.000000, inc_y_i = 1.000000
En el else......

----------------------------------------
x = 56.000000, y = 282.000000
avance = -337.000000, avanceR = 2.000000, avanceI = 2.000000
inc_x_r = 0.000000, inc_y_r = 1.000000, inc_x_i = 1.000000, inc_y_i = 1.000000
En el else......

----------------------------------------
x = 56.000000, y = 283.000000
avance = -335.000000, avanceR = 2.000000, avanceI = 2.000000
inc_x_r = 0.000000, inc_y_r = 1.000000, inc_x_i = 1.000000, inc_y_i = 1.000000
En el else......

----------------------------------------
x = 56.000000, y = 284.000000
avance = -333.000000, avanceR = 2.000000, avanceI = 2.000000
inc_x_r = 0.000000, inc_y_r = 1.000000, inc_x_i = 1.000000, inc_y_i = 1.000000
En el else......

----------------------------------------
x = 56.000000, y = 285.000000
avance = -331.000000, avanceR = 2.000000, avanceI = 2.000000
inc_x_r = 0.000000, inc_y_r = 1.000000, inc_x_i = 1.000000, inc_y_i = 1.000000
En el else......

----------------------------------------
x = 56.000000, y = 286.000000
avance = -329.000000, avanceR = 2.000000, avanceI = 2.000000
inc_x_r = 0.000000, inc_y_r = 1.000000, inc_x_i = 1.000000, inc_y_i = 1.000000
En el else......

----------------------------------------
x = 56.000000, y = 287.000000
avance = -327.000000, avanceR = 2.000000, avanceI = 2.000000
inc_x_r = 0.000000, inc_y_r = 1.000000, inc_x_i = 1.000000, inc_y_i = 1.000000
En el else......

----------------------------------------
x = 56.000000, y = 288.000000
avance = -325.000000, avanceR = 2.000000, avanceI = 2.000000
inc_x_r = 0.000000, inc_y_r = 1.000000, inc_x_i = 1.000000, inc_y_i = 1.000000
En el else......

----------------------------------------
x = 56.000000, y = 289.000000
avance = -323.000000, avanceR = 2.000000, avanceI = 2.000000
inc_x_r = 0.000000, inc_y_r = 1.000000, inc_x_i = 1.000000, inc_y_i = 1.000000
En el else......

----------------------------------------
x = 56.000000, y = 290.000000
avance = -321.000000, avanceR = 2.000000, avanceI = 2.000000
inc_x_r = 0.000000, inc_y_r = 1.000000, inc_x_i = 1.000000, inc_y_i = 1.000000
En el else......

----------------------------------------
x = 56.000000, y = 291.000000
avance = -319.000000, avanceR = 2.000000, avanceI = 2.000000
inc_x_r = 0.000000, inc_y_r = 1.000000, inc_x_i = 1.000000, inc_y_i = 1.000000
En el else......

----------------------------------------
x = 56.000000, y = 292.000000
avance = -317.000000, avanceR = 2.000000, avanceI = 2.000000
inc_x_r = 0.000000, inc_y_r = 1.000000, inc_x_i = 1.000000, inc_y_i = 1.000000
En el else......

----------------------------------------
x = 56.000000, y = 293.000000
avance = -315.000000, avanceR = 2.000000, avanceI = 2.000000
inc_x_r = 0.000000, inc_y_r = 1.000000, inc_x_i = 1.000000, inc_y_i = 1.000000
En el else......

----------------------------------------
x = 56.000000, y = 294.000000
avance = -313.000000, avanceR = 2.000000, avanceI = 2.000000
inc_x_r = 0.000000, inc_y_r = 1.000000, inc_x_i = 1.000000, inc_y_i = 1.000000
En el else......

----------------------------------------
x = 56.000000, y = 295.000000
avance = -311.000000, avanceR = 2.000000, avanceI = 2.000000
inc_x_r = 0.000000, inc_y_r = 1.000000, inc_x_i = 1.000000, inc_y_i = 1.000000
En el else......

----------------------------------------
x = 56.000000, y = 296.000000
avance = -309.000000, avanceR = 2.000000, avanceI = 2.000000
inc_x_r = 0.000000, inc_y_r = 1.000000, inc_x_i = 1.000000, inc_y_i = 1.000000
En el else......

----------------------------------------
x = 56.000000, y = 297.000000
avance = -307.000000, avanceR = 2.000000, avanceI = 2.000000
inc_x_r = 0.000000, inc_y_r = 1.000000, inc_x_i = 1.000000, inc_y_i = 1.000000
En el else......

----------------------------------------
x = 56.000000, y = 298.000000
avance = -305.000000, avanceR = 2.000000, avanceI = 2.000000
inc_x_r = 0.000000, inc_y_r = 1.000000, inc_x_i = 1.000000, inc_y_i = 1.000000
En el else......

----------------------------------------
x = 56.000000, y = 299.000000
avance = -303.000000, avanceR = 2.000000, avanceI = 2.000000
inc_x_r = 0.000000, inc_y_r = 1.000000, inc_x_i = 1.000000, inc_y_i = 1.000000
En el else......

----------------------------------------
x = 56.000000, y = 300.000000
avance = -301.000000, avanceR = 2.000000, avanceI = 2.000000
inc_x_r = 0.000000, inc_y_r = 1.000000, inc_x_i = 1.000000, inc_y_i = 1.000000
En el else......

----------------------------------------
x = 56.000000, y = 301.000000
avance = -299.000000, avanceR = 2.000000, avanceI = 2.000000
inc_x_r = 0.000000, inc_y_r = 1.000000, inc_x_i = 1.000000, inc_y_i = 1.000000
En el else......

----------------------------------------
x = 56.000000, y = 302.000000
avance = -297.000000, avanceR = 2.000000, avanceI = 2.000000
inc_x_r = 0.000000, inc_y_r = 1.000000, inc_x_i = 1.000000, inc_y_i = 1.000000
En el else......

----------------------------------------
x = 56.000000, y = 303.000000
avance = -295.000000, avanceR = 2.000000, avanceI = 2.000000
inc_x_r = 0.000000, inc_y_r = 1.000000, inc_x_i = 1.000000, inc_y_i = 1.000000
En el else......

----------------------------------------
x = 56.000000, y = 304.000000
avance = -293.000000, avanceR = 2.000000, avanceI = 2.000000
inc_x_r = 0.000000, inc_y_r = 1.000000, inc_x_i = 1.000000, inc_y_i = 1.000000
En el else......

----------------------------------------
x = 56.000000, y = 305.000000
avance = -291.000000, avanceR = 2.000000, avanceI = 2.000000
inc_x_r = 0.000000, inc_y_r = 1.000000, inc_x_i = 1.000000, inc_y_i = 1.000000
En el else......

----------------------------------------
x = 56.000000, y = 306.000000
avance = -289.000000, avanceR = 2.000000, avanceI = 2.000000
inc_x_r = 0.000000, inc_y_r = 1.000000, inc_x_i = 1.000000, inc_y_i = 1.000000
En el else......

----------------------------------------
x = 56.000000, y = 307.000000
avance = -287.000000, avanceR = 2.000000, avanceI = 2.000000
inc_x_r = 0.000000, inc_y_r = 1.000000, inc_x_i = 1.000000, inc_y_i = 1.000000
En el else......

----------------------------------------
x = 56.000000, y = 308.000000
avance = -285.000000, avanceR = 2.000000, avanceI = 2.000000
inc_x_r = 0.000000, inc_y_r = 1.000000, inc_x_i = 1.000000, inc_y_i = 1.000000
En el else......

----------------------------------------
x = 56.000000, y = 309.000000
avance = -283.000000, avanceR = 2.000000, avanceI = 2.000000
inc_x_r = 0.000000, inc_y_r = 1.000000, inc_x_i = 1.000000, inc_y_i = 1.000000
En el else......

----------------------------------------
x = 56.000000, y = 310.000000
avance = -281.000000, avanceR = 2.000000, avanceI = 2.000000
inc_x_r = 0.000000, inc_y_r = 1.000000, inc_x_i = 1.000000, inc_y_i = 1.000000
En el else......

----------------------------------------
x = 56.000000, y = 311.000000
avance = -279.000000, avanceR = 2.000000, avanceI = 2.000000
inc_x_r = 0.000000, inc_y_r = 1.000000, inc_x_i = 1.000000, inc_y_i = 1.000000
En el else......

----------------------------------------
x = 56.000000, y = 312.000000
avance = -277.000000, avanceR = 2.000000, avanceI = 2.000000
inc_x_r = 0.000000, inc_y_r = 1.000000, inc_x_i = 1.000000, inc_y_i = 1.000000
En el else......

----------------------------------------
x = 56.000000, y = 313.000000
avance = -275.000000, avanceR = 2.000000, avanceI = 2.000000
inc_x_r = 0.000000, inc_y_r = 1.000000, inc_x_i = 1.000000, inc_y_i = 1.000000
En el else......

----------------------------------------
x = 56.000000, y = 314.000000
avance = -273.000000, avanceR = 2.000000, avanceI = 2.000000
inc_x_r = 0.000000, inc_y_r = 1.000000, inc_x_i = 1.000000, inc_y_i = 1.000000
En el else......

----------------------------------------
x = 56.000000, y = 315.000000
avance = -271.000000, avanceR = 2.000000, avanceI = 2.000000
inc_x_r = 0.000000, inc_y_r = 1.000000, inc_x_i = 1.000000, inc_y_i = 1.000000
En el else......

----------------------------------------
x = 56.000000, y = 316.000000
avance = -269.000000, avanceR = 2.000000, avanceI = 2.000000
inc_x_r = 0.000000, inc_y_r = 1.000000, inc_x_i = 1.000000, inc_y_i = 1.000000
En el else......

----------------------------------------
x = 56.000000, y = 317.000000
avance = -267.000000, avanceR = 2.000000, avanceI = 2.000000
inc_x_r = 0.000000, inc_y_r = 1.000000, inc_x_i = 1.000000, inc_y_i = 1.000000
En el else......

----------------------------------------
x = 56.000000, y = 318.000000
avance = -265.000000, avanceR = 2.000000, avanceI = 2.000000
inc_x_r = 0.000000, inc_y_r = 1.000000, inc_x_i = 1.000000, inc_y_i = 1.000000
En el else......

----------------------------------------
x = 56.000000, y = 319.000000
avance = -263.000000, avanceR = 2.000000, avanceI = 2.000000
inc_x_r = 0.000000, inc_y_r = 1.000000, inc_x_i = 1.000000, inc_y_i = 1.000000
En el else......

----------------------------------------
x = 56.000000, y = 320.000000
avance = -261.000000, avanceR = 2.000000, avanceI = 2.000000
inc_x_r = 0.000000, inc_y_r = 1.000000, inc_x_i = 1.000000, inc_y_i = 1.000000
En el else......

----------------------------------------
x = 56.000000, y = 321.000000
avance = -259.000000, avanceR = 2.000000, avanceI = 2.000000
inc_x_r = 0.000000, inc_y_r = 1.000000, inc_x_i = 1.000000, inc_y_i = 1.000000
En el else......

----------------------------------------
x = 56.000000, y = 322.000000
avance = -257.000000, avanceR = 2.000000, avanceI = 2.000000
inc_x_r = 0.000000, inc_y_r = 1.000000, inc_x_i = 1.000000, inc_y_i = 1.000000
En el else......

----------------------------------------
x = 56.000000, y = 323.000000
avance = -255.000000, avanceR = 2.000000, avanceI = 2.000000
inc_x_r = 0.000000, inc_y_r = 1.000000, inc_x_i = 1.000000, inc_y_i = 1.000000
En el else......

----------------------------------------
x = 56.000000, y = 324.000000
avance = -253.000000, avanceR = 2.000000, avanceI = 2.000000
inc_x_r = 0.000000, inc_y_r = 1.000000, inc_x_i = 1.000000, inc_y_i = 1.000000
En el else......

----------------------------------------
x = 56.000000, y = 325.000000
avance = -251.000000, avanceR = 2.000000, avanceI = 2.000000
inc_x_r = 0.000000, inc_y_r = 1.000000, inc_x_i = 1.000000, inc_y_i = 1.000000
En el else......

----------------------------------------


ENTRAMOS A BRESENHAMªªªª
x1 = 55.000000 - y1 = 75.000000 || x2 = 56.000000 - y2 = 326.000000
dy = 251.000000, dx = 1.000000
avances inclinados: inc_x_i = 1.000000, inc_y_i = 1.000000
updated: dy = 251.000000, dx = 1.000000
avances rectos: inc_x_r = 0.000000, inc_y_r 1.000000
reupdated: dy = 1.000000, dx = 251.000000
avanceR = 2.000000, avance -249.000000, avanceI 2.000000
----------------------------------------
x = 55.000000, y = 75.000000
avance = -249.000000, avanceR = 2.000000, avanceI = 2.000000
inc_x_r = 0.000000, inc_y_r = 1.000000, inc_x_i = 1.000000, inc_y_i = 1.000000
En el else......

----------------------------------------
x = 55.000000, y = 76.000000
avance = -247.000000, avanceR = 2.000000, avanceI = 2.000000
inc_x_r = 0.000000, inc_y_r = 1.000000, inc_x_i = 1.000000, inc_y_i = 1.000000
En el else......

----------------------------------------
x = 55.000000, y = 77.000000
avance = -245.000000, avanceR = 2.000000, avanceI = 2.000000
inc_x_r = 0.000000, inc_y_r = 1.000000, inc_x_i = 1.000000, inc_y_i = 1.000000
En el else......

----------------------------------------
x = 55.000000, y = 78.000000
avance = -243.000000, avanceR = 2.000000, avanceI = 2.000000
inc_x_r = 0.000000, inc_y_r = 1.000000, inc_x_i = 1.000000, inc_y_i = 1.000000
En el else......

----------------------------------------
x = 55.000000, y = 79.000000
avance = -241.000000, avanceR = 2.000000, avanceI = 2.000000
inc_x_r = 0.000000, inc_y_r = 1.000000, inc_x_i = 1.000000, inc_y_i = 1.000000
En el else......

----------------------------------------
x = 55.000000, y = 80.000000
avance = -239.000000, avanceR = 2.000000, avanceI = 2.000000
inc_x_r = 0.000000, inc_y_r = 1.000000, inc_x_i = 1.000000, inc_y_i = 1.000000
En el else......

----------------------------------------
x = 55.000000, y = 81.000000
avance = -237.000000, avanceR = 2.000000, avanceI = 2.000000
inc_x_r = 0.000000, inc_y_r = 1.000000, inc_x_i = 1.000000, inc_y_i = 1.000000
En el else......

----------------------------------------
x = 55.000000, y = 82.000000
avance = -235.000000, avanceR = 2.000000, avanceI = 2.000000
inc_x_r = 0.000000, inc_y_r = 1.000000, inc_x_i = 1.000000, inc_y_i = 1.000000
En el else......

----------------------------------------
x = 55.000000, y = 83.000000
avance = -233.000000, avanceR = 2.000000, avanceI = 2.000000
inc_x_r = 0.000000, inc_y_r = 1.000000, inc_x_i = 1.000000, inc_y_i = 1.000000
En el else......

----------------------------------------
x = 55.000000, y = 84.000000
avance = -231.000000, avanceR = 2.000000, avanceI = 2.000000
inc_x_r = 0.000000, inc_y_r = 1.000000, inc_x_i = 1.000000, inc_y_i = 1.000000
En el else......

----------------------------------------
x = 55.000000, y = 85.000000
avance = -229.000000, avanceR = 2.000000, avanceI = 2.000000
inc_x_r = 0.000000, inc_y_r = 1.000000, inc_x_i = 1.000000, inc_y_i = 1.000000
En el else......

----------------------------------------
x = 55.000000, y = 86.000000
avance = -227.000000, avanceR = 2.000000, avanceI = 2.000000
inc_x_r = 0.000000, inc_y_r = 1.000000, inc_x_i = 1.000000, inc_y_i = 1.000000
En el else......

----------------------------------------
x = 55.000000, y = 87.000000
avance = -225.000000, avanceR = 2.000000, avanceI = 2.000000
inc_x_r = 0.000000, inc_y_r = 1.000000, inc_x_i = 1.000000, inc_y_i = 1.000000
En el else......

----------------------------------------
x = 55.000000, y = 88.000000
avance = -223.000000, avanceR = 2.000000, avanceI = 2.000000
inc_x_r = 0.000000, inc_y_r = 1.000000, inc_x_i = 1.000000, inc_y_i = 1.000000
En el else......

----------------------------------------
x = 55.000000, y = 89.000000
avance = -221.000000, avanceR = 2.000000, avanceI = 2.000000
inc_x_r = 0.000000, inc_y_r = 1.000000, inc_x_i = 1.000000, inc_y_i = 1.000000
En el else......

----------------------------------------
x = 55.000000, y = 90.000000
avance = -219.000000, avanceR = 2.000000, avanceI = 2.000000
inc_x_r = 0.000000, inc_y_r = 1.000000, inc_x_i = 1.000000, inc_y_i = 1.000000
En el else......

----------------------------------------
x = 55.000000, y = 91.000000
avance = -217.000000, avanceR = 2.000000, avanceI = 2.000000
inc_x_r = 0.000000, inc_y_r = 1.000000, inc_x_i = 1.000000, inc_y_i = 1.000000
En el else......

----------------------------------------
x = 55.000000, y = 92.000000
avance = -215.000000, avanceR = 2.000000, avanceI = 2.000000
inc_x_r = 0.000000, inc_y_r = 1.000000, inc_x_i = 1.000000, inc_y_i = 1.000000
En el else......

----------------------------------------
x = 55.000000, y = 93.000000
avance = -213.000000, avanceR = 2.000000, avanceI = 2.000000
inc_x_r = 0.000000, inc_y_r = 1.000000, inc_x_i = 1.000000, inc_y_i = 1.000000
En el else......

----------------------------------------
x = 55.000000, y = 94.000000
avance = -211.000000, avanceR = 2.000000, avanceI = 2.000000
inc_x_r = 0.000000, inc_y_r = 1.000000, inc_x_i = 1.000000, inc_y_i = 1.000000
En el else......

----------------------------------------
x = 55.000000, y = 95.000000
avance = -209.000000, avanceR = 2.000000, avanceI = 2.000000
inc_x_r = 0.000000, inc_y_r = 1.000000, inc_x_i = 1.000000, inc_y_i = 1.000000
En el else......

----------------------------------------
x = 55.000000, y = 96.000000
avance = -207.000000, avanceR = 2.000000, avanceI = 2.000000
inc_x_r = 0.000000, inc_y_r = 1.000000, inc_x_i = 1.000000, inc_y_i = 1.000000
En el else......

----------------------------------------
x = 55.000000, y = 97.000000
avance = -205.000000, avanceR = 2.000000, avanceI = 2.000000
inc_x_r = 0.000000, inc_y_r = 1.000000, inc_x_i = 1.000000, inc_y_i = 1.000000
En el else......

----------------------------------------
x = 55.000000, y = 98.000000
avance = -203.000000, avanceR = 2.000000, avanceI = 2.000000
inc_x_r = 0.000000, inc_y_r = 1.000000, inc_x_i = 1.000000, inc_y_i = 1.000000
En el else......

----------------------------------------
x = 55.000000, y = 99.000000
avance = -201.000000, avanceR = 2.000000, avanceI = 2.000000
inc_x_r = 0.000000, inc_y_r = 1.000000, inc_x_i = 1.000000, inc_y_i = 1.000000
En el else......

----------------------------------------
x = 55.000000, y = 100.000000
avance = -199.000000, avanceR = 2.000000, avanceI = 2.000000
inc_x_r = 0.000000, inc_y_r = 1.000000, inc_x_i = 1.000000, inc_y_i = 1.000000
En el else......

----------------------------------------
x = 55.000000, y = 101.000000
avance = -197.000000, avanceR = 2.000000, avanceI = 2.000000
inc_x_r = 0.000000, inc_y_r = 1.000000, inc_x_i = 1.000000, inc_y_i = 1.000000
En el else......

----------------------------------------
x = 55.000000, y = 102.000000
avance = -195.000000, avanceR = 2.000000, avanceI = 2.000000
inc_x_r = 0.000000, inc_y_r = 1.000000, inc_x_i = 1.000000, inc_y_i = 1.000000
En el else......

----------------------------------------
x = 55.000000, y = 103.000000
avance = -193.000000, avanceR = 2.000000, avanceI = 2.000000
inc_x_r = 0.000000, inc_y_r = 1.000000, inc_x_i = 1.000000, inc_y_i = 1.000000
En el else......

----------------------------------------
x = 55.000000, y = 104.000000
avance = -191.000000, avanceR = 2.000000, avanceI = 2.000000
inc_x_r = 0.000000, inc_y_r = 1.000000, inc_x_i = 1.000000, inc_y_i = 1.000000
En el else......

----------------------------------------
x = 55.000000, y = 105.000000
avance = -189.000000, avanceR = 2.000000, avanceI = 2.000000
inc_x_r = 0.000000, inc_y_r = 1.000000, inc_x_i = 1.000000, inc_y_i = 1.000000
En el else......

----------------------------------------
x = 55.000000, y = 106.000000
avance = -187.000000, avanceR = 2.000000, avanceI = 2.000000
inc_x_r = 0.000000, inc_y_r = 1.000000, inc_x_i = 1.000000, inc_y_i = 1.000000
En el else......

----------------------------------------
x = 55.000000, y = 107.000000
avance = -185.000000, avanceR = 2.000000, avanceI = 2.000000
inc_x_r = 0.000000, inc_y_r = 1.000000, inc_x_i = 1.000000, inc_y_i = 1.000000
En el else......

----------------------------------------
x = 55.000000, y = 108.000000
avance = -183.000000, avanceR = 2.000000, avanceI = 2.000000
inc_x_r = 0.000000, inc_y_r = 1.000000, inc_x_i = 1.000000, inc_y_i = 1.000000
En el else......

----------------------------------------
x = 55.000000, y = 109.000000
avance = -181.000000, avanceR = 2.000000, avanceI = 2.000000
inc_x_r = 0.000000, inc_y_r = 1.000000, inc_x_i = 1.000000, inc_y_i = 1.000000
En el else......

----------------------------------------
x = 55.000000, y = 110.000000
avance = -179.000000, avanceR = 2.000000, avanceI = 2.000000
inc_x_r = 0.000000, inc_y_r = 1.000000, inc_x_i = 1.000000, inc_y_i = 1.000000
En el else......

----------------------------------------
x = 55.000000, y = 111.000000
avance = -177.000000, avanceR = 2.000000, avanceI = 2.000000
inc_x_r = 0.000000, inc_y_r = 1.000000, inc_x_i = 1.000000, inc_y_i = 1.000000
En el else......

----------------------------------------
x = 55.000000, y = 112.000000
avance = -175.000000, avanceR = 2.000000, avanceI = 2.000000
inc_x_r = 0.000000, inc_y_r = 1.000000, inc_x_i = 1.000000, inc_y_i = 1.000000
En el else......

----------------------------------------
x = 55.000000, y = 113.000000
avance = -173.000000, avanceR = 2.000000, avanceI = 2.000000
inc_x_r = 0.000000, inc_y_r = 1.000000, inc_x_i = 1.000000, inc_y_i = 1.000000
En el else......

----------------------------------------
x = 55.000000, y = 114.000000
avance = -171.000000, avanceR = 2.000000, avanceI = 2.000000
inc_x_r = 0.000000, inc_y_r = 1.000000, inc_x_i = 1.000000, inc_y_i = 1.000000
En el else......

----------------------------------------
x = 55.000000, y = 115.000000
avance = -169.000000, avanceR = 2.000000, avanceI = 2.000000
inc_x_r = 0.000000, inc_y_r = 1.000000, inc_x_i = 1.000000, inc_y_i = 1.000000
En el else......

----------------------------------------
x = 55.000000, y = 116.000000
avance = -167.000000, avanceR = 2.000000, avanceI = 2.000000
inc_x_r = 0.000000, inc_y_r = 1.000000, inc_x_i = 1.000000, inc_y_i = 1.000000
En el else......

----------------------------------------
x = 55.000000, y = 117.000000
avance = -165.000000, avanceR = 2.000000, avanceI = 2.000000
inc_x_r = 0.000000, inc_y_r = 1.000000, inc_x_i = 1.000000, inc_y_i = 1.000000
En el else......

----------------------------------------
x = 55.000000, y = 118.000000
avance = -163.000000, avanceR = 2.000000, avanceI = 2.000000
inc_x_r = 0.000000, inc_y_r = 1.000000, inc_x_i = 1.000000, inc_y_i = 1.000000
En el else......

----------------------------------------
x = 55.000000, y = 119.000000
avance = -161.000000, avanceR = 2.000000, avanceI = 2.000000
inc_x_r = 0.000000, inc_y_r = 1.000000, inc_x_i = 1.000000, inc_y_i = 1.000000
En el else......

----------------------------------------
x = 55.000000, y = 120.000000
avance = -159.000000, avanceR = 2.000000, avanceI = 2.000000
inc_x_r = 0.000000, inc_y_r = 1.000000, inc_x_i = 1.000000, inc_y_i = 1.000000
En el else......

----------------------------------------
x = 55.000000, y = 121.000000
avance = -157.000000, avanceR = 2.000000, avanceI = 2.000000
inc_x_r = 0.000000, inc_y_r = 1.000000, inc_x_i = 1.000000, inc_y_i = 1.000000
En el else......

----------------------------------------
x = 55.000000, y = 122.000000
avance = -155.000000, avanceR = 2.000000, avanceI = 2.000000
inc_x_r = 0.000000, inc_y_r = 1.000000, inc_x_i = 1.000000, inc_y_i = 1.000000
En el else......

----------------------------------------
x = 55.000000, y = 123.000000
avance = -153.000000, avanceR = 2.000000, avanceI = 2.000000
inc_x_r = 0.000000, inc_y_r = 1.000000, inc_x_i = 1.000000, inc_y_i = 1.000000
En el else......

----------------------------------------
x = 55.000000, y = 124.000000
avance = -151.000000, avanceR = 2.000000, avanceI = 2.000000
inc_x_r = 0.000000, inc_y_r = 1.000000, inc_x_i = 1.000000, inc_y_i = 1.000000
En el else......

----------------------------------------
x = 55.000000, y = 125.000000
avance = -149.000000, avanceR = 2.000000, avanceI = 2.000000
inc_x_r = 0.000000, inc_y_r = 1.000000, inc_x_i = 1.000000, inc_y_i = 1.000000
En el else......

----------------------------------------
x = 55.000000, y = 126.000000
avance = -147.000000, avanceR = 2.000000, avanceI = 2.000000
inc_x_r = 0.000000, inc_y_r = 1.000000, inc_x_i = 1.000000, inc_y_i = 1.000000
En el else......

----------------------------------------
x = 55.000000, y = 127.000000
avance = -145.000000, avanceR = 2.000000, avanceI = 2.000000
inc_x_r = 0.000000, inc_y_r = 1.000000, inc_x_i = 1.000000, inc_y_i = 1.000000
En el else......

----------------------------------------
x = 55.000000, y = 128.000000
avance = -143.000000, avanceR = 2.000000, avanceI = 2.000000
inc_x_r = 0.000000, inc_y_r = 1.000000, inc_x_i = 1.000000, inc_y_i = 1.000000
En el else......

----------------------------------------
x = 55.000000, y = 129.000000
avance = -141.000000, avanceR = 2.000000, avanceI = 2.000000
inc_x_r = 0.000000, inc_y_r = 1.000000, inc_x_i = 1.000000, inc_y_i = 1.000000
En el else......

----------------------------------------
x = 55.000000, y = 130.000000
avance = -139.000000, avanceR = 2.000000, avanceI = 2.000000
inc_x_r = 0.000000, inc_y_r = 1.000000, inc_x_i = 1.000000, inc_y_i = 1.000000
En el else......

----------------------------------------
x = 55.000000, y = 131.000000
avance = -137.000000, avanceR = 2.000000, avanceI = 2.000000
inc_x_r = 0.000000, inc_y_r = 1.000000, inc_x_i = 1.000000, inc_y_i = 1.000000
En el else......

----------------------------------------
x = 55.000000, y = 132.000000
avance = -135.000000, avanceR = 2.000000, avanceI = 2.000000
inc_x_r = 0.000000, inc_y_r = 1.000000, inc_x_i = 1.000000, inc_y_i = 1.000000
En el else......

----------------------------------------
x = 55.000000, y = 133.000000
avance = -133.000000, avanceR = 2.000000, avanceI = 2.000000
inc_x_r = 0.000000, inc_y_r = 1.000000, inc_x_i = 1.000000, inc_y_i = 1.000000
En el else......

----------------------------------------
x = 55.000000, y = 134.000000
avance = -131.000000, avanceR = 2.000000, avanceI = 2.000000
inc_x_r = 0.000000, inc_y_r = 1.000000, inc_x_i = 1.000000, inc_y_i = 1.000000
En el else......

----------------------------------------
x = 55.000000, y = 135.000000
avance = -129.000000, avanceR = 2.000000, avanceI = 2.000000
inc_x_r = 0.000000, inc_y_r = 1.000000, inc_x_i = 1.000000, inc_y_i = 1.000000
En el else......

----------------------------------------
x = 55.000000, y = 136.000000
avance = -127.000000, avanceR = 2.000000, avanceI = 2.000000
inc_x_r = 0.000000, inc_y_r = 1.000000, inc_x_i = 1.000000, inc_y_i = 1.000000
En el else......

----------------------------------------
x = 55.000000, y = 137.000000
avance = -125.000000, avanceR = 2.000000, avanceI = 2.000000
inc_x_r = 0.000000, inc_y_r = 1.000000, inc_x_i = 1.000000, inc_y_i = 1.000000
En el else......

----------------------------------------
x = 55.000000, y = 138.000000
avance = -123.000000, avanceR = 2.000000, avanceI = 2.000000
inc_x_r = 0.000000, inc_y_r = 1.000000, inc_x_i = 1.000000, inc_y_i = 1.000000
En el else......

----------------------------------------
x = 55.000000, y = 139.000000
avance = -121.000000, avanceR = 2.000000, avanceI = 2.000000
inc_x_r = 0.000000, inc_y_r = 1.000000, inc_x_i = 1.000000, inc_y_i = 1.000000
En el else......

----------------------------------------
x = 55.000000, y = 140.000000
avance = -119.000000, avanceR = 2.000000, avanceI = 2.000000
inc_x_r = 0.000000, inc_y_r = 1.000000, inc_x_i = 1.000000, inc_y_i = 1.000000
En el else......

----------------------------------------
x = 55.000000, y = 141.000000
avance = -117.000000, avanceR = 2.000000, avanceI = 2.000000
inc_x_r = 0.000000, inc_y_r = 1.000000, inc_x_i = 1.000000, inc_y_i = 1.000000
En el else......

----------------------------------------
x = 55.000000, y = 142.000000
avance = -115.000000, avanceR = 2.000000, avanceI = 2.000000
inc_x_r = 0.000000, inc_y_r = 1.000000, inc_x_i = 1.000000, inc_y_i = 1.000000
En el else......

----------------------------------------
x = 55.000000, y = 143.000000
avance = -113.000000, avanceR = 2.000000, avanceI = 2.000000
inc_x_r = 0.000000, inc_y_r = 1.000000, inc_x_i = 1.000000, inc_y_i = 1.000000
En el else......

----------------------------------------
x = 55.000000, y = 144.000000
avance = -111.000000, avanceR = 2.000000, avanceI = 2.000000
inc_x_r = 0.000000, inc_y_r = 1.000000, inc_x_i = 1.000000, inc_y_i = 1.000000
En el else......

----------------------------------------
x = 55.000000, y = 145.000000
avance = -109.000000, avanceR = 2.000000, avanceI = 2.000000
inc_x_r = 0.000000, inc_y_r = 1.000000, inc_x_i = 1.000000, inc_y_i = 1.000000
En el else......

----------------------------------------
x = 55.000000, y = 146.000000
avance = -107.000000, avanceR = 2.000000, avanceI = 2.000000
inc_x_r = 0.000000, inc_y_r = 1.000000, inc_x_i = 1.000000, inc_y_i = 1.000000
En el else......

----------------------------------------
x = 55.000000, y = 147.000000
avance = -105.000000, avanceR = 2.000000, avanceI = 2.000000
inc_x_r = 0.000000, inc_y_r = 1.000000, inc_x_i = 1.000000, inc_y_i = 1.000000
En el else......

----------------------------------------
x = 55.000000, y = 148.000000
avance = -103.000000, avanceR = 2.000000, avanceI = 2.000000
inc_x_r = 0.000000, inc_y_r = 1.000000, inc_x_i = 1.000000, inc_y_i = 1.000000
En el else......

----------------------------------------
x = 55.000000, y = 149.000000
avance = -101.000000, avanceR = 2.000000, avanceI = 2.000000
inc_x_r = 0.000000, inc_y_r = 1.000000, inc_x_i = 1.000000, inc_y_i = 1.000000
En el else......

----------------------------------------
x = 55.000000, y = 150.000000
avance = -99.000000, avanceR = 2.000000, avanceI = 2.000000
inc_x_r = 0.000000, inc_y_r = 1.000000, inc_x_i = 1.000000, inc_y_i = 1.000000
En el else......

----------------------------------------
x = 55.000000, y = 151.000000
avance = -97.000000, avanceR = 2.000000, avanceI = 2.000000
inc_x_r = 0.000000, inc_y_r = 1.000000, inc_x_i = 1.000000, inc_y_i = 1.000000
En el else......

----------------------------------------
x = 55.000000, y = 152.000000
avance = -95.000000, avanceR = 2.000000, avanceI = 2.000000
inc_x_r = 0.000000, inc_y_r = 1.000000, inc_x_i = 1.000000, inc_y_i = 1.000000
En el else......

----------------------------------------
x = 55.000000, y = 153.000000
avance = -93.000000, avanceR = 2.000000, avanceI = 2.000000
inc_x_r = 0.000000, inc_y_r = 1.000000, inc_x_i = 1.000000, inc_y_i = 1.000000
En el else......

----------------------------------------
x = 55.000000, y = 154.000000
avance = -91.000000, avanceR = 2.000000, avanceI = 2.000000
inc_x_r = 0.000000, inc_y_r = 1.000000, inc_x_i = 1.000000, inc_y_i = 1.000000
En el else......

----------------------------------------
x = 55.000000, y = 155.000000
avance = -89.000000, avanceR = 2.000000, avanceI = 2.000000
inc_x_r = 0.000000, inc_y_r = 1.000000, inc_x_i = 1.000000, inc_y_i = 1.000000
En el else......

----------------------------------------
x = 55.000000, y = 156.000000
avance = -87.000000, avanceR = 2.000000, avanceI = 2.000000
inc_x_r = 0.000000, inc_y_r = 1.000000, inc_x_i = 1.000000, inc_y_i = 1.000000
En el else......

----------------------------------------
x = 55.000000, y = 157.000000
avance = -85.000000, avanceR = 2.000000, avanceI = 2.000000
inc_x_r = 0.000000, inc_y_r = 1.000000, inc_x_i = 1.000000, inc_y_i = 1.000000
En el else......

----------------------------------------
x = 55.000000, y = 158.000000
avance = -83.000000, avanceR = 2.000000, avanceI = 2.000000
inc_x_r = 0.000000, inc_y_r = 1.000000, inc_x_i = 1.000000, inc_y_i = 1.000000
En el else......

----------------------------------------
x = 55.000000, y = 159.000000
avance = -81.000000, avanceR = 2.000000, avanceI = 2.000000
inc_x_r = 0.000000, inc_y_r = 1.000000, inc_x_i = 1.000000, inc_y_i = 1.000000
En el else......

----------------------------------------
x = 55.000000, y = 160.000000
avance = -79.000000, avanceR = 2.000000, avanceI = 2.000000
inc_x_r = 0.000000, inc_y_r = 1.000000, inc_x_i = 1.000000, inc_y_i = 1.000000
En el else......

----------------------------------------
x = 55.000000, y = 161.000000
avance = -77.000000, avanceR = 2.000000, avanceI = 2.000000
inc_x_r = 0.000000, inc_y_r = 1.000000, inc_x_i = 1.000000, inc_y_i = 1.000000
En el else......

----------------------------------------
x = 55.000000, y = 162.000000
avance = -75.000000, avanceR = 2.000000, avanceI = 2.000000
inc_x_r = 0.000000, inc_y_r = 1.000000, inc_x_i = 1.000000, inc_y_i = 1.000000
En el else......

----------------------------------------
x = 55.000000, y = 163.000000
avance = -73.000000, avanceR = 2.000000, avanceI = 2.000000
inc_x_r = 0.000000, inc_y_r = 1.000000, inc_x_i = 1.000000, inc_y_i = 1.000000
En el else......

----------------------------------------
x = 55.000000, y = 164.000000
avance = -71.000000, avanceR = 2.000000, avanceI = 2.000000
inc_x_r = 0.000000, inc_y_r = 1.000000, inc_x_i = 1.000000, inc_y_i = 1.000000
En el else......

----------------------------------------
x = 55.000000, y = 165.000000
avance = -69.000000, avanceR = 2.000000, avanceI = 2.000000
inc_x_r = 0.000000, inc_y_r = 1.000000, inc_x_i = 1.000000, inc_y_i = 1.000000
En el else......

----------------------------------------
x = 55.000000, y = 166.000000
avance = -67.000000, avanceR = 2.000000, avanceI = 2.000000
inc_x_r = 0.000000, inc_y_r = 1.000000, inc_x_i = 1.000000, inc_y_i = 1.000000
En el else......

----------------------------------------
x = 55.000000, y = 167.000000
avance = -65.000000, avanceR = 2.000000, avanceI = 2.000000
inc_x_r = 0.000000, inc_y_r = 1.000000, inc_x_i = 1.000000, inc_y_i = 1.000000
En el else......

----------------------------------------
x = 55.000000, y = 168.000000
avance = -63.000000, avanceR = 2.000000, avanceI = 2.000000
inc_x_r = 0.000000, inc_y_r = 1.000000, inc_x_i = 1.000000, inc_y_i = 1.000000
En el else......

----------------------------------------
x = 55.000000, y = 169.000000
avance = -61.000000, avanceR = 2.000000, avanceI = 2.000000
inc_x_r = 0.000000, inc_y_r = 1.000000, inc_x_i = 1.000000, inc_y_i = 1.000000
En el else......

----------------------------------------
x = 55.000000, y = 170.000000
avance = -59.000000, avanceR = 2.000000, avanceI = 2.000000
inc_x_r = 0.000000, inc_y_r = 1.000000, inc_x_i = 1.000000, inc_y_i = 1.000000
En el else......

----------------------------------------
x = 55.000000, y = 171.000000
avance = -57.000000, avanceR = 2.000000, avanceI = 2.000000
inc_x_r = 0.000000, inc_y_r = 1.000000, inc_x_i = 1.000000, inc_y_i = 1.000000
En el else......

----------------------------------------
x = 55.000000, y = 172.000000
avance = -55.000000, avanceR = 2.000000, avanceI = 2.000000
inc_x_r = 0.000000, inc_y_r = 1.000000, inc_x_i = 1.000000, inc_y_i = 1.000000
En el else......

----------------------------------------
x = 55.000000, y = 173.000000
avance = -53.000000, avanceR = 2.000000, avanceI = 2.000000
inc_x_r = 0.000000, inc_y_r = 1.000000, inc_x_i = 1.000000, inc_y_i = 1.000000
En el else......

----------------------------------------
x = 55.000000, y = 174.000000
avance = -51.000000, avanceR = 2.000000, avanceI = 2.000000
inc_x_r = 0.000000, inc_y_r = 1.000000, inc_x_i = 1.000000, inc_y_i = 1.000000
En el else......

----------------------------------------
x = 55.000000, y = 175.000000
avance = -49.000000, avanceR = 2.000000, avanceI = 2.000000
inc_x_r = 0.000000, inc_y_r = 1.000000, inc_x_i = 1.000000, inc_y_i = 1.000000
En el else......

----------------------------------------
x = 55.000000, y = 176.000000
avance = -47.000000, avanceR = 2.000000, avanceI = 2.000000
inc_x_r = 0.000000, inc_y_r = 1.000000, inc_x_i = 1.000000, inc_y_i = 1.000000
En el else......

----------------------------------------
x = 55.000000, y = 177.000000
avance = -45.000000, avanceR = 2.000000, avanceI = 2.000000
inc_x_r = 0.000000, inc_y_r = 1.000000, inc_x_i = 1.000000, inc_y_i = 1.000000
En el else......

----------------------------------------
x = 55.000000, y = 178.000000
avance = -43.000000, avanceR = 2.000000, avanceI = 2.000000
inc_x_r = 0.000000, inc_y_r = 1.000000, inc_x_i = 1.000000, inc_y_i = 1.000000
En el else......

----------------------------------------
x = 55.000000, y = 179.000000
avance = -41.000000, avanceR = 2.000000, avanceI = 2.000000
inc_x_r = 0.000000, inc_y_r = 1.000000, inc_x_i = 1.000000, inc_y_i = 1.000000
En el else......

----------------------------------------
x = 55.000000, y = 180.000000
avance = -39.000000, avanceR = 2.000000, avanceI = 2.000000
inc_x_r = 0.000000, inc_y_r = 1.000000, inc_x_i = 1.000000, inc_y_i = 1.000000
En el else......

----------------------------------------
x = 55.000000, y = 181.000000
avance = -37.000000, avanceR = 2.000000, avanceI = 2.000000
inc_x_r = 0.000000, inc_y_r = 1.000000, inc_x_i = 1.000000, inc_y_i = 1.000000
En el else......

----------------------------------------
x = 55.000000, y = 182.000000
avance = -35.000000, avanceR = 2.000000, avanceI = 2.000000
inc_x_r = 0.000000, inc_y_r = 1.000000, inc_x_i = 1.000000, inc_y_i = 1.000000
En el else......

----------------------------------------
x = 55.000000, y = 183.000000
avance = -33.000000, avanceR = 2.000000, avanceI = 2.000000
inc_x_r = 0.000000, inc_y_r = 1.000000, inc_x_i = 1.000000, inc_y_i = 1.000000
En el else......

----------------------------------------
x = 55.000000, y = 184.000000
avance = -31.000000, avanceR = 2.000000, avanceI = 2.000000
inc_x_r = 0.000000, inc_y_r = 1.000000, inc_x_i = 1.000000, inc_y_i = 1.000000
En el else......

----------------------------------------
x = 55.000000, y = 185.000000
avance = -29.000000, avanceR = 2.000000, avanceI = 2.000000
inc_x_r = 0.000000, inc_y_r = 1.000000, inc_x_i = 1.000000, inc_y_i = 1.000000
En el else......

----------------------------------------
x = 55.000000, y = 186.000000
avance = -27.000000, avanceR = 2.000000, avanceI = 2.000000
inc_x_r = 0.000000, inc_y_r = 1.000000, inc_x_i = 1.000000, inc_y_i = 1.000000
En el else......

----------------------------------------
x = 55.000000, y = 187.000000
avance = -25.000000, avanceR = 2.000000, avanceI = 2.000000
inc_x_r = 0.000000, inc_y_r = 1.000000, inc_x_i = 1.000000, inc_y_i = 1.000000
En el else......

----------------------------------------
x = 55.000000, y = 188.000000
avance = -23.000000, avanceR = 2.000000, avanceI = 2.000000
inc_x_r = 0.000000, inc_y_r = 1.000000, inc_x_i = 1.000000, inc_y_i = 1.000000
En el else......

----------------------------------------
x = 55.000000, y = 189.000000
avance = -21.000000, avanceR = 2.000000, avanceI = 2.000000
inc_x_r = 0.000000, inc_y_r = 1.000000, inc_x_i = 1.000000, inc_y_i = 1.000000
En el else......

----------------------------------------
x = 55.000000, y = 190.000000
avance = -19.000000, avanceR = 2.000000, avanceI = 2.000000
inc_x_r = 0.000000, inc_y_r = 1.000000, inc_x_i = 1.000000, inc_y_i = 1.000000
En el else......

----------------------------------------
x = 55.000000, y = 191.000000
avance = -17.000000, avanceR = 2.000000, avanceI = 2.000000
inc_x_r = 0.000000, inc_y_r = 1.000000, inc_x_i = 1.000000, inc_y_i = 1.000000
En el else......

----------------------------------------
x = 55.000000, y = 192.000000
avance = -15.000000, avanceR = 2.000000, avanceI = 2.000000
inc_x_r = 0.000000, inc_y_r = 1.000000, inc_x_i = 1.000000, inc_y_i = 1.000000
En el else......

----------------------------------------
x = 55.000000, y = 193.000000
avance = -13.000000, avanceR = 2.000000, avanceI = 2.000000
inc_x_r = 0.000000, inc_y_r = 1.000000, inc_x_i = 1.000000, inc_y_i = 1.000000
En el else......

----------------------------------------
x = 55.000000, y = 194.000000
avance = -11.000000, avanceR = 2.000000, avanceI = 2.000000
inc_x_r = 0.000000, inc_y_r = 1.000000, inc_x_i = 1.000000, inc_y_i = 1.000000
En el else......

----------------------------------------
x = 55.000000, y = 195.000000
avance = -9.000000, avanceR = 2.000000, avanceI = 2.000000
inc_x_r = 0.000000, inc_y_r = 1.000000, inc_x_i = 1.000000, inc_y_i = 1.000000
En el else......

----------------------------------------
x = 55.000000, y = 196.000000
avance = -7.000000, avanceR = 2.000000, avanceI = 2.000000
inc_x_r = 0.000000, inc_y_r = 1.000000, inc_x_i = 1.000000, inc_y_i = 1.000000
En el else......

----------------------------------------
x = 55.000000, y = 197.000000
avance = -5.000000, avanceR = 2.000000, avanceI = 2.000000
inc_x_r = 0.000000, inc_y_r = 1.000000, inc_x_i = 1.000000, inc_y_i = 1.000000
En el else......

----------------------------------------
x = 55.000000, y = 198.000000
avance = -3.000000, avanceR = 2.000000, avanceI = 2.000000
inc_x_r = 0.000000, inc_y_r = 1.000000, inc_x_i = 1.000000, inc_y_i = 1.000000
En el else......

----------------------------------------
x = 55.000000, y = 199.000000
avance = -1.000000, avanceR = 2.000000, avanceI = 2.000000
inc_x_r = 0.000000, inc_y_r = 1.000000, inc_x_i = 1.000000, inc_y_i = 1.000000
En el else......

----------------------------------------
x = 55.000000, y = 200.000000
avance = 1.000000, avanceR = 2.000000, avanceI = 2.000000
inc_x_r = 0.000000, inc_y_r = 1.000000, inc_x_i = 1.000000, inc_y_i = 1.000000
avance >= 0

----------------------------------------
x = 56.000000, y = 201.000000
avance = -499.000000, avanceR = 2.000000, avanceI = 2.000000
inc_x_r = 0.000000, inc_y_r = 1.000000, inc_x_i = 1.000000, inc_y_i = 1.000000
En el else......

----------------------------------------
x = 56.000000, y = 202.000000
avance = -497.000000, avanceR = 2.000000, avanceI = 2.000000
inc_x_r = 0.000000, inc_y_r = 1.000000, inc_x_i = 1.000000, inc_y_i = 1.000000
En el else......

----------------------------------------
x = 56.000000, y = 203.000000
avance = -495.000000, avanceR = 2.000000, avanceI = 2.000000
inc_x_r = 0.000000, inc_y_r = 1.000000, inc_x_i = 1.000000, inc_y_i = 1.000000
En el else......

----------------------------------------
x = 56.000000, y = 204.000000
avance = -493.000000, avanceR = 2.000000, avanceI = 2.000000
inc_x_r = 0.000000, inc_y_r = 1.000000, inc_x_i = 1.000000, inc_y_i = 1.000000
En el else......

----------------------------------------
x = 56.000000, y = 205.000000
avance = -491.000000, avanceR = 2.000000, avanceI = 2.000000
inc_x_r = 0.000000, inc_y_r = 1.000000, inc_x_i = 1.000000, inc_y_i = 1.000000
En el else......

----------------------------------------
x = 56.000000, y = 206.000000
avance = -489.000000, avanceR = 2.000000, avanceI = 2.000000
inc_x_r = 0.000000, inc_y_r = 1.000000, inc_x_i = 1.000000, inc_y_i = 1.000000
En el else......

----------------------------------------
x = 56.000000, y = 207.000000
avance = -487.000000, avanceR = 2.000000, avanceI = 2.000000
inc_x_r = 0.000000, inc_y_r = 1.000000, inc_x_i = 1.000000, inc_y_i = 1.000000
En el else......

----------------------------------------
x = 56.000000, y = 208.000000
avance = -485.000000, avanceR = 2.000000, avanceI = 2.000000
inc_x_r = 0.000000, inc_y_r = 1.000000, inc_x_i = 1.000000, inc_y_i = 1.000000
En el else......

----------------------------------------
x = 56.000000, y = 209.000000
avance = -483.000000, avanceR = 2.000000, avanceI = 2.000000
inc_x_r = 0.000000, inc_y_r = 1.000000, inc_x_i = 1.000000, inc_y_i = 1.000000
En el else......

----------------------------------------
x = 56.000000, y = 210.000000
avance = -481.000000, avanceR = 2.000000, avanceI = 2.000000
inc_x_r = 0.000000, inc_y_r = 1.000000, inc_x_i = 1.000000, inc_y_i = 1.000000
En el else......

----------------------------------------
x = 56.000000, y = 211.000000
avance = -479.000000, avanceR = 2.000000, avanceI = 2.000000
inc_x_r = 0.000000, inc_y_r = 1.000000, inc_x_i = 1.000000, inc_y_i = 1.000000
En el else......

----------------------------------------
x = 56.000000, y = 212.000000
avance = -477.000000, avanceR = 2.000000, avanceI = 2.000000
inc_x_r = 0.000000, inc_y_r = 1.000000, inc_x_i = 1.000000, inc_y_i = 1.000000
En el else......

----------------------------------------
x = 56.000000, y = 213.000000
avance = -475.000000, avanceR = 2.000000, avanceI = 2.000000
inc_x_r = 0.000000, inc_y_r = 1.000000, inc_x_i = 1.000000, inc_y_i = 1.000000
En el else......

----------------------------------------
x = 56.000000, y = 214.000000
avance = -473.000000, avanceR = 2.000000, avanceI = 2.000000
inc_x_r = 0.000000, inc_y_r = 1.000000, inc_x_i = 1.000000, inc_y_i = 1.000000
En el else......

----------------------------------------
x = 56.000000, y = 215.000000
avance = -471.000000, avanceR = 2.000000, avanceI = 2.000000
inc_x_r = 0.000000, inc_y_r = 1.000000, inc_x_i = 1.000000, inc_y_i = 1.000000
En el else......

----------------------------------------
x = 56.000000, y = 216.000000
avance = -469.000000, avanceR = 2.000000, avanceI = 2.000000
inc_x_r = 0.000000, inc_y_r = 1.000000, inc_x_i = 1.000000, inc_y_i = 1.000000
En el else......

----------------------------------------
x = 56.000000, y = 217.000000
avance = -467.000000, avanceR = 2.000000, avanceI = 2.000000
inc_x_r = 0.000000, inc_y_r = 1.000000, inc_x_i = 1.000000, inc_y_i = 1.000000
En el else......

----------------------------------------
x = 56.000000, y = 218.000000
avance = -465.000000, avanceR = 2.000000, avanceI = 2.000000
inc_x_r = 0.000000, inc_y_r = 1.000000, inc_x_i = 1.000000, inc_y_i = 1.000000
En el else......

----------------------------------------
x = 56.000000, y = 219.000000
avance = -463.000000, avanceR = 2.000000, avanceI = 2.000000
inc_x_r = 0.000000, inc_y_r = 1.000000, inc_x_i = 1.000000, inc_y_i = 1.000000
En el else......

----------------------------------------
x = 56.000000, y = 220.000000
avance = -461.000000, avanceR = 2.000000, avanceI = 2.000000
inc_x_r = 0.000000, inc_y_r = 1.000000, inc_x_i = 1.000000, inc_y_i = 1.000000
En el else......

----------------------------------------
x = 56.000000, y = 221.000000
avance = -459.000000, avanceR = 2.000000, avanceI = 2.000000
inc_x_r = 0.000000, inc_y_r = 1.000000, inc_x_i = 1.000000, inc_y_i = 1.000000
En el else......

----------------------------------------
x = 56.000000, y = 222.000000
avance = -457.000000, avanceR = 2.000000, avanceI = 2.000000
inc_x_r = 0.000000, inc_y_r = 1.000000, inc_x_i = 1.000000, inc_y_i = 1.000000
En el else......

----------------------------------------
x = 56.000000, y = 223.000000
avance = -455.000000, avanceR = 2.000000, avanceI = 2.000000
inc_x_r = 0.000000, inc_y_r = 1.000000, inc_x_i = 1.000000, inc_y_i = 1.000000
En el else......

----------------------------------------
x = 56.000000, y = 224.000000
avance = -453.000000, avanceR = 2.000000, avanceI = 2.000000
inc_x_r = 0.000000, inc_y_r = 1.000000, inc_x_i = 1.000000, inc_y_i = 1.000000
En el else......

----------------------------------------
x = 56.000000, y = 225.000000
avance = -451.000000, avanceR = 2.000000, avanceI = 2.000000
inc_x_r = 0.000000, inc_y_r = 1.000000, inc_x_i = 1.000000, inc_y_i = 1.000000
En el else......

----------------------------------------
x = 56.000000, y = 226.000000
avance = -449.000000, avanceR = 2.000000, avanceI = 2.000000
inc_x_r = 0.000000, inc_y_r = 1.000000, inc_x_i = 1.000000, inc_y_i = 1.000000
En el else......

----------------------------------------
x = 56.000000, y = 227.000000
avance = -447.000000, avanceR = 2.000000, avanceI = 2.000000
inc_x_r = 0.000000, inc_y_r = 1.000000, inc_x_i = 1.000000, inc_y_i = 1.000000
En el else......

----------------------------------------
x = 56.000000, y = 228.000000
avance = -445.000000, avanceR = 2.000000, avanceI = 2.000000
inc_x_r = 0.000000, inc_y_r = 1.000000, inc_x_i = 1.000000, inc_y_i = 1.000000
En el else......

----------------------------------------
x = 56.000000, y = 229.000000
avance = -443.000000, avanceR = 2.000000, avanceI = 2.000000
inc_x_r = 0.000000, inc_y_r = 1.000000, inc_x_i = 1.000000, inc_y_i = 1.000000
En el else......

----------------------------------------
x = 56.000000, y = 230.000000
avance = -441.000000, avanceR = 2.000000, avanceI = 2.000000
inc_x_r = 0.000000, inc_y_r = 1.000000, inc_x_i = 1.000000, inc_y_i = 1.000000
En el else......

----------------------------------------
x = 56.000000, y = 231.000000
avance = -439.000000, avanceR = 2.000000, avanceI = 2.000000
inc_x_r = 0.000000, inc_y_r = 1.000000, inc_x_i = 1.000000, inc_y_i = 1.000000
En el else......

----------------------------------------
x = 56.000000, y = 232.000000
avance = -437.000000, avanceR = 2.000000, avanceI = 2.000000
inc_x_r = 0.000000, inc_y_r = 1.000000, inc_x_i = 1.000000, inc_y_i = 1.000000
En el else......

----------------------------------------
x = 56.000000, y = 233.000000
avance = -435.000000, avanceR = 2.000000, avanceI = 2.000000
inc_x_r = 0.000000, inc_y_r = 1.000000, inc_x_i = 1.000000, inc_y_i = 1.000000
En el else......

----------------------------------------
x = 56.000000, y = 234.000000
avance = -433.000000, avanceR = 2.000000, avanceI = 2.000000
inc_x_r = 0.000000, inc_y_r = 1.000000, inc_x_i = 1.000000, inc_y_i = 1.000000
En el else......

----------------------------------------
x = 56.000000, y = 235.000000
avance = -431.000000, avanceR = 2.000000, avanceI = 2.000000
inc_x_r = 0.000000, inc_y_r = 1.000000, inc_x_i = 1.000000, inc_y_i = 1.000000
En el else......

----------------------------------------
x = 56.000000, y = 236.000000
avance = -429.000000, avanceR = 2.000000, avanceI = 2.000000
inc_x_r = 0.000000, inc_y_r = 1.000000, inc_x_i = 1.000000, inc_y_i = 1.000000
En el else......

----------------------------------------
x = 56.000000, y = 237.000000
avance = -427.000000, avanceR = 2.000000, avanceI = 2.000000
inc_x_r = 0.000000, inc_y_r = 1.000000, inc_x_i = 1.000000, inc_y_i = 1.000000
En el else......

----------------------------------------
x = 56.000000, y = 238.000000
avance = -425.000000, avanceR = 2.000000, avanceI = 2.000000
inc_x_r = 0.000000, inc_y_r = 1.000000, inc_x_i = 1.000000, inc_y_i = 1.000000
En el else......

----------------------------------------
x = 56.000000, y = 239.000000
avance = -423.000000, avanceR = 2.000000, avanceI = 2.000000
inc_x_r = 0.000000, inc_y_r = 1.000000, inc_x_i = 1.000000, inc_y_i = 1.000000
En el else......

----------------------------------------
x = 56.000000, y = 240.000000
avance = -421.000000, avanceR = 2.000000, avanceI = 2.000000
inc_x_r = 0.000000, inc_y_r = 1.000000, inc_x_i = 1.000000, inc_y_i = 1.000000
En el else......

----------------------------------------
x = 56.000000, y = 241.000000
avance = -419.000000, avanceR = 2.000000, avanceI = 2.000000
inc_x_r = 0.000000, inc_y_r = 1.000000, inc_x_i = 1.000000, inc_y_i = 1.000000
En el else......

----------------------------------------
x = 56.000000, y = 242.000000
avance = -417.000000, avanceR = 2.000000, avanceI = 2.000000
inc_x_r = 0.000000, inc_y_r = 1.000000, inc_x_i = 1.000000, inc_y_i = 1.000000
En el else......

----------------------------------------
x = 56.000000, y = 243.000000
avance = -415.000000, avanceR = 2.000000, avanceI = 2.000000
inc_x_r = 0.000000, inc_y_r = 1.000000, inc_x_i = 1.000000, inc_y_i = 1.000000
En el else......

----------------------------------------
x = 56.000000, y = 244.000000
avance = -413.000000, avanceR = 2.000000, avanceI = 2.000000
inc_x_r = 0.000000, inc_y_r = 1.000000, inc_x_i = 1.000000, inc_y_i = 1.000000
En el else......

----------------------------------------
x = 56.000000, y = 245.000000
avance = -411.000000, avanceR = 2.000000, avanceI = 2.000000
inc_x_r = 0.000000, inc_y_r = 1.000000, inc_x_i = 1.000000, inc_y_i = 1.000000
En el else......

----------------------------------------
x = 56.000000, y = 246.000000
avance = -409.000000, avanceR = 2.000000, avanceI = 2.000000
inc_x_r = 0.000000, inc_y_r = 1.000000, inc_x_i = 1.000000, inc_y_i = 1.000000
En el else......

----------------------------------------
x = 56.000000, y = 247.000000
avance = -407.000000, avanceR = 2.000000, avanceI = 2.000000
inc_x_r = 0.000000, inc_y_r = 1.000000, inc_x_i = 1.000000, inc_y_i = 1.000000
En el else......

----------------------------------------
x = 56.000000, y = 248.000000
avance = -405.000000, avanceR = 2.000000, avanceI = 2.000000
inc_x_r = 0.000000, inc_y_r = 1.000000, inc_x_i = 1.000000, inc_y_i = 1.000000
En el else......

----------------------------------------
x = 56.000000, y = 249.000000
avance = -403.000000, avanceR = 2.000000, avanceI = 2.000000
inc_x_r = 0.000000, inc_y_r = 1.000000, inc_x_i = 1.000000, inc_y_i = 1.000000
En el else......

----------------------------------------
x = 56.000000, y = 250.000000
avance = -401.000000, avanceR = 2.000000, avanceI = 2.000000
inc_x_r = 0.000000, inc_y_r = 1.000000, inc_x_i = 1.000000, inc_y_i = 1.000000
En el else......

----------------------------------------
x = 56.000000, y = 251.000000
avance = -399.000000, avanceR = 2.000000, avanceI = 2.000000
inc_x_r = 0.000000, inc_y_r = 1.000000, inc_x_i = 1.000000, inc_y_i = 1.000000
En el else......

----------------------------------------
x = 56.000000, y = 252.000000
avance = -397.000000, avanceR = 2.000000, avanceI = 2.000000
inc_x_r = 0.000000, inc_y_r = 1.000000, inc_x_i = 1.000000, inc_y_i = 1.000000
En el else......

----------------------------------------
x = 56.000000, y = 253.000000
avance = -395.000000, avanceR = 2.000000, avanceI = 2.000000
inc_x_r = 0.000000, inc_y_r = 1.000000, inc_x_i = 1.000000, inc_y_i = 1.000000
En el else......

----------------------------------------
x = 56.000000, y = 254.000000
avance = -393.000000, avanceR = 2.000000, avanceI = 2.000000
inc_x_r = 0.000000, inc_y_r = 1.000000, inc_x_i = 1.000000, inc_y_i = 1.000000
En el else......

----------------------------------------
x = 56.000000, y = 255.000000
avance = -391.000000, avanceR = 2.000000, avanceI = 2.000000
inc_x_r = 0.000000, inc_y_r = 1.000000, inc_x_i = 1.000000, inc_y_i = 1.000000
En el else......

----------------------------------------
x = 56.000000, y = 256.000000
avance = -389.000000, avanceR = 2.000000, avanceI = 2.000000
inc_x_r = 0.000000, inc_y_r = 1.000000, inc_x_i = 1.000000, inc_y_i = 1.000000
En el else......

----------------------------------------
x = 56.000000, y = 257.000000
avance = -387.000000, avanceR = 2.000000, avanceI = 2.000000
inc_x_r = 0.000000, inc_y_r = 1.000000, inc_x_i = 1.000000, inc_y_i = 1.000000
En el else......

----------------------------------------
x = 56.000000, y = 258.000000
avance = -385.000000, avanceR = 2.000000, avanceI = 2.000000
inc_x_r = 0.000000, inc_y_r = 1.000000, inc_x_i = 1.000000, inc_y_i = 1.000000
En el else......

----------------------------------------
x = 56.000000, y = 259.000000
avance = -383.000000, avanceR = 2.000000, avanceI = 2.000000
inc_x_r = 0.000000, inc_y_r = 1.000000, inc_x_i = 1.000000, inc_y_i = 1.000000
En el else......

----------------------------------------
x = 56.000000, y = 260.000000
avance = -381.000000, avanceR = 2.000000, avanceI = 2.000000
inc_x_r = 0.000000, inc_y_r = 1.000000, inc_x_i = 1.000000, inc_y_i = 1.000000
En el else......

----------------------------------------
x = 56.000000, y = 261.000000
avance = -379.000000, avanceR = 2.000000, avanceI = 2.000000
inc_x_r = 0.000000, inc_y_r = 1.000000, inc_x_i = 1.000000, inc_y_i = 1.000000
En el else......

----------------------------------------
x = 56.000000, y = 262.000000
avance = -377.000000, avanceR = 2.000000, avanceI = 2.000000
inc_x_r = 0.000000, inc_y_r = 1.000000, inc_x_i = 1.000000, inc_y_i = 1.000000
En el else......

----------------------------------------
x = 56.000000, y = 263.000000
avance = -375.000000, avanceR = 2.000000, avanceI = 2.000000
inc_x_r = 0.000000, inc_y_r = 1.000000, inc_x_i = 1.000000, inc_y_i = 1.000000
En el else......

----------------------------------------
x = 56.000000, y = 264.000000
avance = -373.000000, avanceR = 2.000000, avanceI = 2.000000
inc_x_r = 0.000000, inc_y_r = 1.000000, inc_x_i = 1.000000, inc_y_i = 1.000000
En el else......

----------------------------------------
x = 56.000000, y = 265.000000
avance = -371.000000, avanceR = 2.000000, avanceI = 2.000000
inc_x_r = 0.000000, inc_y_r = 1.000000, inc_x_i = 1.000000, inc_y_i = 1.000000
En el else......

----------------------------------------
x = 56.000000, y = 266.000000
avance = -369.000000, avanceR = 2.000000, avanceI = 2.000000
inc_x_r = 0.000000, inc_y_r = 1.000000, inc_x_i = 1.000000, inc_y_i = 1.000000
En el else......

----------------------------------------
x = 56.000000, y = 267.000000
avance = -367.000000, avanceR = 2.000000, avanceI = 2.000000
inc_x_r = 0.000000, inc_y_r = 1.000000, inc_x_i = 1.000000, inc_y_i = 1.000000
En el else......

----------------------------------------
x = 56.000000, y = 268.000000
avance = -365.000000, avanceR = 2.000000, avanceI = 2.000000
inc_x_r = 0.000000, inc_y_r = 1.000000, inc_x_i = 1.000000, inc_y_i = 1.000000
En el else......

----------------------------------------
x = 56.000000, y = 269.000000
avance = -363.000000, avanceR = 2.000000, avanceI = 2.000000
inc_x_r = 0.000000, inc_y_r = 1.000000, inc_x_i = 1.000000, inc_y_i = 1.000000
En el else......

----------------------------------------
x = 56.000000, y = 270.000000
avance = -361.000000, avanceR = 2.000000, avanceI = 2.000000
inc_x_r = 0.000000, inc_y_r = 1.000000, inc_x_i = 1.000000, inc_y_i = 1.000000
En el else......

----------------------------------------
x = 56.000000, y = 271.000000
avance = -359.000000, avanceR = 2.000000, avanceI = 2.000000
inc_x_r = 0.000000, inc_y_r = 1.000000, inc_x_i = 1.000000, inc_y_i = 1.000000
En el else......

----------------------------------------
x = 56.000000, y = 272.000000
avance = -357.000000, avanceR = 2.000000, avanceI = 2.000000
inc_x_r = 0.000000, inc_y_r = 1.000000, inc_x_i = 1.000000, inc_y_i = 1.000000
En el else......

----------------------------------------
x = 56.000000, y = 273.000000
avance = -355.000000, avanceR = 2.000000, avanceI = 2.000000
inc_x_r = 0.000000, inc_y_r = 1.000000, inc_x_i = 1.000000, inc_y_i = 1.000000
En el else......

----------------------------------------
x = 56.000000, y = 274.000000
avance = -353.000000, avanceR = 2.000000, avanceI = 2.000000
inc_x_r = 0.000000, inc_y_r = 1.000000, inc_x_i = 1.000000, inc_y_i = 1.000000
En el else......

----------------------------------------
x = 56.000000, y = 275.000000
avance = -351.000000, avanceR = 2.000000, avanceI = 2.000000
inc_x_r = 0.000000, inc_y_r = 1.000000, inc_x_i = 1.000000, inc_y_i = 1.000000
En el else......

----------------------------------------
x = 56.000000, y = 276.000000
avance = -349.000000, avanceR = 2.000000, avanceI = 2.000000
inc_x_r = 0.000000, inc_y_r = 1.000000, inc_x_i = 1.000000, inc_y_i = 1.000000
En el else......

----------------------------------------
x = 56.000000, y = 277.000000
avance = -347.000000, avanceR = 2.000000, avanceI = 2.000000
inc_x_r = 0.000000, inc_y_r = 1.000000, inc_x_i = 1.000000, inc_y_i = 1.000000
En el else......

----------------------------------------
x = 56.000000, y = 278.000000
avance = -345.000000, avanceR = 2.000000, avanceI = 2.000000
inc_x_r = 0.000000, inc_y_r = 1.000000, inc_x_i = 1.000000, inc_y_i = 1.000000
En el else......

----------------------------------------
x = 56.000000, y = 279.000000
avance = -343.000000, avanceR = 2.000000, avanceI = 2.000000
inc_x_r = 0.000000, inc_y_r = 1.000000, inc_x_i = 1.000000, inc_y_i = 1.000000
En el else......

----------------------------------------
x = 56.000000, y = 280.000000
avance = -341.000000, avanceR = 2.000000, avanceI = 2.000000
inc_x_r = 0.000000, inc_y_r = 1.000000, inc_x_i = 1.000000, inc_y_i = 1.000000
En el else......

----------------------------------------
x = 56.000000, y = 281.000000
avance = -339.000000, avanceR = 2.000000, avanceI = 2.000000
inc_x_r = 0.000000, inc_y_r = 1.000000, inc_x_i = 1.000000, inc_y_i = 1.000000
En el else......

----------------------------------------
x = 56.000000, y = 282.000000
avance = -337.000000, avanceR = 2.000000, avanceI = 2.000000
inc_x_r = 0.000000, inc_y_r = 1.000000, inc_x_i = 1.000000, inc_y_i = 1.000000
En el else......

----------------------------------------
x = 56.000000, y = 283.000000
avance = -335.000000, avanceR = 2.000000, avanceI = 2.000000
inc_x_r = 0.000000, inc_y_r = 1.000000, inc_x_i = 1.000000, inc_y_i = 1.000000
En el else......

----------------------------------------
x = 56.000000, y = 284.000000
avance = -333.000000, avanceR = 2.000000, avanceI = 2.000000
inc_x_r = 0.000000, inc_y_r = 1.000000, inc_x_i = 1.000000, inc_y_i = 1.000000
En el else......

----------------------------------------
x = 56.000000, y = 285.000000
avance = -331.000000, avanceR = 2.000000, avanceI = 2.000000
inc_x_r = 0.000000, inc_y_r = 1.000000, inc_x_i = 1.000000, inc_y_i = 1.000000
En el else......

----------------------------------------
x = 56.000000, y = 286.000000
avance = -329.000000, avanceR = 2.000000, avanceI = 2.000000
inc_x_r = 0.000000, inc_y_r = 1.000000, inc_x_i = 1.000000, inc_y_i = 1.000000
En el else......

----------------------------------------
x = 56.000000, y = 287.000000
avance = -327.000000, avanceR = 2.000000, avanceI = 2.000000
inc_x_r = 0.000000, inc_y_r = 1.000000, inc_x_i = 1.000000, inc_y_i = 1.000000
En el else......

----------------------------------------
x = 56.000000, y = 288.000000
avance = -325.000000, avanceR = 2.000000, avanceI = 2.000000
inc_x_r = 0.000000, inc_y_r = 1.000000, inc_x_i = 1.000000, inc_y_i = 1.000000
En el else......

----------------------------------------
x = 56.000000, y = 289.000000
avance = -323.000000, avanceR = 2.000000, avanceI = 2.000000
inc_x_r = 0.000000, inc_y_r = 1.000000, inc_x_i = 1.000000, inc_y_i = 1.000000
En el else......

----------------------------------------
x = 56.000000, y = 290.000000
avance = -321.000000, avanceR = 2.000000, avanceI = 2.000000
inc_x_r = 0.000000, inc_y_r = 1.000000, inc_x_i = 1.000000, inc_y_i = 1.000000
En el else......

----------------------------------------
x = 56.000000, y = 291.000000
avance = -319.000000, avanceR = 2.000000, avanceI = 2.000000
inc_x_r = 0.000000, inc_y_r = 1.000000, inc_x_i = 1.000000, inc_y_i = 1.000000
En el else......

----------------------------------------
x = 56.000000, y = 292.000000
avance = -317.000000, avanceR = 2.000000, avanceI = 2.000000
inc_x_r = 0.000000, inc_y_r = 1.000000, inc_x_i = 1.000000, inc_y_i = 1.000000
En el else......

----------------------------------------
x = 56.000000, y = 293.000000
avance = -315.000000, avanceR = 2.000000, avanceI = 2.000000
inc_x_r = 0.000000, inc_y_r = 1.000000, inc_x_i = 1.000000, inc_y_i = 1.000000
En el else......

----------------------------------------
x = 56.000000, y = 294.000000
avance = -313.000000, avanceR = 2.000000, avanceI = 2.000000
inc_x_r = 0.000000, inc_y_r = 1.000000, inc_x_i = 1.000000, inc_y_i = 1.000000
En el else......

----------------------------------------
x = 56.000000, y = 295.000000
avance = -311.000000, avanceR = 2.000000, avanceI = 2.000000
inc_x_r = 0.000000, inc_y_r = 1.000000, inc_x_i = 1.000000, inc_y_i = 1.000000
En el else......

----------------------------------------
x = 56.000000, y = 296.000000
avance = -309.000000, avanceR = 2.000000, avanceI = 2.000000
inc_x_r = 0.000000, inc_y_r = 1.000000, inc_x_i = 1.000000, inc_y_i = 1.000000
En el else......

----------------------------------------
x = 56.000000, y = 297.000000
avance = -307.000000, avanceR = 2.000000, avanceI = 2.000000
inc_x_r = 0.000000, inc_y_r = 1.000000, inc_x_i = 1.000000, inc_y_i = 1.000000
En el else......

----------------------------------------
x = 56.000000, y = 298.000000
avance = -305.000000, avanceR = 2.000000, avanceI = 2.000000
inc_x_r = 0.000000, inc_y_r = 1.000000, inc_x_i = 1.000000, inc_y_i = 1.000000
En el else......

----------------------------------------
x = 56.000000, y = 299.000000
avance = -303.000000, avanceR = 2.000000, avanceI = 2.000000
inc_x_r = 0.000000, inc_y_r = 1.000000, inc_x_i = 1.000000, inc_y_i = 1.000000
En el else......

----------------------------------------
x = 56.000000, y = 300.000000
avance = -301.000000, avanceR = 2.000000, avanceI = 2.000000
inc_x_r = 0.000000, inc_y_r = 1.000000, inc_x_i = 1.000000, inc_y_i = 1.000000
En el else......

----------------------------------------
x = 56.000000, y = 301.000000
avance = -299.000000, avanceR = 2.000000, avanceI = 2.000000
inc_x_r = 0.000000, inc_y_r = 1.000000, inc_x_i = 1.000000, inc_y_i = 1.000000
En el else......

----------------------------------------
x = 56.000000, y = 302.000000
avance = -297.000000, avanceR = 2.000000, avanceI = 2.000000
inc_x_r = 0.000000, inc_y_r = 1.000000, inc_x_i = 1.000000, inc_y_i = 1.000000
En el else......

----------------------------------------
x = 56.000000, y = 303.000000
avance = -295.000000, avanceR = 2.000000, avanceI = 2.000000
inc_x_r = 0.000000, inc_y_r = 1.000000, inc_x_i = 1.000000, inc_y_i = 1.000000
En el else......

----------------------------------------
x = 56.000000, y = 304.000000
avance = -293.000000, avanceR = 2.000000, avanceI = 2.000000
inc_x_r = 0.000000, inc_y_r = 1.000000, inc_x_i = 1.000000, inc_y_i = 1.000000
En el else......

----------------------------------------
x = 56.000000, y = 305.000000
avance = -291.000000, avanceR = 2.000000, avanceI = 2.000000
inc_x_r = 0.000000, inc_y_r = 1.000000, inc_x_i = 1.000000, inc_y_i = 1.000000
En el else......

----------------------------------------
x = 56.000000, y = 306.000000
avance = -289.000000, avanceR = 2.000000, avanceI = 2.000000
inc_x_r = 0.000000, inc_y_r = 1.000000, inc_x_i = 1.000000, inc_y_i = 1.000000
En el else......

----------------------------------------
x = 56.000000, y = 307.000000
avance = -287.000000, avanceR = 2.000000, avanceI = 2.000000
inc_x_r = 0.000000, inc_y_r = 1.000000, inc_x_i = 1.000000, inc_y_i = 1.000000
En el else......

----------------------------------------
x = 56.000000, y = 308.000000
avance = -285.000000, avanceR = 2.000000, avanceI = 2.000000
inc_x_r = 0.000000, inc_y_r = 1.000000, inc_x_i = 1.000000, inc_y_i = 1.000000
En el else......

----------------------------------------
x = 56.000000, y = 309.000000
avance = -283.000000, avanceR = 2.000000, avanceI = 2.000000
inc_x_r = 0.000000, inc_y_r = 1.000000, inc_x_i = 1.000000, inc_y_i = 1.000000
En el else......

----------------------------------------
x = 56.000000, y = 310.000000
avance = -281.000000, avanceR = 2.000000, avanceI = 2.000000
inc_x_r = 0.000000, inc_y_r = 1.000000, inc_x_i = 1.000000, inc_y_i = 1.000000
En el else......

----------------------------------------
x = 56.000000, y = 311.000000
avance = -279.000000, avanceR = 2.000000, avanceI = 2.000000
inc_x_r = 0.000000, inc_y_r = 1.000000, inc_x_i = 1.000000, inc_y_i = 1.000000
En el else......

----------------------------------------
x = 56.000000, y = 312.000000
avance = -277.000000, avanceR = 2.000000, avanceI = 2.000000
inc_x_r = 0.000000, inc_y_r = 1.000000, inc_x_i = 1.000000, inc_y_i = 1.000000
En el else......

----------------------------------------
x = 56.000000, y = 313.000000
avance = -275.000000, avanceR = 2.000000, avanceI = 2.000000
inc_x_r = 0.000000, inc_y_r = 1.000000, inc_x_i = 1.000000, inc_y_i = 1.000000
En el else......

----------------------------------------
x = 56.000000, y = 314.000000
avance = -273.000000, avanceR = 2.000000, avanceI = 2.000000
inc_x_r = 0.000000, inc_y_r = 1.000000, inc_x_i = 1.000000, inc_y_i = 1.000000
En el else......

----------------------------------------
x = 56.000000, y = 315.000000
avance = -271.000000, avanceR = 2.000000, avanceI = 2.000000
inc_x_r = 0.000000, inc_y_r = 1.000000, inc_x_i = 1.000000, inc_y_i = 1.000000
En el else......

----------------------------------------
x = 56.000000, y = 316.000000
avance = -269.000000, avanceR = 2.000000, avanceI = 2.000000
inc_x_r = 0.000000, inc_y_r = 1.000000, inc_x_i = 1.000000, inc_y_i = 1.000000
En el else......

----------------------------------------
x = 56.000000, y = 317.000000
avance = -267.000000, avanceR = 2.000000, avanceI = 2.000000
inc_x_r = 0.000000, inc_y_r = 1.000000, inc_x_i = 1.000000, inc_y_i = 1.000000
En el else......

----------------------------------------
x = 56.000000, y = 318.000000
avance = -265.000000, avanceR = 2.000000, avanceI = 2.000000
inc_x_r = 0.000000, inc_y_r = 1.000000, inc_x_i = 1.000000, inc_y_i = 1.000000
En el else......

----------------------------------------
x = 56.000000, y = 319.000000
avance = -263.000000, avanceR = 2.000000, avanceI = 2.000000
inc_x_r = 0.000000, inc_y_r = 1.000000, inc_x_i = 1.000000, inc_y_i = 1.000000
En el else......

----------------------------------------
x = 56.000000, y = 320.000000
avance = -261.000000, avanceR = 2.000000, avanceI = 2.000000
inc_x_r = 0.000000, inc_y_r = 1.000000, inc_x_i = 1.000000, inc_y_i = 1.000000
En el else......

----------------------------------------
x = 56.000000, y = 321.000000
avance = -259.000000, avanceR = 2.000000, avanceI = 2.000000
inc_x_r = 0.000000, inc_y_r = 1.000000, inc_x_i = 1.000000, inc_y_i = 1.000000
En el else......

----------------------------------------
x = 56.000000, y = 322.000000
avance = -257.000000, avanceR = 2.000000, avanceI = 2.000000
inc_x_r = 0.000000, inc_y_r = 1.000000, inc_x_i = 1.000000, inc_y_i = 1.000000
En el else......

----------------------------------------
x = 56.000000, y = 323.000000
avance = -255.000000, avanceR = 2.000000, avanceI = 2.000000
inc_x_r = 0.000000, inc_y_r = 1.000000, inc_x_i = 1.000000, inc_y_i = 1.000000
En el else......

----------------------------------------
x = 56.000000, y = 324.000000
avance = -253.000000, avanceR = 2.000000, avanceI = 2.000000
inc_x_r = 0.000000, inc_y_r = 1.000000, inc_x_i = 1.000000, inc_y_i = 1.000000
En el else......

----------------------------------------
x = 56.000000, y = 325.000000
avance = -251.000000, avanceR = 2.000000, avanceI = 2.000000
inc_x_r = 0.000000, inc_y_r = 1.000000, inc_x_i = 1.000000, inc_y_i = 1.000000
En el else......

----------------------------------------


ENTRAMOS A BRESENHAMªªªª
x1 = 55.000000 - y1 = 65.000000 || x2 = 56.000000 - y2 = 316.000000
dy = 251.000000, dx = 1.000000
avances inclinados: inc_x_i = 1.000000, inc_y_i = 1.000000
updated: dy = 251.000000, dx = 1.000000
avances rectos: inc_x_r = 0.000000, inc_y_r 1.000000
reupdated: dy = 1.000000, dx = 251.000000
avanceR = 2.000000, avance -249.000000, avanceI 2.000000
----------------------------------------
x = 55.000000, y = 65.000000
avance = -249.000000, avanceR = 2.000000, avanceI = 2.000000
inc_x_r = 0.000000, inc_y_r = 1.000000, inc_x_i = 1.000000, inc_y_i = 1.000000
En el else......

----------------------------------------
x = 55.000000, y = 66.000000
avance = -247.000000, avanceR = 2.000000, avanceI = 2.000000
inc_x_r = 0.000000, inc_y_r = 1.000000, inc_x_i = 1.000000, inc_y_i = 1.000000
En el else......

----------------------------------------
x = 55.000000, y = 67.000000
avance = -245.000000, avanceR = 2.000000, avanceI = 2.000000
inc_x_r = 0.000000, inc_y_r = 1.000000, inc_x_i = 1.000000, inc_y_i = 1.000000
En el else......

----------------------------------------
x = 55.000000, y = 68.000000
avance = -243.000000, avanceR = 2.000000, avanceI = 2.000000
inc_x_r = 0.000000, inc_y_r = 1.000000, inc_x_i = 1.000000, inc_y_i = 1.000000
En el else......

----------------------------------------
x = 55.000000, y = 69.000000
avance = -241.000000, avanceR = 2.000000, avanceI = 2.000000
inc_x_r = 0.000000, inc_y_r = 1.000000, inc_x_i = 1.000000, inc_y_i = 1.000000
En el else......

----------------------------------------
x = 55.000000, y = 70.000000
avance = -239.000000, avanceR = 2.000000, avanceI = 2.000000
inc_x_r = 0.000000, inc_y_r = 1.000000, inc_x_i = 1.000000, inc_y_i = 1.000000
En el else......

----------------------------------------
x = 55.000000, y = 71.000000
avance = -237.000000, avanceR = 2.000000, avanceI = 2.000000
inc_x_r = 0.000000, inc_y_r = 1.000000, inc_x_i = 1.000000, inc_y_i = 1.000000
En el else......

----------------------------------------
x = 55.000000, y = 72.000000
avance = -235.000000, avanceR = 2.000000, avanceI = 2.000000
inc_x_r = 0.000000, inc_y_r = 1.000000, inc_x_i = 1.000000, inc_y_i = 1.000000
En el else......

----------------------------------------
x = 55.000000, y = 73.000000
avance = -233.000000, avanceR = 2.000000, avanceI = 2.000000
inc_x_r = 0.000000, inc_y_r = 1.000000, inc_x_i = 1.000000, inc_y_i = 1.000000
En el else......

----------------------------------------
x = 55.000000, y = 74.000000
avance = -231.000000, avanceR = 2.000000, avanceI = 2.000000
inc_x_r = 0.000000, inc_y_r = 1.000000, inc_x_i = 1.000000, inc_y_i = 1.000000
En el else......

----------------------------------------
x = 55.000000, y = 75.000000
avance = -229.000000, avanceR = 2.000000, avanceI = 2.000000
inc_x_r = 0.000000, inc_y_r = 1.000000, inc_x_i = 1.000000, inc_y_i = 1.000000
En el else......

----------------------------------------
x = 55.000000, y = 76.000000
avance = -227.000000, avanceR = 2.000000, avanceI = 2.000000
inc_x_r = 0.000000, inc_y_r = 1.000000, inc_x_i = 1.000000, inc_y_i = 1.000000
En el else......

----------------------------------------
x = 55.000000, y = 77.000000
avance = -225.000000, avanceR = 2.000000, avanceI = 2.000000
inc_x_r = 0.000000, inc_y_r = 1.000000, inc_x_i = 1.000000, inc_y_i = 1.000000
En el else......

----------------------------------------
x = 55.000000, y = 78.000000
avance = -223.000000, avanceR = 2.000000, avanceI = 2.000000
inc_x_r = 0.000000, inc_y_r = 1.000000, inc_x_i = 1.000000, inc_y_i = 1.000000
En el else......

----------------------------------------
x = 55.000000, y = 79.000000
avance = -221.000000, avanceR = 2.000000, avanceI = 2.000000
inc_x_r = 0.000000, inc_y_r = 1.000000, inc_x_i = 1.000000, inc_y_i = 1.000000
En el else......

----------------------------------------
x = 55.000000, y = 80.000000
avance = -219.000000, avanceR = 2.000000, avanceI = 2.000000
inc_x_r = 0.000000, inc_y_r = 1.000000, inc_x_i = 1.000000, inc_y_i = 1.000000
En el else......

----------------------------------------
x = 55.000000, y = 81.000000
avance = -217.000000, avanceR = 2.000000, avanceI = 2.000000
inc_x_r = 0.000000, inc_y_r = 1.000000, inc_x_i = 1.000000, inc_y_i = 1.000000
En el else......

----------------------------------------
x = 55.000000, y = 82.000000
avance = -215.000000, avanceR = 2.000000, avanceI = 2.000000
inc_x_r = 0.000000, inc_y_r = 1.000000, inc_x_i = 1.000000, inc_y_i = 1.000000
En el else......

----------------------------------------
x = 55.000000, y = 83.000000
avance = -213.000000, avanceR = 2.000000, avanceI = 2.000000
inc_x_r = 0.000000, inc_y_r = 1.000000, inc_x_i = 1.000000, inc_y_i = 1.000000
En el else......

----------------------------------------
x = 55.000000, y = 84.000000
avance = -211.000000, avanceR = 2.000000, avanceI = 2.000000
inc_x_r = 0.000000, inc_y_r = 1.000000, inc_x_i = 1.000000, inc_y_i = 1.000000
En el else......

----------------------------------------
x = 55.000000, y = 85.000000
avance = -209.000000, avanceR = 2.000000, avanceI = 2.000000
inc_x_r = 0.000000, inc_y_r = 1.000000, inc_x_i = 1.000000, inc_y_i = 1.000000
En el else......

----------------------------------------
x = 55.000000, y = 86.000000
avance = -207.000000, avanceR = 2.000000, avanceI = 2.000000
inc_x_r = 0.000000, inc_y_r = 1.000000, inc_x_i = 1.000000, inc_y_i = 1.000000
En el else......

----------------------------------------
x = 55.000000, y = 87.000000
avance = -205.000000, avanceR = 2.000000, avanceI = 2.000000
inc_x_r = 0.000000, inc_y_r = 1.000000, inc_x_i = 1.000000, inc_y_i = 1.000000
En el else......

----------------------------------------
x = 55.000000, y = 88.000000
avance = -203.000000, avanceR = 2.000000, avanceI = 2.000000
inc_x_r = 0.000000, inc_y_r = 1.000000, inc_x_i = 1.000000, inc_y_i = 1.000000
En el else......

----------------------------------------
x = 55.000000, y = 89.000000
avance = -201.000000, avanceR = 2.000000, avanceI = 2.000000
inc_x_r = 0.000000, inc_y_r = 1.000000, inc_x_i = 1.000000, inc_y_i = 1.000000
En el else......

----------------------------------------
x = 55.000000, y = 90.000000
avance = -199.000000, avanceR = 2.000000, avanceI = 2.000000
inc_x_r = 0.000000, inc_y_r = 1.000000, inc_x_i = 1.000000, inc_y_i = 1.000000
En el else......

----------------------------------------
x = 55.000000, y = 91.000000
avance = -197.000000, avanceR = 2.000000, avanceI = 2.000000
inc_x_r = 0.000000, inc_y_r = 1.000000, inc_x_i = 1.000000, inc_y_i = 1.000000
En el else......

----------------------------------------
x = 55.000000, y = 92.000000
avance = -195.000000, avanceR = 2.000000, avanceI = 2.000000
inc_x_r = 0.000000, inc_y_r = 1.000000, inc_x_i = 1.000000, inc_y_i = 1.000000
En el else......

----------------------------------------
x = 55.000000, y = 93.000000
avance = -193.000000, avanceR = 2.000000, avanceI = 2.000000
inc_x_r = 0.000000, inc_y_r = 1.000000, inc_x_i = 1.000000, inc_y_i = 1.000000
En el else......

----------------------------------------
x = 55.000000, y = 94.000000
avance = -191.000000, avanceR = 2.000000, avanceI = 2.000000
inc_x_r = 0.000000, inc_y_r = 1.000000, inc_x_i = 1.000000, inc_y_i = 1.000000
En el else......

----------------------------------------
x = 55.000000, y = 95.000000
avance = -189.000000, avanceR = 2.000000, avanceI = 2.000000
inc_x_r = 0.000000, inc_y_r = 1.000000, inc_x_i = 1.000000, inc_y_i = 1.000000
En el else......

----------------------------------------
x = 55.000000, y = 96.000000
avance = -187.000000, avanceR = 2.000000, avanceI = 2.000000
inc_x_r = 0.000000, inc_y_r = 1.000000, inc_x_i = 1.000000, inc_y_i = 1.000000
En el else......

----------------------------------------
x = 55.000000, y = 97.000000
avance = -185.000000, avanceR = 2.000000, avanceI = 2.000000
inc_x_r = 0.000000, inc_y_r = 1.000000, inc_x_i = 1.000000, inc_y_i = 1.000000
En el else......

----------------------------------------
x = 55.000000, y = 98.000000
avance = -183.000000, avanceR = 2.000000, avanceI = 2.000000
inc_x_r = 0.000000, inc_y_r = 1.000000, inc_x_i = 1.000000, inc_y_i = 1.000000
En el else......

----------------------------------------
x = 55.000000, y = 99.000000
avance = -181.000000, avanceR = 2.000000, avanceI = 2.000000
inc_x_r = 0.000000, inc_y_r = 1.000000, inc_x_i = 1.000000, inc_y_i = 1.000000
En el else......

----------------------------------------
x = 55.000000, y = 100.000000
avance = -179.000000, avanceR = 2.000000, avanceI = 2.000000
inc_x_r = 0.000000, inc_y_r = 1.000000, inc_x_i = 1.000000, inc_y_i = 1.000000
En el else......

----------------------------------------
x = 55.000000, y = 101.000000
avance = -177.000000, avanceR = 2.000000, avanceI = 2.000000
inc_x_r = 0.000000, inc_y_r = 1.000000, inc_x_i = 1.000000, inc_y_i = 1.000000
En el else......

----------------------------------------
x = 55.000000, y = 102.000000
avance = -175.000000, avanceR = 2.000000, avanceI = 2.000000
inc_x_r = 0.000000, inc_y_r = 1.000000, inc_x_i = 1.000000, inc_y_i = 1.000000
En el else......

----------------------------------------
x = 55.000000, y = 103.000000
avance = -173.000000, avanceR = 2.000000, avanceI = 2.000000
inc_x_r = 0.000000, inc_y_r = 1.000000, inc_x_i = 1.000000, inc_y_i = 1.000000
En el else......

----------------------------------------
x = 55.000000, y = 104.000000
avance = -171.000000, avanceR = 2.000000, avanceI = 2.000000
inc_x_r = 0.000000, inc_y_r = 1.000000, inc_x_i = 1.000000, inc_y_i = 1.000000
En el else......

----------------------------------------
x = 55.000000, y = 105.000000
avance = -169.000000, avanceR = 2.000000, avanceI = 2.000000
inc_x_r = 0.000000, inc_y_r = 1.000000, inc_x_i = 1.000000, inc_y_i = 1.000000
En el else......

----------------------------------------
x = 55.000000, y = 106.000000
avance = -167.000000, avanceR = 2.000000, avanceI = 2.000000
inc_x_r = 0.000000, inc_y_r = 1.000000, inc_x_i = 1.000000, inc_y_i = 1.000000
En el else......

----------------------------------------
x = 55.000000, y = 107.000000
avance = -165.000000, avanceR = 2.000000, avanceI = 2.000000
inc_x_r = 0.000000, inc_y_r = 1.000000, inc_x_i = 1.000000, inc_y_i = 1.000000
En el else......

----------------------------------------
x = 55.000000, y = 108.000000
avance = -163.000000, avanceR = 2.000000, avanceI = 2.000000
inc_x_r = 0.000000, inc_y_r = 1.000000, inc_x_i = 1.000000, inc_y_i = 1.000000
En el else......

----------------------------------------
x = 55.000000, y = 109.000000
avance = -161.000000, avanceR = 2.000000, avanceI = 2.000000
inc_x_r = 0.000000, inc_y_r = 1.000000, inc_x_i = 1.000000, inc_y_i = 1.000000
En el else......

----------------------------------------
x = 55.000000, y = 110.000000
avance = -159.000000, avanceR = 2.000000, avanceI = 2.000000
inc_x_r = 0.000000, inc_y_r = 1.000000, inc_x_i = 1.000000, inc_y_i = 1.000000
En el else......

----------------------------------------
x = 55.000000, y = 111.000000
avance = -157.000000, avanceR = 2.000000, avanceI = 2.000000
inc_x_r = 0.000000, inc_y_r = 1.000000, inc_x_i = 1.000000, inc_y_i = 1.000000
En el else......

----------------------------------------
x = 55.000000, y = 112.000000
avance = -155.000000, avanceR = 2.000000, avanceI = 2.000000
inc_x_r = 0.000000, inc_y_r = 1.000000, inc_x_i = 1.000000, inc_y_i = 1.000000
En el else......

----------------------------------------
x = 55.000000, y = 113.000000
avance = -153.000000, avanceR = 2.000000, avanceI = 2.000000
inc_x_r = 0.000000, inc_y_r = 1.000000, inc_x_i = 1.000000, inc_y_i = 1.000000
En el else......

----------------------------------------
x = 55.000000, y = 114.000000
avance = -151.000000, avanceR = 2.000000, avanceI = 2.000000
inc_x_r = 0.000000, inc_y_r = 1.000000, inc_x_i = 1.000000, inc_y_i = 1.000000
En el else......

----------------------------------------
x = 55.000000, y = 115.000000
avance = -149.000000, avanceR = 2.000000, avanceI = 2.000000
inc_x_r = 0.000000, inc_y_r = 1.000000, inc_x_i = 1.000000, inc_y_i = 1.000000
En el else......

----------------------------------------
x = 55.000000, y = 116.000000
avance = -147.000000, avanceR = 2.000000, avanceI = 2.000000
inc_x_r = 0.000000, inc_y_r = 1.000000, inc_x_i = 1.000000, inc_y_i = 1.000000
En el else......

----------------------------------------
x = 55.000000, y = 117.000000
avance = -145.000000, avanceR = 2.000000, avanceI = 2.000000
inc_x_r = 0.000000, inc_y_r = 1.000000, inc_x_i = 1.000000, inc_y_i = 1.000000
En el else......

----------------------------------------
x = 55.000000, y = 118.000000
avance = -143.000000, avanceR = 2.000000, avanceI = 2.000000
inc_x_r = 0.000000, inc_y_r = 1.000000, inc_x_i = 1.000000, inc_y_i = 1.000000
En el else......

----------------------------------------
x = 55.000000, y = 119.000000
avance = -141.000000, avanceR = 2.000000, avanceI = 2.000000
inc_x_r = 0.000000, inc_y_r = 1.000000, inc_x_i = 1.000000, inc_y_i = 1.000000
En el else......

----------------------------------------
x = 55.000000, y = 120.000000
avance = -139.000000, avanceR = 2.000000, avanceI = 2.000000
inc_x_r = 0.000000, inc_y_r = 1.000000, inc_x_i = 1.000000, inc_y_i = 1.000000
En el else......

----------------------------------------
x = 55.000000, y = 121.000000
avance = -137.000000, avanceR = 2.000000, avanceI = 2.000000
inc_x_r = 0.000000, inc_y_r = 1.000000, inc_x_i = 1.000000, inc_y_i = 1.000000
En el else......

----------------------------------------
x = 55.000000, y = 122.000000
avance = -135.000000, avanceR = 2.000000, avanceI = 2.000000
inc_x_r = 0.000000, inc_y_r = 1.000000, inc_x_i = 1.000000, inc_y_i = 1.000000
En el else......

----------------------------------------
x = 55.000000, y = 123.000000
avance = -133.000000, avanceR = 2.000000, avanceI = 2.000000
inc_x_r = 0.000000, inc_y_r = 1.000000, inc_x_i = 1.000000, inc_y_i = 1.000000
En el else......

----------------------------------------
x = 55.000000, y = 124.000000
avance = -131.000000, avanceR = 2.000000, avanceI = 2.000000
inc_x_r = 0.000000, inc_y_r = 1.000000, inc_x_i = 1.000000, inc_y_i = 1.000000
En el else......

----------------------------------------
x = 55.000000, y = 125.000000
avance = -129.000000, avanceR = 2.000000, avanceI = 2.000000
inc_x_r = 0.000000, inc_y_r = 1.000000, inc_x_i = 1.000000, inc_y_i = 1.000000
En el else......

----------------------------------------
x = 55.000000, y = 126.000000
avance = -127.000000, avanceR = 2.000000, avanceI = 2.000000
inc_x_r = 0.000000, inc_y_r = 1.000000, inc_x_i = 1.000000, inc_y_i = 1.000000
En el else......

----------------------------------------
x = 55.000000, y = 127.000000
avance = -125.000000, avanceR = 2.000000, avanceI = 2.000000
inc_x_r = 0.000000, inc_y_r = 1.000000, inc_x_i = 1.000000, inc_y_i = 1.000000
En el else......

----------------------------------------
x = 55.000000, y = 128.000000
avance = -123.000000, avanceR = 2.000000, avanceI = 2.000000
inc_x_r = 0.000000, inc_y_r = 1.000000, inc_x_i = 1.000000, inc_y_i = 1.000000
En el else......

----------------------------------------
x = 55.000000, y = 129.000000
avance = -121.000000, avanceR = 2.000000, avanceI = 2.000000
inc_x_r = 0.000000, inc_y_r = 1.000000, inc_x_i = 1.000000, inc_y_i = 1.000000
En el else......

----------------------------------------
x = 55.000000, y = 130.000000
avance = -119.000000, avanceR = 2.000000, avanceI = 2.000000
inc_x_r = 0.000000, inc_y_r = 1.000000, inc_x_i = 1.000000, inc_y_i = 1.000000
En el else......

----------------------------------------
x = 55.000000, y = 131.000000
avance = -117.000000, avanceR = 2.000000, avanceI = 2.000000
inc_x_r = 0.000000, inc_y_r = 1.000000, inc_x_i = 1.000000, inc_y_i = 1.000000
En el else......

----------------------------------------
x = 55.000000, y = 132.000000
avance = -115.000000, avanceR = 2.000000, avanceI = 2.000000
inc_x_r = 0.000000, inc_y_r = 1.000000, inc_x_i = 1.000000, inc_y_i = 1.000000
En el else......

----------------------------------------
x = 55.000000, y = 133.000000
avance = -113.000000, avanceR = 2.000000, avanceI = 2.000000
inc_x_r = 0.000000, inc_y_r = 1.000000, inc_x_i = 1.000000, inc_y_i = 1.000000
En el else......

----------------------------------------
x = 55.000000, y = 134.000000
avance = -111.000000, avanceR = 2.000000, avanceI = 2.000000
inc_x_r = 0.000000, inc_y_r = 1.000000, inc_x_i = 1.000000, inc_y_i = 1.000000
En el else......

----------------------------------------
x = 55.000000, y = 135.000000
avance = -109.000000, avanceR = 2.000000, avanceI = 2.000000
inc_x_r = 0.000000, inc_y_r = 1.000000, inc_x_i = 1.000000, inc_y_i = 1.000000
En el else......

----------------------------------------
x = 55.000000, y = 136.000000
avance = -107.000000, avanceR = 2.000000, avanceI = 2.000000
inc_x_r = 0.000000, inc_y_r = 1.000000, inc_x_i = 1.000000, inc_y_i = 1.000000
En el else......

----------------------------------------
x = 55.000000, y = 137.000000
avance = -105.000000, avanceR = 2.000000, avanceI = 2.000000
inc_x_r = 0.000000, inc_y_r = 1.000000, inc_x_i = 1.000000, inc_y_i = 1.000000
En el else......

----------------------------------------
x = 55.000000, y = 138.000000
avance = -103.000000, avanceR = 2.000000, avanceI = 2.000000
inc_x_r = 0.000000, inc_y_r = 1.000000, inc_x_i = 1.000000, inc_y_i = 1.000000
En el else......

----------------------------------------
x = 55.000000, y = 139.000000
avance = -101.000000, avanceR = 2.000000, avanceI = 2.000000
inc_x_r = 0.000000, inc_y_r = 1.000000, inc_x_i = 1.000000, inc_y_i = 1.000000
En el else......

----------------------------------------
x = 55.000000, y = 140.000000
avance = -99.000000, avanceR = 2.000000, avanceI = 2.000000
inc_x_r = 0.000000, inc_y_r = 1.000000, inc_x_i = 1.000000, inc_y_i = 1.000000
En el else......

----------------------------------------
x = 55.000000, y = 141.000000
avance = -97.000000, avanceR = 2.000000, avanceI = 2.000000
inc_x_r = 0.000000, inc_y_r = 1.000000, inc_x_i = 1.000000, inc_y_i = 1.000000
En el else......

----------------------------------------
x = 55.000000, y = 142.000000
avance = -95.000000, avanceR = 2.000000, avanceI = 2.000000
inc_x_r = 0.000000, inc_y_r = 1.000000, inc_x_i = 1.000000, inc_y_i = 1.000000
En el else......

----------------------------------------
x = 55.000000, y = 143.000000
avance = -93.000000, avanceR = 2.000000, avanceI = 2.000000
inc_x_r = 0.000000, inc_y_r = 1.000000, inc_x_i = 1.000000, inc_y_i = 1.000000
En el else......

----------------------------------------
x = 55.000000, y = 144.000000
avance = -91.000000, avanceR = 2.000000, avanceI = 2.000000
inc_x_r = 0.000000, inc_y_r = 1.000000, inc_x_i = 1.000000, inc_y_i = 1.000000
En el else......

----------------------------------------
x = 55.000000, y = 145.000000
avance = -89.000000, avanceR = 2.000000, avanceI = 2.000000
inc_x_r = 0.000000, inc_y_r = 1.000000, inc_x_i = 1.000000, inc_y_i = 1.000000
En el else......

----------------------------------------
x = 55.000000, y = 146.000000
avance = -87.000000, avanceR = 2.000000, avanceI = 2.000000
inc_x_r = 0.000000, inc_y_r = 1.000000, inc_x_i = 1.000000, inc_y_i = 1.000000
En el else......

----------------------------------------
x = 55.000000, y = 147.000000
avance = -85.000000, avanceR = 2.000000, avanceI = 2.000000
inc_x_r = 0.000000, inc_y_r = 1.000000, inc_x_i = 1.000000, inc_y_i = 1.000000
En el else......

----------------------------------------
x = 55.000000, y = 148.000000
avance = -83.000000, avanceR = 2.000000, avanceI = 2.000000
inc_x_r = 0.000000, inc_y_r = 1.000000, inc_x_i = 1.000000, inc_y_i = 1.000000
En el else......

----------------------------------------
x = 55.000000, y = 149.000000
avance = -81.000000, avanceR = 2.000000, avanceI = 2.000000
inc_x_r = 0.000000, inc_y_r = 1.000000, inc_x_i = 1.000000, inc_y_i = 1.000000
En el else......

----------------------------------------
x = 55.000000, y = 150.000000
avance = -79.000000, avanceR = 2.000000, avanceI = 2.000000
inc_x_r = 0.000000, inc_y_r = 1.000000, inc_x_i = 1.000000, inc_y_i = 1.000000
En el else......

----------------------------------------
x = 55.000000, y = 151.000000
avance = -77.000000, avanceR = 2.000000, avanceI = 2.000000
inc_x_r = 0.000000, inc_y_r = 1.000000, inc_x_i = 1.000000, inc_y_i = 1.000000
En el else......

----------------------------------------
x = 55.000000, y = 152.000000
avance = -75.000000, avanceR = 2.000000, avanceI = 2.000000
inc_x_r = 0.000000, inc_y_r = 1.000000, inc_x_i = 1.000000, inc_y_i = 1.000000
En el else......

----------------------------------------
x = 55.000000, y = 153.000000
avance = -73.000000, avanceR = 2.000000, avanceI = 2.000000
inc_x_r = 0.000000, inc_y_r = 1.000000, inc_x_i = 1.000000, inc_y_i = 1.000000
En el else......

----------------------------------------
x = 55.000000, y = 154.000000
avance = -71.000000, avanceR = 2.000000, avanceI = 2.000000
inc_x_r = 0.000000, inc_y_r = 1.000000, inc_x_i = 1.000000, inc_y_i = 1.000000
En el else......

----------------------------------------
x = 55.000000, y = 155.000000
avance = -69.000000, avanceR = 2.000000, avanceI = 2.000000
inc_x_r = 0.000000, inc_y_r = 1.000000, inc_x_i = 1.000000, inc_y_i = 1.000000
En el else......

----------------------------------------
x = 55.000000, y = 156.000000
avance = -67.000000, avanceR = 2.000000, avanceI = 2.000000
inc_x_r = 0.000000, inc_y_r = 1.000000, inc_x_i = 1.000000, inc_y_i = 1.000000
En el else......

----------------------------------------
x = 55.000000, y = 157.000000
avance = -65.000000, avanceR = 2.000000, avanceI = 2.000000
inc_x_r = 0.000000, inc_y_r = 1.000000, inc_x_i = 1.000000, inc_y_i = 1.000000
En el else......

----------------------------------------
x = 55.000000, y = 158.000000
avance = -63.000000, avanceR = 2.000000, avanceI = 2.000000
inc_x_r = 0.000000, inc_y_r = 1.000000, inc_x_i = 1.000000, inc_y_i = 1.000000
En el else......

----------------------------------------
x = 55.000000, y = 159.000000
avance = -61.000000, avanceR = 2.000000, avanceI = 2.000000
inc_x_r = 0.000000, inc_y_r = 1.000000, inc_x_i = 1.000000, inc_y_i = 1.000000
En el else......

----------------------------------------
x = 55.000000, y = 160.000000
avance = -59.000000, avanceR = 2.000000, avanceI = 2.000000
inc_x_r = 0.000000, inc_y_r = 1.000000, inc_x_i = 1.000000, inc_y_i = 1.000000
En el else......

----------------------------------------
x = 55.000000, y = 161.000000
avance = -57.000000, avanceR = 2.000000, avanceI = 2.000000
inc_x_r = 0.000000, inc_y_r = 1.000000, inc_x_i = 1.000000, inc_y_i = 1.000000
En el else......

----------------------------------------
x = 55.000000, y = 162.000000
avance = -55.000000, avanceR = 2.000000, avanceI = 2.000000
inc_x_r = 0.000000, inc_y_r = 1.000000, inc_x_i = 1.000000, inc_y_i = 1.000000
En el else......

----------------------------------------
x = 55.000000, y = 163.000000
avance = -53.000000, avanceR = 2.000000, avanceI = 2.000000
inc_x_r = 0.000000, inc_y_r = 1.000000, inc_x_i = 1.000000, inc_y_i = 1.000000
En el else......

----------------------------------------
x = 55.000000, y = 164.000000
avance = -51.000000, avanceR = 2.000000, avanceI = 2.000000
inc_x_r = 0.000000, inc_y_r = 1.000000, inc_x_i = 1.000000, inc_y_i = 1.000000
En el else......

----------------------------------------
x = 55.000000, y = 165.000000
avance = -49.000000, avanceR = 2.000000, avanceI = 2.000000
inc_x_r = 0.000000, inc_y_r = 1.000000, inc_x_i = 1.000000, inc_y_i = 1.000000
En el else......

----------------------------------------
x = 55.000000, y = 166.000000
avance = -47.000000, avanceR = 2.000000, avanceI = 2.000000
inc_x_r = 0.000000, inc_y_r = 1.000000, inc_x_i = 1.000000, inc_y_i = 1.000000
En el else......

----------------------------------------
x = 55.000000, y = 167.000000
avance = -45.000000, avanceR = 2.000000, avanceI = 2.000000
inc_x_r = 0.000000, inc_y_r = 1.000000, inc_x_i = 1.000000, inc_y_i = 1.000000
En el else......

----------------------------------------
x = 55.000000, y = 168.000000
avance = -43.000000, avanceR = 2.000000, avanceI = 2.000000
inc_x_r = 0.000000, inc_y_r = 1.000000, inc_x_i = 1.000000, inc_y_i = 1.000000
En el else......

----------------------------------------
x = 55.000000, y = 169.000000
avance = -41.000000, avanceR = 2.000000, avanceI = 2.000000
inc_x_r = 0.000000, inc_y_r = 1.000000, inc_x_i = 1.000000, inc_y_i = 1.000000
En el else......

----------------------------------------
x = 55.000000, y = 170.000000
avance = -39.000000, avanceR = 2.000000, avanceI = 2.000000
inc_x_r = 0.000000, inc_y_r = 1.000000, inc_x_i = 1.000000, inc_y_i = 1.000000
En el else......

----------------------------------------
x = 55.000000, y = 171.000000
avance = -37.000000, avanceR = 2.000000, avanceI = 2.000000
inc_x_r = 0.000000, inc_y_r = 1.000000, inc_x_i = 1.000000, inc_y_i = 1.000000
En el else......

----------------------------------------
x = 55.000000, y = 172.000000
avance = -35.000000, avanceR = 2.000000, avanceI = 2.000000
inc_x_r = 0.000000, inc_y_r = 1.000000, inc_x_i = 1.000000, inc_y_i = 1.000000
En el else......

----------------------------------------
x = 55.000000, y = 173.000000
avance = -33.000000, avanceR = 2.000000, avanceI = 2.000000
inc_x_r = 0.000000, inc_y_r = 1.000000, inc_x_i = 1.000000, inc_y_i = 1.000000
En el else......

----------------------------------------
x = 55.000000, y = 174.000000
avance = -31.000000, avanceR = 2.000000, avanceI = 2.000000
inc_x_r = 0.000000, inc_y_r = 1.000000, inc_x_i = 1.000000, inc_y_i = 1.000000
En el else......

----------------------------------------
x = 55.000000, y = 175.000000
avance = -29.000000, avanceR = 2.000000, avanceI = 2.000000
inc_x_r = 0.000000, inc_y_r = 1.000000, inc_x_i = 1.000000, inc_y_i = 1.000000
En el else......

----------------------------------------
x = 55.000000, y = 176.000000
avance = -27.000000, avanceR = 2.000000, avanceI = 2.000000
inc_x_r = 0.000000, inc_y_r = 1.000000, inc_x_i = 1.000000, inc_y_i = 1.000000
En el else......

----------------------------------------
x = 55.000000, y = 177.000000
avance = -25.000000, avanceR = 2.000000, avanceI = 2.000000
inc_x_r = 0.000000, inc_y_r = 1.000000, inc_x_i = 1.000000, inc_y_i = 1.000000
En el else......

----------------------------------------
x = 55.000000, y = 178.000000
avance = -23.000000, avanceR = 2.000000, avanceI = 2.000000
inc_x_r = 0.000000, inc_y_r = 1.000000, inc_x_i = 1.000000, inc_y_i = 1.000000
En el else......

----------------------------------------
x = 55.000000, y = 179.000000
avance = -21.000000, avanceR = 2.000000, avanceI = 2.000000
inc_x_r = 0.000000, inc_y_r = 1.000000, inc_x_i = 1.000000, inc_y_i = 1.000000
En el else......

----------------------------------------
x = 55.000000, y = 180.000000
avance = -19.000000, avanceR = 2.000000, avanceI = 2.000000
inc_x_r = 0.000000, inc_y_r = 1.000000, inc_x_i = 1.000000, inc_y_i = 1.000000
En el else......

----------------------------------------
x = 55.000000, y = 181.000000
avance = -17.000000, avanceR = 2.000000, avanceI = 2.000000
inc_x_r = 0.000000, inc_y_r = 1.000000, inc_x_i = 1.000000, inc_y_i = 1.000000
En el else......

----------------------------------------
x = 55.000000, y = 182.000000
avance = -15.000000, avanceR = 2.000000, avanceI = 2.000000
inc_x_r = 0.000000, inc_y_r = 1.000000, inc_x_i = 1.000000, inc_y_i = 1.000000
En el else......

----------------------------------------
x = 55.000000, y = 183.000000
avance = -13.000000, avanceR = 2.000000, avanceI = 2.000000
inc_x_r = 0.000000, inc_y_r = 1.000000, inc_x_i = 1.000000, inc_y_i = 1.000000
En el else......

----------------------------------------
x = 55.000000, y = 184.000000
avance = -11.000000, avanceR = 2.000000, avanceI = 2.000000
inc_x_r = 0.000000, inc_y_r = 1.000000, inc_x_i = 1.000000, inc_y_i = 1.000000
En el else......

----------------------------------------
x = 55.000000, y = 185.000000
avance = -9.000000, avanceR = 2.000000, avanceI = 2.000000
inc_x_r = 0.000000, inc_y_r = 1.000000, inc_x_i = 1.000000, inc_y_i = 1.000000
En el else......

----------------------------------------
x = 55.000000, y = 186.000000
avance = -7.000000, avanceR = 2.000000, avanceI = 2.000000
inc_x_r = 0.000000, inc_y_r = 1.000000, inc_x_i = 1.000000, inc_y_i = 1.000000
En el else......

----------------------------------------
x = 55.000000, y = 187.000000
avance = -5.000000, avanceR = 2.000000, avanceI = 2.000000
inc_x_r = 0.000000, inc_y_r = 1.000000, inc_x_i = 1.000000, inc_y_i = 1.000000
En el else......

----------------------------------------
x = 55.000000, y = 188.000000
avance = -3.000000, avanceR = 2.000000, avanceI = 2.000000
inc_x_r = 0.000000, inc_y_r = 1.000000, inc_x_i = 1.000000, inc_y_i = 1.000000
En el else......

----------------------------------------
x = 55.000000, y = 189.000000
avance = -1.000000, avanceR = 2.000000, avanceI = 2.000000
inc_x_r = 0.000000, inc_y_r = 1.000000, inc_x_i = 1.000000, inc_y_i = 1.000000
En el else......

----------------------------------------
x = 55.000000, y = 190.000000
avance = 1.000000, avanceR = 2.000000, avanceI = 2.000000
inc_x_r = 0.000000, inc_y_r = 1.000000, inc_x_i = 1.000000, inc_y_i = 1.000000
avance >= 0

----------------------------------------
x = 56.000000, y = 191.000000
avance = -499.000000, avanceR = 2.000000, avanceI = 2.000000
inc_x_r = 0.000000, inc_y_r = 1.000000, inc_x_i = 1.000000, inc_y_i = 1.000000
En el else......

----------------------------------------
x = 56.000000, y = 192.000000
avance = -497.000000, avanceR = 2.000000, avanceI = 2.000000
inc_x_r = 0.000000, inc_y_r = 1.000000, inc_x_i = 1.000000, inc_y_i = 1.000000
En el else......

----------------------------------------
x = 56.000000, y = 193.000000
avance = -495.000000, avanceR = 2.000000, avanceI = 2.000000
inc_x_r = 0.000000, inc_y_r = 1.000000, inc_x_i = 1.000000, inc_y_i = 1.000000
En el else......

----------------------------------------
x = 56.000000, y = 194.000000
avance = -493.000000, avanceR = 2.000000, avanceI = 2.000000
inc_x_r = 0.000000, inc_y_r = 1.000000, inc_x_i = 1.000000, inc_y_i = 1.000000
En el else......

----------------------------------------
x = 56.000000, y = 195.000000
avance = -491.000000, avanceR = 2.000000, avanceI = 2.000000
inc_x_r = 0.000000, inc_y_r = 1.000000, inc_x_i = 1.000000, inc_y_i = 1.000000
En el else......

----------------------------------------
x = 56.000000, y = 196.000000
avance = -489.000000, avanceR = 2.000000, avanceI = 2.000000
inc_x_r = 0.000000, inc_y_r = 1.000000, inc_x_i = 1.000000, inc_y_i = 1.000000
En el else......

----------------------------------------
x = 56.000000, y = 197.000000
avance = -487.000000, avanceR = 2.000000, avanceI = 2.000000
inc_x_r = 0.000000, inc_y_r = 1.000000, inc_x_i = 1.000000, inc_y_i = 1.000000
En el else......

----------------------------------------
x = 56.000000, y = 198.000000
avance = -485.000000, avanceR = 2.000000, avanceI = 2.000000
inc_x_r = 0.000000, inc_y_r = 1.000000, inc_x_i = 1.000000, inc_y_i = 1.000000
En el else......

----------------------------------------
x = 56.000000, y = 199.000000
avance = -483.000000, avanceR = 2.000000, avanceI = 2.000000
inc_x_r = 0.000000, inc_y_r = 1.000000, inc_x_i = 1.000000, inc_y_i = 1.000000
En el else......

----------------------------------------
x = 56.000000, y = 200.000000
avance = -481.000000, avanceR = 2.000000, avanceI = 2.000000
inc_x_r = 0.000000, inc_y_r = 1.000000, inc_x_i = 1.000000, inc_y_i = 1.000000
En el else......

----------------------------------------
x = 56.000000, y = 201.000000
avance = -479.000000, avanceR = 2.000000, avanceI = 2.000000
inc_x_r = 0.000000, inc_y_r = 1.000000, inc_x_i = 1.000000, inc_y_i = 1.000000
En el else......

----------------------------------------
x = 56.000000, y = 202.000000
avance = -477.000000, avanceR = 2.000000, avanceI = 2.000000
inc_x_r = 0.000000, inc_y_r = 1.000000, inc_x_i = 1.000000, inc_y_i = 1.000000
En el else......

----------------------------------------
x = 56.000000, y = 203.000000
avance = -475.000000, avanceR = 2.000000, avanceI = 2.000000
inc_x_r = 0.000000, inc_y_r = 1.000000, inc_x_i = 1.000000, inc_y_i = 1.000000
En el else......

----------------------------------------
x = 56.000000, y = 204.000000
avance = -473.000000, avanceR = 2.000000, avanceI = 2.000000
inc_x_r = 0.000000, inc_y_r = 1.000000, inc_x_i = 1.000000, inc_y_i = 1.000000
En el else......

----------------------------------------
x = 56.000000, y = 205.000000
avance = -471.000000, avanceR = 2.000000, avanceI = 2.000000
inc_x_r = 0.000000, inc_y_r = 1.000000, inc_x_i = 1.000000, inc_y_i = 1.000000
En el else......

----------------------------------------
x = 56.000000, y = 206.000000
avance = -469.000000, avanceR = 2.000000, avanceI = 2.000000
inc_x_r = 0.000000, inc_y_r = 1.000000, inc_x_i = 1.000000, inc_y_i = 1.000000
En el else......

----------------------------------------
x = 56.000000, y = 207.000000
avance = -467.000000, avanceR = 2.000000, avanceI = 2.000000
inc_x_r = 0.000000, inc_y_r = 1.000000, inc_x_i = 1.000000, inc_y_i = 1.000000
En el else......

----------------------------------------
x = 56.000000, y = 208.000000
avance = -465.000000, avanceR = 2.000000, avanceI = 2.000000
inc_x_r = 0.000000, inc_y_r = 1.000000, inc_x_i = 1.000000, inc_y_i = 1.000000
En el else......

----------------------------------------
x = 56.000000, y = 209.000000
avance = -463.000000, avanceR = 2.000000, avanceI = 2.000000
inc_x_r = 0.000000, inc_y_r = 1.000000, inc_x_i = 1.000000, inc_y_i = 1.000000
En el else......

----------------------------------------
x = 56.000000, y = 210.000000
avance = -461.000000, avanceR = 2.000000, avanceI = 2.000000
inc_x_r = 0.000000, inc_y_r = 1.000000, inc_x_i = 1.000000, inc_y_i = 1.000000
En el else......

----------------------------------------
x = 56.000000, y = 211.000000
avance = -459.000000, avanceR = 2.000000, avanceI = 2.000000
inc_x_r = 0.000000, inc_y_r = 1.000000, inc_x_i = 1.000000, inc_y_i = 1.000000
En el else......

----------------------------------------
x = 56.000000, y = 212.000000
avance = -457.000000, avanceR = 2.000000, avanceI = 2.000000
inc_x_r = 0.000000, inc_y_r = 1.000000, inc_x_i = 1.000000, inc_y_i = 1.000000
En el else......

----------------------------------------
x = 56.000000, y = 213.000000
avance = -455.000000, avanceR = 2.000000, avanceI = 2.000000
inc_x_r = 0.000000, inc_y_r = 1.000000, inc_x_i = 1.000000, inc_y_i = 1.000000
En el else......

----------------------------------------
x = 56.000000, y = 214.000000
avance = -453.000000, avanceR = 2.000000, avanceI = 2.000000
inc_x_r = 0.000000, inc_y_r = 1.000000, inc_x_i = 1.000000, inc_y_i = 1.000000
En el else......

----------------------------------------
x = 56.000000, y = 215.000000
avance = -451.000000, avanceR = 2.000000, avanceI = 2.000000
inc_x_r = 0.000000, inc_y_r = 1.000000, inc_x_i = 1.000000, inc_y_i = 1.000000
En el else......

----------------------------------------
x = 56.000000, y = 216.000000
avance = -449.000000, avanceR = 2.000000, avanceI = 2.000000
inc_x_r = 0.000000, inc_y_r = 1.000000, inc_x_i = 1.000000, inc_y_i = 1.000000
En el else......

----------------------------------------
x = 56.000000, y = 217.000000
avance = -447.000000, avanceR = 2.000000, avanceI = 2.000000
inc_x_r = 0.000000, inc_y_r = 1.000000, inc_x_i = 1.000000, inc_y_i = 1.000000
En el else......

----------------------------------------
x = 56.000000, y = 218.000000
avance = -445.000000, avanceR = 2.000000, avanceI = 2.000000
inc_x_r = 0.000000, inc_y_r = 1.000000, inc_x_i = 1.000000, inc_y_i = 1.000000
En el else......

----------------------------------------
x = 56.000000, y = 219.000000
avance = -443.000000, avanceR = 2.000000, avanceI = 2.000000
inc_x_r = 0.000000, inc_y_r = 1.000000, inc_x_i = 1.000000, inc_y_i = 1.000000
En el else......

----------------------------------------
x = 56.000000, y = 220.000000
avance = -441.000000, avanceR = 2.000000, avanceI = 2.000000
inc_x_r = 0.000000, inc_y_r = 1.000000, inc_x_i = 1.000000, inc_y_i = 1.000000
En el else......

----------------------------------------
x = 56.000000, y = 221.000000
avance = -439.000000, avanceR = 2.000000, avanceI = 2.000000
inc_x_r = 0.000000, inc_y_r = 1.000000, inc_x_i = 1.000000, inc_y_i = 1.000000
En el else......

----------------------------------------
x = 56.000000, y = 222.000000
avance = -437.000000, avanceR = 2.000000, avanceI = 2.000000
inc_x_r = 0.000000, inc_y_r = 1.000000, inc_x_i = 1.000000, inc_y_i = 1.000000
En el else......

----------------------------------------
x = 56.000000, y = 223.000000
avance = -435.000000, avanceR = 2.000000, avanceI = 2.000000
inc_x_r = 0.000000, inc_y_r = 1.000000, inc_x_i = 1.000000, inc_y_i = 1.000000
En el else......

----------------------------------------
x = 56.000000, y = 224.000000
avance = -433.000000, avanceR = 2.000000, avanceI = 2.000000
inc_x_r = 0.000000, inc_y_r = 1.000000, inc_x_i = 1.000000, inc_y_i = 1.000000
En el else......

----------------------------------------
x = 56.000000, y = 225.000000
avance = -431.000000, avanceR = 2.000000, avanceI = 2.000000
inc_x_r = 0.000000, inc_y_r = 1.000000, inc_x_i = 1.000000, inc_y_i = 1.000000
En el else......

----------------------------------------
x = 56.000000, y = 226.000000
avance = -429.000000, avanceR = 2.000000, avanceI = 2.000000
inc_x_r = 0.000000, inc_y_r = 1.000000, inc_x_i = 1.000000, inc_y_i = 1.000000
En el else......

----------------------------------------
x = 56.000000, y = 227.000000
avance = -427.000000, avanceR = 2.000000, avanceI = 2.000000
inc_x_r = 0.000000, inc_y_r = 1.000000, inc_x_i = 1.000000, inc_y_i = 1.000000
En el else......

----------------------------------------
x = 56.000000, y = 228.000000
avance = -425.000000, avanceR = 2.000000, avanceI = 2.000000
inc_x_r = 0.000000, inc_y_r = 1.000000, inc_x_i = 1.000000, inc_y_i = 1.000000
En el else......

----------------------------------------
x = 56.000000, y = 229.000000
avance = -423.000000, avanceR = 2.000000, avanceI = 2.000000
inc_x_r = 0.000000, inc_y_r = 1.000000, inc_x_i = 1.000000, inc_y_i = 1.000000
En el else......

----------------------------------------
x = 56.000000, y = 230.000000
avance = -421.000000, avanceR = 2.000000, avanceI = 2.000000
inc_x_r = 0.000000, inc_y_r = 1.000000, inc_x_i = 1.000000, inc_y_i = 1.000000
En el else......

----------------------------------------
x = 56.000000, y = 231.000000
avance = -419.000000, avanceR = 2.000000, avanceI = 2.000000
inc_x_r = 0.000000, inc_y_r = 1.000000, inc_x_i = 1.000000, inc_y_i = 1.000000
En el else......

----------------------------------------
x = 56.000000, y = 232.000000
avance = -417.000000, avanceR = 2.000000, avanceI = 2.000000
inc_x_r = 0.000000, inc_y_r = 1.000000, inc_x_i = 1.000000, inc_y_i = 1.000000
En el else......

----------------------------------------
x = 56.000000, y = 233.000000
avance = -415.000000, avanceR = 2.000000, avanceI = 2.000000
inc_x_r = 0.000000, inc_y_r = 1.000000, inc_x_i = 1.000000, inc_y_i = 1.000000
En el else......

----------------------------------------
x = 56.000000, y = 234.000000
avance = -413.000000, avanceR = 2.000000, avanceI = 2.000000
inc_x_r = 0.000000, inc_y_r = 1.000000, inc_x_i = 1.000000, inc_y_i = 1.000000
En el else......

----------------------------------------
x = 56.000000, y = 235.000000
avance = -411.000000, avanceR = 2.000000, avanceI = 2.000000
inc_x_r = 0.000000, inc_y_r = 1.000000, inc_x_i = 1.000000, inc_y_i = 1.000000
En el else......

----------------------------------------
x = 56.000000, y = 236.000000
avance = -409.000000, avanceR = 2.000000, avanceI = 2.000000
inc_x_r = 0.000000, inc_y_r = 1.000000, inc_x_i = 1.000000, inc_y_i = 1.000000
En el else......

----------------------------------------
x = 56.000000, y = 237.000000
avance = -407.000000, avanceR = 2.000000, avanceI = 2.000000
inc_x_r = 0.000000, inc_y_r = 1.000000, inc_x_i = 1.000000, inc_y_i = 1.000000
En el else......

----------------------------------------
x = 56.000000, y = 238.000000
avance = -405.000000, avanceR = 2.000000, avanceI = 2.000000
inc_x_r = 0.000000, inc_y_r = 1.000000, inc_x_i = 1.000000, inc_y_i = 1.000000
En el else......

----------------------------------------
x = 56.000000, y = 239.000000
avance = -403.000000, avanceR = 2.000000, avanceI = 2.000000
inc_x_r = 0.000000, inc_y_r = 1.000000, inc_x_i = 1.000000, inc_y_i = 1.000000
En el else......

----------------------------------------
x = 56.000000, y = 240.000000
avance = -401.000000, avanceR = 2.000000, avanceI = 2.000000
inc_x_r = 0.000000, inc_y_r = 1.000000, inc_x_i = 1.000000, inc_y_i = 1.000000
En el else......

----------------------------------------
x = 56.000000, y = 241.000000
avance = -399.000000, avanceR = 2.000000, avanceI = 2.000000
inc_x_r = 0.000000, inc_y_r = 1.000000, inc_x_i = 1.000000, inc_y_i = 1.000000
En el else......

----------------------------------------
x = 56.000000, y = 242.000000
avance = -397.000000, avanceR = 2.000000, avanceI = 2.000000
inc_x_r = 0.000000, inc_y_r = 1.000000, inc_x_i = 1.000000, inc_y_i = 1.000000
En el else......

----------------------------------------
x = 56.000000, y = 243.000000
avance = -395.000000, avanceR = 2.000000, avanceI = 2.000000
inc_x_r = 0.000000, inc_y_r = 1.000000, inc_x_i = 1.000000, inc_y_i = 1.000000
En el else......

----------------------------------------
x = 56.000000, y = 244.000000
avance = -393.000000, avanceR = 2.000000, avanceI = 2.000000
inc_x_r = 0.000000, inc_y_r = 1.000000, inc_x_i = 1.000000, inc_y_i = 1.000000
En el else......

----------------------------------------
x = 56.000000, y = 245.000000
avance = -391.000000, avanceR = 2.000000, avanceI = 2.000000
inc_x_r = 0.000000, inc_y_r = 1.000000, inc_x_i = 1.000000, inc_y_i = 1.000000
En el else......

----------------------------------------
x = 56.000000, y = 246.000000
avance = -389.000000, avanceR = 2.000000, avanceI = 2.000000
inc_x_r = 0.000000, inc_y_r = 1.000000, inc_x_i = 1.000000, inc_y_i = 1.000000
En el else......

----------------------------------------
x = 56.000000, y = 247.000000
avance = -387.000000, avanceR = 2.000000, avanceI = 2.000000
inc_x_r = 0.000000, inc_y_r = 1.000000, inc_x_i = 1.000000, inc_y_i = 1.000000
En el else......

----------------------------------------
x = 56.000000, y = 248.000000
avance = -385.000000, avanceR = 2.000000, avanceI = 2.000000
inc_x_r = 0.000000, inc_y_r = 1.000000, inc_x_i = 1.000000, inc_y_i = 1.000000
En el else......

----------------------------------------
x = 56.000000, y = 249.000000
avance = -383.000000, avanceR = 2.000000, avanceI = 2.000000
inc_x_r = 0.000000, inc_y_r = 1.000000, inc_x_i = 1.000000, inc_y_i = 1.000000
En el else......

----------------------------------------
x = 56.000000, y = 250.000000
avance = -381.000000, avanceR = 2.000000, avanceI = 2.000000
inc_x_r = 0.000000, inc_y_r = 1.000000, inc_x_i = 1.000000, inc_y_i = 1.000000
En el else......

----------------------------------------
x = 56.000000, y = 251.000000
avance = -379.000000, avanceR = 2.000000, avanceI = 2.000000
inc_x_r = 0.000000, inc_y_r = 1.000000, inc_x_i = 1.000000, inc_y_i = 1.000000
En el else......

----------------------------------------
x = 56.000000, y = 252.000000
avance = -377.000000, avanceR = 2.000000, avanceI = 2.000000
inc_x_r = 0.000000, inc_y_r = 1.000000, inc_x_i = 1.000000, inc_y_i = 1.000000
En el else......

----------------------------------------
x = 56.000000, y = 253.000000
avance = -375.000000, avanceR = 2.000000, avanceI = 2.000000
inc_x_r = 0.000000, inc_y_r = 1.000000, inc_x_i = 1.000000, inc_y_i = 1.000000
En el else......

----------------------------------------
x = 56.000000, y = 254.000000
avance = -373.000000, avanceR = 2.000000, avanceI = 2.000000
inc_x_r = 0.000000, inc_y_r = 1.000000, inc_x_i = 1.000000, inc_y_i = 1.000000
En el else......

----------------------------------------
x = 56.000000, y = 255.000000
avance = -371.000000, avanceR = 2.000000, avanceI = 2.000000
inc_x_r = 0.000000, inc_y_r = 1.000000, inc_x_i = 1.000000, inc_y_i = 1.000000
En el else......

----------------------------------------
x = 56.000000, y = 256.000000
avance = -369.000000, avanceR = 2.000000, avanceI = 2.000000
inc_x_r = 0.000000, inc_y_r = 1.000000, inc_x_i = 1.000000, inc_y_i = 1.000000
En el else......

----------------------------------------
x = 56.000000, y = 257.000000
avance = -367.000000, avanceR = 2.000000, avanceI = 2.000000
inc_x_r = 0.000000, inc_y_r = 1.000000, inc_x_i = 1.000000, inc_y_i = 1.000000
En el else......

----------------------------------------
x = 56.000000, y = 258.000000
avance = -365.000000, avanceR = 2.000000, avanceI = 2.000000
inc_x_r = 0.000000, inc_y_r = 1.000000, inc_x_i = 1.000000, inc_y_i = 1.000000
En el else......

----------------------------------------
x = 56.000000, y = 259.000000
avance = -363.000000, avanceR = 2.000000, avanceI = 2.000000
inc_x_r = 0.000000, inc_y_r = 1.000000, inc_x_i = 1.000000, inc_y_i = 1.000000
En el else......

----------------------------------------
x = 56.000000, y = 260.000000
avance = -361.000000, avanceR = 2.000000, avanceI = 2.000000
inc_x_r = 0.000000, inc_y_r = 1.000000, inc_x_i = 1.000000, inc_y_i = 1.000000
En el else......

----------------------------------------
x = 56.000000, y = 261.000000
avance = -359.000000, avanceR = 2.000000, avanceI = 2.000000
inc_x_r = 0.000000, inc_y_r = 1.000000, inc_x_i = 1.000000, inc_y_i = 1.000000
En el else......

----------------------------------------
x = 56.000000, y = 262.000000
avance = -357.000000, avanceR = 2.000000, avanceI = 2.000000
inc_x_r = 0.000000, inc_y_r = 1.000000, inc_x_i = 1.000000, inc_y_i = 1.000000
En el else......

----------------------------------------
x = 56.000000, y = 263.000000
avance = -355.000000, avanceR = 2.000000, avanceI = 2.000000
inc_x_r = 0.000000, inc_y_r = 1.000000, inc_x_i = 1.000000, inc_y_i = 1.000000
En el else......

----------------------------------------
x = 56.000000, y = 264.000000
avance = -353.000000, avanceR = 2.000000, avanceI = 2.000000
inc_x_r = 0.000000, inc_y_r = 1.000000, inc_x_i = 1.000000, inc_y_i = 1.000000
En el else......

----------------------------------------
x = 56.000000, y = 265.000000
avance = -351.000000, avanceR = 2.000000, avanceI = 2.000000
inc_x_r = 0.000000, inc_y_r = 1.000000, inc_x_i = 1.000000, inc_y_i = 1.000000
En el else......

----------------------------------------
x = 56.000000, y = 266.000000
avance = -349.000000, avanceR = 2.000000, avanceI = 2.000000
inc_x_r = 0.000000, inc_y_r = 1.000000, inc_x_i = 1.000000, inc_y_i = 1.000000
En el else......

----------------------------------------
x = 56.000000, y = 267.000000
avance = -347.000000, avanceR = 2.000000, avanceI = 2.000000
inc_x_r = 0.000000, inc_y_r = 1.000000, inc_x_i = 1.000000, inc_y_i = 1.000000
En el else......

----------------------------------------
x = 56.000000, y = 268.000000
avance = -345.000000, avanceR = 2.000000, avanceI = 2.000000
inc_x_r = 0.000000, inc_y_r = 1.000000, inc_x_i = 1.000000, inc_y_i = 1.000000
En el else......

----------------------------------------
x = 56.000000, y = 269.000000
avance = -343.000000, avanceR = 2.000000, avanceI = 2.000000
inc_x_r = 0.000000, inc_y_r = 1.000000, inc_x_i = 1.000000, inc_y_i = 1.000000
En el else......

----------------------------------------
x = 56.000000, y = 270.000000
avance = -341.000000, avanceR = 2.000000, avanceI = 2.000000
inc_x_r = 0.000000, inc_y_r = 1.000000, inc_x_i = 1.000000, inc_y_i = 1.000000
En el else......

----------------------------------------
x = 56.000000, y = 271.000000
avance = -339.000000, avanceR = 2.000000, avanceI = 2.000000
inc_x_r = 0.000000, inc_y_r = 1.000000, inc_x_i = 1.000000, inc_y_i = 1.000000
En el else......

----------------------------------------
x = 56.000000, y = 272.000000
avance = -337.000000, avanceR = 2.000000, avanceI = 2.000000
inc_x_r = 0.000000, inc_y_r = 1.000000, inc_x_i = 1.000000, inc_y_i = 1.000000
En el else......

----------------------------------------
x = 56.000000, y = 273.000000
avance = -335.000000, avanceR = 2.000000, avanceI = 2.000000
inc_x_r = 0.000000, inc_y_r = 1.000000, inc_x_i = 1.000000, inc_y_i = 1.000000
En el else......

----------------------------------------
x = 56.000000, y = 274.000000
avance = -333.000000, avanceR = 2.000000, avanceI = 2.000000
inc_x_r = 0.000000, inc_y_r = 1.000000, inc_x_i = 1.000000, inc_y_i = 1.000000
En el else......

----------------------------------------
x = 56.000000, y = 275.000000
avance = -331.000000, avanceR = 2.000000, avanceI = 2.000000
inc_x_r = 0.000000, inc_y_r = 1.000000, inc_x_i = 1.000000, inc_y_i = 1.000000
En el else......

----------------------------------------
x = 56.000000, y = 276.000000
avance = -329.000000, avanceR = 2.000000, avanceI = 2.000000
inc_x_r = 0.000000, inc_y_r = 1.000000, inc_x_i = 1.000000, inc_y_i = 1.000000
En el else......

----------------------------------------
x = 56.000000, y = 277.000000
avance = -327.000000, avanceR = 2.000000, avanceI = 2.000000
inc_x_r = 0.000000, inc_y_r = 1.000000, inc_x_i = 1.000000, inc_y_i = 1.000000
En el else......

----------------------------------------
x = 56.000000, y = 278.000000
avance = -325.000000, avanceR = 2.000000, avanceI = 2.000000
inc_x_r = 0.000000, inc_y_r = 1.000000, inc_x_i = 1.000000, inc_y_i = 1.000000
En el else......

----------------------------------------
x = 56.000000, y = 279.000000
avance = -323.000000, avanceR = 2.000000, avanceI = 2.000000
inc_x_r = 0.000000, inc_y_r = 1.000000, inc_x_i = 1.000000, inc_y_i = 1.000000
En el else......

----------------------------------------
x = 56.000000, y = 280.000000
avance = -321.000000, avanceR = 2.000000, avanceI = 2.000000
inc_x_r = 0.000000, inc_y_r = 1.000000, inc_x_i = 1.000000, inc_y_i = 1.000000
En el else......

----------------------------------------
x = 56.000000, y = 281.000000
avance = -319.000000, avanceR = 2.000000, avanceI = 2.000000
inc_x_r = 0.000000, inc_y_r = 1.000000, inc_x_i = 1.000000, inc_y_i = 1.000000
En el else......

----------------------------------------
x = 56.000000, y = 282.000000
avance = -317.000000, avanceR = 2.000000, avanceI = 2.000000
inc_x_r = 0.000000, inc_y_r = 1.000000, inc_x_i = 1.000000, inc_y_i = 1.000000
En el else......

----------------------------------------
x = 56.000000, y = 283.000000
avance = -315.000000, avanceR = 2.000000, avanceI = 2.000000
inc_x_r = 0.000000, inc_y_r = 1.000000, inc_x_i = 1.000000, inc_y_i = 1.000000
En el else......

----------------------------------------
x = 56.000000, y = 284.000000
avance = -313.000000, avanceR = 2.000000, avanceI = 2.000000
inc_x_r = 0.000000, inc_y_r = 1.000000, inc_x_i = 1.000000, inc_y_i = 1.000000
En el else......

----------------------------------------
x = 56.000000, y = 285.000000
avance = -311.000000, avanceR = 2.000000, avanceI = 2.000000
inc_x_r = 0.000000, inc_y_r = 1.000000, inc_x_i = 1.000000, inc_y_i = 1.000000
En el else......

----------------------------------------
x = 56.000000, y = 286.000000
avance = -309.000000, avanceR = 2.000000, avanceI = 2.000000
inc_x_r = 0.000000, inc_y_r = 1.000000, inc_x_i = 1.000000, inc_y_i = 1.000000
En el else......

----------------------------------------
x = 56.000000, y = 287.000000
avance = -307.000000, avanceR = 2.000000, avanceI = 2.000000
inc_x_r = 0.000000, inc_y_r = 1.000000, inc_x_i = 1.000000, inc_y_i = 1.000000
En el else......

----------------------------------------
x = 56.000000, y = 288.000000
avance = -305.000000, avanceR = 2.000000, avanceI = 2.000000
inc_x_r = 0.000000, inc_y_r = 1.000000, inc_x_i = 1.000000, inc_y_i = 1.000000
En el else......

----------------------------------------
x = 56.000000, y = 289.000000
avance = -303.000000, avanceR = 2.000000, avanceI = 2.000000
inc_x_r = 0.000000, inc_y_r = 1.000000, inc_x_i = 1.000000, inc_y_i = 1.000000
En el else......

----------------------------------------
x = 56.000000, y = 290.000000
avance = -301.000000, avanceR = 2.000000, avanceI = 2.000000
inc_x_r = 0.000000, inc_y_r = 1.000000, inc_x_i = 1.000000, inc_y_i = 1.000000
En el else......

----------------------------------------
x = 56.000000, y = 291.000000
avance = -299.000000, avanceR = 2.000000, avanceI = 2.000000
inc_x_r = 0.000000, inc_y_r = 1.000000, inc_x_i = 1.000000, inc_y_i = 1.000000
En el else......

----------------------------------------
x = 56.000000, y = 292.000000
avance = -297.000000, avanceR = 2.000000, avanceI = 2.000000
inc_x_r = 0.000000, inc_y_r = 1.000000, inc_x_i = 1.000000, inc_y_i = 1.000000
En el else......

----------------------------------------
x = 56.000000, y = 293.000000
avance = -295.000000, avanceR = 2.000000, avanceI = 2.000000
inc_x_r = 0.000000, inc_y_r = 1.000000, inc_x_i = 1.000000, inc_y_i = 1.000000
En el else......

----------------------------------------
x = 56.000000, y = 294.000000
avance = -293.000000, avanceR = 2.000000, avanceI = 2.000000
inc_x_r = 0.000000, inc_y_r = 1.000000, inc_x_i = 1.000000, inc_y_i = 1.000000
En el else......

----------------------------------------
x = 56.000000, y = 295.000000
avance = -291.000000, avanceR = 2.000000, avanceI = 2.000000
inc_x_r = 0.000000, inc_y_r = 1.000000, inc_x_i = 1.000000, inc_y_i = 1.000000
En el else......

----------------------------------------
x = 56.000000, y = 296.000000
avance = -289.000000, avanceR = 2.000000, avanceI = 2.000000
inc_x_r = 0.000000, inc_y_r = 1.000000, inc_x_i = 1.000000, inc_y_i = 1.000000
En el else......

----------------------------------------
x = 56.000000, y = 297.000000
avance = -287.000000, avanceR = 2.000000, avanceI = 2.000000
inc_x_r = 0.000000, inc_y_r = 1.000000, inc_x_i = 1.000000, inc_y_i = 1.000000
En el else......

----------------------------------------
x = 56.000000, y = 298.000000
avance = -285.000000, avanceR = 2.000000, avanceI = 2.000000
inc_x_r = 0.000000, inc_y_r = 1.000000, inc_x_i = 1.000000, inc_y_i = 1.000000
En el else......

----------------------------------------
x = 56.000000, y = 299.000000
avance = -283.000000, avanceR = 2.000000, avanceI = 2.000000
inc_x_r = 0.000000, inc_y_r = 1.000000, inc_x_i = 1.000000, inc_y_i = 1.000000
En el else......

----------------------------------------
x = 56.000000, y = 300.000000
avance = -281.000000, avanceR = 2.000000, avanceI = 2.000000
inc_x_r = 0.000000, inc_y_r = 1.000000, inc_x_i = 1.000000, inc_y_i = 1.000000
En el else......

----------------------------------------
x = 56.000000, y = 301.000000
avance = -279.000000, avanceR = 2.000000, avanceI = 2.000000
inc_x_r = 0.000000, inc_y_r = 1.000000, inc_x_i = 1.000000, inc_y_i = 1.000000
En el else......

----------------------------------------
x = 56.000000, y = 302.000000
avance = -277.000000, avanceR = 2.000000, avanceI = 2.000000
inc_x_r = 0.000000, inc_y_r = 1.000000, inc_x_i = 1.000000, inc_y_i = 1.000000
En el else......

----------------------------------------
x = 56.000000, y = 303.000000
avance = -275.000000, avanceR = 2.000000, avanceI = 2.000000
inc_x_r = 0.000000, inc_y_r = 1.000000, inc_x_i = 1.000000, inc_y_i = 1.000000
En el else......

----------------------------------------
x = 56.000000, y = 304.000000
avance = -273.000000, avanceR = 2.000000, avanceI = 2.000000
inc_x_r = 0.000000, inc_y_r = 1.000000, inc_x_i = 1.000000, inc_y_i = 1.000000
En el else......

----------------------------------------
x = 56.000000, y = 305.000000
avance = -271.000000, avanceR = 2.000000, avanceI = 2.000000
inc_x_r = 0.000000, inc_y_r = 1.000000, inc_x_i = 1.000000, inc_y_i = 1.000000
En el else......

----------------------------------------
x = 56.000000, y = 306.000000
avance = -269.000000, avanceR = 2.000000, avanceI = 2.000000
inc_x_r = 0.000000, inc_y_r = 1.000000, inc_x_i = 1.000000, inc_y_i = 1.000000
En el else......

----------------------------------------
x = 56.000000, y = 307.000000
avance = -267.000000, avanceR = 2.000000, avanceI = 2.000000
inc_x_r = 0.000000, inc_y_r = 1.000000, inc_x_i = 1.000000, inc_y_i = 1.000000
En el else......

----------------------------------------
x = 56.000000, y = 308.000000
avance = -265.000000, avanceR = 2.000000, avanceI = 2.000000
inc_x_r = 0.000000, inc_y_r = 1.000000, inc_x_i = 1.000000, inc_y_i = 1.000000
En el else......

----------------------------------------
x = 56.000000, y = 309.000000
avance = -263.000000, avanceR = 2.000000, avanceI = 2.000000
inc_x_r = 0.000000, inc_y_r = 1.000000, inc_x_i = 1.000000, inc_y_i = 1.000000
En el else......

----------------------------------------
x = 56.000000, y = 310.000000
avance = -261.000000, avanceR = 2.000000, avanceI = 2.000000
inc_x_r = 0.000000, inc_y_r = 1.000000, inc_x_i = 1.000000, inc_y_i = 1.000000
En el else......

----------------------------------------
x = 56.000000, y = 311.000000
avance = -259.000000, avanceR = 2.000000, avanceI = 2.000000
inc_x_r = 0.000000, inc_y_r = 1.000000, inc_x_i = 1.000000, inc_y_i = 1.000000
En el else......

----------------------------------------
x = 56.000000, y = 312.000000
avance = -257.000000, avanceR = 2.000000, avanceI = 2.000000
inc_x_r = 0.000000, inc_y_r = 1.000000, inc_x_i = 1.000000, inc_y_i = 1.000000
En el else......

----------------------------------------
x = 56.000000, y = 313.000000
avance = -255.000000, avanceR = 2.000000, avanceI = 2.000000
inc_x_r = 0.000000, inc_y_r = 1.000000, inc_x_i = 1.000000, inc_y_i = 1.000000
En el else......

----------------------------------------
x = 56.000000, y = 314.000000
avance = -253.000000, avanceR = 2.000000, avanceI = 2.000000
inc_x_r = 0.000000, inc_y_r = 1.000000, inc_x_i = 1.000000, inc_y_i = 1.000000
En el else......

----------------------------------------
x = 56.000000, y = 315.000000
avance = -251.000000, avanceR = 2.000000, avanceI = 2.000000
inc_x_r = 0.000000, inc_y_r = 1.000000, inc_x_i = 1.000000, inc_y_i = 1.000000
En el else......

----------------------------------------


ENTRAMOS A BRESENHAMªªªª
x1 = 55.000000 - y1 = 55.000000 || x2 = 56.000000 - y2 = 306.000000
dy = 251.000000, dx = 1.000000
avances inclinados: inc_x_i = 1.000000, inc_y_i = 1.000000
updated: dy = 251.000000, dx = 1.000000
avances rectos: inc_x_r = 0.000000, inc_y_r 1.000000
reupdated: dy = 1.000000, dx = 251.000000
avanceR = 2.000000, avance -249.000000, avanceI 2.000000
----------------------------------------
x = 55.000000, y = 55.000000
avance = -249.000000, avanceR = 2.000000, avanceI = 2.000000
inc_x_r = 0.000000, inc_y_r = 1.000000, inc_x_i = 1.000000, inc_y_i = 1.000000
En el else......

----------------------------------------
x = 55.000000, y = 56.000000
avance = -247.000000, avanceR = 2.000000, avanceI = 2.000000
inc_x_r = 0.000000, inc_y_r = 1.000000, inc_x_i = 1.000000, inc_y_i = 1.000000
En el else......

----------------------------------------
x = 55.000000, y = 57.000000
avance = -245.000000, avanceR = 2.000000, avanceI = 2.000000
inc_x_r = 0.000000, inc_y_r = 1.000000, inc_x_i = 1.000000, inc_y_i = 1.000000
En el else......

----------------------------------------
x = 55.000000, y = 58.000000
avance = -243.000000, avanceR = 2.000000, avanceI = 2.000000
inc_x_r = 0.000000, inc_y_r = 1.000000, inc_x_i = 1.000000, inc_y_i = 1.000000
En el else......

----------------------------------------
x = 55.000000, y = 59.000000
avance = -241.000000, avanceR = 2.000000, avanceI = 2.000000
inc_x_r = 0.000000, inc_y_r = 1.000000, inc_x_i = 1.000000, inc_y_i = 1.000000
En el else......

----------------------------------------
x = 55.000000, y = 60.000000
avance = -239.000000, avanceR = 2.000000, avanceI = 2.000000
inc_x_r = 0.000000, inc_y_r = 1.000000, inc_x_i = 1.000000, inc_y_i = 1.000000
En el else......

----------------------------------------
x = 55.000000, y = 61.000000
avance = -237.000000, avanceR = 2.000000, avanceI = 2.000000
inc_x_r = 0.000000, inc_y_r = 1.000000, inc_x_i = 1.000000, inc_y_i = 1.000000
En el else......

----------------------------------------
x = 55.000000, y = 62.000000
avance = -235.000000, avanceR = 2.000000, avanceI = 2.000000
inc_x_r = 0.000000, inc_y_r = 1.000000, inc_x_i = 1.000000, inc_y_i = 1.000000
En el else......

----------------------------------------
x = 55.000000, y = 63.000000
avance = -233.000000, avanceR = 2.000000, avanceI = 2.000000
inc_x_r = 0.000000, inc_y_r = 1.000000, inc_x_i = 1.000000, inc_y_i = 1.000000
En el else......

----------------------------------------
x = 55.000000, y = 64.000000
avance = -231.000000, avanceR = 2.000000, avanceI = 2.000000
inc_x_r = 0.000000, inc_y_r = 1.000000, inc_x_i = 1.000000, inc_y_i = 1.000000
En el else......

----------------------------------------
x = 55.000000, y = 65.000000
avance = -229.000000, avanceR = 2.000000, avanceI = 2.000000
inc_x_r = 0.000000, inc_y_r = 1.000000, inc_x_i = 1.000000, inc_y_i = 1.000000
En el else......

----------------------------------------
x = 55.000000, y = 66.000000
avance = -227.000000, avanceR = 2.000000, avanceI = 2.000000
inc_x_r = 0.000000, inc_y_r = 1.000000, inc_x_i = 1.000000, inc_y_i = 1.000000
En el else......

----------------------------------------
x = 55.000000, y = 67.000000
avance = -225.000000, avanceR = 2.000000, avanceI = 2.000000
inc_x_r = 0.000000, inc_y_r = 1.000000, inc_x_i = 1.000000, inc_y_i = 1.000000
En el else......

----------------------------------------
x = 55.000000, y = 68.000000
avance = -223.000000, avanceR = 2.000000, avanceI = 2.000000
inc_x_r = 0.000000, inc_y_r = 1.000000, inc_x_i = 1.000000, inc_y_i = 1.000000
En el else......

----------------------------------------
x = 55.000000, y = 69.000000
avance = -221.000000, avanceR = 2.000000, avanceI = 2.000000
inc_x_r = 0.000000, inc_y_r = 1.000000, inc_x_i = 1.000000, inc_y_i = 1.000000
En el else......

----------------------------------------
x = 55.000000, y = 70.000000
avance = -219.000000, avanceR = 2.000000, avanceI = 2.000000
inc_x_r = 0.000000, inc_y_r = 1.000000, inc_x_i = 1.000000, inc_y_i = 1.000000
En el else......

----------------------------------------
x = 55.000000, y = 71.000000
avance = -217.000000, avanceR = 2.000000, avanceI = 2.000000
inc_x_r = 0.000000, inc_y_r = 1.000000, inc_x_i = 1.000000, inc_y_i = 1.000000
En el else......

----------------------------------------
x = 55.000000, y = 72.000000
avance = -215.000000, avanceR = 2.000000, avanceI = 2.000000
inc_x_r = 0.000000, inc_y_r = 1.000000, inc_x_i = 1.000000, inc_y_i = 1.000000
En el else......

----------------------------------------
x = 55.000000, y = 73.000000
avance = -213.000000, avanceR = 2.000000, avanceI = 2.000000
inc_x_r = 0.000000, inc_y_r = 1.000000, inc_x_i = 1.000000, inc_y_i = 1.000000
En el else......

----------------------------------------
x = 55.000000, y = 74.000000
avance = -211.000000, avanceR = 2.000000, avanceI = 2.000000
inc_x_r = 0.000000, inc_y_r = 1.000000, inc_x_i = 1.000000, inc_y_i = 1.000000
En el else......

----------------------------------------
x = 55.000000, y = 75.000000
avance = -209.000000, avanceR = 2.000000, avanceI = 2.000000
inc_x_r = 0.000000, inc_y_r = 1.000000, inc_x_i = 1.000000, inc_y_i = 1.000000
En el else......

----------------------------------------
x = 55.000000, y = 76.000000
avance = -207.000000, avanceR = 2.000000, avanceI = 2.000000
inc_x_r = 0.000000, inc_y_r = 1.000000, inc_x_i = 1.000000, inc_y_i = 1.000000
En el else......

----------------------------------------
x = 55.000000, y = 77.000000
avance = -205.000000, avanceR = 2.000000, avanceI = 2.000000
inc_x_r = 0.000000, inc_y_r = 1.000000, inc_x_i = 1.000000, inc_y_i = 1.000000
En el else......

----------------------------------------
x = 55.000000, y = 78.000000
avance = -203.000000, avanceR = 2.000000, avanceI = 2.000000
inc_x_r = 0.000000, inc_y_r = 1.000000, inc_x_i = 1.000000, inc_y_i = 1.000000
En el else......

----------------------------------------
x = 55.000000, y = 79.000000
avance = -201.000000, avanceR = 2.000000, avanceI = 2.000000
inc_x_r = 0.000000, inc_y_r = 1.000000, inc_x_i = 1.000000, inc_y_i = 1.000000
En el else......

----------------------------------------
x = 55.000000, y = 80.000000
avance = -199.000000, avanceR = 2.000000, avanceI = 2.000000
inc_x_r = 0.000000, inc_y_r = 1.000000, inc_x_i = 1.000000, inc_y_i = 1.000000
En el else......

----------------------------------------
x = 55.000000, y = 81.000000
avance = -197.000000, avanceR = 2.000000, avanceI = 2.000000
inc_x_r = 0.000000, inc_y_r = 1.000000, inc_x_i = 1.000000, inc_y_i = 1.000000
En el else......

----------------------------------------
x = 55.000000, y = 82.000000
avance = -195.000000, avanceR = 2.000000, avanceI = 2.000000
inc_x_r = 0.000000, inc_y_r = 1.000000, inc_x_i = 1.000000, inc_y_i = 1.000000
En el else......

----------------------------------------
x = 55.000000, y = 83.000000
avance = -193.000000, avanceR = 2.000000, avanceI = 2.000000
inc_x_r = 0.000000, inc_y_r = 1.000000, inc_x_i = 1.000000, inc_y_i = 1.000000
En el else......

----------------------------------------
x = 55.000000, y = 84.000000
avance = -191.000000, avanceR = 2.000000, avanceI = 2.000000
inc_x_r = 0.000000, inc_y_r = 1.000000, inc_x_i = 1.000000, inc_y_i = 1.000000
En el else......

----------------------------------------
x = 55.000000, y = 85.000000
avance = -189.000000, avanceR = 2.000000, avanceI = 2.000000
inc_x_r = 0.000000, inc_y_r = 1.000000, inc_x_i = 1.000000, inc_y_i = 1.000000
En el else......

----------------------------------------
x = 55.000000, y = 86.000000
avance = -187.000000, avanceR = 2.000000, avanceI = 2.000000
inc_x_r = 0.000000, inc_y_r = 1.000000, inc_x_i = 1.000000, inc_y_i = 1.000000
En el else......

----------------------------------------
x = 55.000000, y = 87.000000
avance = -185.000000, avanceR = 2.000000, avanceI = 2.000000
inc_x_r = 0.000000, inc_y_r = 1.000000, inc_x_i = 1.000000, inc_y_i = 1.000000
En el else......

----------------------------------------
x = 55.000000, y = 88.000000
avance = -183.000000, avanceR = 2.000000, avanceI = 2.000000
inc_x_r = 0.000000, inc_y_r = 1.000000, inc_x_i = 1.000000, inc_y_i = 1.000000
En el else......

----------------------------------------
x = 55.000000, y = 89.000000
avance = -181.000000, avanceR = 2.000000, avanceI = 2.000000
inc_x_r = 0.000000, inc_y_r = 1.000000, inc_x_i = 1.000000, inc_y_i = 1.000000
En el else......

----------------------------------------
x = 55.000000, y = 90.000000
avance = -179.000000, avanceR = 2.000000, avanceI = 2.000000
inc_x_r = 0.000000, inc_y_r = 1.000000, inc_x_i = 1.000000, inc_y_i = 1.000000
En el else......

----------------------------------------
x = 55.000000, y = 91.000000
avance = -177.000000, avanceR = 2.000000, avanceI = 2.000000
inc_x_r = 0.000000, inc_y_r = 1.000000, inc_x_i = 1.000000, inc_y_i = 1.000000
En el else......

----------------------------------------
x = 55.000000, y = 92.000000
avance = -175.000000, avanceR = 2.000000, avanceI = 2.000000
inc_x_r = 0.000000, inc_y_r = 1.000000, inc_x_i = 1.000000, inc_y_i = 1.000000
En el else......

----------------------------------------
x = 55.000000, y = 93.000000
avance = -173.000000, avanceR = 2.000000, avanceI = 2.000000
inc_x_r = 0.000000, inc_y_r = 1.000000, inc_x_i = 1.000000, inc_y_i = 1.000000
En el else......

----------------------------------------
x = 55.000000, y = 94.000000
avance = -171.000000, avanceR = 2.000000, avanceI = 2.000000
inc_x_r = 0.000000, inc_y_r = 1.000000, inc_x_i = 1.000000, inc_y_i = 1.000000
En el else......

----------------------------------------
x = 55.000000, y = 95.000000
avance = -169.000000, avanceR = 2.000000, avanceI = 2.000000
inc_x_r = 0.000000, inc_y_r = 1.000000, inc_x_i = 1.000000, inc_y_i = 1.000000
En el else......

----------------------------------------
x = 55.000000, y = 96.000000
avance = -167.000000, avanceR = 2.000000, avanceI = 2.000000
inc_x_r = 0.000000, inc_y_r = 1.000000, inc_x_i = 1.000000, inc_y_i = 1.000000
En el else......

----------------------------------------
x = 55.000000, y = 97.000000
avance = -165.000000, avanceR = 2.000000, avanceI = 2.000000
inc_x_r = 0.000000, inc_y_r = 1.000000, inc_x_i = 1.000000, inc_y_i = 1.000000
En el else......

----------------------------------------
x = 55.000000, y = 98.000000
avance = -163.000000, avanceR = 2.000000, avanceI = 2.000000
inc_x_r = 0.000000, inc_y_r = 1.000000, inc_x_i = 1.000000, inc_y_i = 1.000000
En el else......

----------------------------------------
x = 55.000000, y = 99.000000
avance = -161.000000, avanceR = 2.000000, avanceI = 2.000000
inc_x_r = 0.000000, inc_y_r = 1.000000, inc_x_i = 1.000000, inc_y_i = 1.000000
En el else......

----------------------------------------
x = 55.000000, y = 100.000000
avance = -159.000000, avanceR = 2.000000, avanceI = 2.000000
inc_x_r = 0.000000, inc_y_r = 1.000000, inc_x_i = 1.000000, inc_y_i = 1.000000
En el else......

----------------------------------------
x = 55.000000, y = 101.000000
avance = -157.000000, avanceR = 2.000000, avanceI = 2.000000
inc_x_r = 0.000000, inc_y_r = 1.000000, inc_x_i = 1.000000, inc_y_i = 1.000000
En el else......

----------------------------------------
x = 55.000000, y = 102.000000
avance = -155.000000, avanceR = 2.000000, avanceI = 2.000000
inc_x_r = 0.000000, inc_y_r = 1.000000, inc_x_i = 1.000000, inc_y_i = 1.000000
En el else......

----------------------------------------
x = 55.000000, y = 103.000000
avance = -153.000000, avanceR = 2.000000, avanceI = 2.000000
inc_x_r = 0.000000, inc_y_r = 1.000000, inc_x_i = 1.000000, inc_y_i = 1.000000
En el else......

----------------------------------------
x = 55.000000, y = 104.000000
avance = -151.000000, avanceR = 2.000000, avanceI = 2.000000
inc_x_r = 0.000000, inc_y_r = 1.000000, inc_x_i = 1.000000, inc_y_i = 1.000000
En el else......

----------------------------------------
x = 55.000000, y = 105.000000
avance = -149.000000, avanceR = 2.000000, avanceI = 2.000000
inc_x_r = 0.000000, inc_y_r = 1.000000, inc_x_i = 1.000000, inc_y_i = 1.000000
En el else......

----------------------------------------
x = 55.000000, y = 106.000000
avance = -147.000000, avanceR = 2.000000, avanceI = 2.000000
inc_x_r = 0.000000, inc_y_r = 1.000000, inc_x_i = 1.000000, inc_y_i = 1.000000
En el else......

----------------------------------------
x = 55.000000, y = 107.000000
avance = -145.000000, avanceR = 2.000000, avanceI = 2.000000
inc_x_r = 0.000000, inc_y_r = 1.000000, inc_x_i = 1.000000, inc_y_i = 1.000000
En el else......

----------------------------------------
x = 55.000000, y = 108.000000
avance = -143.000000, avanceR = 2.000000, avanceI = 2.000000
inc_x_r = 0.000000, inc_y_r = 1.000000, inc_x_i = 1.000000, inc_y_i = 1.000000
En el else......

----------------------------------------
x = 55.000000, y = 109.000000
avance = -141.000000, avanceR = 2.000000, avanceI = 2.000000
inc_x_r = 0.000000, inc_y_r = 1.000000, inc_x_i = 1.000000, inc_y_i = 1.000000
En el else......

----------------------------------------
x = 55.000000, y = 110.000000
avance = -139.000000, avanceR = 2.000000, avanceI = 2.000000
inc_x_r = 0.000000, inc_y_r = 1.000000, inc_x_i = 1.000000, inc_y_i = 1.000000
En el else......

----------------------------------------
x = 55.000000, y = 111.000000
avance = -137.000000, avanceR = 2.000000, avanceI = 2.000000
inc_x_r = 0.000000, inc_y_r = 1.000000, inc_x_i = 1.000000, inc_y_i = 1.000000
En el else......

----------------------------------------
x = 55.000000, y = 112.000000
avance = -135.000000, avanceR = 2.000000, avanceI = 2.000000
inc_x_r = 0.000000, inc_y_r = 1.000000, inc_x_i = 1.000000, inc_y_i = 1.000000
En el else......

----------------------------------------
x = 55.000000, y = 113.000000
avance = -133.000000, avanceR = 2.000000, avanceI = 2.000000
inc_x_r = 0.000000, inc_y_r = 1.000000, inc_x_i = 1.000000, inc_y_i = 1.000000
En el else......

----------------------------------------
x = 55.000000, y = 114.000000
avance = -131.000000, avanceR = 2.000000, avanceI = 2.000000
inc_x_r = 0.000000, inc_y_r = 1.000000, inc_x_i = 1.000000, inc_y_i = 1.000000
En el else......

----------------------------------------
x = 55.000000, y = 115.000000
avance = -129.000000, avanceR = 2.000000, avanceI = 2.000000
inc_x_r = 0.000000, inc_y_r = 1.000000, inc_x_i = 1.000000, inc_y_i = 1.000000
En el else......

----------------------------------------
x = 55.000000, y = 116.000000
avance = -127.000000, avanceR = 2.000000, avanceI = 2.000000
inc_x_r = 0.000000, inc_y_r = 1.000000, inc_x_i = 1.000000, inc_y_i = 1.000000
En el else......

----------------------------------------
x = 55.000000, y = 117.000000
avance = -125.000000, avanceR = 2.000000, avanceI = 2.000000
inc_x_r = 0.000000, inc_y_r = 1.000000, inc_x_i = 1.000000, inc_y_i = 1.000000
En el else......

----------------------------------------
x = 55.000000, y = 118.000000
avance = -123.000000, avanceR = 2.000000, avanceI = 2.000000
inc_x_r = 0.000000, inc_y_r = 1.000000, inc_x_i = 1.000000, inc_y_i = 1.000000
En el else......

----------------------------------------
x = 55.000000, y = 119.000000
avance = -121.000000, avanceR = 2.000000, avanceI = 2.000000
inc_x_r = 0.000000, inc_y_r = 1.000000, inc_x_i = 1.000000, inc_y_i = 1.000000
En el else......

----------------------------------------
x = 55.000000, y = 120.000000
avance = -119.000000, avanceR = 2.000000, avanceI = 2.000000
inc_x_r = 0.000000, inc_y_r = 1.000000, inc_x_i = 1.000000, inc_y_i = 1.000000
En el else......

----------------------------------------
x = 55.000000, y = 121.000000
avance = -117.000000, avanceR = 2.000000, avanceI = 2.000000
inc_x_r = 0.000000, inc_y_r = 1.000000, inc_x_i = 1.000000, inc_y_i = 1.000000
En el else......

----------------------------------------
x = 55.000000, y = 122.000000
avance = -115.000000, avanceR = 2.000000, avanceI = 2.000000
inc_x_r = 0.000000, inc_y_r = 1.000000, inc_x_i = 1.000000, inc_y_i = 1.000000
En el else......

----------------------------------------
x = 55.000000, y = 123.000000
avance = -113.000000, avanceR = 2.000000, avanceI = 2.000000
inc_x_r = 0.000000, inc_y_r = 1.000000, inc_x_i = 1.000000, inc_y_i = 1.000000
En el else......

----------------------------------------
x = 55.000000, y = 124.000000
avance = -111.000000, avanceR = 2.000000, avanceI = 2.000000
inc_x_r = 0.000000, inc_y_r = 1.000000, inc_x_i = 1.000000, inc_y_i = 1.000000
En el else......

----------------------------------------
x = 55.000000, y = 125.000000
avance = -109.000000, avanceR = 2.000000, avanceI = 2.000000
inc_x_r = 0.000000, inc_y_r = 1.000000, inc_x_i = 1.000000, inc_y_i = 1.000000
En el else......

----------------------------------------
x = 55.000000, y = 126.000000
avance = -107.000000, avanceR = 2.000000, avanceI = 2.000000
inc_x_r = 0.000000, inc_y_r = 1.000000, inc_x_i = 1.000000, inc_y_i = 1.000000
En el else......

----------------------------------------
x = 55.000000, y = 127.000000
avance = -105.000000, avanceR = 2.000000, avanceI = 2.000000
inc_x_r = 0.000000, inc_y_r = 1.000000, inc_x_i = 1.000000, inc_y_i = 1.000000
En el else......

----------------------------------------
x = 55.000000, y = 128.000000
avance = -103.000000, avanceR = 2.000000, avanceI = 2.000000
inc_x_r = 0.000000, inc_y_r = 1.000000, inc_x_i = 1.000000, inc_y_i = 1.000000
En el else......

----------------------------------------
x = 55.000000, y = 129.000000
avance = -101.000000, avanceR = 2.000000, avanceI = 2.000000
inc_x_r = 0.000000, inc_y_r = 1.000000, inc_x_i = 1.000000, inc_y_i = 1.000000
En el else......

----------------------------------------
x = 55.000000, y = 130.000000
avance = -99.000000, avanceR = 2.000000, avanceI = 2.000000
inc_x_r = 0.000000, inc_y_r = 1.000000, inc_x_i = 1.000000, inc_y_i = 1.000000
En el else......

----------------------------------------
x = 55.000000, y = 131.000000
avance = -97.000000, avanceR = 2.000000, avanceI = 2.000000
inc_x_r = 0.000000, inc_y_r = 1.000000, inc_x_i = 1.000000, inc_y_i = 1.000000
En el else......

----------------------------------------
x = 55.000000, y = 132.000000
avance = -95.000000, avanceR = 2.000000, avanceI = 2.000000
inc_x_r = 0.000000, inc_y_r = 1.000000, inc_x_i = 1.000000, inc_y_i = 1.000000
En el else......

----------------------------------------
x = 55.000000, y = 133.000000
avance = -93.000000, avanceR = 2.000000, avanceI = 2.000000
inc_x_r = 0.000000, inc_y_r = 1.000000, inc_x_i = 1.000000, inc_y_i = 1.000000
En el else......

----------------------------------------
x = 55.000000, y = 134.000000
avance = -91.000000, avanceR = 2.000000, avanceI = 2.000000
inc_x_r = 0.000000, inc_y_r = 1.000000, inc_x_i = 1.000000, inc_y_i = 1.000000
En el else......

----------------------------------------
x = 55.000000, y = 135.000000
avance = -89.000000, avanceR = 2.000000, avanceI = 2.000000
inc_x_r = 0.000000, inc_y_r = 1.000000, inc_x_i = 1.000000, inc_y_i = 1.000000
En el else......

----------------------------------------
x = 55.000000, y = 136.000000
avance = -87.000000, avanceR = 2.000000, avanceI = 2.000000
inc_x_r = 0.000000, inc_y_r = 1.000000, inc_x_i = 1.000000, inc_y_i = 1.000000
En el else......

----------------------------------------
x = 55.000000, y = 137.000000
avance = -85.000000, avanceR = 2.000000, avanceI = 2.000000
inc_x_r = 0.000000, inc_y_r = 1.000000, inc_x_i = 1.000000, inc_y_i = 1.000000
En el else......

----------------------------------------
x = 55.000000, y = 138.000000
avance = -83.000000, avanceR = 2.000000, avanceI = 2.000000
inc_x_r = 0.000000, inc_y_r = 1.000000, inc_x_i = 1.000000, inc_y_i = 1.000000
En el else......

----------------------------------------
x = 55.000000, y = 139.000000
avance = -81.000000, avanceR = 2.000000, avanceI = 2.000000
inc_x_r = 0.000000, inc_y_r = 1.000000, inc_x_i = 1.000000, inc_y_i = 1.000000
En el else......

----------------------------------------
x = 55.000000, y = 140.000000
avance = -79.000000, avanceR = 2.000000, avanceI = 2.000000
inc_x_r = 0.000000, inc_y_r = 1.000000, inc_x_i = 1.000000, inc_y_i = 1.000000
En el else......

----------------------------------------
x = 55.000000, y = 141.000000
avance = -77.000000, avanceR = 2.000000, avanceI = 2.000000
inc_x_r = 0.000000, inc_y_r = 1.000000, inc_x_i = 1.000000, inc_y_i = 1.000000
En el else......

----------------------------------------
x = 55.000000, y = 142.000000
avance = -75.000000, avanceR = 2.000000, avanceI = 2.000000
inc_x_r = 0.000000, inc_y_r = 1.000000, inc_x_i = 1.000000, inc_y_i = 1.000000
En el else......

----------------------------------------
x = 55.000000, y = 143.000000
avance = -73.000000, avanceR = 2.000000, avanceI = 2.000000
inc_x_r = 0.000000, inc_y_r = 1.000000, inc_x_i = 1.000000, inc_y_i = 1.000000
En el else......

----------------------------------------
x = 55.000000, y = 144.000000
avance = -71.000000, avanceR = 2.000000, avanceI = 2.000000
inc_x_r = 0.000000, inc_y_r = 1.000000, inc_x_i = 1.000000, inc_y_i = 1.000000
En el else......

----------------------------------------
x = 55.000000, y = 145.000000
avance = -69.000000, avanceR = 2.000000, avanceI = 2.000000
inc_x_r = 0.000000, inc_y_r = 1.000000, inc_x_i = 1.000000, inc_y_i = 1.000000
En el else......

----------------------------------------
x = 55.000000, y = 146.000000
avance = -67.000000, avanceR = 2.000000, avanceI = 2.000000
inc_x_r = 0.000000, inc_y_r = 1.000000, inc_x_i = 1.000000, inc_y_i = 1.000000
En el else......

----------------------------------------
x = 55.000000, y = 147.000000
avance = -65.000000, avanceR = 2.000000, avanceI = 2.000000
inc_x_r = 0.000000, inc_y_r = 1.000000, inc_x_i = 1.000000, inc_y_i = 1.000000
En el else......

----------------------------------------
x = 55.000000, y = 148.000000
avance = -63.000000, avanceR = 2.000000, avanceI = 2.000000
inc_x_r = 0.000000, inc_y_r = 1.000000, inc_x_i = 1.000000, inc_y_i = 1.000000
En el else......

----------------------------------------
x = 55.000000, y = 149.000000
avance = -61.000000, avanceR = 2.000000, avanceI = 2.000000
inc_x_r = 0.000000, inc_y_r = 1.000000, inc_x_i = 1.000000, inc_y_i = 1.000000
En el else......

----------------------------------------
x = 55.000000, y = 150.000000
avance = -59.000000, avanceR = 2.000000, avanceI = 2.000000
inc_x_r = 0.000000, inc_y_r = 1.000000, inc_x_i = 1.000000, inc_y_i = 1.000000
En el else......

----------------------------------------
x = 55.000000, y = 151.000000
avance = -57.000000, avanceR = 2.000000, avanceI = 2.000000
inc_x_r = 0.000000, inc_y_r = 1.000000, inc_x_i = 1.000000, inc_y_i = 1.000000
En el else......

----------------------------------------
x = 55.000000, y = 152.000000
avance = -55.000000, avanceR = 2.000000, avanceI = 2.000000
inc_x_r = 0.000000, inc_y_r = 1.000000, inc_x_i = 1.000000, inc_y_i = 1.000000
En el else......

----------------------------------------
x = 55.000000, y = 153.000000
avance = -53.000000, avanceR = 2.000000, avanceI = 2.000000
inc_x_r = 0.000000, inc_y_r = 1.000000, inc_x_i = 1.000000, inc_y_i = 1.000000
En el else......

----------------------------------------
x = 55.000000, y = 154.000000
avance = -51.000000, avanceR = 2.000000, avanceI = 2.000000
inc_x_r = 0.000000, inc_y_r = 1.000000, inc_x_i = 1.000000, inc_y_i = 1.000000
En el else......

----------------------------------------
x = 55.000000, y = 155.000000
avance = -49.000000, avanceR = 2.000000, avanceI = 2.000000
inc_x_r = 0.000000, inc_y_r = 1.000000, inc_x_i = 1.000000, inc_y_i = 1.000000
En el else......

----------------------------------------
x = 55.000000, y = 156.000000
avance = -47.000000, avanceR = 2.000000, avanceI = 2.000000
inc_x_r = 0.000000, inc_y_r = 1.000000, inc_x_i = 1.000000, inc_y_i = 1.000000
En el else......

----------------------------------------
x = 55.000000, y = 157.000000
avance = -45.000000, avanceR = 2.000000, avanceI = 2.000000
inc_x_r = 0.000000, inc_y_r = 1.000000, inc_x_i = 1.000000, inc_y_i = 1.000000
En el else......

----------------------------------------
x = 55.000000, y = 158.000000
avance = -43.000000, avanceR = 2.000000, avanceI = 2.000000
inc_x_r = 0.000000, inc_y_r = 1.000000, inc_x_i = 1.000000, inc_y_i = 1.000000
En el else......

----------------------------------------
x = 55.000000, y = 159.000000
avance = -41.000000, avanceR = 2.000000, avanceI = 2.000000
inc_x_r = 0.000000, inc_y_r = 1.000000, inc_x_i = 1.000000, inc_y_i = 1.000000
En el else......

----------------------------------------
x = 55.000000, y = 160.000000
avance = -39.000000, avanceR = 2.000000, avanceI = 2.000000
inc_x_r = 0.000000, inc_y_r = 1.000000, inc_x_i = 1.000000, inc_y_i = 1.000000
En el else......

----------------------------------------
x = 55.000000, y = 161.000000
avance = -37.000000, avanceR = 2.000000, avanceI = 2.000000
inc_x_r = 0.000000, inc_y_r = 1.000000, inc_x_i = 1.000000, inc_y_i = 1.000000
En el else......

----------------------------------------
x = 55.000000, y = 162.000000
avance = -35.000000, avanceR = 2.000000, avanceI = 2.000000
inc_x_r = 0.000000, inc_y_r = 1.000000, inc_x_i = 1.000000, inc_y_i = 1.000000
En el else......

----------------------------------------
x = 55.000000, y = 163.000000
avance = -33.000000, avanceR = 2.000000, avanceI = 2.000000
inc_x_r = 0.000000, inc_y_r = 1.000000, inc_x_i = 1.000000, inc_y_i = 1.000000
En el else......

----------------------------------------
x = 55.000000, y = 164.000000
avance = -31.000000, avanceR = 2.000000, avanceI = 2.000000
inc_x_r = 0.000000, inc_y_r = 1.000000, inc_x_i = 1.000000, inc_y_i = 1.000000
En el else......

----------------------------------------
x = 55.000000, y = 165.000000
avance = -29.000000, avanceR = 2.000000, avanceI = 2.000000
inc_x_r = 0.000000, inc_y_r = 1.000000, inc_x_i = 1.000000, inc_y_i = 1.000000
En el else......

----------------------------------------
x = 55.000000, y = 166.000000
avance = -27.000000, avanceR = 2.000000, avanceI = 2.000000
inc_x_r = 0.000000, inc_y_r = 1.000000, inc_x_i = 1.000000, inc_y_i = 1.000000
En el else......

----------------------------------------
x = 55.000000, y = 167.000000
avance = -25.000000, avanceR = 2.000000, avanceI = 2.000000
inc_x_r = 0.000000, inc_y_r = 1.000000, inc_x_i = 1.000000, inc_y_i = 1.000000
En el else......

----------------------------------------
x = 55.000000, y = 168.000000
avance = -23.000000, avanceR = 2.000000, avanceI = 2.000000
inc_x_r = 0.000000, inc_y_r = 1.000000, inc_x_i = 1.000000, inc_y_i = 1.000000
En el else......

----------------------------------------
x = 55.000000, y = 169.000000
avance = -21.000000, avanceR = 2.000000, avanceI = 2.000000
inc_x_r = 0.000000, inc_y_r = 1.000000, inc_x_i = 1.000000, inc_y_i = 1.000000
En el else......

----------------------------------------
x = 55.000000, y = 170.000000
avance = -19.000000, avanceR = 2.000000, avanceI = 2.000000
inc_x_r = 0.000000, inc_y_r = 1.000000, inc_x_i = 1.000000, inc_y_i = 1.000000
En el else......

----------------------------------------
x = 55.000000, y = 171.000000
avance = -17.000000, avanceR = 2.000000, avanceI = 2.000000
inc_x_r = 0.000000, inc_y_r = 1.000000, inc_x_i = 1.000000, inc_y_i = 1.000000
En el else......

----------------------------------------
x = 55.000000, y = 172.000000
avance = -15.000000, avanceR = 2.000000, avanceI = 2.000000
inc_x_r = 0.000000, inc_y_r = 1.000000, inc_x_i = 1.000000, inc_y_i = 1.000000
En el else......

----------------------------------------
x = 55.000000, y = 173.000000
avance = -13.000000, avanceR = 2.000000, avanceI = 2.000000
inc_x_r = 0.000000, inc_y_r = 1.000000, inc_x_i = 1.000000, inc_y_i = 1.000000
En el else......

----------------------------------------
x = 55.000000, y = 174.000000
avance = -11.000000, avanceR = 2.000000, avanceI = 2.000000
inc_x_r = 0.000000, inc_y_r = 1.000000, inc_x_i = 1.000000, inc_y_i = 1.000000
En el else......

----------------------------------------
x = 55.000000, y = 175.000000
avance = -9.000000, avanceR = 2.000000, avanceI = 2.000000
inc_x_r = 0.000000, inc_y_r = 1.000000, inc_x_i = 1.000000, inc_y_i = 1.000000
En el else......

----------------------------------------
x = 55.000000, y = 176.000000
avance = -7.000000, avanceR = 2.000000, avanceI = 2.000000
inc_x_r = 0.000000, inc_y_r = 1.000000, inc_x_i = 1.000000, inc_y_i = 1.000000
En el else......

----------------------------------------
x = 55.000000, y = 177.000000
avance = -5.000000, avanceR = 2.000000, avanceI = 2.000000
inc_x_r = 0.000000, inc_y_r = 1.000000, inc_x_i = 1.000000, inc_y_i = 1.000000
En el else......

----------------------------------------
x = 55.000000, y = 178.000000
avance = -3.000000, avanceR = 2.000000, avanceI = 2.000000
inc_x_r = 0.000000, inc_y_r = 1.000000, inc_x_i = 1.000000, inc_y_i = 1.000000
En el else......

----------------------------------------
x = 55.000000, y = 179.000000
avance = -1.000000, avanceR = 2.000000, avanceI = 2.000000
inc_x_r = 0.000000, inc_y_r = 1.000000, inc_x_i = 1.000000, inc_y_i = 1.000000
En el else......

----------------------------------------
x = 55.000000, y = 180.000000
avance = 1.000000, avanceR = 2.000000, avanceI = 2.000000
inc_x_r = 0.000000, inc_y_r = 1.000000, inc_x_i = 1.000000, inc_y_i = 1.000000
avance >= 0

----------------------------------------
x = 56.000000, y = 181.000000
avance = -499.000000, avanceR = 2.000000, avanceI = 2.000000
inc_x_r = 0.000000, inc_y_r = 1.000000, inc_x_i = 1.000000, inc_y_i = 1.000000
En el else......

----------------------------------------
x = 56.000000, y = 182.000000
avance = -497.000000, avanceR = 2.000000, avanceI = 2.000000
inc_x_r = 0.000000, inc_y_r = 1.000000, inc_x_i = 1.000000, inc_y_i = 1.000000
En el else......

----------------------------------------
x = 56.000000, y = 183.000000
avance = -495.000000, avanceR = 2.000000, avanceI = 2.000000
inc_x_r = 0.000000, inc_y_r = 1.000000, inc_x_i = 1.000000, inc_y_i = 1.000000
En el else......

----------------------------------------
x = 56.000000, y = 184.000000
avance = -493.000000, avanceR = 2.000000, avanceI = 2.000000
inc_x_r = 0.000000, inc_y_r = 1.000000, inc_x_i = 1.000000, inc_y_i = 1.000000
En el else......

----------------------------------------
x = 56.000000, y = 185.000000
avance = -491.000000, avanceR = 2.000000, avanceI = 2.000000
inc_x_r = 0.000000, inc_y_r = 1.000000, inc_x_i = 1.000000, inc_y_i = 1.000000
En el else......

----------------------------------------
x = 56.000000, y = 186.000000
avance = -489.000000, avanceR = 2.000000, avanceI = 2.000000
inc_x_r = 0.000000, inc_y_r = 1.000000, inc_x_i = 1.000000, inc_y_i = 1.000000
En el else......

----------------------------------------
x = 56.000000, y = 187.000000
avance = -487.000000, avanceR = 2.000000, avanceI = 2.000000
inc_x_r = 0.000000, inc_y_r = 1.000000, inc_x_i = 1.000000, inc_y_i = 1.000000
En el else......

----------------------------------------
x = 56.000000, y = 188.000000
avance = -485.000000, avanceR = 2.000000, avanceI = 2.000000
inc_x_r = 0.000000, inc_y_r = 1.000000, inc_x_i = 1.000000, inc_y_i = 1.000000
En el else......

----------------------------------------
x = 56.000000, y = 189.000000
avance = -483.000000, avanceR = 2.000000, avanceI = 2.000000
inc_x_r = 0.000000, inc_y_r = 1.000000, inc_x_i = 1.000000, inc_y_i = 1.000000
En el else......

----------------------------------------
x = 56.000000, y = 190.000000
avance = -481.000000, avanceR = 2.000000, avanceI = 2.000000
inc_x_r = 0.000000, inc_y_r = 1.000000, inc_x_i = 1.000000, inc_y_i = 1.000000
En el else......

----------------------------------------
x = 56.000000, y = 191.000000
avance = -479.000000, avanceR = 2.000000, avanceI = 2.000000
inc_x_r = 0.000000, inc_y_r = 1.000000, inc_x_i = 1.000000, inc_y_i = 1.000000
En el else......

----------------------------------------
x = 56.000000, y = 192.000000
avance = -477.000000, avanceR = 2.000000, avanceI = 2.000000
inc_x_r = 0.000000, inc_y_r = 1.000000, inc_x_i = 1.000000, inc_y_i = 1.000000
En el else......

----------------------------------------
x = 56.000000, y = 193.000000
avance = -475.000000, avanceR = 2.000000, avanceI = 2.000000
inc_x_r = 0.000000, inc_y_r = 1.000000, inc_x_i = 1.000000, inc_y_i = 1.000000
En el else......

----------------------------------------
x = 56.000000, y = 194.000000
avance = -473.000000, avanceR = 2.000000, avanceI = 2.000000
inc_x_r = 0.000000, inc_y_r = 1.000000, inc_x_i = 1.000000, inc_y_i = 1.000000
En el else......

----------------------------------------
x = 56.000000, y = 195.000000
avance = -471.000000, avanceR = 2.000000, avanceI = 2.000000
inc_x_r = 0.000000, inc_y_r = 1.000000, inc_x_i = 1.000000, inc_y_i = 1.000000
En el else......

----------------------------------------
x = 56.000000, y = 196.000000
avance = -469.000000, avanceR = 2.000000, avanceI = 2.000000
inc_x_r = 0.000000, inc_y_r = 1.000000, inc_x_i = 1.000000, inc_y_i = 1.000000
En el else......

----------------------------------------
x = 56.000000, y = 197.000000
avance = -467.000000, avanceR = 2.000000, avanceI = 2.000000
inc_x_r = 0.000000, inc_y_r = 1.000000, inc_x_i = 1.000000, inc_y_i = 1.000000
En el else......

----------------------------------------
x = 56.000000, y = 198.000000
avance = -465.000000, avanceR = 2.000000, avanceI = 2.000000
inc_x_r = 0.000000, inc_y_r = 1.000000, inc_x_i = 1.000000, inc_y_i = 1.000000
En el else......

----------------------------------------
x = 56.000000, y = 199.000000
avance = -463.000000, avanceR = 2.000000, avanceI = 2.000000
inc_x_r = 0.000000, inc_y_r = 1.000000, inc_x_i = 1.000000, inc_y_i = 1.000000
En el else......

----------------------------------------
x = 56.000000, y = 200.000000
avance = -461.000000, avanceR = 2.000000, avanceI = 2.000000
inc_x_r = 0.000000, inc_y_r = 1.000000, inc_x_i = 1.000000, inc_y_i = 1.000000
En el else......

----------------------------------------
x = 56.000000, y = 201.000000
avance = -459.000000, avanceR = 2.000000, avanceI = 2.000000
inc_x_r = 0.000000, inc_y_r = 1.000000, inc_x_i = 1.000000, inc_y_i = 1.000000
En el else......

----------------------------------------
x = 56.000000, y = 202.000000
avance = -457.000000, avanceR = 2.000000, avanceI = 2.000000
inc_x_r = 0.000000, inc_y_r = 1.000000, inc_x_i = 1.000000, inc_y_i = 1.000000
En el else......

----------------------------------------
x = 56.000000, y = 203.000000
avance = -455.000000, avanceR = 2.000000, avanceI = 2.000000
inc_x_r = 0.000000, inc_y_r = 1.000000, inc_x_i = 1.000000, inc_y_i = 1.000000
En el else......

----------------------------------------
x = 56.000000, y = 204.000000
avance = -453.000000, avanceR = 2.000000, avanceI = 2.000000
inc_x_r = 0.000000, inc_y_r = 1.000000, inc_x_i = 1.000000, inc_y_i = 1.000000
En el else......

----------------------------------------
x = 56.000000, y = 205.000000
avance = -451.000000, avanceR = 2.000000, avanceI = 2.000000
inc_x_r = 0.000000, inc_y_r = 1.000000, inc_x_i = 1.000000, inc_y_i = 1.000000
En el else......

----------------------------------------
x = 56.000000, y = 206.000000
avance = -449.000000, avanceR = 2.000000, avanceI = 2.000000
inc_x_r = 0.000000, inc_y_r = 1.000000, inc_x_i = 1.000000, inc_y_i = 1.000000
En el else......

----------------------------------------
x = 56.000000, y = 207.000000
avance = -447.000000, avanceR = 2.000000, avanceI = 2.000000
inc_x_r = 0.000000, inc_y_r = 1.000000, inc_x_i = 1.000000, inc_y_i = 1.000000
En el else......

----------------------------------------
x = 56.000000, y = 208.000000
avance = -445.000000, avanceR = 2.000000, avanceI = 2.000000
inc_x_r = 0.000000, inc_y_r = 1.000000, inc_x_i = 1.000000, inc_y_i = 1.000000
En el else......

----------------------------------------
x = 56.000000, y = 209.000000
avance = -443.000000, avanceR = 2.000000, avanceI = 2.000000
inc_x_r = 0.000000, inc_y_r = 1.000000, inc_x_i = 1.000000, inc_y_i = 1.000000
En el else......

----------------------------------------
x = 56.000000, y = 210.000000
avance = -441.000000, avanceR = 2.000000, avanceI = 2.000000
inc_x_r = 0.000000, inc_y_r = 1.000000, inc_x_i = 1.000000, inc_y_i = 1.000000
En el else......

----------------------------------------
x = 56.000000, y = 211.000000
avance = -439.000000, avanceR = 2.000000, avanceI = 2.000000
inc_x_r = 0.000000, inc_y_r = 1.000000, inc_x_i = 1.000000, inc_y_i = 1.000000
En el else......

----------------------------------------
x = 56.000000, y = 212.000000
avance = -437.000000, avanceR = 2.000000, avanceI = 2.000000
inc_x_r = 0.000000, inc_y_r = 1.000000, inc_x_i = 1.000000, inc_y_i = 1.000000
En el else......

----------------------------------------
x = 56.000000, y = 213.000000
avance = -435.000000, avanceR = 2.000000, avanceI = 2.000000
inc_x_r = 0.000000, inc_y_r = 1.000000, inc_x_i = 1.000000, inc_y_i = 1.000000
En el else......

----------------------------------------
x = 56.000000, y = 214.000000
avance = -433.000000, avanceR = 2.000000, avanceI = 2.000000
inc_x_r = 0.000000, inc_y_r = 1.000000, inc_x_i = 1.000000, inc_y_i = 1.000000
En el else......

----------------------------------------
x = 56.000000, y = 215.000000
avance = -431.000000, avanceR = 2.000000, avanceI = 2.000000
inc_x_r = 0.000000, inc_y_r = 1.000000, inc_x_i = 1.000000, inc_y_i = 1.000000
En el else......

----------------------------------------
x = 56.000000, y = 216.000000
avance = -429.000000, avanceR = 2.000000, avanceI = 2.000000
inc_x_r = 0.000000, inc_y_r = 1.000000, inc_x_i = 1.000000, inc_y_i = 1.000000
En el else......

----------------------------------------
x = 56.000000, y = 217.000000
avance = -427.000000, avanceR = 2.000000, avanceI = 2.000000
inc_x_r = 0.000000, inc_y_r = 1.000000, inc_x_i = 1.000000, inc_y_i = 1.000000
En el else......

----------------------------------------
x = 56.000000, y = 218.000000
avance = -425.000000, avanceR = 2.000000, avanceI = 2.000000
inc_x_r = 0.000000, inc_y_r = 1.000000, inc_x_i = 1.000000, inc_y_i = 1.000000
En el else......

----------------------------------------
x = 56.000000, y = 219.000000
avance = -423.000000, avanceR = 2.000000, avanceI = 2.000000
inc_x_r = 0.000000, inc_y_r = 1.000000, inc_x_i = 1.000000, inc_y_i = 1.000000
En el else......

----------------------------------------
x = 56.000000, y = 220.000000
avance = -421.000000, avanceR = 2.000000, avanceI = 2.000000
inc_x_r = 0.000000, inc_y_r = 1.000000, inc_x_i = 1.000000, inc_y_i = 1.000000
En el else......

----------------------------------------
x = 56.000000, y = 221.000000
avance = -419.000000, avanceR = 2.000000, avanceI = 2.000000
inc_x_r = 0.000000, inc_y_r = 1.000000, inc_x_i = 1.000000, inc_y_i = 1.000000
En el else......

----------------------------------------
x = 56.000000, y = 222.000000
avance = -417.000000, avanceR = 2.000000, avanceI = 2.000000
inc_x_r = 0.000000, inc_y_r = 1.000000, inc_x_i = 1.000000, inc_y_i = 1.000000
En el else......

----------------------------------------
x = 56.000000, y = 223.000000
avance = -415.000000, avanceR = 2.000000, avanceI = 2.000000
inc_x_r = 0.000000, inc_y_r = 1.000000, inc_x_i = 1.000000, inc_y_i = 1.000000
En el else......

----------------------------------------
x = 56.000000, y = 224.000000
avance = -413.000000, avanceR = 2.000000, avanceI = 2.000000
inc_x_r = 0.000000, inc_y_r = 1.000000, inc_x_i = 1.000000, inc_y_i = 1.000000
En el else......

----------------------------------------
x = 56.000000, y = 225.000000
avance = -411.000000, avanceR = 2.000000, avanceI = 2.000000
inc_x_r = 0.000000, inc_y_r = 1.000000, inc_x_i = 1.000000, inc_y_i = 1.000000
En el else......

----------------------------------------
x = 56.000000, y = 226.000000
avance = -409.000000, avanceR = 2.000000, avanceI = 2.000000
inc_x_r = 0.000000, inc_y_r = 1.000000, inc_x_i = 1.000000, inc_y_i = 1.000000
En el else......

----------------------------------------
x = 56.000000, y = 227.000000
avance = -407.000000, avanceR = 2.000000, avanceI = 2.000000
inc_x_r = 0.000000, inc_y_r = 1.000000, inc_x_i = 1.000000, inc_y_i = 1.000000
En el else......

----------------------------------------
x = 56.000000, y = 228.000000
avance = -405.000000, avanceR = 2.000000, avanceI = 2.000000
inc_x_r = 0.000000, inc_y_r = 1.000000, inc_x_i = 1.000000, inc_y_i = 1.000000
En el else......

----------------------------------------
x = 56.000000, y = 229.000000
avance = -403.000000, avanceR = 2.000000, avanceI = 2.000000
inc_x_r = 0.000000, inc_y_r = 1.000000, inc_x_i = 1.000000, inc_y_i = 1.000000
En el else......

----------------------------------------
x = 56.000000, y = 230.000000
avance = -401.000000, avanceR = 2.000000, avanceI = 2.000000
inc_x_r = 0.000000, inc_y_r = 1.000000, inc_x_i = 1.000000, inc_y_i = 1.000000
En el else......

----------------------------------------
x = 56.000000, y = 231.000000
avance = -399.000000, avanceR = 2.000000, avanceI = 2.000000
inc_x_r = 0.000000, inc_y_r = 1.000000, inc_x_i = 1.000000, inc_y_i = 1.000000
En el else......

----------------------------------------
x = 56.000000, y = 232.000000
avance = -397.000000, avanceR = 2.000000, avanceI = 2.000000
inc_x_r = 0.000000, inc_y_r = 1.000000, inc_x_i = 1.000000, inc_y_i = 1.000000
En el else......

----------------------------------------
x = 56.000000, y = 233.000000
avance = -395.000000, avanceR = 2.000000, avanceI = 2.000000
inc_x_r = 0.000000, inc_y_r = 1.000000, inc_x_i = 1.000000, inc_y_i = 1.000000
En el else......

----------------------------------------
x = 56.000000, y = 234.000000
avance = -393.000000, avanceR = 2.000000, avanceI = 2.000000
inc_x_r = 0.000000, inc_y_r = 1.000000, inc_x_i = 1.000000, inc_y_i = 1.000000
En el else......

----------------------------------------
x = 56.000000, y = 235.000000
avance = -391.000000, avanceR = 2.000000, avanceI = 2.000000
inc_x_r = 0.000000, inc_y_r = 1.000000, inc_x_i = 1.000000, inc_y_i = 1.000000
En el else......

----------------------------------------
x = 56.000000, y = 236.000000
avance = -389.000000, avanceR = 2.000000, avanceI = 2.000000
inc_x_r = 0.000000, inc_y_r = 1.000000, inc_x_i = 1.000000, inc_y_i = 1.000000
En el else......

----------------------------------------
x = 56.000000, y = 237.000000
avance = -387.000000, avanceR = 2.000000, avanceI = 2.000000
inc_x_r = 0.000000, inc_y_r = 1.000000, inc_x_i = 1.000000, inc_y_i = 1.000000
En el else......

----------------------------------------
x = 56.000000, y = 238.000000
avance = -385.000000, avanceR = 2.000000, avanceI = 2.000000
inc_x_r = 0.000000, inc_y_r = 1.000000, inc_x_i = 1.000000, inc_y_i = 1.000000
En el else......

----------------------------------------
x = 56.000000, y = 239.000000
avance = -383.000000, avanceR = 2.000000, avanceI = 2.000000
inc_x_r = 0.000000, inc_y_r = 1.000000, inc_x_i = 1.000000, inc_y_i = 1.000000
En el else......

----------------------------------------
x = 56.000000, y = 240.000000
avance = -381.000000, avanceR = 2.000000, avanceI = 2.000000
inc_x_r = 0.000000, inc_y_r = 1.000000, inc_x_i = 1.000000, inc_y_i = 1.000000
En el else......

----------------------------------------
x = 56.000000, y = 241.000000
avance = -379.000000, avanceR = 2.000000, avanceI = 2.000000
inc_x_r = 0.000000, inc_y_r = 1.000000, inc_x_i = 1.000000, inc_y_i = 1.000000
En el else......

----------------------------------------
x = 56.000000, y = 242.000000
avance = -377.000000, avanceR = 2.000000, avanceI = 2.000000
inc_x_r = 0.000000, inc_y_r = 1.000000, inc_x_i = 1.000000, inc_y_i = 1.000000
En el else......

----------------------------------------
x = 56.000000, y = 243.000000
avance = -375.000000, avanceR = 2.000000, avanceI = 2.000000
inc_x_r = 0.000000, inc_y_r = 1.000000, inc_x_i = 1.000000, inc_y_i = 1.000000
En el else......

----------------------------------------
x = 56.000000, y = 244.000000
avance = -373.000000, avanceR = 2.000000, avanceI = 2.000000
inc_x_r = 0.000000, inc_y_r = 1.000000, inc_x_i = 1.000000, inc_y_i = 1.000000
En el else......

----------------------------------------
x = 56.000000, y = 245.000000
avance = -371.000000, avanceR = 2.000000, avanceI = 2.000000
inc_x_r = 0.000000, inc_y_r = 1.000000, inc_x_i = 1.000000, inc_y_i = 1.000000
En el else......

----------------------------------------
x = 56.000000, y = 246.000000
avance = -369.000000, avanceR = 2.000000, avanceI = 2.000000
inc_x_r = 0.000000, inc_y_r = 1.000000, inc_x_i = 1.000000, inc_y_i = 1.000000
En el else......

----------------------------------------
x = 56.000000, y = 247.000000
avance = -367.000000, avanceR = 2.000000, avanceI = 2.000000
inc_x_r = 0.000000, inc_y_r = 1.000000, inc_x_i = 1.000000, inc_y_i = 1.000000
En el else......

----------------------------------------
x = 56.000000, y = 248.000000
avance = -365.000000, avanceR = 2.000000, avanceI = 2.000000
inc_x_r = 0.000000, inc_y_r = 1.000000, inc_x_i = 1.000000, inc_y_i = 1.000000
En el else......

----------------------------------------
x = 56.000000, y = 249.000000
avance = -363.000000, avanceR = 2.000000, avanceI = 2.000000
inc_x_r = 0.000000, inc_y_r = 1.000000, inc_x_i = 1.000000, inc_y_i = 1.000000
En el else......

----------------------------------------
x = 56.000000, y = 250.000000
avance = -361.000000, avanceR = 2.000000, avanceI = 2.000000
inc_x_r = 0.000000, inc_y_r = 1.000000, inc_x_i = 1.000000, inc_y_i = 1.000000
En el else......

----------------------------------------
x = 56.000000, y = 251.000000
avance = -359.000000, avanceR = 2.000000, avanceI = 2.000000
inc_x_r = 0.000000, inc_y_r = 1.000000, inc_x_i = 1.000000, inc_y_i = 1.000000
En el else......

----------------------------------------
x = 56.000000, y = 252.000000
avance = -357.000000, avanceR = 2.000000, avanceI = 2.000000
inc_x_r = 0.000000, inc_y_r = 1.000000, inc_x_i = 1.000000, inc_y_i = 1.000000
En el else......

----------------------------------------
x = 56.000000, y = 253.000000
avance = -355.000000, avanceR = 2.000000, avanceI = 2.000000
inc_x_r = 0.000000, inc_y_r = 1.000000, inc_x_i = 1.000000, inc_y_i = 1.000000
En el else......

----------------------------------------
x = 56.000000, y = 254.000000
avance = -353.000000, avanceR = 2.000000, avanceI = 2.000000
inc_x_r = 0.000000, inc_y_r = 1.000000, inc_x_i = 1.000000, inc_y_i = 1.000000
En el else......

----------------------------------------
x = 56.000000, y = 255.000000
avance = -351.000000, avanceR = 2.000000, avanceI = 2.000000
inc_x_r = 0.000000, inc_y_r = 1.000000, inc_x_i = 1.000000, inc_y_i = 1.000000
En el else......

----------------------------------------
x = 56.000000, y = 256.000000
avance = -349.000000, avanceR = 2.000000, avanceI = 2.000000
inc_x_r = 0.000000, inc_y_r = 1.000000, inc_x_i = 1.000000, inc_y_i = 1.000000
En el else......

----------------------------------------
x = 56.000000, y = 257.000000
avance = -347.000000, avanceR = 2.000000, avanceI = 2.000000
inc_x_r = 0.000000, inc_y_r = 1.000000, inc_x_i = 1.000000, inc_y_i = 1.000000
En el else......

----------------------------------------
x = 56.000000, y = 258.000000
avance = -345.000000, avanceR = 2.000000, avanceI = 2.000000
inc_x_r = 0.000000, inc_y_r = 1.000000, inc_x_i = 1.000000, inc_y_i = 1.000000
En el else......

----------------------------------------
x = 56.000000, y = 259.000000
avance = -343.000000, avanceR = 2.000000, avanceI = 2.000000
inc_x_r = 0.000000, inc_y_r = 1.000000, inc_x_i = 1.000000, inc_y_i = 1.000000
En el else......

----------------------------------------
x = 56.000000, y = 260.000000
avance = -341.000000, avanceR = 2.000000, avanceI = 2.000000
inc_x_r = 0.000000, inc_y_r = 1.000000, inc_x_i = 1.000000, inc_y_i = 1.000000
En el else......

----------------------------------------
x = 56.000000, y = 261.000000
avance = -339.000000, avanceR = 2.000000, avanceI = 2.000000
inc_x_r = 0.000000, inc_y_r = 1.000000, inc_x_i = 1.000000, inc_y_i = 1.000000
En el else......

----------------------------------------
x = 56.000000, y = 262.000000
avance = -337.000000, avanceR = 2.000000, avanceI = 2.000000
inc_x_r = 0.000000, inc_y_r = 1.000000, inc_x_i = 1.000000, inc_y_i = 1.000000
En el else......

----------------------------------------
x = 56.000000, y = 263.000000
avance = -335.000000, avanceR = 2.000000, avanceI = 2.000000
inc_x_r = 0.000000, inc_y_r = 1.000000, inc_x_i = 1.000000, inc_y_i = 1.000000
En el else......

----------------------------------------
x = 56.000000, y = 264.000000
avance = -333.000000, avanceR = 2.000000, avanceI = 2.000000
inc_x_r = 0.000000, inc_y_r = 1.000000, inc_x_i = 1.000000, inc_y_i = 1.000000
En el else......

----------------------------------------
x = 56.000000, y = 265.000000
avance = -331.000000, avanceR = 2.000000, avanceI = 2.000000
inc_x_r = 0.000000, inc_y_r = 1.000000, inc_x_i = 1.000000, inc_y_i = 1.000000
En el else......

----------------------------------------
x = 56.000000, y = 266.000000
avance = -329.000000, avanceR = 2.000000, avanceI = 2.000000
inc_x_r = 0.000000, inc_y_r = 1.000000, inc_x_i = 1.000000, inc_y_i = 1.000000
En el else......

----------------------------------------
x = 56.000000, y = 267.000000
avance = -327.000000, avanceR = 2.000000, avanceI = 2.000000
inc_x_r = 0.000000, inc_y_r = 1.000000, inc_x_i = 1.000000, inc_y_i = 1.000000
En el else......

----------------------------------------
x = 56.000000, y = 268.000000
avance = -325.000000, avanceR = 2.000000, avanceI = 2.000000
inc_x_r = 0.000000, inc_y_r = 1.000000, inc_x_i = 1.000000, inc_y_i = 1.000000
En el else......

----------------------------------------
x = 56.000000, y = 269.000000
avance = -323.000000, avanceR = 2.000000, avanceI = 2.000000
inc_x_r = 0.000000, inc_y_r = 1.000000, inc_x_i = 1.000000, inc_y_i = 1.000000
En el else......

----------------------------------------
x = 56.000000, y = 270.000000
avance = -321.000000, avanceR = 2.000000, avanceI = 2.000000
inc_x_r = 0.000000, inc_y_r = 1.000000, inc_x_i = 1.000000, inc_y_i = 1.000000
En el else......

----------------------------------------
x = 56.000000, y = 271.000000
avance = -319.000000, avanceR = 2.000000, avanceI = 2.000000
inc_x_r = 0.000000, inc_y_r = 1.000000, inc_x_i = 1.000000, inc_y_i = 1.000000
En el else......

----------------------------------------
x = 56.000000, y = 272.000000
avance = -317.000000, avanceR = 2.000000, avanceI = 2.000000
inc_x_r = 0.000000, inc_y_r = 1.000000, inc_x_i = 1.000000, inc_y_i = 1.000000
En el else......

----------------------------------------
x = 56.000000, y = 273.000000
avance = -315.000000, avanceR = 2.000000, avanceI = 2.000000
inc_x_r = 0.000000, inc_y_r = 1.000000, inc_x_i = 1.000000, inc_y_i = 1.000000
En el else......

----------------------------------------
x = 56.000000, y = 274.000000
avance = -313.000000, avanceR = 2.000000, avanceI = 2.000000
inc_x_r = 0.000000, inc_y_r = 1.000000, inc_x_i = 1.000000, inc_y_i = 1.000000
En el else......

----------------------------------------
x = 56.000000, y = 275.000000
avance = -311.000000, avanceR = 2.000000, avanceI = 2.000000
inc_x_r = 0.000000, inc_y_r = 1.000000, inc_x_i = 1.000000, inc_y_i = 1.000000
En el else......

----------------------------------------
x = 56.000000, y = 276.000000
avance = -309.000000, avanceR = 2.000000, avanceI = 2.000000
inc_x_r = 0.000000, inc_y_r = 1.000000, inc_x_i = 1.000000, inc_y_i = 1.000000
En el else......

----------------------------------------
x = 56.000000, y = 277.000000
avance = -307.000000, avanceR = 2.000000, avanceI = 2.000000
inc_x_r = 0.000000, inc_y_r = 1.000000, inc_x_i = 1.000000, inc_y_i = 1.000000
En el else......

----------------------------------------
x = 56.000000, y = 278.000000
avance = -305.000000, avanceR = 2.000000, avanceI = 2.000000
inc_x_r = 0.000000, inc_y_r = 1.000000, inc_x_i = 1.000000, inc_y_i = 1.000000
En el else......

----------------------------------------
x = 56.000000, y = 279.000000
avance = -303.000000, avanceR = 2.000000, avanceI = 2.000000
inc_x_r = 0.000000, inc_y_r = 1.000000, inc_x_i = 1.000000, inc_y_i = 1.000000
En el else......

----------------------------------------
x = 56.000000, y = 280.000000
avance = -301.000000, avanceR = 2.000000, avanceI = 2.000000
inc_x_r = 0.000000, inc_y_r = 1.000000, inc_x_i = 1.000000, inc_y_i = 1.000000
En el else......

----------------------------------------
x = 56.000000, y = 281.000000
avance = -299.000000, avanceR = 2.000000, avanceI = 2.000000
inc_x_r = 0.000000, inc_y_r = 1.000000, inc_x_i = 1.000000, inc_y_i = 1.000000
En el else......

----------------------------------------
x = 56.000000, y = 282.000000
avance = -297.000000, avanceR = 2.000000, avanceI = 2.000000
inc_x_r = 0.000000, inc_y_r = 1.000000, inc_x_i = 1.000000, inc_y_i = 1.000000
En el else......

----------------------------------------
x = 56.000000, y = 283.000000
avance = -295.000000, avanceR = 2.000000, avanceI = 2.000000
inc_x_r = 0.000000, inc_y_r = 1.000000, inc_x_i = 1.000000, inc_y_i = 1.000000
En el else......

----------------------------------------
x = 56.000000, y = 284.000000
avance = -293.000000, avanceR = 2.000000, avanceI = 2.000000
inc_x_r = 0.000000, inc_y_r = 1.000000, inc_x_i = 1.000000, inc_y_i = 1.000000
En el else......

----------------------------------------
x = 56.000000, y = 285.000000
avance = -291.000000, avanceR = 2.000000, avanceI = 2.000000
inc_x_r = 0.000000, inc_y_r = 1.000000, inc_x_i = 1.000000, inc_y_i = 1.000000
En el else......

----------------------------------------
x = 56.000000, y = 286.000000
avance = -289.000000, avanceR = 2.000000, avanceI = 2.000000
inc_x_r = 0.000000, inc_y_r = 1.000000, inc_x_i = 1.000000, inc_y_i = 1.000000
En el else......

----------------------------------------
x = 56.000000, y = 287.000000
avance = -287.000000, avanceR = 2.000000, avanceI = 2.000000
inc_x_r = 0.000000, inc_y_r = 1.000000, inc_x_i = 1.000000, inc_y_i = 1.000000
En el else......

----------------------------------------
x = 56.000000, y = 288.000000
avance = -285.000000, avanceR = 2.000000, avanceI = 2.000000
inc_x_r = 0.000000, inc_y_r = 1.000000, inc_x_i = 1.000000, inc_y_i = 1.000000
En el else......

----------------------------------------
x = 56.000000, y = 289.000000
avance = -283.000000, avanceR = 2.000000, avanceI = 2.000000
inc_x_r = 0.000000, inc_y_r = 1.000000, inc_x_i = 1.000000, inc_y_i = 1.000000
En el else......

----------------------------------------
x = 56.000000, y = 290.000000
avance = -281.000000, avanceR = 2.000000, avanceI = 2.000000
inc_x_r = 0.000000, inc_y_r = 1.000000, inc_x_i = 1.000000, inc_y_i = 1.000000
En el else......

----------------------------------------
x = 56.000000, y = 291.000000
avance = -279.000000, avanceR = 2.000000, avanceI = 2.000000
inc_x_r = 0.000000, inc_y_r = 1.000000, inc_x_i = 1.000000, inc_y_i = 1.000000
En el else......

----------------------------------------
x = 56.000000, y = 292.000000
avance = -277.000000, avanceR = 2.000000, avanceI = 2.000000
inc_x_r = 0.000000, inc_y_r = 1.000000, inc_x_i = 1.000000, inc_y_i = 1.000000
En el else......

----------------------------------------
x = 56.000000, y = 293.000000
avance = -275.000000, avanceR = 2.000000, avanceI = 2.000000
inc_x_r = 0.000000, inc_y_r = 1.000000, inc_x_i = 1.000000, inc_y_i = 1.000000
En el else......

----------------------------------------
x = 56.000000, y = 294.000000
avance = -273.000000, avanceR = 2.000000, avanceI = 2.000000
inc_x_r = 0.000000, inc_y_r = 1.000000, inc_x_i = 1.000000, inc_y_i = 1.000000
En el else......

----------------------------------------
x = 56.000000, y = 295.000000
avance = -271.000000, avanceR = 2.000000, avanceI = 2.000000
inc_x_r = 0.000000, inc_y_r = 1.000000, inc_x_i = 1.000000, inc_y_i = 1.000000
En el else......

----------------------------------------
x = 56.000000, y = 296.000000
avance = -269.000000, avanceR = 2.000000, avanceI = 2.000000
inc_x_r = 0.000000, inc_y_r = 1.000000, inc_x_i = 1.000000, inc_y_i = 1.000000
En el else......

----------------------------------------
x = 56.000000, y = 297.000000
avance = -267.000000, avanceR = 2.000000, avanceI = 2.000000
inc_x_r = 0.000000, inc_y_r = 1.000000, inc_x_i = 1.000000, inc_y_i = 1.000000
En el else......

----------------------------------------
x = 56.000000, y = 298.000000
avance = -265.000000, avanceR = 2.000000, avanceI = 2.000000
inc_x_r = 0.000000, inc_y_r = 1.000000, inc_x_i = 1.000000, inc_y_i = 1.000000
En el else......

----------------------------------------
x = 56.000000, y = 299.000000
avance = -263.000000, avanceR = 2.000000, avanceI = 2.000000
inc_x_r = 0.000000, inc_y_r = 1.000000, inc_x_i = 1.000000, inc_y_i = 1.000000
En el else......

----------------------------------------
x = 56.000000, y = 300.000000
avance = -261.000000, avanceR = 2.000000, avanceI = 2.000000
inc_x_r = 0.000000, inc_y_r = 1.000000, inc_x_i = 1.000000, inc_y_i = 1.000000
En el else......

----------------------------------------
x = 56.000000, y = 301.000000
avance = -259.000000, avanceR = 2.000000, avanceI = 2.000000
inc_x_r = 0.000000, inc_y_r = 1.000000, inc_x_i = 1.000000, inc_y_i = 1.000000
En el else......

----------------------------------------
x = 56.000000, y = 302.000000
avance = -257.000000, avanceR = 2.000000, avanceI = 2.000000
inc_x_r = 0.000000, inc_y_r = 1.000000, inc_x_i = 1.000000, inc_y_i = 1.000000
En el else......

----------------------------------------
x = 56.000000, y = 303.000000
avance = -255.000000, avanceR = 2.000000, avanceI = 2.000000
inc_x_r = 0.000000, inc_y_r = 1.000000, inc_x_i = 1.000000, inc_y_i = 1.000000
En el else......

----------------------------------------
x = 56.000000, y = 304.000000
avance = -253.000000, avanceR = 2.000000, avanceI = 2.000000
inc_x_r = 0.000000, inc_y_r = 1.000000, inc_x_i = 1.000000, inc_y_i = 1.000000
En el else......

----------------------------------------
x = 56.000000, y = 305.000000
avance = -251.000000, avanceR = 2.000000, avanceI = 2.000000
inc_x_r = 0.000000, inc_y_r = 1.000000, inc_x_i = 1.000000, inc_y_i = 1.000000
En el else......

----------------------------------------


ENTRAMOS A BRESENHAMªªªª
x1 = 55.000000 - y1 = 45.000000 || x2 = 56.000000 - y2 = 296.000000
dy = 251.000000, dx = 1.000000
avances inclinados: inc_x_i = 1.000000, inc_y_i = 1.000000
updated: dy = 251.000000, dx = 1.000000
avances rectos: inc_x_r = 0.000000, inc_y_r 1.000000
reupdated: dy = 1.000000, dx = 251.000000
avanceR = 2.000000, avance -249.000000, avanceI 2.000000
----------------------------------------
x = 55.000000, y = 45.000000
avance = -249.000000, avanceR = 2.000000, avanceI = 2.000000
inc_x_r = 0.000000, inc_y_r = 1.000000, inc_x_i = 1.000000, inc_y_i = 1.000000
En el else......

----------------------------------------
x = 55.000000, y = 46.000000
avance = -247.000000, avanceR = 2.000000, avanceI = 2.000000
inc_x_r = 0.000000, inc_y_r = 1.000000, inc_x_i = 1.000000, inc_y_i = 1.000000
En el else......

----------------------------------------
x = 55.000000, y = 47.000000
avance = -245.000000, avanceR = 2.000000, avanceI = 2.000000
inc_x_r = 0.000000, inc_y_r = 1.000000, inc_x_i = 1.000000, inc_y_i = 1.000000
En el else......

----------------------------------------
x = 55.000000, y = 48.000000
avance = -243.000000, avanceR = 2.000000, avanceI = 2.000000
inc_x_r = 0.000000, inc_y_r = 1.000000, inc_x_i = 1.000000, inc_y_i = 1.000000
En el else......

----------------------------------------
x = 55.000000, y = 49.000000
avance = -241.000000, avanceR = 2.000000, avanceI = 2.000000
inc_x_r = 0.000000, inc_y_r = 1.000000, inc_x_i = 1.000000, inc_y_i = 1.000000
En el else......

----------------------------------------
x = 55.000000, y = 50.000000
avance = -239.000000, avanceR = 2.000000, avanceI = 2.000000
inc_x_r = 0.000000, inc_y_r = 1.000000, inc_x_i = 1.000000, inc_y_i = 1.000000
En el else......

----------------------------------------
x = 55.000000, y = 51.000000
avance = -237.000000, avanceR = 2.000000, avanceI = 2.000000
inc_x_r = 0.000000, inc_y_r = 1.000000, inc_x_i = 1.000000, inc_y_i = 1.000000
En el else......

----------------------------------------
x = 55.000000, y = 52.000000
avance = -235.000000, avanceR = 2.000000, avanceI = 2.000000
inc_x_r = 0.000000, inc_y_r = 1.000000, inc_x_i = 1.000000, inc_y_i = 1.000000
En el else......

----------------------------------------
x = 55.000000, y = 53.000000
avance = -233.000000, avanceR = 2.000000, avanceI = 2.000000
inc_x_r = 0.000000, inc_y_r = 1.000000, inc_x_i = 1.000000, inc_y_i = 1.000000
En el else......

----------------------------------------
x = 55.000000, y = 54.000000
avance = -231.000000, avanceR = 2.000000, avanceI = 2.000000
inc_x_r = 0.000000, inc_y_r = 1.000000, inc_x_i = 1.000000, inc_y_i = 1.000000
En el else......

----------------------------------------
x = 55.000000, y = 55.000000
avance = -229.000000, avanceR = 2.000000, avanceI = 2.000000
inc_x_r = 0.000000, inc_y_r = 1.000000, inc_x_i = 1.000000, inc_y_i = 1.000000
En el else......

----------------------------------------
x = 55.000000, y = 56.000000
avance = -227.000000, avanceR = 2.000000, avanceI = 2.000000
inc_x_r = 0.000000, inc_y_r = 1.000000, inc_x_i = 1.000000, inc_y_i = 1.000000
En el else......

----------------------------------------
x = 55.000000, y = 57.000000
avance = -225.000000, avanceR = 2.000000, avanceI = 2.000000
inc_x_r = 0.000000, inc_y_r = 1.000000, inc_x_i = 1.000000, inc_y_i = 1.000000
En el else......

----------------------------------------
x = 55.000000, y = 58.000000
avance = -223.000000, avanceR = 2.000000, avanceI = 2.000000
inc_x_r = 0.000000, inc_y_r = 1.000000, inc_x_i = 1.000000, inc_y_i = 1.000000
En el else......

----------------------------------------
x = 55.000000, y = 59.000000
avance = -221.000000, avanceR = 2.000000, avanceI = 2.000000
inc_x_r = 0.000000, inc_y_r = 1.000000, inc_x_i = 1.000000, inc_y_i = 1.000000
En el else......

----------------------------------------
x = 55.000000, y = 60.000000
avance = -219.000000, avanceR = 2.000000, avanceI = 2.000000
inc_x_r = 0.000000, inc_y_r = 1.000000, inc_x_i = 1.000000, inc_y_i = 1.000000
En el else......

----------------------------------------
x = 55.000000, y = 61.000000
avance = -217.000000, avanceR = 2.000000, avanceI = 2.000000
inc_x_r = 0.000000, inc_y_r = 1.000000, inc_x_i = 1.000000, inc_y_i = 1.000000
En el else......

----------------------------------------
x = 55.000000, y = 62.000000
avance = -215.000000, avanceR = 2.000000, avanceI = 2.000000
inc_x_r = 0.000000, inc_y_r = 1.000000, inc_x_i = 1.000000, inc_y_i = 1.000000
En el else......

----------------------------------------
x = 55.000000, y = 63.000000
avance = -213.000000, avanceR = 2.000000, avanceI = 2.000000
inc_x_r = 0.000000, inc_y_r = 1.000000, inc_x_i = 1.000000, inc_y_i = 1.000000
En el else......

----------------------------------------
x = 55.000000, y = 64.000000
avance = -211.000000, avanceR = 2.000000, avanceI = 2.000000
inc_x_r = 0.000000, inc_y_r = 1.000000, inc_x_i = 1.000000, inc_y_i = 1.000000
En el else......

----------------------------------------
x = 55.000000, y = 65.000000
avance = -209.000000, avanceR = 2.000000, avanceI = 2.000000
inc_x_r = 0.000000, inc_y_r = 1.000000, inc_x_i = 1.000000, inc_y_i = 1.000000
En el else......

----------------------------------------
x = 55.000000, y = 66.000000
avance = -207.000000, avanceR = 2.000000, avanceI = 2.000000
inc_x_r = 0.000000, inc_y_r = 1.000000, inc_x_i = 1.000000, inc_y_i = 1.000000
En el else......

----------------------------------------
x = 55.000000, y = 67.000000
avance = -205.000000, avanceR = 2.000000, avanceI = 2.000000
inc_x_r = 0.000000, inc_y_r = 1.000000, inc_x_i = 1.000000, inc_y_i = 1.000000
En el else......

----------------------------------------
x = 55.000000, y = 68.000000
avance = -203.000000, avanceR = 2.000000, avanceI = 2.000000
inc_x_r = 0.000000, inc_y_r = 1.000000, inc_x_i = 1.000000, inc_y_i = 1.000000
En el else......

----------------------------------------
x = 55.000000, y = 69.000000
avance = -201.000000, avanceR = 2.000000, avanceI = 2.000000
inc_x_r = 0.000000, inc_y_r = 1.000000, inc_x_i = 1.000000, inc_y_i = 1.000000
En el else......

----------------------------------------
x = 55.000000, y = 70.000000
avance = -199.000000, avanceR = 2.000000, avanceI = 2.000000
inc_x_r = 0.000000, inc_y_r = 1.000000, inc_x_i = 1.000000, inc_y_i = 1.000000
En el else......

----------------------------------------
x = 55.000000, y = 71.000000
avance = -197.000000, avanceR = 2.000000, avanceI = 2.000000
inc_x_r = 0.000000, inc_y_r = 1.000000, inc_x_i = 1.000000, inc_y_i = 1.000000
En el else......

----------------------------------------
x = 55.000000, y = 72.000000
avance = -195.000000, avanceR = 2.000000, avanceI = 2.000000
inc_x_r = 0.000000, inc_y_r = 1.000000, inc_x_i = 1.000000, inc_y_i = 1.000000
En el else......

----------------------------------------
x = 55.000000, y = 73.000000
avance = -193.000000, avanceR = 2.000000, avanceI = 2.000000
inc_x_r = 0.000000, inc_y_r = 1.000000, inc_x_i = 1.000000, inc_y_i = 1.000000
En el else......

----------------------------------------
x = 55.000000, y = 74.000000
avance = -191.000000, avanceR = 2.000000, avanceI = 2.000000
inc_x_r = 0.000000, inc_y_r = 1.000000, inc_x_i = 1.000000, inc_y_i = 1.000000
En el else......

----------------------------------------
x = 55.000000, y = 75.000000
avance = -189.000000, avanceR = 2.000000, avanceI = 2.000000
inc_x_r = 0.000000, inc_y_r = 1.000000, inc_x_i = 1.000000, inc_y_i = 1.000000
En el else......

----------------------------------------
x = 55.000000, y = 76.000000
avance = -187.000000, avanceR = 2.000000, avanceI = 2.000000
inc_x_r = 0.000000, inc_y_r = 1.000000, inc_x_i = 1.000000, inc_y_i = 1.000000
En el else......

----------------------------------------
x = 55.000000, y = 77.000000
avance = -185.000000, avanceR = 2.000000, avanceI = 2.000000
inc_x_r = 0.000000, inc_y_r = 1.000000, inc_x_i = 1.000000, inc_y_i = 1.000000
En el else......

----------------------------------------
x = 55.000000, y = 78.000000
avance = -183.000000, avanceR = 2.000000, avanceI = 2.000000
inc_x_r = 0.000000, inc_y_r = 1.000000, inc_x_i = 1.000000, inc_y_i = 1.000000
En el else......

----------------------------------------
x = 55.000000, y = 79.000000
avance = -181.000000, avanceR = 2.000000, avanceI = 2.000000
inc_x_r = 0.000000, inc_y_r = 1.000000, inc_x_i = 1.000000, inc_y_i = 1.000000
En el else......

----------------------------------------
x = 55.000000, y = 80.000000
avance = -179.000000, avanceR = 2.000000, avanceI = 2.000000
inc_x_r = 0.000000, inc_y_r = 1.000000, inc_x_i = 1.000000, inc_y_i = 1.000000
En el else......

----------------------------------------
x = 55.000000, y = 81.000000
avance = -177.000000, avanceR = 2.000000, avanceI = 2.000000
inc_x_r = 0.000000, inc_y_r = 1.000000, inc_x_i = 1.000000, inc_y_i = 1.000000
En el else......

----------------------------------------
x = 55.000000, y = 82.000000
avance = -175.000000, avanceR = 2.000000, avanceI = 2.000000
inc_x_r = 0.000000, inc_y_r = 1.000000, inc_x_i = 1.000000, inc_y_i = 1.000000
En el else......

----------------------------------------
x = 55.000000, y = 83.000000
avance = -173.000000, avanceR = 2.000000, avanceI = 2.000000
inc_x_r = 0.000000, inc_y_r = 1.000000, inc_x_i = 1.000000, inc_y_i = 1.000000
En el else......

----------------------------------------
x = 55.000000, y = 84.000000
avance = -171.000000, avanceR = 2.000000, avanceI = 2.000000
inc_x_r = 0.000000, inc_y_r = 1.000000, inc_x_i = 1.000000, inc_y_i = 1.000000
En el else......

----------------------------------------
x = 55.000000, y = 85.000000
avance = -169.000000, avanceR = 2.000000, avanceI = 2.000000
inc_x_r = 0.000000, inc_y_r = 1.000000, inc_x_i = 1.000000, inc_y_i = 1.000000
En el else......

----------------------------------------
x = 55.000000, y = 86.000000
avance = -167.000000, avanceR = 2.000000, avanceI = 2.000000
inc_x_r = 0.000000, inc_y_r = 1.000000, inc_x_i = 1.000000, inc_y_i = 1.000000
En el else......

----------------------------------------
x = 55.000000, y = 87.000000
avance = -165.000000, avanceR = 2.000000, avanceI = 2.000000
inc_x_r = 0.000000, inc_y_r = 1.000000, inc_x_i = 1.000000, inc_y_i = 1.000000
En el else......

----------------------------------------
x = 55.000000, y = 88.000000
avance = -163.000000, avanceR = 2.000000, avanceI = 2.000000
inc_x_r = 0.000000, inc_y_r = 1.000000, inc_x_i = 1.000000, inc_y_i = 1.000000
En el else......

----------------------------------------
x = 55.000000, y = 89.000000
avance = -161.000000, avanceR = 2.000000, avanceI = 2.000000
inc_x_r = 0.000000, inc_y_r = 1.000000, inc_x_i = 1.000000, inc_y_i = 1.000000
En el else......

----------------------------------------
x = 55.000000, y = 90.000000
avance = -159.000000, avanceR = 2.000000, avanceI = 2.000000
inc_x_r = 0.000000, inc_y_r = 1.000000, inc_x_i = 1.000000, inc_y_i = 1.000000
En el else......

----------------------------------------
x = 55.000000, y = 91.000000
avance = -157.000000, avanceR = 2.000000, avanceI = 2.000000
inc_x_r = 0.000000, inc_y_r = 1.000000, inc_x_i = 1.000000, inc_y_i = 1.000000
En el else......

----------------------------------------
x = 55.000000, y = 92.000000
avance = -155.000000, avanceR = 2.000000, avanceI = 2.000000
inc_x_r = 0.000000, inc_y_r = 1.000000, inc_x_i = 1.000000, inc_y_i = 1.000000
En el else......

----------------------------------------
x = 55.000000, y = 93.000000
avance = -153.000000, avanceR = 2.000000, avanceI = 2.000000
inc_x_r = 0.000000, inc_y_r = 1.000000, inc_x_i = 1.000000, inc_y_i = 1.000000
En el else......

----------------------------------------
x = 55.000000, y = 94.000000
avance = -151.000000, avanceR = 2.000000, avanceI = 2.000000
inc_x_r = 0.000000, inc_y_r = 1.000000, inc_x_i = 1.000000, inc_y_i = 1.000000
En el else......

----------------------------------------
x = 55.000000, y = 95.000000
avance = -149.000000, avanceR = 2.000000, avanceI = 2.000000
inc_x_r = 0.000000, inc_y_r = 1.000000, inc_x_i = 1.000000, inc_y_i = 1.000000
En el else......

----------------------------------------
x = 55.000000, y = 96.000000
avance = -147.000000, avanceR = 2.000000, avanceI = 2.000000
inc_x_r = 0.000000, inc_y_r = 1.000000, inc_x_i = 1.000000, inc_y_i = 1.000000
En el else......

----------------------------------------
x = 55.000000, y = 97.000000
avance = -145.000000, avanceR = 2.000000, avanceI = 2.000000
inc_x_r = 0.000000, inc_y_r = 1.000000, inc_x_i = 1.000000, inc_y_i = 1.000000
En el else......

----------------------------------------
x = 55.000000, y = 98.000000
avance = -143.000000, avanceR = 2.000000, avanceI = 2.000000
inc_x_r = 0.000000, inc_y_r = 1.000000, inc_x_i = 1.000000, inc_y_i = 1.000000
En el else......

----------------------------------------
x = 55.000000, y = 99.000000
avance = -141.000000, avanceR = 2.000000, avanceI = 2.000000
inc_x_r = 0.000000, inc_y_r = 1.000000, inc_x_i = 1.000000, inc_y_i = 1.000000
En el else......

----------------------------------------
x = 55.000000, y = 100.000000
avance = -139.000000, avanceR = 2.000000, avanceI = 2.000000
inc_x_r = 0.000000, inc_y_r = 1.000000, inc_x_i = 1.000000, inc_y_i = 1.000000
En el else......

----------------------------------------
x = 55.000000, y = 101.000000
avance = -137.000000, avanceR = 2.000000, avanceI = 2.000000
inc_x_r = 0.000000, inc_y_r = 1.000000, inc_x_i = 1.000000, inc_y_i = 1.000000
En el else......

----------------------------------------
x = 55.000000, y = 102.000000
avance = -135.000000, avanceR = 2.000000, avanceI = 2.000000
inc_x_r = 0.000000, inc_y_r = 1.000000, inc_x_i = 1.000000, inc_y_i = 1.000000
En el else......

----------------------------------------
x = 55.000000, y = 103.000000
avance = -133.000000, avanceR = 2.000000, avanceI = 2.000000
inc_x_r = 0.000000, inc_y_r = 1.000000, inc_x_i = 1.000000, inc_y_i = 1.000000
En el else......

----------------------------------------
x = 55.000000, y = 104.000000
avance = -131.000000, avanceR = 2.000000, avanceI = 2.000000
inc_x_r = 0.000000, inc_y_r = 1.000000, inc_x_i = 1.000000, inc_y_i = 1.000000
En el else......

----------------------------------------
x = 55.000000, y = 105.000000
avance = -129.000000, avanceR = 2.000000, avanceI = 2.000000
inc_x_r = 0.000000, inc_y_r = 1.000000, inc_x_i = 1.000000, inc_y_i = 1.000000
En el else......

----------------------------------------
x = 55.000000, y = 106.000000
avance = -127.000000, avanceR = 2.000000, avanceI = 2.000000
inc_x_r = 0.000000, inc_y_r = 1.000000, inc_x_i = 1.000000, inc_y_i = 1.000000
En el else......

----------------------------------------
x = 55.000000, y = 107.000000
avance = -125.000000, avanceR = 2.000000, avanceI = 2.000000
inc_x_r = 0.000000, inc_y_r = 1.000000, inc_x_i = 1.000000, inc_y_i = 1.000000
En el else......

----------------------------------------
x = 55.000000, y = 108.000000
avance = -123.000000, avanceR = 2.000000, avanceI = 2.000000
inc_x_r = 0.000000, inc_y_r = 1.000000, inc_x_i = 1.000000, inc_y_i = 1.000000
En el else......

----------------------------------------
x = 55.000000, y = 109.000000
avance = -121.000000, avanceR = 2.000000, avanceI = 2.000000
inc_x_r = 0.000000, inc_y_r = 1.000000, inc_x_i = 1.000000, inc_y_i = 1.000000
En el else......

----------------------------------------
x = 55.000000, y = 110.000000
avance = -119.000000, avanceR = 2.000000, avanceI = 2.000000
inc_x_r = 0.000000, inc_y_r = 1.000000, inc_x_i = 1.000000, inc_y_i = 1.000000
En el else......

----------------------------------------
x = 55.000000, y = 111.000000
avance = -117.000000, avanceR = 2.000000, avanceI = 2.000000
inc_x_r = 0.000000, inc_y_r = 1.000000, inc_x_i = 1.000000, inc_y_i = 1.000000
En el else......

----------------------------------------
x = 55.000000, y = 112.000000
avance = -115.000000, avanceR = 2.000000, avanceI = 2.000000
inc_x_r = 0.000000, inc_y_r = 1.000000, inc_x_i = 1.000000, inc_y_i = 1.000000
En el else......

----------------------------------------
x = 55.000000, y = 113.000000
avance = -113.000000, avanceR = 2.000000, avanceI = 2.000000
inc_x_r = 0.000000, inc_y_r = 1.000000, inc_x_i = 1.000000, inc_y_i = 1.000000
En el else......

----------------------------------------
x = 55.000000, y = 114.000000
avance = -111.000000, avanceR = 2.000000, avanceI = 2.000000
inc_x_r = 0.000000, inc_y_r = 1.000000, inc_x_i = 1.000000, inc_y_i = 1.000000
En el else......

----------------------------------------
x = 55.000000, y = 115.000000
avance = -109.000000, avanceR = 2.000000, avanceI = 2.000000
inc_x_r = 0.000000, inc_y_r = 1.000000, inc_x_i = 1.000000, inc_y_i = 1.000000
En el else......

----------------------------------------
x = 55.000000, y = 116.000000
avance = -107.000000, avanceR = 2.000000, avanceI = 2.000000
inc_x_r = 0.000000, inc_y_r = 1.000000, inc_x_i = 1.000000, inc_y_i = 1.000000
En el else......

----------------------------------------
x = 55.000000, y = 117.000000
avance = -105.000000, avanceR = 2.000000, avanceI = 2.000000
inc_x_r = 0.000000, inc_y_r = 1.000000, inc_x_i = 1.000000, inc_y_i = 1.000000
En el else......

----------------------------------------
x = 55.000000, y = 118.000000
avance = -103.000000, avanceR = 2.000000, avanceI = 2.000000
inc_x_r = 0.000000, inc_y_r = 1.000000, inc_x_i = 1.000000, inc_y_i = 1.000000
En el else......

----------------------------------------
x = 55.000000, y = 119.000000
avance = -101.000000, avanceR = 2.000000, avanceI = 2.000000
inc_x_r = 0.000000, inc_y_r = 1.000000, inc_x_i = 1.000000, inc_y_i = 1.000000
En el else......

----------------------------------------
x = 55.000000, y = 120.000000
avance = -99.000000, avanceR = 2.000000, avanceI = 2.000000
inc_x_r = 0.000000, inc_y_r = 1.000000, inc_x_i = 1.000000, inc_y_i = 1.000000
En el else......

----------------------------------------
x = 55.000000, y = 121.000000
avance = -97.000000, avanceR = 2.000000, avanceI = 2.000000
inc_x_r = 0.000000, inc_y_r = 1.000000, inc_x_i = 1.000000, inc_y_i = 1.000000
En el else......

----------------------------------------
x = 55.000000, y = 122.000000
avance = -95.000000, avanceR = 2.000000, avanceI = 2.000000
inc_x_r = 0.000000, inc_y_r = 1.000000, inc_x_i = 1.000000, inc_y_i = 1.000000
En el else......

----------------------------------------
x = 55.000000, y = 123.000000
avance = -93.000000, avanceR = 2.000000, avanceI = 2.000000
inc_x_r = 0.000000, inc_y_r = 1.000000, inc_x_i = 1.000000, inc_y_i = 1.000000
En el else......

----------------------------------------
x = 55.000000, y = 124.000000
avance = -91.000000, avanceR = 2.000000, avanceI = 2.000000
inc_x_r = 0.000000, inc_y_r = 1.000000, inc_x_i = 1.000000, inc_y_i = 1.000000
En el else......

----------------------------------------
x = 55.000000, y = 125.000000
avance = -89.000000, avanceR = 2.000000, avanceI = 2.000000
inc_x_r = 0.000000, inc_y_r = 1.000000, inc_x_i = 1.000000, inc_y_i = 1.000000
En el else......

----------------------------------------
x = 55.000000, y = 126.000000
avance = -87.000000, avanceR = 2.000000, avanceI = 2.000000
inc_x_r = 0.000000, inc_y_r = 1.000000, inc_x_i = 1.000000, inc_y_i = 1.000000
En el else......

----------------------------------------
x = 55.000000, y = 127.000000
avance = -85.000000, avanceR = 2.000000, avanceI = 2.000000
inc_x_r = 0.000000, inc_y_r = 1.000000, inc_x_i = 1.000000, inc_y_i = 1.000000
En el else......

----------------------------------------
x = 55.000000, y = 128.000000
avance = -83.000000, avanceR = 2.000000, avanceI = 2.000000
inc_x_r = 0.000000, inc_y_r = 1.000000, inc_x_i = 1.000000, inc_y_i = 1.000000
En el else......

----------------------------------------
x = 55.000000, y = 129.000000
avance = -81.000000, avanceR = 2.000000, avanceI = 2.000000
inc_x_r = 0.000000, inc_y_r = 1.000000, inc_x_i = 1.000000, inc_y_i = 1.000000
En el else......

----------------------------------------
x = 55.000000, y = 130.000000
avance = -79.000000, avanceR = 2.000000, avanceI = 2.000000
inc_x_r = 0.000000, inc_y_r = 1.000000, inc_x_i = 1.000000, inc_y_i = 1.000000
En el else......

----------------------------------------
x = 55.000000, y = 131.000000
avance = -77.000000, avanceR = 2.000000, avanceI = 2.000000
inc_x_r = 0.000000, inc_y_r = 1.000000, inc_x_i = 1.000000, inc_y_i = 1.000000
En el else......

----------------------------------------
x = 55.000000, y = 132.000000
avance = -75.000000, avanceR = 2.000000, avanceI = 2.000000
inc_x_r = 0.000000, inc_y_r = 1.000000, inc_x_i = 1.000000, inc_y_i = 1.000000
En el else......

----------------------------------------
x = 55.000000, y = 133.000000
avance = -73.000000, avanceR = 2.000000, avanceI = 2.000000
inc_x_r = 0.000000, inc_y_r = 1.000000, inc_x_i = 1.000000, inc_y_i = 1.000000
En el else......

----------------------------------------
x = 55.000000, y = 134.000000
avance = -71.000000, avanceR = 2.000000, avanceI = 2.000000
inc_x_r = 0.000000, inc_y_r = 1.000000, inc_x_i = 1.000000, inc_y_i = 1.000000
En el else......

----------------------------------------
x = 55.000000, y = 135.000000
avance = -69.000000, avanceR = 2.000000, avanceI = 2.000000
inc_x_r = 0.000000, inc_y_r = 1.000000, inc_x_i = 1.000000, inc_y_i = 1.000000
En el else......

----------------------------------------
x = 55.000000, y = 136.000000
avance = -67.000000, avanceR = 2.000000, avanceI = 2.000000
inc_x_r = 0.000000, inc_y_r = 1.000000, inc_x_i = 1.000000, inc_y_i = 1.000000
En el else......

----------------------------------------
x = 55.000000, y = 137.000000
avance = -65.000000, avanceR = 2.000000, avanceI = 2.000000
inc_x_r = 0.000000, inc_y_r = 1.000000, inc_x_i = 1.000000, inc_y_i = 1.000000
En el else......

----------------------------------------
x = 55.000000, y = 138.000000
avance = -63.000000, avanceR = 2.000000, avanceI = 2.000000
inc_x_r = 0.000000, inc_y_r = 1.000000, inc_x_i = 1.000000, inc_y_i = 1.000000
En el else......

----------------------------------------
x = 55.000000, y = 139.000000
avance = -61.000000, avanceR = 2.000000, avanceI = 2.000000
inc_x_r = 0.000000, inc_y_r = 1.000000, inc_x_i = 1.000000, inc_y_i = 1.000000
En el else......

----------------------------------------
x = 55.000000, y = 140.000000
avance = -59.000000, avanceR = 2.000000, avanceI = 2.000000
inc_x_r = 0.000000, inc_y_r = 1.000000, inc_x_i = 1.000000, inc_y_i = 1.000000
En el else......

----------------------------------------
x = 55.000000, y = 141.000000
avance = -57.000000, avanceR = 2.000000, avanceI = 2.000000
inc_x_r = 0.000000, inc_y_r = 1.000000, inc_x_i = 1.000000, inc_y_i = 1.000000
En el else......

----------------------------------------
x = 55.000000, y = 142.000000
avance = -55.000000, avanceR = 2.000000, avanceI = 2.000000
inc_x_r = 0.000000, inc_y_r = 1.000000, inc_x_i = 1.000000, inc_y_i = 1.000000
En el else......

----------------------------------------
x = 55.000000, y = 143.000000
avance = -53.000000, avanceR = 2.000000, avanceI = 2.000000
inc_x_r = 0.000000, inc_y_r = 1.000000, inc_x_i = 1.000000, inc_y_i = 1.000000
En el else......

----------------------------------------
x = 55.000000, y = 144.000000
avance = -51.000000, avanceR = 2.000000, avanceI = 2.000000
inc_x_r = 0.000000, inc_y_r = 1.000000, inc_x_i = 1.000000, inc_y_i = 1.000000
En el else......

----------------------------------------
x = 55.000000, y = 145.000000
avance = -49.000000, avanceR = 2.000000, avanceI = 2.000000
inc_x_r = 0.000000, inc_y_r = 1.000000, inc_x_i = 1.000000, inc_y_i = 1.000000
En el else......

----------------------------------------
x = 55.000000, y = 146.000000
avance = -47.000000, avanceR = 2.000000, avanceI = 2.000000
inc_x_r = 0.000000, inc_y_r = 1.000000, inc_x_i = 1.000000, inc_y_i = 1.000000
En el else......

----------------------------------------
x = 55.000000, y = 147.000000
avance = -45.000000, avanceR = 2.000000, avanceI = 2.000000
inc_x_r = 0.000000, inc_y_r = 1.000000, inc_x_i = 1.000000, inc_y_i = 1.000000
En el else......

----------------------------------------
x = 55.000000, y = 148.000000
avance = -43.000000, avanceR = 2.000000, avanceI = 2.000000
inc_x_r = 0.000000, inc_y_r = 1.000000, inc_x_i = 1.000000, inc_y_i = 1.000000
En el else......

----------------------------------------
x = 55.000000, y = 149.000000
avance = -41.000000, avanceR = 2.000000, avanceI = 2.000000
inc_x_r = 0.000000, inc_y_r = 1.000000, inc_x_i = 1.000000, inc_y_i = 1.000000
En el else......

----------------------------------------
x = 55.000000, y = 150.000000
avance = -39.000000, avanceR = 2.000000, avanceI = 2.000000
inc_x_r = 0.000000, inc_y_r = 1.000000, inc_x_i = 1.000000, inc_y_i = 1.000000
En el else......

----------------------------------------
x = 55.000000, y = 151.000000
avance = -37.000000, avanceR = 2.000000, avanceI = 2.000000
inc_x_r = 0.000000, inc_y_r = 1.000000, inc_x_i = 1.000000, inc_y_i = 1.000000
En el else......

----------------------------------------
x = 55.000000, y = 152.000000
avance = -35.000000, avanceR = 2.000000, avanceI = 2.000000
inc_x_r = 0.000000, inc_y_r = 1.000000, inc_x_i = 1.000000, inc_y_i = 1.000000
En el else......

----------------------------------------
x = 55.000000, y = 153.000000
avance = -33.000000, avanceR = 2.000000, avanceI = 2.000000
inc_x_r = 0.000000, inc_y_r = 1.000000, inc_x_i = 1.000000, inc_y_i = 1.000000
En el else......

----------------------------------------
x = 55.000000, y = 154.000000
avance = -31.000000, avanceR = 2.000000, avanceI = 2.000000
inc_x_r = 0.000000, inc_y_r = 1.000000, inc_x_i = 1.000000, inc_y_i = 1.000000
En el else......

----------------------------------------
x = 55.000000, y = 155.000000
avance = -29.000000, avanceR = 2.000000, avanceI = 2.000000
inc_x_r = 0.000000, inc_y_r = 1.000000, inc_x_i = 1.000000, inc_y_i = 1.000000
En el else......

----------------------------------------
x = 55.000000, y = 156.000000
avance = -27.000000, avanceR = 2.000000, avanceI = 2.000000
inc_x_r = 0.000000, inc_y_r = 1.000000, inc_x_i = 1.000000, inc_y_i = 1.000000
En el else......

----------------------------------------
x = 55.000000, y = 157.000000
avance = -25.000000, avanceR = 2.000000, avanceI = 2.000000
inc_x_r = 0.000000, inc_y_r = 1.000000, inc_x_i = 1.000000, inc_y_i = 1.000000
En el else......

----------------------------------------
x = 55.000000, y = 158.000000
avance = -23.000000, avanceR = 2.000000, avanceI = 2.000000
inc_x_r = 0.000000, inc_y_r = 1.000000, inc_x_i = 1.000000, inc_y_i = 1.000000
En el else......

----------------------------------------
x = 55.000000, y = 159.000000
avance = -21.000000, avanceR = 2.000000, avanceI = 2.000000
inc_x_r = 0.000000, inc_y_r = 1.000000, inc_x_i = 1.000000, inc_y_i = 1.000000
En el else......

----------------------------------------
x = 55.000000, y = 160.000000
avance = -19.000000, avanceR = 2.000000, avanceI = 2.000000
inc_x_r = 0.000000, inc_y_r = 1.000000, inc_x_i = 1.000000, inc_y_i = 1.000000
En el else......

----------------------------------------
x = 55.000000, y = 161.000000
avance = -17.000000, avanceR = 2.000000, avanceI = 2.000000
inc_x_r = 0.000000, inc_y_r = 1.000000, inc_x_i = 1.000000, inc_y_i = 1.000000
En el else......

----------------------------------------
x = 55.000000, y = 162.000000
avance = -15.000000, avanceR = 2.000000, avanceI = 2.000000
inc_x_r = 0.000000, inc_y_r = 1.000000, inc_x_i = 1.000000, inc_y_i = 1.000000
En el else......

----------------------------------------
x = 55.000000, y = 163.000000
avance = -13.000000, avanceR = 2.000000, avanceI = 2.000000
inc_x_r = 0.000000, inc_y_r = 1.000000, inc_x_i = 1.000000, inc_y_i = 1.000000
En el else......

----------------------------------------
x = 55.000000, y = 164.000000
avance = -11.000000, avanceR = 2.000000, avanceI = 2.000000
inc_x_r = 0.000000, inc_y_r = 1.000000, inc_x_i = 1.000000, inc_y_i = 1.000000
En el else......

----------------------------------------
x = 55.000000, y = 165.000000
avance = -9.000000, avanceR = 2.000000, avanceI = 2.000000
inc_x_r = 0.000000, inc_y_r = 1.000000, inc_x_i = 1.000000, inc_y_i = 1.000000
En el else......

----------------------------------------
x = 55.000000, y = 166.000000
avance = -7.000000, avanceR = 2.000000, avanceI = 2.000000
inc_x_r = 0.000000, inc_y_r = 1.000000, inc_x_i = 1.000000, inc_y_i = 1.000000
En el else......

----------------------------------------
x = 55.000000, y = 167.000000
avance = -5.000000, avanceR = 2.000000, avanceI = 2.000000
inc_x_r = 0.000000, inc_y_r = 1.000000, inc_x_i = 1.000000, inc_y_i = 1.000000
En el else......

----------------------------------------
x = 55.000000, y = 168.000000
avance = -3.000000, avanceR = 2.000000, avanceI = 2.000000
inc_x_r = 0.000000, inc_y_r = 1.000000, inc_x_i = 1.000000, inc_y_i = 1.000000
En el else......

----------------------------------------
x = 55.000000, y = 169.000000
avance = -1.000000, avanceR = 2.000000, avanceI = 2.000000
inc_x_r = 0.000000, inc_y_r = 1.000000, inc_x_i = 1.000000, inc_y_i = 1.000000
En el else......

----------------------------------------
x = 55.000000, y = 170.000000
avance = 1.000000, avanceR = 2.000000, avanceI = 2.000000
inc_x_r = 0.000000, inc_y_r = 1.000000, inc_x_i = 1.000000, inc_y_i = 1.000000
avance >= 0

----------------------------------------
x = 56.000000, y = 171.000000
avance = -499.000000, avanceR = 2.000000, avanceI = 2.000000
inc_x_r = 0.000000, inc_y_r = 1.000000, inc_x_i = 1.000000, inc_y_i = 1.000000
En el else......

----------------------------------------
x = 56.000000, y = 172.000000
avance = -497.000000, avanceR = 2.000000, avanceI = 2.000000
inc_x_r = 0.000000, inc_y_r = 1.000000, inc_x_i = 1.000000, inc_y_i = 1.000000
En el else......

----------------------------------------
x = 56.000000, y = 173.000000
avance = -495.000000, avanceR = 2.000000, avanceI = 2.000000
inc_x_r = 0.000000, inc_y_r = 1.000000, inc_x_i = 1.000000, inc_y_i = 1.000000
En el else......

----------------------------------------
x = 56.000000, y = 174.000000
avance = -493.000000, avanceR = 2.000000, avanceI = 2.000000
inc_x_r = 0.000000, inc_y_r = 1.000000, inc_x_i = 1.000000, inc_y_i = 1.000000
En el else......

----------------------------------------
x = 56.000000, y = 175.000000
avance = -491.000000, avanceR = 2.000000, avanceI = 2.000000
inc_x_r = 0.000000, inc_y_r = 1.000000, inc_x_i = 1.000000, inc_y_i = 1.000000
En el else......

----------------------------------------
x = 56.000000, y = 176.000000
avance = -489.000000, avanceR = 2.000000, avanceI = 2.000000
inc_x_r = 0.000000, inc_y_r = 1.000000, inc_x_i = 1.000000, inc_y_i = 1.000000
En el else......

----------------------------------------
x = 56.000000, y = 177.000000
avance = -487.000000, avanceR = 2.000000, avanceI = 2.000000
inc_x_r = 0.000000, inc_y_r = 1.000000, inc_x_i = 1.000000, inc_y_i = 1.000000
En el else......

----------------------------------------
x = 56.000000, y = 178.000000
avance = -485.000000, avanceR = 2.000000, avanceI = 2.000000
inc_x_r = 0.000000, inc_y_r = 1.000000, inc_x_i = 1.000000, inc_y_i = 1.000000
En el else......

----------------------------------------
x = 56.000000, y = 179.000000
avance = -483.000000, avanceR = 2.000000, avanceI = 2.000000
inc_x_r = 0.000000, inc_y_r = 1.000000, inc_x_i = 1.000000, inc_y_i = 1.000000
En el else......

----------------------------------------
x = 56.000000, y = 180.000000
avance = -481.000000, avanceR = 2.000000, avanceI = 2.000000
inc_x_r = 0.000000, inc_y_r = 1.000000, inc_x_i = 1.000000, inc_y_i = 1.000000
En el else......

----------------------------------------
x = 56.000000, y = 181.000000
avance = -479.000000, avanceR = 2.000000, avanceI = 2.000000
inc_x_r = 0.000000, inc_y_r = 1.000000, inc_x_i = 1.000000, inc_y_i = 1.000000
En el else......

----------------------------------------
x = 56.000000, y = 182.000000
avance = -477.000000, avanceR = 2.000000, avanceI = 2.000000
inc_x_r = 0.000000, inc_y_r = 1.000000, inc_x_i = 1.000000, inc_y_i = 1.000000
En el else......

----------------------------------------
x = 56.000000, y = 183.000000
avance = -475.000000, avanceR = 2.000000, avanceI = 2.000000
inc_x_r = 0.000000, inc_y_r = 1.000000, inc_x_i = 1.000000, inc_y_i = 1.000000
En el else......

----------------------------------------
x = 56.000000, y = 184.000000
avance = -473.000000, avanceR = 2.000000, avanceI = 2.000000
inc_x_r = 0.000000, inc_y_r = 1.000000, inc_x_i = 1.000000, inc_y_i = 1.000000
En el else......

----------------------------------------
x = 56.000000, y = 185.000000
avance = -471.000000, avanceR = 2.000000, avanceI = 2.000000
inc_x_r = 0.000000, inc_y_r = 1.000000, inc_x_i = 1.000000, inc_y_i = 1.000000
En el else......

----------------------------------------
x = 56.000000, y = 186.000000
avance = -469.000000, avanceR = 2.000000, avanceI = 2.000000
inc_x_r = 0.000000, inc_y_r = 1.000000, inc_x_i = 1.000000, inc_y_i = 1.000000
En el else......

----------------------------------------
x = 56.000000, y = 187.000000
avance = -467.000000, avanceR = 2.000000, avanceI = 2.000000
inc_x_r = 0.000000, inc_y_r = 1.000000, inc_x_i = 1.000000, inc_y_i = 1.000000
En el else......

----------------------------------------
x = 56.000000, y = 188.000000
avance = -465.000000, avanceR = 2.000000, avanceI = 2.000000
inc_x_r = 0.000000, inc_y_r = 1.000000, inc_x_i = 1.000000, inc_y_i = 1.000000
En el else......

----------------------------------------
x = 56.000000, y = 189.000000
avance = -463.000000, avanceR = 2.000000, avanceI = 2.000000
inc_x_r = 0.000000, inc_y_r = 1.000000, inc_x_i = 1.000000, inc_y_i = 1.000000
En el else......

----------------------------------------
x = 56.000000, y = 190.000000
avance = -461.000000, avanceR = 2.000000, avanceI = 2.000000
inc_x_r = 0.000000, inc_y_r = 1.000000, inc_x_i = 1.000000, inc_y_i = 1.000000
En el else......

----------------------------------------
x = 56.000000, y = 191.000000
avance = -459.000000, avanceR = 2.000000, avanceI = 2.000000
inc_x_r = 0.000000, inc_y_r = 1.000000, inc_x_i = 1.000000, inc_y_i = 1.000000
En el else......

----------------------------------------
x = 56.000000, y = 192.000000
avance = -457.000000, avanceR = 2.000000, avanceI = 2.000000
inc_x_r = 0.000000, inc_y_r = 1.000000, inc_x_i = 1.000000, inc_y_i = 1.000000
En el else......

----------------------------------------
x = 56.000000, y = 193.000000
avance = -455.000000, avanceR = 2.000000, avanceI = 2.000000
inc_x_r = 0.000000, inc_y_r = 1.000000, inc_x_i = 1.000000, inc_y_i = 1.000000
En el else......

----------------------------------------
x = 56.000000, y = 194.000000
avance = -453.000000, avanceR = 2.000000, avanceI = 2.000000
inc_x_r = 0.000000, inc_y_r = 1.000000, inc_x_i = 1.000000, inc_y_i = 1.000000
En el else......

----------------------------------------
x = 56.000000, y = 195.000000
avance = -451.000000, avanceR = 2.000000, avanceI = 2.000000
inc_x_r = 0.000000, inc_y_r = 1.000000, inc_x_i = 1.000000, inc_y_i = 1.000000
En el else......

----------------------------------------
x = 56.000000, y = 196.000000
avance = -449.000000, avanceR = 2.000000, avanceI = 2.000000
inc_x_r = 0.000000, inc_y_r = 1.000000, inc_x_i = 1.000000, inc_y_i = 1.000000
En el else......

----------------------------------------
x = 56.000000, y = 197.000000
avance = -447.000000, avanceR = 2.000000, avanceI = 2.000000
inc_x_r = 0.000000, inc_y_r = 1.000000, inc_x_i = 1.000000, inc_y_i = 1.000000
En el else......

----------------------------------------
x = 56.000000, y = 198.000000
avance = -445.000000, avanceR = 2.000000, avanceI = 2.000000
inc_x_r = 0.000000, inc_y_r = 1.000000, inc_x_i = 1.000000, inc_y_i = 1.000000
En el else......

----------------------------------------
x = 56.000000, y = 199.000000
avance = -443.000000, avanceR = 2.000000, avanceI = 2.000000
inc_x_r = 0.000000, inc_y_r = 1.000000, inc_x_i = 1.000000, inc_y_i = 1.000000
En el else......

----------------------------------------
x = 56.000000, y = 200.000000
avance = -441.000000, avanceR = 2.000000, avanceI = 2.000000
inc_x_r = 0.000000, inc_y_r = 1.000000, inc_x_i = 1.000000, inc_y_i = 1.000000
En el else......

----------------------------------------
x = 56.000000, y = 201.000000
avance = -439.000000, avanceR = 2.000000, avanceI = 2.000000
inc_x_r = 0.000000, inc_y_r = 1.000000, inc_x_i = 1.000000, inc_y_i = 1.000000
En el else......

----------------------------------------
x = 56.000000, y = 202.000000
avance = -437.000000, avanceR = 2.000000, avanceI = 2.000000
inc_x_r = 0.000000, inc_y_r = 1.000000, inc_x_i = 1.000000, inc_y_i = 1.000000
En el else......

----------------------------------------
x = 56.000000, y = 203.000000
avance = -435.000000, avanceR = 2.000000, avanceI = 2.000000
inc_x_r = 0.000000, inc_y_r = 1.000000, inc_x_i = 1.000000, inc_y_i = 1.000000
En el else......

----------------------------------------
x = 56.000000, y = 204.000000
avance = -433.000000, avanceR = 2.000000, avanceI = 2.000000
inc_x_r = 0.000000, inc_y_r = 1.000000, inc_x_i = 1.000000, inc_y_i = 1.000000
En el else......

----------------------------------------
x = 56.000000, y = 205.000000
avance = -431.000000, avanceR = 2.000000, avanceI = 2.000000
inc_x_r = 0.000000, inc_y_r = 1.000000, inc_x_i = 1.000000, inc_y_i = 1.000000
En el else......

----------------------------------------
x = 56.000000, y = 206.000000
avance = -429.000000, avanceR = 2.000000, avanceI = 2.000000
inc_x_r = 0.000000, inc_y_r = 1.000000, inc_x_i = 1.000000, inc_y_i = 1.000000
En el else......

----------------------------------------
x = 56.000000, y = 207.000000
avance = -427.000000, avanceR = 2.000000, avanceI = 2.000000
inc_x_r = 0.000000, inc_y_r = 1.000000, inc_x_i = 1.000000, inc_y_i = 1.000000
En el else......

----------------------------------------
x = 56.000000, y = 208.000000
avance = -425.000000, avanceR = 2.000000, avanceI = 2.000000
inc_x_r = 0.000000, inc_y_r = 1.000000, inc_x_i = 1.000000, inc_y_i = 1.000000
En el else......

----------------------------------------
x = 56.000000, y = 209.000000
avance = -423.000000, avanceR = 2.000000, avanceI = 2.000000
inc_x_r = 0.000000, inc_y_r = 1.000000, inc_x_i = 1.000000, inc_y_i = 1.000000
En el else......

----------------------------------------
x = 56.000000, y = 210.000000
avance = -421.000000, avanceR = 2.000000, avanceI = 2.000000
inc_x_r = 0.000000, inc_y_r = 1.000000, inc_x_i = 1.000000, inc_y_i = 1.000000
En el else......

----------------------------------------
x = 56.000000, y = 211.000000
avance = -419.000000, avanceR = 2.000000, avanceI = 2.000000
inc_x_r = 0.000000, inc_y_r = 1.000000, inc_x_i = 1.000000, inc_y_i = 1.000000
En el else......

----------------------------------------
x = 56.000000, y = 212.000000
avance = -417.000000, avanceR = 2.000000, avanceI = 2.000000
inc_x_r = 0.000000, inc_y_r = 1.000000, inc_x_i = 1.000000, inc_y_i = 1.000000
En el else......

----------------------------------------
x = 56.000000, y = 213.000000
avance = -415.000000, avanceR = 2.000000, avanceI = 2.000000
inc_x_r = 0.000000, inc_y_r = 1.000000, inc_x_i = 1.000000, inc_y_i = 1.000000
En el else......

----------------------------------------
x = 56.000000, y = 214.000000
avance = -413.000000, avanceR = 2.000000, avanceI = 2.000000
inc_x_r = 0.000000, inc_y_r = 1.000000, inc_x_i = 1.000000, inc_y_i = 1.000000
En el else......

----------------------------------------
x = 56.000000, y = 215.000000
avance = -411.000000, avanceR = 2.000000, avanceI = 2.000000
inc_x_r = 0.000000, inc_y_r = 1.000000, inc_x_i = 1.000000, inc_y_i = 1.000000
En el else......

----------------------------------------
x = 56.000000, y = 216.000000
avance = -409.000000, avanceR = 2.000000, avanceI = 2.000000
inc_x_r = 0.000000, inc_y_r = 1.000000, inc_x_i = 1.000000, inc_y_i = 1.000000
En el else......

----------------------------------------
x = 56.000000, y = 217.000000
avance = -407.000000, avanceR = 2.000000, avanceI = 2.000000
inc_x_r = 0.000000, inc_y_r = 1.000000, inc_x_i = 1.000000, inc_y_i = 1.000000
En el else......

----------------------------------------
x = 56.000000, y = 218.000000
avance = -405.000000, avanceR = 2.000000, avanceI = 2.000000
inc_x_r = 0.000000, inc_y_r = 1.000000, inc_x_i = 1.000000, inc_y_i = 1.000000
En el else......

----------------------------------------
x = 56.000000, y = 219.000000
avance = -403.000000, avanceR = 2.000000, avanceI = 2.000000
inc_x_r = 0.000000, inc_y_r = 1.000000, inc_x_i = 1.000000, inc_y_i = 1.000000
En el else......

----------------------------------------
x = 56.000000, y = 220.000000
avance = -401.000000, avanceR = 2.000000, avanceI = 2.000000
inc_x_r = 0.000000, inc_y_r = 1.000000, inc_x_i = 1.000000, inc_y_i = 1.000000
En el else......

----------------------------------------
x = 56.000000, y = 221.000000
avance = -399.000000, avanceR = 2.000000, avanceI = 2.000000
inc_x_r = 0.000000, inc_y_r = 1.000000, inc_x_i = 1.000000, inc_y_i = 1.000000
En el else......

----------------------------------------
x = 56.000000, y = 222.000000
avance = -397.000000, avanceR = 2.000000, avanceI = 2.000000
inc_x_r = 0.000000, inc_y_r = 1.000000, inc_x_i = 1.000000, inc_y_i = 1.000000
En el else......

----------------------------------------
x = 56.000000, y = 223.000000
avance = -395.000000, avanceR = 2.000000, avanceI = 2.000000
inc_x_r = 0.000000, inc_y_r = 1.000000, inc_x_i = 1.000000, inc_y_i = 1.000000
En el else......

----------------------------------------
x = 56.000000, y = 224.000000
avance = -393.000000, avanceR = 2.000000, avanceI = 2.000000
inc_x_r = 0.000000, inc_y_r = 1.000000, inc_x_i = 1.000000, inc_y_i = 1.000000
En el else......

----------------------------------------
x = 56.000000, y = 225.000000
avance = -391.000000, avanceR = 2.000000, avanceI = 2.000000
inc_x_r = 0.000000, inc_y_r = 1.000000, inc_x_i = 1.000000, inc_y_i = 1.000000
En el else......

----------------------------------------
x = 56.000000, y = 226.000000
avance = -389.000000, avanceR = 2.000000, avanceI = 2.000000
inc_x_r = 0.000000, inc_y_r = 1.000000, inc_x_i = 1.000000, inc_y_i = 1.000000
En el else......

----------------------------------------
x = 56.000000, y = 227.000000
avance = -387.000000, avanceR = 2.000000, avanceI = 2.000000
inc_x_r = 0.000000, inc_y_r = 1.000000, inc_x_i = 1.000000, inc_y_i = 1.000000
En el else......

----------------------------------------
x = 56.000000, y = 228.000000
avance = -385.000000, avanceR = 2.000000, avanceI = 2.000000
inc_x_r = 0.000000, inc_y_r = 1.000000, inc_x_i = 1.000000, inc_y_i = 1.000000
En el else......

----------------------------------------
x = 56.000000, y = 229.000000
avance = -383.000000, avanceR = 2.000000, avanceI = 2.000000
inc_x_r = 0.000000, inc_y_r = 1.000000, inc_x_i = 1.000000, inc_y_i = 1.000000
En el else......

----------------------------------------
x = 56.000000, y = 230.000000
avance = -381.000000, avanceR = 2.000000, avanceI = 2.000000
inc_x_r = 0.000000, inc_y_r = 1.000000, inc_x_i = 1.000000, inc_y_i = 1.000000
En el else......

----------------------------------------
x = 56.000000, y = 231.000000
avance = -379.000000, avanceR = 2.000000, avanceI = 2.000000
inc_x_r = 0.000000, inc_y_r = 1.000000, inc_x_i = 1.000000, inc_y_i = 1.000000
En el else......

----------------------------------------
x = 56.000000, y = 232.000000
avance = -377.000000, avanceR = 2.000000, avanceI = 2.000000
inc_x_r = 0.000000, inc_y_r = 1.000000, inc_x_i = 1.000000, inc_y_i = 1.000000
En el else......

----------------------------------------
x = 56.000000, y = 233.000000
avance = -375.000000, avanceR = 2.000000, avanceI = 2.000000
inc_x_r = 0.000000, inc_y_r = 1.000000, inc_x_i = 1.000000, inc_y_i = 1.000000
En el else......

----------------------------------------
x = 56.000000, y = 234.000000
avance = -373.000000, avanceR = 2.000000, avanceI = 2.000000
inc_x_r = 0.000000, inc_y_r = 1.000000, inc_x_i = 1.000000, inc_y_i = 1.000000
En el else......

----------------------------------------
x = 56.000000, y = 235.000000
avance = -371.000000, avanceR = 2.000000, avanceI = 2.000000
inc_x_r = 0.000000, inc_y_r = 1.000000, inc_x_i = 1.000000, inc_y_i = 1.000000
En el else......

----------------------------------------
x = 56.000000, y = 236.000000
avance = -369.000000, avanceR = 2.000000, avanceI = 2.000000
inc_x_r = 0.000000, inc_y_r = 1.000000, inc_x_i = 1.000000, inc_y_i = 1.000000
En el else......

----------------------------------------
x = 56.000000, y = 237.000000
avance = -367.000000, avanceR = 2.000000, avanceI = 2.000000
inc_x_r = 0.000000, inc_y_r = 1.000000, inc_x_i = 1.000000, inc_y_i = 1.000000
En el else......

----------------------------------------
x = 56.000000, y = 238.000000
avance = -365.000000, avanceR = 2.000000, avanceI = 2.000000
inc_x_r = 0.000000, inc_y_r = 1.000000, inc_x_i = 1.000000, inc_y_i = 1.000000
En el else......

----------------------------------------
x = 56.000000, y = 239.000000
avance = -363.000000, avanceR = 2.000000, avanceI = 2.000000
inc_x_r = 0.000000, inc_y_r = 1.000000, inc_x_i = 1.000000, inc_y_i = 1.000000
En el else......

----------------------------------------
x = 56.000000, y = 240.000000
avance = -361.000000, avanceR = 2.000000, avanceI = 2.000000
inc_x_r = 0.000000, inc_y_r = 1.000000, inc_x_i = 1.000000, inc_y_i = 1.000000
En el else......

----------------------------------------
x = 56.000000, y = 241.000000
avance = -359.000000, avanceR = 2.000000, avanceI = 2.000000
inc_x_r = 0.000000, inc_y_r = 1.000000, inc_x_i = 1.000000, inc_y_i = 1.000000
En el else......

----------------------------------------
x = 56.000000, y = 242.000000
avance = -357.000000, avanceR = 2.000000, avanceI = 2.000000
inc_x_r = 0.000000, inc_y_r = 1.000000, inc_x_i = 1.000000, inc_y_i = 1.000000
En el else......

----------------------------------------
x = 56.000000, y = 243.000000
avance = -355.000000, avanceR = 2.000000, avanceI = 2.000000
inc_x_r = 0.000000, inc_y_r = 1.000000, inc_x_i = 1.000000, inc_y_i = 1.000000
En el else......

----------------------------------------
x = 56.000000, y = 244.000000
avance = -353.000000, avanceR = 2.000000, avanceI = 2.000000
inc_x_r = 0.000000, inc_y_r = 1.000000, inc_x_i = 1.000000, inc_y_i = 1.000000
En el else......

----------------------------------------
x = 56.000000, y = 245.000000
avance = -351.000000, avanceR = 2.000000, avanceI = 2.000000
inc_x_r = 0.000000, inc_y_r = 1.000000, inc_x_i = 1.000000, inc_y_i = 1.000000
En el else......

----------------------------------------
x = 56.000000, y = 246.000000
avance = -349.000000, avanceR = 2.000000, avanceI = 2.000000
inc_x_r = 0.000000, inc_y_r = 1.000000, inc_x_i = 1.000000, inc_y_i = 1.000000
En el else......

----------------------------------------
x = 56.000000, y = 247.000000
avance = -347.000000, avanceR = 2.000000, avanceI = 2.000000
inc_x_r = 0.000000, inc_y_r = 1.000000, inc_x_i = 1.000000, inc_y_i = 1.000000
En el else......

----------------------------------------
x = 56.000000, y = 248.000000
avance = -345.000000, avanceR = 2.000000, avanceI = 2.000000
inc_x_r = 0.000000, inc_y_r = 1.000000, inc_x_i = 1.000000, inc_y_i = 1.000000
En el else......

----------------------------------------
x = 56.000000, y = 249.000000
avance = -343.000000, avanceR = 2.000000, avanceI = 2.000000
inc_x_r = 0.000000, inc_y_r = 1.000000, inc_x_i = 1.000000, inc_y_i = 1.000000
En el else......

----------------------------------------
x = 56.000000, y = 250.000000
avance = -341.000000, avanceR = 2.000000, avanceI = 2.000000
inc_x_r = 0.000000, inc_y_r = 1.000000, inc_x_i = 1.000000, inc_y_i = 1.000000
En el else......

----------------------------------------
x = 56.000000, y = 251.000000
avance = -339.000000, avanceR = 2.000000, avanceI = 2.000000
inc_x_r = 0.000000, inc_y_r = 1.000000, inc_x_i = 1.000000, inc_y_i = 1.000000
En el else......

----------------------------------------
x = 56.000000, y = 252.000000
avance = -337.000000, avanceR = 2.000000, avanceI = 2.000000
inc_x_r = 0.000000, inc_y_r = 1.000000, inc_x_i = 1.000000, inc_y_i = 1.000000
En el else......

----------------------------------------
x = 56.000000, y = 253.000000
avance = -335.000000, avanceR = 2.000000, avanceI = 2.000000
inc_x_r = 0.000000, inc_y_r = 1.000000, inc_x_i = 1.000000, inc_y_i = 1.000000
En el else......

----------------------------------------
x = 56.000000, y = 254.000000
avance = -333.000000, avanceR = 2.000000, avanceI = 2.000000
inc_x_r = 0.000000, inc_y_r = 1.000000, inc_x_i = 1.000000, inc_y_i = 1.000000
En el else......

----------------------------------------
x = 56.000000, y = 255.000000
avance = -331.000000, avanceR = 2.000000, avanceI = 2.000000
inc_x_r = 0.000000, inc_y_r = 1.000000, inc_x_i = 1.000000, inc_y_i = 1.000000
En el else......

----------------------------------------
x = 56.000000, y = 256.000000
avance = -329.000000, avanceR = 2.000000, avanceI = 2.000000
inc_x_r = 0.000000, inc_y_r = 1.000000, inc_x_i = 1.000000, inc_y_i = 1.000000
En el else......

----------------------------------------
x = 56.000000, y = 257.000000
avance = -327.000000, avanceR = 2.000000, avanceI = 2.000000
inc_x_r = 0.000000, inc_y_r = 1.000000, inc_x_i = 1.000000, inc_y_i = 1.000000
En el else......

----------------------------------------
x = 56.000000, y = 258.000000
avance = -325.000000, avanceR = 2.000000, avanceI = 2.000000
inc_x_r = 0.000000, inc_y_r = 1.000000, inc_x_i = 1.000000, inc_y_i = 1.000000
En el else......

----------------------------------------
x = 56.000000, y = 259.000000
avance = -323.000000, avanceR = 2.000000, avanceI = 2.000000
inc_x_r = 0.000000, inc_y_r = 1.000000, inc_x_i = 1.000000, inc_y_i = 1.000000
En el else......

----------------------------------------
x = 56.000000, y = 260.000000
avance = -321.000000, avanceR = 2.000000, avanceI = 2.000000
inc_x_r = 0.000000, inc_y_r = 1.000000, inc_x_i = 1.000000, inc_y_i = 1.000000
En el else......

----------------------------------------
x = 56.000000, y = 261.000000
avance = -319.000000, avanceR = 2.000000, avanceI = 2.000000
inc_x_r = 0.000000, inc_y_r = 1.000000, inc_x_i = 1.000000, inc_y_i = 1.000000
En el else......

----------------------------------------
x = 56.000000, y = 262.000000
avance = -317.000000, avanceR = 2.000000, avanceI = 2.000000
inc_x_r = 0.000000, inc_y_r = 1.000000, inc_x_i = 1.000000, inc_y_i = 1.000000
En el else......

----------------------------------------
x = 56.000000, y = 263.000000
avance = -315.000000, avanceR = 2.000000, avanceI = 2.000000
inc_x_r = 0.000000, inc_y_r = 1.000000, inc_x_i = 1.000000, inc_y_i = 1.000000
En el else......

----------------------------------------
x = 56.000000, y = 264.000000
avance = -313.000000, avanceR = 2.000000, avanceI = 2.000000
inc_x_r = 0.000000, inc_y_r = 1.000000, inc_x_i = 1.000000, inc_y_i = 1.000000
En el else......

----------------------------------------
x = 56.000000, y = 265.000000
avance = -311.000000, avanceR = 2.000000, avanceI = 2.000000
inc_x_r = 0.000000, inc_y_r = 1.000000, inc_x_i = 1.000000, inc_y_i = 1.000000
En el else......

----------------------------------------
x = 56.000000, y = 266.000000
avance = -309.000000, avanceR = 2.000000, avanceI = 2.000000
inc_x_r = 0.000000, inc_y_r = 1.000000, inc_x_i = 1.000000, inc_y_i = 1.000000
En el else......

----------------------------------------
x = 56.000000, y = 267.000000
avance = -307.000000, avanceR = 2.000000, avanceI = 2.000000
inc_x_r = 0.000000, inc_y_r = 1.000000, inc_x_i = 1.000000, inc_y_i = 1.000000
En el else......

----------------------------------------
x = 56.000000, y = 268.000000
avance = -305.000000, avanceR = 2.000000, avanceI = 2.000000
inc_x_r = 0.000000, inc_y_r = 1.000000, inc_x_i = 1.000000, inc_y_i = 1.000000
En el else......

----------------------------------------
x = 56.000000, y = 269.000000
avance = -303.000000, avanceR = 2.000000, avanceI = 2.000000
inc_x_r = 0.000000, inc_y_r = 1.000000, inc_x_i = 1.000000, inc_y_i = 1.000000
En el else......

----------------------------------------
x = 56.000000, y = 270.000000
avance = -301.000000, avanceR = 2.000000, avanceI = 2.000000
inc_x_r = 0.000000, inc_y_r = 1.000000, inc_x_i = 1.000000, inc_y_i = 1.000000
En el else......

----------------------------------------
x = 56.000000, y = 271.000000
avance = -299.000000, avanceR = 2.000000, avanceI = 2.000000
inc_x_r = 0.000000, inc_y_r = 1.000000, inc_x_i = 1.000000, inc_y_i = 1.000000
En el else......

----------------------------------------
x = 56.000000, y = 272.000000
avance = -297.000000, avanceR = 2.000000, avanceI = 2.000000
inc_x_r = 0.000000, inc_y_r = 1.000000, inc_x_i = 1.000000, inc_y_i = 1.000000
En el else......

----------------------------------------
x = 56.000000, y = 273.000000
avance = -295.000000, avanceR = 2.000000, avanceI = 2.000000
inc_x_r = 0.000000, inc_y_r = 1.000000, inc_x_i = 1.000000, inc_y_i = 1.000000
En el else......

----------------------------------------
x = 56.000000, y = 274.000000
avance = -293.000000, avanceR = 2.000000, avanceI = 2.000000
inc_x_r = 0.000000, inc_y_r = 1.000000, inc_x_i = 1.000000, inc_y_i = 1.000000
En el else......

----------------------------------------
x = 56.000000, y = 275.000000
avance = -291.000000, avanceR = 2.000000, avanceI = 2.000000
inc_x_r = 0.000000, inc_y_r = 1.000000, inc_x_i = 1.000000, inc_y_i = 1.000000
En el else......

----------------------------------------
x = 56.000000, y = 276.000000
avance = -289.000000, avanceR = 2.000000, avanceI = 2.000000
inc_x_r = 0.000000, inc_y_r = 1.000000, inc_x_i = 1.000000, inc_y_i = 1.000000
En el else......

----------------------------------------
x = 56.000000, y = 277.000000
avance = -287.000000, avanceR = 2.000000, avanceI = 2.000000
inc_x_r = 0.000000, inc_y_r = 1.000000, inc_x_i = 1.000000, inc_y_i = 1.000000
En el else......

----------------------------------------
x = 56.000000, y = 278.000000
avance = -285.000000, avanceR = 2.000000, avanceI = 2.000000
inc_x_r = 0.000000, inc_y_r = 1.000000, inc_x_i = 1.000000, inc_y_i = 1.000000
En el else......

----------------------------------------
x = 56.000000, y = 279.000000
avance = -283.000000, avanceR = 2.000000, avanceI = 2.000000
inc_x_r = 0.000000, inc_y_r = 1.000000, inc_x_i = 1.000000, inc_y_i = 1.000000
En el else......

----------------------------------------
x = 56.000000, y = 280.000000
avance = -281.000000, avanceR = 2.000000, avanceI = 2.000000
inc_x_r = 0.000000, inc_y_r = 1.000000, inc_x_i = 1.000000, inc_y_i = 1.000000
En el else......

----------------------------------------
x = 56.000000, y = 281.000000
avance = -279.000000, avanceR = 2.000000, avanceI = 2.000000
inc_x_r = 0.000000, inc_y_r = 1.000000, inc_x_i = 1.000000, inc_y_i = 1.000000
En el else......

----------------------------------------
x = 56.000000, y = 282.000000
avance = -277.000000, avanceR = 2.000000, avanceI = 2.000000
inc_x_r = 0.000000, inc_y_r = 1.000000, inc_x_i = 1.000000, inc_y_i = 1.000000
En el else......

----------------------------------------
x = 56.000000, y = 283.000000
avance = -275.000000, avanceR = 2.000000, avanceI = 2.000000
inc_x_r = 0.000000, inc_y_r = 1.000000, inc_x_i = 1.000000, inc_y_i = 1.000000
En el else......

----------------------------------------
x = 56.000000, y = 284.000000
avance = -273.000000, avanceR = 2.000000, avanceI = 2.000000
inc_x_r = 0.000000, inc_y_r = 1.000000, inc_x_i = 1.000000, inc_y_i = 1.000000
En el else......

----------------------------------------
x = 56.000000, y = 285.000000
avance = -271.000000, avanceR = 2.000000, avanceI = 2.000000
inc_x_r = 0.000000, inc_y_r = 1.000000, inc_x_i = 1.000000, inc_y_i = 1.000000
En el else......

----------------------------------------
x = 56.000000, y = 286.000000
avance = -269.000000, avanceR = 2.000000, avanceI = 2.000000
inc_x_r = 0.000000, inc_y_r = 1.000000, inc_x_i = 1.000000, inc_y_i = 1.000000
En el else......

----------------------------------------
x = 56.000000, y = 287.000000
avance = -267.000000, avanceR = 2.000000, avanceI = 2.000000
inc_x_r = 0.000000, inc_y_r = 1.000000, inc_x_i = 1.000000, inc_y_i = 1.000000
En el else......

----------------------------------------
x = 56.000000, y = 288.000000
avance = -265.000000, avanceR = 2.000000, avanceI = 2.000000
inc_x_r = 0.000000, inc_y_r = 1.000000, inc_x_i = 1.000000, inc_y_i = 1.000000
En el else......

----------------------------------------
x = 56.000000, y = 289.000000
avance = -263.000000, avanceR = 2.000000, avanceI = 2.000000
inc_x_r = 0.000000, inc_y_r = 1.000000, inc_x_i = 1.000000, inc_y_i = 1.000000
En el else......

----------------------------------------
x = 56.000000, y = 290.000000
avance = -261.000000, avanceR = 2.000000, avanceI = 2.000000
inc_x_r = 0.000000, inc_y_r = 1.000000, inc_x_i = 1.000000, inc_y_i = 1.000000
En el else......

----------------------------------------
x = 56.000000, y = 291.000000
avance = -259.000000, avanceR = 2.000000, avanceI = 2.000000
inc_x_r = 0.000000, inc_y_r = 1.000000, inc_x_i = 1.000000, inc_y_i = 1.000000
En el else......

----------------------------------------
x = 56.000000, y = 292.000000
avance = -257.000000, avanceR = 2.000000, avanceI = 2.000000
inc_x_r = 0.000000, inc_y_r = 1.000000, inc_x_i = 1.000000, inc_y_i = 1.000000
En el else......

----------------------------------------
x = 56.000000, y = 293.000000
avance = -255.000000, avanceR = 2.000000, avanceI = 2.000000
inc_x_r = 0.000000, inc_y_r = 1.000000, inc_x_i = 1.000000, inc_y_i = 1.000000
En el else......

----------------------------------------
x = 56.000000, y = 294.000000
avance = -253.000000, avanceR = 2.000000, avanceI = 2.000000
inc_x_r = 0.000000, inc_y_r = 1.000000, inc_x_i = 1.000000, inc_y_i = 1.000000
En el else......

----------------------------------------
x = 56.000000, y = 295.000000
avance = -251.000000, avanceR = 2.000000, avanceI = 2.000000
inc_x_r = 0.000000, inc_y_r = 1.000000, inc_x_i = 1.000000, inc_y_i = 1.000000
En el else......

----------------------------------------


ENTRAMOS A BRESENHAMªªªª
x1 = 55.000000 - y1 = 35.000000 || x2 = 56.000000 - y2 = 286.000000
dy = 251.000000, dx = 1.000000
avances inclinados: inc_x_i = 1.000000, inc_y_i = 1.000000
updated: dy = 251.000000, dx = 1.000000
avances rectos: inc_x_r = 0.000000, inc_y_r 1.000000
reupdated: dy = 1.000000, dx = 251.000000
avanceR = 2.000000, avance -249.000000, avanceI 2.000000
----------------------------------------
x = 55.000000, y = 35.000000
avance = -249.000000, avanceR = 2.000000, avanceI = 2.000000
inc_x_r = 0.000000, inc_y_r = 1.000000, inc_x_i = 1.000000, inc_y_i = 1.000000
En el else......

----------------------------------------
x = 55.000000, y = 36.000000
avance = -247.000000, avanceR = 2.000000, avanceI = 2.000000
inc_x_r = 0.000000, inc_y_r = 1.000000, inc_x_i = 1.000000, inc_y_i = 1.000000
En el else......

----------------------------------------
x = 55.000000, y = 37.000000
avance = -245.000000, avanceR = 2.000000, avanceI = 2.000000
inc_x_r = 0.000000, inc_y_r = 1.000000, inc_x_i = 1.000000, inc_y_i = 1.000000
En el else......

----------------------------------------
x = 55.000000, y = 38.000000
avance = -243.000000, avanceR = 2.000000, avanceI = 2.000000
inc_x_r = 0.000000, inc_y_r = 1.000000, inc_x_i = 1.000000, inc_y_i = 1.000000
En el else......

----------------------------------------
x = 55.000000, y = 39.000000
avance = -241.000000, avanceR = 2.000000, avanceI = 2.000000
inc_x_r = 0.000000, inc_y_r = 1.000000, inc_x_i = 1.000000, inc_y_i = 1.000000
En el else......

----------------------------------------
x = 55.000000, y = 40.000000
avance = -239.000000, avanceR = 2.000000, avanceI = 2.000000
inc_x_r = 0.000000, inc_y_r = 1.000000, inc_x_i = 1.000000, inc_y_i = 1.000000
En el else......

----------------------------------------
x = 55.000000, y = 41.000000
avance = -237.000000, avanceR = 2.000000, avanceI = 2.000000
inc_x_r = 0.000000, inc_y_r = 1.000000, inc_x_i = 1.000000, inc_y_i = 1.000000
En el else......

----------------------------------------
x = 55.000000, y = 42.000000
avance = -235.000000, avanceR = 2.000000, avanceI = 2.000000
inc_x_r = 0.000000, inc_y_r = 1.000000, inc_x_i = 1.000000, inc_y_i = 1.000000
En el else......

----------------------------------------
x = 55.000000, y = 43.000000
avance = -233.000000, avanceR = 2.000000, avanceI = 2.000000
inc_x_r = 0.000000, inc_y_r = 1.000000, inc_x_i = 1.000000, inc_y_i = 1.000000
En el else......

----------------------------------------
x = 55.000000, y = 44.000000
avance = -231.000000, avanceR = 2.000000, avanceI = 2.000000
inc_x_r = 0.000000, inc_y_r = 1.000000, inc_x_i = 1.000000, inc_y_i = 1.000000
En el else......

----------------------------------------
x = 55.000000, y = 45.000000
avance = -229.000000, avanceR = 2.000000, avanceI = 2.000000
inc_x_r = 0.000000, inc_y_r = 1.000000, inc_x_i = 1.000000, inc_y_i = 1.000000
En el else......

----------------------------------------
x = 55.000000, y = 46.000000
avance = -227.000000, avanceR = 2.000000, avanceI = 2.000000
inc_x_r = 0.000000, inc_y_r = 1.000000, inc_x_i = 1.000000, inc_y_i = 1.000000
En el else......

----------------------------------------
x = 55.000000, y = 47.000000
avance = -225.000000, avanceR = 2.000000, avanceI = 2.000000
inc_x_r = 0.000000, inc_y_r = 1.000000, inc_x_i = 1.000000, inc_y_i = 1.000000
En el else......

----------------------------------------
x = 55.000000, y = 48.000000
avance = -223.000000, avanceR = 2.000000, avanceI = 2.000000
inc_x_r = 0.000000, inc_y_r = 1.000000, inc_x_i = 1.000000, inc_y_i = 1.000000
En el else......

----------------------------------------
x = 55.000000, y = 49.000000
avance = -221.000000, avanceR = 2.000000, avanceI = 2.000000
inc_x_r = 0.000000, inc_y_r = 1.000000, inc_x_i = 1.000000, inc_y_i = 1.000000
En el else......

----------------------------------------
x = 55.000000, y = 50.000000
avance = -219.000000, avanceR = 2.000000, avanceI = 2.000000
inc_x_r = 0.000000, inc_y_r = 1.000000, inc_x_i = 1.000000, inc_y_i = 1.000000
En el else......

----------------------------------------
x = 55.000000, y = 51.000000
avance = -217.000000, avanceR = 2.000000, avanceI = 2.000000
inc_x_r = 0.000000, inc_y_r = 1.000000, inc_x_i = 1.000000, inc_y_i = 1.000000
En el else......

----------------------------------------
x = 55.000000, y = 52.000000
avance = -215.000000, avanceR = 2.000000, avanceI = 2.000000
inc_x_r = 0.000000, inc_y_r = 1.000000, inc_x_i = 1.000000, inc_y_i = 1.000000
En el else......

----------------------------------------
x = 55.000000, y = 53.000000
avance = -213.000000, avanceR = 2.000000, avanceI = 2.000000
inc_x_r = 0.000000, inc_y_r = 1.000000, inc_x_i = 1.000000, inc_y_i = 1.000000
En el else......

----------------------------------------
x = 55.000000, y = 54.000000
avance = -211.000000, avanceR = 2.000000, avanceI = 2.000000
inc_x_r = 0.000000, inc_y_r = 1.000000, inc_x_i = 1.000000, inc_y_i = 1.000000
En el else......

----------------------------------------
x = 55.000000, y = 55.000000
avance = -209.000000, avanceR = 2.000000, avanceI = 2.000000
inc_x_r = 0.000000, inc_y_r = 1.000000, inc_x_i = 1.000000, inc_y_i = 1.000000
En el else......

----------------------------------------
x = 55.000000, y = 56.000000
avance = -207.000000, avanceR = 2.000000, avanceI = 2.000000
inc_x_r = 0.000000, inc_y_r = 1.000000, inc_x_i = 1.000000, inc_y_i = 1.000000
En el else......

----------------------------------------
x = 55.000000, y = 57.000000
avance = -205.000000, avanceR = 2.000000, avanceI = 2.000000
inc_x_r = 0.000000, inc_y_r = 1.000000, inc_x_i = 1.000000, inc_y_i = 1.000000
En el else......

----------------------------------------
x = 55.000000, y = 58.000000
avance = -203.000000, avanceR = 2.000000, avanceI = 2.000000
inc_x_r = 0.000000, inc_y_r = 1.000000, inc_x_i = 1.000000, inc_y_i = 1.000000
En el else......

----------------------------------------
x = 55.000000, y = 59.000000
avance = -201.000000, avanceR = 2.000000, avanceI = 2.000000
inc_x_r = 0.000000, inc_y_r = 1.000000, inc_x_i = 1.000000, inc_y_i = 1.000000
En el else......

----------------------------------------
x = 55.000000, y = 60.000000
avance = -199.000000, avanceR = 2.000000, avanceI = 2.000000
inc_x_r = 0.000000, inc_y_r = 1.000000, inc_x_i = 1.000000, inc_y_i = 1.000000
En el else......

----------------------------------------
x = 55.000000, y = 61.000000
avance = -197.000000, avanceR = 2.000000, avanceI = 2.000000
inc_x_r = 0.000000, inc_y_r = 1.000000, inc_x_i = 1.000000, inc_y_i = 1.000000
En el else......

----------------------------------------
x = 55.000000, y = 62.000000
avance = -195.000000, avanceR = 2.000000, avanceI = 2.000000
inc_x_r = 0.000000, inc_y_r = 1.000000, inc_x_i = 1.000000, inc_y_i = 1.000000
En el else......

----------------------------------------
x = 55.000000, y = 63.000000
avance = -193.000000, avanceR = 2.000000, avanceI = 2.000000
inc_x_r = 0.000000, inc_y_r = 1.000000, inc_x_i = 1.000000, inc_y_i = 1.000000
En el else......

----------------------------------------
x = 55.000000, y = 64.000000
avance = -191.000000, avanceR = 2.000000, avanceI = 2.000000
inc_x_r = 0.000000, inc_y_r = 1.000000, inc_x_i = 1.000000, inc_y_i = 1.000000
En el else......

----------------------------------------
x = 55.000000, y = 65.000000
avance = -189.000000, avanceR = 2.000000, avanceI = 2.000000
inc_x_r = 0.000000, inc_y_r = 1.000000, inc_x_i = 1.000000, inc_y_i = 1.000000
En el else......

----------------------------------------
x = 55.000000, y = 66.000000
avance = -187.000000, avanceR = 2.000000, avanceI = 2.000000
inc_x_r = 0.000000, inc_y_r = 1.000000, inc_x_i = 1.000000, inc_y_i = 1.000000
En el else......

----------------------------------------
x = 55.000000, y = 67.000000
avance = -185.000000, avanceR = 2.000000, avanceI = 2.000000
inc_x_r = 0.000000, inc_y_r = 1.000000, inc_x_i = 1.000000, inc_y_i = 1.000000
En el else......

----------------------------------------
x = 55.000000, y = 68.000000
avance = -183.000000, avanceR = 2.000000, avanceI = 2.000000
inc_x_r = 0.000000, inc_y_r = 1.000000, inc_x_i = 1.000000, inc_y_i = 1.000000
En el else......

----------------------------------------
x = 55.000000, y = 69.000000
avance = -181.000000, avanceR = 2.000000, avanceI = 2.000000
inc_x_r = 0.000000, inc_y_r = 1.000000, inc_x_i = 1.000000, inc_y_i = 1.000000
En el else......

----------------------------------------
x = 55.000000, y = 70.000000
avance = -179.000000, avanceR = 2.000000, avanceI = 2.000000
inc_x_r = 0.000000, inc_y_r = 1.000000, inc_x_i = 1.000000, inc_y_i = 1.000000
En el else......

----------------------------------------
x = 55.000000, y = 71.000000
avance = -177.000000, avanceR = 2.000000, avanceI = 2.000000
inc_x_r = 0.000000, inc_y_r = 1.000000, inc_x_i = 1.000000, inc_y_i = 1.000000
En el else......

----------------------------------------
x = 55.000000, y = 72.000000
avance = -175.000000, avanceR = 2.000000, avanceI = 2.000000
inc_x_r = 0.000000, inc_y_r = 1.000000, inc_x_i = 1.000000, inc_y_i = 1.000000
En el else......

----------------------------------------
x = 55.000000, y = 73.000000
avance = -173.000000, avanceR = 2.000000, avanceI = 2.000000
inc_x_r = 0.000000, inc_y_r = 1.000000, inc_x_i = 1.000000, inc_y_i = 1.000000
En el else......

----------------------------------------
x = 55.000000, y = 74.000000
avance = -171.000000, avanceR = 2.000000, avanceI = 2.000000
inc_x_r = 0.000000, inc_y_r = 1.000000, inc_x_i = 1.000000, inc_y_i = 1.000000
En el else......

----------------------------------------
x = 55.000000, y = 75.000000
avance = -169.000000, avanceR = 2.000000, avanceI = 2.000000
inc_x_r = 0.000000, inc_y_r = 1.000000, inc_x_i = 1.000000, inc_y_i = 1.000000
En el else......

----------------------------------------
x = 55.000000, y = 76.000000
avance = -167.000000, avanceR = 2.000000, avanceI = 2.000000
inc_x_r = 0.000000, inc_y_r = 1.000000, inc_x_i = 1.000000, inc_y_i = 1.000000
En el else......

----------------------------------------
x = 55.000000, y = 77.000000
avance = -165.000000, avanceR = 2.000000, avanceI = 2.000000
inc_x_r = 0.000000, inc_y_r = 1.000000, inc_x_i = 1.000000, inc_y_i = 1.000000
En el else......

----------------------------------------
x = 55.000000, y = 78.000000
avance = -163.000000, avanceR = 2.000000, avanceI = 2.000000
inc_x_r = 0.000000, inc_y_r = 1.000000, inc_x_i = 1.000000, inc_y_i = 1.000000
En el else......

----------------------------------------
x = 55.000000, y = 79.000000
avance = -161.000000, avanceR = 2.000000, avanceI = 2.000000
inc_x_r = 0.000000, inc_y_r = 1.000000, inc_x_i = 1.000000, inc_y_i = 1.000000
En el else......

----------------------------------------
x = 55.000000, y = 80.000000
avance = -159.000000, avanceR = 2.000000, avanceI = 2.000000
inc_x_r = 0.000000, inc_y_r = 1.000000, inc_x_i = 1.000000, inc_y_i = 1.000000
En el else......

----------------------------------------
x = 55.000000, y = 81.000000
avance = -157.000000, avanceR = 2.000000, avanceI = 2.000000
inc_x_r = 0.000000, inc_y_r = 1.000000, inc_x_i = 1.000000, inc_y_i = 1.000000
En el else......

----------------------------------------
x = 55.000000, y = 82.000000
avance = -155.000000, avanceR = 2.000000, avanceI = 2.000000
inc_x_r = 0.000000, inc_y_r = 1.000000, inc_x_i = 1.000000, inc_y_i = 1.000000
En el else......

----------------------------------------
x = 55.000000, y = 83.000000
avance = -153.000000, avanceR = 2.000000, avanceI = 2.000000
inc_x_r = 0.000000, inc_y_r = 1.000000, inc_x_i = 1.000000, inc_y_i = 1.000000
En el else......

----------------------------------------
x = 55.000000, y = 84.000000
avance = -151.000000, avanceR = 2.000000, avanceI = 2.000000
inc_x_r = 0.000000, inc_y_r = 1.000000, inc_x_i = 1.000000, inc_y_i = 1.000000
En el else......

----------------------------------------
x = 55.000000, y = 85.000000
avance = -149.000000, avanceR = 2.000000, avanceI = 2.000000
inc_x_r = 0.000000, inc_y_r = 1.000000, inc_x_i = 1.000000, inc_y_i = 1.000000
En el else......

----------------------------------------
x = 55.000000, y = 86.000000
avance = -147.000000, avanceR = 2.000000, avanceI = 2.000000
inc_x_r = 0.000000, inc_y_r = 1.000000, inc_x_i = 1.000000, inc_y_i = 1.000000
En el else......

----------------------------------------
x = 55.000000, y = 87.000000
avance = -145.000000, avanceR = 2.000000, avanceI = 2.000000
inc_x_r = 0.000000, inc_y_r = 1.000000, inc_x_i = 1.000000, inc_y_i = 1.000000
En el else......

----------------------------------------
x = 55.000000, y = 88.000000
avance = -143.000000, avanceR = 2.000000, avanceI = 2.000000
inc_x_r = 0.000000, inc_y_r = 1.000000, inc_x_i = 1.000000, inc_y_i = 1.000000
En el else......

----------------------------------------
x = 55.000000, y = 89.000000
avance = -141.000000, avanceR = 2.000000, avanceI = 2.000000
inc_x_r = 0.000000, inc_y_r = 1.000000, inc_x_i = 1.000000, inc_y_i = 1.000000
En el else......

----------------------------------------
x = 55.000000, y = 90.000000
avance = -139.000000, avanceR = 2.000000, avanceI = 2.000000
inc_x_r = 0.000000, inc_y_r = 1.000000, inc_x_i = 1.000000, inc_y_i = 1.000000
En el else......

----------------------------------------
x = 55.000000, y = 91.000000
avance = -137.000000, avanceR = 2.000000, avanceI = 2.000000
inc_x_r = 0.000000, inc_y_r = 1.000000, inc_x_i = 1.000000, inc_y_i = 1.000000
En el else......

----------------------------------------
x = 55.000000, y = 92.000000
avance = -135.000000, avanceR = 2.000000, avanceI = 2.000000
inc_x_r = 0.000000, inc_y_r = 1.000000, inc_x_i = 1.000000, inc_y_i = 1.000000
En el else......

----------------------------------------
x = 55.000000, y = 93.000000
avance = -133.000000, avanceR = 2.000000, avanceI = 2.000000
inc_x_r = 0.000000, inc_y_r = 1.000000, inc_x_i = 1.000000, inc_y_i = 1.000000
En el else......

----------------------------------------
x = 55.000000, y = 94.000000
avance = -131.000000, avanceR = 2.000000, avanceI = 2.000000
inc_x_r = 0.000000, inc_y_r = 1.000000, inc_x_i = 1.000000, inc_y_i = 1.000000
En el else......

----------------------------------------
x = 55.000000, y = 95.000000
avance = -129.000000, avanceR = 2.000000, avanceI = 2.000000
inc_x_r = 0.000000, inc_y_r = 1.000000, inc_x_i = 1.000000, inc_y_i = 1.000000
En el else......

----------------------------------------
x = 55.000000, y = 96.000000
avance = -127.000000, avanceR = 2.000000, avanceI = 2.000000
inc_x_r = 0.000000, inc_y_r = 1.000000, inc_x_i = 1.000000, inc_y_i = 1.000000
En el else......

----------------------------------------
x = 55.000000, y = 97.000000
avance = -125.000000, avanceR = 2.000000, avanceI = 2.000000
inc_x_r = 0.000000, inc_y_r = 1.000000, inc_x_i = 1.000000, inc_y_i = 1.000000
En el else......

----------------------------------------
x = 55.000000, y = 98.000000
avance = -123.000000, avanceR = 2.000000, avanceI = 2.000000
inc_x_r = 0.000000, inc_y_r = 1.000000, inc_x_i = 1.000000, inc_y_i = 1.000000
En el else......

----------------------------------------
x = 55.000000, y = 99.000000
avance = -121.000000, avanceR = 2.000000, avanceI = 2.000000
inc_x_r = 0.000000, inc_y_r = 1.000000, inc_x_i = 1.000000, inc_y_i = 1.000000
En el else......

----------------------------------------
x = 55.000000, y = 100.000000
avance = -119.000000, avanceR = 2.000000, avanceI = 2.000000
inc_x_r = 0.000000, inc_y_r = 1.000000, inc_x_i = 1.000000, inc_y_i = 1.000000
En el else......

----------------------------------------
x = 55.000000, y = 101.000000
avance = -117.000000, avanceR = 2.000000, avanceI = 2.000000
inc_x_r = 0.000000, inc_y_r = 1.000000, inc_x_i = 1.000000, inc_y_i = 1.000000
En el else......

----------------------------------------
x = 55.000000, y = 102.000000
avance = -115.000000, avanceR = 2.000000, avanceI = 2.000000
inc_x_r = 0.000000, inc_y_r = 1.000000, inc_x_i = 1.000000, inc_y_i = 1.000000
En el else......

----------------------------------------
x = 55.000000, y = 103.000000
avance = -113.000000, avanceR = 2.000000, avanceI = 2.000000
inc_x_r = 0.000000, inc_y_r = 1.000000, inc_x_i = 1.000000, inc_y_i = 1.000000
En el else......

----------------------------------------
x = 55.000000, y = 104.000000
avance = -111.000000, avanceR = 2.000000, avanceI = 2.000000
inc_x_r = 0.000000, inc_y_r = 1.000000, inc_x_i = 1.000000, inc_y_i = 1.000000
En el else......

----------------------------------------
x = 55.000000, y = 105.000000
avance = -109.000000, avanceR = 2.000000, avanceI = 2.000000
inc_x_r = 0.000000, inc_y_r = 1.000000, inc_x_i = 1.000000, inc_y_i = 1.000000
En el else......

----------------------------------------
x = 55.000000, y = 106.000000
avance = -107.000000, avanceR = 2.000000, avanceI = 2.000000
inc_x_r = 0.000000, inc_y_r = 1.000000, inc_x_i = 1.000000, inc_y_i = 1.000000
En el else......

----------------------------------------
x = 55.000000, y = 107.000000
avance = -105.000000, avanceR = 2.000000, avanceI = 2.000000
inc_x_r = 0.000000, inc_y_r = 1.000000, inc_x_i = 1.000000, inc_y_i = 1.000000
En el else......

----------------------------------------
x = 55.000000, y = 108.000000
avance = -103.000000, avanceR = 2.000000, avanceI = 2.000000
inc_x_r = 0.000000, inc_y_r = 1.000000, inc_x_i = 1.000000, inc_y_i = 1.000000
En el else......

----------------------------------------
x = 55.000000, y = 109.000000
avance = -101.000000, avanceR = 2.000000, avanceI = 2.000000
inc_x_r = 0.000000, inc_y_r = 1.000000, inc_x_i = 1.000000, inc_y_i = 1.000000
En el else......

----------------------------------------
x = 55.000000, y = 110.000000
avance = -99.000000, avanceR = 2.000000, avanceI = 2.000000
inc_x_r = 0.000000, inc_y_r = 1.000000, inc_x_i = 1.000000, inc_y_i = 1.000000
En el else......

----------------------------------------
x = 55.000000, y = 111.000000
avance = -97.000000, avanceR = 2.000000, avanceI = 2.000000
inc_x_r = 0.000000, inc_y_r = 1.000000, inc_x_i = 1.000000, inc_y_i = 1.000000
En el else......

----------------------------------------
x = 55.000000, y = 112.000000
avance = -95.000000, avanceR = 2.000000, avanceI = 2.000000
inc_x_r = 0.000000, inc_y_r = 1.000000, inc_x_i = 1.000000, inc_y_i = 1.000000
En el else......

----------------------------------------
x = 55.000000, y = 113.000000
avance = -93.000000, avanceR = 2.000000, avanceI = 2.000000
inc_x_r = 0.000000, inc_y_r = 1.000000, inc_x_i = 1.000000, inc_y_i = 1.000000
En el else......

----------------------------------------
x = 55.000000, y = 114.000000
avance = -91.000000, avanceR = 2.000000, avanceI = 2.000000
inc_x_r = 0.000000, inc_y_r = 1.000000, inc_x_i = 1.000000, inc_y_i = 1.000000
En el else......

----------------------------------------
x = 55.000000, y = 115.000000
avance = -89.000000, avanceR = 2.000000, avanceI = 2.000000
inc_x_r = 0.000000, inc_y_r = 1.000000, inc_x_i = 1.000000, inc_y_i = 1.000000
En el else......

----------------------------------------
x = 55.000000, y = 116.000000
avance = -87.000000, avanceR = 2.000000, avanceI = 2.000000
inc_x_r = 0.000000, inc_y_r = 1.000000, inc_x_i = 1.000000, inc_y_i = 1.000000
En el else......

----------------------------------------
x = 55.000000, y = 117.000000
avance = -85.000000, avanceR = 2.000000, avanceI = 2.000000
inc_x_r = 0.000000, inc_y_r = 1.000000, inc_x_i = 1.000000, inc_y_i = 1.000000
En el else......

----------------------------------------
x = 55.000000, y = 118.000000
avance = -83.000000, avanceR = 2.000000, avanceI = 2.000000
inc_x_r = 0.000000, inc_y_r = 1.000000, inc_x_i = 1.000000, inc_y_i = 1.000000
En el else......

----------------------------------------
x = 55.000000, y = 119.000000
avance = -81.000000, avanceR = 2.000000, avanceI = 2.000000
inc_x_r = 0.000000, inc_y_r = 1.000000, inc_x_i = 1.000000, inc_y_i = 1.000000
En el else......

----------------------------------------
x = 55.000000, y = 120.000000
avance = -79.000000, avanceR = 2.000000, avanceI = 2.000000
inc_x_r = 0.000000, inc_y_r = 1.000000, inc_x_i = 1.000000, inc_y_i = 1.000000
En el else......

----------------------------------------
x = 55.000000, y = 121.000000
avance = -77.000000, avanceR = 2.000000, avanceI = 2.000000
inc_x_r = 0.000000, inc_y_r = 1.000000, inc_x_i = 1.000000, inc_y_i = 1.000000
En el else......

----------------------------------------
x = 55.000000, y = 122.000000
avance = -75.000000, avanceR = 2.000000, avanceI = 2.000000
inc_x_r = 0.000000, inc_y_r = 1.000000, inc_x_i = 1.000000, inc_y_i = 1.000000
En el else......

----------------------------------------
x = 55.000000, y = 123.000000
avance = -73.000000, avanceR = 2.000000, avanceI = 2.000000
inc_x_r = 0.000000, inc_y_r = 1.000000, inc_x_i = 1.000000, inc_y_i = 1.000000
En el else......

----------------------------------------
x = 55.000000, y = 124.000000
avance = -71.000000, avanceR = 2.000000, avanceI = 2.000000
inc_x_r = 0.000000, inc_y_r = 1.000000, inc_x_i = 1.000000, inc_y_i = 1.000000
En el else......

----------------------------------------
x = 55.000000, y = 125.000000
avance = -69.000000, avanceR = 2.000000, avanceI = 2.000000
inc_x_r = 0.000000, inc_y_r = 1.000000, inc_x_i = 1.000000, inc_y_i = 1.000000
En el else......

----------------------------------------
x = 55.000000, y = 126.000000
avance = -67.000000, avanceR = 2.000000, avanceI = 2.000000
inc_x_r = 0.000000, inc_y_r = 1.000000, inc_x_i = 1.000000, inc_y_i = 1.000000
En el else......

----------------------------------------
x = 55.000000, y = 127.000000
avance = -65.000000, avanceR = 2.000000, avanceI = 2.000000
inc_x_r = 0.000000, inc_y_r = 1.000000, inc_x_i = 1.000000, inc_y_i = 1.000000
En el else......

----------------------------------------
x = 55.000000, y = 128.000000
avance = -63.000000, avanceR = 2.000000, avanceI = 2.000000
inc_x_r = 0.000000, inc_y_r = 1.000000, inc_x_i = 1.000000, inc_y_i = 1.000000
En el else......

----------------------------------------
x = 55.000000, y = 129.000000
avance = -61.000000, avanceR = 2.000000, avanceI = 2.000000
inc_x_r = 0.000000, inc_y_r = 1.000000, inc_x_i = 1.000000, inc_y_i = 1.000000
En el else......

----------------------------------------
x = 55.000000, y = 130.000000
avance = -59.000000, avanceR = 2.000000, avanceI = 2.000000
inc_x_r = 0.000000, inc_y_r = 1.000000, inc_x_i = 1.000000, inc_y_i = 1.000000
En el else......

----------------------------------------
x = 55.000000, y = 131.000000
avance = -57.000000, avanceR = 2.000000, avanceI = 2.000000
inc_x_r = 0.000000, inc_y_r = 1.000000, inc_x_i = 1.000000, inc_y_i = 1.000000
En el else......

----------------------------------------
x = 55.000000, y = 132.000000
avance = -55.000000, avanceR = 2.000000, avanceI = 2.000000
inc_x_r = 0.000000, inc_y_r = 1.000000, inc_x_i = 1.000000, inc_y_i = 1.000000
En el else......

----------------------------------------
x = 55.000000, y = 133.000000
avance = -53.000000, avanceR = 2.000000, avanceI = 2.000000
inc_x_r = 0.000000, inc_y_r = 1.000000, inc_x_i = 1.000000, inc_y_i = 1.000000
En el else......

----------------------------------------
x = 55.000000, y = 134.000000
avance = -51.000000, avanceR = 2.000000, avanceI = 2.000000
inc_x_r = 0.000000, inc_y_r = 1.000000, inc_x_i = 1.000000, inc_y_i = 1.000000
En el else......

----------------------------------------
x = 55.000000, y = 135.000000
avance = -49.000000, avanceR = 2.000000, avanceI = 2.000000
inc_x_r = 0.000000, inc_y_r = 1.000000, inc_x_i = 1.000000, inc_y_i = 1.000000
En el else......

----------------------------------------
x = 55.000000, y = 136.000000
avance = -47.000000, avanceR = 2.000000, avanceI = 2.000000
inc_x_r = 0.000000, inc_y_r = 1.000000, inc_x_i = 1.000000, inc_y_i = 1.000000
En el else......

----------------------------------------
x = 55.000000, y = 137.000000
avance = -45.000000, avanceR = 2.000000, avanceI = 2.000000
inc_x_r = 0.000000, inc_y_r = 1.000000, inc_x_i = 1.000000, inc_y_i = 1.000000
En el else......

----------------------------------------
x = 55.000000, y = 138.000000
avance = -43.000000, avanceR = 2.000000, avanceI = 2.000000
inc_x_r = 0.000000, inc_y_r = 1.000000, inc_x_i = 1.000000, inc_y_i = 1.000000
En el else......

----------------------------------------
x = 55.000000, y = 139.000000
avance = -41.000000, avanceR = 2.000000, avanceI = 2.000000
inc_x_r = 0.000000, inc_y_r = 1.000000, inc_x_i = 1.000000, inc_y_i = 1.000000
En el else......

----------------------------------------
x = 55.000000, y = 140.000000
avance = -39.000000, avanceR = 2.000000, avanceI = 2.000000
inc_x_r = 0.000000, inc_y_r = 1.000000, inc_x_i = 1.000000, inc_y_i = 1.000000
En el else......

----------------------------------------
x = 55.000000, y = 141.000000
avance = -37.000000, avanceR = 2.000000, avanceI = 2.000000
inc_x_r = 0.000000, inc_y_r = 1.000000, inc_x_i = 1.000000, inc_y_i = 1.000000
En el else......

----------------------------------------
x = 55.000000, y = 142.000000
avance = -35.000000, avanceR = 2.000000, avanceI = 2.000000
inc_x_r = 0.000000, inc_y_r = 1.000000, inc_x_i = 1.000000, inc_y_i = 1.000000
En el else......

----------------------------------------
x = 55.000000, y = 143.000000
avance = -33.000000, avanceR = 2.000000, avanceI = 2.000000
inc_x_r = 0.000000, inc_y_r = 1.000000, inc_x_i = 1.000000, inc_y_i = 1.000000
En el else......

----------------------------------------
x = 55.000000, y = 144.000000
avance = -31.000000, avanceR = 2.000000, avanceI = 2.000000
inc_x_r = 0.000000, inc_y_r = 1.000000, inc_x_i = 1.000000, inc_y_i = 1.000000
En el else......

----------------------------------------
x = 55.000000, y = 145.000000
avance = -29.000000, avanceR = 2.000000, avanceI = 2.000000
inc_x_r = 0.000000, inc_y_r = 1.000000, inc_x_i = 1.000000, inc_y_i = 1.000000
En el else......

----------------------------------------
x = 55.000000, y = 146.000000
avance = -27.000000, avanceR = 2.000000, avanceI = 2.000000
inc_x_r = 0.000000, inc_y_r = 1.000000, inc_x_i = 1.000000, inc_y_i = 1.000000
En el else......

----------------------------------------
x = 55.000000, y = 147.000000
avance = -25.000000, avanceR = 2.000000, avanceI = 2.000000
inc_x_r = 0.000000, inc_y_r = 1.000000, inc_x_i = 1.000000, inc_y_i = 1.000000
En el else......

----------------------------------------
x = 55.000000, y = 148.000000
avance = -23.000000, avanceR = 2.000000, avanceI = 2.000000
inc_x_r = 0.000000, inc_y_r = 1.000000, inc_x_i = 1.000000, inc_y_i = 1.000000
En el else......

----------------------------------------
x = 55.000000, y = 149.000000
avance = -21.000000, avanceR = 2.000000, avanceI = 2.000000
inc_x_r = 0.000000, inc_y_r = 1.000000, inc_x_i = 1.000000, inc_y_i = 1.000000
En el else......

----------------------------------------
x = 55.000000, y = 150.000000
avance = -19.000000, avanceR = 2.000000, avanceI = 2.000000
inc_x_r = 0.000000, inc_y_r = 1.000000, inc_x_i = 1.000000, inc_y_i = 1.000000
En el else......

----------------------------------------
x = 55.000000, y = 151.000000
avance = -17.000000, avanceR = 2.000000, avanceI = 2.000000
inc_x_r = 0.000000, inc_y_r = 1.000000, inc_x_i = 1.000000, inc_y_i = 1.000000
En el else......

----------------------------------------
x = 55.000000, y = 152.000000
avance = -15.000000, avanceR = 2.000000, avanceI = 2.000000
inc_x_r = 0.000000, inc_y_r = 1.000000, inc_x_i = 1.000000, inc_y_i = 1.000000
En el else......

----------------------------------------
x = 55.000000, y = 153.000000
avance = -13.000000, avanceR = 2.000000, avanceI = 2.000000
inc_x_r = 0.000000, inc_y_r = 1.000000, inc_x_i = 1.000000, inc_y_i = 1.000000
En el else......

----------------------------------------
x = 55.000000, y = 154.000000
avance = -11.000000, avanceR = 2.000000, avanceI = 2.000000
inc_x_r = 0.000000, inc_y_r = 1.000000, inc_x_i = 1.000000, inc_y_i = 1.000000
En el else......

----------------------------------------
x = 55.000000, y = 155.000000
avance = -9.000000, avanceR = 2.000000, avanceI = 2.000000
inc_x_r = 0.000000, inc_y_r = 1.000000, inc_x_i = 1.000000, inc_y_i = 1.000000
En el else......

----------------------------------------
x = 55.000000, y = 156.000000
avance = -7.000000, avanceR = 2.000000, avanceI = 2.000000
inc_x_r = 0.000000, inc_y_r = 1.000000, inc_x_i = 1.000000, inc_y_i = 1.000000
En el else......

----------------------------------------
x = 55.000000, y = 157.000000
avance = -5.000000, avanceR = 2.000000, avanceI = 2.000000
inc_x_r = 0.000000, inc_y_r = 1.000000, inc_x_i = 1.000000, inc_y_i = 1.000000
En el else......

----------------------------------------
x = 55.000000, y = 158.000000
avance = -3.000000, avanceR = 2.000000, avanceI = 2.000000
inc_x_r = 0.000000, inc_y_r = 1.000000, inc_x_i = 1.000000, inc_y_i = 1.000000
En el else......

----------------------------------------
x = 55.000000, y = 159.000000
avance = -1.000000, avanceR = 2.000000, avanceI = 2.000000
inc_x_r = 0.000000, inc_y_r = 1.000000, inc_x_i = 1.000000, inc_y_i = 1.000000
En el else......

----------------------------------------
x = 55.000000, y = 160.000000
avance = 1.000000, avanceR = 2.000000, avanceI = 2.000000
inc_x_r = 0.000000, inc_y_r = 1.000000, inc_x_i = 1.000000, inc_y_i = 1.000000
avance >= 0

----------------------------------------
x = 56.000000, y = 161.000000
avance = -499.000000, avanceR = 2.000000, avanceI = 2.000000
inc_x_r = 0.000000, inc_y_r = 1.000000, inc_x_i = 1.000000, inc_y_i = 1.000000
En el else......

----------------------------------------
x = 56.000000, y = 162.000000
avance = -497.000000, avanceR = 2.000000, avanceI = 2.000000
inc_x_r = 0.000000, inc_y_r = 1.000000, inc_x_i = 1.000000, inc_y_i = 1.000000
En el else......

----------------------------------------
x = 56.000000, y = 163.000000
avance = -495.000000, avanceR = 2.000000, avanceI = 2.000000
inc_x_r = 0.000000, inc_y_r = 1.000000, inc_x_i = 1.000000, inc_y_i = 1.000000
En el else......

----------------------------------------
x = 56.000000, y = 164.000000
avance = -493.000000, avanceR = 2.000000, avanceI = 2.000000
inc_x_r = 0.000000, inc_y_r = 1.000000, inc_x_i = 1.000000, inc_y_i = 1.000000
En el else......

----------------------------------------
x = 56.000000, y = 165.000000
avance = -491.000000, avanceR = 2.000000, avanceI = 2.000000
inc_x_r = 0.000000, inc_y_r = 1.000000, inc_x_i = 1.000000, inc_y_i = 1.000000
En el else......

----------------------------------------
x = 56.000000, y = 166.000000
avance = -489.000000, avanceR = 2.000000, avanceI = 2.000000
inc_x_r = 0.000000, inc_y_r = 1.000000, inc_x_i = 1.000000, inc_y_i = 1.000000
En el else......

----------------------------------------
x = 56.000000, y = 167.000000
avance = -487.000000, avanceR = 2.000000, avanceI = 2.000000
inc_x_r = 0.000000, inc_y_r = 1.000000, inc_x_i = 1.000000, inc_y_i = 1.000000
En el else......

----------------------------------------
x = 56.000000, y = 168.000000
avance = -485.000000, avanceR = 2.000000, avanceI = 2.000000
inc_x_r = 0.000000, inc_y_r = 1.000000, inc_x_i = 1.000000, inc_y_i = 1.000000
En el else......

----------------------------------------
x = 56.000000, y = 169.000000
avance = -483.000000, avanceR = 2.000000, avanceI = 2.000000
inc_x_r = 0.000000, inc_y_r = 1.000000, inc_x_i = 1.000000, inc_y_i = 1.000000
En el else......

----------------------------------------
x = 56.000000, y = 170.000000
avance = -481.000000, avanceR = 2.000000, avanceI = 2.000000
inc_x_r = 0.000000, inc_y_r = 1.000000, inc_x_i = 1.000000, inc_y_i = 1.000000
En el else......

----------------------------------------
x = 56.000000, y = 171.000000
avance = -479.000000, avanceR = 2.000000, avanceI = 2.000000
inc_x_r = 0.000000, inc_y_r = 1.000000, inc_x_i = 1.000000, inc_y_i = 1.000000
En el else......

----------------------------------------
x = 56.000000, y = 172.000000
avance = -477.000000, avanceR = 2.000000, avanceI = 2.000000
inc_x_r = 0.000000, inc_y_r = 1.000000, inc_x_i = 1.000000, inc_y_i = 1.000000
En el else......

----------------------------------------
x = 56.000000, y = 173.000000
avance = -475.000000, avanceR = 2.000000, avanceI = 2.000000
inc_x_r = 0.000000, inc_y_r = 1.000000, inc_x_i = 1.000000, inc_y_i = 1.000000
En el else......

----------------------------------------
x = 56.000000, y = 174.000000
avance = -473.000000, avanceR = 2.000000, avanceI = 2.000000
inc_x_r = 0.000000, inc_y_r = 1.000000, inc_x_i = 1.000000, inc_y_i = 1.000000
En el else......

----------------------------------------
x = 56.000000, y = 175.000000
avance = -471.000000, avanceR = 2.000000, avanceI = 2.000000
inc_x_r = 0.000000, inc_y_r = 1.000000, inc_x_i = 1.000000, inc_y_i = 1.000000
En el else......

----------------------------------------
x = 56.000000, y = 176.000000
avance = -469.000000, avanceR = 2.000000, avanceI = 2.000000
inc_x_r = 0.000000, inc_y_r = 1.000000, inc_x_i = 1.000000, inc_y_i = 1.000000
En el else......

----------------------------------------
x = 56.000000, y = 177.000000
avance = -467.000000, avanceR = 2.000000, avanceI = 2.000000
inc_x_r = 0.000000, inc_y_r = 1.000000, inc_x_i = 1.000000, inc_y_i = 1.000000
En el else......

----------------------------------------
x = 56.000000, y = 178.000000
avance = -465.000000, avanceR = 2.000000, avanceI = 2.000000
inc_x_r = 0.000000, inc_y_r = 1.000000, inc_x_i = 1.000000, inc_y_i = 1.000000
En el else......

----------------------------------------
x = 56.000000, y = 179.000000
avance = -463.000000, avanceR = 2.000000, avanceI = 2.000000
inc_x_r = 0.000000, inc_y_r = 1.000000, inc_x_i = 1.000000, inc_y_i = 1.000000
En el else......

----------------------------------------
x = 56.000000, y = 180.000000
avance = -461.000000, avanceR = 2.000000, avanceI = 2.000000
inc_x_r = 0.000000, inc_y_r = 1.000000, inc_x_i = 1.000000, inc_y_i = 1.000000
En el else......

----------------------------------------
x = 56.000000, y = 181.000000
avance = -459.000000, avanceR = 2.000000, avanceI = 2.000000
inc_x_r = 0.000000, inc_y_r = 1.000000, inc_x_i = 1.000000, inc_y_i = 1.000000
En el else......

----------------------------------------
x = 56.000000, y = 182.000000
avance = -457.000000, avanceR = 2.000000, avanceI = 2.000000
inc_x_r = 0.000000, inc_y_r = 1.000000, inc_x_i = 1.000000, inc_y_i = 1.000000
En el else......

----------------------------------------
x = 56.000000, y = 183.000000
avance = -455.000000, avanceR = 2.000000, avanceI = 2.000000
inc_x_r = 0.000000, inc_y_r = 1.000000, inc_x_i = 1.000000, inc_y_i = 1.000000
En el else......

----------------------------------------
x = 56.000000, y = 184.000000
avance = -453.000000, avanceR = 2.000000, avanceI = 2.000000
inc_x_r = 0.000000, inc_y_r = 1.000000, inc_x_i = 1.000000, inc_y_i = 1.000000
En el else......

----------------------------------------
x = 56.000000, y = 185.000000
avance = -451.000000, avanceR = 2.000000, avanceI = 2.000000
inc_x_r = 0.000000, inc_y_r = 1.000000, inc_x_i = 1.000000, inc_y_i = 1.000000
En el else......

----------------------------------------
x = 56.000000, y = 186.000000
avance = -449.000000, avanceR = 2.000000, avanceI = 2.000000
inc_x_r = 0.000000, inc_y_r = 1.000000, inc_x_i = 1.000000, inc_y_i = 1.000000
En el else......

----------------------------------------
x = 56.000000, y = 187.000000
avance = -447.000000, avanceR = 2.000000, avanceI = 2.000000
inc_x_r = 0.000000, inc_y_r = 1.000000, inc_x_i = 1.000000, inc_y_i = 1.000000
En el else......

----------------------------------------
x = 56.000000, y = 188.000000
avance = -445.000000, avanceR = 2.000000, avanceI = 2.000000
inc_x_r = 0.000000, inc_y_r = 1.000000, inc_x_i = 1.000000, inc_y_i = 1.000000
En el else......

----------------------------------------
x = 56.000000, y = 189.000000
avance = -443.000000, avanceR = 2.000000, avanceI = 2.000000
inc_x_r = 0.000000, inc_y_r = 1.000000, inc_x_i = 1.000000, inc_y_i = 1.000000
En el else......

----------------------------------------
x = 56.000000, y = 190.000000
avance = -441.000000, avanceR = 2.000000, avanceI = 2.000000
inc_x_r = 0.000000, inc_y_r = 1.000000, inc_x_i = 1.000000, inc_y_i = 1.000000
En el else......

----------------------------------------
x = 56.000000, y = 191.000000
avance = -439.000000, avanceR = 2.000000, avanceI = 2.000000
inc_x_r = 0.000000, inc_y_r = 1.000000, inc_x_i = 1.000000, inc_y_i = 1.000000
En el else......

----------------------------------------
x = 56.000000, y = 192.000000
avance = -437.000000, avanceR = 2.000000, avanceI = 2.000000
inc_x_r = 0.000000, inc_y_r = 1.000000, inc_x_i = 1.000000, inc_y_i = 1.000000
En el else......

----------------------------------------
x = 56.000000, y = 193.000000
avance = -435.000000, avanceR = 2.000000, avanceI = 2.000000
inc_x_r = 0.000000, inc_y_r = 1.000000, inc_x_i = 1.000000, inc_y_i = 1.000000
En el else......

----------------------------------------
x = 56.000000, y = 194.000000
avance = -433.000000, avanceR = 2.000000, avanceI = 2.000000
inc_x_r = 0.000000, inc_y_r = 1.000000, inc_x_i = 1.000000, inc_y_i = 1.000000
En el else......

----------------------------------------
x = 56.000000, y = 195.000000
avance = -431.000000, avanceR = 2.000000, avanceI = 2.000000
inc_x_r = 0.000000, inc_y_r = 1.000000, inc_x_i = 1.000000, inc_y_i = 1.000000
En el else......

----------------------------------------
x = 56.000000, y = 196.000000
avance = -429.000000, avanceR = 2.000000, avanceI = 2.000000
inc_x_r = 0.000000, inc_y_r = 1.000000, inc_x_i = 1.000000, inc_y_i = 1.000000
En el else......

----------------------------------------
x = 56.000000, y = 197.000000
avance = -427.000000, avanceR = 2.000000, avanceI = 2.000000
inc_x_r = 0.000000, inc_y_r = 1.000000, inc_x_i = 1.000000, inc_y_i = 1.000000
En el else......

----------------------------------------
x = 56.000000, y = 198.000000
avance = -425.000000, avanceR = 2.000000, avanceI = 2.000000
inc_x_r = 0.000000, inc_y_r = 1.000000, inc_x_i = 1.000000, inc_y_i = 1.000000
En el else......

----------------------------------------
x = 56.000000, y = 199.000000
avance = -423.000000, avanceR = 2.000000, avanceI = 2.000000
inc_x_r = 0.000000, inc_y_r = 1.000000, inc_x_i = 1.000000, inc_y_i = 1.000000
En el else......

----------------------------------------
x = 56.000000, y = 200.000000
avance = -421.000000, avanceR = 2.000000, avanceI = 2.000000
inc_x_r = 0.000000, inc_y_r = 1.000000, inc_x_i = 1.000000, inc_y_i = 1.000000
En el else......

----------------------------------------
x = 56.000000, y = 201.000000
avance = -419.000000, avanceR = 2.000000, avanceI = 2.000000
inc_x_r = 0.000000, inc_y_r = 1.000000, inc_x_i = 1.000000, inc_y_i = 1.000000
En el else......

----------------------------------------
x = 56.000000, y = 202.000000
avance = -417.000000, avanceR = 2.000000, avanceI = 2.000000
inc_x_r = 0.000000, inc_y_r = 1.000000, inc_x_i = 1.000000, inc_y_i = 1.000000
En el else......

----------------------------------------
x = 56.000000, y = 203.000000
avance = -415.000000, avanceR = 2.000000, avanceI = 2.000000
inc_x_r = 0.000000, inc_y_r = 1.000000, inc_x_i = 1.000000, inc_y_i = 1.000000
En el else......

----------------------------------------
x = 56.000000, y = 204.000000
avance = -413.000000, avanceR = 2.000000, avanceI = 2.000000
inc_x_r = 0.000000, inc_y_r = 1.000000, inc_x_i = 1.000000, inc_y_i = 1.000000
En el else......

----------------------------------------
x = 56.000000, y = 205.000000
avance = -411.000000, avanceR = 2.000000, avanceI = 2.000000
inc_x_r = 0.000000, inc_y_r = 1.000000, inc_x_i = 1.000000, inc_y_i = 1.000000
En el else......

----------------------------------------
x = 56.000000, y = 206.000000
avance = -409.000000, avanceR = 2.000000, avanceI = 2.000000
inc_x_r = 0.000000, inc_y_r = 1.000000, inc_x_i = 1.000000, inc_y_i = 1.000000
En el else......

----------------------------------------
x = 56.000000, y = 207.000000
avance = -407.000000, avanceR = 2.000000, avanceI = 2.000000
inc_x_r = 0.000000, inc_y_r = 1.000000, inc_x_i = 1.000000, inc_y_i = 1.000000
En el else......

----------------------------------------
x = 56.000000, y = 208.000000
avance = -405.000000, avanceR = 2.000000, avanceI = 2.000000
inc_x_r = 0.000000, inc_y_r = 1.000000, inc_x_i = 1.000000, inc_y_i = 1.000000
En el else......

----------------------------------------
x = 56.000000, y = 209.000000
avance = -403.000000, avanceR = 2.000000, avanceI = 2.000000
inc_x_r = 0.000000, inc_y_r = 1.000000, inc_x_i = 1.000000, inc_y_i = 1.000000
En el else......

----------------------------------------
x = 56.000000, y = 210.000000
avance = -401.000000, avanceR = 2.000000, avanceI = 2.000000
inc_x_r = 0.000000, inc_y_r = 1.000000, inc_x_i = 1.000000, inc_y_i = 1.000000
En el else......

----------------------------------------
x = 56.000000, y = 211.000000
avance = -399.000000, avanceR = 2.000000, avanceI = 2.000000
inc_x_r = 0.000000, inc_y_r = 1.000000, inc_x_i = 1.000000, inc_y_i = 1.000000
En el else......

----------------------------------------
x = 56.000000, y = 212.000000
avance = -397.000000, avanceR = 2.000000, avanceI = 2.000000
inc_x_r = 0.000000, inc_y_r = 1.000000, inc_x_i = 1.000000, inc_y_i = 1.000000
En el else......

----------------------------------------
x = 56.000000, y = 213.000000
avance = -395.000000, avanceR = 2.000000, avanceI = 2.000000
inc_x_r = 0.000000, inc_y_r = 1.000000, inc_x_i = 1.000000, inc_y_i = 1.000000
En el else......

----------------------------------------
x = 56.000000, y = 214.000000
avance = -393.000000, avanceR = 2.000000, avanceI = 2.000000
inc_x_r = 0.000000, inc_y_r = 1.000000, inc_x_i = 1.000000, inc_y_i = 1.000000
En el else......

----------------------------------------
x = 56.000000, y = 215.000000
avance = -391.000000, avanceR = 2.000000, avanceI = 2.000000
inc_x_r = 0.000000, inc_y_r = 1.000000, inc_x_i = 1.000000, inc_y_i = 1.000000
En el else......

----------------------------------------
x = 56.000000, y = 216.000000
avance = -389.000000, avanceR = 2.000000, avanceI = 2.000000
inc_x_r = 0.000000, inc_y_r = 1.000000, inc_x_i = 1.000000, inc_y_i = 1.000000
En el else......

----------------------------------------
x = 56.000000, y = 217.000000
avance = -387.000000, avanceR = 2.000000, avanceI = 2.000000
inc_x_r = 0.000000, inc_y_r = 1.000000, inc_x_i = 1.000000, inc_y_i = 1.000000
En el else......

----------------------------------------
x = 56.000000, y = 218.000000
avance = -385.000000, avanceR = 2.000000, avanceI = 2.000000
inc_x_r = 0.000000, inc_y_r = 1.000000, inc_x_i = 1.000000, inc_y_i = 1.000000
En el else......

----------------------------------------
x = 56.000000, y = 219.000000
avance = -383.000000, avanceR = 2.000000, avanceI = 2.000000
inc_x_r = 0.000000, inc_y_r = 1.000000, inc_x_i = 1.000000, inc_y_i = 1.000000
En el else......

----------------------------------------
x = 56.000000, y = 220.000000
avance = -381.000000, avanceR = 2.000000, avanceI = 2.000000
inc_x_r = 0.000000, inc_y_r = 1.000000, inc_x_i = 1.000000, inc_y_i = 1.000000
En el else......

----------------------------------------
x = 56.000000, y = 221.000000
avance = -379.000000, avanceR = 2.000000, avanceI = 2.000000
inc_x_r = 0.000000, inc_y_r = 1.000000, inc_x_i = 1.000000, inc_y_i = 1.000000
En el else......

----------------------------------------
x = 56.000000, y = 222.000000
avance = -377.000000, avanceR = 2.000000, avanceI = 2.000000
inc_x_r = 0.000000, inc_y_r = 1.000000, inc_x_i = 1.000000, inc_y_i = 1.000000
En el else......

----------------------------------------
x = 56.000000, y = 223.000000
avance = -375.000000, avanceR = 2.000000, avanceI = 2.000000
inc_x_r = 0.000000, inc_y_r = 1.000000, inc_x_i = 1.000000, inc_y_i = 1.000000
En el else......

----------------------------------------
x = 56.000000, y = 224.000000
avance = -373.000000, avanceR = 2.000000, avanceI = 2.000000
inc_x_r = 0.000000, inc_y_r = 1.000000, inc_x_i = 1.000000, inc_y_i = 1.000000
En el else......

----------------------------------------
x = 56.000000, y = 225.000000
avance = -371.000000, avanceR = 2.000000, avanceI = 2.000000
inc_x_r = 0.000000, inc_y_r = 1.000000, inc_x_i = 1.000000, inc_y_i = 1.000000
En el else......

----------------------------------------
x = 56.000000, y = 226.000000
avance = -369.000000, avanceR = 2.000000, avanceI = 2.000000
inc_x_r = 0.000000, inc_y_r = 1.000000, inc_x_i = 1.000000, inc_y_i = 1.000000
En el else......

----------------------------------------
x = 56.000000, y = 227.000000
avance = -367.000000, avanceR = 2.000000, avanceI = 2.000000
inc_x_r = 0.000000, inc_y_r = 1.000000, inc_x_i = 1.000000, inc_y_i = 1.000000
En el else......

----------------------------------------
x = 56.000000, y = 228.000000
avance = -365.000000, avanceR = 2.000000, avanceI = 2.000000
inc_x_r = 0.000000, inc_y_r = 1.000000, inc_x_i = 1.000000, inc_y_i = 1.000000
En el else......

----------------------------------------
x = 56.000000, y = 229.000000
avance = -363.000000, avanceR = 2.000000, avanceI = 2.000000
inc_x_r = 0.000000, inc_y_r = 1.000000, inc_x_i = 1.000000, inc_y_i = 1.000000
En el else......

----------------------------------------
x = 56.000000, y = 230.000000
avance = -361.000000, avanceR = 2.000000, avanceI = 2.000000
inc_x_r = 0.000000, inc_y_r = 1.000000, inc_x_i = 1.000000, inc_y_i = 1.000000
En el else......

----------------------------------------
x = 56.000000, y = 231.000000
avance = -359.000000, avanceR = 2.000000, avanceI = 2.000000
inc_x_r = 0.000000, inc_y_r = 1.000000, inc_x_i = 1.000000, inc_y_i = 1.000000
En el else......

----------------------------------------
x = 56.000000, y = 232.000000
avance = -357.000000, avanceR = 2.000000, avanceI = 2.000000
inc_x_r = 0.000000, inc_y_r = 1.000000, inc_x_i = 1.000000, inc_y_i = 1.000000
En el else......

----------------------------------------
x = 56.000000, y = 233.000000
avance = -355.000000, avanceR = 2.000000, avanceI = 2.000000
inc_x_r = 0.000000, inc_y_r = 1.000000, inc_x_i = 1.000000, inc_y_i = 1.000000
En el else......

----------------------------------------
x = 56.000000, y = 234.000000
avance = -353.000000, avanceR = 2.000000, avanceI = 2.000000
inc_x_r = 0.000000, inc_y_r = 1.000000, inc_x_i = 1.000000, inc_y_i = 1.000000
En el else......

----------------------------------------
x = 56.000000, y = 235.000000
avance = -351.000000, avanceR = 2.000000, avanceI = 2.000000
inc_x_r = 0.000000, inc_y_r = 1.000000, inc_x_i = 1.000000, inc_y_i = 1.000000
En el else......

----------------------------------------
x = 56.000000, y = 236.000000
avance = -349.000000, avanceR = 2.000000, avanceI = 2.000000
inc_x_r = 0.000000, inc_y_r = 1.000000, inc_x_i = 1.000000, inc_y_i = 1.000000
En el else......

----------------------------------------
x = 56.000000, y = 237.000000
avance = -347.000000, avanceR = 2.000000, avanceI = 2.000000
inc_x_r = 0.000000, inc_y_r = 1.000000, inc_x_i = 1.000000, inc_y_i = 1.000000
En el else......

----------------------------------------
x = 56.000000, y = 238.000000
avance = -345.000000, avanceR = 2.000000, avanceI = 2.000000
inc_x_r = 0.000000, inc_y_r = 1.000000, inc_x_i = 1.000000, inc_y_i = 1.000000
En el else......

----------------------------------------
x = 56.000000, y = 239.000000
avance = -343.000000, avanceR = 2.000000, avanceI = 2.000000
inc_x_r = 0.000000, inc_y_r = 1.000000, inc_x_i = 1.000000, inc_y_i = 1.000000
En el else......

----------------------------------------
x = 56.000000, y = 240.000000
avance = -341.000000, avanceR = 2.000000, avanceI = 2.000000
inc_x_r = 0.000000, inc_y_r = 1.000000, inc_x_i = 1.000000, inc_y_i = 1.000000
En el else......

----------------------------------------
x = 56.000000, y = 241.000000
avance = -339.000000, avanceR = 2.000000, avanceI = 2.000000
inc_x_r = 0.000000, inc_y_r = 1.000000, inc_x_i = 1.000000, inc_y_i = 1.000000
En el else......

----------------------------------------
x = 56.000000, y = 242.000000
avance = -337.000000, avanceR = 2.000000, avanceI = 2.000000
inc_x_r = 0.000000, inc_y_r = 1.000000, inc_x_i = 1.000000, inc_y_i = 1.000000
En el else......

----------------------------------------
x = 56.000000, y = 243.000000
avance = -335.000000, avanceR = 2.000000, avanceI = 2.000000
inc_x_r = 0.000000, inc_y_r = 1.000000, inc_x_i = 1.000000, inc_y_i = 1.000000
En el else......

----------------------------------------
x = 56.000000, y = 244.000000
avance = -333.000000, avanceR = 2.000000, avanceI = 2.000000
inc_x_r = 0.000000, inc_y_r = 1.000000, inc_x_i = 1.000000, inc_y_i = 1.000000
En el else......

----------------------------------------
x = 56.000000, y = 245.000000
avance = -331.000000, avanceR = 2.000000, avanceI = 2.000000
inc_x_r = 0.000000, inc_y_r = 1.000000, inc_x_i = 1.000000, inc_y_i = 1.000000
En el else......

----------------------------------------
x = 56.000000, y = 246.000000
avance = -329.000000, avanceR = 2.000000, avanceI = 2.000000
inc_x_r = 0.000000, inc_y_r = 1.000000, inc_x_i = 1.000000, inc_y_i = 1.000000
En el else......

----------------------------------------
x = 56.000000, y = 247.000000
avance = -327.000000, avanceR = 2.000000, avanceI = 2.000000
inc_x_r = 0.000000, inc_y_r = 1.000000, inc_x_i = 1.000000, inc_y_i = 1.000000
En el else......

----------------------------------------
x = 56.000000, y = 248.000000
avance = -325.000000, avanceR = 2.000000, avanceI = 2.000000
inc_x_r = 0.000000, inc_y_r = 1.000000, inc_x_i = 1.000000, inc_y_i = 1.000000
En el else......

----------------------------------------
x = 56.000000, y = 249.000000
avance = -323.000000, avanceR = 2.000000, avanceI = 2.000000
inc_x_r = 0.000000, inc_y_r = 1.000000, inc_x_i = 1.000000, inc_y_i = 1.000000
En el else......

----------------------------------------
x = 56.000000, y = 250.000000
avance = -321.000000, avanceR = 2.000000, avanceI = 2.000000
inc_x_r = 0.000000, inc_y_r = 1.000000, inc_x_i = 1.000000, inc_y_i = 1.000000
En el else......

----------------------------------------
x = 56.000000, y = 251.000000
avance = -319.000000, avanceR = 2.000000, avanceI = 2.000000
inc_x_r = 0.000000, inc_y_r = 1.000000, inc_x_i = 1.000000, inc_y_i = 1.000000
En el else......

----------------------------------------
x = 56.000000, y = 252.000000
avance = -317.000000, avanceR = 2.000000, avanceI = 2.000000
inc_x_r = 0.000000, inc_y_r = 1.000000, inc_x_i = 1.000000, inc_y_i = 1.000000
En el else......

----------------------------------------
x = 56.000000, y = 253.000000
avance = -315.000000, avanceR = 2.000000, avanceI = 2.000000
inc_x_r = 0.000000, inc_y_r = 1.000000, inc_x_i = 1.000000, inc_y_i = 1.000000
En el else......

----------------------------------------
x = 56.000000, y = 254.000000
avance = -313.000000, avanceR = 2.000000, avanceI = 2.000000
inc_x_r = 0.000000, inc_y_r = 1.000000, inc_x_i = 1.000000, inc_y_i = 1.000000
En el else......

----------------------------------------
x = 56.000000, y = 255.000000
avance = -311.000000, avanceR = 2.000000, avanceI = 2.000000
inc_x_r = 0.000000, inc_y_r = 1.000000, inc_x_i = 1.000000, inc_y_i = 1.000000
En el else......

----------------------------------------
x = 56.000000, y = 256.000000
avance = -309.000000, avanceR = 2.000000, avanceI = 2.000000
inc_x_r = 0.000000, inc_y_r = 1.000000, inc_x_i = 1.000000, inc_y_i = 1.000000
En el else......

----------------------------------------
x = 56.000000, y = 257.000000
avance = -307.000000, avanceR = 2.000000, avanceI = 2.000000
inc_x_r = 0.000000, inc_y_r = 1.000000, inc_x_i = 1.000000, inc_y_i = 1.000000
En el else......

----------------------------------------
x = 56.000000, y = 258.000000
avance = -305.000000, avanceR = 2.000000, avanceI = 2.000000
inc_x_r = 0.000000, inc_y_r = 1.000000, inc_x_i = 1.000000, inc_y_i = 1.000000
En el else......

----------------------------------------
x = 56.000000, y = 259.000000
avance = -303.000000, avanceR = 2.000000, avanceI = 2.000000
inc_x_r = 0.000000, inc_y_r = 1.000000, inc_x_i = 1.000000, inc_y_i = 1.000000
En el else......

----------------------------------------
x = 56.000000, y = 260.000000
avance = -301.000000, avanceR = 2.000000, avanceI = 2.000000
inc_x_r = 0.000000, inc_y_r = 1.000000, inc_x_i = 1.000000, inc_y_i = 1.000000
En el else......

----------------------------------------
x = 56.000000, y = 261.000000
avance = -299.000000, avanceR = 2.000000, avanceI = 2.000000
inc_x_r = 0.000000, inc_y_r = 1.000000, inc_x_i = 1.000000, inc_y_i = 1.000000
En el else......

----------------------------------------
x = 56.000000, y = 262.000000
avance = -297.000000, avanceR = 2.000000, avanceI = 2.000000
inc_x_r = 0.000000, inc_y_r = 1.000000, inc_x_i = 1.000000, inc_y_i = 1.000000
En el else......

----------------------------------------
x = 56.000000, y = 263.000000
avance = -295.000000, avanceR = 2.000000, avanceI = 2.000000
inc_x_r = 0.000000, inc_y_r = 1.000000, inc_x_i = 1.000000, inc_y_i = 1.000000
En el else......

----------------------------------------
x = 56.000000, y = 264.000000
avance = -293.000000, avanceR = 2.000000, avanceI = 2.000000
inc_x_r = 0.000000, inc_y_r = 1.000000, inc_x_i = 1.000000, inc_y_i = 1.000000
En el else......

----------------------------------------
x = 56.000000, y = 265.000000
avance = -291.000000, avanceR = 2.000000, avanceI = 2.000000
inc_x_r = 0.000000, inc_y_r = 1.000000, inc_x_i = 1.000000, inc_y_i = 1.000000
En el else......

----------------------------------------
x = 56.000000, y = 266.000000
avance = -289.000000, avanceR = 2.000000, avanceI = 2.000000
inc_x_r = 0.000000, inc_y_r = 1.000000, inc_x_i = 1.000000, inc_y_i = 1.000000
En el else......

----------------------------------------
x = 56.000000, y = 267.000000
avance = -287.000000, avanceR = 2.000000, avanceI = 2.000000
inc_x_r = 0.000000, inc_y_r = 1.000000, inc_x_i = 1.000000, inc_y_i = 1.000000
En el else......

----------------------------------------
x = 56.000000, y = 268.000000
avance = -285.000000, avanceR = 2.000000, avanceI = 2.000000
inc_x_r = 0.000000, inc_y_r = 1.000000, inc_x_i = 1.000000, inc_y_i = 1.000000
En el else......

----------------------------------------
x = 56.000000, y = 269.000000
avance = -283.000000, avanceR = 2.000000, avanceI = 2.000000
inc_x_r = 0.000000, inc_y_r = 1.000000, inc_x_i = 1.000000, inc_y_i = 1.000000
En el else......

----------------------------------------
x = 56.000000, y = 270.000000
avance = -281.000000, avanceR = 2.000000, avanceI = 2.000000
inc_x_r = 0.000000, inc_y_r = 1.000000, inc_x_i = 1.000000, inc_y_i = 1.000000
En el else......

----------------------------------------
x = 56.000000, y = 271.000000
avance = -279.000000, avanceR = 2.000000, avanceI = 2.000000
inc_x_r = 0.000000, inc_y_r = 1.000000, inc_x_i = 1.000000, inc_y_i = 1.000000
En el else......

----------------------------------------
x = 56.000000, y = 272.000000
avance = -277.000000, avanceR = 2.000000, avanceI = 2.000000
inc_x_r = 0.000000, inc_y_r = 1.000000, inc_x_i = 1.000000, inc_y_i = 1.000000
En el else......

----------------------------------------
x = 56.000000, y = 273.000000
avance = -275.000000, avanceR = 2.000000, avanceI = 2.000000
inc_x_r = 0.000000, inc_y_r = 1.000000, inc_x_i = 1.000000, inc_y_i = 1.000000
En el else......

----------------------------------------
x = 56.000000, y = 274.000000
avance = -273.000000, avanceR = 2.000000, avanceI = 2.000000
inc_x_r = 0.000000, inc_y_r = 1.000000, inc_x_i = 1.000000, inc_y_i = 1.000000
En el else......

----------------------------------------
x = 56.000000, y = 275.000000
avance = -271.000000, avanceR = 2.000000, avanceI = 2.000000
inc_x_r = 0.000000, inc_y_r = 1.000000, inc_x_i = 1.000000, inc_y_i = 1.000000
En el else......

----------------------------------------
x = 56.000000, y = 276.000000
avance = -269.000000, avanceR = 2.000000, avanceI = 2.000000
inc_x_r = 0.000000, inc_y_r = 1.000000, inc_x_i = 1.000000, inc_y_i = 1.000000
En el else......

----------------------------------------
x = 56.000000, y = 277.000000
avance = -267.000000, avanceR = 2.000000, avanceI = 2.000000
inc_x_r = 0.000000, inc_y_r = 1.000000, inc_x_i = 1.000000, inc_y_i = 1.000000
En el else......

----------------------------------------
x = 56.000000, y = 278.000000
avance = -265.000000, avanceR = 2.000000, avanceI = 2.000000
inc_x_r = 0.000000, inc_y_r = 1.000000, inc_x_i = 1.000000, inc_y_i = 1.000000
En el else......

----------------------------------------
x = 56.000000, y = 279.000000
avance = -263.000000, avanceR = 2.000000, avanceI = 2.000000
inc_x_r = 0.000000, inc_y_r = 1.000000, inc_x_i = 1.000000, inc_y_i = 1.000000
En el else......

----------------------------------------
x = 56.000000, y = 280.000000
avance = -261.000000, avanceR = 2.000000, avanceI = 2.000000
inc_x_r = 0.000000, inc_y_r = 1.000000, inc_x_i = 1.000000, inc_y_i = 1.000000
En el else......

----------------------------------------
x = 56.000000, y = 281.000000
avance = -259.000000, avanceR = 2.000000, avanceI = 2.000000
inc_x_r = 0.000000, inc_y_r = 1.000000, inc_x_i = 1.000000, inc_y_i = 1.000000
En el else......

----------------------------------------
x = 56.000000, y = 282.000000
avance = -257.000000, avanceR = 2.000000, avanceI = 2.000000
inc_x_r = 0.000000, inc_y_r = 1.000000, inc_x_i = 1.000000, inc_y_i = 1.000000
En el else......

----------------------------------------
x = 56.000000, y = 283.000000
avance = -255.000000, avanceR = 2.000000, avanceI = 2.000000
inc_x_r = 0.000000, inc_y_r = 1.000000, inc_x_i = 1.000000, inc_y_i = 1.000000
En el else......

----------------------------------------
x = 56.000000, y = 284.000000
avance = -253.000000, avanceR = 2.000000, avanceI = 2.000000
inc_x_r = 0.000000, inc_y_r = 1.000000, inc_x_i = 1.000000, inc_y_i = 1.000000
En el else......

----------------------------------------
x = 56.000000, y = 285.000000
avance = -251.000000, avanceR = 2.000000, avanceI = 2.000000
inc_x_r = 0.000000, inc_y_r = 1.000000, inc_x_i = 1.000000, inc_y_i = 1.000000
En el else......

----------------------------------------


ENTRAMOS A BRESENHAMªªªª
x1 = 55.000000 - y1 = 25.000000 || x2 = 56.000000 - y2 = 276.000000
dy = 251.000000, dx = 1.000000
avances inclinados: inc_x_i = 1.000000, inc_y_i = 1.000000
updated: dy = 251.000000, dx = 1.000000
avances rectos: inc_x_r = 0.000000, inc_y_r 1.000000
reupdated: dy = 1.000000, dx = 251.000000
avanceR = 2.000000, avance -249.000000, avanceI 2.000000
----------------------------------------
x = 55.000000, y = 25.000000
avance = -249.000000, avanceR = 2.000000, avanceI = 2.000000
inc_x_r = 0.000000, inc_y_r = 1.000000, inc_x_i = 1.000000, inc_y_i = 1.000000
En el else......

----------------------------------------
x = 55.000000, y = 26.000000
avance = -247.000000, avanceR = 2.000000, avanceI = 2.000000
inc_x_r = 0.000000, inc_y_r = 1.000000, inc_x_i = 1.000000, inc_y_i = 1.000000
En el else......

----------------------------------------
x = 55.000000, y = 27.000000
avance = -245.000000, avanceR = 2.000000, avanceI = 2.000000
inc_x_r = 0.000000, inc_y_r = 1.000000, inc_x_i = 1.000000, inc_y_i = 1.000000
En el else......

----------------------------------------
x = 55.000000, y = 28.000000
avance = -243.000000, avanceR = 2.000000, avanceI = 2.000000
inc_x_r = 0.000000, inc_y_r = 1.000000, inc_x_i = 1.000000, inc_y_i = 1.000000
En el else......

----------------------------------------
x = 55.000000, y = 29.000000
avance = -241.000000, avanceR = 2.000000, avanceI = 2.000000
inc_x_r = 0.000000, inc_y_r = 1.000000, inc_x_i = 1.000000, inc_y_i = 1.000000
En el else......

----------------------------------------
x = 55.000000, y = 30.000000
avance = -239.000000, avanceR = 2.000000, avanceI = 2.000000
inc_x_r = 0.000000, inc_y_r = 1.000000, inc_x_i = 1.000000, inc_y_i = 1.000000
En el else......

----------------------------------------
x = 55.000000, y = 31.000000
avance = -237.000000, avanceR = 2.000000, avanceI = 2.000000
inc_x_r = 0.000000, inc_y_r = 1.000000, inc_x_i = 1.000000, inc_y_i = 1.000000
En el else......

----------------------------------------
x = 55.000000, y = 32.000000
avance = -235.000000, avanceR = 2.000000, avanceI = 2.000000
inc_x_r = 0.000000, inc_y_r = 1.000000, inc_x_i = 1.000000, inc_y_i = 1.000000
En el else......

----------------------------------------
x = 55.000000, y = 33.000000
avance = -233.000000, avanceR = 2.000000, avanceI = 2.000000
inc_x_r = 0.000000, inc_y_r = 1.000000, inc_x_i = 1.000000, inc_y_i = 1.000000
En el else......

----------------------------------------
x = 55.000000, y = 34.000000
avance = -231.000000, avanceR = 2.000000, avanceI = 2.000000
inc_x_r = 0.000000, inc_y_r = 1.000000, inc_x_i = 1.000000, inc_y_i = 1.000000
En el else......

----------------------------------------
x = 55.000000, y = 35.000000
avance = -229.000000, avanceR = 2.000000, avanceI = 2.000000
inc_x_r = 0.000000, inc_y_r = 1.000000, inc_x_i = 1.000000, inc_y_i = 1.000000
En el else......

----------------------------------------
x = 55.000000, y = 36.000000
avance = -227.000000, avanceR = 2.000000, avanceI = 2.000000
inc_x_r = 0.000000, inc_y_r = 1.000000, inc_x_i = 1.000000, inc_y_i = 1.000000
En el else......

----------------------------------------
x = 55.000000, y = 37.000000
avance = -225.000000, avanceR = 2.000000, avanceI = 2.000000
inc_x_r = 0.000000, inc_y_r = 1.000000, inc_x_i = 1.000000, inc_y_i = 1.000000
En el else......

----------------------------------------
x = 55.000000, y = 38.000000
avance = -223.000000, avanceR = 2.000000, avanceI = 2.000000
inc_x_r = 0.000000, inc_y_r = 1.000000, inc_x_i = 1.000000, inc_y_i = 1.000000
En el else......

----------------------------------------
x = 55.000000, y = 39.000000
avance = -221.000000, avanceR = 2.000000, avanceI = 2.000000
inc_x_r = 0.000000, inc_y_r = 1.000000, inc_x_i = 1.000000, inc_y_i = 1.000000
En el else......

----------------------------------------
x = 55.000000, y = 40.000000
avance = -219.000000, avanceR = 2.000000, avanceI = 2.000000
inc_x_r = 0.000000, inc_y_r = 1.000000, inc_x_i = 1.000000, inc_y_i = 1.000000
En el else......

----------------------------------------
x = 55.000000, y = 41.000000
avance = -217.000000, avanceR = 2.000000, avanceI = 2.000000
inc_x_r = 0.000000, inc_y_r = 1.000000, inc_x_i = 1.000000, inc_y_i = 1.000000
En el else......

----------------------------------------
x = 55.000000, y = 42.000000
avance = -215.000000, avanceR = 2.000000, avanceI = 2.000000
inc_x_r = 0.000000, inc_y_r = 1.000000, inc_x_i = 1.000000, inc_y_i = 1.000000
En el else......

----------------------------------------
x = 55.000000, y = 43.000000
avance = -213.000000, avanceR = 2.000000, avanceI = 2.000000
inc_x_r = 0.000000, inc_y_r = 1.000000, inc_x_i = 1.000000, inc_y_i = 1.000000
En el else......

----------------------------------------
x = 55.000000, y = 44.000000
avance = -211.000000, avanceR = 2.000000, avanceI = 2.000000
inc_x_r = 0.000000, inc_y_r = 1.000000, inc_x_i = 1.000000, inc_y_i = 1.000000
En el else......

----------------------------------------
x = 55.000000, y = 45.000000
avance = -209.000000, avanceR = 2.000000, avanceI = 2.000000
inc_x_r = 0.000000, inc_y_r = 1.000000, inc_x_i = 1.000000, inc_y_i = 1.000000
En el else......

----------------------------------------
x = 55.000000, y = 46.000000
avance = -207.000000, avanceR = 2.000000, avanceI = 2.000000
inc_x_r = 0.000000, inc_y_r = 1.000000, inc_x_i = 1.000000, inc_y_i = 1.000000
En el else......

----------------------------------------
x = 55.000000, y = 47.000000
avance = -205.000000, avanceR = 2.000000, avanceI = 2.000000
inc_x_r = 0.000000, inc_y_r = 1.000000, inc_x_i = 1.000000, inc_y_i = 1.000000
En el else......

----------------------------------------
x = 55.000000, y = 48.000000
avance = -203.000000, avanceR = 2.000000, avanceI = 2.000000
inc_x_r = 0.000000, inc_y_r = 1.000000, inc_x_i = 1.000000, inc_y_i = 1.000000
En el else......

----------------------------------------
x = 55.000000, y = 49.000000
avance = -201.000000, avanceR = 2.000000, avanceI = 2.000000
inc_x_r = 0.000000, inc_y_r = 1.000000, inc_x_i = 1.000000, inc_y_i = 1.000000
En el else......

----------------------------------------
x = 55.000000, y = 50.000000
avance = -199.000000, avanceR = 2.000000, avanceI = 2.000000
inc_x_r = 0.000000, inc_y_r = 1.000000, inc_x_i = 1.000000, inc_y_i = 1.000000
En el else......

----------------------------------------
x = 55.000000, y = 51.000000
avance = -197.000000, avanceR = 2.000000, avanceI = 2.000000
inc_x_r = 0.000000, inc_y_r = 1.000000, inc_x_i = 1.000000, inc_y_i = 1.000000
En el else......

----------------------------------------
x = 55.000000, y = 52.000000
avance = -195.000000, avanceR = 2.000000, avanceI = 2.000000
inc_x_r = 0.000000, inc_y_r = 1.000000, inc_x_i = 1.000000, inc_y_i = 1.000000
En el else......

----------------------------------------
x = 55.000000, y = 53.000000
avance = -193.000000, avanceR = 2.000000, avanceI = 2.000000
inc_x_r = 0.000000, inc_y_r = 1.000000, inc_x_i = 1.000000, inc_y_i = 1.000000
En el else......

----------------------------------------
x = 55.000000, y = 54.000000
avance = -191.000000, avanceR = 2.000000, avanceI = 2.000000
inc_x_r = 0.000000, inc_y_r = 1.000000, inc_x_i = 1.000000, inc_y_i = 1.000000
En el else......

----------------------------------------
x = 55.000000, y = 55.000000
avance = -189.000000, avanceR = 2.000000, avanceI = 2.000000
inc_x_r = 0.000000, inc_y_r = 1.000000, inc_x_i = 1.000000, inc_y_i = 1.000000
En el else......

----------------------------------------
x = 55.000000, y = 56.000000
avance = -187.000000, avanceR = 2.000000, avanceI = 2.000000
inc_x_r = 0.000000, inc_y_r = 1.000000, inc_x_i = 1.000000, inc_y_i = 1.000000
En el else......

----------------------------------------
x = 55.000000, y = 57.000000
avance = -185.000000, avanceR = 2.000000, avanceI = 2.000000
inc_x_r = 0.000000, inc_y_r = 1.000000, inc_x_i = 1.000000, inc_y_i = 1.000000
En el else......

----------------------------------------
x = 55.000000, y = 58.000000
avance = -183.000000, avanceR = 2.000000, avanceI = 2.000000
inc_x_r = 0.000000, inc_y_r = 1.000000, inc_x_i = 1.000000, inc_y_i = 1.000000
En el else......

----------------------------------------
x = 55.000000, y = 59.000000
avance = -181.000000, avanceR = 2.000000, avanceI = 2.000000
inc_x_r = 0.000000, inc_y_r = 1.000000, inc_x_i = 1.000000, inc_y_i = 1.000000
En el else......

----------------------------------------
x = 55.000000, y = 60.000000
avance = -179.000000, avanceR = 2.000000, avanceI = 2.000000
inc_x_r = 0.000000, inc_y_r = 1.000000, inc_x_i = 1.000000, inc_y_i = 1.000000
En el else......

----------------------------------------
x = 55.000000, y = 61.000000
avance = -177.000000, avanceR = 2.000000, avanceI = 2.000000
inc_x_r = 0.000000, inc_y_r = 1.000000, inc_x_i = 1.000000, inc_y_i = 1.000000
En el else......

----------------------------------------
x = 55.000000, y = 62.000000
avance = -175.000000, avanceR = 2.000000, avanceI = 2.000000
inc_x_r = 0.000000, inc_y_r = 1.000000, inc_x_i = 1.000000, inc_y_i = 1.000000
En el else......

----------------------------------------
x = 55.000000, y = 63.000000
avance = -173.000000, avanceR = 2.000000, avanceI = 2.000000
inc_x_r = 0.000000, inc_y_r = 1.000000, inc_x_i = 1.000000, inc_y_i = 1.000000
En el else......

----------------------------------------
x = 55.000000, y = 64.000000
avance = -171.000000, avanceR = 2.000000, avanceI = 2.000000
inc_x_r = 0.000000, inc_y_r = 1.000000, inc_x_i = 1.000000, inc_y_i = 1.000000
En el else......

----------------------------------------
x = 55.000000, y = 65.000000
avance = -169.000000, avanceR = 2.000000, avanceI = 2.000000
inc_x_r = 0.000000, inc_y_r = 1.000000, inc_x_i = 1.000000, inc_y_i = 1.000000
En el else......

----------------------------------------
x = 55.000000, y = 66.000000
avance = -167.000000, avanceR = 2.000000, avanceI = 2.000000
inc_x_r = 0.000000, inc_y_r = 1.000000, inc_x_i = 1.000000, inc_y_i = 1.000000
En el else......

----------------------------------------
x = 55.000000, y = 67.000000
avance = -165.000000, avanceR = 2.000000, avanceI = 2.000000
inc_x_r = 0.000000, inc_y_r = 1.000000, inc_x_i = 1.000000, inc_y_i = 1.000000
En el else......

----------------------------------------
x = 55.000000, y = 68.000000
avance = -163.000000, avanceR = 2.000000, avanceI = 2.000000
inc_x_r = 0.000000, inc_y_r = 1.000000, inc_x_i = 1.000000, inc_y_i = 1.000000
En el else......

----------------------------------------
x = 55.000000, y = 69.000000
avance = -161.000000, avanceR = 2.000000, avanceI = 2.000000
inc_x_r = 0.000000, inc_y_r = 1.000000, inc_x_i = 1.000000, inc_y_i = 1.000000
En el else......

----------------------------------------
x = 55.000000, y = 70.000000
avance = -159.000000, avanceR = 2.000000, avanceI = 2.000000
inc_x_r = 0.000000, inc_y_r = 1.000000, inc_x_i = 1.000000, inc_y_i = 1.000000
En el else......

----------------------------------------
x = 55.000000, y = 71.000000
avance = -157.000000, avanceR = 2.000000, avanceI = 2.000000
inc_x_r = 0.000000, inc_y_r = 1.000000, inc_x_i = 1.000000, inc_y_i = 1.000000
En el else......

----------------------------------------
x = 55.000000, y = 72.000000
avance = -155.000000, avanceR = 2.000000, avanceI = 2.000000
inc_x_r = 0.000000, inc_y_r = 1.000000, inc_x_i = 1.000000, inc_y_i = 1.000000
En el else......

----------------------------------------
x = 55.000000, y = 73.000000
avance = -153.000000, avanceR = 2.000000, avanceI = 2.000000
inc_x_r = 0.000000, inc_y_r = 1.000000, inc_x_i = 1.000000, inc_y_i = 1.000000
En el else......

----------------------------------------
x = 55.000000, y = 74.000000
avance = -151.000000, avanceR = 2.000000, avanceI = 2.000000
inc_x_r = 0.000000, inc_y_r = 1.000000, inc_x_i = 1.000000, inc_y_i = 1.000000
En el else......

----------------------------------------
x = 55.000000, y = 75.000000
avance = -149.000000, avanceR = 2.000000, avanceI = 2.000000
inc_x_r = 0.000000, inc_y_r = 1.000000, inc_x_i = 1.000000, inc_y_i = 1.000000
En el else......

----------------------------------------
x = 55.000000, y = 76.000000
avance = -147.000000, avanceR = 2.000000, avanceI = 2.000000
inc_x_r = 0.000000, inc_y_r = 1.000000, inc_x_i = 1.000000, inc_y_i = 1.000000
En el else......

----------------------------------------
x = 55.000000, y = 77.000000
avance = -145.000000, avanceR = 2.000000, avanceI = 2.000000
inc_x_r = 0.000000, inc_y_r = 1.000000, inc_x_i = 1.000000, inc_y_i = 1.000000
En el else......

----------------------------------------
x = 55.000000, y = 78.000000
avance = -143.000000, avanceR = 2.000000, avanceI = 2.000000
inc_x_r = 0.000000, inc_y_r = 1.000000, inc_x_i = 1.000000, inc_y_i = 1.000000
En el else......

----------------------------------------
x = 55.000000, y = 79.000000
avance = -141.000000, avanceR = 2.000000, avanceI = 2.000000
inc_x_r = 0.000000, inc_y_r = 1.000000, inc_x_i = 1.000000, inc_y_i = 1.000000
En el else......

----------------------------------------
x = 55.000000, y = 80.000000
avance = -139.000000, avanceR = 2.000000, avanceI = 2.000000
inc_x_r = 0.000000, inc_y_r = 1.000000, inc_x_i = 1.000000, inc_y_i = 1.000000
En el else......

----------------------------------------
x = 55.000000, y = 81.000000
avance = -137.000000, avanceR = 2.000000, avanceI = 2.000000
inc_x_r = 0.000000, inc_y_r = 1.000000, inc_x_i = 1.000000, inc_y_i = 1.000000
En el else......

----------------------------------------
x = 55.000000, y = 82.000000
avance = -135.000000, avanceR = 2.000000, avanceI = 2.000000
inc_x_r = 0.000000, inc_y_r = 1.000000, inc_x_i = 1.000000, inc_y_i = 1.000000
En el else......

----------------------------------------
x = 55.000000, y = 83.000000
avance = -133.000000, avanceR = 2.000000, avanceI = 2.000000
inc_x_r = 0.000000, inc_y_r = 1.000000, inc_x_i = 1.000000, inc_y_i = 1.000000
En el else......

----------------------------------------
x = 55.000000, y = 84.000000
avance = -131.000000, avanceR = 2.000000, avanceI = 2.000000
inc_x_r = 0.000000, inc_y_r = 1.000000, inc_x_i = 1.000000, inc_y_i = 1.000000
En el else......

----------------------------------------
x = 55.000000, y = 85.000000
avance = -129.000000, avanceR = 2.000000, avanceI = 2.000000
inc_x_r = 0.000000, inc_y_r = 1.000000, inc_x_i = 1.000000, inc_y_i = 1.000000
En el else......

----------------------------------------
x = 55.000000, y = 86.000000
avance = -127.000000, avanceR = 2.000000, avanceI = 2.000000
inc_x_r = 0.000000, inc_y_r = 1.000000, inc_x_i = 1.000000, inc_y_i = 1.000000
En el else......

----------------------------------------
x = 55.000000, y = 87.000000
avance = -125.000000, avanceR = 2.000000, avanceI = 2.000000
inc_x_r = 0.000000, inc_y_r = 1.000000, inc_x_i = 1.000000, inc_y_i = 1.000000
En el else......

----------------------------------------
x = 55.000000, y = 88.000000
avance = -123.000000, avanceR = 2.000000, avanceI = 2.000000
inc_x_r = 0.000000, inc_y_r = 1.000000, inc_x_i = 1.000000, inc_y_i = 1.000000
En el else......

----------------------------------------
x = 55.000000, y = 89.000000
avance = -121.000000, avanceR = 2.000000, avanceI = 2.000000
inc_x_r = 0.000000, inc_y_r = 1.000000, inc_x_i = 1.000000, inc_y_i = 1.000000
En el else......

----------------------------------------
x = 55.000000, y = 90.000000
avance = -119.000000, avanceR = 2.000000, avanceI = 2.000000
inc_x_r = 0.000000, inc_y_r = 1.000000, inc_x_i = 1.000000, inc_y_i = 1.000000
En el else......

----------------------------------------
x = 55.000000, y = 91.000000
avance = -117.000000, avanceR = 2.000000, avanceI = 2.000000
inc_x_r = 0.000000, inc_y_r = 1.000000, inc_x_i = 1.000000, inc_y_i = 1.000000
En el else......

----------------------------------------
x = 55.000000, y = 92.000000
avance = -115.000000, avanceR = 2.000000, avanceI = 2.000000
inc_x_r = 0.000000, inc_y_r = 1.000000, inc_x_i = 1.000000, inc_y_i = 1.000000
En el else......

----------------------------------------
x = 55.000000, y = 93.000000
avance = -113.000000, avanceR = 2.000000, avanceI = 2.000000
inc_x_r = 0.000000, inc_y_r = 1.000000, inc_x_i = 1.000000, inc_y_i = 1.000000
En el else......

----------------------------------------
x = 55.000000, y = 94.000000
avance = -111.000000, avanceR = 2.000000, avanceI = 2.000000
inc_x_r = 0.000000, inc_y_r = 1.000000, inc_x_i = 1.000000, inc_y_i = 1.000000
En el else......

----------------------------------------
x = 55.000000, y = 95.000000
avance = -109.000000, avanceR = 2.000000, avanceI = 2.000000
inc_x_r = 0.000000, inc_y_r = 1.000000, inc_x_i = 1.000000, inc_y_i = 1.000000
En el else......

----------------------------------------
x = 55.000000, y = 96.000000
avance = -107.000000, avanceR = 2.000000, avanceI = 2.000000
inc_x_r = 0.000000, inc_y_r = 1.000000, inc_x_i = 1.000000, inc_y_i = 1.000000
En el else......

----------------------------------------
x = 55.000000, y = 97.000000
avance = -105.000000, avanceR = 2.000000, avanceI = 2.000000
inc_x_r = 0.000000, inc_y_r = 1.000000, inc_x_i = 1.000000, inc_y_i = 1.000000
En el else......

----------------------------------------
x = 55.000000, y = 98.000000
avance = -103.000000, avanceR = 2.000000, avanceI = 2.000000
inc_x_r = 0.000000, inc_y_r = 1.000000, inc_x_i = 1.000000, inc_y_i = 1.000000
En el else......

----------------------------------------
x = 55.000000, y = 99.000000
avance = -101.000000, avanceR = 2.000000, avanceI = 2.000000
inc_x_r = 0.000000, inc_y_r = 1.000000, inc_x_i = 1.000000, inc_y_i = 1.000000
En el else......

----------------------------------------
x = 55.000000, y = 100.000000
avance = -99.000000, avanceR = 2.000000, avanceI = 2.000000
inc_x_r = 0.000000, inc_y_r = 1.000000, inc_x_i = 1.000000, inc_y_i = 1.000000
En el else......

----------------------------------------
x = 55.000000, y = 101.000000
avance = -97.000000, avanceR = 2.000000, avanceI = 2.000000
inc_x_r = 0.000000, inc_y_r = 1.000000, inc_x_i = 1.000000, inc_y_i = 1.000000
En el else......

----------------------------------------
x = 55.000000, y = 102.000000
avance = -95.000000, avanceR = 2.000000, avanceI = 2.000000
inc_x_r = 0.000000, inc_y_r = 1.000000, inc_x_i = 1.000000, inc_y_i = 1.000000
En el else......

----------------------------------------
x = 55.000000, y = 103.000000
avance = -93.000000, avanceR = 2.000000, avanceI = 2.000000
inc_x_r = 0.000000, inc_y_r = 1.000000, inc_x_i = 1.000000, inc_y_i = 1.000000
En el else......

----------------------------------------
x = 55.000000, y = 104.000000
avance = -91.000000, avanceR = 2.000000, avanceI = 2.000000
inc_x_r = 0.000000, inc_y_r = 1.000000, inc_x_i = 1.000000, inc_y_i = 1.000000
En el else......

----------------------------------------
x = 55.000000, y = 105.000000
avance = -89.000000, avanceR = 2.000000, avanceI = 2.000000
inc_x_r = 0.000000, inc_y_r = 1.000000, inc_x_i = 1.000000, inc_y_i = 1.000000
En el else......

----------------------------------------
x = 55.000000, y = 106.000000
avance = -87.000000, avanceR = 2.000000, avanceI = 2.000000
inc_x_r = 0.000000, inc_y_r = 1.000000, inc_x_i = 1.000000, inc_y_i = 1.000000
En el else......

----------------------------------------
x = 55.000000, y = 107.000000
avance = -85.000000, avanceR = 2.000000, avanceI = 2.000000
inc_x_r = 0.000000, inc_y_r = 1.000000, inc_x_i = 1.000000, inc_y_i = 1.000000
En el else......

----------------------------------------
x = 55.000000, y = 108.000000
avance = -83.000000, avanceR = 2.000000, avanceI = 2.000000
inc_x_r = 0.000000, inc_y_r = 1.000000, inc_x_i = 1.000000, inc_y_i = 1.000000
En el else......

----------------------------------------
x = 55.000000, y = 109.000000
avance = -81.000000, avanceR = 2.000000, avanceI = 2.000000
inc_x_r = 0.000000, inc_y_r = 1.000000, inc_x_i = 1.000000, inc_y_i = 1.000000
En el else......

----------------------------------------
x = 55.000000, y = 110.000000
avance = -79.000000, avanceR = 2.000000, avanceI = 2.000000
inc_x_r = 0.000000, inc_y_r = 1.000000, inc_x_i = 1.000000, inc_y_i = 1.000000
En el else......

----------------------------------------
x = 55.000000, y = 111.000000
avance = -77.000000, avanceR = 2.000000, avanceI = 2.000000
inc_x_r = 0.000000, inc_y_r = 1.000000, inc_x_i = 1.000000, inc_y_i = 1.000000
En el else......

----------------------------------------
x = 55.000000, y = 112.000000
avance = -75.000000, avanceR = 2.000000, avanceI = 2.000000
inc_x_r = 0.000000, inc_y_r = 1.000000, inc_x_i = 1.000000, inc_y_i = 1.000000
En el else......

----------------------------------------
x = 55.000000, y = 113.000000
avance = -73.000000, avanceR = 2.000000, avanceI = 2.000000
inc_x_r = 0.000000, inc_y_r = 1.000000, inc_x_i = 1.000000, inc_y_i = 1.000000
En el else......

----------------------------------------
x = 55.000000, y = 114.000000
avance = -71.000000, avanceR = 2.000000, avanceI = 2.000000
inc_x_r = 0.000000, inc_y_r = 1.000000, inc_x_i = 1.000000, inc_y_i = 1.000000
En el else......

----------------------------------------
x = 55.000000, y = 115.000000
avance = -69.000000, avanceR = 2.000000, avanceI = 2.000000
inc_x_r = 0.000000, inc_y_r = 1.000000, inc_x_i = 1.000000, inc_y_i = 1.000000
En el else......

----------------------------------------
x = 55.000000, y = 116.000000
avance = -67.000000, avanceR = 2.000000, avanceI = 2.000000
inc_x_r = 0.000000, inc_y_r = 1.000000, inc_x_i = 1.000000, inc_y_i = 1.000000
En el else......

----------------------------------------
x = 55.000000, y = 117.000000
avance = -65.000000, avanceR = 2.000000, avanceI = 2.000000
inc_x_r = 0.000000, inc_y_r = 1.000000, inc_x_i = 1.000000, inc_y_i = 1.000000
En el else......

----------------------------------------
x = 55.000000, y = 118.000000
avance = -63.000000, avanceR = 2.000000, avanceI = 2.000000
inc_x_r = 0.000000, inc_y_r = 1.000000, inc_x_i = 1.000000, inc_y_i = 1.000000
En el else......

----------------------------------------
x = 55.000000, y = 119.000000
avance = -61.000000, avanceR = 2.000000, avanceI = 2.000000
inc_x_r = 0.000000, inc_y_r = 1.000000, inc_x_i = 1.000000, inc_y_i = 1.000000
En el else......

----------------------------------------
x = 55.000000, y = 120.000000
avance = -59.000000, avanceR = 2.000000, avanceI = 2.000000
inc_x_r = 0.000000, inc_y_r = 1.000000, inc_x_i = 1.000000, inc_y_i = 1.000000
En el else......

----------------------------------------
x = 55.000000, y = 121.000000
avance = -57.000000, avanceR = 2.000000, avanceI = 2.000000
inc_x_r = 0.000000, inc_y_r = 1.000000, inc_x_i = 1.000000, inc_y_i = 1.000000
En el else......

----------------------------------------
x = 55.000000, y = 122.000000
avance = -55.000000, avanceR = 2.000000, avanceI = 2.000000
inc_x_r = 0.000000, inc_y_r = 1.000000, inc_x_i = 1.000000, inc_y_i = 1.000000
En el else......

----------------------------------------
x = 55.000000, y = 123.000000
avance = -53.000000, avanceR = 2.000000, avanceI = 2.000000
inc_x_r = 0.000000, inc_y_r = 1.000000, inc_x_i = 1.000000, inc_y_i = 1.000000
En el else......

----------------------------------------
x = 55.000000, y = 124.000000
avance = -51.000000, avanceR = 2.000000, avanceI = 2.000000
inc_x_r = 0.000000, inc_y_r = 1.000000, inc_x_i = 1.000000, inc_y_i = 1.000000
En el else......

----------------------------------------
x = 55.000000, y = 125.000000
avance = -49.000000, avanceR = 2.000000, avanceI = 2.000000
inc_x_r = 0.000000, inc_y_r = 1.000000, inc_x_i = 1.000000, inc_y_i = 1.000000
En el else......

----------------------------------------
x = 55.000000, y = 126.000000
avance = -47.000000, avanceR = 2.000000, avanceI = 2.000000
inc_x_r = 0.000000, inc_y_r = 1.000000, inc_x_i = 1.000000, inc_y_i = 1.000000
En el else......

----------------------------------------
x = 55.000000, y = 127.000000
avance = -45.000000, avanceR = 2.000000, avanceI = 2.000000
inc_x_r = 0.000000, inc_y_r = 1.000000, inc_x_i = 1.000000, inc_y_i = 1.000000
En el else......

----------------------------------------
x = 55.000000, y = 128.000000
avance = -43.000000, avanceR = 2.000000, avanceI = 2.000000
inc_x_r = 0.000000, inc_y_r = 1.000000, inc_x_i = 1.000000, inc_y_i = 1.000000
En el else......

----------------------------------------
x = 55.000000, y = 129.000000
avance = -41.000000, avanceR = 2.000000, avanceI = 2.000000
inc_x_r = 0.000000, inc_y_r = 1.000000, inc_x_i = 1.000000, inc_y_i = 1.000000
En el else......

----------------------------------------
x = 55.000000, y = 130.000000
avance = -39.000000, avanceR = 2.000000, avanceI = 2.000000
inc_x_r = 0.000000, inc_y_r = 1.000000, inc_x_i = 1.000000, inc_y_i = 1.000000
En el else......

----------------------------------------
x = 55.000000, y = 131.000000
avance = -37.000000, avanceR = 2.000000, avanceI = 2.000000
inc_x_r = 0.000000, inc_y_r = 1.000000, inc_x_i = 1.000000, inc_y_i = 1.000000
En el else......

----------------------------------------
x = 55.000000, y = 132.000000
avance = -35.000000, avanceR = 2.000000, avanceI = 2.000000
inc_x_r = 0.000000, inc_y_r = 1.000000, inc_x_i = 1.000000, inc_y_i = 1.000000
En el else......

----------------------------------------
x = 55.000000, y = 133.000000
avance = -33.000000, avanceR = 2.000000, avanceI = 2.000000
inc_x_r = 0.000000, inc_y_r = 1.000000, inc_x_i = 1.000000, inc_y_i = 1.000000
En el else......

----------------------------------------
x = 55.000000, y = 134.000000
avance = -31.000000, avanceR = 2.000000, avanceI = 2.000000
inc_x_r = 0.000000, inc_y_r = 1.000000, inc_x_i = 1.000000, inc_y_i = 1.000000
En el else......

----------------------------------------
x = 55.000000, y = 135.000000
avance = -29.000000, avanceR = 2.000000, avanceI = 2.000000
inc_x_r = 0.000000, inc_y_r = 1.000000, inc_x_i = 1.000000, inc_y_i = 1.000000
En el else......

----------------------------------------
x = 55.000000, y = 136.000000
avance = -27.000000, avanceR = 2.000000, avanceI = 2.000000
inc_x_r = 0.000000, inc_y_r = 1.000000, inc_x_i = 1.000000, inc_y_i = 1.000000
En el else......

----------------------------------------
x = 55.000000, y = 137.000000
avance = -25.000000, avanceR = 2.000000, avanceI = 2.000000
inc_x_r = 0.000000, inc_y_r = 1.000000, inc_x_i = 1.000000, inc_y_i = 1.000000
En el else......

----------------------------------------
x = 55.000000, y = 138.000000
avance = -23.000000, avanceR = 2.000000, avanceI = 2.000000
inc_x_r = 0.000000, inc_y_r = 1.000000, inc_x_i = 1.000000, inc_y_i = 1.000000
En el else......

----------------------------------------
x = 55.000000, y = 139.000000
avance = -21.000000, avanceR = 2.000000, avanceI = 2.000000
inc_x_r = 0.000000, inc_y_r = 1.000000, inc_x_i = 1.000000, inc_y_i = 1.000000
En el else......

----------------------------------------
x = 55.000000, y = 140.000000
avance = -19.000000, avanceR = 2.000000, avanceI = 2.000000
inc_x_r = 0.000000, inc_y_r = 1.000000, inc_x_i = 1.000000, inc_y_i = 1.000000
En el else......

----------------------------------------
x = 55.000000, y = 141.000000
avance = -17.000000, avanceR = 2.000000, avanceI = 2.000000
inc_x_r = 0.000000, inc_y_r = 1.000000, inc_x_i = 1.000000, inc_y_i = 1.000000
En el else......

----------------------------------------
x = 55.000000, y = 142.000000
avance = -15.000000, avanceR = 2.000000, avanceI = 2.000000
inc_x_r = 0.000000, inc_y_r = 1.000000, inc_x_i = 1.000000, inc_y_i = 1.000000
En el else......

----------------------------------------
x = 55.000000, y = 143.000000
avance = -13.000000, avanceR = 2.000000, avanceI = 2.000000
inc_x_r = 0.000000, inc_y_r = 1.000000, inc_x_i = 1.000000, inc_y_i = 1.000000
En el else......

----------------------------------------
x = 55.000000, y = 144.000000
avance = -11.000000, avanceR = 2.000000, avanceI = 2.000000
inc_x_r = 0.000000, inc_y_r = 1.000000, inc_x_i = 1.000000, inc_y_i = 1.000000
En el else......

----------------------------------------
x = 55.000000, y = 145.000000
avance = -9.000000, avanceR = 2.000000, avanceI = 2.000000
inc_x_r = 0.000000, inc_y_r = 1.000000, inc_x_i = 1.000000, inc_y_i = 1.000000
En el else......

----------------------------------------
x = 55.000000, y = 146.000000
avance = -7.000000, avanceR = 2.000000, avanceI = 2.000000
inc_x_r = 0.000000, inc_y_r = 1.000000, inc_x_i = 1.000000, inc_y_i = 1.000000
En el else......

----------------------------------------
x = 55.000000, y = 147.000000
avance = -5.000000, avanceR = 2.000000, avanceI = 2.000000
inc_x_r = 0.000000, inc_y_r = 1.000000, inc_x_i = 1.000000, inc_y_i = 1.000000
En el else......

----------------------------------------
x = 55.000000, y = 148.000000
avance = -3.000000, avanceR = 2.000000, avanceI = 2.000000
inc_x_r = 0.000000, inc_y_r = 1.000000, inc_x_i = 1.000000, inc_y_i = 1.000000
En el else......

----------------------------------------
x = 55.000000, y = 149.000000
avance = -1.000000, avanceR = 2.000000, avanceI = 2.000000
inc_x_r = 0.000000, inc_y_r = 1.000000, inc_x_i = 1.000000, inc_y_i = 1.000000
En el else......

----------------------------------------
x = 55.000000, y = 150.000000
avance = 1.000000, avanceR = 2.000000, avanceI = 2.000000
inc_x_r = 0.000000, inc_y_r = 1.000000, inc_x_i = 1.000000, inc_y_i = 1.000000
avance >= 0

----------------------------------------
x = 56.000000, y = 151.000000
avance = -499.000000, avanceR = 2.000000, avanceI = 2.000000
inc_x_r = 0.000000, inc_y_r = 1.000000, inc_x_i = 1.000000, inc_y_i = 1.000000
En el else......

----------------------------------------
x = 56.000000, y = 152.000000
avance = -497.000000, avanceR = 2.000000, avanceI = 2.000000
inc_x_r = 0.000000, inc_y_r = 1.000000, inc_x_i = 1.000000, inc_y_i = 1.000000
En el else......

----------------------------------------
x = 56.000000, y = 153.000000
avance = -495.000000, avanceR = 2.000000, avanceI = 2.000000
inc_x_r = 0.000000, inc_y_r = 1.000000, inc_x_i = 1.000000, inc_y_i = 1.000000
En el else......

----------------------------------------
x = 56.000000, y = 154.000000
avance = -493.000000, avanceR = 2.000000, avanceI = 2.000000
inc_x_r = 0.000000, inc_y_r = 1.000000, inc_x_i = 1.000000, inc_y_i = 1.000000
En el else......

----------------------------------------
x = 56.000000, y = 155.000000
avance = -491.000000, avanceR = 2.000000, avanceI = 2.000000
inc_x_r = 0.000000, inc_y_r = 1.000000, inc_x_i = 1.000000, inc_y_i = 1.000000
En el else......

----------------------------------------
x = 56.000000, y = 156.000000
avance = -489.000000, avanceR = 2.000000, avanceI = 2.000000
inc_x_r = 0.000000, inc_y_r = 1.000000, inc_x_i = 1.000000, inc_y_i = 1.000000
En el else......

----------------------------------------
x = 56.000000, y = 157.000000
avance = -487.000000, avanceR = 2.000000, avanceI = 2.000000
inc_x_r = 0.000000, inc_y_r = 1.000000, inc_x_i = 1.000000, inc_y_i = 1.000000
En el else......

----------------------------------------
x = 56.000000, y = 158.000000
avance = -485.000000, avanceR = 2.000000, avanceI = 2.000000
inc_x_r = 0.000000, inc_y_r = 1.000000, inc_x_i = 1.000000, inc_y_i = 1.000000
En el else......

----------------------------------------
x = 56.000000, y = 159.000000
avance = -483.000000, avanceR = 2.000000, avanceI = 2.000000
inc_x_r = 0.000000, inc_y_r = 1.000000, inc_x_i = 1.000000, inc_y_i = 1.000000
En el else......

----------------------------------------
x = 56.000000, y = 160.000000
avance = -481.000000, avanceR = 2.000000, avanceI = 2.000000
inc_x_r = 0.000000, inc_y_r = 1.000000, inc_x_i = 1.000000, inc_y_i = 1.000000
En el else......

----------------------------------------
x = 56.000000, y = 161.000000
avance = -479.000000, avanceR = 2.000000, avanceI = 2.000000
inc_x_r = 0.000000, inc_y_r = 1.000000, inc_x_i = 1.000000, inc_y_i = 1.000000
En el else......

----------------------------------------
x = 56.000000, y = 162.000000
avance = -477.000000, avanceR = 2.000000, avanceI = 2.000000
inc_x_r = 0.000000, inc_y_r = 1.000000, inc_x_i = 1.000000, inc_y_i = 1.000000
En el else......

----------------------------------------
x = 56.000000, y = 163.000000
avance = -475.000000, avanceR = 2.000000, avanceI = 2.000000
inc_x_r = 0.000000, inc_y_r = 1.000000, inc_x_i = 1.000000, inc_y_i = 1.000000
En el else......

----------------------------------------
x = 56.000000, y = 164.000000
avance = -473.000000, avanceR = 2.000000, avanceI = 2.000000
inc_x_r = 0.000000, inc_y_r = 1.000000, inc_x_i = 1.000000, inc_y_i = 1.000000
En el else......

----------------------------------------
x = 56.000000, y = 165.000000
avance = -471.000000, avanceR = 2.000000, avanceI = 2.000000
inc_x_r = 0.000000, inc_y_r = 1.000000, inc_x_i = 1.000000, inc_y_i = 1.000000
En el else......

----------------------------------------
x = 56.000000, y = 166.000000
avance = -469.000000, avanceR = 2.000000, avanceI = 2.000000
inc_x_r = 0.000000, inc_y_r = 1.000000, inc_x_i = 1.000000, inc_y_i = 1.000000
En el else......

----------------------------------------
x = 56.000000, y = 167.000000
avance = -467.000000, avanceR = 2.000000, avanceI = 2.000000
inc_x_r = 0.000000, inc_y_r = 1.000000, inc_x_i = 1.000000, inc_y_i = 1.000000
En el else......

----------------------------------------
x = 56.000000, y = 168.000000
avance = -465.000000, avanceR = 2.000000, avanceI = 2.000000
inc_x_r = 0.000000, inc_y_r = 1.000000, inc_x_i = 1.000000, inc_y_i = 1.000000
En el else......

----------------------------------------
x = 56.000000, y = 169.000000
avance = -463.000000, avanceR = 2.000000, avanceI = 2.000000
inc_x_r = 0.000000, inc_y_r = 1.000000, inc_x_i = 1.000000, inc_y_i = 1.000000
En el else......

----------------------------------------
x = 56.000000, y = 170.000000
avance = -461.000000, avanceR = 2.000000, avanceI = 2.000000
inc_x_r = 0.000000, inc_y_r = 1.000000, inc_x_i = 1.000000, inc_y_i = 1.000000
En el else......

----------------------------------------
x = 56.000000, y = 171.000000
avance = -459.000000, avanceR = 2.000000, avanceI = 2.000000
inc_x_r = 0.000000, inc_y_r = 1.000000, inc_x_i = 1.000000, inc_y_i = 1.000000
En el else......

----------------------------------------
x = 56.000000, y = 172.000000
avance = -457.000000, avanceR = 2.000000, avanceI = 2.000000
inc_x_r = 0.000000, inc_y_r = 1.000000, inc_x_i = 1.000000, inc_y_i = 1.000000
En el else......

----------------------------------------
x = 56.000000, y = 173.000000
avance = -455.000000, avanceR = 2.000000, avanceI = 2.000000
inc_x_r = 0.000000, inc_y_r = 1.000000, inc_x_i = 1.000000, inc_y_i = 1.000000
En el else......

----------------------------------------
x = 56.000000, y = 174.000000
avance = -453.000000, avanceR = 2.000000, avanceI = 2.000000
inc_x_r = 0.000000, inc_y_r = 1.000000, inc_x_i = 1.000000, inc_y_i = 1.000000
En el else......

----------------------------------------
x = 56.000000, y = 175.000000
avance = -451.000000, avanceR = 2.000000, avanceI = 2.000000
inc_x_r = 0.000000, inc_y_r = 1.000000, inc_x_i = 1.000000, inc_y_i = 1.000000
En el else......

----------------------------------------
x = 56.000000, y = 176.000000
avance = -449.000000, avanceR = 2.000000, avanceI = 2.000000
inc_x_r = 0.000000, inc_y_r = 1.000000, inc_x_i = 1.000000, inc_y_i = 1.000000
En el else......

----------------------------------------
x = 56.000000, y = 177.000000
avance = -447.000000, avanceR = 2.000000, avanceI = 2.000000
inc_x_r = 0.000000, inc_y_r = 1.000000, inc_x_i = 1.000000, inc_y_i = 1.000000
En el else......

----------------------------------------
x = 56.000000, y = 178.000000
avance = -445.000000, avanceR = 2.000000, avanceI = 2.000000
inc_x_r = 0.000000, inc_y_r = 1.000000, inc_x_i = 1.000000, inc_y_i = 1.000000
En el else......

----------------------------------------
x = 56.000000, y = 179.000000
avance = -443.000000, avanceR = 2.000000, avanceI = 2.000000
inc_x_r = 0.000000, inc_y_r = 1.000000, inc_x_i = 1.000000, inc_y_i = 1.000000
En el else......

----------------------------------------
x = 56.000000, y = 180.000000
avance = -441.000000, avanceR = 2.000000, avanceI = 2.000000
inc_x_r = 0.000000, inc_y_r = 1.000000, inc_x_i = 1.000000, inc_y_i = 1.000000
En el else......

----------------------------------------
x = 56.000000, y = 181.000000
avance = -439.000000, avanceR = 2.000000, avanceI = 2.000000
inc_x_r = 0.000000, inc_y_r = 1.000000, inc_x_i = 1.000000, inc_y_i = 1.000000
En el else......

----------------------------------------
x = 56.000000, y = 182.000000
avance = -437.000000, avanceR = 2.000000, avanceI = 2.000000
inc_x_r = 0.000000, inc_y_r = 1.000000, inc_x_i = 1.000000, inc_y_i = 1.000000
En el else......

----------------------------------------
x = 56.000000, y = 183.000000
avance = -435.000000, avanceR = 2.000000, avanceI = 2.000000
inc_x_r = 0.000000, inc_y_r = 1.000000, inc_x_i = 1.000000, inc_y_i = 1.000000
En el else......

----------------------------------------
x = 56.000000, y = 184.000000
avance = -433.000000, avanceR = 2.000000, avanceI = 2.000000
inc_x_r = 0.000000, inc_y_r = 1.000000, inc_x_i = 1.000000, inc_y_i = 1.000000
En el else......

----------------------------------------
x = 56.000000, y = 185.000000
avance = -431.000000, avanceR = 2.000000, avanceI = 2.000000
inc_x_r = 0.000000, inc_y_r = 1.000000, inc_x_i = 1.000000, inc_y_i = 1.000000
En el else......

----------------------------------------
x = 56.000000, y = 186.000000
avance = -429.000000, avanceR = 2.000000, avanceI = 2.000000
inc_x_r = 0.000000, inc_y_r = 1.000000, inc_x_i = 1.000000, inc_y_i = 1.000000
En el else......

----------------------------------------
x = 56.000000, y = 187.000000
avance = -427.000000, avanceR = 2.000000, avanceI = 2.000000
inc_x_r = 0.000000, inc_y_r = 1.000000, inc_x_i = 1.000000, inc_y_i = 1.000000
En el else......

----------------------------------------
x = 56.000000, y = 188.000000
avance = -425.000000, avanceR = 2.000000, avanceI = 2.000000
inc_x_r = 0.000000, inc_y_r = 1.000000, inc_x_i = 1.000000, inc_y_i = 1.000000
En el else......

----------------------------------------
x = 56.000000, y = 189.000000
avance = -423.000000, avanceR = 2.000000, avanceI = 2.000000
inc_x_r = 0.000000, inc_y_r = 1.000000, inc_x_i = 1.000000, inc_y_i = 1.000000
En el else......

----------------------------------------
x = 56.000000, y = 190.000000
avance = -421.000000, avanceR = 2.000000, avanceI = 2.000000
inc_x_r = 0.000000, inc_y_r = 1.000000, inc_x_i = 1.000000, inc_y_i = 1.000000
En el else......

----------------------------------------
x = 56.000000, y = 191.000000
avance = -419.000000, avanceR = 2.000000, avanceI = 2.000000
inc_x_r = 0.000000, inc_y_r = 1.000000, inc_x_i = 1.000000, inc_y_i = 1.000000
En el else......

----------------------------------------
x = 56.000000, y = 192.000000
avance = -417.000000, avanceR = 2.000000, avanceI = 2.000000
inc_x_r = 0.000000, inc_y_r = 1.000000, inc_x_i = 1.000000, inc_y_i = 1.000000
En el else......

----------------------------------------
x = 56.000000, y = 193.000000
avance = -415.000000, avanceR = 2.000000, avanceI = 2.000000
inc_x_r = 0.000000, inc_y_r = 1.000000, inc_x_i = 1.000000, inc_y_i = 1.000000
En el else......

----------------------------------------
x = 56.000000, y = 194.000000
avance = -413.000000, avanceR = 2.000000, avanceI = 2.000000
inc_x_r = 0.000000, inc_y_r = 1.000000, inc_x_i = 1.000000, inc_y_i = 1.000000
En el else......

----------------------------------------
x = 56.000000, y = 195.000000
avance = -411.000000, avanceR = 2.000000, avanceI = 2.000000
inc_x_r = 0.000000, inc_y_r = 1.000000, inc_x_i = 1.000000, inc_y_i = 1.000000
En el else......

----------------------------------------
x = 56.000000, y = 196.000000
avance = -409.000000, avanceR = 2.000000, avanceI = 2.000000
inc_x_r = 0.000000, inc_y_r = 1.000000, inc_x_i = 1.000000, inc_y_i = 1.000000
En el else......

----------------------------------------
x = 56.000000, y = 197.000000
avance = -407.000000, avanceR = 2.000000, avanceI = 2.000000
inc_x_r = 0.000000, inc_y_r = 1.000000, inc_x_i = 1.000000, inc_y_i = 1.000000
En el else......

----------------------------------------
x = 56.000000, y = 198.000000
avance = -405.000000, avanceR = 2.000000, avanceI = 2.000000
inc_x_r = 0.000000, inc_y_r = 1.000000, inc_x_i = 1.000000, inc_y_i = 1.000000
En el else......

----------------------------------------
x = 56.000000, y = 199.000000
avance = -403.000000, avanceR = 2.000000, avanceI = 2.000000
inc_x_r = 0.000000, inc_y_r = 1.000000, inc_x_i = 1.000000, inc_y_i = 1.000000
En el else......

----------------------------------------
x = 56.000000, y = 200.000000
avance = -401.000000, avanceR = 2.000000, avanceI = 2.000000
inc_x_r = 0.000000, inc_y_r = 1.000000, inc_x_i = 1.000000, inc_y_i = 1.000000
En el else......

----------------------------------------
x = 56.000000, y = 201.000000
avance = -399.000000, avanceR = 2.000000, avanceI = 2.000000
inc_x_r = 0.000000, inc_y_r = 1.000000, inc_x_i = 1.000000, inc_y_i = 1.000000
En el else......

----------------------------------------
x = 56.000000, y = 202.000000
avance = -397.000000, avanceR = 2.000000, avanceI = 2.000000
inc_x_r = 0.000000, inc_y_r = 1.000000, inc_x_i = 1.000000, inc_y_i = 1.000000
En el else......

----------------------------------------
x = 56.000000, y = 203.000000
avance = -395.000000, avanceR = 2.000000, avanceI = 2.000000
inc_x_r = 0.000000, inc_y_r = 1.000000, inc_x_i = 1.000000, inc_y_i = 1.000000
En el else......

----------------------------------------
x = 56.000000, y = 204.000000
avance = -393.000000, avanceR = 2.000000, avanceI = 2.000000
inc_x_r = 0.000000, inc_y_r = 1.000000, inc_x_i = 1.000000, inc_y_i = 1.000000
En el else......

----------------------------------------
x = 56.000000, y = 205.000000
avance = -391.000000, avanceR = 2.000000, avanceI = 2.000000
inc_x_r = 0.000000, inc_y_r = 1.000000, inc_x_i = 1.000000, inc_y_i = 1.000000
En el else......

----------------------------------------
x = 56.000000, y = 206.000000
avance = -389.000000, avanceR = 2.000000, avanceI = 2.000000
inc_x_r = 0.000000, inc_y_r = 1.000000, inc_x_i = 1.000000, inc_y_i = 1.000000
En el else......

----------------------------------------
x = 56.000000, y = 207.000000
avance = -387.000000, avanceR = 2.000000, avanceI = 2.000000
inc_x_r = 0.000000, inc_y_r = 1.000000, inc_x_i = 1.000000, inc_y_i = 1.000000
En el else......

----------------------------------------
x = 56.000000, y = 208.000000
avance = -385.000000, avanceR = 2.000000, avanceI = 2.000000
inc_x_r = 0.000000, inc_y_r = 1.000000, inc_x_i = 1.000000, inc_y_i = 1.000000
En el else......

----------------------------------------
x = 56.000000, y = 209.000000
avance = -383.000000, avanceR = 2.000000, avanceI = 2.000000
inc_x_r = 0.000000, inc_y_r = 1.000000, inc_x_i = 1.000000, inc_y_i = 1.000000
En el else......

----------------------------------------
x = 56.000000, y = 210.000000
avance = -381.000000, avanceR = 2.000000, avanceI = 2.000000
inc_x_r = 0.000000, inc_y_r = 1.000000, inc_x_i = 1.000000, inc_y_i = 1.000000
En el else......

----------------------------------------
x = 56.000000, y = 211.000000
avance = -379.000000, avanceR = 2.000000, avanceI = 2.000000
inc_x_r = 0.000000, inc_y_r = 1.000000, inc_x_i = 1.000000, inc_y_i = 1.000000
En el else......

----------------------------------------
x = 56.000000, y = 212.000000
avance = -377.000000, avanceR = 2.000000, avanceI = 2.000000
inc_x_r = 0.000000, inc_y_r = 1.000000, inc_x_i = 1.000000, inc_y_i = 1.000000
En el else......

----------------------------------------
x = 56.000000, y = 213.000000
avance = -375.000000, avanceR = 2.000000, avanceI = 2.000000
inc_x_r = 0.000000, inc_y_r = 1.000000, inc_x_i = 1.000000, inc_y_i = 1.000000
En el else......

----------------------------------------
x = 56.000000, y = 214.000000
avance = -373.000000, avanceR = 2.000000, avanceI = 2.000000
inc_x_r = 0.000000, inc_y_r = 1.000000, inc_x_i = 1.000000, inc_y_i = 1.000000
En el else......

----------------------------------------
x = 56.000000, y = 215.000000
avance = -371.000000, avanceR = 2.000000, avanceI = 2.000000
inc_x_r = 0.000000, inc_y_r = 1.000000, inc_x_i = 1.000000, inc_y_i = 1.000000
En el else......

----------------------------------------
x = 56.000000, y = 216.000000
avance = -369.000000, avanceR = 2.000000, avanceI = 2.000000
inc_x_r = 0.000000, inc_y_r = 1.000000, inc_x_i = 1.000000, inc_y_i = 1.000000
En el else......

----------------------------------------
x = 56.000000, y = 217.000000
avance = -367.000000, avanceR = 2.000000, avanceI = 2.000000
inc_x_r = 0.000000, inc_y_r = 1.000000, inc_x_i = 1.000000, inc_y_i = 1.000000
En el else......

----------------------------------------
x = 56.000000, y = 218.000000
avance = -365.000000, avanceR = 2.000000, avanceI = 2.000000
inc_x_r = 0.000000, inc_y_r = 1.000000, inc_x_i = 1.000000, inc_y_i = 1.000000
En el else......

----------------------------------------
x = 56.000000, y = 219.000000
avance = -363.000000, avanceR = 2.000000, avanceI = 2.000000
inc_x_r = 0.000000, inc_y_r = 1.000000, inc_x_i = 1.000000, inc_y_i = 1.000000
En el else......

----------------------------------------
x = 56.000000, y = 220.000000
avance = -361.000000, avanceR = 2.000000, avanceI = 2.000000
inc_x_r = 0.000000, inc_y_r = 1.000000, inc_x_i = 1.000000, inc_y_i = 1.000000
En el else......

----------------------------------------
x = 56.000000, y = 221.000000
avance = -359.000000, avanceR = 2.000000, avanceI = 2.000000
inc_x_r = 0.000000, inc_y_r = 1.000000, inc_x_i = 1.000000, inc_y_i = 1.000000
En el else......

----------------------------------------
x = 56.000000, y = 222.000000
avance = -357.000000, avanceR = 2.000000, avanceI = 2.000000
inc_x_r = 0.000000, inc_y_r = 1.000000, inc_x_i = 1.000000, inc_y_i = 1.000000
En el else......

----------------------------------------
x = 56.000000, y = 223.000000
avance = -355.000000, avanceR = 2.000000, avanceI = 2.000000
inc_x_r = 0.000000, inc_y_r = 1.000000, inc_x_i = 1.000000, inc_y_i = 1.000000
En el else......

----------------------------------------
x = 56.000000, y = 224.000000
avance = -353.000000, avanceR = 2.000000, avanceI = 2.000000
inc_x_r = 0.000000, inc_y_r = 1.000000, inc_x_i = 1.000000, inc_y_i = 1.000000
En el else......

----------------------------------------
x = 56.000000, y = 225.000000
avance = -351.000000, avanceR = 2.000000, avanceI = 2.000000
inc_x_r = 0.000000, inc_y_r = 1.000000, inc_x_i = 1.000000, inc_y_i = 1.000000
En el else......

----------------------------------------
x = 56.000000, y = 226.000000
avance = -349.000000, avanceR = 2.000000, avanceI = 2.000000
inc_x_r = 0.000000, inc_y_r = 1.000000, inc_x_i = 1.000000, inc_y_i = 1.000000
En el else......

----------------------------------------
x = 56.000000, y = 227.000000
avance = -347.000000, avanceR = 2.000000, avanceI = 2.000000
inc_x_r = 0.000000, inc_y_r = 1.000000, inc_x_i = 1.000000, inc_y_i = 1.000000
En el else......

----------------------------------------
x = 56.000000, y = 228.000000
avance = -345.000000, avanceR = 2.000000, avanceI = 2.000000
inc_x_r = 0.000000, inc_y_r = 1.000000, inc_x_i = 1.000000, inc_y_i = 1.000000
En el else......

----------------------------------------
x = 56.000000, y = 229.000000
avance = -343.000000, avanceR = 2.000000, avanceI = 2.000000
inc_x_r = 0.000000, inc_y_r = 1.000000, inc_x_i = 1.000000, inc_y_i = 1.000000
En el else......

----------------------------------------
x = 56.000000, y = 230.000000
avance = -341.000000, avanceR = 2.000000, avanceI = 2.000000
inc_x_r = 0.000000, inc_y_r = 1.000000, inc_x_i = 1.000000, inc_y_i = 1.000000
En el else......

----------------------------------------
x = 56.000000, y = 231.000000
avance = -339.000000, avanceR = 2.000000, avanceI = 2.000000
inc_x_r = 0.000000, inc_y_r = 1.000000, inc_x_i = 1.000000, inc_y_i = 1.000000
En el else......

----------------------------------------
x = 56.000000, y = 232.000000
avance = -337.000000, avanceR = 2.000000, avanceI = 2.000000
inc_x_r = 0.000000, inc_y_r = 1.000000, inc_x_i = 1.000000, inc_y_i = 1.000000
En el else......

----------------------------------------
x = 56.000000, y = 233.000000
avance = -335.000000, avanceR = 2.000000, avanceI = 2.000000
inc_x_r = 0.000000, inc_y_r = 1.000000, inc_x_i = 1.000000, inc_y_i = 1.000000
En el else......

----------------------------------------
x = 56.000000, y = 234.000000
avance = -333.000000, avanceR = 2.000000, avanceI = 2.000000
inc_x_r = 0.000000, inc_y_r = 1.000000, inc_x_i = 1.000000, inc_y_i = 1.000000
En el else......

----------------------------------------
x = 56.000000, y = 235.000000
avance = -331.000000, avanceR = 2.000000, avanceI = 2.000000
inc_x_r = 0.000000, inc_y_r = 1.000000, inc_x_i = 1.000000, inc_y_i = 1.000000
En el else......

----------------------------------------
x = 56.000000, y = 236.000000
avance = -329.000000, avanceR = 2.000000, avanceI = 2.000000
inc_x_r = 0.000000, inc_y_r = 1.000000, inc_x_i = 1.000000, inc_y_i = 1.000000
En el else......

----------------------------------------
x = 56.000000, y = 237.000000
avance = -327.000000, avanceR = 2.000000, avanceI = 2.000000
inc_x_r = 0.000000, inc_y_r = 1.000000, inc_x_i = 1.000000, inc_y_i = 1.000000
En el else......

----------------------------------------
x = 56.000000, y = 238.000000
avance = -325.000000, avanceR = 2.000000, avanceI = 2.000000
inc_x_r = 0.000000, inc_y_r = 1.000000, inc_x_i = 1.000000, inc_y_i = 1.000000
En el else......

----------------------------------------
x = 56.000000, y = 239.000000
avance = -323.000000, avanceR = 2.000000, avanceI = 2.000000
inc_x_r = 0.000000, inc_y_r = 1.000000, inc_x_i = 1.000000, inc_y_i = 1.000000
En el else......

----------------------------------------
x = 56.000000, y = 240.000000
avance = -321.000000, avanceR = 2.000000, avanceI = 2.000000
inc_x_r = 0.000000, inc_y_r = 1.000000, inc_x_i = 1.000000, inc_y_i = 1.000000
En el else......

----------------------------------------
x = 56.000000, y = 241.000000
avance = -319.000000, avanceR = 2.000000, avanceI = 2.000000
inc_x_r = 0.000000, inc_y_r = 1.000000, inc_x_i = 1.000000, inc_y_i = 1.000000
En el else......

----------------------------------------
x = 56.000000, y = 242.000000
avance = -317.000000, avanceR = 2.000000, avanceI = 2.000000
inc_x_r = 0.000000, inc_y_r = 1.000000, inc_x_i = 1.000000, inc_y_i = 1.000000
En el else......

----------------------------------------
x = 56.000000, y = 243.000000
avance = -315.000000, avanceR = 2.000000, avanceI = 2.000000
inc_x_r = 0.000000, inc_y_r = 1.000000, inc_x_i = 1.000000, inc_y_i = 1.000000
En el else......

----------------------------------------
x = 56.000000, y = 244.000000
avance = -313.000000, avanceR = 2.000000, avanceI = 2.000000
inc_x_r = 0.000000, inc_y_r = 1.000000, inc_x_i = 1.000000, inc_y_i = 1.000000
En el else......

----------------------------------------
x = 56.000000, y = 245.000000
avance = -311.000000, avanceR = 2.000000, avanceI = 2.000000
inc_x_r = 0.000000, inc_y_r = 1.000000, inc_x_i = 1.000000, inc_y_i = 1.000000
En el else......

----------------------------------------
x = 56.000000, y = 246.000000
avance = -309.000000, avanceR = 2.000000, avanceI = 2.000000
inc_x_r = 0.000000, inc_y_r = 1.000000, inc_x_i = 1.000000, inc_y_i = 1.000000
En el else......

----------------------------------------
x = 56.000000, y = 247.000000
avance = -307.000000, avanceR = 2.000000, avanceI = 2.000000
inc_x_r = 0.000000, inc_y_r = 1.000000, inc_x_i = 1.000000, inc_y_i = 1.000000
En el else......

----------------------------------------
x = 56.000000, y = 248.000000
avance = -305.000000, avanceR = 2.000000, avanceI = 2.000000
inc_x_r = 0.000000, inc_y_r = 1.000000, inc_x_i = 1.000000, inc_y_i = 1.000000
En el else......

----------------------------------------
x = 56.000000, y = 249.000000
avance = -303.000000, avanceR = 2.000000, avanceI = 2.000000
inc_x_r = 0.000000, inc_y_r = 1.000000, inc_x_i = 1.000000, inc_y_i = 1.000000
En el else......

----------------------------------------
x = 56.000000, y = 250.000000
avance = -301.000000, avanceR = 2.000000, avanceI = 2.000000
inc_x_r = 0.000000, inc_y_r = 1.000000, inc_x_i = 1.000000, inc_y_i = 1.000000
En el else......

----------------------------------------
x = 56.000000, y = 251.000000
avance = -299.000000, avanceR = 2.000000, avanceI = 2.000000
inc_x_r = 0.000000, inc_y_r = 1.000000, inc_x_i = 1.000000, inc_y_i = 1.000000
En el else......

----------------------------------------
x = 56.000000, y = 252.000000
avance = -297.000000, avanceR = 2.000000, avanceI = 2.000000
inc_x_r = 0.000000, inc_y_r = 1.000000, inc_x_i = 1.000000, inc_y_i = 1.000000
En el else......

----------------------------------------
x = 56.000000, y = 253.000000
avance = -295.000000, avanceR = 2.000000, avanceI = 2.000000
inc_x_r = 0.000000, inc_y_r = 1.000000, inc_x_i = 1.000000, inc_y_i = 1.000000
En el else......

----------------------------------------
x = 56.000000, y = 254.000000
avance = -293.000000, avanceR = 2.000000, avanceI = 2.000000
inc_x_r = 0.000000, inc_y_r = 1.000000, inc_x_i = 1.000000, inc_y_i = 1.000000
En el else......

----------------------------------------
x = 56.000000, y = 255.000000
avance = -291.000000, avanceR = 2.000000, avanceI = 2.000000
inc_x_r = 0.000000, inc_y_r = 1.000000, inc_x_i = 1.000000, inc_y_i = 1.000000
En el else......

----------------------------------------
x = 56.000000, y = 256.000000
avance = -289.000000, avanceR = 2.000000, avanceI = 2.000000
inc_x_r = 0.000000, inc_y_r = 1.000000, inc_x_i = 1.000000, inc_y_i = 1.000000
En el else......

----------------------------------------
x = 56.000000, y = 257.000000
avance = -287.000000, avanceR = 2.000000, avanceI = 2.000000
inc_x_r = 0.000000, inc_y_r = 1.000000, inc_x_i = 1.000000, inc_y_i = 1.000000
En el else......

----------------------------------------
x = 56.000000, y = 258.000000
avance = -285.000000, avanceR = 2.000000, avanceI = 2.000000
inc_x_r = 0.000000, inc_y_r = 1.000000, inc_x_i = 1.000000, inc_y_i = 1.000000
En el else......

----------------------------------------
x = 56.000000, y = 259.000000
avance = -283.000000, avanceR = 2.000000, avanceI = 2.000000
inc_x_r = 0.000000, inc_y_r = 1.000000, inc_x_i = 1.000000, inc_y_i = 1.000000
En el else......

----------------------------------------
x = 56.000000, y = 260.000000
avance = -281.000000, avanceR = 2.000000, avanceI = 2.000000
inc_x_r = 0.000000, inc_y_r = 1.000000, inc_x_i = 1.000000, inc_y_i = 1.000000
En el else......

----------------------------------------
x = 56.000000, y = 261.000000
avance = -279.000000, avanceR = 2.000000, avanceI = 2.000000
inc_x_r = 0.000000, inc_y_r = 1.000000, inc_x_i = 1.000000, inc_y_i = 1.000000
En el else......

----------------------------------------
x = 56.000000, y = 262.000000
avance = -277.000000, avanceR = 2.000000, avanceI = 2.000000
inc_x_r = 0.000000, inc_y_r = 1.000000, inc_x_i = 1.000000, inc_y_i = 1.000000
En el else......

----------------------------------------
x = 56.000000, y = 263.000000
avance = -275.000000, avanceR = 2.000000, avanceI = 2.000000
inc_x_r = 0.000000, inc_y_r = 1.000000, inc_x_i = 1.000000, inc_y_i = 1.000000
En el else......

----------------------------------------
x = 56.000000, y = 264.000000
avance = -273.000000, avanceR = 2.000000, avanceI = 2.000000
inc_x_r = 0.000000, inc_y_r = 1.000000, inc_x_i = 1.000000, inc_y_i = 1.000000
En el else......

----------------------------------------
x = 56.000000, y = 265.000000
avance = -271.000000, avanceR = 2.000000, avanceI = 2.000000
inc_x_r = 0.000000, inc_y_r = 1.000000, inc_x_i = 1.000000, inc_y_i = 1.000000
En el else......

----------------------------------------
x = 56.000000, y = 266.000000
avance = -269.000000, avanceR = 2.000000, avanceI = 2.000000
inc_x_r = 0.000000, inc_y_r = 1.000000, inc_x_i = 1.000000, inc_y_i = 1.000000
En el else......

----------------------------------------
x = 56.000000, y = 267.000000
avance = -267.000000, avanceR = 2.000000, avanceI = 2.000000
inc_x_r = 0.000000, inc_y_r = 1.000000, inc_x_i = 1.000000, inc_y_i = 1.000000
En el else......

----------------------------------------
x = 56.000000, y = 268.000000
avance = -265.000000, avanceR = 2.000000, avanceI = 2.000000
inc_x_r = 0.000000, inc_y_r = 1.000000, inc_x_i = 1.000000, inc_y_i = 1.000000
En el else......

----------------------------------------
x = 56.000000, y = 269.000000
avance = -263.000000, avanceR = 2.000000, avanceI = 2.000000
inc_x_r = 0.000000, inc_y_r = 1.000000, inc_x_i = 1.000000, inc_y_i = 1.000000
En el else......

----------------------------------------
x = 56.000000, y = 270.000000
avance = -261.000000, avanceR = 2.000000, avanceI = 2.000000
inc_x_r = 0.000000, inc_y_r = 1.000000, inc_x_i = 1.000000, inc_y_i = 1.000000
En el else......

----------------------------------------
x = 56.000000, y = 271.000000
avance = -259.000000, avanceR = 2.000000, avanceI = 2.000000
inc_x_r = 0.000000, inc_y_r = 1.000000, inc_x_i = 1.000000, inc_y_i = 1.000000
En el else......

----------------------------------------
x = 56.000000, y = 272.000000
avance = -257.000000, avanceR = 2.000000, avanceI = 2.000000
inc_x_r = 0.000000, inc_y_r = 1.000000, inc_x_i = 1.000000, inc_y_i = 1.000000
En el else......

----------------------------------------
x = 56.000000, y = 273.000000
avance = -255.000000, avanceR = 2.000000, avanceI = 2.000000
inc_x_r = 0.000000, inc_y_r = 1.000000, inc_x_i = 1.000000, inc_y_i = 1.000000
En el else......

----------------------------------------
x = 56.000000, y = 274.000000
avance = -253.000000, avanceR = 2.000000, avanceI = 2.000000
inc_x_r = 0.000000, inc_y_r = 1.000000, inc_x_i = 1.000000, inc_y_i = 1.000000
En el else......

----------------------------------------
x = 56.000000, y = 275.000000
avance = -251.000000, avanceR = 2.000000, avanceI = 2.000000
inc_x_r = 0.000000, inc_y_r = 1.000000, inc_x_i = 1.000000, inc_y_i = 1.000000
En el else......

----------------------------------------


ENTRAMOS A BRESENHAMªªªª
x1 = 55.000000 - y1 = 15.000000 || x2 = 56.000000 - y2 = 266.000000
dy = 251.000000, dx = 1.000000
avances inclinados: inc_x_i = 1.000000, inc_y_i = 1.000000
updated: dy = 251.000000, dx = 1.000000
avances rectos: inc_x_r = 0.000000, inc_y_r 1.000000
reupdated: dy = 1.000000, dx = 251.000000
avanceR = 2.000000, avance -249.000000, avanceI 2.000000
----------------------------------------
x = 55.000000, y = 15.000000
avance = -249.000000, avanceR = 2.000000, avanceI = 2.000000
inc_x_r = 0.000000, inc_y_r = 1.000000, inc_x_i = 1.000000, inc_y_i = 1.000000
En el else......

----------------------------------------
x = 55.000000, y = 16.000000
avance = -247.000000, avanceR = 2.000000, avanceI = 2.000000
inc_x_r = 0.000000, inc_y_r = 1.000000, inc_x_i = 1.000000, inc_y_i = 1.000000
En el else......

----------------------------------------
x = 55.000000, y = 17.000000
avance = -245.000000, avanceR = 2.000000, avanceI = 2.000000
inc_x_r = 0.000000, inc_y_r = 1.000000, inc_x_i = 1.000000, inc_y_i = 1.000000
En el else......

----------------------------------------
x = 55.000000, y = 18.000000
avance = -243.000000, avanceR = 2.000000, avanceI = 2.000000
inc_x_r = 0.000000, inc_y_r = 1.000000, inc_x_i = 1.000000, inc_y_i = 1.000000
En el else......

----------------------------------------
x = 55.000000, y = 19.000000
avance = -241.000000, avanceR = 2.000000, avanceI = 2.000000
inc_x_r = 0.000000, inc_y_r = 1.000000, inc_x_i = 1.000000, inc_y_i = 1.000000
En el else......

----------------------------------------
x = 55.000000, y = 20.000000
avance = -239.000000, avanceR = 2.000000, avanceI = 2.000000
inc_x_r = 0.000000, inc_y_r = 1.000000, inc_x_i = 1.000000, inc_y_i = 1.000000
En el else......

----------------------------------------
x = 55.000000, y = 21.000000
avance = -237.000000, avanceR = 2.000000, avanceI = 2.000000
inc_x_r = 0.000000, inc_y_r = 1.000000, inc_x_i = 1.000000, inc_y_i = 1.000000
En el else......

----------------------------------------
x = 55.000000, y = 22.000000
avance = -235.000000, avanceR = 2.000000, avanceI = 2.000000
inc_x_r = 0.000000, inc_y_r = 1.000000, inc_x_i = 1.000000, inc_y_i = 1.000000
En el else......

----------------------------------------
x = 55.000000, y = 23.000000
avance = -233.000000, avanceR = 2.000000, avanceI = 2.000000
inc_x_r = 0.000000, inc_y_r = 1.000000, inc_x_i = 1.000000, inc_y_i = 1.000000
En el else......

----------------------------------------
x = 55.000000, y = 24.000000
avance = -231.000000, avanceR = 2.000000, avanceI = 2.000000
inc_x_r = 0.000000, inc_y_r = 1.000000, inc_x_i = 1.000000, inc_y_i = 1.000000
En el else......

----------------------------------------
x = 55.000000, y = 25.000000
avance = -229.000000, avanceR = 2.000000, avanceI = 2.000000
inc_x_r = 0.000000, inc_y_r = 1.000000, inc_x_i = 1.000000, inc_y_i = 1.000000
En el else......

----------------------------------------
x = 55.000000, y = 26.000000
avance = -227.000000, avanceR = 2.000000, avanceI = 2.000000
inc_x_r = 0.000000, inc_y_r = 1.000000, inc_x_i = 1.000000, inc_y_i = 1.000000
En el else......

----------------------------------------
x = 55.000000, y = 27.000000
avance = -225.000000, avanceR = 2.000000, avanceI = 2.000000
inc_x_r = 0.000000, inc_y_r = 1.000000, inc_x_i = 1.000000, inc_y_i = 1.000000
En el else......

----------------------------------------
x = 55.000000, y = 28.000000
avance = -223.000000, avanceR = 2.000000, avanceI = 2.000000
inc_x_r = 0.000000, inc_y_r = 1.000000, inc_x_i = 1.000000, inc_y_i = 1.000000
En el else......

----------------------------------------
x = 55.000000, y = 29.000000
avance = -221.000000, avanceR = 2.000000, avanceI = 2.000000
inc_x_r = 0.000000, inc_y_r = 1.000000, inc_x_i = 1.000000, inc_y_i = 1.000000
En el else......

----------------------------------------
x = 55.000000, y = 30.000000
avance = -219.000000, avanceR = 2.000000, avanceI = 2.000000
inc_x_r = 0.000000, inc_y_r = 1.000000, inc_x_i = 1.000000, inc_y_i = 1.000000
En el else......

----------------------------------------
x = 55.000000, y = 31.000000
avance = -217.000000, avanceR = 2.000000, avanceI = 2.000000
inc_x_r = 0.000000, inc_y_r = 1.000000, inc_x_i = 1.000000, inc_y_i = 1.000000
En el else......

----------------------------------------
x = 55.000000, y = 32.000000
avance = -215.000000, avanceR = 2.000000, avanceI = 2.000000
inc_x_r = 0.000000, inc_y_r = 1.000000, inc_x_i = 1.000000, inc_y_i = 1.000000
En el else......

----------------------------------------
x = 55.000000, y = 33.000000
avance = -213.000000, avanceR = 2.000000, avanceI = 2.000000
inc_x_r = 0.000000, inc_y_r = 1.000000, inc_x_i = 1.000000, inc_y_i = 1.000000
En el else......

----------------------------------------
x = 55.000000, y = 34.000000
avance = -211.000000, avanceR = 2.000000, avanceI = 2.000000
inc_x_r = 0.000000, inc_y_r = 1.000000, inc_x_i = 1.000000, inc_y_i = 1.000000
En el else......

----------------------------------------
x = 55.000000, y = 35.000000
avance = -209.000000, avanceR = 2.000000, avanceI = 2.000000
inc_x_r = 0.000000, inc_y_r = 1.000000, inc_x_i = 1.000000, inc_y_i = 1.000000
En el else......

----------------------------------------
x = 55.000000, y = 36.000000
avance = -207.000000, avanceR = 2.000000, avanceI = 2.000000
inc_x_r = 0.000000, inc_y_r = 1.000000, inc_x_i = 1.000000, inc_y_i = 1.000000
En el else......

----------------------------------------
x = 55.000000, y = 37.000000
avance = -205.000000, avanceR = 2.000000, avanceI = 2.000000
inc_x_r = 0.000000, inc_y_r = 1.000000, inc_x_i = 1.000000, inc_y_i = 1.000000
En el else......

----------------------------------------
x = 55.000000, y = 38.000000
avance = -203.000000, avanceR = 2.000000, avanceI = 2.000000
inc_x_r = 0.000000, inc_y_r = 1.000000, inc_x_i = 1.000000, inc_y_i = 1.000000
En el else......

----------------------------------------
x = 55.000000, y = 39.000000
avance = -201.000000, avanceR = 2.000000, avanceI = 2.000000
inc_x_r = 0.000000, inc_y_r = 1.000000, inc_x_i = 1.000000, inc_y_i = 1.000000
En el else......

----------------------------------------
x = 55.000000, y = 40.000000
avance = -199.000000, avanceR = 2.000000, avanceI = 2.000000
inc_x_r = 0.000000, inc_y_r = 1.000000, inc_x_i = 1.000000, inc_y_i = 1.000000
En el else......

----------------------------------------
x = 55.000000, y = 41.000000
avance = -197.000000, avanceR = 2.000000, avanceI = 2.000000
inc_x_r = 0.000000, inc_y_r = 1.000000, inc_x_i = 1.000000, inc_y_i = 1.000000
En el else......

----------------------------------------
x = 55.000000, y = 42.000000
avance = -195.000000, avanceR = 2.000000, avanceI = 2.000000
inc_x_r = 0.000000, inc_y_r = 1.000000, inc_x_i = 1.000000, inc_y_i = 1.000000
En el else......

----------------------------------------
x = 55.000000, y = 43.000000
avance = -193.000000, avanceR = 2.000000, avanceI = 2.000000
inc_x_r = 0.000000, inc_y_r = 1.000000, inc_x_i = 1.000000, inc_y_i = 1.000000
En el else......

----------------------------------------
x = 55.000000, y = 44.000000
avance = -191.000000, avanceR = 2.000000, avanceI = 2.000000
inc_x_r = 0.000000, inc_y_r = 1.000000, inc_x_i = 1.000000, inc_y_i = 1.000000
En el else......

----------------------------------------
x = 55.000000, y = 45.000000
avance = -189.000000, avanceR = 2.000000, avanceI = 2.000000
inc_x_r = 0.000000, inc_y_r = 1.000000, inc_x_i = 1.000000, inc_y_i = 1.000000
En el else......

----------------------------------------
x = 55.000000, y = 46.000000
avance = -187.000000, avanceR = 2.000000, avanceI = 2.000000
inc_x_r = 0.000000, inc_y_r = 1.000000, inc_x_i = 1.000000, inc_y_i = 1.000000
En el else......

----------------------------------------
x = 55.000000, y = 47.000000
avance = -185.000000, avanceR = 2.000000, avanceI = 2.000000
inc_x_r = 0.000000, inc_y_r = 1.000000, inc_x_i = 1.000000, inc_y_i = 1.000000
En el else......

----------------------------------------
x = 55.000000, y = 48.000000
avance = -183.000000, avanceR = 2.000000, avanceI = 2.000000
inc_x_r = 0.000000, inc_y_r = 1.000000, inc_x_i = 1.000000, inc_y_i = 1.000000
En el else......

----------------------------------------
x = 55.000000, y = 49.000000
avance = -181.000000, avanceR = 2.000000, avanceI = 2.000000
inc_x_r = 0.000000, inc_y_r = 1.000000, inc_x_i = 1.000000, inc_y_i = 1.000000
En el else......

----------------------------------------
x = 55.000000, y = 50.000000
avance = -179.000000, avanceR = 2.000000, avanceI = 2.000000
inc_x_r = 0.000000, inc_y_r = 1.000000, inc_x_i = 1.000000, inc_y_i = 1.000000
En el else......

----------------------------------------
x = 55.000000, y = 51.000000
avance = -177.000000, avanceR = 2.000000, avanceI = 2.000000
inc_x_r = 0.000000, inc_y_r = 1.000000, inc_x_i = 1.000000, inc_y_i = 1.000000
En el else......

----------------------------------------
x = 55.000000, y = 52.000000
avance = -175.000000, avanceR = 2.000000, avanceI = 2.000000
inc_x_r = 0.000000, inc_y_r = 1.000000, inc_x_i = 1.000000, inc_y_i = 1.000000
En el else......

----------------------------------------
x = 55.000000, y = 53.000000
avance = -173.000000, avanceR = 2.000000, avanceI = 2.000000
inc_x_r = 0.000000, inc_y_r = 1.000000, inc_x_i = 1.000000, inc_y_i = 1.000000
En el else......

----------------------------------------
x = 55.000000, y = 54.000000
avance = -171.000000, avanceR = 2.000000, avanceI = 2.000000
inc_x_r = 0.000000, inc_y_r = 1.000000, inc_x_i = 1.000000, inc_y_i = 1.000000
En el else......

----------------------------------------
x = 55.000000, y = 55.000000
avance = -169.000000, avanceR = 2.000000, avanceI = 2.000000
inc_x_r = 0.000000, inc_y_r = 1.000000, inc_x_i = 1.000000, inc_y_i = 1.000000
En el else......

----------------------------------------
x = 55.000000, y = 56.000000
avance = -167.000000, avanceR = 2.000000, avanceI = 2.000000
inc_x_r = 0.000000, inc_y_r = 1.000000, inc_x_i = 1.000000, inc_y_i = 1.000000
En el else......

----------------------------------------
x = 55.000000, y = 57.000000
avance = -165.000000, avanceR = 2.000000, avanceI = 2.000000
inc_x_r = 0.000000, inc_y_r = 1.000000, inc_x_i = 1.000000, inc_y_i = 1.000000
En el else......

----------------------------------------
x = 55.000000, y = 58.000000
avance = -163.000000, avanceR = 2.000000, avanceI = 2.000000
inc_x_r = 0.000000, inc_y_r = 1.000000, inc_x_i = 1.000000, inc_y_i = 1.000000
En el else......

----------------------------------------
x = 55.000000, y = 59.000000
avance = -161.000000, avanceR = 2.000000, avanceI = 2.000000
inc_x_r = 0.000000, inc_y_r = 1.000000, inc_x_i = 1.000000, inc_y_i = 1.000000
En el else......

----------------------------------------
x = 55.000000, y = 60.000000
avance = -159.000000, avanceR = 2.000000, avanceI = 2.000000
inc_x_r = 0.000000, inc_y_r = 1.000000, inc_x_i = 1.000000, inc_y_i = 1.000000
En el else......

----------------------------------------
x = 55.000000, y = 61.000000
avance = -157.000000, avanceR = 2.000000, avanceI = 2.000000
inc_x_r = 0.000000, inc_y_r = 1.000000, inc_x_i = 1.000000, inc_y_i = 1.000000
En el else......

----------------------------------------
x = 55.000000, y = 62.000000
avance = -155.000000, avanceR = 2.000000, avanceI = 2.000000
inc_x_r = 0.000000, inc_y_r = 1.000000, inc_x_i = 1.000000, inc_y_i = 1.000000
En el else......

----------------------------------------
x = 55.000000, y = 63.000000
avance = -153.000000, avanceR = 2.000000, avanceI = 2.000000
inc_x_r = 0.000000, inc_y_r = 1.000000, inc_x_i = 1.000000, inc_y_i = 1.000000
En el else......

----------------------------------------
x = 55.000000, y = 64.000000
avance = -151.000000, avanceR = 2.000000, avanceI = 2.000000
inc_x_r = 0.000000, inc_y_r = 1.000000, inc_x_i = 1.000000, inc_y_i = 1.000000
En el else......

----------------------------------------
x = 55.000000, y = 65.000000
avance = -149.000000, avanceR = 2.000000, avanceI = 2.000000
inc_x_r = 0.000000, inc_y_r = 1.000000, inc_x_i = 1.000000, inc_y_i = 1.000000
En el else......

----------------------------------------
x = 55.000000, y = 66.000000
avance = -147.000000, avanceR = 2.000000, avanceI = 2.000000
inc_x_r = 0.000000, inc_y_r = 1.000000, inc_x_i = 1.000000, inc_y_i = 1.000000
En el else......

----------------------------------------
x = 55.000000, y = 67.000000
avance = -145.000000, avanceR = 2.000000, avanceI = 2.000000
inc_x_r = 0.000000, inc_y_r = 1.000000, inc_x_i = 1.000000, inc_y_i = 1.000000
En el else......

----------------------------------------
x = 55.000000, y = 68.000000
avance = -143.000000, avanceR = 2.000000, avanceI = 2.000000
inc_x_r = 0.000000, inc_y_r = 1.000000, inc_x_i = 1.000000, inc_y_i = 1.000000
En el else......

----------------------------------------
x = 55.000000, y = 69.000000
avance = -141.000000, avanceR = 2.000000, avanceI = 2.000000
inc_x_r = 0.000000, inc_y_r = 1.000000, inc_x_i = 1.000000, inc_y_i = 1.000000
En el else......

----------------------------------------
x = 55.000000, y = 70.000000
avance = -139.000000, avanceR = 2.000000, avanceI = 2.000000
inc_x_r = 0.000000, inc_y_r = 1.000000, inc_x_i = 1.000000, inc_y_i = 1.000000
En el else......

----------------------------------------
x = 55.000000, y = 71.000000
avance = -137.000000, avanceR = 2.000000, avanceI = 2.000000
inc_x_r = 0.000000, inc_y_r = 1.000000, inc_x_i = 1.000000, inc_y_i = 1.000000
En el else......

----------------------------------------
x = 55.000000, y = 72.000000
avance = -135.000000, avanceR = 2.000000, avanceI = 2.000000
inc_x_r = 0.000000, inc_y_r = 1.000000, inc_x_i = 1.000000, inc_y_i = 1.000000
En el else......

----------------------------------------
x = 55.000000, y = 73.000000
avance = -133.000000, avanceR = 2.000000, avanceI = 2.000000
inc_x_r = 0.000000, inc_y_r = 1.000000, inc_x_i = 1.000000, inc_y_i = 1.000000
En el else......

----------------------------------------
x = 55.000000, y = 74.000000
avance = -131.000000, avanceR = 2.000000, avanceI = 2.000000
inc_x_r = 0.000000, inc_y_r = 1.000000, inc_x_i = 1.000000, inc_y_i = 1.000000
En el else......

----------------------------------------
x = 55.000000, y = 75.000000
avance = -129.000000, avanceR = 2.000000, avanceI = 2.000000
inc_x_r = 0.000000, inc_y_r = 1.000000, inc_x_i = 1.000000, inc_y_i = 1.000000
En el else......

----------------------------------------
x = 55.000000, y = 76.000000
avance = -127.000000, avanceR = 2.000000, avanceI = 2.000000
inc_x_r = 0.000000, inc_y_r = 1.000000, inc_x_i = 1.000000, inc_y_i = 1.000000
En el else......

----------------------------------------
x = 55.000000, y = 77.000000
avance = -125.000000, avanceR = 2.000000, avanceI = 2.000000
inc_x_r = 0.000000, inc_y_r = 1.000000, inc_x_i = 1.000000, inc_y_i = 1.000000
En el else......

----------------------------------------
x = 55.000000, y = 78.000000
avance = -123.000000, avanceR = 2.000000, avanceI = 2.000000
inc_x_r = 0.000000, inc_y_r = 1.000000, inc_x_i = 1.000000, inc_y_i = 1.000000
En el else......

----------------------------------------
x = 55.000000, y = 79.000000
avance = -121.000000, avanceR = 2.000000, avanceI = 2.000000
inc_x_r = 0.000000, inc_y_r = 1.000000, inc_x_i = 1.000000, inc_y_i = 1.000000
En el else......

----------------------------------------
x = 55.000000, y = 80.000000
avance = -119.000000, avanceR = 2.000000, avanceI = 2.000000
inc_x_r = 0.000000, inc_y_r = 1.000000, inc_x_i = 1.000000, inc_y_i = 1.000000
En el else......

----------------------------------------
x = 55.000000, y = 81.000000
avance = -117.000000, avanceR = 2.000000, avanceI = 2.000000
inc_x_r = 0.000000, inc_y_r = 1.000000, inc_x_i = 1.000000, inc_y_i = 1.000000
En el else......

----------------------------------------
x = 55.000000, y = 82.000000
avance = -115.000000, avanceR = 2.000000, avanceI = 2.000000
inc_x_r = 0.000000, inc_y_r = 1.000000, inc_x_i = 1.000000, inc_y_i = 1.000000
En el else......

----------------------------------------
x = 55.000000, y = 83.000000
avance = -113.000000, avanceR = 2.000000, avanceI = 2.000000
inc_x_r = 0.000000, inc_y_r = 1.000000, inc_x_i = 1.000000, inc_y_i = 1.000000
En el else......

----------------------------------------
x = 55.000000, y = 84.000000
avance = -111.000000, avanceR = 2.000000, avanceI = 2.000000
inc_x_r = 0.000000, inc_y_r = 1.000000, inc_x_i = 1.000000, inc_y_i = 1.000000
En el else......

----------------------------------------
x = 55.000000, y = 85.000000
avance = -109.000000, avanceR = 2.000000, avanceI = 2.000000
inc_x_r = 0.000000, inc_y_r = 1.000000, inc_x_i = 1.000000, inc_y_i = 1.000000
En el else......

----------------------------------------
x = 55.000000, y = 86.000000
avance = -107.000000, avanceR = 2.000000, avanceI = 2.000000
inc_x_r = 0.000000, inc_y_r = 1.000000, inc_x_i = 1.000000, inc_y_i = 1.000000
En el else......

----------------------------------------
x = 55.000000, y = 87.000000
avance = -105.000000, avanceR = 2.000000, avanceI = 2.000000
inc_x_r = 0.000000, inc_y_r = 1.000000, inc_x_i = 1.000000, inc_y_i = 1.000000
En el else......

----------------------------------------
x = 55.000000, y = 88.000000
avance = -103.000000, avanceR = 2.000000, avanceI = 2.000000
inc_x_r = 0.000000, inc_y_r = 1.000000, inc_x_i = 1.000000, inc_y_i = 1.000000
En el else......

----------------------------------------
x = 55.000000, y = 89.000000
avance = -101.000000, avanceR = 2.000000, avanceI = 2.000000
inc_x_r = 0.000000, inc_y_r = 1.000000, inc_x_i = 1.000000, inc_y_i = 1.000000
En el else......

----------------------------------------
x = 55.000000, y = 90.000000
avance = -99.000000, avanceR = 2.000000, avanceI = 2.000000
inc_x_r = 0.000000, inc_y_r = 1.000000, inc_x_i = 1.000000, inc_y_i = 1.000000
En el else......

----------------------------------------
x = 55.000000, y = 91.000000
avance = -97.000000, avanceR = 2.000000, avanceI = 2.000000
inc_x_r = 0.000000, inc_y_r = 1.000000, inc_x_i = 1.000000, inc_y_i = 1.000000
En el else......

----------------------------------------
x = 55.000000, y = 92.000000
avance = -95.000000, avanceR = 2.000000, avanceI = 2.000000
inc_x_r = 0.000000, inc_y_r = 1.000000, inc_x_i = 1.000000, inc_y_i = 1.000000
En el else......

----------------------------------------
x = 55.000000, y = 93.000000
avance = -93.000000, avanceR = 2.000000, avanceI = 2.000000
inc_x_r = 0.000000, inc_y_r = 1.000000, inc_x_i = 1.000000, inc_y_i = 1.000000
En el else......

----------------------------------------
x = 55.000000, y = 94.000000
avance = -91.000000, avanceR = 2.000000, avanceI = 2.000000
inc_x_r = 0.000000, inc_y_r = 1.000000, inc_x_i = 1.000000, inc_y_i = 1.000000
En el else......

----------------------------------------
x = 55.000000, y = 95.000000
avance = -89.000000, avanceR = 2.000000, avanceI = 2.000000
inc_x_r = 0.000000, inc_y_r = 1.000000, inc_x_i = 1.000000, inc_y_i = 1.000000
En el else......

----------------------------------------
x = 55.000000, y = 96.000000
avance = -87.000000, avanceR = 2.000000, avanceI = 2.000000
inc_x_r = 0.000000, inc_y_r = 1.000000, inc_x_i = 1.000000, inc_y_i = 1.000000
En el else......

----------------------------------------
x = 55.000000, y = 97.000000
avance = -85.000000, avanceR = 2.000000, avanceI = 2.000000
inc_x_r = 0.000000, inc_y_r = 1.000000, inc_x_i = 1.000000, inc_y_i = 1.000000
En el else......

----------------------------------------
x = 55.000000, y = 98.000000
avance = -83.000000, avanceR = 2.000000, avanceI = 2.000000
inc_x_r = 0.000000, inc_y_r = 1.000000, inc_x_i = 1.000000, inc_y_i = 1.000000
En el else......

----------------------------------------
x = 55.000000, y = 99.000000
avance = -81.000000, avanceR = 2.000000, avanceI = 2.000000
inc_x_r = 0.000000, inc_y_r = 1.000000, inc_x_i = 1.000000, inc_y_i = 1.000000
En el else......

----------------------------------------
x = 55.000000, y = 100.000000
avance = -79.000000, avanceR = 2.000000, avanceI = 2.000000
inc_x_r = 0.000000, inc_y_r = 1.000000, inc_x_i = 1.000000, inc_y_i = 1.000000
En el else......

----------------------------------------
x = 55.000000, y = 101.000000
avance = -77.000000, avanceR = 2.000000, avanceI = 2.000000
inc_x_r = 0.000000, inc_y_r = 1.000000, inc_x_i = 1.000000, inc_y_i = 1.000000
En el else......

----------------------------------------
x = 55.000000, y = 102.000000
avance = -75.000000, avanceR = 2.000000, avanceI = 2.000000
inc_x_r = 0.000000, inc_y_r = 1.000000, inc_x_i = 1.000000, inc_y_i = 1.000000
En el else......

----------------------------------------
x = 55.000000, y = 103.000000
avance = -73.000000, avanceR = 2.000000, avanceI = 2.000000
inc_x_r = 0.000000, inc_y_r = 1.000000, inc_x_i = 1.000000, inc_y_i = 1.000000
En el else......

----------------------------------------
x = 55.000000, y = 104.000000
avance = -71.000000, avanceR = 2.000000, avanceI = 2.000000
inc_x_r = 0.000000, inc_y_r = 1.000000, inc_x_i = 1.000000, inc_y_i = 1.000000
En el else......

----------------------------------------
x = 55.000000, y = 105.000000
avance = -69.000000, avanceR = 2.000000, avanceI = 2.000000
inc_x_r = 0.000000, inc_y_r = 1.000000, inc_x_i = 1.000000, inc_y_i = 1.000000
En el else......

----------------------------------------
x = 55.000000, y = 106.000000
avance = -67.000000, avanceR = 2.000000, avanceI = 2.000000
inc_x_r = 0.000000, inc_y_r = 1.000000, inc_x_i = 1.000000, inc_y_i = 1.000000
En el else......

----------------------------------------
x = 55.000000, y = 107.000000
avance = -65.000000, avanceR = 2.000000, avanceI = 2.000000
inc_x_r = 0.000000, inc_y_r = 1.000000, inc_x_i = 1.000000, inc_y_i = 1.000000
En el else......

----------------------------------------
x = 55.000000, y = 108.000000
avance = -63.000000, avanceR = 2.000000, avanceI = 2.000000
inc_x_r = 0.000000, inc_y_r = 1.000000, inc_x_i = 1.000000, inc_y_i = 1.000000
En el else......

----------------------------------------
x = 55.000000, y = 109.000000
avance = -61.000000, avanceR = 2.000000, avanceI = 2.000000
inc_x_r = 0.000000, inc_y_r = 1.000000, inc_x_i = 1.000000, inc_y_i = 1.000000
En el else......

----------------------------------------
x = 55.000000, y = 110.000000
avance = -59.000000, avanceR = 2.000000, avanceI = 2.000000
inc_x_r = 0.000000, inc_y_r = 1.000000, inc_x_i = 1.000000, inc_y_i = 1.000000
En el else......

----------------------------------------
x = 55.000000, y = 111.000000
avance = -57.000000, avanceR = 2.000000, avanceI = 2.000000
inc_x_r = 0.000000, inc_y_r = 1.000000, inc_x_i = 1.000000, inc_y_i = 1.000000
En el else......

----------------------------------------
x = 55.000000, y = 112.000000
avance = -55.000000, avanceR = 2.000000, avanceI = 2.000000
inc_x_r = 0.000000, inc_y_r = 1.000000, inc_x_i = 1.000000, inc_y_i = 1.000000
En el else......

----------------------------------------
x = 55.000000, y = 113.000000
avance = -53.000000, avanceR = 2.000000, avanceI = 2.000000
inc_x_r = 0.000000, inc_y_r = 1.000000, inc_x_i = 1.000000, inc_y_i = 1.000000
En el else......

----------------------------------------
x = 55.000000, y = 114.000000
avance = -51.000000, avanceR = 2.000000, avanceI = 2.000000
inc_x_r = 0.000000, inc_y_r = 1.000000, inc_x_i = 1.000000, inc_y_i = 1.000000
En el else......

----------------------------------------
x = 55.000000, y = 115.000000
avance = -49.000000, avanceR = 2.000000, avanceI = 2.000000
inc_x_r = 0.000000, inc_y_r = 1.000000, inc_x_i = 1.000000, inc_y_i = 1.000000
En el else......

----------------------------------------
x = 55.000000, y = 116.000000
avance = -47.000000, avanceR = 2.000000, avanceI = 2.000000
inc_x_r = 0.000000, inc_y_r = 1.000000, inc_x_i = 1.000000, inc_y_i = 1.000000
En el else......

----------------------------------------
x = 55.000000, y = 117.000000
avance = -45.000000, avanceR = 2.000000, avanceI = 2.000000
inc_x_r = 0.000000, inc_y_r = 1.000000, inc_x_i = 1.000000, inc_y_i = 1.000000
En el else......

----------------------------------------
x = 55.000000, y = 118.000000
avance = -43.000000, avanceR = 2.000000, avanceI = 2.000000
inc_x_r = 0.000000, inc_y_r = 1.000000, inc_x_i = 1.000000, inc_y_i = 1.000000
En el else......

----------------------------------------
x = 55.000000, y = 119.000000
avance = -41.000000, avanceR = 2.000000, avanceI = 2.000000
inc_x_r = 0.000000, inc_y_r = 1.000000, inc_x_i = 1.000000, inc_y_i = 1.000000
En el else......

----------------------------------------
x = 55.000000, y = 120.000000
avance = -39.000000, avanceR = 2.000000, avanceI = 2.000000
inc_x_r = 0.000000, inc_y_r = 1.000000, inc_x_i = 1.000000, inc_y_i = 1.000000
En el else......

----------------------------------------
x = 55.000000, y = 121.000000
avance = -37.000000, avanceR = 2.000000, avanceI = 2.000000
inc_x_r = 0.000000, inc_y_r = 1.000000, inc_x_i = 1.000000, inc_y_i = 1.000000
En el else......

----------------------------------------
x = 55.000000, y = 122.000000
avance = -35.000000, avanceR = 2.000000, avanceI = 2.000000
inc_x_r = 0.000000, inc_y_r = 1.000000, inc_x_i = 1.000000, inc_y_i = 1.000000
En el else......

----------------------------------------
x = 55.000000, y = 123.000000
avance = -33.000000, avanceR = 2.000000, avanceI = 2.000000
inc_x_r = 0.000000, inc_y_r = 1.000000, inc_x_i = 1.000000, inc_y_i = 1.000000
En el else......

----------------------------------------
x = 55.000000, y = 124.000000
avance = -31.000000, avanceR = 2.000000, avanceI = 2.000000
inc_x_r = 0.000000, inc_y_r = 1.000000, inc_x_i = 1.000000, inc_y_i = 1.000000
En el else......

----------------------------------------
x = 55.000000, y = 125.000000
avance = -29.000000, avanceR = 2.000000, avanceI = 2.000000
inc_x_r = 0.000000, inc_y_r = 1.000000, inc_x_i = 1.000000, inc_y_i = 1.000000
En el else......

----------------------------------------
x = 55.000000, y = 126.000000
avance = -27.000000, avanceR = 2.000000, avanceI = 2.000000
inc_x_r = 0.000000, inc_y_r = 1.000000, inc_x_i = 1.000000, inc_y_i = 1.000000
En el else......

----------------------------------------
x = 55.000000, y = 127.000000
avance = -25.000000, avanceR = 2.000000, avanceI = 2.000000
inc_x_r = 0.000000, inc_y_r = 1.000000, inc_x_i = 1.000000, inc_y_i = 1.000000
En el else......

----------------------------------------
x = 55.000000, y = 128.000000
avance = -23.000000, avanceR = 2.000000, avanceI = 2.000000
inc_x_r = 0.000000, inc_y_r = 1.000000, inc_x_i = 1.000000, inc_y_i = 1.000000
En el else......

----------------------------------------
x = 55.000000, y = 129.000000
avance = -21.000000, avanceR = 2.000000, avanceI = 2.000000
inc_x_r = 0.000000, inc_y_r = 1.000000, inc_x_i = 1.000000, inc_y_i = 1.000000
En el else......

----------------------------------------
x = 55.000000, y = 130.000000
avance = -19.000000, avanceR = 2.000000, avanceI = 2.000000
inc_x_r = 0.000000, inc_y_r = 1.000000, inc_x_i = 1.000000, inc_y_i = 1.000000
En el else......

----------------------------------------
x = 55.000000, y = 131.000000
avance = -17.000000, avanceR = 2.000000, avanceI = 2.000000
inc_x_r = 0.000000, inc_y_r = 1.000000, inc_x_i = 1.000000, inc_y_i = 1.000000
En el else......

----------------------------------------
x = 55.000000, y = 132.000000
avance = -15.000000, avanceR = 2.000000, avanceI = 2.000000
inc_x_r = 0.000000, inc_y_r = 1.000000, inc_x_i = 1.000000, inc_y_i = 1.000000
En el else......

----------------------------------------
x = 55.000000, y = 133.000000
avance = -13.000000, avanceR = 2.000000, avanceI = 2.000000
inc_x_r = 0.000000, inc_y_r = 1.000000, inc_x_i = 1.000000, inc_y_i = 1.000000
En el else......

----------------------------------------
x = 55.000000, y = 134.000000
avance = -11.000000, avanceR = 2.000000, avanceI = 2.000000
inc_x_r = 0.000000, inc_y_r = 1.000000, inc_x_i = 1.000000, inc_y_i = 1.000000
En el else......

----------------------------------------
x = 55.000000, y = 135.000000
avance = -9.000000, avanceR = 2.000000, avanceI = 2.000000
inc_x_r = 0.000000, inc_y_r = 1.000000, inc_x_i = 1.000000, inc_y_i = 1.000000
En el else......

----------------------------------------
x = 55.000000, y = 136.000000
avance = -7.000000, avanceR = 2.000000, avanceI = 2.000000
inc_x_r = 0.000000, inc_y_r = 1.000000, inc_x_i = 1.000000, inc_y_i = 1.000000
En el else......

----------------------------------------
x = 55.000000, y = 137.000000
avance = -5.000000, avanceR = 2.000000, avanceI = 2.000000
inc_x_r = 0.000000, inc_y_r = 1.000000, inc_x_i = 1.000000, inc_y_i = 1.000000
En el else......

----------------------------------------
x = 55.000000, y = 138.000000
avance = -3.000000, avanceR = 2.000000, avanceI = 2.000000
inc_x_r = 0.000000, inc_y_r = 1.000000, inc_x_i = 1.000000, inc_y_i = 1.000000
En el else......

----------------------------------------
x = 55.000000, y = 139.000000
avance = -1.000000, avanceR = 2.000000, avanceI = 2.000000
inc_x_r = 0.000000, inc_y_r = 1.000000, inc_x_i = 1.000000, inc_y_i = 1.000000
En el else......

----------------------------------------
x = 55.000000, y = 140.000000
avance = 1.000000, avanceR = 2.000000, avanceI = 2.000000
inc_x_r = 0.000000, inc_y_r = 1.000000, inc_x_i = 1.000000, inc_y_i = 1.000000
avance >= 0

----------------------------------------
x = 56.000000, y = 141.000000
avance = -499.000000, avanceR = 2.000000, avanceI = 2.000000
inc_x_r = 0.000000, inc_y_r = 1.000000, inc_x_i = 1.000000, inc_y_i = 1.000000
En el else......

----------------------------------------
x = 56.000000, y = 142.000000
avance = -497.000000, avanceR = 2.000000, avanceI = 2.000000
inc_x_r = 0.000000, inc_y_r = 1.000000, inc_x_i = 1.000000, inc_y_i = 1.000000
En el else......

----------------------------------------
x = 56.000000, y = 143.000000
avance = -495.000000, avanceR = 2.000000, avanceI = 2.000000
inc_x_r = 0.000000, inc_y_r = 1.000000, inc_x_i = 1.000000, inc_y_i = 1.000000
En el else......

----------------------------------------
x = 56.000000, y = 144.000000
avance = -493.000000, avanceR = 2.000000, avanceI = 2.000000
inc_x_r = 0.000000, inc_y_r = 1.000000, inc_x_i = 1.000000, inc_y_i = 1.000000
En el else......

----------------------------------------
x = 56.000000, y = 145.000000
avance = -491.000000, avanceR = 2.000000, avanceI = 2.000000
inc_x_r = 0.000000, inc_y_r = 1.000000, inc_x_i = 1.000000, inc_y_i = 1.000000
En el else......

----------------------------------------
x = 56.000000, y = 146.000000
avance = -489.000000, avanceR = 2.000000, avanceI = 2.000000
inc_x_r = 0.000000, inc_y_r = 1.000000, inc_x_i = 1.000000, inc_y_i = 1.000000
En el else......

----------------------------------------
x = 56.000000, y = 147.000000
avance = -487.000000, avanceR = 2.000000, avanceI = 2.000000
inc_x_r = 0.000000, inc_y_r = 1.000000, inc_x_i = 1.000000, inc_y_i = 1.000000
En el else......

----------------------------------------
x = 56.000000, y = 148.000000
avance = -485.000000, avanceR = 2.000000, avanceI = 2.000000
inc_x_r = 0.000000, inc_y_r = 1.000000, inc_x_i = 1.000000, inc_y_i = 1.000000
En el else......

----------------------------------------
x = 56.000000, y = 149.000000
avance = -483.000000, avanceR = 2.000000, avanceI = 2.000000
inc_x_r = 0.000000, inc_y_r = 1.000000, inc_x_i = 1.000000, inc_y_i = 1.000000
En el else......

----------------------------------------
x = 56.000000, y = 150.000000
avance = -481.000000, avanceR = 2.000000, avanceI = 2.000000
inc_x_r = 0.000000, inc_y_r = 1.000000, inc_x_i = 1.000000, inc_y_i = 1.000000
En el else......

----------------------------------------
x = 56.000000, y = 151.000000
avance = -479.000000, avanceR = 2.000000, avanceI = 2.000000
inc_x_r = 0.000000, inc_y_r = 1.000000, inc_x_i = 1.000000, inc_y_i = 1.000000
En el else......

----------------------------------------
x = 56.000000, y = 152.000000
avance = -477.000000, avanceR = 2.000000, avanceI = 2.000000
inc_x_r = 0.000000, inc_y_r = 1.000000, inc_x_i = 1.000000, inc_y_i = 1.000000
En el else......

----------------------------------------
x = 56.000000, y = 153.000000
avance = -475.000000, avanceR = 2.000000, avanceI = 2.000000
inc_x_r = 0.000000, inc_y_r = 1.000000, inc_x_i = 1.000000, inc_y_i = 1.000000
En el else......

----------------------------------------
x = 56.000000, y = 154.000000
avance = -473.000000, avanceR = 2.000000, avanceI = 2.000000
inc_x_r = 0.000000, inc_y_r = 1.000000, inc_x_i = 1.000000, inc_y_i = 1.000000
En el else......

----------------------------------------
x = 56.000000, y = 155.000000
avance = -471.000000, avanceR = 2.000000, avanceI = 2.000000
inc_x_r = 0.000000, inc_y_r = 1.000000, inc_x_i = 1.000000, inc_y_i = 1.000000
En el else......

----------------------------------------
x = 56.000000, y = 156.000000
avance = -469.000000, avanceR = 2.000000, avanceI = 2.000000
inc_x_r = 0.000000, inc_y_r = 1.000000, inc_x_i = 1.000000, inc_y_i = 1.000000
En el else......

----------------------------------------
x = 56.000000, y = 157.000000
avance = -467.000000, avanceR = 2.000000, avanceI = 2.000000
inc_x_r = 0.000000, inc_y_r = 1.000000, inc_x_i = 1.000000, inc_y_i = 1.000000
En el else......

----------------------------------------
x = 56.000000, y = 158.000000
avance = -465.000000, avanceR = 2.000000, avanceI = 2.000000
inc_x_r = 0.000000, inc_y_r = 1.000000, inc_x_i = 1.000000, inc_y_i = 1.000000
En el else......

----------------------------------------
x = 56.000000, y = 159.000000
avance = -463.000000, avanceR = 2.000000, avanceI = 2.000000
inc_x_r = 0.000000, inc_y_r = 1.000000, inc_x_i = 1.000000, inc_y_i = 1.000000
En el else......

----------------------------------------
x = 56.000000, y = 160.000000
avance = -461.000000, avanceR = 2.000000, avanceI = 2.000000
inc_x_r = 0.000000, inc_y_r = 1.000000, inc_x_i = 1.000000, inc_y_i = 1.000000
En el else......

----------------------------------------
x = 56.000000, y = 161.000000
avance = -459.000000, avanceR = 2.000000, avanceI = 2.000000
inc_x_r = 0.000000, inc_y_r = 1.000000, inc_x_i = 1.000000, inc_y_i = 1.000000
En el else......

----------------------------------------
x = 56.000000, y = 162.000000
avance = -457.000000, avanceR = 2.000000, avanceI = 2.000000
inc_x_r = 0.000000, inc_y_r = 1.000000, inc_x_i = 1.000000, inc_y_i = 1.000000
En el else......

----------------------------------------
x = 56.000000, y = 163.000000
avance = -455.000000, avanceR = 2.000000, avanceI = 2.000000
inc_x_r = 0.000000, inc_y_r = 1.000000, inc_x_i = 1.000000, inc_y_i = 1.000000
En el else......

----------------------------------------
x = 56.000000, y = 164.000000
avance = -453.000000, avanceR = 2.000000, avanceI = 2.000000
inc_x_r = 0.000000, inc_y_r = 1.000000, inc_x_i = 1.000000, inc_y_i = 1.000000
En el else......

----------------------------------------
x = 56.000000, y = 165.000000
avance = -451.000000, avanceR = 2.000000, avanceI = 2.000000
inc_x_r = 0.000000, inc_y_r = 1.000000, inc_x_i = 1.000000, inc_y_i = 1.000000
En el else......

----------------------------------------
x = 56.000000, y = 166.000000
avance = -449.000000, avanceR = 2.000000, avanceI = 2.000000
inc_x_r = 0.000000, inc_y_r = 1.000000, inc_x_i = 1.000000, inc_y_i = 1.000000
En el else......

----------------------------------------
x = 56.000000, y = 167.000000
avance = -447.000000, avanceR = 2.000000, avanceI = 2.000000
inc_x_r = 0.000000, inc_y_r = 1.000000, inc_x_i = 1.000000, inc_y_i = 1.000000
En el else......

----------------------------------------
x = 56.000000, y = 168.000000
avance = -445.000000, avanceR = 2.000000, avanceI = 2.000000
inc_x_r = 0.000000, inc_y_r = 1.000000, inc_x_i = 1.000000, inc_y_i = 1.000000
En el else......

----------------------------------------
x = 56.000000, y = 169.000000
avance = -443.000000, avanceR = 2.000000, avanceI = 2.000000
inc_x_r = 0.000000, inc_y_r = 1.000000, inc_x_i = 1.000000, inc_y_i = 1.000000
En el else......

----------------------------------------
x = 56.000000, y = 170.000000
avance = -441.000000, avanceR = 2.000000, avanceI = 2.000000
inc_x_r = 0.000000, inc_y_r = 1.000000, inc_x_i = 1.000000, inc_y_i = 1.000000
En el else......

----------------------------------------
x = 56.000000, y = 171.000000
avance = -439.000000, avanceR = 2.000000, avanceI = 2.000000
inc_x_r = 0.000000, inc_y_r = 1.000000, inc_x_i = 1.000000, inc_y_i = 1.000000
En el else......

----------------------------------------
x = 56.000000, y = 172.000000
avance = -437.000000, avanceR = 2.000000, avanceI = 2.000000
inc_x_r = 0.000000, inc_y_r = 1.000000, inc_x_i = 1.000000, inc_y_i = 1.000000
En el else......

----------------------------------------
x = 56.000000, y = 173.000000
avance = -435.000000, avanceR = 2.000000, avanceI = 2.000000
inc_x_r = 0.000000, inc_y_r = 1.000000, inc_x_i = 1.000000, inc_y_i = 1.000000
En el else......

----------------------------------------
x = 56.000000, y = 174.000000
avance = -433.000000, avanceR = 2.000000, avanceI = 2.000000
inc_x_r = 0.000000, inc_y_r = 1.000000, inc_x_i = 1.000000, inc_y_i = 1.000000
En el else......

----------------------------------------
x = 56.000000, y = 175.000000
avance = -431.000000, avanceR = 2.000000, avanceI = 2.000000
inc_x_r = 0.000000, inc_y_r = 1.000000, inc_x_i = 1.000000, inc_y_i = 1.000000
En el else......

----------------------------------------
x = 56.000000, y = 176.000000
avance = -429.000000, avanceR = 2.000000, avanceI = 2.000000
inc_x_r = 0.000000, inc_y_r = 1.000000, inc_x_i = 1.000000, inc_y_i = 1.000000
En el else......

----------------------------------------
x = 56.000000, y = 177.000000
avance = -427.000000, avanceR = 2.000000, avanceI = 2.000000
inc_x_r = 0.000000, inc_y_r = 1.000000, inc_x_i = 1.000000, inc_y_i = 1.000000
En el else......

----------------------------------------
x = 56.000000, y = 178.000000
avance = -425.000000, avanceR = 2.000000, avanceI = 2.000000
inc_x_r = 0.000000, inc_y_r = 1.000000, inc_x_i = 1.000000, inc_y_i = 1.000000
En el else......

----------------------------------------
x = 56.000000, y = 179.000000
avance = -423.000000, avanceR = 2.000000, avanceI = 2.000000
inc_x_r = 0.000000, inc_y_r = 1.000000, inc_x_i = 1.000000, inc_y_i = 1.000000
En el else......

----------------------------------------
x = 56.000000, y = 180.000000
avance = -421.000000, avanceR = 2.000000, avanceI = 2.000000
inc_x_r = 0.000000, inc_y_r = 1.000000, inc_x_i = 1.000000, inc_y_i = 1.000000
En el else......

----------------------------------------
x = 56.000000, y = 181.000000
avance = -419.000000, avanceR = 2.000000, avanceI = 2.000000
inc_x_r = 0.000000, inc_y_r = 1.000000, inc_x_i = 1.000000, inc_y_i = 1.000000
En el else......

----------------------------------------
x = 56.000000, y = 182.000000
avance = -417.000000, avanceR = 2.000000, avanceI = 2.000000
inc_x_r = 0.000000, inc_y_r = 1.000000, inc_x_i = 1.000000, inc_y_i = 1.000000
En el else......

----------------------------------------
x = 56.000000, y = 183.000000
avance = -415.000000, avanceR = 2.000000, avanceI = 2.000000
inc_x_r = 0.000000, inc_y_r = 1.000000, inc_x_i = 1.000000, inc_y_i = 1.000000
En el else......

----------------------------------------
x = 56.000000, y = 184.000000
avance = -413.000000, avanceR = 2.000000, avanceI = 2.000000
inc_x_r = 0.000000, inc_y_r = 1.000000, inc_x_i = 1.000000, inc_y_i = 1.000000
En el else......

----------------------------------------
x = 56.000000, y = 185.000000
avance = -411.000000, avanceR = 2.000000, avanceI = 2.000000
inc_x_r = 0.000000, inc_y_r = 1.000000, inc_x_i = 1.000000, inc_y_i = 1.000000
En el else......

----------------------------------------
x = 56.000000, y = 186.000000
avance = -409.000000, avanceR = 2.000000, avanceI = 2.000000
inc_x_r = 0.000000, inc_y_r = 1.000000, inc_x_i = 1.000000, inc_y_i = 1.000000
En el else......

----------------------------------------
x = 56.000000, y = 187.000000
avance = -407.000000, avanceR = 2.000000, avanceI = 2.000000
inc_x_r = 0.000000, inc_y_r = 1.000000, inc_x_i = 1.000000, inc_y_i = 1.000000
En el else......

----------------------------------------
x = 56.000000, y = 188.000000
avance = -405.000000, avanceR = 2.000000, avanceI = 2.000000
inc_x_r = 0.000000, inc_y_r = 1.000000, inc_x_i = 1.000000, inc_y_i = 1.000000
En el else......

----------------------------------------
x = 56.000000, y = 189.000000
avance = -403.000000, avanceR = 2.000000, avanceI = 2.000000
inc_x_r = 0.000000, inc_y_r = 1.000000, inc_x_i = 1.000000, inc_y_i = 1.000000
En el else......

----------------------------------------
x = 56.000000, y = 190.000000
avance = -401.000000, avanceR = 2.000000, avanceI = 2.000000
inc_x_r = 0.000000, inc_y_r = 1.000000, inc_x_i = 1.000000, inc_y_i = 1.000000
En el else......

----------------------------------------
x = 56.000000, y = 191.000000
avance = -399.000000, avanceR = 2.000000, avanceI = 2.000000
inc_x_r = 0.000000, inc_y_r = 1.000000, inc_x_i = 1.000000, inc_y_i = 1.000000
En el else......

----------------------------------------
x = 56.000000, y = 192.000000
avance = -397.000000, avanceR = 2.000000, avanceI = 2.000000
inc_x_r = 0.000000, inc_y_r = 1.000000, inc_x_i = 1.000000, inc_y_i = 1.000000
En el else......

----------------------------------------
x = 56.000000, y = 193.000000
avance = -395.000000, avanceR = 2.000000, avanceI = 2.000000
inc_x_r = 0.000000, inc_y_r = 1.000000, inc_x_i = 1.000000, inc_y_i = 1.000000
En el else......

----------------------------------------
x = 56.000000, y = 194.000000
avance = -393.000000, avanceR = 2.000000, avanceI = 2.000000
inc_x_r = 0.000000, inc_y_r = 1.000000, inc_x_i = 1.000000, inc_y_i = 1.000000
En el else......

----------------------------------------
x = 56.000000, y = 195.000000
avance = -391.000000, avanceR = 2.000000, avanceI = 2.000000
inc_x_r = 0.000000, inc_y_r = 1.000000, inc_x_i = 1.000000, inc_y_i = 1.000000
En el else......

----------------------------------------
x = 56.000000, y = 196.000000
avance = -389.000000, avanceR = 2.000000, avanceI = 2.000000
inc_x_r = 0.000000, inc_y_r = 1.000000, inc_x_i = 1.000000, inc_y_i = 1.000000
En el else......

----------------------------------------
x = 56.000000, y = 197.000000
avance = -387.000000, avanceR = 2.000000, avanceI = 2.000000
inc_x_r = 0.000000, inc_y_r = 1.000000, inc_x_i = 1.000000, inc_y_i = 1.000000
En el else......

----------------------------------------
x = 56.000000, y = 198.000000
avance = -385.000000, avanceR = 2.000000, avanceI = 2.000000
inc_x_r = 0.000000, inc_y_r = 1.000000, inc_x_i = 1.000000, inc_y_i = 1.000000
En el else......

----------------------------------------
x = 56.000000, y = 199.000000
avance = -383.000000, avanceR = 2.000000, avanceI = 2.000000
inc_x_r = 0.000000, inc_y_r = 1.000000, inc_x_i = 1.000000, inc_y_i = 1.000000
En el else......

----------------------------------------
x = 56.000000, y = 200.000000
avance = -381.000000, avanceR = 2.000000, avanceI = 2.000000
inc_x_r = 0.000000, inc_y_r = 1.000000, inc_x_i = 1.000000, inc_y_i = 1.000000
En el else......

----------------------------------------
x = 56.000000, y = 201.000000
avance = -379.000000, avanceR = 2.000000, avanceI = 2.000000
inc_x_r = 0.000000, inc_y_r = 1.000000, inc_x_i = 1.000000, inc_y_i = 1.000000
En el else......

----------------------------------------
x = 56.000000, y = 202.000000
avance = -377.000000, avanceR = 2.000000, avanceI = 2.000000
inc_x_r = 0.000000, inc_y_r = 1.000000, inc_x_i = 1.000000, inc_y_i = 1.000000
En el else......

----------------------------------------
x = 56.000000, y = 203.000000
avance = -375.000000, avanceR = 2.000000, avanceI = 2.000000
inc_x_r = 0.000000, inc_y_r = 1.000000, inc_x_i = 1.000000, inc_y_i = 1.000000
En el else......

----------------------------------------
x = 56.000000, y = 204.000000
avance = -373.000000, avanceR = 2.000000, avanceI = 2.000000
inc_x_r = 0.000000, inc_y_r = 1.000000, inc_x_i = 1.000000, inc_y_i = 1.000000
En el else......

----------------------------------------
x = 56.000000, y = 205.000000
avance = -371.000000, avanceR = 2.000000, avanceI = 2.000000
inc_x_r = 0.000000, inc_y_r = 1.000000, inc_x_i = 1.000000, inc_y_i = 1.000000
En el else......

----------------------------------------
x = 56.000000, y = 206.000000
avance = -369.000000, avanceR = 2.000000, avanceI = 2.000000
inc_x_r = 0.000000, inc_y_r = 1.000000, inc_x_i = 1.000000, inc_y_i = 1.000000
En el else......

----------------------------------------
x = 56.000000, y = 207.000000
avance = -367.000000, avanceR = 2.000000, avanceI = 2.000000
inc_x_r = 0.000000, inc_y_r = 1.000000, inc_x_i = 1.000000, inc_y_i = 1.000000
En el else......

----------------------------------------
x = 56.000000, y = 208.000000
avance = -365.000000, avanceR = 2.000000, avanceI = 2.000000
inc_x_r = 0.000000, inc_y_r = 1.000000, inc_x_i = 1.000000, inc_y_i = 1.000000
En el else......

----------------------------------------
x = 56.000000, y = 209.000000
avance = -363.000000, avanceR = 2.000000, avanceI = 2.000000
inc_x_r = 0.000000, inc_y_r = 1.000000, inc_x_i = 1.000000, inc_y_i = 1.000000
En el else......

----------------------------------------
x = 56.000000, y = 210.000000
avance = -361.000000, avanceR = 2.000000, avanceI = 2.000000
inc_x_r = 0.000000, inc_y_r = 1.000000, inc_x_i = 1.000000, inc_y_i = 1.000000
En el else......

----------------------------------------
x = 56.000000, y = 211.000000
avance = -359.000000, avanceR = 2.000000, avanceI = 2.000000
inc_x_r = 0.000000, inc_y_r = 1.000000, inc_x_i = 1.000000, inc_y_i = 1.000000
En el else......

----------------------------------------
x = 56.000000, y = 212.000000
avance = -357.000000, avanceR = 2.000000, avanceI = 2.000000
inc_x_r = 0.000000, inc_y_r = 1.000000, inc_x_i = 1.000000, inc_y_i = 1.000000
En el else......

----------------------------------------
x = 56.000000, y = 213.000000
avance = -355.000000, avanceR = 2.000000, avanceI = 2.000000
inc_x_r = 0.000000, inc_y_r = 1.000000, inc_x_i = 1.000000, inc_y_i = 1.000000
En el else......

----------------------------------------
x = 56.000000, y = 214.000000
avance = -353.000000, avanceR = 2.000000, avanceI = 2.000000
inc_x_r = 0.000000, inc_y_r = 1.000000, inc_x_i = 1.000000, inc_y_i = 1.000000
En el else......

----------------------------------------
x = 56.000000, y = 215.000000
avance = -351.000000, avanceR = 2.000000, avanceI = 2.000000
inc_x_r = 0.000000, inc_y_r = 1.000000, inc_x_i = 1.000000, inc_y_i = 1.000000
En el else......

----------------------------------------
x = 56.000000, y = 216.000000
avance = -349.000000, avanceR = 2.000000, avanceI = 2.000000
inc_x_r = 0.000000, inc_y_r = 1.000000, inc_x_i = 1.000000, inc_y_i = 1.000000
En el else......

----------------------------------------
x = 56.000000, y = 217.000000
avance = -347.000000, avanceR = 2.000000, avanceI = 2.000000
inc_x_r = 0.000000, inc_y_r = 1.000000, inc_x_i = 1.000000, inc_y_i = 1.000000
En el else......

----------------------------------------
x = 56.000000, y = 218.000000
avance = -345.000000, avanceR = 2.000000, avanceI = 2.000000
inc_x_r = 0.000000, inc_y_r = 1.000000, inc_x_i = 1.000000, inc_y_i = 1.000000
En el else......

----------------------------------------
x = 56.000000, y = 219.000000
avance = -343.000000, avanceR = 2.000000, avanceI = 2.000000
inc_x_r = 0.000000, inc_y_r = 1.000000, inc_x_i = 1.000000, inc_y_i = 1.000000
En el else......

----------------------------------------
x = 56.000000, y = 220.000000
avance = -341.000000, avanceR = 2.000000, avanceI = 2.000000
inc_x_r = 0.000000, inc_y_r = 1.000000, inc_x_i = 1.000000, inc_y_i = 1.000000
En el else......

----------------------------------------
x = 56.000000, y = 221.000000
avance = -339.000000, avanceR = 2.000000, avanceI = 2.000000
inc_x_r = 0.000000, inc_y_r = 1.000000, inc_x_i = 1.000000, inc_y_i = 1.000000
En el else......

----------------------------------------
x = 56.000000, y = 222.000000
avance = -337.000000, avanceR = 2.000000, avanceI = 2.000000
inc_x_r = 0.000000, inc_y_r = 1.000000, inc_x_i = 1.000000, inc_y_i = 1.000000
En el else......

----------------------------------------
x = 56.000000, y = 223.000000
avance = -335.000000, avanceR = 2.000000, avanceI = 2.000000
inc_x_r = 0.000000, inc_y_r = 1.000000, inc_x_i = 1.000000, inc_y_i = 1.000000
En el else......

----------------------------------------
x = 56.000000, y = 224.000000
avance = -333.000000, avanceR = 2.000000, avanceI = 2.000000
inc_x_r = 0.000000, inc_y_r = 1.000000, inc_x_i = 1.000000, inc_y_i = 1.000000
En el else......

----------------------------------------
x = 56.000000, y = 225.000000
avance = -331.000000, avanceR = 2.000000, avanceI = 2.000000
inc_x_r = 0.000000, inc_y_r = 1.000000, inc_x_i = 1.000000, inc_y_i = 1.000000
En el else......

----------------------------------------
x = 56.000000, y = 226.000000
avance = -329.000000, avanceR = 2.000000, avanceI = 2.000000
inc_x_r = 0.000000, inc_y_r = 1.000000, inc_x_i = 1.000000, inc_y_i = 1.000000
En el else......

----------------------------------------
x = 56.000000, y = 227.000000
avance = -327.000000, avanceR = 2.000000, avanceI = 2.000000
inc_x_r = 0.000000, inc_y_r = 1.000000, inc_x_i = 1.000000, inc_y_i = 1.000000
En el else......

----------------------------------------
x = 56.000000, y = 228.000000
avance = -325.000000, avanceR = 2.000000, avanceI = 2.000000
inc_x_r = 0.000000, inc_y_r = 1.000000, inc_x_i = 1.000000, inc_y_i = 1.000000
En el else......

----------------------------------------
x = 56.000000, y = 229.000000
avance = -323.000000, avanceR = 2.000000, avanceI = 2.000000
inc_x_r = 0.000000, inc_y_r = 1.000000, inc_x_i = 1.000000, inc_y_i = 1.000000
En el else......

----------------------------------------
x = 56.000000, y = 230.000000
avance = -321.000000, avanceR = 2.000000, avanceI = 2.000000
inc_x_r = 0.000000, inc_y_r = 1.000000, inc_x_i = 1.000000, inc_y_i = 1.000000
En el else......

----------------------------------------
x = 56.000000, y = 231.000000
avance = -319.000000, avanceR = 2.000000, avanceI = 2.000000
inc_x_r = 0.000000, inc_y_r = 1.000000, inc_x_i = 1.000000, inc_y_i = 1.000000
En el else......

----------------------------------------
x = 56.000000, y = 232.000000
avance = -317.000000, avanceR = 2.000000, avanceI = 2.000000
inc_x_r = 0.000000, inc_y_r = 1.000000, inc_x_i = 1.000000, inc_y_i = 1.000000
En el else......

----------------------------------------
x = 56.000000, y = 233.000000
avance = -315.000000, avanceR = 2.000000, avanceI = 2.000000
inc_x_r = 0.000000, inc_y_r = 1.000000, inc_x_i = 1.000000, inc_y_i = 1.000000
En el else......

----------------------------------------
x = 56.000000, y = 234.000000
avance = -313.000000, avanceR = 2.000000, avanceI = 2.000000
inc_x_r = 0.000000, inc_y_r = 1.000000, inc_x_i = 1.000000, inc_y_i = 1.000000
En el else......

----------------------------------------
x = 56.000000, y = 235.000000
avance = -311.000000, avanceR = 2.000000, avanceI = 2.000000
inc_x_r = 0.000000, inc_y_r = 1.000000, inc_x_i = 1.000000, inc_y_i = 1.000000
En el else......

----------------------------------------
x = 56.000000, y = 236.000000
avance = -309.000000, avanceR = 2.000000, avanceI = 2.000000
inc_x_r = 0.000000, inc_y_r = 1.000000, inc_x_i = 1.000000, inc_y_i = 1.000000
En el else......

----------------------------------------
x = 56.000000, y = 237.000000
avance = -307.000000, avanceR = 2.000000, avanceI = 2.000000
inc_x_r = 0.000000, inc_y_r = 1.000000, inc_x_i = 1.000000, inc_y_i = 1.000000
En el else......

----------------------------------------
x = 56.000000, y = 238.000000
avance = -305.000000, avanceR = 2.000000, avanceI = 2.000000
inc_x_r = 0.000000, inc_y_r = 1.000000, inc_x_i = 1.000000, inc_y_i = 1.000000
En el else......

----------------------------------------
x = 56.000000, y = 239.000000
avance = -303.000000, avanceR = 2.000000, avanceI = 2.000000
inc_x_r = 0.000000, inc_y_r = 1.000000, inc_x_i = 1.000000, inc_y_i = 1.000000
En el else......

----------------------------------------
x = 56.000000, y = 240.000000
avance = -301.000000, avanceR = 2.000000, avanceI = 2.000000
inc_x_r = 0.000000, inc_y_r = 1.000000, inc_x_i = 1.000000, inc_y_i = 1.000000
En el else......

----------------------------------------
x = 56.000000, y = 241.000000
avance = -299.000000, avanceR = 2.000000, avanceI = 2.000000
inc_x_r = 0.000000, inc_y_r = 1.000000, inc_x_i = 1.000000, inc_y_i = 1.000000
En el else......

----------------------------------------
x = 56.000000, y = 242.000000
avance = -297.000000, avanceR = 2.000000, avanceI = 2.000000
inc_x_r = 0.000000, inc_y_r = 1.000000, inc_x_i = 1.000000, inc_y_i = 1.000000
En el else......

----------------------------------------
x = 56.000000, y = 243.000000
avance = -295.000000, avanceR = 2.000000, avanceI = 2.000000
inc_x_r = 0.000000, inc_y_r = 1.000000, inc_x_i = 1.000000, inc_y_i = 1.000000
En el else......

----------------------------------------
x = 56.000000, y = 244.000000
avance = -293.000000, avanceR = 2.000000, avanceI = 2.000000
inc_x_r = 0.000000, inc_y_r = 1.000000, inc_x_i = 1.000000, inc_y_i = 1.000000
En el else......

----------------------------------------
x = 56.000000, y = 245.000000
avance = -291.000000, avanceR = 2.000000, avanceI = 2.000000
inc_x_r = 0.000000, inc_y_r = 1.000000, inc_x_i = 1.000000, inc_y_i = 1.000000
En el else......

----------------------------------------
x = 56.000000, y = 246.000000
avance = -289.000000, avanceR = 2.000000, avanceI = 2.000000
inc_x_r = 0.000000, inc_y_r = 1.000000, inc_x_i = 1.000000, inc_y_i = 1.000000
En el else......

----------------------------------------
x = 56.000000, y = 247.000000
avance = -287.000000, avanceR = 2.000000, avanceI = 2.000000
inc_x_r = 0.000000, inc_y_r = 1.000000, inc_x_i = 1.000000, inc_y_i = 1.000000
En el else......

----------------------------------------
x = 56.000000, y = 248.000000
avance = -285.000000, avanceR = 2.000000, avanceI = 2.000000
inc_x_r = 0.000000, inc_y_r = 1.000000, inc_x_i = 1.000000, inc_y_i = 1.000000
En el else......

----------------------------------------
x = 56.000000, y = 249.000000
avance = -283.000000, avanceR = 2.000000, avanceI = 2.000000
inc_x_r = 0.000000, inc_y_r = 1.000000, inc_x_i = 1.000000, inc_y_i = 1.000000
En el else......

----------------------------------------
x = 56.000000, y = 250.000000
avance = -281.000000, avanceR = 2.000000, avanceI = 2.000000
inc_x_r = 0.000000, inc_y_r = 1.000000, inc_x_i = 1.000000, inc_y_i = 1.000000
En el else......

----------------------------------------
x = 56.000000, y = 251.000000
avance = -279.000000, avanceR = 2.000000, avanceI = 2.000000
inc_x_r = 0.000000, inc_y_r = 1.000000, inc_x_i = 1.000000, inc_y_i = 1.000000
En el else......

----------------------------------------
x = 56.000000, y = 252.000000
avance = -277.000000, avanceR = 2.000000, avanceI = 2.000000
inc_x_r = 0.000000, inc_y_r = 1.000000, inc_x_i = 1.000000, inc_y_i = 1.000000
En el else......

----------------------------------------
x = 56.000000, y = 253.000000
avance = -275.000000, avanceR = 2.000000, avanceI = 2.000000
inc_x_r = 0.000000, inc_y_r = 1.000000, inc_x_i = 1.000000, inc_y_i = 1.000000
En el else......

----------------------------------------
x = 56.000000, y = 254.000000
avance = -273.000000, avanceR = 2.000000, avanceI = 2.000000
inc_x_r = 0.000000, inc_y_r = 1.000000, inc_x_i = 1.000000, inc_y_i = 1.000000
En el else......

----------------------------------------
x = 56.000000, y = 255.000000
avance = -271.000000, avanceR = 2.000000, avanceI = 2.000000
inc_x_r = 0.000000, inc_y_r = 1.000000, inc_x_i = 1.000000, inc_y_i = 1.000000
En el else......

----------------------------------------
x = 56.000000, y = 256.000000
avance = -269.000000, avanceR = 2.000000, avanceI = 2.000000
inc_x_r = 0.000000, inc_y_r = 1.000000, inc_x_i = 1.000000, inc_y_i = 1.000000
En el else......

----------------------------------------
x = 56.000000, y = 257.000000
avance = -267.000000, avanceR = 2.000000, avanceI = 2.000000
inc_x_r = 0.000000, inc_y_r = 1.000000, inc_x_i = 1.000000, inc_y_i = 1.000000
En el else......

----------------------------------------
x = 56.000000, y = 258.000000
avance = -265.000000, avanceR = 2.000000, avanceI = 2.000000
inc_x_r = 0.000000, inc_y_r = 1.000000, inc_x_i = 1.000000, inc_y_i = 1.000000
En el else......

----------------------------------------
x = 56.000000, y = 259.000000
avance = -263.000000, avanceR = 2.000000, avanceI = 2.000000
inc_x_r = 0.000000, inc_y_r = 1.000000, inc_x_i = 1.000000, inc_y_i = 1.000000
En el else......

----------------------------------------
x = 56.000000, y = 260.000000
avance = -261.000000, avanceR = 2.000000, avanceI = 2.000000
inc_x_r = 0.000000, inc_y_r = 1.000000, inc_x_i = 1.000000, inc_y_i = 1.000000
En el else......

----------------------------------------
x = 56.000000, y = 261.000000
avance = -259.000000, avanceR = 2.000000, avanceI = 2.000000
inc_x_r = 0.000000, inc_y_r = 1.000000, inc_x_i = 1.000000, inc_y_i = 1.000000
En el else......

----------------------------------------
x = 56.000000, y = 262.000000
avance = -257.000000, avanceR = 2.000000, avanceI = 2.000000
inc_x_r = 0.000000, inc_y_r = 1.000000, inc_x_i = 1.000000, inc_y_i = 1.000000
En el else......

----------------------------------------
x = 56.000000, y = 263.000000
avance = -255.000000, avanceR = 2.000000, avanceI = 2.000000
inc_x_r = 0.000000, inc_y_r = 1.000000, inc_x_i = 1.000000, inc_y_i = 1.000000
En el else......

----------------------------------------
x = 56.000000, y = 264.000000
avance = -253.000000, avanceR = 2.000000, avanceI = 2.000000
inc_x_r = 0.000000, inc_y_r = 1.000000, inc_x_i = 1.000000, inc_y_i = 1.000000
En el else......

----------------------------------------
x = 56.000000, y = 265.000000
avance = -251.000000, avanceR = 2.000000, avanceI = 2.000000
inc_x_r = 0.000000, inc_y_r = 1.000000, inc_x_i = 1.000000, inc_y_i = 1.000000
En el else......

----------------------------------------


ENTRAMOS A BRESENHAMªªªª
x1 = 55.000000 - y1 = 15.000000 || x2 = 56.000000 - y2 = 266.000000
dy = 251.000000, dx = 1.000000
avances inclinados: inc_x_i = 1.000000, inc_y_i = 1.000000
updated: dy = 251.000000, dx = 1.000000
avances rectos: inc_x_r = 0.000000, inc_y_r 1.000000
reupdated: dy = 1.000000, dx = 251.000000
avanceR = 2.000000, avance -249.000000, avanceI 2.000000
----------------------------------------
x = 55.000000, y = 15.000000
avance = -249.000000, avanceR = 2.000000, avanceI = 2.000000
inc_x_r = 0.000000, inc_y_r = 1.000000, inc_x_i = 1.000000, inc_y_i = 1.000000
En el else......

----------------------------------------
x = 55.000000, y = 16.000000
avance = -247.000000, avanceR = 2.000000, avanceI = 2.000000
inc_x_r = 0.000000, inc_y_r = 1.000000, inc_x_i = 1.000000, inc_y_i = 1.000000
En el else......

----------------------------------------
x = 55.000000, y = 17.000000
avance = -245.000000, avanceR = 2.000000, avanceI = 2.000000
inc_x_r = 0.000000, inc_y_r = 1.000000, inc_x_i = 1.000000, inc_y_i = 1.000000
En el else......

----------------------------------------
x = 55.000000, y = 18.000000
avance = -243.000000, avanceR = 2.000000, avanceI = 2.000000
inc_x_r = 0.000000, inc_y_r = 1.000000, inc_x_i = 1.000000, inc_y_i = 1.000000
En el else......

----------------------------------------
x = 55.000000, y = 19.000000
avance = -241.000000, avanceR = 2.000000, avanceI = 2.000000
inc_x_r = 0.000000, inc_y_r = 1.000000, inc_x_i = 1.000000, inc_y_i = 1.000000
En el else......

----------------------------------------
x = 55.000000, y = 20.000000
avance = -239.000000, avanceR = 2.000000, avanceI = 2.000000
inc_x_r = 0.000000, inc_y_r = 1.000000, inc_x_i = 1.000000, inc_y_i = 1.000000
En el else......

----------------------------------------
x = 55.000000, y = 21.000000
avance = -237.000000, avanceR = 2.000000, avanceI = 2.000000
inc_x_r = 0.000000, inc_y_r = 1.000000, inc_x_i = 1.000000, inc_y_i = 1.000000
En el else......

----------------------------------------
x = 55.000000, y = 22.000000
avance = -235.000000, avanceR = 2.000000, avanceI = 2.000000
inc_x_r = 0.000000, inc_y_r = 1.000000, inc_x_i = 1.000000, inc_y_i = 1.000000
En el else......

----------------------------------------
x = 55.000000, y = 23.000000
avance = -233.000000, avanceR = 2.000000, avanceI = 2.000000
inc_x_r = 0.000000, inc_y_r = 1.000000, inc_x_i = 1.000000, inc_y_i = 1.000000
En el else......

----------------------------------------
x = 55.000000, y = 24.000000
avance = -231.000000, avanceR = 2.000000, avanceI = 2.000000
inc_x_r = 0.000000, inc_y_r = 1.000000, inc_x_i = 1.000000, inc_y_i = 1.000000
En el else......

----------------------------------------
x = 55.000000, y = 25.000000
avance = -229.000000, avanceR = 2.000000, avanceI = 2.000000
inc_x_r = 0.000000, inc_y_r = 1.000000, inc_x_i = 1.000000, inc_y_i = 1.000000
En el else......

----------------------------------------
x = 55.000000, y = 26.000000
avance = -227.000000, avanceR = 2.000000, avanceI = 2.000000
inc_x_r = 0.000000, inc_y_r = 1.000000, inc_x_i = 1.000000, inc_y_i = 1.000000
En el else......

----------------------------------------
x = 55.000000, y = 27.000000
avance = -225.000000, avanceR = 2.000000, avanceI = 2.000000
inc_x_r = 0.000000, inc_y_r = 1.000000, inc_x_i = 1.000000, inc_y_i = 1.000000
En el else......

----------------------------------------
x = 55.000000, y = 28.000000
avance = -223.000000, avanceR = 2.000000, avanceI = 2.000000
inc_x_r = 0.000000, inc_y_r = 1.000000, inc_x_i = 1.000000, inc_y_i = 1.000000
En el else......

----------------------------------------
x = 55.000000, y = 29.000000
avance = -221.000000, avanceR = 2.000000, avanceI = 2.000000
inc_x_r = 0.000000, inc_y_r = 1.000000, inc_x_i = 1.000000, inc_y_i = 1.000000
En el else......

----------------------------------------
x = 55.000000, y = 30.000000
avance = -219.000000, avanceR = 2.000000, avanceI = 2.000000
inc_x_r = 0.000000, inc_y_r = 1.000000, inc_x_i = 1.000000, inc_y_i = 1.000000
En el else......

----------------------------------------
x = 55.000000, y = 31.000000
avance = -217.000000, avanceR = 2.000000, avanceI = 2.000000
inc_x_r = 0.000000, inc_y_r = 1.000000, inc_x_i = 1.000000, inc_y_i = 1.000000
En el else......

----------------------------------------
x = 55.000000, y = 32.000000
avance = -215.000000, avanceR = 2.000000, avanceI = 2.000000
inc_x_r = 0.000000, inc_y_r = 1.000000, inc_x_i = 1.000000, inc_y_i = 1.000000
En el else......

----------------------------------------
x = 55.000000, y = 33.000000
avance = -213.000000, avanceR = 2.000000, avanceI = 2.000000
inc_x_r = 0.000000, inc_y_r = 1.000000, inc_x_i = 1.000000, inc_y_i = 1.000000
En el else......

----------------------------------------
x = 55.000000, y = 34.000000
avance = -211.000000, avanceR = 2.000000, avanceI = 2.000000
inc_x_r = 0.000000, inc_y_r = 1.000000, inc_x_i = 1.000000, inc_y_i = 1.000000
En el else......

----------------------------------------
x = 55.000000, y = 35.000000
avance = -209.000000, avanceR = 2.000000, avanceI = 2.000000
inc_x_r = 0.000000, inc_y_r = 1.000000, inc_x_i = 1.000000, inc_y_i = 1.000000
En el else......

----------------------------------------
x = 55.000000, y = 36.000000
avance = -207.000000, avanceR = 2.000000, avanceI = 2.000000
inc_x_r = 0.000000, inc_y_r = 1.000000, inc_x_i = 1.000000, inc_y_i = 1.000000
En el else......

----------------------------------------
x = 55.000000, y = 37.000000
avance = -205.000000, avanceR = 2.000000, avanceI = 2.000000
inc_x_r = 0.000000, inc_y_r = 1.000000, inc_x_i = 1.000000, inc_y_i = 1.000000
En el else......

----------------------------------------
x = 55.000000, y = 38.000000
avance = -203.000000, avanceR = 2.000000, avanceI = 2.000000
inc_x_r = 0.000000, inc_y_r = 1.000000, inc_x_i = 1.000000, inc_y_i = 1.000000
En el else......

----------------------------------------
x = 55.000000, y = 39.000000
avance = -201.000000, avanceR = 2.000000, avanceI = 2.000000
inc_x_r = 0.000000, inc_y_r = 1.000000, inc_x_i = 1.000000, inc_y_i = 1.000000
En el else......

----------------------------------------
x = 55.000000, y = 40.000000
avance = -199.000000, avanceR = 2.000000, avanceI = 2.000000
inc_x_r = 0.000000, inc_y_r = 1.000000, inc_x_i = 1.000000, inc_y_i = 1.000000
En el else......

----------------------------------------
x = 55.000000, y = 41.000000
avance = -197.000000, avanceR = 2.000000, avanceI = 2.000000
inc_x_r = 0.000000, inc_y_r = 1.000000, inc_x_i = 1.000000, inc_y_i = 1.000000
En el else......

----------------------------------------
x = 55.000000, y = 42.000000
avance = -195.000000, avanceR = 2.000000, avanceI = 2.000000
inc_x_r = 0.000000, inc_y_r = 1.000000, inc_x_i = 1.000000, inc_y_i = 1.000000
En el else......

----------------------------------------
x = 55.000000, y = 43.000000
avance = -193.000000, avanceR = 2.000000, avanceI = 2.000000
inc_x_r = 0.000000, inc_y_r = 1.000000, inc_x_i = 1.000000, inc_y_i = 1.000000
En el else......

----------------------------------------
x = 55.000000, y = 44.000000
avance = -191.000000, avanceR = 2.000000, avanceI = 2.000000
inc_x_r = 0.000000, inc_y_r = 1.000000, inc_x_i = 1.000000, inc_y_i = 1.000000
En el else......

----------------------------------------
x = 55.000000, y = 45.000000
avance = -189.000000, avanceR = 2.000000, avanceI = 2.000000
inc_x_r = 0.000000, inc_y_r = 1.000000, inc_x_i = 1.000000, inc_y_i = 1.000000
En el else......

----------------------------------------
x = 55.000000, y = 46.000000
avance = -187.000000, avanceR = 2.000000, avanceI = 2.000000
inc_x_r = 0.000000, inc_y_r = 1.000000, inc_x_i = 1.000000, inc_y_i = 1.000000
En el else......

----------------------------------------
x = 55.000000, y = 47.000000
avance = -185.000000, avanceR = 2.000000, avanceI = 2.000000
inc_x_r = 0.000000, inc_y_r = 1.000000, inc_x_i = 1.000000, inc_y_i = 1.000000
En el else......

----------------------------------------
x = 55.000000, y = 48.000000
avance = -183.000000, avanceR = 2.000000, avanceI = 2.000000
inc_x_r = 0.000000, inc_y_r = 1.000000, inc_x_i = 1.000000, inc_y_i = 1.000000
En el else......

----------------------------------------
x = 55.000000, y = 49.000000
avance = -181.000000, avanceR = 2.000000, avanceI = 2.000000
inc_x_r = 0.000000, inc_y_r = 1.000000, inc_x_i = 1.000000, inc_y_i = 1.000000
En el else......

----------------------------------------
x = 55.000000, y = 50.000000
avance = -179.000000, avanceR = 2.000000, avanceI = 2.000000
inc_x_r = 0.000000, inc_y_r = 1.000000, inc_x_i = 1.000000, inc_y_i = 1.000000
En el else......

----------------------------------------
x = 55.000000, y = 51.000000
avance = -177.000000, avanceR = 2.000000, avanceI = 2.000000
inc_x_r = 0.000000, inc_y_r = 1.000000, inc_x_i = 1.000000, inc_y_i = 1.000000
En el else......

----------------------------------------
x = 55.000000, y = 52.000000
avance = -175.000000, avanceR = 2.000000, avanceI = 2.000000
inc_x_r = 0.000000, inc_y_r = 1.000000, inc_x_i = 1.000000, inc_y_i = 1.000000
En el else......

----------------------------------------
x = 55.000000, y = 53.000000
avance = -173.000000, avanceR = 2.000000, avanceI = 2.000000
inc_x_r = 0.000000, inc_y_r = 1.000000, inc_x_i = 1.000000, inc_y_i = 1.000000
En el else......

----------------------------------------
x = 55.000000, y = 54.000000
avance = -171.000000, avanceR = 2.000000, avanceI = 2.000000
inc_x_r = 0.000000, inc_y_r = 1.000000, inc_x_i = 1.000000, inc_y_i = 1.000000
En el else......

----------------------------------------
x = 55.000000, y = 55.000000
avance = -169.000000, avanceR = 2.000000, avanceI = 2.000000
inc_x_r = 0.000000, inc_y_r = 1.000000, inc_x_i = 1.000000, inc_y_i = 1.000000
En el else......

----------------------------------------
x = 55.000000, y = 56.000000
avance = -167.000000, avanceR = 2.000000, avanceI = 2.000000
inc_x_r = 0.000000, inc_y_r = 1.000000, inc_x_i = 1.000000, inc_y_i = 1.000000
En el else......

----------------------------------------
x = 55.000000, y = 57.000000
avance = -165.000000, avanceR = 2.000000, avanceI = 2.000000
inc_x_r = 0.000000, inc_y_r = 1.000000, inc_x_i = 1.000000, inc_y_i = 1.000000
En el else......

----------------------------------------
x = 55.000000, y = 58.000000
avance = -163.000000, avanceR = 2.000000, avanceI = 2.000000
inc_x_r = 0.000000, inc_y_r = 1.000000, inc_x_i = 1.000000, inc_y_i = 1.000000
En el else......

----------------------------------------
x = 55.000000, y = 59.000000
avance = -161.000000, avanceR = 2.000000, avanceI = 2.000000
inc_x_r = 0.000000, inc_y_r = 1.000000, inc_x_i = 1.000000, inc_y_i = 1.000000
En el else......

----------------------------------------
x = 55.000000, y = 60.000000
avance = -159.000000, avanceR = 2.000000, avanceI = 2.000000
inc_x_r = 0.000000, inc_y_r = 1.000000, inc_x_i = 1.000000, inc_y_i = 1.000000
En el else......

----------------------------------------
x = 55.000000, y = 61.000000
avance = -157.000000, avanceR = 2.000000, avanceI = 2.000000
inc_x_r = 0.000000, inc_y_r = 1.000000, inc_x_i = 1.000000, inc_y_i = 1.000000
En el else......

----------------------------------------
x = 55.000000, y = 62.000000
avance = -155.000000, avanceR = 2.000000, avanceI = 2.000000
inc_x_r = 0.000000, inc_y_r = 1.000000, inc_x_i = 1.000000, inc_y_i = 1.000000
En el else......

----------------------------------------
x = 55.000000, y = 63.000000
avance = -153.000000, avanceR = 2.000000, avanceI = 2.000000
inc_x_r = 0.000000, inc_y_r = 1.000000, inc_x_i = 1.000000, inc_y_i = 1.000000
En el else......

----------------------------------------
x = 55.000000, y = 64.000000
avance = -151.000000, avanceR = 2.000000, avanceI = 2.000000
inc_x_r = 0.000000, inc_y_r = 1.000000, inc_x_i = 1.000000, inc_y_i = 1.000000
En el else......

----------------------------------------
x = 55.000000, y = 65.000000
avance = -149.000000, avanceR = 2.000000, avanceI = 2.000000
inc_x_r = 0.000000, inc_y_r = 1.000000, inc_x_i = 1.000000, inc_y_i = 1.000000
En el else......

----------------------------------------
x = 55.000000, y = 66.000000
avance = -147.000000, avanceR = 2.000000, avanceI = 2.000000
inc_x_r = 0.000000, inc_y_r = 1.000000, inc_x_i = 1.000000, inc_y_i = 1.000000
En el else......

----------------------------------------
x = 55.000000, y = 67.000000
avance = -145.000000, avanceR = 2.000000, avanceI = 2.000000
inc_x_r = 0.000000, inc_y_r = 1.000000, inc_x_i = 1.000000, inc_y_i = 1.000000
En el else......

----------------------------------------
x = 55.000000, y = 68.000000
avance = -143.000000, avanceR = 2.000000, avanceI = 2.000000
inc_x_r = 0.000000, inc_y_r = 1.000000, inc_x_i = 1.000000, inc_y_i = 1.000000
En el else......

----------------------------------------
x = 55.000000, y = 69.000000
avance = -141.000000, avanceR = 2.000000, avanceI = 2.000000
inc_x_r = 0.000000, inc_y_r = 1.000000, inc_x_i = 1.000000, inc_y_i = 1.000000
En el else......

----------------------------------------
x = 55.000000, y = 70.000000
avance = -139.000000, avanceR = 2.000000, avanceI = 2.000000
inc_x_r = 0.000000, inc_y_r = 1.000000, inc_x_i = 1.000000, inc_y_i = 1.000000
En el else......

----------------------------------------
x = 55.000000, y = 71.000000
avance = -137.000000, avanceR = 2.000000, avanceI = 2.000000
inc_x_r = 0.000000, inc_y_r = 1.000000, inc_x_i = 1.000000, inc_y_i = 1.000000
En el else......

----------------------------------------
x = 55.000000, y = 72.000000
avance = -135.000000, avanceR = 2.000000, avanceI = 2.000000
inc_x_r = 0.000000, inc_y_r = 1.000000, inc_x_i = 1.000000, inc_y_i = 1.000000
En el else......

----------------------------------------
x = 55.000000, y = 73.000000
avance = -133.000000, avanceR = 2.000000, avanceI = 2.000000
inc_x_r = 0.000000, inc_y_r = 1.000000, inc_x_i = 1.000000, inc_y_i = 1.000000
En el else......

----------------------------------------
x = 55.000000, y = 74.000000
avance = -131.000000, avanceR = 2.000000, avanceI = 2.000000
inc_x_r = 0.000000, inc_y_r = 1.000000, inc_x_i = 1.000000, inc_y_i = 1.000000
En el else......

----------------------------------------
x = 55.000000, y = 75.000000
avance = -129.000000, avanceR = 2.000000, avanceI = 2.000000
inc_x_r = 0.000000, inc_y_r = 1.000000, inc_x_i = 1.000000, inc_y_i = 1.000000
En el else......

----------------------------------------
x = 55.000000, y = 76.000000
avance = -127.000000, avanceR = 2.000000, avanceI = 2.000000
inc_x_r = 0.000000, inc_y_r = 1.000000, inc_x_i = 1.000000, inc_y_i = 1.000000
En el else......

----------------------------------------
x = 55.000000, y = 77.000000
avance = -125.000000, avanceR = 2.000000, avanceI = 2.000000
inc_x_r = 0.000000, inc_y_r = 1.000000, inc_x_i = 1.000000, inc_y_i = 1.000000
En el else......

----------------------------------------
x = 55.000000, y = 78.000000
avance = -123.000000, avanceR = 2.000000, avanceI = 2.000000
inc_x_r = 0.000000, inc_y_r = 1.000000, inc_x_i = 1.000000, inc_y_i = 1.000000
En el else......

----------------------------------------
x = 55.000000, y = 79.000000
avance = -121.000000, avanceR = 2.000000, avanceI = 2.000000
inc_x_r = 0.000000, inc_y_r = 1.000000, inc_x_i = 1.000000, inc_y_i = 1.000000
En el else......

----------------------------------------
x = 55.000000, y = 80.000000
avance = -119.000000, avanceR = 2.000000, avanceI = 2.000000
inc_x_r = 0.000000, inc_y_r = 1.000000, inc_x_i = 1.000000, inc_y_i = 1.000000
En el else......

----------------------------------------
x = 55.000000, y = 81.000000
avance = -117.000000, avanceR = 2.000000, avanceI = 2.000000
inc_x_r = 0.000000, inc_y_r = 1.000000, inc_x_i = 1.000000, inc_y_i = 1.000000
En el else......

----------------------------------------
x = 55.000000, y = 82.000000
avance = -115.000000, avanceR = 2.000000, avanceI = 2.000000
inc_x_r = 0.000000, inc_y_r = 1.000000, inc_x_i = 1.000000, inc_y_i = 1.000000
En el else......

----------------------------------------
x = 55.000000, y = 83.000000
avance = -113.000000, avanceR = 2.000000, avanceI = 2.000000
inc_x_r = 0.000000, inc_y_r = 1.000000, inc_x_i = 1.000000, inc_y_i = 1.000000
En el else......

----------------------------------------
x = 55.000000, y = 84.000000
avance = -111.000000, avanceR = 2.000000, avanceI = 2.000000
inc_x_r = 0.000000, inc_y_r = 1.000000, inc_x_i = 1.000000, inc_y_i = 1.000000
En el else......

----------------------------------------
x = 55.000000, y = 85.000000
avance = -109.000000, avanceR = 2.000000, avanceI = 2.000000
inc_x_r = 0.000000, inc_y_r = 1.000000, inc_x_i = 1.000000, inc_y_i = 1.000000
En el else......

----------------------------------------
x = 55.000000, y = 86.000000
avance = -107.000000, avanceR = 2.000000, avanceI = 2.000000
inc_x_r = 0.000000, inc_y_r = 1.000000, inc_x_i = 1.000000, inc_y_i = 1.000000
En el else......

----------------------------------------
x = 55.000000, y = 87.000000
avance = -105.000000, avanceR = 2.000000, avanceI = 2.000000
inc_x_r = 0.000000, inc_y_r = 1.000000, inc_x_i = 1.000000, inc_y_i = 1.000000
En el else......

----------------------------------------
x = 55.000000, y = 88.000000
avance = -103.000000, avanceR = 2.000000, avanceI = 2.000000
inc_x_r = 0.000000, inc_y_r = 1.000000, inc_x_i = 1.000000, inc_y_i = 1.000000
En el else......

----------------------------------------
x = 55.000000, y = 89.000000
avance = -101.000000, avanceR = 2.000000, avanceI = 2.000000
inc_x_r = 0.000000, inc_y_r = 1.000000, inc_x_i = 1.000000, inc_y_i = 1.000000
En el else......

----------------------------------------
x = 55.000000, y = 90.000000
avance = -99.000000, avanceR = 2.000000, avanceI = 2.000000
inc_x_r = 0.000000, inc_y_r = 1.000000, inc_x_i = 1.000000, inc_y_i = 1.000000
En el else......

----------------------------------------
x = 55.000000, y = 91.000000
avance = -97.000000, avanceR = 2.000000, avanceI = 2.000000
inc_x_r = 0.000000, inc_y_r = 1.000000, inc_x_i = 1.000000, inc_y_i = 1.000000
En el else......

----------------------------------------
x = 55.000000, y = 92.000000
avance = -95.000000, avanceR = 2.000000, avanceI = 2.000000
inc_x_r = 0.000000, inc_y_r = 1.000000, inc_x_i = 1.000000, inc_y_i = 1.000000
En el else......

----------------------------------------
x = 55.000000, y = 93.000000
avance = -93.000000, avanceR = 2.000000, avanceI = 2.000000
inc_x_r = 0.000000, inc_y_r = 1.000000, inc_x_i = 1.000000, inc_y_i = 1.000000
En el else......

----------------------------------------
x = 55.000000, y = 94.000000
avance = -91.000000, avanceR = 2.000000, avanceI = 2.000000
inc_x_r = 0.000000, inc_y_r = 1.000000, inc_x_i = 1.000000, inc_y_i = 1.000000
En el else......

----------------------------------------
x = 55.000000, y = 95.000000
avance = -89.000000, avanceR = 2.000000, avanceI = 2.000000
inc_x_r = 0.000000, inc_y_r = 1.000000, inc_x_i = 1.000000, inc_y_i = 1.000000
En el else......

----------------------------------------
x = 55.000000, y = 96.000000
avance = -87.000000, avanceR = 2.000000, avanceI = 2.000000
inc_x_r = 0.000000, inc_y_r = 1.000000, inc_x_i = 1.000000, inc_y_i = 1.000000
En el else......

----------------------------------------
x = 55.000000, y = 97.000000
avance = -85.000000, avanceR = 2.000000, avanceI = 2.000000
inc_x_r = 0.000000, inc_y_r = 1.000000, inc_x_i = 1.000000, inc_y_i = 1.000000
En el else......

----------------------------------------
x = 55.000000, y = 98.000000
avance = -83.000000, avanceR = 2.000000, avanceI = 2.000000
inc_x_r = 0.000000, inc_y_r = 1.000000, inc_x_i = 1.000000, inc_y_i = 1.000000
En el else......

----------------------------------------
x = 55.000000, y = 99.000000
avance = -81.000000, avanceR = 2.000000, avanceI = 2.000000
inc_x_r = 0.000000, inc_y_r = 1.000000, inc_x_i = 1.000000, inc_y_i = 1.000000
En el else......

----------------------------------------
x = 55.000000, y = 100.000000
avance = -79.000000, avanceR = 2.000000, avanceI = 2.000000
inc_x_r = 0.000000, inc_y_r = 1.000000, inc_x_i = 1.000000, inc_y_i = 1.000000
En el else......

----------------------------------------
x = 55.000000, y = 101.000000
avance = -77.000000, avanceR = 2.000000, avanceI = 2.000000
inc_x_r = 0.000000, inc_y_r = 1.000000, inc_x_i = 1.000000, inc_y_i = 1.000000
En el else......

----------------------------------------
x = 55.000000, y = 102.000000
avance = -75.000000, avanceR = 2.000000, avanceI = 2.000000
inc_x_r = 0.000000, inc_y_r = 1.000000, inc_x_i = 1.000000, inc_y_i = 1.000000
En el else......

----------------------------------------
x = 55.000000, y = 103.000000
avance = -73.000000, avanceR = 2.000000, avanceI = 2.000000
inc_x_r = 0.000000, inc_y_r = 1.000000, inc_x_i = 1.000000, inc_y_i = 1.000000
En el else......

----------------------------------------
x = 55.000000, y = 104.000000
avance = -71.000000, avanceR = 2.000000, avanceI = 2.000000
inc_x_r = 0.000000, inc_y_r = 1.000000, inc_x_i = 1.000000, inc_y_i = 1.000000
En el else......

----------------------------------------
x = 55.000000, y = 105.000000
avance = -69.000000, avanceR = 2.000000, avanceI = 2.000000
inc_x_r = 0.000000, inc_y_r = 1.000000, inc_x_i = 1.000000, inc_y_i = 1.000000
En el else......

----------------------------------------
x = 55.000000, y = 106.000000
avance = -67.000000, avanceR = 2.000000, avanceI = 2.000000
inc_x_r = 0.000000, inc_y_r = 1.000000, inc_x_i = 1.000000, inc_y_i = 1.000000
En el else......

----------------------------------------
x = 55.000000, y = 107.000000
avance = -65.000000, avanceR = 2.000000, avanceI = 2.000000
inc_x_r = 0.000000, inc_y_r = 1.000000, inc_x_i = 1.000000, inc_y_i = 1.000000
En el else......

----------------------------------------
x = 55.000000, y = 108.000000
avance = -63.000000, avanceR = 2.000000, avanceI = 2.000000
inc_x_r = 0.000000, inc_y_r = 1.000000, inc_x_i = 1.000000, inc_y_i = 1.000000
En el else......

----------------------------------------
x = 55.000000, y = 109.000000
avance = -61.000000, avanceR = 2.000000, avanceI = 2.000000
inc_x_r = 0.000000, inc_y_r = 1.000000, inc_x_i = 1.000000, inc_y_i = 1.000000
En el else......

----------------------------------------
x = 55.000000, y = 110.000000
avance = -59.000000, avanceR = 2.000000, avanceI = 2.000000
inc_x_r = 0.000000, inc_y_r = 1.000000, inc_x_i = 1.000000, inc_y_i = 1.000000
En el else......

----------------------------------------
x = 55.000000, y = 111.000000
avance = -57.000000, avanceR = 2.000000, avanceI = 2.000000
inc_x_r = 0.000000, inc_y_r = 1.000000, inc_x_i = 1.000000, inc_y_i = 1.000000
En el else......

----------------------------------------
x = 55.000000, y = 112.000000
avance = -55.000000, avanceR = 2.000000, avanceI = 2.000000
inc_x_r = 0.000000, inc_y_r = 1.000000, inc_x_i = 1.000000, inc_y_i = 1.000000
En el else......

----------------------------------------
x = 55.000000, y = 113.000000
avance = -53.000000, avanceR = 2.000000, avanceI = 2.000000
inc_x_r = 0.000000, inc_y_r = 1.000000, inc_x_i = 1.000000, inc_y_i = 1.000000
En el else......

----------------------------------------
x = 55.000000, y = 114.000000
avance = -51.000000, avanceR = 2.000000, avanceI = 2.000000
inc_x_r = 0.000000, inc_y_r = 1.000000, inc_x_i = 1.000000, inc_y_i = 1.000000
En el else......

----------------------------------------
x = 55.000000, y = 115.000000
avance = -49.000000, avanceR = 2.000000, avanceI = 2.000000
inc_x_r = 0.000000, inc_y_r = 1.000000, inc_x_i = 1.000000, inc_y_i = 1.000000
En el else......

----------------------------------------
x = 55.000000, y = 116.000000
avance = -47.000000, avanceR = 2.000000, avanceI = 2.000000
inc_x_r = 0.000000, inc_y_r = 1.000000, inc_x_i = 1.000000, inc_y_i = 1.000000
En el else......

----------------------------------------
x = 55.000000, y = 117.000000
avance = -45.000000, avanceR = 2.000000, avanceI = 2.000000
inc_x_r = 0.000000, inc_y_r = 1.000000, inc_x_i = 1.000000, inc_y_i = 1.000000
En el else......

----------------------------------------
x = 55.000000, y = 118.000000
avance = -43.000000, avanceR = 2.000000, avanceI = 2.000000
inc_x_r = 0.000000, inc_y_r = 1.000000, inc_x_i = 1.000000, inc_y_i = 1.000000
En el else......

----------------------------------------
x = 55.000000, y = 119.000000
avance = -41.000000, avanceR = 2.000000, avanceI = 2.000000
inc_x_r = 0.000000, inc_y_r = 1.000000, inc_x_i = 1.000000, inc_y_i = 1.000000
En el else......

----------------------------------------
x = 55.000000, y = 120.000000
avance = -39.000000, avanceR = 2.000000, avanceI = 2.000000
inc_x_r = 0.000000, inc_y_r = 1.000000, inc_x_i = 1.000000, inc_y_i = 1.000000
En el else......

----------------------------------------
x = 55.000000, y = 121.000000
avance = -37.000000, avanceR = 2.000000, avanceI = 2.000000
inc_x_r = 0.000000, inc_y_r = 1.000000, inc_x_i = 1.000000, inc_y_i = 1.000000
En el else......

----------------------------------------
x = 55.000000, y = 122.000000
avance = -35.000000, avanceR = 2.000000, avanceI = 2.000000
inc_x_r = 0.000000, inc_y_r = 1.000000, inc_x_i = 1.000000, inc_y_i = 1.000000
En el else......

----------------------------------------
x = 55.000000, y = 123.000000
avance = -33.000000, avanceR = 2.000000, avanceI = 2.000000
inc_x_r = 0.000000, inc_y_r = 1.000000, inc_x_i = 1.000000, inc_y_i = 1.000000
En el else......

----------------------------------------
x = 55.000000, y = 124.000000
avance = -31.000000, avanceR = 2.000000, avanceI = 2.000000
inc_x_r = 0.000000, inc_y_r = 1.000000, inc_x_i = 1.000000, inc_y_i = 1.000000
En el else......

----------------------------------------
x = 55.000000, y = 125.000000
avance = -29.000000, avanceR = 2.000000, avanceI = 2.000000
inc_x_r = 0.000000, inc_y_r = 1.000000, inc_x_i = 1.000000, inc_y_i = 1.000000
En el else......

----------------------------------------
x = 55.000000, y = 126.000000
avance = -27.000000, avanceR = 2.000000, avanceI = 2.000000
inc_x_r = 0.000000, inc_y_r = 1.000000, inc_x_i = 1.000000, inc_y_i = 1.000000
En el else......

----------------------------------------
x = 55.000000, y = 127.000000
avance = -25.000000, avanceR = 2.000000, avanceI = 2.000000
inc_x_r = 0.000000, inc_y_r = 1.000000, inc_x_i = 1.000000, inc_y_i = 1.000000
En el else......

----------------------------------------
x = 55.000000, y = 128.000000
avance = -23.000000, avanceR = 2.000000, avanceI = 2.000000
inc_x_r = 0.000000, inc_y_r = 1.000000, inc_x_i = 1.000000, inc_y_i = 1.000000
En el else......

----------------------------------------
x = 55.000000, y = 129.000000
avance = -21.000000, avanceR = 2.000000, avanceI = 2.000000
inc_x_r = 0.000000, inc_y_r = 1.000000, inc_x_i = 1.000000, inc_y_i = 1.000000
En el else......

----------------------------------------
x = 55.000000, y = 130.000000
avance = -19.000000, avanceR = 2.000000, avanceI = 2.000000
inc_x_r = 0.000000, inc_y_r = 1.000000, inc_x_i = 1.000000, inc_y_i = 1.000000
En el else......

----------------------------------------
x = 55.000000, y = 131.000000
avance = -17.000000, avanceR = 2.000000, avanceI = 2.000000
inc_x_r = 0.000000, inc_y_r = 1.000000, inc_x_i = 1.000000, inc_y_i = 1.000000
En el else......

----------------------------------------
x = 55.000000, y = 132.000000
avance = -15.000000, avanceR = 2.000000, avanceI = 2.000000
inc_x_r = 0.000000, inc_y_r = 1.000000, inc_x_i = 1.000000, inc_y_i = 1.000000
En el else......

----------------------------------------
x = 55.000000, y = 133.000000
avance = -13.000000, avanceR = 2.000000, avanceI = 2.000000
inc_x_r = 0.000000, inc_y_r = 1.000000, inc_x_i = 1.000000, inc_y_i = 1.000000
En el else......

----------------------------------------
x = 55.000000, y = 134.000000
avance = -11.000000, avanceR = 2.000000, avanceI = 2.000000
inc_x_r = 0.000000, inc_y_r = 1.000000, inc_x_i = 1.000000, inc_y_i = 1.000000
En el else......

----------------------------------------
x = 55.000000, y = 135.000000
avance = -9.000000, avanceR = 2.000000, avanceI = 2.000000
inc_x_r = 0.000000, inc_y_r = 1.000000, inc_x_i = 1.000000, inc_y_i = 1.000000
En el else......

----------------------------------------
x = 55.000000, y = 136.000000
avance = -7.000000, avanceR = 2.000000, avanceI = 2.000000
inc_x_r = 0.000000, inc_y_r = 1.000000, inc_x_i = 1.000000, inc_y_i = 1.000000
En el else......

----------------------------------------
x = 55.000000, y = 137.000000
avance = -5.000000, avanceR = 2.000000, avanceI = 2.000000
inc_x_r = 0.000000, inc_y_r = 1.000000, inc_x_i = 1.000000, inc_y_i = 1.000000
En el else......

----------------------------------------
x = 55.000000, y = 138.000000
avance = -3.000000, avanceR = 2.000000, avanceI = 2.000000
inc_x_r = 0.000000, inc_y_r = 1.000000, inc_x_i = 1.000000, inc_y_i = 1.000000
En el else......

----------------------------------------
x = 55.000000, y = 139.000000
avance = -1.000000, avanceR = 2.000000, avanceI = 2.000000
inc_x_r = 0.000000, inc_y_r = 1.000000, inc_x_i = 1.000000, inc_y_i = 1.000000
En el else......

----------------------------------------
x = 55.000000, y = 140.000000
avance = 1.000000, avanceR = 2.000000, avanceI = 2.000000
inc_x_r = 0.000000, inc_y_r = 1.000000, inc_x_i = 1.000000, inc_y_i = 1.000000
avance >= 0

----------------------------------------
x = 56.000000, y = 141.000000
avance = -499.000000, avanceR = 2.000000, avanceI = 2.000000
inc_x_r = 0.000000, inc_y_r = 1.000000, inc_x_i = 1.000000, inc_y_i = 1.000000
En el else......

----------------------------------------
x = 56.000000, y = 142.000000
avance = -497.000000, avanceR = 2.000000, avanceI = 2.000000
inc_x_r = 0.000000, inc_y_r = 1.000000, inc_x_i = 1.000000, inc_y_i = 1.000000
En el else......

----------------------------------------
x = 56.000000, y = 143.000000
avance = -495.000000, avanceR = 2.000000, avanceI = 2.000000
inc_x_r = 0.000000, inc_y_r = 1.000000, inc_x_i = 1.000000, inc_y_i = 1.000000
En el else......

----------------------------------------
x = 56.000000, y = 144.000000
avance = -493.000000, avanceR = 2.000000, avanceI = 2.000000
inc_x_r = 0.000000, inc_y_r = 1.000000, inc_x_i = 1.000000, inc_y_i = 1.000000
En el else......

----------------------------------------
x = 56.000000, y = 145.000000
avance = -491.000000, avanceR = 2.000000, avanceI = 2.000000
inc_x_r = 0.000000, inc_y_r = 1.000000, inc_x_i = 1.000000, inc_y_i = 1.000000
En el else......

----------------------------------------
x = 56.000000, y = 146.000000
avance = -489.000000, avanceR = 2.000000, avanceI = 2.000000
inc_x_r = 0.000000, inc_y_r = 1.000000, inc_x_i = 1.000000, inc_y_i = 1.000000
En el else......

----------------------------------------
x = 56.000000, y = 147.000000
avance = -487.000000, avanceR = 2.000000, avanceI = 2.000000
inc_x_r = 0.000000, inc_y_r = 1.000000, inc_x_i = 1.000000, inc_y_i = 1.000000
En el else......

----------------------------------------
x = 56.000000, y = 148.000000
avance = -485.000000, avanceR = 2.000000, avanceI = 2.000000
inc_x_r = 0.000000, inc_y_r = 1.000000, inc_x_i = 1.000000, inc_y_i = 1.000000
En el else......

----------------------------------------
x = 56.000000, y = 149.000000
avance = -483.000000, avanceR = 2.000000, avanceI = 2.000000
inc_x_r = 0.000000, inc_y_r = 1.000000, inc_x_i = 1.000000, inc_y_i = 1.000000
En el else......

----------------------------------------
x = 56.000000, y = 150.000000
avance = -481.000000, avanceR = 2.000000, avanceI = 2.000000
inc_x_r = 0.000000, inc_y_r = 1.000000, inc_x_i = 1.000000, inc_y_i = 1.000000
En el else......

----------------------------------------
x = 56.000000, y = 151.000000
avance = -479.000000, avanceR = 2.000000, avanceI = 2.000000
inc_x_r = 0.000000, inc_y_r = 1.000000, inc_x_i = 1.000000, inc_y_i = 1.000000
En el else......

----------------------------------------
x = 56.000000, y = 152.000000
avance = -477.000000, avanceR = 2.000000, avanceI = 2.000000
inc_x_r = 0.000000, inc_y_r = 1.000000, inc_x_i = 1.000000, inc_y_i = 1.000000
En el else......

----------------------------------------
x = 56.000000, y = 153.000000
avance = -475.000000, avanceR = 2.000000, avanceI = 2.000000
inc_x_r = 0.000000, inc_y_r = 1.000000, inc_x_i = 1.000000, inc_y_i = 1.000000
En el else......

----------------------------------------
x = 56.000000, y = 154.000000
avance = -473.000000, avanceR = 2.000000, avanceI = 2.000000
inc_x_r = 0.000000, inc_y_r = 1.000000, inc_x_i = 1.000000, inc_y_i = 1.000000
En el else......

----------------------------------------
x = 56.000000, y = 155.000000
avance = -471.000000, avanceR = 2.000000, avanceI = 2.000000
inc_x_r = 0.000000, inc_y_r = 1.000000, inc_x_i = 1.000000, inc_y_i = 1.000000
En el else......

----------------------------------------
x = 56.000000, y = 156.000000
avance = -469.000000, avanceR = 2.000000, avanceI = 2.000000
inc_x_r = 0.000000, inc_y_r = 1.000000, inc_x_i = 1.000000, inc_y_i = 1.000000
En el else......

----------------------------------------
x = 56.000000, y = 157.000000
avance = -467.000000, avanceR = 2.000000, avanceI = 2.000000
inc_x_r = 0.000000, inc_y_r = 1.000000, inc_x_i = 1.000000, inc_y_i = 1.000000
En el else......

----------------------------------------
x = 56.000000, y = 158.000000
avance = -465.000000, avanceR = 2.000000, avanceI = 2.000000
inc_x_r = 0.000000, inc_y_r = 1.000000, inc_x_i = 1.000000, inc_y_i = 1.000000
En el else......

----------------------------------------
x = 56.000000, y = 159.000000
avance = -463.000000, avanceR = 2.000000, avanceI = 2.000000
inc_x_r = 0.000000, inc_y_r = 1.000000, inc_x_i = 1.000000, inc_y_i = 1.000000
En el else......

----------------------------------------
x = 56.000000, y = 160.000000
avance = -461.000000, avanceR = 2.000000, avanceI = 2.000000
inc_x_r = 0.000000, inc_y_r = 1.000000, inc_x_i = 1.000000, inc_y_i = 1.000000
En el else......

----------------------------------------
x = 56.000000, y = 161.000000
avance = -459.000000, avanceR = 2.000000, avanceI = 2.000000
inc_x_r = 0.000000, inc_y_r = 1.000000, inc_x_i = 1.000000, inc_y_i = 1.000000
En el else......

----------------------------------------
x = 56.000000, y = 162.000000
avance = -457.000000, avanceR = 2.000000, avanceI = 2.000000
inc_x_r = 0.000000, inc_y_r = 1.000000, inc_x_i = 1.000000, inc_y_i = 1.000000
En el else......

----------------------------------------
x = 56.000000, y = 163.000000
avance = -455.000000, avanceR = 2.000000, avanceI = 2.000000
inc_x_r = 0.000000, inc_y_r = 1.000000, inc_x_i = 1.000000, inc_y_i = 1.000000
En el else......

----------------------------------------
x = 56.000000, y = 164.000000
avance = -453.000000, avanceR = 2.000000, avanceI = 2.000000
inc_x_r = 0.000000, inc_y_r = 1.000000, inc_x_i = 1.000000, inc_y_i = 1.000000
En el else......

----------------------------------------
x = 56.000000, y = 165.000000
avance = -451.000000, avanceR = 2.000000, avanceI = 2.000000
inc_x_r = 0.000000, inc_y_r = 1.000000, inc_x_i = 1.000000, inc_y_i = 1.000000
En el else......

----------------------------------------
x = 56.000000, y = 166.000000
avance = -449.000000, avanceR = 2.000000, avanceI = 2.000000
inc_x_r = 0.000000, inc_y_r = 1.000000, inc_x_i = 1.000000, inc_y_i = 1.000000
En el else......

----------------------------------------
x = 56.000000, y = 167.000000
avance = -447.000000, avanceR = 2.000000, avanceI = 2.000000
inc_x_r = 0.000000, inc_y_r = 1.000000, inc_x_i = 1.000000, inc_y_i = 1.000000
En el else......

----------------------------------------
x = 56.000000, y = 168.000000
avance = -445.000000, avanceR = 2.000000, avanceI = 2.000000
inc_x_r = 0.000000, inc_y_r = 1.000000, inc_x_i = 1.000000, inc_y_i = 1.000000
En el else......

----------------------------------------
x = 56.000000, y = 169.000000
avance = -443.000000, avanceR = 2.000000, avanceI = 2.000000
inc_x_r = 0.000000, inc_y_r = 1.000000, inc_x_i = 1.000000, inc_y_i = 1.000000
En el else......

----------------------------------------
x = 56.000000, y = 170.000000
avance = -441.000000, avanceR = 2.000000, avanceI = 2.000000
inc_x_r = 0.000000, inc_y_r = 1.000000, inc_x_i = 1.000000, inc_y_i = 1.000000
En el else......

----------------------------------------
x = 56.000000, y = 171.000000
avance = -439.000000, avanceR = 2.000000, avanceI = 2.000000
inc_x_r = 0.000000, inc_y_r = 1.000000, inc_x_i = 1.000000, inc_y_i = 1.000000
En el else......

----------------------------------------
x = 56.000000, y = 172.000000
avance = -437.000000, avanceR = 2.000000, avanceI = 2.000000
inc_x_r = 0.000000, inc_y_r = 1.000000, inc_x_i = 1.000000, inc_y_i = 1.000000
En el else......

----------------------------------------
x = 56.000000, y = 173.000000
avance = -435.000000, avanceR = 2.000000, avanceI = 2.000000
inc_x_r = 0.000000, inc_y_r = 1.000000, inc_x_i = 1.000000, inc_y_i = 1.000000
En el else......

----------------------------------------
x = 56.000000, y = 174.000000
avance = -433.000000, avanceR = 2.000000, avanceI = 2.000000
inc_x_r = 0.000000, inc_y_r = 1.000000, inc_x_i = 1.000000, inc_y_i = 1.000000
En el else......

----------------------------------------
x = 56.000000, y = 175.000000
avance = -431.000000, avanceR = 2.000000, avanceI = 2.000000
inc_x_r = 0.000000, inc_y_r = 1.000000, inc_x_i = 1.000000, inc_y_i = 1.000000
En el else......

----------------------------------------
x = 56.000000, y = 176.000000
avance = -429.000000, avanceR = 2.000000, avanceI = 2.000000
inc_x_r = 0.000000, inc_y_r = 1.000000, inc_x_i = 1.000000, inc_y_i = 1.000000
En el else......

----------------------------------------
x = 56.000000, y = 177.000000
avance = -427.000000, avanceR = 2.000000, avanceI = 2.000000
inc_x_r = 0.000000, inc_y_r = 1.000000, inc_x_i = 1.000000, inc_y_i = 1.000000
En el else......

----------------------------------------
x = 56.000000, y = 178.000000
avance = -425.000000, avanceR = 2.000000, avanceI = 2.000000
inc_x_r = 0.000000, inc_y_r = 1.000000, inc_x_i = 1.000000, inc_y_i = 1.000000
En el else......

----------------------------------------
x = 56.000000, y = 179.000000
avance = -423.000000, avanceR = 2.000000, avanceI = 2.000000
inc_x_r = 0.000000, inc_y_r = 1.000000, inc_x_i = 1.000000, inc_y_i = 1.000000
En el else......

----------------------------------------
x = 56.000000, y = 180.000000
avance = -421.000000, avanceR = 2.000000, avanceI = 2.000000
inc_x_r = 0.000000, inc_y_r = 1.000000, inc_x_i = 1.000000, inc_y_i = 1.000000
En el else......

----------------------------------------
x = 56.000000, y = 181.000000
avance = -419.000000, avanceR = 2.000000, avanceI = 2.000000
inc_x_r = 0.000000, inc_y_r = 1.000000, inc_x_i = 1.000000, inc_y_i = 1.000000
En el else......

----------------------------------------
x = 56.000000, y = 182.000000
avance = -417.000000, avanceR = 2.000000, avanceI = 2.000000
inc_x_r = 0.000000, inc_y_r = 1.000000, inc_x_i = 1.000000, inc_y_i = 1.000000
En el else......

----------------------------------------
x = 56.000000, y = 183.000000
avance = -415.000000, avanceR = 2.000000, avanceI = 2.000000
inc_x_r = 0.000000, inc_y_r = 1.000000, inc_x_i = 1.000000, inc_y_i = 1.000000
En el else......

----------------------------------------
x = 56.000000, y = 184.000000
avance = -413.000000, avanceR = 2.000000, avanceI = 2.000000
inc_x_r = 0.000000, inc_y_r = 1.000000, inc_x_i = 1.000000, inc_y_i = 1.000000
En el else......

----------------------------------------
x = 56.000000, y = 185.000000
avance = -411.000000, avanceR = 2.000000, avanceI = 2.000000
inc_x_r = 0.000000, inc_y_r = 1.000000, inc_x_i = 1.000000, inc_y_i = 1.000000
En el else......

----------------------------------------
x = 56.000000, y = 186.000000
avance = -409.000000, avanceR = 2.000000, avanceI = 2.000000
inc_x_r = 0.000000, inc_y_r = 1.000000, inc_x_i = 1.000000, inc_y_i = 1.000000
En el else......

----------------------------------------
x = 56.000000, y = 187.000000
avance = -407.000000, avanceR = 2.000000, avanceI = 2.000000
inc_x_r = 0.000000, inc_y_r = 1.000000, inc_x_i = 1.000000, inc_y_i = 1.000000
En el else......

----------------------------------------
x = 56.000000, y = 188.000000
avance = -405.000000, avanceR = 2.000000, avanceI = 2.000000
inc_x_r = 0.000000, inc_y_r = 1.000000, inc_x_i = 1.000000, inc_y_i = 1.000000
En el else......

----------------------------------------
x = 56.000000, y = 189.000000
avance = -403.000000, avanceR = 2.000000, avanceI = 2.000000
inc_x_r = 0.000000, inc_y_r = 1.000000, inc_x_i = 1.000000, inc_y_i = 1.000000
En el else......

----------------------------------------
x = 56.000000, y = 190.000000
avance = -401.000000, avanceR = 2.000000, avanceI = 2.000000
inc_x_r = 0.000000, inc_y_r = 1.000000, inc_x_i = 1.000000, inc_y_i = 1.000000
En el else......

----------------------------------------
x = 56.000000, y = 191.000000
avance = -399.000000, avanceR = 2.000000, avanceI = 2.000000
inc_x_r = 0.000000, inc_y_r = 1.000000, inc_x_i = 1.000000, inc_y_i = 1.000000
En el else......

----------------------------------------
x = 56.000000, y = 192.000000
avance = -397.000000, avanceR = 2.000000, avanceI = 2.000000
inc_x_r = 0.000000, inc_y_r = 1.000000, inc_x_i = 1.000000, inc_y_i = 1.000000
En el else......

----------------------------------------
x = 56.000000, y = 193.000000
avance = -395.000000, avanceR = 2.000000, avanceI = 2.000000
inc_x_r = 0.000000, inc_y_r = 1.000000, inc_x_i = 1.000000, inc_y_i = 1.000000
En el else......

----------------------------------------
x = 56.000000, y = 194.000000
avance = -393.000000, avanceR = 2.000000, avanceI = 2.000000
inc_x_r = 0.000000, inc_y_r = 1.000000, inc_x_i = 1.000000, inc_y_i = 1.000000
En el else......

----------------------------------------
x = 56.000000, y = 195.000000
avance = -391.000000, avanceR = 2.000000, avanceI = 2.000000
inc_x_r = 0.000000, inc_y_r = 1.000000, inc_x_i = 1.000000, inc_y_i = 1.000000
En el else......

----------------------------------------
x = 56.000000, y = 196.000000
avance = -389.000000, avanceR = 2.000000, avanceI = 2.000000
inc_x_r = 0.000000, inc_y_r = 1.000000, inc_x_i = 1.000000, inc_y_i = 1.000000
En el else......

----------------------------------------
x = 56.000000, y = 197.000000
avance = -387.000000, avanceR = 2.000000, avanceI = 2.000000
inc_x_r = 0.000000, inc_y_r = 1.000000, inc_x_i = 1.000000, inc_y_i = 1.000000
En el else......

----------------------------------------
x = 56.000000, y = 198.000000
avance = -385.000000, avanceR = 2.000000, avanceI = 2.000000
inc_x_r = 0.000000, inc_y_r = 1.000000, inc_x_i = 1.000000, inc_y_i = 1.000000
En el else......

----------------------------------------
x = 56.000000, y = 199.000000
avance = -383.000000, avanceR = 2.000000, avanceI = 2.000000
inc_x_r = 0.000000, inc_y_r = 1.000000, inc_x_i = 1.000000, inc_y_i = 1.000000
En el else......

----------------------------------------
x = 56.000000, y = 200.000000
avance = -381.000000, avanceR = 2.000000, avanceI = 2.000000
inc_x_r = 0.000000, inc_y_r = 1.000000, inc_x_i = 1.000000, inc_y_i = 1.000000
En el else......

----------------------------------------
x = 56.000000, y = 201.000000
avance = -379.000000, avanceR = 2.000000, avanceI = 2.000000
inc_x_r = 0.000000, inc_y_r = 1.000000, inc_x_i = 1.000000, inc_y_i = 1.000000
En el else......

----------------------------------------
x = 56.000000, y = 202.000000
avance = -377.000000, avanceR = 2.000000, avanceI = 2.000000
inc_x_r = 0.000000, inc_y_r = 1.000000, inc_x_i = 1.000000, inc_y_i = 1.000000
En el else......

----------------------------------------
x = 56.000000, y = 203.000000
avance = -375.000000, avanceR = 2.000000, avanceI = 2.000000
inc_x_r = 0.000000, inc_y_r = 1.000000, inc_x_i = 1.000000, inc_y_i = 1.000000
En el else......

----------------------------------------
x = 56.000000, y = 204.000000
avance = -373.000000, avanceR = 2.000000, avanceI = 2.000000
inc_x_r = 0.000000, inc_y_r = 1.000000, inc_x_i = 1.000000, inc_y_i = 1.000000
En el else......

----------------------------------------
x = 56.000000, y = 205.000000
avance = -371.000000, avanceR = 2.000000, avanceI = 2.000000
inc_x_r = 0.000000, inc_y_r = 1.000000, inc_x_i = 1.000000, inc_y_i = 1.000000
En el else......

----------------------------------------
x = 56.000000, y = 206.000000
avance = -369.000000, avanceR = 2.000000, avanceI = 2.000000
inc_x_r = 0.000000, inc_y_r = 1.000000, inc_x_i = 1.000000, inc_y_i = 1.000000
En el else......

----------------------------------------
x = 56.000000, y = 207.000000
avance = -367.000000, avanceR = 2.000000, avanceI = 2.000000
inc_x_r = 0.000000, inc_y_r = 1.000000, inc_x_i = 1.000000, inc_y_i = 1.000000
En el else......

----------------------------------------
x = 56.000000, y = 208.000000
avance = -365.000000, avanceR = 2.000000, avanceI = 2.000000
inc_x_r = 0.000000, inc_y_r = 1.000000, inc_x_i = 1.000000, inc_y_i = 1.000000
En el else......

----------------------------------------
x = 56.000000, y = 209.000000
avance = -363.000000, avanceR = 2.000000, avanceI = 2.000000
inc_x_r = 0.000000, inc_y_r = 1.000000, inc_x_i = 1.000000, inc_y_i = 1.000000
En el else......

----------------------------------------
x = 56.000000, y = 210.000000
avance = -361.000000, avanceR = 2.000000, avanceI = 2.000000
inc_x_r = 0.000000, inc_y_r = 1.000000, inc_x_i = 1.000000, inc_y_i = 1.000000
En el else......

----------------------------------------
x = 56.000000, y = 211.000000
avance = -359.000000, avanceR = 2.000000, avanceI = 2.000000
inc_x_r = 0.000000, inc_y_r = 1.000000, inc_x_i = 1.000000, inc_y_i = 1.000000
En el else......

----------------------------------------
x = 56.000000, y = 212.000000
avance = -357.000000, avanceR = 2.000000, avanceI = 2.000000
inc_x_r = 0.000000, inc_y_r = 1.000000, inc_x_i = 1.000000, inc_y_i = 1.000000
En el else......

----------------------------------------
x = 56.000000, y = 213.000000
avance = -355.000000, avanceR = 2.000000, avanceI = 2.000000
inc_x_r = 0.000000, inc_y_r = 1.000000, inc_x_i = 1.000000, inc_y_i = 1.000000
En el else......

----------------------------------------
x = 56.000000, y = 214.000000
avance = -353.000000, avanceR = 2.000000, avanceI = 2.000000
inc_x_r = 0.000000, inc_y_r = 1.000000, inc_x_i = 1.000000, inc_y_i = 1.000000
En el else......

----------------------------------------
x = 56.000000, y = 215.000000
avance = -351.000000, avanceR = 2.000000, avanceI = 2.000000
inc_x_r = 0.000000, inc_y_r = 1.000000, inc_x_i = 1.000000, inc_y_i = 1.000000
En el else......

----------------------------------------
x = 56.000000, y = 216.000000
avance = -349.000000, avanceR = 2.000000, avanceI = 2.000000
inc_x_r = 0.000000, inc_y_r = 1.000000, inc_x_i = 1.000000, inc_y_i = 1.000000
En el else......

----------------------------------------
x = 56.000000, y = 217.000000
avance = -347.000000, avanceR = 2.000000, avanceI = 2.000000
inc_x_r = 0.000000, inc_y_r = 1.000000, inc_x_i = 1.000000, inc_y_i = 1.000000
En el else......

----------------------------------------
x = 56.000000, y = 218.000000
avance = -345.000000, avanceR = 2.000000, avanceI = 2.000000
inc_x_r = 0.000000, inc_y_r = 1.000000, inc_x_i = 1.000000, inc_y_i = 1.000000
En el else......

----------------------------------------
x = 56.000000, y = 219.000000
avance = -343.000000, avanceR = 2.000000, avanceI = 2.000000
inc_x_r = 0.000000, inc_y_r = 1.000000, inc_x_i = 1.000000, inc_y_i = 1.000000
En el else......

----------------------------------------
x = 56.000000, y = 220.000000
avance = -341.000000, avanceR = 2.000000, avanceI = 2.000000
inc_x_r = 0.000000, inc_y_r = 1.000000, inc_x_i = 1.000000, inc_y_i = 1.000000
En el else......

----------------------------------------
x = 56.000000, y = 221.000000
avance = -339.000000, avanceR = 2.000000, avanceI = 2.000000
inc_x_r = 0.000000, inc_y_r = 1.000000, inc_x_i = 1.000000, inc_y_i = 1.000000
En el else......

----------------------------------------
x = 56.000000, y = 222.000000
avance = -337.000000, avanceR = 2.000000, avanceI = 2.000000
inc_x_r = 0.000000, inc_y_r = 1.000000, inc_x_i = 1.000000, inc_y_i = 1.000000
En el else......

----------------------------------------
x = 56.000000, y = 223.000000
avance = -335.000000, avanceR = 2.000000, avanceI = 2.000000
inc_x_r = 0.000000, inc_y_r = 1.000000, inc_x_i = 1.000000, inc_y_i = 1.000000
En el else......

----------------------------------------
x = 56.000000, y = 224.000000
avance = -333.000000, avanceR = 2.000000, avanceI = 2.000000
inc_x_r = 0.000000, inc_y_r = 1.000000, inc_x_i = 1.000000, inc_y_i = 1.000000
En el else......

----------------------------------------
x = 56.000000, y = 225.000000
avance = -331.000000, avanceR = 2.000000, avanceI = 2.000000
inc_x_r = 0.000000, inc_y_r = 1.000000, inc_x_i = 1.000000, inc_y_i = 1.000000
En el else......

----------------------------------------
x = 56.000000, y = 226.000000
avance = -329.000000, avanceR = 2.000000, avanceI = 2.000000
inc_x_r = 0.000000, inc_y_r = 1.000000, inc_x_i = 1.000000, inc_y_i = 1.000000
En el else......

----------------------------------------
x = 56.000000, y = 227.000000
avance = -327.000000, avanceR = 2.000000, avanceI = 2.000000
inc_x_r = 0.000000, inc_y_r = 1.000000, inc_x_i = 1.000000, inc_y_i = 1.000000
En el else......

----------------------------------------
x = 56.000000, y = 228.000000
avance = -325.000000, avanceR = 2.000000, avanceI = 2.000000
inc_x_r = 0.000000, inc_y_r = 1.000000, inc_x_i = 1.000000, inc_y_i = 1.000000
En el else......

----------------------------------------
x = 56.000000, y = 229.000000
avance = -323.000000, avanceR = 2.000000, avanceI = 2.000000
inc_x_r = 0.000000, inc_y_r = 1.000000, inc_x_i = 1.000000, inc_y_i = 1.000000
En el else......

----------------------------------------
x = 56.000000, y = 230.000000
avance = -321.000000, avanceR = 2.000000, avanceI = 2.000000
inc_x_r = 0.000000, inc_y_r = 1.000000, inc_x_i = 1.000000, inc_y_i = 1.000000
En el else......

----------------------------------------
x = 56.000000, y = 231.000000
avance = -319.000000, avanceR = 2.000000, avanceI = 2.000000
inc_x_r = 0.000000, inc_y_r = 1.000000, inc_x_i = 1.000000, inc_y_i = 1.000000
En el else......

----------------------------------------
x = 56.000000, y = 232.000000
avance = -317.000000, avanceR = 2.000000, avanceI = 2.000000
inc_x_r = 0.000000, inc_y_r = 1.000000, inc_x_i = 1.000000, inc_y_i = 1.000000
En el else......

----------------------------------------
x = 56.000000, y = 233.000000
avance = -315.000000, avanceR = 2.000000, avanceI = 2.000000
inc_x_r = 0.000000, inc_y_r = 1.000000, inc_x_i = 1.000000, inc_y_i = 1.000000
En el else......

----------------------------------------
x = 56.000000, y = 234.000000
avance = -313.000000, avanceR = 2.000000, avanceI = 2.000000
inc_x_r = 0.000000, inc_y_r = 1.000000, inc_x_i = 1.000000, inc_y_i = 1.000000
En el else......

----------------------------------------
x = 56.000000, y = 235.000000
avance = -311.000000, avanceR = 2.000000, avanceI = 2.000000
inc_x_r = 0.000000, inc_y_r = 1.000000, inc_x_i = 1.000000, inc_y_i = 1.000000
En el else......

----------------------------------------
x = 56.000000, y = 236.000000
avance = -309.000000, avanceR = 2.000000, avanceI = 2.000000
inc_x_r = 0.000000, inc_y_r = 1.000000, inc_x_i = 1.000000, inc_y_i = 1.000000
En el else......

----------------------------------------
x = 56.000000, y = 237.000000
avance = -307.000000, avanceR = 2.000000, avanceI = 2.000000
inc_x_r = 0.000000, inc_y_r = 1.000000, inc_x_i = 1.000000, inc_y_i = 1.000000
En el else......

----------------------------------------
x = 56.000000, y = 238.000000
avance = -305.000000, avanceR = 2.000000, avanceI = 2.000000
inc_x_r = 0.000000, inc_y_r = 1.000000, inc_x_i = 1.000000, inc_y_i = 1.000000
En el else......

----------------------------------------
x = 56.000000, y = 239.000000
avance = -303.000000, avanceR = 2.000000, avanceI = 2.000000
inc_x_r = 0.000000, inc_y_r = 1.000000, inc_x_i = 1.000000, inc_y_i = 1.000000
En el else......

----------------------------------------
x = 56.000000, y = 240.000000
avance = -301.000000, avanceR = 2.000000, avanceI = 2.000000
inc_x_r = 0.000000, inc_y_r = 1.000000, inc_x_i = 1.000000, inc_y_i = 1.000000
En el else......

----------------------------------------
x = 56.000000, y = 241.000000
avance = -299.000000, avanceR = 2.000000, avanceI = 2.000000
inc_x_r = 0.000000, inc_y_r = 1.000000, inc_x_i = 1.000000, inc_y_i = 1.000000
En el else......

----------------------------------------
x = 56.000000, y = 242.000000
avance = -297.000000, avanceR = 2.000000, avanceI = 2.000000
inc_x_r = 0.000000, inc_y_r = 1.000000, inc_x_i = 1.000000, inc_y_i = 1.000000
En el else......

----------------------------------------
x = 56.000000, y = 243.000000
avance = -295.000000, avanceR = 2.000000, avanceI = 2.000000
inc_x_r = 0.000000, inc_y_r = 1.000000, inc_x_i = 1.000000, inc_y_i = 1.000000
En el else......

----------------------------------------
x = 56.000000, y = 244.000000
avance = -293.000000, avanceR = 2.000000, avanceI = 2.000000
inc_x_r = 0.000000, inc_y_r = 1.000000, inc_x_i = 1.000000, inc_y_i = 1.000000
En el else......

----------------------------------------
x = 56.000000, y = 245.000000
avance = -291.000000, avanceR = 2.000000, avanceI = 2.000000
inc_x_r = 0.000000, inc_y_r = 1.000000, inc_x_i = 1.000000, inc_y_i = 1.000000
En el else......

----------------------------------------
x = 56.000000, y = 246.000000
avance = -289.000000, avanceR = 2.000000, avanceI = 2.000000
inc_x_r = 0.000000, inc_y_r = 1.000000, inc_x_i = 1.000000, inc_y_i = 1.000000
En el else......

----------------------------------------
x = 56.000000, y = 247.000000
avance = -287.000000, avanceR = 2.000000, avanceI = 2.000000
inc_x_r = 0.000000, inc_y_r = 1.000000, inc_x_i = 1.000000, inc_y_i = 1.000000
En el else......

----------------------------------------
x = 56.000000, y = 248.000000
avance = -285.000000, avanceR = 2.000000, avanceI = 2.000000
inc_x_r = 0.000000, inc_y_r = 1.000000, inc_x_i = 1.000000, inc_y_i = 1.000000
En el else......

----------------------------------------
x = 56.000000, y = 249.000000
avance = -283.000000, avanceR = 2.000000, avanceI = 2.000000
inc_x_r = 0.000000, inc_y_r = 1.000000, inc_x_i = 1.000000, inc_y_i = 1.000000
En el else......

----------------------------------------
x = 56.000000, y = 250.000000
avance = -281.000000, avanceR = 2.000000, avanceI = 2.000000
inc_x_r = 0.000000, inc_y_r = 1.000000, inc_x_i = 1.000000, inc_y_i = 1.000000
En el else......

----------------------------------------
x = 56.000000, y = 251.000000
avance = -279.000000, avanceR = 2.000000, avanceI = 2.000000
inc_x_r = 0.000000, inc_y_r = 1.000000, inc_x_i = 1.000000, inc_y_i = 1.000000
En el else......

----------------------------------------
x = 56.000000, y = 252.000000
avance = -277.000000, avanceR = 2.000000, avanceI = 2.000000
inc_x_r = 0.000000, inc_y_r = 1.000000, inc_x_i = 1.000000, inc_y_i = 1.000000
En el else......

----------------------------------------
x = 56.000000, y = 253.000000
avance = -275.000000, avanceR = 2.000000, avanceI = 2.000000
inc_x_r = 0.000000, inc_y_r = 1.000000, inc_x_i = 1.000000, inc_y_i = 1.000000
En el else......

----------------------------------------
x = 56.000000, y = 254.000000
avance = -273.000000, avanceR = 2.000000, avanceI = 2.000000
inc_x_r = 0.000000, inc_y_r = 1.000000, inc_x_i = 1.000000, inc_y_i = 1.000000
En el else......

----------------------------------------
x = 56.000000, y = 255.000000
avance = -271.000000, avanceR = 2.000000, avanceI = 2.000000
inc_x_r = 0.000000, inc_y_r = 1.000000, inc_x_i = 1.000000, inc_y_i = 1.000000
En el else......

----------------------------------------
x = 56.000000, y = 256.000000
avance = -269.000000, avanceR = 2.000000, avanceI = 2.000000
inc_x_r = 0.000000, inc_y_r = 1.000000, inc_x_i = 1.000000, inc_y_i = 1.000000
En el else......

----------------------------------------
x = 56.000000, y = 257.000000
avance = -267.000000, avanceR = 2.000000, avanceI = 2.000000
inc_x_r = 0.000000, inc_y_r = 1.000000, inc_x_i = 1.000000, inc_y_i = 1.000000
En el else......

----------------------------------------
x = 56.000000, y = 258.000000
avance = -265.000000, avanceR = 2.000000, avanceI = 2.000000
inc_x_r = 0.000000, inc_y_r = 1.000000, inc_x_i = 1.000000, inc_y_i = 1.000000
En el else......

----------------------------------------
x = 56.000000, y = 259.000000
avance = -263.000000, avanceR = 2.000000, avanceI = 2.000000
inc_x_r = 0.000000, inc_y_r = 1.000000, inc_x_i = 1.000000, inc_y_i = 1.000000
En el else......

----------------------------------------
x = 56.000000, y = 260.000000
avance = -261.000000, avanceR = 2.000000, avanceI = 2.000000
inc_x_r = 0.000000, inc_y_r = 1.000000, inc_x_i = 1.000000, inc_y_i = 1.000000
En el else......

----------------------------------------
x = 56.000000, y = 261.000000
avance = -259.000000, avanceR = 2.000000, avanceI = 2.000000
inc_x_r = 0.000000, inc_y_r = 1.000000, inc_x_i = 1.000000, inc_y_i = 1.000000
En el else......

----------------------------------------
x = 56.000000, y = 262.000000
avance = -257.000000, avanceR = 2.000000, avanceI = 2.000000
inc_x_r = 0.000000, inc_y_r = 1.000000, inc_x_i = 1.000000, inc_y_i = 1.000000
En el else......

----------------------------------------
x = 56.000000, y = 263.000000
avance = -255.000000, avanceR = 2.000000, avanceI = 2.000000
inc_x_r = 0.000000, inc_y_r = 1.000000, inc_x_i = 1.000000, inc_y_i = 1.000000
En el else......

----------------------------------------
x = 56.000000, y = 264.000000
avance = -253.000000, avanceR = 2.000000, avanceI = 2.000000
inc_x_r = 0.000000, inc_y_r = 1.000000, inc_x_i = 1.000000, inc_y_i = 1.000000
En el else......

----------------------------------------
x = 56.000000, y = 265.000000
avance = -251.000000, avanceR = 2.000000, avanceI = 2.000000
inc_x_r = 0.000000, inc_y_r = 1.000000, inc_x_i = 1.000000, inc_y_i = 1.000000
En el else......

----------------------------------------


ENTRAMOS A BRESENHAMªªªª
x1 = 55.000000 - y1 = 15.000000 || x2 = 56.000000 - y2 = 266.000000
dy = 251.000000, dx = 1.000000
avances inclinados: inc_x_i = 1.000000, inc_y_i = 1.000000
updated: dy = 251.000000, dx = 1.000000
avances rectos: inc_x_r = 0.000000, inc_y_r 1.000000
reupdated: dy = 1.000000, dx = 251.000000
avanceR = 2.000000, avance -249.000000, avanceI 2.000000
----------------------------------------
x = 55.000000, y = 15.000000
avance = -249.000000, avanceR = 2.000000, avanceI = 2.000000
inc_x_r = 0.000000, inc_y_r = 1.000000, inc_x_i = 1.000000, inc_y_i = 1.000000
En el else......

----------------------------------------
x = 55.000000, y = 16.000000
avance = -247.000000, avanceR = 2.000000, avanceI = 2.000000
inc_x_r = 0.000000, inc_y_r = 1.000000, inc_x_i = 1.000000, inc_y_i = 1.000000
En el else......

----------------------------------------
x = 55.000000, y = 17.000000
avance = -245.000000, avanceR = 2.000000, avanceI = 2.000000
inc_x_r = 0.000000, inc_y_r = 1.000000, inc_x_i = 1.000000, inc_y_i = 1.000000
En el else......

----------------------------------------
x = 55.000000, y = 18.000000
avance = -243.000000, avanceR = 2.000000, avanceI = 2.000000
inc_x_r = 0.000000, inc_y_r = 1.000000, inc_x_i = 1.000000, inc_y_i = 1.000000
En el else......

----------------------------------------
x = 55.000000, y = 19.000000
avance = -241.000000, avanceR = 2.000000, avanceI = 2.000000
inc_x_r = 0.000000, inc_y_r = 1.000000, inc_x_i = 1.000000, inc_y_i = 1.000000
En el else......

----------------------------------------
x = 55.000000, y = 20.000000
avance = -239.000000, avanceR = 2.000000, avanceI = 2.000000
inc_x_r = 0.000000, inc_y_r = 1.000000, inc_x_i = 1.000000, inc_y_i = 1.000000
En el else......

----------------------------------------
x = 55.000000, y = 21.000000
avance = -237.000000, avanceR = 2.000000, avanceI = 2.000000
inc_x_r = 0.000000, inc_y_r = 1.000000, inc_x_i = 1.000000, inc_y_i = 1.000000
En el else......

----------------------------------------
x = 55.000000, y = 22.000000
avance = -235.000000, avanceR = 2.000000, avanceI = 2.000000
inc_x_r = 0.000000, inc_y_r = 1.000000, inc_x_i = 1.000000, inc_y_i = 1.000000
En el else......

----------------------------------------
x = 55.000000, y = 23.000000
avance = -233.000000, avanceR = 2.000000, avanceI = 2.000000
inc_x_r = 0.000000, inc_y_r = 1.000000, inc_x_i = 1.000000, inc_y_i = 1.000000
En el else......

----------------------------------------
x = 55.000000, y = 24.000000
avance = -231.000000, avanceR = 2.000000, avanceI = 2.000000
inc_x_r = 0.000000, inc_y_r = 1.000000, inc_x_i = 1.000000, inc_y_i = 1.000000
En el else......

----------------------------------------
x = 55.000000, y = 25.000000
avance = -229.000000, avanceR = 2.000000, avanceI = 2.000000
inc_x_r = 0.000000, inc_y_r = 1.000000, inc_x_i = 1.000000, inc_y_i = 1.000000
En el else......

----------------------------------------
x = 55.000000, y = 26.000000
avance = -227.000000, avanceR = 2.000000, avanceI = 2.000000
inc_x_r = 0.000000, inc_y_r = 1.000000, inc_x_i = 1.000000, inc_y_i = 1.000000
En el else......

----------------------------------------
x = 55.000000, y = 27.000000
avance = -225.000000, avanceR = 2.000000, avanceI = 2.000000
inc_x_r = 0.000000, inc_y_r = 1.000000, inc_x_i = 1.000000, inc_y_i = 1.000000
En el else......

----------------------------------------
x = 55.000000, y = 28.000000
avance = -223.000000, avanceR = 2.000000, avanceI = 2.000000
inc_x_r = 0.000000, inc_y_r = 1.000000, inc_x_i = 1.000000, inc_y_i = 1.000000
En el else......

----------------------------------------
x = 55.000000, y = 29.000000
avance = -221.000000, avanceR = 2.000000, avanceI = 2.000000
inc_x_r = 0.000000, inc_y_r = 1.000000, inc_x_i = 1.000000, inc_y_i = 1.000000
En el else......

----------------------------------------
x = 55.000000, y = 30.000000
avance = -219.000000, avanceR = 2.000000, avanceI = 2.000000
inc_x_r = 0.000000, inc_y_r = 1.000000, inc_x_i = 1.000000, inc_y_i = 1.000000
En el else......

----------------------------------------
x = 55.000000, y = 31.000000
avance = -217.000000, avanceR = 2.000000, avanceI = 2.000000
inc_x_r = 0.000000, inc_y_r = 1.000000, inc_x_i = 1.000000, inc_y_i = 1.000000
En el else......

----------------------------------------
x = 55.000000, y = 32.000000
avance = -215.000000, avanceR = 2.000000, avanceI = 2.000000
inc_x_r = 0.000000, inc_y_r = 1.000000, inc_x_i = 1.000000, inc_y_i = 1.000000
En el else......

----------------------------------------
x = 55.000000, y = 33.000000
avance = -213.000000, avanceR = 2.000000, avanceI = 2.000000
inc_x_r = 0.000000, inc_y_r = 1.000000, inc_x_i = 1.000000, inc_y_i = 1.000000
En el else......

----------------------------------------
x = 55.000000, y = 34.000000
avance = -211.000000, avanceR = 2.000000, avanceI = 2.000000
inc_x_r = 0.000000, inc_y_r = 1.000000, inc_x_i = 1.000000, inc_y_i = 1.000000
En el else......

----------------------------------------
x = 55.000000, y = 35.000000
avance = -209.000000, avanceR = 2.000000, avanceI = 2.000000
inc_x_r = 0.000000, inc_y_r = 1.000000, inc_x_i = 1.000000, inc_y_i = 1.000000
En el else......

----------------------------------------
x = 55.000000, y = 36.000000
avance = -207.000000, avanceR = 2.000000, avanceI = 2.000000
inc_x_r = 0.000000, inc_y_r = 1.000000, inc_x_i = 1.000000, inc_y_i = 1.000000
En el else......

----------------------------------------
x = 55.000000, y = 37.000000
avance = -205.000000, avanceR = 2.000000, avanceI = 2.000000
inc_x_r = 0.000000, inc_y_r = 1.000000, inc_x_i = 1.000000, inc_y_i = 1.000000
En el else......

----------------------------------------
x = 55.000000, y = 38.000000
avance = -203.000000, avanceR = 2.000000, avanceI = 2.000000
inc_x_r = 0.000000, inc_y_r = 1.000000, inc_x_i = 1.000000, inc_y_i = 1.000000
En el else......

----------------------------------------
x = 55.000000, y = 39.000000
avance = -201.000000, avanceR = 2.000000, avanceI = 2.000000
inc_x_r = 0.000000, inc_y_r = 1.000000, inc_x_i = 1.000000, inc_y_i = 1.000000
En el else......

----------------------------------------
x = 55.000000, y = 40.000000
avance = -199.000000, avanceR = 2.000000, avanceI = 2.000000
inc_x_r = 0.000000, inc_y_r = 1.000000, inc_x_i = 1.000000, inc_y_i = 1.000000
En el else......

----------------------------------------
x = 55.000000, y = 41.000000
avance = -197.000000, avanceR = 2.000000, avanceI = 2.000000
inc_x_r = 0.000000, inc_y_r = 1.000000, inc_x_i = 1.000000, inc_y_i = 1.000000
En el else......

----------------------------------------
x = 55.000000, y = 42.000000
avance = -195.000000, avanceR = 2.000000, avanceI = 2.000000
inc_x_r = 0.000000, inc_y_r = 1.000000, inc_x_i = 1.000000, inc_y_i = 1.000000
En el else......

----------------------------------------
x = 55.000000, y = 43.000000
avance = -193.000000, avanceR = 2.000000, avanceI = 2.000000
inc_x_r = 0.000000, inc_y_r = 1.000000, inc_x_i = 1.000000, inc_y_i = 1.000000
En el else......

----------------------------------------
x = 55.000000, y = 44.000000
avance = -191.000000, avanceR = 2.000000, avanceI = 2.000000
inc_x_r = 0.000000, inc_y_r = 1.000000, inc_x_i = 1.000000, inc_y_i = 1.000000
En el else......

----------------------------------------
x = 55.000000, y = 45.000000
avance = -189.000000, avanceR = 2.000000, avanceI = 2.000000
inc_x_r = 0.000000, inc_y_r = 1.000000, inc_x_i = 1.000000, inc_y_i = 1.000000
En el else......

----------------------------------------
x = 55.000000, y = 46.000000
avance = -187.000000, avanceR = 2.000000, avanceI = 2.000000
inc_x_r = 0.000000, inc_y_r = 1.000000, inc_x_i = 1.000000, inc_y_i = 1.000000
En el else......

----------------------------------------
x = 55.000000, y = 47.000000
avance = -185.000000, avanceR = 2.000000, avanceI = 2.000000
inc_x_r = 0.000000, inc_y_r = 1.000000, inc_x_i = 1.000000, inc_y_i = 1.000000
En el else......

----------------------------------------
x = 55.000000, y = 48.000000
avance = -183.000000, avanceR = 2.000000, avanceI = 2.000000
inc_x_r = 0.000000, inc_y_r = 1.000000, inc_x_i = 1.000000, inc_y_i = 1.000000
En el else......

----------------------------------------
x = 55.000000, y = 49.000000
avance = -181.000000, avanceR = 2.000000, avanceI = 2.000000
inc_x_r = 0.000000, inc_y_r = 1.000000, inc_x_i = 1.000000, inc_y_i = 1.000000
En el else......

----------------------------------------
x = 55.000000, y = 50.000000
avance = -179.000000, avanceR = 2.000000, avanceI = 2.000000
inc_x_r = 0.000000, inc_y_r = 1.000000, inc_x_i = 1.000000, inc_y_i = 1.000000
En el else......

----------------------------------------
x = 55.000000, y = 51.000000
avance = -177.000000, avanceR = 2.000000, avanceI = 2.000000
inc_x_r = 0.000000, inc_y_r = 1.000000, inc_x_i = 1.000000, inc_y_i = 1.000000
En el else......

----------------------------------------
x = 55.000000, y = 52.000000
avance = -175.000000, avanceR = 2.000000, avanceI = 2.000000
inc_x_r = 0.000000, inc_y_r = 1.000000, inc_x_i = 1.000000, inc_y_i = 1.000000
En el else......

----------------------------------------
x = 55.000000, y = 53.000000
avance = -173.000000, avanceR = 2.000000, avanceI = 2.000000
inc_x_r = 0.000000, inc_y_r = 1.000000, inc_x_i = 1.000000, inc_y_i = 1.000000
En el else......

----------------------------------------
x = 55.000000, y = 54.000000
avance = -171.000000, avanceR = 2.000000, avanceI = 2.000000
inc_x_r = 0.000000, inc_y_r = 1.000000, inc_x_i = 1.000000, inc_y_i = 1.000000
En el else......

----------------------------------------
x = 55.000000, y = 55.000000
avance = -169.000000, avanceR = 2.000000, avanceI = 2.000000
inc_x_r = 0.000000, inc_y_r = 1.000000, inc_x_i = 1.000000, inc_y_i = 1.000000
En el else......

----------------------------------------
x = 55.000000, y = 56.000000
avance = -167.000000, avanceR = 2.000000, avanceI = 2.000000
inc_x_r = 0.000000, inc_y_r = 1.000000, inc_x_i = 1.000000, inc_y_i = 1.000000
En el else......

----------------------------------------
x = 55.000000, y = 57.000000
avance = -165.000000, avanceR = 2.000000, avanceI = 2.000000
inc_x_r = 0.000000, inc_y_r = 1.000000, inc_x_i = 1.000000, inc_y_i = 1.000000
En el else......

----------------------------------------
x = 55.000000, y = 58.000000
avance = -163.000000, avanceR = 2.000000, avanceI = 2.000000
inc_x_r = 0.000000, inc_y_r = 1.000000, inc_x_i = 1.000000, inc_y_i = 1.000000
En el else......

----------------------------------------
x = 55.000000, y = 59.000000
avance = -161.000000, avanceR = 2.000000, avanceI = 2.000000
inc_x_r = 0.000000, inc_y_r = 1.000000, inc_x_i = 1.000000, inc_y_i = 1.000000
En el else......

----------------------------------------
x = 55.000000, y = 60.000000
avance = -159.000000, avanceR = 2.000000, avanceI = 2.000000
inc_x_r = 0.000000, inc_y_r = 1.000000, inc_x_i = 1.000000, inc_y_i = 1.000000
En el else......

----------------------------------------
x = 55.000000, y = 61.000000
avance = -157.000000, avanceR = 2.000000, avanceI = 2.000000
inc_x_r = 0.000000, inc_y_r = 1.000000, inc_x_i = 1.000000, inc_y_i = 1.000000
En el else......

----------------------------------------
x = 55.000000, y = 62.000000
avance = -155.000000, avanceR = 2.000000, avanceI = 2.000000
inc_x_r = 0.000000, inc_y_r = 1.000000, inc_x_i = 1.000000, inc_y_i = 1.000000
En el else......

----------------------------------------
x = 55.000000, y = 63.000000
avance = -153.000000, avanceR = 2.000000, avanceI = 2.000000
inc_x_r = 0.000000, inc_y_r = 1.000000, inc_x_i = 1.000000, inc_y_i = 1.000000
En el else......

----------------------------------------
x = 55.000000, y = 64.000000
avance = -151.000000, avanceR = 2.000000, avanceI = 2.000000
inc_x_r = 0.000000, inc_y_r = 1.000000, inc_x_i = 1.000000, inc_y_i = 1.000000
En el else......

----------------------------------------
x = 55.000000, y = 65.000000
avance = -149.000000, avanceR = 2.000000, avanceI = 2.000000
inc_x_r = 0.000000, inc_y_r = 1.000000, inc_x_i = 1.000000, inc_y_i = 1.000000
En el else......

----------------------------------------
x = 55.000000, y = 66.000000
avance = -147.000000, avanceR = 2.000000, avanceI = 2.000000
inc_x_r = 0.000000, inc_y_r = 1.000000, inc_x_i = 1.000000, inc_y_i = 1.000000
En el else......

----------------------------------------
x = 55.000000, y = 67.000000
avance = -145.000000, avanceR = 2.000000, avanceI = 2.000000
inc_x_r = 0.000000, inc_y_r = 1.000000, inc_x_i = 1.000000, inc_y_i = 1.000000
En el else......

----------------------------------------
x = 55.000000, y = 68.000000
avance = -143.000000, avanceR = 2.000000, avanceI = 2.000000
inc_x_r = 0.000000, inc_y_r = 1.000000, inc_x_i = 1.000000, inc_y_i = 1.000000
En el else......

----------------------------------------
x = 55.000000, y = 69.000000
avance = -141.000000, avanceR = 2.000000, avanceI = 2.000000
inc_x_r = 0.000000, inc_y_r = 1.000000, inc_x_i = 1.000000, inc_y_i = 1.000000
En el else......

----------------------------------------
x = 55.000000, y = 70.000000
avance = -139.000000, avanceR = 2.000000, avanceI = 2.000000
inc_x_r = 0.000000, inc_y_r = 1.000000, inc_x_i = 1.000000, inc_y_i = 1.000000
En el else......

----------------------------------------
x = 55.000000, y = 71.000000
avance = -137.000000, avanceR = 2.000000, avanceI = 2.000000
inc_x_r = 0.000000, inc_y_r = 1.000000, inc_x_i = 1.000000, inc_y_i = 1.000000
En el else......

----------------------------------------
x = 55.000000, y = 72.000000
avance = -135.000000, avanceR = 2.000000, avanceI = 2.000000
inc_x_r = 0.000000, inc_y_r = 1.000000, inc_x_i = 1.000000, inc_y_i = 1.000000
En el else......

----------------------------------------
x = 55.000000, y = 73.000000
avance = -133.000000, avanceR = 2.000000, avanceI = 2.000000
inc_x_r = 0.000000, inc_y_r = 1.000000, inc_x_i = 1.000000, inc_y_i = 1.000000
En el else......

----------------------------------------
x = 55.000000, y = 74.000000
avance = -131.000000, avanceR = 2.000000, avanceI = 2.000000
inc_x_r = 0.000000, inc_y_r = 1.000000, inc_x_i = 1.000000, inc_y_i = 1.000000
En el else......

----------------------------------------
x = 55.000000, y = 75.000000
avance = -129.000000, avanceR = 2.000000, avanceI = 2.000000
inc_x_r = 0.000000, inc_y_r = 1.000000, inc_x_i = 1.000000, inc_y_i = 1.000000
En el else......

----------------------------------------
x = 55.000000, y = 76.000000
avance = -127.000000, avanceR = 2.000000, avanceI = 2.000000
inc_x_r = 0.000000, inc_y_r = 1.000000, inc_x_i = 1.000000, inc_y_i = 1.000000
En el else......

----------------------------------------
x = 55.000000, y = 77.000000
avance = -125.000000, avanceR = 2.000000, avanceI = 2.000000
inc_x_r = 0.000000, inc_y_r = 1.000000, inc_x_i = 1.000000, inc_y_i = 1.000000
En el else......

----------------------------------------
x = 55.000000, y = 78.000000
avance = -123.000000, avanceR = 2.000000, avanceI = 2.000000
inc_x_r = 0.000000, inc_y_r = 1.000000, inc_x_i = 1.000000, inc_y_i = 1.000000
En el else......

----------------------------------------
x = 55.000000, y = 79.000000
avance = -121.000000, avanceR = 2.000000, avanceI = 2.000000
inc_x_r = 0.000000, inc_y_r = 1.000000, inc_x_i = 1.000000, inc_y_i = 1.000000
En el else......

----------------------------------------
x = 55.000000, y = 80.000000
avance = -119.000000, avanceR = 2.000000, avanceI = 2.000000
inc_x_r = 0.000000, inc_y_r = 1.000000, inc_x_i = 1.000000, inc_y_i = 1.000000
En el else......

----------------------------------------
x = 55.000000, y = 81.000000
avance = -117.000000, avanceR = 2.000000, avanceI = 2.000000
inc_x_r = 0.000000, inc_y_r = 1.000000, inc_x_i = 1.000000, inc_y_i = 1.000000
En el else......

----------------------------------------
x = 55.000000, y = 82.000000
avance = -115.000000, avanceR = 2.000000, avanceI = 2.000000
inc_x_r = 0.000000, inc_y_r = 1.000000, inc_x_i = 1.000000, inc_y_i = 1.000000
En el else......

----------------------------------------
x = 55.000000, y = 83.000000
avance = -113.000000, avanceR = 2.000000, avanceI = 2.000000
inc_x_r = 0.000000, inc_y_r = 1.000000, inc_x_i = 1.000000, inc_y_i = 1.000000
En el else......

----------------------------------------
x = 55.000000, y = 84.000000
avance = -111.000000, avanceR = 2.000000, avanceI = 2.000000
inc_x_r = 0.000000, inc_y_r = 1.000000, inc_x_i = 1.000000, inc_y_i = 1.000000
En el else......

----------------------------------------
x = 55.000000, y = 85.000000
avance = -109.000000, avanceR = 2.000000, avanceI = 2.000000
inc_x_r = 0.000000, inc_y_r = 1.000000, inc_x_i = 1.000000, inc_y_i = 1.000000
En el else......

----------------------------------------
x = 55.000000, y = 86.000000
avance = -107.000000, avanceR = 2.000000, avanceI = 2.000000
inc_x_r = 0.000000, inc_y_r = 1.000000, inc_x_i = 1.000000, inc_y_i = 1.000000
En el else......

----------------------------------------
x = 55.000000, y = 87.000000
avance = -105.000000, avanceR = 2.000000, avanceI = 2.000000
inc_x_r = 0.000000, inc_y_r = 1.000000, inc_x_i = 1.000000, inc_y_i = 1.000000
En el else......

----------------------------------------
x = 55.000000, y = 88.000000
avance = -103.000000, avanceR = 2.000000, avanceI = 2.000000
inc_x_r = 0.000000, inc_y_r = 1.000000, inc_x_i = 1.000000, inc_y_i = 1.000000
En el else......

----------------------------------------
x = 55.000000, y = 89.000000
avance = -101.000000, avanceR = 2.000000, avanceI = 2.000000
inc_x_r = 0.000000, inc_y_r = 1.000000, inc_x_i = 1.000000, inc_y_i = 1.000000
En el else......

----------------------------------------
x = 55.000000, y = 90.000000
avance = -99.000000, avanceR = 2.000000, avanceI = 2.000000
inc_x_r = 0.000000, inc_y_r = 1.000000, inc_x_i = 1.000000, inc_y_i = 1.000000
En el else......

----------------------------------------
x = 55.000000, y = 91.000000
avance = -97.000000, avanceR = 2.000000, avanceI = 2.000000
inc_x_r = 0.000000, inc_y_r = 1.000000, inc_x_i = 1.000000, inc_y_i = 1.000000
En el else......

----------------------------------------
x = 55.000000, y = 92.000000
avance = -95.000000, avanceR = 2.000000, avanceI = 2.000000
inc_x_r = 0.000000, inc_y_r = 1.000000, inc_x_i = 1.000000, inc_y_i = 1.000000
En el else......

----------------------------------------
x = 55.000000, y = 93.000000
avance = -93.000000, avanceR = 2.000000, avanceI = 2.000000
inc_x_r = 0.000000, inc_y_r = 1.000000, inc_x_i = 1.000000, inc_y_i = 1.000000
En el else......

----------------------------------------
x = 55.000000, y = 94.000000
avance = -91.000000, avanceR = 2.000000, avanceI = 2.000000
inc_x_r = 0.000000, inc_y_r = 1.000000, inc_x_i = 1.000000, inc_y_i = 1.000000
En el else......

----------------------------------------
x = 55.000000, y = 95.000000
avance = -89.000000, avanceR = 2.000000, avanceI = 2.000000
inc_x_r = 0.000000, inc_y_r = 1.000000, inc_x_i = 1.000000, inc_y_i = 1.000000
En el else......

----------------------------------------
x = 55.000000, y = 96.000000
avance = -87.000000, avanceR = 2.000000, avanceI = 2.000000
inc_x_r = 0.000000, inc_y_r = 1.000000, inc_x_i = 1.000000, inc_y_i = 1.000000
En el else......

----------------------------------------
x = 55.000000, y = 97.000000
avance = -85.000000, avanceR = 2.000000, avanceI = 2.000000
inc_x_r = 0.000000, inc_y_r = 1.000000, inc_x_i = 1.000000, inc_y_i = 1.000000
En el else......

----------------------------------------
x = 55.000000, y = 98.000000
avance = -83.000000, avanceR = 2.000000, avanceI = 2.000000
inc_x_r = 0.000000, inc_y_r = 1.000000, inc_x_i = 1.000000, inc_y_i = 1.000000
En el else......

----------------------------------------
x = 55.000000, y = 99.000000
avance = -81.000000, avanceR = 2.000000, avanceI = 2.000000
inc_x_r = 0.000000, inc_y_r = 1.000000, inc_x_i = 1.000000, inc_y_i = 1.000000
En el else......

----------------------------------------
x = 55.000000, y = 100.000000
avance = -79.000000, avanceR = 2.000000, avanceI = 2.000000
inc_x_r = 0.000000, inc_y_r = 1.000000, inc_x_i = 1.000000, inc_y_i = 1.000000
En el else......

----------------------------------------
x = 55.000000, y = 101.000000
avance = -77.000000, avanceR = 2.000000, avanceI = 2.000000
inc_x_r = 0.000000, inc_y_r = 1.000000, inc_x_i = 1.000000, inc_y_i = 1.000000
En el else......

----------------------------------------
x = 55.000000, y = 102.000000
avance = -75.000000, avanceR = 2.000000, avanceI = 2.000000
inc_x_r = 0.000000, inc_y_r = 1.000000, inc_x_i = 1.000000, inc_y_i = 1.000000
En el else......

----------------------------------------
x = 55.000000, y = 103.000000
avance = -73.000000, avanceR = 2.000000, avanceI = 2.000000
inc_x_r = 0.000000, inc_y_r = 1.000000, inc_x_i = 1.000000, inc_y_i = 1.000000
En el else......

----------------------------------------
x = 55.000000, y = 104.000000
avance = -71.000000, avanceR = 2.000000, avanceI = 2.000000
inc_x_r = 0.000000, inc_y_r = 1.000000, inc_x_i = 1.000000, inc_y_i = 1.000000
En el else......

----------------------------------------
x = 55.000000, y = 105.000000
avance = -69.000000, avanceR = 2.000000, avanceI = 2.000000
inc_x_r = 0.000000, inc_y_r = 1.000000, inc_x_i = 1.000000, inc_y_i = 1.000000
En el else......

----------------------------------------
x = 55.000000, y = 106.000000
avance = -67.000000, avanceR = 2.000000, avanceI = 2.000000
inc_x_r = 0.000000, inc_y_r = 1.000000, inc_x_i = 1.000000, inc_y_i = 1.000000
En el else......

----------------------------------------
x = 55.000000, y = 107.000000
avance = -65.000000, avanceR = 2.000000, avanceI = 2.000000
inc_x_r = 0.000000, inc_y_r = 1.000000, inc_x_i = 1.000000, inc_y_i = 1.000000
En el else......

----------------------------------------
x = 55.000000, y = 108.000000
avance = -63.000000, avanceR = 2.000000, avanceI = 2.000000
inc_x_r = 0.000000, inc_y_r = 1.000000, inc_x_i = 1.000000, inc_y_i = 1.000000
En el else......

----------------------------------------
x = 55.000000, y = 109.000000
avance = -61.000000, avanceR = 2.000000, avanceI = 2.000000
inc_x_r = 0.000000, inc_y_r = 1.000000, inc_x_i = 1.000000, inc_y_i = 1.000000
En el else......

----------------------------------------
x = 55.000000, y = 110.000000
avance = -59.000000, avanceR = 2.000000, avanceI = 2.000000
inc_x_r = 0.000000, inc_y_r = 1.000000, inc_x_i = 1.000000, inc_y_i = 1.000000
En el else......

----------------------------------------
x = 55.000000, y = 111.000000
avance = -57.000000, avanceR = 2.000000, avanceI = 2.000000
inc_x_r = 0.000000, inc_y_r = 1.000000, inc_x_i = 1.000000, inc_y_i = 1.000000
En el else......

----------------------------------------
x = 55.000000, y = 112.000000
avance = -55.000000, avanceR = 2.000000, avanceI = 2.000000
inc_x_r = 0.000000, inc_y_r = 1.000000, inc_x_i = 1.000000, inc_y_i = 1.000000
En el else......

----------------------------------------
x = 55.000000, y = 113.000000
avance = -53.000000, avanceR = 2.000000, avanceI = 2.000000
inc_x_r = 0.000000, inc_y_r = 1.000000, inc_x_i = 1.000000, inc_y_i = 1.000000
En el else......

----------------------------------------
x = 55.000000, y = 114.000000
avance = -51.000000, avanceR = 2.000000, avanceI = 2.000000
inc_x_r = 0.000000, inc_y_r = 1.000000, inc_x_i = 1.000000, inc_y_i = 1.000000
En el else......

----------------------------------------
x = 55.000000, y = 115.000000
avance = -49.000000, avanceR = 2.000000, avanceI = 2.000000
inc_x_r = 0.000000, inc_y_r = 1.000000, inc_x_i = 1.000000, inc_y_i = 1.000000
En el else......

----------------------------------------
x = 55.000000, y = 116.000000
avance = -47.000000, avanceR = 2.000000, avanceI = 2.000000
inc_x_r = 0.000000, inc_y_r = 1.000000, inc_x_i = 1.000000, inc_y_i = 1.000000
En el else......

----------------------------------------
x = 55.000000, y = 117.000000
avance = -45.000000, avanceR = 2.000000, avanceI = 2.000000
inc_x_r = 0.000000, inc_y_r = 1.000000, inc_x_i = 1.000000, inc_y_i = 1.000000
En el else......

----------------------------------------
x = 55.000000, y = 118.000000
avance = -43.000000, avanceR = 2.000000, avanceI = 2.000000
inc_x_r = 0.000000, inc_y_r = 1.000000, inc_x_i = 1.000000, inc_y_i = 1.000000
En el else......

----------------------------------------
x = 55.000000, y = 119.000000
avance = -41.000000, avanceR = 2.000000, avanceI = 2.000000
inc_x_r = 0.000000, inc_y_r = 1.000000, inc_x_i = 1.000000, inc_y_i = 1.000000
En el else......

----------------------------------------
x = 55.000000, y = 120.000000
avance = -39.000000, avanceR = 2.000000, avanceI = 2.000000
inc_x_r = 0.000000, inc_y_r = 1.000000, inc_x_i = 1.000000, inc_y_i = 1.000000
En el else......

----------------------------------------
x = 55.000000, y = 121.000000
avance = -37.000000, avanceR = 2.000000, avanceI = 2.000000
inc_x_r = 0.000000, inc_y_r = 1.000000, inc_x_i = 1.000000, inc_y_i = 1.000000
En el else......

----------------------------------------
x = 55.000000, y = 122.000000
avance = -35.000000, avanceR = 2.000000, avanceI = 2.000000
inc_x_r = 0.000000, inc_y_r = 1.000000, inc_x_i = 1.000000, inc_y_i = 1.000000
En el else......

----------------------------------------
x = 55.000000, y = 123.000000
avance = -33.000000, avanceR = 2.000000, avanceI = 2.000000
inc_x_r = 0.000000, inc_y_r = 1.000000, inc_x_i = 1.000000, inc_y_i = 1.000000
En el else......

----------------------------------------
x = 55.000000, y = 124.000000
avance = -31.000000, avanceR = 2.000000, avanceI = 2.000000
inc_x_r = 0.000000, inc_y_r = 1.000000, inc_x_i = 1.000000, inc_y_i = 1.000000
En el else......

----------------------------------------
x = 55.000000, y = 125.000000
avance = -29.000000, avanceR = 2.000000, avanceI = 2.000000
inc_x_r = 0.000000, inc_y_r = 1.000000, inc_x_i = 1.000000, inc_y_i = 1.000000
En el else......

----------------------------------------
x = 55.000000, y = 126.000000
avance = -27.000000, avanceR = 2.000000, avanceI = 2.000000
inc_x_r = 0.000000, inc_y_r = 1.000000, inc_x_i = 1.000000, inc_y_i = 1.000000
En el else......

----------------------------------------
x = 55.000000, y = 127.000000
avance = -25.000000, avanceR = 2.000000, avanceI = 2.000000
inc_x_r = 0.000000, inc_y_r = 1.000000, inc_x_i = 1.000000, inc_y_i = 1.000000
En el else......

----------------------------------------
x = 55.000000, y = 128.000000
avance = -23.000000, avanceR = 2.000000, avanceI = 2.000000
inc_x_r = 0.000000, inc_y_r = 1.000000, inc_x_i = 1.000000, inc_y_i = 1.000000
En el else......

----------------------------------------
x = 55.000000, y = 129.000000
avance = -21.000000, avanceR = 2.000000, avanceI = 2.000000
inc_x_r = 0.000000, inc_y_r = 1.000000, inc_x_i = 1.000000, inc_y_i = 1.000000
En el else......

----------------------------------------
x = 55.000000, y = 130.000000
avance = -19.000000, avanceR = 2.000000, avanceI = 2.000000
inc_x_r = 0.000000, inc_y_r = 1.000000, inc_x_i = 1.000000, inc_y_i = 1.000000
En el else......

----------------------------------------
x = 55.000000, y = 131.000000
avance = -17.000000, avanceR = 2.000000, avanceI = 2.000000
inc_x_r = 0.000000, inc_y_r = 1.000000, inc_x_i = 1.000000, inc_y_i = 1.000000
En el else......

----------------------------------------
x = 55.000000, y = 132.000000
avance = -15.000000, avanceR = 2.000000, avanceI = 2.000000
inc_x_r = 0.000000, inc_y_r = 1.000000, inc_x_i = 1.000000, inc_y_i = 1.000000
En el else......

----------------------------------------
x = 55.000000, y = 133.000000
avance = -13.000000, avanceR = 2.000000, avanceI = 2.000000
inc_x_r = 0.000000, inc_y_r = 1.000000, inc_x_i = 1.000000, inc_y_i = 1.000000
En el else......

----------------------------------------
x = 55.000000, y = 134.000000
avance = -11.000000, avanceR = 2.000000, avanceI = 2.000000
inc_x_r = 0.000000, inc_y_r = 1.000000, inc_x_i = 1.000000, inc_y_i = 1.000000
En el else......

----------------------------------------
x = 55.000000, y = 135.000000
avance = -9.000000, avanceR = 2.000000, avanceI = 2.000000
inc_x_r = 0.000000, inc_y_r = 1.000000, inc_x_i = 1.000000, inc_y_i = 1.000000
En el else......

----------------------------------------
x = 55.000000, y = 136.000000
avance = -7.000000, avanceR = 2.000000, avanceI = 2.000000
inc_x_r = 0.000000, inc_y_r = 1.000000, inc_x_i = 1.000000, inc_y_i = 1.000000
En el else......

----------------------------------------
x = 55.000000, y = 137.000000
avance = -5.000000, avanceR = 2.000000, avanceI = 2.000000
inc_x_r = 0.000000, inc_y_r = 1.000000, inc_x_i = 1.000000, inc_y_i = 1.000000
En el else......

----------------------------------------
x = 55.000000, y = 138.000000
avance = -3.000000, avanceR = 2.000000, avanceI = 2.000000
inc_x_r = 0.000000, inc_y_r = 1.000000, inc_x_i = 1.000000, inc_y_i = 1.000000
En el else......

----------------------------------------
x = 55.000000, y = 139.000000
avance = -1.000000, avanceR = 2.000000, avanceI = 2.000000
inc_x_r = 0.000000, inc_y_r = 1.000000, inc_x_i = 1.000000, inc_y_i = 1.000000
En el else......

----------------------------------------
x = 55.000000, y = 140.000000
avance = 1.000000, avanceR = 2.000000, avanceI = 2.000000
inc_x_r = 0.000000, inc_y_r = 1.000000, inc_x_i = 1.000000, inc_y_i = 1.000000
avance >= 0

----------------------------------------
x = 56.000000, y = 141.000000
avance = -499.000000, avanceR = 2.000000, avanceI = 2.000000
inc_x_r = 0.000000, inc_y_r = 1.000000, inc_x_i = 1.000000, inc_y_i = 1.000000
En el else......

----------------------------------------
x = 56.000000, y = 142.000000
avance = -497.000000, avanceR = 2.000000, avanceI = 2.000000
inc_x_r = 0.000000, inc_y_r = 1.000000, inc_x_i = 1.000000, inc_y_i = 1.000000
En el else......

----------------------------------------
x = 56.000000, y = 143.000000
avance = -495.000000, avanceR = 2.000000, avanceI = 2.000000
inc_x_r = 0.000000, inc_y_r = 1.000000, inc_x_i = 1.000000, inc_y_i = 1.000000
En el else......

----------------------------------------
x = 56.000000, y = 144.000000
avance = -493.000000, avanceR = 2.000000, avanceI = 2.000000
inc_x_r = 0.000000, inc_y_r = 1.000000, inc_x_i = 1.000000, inc_y_i = 1.000000
En el else......

----------------------------------------
x = 56.000000, y = 145.000000
avance = -491.000000, avanceR = 2.000000, avanceI = 2.000000
inc_x_r = 0.000000, inc_y_r = 1.000000, inc_x_i = 1.000000, inc_y_i = 1.000000
En el else......

----------------------------------------
x = 56.000000, y = 146.000000
avance = -489.000000, avanceR = 2.000000, avanceI = 2.000000
inc_x_r = 0.000000, inc_y_r = 1.000000, inc_x_i = 1.000000, inc_y_i = 1.000000
En el else......

----------------------------------------
x = 56.000000, y = 147.000000
avance = -487.000000, avanceR = 2.000000, avanceI = 2.000000
inc_x_r = 0.000000, inc_y_r = 1.000000, inc_x_i = 1.000000, inc_y_i = 1.000000
En el else......

----------------------------------------
x = 56.000000, y = 148.000000
avance = -485.000000, avanceR = 2.000000, avanceI = 2.000000
inc_x_r = 0.000000, inc_y_r = 1.000000, inc_x_i = 1.000000, inc_y_i = 1.000000
En el else......

----------------------------------------
x = 56.000000, y = 149.000000
avance = -483.000000, avanceR = 2.000000, avanceI = 2.000000
inc_x_r = 0.000000, inc_y_r = 1.000000, inc_x_i = 1.000000, inc_y_i = 1.000000
En el else......

----------------------------------------
x = 56.000000, y = 150.000000
avance = -481.000000, avanceR = 2.000000, avanceI = 2.000000
inc_x_r = 0.000000, inc_y_r = 1.000000, inc_x_i = 1.000000, inc_y_i = 1.000000
En el else......

----------------------------------------
x = 56.000000, y = 151.000000
avance = -479.000000, avanceR = 2.000000, avanceI = 2.000000
inc_x_r = 0.000000, inc_y_r = 1.000000, inc_x_i = 1.000000, inc_y_i = 1.000000
En el else......

----------------------------------------
x = 56.000000, y = 152.000000
avance = -477.000000, avanceR = 2.000000, avanceI = 2.000000
inc_x_r = 0.000000, inc_y_r = 1.000000, inc_x_i = 1.000000, inc_y_i = 1.000000
En el else......

----------------------------------------
x = 56.000000, y = 153.000000
avance = -475.000000, avanceR = 2.000000, avanceI = 2.000000
inc_x_r = 0.000000, inc_y_r = 1.000000, inc_x_i = 1.000000, inc_y_i = 1.000000
En el else......

----------------------------------------
x = 56.000000, y = 154.000000
avance = -473.000000, avanceR = 2.000000, avanceI = 2.000000
inc_x_r = 0.000000, inc_y_r = 1.000000, inc_x_i = 1.000000, inc_y_i = 1.000000
En el else......

----------------------------------------
x = 56.000000, y = 155.000000
avance = -471.000000, avanceR = 2.000000, avanceI = 2.000000
inc_x_r = 0.000000, inc_y_r = 1.000000, inc_x_i = 1.000000, inc_y_i = 1.000000
En el else......

----------------------------------------
x = 56.000000, y = 156.000000
avance = -469.000000, avanceR = 2.000000, avanceI = 2.000000
inc_x_r = 0.000000, inc_y_r = 1.000000, inc_x_i = 1.000000, inc_y_i = 1.000000
En el else......

----------------------------------------
x = 56.000000, y = 157.000000
avance = -467.000000, avanceR = 2.000000, avanceI = 2.000000
inc_x_r = 0.000000, inc_y_r = 1.000000, inc_x_i = 1.000000, inc_y_i = 1.000000
En el else......

----------------------------------------
x = 56.000000, y = 158.000000
avance = -465.000000, avanceR = 2.000000, avanceI = 2.000000
inc_x_r = 0.000000, inc_y_r = 1.000000, inc_x_i = 1.000000, inc_y_i = 1.000000
En el else......

----------------------------------------
x = 56.000000, y = 159.000000
avance = -463.000000, avanceR = 2.000000, avanceI = 2.000000
inc_x_r = 0.000000, inc_y_r = 1.000000, inc_x_i = 1.000000, inc_y_i = 1.000000
En el else......

----------------------------------------
x = 56.000000, y = 160.000000
avance = -461.000000, avanceR = 2.000000, avanceI = 2.000000
inc_x_r = 0.000000, inc_y_r = 1.000000, inc_x_i = 1.000000, inc_y_i = 1.000000
En el else......

----------------------------------------
x = 56.000000, y = 161.000000
avance = -459.000000, avanceR = 2.000000, avanceI = 2.000000
inc_x_r = 0.000000, inc_y_r = 1.000000, inc_x_i = 1.000000, inc_y_i = 1.000000
En el else......

----------------------------------------
x = 56.000000, y = 162.000000
avance = -457.000000, avanceR = 2.000000, avanceI = 2.000000
inc_x_r = 0.000000, inc_y_r = 1.000000, inc_x_i = 1.000000, inc_y_i = 1.000000
En el else......

----------------------------------------
x = 56.000000, y = 163.000000
avance = -455.000000, avanceR = 2.000000, avanceI = 2.000000
inc_x_r = 0.000000, inc_y_r = 1.000000, inc_x_i = 1.000000, inc_y_i = 1.000000
En el else......

----------------------------------------
x = 56.000000, y = 164.000000
avance = -453.000000, avanceR = 2.000000, avanceI = 2.000000
inc_x_r = 0.000000, inc_y_r = 1.000000, inc_x_i = 1.000000, inc_y_i = 1.000000
En el else......

----------------------------------------
x = 56.000000, y = 165.000000
avance = -451.000000, avanceR = 2.000000, avanceI = 2.000000
inc_x_r = 0.000000, inc_y_r = 1.000000, inc_x_i = 1.000000, inc_y_i = 1.000000
En el else......

----------------------------------------
x = 56.000000, y = 166.000000
avance = -449.000000, avanceR = 2.000000, avanceI = 2.000000
inc_x_r = 0.000000, inc_y_r = 1.000000, inc_x_i = 1.000000, inc_y_i = 1.000000
En el else......

----------------------------------------
x = 56.000000, y = 167.000000
avance = -447.000000, avanceR = 2.000000, avanceI = 2.000000
inc_x_r = 0.000000, inc_y_r = 1.000000, inc_x_i = 1.000000, inc_y_i = 1.000000
En el else......

----------------------------------------
x = 56.000000, y = 168.000000
avance = -445.000000, avanceR = 2.000000, avanceI = 2.000000
inc_x_r = 0.000000, inc_y_r = 1.000000, inc_x_i = 1.000000, inc_y_i = 1.000000
En el else......

----------------------------------------
x = 56.000000, y = 169.000000
avance = -443.000000, avanceR = 2.000000, avanceI = 2.000000
inc_x_r = 0.000000, inc_y_r = 1.000000, inc_x_i = 1.000000, inc_y_i = 1.000000
En el else......

----------------------------------------
x = 56.000000, y = 170.000000
avance = -441.000000, avanceR = 2.000000, avanceI = 2.000000
inc_x_r = 0.000000, inc_y_r = 1.000000, inc_x_i = 1.000000, inc_y_i = 1.000000
En el else......

----------------------------------------
x = 56.000000, y = 171.000000
avance = -439.000000, avanceR = 2.000000, avanceI = 2.000000
inc_x_r = 0.000000, inc_y_r = 1.000000, inc_x_i = 1.000000, inc_y_i = 1.000000
En el else......

----------------------------------------
x = 56.000000, y = 172.000000
avance = -437.000000, avanceR = 2.000000, avanceI = 2.000000
inc_x_r = 0.000000, inc_y_r = 1.000000, inc_x_i = 1.000000, inc_y_i = 1.000000
En el else......

----------------------------------------
x = 56.000000, y = 173.000000
avance = -435.000000, avanceR = 2.000000, avanceI = 2.000000
inc_x_r = 0.000000, inc_y_r = 1.000000, inc_x_i = 1.000000, inc_y_i = 1.000000
En el else......

----------------------------------------
x = 56.000000, y = 174.000000
avance = -433.000000, avanceR = 2.000000, avanceI = 2.000000
inc_x_r = 0.000000, inc_y_r = 1.000000, inc_x_i = 1.000000, inc_y_i = 1.000000
En el else......

----------------------------------------
x = 56.000000, y = 175.000000
avance = -431.000000, avanceR = 2.000000, avanceI = 2.000000
inc_x_r = 0.000000, inc_y_r = 1.000000, inc_x_i = 1.000000, inc_y_i = 1.000000
En el else......

----------------------------------------
x = 56.000000, y = 176.000000
avance = -429.000000, avanceR = 2.000000, avanceI = 2.000000
inc_x_r = 0.000000, inc_y_r = 1.000000, inc_x_i = 1.000000, inc_y_i = 1.000000
En el else......

----------------------------------------
x = 56.000000, y = 177.000000
avance = -427.000000, avanceR = 2.000000, avanceI = 2.000000
inc_x_r = 0.000000, inc_y_r = 1.000000, inc_x_i = 1.000000, inc_y_i = 1.000000
En el else......

----------------------------------------
x = 56.000000, y = 178.000000
avance = -425.000000, avanceR = 2.000000, avanceI = 2.000000
inc_x_r = 0.000000, inc_y_r = 1.000000, inc_x_i = 1.000000, inc_y_i = 1.000000
En el else......

----------------------------------------
x = 56.000000, y = 179.000000
avance = -423.000000, avanceR = 2.000000, avanceI = 2.000000
inc_x_r = 0.000000, inc_y_r = 1.000000, inc_x_i = 1.000000, inc_y_i = 1.000000
En el else......

----------------------------------------
x = 56.000000, y = 180.000000
avance = -421.000000, avanceR = 2.000000, avanceI = 2.000000
inc_x_r = 0.000000, inc_y_r = 1.000000, inc_x_i = 1.000000, inc_y_i = 1.000000
En el else......

----------------------------------------
x = 56.000000, y = 181.000000
avance = -419.000000, avanceR = 2.000000, avanceI = 2.000000
inc_x_r = 0.000000, inc_y_r = 1.000000, inc_x_i = 1.000000, inc_y_i = 1.000000
En el else......

----------------------------------------
x = 56.000000, y = 182.000000
avance = -417.000000, avanceR = 2.000000, avanceI = 2.000000
inc_x_r = 0.000000, inc_y_r = 1.000000, inc_x_i = 1.000000, inc_y_i = 1.000000
En el else......

----------------------------------------
x = 56.000000, y = 183.000000
avance = -415.000000, avanceR = 2.000000, avanceI = 2.000000
inc_x_r = 0.000000, inc_y_r = 1.000000, inc_x_i = 1.000000, inc_y_i = 1.000000
En el else......

----------------------------------------
x = 56.000000, y = 184.000000
avance = -413.000000, avanceR = 2.000000, avanceI = 2.000000
inc_x_r = 0.000000, inc_y_r = 1.000000, inc_x_i = 1.000000, inc_y_i = 1.000000
En el else......

----------------------------------------
x = 56.000000, y = 185.000000
avance = -411.000000, avanceR = 2.000000, avanceI = 2.000000
inc_x_r = 0.000000, inc_y_r = 1.000000, inc_x_i = 1.000000, inc_y_i = 1.000000
En el else......

----------------------------------------
x = 56.000000, y = 186.000000
avance = -409.000000, avanceR = 2.000000, avanceI = 2.000000
inc_x_r = 0.000000, inc_y_r = 1.000000, inc_x_i = 1.000000, inc_y_i = 1.000000
En el else......

----------------------------------------
x = 56.000000, y = 187.000000
avance = -407.000000, avanceR = 2.000000, avanceI = 2.000000
inc_x_r = 0.000000, inc_y_r = 1.000000, inc_x_i = 1.000000, inc_y_i = 1.000000
En el else......

----------------------------------------
x = 56.000000, y = 188.000000
avance = -405.000000, avanceR = 2.000000, avanceI = 2.000000
inc_x_r = 0.000000, inc_y_r = 1.000000, inc_x_i = 1.000000, inc_y_i = 1.000000
En el else......

----------------------------------------
x = 56.000000, y = 189.000000
avance = -403.000000, avanceR = 2.000000, avanceI = 2.000000
inc_x_r = 0.000000, inc_y_r = 1.000000, inc_x_i = 1.000000, inc_y_i = 1.000000
En el else......

----------------------------------------
x = 56.000000, y = 190.000000
avance = -401.000000, avanceR = 2.000000, avanceI = 2.000000
inc_x_r = 0.000000, inc_y_r = 1.000000, inc_x_i = 1.000000, inc_y_i = 1.000000
En el else......

----------------------------------------
x = 56.000000, y = 191.000000
avance = -399.000000, avanceR = 2.000000, avanceI = 2.000000
inc_x_r = 0.000000, inc_y_r = 1.000000, inc_x_i = 1.000000, inc_y_i = 1.000000
En el else......

----------------------------------------
x = 56.000000, y = 192.000000
avance = -397.000000, avanceR = 2.000000, avanceI = 2.000000
inc_x_r = 0.000000, inc_y_r = 1.000000, inc_x_i = 1.000000, inc_y_i = 1.000000
En el else......

----------------------------------------
x = 56.000000, y = 193.000000
avance = -395.000000, avanceR = 2.000000, avanceI = 2.000000
inc_x_r = 0.000000, inc_y_r = 1.000000, inc_x_i = 1.000000, inc_y_i = 1.000000
En el else......

----------------------------------------
x = 56.000000, y = 194.000000
avance = -393.000000, avanceR = 2.000000, avanceI = 2.000000
inc_x_r = 0.000000, inc_y_r = 1.000000, inc_x_i = 1.000000, inc_y_i = 1.000000
En el else......

----------------------------------------
x = 56.000000, y = 195.000000
avance = -391.000000, avanceR = 2.000000, avanceI = 2.000000
inc_x_r = 0.000000, inc_y_r = 1.000000, inc_x_i = 1.000000, inc_y_i = 1.000000
En el else......

----------------------------------------
x = 56.000000, y = 196.000000
avance = -389.000000, avanceR = 2.000000, avanceI = 2.000000
inc_x_r = 0.000000, inc_y_r = 1.000000, inc_x_i = 1.000000, inc_y_i = 1.000000
En el else......

----------------------------------------
x = 56.000000, y = 197.000000
avance = -387.000000, avanceR = 2.000000, avanceI = 2.000000
inc_x_r = 0.000000, inc_y_r = 1.000000, inc_x_i = 1.000000, inc_y_i = 1.000000
En el else......

----------------------------------------
x = 56.000000, y = 198.000000
avance = -385.000000, avanceR = 2.000000, avanceI = 2.000000
inc_x_r = 0.000000, inc_y_r = 1.000000, inc_x_i = 1.000000, inc_y_i = 1.000000
En el else......

----------------------------------------
x = 56.000000, y = 199.000000
avance = -383.000000, avanceR = 2.000000, avanceI = 2.000000
inc_x_r = 0.000000, inc_y_r = 1.000000, inc_x_i = 1.000000, inc_y_i = 1.000000
En el else......

----------------------------------------
x = 56.000000, y = 200.000000
avance = -381.000000, avanceR = 2.000000, avanceI = 2.000000
inc_x_r = 0.000000, inc_y_r = 1.000000, inc_x_i = 1.000000, inc_y_i = 1.000000
En el else......

----------------------------------------
x = 56.000000, y = 201.000000
avance = -379.000000, avanceR = 2.000000, avanceI = 2.000000
inc_x_r = 0.000000, inc_y_r = 1.000000, inc_x_i = 1.000000, inc_y_i = 1.000000
En el else......

----------------------------------------
x = 56.000000, y = 202.000000
avance = -377.000000, avanceR = 2.000000, avanceI = 2.000000
inc_x_r = 0.000000, inc_y_r = 1.000000, inc_x_i = 1.000000, inc_y_i = 1.000000
En el else......

----------------------------------------
x = 56.000000, y = 203.000000
avance = -375.000000, avanceR = 2.000000, avanceI = 2.000000
inc_x_r = 0.000000, inc_y_r = 1.000000, inc_x_i = 1.000000, inc_y_i = 1.000000
En el else......

----------------------------------------
x = 56.000000, y = 204.000000
avance = -373.000000, avanceR = 2.000000, avanceI = 2.000000
inc_x_r = 0.000000, inc_y_r = 1.000000, inc_x_i = 1.000000, inc_y_i = 1.000000
En el else......

----------------------------------------
x = 56.000000, y = 205.000000
avance = -371.000000, avanceR = 2.000000, avanceI = 2.000000
inc_x_r = 0.000000, inc_y_r = 1.000000, inc_x_i = 1.000000, inc_y_i = 1.000000
En el else......

----------------------------------------
x = 56.000000, y = 206.000000
avance = -369.000000, avanceR = 2.000000, avanceI = 2.000000
inc_x_r = 0.000000, inc_y_r = 1.000000, inc_x_i = 1.000000, inc_y_i = 1.000000
En el else......

----------------------------------------
x = 56.000000, y = 207.000000
avance = -367.000000, avanceR = 2.000000, avanceI = 2.000000
inc_x_r = 0.000000, inc_y_r = 1.000000, inc_x_i = 1.000000, inc_y_i = 1.000000
En el else......

----------------------------------------
x = 56.000000, y = 208.000000
avance = -365.000000, avanceR = 2.000000, avanceI = 2.000000
inc_x_r = 0.000000, inc_y_r = 1.000000, inc_x_i = 1.000000, inc_y_i = 1.000000
En el else......

----------------------------------------
x = 56.000000, y = 209.000000
avance = -363.000000, avanceR = 2.000000, avanceI = 2.000000
inc_x_r = 0.000000, inc_y_r = 1.000000, inc_x_i = 1.000000, inc_y_i = 1.000000
En el else......

----------------------------------------
x = 56.000000, y = 210.000000
avance = -361.000000, avanceR = 2.000000, avanceI = 2.000000
inc_x_r = 0.000000, inc_y_r = 1.000000, inc_x_i = 1.000000, inc_y_i = 1.000000
En el else......

----------------------------------------
x = 56.000000, y = 211.000000
avance = -359.000000, avanceR = 2.000000, avanceI = 2.000000
inc_x_r = 0.000000, inc_y_r = 1.000000, inc_x_i = 1.000000, inc_y_i = 1.000000
En el else......

----------------------------------------
x = 56.000000, y = 212.000000
avance = -357.000000, avanceR = 2.000000, avanceI = 2.000000
inc_x_r = 0.000000, inc_y_r = 1.000000, inc_x_i = 1.000000, inc_y_i = 1.000000
En el else......

----------------------------------------
x = 56.000000, y = 213.000000
avance = -355.000000, avanceR = 2.000000, avanceI = 2.000000
inc_x_r = 0.000000, inc_y_r = 1.000000, inc_x_i = 1.000000, inc_y_i = 1.000000
En el else......

----------------------------------------
x = 56.000000, y = 214.000000
avance = -353.000000, avanceR = 2.000000, avanceI = 2.000000
inc_x_r = 0.000000, inc_y_r = 1.000000, inc_x_i = 1.000000, inc_y_i = 1.000000
En el else......

----------------------------------------
x = 56.000000, y = 215.000000
avance = -351.000000, avanceR = 2.000000, avanceI = 2.000000
inc_x_r = 0.000000, inc_y_r = 1.000000, inc_x_i = 1.000000, inc_y_i = 1.000000
En el else......

----------------------------------------
x = 56.000000, y = 216.000000
avance = -349.000000, avanceR = 2.000000, avanceI = 2.000000
inc_x_r = 0.000000, inc_y_r = 1.000000, inc_x_i = 1.000000, inc_y_i = 1.000000
En el else......

----------------------------------------
x = 56.000000, y = 217.000000
avance = -347.000000, avanceR = 2.000000, avanceI = 2.000000
inc_x_r = 0.000000, inc_y_r = 1.000000, inc_x_i = 1.000000, inc_y_i = 1.000000
En el else......

----------------------------------------
x = 56.000000, y = 218.000000
avance = -345.000000, avanceR = 2.000000, avanceI = 2.000000
inc_x_r = 0.000000, inc_y_r = 1.000000, inc_x_i = 1.000000, inc_y_i = 1.000000
En el else......

----------------------------------------
x = 56.000000, y = 219.000000
avance = -343.000000, avanceR = 2.000000, avanceI = 2.000000
inc_x_r = 0.000000, inc_y_r = 1.000000, inc_x_i = 1.000000, inc_y_i = 1.000000
En el else......

----------------------------------------
x = 56.000000, y = 220.000000
avance = -341.000000, avanceR = 2.000000, avanceI = 2.000000
inc_x_r = 0.000000, inc_y_r = 1.000000, inc_x_i = 1.000000, inc_y_i = 1.000000
En el else......

----------------------------------------
x = 56.000000, y = 221.000000
avance = -339.000000, avanceR = 2.000000, avanceI = 2.000000
inc_x_r = 0.000000, inc_y_r = 1.000000, inc_x_i = 1.000000, inc_y_i = 1.000000
En el else......

----------------------------------------
x = 56.000000, y = 222.000000
avance = -337.000000, avanceR = 2.000000, avanceI = 2.000000
inc_x_r = 0.000000, inc_y_r = 1.000000, inc_x_i = 1.000000, inc_y_i = 1.000000
En el else......

----------------------------------------
x = 56.000000, y = 223.000000
avance = -335.000000, avanceR = 2.000000, avanceI = 2.000000
inc_x_r = 0.000000, inc_y_r = 1.000000, inc_x_i = 1.000000, inc_y_i = 1.000000
En el else......

----------------------------------------
x = 56.000000, y = 224.000000
avance = -333.000000, avanceR = 2.000000, avanceI = 2.000000
inc_x_r = 0.000000, inc_y_r = 1.000000, inc_x_i = 1.000000, inc_y_i = 1.000000
En el else......

----------------------------------------
x = 56.000000, y = 225.000000
avance = -331.000000, avanceR = 2.000000, avanceI = 2.000000
inc_x_r = 0.000000, inc_y_r = 1.000000, inc_x_i = 1.000000, inc_y_i = 1.000000
En el else......

----------------------------------------
x = 56.000000, y = 226.000000
avance = -329.000000, avanceR = 2.000000, avanceI = 2.000000
inc_x_r = 0.000000, inc_y_r = 1.000000, inc_x_i = 1.000000, inc_y_i = 1.000000
En el else......

----------------------------------------
x = 56.000000, y = 227.000000
avance = -327.000000, avanceR = 2.000000, avanceI = 2.000000
inc_x_r = 0.000000, inc_y_r = 1.000000, inc_x_i = 1.000000, inc_y_i = 1.000000
En el else......

----------------------------------------
x = 56.000000, y = 228.000000
avance = -325.000000, avanceR = 2.000000, avanceI = 2.000000
inc_x_r = 0.000000, inc_y_r = 1.000000, inc_x_i = 1.000000, inc_y_i = 1.000000
En el else......

----------------------------------------
x = 56.000000, y = 229.000000
avance = -323.000000, avanceR = 2.000000, avanceI = 2.000000
inc_x_r = 0.000000, inc_y_r = 1.000000, inc_x_i = 1.000000, inc_y_i = 1.000000
En el else......

----------------------------------------
x = 56.000000, y = 230.000000
avance = -321.000000, avanceR = 2.000000, avanceI = 2.000000
inc_x_r = 0.000000, inc_y_r = 1.000000, inc_x_i = 1.000000, inc_y_i = 1.000000
En el else......

----------------------------------------
x = 56.000000, y = 231.000000
avance = -319.000000, avanceR = 2.000000, avanceI = 2.000000
inc_x_r = 0.000000, inc_y_r = 1.000000, inc_x_i = 1.000000, inc_y_i = 1.000000
En el else......

----------------------------------------
x = 56.000000, y = 232.000000
avance = -317.000000, avanceR = 2.000000, avanceI = 2.000000
inc_x_r = 0.000000, inc_y_r = 1.000000, inc_x_i = 1.000000, inc_y_i = 1.000000
En el else......

----------------------------------------
x = 56.000000, y = 233.000000
avance = -315.000000, avanceR = 2.000000, avanceI = 2.000000
inc_x_r = 0.000000, inc_y_r = 1.000000, inc_x_i = 1.000000, inc_y_i = 1.000000
En el else......

----------------------------------------
x = 56.000000, y = 234.000000
avance = -313.000000, avanceR = 2.000000, avanceI = 2.000000
inc_x_r = 0.000000, inc_y_r = 1.000000, inc_x_i = 1.000000, inc_y_i = 1.000000
En el else......

----------------------------------------
x = 56.000000, y = 235.000000
avance = -311.000000, avanceR = 2.000000, avanceI = 2.000000
inc_x_r = 0.000000, inc_y_r = 1.000000, inc_x_i = 1.000000, inc_y_i = 1.000000
En el else......

----------------------------------------
x = 56.000000, y = 236.000000
avance = -309.000000, avanceR = 2.000000, avanceI = 2.000000
inc_x_r = 0.000000, inc_y_r = 1.000000, inc_x_i = 1.000000, inc_y_i = 1.000000
En el else......

----------------------------------------
x = 56.000000, y = 237.000000
avance = -307.000000, avanceR = 2.000000, avanceI = 2.000000
inc_x_r = 0.000000, inc_y_r = 1.000000, inc_x_i = 1.000000, inc_y_i = 1.000000
En el else......

----------------------------------------
x = 56.000000, y = 238.000000
avance = -305.000000, avanceR = 2.000000, avanceI = 2.000000
inc_x_r = 0.000000, inc_y_r = 1.000000, inc_x_i = 1.000000, inc_y_i = 1.000000
En el else......

----------------------------------------
x = 56.000000, y = 239.000000
avance = -303.000000, avanceR = 2.000000, avanceI = 2.000000
inc_x_r = 0.000000, inc_y_r = 1.000000, inc_x_i = 1.000000, inc_y_i = 1.000000
En el else......

----------------------------------------
x = 56.000000, y = 240.000000
avance = -301.000000, avanceR = 2.000000, avanceI = 2.000000
inc_x_r = 0.000000, inc_y_r = 1.000000, inc_x_i = 1.000000, inc_y_i = 1.000000
En el else......

----------------------------------------
x = 56.000000, y = 241.000000
avance = -299.000000, avanceR = 2.000000, avanceI = 2.000000
inc_x_r = 0.000000, inc_y_r = 1.000000, inc_x_i = 1.000000, inc_y_i = 1.000000
En el else......

----------------------------------------
x = 56.000000, y = 242.000000
avance = -297.000000, avanceR = 2.000000, avanceI = 2.000000
inc_x_r = 0.000000, inc_y_r = 1.000000, inc_x_i = 1.000000, inc_y_i = 1.000000
En el else......

----------------------------------------
x = 56.000000, y = 243.000000
avance = -295.000000, avanceR = 2.000000, avanceI = 2.000000
inc_x_r = 0.000000, inc_y_r = 1.000000, inc_x_i = 1.000000, inc_y_i = 1.000000
En el else......

----------------------------------------
x = 56.000000, y = 244.000000
avance = -293.000000, avanceR = 2.000000, avanceI = 2.000000
inc_x_r = 0.000000, inc_y_r = 1.000000, inc_x_i = 1.000000, inc_y_i = 1.000000
En el else......

----------------------------------------
x = 56.000000, y = 245.000000
avance = -291.000000, avanceR = 2.000000, avanceI = 2.000000
inc_x_r = 0.000000, inc_y_r = 1.000000, inc_x_i = 1.000000, inc_y_i = 1.000000
En el else......

----------------------------------------
x = 56.000000, y = 246.000000
avance = -289.000000, avanceR = 2.000000, avanceI = 2.000000
inc_x_r = 0.000000, inc_y_r = 1.000000, inc_x_i = 1.000000, inc_y_i = 1.000000
En el else......

----------------------------------------
x = 56.000000, y = 247.000000
avance = -287.000000, avanceR = 2.000000, avanceI = 2.000000
inc_x_r = 0.000000, inc_y_r = 1.000000, inc_x_i = 1.000000, inc_y_i = 1.000000
En el else......

----------------------------------------
x = 56.000000, y = 248.000000
avance = -285.000000, avanceR = 2.000000, avanceI = 2.000000
inc_x_r = 0.000000, inc_y_r = 1.000000, inc_x_i = 1.000000, inc_y_i = 1.000000
En el else......

----------------------------------------
x = 56.000000, y = 249.000000
avance = -283.000000, avanceR = 2.000000, avanceI = 2.000000
inc_x_r = 0.000000, inc_y_r = 1.000000, inc_x_i = 1.000000, inc_y_i = 1.000000
En el else......

----------------------------------------
x = 56.000000, y = 250.000000
avance = -281.000000, avanceR = 2.000000, avanceI = 2.000000
inc_x_r = 0.000000, inc_y_r = 1.000000, inc_x_i = 1.000000, inc_y_i = 1.000000
En el else......

----------------------------------------
x = 56.000000, y = 251.000000
avance = -279.000000, avanceR = 2.000000, avanceI = 2.000000
inc_x_r = 0.000000, inc_y_r = 1.000000, inc_x_i = 1.000000, inc_y_i = 1.000000
En el else......

----------------------------------------
x = 56.000000, y = 252.000000
avance = -277.000000, avanceR = 2.000000, avanceI = 2.000000
inc_x_r = 0.000000, inc_y_r = 1.000000, inc_x_i = 1.000000, inc_y_i = 1.000000
En el else......

----------------------------------------
x = 56.000000, y = 253.000000
avance = -275.000000, avanceR = 2.000000, avanceI = 2.000000
inc_x_r = 0.000000, inc_y_r = 1.000000, inc_x_i = 1.000000, inc_y_i = 1.000000
En el else......

----------------------------------------
x = 56.000000, y = 254.000000
avance = -273.000000, avanceR = 2.000000, avanceI = 2.000000
inc_x_r = 0.000000, inc_y_r = 1.000000, inc_x_i = 1.000000, inc_y_i = 1.000000
En el else......

----------------------------------------
x = 56.000000, y = 255.000000
avance = -271.000000, avanceR = 2.000000, avanceI = 2.000000
inc_x_r = 0.000000, inc_y_r = 1.000000, inc_x_i = 1.000000, inc_y_i = 1.000000
En el else......

----------------------------------------
x = 56.000000, y = 256.000000
avance = -269.000000, avanceR = 2.000000, avanceI = 2.000000
inc_x_r = 0.000000, inc_y_r = 1.000000, inc_x_i = 1.000000, inc_y_i = 1.000000
En el else......

----------------------------------------
x = 56.000000, y = 257.000000
avance = -267.000000, avanceR = 2.000000, avanceI = 2.000000
inc_x_r = 0.000000, inc_y_r = 1.000000, inc_x_i = 1.000000, inc_y_i = 1.000000
En el else......

----------------------------------------
x = 56.000000, y = 258.000000
avance = -265.000000, avanceR = 2.000000, avanceI = 2.000000
inc_x_r = 0.000000, inc_y_r = 1.000000, inc_x_i = 1.000000, inc_y_i = 1.000000
En el else......

----------------------------------------
x = 56.000000, y = 259.000000
avance = -263.000000, avanceR = 2.000000, avanceI = 2.000000
inc_x_r = 0.000000, inc_y_r = 1.000000, inc_x_i = 1.000000, inc_y_i = 1.000000
En el else......

----------------------------------------
x = 56.000000, y = 260.000000
avance = -261.000000, avanceR = 2.000000, avanceI = 2.000000
inc_x_r = 0.000000, inc_y_r = 1.000000, inc_x_i = 1.000000, inc_y_i = 1.000000
En el else......

----------------------------------------
x = 56.000000, y = 261.000000
avance = -259.000000, avanceR = 2.000000, avanceI = 2.000000
inc_x_r = 0.000000, inc_y_r = 1.000000, inc_x_i = 1.000000, inc_y_i = 1.000000
En el else......

----------------------------------------
x = 56.000000, y = 262.000000
avance = -257.000000, avanceR = 2.000000, avanceI = 2.000000
inc_x_r = 0.000000, inc_y_r = 1.000000, inc_x_i = 1.000000, inc_y_i = 1.000000
En el else......

----------------------------------------
x = 56.000000, y = 263.000000
avance = -255.000000, avanceR = 2.000000, avanceI = 2.000000
inc_x_r = 0.000000, inc_y_r = 1.000000, inc_x_i = 1.000000, inc_y_i = 1.000000
En el else......

----------------------------------------
x = 56.000000, y = 264.000000
avance = -253.000000, avanceR = 2.000000, avanceI = 2.000000
inc_x_r = 0.000000, inc_y_r = 1.000000, inc_x_i = 1.000000, inc_y_i = 1.000000
En el else......

----------------------------------------
x = 56.000000, y = 265.000000
avance = -251.000000, avanceR = 2.000000, avanceI = 2.000000
inc_x_r = 0.000000, inc_y_r = 1.000000, inc_x_i = 1.000000, inc_y_i = 1.000000
En el else......

----------------------------------------


ENTRAMOS A BRESENHAMªªªª
x1 = 55.000000 - y1 = 15.000000 || x2 = 56.000000 - y2 = 266.000000
dy = 251.000000, dx = 1.000000
avances inclinados: inc_x_i = 1.000000, inc_y_i = 1.000000
updated: dy = 251.000000, dx = 1.000000
avances rectos: inc_x_r = 0.000000, inc_y_r 1.000000
reupdated: dy = 1.000000, dx = 251.000000
avanceR = 2.000000, avance -249.000000, avanceI 2.000000
----------------------------------------
x = 55.000000, y = 15.000000
avance = -249.000000, avanceR = 2.000000, avanceI = 2.000000
inc_x_r = 0.000000, inc_y_r = 1.000000, inc_x_i = 1.000000, inc_y_i = 1.000000
En el else......

----------------------------------------
x = 55.000000, y = 16.000000
avance = -247.000000, avanceR = 2.000000, avanceI = 2.000000
inc_x_r = 0.000000, inc_y_r = 1.000000, inc_x_i = 1.000000, inc_y_i = 1.000000
En el else......

----------------------------------------
x = 55.000000, y = 17.000000
avance = -245.000000, avanceR = 2.000000, avanceI = 2.000000
inc_x_r = 0.000000, inc_y_r = 1.000000, inc_x_i = 1.000000, inc_y_i = 1.000000
En el else......

----------------------------------------
x = 55.000000, y = 18.000000
avance = -243.000000, avanceR = 2.000000, avanceI = 2.000000
inc_x_r = 0.000000, inc_y_r = 1.000000, inc_x_i = 1.000000, inc_y_i = 1.000000
En el else......

----------------------------------------
x = 55.000000, y = 19.000000
avance = -241.000000, avanceR = 2.000000, avanceI = 2.000000
inc_x_r = 0.000000, inc_y_r = 1.000000, inc_x_i = 1.000000, inc_y_i = 1.000000
En el else......

----------------------------------------
x = 55.000000, y = 20.000000
avance = -239.000000, avanceR = 2.000000, avanceI = 2.000000
inc_x_r = 0.000000, inc_y_r = 1.000000, inc_x_i = 1.000000, inc_y_i = 1.000000
En el else......

----------------------------------------
x = 55.000000, y = 21.000000
avance = -237.000000, avanceR = 2.000000, avanceI = 2.000000
inc_x_r = 0.000000, inc_y_r = 1.000000, inc_x_i = 1.000000, inc_y_i = 1.000000
En el else......

----------------------------------------
x = 55.000000, y = 22.000000
avance = -235.000000, avanceR = 2.000000, avanceI = 2.000000
inc_x_r = 0.000000, inc_y_r = 1.000000, inc_x_i = 1.000000, inc_y_i = 1.000000
En el else......

----------------------------------------
x = 55.000000, y = 23.000000
avance = -233.000000, avanceR = 2.000000, avanceI = 2.000000
inc_x_r = 0.000000, inc_y_r = 1.000000, inc_x_i = 1.000000, inc_y_i = 1.000000
En el else......

----------------------------------------
x = 55.000000, y = 24.000000
avance = -231.000000, avanceR = 2.000000, avanceI = 2.000000
inc_x_r = 0.000000, inc_y_r = 1.000000, inc_x_i = 1.000000, inc_y_i = 1.000000
En el else......

----------------------------------------
x = 55.000000, y = 25.000000
avance = -229.000000, avanceR = 2.000000, avanceI = 2.000000
inc_x_r = 0.000000, inc_y_r = 1.000000, inc_x_i = 1.000000, inc_y_i = 1.000000
En el else......

----------------------------------------
x = 55.000000, y = 26.000000
avance = -227.000000, avanceR = 2.000000, avanceI = 2.000000
inc_x_r = 0.000000, inc_y_r = 1.000000, inc_x_i = 1.000000, inc_y_i = 1.000000
En el else......

----------------------------------------
x = 55.000000, y = 27.000000
avance = -225.000000, avanceR = 2.000000, avanceI = 2.000000
inc_x_r = 0.000000, inc_y_r = 1.000000, inc_x_i = 1.000000, inc_y_i = 1.000000
En el else......

----------------------------------------
x = 55.000000, y = 28.000000
avance = -223.000000, avanceR = 2.000000, avanceI = 2.000000
inc_x_r = 0.000000, inc_y_r = 1.000000, inc_x_i = 1.000000, inc_y_i = 1.000000
En el else......

----------------------------------------
x = 55.000000, y = 29.000000
avance = -221.000000, avanceR = 2.000000, avanceI = 2.000000
inc_x_r = 0.000000, inc_y_r = 1.000000, inc_x_i = 1.000000, inc_y_i = 1.000000
En el else......

----------------------------------------
x = 55.000000, y = 30.000000
avance = -219.000000, avanceR = 2.000000, avanceI = 2.000000
inc_x_r = 0.000000, inc_y_r = 1.000000, inc_x_i = 1.000000, inc_y_i = 1.000000
En el else......

----------------------------------------
x = 55.000000, y = 31.000000
avance = -217.000000, avanceR = 2.000000, avanceI = 2.000000
inc_x_r = 0.000000, inc_y_r = 1.000000, inc_x_i = 1.000000, inc_y_i = 1.000000
En el else......

----------------------------------------
x = 55.000000, y = 32.000000
avance = -215.000000, avanceR = 2.000000, avanceI = 2.000000
inc_x_r = 0.000000, inc_y_r = 1.000000, inc_x_i = 1.000000, inc_y_i = 1.000000
En el else......

----------------------------------------
x = 55.000000, y = 33.000000
avance = -213.000000, avanceR = 2.000000, avanceI = 2.000000
inc_x_r = 0.000000, inc_y_r = 1.000000, inc_x_i = 1.000000, inc_y_i = 1.000000
En el else......

----------------------------------------
x = 55.000000, y = 34.000000
avance = -211.000000, avanceR = 2.000000, avanceI = 2.000000
inc_x_r = 0.000000, inc_y_r = 1.000000, inc_x_i = 1.000000, inc_y_i = 1.000000
En el else......

----------------------------------------
x = 55.000000, y = 35.000000
avance = -209.000000, avanceR = 2.000000, avanceI = 2.000000
inc_x_r = 0.000000, inc_y_r = 1.000000, inc_x_i = 1.000000, inc_y_i = 1.000000
En el else......

----------------------------------------
x = 55.000000, y = 36.000000
avance = -207.000000, avanceR = 2.000000, avanceI = 2.000000
inc_x_r = 0.000000, inc_y_r = 1.000000, inc_x_i = 1.000000, inc_y_i = 1.000000
En el else......

----------------------------------------
x = 55.000000, y = 37.000000
avance = -205.000000, avanceR = 2.000000, avanceI = 2.000000
inc_x_r = 0.000000, inc_y_r = 1.000000, inc_x_i = 1.000000, inc_y_i = 1.000000
En el else......

----------------------------------------
x = 55.000000, y = 38.000000
avance = -203.000000, avanceR = 2.000000, avanceI = 2.000000
inc_x_r = 0.000000, inc_y_r = 1.000000, inc_x_i = 1.000000, inc_y_i = 1.000000
En el else......

----------------------------------------
x = 55.000000, y = 39.000000
avance = -201.000000, avanceR = 2.000000, avanceI = 2.000000
inc_x_r = 0.000000, inc_y_r = 1.000000, inc_x_i = 1.000000, inc_y_i = 1.000000
En el else......

----------------------------------------
x = 55.000000, y = 40.000000
avance = -199.000000, avanceR = 2.000000, avanceI = 2.000000
inc_x_r = 0.000000, inc_y_r = 1.000000, inc_x_i = 1.000000, inc_y_i = 1.000000
En el else......

----------------------------------------
x = 55.000000, y = 41.000000
avance = -197.000000, avanceR = 2.000000, avanceI = 2.000000
inc_x_r = 0.000000, inc_y_r = 1.000000, inc_x_i = 1.000000, inc_y_i = 1.000000
En el else......

----------------------------------------
x = 55.000000, y = 42.000000
avance = -195.000000, avanceR = 2.000000, avanceI = 2.000000
inc_x_r = 0.000000, inc_y_r = 1.000000, inc_x_i = 1.000000, inc_y_i = 1.000000
En el else......

----------------------------------------
x = 55.000000, y = 43.000000
avance = -193.000000, avanceR = 2.000000, avanceI = 2.000000
inc_x_r = 0.000000, inc_y_r = 1.000000, inc_x_i = 1.000000, inc_y_i = 1.000000
En el else......

----------------------------------------
x = 55.000000, y = 44.000000
avance = -191.000000, avanceR = 2.000000, avanceI = 2.000000
inc_x_r = 0.000000, inc_y_r = 1.000000, inc_x_i = 1.000000, inc_y_i = 1.000000
En el else......

----------------------------------------
x = 55.000000, y = 45.000000
avance = -189.000000, avanceR = 2.000000, avanceI = 2.000000
inc_x_r = 0.000000, inc_y_r = 1.000000, inc_x_i = 1.000000, inc_y_i = 1.000000
En el else......

----------------------------------------
x = 55.000000, y = 46.000000
avance = -187.000000, avanceR = 2.000000, avanceI = 2.000000
inc_x_r = 0.000000, inc_y_r = 1.000000, inc_x_i = 1.000000, inc_y_i = 1.000000
En el else......

----------------------------------------
x = 55.000000, y = 47.000000
avance = -185.000000, avanceR = 2.000000, avanceI = 2.000000
inc_x_r = 0.000000, inc_y_r = 1.000000, inc_x_i = 1.000000, inc_y_i = 1.000000
En el else......

----------------------------------------
x = 55.000000, y = 48.000000
avance = -183.000000, avanceR = 2.000000, avanceI = 2.000000
inc_x_r = 0.000000, inc_y_r = 1.000000, inc_x_i = 1.000000, inc_y_i = 1.000000
En el else......

----------------------------------------
x = 55.000000, y = 49.000000
avance = -181.000000, avanceR = 2.000000, avanceI = 2.000000
inc_x_r = 0.000000, inc_y_r = 1.000000, inc_x_i = 1.000000, inc_y_i = 1.000000
En el else......

----------------------------------------
x = 55.000000, y = 50.000000
avance = -179.000000, avanceR = 2.000000, avanceI = 2.000000
inc_x_r = 0.000000, inc_y_r = 1.000000, inc_x_i = 1.000000, inc_y_i = 1.000000
En el else......

----------------------------------------
x = 55.000000, y = 51.000000
avance = -177.000000, avanceR = 2.000000, avanceI = 2.000000
inc_x_r = 0.000000, inc_y_r = 1.000000, inc_x_i = 1.000000, inc_y_i = 1.000000
En el else......

----------------------------------------
x = 55.000000, y = 52.000000
avance = -175.000000, avanceR = 2.000000, avanceI = 2.000000
inc_x_r = 0.000000, inc_y_r = 1.000000, inc_x_i = 1.000000, inc_y_i = 1.000000
En el else......

----------------------------------------
x = 55.000000, y = 53.000000
avance = -173.000000, avanceR = 2.000000, avanceI = 2.000000
inc_x_r = 0.000000, inc_y_r = 1.000000, inc_x_i = 1.000000, inc_y_i = 1.000000
En el else......

----------------------------------------
x = 55.000000, y = 54.000000
avance = -171.000000, avanceR = 2.000000, avanceI = 2.000000
inc_x_r = 0.000000, inc_y_r = 1.000000, inc_x_i = 1.000000, inc_y_i = 1.000000
En el else......

----------------------------------------
x = 55.000000, y = 55.000000
avance = -169.000000, avanceR = 2.000000, avanceI = 2.000000
inc_x_r = 0.000000, inc_y_r = 1.000000, inc_x_i = 1.000000, inc_y_i = 1.000000
En el else......

----------------------------------------
x = 55.000000, y = 56.000000
avance = -167.000000, avanceR = 2.000000, avanceI = 2.000000
inc_x_r = 0.000000, inc_y_r = 1.000000, inc_x_i = 1.000000, inc_y_i = 1.000000
En el else......

----------------------------------------
x = 55.000000, y = 57.000000
avance = -165.000000, avanceR = 2.000000, avanceI = 2.000000
inc_x_r = 0.000000, inc_y_r = 1.000000, inc_x_i = 1.000000, inc_y_i = 1.000000
En el else......

----------------------------------------
x = 55.000000, y = 58.000000
avance = -163.000000, avanceR = 2.000000, avanceI = 2.000000
inc_x_r = 0.000000, inc_y_r = 1.000000, inc_x_i = 1.000000, inc_y_i = 1.000000
En el else......

----------------------------------------
x = 55.000000, y = 59.000000
avance = -161.000000, avanceR = 2.000000, avanceI = 2.000000
inc_x_r = 0.000000, inc_y_r = 1.000000, inc_x_i = 1.000000, inc_y_i = 1.000000
En el else......

----------------------------------------
x = 55.000000, y = 60.000000
avance = -159.000000, avanceR = 2.000000, avanceI = 2.000000
inc_x_r = 0.000000, inc_y_r = 1.000000, inc_x_i = 1.000000, inc_y_i = 1.000000
En el else......

----------------------------------------
x = 55.000000, y = 61.000000
avance = -157.000000, avanceR = 2.000000, avanceI = 2.000000
inc_x_r = 0.000000, inc_y_r = 1.000000, inc_x_i = 1.000000, inc_y_i = 1.000000
En el else......

----------------------------------------
x = 55.000000, y = 62.000000
avance = -155.000000, avanceR = 2.000000, avanceI = 2.000000
inc_x_r = 0.000000, inc_y_r = 1.000000, inc_x_i = 1.000000, inc_y_i = 1.000000
En el else......

----------------------------------------
x = 55.000000, y = 63.000000
avance = -153.000000, avanceR = 2.000000, avanceI = 2.000000
inc_x_r = 0.000000, inc_y_r = 1.000000, inc_x_i = 1.000000, inc_y_i = 1.000000
En el else......

----------------------------------------
x = 55.000000, y = 64.000000
avance = -151.000000, avanceR = 2.000000, avanceI = 2.000000
inc_x_r = 0.000000, inc_y_r = 1.000000, inc_x_i = 1.000000, inc_y_i = 1.000000
En el else......

----------------------------------------
x = 55.000000, y = 65.000000
avance = -149.000000, avanceR = 2.000000, avanceI = 2.000000
inc_x_r = 0.000000, inc_y_r = 1.000000, inc_x_i = 1.000000, inc_y_i = 1.000000
En el else......

----------------------------------------
x = 55.000000, y = 66.000000
avance = -147.000000, avanceR = 2.000000, avanceI = 2.000000
inc_x_r = 0.000000, inc_y_r = 1.000000, inc_x_i = 1.000000, inc_y_i = 1.000000
En el else......

----------------------------------------
x = 55.000000, y = 67.000000
avance = -145.000000, avanceR = 2.000000, avanceI = 2.000000
inc_x_r = 0.000000, inc_y_r = 1.000000, inc_x_i = 1.000000, inc_y_i = 1.000000
En el else......

----------------------------------------
x = 55.000000, y = 68.000000
avance = -143.000000, avanceR = 2.000000, avanceI = 2.000000
inc_x_r = 0.000000, inc_y_r = 1.000000, inc_x_i = 1.000000, inc_y_i = 1.000000
En el else......

----------------------------------------
x = 55.000000, y = 69.000000
avance = -141.000000, avanceR = 2.000000, avanceI = 2.000000
inc_x_r = 0.000000, inc_y_r = 1.000000, inc_x_i = 1.000000, inc_y_i = 1.000000
En el else......

----------------------------------------
x = 55.000000, y = 70.000000
avance = -139.000000, avanceR = 2.000000, avanceI = 2.000000
inc_x_r = 0.000000, inc_y_r = 1.000000, inc_x_i = 1.000000, inc_y_i = 1.000000
En el else......

----------------------------------------
x = 55.000000, y = 71.000000
avance = -137.000000, avanceR = 2.000000, avanceI = 2.000000
inc_x_r = 0.000000, inc_y_r = 1.000000, inc_x_i = 1.000000, inc_y_i = 1.000000
En el else......

----------------------------------------
x = 55.000000, y = 72.000000
avance = -135.000000, avanceR = 2.000000, avanceI = 2.000000
inc_x_r = 0.000000, inc_y_r = 1.000000, inc_x_i = 1.000000, inc_y_i = 1.000000
En el else......

----------------------------------------
x = 55.000000, y = 73.000000
avance = -133.000000, avanceR = 2.000000, avanceI = 2.000000
inc_x_r = 0.000000, inc_y_r = 1.000000, inc_x_i = 1.000000, inc_y_i = 1.000000
En el else......

----------------------------------------
x = 55.000000, y = 74.000000
avance = -131.000000, avanceR = 2.000000, avanceI = 2.000000
inc_x_r = 0.000000, inc_y_r = 1.000000, inc_x_i = 1.000000, inc_y_i = 1.000000
En el else......

----------------------------------------
x = 55.000000, y = 75.000000
avance = -129.000000, avanceR = 2.000000, avanceI = 2.000000
inc_x_r = 0.000000, inc_y_r = 1.000000, inc_x_i = 1.000000, inc_y_i = 1.000000
En el else......

----------------------------------------
x = 55.000000, y = 76.000000
avance = -127.000000, avanceR = 2.000000, avanceI = 2.000000
inc_x_r = 0.000000, inc_y_r = 1.000000, inc_x_i = 1.000000, inc_y_i = 1.000000
En el else......

----------------------------------------
x = 55.000000, y = 77.000000
avance = -125.000000, avanceR = 2.000000, avanceI = 2.000000
inc_x_r = 0.000000, inc_y_r = 1.000000, inc_x_i = 1.000000, inc_y_i = 1.000000
En el else......

----------------------------------------
x = 55.000000, y = 78.000000
avance = -123.000000, avanceR = 2.000000, avanceI = 2.000000
inc_x_r = 0.000000, inc_y_r = 1.000000, inc_x_i = 1.000000, inc_y_i = 1.000000
En el else......

----------------------------------------
x = 55.000000, y = 79.000000
avance = -121.000000, avanceR = 2.000000, avanceI = 2.000000
inc_x_r = 0.000000, inc_y_r = 1.000000, inc_x_i = 1.000000, inc_y_i = 1.000000
En el else......

----------------------------------------
x = 55.000000, y = 80.000000
avance = -119.000000, avanceR = 2.000000, avanceI = 2.000000
inc_x_r = 0.000000, inc_y_r = 1.000000, inc_x_i = 1.000000, inc_y_i = 1.000000
En el else......

----------------------------------------
x = 55.000000, y = 81.000000
avance = -117.000000, avanceR = 2.000000, avanceI = 2.000000
inc_x_r = 0.000000, inc_y_r = 1.000000, inc_x_i = 1.000000, inc_y_i = 1.000000
En el else......

----------------------------------------
x = 55.000000, y = 82.000000
avance = -115.000000, avanceR = 2.000000, avanceI = 2.000000
inc_x_r = 0.000000, inc_y_r = 1.000000, inc_x_i = 1.000000, inc_y_i = 1.000000
En el else......

----------------------------------------
x = 55.000000, y = 83.000000
avance = -113.000000, avanceR = 2.000000, avanceI = 2.000000
inc_x_r = 0.000000, inc_y_r = 1.000000, inc_x_i = 1.000000, inc_y_i = 1.000000
En el else......

----------------------------------------
x = 55.000000, y = 84.000000
avance = -111.000000, avanceR = 2.000000, avanceI = 2.000000
inc_x_r = 0.000000, inc_y_r = 1.000000, inc_x_i = 1.000000, inc_y_i = 1.000000
En el else......

----------------------------------------
x = 55.000000, y = 85.000000
avance = -109.000000, avanceR = 2.000000, avanceI = 2.000000
inc_x_r = 0.000000, inc_y_r = 1.000000, inc_x_i = 1.000000, inc_y_i = 1.000000
En el else......

----------------------------------------
x = 55.000000, y = 86.000000
avance = -107.000000, avanceR = 2.000000, avanceI = 2.000000
inc_x_r = 0.000000, inc_y_r = 1.000000, inc_x_i = 1.000000, inc_y_i = 1.000000
En el else......

----------------------------------------
x = 55.000000, y = 87.000000
avance = -105.000000, avanceR = 2.000000, avanceI = 2.000000
inc_x_r = 0.000000, inc_y_r = 1.000000, inc_x_i = 1.000000, inc_y_i = 1.000000
En el else......

----------------------------------------
x = 55.000000, y = 88.000000
avance = -103.000000, avanceR = 2.000000, avanceI = 2.000000
inc_x_r = 0.000000, inc_y_r = 1.000000, inc_x_i = 1.000000, inc_y_i = 1.000000
En el else......

----------------------------------------
x = 55.000000, y = 89.000000
avance = -101.000000, avanceR = 2.000000, avanceI = 2.000000
inc_x_r = 0.000000, inc_y_r = 1.000000, inc_x_i = 1.000000, inc_y_i = 1.000000
En el else......

----------------------------------------
x = 55.000000, y = 90.000000
avance = -99.000000, avanceR = 2.000000, avanceI = 2.000000
inc_x_r = 0.000000, inc_y_r = 1.000000, inc_x_i = 1.000000, inc_y_i = 1.000000
En el else......

----------------------------------------
x = 55.000000, y = 91.000000
avance = -97.000000, avanceR = 2.000000, avanceI = 2.000000
inc_x_r = 0.000000, inc_y_r = 1.000000, inc_x_i = 1.000000, inc_y_i = 1.000000
En el else......

----------------------------------------
x = 55.000000, y = 92.000000
avance = -95.000000, avanceR = 2.000000, avanceI = 2.000000
inc_x_r = 0.000000, inc_y_r = 1.000000, inc_x_i = 1.000000, inc_y_i = 1.000000
En el else......

----------------------------------------
x = 55.000000, y = 93.000000
avance = -93.000000, avanceR = 2.000000, avanceI = 2.000000
inc_x_r = 0.000000, inc_y_r = 1.000000, inc_x_i = 1.000000, inc_y_i = 1.000000
En el else......

----------------------------------------
x = 55.000000, y = 94.000000
avance = -91.000000, avanceR = 2.000000, avanceI = 2.000000
inc_x_r = 0.000000, inc_y_r = 1.000000, inc_x_i = 1.000000, inc_y_i = 1.000000
En el else......

----------------------------------------
x = 55.000000, y = 95.000000
avance = -89.000000, avanceR = 2.000000, avanceI = 2.000000
inc_x_r = 0.000000, inc_y_r = 1.000000, inc_x_i = 1.000000, inc_y_i = 1.000000
En el else......

----------------------------------------
x = 55.000000, y = 96.000000
avance = -87.000000, avanceR = 2.000000, avanceI = 2.000000
inc_x_r = 0.000000, inc_y_r = 1.000000, inc_x_i = 1.000000, inc_y_i = 1.000000
En el else......

----------------------------------------
x = 55.000000, y = 97.000000
avance = -85.000000, avanceR = 2.000000, avanceI = 2.000000
inc_x_r = 0.000000, inc_y_r = 1.000000, inc_x_i = 1.000000, inc_y_i = 1.000000
En el else......

----------------------------------------
x = 55.000000, y = 98.000000
avance = -83.000000, avanceR = 2.000000, avanceI = 2.000000
inc_x_r = 0.000000, inc_y_r = 1.000000, inc_x_i = 1.000000, inc_y_i = 1.000000
En el else......

----------------------------------------
x = 55.000000, y = 99.000000
avance = -81.000000, avanceR = 2.000000, avanceI = 2.000000
inc_x_r = 0.000000, inc_y_r = 1.000000, inc_x_i = 1.000000, inc_y_i = 1.000000
En el else......

----------------------------------------
x = 55.000000, y = 100.000000
avance = -79.000000, avanceR = 2.000000, avanceI = 2.000000
inc_x_r = 0.000000, inc_y_r = 1.000000, inc_x_i = 1.000000, inc_y_i = 1.000000
En el else......

----------------------------------------
x = 55.000000, y = 101.000000
avance = -77.000000, avanceR = 2.000000, avanceI = 2.000000
inc_x_r = 0.000000, inc_y_r = 1.000000, inc_x_i = 1.000000, inc_y_i = 1.000000
En el else......

----------------------------------------
x = 55.000000, y = 102.000000
avance = -75.000000, avanceR = 2.000000, avanceI = 2.000000
inc_x_r = 0.000000, inc_y_r = 1.000000, inc_x_i = 1.000000, inc_y_i = 1.000000
En el else......

----------------------------------------
x = 55.000000, y = 103.000000
avance = -73.000000, avanceR = 2.000000, avanceI = 2.000000
inc_x_r = 0.000000, inc_y_r = 1.000000, inc_x_i = 1.000000, inc_y_i = 1.000000
En el else......

----------------------------------------
x = 55.000000, y = 104.000000
avance = -71.000000, avanceR = 2.000000, avanceI = 2.000000
inc_x_r = 0.000000, inc_y_r = 1.000000, inc_x_i = 1.000000, inc_y_i = 1.000000
En el else......

----------------------------------------
x = 55.000000, y = 105.000000
avance = -69.000000, avanceR = 2.000000, avanceI = 2.000000
inc_x_r = 0.000000, inc_y_r = 1.000000, inc_x_i = 1.000000, inc_y_i = 1.000000
En el else......

----------------------------------------
x = 55.000000, y = 106.000000
avance = -67.000000, avanceR = 2.000000, avanceI = 2.000000
inc_x_r = 0.000000, inc_y_r = 1.000000, inc_x_i = 1.000000, inc_y_i = 1.000000
En el else......

----------------------------------------
x = 55.000000, y = 107.000000
avance = -65.000000, avanceR = 2.000000, avanceI = 2.000000
inc_x_r = 0.000000, inc_y_r = 1.000000, inc_x_i = 1.000000, inc_y_i = 1.000000
En el else......

----------------------------------------
x = 55.000000, y = 108.000000
avance = -63.000000, avanceR = 2.000000, avanceI = 2.000000
inc_x_r = 0.000000, inc_y_r = 1.000000, inc_x_i = 1.000000, inc_y_i = 1.000000
En el else......

----------------------------------------
x = 55.000000, y = 109.000000
avance = -61.000000, avanceR = 2.000000, avanceI = 2.000000
inc_x_r = 0.000000, inc_y_r = 1.000000, inc_x_i = 1.000000, inc_y_i = 1.000000
En el else......

----------------------------------------
x = 55.000000, y = 110.000000
avance = -59.000000, avanceR = 2.000000, avanceI = 2.000000
inc_x_r = 0.000000, inc_y_r = 1.000000, inc_x_i = 1.000000, inc_y_i = 1.000000
En el else......

----------------------------------------
x = 55.000000, y = 111.000000
avance = -57.000000, avanceR = 2.000000, avanceI = 2.000000
inc_x_r = 0.000000, inc_y_r = 1.000000, inc_x_i = 1.000000, inc_y_i = 1.000000
En el else......

----------------------------------------
x = 55.000000, y = 112.000000
avance = -55.000000, avanceR = 2.000000, avanceI = 2.000000
inc_x_r = 0.000000, inc_y_r = 1.000000, inc_x_i = 1.000000, inc_y_i = 1.000000
En el else......

----------------------------------------
x = 55.000000, y = 113.000000
avance = -53.000000, avanceR = 2.000000, avanceI = 2.000000
inc_x_r = 0.000000, inc_y_r = 1.000000, inc_x_i = 1.000000, inc_y_i = 1.000000
En el else......

----------------------------------------
x = 55.000000, y = 114.000000
avance = -51.000000, avanceR = 2.000000, avanceI = 2.000000
inc_x_r = 0.000000, inc_y_r = 1.000000, inc_x_i = 1.000000, inc_y_i = 1.000000
En el else......

----------------------------------------
x = 55.000000, y = 115.000000
avance = -49.000000, avanceR = 2.000000, avanceI = 2.000000
inc_x_r = 0.000000, inc_y_r = 1.000000, inc_x_i = 1.000000, inc_y_i = 1.000000
En el else......

----------------------------------------
x = 55.000000, y = 116.000000
avance = -47.000000, avanceR = 2.000000, avanceI = 2.000000
inc_x_r = 0.000000, inc_y_r = 1.000000, inc_x_i = 1.000000, inc_y_i = 1.000000
En el else......

----------------------------------------
x = 55.000000, y = 117.000000
avance = -45.000000, avanceR = 2.000000, avanceI = 2.000000
inc_x_r = 0.000000, inc_y_r = 1.000000, inc_x_i = 1.000000, inc_y_i = 1.000000
En el else......

----------------------------------------
x = 55.000000, y = 118.000000
avance = -43.000000, avanceR = 2.000000, avanceI = 2.000000
inc_x_r = 0.000000, inc_y_r = 1.000000, inc_x_i = 1.000000, inc_y_i = 1.000000
En el else......

----------------------------------------
x = 55.000000, y = 119.000000
avance = -41.000000, avanceR = 2.000000, avanceI = 2.000000
inc_x_r = 0.000000, inc_y_r = 1.000000, inc_x_i = 1.000000, inc_y_i = 1.000000
En el else......

----------------------------------------
x = 55.000000, y = 120.000000
avance = -39.000000, avanceR = 2.000000, avanceI = 2.000000
inc_x_r = 0.000000, inc_y_r = 1.000000, inc_x_i = 1.000000, inc_y_i = 1.000000
En el else......

----------------------------------------
x = 55.000000, y = 121.000000
avance = -37.000000, avanceR = 2.000000, avanceI = 2.000000
inc_x_r = 0.000000, inc_y_r = 1.000000, inc_x_i = 1.000000, inc_y_i = 1.000000
En el else......

----------------------------------------
x = 55.000000, y = 122.000000
avance = -35.000000, avanceR = 2.000000, avanceI = 2.000000
inc_x_r = 0.000000, inc_y_r = 1.000000, inc_x_i = 1.000000, inc_y_i = 1.000000
En el else......

----------------------------------------
x = 55.000000, y = 123.000000
avance = -33.000000, avanceR = 2.000000, avanceI = 2.000000
inc_x_r = 0.000000, inc_y_r = 1.000000, inc_x_i = 1.000000, inc_y_i = 1.000000
En el else......

----------------------------------------
x = 55.000000, y = 124.000000
avance = -31.000000, avanceR = 2.000000, avanceI = 2.000000
inc_x_r = 0.000000, inc_y_r = 1.000000, inc_x_i = 1.000000, inc_y_i = 1.000000
En el else......

----------------------------------------
x = 55.000000, y = 125.000000
avance = -29.000000, avanceR = 2.000000, avanceI = 2.000000
inc_x_r = 0.000000, inc_y_r = 1.000000, inc_x_i = 1.000000, inc_y_i = 1.000000
En el else......

----------------------------------------
x = 55.000000, y = 126.000000
avance = -27.000000, avanceR = 2.000000, avanceI = 2.000000
inc_x_r = 0.000000, inc_y_r = 1.000000, inc_x_i = 1.000000, inc_y_i = 1.000000
En el else......

----------------------------------------
x = 55.000000, y = 127.000000
avance = -25.000000, avanceR = 2.000000, avanceI = 2.000000
inc_x_r = 0.000000, inc_y_r = 1.000000, inc_x_i = 1.000000, inc_y_i = 1.000000
En el else......

----------------------------------------
x = 55.000000, y = 128.000000
avance = -23.000000, avanceR = 2.000000, avanceI = 2.000000
inc_x_r = 0.000000, inc_y_r = 1.000000, inc_x_i = 1.000000, inc_y_i = 1.000000
En el else......

----------------------------------------
x = 55.000000, y = 129.000000
avance = -21.000000, avanceR = 2.000000, avanceI = 2.000000
inc_x_r = 0.000000, inc_y_r = 1.000000, inc_x_i = 1.000000, inc_y_i = 1.000000
En el else......

----------------------------------------
x = 55.000000, y = 130.000000
avance = -19.000000, avanceR = 2.000000, avanceI = 2.000000
inc_x_r = 0.000000, inc_y_r = 1.000000, inc_x_i = 1.000000, inc_y_i = 1.000000
En el else......

----------------------------------------
x = 55.000000, y = 131.000000
avance = -17.000000, avanceR = 2.000000, avanceI = 2.000000
inc_x_r = 0.000000, inc_y_r = 1.000000, inc_x_i = 1.000000, inc_y_i = 1.000000
En el else......

----------------------------------------
x = 55.000000, y = 132.000000
avance = -15.000000, avanceR = 2.000000, avanceI = 2.000000
inc_x_r = 0.000000, inc_y_r = 1.000000, inc_x_i = 1.000000, inc_y_i = 1.000000
En el else......

----------------------------------------
x = 55.000000, y = 133.000000
avance = -13.000000, avanceR = 2.000000, avanceI = 2.000000
inc_x_r = 0.000000, inc_y_r = 1.000000, inc_x_i = 1.000000, inc_y_i = 1.000000
En el else......

----------------------------------------
x = 55.000000, y = 134.000000
avance = -11.000000, avanceR = 2.000000, avanceI = 2.000000
inc_x_r = 0.000000, inc_y_r = 1.000000, inc_x_i = 1.000000, inc_y_i = 1.000000
En el else......

----------------------------------------
x = 55.000000, y = 135.000000
avance = -9.000000, avanceR = 2.000000, avanceI = 2.000000
inc_x_r = 0.000000, inc_y_r = 1.000000, inc_x_i = 1.000000, inc_y_i = 1.000000
En el else......

----------------------------------------
x = 55.000000, y = 136.000000
avance = -7.000000, avanceR = 2.000000, avanceI = 2.000000
inc_x_r = 0.000000, inc_y_r = 1.000000, inc_x_i = 1.000000, inc_y_i = 1.000000
En el else......

----------------------------------------
x = 55.000000, y = 137.000000
avance = -5.000000, avanceR = 2.000000, avanceI = 2.000000
inc_x_r = 0.000000, inc_y_r = 1.000000, inc_x_i = 1.000000, inc_y_i = 1.000000
En el else......

----------------------------------------
x = 55.000000, y = 138.000000
avance = -3.000000, avanceR = 2.000000, avanceI = 2.000000
inc_x_r = 0.000000, inc_y_r = 1.000000, inc_x_i = 1.000000, inc_y_i = 1.000000
En el else......

----------------------------------------
x = 55.000000, y = 139.000000
avance = -1.000000, avanceR = 2.000000, avanceI = 2.000000
inc_x_r = 0.000000, inc_y_r = 1.000000, inc_x_i = 1.000000, inc_y_i = 1.000000
En el else......

----------------------------------------
x = 55.000000, y = 140.000000
avance = 1.000000, avanceR = 2.000000, avanceI = 2.000000
inc_x_r = 0.000000, inc_y_r = 1.000000, inc_x_i = 1.000000, inc_y_i = 1.000000
avance >= 0

----------------------------------------
x = 56.000000, y = 141.000000
avance = -499.000000, avanceR = 2.000000, avanceI = 2.000000
inc_x_r = 0.000000, inc_y_r = 1.000000, inc_x_i = 1.000000, inc_y_i = 1.000000
En el else......

----------------------------------------
x = 56.000000, y = 142.000000
avance = -497.000000, avanceR = 2.000000, avanceI = 2.000000
inc_x_r = 0.000000, inc_y_r = 1.000000, inc_x_i = 1.000000, inc_y_i = 1.000000
En el else......

----------------------------------------
x = 56.000000, y = 143.000000
avance = -495.000000, avanceR = 2.000000, avanceI = 2.000000
inc_x_r = 0.000000, inc_y_r = 1.000000, inc_x_i = 1.000000, inc_y_i = 1.000000
En el else......

----------------------------------------
x = 56.000000, y = 144.000000
avance = -493.000000, avanceR = 2.000000, avanceI = 2.000000
inc_x_r = 0.000000, inc_y_r = 1.000000, inc_x_i = 1.000000, inc_y_i = 1.000000
En el else......

----------------------------------------
x = 56.000000, y = 145.000000
avance = -491.000000, avanceR = 2.000000, avanceI = 2.000000
inc_x_r = 0.000000, inc_y_r = 1.000000, inc_x_i = 1.000000, inc_y_i = 1.000000
En el else......

----------------------------------------
x = 56.000000, y = 146.000000
avance = -489.000000, avanceR = 2.000000, avanceI = 2.000000
inc_x_r = 0.000000, inc_y_r = 1.000000, inc_x_i = 1.000000, inc_y_i = 1.000000
En el else......

----------------------------------------
x = 56.000000, y = 147.000000
avance = -487.000000, avanceR = 2.000000, avanceI = 2.000000
inc_x_r = 0.000000, inc_y_r = 1.000000, inc_x_i = 1.000000, inc_y_i = 1.000000
En el else......

----------------------------------------
x = 56.000000, y = 148.000000
avance = -485.000000, avanceR = 2.000000, avanceI = 2.000000
inc_x_r = 0.000000, inc_y_r = 1.000000, inc_x_i = 1.000000, inc_y_i = 1.000000
En el else......

----------------------------------------
x = 56.000000, y = 149.000000
avance = -483.000000, avanceR = 2.000000, avanceI = 2.000000
inc_x_r = 0.000000, inc_y_r = 1.000000, inc_x_i = 1.000000, inc_y_i = 1.000000
En el else......

----------------------------------------
x = 56.000000, y = 150.000000
avance = -481.000000, avanceR = 2.000000, avanceI = 2.000000
inc_x_r = 0.000000, inc_y_r = 1.000000, inc_x_i = 1.000000, inc_y_i = 1.000000
En el else......

----------------------------------------
x = 56.000000, y = 151.000000
avance = -479.000000, avanceR = 2.000000, avanceI = 2.000000
inc_x_r = 0.000000, inc_y_r = 1.000000, inc_x_i = 1.000000, inc_y_i = 1.000000
En el else......

----------------------------------------
x = 56.000000, y = 152.000000
avance = -477.000000, avanceR = 2.000000, avanceI = 2.000000
inc_x_r = 0.000000, inc_y_r = 1.000000, inc_x_i = 1.000000, inc_y_i = 1.000000
En el else......

----------------------------------------
x = 56.000000, y = 153.000000
avance = -475.000000, avanceR = 2.000000, avanceI = 2.000000
inc_x_r = 0.000000, inc_y_r = 1.000000, inc_x_i = 1.000000, inc_y_i = 1.000000
En el else......

----------------------------------------
x = 56.000000, y = 154.000000
avance = -473.000000, avanceR = 2.000000, avanceI = 2.000000
inc_x_r = 0.000000, inc_y_r = 1.000000, inc_x_i = 1.000000, inc_y_i = 1.000000
En el else......

----------------------------------------
x = 56.000000, y = 155.000000
avance = -471.000000, avanceR = 2.000000, avanceI = 2.000000
inc_x_r = 0.000000, inc_y_r = 1.000000, inc_x_i = 1.000000, inc_y_i = 1.000000
En el else......

----------------------------------------
x = 56.000000, y = 156.000000
avance = -469.000000, avanceR = 2.000000, avanceI = 2.000000
inc_x_r = 0.000000, inc_y_r = 1.000000, inc_x_i = 1.000000, inc_y_i = 1.000000
En el else......

----------------------------------------
x = 56.000000, y = 157.000000
avance = -467.000000, avanceR = 2.000000, avanceI = 2.000000
inc_x_r = 0.000000, inc_y_r = 1.000000, inc_x_i = 1.000000, inc_y_i = 1.000000
En el else......

----------------------------------------
x = 56.000000, y = 158.000000
avance = -465.000000, avanceR = 2.000000, avanceI = 2.000000
inc_x_r = 0.000000, inc_y_r = 1.000000, inc_x_i = 1.000000, inc_y_i = 1.000000
En el else......

----------------------------------------
x = 56.000000, y = 159.000000
avance = -463.000000, avanceR = 2.000000, avanceI = 2.000000
inc_x_r = 0.000000, inc_y_r = 1.000000, inc_x_i = 1.000000, inc_y_i = 1.000000
En el else......

----------------------------------------
x = 56.000000, y = 160.000000
avance = -461.000000, avanceR = 2.000000, avanceI = 2.000000
inc_x_r = 0.000000, inc_y_r = 1.000000, inc_x_i = 1.000000, inc_y_i = 1.000000
En el else......

----------------------------------------
x = 56.000000, y = 161.000000
avance = -459.000000, avanceR = 2.000000, avanceI = 2.000000
inc_x_r = 0.000000, inc_y_r = 1.000000, inc_x_i = 1.000000, inc_y_i = 1.000000
En el else......

----------------------------------------
x = 56.000000, y = 162.000000
avance = -457.000000, avanceR = 2.000000, avanceI = 2.000000
inc_x_r = 0.000000, inc_y_r = 1.000000, inc_x_i = 1.000000, inc_y_i = 1.000000
En el else......

----------------------------------------
x = 56.000000, y = 163.000000
avance = -455.000000, avanceR = 2.000000, avanceI = 2.000000
inc_x_r = 0.000000, inc_y_r = 1.000000, inc_x_i = 1.000000, inc_y_i = 1.000000
En el else......

----------------------------------------
x = 56.000000, y = 164.000000
avance = -453.000000, avanceR = 2.000000, avanceI = 2.000000
inc_x_r = 0.000000, inc_y_r = 1.000000, inc_x_i = 1.000000, inc_y_i = 1.000000
En el else......

----------------------------------------
x = 56.000000, y = 165.000000
avance = -451.000000, avanceR = 2.000000, avanceI = 2.000000
inc_x_r = 0.000000, inc_y_r = 1.000000, inc_x_i = 1.000000, inc_y_i = 1.000000
En el else......

----------------------------------------
x = 56.000000, y = 166.000000
avance = -449.000000, avanceR = 2.000000, avanceI = 2.000000
inc_x_r = 0.000000, inc_y_r = 1.000000, inc_x_i = 1.000000, inc_y_i = 1.000000
En el else......

----------------------------------------
x = 56.000000, y = 167.000000
avance = -447.000000, avanceR = 2.000000, avanceI = 2.000000
inc_x_r = 0.000000, inc_y_r = 1.000000, inc_x_i = 1.000000, inc_y_i = 1.000000
En el else......

----------------------------------------
x = 56.000000, y = 168.000000
avance = -445.000000, avanceR = 2.000000, avanceI = 2.000000
inc_x_r = 0.000000, inc_y_r = 1.000000, inc_x_i = 1.000000, inc_y_i = 1.000000
En el else......

----------------------------------------
x = 56.000000, y = 169.000000
avance = -443.000000, avanceR = 2.000000, avanceI = 2.000000
inc_x_r = 0.000000, inc_y_r = 1.000000, inc_x_i = 1.000000, inc_y_i = 1.000000
En el else......

----------------------------------------
x = 56.000000, y = 170.000000
avance = -441.000000, avanceR = 2.000000, avanceI = 2.000000
inc_x_r = 0.000000, inc_y_r = 1.000000, inc_x_i = 1.000000, inc_y_i = 1.000000
En el else......

----------------------------------------
x = 56.000000, y = 171.000000
avance = -439.000000, avanceR = 2.000000, avanceI = 2.000000
inc_x_r = 0.000000, inc_y_r = 1.000000, inc_x_i = 1.000000, inc_y_i = 1.000000
En el else......

----------------------------------------
x = 56.000000, y = 172.000000
avance = -437.000000, avanceR = 2.000000, avanceI = 2.000000
inc_x_r = 0.000000, inc_y_r = 1.000000, inc_x_i = 1.000000, inc_y_i = 1.000000
En el else......

----------------------------------------
x = 56.000000, y = 173.000000
avance = -435.000000, avanceR = 2.000000, avanceI = 2.000000
inc_x_r = 0.000000, inc_y_r = 1.000000, inc_x_i = 1.000000, inc_y_i = 1.000000
En el else......

----------------------------------------
x = 56.000000, y = 174.000000
avance = -433.000000, avanceR = 2.000000, avanceI = 2.000000
inc_x_r = 0.000000, inc_y_r = 1.000000, inc_x_i = 1.000000, inc_y_i = 1.000000
En el else......

----------------------------------------
x = 56.000000, y = 175.000000
avance = -431.000000, avanceR = 2.000000, avanceI = 2.000000
inc_x_r = 0.000000, inc_y_r = 1.000000, inc_x_i = 1.000000, inc_y_i = 1.000000
En el else......

----------------------------------------
x = 56.000000, y = 176.000000
avance = -429.000000, avanceR = 2.000000, avanceI = 2.000000
inc_x_r = 0.000000, inc_y_r = 1.000000, inc_x_i = 1.000000, inc_y_i = 1.000000
En el else......

----------------------------------------
x = 56.000000, y = 177.000000
avance = -427.000000, avanceR = 2.000000, avanceI = 2.000000
inc_x_r = 0.000000, inc_y_r = 1.000000, inc_x_i = 1.000000, inc_y_i = 1.000000
En el else......

----------------------------------------
x = 56.000000, y = 178.000000
avance = -425.000000, avanceR = 2.000000, avanceI = 2.000000
inc_x_r = 0.000000, inc_y_r = 1.000000, inc_x_i = 1.000000, inc_y_i = 1.000000
En el else......

----------------------------------------
x = 56.000000, y = 179.000000
avance = -423.000000, avanceR = 2.000000, avanceI = 2.000000
inc_x_r = 0.000000, inc_y_r = 1.000000, inc_x_i = 1.000000, inc_y_i = 1.000000
En el else......

----------------------------------------
x = 56.000000, y = 180.000000
avance = -421.000000, avanceR = 2.000000, avanceI = 2.000000
inc_x_r = 0.000000, inc_y_r = 1.000000, inc_x_i = 1.000000, inc_y_i = 1.000000
En el else......

----------------------------------------
x = 56.000000, y = 181.000000
avance = -419.000000, avanceR = 2.000000, avanceI = 2.000000
inc_x_r = 0.000000, inc_y_r = 1.000000, inc_x_i = 1.000000, inc_y_i = 1.000000
En el else......

----------------------------------------
x = 56.000000, y = 182.000000
avance = -417.000000, avanceR = 2.000000, avanceI = 2.000000
inc_x_r = 0.000000, inc_y_r = 1.000000, inc_x_i = 1.000000, inc_y_i = 1.000000
En el else......

----------------------------------------
x = 56.000000, y = 183.000000
avance = -415.000000, avanceR = 2.000000, avanceI = 2.000000
inc_x_r = 0.000000, inc_y_r = 1.000000, inc_x_i = 1.000000, inc_y_i = 1.000000
En el else......

----------------------------------------
x = 56.000000, y = 184.000000
avance = -413.000000, avanceR = 2.000000, avanceI = 2.000000
inc_x_r = 0.000000, inc_y_r = 1.000000, inc_x_i = 1.000000, inc_y_i = 1.000000
En el else......

----------------------------------------
x = 56.000000, y = 185.000000
avance = -411.000000, avanceR = 2.000000, avanceI = 2.000000
inc_x_r = 0.000000, inc_y_r = 1.000000, inc_x_i = 1.000000, inc_y_i = 1.000000
En el else......

----------------------------------------
x = 56.000000, y = 186.000000
avance = -409.000000, avanceR = 2.000000, avanceI = 2.000000
inc_x_r = 0.000000, inc_y_r = 1.000000, inc_x_i = 1.000000, inc_y_i = 1.000000
En el else......

----------------------------------------
x = 56.000000, y = 187.000000
avance = -407.000000, avanceR = 2.000000, avanceI = 2.000000
inc_x_r = 0.000000, inc_y_r = 1.000000, inc_x_i = 1.000000, inc_y_i = 1.000000
En el else......

----------------------------------------
x = 56.000000, y = 188.000000
avance = -405.000000, avanceR = 2.000000, avanceI = 2.000000
inc_x_r = 0.000000, inc_y_r = 1.000000, inc_x_i = 1.000000, inc_y_i = 1.000000
En el else......

----------------------------------------
x = 56.000000, y = 189.000000
avance = -403.000000, avanceR = 2.000000, avanceI = 2.000000
inc_x_r = 0.000000, inc_y_r = 1.000000, inc_x_i = 1.000000, inc_y_i = 1.000000
En el else......

----------------------------------------
x = 56.000000, y = 190.000000
avance = -401.000000, avanceR = 2.000000, avanceI = 2.000000
inc_x_r = 0.000000, inc_y_r = 1.000000, inc_x_i = 1.000000, inc_y_i = 1.000000
En el else......

----------------------------------------
x = 56.000000, y = 191.000000
avance = -399.000000, avanceR = 2.000000, avanceI = 2.000000
inc_x_r = 0.000000, inc_y_r = 1.000000, inc_x_i = 1.000000, inc_y_i = 1.000000
En el else......

----------------------------------------
x = 56.000000, y = 192.000000
avance = -397.000000, avanceR = 2.000000, avanceI = 2.000000
inc_x_r = 0.000000, inc_y_r = 1.000000, inc_x_i = 1.000000, inc_y_i = 1.000000
En el else......

----------------------------------------
x = 56.000000, y = 193.000000
avance = -395.000000, avanceR = 2.000000, avanceI = 2.000000
inc_x_r = 0.000000, inc_y_r = 1.000000, inc_x_i = 1.000000, inc_y_i = 1.000000
En el else......

----------------------------------------
x = 56.000000, y = 194.000000
avance = -393.000000, avanceR = 2.000000, avanceI = 2.000000
inc_x_r = 0.000000, inc_y_r = 1.000000, inc_x_i = 1.000000, inc_y_i = 1.000000
En el else......

----------------------------------------
x = 56.000000, y = 195.000000
avance = -391.000000, avanceR = 2.000000, avanceI = 2.000000
inc_x_r = 0.000000, inc_y_r = 1.000000, inc_x_i = 1.000000, inc_y_i = 1.000000
En el else......

----------------------------------------
x = 56.000000, y = 196.000000
avance = -389.000000, avanceR = 2.000000, avanceI = 2.000000
inc_x_r = 0.000000, inc_y_r = 1.000000, inc_x_i = 1.000000, inc_y_i = 1.000000
En el else......

----------------------------------------
x = 56.000000, y = 197.000000
avance = -387.000000, avanceR = 2.000000, avanceI = 2.000000
inc_x_r = 0.000000, inc_y_r = 1.000000, inc_x_i = 1.000000, inc_y_i = 1.000000
En el else......

----------------------------------------
x = 56.000000, y = 198.000000
avance = -385.000000, avanceR = 2.000000, avanceI = 2.000000
inc_x_r = 0.000000, inc_y_r = 1.000000, inc_x_i = 1.000000, inc_y_i = 1.000000
En el else......

----------------------------------------
x = 56.000000, y = 199.000000
avance = -383.000000, avanceR = 2.000000, avanceI = 2.000000
inc_x_r = 0.000000, inc_y_r = 1.000000, inc_x_i = 1.000000, inc_y_i = 1.000000
En el else......

----------------------------------------
x = 56.000000, y = 200.000000
avance = -381.000000, avanceR = 2.000000, avanceI = 2.000000
inc_x_r = 0.000000, inc_y_r = 1.000000, inc_x_i = 1.000000, inc_y_i = 1.000000
En el else......

----------------------------------------
x = 56.000000, y = 201.000000
avance = -379.000000, avanceR = 2.000000, avanceI = 2.000000
inc_x_r = 0.000000, inc_y_r = 1.000000, inc_x_i = 1.000000, inc_y_i = 1.000000
En el else......

----------------------------------------
x = 56.000000, y = 202.000000
avance = -377.000000, avanceR = 2.000000, avanceI = 2.000000
inc_x_r = 0.000000, inc_y_r = 1.000000, inc_x_i = 1.000000, inc_y_i = 1.000000
En el else......

----------------------------------------
x = 56.000000, y = 203.000000
avance = -375.000000, avanceR = 2.000000, avanceI = 2.000000
inc_x_r = 0.000000, inc_y_r = 1.000000, inc_x_i = 1.000000, inc_y_i = 1.000000
En el else......

----------------------------------------
x = 56.000000, y = 204.000000
avance = -373.000000, avanceR = 2.000000, avanceI = 2.000000
inc_x_r = 0.000000, inc_y_r = 1.000000, inc_x_i = 1.000000, inc_y_i = 1.000000
En el else......

----------------------------------------
x = 56.000000, y = 205.000000
avance = -371.000000, avanceR = 2.000000, avanceI = 2.000000
inc_x_r = 0.000000, inc_y_r = 1.000000, inc_x_i = 1.000000, inc_y_i = 1.000000
En el else......

----------------------------------------
x = 56.000000, y = 206.000000
avance = -369.000000, avanceR = 2.000000, avanceI = 2.000000
inc_x_r = 0.000000, inc_y_r = 1.000000, inc_x_i = 1.000000, inc_y_i = 1.000000
En el else......

----------------------------------------
x = 56.000000, y = 207.000000
avance = -367.000000, avanceR = 2.000000, avanceI = 2.000000
inc_x_r = 0.000000, inc_y_r = 1.000000, inc_x_i = 1.000000, inc_y_i = 1.000000
En el else......

----------------------------------------
x = 56.000000, y = 208.000000
avance = -365.000000, avanceR = 2.000000, avanceI = 2.000000
inc_x_r = 0.000000, inc_y_r = 1.000000, inc_x_i = 1.000000, inc_y_i = 1.000000
En el else......

----------------------------------------
x = 56.000000, y = 209.000000
avance = -363.000000, avanceR = 2.000000, avanceI = 2.000000
inc_x_r = 0.000000, inc_y_r = 1.000000, inc_x_i = 1.000000, inc_y_i = 1.000000
En el else......

----------------------------------------
x = 56.000000, y = 210.000000
avance = -361.000000, avanceR = 2.000000, avanceI = 2.000000
inc_x_r = 0.000000, inc_y_r = 1.000000, inc_x_i = 1.000000, inc_y_i = 1.000000
En el else......

----------------------------------------
x = 56.000000, y = 211.000000
avance = -359.000000, avanceR = 2.000000, avanceI = 2.000000
inc_x_r = 0.000000, inc_y_r = 1.000000, inc_x_i = 1.000000, inc_y_i = 1.000000
En el else......

----------------------------------------
x = 56.000000, y = 212.000000
avance = -357.000000, avanceR = 2.000000, avanceI = 2.000000
inc_x_r = 0.000000, inc_y_r = 1.000000, inc_x_i = 1.000000, inc_y_i = 1.000000
En el else......

----------------------------------------
x = 56.000000, y = 213.000000
avance = -355.000000, avanceR = 2.000000, avanceI = 2.000000
inc_x_r = 0.000000, inc_y_r = 1.000000, inc_x_i = 1.000000, inc_y_i = 1.000000
En el else......

----------------------------------------
x = 56.000000, y = 214.000000
avance = -353.000000, avanceR = 2.000000, avanceI = 2.000000
inc_x_r = 0.000000, inc_y_r = 1.000000, inc_x_i = 1.000000, inc_y_i = 1.000000
En el else......

----------------------------------------
x = 56.000000, y = 215.000000
avance = -351.000000, avanceR = 2.000000, avanceI = 2.000000
inc_x_r = 0.000000, inc_y_r = 1.000000, inc_x_i = 1.000000, inc_y_i = 1.000000
En el else......

----------------------------------------
x = 56.000000, y = 216.000000
avance = -349.000000, avanceR = 2.000000, avanceI = 2.000000
inc_x_r = 0.000000, inc_y_r = 1.000000, inc_x_i = 1.000000, inc_y_i = 1.000000
En el else......

----------------------------------------
x = 56.000000, y = 217.000000
avance = -347.000000, avanceR = 2.000000, avanceI = 2.000000
inc_x_r = 0.000000, inc_y_r = 1.000000, inc_x_i = 1.000000, inc_y_i = 1.000000
En el else......

----------------------------------------
x = 56.000000, y = 218.000000
avance = -345.000000, avanceR = 2.000000, avanceI = 2.000000
inc_x_r = 0.000000, inc_y_r = 1.000000, inc_x_i = 1.000000, inc_y_i = 1.000000
En el else......

----------------------------------------
x = 56.000000, y = 219.000000
avance = -343.000000, avanceR = 2.000000, avanceI = 2.000000
inc_x_r = 0.000000, inc_y_r = 1.000000, inc_x_i = 1.000000, inc_y_i = 1.000000
En el else......

----------------------------------------
x = 56.000000, y = 220.000000
avance = -341.000000, avanceR = 2.000000, avanceI = 2.000000
inc_x_r = 0.000000, inc_y_r = 1.000000, inc_x_i = 1.000000, inc_y_i = 1.000000
En el else......

----------------------------------------
x = 56.000000, y = 221.000000
avance = -339.000000, avanceR = 2.000000, avanceI = 2.000000
inc_x_r = 0.000000, inc_y_r = 1.000000, inc_x_i = 1.000000, inc_y_i = 1.000000
En el else......

----------------------------------------
x = 56.000000, y = 222.000000
avance = -337.000000, avanceR = 2.000000, avanceI = 2.000000
inc_x_r = 0.000000, inc_y_r = 1.000000, inc_x_i = 1.000000, inc_y_i = 1.000000
En el else......

----------------------------------------
x = 56.000000, y = 223.000000
avance = -335.000000, avanceR = 2.000000, avanceI = 2.000000
inc_x_r = 0.000000, inc_y_r = 1.000000, inc_x_i = 1.000000, inc_y_i = 1.000000
En el else......

----------------------------------------
x = 56.000000, y = 224.000000
avance = -333.000000, avanceR = 2.000000, avanceI = 2.000000
inc_x_r = 0.000000, inc_y_r = 1.000000, inc_x_i = 1.000000, inc_y_i = 1.000000
En el else......

----------------------------------------
x = 56.000000, y = 225.000000
avance = -331.000000, avanceR = 2.000000, avanceI = 2.000000
inc_x_r = 0.000000, inc_y_r = 1.000000, inc_x_i = 1.000000, inc_y_i = 1.000000
En el else......

----------------------------------------
x = 56.000000, y = 226.000000
avance = -329.000000, avanceR = 2.000000, avanceI = 2.000000
inc_x_r = 0.000000, inc_y_r = 1.000000, inc_x_i = 1.000000, inc_y_i = 1.000000
En el else......

----------------------------------------
x = 56.000000, y = 227.000000
avance = -327.000000, avanceR = 2.000000, avanceI = 2.000000
inc_x_r = 0.000000, inc_y_r = 1.000000, inc_x_i = 1.000000, inc_y_i = 1.000000
En el else......

----------------------------------------
x = 56.000000, y = 228.000000
avance = -325.000000, avanceR = 2.000000, avanceI = 2.000000
inc_x_r = 0.000000, inc_y_r = 1.000000, inc_x_i = 1.000000, inc_y_i = 1.000000
En el else......

----------------------------------------
x = 56.000000, y = 229.000000
avance = -323.000000, avanceR = 2.000000, avanceI = 2.000000
inc_x_r = 0.000000, inc_y_r = 1.000000, inc_x_i = 1.000000, inc_y_i = 1.000000
En el else......

----------------------------------------
x = 56.000000, y = 230.000000
avance = -321.000000, avanceR = 2.000000, avanceI = 2.000000
inc_x_r = 0.000000, inc_y_r = 1.000000, inc_x_i = 1.000000, inc_y_i = 1.000000
En el else......

----------------------------------------
x = 56.000000, y = 231.000000
avance = -319.000000, avanceR = 2.000000, avanceI = 2.000000
inc_x_r = 0.000000, inc_y_r = 1.000000, inc_x_i = 1.000000, inc_y_i = 1.000000
En el else......

----------------------------------------
x = 56.000000, y = 232.000000
avance = -317.000000, avanceR = 2.000000, avanceI = 2.000000
inc_x_r = 0.000000, inc_y_r = 1.000000, inc_x_i = 1.000000, inc_y_i = 1.000000
En el else......

----------------------------------------
x = 56.000000, y = 233.000000
avance = -315.000000, avanceR = 2.000000, avanceI = 2.000000
inc_x_r = 0.000000, inc_y_r = 1.000000, inc_x_i = 1.000000, inc_y_i = 1.000000
En el else......

----------------------------------------
x = 56.000000, y = 234.000000
avance = -313.000000, avanceR = 2.000000, avanceI = 2.000000
inc_x_r = 0.000000, inc_y_r = 1.000000, inc_x_i = 1.000000, inc_y_i = 1.000000
En el else......

----------------------------------------
x = 56.000000, y = 235.000000
avance = -311.000000, avanceR = 2.000000, avanceI = 2.000000
inc_x_r = 0.000000, inc_y_r = 1.000000, inc_x_i = 1.000000, inc_y_i = 1.000000
En el else......

----------------------------------------
x = 56.000000, y = 236.000000
avance = -309.000000, avanceR = 2.000000, avanceI = 2.000000
inc_x_r = 0.000000, inc_y_r = 1.000000, inc_x_i = 1.000000, inc_y_i = 1.000000
En el else......

----------------------------------------
x = 56.000000, y = 237.000000
avance = -307.000000, avanceR = 2.000000, avanceI = 2.000000
inc_x_r = 0.000000, inc_y_r = 1.000000, inc_x_i = 1.000000, inc_y_i = 1.000000
En el else......

----------------------------------------
x = 56.000000, y = 238.000000
avance = -305.000000, avanceR = 2.000000, avanceI = 2.000000
inc_x_r = 0.000000, inc_y_r = 1.000000, inc_x_i = 1.000000, inc_y_i = 1.000000
En el else......

----------------------------------------
x = 56.000000, y = 239.000000
avance = -303.000000, avanceR = 2.000000, avanceI = 2.000000
inc_x_r = 0.000000, inc_y_r = 1.000000, inc_x_i = 1.000000, inc_y_i = 1.000000
En el else......

----------------------------------------
x = 56.000000, y = 240.000000
avance = -301.000000, avanceR = 2.000000, avanceI = 2.000000
inc_x_r = 0.000000, inc_y_r = 1.000000, inc_x_i = 1.000000, inc_y_i = 1.000000
En el else......

----------------------------------------
x = 56.000000, y = 241.000000
avance = -299.000000, avanceR = 2.000000, avanceI = 2.000000
inc_x_r = 0.000000, inc_y_r = 1.000000, inc_x_i = 1.000000, inc_y_i = 1.000000
En el else......

----------------------------------------
x = 56.000000, y = 242.000000
avance = -297.000000, avanceR = 2.000000, avanceI = 2.000000
inc_x_r = 0.000000, inc_y_r = 1.000000, inc_x_i = 1.000000, inc_y_i = 1.000000
En el else......

----------------------------------------
x = 56.000000, y = 243.000000
avance = -295.000000, avanceR = 2.000000, avanceI = 2.000000
inc_x_r = 0.000000, inc_y_r = 1.000000, inc_x_i = 1.000000, inc_y_i = 1.000000
En el else......

----------------------------------------
x = 56.000000, y = 244.000000
avance = -293.000000, avanceR = 2.000000, avanceI = 2.000000
inc_x_r = 0.000000, inc_y_r = 1.000000, inc_x_i = 1.000000, inc_y_i = 1.000000
En el else......

----------------------------------------
x = 56.000000, y = 245.000000
avance = -291.000000, avanceR = 2.000000, avanceI = 2.000000
inc_x_r = 0.000000, inc_y_r = 1.000000, inc_x_i = 1.000000, inc_y_i = 1.000000
En el else......

----------------------------------------
x = 56.000000, y = 246.000000
avance = -289.000000, avanceR = 2.000000, avanceI = 2.000000
inc_x_r = 0.000000, inc_y_r = 1.000000, inc_x_i = 1.000000, inc_y_i = 1.000000
En el else......

----------------------------------------
x = 56.000000, y = 247.000000
avance = -287.000000, avanceR = 2.000000, avanceI = 2.000000
inc_x_r = 0.000000, inc_y_r = 1.000000, inc_x_i = 1.000000, inc_y_i = 1.000000
En el else......

----------------------------------------
x = 56.000000, y = 248.000000
avance = -285.000000, avanceR = 2.000000, avanceI = 2.000000
inc_x_r = 0.000000, inc_y_r = 1.000000, inc_x_i = 1.000000, inc_y_i = 1.000000
En el else......

----------------------------------------
x = 56.000000, y = 249.000000
avance = -283.000000, avanceR = 2.000000, avanceI = 2.000000
inc_x_r = 0.000000, inc_y_r = 1.000000, inc_x_i = 1.000000, inc_y_i = 1.000000
En el else......

----------------------------------------
x = 56.000000, y = 250.000000
avance = -281.000000, avanceR = 2.000000, avanceI = 2.000000
inc_x_r = 0.000000, inc_y_r = 1.000000, inc_x_i = 1.000000, inc_y_i = 1.000000
En el else......

----------------------------------------
x = 56.000000, y = 251.000000
avance = -279.000000, avanceR = 2.000000, avanceI = 2.000000
inc_x_r = 0.000000, inc_y_r = 1.000000, inc_x_i = 1.000000, inc_y_i = 1.000000
En el else......

----------------------------------------
x = 56.000000, y = 252.000000
avance = -277.000000, avanceR = 2.000000, avanceI = 2.000000
inc_x_r = 0.000000, inc_y_r = 1.000000, inc_x_i = 1.000000, inc_y_i = 1.000000
En el else......

----------------------------------------
x = 56.000000, y = 253.000000
avance = -275.000000, avanceR = 2.000000, avanceI = 2.000000
inc_x_r = 0.000000, inc_y_r = 1.000000, inc_x_i = 1.000000, inc_y_i = 1.000000
En el else......

----------------------------------------
x = 56.000000, y = 254.000000
avance = -273.000000, avanceR = 2.000000, avanceI = 2.000000
inc_x_r = 0.000000, inc_y_r = 1.000000, inc_x_i = 1.000000, inc_y_i = 1.000000
En el else......

----------------------------------------
x = 56.000000, y = 255.000000
avance = -271.000000, avanceR = 2.000000, avanceI = 2.000000
inc_x_r = 0.000000, inc_y_r = 1.000000, inc_x_i = 1.000000, inc_y_i = 1.000000
En el else......

----------------------------------------
x = 56.000000, y = 256.000000
avance = -269.000000, avanceR = 2.000000, avanceI = 2.000000
inc_x_r = 0.000000, inc_y_r = 1.000000, inc_x_i = 1.000000, inc_y_i = 1.000000
En el else......

----------------------------------------
x = 56.000000, y = 257.000000
avance = -267.000000, avanceR = 2.000000, avanceI = 2.000000
inc_x_r = 0.000000, inc_y_r = 1.000000, inc_x_i = 1.000000, inc_y_i = 1.000000
En el else......

----------------------------------------
x = 56.000000, y = 258.000000
avance = -265.000000, avanceR = 2.000000, avanceI = 2.000000
inc_x_r = 0.000000, inc_y_r = 1.000000, inc_x_i = 1.000000, inc_y_i = 1.000000
En el else......

----------------------------------------
x = 56.000000, y = 259.000000
avance = -263.000000, avanceR = 2.000000, avanceI = 2.000000
inc_x_r = 0.000000, inc_y_r = 1.000000, inc_x_i = 1.000000, inc_y_i = 1.000000
En el else......

----------------------------------------
x = 56.000000, y = 260.000000
avance = -261.000000, avanceR = 2.000000, avanceI = 2.000000
inc_x_r = 0.000000, inc_y_r = 1.000000, inc_x_i = 1.000000, inc_y_i = 1.000000
En el else......

----------------------------------------
x = 56.000000, y = 261.000000
avance = -259.000000, avanceR = 2.000000, avanceI = 2.000000
inc_x_r = 0.000000, inc_y_r = 1.000000, inc_x_i = 1.000000, inc_y_i = 1.000000
En el else......

----------------------------------------
x = 56.000000, y = 262.000000
avance = -257.000000, avanceR = 2.000000, avanceI = 2.000000
inc_x_r = 0.000000, inc_y_r = 1.000000, inc_x_i = 1.000000, inc_y_i = 1.000000
En el else......

----------------------------------------
x = 56.000000, y = 263.000000
avance = -255.000000, avanceR = 2.000000, avanceI = 2.000000
inc_x_r = 0.000000, inc_y_r = 1.000000, inc_x_i = 1.000000, inc_y_i = 1.000000
En el else......

----------------------------------------
x = 56.000000, y = 264.000000
avance = -253.000000, avanceR = 2.000000, avanceI = 2.000000
inc_x_r = 0.000000, inc_y_r = 1.000000, inc_x_i = 1.000000, inc_y_i = 1.000000
En el else......

----------------------------------------
x = 56.000000, y = 265.000000
avance = -251.000000, avanceR = 2.000000, avanceI = 2.000000
inc_x_r = 0.000000, inc_y_r = 1.000000, inc_x_i = 1.000000, inc_y_i = 1.000000
En el else......

----------------------------------------


ENTRAMOS A BRESENHAMªªªª
x1 = 55.000000 - y1 = 15.000000 || x2 = 56.000000 - y2 = 266.000000
dy = 251.000000, dx = 1.000000
avances inclinados: inc_x_i = 1.000000, inc_y_i = 1.000000
updated: dy = 251.000000, dx = 1.000000
avances rectos: inc_x_r = 0.000000, inc_y_r 1.000000
reupdated: dy = 1.000000, dx = 251.000000
avanceR = 2.000000, avance -249.000000, avanceI 2.000000
----------------------------------------
x = 55.000000, y = 15.000000
avance = -249.000000, avanceR = 2.000000, avanceI = 2.000000
inc_x_r = 0.000000, inc_y_r = 1.000000, inc_x_i = 1.000000, inc_y_i = 1.000000
En el else......

----------------------------------------
x = 55.000000, y = 16.000000
avance = -247.000000, avanceR = 2.000000, avanceI = 2.000000
inc_x_r = 0.000000, inc_y_r = 1.000000, inc_x_i = 1.000000, inc_y_i = 1.000000
En el else......

----------------------------------------
x = 55.000000, y = 17.000000
avance = -245.000000, avanceR = 2.000000, avanceI = 2.000000
inc_x_r = 0.000000, inc_y_r = 1.000000, inc_x_i = 1.000000, inc_y_i = 1.000000
En el else......

----------------------------------------
x = 55.000000, y = 18.000000
avance = -243.000000, avanceR = 2.000000, avanceI = 2.000000
inc_x_r = 0.000000, inc_y_r = 1.000000, inc_x_i = 1.000000, inc_y_i = 1.000000
En el else......

----------------------------------------
x = 55.000000, y = 19.000000
avance = -241.000000, avanceR = 2.000000, avanceI = 2.000000
inc_x_r = 0.000000, inc_y_r = 1.000000, inc_x_i = 1.000000, inc_y_i = 1.000000
En el else......

----------------------------------------
x = 55.000000, y = 20.000000
avance = -239.000000, avanceR = 2.000000, avanceI = 2.000000
inc_x_r = 0.000000, inc_y_r = 1.000000, inc_x_i = 1.000000, inc_y_i = 1.000000
En el else......

----------------------------------------
x = 55.000000, y = 21.000000
avance = -237.000000, avanceR = 2.000000, avanceI = 2.000000
inc_x_r = 0.000000, inc_y_r = 1.000000, inc_x_i = 1.000000, inc_y_i = 1.000000
En el else......

----------------------------------------
x = 55.000000, y = 22.000000
avance = -235.000000, avanceR = 2.000000, avanceI = 2.000000
inc_x_r = 0.000000, inc_y_r = 1.000000, inc_x_i = 1.000000, inc_y_i = 1.000000
En el else......

----------------------------------------
x = 55.000000, y = 23.000000
avance = -233.000000, avanceR = 2.000000, avanceI = 2.000000
inc_x_r = 0.000000, inc_y_r = 1.000000, inc_x_i = 1.000000, inc_y_i = 1.000000
En el else......

----------------------------------------
x = 55.000000, y = 24.000000
avance = -231.000000, avanceR = 2.000000, avanceI = 2.000000
inc_x_r = 0.000000, inc_y_r = 1.000000, inc_x_i = 1.000000, inc_y_i = 1.000000
En el else......

----------------------------------------
x = 55.000000, y = 25.000000
avance = -229.000000, avanceR = 2.000000, avanceI = 2.000000
inc_x_r = 0.000000, inc_y_r = 1.000000, inc_x_i = 1.000000, inc_y_i = 1.000000
En el else......

----------------------------------------
x = 55.000000, y = 26.000000
avance = -227.000000, avanceR = 2.000000, avanceI = 2.000000
inc_x_r = 0.000000, inc_y_r = 1.000000, inc_x_i = 1.000000, inc_y_i = 1.000000
En el else......

----------------------------------------
x = 55.000000, y = 27.000000
avance = -225.000000, avanceR = 2.000000, avanceI = 2.000000
inc_x_r = 0.000000, inc_y_r = 1.000000, inc_x_i = 1.000000, inc_y_i = 1.000000
En el else......

----------------------------------------
x = 55.000000, y = 28.000000
avance = -223.000000, avanceR = 2.000000, avanceI = 2.000000
inc_x_r = 0.000000, inc_y_r = 1.000000, inc_x_i = 1.000000, inc_y_i = 1.000000
En el else......

----------------------------------------
x = 55.000000, y = 29.000000
avance = -221.000000, avanceR = 2.000000, avanceI = 2.000000
inc_x_r = 0.000000, inc_y_r = 1.000000, inc_x_i = 1.000000, inc_y_i = 1.000000
En el else......

----------------------------------------
x = 55.000000, y = 30.000000
avance = -219.000000, avanceR = 2.000000, avanceI = 2.000000
inc_x_r = 0.000000, inc_y_r = 1.000000, inc_x_i = 1.000000, inc_y_i = 1.000000
En el else......

----------------------------------------
x = 55.000000, y = 31.000000
avance = -217.000000, avanceR = 2.000000, avanceI = 2.000000
inc_x_r = 0.000000, inc_y_r = 1.000000, inc_x_i = 1.000000, inc_y_i = 1.000000
En el else......

----------------------------------------
x = 55.000000, y = 32.000000
avance = -215.000000, avanceR = 2.000000, avanceI = 2.000000
inc_x_r = 0.000000, inc_y_r = 1.000000, inc_x_i = 1.000000, inc_y_i = 1.000000
En el else......

----------------------------------------
x = 55.000000, y = 33.000000
avance = -213.000000, avanceR = 2.000000, avanceI = 2.000000
inc_x_r = 0.000000, inc_y_r = 1.000000, inc_x_i = 1.000000, inc_y_i = 1.000000
En el else......

----------------------------------------
x = 55.000000, y = 34.000000
avance = -211.000000, avanceR = 2.000000, avanceI = 2.000000
inc_x_r = 0.000000, inc_y_r = 1.000000, inc_x_i = 1.000000, inc_y_i = 1.000000
En el else......

----------------------------------------
x = 55.000000, y = 35.000000
avance = -209.000000, avanceR = 2.000000, avanceI = 2.000000
inc_x_r = 0.000000, inc_y_r = 1.000000, inc_x_i = 1.000000, inc_y_i = 1.000000
En el else......

----------------------------------------
x = 55.000000, y = 36.000000
avance = -207.000000, avanceR = 2.000000, avanceI = 2.000000
inc_x_r = 0.000000, inc_y_r = 1.000000, inc_x_i = 1.000000, inc_y_i = 1.000000
En el else......

----------------------------------------
x = 55.000000, y = 37.000000
avance = -205.000000, avanceR = 2.000000, avanceI = 2.000000
inc_x_r = 0.000000, inc_y_r = 1.000000, inc_x_i = 1.000000, inc_y_i = 1.000000
En el else......

----------------------------------------
x = 55.000000, y = 38.000000
avance = -203.000000, avanceR = 2.000000, avanceI = 2.000000
inc_x_r = 0.000000, inc_y_r = 1.000000, inc_x_i = 1.000000, inc_y_i = 1.000000
En el else......

----------------------------------------
x = 55.000000, y = 39.000000
avance = -201.000000, avanceR = 2.000000, avanceI = 2.000000
inc_x_r = 0.000000, inc_y_r = 1.000000, inc_x_i = 1.000000, inc_y_i = 1.000000
En el else......

----------------------------------------
x = 55.000000, y = 40.000000
avance = -199.000000, avanceR = 2.000000, avanceI = 2.000000
inc_x_r = 0.000000, inc_y_r = 1.000000, inc_x_i = 1.000000, inc_y_i = 1.000000
En el else......

----------------------------------------
x = 55.000000, y = 41.000000
avance = -197.000000, avanceR = 2.000000, avanceI = 2.000000
inc_x_r = 0.000000, inc_y_r = 1.000000, inc_x_i = 1.000000, inc_y_i = 1.000000
En el else......

----------------------------------------
x = 55.000000, y = 42.000000
avance = -195.000000, avanceR = 2.000000, avanceI = 2.000000
inc_x_r = 0.000000, inc_y_r = 1.000000, inc_x_i = 1.000000, inc_y_i = 1.000000
En el else......

----------------------------------------
x = 55.000000, y = 43.000000
avance = -193.000000, avanceR = 2.000000, avanceI = 2.000000
inc_x_r = 0.000000, inc_y_r = 1.000000, inc_x_i = 1.000000, inc_y_i = 1.000000
En el else......

----------------------------------------
x = 55.000000, y = 44.000000
avance = -191.000000, avanceR = 2.000000, avanceI = 2.000000
inc_x_r = 0.000000, inc_y_r = 1.000000, inc_x_i = 1.000000, inc_y_i = 1.000000
En el else......

----------------------------------------
x = 55.000000, y = 45.000000
avance = -189.000000, avanceR = 2.000000, avanceI = 2.000000
inc_x_r = 0.000000, inc_y_r = 1.000000, inc_x_i = 1.000000, inc_y_i = 1.000000
En el else......

----------------------------------------
x = 55.000000, y = 46.000000
avance = -187.000000, avanceR = 2.000000, avanceI = 2.000000
inc_x_r = 0.000000, inc_y_r = 1.000000, inc_x_i = 1.000000, inc_y_i = 1.000000
En el else......

----------------------------------------
x = 55.000000, y = 47.000000
avance = -185.000000, avanceR = 2.000000, avanceI = 2.000000
inc_x_r = 0.000000, inc_y_r = 1.000000, inc_x_i = 1.000000, inc_y_i = 1.000000
En el else......

----------------------------------------
x = 55.000000, y = 48.000000
avance = -183.000000, avanceR = 2.000000, avanceI = 2.000000
inc_x_r = 0.000000, inc_y_r = 1.000000, inc_x_i = 1.000000, inc_y_i = 1.000000
En el else......

----------------------------------------
x = 55.000000, y = 49.000000
avance = -181.000000, avanceR = 2.000000, avanceI = 2.000000
inc_x_r = 0.000000, inc_y_r = 1.000000, inc_x_i = 1.000000, inc_y_i = 1.000000
En el else......

----------------------------------------
x = 55.000000, y = 50.000000
avance = -179.000000, avanceR = 2.000000, avanceI = 2.000000
inc_x_r = 0.000000, inc_y_r = 1.000000, inc_x_i = 1.000000, inc_y_i = 1.000000
En el else......

----------------------------------------
x = 55.000000, y = 51.000000
avance = -177.000000, avanceR = 2.000000, avanceI = 2.000000
inc_x_r = 0.000000, inc_y_r = 1.000000, inc_x_i = 1.000000, inc_y_i = 1.000000
En el else......

----------------------------------------
x = 55.000000, y = 52.000000
avance = -175.000000, avanceR = 2.000000, avanceI = 2.000000
inc_x_r = 0.000000, inc_y_r = 1.000000, inc_x_i = 1.000000, inc_y_i = 1.000000
En el else......

----------------------------------------
x = 55.000000, y = 53.000000
avance = -173.000000, avanceR = 2.000000, avanceI = 2.000000
inc_x_r = 0.000000, inc_y_r = 1.000000, inc_x_i = 1.000000, inc_y_i = 1.000000
En el else......

----------------------------------------
x = 55.000000, y = 54.000000
avance = -171.000000, avanceR = 2.000000, avanceI = 2.000000
inc_x_r = 0.000000, inc_y_r = 1.000000, inc_x_i = 1.000000, inc_y_i = 1.000000
En el else......

----------------------------------------
x = 55.000000, y = 55.000000
avance = -169.000000, avanceR = 2.000000, avanceI = 2.000000
inc_x_r = 0.000000, inc_y_r = 1.000000, inc_x_i = 1.000000, inc_y_i = 1.000000
En el else......

----------------------------------------
x = 55.000000, y = 56.000000
avance = -167.000000, avanceR = 2.000000, avanceI = 2.000000
inc_x_r = 0.000000, inc_y_r = 1.000000, inc_x_i = 1.000000, inc_y_i = 1.000000
En el else......

----------------------------------------
x = 55.000000, y = 57.000000
avance = -165.000000, avanceR = 2.000000, avanceI = 2.000000
inc_x_r = 0.000000, inc_y_r = 1.000000, inc_x_i = 1.000000, inc_y_i = 1.000000
En el else......

----------------------------------------
x = 55.000000, y = 58.000000
avance = -163.000000, avanceR = 2.000000, avanceI = 2.000000
inc_x_r = 0.000000, inc_y_r = 1.000000, inc_x_i = 1.000000, inc_y_i = 1.000000
En el else......

----------------------------------------
x = 55.000000, y = 59.000000
avance = -161.000000, avanceR = 2.000000, avanceI = 2.000000
inc_x_r = 0.000000, inc_y_r = 1.000000, inc_x_i = 1.000000, inc_y_i = 1.000000
En el else......

----------------------------------------
x = 55.000000, y = 60.000000
avance = -159.000000, avanceR = 2.000000, avanceI = 2.000000
inc_x_r = 0.000000, inc_y_r = 1.000000, inc_x_i = 1.000000, inc_y_i = 1.000000
En el else......

----------------------------------------
x = 55.000000, y = 61.000000
avance = -157.000000, avanceR = 2.000000, avanceI = 2.000000
inc_x_r = 0.000000, inc_y_r = 1.000000, inc_x_i = 1.000000, inc_y_i = 1.000000
En el else......

----------------------------------------
x = 55.000000, y = 62.000000
avance = -155.000000, avanceR = 2.000000, avanceI = 2.000000
inc_x_r = 0.000000, inc_y_r = 1.000000, inc_x_i = 1.000000, inc_y_i = 1.000000
En el else......

----------------------------------------
x = 55.000000, y = 63.000000
avance = -153.000000, avanceR = 2.000000, avanceI = 2.000000
inc_x_r = 0.000000, inc_y_r = 1.000000, inc_x_i = 1.000000, inc_y_i = 1.000000
En el else......

----------------------------------------
x = 55.000000, y = 64.000000
avance = -151.000000, avanceR = 2.000000, avanceI = 2.000000
inc_x_r = 0.000000, inc_y_r = 1.000000, inc_x_i = 1.000000, inc_y_i = 1.000000
En el else......

----------------------------------------
x = 55.000000, y = 65.000000
avance = -149.000000, avanceR = 2.000000, avanceI = 2.000000
inc_x_r = 0.000000, inc_y_r = 1.000000, inc_x_i = 1.000000, inc_y_i = 1.000000
En el else......

----------------------------------------
x = 55.000000, y = 66.000000
avance = -147.000000, avanceR = 2.000000, avanceI = 2.000000
inc_x_r = 0.000000, inc_y_r = 1.000000, inc_x_i = 1.000000, inc_y_i = 1.000000
En el else......

----------------------------------------
x = 55.000000, y = 67.000000
avance = -145.000000, avanceR = 2.000000, avanceI = 2.000000
inc_x_r = 0.000000, inc_y_r = 1.000000, inc_x_i = 1.000000, inc_y_i = 1.000000
En el else......

----------------------------------------
x = 55.000000, y = 68.000000
avance = -143.000000, avanceR = 2.000000, avanceI = 2.000000
inc_x_r = 0.000000, inc_y_r = 1.000000, inc_x_i = 1.000000, inc_y_i = 1.000000
En el else......

----------------------------------------
x = 55.000000, y = 69.000000
avance = -141.000000, avanceR = 2.000000, avanceI = 2.000000
inc_x_r = 0.000000, inc_y_r = 1.000000, inc_x_i = 1.000000, inc_y_i = 1.000000
En el else......

----------------------------------------
x = 55.000000, y = 70.000000
avance = -139.000000, avanceR = 2.000000, avanceI = 2.000000
inc_x_r = 0.000000, inc_y_r = 1.000000, inc_x_i = 1.000000, inc_y_i = 1.000000
En el else......

----------------------------------------
x = 55.000000, y = 71.000000
avance = -137.000000, avanceR = 2.000000, avanceI = 2.000000
inc_x_r = 0.000000, inc_y_r = 1.000000, inc_x_i = 1.000000, inc_y_i = 1.000000
En el else......

----------------------------------------
x = 55.000000, y = 72.000000
avance = -135.000000, avanceR = 2.000000, avanceI = 2.000000
inc_x_r = 0.000000, inc_y_r = 1.000000, inc_x_i = 1.000000, inc_y_i = 1.000000
En el else......

----------------------------------------
x = 55.000000, y = 73.000000
avance = -133.000000, avanceR = 2.000000, avanceI = 2.000000
inc_x_r = 0.000000, inc_y_r = 1.000000, inc_x_i = 1.000000, inc_y_i = 1.000000
En el else......

----------------------------------------
x = 55.000000, y = 74.000000
avance = -131.000000, avanceR = 2.000000, avanceI = 2.000000
inc_x_r = 0.000000, inc_y_r = 1.000000, inc_x_i = 1.000000, inc_y_i = 1.000000
En el else......

----------------------------------------
x = 55.000000, y = 75.000000
avance = -129.000000, avanceR = 2.000000, avanceI = 2.000000
inc_x_r = 0.000000, inc_y_r = 1.000000, inc_x_i = 1.000000, inc_y_i = 1.000000
En el else......

----------------------------------------
x = 55.000000, y = 76.000000
avance = -127.000000, avanceR = 2.000000, avanceI = 2.000000
inc_x_r = 0.000000, inc_y_r = 1.000000, inc_x_i = 1.000000, inc_y_i = 1.000000
En el else......

----------------------------------------
x = 55.000000, y = 77.000000
avance = -125.000000, avanceR = 2.000000, avanceI = 2.000000
inc_x_r = 0.000000, inc_y_r = 1.000000, inc_x_i = 1.000000, inc_y_i = 1.000000
En el else......

----------------------------------------
x = 55.000000, y = 78.000000
avance = -123.000000, avanceR = 2.000000, avanceI = 2.000000
inc_x_r = 0.000000, inc_y_r = 1.000000, inc_x_i = 1.000000, inc_y_i = 1.000000
En el else......

----------------------------------------
x = 55.000000, y = 79.000000
avance = -121.000000, avanceR = 2.000000, avanceI = 2.000000
inc_x_r = 0.000000, inc_y_r = 1.000000, inc_x_i = 1.000000, inc_y_i = 1.000000
En el else......

----------------------------------------
x = 55.000000, y = 80.000000
avance = -119.000000, avanceR = 2.000000, avanceI = 2.000000
inc_x_r = 0.000000, inc_y_r = 1.000000, inc_x_i = 1.000000, inc_y_i = 1.000000
En el else......

----------------------------------------
x = 55.000000, y = 81.000000
avance = -117.000000, avanceR = 2.000000, avanceI = 2.000000
inc_x_r = 0.000000, inc_y_r = 1.000000, inc_x_i = 1.000000, inc_y_i = 1.000000
En el else......

----------------------------------------
x = 55.000000, y = 82.000000
avance = -115.000000, avanceR = 2.000000, avanceI = 2.000000
inc_x_r = 0.000000, inc_y_r = 1.000000, inc_x_i = 1.000000, inc_y_i = 1.000000
En el else......

----------------------------------------
x = 55.000000, y = 83.000000
avance = -113.000000, avanceR = 2.000000, avanceI = 2.000000
inc_x_r = 0.000000, inc_y_r = 1.000000, inc_x_i = 1.000000, inc_y_i = 1.000000
En el else......

----------------------------------------
x = 55.000000, y = 84.000000
avance = -111.000000, avanceR = 2.000000, avanceI = 2.000000
inc_x_r = 0.000000, inc_y_r = 1.000000, inc_x_i = 1.000000, inc_y_i = 1.000000
En el else......

----------------------------------------
x = 55.000000, y = 85.000000
avance = -109.000000, avanceR = 2.000000, avanceI = 2.000000
inc_x_r = 0.000000, inc_y_r = 1.000000, inc_x_i = 1.000000, inc_y_i = 1.000000
En el else......

----------------------------------------
x = 55.000000, y = 86.000000
avance = -107.000000, avanceR = 2.000000, avanceI = 2.000000
inc_x_r = 0.000000, inc_y_r = 1.000000, inc_x_i = 1.000000, inc_y_i = 1.000000
En el else......

----------------------------------------
x = 55.000000, y = 87.000000
avance = -105.000000, avanceR = 2.000000, avanceI = 2.000000
inc_x_r = 0.000000, inc_y_r = 1.000000, inc_x_i = 1.000000, inc_y_i = 1.000000
En el else......

----------------------------------------
x = 55.000000, y = 88.000000
avance = -103.000000, avanceR = 2.000000, avanceI = 2.000000
inc_x_r = 0.000000, inc_y_r = 1.000000, inc_x_i = 1.000000, inc_y_i = 1.000000
En el else......

----------------------------------------
x = 55.000000, y = 89.000000
avance = -101.000000, avanceR = 2.000000, avanceI = 2.000000
inc_x_r = 0.000000, inc_y_r = 1.000000, inc_x_i = 1.000000, inc_y_i = 1.000000
En el else......

----------------------------------------
x = 55.000000, y = 90.000000
avance = -99.000000, avanceR = 2.000000, avanceI = 2.000000
inc_x_r = 0.000000, inc_y_r = 1.000000, inc_x_i = 1.000000, inc_y_i = 1.000000
En el else......

----------------------------------------
x = 55.000000, y = 91.000000
avance = -97.000000, avanceR = 2.000000, avanceI = 2.000000
inc_x_r = 0.000000, inc_y_r = 1.000000, inc_x_i = 1.000000, inc_y_i = 1.000000
En el else......

----------------------------------------
x = 55.000000, y = 92.000000
avance = -95.000000, avanceR = 2.000000, avanceI = 2.000000
inc_x_r = 0.000000, inc_y_r = 1.000000, inc_x_i = 1.000000, inc_y_i = 1.000000
En el else......

----------------------------------------
x = 55.000000, y = 93.000000
avance = -93.000000, avanceR = 2.000000, avanceI = 2.000000
inc_x_r = 0.000000, inc_y_r = 1.000000, inc_x_i = 1.000000, inc_y_i = 1.000000
En el else......

----------------------------------------
x = 55.000000, y = 94.000000
avance = -91.000000, avanceR = 2.000000, avanceI = 2.000000
inc_x_r = 0.000000, inc_y_r = 1.000000, inc_x_i = 1.000000, inc_y_i = 1.000000
En el else......

----------------------------------------
x = 55.000000, y = 95.000000
avance = -89.000000, avanceR = 2.000000, avanceI = 2.000000
inc_x_r = 0.000000, inc_y_r = 1.000000, inc_x_i = 1.000000, inc_y_i = 1.000000
En el else......

----------------------------------------
x = 55.000000, y = 96.000000
avance = -87.000000, avanceR = 2.000000, avanceI = 2.000000
inc_x_r = 0.000000, inc_y_r = 1.000000, inc_x_i = 1.000000, inc_y_i = 1.000000
En el else......

----------------------------------------
x = 55.000000, y = 97.000000
avance = -85.000000, avanceR = 2.000000, avanceI = 2.000000
inc_x_r = 0.000000, inc_y_r = 1.000000, inc_x_i = 1.000000, inc_y_i = 1.000000
En el else......

----------------------------------------
x = 55.000000, y = 98.000000
avance = -83.000000, avanceR = 2.000000, avanceI = 2.000000
inc_x_r = 0.000000, inc_y_r = 1.000000, inc_x_i = 1.000000, inc_y_i = 1.000000
En el else......

----------------------------------------
x = 55.000000, y = 99.000000
avance = -81.000000, avanceR = 2.000000, avanceI = 2.000000
inc_x_r = 0.000000, inc_y_r = 1.000000, inc_x_i = 1.000000, inc_y_i = 1.000000
En el else......

----------------------------------------
x = 55.000000, y = 100.000000
avance = -79.000000, avanceR = 2.000000, avanceI = 2.000000
inc_x_r = 0.000000, inc_y_r = 1.000000, inc_x_i = 1.000000, inc_y_i = 1.000000
En el else......

----------------------------------------
x = 55.000000, y = 101.000000
avance = -77.000000, avanceR = 2.000000, avanceI = 2.000000
inc_x_r = 0.000000, inc_y_r = 1.000000, inc_x_i = 1.000000, inc_y_i = 1.000000
En el else......

----------------------------------------
x = 55.000000, y = 102.000000
avance = -75.000000, avanceR = 2.000000, avanceI = 2.000000
inc_x_r = 0.000000, inc_y_r = 1.000000, inc_x_i = 1.000000, inc_y_i = 1.000000
En el else......

----------------------------------------
x = 55.000000, y = 103.000000
avance = -73.000000, avanceR = 2.000000, avanceI = 2.000000
inc_x_r = 0.000000, inc_y_r = 1.000000, inc_x_i = 1.000000, inc_y_i = 1.000000
En el else......

----------------------------------------
x = 55.000000, y = 104.000000
avance = -71.000000, avanceR = 2.000000, avanceI = 2.000000
inc_x_r = 0.000000, inc_y_r = 1.000000, inc_x_i = 1.000000, inc_y_i = 1.000000
En el else......

----------------------------------------
x = 55.000000, y = 105.000000
avance = -69.000000, avanceR = 2.000000, avanceI = 2.000000
inc_x_r = 0.000000, inc_y_r = 1.000000, inc_x_i = 1.000000, inc_y_i = 1.000000
En el else......

----------------------------------------
x = 55.000000, y = 106.000000
avance = -67.000000, avanceR = 2.000000, avanceI = 2.000000
inc_x_r = 0.000000, inc_y_r = 1.000000, inc_x_i = 1.000000, inc_y_i = 1.000000
En el else......

----------------------------------------
x = 55.000000, y = 107.000000
avance = -65.000000, avanceR = 2.000000, avanceI = 2.000000
inc_x_r = 0.000000, inc_y_r = 1.000000, inc_x_i = 1.000000, inc_y_i = 1.000000
En el else......

----------------------------------------
x = 55.000000, y = 108.000000
avance = -63.000000, avanceR = 2.000000, avanceI = 2.000000
inc_x_r = 0.000000, inc_y_r = 1.000000, inc_x_i = 1.000000, inc_y_i = 1.000000
En el else......

----------------------------------------
x = 55.000000, y = 109.000000
avance = -61.000000, avanceR = 2.000000, avanceI = 2.000000
inc_x_r = 0.000000, inc_y_r = 1.000000, inc_x_i = 1.000000, inc_y_i = 1.000000
En el else......

----------------------------------------
x = 55.000000, y = 110.000000
avance = -59.000000, avanceR = 2.000000, avanceI = 2.000000
inc_x_r = 0.000000, inc_y_r = 1.000000, inc_x_i = 1.000000, inc_y_i = 1.000000
En el else......

----------------------------------------
x = 55.000000, y = 111.000000
avance = -57.000000, avanceR = 2.000000, avanceI = 2.000000
inc_x_r = 0.000000, inc_y_r = 1.000000, inc_x_i = 1.000000, inc_y_i = 1.000000
En el else......

----------------------------------------
x = 55.000000, y = 112.000000
avance = -55.000000, avanceR = 2.000000, avanceI = 2.000000
inc_x_r = 0.000000, inc_y_r = 1.000000, inc_x_i = 1.000000, inc_y_i = 1.000000
En el else......

----------------------------------------
x = 55.000000, y = 113.000000
avance = -53.000000, avanceR = 2.000000, avanceI = 2.000000
inc_x_r = 0.000000, inc_y_r = 1.000000, inc_x_i = 1.000000, inc_y_i = 1.000000
En el else......

----------------------------------------
x = 55.000000, y = 114.000000
avance = -51.000000, avanceR = 2.000000, avanceI = 2.000000
inc_x_r = 0.000000, inc_y_r = 1.000000, inc_x_i = 1.000000, inc_y_i = 1.000000
En el else......

----------------------------------------
x = 55.000000, y = 115.000000
avance = -49.000000, avanceR = 2.000000, avanceI = 2.000000
inc_x_r = 0.000000, inc_y_r = 1.000000, inc_x_i = 1.000000, inc_y_i = 1.000000
En el else......

----------------------------------------
x = 55.000000, y = 116.000000
avance = -47.000000, avanceR = 2.000000, avanceI = 2.000000
inc_x_r = 0.000000, inc_y_r = 1.000000, inc_x_i = 1.000000, inc_y_i = 1.000000
En el else......

----------------------------------------
x = 55.000000, y = 117.000000
avance = -45.000000, avanceR = 2.000000, avanceI = 2.000000
inc_x_r = 0.000000, inc_y_r = 1.000000, inc_x_i = 1.000000, inc_y_i = 1.000000
En el else......

----------------------------------------
x = 55.000000, y = 118.000000
avance = -43.000000, avanceR = 2.000000, avanceI = 2.000000
inc_x_r = 0.000000, inc_y_r = 1.000000, inc_x_i = 1.000000, inc_y_i = 1.000000
En el else......

----------------------------------------
x = 55.000000, y = 119.000000
avance = -41.000000, avanceR = 2.000000, avanceI = 2.000000
inc_x_r = 0.000000, inc_y_r = 1.000000, inc_x_i = 1.000000, inc_y_i = 1.000000
En el else......

----------------------------------------
x = 55.000000, y = 120.000000
avance = -39.000000, avanceR = 2.000000, avanceI = 2.000000
inc_x_r = 0.000000, inc_y_r = 1.000000, inc_x_i = 1.000000, inc_y_i = 1.000000
En el else......

----------------------------------------
x = 55.000000, y = 121.000000
avance = -37.000000, avanceR = 2.000000, avanceI = 2.000000
inc_x_r = 0.000000, inc_y_r = 1.000000, inc_x_i = 1.000000, inc_y_i = 1.000000
En el else......

----------------------------------------
x = 55.000000, y = 122.000000
avance = -35.000000, avanceR = 2.000000, avanceI = 2.000000
inc_x_r = 0.000000, inc_y_r = 1.000000, inc_x_i = 1.000000, inc_y_i = 1.000000
En el else......

----------------------------------------
x = 55.000000, y = 123.000000
avance = -33.000000, avanceR = 2.000000, avanceI = 2.000000
inc_x_r = 0.000000, inc_y_r = 1.000000, inc_x_i = 1.000000, inc_y_i = 1.000000
En el else......

----------------------------------------
x = 55.000000, y = 124.000000
avance = -31.000000, avanceR = 2.000000, avanceI = 2.000000
inc_x_r = 0.000000, inc_y_r = 1.000000, inc_x_i = 1.000000, inc_y_i = 1.000000
En el else......

----------------------------------------
x = 55.000000, y = 125.000000
avance = -29.000000, avanceR = 2.000000, avanceI = 2.000000
inc_x_r = 0.000000, inc_y_r = 1.000000, inc_x_i = 1.000000, inc_y_i = 1.000000
En el else......

----------------------------------------
x = 55.000000, y = 126.000000
avance = -27.000000, avanceR = 2.000000, avanceI = 2.000000
inc_x_r = 0.000000, inc_y_r = 1.000000, inc_x_i = 1.000000, inc_y_i = 1.000000
En el else......

----------------------------------------
x = 55.000000, y = 127.000000
avance = -25.000000, avanceR = 2.000000, avanceI = 2.000000
inc_x_r = 0.000000, inc_y_r = 1.000000, inc_x_i = 1.000000, inc_y_i = 1.000000
En el else......

----------------------------------------
x = 55.000000, y = 128.000000
avance = -23.000000, avanceR = 2.000000, avanceI = 2.000000
inc_x_r = 0.000000, inc_y_r = 1.000000, inc_x_i = 1.000000, inc_y_i = 1.000000
En el else......

----------------------------------------
x = 55.000000, y = 129.000000
avance = -21.000000, avanceR = 2.000000, avanceI = 2.000000
inc_x_r = 0.000000, inc_y_r = 1.000000, inc_x_i = 1.000000, inc_y_i = 1.000000
En el else......

----------------------------------------
x = 55.000000, y = 130.000000
avance = -19.000000, avanceR = 2.000000, avanceI = 2.000000
inc_x_r = 0.000000, inc_y_r = 1.000000, inc_x_i = 1.000000, inc_y_i = 1.000000
En el else......

----------------------------------------
x = 55.000000, y = 131.000000
avance = -17.000000, avanceR = 2.000000, avanceI = 2.000000
inc_x_r = 0.000000, inc_y_r = 1.000000, inc_x_i = 1.000000, inc_y_i = 1.000000
En el else......

----------------------------------------
x = 55.000000, y = 132.000000
avance = -15.000000, avanceR = 2.000000, avanceI = 2.000000
inc_x_r = 0.000000, inc_y_r = 1.000000, inc_x_i = 1.000000, inc_y_i = 1.000000
En el else......

----------------------------------------
x = 55.000000, y = 133.000000
avance = -13.000000, avanceR = 2.000000, avanceI = 2.000000
inc_x_r = 0.000000, inc_y_r = 1.000000, inc_x_i = 1.000000, inc_y_i = 1.000000
En el else......

----------------------------------------
x = 55.000000, y = 134.000000
avance = -11.000000, avanceR = 2.000000, avanceI = 2.000000
inc_x_r = 0.000000, inc_y_r = 1.000000, inc_x_i = 1.000000, inc_y_i = 1.000000
En el else......

----------------------------------------
x = 55.000000, y = 135.000000
avance = -9.000000, avanceR = 2.000000, avanceI = 2.000000
inc_x_r = 0.000000, inc_y_r = 1.000000, inc_x_i = 1.000000, inc_y_i = 1.000000
En el else......

----------------------------------------
x = 55.000000, y = 136.000000
avance = -7.000000, avanceR = 2.000000, avanceI = 2.000000
inc_x_r = 0.000000, inc_y_r = 1.000000, inc_x_i = 1.000000, inc_y_i = 1.000000
En el else......

----------------------------------------
x = 55.000000, y = 137.000000
avance = -5.000000, avanceR = 2.000000, avanceI = 2.000000
inc_x_r = 0.000000, inc_y_r = 1.000000, inc_x_i = 1.000000, inc_y_i = 1.000000
En el else......

----------------------------------------
x = 55.000000, y = 138.000000
avance = -3.000000, avanceR = 2.000000, avanceI = 2.000000
inc_x_r = 0.000000, inc_y_r = 1.000000, inc_x_i = 1.000000, inc_y_i = 1.000000
En el else......

----------------------------------------
x = 55.000000, y = 139.000000
avance = -1.000000, avanceR = 2.000000, avanceI = 2.000000
inc_x_r = 0.000000, inc_y_r = 1.000000, inc_x_i = 1.000000, inc_y_i = 1.000000
En el else......

----------------------------------------
x = 55.000000, y = 140.000000
avance = 1.000000, avanceR = 2.000000, avanceI = 2.000000
inc_x_r = 0.000000, inc_y_r = 1.000000, inc_x_i = 1.000000, inc_y_i = 1.000000
avance >= 0

----------------------------------------
x = 56.000000, y = 141.000000
avance = -499.000000, avanceR = 2.000000, avanceI = 2.000000
inc_x_r = 0.000000, inc_y_r = 1.000000, inc_x_i = 1.000000, inc_y_i = 1.000000
En el else......

----------------------------------------
x = 56.000000, y = 142.000000
avance = -497.000000, avanceR = 2.000000, avanceI = 2.000000
inc_x_r = 0.000000, inc_y_r = 1.000000, inc_x_i = 1.000000, inc_y_i = 1.000000
En el else......

----------------------------------------
x = 56.000000, y = 143.000000
avance = -495.000000, avanceR = 2.000000, avanceI = 2.000000
inc_x_r = 0.000000, inc_y_r = 1.000000, inc_x_i = 1.000000, inc_y_i = 1.000000
En el else......

----------------------------------------
x = 56.000000, y = 144.000000
avance = -493.000000, avanceR = 2.000000, avanceI = 2.000000
inc_x_r = 0.000000, inc_y_r = 1.000000, inc_x_i = 1.000000, inc_y_i = 1.000000
En el else......

----------------------------------------
x = 56.000000, y = 145.000000
avance = -491.000000, avanceR = 2.000000, avanceI = 2.000000
inc_x_r = 0.000000, inc_y_r = 1.000000, inc_x_i = 1.000000, inc_y_i = 1.000000
En el else......

----------------------------------------
x = 56.000000, y = 146.000000
avance = -489.000000, avanceR = 2.000000, avanceI = 2.000000
inc_x_r = 0.000000, inc_y_r = 1.000000, inc_x_i = 1.000000, inc_y_i = 1.000000
En el else......

----------------------------------------
x = 56.000000, y = 147.000000
avance = -487.000000, avanceR = 2.000000, avanceI = 2.000000
inc_x_r = 0.000000, inc_y_r = 1.000000, inc_x_i = 1.000000, inc_y_i = 1.000000
En el else......

----------------------------------------
x = 56.000000, y = 148.000000
avance = -485.000000, avanceR = 2.000000, avanceI = 2.000000
inc_x_r = 0.000000, inc_y_r = 1.000000, inc_x_i = 1.000000, inc_y_i = 1.000000
En el else......

----------------------------------------
x = 56.000000, y = 149.000000
avance = -483.000000, avanceR = 2.000000, avanceI = 2.000000
inc_x_r = 0.000000, inc_y_r = 1.000000, inc_x_i = 1.000000, inc_y_i = 1.000000
En el else......

----------------------------------------
x = 56.000000, y = 150.000000
avance = -481.000000, avanceR = 2.000000, avanceI = 2.000000
inc_x_r = 0.000000, inc_y_r = 1.000000, inc_x_i = 1.000000, inc_y_i = 1.000000
En el else......

----------------------------------------
x = 56.000000, y = 151.000000
avance = -479.000000, avanceR = 2.000000, avanceI = 2.000000
inc_x_r = 0.000000, inc_y_r = 1.000000, inc_x_i = 1.000000, inc_y_i = 1.000000
En el else......

----------------------------------------
x = 56.000000, y = 152.000000
avance = -477.000000, avanceR = 2.000000, avanceI = 2.000000
inc_x_r = 0.000000, inc_y_r = 1.000000, inc_x_i = 1.000000, inc_y_i = 1.000000
En el else......

----------------------------------------
x = 56.000000, y = 153.000000
avance = -475.000000, avanceR = 2.000000, avanceI = 2.000000
inc_x_r = 0.000000, inc_y_r = 1.000000, inc_x_i = 1.000000, inc_y_i = 1.000000
En el else......

----------------------------------------
x = 56.000000, y = 154.000000
avance = -473.000000, avanceR = 2.000000, avanceI = 2.000000
inc_x_r = 0.000000, inc_y_r = 1.000000, inc_x_i = 1.000000, inc_y_i = 1.000000
En el else......

----------------------------------------
x = 56.000000, y = 155.000000
avance = -471.000000, avanceR = 2.000000, avanceI = 2.000000
inc_x_r = 0.000000, inc_y_r = 1.000000, inc_x_i = 1.000000, inc_y_i = 1.000000
En el else......

----------------------------------------
x = 56.000000, y = 156.000000
avance = -469.000000, avanceR = 2.000000, avanceI = 2.000000
inc_x_r = 0.000000, inc_y_r = 1.000000, inc_x_i = 1.000000, inc_y_i = 1.000000
En el else......

----------------------------------------
x = 56.000000, y = 157.000000
avance = -467.000000, avanceR = 2.000000, avanceI = 2.000000
inc_x_r = 0.000000, inc_y_r = 1.000000, inc_x_i = 1.000000, inc_y_i = 1.000000
En el else......

----------------------------------------
x = 56.000000, y = 158.000000
avance = -465.000000, avanceR = 2.000000, avanceI = 2.000000
inc_x_r = 0.000000, inc_y_r = 1.000000, inc_x_i = 1.000000, inc_y_i = 1.000000
En el else......

----------------------------------------
x = 56.000000, y = 159.000000
avance = -463.000000, avanceR = 2.000000, avanceI = 2.000000
inc_x_r = 0.000000, inc_y_r = 1.000000, inc_x_i = 1.000000, inc_y_i = 1.000000
En el else......

----------------------------------------
x = 56.000000, y = 160.000000
avance = -461.000000, avanceR = 2.000000, avanceI = 2.000000
inc_x_r = 0.000000, inc_y_r = 1.000000, inc_x_i = 1.000000, inc_y_i = 1.000000
En el else......

----------------------------------------
x = 56.000000, y = 161.000000
avance = -459.000000, avanceR = 2.000000, avanceI = 2.000000
inc_x_r = 0.000000, inc_y_r = 1.000000, inc_x_i = 1.000000, inc_y_i = 1.000000
En el else......

----------------------------------------
x = 56.000000, y = 162.000000
avance = -457.000000, avanceR = 2.000000, avanceI = 2.000000
inc_x_r = 0.000000, inc_y_r = 1.000000, inc_x_i = 1.000000, inc_y_i = 1.000000
En el else......

----------------------------------------
x = 56.000000, y = 163.000000
avance = -455.000000, avanceR = 2.000000, avanceI = 2.000000
inc_x_r = 0.000000, inc_y_r = 1.000000, inc_x_i = 1.000000, inc_y_i = 1.000000
En el else......

----------------------------------------
x = 56.000000, y = 164.000000
avance = -453.000000, avanceR = 2.000000, avanceI = 2.000000
inc_x_r = 0.000000, inc_y_r = 1.000000, inc_x_i = 1.000000, inc_y_i = 1.000000
En el else......

----------------------------------------
x = 56.000000, y = 165.000000
avance = -451.000000, avanceR = 2.000000, avanceI = 2.000000
inc_x_r = 0.000000, inc_y_r = 1.000000, inc_x_i = 1.000000, inc_y_i = 1.000000
En el else......

----------------------------------------
x = 56.000000, y = 166.000000
avance = -449.000000, avanceR = 2.000000, avanceI = 2.000000
inc_x_r = 0.000000, inc_y_r = 1.000000, inc_x_i = 1.000000, inc_y_i = 1.000000
En el else......

----------------------------------------
x = 56.000000, y = 167.000000
avance = -447.000000, avanceR = 2.000000, avanceI = 2.000000
inc_x_r = 0.000000, inc_y_r = 1.000000, inc_x_i = 1.000000, inc_y_i = 1.000000
En el else......

----------------------------------------
x = 56.000000, y = 168.000000
avance = -445.000000, avanceR = 2.000000, avanceI = 2.000000
inc_x_r = 0.000000, inc_y_r = 1.000000, inc_x_i = 1.000000, inc_y_i = 1.000000
En el else......

----------------------------------------
x = 56.000000, y = 169.000000
avance = -443.000000, avanceR = 2.000000, avanceI = 2.000000
inc_x_r = 0.000000, inc_y_r = 1.000000, inc_x_i = 1.000000, inc_y_i = 1.000000
En el else......

----------------------------------------
x = 56.000000, y = 170.000000
avance = -441.000000, avanceR = 2.000000, avanceI = 2.000000
inc_x_r = 0.000000, inc_y_r = 1.000000, inc_x_i = 1.000000, inc_y_i = 1.000000
En el else......

----------------------------------------
x = 56.000000, y = 171.000000
avance = -439.000000, avanceR = 2.000000, avanceI = 2.000000
inc_x_r = 0.000000, inc_y_r = 1.000000, inc_x_i = 1.000000, inc_y_i = 1.000000
En el else......

----------------------------------------
x = 56.000000, y = 172.000000
avance = -437.000000, avanceR = 2.000000, avanceI = 2.000000
inc_x_r = 0.000000, inc_y_r = 1.000000, inc_x_i = 1.000000, inc_y_i = 1.000000
En el else......

----------------------------------------
x = 56.000000, y = 173.000000
avance = -435.000000, avanceR = 2.000000, avanceI = 2.000000
inc_x_r = 0.000000, inc_y_r = 1.000000, inc_x_i = 1.000000, inc_y_i = 1.000000
En el else......

----------------------------------------
x = 56.000000, y = 174.000000
avance = -433.000000, avanceR = 2.000000, avanceI = 2.000000
inc_x_r = 0.000000, inc_y_r = 1.000000, inc_x_i = 1.000000, inc_y_i = 1.000000
En el else......

----------------------------------------
x = 56.000000, y = 175.000000
avance = -431.000000, avanceR = 2.000000, avanceI = 2.000000
inc_x_r = 0.000000, inc_y_r = 1.000000, inc_x_i = 1.000000, inc_y_i = 1.000000
En el else......

----------------------------------------
x = 56.000000, y = 176.000000
avance = -429.000000, avanceR = 2.000000, avanceI = 2.000000
inc_x_r = 0.000000, inc_y_r = 1.000000, inc_x_i = 1.000000, inc_y_i = 1.000000
En el else......

----------------------------------------
x = 56.000000, y = 177.000000
avance = -427.000000, avanceR = 2.000000, avanceI = 2.000000
inc_x_r = 0.000000, inc_y_r = 1.000000, inc_x_i = 1.000000, inc_y_i = 1.000000
En el else......

----------------------------------------
x = 56.000000, y = 178.000000
avance = -425.000000, avanceR = 2.000000, avanceI = 2.000000
inc_x_r = 0.000000, inc_y_r = 1.000000, inc_x_i = 1.000000, inc_y_i = 1.000000
En el else......

----------------------------------------
x = 56.000000, y = 179.000000
avance = -423.000000, avanceR = 2.000000, avanceI = 2.000000
inc_x_r = 0.000000, inc_y_r = 1.000000, inc_x_i = 1.000000, inc_y_i = 1.000000
En el else......

----------------------------------------
x = 56.000000, y = 180.000000
avance = -421.000000, avanceR = 2.000000, avanceI = 2.000000
inc_x_r = 0.000000, inc_y_r = 1.000000, inc_x_i = 1.000000, inc_y_i = 1.000000
En el else......

----------------------------------------
x = 56.000000, y = 181.000000
avance = -419.000000, avanceR = 2.000000, avanceI = 2.000000
inc_x_r = 0.000000, inc_y_r = 1.000000, inc_x_i = 1.000000, inc_y_i = 1.000000
En el else......

----------------------------------------
x = 56.000000, y = 182.000000
avance = -417.000000, avanceR = 2.000000, avanceI = 2.000000
inc_x_r = 0.000000, inc_y_r = 1.000000, inc_x_i = 1.000000, inc_y_i = 1.000000
En el else......

----------------------------------------
x = 56.000000, y = 183.000000
avance = -415.000000, avanceR = 2.000000, avanceI = 2.000000
inc_x_r = 0.000000, inc_y_r = 1.000000, inc_x_i = 1.000000, inc_y_i = 1.000000
En el else......

----------------------------------------
x = 56.000000, y = 184.000000
avance = -413.000000, avanceR = 2.000000, avanceI = 2.000000
inc_x_r = 0.000000, inc_y_r = 1.000000, inc_x_i = 1.000000, inc_y_i = 1.000000
En el else......

----------------------------------------
x = 56.000000, y = 185.000000
avance = -411.000000, avanceR = 2.000000, avanceI = 2.000000
inc_x_r = 0.000000, inc_y_r = 1.000000, inc_x_i = 1.000000, inc_y_i = 1.000000
En el else......

----------------------------------------
x = 56.000000, y = 186.000000
avance = -409.000000, avanceR = 2.000000, avanceI = 2.000000
inc_x_r = 0.000000, inc_y_r = 1.000000, inc_x_i = 1.000000, inc_y_i = 1.000000
En el else......

----------------------------------------
x = 56.000000, y = 187.000000
avance = -407.000000, avanceR = 2.000000, avanceI = 2.000000
inc_x_r = 0.000000, inc_y_r = 1.000000, inc_x_i = 1.000000, inc_y_i = 1.000000
En el else......

----------------------------------------
x = 56.000000, y = 188.000000
avance = -405.000000, avanceR = 2.000000, avanceI = 2.000000
inc_x_r = 0.000000, inc_y_r = 1.000000, inc_x_i = 1.000000, inc_y_i = 1.000000
En el else......

----------------------------------------
x = 56.000000, y = 189.000000
avance = -403.000000, avanceR = 2.000000, avanceI = 2.000000
inc_x_r = 0.000000, inc_y_r = 1.000000, inc_x_i = 1.000000, inc_y_i = 1.000000
En el else......

----------------------------------------
x = 56.000000, y = 190.000000
avance = -401.000000, avanceR = 2.000000, avanceI = 2.000000
inc_x_r = 0.000000, inc_y_r = 1.000000, inc_x_i = 1.000000, inc_y_i = 1.000000
En el else......

----------------------------------------
x = 56.000000, y = 191.000000
avance = -399.000000, avanceR = 2.000000, avanceI = 2.000000
inc_x_r = 0.000000, inc_y_r = 1.000000, inc_x_i = 1.000000, inc_y_i = 1.000000
En el else......

----------------------------------------
x = 56.000000, y = 192.000000
avance = -397.000000, avanceR = 2.000000, avanceI = 2.000000
inc_x_r = 0.000000, inc_y_r = 1.000000, inc_x_i = 1.000000, inc_y_i = 1.000000
En el else......

----------------------------------------
x = 56.000000, y = 193.000000
avance = -395.000000, avanceR = 2.000000, avanceI = 2.000000
inc_x_r = 0.000000, inc_y_r = 1.000000, inc_x_i = 1.000000, inc_y_i = 1.000000
En el else......

----------------------------------------
x = 56.000000, y = 194.000000
avance = -393.000000, avanceR = 2.000000, avanceI = 2.000000
inc_x_r = 0.000000, inc_y_r = 1.000000, inc_x_i = 1.000000, inc_y_i = 1.000000
En el else......

----------------------------------------
x = 56.000000, y = 195.000000
avance = -391.000000, avanceR = 2.000000, avanceI = 2.000000
inc_x_r = 0.000000, inc_y_r = 1.000000, inc_x_i = 1.000000, inc_y_i = 1.000000
En el else......

----------------------------------------
x = 56.000000, y = 196.000000
avance = -389.000000, avanceR = 2.000000, avanceI = 2.000000
inc_x_r = 0.000000, inc_y_r = 1.000000, inc_x_i = 1.000000, inc_y_i = 1.000000
En el else......

----------------------------------------
x = 56.000000, y = 197.000000
avance = -387.000000, avanceR = 2.000000, avanceI = 2.000000
inc_x_r = 0.000000, inc_y_r = 1.000000, inc_x_i = 1.000000, inc_y_i = 1.000000
En el else......

----------------------------------------
x = 56.000000, y = 198.000000
avance = -385.000000, avanceR = 2.000000, avanceI = 2.000000
inc_x_r = 0.000000, inc_y_r = 1.000000, inc_x_i = 1.000000, inc_y_i = 1.000000
En el else......

----------------------------------------
x = 56.000000, y = 199.000000
avance = -383.000000, avanceR = 2.000000, avanceI = 2.000000
inc_x_r = 0.000000, inc_y_r = 1.000000, inc_x_i = 1.000000, inc_y_i = 1.000000
En el else......

----------------------------------------
x = 56.000000, y = 200.000000
avance = -381.000000, avanceR = 2.000000, avanceI = 2.000000
inc_x_r = 0.000000, inc_y_r = 1.000000, inc_x_i = 1.000000, inc_y_i = 1.000000
En el else......

----------------------------------------
x = 56.000000, y = 201.000000
avance = -379.000000, avanceR = 2.000000, avanceI = 2.000000
inc_x_r = 0.000000, inc_y_r = 1.000000, inc_x_i = 1.000000, inc_y_i = 1.000000
En el else......

----------------------------------------
x = 56.000000, y = 202.000000
avance = -377.000000, avanceR = 2.000000, avanceI = 2.000000
inc_x_r = 0.000000, inc_y_r = 1.000000, inc_x_i = 1.000000, inc_y_i = 1.000000
En el else......

----------------------------------------
x = 56.000000, y = 203.000000
avance = -375.000000, avanceR = 2.000000, avanceI = 2.000000
inc_x_r = 0.000000, inc_y_r = 1.000000, inc_x_i = 1.000000, inc_y_i = 1.000000
En el else......

----------------------------------------
x = 56.000000, y = 204.000000
avance = -373.000000, avanceR = 2.000000, avanceI = 2.000000
inc_x_r = 0.000000, inc_y_r = 1.000000, inc_x_i = 1.000000, inc_y_i = 1.000000
En el else......

----------------------------------------
x = 56.000000, y = 205.000000
avance = -371.000000, avanceR = 2.000000, avanceI = 2.000000
inc_x_r = 0.000000, inc_y_r = 1.000000, inc_x_i = 1.000000, inc_y_i = 1.000000
En el else......

----------------------------------------
x = 56.000000, y = 206.000000
avance = -369.000000, avanceR = 2.000000, avanceI = 2.000000
inc_x_r = 0.000000, inc_y_r = 1.000000, inc_x_i = 1.000000, inc_y_i = 1.000000
En el else......

----------------------------------------
x = 56.000000, y = 207.000000
avance = -367.000000, avanceR = 2.000000, avanceI = 2.000000
inc_x_r = 0.000000, inc_y_r = 1.000000, inc_x_i = 1.000000, inc_y_i = 1.000000
En el else......

----------------------------------------
x = 56.000000, y = 208.000000
avance = -365.000000, avanceR = 2.000000, avanceI = 2.000000
inc_x_r = 0.000000, inc_y_r = 1.000000, inc_x_i = 1.000000, inc_y_i = 1.000000
En el else......

----------------------------------------
x = 56.000000, y = 209.000000
avance = -363.000000, avanceR = 2.000000, avanceI = 2.000000
inc_x_r = 0.000000, inc_y_r = 1.000000, inc_x_i = 1.000000, inc_y_i = 1.000000
En el else......

----------------------------------------
x = 56.000000, y = 210.000000
avance = -361.000000, avanceR = 2.000000, avanceI = 2.000000
inc_x_r = 0.000000, inc_y_r = 1.000000, inc_x_i = 1.000000, inc_y_i = 1.000000
En el else......

----------------------------------------
x = 56.000000, y = 211.000000
avance = -359.000000, avanceR = 2.000000, avanceI = 2.000000
inc_x_r = 0.000000, inc_y_r = 1.000000, inc_x_i = 1.000000, inc_y_i = 1.000000
En el else......

----------------------------------------
x = 56.000000, y = 212.000000
avance = -357.000000, avanceR = 2.000000, avanceI = 2.000000
inc_x_r = 0.000000, inc_y_r = 1.000000, inc_x_i = 1.000000, inc_y_i = 1.000000
En el else......

----------------------------------------
x = 56.000000, y = 213.000000
avance = -355.000000, avanceR = 2.000000, avanceI = 2.000000
inc_x_r = 0.000000, inc_y_r = 1.000000, inc_x_i = 1.000000, inc_y_i = 1.000000
En el else......

----------------------------------------
x = 56.000000, y = 214.000000
avance = -353.000000, avanceR = 2.000000, avanceI = 2.000000
inc_x_r = 0.000000, inc_y_r = 1.000000, inc_x_i = 1.000000, inc_y_i = 1.000000
En el else......

----------------------------------------
x = 56.000000, y = 215.000000
avance = -351.000000, avanceR = 2.000000, avanceI = 2.000000
inc_x_r = 0.000000, inc_y_r = 1.000000, inc_x_i = 1.000000, inc_y_i = 1.000000
En el else......

----------------------------------------
x = 56.000000, y = 216.000000
avance = -349.000000, avanceR = 2.000000, avanceI = 2.000000
inc_x_r = 0.000000, inc_y_r = 1.000000, inc_x_i = 1.000000, inc_y_i = 1.000000
En el else......

----------------------------------------
x = 56.000000, y = 217.000000
avance = -347.000000, avanceR = 2.000000, avanceI = 2.000000
inc_x_r = 0.000000, inc_y_r = 1.000000, inc_x_i = 1.000000, inc_y_i = 1.000000
En el else......

----------------------------------------
x = 56.000000, y = 218.000000
avance = -345.000000, avanceR = 2.000000, avanceI = 2.000000
inc_x_r = 0.000000, inc_y_r = 1.000000, inc_x_i = 1.000000, inc_y_i = 1.000000
En el else......

----------------------------------------
x = 56.000000, y = 219.000000
avance = -343.000000, avanceR = 2.000000, avanceI = 2.000000
inc_x_r = 0.000000, inc_y_r = 1.000000, inc_x_i = 1.000000, inc_y_i = 1.000000
En el else......

----------------------------------------
x = 56.000000, y = 220.000000
avance = -341.000000, avanceR = 2.000000, avanceI = 2.000000
inc_x_r = 0.000000, inc_y_r = 1.000000, inc_x_i = 1.000000, inc_y_i = 1.000000
En el else......

----------------------------------------
x = 56.000000, y = 221.000000
avance = -339.000000, avanceR = 2.000000, avanceI = 2.000000
inc_x_r = 0.000000, inc_y_r = 1.000000, inc_x_i = 1.000000, inc_y_i = 1.000000
En el else......

----------------------------------------
x = 56.000000, y = 222.000000
avance = -337.000000, avanceR = 2.000000, avanceI = 2.000000
inc_x_r = 0.000000, inc_y_r = 1.000000, inc_x_i = 1.000000, inc_y_i = 1.000000
En el else......

----------------------------------------
x = 56.000000, y = 223.000000
avance = -335.000000, avanceR = 2.000000, avanceI = 2.000000
inc_x_r = 0.000000, inc_y_r = 1.000000, inc_x_i = 1.000000, inc_y_i = 1.000000
En el else......

----------------------------------------
x = 56.000000, y = 224.000000
avance = -333.000000, avanceR = 2.000000, avanceI = 2.000000
inc_x_r = 0.000000, inc_y_r = 1.000000, inc_x_i = 1.000000, inc_y_i = 1.000000
En el else......

----------------------------------------
x = 56.000000, y = 225.000000
avance = -331.000000, avanceR = 2.000000, avanceI = 2.000000
inc_x_r = 0.000000, inc_y_r = 1.000000, inc_x_i = 1.000000, inc_y_i = 1.000000
En el else......

----------------------------------------
x = 56.000000, y = 226.000000
avance = -329.000000, avanceR = 2.000000, avanceI = 2.000000
inc_x_r = 0.000000, inc_y_r = 1.000000, inc_x_i = 1.000000, inc_y_i = 1.000000
En el else......

----------------------------------------
x = 56.000000, y = 227.000000
avance = -327.000000, avanceR = 2.000000, avanceI = 2.000000
inc_x_r = 0.000000, inc_y_r = 1.000000, inc_x_i = 1.000000, inc_y_i = 1.000000
En el else......

----------------------------------------
x = 56.000000, y = 228.000000
avance = -325.000000, avanceR = 2.000000, avanceI = 2.000000
inc_x_r = 0.000000, inc_y_r = 1.000000, inc_x_i = 1.000000, inc_y_i = 1.000000
En el else......

----------------------------------------
x = 56.000000, y = 229.000000
avance = -323.000000, avanceR = 2.000000, avanceI = 2.000000
inc_x_r = 0.000000, inc_y_r = 1.000000, inc_x_i = 1.000000, inc_y_i = 1.000000
En el else......

----------------------------------------
x = 56.000000, y = 230.000000
avance = -321.000000, avanceR = 2.000000, avanceI = 2.000000
inc_x_r = 0.000000, inc_y_r = 1.000000, inc_x_i = 1.000000, inc_y_i = 1.000000
En el else......

----------------------------------------
x = 56.000000, y = 231.000000
avance = -319.000000, avanceR = 2.000000, avanceI = 2.000000
inc_x_r = 0.000000, inc_y_r = 1.000000, inc_x_i = 1.000000, inc_y_i = 1.000000
En el else......

----------------------------------------
x = 56.000000, y = 232.000000
avance = -317.000000, avanceR = 2.000000, avanceI = 2.000000
inc_x_r = 0.000000, inc_y_r = 1.000000, inc_x_i = 1.000000, inc_y_i = 1.000000
En el else......

----------------------------------------
x = 56.000000, y = 233.000000
avance = -315.000000, avanceR = 2.000000, avanceI = 2.000000
inc_x_r = 0.000000, inc_y_r = 1.000000, inc_x_i = 1.000000, inc_y_i = 1.000000
En el else......

----------------------------------------
x = 56.000000, y = 234.000000
avance = -313.000000, avanceR = 2.000000, avanceI = 2.000000
inc_x_r = 0.000000, inc_y_r = 1.000000, inc_x_i = 1.000000, inc_y_i = 1.000000
En el else......

----------------------------------------
x = 56.000000, y = 235.000000
avance = -311.000000, avanceR = 2.000000, avanceI = 2.000000
inc_x_r = 0.000000, inc_y_r = 1.000000, inc_x_i = 1.000000, inc_y_i = 1.000000
En el else......

----------------------------------------
x = 56.000000, y = 236.000000
avance = -309.000000, avanceR = 2.000000, avanceI = 2.000000
inc_x_r = 0.000000, inc_y_r = 1.000000, inc_x_i = 1.000000, inc_y_i = 1.000000
En el else......

----------------------------------------
x = 56.000000, y = 237.000000
avance = -307.000000, avanceR = 2.000000, avanceI = 2.000000
inc_x_r = 0.000000, inc_y_r = 1.000000, inc_x_i = 1.000000, inc_y_i = 1.000000
En el else......

----------------------------------------
x = 56.000000, y = 238.000000
avance = -305.000000, avanceR = 2.000000, avanceI = 2.000000
inc_x_r = 0.000000, inc_y_r = 1.000000, inc_x_i = 1.000000, inc_y_i = 1.000000
En el else......

----------------------------------------
x = 56.000000, y = 239.000000
avance = -303.000000, avanceR = 2.000000, avanceI = 2.000000
inc_x_r = 0.000000, inc_y_r = 1.000000, inc_x_i = 1.000000, inc_y_i = 1.000000
En el else......

----------------------------------------
x = 56.000000, y = 240.000000
avance = -301.000000, avanceR = 2.000000, avanceI = 2.000000
inc_x_r = 0.000000, inc_y_r = 1.000000, inc_x_i = 1.000000, inc_y_i = 1.000000
En el else......

----------------------------------------
x = 56.000000, y = 241.000000
avance = -299.000000, avanceR = 2.000000, avanceI = 2.000000
inc_x_r = 0.000000, inc_y_r = 1.000000, inc_x_i = 1.000000, inc_y_i = 1.000000
En el else......

----------------------------------------
x = 56.000000, y = 242.000000
avance = -297.000000, avanceR = 2.000000, avanceI = 2.000000
inc_x_r = 0.000000, inc_y_r = 1.000000, inc_x_i = 1.000000, inc_y_i = 1.000000
En el else......

----------------------------------------
x = 56.000000, y = 243.000000
avance = -295.000000, avanceR = 2.000000, avanceI = 2.000000
inc_x_r = 0.000000, inc_y_r = 1.000000, inc_x_i = 1.000000, inc_y_i = 1.000000
En el else......

----------------------------------------
x = 56.000000, y = 244.000000
avance = -293.000000, avanceR = 2.000000, avanceI = 2.000000
inc_x_r = 0.000000, inc_y_r = 1.000000, inc_x_i = 1.000000, inc_y_i = 1.000000
En el else......

----------------------------------------
x = 56.000000, y = 245.000000
avance = -291.000000, avanceR = 2.000000, avanceI = 2.000000
inc_x_r = 0.000000, inc_y_r = 1.000000, inc_x_i = 1.000000, inc_y_i = 1.000000
En el else......

----------------------------------------
x = 56.000000, y = 246.000000
avance = -289.000000, avanceR = 2.000000, avanceI = 2.000000
inc_x_r = 0.000000, inc_y_r = 1.000000, inc_x_i = 1.000000, inc_y_i = 1.000000
En el else......

----------------------------------------
x = 56.000000, y = 247.000000
avance = -287.000000, avanceR = 2.000000, avanceI = 2.000000
inc_x_r = 0.000000, inc_y_r = 1.000000, inc_x_i = 1.000000, inc_y_i = 1.000000
En el else......

----------------------------------------
x = 56.000000, y = 248.000000
avance = -285.000000, avanceR = 2.000000, avanceI = 2.000000
inc_x_r = 0.000000, inc_y_r = 1.000000, inc_x_i = 1.000000, inc_y_i = 1.000000
En el else......

----------------------------------------
x = 56.000000, y = 249.000000
avance = -283.000000, avanceR = 2.000000, avanceI = 2.000000
inc_x_r = 0.000000, inc_y_r = 1.000000, inc_x_i = 1.000000, inc_y_i = 1.000000
En el else......

----------------------------------------
x = 56.000000, y = 250.000000
avance = -281.000000, avanceR = 2.000000, avanceI = 2.000000
inc_x_r = 0.000000, inc_y_r = 1.000000, inc_x_i = 1.000000, inc_y_i = 1.000000
En el else......

----------------------------------------
x = 56.000000, y = 251.000000
avance = -279.000000, avanceR = 2.000000, avanceI = 2.000000
inc_x_r = 0.000000, inc_y_r = 1.000000, inc_x_i = 1.000000, inc_y_i = 1.000000
En el else......

----------------------------------------
x = 56.000000, y = 252.000000
avance = -277.000000, avanceR = 2.000000, avanceI = 2.000000
inc_x_r = 0.000000, inc_y_r = 1.000000, inc_x_i = 1.000000, inc_y_i = 1.000000
En el else......

----------------------------------------
x = 56.000000, y = 253.000000
avance = -275.000000, avanceR = 2.000000, avanceI = 2.000000
inc_x_r = 0.000000, inc_y_r = 1.000000, inc_x_i = 1.000000, inc_y_i = 1.000000
En el else......

----------------------------------------
x = 56.000000, y = 254.000000
avance = -273.000000, avanceR = 2.000000, avanceI = 2.000000
inc_x_r = 0.000000, inc_y_r = 1.000000, inc_x_i = 1.000000, inc_y_i = 1.000000
En el else......

----------------------------------------
x = 56.000000, y = 255.000000
avance = -271.000000, avanceR = 2.000000, avanceI = 2.000000
inc_x_r = 0.000000, inc_y_r = 1.000000, inc_x_i = 1.000000, inc_y_i = 1.000000
En el else......

----------------------------------------
x = 56.000000, y = 256.000000
avance = -269.000000, avanceR = 2.000000, avanceI = 2.000000
inc_x_r = 0.000000, inc_y_r = 1.000000, inc_x_i = 1.000000, inc_y_i = 1.000000
En el else......

----------------------------------------
x = 56.000000, y = 257.000000
avance = -267.000000, avanceR = 2.000000, avanceI = 2.000000
inc_x_r = 0.000000, inc_y_r = 1.000000, inc_x_i = 1.000000, inc_y_i = 1.000000
En el else......

----------------------------------------
x = 56.000000, y = 258.000000
avance = -265.000000, avanceR = 2.000000, avanceI = 2.000000
inc_x_r = 0.000000, inc_y_r = 1.000000, inc_x_i = 1.000000, inc_y_i = 1.000000
En el else......

----------------------------------------
x = 56.000000, y = 259.000000
avance = -263.000000, avanceR = 2.000000, avanceI = 2.000000
inc_x_r = 0.000000, inc_y_r = 1.000000, inc_x_i = 1.000000, inc_y_i = 1.000000
En el else......

----------------------------------------
x = 56.000000, y = 260.000000
avance = -261.000000, avanceR = 2.000000, avanceI = 2.000000
inc_x_r = 0.000000, inc_y_r = 1.000000, inc_x_i = 1.000000, inc_y_i = 1.000000
En el else......

----------------------------------------
x = 56.000000, y = 261.000000
avance = -259.000000, avanceR = 2.000000, avanceI = 2.000000
inc_x_r = 0.000000, inc_y_r = 1.000000, inc_x_i = 1.000000, inc_y_i = 1.000000
En el else......

----------------------------------------
x = 56.000000, y = 262.000000
avance = -257.000000, avanceR = 2.000000, avanceI = 2.000000
inc_x_r = 0.000000, inc_y_r = 1.000000, inc_x_i = 1.000000, inc_y_i = 1.000000
En el else......

----------------------------------------
x = 56.000000, y = 263.000000
avance = -255.000000, avanceR = 2.000000, avanceI = 2.000000
inc_x_r = 0.000000, inc_y_r = 1.000000, inc_x_i = 1.000000, inc_y_i = 1.000000
En el else......

----------------------------------------
x = 56.000000, y = 264.000000
avance = -253.000000, avanceR = 2.000000, avanceI = 2.000000
inc_x_r = 0.000000, inc_y_r = 1.000000, inc_x_i = 1.000000, inc_y_i = 1.000000
En el else......

----------------------------------------
x = 56.000000, y = 265.000000
avance = -251.000000, avanceR = 2.000000, avanceI = 2.000000
inc_x_r = 0.000000, inc_y_r = 1.000000, inc_x_i = 1.000000, inc_y_i = 1.000000
En el else......

----------------------------------------


ENTRAMOS A BRESENHAMªªªª
x1 = 55.000000 - y1 = 15.000000 || x2 = 56.000000 - y2 = 266.000000
dy = 251.000000, dx = 1.000000
avances inclinados: inc_x_i = 1.000000, inc_y_i = 1.000000
updated: dy = 251.000000, dx = 1.000000
avances rectos: inc_x_r = 0.000000, inc_y_r 1.000000
reupdated: dy = 1.000000, dx = 251.000000
avanceR = 2.000000, avance -249.000000, avanceI 2.000000
----------------------------------------
x = 55.000000, y = 15.000000
avance = -249.000000, avanceR = 2.000000, avanceI = 2.000000
inc_x_r = 0.000000, inc_y_r = 1.000000, inc_x_i = 1.000000, inc_y_i = 1.000000
En el else......

----------------------------------------
x = 55.000000, y = 16.000000
avance = -247.000000, avanceR = 2.000000, avanceI = 2.000000
inc_x_r = 0.000000, inc_y_r = 1.000000, inc_x_i = 1.000000, inc_y_i = 1.000000
En el else......

----------------------------------------
x = 55.000000, y = 17.000000
avance = -245.000000, avanceR = 2.000000, avanceI = 2.000000
inc_x_r = 0.000000, inc_y_r = 1.000000, inc_x_i = 1.000000, inc_y_i = 1.000000
En el else......

----------------------------------------
x = 55.000000, y = 18.000000
avance = -243.000000, avanceR = 2.000000, avanceI = 2.000000
inc_x_r = 0.000000, inc_y_r = 1.000000, inc_x_i = 1.000000, inc_y_i = 1.000000
En el else......

----------------------------------------
x = 55.000000, y = 19.000000
avance = -241.000000, avanceR = 2.000000, avanceI = 2.000000
inc_x_r = 0.000000, inc_y_r = 1.000000, inc_x_i = 1.000000, inc_y_i = 1.000000
En el else......

----------------------------------------
x = 55.000000, y = 20.000000
avance = -239.000000, avanceR = 2.000000, avanceI = 2.000000
inc_x_r = 0.000000, inc_y_r = 1.000000, inc_x_i = 1.000000, inc_y_i = 1.000000
En el else......

----------------------------------------
x = 55.000000, y = 21.000000
avance = -237.000000, avanceR = 2.000000, avanceI = 2.000000
inc_x_r = 0.000000, inc_y_r = 1.000000, inc_x_i = 1.000000, inc_y_i = 1.000000
En el else......

----------------------------------------
x = 55.000000, y = 22.000000
avance = -235.000000, avanceR = 2.000000, avanceI = 2.000000
inc_x_r = 0.000000, inc_y_r = 1.000000, inc_x_i = 1.000000, inc_y_i = 1.000000
En el else......

----------------------------------------
x = 55.000000, y = 23.000000
avance = -233.000000, avanceR = 2.000000, avanceI = 2.000000
inc_x_r = 0.000000, inc_y_r = 1.000000, inc_x_i = 1.000000, inc_y_i = 1.000000
En el else......

----------------------------------------
x = 55.000000, y = 24.000000
avance = -231.000000, avanceR = 2.000000, avanceI = 2.000000
inc_x_r = 0.000000, inc_y_r = 1.000000, inc_x_i = 1.000000, inc_y_i = 1.000000
En el else......

----------------------------------------
x = 55.000000, y = 25.000000
avance = -229.000000, avanceR = 2.000000, avanceI = 2.000000
inc_x_r = 0.000000, inc_y_r = 1.000000, inc_x_i = 1.000000, inc_y_i = 1.000000
En el else......

----------------------------------------
x = 55.000000, y = 26.000000
avance = -227.000000, avanceR = 2.000000, avanceI = 2.000000
inc_x_r = 0.000000, inc_y_r = 1.000000, inc_x_i = 1.000000, inc_y_i = 1.000000
En el else......

----------------------------------------
x = 55.000000, y = 27.000000
avance = -225.000000, avanceR = 2.000000, avanceI = 2.000000
inc_x_r = 0.000000, inc_y_r = 1.000000, inc_x_i = 1.000000, inc_y_i = 1.000000
En el else......

----------------------------------------
x = 55.000000, y = 28.000000
avance = -223.000000, avanceR = 2.000000, avanceI = 2.000000
inc_x_r = 0.000000, inc_y_r = 1.000000, inc_x_i = 1.000000, inc_y_i = 1.000000
En el else......

----------------------------------------
x = 55.000000, y = 29.000000
avance = -221.000000, avanceR = 2.000000, avanceI = 2.000000
inc_x_r = 0.000000, inc_y_r = 1.000000, inc_x_i = 1.000000, inc_y_i = 1.000000
En el else......

----------------------------------------
x = 55.000000, y = 30.000000
avance = -219.000000, avanceR = 2.000000, avanceI = 2.000000
inc_x_r = 0.000000, inc_y_r = 1.000000, inc_x_i = 1.000000, inc_y_i = 1.000000
En el else......

----------------------------------------
x = 55.000000, y = 31.000000
avance = -217.000000, avanceR = 2.000000, avanceI = 2.000000
inc_x_r = 0.000000, inc_y_r = 1.000000, inc_x_i = 1.000000, inc_y_i = 1.000000
En el else......

----------------------------------------
x = 55.000000, y = 32.000000
avance = -215.000000, avanceR = 2.000000, avanceI = 2.000000
inc_x_r = 0.000000, inc_y_r = 1.000000, inc_x_i = 1.000000, inc_y_i = 1.000000
En el else......

----------------------------------------
x = 55.000000, y = 33.000000
avance = -213.000000, avanceR = 2.000000, avanceI = 2.000000
inc_x_r = 0.000000, inc_y_r = 1.000000, inc_x_i = 1.000000, inc_y_i = 1.000000
En el else......

----------------------------------------
x = 55.000000, y = 34.000000
avance = -211.000000, avanceR = 2.000000, avanceI = 2.000000
inc_x_r = 0.000000, inc_y_r = 1.000000, inc_x_i = 1.000000, inc_y_i = 1.000000
En el else......

----------------------------------------
x = 55.000000, y = 35.000000
avance = -209.000000, avanceR = 2.000000, avanceI = 2.000000
inc_x_r = 0.000000, inc_y_r = 1.000000, inc_x_i = 1.000000, inc_y_i = 1.000000
En el else......

----------------------------------------
x = 55.000000, y = 36.000000
avance = -207.000000, avanceR = 2.000000, avanceI = 2.000000
inc_x_r = 0.000000, inc_y_r = 1.000000, inc_x_i = 1.000000, inc_y_i = 1.000000
En el else......

----------------------------------------
x = 55.000000, y = 37.000000
avance = -205.000000, avanceR = 2.000000, avanceI = 2.000000
inc_x_r = 0.000000, inc_y_r = 1.000000, inc_x_i = 1.000000, inc_y_i = 1.000000
En el else......

----------------------------------------
x = 55.000000, y = 38.000000
avance = -203.000000, avanceR = 2.000000, avanceI = 2.000000
inc_x_r = 0.000000, inc_y_r = 1.000000, inc_x_i = 1.000000, inc_y_i = 1.000000
En el else......

----------------------------------------
x = 55.000000, y = 39.000000
avance = -201.000000, avanceR = 2.000000, avanceI = 2.000000
inc_x_r = 0.000000, inc_y_r = 1.000000, inc_x_i = 1.000000, inc_y_i = 1.000000
En el else......

----------------------------------------
x = 55.000000, y = 40.000000
avance = -199.000000, avanceR = 2.000000, avanceI = 2.000000
inc_x_r = 0.000000, inc_y_r = 1.000000, inc_x_i = 1.000000, inc_y_i = 1.000000
En el else......

----------------------------------------
x = 55.000000, y = 41.000000
avance = -197.000000, avanceR = 2.000000, avanceI = 2.000000
inc_x_r = 0.000000, inc_y_r = 1.000000, inc_x_i = 1.000000, inc_y_i = 1.000000
En el else......

----------------------------------------
x = 55.000000, y = 42.000000
avance = -195.000000, avanceR = 2.000000, avanceI = 2.000000
inc_x_r = 0.000000, inc_y_r = 1.000000, inc_x_i = 1.000000, inc_y_i = 1.000000
En el else......

----------------------------------------
x = 55.000000, y = 43.000000
avance = -193.000000, avanceR = 2.000000, avanceI = 2.000000
inc_x_r = 0.000000, inc_y_r = 1.000000, inc_x_i = 1.000000, inc_y_i = 1.000000
En el else......

----------------------------------------
x = 55.000000, y = 44.000000
avance = -191.000000, avanceR = 2.000000, avanceI = 2.000000
inc_x_r = 0.000000, inc_y_r = 1.000000, inc_x_i = 1.000000, inc_y_i = 1.000000
En el else......

----------------------------------------
x = 55.000000, y = 45.000000
avance = -189.000000, avanceR = 2.000000, avanceI = 2.000000
inc_x_r = 0.000000, inc_y_r = 1.000000, inc_x_i = 1.000000, inc_y_i = 1.000000
En el else......

----------------------------------------
x = 55.000000, y = 46.000000
avance = -187.000000, avanceR = 2.000000, avanceI = 2.000000
inc_x_r = 0.000000, inc_y_r = 1.000000, inc_x_i = 1.000000, inc_y_i = 1.000000
En el else......

----------------------------------------
x = 55.000000, y = 47.000000
avance = -185.000000, avanceR = 2.000000, avanceI = 2.000000
inc_x_r = 0.000000, inc_y_r = 1.000000, inc_x_i = 1.000000, inc_y_i = 1.000000
En el else......

----------------------------------------
x = 55.000000, y = 48.000000
avance = -183.000000, avanceR = 2.000000, avanceI = 2.000000
inc_x_r = 0.000000, inc_y_r = 1.000000, inc_x_i = 1.000000, inc_y_i = 1.000000
En el else......

----------------------------------------
x = 55.000000, y = 49.000000
avance = -181.000000, avanceR = 2.000000, avanceI = 2.000000
inc_x_r = 0.000000, inc_y_r = 1.000000, inc_x_i = 1.000000, inc_y_i = 1.000000
En el else......

----------------------------------------
x = 55.000000, y = 50.000000
avance = -179.000000, avanceR = 2.000000, avanceI = 2.000000
inc_x_r = 0.000000, inc_y_r = 1.000000, inc_x_i = 1.000000, inc_y_i = 1.000000
En el else......

----------------------------------------
x = 55.000000, y = 51.000000
avance = -177.000000, avanceR = 2.000000, avanceI = 2.000000
inc_x_r = 0.000000, inc_y_r = 1.000000, inc_x_i = 1.000000, inc_y_i = 1.000000
En el else......

----------------------------------------
x = 55.000000, y = 52.000000
avance = -175.000000, avanceR = 2.000000, avanceI = 2.000000
inc_x_r = 0.000000, inc_y_r = 1.000000, inc_x_i = 1.000000, inc_y_i = 1.000000
En el else......

----------------------------------------
x = 55.000000, y = 53.000000
avance = -173.000000, avanceR = 2.000000, avanceI = 2.000000
inc_x_r = 0.000000, inc_y_r = 1.000000, inc_x_i = 1.000000, inc_y_i = 1.000000
En el else......

----------------------------------------
x = 55.000000, y = 54.000000
avance = -171.000000, avanceR = 2.000000, avanceI = 2.000000
inc_x_r = 0.000000, inc_y_r = 1.000000, inc_x_i = 1.000000, inc_y_i = 1.000000
En el else......

----------------------------------------
x = 55.000000, y = 55.000000
avance = -169.000000, avanceR = 2.000000, avanceI = 2.000000
inc_x_r = 0.000000, inc_y_r = 1.000000, inc_x_i = 1.000000, inc_y_i = 1.000000
En el else......

----------------------------------------
x = 55.000000, y = 56.000000
avance = -167.000000, avanceR = 2.000000, avanceI = 2.000000
inc_x_r = 0.000000, inc_y_r = 1.000000, inc_x_i = 1.000000, inc_y_i = 1.000000
En el else......

----------------------------------------
x = 55.000000, y = 57.000000
avance = -165.000000, avanceR = 2.000000, avanceI = 2.000000
inc_x_r = 0.000000, inc_y_r = 1.000000, inc_x_i = 1.000000, inc_y_i = 1.000000
En el else......

----------------------------------------
x = 55.000000, y = 58.000000
avance = -163.000000, avanceR = 2.000000, avanceI = 2.000000
inc_x_r = 0.000000, inc_y_r = 1.000000, inc_x_i = 1.000000, inc_y_i = 1.000000
En el else......

----------------------------------------
x = 55.000000, y = 59.000000
avance = -161.000000, avanceR = 2.000000, avanceI = 2.000000
inc_x_r = 0.000000, inc_y_r = 1.000000, inc_x_i = 1.000000, inc_y_i = 1.000000
En el else......

----------------------------------------
x = 55.000000, y = 60.000000
avance = -159.000000, avanceR = 2.000000, avanceI = 2.000000
inc_x_r = 0.000000, inc_y_r = 1.000000, inc_x_i = 1.000000, inc_y_i = 1.000000
En el else......

----------------------------------------
x = 55.000000, y = 61.000000
avance = -157.000000, avanceR = 2.000000, avanceI = 2.000000
inc_x_r = 0.000000, inc_y_r = 1.000000, inc_x_i = 1.000000, inc_y_i = 1.000000
En el else......

----------------------------------------
x = 55.000000, y = 62.000000
avance = -155.000000, avanceR = 2.000000, avanceI = 2.000000
inc_x_r = 0.000000, inc_y_r = 1.000000, inc_x_i = 1.000000, inc_y_i = 1.000000
En el else......

----------------------------------------
x = 55.000000, y = 63.000000
avance = -153.000000, avanceR = 2.000000, avanceI = 2.000000
inc_x_r = 0.000000, inc_y_r = 1.000000, inc_x_i = 1.000000, inc_y_i = 1.000000
En el else......

----------------------------------------
x = 55.000000, y = 64.000000
avance = -151.000000, avanceR = 2.000000, avanceI = 2.000000
inc_x_r = 0.000000, inc_y_r = 1.000000, inc_x_i = 1.000000, inc_y_i = 1.000000
En el else......

----------------------------------------
x = 55.000000, y = 65.000000
avance = -149.000000, avanceR = 2.000000, avanceI = 2.000000
inc_x_r = 0.000000, inc_y_r = 1.000000, inc_x_i = 1.000000, inc_y_i = 1.000000
En el else......

----------------------------------------
x = 55.000000, y = 66.000000
avance = -147.000000, avanceR = 2.000000, avanceI = 2.000000
inc_x_r = 0.000000, inc_y_r = 1.000000, inc_x_i = 1.000000, inc_y_i = 1.000000
En el else......

----------------------------------------
x = 55.000000, y = 67.000000
avance = -145.000000, avanceR = 2.000000, avanceI = 2.000000
inc_x_r = 0.000000, inc_y_r = 1.000000, inc_x_i = 1.000000, inc_y_i = 1.000000
En el else......

----------------------------------------
x = 55.000000, y = 68.000000
avance = -143.000000, avanceR = 2.000000, avanceI = 2.000000
inc_x_r = 0.000000, inc_y_r = 1.000000, inc_x_i = 1.000000, inc_y_i = 1.000000
En el else......

----------------------------------------
x = 55.000000, y = 69.000000
avance = -141.000000, avanceR = 2.000000, avanceI = 2.000000
inc_x_r = 0.000000, inc_y_r = 1.000000, inc_x_i = 1.000000, inc_y_i = 1.000000
En el else......

----------------------------------------
x = 55.000000, y = 70.000000
avance = -139.000000, avanceR = 2.000000, avanceI = 2.000000
inc_x_r = 0.000000, inc_y_r = 1.000000, inc_x_i = 1.000000, inc_y_i = 1.000000
En el else......

----------------------------------------
x = 55.000000, y = 71.000000
avance = -137.000000, avanceR = 2.000000, avanceI = 2.000000
inc_x_r = 0.000000, inc_y_r = 1.000000, inc_x_i = 1.000000, inc_y_i = 1.000000
En el else......

----------------------------------------
x = 55.000000, y = 72.000000
avance = -135.000000, avanceR = 2.000000, avanceI = 2.000000
inc_x_r = 0.000000, inc_y_r = 1.000000, inc_x_i = 1.000000, inc_y_i = 1.000000
En el else......

----------------------------------------
x = 55.000000, y = 73.000000
avance = -133.000000, avanceR = 2.000000, avanceI = 2.000000
inc_x_r = 0.000000, inc_y_r = 1.000000, inc_x_i = 1.000000, inc_y_i = 1.000000
En el else......

----------------------------------------
x = 55.000000, y = 74.000000
avance = -131.000000, avanceR = 2.000000, avanceI = 2.000000
inc_x_r = 0.000000, inc_y_r = 1.000000, inc_x_i = 1.000000, inc_y_i = 1.000000
En el else......

----------------------------------------
x = 55.000000, y = 75.000000
avance = -129.000000, avanceR = 2.000000, avanceI = 2.000000
inc_x_r = 0.000000, inc_y_r = 1.000000, inc_x_i = 1.000000, inc_y_i = 1.000000
En el else......

----------------------------------------
x = 55.000000, y = 76.000000
avance = -127.000000, avanceR = 2.000000, avanceI = 2.000000
inc_x_r = 0.000000, inc_y_r = 1.000000, inc_x_i = 1.000000, inc_y_i = 1.000000
En el else......

----------------------------------------
x = 55.000000, y = 77.000000
avance = -125.000000, avanceR = 2.000000, avanceI = 2.000000
inc_x_r = 0.000000, inc_y_r = 1.000000, inc_x_i = 1.000000, inc_y_i = 1.000000
En el else......

----------------------------------------
x = 55.000000, y = 78.000000
avance = -123.000000, avanceR = 2.000000, avanceI = 2.000000
inc_x_r = 0.000000, inc_y_r = 1.000000, inc_x_i = 1.000000, inc_y_i = 1.000000
En el else......

----------------------------------------
x = 55.000000, y = 79.000000
avance = -121.000000, avanceR = 2.000000, avanceI = 2.000000
inc_x_r = 0.000000, inc_y_r = 1.000000, inc_x_i = 1.000000, inc_y_i = 1.000000
En el else......

----------------------------------------
x = 55.000000, y = 80.000000
avance = -119.000000, avanceR = 2.000000, avanceI = 2.000000
inc_x_r = 0.000000, inc_y_r = 1.000000, inc_x_i = 1.000000, inc_y_i = 1.000000
En el else......

----------------------------------------
x = 55.000000, y = 81.000000
avance = -117.000000, avanceR = 2.000000, avanceI = 2.000000
inc_x_r = 0.000000, inc_y_r = 1.000000, inc_x_i = 1.000000, inc_y_i = 1.000000
En el else......

----------------------------------------
x = 55.000000, y = 82.000000
avance = -115.000000, avanceR = 2.000000, avanceI = 2.000000
inc_x_r = 0.000000, inc_y_r = 1.000000, inc_x_i = 1.000000, inc_y_i = 1.000000
En el else......

----------------------------------------
x = 55.000000, y = 83.000000
avance = -113.000000, avanceR = 2.000000, avanceI = 2.000000
inc_x_r = 0.000000, inc_y_r = 1.000000, inc_x_i = 1.000000, inc_y_i = 1.000000
En el else......

----------------------------------------
x = 55.000000, y = 84.000000
avance = -111.000000, avanceR = 2.000000, avanceI = 2.000000
inc_x_r = 0.000000, inc_y_r = 1.000000, inc_x_i = 1.000000, inc_y_i = 1.000000
En el else......

----------------------------------------
x = 55.000000, y = 85.000000
avance = -109.000000, avanceR = 2.000000, avanceI = 2.000000
inc_x_r = 0.000000, inc_y_r = 1.000000, inc_x_i = 1.000000, inc_y_i = 1.000000
En el else......

----------------------------------------
x = 55.000000, y = 86.000000
avance = -107.000000, avanceR = 2.000000, avanceI = 2.000000
inc_x_r = 0.000000, inc_y_r = 1.000000, inc_x_i = 1.000000, inc_y_i = 1.000000
En el else......

----------------------------------------
x = 55.000000, y = 87.000000
avance = -105.000000, avanceR = 2.000000, avanceI = 2.000000
inc_x_r = 0.000000, inc_y_r = 1.000000, inc_x_i = 1.000000, inc_y_i = 1.000000
En el else......

----------------------------------------
x = 55.000000, y = 88.000000
avance = -103.000000, avanceR = 2.000000, avanceI = 2.000000
inc_x_r = 0.000000, inc_y_r = 1.000000, inc_x_i = 1.000000, inc_y_i = 1.000000
En el else......

----------------------------------------
x = 55.000000, y = 89.000000
avance = -101.000000, avanceR = 2.000000, avanceI = 2.000000
inc_x_r = 0.000000, inc_y_r = 1.000000, inc_x_i = 1.000000, inc_y_i = 1.000000
En el else......

----------------------------------------
x = 55.000000, y = 90.000000
avance = -99.000000, avanceR = 2.000000, avanceI = 2.000000
inc_x_r = 0.000000, inc_y_r = 1.000000, inc_x_i = 1.000000, inc_y_i = 1.000000
En el else......

----------------------------------------
x = 55.000000, y = 91.000000
avance = -97.000000, avanceR = 2.000000, avanceI = 2.000000
inc_x_r = 0.000000, inc_y_r = 1.000000, inc_x_i = 1.000000, inc_y_i = 1.000000
En el else......

----------------------------------------
x = 55.000000, y = 92.000000
avance = -95.000000, avanceR = 2.000000, avanceI = 2.000000
inc_x_r = 0.000000, inc_y_r = 1.000000, inc_x_i = 1.000000, inc_y_i = 1.000000
En el else......

----------------------------------------
x = 55.000000, y = 93.000000
avance = -93.000000, avanceR = 2.000000, avanceI = 2.000000
inc_x_r = 0.000000, inc_y_r = 1.000000, inc_x_i = 1.000000, inc_y_i = 1.000000
En el else......

----------------------------------------
x = 55.000000, y = 94.000000
avance = -91.000000, avanceR = 2.000000, avanceI = 2.000000
inc_x_r = 0.000000, inc_y_r = 1.000000, inc_x_i = 1.000000, inc_y_i = 1.000000
En el else......

----------------------------------------
x = 55.000000, y = 95.000000
avance = -89.000000, avanceR = 2.000000, avanceI = 2.000000
inc_x_r = 0.000000, inc_y_r = 1.000000, inc_x_i = 1.000000, inc_y_i = 1.000000
En el else......

----------------------------------------
x = 55.000000, y = 96.000000
avance = -87.000000, avanceR = 2.000000, avanceI = 2.000000
inc_x_r = 0.000000, inc_y_r = 1.000000, inc_x_i = 1.000000, inc_y_i = 1.000000
En el else......

----------------------------------------
x = 55.000000, y = 97.000000
avance = -85.000000, avanceR = 2.000000, avanceI = 2.000000
inc_x_r = 0.000000, inc_y_r = 1.000000, inc_x_i = 1.000000, inc_y_i = 1.000000
En el else......

----------------------------------------
x = 55.000000, y = 98.000000
avance = -83.000000, avanceR = 2.000000, avanceI = 2.000000
inc_x_r = 0.000000, inc_y_r = 1.000000, inc_x_i = 1.000000, inc_y_i = 1.000000
En el else......

----------------------------------------
x = 55.000000, y = 99.000000
avance = -81.000000, avanceR = 2.000000, avanceI = 2.000000
inc_x_r = 0.000000, inc_y_r = 1.000000, inc_x_i = 1.000000, inc_y_i = 1.000000
En el else......

----------------------------------------
x = 55.000000, y = 100.000000
avance = -79.000000, avanceR = 2.000000, avanceI = 2.000000
inc_x_r = 0.000000, inc_y_r = 1.000000, inc_x_i = 1.000000, inc_y_i = 1.000000
En el else......

----------------------------------------
x = 55.000000, y = 101.000000
avance = -77.000000, avanceR = 2.000000, avanceI = 2.000000
inc_x_r = 0.000000, inc_y_r = 1.000000, inc_x_i = 1.000000, inc_y_i = 1.000000
En el else......

----------------------------------------
x = 55.000000, y = 102.000000
avance = -75.000000, avanceR = 2.000000, avanceI = 2.000000
inc_x_r = 0.000000, inc_y_r = 1.000000, inc_x_i = 1.000000, inc_y_i = 1.000000
En el else......

----------------------------------------
x = 55.000000, y = 103.000000
avance = -73.000000, avanceR = 2.000000, avanceI = 2.000000
inc_x_r = 0.000000, inc_y_r = 1.000000, inc_x_i = 1.000000, inc_y_i = 1.000000
En el else......

----------------------------------------
x = 55.000000, y = 104.000000
avance = -71.000000, avanceR = 2.000000, avanceI = 2.000000
inc_x_r = 0.000000, inc_y_r = 1.000000, inc_x_i = 1.000000, inc_y_i = 1.000000
En el else......

----------------------------------------
x = 55.000000, y = 105.000000
avance = -69.000000, avanceR = 2.000000, avanceI = 2.000000
inc_x_r = 0.000000, inc_y_r = 1.000000, inc_x_i = 1.000000, inc_y_i = 1.000000
En el else......

----------------------------------------
x = 55.000000, y = 106.000000
avance = -67.000000, avanceR = 2.000000, avanceI = 2.000000
inc_x_r = 0.000000, inc_y_r = 1.000000, inc_x_i = 1.000000, inc_y_i = 1.000000
En el else......

----------------------------------------
x = 55.000000, y = 107.000000
avance = -65.000000, avanceR = 2.000000, avanceI = 2.000000
inc_x_r = 0.000000, inc_y_r = 1.000000, inc_x_i = 1.000000, inc_y_i = 1.000000
En el else......

----------------------------------------
x = 55.000000, y = 108.000000
avance = -63.000000, avanceR = 2.000000, avanceI = 2.000000
inc_x_r = 0.000000, inc_y_r = 1.000000, inc_x_i = 1.000000, inc_y_i = 1.000000
En el else......

----------------------------------------
x = 55.000000, y = 109.000000
avance = -61.000000, avanceR = 2.000000, avanceI = 2.000000
inc_x_r = 0.000000, inc_y_r = 1.000000, inc_x_i = 1.000000, inc_y_i = 1.000000
En el else......

----------------------------------------
x = 55.000000, y = 110.000000
avance = -59.000000, avanceR = 2.000000, avanceI = 2.000000
inc_x_r = 0.000000, inc_y_r = 1.000000, inc_x_i = 1.000000, inc_y_i = 1.000000
En el else......

----------------------------------------
x = 55.000000, y = 111.000000
avance = -57.000000, avanceR = 2.000000, avanceI = 2.000000
inc_x_r = 0.000000, inc_y_r = 1.000000, inc_x_i = 1.000000, inc_y_i = 1.000000
En el else......

----------------------------------------
x = 55.000000, y = 112.000000
avance = -55.000000, avanceR = 2.000000, avanceI = 2.000000
inc_x_r = 0.000000, inc_y_r = 1.000000, inc_x_i = 1.000000, inc_y_i = 1.000000
En el else......

----------------------------------------
x = 55.000000, y = 113.000000
avance = -53.000000, avanceR = 2.000000, avanceI = 2.000000
inc_x_r = 0.000000, inc_y_r = 1.000000, inc_x_i = 1.000000, inc_y_i = 1.000000
En el else......

----------------------------------------
x = 55.000000, y = 114.000000
avance = -51.000000, avanceR = 2.000000, avanceI = 2.000000
inc_x_r = 0.000000, inc_y_r = 1.000000, inc_x_i = 1.000000, inc_y_i = 1.000000
En el else......

----------------------------------------
x = 55.000000, y = 115.000000
avance = -49.000000, avanceR = 2.000000, avanceI = 2.000000
inc_x_r = 0.000000, inc_y_r = 1.000000, inc_x_i = 1.000000, inc_y_i = 1.000000
En el else......

----------------------------------------
x = 55.000000, y = 116.000000
avance = -47.000000, avanceR = 2.000000, avanceI = 2.000000
inc_x_r = 0.000000, inc_y_r = 1.000000, inc_x_i = 1.000000, inc_y_i = 1.000000
En el else......

----------------------------------------
x = 55.000000, y = 117.000000
avance = -45.000000, avanceR = 2.000000, avanceI = 2.000000
inc_x_r = 0.000000, inc_y_r = 1.000000, inc_x_i = 1.000000, inc_y_i = 1.000000
En el else......

----------------------------------------
x = 55.000000, y = 118.000000
avance = -43.000000, avanceR = 2.000000, avanceI = 2.000000
inc_x_r = 0.000000, inc_y_r = 1.000000, inc_x_i = 1.000000, inc_y_i = 1.000000
En el else......

----------------------------------------
x = 55.000000, y = 119.000000
avance = -41.000000, avanceR = 2.000000, avanceI = 2.000000
inc_x_r = 0.000000, inc_y_r = 1.000000, inc_x_i = 1.000000, inc_y_i = 1.000000
En el else......

----------------------------------------
x = 55.000000, y = 120.000000
avance = -39.000000, avanceR = 2.000000, avanceI = 2.000000
inc_x_r = 0.000000, inc_y_r = 1.000000, inc_x_i = 1.000000, inc_y_i = 1.000000
En el else......

----------------------------------------
x = 55.000000, y = 121.000000
avance = -37.000000, avanceR = 2.000000, avanceI = 2.000000
inc_x_r = 0.000000, inc_y_r = 1.000000, inc_x_i = 1.000000, inc_y_i = 1.000000
En el else......

----------------------------------------
x = 55.000000, y = 122.000000
avance = -35.000000, avanceR = 2.000000, avanceI = 2.000000
inc_x_r = 0.000000, inc_y_r = 1.000000, inc_x_i = 1.000000, inc_y_i = 1.000000
En el else......

----------------------------------------
x = 55.000000, y = 123.000000
avance = -33.000000, avanceR = 2.000000, avanceI = 2.000000
inc_x_r = 0.000000, inc_y_r = 1.000000, inc_x_i = 1.000000, inc_y_i = 1.000000
En el else......

----------------------------------------
x = 55.000000, y = 124.000000
avance = -31.000000, avanceR = 2.000000, avanceI = 2.000000
inc_x_r = 0.000000, inc_y_r = 1.000000, inc_x_i = 1.000000, inc_y_i = 1.000000
En el else......

----------------------------------------
x = 55.000000, y = 125.000000
avance = -29.000000, avanceR = 2.000000, avanceI = 2.000000
inc_x_r = 0.000000, inc_y_r = 1.000000, inc_x_i = 1.000000, inc_y_i = 1.000000
En el else......

----------------------------------------
x = 55.000000, y = 126.000000
avance = -27.000000, avanceR = 2.000000, avanceI = 2.000000
inc_x_r = 0.000000, inc_y_r = 1.000000, inc_x_i = 1.000000, inc_y_i = 1.000000
En el else......

----------------------------------------
x = 55.000000, y = 127.000000
avance = -25.000000, avanceR = 2.000000, avanceI = 2.000000
inc_x_r = 0.000000, inc_y_r = 1.000000, inc_x_i = 1.000000, inc_y_i = 1.000000
En el else......

----------------------------------------
x = 55.000000, y = 128.000000
avance = -23.000000, avanceR = 2.000000, avanceI = 2.000000
inc_x_r = 0.000000, inc_y_r = 1.000000, inc_x_i = 1.000000, inc_y_i = 1.000000
En el else......

----------------------------------------
x = 55.000000, y = 129.000000
avance = -21.000000, avanceR = 2.000000, avanceI = 2.000000
inc_x_r = 0.000000, inc_y_r = 1.000000, inc_x_i = 1.000000, inc_y_i = 1.000000
En el else......

----------------------------------------
x = 55.000000, y = 130.000000
avance = -19.000000, avanceR = 2.000000, avanceI = 2.000000
inc_x_r = 0.000000, inc_y_r = 1.000000, inc_x_i = 1.000000, inc_y_i = 1.000000
En el else......

----------------------------------------
x = 55.000000, y = 131.000000
avance = -17.000000, avanceR = 2.000000, avanceI = 2.000000
inc_x_r = 0.000000, inc_y_r = 1.000000, inc_x_i = 1.000000, inc_y_i = 1.000000
En el else......

----------------------------------------
x = 55.000000, y = 132.000000
avance = -15.000000, avanceR = 2.000000, avanceI = 2.000000
inc_x_r = 0.000000, inc_y_r = 1.000000, inc_x_i = 1.000000, inc_y_i = 1.000000
En el else......

----------------------------------------
x = 55.000000, y = 133.000000
avance = -13.000000, avanceR = 2.000000, avanceI = 2.000000
inc_x_r = 0.000000, inc_y_r = 1.000000, inc_x_i = 1.000000, inc_y_i = 1.000000
En el else......

----------------------------------------
x = 55.000000, y = 134.000000
avance = -11.000000, avanceR = 2.000000, avanceI = 2.000000
inc_x_r = 0.000000, inc_y_r = 1.000000, inc_x_i = 1.000000, inc_y_i = 1.000000
En el else......

----------------------------------------
x = 55.000000, y = 135.000000
avance = -9.000000, avanceR = 2.000000, avanceI = 2.000000
inc_x_r = 0.000000, inc_y_r = 1.000000, inc_x_i = 1.000000, inc_y_i = 1.000000
En el else......

----------------------------------------
x = 55.000000, y = 136.000000
avance = -7.000000, avanceR = 2.000000, avanceI = 2.000000
inc_x_r = 0.000000, inc_y_r = 1.000000, inc_x_i = 1.000000, inc_y_i = 1.000000
En el else......

----------------------------------------
x = 55.000000, y = 137.000000
avance = -5.000000, avanceR = 2.000000, avanceI = 2.000000
inc_x_r = 0.000000, inc_y_r = 1.000000, inc_x_i = 1.000000, inc_y_i = 1.000000
En el else......

----------------------------------------
x = 55.000000, y = 138.000000
avance = -3.000000, avanceR = 2.000000, avanceI = 2.000000
inc_x_r = 0.000000, inc_y_r = 1.000000, inc_x_i = 1.000000, inc_y_i = 1.000000
En el else......

----------------------------------------
x = 55.000000, y = 139.000000
avance = -1.000000, avanceR = 2.000000, avanceI = 2.000000
inc_x_r = 0.000000, inc_y_r = 1.000000, inc_x_i = 1.000000, inc_y_i = 1.000000
En el else......

----------------------------------------
x = 55.000000, y = 140.000000
avance = 1.000000, avanceR = 2.000000, avanceI = 2.000000
inc_x_r = 0.000000, inc_y_r = 1.000000, inc_x_i = 1.000000, inc_y_i = 1.000000
avance >= 0

----------------------------------------
x = 56.000000, y = 141.000000
avance = -499.000000, avanceR = 2.000000, avanceI = 2.000000
inc_x_r = 0.000000, inc_y_r = 1.000000, inc_x_i = 1.000000, inc_y_i = 1.000000
En el else......

----------------------------------------
x = 56.000000, y = 142.000000
avance = -497.000000, avanceR = 2.000000, avanceI = 2.000000
inc_x_r = 0.000000, inc_y_r = 1.000000, inc_x_i = 1.000000, inc_y_i = 1.000000
En el else......

----------------------------------------
x = 56.000000, y = 143.000000
avance = -495.000000, avanceR = 2.000000, avanceI = 2.000000
inc_x_r = 0.000000, inc_y_r = 1.000000, inc_x_i = 1.000000, inc_y_i = 1.000000
En el else......

----------------------------------------
x = 56.000000, y = 144.000000
avance = -493.000000, avanceR = 2.000000, avanceI = 2.000000
inc_x_r = 0.000000, inc_y_r = 1.000000, inc_x_i = 1.000000, inc_y_i = 1.000000
En el else......

----------------------------------------
x = 56.000000, y = 145.000000
avance = -491.000000, avanceR = 2.000000, avanceI = 2.000000
inc_x_r = 0.000000, inc_y_r = 1.000000, inc_x_i = 1.000000, inc_y_i = 1.000000
En el else......

----------------------------------------
x = 56.000000, y = 146.000000
avance = -489.000000, avanceR = 2.000000, avanceI = 2.000000
inc_x_r = 0.000000, inc_y_r = 1.000000, inc_x_i = 1.000000, inc_y_i = 1.000000
En el else......

----------------------------------------
x = 56.000000, y = 147.000000
avance = -487.000000, avanceR = 2.000000, avanceI = 2.000000
inc_x_r = 0.000000, inc_y_r = 1.000000, inc_x_i = 1.000000, inc_y_i = 1.000000
En el else......

----------------------------------------
x = 56.000000, y = 148.000000
avance = -485.000000, avanceR = 2.000000, avanceI = 2.000000
inc_x_r = 0.000000, inc_y_r = 1.000000, inc_x_i = 1.000000, inc_y_i = 1.000000
En el else......

----------------------------------------
x = 56.000000, y = 149.000000
avance = -483.000000, avanceR = 2.000000, avanceI = 2.000000
inc_x_r = 0.000000, inc_y_r = 1.000000, inc_x_i = 1.000000, inc_y_i = 1.000000
En el else......

----------------------------------------
x = 56.000000, y = 150.000000
avance = -481.000000, avanceR = 2.000000, avanceI = 2.000000
inc_x_r = 0.000000, inc_y_r = 1.000000, inc_x_i = 1.000000, inc_y_i = 1.000000
En el else......

----------------------------------------
x = 56.000000, y = 151.000000
avance = -479.000000, avanceR = 2.000000, avanceI = 2.000000
inc_x_r = 0.000000, inc_y_r = 1.000000, inc_x_i = 1.000000, inc_y_i = 1.000000
En el else......

----------------------------------------
x = 56.000000, y = 152.000000
avance = -477.000000, avanceR = 2.000000, avanceI = 2.000000
inc_x_r = 0.000000, inc_y_r = 1.000000, inc_x_i = 1.000000, inc_y_i = 1.000000
En el else......

----------------------------------------
x = 56.000000, y = 153.000000
avance = -475.000000, avanceR = 2.000000, avanceI = 2.000000
inc_x_r = 0.000000, inc_y_r = 1.000000, inc_x_i = 1.000000, inc_y_i = 1.000000
En el else......

----------------------------------------
x = 56.000000, y = 154.000000
avance = -473.000000, avanceR = 2.000000, avanceI = 2.000000
inc_x_r = 0.000000, inc_y_r = 1.000000, inc_x_i = 1.000000, inc_y_i = 1.000000
En el else......

----------------------------------------
x = 56.000000, y = 155.000000
avance = -471.000000, avanceR = 2.000000, avanceI = 2.000000
inc_x_r = 0.000000, inc_y_r = 1.000000, inc_x_i = 1.000000, inc_y_i = 1.000000
En el else......

----------------------------------------
x = 56.000000, y = 156.000000
avance = -469.000000, avanceR = 2.000000, avanceI = 2.000000
inc_x_r = 0.000000, inc_y_r = 1.000000, inc_x_i = 1.000000, inc_y_i = 1.000000
En el else......

----------------------------------------
x = 56.000000, y = 157.000000
avance = -467.000000, avanceR = 2.000000, avanceI = 2.000000
inc_x_r = 0.000000, inc_y_r = 1.000000, inc_x_i = 1.000000, inc_y_i = 1.000000
En el else......

----------------------------------------
x = 56.000000, y = 158.000000
avance = -465.000000, avanceR = 2.000000, avanceI = 2.000000
inc_x_r = 0.000000, inc_y_r = 1.000000, inc_x_i = 1.000000, inc_y_i = 1.000000
En el else......

----------------------------------------
x = 56.000000, y = 159.000000
avance = -463.000000, avanceR = 2.000000, avanceI = 2.000000
inc_x_r = 0.000000, inc_y_r = 1.000000, inc_x_i = 1.000000, inc_y_i = 1.000000
En el else......

----------------------------------------
x = 56.000000, y = 160.000000
avance = -461.000000, avanceR = 2.000000, avanceI = 2.000000
inc_x_r = 0.000000, inc_y_r = 1.000000, inc_x_i = 1.000000, inc_y_i = 1.000000
En el else......

----------------------------------------
x = 56.000000, y = 161.000000
avance = -459.000000, avanceR = 2.000000, avanceI = 2.000000
inc_x_r = 0.000000, inc_y_r = 1.000000, inc_x_i = 1.000000, inc_y_i = 1.000000
En el else......

----------------------------------------
x = 56.000000, y = 162.000000
avance = -457.000000, avanceR = 2.000000, avanceI = 2.000000
inc_x_r = 0.000000, inc_y_r = 1.000000, inc_x_i = 1.000000, inc_y_i = 1.000000
En el else......

----------------------------------------
x = 56.000000, y = 163.000000
avance = -455.000000, avanceR = 2.000000, avanceI = 2.000000
inc_x_r = 0.000000, inc_y_r = 1.000000, inc_x_i = 1.000000, inc_y_i = 1.000000
En el else......

----------------------------------------
x = 56.000000, y = 164.000000
avance = -453.000000, avanceR = 2.000000, avanceI = 2.000000
inc_x_r = 0.000000, inc_y_r = 1.000000, inc_x_i = 1.000000, inc_y_i = 1.000000
En el else......

----------------------------------------
x = 56.000000, y = 165.000000
avance = -451.000000, avanceR = 2.000000, avanceI = 2.000000
inc_x_r = 0.000000, inc_y_r = 1.000000, inc_x_i = 1.000000, inc_y_i = 1.000000
En el else......

----------------------------------------
x = 56.000000, y = 166.000000
avance = -449.000000, avanceR = 2.000000, avanceI = 2.000000
inc_x_r = 0.000000, inc_y_r = 1.000000, inc_x_i = 1.000000, inc_y_i = 1.000000
En el else......

----------------------------------------
x = 56.000000, y = 167.000000
avance = -447.000000, avanceR = 2.000000, avanceI = 2.000000
inc_x_r = 0.000000, inc_y_r = 1.000000, inc_x_i = 1.000000, inc_y_i = 1.000000
En el else......

----------------------------------------
x = 56.000000, y = 168.000000
avance = -445.000000, avanceR = 2.000000, avanceI = 2.000000
inc_x_r = 0.000000, inc_y_r = 1.000000, inc_x_i = 1.000000, inc_y_i = 1.000000
En el else......

----------------------------------------
x = 56.000000, y = 169.000000
avance = -443.000000, avanceR = 2.000000, avanceI = 2.000000
inc_x_r = 0.000000, inc_y_r = 1.000000, inc_x_i = 1.000000, inc_y_i = 1.000000
En el else......

----------------------------------------
x = 56.000000, y = 170.000000
avance = -441.000000, avanceR = 2.000000, avanceI = 2.000000
inc_x_r = 0.000000, inc_y_r = 1.000000, inc_x_i = 1.000000, inc_y_i = 1.000000
En el else......

----------------------------------------
x = 56.000000, y = 171.000000
avance = -439.000000, avanceR = 2.000000, avanceI = 2.000000
inc_x_r = 0.000000, inc_y_r = 1.000000, inc_x_i = 1.000000, inc_y_i = 1.000000
En el else......

----------------------------------------
x = 56.000000, y = 172.000000
avance = -437.000000, avanceR = 2.000000, avanceI = 2.000000
inc_x_r = 0.000000, inc_y_r = 1.000000, inc_x_i = 1.000000, inc_y_i = 1.000000
En el else......

----------------------------------------
x = 56.000000, y = 173.000000
avance = -435.000000, avanceR = 2.000000, avanceI = 2.000000
inc_x_r = 0.000000, inc_y_r = 1.000000, inc_x_i = 1.000000, inc_y_i = 1.000000
En el else......

----------------------------------------
x = 56.000000, y = 174.000000
avance = -433.000000, avanceR = 2.000000, avanceI = 2.000000
inc_x_r = 0.000000, inc_y_r = 1.000000, inc_x_i = 1.000000, inc_y_i = 1.000000
En el else......

----------------------------------------
x = 56.000000, y = 175.000000
avance = -431.000000, avanceR = 2.000000, avanceI = 2.000000
inc_x_r = 0.000000, inc_y_r = 1.000000, inc_x_i = 1.000000, inc_y_i = 1.000000
En el else......

----------------------------------------
x = 56.000000, y = 176.000000
avance = -429.000000, avanceR = 2.000000, avanceI = 2.000000
inc_x_r = 0.000000, inc_y_r = 1.000000, inc_x_i = 1.000000, inc_y_i = 1.000000
En el else......

----------------------------------------
x = 56.000000, y = 177.000000
avance = -427.000000, avanceR = 2.000000, avanceI = 2.000000
inc_x_r = 0.000000, inc_y_r = 1.000000, inc_x_i = 1.000000, inc_y_i = 1.000000
En el else......

----------------------------------------
x = 56.000000, y = 178.000000
avance = -425.000000, avanceR = 2.000000, avanceI = 2.000000
inc_x_r = 0.000000, inc_y_r = 1.000000, inc_x_i = 1.000000, inc_y_i = 1.000000
En el else......

----------------------------------------
x = 56.000000, y = 179.000000
avance = -423.000000, avanceR = 2.000000, avanceI = 2.000000
inc_x_r = 0.000000, inc_y_r = 1.000000, inc_x_i = 1.000000, inc_y_i = 1.000000
En el else......

----------------------------------------
x = 56.000000, y = 180.000000
avance = -421.000000, avanceR = 2.000000, avanceI = 2.000000
inc_x_r = 0.000000, inc_y_r = 1.000000, inc_x_i = 1.000000, inc_y_i = 1.000000
En el else......

----------------------------------------
x = 56.000000, y = 181.000000
avance = -419.000000, avanceR = 2.000000, avanceI = 2.000000
inc_x_r = 0.000000, inc_y_r = 1.000000, inc_x_i = 1.000000, inc_y_i = 1.000000
En el else......

----------------------------------------
x = 56.000000, y = 182.000000
avance = -417.000000, avanceR = 2.000000, avanceI = 2.000000
inc_x_r = 0.000000, inc_y_r = 1.000000, inc_x_i = 1.000000, inc_y_i = 1.000000
En el else......

----------------------------------------
x = 56.000000, y = 183.000000
avance = -415.000000, avanceR = 2.000000, avanceI = 2.000000
inc_x_r = 0.000000, inc_y_r = 1.000000, inc_x_i = 1.000000, inc_y_i = 1.000000
En el else......

----------------------------------------
x = 56.000000, y = 184.000000
avance = -413.000000, avanceR = 2.000000, avanceI = 2.000000
inc_x_r = 0.000000, inc_y_r = 1.000000, inc_x_i = 1.000000, inc_y_i = 1.000000
En el else......

----------------------------------------
x = 56.000000, y = 185.000000
avance = -411.000000, avanceR = 2.000000, avanceI = 2.000000
inc_x_r = 0.000000, inc_y_r = 1.000000, inc_x_i = 1.000000, inc_y_i = 1.000000
En el else......

----------------------------------------
x = 56.000000, y = 186.000000
avance = -409.000000, avanceR = 2.000000, avanceI = 2.000000
inc_x_r = 0.000000, inc_y_r = 1.000000, inc_x_i = 1.000000, inc_y_i = 1.000000
En el else......

----------------------------------------
x = 56.000000, y = 187.000000
avance = -407.000000, avanceR = 2.000000, avanceI = 2.000000
inc_x_r = 0.000000, inc_y_r = 1.000000, inc_x_i = 1.000000, inc_y_i = 1.000000
En el else......

----------------------------------------
x = 56.000000, y = 188.000000
avance = -405.000000, avanceR = 2.000000, avanceI = 2.000000
inc_x_r = 0.000000, inc_y_r = 1.000000, inc_x_i = 1.000000, inc_y_i = 1.000000
En el else......

----------------------------------------
x = 56.000000, y = 189.000000
avance = -403.000000, avanceR = 2.000000, avanceI = 2.000000
inc_x_r = 0.000000, inc_y_r = 1.000000, inc_x_i = 1.000000, inc_y_i = 1.000000
En el else......

----------------------------------------
x = 56.000000, y = 190.000000
avance = -401.000000, avanceR = 2.000000, avanceI = 2.000000
inc_x_r = 0.000000, inc_y_r = 1.000000, inc_x_i = 1.000000, inc_y_i = 1.000000
En el else......

----------------------------------------
x = 56.000000, y = 191.000000
avance = -399.000000, avanceR = 2.000000, avanceI = 2.000000
inc_x_r = 0.000000, inc_y_r = 1.000000, inc_x_i = 1.000000, inc_y_i = 1.000000
En el else......

----------------------------------------
x = 56.000000, y = 192.000000
avance = -397.000000, avanceR = 2.000000, avanceI = 2.000000
inc_x_r = 0.000000, inc_y_r = 1.000000, inc_x_i = 1.000000, inc_y_i = 1.000000
En el else......

----------------------------------------
x = 56.000000, y = 193.000000
avance = -395.000000, avanceR = 2.000000, avanceI = 2.000000
inc_x_r = 0.000000, inc_y_r = 1.000000, inc_x_i = 1.000000, inc_y_i = 1.000000
En el else......

----------------------------------------
x = 56.000000, y = 194.000000
avance = -393.000000, avanceR = 2.000000, avanceI = 2.000000
inc_x_r = 0.000000, inc_y_r = 1.000000, inc_x_i = 1.000000, inc_y_i = 1.000000
En el else......

----------------------------------------
x = 56.000000, y = 195.000000
avance = -391.000000, avanceR = 2.000000, avanceI = 2.000000
inc_x_r = 0.000000, inc_y_r = 1.000000, inc_x_i = 1.000000, inc_y_i = 1.000000
En el else......

----------------------------------------
x = 56.000000, y = 196.000000
avance = -389.000000, avanceR = 2.000000, avanceI = 2.000000
inc_x_r = 0.000000, inc_y_r = 1.000000, inc_x_i = 1.000000, inc_y_i = 1.000000
En el else......

----------------------------------------
x = 56.000000, y = 197.000000
avance = -387.000000, avanceR = 2.000000, avanceI = 2.000000
inc_x_r = 0.000000, inc_y_r = 1.000000, inc_x_i = 1.000000, inc_y_i = 1.000000
En el else......

----------------------------------------
x = 56.000000, y = 198.000000
avance = -385.000000, avanceR = 2.000000, avanceI = 2.000000
inc_x_r = 0.000000, inc_y_r = 1.000000, inc_x_i = 1.000000, inc_y_i = 1.000000
En el else......

----------------------------------------
x = 56.000000, y = 199.000000
avance = -383.000000, avanceR = 2.000000, avanceI = 2.000000
inc_x_r = 0.000000, inc_y_r = 1.000000, inc_x_i = 1.000000, inc_y_i = 1.000000
En el else......

----------------------------------------
x = 56.000000, y = 200.000000
avance = -381.000000, avanceR = 2.000000, avanceI = 2.000000
inc_x_r = 0.000000, inc_y_r = 1.000000, inc_x_i = 1.000000, inc_y_i = 1.000000
En el else......

----------------------------------------
x = 56.000000, y = 201.000000
avance = -379.000000, avanceR = 2.000000, avanceI = 2.000000
inc_x_r = 0.000000, inc_y_r = 1.000000, inc_x_i = 1.000000, inc_y_i = 1.000000
En el else......

----------------------------------------
x = 56.000000, y = 202.000000
avance = -377.000000, avanceR = 2.000000, avanceI = 2.000000
inc_x_r = 0.000000, inc_y_r = 1.000000, inc_x_i = 1.000000, inc_y_i = 1.000000
En el else......

----------------------------------------
x = 56.000000, y = 203.000000
avance = -375.000000, avanceR = 2.000000, avanceI = 2.000000
inc_x_r = 0.000000, inc_y_r = 1.000000, inc_x_i = 1.000000, inc_y_i = 1.000000
En el else......

----------------------------------------
x = 56.000000, y = 204.000000
avance = -373.000000, avanceR = 2.000000, avanceI = 2.000000
inc_x_r = 0.000000, inc_y_r = 1.000000, inc_x_i = 1.000000, inc_y_i = 1.000000
En el else......

----------------------------------------
x = 56.000000, y = 205.000000
avance = -371.000000, avanceR = 2.000000, avanceI = 2.000000
inc_x_r = 0.000000, inc_y_r = 1.000000, inc_x_i = 1.000000, inc_y_i = 1.000000
En el else......

----------------------------------------
x = 56.000000, y = 206.000000
avance = -369.000000, avanceR = 2.000000, avanceI = 2.000000
inc_x_r = 0.000000, inc_y_r = 1.000000, inc_x_i = 1.000000, inc_y_i = 1.000000
En el else......

----------------------------------------
x = 56.000000, y = 207.000000
avance = -367.000000, avanceR = 2.000000, avanceI = 2.000000
inc_x_r = 0.000000, inc_y_r = 1.000000, inc_x_i = 1.000000, inc_y_i = 1.000000
En el else......

----------------------------------------
x = 56.000000, y = 208.000000
avance = -365.000000, avanceR = 2.000000, avanceI = 2.000000
inc_x_r = 0.000000, inc_y_r = 1.000000, inc_x_i = 1.000000, inc_y_i = 1.000000
En el else......

----------------------------------------
x = 56.000000, y = 209.000000
avance = -363.000000, avanceR = 2.000000, avanceI = 2.000000
inc_x_r = 0.000000, inc_y_r = 1.000000, inc_x_i = 1.000000, inc_y_i = 1.000000
En el else......

----------------------------------------
x = 56.000000, y = 210.000000
avance = -361.000000, avanceR = 2.000000, avanceI = 2.000000
inc_x_r = 0.000000, inc_y_r = 1.000000, inc_x_i = 1.000000, inc_y_i = 1.000000
En el else......

----------------------------------------
x = 56.000000, y = 211.000000
avance = -359.000000, avanceR = 2.000000, avanceI = 2.000000
inc_x_r = 0.000000, inc_y_r = 1.000000, inc_x_i = 1.000000, inc_y_i = 1.000000
En el else......

----------------------------------------
x = 56.000000, y = 212.000000
avance = -357.000000, avanceR = 2.000000, avanceI = 2.000000
inc_x_r = 0.000000, inc_y_r = 1.000000, inc_x_i = 1.000000, inc_y_i = 1.000000
En el else......

----------------------------------------
x = 56.000000, y = 213.000000
avance = -355.000000, avanceR = 2.000000, avanceI = 2.000000
inc_x_r = 0.000000, inc_y_r = 1.000000, inc_x_i = 1.000000, inc_y_i = 1.000000
En el else......

----------------------------------------
x = 56.000000, y = 214.000000
avance = -353.000000, avanceR = 2.000000, avanceI = 2.000000
inc_x_r = 0.000000, inc_y_r = 1.000000, inc_x_i = 1.000000, inc_y_i = 1.000000
En el else......

----------------------------------------
x = 56.000000, y = 215.000000
avance = -351.000000, avanceR = 2.000000, avanceI = 2.000000
inc_x_r = 0.000000, inc_y_r = 1.000000, inc_x_i = 1.000000, inc_y_i = 1.000000
En el else......

----------------------------------------
x = 56.000000, y = 216.000000
avance = -349.000000, avanceR = 2.000000, avanceI = 2.000000
inc_x_r = 0.000000, inc_y_r = 1.000000, inc_x_i = 1.000000, inc_y_i = 1.000000
En el else......

----------------------------------------
x = 56.000000, y = 217.000000
avance = -347.000000, avanceR = 2.000000, avanceI = 2.000000
inc_x_r = 0.000000, inc_y_r = 1.000000, inc_x_i = 1.000000, inc_y_i = 1.000000
En el else......

----------------------------------------
x = 56.000000, y = 218.000000
avance = -345.000000, avanceR = 2.000000, avanceI = 2.000000
inc_x_r = 0.000000, inc_y_r = 1.000000, inc_x_i = 1.000000, inc_y_i = 1.000000
En el else......

----------------------------------------
x = 56.000000, y = 219.000000
avance = -343.000000, avanceR = 2.000000, avanceI = 2.000000
inc_x_r = 0.000000, inc_y_r = 1.000000, inc_x_i = 1.000000, inc_y_i = 1.000000
En el else......

----------------------------------------
x = 56.000000, y = 220.000000
avance = -341.000000, avanceR = 2.000000, avanceI = 2.000000
inc_x_r = 0.000000, inc_y_r = 1.000000, inc_x_i = 1.000000, inc_y_i = 1.000000
En el else......

----------------------------------------
x = 56.000000, y = 221.000000
avance = -339.000000, avanceR = 2.000000, avanceI = 2.000000
inc_x_r = 0.000000, inc_y_r = 1.000000, inc_x_i = 1.000000, inc_y_i = 1.000000
En el else......

----------------------------------------
x = 56.000000, y = 222.000000
avance = -337.000000, avanceR = 2.000000, avanceI = 2.000000
inc_x_r = 0.000000, inc_y_r = 1.000000, inc_x_i = 1.000000, inc_y_i = 1.000000
En el else......

----------------------------------------
x = 56.000000, y = 223.000000
avance = -335.000000, avanceR = 2.000000, avanceI = 2.000000
inc_x_r = 0.000000, inc_y_r = 1.000000, inc_x_i = 1.000000, inc_y_i = 1.000000
En el else......

----------------------------------------
x = 56.000000, y = 224.000000
avance = -333.000000, avanceR = 2.000000, avanceI = 2.000000
inc_x_r = 0.000000, inc_y_r = 1.000000, inc_x_i = 1.000000, inc_y_i = 1.000000
En el else......

----------------------------------------
x = 56.000000, y = 225.000000
avance = -331.000000, avanceR = 2.000000, avanceI = 2.000000
inc_x_r = 0.000000, inc_y_r = 1.000000, inc_x_i = 1.000000, inc_y_i = 1.000000
En el else......

----------------------------------------
x = 56.000000, y = 226.000000
avance = -329.000000, avanceR = 2.000000, avanceI = 2.000000
inc_x_r = 0.000000, inc_y_r = 1.000000, inc_x_i = 1.000000, inc_y_i = 1.000000
En el else......

----------------------------------------
x = 56.000000, y = 227.000000
avance = -327.000000, avanceR = 2.000000, avanceI = 2.000000
inc_x_r = 0.000000, inc_y_r = 1.000000, inc_x_i = 1.000000, inc_y_i = 1.000000
En el else......

----------------------------------------
x = 56.000000, y = 228.000000
avance = -325.000000, avanceR = 2.000000, avanceI = 2.000000
inc_x_r = 0.000000, inc_y_r = 1.000000, inc_x_i = 1.000000, inc_y_i = 1.000000
En el else......

----------------------------------------
x = 56.000000, y = 229.000000
avance = -323.000000, avanceR = 2.000000, avanceI = 2.000000
inc_x_r = 0.000000, inc_y_r = 1.000000, inc_x_i = 1.000000, inc_y_i = 1.000000
En el else......

----------------------------------------
x = 56.000000, y = 230.000000
avance = -321.000000, avanceR = 2.000000, avanceI = 2.000000
inc_x_r = 0.000000, inc_y_r = 1.000000, inc_x_i = 1.000000, inc_y_i = 1.000000
En el else......

----------------------------------------
x = 56.000000, y = 231.000000
avance = -319.000000, avanceR = 2.000000, avanceI = 2.000000
inc_x_r = 0.000000, inc_y_r = 1.000000, inc_x_i = 1.000000, inc_y_i = 1.000000
En el else......

----------------------------------------
x = 56.000000, y = 232.000000
avance = -317.000000, avanceR = 2.000000, avanceI = 2.000000
inc_x_r = 0.000000, inc_y_r = 1.000000, inc_x_i = 1.000000, inc_y_i = 1.000000
En el else......

----------------------------------------
x = 56.000000, y = 233.000000
avance = -315.000000, avanceR = 2.000000, avanceI = 2.000000
inc_x_r = 0.000000, inc_y_r = 1.000000, inc_x_i = 1.000000, inc_y_i = 1.000000
En el else......

----------------------------------------
x = 56.000000, y = 234.000000
avance = -313.000000, avanceR = 2.000000, avanceI = 2.000000
inc_x_r = 0.000000, inc_y_r = 1.000000, inc_x_i = 1.000000, inc_y_i = 1.000000
En el else......

----------------------------------------
x = 56.000000, y = 235.000000
avance = -311.000000, avanceR = 2.000000, avanceI = 2.000000
inc_x_r = 0.000000, inc_y_r = 1.000000, inc_x_i = 1.000000, inc_y_i = 1.000000
En el else......

----------------------------------------
x = 56.000000, y = 236.000000
avance = -309.000000, avanceR = 2.000000, avanceI = 2.000000
inc_x_r = 0.000000, inc_y_r = 1.000000, inc_x_i = 1.000000, inc_y_i = 1.000000
En el else......

----------------------------------------
x = 56.000000, y = 237.000000
avance = -307.000000, avanceR = 2.000000, avanceI = 2.000000
inc_x_r = 0.000000, inc_y_r = 1.000000, inc_x_i = 1.000000, inc_y_i = 1.000000
En el else......

----------------------------------------
x = 56.000000, y = 238.000000
avance = -305.000000, avanceR = 2.000000, avanceI = 2.000000
inc_x_r = 0.000000, inc_y_r = 1.000000, inc_x_i = 1.000000, inc_y_i = 1.000000
En el else......

----------------------------------------
x = 56.000000, y = 239.000000
avance = -303.000000, avanceR = 2.000000, avanceI = 2.000000
inc_x_r = 0.000000, inc_y_r = 1.000000, inc_x_i = 1.000000, inc_y_i = 1.000000
En el else......

----------------------------------------
x = 56.000000, y = 240.000000
avance = -301.000000, avanceR = 2.000000, avanceI = 2.000000
inc_x_r = 0.000000, inc_y_r = 1.000000, inc_x_i = 1.000000, inc_y_i = 1.000000
En el else......

----------------------------------------
x = 56.000000, y = 241.000000
avance = -299.000000, avanceR = 2.000000, avanceI = 2.000000
inc_x_r = 0.000000, inc_y_r = 1.000000, inc_x_i = 1.000000, inc_y_i = 1.000000
En el else......

----------------------------------------
x = 56.000000, y = 242.000000
avance = -297.000000, avanceR = 2.000000, avanceI = 2.000000
inc_x_r = 0.000000, inc_y_r = 1.000000, inc_x_i = 1.000000, inc_y_i = 1.000000
En el else......

----------------------------------------
x = 56.000000, y = 243.000000
avance = -295.000000, avanceR = 2.000000, avanceI = 2.000000
inc_x_r = 0.000000, inc_y_r = 1.000000, inc_x_i = 1.000000, inc_y_i = 1.000000
En el else......

----------------------------------------
x = 56.000000, y = 244.000000
avance = -293.000000, avanceR = 2.000000, avanceI = 2.000000
inc_x_r = 0.000000, inc_y_r = 1.000000, inc_x_i = 1.000000, inc_y_i = 1.000000
En el else......

----------------------------------------
x = 56.000000, y = 245.000000
avance = -291.000000, avanceR = 2.000000, avanceI = 2.000000
inc_x_r = 0.000000, inc_y_r = 1.000000, inc_x_i = 1.000000, inc_y_i = 1.000000
En el else......

----------------------------------------
x = 56.000000, y = 246.000000
avance = -289.000000, avanceR = 2.000000, avanceI = 2.000000
inc_x_r = 0.000000, inc_y_r = 1.000000, inc_x_i = 1.000000, inc_y_i = 1.000000
En el else......

----------------------------------------
x = 56.000000, y = 247.000000
avance = -287.000000, avanceR = 2.000000, avanceI = 2.000000
inc_x_r = 0.000000, inc_y_r = 1.000000, inc_x_i = 1.000000, inc_y_i = 1.000000
En el else......

----------------------------------------
x = 56.000000, y = 248.000000
avance = -285.000000, avanceR = 2.000000, avanceI = 2.000000
inc_x_r = 0.000000, inc_y_r = 1.000000, inc_x_i = 1.000000, inc_y_i = 1.000000
En el else......

----------------------------------------
x = 56.000000, y = 249.000000
avance = -283.000000, avanceR = 2.000000, avanceI = 2.000000
inc_x_r = 0.000000, inc_y_r = 1.000000, inc_x_i = 1.000000, inc_y_i = 1.000000
En el else......

----------------------------------------
x = 56.000000, y = 250.000000
avance = -281.000000, avanceR = 2.000000, avanceI = 2.000000
inc_x_r = 0.000000, inc_y_r = 1.000000, inc_x_i = 1.000000, inc_y_i = 1.000000
En el else......

----------------------------------------
x = 56.000000, y = 251.000000
avance = -279.000000, avanceR = 2.000000, avanceI = 2.000000
inc_x_r = 0.000000, inc_y_r = 1.000000, inc_x_i = 1.000000, inc_y_i = 1.000000
En el else......

----------------------------------------
x = 56.000000, y = 252.000000
avance = -277.000000, avanceR = 2.000000, avanceI = 2.000000
inc_x_r = 0.000000, inc_y_r = 1.000000, inc_x_i = 1.000000, inc_y_i = 1.000000
En el else......

----------------------------------------
x = 56.000000, y = 253.000000
avance = -275.000000, avanceR = 2.000000, avanceI = 2.000000
inc_x_r = 0.000000, inc_y_r = 1.000000, inc_x_i = 1.000000, inc_y_i = 1.000000
En el else......

----------------------------------------
x = 56.000000, y = 254.000000
avance = -273.000000, avanceR = 2.000000, avanceI = 2.000000
inc_x_r = 0.000000, inc_y_r = 1.000000, inc_x_i = 1.000000, inc_y_i = 1.000000
En el else......

----------------------------------------
x = 56.000000, y = 255.000000
avance = -271.000000, avanceR = 2.000000, avanceI = 2.000000
inc_x_r = 0.000000, inc_y_r = 1.000000, inc_x_i = 1.000000, inc_y_i = 1.000000
En el else......

----------------------------------------
x = 56.000000, y = 256.000000
avance = -269.000000, avanceR = 2.000000, avanceI = 2.000000
inc_x_r = 0.000000, inc_y_r = 1.000000, inc_x_i = 1.000000, inc_y_i = 1.000000
En el else......

----------------------------------------
x = 56.000000, y = 257.000000
avance = -267.000000, avanceR = 2.000000, avanceI = 2.000000
inc_x_r = 0.000000, inc_y_r = 1.000000, inc_x_i = 1.000000, inc_y_i = 1.000000
En el else......

----------------------------------------
x = 56.000000, y = 258.000000
avance = -265.000000, avanceR = 2.000000, avanceI = 2.000000
inc_x_r = 0.000000, inc_y_r = 1.000000, inc_x_i = 1.000000, inc_y_i = 1.000000
En el else......

----------------------------------------
x = 56.000000, y = 259.000000
avance = -263.000000, avanceR = 2.000000, avanceI = 2.000000
inc_x_r = 0.000000, inc_y_r = 1.000000, inc_x_i = 1.000000, inc_y_i = 1.000000
En el else......

----------------------------------------
x = 56.000000, y = 260.000000
avance = -261.000000, avanceR = 2.000000, avanceI = 2.000000
inc_x_r = 0.000000, inc_y_r = 1.000000, inc_x_i = 1.000000, inc_y_i = 1.000000
En el else......

----------------------------------------
x = 56.000000, y = 261.000000
avance = -259.000000, avanceR = 2.000000, avanceI = 2.000000
inc_x_r = 0.000000, inc_y_r = 1.000000, inc_x_i = 1.000000, inc_y_i = 1.000000
En el else......

----------------------------------------
x = 56.000000, y = 262.000000
avance = -257.000000, avanceR = 2.000000, avanceI = 2.000000
inc_x_r = 0.000000, inc_y_r = 1.000000, inc_x_i = 1.000000, inc_y_i = 1.000000
En el else......

----------------------------------------
x = 56.000000, y = 263.000000
avance = -255.000000, avanceR = 2.000000, avanceI = 2.000000
inc_x_r = 0.000000, inc_y_r = 1.000000, inc_x_i = 1.000000, inc_y_i = 1.000000
En el else......

----------------------------------------
x = 56.000000, y = 264.000000
avance = -253.000000, avanceR = 2.000000, avanceI = 2.000000
inc_x_r = 0.000000, inc_y_r = 1.000000, inc_x_i = 1.000000, inc_y_i = 1.000000
En el else......

----------------------------------------
x = 56.000000, y = 265.000000
avance = -251.000000, avanceR = 2.000000, avanceI = 2.000000
inc_x_r = 0.000000, inc_y_r = 1.000000, inc_x_i = 1.000000, inc_y_i = 1.000000
En el else......

----------------------------------------


ENTRAMOS A BRESENHAMªªªª
x1 = 55.000000 - y1 = 15.000000 || x2 = 56.000000 - y2 = 266.000000
dy = 251.000000, dx = 1.000000
avances inclinados: inc_x_i = 1.000000, inc_y_i = 1.000000
updated: dy = 251.000000, dx = 1.000000
avances rectos: inc_x_r = 0.000000, inc_y_r 1.000000
reupdated: dy = 1.000000, dx = 251.000000
avanceR = 2.000000, avance -249.000000, avanceI 2.000000
----------------------------------------
x = 55.000000, y = 15.000000
avance = -249.000000, avanceR = 2.000000, avanceI = 2.000000
inc_x_r = 0.000000, inc_y_r = 1.000000, inc_x_i = 1.000000, inc_y_i = 1.000000
En el else......

----------------------------------------
x = 55.000000, y = 16.000000
avance = -247.000000, avanceR = 2.000000, avanceI = 2.000000
inc_x_r = 0.000000, inc_y_r = 1.000000, inc_x_i = 1.000000, inc_y_i = 1.000000
En el else......

----------------------------------------
x = 55.000000, y = 17.000000
avance = -245.000000, avanceR = 2.000000, avanceI = 2.000000
inc_x_r = 0.000000, inc_y_r = 1.000000, inc_x_i = 1.000000, inc_y_i = 1.000000
En el else......

----------------------------------------
x = 55.000000, y = 18.000000
avance = -243.000000, avanceR = 2.000000, avanceI = 2.000000
inc_x_r = 0.000000, inc_y_r = 1.000000, inc_x_i = 1.000000, inc_y_i = 1.000000
En el else......

----------------------------------------
x = 55.000000, y = 19.000000
avance = -241.000000, avanceR = 2.000000, avanceI = 2.000000
inc_x_r = 0.000000, inc_y_r = 1.000000, inc_x_i = 1.000000, inc_y_i = 1.000000
En el else......

----------------------------------------
x = 55.000000, y = 20.000000
avance = -239.000000, avanceR = 2.000000, avanceI = 2.000000
inc_x_r = 0.000000, inc_y_r = 1.000000, inc_x_i = 1.000000, inc_y_i = 1.000000
En el else......

----------------------------------------
x = 55.000000, y = 21.000000
avance = -237.000000, avanceR = 2.000000, avanceI = 2.000000
inc_x_r = 0.000000, inc_y_r = 1.000000, inc_x_i = 1.000000, inc_y_i = 1.000000
En el else......

----------------------------------------
x = 55.000000, y = 22.000000
avance = -235.000000, avanceR = 2.000000, avanceI = 2.000000
inc_x_r = 0.000000, inc_y_r = 1.000000, inc_x_i = 1.000000, inc_y_i = 1.000000
En el else......

----------------------------------------
x = 55.000000, y = 23.000000
avance = -233.000000, avanceR = 2.000000, avanceI = 2.000000
inc_x_r = 0.000000, inc_y_r = 1.000000, inc_x_i = 1.000000, inc_y_i = 1.000000
En el else......

----------------------------------------
x = 55.000000, y = 24.000000
avance = -231.000000, avanceR = 2.000000, avanceI = 2.000000
inc_x_r = 0.000000, inc_y_r = 1.000000, inc_x_i = 1.000000, inc_y_i = 1.000000
En el else......

----------------------------------------
x = 55.000000, y = 25.000000
avance = -229.000000, avanceR = 2.000000, avanceI = 2.000000
inc_x_r = 0.000000, inc_y_r = 1.000000, inc_x_i = 1.000000, inc_y_i = 1.000000
En el else......

----------------------------------------
x = 55.000000, y = 26.000000
avance = -227.000000, avanceR = 2.000000, avanceI = 2.000000
inc_x_r = 0.000000, inc_y_r = 1.000000, inc_x_i = 1.000000, inc_y_i = 1.000000
En el else......

----------------------------------------
x = 55.000000, y = 27.000000
avance = -225.000000, avanceR = 2.000000, avanceI = 2.000000
inc_x_r = 0.000000, inc_y_r = 1.000000, inc_x_i = 1.000000, inc_y_i = 1.000000
En el else......

----------------------------------------
x = 55.000000, y = 28.000000
avance = -223.000000, avanceR = 2.000000, avanceI = 2.000000
inc_x_r = 0.000000, inc_y_r = 1.000000, inc_x_i = 1.000000, inc_y_i = 1.000000
En el else......

----------------------------------------
x = 55.000000, y = 29.000000
avance = -221.000000, avanceR = 2.000000, avanceI = 2.000000
inc_x_r = 0.000000, inc_y_r = 1.000000, inc_x_i = 1.000000, inc_y_i = 1.000000
En el else......

----------------------------------------
x = 55.000000, y = 30.000000
avance = -219.000000, avanceR = 2.000000, avanceI = 2.000000
inc_x_r = 0.000000, inc_y_r = 1.000000, inc_x_i = 1.000000, inc_y_i = 1.000000
En el else......

----------------------------------------
x = 55.000000, y = 31.000000
avance = -217.000000, avanceR = 2.000000, avanceI = 2.000000
inc_x_r = 0.000000, inc_y_r = 1.000000, inc_x_i = 1.000000, inc_y_i = 1.000000
En el else......

----------------------------------------
x = 55.000000, y = 32.000000
avance = -215.000000, avanceR = 2.000000, avanceI = 2.000000
inc_x_r = 0.000000, inc_y_r = 1.000000, inc_x_i = 1.000000, inc_y_i = 1.000000
En el else......

----------------------------------------
x = 55.000000, y = 33.000000
avance = -213.000000, avanceR = 2.000000, avanceI = 2.000000
inc_x_r = 0.000000, inc_y_r = 1.000000, inc_x_i = 1.000000, inc_y_i = 1.000000
En el else......

----------------------------------------
x = 55.000000, y = 34.000000
avance = -211.000000, avanceR = 2.000000, avanceI = 2.000000
inc_x_r = 0.000000, inc_y_r = 1.000000, inc_x_i = 1.000000, inc_y_i = 1.000000
En el else......

----------------------------------------
x = 55.000000, y = 35.000000
avance = -209.000000, avanceR = 2.000000, avanceI = 2.000000
inc_x_r = 0.000000, inc_y_r = 1.000000, inc_x_i = 1.000000, inc_y_i = 1.000000
En el else......

----------------------------------------
x = 55.000000, y = 36.000000
avance = -207.000000, avanceR = 2.000000, avanceI = 2.000000
inc_x_r = 0.000000, inc_y_r = 1.000000, inc_x_i = 1.000000, inc_y_i = 1.000000
En el else......

----------------------------------------
x = 55.000000, y = 37.000000
avance = -205.000000, avanceR = 2.000000, avanceI = 2.000000
inc_x_r = 0.000000, inc_y_r = 1.000000, inc_x_i = 1.000000, inc_y_i = 1.000000
En el else......

----------------------------------------
x = 55.000000, y = 38.000000
avance = -203.000000, avanceR = 2.000000, avanceI = 2.000000
inc_x_r = 0.000000, inc_y_r = 1.000000, inc_x_i = 1.000000, inc_y_i = 1.000000
En el else......

----------------------------------------
x = 55.000000, y = 39.000000
avance = -201.000000, avanceR = 2.000000, avanceI = 2.000000
inc_x_r = 0.000000, inc_y_r = 1.000000, inc_x_i = 1.000000, inc_y_i = 1.000000
En el else......

----------------------------------------
x = 55.000000, y = 40.000000
avance = -199.000000, avanceR = 2.000000, avanceI = 2.000000
inc_x_r = 0.000000, inc_y_r = 1.000000, inc_x_i = 1.000000, inc_y_i = 1.000000
En el else......

----------------------------------------
x = 55.000000, y = 41.000000
avance = -197.000000, avanceR = 2.000000, avanceI = 2.000000
inc_x_r = 0.000000, inc_y_r = 1.000000, inc_x_i = 1.000000, inc_y_i = 1.000000
En el else......

----------------------------------------
x = 55.000000, y = 42.000000
avance = -195.000000, avanceR = 2.000000, avanceI = 2.000000
inc_x_r = 0.000000, inc_y_r = 1.000000, inc_x_i = 1.000000, inc_y_i = 1.000000
En el else......

----------------------------------------
x = 55.000000, y = 43.000000
avance = -193.000000, avanceR = 2.000000, avanceI = 2.000000
inc_x_r = 0.000000, inc_y_r = 1.000000, inc_x_i = 1.000000, inc_y_i = 1.000000
En el else......

----------------------------------------
x = 55.000000, y = 44.000000
avance = -191.000000, avanceR = 2.000000, avanceI = 2.000000
inc_x_r = 0.000000, inc_y_r = 1.000000, inc_x_i = 1.000000, inc_y_i = 1.000000
En el else......

----------------------------------------
x = 55.000000, y = 45.000000
avance = -189.000000, avanceR = 2.000000, avanceI = 2.000000
inc_x_r = 0.000000, inc_y_r = 1.000000, inc_x_i = 1.000000, inc_y_i = 1.000000
En el else......

----------------------------------------
x = 55.000000, y = 46.000000
avance = -187.000000, avanceR = 2.000000, avanceI = 2.000000
inc_x_r = 0.000000, inc_y_r = 1.000000, inc_x_i = 1.000000, inc_y_i = 1.000000
En el else......

----------------------------------------
x = 55.000000, y = 47.000000
avance = -185.000000, avanceR = 2.000000, avanceI = 2.000000
inc_x_r = 0.000000, inc_y_r = 1.000000, inc_x_i = 1.000000, inc_y_i = 1.000000
En el else......

----------------------------------------
x = 55.000000, y = 48.000000
avance = -183.000000, avanceR = 2.000000, avanceI = 2.000000
inc_x_r = 0.000000, inc_y_r = 1.000000, inc_x_i = 1.000000, inc_y_i = 1.000000
En el else......

----------------------------------------
x = 55.000000, y = 49.000000
avance = -181.000000, avanceR = 2.000000, avanceI = 2.000000
inc_x_r = 0.000000, inc_y_r = 1.000000, inc_x_i = 1.000000, inc_y_i = 1.000000
En el else......

----------------------------------------
x = 55.000000, y = 50.000000
avance = -179.000000, avanceR = 2.000000, avanceI = 2.000000
inc_x_r = 0.000000, inc_y_r = 1.000000, inc_x_i = 1.000000, inc_y_i = 1.000000
En el else......

----------------------------------------
x = 55.000000, y = 51.000000
avance = -177.000000, avanceR = 2.000000, avanceI = 2.000000
inc_x_r = 0.000000, inc_y_r = 1.000000, inc_x_i = 1.000000, inc_y_i = 1.000000
En el else......

----------------------------------------
x = 55.000000, y = 52.000000
avance = -175.000000, avanceR = 2.000000, avanceI = 2.000000
inc_x_r = 0.000000, inc_y_r = 1.000000, inc_x_i = 1.000000, inc_y_i = 1.000000
En el else......

----------------------------------------
x = 55.000000, y = 53.000000
avance = -173.000000, avanceR = 2.000000, avanceI = 2.000000
inc_x_r = 0.000000, inc_y_r = 1.000000, inc_x_i = 1.000000, inc_y_i = 1.000000
En el else......

----------------------------------------
x = 55.000000, y = 54.000000
avance = -171.000000, avanceR = 2.000000, avanceI = 2.000000
inc_x_r = 0.000000, inc_y_r = 1.000000, inc_x_i = 1.000000, inc_y_i = 1.000000
En el else......

----------------------------------------
x = 55.000000, y = 55.000000
avance = -169.000000, avanceR = 2.000000, avanceI = 2.000000
inc_x_r = 0.000000, inc_y_r = 1.000000, inc_x_i = 1.000000, inc_y_i = 1.000000
En el else......

----------------------------------------
x = 55.000000, y = 56.000000
avance = -167.000000, avanceR = 2.000000, avanceI = 2.000000
inc_x_r = 0.000000, inc_y_r = 1.000000, inc_x_i = 1.000000, inc_y_i = 1.000000
En el else......

----------------------------------------
x = 55.000000, y = 57.000000
avance = -165.000000, avanceR = 2.000000, avanceI = 2.000000
inc_x_r = 0.000000, inc_y_r = 1.000000, inc_x_i = 1.000000, inc_y_i = 1.000000
En el else......

----------------------------------------
x = 55.000000, y = 58.000000
avance = -163.000000, avanceR = 2.000000, avanceI = 2.000000
inc_x_r = 0.000000, inc_y_r = 1.000000, inc_x_i = 1.000000, inc_y_i = 1.000000
En el else......

----------------------------------------
x = 55.000000, y = 59.000000
avance = -161.000000, avanceR = 2.000000, avanceI = 2.000000
inc_x_r = 0.000000, inc_y_r = 1.000000, inc_x_i = 1.000000, inc_y_i = 1.000000
En el else......

----------------------------------------
x = 55.000000, y = 60.000000
avance = -159.000000, avanceR = 2.000000, avanceI = 2.000000
inc_x_r = 0.000000, inc_y_r = 1.000000, inc_x_i = 1.000000, inc_y_i = 1.000000
En el else......

----------------------------------------
x = 55.000000, y = 61.000000
avance = -157.000000, avanceR = 2.000000, avanceI = 2.000000
inc_x_r = 0.000000, inc_y_r = 1.000000, inc_x_i = 1.000000, inc_y_i = 1.000000
En el else......

----------------------------------------
x = 55.000000, y = 62.000000
avance = -155.000000, avanceR = 2.000000, avanceI = 2.000000
inc_x_r = 0.000000, inc_y_r = 1.000000, inc_x_i = 1.000000, inc_y_i = 1.000000
En el else......

----------------------------------------
x = 55.000000, y = 63.000000
avance = -153.000000, avanceR = 2.000000, avanceI = 2.000000
inc_x_r = 0.000000, inc_y_r = 1.000000, inc_x_i = 1.000000, inc_y_i = 1.000000
En el else......

----------------------------------------
x = 55.000000, y = 64.000000
avance = -151.000000, avanceR = 2.000000, avanceI = 2.000000
inc_x_r = 0.000000, inc_y_r = 1.000000, inc_x_i = 1.000000, inc_y_i = 1.000000
En el else......

----------------------------------------
x = 55.000000, y = 65.000000
avance = -149.000000, avanceR = 2.000000, avanceI = 2.000000
inc_x_r = 0.000000, inc_y_r = 1.000000, inc_x_i = 1.000000, inc_y_i = 1.000000
En el else......

----------------------------------------
x = 55.000000, y = 66.000000
avance = -147.000000, avanceR = 2.000000, avanceI = 2.000000
inc_x_r = 0.000000, inc_y_r = 1.000000, inc_x_i = 1.000000, inc_y_i = 1.000000
En el else......

----------------------------------------
x = 55.000000, y = 67.000000
avance = -145.000000, avanceR = 2.000000, avanceI = 2.000000
inc_x_r = 0.000000, inc_y_r = 1.000000, inc_x_i = 1.000000, inc_y_i = 1.000000
En el else......

----------------------------------------
x = 55.000000, y = 68.000000
avance = -143.000000, avanceR = 2.000000, avanceI = 2.000000
inc_x_r = 0.000000, inc_y_r = 1.000000, inc_x_i = 1.000000, inc_y_i = 1.000000
En el else......

----------------------------------------
x = 55.000000, y = 69.000000
avance = -141.000000, avanceR = 2.000000, avanceI = 2.000000
inc_x_r = 0.000000, inc_y_r = 1.000000, inc_x_i = 1.000000, inc_y_i = 1.000000
En el else......

----------------------------------------
x = 55.000000, y = 70.000000
avance = -139.000000, avanceR = 2.000000, avanceI = 2.000000
inc_x_r = 0.000000, inc_y_r = 1.000000, inc_x_i = 1.000000, inc_y_i = 1.000000
En el else......

----------------------------------------
x = 55.000000, y = 71.000000
avance = -137.000000, avanceR = 2.000000, avanceI = 2.000000
inc_x_r = 0.000000, inc_y_r = 1.000000, inc_x_i = 1.000000, inc_y_i = 1.000000
En el else......

----------------------------------------
x = 55.000000, y = 72.000000
avance = -135.000000, avanceR = 2.000000, avanceI = 2.000000
inc_x_r = 0.000000, inc_y_r = 1.000000, inc_x_i = 1.000000, inc_y_i = 1.000000
En el else......

----------------------------------------
x = 55.000000, y = 73.000000
avance = -133.000000, avanceR = 2.000000, avanceI = 2.000000
inc_x_r = 0.000000, inc_y_r = 1.000000, inc_x_i = 1.000000, inc_y_i = 1.000000
En el else......

----------------------------------------
x = 55.000000, y = 74.000000
avance = -131.000000, avanceR = 2.000000, avanceI = 2.000000
inc_x_r = 0.000000, inc_y_r = 1.000000, inc_x_i = 1.000000, inc_y_i = 1.000000
En el else......

----------------------------------------
x = 55.000000, y = 75.000000
avance = -129.000000, avanceR = 2.000000, avanceI = 2.000000
inc_x_r = 0.000000, inc_y_r = 1.000000, inc_x_i = 1.000000, inc_y_i = 1.000000
En el else......

----------------------------------------
x = 55.000000, y = 76.000000
avance = -127.000000, avanceR = 2.000000, avanceI = 2.000000
inc_x_r = 0.000000, inc_y_r = 1.000000, inc_x_i = 1.000000, inc_y_i = 1.000000
En el else......

----------------------------------------
x = 55.000000, y = 77.000000
avance = -125.000000, avanceR = 2.000000, avanceI = 2.000000
inc_x_r = 0.000000, inc_y_r = 1.000000, inc_x_i = 1.000000, inc_y_i = 1.000000
En el else......

----------------------------------------
x = 55.000000, y = 78.000000
avance = -123.000000, avanceR = 2.000000, avanceI = 2.000000
inc_x_r = 0.000000, inc_y_r = 1.000000, inc_x_i = 1.000000, inc_y_i = 1.000000
En el else......

----------------------------------------
x = 55.000000, y = 79.000000
avance = -121.000000, avanceR = 2.000000, avanceI = 2.000000
inc_x_r = 0.000000, inc_y_r = 1.000000, inc_x_i = 1.000000, inc_y_i = 1.000000
En el else......

----------------------------------------
x = 55.000000, y = 80.000000
avance = -119.000000, avanceR = 2.000000, avanceI = 2.000000
inc_x_r = 0.000000, inc_y_r = 1.000000, inc_x_i = 1.000000, inc_y_i = 1.000000
En el else......

----------------------------------------
x = 55.000000, y = 81.000000
avance = -117.000000, avanceR = 2.000000, avanceI = 2.000000
inc_x_r = 0.000000, inc_y_r = 1.000000, inc_x_i = 1.000000, inc_y_i = 1.000000
En el else......

----------------------------------------
x = 55.000000, y = 82.000000
avance = -115.000000, avanceR = 2.000000, avanceI = 2.000000
inc_x_r = 0.000000, inc_y_r = 1.000000, inc_x_i = 1.000000, inc_y_i = 1.000000
En el else......

----------------------------------------
x = 55.000000, y = 83.000000
avance = -113.000000, avanceR = 2.000000, avanceI = 2.000000
inc_x_r = 0.000000, inc_y_r = 1.000000, inc_x_i = 1.000000, inc_y_i = 1.000000
En el else......

----------------------------------------
x = 55.000000, y = 84.000000
avance = -111.000000, avanceR = 2.000000, avanceI = 2.000000
inc_x_r = 0.000000, inc_y_r = 1.000000, inc_x_i = 1.000000, inc_y_i = 1.000000
En el else......

----------------------------------------
x = 55.000000, y = 85.000000
avance = -109.000000, avanceR = 2.000000, avanceI = 2.000000
inc_x_r = 0.000000, inc_y_r = 1.000000, inc_x_i = 1.000000, inc_y_i = 1.000000
En el else......

----------------------------------------
x = 55.000000, y = 86.000000
avance = -107.000000, avanceR = 2.000000, avanceI = 2.000000
inc_x_r = 0.000000, inc_y_r = 1.000000, inc_x_i = 1.000000, inc_y_i = 1.000000
En el else......

----------------------------------------
x = 55.000000, y = 87.000000
avance = -105.000000, avanceR = 2.000000, avanceI = 2.000000
inc_x_r = 0.000000, inc_y_r = 1.000000, inc_x_i = 1.000000, inc_y_i = 1.000000
En el else......

----------------------------------------
x = 55.000000, y = 88.000000
avance = -103.000000, avanceR = 2.000000, avanceI = 2.000000
inc_x_r = 0.000000, inc_y_r = 1.000000, inc_x_i = 1.000000, inc_y_i = 1.000000
En el else......

----------------------------------------
x = 55.000000, y = 89.000000
avance = -101.000000, avanceR = 2.000000, avanceI = 2.000000
inc_x_r = 0.000000, inc_y_r = 1.000000, inc_x_i = 1.000000, inc_y_i = 1.000000
En el else......

----------------------------------------
x = 55.000000, y = 90.000000
avance = -99.000000, avanceR = 2.000000, avanceI = 2.000000
inc_x_r = 0.000000, inc_y_r = 1.000000, inc_x_i = 1.000000, inc_y_i = 1.000000
En el else......

----------------------------------------
x = 55.000000, y = 91.000000
avance = -97.000000, avanceR = 2.000000, avanceI = 2.000000
inc_x_r = 0.000000, inc_y_r = 1.000000, inc_x_i = 1.000000, inc_y_i = 1.000000
En el else......

----------------------------------------
x = 55.000000, y = 92.000000
avance = -95.000000, avanceR = 2.000000, avanceI = 2.000000
inc_x_r = 0.000000, inc_y_r = 1.000000, inc_x_i = 1.000000, inc_y_i = 1.000000
En el else......

----------------------------------------
x = 55.000000, y = 93.000000
avance = -93.000000, avanceR = 2.000000, avanceI = 2.000000
inc_x_r = 0.000000, inc_y_r = 1.000000, inc_x_i = 1.000000, inc_y_i = 1.000000
En el else......

----------------------------------------
x = 55.000000, y = 94.000000
avance = -91.000000, avanceR = 2.000000, avanceI = 2.000000
inc_x_r = 0.000000, inc_y_r = 1.000000, inc_x_i = 1.000000, inc_y_i = 1.000000
En el else......

----------------------------------------
x = 55.000000, y = 95.000000
avance = -89.000000, avanceR = 2.000000, avanceI = 2.000000
inc_x_r = 0.000000, inc_y_r = 1.000000, inc_x_i = 1.000000, inc_y_i = 1.000000
En el else......

----------------------------------------
x = 55.000000, y = 96.000000
avance = -87.000000, avanceR = 2.000000, avanceI = 2.000000
inc_x_r = 0.000000, inc_y_r = 1.000000, inc_x_i = 1.000000, inc_y_i = 1.000000
En el else......

----------------------------------------
x = 55.000000, y = 97.000000
avance = -85.000000, avanceR = 2.000000, avanceI = 2.000000
inc_x_r = 0.000000, inc_y_r = 1.000000, inc_x_i = 1.000000, inc_y_i = 1.000000
En el else......

----------------------------------------
x = 55.000000, y = 98.000000
avance = -83.000000, avanceR = 2.000000, avanceI = 2.000000
inc_x_r = 0.000000, inc_y_r = 1.000000, inc_x_i = 1.000000, inc_y_i = 1.000000
En el else......

----------------------------------------
x = 55.000000, y = 99.000000
avance = -81.000000, avanceR = 2.000000, avanceI = 2.000000
inc_x_r = 0.000000, inc_y_r = 1.000000, inc_x_i = 1.000000, inc_y_i = 1.000000
En el else......

----------------------------------------
x = 55.000000, y = 100.000000
avance = -79.000000, avanceR = 2.000000, avanceI = 2.000000
inc_x_r = 0.000000, inc_y_r = 1.000000, inc_x_i = 1.000000, inc_y_i = 1.000000
En el else......

----------------------------------------
x = 55.000000, y = 101.000000
avance = -77.000000, avanceR = 2.000000, avanceI = 2.000000
inc_x_r = 0.000000, inc_y_r = 1.000000, inc_x_i = 1.000000, inc_y_i = 1.000000
En el else......

----------------------------------------
x = 55.000000, y = 102.000000
avance = -75.000000, avanceR = 2.000000, avanceI = 2.000000
inc_x_r = 0.000000, inc_y_r = 1.000000, inc_x_i = 1.000000, inc_y_i = 1.000000
En el else......

----------------------------------------
x = 55.000000, y = 103.000000
avance = -73.000000, avanceR = 2.000000, avanceI = 2.000000
inc_x_r = 0.000000, inc_y_r = 1.000000, inc_x_i = 1.000000, inc_y_i = 1.000000
En el else......

----------------------------------------
x = 55.000000, y = 104.000000
avance = -71.000000, avanceR = 2.000000, avanceI = 2.000000
inc_x_r = 0.000000, inc_y_r = 1.000000, inc_x_i = 1.000000, inc_y_i = 1.000000
En el else......

----------------------------------------
x = 55.000000, y = 105.000000
avance = -69.000000, avanceR = 2.000000, avanceI = 2.000000
inc_x_r = 0.000000, inc_y_r = 1.000000, inc_x_i = 1.000000, inc_y_i = 1.000000
En el else......

----------------------------------------
x = 55.000000, y = 106.000000
avance = -67.000000, avanceR = 2.000000, avanceI = 2.000000
inc_x_r = 0.000000, inc_y_r = 1.000000, inc_x_i = 1.000000, inc_y_i = 1.000000
En el else......

----------------------------------------
x = 55.000000, y = 107.000000
avance = -65.000000, avanceR = 2.000000, avanceI = 2.000000
inc_x_r = 0.000000, inc_y_r = 1.000000, inc_x_i = 1.000000, inc_y_i = 1.000000
En el else......

----------------------------------------
x = 55.000000, y = 108.000000
avance = -63.000000, avanceR = 2.000000, avanceI = 2.000000
inc_x_r = 0.000000, inc_y_r = 1.000000, inc_x_i = 1.000000, inc_y_i = 1.000000
En el else......

----------------------------------------
x = 55.000000, y = 109.000000
avance = -61.000000, avanceR = 2.000000, avanceI = 2.000000
inc_x_r = 0.000000, inc_y_r = 1.000000, inc_x_i = 1.000000, inc_y_i = 1.000000
En el else......

----------------------------------------
x = 55.000000, y = 110.000000
avance = -59.000000, avanceR = 2.000000, avanceI = 2.000000
inc_x_r = 0.000000, inc_y_r = 1.000000, inc_x_i = 1.000000, inc_y_i = 1.000000
En el else......

----------------------------------------
x = 55.000000, y = 111.000000
avance = -57.000000, avanceR = 2.000000, avanceI = 2.000000
inc_x_r = 0.000000, inc_y_r = 1.000000, inc_x_i = 1.000000, inc_y_i = 1.000000
En el else......

----------------------------------------
x = 55.000000, y = 112.000000
avance = -55.000000, avanceR = 2.000000, avanceI = 2.000000
inc_x_r = 0.000000, inc_y_r = 1.000000, inc_x_i = 1.000000, inc_y_i = 1.000000
En el else......

----------------------------------------
x = 55.000000, y = 113.000000
avance = -53.000000, avanceR = 2.000000, avanceI = 2.000000
inc_x_r = 0.000000, inc_y_r = 1.000000, inc_x_i = 1.000000, inc_y_i = 1.000000
En el else......

----------------------------------------
x = 55.000000, y = 114.000000
avance = -51.000000, avanceR = 2.000000, avanceI = 2.000000
inc_x_r = 0.000000, inc_y_r = 1.000000, inc_x_i = 1.000000, inc_y_i = 1.000000
En el else......

----------------------------------------
x = 55.000000, y = 115.000000
avance = -49.000000, avanceR = 2.000000, avanceI = 2.000000
inc_x_r = 0.000000, inc_y_r = 1.000000, inc_x_i = 1.000000, inc_y_i = 1.000000
En el else......

----------------------------------------
x = 55.000000, y = 116.000000
avance = -47.000000, avanceR = 2.000000, avanceI = 2.000000
inc_x_r = 0.000000, inc_y_r = 1.000000, inc_x_i = 1.000000, inc_y_i = 1.000000
En el else......

----------------------------------------
x = 55.000000, y = 117.000000
avance = -45.000000, avanceR = 2.000000, avanceI = 2.000000
inc_x_r = 0.000000, inc_y_r = 1.000000, inc_x_i = 1.000000, inc_y_i = 1.000000
En el else......

----------------------------------------
x = 55.000000, y = 118.000000
avance = -43.000000, avanceR = 2.000000, avanceI = 2.000000
inc_x_r = 0.000000, inc_y_r = 1.000000, inc_x_i = 1.000000, inc_y_i = 1.000000
En el else......

----------------------------------------
x = 55.000000, y = 119.000000
avance = -41.000000, avanceR = 2.000000, avanceI = 2.000000
inc_x_r = 0.000000, inc_y_r = 1.000000, inc_x_i = 1.000000, inc_y_i = 1.000000
En el else......

----------------------------------------
x = 55.000000, y = 120.000000
avance = -39.000000, avanceR = 2.000000, avanceI = 2.000000
inc_x_r = 0.000000, inc_y_r = 1.000000, inc_x_i = 1.000000, inc_y_i = 1.000000
En el else......

----------------------------------------
x = 55.000000, y = 121.000000
avance = -37.000000, avanceR = 2.000000, avanceI = 2.000000
inc_x_r = 0.000000, inc_y_r = 1.000000, inc_x_i = 1.000000, inc_y_i = 1.000000
En el else......

----------------------------------------
x = 55.000000, y = 122.000000
avance = -35.000000, avanceR = 2.000000, avanceI = 2.000000
inc_x_r = 0.000000, inc_y_r = 1.000000, inc_x_i = 1.000000, inc_y_i = 1.000000
En el else......

----------------------------------------
x = 55.000000, y = 123.000000
avance = -33.000000, avanceR = 2.000000, avanceI = 2.000000
inc_x_r = 0.000000, inc_y_r = 1.000000, inc_x_i = 1.000000, inc_y_i = 1.000000
En el else......

----------------------------------------
x = 55.000000, y = 124.000000
avance = -31.000000, avanceR = 2.000000, avanceI = 2.000000
inc_x_r = 0.000000, inc_y_r = 1.000000, inc_x_i = 1.000000, inc_y_i = 1.000000
En el else......

----------------------------------------
x = 55.000000, y = 125.000000
avance = -29.000000, avanceR = 2.000000, avanceI = 2.000000
inc_x_r = 0.000000, inc_y_r = 1.000000, inc_x_i = 1.000000, inc_y_i = 1.000000
En el else......

----------------------------------------
x = 55.000000, y = 126.000000
avance = -27.000000, avanceR = 2.000000, avanceI = 2.000000
inc_x_r = 0.000000, inc_y_r = 1.000000, inc_x_i = 1.000000, inc_y_i = 1.000000
En el else......

----------------------------------------
x = 55.000000, y = 127.000000
avance = -25.000000, avanceR = 2.000000, avanceI = 2.000000
inc_x_r = 0.000000, inc_y_r = 1.000000, inc_x_i = 1.000000, inc_y_i = 1.000000
En el else......

----------------------------------------
x = 55.000000, y = 128.000000
avance = -23.000000, avanceR = 2.000000, avanceI = 2.000000
inc_x_r = 0.000000, inc_y_r = 1.000000, inc_x_i = 1.000000, inc_y_i = 1.000000
En el else......

----------------------------------------
x = 55.000000, y = 129.000000
avance = -21.000000, avanceR = 2.000000, avanceI = 2.000000
inc_x_r = 0.000000, inc_y_r = 1.000000, inc_x_i = 1.000000, inc_y_i = 1.000000
En el else......

----------------------------------------
x = 55.000000, y = 130.000000
avance = -19.000000, avanceR = 2.000000, avanceI = 2.000000
inc_x_r = 0.000000, inc_y_r = 1.000000, inc_x_i = 1.000000, inc_y_i = 1.000000
En el else......

----------------------------------------
x = 55.000000, y = 131.000000
avance = -17.000000, avanceR = 2.000000, avanceI = 2.000000
inc_x_r = 0.000000, inc_y_r = 1.000000, inc_x_i = 1.000000, inc_y_i = 1.000000
En el else......

----------------------------------------
x = 55.000000, y = 132.000000
avance = -15.000000, avanceR = 2.000000, avanceI = 2.000000
inc_x_r = 0.000000, inc_y_r = 1.000000, inc_x_i = 1.000000, inc_y_i = 1.000000
En el else......

----------------------------------------
x = 55.000000, y = 133.000000
avance = -13.000000, avanceR = 2.000000, avanceI = 2.000000
inc_x_r = 0.000000, inc_y_r = 1.000000, inc_x_i = 1.000000, inc_y_i = 1.000000
En el else......

----------------------------------------
x = 55.000000, y = 134.000000
avance = -11.000000, avanceR = 2.000000, avanceI = 2.000000
inc_x_r = 0.000000, inc_y_r = 1.000000, inc_x_i = 1.000000, inc_y_i = 1.000000
En el else......

----------------------------------------
x = 55.000000, y = 135.000000
avance = -9.000000, avanceR = 2.000000, avanceI = 2.000000
inc_x_r = 0.000000, inc_y_r = 1.000000, inc_x_i = 1.000000, inc_y_i = 1.000000
En el else......

----------------------------------------
x = 55.000000, y = 136.000000
avance = -7.000000, avanceR = 2.000000, avanceI = 2.000000
inc_x_r = 0.000000, inc_y_r = 1.000000, inc_x_i = 1.000000, inc_y_i = 1.000000
En el else......

----------------------------------------
x = 55.000000, y = 137.000000
avance = -5.000000, avanceR = 2.000000, avanceI = 2.000000
inc_x_r = 0.000000, inc_y_r = 1.000000, inc_x_i = 1.000000, inc_y_i = 1.000000
En el else......

----------------------------------------
x = 55.000000, y = 138.000000
avance = -3.000000, avanceR = 2.000000, avanceI = 2.000000
inc_x_r = 0.000000, inc_y_r = 1.000000, inc_x_i = 1.000000, inc_y_i = 1.000000
En el else......

----------------------------------------
x = 55.000000, y = 139.000000
avance = -1.000000, avanceR = 2.000000, avanceI = 2.000000
inc_x_r = 0.000000, inc_y_r = 1.000000, inc_x_i = 1.000000, inc_y_i = 1.000000
En el else......

----------------------------------------
x = 55.000000, y = 140.000000
avance = 1.000000, avanceR = 2.000000, avanceI = 2.000000
inc_x_r = 0.000000, inc_y_r = 1.000000, inc_x_i = 1.000000, inc_y_i = 1.000000
avance >= 0

----------------------------------------
x = 56.000000, y = 141.000000
avance = -499.000000, avanceR = 2.000000, avanceI = 2.000000
inc_x_r = 0.000000, inc_y_r = 1.000000, inc_x_i = 1.000000, inc_y_i = 1.000000
En el else......

----------------------------------------
x = 56.000000, y = 142.000000
avance = -497.000000, avanceR = 2.000000, avanceI = 2.000000
inc_x_r = 0.000000, inc_y_r = 1.000000, inc_x_i = 1.000000, inc_y_i = 1.000000
En el else......

----------------------------------------
x = 56.000000, y = 143.000000
avance = -495.000000, avanceR = 2.000000, avanceI = 2.000000
inc_x_r = 0.000000, inc_y_r = 1.000000, inc_x_i = 1.000000, inc_y_i = 1.000000
En el else......

----------------------------------------
x = 56.000000, y = 144.000000
avance = -493.000000, avanceR = 2.000000, avanceI = 2.000000
inc_x_r = 0.000000, inc_y_r = 1.000000, inc_x_i = 1.000000, inc_y_i = 1.000000
En el else......

----------------------------------------
x = 56.000000, y = 145.000000
avance = -491.000000, avanceR = 2.000000, avanceI = 2.000000
inc_x_r = 0.000000, inc_y_r = 1.000000, inc_x_i = 1.000000, inc_y_i = 1.000000
En el else......

----------------------------------------
x = 56.000000, y = 146.000000
avance = -489.000000, avanceR = 2.000000, avanceI = 2.000000
inc_x_r = 0.000000, inc_y_r = 1.000000, inc_x_i = 1.000000, inc_y_i = 1.000000
En el else......

----------------------------------------
x = 56.000000, y = 147.000000
avance = -487.000000, avanceR = 2.000000, avanceI = 2.000000
inc_x_r = 0.000000, inc_y_r = 1.000000, inc_x_i = 1.000000, inc_y_i = 1.000000
En el else......

----------------------------------------
x = 56.000000, y = 148.000000
avance = -485.000000, avanceR = 2.000000, avanceI = 2.000000
inc_x_r = 0.000000, inc_y_r = 1.000000, inc_x_i = 1.000000, inc_y_i = 1.000000
En el else......

----------------------------------------
x = 56.000000, y = 149.000000
avance = -483.000000, avanceR = 2.000000, avanceI = 2.000000
inc_x_r = 0.000000, inc_y_r = 1.000000, inc_x_i = 1.000000, inc_y_i = 1.000000
En el else......

----------------------------------------
x = 56.000000, y = 150.000000
avance = -481.000000, avanceR = 2.000000, avanceI = 2.000000
inc_x_r = 0.000000, inc_y_r = 1.000000, inc_x_i = 1.000000, inc_y_i = 1.000000
En el else......

----------------------------------------
x = 56.000000, y = 151.000000
avance = -479.000000, avanceR = 2.000000, avanceI = 2.000000
inc_x_r = 0.000000, inc_y_r = 1.000000, inc_x_i = 1.000000, inc_y_i = 1.000000
En el else......

----------------------------------------
x = 56.000000, y = 152.000000
avance = -477.000000, avanceR = 2.000000, avanceI = 2.000000
inc_x_r = 0.000000, inc_y_r = 1.000000, inc_x_i = 1.000000, inc_y_i = 1.000000
En el else......

----------------------------------------
x = 56.000000, y = 153.000000
avance = -475.000000, avanceR = 2.000000, avanceI = 2.000000
inc_x_r = 0.000000, inc_y_r = 1.000000, inc_x_i = 1.000000, inc_y_i = 1.000000
En el else......

----------------------------------------
x = 56.000000, y = 154.000000
avance = -473.000000, avanceR = 2.000000, avanceI = 2.000000
inc_x_r = 0.000000, inc_y_r = 1.000000, inc_x_i = 1.000000, inc_y_i = 1.000000
En el else......

----------------------------------------
x = 56.000000, y = 155.000000
avance = -471.000000, avanceR = 2.000000, avanceI = 2.000000
inc_x_r = 0.000000, inc_y_r = 1.000000, inc_x_i = 1.000000, inc_y_i = 1.000000
En el else......

----------------------------------------
x = 56.000000, y = 156.000000
avance = -469.000000, avanceR = 2.000000, avanceI = 2.000000
inc_x_r = 0.000000, inc_y_r = 1.000000, inc_x_i = 1.000000, inc_y_i = 1.000000
En el else......

----------------------------------------
x = 56.000000, y = 157.000000
avance = -467.000000, avanceR = 2.000000, avanceI = 2.000000
inc_x_r = 0.000000, inc_y_r = 1.000000, inc_x_i = 1.000000, inc_y_i = 1.000000
En el else......

----------------------------------------
x = 56.000000, y = 158.000000
avance = -465.000000, avanceR = 2.000000, avanceI = 2.000000
inc_x_r = 0.000000, inc_y_r = 1.000000, inc_x_i = 1.000000, inc_y_i = 1.000000
En el else......

----------------------------------------
x = 56.000000, y = 159.000000
avance = -463.000000, avanceR = 2.000000, avanceI = 2.000000
inc_x_r = 0.000000, inc_y_r = 1.000000, inc_x_i = 1.000000, inc_y_i = 1.000000
En el else......

----------------------------------------
x = 56.000000, y = 160.000000
avance = -461.000000, avanceR = 2.000000, avanceI = 2.000000
inc_x_r = 0.000000, inc_y_r = 1.000000, inc_x_i = 1.000000, inc_y_i = 1.000000
En el else......

----------------------------------------
x = 56.000000, y = 161.000000
avance = -459.000000, avanceR = 2.000000, avanceI = 2.000000
inc_x_r = 0.000000, inc_y_r = 1.000000, inc_x_i = 1.000000, inc_y_i = 1.000000
En el else......

----------------------------------------
x = 56.000000, y = 162.000000
avance = -457.000000, avanceR = 2.000000, avanceI = 2.000000
inc_x_r = 0.000000, inc_y_r = 1.000000, inc_x_i = 1.000000, inc_y_i = 1.000000
En el else......

----------------------------------------
x = 56.000000, y = 163.000000
avance = -455.000000, avanceR = 2.000000, avanceI = 2.000000
inc_x_r = 0.000000, inc_y_r = 1.000000, inc_x_i = 1.000000, inc_y_i = 1.000000
En el else......

----------------------------------------
x = 56.000000, y = 164.000000
avance = -453.000000, avanceR = 2.000000, avanceI = 2.000000
inc_x_r = 0.000000, inc_y_r = 1.000000, inc_x_i = 1.000000, inc_y_i = 1.000000
En el else......

----------------------------------------
x = 56.000000, y = 165.000000
avance = -451.000000, avanceR = 2.000000, avanceI = 2.000000
inc_x_r = 0.000000, inc_y_r = 1.000000, inc_x_i = 1.000000, inc_y_i = 1.000000
En el else......

----------------------------------------
x = 56.000000, y = 166.000000
avance = -449.000000, avanceR = 2.000000, avanceI = 2.000000
inc_x_r = 0.000000, inc_y_r = 1.000000, inc_x_i = 1.000000, inc_y_i = 1.000000
En el else......

----------------------------------------
x = 56.000000, y = 167.000000
avance = -447.000000, avanceR = 2.000000, avanceI = 2.000000
inc_x_r = 0.000000, inc_y_r = 1.000000, inc_x_i = 1.000000, inc_y_i = 1.000000
En el else......

----------------------------------------
x = 56.000000, y = 168.000000
avance = -445.000000, avanceR = 2.000000, avanceI = 2.000000
inc_x_r = 0.000000, inc_y_r = 1.000000, inc_x_i = 1.000000, inc_y_i = 1.000000
En el else......

----------------------------------------
x = 56.000000, y = 169.000000
avance = -443.000000, avanceR = 2.000000, avanceI = 2.000000
inc_x_r = 0.000000, inc_y_r = 1.000000, inc_x_i = 1.000000, inc_y_i = 1.000000
En el else......

----------------------------------------
x = 56.000000, y = 170.000000
avance = -441.000000, avanceR = 2.000000, avanceI = 2.000000
inc_x_r = 0.000000, inc_y_r = 1.000000, inc_x_i = 1.000000, inc_y_i = 1.000000
En el else......

----------------------------------------
x = 56.000000, y = 171.000000
avance = -439.000000, avanceR = 2.000000, avanceI = 2.000000
inc_x_r = 0.000000, inc_y_r = 1.000000, inc_x_i = 1.000000, inc_y_i = 1.000000
En el else......

----------------------------------------
x = 56.000000, y = 172.000000
avance = -437.000000, avanceR = 2.000000, avanceI = 2.000000
inc_x_r = 0.000000, inc_y_r = 1.000000, inc_x_i = 1.000000, inc_y_i = 1.000000
En el else......

----------------------------------------
x = 56.000000, y = 173.000000
avance = -435.000000, avanceR = 2.000000, avanceI = 2.000000
inc_x_r = 0.000000, inc_y_r = 1.000000, inc_x_i = 1.000000, inc_y_i = 1.000000
En el else......

----------------------------------------
x = 56.000000, y = 174.000000
avance = -433.000000, avanceR = 2.000000, avanceI = 2.000000
inc_x_r = 0.000000, inc_y_r = 1.000000, inc_x_i = 1.000000, inc_y_i = 1.000000
En el else......

----------------------------------------
x = 56.000000, y = 175.000000
avance = -431.000000, avanceR = 2.000000, avanceI = 2.000000
inc_x_r = 0.000000, inc_y_r = 1.000000, inc_x_i = 1.000000, inc_y_i = 1.000000
En el else......

----------------------------------------
x = 56.000000, y = 176.000000
avance = -429.000000, avanceR = 2.000000, avanceI = 2.000000
inc_x_r = 0.000000, inc_y_r = 1.000000, inc_x_i = 1.000000, inc_y_i = 1.000000
En el else......

----------------------------------------
x = 56.000000, y = 177.000000
avance = -427.000000, avanceR = 2.000000, avanceI = 2.000000
inc_x_r = 0.000000, inc_y_r = 1.000000, inc_x_i = 1.000000, inc_y_i = 1.000000
En el else......

----------------------------------------
x = 56.000000, y = 178.000000
avance = -425.000000, avanceR = 2.000000, avanceI = 2.000000
inc_x_r = 0.000000, inc_y_r = 1.000000, inc_x_i = 1.000000, inc_y_i = 1.000000
En el else......

----------------------------------------
x = 56.000000, y = 179.000000
avance = -423.000000, avanceR = 2.000000, avanceI = 2.000000
inc_x_r = 0.000000, inc_y_r = 1.000000, inc_x_i = 1.000000, inc_y_i = 1.000000
En el else......

----------------------------------------
x = 56.000000, y = 180.000000
avance = -421.000000, avanceR = 2.000000, avanceI = 2.000000
inc_x_r = 0.000000, inc_y_r = 1.000000, inc_x_i = 1.000000, inc_y_i = 1.000000
En el else......

----------------------------------------
x = 56.000000, y = 181.000000
avance = -419.000000, avanceR = 2.000000, avanceI = 2.000000
inc_x_r = 0.000000, inc_y_r = 1.000000, inc_x_i = 1.000000, inc_y_i = 1.000000
En el else......

----------------------------------------
x = 56.000000, y = 182.000000
avance = -417.000000, avanceR = 2.000000, avanceI = 2.000000
inc_x_r = 0.000000, inc_y_r = 1.000000, inc_x_i = 1.000000, inc_y_i = 1.000000
En el else......

----------------------------------------
x = 56.000000, y = 183.000000
avance = -415.000000, avanceR = 2.000000, avanceI = 2.000000
inc_x_r = 0.000000, inc_y_r = 1.000000, inc_x_i = 1.000000, inc_y_i = 1.000000
En el else......

----------------------------------------
x = 56.000000, y = 184.000000
avance = -413.000000, avanceR = 2.000000, avanceI = 2.000000
inc_x_r = 0.000000, inc_y_r = 1.000000, inc_x_i = 1.000000, inc_y_i = 1.000000
En el else......

----------------------------------------
x = 56.000000, y = 185.000000
avance = -411.000000, avanceR = 2.000000, avanceI = 2.000000
inc_x_r = 0.000000, inc_y_r = 1.000000, inc_x_i = 1.000000, inc_y_i = 1.000000
En el else......

----------------------------------------
x = 56.000000, y = 186.000000
avance = -409.000000, avanceR = 2.000000, avanceI = 2.000000
inc_x_r = 0.000000, inc_y_r = 1.000000, inc_x_i = 1.000000, inc_y_i = 1.000000
En el else......

----------------------------------------
x = 56.000000, y = 187.000000
avance = -407.000000, avanceR = 2.000000, avanceI = 2.000000
inc_x_r = 0.000000, inc_y_r = 1.000000, inc_x_i = 1.000000, inc_y_i = 1.000000
En el else......

----------------------------------------
x = 56.000000, y = 188.000000
avance = -405.000000, avanceR = 2.000000, avanceI = 2.000000
inc_x_r = 0.000000, inc_y_r = 1.000000, inc_x_i = 1.000000, inc_y_i = 1.000000
En el else......

----------------------------------------
x = 56.000000, y = 189.000000
avance = -403.000000, avanceR = 2.000000, avanceI = 2.000000
inc_x_r = 0.000000, inc_y_r = 1.000000, inc_x_i = 1.000000, inc_y_i = 1.000000
En el else......

----------------------------------------
x = 56.000000, y = 190.000000
avance = -401.000000, avanceR = 2.000000, avanceI = 2.000000
inc_x_r = 0.000000, inc_y_r = 1.000000, inc_x_i = 1.000000, inc_y_i = 1.000000
En el else......

----------------------------------------
x = 56.000000, y = 191.000000
avance = -399.000000, avanceR = 2.000000, avanceI = 2.000000
inc_x_r = 0.000000, inc_y_r = 1.000000, inc_x_i = 1.000000, inc_y_i = 1.000000
En el else......

----------------------------------------
x = 56.000000, y = 192.000000
avance = -397.000000, avanceR = 2.000000, avanceI = 2.000000
inc_x_r = 0.000000, inc_y_r = 1.000000, inc_x_i = 1.000000, inc_y_i = 1.000000
En el else......

----------------------------------------
x = 56.000000, y = 193.000000
avance = -395.000000, avanceR = 2.000000, avanceI = 2.000000
inc_x_r = 0.000000, inc_y_r = 1.000000, inc_x_i = 1.000000, inc_y_i = 1.000000
En el else......

----------------------------------------
x = 56.000000, y = 194.000000
avance = -393.000000, avanceR = 2.000000, avanceI = 2.000000
inc_x_r = 0.000000, inc_y_r = 1.000000, inc_x_i = 1.000000, inc_y_i = 1.000000
En el else......

----------------------------------------
x = 56.000000, y = 195.000000
avance = -391.000000, avanceR = 2.000000, avanceI = 2.000000
inc_x_r = 0.000000, inc_y_r = 1.000000, inc_x_i = 1.000000, inc_y_i = 1.000000
En el else......

----------------------------------------
x = 56.000000, y = 196.000000
avance = -389.000000, avanceR = 2.000000, avanceI = 2.000000
inc_x_r = 0.000000, inc_y_r = 1.000000, inc_x_i = 1.000000, inc_y_i = 1.000000
En el else......

----------------------------------------
x = 56.000000, y = 197.000000
avance = -387.000000, avanceR = 2.000000, avanceI = 2.000000
inc_x_r = 0.000000, inc_y_r = 1.000000, inc_x_i = 1.000000, inc_y_i = 1.000000
En el else......

----------------------------------------
x = 56.000000, y = 198.000000
avance = -385.000000, avanceR = 2.000000, avanceI = 2.000000
inc_x_r = 0.000000, inc_y_r = 1.000000, inc_x_i = 1.000000, inc_y_i = 1.000000
En el else......

----------------------------------------
x = 56.000000, y = 199.000000
avance = -383.000000, avanceR = 2.000000, avanceI = 2.000000
inc_x_r = 0.000000, inc_y_r = 1.000000, inc_x_i = 1.000000, inc_y_i = 1.000000
En el else......

----------------------------------------
x = 56.000000, y = 200.000000
avance = -381.000000, avanceR = 2.000000, avanceI = 2.000000
inc_x_r = 0.000000, inc_y_r = 1.000000, inc_x_i = 1.000000, inc_y_i = 1.000000
En el else......

----------------------------------------
x = 56.000000, y = 201.000000
avance = -379.000000, avanceR = 2.000000, avanceI = 2.000000
inc_x_r = 0.000000, inc_y_r = 1.000000, inc_x_i = 1.000000, inc_y_i = 1.000000
En el else......

----------------------------------------
x = 56.000000, y = 202.000000
avance = -377.000000, avanceR = 2.000000, avanceI = 2.000000
inc_x_r = 0.000000, inc_y_r = 1.000000, inc_x_i = 1.000000, inc_y_i = 1.000000
En el else......

----------------------------------------
x = 56.000000, y = 203.000000
avance = -375.000000, avanceR = 2.000000, avanceI = 2.000000
inc_x_r = 0.000000, inc_y_r = 1.000000, inc_x_i = 1.000000, inc_y_i = 1.000000
En el else......

----------------------------------------
x = 56.000000, y = 204.000000
avance = -373.000000, avanceR = 2.000000, avanceI = 2.000000
inc_x_r = 0.000000, inc_y_r = 1.000000, inc_x_i = 1.000000, inc_y_i = 1.000000
En el else......

----------------------------------------
x = 56.000000, y = 205.000000
avance = -371.000000, avanceR = 2.000000, avanceI = 2.000000
inc_x_r = 0.000000, inc_y_r = 1.000000, inc_x_i = 1.000000, inc_y_i = 1.000000
En el else......

----------------------------------------
x = 56.000000, y = 206.000000
avance = -369.000000, avanceR = 2.000000, avanceI = 2.000000
inc_x_r = 0.000000, inc_y_r = 1.000000, inc_x_i = 1.000000, inc_y_i = 1.000000
En el else......

----------------------------------------
x = 56.000000, y = 207.000000
avance = -367.000000, avanceR = 2.000000, avanceI = 2.000000
inc_x_r = 0.000000, inc_y_r = 1.000000, inc_x_i = 1.000000, inc_y_i = 1.000000
En el else......

----------------------------------------
x = 56.000000, y = 208.000000
avance = -365.000000, avanceR = 2.000000, avanceI = 2.000000
inc_x_r = 0.000000, inc_y_r = 1.000000, inc_x_i = 1.000000, inc_y_i = 1.000000
En el else......

----------------------------------------
x = 56.000000, y = 209.000000
avance = -363.000000, avanceR = 2.000000, avanceI = 2.000000
inc_x_r = 0.000000, inc_y_r = 1.000000, inc_x_i = 1.000000, inc_y_i = 1.000000
En el else......

----------------------------------------
x = 56.000000, y = 210.000000
avance = -361.000000, avanceR = 2.000000, avanceI = 2.000000
inc_x_r = 0.000000, inc_y_r = 1.000000, inc_x_i = 1.000000, inc_y_i = 1.000000
En el else......

----------------------------------------
x = 56.000000, y = 211.000000
avance = -359.000000, avanceR = 2.000000, avanceI = 2.000000
inc_x_r = 0.000000, inc_y_r = 1.000000, inc_x_i = 1.000000, inc_y_i = 1.000000
En el else......

----------------------------------------
x = 56.000000, y = 212.000000
avance = -357.000000, avanceR = 2.000000, avanceI = 2.000000
inc_x_r = 0.000000, inc_y_r = 1.000000, inc_x_i = 1.000000, inc_y_i = 1.000000
En el else......

----------------------------------------
x = 56.000000, y = 213.000000
avance = -355.000000, avanceR = 2.000000, avanceI = 2.000000
inc_x_r = 0.000000, inc_y_r = 1.000000, inc_x_i = 1.000000, inc_y_i = 1.000000
En el else......

----------------------------------------
x = 56.000000, y = 214.000000
avance = -353.000000, avanceR = 2.000000, avanceI = 2.000000
inc_x_r = 0.000000, inc_y_r = 1.000000, inc_x_i = 1.000000, inc_y_i = 1.000000
En el else......

----------------------------------------
x = 56.000000, y = 215.000000
avance = -351.000000, avanceR = 2.000000, avanceI = 2.000000
inc_x_r = 0.000000, inc_y_r = 1.000000, inc_x_i = 1.000000, inc_y_i = 1.000000
En el else......

----------------------------------------
x = 56.000000, y = 216.000000
avance = -349.000000, avanceR = 2.000000, avanceI = 2.000000
inc_x_r = 0.000000, inc_y_r = 1.000000, inc_x_i = 1.000000, inc_y_i = 1.000000
En el else......

----------------------------------------
x = 56.000000, y = 217.000000
avance = -347.000000, avanceR = 2.000000, avanceI = 2.000000
inc_x_r = 0.000000, inc_y_r = 1.000000, inc_x_i = 1.000000, inc_y_i = 1.000000
En el else......

----------------------------------------
x = 56.000000, y = 218.000000
avance = -345.000000, avanceR = 2.000000, avanceI = 2.000000
inc_x_r = 0.000000, inc_y_r = 1.000000, inc_x_i = 1.000000, inc_y_i = 1.000000
En el else......

----------------------------------------
x = 56.000000, y = 219.000000
avance = -343.000000, avanceR = 2.000000, avanceI = 2.000000
inc_x_r = 0.000000, inc_y_r = 1.000000, inc_x_i = 1.000000, inc_y_i = 1.000000
En el else......

----------------------------------------
x = 56.000000, y = 220.000000
avance = -341.000000, avanceR = 2.000000, avanceI = 2.000000
inc_x_r = 0.000000, inc_y_r = 1.000000, inc_x_i = 1.000000, inc_y_i = 1.000000
En el else......

----------------------------------------
x = 56.000000, y = 221.000000
avance = -339.000000, avanceR = 2.000000, avanceI = 2.000000
inc_x_r = 0.000000, inc_y_r = 1.000000, inc_x_i = 1.000000, inc_y_i = 1.000000
En el else......

----------------------------------------
x = 56.000000, y = 222.000000
avance = -337.000000, avanceR = 2.000000, avanceI = 2.000000
inc_x_r = 0.000000, inc_y_r = 1.000000, inc_x_i = 1.000000, inc_y_i = 1.000000
En el else......

----------------------------------------
x = 56.000000, y = 223.000000
avance = -335.000000, avanceR = 2.000000, avanceI = 2.000000
inc_x_r = 0.000000, inc_y_r = 1.000000, inc_x_i = 1.000000, inc_y_i = 1.000000
En el else......

----------------------------------------
x = 56.000000, y = 224.000000
avance = -333.000000, avanceR = 2.000000, avanceI = 2.000000
inc_x_r = 0.000000, inc_y_r = 1.000000, inc_x_i = 1.000000, inc_y_i = 1.000000
En el else......

----------------------------------------
x = 56.000000, y = 225.000000
avance = -331.000000, avanceR = 2.000000, avanceI = 2.000000
inc_x_r = 0.000000, inc_y_r = 1.000000, inc_x_i = 1.000000, inc_y_i = 1.000000
En el else......

----------------------------------------
x = 56.000000, y = 226.000000
avance = -329.000000, avanceR = 2.000000, avanceI = 2.000000
inc_x_r = 0.000000, inc_y_r = 1.000000, inc_x_i = 1.000000, inc_y_i = 1.000000
En el else......

----------------------------------------
x = 56.000000, y = 227.000000
avance = -327.000000, avanceR = 2.000000, avanceI = 2.000000
inc_x_r = 0.000000, inc_y_r = 1.000000, inc_x_i = 1.000000, inc_y_i = 1.000000
En el else......

----------------------------------------
x = 56.000000, y = 228.000000
avance = -325.000000, avanceR = 2.000000, avanceI = 2.000000
inc_x_r = 0.000000, inc_y_r = 1.000000, inc_x_i = 1.000000, inc_y_i = 1.000000
En el else......

----------------------------------------
x = 56.000000, y = 229.000000
avance = -323.000000, avanceR = 2.000000, avanceI = 2.000000
inc_x_r = 0.000000, inc_y_r = 1.000000, inc_x_i = 1.000000, inc_y_i = 1.000000
En el else......

----------------------------------------
x = 56.000000, y = 230.000000
avance = -321.000000, avanceR = 2.000000, avanceI = 2.000000
inc_x_r = 0.000000, inc_y_r = 1.000000, inc_x_i = 1.000000, inc_y_i = 1.000000
En el else......

----------------------------------------
x = 56.000000, y = 231.000000
avance = -319.000000, avanceR = 2.000000, avanceI = 2.000000
inc_x_r = 0.000000, inc_y_r = 1.000000, inc_x_i = 1.000000, inc_y_i = 1.000000
En el else......

----------------------------------------
x = 56.000000, y = 232.000000
avance = -317.000000, avanceR = 2.000000, avanceI = 2.000000
inc_x_r = 0.000000, inc_y_r = 1.000000, inc_x_i = 1.000000, inc_y_i = 1.000000
En el else......

----------------------------------------
x = 56.000000, y = 233.000000
avance = -315.000000, avanceR = 2.000000, avanceI = 2.000000
inc_x_r = 0.000000, inc_y_r = 1.000000, inc_x_i = 1.000000, inc_y_i = 1.000000
En el else......

----------------------------------------
x = 56.000000, y = 234.000000
avance = -313.000000, avanceR = 2.000000, avanceI = 2.000000
inc_x_r = 0.000000, inc_y_r = 1.000000, inc_x_i = 1.000000, inc_y_i = 1.000000
En el else......

----------------------------------------
x = 56.000000, y = 235.000000
avance = -311.000000, avanceR = 2.000000, avanceI = 2.000000
inc_x_r = 0.000000, inc_y_r = 1.000000, inc_x_i = 1.000000, inc_y_i = 1.000000
En el else......

----------------------------------------
x = 56.000000, y = 236.000000
avance = -309.000000, avanceR = 2.000000, avanceI = 2.000000
inc_x_r = 0.000000, inc_y_r = 1.000000, inc_x_i = 1.000000, inc_y_i = 1.000000
En el else......

----------------------------------------
x = 56.000000, y = 237.000000
avance = -307.000000, avanceR = 2.000000, avanceI = 2.000000
inc_x_r = 0.000000, inc_y_r = 1.000000, inc_x_i = 1.000000, inc_y_i = 1.000000
En el else......

----------------------------------------
x = 56.000000, y = 238.000000
avance = -305.000000, avanceR = 2.000000, avanceI = 2.000000
inc_x_r = 0.000000, inc_y_r = 1.000000, inc_x_i = 1.000000, inc_y_i = 1.000000
En el else......

----------------------------------------
x = 56.000000, y = 239.000000
avance = -303.000000, avanceR = 2.000000, avanceI = 2.000000
inc_x_r = 0.000000, inc_y_r = 1.000000, inc_x_i = 1.000000, inc_y_i = 1.000000
En el else......

----------------------------------------
x = 56.000000, y = 240.000000
avance = -301.000000, avanceR = 2.000000, avanceI = 2.000000
inc_x_r = 0.000000, inc_y_r = 1.000000, inc_x_i = 1.000000, inc_y_i = 1.000000
En el else......

----------------------------------------
x = 56.000000, y = 241.000000
avance = -299.000000, avanceR = 2.000000, avanceI = 2.000000
inc_x_r = 0.000000, inc_y_r = 1.000000, inc_x_i = 1.000000, inc_y_i = 1.000000
En el else......

----------------------------------------
x = 56.000000, y = 242.000000
avance = -297.000000, avanceR = 2.000000, avanceI = 2.000000
inc_x_r = 0.000000, inc_y_r = 1.000000, inc_x_i = 1.000000, inc_y_i = 1.000000
En el else......

----------------------------------------
x = 56.000000, y = 243.000000
avance = -295.000000, avanceR = 2.000000, avanceI = 2.000000
inc_x_r = 0.000000, inc_y_r = 1.000000, inc_x_i = 1.000000, inc_y_i = 1.000000
En el else......

----------------------------------------
x = 56.000000, y = 244.000000
avance = -293.000000, avanceR = 2.000000, avanceI = 2.000000
inc_x_r = 0.000000, inc_y_r = 1.000000, inc_x_i = 1.000000, inc_y_i = 1.000000
En el else......

----------------------------------------
x = 56.000000, y = 245.000000
avance = -291.000000, avanceR = 2.000000, avanceI = 2.000000
inc_x_r = 0.000000, inc_y_r = 1.000000, inc_x_i = 1.000000, inc_y_i = 1.000000
En el else......

----------------------------------------
x = 56.000000, y = 246.000000
avance = -289.000000, avanceR = 2.000000, avanceI = 2.000000
inc_x_r = 0.000000, inc_y_r = 1.000000, inc_x_i = 1.000000, inc_y_i = 1.000000
En el else......

----------------------------------------
x = 56.000000, y = 247.000000
avance = -287.000000, avanceR = 2.000000, avanceI = 2.000000
inc_x_r = 0.000000, inc_y_r = 1.000000, inc_x_i = 1.000000, inc_y_i = 1.000000
En el else......

----------------------------------------
x = 56.000000, y = 248.000000
avance = -285.000000, avanceR = 2.000000, avanceI = 2.000000
inc_x_r = 0.000000, inc_y_r = 1.000000, inc_x_i = 1.000000, inc_y_i = 1.000000
En el else......

----------------------------------------
x = 56.000000, y = 249.000000
avance = -283.000000, avanceR = 2.000000, avanceI = 2.000000
inc_x_r = 0.000000, inc_y_r = 1.000000, inc_x_i = 1.000000, inc_y_i = 1.000000
En el else......

----------------------------------------
x = 56.000000, y = 250.000000
avance = -281.000000, avanceR = 2.000000, avanceI = 2.000000
inc_x_r = 0.000000, inc_y_r = 1.000000, inc_x_i = 1.000000, inc_y_i = 1.000000
En el else......

----------------------------------------
x = 56.000000, y = 251.000000
avance = -279.000000, avanceR = 2.000000, avanceI = 2.000000
inc_x_r = 0.000000, inc_y_r = 1.000000, inc_x_i = 1.000000, inc_y_i = 1.000000
En el else......

----------------------------------------
x = 56.000000, y = 252.000000
avance = -277.000000, avanceR = 2.000000, avanceI = 2.000000
inc_x_r = 0.000000, inc_y_r = 1.000000, inc_x_i = 1.000000, inc_y_i = 1.000000
En el else......

----------------------------------------
x = 56.000000, y = 253.000000
avance = -275.000000, avanceR = 2.000000, avanceI = 2.000000
inc_x_r = 0.000000, inc_y_r = 1.000000, inc_x_i = 1.000000, inc_y_i = 1.000000
En el else......

----------------------------------------
x = 56.000000, y = 254.000000
avance = -273.000000, avanceR = 2.000000, avanceI = 2.000000
inc_x_r = 0.000000, inc_y_r = 1.000000, inc_x_i = 1.000000, inc_y_i = 1.000000
En el else......

----------------------------------------
x = 56.000000, y = 255.000000
avance = -271.000000, avanceR = 2.000000, avanceI = 2.000000
inc_x_r = 0.000000, inc_y_r = 1.000000, inc_x_i = 1.000000, inc_y_i = 1.000000
En el else......

----------------------------------------
x = 56.000000, y = 256.000000
avance = -269.000000, avanceR = 2.000000, avanceI = 2.000000
inc_x_r = 0.000000, inc_y_r = 1.000000, inc_x_i = 1.000000, inc_y_i = 1.000000
En el else......

----------------------------------------
x = 56.000000, y = 257.000000
avance = -267.000000, avanceR = 2.000000, avanceI = 2.000000
inc_x_r = 0.000000, inc_y_r = 1.000000, inc_x_i = 1.000000, inc_y_i = 1.000000
En el else......

----------------------------------------
x = 56.000000, y = 258.000000
avance = -265.000000, avanceR = 2.000000, avanceI = 2.000000
inc_x_r = 0.000000, inc_y_r = 1.000000, inc_x_i = 1.000000, inc_y_i = 1.000000
En el else......

----------------------------------------
x = 56.000000, y = 259.000000
avance = -263.000000, avanceR = 2.000000, avanceI = 2.000000
inc_x_r = 0.000000, inc_y_r = 1.000000, inc_x_i = 1.000000, inc_y_i = 1.000000
En el else......

----------------------------------------
x = 56.000000, y = 260.000000
avance = -261.000000, avanceR = 2.000000, avanceI = 2.000000
inc_x_r = 0.000000, inc_y_r = 1.000000, inc_x_i = 1.000000, inc_y_i = 1.000000
En el else......

----------------------------------------
x = 56.000000, y = 261.000000
avance = -259.000000, avanceR = 2.000000, avanceI = 2.000000
inc_x_r = 0.000000, inc_y_r = 1.000000, inc_x_i = 1.000000, inc_y_i = 1.000000
En el else......

----------------------------------------
x = 56.000000, y = 262.000000
avance = -257.000000, avanceR = 2.000000, avanceI = 2.000000
inc_x_r = 0.000000, inc_y_r = 1.000000, inc_x_i = 1.000000, inc_y_i = 1.000000
En el else......

----------------------------------------
x = 56.000000, y = 263.000000
avance = -255.000000, avanceR = 2.000000, avanceI = 2.000000
inc_x_r = 0.000000, inc_y_r = 1.000000, inc_x_i = 1.000000, inc_y_i = 1.000000
En el else......

----------------------------------------
x = 56.000000, y = 264.000000
avance = -253.000000, avanceR = 2.000000, avanceI = 2.000000
inc_x_r = 0.000000, inc_y_r = 1.000000, inc_x_i = 1.000000, inc_y_i = 1.000000
En el else......

----------------------------------------
x = 56.000000, y = 265.000000
avance = -251.000000, avanceR = 2.000000, avanceI = 2.000000
inc_x_r = 0.000000, inc_y_r = 1.000000, inc_x_i = 1.000000, inc_y_i = 1.000000
En el else......

----------------------------------------


ENTRAMOS A BRESENHAMªªªª
x1 = 55.000000 - y1 = 15.000000 || x2 = 56.000000 - y2 = 266.000000
dy = 251.000000, dx = 1.000000
avances inclinados: inc_x_i = 1.000000, inc_y_i = 1.000000
updated: dy = 251.000000, dx = 1.000000
avances rectos: inc_x_r = 0.000000, inc_y_r 1.000000
reupdated: dy = 1.000000, dx = 251.000000
avanceR = 2.000000, avance -249.000000, avanceI 2.000000
----------------------------------------
x = 55.000000, y = 15.000000
avance = -249.000000, avanceR = 2.000000, avanceI = 2.000000
inc_x_r = 0.000000, inc_y_r = 1.000000, inc_x_i = 1.000000, inc_y_i = 1.000000
En el else......

----------------------------------------
x = 55.000000, y = 16.000000
avance = -247.000000, avanceR = 2.000000, avanceI = 2.000000
inc_x_r = 0.000000, inc_y_r = 1.000000, inc_x_i = 1.000000, inc_y_i = 1.000000
En el else......

----------------------------------------
x = 55.000000, y = 17.000000
avance = -245.000000, avanceR = 2.000000, avanceI = 2.000000
inc_x_r = 0.000000, inc_y_r = 1.000000, inc_x_i = 1.000000, inc_y_i = 1.000000
En el else......

----------------------------------------
x = 55.000000, y = 18.000000
avance = -243.000000, avanceR = 2.000000, avanceI = 2.000000
inc_x_r = 0.000000, inc_y_r = 1.000000, inc_x_i = 1.000000, inc_y_i = 1.000000
En el else......

----------------------------------------
x = 55.000000, y = 19.000000
avance = -241.000000, avanceR = 2.000000, avanceI = 2.000000
inc_x_r = 0.000000, inc_y_r = 1.000000, inc_x_i = 1.000000, inc_y_i = 1.000000
En el else......

----------------------------------------
x = 55.000000, y = 20.000000
avance = -239.000000, avanceR = 2.000000, avanceI = 2.000000
inc_x_r = 0.000000, inc_y_r = 1.000000, inc_x_i = 1.000000, inc_y_i = 1.000000
En el else......

----------------------------------------
x = 55.000000, y = 21.000000
avance = -237.000000, avanceR = 2.000000, avanceI = 2.000000
inc_x_r = 0.000000, inc_y_r = 1.000000, inc_x_i = 1.000000, inc_y_i = 1.000000
En el else......

----------------------------------------
x = 55.000000, y = 22.000000
avance = -235.000000, avanceR = 2.000000, avanceI = 2.000000
inc_x_r = 0.000000, inc_y_r = 1.000000, inc_x_i = 1.000000, inc_y_i = 1.000000
En el else......

----------------------------------------
x = 55.000000, y = 23.000000
avance = -233.000000, avanceR = 2.000000, avanceI = 2.000000
inc_x_r = 0.000000, inc_y_r = 1.000000, inc_x_i = 1.000000, inc_y_i = 1.000000
En el else......

----------------------------------------
x = 55.000000, y = 24.000000
avance = -231.000000, avanceR = 2.000000, avanceI = 2.000000
inc_x_r = 0.000000, inc_y_r = 1.000000, inc_x_i = 1.000000, inc_y_i = 1.000000
En el else......

----------------------------------------
x = 55.000000, y = 25.000000
avance = -229.000000, avanceR = 2.000000, avanceI = 2.000000
inc_x_r = 0.000000, inc_y_r = 1.000000, inc_x_i = 1.000000, inc_y_i = 1.000000
En el else......

----------------------------------------
x = 55.000000, y = 26.000000
avance = -227.000000, avanceR = 2.000000, avanceI = 2.000000
inc_x_r = 0.000000, inc_y_r = 1.000000, inc_x_i = 1.000000, inc_y_i = 1.000000
En el else......

----------------------------------------
x = 55.000000, y = 27.000000
avance = -225.000000, avanceR = 2.000000, avanceI = 2.000000
inc_x_r = 0.000000, inc_y_r = 1.000000, inc_x_i = 1.000000, inc_y_i = 1.000000
En el else......

----------------------------------------
x = 55.000000, y = 28.000000
avance = -223.000000, avanceR = 2.000000, avanceI = 2.000000
inc_x_r = 0.000000, inc_y_r = 1.000000, inc_x_i = 1.000000, inc_y_i = 1.000000
En el else......

----------------------------------------
x = 55.000000, y = 29.000000
avance = -221.000000, avanceR = 2.000000, avanceI = 2.000000
inc_x_r = 0.000000, inc_y_r = 1.000000, inc_x_i = 1.000000, inc_y_i = 1.000000
En el else......

----------------------------------------
x = 55.000000, y = 30.000000
avance = -219.000000, avanceR = 2.000000, avanceI = 2.000000
inc_x_r = 0.000000, inc_y_r = 1.000000, inc_x_i = 1.000000, inc_y_i = 1.000000
En el else......

----------------------------------------
x = 55.000000, y = 31.000000
avance = -217.000000, avanceR = 2.000000, avanceI = 2.000000
inc_x_r = 0.000000, inc_y_r = 1.000000, inc_x_i = 1.000000, inc_y_i = 1.000000
En el else......

----------------------------------------
x = 55.000000, y = 32.000000
avance = -215.000000, avanceR = 2.000000, avanceI = 2.000000
inc_x_r = 0.000000, inc_y_r = 1.000000, inc_x_i = 1.000000, inc_y_i = 1.000000
En el else......

----------------------------------------
x = 55.000000, y = 33.000000
avance = -213.000000, avanceR = 2.000000, avanceI = 2.000000
inc_x_r = 0.000000, inc_y_r = 1.000000, inc_x_i = 1.000000, inc_y_i = 1.000000
En el else......

----------------------------------------
x = 55.000000, y = 34.000000
avance = -211.000000, avanceR = 2.000000, avanceI = 2.000000
inc_x_r = 0.000000, inc_y_r = 1.000000, inc_x_i = 1.000000, inc_y_i = 1.000000
En el else......

----------------------------------------
x = 55.000000, y = 35.000000
avance = -209.000000, avanceR = 2.000000, avanceI = 2.000000
inc_x_r = 0.000000, inc_y_r = 1.000000, inc_x_i = 1.000000, inc_y_i = 1.000000
En el else......

----------------------------------------
x = 55.000000, y = 36.000000
avance = -207.000000, avanceR = 2.000000, avanceI = 2.000000
inc_x_r = 0.000000, inc_y_r = 1.000000, inc_x_i = 1.000000, inc_y_i = 1.000000
En el else......

----------------------------------------
x = 55.000000, y = 37.000000
avance = -205.000000, avanceR = 2.000000, avanceI = 2.000000
inc_x_r = 0.000000, inc_y_r = 1.000000, inc_x_i = 1.000000, inc_y_i = 1.000000
En el else......

----------------------------------------
x = 55.000000, y = 38.000000
avance = -203.000000, avanceR = 2.000000, avanceI = 2.000000
inc_x_r = 0.000000, inc_y_r = 1.000000, inc_x_i = 1.000000, inc_y_i = 1.000000
En el else......

----------------------------------------
x = 55.000000, y = 39.000000
avance = -201.000000, avanceR = 2.000000, avanceI = 2.000000
inc_x_r = 0.000000, inc_y_r = 1.000000, inc_x_i = 1.000000, inc_y_i = 1.000000
En el else......

----------------------------------------
x = 55.000000, y = 40.000000
avance = -199.000000, avanceR = 2.000000, avanceI = 2.000000
inc_x_r = 0.000000, inc_y_r = 1.000000, inc_x_i = 1.000000, inc_y_i = 1.000000
En el else......

----------------------------------------
x = 55.000000, y = 41.000000
avance = -197.000000, avanceR = 2.000000, avanceI = 2.000000
inc_x_r = 0.000000, inc_y_r = 1.000000, inc_x_i = 1.000000, inc_y_i = 1.000000
En el else......

----------------------------------------
x = 55.000000, y = 42.000000
avance = -195.000000, avanceR = 2.000000, avanceI = 2.000000
inc_x_r = 0.000000, inc_y_r = 1.000000, inc_x_i = 1.000000, inc_y_i = 1.000000
En el else......

----------------------------------------
x = 55.000000, y = 43.000000
avance = -193.000000, avanceR = 2.000000, avanceI = 2.000000
inc_x_r = 0.000000, inc_y_r = 1.000000, inc_x_i = 1.000000, inc_y_i = 1.000000
En el else......

----------------------------------------
x = 55.000000, y = 44.000000
avance = -191.000000, avanceR = 2.000000, avanceI = 2.000000
inc_x_r = 0.000000, inc_y_r = 1.000000, inc_x_i = 1.000000, inc_y_i = 1.000000
En el else......

----------------------------------------
x = 55.000000, y = 45.000000
avance = -189.000000, avanceR = 2.000000, avanceI = 2.000000
inc_x_r = 0.000000, inc_y_r = 1.000000, inc_x_i = 1.000000, inc_y_i = 1.000000
En el else......

----------------------------------------
x = 55.000000, y = 46.000000
avance = -187.000000, avanceR = 2.000000, avanceI = 2.000000
inc_x_r = 0.000000, inc_y_r = 1.000000, inc_x_i = 1.000000, inc_y_i = 1.000000
En el else......

----------------------------------------
x = 55.000000, y = 47.000000
avance = -185.000000, avanceR = 2.000000, avanceI = 2.000000
inc_x_r = 0.000000, inc_y_r = 1.000000, inc_x_i = 1.000000, inc_y_i = 1.000000
En el else......

----------------------------------------
x = 55.000000, y = 48.000000
avance = -183.000000, avanceR = 2.000000, avanceI = 2.000000
inc_x_r = 0.000000, inc_y_r = 1.000000, inc_x_i = 1.000000, inc_y_i = 1.000000
En el else......

----------------------------------------
x = 55.000000, y = 49.000000
avance = -181.000000, avanceR = 2.000000, avanceI = 2.000000
inc_x_r = 0.000000, inc_y_r = 1.000000, inc_x_i = 1.000000, inc_y_i = 1.000000
En el else......

----------------------------------------
x = 55.000000, y = 50.000000
avance = -179.000000, avanceR = 2.000000, avanceI = 2.000000
inc_x_r = 0.000000, inc_y_r = 1.000000, inc_x_i = 1.000000, inc_y_i = 1.000000
En el else......

----------------------------------------
x = 55.000000, y = 51.000000
avance = -177.000000, avanceR = 2.000000, avanceI = 2.000000
inc_x_r = 0.000000, inc_y_r = 1.000000, inc_x_i = 1.000000, inc_y_i = 1.000000
En el else......

----------------------------------------
x = 55.000000, y = 52.000000
avance = -175.000000, avanceR = 2.000000, avanceI = 2.000000
inc_x_r = 0.000000, inc_y_r = 1.000000, inc_x_i = 1.000000, inc_y_i = 1.000000
En el else......

----------------------------------------
x = 55.000000, y = 53.000000
avance = -173.000000, avanceR = 2.000000, avanceI = 2.000000
inc_x_r = 0.000000, inc_y_r = 1.000000, inc_x_i = 1.000000, inc_y_i = 1.000000
En el else......

----------------------------------------
x = 55.000000, y = 54.000000
avance = -171.000000, avanceR = 2.000000, avanceI = 2.000000
inc_x_r = 0.000000, inc_y_r = 1.000000, inc_x_i = 1.000000, inc_y_i = 1.000000
En el else......

----------------------------------------
x = 55.000000, y = 55.000000
avance = -169.000000, avanceR = 2.000000, avanceI = 2.000000
inc_x_r = 0.000000, inc_y_r = 1.000000, inc_x_i = 1.000000, inc_y_i = 1.000000
En el else......

----------------------------------------
x = 55.000000, y = 56.000000
avance = -167.000000, avanceR = 2.000000, avanceI = 2.000000
inc_x_r = 0.000000, inc_y_r = 1.000000, inc_x_i = 1.000000, inc_y_i = 1.000000
En el else......

----------------------------------------
x = 55.000000, y = 57.000000
avance = -165.000000, avanceR = 2.000000, avanceI = 2.000000
inc_x_r = 0.000000, inc_y_r = 1.000000, inc_x_i = 1.000000, inc_y_i = 1.000000
En el else......

----------------------------------------
x = 55.000000, y = 58.000000
avance = -163.000000, avanceR = 2.000000, avanceI = 2.000000
inc_x_r = 0.000000, inc_y_r = 1.000000, inc_x_i = 1.000000, inc_y_i = 1.000000
En el else......

----------------------------------------
x = 55.000000, y = 59.000000
avance = -161.000000, avanceR = 2.000000, avanceI = 2.000000
inc_x_r = 0.000000, inc_y_r = 1.000000, inc_x_i = 1.000000, inc_y_i = 1.000000
En el else......

----------------------------------------
x = 55.000000, y = 60.000000
avance = -159.000000, avanceR = 2.000000, avanceI = 2.000000
inc_x_r = 0.000000, inc_y_r = 1.000000, inc_x_i = 1.000000, inc_y_i = 1.000000
En el else......

----------------------------------------
x = 55.000000, y = 61.000000
avance = -157.000000, avanceR = 2.000000, avanceI = 2.000000
inc_x_r = 0.000000, inc_y_r = 1.000000, inc_x_i = 1.000000, inc_y_i = 1.000000
En el else......

----------------------------------------
x = 55.000000, y = 62.000000
avance = -155.000000, avanceR = 2.000000, avanceI = 2.000000
inc_x_r = 0.000000, inc_y_r = 1.000000, inc_x_i = 1.000000, inc_y_i = 1.000000
En el else......

----------------------------------------
x = 55.000000, y = 63.000000
avance = -153.000000, avanceR = 2.000000, avanceI = 2.000000
inc_x_r = 0.000000, inc_y_r = 1.000000, inc_x_i = 1.000000, inc_y_i = 1.000000
En el else......

----------------------------------------
x = 55.000000, y = 64.000000
avance = -151.000000, avanceR = 2.000000, avanceI = 2.000000
inc_x_r = 0.000000, inc_y_r = 1.000000, inc_x_i = 1.000000, inc_y_i = 1.000000
En el else......

----------------------------------------
x = 55.000000, y = 65.000000
avance = -149.000000, avanceR = 2.000000, avanceI = 2.000000
inc_x_r = 0.000000, inc_y_r = 1.000000, inc_x_i = 1.000000, inc_y_i = 1.000000
En el else......

----------------------------------------
x = 55.000000, y = 66.000000
avance = -147.000000, avanceR = 2.000000, avanceI = 2.000000
inc_x_r = 0.000000, inc_y_r = 1.000000, inc_x_i = 1.000000, inc_y_i = 1.000000
En el else......

----------------------------------------
x = 55.000000, y = 67.000000
avance = -145.000000, avanceR = 2.000000, avanceI = 2.000000
inc_x_r = 0.000000, inc_y_r = 1.000000, inc_x_i = 1.000000, inc_y_i = 1.000000
En el else......

----------------------------------------
x = 55.000000, y = 68.000000
avance = -143.000000, avanceR = 2.000000, avanceI = 2.000000
inc_x_r = 0.000000, inc_y_r = 1.000000, inc_x_i = 1.000000, inc_y_i = 1.000000
En el else......

----------------------------------------
x = 55.000000, y = 69.000000
avance = -141.000000, avanceR = 2.000000, avanceI = 2.000000
inc_x_r = 0.000000, inc_y_r = 1.000000, inc_x_i = 1.000000, inc_y_i = 1.000000
En el else......

----------------------------------------
x = 55.000000, y = 70.000000
avance = -139.000000, avanceR = 2.000000, avanceI = 2.000000
inc_x_r = 0.000000, inc_y_r = 1.000000, inc_x_i = 1.000000, inc_y_i = 1.000000
En el else......

----------------------------------------
x = 55.000000, y = 71.000000
avance = -137.000000, avanceR = 2.000000, avanceI = 2.000000
inc_x_r = 0.000000, inc_y_r = 1.000000, inc_x_i = 1.000000, inc_y_i = 1.000000
En el else......

----------------------------------------
x = 55.000000, y = 72.000000
avance = -135.000000, avanceR = 2.000000, avanceI = 2.000000
inc_x_r = 0.000000, inc_y_r = 1.000000, inc_x_i = 1.000000, inc_y_i = 1.000000
En el else......

----------------------------------------
x = 55.000000, y = 73.000000
avance = -133.000000, avanceR = 2.000000, avanceI = 2.000000
inc_x_r = 0.000000, inc_y_r = 1.000000, inc_x_i = 1.000000, inc_y_i = 1.000000
En el else......

----------------------------------------
x = 55.000000, y = 74.000000
avance = -131.000000, avanceR = 2.000000, avanceI = 2.000000
inc_x_r = 0.000000, inc_y_r = 1.000000, inc_x_i = 1.000000, inc_y_i = 1.000000
En el else......

----------------------------------------
x = 55.000000, y = 75.000000
avance = -129.000000, avanceR = 2.000000, avanceI = 2.000000
inc_x_r = 0.000000, inc_y_r = 1.000000, inc_x_i = 1.000000, inc_y_i = 1.000000
En el else......

----------------------------------------
x = 55.000000, y = 76.000000
avance = -127.000000, avanceR = 2.000000, avanceI = 2.000000
inc_x_r = 0.000000, inc_y_r = 1.000000, inc_x_i = 1.000000, inc_y_i = 1.000000
En el else......

----------------------------------------
x = 55.000000, y = 77.000000
avance = -125.000000, avanceR = 2.000000, avanceI = 2.000000
inc_x_r = 0.000000, inc_y_r = 1.000000, inc_x_i = 1.000000, inc_y_i = 1.000000
En el else......

----------------------------------------
x = 55.000000, y = 78.000000
avance = -123.000000, avanceR = 2.000000, avanceI = 2.000000
inc_x_r = 0.000000, inc_y_r = 1.000000, inc_x_i = 1.000000, inc_y_i = 1.000000
En el else......

----------------------------------------
x = 55.000000, y = 79.000000
avance = -121.000000, avanceR = 2.000000, avanceI = 2.000000
inc_x_r = 0.000000, inc_y_r = 1.000000, inc_x_i = 1.000000, inc_y_i = 1.000000
En el else......

----------------------------------------
x = 55.000000, y = 80.000000
avance = -119.000000, avanceR = 2.000000, avanceI = 2.000000
inc_x_r = 0.000000, inc_y_r = 1.000000, inc_x_i = 1.000000, inc_y_i = 1.000000
En el else......

----------------------------------------
x = 55.000000, y = 81.000000
avance = -117.000000, avanceR = 2.000000, avanceI = 2.000000
inc_x_r = 0.000000, inc_y_r = 1.000000, inc_x_i = 1.000000, inc_y_i = 1.000000
En el else......

----------------------------------------
x = 55.000000, y = 82.000000
avance = -115.000000, avanceR = 2.000000, avanceI = 2.000000
inc_x_r = 0.000000, inc_y_r = 1.000000, inc_x_i = 1.000000, inc_y_i = 1.000000
En el else......

----------------------------------------
x = 55.000000, y = 83.000000
avance = -113.000000, avanceR = 2.000000, avanceI = 2.000000
inc_x_r = 0.000000, inc_y_r = 1.000000, inc_x_i = 1.000000, inc_y_i = 1.000000
En el else......

----------------------------------------
x = 55.000000, y = 84.000000
avance = -111.000000, avanceR = 2.000000, avanceI = 2.000000
inc_x_r = 0.000000, inc_y_r = 1.000000, inc_x_i = 1.000000, inc_y_i = 1.000000
En el else......

----------------------------------------
x = 55.000000, y = 85.000000
avance = -109.000000, avanceR = 2.000000, avanceI = 2.000000
inc_x_r = 0.000000, inc_y_r = 1.000000, inc_x_i = 1.000000, inc_y_i = 1.000000
En el else......

----------------------------------------
x = 55.000000, y = 86.000000
avance = -107.000000, avanceR = 2.000000, avanceI = 2.000000
inc_x_r = 0.000000, inc_y_r = 1.000000, inc_x_i = 1.000000, inc_y_i = 1.000000
En el else......

----------------------------------------
x = 55.000000, y = 87.000000
avance = -105.000000, avanceR = 2.000000, avanceI = 2.000000
inc_x_r = 0.000000, inc_y_r = 1.000000, inc_x_i = 1.000000, inc_y_i = 1.000000
En el else......

----------------------------------------
x = 55.000000, y = 88.000000
avance = -103.000000, avanceR = 2.000000, avanceI = 2.000000
inc_x_r = 0.000000, inc_y_r = 1.000000, inc_x_i = 1.000000, inc_y_i = 1.000000
En el else......

----------------------------------------
x = 55.000000, y = 89.000000
avance = -101.000000, avanceR = 2.000000, avanceI = 2.000000
inc_x_r = 0.000000, inc_y_r = 1.000000, inc_x_i = 1.000000, inc_y_i = 1.000000
En el else......

----------------------------------------
x = 55.000000, y = 90.000000
avance = -99.000000, avanceR = 2.000000, avanceI = 2.000000
inc_x_r = 0.000000, inc_y_r = 1.000000, inc_x_i = 1.000000, inc_y_i = 1.000000
En el else......

----------------------------------------
x = 55.000000, y = 91.000000
avance = -97.000000, avanceR = 2.000000, avanceI = 2.000000
inc_x_r = 0.000000, inc_y_r = 1.000000, inc_x_i = 1.000000, inc_y_i = 1.000000
En el else......

----------------------------------------
x = 55.000000, y = 92.000000
avance = -95.000000, avanceR = 2.000000, avanceI = 2.000000
inc_x_r = 0.000000, inc_y_r = 1.000000, inc_x_i = 1.000000, inc_y_i = 1.000000
En el else......

----------------------------------------
x = 55.000000, y = 93.000000
avance = -93.000000, avanceR = 2.000000, avanceI = 2.000000
inc_x_r = 0.000000, inc_y_r = 1.000000, inc_x_i = 1.000000, inc_y_i = 1.000000
En el else......

----------------------------------------
x = 55.000000, y = 94.000000
avance = -91.000000, avanceR = 2.000000, avanceI = 2.000000
inc_x_r = 0.000000, inc_y_r = 1.000000, inc_x_i = 1.000000, inc_y_i = 1.000000
En el else......

----------------------------------------
x = 55.000000, y = 95.000000
avance = -89.000000, avanceR = 2.000000, avanceI = 2.000000
inc_x_r = 0.000000, inc_y_r = 1.000000, inc_x_i = 1.000000, inc_y_i = 1.000000
En el else......

----------------------------------------
x = 55.000000, y = 96.000000
avance = -87.000000, avanceR = 2.000000, avanceI = 2.000000
inc_x_r = 0.000000, inc_y_r = 1.000000, inc_x_i = 1.000000, inc_y_i = 1.000000
En el else......

----------------------------------------
x = 55.000000, y = 97.000000
avance = -85.000000, avanceR = 2.000000, avanceI = 2.000000
inc_x_r = 0.000000, inc_y_r = 1.000000, inc_x_i = 1.000000, inc_y_i = 1.000000
En el else......

----------------------------------------
x = 55.000000, y = 98.000000
avance = -83.000000, avanceR = 2.000000, avanceI = 2.000000
inc_x_r = 0.000000, inc_y_r = 1.000000, inc_x_i = 1.000000, inc_y_i = 1.000000
En el else......

----------------------------------------
x = 55.000000, y = 99.000000
avance = -81.000000, avanceR = 2.000000, avanceI = 2.000000
inc_x_r = 0.000000, inc_y_r = 1.000000, inc_x_i = 1.000000, inc_y_i = 1.000000
En el else......

----------------------------------------
x = 55.000000, y = 100.000000
avance = -79.000000, avanceR = 2.000000, avanceI = 2.000000
inc_x_r = 0.000000, inc_y_r = 1.000000, inc_x_i = 1.000000, inc_y_i = 1.000000
En el else......

----------------------------------------
x = 55.000000, y = 101.000000
avance = -77.000000, avanceR = 2.000000, avanceI = 2.000000
inc_x_r = 0.000000, inc_y_r = 1.000000, inc_x_i = 1.000000, inc_y_i = 1.000000
En el else......

----------------------------------------
x = 55.000000, y = 102.000000
avance = -75.000000, avanceR = 2.000000, avanceI = 2.000000
inc_x_r = 0.000000, inc_y_r = 1.000000, inc_x_i = 1.000000, inc_y_i = 1.000000
En el else......

----------------------------------------
x = 55.000000, y = 103.000000
avance = -73.000000, avanceR = 2.000000, avanceI = 2.000000
inc_x_r = 0.000000, inc_y_r = 1.000000, inc_x_i = 1.000000, inc_y_i = 1.000000
En el else......

----------------------------------------
x = 55.000000, y = 104.000000
avance = -71.000000, avanceR = 2.000000, avanceI = 2.000000
inc_x_r = 0.000000, inc_y_r = 1.000000, inc_x_i = 1.000000, inc_y_i = 1.000000
En el else......

----------------------------------------
x = 55.000000, y = 105.000000
avance = -69.000000, avanceR = 2.000000, avanceI = 2.000000
inc_x_r = 0.000000, inc_y_r = 1.000000, inc_x_i = 1.000000, inc_y_i = 1.000000
En el else......

----------------------------------------
x = 55.000000, y = 106.000000
avance = -67.000000, avanceR = 2.000000, avanceI = 2.000000
inc_x_r = 0.000000, inc_y_r = 1.000000, inc_x_i = 1.000000, inc_y_i = 1.000000
En el else......

----------------------------------------
x = 55.000000, y = 107.000000
avance = -65.000000, avanceR = 2.000000, avanceI = 2.000000
inc_x_r = 0.000000, inc_y_r = 1.000000, inc_x_i = 1.000000, inc_y_i = 1.000000
En el else......

----------------------------------------
x = 55.000000, y = 108.000000
avance = -63.000000, avanceR = 2.000000, avanceI = 2.000000
inc_x_r = 0.000000, inc_y_r = 1.000000, inc_x_i = 1.000000, inc_y_i = 1.000000
En el else......

----------------------------------------
x = 55.000000, y = 109.000000
avance = -61.000000, avanceR = 2.000000, avanceI = 2.000000
inc_x_r = 0.000000, inc_y_r = 1.000000, inc_x_i = 1.000000, inc_y_i = 1.000000
En el else......

----------------------------------------
x = 55.000000, y = 110.000000
avance = -59.000000, avanceR = 2.000000, avanceI = 2.000000
inc_x_r = 0.000000, inc_y_r = 1.000000, inc_x_i = 1.000000, inc_y_i = 1.000000
En el else......

----------------------------------------
x = 55.000000, y = 111.000000
avance = -57.000000, avanceR = 2.000000, avanceI = 2.000000
inc_x_r = 0.000000, inc_y_r = 1.000000, inc_x_i = 1.000000, inc_y_i = 1.000000
En el else......

----------------------------------------
x = 55.000000, y = 112.000000
avance = -55.000000, avanceR = 2.000000, avanceI = 2.000000
inc_x_r = 0.000000, inc_y_r = 1.000000, inc_x_i = 1.000000, inc_y_i = 1.000000
En el else......

----------------------------------------
x = 55.000000, y = 113.000000
avance = -53.000000, avanceR = 2.000000, avanceI = 2.000000
inc_x_r = 0.000000, inc_y_r = 1.000000, inc_x_i = 1.000000, inc_y_i = 1.000000
En el else......

----------------------------------------
x = 55.000000, y = 114.000000
avance = -51.000000, avanceR = 2.000000, avanceI = 2.000000
inc_x_r = 0.000000, inc_y_r = 1.000000, inc_x_i = 1.000000, inc_y_i = 1.000000
En el else......

----------------------------------------
x = 55.000000, y = 115.000000
avance = -49.000000, avanceR = 2.000000, avanceI = 2.000000
inc_x_r = 0.000000, inc_y_r = 1.000000, inc_x_i = 1.000000, inc_y_i = 1.000000
En el else......

----------------------------------------
x = 55.000000, y = 116.000000
avance = -47.000000, avanceR = 2.000000, avanceI = 2.000000
inc_x_r = 0.000000, inc_y_r = 1.000000, inc_x_i = 1.000000, inc_y_i = 1.000000
En el else......

----------------------------------------
x = 55.000000, y = 117.000000
avance = -45.000000, avanceR = 2.000000, avanceI = 2.000000
inc_x_r = 0.000000, inc_y_r = 1.000000, inc_x_i = 1.000000, inc_y_i = 1.000000
En el else......

----------------------------------------
x = 55.000000, y = 118.000000
avance = -43.000000, avanceR = 2.000000, avanceI = 2.000000
inc_x_r = 0.000000, inc_y_r = 1.000000, inc_x_i = 1.000000, inc_y_i = 1.000000
En el else......

----------------------------------------
x = 55.000000, y = 119.000000
avance = -41.000000, avanceR = 2.000000, avanceI = 2.000000
inc_x_r = 0.000000, inc_y_r = 1.000000, inc_x_i = 1.000000, inc_y_i = 1.000000
En el else......

----------------------------------------
x = 55.000000, y = 120.000000
avance = -39.000000, avanceR = 2.000000, avanceI = 2.000000
inc_x_r = 0.000000, inc_y_r = 1.000000, inc_x_i = 1.000000, inc_y_i = 1.000000
En el else......

----------------------------------------
x = 55.000000, y = 121.000000
avance = -37.000000, avanceR = 2.000000, avanceI = 2.000000
inc_x_r = 0.000000, inc_y_r = 1.000000, inc_x_i = 1.000000, inc_y_i = 1.000000
En el else......

----------------------------------------
x = 55.000000, y = 122.000000
avance = -35.000000, avanceR = 2.000000, avanceI = 2.000000
inc_x_r = 0.000000, inc_y_r = 1.000000, inc_x_i = 1.000000, inc_y_i = 1.000000
En el else......

----------------------------------------
x = 55.000000, y = 123.000000
avance = -33.000000, avanceR = 2.000000, avanceI = 2.000000
inc_x_r = 0.000000, inc_y_r = 1.000000, inc_x_i = 1.000000, inc_y_i = 1.000000
En el else......

----------------------------------------
x = 55.000000, y = 124.000000
avance = -31.000000, avanceR = 2.000000, avanceI = 2.000000
inc_x_r = 0.000000, inc_y_r = 1.000000, inc_x_i = 1.000000, inc_y_i = 1.000000
En el else......

----------------------------------------
x = 55.000000, y = 125.000000
avance = -29.000000, avanceR = 2.000000, avanceI = 2.000000
inc_x_r = 0.000000, inc_y_r = 1.000000, inc_x_i = 1.000000, inc_y_i = 1.000000
En el else......

----------------------------------------
x = 55.000000, y = 126.000000
avance = -27.000000, avanceR = 2.000000, avanceI = 2.000000
inc_x_r = 0.000000, inc_y_r = 1.000000, inc_x_i = 1.000000, inc_y_i = 1.000000
En el else......

----------------------------------------
x = 55.000000, y = 127.000000
avance = -25.000000, avanceR = 2.000000, avanceI = 2.000000
inc_x_r = 0.000000, inc_y_r = 1.000000, inc_x_i = 1.000000, inc_y_i = 1.000000
En el else......

----------------------------------------
x = 55.000000, y = 128.000000
avance = -23.000000, avanceR = 2.000000, avanceI = 2.000000
inc_x_r = 0.000000, inc_y_r = 1.000000, inc_x_i = 1.000000, inc_y_i = 1.000000
En el else......

----------------------------------------
x = 55.000000, y = 129.000000
avance = -21.000000, avanceR = 2.000000, avanceI = 2.000000
inc_x_r = 0.000000, inc_y_r = 1.000000, inc_x_i = 1.000000, inc_y_i = 1.000000
En el else......

----------------------------------------
x = 55.000000, y = 130.000000
avance = -19.000000, avanceR = 2.000000, avanceI = 2.000000
inc_x_r = 0.000000, inc_y_r = 1.000000, inc_x_i = 1.000000, inc_y_i = 1.000000
En el else......

----------------------------------------
x = 55.000000, y = 131.000000
avance = -17.000000, avanceR = 2.000000, avanceI = 2.000000
inc_x_r = 0.000000, inc_y_r = 1.000000, inc_x_i = 1.000000, inc_y_i = 1.000000
En el else......

----------------------------------------
x = 55.000000, y = 132.000000
avance = -15.000000, avanceR = 2.000000, avanceI = 2.000000
inc_x_r = 0.000000, inc_y_r = 1.000000, inc_x_i = 1.000000, inc_y_i = 1.000000
En el else......

----------------------------------------
x = 55.000000, y = 133.000000
avance = -13.000000, avanceR = 2.000000, avanceI = 2.000000
inc_x_r = 0.000000, inc_y_r = 1.000000, inc_x_i = 1.000000, inc_y_i = 1.000000
En el else......

----------------------------------------
x = 55.000000, y = 134.000000
avance = -11.000000, avanceR = 2.000000, avanceI = 2.000000
inc_x_r = 0.000000, inc_y_r = 1.000000, inc_x_i = 1.000000, inc_y_i = 1.000000
En el else......

----------------------------------------
x = 55.000000, y = 135.000000
avance = -9.000000, avanceR = 2.000000, avanceI = 2.000000
inc_x_r = 0.000000, inc_y_r = 1.000000, inc_x_i = 1.000000, inc_y_i = 1.000000
En el else......

----------------------------------------
x = 55.000000, y = 136.000000
avance = -7.000000, avanceR = 2.000000, avanceI = 2.000000
inc_x_r = 0.000000, inc_y_r = 1.000000, inc_x_i = 1.000000, inc_y_i = 1.000000
En el else......

----------------------------------------
x = 55.000000, y = 137.000000
avance = -5.000000, avanceR = 2.000000, avanceI = 2.000000
inc_x_r = 0.000000, inc_y_r = 1.000000, inc_x_i = 1.000000, inc_y_i = 1.000000
En el else......

----------------------------------------
x = 55.000000, y = 138.000000
avance = -3.000000, avanceR = 2.000000, avanceI = 2.000000
inc_x_r = 0.000000, inc_y_r = 1.000000, inc_x_i = 1.000000, inc_y_i = 1.000000
En el else......

----------------------------------------
x = 55.000000, y = 139.000000
avance = -1.000000, avanceR = 2.000000, avanceI = 2.000000
inc_x_r = 0.000000, inc_y_r = 1.000000, inc_x_i = 1.000000, inc_y_i = 1.000000
En el else......

----------------------------------------
x = 55.000000, y = 140.000000
avance = 1.000000, avanceR = 2.000000, avanceI = 2.000000
inc_x_r = 0.000000, inc_y_r = 1.000000, inc_x_i = 1.000000, inc_y_i = 1.000000
avance >= 0

----------------------------------------
x = 56.000000, y = 141.000000
avance = -499.000000, avanceR = 2.000000, avanceI = 2.000000
inc_x_r = 0.000000, inc_y_r = 1.000000, inc_x_i = 1.000000, inc_y_i = 1.000000
En el else......

----------------------------------------
x = 56.000000, y = 142.000000
avance = -497.000000, avanceR = 2.000000, avanceI = 2.000000
inc_x_r = 0.000000, inc_y_r = 1.000000, inc_x_i = 1.000000, inc_y_i = 1.000000
En el else......

----------------------------------------
x = 56.000000, y = 143.000000
avance = -495.000000, avanceR = 2.000000, avanceI = 2.000000
inc_x_r = 0.000000, inc_y_r = 1.000000, inc_x_i = 1.000000, inc_y_i = 1.000000
En el else......

----------------------------------------
x = 56.000000, y = 144.000000
avance = -493.000000, avanceR = 2.000000, avanceI = 2.000000
inc_x_r = 0.000000, inc_y_r = 1.000000, inc_x_i = 1.000000, inc_y_i = 1.000000
En el else......

----------------------------------------
x = 56.000000, y = 145.000000
avance = -491.000000, avanceR = 2.000000, avanceI = 2.000000
inc_x_r = 0.000000, inc_y_r = 1.000000, inc_x_i = 1.000000, inc_y_i = 1.000000
En el else......

----------------------------------------
x = 56.000000, y = 146.000000
avance = -489.000000, avanceR = 2.000000, avanceI = 2.000000
inc_x_r = 0.000000, inc_y_r = 1.000000, inc_x_i = 1.000000, inc_y_i = 1.000000
En el else......

----------------------------------------
x = 56.000000, y = 147.000000
avance = -487.000000, avanceR = 2.000000, avanceI = 2.000000
inc_x_r = 0.000000, inc_y_r = 1.000000, inc_x_i = 1.000000, inc_y_i = 1.000000
En el else......

----------------------------------------
x = 56.000000, y = 148.000000
avance = -485.000000, avanceR = 2.000000, avanceI = 2.000000
inc_x_r = 0.000000, inc_y_r = 1.000000, inc_x_i = 1.000000, inc_y_i = 1.000000
En el else......

----------------------------------------
x = 56.000000, y = 149.000000
avance = -483.000000, avanceR = 2.000000, avanceI = 2.000000
inc_x_r = 0.000000, inc_y_r = 1.000000, inc_x_i = 1.000000, inc_y_i = 1.000000
En el else......

----------------------------------------
x = 56.000000, y = 150.000000
avance = -481.000000, avanceR = 2.000000, avanceI = 2.000000
inc_x_r = 0.000000, inc_y_r = 1.000000, inc_x_i = 1.000000, inc_y_i = 1.000000
En el else......

----------------------------------------
x = 56.000000, y = 151.000000
avance = -479.000000, avanceR = 2.000000, avanceI = 2.000000
inc_x_r = 0.000000, inc_y_r = 1.000000, inc_x_i = 1.000000, inc_y_i = 1.000000
En el else......

----------------------------------------
x = 56.000000, y = 152.000000
avance = -477.000000, avanceR = 2.000000, avanceI = 2.000000
inc_x_r = 0.000000, inc_y_r = 1.000000, inc_x_i = 1.000000, inc_y_i = 1.000000
En el else......

----------------------------------------
x = 56.000000, y = 153.000000
avance = -475.000000, avanceR = 2.000000, avanceI = 2.000000
inc_x_r = 0.000000, inc_y_r = 1.000000, inc_x_i = 1.000000, inc_y_i = 1.000000
En el else......

----------------------------------------
x = 56.000000, y = 154.000000
avance = -473.000000, avanceR = 2.000000, avanceI = 2.000000
inc_x_r = 0.000000, inc_y_r = 1.000000, inc_x_i = 1.000000, inc_y_i = 1.000000
En el else......

----------------------------------------
x = 56.000000, y = 155.000000
avance = -471.000000, avanceR = 2.000000, avanceI = 2.000000
inc_x_r = 0.000000, inc_y_r = 1.000000, inc_x_i = 1.000000, inc_y_i = 1.000000
En el else......

----------------------------------------
x = 56.000000, y = 156.000000
avance = -469.000000, avanceR = 2.000000, avanceI = 2.000000
inc_x_r = 0.000000, inc_y_r = 1.000000, inc_x_i = 1.000000, inc_y_i = 1.000000
En el else......

----------------------------------------
x = 56.000000, y = 157.000000
avance = -467.000000, avanceR = 2.000000, avanceI = 2.000000
inc_x_r = 0.000000, inc_y_r = 1.000000, inc_x_i = 1.000000, inc_y_i = 1.000000
En el else......

----------------------------------------
x = 56.000000, y = 158.000000
avance = -465.000000, avanceR = 2.000000, avanceI = 2.000000
inc_x_r = 0.000000, inc_y_r = 1.000000, inc_x_i = 1.000000, inc_y_i = 1.000000
En el else......

----------------------------------------
x = 56.000000, y = 159.000000
avance = -463.000000, avanceR = 2.000000, avanceI = 2.000000
inc_x_r = 0.000000, inc_y_r = 1.000000, inc_x_i = 1.000000, inc_y_i = 1.000000
En el else......

----------------------------------------
x = 56.000000, y = 160.000000
avance = -461.000000, avanceR = 2.000000, avanceI = 2.000000
inc_x_r = 0.000000, inc_y_r = 1.000000, inc_x_i = 1.000000, inc_y_i = 1.000000
En el else......

----------------------------------------
x = 56.000000, y = 161.000000
avance = -459.000000, avanceR = 2.000000, avanceI = 2.000000
inc_x_r = 0.000000, inc_y_r = 1.000000, inc_x_i = 1.000000, inc_y_i = 1.000000
En el else......

----------------------------------------
x = 56.000000, y = 162.000000
avance = -457.000000, avanceR = 2.000000, avanceI = 2.000000
inc_x_r = 0.000000, inc_y_r = 1.000000, inc_x_i = 1.000000, inc_y_i = 1.000000
En el else......

----------------------------------------
x = 56.000000, y = 163.000000
avance = -455.000000, avanceR = 2.000000, avanceI = 2.000000
inc_x_r = 0.000000, inc_y_r = 1.000000, inc_x_i = 1.000000, inc_y_i = 1.000000
En el else......

----------------------------------------
x = 56.000000, y = 164.000000
avance = -453.000000, avanceR = 2.000000, avanceI = 2.000000
inc_x_r = 0.000000, inc_y_r = 1.000000, inc_x_i = 1.000000, inc_y_i = 1.000000
En el else......

----------------------------------------
x = 56.000000, y = 165.000000
avance = -451.000000, avanceR = 2.000000, avanceI = 2.000000
inc_x_r = 0.000000, inc_y_r = 1.000000, inc_x_i = 1.000000, inc_y_i = 1.000000
En el else......

----------------------------------------
x = 56.000000, y = 166.000000
avance = -449.000000, avanceR = 2.000000, avanceI = 2.000000
inc_x_r = 0.000000, inc_y_r = 1.000000, inc_x_i = 1.000000, inc_y_i = 1.000000
En el else......

----------------------------------------
x = 56.000000, y = 167.000000
avance = -447.000000, avanceR = 2.000000, avanceI = 2.000000
inc_x_r = 0.000000, inc_y_r = 1.000000, inc_x_i = 1.000000, inc_y_i = 1.000000
En el else......

----------------------------------------
x = 56.000000, y = 168.000000
avance = -445.000000, avanceR = 2.000000, avanceI = 2.000000
inc_x_r = 0.000000, inc_y_r = 1.000000, inc_x_i = 1.000000, inc_y_i = 1.000000
En el else......

----------------------------------------
x = 56.000000, y = 169.000000
avance = -443.000000, avanceR = 2.000000, avanceI = 2.000000
inc_x_r = 0.000000, inc_y_r = 1.000000, inc_x_i = 1.000000, inc_y_i = 1.000000
En el else......

----------------------------------------
x = 56.000000, y = 170.000000
avance = -441.000000, avanceR = 2.000000, avanceI = 2.000000
inc_x_r = 0.000000, inc_y_r = 1.000000, inc_x_i = 1.000000, inc_y_i = 1.000000
En el else......

----------------------------------------
x = 56.000000, y = 171.000000
avance = -439.000000, avanceR = 2.000000, avanceI = 2.000000
inc_x_r = 0.000000, inc_y_r = 1.000000, inc_x_i = 1.000000, inc_y_i = 1.000000
En el else......

----------------------------------------
x = 56.000000, y = 172.000000
avance = -437.000000, avanceR = 2.000000, avanceI = 2.000000
inc_x_r = 0.000000, inc_y_r = 1.000000, inc_x_i = 1.000000, inc_y_i = 1.000000
En el else......

----------------------------------------
x = 56.000000, y = 173.000000
avance = -435.000000, avanceR = 2.000000, avanceI = 2.000000
inc_x_r = 0.000000, inc_y_r = 1.000000, inc_x_i = 1.000000, inc_y_i = 1.000000
En el else......

----------------------------------------
x = 56.000000, y = 174.000000
avance = -433.000000, avanceR = 2.000000, avanceI = 2.000000
inc_x_r = 0.000000, inc_y_r = 1.000000, inc_x_i = 1.000000, inc_y_i = 1.000000
En el else......

----------------------------------------
x = 56.000000, y = 175.000000
avance = -431.000000, avanceR = 2.000000, avanceI = 2.000000
inc_x_r = 0.000000, inc_y_r = 1.000000, inc_x_i = 1.000000, inc_y_i = 1.000000
En el else......

----------------------------------------
x = 56.000000, y = 176.000000
avance = -429.000000, avanceR = 2.000000, avanceI = 2.000000
inc_x_r = 0.000000, inc_y_r = 1.000000, inc_x_i = 1.000000, inc_y_i = 1.000000
En el else......

----------------------------------------
x = 56.000000, y = 177.000000
avance = -427.000000, avanceR = 2.000000, avanceI = 2.000000
inc_x_r = 0.000000, inc_y_r = 1.000000, inc_x_i = 1.000000, inc_y_i = 1.000000
En el else......

----------------------------------------
x = 56.000000, y = 178.000000
avance = -425.000000, avanceR = 2.000000, avanceI = 2.000000
inc_x_r = 0.000000, inc_y_r = 1.000000, inc_x_i = 1.000000, inc_y_i = 1.000000
En el else......

----------------------------------------
x = 56.000000, y = 179.000000
avance = -423.000000, avanceR = 2.000000, avanceI = 2.000000
inc_x_r = 0.000000, inc_y_r = 1.000000, inc_x_i = 1.000000, inc_y_i = 1.000000
En el else......

----------------------------------------
x = 56.000000, y = 180.000000
avance = -421.000000, avanceR = 2.000000, avanceI = 2.000000
inc_x_r = 0.000000, inc_y_r = 1.000000, inc_x_i = 1.000000, inc_y_i = 1.000000
En el else......

----------------------------------------
x = 56.000000, y = 181.000000
avance = -419.000000, avanceR = 2.000000, avanceI = 2.000000
inc_x_r = 0.000000, inc_y_r = 1.000000, inc_x_i = 1.000000, inc_y_i = 1.000000
En el else......

----------------------------------------
x = 56.000000, y = 182.000000
avance = -417.000000, avanceR = 2.000000, avanceI = 2.000000
inc_x_r = 0.000000, inc_y_r = 1.000000, inc_x_i = 1.000000, inc_y_i = 1.000000
En el else......

----------------------------------------
x = 56.000000, y = 183.000000
avance = -415.000000, avanceR = 2.000000, avanceI = 2.000000
inc_x_r = 0.000000, inc_y_r = 1.000000, inc_x_i = 1.000000, inc_y_i = 1.000000
En el else......

----------------------------------------
x = 56.000000, y = 184.000000
avance = -413.000000, avanceR = 2.000000, avanceI = 2.000000
inc_x_r = 0.000000, inc_y_r = 1.000000, inc_x_i = 1.000000, inc_y_i = 1.000000
En el else......

----------------------------------------
x = 56.000000, y = 185.000000
avance = -411.000000, avanceR = 2.000000, avanceI = 2.000000
inc_x_r = 0.000000, inc_y_r = 1.000000, inc_x_i = 1.000000, inc_y_i = 1.000000
En el else......

----------------------------------------
x = 56.000000, y = 186.000000
avance = -409.000000, avanceR = 2.000000, avanceI = 2.000000
inc_x_r = 0.000000, inc_y_r = 1.000000, inc_x_i = 1.000000, inc_y_i = 1.000000
En el else......

----------------------------------------
x = 56.000000, y = 187.000000
avance = -407.000000, avanceR = 2.000000, avanceI = 2.000000
inc_x_r = 0.000000, inc_y_r = 1.000000, inc_x_i = 1.000000, inc_y_i = 1.000000
En el else......

----------------------------------------
x = 56.000000, y = 188.000000
avance = -405.000000, avanceR = 2.000000, avanceI = 2.000000
inc_x_r = 0.000000, inc_y_r = 1.000000, inc_x_i = 1.000000, inc_y_i = 1.000000
En el else......

----------------------------------------
x = 56.000000, y = 189.000000
avance = -403.000000, avanceR = 2.000000, avanceI = 2.000000
inc_x_r = 0.000000, inc_y_r = 1.000000, inc_x_i = 1.000000, inc_y_i = 1.000000
En el else......

----------------------------------------
x = 56.000000, y = 190.000000
avance = -401.000000, avanceR = 2.000000, avanceI = 2.000000
inc_x_r = 0.000000, inc_y_r = 1.000000, inc_x_i = 1.000000, inc_y_i = 1.000000
En el else......

----------------------------------------
x = 56.000000, y = 191.000000
avance = -399.000000, avanceR = 2.000000, avanceI = 2.000000
inc_x_r = 0.000000, inc_y_r = 1.000000, inc_x_i = 1.000000, inc_y_i = 1.000000
En el else......

----------------------------------------
x = 56.000000, y = 192.000000
avance = -397.000000, avanceR = 2.000000, avanceI = 2.000000
inc_x_r = 0.000000, inc_y_r = 1.000000, inc_x_i = 1.000000, inc_y_i = 1.000000
En el else......

----------------------------------------
x = 56.000000, y = 193.000000
avance = -395.000000, avanceR = 2.000000, avanceI = 2.000000
inc_x_r = 0.000000, inc_y_r = 1.000000, inc_x_i = 1.000000, inc_y_i = 1.000000
En el else......

----------------------------------------
x = 56.000000, y = 194.000000
avance = -393.000000, avanceR = 2.000000, avanceI = 2.000000
inc_x_r = 0.000000, inc_y_r = 1.000000, inc_x_i = 1.000000, inc_y_i = 1.000000
En el else......

----------------------------------------
x = 56.000000, y = 195.000000
avance = -391.000000, avanceR = 2.000000, avanceI = 2.000000
inc_x_r = 0.000000, inc_y_r = 1.000000, inc_x_i = 1.000000, inc_y_i = 1.000000
En el else......

----------------------------------------
x = 56.000000, y = 196.000000
avance = -389.000000, avanceR = 2.000000, avanceI = 2.000000
inc_x_r = 0.000000, inc_y_r = 1.000000, inc_x_i = 1.000000, inc_y_i = 1.000000
En el else......

----------------------------------------
x = 56.000000, y = 197.000000
avance = -387.000000, avanceR = 2.000000, avanceI = 2.000000
inc_x_r = 0.000000, inc_y_r = 1.000000, inc_x_i = 1.000000, inc_y_i = 1.000000
En el else......

----------------------------------------
x = 56.000000, y = 198.000000
avance = -385.000000, avanceR = 2.000000, avanceI = 2.000000
inc_x_r = 0.000000, inc_y_r = 1.000000, inc_x_i = 1.000000, inc_y_i = 1.000000
En el else......

----------------------------------------
x = 56.000000, y = 199.000000
avance = -383.000000, avanceR = 2.000000, avanceI = 2.000000
inc_x_r = 0.000000, inc_y_r = 1.000000, inc_x_i = 1.000000, inc_y_i = 1.000000
En el else......

----------------------------------------
x = 56.000000, y = 200.000000
avance = -381.000000, avanceR = 2.000000, avanceI = 2.000000
inc_x_r = 0.000000, inc_y_r = 1.000000, inc_x_i = 1.000000, inc_y_i = 1.000000
En el else......

----------------------------------------
x = 56.000000, y = 201.000000
avance = -379.000000, avanceR = 2.000000, avanceI = 2.000000
inc_x_r = 0.000000, inc_y_r = 1.000000, inc_x_i = 1.000000, inc_y_i = 1.000000
En el else......

----------------------------------------
x = 56.000000, y = 202.000000
avance = -377.000000, avanceR = 2.000000, avanceI = 2.000000
inc_x_r = 0.000000, inc_y_r = 1.000000, inc_x_i = 1.000000, inc_y_i = 1.000000
En el else......

----------------------------------------
x = 56.000000, y = 203.000000
avance = -375.000000, avanceR = 2.000000, avanceI = 2.000000
inc_x_r = 0.000000, inc_y_r = 1.000000, inc_x_i = 1.000000, inc_y_i = 1.000000
En el else......

----------------------------------------
x = 56.000000, y = 204.000000
avance = -373.000000, avanceR = 2.000000, avanceI = 2.000000
inc_x_r = 0.000000, inc_y_r = 1.000000, inc_x_i = 1.000000, inc_y_i = 1.000000
En el else......

----------------------------------------
x = 56.000000, y = 205.000000
avance = -371.000000, avanceR = 2.000000, avanceI = 2.000000
inc_x_r = 0.000000, inc_y_r = 1.000000, inc_x_i = 1.000000, inc_y_i = 1.000000
En el else......

----------------------------------------
x = 56.000000, y = 206.000000
avance = -369.000000, avanceR = 2.000000, avanceI = 2.000000
inc_x_r = 0.000000, inc_y_r = 1.000000, inc_x_i = 1.000000, inc_y_i = 1.000000
En el else......

----------------------------------------
x = 56.000000, y = 207.000000
avance = -367.000000, avanceR = 2.000000, avanceI = 2.000000
inc_x_r = 0.000000, inc_y_r = 1.000000, inc_x_i = 1.000000, inc_y_i = 1.000000
En el else......

----------------------------------------
x = 56.000000, y = 208.000000
avance = -365.000000, avanceR = 2.000000, avanceI = 2.000000
inc_x_r = 0.000000, inc_y_r = 1.000000, inc_x_i = 1.000000, inc_y_i = 1.000000
En el else......

----------------------------------------
x = 56.000000, y = 209.000000
avance = -363.000000, avanceR = 2.000000, avanceI = 2.000000
inc_x_r = 0.000000, inc_y_r = 1.000000, inc_x_i = 1.000000, inc_y_i = 1.000000
En el else......

----------------------------------------
x = 56.000000, y = 210.000000
avance = -361.000000, avanceR = 2.000000, avanceI = 2.000000
inc_x_r = 0.000000, inc_y_r = 1.000000, inc_x_i = 1.000000, inc_y_i = 1.000000
En el else......

----------------------------------------
x = 56.000000, y = 211.000000
avance = -359.000000, avanceR = 2.000000, avanceI = 2.000000
inc_x_r = 0.000000, inc_y_r = 1.000000, inc_x_i = 1.000000, inc_y_i = 1.000000
En el else......

----------------------------------------
x = 56.000000, y = 212.000000
avance = -357.000000, avanceR = 2.000000, avanceI = 2.000000
inc_x_r = 0.000000, inc_y_r = 1.000000, inc_x_i = 1.000000, inc_y_i = 1.000000
En el else......

----------------------------------------
x = 56.000000, y = 213.000000
avance = -355.000000, avanceR = 2.000000, avanceI = 2.000000
inc_x_r = 0.000000, inc_y_r = 1.000000, inc_x_i = 1.000000, inc_y_i = 1.000000
En el else......

----------------------------------------
x = 56.000000, y = 214.000000
avance = -353.000000, avanceR = 2.000000, avanceI = 2.000000
inc_x_r = 0.000000, inc_y_r = 1.000000, inc_x_i = 1.000000, inc_y_i = 1.000000
En el else......

----------------------------------------
x = 56.000000, y = 215.000000
avance = -351.000000, avanceR = 2.000000, avanceI = 2.000000
inc_x_r = 0.000000, inc_y_r = 1.000000, inc_x_i = 1.000000, inc_y_i = 1.000000
En el else......

----------------------------------------
x = 56.000000, y = 216.000000
avance = -349.000000, avanceR = 2.000000, avanceI = 2.000000
inc_x_r = 0.000000, inc_y_r = 1.000000, inc_x_i = 1.000000, inc_y_i = 1.000000
En el else......

----------------------------------------
x = 56.000000, y = 217.000000
avance = -347.000000, avanceR = 2.000000, avanceI = 2.000000
inc_x_r = 0.000000, inc_y_r = 1.000000, inc_x_i = 1.000000, inc_y_i = 1.000000
En el else......

----------------------------------------
x = 56.000000, y = 218.000000
avance = -345.000000, avanceR = 2.000000, avanceI = 2.000000
inc_x_r = 0.000000, inc_y_r = 1.000000, inc_x_i = 1.000000, inc_y_i = 1.000000
En el else......

----------------------------------------
x = 56.000000, y = 219.000000
avance = -343.000000, avanceR = 2.000000, avanceI = 2.000000
inc_x_r = 0.000000, inc_y_r = 1.000000, inc_x_i = 1.000000, inc_y_i = 1.000000
En el else......

----------------------------------------
x = 56.000000, y = 220.000000
avance = -341.000000, avanceR = 2.000000, avanceI = 2.000000
inc_x_r = 0.000000, inc_y_r = 1.000000, inc_x_i = 1.000000, inc_y_i = 1.000000
En el else......

----------------------------------------
x = 56.000000, y = 221.000000
avance = -339.000000, avanceR = 2.000000, avanceI = 2.000000
inc_x_r = 0.000000, inc_y_r = 1.000000, inc_x_i = 1.000000, inc_y_i = 1.000000
En el else......

----------------------------------------
x = 56.000000, y = 222.000000
avance = -337.000000, avanceR = 2.000000, avanceI = 2.000000
inc_x_r = 0.000000, inc_y_r = 1.000000, inc_x_i = 1.000000, inc_y_i = 1.000000
En el else......

----------------------------------------
x = 56.000000, y = 223.000000
avance = -335.000000, avanceR = 2.000000, avanceI = 2.000000
inc_x_r = 0.000000, inc_y_r = 1.000000, inc_x_i = 1.000000, inc_y_i = 1.000000
En el else......

----------------------------------------
x = 56.000000, y = 224.000000
avance = -333.000000, avanceR = 2.000000, avanceI = 2.000000
inc_x_r = 0.000000, inc_y_r = 1.000000, inc_x_i = 1.000000, inc_y_i = 1.000000
En el else......

----------------------------------------
x = 56.000000, y = 225.000000
avance = -331.000000, avanceR = 2.000000, avanceI = 2.000000
inc_x_r = 0.000000, inc_y_r = 1.000000, inc_x_i = 1.000000, inc_y_i = 1.000000
En el else......

----------------------------------------
x = 56.000000, y = 226.000000
avance = -329.000000, avanceR = 2.000000, avanceI = 2.000000
inc_x_r = 0.000000, inc_y_r = 1.000000, inc_x_i = 1.000000, inc_y_i = 1.000000
En el else......

----------------------------------------
x = 56.000000, y = 227.000000
avance = -327.000000, avanceR = 2.000000, avanceI = 2.000000
inc_x_r = 0.000000, inc_y_r = 1.000000, inc_x_i = 1.000000, inc_y_i = 1.000000
En el else......

----------------------------------------
x = 56.000000, y = 228.000000
avance = -325.000000, avanceR = 2.000000, avanceI = 2.000000
inc_x_r = 0.000000, inc_y_r = 1.000000, inc_x_i = 1.000000, inc_y_i = 1.000000
En el else......

----------------------------------------
x = 56.000000, y = 229.000000
avance = -323.000000, avanceR = 2.000000, avanceI = 2.000000
inc_x_r = 0.000000, inc_y_r = 1.000000, inc_x_i = 1.000000, inc_y_i = 1.000000
En el else......

----------------------------------------
x = 56.000000, y = 230.000000
avance = -321.000000, avanceR = 2.000000, avanceI = 2.000000
inc_x_r = 0.000000, inc_y_r = 1.000000, inc_x_i = 1.000000, inc_y_i = 1.000000
En el else......

----------------------------------------
x = 56.000000, y = 231.000000
avance = -319.000000, avanceR = 2.000000, avanceI = 2.000000
inc_x_r = 0.000000, inc_y_r = 1.000000, inc_x_i = 1.000000, inc_y_i = 1.000000
En el else......

----------------------------------------
x = 56.000000, y = 232.000000
avance = -317.000000, avanceR = 2.000000, avanceI = 2.000000
inc_x_r = 0.000000, inc_y_r = 1.000000, inc_x_i = 1.000000, inc_y_i = 1.000000
En el else......

----------------------------------------
x = 56.000000, y = 233.000000
avance = -315.000000, avanceR = 2.000000, avanceI = 2.000000
inc_x_r = 0.000000, inc_y_r = 1.000000, inc_x_i = 1.000000, inc_y_i = 1.000000
En el else......

----------------------------------------
x = 56.000000, y = 234.000000
avance = -313.000000, avanceR = 2.000000, avanceI = 2.000000
inc_x_r = 0.000000, inc_y_r = 1.000000, inc_x_i = 1.000000, inc_y_i = 1.000000
En el else......

----------------------------------------
x = 56.000000, y = 235.000000
avance = -311.000000, avanceR = 2.000000, avanceI = 2.000000
inc_x_r = 0.000000, inc_y_r = 1.000000, inc_x_i = 1.000000, inc_y_i = 1.000000
En el else......

----------------------------------------
x = 56.000000, y = 236.000000
avance = -309.000000, avanceR = 2.000000, avanceI = 2.000000
inc_x_r = 0.000000, inc_y_r = 1.000000, inc_x_i = 1.000000, inc_y_i = 1.000000
En el else......

----------------------------------------
x = 56.000000, y = 237.000000
avance = -307.000000, avanceR = 2.000000, avanceI = 2.000000
inc_x_r = 0.000000, inc_y_r = 1.000000, inc_x_i = 1.000000, inc_y_i = 1.000000
En el else......

----------------------------------------
x = 56.000000, y = 238.000000
avance = -305.000000, avanceR = 2.000000, avanceI = 2.000000
inc_x_r = 0.000000, inc_y_r = 1.000000, inc_x_i = 1.000000, inc_y_i = 1.000000
En el else......

----------------------------------------
x = 56.000000, y = 239.000000
avance = -303.000000, avanceR = 2.000000, avanceI = 2.000000
inc_x_r = 0.000000, inc_y_r = 1.000000, inc_x_i = 1.000000, inc_y_i = 1.000000
En el else......

----------------------------------------
x = 56.000000, y = 240.000000
avance = -301.000000, avanceR = 2.000000, avanceI = 2.000000
inc_x_r = 0.000000, inc_y_r = 1.000000, inc_x_i = 1.000000, inc_y_i = 1.000000
En el else......

----------------------------------------
x = 56.000000, y = 241.000000
avance = -299.000000, avanceR = 2.000000, avanceI = 2.000000
inc_x_r = 0.000000, inc_y_r = 1.000000, inc_x_i = 1.000000, inc_y_i = 1.000000
En el else......

----------------------------------------
x = 56.000000, y = 242.000000
avance = -297.000000, avanceR = 2.000000, avanceI = 2.000000
inc_x_r = 0.000000, inc_y_r = 1.000000, inc_x_i = 1.000000, inc_y_i = 1.000000
En el else......

----------------------------------------
x = 56.000000, y = 243.000000
avance = -295.000000, avanceR = 2.000000, avanceI = 2.000000
inc_x_r = 0.000000, inc_y_r = 1.000000, inc_x_i = 1.000000, inc_y_i = 1.000000
En el else......

----------------------------------------
x = 56.000000, y = 244.000000
avance = -293.000000, avanceR = 2.000000, avanceI = 2.000000
inc_x_r = 0.000000, inc_y_r = 1.000000, inc_x_i = 1.000000, inc_y_i = 1.000000
En el else......

----------------------------------------
x = 56.000000, y = 245.000000
avance = -291.000000, avanceR = 2.000000, avanceI = 2.000000
inc_x_r = 0.000000, inc_y_r = 1.000000, inc_x_i = 1.000000, inc_y_i = 1.000000
En el else......

----------------------------------------
x = 56.000000, y = 246.000000
avance = -289.000000, avanceR = 2.000000, avanceI = 2.000000
inc_x_r = 0.000000, inc_y_r = 1.000000, inc_x_i = 1.000000, inc_y_i = 1.000000
En el else......

----------------------------------------
x = 56.000000, y = 247.000000
avance = -287.000000, avanceR = 2.000000, avanceI = 2.000000
inc_x_r = 0.000000, inc_y_r = 1.000000, inc_x_i = 1.000000, inc_y_i = 1.000000
En el else......

----------------------------------------
x = 56.000000, y = 248.000000
avance = -285.000000, avanceR = 2.000000, avanceI = 2.000000
inc_x_r = 0.000000, inc_y_r = 1.000000, inc_x_i = 1.000000, inc_y_i = 1.000000
En el else......

----------------------------------------
x = 56.000000, y = 249.000000
avance = -283.000000, avanceR = 2.000000, avanceI = 2.000000
inc_x_r = 0.000000, inc_y_r = 1.000000, inc_x_i = 1.000000, inc_y_i = 1.000000
En el else......

----------------------------------------
x = 56.000000, y = 250.000000
avance = -281.000000, avanceR = 2.000000, avanceI = 2.000000
inc_x_r = 0.000000, inc_y_r = 1.000000, inc_x_i = 1.000000, inc_y_i = 1.000000
En el else......

----------------------------------------
x = 56.000000, y = 251.000000
avance = -279.000000, avanceR = 2.000000, avanceI = 2.000000
inc_x_r = 0.000000, inc_y_r = 1.000000, inc_x_i = 1.000000, inc_y_i = 1.000000
En el else......

----------------------------------------
x = 56.000000, y = 252.000000
avance = -277.000000, avanceR = 2.000000, avanceI = 2.000000
inc_x_r = 0.000000, inc_y_r = 1.000000, inc_x_i = 1.000000, inc_y_i = 1.000000
En el else......

----------------------------------------
x = 56.000000, y = 253.000000
avance = -275.000000, avanceR = 2.000000, avanceI = 2.000000
inc_x_r = 0.000000, inc_y_r = 1.000000, inc_x_i = 1.000000, inc_y_i = 1.000000
En el else......

----------------------------------------
x = 56.000000, y = 254.000000
avance = -273.000000, avanceR = 2.000000, avanceI = 2.000000
inc_x_r = 0.000000, inc_y_r = 1.000000, inc_x_i = 1.000000, inc_y_i = 1.000000
En el else......

----------------------------------------
x = 56.000000, y = 255.000000
avance = -271.000000, avanceR = 2.000000, avanceI = 2.000000
inc_x_r = 0.000000, inc_y_r = 1.000000, inc_x_i = 1.000000, inc_y_i = 1.000000
En el else......

----------------------------------------
x = 56.000000, y = 256.000000
avance = -269.000000, avanceR = 2.000000, avanceI = 2.000000
inc_x_r = 0.000000, inc_y_r = 1.000000, inc_x_i = 1.000000, inc_y_i = 1.000000
En el else......

----------------------------------------
x = 56.000000, y = 257.000000
avance = -267.000000, avanceR = 2.000000, avanceI = 2.000000
inc_x_r = 0.000000, inc_y_r = 1.000000, inc_x_i = 1.000000, inc_y_i = 1.000000
En el else......

----------------------------------------
x = 56.000000, y = 258.000000
avance = -265.000000, avanceR = 2.000000, avanceI = 2.000000
inc_x_r = 0.000000, inc_y_r = 1.000000, inc_x_i = 1.000000, inc_y_i = 1.000000
En el else......

----------------------------------------
x = 56.000000, y = 259.000000
avance = -263.000000, avanceR = 2.000000, avanceI = 2.000000
inc_x_r = 0.000000, inc_y_r = 1.000000, inc_x_i = 1.000000, inc_y_i = 1.000000
En el else......

----------------------------------------
x = 56.000000, y = 260.000000
avance = -261.000000, avanceR = 2.000000, avanceI = 2.000000
inc_x_r = 0.000000, inc_y_r = 1.000000, inc_x_i = 1.000000, inc_y_i = 1.000000
En el else......

----------------------------------------
x = 56.000000, y = 261.000000
avance = -259.000000, avanceR = 2.000000, avanceI = 2.000000
inc_x_r = 0.000000, inc_y_r = 1.000000, inc_x_i = 1.000000, inc_y_i = 1.000000
En el else......

----------------------------------------
x = 56.000000, y = 262.000000
avance = -257.000000, avanceR = 2.000000, avanceI = 2.000000
inc_x_r = 0.000000, inc_y_r = 1.000000, inc_x_i = 1.000000, inc_y_i = 1.000000
En el else......

----------------------------------------
x = 56.000000, y = 263.000000
avance = -255.000000, avanceR = 2.000000, avanceI = 2.000000
inc_x_r = 0.000000, inc_y_r = 1.000000, inc_x_i = 1.000000, inc_y_i = 1.000000
En el else......

----------------------------------------
x = 56.000000, y = 264.000000
avance = -253.000000, avanceR = 2.000000, avanceI = 2.000000
inc_x_r = 0.000000, inc_y_r = 1.000000, inc_x_i = 1.000000, inc_y_i = 1.000000
En el else......

----------------------------------------
x = 56.000000, y = 265.000000
avance = -251.000000, avanceR = 2.000000, avanceI = 2.000000
inc_x_r = 0.000000, inc_y_r = 1.000000, inc_x_i = 1.000000, inc_y_i = 1.000000
En el else......

----------------------------------------


ENTRAMOS A BRESENHAMªªªª
x1 = 55.000000 - y1 = 15.000000 || x2 = 56.000000 - y2 = 266.000000
dy = 251.000000, dx = 1.000000
avances inclinados: inc_x_i = 1.000000, inc_y_i = 1.000000
updated: dy = 251.000000, dx = 1.000000
avances rectos: inc_x_r = 0.000000, inc_y_r 1.000000
reupdated: dy = 1.000000, dx = 251.000000
avanceR = 2.000000, avance -249.000000, avanceI 2.000000
----------------------------------------
x = 55.000000, y = 15.000000
avance = -249.000000, avanceR = 2.000000, avanceI = 2.000000
inc_x_r = 0.000000, inc_y_r = 1.000000, inc_x_i = 1.000000, inc_y_i = 1.000000
En el else......

----------------------------------------
x = 55.000000, y = 16.000000
avance = -247.000000, avanceR = 2.000000, avanceI = 2.000000
inc_x_r = 0.000000, inc_y_r = 1.000000, inc_x_i = 1.000000, inc_y_i = 1.000000
En el else......

----------------------------------------
x = 55.000000, y = 17.000000
avance = -245.000000, avanceR = 2.000000, avanceI = 2.000000
inc_x_r = 0.000000, inc_y_r = 1.000000, inc_x_i = 1.000000, inc_y_i = 1.000000
En el else......

----------------------------------------
x = 55.000000, y = 18.000000
avance = -243.000000, avanceR = 2.000000, avanceI = 2.000000
inc_x_r = 0.000000, inc_y_r = 1.000000, inc_x_i = 1.000000, inc_y_i = 1.000000
En el else......

----------------------------------------
x = 55.000000, y = 19.000000
avance = -241.000000, avanceR = 2.000000, avanceI = 2.000000
inc_x_r = 0.000000, inc_y_r = 1.000000, inc_x_i = 1.000000, inc_y_i = 1.000000
En el else......

----------------------------------------
x = 55.000000, y = 20.000000
avance = -239.000000, avanceR = 2.000000, avanceI = 2.000000
inc_x_r = 0.000000, inc_y_r = 1.000000, inc_x_i = 1.000000, inc_y_i = 1.000000
En el else......

----------------------------------------
x = 55.000000, y = 21.000000
avance = -237.000000, avanceR = 2.000000, avanceI = 2.000000
inc_x_r = 0.000000, inc_y_r = 1.000000, inc_x_i = 1.000000, inc_y_i = 1.000000
En el else......

----------------------------------------
x = 55.000000, y = 22.000000
avance = -235.000000, avanceR = 2.000000, avanceI = 2.000000
inc_x_r = 0.000000, inc_y_r = 1.000000, inc_x_i = 1.000000, inc_y_i = 1.000000
En el else......

----------------------------------------
x = 55.000000, y = 23.000000
avance = -233.000000, avanceR = 2.000000, avanceI = 2.000000
inc_x_r = 0.000000, inc_y_r = 1.000000, inc_x_i = 1.000000, inc_y_i = 1.000000
En el else......

----------------------------------------
x = 55.000000, y = 24.000000
avance = -231.000000, avanceR = 2.000000, avanceI = 2.000000
inc_x_r = 0.000000, inc_y_r = 1.000000, inc_x_i = 1.000000, inc_y_i = 1.000000
En el else......

----------------------------------------
x = 55.000000, y = 25.000000
avance = -229.000000, avanceR = 2.000000, avanceI = 2.000000
inc_x_r = 0.000000, inc_y_r = 1.000000, inc_x_i = 1.000000, inc_y_i = 1.000000
En el else......

----------------------------------------
x = 55.000000, y = 26.000000
avance = -227.000000, avanceR = 2.000000, avanceI = 2.000000
inc_x_r = 0.000000, inc_y_r = 1.000000, inc_x_i = 1.000000, inc_y_i = 1.000000
En el else......

----------------------------------------
x = 55.000000, y = 27.000000
avance = -225.000000, avanceR = 2.000000, avanceI = 2.000000
inc_x_r = 0.000000, inc_y_r = 1.000000, inc_x_i = 1.000000, inc_y_i = 1.000000
En el else......

----------------------------------------
x = 55.000000, y = 28.000000
avance = -223.000000, avanceR = 2.000000, avanceI = 2.000000
inc_x_r = 0.000000, inc_y_r = 1.000000, inc_x_i = 1.000000, inc_y_i = 1.000000
En el else......

----------------------------------------
x = 55.000000, y = 29.000000
avance = -221.000000, avanceR = 2.000000, avanceI = 2.000000
inc_x_r = 0.000000, inc_y_r = 1.000000, inc_x_i = 1.000000, inc_y_i = 1.000000
En el else......

----------------------------------------
x = 55.000000, y = 30.000000
avance = -219.000000, avanceR = 2.000000, avanceI = 2.000000
inc_x_r = 0.000000, inc_y_r = 1.000000, inc_x_i = 1.000000, inc_y_i = 1.000000
En el else......

----------------------------------------
x = 55.000000, y = 31.000000
avance = -217.000000, avanceR = 2.000000, avanceI = 2.000000
inc_x_r = 0.000000, inc_y_r = 1.000000, inc_x_i = 1.000000, inc_y_i = 1.000000
En el else......

----------------------------------------
x = 55.000000, y = 32.000000
avance = -215.000000, avanceR = 2.000000, avanceI = 2.000000
inc_x_r = 0.000000, inc_y_r = 1.000000, inc_x_i = 1.000000, inc_y_i = 1.000000
En el else......

----------------------------------------
x = 55.000000, y = 33.000000
avance = -213.000000, avanceR = 2.000000, avanceI = 2.000000
inc_x_r = 0.000000, inc_y_r = 1.000000, inc_x_i = 1.000000, inc_y_i = 1.000000
En el else......

----------------------------------------
x = 55.000000, y = 34.000000
avance = -211.000000, avanceR = 2.000000, avanceI = 2.000000
inc_x_r = 0.000000, inc_y_r = 1.000000, inc_x_i = 1.000000, inc_y_i = 1.000000
En el else......

----------------------------------------
x = 55.000000, y = 35.000000
avance = -209.000000, avanceR = 2.000000, avanceI = 2.000000
inc_x_r = 0.000000, inc_y_r = 1.000000, inc_x_i = 1.000000, inc_y_i = 1.000000
En el else......

----------------------------------------
x = 55.000000, y = 36.000000
avance = -207.000000, avanceR = 2.000000, avanceI = 2.000000
inc_x_r = 0.000000, inc_y_r = 1.000000, inc_x_i = 1.000000, inc_y_i = 1.000000
En el else......

----------------------------------------
x = 55.000000, y = 37.000000
avance = -205.000000, avanceR = 2.000000, avanceI = 2.000000
inc_x_r = 0.000000, inc_y_r = 1.000000, inc_x_i = 1.000000, inc_y_i = 1.000000
En el else......

----------------------------------------
x = 55.000000, y = 38.000000
avance = -203.000000, avanceR = 2.000000, avanceI = 2.000000
inc_x_r = 0.000000, inc_y_r = 1.000000, inc_x_i = 1.000000, inc_y_i = 1.000000
En el else......

----------------------------------------
x = 55.000000, y = 39.000000
avance = -201.000000, avanceR = 2.000000, avanceI = 2.000000
inc_x_r = 0.000000, inc_y_r = 1.000000, inc_x_i = 1.000000, inc_y_i = 1.000000
En el else......

----------------------------------------
x = 55.000000, y = 40.000000
avance = -199.000000, avanceR = 2.000000, avanceI = 2.000000
inc_x_r = 0.000000, inc_y_r = 1.000000, inc_x_i = 1.000000, inc_y_i = 1.000000
En el else......

----------------------------------------
x = 55.000000, y = 41.000000
avance = -197.000000, avanceR = 2.000000, avanceI = 2.000000
inc_x_r = 0.000000, inc_y_r = 1.000000, inc_x_i = 1.000000, inc_y_i = 1.000000
En el else......

----------------------------------------
x = 55.000000, y = 42.000000
avance = -195.000000, avanceR = 2.000000, avanceI = 2.000000
inc_x_r = 0.000000, inc_y_r = 1.000000, inc_x_i = 1.000000, inc_y_i = 1.000000
En el else......

----------------------------------------
x = 55.000000, y = 43.000000
avance = -193.000000, avanceR = 2.000000, avanceI = 2.000000
inc_x_r = 0.000000, inc_y_r = 1.000000, inc_x_i = 1.000000, inc_y_i = 1.000000
En el else......

----------------------------------------
x = 55.000000, y = 44.000000
avance = -191.000000, avanceR = 2.000000, avanceI = 2.000000
inc_x_r = 0.000000, inc_y_r = 1.000000, inc_x_i = 1.000000, inc_y_i = 1.000000
En el else......

----------------------------------------
x = 55.000000, y = 45.000000
avance = -189.000000, avanceR = 2.000000, avanceI = 2.000000
inc_x_r = 0.000000, inc_y_r = 1.000000, inc_x_i = 1.000000, inc_y_i = 1.000000
En el else......

----------------------------------------
x = 55.000000, y = 46.000000
avance = -187.000000, avanceR = 2.000000, avanceI = 2.000000
inc_x_r = 0.000000, inc_y_r = 1.000000, inc_x_i = 1.000000, inc_y_i = 1.000000
En el else......

----------------------------------------
x = 55.000000, y = 47.000000
avance = -185.000000, avanceR = 2.000000, avanceI = 2.000000
inc_x_r = 0.000000, inc_y_r = 1.000000, inc_x_i = 1.000000, inc_y_i = 1.000000
En el else......

----------------------------------------
x = 55.000000, y = 48.000000
avance = -183.000000, avanceR = 2.000000, avanceI = 2.000000
inc_x_r = 0.000000, inc_y_r = 1.000000, inc_x_i = 1.000000, inc_y_i = 1.000000
En el else......

----------------------------------------
x = 55.000000, y = 49.000000
avance = -181.000000, avanceR = 2.000000, avanceI = 2.000000
inc_x_r = 0.000000, inc_y_r = 1.000000, inc_x_i = 1.000000, inc_y_i = 1.000000
En el else......

----------------------------------------
x = 55.000000, y = 50.000000
avance = -179.000000, avanceR = 2.000000, avanceI = 2.000000
inc_x_r = 0.000000, inc_y_r = 1.000000, inc_x_i = 1.000000, inc_y_i = 1.000000
En el else......

----------------------------------------
x = 55.000000, y = 51.000000
avance = -177.000000, avanceR = 2.000000, avanceI = 2.000000
inc_x_r = 0.000000, inc_y_r = 1.000000, inc_x_i = 1.000000, inc_y_i = 1.000000
En el else......

----------------------------------------
x = 55.000000, y = 52.000000
avance = -175.000000, avanceR = 2.000000, avanceI = 2.000000
inc_x_r = 0.000000, inc_y_r = 1.000000, inc_x_i = 1.000000, inc_y_i = 1.000000
En el else......

----------------------------------------
x = 55.000000, y = 53.000000
avance = -173.000000, avanceR = 2.000000, avanceI = 2.000000
inc_x_r = 0.000000, inc_y_r = 1.000000, inc_x_i = 1.000000, inc_y_i = 1.000000
En el else......

----------------------------------------
x = 55.000000, y = 54.000000
avance = -171.000000, avanceR = 2.000000, avanceI = 2.000000
inc_x_r = 0.000000, inc_y_r = 1.000000, inc_x_i = 1.000000, inc_y_i = 1.000000
En el else......

----------------------------------------
x = 55.000000, y = 55.000000
avance = -169.000000, avanceR = 2.000000, avanceI = 2.000000
inc_x_r = 0.000000, inc_y_r = 1.000000, inc_x_i = 1.000000, inc_y_i = 1.000000
En el else......

----------------------------------------
x = 55.000000, y = 56.000000
avance = -167.000000, avanceR = 2.000000, avanceI = 2.000000
inc_x_r = 0.000000, inc_y_r = 1.000000, inc_x_i = 1.000000, inc_y_i = 1.000000
En el else......

----------------------------------------
x = 55.000000, y = 57.000000
avance = -165.000000, avanceR = 2.000000, avanceI = 2.000000
inc_x_r = 0.000000, inc_y_r = 1.000000, inc_x_i = 1.000000, inc_y_i = 1.000000
En el else......

----------------------------------------
x = 55.000000, y = 58.000000
avance = -163.000000, avanceR = 2.000000, avanceI = 2.000000
inc_x_r = 0.000000, inc_y_r = 1.000000, inc_x_i = 1.000000, inc_y_i = 1.000000
En el else......

----------------------------------------
x = 55.000000, y = 59.000000
avance = -161.000000, avanceR = 2.000000, avanceI = 2.000000
inc_x_r = 0.000000, inc_y_r = 1.000000, inc_x_i = 1.000000, inc_y_i = 1.000000
En el else......

----------------------------------------
x = 55.000000, y = 60.000000
avance = -159.000000, avanceR = 2.000000, avanceI = 2.000000
inc_x_r = 0.000000, inc_y_r = 1.000000, inc_x_i = 1.000000, inc_y_i = 1.000000
En el else......

----------------------------------------
x = 55.000000, y = 61.000000
avance = -157.000000, avanceR = 2.000000, avanceI = 2.000000
inc_x_r = 0.000000, inc_y_r = 1.000000, inc_x_i = 1.000000, inc_y_i = 1.000000
En el else......

----------------------------------------
x = 55.000000, y = 62.000000
avance = -155.000000, avanceR = 2.000000, avanceI = 2.000000
inc_x_r = 0.000000, inc_y_r = 1.000000, inc_x_i = 1.000000, inc_y_i = 1.000000
En el else......

----------------------------------------
x = 55.000000, y = 63.000000
avance = -153.000000, avanceR = 2.000000, avanceI = 2.000000
inc_x_r = 0.000000, inc_y_r = 1.000000, inc_x_i = 1.000000, inc_y_i = 1.000000
En el else......

----------------------------------------
x = 55.000000, y = 64.000000
avance = -151.000000, avanceR = 2.000000, avanceI = 2.000000
inc_x_r = 0.000000, inc_y_r = 1.000000, inc_x_i = 1.000000, inc_y_i = 1.000000
En el else......

----------------------------------------
x = 55.000000, y = 65.000000
avance = -149.000000, avanceR = 2.000000, avanceI = 2.000000
inc_x_r = 0.000000, inc_y_r = 1.000000, inc_x_i = 1.000000, inc_y_i = 1.000000
En el else......

----------------------------------------
x = 55.000000, y = 66.000000
avance = -147.000000, avanceR = 2.000000, avanceI = 2.000000
inc_x_r = 0.000000, inc_y_r = 1.000000, inc_x_i = 1.000000, inc_y_i = 1.000000
En el else......

----------------------------------------
x = 55.000000, y = 67.000000
avance = -145.000000, avanceR = 2.000000, avanceI = 2.000000
inc_x_r = 0.000000, inc_y_r = 1.000000, inc_x_i = 1.000000, inc_y_i = 1.000000
En el else......

----------------------------------------
x = 55.000000, y = 68.000000
avance = -143.000000, avanceR = 2.000000, avanceI = 2.000000
inc_x_r = 0.000000, inc_y_r = 1.000000, inc_x_i = 1.000000, inc_y_i = 1.000000
En el else......

----------------------------------------
x = 55.000000, y = 69.000000
avance = -141.000000, avanceR = 2.000000, avanceI = 2.000000
inc_x_r = 0.000000, inc_y_r = 1.000000, inc_x_i = 1.000000, inc_y_i = 1.000000
En el else......

----------------------------------------
x = 55.000000, y = 70.000000
avance = -139.000000, avanceR = 2.000000, avanceI = 2.000000
inc_x_r = 0.000000, inc_y_r = 1.000000, inc_x_i = 1.000000, inc_y_i = 1.000000
En el else......

----------------------------------------
x = 55.000000, y = 71.000000
avance = -137.000000, avanceR = 2.000000, avanceI = 2.000000
inc_x_r = 0.000000, inc_y_r = 1.000000, inc_x_i = 1.000000, inc_y_i = 1.000000
En el else......

----------------------------------------
x = 55.000000, y = 72.000000
avance = -135.000000, avanceR = 2.000000, avanceI = 2.000000
inc_x_r = 0.000000, inc_y_r = 1.000000, inc_x_i = 1.000000, inc_y_i = 1.000000
En el else......

----------------------------------------
x = 55.000000, y = 73.000000
avance = -133.000000, avanceR = 2.000000, avanceI = 2.000000
inc_x_r = 0.000000, inc_y_r = 1.000000, inc_x_i = 1.000000, inc_y_i = 1.000000
En el else......

----------------------------------------
x = 55.000000, y = 74.000000
avance = -131.000000, avanceR = 2.000000, avanceI = 2.000000
inc_x_r = 0.000000, inc_y_r = 1.000000, inc_x_i = 1.000000, inc_y_i = 1.000000
En el else......

----------------------------------------
x = 55.000000, y = 75.000000
avance = -129.000000, avanceR = 2.000000, avanceI = 2.000000
inc_x_r = 0.000000, inc_y_r = 1.000000, inc_x_i = 1.000000, inc_y_i = 1.000000
En el else......

----------------------------------------
x = 55.000000, y = 76.000000
avance = -127.000000, avanceR = 2.000000, avanceI = 2.000000
inc_x_r = 0.000000, inc_y_r = 1.000000, inc_x_i = 1.000000, inc_y_i = 1.000000
En el else......

----------------------------------------
x = 55.000000, y = 77.000000
avance = -125.000000, avanceR = 2.000000, avanceI = 2.000000
inc_x_r = 0.000000, inc_y_r = 1.000000, inc_x_i = 1.000000, inc_y_i = 1.000000
En el else......

----------------------------------------
x = 55.000000, y = 78.000000
avance = -123.000000, avanceR = 2.000000, avanceI = 2.000000
inc_x_r = 0.000000, inc_y_r = 1.000000, inc_x_i = 1.000000, inc_y_i = 1.000000
En el else......

----------------------------------------
x = 55.000000, y = 79.000000
avance = -121.000000, avanceR = 2.000000, avanceI = 2.000000
inc_x_r = 0.000000, inc_y_r = 1.000000, inc_x_i = 1.000000, inc_y_i = 1.000000
En el else......

----------------------------------------
x = 55.000000, y = 80.000000
avance = -119.000000, avanceR = 2.000000, avanceI = 2.000000
inc_x_r = 0.000000, inc_y_r = 1.000000, inc_x_i = 1.000000, inc_y_i = 1.000000
En el else......

----------------------------------------
x = 55.000000, y = 81.000000
avance = -117.000000, avanceR = 2.000000, avanceI = 2.000000
inc_x_r = 0.000000, inc_y_r = 1.000000, inc_x_i = 1.000000, inc_y_i = 1.000000
En el else......

----------------------------------------
x = 55.000000, y = 82.000000
avance = -115.000000, avanceR = 2.000000, avanceI = 2.000000
inc_x_r = 0.000000, inc_y_r = 1.000000, inc_x_i = 1.000000, inc_y_i = 1.000000
En el else......

----------------------------------------
x = 55.000000, y = 83.000000
avance = -113.000000, avanceR = 2.000000, avanceI = 2.000000
inc_x_r = 0.000000, inc_y_r = 1.000000, inc_x_i = 1.000000, inc_y_i = 1.000000
En el else......

----------------------------------------
x = 55.000000, y = 84.000000
avance = -111.000000, avanceR = 2.000000, avanceI = 2.000000
inc_x_r = 0.000000, inc_y_r = 1.000000, inc_x_i = 1.000000, inc_y_i = 1.000000
En el else......

----------------------------------------
x = 55.000000, y = 85.000000
avance = -109.000000, avanceR = 2.000000, avanceI = 2.000000
inc_x_r = 0.000000, inc_y_r = 1.000000, inc_x_i = 1.000000, inc_y_i = 1.000000
En el else......

----------------------------------------
x = 55.000000, y = 86.000000
avance = -107.000000, avanceR = 2.000000, avanceI = 2.000000
inc_x_r = 0.000000, inc_y_r = 1.000000, inc_x_i = 1.000000, inc_y_i = 1.000000
En el else......

----------------------------------------
x = 55.000000, y = 87.000000
avance = -105.000000, avanceR = 2.000000, avanceI = 2.000000
inc_x_r = 0.000000, inc_y_r = 1.000000, inc_x_i = 1.000000, inc_y_i = 1.000000
En el else......

----------------------------------------
x = 55.000000, y = 88.000000
avance = -103.000000, avanceR = 2.000000, avanceI = 2.000000
inc_x_r = 0.000000, inc_y_r = 1.000000, inc_x_i = 1.000000, inc_y_i = 1.000000
En el else......

----------------------------------------
x = 55.000000, y = 89.000000
avance = -101.000000, avanceR = 2.000000, avanceI = 2.000000
inc_x_r = 0.000000, inc_y_r = 1.000000, inc_x_i = 1.000000, inc_y_i = 1.000000
En el else......

----------------------------------------
x = 55.000000, y = 90.000000
avance = -99.000000, avanceR = 2.000000, avanceI = 2.000000
inc_x_r = 0.000000, inc_y_r = 1.000000, inc_x_i = 1.000000, inc_y_i = 1.000000
En el else......

----------------------------------------
x = 55.000000, y = 91.000000
avance = -97.000000, avanceR = 2.000000, avanceI = 2.000000
inc_x_r = 0.000000, inc_y_r = 1.000000, inc_x_i = 1.000000, inc_y_i = 1.000000
En el else......

----------------------------------------
x = 55.000000, y = 92.000000
avance = -95.000000, avanceR = 2.000000, avanceI = 2.000000
inc_x_r = 0.000000, inc_y_r = 1.000000, inc_x_i = 1.000000, inc_y_i = 1.000000
En el else......

----------------------------------------
x = 55.000000, y = 93.000000
avance = -93.000000, avanceR = 2.000000, avanceI = 2.000000
inc_x_r = 0.000000, inc_y_r = 1.000000, inc_x_i = 1.000000, inc_y_i = 1.000000
En el else......

----------------------------------------
x = 55.000000, y = 94.000000
avance = -91.000000, avanceR = 2.000000, avanceI = 2.000000
inc_x_r = 0.000000, inc_y_r = 1.000000, inc_x_i = 1.000000, inc_y_i = 1.000000
En el else......

----------------------------------------
x = 55.000000, y = 95.000000
avance = -89.000000, avanceR = 2.000000, avanceI = 2.000000
inc_x_r = 0.000000, inc_y_r = 1.000000, inc_x_i = 1.000000, inc_y_i = 1.000000
En el else......

----------------------------------------
x = 55.000000, y = 96.000000
avance = -87.000000, avanceR = 2.000000, avanceI = 2.000000
inc_x_r = 0.000000, inc_y_r = 1.000000, inc_x_i = 1.000000, inc_y_i = 1.000000
En el else......

----------------------------------------
x = 55.000000, y = 97.000000
avance = -85.000000, avanceR = 2.000000, avanceI = 2.000000
inc_x_r = 0.000000, inc_y_r = 1.000000, inc_x_i = 1.000000, inc_y_i = 1.000000
En el else......

----------------------------------------
x = 55.000000, y = 98.000000
avance = -83.000000, avanceR = 2.000000, avanceI = 2.000000
inc_x_r = 0.000000, inc_y_r = 1.000000, inc_x_i = 1.000000, inc_y_i = 1.000000
En el else......

----------------------------------------
x = 55.000000, y = 99.000000
avance = -81.000000, avanceR = 2.000000, avanceI = 2.000000
inc_x_r = 0.000000, inc_y_r = 1.000000, inc_x_i = 1.000000, inc_y_i = 1.000000
En el else......

----------------------------------------
x = 55.000000, y = 100.000000
avance = -79.000000, avanceR = 2.000000, avanceI = 2.000000
inc_x_r = 0.000000, inc_y_r = 1.000000, inc_x_i = 1.000000, inc_y_i = 1.000000
En el else......

----------------------------------------
x = 55.000000, y = 101.000000
avance = -77.000000, avanceR = 2.000000, avanceI = 2.000000
inc_x_r = 0.000000, inc_y_r = 1.000000, inc_x_i = 1.000000, inc_y_i = 1.000000
En el else......

----------------------------------------
x = 55.000000, y = 102.000000
avance = -75.000000, avanceR = 2.000000, avanceI = 2.000000
inc_x_r = 0.000000, inc_y_r = 1.000000, inc_x_i = 1.000000, inc_y_i = 1.000000
En el else......

----------------------------------------
x = 55.000000, y = 103.000000
avance = -73.000000, avanceR = 2.000000, avanceI = 2.000000
inc_x_r = 0.000000, inc_y_r = 1.000000, inc_x_i = 1.000000, inc_y_i = 1.000000
En el else......

----------------------------------------
x = 55.000000, y = 104.000000
avance = -71.000000, avanceR = 2.000000, avanceI = 2.000000
inc_x_r = 0.000000, inc_y_r = 1.000000, inc_x_i = 1.000000, inc_y_i = 1.000000
En el else......

----------------------------------------
x = 55.000000, y = 105.000000
avance = -69.000000, avanceR = 2.000000, avanceI = 2.000000
inc_x_r = 0.000000, inc_y_r = 1.000000, inc_x_i = 1.000000, inc_y_i = 1.000000
En el else......

----------------------------------------
x = 55.000000, y = 106.000000
avance = -67.000000, avanceR = 2.000000, avanceI = 2.000000
inc_x_r = 0.000000, inc_y_r = 1.000000, inc_x_i = 1.000000, inc_y_i = 1.000000
En el else......

----------------------------------------
x = 55.000000, y = 107.000000
avance = -65.000000, avanceR = 2.000000, avanceI = 2.000000
inc_x_r = 0.000000, inc_y_r = 1.000000, inc_x_i = 1.000000, inc_y_i = 1.000000
En el else......

----------------------------------------
x = 55.000000, y = 108.000000
avance = -63.000000, avanceR = 2.000000, avanceI = 2.000000
inc_x_r = 0.000000, inc_y_r = 1.000000, inc_x_i = 1.000000, inc_y_i = 1.000000
En el else......

----------------------------------------
x = 55.000000, y = 109.000000
avance = -61.000000, avanceR = 2.000000, avanceI = 2.000000
inc_x_r = 0.000000, inc_y_r = 1.000000, inc_x_i = 1.000000, inc_y_i = 1.000000
En el else......

----------------------------------------
x = 55.000000, y = 110.000000
avance = -59.000000, avanceR = 2.000000, avanceI = 2.000000
inc_x_r = 0.000000, inc_y_r = 1.000000, inc_x_i = 1.000000, inc_y_i = 1.000000
En el else......

----------------------------------------
x = 55.000000, y = 111.000000
avance = -57.000000, avanceR = 2.000000, avanceI = 2.000000
inc_x_r = 0.000000, inc_y_r = 1.000000, inc_x_i = 1.000000, inc_y_i = 1.000000
En el else......

----------------------------------------
x = 55.000000, y = 112.000000
avance = -55.000000, avanceR = 2.000000, avanceI = 2.000000
inc_x_r = 0.000000, inc_y_r = 1.000000, inc_x_i = 1.000000, inc_y_i = 1.000000
En el else......

----------------------------------------
x = 55.000000, y = 113.000000
avance = -53.000000, avanceR = 2.000000, avanceI = 2.000000
inc_x_r = 0.000000, inc_y_r = 1.000000, inc_x_i = 1.000000, inc_y_i = 1.000000
En el else......

----------------------------------------
x = 55.000000, y = 114.000000
avance = -51.000000, avanceR = 2.000000, avanceI = 2.000000
inc_x_r = 0.000000, inc_y_r = 1.000000, inc_x_i = 1.000000, inc_y_i = 1.000000
En el else......

----------------------------------------
x = 55.000000, y = 115.000000
avance = -49.000000, avanceR = 2.000000, avanceI = 2.000000
inc_x_r = 0.000000, inc_y_r = 1.000000, inc_x_i = 1.000000, inc_y_i = 1.000000
En el else......

----------------------------------------
x = 55.000000, y = 116.000000
avance = -47.000000, avanceR = 2.000000, avanceI = 2.000000
inc_x_r = 0.000000, inc_y_r = 1.000000, inc_x_i = 1.000000, inc_y_i = 1.000000
En el else......

----------------------------------------
x = 55.000000, y = 117.000000
avance = -45.000000, avanceR = 2.000000, avanceI = 2.000000
inc_x_r = 0.000000, inc_y_r = 1.000000, inc_x_i = 1.000000, inc_y_i = 1.000000
En el else......

----------------------------------------
x = 55.000000, y = 118.000000
avance = -43.000000, avanceR = 2.000000, avanceI = 2.000000
inc_x_r = 0.000000, inc_y_r = 1.000000, inc_x_i = 1.000000, inc_y_i = 1.000000
En el else......

----------------------------------------
x = 55.000000, y = 119.000000
avance = -41.000000, avanceR = 2.000000, avanceI = 2.000000
inc_x_r = 0.000000, inc_y_r = 1.000000, inc_x_i = 1.000000, inc_y_i = 1.000000
En el else......

----------------------------------------
x = 55.000000, y = 120.000000
avance = -39.000000, avanceR = 2.000000, avanceI = 2.000000
inc_x_r = 0.000000, inc_y_r = 1.000000, inc_x_i = 1.000000, inc_y_i = 1.000000
En el else......

----------------------------------------
x = 55.000000, y = 121.000000
avance = -37.000000, avanceR = 2.000000, avanceI = 2.000000
inc_x_r = 0.000000, inc_y_r = 1.000000, inc_x_i = 1.000000, inc_y_i = 1.000000
En el else......

----------------------------------------
x = 55.000000, y = 122.000000
avance = -35.000000, avanceR = 2.000000, avanceI = 2.000000
inc_x_r = 0.000000, inc_y_r = 1.000000, inc_x_i = 1.000000, inc_y_i = 1.000000
En el else......

----------------------------------------
x = 55.000000, y = 123.000000
avance = -33.000000, avanceR = 2.000000, avanceI = 2.000000
inc_x_r = 0.000000, inc_y_r = 1.000000, inc_x_i = 1.000000, inc_y_i = 1.000000
En el else......

----------------------------------------
x = 55.000000, y = 124.000000
avance = -31.000000, avanceR = 2.000000, avanceI = 2.000000
inc_x_r = 0.000000, inc_y_r = 1.000000, inc_x_i = 1.000000, inc_y_i = 1.000000
En el else......

----------------------------------------
x = 55.000000, y = 125.000000
avance = -29.000000, avanceR = 2.000000, avanceI = 2.000000
inc_x_r = 0.000000, inc_y_r = 1.000000, inc_x_i = 1.000000, inc_y_i = 1.000000
En el else......

----------------------------------------
x = 55.000000, y = 126.000000
avance = -27.000000, avanceR = 2.000000, avanceI = 2.000000
inc_x_r = 0.000000, inc_y_r = 1.000000, inc_x_i = 1.000000, inc_y_i = 1.000000
En el else......

----------------------------------------
x = 55.000000, y = 127.000000
avance = -25.000000, avanceR = 2.000000, avanceI = 2.000000
inc_x_r = 0.000000, inc_y_r = 1.000000, inc_x_i = 1.000000, inc_y_i = 1.000000
En el else......

----------------------------------------
x = 55.000000, y = 128.000000
avance = -23.000000, avanceR = 2.000000, avanceI = 2.000000
inc_x_r = 0.000000, inc_y_r = 1.000000, inc_x_i = 1.000000, inc_y_i = 1.000000
En el else......

----------------------------------------
x = 55.000000, y = 129.000000
avance = -21.000000, avanceR = 2.000000, avanceI = 2.000000
inc_x_r = 0.000000, inc_y_r = 1.000000, inc_x_i = 1.000000, inc_y_i = 1.000000
En el else......

----------------------------------------
x = 55.000000, y = 130.000000
avance = -19.000000, avanceR = 2.000000, avanceI = 2.000000
inc_x_r = 0.000000, inc_y_r = 1.000000, inc_x_i = 1.000000, inc_y_i = 1.000000
En el else......

----------------------------------------
x = 55.000000, y = 131.000000
avance = -17.000000, avanceR = 2.000000, avanceI = 2.000000
inc_x_r = 0.000000, inc_y_r = 1.000000, inc_x_i = 1.000000, inc_y_i = 1.000000
En el else......

----------------------------------------
x = 55.000000, y = 132.000000
avance = -15.000000, avanceR = 2.000000, avanceI = 2.000000
inc_x_r = 0.000000, inc_y_r = 1.000000, inc_x_i = 1.000000, inc_y_i = 1.000000
En el else......

----------------------------------------
x = 55.000000, y = 133.000000
avance = -13.000000, avanceR = 2.000000, avanceI = 2.000000
inc_x_r = 0.000000, inc_y_r = 1.000000, inc_x_i = 1.000000, inc_y_i = 1.000000
En el else......

----------------------------------------
x = 55.000000, y = 134.000000
avance = -11.000000, avanceR = 2.000000, avanceI = 2.000000
inc_x_r = 0.000000, inc_y_r = 1.000000, inc_x_i = 1.000000, inc_y_i = 1.000000
En el else......

----------------------------------------
x = 55.000000, y = 135.000000
avance = -9.000000, avanceR = 2.000000, avanceI = 2.000000
inc_x_r = 0.000000, inc_y_r = 1.000000, inc_x_i = 1.000000, inc_y_i = 1.000000
En el else......

----------------------------------------
x = 55.000000, y = 136.000000
avance = -7.000000, avanceR = 2.000000, avanceI = 2.000000
inc_x_r = 0.000000, inc_y_r = 1.000000, inc_x_i = 1.000000, inc_y_i = 1.000000
En el else......

----------------------------------------
x = 55.000000, y = 137.000000
avance = -5.000000, avanceR = 2.000000, avanceI = 2.000000
inc_x_r = 0.000000, inc_y_r = 1.000000, inc_x_i = 1.000000, inc_y_i = 1.000000
En el else......

----------------------------------------
x = 55.000000, y = 138.000000
avance = -3.000000, avanceR = 2.000000, avanceI = 2.000000
inc_x_r = 0.000000, inc_y_r = 1.000000, inc_x_i = 1.000000, inc_y_i = 1.000000
En el else......

----------------------------------------
x = 55.000000, y = 139.000000
avance = -1.000000, avanceR = 2.000000, avanceI = 2.000000
inc_x_r = 0.000000, inc_y_r = 1.000000, inc_x_i = 1.000000, inc_y_i = 1.000000
En el else......

----------------------------------------
x = 55.000000, y = 140.000000
avance = 1.000000, avanceR = 2.000000, avanceI = 2.000000
inc_x_r = 0.000000, inc_y_r = 1.000000, inc_x_i = 1.000000, inc_y_i = 1.000000
avance >= 0

----------------------------------------
x = 56.000000, y = 141.000000
avance = -499.000000, avanceR = 2.000000, avanceI = 2.000000
inc_x_r = 0.000000, inc_y_r = 1.000000, inc_x_i = 1.000000, inc_y_i = 1.000000
En el else......

----------------------------------------
x = 56.000000, y = 142.000000
avance = -497.000000, avanceR = 2.000000, avanceI = 2.000000
inc_x_r = 0.000000, inc_y_r = 1.000000, inc_x_i = 1.000000, inc_y_i = 1.000000
En el else......

----------------------------------------
x = 56.000000, y = 143.000000
avance = -495.000000, avanceR = 2.000000, avanceI = 2.000000
inc_x_r = 0.000000, inc_y_r = 1.000000, inc_x_i = 1.000000, inc_y_i = 1.000000
En el else......

----------------------------------------
x = 56.000000, y = 144.000000
avance = -493.000000, avanceR = 2.000000, avanceI = 2.000000
inc_x_r = 0.000000, inc_y_r = 1.000000, inc_x_i = 1.000000, inc_y_i = 1.000000
En el else......

----------------------------------------
x = 56.000000, y = 145.000000
avance = -491.000000, avanceR = 2.000000, avanceI = 2.000000
inc_x_r = 0.000000, inc_y_r = 1.000000, inc_x_i = 1.000000, inc_y_i = 1.000000
En el else......

----------------------------------------
x = 56.000000, y = 146.000000
avance = -489.000000, avanceR = 2.000000, avanceI = 2.000000
inc_x_r = 0.000000, inc_y_r = 1.000000, inc_x_i = 1.000000, inc_y_i = 1.000000
En el else......

----------------------------------------
x = 56.000000, y = 147.000000
avance = -487.000000, avanceR = 2.000000, avanceI = 2.000000
inc_x_r = 0.000000, inc_y_r = 1.000000, inc_x_i = 1.000000, inc_y_i = 1.000000
En el else......

----------------------------------------
x = 56.000000, y = 148.000000
avance = -485.000000, avanceR = 2.000000, avanceI = 2.000000
inc_x_r = 0.000000, inc_y_r = 1.000000, inc_x_i = 1.000000, inc_y_i = 1.000000
En el else......

----------------------------------------
x = 56.000000, y = 149.000000
avance = -483.000000, avanceR = 2.000000, avanceI = 2.000000
inc_x_r = 0.000000, inc_y_r = 1.000000, inc_x_i = 1.000000, inc_y_i = 1.000000
En el else......

----------------------------------------
x = 56.000000, y = 150.000000
avance = -481.000000, avanceR = 2.000000, avanceI = 2.000000
inc_x_r = 0.000000, inc_y_r = 1.000000, inc_x_i = 1.000000, inc_y_i = 1.000000
En el else......

----------------------------------------
x = 56.000000, y = 151.000000
avance = -479.000000, avanceR = 2.000000, avanceI = 2.000000
inc_x_r = 0.000000, inc_y_r = 1.000000, inc_x_i = 1.000000, inc_y_i = 1.000000
En el else......

----------------------------------------
x = 56.000000, y = 152.000000
avance = -477.000000, avanceR = 2.000000, avanceI = 2.000000
inc_x_r = 0.000000, inc_y_r = 1.000000, inc_x_i = 1.000000, inc_y_i = 1.000000
En el else......

----------------------------------------
x = 56.000000, y = 153.000000
avance = -475.000000, avanceR = 2.000000, avanceI = 2.000000
inc_x_r = 0.000000, inc_y_r = 1.000000, inc_x_i = 1.000000, inc_y_i = 1.000000
En el else......

----------------------------------------
x = 56.000000, y = 154.000000
avance = -473.000000, avanceR = 2.000000, avanceI = 2.000000
inc_x_r = 0.000000, inc_y_r = 1.000000, inc_x_i = 1.000000, inc_y_i = 1.000000
En el else......

----------------------------------------
x = 56.000000, y = 155.000000
avance = -471.000000, avanceR = 2.000000, avanceI = 2.000000
inc_x_r = 0.000000, inc_y_r = 1.000000, inc_x_i = 1.000000, inc_y_i = 1.000000
En el else......

----------------------------------------
x = 56.000000, y = 156.000000
avance = -469.000000, avanceR = 2.000000, avanceI = 2.000000
inc_x_r = 0.000000, inc_y_r = 1.000000, inc_x_i = 1.000000, inc_y_i = 1.000000
En el else......

----------------------------------------
x = 56.000000, y = 157.000000
avance = -467.000000, avanceR = 2.000000, avanceI = 2.000000
inc_x_r = 0.000000, inc_y_r = 1.000000, inc_x_i = 1.000000, inc_y_i = 1.000000
En el else......

----------------------------------------
x = 56.000000, y = 158.000000
avance = -465.000000, avanceR = 2.000000, avanceI = 2.000000
inc_x_r = 0.000000, inc_y_r = 1.000000, inc_x_i = 1.000000, inc_y_i = 1.000000
En el else......

----------------------------------------
x = 56.000000, y = 159.000000
avance = -463.000000, avanceR = 2.000000, avanceI = 2.000000
inc_x_r = 0.000000, inc_y_r = 1.000000, inc_x_i = 1.000000, inc_y_i = 1.000000
En el else......

----------------------------------------
x = 56.000000, y = 160.000000
avance = -461.000000, avanceR = 2.000000, avanceI = 2.000000
inc_x_r = 0.000000, inc_y_r = 1.000000, inc_x_i = 1.000000, inc_y_i = 1.000000
En el else......

----------------------------------------
x = 56.000000, y = 161.000000
avance = -459.000000, avanceR = 2.000000, avanceI = 2.000000
inc_x_r = 0.000000, inc_y_r = 1.000000, inc_x_i = 1.000000, inc_y_i = 1.000000
En el else......

----------------------------------------
x = 56.000000, y = 162.000000
avance = -457.000000, avanceR = 2.000000, avanceI = 2.000000
inc_x_r = 0.000000, inc_y_r = 1.000000, inc_x_i = 1.000000, inc_y_i = 1.000000
En el else......

----------------------------------------
x = 56.000000, y = 163.000000
avance = -455.000000, avanceR = 2.000000, avanceI = 2.000000
inc_x_r = 0.000000, inc_y_r = 1.000000, inc_x_i = 1.000000, inc_y_i = 1.000000
En el else......

----------------------------------------
x = 56.000000, y = 164.000000
avance = -453.000000, avanceR = 2.000000, avanceI = 2.000000
inc_x_r = 0.000000, inc_y_r = 1.000000, inc_x_i = 1.000000, inc_y_i = 1.000000
En el else......

----------------------------------------
x = 56.000000, y = 165.000000
avance = -451.000000, avanceR = 2.000000, avanceI = 2.000000
inc_x_r = 0.000000, inc_y_r = 1.000000, inc_x_i = 1.000000, inc_y_i = 1.000000
En el else......

----------------------------------------
x = 56.000000, y = 166.000000
avance = -449.000000, avanceR = 2.000000, avanceI = 2.000000
inc_x_r = 0.000000, inc_y_r = 1.000000, inc_x_i = 1.000000, inc_y_i = 1.000000
En el else......

----------------------------------------
x = 56.000000, y = 167.000000
avance = -447.000000, avanceR = 2.000000, avanceI = 2.000000
inc_x_r = 0.000000, inc_y_r = 1.000000, inc_x_i = 1.000000, inc_y_i = 1.000000
En el else......

----------------------------------------
x = 56.000000, y = 168.000000
avance = -445.000000, avanceR = 2.000000, avanceI = 2.000000
inc_x_r = 0.000000, inc_y_r = 1.000000, inc_x_i = 1.000000, inc_y_i = 1.000000
En el else......

----------------------------------------
x = 56.000000, y = 169.000000
avance = -443.000000, avanceR = 2.000000, avanceI = 2.000000
inc_x_r = 0.000000, inc_y_r = 1.000000, inc_x_i = 1.000000, inc_y_i = 1.000000
En el else......

----------------------------------------
x = 56.000000, y = 170.000000
avance = -441.000000, avanceR = 2.000000, avanceI = 2.000000
inc_x_r = 0.000000, inc_y_r = 1.000000, inc_x_i = 1.000000, inc_y_i = 1.000000
En el else......

----------------------------------------
x = 56.000000, y = 171.000000
avance = -439.000000, avanceR = 2.000000, avanceI = 2.000000
inc_x_r = 0.000000, inc_y_r = 1.000000, inc_x_i = 1.000000, inc_y_i = 1.000000
En el else......

----------------------------------------
x = 56.000000, y = 172.000000
avance = -437.000000, avanceR = 2.000000, avanceI = 2.000000
inc_x_r = 0.000000, inc_y_r = 1.000000, inc_x_i = 1.000000, inc_y_i = 1.000000
En el else......

----------------------------------------
x = 56.000000, y = 173.000000
avance = -435.000000, avanceR = 2.000000, avanceI = 2.000000
inc_x_r = 0.000000, inc_y_r = 1.000000, inc_x_i = 1.000000, inc_y_i = 1.000000
En el else......

----------------------------------------
x = 56.000000, y = 174.000000
avance = -433.000000, avanceR = 2.000000, avanceI = 2.000000
inc_x_r = 0.000000, inc_y_r = 1.000000, inc_x_i = 1.000000, inc_y_i = 1.000000
En el else......

----------------------------------------
x = 56.000000, y = 175.000000
avance = -431.000000, avanceR = 2.000000, avanceI = 2.000000
inc_x_r = 0.000000, inc_y_r = 1.000000, inc_x_i = 1.000000, inc_y_i = 1.000000
En el else......

----------------------------------------
x = 56.000000, y = 176.000000
avance = -429.000000, avanceR = 2.000000, avanceI = 2.000000
inc_x_r = 0.000000, inc_y_r = 1.000000, inc_x_i = 1.000000, inc_y_i = 1.000000
En el else......

----------------------------------------
x = 56.000000, y = 177.000000
avance = -427.000000, avanceR = 2.000000, avanceI = 2.000000
inc_x_r = 0.000000, inc_y_r = 1.000000, inc_x_i = 1.000000, inc_y_i = 1.000000
En el else......

----------------------------------------
x = 56.000000, y = 178.000000
avance = -425.000000, avanceR = 2.000000, avanceI = 2.000000
inc_x_r = 0.000000, inc_y_r = 1.000000, inc_x_i = 1.000000, inc_y_i = 1.000000
En el else......

----------------------------------------
x = 56.000000, y = 179.000000
avance = -423.000000, avanceR = 2.000000, avanceI = 2.000000
inc_x_r = 0.000000, inc_y_r = 1.000000, inc_x_i = 1.000000, inc_y_i = 1.000000
En el else......

----------------------------------------
x = 56.000000, y = 180.000000
avance = -421.000000, avanceR = 2.000000, avanceI = 2.000000
inc_x_r = 0.000000, inc_y_r = 1.000000, inc_x_i = 1.000000, inc_y_i = 1.000000
En el else......

----------------------------------------
x = 56.000000, y = 181.000000
avance = -419.000000, avanceR = 2.000000, avanceI = 2.000000
inc_x_r = 0.000000, inc_y_r = 1.000000, inc_x_i = 1.000000, inc_y_i = 1.000000
En el else......

----------------------------------------
x = 56.000000, y = 182.000000
avance = -417.000000, avanceR = 2.000000, avanceI = 2.000000
inc_x_r = 0.000000, inc_y_r = 1.000000, inc_x_i = 1.000000, inc_y_i = 1.000000
En el else......

----------------------------------------
x = 56.000000, y = 183.000000
avance = -415.000000, avanceR = 2.000000, avanceI = 2.000000
inc_x_r = 0.000000, inc_y_r = 1.000000, inc_x_i = 1.000000, inc_y_i = 1.000000
En el else......

----------------------------------------
x = 56.000000, y = 184.000000
avance = -413.000000, avanceR = 2.000000, avanceI = 2.000000
inc_x_r = 0.000000, inc_y_r = 1.000000, inc_x_i = 1.000000, inc_y_i = 1.000000
En el else......

----------------------------------------
x = 56.000000, y = 185.000000
avance = -411.000000, avanceR = 2.000000, avanceI = 2.000000
inc_x_r = 0.000000, inc_y_r = 1.000000, inc_x_i = 1.000000, inc_y_i = 1.000000
En el else......

----------------------------------------
x = 56.000000, y = 186.000000
avance = -409.000000, avanceR = 2.000000, avanceI = 2.000000
inc_x_r = 0.000000, inc_y_r = 1.000000, inc_x_i = 1.000000, inc_y_i = 1.000000
En el else......

----------------------------------------
x = 56.000000, y = 187.000000
avance = -407.000000, avanceR = 2.000000, avanceI = 2.000000
inc_x_r = 0.000000, inc_y_r = 1.000000, inc_x_i = 1.000000, inc_y_i = 1.000000
En el else......

----------------------------------------
x = 56.000000, y = 188.000000
avance = -405.000000, avanceR = 2.000000, avanceI = 2.000000
inc_x_r = 0.000000, inc_y_r = 1.000000, inc_x_i = 1.000000, inc_y_i = 1.000000
En el else......

----------------------------------------
x = 56.000000, y = 189.000000
avance = -403.000000, avanceR = 2.000000, avanceI = 2.000000
inc_x_r = 0.000000, inc_y_r = 1.000000, inc_x_i = 1.000000, inc_y_i = 1.000000
En el else......

----------------------------------------
x = 56.000000, y = 190.000000
avance = -401.000000, avanceR = 2.000000, avanceI = 2.000000
inc_x_r = 0.000000, inc_y_r = 1.000000, inc_x_i = 1.000000, inc_y_i = 1.000000
En el else......

----------------------------------------
x = 56.000000, y = 191.000000
avance = -399.000000, avanceR = 2.000000, avanceI = 2.000000
inc_x_r = 0.000000, inc_y_r = 1.000000, inc_x_i = 1.000000, inc_y_i = 1.000000
En el else......

----------------------------------------
x = 56.000000, y = 192.000000
avance = -397.000000, avanceR = 2.000000, avanceI = 2.000000
inc_x_r = 0.000000, inc_y_r = 1.000000, inc_x_i = 1.000000, inc_y_i = 1.000000
En el else......

----------------------------------------
x = 56.000000, y = 193.000000
avance = -395.000000, avanceR = 2.000000, avanceI = 2.000000
inc_x_r = 0.000000, inc_y_r = 1.000000, inc_x_i = 1.000000, inc_y_i = 1.000000
En el else......

----------------------------------------
x = 56.000000, y = 194.000000
avance = -393.000000, avanceR = 2.000000, avanceI = 2.000000
inc_x_r = 0.000000, inc_y_r = 1.000000, inc_x_i = 1.000000, inc_y_i = 1.000000
En el else......

----------------------------------------
x = 56.000000, y = 195.000000
avance = -391.000000, avanceR = 2.000000, avanceI = 2.000000
inc_x_r = 0.000000, inc_y_r = 1.000000, inc_x_i = 1.000000, inc_y_i = 1.000000
En el else......

----------------------------------------
x = 56.000000, y = 196.000000
avance = -389.000000, avanceR = 2.000000, avanceI = 2.000000
inc_x_r = 0.000000, inc_y_r = 1.000000, inc_x_i = 1.000000, inc_y_i = 1.000000
En el else......

----------------------------------------
x = 56.000000, y = 197.000000
avance = -387.000000, avanceR = 2.000000, avanceI = 2.000000
inc_x_r = 0.000000, inc_y_r = 1.000000, inc_x_i = 1.000000, inc_y_i = 1.000000
En el else......

----------------------------------------
x = 56.000000, y = 198.000000
avance = -385.000000, avanceR = 2.000000, avanceI = 2.000000
inc_x_r = 0.000000, inc_y_r = 1.000000, inc_x_i = 1.000000, inc_y_i = 1.000000
En el else......

----------------------------------------
x = 56.000000, y = 199.000000
avance = -383.000000, avanceR = 2.000000, avanceI = 2.000000
inc_x_r = 0.000000, inc_y_r = 1.000000, inc_x_i = 1.000000, inc_y_i = 1.000000
En el else......

----------------------------------------
x = 56.000000, y = 200.000000
avance = -381.000000, avanceR = 2.000000, avanceI = 2.000000
inc_x_r = 0.000000, inc_y_r = 1.000000, inc_x_i = 1.000000, inc_y_i = 1.000000
En el else......

----------------------------------------
x = 56.000000, y = 201.000000
avance = -379.000000, avanceR = 2.000000, avanceI = 2.000000
inc_x_r = 0.000000, inc_y_r = 1.000000, inc_x_i = 1.000000, inc_y_i = 1.000000
En el else......

----------------------------------------
x = 56.000000, y = 202.000000
avance = -377.000000, avanceR = 2.000000, avanceI = 2.000000
inc_x_r = 0.000000, inc_y_r = 1.000000, inc_x_i = 1.000000, inc_y_i = 1.000000
En el else......

----------------------------------------
x = 56.000000, y = 203.000000
avance = -375.000000, avanceR = 2.000000, avanceI = 2.000000
inc_x_r = 0.000000, inc_y_r = 1.000000, inc_x_i = 1.000000, inc_y_i = 1.000000
En el else......

----------------------------------------
x = 56.000000, y = 204.000000
avance = -373.000000, avanceR = 2.000000, avanceI = 2.000000
inc_x_r = 0.000000, inc_y_r = 1.000000, inc_x_i = 1.000000, inc_y_i = 1.000000
En el else......

----------------------------------------
x = 56.000000, y = 205.000000
avance = -371.000000, avanceR = 2.000000, avanceI = 2.000000
inc_x_r = 0.000000, inc_y_r = 1.000000, inc_x_i = 1.000000, inc_y_i = 1.000000
En el else......

----------------------------------------
x = 56.000000, y = 206.000000
avance = -369.000000, avanceR = 2.000000, avanceI = 2.000000
inc_x_r = 0.000000, inc_y_r = 1.000000, inc_x_i = 1.000000, inc_y_i = 1.000000
En el else......

----------------------------------------
x = 56.000000, y = 207.000000
avance = -367.000000, avanceR = 2.000000, avanceI = 2.000000
inc_x_r = 0.000000, inc_y_r = 1.000000, inc_x_i = 1.000000, inc_y_i = 1.000000
En el else......

----------------------------------------
x = 56.000000, y = 208.000000
avance = -365.000000, avanceR = 2.000000, avanceI = 2.000000
inc_x_r = 0.000000, inc_y_r = 1.000000, inc_x_i = 1.000000, inc_y_i = 1.000000
En el else......

----------------------------------------
x = 56.000000, y = 209.000000
avance = -363.000000, avanceR = 2.000000, avanceI = 2.000000
inc_x_r = 0.000000, inc_y_r = 1.000000, inc_x_i = 1.000000, inc_y_i = 1.000000
En el else......

----------------------------------------
x = 56.000000, y = 210.000000
avance = -361.000000, avanceR = 2.000000, avanceI = 2.000000
inc_x_r = 0.000000, inc_y_r = 1.000000, inc_x_i = 1.000000, inc_y_i = 1.000000
En el else......

----------------------------------------
x = 56.000000, y = 211.000000
avance = -359.000000, avanceR = 2.000000, avanceI = 2.000000
inc_x_r = 0.000000, inc_y_r = 1.000000, inc_x_i = 1.000000, inc_y_i = 1.000000
En el else......

----------------------------------------
x = 56.000000, y = 212.000000
avance = -357.000000, avanceR = 2.000000, avanceI = 2.000000
inc_x_r = 0.000000, inc_y_r = 1.000000, inc_x_i = 1.000000, inc_y_i = 1.000000
En el else......

----------------------------------------
x = 56.000000, y = 213.000000
avance = -355.000000, avanceR = 2.000000, avanceI = 2.000000
inc_x_r = 0.000000, inc_y_r = 1.000000, inc_x_i = 1.000000, inc_y_i = 1.000000
En el else......

----------------------------------------
x = 56.000000, y = 214.000000
avance = -353.000000, avanceR = 2.000000, avanceI = 2.000000
inc_x_r = 0.000000, inc_y_r = 1.000000, inc_x_i = 1.000000, inc_y_i = 1.000000
En el else......

----------------------------------------
x = 56.000000, y = 215.000000
avance = -351.000000, avanceR = 2.000000, avanceI = 2.000000
inc_x_r = 0.000000, inc_y_r = 1.000000, inc_x_i = 1.000000, inc_y_i = 1.000000
En el else......

----------------------------------------
x = 56.000000, y = 216.000000
avance = -349.000000, avanceR = 2.000000, avanceI = 2.000000
inc_x_r = 0.000000, inc_y_r = 1.000000, inc_x_i = 1.000000, inc_y_i = 1.000000
En el else......

----------------------------------------
x = 56.000000, y = 217.000000
avance = -347.000000, avanceR = 2.000000, avanceI = 2.000000
inc_x_r = 0.000000, inc_y_r = 1.000000, inc_x_i = 1.000000, inc_y_i = 1.000000
En el else......

----------------------------------------
x = 56.000000, y = 218.000000
avance = -345.000000, avanceR = 2.000000, avanceI = 2.000000
inc_x_r = 0.000000, inc_y_r = 1.000000, inc_x_i = 1.000000, inc_y_i = 1.000000
En el else......

----------------------------------------
x = 56.000000, y = 219.000000
avance = -343.000000, avanceR = 2.000000, avanceI = 2.000000
inc_x_r = 0.000000, inc_y_r = 1.000000, inc_x_i = 1.000000, inc_y_i = 1.000000
En el else......

----------------------------------------
x = 56.000000, y = 220.000000
avance = -341.000000, avanceR = 2.000000, avanceI = 2.000000
inc_x_r = 0.000000, inc_y_r = 1.000000, inc_x_i = 1.000000, inc_y_i = 1.000000
En el else......

----------------------------------------
x = 56.000000, y = 221.000000
avance = -339.000000, avanceR = 2.000000, avanceI = 2.000000
inc_x_r = 0.000000, inc_y_r = 1.000000, inc_x_i = 1.000000, inc_y_i = 1.000000
En el else......

----------------------------------------
x = 56.000000, y = 222.000000
avance = -337.000000, avanceR = 2.000000, avanceI = 2.000000
inc_x_r = 0.000000, inc_y_r = 1.000000, inc_x_i = 1.000000, inc_y_i = 1.000000
En el else......

----------------------------------------
x = 56.000000, y = 223.000000
avance = -335.000000, avanceR = 2.000000, avanceI = 2.000000
inc_x_r = 0.000000, inc_y_r = 1.000000, inc_x_i = 1.000000, inc_y_i = 1.000000
En el else......

----------------------------------------
x = 56.000000, y = 224.000000
avance = -333.000000, avanceR = 2.000000, avanceI = 2.000000
inc_x_r = 0.000000, inc_y_r = 1.000000, inc_x_i = 1.000000, inc_y_i = 1.000000
En el else......

----------------------------------------
x = 56.000000, y = 225.000000
avance = -331.000000, avanceR = 2.000000, avanceI = 2.000000
inc_x_r = 0.000000, inc_y_r = 1.000000, inc_x_i = 1.000000, inc_y_i = 1.000000
En el else......

----------------------------------------
x = 56.000000, y = 226.000000
avance = -329.000000, avanceR = 2.000000, avanceI = 2.000000
inc_x_r = 0.000000, inc_y_r = 1.000000, inc_x_i = 1.000000, inc_y_i = 1.000000
En el else......

----------------------------------------
x = 56.000000, y = 227.000000
avance = -327.000000, avanceR = 2.000000, avanceI = 2.000000
inc_x_r = 0.000000, inc_y_r = 1.000000, inc_x_i = 1.000000, inc_y_i = 1.000000
En el else......

----------------------------------------
x = 56.000000, y = 228.000000
avance = -325.000000, avanceR = 2.000000, avanceI = 2.000000
inc_x_r = 0.000000, inc_y_r = 1.000000, inc_x_i = 1.000000, inc_y_i = 1.000000
En el else......

----------------------------------------
x = 56.000000, y = 229.000000
avance = -323.000000, avanceR = 2.000000, avanceI = 2.000000
inc_x_r = 0.000000, inc_y_r = 1.000000, inc_x_i = 1.000000, inc_y_i = 1.000000
En el else......

----------------------------------------
x = 56.000000, y = 230.000000
avance = -321.000000, avanceR = 2.000000, avanceI = 2.000000
inc_x_r = 0.000000, inc_y_r = 1.000000, inc_x_i = 1.000000, inc_y_i = 1.000000
En el else......

----------------------------------------
x = 56.000000, y = 231.000000
avance = -319.000000, avanceR = 2.000000, avanceI = 2.000000
inc_x_r = 0.000000, inc_y_r = 1.000000, inc_x_i = 1.000000, inc_y_i = 1.000000
En el else......

----------------------------------------
x = 56.000000, y = 232.000000
avance = -317.000000, avanceR = 2.000000, avanceI = 2.000000
inc_x_r = 0.000000, inc_y_r = 1.000000, inc_x_i = 1.000000, inc_y_i = 1.000000
En el else......

----------------------------------------
x = 56.000000, y = 233.000000
avance = -315.000000, avanceR = 2.000000, avanceI = 2.000000
inc_x_r = 0.000000, inc_y_r = 1.000000, inc_x_i = 1.000000, inc_y_i = 1.000000
En el else......

----------------------------------------
x = 56.000000, y = 234.000000
avance = -313.000000, avanceR = 2.000000, avanceI = 2.000000
inc_x_r = 0.000000, inc_y_r = 1.000000, inc_x_i = 1.000000, inc_y_i = 1.000000
En el else......

----------------------------------------
x = 56.000000, y = 235.000000
avance = -311.000000, avanceR = 2.000000, avanceI = 2.000000
inc_x_r = 0.000000, inc_y_r = 1.000000, inc_x_i = 1.000000, inc_y_i = 1.000000
En el else......

----------------------------------------
x = 56.000000, y = 236.000000
avance = -309.000000, avanceR = 2.000000, avanceI = 2.000000
inc_x_r = 0.000000, inc_y_r = 1.000000, inc_x_i = 1.000000, inc_y_i = 1.000000
En el else......

----------------------------------------
x = 56.000000, y = 237.000000
avance = -307.000000, avanceR = 2.000000, avanceI = 2.000000
inc_x_r = 0.000000, inc_y_r = 1.000000, inc_x_i = 1.000000, inc_y_i = 1.000000
En el else......

----------------------------------------
x = 56.000000, y = 238.000000
avance = -305.000000, avanceR = 2.000000, avanceI = 2.000000
inc_x_r = 0.000000, inc_y_r = 1.000000, inc_x_i = 1.000000, inc_y_i = 1.000000
En el else......

----------------------------------------
x = 56.000000, y = 239.000000
avance = -303.000000, avanceR = 2.000000, avanceI = 2.000000
inc_x_r = 0.000000, inc_y_r = 1.000000, inc_x_i = 1.000000, inc_y_i = 1.000000
En el else......

----------------------------------------
x = 56.000000, y = 240.000000
avance = -301.000000, avanceR = 2.000000, avanceI = 2.000000
inc_x_r = 0.000000, inc_y_r = 1.000000, inc_x_i = 1.000000, inc_y_i = 1.000000
En el else......

----------------------------------------
x = 56.000000, y = 241.000000
avance = -299.000000, avanceR = 2.000000, avanceI = 2.000000
inc_x_r = 0.000000, inc_y_r = 1.000000, inc_x_i = 1.000000, inc_y_i = 1.000000
En el else......

----------------------------------------
x = 56.000000, y = 242.000000
avance = -297.000000, avanceR = 2.000000, avanceI = 2.000000
inc_x_r = 0.000000, inc_y_r = 1.000000, inc_x_i = 1.000000, inc_y_i = 1.000000
En el else......

----------------------------------------
x = 56.000000, y = 243.000000
avance = -295.000000, avanceR = 2.000000, avanceI = 2.000000
inc_x_r = 0.000000, inc_y_r = 1.000000, inc_x_i = 1.000000, inc_y_i = 1.000000
En el else......

----------------------------------------
x = 56.000000, y = 244.000000
avance = -293.000000, avanceR = 2.000000, avanceI = 2.000000
inc_x_r = 0.000000, inc_y_r = 1.000000, inc_x_i = 1.000000, inc_y_i = 1.000000
En el else......

----------------------------------------
x = 56.000000, y = 245.000000
avance = -291.000000, avanceR = 2.000000, avanceI = 2.000000
inc_x_r = 0.000000, inc_y_r = 1.000000, inc_x_i = 1.000000, inc_y_i = 1.000000
En el else......

----------------------------------------
x = 56.000000, y = 246.000000
avance = -289.000000, avanceR = 2.000000, avanceI = 2.000000
inc_x_r = 0.000000, inc_y_r = 1.000000, inc_x_i = 1.000000, inc_y_i = 1.000000
En el else......

----------------------------------------
x = 56.000000, y = 247.000000
avance = -287.000000, avanceR = 2.000000, avanceI = 2.000000
inc_x_r = 0.000000, inc_y_r = 1.000000, inc_x_i = 1.000000, inc_y_i = 1.000000
En el else......

----------------------------------------
x = 56.000000, y = 248.000000
avance = -285.000000, avanceR = 2.000000, avanceI = 2.000000
inc_x_r = 0.000000, inc_y_r = 1.000000, inc_x_i = 1.000000, inc_y_i = 1.000000
En el else......

----------------------------------------
x = 56.000000, y = 249.000000
avance = -283.000000, avanceR = 2.000000, avanceI = 2.000000
inc_x_r = 0.000000, inc_y_r = 1.000000, inc_x_i = 1.000000, inc_y_i = 1.000000
En el else......

----------------------------------------
x = 56.000000, y = 250.000000
avance = -281.000000, avanceR = 2.000000, avanceI = 2.000000
inc_x_r = 0.000000, inc_y_r = 1.000000, inc_x_i = 1.000000, inc_y_i = 1.000000
En el else......

----------------------------------------
x = 56.000000, y = 251.000000
avance = -279.000000, avanceR = 2.000000, avanceI = 2.000000
inc_x_r = 0.000000, inc_y_r = 1.000000, inc_x_i = 1.000000, inc_y_i = 1.000000
En el else......

----------------------------------------
x = 56.000000, y = 252.000000
avance = -277.000000, avanceR = 2.000000, avanceI = 2.000000
inc_x_r = 0.000000, inc_y_r = 1.000000, inc_x_i = 1.000000, inc_y_i = 1.000000
En el else......

----------------------------------------
x = 56.000000, y = 253.000000
avance = -275.000000, avanceR = 2.000000, avanceI = 2.000000
inc_x_r = 0.000000, inc_y_r = 1.000000, inc_x_i = 1.000000, inc_y_i = 1.000000
En el else......

----------------------------------------
x = 56.000000, y = 254.000000
avance = -273.000000, avanceR = 2.000000, avanceI = 2.000000
inc_x_r = 0.000000, inc_y_r = 1.000000, inc_x_i = 1.000000, inc_y_i = 1.000000
En el else......

----------------------------------------
x = 56.000000, y = 255.000000
avance = -271.000000, avanceR = 2.000000, avanceI = 2.000000
inc_x_r = 0.000000, inc_y_r = 1.000000, inc_x_i = 1.000000, inc_y_i = 1.000000
En el else......

----------------------------------------
x = 56.000000, y = 256.000000
avance = -269.000000, avanceR = 2.000000, avanceI = 2.000000
inc_x_r = 0.000000, inc_y_r = 1.000000, inc_x_i = 1.000000, inc_y_i = 1.000000
En el else......

----------------------------------------
x = 56.000000, y = 257.000000
avance = -267.000000, avanceR = 2.000000, avanceI = 2.000000
inc_x_r = 0.000000, inc_y_r = 1.000000, inc_x_i = 1.000000, inc_y_i = 1.000000
En el else......

----------------------------------------
x = 56.000000, y = 258.000000
avance = -265.000000, avanceR = 2.000000, avanceI = 2.000000
inc_x_r = 0.000000, inc_y_r = 1.000000, inc_x_i = 1.000000, inc_y_i = 1.000000
En el else......

----------------------------------------
x = 56.000000, y = 259.000000
avance = -263.000000, avanceR = 2.000000, avanceI = 2.000000
inc_x_r = 0.000000, inc_y_r = 1.000000, inc_x_i = 1.000000, inc_y_i = 1.000000
En el else......

----------------------------------------
x = 56.000000, y = 260.000000
avance = -261.000000, avanceR = 2.000000, avanceI = 2.000000
inc_x_r = 0.000000, inc_y_r = 1.000000, inc_x_i = 1.000000, inc_y_i = 1.000000
En el else......

----------------------------------------
x = 56.000000, y = 261.000000
avance = -259.000000, avanceR = 2.000000, avanceI = 2.000000
inc_x_r = 0.000000, inc_y_r = 1.000000, inc_x_i = 1.000000, inc_y_i = 1.000000
En el else......

----------------------------------------
x = 56.000000, y = 262.000000
avance = -257.000000, avanceR = 2.000000, avanceI = 2.000000
inc_x_r = 0.000000, inc_y_r = 1.000000, inc_x_i = 1.000000, inc_y_i = 1.000000
En el else......

----------------------------------------
x = 56.000000, y = 263.000000
avance = -255.000000, avanceR = 2.000000, avanceI = 2.000000
inc_x_r = 0.000000, inc_y_r = 1.000000, inc_x_i = 1.000000, inc_y_i = 1.000000
En el else......

----------------------------------------
x = 56.000000, y = 264.000000
avance = -253.000000, avanceR = 2.000000, avanceI = 2.000000
inc_x_r = 0.000000, inc_y_r = 1.000000, inc_x_i = 1.000000, inc_y_i = 1.000000
En el else......

----------------------------------------
x = 56.000000, y = 265.000000
avance = -251.000000, avanceR = 2.000000, avanceI = 2.000000
inc_x_r = 0.000000, inc_y_r = 1.000000, inc_x_i = 1.000000, inc_y_i = 1.000000
En el else......

----------------------------------------


ENTRAMOS A BRESENHAMªªªª
x1 = 55.000000 - y1 = 15.000000 || x2 = 56.000000 - y2 = 266.000000
dy = 251.000000, dx = 1.000000
avances inclinados: inc_x_i = 1.000000, inc_y_i = 1.000000
updated: dy = 251.000000, dx = 1.000000
avances rectos: inc_x_r = 0.000000, inc_y_r 1.000000
reupdated: dy = 1.000000, dx = 251.000000
avanceR = 2.000000, avance -249.000000, avanceI 2.000000
----------------------------------------
x = 55.000000, y = 15.000000
avance = -249.000000, avanceR = 2.000000, avanceI = 2.000000
inc_x_r = 0.000000, inc_y_r = 1.000000, inc_x_i = 1.000000, inc_y_i = 1.000000
En el else......

----------------------------------------
x = 55.000000, y = 16.000000
avance = -247.000000, avanceR = 2.000000, avanceI = 2.000000
inc_x_r = 0.000000, inc_y_r = 1.000000, inc_x_i = 1.000000, inc_y_i = 1.000000
En el else......

----------------------------------------
x = 55.000000, y = 17.000000
avance = -245.000000, avanceR = 2.000000, avanceI = 2.000000
inc_x_r = 0.000000, inc_y_r = 1.000000, inc_x_i = 1.000000, inc_y_i = 1.000000
En el else......

----------------------------------------
x = 55.000000, y = 18.000000
avance = -243.000000, avanceR = 2.000000, avanceI = 2.000000
inc_x_r = 0.000000, inc_y_r = 1.000000, inc_x_i = 1.000000, inc_y_i = 1.000000
En el else......

----------------------------------------
x = 55.000000, y = 19.000000
avance = -241.000000, avanceR = 2.000000, avanceI = 2.000000
inc_x_r = 0.000000, inc_y_r = 1.000000, inc_x_i = 1.000000, inc_y_i = 1.000000
En el else......

----------------------------------------
x = 55.000000, y = 20.000000
avance = -239.000000, avanceR = 2.000000, avanceI = 2.000000
inc_x_r = 0.000000, inc_y_r = 1.000000, inc_x_i = 1.000000, inc_y_i = 1.000000
En el else......

----------------------------------------
x = 55.000000, y = 21.000000
avance = -237.000000, avanceR = 2.000000, avanceI = 2.000000
inc_x_r = 0.000000, inc_y_r = 1.000000, inc_x_i = 1.000000, inc_y_i = 1.000000
En el else......

----------------------------------------
x = 55.000000, y = 22.000000
avance = -235.000000, avanceR = 2.000000, avanceI = 2.000000
inc_x_r = 0.000000, inc_y_r = 1.000000, inc_x_i = 1.000000, inc_y_i = 1.000000
En el else......

----------------------------------------
x = 55.000000, y = 23.000000
avance = -233.000000, avanceR = 2.000000, avanceI = 2.000000
inc_x_r = 0.000000, inc_y_r = 1.000000, inc_x_i = 1.000000, inc_y_i = 1.000000
En el else......

----------------------------------------
x = 55.000000, y = 24.000000
avance = -231.000000, avanceR = 2.000000, avanceI = 2.000000
inc_x_r = 0.000000, inc_y_r = 1.000000, inc_x_i = 1.000000, inc_y_i = 1.000000
En el else......

----------------------------------------
x = 55.000000, y = 25.000000
avance = -229.000000, avanceR = 2.000000, avanceI = 2.000000
inc_x_r = 0.000000, inc_y_r = 1.000000, inc_x_i = 1.000000, inc_y_i = 1.000000
En el else......

----------------------------------------
x = 55.000000, y = 26.000000
avance = -227.000000, avanceR = 2.000000, avanceI = 2.000000
inc_x_r = 0.000000, inc_y_r = 1.000000, inc_x_i = 1.000000, inc_y_i = 1.000000
En el else......

----------------------------------------
x = 55.000000, y = 27.000000
avance = -225.000000, avanceR = 2.000000, avanceI = 2.000000
inc_x_r = 0.000000, inc_y_r = 1.000000, inc_x_i = 1.000000, inc_y_i = 1.000000
En el else......

----------------------------------------
x = 55.000000, y = 28.000000
avance = -223.000000, avanceR = 2.000000, avanceI = 2.000000
inc_x_r = 0.000000, inc_y_r = 1.000000, inc_x_i = 1.000000, inc_y_i = 1.000000
En el else......

----------------------------------------
x = 55.000000, y = 29.000000
avance = -221.000000, avanceR = 2.000000, avanceI = 2.000000
inc_x_r = 0.000000, inc_y_r = 1.000000, inc_x_i = 1.000000, inc_y_i = 1.000000
En el else......

----------------------------------------
x = 55.000000, y = 30.000000
avance = -219.000000, avanceR = 2.000000, avanceI = 2.000000
inc_x_r = 0.000000, inc_y_r = 1.000000, inc_x_i = 1.000000, inc_y_i = 1.000000
En el else......

----------------------------------------
x = 55.000000, y = 31.000000
avance = -217.000000, avanceR = 2.000000, avanceI = 2.000000
inc_x_r = 0.000000, inc_y_r = 1.000000, inc_x_i = 1.000000, inc_y_i = 1.000000
En el else......

----------------------------------------
x = 55.000000, y = 32.000000
avance = -215.000000, avanceR = 2.000000, avanceI = 2.000000
inc_x_r = 0.000000, inc_y_r = 1.000000, inc_x_i = 1.000000, inc_y_i = 1.000000
En el else......

----------------------------------------
x = 55.000000, y = 33.000000
avance = -213.000000, avanceR = 2.000000, avanceI = 2.000000
inc_x_r = 0.000000, inc_y_r = 1.000000, inc_x_i = 1.000000, inc_y_i = 1.000000
En el else......

----------------------------------------
x = 55.000000, y = 34.000000
avance = -211.000000, avanceR = 2.000000, avanceI = 2.000000
inc_x_r = 0.000000, inc_y_r = 1.000000, inc_x_i = 1.000000, inc_y_i = 1.000000
En el else......

----------------------------------------
x = 55.000000, y = 35.000000
avance = -209.000000, avanceR = 2.000000, avanceI = 2.000000
inc_x_r = 0.000000, inc_y_r = 1.000000, inc_x_i = 1.000000, inc_y_i = 1.000000
En el else......

----------------------------------------
x = 55.000000, y = 36.000000
avance = -207.000000, avanceR = 2.000000, avanceI = 2.000000
inc_x_r = 0.000000, inc_y_r = 1.000000, inc_x_i = 1.000000, inc_y_i = 1.000000
En el else......

----------------------------------------
x = 55.000000, y = 37.000000
avance = -205.000000, avanceR = 2.000000, avanceI = 2.000000
inc_x_r = 0.000000, inc_y_r = 1.000000, inc_x_i = 1.000000, inc_y_i = 1.000000
En el else......

----------------------------------------
x = 55.000000, y = 38.000000
avance = -203.000000, avanceR = 2.000000, avanceI = 2.000000
inc_x_r = 0.000000, inc_y_r = 1.000000, inc_x_i = 1.000000, inc_y_i = 1.000000
En el else......

----------------------------------------
x = 55.000000, y = 39.000000
avance = -201.000000, avanceR = 2.000000, avanceI = 2.000000
inc_x_r = 0.000000, inc_y_r = 1.000000, inc_x_i = 1.000000, inc_y_i = 1.000000
En el else......

----------------------------------------
x = 55.000000, y = 40.000000
avance = -199.000000, avanceR = 2.000000, avanceI = 2.000000
inc_x_r = 0.000000, inc_y_r = 1.000000, inc_x_i = 1.000000, inc_y_i = 1.000000
En el else......

----------------------------------------
x = 55.000000, y = 41.000000
avance = -197.000000, avanceR = 2.000000, avanceI = 2.000000
inc_x_r = 0.000000, inc_y_r = 1.000000, inc_x_i = 1.000000, inc_y_i = 1.000000
En el else......

----------------------------------------
x = 55.000000, y = 42.000000
avance = -195.000000, avanceR = 2.000000, avanceI = 2.000000
inc_x_r = 0.000000, inc_y_r = 1.000000, inc_x_i = 1.000000, inc_y_i = 1.000000
En el else......

----------------------------------------
x = 55.000000, y = 43.000000
avance = -193.000000, avanceR = 2.000000, avanceI = 2.000000
inc_x_r = 0.000000, inc_y_r = 1.000000, inc_x_i = 1.000000, inc_y_i = 1.000000
En el else......

----------------------------------------
x = 55.000000, y = 44.000000
avance = -191.000000, avanceR = 2.000000, avanceI = 2.000000
inc_x_r = 0.000000, inc_y_r = 1.000000, inc_x_i = 1.000000, inc_y_i = 1.000000
En el else......

----------------------------------------
x = 55.000000, y = 45.000000
avance = -189.000000, avanceR = 2.000000, avanceI = 2.000000
inc_x_r = 0.000000, inc_y_r = 1.000000, inc_x_i = 1.000000, inc_y_i = 1.000000
En el else......

----------------------------------------
x = 55.000000, y = 46.000000
avance = -187.000000, avanceR = 2.000000, avanceI = 2.000000
inc_x_r = 0.000000, inc_y_r = 1.000000, inc_x_i = 1.000000, inc_y_i = 1.000000
En el else......

----------------------------------------
x = 55.000000, y = 47.000000
avance = -185.000000, avanceR = 2.000000, avanceI = 2.000000
inc_x_r = 0.000000, inc_y_r = 1.000000, inc_x_i = 1.000000, inc_y_i = 1.000000
En el else......

----------------------------------------
x = 55.000000, y = 48.000000
avance = -183.000000, avanceR = 2.000000, avanceI = 2.000000
inc_x_r = 0.000000, inc_y_r = 1.000000, inc_x_i = 1.000000, inc_y_i = 1.000000
En el else......

----------------------------------------
x = 55.000000, y = 49.000000
avance = -181.000000, avanceR = 2.000000, avanceI = 2.000000
inc_x_r = 0.000000, inc_y_r = 1.000000, inc_x_i = 1.000000, inc_y_i = 1.000000
En el else......

----------------------------------------
x = 55.000000, y = 50.000000
avance = -179.000000, avanceR = 2.000000, avanceI = 2.000000
inc_x_r = 0.000000, inc_y_r = 1.000000, inc_x_i = 1.000000, inc_y_i = 1.000000
En el else......

----------------------------------------
x = 55.000000, y = 51.000000
avance = -177.000000, avanceR = 2.000000, avanceI = 2.000000
inc_x_r = 0.000000, inc_y_r = 1.000000, inc_x_i = 1.000000, inc_y_i = 1.000000
En el else......

----------------------------------------
x = 55.000000, y = 52.000000
avance = -175.000000, avanceR = 2.000000, avanceI = 2.000000
inc_x_r = 0.000000, inc_y_r = 1.000000, inc_x_i = 1.000000, inc_y_i = 1.000000
En el else......

----------------------------------------
x = 55.000000, y = 53.000000
avance = -173.000000, avanceR = 2.000000, avanceI = 2.000000
inc_x_r = 0.000000, inc_y_r = 1.000000, inc_x_i = 1.000000, inc_y_i = 1.000000
En el else......

----------------------------------------
x = 55.000000, y = 54.000000
avance = -171.000000, avanceR = 2.000000, avanceI = 2.000000
inc_x_r = 0.000000, inc_y_r = 1.000000, inc_x_i = 1.000000, inc_y_i = 1.000000
En el else......

----------------------------------------
x = 55.000000, y = 55.000000
avance = -169.000000, avanceR = 2.000000, avanceI = 2.000000
inc_x_r = 0.000000, inc_y_r = 1.000000, inc_x_i = 1.000000, inc_y_i = 1.000000
En el else......

----------------------------------------
x = 55.000000, y = 56.000000
avance = -167.000000, avanceR = 2.000000, avanceI = 2.000000
inc_x_r = 0.000000, inc_y_r = 1.000000, inc_x_i = 1.000000, inc_y_i = 1.000000
En el else......

----------------------------------------
x = 55.000000, y = 57.000000
avance = -165.000000, avanceR = 2.000000, avanceI = 2.000000
inc_x_r = 0.000000, inc_y_r = 1.000000, inc_x_i = 1.000000, inc_y_i = 1.000000
En el else......

----------------------------------------
x = 55.000000, y = 58.000000
avance = -163.000000, avanceR = 2.000000, avanceI = 2.000000
inc_x_r = 0.000000, inc_y_r = 1.000000, inc_x_i = 1.000000, inc_y_i = 1.000000
En el else......

----------------------------------------
x = 55.000000, y = 59.000000
avance = -161.000000, avanceR = 2.000000, avanceI = 2.000000
inc_x_r = 0.000000, inc_y_r = 1.000000, inc_x_i = 1.000000, inc_y_i = 1.000000
En el else......

----------------------------------------
x = 55.000000, y = 60.000000
avance = -159.000000, avanceR = 2.000000, avanceI = 2.000000
inc_x_r = 0.000000, inc_y_r = 1.000000, inc_x_i = 1.000000, inc_y_i = 1.000000
En el else......

----------------------------------------
x = 55.000000, y = 61.000000
avance = -157.000000, avanceR = 2.000000, avanceI = 2.000000
inc_x_r = 0.000000, inc_y_r = 1.000000, inc_x_i = 1.000000, inc_y_i = 1.000000
En el else......

----------------------------------------
x = 55.000000, y = 62.000000
avance = -155.000000, avanceR = 2.000000, avanceI = 2.000000
inc_x_r = 0.000000, inc_y_r = 1.000000, inc_x_i = 1.000000, inc_y_i = 1.000000
En el else......

----------------------------------------
x = 55.000000, y = 63.000000
avance = -153.000000, avanceR = 2.000000, avanceI = 2.000000
inc_x_r = 0.000000, inc_y_r = 1.000000, inc_x_i = 1.000000, inc_y_i = 1.000000
En el else......

----------------------------------------
x = 55.000000, y = 64.000000
avance = -151.000000, avanceR = 2.000000, avanceI = 2.000000
inc_x_r = 0.000000, inc_y_r = 1.000000, inc_x_i = 1.000000, inc_y_i = 1.000000
En el else......

----------------------------------------
x = 55.000000, y = 65.000000
avance = -149.000000, avanceR = 2.000000, avanceI = 2.000000
inc_x_r = 0.000000, inc_y_r = 1.000000, inc_x_i = 1.000000, inc_y_i = 1.000000
En el else......

----------------------------------------
x = 55.000000, y = 66.000000
avance = -147.000000, avanceR = 2.000000, avanceI = 2.000000
inc_x_r = 0.000000, inc_y_r = 1.000000, inc_x_i = 1.000000, inc_y_i = 1.000000
En el else......

----------------------------------------
x = 55.000000, y = 67.000000
avance = -145.000000, avanceR = 2.000000, avanceI = 2.000000
inc_x_r = 0.000000, inc_y_r = 1.000000, inc_x_i = 1.000000, inc_y_i = 1.000000
En el else......

----------------------------------------
x = 55.000000, y = 68.000000
avance = -143.000000, avanceR = 2.000000, avanceI = 2.000000
inc_x_r = 0.000000, inc_y_r = 1.000000, inc_x_i = 1.000000, inc_y_i = 1.000000
En el else......

----------------------------------------
x = 55.000000, y = 69.000000
avance = -141.000000, avanceR = 2.000000, avanceI = 2.000000
inc_x_r = 0.000000, inc_y_r = 1.000000, inc_x_i = 1.000000, inc_y_i = 1.000000
En el else......

----------------------------------------
x = 55.000000, y = 70.000000
avance = -139.000000, avanceR = 2.000000, avanceI = 2.000000
inc_x_r = 0.000000, inc_y_r = 1.000000, inc_x_i = 1.000000, inc_y_i = 1.000000
En el else......

----------------------------------------
x = 55.000000, y = 71.000000
avance = -137.000000, avanceR = 2.000000, avanceI = 2.000000
inc_x_r = 0.000000, inc_y_r = 1.000000, inc_x_i = 1.000000, inc_y_i = 1.000000
En el else......

----------------------------------------
x = 55.000000, y = 72.000000
avance = -135.000000, avanceR = 2.000000, avanceI = 2.000000
inc_x_r = 0.000000, inc_y_r = 1.000000, inc_x_i = 1.000000, inc_y_i = 1.000000
En el else......

----------------------------------------
x = 55.000000, y = 73.000000
avance = -133.000000, avanceR = 2.000000, avanceI = 2.000000
inc_x_r = 0.000000, inc_y_r = 1.000000, inc_x_i = 1.000000, inc_y_i = 1.000000
En el else......

----------------------------------------
x = 55.000000, y = 74.000000
avance = -131.000000, avanceR = 2.000000, avanceI = 2.000000
inc_x_r = 0.000000, inc_y_r = 1.000000, inc_x_i = 1.000000, inc_y_i = 1.000000
En el else......

----------------------------------------
x = 55.000000, y = 75.000000
avance = -129.000000, avanceR = 2.000000, avanceI = 2.000000
inc_x_r = 0.000000, inc_y_r = 1.000000, inc_x_i = 1.000000, inc_y_i = 1.000000
En el else......

----------------------------------------
x = 55.000000, y = 76.000000
avance = -127.000000, avanceR = 2.000000, avanceI = 2.000000
inc_x_r = 0.000000, inc_y_r = 1.000000, inc_x_i = 1.000000, inc_y_i = 1.000000
En el else......

----------------------------------------
x = 55.000000, y = 77.000000
avance = -125.000000, avanceR = 2.000000, avanceI = 2.000000
inc_x_r = 0.000000, inc_y_r = 1.000000, inc_x_i = 1.000000, inc_y_i = 1.000000
En el else......

----------------------------------------
x = 55.000000, y = 78.000000
avance = -123.000000, avanceR = 2.000000, avanceI = 2.000000
inc_x_r = 0.000000, inc_y_r = 1.000000, inc_x_i = 1.000000, inc_y_i = 1.000000
En el else......

----------------------------------------
x = 55.000000, y = 79.000000
avance = -121.000000, avanceR = 2.000000, avanceI = 2.000000
inc_x_r = 0.000000, inc_y_r = 1.000000, inc_x_i = 1.000000, inc_y_i = 1.000000
En el else......

----------------------------------------
x = 55.000000, y = 80.000000
avance = -119.000000, avanceR = 2.000000, avanceI = 2.000000
inc_x_r = 0.000000, inc_y_r = 1.000000, inc_x_i = 1.000000, inc_y_i = 1.000000
En el else......

----------------------------------------
x = 55.000000, y = 81.000000
avance = -117.000000, avanceR = 2.000000, avanceI = 2.000000
inc_x_r = 0.000000, inc_y_r = 1.000000, inc_x_i = 1.000000, inc_y_i = 1.000000
En el else......

----------------------------------------
x = 55.000000, y = 82.000000
avance = -115.000000, avanceR = 2.000000, avanceI = 2.000000
inc_x_r = 0.000000, inc_y_r = 1.000000, inc_x_i = 1.000000, inc_y_i = 1.000000
En el else......

----------------------------------------
x = 55.000000, y = 83.000000
avance = -113.000000, avanceR = 2.000000, avanceI = 2.000000
inc_x_r = 0.000000, inc_y_r = 1.000000, inc_x_i = 1.000000, inc_y_i = 1.000000
En el else......

----------------------------------------
x = 55.000000, y = 84.000000
avance = -111.000000, avanceR = 2.000000, avanceI = 2.000000
inc_x_r = 0.000000, inc_y_r = 1.000000, inc_x_i = 1.000000, inc_y_i = 1.000000
En el else......

----------------------------------------
x = 55.000000, y = 85.000000
avance = -109.000000, avanceR = 2.000000, avanceI = 2.000000
inc_x_r = 0.000000, inc_y_r = 1.000000, inc_x_i = 1.000000, inc_y_i = 1.000000
En el else......

----------------------------------------
x = 55.000000, y = 86.000000
avance = -107.000000, avanceR = 2.000000, avanceI = 2.000000
inc_x_r = 0.000000, inc_y_r = 1.000000, inc_x_i = 1.000000, inc_y_i = 1.000000
En el else......

----------------------------------------
x = 55.000000, y = 87.000000
avance = -105.000000, avanceR = 2.000000, avanceI = 2.000000
inc_x_r = 0.000000, inc_y_r = 1.000000, inc_x_i = 1.000000, inc_y_i = 1.000000
En el else......

----------------------------------------
x = 55.000000, y = 88.000000
avance = -103.000000, avanceR = 2.000000, avanceI = 2.000000
inc_x_r = 0.000000, inc_y_r = 1.000000, inc_x_i = 1.000000, inc_y_i = 1.000000
En el else......

----------------------------------------
x = 55.000000, y = 89.000000
avance = -101.000000, avanceR = 2.000000, avanceI = 2.000000
inc_x_r = 0.000000, inc_y_r = 1.000000, inc_x_i = 1.000000, inc_y_i = 1.000000
En el else......

----------------------------------------
x = 55.000000, y = 90.000000
avance = -99.000000, avanceR = 2.000000, avanceI = 2.000000
inc_x_r = 0.000000, inc_y_r = 1.000000, inc_x_i = 1.000000, inc_y_i = 1.000000
En el else......

----------------------------------------
x = 55.000000, y = 91.000000
avance = -97.000000, avanceR = 2.000000, avanceI = 2.000000
inc_x_r = 0.000000, inc_y_r = 1.000000, inc_x_i = 1.000000, inc_y_i = 1.000000
En el else......

----------------------------------------
x = 55.000000, y = 92.000000
avance = -95.000000, avanceR = 2.000000, avanceI = 2.000000
inc_x_r = 0.000000, inc_y_r = 1.000000, inc_x_i = 1.000000, inc_y_i = 1.000000
En el else......

----------------------------------------
x = 55.000000, y = 93.000000
avance = -93.000000, avanceR = 2.000000, avanceI = 2.000000
inc_x_r = 0.000000, inc_y_r = 1.000000, inc_x_i = 1.000000, inc_y_i = 1.000000
En el else......

----------------------------------------
x = 55.000000, y = 94.000000
avance = -91.000000, avanceR = 2.000000, avanceI = 2.000000
inc_x_r = 0.000000, inc_y_r = 1.000000, inc_x_i = 1.000000, inc_y_i = 1.000000
En el else......

----------------------------------------
x = 55.000000, y = 95.000000
avance = -89.000000, avanceR = 2.000000, avanceI = 2.000000
inc_x_r = 0.000000, inc_y_r = 1.000000, inc_x_i = 1.000000, inc_y_i = 1.000000
En el else......

----------------------------------------
x = 55.000000, y = 96.000000
avance = -87.000000, avanceR = 2.000000, avanceI = 2.000000
inc_x_r = 0.000000, inc_y_r = 1.000000, inc_x_i = 1.000000, inc_y_i = 1.000000
En el else......

----------------------------------------
x = 55.000000, y = 97.000000
avance = -85.000000, avanceR = 2.000000, avanceI = 2.000000
inc_x_r = 0.000000, inc_y_r = 1.000000, inc_x_i = 1.000000, inc_y_i = 1.000000
En el else......

----------------------------------------
x = 55.000000, y = 98.000000
avance = -83.000000, avanceR = 2.000000, avanceI = 2.000000
inc_x_r = 0.000000, inc_y_r = 1.000000, inc_x_i = 1.000000, inc_y_i = 1.000000
En el else......

----------------------------------------
x = 55.000000, y = 99.000000
avance = -81.000000, avanceR = 2.000000, avanceI = 2.000000
inc_x_r = 0.000000, inc_y_r = 1.000000, inc_x_i = 1.000000, inc_y_i = 1.000000
En el else......

----------------------------------------
x = 55.000000, y = 100.000000
avance = -79.000000, avanceR = 2.000000, avanceI = 2.000000
inc_x_r = 0.000000, inc_y_r = 1.000000, inc_x_i = 1.000000, inc_y_i = 1.000000
En el else......

----------------------------------------
x = 55.000000, y = 101.000000
avance = -77.000000, avanceR = 2.000000, avanceI = 2.000000
inc_x_r = 0.000000, inc_y_r = 1.000000, inc_x_i = 1.000000, inc_y_i = 1.000000
En el else......

----------------------------------------
x = 55.000000, y = 102.000000
avance = -75.000000, avanceR = 2.000000, avanceI = 2.000000
inc_x_r = 0.000000, inc_y_r = 1.000000, inc_x_i = 1.000000, inc_y_i = 1.000000
En el else......

----------------------------------------
x = 55.000000, y = 103.000000
avance = -73.000000, avanceR = 2.000000, avanceI = 2.000000
inc_x_r = 0.000000, inc_y_r = 1.000000, inc_x_i = 1.000000, inc_y_i = 1.000000
En el else......

----------------------------------------
x = 55.000000, y = 104.000000
avance = -71.000000, avanceR = 2.000000, avanceI = 2.000000
inc_x_r = 0.000000, inc_y_r = 1.000000, inc_x_i = 1.000000, inc_y_i = 1.000000
En el else......

----------------------------------------
x = 55.000000, y = 105.000000
avance = -69.000000, avanceR = 2.000000, avanceI = 2.000000
inc_x_r = 0.000000, inc_y_r = 1.000000, inc_x_i = 1.000000, inc_y_i = 1.000000
En el else......

----------------------------------------
x = 55.000000, y = 106.000000
avance = -67.000000, avanceR = 2.000000, avanceI = 2.000000
inc_x_r = 0.000000, inc_y_r = 1.000000, inc_x_i = 1.000000, inc_y_i = 1.000000
En el else......

----------------------------------------
x = 55.000000, y = 107.000000
avance = -65.000000, avanceR = 2.000000, avanceI = 2.000000
inc_x_r = 0.000000, inc_y_r = 1.000000, inc_x_i = 1.000000, inc_y_i = 1.000000
En el else......

----------------------------------------
x = 55.000000, y = 108.000000
avance = -63.000000, avanceR = 2.000000, avanceI = 2.000000
inc_x_r = 0.000000, inc_y_r = 1.000000, inc_x_i = 1.000000, inc_y_i = 1.000000
En el else......

----------------------------------------
x = 55.000000, y = 109.000000
avance = -61.000000, avanceR = 2.000000, avanceI = 2.000000
inc_x_r = 0.000000, inc_y_r = 1.000000, inc_x_i = 1.000000, inc_y_i = 1.000000
En el else......

----------------------------------------
x = 55.000000, y = 110.000000
avance = -59.000000, avanceR = 2.000000, avanceI = 2.000000
inc_x_r = 0.000000, inc_y_r = 1.000000, inc_x_i = 1.000000, inc_y_i = 1.000000
En el else......

----------------------------------------
x = 55.000000, y = 111.000000
avance = -57.000000, avanceR = 2.000000, avanceI = 2.000000
inc_x_r = 0.000000, inc_y_r = 1.000000, inc_x_i = 1.000000, inc_y_i = 1.000000
En el else......

----------------------------------------
x = 55.000000, y = 112.000000
avance = -55.000000, avanceR = 2.000000, avanceI = 2.000000
inc_x_r = 0.000000, inc_y_r = 1.000000, inc_x_i = 1.000000, inc_y_i = 1.000000
En el else......

----------------------------------------
x = 55.000000, y = 113.000000
avance = -53.000000, avanceR = 2.000000, avanceI = 2.000000
inc_x_r = 0.000000, inc_y_r = 1.000000, inc_x_i = 1.000000, inc_y_i = 1.000000
En el else......

----------------------------------------
x = 55.000000, y = 114.000000
avance = -51.000000, avanceR = 2.000000, avanceI = 2.000000
inc_x_r = 0.000000, inc_y_r = 1.000000, inc_x_i = 1.000000, inc_y_i = 1.000000
En el else......

----------------------------------------
x = 55.000000, y = 115.000000
avance = -49.000000, avanceR = 2.000000, avanceI = 2.000000
inc_x_r = 0.000000, inc_y_r = 1.000000, inc_x_i = 1.000000, inc_y_i = 1.000000
En el else......

----------------------------------------
x = 55.000000, y = 116.000000
avance = -47.000000, avanceR = 2.000000, avanceI = 2.000000
inc_x_r = 0.000000, inc_y_r = 1.000000, inc_x_i = 1.000000, inc_y_i = 1.000000
En el else......

----------------------------------------
x = 55.000000, y = 117.000000
avance = -45.000000, avanceR = 2.000000, avanceI = 2.000000
inc_x_r = 0.000000, inc_y_r = 1.000000, inc_x_i = 1.000000, inc_y_i = 1.000000
En el else......

----------------------------------------
x = 55.000000, y = 118.000000
avance = -43.000000, avanceR = 2.000000, avanceI = 2.000000
inc_x_r = 0.000000, inc_y_r = 1.000000, inc_x_i = 1.000000, inc_y_i = 1.000000
En el else......

----------------------------------------
x = 55.000000, y = 119.000000
avance = -41.000000, avanceR = 2.000000, avanceI = 2.000000
inc_x_r = 0.000000, inc_y_r = 1.000000, inc_x_i = 1.000000, inc_y_i = 1.000000
En el else......

----------------------------------------
x = 55.000000, y = 120.000000
avance = -39.000000, avanceR = 2.000000, avanceI = 2.000000
inc_x_r = 0.000000, inc_y_r = 1.000000, inc_x_i = 1.000000, inc_y_i = 1.000000
En el else......

----------------------------------------
x = 55.000000, y = 121.000000
avance = -37.000000, avanceR = 2.000000, avanceI = 2.000000
inc_x_r = 0.000000, inc_y_r = 1.000000, inc_x_i = 1.000000, inc_y_i = 1.000000
En el else......

----------------------------------------
x = 55.000000, y = 122.000000
avance = -35.000000, avanceR = 2.000000, avanceI = 2.000000
inc_x_r = 0.000000, inc_y_r = 1.000000, inc_x_i = 1.000000, inc_y_i = 1.000000
En el else......

----------------------------------------
x = 55.000000, y = 123.000000
avance = -33.000000, avanceR = 2.000000, avanceI = 2.000000
inc_x_r = 0.000000, inc_y_r = 1.000000, inc_x_i = 1.000000, inc_y_i = 1.000000
En el else......

----------------------------------------
x = 55.000000, y = 124.000000
avance = -31.000000, avanceR = 2.000000, avanceI = 2.000000
inc_x_r = 0.000000, inc_y_r = 1.000000, inc_x_i = 1.000000, inc_y_i = 1.000000
En el else......

----------------------------------------
x = 55.000000, y = 125.000000
avance = -29.000000, avanceR = 2.000000, avanceI = 2.000000
inc_x_r = 0.000000, inc_y_r = 1.000000, inc_x_i = 1.000000, inc_y_i = 1.000000
En el else......

----------------------------------------
x = 55.000000, y = 126.000000
avance = -27.000000, avanceR = 2.000000, avanceI = 2.000000
inc_x_r = 0.000000, inc_y_r = 1.000000, inc_x_i = 1.000000, inc_y_i = 1.000000
En el else......

----------------------------------------
x = 55.000000, y = 127.000000
avance = -25.000000, avanceR = 2.000000, avanceI = 2.000000
inc_x_r = 0.000000, inc_y_r = 1.000000, inc_x_i = 1.000000, inc_y_i = 1.000000
En el else......

----------------------------------------
x = 55.000000, y = 128.000000
avance = -23.000000, avanceR = 2.000000, avanceI = 2.000000
inc_x_r = 0.000000, inc_y_r = 1.000000, inc_x_i = 1.000000, inc_y_i = 1.000000
En el else......

----------------------------------------
x = 55.000000, y = 129.000000
avance = -21.000000, avanceR = 2.000000, avanceI = 2.000000
inc_x_r = 0.000000, inc_y_r = 1.000000, inc_x_i = 1.000000, inc_y_i = 1.000000
En el else......

----------------------------------------
x = 55.000000, y = 130.000000
avance = -19.000000, avanceR = 2.000000, avanceI = 2.000000
inc_x_r = 0.000000, inc_y_r = 1.000000, inc_x_i = 1.000000, inc_y_i = 1.000000
En el else......

----------------------------------------
x = 55.000000, y = 131.000000
avance = -17.000000, avanceR = 2.000000, avanceI = 2.000000
inc_x_r = 0.000000, inc_y_r = 1.000000, inc_x_i = 1.000000, inc_y_i = 1.000000
En el else......

----------------------------------------
x = 55.000000, y = 132.000000
avance = -15.000000, avanceR = 2.000000, avanceI = 2.000000
inc_x_r = 0.000000, inc_y_r = 1.000000, inc_x_i = 1.000000, inc_y_i = 1.000000
En el else......

----------------------------------------
x = 55.000000, y = 133.000000
avance = -13.000000, avanceR = 2.000000, avanceI = 2.000000
inc_x_r = 0.000000, inc_y_r = 1.000000, inc_x_i = 1.000000, inc_y_i = 1.000000
En el else......

----------------------------------------
x = 55.000000, y = 134.000000
avance = -11.000000, avanceR = 2.000000, avanceI = 2.000000
inc_x_r = 0.000000, inc_y_r = 1.000000, inc_x_i = 1.000000, inc_y_i = 1.000000
En el else......

----------------------------------------
x = 55.000000, y = 135.000000
avance = -9.000000, avanceR = 2.000000, avanceI = 2.000000
inc_x_r = 0.000000, inc_y_r = 1.000000, inc_x_i = 1.000000, inc_y_i = 1.000000
En el else......

----------------------------------------
x = 55.000000, y = 136.000000
avance = -7.000000, avanceR = 2.000000, avanceI = 2.000000
inc_x_r = 0.000000, inc_y_r = 1.000000, inc_x_i = 1.000000, inc_y_i = 1.000000
En el else......

----------------------------------------
x = 55.000000, y = 137.000000
avance = -5.000000, avanceR = 2.000000, avanceI = 2.000000
inc_x_r = 0.000000, inc_y_r = 1.000000, inc_x_i = 1.000000, inc_y_i = 1.000000
En el else......

----------------------------------------
x = 55.000000, y = 138.000000
avance = -3.000000, avanceR = 2.000000, avanceI = 2.000000
inc_x_r = 0.000000, inc_y_r = 1.000000, inc_x_i = 1.000000, inc_y_i = 1.000000
En el else......

----------------------------------------
x = 55.000000, y = 139.000000
avance = -1.000000, avanceR = 2.000000, avanceI = 2.000000
inc_x_r = 0.000000, inc_y_r = 1.000000, inc_x_i = 1.000000, inc_y_i = 1.000000
En el else......

----------------------------------------
x = 55.000000, y = 140.000000
avance = 1.000000, avanceR = 2.000000, avanceI = 2.000000
inc_x_r = 0.000000, inc_y_r = 1.000000, inc_x_i = 1.000000, inc_y_i = 1.000000
avance >= 0

----------------------------------------
x = 56.000000, y = 141.000000
avance = -499.000000, avanceR = 2.000000, avanceI = 2.000000
inc_x_r = 0.000000, inc_y_r = 1.000000, inc_x_i = 1.000000, inc_y_i = 1.000000
En el else......

----------------------------------------
x = 56.000000, y = 142.000000
avance = -497.000000, avanceR = 2.000000, avanceI = 2.000000
inc_x_r = 0.000000, inc_y_r = 1.000000, inc_x_i = 1.000000, inc_y_i = 1.000000
En el else......

----------------------------------------
x = 56.000000, y = 143.000000
avance = -495.000000, avanceR = 2.000000, avanceI = 2.000000
inc_x_r = 0.000000, inc_y_r = 1.000000, inc_x_i = 1.000000, inc_y_i = 1.000000
En el else......

----------------------------------------
x = 56.000000, y = 144.000000
avance = -493.000000, avanceR = 2.000000, avanceI = 2.000000
inc_x_r = 0.000000, inc_y_r = 1.000000, inc_x_i = 1.000000, inc_y_i = 1.000000
En el else......

----------------------------------------
x = 56.000000, y = 145.000000
avance = -491.000000, avanceR = 2.000000, avanceI = 2.000000
inc_x_r = 0.000000, inc_y_r = 1.000000, inc_x_i = 1.000000, inc_y_i = 1.000000
En el else......

----------------------------------------
x = 56.000000, y = 146.000000
avance = -489.000000, avanceR = 2.000000, avanceI = 2.000000
inc_x_r = 0.000000, inc_y_r = 1.000000, inc_x_i = 1.000000, inc_y_i = 1.000000
En el else......

----------------------------------------
x = 56.000000, y = 147.000000
avance = -487.000000, avanceR = 2.000000, avanceI = 2.000000
inc_x_r = 0.000000, inc_y_r = 1.000000, inc_x_i = 1.000000, inc_y_i = 1.000000
En el else......

----------------------------------------
x = 56.000000, y = 148.000000
avance = -485.000000, avanceR = 2.000000, avanceI = 2.000000
inc_x_r = 0.000000, inc_y_r = 1.000000, inc_x_i = 1.000000, inc_y_i = 1.000000
En el else......

----------------------------------------
x = 56.000000, y = 149.000000
avance = -483.000000, avanceR = 2.000000, avanceI = 2.000000
inc_x_r = 0.000000, inc_y_r = 1.000000, inc_x_i = 1.000000, inc_y_i = 1.000000
En el else......

----------------------------------------
x = 56.000000, y = 150.000000
avance = -481.000000, avanceR = 2.000000, avanceI = 2.000000
inc_x_r = 0.000000, inc_y_r = 1.000000, inc_x_i = 1.000000, inc_y_i = 1.000000
En el else......

----------------------------------------
x = 56.000000, y = 151.000000
avance = -479.000000, avanceR = 2.000000, avanceI = 2.000000
inc_x_r = 0.000000, inc_y_r = 1.000000, inc_x_i = 1.000000, inc_y_i = 1.000000
En el else......

----------------------------------------
x = 56.000000, y = 152.000000
avance = -477.000000, avanceR = 2.000000, avanceI = 2.000000
inc_x_r = 0.000000, inc_y_r = 1.000000, inc_x_i = 1.000000, inc_y_i = 1.000000
En el else......

----------------------------------------
x = 56.000000, y = 153.000000
avance = -475.000000, avanceR = 2.000000, avanceI = 2.000000
inc_x_r = 0.000000, inc_y_r = 1.000000, inc_x_i = 1.000000, inc_y_i = 1.000000
En el else......

----------------------------------------
x = 56.000000, y = 154.000000
avance = -473.000000, avanceR = 2.000000, avanceI = 2.000000
inc_x_r = 0.000000, inc_y_r = 1.000000, inc_x_i = 1.000000, inc_y_i = 1.000000
En el else......

----------------------------------------
x = 56.000000, y = 155.000000
avance = -471.000000, avanceR = 2.000000, avanceI = 2.000000
inc_x_r = 0.000000, inc_y_r = 1.000000, inc_x_i = 1.000000, inc_y_i = 1.000000
En el else......

----------------------------------------
x = 56.000000, y = 156.000000
avance = -469.000000, avanceR = 2.000000, avanceI = 2.000000
inc_x_r = 0.000000, inc_y_r = 1.000000, inc_x_i = 1.000000, inc_y_i = 1.000000
En el else......

----------------------------------------
x = 56.000000, y = 157.000000
avance = -467.000000, avanceR = 2.000000, avanceI = 2.000000
inc_x_r = 0.000000, inc_y_r = 1.000000, inc_x_i = 1.000000, inc_y_i = 1.000000
En el else......

----------------------------------------
x = 56.000000, y = 158.000000
avance = -465.000000, avanceR = 2.000000, avanceI = 2.000000
inc_x_r = 0.000000, inc_y_r = 1.000000, inc_x_i = 1.000000, inc_y_i = 1.000000
En el else......

----------------------------------------
x = 56.000000, y = 159.000000
avance = -463.000000, avanceR = 2.000000, avanceI = 2.000000
inc_x_r = 0.000000, inc_y_r = 1.000000, inc_x_i = 1.000000, inc_y_i = 1.000000
En el else......

----------------------------------------
x = 56.000000, y = 160.000000
avance = -461.000000, avanceR = 2.000000, avanceI = 2.000000
inc_x_r = 0.000000, inc_y_r = 1.000000, inc_x_i = 1.000000, inc_y_i = 1.000000
En el else......

----------------------------------------
x = 56.000000, y = 161.000000
avance = -459.000000, avanceR = 2.000000, avanceI = 2.000000
inc_x_r = 0.000000, inc_y_r = 1.000000, inc_x_i = 1.000000, inc_y_i = 1.000000
En el else......

----------------------------------------
x = 56.000000, y = 162.000000
avance = -457.000000, avanceR = 2.000000, avanceI = 2.000000
inc_x_r = 0.000000, inc_y_r = 1.000000, inc_x_i = 1.000000, inc_y_i = 1.000000
En el else......

----------------------------------------
x = 56.000000, y = 163.000000
avance = -455.000000, avanceR = 2.000000, avanceI = 2.000000
inc_x_r = 0.000000, inc_y_r = 1.000000, inc_x_i = 1.000000, inc_y_i = 1.000000
En el else......

----------------------------------------
x = 56.000000, y = 164.000000
avance = -453.000000, avanceR = 2.000000, avanceI = 2.000000
inc_x_r = 0.000000, inc_y_r = 1.000000, inc_x_i = 1.000000, inc_y_i = 1.000000
En el else......

----------------------------------------
x = 56.000000, y = 165.000000
avance = -451.000000, avanceR = 2.000000, avanceI = 2.000000
inc_x_r = 0.000000, inc_y_r = 1.000000, inc_x_i = 1.000000, inc_y_i = 1.000000
En el else......

----------------------------------------
x = 56.000000, y = 166.000000
avance = -449.000000, avanceR = 2.000000, avanceI = 2.000000
inc_x_r = 0.000000, inc_y_r = 1.000000, inc_x_i = 1.000000, inc_y_i = 1.000000
En el else......

----------------------------------------
x = 56.000000, y = 167.000000
avance = -447.000000, avanceR = 2.000000, avanceI = 2.000000
inc_x_r = 0.000000, inc_y_r = 1.000000, inc_x_i = 1.000000, inc_y_i = 1.000000
En el else......

----------------------------------------
x = 56.000000, y = 168.000000
avance = -445.000000, avanceR = 2.000000, avanceI = 2.000000
inc_x_r = 0.000000, inc_y_r = 1.000000, inc_x_i = 1.000000, inc_y_i = 1.000000
En el else......

----------------------------------------
x = 56.000000, y = 169.000000
avance = -443.000000, avanceR = 2.000000, avanceI = 2.000000
inc_x_r = 0.000000, inc_y_r = 1.000000, inc_x_i = 1.000000, inc_y_i = 1.000000
En el else......

----------------------------------------
x = 56.000000, y = 170.000000
avance = -441.000000, avanceR = 2.000000, avanceI = 2.000000
inc_x_r = 0.000000, inc_y_r = 1.000000, inc_x_i = 1.000000, inc_y_i = 1.000000
En el else......

----------------------------------------
x = 56.000000, y = 171.000000
avance = -439.000000, avanceR = 2.000000, avanceI = 2.000000
inc_x_r = 0.000000, inc_y_r = 1.000000, inc_x_i = 1.000000, inc_y_i = 1.000000
En el else......

----------------------------------------
x = 56.000000, y = 172.000000
avance = -437.000000, avanceR = 2.000000, avanceI = 2.000000
inc_x_r = 0.000000, inc_y_r = 1.000000, inc_x_i = 1.000000, inc_y_i = 1.000000
En el else......

----------------------------------------
x = 56.000000, y = 173.000000
avance = -435.000000, avanceR = 2.000000, avanceI = 2.000000
inc_x_r = 0.000000, inc_y_r = 1.000000, inc_x_i = 1.000000, inc_y_i = 1.000000
En el else......

----------------------------------------
x = 56.000000, y = 174.000000
avance = -433.000000, avanceR = 2.000000, avanceI = 2.000000
inc_x_r = 0.000000, inc_y_r = 1.000000, inc_x_i = 1.000000, inc_y_i = 1.000000
En el else......

----------------------------------------
x = 56.000000, y = 175.000000
avance = -431.000000, avanceR = 2.000000, avanceI = 2.000000
inc_x_r = 0.000000, inc_y_r = 1.000000, inc_x_i = 1.000000, inc_y_i = 1.000000
En el else......

----------------------------------------
x = 56.000000, y = 176.000000
avance = -429.000000, avanceR = 2.000000, avanceI = 2.000000
inc_x_r = 0.000000, inc_y_r = 1.000000, inc_x_i = 1.000000, inc_y_i = 1.000000
En el else......

----------------------------------------
x = 56.000000, y = 177.000000
avance = -427.000000, avanceR = 2.000000, avanceI = 2.000000
inc_x_r = 0.000000, inc_y_r = 1.000000, inc_x_i = 1.000000, inc_y_i = 1.000000
En el else......

----------------------------------------
x = 56.000000, y = 178.000000
avance = -425.000000, avanceR = 2.000000, avanceI = 2.000000
inc_x_r = 0.000000, inc_y_r = 1.000000, inc_x_i = 1.000000, inc_y_i = 1.000000
En el else......

----------------------------------------
x = 56.000000, y = 179.000000
avance = -423.000000, avanceR = 2.000000, avanceI = 2.000000
inc_x_r = 0.000000, inc_y_r = 1.000000, inc_x_i = 1.000000, inc_y_i = 1.000000
En el else......

----------------------------------------
x = 56.000000, y = 180.000000
avance = -421.000000, avanceR = 2.000000, avanceI = 2.000000
inc_x_r = 0.000000, inc_y_r = 1.000000, inc_x_i = 1.000000, inc_y_i = 1.000000
En el else......

----------------------------------------
x = 56.000000, y = 181.000000
avance = -419.000000, avanceR = 2.000000, avanceI = 2.000000
inc_x_r = 0.000000, inc_y_r = 1.000000, inc_x_i = 1.000000, inc_y_i = 1.000000
En el else......

----------------------------------------
x = 56.000000, y = 182.000000
avance = -417.000000, avanceR = 2.000000, avanceI = 2.000000
inc_x_r = 0.000000, inc_y_r = 1.000000, inc_x_i = 1.000000, inc_y_i = 1.000000
En el else......

----------------------------------------
x = 56.000000, y = 183.000000
avance = -415.000000, avanceR = 2.000000, avanceI = 2.000000
inc_x_r = 0.000000, inc_y_r = 1.000000, inc_x_i = 1.000000, inc_y_i = 1.000000
En el else......

----------------------------------------
x = 56.000000, y = 184.000000
avance = -413.000000, avanceR = 2.000000, avanceI = 2.000000
inc_x_r = 0.000000, inc_y_r = 1.000000, inc_x_i = 1.000000, inc_y_i = 1.000000
En el else......

----------------------------------------
x = 56.000000, y = 185.000000
avance = -411.000000, avanceR = 2.000000, avanceI = 2.000000
inc_x_r = 0.000000, inc_y_r = 1.000000, inc_x_i = 1.000000, inc_y_i = 1.000000
En el else......

----------------------------------------
x = 56.000000, y = 186.000000
avance = -409.000000, avanceR = 2.000000, avanceI = 2.000000
inc_x_r = 0.000000, inc_y_r = 1.000000, inc_x_i = 1.000000, inc_y_i = 1.000000
En el else......

----------------------------------------
x = 56.000000, y = 187.000000
avance = -407.000000, avanceR = 2.000000, avanceI = 2.000000
inc_x_r = 0.000000, inc_y_r = 1.000000, inc_x_i = 1.000000, inc_y_i = 1.000000
En el else......

----------------------------------------
x = 56.000000, y = 188.000000
avance = -405.000000, avanceR = 2.000000, avanceI = 2.000000
inc_x_r = 0.000000, inc_y_r = 1.000000, inc_x_i = 1.000000, inc_y_i = 1.000000
En el else......

----------------------------------------
x = 56.000000, y = 189.000000
avance = -403.000000, avanceR = 2.000000, avanceI = 2.000000
inc_x_r = 0.000000, inc_y_r = 1.000000, inc_x_i = 1.000000, inc_y_i = 1.000000
En el else......

----------------------------------------
x = 56.000000, y = 190.000000
avance = -401.000000, avanceR = 2.000000, avanceI = 2.000000
inc_x_r = 0.000000, inc_y_r = 1.000000, inc_x_i = 1.000000, inc_y_i = 1.000000
En el else......

----------------------------------------
x = 56.000000, y = 191.000000
avance = -399.000000, avanceR = 2.000000, avanceI = 2.000000
inc_x_r = 0.000000, inc_y_r = 1.000000, inc_x_i = 1.000000, inc_y_i = 1.000000
En el else......

----------------------------------------
x = 56.000000, y = 192.000000
avance = -397.000000, avanceR = 2.000000, avanceI = 2.000000
inc_x_r = 0.000000, inc_y_r = 1.000000, inc_x_i = 1.000000, inc_y_i = 1.000000
En el else......

----------------------------------------
x = 56.000000, y = 193.000000
avance = -395.000000, avanceR = 2.000000, avanceI = 2.000000
inc_x_r = 0.000000, inc_y_r = 1.000000, inc_x_i = 1.000000, inc_y_i = 1.000000
En el else......

----------------------------------------
x = 56.000000, y = 194.000000
avance = -393.000000, avanceR = 2.000000, avanceI = 2.000000
inc_x_r = 0.000000, inc_y_r = 1.000000, inc_x_i = 1.000000, inc_y_i = 1.000000
En el else......

----------------------------------------
x = 56.000000, y = 195.000000
avance = -391.000000, avanceR = 2.000000, avanceI = 2.000000
inc_x_r = 0.000000, inc_y_r = 1.000000, inc_x_i = 1.000000, inc_y_i = 1.000000
En el else......

----------------------------------------
x = 56.000000, y = 196.000000
avance = -389.000000, avanceR = 2.000000, avanceI = 2.000000
inc_x_r = 0.000000, inc_y_r = 1.000000, inc_x_i = 1.000000, inc_y_i = 1.000000
En el else......

----------------------------------------
x = 56.000000, y = 197.000000
avance = -387.000000, avanceR = 2.000000, avanceI = 2.000000
inc_x_r = 0.000000, inc_y_r = 1.000000, inc_x_i = 1.000000, inc_y_i = 1.000000
En el else......

----------------------------------------
x = 56.000000, y = 198.000000
avance = -385.000000, avanceR = 2.000000, avanceI = 2.000000
inc_x_r = 0.000000, inc_y_r = 1.000000, inc_x_i = 1.000000, inc_y_i = 1.000000
En el else......

----------------------------------------
x = 56.000000, y = 199.000000
avance = -383.000000, avanceR = 2.000000, avanceI = 2.000000
inc_x_r = 0.000000, inc_y_r = 1.000000, inc_x_i = 1.000000, inc_y_i = 1.000000
En el else......

----------------------------------------
x = 56.000000, y = 200.000000
avance = -381.000000, avanceR = 2.000000, avanceI = 2.000000
inc_x_r = 0.000000, inc_y_r = 1.000000, inc_x_i = 1.000000, inc_y_i = 1.000000
En el else......

----------------------------------------
x = 56.000000, y = 201.000000
avance = -379.000000, avanceR = 2.000000, avanceI = 2.000000
inc_x_r = 0.000000, inc_y_r = 1.000000, inc_x_i = 1.000000, inc_y_i = 1.000000
En el else......

----------------------------------------
x = 56.000000, y = 202.000000
avance = -377.000000, avanceR = 2.000000, avanceI = 2.000000
inc_x_r = 0.000000, inc_y_r = 1.000000, inc_x_i = 1.000000, inc_y_i = 1.000000
En el else......

----------------------------------------
x = 56.000000, y = 203.000000
avance = -375.000000, avanceR = 2.000000, avanceI = 2.000000
inc_x_r = 0.000000, inc_y_r = 1.000000, inc_x_i = 1.000000, inc_y_i = 1.000000
En el else......

----------------------------------------
x = 56.000000, y = 204.000000
avance = -373.000000, avanceR = 2.000000, avanceI = 2.000000
inc_x_r = 0.000000, inc_y_r = 1.000000, inc_x_i = 1.000000, inc_y_i = 1.000000
En el else......

----------------------------------------
x = 56.000000, y = 205.000000
avance = -371.000000, avanceR = 2.000000, avanceI = 2.000000
inc_x_r = 0.000000, inc_y_r = 1.000000, inc_x_i = 1.000000, inc_y_i = 1.000000
En el else......

----------------------------------------
x = 56.000000, y = 206.000000
avance = -369.000000, avanceR = 2.000000, avanceI = 2.000000
inc_x_r = 0.000000, inc_y_r = 1.000000, inc_x_i = 1.000000, inc_y_i = 1.000000
En el else......

----------------------------------------
x = 56.000000, y = 207.000000
avance = -367.000000, avanceR = 2.000000, avanceI = 2.000000
inc_x_r = 0.000000, inc_y_r = 1.000000, inc_x_i = 1.000000, inc_y_i = 1.000000
En el else......

----------------------------------------
x = 56.000000, y = 208.000000
avance = -365.000000, avanceR = 2.000000, avanceI = 2.000000
inc_x_r = 0.000000, inc_y_r = 1.000000, inc_x_i = 1.000000, inc_y_i = 1.000000
En el else......

----------------------------------------
x = 56.000000, y = 209.000000
avance = -363.000000, avanceR = 2.000000, avanceI = 2.000000
inc_x_r = 0.000000, inc_y_r = 1.000000, inc_x_i = 1.000000, inc_y_i = 1.000000
En el else......

----------------------------------------
x = 56.000000, y = 210.000000
avance = -361.000000, avanceR = 2.000000, avanceI = 2.000000
inc_x_r = 0.000000, inc_y_r = 1.000000, inc_x_i = 1.000000, inc_y_i = 1.000000
En el else......

----------------------------------------
x = 56.000000, y = 211.000000
avance = -359.000000, avanceR = 2.000000, avanceI = 2.000000
inc_x_r = 0.000000, inc_y_r = 1.000000, inc_x_i = 1.000000, inc_y_i = 1.000000
En el else......

----------------------------------------
x = 56.000000, y = 212.000000
avance = -357.000000, avanceR = 2.000000, avanceI = 2.000000
inc_x_r = 0.000000, inc_y_r = 1.000000, inc_x_i = 1.000000, inc_y_i = 1.000000
En el else......

----------------------------------------
x = 56.000000, y = 213.000000
avance = -355.000000, avanceR = 2.000000, avanceI = 2.000000
inc_x_r = 0.000000, inc_y_r = 1.000000, inc_x_i = 1.000000, inc_y_i = 1.000000
En el else......

----------------------------------------
x = 56.000000, y = 214.000000
avance = -353.000000, avanceR = 2.000000, avanceI = 2.000000
inc_x_r = 0.000000, inc_y_r = 1.000000, inc_x_i = 1.000000, inc_y_i = 1.000000
En el else......

----------------------------------------
x = 56.000000, y = 215.000000
avance = -351.000000, avanceR = 2.000000, avanceI = 2.000000
inc_x_r = 0.000000, inc_y_r = 1.000000, inc_x_i = 1.000000, inc_y_i = 1.000000
En el else......

----------------------------------------
x = 56.000000, y = 216.000000
avance = -349.000000, avanceR = 2.000000, avanceI = 2.000000
inc_x_r = 0.000000, inc_y_r = 1.000000, inc_x_i = 1.000000, inc_y_i = 1.000000
En el else......

----------------------------------------
x = 56.000000, y = 217.000000
avance = -347.000000, avanceR = 2.000000, avanceI = 2.000000
inc_x_r = 0.000000, inc_y_r = 1.000000, inc_x_i = 1.000000, inc_y_i = 1.000000
En el else......

----------------------------------------
x = 56.000000, y = 218.000000
avance = -345.000000, avanceR = 2.000000, avanceI = 2.000000
inc_x_r = 0.000000, inc_y_r = 1.000000, inc_x_i = 1.000000, inc_y_i = 1.000000
En el else......

----------------------------------------
x = 56.000000, y = 219.000000
avance = -343.000000, avanceR = 2.000000, avanceI = 2.000000
inc_x_r = 0.000000, inc_y_r = 1.000000, inc_x_i = 1.000000, inc_y_i = 1.000000
En el else......

----------------------------------------
x = 56.000000, y = 220.000000
avance = -341.000000, avanceR = 2.000000, avanceI = 2.000000
inc_x_r = 0.000000, inc_y_r = 1.000000, inc_x_i = 1.000000, inc_y_i = 1.000000
En el else......

----------------------------------------
x = 56.000000, y = 221.000000
avance = -339.000000, avanceR = 2.000000, avanceI = 2.000000
inc_x_r = 0.000000, inc_y_r = 1.000000, inc_x_i = 1.000000, inc_y_i = 1.000000
En el else......

----------------------------------------
x = 56.000000, y = 222.000000
avance = -337.000000, avanceR = 2.000000, avanceI = 2.000000
inc_x_r = 0.000000, inc_y_r = 1.000000, inc_x_i = 1.000000, inc_y_i = 1.000000
En el else......

----------------------------------------
x = 56.000000, y = 223.000000
avance = -335.000000, avanceR = 2.000000, avanceI = 2.000000
inc_x_r = 0.000000, inc_y_r = 1.000000, inc_x_i = 1.000000, inc_y_i = 1.000000
En el else......

----------------------------------------
x = 56.000000, y = 224.000000
avance = -333.000000, avanceR = 2.000000, avanceI = 2.000000
inc_x_r = 0.000000, inc_y_r = 1.000000, inc_x_i = 1.000000, inc_y_i = 1.000000
En el else......

----------------------------------------
x = 56.000000, y = 225.000000
avance = -331.000000, avanceR = 2.000000, avanceI = 2.000000
inc_x_r = 0.000000, inc_y_r = 1.000000, inc_x_i = 1.000000, inc_y_i = 1.000000
En el else......

----------------------------------------
x = 56.000000, y = 226.000000
avance = -329.000000, avanceR = 2.000000, avanceI = 2.000000
inc_x_r = 0.000000, inc_y_r = 1.000000, inc_x_i = 1.000000, inc_y_i = 1.000000
En el else......

----------------------------------------
x = 56.000000, y = 227.000000
avance = -327.000000, avanceR = 2.000000, avanceI = 2.000000
inc_x_r = 0.000000, inc_y_r = 1.000000, inc_x_i = 1.000000, inc_y_i = 1.000000
En el else......

----------------------------------------
x = 56.000000, y = 228.000000
avance = -325.000000, avanceR = 2.000000, avanceI = 2.000000
inc_x_r = 0.000000, inc_y_r = 1.000000, inc_x_i = 1.000000, inc_y_i = 1.000000
En el else......

----------------------------------------
x = 56.000000, y = 229.000000
avance = -323.000000, avanceR = 2.000000, avanceI = 2.000000
inc_x_r = 0.000000, inc_y_r = 1.000000, inc_x_i = 1.000000, inc_y_i = 1.000000
En el else......

----------------------------------------
x = 56.000000, y = 230.000000
avance = -321.000000, avanceR = 2.000000, avanceI = 2.000000
inc_x_r = 0.000000, inc_y_r = 1.000000, inc_x_i = 1.000000, inc_y_i = 1.000000
En el else......

----------------------------------------
x = 56.000000, y = 231.000000
avance = -319.000000, avanceR = 2.000000, avanceI = 2.000000
inc_x_r = 0.000000, inc_y_r = 1.000000, inc_x_i = 1.000000, inc_y_i = 1.000000
En el else......

----------------------------------------
x = 56.000000, y = 232.000000
avance = -317.000000, avanceR = 2.000000, avanceI = 2.000000
inc_x_r = 0.000000, inc_y_r = 1.000000, inc_x_i = 1.000000, inc_y_i = 1.000000
En el else......

----------------------------------------
x = 56.000000, y = 233.000000
avance = -315.000000, avanceR = 2.000000, avanceI = 2.000000
inc_x_r = 0.000000, inc_y_r = 1.000000, inc_x_i = 1.000000, inc_y_i = 1.000000
En el else......

----------------------------------------
x = 56.000000, y = 234.000000
avance = -313.000000, avanceR = 2.000000, avanceI = 2.000000
inc_x_r = 0.000000, inc_y_r = 1.000000, inc_x_i = 1.000000, inc_y_i = 1.000000
En el else......

----------------------------------------
x = 56.000000, y = 235.000000
avance = -311.000000, avanceR = 2.000000, avanceI = 2.000000
inc_x_r = 0.000000, inc_y_r = 1.000000, inc_x_i = 1.000000, inc_y_i = 1.000000
En el else......

----------------------------------------
x = 56.000000, y = 236.000000
avance = -309.000000, avanceR = 2.000000, avanceI = 2.000000
inc_x_r = 0.000000, inc_y_r = 1.000000, inc_x_i = 1.000000, inc_y_i = 1.000000
En el else......

----------------------------------------
x = 56.000000, y = 237.000000
avance = -307.000000, avanceR = 2.000000, avanceI = 2.000000
inc_x_r = 0.000000, inc_y_r = 1.000000, inc_x_i = 1.000000, inc_y_i = 1.000000
En el else......

----------------------------------------
x = 56.000000, y = 238.000000
avance = -305.000000, avanceR = 2.000000, avanceI = 2.000000
inc_x_r = 0.000000, inc_y_r = 1.000000, inc_x_i = 1.000000, inc_y_i = 1.000000
En el else......

----------------------------------------
x = 56.000000, y = 239.000000
avance = -303.000000, avanceR = 2.000000, avanceI = 2.000000
inc_x_r = 0.000000, inc_y_r = 1.000000, inc_x_i = 1.000000, inc_y_i = 1.000000
En el else......

----------------------------------------
x = 56.000000, y = 240.000000
avance = -301.000000, avanceR = 2.000000, avanceI = 2.000000
inc_x_r = 0.000000, inc_y_r = 1.000000, inc_x_i = 1.000000, inc_y_i = 1.000000
En el else......

----------------------------------------
x = 56.000000, y = 241.000000
avance = -299.000000, avanceR = 2.000000, avanceI = 2.000000
inc_x_r = 0.000000, inc_y_r = 1.000000, inc_x_i = 1.000000, inc_y_i = 1.000000
En el else......

----------------------------------------
x = 56.000000, y = 242.000000
avance = -297.000000, avanceR = 2.000000, avanceI = 2.000000
inc_x_r = 0.000000, inc_y_r = 1.000000, inc_x_i = 1.000000, inc_y_i = 1.000000
En el else......

----------------------------------------
x = 56.000000, y = 243.000000
avance = -295.000000, avanceR = 2.000000, avanceI = 2.000000
inc_x_r = 0.000000, inc_y_r = 1.000000, inc_x_i = 1.000000, inc_y_i = 1.000000
En el else......

----------------------------------------
x = 56.000000, y = 244.000000
avance = -293.000000, avanceR = 2.000000, avanceI = 2.000000
inc_x_r = 0.000000, inc_y_r = 1.000000, inc_x_i = 1.000000, inc_y_i = 1.000000
En el else......

----------------------------------------
x = 56.000000, y = 245.000000
avance = -291.000000, avanceR = 2.000000, avanceI = 2.000000
inc_x_r = 0.000000, inc_y_r = 1.000000, inc_x_i = 1.000000, inc_y_i = 1.000000
En el else......

----------------------------------------
x = 56.000000, y = 246.000000
avance = -289.000000, avanceR = 2.000000, avanceI = 2.000000
inc_x_r = 0.000000, inc_y_r = 1.000000, inc_x_i = 1.000000, inc_y_i = 1.000000
En el else......

----------------------------------------
x = 56.000000, y = 247.000000
avance = -287.000000, avanceR = 2.000000, avanceI = 2.000000
inc_x_r = 0.000000, inc_y_r = 1.000000, inc_x_i = 1.000000, inc_y_i = 1.000000
En el else......

----------------------------------------
x = 56.000000, y = 248.000000
avance = -285.000000, avanceR = 2.000000, avanceI = 2.000000
inc_x_r = 0.000000, inc_y_r = 1.000000, inc_x_i = 1.000000, inc_y_i = 1.000000
En el else......

----------------------------------------
x = 56.000000, y = 249.000000
avance = -283.000000, avanceR = 2.000000, avanceI = 2.000000
inc_x_r = 0.000000, inc_y_r = 1.000000, inc_x_i = 1.000000, inc_y_i = 1.000000
En el else......

----------------------------------------
x = 56.000000, y = 250.000000
avance = -281.000000, avanceR = 2.000000, avanceI = 2.000000
inc_x_r = 0.000000, inc_y_r = 1.000000, inc_x_i = 1.000000, inc_y_i = 1.000000
En el else......

----------------------------------------
x = 56.000000, y = 251.000000
avance = -279.000000, avanceR = 2.000000, avanceI = 2.000000
inc_x_r = 0.000000, inc_y_r = 1.000000, inc_x_i = 1.000000, inc_y_i = 1.000000
En el else......

----------------------------------------
x = 56.000000, y = 252.000000
avance = -277.000000, avanceR = 2.000000, avanceI = 2.000000
inc_x_r = 0.000000, inc_y_r = 1.000000, inc_x_i = 1.000000, inc_y_i = 1.000000
En el else......

----------------------------------------
x = 56.000000, y = 253.000000
avance = -275.000000, avanceR = 2.000000, avanceI = 2.000000
inc_x_r = 0.000000, inc_y_r = 1.000000, inc_x_i = 1.000000, inc_y_i = 1.000000
En el else......

----------------------------------------
x = 56.000000, y = 254.000000
avance = -273.000000, avanceR = 2.000000, avanceI = 2.000000
inc_x_r = 0.000000, inc_y_r = 1.000000, inc_x_i = 1.000000, inc_y_i = 1.000000
En el else......

----------------------------------------
x = 56.000000, y = 255.000000
avance = -271.000000, avanceR = 2.000000, avanceI = 2.000000
inc_x_r = 0.000000, inc_y_r = 1.000000, inc_x_i = 1.000000, inc_y_i = 1.000000
En el else......

----------------------------------------
x = 56.000000, y = 256.000000
avance = -269.000000, avanceR = 2.000000, avanceI = 2.000000
inc_x_r = 0.000000, inc_y_r = 1.000000, inc_x_i = 1.000000, inc_y_i = 1.000000
En el else......

----------------------------------------
x = 56.000000, y = 257.000000
avance = -267.000000, avanceR = 2.000000, avanceI = 2.000000
inc_x_r = 0.000000, inc_y_r = 1.000000, inc_x_i = 1.000000, inc_y_i = 1.000000
En el else......

----------------------------------------
x = 56.000000, y = 258.000000
avance = -265.000000, avanceR = 2.000000, avanceI = 2.000000
inc_x_r = 0.000000, inc_y_r = 1.000000, inc_x_i = 1.000000, inc_y_i = 1.000000
En el else......

----------------------------------------
x = 56.000000, y = 259.000000
avance = -263.000000, avanceR = 2.000000, avanceI = 2.000000
inc_x_r = 0.000000, inc_y_r = 1.000000, inc_x_i = 1.000000, inc_y_i = 1.000000
En el else......

----------------------------------------
x = 56.000000, y = 260.000000
avance = -261.000000, avanceR = 2.000000, avanceI = 2.000000
inc_x_r = 0.000000, inc_y_r = 1.000000, inc_x_i = 1.000000, inc_y_i = 1.000000
En el else......

----------------------------------------
x = 56.000000, y = 261.000000
avance = -259.000000, avanceR = 2.000000, avanceI = 2.000000
inc_x_r = 0.000000, inc_y_r = 1.000000, inc_x_i = 1.000000, inc_y_i = 1.000000
En el else......

----------------------------------------
x = 56.000000, y = 262.000000
avance = -257.000000, avanceR = 2.000000, avanceI = 2.000000
inc_x_r = 0.000000, inc_y_r = 1.000000, inc_x_i = 1.000000, inc_y_i = 1.000000
En el else......

----------------------------------------
x = 56.000000, y = 263.000000
avance = -255.000000, avanceR = 2.000000, avanceI = 2.000000
inc_x_r = 0.000000, inc_y_r = 1.000000, inc_x_i = 1.000000, inc_y_i = 1.000000
En el else......

----------------------------------------
x = 56.000000, y = 264.000000
avance = -253.000000, avanceR = 2.000000, avanceI = 2.000000
inc_x_r = 0.000000, inc_y_r = 1.000000, inc_x_i = 1.000000, inc_y_i = 1.000000
En el else......

----------------------------------------
x = 56.000000, y = 265.000000
avance = -251.000000, avanceR = 2.000000, avanceI = 2.000000
inc_x_r = 0.000000, inc_y_r = 1.000000, inc_x_i = 1.000000, inc_y_i = 1.000000
En el else......

----------------------------------------


ENTRAMOS A BRESENHAMªªªª
x1 = 55.000000 - y1 = 15.000000 || x2 = 56.000000 - y2 = 266.000000
dy = 251.000000, dx = 1.000000
avances inclinados: inc_x_i = 1.000000, inc_y_i = 1.000000
updated: dy = 251.000000, dx = 1.000000
avances rectos: inc_x_r = 0.000000, inc_y_r 1.000000
reupdated: dy = 1.000000, dx = 251.000000
avanceR = 2.000000, avance -249.000000, avanceI 2.000000
----------------------------------------
x = 55.000000, y = 15.000000
avance = -249.000000, avanceR = 2.000000, avanceI = 2.000000
inc_x_r = 0.000000, inc_y_r = 1.000000, inc_x_i = 1.000000, inc_y_i = 1.000000
En el else......

----------------------------------------
x = 55.000000, y = 16.000000
avance = -247.000000, avanceR = 2.000000, avanceI = 2.000000
inc_x_r = 0.000000, inc_y_r = 1.000000, inc_x_i = 1.000000, inc_y_i = 1.000000
En el else......

----------------------------------------
x = 55.000000, y = 17.000000
avance = -245.000000, avanceR = 2.000000, avanceI = 2.000000
inc_x_r = 0.000000, inc_y_r = 1.000000, inc_x_i = 1.000000, inc_y_i = 1.000000
En el else......

----------------------------------------
x = 55.000000, y = 18.000000
avance = -243.000000, avanceR = 2.000000, avanceI = 2.000000
inc_x_r = 0.000000, inc_y_r = 1.000000, inc_x_i = 1.000000, inc_y_i = 1.000000
En el else......

----------------------------------------
x = 55.000000, y = 19.000000
avance = -241.000000, avanceR = 2.000000, avanceI = 2.000000
inc_x_r = 0.000000, inc_y_r = 1.000000, inc_x_i = 1.000000, inc_y_i = 1.000000
En el else......

----------------------------------------
x = 55.000000, y = 20.000000
avance = -239.000000, avanceR = 2.000000, avanceI = 2.000000
inc_x_r = 0.000000, inc_y_r = 1.000000, inc_x_i = 1.000000, inc_y_i = 1.000000
En el else......

----------------------------------------
x = 55.000000, y = 21.000000
avance = -237.000000, avanceR = 2.000000, avanceI = 2.000000
inc_x_r = 0.000000, inc_y_r = 1.000000, inc_x_i = 1.000000, inc_y_i = 1.000000
En el else......

----------------------------------------
x = 55.000000, y = 22.000000
avance = -235.000000, avanceR = 2.000000, avanceI = 2.000000
inc_x_r = 0.000000, inc_y_r = 1.000000, inc_x_i = 1.000000, inc_y_i = 1.000000
En el else......

----------------------------------------
x = 55.000000, y = 23.000000
avance = -233.000000, avanceR = 2.000000, avanceI = 2.000000
inc_x_r = 0.000000, inc_y_r = 1.000000, inc_x_i = 1.000000, inc_y_i = 1.000000
En el else......

----------------------------------------
x = 55.000000, y = 24.000000
avance = -231.000000, avanceR = 2.000000, avanceI = 2.000000
inc_x_r = 0.000000, inc_y_r = 1.000000, inc_x_i = 1.000000, inc_y_i = 1.000000
En el else......

----------------------------------------
x = 55.000000, y = 25.000000
avance = -229.000000, avanceR = 2.000000, avanceI = 2.000000
inc_x_r = 0.000000, inc_y_r = 1.000000, inc_x_i = 1.000000, inc_y_i = 1.000000
En el else......

----------------------------------------
x = 55.000000, y = 26.000000
avance = -227.000000, avanceR = 2.000000, avanceI = 2.000000
inc_x_r = 0.000000, inc_y_r = 1.000000, inc_x_i = 1.000000, inc_y_i = 1.000000
En el else......

----------------------------------------
x = 55.000000, y = 27.000000
avance = -225.000000, avanceR = 2.000000, avanceI = 2.000000
inc_x_r = 0.000000, inc_y_r = 1.000000, inc_x_i = 1.000000, inc_y_i = 1.000000
En el else......

----------------------------------------
x = 55.000000, y = 28.000000
avance = -223.000000, avanceR = 2.000000, avanceI = 2.000000
inc_x_r = 0.000000, inc_y_r = 1.000000, inc_x_i = 1.000000, inc_y_i = 1.000000
En el else......

----------------------------------------
x = 55.000000, y = 29.000000
avance = -221.000000, avanceR = 2.000000, avanceI = 2.000000
inc_x_r = 0.000000, inc_y_r = 1.000000, inc_x_i = 1.000000, inc_y_i = 1.000000
En el else......

----------------------------------------
x = 55.000000, y = 30.000000
avance = -219.000000, avanceR = 2.000000, avanceI = 2.000000
inc_x_r = 0.000000, inc_y_r = 1.000000, inc_x_i = 1.000000, inc_y_i = 1.000000
En el else......

----------------------------------------
x = 55.000000, y = 31.000000
avance = -217.000000, avanceR = 2.000000, avanceI = 2.000000
inc_x_r = 0.000000, inc_y_r = 1.000000, inc_x_i = 1.000000, inc_y_i = 1.000000
En el else......

----------------------------------------
x = 55.000000, y = 32.000000
avance = -215.000000, avanceR = 2.000000, avanceI = 2.000000
inc_x_r = 0.000000, inc_y_r = 1.000000, inc_x_i = 1.000000, inc_y_i = 1.000000
En el else......

----------------------------------------
x = 55.000000, y = 33.000000
avance = -213.000000, avanceR = 2.000000, avanceI = 2.000000
inc_x_r = 0.000000, inc_y_r = 1.000000, inc_x_i = 1.000000, inc_y_i = 1.000000
En el else......

----------------------------------------
x = 55.000000, y = 34.000000
avance = -211.000000, avanceR = 2.000000, avanceI = 2.000000
inc_x_r = 0.000000, inc_y_r = 1.000000, inc_x_i = 1.000000, inc_y_i = 1.000000
En el else......

----------------------------------------
x = 55.000000, y = 35.000000
avance = -209.000000, avanceR = 2.000000, avanceI = 2.000000
inc_x_r = 0.000000, inc_y_r = 1.000000, inc_x_i = 1.000000, inc_y_i = 1.000000
En el else......

----------------------------------------
x = 55.000000, y = 36.000000
avance = -207.000000, avanceR = 2.000000, avanceI = 2.000000
inc_x_r = 0.000000, inc_y_r = 1.000000, inc_x_i = 1.000000, inc_y_i = 1.000000
En el else......

----------------------------------------
x = 55.000000, y = 37.000000
avance = -205.000000, avanceR = 2.000000, avanceI = 2.000000
inc_x_r = 0.000000, inc_y_r = 1.000000, inc_x_i = 1.000000, inc_y_i = 1.000000
En el else......

----------------------------------------
x = 55.000000, y = 38.000000
avance = -203.000000, avanceR = 2.000000, avanceI = 2.000000
inc_x_r = 0.000000, inc_y_r = 1.000000, inc_x_i = 1.000000, inc_y_i = 1.000000
En el else......

----------------------------------------
x = 55.000000, y = 39.000000
avance = -201.000000, avanceR = 2.000000, avanceI = 2.000000
inc_x_r = 0.000000, inc_y_r = 1.000000, inc_x_i = 1.000000, inc_y_i = 1.000000
En el else......

----------------------------------------
x = 55.000000, y = 40.000000
avance = -199.000000, avanceR = 2.000000, avanceI = 2.000000
inc_x_r = 0.000000, inc_y_r = 1.000000, inc_x_i = 1.000000, inc_y_i = 1.000000
En el else......

----------------------------------------
x = 55.000000, y = 41.000000
avance = -197.000000, avanceR = 2.000000, avanceI = 2.000000
inc_x_r = 0.000000, inc_y_r = 1.000000, inc_x_i = 1.000000, inc_y_i = 1.000000
En el else......

----------------------------------------
x = 55.000000, y = 42.000000
avance = -195.000000, avanceR = 2.000000, avanceI = 2.000000
inc_x_r = 0.000000, inc_y_r = 1.000000, inc_x_i = 1.000000, inc_y_i = 1.000000
En el else......

----------------------------------------
x = 55.000000, y = 43.000000
avance = -193.000000, avanceR = 2.000000, avanceI = 2.000000
inc_x_r = 0.000000, inc_y_r = 1.000000, inc_x_i = 1.000000, inc_y_i = 1.000000
En el else......

----------------------------------------
x = 55.000000, y = 44.000000
avance = -191.000000, avanceR = 2.000000, avanceI = 2.000000
inc_x_r = 0.000000, inc_y_r = 1.000000, inc_x_i = 1.000000, inc_y_i = 1.000000
En el else......

----------------------------------------
x = 55.000000, y = 45.000000
avance = -189.000000, avanceR = 2.000000, avanceI = 2.000000
inc_x_r = 0.000000, inc_y_r = 1.000000, inc_x_i = 1.000000, inc_y_i = 1.000000
En el else......

----------------------------------------
x = 55.000000, y = 46.000000
avance = -187.000000, avanceR = 2.000000, avanceI = 2.000000
inc_x_r = 0.000000, inc_y_r = 1.000000, inc_x_i = 1.000000, inc_y_i = 1.000000
En el else......

----------------------------------------
x = 55.000000, y = 47.000000
avance = -185.000000, avanceR = 2.000000, avanceI = 2.000000
inc_x_r = 0.000000, inc_y_r = 1.000000, inc_x_i = 1.000000, inc_y_i = 1.000000
En el else......

----------------------------------------
x = 55.000000, y = 48.000000
avance = -183.000000, avanceR = 2.000000, avanceI = 2.000000
inc_x_r = 0.000000, inc_y_r = 1.000000, inc_x_i = 1.000000, inc_y_i = 1.000000
En el else......

----------------------------------------
x = 55.000000, y = 49.000000
avance = -181.000000, avanceR = 2.000000, avanceI = 2.000000
inc_x_r = 0.000000, inc_y_r = 1.000000, inc_x_i = 1.000000, inc_y_i = 1.000000
En el else......

----------------------------------------
x = 55.000000, y = 50.000000
avance = -179.000000, avanceR = 2.000000, avanceI = 2.000000
inc_x_r = 0.000000, inc_y_r = 1.000000, inc_x_i = 1.000000, inc_y_i = 1.000000
En el else......

----------------------------------------
x = 55.000000, y = 51.000000
avance = -177.000000, avanceR = 2.000000, avanceI = 2.000000
inc_x_r = 0.000000, inc_y_r = 1.000000, inc_x_i = 1.000000, inc_y_i = 1.000000
En el else......

----------------------------------------
x = 55.000000, y = 52.000000
avance = -175.000000, avanceR = 2.000000, avanceI = 2.000000
inc_x_r = 0.000000, inc_y_r = 1.000000, inc_x_i = 1.000000, inc_y_i = 1.000000
En el else......

----------------------------------------
x = 55.000000, y = 53.000000
avance = -173.000000, avanceR = 2.000000, avanceI = 2.000000
inc_x_r = 0.000000, inc_y_r = 1.000000, inc_x_i = 1.000000, inc_y_i = 1.000000
En el else......

----------------------------------------
x = 55.000000, y = 54.000000
avance = -171.000000, avanceR = 2.000000, avanceI = 2.000000
inc_x_r = 0.000000, inc_y_r = 1.000000, inc_x_i = 1.000000, inc_y_i = 1.000000
En el else......

----------------------------------------
x = 55.000000, y = 55.000000
avance = -169.000000, avanceR = 2.000000, avanceI = 2.000000
inc_x_r = 0.000000, inc_y_r = 1.000000, inc_x_i = 1.000000, inc_y_i = 1.000000
En el else......

----------------------------------------
x = 55.000000, y = 56.000000
avance = -167.000000, avanceR = 2.000000, avanceI = 2.000000
inc_x_r = 0.000000, inc_y_r = 1.000000, inc_x_i = 1.000000, inc_y_i = 1.000000
En el else......

----------------------------------------
x = 55.000000, y = 57.000000
avance = -165.000000, avanceR = 2.000000, avanceI = 2.000000
inc_x_r = 0.000000, inc_y_r = 1.000000, inc_x_i = 1.000000, inc_y_i = 1.000000
En el else......

----------------------------------------
x = 55.000000, y = 58.000000
avance = -163.000000, avanceR = 2.000000, avanceI = 2.000000
inc_x_r = 0.000000, inc_y_r = 1.000000, inc_x_i = 1.000000, inc_y_i = 1.000000
En el else......

----------------------------------------
x = 55.000000, y = 59.000000
avance = -161.000000, avanceR = 2.000000, avanceI = 2.000000
inc_x_r = 0.000000, inc_y_r = 1.000000, inc_x_i = 1.000000, inc_y_i = 1.000000
En el else......

----------------------------------------
x = 55.000000, y = 60.000000
avance = -159.000000, avanceR = 2.000000, avanceI = 2.000000
inc_x_r = 0.000000, inc_y_r = 1.000000, inc_x_i = 1.000000, inc_y_i = 1.000000
En el else......

----------------------------------------
x = 55.000000, y = 61.000000
avance = -157.000000, avanceR = 2.000000, avanceI = 2.000000
inc_x_r = 0.000000, inc_y_r = 1.000000, inc_x_i = 1.000000, inc_y_i = 1.000000
En el else......

----------------------------------------
x = 55.000000, y = 62.000000
avance = -155.000000, avanceR = 2.000000, avanceI = 2.000000
inc_x_r = 0.000000, inc_y_r = 1.000000, inc_x_i = 1.000000, inc_y_i = 1.000000
En el else......

----------------------------------------
x = 55.000000, y = 63.000000
avance = -153.000000, avanceR = 2.000000, avanceI = 2.000000
inc_x_r = 0.000000, inc_y_r = 1.000000, inc_x_i = 1.000000, inc_y_i = 1.000000
En el else......

----------------------------------------
x = 55.000000, y = 64.000000
avance = -151.000000, avanceR = 2.000000, avanceI = 2.000000
inc_x_r = 0.000000, inc_y_r = 1.000000, inc_x_i = 1.000000, inc_y_i = 1.000000
En el else......

----------------------------------------
x = 55.000000, y = 65.000000
avance = -149.000000, avanceR = 2.000000, avanceI = 2.000000
inc_x_r = 0.000000, inc_y_r = 1.000000, inc_x_i = 1.000000, inc_y_i = 1.000000
En el else......

----------------------------------------
x = 55.000000, y = 66.000000
avance = -147.000000, avanceR = 2.000000, avanceI = 2.000000
inc_x_r = 0.000000, inc_y_r = 1.000000, inc_x_i = 1.000000, inc_y_i = 1.000000
En el else......

----------------------------------------
x = 55.000000, y = 67.000000
avance = -145.000000, avanceR = 2.000000, avanceI = 2.000000
inc_x_r = 0.000000, inc_y_r = 1.000000, inc_x_i = 1.000000, inc_y_i = 1.000000
En el else......

----------------------------------------
x = 55.000000, y = 68.000000
avance = -143.000000, avanceR = 2.000000, avanceI = 2.000000
inc_x_r = 0.000000, inc_y_r = 1.000000, inc_x_i = 1.000000, inc_y_i = 1.000000
En el else......

----------------------------------------
x = 55.000000, y = 69.000000
avance = -141.000000, avanceR = 2.000000, avanceI = 2.000000
inc_x_r = 0.000000, inc_y_r = 1.000000, inc_x_i = 1.000000, inc_y_i = 1.000000
En el else......

----------------------------------------
x = 55.000000, y = 70.000000
avance = -139.000000, avanceR = 2.000000, avanceI = 2.000000
inc_x_r = 0.000000, inc_y_r = 1.000000, inc_x_i = 1.000000, inc_y_i = 1.000000
En el else......

----------------------------------------
x = 55.000000, y = 71.000000
avance = -137.000000, avanceR = 2.000000, avanceI = 2.000000
inc_x_r = 0.000000, inc_y_r = 1.000000, inc_x_i = 1.000000, inc_y_i = 1.000000
En el else......

----------------------------------------
x = 55.000000, y = 72.000000
avance = -135.000000, avanceR = 2.000000, avanceI = 2.000000
inc_x_r = 0.000000, inc_y_r = 1.000000, inc_x_i = 1.000000, inc_y_i = 1.000000
En el else......

----------------------------------------
x = 55.000000, y = 73.000000
avance = -133.000000, avanceR = 2.000000, avanceI = 2.000000
inc_x_r = 0.000000, inc_y_r = 1.000000, inc_x_i = 1.000000, inc_y_i = 1.000000
En el else......

----------------------------------------
x = 55.000000, y = 74.000000
avance = -131.000000, avanceR = 2.000000, avanceI = 2.000000
inc_x_r = 0.000000, inc_y_r = 1.000000, inc_x_i = 1.000000, inc_y_i = 1.000000
En el else......

----------------------------------------
x = 55.000000, y = 75.000000
avance = -129.000000, avanceR = 2.000000, avanceI = 2.000000
inc_x_r = 0.000000, inc_y_r = 1.000000, inc_x_i = 1.000000, inc_y_i = 1.000000
En el else......

----------------------------------------
x = 55.000000, y = 76.000000
avance = -127.000000, avanceR = 2.000000, avanceI = 2.000000
inc_x_r = 0.000000, inc_y_r = 1.000000, inc_x_i = 1.000000, inc_y_i = 1.000000
En el else......

----------------------------------------
x = 55.000000, y = 77.000000
avance = -125.000000, avanceR = 2.000000, avanceI = 2.000000
inc_x_r = 0.000000, inc_y_r = 1.000000, inc_x_i = 1.000000, inc_y_i = 1.000000
En el else......

----------------------------------------
x = 55.000000, y = 78.000000
avance = -123.000000, avanceR = 2.000000, avanceI = 2.000000
inc_x_r = 0.000000, inc_y_r = 1.000000, inc_x_i = 1.000000, inc_y_i = 1.000000
En el else......

----------------------------------------
x = 55.000000, y = 79.000000
avance = -121.000000, avanceR = 2.000000, avanceI = 2.000000
inc_x_r = 0.000000, inc_y_r = 1.000000, inc_x_i = 1.000000, inc_y_i = 1.000000
En el else......

----------------------------------------
x = 55.000000, y = 80.000000
avance = -119.000000, avanceR = 2.000000, avanceI = 2.000000
inc_x_r = 0.000000, inc_y_r = 1.000000, inc_x_i = 1.000000, inc_y_i = 1.000000
En el else......

----------------------------------------
x = 55.000000, y = 81.000000
avance = -117.000000, avanceR = 2.000000, avanceI = 2.000000
inc_x_r = 0.000000, inc_y_r = 1.000000, inc_x_i = 1.000000, inc_y_i = 1.000000
En el else......

----------------------------------------
x = 55.000000, y = 82.000000
avance = -115.000000, avanceR = 2.000000, avanceI = 2.000000
inc_x_r = 0.000000, inc_y_r = 1.000000, inc_x_i = 1.000000, inc_y_i = 1.000000
En el else......

----------------------------------------
x = 55.000000, y = 83.000000
avance = -113.000000, avanceR = 2.000000, avanceI = 2.000000
inc_x_r = 0.000000, inc_y_r = 1.000000, inc_x_i = 1.000000, inc_y_i = 1.000000
En el else......

----------------------------------------
x = 55.000000, y = 84.000000
avance = -111.000000, avanceR = 2.000000, avanceI = 2.000000
inc_x_r = 0.000000, inc_y_r = 1.000000, inc_x_i = 1.000000, inc_y_i = 1.000000
En el else......

----------------------------------------
x = 55.000000, y = 85.000000
avance = -109.000000, avanceR = 2.000000, avanceI = 2.000000
inc_x_r = 0.000000, inc_y_r = 1.000000, inc_x_i = 1.000000, inc_y_i = 1.000000
En el else......

----------------------------------------
x = 55.000000, y = 86.000000
avance = -107.000000, avanceR = 2.000000, avanceI = 2.000000
inc_x_r = 0.000000, inc_y_r = 1.000000, inc_x_i = 1.000000, inc_y_i = 1.000000
En el else......

----------------------------------------
x = 55.000000, y = 87.000000
avance = -105.000000, avanceR = 2.000000, avanceI = 2.000000
inc_x_r = 0.000000, inc_y_r = 1.000000, inc_x_i = 1.000000, inc_y_i = 1.000000
En el else......

----------------------------------------
x = 55.000000, y = 88.000000
avance = -103.000000, avanceR = 2.000000, avanceI = 2.000000
inc_x_r = 0.000000, inc_y_r = 1.000000, inc_x_i = 1.000000, inc_y_i = 1.000000
En el else......

----------------------------------------
x = 55.000000, y = 89.000000
avance = -101.000000, avanceR = 2.000000, avanceI = 2.000000
inc_x_r = 0.000000, inc_y_r = 1.000000, inc_x_i = 1.000000, inc_y_i = 1.000000
En el else......

----------------------------------------
x = 55.000000, y = 90.000000
avance = -99.000000, avanceR = 2.000000, avanceI = 2.000000
inc_x_r = 0.000000, inc_y_r = 1.000000, inc_x_i = 1.000000, inc_y_i = 1.000000
En el else......

----------------------------------------
x = 55.000000, y = 91.000000
avance = -97.000000, avanceR = 2.000000, avanceI = 2.000000
inc_x_r = 0.000000, inc_y_r = 1.000000, inc_x_i = 1.000000, inc_y_i = 1.000000
En el else......

----------------------------------------
x = 55.000000, y = 92.000000
avance = -95.000000, avanceR = 2.000000, avanceI = 2.000000
inc_x_r = 0.000000, inc_y_r = 1.000000, inc_x_i = 1.000000, inc_y_i = 1.000000
En el else......

----------------------------------------
x = 55.000000, y = 93.000000
avance = -93.000000, avanceR = 2.000000, avanceI = 2.000000
inc_x_r = 0.000000, inc_y_r = 1.000000, inc_x_i = 1.000000, inc_y_i = 1.000000
En el else......

----------------------------------------
x = 55.000000, y = 94.000000
avance = -91.000000, avanceR = 2.000000, avanceI = 2.000000
inc_x_r = 0.000000, inc_y_r = 1.000000, inc_x_i = 1.000000, inc_y_i = 1.000000
En el else......

----------------------------------------
x = 55.000000, y = 95.000000
avance = -89.000000, avanceR = 2.000000, avanceI = 2.000000
inc_x_r = 0.000000, inc_y_r = 1.000000, inc_x_i = 1.000000, inc_y_i = 1.000000
En el else......

----------------------------------------
x = 55.000000, y = 96.000000
avance = -87.000000, avanceR = 2.000000, avanceI = 2.000000
inc_x_r = 0.000000, inc_y_r = 1.000000, inc_x_i = 1.000000, inc_y_i = 1.000000
En el else......

----------------------------------------
x = 55.000000, y = 97.000000
avance = -85.000000, avanceR = 2.000000, avanceI = 2.000000
inc_x_r = 0.000000, inc_y_r = 1.000000, inc_x_i = 1.000000, inc_y_i = 1.000000
En el else......

----------------------------------------
x = 55.000000, y = 98.000000
avance = -83.000000, avanceR = 2.000000, avanceI = 2.000000
inc_x_r = 0.000000, inc_y_r = 1.000000, inc_x_i = 1.000000, inc_y_i = 1.000000
En el else......

----------------------------------------
x = 55.000000, y = 99.000000
avance = -81.000000, avanceR = 2.000000, avanceI = 2.000000
inc_x_r = 0.000000, inc_y_r = 1.000000, inc_x_i = 1.000000, inc_y_i = 1.000000
En el else......

----------------------------------------
x = 55.000000, y = 100.000000
avance = -79.000000, avanceR = 2.000000, avanceI = 2.000000
inc_x_r = 0.000000, inc_y_r = 1.000000, inc_x_i = 1.000000, inc_y_i = 1.000000
En el else......

----------------------------------------
x = 55.000000, y = 101.000000
avance = -77.000000, avanceR = 2.000000, avanceI = 2.000000
inc_x_r = 0.000000, inc_y_r = 1.000000, inc_x_i = 1.000000, inc_y_i = 1.000000
En el else......

----------------------------------------
x = 55.000000, y = 102.000000
avance = -75.000000, avanceR = 2.000000, avanceI = 2.000000
inc_x_r = 0.000000, inc_y_r = 1.000000, inc_x_i = 1.000000, inc_y_i = 1.000000
En el else......

----------------------------------------
x = 55.000000, y = 103.000000
avance = -73.000000, avanceR = 2.000000, avanceI = 2.000000
inc_x_r = 0.000000, inc_y_r = 1.000000, inc_x_i = 1.000000, inc_y_i = 1.000000
En el else......

----------------------------------------
x = 55.000000, y = 104.000000
avance = -71.000000, avanceR = 2.000000, avanceI = 2.000000
inc_x_r = 0.000000, inc_y_r = 1.000000, inc_x_i = 1.000000, inc_y_i = 1.000000
En el else......

----------------------------------------
x = 55.000000, y = 105.000000
avance = -69.000000, avanceR = 2.000000, avanceI = 2.000000
inc_x_r = 0.000000, inc_y_r = 1.000000, inc_x_i = 1.000000, inc_y_i = 1.000000
En el else......

----------------------------------------
x = 55.000000, y = 106.000000
avance = -67.000000, avanceR = 2.000000, avanceI = 2.000000
inc_x_r = 0.000000, inc_y_r = 1.000000, inc_x_i = 1.000000, inc_y_i = 1.000000
En el else......

----------------------------------------
x = 55.000000, y = 107.000000
avance = -65.000000, avanceR = 2.000000, avanceI = 2.000000
inc_x_r = 0.000000, inc_y_r = 1.000000, inc_x_i = 1.000000, inc_y_i = 1.000000
En el else......

----------------------------------------
x = 55.000000, y = 108.000000
avance = -63.000000, avanceR = 2.000000, avanceI = 2.000000
inc_x_r = 0.000000, inc_y_r = 1.000000, inc_x_i = 1.000000, inc_y_i = 1.000000
En el else......

----------------------------------------
x = 55.000000, y = 109.000000
avance = -61.000000, avanceR = 2.000000, avanceI = 2.000000
inc_x_r = 0.000000, inc_y_r = 1.000000, inc_x_i = 1.000000, inc_y_i = 1.000000
En el else......

----------------------------------------
x = 55.000000, y = 110.000000
avance = -59.000000, avanceR = 2.000000, avanceI = 2.000000
inc_x_r = 0.000000, inc_y_r = 1.000000, inc_x_i = 1.000000, inc_y_i = 1.000000
En el else......

----------------------------------------
x = 55.000000, y = 111.000000
avance = -57.000000, avanceR = 2.000000, avanceI = 2.000000
inc_x_r = 0.000000, inc_y_r = 1.000000, inc_x_i = 1.000000, inc_y_i = 1.000000
En el else......

----------------------------------------
x = 55.000000, y = 112.000000
avance = -55.000000, avanceR = 2.000000, avanceI = 2.000000
inc_x_r = 0.000000, inc_y_r = 1.000000, inc_x_i = 1.000000, inc_y_i = 1.000000
En el else......

----------------------------------------
x = 55.000000, y = 113.000000
avance = -53.000000, avanceR = 2.000000, avanceI = 2.000000
inc_x_r = 0.000000, inc_y_r = 1.000000, inc_x_i = 1.000000, inc_y_i = 1.000000
En el else......

----------------------------------------
x = 55.000000, y = 114.000000
avance = -51.000000, avanceR = 2.000000, avanceI = 2.000000
inc_x_r = 0.000000, inc_y_r = 1.000000, inc_x_i = 1.000000, inc_y_i = 1.000000
En el else......

----------------------------------------
x = 55.000000, y = 115.000000
avance = -49.000000, avanceR = 2.000000, avanceI = 2.000000
inc_x_r = 0.000000, inc_y_r = 1.000000, inc_x_i = 1.000000, inc_y_i = 1.000000
En el else......

----------------------------------------
x = 55.000000, y = 116.000000
avance = -47.000000, avanceR = 2.000000, avanceI = 2.000000
inc_x_r = 0.000000, inc_y_r = 1.000000, inc_x_i = 1.000000, inc_y_i = 1.000000
En el else......

----------------------------------------
x = 55.000000, y = 117.000000
avance = -45.000000, avanceR = 2.000000, avanceI = 2.000000
inc_x_r = 0.000000, inc_y_r = 1.000000, inc_x_i = 1.000000, inc_y_i = 1.000000
En el else......

----------------------------------------
x = 55.000000, y = 118.000000
avance = -43.000000, avanceR = 2.000000, avanceI = 2.000000
inc_x_r = 0.000000, inc_y_r = 1.000000, inc_x_i = 1.000000, inc_y_i = 1.000000
En el else......

----------------------------------------
x = 55.000000, y = 119.000000
avance = -41.000000, avanceR = 2.000000, avanceI = 2.000000
inc_x_r = 0.000000, inc_y_r = 1.000000, inc_x_i = 1.000000, inc_y_i = 1.000000
En el else......

----------------------------------------
x = 55.000000, y = 120.000000
avance = -39.000000, avanceR = 2.000000, avanceI = 2.000000
inc_x_r = 0.000000, inc_y_r = 1.000000, inc_x_i = 1.000000, inc_y_i = 1.000000
En el else......

----------------------------------------
x = 55.000000, y = 121.000000
avance = -37.000000, avanceR = 2.000000, avanceI = 2.000000
inc_x_r = 0.000000, inc_y_r = 1.000000, inc_x_i = 1.000000, inc_y_i = 1.000000
En el else......

----------------------------------------
x = 55.000000, y = 122.000000
avance = -35.000000, avanceR = 2.000000, avanceI = 2.000000
inc_x_r = 0.000000, inc_y_r = 1.000000, inc_x_i = 1.000000, inc_y_i = 1.000000
En el else......

----------------------------------------
x = 55.000000, y = 123.000000
avance = -33.000000, avanceR = 2.000000, avanceI = 2.000000
inc_x_r = 0.000000, inc_y_r = 1.000000, inc_x_i = 1.000000, inc_y_i = 1.000000
En el else......

----------------------------------------
x = 55.000000, y = 124.000000
avance = -31.000000, avanceR = 2.000000, avanceI = 2.000000
inc_x_r = 0.000000, inc_y_r = 1.000000, inc_x_i = 1.000000, inc_y_i = 1.000000
En el else......

----------------------------------------
x = 55.000000, y = 125.000000
avance = -29.000000, avanceR = 2.000000, avanceI = 2.000000
inc_x_r = 0.000000, inc_y_r = 1.000000, inc_x_i = 1.000000, inc_y_i = 1.000000
En el else......

----------------------------------------
x = 55.000000, y = 126.000000
avance = -27.000000, avanceR = 2.000000, avanceI = 2.000000
inc_x_r = 0.000000, inc_y_r = 1.000000, inc_x_i = 1.000000, inc_y_i = 1.000000
En el else......

----------------------------------------
x = 55.000000, y = 127.000000
avance = -25.000000, avanceR = 2.000000, avanceI = 2.000000
inc_x_r = 0.000000, inc_y_r = 1.000000, inc_x_i = 1.000000, inc_y_i = 1.000000
En el else......

----------------------------------------
x = 55.000000, y = 128.000000
avance = -23.000000, avanceR = 2.000000, avanceI = 2.000000
inc_x_r = 0.000000, inc_y_r = 1.000000, inc_x_i = 1.000000, inc_y_i = 1.000000
En el else......

----------------------------------------
x = 55.000000, y = 129.000000
avance = -21.000000, avanceR = 2.000000, avanceI = 2.000000
inc_x_r = 0.000000, inc_y_r = 1.000000, inc_x_i = 1.000000, inc_y_i = 1.000000
En el else......

----------------------------------------
x = 55.000000, y = 130.000000
avance = -19.000000, avanceR = 2.000000, avanceI = 2.000000
inc_x_r = 0.000000, inc_y_r = 1.000000, inc_x_i = 1.000000, inc_y_i = 1.000000
En el else......

----------------------------------------
x = 55.000000, y = 131.000000
avance = -17.000000, avanceR = 2.000000, avanceI = 2.000000
inc_x_r = 0.000000, inc_y_r = 1.000000, inc_x_i = 1.000000, inc_y_i = 1.000000
En el else......

----------------------------------------
x = 55.000000, y = 132.000000
avance = -15.000000, avanceR = 2.000000, avanceI = 2.000000
inc_x_r = 0.000000, inc_y_r = 1.000000, inc_x_i = 1.000000, inc_y_i = 1.000000
En el else......

----------------------------------------
x = 55.000000, y = 133.000000
avance = -13.000000, avanceR = 2.000000, avanceI = 2.000000
inc_x_r = 0.000000, inc_y_r = 1.000000, inc_x_i = 1.000000, inc_y_i = 1.000000
En el else......

----------------------------------------
x = 55.000000, y = 134.000000
avance = -11.000000, avanceR = 2.000000, avanceI = 2.000000
inc_x_r = 0.000000, inc_y_r = 1.000000, inc_x_i = 1.000000, inc_y_i = 1.000000
En el else......

----------------------------------------
x = 55.000000, y = 135.000000
avance = -9.000000, avanceR = 2.000000, avanceI = 2.000000
inc_x_r = 0.000000, inc_y_r = 1.000000, inc_x_i = 1.000000, inc_y_i = 1.000000
En el else......

----------------------------------------
x = 55.000000, y = 136.000000
avance = -7.000000, avanceR = 2.000000, avanceI = 2.000000
inc_x_r = 0.000000, inc_y_r = 1.000000, inc_x_i = 1.000000, inc_y_i = 1.000000
En el else......

----------------------------------------
x = 55.000000, y = 137.000000
avance = -5.000000, avanceR = 2.000000, avanceI = 2.000000
inc_x_r = 0.000000, inc_y_r = 1.000000, inc_x_i = 1.000000, inc_y_i = 1.000000
En el else......

----------------------------------------
x = 55.000000, y = 138.000000
avance = -3.000000, avanceR = 2.000000, avanceI = 2.000000
inc_x_r = 0.000000, inc_y_r = 1.000000, inc_x_i = 1.000000, inc_y_i = 1.000000
En el else......

----------------------------------------
x = 55.000000, y = 139.000000
avance = -1.000000, avanceR = 2.000000, avanceI = 2.000000
inc_x_r = 0.000000, inc_y_r = 1.000000, inc_x_i = 1.000000, inc_y_i = 1.000000
En el else......

----------------------------------------
x = 55.000000, y = 140.000000
avance = 1.000000, avanceR = 2.000000, avanceI = 2.000000
inc_x_r = 0.000000, inc_y_r = 1.000000, inc_x_i = 1.000000, inc_y_i = 1.000000
avance >= 0

----------------------------------------
x = 56.000000, y = 141.000000
avance = -499.000000, avanceR = 2.000000, avanceI = 2.000000
inc_x_r = 0.000000, inc_y_r = 1.000000, inc_x_i = 1.000000, inc_y_i = 1.000000
En el else......

----------------------------------------
x = 56.000000, y = 142.000000
avance = -497.000000, avanceR = 2.000000, avanceI = 2.000000
inc_x_r = 0.000000, inc_y_r = 1.000000, inc_x_i = 1.000000, inc_y_i = 1.000000
En el else......

----------------------------------------
x = 56.000000, y = 143.000000
avance = -495.000000, avanceR = 2.000000, avanceI = 2.000000
inc_x_r = 0.000000, inc_y_r = 1.000000, inc_x_i = 1.000000, inc_y_i = 1.000000
En el else......

----------------------------------------
x = 56.000000, y = 144.000000
avance = -493.000000, avanceR = 2.000000, avanceI = 2.000000
inc_x_r = 0.000000, inc_y_r = 1.000000, inc_x_i = 1.000000, inc_y_i = 1.000000
En el else......

----------------------------------------
x = 56.000000, y = 145.000000
avance = -491.000000, avanceR = 2.000000, avanceI = 2.000000
inc_x_r = 0.000000, inc_y_r = 1.000000, inc_x_i = 1.000000, inc_y_i = 1.000000
En el else......

----------------------------------------
x = 56.000000, y = 146.000000
avance = -489.000000, avanceR = 2.000000, avanceI = 2.000000
inc_x_r = 0.000000, inc_y_r = 1.000000, inc_x_i = 1.000000, inc_y_i = 1.000000
En el else......

----------------------------------------
x = 56.000000, y = 147.000000
avance = -487.000000, avanceR = 2.000000, avanceI = 2.000000
inc_x_r = 0.000000, inc_y_r = 1.000000, inc_x_i = 1.000000, inc_y_i = 1.000000
En el else......

----------------------------------------
x = 56.000000, y = 148.000000
avance = -485.000000, avanceR = 2.000000, avanceI = 2.000000
inc_x_r = 0.000000, inc_y_r = 1.000000, inc_x_i = 1.000000, inc_y_i = 1.000000
En el else......

----------------------------------------
x = 56.000000, y = 149.000000
avance = -483.000000, avanceR = 2.000000, avanceI = 2.000000
inc_x_r = 0.000000, inc_y_r = 1.000000, inc_x_i = 1.000000, inc_y_i = 1.000000
En el else......

----------------------------------------
x = 56.000000, y = 150.000000
avance = -481.000000, avanceR = 2.000000, avanceI = 2.000000
inc_x_r = 0.000000, inc_y_r = 1.000000, inc_x_i = 1.000000, inc_y_i = 1.000000
En el else......

----------------------------------------
x = 56.000000, y = 151.000000
avance = -479.000000, avanceR = 2.000000, avanceI = 2.000000
inc_x_r = 0.000000, inc_y_r = 1.000000, inc_x_i = 1.000000, inc_y_i = 1.000000
En el else......

----------------------------------------
x = 56.000000, y = 152.000000
avance = -477.000000, avanceR = 2.000000, avanceI = 2.000000
inc_x_r = 0.000000, inc_y_r = 1.000000, inc_x_i = 1.000000, inc_y_i = 1.000000
En el else......

----------------------------------------
x = 56.000000, y = 153.000000
avance = -475.000000, avanceR = 2.000000, avanceI = 2.000000
inc_x_r = 0.000000, inc_y_r = 1.000000, inc_x_i = 1.000000, inc_y_i = 1.000000
En el else......

----------------------------------------
x = 56.000000, y = 154.000000
avance = -473.000000, avanceR = 2.000000, avanceI = 2.000000
inc_x_r = 0.000000, inc_y_r = 1.000000, inc_x_i = 1.000000, inc_y_i = 1.000000
En el else......

----------------------------------------
x = 56.000000, y = 155.000000
avance = -471.000000, avanceR = 2.000000, avanceI = 2.000000
inc_x_r = 0.000000, inc_y_r = 1.000000, inc_x_i = 1.000000, inc_y_i = 1.000000
En el else......

----------------------------------------
x = 56.000000, y = 156.000000
avance = -469.000000, avanceR = 2.000000, avanceI = 2.000000
inc_x_r = 0.000000, inc_y_r = 1.000000, inc_x_i = 1.000000, inc_y_i = 1.000000
En el else......

----------------------------------------
x = 56.000000, y = 157.000000
avance = -467.000000, avanceR = 2.000000, avanceI = 2.000000
inc_x_r = 0.000000, inc_y_r = 1.000000, inc_x_i = 1.000000, inc_y_i = 1.000000
En el else......

----------------------------------------
x = 56.000000, y = 158.000000
avance = -465.000000, avanceR = 2.000000, avanceI = 2.000000
inc_x_r = 0.000000, inc_y_r = 1.000000, inc_x_i = 1.000000, inc_y_i = 1.000000
En el else......

----------------------------------------
x = 56.000000, y = 159.000000
avance = -463.000000, avanceR = 2.000000, avanceI = 2.000000
inc_x_r = 0.000000, inc_y_r = 1.000000, inc_x_i = 1.000000, inc_y_i = 1.000000
En el else......

----------------------------------------
x = 56.000000, y = 160.000000
avance = -461.000000, avanceR = 2.000000, avanceI = 2.000000
inc_x_r = 0.000000, inc_y_r = 1.000000, inc_x_i = 1.000000, inc_y_i = 1.000000
En el else......

----------------------------------------
x = 56.000000, y = 161.000000
avance = -459.000000, avanceR = 2.000000, avanceI = 2.000000
inc_x_r = 0.000000, inc_y_r = 1.000000, inc_x_i = 1.000000, inc_y_i = 1.000000
En el else......

----------------------------------------
x = 56.000000, y = 162.000000
avance = -457.000000, avanceR = 2.000000, avanceI = 2.000000
inc_x_r = 0.000000, inc_y_r = 1.000000, inc_x_i = 1.000000, inc_y_i = 1.000000
En el else......

----------------------------------------
x = 56.000000, y = 163.000000
avance = -455.000000, avanceR = 2.000000, avanceI = 2.000000
inc_x_r = 0.000000, inc_y_r = 1.000000, inc_x_i = 1.000000, inc_y_i = 1.000000
En el else......

----------------------------------------
x = 56.000000, y = 164.000000
avance = -453.000000, avanceR = 2.000000, avanceI = 2.000000
inc_x_r = 0.000000, inc_y_r = 1.000000, inc_x_i = 1.000000, inc_y_i = 1.000000
En el else......

----------------------------------------
x = 56.000000, y = 165.000000
avance = -451.000000, avanceR = 2.000000, avanceI = 2.000000
inc_x_r = 0.000000, inc_y_r = 1.000000, inc_x_i = 1.000000, inc_y_i = 1.000000
En el else......

----------------------------------------
x = 56.000000, y = 166.000000
avance = -449.000000, avanceR = 2.000000, avanceI = 2.000000
inc_x_r = 0.000000, inc_y_r = 1.000000, inc_x_i = 1.000000, inc_y_i = 1.000000
En el else......

----------------------------------------
x = 56.000000, y = 167.000000
avance = -447.000000, avanceR = 2.000000, avanceI = 2.000000
inc_x_r = 0.000000, inc_y_r = 1.000000, inc_x_i = 1.000000, inc_y_i = 1.000000
En el else......

----------------------------------------
x = 56.000000, y = 168.000000
avance = -445.000000, avanceR = 2.000000, avanceI = 2.000000
inc_x_r = 0.000000, inc_y_r = 1.000000, inc_x_i = 1.000000, inc_y_i = 1.000000
En el else......

----------------------------------------
x = 56.000000, y = 169.000000
avance = -443.000000, avanceR = 2.000000, avanceI = 2.000000
inc_x_r = 0.000000, inc_y_r = 1.000000, inc_x_i = 1.000000, inc_y_i = 1.000000
En el else......

----------------------------------------
x = 56.000000, y = 170.000000
avance = -441.000000, avanceR = 2.000000, avanceI = 2.000000
inc_x_r = 0.000000, inc_y_r = 1.000000, inc_x_i = 1.000000, inc_y_i = 1.000000
En el else......

----------------------------------------
x = 56.000000, y = 171.000000
avance = -439.000000, avanceR = 2.000000, avanceI = 2.000000
inc_x_r = 0.000000, inc_y_r = 1.000000, inc_x_i = 1.000000, inc_y_i = 1.000000
En el else......

----------------------------------------
x = 56.000000, y = 172.000000
avance = -437.000000, avanceR = 2.000000, avanceI = 2.000000
inc_x_r = 0.000000, inc_y_r = 1.000000, inc_x_i = 1.000000, inc_y_i = 1.000000
En el else......

----------------------------------------
x = 56.000000, y = 173.000000
avance = -435.000000, avanceR = 2.000000, avanceI = 2.000000
inc_x_r = 0.000000, inc_y_r = 1.000000, inc_x_i = 1.000000, inc_y_i = 1.000000
En el else......

----------------------------------------
x = 56.000000, y = 174.000000
avance = -433.000000, avanceR = 2.000000, avanceI = 2.000000
inc_x_r = 0.000000, inc_y_r = 1.000000, inc_x_i = 1.000000, inc_y_i = 1.000000
En el else......

----------------------------------------
x = 56.000000, y = 175.000000
avance = -431.000000, avanceR = 2.000000, avanceI = 2.000000
inc_x_r = 0.000000, inc_y_r = 1.000000, inc_x_i = 1.000000, inc_y_i = 1.000000
En el else......

----------------------------------------
x = 56.000000, y = 176.000000
avance = -429.000000, avanceR = 2.000000, avanceI = 2.000000
inc_x_r = 0.000000, inc_y_r = 1.000000, inc_x_i = 1.000000, inc_y_i = 1.000000
En el else......

----------------------------------------
x = 56.000000, y = 177.000000
avance = -427.000000, avanceR = 2.000000, avanceI = 2.000000
inc_x_r = 0.000000, inc_y_r = 1.000000, inc_x_i = 1.000000, inc_y_i = 1.000000
En el else......

----------------------------------------
x = 56.000000, y = 178.000000
avance = -425.000000, avanceR = 2.000000, avanceI = 2.000000
inc_x_r = 0.000000, inc_y_r = 1.000000, inc_x_i = 1.000000, inc_y_i = 1.000000
En el else......

----------------------------------------
x = 56.000000, y = 179.000000
avance = -423.000000, avanceR = 2.000000, avanceI = 2.000000
inc_x_r = 0.000000, inc_y_r = 1.000000, inc_x_i = 1.000000, inc_y_i = 1.000000
En el else......

----------------------------------------
x = 56.000000, y = 180.000000
avance = -421.000000, avanceR = 2.000000, avanceI = 2.000000
inc_x_r = 0.000000, inc_y_r = 1.000000, inc_x_i = 1.000000, inc_y_i = 1.000000
En el else......

----------------------------------------
x = 56.000000, y = 181.000000
avance = -419.000000, avanceR = 2.000000, avanceI = 2.000000
inc_x_r = 0.000000, inc_y_r = 1.000000, inc_x_i = 1.000000, inc_y_i = 1.000000
En el else......

----------------------------------------
x = 56.000000, y = 182.000000
avance = -417.000000, avanceR = 2.000000, avanceI = 2.000000
inc_x_r = 0.000000, inc_y_r = 1.000000, inc_x_i = 1.000000, inc_y_i = 1.000000
En el else......

----------------------------------------
x = 56.000000, y = 183.000000
avance = -415.000000, avanceR = 2.000000, avanceI = 2.000000
inc_x_r = 0.000000, inc_y_r = 1.000000, inc_x_i = 1.000000, inc_y_i = 1.000000
En el else......

----------------------------------------
x = 56.000000, y = 184.000000
avance = -413.000000, avanceR = 2.000000, avanceI = 2.000000
inc_x_r = 0.000000, inc_y_r = 1.000000, inc_x_i = 1.000000, inc_y_i = 1.000000
En el else......

----------------------------------------
x = 56.000000, y = 185.000000
avance = -411.000000, avanceR = 2.000000, avanceI = 2.000000
inc_x_r = 0.000000, inc_y_r = 1.000000, inc_x_i = 1.000000, inc_y_i = 1.000000
En el else......

----------------------------------------
x = 56.000000, y = 186.000000
avance = -409.000000, avanceR = 2.000000, avanceI = 2.000000
inc_x_r = 0.000000, inc_y_r = 1.000000, inc_x_i = 1.000000, inc_y_i = 1.000000
En el else......

----------------------------------------
x = 56.000000, y = 187.000000
avance = -407.000000, avanceR = 2.000000, avanceI = 2.000000
inc_x_r = 0.000000, inc_y_r = 1.000000, inc_x_i = 1.000000, inc_y_i = 1.000000
En el else......

----------------------------------------
x = 56.000000, y = 188.000000
avance = -405.000000, avanceR = 2.000000, avanceI = 2.000000
inc_x_r = 0.000000, inc_y_r = 1.000000, inc_x_i = 1.000000, inc_y_i = 1.000000
En el else......

----------------------------------------
x = 56.000000, y = 189.000000
avance = -403.000000, avanceR = 2.000000, avanceI = 2.000000
inc_x_r = 0.000000, inc_y_r = 1.000000, inc_x_i = 1.000000, inc_y_i = 1.000000
En el else......

----------------------------------------
x = 56.000000, y = 190.000000
avance = -401.000000, avanceR = 2.000000, avanceI = 2.000000
inc_x_r = 0.000000, inc_y_r = 1.000000, inc_x_i = 1.000000, inc_y_i = 1.000000
En el else......

----------------------------------------
x = 56.000000, y = 191.000000
avance = -399.000000, avanceR = 2.000000, avanceI = 2.000000
inc_x_r = 0.000000, inc_y_r = 1.000000, inc_x_i = 1.000000, inc_y_i = 1.000000
En el else......

----------------------------------------
x = 56.000000, y = 192.000000
avance = -397.000000, avanceR = 2.000000, avanceI = 2.000000
inc_x_r = 0.000000, inc_y_r = 1.000000, inc_x_i = 1.000000, inc_y_i = 1.000000
En el else......

----------------------------------------
x = 56.000000, y = 193.000000
avance = -395.000000, avanceR = 2.000000, avanceI = 2.000000
inc_x_r = 0.000000, inc_y_r = 1.000000, inc_x_i = 1.000000, inc_y_i = 1.000000
En el else......

----------------------------------------
x = 56.000000, y = 194.000000
avance = -393.000000, avanceR = 2.000000, avanceI = 2.000000
inc_x_r = 0.000000, inc_y_r = 1.000000, inc_x_i = 1.000000, inc_y_i = 1.000000
En el else......

----------------------------------------
x = 56.000000, y = 195.000000
avance = -391.000000, avanceR = 2.000000, avanceI = 2.000000
inc_x_r = 0.000000, inc_y_r = 1.000000, inc_x_i = 1.000000, inc_y_i = 1.000000
En el else......

----------------------------------------
x = 56.000000, y = 196.000000
avance = -389.000000, avanceR = 2.000000, avanceI = 2.000000
inc_x_r = 0.000000, inc_y_r = 1.000000, inc_x_i = 1.000000, inc_y_i = 1.000000
En el else......

----------------------------------------
x = 56.000000, y = 197.000000
avance = -387.000000, avanceR = 2.000000, avanceI = 2.000000
inc_x_r = 0.000000, inc_y_r = 1.000000, inc_x_i = 1.000000, inc_y_i = 1.000000
En el else......

----------------------------------------
x = 56.000000, y = 198.000000
avance = -385.000000, avanceR = 2.000000, avanceI = 2.000000
inc_x_r = 0.000000, inc_y_r = 1.000000, inc_x_i = 1.000000, inc_y_i = 1.000000
En el else......

----------------------------------------
x = 56.000000, y = 199.000000
avance = -383.000000, avanceR = 2.000000, avanceI = 2.000000
inc_x_r = 0.000000, inc_y_r = 1.000000, inc_x_i = 1.000000, inc_y_i = 1.000000
En el else......

----------------------------------------
x = 56.000000, y = 200.000000
avance = -381.000000, avanceR = 2.000000, avanceI = 2.000000
inc_x_r = 0.000000, inc_y_r = 1.000000, inc_x_i = 1.000000, inc_y_i = 1.000000
En el else......

----------------------------------------
x = 56.000000, y = 201.000000
avance = -379.000000, avanceR = 2.000000, avanceI = 2.000000
inc_x_r = 0.000000, inc_y_r = 1.000000, inc_x_i = 1.000000, inc_y_i = 1.000000
En el else......

----------------------------------------
x = 56.000000, y = 202.000000
avance = -377.000000, avanceR = 2.000000, avanceI = 2.000000
inc_x_r = 0.000000, inc_y_r = 1.000000, inc_x_i = 1.000000, inc_y_i = 1.000000
En el else......

----------------------------------------
x = 56.000000, y = 203.000000
avance = -375.000000, avanceR = 2.000000, avanceI = 2.000000
inc_x_r = 0.000000, inc_y_r = 1.000000, inc_x_i = 1.000000, inc_y_i = 1.000000
En el else......

----------------------------------------
x = 56.000000, y = 204.000000
avance = -373.000000, avanceR = 2.000000, avanceI = 2.000000
inc_x_r = 0.000000, inc_y_r = 1.000000, inc_x_i = 1.000000, inc_y_i = 1.000000
En el else......

----------------------------------------
x = 56.000000, y = 205.000000
avance = -371.000000, avanceR = 2.000000, avanceI = 2.000000
inc_x_r = 0.000000, inc_y_r = 1.000000, inc_x_i = 1.000000, inc_y_i = 1.000000
En el else......

----------------------------------------
x = 56.000000, y = 206.000000
avance = -369.000000, avanceR = 2.000000, avanceI = 2.000000
inc_x_r = 0.000000, inc_y_r = 1.000000, inc_x_i = 1.000000, inc_y_i = 1.000000
En el else......

----------------------------------------
x = 56.000000, y = 207.000000
avance = -367.000000, avanceR = 2.000000, avanceI = 2.000000
inc_x_r = 0.000000, inc_y_r = 1.000000, inc_x_i = 1.000000, inc_y_i = 1.000000
En el else......

----------------------------------------
x = 56.000000, y = 208.000000
avance = -365.000000, avanceR = 2.000000, avanceI = 2.000000
inc_x_r = 0.000000, inc_y_r = 1.000000, inc_x_i = 1.000000, inc_y_i = 1.000000
En el else......

----------------------------------------
x = 56.000000, y = 209.000000
avance = -363.000000, avanceR = 2.000000, avanceI = 2.000000
inc_x_r = 0.000000, inc_y_r = 1.000000, inc_x_i = 1.000000, inc_y_i = 1.000000
En el else......

----------------------------------------
x = 56.000000, y = 210.000000
avance = -361.000000, avanceR = 2.000000, avanceI = 2.000000
inc_x_r = 0.000000, inc_y_r = 1.000000, inc_x_i = 1.000000, inc_y_i = 1.000000
En el else......

----------------------------------------
x = 56.000000, y = 211.000000
avance = -359.000000, avanceR = 2.000000, avanceI = 2.000000
inc_x_r = 0.000000, inc_y_r = 1.000000, inc_x_i = 1.000000, inc_y_i = 1.000000
En el else......

----------------------------------------
x = 56.000000, y = 212.000000
avance = -357.000000, avanceR = 2.000000, avanceI = 2.000000
inc_x_r = 0.000000, inc_y_r = 1.000000, inc_x_i = 1.000000, inc_y_i = 1.000000
En el else......

----------------------------------------
x = 56.000000, y = 213.000000
avance = -355.000000, avanceR = 2.000000, avanceI = 2.000000
inc_x_r = 0.000000, inc_y_r = 1.000000, inc_x_i = 1.000000, inc_y_i = 1.000000
En el else......

----------------------------------------
x = 56.000000, y = 214.000000
avance = -353.000000, avanceR = 2.000000, avanceI = 2.000000
inc_x_r = 0.000000, inc_y_r = 1.000000, inc_x_i = 1.000000, inc_y_i = 1.000000
En el else......

----------------------------------------
x = 56.000000, y = 215.000000
avance = -351.000000, avanceR = 2.000000, avanceI = 2.000000
inc_x_r = 0.000000, inc_y_r = 1.000000, inc_x_i = 1.000000, inc_y_i = 1.000000
En el else......

----------------------------------------
x = 56.000000, y = 216.000000
avance = -349.000000, avanceR = 2.000000, avanceI = 2.000000
inc_x_r = 0.000000, inc_y_r = 1.000000, inc_x_i = 1.000000, inc_y_i = 1.000000
En el else......

----------------------------------------
x = 56.000000, y = 217.000000
avance = -347.000000, avanceR = 2.000000, avanceI = 2.000000
inc_x_r = 0.000000, inc_y_r = 1.000000, inc_x_i = 1.000000, inc_y_i = 1.000000
En el else......

----------------------------------------
x = 56.000000, y = 218.000000
avance = -345.000000, avanceR = 2.000000, avanceI = 2.000000
inc_x_r = 0.000000, inc_y_r = 1.000000, inc_x_i = 1.000000, inc_y_i = 1.000000
En el else......

----------------------------------------
x = 56.000000, y = 219.000000
avance = -343.000000, avanceR = 2.000000, avanceI = 2.000000
inc_x_r = 0.000000, inc_y_r = 1.000000, inc_x_i = 1.000000, inc_y_i = 1.000000
En el else......

----------------------------------------
x = 56.000000, y = 220.000000
avance = -341.000000, avanceR = 2.000000, avanceI = 2.000000
inc_x_r = 0.000000, inc_y_r = 1.000000, inc_x_i = 1.000000, inc_y_i = 1.000000
En el else......

----------------------------------------
x = 56.000000, y = 221.000000
avance = -339.000000, avanceR = 2.000000, avanceI = 2.000000
inc_x_r = 0.000000, inc_y_r = 1.000000, inc_x_i = 1.000000, inc_y_i = 1.000000
En el else......

----------------------------------------
x = 56.000000, y = 222.000000
avance = -337.000000, avanceR = 2.000000, avanceI = 2.000000
inc_x_r = 0.000000, inc_y_r = 1.000000, inc_x_i = 1.000000, inc_y_i = 1.000000
En el else......

----------------------------------------
x = 56.000000, y = 223.000000
avance = -335.000000, avanceR = 2.000000, avanceI = 2.000000
inc_x_r = 0.000000, inc_y_r = 1.000000, inc_x_i = 1.000000, inc_y_i = 1.000000
En el else......

----------------------------------------
x = 56.000000, y = 224.000000
avance = -333.000000, avanceR = 2.000000, avanceI = 2.000000
inc_x_r = 0.000000, inc_y_r = 1.000000, inc_x_i = 1.000000, inc_y_i = 1.000000
En el else......

----------------------------------------
x = 56.000000, y = 225.000000
avance = -331.000000, avanceR = 2.000000, avanceI = 2.000000
inc_x_r = 0.000000, inc_y_r = 1.000000, inc_x_i = 1.000000, inc_y_i = 1.000000
En el else......

----------------------------------------
x = 56.000000, y = 226.000000
avance = -329.000000, avanceR = 2.000000, avanceI = 2.000000
inc_x_r = 0.000000, inc_y_r = 1.000000, inc_x_i = 1.000000, inc_y_i = 1.000000
En el else......

----------------------------------------
x = 56.000000, y = 227.000000
avance = -327.000000, avanceR = 2.000000, avanceI = 2.000000
inc_x_r = 0.000000, inc_y_r = 1.000000, inc_x_i = 1.000000, inc_y_i = 1.000000
En el else......

----------------------------------------
x = 56.000000, y = 228.000000
avance = -325.000000, avanceR = 2.000000, avanceI = 2.000000
inc_x_r = 0.000000, inc_y_r = 1.000000, inc_x_i = 1.000000, inc_y_i = 1.000000
En el else......

----------------------------------------
x = 56.000000, y = 229.000000
avance = -323.000000, avanceR = 2.000000, avanceI = 2.000000
inc_x_r = 0.000000, inc_y_r = 1.000000, inc_x_i = 1.000000, inc_y_i = 1.000000
En el else......

----------------------------------------
x = 56.000000, y = 230.000000
avance = -321.000000, avanceR = 2.000000, avanceI = 2.000000
inc_x_r = 0.000000, inc_y_r = 1.000000, inc_x_i = 1.000000, inc_y_i = 1.000000
En el else......

----------------------------------------
x = 56.000000, y = 231.000000
avance = -319.000000, avanceR = 2.000000, avanceI = 2.000000
inc_x_r = 0.000000, inc_y_r = 1.000000, inc_x_i = 1.000000, inc_y_i = 1.000000
En el else......

----------------------------------------
x = 56.000000, y = 232.000000
avance = -317.000000, avanceR = 2.000000, avanceI = 2.000000
inc_x_r = 0.000000, inc_y_r = 1.000000, inc_x_i = 1.000000, inc_y_i = 1.000000
En el else......

----------------------------------------
x = 56.000000, y = 233.000000
avance = -315.000000, avanceR = 2.000000, avanceI = 2.000000
inc_x_r = 0.000000, inc_y_r = 1.000000, inc_x_i = 1.000000, inc_y_i = 1.000000
En el else......

----------------------------------------
x = 56.000000, y = 234.000000
avance = -313.000000, avanceR = 2.000000, avanceI = 2.000000
inc_x_r = 0.000000, inc_y_r = 1.000000, inc_x_i = 1.000000, inc_y_i = 1.000000
En el else......

----------------------------------------
x = 56.000000, y = 235.000000
avance = -311.000000, avanceR = 2.000000, avanceI = 2.000000
inc_x_r = 0.000000, inc_y_r = 1.000000, inc_x_i = 1.000000, inc_y_i = 1.000000
En el else......

----------------------------------------
x = 56.000000, y = 236.000000
avance = -309.000000, avanceR = 2.000000, avanceI = 2.000000
inc_x_r = 0.000000, inc_y_r = 1.000000, inc_x_i = 1.000000, inc_y_i = 1.000000
En el else......

----------------------------------------
x = 56.000000, y = 237.000000
avance = -307.000000, avanceR = 2.000000, avanceI = 2.000000
inc_x_r = 0.000000, inc_y_r = 1.000000, inc_x_i = 1.000000, inc_y_i = 1.000000
En el else......

----------------------------------------
x = 56.000000, y = 238.000000
avance = -305.000000, avanceR = 2.000000, avanceI = 2.000000
inc_x_r = 0.000000, inc_y_r = 1.000000, inc_x_i = 1.000000, inc_y_i = 1.000000
En el else......

----------------------------------------
x = 56.000000, y = 239.000000
avance = -303.000000, avanceR = 2.000000, avanceI = 2.000000
inc_x_r = 0.000000, inc_y_r = 1.000000, inc_x_i = 1.000000, inc_y_i = 1.000000
En el else......

----------------------------------------
x = 56.000000, y = 240.000000
avance = -301.000000, avanceR = 2.000000, avanceI = 2.000000
inc_x_r = 0.000000, inc_y_r = 1.000000, inc_x_i = 1.000000, inc_y_i = 1.000000
En el else......

----------------------------------------
x = 56.000000, y = 241.000000
avance = -299.000000, avanceR = 2.000000, avanceI = 2.000000
inc_x_r = 0.000000, inc_y_r = 1.000000, inc_x_i = 1.000000, inc_y_i = 1.000000
En el else......

----------------------------------------
x = 56.000000, y = 242.000000
avance = -297.000000, avanceR = 2.000000, avanceI = 2.000000
inc_x_r = 0.000000, inc_y_r = 1.000000, inc_x_i = 1.000000, inc_y_i = 1.000000
En el else......

----------------------------------------
x = 56.000000, y = 243.000000
avance = -295.000000, avanceR = 2.000000, avanceI = 2.000000
inc_x_r = 0.000000, inc_y_r = 1.000000, inc_x_i = 1.000000, inc_y_i = 1.000000
En el else......

----------------------------------------
x = 56.000000, y = 244.000000
avance = -293.000000, avanceR = 2.000000, avanceI = 2.000000
inc_x_r = 0.000000, inc_y_r = 1.000000, inc_x_i = 1.000000, inc_y_i = 1.000000
En el else......

----------------------------------------
x = 56.000000, y = 245.000000
avance = -291.000000, avanceR = 2.000000, avanceI = 2.000000
inc_x_r = 0.000000, inc_y_r = 1.000000, inc_x_i = 1.000000, inc_y_i = 1.000000
En el else......

----------------------------------------
x = 56.000000, y = 246.000000
avance = -289.000000, avanceR = 2.000000, avanceI = 2.000000
inc_x_r = 0.000000, inc_y_r = 1.000000, inc_x_i = 1.000000, inc_y_i = 1.000000
En el else......

----------------------------------------
x = 56.000000, y = 247.000000
avance = -287.000000, avanceR = 2.000000, avanceI = 2.000000
inc_x_r = 0.000000, inc_y_r = 1.000000, inc_x_i = 1.000000, inc_y_i = 1.000000
En el else......

----------------------------------------
x = 56.000000, y = 248.000000
avance = -285.000000, avanceR = 2.000000, avanceI = 2.000000
inc_x_r = 0.000000, inc_y_r = 1.000000, inc_x_i = 1.000000, inc_y_i = 1.000000
En el else......

----------------------------------------
x = 56.000000, y = 249.000000
avance = -283.000000, avanceR = 2.000000, avanceI = 2.000000
inc_x_r = 0.000000, inc_y_r = 1.000000, inc_x_i = 1.000000, inc_y_i = 1.000000
En el else......

----------------------------------------
x = 56.000000, y = 250.000000
avance = -281.000000, avanceR = 2.000000, avanceI = 2.000000
inc_x_r = 0.000000, inc_y_r = 1.000000, inc_x_i = 1.000000, inc_y_i = 1.000000
En el else......

----------------------------------------
x = 56.000000, y = 251.000000
avance = -279.000000, avanceR = 2.000000, avanceI = 2.000000
inc_x_r = 0.000000, inc_y_r = 1.000000, inc_x_i = 1.000000, inc_y_i = 1.000000
En el else......

----------------------------------------
x = 56.000000, y = 252.000000
avance = -277.000000, avanceR = 2.000000, avanceI = 2.000000
inc_x_r = 0.000000, inc_y_r = 1.000000, inc_x_i = 1.000000, inc_y_i = 1.000000
En el else......

----------------------------------------
x = 56.000000, y = 253.000000
avance = -275.000000, avanceR = 2.000000, avanceI = 2.000000
inc_x_r = 0.000000, inc_y_r = 1.000000, inc_x_i = 1.000000, inc_y_i = 1.000000
En el else......

----------------------------------------
x = 56.000000, y = 254.000000
avance = -273.000000, avanceR = 2.000000, avanceI = 2.000000
inc_x_r = 0.000000, inc_y_r = 1.000000, inc_x_i = 1.000000, inc_y_i = 1.000000
En el else......

----------------------------------------
x = 56.000000, y = 255.000000
avance = -271.000000, avanceR = 2.000000, avanceI = 2.000000
inc_x_r = 0.000000, inc_y_r = 1.000000, inc_x_i = 1.000000, inc_y_i = 1.000000
En el else......

----------------------------------------
x = 56.000000, y = 256.000000
avance = -269.000000, avanceR = 2.000000, avanceI = 2.000000
inc_x_r = 0.000000, inc_y_r = 1.000000, inc_x_i = 1.000000, inc_y_i = 1.000000
En el else......

----------------------------------------
x = 56.000000, y = 257.000000
avance = -267.000000, avanceR = 2.000000, avanceI = 2.000000
inc_x_r = 0.000000, inc_y_r = 1.000000, inc_x_i = 1.000000, inc_y_i = 1.000000
En el else......

----------------------------------------
x = 56.000000, y = 258.000000
avance = -265.000000, avanceR = 2.000000, avanceI = 2.000000
inc_x_r = 0.000000, inc_y_r = 1.000000, inc_x_i = 1.000000, inc_y_i = 1.000000
En el else......

----------------------------------------
x = 56.000000, y = 259.000000
avance = -263.000000, avanceR = 2.000000, avanceI = 2.000000
inc_x_r = 0.000000, inc_y_r = 1.000000, inc_x_i = 1.000000, inc_y_i = 1.000000
En el else......

----------------------------------------
x = 56.000000, y = 260.000000
avance = -261.000000, avanceR = 2.000000, avanceI = 2.000000
inc_x_r = 0.000000, inc_y_r = 1.000000, inc_x_i = 1.000000, inc_y_i = 1.000000
En el else......

----------------------------------------
x = 56.000000, y = 261.000000
avance = -259.000000, avanceR = 2.000000, avanceI = 2.000000
inc_x_r = 0.000000, inc_y_r = 1.000000, inc_x_i = 1.000000, inc_y_i = 1.000000
En el else......

----------------------------------------
x = 56.000000, y = 262.000000
avance = -257.000000, avanceR = 2.000000, avanceI = 2.000000
inc_x_r = 0.000000, inc_y_r = 1.000000, inc_x_i = 1.000000, inc_y_i = 1.000000
En el else......

----------------------------------------
x = 56.000000, y = 263.000000
avance = -255.000000, avanceR = 2.000000, avanceI = 2.000000
inc_x_r = 0.000000, inc_y_r = 1.000000, inc_x_i = 1.000000, inc_y_i = 1.000000
En el else......

----------------------------------------
x = 56.000000, y = 264.000000
avance = -253.000000, avanceR = 2.000000, avanceI = 2.000000
inc_x_r = 0.000000, inc_y_r = 1.000000, inc_x_i = 1.000000, inc_y_i = 1.000000
En el else......

----------------------------------------
x = 56.000000, y = 265.000000
avance = -251.000000, avanceR = 2.000000, avanceI = 2.000000
inc_x_r = 0.000000, inc_y_r = 1.000000, inc_x_i = 1.000000, inc_y_i = 1.000000
En el else......

----------------------------------------


ENTRAMOS A BRESENHAMªªªª
x1 = 55.000000 - y1 = 15.000000 || x2 = 56.000000 - y2 = 266.000000
dy = 251.000000, dx = 1.000000
avances inclinados: inc_x_i = 1.000000, inc_y_i = 1.000000
updated: dy = 251.000000, dx = 1.000000
avances rectos: inc_x_r = 0.000000, inc_y_r 1.000000
reupdated: dy = 1.000000, dx = 251.000000
avanceR = 2.000000, avance -249.000000, avanceI 2.000000
----------------------------------------
x = 55.000000, y = 15.000000
avance = -249.000000, avanceR = 2.000000, avanceI = 2.000000
inc_x_r = 0.000000, inc_y_r = 1.000000, inc_x_i = 1.000000, inc_y_i = 1.000000
En el else......

----------------------------------------
x = 55.000000, y = 16.000000
avance = -247.000000, avanceR = 2.000000, avanceI = 2.000000
inc_x_r = 0.000000, inc_y_r = 1.000000, inc_x_i = 1.000000, inc_y_i = 1.000000
En el else......

----------------------------------------
x = 55.000000, y = 17.000000
avance = -245.000000, avanceR = 2.000000, avanceI = 2.000000
inc_x_r = 0.000000, inc_y_r = 1.000000, inc_x_i = 1.000000, inc_y_i = 1.000000
En el else......

----------------------------------------
x = 55.000000, y = 18.000000
avance = -243.000000, avanceR = 2.000000, avanceI = 2.000000
inc_x_r = 0.000000, inc_y_r = 1.000000, inc_x_i = 1.000000, inc_y_i = 1.000000
En el else......

----------------------------------------
x = 55.000000, y = 19.000000
avance = -241.000000, avanceR = 2.000000, avanceI = 2.000000
inc_x_r = 0.000000, inc_y_r = 1.000000, inc_x_i = 1.000000, inc_y_i = 1.000000
En el else......

----------------------------------------
x = 55.000000, y = 20.000000
avance = -239.000000, avanceR = 2.000000, avanceI = 2.000000
inc_x_r = 0.000000, inc_y_r = 1.000000, inc_x_i = 1.000000, inc_y_i = 1.000000
En el else......

----------------------------------------
x = 55.000000, y = 21.000000
avance = -237.000000, avanceR = 2.000000, avanceI = 2.000000
inc_x_r = 0.000000, inc_y_r = 1.000000, inc_x_i = 1.000000, inc_y_i = 1.000000
En el else......

----------------------------------------
x = 55.000000, y = 22.000000
avance = -235.000000, avanceR = 2.000000, avanceI = 2.000000
inc_x_r = 0.000000, inc_y_r = 1.000000, inc_x_i = 1.000000, inc_y_i = 1.000000
En el else......

----------------------------------------
x = 55.000000, y = 23.000000
avance = -233.000000, avanceR = 2.000000, avanceI = 2.000000
inc_x_r = 0.000000, inc_y_r = 1.000000, inc_x_i = 1.000000, inc_y_i = 1.000000
En el else......

----------------------------------------
x = 55.000000, y = 24.000000
avance = -231.000000, avanceR = 2.000000, avanceI = 2.000000
inc_x_r = 0.000000, inc_y_r = 1.000000, inc_x_i = 1.000000, inc_y_i = 1.000000
En el else......

----------------------------------------
x = 55.000000, y = 25.000000
avance = -229.000000, avanceR = 2.000000, avanceI = 2.000000
inc_x_r = 0.000000, inc_y_r = 1.000000, inc_x_i = 1.000000, inc_y_i = 1.000000
En el else......

----------------------------------------
x = 55.000000, y = 26.000000
avance = -227.000000, avanceR = 2.000000, avanceI = 2.000000
inc_x_r = 0.000000, inc_y_r = 1.000000, inc_x_i = 1.000000, inc_y_i = 1.000000
En el else......

----------------------------------------
x = 55.000000, y = 27.000000
avance = -225.000000, avanceR = 2.000000, avanceI = 2.000000
inc_x_r = 0.000000, inc_y_r = 1.000000, inc_x_i = 1.000000, inc_y_i = 1.000000
En el else......

----------------------------------------
x = 55.000000, y = 28.000000
avance = -223.000000, avanceR = 2.000000, avanceI = 2.000000
inc_x_r = 0.000000, inc_y_r = 1.000000, inc_x_i = 1.000000, inc_y_i = 1.000000
En el else......

----------------------------------------
x = 55.000000, y = 29.000000
avance = -221.000000, avanceR = 2.000000, avanceI = 2.000000
inc_x_r = 0.000000, inc_y_r = 1.000000, inc_x_i = 1.000000, inc_y_i = 1.000000
En el else......

----------------------------------------
x = 55.000000, y = 30.000000
avance = -219.000000, avanceR = 2.000000, avanceI = 2.000000
inc_x_r = 0.000000, inc_y_r = 1.000000, inc_x_i = 1.000000, inc_y_i = 1.000000
En el else......

----------------------------------------
x = 55.000000, y = 31.000000
avance = -217.000000, avanceR = 2.000000, avanceI = 2.000000
inc_x_r = 0.000000, inc_y_r = 1.000000, inc_x_i = 1.000000, inc_y_i = 1.000000
En el else......

----------------------------------------
x = 55.000000, y = 32.000000
avance = -215.000000, avanceR = 2.000000, avanceI = 2.000000
inc_x_r = 0.000000, inc_y_r = 1.000000, inc_x_i = 1.000000, inc_y_i = 1.000000
En el else......

----------------------------------------
x = 55.000000, y = 33.000000
avance = -213.000000, avanceR = 2.000000, avanceI = 2.000000
inc_x_r = 0.000000, inc_y_r = 1.000000, inc_x_i = 1.000000, inc_y_i = 1.000000
En el else......

----------------------------------------
x = 55.000000, y = 34.000000
avance = -211.000000, avanceR = 2.000000, avanceI = 2.000000
inc_x_r = 0.000000, inc_y_r = 1.000000, inc_x_i = 1.000000, inc_y_i = 1.000000
En el else......

----------------------------------------
x = 55.000000, y = 35.000000
avance = -209.000000, avanceR = 2.000000, avanceI = 2.000000
inc_x_r = 0.000000, inc_y_r = 1.000000, inc_x_i = 1.000000, inc_y_i = 1.000000
En el else......

----------------------------------------
x = 55.000000, y = 36.000000
avance = -207.000000, avanceR = 2.000000, avanceI = 2.000000
inc_x_r = 0.000000, inc_y_r = 1.000000, inc_x_i = 1.000000, inc_y_i = 1.000000
En el else......

----------------------------------------
x = 55.000000, y = 37.000000
avance = -205.000000, avanceR = 2.000000, avanceI = 2.000000
inc_x_r = 0.000000, inc_y_r = 1.000000, inc_x_i = 1.000000, inc_y_i = 1.000000
En el else......

----------------------------------------
x = 55.000000, y = 38.000000
avance = -203.000000, avanceR = 2.000000, avanceI = 2.000000
inc_x_r = 0.000000, inc_y_r = 1.000000, inc_x_i = 1.000000, inc_y_i = 1.000000
En el else......

----------------------------------------
x = 55.000000, y = 39.000000
avance = -201.000000, avanceR = 2.000000, avanceI = 2.000000
inc_x_r = 0.000000, inc_y_r = 1.000000, inc_x_i = 1.000000, inc_y_i = 1.000000
En el else......

----------------------------------------
x = 55.000000, y = 40.000000
avance = -199.000000, avanceR = 2.000000, avanceI = 2.000000
inc_x_r = 0.000000, inc_y_r = 1.000000, inc_x_i = 1.000000, inc_y_i = 1.000000
En el else......

----------------------------------------
x = 55.000000, y = 41.000000
avance = -197.000000, avanceR = 2.000000, avanceI = 2.000000
inc_x_r = 0.000000, inc_y_r = 1.000000, inc_x_i = 1.000000, inc_y_i = 1.000000
En el else......

----------------------------------------
x = 55.000000, y = 42.000000
avance = -195.000000, avanceR = 2.000000, avanceI = 2.000000
inc_x_r = 0.000000, inc_y_r = 1.000000, inc_x_i = 1.000000, inc_y_i = 1.000000
En el else......

----------------------------------------
x = 55.000000, y = 43.000000
avance = -193.000000, avanceR = 2.000000, avanceI = 2.000000
inc_x_r = 0.000000, inc_y_r = 1.000000, inc_x_i = 1.000000, inc_y_i = 1.000000
En el else......

----------------------------------------
x = 55.000000, y = 44.000000
avance = -191.000000, avanceR = 2.000000, avanceI = 2.000000
inc_x_r = 0.000000, inc_y_r = 1.000000, inc_x_i = 1.000000, inc_y_i = 1.000000
En el else......

----------------------------------------
x = 55.000000, y = 45.000000
avance = -189.000000, avanceR = 2.000000, avanceI = 2.000000
inc_x_r = 0.000000, inc_y_r = 1.000000, inc_x_i = 1.000000, inc_y_i = 1.000000
En el else......

----------------------------------------
x = 55.000000, y = 46.000000
avance = -187.000000, avanceR = 2.000000, avanceI = 2.000000
inc_x_r = 0.000000, inc_y_r = 1.000000, inc_x_i = 1.000000, inc_y_i = 1.000000
En el else......

----------------------------------------
x = 55.000000, y = 47.000000
avance = -185.000000, avanceR = 2.000000, avanceI = 2.000000
inc_x_r = 0.000000, inc_y_r = 1.000000, inc_x_i = 1.000000, inc_y_i = 1.000000
En el else......

----------------------------------------
x = 55.000000, y = 48.000000
avance = -183.000000, avanceR = 2.000000, avanceI = 2.000000
inc_x_r = 0.000000, inc_y_r = 1.000000, inc_x_i = 1.000000, inc_y_i = 1.000000
En el else......

----------------------------------------
x = 55.000000, y = 49.000000
avance = -181.000000, avanceR = 2.000000, avanceI = 2.000000
inc_x_r = 0.000000, inc_y_r = 1.000000, inc_x_i = 1.000000, inc_y_i = 1.000000
En el else......

----------------------------------------
x = 55.000000, y = 50.000000
avance = -179.000000, avanceR = 2.000000, avanceI = 2.000000
inc_x_r = 0.000000, inc_y_r = 1.000000, inc_x_i = 1.000000, inc_y_i = 1.000000
En el else......

----------------------------------------
x = 55.000000, y = 51.000000
avance = -177.000000, avanceR = 2.000000, avanceI = 2.000000
inc_x_r = 0.000000, inc_y_r = 1.000000, inc_x_i = 1.000000, inc_y_i = 1.000000
En el else......

----------------------------------------
x = 55.000000, y = 52.000000
avance = -175.000000, avanceR = 2.000000, avanceI = 2.000000
inc_x_r = 0.000000, inc_y_r = 1.000000, inc_x_i = 1.000000, inc_y_i = 1.000000
En el else......

----------------------------------------
x = 55.000000, y = 53.000000
avance = -173.000000, avanceR = 2.000000, avanceI = 2.000000
inc_x_r = 0.000000, inc_y_r = 1.000000, inc_x_i = 1.000000, inc_y_i = 1.000000
En el else......

----------------------------------------
x = 55.000000, y = 54.000000
avance = -171.000000, avanceR = 2.000000, avanceI = 2.000000
inc_x_r = 0.000000, inc_y_r = 1.000000, inc_x_i = 1.000000, inc_y_i = 1.000000
En el else......

----------------------------------------
x = 55.000000, y = 55.000000
avance = -169.000000, avanceR = 2.000000, avanceI = 2.000000
inc_x_r = 0.000000, inc_y_r = 1.000000, inc_x_i = 1.000000, inc_y_i = 1.000000
En el else......

----------------------------------------
x = 55.000000, y = 56.000000
avance = -167.000000, avanceR = 2.000000, avanceI = 2.000000
inc_x_r = 0.000000, inc_y_r = 1.000000, inc_x_i = 1.000000, inc_y_i = 1.000000
En el else......

----------------------------------------
x = 55.000000, y = 57.000000
avance = -165.000000, avanceR = 2.000000, avanceI = 2.000000
inc_x_r = 0.000000, inc_y_r = 1.000000, inc_x_i = 1.000000, inc_y_i = 1.000000
En el else......

----------------------------------------
x = 55.000000, y = 58.000000
avance = -163.000000, avanceR = 2.000000, avanceI = 2.000000
inc_x_r = 0.000000, inc_y_r = 1.000000, inc_x_i = 1.000000, inc_y_i = 1.000000
En el else......

----------------------------------------
x = 55.000000, y = 59.000000
avance = -161.000000, avanceR = 2.000000, avanceI = 2.000000
inc_x_r = 0.000000, inc_y_r = 1.000000, inc_x_i = 1.000000, inc_y_i = 1.000000
En el else......

----------------------------------------
x = 55.000000, y = 60.000000
avance = -159.000000, avanceR = 2.000000, avanceI = 2.000000
inc_x_r = 0.000000, inc_y_r = 1.000000, inc_x_i = 1.000000, inc_y_i = 1.000000
En el else......

----------------------------------------
x = 55.000000, y = 61.000000
avance = -157.000000, avanceR = 2.000000, avanceI = 2.000000
inc_x_r = 0.000000, inc_y_r = 1.000000, inc_x_i = 1.000000, inc_y_i = 1.000000
En el else......

----------------------------------------
x = 55.000000, y = 62.000000
avance = -155.000000, avanceR = 2.000000, avanceI = 2.000000
inc_x_r = 0.000000, inc_y_r = 1.000000, inc_x_i = 1.000000, inc_y_i = 1.000000
En el else......

----------------------------------------
x = 55.000000, y = 63.000000
avance = -153.000000, avanceR = 2.000000, avanceI = 2.000000
inc_x_r = 0.000000, inc_y_r = 1.000000, inc_x_i = 1.000000, inc_y_i = 1.000000
En el else......

----------------------------------------
x = 55.000000, y = 64.000000
avance = -151.000000, avanceR = 2.000000, avanceI = 2.000000
inc_x_r = 0.000000, inc_y_r = 1.000000, inc_x_i = 1.000000, inc_y_i = 1.000000
En el else......

----------------------------------------
x = 55.000000, y = 65.000000
avance = -149.000000, avanceR = 2.000000, avanceI = 2.000000
inc_x_r = 0.000000, inc_y_r = 1.000000, inc_x_i = 1.000000, inc_y_i = 1.000000
En el else......

----------------------------------------
x = 55.000000, y = 66.000000
avance = -147.000000, avanceR = 2.000000, avanceI = 2.000000
inc_x_r = 0.000000, inc_y_r = 1.000000, inc_x_i = 1.000000, inc_y_i = 1.000000
En el else......

----------------------------------------
x = 55.000000, y = 67.000000
avance = -145.000000, avanceR = 2.000000, avanceI = 2.000000
inc_x_r = 0.000000, inc_y_r = 1.000000, inc_x_i = 1.000000, inc_y_i = 1.000000
En el else......

----------------------------------------
x = 55.000000, y = 68.000000
avance = -143.000000, avanceR = 2.000000, avanceI = 2.000000
inc_x_r = 0.000000, inc_y_r = 1.000000, inc_x_i = 1.000000, inc_y_i = 1.000000
En el else......

----------------------------------------
x = 55.000000, y = 69.000000
avance = -141.000000, avanceR = 2.000000, avanceI = 2.000000
inc_x_r = 0.000000, inc_y_r = 1.000000, inc_x_i = 1.000000, inc_y_i = 1.000000
En el else......

----------------------------------------
x = 55.000000, y = 70.000000
avance = -139.000000, avanceR = 2.000000, avanceI = 2.000000
inc_x_r = 0.000000, inc_y_r = 1.000000, inc_x_i = 1.000000, inc_y_i = 1.000000
En el else......

----------------------------------------
x = 55.000000, y = 71.000000
avance = -137.000000, avanceR = 2.000000, avanceI = 2.000000
inc_x_r = 0.000000, inc_y_r = 1.000000, inc_x_i = 1.000000, inc_y_i = 1.000000
En el else......

----------------------------------------
x = 55.000000, y = 72.000000
avance = -135.000000, avanceR = 2.000000, avanceI = 2.000000
inc_x_r = 0.000000, inc_y_r = 1.000000, inc_x_i = 1.000000, inc_y_i = 1.000000
En el else......

----------------------------------------
x = 55.000000, y = 73.000000
avance = -133.000000, avanceR = 2.000000, avanceI = 2.000000
inc_x_r = 0.000000, inc_y_r = 1.000000, inc_x_i = 1.000000, inc_y_i = 1.000000
En el else......

----------------------------------------
x = 55.000000, y = 74.000000
avance = -131.000000, avanceR = 2.000000, avanceI = 2.000000
inc_x_r = 0.000000, inc_y_r = 1.000000, inc_x_i = 1.000000, inc_y_i = 1.000000
En el else......

----------------------------------------
x = 55.000000, y = 75.000000
avance = -129.000000, avanceR = 2.000000, avanceI = 2.000000
inc_x_r = 0.000000, inc_y_r = 1.000000, inc_x_i = 1.000000, inc_y_i = 1.000000
En el else......

----------------------------------------
x = 55.000000, y = 76.000000
avance = -127.000000, avanceR = 2.000000, avanceI = 2.000000
inc_x_r = 0.000000, inc_y_r = 1.000000, inc_x_i = 1.000000, inc_y_i = 1.000000
En el else......

----------------------------------------
x = 55.000000, y = 77.000000
avance = -125.000000, avanceR = 2.000000, avanceI = 2.000000
inc_x_r = 0.000000, inc_y_r = 1.000000, inc_x_i = 1.000000, inc_y_i = 1.000000
En el else......

----------------------------------------
x = 55.000000, y = 78.000000
avance = -123.000000, avanceR = 2.000000, avanceI = 2.000000
inc_x_r = 0.000000, inc_y_r = 1.000000, inc_x_i = 1.000000, inc_y_i = 1.000000
En el else......

----------------------------------------
x = 55.000000, y = 79.000000
avance = -121.000000, avanceR = 2.000000, avanceI = 2.000000
inc_x_r = 0.000000, inc_y_r = 1.000000, inc_x_i = 1.000000, inc_y_i = 1.000000
En el else......

----------------------------------------
x = 55.000000, y = 80.000000
avance = -119.000000, avanceR = 2.000000, avanceI = 2.000000
inc_x_r = 0.000000, inc_y_r = 1.000000, inc_x_i = 1.000000, inc_y_i = 1.000000
En el else......

----------------------------------------
x = 55.000000, y = 81.000000
avance = -117.000000, avanceR = 2.000000, avanceI = 2.000000
inc_x_r = 0.000000, inc_y_r = 1.000000, inc_x_i = 1.000000, inc_y_i = 1.000000
En el else......

----------------------------------------
x = 55.000000, y = 82.000000
avance = -115.000000, avanceR = 2.000000, avanceI = 2.000000
inc_x_r = 0.000000, inc_y_r = 1.000000, inc_x_i = 1.000000, inc_y_i = 1.000000
En el else......

----------------------------------------
x = 55.000000, y = 83.000000
avance = -113.000000, avanceR = 2.000000, avanceI = 2.000000
inc_x_r = 0.000000, inc_y_r = 1.000000, inc_x_i = 1.000000, inc_y_i = 1.000000
En el else......

----------------------------------------
x = 55.000000, y = 84.000000
avance = -111.000000, avanceR = 2.000000, avanceI = 2.000000
inc_x_r = 0.000000, inc_y_r = 1.000000, inc_x_i = 1.000000, inc_y_i = 1.000000
En el else......

----------------------------------------
x = 55.000000, y = 85.000000
avance = -109.000000, avanceR = 2.000000, avanceI = 2.000000
inc_x_r = 0.000000, inc_y_r = 1.000000, inc_x_i = 1.000000, inc_y_i = 1.000000
En el else......

----------------------------------------
x = 55.000000, y = 86.000000
avance = -107.000000, avanceR = 2.000000, avanceI = 2.000000
inc_x_r = 0.000000, inc_y_r = 1.000000, inc_x_i = 1.000000, inc_y_i = 1.000000
En el else......

----------------------------------------
x = 55.000000, y = 87.000000
avance = -105.000000, avanceR = 2.000000, avanceI = 2.000000
inc_x_r = 0.000000, inc_y_r = 1.000000, inc_x_i = 1.000000, inc_y_i = 1.000000
En el else......

----------------------------------------
x = 55.000000, y = 88.000000
avance = -103.000000, avanceR = 2.000000, avanceI = 2.000000
inc_x_r = 0.000000, inc_y_r = 1.000000, inc_x_i = 1.000000, inc_y_i = 1.000000
En el else......

----------------------------------------
x = 55.000000, y = 89.000000
avance = -101.000000, avanceR = 2.000000, avanceI = 2.000000
inc_x_r = 0.000000, inc_y_r = 1.000000, inc_x_i = 1.000000, inc_y_i = 1.000000
En el else......

----------------------------------------
x = 55.000000, y = 90.000000
avance = -99.000000, avanceR = 2.000000, avanceI = 2.000000
inc_x_r = 0.000000, inc_y_r = 1.000000, inc_x_i = 1.000000, inc_y_i = 1.000000
En el else......

----------------------------------------
x = 55.000000, y = 91.000000
avance = -97.000000, avanceR = 2.000000, avanceI = 2.000000
inc_x_r = 0.000000, inc_y_r = 1.000000, inc_x_i = 1.000000, inc_y_i = 1.000000
En el else......

----------------------------------------
x = 55.000000, y = 92.000000
avance = -95.000000, avanceR = 2.000000, avanceI = 2.000000
inc_x_r = 0.000000, inc_y_r = 1.000000, inc_x_i = 1.000000, inc_y_i = 1.000000
En el else......

----------------------------------------
x = 55.000000, y = 93.000000
avance = -93.000000, avanceR = 2.000000, avanceI = 2.000000
inc_x_r = 0.000000, inc_y_r = 1.000000, inc_x_i = 1.000000, inc_y_i = 1.000000
En el else......

----------------------------------------
x = 55.000000, y = 94.000000
avance = -91.000000, avanceR = 2.000000, avanceI = 2.000000
inc_x_r = 0.000000, inc_y_r = 1.000000, inc_x_i = 1.000000, inc_y_i = 1.000000
En el else......

----------------------------------------
x = 55.000000, y = 95.000000
avance = -89.000000, avanceR = 2.000000, avanceI = 2.000000
inc_x_r = 0.000000, inc_y_r = 1.000000, inc_x_i = 1.000000, inc_y_i = 1.000000
En el else......

----------------------------------------
x = 55.000000, y = 96.000000
avance = -87.000000, avanceR = 2.000000, avanceI = 2.000000
inc_x_r = 0.000000, inc_y_r = 1.000000, inc_x_i = 1.000000, inc_y_i = 1.000000
En el else......

----------------------------------------
x = 55.000000, y = 97.000000
avance = -85.000000, avanceR = 2.000000, avanceI = 2.000000
inc_x_r = 0.000000, inc_y_r = 1.000000, inc_x_i = 1.000000, inc_y_i = 1.000000
En el else......

----------------------------------------
x = 55.000000, y = 98.000000
avance = -83.000000, avanceR = 2.000000, avanceI = 2.000000
inc_x_r = 0.000000, inc_y_r = 1.000000, inc_x_i = 1.000000, inc_y_i = 1.000000
En el else......

----------------------------------------
x = 55.000000, y = 99.000000
avance = -81.000000, avanceR = 2.000000, avanceI = 2.000000
inc_x_r = 0.000000, inc_y_r = 1.000000, inc_x_i = 1.000000, inc_y_i = 1.000000
En el else......

----------------------------------------
x = 55.000000, y = 100.000000
avance = -79.000000, avanceR = 2.000000, avanceI = 2.000000
inc_x_r = 0.000000, inc_y_r = 1.000000, inc_x_i = 1.000000, inc_y_i = 1.000000
En el else......

----------------------------------------
x = 55.000000, y = 101.000000
avance = -77.000000, avanceR = 2.000000, avanceI = 2.000000
inc_x_r = 0.000000, inc_y_r = 1.000000, inc_x_i = 1.000000, inc_y_i = 1.000000
En el else......

----------------------------------------
x = 55.000000, y = 102.000000
avance = -75.000000, avanceR = 2.000000, avanceI = 2.000000
inc_x_r = 0.000000, inc_y_r = 1.000000, inc_x_i = 1.000000, inc_y_i = 1.000000
En el else......

----------------------------------------
x = 55.000000, y = 103.000000
avance = -73.000000, avanceR = 2.000000, avanceI = 2.000000
inc_x_r = 0.000000, inc_y_r = 1.000000, inc_x_i = 1.000000, inc_y_i = 1.000000
En el else......

----------------------------------------
x = 55.000000, y = 104.000000
avance = -71.000000, avanceR = 2.000000, avanceI = 2.000000
inc_x_r = 0.000000, inc_y_r = 1.000000, inc_x_i = 1.000000, inc_y_i = 1.000000
En el else......

----------------------------------------
x = 55.000000, y = 105.000000
avance = -69.000000, avanceR = 2.000000, avanceI = 2.000000
inc_x_r = 0.000000, inc_y_r = 1.000000, inc_x_i = 1.000000, inc_y_i = 1.000000
En el else......

----------------------------------------
x = 55.000000, y = 106.000000
avance = -67.000000, avanceR = 2.000000, avanceI = 2.000000
inc_x_r = 0.000000, inc_y_r = 1.000000, inc_x_i = 1.000000, inc_y_i = 1.000000
En el else......

----------------------------------------
x = 55.000000, y = 107.000000
avance = -65.000000, avanceR = 2.000000, avanceI = 2.000000
inc_x_r = 0.000000, inc_y_r = 1.000000, inc_x_i = 1.000000, inc_y_i = 1.000000
En el else......

----------------------------------------
x = 55.000000, y = 108.000000
avance = -63.000000, avanceR = 2.000000, avanceI = 2.000000
inc_x_r = 0.000000, inc_y_r = 1.000000, inc_x_i = 1.000000, inc_y_i = 1.000000
En el else......

----------------------------------------
x = 55.000000, y = 109.000000
avance = -61.000000, avanceR = 2.000000, avanceI = 2.000000
inc_x_r = 0.000000, inc_y_r = 1.000000, inc_x_i = 1.000000, inc_y_i = 1.000000
En el else......

----------------------------------------
x = 55.000000, y = 110.000000
avance = -59.000000, avanceR = 2.000000, avanceI = 2.000000
inc_x_r = 0.000000, inc_y_r = 1.000000, inc_x_i = 1.000000, inc_y_i = 1.000000
En el else......

----------------------------------------
x = 55.000000, y = 111.000000
avance = -57.000000, avanceR = 2.000000, avanceI = 2.000000
inc_x_r = 0.000000, inc_y_r = 1.000000, inc_x_i = 1.000000, inc_y_i = 1.000000
En el else......

----------------------------------------
x = 55.000000, y = 112.000000
avance = -55.000000, avanceR = 2.000000, avanceI = 2.000000
inc_x_r = 0.000000, inc_y_r = 1.000000, inc_x_i = 1.000000, inc_y_i = 1.000000
En el else......

----------------------------------------
x = 55.000000, y = 113.000000
avance = -53.000000, avanceR = 2.000000, avanceI = 2.000000
inc_x_r = 0.000000, inc_y_r = 1.000000, inc_x_i = 1.000000, inc_y_i = 1.000000
En el else......

----------------------------------------
x = 55.000000, y = 114.000000
avance = -51.000000, avanceR = 2.000000, avanceI = 2.000000
inc_x_r = 0.000000, inc_y_r = 1.000000, inc_x_i = 1.000000, inc_y_i = 1.000000
En el else......

----------------------------------------
x = 55.000000, y = 115.000000
avance = -49.000000, avanceR = 2.000000, avanceI = 2.000000
inc_x_r = 0.000000, inc_y_r = 1.000000, inc_x_i = 1.000000, inc_y_i = 1.000000
En el else......

----------------------------------------
x = 55.000000, y = 116.000000
avance = -47.000000, avanceR = 2.000000, avanceI = 2.000000
inc_x_r = 0.000000, inc_y_r = 1.000000, inc_x_i = 1.000000, inc_y_i = 1.000000
En el else......

----------------------------------------
x = 55.000000, y = 117.000000
avance = -45.000000, avanceR = 2.000000, avanceI = 2.000000
inc_x_r = 0.000000, inc_y_r = 1.000000, inc_x_i = 1.000000, inc_y_i = 1.000000
En el else......

----------------------------------------
x = 55.000000, y = 118.000000
avance = -43.000000, avanceR = 2.000000, avanceI = 2.000000
inc_x_r = 0.000000, inc_y_r = 1.000000, inc_x_i = 1.000000, inc_y_i = 1.000000
En el else......

----------------------------------------
x = 55.000000, y = 119.000000
avance = -41.000000, avanceR = 2.000000, avanceI = 2.000000
inc_x_r = 0.000000, inc_y_r = 1.000000, inc_x_i = 1.000000, inc_y_i = 1.000000
En el else......

----------------------------------------
x = 55.000000, y = 120.000000
avance = -39.000000, avanceR = 2.000000, avanceI = 2.000000
inc_x_r = 0.000000, inc_y_r = 1.000000, inc_x_i = 1.000000, inc_y_i = 1.000000
En el else......

----------------------------------------
x = 55.000000, y = 121.000000
avance = -37.000000, avanceR = 2.000000, avanceI = 2.000000
inc_x_r = 0.000000, inc_y_r = 1.000000, inc_x_i = 1.000000, inc_y_i = 1.000000
En el else......

----------------------------------------
x = 55.000000, y = 122.000000
avance = -35.000000, avanceR = 2.000000, avanceI = 2.000000
inc_x_r = 0.000000, inc_y_r = 1.000000, inc_x_i = 1.000000, inc_y_i = 1.000000
En el else......

----------------------------------------
x = 55.000000, y = 123.000000
avance = -33.000000, avanceR = 2.000000, avanceI = 2.000000
inc_x_r = 0.000000, inc_y_r = 1.000000, inc_x_i = 1.000000, inc_y_i = 1.000000
En el else......

----------------------------------------
x = 55.000000, y = 124.000000
avance = -31.000000, avanceR = 2.000000, avanceI = 2.000000
inc_x_r = 0.000000, inc_y_r = 1.000000, inc_x_i = 1.000000, inc_y_i = 1.000000
En el else......

----------------------------------------
x = 55.000000, y = 125.000000
avance = -29.000000, avanceR = 2.000000, avanceI = 2.000000
inc_x_r = 0.000000, inc_y_r = 1.000000, inc_x_i = 1.000000, inc_y_i = 1.000000
En el else......

----------------------------------------
x = 55.000000, y = 126.000000
avance = -27.000000, avanceR = 2.000000, avanceI = 2.000000
inc_x_r = 0.000000, inc_y_r = 1.000000, inc_x_i = 1.000000, inc_y_i = 1.000000
En el else......

----------------------------------------
x = 55.000000, y = 127.000000
avance = -25.000000, avanceR = 2.000000, avanceI = 2.000000
inc_x_r = 0.000000, inc_y_r = 1.000000, inc_x_i = 1.000000, inc_y_i = 1.000000
En el else......

----------------------------------------
x = 55.000000, y = 128.000000
avance = -23.000000, avanceR = 2.000000, avanceI = 2.000000
inc_x_r = 0.000000, inc_y_r = 1.000000, inc_x_i = 1.000000, inc_y_i = 1.000000
En el else......

----------------------------------------
x = 55.000000, y = 129.000000
avance = -21.000000, avanceR = 2.000000, avanceI = 2.000000
inc_x_r = 0.000000, inc_y_r = 1.000000, inc_x_i = 1.000000, inc_y_i = 1.000000
En el else......

----------------------------------------
x = 55.000000, y = 130.000000
avance = -19.000000, avanceR = 2.000000, avanceI = 2.000000
inc_x_r = 0.000000, inc_y_r = 1.000000, inc_x_i = 1.000000, inc_y_i = 1.000000
En el else......

----------------------------------------
x = 55.000000, y = 131.000000
avance = -17.000000, avanceR = 2.000000, avanceI = 2.000000
inc_x_r = 0.000000, inc_y_r = 1.000000, inc_x_i = 1.000000, inc_y_i = 1.000000
En el else......

----------------------------------------
x = 55.000000, y = 132.000000
avance = -15.000000, avanceR = 2.000000, avanceI = 2.000000
inc_x_r = 0.000000, inc_y_r = 1.000000, inc_x_i = 1.000000, inc_y_i = 1.000000
En el else......

----------------------------------------
x = 55.000000, y = 133.000000
avance = -13.000000, avanceR = 2.000000, avanceI = 2.000000
inc_x_r = 0.000000, inc_y_r = 1.000000, inc_x_i = 1.000000, inc_y_i = 1.000000
En el else......

----------------------------------------
x = 55.000000, y = 134.000000
avance = -11.000000, avanceR = 2.000000, avanceI = 2.000000
inc_x_r = 0.000000, inc_y_r = 1.000000, inc_x_i = 1.000000, inc_y_i = 1.000000
En el else......

----------------------------------------
x = 55.000000, y = 135.000000
avance = -9.000000, avanceR = 2.000000, avanceI = 2.000000
inc_x_r = 0.000000, inc_y_r = 1.000000, inc_x_i = 1.000000, inc_y_i = 1.000000
En el else......

----------------------------------------
x = 55.000000, y = 136.000000
avance = -7.000000, avanceR = 2.000000, avanceI = 2.000000
inc_x_r = 0.000000, inc_y_r = 1.000000, inc_x_i = 1.000000, inc_y_i = 1.000000
En el else......

----------------------------------------
x = 55.000000, y = 137.000000
avance = -5.000000, avanceR = 2.000000, avanceI = 2.000000
inc_x_r = 0.000000, inc_y_r = 1.000000, inc_x_i = 1.000000, inc_y_i = 1.000000
En el else......

----------------------------------------
x = 55.000000, y = 138.000000
avance = -3.000000, avanceR = 2.000000, avanceI = 2.000000
inc_x_r = 0.000000, inc_y_r = 1.000000, inc_x_i = 1.000000, inc_y_i = 1.000000
En el else......

----------------------------------------
x = 55.000000, y = 139.000000
avance = -1.000000, avanceR = 2.000000, avanceI = 2.000000
inc_x_r = 0.000000, inc_y_r = 1.000000, inc_x_i = 1.000000, inc_y_i = 1.000000
En el else......

----------------------------------------
x = 55.000000, y = 140.000000
avance = 1.000000, avanceR = 2.000000, avanceI = 2.000000
inc_x_r = 0.000000, inc_y_r = 1.000000, inc_x_i = 1.000000, inc_y_i = 1.000000
avance >= 0

----------------------------------------
x = 56.000000, y = 141.000000
avance = -499.000000, avanceR = 2.000000, avanceI = 2.000000
inc_x_r = 0.000000, inc_y_r = 1.000000, inc_x_i = 1.000000, inc_y_i = 1.000000
En el else......

----------------------------------------
x = 56.000000, y = 142.000000
avance = -497.000000, avanceR = 2.000000, avanceI = 2.000000
inc_x_r = 0.000000, inc_y_r = 1.000000, inc_x_i = 1.000000, inc_y_i = 1.000000
En el else......

----------------------------------------
x = 56.000000, y = 143.000000
avance = -495.000000, avanceR = 2.000000, avanceI = 2.000000
inc_x_r = 0.000000, inc_y_r = 1.000000, inc_x_i = 1.000000, inc_y_i = 1.000000
En el else......

----------------------------------------
x = 56.000000, y = 144.000000
avance = -493.000000, avanceR = 2.000000, avanceI = 2.000000
inc_x_r = 0.000000, inc_y_r = 1.000000, inc_x_i = 1.000000, inc_y_i = 1.000000
En el else......

----------------------------------------
x = 56.000000, y = 145.000000
avance = -491.000000, avanceR = 2.000000, avanceI = 2.000000
inc_x_r = 0.000000, inc_y_r = 1.000000, inc_x_i = 1.000000, inc_y_i = 1.000000
En el else......

----------------------------------------
x = 56.000000, y = 146.000000
avance = -489.000000, avanceR = 2.000000, avanceI = 2.000000
inc_x_r = 0.000000, inc_y_r = 1.000000, inc_x_i = 1.000000, inc_y_i = 1.000000
En el else......

----------------------------------------
x = 56.000000, y = 147.000000
avance = -487.000000, avanceR = 2.000000, avanceI = 2.000000
inc_x_r = 0.000000, inc_y_r = 1.000000, inc_x_i = 1.000000, inc_y_i = 1.000000
En el else......

----------------------------------------
x = 56.000000, y = 148.000000
avance = -485.000000, avanceR = 2.000000, avanceI = 2.000000
inc_x_r = 0.000000, inc_y_r = 1.000000, inc_x_i = 1.000000, inc_y_i = 1.000000
En el else......

----------------------------------------
x = 56.000000, y = 149.000000
avance = -483.000000, avanceR = 2.000000, avanceI = 2.000000
inc_x_r = 0.000000, inc_y_r = 1.000000, inc_x_i = 1.000000, inc_y_i = 1.000000
En el else......

----------------------------------------
x = 56.000000, y = 150.000000
avance = -481.000000, avanceR = 2.000000, avanceI = 2.000000
inc_x_r = 0.000000, inc_y_r = 1.000000, inc_x_i = 1.000000, inc_y_i = 1.000000
En el else......

----------------------------------------
x = 56.000000, y = 151.000000
avance = -479.000000, avanceR = 2.000000, avanceI = 2.000000
inc_x_r = 0.000000, inc_y_r = 1.000000, inc_x_i = 1.000000, inc_y_i = 1.000000
En el else......

----------------------------------------
x = 56.000000, y = 152.000000
avance = -477.000000, avanceR = 2.000000, avanceI = 2.000000
inc_x_r = 0.000000, inc_y_r = 1.000000, inc_x_i = 1.000000, inc_y_i = 1.000000
En el else......

----------------------------------------
x = 56.000000, y = 153.000000
avance = -475.000000, avanceR = 2.000000, avanceI = 2.000000
inc_x_r = 0.000000, inc_y_r = 1.000000, inc_x_i = 1.000000, inc_y_i = 1.000000
En el else......

----------------------------------------
x = 56.000000, y = 154.000000
avance = -473.000000, avanceR = 2.000000, avanceI = 2.000000
inc_x_r = 0.000000, inc_y_r = 1.000000, inc_x_i = 1.000000, inc_y_i = 1.000000
En el else......

----------------------------------------
x = 56.000000, y = 155.000000
avance = -471.000000, avanceR = 2.000000, avanceI = 2.000000
inc_x_r = 0.000000, inc_y_r = 1.000000, inc_x_i = 1.000000, inc_y_i = 1.000000
En el else......

----------------------------------------
x = 56.000000, y = 156.000000
avance = -469.000000, avanceR = 2.000000, avanceI = 2.000000
inc_x_r = 0.000000, inc_y_r = 1.000000, inc_x_i = 1.000000, inc_y_i = 1.000000
En el else......

----------------------------------------
x = 56.000000, y = 157.000000
avance = -467.000000, avanceR = 2.000000, avanceI = 2.000000
inc_x_r = 0.000000, inc_y_r = 1.000000, inc_x_i = 1.000000, inc_y_i = 1.000000
En el else......

----------------------------------------
x = 56.000000, y = 158.000000
avance = -465.000000, avanceR = 2.000000, avanceI = 2.000000
inc_x_r = 0.000000, inc_y_r = 1.000000, inc_x_i = 1.000000, inc_y_i = 1.000000
En el else......

----------------------------------------
x = 56.000000, y = 159.000000
avance = -463.000000, avanceR = 2.000000, avanceI = 2.000000
inc_x_r = 0.000000, inc_y_r = 1.000000, inc_x_i = 1.000000, inc_y_i = 1.000000
En el else......

----------------------------------------
x = 56.000000, y = 160.000000
avance = -461.000000, avanceR = 2.000000, avanceI = 2.000000
inc_x_r = 0.000000, inc_y_r = 1.000000, inc_x_i = 1.000000, inc_y_i = 1.000000
En el else......

----------------------------------------
x = 56.000000, y = 161.000000
avance = -459.000000, avanceR = 2.000000, avanceI = 2.000000
inc_x_r = 0.000000, inc_y_r = 1.000000, inc_x_i = 1.000000, inc_y_i = 1.000000
En el else......

----------------------------------------
x = 56.000000, y = 162.000000
avance = -457.000000, avanceR = 2.000000, avanceI = 2.000000
inc_x_r = 0.000000, inc_y_r = 1.000000, inc_x_i = 1.000000, inc_y_i = 1.000000
En el else......

----------------------------------------
x = 56.000000, y = 163.000000
avance = -455.000000, avanceR = 2.000000, avanceI = 2.000000
inc_x_r = 0.000000, inc_y_r = 1.000000, inc_x_i = 1.000000, inc_y_i = 1.000000
En el else......

----------------------------------------
x = 56.000000, y = 164.000000
avance = -453.000000, avanceR = 2.000000, avanceI = 2.000000
inc_x_r = 0.000000, inc_y_r = 1.000000, inc_x_i = 1.000000, inc_y_i = 1.000000
En el else......

----------------------------------------
x = 56.000000, y = 165.000000
avance = -451.000000, avanceR = 2.000000, avanceI = 2.000000
inc_x_r = 0.000000, inc_y_r = 1.000000, inc_x_i = 1.000000, inc_y_i = 1.000000
En el else......

----------------------------------------
x = 56.000000, y = 166.000000
avance = -449.000000, avanceR = 2.000000, avanceI = 2.000000
inc_x_r = 0.000000, inc_y_r = 1.000000, inc_x_i = 1.000000, inc_y_i = 1.000000
En el else......

----------------------------------------
x = 56.000000, y = 167.000000
avance = -447.000000, avanceR = 2.000000, avanceI = 2.000000
inc_x_r = 0.000000, inc_y_r = 1.000000, inc_x_i = 1.000000, inc_y_i = 1.000000
En el else......

----------------------------------------
x = 56.000000, y = 168.000000
avance = -445.000000, avanceR = 2.000000, avanceI = 2.000000
inc_x_r = 0.000000, inc_y_r = 1.000000, inc_x_i = 1.000000, inc_y_i = 1.000000
En el else......

----------------------------------------
x = 56.000000, y = 169.000000
avance = -443.000000, avanceR = 2.000000, avanceI = 2.000000
inc_x_r = 0.000000, inc_y_r = 1.000000, inc_x_i = 1.000000, inc_y_i = 1.000000
En el else......

----------------------------------------
x = 56.000000, y = 170.000000
avance = -441.000000, avanceR = 2.000000, avanceI = 2.000000
inc_x_r = 0.000000, inc_y_r = 1.000000, inc_x_i = 1.000000, inc_y_i = 1.000000
En el else......

----------------------------------------
x = 56.000000, y = 171.000000
avance = -439.000000, avanceR = 2.000000, avanceI = 2.000000
inc_x_r = 0.000000, inc_y_r = 1.000000, inc_x_i = 1.000000, inc_y_i = 1.000000
En el else......

----------------------------------------
x = 56.000000, y = 172.000000
avance = -437.000000, avanceR = 2.000000, avanceI = 2.000000
inc_x_r = 0.000000, inc_y_r = 1.000000, inc_x_i = 1.000000, inc_y_i = 1.000000
En el else......

----------------------------------------
x = 56.000000, y = 173.000000
avance = -435.000000, avanceR = 2.000000, avanceI = 2.000000
inc_x_r = 0.000000, inc_y_r = 1.000000, inc_x_i = 1.000000, inc_y_i = 1.000000
En el else......

----------------------------------------
x = 56.000000, y = 174.000000
avance = -433.000000, avanceR = 2.000000, avanceI = 2.000000
inc_x_r = 0.000000, inc_y_r = 1.000000, inc_x_i = 1.000000, inc_y_i = 1.000000
En el else......

----------------------------------------
x = 56.000000, y = 175.000000
avance = -431.000000, avanceR = 2.000000, avanceI = 2.000000
inc_x_r = 0.000000, inc_y_r = 1.000000, inc_x_i = 1.000000, inc_y_i = 1.000000
En el else......

----------------------------------------
x = 56.000000, y = 176.000000
avance = -429.000000, avanceR = 2.000000, avanceI = 2.000000
inc_x_r = 0.000000, inc_y_r = 1.000000, inc_x_i = 1.000000, inc_y_i = 1.000000
En el else......

----------------------------------------
x = 56.000000, y = 177.000000
avance = -427.000000, avanceR = 2.000000, avanceI = 2.000000
inc_x_r = 0.000000, inc_y_r = 1.000000, inc_x_i = 1.000000, inc_y_i = 1.000000
En el else......

----------------------------------------
x = 56.000000, y = 178.000000
avance = -425.000000, avanceR = 2.000000, avanceI = 2.000000
inc_x_r = 0.000000, inc_y_r = 1.000000, inc_x_i = 1.000000, inc_y_i = 1.000000
En el else......

----------------------------------------
x = 56.000000, y = 179.000000
avance = -423.000000, avanceR = 2.000000, avanceI = 2.000000
inc_x_r = 0.000000, inc_y_r = 1.000000, inc_x_i = 1.000000, inc_y_i = 1.000000
En el else......

----------------------------------------
x = 56.000000, y = 180.000000
avance = -421.000000, avanceR = 2.000000, avanceI = 2.000000
inc_x_r = 0.000000, inc_y_r = 1.000000, inc_x_i = 1.000000, inc_y_i = 1.000000
En el else......

----------------------------------------
x = 56.000000, y = 181.000000
avance = -419.000000, avanceR = 2.000000, avanceI = 2.000000
inc_x_r = 0.000000, inc_y_r = 1.000000, inc_x_i = 1.000000, inc_y_i = 1.000000
En el else......

----------------------------------------
x = 56.000000, y = 182.000000
avance = -417.000000, avanceR = 2.000000, avanceI = 2.000000
inc_x_r = 0.000000, inc_y_r = 1.000000, inc_x_i = 1.000000, inc_y_i = 1.000000
En el else......

----------------------------------------
x = 56.000000, y = 183.000000
avance = -415.000000, avanceR = 2.000000, avanceI = 2.000000
inc_x_r = 0.000000, inc_y_r = 1.000000, inc_x_i = 1.000000, inc_y_i = 1.000000
En el else......

----------------------------------------
x = 56.000000, y = 184.000000
avance = -413.000000, avanceR = 2.000000, avanceI = 2.000000
inc_x_r = 0.000000, inc_y_r = 1.000000, inc_x_i = 1.000000, inc_y_i = 1.000000
En el else......

----------------------------------------
x = 56.000000, y = 185.000000
avance = -411.000000, avanceR = 2.000000, avanceI = 2.000000
inc_x_r = 0.000000, inc_y_r = 1.000000, inc_x_i = 1.000000, inc_y_i = 1.000000
En el else......

----------------------------------------
x = 56.000000, y = 186.000000
avance = -409.000000, avanceR = 2.000000, avanceI = 2.000000
inc_x_r = 0.000000, inc_y_r = 1.000000, inc_x_i = 1.000000, inc_y_i = 1.000000
En el else......

----------------------------------------
x = 56.000000, y = 187.000000
avance = -407.000000, avanceR = 2.000000, avanceI = 2.000000
inc_x_r = 0.000000, inc_y_r = 1.000000, inc_x_i = 1.000000, inc_y_i = 1.000000
En el else......

----------------------------------------
x = 56.000000, y = 188.000000
avance = -405.000000, avanceR = 2.000000, avanceI = 2.000000
inc_x_r = 0.000000, inc_y_r = 1.000000, inc_x_i = 1.000000, inc_y_i = 1.000000
En el else......

----------------------------------------
x = 56.000000, y = 189.000000
avance = -403.000000, avanceR = 2.000000, avanceI = 2.000000
inc_x_r = 0.000000, inc_y_r = 1.000000, inc_x_i = 1.000000, inc_y_i = 1.000000
En el else......

----------------------------------------
x = 56.000000, y = 190.000000
avance = -401.000000, avanceR = 2.000000, avanceI = 2.000000
inc_x_r = 0.000000, inc_y_r = 1.000000, inc_x_i = 1.000000, inc_y_i = 1.000000
En el else......

----------------------------------------
x = 56.000000, y = 191.000000
avance = -399.000000, avanceR = 2.000000, avanceI = 2.000000
inc_x_r = 0.000000, inc_y_r = 1.000000, inc_x_i = 1.000000, inc_y_i = 1.000000
En el else......

----------------------------------------
x = 56.000000, y = 192.000000
avance = -397.000000, avanceR = 2.000000, avanceI = 2.000000
inc_x_r = 0.000000, inc_y_r = 1.000000, inc_x_i = 1.000000, inc_y_i = 1.000000
En el else......

----------------------------------------
x = 56.000000, y = 193.000000
avance = -395.000000, avanceR = 2.000000, avanceI = 2.000000
inc_x_r = 0.000000, inc_y_r = 1.000000, inc_x_i = 1.000000, inc_y_i = 1.000000
En el else......

----------------------------------------
x = 56.000000, y = 194.000000
avance = -393.000000, avanceR = 2.000000, avanceI = 2.000000
inc_x_r = 0.000000, inc_y_r = 1.000000, inc_x_i = 1.000000, inc_y_i = 1.000000
En el else......

----------------------------------------
x = 56.000000, y = 195.000000
avance = -391.000000, avanceR = 2.000000, avanceI = 2.000000
inc_x_r = 0.000000, inc_y_r = 1.000000, inc_x_i = 1.000000, inc_y_i = 1.000000
En el else......

----------------------------------------
x = 56.000000, y = 196.000000
avance = -389.000000, avanceR = 2.000000, avanceI = 2.000000
inc_x_r = 0.000000, inc_y_r = 1.000000, inc_x_i = 1.000000, inc_y_i = 1.000000
En el else......

----------------------------------------
x = 56.000000, y = 197.000000
avance = -387.000000, avanceR = 2.000000, avanceI = 2.000000
inc_x_r = 0.000000, inc_y_r = 1.000000, inc_x_i = 1.000000, inc_y_i = 1.000000
En el else......

----------------------------------------
x = 56.000000, y = 198.000000
avance = -385.000000, avanceR = 2.000000, avanceI = 2.000000
inc_x_r = 0.000000, inc_y_r = 1.000000, inc_x_i = 1.000000, inc_y_i = 1.000000
En el else......

----------------------------------------
x = 56.000000, y = 199.000000
avance = -383.000000, avanceR = 2.000000, avanceI = 2.000000
inc_x_r = 0.000000, inc_y_r = 1.000000, inc_x_i = 1.000000, inc_y_i = 1.000000
En el else......

----------------------------------------
x = 56.000000, y = 200.000000
avance = -381.000000, avanceR = 2.000000, avanceI = 2.000000
inc_x_r = 0.000000, inc_y_r = 1.000000, inc_x_i = 1.000000, inc_y_i = 1.000000
En el else......

----------------------------------------
x = 56.000000, y = 201.000000
avance = -379.000000, avanceR = 2.000000, avanceI = 2.000000
inc_x_r = 0.000000, inc_y_r = 1.000000, inc_x_i = 1.000000, inc_y_i = 1.000000
En el else......

----------------------------------------
x = 56.000000, y = 202.000000
avance = -377.000000, avanceR = 2.000000, avanceI = 2.000000
inc_x_r = 0.000000, inc_y_r = 1.000000, inc_x_i = 1.000000, inc_y_i = 1.000000
En el else......

----------------------------------------
x = 56.000000, y = 203.000000
avance = -375.000000, avanceR = 2.000000, avanceI = 2.000000
inc_x_r = 0.000000, inc_y_r = 1.000000, inc_x_i = 1.000000, inc_y_i = 1.000000
En el else......

----------------------------------------
x = 56.000000, y = 204.000000
avance = -373.000000, avanceR = 2.000000, avanceI = 2.000000
inc_x_r = 0.000000, inc_y_r = 1.000000, inc_x_i = 1.000000, inc_y_i = 1.000000
En el else......

----------------------------------------
x = 56.000000, y = 205.000000
avance = -371.000000, avanceR = 2.000000, avanceI = 2.000000
inc_x_r = 0.000000, inc_y_r = 1.000000, inc_x_i = 1.000000, inc_y_i = 1.000000
En el else......

----------------------------------------
x = 56.000000, y = 206.000000
avance = -369.000000, avanceR = 2.000000, avanceI = 2.000000
inc_x_r = 0.000000, inc_y_r = 1.000000, inc_x_i = 1.000000, inc_y_i = 1.000000
En el else......

----------------------------------------
x = 56.000000, y = 207.000000
avance = -367.000000, avanceR = 2.000000, avanceI = 2.000000
inc_x_r = 0.000000, inc_y_r = 1.000000, inc_x_i = 1.000000, inc_y_i = 1.000000
En el else......

----------------------------------------
x = 56.000000, y = 208.000000
avance = -365.000000, avanceR = 2.000000, avanceI = 2.000000
inc_x_r = 0.000000, inc_y_r = 1.000000, inc_x_i = 1.000000, inc_y_i = 1.000000
En el else......

----------------------------------------
x = 56.000000, y = 209.000000
avance = -363.000000, avanceR = 2.000000, avanceI = 2.000000
inc_x_r = 0.000000, inc_y_r = 1.000000, inc_x_i = 1.000000, inc_y_i = 1.000000
En el else......

----------------------------------------
x = 56.000000, y = 210.000000
avance = -361.000000, avanceR = 2.000000, avanceI = 2.000000
inc_x_r = 0.000000, inc_y_r = 1.000000, inc_x_i = 1.000000, inc_y_i = 1.000000
En el else......

----------------------------------------
x = 56.000000, y = 211.000000
avance = -359.000000, avanceR = 2.000000, avanceI = 2.000000
inc_x_r = 0.000000, inc_y_r = 1.000000, inc_x_i = 1.000000, inc_y_i = 1.000000
En el else......

----------------------------------------
x = 56.000000, y = 212.000000
avance = -357.000000, avanceR = 2.000000, avanceI = 2.000000
inc_x_r = 0.000000, inc_y_r = 1.000000, inc_x_i = 1.000000, inc_y_i = 1.000000
En el else......

----------------------------------------
x = 56.000000, y = 213.000000
avance = -355.000000, avanceR = 2.000000, avanceI = 2.000000
inc_x_r = 0.000000, inc_y_r = 1.000000, inc_x_i = 1.000000, inc_y_i = 1.000000
En el else......

----------------------------------------
x = 56.000000, y = 214.000000
avance = -353.000000, avanceR = 2.000000, avanceI = 2.000000
inc_x_r = 0.000000, inc_y_r = 1.000000, inc_x_i = 1.000000, inc_y_i = 1.000000
En el else......

----------------------------------------
x = 56.000000, y = 215.000000
avance = -351.000000, avanceR = 2.000000, avanceI = 2.000000
inc_x_r = 0.000000, inc_y_r = 1.000000, inc_x_i = 1.000000, inc_y_i = 1.000000
En el else......

----------------------------------------
x = 56.000000, y = 216.000000
avance = -349.000000, avanceR = 2.000000, avanceI = 2.000000
inc_x_r = 0.000000, inc_y_r = 1.000000, inc_x_i = 1.000000, inc_y_i = 1.000000
En el else......

----------------------------------------
x = 56.000000, y = 217.000000
avance = -347.000000, avanceR = 2.000000, avanceI = 2.000000
inc_x_r = 0.000000, inc_y_r = 1.000000, inc_x_i = 1.000000, inc_y_i = 1.000000
En el else......

----------------------------------------
x = 56.000000, y = 218.000000
avance = -345.000000, avanceR = 2.000000, avanceI = 2.000000
inc_x_r = 0.000000, inc_y_r = 1.000000, inc_x_i = 1.000000, inc_y_i = 1.000000
En el else......

----------------------------------------
x = 56.000000, y = 219.000000
avance = -343.000000, avanceR = 2.000000, avanceI = 2.000000
inc_x_r = 0.000000, inc_y_r = 1.000000, inc_x_i = 1.000000, inc_y_i = 1.000000
En el else......

----------------------------------------
x = 56.000000, y = 220.000000
avance = -341.000000, avanceR = 2.000000, avanceI = 2.000000
inc_x_r = 0.000000, inc_y_r = 1.000000, inc_x_i = 1.000000, inc_y_i = 1.000000
En el else......

----------------------------------------
x = 56.000000, y = 221.000000
avance = -339.000000, avanceR = 2.000000, avanceI = 2.000000
inc_x_r = 0.000000, inc_y_r = 1.000000, inc_x_i = 1.000000, inc_y_i = 1.000000
En el else......

----------------------------------------
x = 56.000000, y = 222.000000
avance = -337.000000, avanceR = 2.000000, avanceI = 2.000000
inc_x_r = 0.000000, inc_y_r = 1.000000, inc_x_i = 1.000000, inc_y_i = 1.000000
En el else......

----------------------------------------
x = 56.000000, y = 223.000000
avance = -335.000000, avanceR = 2.000000, avanceI = 2.000000
inc_x_r = 0.000000, inc_y_r = 1.000000, inc_x_i = 1.000000, inc_y_i = 1.000000
En el else......

----------------------------------------
x = 56.000000, y = 224.000000
avance = -333.000000, avanceR = 2.000000, avanceI = 2.000000
inc_x_r = 0.000000, inc_y_r = 1.000000, inc_x_i = 1.000000, inc_y_i = 1.000000
En el else......

----------------------------------------
x = 56.000000, y = 225.000000
avance = -331.000000, avanceR = 2.000000, avanceI = 2.000000
inc_x_r = 0.000000, inc_y_r = 1.000000, inc_x_i = 1.000000, inc_y_i = 1.000000
En el else......

----------------------------------------
x = 56.000000, y = 226.000000
avance = -329.000000, avanceR = 2.000000, avanceI = 2.000000
inc_x_r = 0.000000, inc_y_r = 1.000000, inc_x_i = 1.000000, inc_y_i = 1.000000
En el else......

----------------------------------------
x = 56.000000, y = 227.000000
avance = -327.000000, avanceR = 2.000000, avanceI = 2.000000
inc_x_r = 0.000000, inc_y_r = 1.000000, inc_x_i = 1.000000, inc_y_i = 1.000000
En el else......

----------------------------------------
x = 56.000000, y = 228.000000
avance = -325.000000, avanceR = 2.000000, avanceI = 2.000000
inc_x_r = 0.000000, inc_y_r = 1.000000, inc_x_i = 1.000000, inc_y_i = 1.000000
En el else......

----------------------------------------
x = 56.000000, y = 229.000000
avance = -323.000000, avanceR = 2.000000, avanceI = 2.000000
inc_x_r = 0.000000, inc_y_r = 1.000000, inc_x_i = 1.000000, inc_y_i = 1.000000
En el else......

----------------------------------------
x = 56.000000, y = 230.000000
avance = -321.000000, avanceR = 2.000000, avanceI = 2.000000
inc_x_r = 0.000000, inc_y_r = 1.000000, inc_x_i = 1.000000, inc_y_i = 1.000000
En el else......

----------------------------------------
x = 56.000000, y = 231.000000
avance = -319.000000, avanceR = 2.000000, avanceI = 2.000000
inc_x_r = 0.000000, inc_y_r = 1.000000, inc_x_i = 1.000000, inc_y_i = 1.000000
En el else......

----------------------------------------
x = 56.000000, y = 232.000000
avance = -317.000000, avanceR = 2.000000, avanceI = 2.000000
inc_x_r = 0.000000, inc_y_r = 1.000000, inc_x_i = 1.000000, inc_y_i = 1.000000
En el else......

----------------------------------------
x = 56.000000, y = 233.000000
avance = -315.000000, avanceR = 2.000000, avanceI = 2.000000
inc_x_r = 0.000000, inc_y_r = 1.000000, inc_x_i = 1.000000, inc_y_i = 1.000000
En el else......

----------------------------------------
x = 56.000000, y = 234.000000
avance = -313.000000, avanceR = 2.000000, avanceI = 2.000000
inc_x_r = 0.000000, inc_y_r = 1.000000, inc_x_i = 1.000000, inc_y_i = 1.000000
En el else......

----------------------------------------
x = 56.000000, y = 235.000000
avance = -311.000000, avanceR = 2.000000, avanceI = 2.000000
inc_x_r = 0.000000, inc_y_r = 1.000000, inc_x_i = 1.000000, inc_y_i = 1.000000
En el else......

----------------------------------------
x = 56.000000, y = 236.000000
avance = -309.000000, avanceR = 2.000000, avanceI = 2.000000
inc_x_r = 0.000000, inc_y_r = 1.000000, inc_x_i = 1.000000, inc_y_i = 1.000000
En el else......

----------------------------------------
x = 56.000000, y = 237.000000
avance = -307.000000, avanceR = 2.000000, avanceI = 2.000000
inc_x_r = 0.000000, inc_y_r = 1.000000, inc_x_i = 1.000000, inc_y_i = 1.000000
En el else......

----------------------------------------
x = 56.000000, y = 238.000000
avance = -305.000000, avanceR = 2.000000, avanceI = 2.000000
inc_x_r = 0.000000, inc_y_r = 1.000000, inc_x_i = 1.000000, inc_y_i = 1.000000
En el else......

----------------------------------------
x = 56.000000, y = 239.000000
avance = -303.000000, avanceR = 2.000000, avanceI = 2.000000
inc_x_r = 0.000000, inc_y_r = 1.000000, inc_x_i = 1.000000, inc_y_i = 1.000000
En el else......

----------------------------------------
x = 56.000000, y = 240.000000
avance = -301.000000, avanceR = 2.000000, avanceI = 2.000000
inc_x_r = 0.000000, inc_y_r = 1.000000, inc_x_i = 1.000000, inc_y_i = 1.000000
En el else......

----------------------------------------
x = 56.000000, y = 241.000000
avance = -299.000000, avanceR = 2.000000, avanceI = 2.000000
inc_x_r = 0.000000, inc_y_r = 1.000000, inc_x_i = 1.000000, inc_y_i = 1.000000
En el else......

----------------------------------------
x = 56.000000, y = 242.000000
avance = -297.000000, avanceR = 2.000000, avanceI = 2.000000
inc_x_r = 0.000000, inc_y_r = 1.000000, inc_x_i = 1.000000, inc_y_i = 1.000000
En el else......

----------------------------------------
x = 56.000000, y = 243.000000
avance = -295.000000, avanceR = 2.000000, avanceI = 2.000000
inc_x_r = 0.000000, inc_y_r = 1.000000, inc_x_i = 1.000000, inc_y_i = 1.000000
En el else......

----------------------------------------
x = 56.000000, y = 244.000000
avance = -293.000000, avanceR = 2.000000, avanceI = 2.000000
inc_x_r = 0.000000, inc_y_r = 1.000000, inc_x_i = 1.000000, inc_y_i = 1.000000
En el else......

----------------------------------------
x = 56.000000, y = 245.000000
avance = -291.000000, avanceR = 2.000000, avanceI = 2.000000
inc_x_r = 0.000000, inc_y_r = 1.000000, inc_x_i = 1.000000, inc_y_i = 1.000000
En el else......

----------------------------------------
x = 56.000000, y = 246.000000
avance = -289.000000, avanceR = 2.000000, avanceI = 2.000000
inc_x_r = 0.000000, inc_y_r = 1.000000, inc_x_i = 1.000000, inc_y_i = 1.000000
En el else......

----------------------------------------
x = 56.000000, y = 247.000000
avance = -287.000000, avanceR = 2.000000, avanceI = 2.000000
inc_x_r = 0.000000, inc_y_r = 1.000000, inc_x_i = 1.000000, inc_y_i = 1.000000
En el else......

----------------------------------------
x = 56.000000, y = 248.000000
avance = -285.000000, avanceR = 2.000000, avanceI = 2.000000
inc_x_r = 0.000000, inc_y_r = 1.000000, inc_x_i = 1.000000, inc_y_i = 1.000000
En el else......

----------------------------------------
x = 56.000000, y = 249.000000
avance = -283.000000, avanceR = 2.000000, avanceI = 2.000000
inc_x_r = 0.000000, inc_y_r = 1.000000, inc_x_i = 1.000000, inc_y_i = 1.000000
En el else......

----------------------------------------
x = 56.000000, y = 250.000000
avance = -281.000000, avanceR = 2.000000, avanceI = 2.000000
inc_x_r = 0.000000, inc_y_r = 1.000000, inc_x_i = 1.000000, inc_y_i = 1.000000
En el else......

----------------------------------------
x = 56.000000, y = 251.000000
avance = -279.000000, avanceR = 2.000000, avanceI = 2.000000
inc_x_r = 0.000000, inc_y_r = 1.000000, inc_x_i = 1.000000, inc_y_i = 1.000000
En el else......

----------------------------------------
x = 56.000000, y = 252.000000
avance = -277.000000, avanceR = 2.000000, avanceI = 2.000000
inc_x_r = 0.000000, inc_y_r = 1.000000, inc_x_i = 1.000000, inc_y_i = 1.000000
En el else......

----------------------------------------
x = 56.000000, y = 253.000000
avance = -275.000000, avanceR = 2.000000, avanceI = 2.000000
inc_x_r = 0.000000, inc_y_r = 1.000000, inc_x_i = 1.000000, inc_y_i = 1.000000
En el else......

----------------------------------------
x = 56.000000, y = 254.000000
avance = -273.000000, avanceR = 2.000000, avanceI = 2.000000
inc_x_r = 0.000000, inc_y_r = 1.000000, inc_x_i = 1.000000, inc_y_i = 1.000000
En el else......

----------------------------------------
x = 56.000000, y = 255.000000
avance = -271.000000, avanceR = 2.000000, avanceI = 2.000000
inc_x_r = 0.000000, inc_y_r = 1.000000, inc_x_i = 1.000000, inc_y_i = 1.000000
En el else......

----------------------------------------
x = 56.000000, y = 256.000000
avance = -269.000000, avanceR = 2.000000, avanceI = 2.000000
inc_x_r = 0.000000, inc_y_r = 1.000000, inc_x_i = 1.000000, inc_y_i = 1.000000
En el else......

----------------------------------------
x = 56.000000, y = 257.000000
avance = -267.000000, avanceR = 2.000000, avanceI = 2.000000
inc_x_r = 0.000000, inc_y_r = 1.000000, inc_x_i = 1.000000, inc_y_i = 1.000000
En el else......

----------------------------------------
x = 56.000000, y = 258.000000
avance = -265.000000, avanceR = 2.000000, avanceI = 2.000000
inc_x_r = 0.000000, inc_y_r = 1.000000, inc_x_i = 1.000000, inc_y_i = 1.000000
En el else......

----------------------------------------
x = 56.000000, y = 259.000000
avance = -263.000000, avanceR = 2.000000, avanceI = 2.000000
inc_x_r = 0.000000, inc_y_r = 1.000000, inc_x_i = 1.000000, inc_y_i = 1.000000
En el else......

----------------------------------------
x = 56.000000, y = 260.000000
avance = -261.000000, avanceR = 2.000000, avanceI = 2.000000
inc_x_r = 0.000000, inc_y_r = 1.000000, inc_x_i = 1.000000, inc_y_i = 1.000000
En el else......

----------------------------------------
x = 56.000000, y = 261.000000
avance = -259.000000, avanceR = 2.000000, avanceI = 2.000000
inc_x_r = 0.000000, inc_y_r = 1.000000, inc_x_i = 1.000000, inc_y_i = 1.000000
En el else......

----------------------------------------
x = 56.000000, y = 262.000000
avance = -257.000000, avanceR = 2.000000, avanceI = 2.000000
inc_x_r = 0.000000, inc_y_r = 1.000000, inc_x_i = 1.000000, inc_y_i = 1.000000
En el else......

----------------------------------------
x = 56.000000, y = 263.000000
avance = -255.000000, avanceR = 2.000000, avanceI = 2.000000
inc_x_r = 0.000000, inc_y_r = 1.000000, inc_x_i = 1.000000, inc_y_i = 1.000000
En el else......

----------------------------------------
x = 56.000000, y = 264.000000
avance = -253.000000, avanceR = 2.000000, avanceI = 2.000000
inc_x_r = 0.000000, inc_y_r = 1.000000, inc_x_i = 1.000000, inc_y_i = 1.000000
En el else......

----------------------------------------
x = 56.000000, y = 265.000000
avance = -251.000000, avanceR = 2.000000, avanceI = 2.000000
inc_x_r = 0.000000, inc_y_r = 1.000000, inc_x_i = 1.000000, inc_y_i = 1.000000
En el else......

----------------------------------------


ENTRAMOS A BRESENHAMªªªª
x1 = 55.000000 - y1 = 15.000000 || x2 = 56.000000 - y2 = 266.000000
dy = 251.000000, dx = 1.000000
avances inclinados: inc_x_i = 1.000000, inc_y_i = 1.000000
updated: dy = 251.000000, dx = 1.000000
avances rectos: inc_x_r = 0.000000, inc_y_r 1.000000
reupdated: dy = 1.000000, dx = 251.000000
avanceR = 2.000000, avance -249.000000, avanceI 2.000000
----------------------------------------
x = 55.000000, y = 15.000000
avance = -249.000000, avanceR = 2.000000, avanceI = 2.000000
inc_x_r = 0.000000, inc_y_r = 1.000000, inc_x_i = 1.000000, inc_y_i = 1.000000
En el else......

----------------------------------------
x = 55.000000, y = 16.000000
avance = -247.000000, avanceR = 2.000000, avanceI = 2.000000
inc_x_r = 0.000000, inc_y_r = 1.000000, inc_x_i = 1.000000, inc_y_i = 1.000000
En el else......

----------------------------------------
x = 55.000000, y = 17.000000
avance = -245.000000, avanceR = 2.000000, avanceI = 2.000000
inc_x_r = 0.000000, inc_y_r = 1.000000, inc_x_i = 1.000000, inc_y_i = 1.000000
En el else......

----------------------------------------
x = 55.000000, y = 18.000000
avance = -243.000000, avanceR = 2.000000, avanceI = 2.000000
inc_x_r = 0.000000, inc_y_r = 1.000000, inc_x_i = 1.000000, inc_y_i = 1.000000
En el else......

----------------------------------------
x = 55.000000, y = 19.000000
avance = -241.000000, avanceR = 2.000000, avanceI = 2.000000
inc_x_r = 0.000000, inc_y_r = 1.000000, inc_x_i = 1.000000, inc_y_i = 1.000000
En el else......

----------------------------------------
x = 55.000000, y = 20.000000
avance = -239.000000, avanceR = 2.000000, avanceI = 2.000000
inc_x_r = 0.000000, inc_y_r = 1.000000, inc_x_i = 1.000000, inc_y_i = 1.000000
En el else......

----------------------------------------
x = 55.000000, y = 21.000000
avance = -237.000000, avanceR = 2.000000, avanceI = 2.000000
inc_x_r = 0.000000, inc_y_r = 1.000000, inc_x_i = 1.000000, inc_y_i = 1.000000
En el else......

----------------------------------------
x = 55.000000, y = 22.000000
avance = -235.000000, avanceR = 2.000000, avanceI = 2.000000
inc_x_r = 0.000000, inc_y_r = 1.000000, inc_x_i = 1.000000, inc_y_i = 1.000000
En el else......

----------------------------------------
x = 55.000000, y = 23.000000
avance = -233.000000, avanceR = 2.000000, avanceI = 2.000000
inc_x_r = 0.000000, inc_y_r = 1.000000, inc_x_i = 1.000000, inc_y_i = 1.000000
En el else......

----------------------------------------
x = 55.000000, y = 24.000000
avance = -231.000000, avanceR = 2.000000, avanceI = 2.000000
inc_x_r = 0.000000, inc_y_r = 1.000000, inc_x_i = 1.000000, inc_y_i = 1.000000
En el else......

----------------------------------------
x = 55.000000, y = 25.000000
avance = -229.000000, avanceR = 2.000000, avanceI = 2.000000
inc_x_r = 0.000000, inc_y_r = 1.000000, inc_x_i = 1.000000, inc_y_i = 1.000000
En el else......

----------------------------------------
x = 55.000000, y = 26.000000
avance = -227.000000, avanceR = 2.000000, avanceI = 2.000000
inc_x_r = 0.000000, inc_y_r = 1.000000, inc_x_i = 1.000000, inc_y_i = 1.000000
En el else......

----------------------------------------
x = 55.000000, y = 27.000000
avance = -225.000000, avanceR = 2.000000, avanceI = 2.000000
inc_x_r = 0.000000, inc_y_r = 1.000000, inc_x_i = 1.000000, inc_y_i = 1.000000
En el else......

----------------------------------------
x = 55.000000, y = 28.000000
avance = -223.000000, avanceR = 2.000000, avanceI = 2.000000
inc_x_r = 0.000000, inc_y_r = 1.000000, inc_x_i = 1.000000, inc_y_i = 1.000000
En el else......

----------------------------------------
x = 55.000000, y = 29.000000
avance = -221.000000, avanceR = 2.000000, avanceI = 2.000000
inc_x_r = 0.000000, inc_y_r = 1.000000, inc_x_i = 1.000000, inc_y_i = 1.000000
En el else......

----------------------------------------
x = 55.000000, y = 30.000000
avance = -219.000000, avanceR = 2.000000, avanceI = 2.000000
inc_x_r = 0.000000, inc_y_r = 1.000000, inc_x_i = 1.000000, inc_y_i = 1.000000
En el else......

----------------------------------------
x = 55.000000, y = 31.000000
avance = -217.000000, avanceR = 2.000000, avanceI = 2.000000
inc_x_r = 0.000000, inc_y_r = 1.000000, inc_x_i = 1.000000, inc_y_i = 1.000000
En el else......

----------------------------------------
x = 55.000000, y = 32.000000
avance = -215.000000, avanceR = 2.000000, avanceI = 2.000000
inc_x_r = 0.000000, inc_y_r = 1.000000, inc_x_i = 1.000000, inc_y_i = 1.000000
En el else......

----------------------------------------
x = 55.000000, y = 33.000000
avance = -213.000000, avanceR = 2.000000, avanceI = 2.000000
inc_x_r = 0.000000, inc_y_r = 1.000000, inc_x_i = 1.000000, inc_y_i = 1.000000
En el else......

----------------------------------------
x = 55.000000, y = 34.000000
avance = -211.000000, avanceR = 2.000000, avanceI = 2.000000
inc_x_r = 0.000000, inc_y_r = 1.000000, inc_x_i = 1.000000, inc_y_i = 1.000000
En el else......

----------------------------------------
x = 55.000000, y = 35.000000
avance = -209.000000, avanceR = 2.000000, avanceI = 2.000000
inc_x_r = 0.000000, inc_y_r = 1.000000, inc_x_i = 1.000000, inc_y_i = 1.000000
En el else......

----------------------------------------
x = 55.000000, y = 36.000000
avance = -207.000000, avanceR = 2.000000, avanceI = 2.000000
inc_x_r = 0.000000, inc_y_r = 1.000000, inc_x_i = 1.000000, inc_y_i = 1.000000
En el else......

----------------------------------------
x = 55.000000, y = 37.000000
avance = -205.000000, avanceR = 2.000000, avanceI = 2.000000
inc_x_r = 0.000000, inc_y_r = 1.000000, inc_x_i = 1.000000, inc_y_i = 1.000000
En el else......

----------------------------------------
x = 55.000000, y = 38.000000
avance = -203.000000, avanceR = 2.000000, avanceI = 2.000000
inc_x_r = 0.000000, inc_y_r = 1.000000, inc_x_i = 1.000000, inc_y_i = 1.000000
En el else......

----------------------------------------
x = 55.000000, y = 39.000000
avance = -201.000000, avanceR = 2.000000, avanceI = 2.000000
inc_x_r = 0.000000, inc_y_r = 1.000000, inc_x_i = 1.000000, inc_y_i = 1.000000
En el else......

----------------------------------------
x = 55.000000, y = 40.000000
avance = -199.000000, avanceR = 2.000000, avanceI = 2.000000
inc_x_r = 0.000000, inc_y_r = 1.000000, inc_x_i = 1.000000, inc_y_i = 1.000000
En el else......

----------------------------------------
x = 55.000000, y = 41.000000
avance = -197.000000, avanceR = 2.000000, avanceI = 2.000000
inc_x_r = 0.000000, inc_y_r = 1.000000, inc_x_i = 1.000000, inc_y_i = 1.000000
En el else......

----------------------------------------
x = 55.000000, y = 42.000000
avance = -195.000000, avanceR = 2.000000, avanceI = 2.000000
inc_x_r = 0.000000, inc_y_r = 1.000000, inc_x_i = 1.000000, inc_y_i = 1.000000
En el else......

----------------------------------------
x = 55.000000, y = 43.000000
avance = -193.000000, avanceR = 2.000000, avanceI = 2.000000
inc_x_r = 0.000000, inc_y_r = 1.000000, inc_x_i = 1.000000, inc_y_i = 1.000000
En el else......

----------------------------------------
x = 55.000000, y = 44.000000
avance = -191.000000, avanceR = 2.000000, avanceI = 2.000000
inc_x_r = 0.000000, inc_y_r = 1.000000, inc_x_i = 1.000000, inc_y_i = 1.000000
En el else......

----------------------------------------
x = 55.000000, y = 45.000000
avance = -189.000000, avanceR = 2.000000, avanceI = 2.000000
inc_x_r = 0.000000, inc_y_r = 1.000000, inc_x_i = 1.000000, inc_y_i = 1.000000
En el else......

----------------------------------------
x = 55.000000, y = 46.000000
avance = -187.000000, avanceR = 2.000000, avanceI = 2.000000
inc_x_r = 0.000000, inc_y_r = 1.000000, inc_x_i = 1.000000, inc_y_i = 1.000000
En el else......

----------------------------------------
x = 55.000000, y = 47.000000
avance = -185.000000, avanceR = 2.000000, avanceI = 2.000000
inc_x_r = 0.000000, inc_y_r = 1.000000, inc_x_i = 1.000000, inc_y_i = 1.000000
En el else......

----------------------------------------
x = 55.000000, y = 48.000000
avance = -183.000000, avanceR = 2.000000, avanceI = 2.000000
inc_x_r = 0.000000, inc_y_r = 1.000000, inc_x_i = 1.000000, inc_y_i = 1.000000
En el else......

----------------------------------------
x = 55.000000, y = 49.000000
avance = -181.000000, avanceR = 2.000000, avanceI = 2.000000
inc_x_r = 0.000000, inc_y_r = 1.000000, inc_x_i = 1.000000, inc_y_i = 1.000000
En el else......

----------------------------------------
x = 55.000000, y = 50.000000
avance = -179.000000, avanceR = 2.000000, avanceI = 2.000000
inc_x_r = 0.000000, inc_y_r = 1.000000, inc_x_i = 1.000000, inc_y_i = 1.000000
En el else......

----------------------------------------
x = 55.000000, y = 51.000000
avance = -177.000000, avanceR = 2.000000, avanceI = 2.000000
inc_x_r = 0.000000, inc_y_r = 1.000000, inc_x_i = 1.000000, inc_y_i = 1.000000
En el else......

----------------------------------------
x = 55.000000, y = 52.000000
avance = -175.000000, avanceR = 2.000000, avanceI = 2.000000
inc_x_r = 0.000000, inc_y_r = 1.000000, inc_x_i = 1.000000, inc_y_i = 1.000000
En el else......

----------------------------------------
x = 55.000000, y = 53.000000
avance = -173.000000, avanceR = 2.000000, avanceI = 2.000000
inc_x_r = 0.000000, inc_y_r = 1.000000, inc_x_i = 1.000000, inc_y_i = 1.000000
En el else......

----------------------------------------
x = 55.000000, y = 54.000000
avance = -171.000000, avanceR = 2.000000, avanceI = 2.000000
inc_x_r = 0.000000, inc_y_r = 1.000000, inc_x_i = 1.000000, inc_y_i = 1.000000
En el else......

----------------------------------------
x = 55.000000, y = 55.000000
avance = -169.000000, avanceR = 2.000000, avanceI = 2.000000
inc_x_r = 0.000000, inc_y_r = 1.000000, inc_x_i = 1.000000, inc_y_i = 1.000000
En el else......

----------------------------------------
x = 55.000000, y = 56.000000
avance = -167.000000, avanceR = 2.000000, avanceI = 2.000000
inc_x_r = 0.000000, inc_y_r = 1.000000, inc_x_i = 1.000000, inc_y_i = 1.000000
En el else......

----------------------------------------
x = 55.000000, y = 57.000000
avance = -165.000000, avanceR = 2.000000, avanceI = 2.000000
inc_x_r = 0.000000, inc_y_r = 1.000000, inc_x_i = 1.000000, inc_y_i = 1.000000
En el else......

----------------------------------------
x = 55.000000, y = 58.000000
avance = -163.000000, avanceR = 2.000000, avanceI = 2.000000
inc_x_r = 0.000000, inc_y_r = 1.000000, inc_x_i = 1.000000, inc_y_i = 1.000000
En el else......

----------------------------------------
x = 55.000000, y = 59.000000
avance = -161.000000, avanceR = 2.000000, avanceI = 2.000000
inc_x_r = 0.000000, inc_y_r = 1.000000, inc_x_i = 1.000000, inc_y_i = 1.000000
En el else......

----------------------------------------
x = 55.000000, y = 60.000000
avance = -159.000000, avanceR = 2.000000, avanceI = 2.000000
inc_x_r = 0.000000, inc_y_r = 1.000000, inc_x_i = 1.000000, inc_y_i = 1.000000
En el else......

----------------------------------------
x = 55.000000, y = 61.000000
avance = -157.000000, avanceR = 2.000000, avanceI = 2.000000
inc_x_r = 0.000000, inc_y_r = 1.000000, inc_x_i = 1.000000, inc_y_i = 1.000000
En el else......

----------------------------------------
x = 55.000000, y = 62.000000
avance = -155.000000, avanceR = 2.000000, avanceI = 2.000000
inc_x_r = 0.000000, inc_y_r = 1.000000, inc_x_i = 1.000000, inc_y_i = 1.000000
En el else......

----------------------------------------
x = 55.000000, y = 63.000000
avance = -153.000000, avanceR = 2.000000, avanceI = 2.000000
inc_x_r = 0.000000, inc_y_r = 1.000000, inc_x_i = 1.000000, inc_y_i = 1.000000
En el else......

----------------------------------------
x = 55.000000, y = 64.000000
avance = -151.000000, avanceR = 2.000000, avanceI = 2.000000
inc_x_r = 0.000000, inc_y_r = 1.000000, inc_x_i = 1.000000, inc_y_i = 1.000000
En el else......

----------------------------------------
x = 55.000000, y = 65.000000
avance = -149.000000, avanceR = 2.000000, avanceI = 2.000000
inc_x_r = 0.000000, inc_y_r = 1.000000, inc_x_i = 1.000000, inc_y_i = 1.000000
En el else......

----------------------------------------
x = 55.000000, y = 66.000000
avance = -147.000000, avanceR = 2.000000, avanceI = 2.000000
inc_x_r = 0.000000, inc_y_r = 1.000000, inc_x_i = 1.000000, inc_y_i = 1.000000
En el else......

----------------------------------------
x = 55.000000, y = 67.000000
avance = -145.000000, avanceR = 2.000000, avanceI = 2.000000
inc_x_r = 0.000000, inc_y_r = 1.000000, inc_x_i = 1.000000, inc_y_i = 1.000000
En el else......

----------------------------------------
x = 55.000000, y = 68.000000
avance = -143.000000, avanceR = 2.000000, avanceI = 2.000000
inc_x_r = 0.000000, inc_y_r = 1.000000, inc_x_i = 1.000000, inc_y_i = 1.000000
En el else......

----------------------------------------
x = 55.000000, y = 69.000000
avance = -141.000000, avanceR = 2.000000, avanceI = 2.000000
inc_x_r = 0.000000, inc_y_r = 1.000000, inc_x_i = 1.000000, inc_y_i = 1.000000
En el else......

----------------------------------------
x = 55.000000, y = 70.000000
avance = -139.000000, avanceR = 2.000000, avanceI = 2.000000
inc_x_r = 0.000000, inc_y_r = 1.000000, inc_x_i = 1.000000, inc_y_i = 1.000000
En el else......

----------------------------------------
x = 55.000000, y = 71.000000
avance = -137.000000, avanceR = 2.000000, avanceI = 2.000000
inc_x_r = 0.000000, inc_y_r = 1.000000, inc_x_i = 1.000000, inc_y_i = 1.000000
En el else......

----------------------------------------
x = 55.000000, y = 72.000000
avance = -135.000000, avanceR = 2.000000, avanceI = 2.000000
inc_x_r = 0.000000, inc_y_r = 1.000000, inc_x_i = 1.000000, inc_y_i = 1.000000
En el else......

----------------------------------------
x = 55.000000, y = 73.000000
avance = -133.000000, avanceR = 2.000000, avanceI = 2.000000
inc_x_r = 0.000000, inc_y_r = 1.000000, inc_x_i = 1.000000, inc_y_i = 1.000000
En el else......

----------------------------------------
x = 55.000000, y = 74.000000
avance = -131.000000, avanceR = 2.000000, avanceI = 2.000000
inc_x_r = 0.000000, inc_y_r = 1.000000, inc_x_i = 1.000000, inc_y_i = 1.000000
En el else......

----------------------------------------
x = 55.000000, y = 75.000000
avance = -129.000000, avanceR = 2.000000, avanceI = 2.000000
inc_x_r = 0.000000, inc_y_r = 1.000000, inc_x_i = 1.000000, inc_y_i = 1.000000
En el else......

----------------------------------------
x = 55.000000, y = 76.000000
avance = -127.000000, avanceR = 2.000000, avanceI = 2.000000
inc_x_r = 0.000000, inc_y_r = 1.000000, inc_x_i = 1.000000, inc_y_i = 1.000000
En el else......

----------------------------------------
x = 55.000000, y = 77.000000
avance = -125.000000, avanceR = 2.000000, avanceI = 2.000000
inc_x_r = 0.000000, inc_y_r = 1.000000, inc_x_i = 1.000000, inc_y_i = 1.000000
En el else......

----------------------------------------
x = 55.000000, y = 78.000000
avance = -123.000000, avanceR = 2.000000, avanceI = 2.000000
inc_x_r = 0.000000, inc_y_r = 1.000000, inc_x_i = 1.000000, inc_y_i = 1.000000
En el else......

----------------------------------------
x = 55.000000, y = 79.000000
avance = -121.000000, avanceR = 2.000000, avanceI = 2.000000
inc_x_r = 0.000000, inc_y_r = 1.000000, inc_x_i = 1.000000, inc_y_i = 1.000000
En el else......

----------------------------------------
x = 55.000000, y = 80.000000
avance = -119.000000, avanceR = 2.000000, avanceI = 2.000000
inc_x_r = 0.000000, inc_y_r = 1.000000, inc_x_i = 1.000000, inc_y_i = 1.000000
En el else......

----------------------------------------
x = 55.000000, y = 81.000000
avance = -117.000000, avanceR = 2.000000, avanceI = 2.000000
inc_x_r = 0.000000, inc_y_r = 1.000000, inc_x_i = 1.000000, inc_y_i = 1.000000
En el else......

----------------------------------------
x = 55.000000, y = 82.000000
avance = -115.000000, avanceR = 2.000000, avanceI = 2.000000
inc_x_r = 0.000000, inc_y_r = 1.000000, inc_x_i = 1.000000, inc_y_i = 1.000000
En el else......

----------------------------------------
x = 55.000000, y = 83.000000
avance = -113.000000, avanceR = 2.000000, avanceI = 2.000000
inc_x_r = 0.000000, inc_y_r = 1.000000, inc_x_i = 1.000000, inc_y_i = 1.000000
En el else......

----------------------------------------
x = 55.000000, y = 84.000000
avance = -111.000000, avanceR = 2.000000, avanceI = 2.000000
inc_x_r = 0.000000, inc_y_r = 1.000000, inc_x_i = 1.000000, inc_y_i = 1.000000
En el else......

----------------------------------------
x = 55.000000, y = 85.000000
avance = -109.000000, avanceR = 2.000000, avanceI = 2.000000
inc_x_r = 0.000000, inc_y_r = 1.000000, inc_x_i = 1.000000, inc_y_i = 1.000000
En el else......

----------------------------------------
x = 55.000000, y = 86.000000
avance = -107.000000, avanceR = 2.000000, avanceI = 2.000000
inc_x_r = 0.000000, inc_y_r = 1.000000, inc_x_i = 1.000000, inc_y_i = 1.000000
En el else......

----------------------------------------
x = 55.000000, y = 87.000000
avance = -105.000000, avanceR = 2.000000, avanceI = 2.000000
inc_x_r = 0.000000, inc_y_r = 1.000000, inc_x_i = 1.000000, inc_y_i = 1.000000
En el else......

----------------------------------------
x = 55.000000, y = 88.000000
avance = -103.000000, avanceR = 2.000000, avanceI = 2.000000
inc_x_r = 0.000000, inc_y_r = 1.000000, inc_x_i = 1.000000, inc_y_i = 1.000000
En el else......

----------------------------------------
x = 55.000000, y = 89.000000
avance = -101.000000, avanceR = 2.000000, avanceI = 2.000000
inc_x_r = 0.000000, inc_y_r = 1.000000, inc_x_i = 1.000000, inc_y_i = 1.000000
En el else......

----------------------------------------
x = 55.000000, y = 90.000000
avance = -99.000000, avanceR = 2.000000, avanceI = 2.000000
inc_x_r = 0.000000, inc_y_r = 1.000000, inc_x_i = 1.000000, inc_y_i = 1.000000
En el else......

----------------------------------------
x = 55.000000, y = 91.000000
avance = -97.000000, avanceR = 2.000000, avanceI = 2.000000
inc_x_r = 0.000000, inc_y_r = 1.000000, inc_x_i = 1.000000, inc_y_i = 1.000000
En el else......

----------------------------------------
x = 55.000000, y = 92.000000
avance = -95.000000, avanceR = 2.000000, avanceI = 2.000000
inc_x_r = 0.000000, inc_y_r = 1.000000, inc_x_i = 1.000000, inc_y_i = 1.000000
En el else......

----------------------------------------
x = 55.000000, y = 93.000000
avance = -93.000000, avanceR = 2.000000, avanceI = 2.000000
inc_x_r = 0.000000, inc_y_r = 1.000000, inc_x_i = 1.000000, inc_y_i = 1.000000
En el else......

----------------------------------------
x = 55.000000, y = 94.000000
avance = -91.000000, avanceR = 2.000000, avanceI = 2.000000
inc_x_r = 0.000000, inc_y_r = 1.000000, inc_x_i = 1.000000, inc_y_i = 1.000000
En el else......

----------------------------------------
x = 55.000000, y = 95.000000
avance = -89.000000, avanceR = 2.000000, avanceI = 2.000000
inc_x_r = 0.000000, inc_y_r = 1.000000, inc_x_i = 1.000000, inc_y_i = 1.000000
En el else......

----------------------------------------
x = 55.000000, y = 96.000000
avance = -87.000000, avanceR = 2.000000, avanceI = 2.000000
inc_x_r = 0.000000, inc_y_r = 1.000000, inc_x_i = 1.000000, inc_y_i = 1.000000
En el else......

----------------------------------------
x = 55.000000, y = 97.000000
avance = -85.000000, avanceR = 2.000000, avanceI = 2.000000
inc_x_r = 0.000000, inc_y_r = 1.000000, inc_x_i = 1.000000, inc_y_i = 1.000000
En el else......

----------------------------------------
x = 55.000000, y = 98.000000
avance = -83.000000, avanceR = 2.000000, avanceI = 2.000000
inc_x_r = 0.000000, inc_y_r = 1.000000, inc_x_i = 1.000000, inc_y_i = 1.000000
En el else......

----------------------------------------
x = 55.000000, y = 99.000000
avance = -81.000000, avanceR = 2.000000, avanceI = 2.000000
inc_x_r = 0.000000, inc_y_r = 1.000000, inc_x_i = 1.000000, inc_y_i = 1.000000
En el else......

----------------------------------------
x = 55.000000, y = 100.000000
avance = -79.000000, avanceR = 2.000000, avanceI = 2.000000
inc_x_r = 0.000000, inc_y_r = 1.000000, inc_x_i = 1.000000, inc_y_i = 1.000000
En el else......

----------------------------------------
x = 55.000000, y = 101.000000
avance = -77.000000, avanceR = 2.000000, avanceI = 2.000000
inc_x_r = 0.000000, inc_y_r = 1.000000, inc_x_i = 1.000000, inc_y_i = 1.000000
En el else......

----------------------------------------
x = 55.000000, y = 102.000000
avance = -75.000000, avanceR = 2.000000, avanceI = 2.000000
inc_x_r = 0.000000, inc_y_r = 1.000000, inc_x_i = 1.000000, inc_y_i = 1.000000
En el else......

----------------------------------------
x = 55.000000, y = 103.000000
avance = -73.000000, avanceR = 2.000000, avanceI = 2.000000
inc_x_r = 0.000000, inc_y_r = 1.000000, inc_x_i = 1.000000, inc_y_i = 1.000000
En el else......

----------------------------------------
x = 55.000000, y = 104.000000
avance = -71.000000, avanceR = 2.000000, avanceI = 2.000000
inc_x_r = 0.000000, inc_y_r = 1.000000, inc_x_i = 1.000000, inc_y_i = 1.000000
En el else......

----------------------------------------
x = 55.000000, y = 105.000000
avance = -69.000000, avanceR = 2.000000, avanceI = 2.000000
inc_x_r = 0.000000, inc_y_r = 1.000000, inc_x_i = 1.000000, inc_y_i = 1.000000
En el else......

----------------------------------------
x = 55.000000, y = 106.000000
avance = -67.000000, avanceR = 2.000000, avanceI = 2.000000
inc_x_r = 0.000000, inc_y_r = 1.000000, inc_x_i = 1.000000, inc_y_i = 1.000000
En el else......

----------------------------------------
x = 55.000000, y = 107.000000
avance = -65.000000, avanceR = 2.000000, avanceI = 2.000000
inc_x_r = 0.000000, inc_y_r = 1.000000, inc_x_i = 1.000000, inc_y_i = 1.000000
En el else......

----------------------------------------
x = 55.000000, y = 108.000000
avance = -63.000000, avanceR = 2.000000, avanceI = 2.000000
inc_x_r = 0.000000, inc_y_r = 1.000000, inc_x_i = 1.000000, inc_y_i = 1.000000
En el else......

----------------------------------------
x = 55.000000, y = 109.000000
avance = -61.000000, avanceR = 2.000000, avanceI = 2.000000
inc_x_r = 0.000000, inc_y_r = 1.000000, inc_x_i = 1.000000, inc_y_i = 1.000000
En el else......

----------------------------------------
x = 55.000000, y = 110.000000
avance = -59.000000, avanceR = 2.000000, avanceI = 2.000000
inc_x_r = 0.000000, inc_y_r = 1.000000, inc_x_i = 1.000000, inc_y_i = 1.000000
En el else......

----------------------------------------
x = 55.000000, y = 111.000000
avance = -57.000000, avanceR = 2.000000, avanceI = 2.000000
inc_x_r = 0.000000, inc_y_r = 1.000000, inc_x_i = 1.000000, inc_y_i = 1.000000
En el else......

----------------------------------------
x = 55.000000, y = 112.000000
avance = -55.000000, avanceR = 2.000000, avanceI = 2.000000
inc_x_r = 0.000000, inc_y_r = 1.000000, inc_x_i = 1.000000, inc_y_i = 1.000000
En el else......

----------------------------------------
x = 55.000000, y = 113.000000
avance = -53.000000, avanceR = 2.000000, avanceI = 2.000000
inc_x_r = 0.000000, inc_y_r = 1.000000, inc_x_i = 1.000000, inc_y_i = 1.000000
En el else......

----------------------------------------
x = 55.000000, y = 114.000000
avance = -51.000000, avanceR = 2.000000, avanceI = 2.000000
inc_x_r = 0.000000, inc_y_r = 1.000000, inc_x_i = 1.000000, inc_y_i = 1.000000
En el else......

----------------------------------------
x = 55.000000, y = 115.000000
avance = -49.000000, avanceR = 2.000000, avanceI = 2.000000
inc_x_r = 0.000000, inc_y_r = 1.000000, inc_x_i = 1.000000, inc_y_i = 1.000000
En el else......

----------------------------------------
x = 55.000000, y = 116.000000
avance = -47.000000, avanceR = 2.000000, avanceI = 2.000000
inc_x_r = 0.000000, inc_y_r = 1.000000, inc_x_i = 1.000000, inc_y_i = 1.000000
En el else......

----------------------------------------
x = 55.000000, y = 117.000000
avance = -45.000000, avanceR = 2.000000, avanceI = 2.000000
inc_x_r = 0.000000, inc_y_r = 1.000000, inc_x_i = 1.000000, inc_y_i = 1.000000
En el else......

----------------------------------------
x = 55.000000, y = 118.000000
avance = -43.000000, avanceR = 2.000000, avanceI = 2.000000
inc_x_r = 0.000000, inc_y_r = 1.000000, inc_x_i = 1.000000, inc_y_i = 1.000000
En el else......

----------------------------------------
x = 55.000000, y = 119.000000
avance = -41.000000, avanceR = 2.000000, avanceI = 2.000000
inc_x_r = 0.000000, inc_y_r = 1.000000, inc_x_i = 1.000000, inc_y_i = 1.000000
En el else......

----------------------------------------
x = 55.000000, y = 120.000000
avance = -39.000000, avanceR = 2.000000, avanceI = 2.000000
inc_x_r = 0.000000, inc_y_r = 1.000000, inc_x_i = 1.000000, inc_y_i = 1.000000
En el else......

----------------------------------------
x = 55.000000, y = 121.000000
avance = -37.000000, avanceR = 2.000000, avanceI = 2.000000
inc_x_r = 0.000000, inc_y_r = 1.000000, inc_x_i = 1.000000, inc_y_i = 1.000000
En el else......

----------------------------------------
x = 55.000000, y = 122.000000
avance = -35.000000, avanceR = 2.000000, avanceI = 2.000000
inc_x_r = 0.000000, inc_y_r = 1.000000, inc_x_i = 1.000000, inc_y_i = 1.000000
En el else......

----------------------------------------
x = 55.000000, y = 123.000000
avance = -33.000000, avanceR = 2.000000, avanceI = 2.000000
inc_x_r = 0.000000, inc_y_r = 1.000000, inc_x_i = 1.000000, inc_y_i = 1.000000
En el else......

----------------------------------------
x = 55.000000, y = 124.000000
avance = -31.000000, avanceR = 2.000000, avanceI = 2.000000
inc_x_r = 0.000000, inc_y_r = 1.000000, inc_x_i = 1.000000, inc_y_i = 1.000000
En el else......

----------------------------------------
x = 55.000000, y = 125.000000
avance = -29.000000, avanceR = 2.000000, avanceI = 2.000000
inc_x_r = 0.000000, inc_y_r = 1.000000, inc_x_i = 1.000000, inc_y_i = 1.000000
En el else......

----------------------------------------
x = 55.000000, y = 126.000000
avance = -27.000000, avanceR = 2.000000, avanceI = 2.000000
inc_x_r = 0.000000, inc_y_r = 1.000000, inc_x_i = 1.000000, inc_y_i = 1.000000
En el else......

----------------------------------------
x = 55.000000, y = 127.000000
avance = -25.000000, avanceR = 2.000000, avanceI = 2.000000
inc_x_r = 0.000000, inc_y_r = 1.000000, inc_x_i = 1.000000, inc_y_i = 1.000000
En el else......

----------------------------------------
x = 55.000000, y = 128.000000
avance = -23.000000, avanceR = 2.000000, avanceI = 2.000000
inc_x_r = 0.000000, inc_y_r = 1.000000, inc_x_i = 1.000000, inc_y_i = 1.000000
En el else......

----------------------------------------
x = 55.000000, y = 129.000000
avance = -21.000000, avanceR = 2.000000, avanceI = 2.000000
inc_x_r = 0.000000, inc_y_r = 1.000000, inc_x_i = 1.000000, inc_y_i = 1.000000
En el else......

----------------------------------------
x = 55.000000, y = 130.000000
avance = -19.000000, avanceR = 2.000000, avanceI = 2.000000
inc_x_r = 0.000000, inc_y_r = 1.000000, inc_x_i = 1.000000, inc_y_i = 1.000000
En el else......

----------------------------------------
x = 55.000000, y = 131.000000
avance = -17.000000, avanceR = 2.000000, avanceI = 2.000000
inc_x_r = 0.000000, inc_y_r = 1.000000, inc_x_i = 1.000000, inc_y_i = 1.000000
En el else......

----------------------------------------
x = 55.000000, y = 132.000000
avance = -15.000000, avanceR = 2.000000, avanceI = 2.000000
inc_x_r = 0.000000, inc_y_r = 1.000000, inc_x_i = 1.000000, inc_y_i = 1.000000
En el else......

----------------------------------------
x = 55.000000, y = 133.000000
avance = -13.000000, avanceR = 2.000000, avanceI = 2.000000
inc_x_r = 0.000000, inc_y_r = 1.000000, inc_x_i = 1.000000, inc_y_i = 1.000000
En el else......

----------------------------------------
x = 55.000000, y = 134.000000
avance = -11.000000, avanceR = 2.000000, avanceI = 2.000000
inc_x_r = 0.000000, inc_y_r = 1.000000, inc_x_i = 1.000000, inc_y_i = 1.000000
En el else......

----------------------------------------
x = 55.000000, y = 135.000000
avance = -9.000000, avanceR = 2.000000, avanceI = 2.000000
inc_x_r = 0.000000, inc_y_r = 1.000000, inc_x_i = 1.000000, inc_y_i = 1.000000
En el else......

----------------------------------------
x = 55.000000, y = 136.000000
avance = -7.000000, avanceR = 2.000000, avanceI = 2.000000
inc_x_r = 0.000000, inc_y_r = 1.000000, inc_x_i = 1.000000, inc_y_i = 1.000000
En el else......

----------------------------------------
x = 55.000000, y = 137.000000
avance = -5.000000, avanceR = 2.000000, avanceI = 2.000000
inc_x_r = 0.000000, inc_y_r = 1.000000, inc_x_i = 1.000000, inc_y_i = 1.000000
En el else......

----------------------------------------
x = 55.000000, y = 138.000000
avance = -3.000000, avanceR = 2.000000, avanceI = 2.000000
inc_x_r = 0.000000, inc_y_r = 1.000000, inc_x_i = 1.000000, inc_y_i = 1.000000
En el else......

----------------------------------------
x = 55.000000, y = 139.000000
avance = -1.000000, avanceR = 2.000000, avanceI = 2.000000
inc_x_r = 0.000000, inc_y_r = 1.000000, inc_x_i = 1.000000, inc_y_i = 1.000000
En el else......

----------------------------------------
x = 55.000000, y = 140.000000
avance = 1.000000, avanceR = 2.000000, avanceI = 2.000000
inc_x_r = 0.000000, inc_y_r = 1.000000, inc_x_i = 1.000000, inc_y_i = 1.000000
avance >= 0

----------------------------------------
x = 56.000000, y = 141.000000
avance = -499.000000, avanceR = 2.000000, avanceI = 2.000000
inc_x_r = 0.000000, inc_y_r = 1.000000, inc_x_i = 1.000000, inc_y_i = 1.000000
En el else......

----------------------------------------
x = 56.000000, y = 142.000000
avance = -497.000000, avanceR = 2.000000, avanceI = 2.000000
inc_x_r = 0.000000, inc_y_r = 1.000000, inc_x_i = 1.000000, inc_y_i = 1.000000
En el else......

----------------------------------------
x = 56.000000, y = 143.000000
avance = -495.000000, avanceR = 2.000000, avanceI = 2.000000
inc_x_r = 0.000000, inc_y_r = 1.000000, inc_x_i = 1.000000, inc_y_i = 1.000000
En el else......

----------------------------------------
x = 56.000000, y = 144.000000
avance = -493.000000, avanceR = 2.000000, avanceI = 2.000000
inc_x_r = 0.000000, inc_y_r = 1.000000, inc_x_i = 1.000000, inc_y_i = 1.000000
En el else......

----------------------------------------
x = 56.000000, y = 145.000000
avance = -491.000000, avanceR = 2.000000, avanceI = 2.000000
inc_x_r = 0.000000, inc_y_r = 1.000000, inc_x_i = 1.000000, inc_y_i = 1.000000
En el else......

----------------------------------------
x = 56.000000, y = 146.000000
avance = -489.000000, avanceR = 2.000000, avanceI = 2.000000
inc_x_r = 0.000000, inc_y_r = 1.000000, inc_x_i = 1.000000, inc_y_i = 1.000000
En el else......

----------------------------------------
x = 56.000000, y = 147.000000
avance = -487.000000, avanceR = 2.000000, avanceI = 2.000000
inc_x_r = 0.000000, inc_y_r = 1.000000, inc_x_i = 1.000000, inc_y_i = 1.000000
En el else......

----------------------------------------
x = 56.000000, y = 148.000000
avance = -485.000000, avanceR = 2.000000, avanceI = 2.000000
inc_x_r = 0.000000, inc_y_r = 1.000000, inc_x_i = 1.000000, inc_y_i = 1.000000
En el else......

----------------------------------------
x = 56.000000, y = 149.000000
avance = -483.000000, avanceR = 2.000000, avanceI = 2.000000
inc_x_r = 0.000000, inc_y_r = 1.000000, inc_x_i = 1.000000, inc_y_i = 1.000000
En el else......

----------------------------------------
x = 56.000000, y = 150.000000
avance = -481.000000, avanceR = 2.000000, avanceI = 2.000000
inc_x_r = 0.000000, inc_y_r = 1.000000, inc_x_i = 1.000000, inc_y_i = 1.000000
En el else......

----------------------------------------
x = 56.000000, y = 151.000000
avance = -479.000000, avanceR = 2.000000, avanceI = 2.000000
inc_x_r = 0.000000, inc_y_r = 1.000000, inc_x_i = 1.000000, inc_y_i = 1.000000
En el else......

----------------------------------------
x = 56.000000, y = 152.000000
avance = -477.000000, avanceR = 2.000000, avanceI = 2.000000
inc_x_r = 0.000000, inc_y_r = 1.000000, inc_x_i = 1.000000, inc_y_i = 1.000000
En el else......

----------------------------------------
x = 56.000000, y = 153.000000
avance = -475.000000, avanceR = 2.000000, avanceI = 2.000000
inc_x_r = 0.000000, inc_y_r = 1.000000, inc_x_i = 1.000000, inc_y_i = 1.000000
En el else......

----------------------------------------
x = 56.000000, y = 154.000000
avance = -473.000000, avanceR = 2.000000, avanceI = 2.000000
inc_x_r = 0.000000, inc_y_r = 1.000000, inc_x_i = 1.000000, inc_y_i = 1.000000
En el else......

----------------------------------------
x = 56.000000, y = 155.000000
avance = -471.000000, avanceR = 2.000000, avanceI = 2.000000
inc_x_r = 0.000000, inc_y_r = 1.000000, inc_x_i = 1.000000, inc_y_i = 1.000000
En el else......

----------------------------------------
x = 56.000000, y = 156.000000
avance = -469.000000, avanceR = 2.000000, avanceI = 2.000000
inc_x_r = 0.000000, inc_y_r = 1.000000, inc_x_i = 1.000000, inc_y_i = 1.000000
En el else......

----------------------------------------
x = 56.000000, y = 157.000000
avance = -467.000000, avanceR = 2.000000, avanceI = 2.000000
inc_x_r = 0.000000, inc_y_r = 1.000000, inc_x_i = 1.000000, inc_y_i = 1.000000
En el else......

----------------------------------------
x = 56.000000, y = 158.000000
avance = -465.000000, avanceR = 2.000000, avanceI = 2.000000
inc_x_r = 0.000000, inc_y_r = 1.000000, inc_x_i = 1.000000, inc_y_i = 1.000000
En el else......

----------------------------------------
x = 56.000000, y = 159.000000
avance = -463.000000, avanceR = 2.000000, avanceI = 2.000000
inc_x_r = 0.000000, inc_y_r = 1.000000, inc_x_i = 1.000000, inc_y_i = 1.000000
En el else......

----------------------------------------
x = 56.000000, y = 160.000000
avance = -461.000000, avanceR = 2.000000, avanceI = 2.000000
inc_x_r = 0.000000, inc_y_r = 1.000000, inc_x_i = 1.000000, inc_y_i = 1.000000
En el else......

----------------------------------------
x = 56.000000, y = 161.000000
avance = -459.000000, avanceR = 2.000000, avanceI = 2.000000
inc_x_r = 0.000000, inc_y_r = 1.000000, inc_x_i = 1.000000, inc_y_i = 1.000000
En el else......

----------------------------------------
x = 56.000000, y = 162.000000
avance = -457.000000, avanceR = 2.000000, avanceI = 2.000000
inc_x_r = 0.000000, inc_y_r = 1.000000, inc_x_i = 1.000000, inc_y_i = 1.000000
En el else......

----------------------------------------
x = 56.000000, y = 163.000000
avance = -455.000000, avanceR = 2.000000, avanceI = 2.000000
inc_x_r = 0.000000, inc_y_r = 1.000000, inc_x_i = 1.000000, inc_y_i = 1.000000
En el else......

----------------------------------------
x = 56.000000, y = 164.000000
avance = -453.000000, avanceR = 2.000000, avanceI = 2.000000
inc_x_r = 0.000000, inc_y_r = 1.000000, inc_x_i = 1.000000, inc_y_i = 1.000000
En el else......

----------------------------------------
x = 56.000000, y = 165.000000
avance = -451.000000, avanceR = 2.000000, avanceI = 2.000000
inc_x_r = 0.000000, inc_y_r = 1.000000, inc_x_i = 1.000000, inc_y_i = 1.000000
En el else......

----------------------------------------
x = 56.000000, y = 166.000000
avance = -449.000000, avanceR = 2.000000, avanceI = 2.000000
inc_x_r = 0.000000, inc_y_r = 1.000000, inc_x_i = 1.000000, inc_y_i = 1.000000
En el else......

----------------------------------------
x = 56.000000, y = 167.000000
avance = -447.000000, avanceR = 2.000000, avanceI = 2.000000
inc_x_r = 0.000000, inc_y_r = 1.000000, inc_x_i = 1.000000, inc_y_i = 1.000000
En el else......

----------------------------------------
x = 56.000000, y = 168.000000
avance = -445.000000, avanceR = 2.000000, avanceI = 2.000000
inc_x_r = 0.000000, inc_y_r = 1.000000, inc_x_i = 1.000000, inc_y_i = 1.000000
En el else......

----------------------------------------
x = 56.000000, y = 169.000000
avance = -443.000000, avanceR = 2.000000, avanceI = 2.000000
inc_x_r = 0.000000, inc_y_r = 1.000000, inc_x_i = 1.000000, inc_y_i = 1.000000
En el else......

----------------------------------------
x = 56.000000, y = 170.000000
avance = -441.000000, avanceR = 2.000000, avanceI = 2.000000
inc_x_r = 0.000000, inc_y_r = 1.000000, inc_x_i = 1.000000, inc_y_i = 1.000000
En el else......

----------------------------------------
x = 56.000000, y = 171.000000
avance = -439.000000, avanceR = 2.000000, avanceI = 2.000000
inc_x_r = 0.000000, inc_y_r = 1.000000, inc_x_i = 1.000000, inc_y_i = 1.000000
En el else......

----------------------------------------
x = 56.000000, y = 172.000000
avance = -437.000000, avanceR = 2.000000, avanceI = 2.000000
inc_x_r = 0.000000, inc_y_r = 1.000000, inc_x_i = 1.000000, inc_y_i = 1.000000
En el else......

----------------------------------------
x = 56.000000, y = 173.000000
avance = -435.000000, avanceR = 2.000000, avanceI = 2.000000
inc_x_r = 0.000000, inc_y_r = 1.000000, inc_x_i = 1.000000, inc_y_i = 1.000000
En el else......

----------------------------------------
x = 56.000000, y = 174.000000
avance = -433.000000, avanceR = 2.000000, avanceI = 2.000000
inc_x_r = 0.000000, inc_y_r = 1.000000, inc_x_i = 1.000000, inc_y_i = 1.000000
En el else......

----------------------------------------
x = 56.000000, y = 175.000000
avance = -431.000000, avanceR = 2.000000, avanceI = 2.000000
inc_x_r = 0.000000, inc_y_r = 1.000000, inc_x_i = 1.000000, inc_y_i = 1.000000
En el else......

----------------------------------------
x = 56.000000, y = 176.000000
avance = -429.000000, avanceR = 2.000000, avanceI = 2.000000
inc_x_r = 0.000000, inc_y_r = 1.000000, inc_x_i = 1.000000, inc_y_i = 1.000000
En el else......

----------------------------------------
x = 56.000000, y = 177.000000
avance = -427.000000, avanceR = 2.000000, avanceI = 2.000000
inc_x_r = 0.000000, inc_y_r = 1.000000, inc_x_i = 1.000000, inc_y_i = 1.000000
En el else......

----------------------------------------
x = 56.000000, y = 178.000000
avance = -425.000000, avanceR = 2.000000, avanceI = 2.000000
inc_x_r = 0.000000, inc_y_r = 1.000000, inc_x_i = 1.000000, inc_y_i = 1.000000
En el else......

----------------------------------------
x = 56.000000, y = 179.000000
avance = -423.000000, avanceR = 2.000000, avanceI = 2.000000
inc_x_r = 0.000000, inc_y_r = 1.000000, inc_x_i = 1.000000, inc_y_i = 1.000000
En el else......

----------------------------------------
x = 56.000000, y = 180.000000
avance = -421.000000, avanceR = 2.000000, avanceI = 2.000000
inc_x_r = 0.000000, inc_y_r = 1.000000, inc_x_i = 1.000000, inc_y_i = 1.000000
En el else......

----------------------------------------
x = 56.000000, y = 181.000000
avance = -419.000000, avanceR = 2.000000, avanceI = 2.000000
inc_x_r = 0.000000, inc_y_r = 1.000000, inc_x_i = 1.000000, inc_y_i = 1.000000
En el else......

----------------------------------------
x = 56.000000, y = 182.000000
avance = -417.000000, avanceR = 2.000000, avanceI = 2.000000
inc_x_r = 0.000000, inc_y_r = 1.000000, inc_x_i = 1.000000, inc_y_i = 1.000000
En el else......

----------------------------------------
x = 56.000000, y = 183.000000
avance = -415.000000, avanceR = 2.000000, avanceI = 2.000000
inc_x_r = 0.000000, inc_y_r = 1.000000, inc_x_i = 1.000000, inc_y_i = 1.000000
En el else......

----------------------------------------
x = 56.000000, y = 184.000000
avance = -413.000000, avanceR = 2.000000, avanceI = 2.000000
inc_x_r = 0.000000, inc_y_r = 1.000000, inc_x_i = 1.000000, inc_y_i = 1.000000
En el else......

----------------------------------------
x = 56.000000, y = 185.000000
avance = -411.000000, avanceR = 2.000000, avanceI = 2.000000
inc_x_r = 0.000000, inc_y_r = 1.000000, inc_x_i = 1.000000, inc_y_i = 1.000000
En el else......

----------------------------------------
x = 56.000000, y = 186.000000
avance = -409.000000, avanceR = 2.000000, avanceI = 2.000000
inc_x_r = 0.000000, inc_y_r = 1.000000, inc_x_i = 1.000000, inc_y_i = 1.000000
En el else......

----------------------------------------
x = 56.000000, y = 187.000000
avance = -407.000000, avanceR = 2.000000, avanceI = 2.000000
inc_x_r = 0.000000, inc_y_r = 1.000000, inc_x_i = 1.000000, inc_y_i = 1.000000
En el else......

----------------------------------------
x = 56.000000, y = 188.000000
avance = -405.000000, avanceR = 2.000000, avanceI = 2.000000
inc_x_r = 0.000000, inc_y_r = 1.000000, inc_x_i = 1.000000, inc_y_i = 1.000000
En el else......

----------------------------------------
x = 56.000000, y = 189.000000
avance = -403.000000, avanceR = 2.000000, avanceI = 2.000000
inc_x_r = 0.000000, inc_y_r = 1.000000, inc_x_i = 1.000000, inc_y_i = 1.000000
En el else......

----------------------------------------
x = 56.000000, y = 190.000000
avance = -401.000000, avanceR = 2.000000, avanceI = 2.000000
inc_x_r = 0.000000, inc_y_r = 1.000000, inc_x_i = 1.000000, inc_y_i = 1.000000
En el else......

----------------------------------------
x = 56.000000, y = 191.000000
avance = -399.000000, avanceR = 2.000000, avanceI = 2.000000
inc_x_r = 0.000000, inc_y_r = 1.000000, inc_x_i = 1.000000, inc_y_i = 1.000000
En el else......

----------------------------------------
x = 56.000000, y = 192.000000
avance = -397.000000, avanceR = 2.000000, avanceI = 2.000000
inc_x_r = 0.000000, inc_y_r = 1.000000, inc_x_i = 1.000000, inc_y_i = 1.000000
En el else......

----------------------------------------
x = 56.000000, y = 193.000000
avance = -395.000000, avanceR = 2.000000, avanceI = 2.000000
inc_x_r = 0.000000, inc_y_r = 1.000000, inc_x_i = 1.000000, inc_y_i = 1.000000
En el else......

----------------------------------------
x = 56.000000, y = 194.000000
avance = -393.000000, avanceR = 2.000000, avanceI = 2.000000
inc_x_r = 0.000000, inc_y_r = 1.000000, inc_x_i = 1.000000, inc_y_i = 1.000000
En el else......

----------------------------------------
x = 56.000000, y = 195.000000
avance = -391.000000, avanceR = 2.000000, avanceI = 2.000000
inc_x_r = 0.000000, inc_y_r = 1.000000, inc_x_i = 1.000000, inc_y_i = 1.000000
En el else......

----------------------------------------
x = 56.000000, y = 196.000000
avance = -389.000000, avanceR = 2.000000, avanceI = 2.000000
inc_x_r = 0.000000, inc_y_r = 1.000000, inc_x_i = 1.000000, inc_y_i = 1.000000
En el else......

----------------------------------------
x = 56.000000, y = 197.000000
avance = -387.000000, avanceR = 2.000000, avanceI = 2.000000
inc_x_r = 0.000000, inc_y_r = 1.000000, inc_x_i = 1.000000, inc_y_i = 1.000000
En el else......

----------------------------------------
x = 56.000000, y = 198.000000
avance = -385.000000, avanceR = 2.000000, avanceI = 2.000000
inc_x_r = 0.000000, inc_y_r = 1.000000, inc_x_i = 1.000000, inc_y_i = 1.000000
En el else......

----------------------------------------
x = 56.000000, y = 199.000000
avance = -383.000000, avanceR = 2.000000, avanceI = 2.000000
inc_x_r = 0.000000, inc_y_r = 1.000000, inc_x_i = 1.000000, inc_y_i = 1.000000
En el else......

----------------------------------------
x = 56.000000, y = 200.000000
avance = -381.000000, avanceR = 2.000000, avanceI = 2.000000
inc_x_r = 0.000000, inc_y_r = 1.000000, inc_x_i = 1.000000, inc_y_i = 1.000000
En el else......

----------------------------------------
x = 56.000000, y = 201.000000
avance = -379.000000, avanceR = 2.000000, avanceI = 2.000000
inc_x_r = 0.000000, inc_y_r = 1.000000, inc_x_i = 1.000000, inc_y_i = 1.000000
En el else......

----------------------------------------
x = 56.000000, y = 202.000000
avance = -377.000000, avanceR = 2.000000, avanceI = 2.000000
inc_x_r = 0.000000, inc_y_r = 1.000000, inc_x_i = 1.000000, inc_y_i = 1.000000
En el else......

----------------------------------------
x = 56.000000, y = 203.000000
avance = -375.000000, avanceR = 2.000000, avanceI = 2.000000
inc_x_r = 0.000000, inc_y_r = 1.000000, inc_x_i = 1.000000, inc_y_i = 1.000000
En el else......

----------------------------------------
x = 56.000000, y = 204.000000
avance = -373.000000, avanceR = 2.000000, avanceI = 2.000000
inc_x_r = 0.000000, inc_y_r = 1.000000, inc_x_i = 1.000000, inc_y_i = 1.000000
En el else......

----------------------------------------
x = 56.000000, y = 205.000000
avance = -371.000000, avanceR = 2.000000, avanceI = 2.000000
inc_x_r = 0.000000, inc_y_r = 1.000000, inc_x_i = 1.000000, inc_y_i = 1.000000
En el else......

----------------------------------------
x = 56.000000, y = 206.000000
avance = -369.000000, avanceR = 2.000000, avanceI = 2.000000
inc_x_r = 0.000000, inc_y_r = 1.000000, inc_x_i = 1.000000, inc_y_i = 1.000000
En el else......

----------------------------------------
x = 56.000000, y = 207.000000
avance = -367.000000, avanceR = 2.000000, avanceI = 2.000000
inc_x_r = 0.000000, inc_y_r = 1.000000, inc_x_i = 1.000000, inc_y_i = 1.000000
En el else......

----------------------------------------
x = 56.000000, y = 208.000000
avance = -365.000000, avanceR = 2.000000, avanceI = 2.000000
inc_x_r = 0.000000, inc_y_r = 1.000000, inc_x_i = 1.000000, inc_y_i = 1.000000
En el else......

----------------------------------------
x = 56.000000, y = 209.000000
avance = -363.000000, avanceR = 2.000000, avanceI = 2.000000
inc_x_r = 0.000000, inc_y_r = 1.000000, inc_x_i = 1.000000, inc_y_i = 1.000000
En el else......

----------------------------------------
x = 56.000000, y = 210.000000
avance = -361.000000, avanceR = 2.000000, avanceI = 2.000000
inc_x_r = 0.000000, inc_y_r = 1.000000, inc_x_i = 1.000000, inc_y_i = 1.000000
En el else......

----------------------------------------
x = 56.000000, y = 211.000000
avance = -359.000000, avanceR = 2.000000, avanceI = 2.000000
inc_x_r = 0.000000, inc_y_r = 1.000000, inc_x_i = 1.000000, inc_y_i = 1.000000
En el else......

----------------------------------------
x = 56.000000, y = 212.000000
avance = -357.000000, avanceR = 2.000000, avanceI = 2.000000
inc_x_r = 0.000000, inc_y_r = 1.000000, inc_x_i = 1.000000, inc_y_i = 1.000000
En el else......

----------------------------------------
x = 56.000000, y = 213.000000
avance = -355.000000, avanceR = 2.000000, avanceI = 2.000000
inc_x_r = 0.000000, inc_y_r = 1.000000, inc_x_i = 1.000000, inc_y_i = 1.000000
En el else......

----------------------------------------
x = 56.000000, y = 214.000000
avance = -353.000000, avanceR = 2.000000, avanceI = 2.000000
inc_x_r = 0.000000, inc_y_r = 1.000000, inc_x_i = 1.000000, inc_y_i = 1.000000
En el else......

----------------------------------------
x = 56.000000, y = 215.000000
avance = -351.000000, avanceR = 2.000000, avanceI = 2.000000
inc_x_r = 0.000000, inc_y_r = 1.000000, inc_x_i = 1.000000, inc_y_i = 1.000000
En el else......

----------------------------------------
x = 56.000000, y = 216.000000
avance = -349.000000, avanceR = 2.000000, avanceI = 2.000000
inc_x_r = 0.000000, inc_y_r = 1.000000, inc_x_i = 1.000000, inc_y_i = 1.000000
En el else......

----------------------------------------
x = 56.000000, y = 217.000000
avance = -347.000000, avanceR = 2.000000, avanceI = 2.000000
inc_x_r = 0.000000, inc_y_r = 1.000000, inc_x_i = 1.000000, inc_y_i = 1.000000
En el else......

----------------------------------------
x = 56.000000, y = 218.000000
avance = -345.000000, avanceR = 2.000000, avanceI = 2.000000
inc_x_r = 0.000000, inc_y_r = 1.000000, inc_x_i = 1.000000, inc_y_i = 1.000000
En el else......

----------------------------------------
x = 56.000000, y = 219.000000
avance = -343.000000, avanceR = 2.000000, avanceI = 2.000000
inc_x_r = 0.000000, inc_y_r = 1.000000, inc_x_i = 1.000000, inc_y_i = 1.000000
En el else......

----------------------------------------
x = 56.000000, y = 220.000000
avance = -341.000000, avanceR = 2.000000, avanceI = 2.000000
inc_x_r = 0.000000, inc_y_r = 1.000000, inc_x_i = 1.000000, inc_y_i = 1.000000
En el else......

----------------------------------------
x = 56.000000, y = 221.000000
avance = -339.000000, avanceR = 2.000000, avanceI = 2.000000
inc_x_r = 0.000000, inc_y_r = 1.000000, inc_x_i = 1.000000, inc_y_i = 1.000000
En el else......

----------------------------------------
x = 56.000000, y = 222.000000
avance = -337.000000, avanceR = 2.000000, avanceI = 2.000000
inc_x_r = 0.000000, inc_y_r = 1.000000, inc_x_i = 1.000000, inc_y_i = 1.000000
En el else......

----------------------------------------
x = 56.000000, y = 223.000000
avance = -335.000000, avanceR = 2.000000, avanceI = 2.000000
inc_x_r = 0.000000, inc_y_r = 1.000000, inc_x_i = 1.000000, inc_y_i = 1.000000
En el else......

----------------------------------------
x = 56.000000, y = 224.000000
avance = -333.000000, avanceR = 2.000000, avanceI = 2.000000
inc_x_r = 0.000000, inc_y_r = 1.000000, inc_x_i = 1.000000, inc_y_i = 1.000000
En el else......

----------------------------------------
x = 56.000000, y = 225.000000
avance = -331.000000, avanceR = 2.000000, avanceI = 2.000000
inc_x_r = 0.000000, inc_y_r = 1.000000, inc_x_i = 1.000000, inc_y_i = 1.000000
En el else......

----------------------------------------
x = 56.000000, y = 226.000000
avance = -329.000000, avanceR = 2.000000, avanceI = 2.000000
inc_x_r = 0.000000, inc_y_r = 1.000000, inc_x_i = 1.000000, inc_y_i = 1.000000
En el else......

----------------------------------------
x = 56.000000, y = 227.000000
avance = -327.000000, avanceR = 2.000000, avanceI = 2.000000
inc_x_r = 0.000000, inc_y_r = 1.000000, inc_x_i = 1.000000, inc_y_i = 1.000000
En el else......

----------------------------------------
x = 56.000000, y = 228.000000
avance = -325.000000, avanceR = 2.000000, avanceI = 2.000000
inc_x_r = 0.000000, inc_y_r = 1.000000, inc_x_i = 1.000000, inc_y_i = 1.000000
En el else......

----------------------------------------
x = 56.000000, y = 229.000000
avance = -323.000000, avanceR = 2.000000, avanceI = 2.000000
inc_x_r = 0.000000, inc_y_r = 1.000000, inc_x_i = 1.000000, inc_y_i = 1.000000
En el else......

----------------------------------------
x = 56.000000, y = 230.000000
avance = -321.000000, avanceR = 2.000000, avanceI = 2.000000
inc_x_r = 0.000000, inc_y_r = 1.000000, inc_x_i = 1.000000, inc_y_i = 1.000000
En el else......

----------------------------------------
x = 56.000000, y = 231.000000
avance = -319.000000, avanceR = 2.000000, avanceI = 2.000000
inc_x_r = 0.000000, inc_y_r = 1.000000, inc_x_i = 1.000000, inc_y_i = 1.000000
En el else......

----------------------------------------
x = 56.000000, y = 232.000000
avance = -317.000000, avanceR = 2.000000, avanceI = 2.000000
inc_x_r = 0.000000, inc_y_r = 1.000000, inc_x_i = 1.000000, inc_y_i = 1.000000
En el else......

----------------------------------------
x = 56.000000, y = 233.000000
avance = -315.000000, avanceR = 2.000000, avanceI = 2.000000
inc_x_r = 0.000000, inc_y_r = 1.000000, inc_x_i = 1.000000, inc_y_i = 1.000000
En el else......

----------------------------------------
x = 56.000000, y = 234.000000
avance = -313.000000, avanceR = 2.000000, avanceI = 2.000000
inc_x_r = 0.000000, inc_y_r = 1.000000, inc_x_i = 1.000000, inc_y_i = 1.000000
En el else......

----------------------------------------
x = 56.000000, y = 235.000000
avance = -311.000000, avanceR = 2.000000, avanceI = 2.000000
inc_x_r = 0.000000, inc_y_r = 1.000000, inc_x_i = 1.000000, inc_y_i = 1.000000
En el else......

----------------------------------------
x = 56.000000, y = 236.000000
avance = -309.000000, avanceR = 2.000000, avanceI = 2.000000
inc_x_r = 0.000000, inc_y_r = 1.000000, inc_x_i = 1.000000, inc_y_i = 1.000000
En el else......

----------------------------------------
x = 56.000000, y = 237.000000
avance = -307.000000, avanceR = 2.000000, avanceI = 2.000000
inc_x_r = 0.000000, inc_y_r = 1.000000, inc_x_i = 1.000000, inc_y_i = 1.000000
En el else......

----------------------------------------
x = 56.000000, y = 238.000000
avance = -305.000000, avanceR = 2.000000, avanceI = 2.000000
inc_x_r = 0.000000, inc_y_r = 1.000000, inc_x_i = 1.000000, inc_y_i = 1.000000
En el else......

----------------------------------------
x = 56.000000, y = 239.000000
avance = -303.000000, avanceR = 2.000000, avanceI = 2.000000
inc_x_r = 0.000000, inc_y_r = 1.000000, inc_x_i = 1.000000, inc_y_i = 1.000000
En el else......

----------------------------------------
x = 56.000000, y = 240.000000
avance = -301.000000, avanceR = 2.000000, avanceI = 2.000000
inc_x_r = 0.000000, inc_y_r = 1.000000, inc_x_i = 1.000000, inc_y_i = 1.000000
En el else......

----------------------------------------
x = 56.000000, y = 241.000000
avance = -299.000000, avanceR = 2.000000, avanceI = 2.000000
inc_x_r = 0.000000, inc_y_r = 1.000000, inc_x_i = 1.000000, inc_y_i = 1.000000
En el else......

----------------------------------------
x = 56.000000, y = 242.000000
avance = -297.000000, avanceR = 2.000000, avanceI = 2.000000
inc_x_r = 0.000000, inc_y_r = 1.000000, inc_x_i = 1.000000, inc_y_i = 1.000000
En el else......

----------------------------------------
x = 56.000000, y = 243.000000
avance = -295.000000, avanceR = 2.000000, avanceI = 2.000000
inc_x_r = 0.000000, inc_y_r = 1.000000, inc_x_i = 1.000000, inc_y_i = 1.000000
En el else......

----------------------------------------
x = 56.000000, y = 244.000000
avance = -293.000000, avanceR = 2.000000, avanceI = 2.000000
inc_x_r = 0.000000, inc_y_r = 1.000000, inc_x_i = 1.000000, inc_y_i = 1.000000
En el else......

----------------------------------------
x = 56.000000, y = 245.000000
avance = -291.000000, avanceR = 2.000000, avanceI = 2.000000
inc_x_r = 0.000000, inc_y_r = 1.000000, inc_x_i = 1.000000, inc_y_i = 1.000000
En el else......

----------------------------------------
x = 56.000000, y = 246.000000
avance = -289.000000, avanceR = 2.000000, avanceI = 2.000000
inc_x_r = 0.000000, inc_y_r = 1.000000, inc_x_i = 1.000000, inc_y_i = 1.000000
En el else......

----------------------------------------
x = 56.000000, y = 247.000000
avance = -287.000000, avanceR = 2.000000, avanceI = 2.000000
inc_x_r = 0.000000, inc_y_r = 1.000000, inc_x_i = 1.000000, inc_y_i = 1.000000
En el else......

----------------------------------------
x = 56.000000, y = 248.000000
avance = -285.000000, avanceR = 2.000000, avanceI = 2.000000
inc_x_r = 0.000000, inc_y_r = 1.000000, inc_x_i = 1.000000, inc_y_i = 1.000000
En el else......

----------------------------------------
x = 56.000000, y = 249.000000
avance = -283.000000, avanceR = 2.000000, avanceI = 2.000000
inc_x_r = 0.000000, inc_y_r = 1.000000, inc_x_i = 1.000000, inc_y_i = 1.000000
En el else......

----------------------------------------
x = 56.000000, y = 250.000000
avance = -281.000000, avanceR = 2.000000, avanceI = 2.000000
inc_x_r = 0.000000, inc_y_r = 1.000000, inc_x_i = 1.000000, inc_y_i = 1.000000
En el else......

----------------------------------------
x = 56.000000, y = 251.000000
avance = -279.000000, avanceR = 2.000000, avanceI = 2.000000
inc_x_r = 0.000000, inc_y_r = 1.000000, inc_x_i = 1.000000, inc_y_i = 1.000000
En el else......

----------------------------------------
x = 56.000000, y = 252.000000
avance = -277.000000, avanceR = 2.000000, avanceI = 2.000000
inc_x_r = 0.000000, inc_y_r = 1.000000, inc_x_i = 1.000000, inc_y_i = 1.000000
En el else......

----------------------------------------
x = 56.000000, y = 253.000000
avance = -275.000000, avanceR = 2.000000, avanceI = 2.000000
inc_x_r = 0.000000, inc_y_r = 1.000000, inc_x_i = 1.000000, inc_y_i = 1.000000
En el else......

----------------------------------------
x = 56.000000, y = 254.000000
avance = -273.000000, avanceR = 2.000000, avanceI = 2.000000
inc_x_r = 0.000000, inc_y_r = 1.000000, inc_x_i = 1.000000, inc_y_i = 1.000000
En el else......

----------------------------------------
x = 56.000000, y = 255.000000
avance = -271.000000, avanceR = 2.000000, avanceI = 2.000000
inc_x_r = 0.000000, inc_y_r = 1.000000, inc_x_i = 1.000000, inc_y_i = 1.000000
En el else......

----------------------------------------
x = 56.000000, y = 256.000000
avance = -269.000000, avanceR = 2.000000, avanceI = 2.000000
inc_x_r = 0.000000, inc_y_r = 1.000000, inc_x_i = 1.000000, inc_y_i = 1.000000
En el else......

----------------------------------------
x = 56.000000, y = 257.000000
avance = -267.000000, avanceR = 2.000000, avanceI = 2.000000
inc_x_r = 0.000000, inc_y_r = 1.000000, inc_x_i = 1.000000, inc_y_i = 1.000000
En el else......

----------------------------------------
x = 56.000000, y = 258.000000
avance = -265.000000, avanceR = 2.000000, avanceI = 2.000000
inc_x_r = 0.000000, inc_y_r = 1.000000, inc_x_i = 1.000000, inc_y_i = 1.000000
En el else......

----------------------------------------
x = 56.000000, y = 259.000000
avance = -263.000000, avanceR = 2.000000, avanceI = 2.000000
inc_x_r = 0.000000, inc_y_r = 1.000000, inc_x_i = 1.000000, inc_y_i = 1.000000
En el else......

----------------------------------------
x = 56.000000, y = 260.000000
avance = -261.000000, avanceR = 2.000000, avanceI = 2.000000
inc_x_r = 0.000000, inc_y_r = 1.000000, inc_x_i = 1.000000, inc_y_i = 1.000000
En el else......

----------------------------------------
x = 56.000000, y = 261.000000
avance = -259.000000, avanceR = 2.000000, avanceI = 2.000000
inc_x_r = 0.000000, inc_y_r = 1.000000, inc_x_i = 1.000000, inc_y_i = 1.000000
En el else......

----------------------------------------
x = 56.000000, y = 262.000000
avance = -257.000000, avanceR = 2.000000, avanceI = 2.000000
inc_x_r = 0.000000, inc_y_r = 1.000000, inc_x_i = 1.000000, inc_y_i = 1.000000
En el else......

----------------------------------------
x = 56.000000, y = 263.000000
avance = -255.000000, avanceR = 2.000000, avanceI = 2.000000
inc_x_r = 0.000000, inc_y_r = 1.000000, inc_x_i = 1.000000, inc_y_i = 1.000000
En el else......

----------------------------------------
x = 56.000000, y = 264.000000
avance = -253.000000, avanceR = 2.000000, avanceI = 2.000000
inc_x_r = 0.000000, inc_y_r = 1.000000, inc_x_i = 1.000000, inc_y_i = 1.000000
En el else......

----------------------------------------
x = 56.000000, y = 265.000000
avance = -251.000000, avanceR = 2.000000, avanceI = 2.000000
inc_x_r = 0.000000, inc_y_r = 1.000000, inc_x_i = 1.000000, inc_y_i = 1.000000
En el else......

----------------------------------------


ENTRAMOS A BRESENHAMªªªª
x1 = 55.000000 - y1 = 15.000000 || x2 = 56.000000 - y2 = 266.000000
dy = 251.000000, dx = 1.000000
avances inclinados: inc_x_i = 1.000000, inc_y_i = 1.000000
updated: dy = 251.000000, dx = 1.000000
avances rectos: inc_x_r = 0.000000, inc_y_r 1.000000
reupdated: dy = 1.000000, dx = 251.000000
avanceR = 2.000000, avance -249.000000, avanceI 2.000000
----------------------------------------
x = 55.000000, y = 15.000000
avance = -249.000000, avanceR = 2.000000, avanceI = 2.000000
inc_x_r = 0.000000, inc_y_r = 1.000000, inc_x_i = 1.000000, inc_y_i = 1.000000
En el else......

----------------------------------------
x = 55.000000, y = 16.000000
avance = -247.000000, avanceR = 2.000000, avanceI = 2.000000
inc_x_r = 0.000000, inc_y_r = 1.000000, inc_x_i = 1.000000, inc_y_i = 1.000000
En el else......

----------------------------------------
x = 55.000000, y = 17.000000
avance = -245.000000, avanceR = 2.000000, avanceI = 2.000000
inc_x_r = 0.000000, inc_y_r = 1.000000, inc_x_i = 1.000000, inc_y_i = 1.000000
En el else......

----------------------------------------
x = 55.000000, y = 18.000000
avance = -243.000000, avanceR = 2.000000, avanceI = 2.000000
inc_x_r = 0.000000, inc_y_r = 1.000000, inc_x_i = 1.000000, inc_y_i = 1.000000
En el else......

----------------------------------------
x = 55.000000, y = 19.000000
avance = -241.000000, avanceR = 2.000000, avanceI = 2.000000
inc_x_r = 0.000000, inc_y_r = 1.000000, inc_x_i = 1.000000, inc_y_i = 1.000000
En el else......

----------------------------------------
x = 55.000000, y = 20.000000
avance = -239.000000, avanceR = 2.000000, avanceI = 2.000000
inc_x_r = 0.000000, inc_y_r = 1.000000, inc_x_i = 1.000000, inc_y_i = 1.000000
En el else......

----------------------------------------
x = 55.000000, y = 21.000000
avance = -237.000000, avanceR = 2.000000, avanceI = 2.000000
inc_x_r = 0.000000, inc_y_r = 1.000000, inc_x_i = 1.000000, inc_y_i = 1.000000
En el else......

----------------------------------------
x = 55.000000, y = 22.000000
avance = -235.000000, avanceR = 2.000000, avanceI = 2.000000
inc_x_r = 0.000000, inc_y_r = 1.000000, inc_x_i = 1.000000, inc_y_i = 1.000000
En el else......

----------------------------------------
x = 55.000000, y = 23.000000
avance = -233.000000, avanceR = 2.000000, avanceI = 2.000000
inc_x_r = 0.000000, inc_y_r = 1.000000, inc_x_i = 1.000000, inc_y_i = 1.000000
En el else......

----------------------------------------
x = 55.000000, y = 24.000000
avance = -231.000000, avanceR = 2.000000, avanceI = 2.000000
inc_x_r = 0.000000, inc_y_r = 1.000000, inc_x_i = 1.000000, inc_y_i = 1.000000
En el else......

----------------------------------------
x = 55.000000, y = 25.000000
avance = -229.000000, avanceR = 2.000000, avanceI = 2.000000
inc_x_r = 0.000000, inc_y_r = 1.000000, inc_x_i = 1.000000, inc_y_i = 1.000000
En el else......

----------------------------------------
x = 55.000000, y = 26.000000
avance = -227.000000, avanceR = 2.000000, avanceI = 2.000000
inc_x_r = 0.000000, inc_y_r = 1.000000, inc_x_i = 1.000000, inc_y_i = 1.000000
En el else......

----------------------------------------
x = 55.000000, y = 27.000000
avance = -225.000000, avanceR = 2.000000, avanceI = 2.000000
inc_x_r = 0.000000, inc_y_r = 1.000000, inc_x_i = 1.000000, inc_y_i = 1.000000
En el else......

----------------------------------------
x = 55.000000, y = 28.000000
avance = -223.000000, avanceR = 2.000000, avanceI = 2.000000
inc_x_r = 0.000000, inc_y_r = 1.000000, inc_x_i = 1.000000, inc_y_i = 1.000000
En el else......

----------------------------------------
x = 55.000000, y = 29.000000
avance = -221.000000, avanceR = 2.000000, avanceI = 2.000000
inc_x_r = 0.000000, inc_y_r = 1.000000, inc_x_i = 1.000000, inc_y_i = 1.000000
En el else......

----------------------------------------
x = 55.000000, y = 30.000000
avance = -219.000000, avanceR = 2.000000, avanceI = 2.000000
inc_x_r = 0.000000, inc_y_r = 1.000000, inc_x_i = 1.000000, inc_y_i = 1.000000
En el else......

----------------------------------------
x = 55.000000, y = 31.000000
avance = -217.000000, avanceR = 2.000000, avanceI = 2.000000
inc_x_r = 0.000000, inc_y_r = 1.000000, inc_x_i = 1.000000, inc_y_i = 1.000000
En el else......

----------------------------------------
x = 55.000000, y = 32.000000
avance = -215.000000, avanceR = 2.000000, avanceI = 2.000000
inc_x_r = 0.000000, inc_y_r = 1.000000, inc_x_i = 1.000000, inc_y_i = 1.000000
En el else......

----------------------------------------
x = 55.000000, y = 33.000000
avance = -213.000000, avanceR = 2.000000, avanceI = 2.000000
inc_x_r = 0.000000, inc_y_r = 1.000000, inc_x_i = 1.000000, inc_y_i = 1.000000
En el else......

----------------------------------------
x = 55.000000, y = 34.000000
avance = -211.000000, avanceR = 2.000000, avanceI = 2.000000
inc_x_r = 0.000000, inc_y_r = 1.000000, inc_x_i = 1.000000, inc_y_i = 1.000000
En el else......

----------------------------------------
x = 55.000000, y = 35.000000
avance = -209.000000, avanceR = 2.000000, avanceI = 2.000000
inc_x_r = 0.000000, inc_y_r = 1.000000, inc_x_i = 1.000000, inc_y_i = 1.000000
En el else......

----------------------------------------
x = 55.000000, y = 36.000000
avance = -207.000000, avanceR = 2.000000, avanceI = 2.000000
inc_x_r = 0.000000, inc_y_r = 1.000000, inc_x_i = 1.000000, inc_y_i = 1.000000
En el else......

----------------------------------------
x = 55.000000, y = 37.000000
avance = -205.000000, avanceR = 2.000000, avanceI = 2.000000
inc_x_r = 0.000000, inc_y_r = 1.000000, inc_x_i = 1.000000, inc_y_i = 1.000000
En el else......

----------------------------------------
x = 55.000000, y = 38.000000
avance = -203.000000, avanceR = 2.000000, avanceI = 2.000000
inc_x_r = 0.000000, inc_y_r = 1.000000, inc_x_i = 1.000000, inc_y_i = 1.000000
En el else......

----------------------------------------
x = 55.000000, y = 39.000000
avance = -201.000000, avanceR = 2.000000, avanceI = 2.000000
inc_x_r = 0.000000, inc_y_r = 1.000000, inc_x_i = 1.000000, inc_y_i = 1.000000
En el else......

----------------------------------------
x = 55.000000, y = 40.000000
avance = -199.000000, avanceR = 2.000000, avanceI = 2.000000
inc_x_r = 0.000000, inc_y_r = 1.000000, inc_x_i = 1.000000, inc_y_i = 1.000000
En el else......

----------------------------------------
x = 55.000000, y = 41.000000
avance = -197.000000, avanceR = 2.000000, avanceI = 2.000000
inc_x_r = 0.000000, inc_y_r = 1.000000, inc_x_i = 1.000000, inc_y_i = 1.000000
En el else......

----------------------------------------
x = 55.000000, y = 42.000000
avance = -195.000000, avanceR = 2.000000, avanceI = 2.000000
inc_x_r = 0.000000, inc_y_r = 1.000000, inc_x_i = 1.000000, inc_y_i = 1.000000
En el else......

----------------------------------------
x = 55.000000, y = 43.000000
avance = -193.000000, avanceR = 2.000000, avanceI = 2.000000
inc_x_r = 0.000000, inc_y_r = 1.000000, inc_x_i = 1.000000, inc_y_i = 1.000000
En el else......

----------------------------------------
x = 55.000000, y = 44.000000
avance = -191.000000, avanceR = 2.000000, avanceI = 2.000000
inc_x_r = 0.000000, inc_y_r = 1.000000, inc_x_i = 1.000000, inc_y_i = 1.000000
En el else......

----------------------------------------
x = 55.000000, y = 45.000000
avance = -189.000000, avanceR = 2.000000, avanceI = 2.000000
inc_x_r = 0.000000, inc_y_r = 1.000000, inc_x_i = 1.000000, inc_y_i = 1.000000
En el else......

----------------------------------------
x = 55.000000, y = 46.000000
avance = -187.000000, avanceR = 2.000000, avanceI = 2.000000
inc_x_r = 0.000000, inc_y_r = 1.000000, inc_x_i = 1.000000, inc_y_i = 1.000000
En el else......

----------------------------------------
x = 55.000000, y = 47.000000
avance = -185.000000, avanceR = 2.000000, avanceI = 2.000000
inc_x_r = 0.000000, inc_y_r = 1.000000, inc_x_i = 1.000000, inc_y_i = 1.000000
En el else......

----------------------------------------
x = 55.000000, y = 48.000000
avance = -183.000000, avanceR = 2.000000, avanceI = 2.000000
inc_x_r = 0.000000, inc_y_r = 1.000000, inc_x_i = 1.000000, inc_y_i = 1.000000
En el else......

----------------------------------------
x = 55.000000, y = 49.000000
avance = -181.000000, avanceR = 2.000000, avanceI = 2.000000
inc_x_r = 0.000000, inc_y_r = 1.000000, inc_x_i = 1.000000, inc_y_i = 1.000000
En el else......

----------------------------------------
x = 55.000000, y = 50.000000
avance = -179.000000, avanceR = 2.000000, avanceI = 2.000000
inc_x_r = 0.000000, inc_y_r = 1.000000, inc_x_i = 1.000000, inc_y_i = 1.000000
En el else......

----------------------------------------
x = 55.000000, y = 51.000000
avance = -177.000000, avanceR = 2.000000, avanceI = 2.000000
inc_x_r = 0.000000, inc_y_r = 1.000000, inc_x_i = 1.000000, inc_y_i = 1.000000
En el else......

----------------------------------------
x = 55.000000, y = 52.000000
avance = -175.000000, avanceR = 2.000000, avanceI = 2.000000
inc_x_r = 0.000000, inc_y_r = 1.000000, inc_x_i = 1.000000, inc_y_i = 1.000000
En el else......

----------------------------------------
x = 55.000000, y = 53.000000
avance = -173.000000, avanceR = 2.000000, avanceI = 2.000000
inc_x_r = 0.000000, inc_y_r = 1.000000, inc_x_i = 1.000000, inc_y_i = 1.000000
En el else......

----------------------------------------
x = 55.000000, y = 54.000000
avance = -171.000000, avanceR = 2.000000, avanceI = 2.000000
inc_x_r = 0.000000, inc_y_r = 1.000000, inc_x_i = 1.000000, inc_y_i = 1.000000
En el else......

----------------------------------------
x = 55.000000, y = 55.000000
avance = -169.000000, avanceR = 2.000000, avanceI = 2.000000
inc_x_r = 0.000000, inc_y_r = 1.000000, inc_x_i = 1.000000, inc_y_i = 1.000000
En el else......

----------------------------------------
x = 55.000000, y = 56.000000
avance = -167.000000, avanceR = 2.000000, avanceI = 2.000000
inc_x_r = 0.000000, inc_y_r = 1.000000, inc_x_i = 1.000000, inc_y_i = 1.000000
En el else......

----------------------------------------
x = 55.000000, y = 57.000000
avance = -165.000000, avanceR = 2.000000, avanceI = 2.000000
inc_x_r = 0.000000, inc_y_r = 1.000000, inc_x_i = 1.000000, inc_y_i = 1.000000
En el else......

----------------------------------------
x = 55.000000, y = 58.000000
avance = -163.000000, avanceR = 2.000000, avanceI = 2.000000
inc_x_r = 0.000000, inc_y_r = 1.000000, inc_x_i = 1.000000, inc_y_i = 1.000000
En el else......

----------------------------------------
x = 55.000000, y = 59.000000
avance = -161.000000, avanceR = 2.000000, avanceI = 2.000000
inc_x_r = 0.000000, inc_y_r = 1.000000, inc_x_i = 1.000000, inc_y_i = 1.000000
En el else......

----------------------------------------
x = 55.000000, y = 60.000000
avance = -159.000000, avanceR = 2.000000, avanceI = 2.000000
inc_x_r = 0.000000, inc_y_r = 1.000000, inc_x_i = 1.000000, inc_y_i = 1.000000
En el else......

----------------------------------------
x = 55.000000, y = 61.000000
avance = -157.000000, avanceR = 2.000000, avanceI = 2.000000
inc_x_r = 0.000000, inc_y_r = 1.000000, inc_x_i = 1.000000, inc_y_i = 1.000000
En el else......

----------------------------------------
x = 55.000000, y = 62.000000
avance = -155.000000, avanceR = 2.000000, avanceI = 2.000000
inc_x_r = 0.000000, inc_y_r = 1.000000, inc_x_i = 1.000000, inc_y_i = 1.000000
En el else......

----------------------------------------
x = 55.000000, y = 63.000000
avance = -153.000000, avanceR = 2.000000, avanceI = 2.000000
inc_x_r = 0.000000, inc_y_r = 1.000000, inc_x_i = 1.000000, inc_y_i = 1.000000
En el else......

----------------------------------------
x = 55.000000, y = 64.000000
avance = -151.000000, avanceR = 2.000000, avanceI = 2.000000
inc_x_r = 0.000000, inc_y_r = 1.000000, inc_x_i = 1.000000, inc_y_i = 1.000000
En el else......

----------------------------------------
x = 55.000000, y = 65.000000
avance = -149.000000, avanceR = 2.000000, avanceI = 2.000000
inc_x_r = 0.000000, inc_y_r = 1.000000, inc_x_i = 1.000000, inc_y_i = 1.000000
En el else......

----------------------------------------
x = 55.000000, y = 66.000000
avance = -147.000000, avanceR = 2.000000, avanceI = 2.000000
inc_x_r = 0.000000, inc_y_r = 1.000000, inc_x_i = 1.000000, inc_y_i = 1.000000
En el else......

----------------------------------------
x = 55.000000, y = 67.000000
avance = -145.000000, avanceR = 2.000000, avanceI = 2.000000
inc_x_r = 0.000000, inc_y_r = 1.000000, inc_x_i = 1.000000, inc_y_i = 1.000000
En el else......

----------------------------------------
x = 55.000000, y = 68.000000
avance = -143.000000, avanceR = 2.000000, avanceI = 2.000000
inc_x_r = 0.000000, inc_y_r = 1.000000, inc_x_i = 1.000000, inc_y_i = 1.000000
En el else......

----------------------------------------
x = 55.000000, y = 69.000000
avance = -141.000000, avanceR = 2.000000, avanceI = 2.000000
inc_x_r = 0.000000, inc_y_r = 1.000000, inc_x_i = 1.000000, inc_y_i = 1.000000
En el else......

----------------------------------------
x = 55.000000, y = 70.000000
avance = -139.000000, avanceR = 2.000000, avanceI = 2.000000
inc_x_r = 0.000000, inc_y_r = 1.000000, inc_x_i = 1.000000, inc_y_i = 1.000000
En el else......

----------------------------------------
x = 55.000000, y = 71.000000
avance = -137.000000, avanceR = 2.000000, avanceI = 2.000000
inc_x_r = 0.000000, inc_y_r = 1.000000, inc_x_i = 1.000000, inc_y_i = 1.000000
En el else......

----------------------------------------
x = 55.000000, y = 72.000000
avance = -135.000000, avanceR = 2.000000, avanceI = 2.000000
inc_x_r = 0.000000, inc_y_r = 1.000000, inc_x_i = 1.000000, inc_y_i = 1.000000
En el else......

----------------------------------------
x = 55.000000, y = 73.000000
avance = -133.000000, avanceR = 2.000000, avanceI = 2.000000
inc_x_r = 0.000000, inc_y_r = 1.000000, inc_x_i = 1.000000, inc_y_i = 1.000000
En el else......

----------------------------------------
x = 55.000000, y = 74.000000
avance = -131.000000, avanceR = 2.000000, avanceI = 2.000000
inc_x_r = 0.000000, inc_y_r = 1.000000, inc_x_i = 1.000000, inc_y_i = 1.000000
En el else......

----------------------------------------
x = 55.000000, y = 75.000000
avance = -129.000000, avanceR = 2.000000, avanceI = 2.000000
inc_x_r = 0.000000, inc_y_r = 1.000000, inc_x_i = 1.000000, inc_y_i = 1.000000
En el else......

----------------------------------------
x = 55.000000, y = 76.000000
avance = -127.000000, avanceR = 2.000000, avanceI = 2.000000
inc_x_r = 0.000000, inc_y_r = 1.000000, inc_x_i = 1.000000, inc_y_i = 1.000000
En el else......

----------------------------------------
x = 55.000000, y = 77.000000
avance = -125.000000, avanceR = 2.000000, avanceI = 2.000000
inc_x_r = 0.000000, inc_y_r = 1.000000, inc_x_i = 1.000000, inc_y_i = 1.000000
En el else......

----------------------------------------
x = 55.000000, y = 78.000000
avance = -123.000000, avanceR = 2.000000, avanceI = 2.000000
inc_x_r = 0.000000, inc_y_r = 1.000000, inc_x_i = 1.000000, inc_y_i = 1.000000
En el else......

----------------------------------------
x = 55.000000, y = 79.000000
avance = -121.000000, avanceR = 2.000000, avanceI = 2.000000
inc_x_r = 0.000000, inc_y_r = 1.000000, inc_x_i = 1.000000, inc_y_i = 1.000000
En el else......

----------------------------------------
x = 55.000000, y = 80.000000
avance = -119.000000, avanceR = 2.000000, avanceI = 2.000000
inc_x_r = 0.000000, inc_y_r = 1.000000, inc_x_i = 1.000000, inc_y_i = 1.000000
En el else......

----------------------------------------
x = 55.000000, y = 81.000000
avance = -117.000000, avanceR = 2.000000, avanceI = 2.000000
inc_x_r = 0.000000, inc_y_r = 1.000000, inc_x_i = 1.000000, inc_y_i = 1.000000
En el else......

----------------------------------------
x = 55.000000, y = 82.000000
avance = -115.000000, avanceR = 2.000000, avanceI = 2.000000
inc_x_r = 0.000000, inc_y_r = 1.000000, inc_x_i = 1.000000, inc_y_i = 1.000000
En el else......

----------------------------------------
x = 55.000000, y = 83.000000
avance = -113.000000, avanceR = 2.000000, avanceI = 2.000000
inc_x_r = 0.000000, inc_y_r = 1.000000, inc_x_i = 1.000000, inc_y_i = 1.000000
En el else......

----------------------------------------
x = 55.000000, y = 84.000000
avance = -111.000000, avanceR = 2.000000, avanceI = 2.000000
inc_x_r = 0.000000, inc_y_r = 1.000000, inc_x_i = 1.000000, inc_y_i = 1.000000
En el else......

----------------------------------------
x = 55.000000, y = 85.000000
avance = -109.000000, avanceR = 2.000000, avanceI = 2.000000
inc_x_r = 0.000000, inc_y_r = 1.000000, inc_x_i = 1.000000, inc_y_i = 1.000000
En el else......

----------------------------------------
x = 55.000000, y = 86.000000
avance = -107.000000, avanceR = 2.000000, avanceI = 2.000000
inc_x_r = 0.000000, inc_y_r = 1.000000, inc_x_i = 1.000000, inc_y_i = 1.000000
En el else......

----------------------------------------
x = 55.000000, y = 87.000000
avance = -105.000000, avanceR = 2.000000, avanceI = 2.000000
inc_x_r = 0.000000, inc_y_r = 1.000000, inc_x_i = 1.000000, inc_y_i = 1.000000
En el else......

----------------------------------------
x = 55.000000, y = 88.000000
avance = -103.000000, avanceR = 2.000000, avanceI = 2.000000
inc_x_r = 0.000000, inc_y_r = 1.000000, inc_x_i = 1.000000, inc_y_i = 1.000000
En el else......

----------------------------------------
x = 55.000000, y = 89.000000
avance = -101.000000, avanceR = 2.000000, avanceI = 2.000000
inc_x_r = 0.000000, inc_y_r = 1.000000, inc_x_i = 1.000000, inc_y_i = 1.000000
En el else......

----------------------------------------
x = 55.000000, y = 90.000000
avance = -99.000000, avanceR = 2.000000, avanceI = 2.000000
inc_x_r = 0.000000, inc_y_r = 1.000000, inc_x_i = 1.000000, inc_y_i = 1.000000
En el else......

----------------------------------------
x = 55.000000, y = 91.000000
avance = -97.000000, avanceR = 2.000000, avanceI = 2.000000
inc_x_r = 0.000000, inc_y_r = 1.000000, inc_x_i = 1.000000, inc_y_i = 1.000000
En el else......

----------------------------------------
x = 55.000000, y = 92.000000
avance = -95.000000, avanceR = 2.000000, avanceI = 2.000000
inc_x_r = 0.000000, inc_y_r = 1.000000, inc_x_i = 1.000000, inc_y_i = 1.000000
En el else......

----------------------------------------
x = 55.000000, y = 93.000000
avance = -93.000000, avanceR = 2.000000, avanceI = 2.000000
inc_x_r = 0.000000, inc_y_r = 1.000000, inc_x_i = 1.000000, inc_y_i = 1.000000
En el else......

----------------------------------------
x = 55.000000, y = 94.000000
avance = -91.000000, avanceR = 2.000000, avanceI = 2.000000
inc_x_r = 0.000000, inc_y_r = 1.000000, inc_x_i = 1.000000, inc_y_i = 1.000000
En el else......

----------------------------------------
x = 55.000000, y = 95.000000
avance = -89.000000, avanceR = 2.000000, avanceI = 2.000000
inc_x_r = 0.000000, inc_y_r = 1.000000, inc_x_i = 1.000000, inc_y_i = 1.000000
En el else......

----------------------------------------
x = 55.000000, y = 96.000000
avance = -87.000000, avanceR = 2.000000, avanceI = 2.000000
inc_x_r = 0.000000, inc_y_r = 1.000000, inc_x_i = 1.000000, inc_y_i = 1.000000
En el else......

----------------------------------------
x = 55.000000, y = 97.000000
avance = -85.000000, avanceR = 2.000000, avanceI = 2.000000
inc_x_r = 0.000000, inc_y_r = 1.000000, inc_x_i = 1.000000, inc_y_i = 1.000000
En el else......

----------------------------------------
x = 55.000000, y = 98.000000
avance = -83.000000, avanceR = 2.000000, avanceI = 2.000000
inc_x_r = 0.000000, inc_y_r = 1.000000, inc_x_i = 1.000000, inc_y_i = 1.000000
En el else......

----------------------------------------
x = 55.000000, y = 99.000000
avance = -81.000000, avanceR = 2.000000, avanceI = 2.000000
inc_x_r = 0.000000, inc_y_r = 1.000000, inc_x_i = 1.000000, inc_y_i = 1.000000
En el else......

----------------------------------------
x = 55.000000, y = 100.000000
avance = -79.000000, avanceR = 2.000000, avanceI = 2.000000
inc_x_r = 0.000000, inc_y_r = 1.000000, inc_x_i = 1.000000, inc_y_i = 1.000000
En el else......

----------------------------------------
x = 55.000000, y = 101.000000
avance = -77.000000, avanceR = 2.000000, avanceI = 2.000000
inc_x_r = 0.000000, inc_y_r = 1.000000, inc_x_i = 1.000000, inc_y_i = 1.000000
En el else......

----------------------------------------
x = 55.000000, y = 102.000000
avance = -75.000000, avanceR = 2.000000, avanceI = 2.000000
inc_x_r = 0.000000, inc_y_r = 1.000000, inc_x_i = 1.000000, inc_y_i = 1.000000
En el else......

----------------------------------------
x = 55.000000, y = 103.000000
avance = -73.000000, avanceR = 2.000000, avanceI = 2.000000
inc_x_r = 0.000000, inc_y_r = 1.000000, inc_x_i = 1.000000, inc_y_i = 1.000000
En el else......

----------------------------------------
x = 55.000000, y = 104.000000
avance = -71.000000, avanceR = 2.000000, avanceI = 2.000000
inc_x_r = 0.000000, inc_y_r = 1.000000, inc_x_i = 1.000000, inc_y_i = 1.000000
En el else......

----------------------------------------
x = 55.000000, y = 105.000000
avance = -69.000000, avanceR = 2.000000, avanceI = 2.000000
inc_x_r = 0.000000, inc_y_r = 1.000000, inc_x_i = 1.000000, inc_y_i = 1.000000
En el else......

----------------------------------------
x = 55.000000, y = 106.000000
avance = -67.000000, avanceR = 2.000000, avanceI = 2.000000
inc_x_r = 0.000000, inc_y_r = 1.000000, inc_x_i = 1.000000, inc_y_i = 1.000000
En el else......

----------------------------------------
x = 55.000000, y = 107.000000
avance = -65.000000, avanceR = 2.000000, avanceI = 2.000000
inc_x_r = 0.000000, inc_y_r = 1.000000, inc_x_i = 1.000000, inc_y_i = 1.000000
En el else......

----------------------------------------
x = 55.000000, y = 108.000000
avance = -63.000000, avanceR = 2.000000, avanceI = 2.000000
inc_x_r = 0.000000, inc_y_r = 1.000000, inc_x_i = 1.000000, inc_y_i = 1.000000
En el else......

----------------------------------------
x = 55.000000, y = 109.000000
avance = -61.000000, avanceR = 2.000000, avanceI = 2.000000
inc_x_r = 0.000000, inc_y_r = 1.000000, inc_x_i = 1.000000, inc_y_i = 1.000000
En el else......

----------------------------------------
x = 55.000000, y = 110.000000
avance = -59.000000, avanceR = 2.000000, avanceI = 2.000000
inc_x_r = 0.000000, inc_y_r = 1.000000, inc_x_i = 1.000000, inc_y_i = 1.000000
En el else......

----------------------------------------
x = 55.000000, y = 111.000000
avance = -57.000000, avanceR = 2.000000, avanceI = 2.000000
inc_x_r = 0.000000, inc_y_r = 1.000000, inc_x_i = 1.000000, inc_y_i = 1.000000
En el else......

----------------------------------------
x = 55.000000, y = 112.000000
avance = -55.000000, avanceR = 2.000000, avanceI = 2.000000
inc_x_r = 0.000000, inc_y_r = 1.000000, inc_x_i = 1.000000, inc_y_i = 1.000000
En el else......

----------------------------------------
x = 55.000000, y = 113.000000
avance = -53.000000, avanceR = 2.000000, avanceI = 2.000000
inc_x_r = 0.000000, inc_y_r = 1.000000, inc_x_i = 1.000000, inc_y_i = 1.000000
En el else......

----------------------------------------
x = 55.000000, y = 114.000000
avance = -51.000000, avanceR = 2.000000, avanceI = 2.000000
inc_x_r = 0.000000, inc_y_r = 1.000000, inc_x_i = 1.000000, inc_y_i = 1.000000
En el else......

----------------------------------------
x = 55.000000, y = 115.000000
avance = -49.000000, avanceR = 2.000000, avanceI = 2.000000
inc_x_r = 0.000000, inc_y_r = 1.000000, inc_x_i = 1.000000, inc_y_i = 1.000000
En el else......

----------------------------------------
x = 55.000000, y = 116.000000
avance = -47.000000, avanceR = 2.000000, avanceI = 2.000000
inc_x_r = 0.000000, inc_y_r = 1.000000, inc_x_i = 1.000000, inc_y_i = 1.000000
En el else......

----------------------------------------
x = 55.000000, y = 117.000000
avance = -45.000000, avanceR = 2.000000, avanceI = 2.000000
inc_x_r = 0.000000, inc_y_r = 1.000000, inc_x_i = 1.000000, inc_y_i = 1.000000
En el else......

----------------------------------------
x = 55.000000, y = 118.000000
avance = -43.000000, avanceR = 2.000000, avanceI = 2.000000
inc_x_r = 0.000000, inc_y_r = 1.000000, inc_x_i = 1.000000, inc_y_i = 1.000000
En el else......

----------------------------------------
x = 55.000000, y = 119.000000
avance = -41.000000, avanceR = 2.000000, avanceI = 2.000000
inc_x_r = 0.000000, inc_y_r = 1.000000, inc_x_i = 1.000000, inc_y_i = 1.000000
En el else......

----------------------------------------
x = 55.000000, y = 120.000000
avance = -39.000000, avanceR = 2.000000, avanceI = 2.000000
inc_x_r = 0.000000, inc_y_r = 1.000000, inc_x_i = 1.000000, inc_y_i = 1.000000
En el else......

----------------------------------------
x = 55.000000, y = 121.000000
avance = -37.000000, avanceR = 2.000000, avanceI = 2.000000
inc_x_r = 0.000000, inc_y_r = 1.000000, inc_x_i = 1.000000, inc_y_i = 1.000000
En el else......

----------------------------------------
x = 55.000000, y = 122.000000
avance = -35.000000, avanceR = 2.000000, avanceI = 2.000000
inc_x_r = 0.000000, inc_y_r = 1.000000, inc_x_i = 1.000000, inc_y_i = 1.000000
En el else......

----------------------------------------
x = 55.000000, y = 123.000000
avance = -33.000000, avanceR = 2.000000, avanceI = 2.000000
inc_x_r = 0.000000, inc_y_r = 1.000000, inc_x_i = 1.000000, inc_y_i = 1.000000
En el else......

----------------------------------------
x = 55.000000, y = 124.000000
avance = -31.000000, avanceR = 2.000000, avanceI = 2.000000
inc_x_r = 0.000000, inc_y_r = 1.000000, inc_x_i = 1.000000, inc_y_i = 1.000000
En el else......

----------------------------------------
x = 55.000000, y = 125.000000
avance = -29.000000, avanceR = 2.000000, avanceI = 2.000000
inc_x_r = 0.000000, inc_y_r = 1.000000, inc_x_i = 1.000000, inc_y_i = 1.000000
En el else......

----------------------------------------
x = 55.000000, y = 126.000000
avance = -27.000000, avanceR = 2.000000, avanceI = 2.000000
inc_x_r = 0.000000, inc_y_r = 1.000000, inc_x_i = 1.000000, inc_y_i = 1.000000
En el else......

----------------------------------------
x = 55.000000, y = 127.000000
avance = -25.000000, avanceR = 2.000000, avanceI = 2.000000
inc_x_r = 0.000000, inc_y_r = 1.000000, inc_x_i = 1.000000, inc_y_i = 1.000000
En el else......

----------------------------------------
x = 55.000000, y = 128.000000
avance = -23.000000, avanceR = 2.000000, avanceI = 2.000000
inc_x_r = 0.000000, inc_y_r = 1.000000, inc_x_i = 1.000000, inc_y_i = 1.000000
En el else......

----------------------------------------
x = 55.000000, y = 129.000000
avance = -21.000000, avanceR = 2.000000, avanceI = 2.000000
inc_x_r = 0.000000, inc_y_r = 1.000000, inc_x_i = 1.000000, inc_y_i = 1.000000
En el else......

----------------------------------------
x = 55.000000, y = 130.000000
avance = -19.000000, avanceR = 2.000000, avanceI = 2.000000
inc_x_r = 0.000000, inc_y_r = 1.000000, inc_x_i = 1.000000, inc_y_i = 1.000000
En el else......

----------------------------------------
x = 55.000000, y = 131.000000
avance = -17.000000, avanceR = 2.000000, avanceI = 2.000000
inc_x_r = 0.000000, inc_y_r = 1.000000, inc_x_i = 1.000000, inc_y_i = 1.000000
En el else......

----------------------------------------
x = 55.000000, y = 132.000000
avance = -15.000000, avanceR = 2.000000, avanceI = 2.000000
inc_x_r = 0.000000, inc_y_r = 1.000000, inc_x_i = 1.000000, inc_y_i = 1.000000
En el else......

----------------------------------------
x = 55.000000, y = 133.000000
avance = -13.000000, avanceR = 2.000000, avanceI = 2.000000
inc_x_r = 0.000000, inc_y_r = 1.000000, inc_x_i = 1.000000, inc_y_i = 1.000000
En el else......

----------------------------------------
x = 55.000000, y = 134.000000
avance = -11.000000, avanceR = 2.000000, avanceI = 2.000000
inc_x_r = 0.000000, inc_y_r = 1.000000, inc_x_i = 1.000000, inc_y_i = 1.000000
En el else......

----------------------------------------
x = 55.000000, y = 135.000000
avance = -9.000000, avanceR = 2.000000, avanceI = 2.000000
inc_x_r = 0.000000, inc_y_r = 1.000000, inc_x_i = 1.000000, inc_y_i = 1.000000
En el else......

----------------------------------------
x = 55.000000, y = 136.000000
avance = -7.000000, avanceR = 2.000000, avanceI = 2.000000
inc_x_r = 0.000000, inc_y_r = 1.000000, inc_x_i = 1.000000, inc_y_i = 1.000000
En el else......

----------------------------------------
x = 55.000000, y = 137.000000
avance = -5.000000, avanceR = 2.000000, avanceI = 2.000000
inc_x_r = 0.000000, inc_y_r = 1.000000, inc_x_i = 1.000000, inc_y_i = 1.000000
En el else......

----------------------------------------
x = 55.000000, y = 138.000000
avance = -3.000000, avanceR = 2.000000, avanceI = 2.000000
inc_x_r = 0.000000, inc_y_r = 1.000000, inc_x_i = 1.000000, inc_y_i = 1.000000
En el else......

----------------------------------------
x = 55.000000, y = 139.000000
avance = -1.000000, avanceR = 2.000000, avanceI = 2.000000
inc_x_r = 0.000000, inc_y_r = 1.000000, inc_x_i = 1.000000, inc_y_i = 1.000000
En el else......

----------------------------------------
x = 55.000000, y = 140.000000
avance = 1.000000, avanceR = 2.000000, avanceI = 2.000000
inc_x_r = 0.000000, inc_y_r = 1.000000, inc_x_i = 1.000000, inc_y_i = 1.000000
avance >= 0

----------------------------------------
x = 56.000000, y = 141.000000
avance = -499.000000, avanceR = 2.000000, avanceI = 2.000000
inc_x_r = 0.000000, inc_y_r = 1.000000, inc_x_i = 1.000000, inc_y_i = 1.000000
En el else......

----------------------------------------
x = 56.000000, y = 142.000000
avance = -497.000000, avanceR = 2.000000, avanceI = 2.000000
inc_x_r = 0.000000, inc_y_r = 1.000000, inc_x_i = 1.000000, inc_y_i = 1.000000
En el else......

----------------------------------------
x = 56.000000, y = 143.000000
avance = -495.000000, avanceR = 2.000000, avanceI = 2.000000
inc_x_r = 0.000000, inc_y_r = 1.000000, inc_x_i = 1.000000, inc_y_i = 1.000000
En el else......

----------------------------------------
x = 56.000000, y = 144.000000
avance = -493.000000, avanceR = 2.000000, avanceI = 2.000000
inc_x_r = 0.000000, inc_y_r = 1.000000, inc_x_i = 1.000000, inc_y_i = 1.000000
En el else......

----------------------------------------
x = 56.000000, y = 145.000000
avance = -491.000000, avanceR = 2.000000, avanceI = 2.000000
inc_x_r = 0.000000, inc_y_r = 1.000000, inc_x_i = 1.000000, inc_y_i = 1.000000
En el else......

----------------------------------------
x = 56.000000, y = 146.000000
avance = -489.000000, avanceR = 2.000000, avanceI = 2.000000
inc_x_r = 0.000000, inc_y_r = 1.000000, inc_x_i = 1.000000, inc_y_i = 1.000000
En el else......

----------------------------------------
x = 56.000000, y = 147.000000
avance = -487.000000, avanceR = 2.000000, avanceI = 2.000000
inc_x_r = 0.000000, inc_y_r = 1.000000, inc_x_i = 1.000000, inc_y_i = 1.000000
En el else......

----------------------------------------
x = 56.000000, y = 148.000000
avance = -485.000000, avanceR = 2.000000, avanceI = 2.000000
inc_x_r = 0.000000, inc_y_r = 1.000000, inc_x_i = 1.000000, inc_y_i = 1.000000
En el else......

----------------------------------------
x = 56.000000, y = 149.000000
avance = -483.000000, avanceR = 2.000000, avanceI = 2.000000
inc_x_r = 0.000000, inc_y_r = 1.000000, inc_x_i = 1.000000, inc_y_i = 1.000000
En el else......

----------------------------------------
x = 56.000000, y = 150.000000
avance = -481.000000, avanceR = 2.000000, avanceI = 2.000000
inc_x_r = 0.000000, inc_y_r = 1.000000, inc_x_i = 1.000000, inc_y_i = 1.000000
En el else......

----------------------------------------
x = 56.000000, y = 151.000000
avance = -479.000000, avanceR = 2.000000, avanceI = 2.000000
inc_x_r = 0.000000, inc_y_r = 1.000000, inc_x_i = 1.000000, inc_y_i = 1.000000
En el else......

----------------------------------------
x = 56.000000, y = 152.000000
avance = -477.000000, avanceR = 2.000000, avanceI = 2.000000
inc_x_r = 0.000000, inc_y_r = 1.000000, inc_x_i = 1.000000, inc_y_i = 1.000000
En el else......

----------------------------------------
x = 56.000000, y = 153.000000
avance = -475.000000, avanceR = 2.000000, avanceI = 2.000000
inc_x_r = 0.000000, inc_y_r = 1.000000, inc_x_i = 1.000000, inc_y_i = 1.000000
En el else......

----------------------------------------
x = 56.000000, y = 154.000000
avance = -473.000000, avanceR = 2.000000, avanceI = 2.000000
inc_x_r = 0.000000, inc_y_r = 1.000000, inc_x_i = 1.000000, inc_y_i = 1.000000
En el else......

----------------------------------------
x = 56.000000, y = 155.000000
avance = -471.000000, avanceR = 2.000000, avanceI = 2.000000
inc_x_r = 0.000000, inc_y_r = 1.000000, inc_x_i = 1.000000, inc_y_i = 1.000000
En el else......

----------------------------------------
x = 56.000000, y = 156.000000
avance = -469.000000, avanceR = 2.000000, avanceI = 2.000000
inc_x_r = 0.000000, inc_y_r = 1.000000, inc_x_i = 1.000000, inc_y_i = 1.000000
En el else......

----------------------------------------
x = 56.000000, y = 157.000000
avance = -467.000000, avanceR = 2.000000, avanceI = 2.000000
inc_x_r = 0.000000, inc_y_r = 1.000000, inc_x_i = 1.000000, inc_y_i = 1.000000
En el else......

----------------------------------------
x = 56.000000, y = 158.000000
avance = -465.000000, avanceR = 2.000000, avanceI = 2.000000
inc_x_r = 0.000000, inc_y_r = 1.000000, inc_x_i = 1.000000, inc_y_i = 1.000000
En el else......

----------------------------------------
x = 56.000000, y = 159.000000
avance = -463.000000, avanceR = 2.000000, avanceI = 2.000000
inc_x_r = 0.000000, inc_y_r = 1.000000, inc_x_i = 1.000000, inc_y_i = 1.000000
En el else......

----------------------------------------
x = 56.000000, y = 160.000000
avance = -461.000000, avanceR = 2.000000, avanceI = 2.000000
inc_x_r = 0.000000, inc_y_r = 1.000000, inc_x_i = 1.000000, inc_y_i = 1.000000
En el else......

----------------------------------------
x = 56.000000, y = 161.000000
avance = -459.000000, avanceR = 2.000000, avanceI = 2.000000
inc_x_r = 0.000000, inc_y_r = 1.000000, inc_x_i = 1.000000, inc_y_i = 1.000000
En el else......

----------------------------------------
x = 56.000000, y = 162.000000
avance = -457.000000, avanceR = 2.000000, avanceI = 2.000000
inc_x_r = 0.000000, inc_y_r = 1.000000, inc_x_i = 1.000000, inc_y_i = 1.000000
En el else......

----------------------------------------
x = 56.000000, y = 163.000000
avance = -455.000000, avanceR = 2.000000, avanceI = 2.000000
inc_x_r = 0.000000, inc_y_r = 1.000000, inc_x_i = 1.000000, inc_y_i = 1.000000
En el else......

----------------------------------------
x = 56.000000, y = 164.000000
avance = -453.000000, avanceR = 2.000000, avanceI = 2.000000
inc_x_r = 0.000000, inc_y_r = 1.000000, inc_x_i = 1.000000, inc_y_i = 1.000000
En el else......

----------------------------------------
x = 56.000000, y = 165.000000
avance = -451.000000, avanceR = 2.000000, avanceI = 2.000000
inc_x_r = 0.000000, inc_y_r = 1.000000, inc_x_i = 1.000000, inc_y_i = 1.000000
En el else......

----------------------------------------
x = 56.000000, y = 166.000000
avance = -449.000000, avanceR = 2.000000, avanceI = 2.000000
inc_x_r = 0.000000, inc_y_r = 1.000000, inc_x_i = 1.000000, inc_y_i = 1.000000
En el else......

----------------------------------------
x = 56.000000, y = 167.000000
avance = -447.000000, avanceR = 2.000000, avanceI = 2.000000
inc_x_r = 0.000000, inc_y_r = 1.000000, inc_x_i = 1.000000, inc_y_i = 1.000000
En el else......

----------------------------------------
x = 56.000000, y = 168.000000
avance = -445.000000, avanceR = 2.000000, avanceI = 2.000000
inc_x_r = 0.000000, inc_y_r = 1.000000, inc_x_i = 1.000000, inc_y_i = 1.000000
En el else......

----------------------------------------
x = 56.000000, y = 169.000000
avance = -443.000000, avanceR = 2.000000, avanceI = 2.000000
inc_x_r = 0.000000, inc_y_r = 1.000000, inc_x_i = 1.000000, inc_y_i = 1.000000
En el else......

----------------------------------------
x = 56.000000, y = 170.000000
avance = -441.000000, avanceR = 2.000000, avanceI = 2.000000
inc_x_r = 0.000000, inc_y_r = 1.000000, inc_x_i = 1.000000, inc_y_i = 1.000000
En el else......

----------------------------------------
x = 56.000000, y = 171.000000
avance = -439.000000, avanceR = 2.000000, avanceI = 2.000000
inc_x_r = 0.000000, inc_y_r = 1.000000, inc_x_i = 1.000000, inc_y_i = 1.000000
En el else......

----------------------------------------
x = 56.000000, y = 172.000000
avance = -437.000000, avanceR = 2.000000, avanceI = 2.000000
inc_x_r = 0.000000, inc_y_r = 1.000000, inc_x_i = 1.000000, inc_y_i = 1.000000
En el else......

----------------------------------------
x = 56.000000, y = 173.000000
avance = -435.000000, avanceR = 2.000000, avanceI = 2.000000
inc_x_r = 0.000000, inc_y_r = 1.000000, inc_x_i = 1.000000, inc_y_i = 1.000000
En el else......

----------------------------------------
x = 56.000000, y = 174.000000
avance = -433.000000, avanceR = 2.000000, avanceI = 2.000000
inc_x_r = 0.000000, inc_y_r = 1.000000, inc_x_i = 1.000000, inc_y_i = 1.000000
En el else......

----------------------------------------
x = 56.000000, y = 175.000000
avance = -431.000000, avanceR = 2.000000, avanceI = 2.000000
inc_x_r = 0.000000, inc_y_r = 1.000000, inc_x_i = 1.000000, inc_y_i = 1.000000
En el else......

----------------------------------------
x = 56.000000, y = 176.000000
avance = -429.000000, avanceR = 2.000000, avanceI = 2.000000
inc_x_r = 0.000000, inc_y_r = 1.000000, inc_x_i = 1.000000, inc_y_i = 1.000000
En el else......

----------------------------------------
x = 56.000000, y = 177.000000
avance = -427.000000, avanceR = 2.000000, avanceI = 2.000000
inc_x_r = 0.000000, inc_y_r = 1.000000, inc_x_i = 1.000000, inc_y_i = 1.000000
En el else......

----------------------------------------
x = 56.000000, y = 178.000000
avance = -425.000000, avanceR = 2.000000, avanceI = 2.000000
inc_x_r = 0.000000, inc_y_r = 1.000000, inc_x_i = 1.000000, inc_y_i = 1.000000
En el else......

----------------------------------------
x = 56.000000, y = 179.000000
avance = -423.000000, avanceR = 2.000000, avanceI = 2.000000
inc_x_r = 0.000000, inc_y_r = 1.000000, inc_x_i = 1.000000, inc_y_i = 1.000000
En el else......

----------------------------------------
x = 56.000000, y = 180.000000
avance = -421.000000, avanceR = 2.000000, avanceI = 2.000000
inc_x_r = 0.000000, inc_y_r = 1.000000, inc_x_i = 1.000000, inc_y_i = 1.000000
En el else......

----------------------------------------
x = 56.000000, y = 181.000000
avance = -419.000000, avanceR = 2.000000, avanceI = 2.000000
inc_x_r = 0.000000, inc_y_r = 1.000000, inc_x_i = 1.000000, inc_y_i = 1.000000
En el else......

----------------------------------------
x = 56.000000, y = 182.000000
avance = -417.000000, avanceR = 2.000000, avanceI = 2.000000
inc_x_r = 0.000000, inc_y_r = 1.000000, inc_x_i = 1.000000, inc_y_i = 1.000000
En el else......

----------------------------------------
x = 56.000000, y = 183.000000
avance = -415.000000, avanceR = 2.000000, avanceI = 2.000000
inc_x_r = 0.000000, inc_y_r = 1.000000, inc_x_i = 1.000000, inc_y_i = 1.000000
En el else......

----------------------------------------
x = 56.000000, y = 184.000000
avance = -413.000000, avanceR = 2.000000, avanceI = 2.000000
inc_x_r = 0.000000, inc_y_r = 1.000000, inc_x_i = 1.000000, inc_y_i = 1.000000
En el else......

----------------------------------------
x = 56.000000, y = 185.000000
avance = -411.000000, avanceR = 2.000000, avanceI = 2.000000
inc_x_r = 0.000000, inc_y_r = 1.000000, inc_x_i = 1.000000, inc_y_i = 1.000000
En el else......

----------------------------------------
x = 56.000000, y = 186.000000
avance = -409.000000, avanceR = 2.000000, avanceI = 2.000000
inc_x_r = 0.000000, inc_y_r = 1.000000, inc_x_i = 1.000000, inc_y_i = 1.000000
En el else......

----------------------------------------
x = 56.000000, y = 187.000000
avance = -407.000000, avanceR = 2.000000, avanceI = 2.000000
inc_x_r = 0.000000, inc_y_r = 1.000000, inc_x_i = 1.000000, inc_y_i = 1.000000
En el else......

----------------------------------------
x = 56.000000, y = 188.000000
avance = -405.000000, avanceR = 2.000000, avanceI = 2.000000
inc_x_r = 0.000000, inc_y_r = 1.000000, inc_x_i = 1.000000, inc_y_i = 1.000000
En el else......

----------------------------------------
x = 56.000000, y = 189.000000
avance = -403.000000, avanceR = 2.000000, avanceI = 2.000000
inc_x_r = 0.000000, inc_y_r = 1.000000, inc_x_i = 1.000000, inc_y_i = 1.000000
En el else......

----------------------------------------
x = 56.000000, y = 190.000000
avance = -401.000000, avanceR = 2.000000, avanceI = 2.000000
inc_x_r = 0.000000, inc_y_r = 1.000000, inc_x_i = 1.000000, inc_y_i = 1.000000
En el else......

----------------------------------------
x = 56.000000, y = 191.000000
avance = -399.000000, avanceR = 2.000000, avanceI = 2.000000
inc_x_r = 0.000000, inc_y_r = 1.000000, inc_x_i = 1.000000, inc_y_i = 1.000000
En el else......

----------------------------------------
x = 56.000000, y = 192.000000
avance = -397.000000, avanceR = 2.000000, avanceI = 2.000000
inc_x_r = 0.000000, inc_y_r = 1.000000, inc_x_i = 1.000000, inc_y_i = 1.000000
En el else......

----------------------------------------
x = 56.000000, y = 193.000000
avance = -395.000000, avanceR = 2.000000, avanceI = 2.000000
inc_x_r = 0.000000, inc_y_r = 1.000000, inc_x_i = 1.000000, inc_y_i = 1.000000
En el else......

----------------------------------------
x = 56.000000, y = 194.000000
avance = -393.000000, avanceR = 2.000000, avanceI = 2.000000
inc_x_r = 0.000000, inc_y_r = 1.000000, inc_x_i = 1.000000, inc_y_i = 1.000000
En el else......

----------------------------------------
x = 56.000000, y = 195.000000
avance = -391.000000, avanceR = 2.000000, avanceI = 2.000000
inc_x_r = 0.000000, inc_y_r = 1.000000, inc_x_i = 1.000000, inc_y_i = 1.000000
En el else......

----------------------------------------
x = 56.000000, y = 196.000000
avance = -389.000000, avanceR = 2.000000, avanceI = 2.000000
inc_x_r = 0.000000, inc_y_r = 1.000000, inc_x_i = 1.000000, inc_y_i = 1.000000
En el else......

----------------------------------------
x = 56.000000, y = 197.000000
avance = -387.000000, avanceR = 2.000000, avanceI = 2.000000
inc_x_r = 0.000000, inc_y_r = 1.000000, inc_x_i = 1.000000, inc_y_i = 1.000000
En el else......

----------------------------------------
x = 56.000000, y = 198.000000
avance = -385.000000, avanceR = 2.000000, avanceI = 2.000000
inc_x_r = 0.000000, inc_y_r = 1.000000, inc_x_i = 1.000000, inc_y_i = 1.000000
En el else......

----------------------------------------
x = 56.000000, y = 199.000000
avance = -383.000000, avanceR = 2.000000, avanceI = 2.000000
inc_x_r = 0.000000, inc_y_r = 1.000000, inc_x_i = 1.000000, inc_y_i = 1.000000
En el else......

----------------------------------------
x = 56.000000, y = 200.000000
avance = -381.000000, avanceR = 2.000000, avanceI = 2.000000
inc_x_r = 0.000000, inc_y_r = 1.000000, inc_x_i = 1.000000, inc_y_i = 1.000000
En el else......

----------------------------------------
x = 56.000000, y = 201.000000
avance = -379.000000, avanceR = 2.000000, avanceI = 2.000000
inc_x_r = 0.000000, inc_y_r = 1.000000, inc_x_i = 1.000000, inc_y_i = 1.000000
En el else......

----------------------------------------
x = 56.000000, y = 202.000000
avance = -377.000000, avanceR = 2.000000, avanceI = 2.000000
inc_x_r = 0.000000, inc_y_r = 1.000000, inc_x_i = 1.000000, inc_y_i = 1.000000
En el else......

----------------------------------------
x = 56.000000, y = 203.000000
avance = -375.000000, avanceR = 2.000000, avanceI = 2.000000
inc_x_r = 0.000000, inc_y_r = 1.000000, inc_x_i = 1.000000, inc_y_i = 1.000000
En el else......

----------------------------------------
x = 56.000000, y = 204.000000
avance = -373.000000, avanceR = 2.000000, avanceI = 2.000000
inc_x_r = 0.000000, inc_y_r = 1.000000, inc_x_i = 1.000000, inc_y_i = 1.000000
En el else......

----------------------------------------
x = 56.000000, y = 205.000000
avance = -371.000000, avanceR = 2.000000, avanceI = 2.000000
inc_x_r = 0.000000, inc_y_r = 1.000000, inc_x_i = 1.000000, inc_y_i = 1.000000
En el else......

----------------------------------------
x = 56.000000, y = 206.000000
avance = -369.000000, avanceR = 2.000000, avanceI = 2.000000
inc_x_r = 0.000000, inc_y_r = 1.000000, inc_x_i = 1.000000, inc_y_i = 1.000000
En el else......

----------------------------------------
x = 56.000000, y = 207.000000
avance = -367.000000, avanceR = 2.000000, avanceI = 2.000000
inc_x_r = 0.000000, inc_y_r = 1.000000, inc_x_i = 1.000000, inc_y_i = 1.000000
En el else......

----------------------------------------
x = 56.000000, y = 208.000000
avance = -365.000000, avanceR = 2.000000, avanceI = 2.000000
inc_x_r = 0.000000, inc_y_r = 1.000000, inc_x_i = 1.000000, inc_y_i = 1.000000
En el else......

----------------------------------------
x = 56.000000, y = 209.000000
avance = -363.000000, avanceR = 2.000000, avanceI = 2.000000
inc_x_r = 0.000000, inc_y_r = 1.000000, inc_x_i = 1.000000, inc_y_i = 1.000000
En el else......

----------------------------------------
x = 56.000000, y = 210.000000
avance = -361.000000, avanceR = 2.000000, avanceI = 2.000000
inc_x_r = 0.000000, inc_y_r = 1.000000, inc_x_i = 1.000000, inc_y_i = 1.000000
En el else......

----------------------------------------
x = 56.000000, y = 211.000000
avance = -359.000000, avanceR = 2.000000, avanceI = 2.000000
inc_x_r = 0.000000, inc_y_r = 1.000000, inc_x_i = 1.000000, inc_y_i = 1.000000
En el else......

----------------------------------------
x = 56.000000, y = 212.000000
avance = -357.000000, avanceR = 2.000000, avanceI = 2.000000
inc_x_r = 0.000000, inc_y_r = 1.000000, inc_x_i = 1.000000, inc_y_i = 1.000000
En el else......

----------------------------------------
x = 56.000000, y = 213.000000
avance = -355.000000, avanceR = 2.000000, avanceI = 2.000000
inc_x_r = 0.000000, inc_y_r = 1.000000, inc_x_i = 1.000000, inc_y_i = 1.000000
En el else......

----------------------------------------
x = 56.000000, y = 214.000000
avance = -353.000000, avanceR = 2.000000, avanceI = 2.000000
inc_x_r = 0.000000, inc_y_r = 1.000000, inc_x_i = 1.000000, inc_y_i = 1.000000
En el else......

----------------------------------------
x = 56.000000, y = 215.000000
avance = -351.000000, avanceR = 2.000000, avanceI = 2.000000
inc_x_r = 0.000000, inc_y_r = 1.000000, inc_x_i = 1.000000, inc_y_i = 1.000000
En el else......

----------------------------------------
x = 56.000000, y = 216.000000
avance = -349.000000, avanceR = 2.000000, avanceI = 2.000000
inc_x_r = 0.000000, inc_y_r = 1.000000, inc_x_i = 1.000000, inc_y_i = 1.000000
En el else......

----------------------------------------
x = 56.000000, y = 217.000000
avance = -347.000000, avanceR = 2.000000, avanceI = 2.000000
inc_x_r = 0.000000, inc_y_r = 1.000000, inc_x_i = 1.000000, inc_y_i = 1.000000
En el else......

----------------------------------------
x = 56.000000, y = 218.000000
avance = -345.000000, avanceR = 2.000000, avanceI = 2.000000
inc_x_r = 0.000000, inc_y_r = 1.000000, inc_x_i = 1.000000, inc_y_i = 1.000000
En el else......

----------------------------------------
x = 56.000000, y = 219.000000
avance = -343.000000, avanceR = 2.000000, avanceI = 2.000000
inc_x_r = 0.000000, inc_y_r = 1.000000, inc_x_i = 1.000000, inc_y_i = 1.000000
En el else......

----------------------------------------
x = 56.000000, y = 220.000000
avance = -341.000000, avanceR = 2.000000, avanceI = 2.000000
inc_x_r = 0.000000, inc_y_r = 1.000000, inc_x_i = 1.000000, inc_y_i = 1.000000
En el else......

----------------------------------------
x = 56.000000, y = 221.000000
avance = -339.000000, avanceR = 2.000000, avanceI = 2.000000
inc_x_r = 0.000000, inc_y_r = 1.000000, inc_x_i = 1.000000, inc_y_i = 1.000000
En el else......

----------------------------------------
x = 56.000000, y = 222.000000
avance = -337.000000, avanceR = 2.000000, avanceI = 2.000000
inc_x_r = 0.000000, inc_y_r = 1.000000, inc_x_i = 1.000000, inc_y_i = 1.000000
En el else......

----------------------------------------
x = 56.000000, y = 223.000000
avance = -335.000000, avanceR = 2.000000, avanceI = 2.000000
inc_x_r = 0.000000, inc_y_r = 1.000000, inc_x_i = 1.000000, inc_y_i = 1.000000
En el else......

----------------------------------------
x = 56.000000, y = 224.000000
avance = -333.000000, avanceR = 2.000000, avanceI = 2.000000
inc_x_r = 0.000000, inc_y_r = 1.000000, inc_x_i = 1.000000, inc_y_i = 1.000000
En el else......

----------------------------------------
x = 56.000000, y = 225.000000
avance = -331.000000, avanceR = 2.000000, avanceI = 2.000000
inc_x_r = 0.000000, inc_y_r = 1.000000, inc_x_i = 1.000000, inc_y_i = 1.000000
En el else......

----------------------------------------
x = 56.000000, y = 226.000000
avance = -329.000000, avanceR = 2.000000, avanceI = 2.000000
inc_x_r = 0.000000, inc_y_r = 1.000000, inc_x_i = 1.000000, inc_y_i = 1.000000
En el else......

----------------------------------------
x = 56.000000, y = 227.000000
avance = -327.000000, avanceR = 2.000000, avanceI = 2.000000
inc_x_r = 0.000000, inc_y_r = 1.000000, inc_x_i = 1.000000, inc_y_i = 1.000000
En el else......

----------------------------------------
x = 56.000000, y = 228.000000
avance = -325.000000, avanceR = 2.000000, avanceI = 2.000000
inc_x_r = 0.000000, inc_y_r = 1.000000, inc_x_i = 1.000000, inc_y_i = 1.000000
En el else......

----------------------------------------
x = 56.000000, y = 229.000000
avance = -323.000000, avanceR = 2.000000, avanceI = 2.000000
inc_x_r = 0.000000, inc_y_r = 1.000000, inc_x_i = 1.000000, inc_y_i = 1.000000
En el else......

----------------------------------------
x = 56.000000, y = 230.000000
avance = -321.000000, avanceR = 2.000000, avanceI = 2.000000
inc_x_r = 0.000000, inc_y_r = 1.000000, inc_x_i = 1.000000, inc_y_i = 1.000000
En el else......

----------------------------------------
x = 56.000000, y = 231.000000
avance = -319.000000, avanceR = 2.000000, avanceI = 2.000000
inc_x_r = 0.000000, inc_y_r = 1.000000, inc_x_i = 1.000000, inc_y_i = 1.000000
En el else......

----------------------------------------
x = 56.000000, y = 232.000000
avance = -317.000000, avanceR = 2.000000, avanceI = 2.000000
inc_x_r = 0.000000, inc_y_r = 1.000000, inc_x_i = 1.000000, inc_y_i = 1.000000
En el else......

----------------------------------------
x = 56.000000, y = 233.000000
avance = -315.000000, avanceR = 2.000000, avanceI = 2.000000
inc_x_r = 0.000000, inc_y_r = 1.000000, inc_x_i = 1.000000, inc_y_i = 1.000000
En el else......

----------------------------------------
x = 56.000000, y = 234.000000
avance = -313.000000, avanceR = 2.000000, avanceI = 2.000000
inc_x_r = 0.000000, inc_y_r = 1.000000, inc_x_i = 1.000000, inc_y_i = 1.000000
En el else......

----------------------------------------
x = 56.000000, y = 235.000000
avance = -311.000000, avanceR = 2.000000, avanceI = 2.000000
inc_x_r = 0.000000, inc_y_r = 1.000000, inc_x_i = 1.000000, inc_y_i = 1.000000
En el else......

----------------------------------------
x = 56.000000, y = 236.000000
avance = -309.000000, avanceR = 2.000000, avanceI = 2.000000
inc_x_r = 0.000000, inc_y_r = 1.000000, inc_x_i = 1.000000, inc_y_i = 1.000000
En el else......

----------------------------------------
x = 56.000000, y = 237.000000
avance = -307.000000, avanceR = 2.000000, avanceI = 2.000000
inc_x_r = 0.000000, inc_y_r = 1.000000, inc_x_i = 1.000000, inc_y_i = 1.000000
En el else......

----------------------------------------
x = 56.000000, y = 238.000000
avance = -305.000000, avanceR = 2.000000, avanceI = 2.000000
inc_x_r = 0.000000, inc_y_r = 1.000000, inc_x_i = 1.000000, inc_y_i = 1.000000
En el else......

----------------------------------------
x = 56.000000, y = 239.000000
avance = -303.000000, avanceR = 2.000000, avanceI = 2.000000
inc_x_r = 0.000000, inc_y_r = 1.000000, inc_x_i = 1.000000, inc_y_i = 1.000000
En el else......

----------------------------------------
x = 56.000000, y = 240.000000
avance = -301.000000, avanceR = 2.000000, avanceI = 2.000000
inc_x_r = 0.000000, inc_y_r = 1.000000, inc_x_i = 1.000000, inc_y_i = 1.000000
En el else......

----------------------------------------
x = 56.000000, y = 241.000000
avance = -299.000000, avanceR = 2.000000, avanceI = 2.000000
inc_x_r = 0.000000, inc_y_r = 1.000000, inc_x_i = 1.000000, inc_y_i = 1.000000
En el else......

----------------------------------------
x = 56.000000, y = 242.000000
avance = -297.000000, avanceR = 2.000000, avanceI = 2.000000
inc_x_r = 0.000000, inc_y_r = 1.000000, inc_x_i = 1.000000, inc_y_i = 1.000000
En el else......

----------------------------------------
x = 56.000000, y = 243.000000
avance = -295.000000, avanceR = 2.000000, avanceI = 2.000000
inc_x_r = 0.000000, inc_y_r = 1.000000, inc_x_i = 1.000000, inc_y_i = 1.000000
En el else......

----------------------------------------
x = 56.000000, y = 244.000000
avance = -293.000000, avanceR = 2.000000, avanceI = 2.000000
inc_x_r = 0.000000, inc_y_r = 1.000000, inc_x_i = 1.000000, inc_y_i = 1.000000
En el else......

----------------------------------------
x = 56.000000, y = 245.000000
avance = -291.000000, avanceR = 2.000000, avanceI = 2.000000
inc_x_r = 0.000000, inc_y_r = 1.000000, inc_x_i = 1.000000, inc_y_i = 1.000000
En el else......

----------------------------------------
x = 56.000000, y = 246.000000
avance = -289.000000, avanceR = 2.000000, avanceI = 2.000000
inc_x_r = 0.000000, inc_y_r = 1.000000, inc_x_i = 1.000000, inc_y_i = 1.000000
En el else......

----------------------------------------
x = 56.000000, y = 247.000000
avance = -287.000000, avanceR = 2.000000, avanceI = 2.000000
inc_x_r = 0.000000, inc_y_r = 1.000000, inc_x_i = 1.000000, inc_y_i = 1.000000
En el else......

----------------------------------------
x = 56.000000, y = 248.000000
avance = -285.000000, avanceR = 2.000000, avanceI = 2.000000
inc_x_r = 0.000000, inc_y_r = 1.000000, inc_x_i = 1.000000, inc_y_i = 1.000000
En el else......

----------------------------------------
x = 56.000000, y = 249.000000
avance = -283.000000, avanceR = 2.000000, avanceI = 2.000000
inc_x_r = 0.000000, inc_y_r = 1.000000, inc_x_i = 1.000000, inc_y_i = 1.000000
En el else......

----------------------------------------
x = 56.000000, y = 250.000000
avance = -281.000000, avanceR = 2.000000, avanceI = 2.000000
inc_x_r = 0.000000, inc_y_r = 1.000000, inc_x_i = 1.000000, inc_y_i = 1.000000
En el else......

----------------------------------------
x = 56.000000, y = 251.000000
avance = -279.000000, avanceR = 2.000000, avanceI = 2.000000
inc_x_r = 0.000000, inc_y_r = 1.000000, inc_x_i = 1.000000, inc_y_i = 1.000000
En el else......

----------------------------------------
x = 56.000000, y = 252.000000
avance = -277.000000, avanceR = 2.000000, avanceI = 2.000000
inc_x_r = 0.000000, inc_y_r = 1.000000, inc_x_i = 1.000000, inc_y_i = 1.000000
En el else......

----------------------------------------
x = 56.000000, y = 253.000000
avance = -275.000000, avanceR = 2.000000, avanceI = 2.000000
inc_x_r = 0.000000, inc_y_r = 1.000000, inc_x_i = 1.000000, inc_y_i = 1.000000
En el else......

----------------------------------------
x = 56.000000, y = 254.000000
avance = -273.000000, avanceR = 2.000000, avanceI = 2.000000
inc_x_r = 0.000000, inc_y_r = 1.000000, inc_x_i = 1.000000, inc_y_i = 1.000000
En el else......

----------------------------------------
x = 56.000000, y = 255.000000
avance = -271.000000, avanceR = 2.000000, avanceI = 2.000000
inc_x_r = 0.000000, inc_y_r = 1.000000, inc_x_i = 1.000000, inc_y_i = 1.000000
En el else......

----------------------------------------
x = 56.000000, y = 256.000000
avance = -269.000000, avanceR = 2.000000, avanceI = 2.000000
inc_x_r = 0.000000, inc_y_r = 1.000000, inc_x_i = 1.000000, inc_y_i = 1.000000
En el else......

----------------------------------------
x = 56.000000, y = 257.000000
avance = -267.000000, avanceR = 2.000000, avanceI = 2.000000
inc_x_r = 0.000000, inc_y_r = 1.000000, inc_x_i = 1.000000, inc_y_i = 1.000000
En el else......

----------------------------------------
x = 56.000000, y = 258.000000
avance = -265.000000, avanceR = 2.000000, avanceI = 2.000000
inc_x_r = 0.000000, inc_y_r = 1.000000, inc_x_i = 1.000000, inc_y_i = 1.000000
En el else......

----------------------------------------
x = 56.000000, y = 259.000000
avance = -263.000000, avanceR = 2.000000, avanceI = 2.000000
inc_x_r = 0.000000, inc_y_r = 1.000000, inc_x_i = 1.000000, inc_y_i = 1.000000
En el else......

----------------------------------------
x = 56.000000, y = 260.000000
avance = -261.000000, avanceR = 2.000000, avanceI = 2.000000
inc_x_r = 0.000000, inc_y_r = 1.000000, inc_x_i = 1.000000, inc_y_i = 1.000000
En el else......

----------------------------------------
x = 56.000000, y = 261.000000
avance = -259.000000, avanceR = 2.000000, avanceI = 2.000000
inc_x_r = 0.000000, inc_y_r = 1.000000, inc_x_i = 1.000000, inc_y_i = 1.000000
En el else......

----------------------------------------
x = 56.000000, y = 262.000000
avance = -257.000000, avanceR = 2.000000, avanceI = 2.000000
inc_x_r = 0.000000, inc_y_r = 1.000000, inc_x_i = 1.000000, inc_y_i = 1.000000
En el else......

----------------------------------------
x = 56.000000, y = 263.000000
avance = -255.000000, avanceR = 2.000000, avanceI = 2.000000
inc_x_r = 0.000000, inc_y_r = 1.000000, inc_x_i = 1.000000, inc_y_i = 1.000000
En el else......

----------------------------------------
x = 56.000000, y = 264.000000
avance = -253.000000, avanceR = 2.000000, avanceI = 2.000000
inc_x_r = 0.000000, inc_y_r = 1.000000, inc_x_i = 1.000000, inc_y_i = 1.000000
En el else......

----------------------------------------
x = 56.000000, y = 265.000000
avance = -251.000000, avanceR = 2.000000, avanceI = 2.000000
inc_x_r = 0.000000, inc_y_r = 1.000000, inc_x_i = 1.000000, inc_y_i = 1.000000
En el else......

----------------------------------------


ENTRAMOS A BRESENHAMªªªª
x1 = 55.000000 - y1 = 15.000000 || x2 = 56.000000 - y2 = 266.000000
dy = 251.000000, dx = 1.000000
avances inclinados: inc_x_i = 1.000000, inc_y_i = 1.000000
updated: dy = 251.000000, dx = 1.000000
avances rectos: inc_x_r = 0.000000, inc_y_r 1.000000
reupdated: dy = 1.000000, dx = 251.000000
avanceR = 2.000000, avance -249.000000, avanceI 2.000000
----------------------------------------
x = 55.000000, y = 15.000000
avance = -249.000000, avanceR = 2.000000, avanceI = 2.000000
inc_x_r = 0.000000, inc_y_r = 1.000000, inc_x_i = 1.000000, inc_y_i = 1.000000
En el else......

----------------------------------------
x = 55.000000, y = 16.000000
avance = -247.000000, avanceR = 2.000000, avanceI = 2.000000
inc_x_r = 0.000000, inc_y_r = 1.000000, inc_x_i = 1.000000, inc_y_i = 1.000000
En el else......

----------------------------------------
x = 55.000000, y = 17.000000
avance = -245.000000, avanceR = 2.000000, avanceI = 2.000000
inc_x_r = 0.000000, inc_y_r = 1.000000, inc_x_i = 1.000000, inc_y_i = 1.000000
En el else......

----------------------------------------
x = 55.000000, y = 18.000000
avance = -243.000000, avanceR = 2.000000, avanceI = 2.000000
inc_x_r = 0.000000, inc_y_r = 1.000000, inc_x_i = 1.000000, inc_y_i = 1.000000
En el else......

----------------------------------------
x = 55.000000, y = 19.000000
avance = -241.000000, avanceR = 2.000000, avanceI = 2.000000
inc_x_r = 0.000000, inc_y_r = 1.000000, inc_x_i = 1.000000, inc_y_i = 1.000000
En el else......

----------------------------------------
x = 55.000000, y = 20.000000
avance = -239.000000, avanceR = 2.000000, avanceI = 2.000000
inc_x_r = 0.000000, inc_y_r = 1.000000, inc_x_i = 1.000000, inc_y_i = 1.000000
En el else......

----------------------------------------
x = 55.000000, y = 21.000000
avance = -237.000000, avanceR = 2.000000, avanceI = 2.000000
inc_x_r = 0.000000, inc_y_r = 1.000000, inc_x_i = 1.000000, inc_y_i = 1.000000
En el else......

----------------------------------------
x = 55.000000, y = 22.000000
avance = -235.000000, avanceR = 2.000000, avanceI = 2.000000
inc_x_r = 0.000000, inc_y_r = 1.000000, inc_x_i = 1.000000, inc_y_i = 1.000000
En el else......

----------------------------------------
x = 55.000000, y = 23.000000
avance = -233.000000, avanceR = 2.000000, avanceI = 2.000000
inc_x_r = 0.000000, inc_y_r = 1.000000, inc_x_i = 1.000000, inc_y_i = 1.000000
En el else......

----------------------------------------
x = 55.000000, y = 24.000000
avance = -231.000000, avanceR = 2.000000, avanceI = 2.000000
inc_x_r = 0.000000, inc_y_r = 1.000000, inc_x_i = 1.000000, inc_y_i = 1.000000
En el else......

----------------------------------------
x = 55.000000, y = 25.000000
avance = -229.000000, avanceR = 2.000000, avanceI = 2.000000
inc_x_r = 0.000000, inc_y_r = 1.000000, inc_x_i = 1.000000, inc_y_i = 1.000000
En el else......

----------------------------------------
x = 55.000000, y = 26.000000
avance = -227.000000, avanceR = 2.000000, avanceI = 2.000000
inc_x_r = 0.000000, inc_y_r = 1.000000, inc_x_i = 1.000000, inc_y_i = 1.000000
En el else......

----------------------------------------
x = 55.000000, y = 27.000000
avance = -225.000000, avanceR = 2.000000, avanceI = 2.000000
inc_x_r = 0.000000, inc_y_r = 1.000000, inc_x_i = 1.000000, inc_y_i = 1.000000
En el else......

----------------------------------------
x = 55.000000, y = 28.000000
avance = -223.000000, avanceR = 2.000000, avanceI = 2.000000
inc_x_r = 0.000000, inc_y_r = 1.000000, inc_x_i = 1.000000, inc_y_i = 1.000000
En el else......

----------------------------------------
x = 55.000000, y = 29.000000
avance = -221.000000, avanceR = 2.000000, avanceI = 2.000000
inc_x_r = 0.000000, inc_y_r = 1.000000, inc_x_i = 1.000000, inc_y_i = 1.000000
En el else......

----------------------------------------
x = 55.000000, y = 30.000000
avance = -219.000000, avanceR = 2.000000, avanceI = 2.000000
inc_x_r = 0.000000, inc_y_r = 1.000000, inc_x_i = 1.000000, inc_y_i = 1.000000
En el else......

----------------------------------------
x = 55.000000, y = 31.000000
avance = -217.000000, avanceR = 2.000000, avanceI = 2.000000
inc_x_r = 0.000000, inc_y_r = 1.000000, inc_x_i = 1.000000, inc_y_i = 1.000000
En el else......

----------------------------------------
x = 55.000000, y = 32.000000
avance = -215.000000, avanceR = 2.000000, avanceI = 2.000000
inc_x_r = 0.000000, inc_y_r = 1.000000, inc_x_i = 1.000000, inc_y_i = 1.000000
En el else......

----------------------------------------
x = 55.000000, y = 33.000000
avance = -213.000000, avanceR = 2.000000, avanceI = 2.000000
inc_x_r = 0.000000, inc_y_r = 1.000000, inc_x_i = 1.000000, inc_y_i = 1.000000
En el else......

----------------------------------------
x = 55.000000, y = 34.000000
avance = -211.000000, avanceR = 2.000000, avanceI = 2.000000
inc_x_r = 0.000000, inc_y_r = 1.000000, inc_x_i = 1.000000, inc_y_i = 1.000000
En el else......

----------------------------------------
x = 55.000000, y = 35.000000
avance = -209.000000, avanceR = 2.000000, avanceI = 2.000000
inc_x_r = 0.000000, inc_y_r = 1.000000, inc_x_i = 1.000000, inc_y_i = 1.000000
En el else......

----------------------------------------
x = 55.000000, y = 36.000000
avance = -207.000000, avanceR = 2.000000, avanceI = 2.000000
inc_x_r = 0.000000, inc_y_r = 1.000000, inc_x_i = 1.000000, inc_y_i = 1.000000
En el else......

----------------------------------------
x = 55.000000, y = 37.000000
avance = -205.000000, avanceR = 2.000000, avanceI = 2.000000
inc_x_r = 0.000000, inc_y_r = 1.000000, inc_x_i = 1.000000, inc_y_i = 1.000000
En el else......

----------------------------------------
x = 55.000000, y = 38.000000
avance = -203.000000, avanceR = 2.000000, avanceI = 2.000000
inc_x_r = 0.000000, inc_y_r = 1.000000, inc_x_i = 1.000000, inc_y_i = 1.000000
En el else......

----------------------------------------
x = 55.000000, y = 39.000000
avance = -201.000000, avanceR = 2.000000, avanceI = 2.000000
inc_x_r = 0.000000, inc_y_r = 1.000000, inc_x_i = 1.000000, inc_y_i = 1.000000
En el else......

----------------------------------------
x = 55.000000, y = 40.000000
avance = -199.000000, avanceR = 2.000000, avanceI = 2.000000
inc_x_r = 0.000000, inc_y_r = 1.000000, inc_x_i = 1.000000, inc_y_i = 1.000000
En el else......

----------------------------------------
x = 55.000000, y = 41.000000
avance = -197.000000, avanceR = 2.000000, avanceI = 2.000000
inc_x_r = 0.000000, inc_y_r = 1.000000, inc_x_i = 1.000000, inc_y_i = 1.000000
En el else......

----------------------------------------
x = 55.000000, y = 42.000000
avance = -195.000000, avanceR = 2.000000, avanceI = 2.000000
inc_x_r = 0.000000, inc_y_r = 1.000000, inc_x_i = 1.000000, inc_y_i = 1.000000
En el else......

----------------------------------------
x = 55.000000, y = 43.000000
avance = -193.000000, avanceR = 2.000000, avanceI = 2.000000
inc_x_r = 0.000000, inc_y_r = 1.000000, inc_x_i = 1.000000, inc_y_i = 1.000000
En el else......

----------------------------------------
x = 55.000000, y = 44.000000
avance = -191.000000, avanceR = 2.000000, avanceI = 2.000000
inc_x_r = 0.000000, inc_y_r = 1.000000, inc_x_i = 1.000000, inc_y_i = 1.000000
En el else......

----------------------------------------
x = 55.000000, y = 45.000000
avance = -189.000000, avanceR = 2.000000, avanceI = 2.000000
inc_x_r = 0.000000, inc_y_r = 1.000000, inc_x_i = 1.000000, inc_y_i = 1.000000
En el else......

----------------------------------------
x = 55.000000, y = 46.000000
avance = -187.000000, avanceR = 2.000000, avanceI = 2.000000
inc_x_r = 0.000000, inc_y_r = 1.000000, inc_x_i = 1.000000, inc_y_i = 1.000000
En el else......

----------------------------------------
x = 55.000000, y = 47.000000
avance = -185.000000, avanceR = 2.000000, avanceI = 2.000000
inc_x_r = 0.000000, inc_y_r = 1.000000, inc_x_i = 1.000000, inc_y_i = 1.000000
En el else......

----------------------------------------
x = 55.000000, y = 48.000000
avance = -183.000000, avanceR = 2.000000, avanceI = 2.000000
inc_x_r = 0.000000, inc_y_r = 1.000000, inc_x_i = 1.000000, inc_y_i = 1.000000
En el else......

----------------------------------------
x = 55.000000, y = 49.000000
avance = -181.000000, avanceR = 2.000000, avanceI = 2.000000
inc_x_r = 0.000000, inc_y_r = 1.000000, inc_x_i = 1.000000, inc_y_i = 1.000000
En el else......

----------------------------------------
x = 55.000000, y = 50.000000
avance = -179.000000, avanceR = 2.000000, avanceI = 2.000000
inc_x_r = 0.000000, inc_y_r = 1.000000, inc_x_i = 1.000000, inc_y_i = 1.000000
En el else......

----------------------------------------
x = 55.000000, y = 51.000000
avance = -177.000000, avanceR = 2.000000, avanceI = 2.000000
inc_x_r = 0.000000, inc_y_r = 1.000000, inc_x_i = 1.000000, inc_y_i = 1.000000
En el else......

----------------------------------------
x = 55.000000, y = 52.000000
avance = -175.000000, avanceR = 2.000000, avanceI = 2.000000
inc_x_r = 0.000000, inc_y_r = 1.000000, inc_x_i = 1.000000, inc_y_i = 1.000000
En el else......

----------------------------------------
x = 55.000000, y = 53.000000
avance = -173.000000, avanceR = 2.000000, avanceI = 2.000000
inc_x_r = 0.000000, inc_y_r = 1.000000, inc_x_i = 1.000000, inc_y_i = 1.000000
En el else......

----------------------------------------
x = 55.000000, y = 54.000000
avance = -171.000000, avanceR = 2.000000, avanceI = 2.000000
inc_x_r = 0.000000, inc_y_r = 1.000000, inc_x_i = 1.000000, inc_y_i = 1.000000
En el else......

----------------------------------------
x = 55.000000, y = 55.000000
avance = -169.000000, avanceR = 2.000000, avanceI = 2.000000
inc_x_r = 0.000000, inc_y_r = 1.000000, inc_x_i = 1.000000, inc_y_i = 1.000000
En el else......

----------------------------------------
x = 55.000000, y = 56.000000
avance = -167.000000, avanceR = 2.000000, avanceI = 2.000000
inc_x_r = 0.000000, inc_y_r = 1.000000, inc_x_i = 1.000000, inc_y_i = 1.000000
En el else......

----------------------------------------
x = 55.000000, y = 57.000000
avance = -165.000000, avanceR = 2.000000, avanceI = 2.000000
inc_x_r = 0.000000, inc_y_r = 1.000000, inc_x_i = 1.000000, inc_y_i = 1.000000
En el else......

----------------------------------------
x = 55.000000, y = 58.000000
avance = -163.000000, avanceR = 2.000000, avanceI = 2.000000
inc_x_r = 0.000000, inc_y_r = 1.000000, inc_x_i = 1.000000, inc_y_i = 1.000000
En el else......

----------------------------------------
x = 55.000000, y = 59.000000
avance = -161.000000, avanceR = 2.000000, avanceI = 2.000000
inc_x_r = 0.000000, inc_y_r = 1.000000, inc_x_i = 1.000000, inc_y_i = 1.000000
En el else......

----------------------------------------
x = 55.000000, y = 60.000000
avance = -159.000000, avanceR = 2.000000, avanceI = 2.000000
inc_x_r = 0.000000, inc_y_r = 1.000000, inc_x_i = 1.000000, inc_y_i = 1.000000
En el else......

----------------------------------------
x = 55.000000, y = 61.000000
avance = -157.000000, avanceR = 2.000000, avanceI = 2.000000
inc_x_r = 0.000000, inc_y_r = 1.000000, inc_x_i = 1.000000, inc_y_i = 1.000000
En el else......

----------------------------------------
x = 55.000000, y = 62.000000
avance = -155.000000, avanceR = 2.000000, avanceI = 2.000000
inc_x_r = 0.000000, inc_y_r = 1.000000, inc_x_i = 1.000000, inc_y_i = 1.000000
En el else......

----------------------------------------
x = 55.000000, y = 63.000000
avance = -153.000000, avanceR = 2.000000, avanceI = 2.000000
inc_x_r = 0.000000, inc_y_r = 1.000000, inc_x_i = 1.000000, inc_y_i = 1.000000
En el else......

----------------------------------------
x = 55.000000, y = 64.000000
avance = -151.000000, avanceR = 2.000000, avanceI = 2.000000
inc_x_r = 0.000000, inc_y_r = 1.000000, inc_x_i = 1.000000, inc_y_i = 1.000000
En el else......

----------------------------------------
x = 55.000000, y = 65.000000
avance = -149.000000, avanceR = 2.000000, avanceI = 2.000000
inc_x_r = 0.000000, inc_y_r = 1.000000, inc_x_i = 1.000000, inc_y_i = 1.000000
En el else......

----------------------------------------
x = 55.000000, y = 66.000000
avance = -147.000000, avanceR = 2.000000, avanceI = 2.000000
inc_x_r = 0.000000, inc_y_r = 1.000000, inc_x_i = 1.000000, inc_y_i = 1.000000
En el else......

----------------------------------------
x = 55.000000, y = 67.000000
avance = -145.000000, avanceR = 2.000000, avanceI = 2.000000
inc_x_r = 0.000000, inc_y_r = 1.000000, inc_x_i = 1.000000, inc_y_i = 1.000000
En el else......

----------------------------------------
x = 55.000000, y = 68.000000
avance = -143.000000, avanceR = 2.000000, avanceI = 2.000000
inc_x_r = 0.000000, inc_y_r = 1.000000, inc_x_i = 1.000000, inc_y_i = 1.000000
En el else......

----------------------------------------
x = 55.000000, y = 69.000000
avance = -141.000000, avanceR = 2.000000, avanceI = 2.000000
inc_x_r = 0.000000, inc_y_r = 1.000000, inc_x_i = 1.000000, inc_y_i = 1.000000
En el else......

----------------------------------------
x = 55.000000, y = 70.000000
avance = -139.000000, avanceR = 2.000000, avanceI = 2.000000
inc_x_r = 0.000000, inc_y_r = 1.000000, inc_x_i = 1.000000, inc_y_i = 1.000000
En el else......

----------------------------------------
x = 55.000000, y = 71.000000
avance = -137.000000, avanceR = 2.000000, avanceI = 2.000000
inc_x_r = 0.000000, inc_y_r = 1.000000, inc_x_i = 1.000000, inc_y_i = 1.000000
En el else......

----------------------------------------
x = 55.000000, y = 72.000000
avance = -135.000000, avanceR = 2.000000, avanceI = 2.000000
inc_x_r = 0.000000, inc_y_r = 1.000000, inc_x_i = 1.000000, inc_y_i = 1.000000
En el else......

----------------------------------------
x = 55.000000, y = 73.000000
avance = -133.000000, avanceR = 2.000000, avanceI = 2.000000
inc_x_r = 0.000000, inc_y_r = 1.000000, inc_x_i = 1.000000, inc_y_i = 1.000000
En el else......

----------------------------------------
x = 55.000000, y = 74.000000
avance = -131.000000, avanceR = 2.000000, avanceI = 2.000000
inc_x_r = 0.000000, inc_y_r = 1.000000, inc_x_i = 1.000000, inc_y_i = 1.000000
En el else......

----------------------------------------
x = 55.000000, y = 75.000000
avance = -129.000000, avanceR = 2.000000, avanceI = 2.000000
inc_x_r = 0.000000, inc_y_r = 1.000000, inc_x_i = 1.000000, inc_y_i = 1.000000
En el else......

----------------------------------------
x = 55.000000, y = 76.000000
avance = -127.000000, avanceR = 2.000000, avanceI = 2.000000
inc_x_r = 0.000000, inc_y_r = 1.000000, inc_x_i = 1.000000, inc_y_i = 1.000000
En el else......

----------------------------------------
x = 55.000000, y = 77.000000
avance = -125.000000, avanceR = 2.000000, avanceI = 2.000000
inc_x_r = 0.000000, inc_y_r = 1.000000, inc_x_i = 1.000000, inc_y_i = 1.000000
En el else......

----------------------------------------
x = 55.000000, y = 78.000000
avance = -123.000000, avanceR = 2.000000, avanceI = 2.000000
inc_x_r = 0.000000, inc_y_r = 1.000000, inc_x_i = 1.000000, inc_y_i = 1.000000
En el else......

----------------------------------------
x = 55.000000, y = 79.000000
avance = -121.000000, avanceR = 2.000000, avanceI = 2.000000
inc_x_r = 0.000000, inc_y_r = 1.000000, inc_x_i = 1.000000, inc_y_i = 1.000000
En el else......

----------------------------------------
x = 55.000000, y = 80.000000
avance = -119.000000, avanceR = 2.000000, avanceI = 2.000000
inc_x_r = 0.000000, inc_y_r = 1.000000, inc_x_i = 1.000000, inc_y_i = 1.000000
En el else......

----------------------------------------
x = 55.000000, y = 81.000000
avance = -117.000000, avanceR = 2.000000, avanceI = 2.000000
inc_x_r = 0.000000, inc_y_r = 1.000000, inc_x_i = 1.000000, inc_y_i = 1.000000
En el else......

----------------------------------------
x = 55.000000, y = 82.000000
avance = -115.000000, avanceR = 2.000000, avanceI = 2.000000
inc_x_r = 0.000000, inc_y_r = 1.000000, inc_x_i = 1.000000, inc_y_i = 1.000000
En el else......

----------------------------------------
x = 55.000000, y = 83.000000
avance = -113.000000, avanceR = 2.000000, avanceI = 2.000000
inc_x_r = 0.000000, inc_y_r = 1.000000, inc_x_i = 1.000000, inc_y_i = 1.000000
En el else......

----------------------------------------
x = 55.000000, y = 84.000000
avance = -111.000000, avanceR = 2.000000, avanceI = 2.000000
inc_x_r = 0.000000, inc_y_r = 1.000000, inc_x_i = 1.000000, inc_y_i = 1.000000
En el else......

----------------------------------------
x = 55.000000, y = 85.000000
avance = -109.000000, avanceR = 2.000000, avanceI = 2.000000
inc_x_r = 0.000000, inc_y_r = 1.000000, inc_x_i = 1.000000, inc_y_i = 1.000000
En el else......

----------------------------------------
x = 55.000000, y = 86.000000
avance = -107.000000, avanceR = 2.000000, avanceI = 2.000000
inc_x_r = 0.000000, inc_y_r = 1.000000, inc_x_i = 1.000000, inc_y_i = 1.000000
En el else......

----------------------------------------
x = 55.000000, y = 87.000000
avance = -105.000000, avanceR = 2.000000, avanceI = 2.000000
inc_x_r = 0.000000, inc_y_r = 1.000000, inc_x_i = 1.000000, inc_y_i = 1.000000
En el else......

----------------------------------------
x = 55.000000, y = 88.000000
avance = -103.000000, avanceR = 2.000000, avanceI = 2.000000
inc_x_r = 0.000000, inc_y_r = 1.000000, inc_x_i = 1.000000, inc_y_i = 1.000000
En el else......

----------------------------------------
x = 55.000000, y = 89.000000
avance = -101.000000, avanceR = 2.000000, avanceI = 2.000000
inc_x_r = 0.000000, inc_y_r = 1.000000, inc_x_i = 1.000000, inc_y_i = 1.000000
En el else......

----------------------------------------
x = 55.000000, y = 90.000000
avance = -99.000000, avanceR = 2.000000, avanceI = 2.000000
inc_x_r = 0.000000, inc_y_r = 1.000000, inc_x_i = 1.000000, inc_y_i = 1.000000
En el else......

----------------------------------------
x = 55.000000, y = 91.000000
avance = -97.000000, avanceR = 2.000000, avanceI = 2.000000
inc_x_r = 0.000000, inc_y_r = 1.000000, inc_x_i = 1.000000, inc_y_i = 1.000000
En el else......

----------------------------------------
x = 55.000000, y = 92.000000
avance = -95.000000, avanceR = 2.000000, avanceI = 2.000000
inc_x_r = 0.000000, inc_y_r = 1.000000, inc_x_i = 1.000000, inc_y_i = 1.000000
En el else......

----------------------------------------
x = 55.000000, y = 93.000000
avance = -93.000000, avanceR = 2.000000, avanceI = 2.000000
inc_x_r = 0.000000, inc_y_r = 1.000000, inc_x_i = 1.000000, inc_y_i = 1.000000
En el else......

----------------------------------------
x = 55.000000, y = 94.000000
avance = -91.000000, avanceR = 2.000000, avanceI = 2.000000
inc_x_r = 0.000000, inc_y_r = 1.000000, inc_x_i = 1.000000, inc_y_i = 1.000000
En el else......

----------------------------------------
x = 55.000000, y = 95.000000
avance = -89.000000, avanceR = 2.000000, avanceI = 2.000000
inc_x_r = 0.000000, inc_y_r = 1.000000, inc_x_i = 1.000000, inc_y_i = 1.000000
En el else......

----------------------------------------
x = 55.000000, y = 96.000000
avance = -87.000000, avanceR = 2.000000, avanceI = 2.000000
inc_x_r = 0.000000, inc_y_r = 1.000000, inc_x_i = 1.000000, inc_y_i = 1.000000
En el else......

----------------------------------------
x = 55.000000, y = 97.000000
avance = -85.000000, avanceR = 2.000000, avanceI = 2.000000
inc_x_r = 0.000000, inc_y_r = 1.000000, inc_x_i = 1.000000, inc_y_i = 1.000000
En el else......

----------------------------------------
x = 55.000000, y = 98.000000
avance = -83.000000, avanceR = 2.000000, avanceI = 2.000000
inc_x_r = 0.000000, inc_y_r = 1.000000, inc_x_i = 1.000000, inc_y_i = 1.000000
En el else......

----------------------------------------
x = 55.000000, y = 99.000000
avance = -81.000000, avanceR = 2.000000, avanceI = 2.000000
inc_x_r = 0.000000, inc_y_r = 1.000000, inc_x_i = 1.000000, inc_y_i = 1.000000
En el else......

----------------------------------------
x = 55.000000, y = 100.000000
avance = -79.000000, avanceR = 2.000000, avanceI = 2.000000
inc_x_r = 0.000000, inc_y_r = 1.000000, inc_x_i = 1.000000, inc_y_i = 1.000000
En el else......

----------------------------------------
x = 55.000000, y = 101.000000
avance = -77.000000, avanceR = 2.000000, avanceI = 2.000000
inc_x_r = 0.000000, inc_y_r = 1.000000, inc_x_i = 1.000000, inc_y_i = 1.000000
En el else......

----------------------------------------
x = 55.000000, y = 102.000000
avance = -75.000000, avanceR = 2.000000, avanceI = 2.000000
inc_x_r = 0.000000, inc_y_r = 1.000000, inc_x_i = 1.000000, inc_y_i = 1.000000
En el else......

----------------------------------------
x = 55.000000, y = 103.000000
avance = -73.000000, avanceR = 2.000000, avanceI = 2.000000
inc_x_r = 0.000000, inc_y_r = 1.000000, inc_x_i = 1.000000, inc_y_i = 1.000000
En el else......

----------------------------------------
x = 55.000000, y = 104.000000
avance = -71.000000, avanceR = 2.000000, avanceI = 2.000000
inc_x_r = 0.000000, inc_y_r = 1.000000, inc_x_i = 1.000000, inc_y_i = 1.000000
En el else......

----------------------------------------
x = 55.000000, y = 105.000000
avance = -69.000000, avanceR = 2.000000, avanceI = 2.000000
inc_x_r = 0.000000, inc_y_r = 1.000000, inc_x_i = 1.000000, inc_y_i = 1.000000
En el else......

----------------------------------------
x = 55.000000, y = 106.000000
avance = -67.000000, avanceR = 2.000000, avanceI = 2.000000
inc_x_r = 0.000000, inc_y_r = 1.000000, inc_x_i = 1.000000, inc_y_i = 1.000000
En el else......

----------------------------------------
x = 55.000000, y = 107.000000
avance = -65.000000, avanceR = 2.000000, avanceI = 2.000000
inc_x_r = 0.000000, inc_y_r = 1.000000, inc_x_i = 1.000000, inc_y_i = 1.000000
En el else......

----------------------------------------
x = 55.000000, y = 108.000000
avance = -63.000000, avanceR = 2.000000, avanceI = 2.000000
inc_x_r = 0.000000, inc_y_r = 1.000000, inc_x_i = 1.000000, inc_y_i = 1.000000
En el else......

----------------------------------------
x = 55.000000, y = 109.000000
avance = -61.000000, avanceR = 2.000000, avanceI = 2.000000
inc_x_r = 0.000000, inc_y_r = 1.000000, inc_x_i = 1.000000, inc_y_i = 1.000000
En el else......

----------------------------------------
x = 55.000000, y = 110.000000
avance = -59.000000, avanceR = 2.000000, avanceI = 2.000000
inc_x_r = 0.000000, inc_y_r = 1.000000, inc_x_i = 1.000000, inc_y_i = 1.000000
En el else......

----------------------------------------
x = 55.000000, y = 111.000000
avance = -57.000000, avanceR = 2.000000, avanceI = 2.000000
inc_x_r = 0.000000, inc_y_r = 1.000000, inc_x_i = 1.000000, inc_y_i = 1.000000
En el else......

----------------------------------------
x = 55.000000, y = 112.000000
avance = -55.000000, avanceR = 2.000000, avanceI = 2.000000
inc_x_r = 0.000000, inc_y_r = 1.000000, inc_x_i = 1.000000, inc_y_i = 1.000000
En el else......

----------------------------------------
x = 55.000000, y = 113.000000
avance = -53.000000, avanceR = 2.000000, avanceI = 2.000000
inc_x_r = 0.000000, inc_y_r = 1.000000, inc_x_i = 1.000000, inc_y_i = 1.000000
En el else......

----------------------------------------
x = 55.000000, y = 114.000000
avance = -51.000000, avanceR = 2.000000, avanceI = 2.000000
inc_x_r = 0.000000, inc_y_r = 1.000000, inc_x_i = 1.000000, inc_y_i = 1.000000
En el else......

----------------------------------------
x = 55.000000, y = 115.000000
avance = -49.000000, avanceR = 2.000000, avanceI = 2.000000
inc_x_r = 0.000000, inc_y_r = 1.000000, inc_x_i = 1.000000, inc_y_i = 1.000000
En el else......

----------------------------------------
x = 55.000000, y = 116.000000
avance = -47.000000, avanceR = 2.000000, avanceI = 2.000000
inc_x_r = 0.000000, inc_y_r = 1.000000, inc_x_i = 1.000000, inc_y_i = 1.000000
En el else......

----------------------------------------
x = 55.000000, y = 117.000000
avance = -45.000000, avanceR = 2.000000, avanceI = 2.000000
inc_x_r = 0.000000, inc_y_r = 1.000000, inc_x_i = 1.000000, inc_y_i = 1.000000
En el else......

----------------------------------------
x = 55.000000, y = 118.000000
avance = -43.000000, avanceR = 2.000000, avanceI = 2.000000
inc_x_r = 0.000000, inc_y_r = 1.000000, inc_x_i = 1.000000, inc_y_i = 1.000000
En el else......

----------------------------------------
x = 55.000000, y = 119.000000
avance = -41.000000, avanceR = 2.000000, avanceI = 2.000000
inc_x_r = 0.000000, inc_y_r = 1.000000, inc_x_i = 1.000000, inc_y_i = 1.000000
En el else......

----------------------------------------
x = 55.000000, y = 120.000000
avance = -39.000000, avanceR = 2.000000, avanceI = 2.000000
inc_x_r = 0.000000, inc_y_r = 1.000000, inc_x_i = 1.000000, inc_y_i = 1.000000
En el else......

----------------------------------------
x = 55.000000, y = 121.000000
avance = -37.000000, avanceR = 2.000000, avanceI = 2.000000
inc_x_r = 0.000000, inc_y_r = 1.000000, inc_x_i = 1.000000, inc_y_i = 1.000000
En el else......

----------------------------------------
x = 55.000000, y = 122.000000
avance = -35.000000, avanceR = 2.000000, avanceI = 2.000000
inc_x_r = 0.000000, inc_y_r = 1.000000, inc_x_i = 1.000000, inc_y_i = 1.000000
En el else......

----------------------------------------
x = 55.000000, y = 123.000000
avance = -33.000000, avanceR = 2.000000, avanceI = 2.000000
inc_x_r = 0.000000, inc_y_r = 1.000000, inc_x_i = 1.000000, inc_y_i = 1.000000
En el else......

----------------------------------------
x = 55.000000, y = 124.000000
avance = -31.000000, avanceR = 2.000000, avanceI = 2.000000
inc_x_r = 0.000000, inc_y_r = 1.000000, inc_x_i = 1.000000, inc_y_i = 1.000000
En el else......

----------------------------------------
x = 55.000000, y = 125.000000
avance = -29.000000, avanceR = 2.000000, avanceI = 2.000000
inc_x_r = 0.000000, inc_y_r = 1.000000, inc_x_i = 1.000000, inc_y_i = 1.000000
En el else......

----------------------------------------
x = 55.000000, y = 126.000000
avance = -27.000000, avanceR = 2.000000, avanceI = 2.000000
inc_x_r = 0.000000, inc_y_r = 1.000000, inc_x_i = 1.000000, inc_y_i = 1.000000
En el else......

----------------------------------------
x = 55.000000, y = 127.000000
avance = -25.000000, avanceR = 2.000000, avanceI = 2.000000
inc_x_r = 0.000000, inc_y_r = 1.000000, inc_x_i = 1.000000, inc_y_i = 1.000000
En el else......

----------------------------------------
x = 55.000000, y = 128.000000
avance = -23.000000, avanceR = 2.000000, avanceI = 2.000000
inc_x_r = 0.000000, inc_y_r = 1.000000, inc_x_i = 1.000000, inc_y_i = 1.000000
En el else......

----------------------------------------
x = 55.000000, y = 129.000000
avance = -21.000000, avanceR = 2.000000, avanceI = 2.000000
inc_x_r = 0.000000, inc_y_r = 1.000000, inc_x_i = 1.000000, inc_y_i = 1.000000
En el else......

----------------------------------------
x = 55.000000, y = 130.000000
avance = -19.000000, avanceR = 2.000000, avanceI = 2.000000
inc_x_r = 0.000000, inc_y_r = 1.000000, inc_x_i = 1.000000, inc_y_i = 1.000000
En el else......

----------------------------------------
x = 55.000000, y = 131.000000
avance = -17.000000, avanceR = 2.000000, avanceI = 2.000000
inc_x_r = 0.000000, inc_y_r = 1.000000, inc_x_i = 1.000000, inc_y_i = 1.000000
En el else......

----------------------------------------
x = 55.000000, y = 132.000000
avance = -15.000000, avanceR = 2.000000, avanceI = 2.000000
inc_x_r = 0.000000, inc_y_r = 1.000000, inc_x_i = 1.000000, inc_y_i = 1.000000
En el else......

----------------------------------------
x = 55.000000, y = 133.000000
avance = -13.000000, avanceR = 2.000000, avanceI = 2.000000
inc_x_r = 0.000000, inc_y_r = 1.000000, inc_x_i = 1.000000, inc_y_i = 1.000000
En el else......

----------------------------------------
x = 55.000000, y = 134.000000
avance = -11.000000, avanceR = 2.000000, avanceI = 2.000000
inc_x_r = 0.000000, inc_y_r = 1.000000, inc_x_i = 1.000000, inc_y_i = 1.000000
En el else......

----------------------------------------
x = 55.000000, y = 135.000000
avance = -9.000000, avanceR = 2.000000, avanceI = 2.000000
inc_x_r = 0.000000, inc_y_r = 1.000000, inc_x_i = 1.000000, inc_y_i = 1.000000
En el else......

----------------------------------------
x = 55.000000, y = 136.000000
avance = -7.000000, avanceR = 2.000000, avanceI = 2.000000
inc_x_r = 0.000000, inc_y_r = 1.000000, inc_x_i = 1.000000, inc_y_i = 1.000000
En el else......

----------------------------------------
x = 55.000000, y = 137.000000
avance = -5.000000, avanceR = 2.000000, avanceI = 2.000000
inc_x_r = 0.000000, inc_y_r = 1.000000, inc_x_i = 1.000000, inc_y_i = 1.000000
En el else......

----------------------------------------
x = 55.000000, y = 138.000000
avance = -3.000000, avanceR = 2.000000, avanceI = 2.000000
inc_x_r = 0.000000, inc_y_r = 1.000000, inc_x_i = 1.000000, inc_y_i = 1.000000
En el else......

----------------------------------------
x = 55.000000, y = 139.000000
avance = -1.000000, avanceR = 2.000000, avanceI = 2.000000
inc_x_r = 0.000000, inc_y_r = 1.000000, inc_x_i = 1.000000, inc_y_i = 1.000000
En el else......

----------------------------------------
x = 55.000000, y = 140.000000
avance = 1.000000, avanceR = 2.000000, avanceI = 2.000000
inc_x_r = 0.000000, inc_y_r = 1.000000, inc_x_i = 1.000000, inc_y_i = 1.000000
avance >= 0

----------------------------------------
x = 56.000000, y = 141.000000
avance = -499.000000, avanceR = 2.000000, avanceI = 2.000000
inc_x_r = 0.000000, inc_y_r = 1.000000, inc_x_i = 1.000000, inc_y_i = 1.000000
En el else......

----------------------------------------
x = 56.000000, y = 142.000000
avance = -497.000000, avanceR = 2.000000, avanceI = 2.000000
inc_x_r = 0.000000, inc_y_r = 1.000000, inc_x_i = 1.000000, inc_y_i = 1.000000
En el else......

----------------------------------------
x = 56.000000, y = 143.000000
avance = -495.000000, avanceR = 2.000000, avanceI = 2.000000
inc_x_r = 0.000000, inc_y_r = 1.000000, inc_x_i = 1.000000, inc_y_i = 1.000000
En el else......

----------------------------------------
x = 56.000000, y = 144.000000
avance = -493.000000, avanceR = 2.000000, avanceI = 2.000000
inc_x_r = 0.000000, inc_y_r = 1.000000, inc_x_i = 1.000000, inc_y_i = 1.000000
En el else......

----------------------------------------
x = 56.000000, y = 145.000000
avance = -491.000000, avanceR = 2.000000, avanceI = 2.000000
inc_x_r = 0.000000, inc_y_r = 1.000000, inc_x_i = 1.000000, inc_y_i = 1.000000
En el else......

----------------------------------------
x = 56.000000, y = 146.000000
avance = -489.000000, avanceR = 2.000000, avanceI = 2.000000
inc_x_r = 0.000000, inc_y_r = 1.000000, inc_x_i = 1.000000, inc_y_i = 1.000000
En el else......

----------------------------------------
x = 56.000000, y = 147.000000
avance = -487.000000, avanceR = 2.000000, avanceI = 2.000000
inc_x_r = 0.000000, inc_y_r = 1.000000, inc_x_i = 1.000000, inc_y_i = 1.000000
En el else......

----------------------------------------
x = 56.000000, y = 148.000000
avance = -485.000000, avanceR = 2.000000, avanceI = 2.000000
inc_x_r = 0.000000, inc_y_r = 1.000000, inc_x_i = 1.000000, inc_y_i = 1.000000
En el else......

----------------------------------------
x = 56.000000, y = 149.000000
avance = -483.000000, avanceR = 2.000000, avanceI = 2.000000
inc_x_r = 0.000000, inc_y_r = 1.000000, inc_x_i = 1.000000, inc_y_i = 1.000000
En el else......

----------------------------------------
x = 56.000000, y = 150.000000
avance = -481.000000, avanceR = 2.000000, avanceI = 2.000000
inc_x_r = 0.000000, inc_y_r = 1.000000, inc_x_i = 1.000000, inc_y_i = 1.000000
En el else......

----------------------------------------
x = 56.000000, y = 151.000000
avance = -479.000000, avanceR = 2.000000, avanceI = 2.000000
inc_x_r = 0.000000, inc_y_r = 1.000000, inc_x_i = 1.000000, inc_y_i = 1.000000
En el else......

----------------------------------------
x = 56.000000, y = 152.000000
avance = -477.000000, avanceR = 2.000000, avanceI = 2.000000
inc_x_r = 0.000000, inc_y_r = 1.000000, inc_x_i = 1.000000, inc_y_i = 1.000000
En el else......

----------------------------------------
x = 56.000000, y = 153.000000
avance = -475.000000, avanceR = 2.000000, avanceI = 2.000000
inc_x_r = 0.000000, inc_y_r = 1.000000, inc_x_i = 1.000000, inc_y_i = 1.000000
En el else......

----------------------------------------
x = 56.000000, y = 154.000000
avance = -473.000000, avanceR = 2.000000, avanceI = 2.000000
inc_x_r = 0.000000, inc_y_r = 1.000000, inc_x_i = 1.000000, inc_y_i = 1.000000
En el else......

----------------------------------------
x = 56.000000, y = 155.000000
avance = -471.000000, avanceR = 2.000000, avanceI = 2.000000
inc_x_r = 0.000000, inc_y_r = 1.000000, inc_x_i = 1.000000, inc_y_i = 1.000000
En el else......

----------------------------------------
x = 56.000000, y = 156.000000
avance = -469.000000, avanceR = 2.000000, avanceI = 2.000000
inc_x_r = 0.000000, inc_y_r = 1.000000, inc_x_i = 1.000000, inc_y_i = 1.000000
En el else......

----------------------------------------
x = 56.000000, y = 157.000000
avance = -467.000000, avanceR = 2.000000, avanceI = 2.000000
inc_x_r = 0.000000, inc_y_r = 1.000000, inc_x_i = 1.000000, inc_y_i = 1.000000
En el else......

----------------------------------------
x = 56.000000, y = 158.000000
avance = -465.000000, avanceR = 2.000000, avanceI = 2.000000
inc_x_r = 0.000000, inc_y_r = 1.000000, inc_x_i = 1.000000, inc_y_i = 1.000000
En el else......

----------------------------------------
x = 56.000000, y = 159.000000
avance = -463.000000, avanceR = 2.000000, avanceI = 2.000000
inc_x_r = 0.000000, inc_y_r = 1.000000, inc_x_i = 1.000000, inc_y_i = 1.000000
En el else......

----------------------------------------
x = 56.000000, y = 160.000000
avance = -461.000000, avanceR = 2.000000, avanceI = 2.000000
inc_x_r = 0.000000, inc_y_r = 1.000000, inc_x_i = 1.000000, inc_y_i = 1.000000
En el else......

----------------------------------------
x = 56.000000, y = 161.000000
avance = -459.000000, avanceR = 2.000000, avanceI = 2.000000
inc_x_r = 0.000000, inc_y_r = 1.000000, inc_x_i = 1.000000, inc_y_i = 1.000000
En el else......

----------------------------------------
x = 56.000000, y = 162.000000
avance = -457.000000, avanceR = 2.000000, avanceI = 2.000000
inc_x_r = 0.000000, inc_y_r = 1.000000, inc_x_i = 1.000000, inc_y_i = 1.000000
En el else......

----------------------------------------
x = 56.000000, y = 163.000000
avance = -455.000000, avanceR = 2.000000, avanceI = 2.000000
inc_x_r = 0.000000, inc_y_r = 1.000000, inc_x_i = 1.000000, inc_y_i = 1.000000
En el else......

----------------------------------------
x = 56.000000, y = 164.000000
avance = -453.000000, avanceR = 2.000000, avanceI = 2.000000
inc_x_r = 0.000000, inc_y_r = 1.000000, inc_x_i = 1.000000, inc_y_i = 1.000000
En el else......

----------------------------------------
x = 56.000000, y = 165.000000
avance = -451.000000, avanceR = 2.000000, avanceI = 2.000000
inc_x_r = 0.000000, inc_y_r = 1.000000, inc_x_i = 1.000000, inc_y_i = 1.000000
En el else......

----------------------------------------
x = 56.000000, y = 166.000000
avance = -449.000000, avanceR = 2.000000, avanceI = 2.000000
inc_x_r = 0.000000, inc_y_r = 1.000000, inc_x_i = 1.000000, inc_y_i = 1.000000
En el else......

----------------------------------------
x = 56.000000, y = 167.000000
avance = -447.000000, avanceR = 2.000000, avanceI = 2.000000
inc_x_r = 0.000000, inc_y_r = 1.000000, inc_x_i = 1.000000, inc_y_i = 1.000000
En el else......

----------------------------------------
x = 56.000000, y = 168.000000
avance = -445.000000, avanceR = 2.000000, avanceI = 2.000000
inc_x_r = 0.000000, inc_y_r = 1.000000, inc_x_i = 1.000000, inc_y_i = 1.000000
En el else......

----------------------------------------
x = 56.000000, y = 169.000000
avance = -443.000000, avanceR = 2.000000, avanceI = 2.000000
inc_x_r = 0.000000, inc_y_r = 1.000000, inc_x_i = 1.000000, inc_y_i = 1.000000
En el else......

----------------------------------------
x = 56.000000, y = 170.000000
avance = -441.000000, avanceR = 2.000000, avanceI = 2.000000
inc_x_r = 0.000000, inc_y_r = 1.000000, inc_x_i = 1.000000, inc_y_i = 1.000000
En el else......

----------------------------------------
x = 56.000000, y = 171.000000
avance = -439.000000, avanceR = 2.000000, avanceI = 2.000000
inc_x_r = 0.000000, inc_y_r = 1.000000, inc_x_i = 1.000000, inc_y_i = 1.000000
En el else......

----------------------------------------
x = 56.000000, y = 172.000000
avance = -437.000000, avanceR = 2.000000, avanceI = 2.000000
inc_x_r = 0.000000, inc_y_r = 1.000000, inc_x_i = 1.000000, inc_y_i = 1.000000
En el else......

----------------------------------------
x = 56.000000, y = 173.000000
avance = -435.000000, avanceR = 2.000000, avanceI = 2.000000
inc_x_r = 0.000000, inc_y_r = 1.000000, inc_x_i = 1.000000, inc_y_i = 1.000000
En el else......

----------------------------------------
x = 56.000000, y = 174.000000
avance = -433.000000, avanceR = 2.000000, avanceI = 2.000000
inc_x_r = 0.000000, inc_y_r = 1.000000, inc_x_i = 1.000000, inc_y_i = 1.000000
En el else......

----------------------------------------
x = 56.000000, y = 175.000000
avance = -431.000000, avanceR = 2.000000, avanceI = 2.000000
inc_x_r = 0.000000, inc_y_r = 1.000000, inc_x_i = 1.000000, inc_y_i = 1.000000
En el else......

----------------------------------------
x = 56.000000, y = 176.000000
avance = -429.000000, avanceR = 2.000000, avanceI = 2.000000
inc_x_r = 0.000000, inc_y_r = 1.000000, inc_x_i = 1.000000, inc_y_i = 1.000000
En el else......

----------------------------------------
x = 56.000000, y = 177.000000
avance = -427.000000, avanceR = 2.000000, avanceI = 2.000000
inc_x_r = 0.000000, inc_y_r = 1.000000, inc_x_i = 1.000000, inc_y_i = 1.000000
En el else......

----------------------------------------
x = 56.000000, y = 178.000000
avance = -425.000000, avanceR = 2.000000, avanceI = 2.000000
inc_x_r = 0.000000, inc_y_r = 1.000000, inc_x_i = 1.000000, inc_y_i = 1.000000
En el else......

----------------------------------------
x = 56.000000, y = 179.000000
avance = -423.000000, avanceR = 2.000000, avanceI = 2.000000
inc_x_r = 0.000000, inc_y_r = 1.000000, inc_x_i = 1.000000, inc_y_i = 1.000000
En el else......

----------------------------------------
x = 56.000000, y = 180.000000
avance = -421.000000, avanceR = 2.000000, avanceI = 2.000000
inc_x_r = 0.000000, inc_y_r = 1.000000, inc_x_i = 1.000000, inc_y_i = 1.000000
En el else......

----------------------------------------
x = 56.000000, y = 181.000000
avance = -419.000000, avanceR = 2.000000, avanceI = 2.000000
inc_x_r = 0.000000, inc_y_r = 1.000000, inc_x_i = 1.000000, inc_y_i = 1.000000
En el else......

----------------------------------------
x = 56.000000, y = 182.000000
avance = -417.000000, avanceR = 2.000000, avanceI = 2.000000
inc_x_r = 0.000000, inc_y_r = 1.000000, inc_x_i = 1.000000, inc_y_i = 1.000000
En el else......

----------------------------------------
x = 56.000000, y = 183.000000
avance = -415.000000, avanceR = 2.000000, avanceI = 2.000000
inc_x_r = 0.000000, inc_y_r = 1.000000, inc_x_i = 1.000000, inc_y_i = 1.000000
En el else......

----------------------------------------
x = 56.000000, y = 184.000000
avance = -413.000000, avanceR = 2.000000, avanceI = 2.000000
inc_x_r = 0.000000, inc_y_r = 1.000000, inc_x_i = 1.000000, inc_y_i = 1.000000
En el else......

----------------------------------------
x = 56.000000, y = 185.000000
avance = -411.000000, avanceR = 2.000000, avanceI = 2.000000
inc_x_r = 0.000000, inc_y_r = 1.000000, inc_x_i = 1.000000, inc_y_i = 1.000000
En el else......

----------------------------------------
x = 56.000000, y = 186.000000
avance = -409.000000, avanceR = 2.000000, avanceI = 2.000000
inc_x_r = 0.000000, inc_y_r = 1.000000, inc_x_i = 1.000000, inc_y_i = 1.000000
En el else......

----------------------------------------
x = 56.000000, y = 187.000000
avance = -407.000000, avanceR = 2.000000, avanceI = 2.000000
inc_x_r = 0.000000, inc_y_r = 1.000000, inc_x_i = 1.000000, inc_y_i = 1.000000
En el else......

----------------------------------------
x = 56.000000, y = 188.000000
avance = -405.000000, avanceR = 2.000000, avanceI = 2.000000
inc_x_r = 0.000000, inc_y_r = 1.000000, inc_x_i = 1.000000, inc_y_i = 1.000000
En el else......

----------------------------------------
x = 56.000000, y = 189.000000
avance = -403.000000, avanceR = 2.000000, avanceI = 2.000000
inc_x_r = 0.000000, inc_y_r = 1.000000, inc_x_i = 1.000000, inc_y_i = 1.000000
En el else......

----------------------------------------
x = 56.000000, y = 190.000000
avance = -401.000000, avanceR = 2.000000, avanceI = 2.000000
inc_x_r = 0.000000, inc_y_r = 1.000000, inc_x_i = 1.000000, inc_y_i = 1.000000
En el else......

----------------------------------------
x = 56.000000, y = 191.000000
avance = -399.000000, avanceR = 2.000000, avanceI = 2.000000
inc_x_r = 0.000000, inc_y_r = 1.000000, inc_x_i = 1.000000, inc_y_i = 1.000000
En el else......

----------------------------------------
x = 56.000000, y = 192.000000
avance = -397.000000, avanceR = 2.000000, avanceI = 2.000000
inc_x_r = 0.000000, inc_y_r = 1.000000, inc_x_i = 1.000000, inc_y_i = 1.000000
En el else......

----------------------------------------
x = 56.000000, y = 193.000000
avance = -395.000000, avanceR = 2.000000, avanceI = 2.000000
inc_x_r = 0.000000, inc_y_r = 1.000000, inc_x_i = 1.000000, inc_y_i = 1.000000
En el else......

----------------------------------------
x = 56.000000, y = 194.000000
avance = -393.000000, avanceR = 2.000000, avanceI = 2.000000
inc_x_r = 0.000000, inc_y_r = 1.000000, inc_x_i = 1.000000, inc_y_i = 1.000000
En el else......

----------------------------------------
x = 56.000000, y = 195.000000
avance = -391.000000, avanceR = 2.000000, avanceI = 2.000000
inc_x_r = 0.000000, inc_y_r = 1.000000, inc_x_i = 1.000000, inc_y_i = 1.000000
En el else......

----------------------------------------
x = 56.000000, y = 196.000000
avance = -389.000000, avanceR = 2.000000, avanceI = 2.000000
inc_x_r = 0.000000, inc_y_r = 1.000000, inc_x_i = 1.000000, inc_y_i = 1.000000
En el else......

----------------------------------------
x = 56.000000, y = 197.000000
avance = -387.000000, avanceR = 2.000000, avanceI = 2.000000
inc_x_r = 0.000000, inc_y_r = 1.000000, inc_x_i = 1.000000, inc_y_i = 1.000000
En el else......

----------------------------------------
x = 56.000000, y = 198.000000
avance = -385.000000, avanceR = 2.000000, avanceI = 2.000000
inc_x_r = 0.000000, inc_y_r = 1.000000, inc_x_i = 1.000000, inc_y_i = 1.000000
En el else......

----------------------------------------
x = 56.000000, y = 199.000000
avance = -383.000000, avanceR = 2.000000, avanceI = 2.000000
inc_x_r = 0.000000, inc_y_r = 1.000000, inc_x_i = 1.000000, inc_y_i = 1.000000
En el else......

----------------------------------------
x = 56.000000, y = 200.000000
avance = -381.000000, avanceR = 2.000000, avanceI = 2.000000
inc_x_r = 0.000000, inc_y_r = 1.000000, inc_x_i = 1.000000, inc_y_i = 1.000000
En el else......

----------------------------------------
x = 56.000000, y = 201.000000
avance = -379.000000, avanceR = 2.000000, avanceI = 2.000000
inc_x_r = 0.000000, inc_y_r = 1.000000, inc_x_i = 1.000000, inc_y_i = 1.000000
En el else......

----------------------------------------
x = 56.000000, y = 202.000000
avance = -377.000000, avanceR = 2.000000, avanceI = 2.000000
inc_x_r = 0.000000, inc_y_r = 1.000000, inc_x_i = 1.000000, inc_y_i = 1.000000
En el else......

----------------------------------------
x = 56.000000, y = 203.000000
avance = -375.000000, avanceR = 2.000000, avanceI = 2.000000
inc_x_r = 0.000000, inc_y_r = 1.000000, inc_x_i = 1.000000, inc_y_i = 1.000000
En el else......

----------------------------------------
x = 56.000000, y = 204.000000
avance = -373.000000, avanceR = 2.000000, avanceI = 2.000000
inc_x_r = 0.000000, inc_y_r = 1.000000, inc_x_i = 1.000000, inc_y_i = 1.000000
En el else......

----------------------------------------
x = 56.000000, y = 205.000000
avance = -371.000000, avanceR = 2.000000, avanceI = 2.000000
inc_x_r = 0.000000, inc_y_r = 1.000000, inc_x_i = 1.000000, inc_y_i = 1.000000
En el else......

----------------------------------------
x = 56.000000, y = 206.000000
avance = -369.000000, avanceR = 2.000000, avanceI = 2.000000
inc_x_r = 0.000000, inc_y_r = 1.000000, inc_x_i = 1.000000, inc_y_i = 1.000000
En el else......

----------------------------------------
x = 56.000000, y = 207.000000
avance = -367.000000, avanceR = 2.000000, avanceI = 2.000000
inc_x_r = 0.000000, inc_y_r = 1.000000, inc_x_i = 1.000000, inc_y_i = 1.000000
En el else......

----------------------------------------
x = 56.000000, y = 208.000000
avance = -365.000000, avanceR = 2.000000, avanceI = 2.000000
inc_x_r = 0.000000, inc_y_r = 1.000000, inc_x_i = 1.000000, inc_y_i = 1.000000
En el else......

----------------------------------------
x = 56.000000, y = 209.000000
avance = -363.000000, avanceR = 2.000000, avanceI = 2.000000
inc_x_r = 0.000000, inc_y_r = 1.000000, inc_x_i = 1.000000, inc_y_i = 1.000000
En el else......

----------------------------------------
x = 56.000000, y = 210.000000
avance = -361.000000, avanceR = 2.000000, avanceI = 2.000000
inc_x_r = 0.000000, inc_y_r = 1.000000, inc_x_i = 1.000000, inc_y_i = 1.000000
En el else......

----------------------------------------
x = 56.000000, y = 211.000000
avance = -359.000000, avanceR = 2.000000, avanceI = 2.000000
inc_x_r = 0.000000, inc_y_r = 1.000000, inc_x_i = 1.000000, inc_y_i = 1.000000
En el else......

----------------------------------------
x = 56.000000, y = 212.000000
avance = -357.000000, avanceR = 2.000000, avanceI = 2.000000
inc_x_r = 0.000000, inc_y_r = 1.000000, inc_x_i = 1.000000, inc_y_i = 1.000000
En el else......

----------------------------------------
x = 56.000000, y = 213.000000
avance = -355.000000, avanceR = 2.000000, avanceI = 2.000000
inc_x_r = 0.000000, inc_y_r = 1.000000, inc_x_i = 1.000000, inc_y_i = 1.000000
En el else......

----------------------------------------
x = 56.000000, y = 214.000000
avance = -353.000000, avanceR = 2.000000, avanceI = 2.000000
inc_x_r = 0.000000, inc_y_r = 1.000000, inc_x_i = 1.000000, inc_y_i = 1.000000
En el else......

----------------------------------------
x = 56.000000, y = 215.000000
avance = -351.000000, avanceR = 2.000000, avanceI = 2.000000
inc_x_r = 0.000000, inc_y_r = 1.000000, inc_x_i = 1.000000, inc_y_i = 1.000000
En el else......

----------------------------------------
x = 56.000000, y = 216.000000
avance = -349.000000, avanceR = 2.000000, avanceI = 2.000000
inc_x_r = 0.000000, inc_y_r = 1.000000, inc_x_i = 1.000000, inc_y_i = 1.000000
En el else......

----------------------------------------
x = 56.000000, y = 217.000000
avance = -347.000000, avanceR = 2.000000, avanceI = 2.000000
inc_x_r = 0.000000, inc_y_r = 1.000000, inc_x_i = 1.000000, inc_y_i = 1.000000
En el else......

----------------------------------------
x = 56.000000, y = 218.000000
avance = -345.000000, avanceR = 2.000000, avanceI = 2.000000
inc_x_r = 0.000000, inc_y_r = 1.000000, inc_x_i = 1.000000, inc_y_i = 1.000000
En el else......

----------------------------------------
x = 56.000000, y = 219.000000
avance = -343.000000, avanceR = 2.000000, avanceI = 2.000000
inc_x_r = 0.000000, inc_y_r = 1.000000, inc_x_i = 1.000000, inc_y_i = 1.000000
En el else......

----------------------------------------
x = 56.000000, y = 220.000000
avance = -341.000000, avanceR = 2.000000, avanceI = 2.000000
inc_x_r = 0.000000, inc_y_r = 1.000000, inc_x_i = 1.000000, inc_y_i = 1.000000
En el else......

----------------------------------------
x = 56.000000, y = 221.000000
avance = -339.000000, avanceR = 2.000000, avanceI = 2.000000
inc_x_r = 0.000000, inc_y_r = 1.000000, inc_x_i = 1.000000, inc_y_i = 1.000000
En el else......

----------------------------------------
x = 56.000000, y = 222.000000
avance = -337.000000, avanceR = 2.000000, avanceI = 2.000000
inc_x_r = 0.000000, inc_y_r = 1.000000, inc_x_i = 1.000000, inc_y_i = 1.000000
En el else......

----------------------------------------
x = 56.000000, y = 223.000000
avance = -335.000000, avanceR = 2.000000, avanceI = 2.000000
inc_x_r = 0.000000, inc_y_r = 1.000000, inc_x_i = 1.000000, inc_y_i = 1.000000
En el else......

----------------------------------------
x = 56.000000, y = 224.000000
avance = -333.000000, avanceR = 2.000000, avanceI = 2.000000
inc_x_r = 0.000000, inc_y_r = 1.000000, inc_x_i = 1.000000, inc_y_i = 1.000000
En el else......

----------------------------------------
x = 56.000000, y = 225.000000
avance = -331.000000, avanceR = 2.000000, avanceI = 2.000000
inc_x_r = 0.000000, inc_y_r = 1.000000, inc_x_i = 1.000000, inc_y_i = 1.000000
En el else......

----------------------------------------
x = 56.000000, y = 226.000000
avance = -329.000000, avanceR = 2.000000, avanceI = 2.000000
inc_x_r = 0.000000, inc_y_r = 1.000000, inc_x_i = 1.000000, inc_y_i = 1.000000
En el else......

----------------------------------------
x = 56.000000, y = 227.000000
avance = -327.000000, avanceR = 2.000000, avanceI = 2.000000
inc_x_r = 0.000000, inc_y_r = 1.000000, inc_x_i = 1.000000, inc_y_i = 1.000000
En el else......

----------------------------------------
x = 56.000000, y = 228.000000
avance = -325.000000, avanceR = 2.000000, avanceI = 2.000000
inc_x_r = 0.000000, inc_y_r = 1.000000, inc_x_i = 1.000000, inc_y_i = 1.000000
En el else......

----------------------------------------
x = 56.000000, y = 229.000000
avance = -323.000000, avanceR = 2.000000, avanceI = 2.000000
inc_x_r = 0.000000, inc_y_r = 1.000000, inc_x_i = 1.000000, inc_y_i = 1.000000
En el else......

----------------------------------------
x = 56.000000, y = 230.000000
avance = -321.000000, avanceR = 2.000000, avanceI = 2.000000
inc_x_r = 0.000000, inc_y_r = 1.000000, inc_x_i = 1.000000, inc_y_i = 1.000000
En el else......

----------------------------------------
x = 56.000000, y = 231.000000
avance = -319.000000, avanceR = 2.000000, avanceI = 2.000000
inc_x_r = 0.000000, inc_y_r = 1.000000, inc_x_i = 1.000000, inc_y_i = 1.000000
En el else......

----------------------------------------
x = 56.000000, y = 232.000000
avance = -317.000000, avanceR = 2.000000, avanceI = 2.000000
inc_x_r = 0.000000, inc_y_r = 1.000000, inc_x_i = 1.000000, inc_y_i = 1.000000
En el else......

----------------------------------------
x = 56.000000, y = 233.000000
avance = -315.000000, avanceR = 2.000000, avanceI = 2.000000
inc_x_r = 0.000000, inc_y_r = 1.000000, inc_x_i = 1.000000, inc_y_i = 1.000000
En el else......

----------------------------------------
x = 56.000000, y = 234.000000
avance = -313.000000, avanceR = 2.000000, avanceI = 2.000000
inc_x_r = 0.000000, inc_y_r = 1.000000, inc_x_i = 1.000000, inc_y_i = 1.000000
En el else......

----------------------------------------
x = 56.000000, y = 235.000000
avance = -311.000000, avanceR = 2.000000, avanceI = 2.000000
inc_x_r = 0.000000, inc_y_r = 1.000000, inc_x_i = 1.000000, inc_y_i = 1.000000
En el else......

----------------------------------------
x = 56.000000, y = 236.000000
avance = -309.000000, avanceR = 2.000000, avanceI = 2.000000
inc_x_r = 0.000000, inc_y_r = 1.000000, inc_x_i = 1.000000, inc_y_i = 1.000000
En el else......

----------------------------------------
x = 56.000000, y = 237.000000
avance = -307.000000, avanceR = 2.000000, avanceI = 2.000000
inc_x_r = 0.000000, inc_y_r = 1.000000, inc_x_i = 1.000000, inc_y_i = 1.000000
En el else......

----------------------------------------
x = 56.000000, y = 238.000000
avance = -305.000000, avanceR = 2.000000, avanceI = 2.000000
inc_x_r = 0.000000, inc_y_r = 1.000000, inc_x_i = 1.000000, inc_y_i = 1.000000
En el else......

----------------------------------------
x = 56.000000, y = 239.000000
avance = -303.000000, avanceR = 2.000000, avanceI = 2.000000
inc_x_r = 0.000000, inc_y_r = 1.000000, inc_x_i = 1.000000, inc_y_i = 1.000000
En el else......

----------------------------------------
x = 56.000000, y = 240.000000
avance = -301.000000, avanceR = 2.000000, avanceI = 2.000000
inc_x_r = 0.000000, inc_y_r = 1.000000, inc_x_i = 1.000000, inc_y_i = 1.000000
En el else......

----------------------------------------
x = 56.000000, y = 241.000000
avance = -299.000000, avanceR = 2.000000, avanceI = 2.000000
inc_x_r = 0.000000, inc_y_r = 1.000000, inc_x_i = 1.000000, inc_y_i = 1.000000
En el else......

----------------------------------------
x = 56.000000, y = 242.000000
avance = -297.000000, avanceR = 2.000000, avanceI = 2.000000
inc_x_r = 0.000000, inc_y_r = 1.000000, inc_x_i = 1.000000, inc_y_i = 1.000000
En el else......

----------------------------------------
x = 56.000000, y = 243.000000
avance = -295.000000, avanceR = 2.000000, avanceI = 2.000000
inc_x_r = 0.000000, inc_y_r = 1.000000, inc_x_i = 1.000000, inc_y_i = 1.000000
En el else......

----------------------------------------
x = 56.000000, y = 244.000000
avance = -293.000000, avanceR = 2.000000, avanceI = 2.000000
inc_x_r = 0.000000, inc_y_r = 1.000000, inc_x_i = 1.000000, inc_y_i = 1.000000
En el else......

----------------------------------------
x = 56.000000, y = 245.000000
avance = -291.000000, avanceR = 2.000000, avanceI = 2.000000
inc_x_r = 0.000000, inc_y_r = 1.000000, inc_x_i = 1.000000, inc_y_i = 1.000000
En el else......

----------------------------------------
x = 56.000000, y = 246.000000
avance = -289.000000, avanceR = 2.000000, avanceI = 2.000000
inc_x_r = 0.000000, inc_y_r = 1.000000, inc_x_i = 1.000000, inc_y_i = 1.000000
En el else......

----------------------------------------
x = 56.000000, y = 247.000000
avance = -287.000000, avanceR = 2.000000, avanceI = 2.000000
inc_x_r = 0.000000, inc_y_r = 1.000000, inc_x_i = 1.000000, inc_y_i = 1.000000
En el else......

----------------------------------------
x = 56.000000, y = 248.000000
avance = -285.000000, avanceR = 2.000000, avanceI = 2.000000
inc_x_r = 0.000000, inc_y_r = 1.000000, inc_x_i = 1.000000, inc_y_i = 1.000000
En el else......

----------------------------------------
x = 56.000000, y = 249.000000
avance = -283.000000, avanceR = 2.000000, avanceI = 2.000000
inc_x_r = 0.000000, inc_y_r = 1.000000, inc_x_i = 1.000000, inc_y_i = 1.000000
En el else......

----------------------------------------
x = 56.000000, y = 250.000000
avance = -281.000000, avanceR = 2.000000, avanceI = 2.000000
inc_x_r = 0.000000, inc_y_r = 1.000000, inc_x_i = 1.000000, inc_y_i = 1.000000
En el else......

----------------------------------------
x = 56.000000, y = 251.000000
avance = -279.000000, avanceR = 2.000000, avanceI = 2.000000
inc_x_r = 0.000000, inc_y_r = 1.000000, inc_x_i = 1.000000, inc_y_i = 1.000000
En el else......

----------------------------------------
x = 56.000000, y = 252.000000
avance = -277.000000, avanceR = 2.000000, avanceI = 2.000000
inc_x_r = 0.000000, inc_y_r = 1.000000, inc_x_i = 1.000000, inc_y_i = 1.000000
En el else......

----------------------------------------
x = 56.000000, y = 253.000000
avance = -275.000000, avanceR = 2.000000, avanceI = 2.000000
inc_x_r = 0.000000, inc_y_r = 1.000000, inc_x_i = 1.000000, inc_y_i = 1.000000
En el else......

----------------------------------------
x = 56.000000, y = 254.000000
avance = -273.000000, avanceR = 2.000000, avanceI = 2.000000
inc_x_r = 0.000000, inc_y_r = 1.000000, inc_x_i = 1.000000, inc_y_i = 1.000000
En el else......

----------------------------------------
x = 56.000000, y = 255.000000
avance = -271.000000, avanceR = 2.000000, avanceI = 2.000000
inc_x_r = 0.000000, inc_y_r = 1.000000, inc_x_i = 1.000000, inc_y_i = 1.000000
En el else......

----------------------------------------
x = 56.000000, y = 256.000000
avance = -269.000000, avanceR = 2.000000, avanceI = 2.000000
inc_x_r = 0.000000, inc_y_r = 1.000000, inc_x_i = 1.000000, inc_y_i = 1.000000
En el else......

----------------------------------------
x = 56.000000, y = 257.000000
avance = -267.000000, avanceR = 2.000000, avanceI = 2.000000
inc_x_r = 0.000000, inc_y_r = 1.000000, inc_x_i = 1.000000, inc_y_i = 1.000000
En el else......

----------------------------------------
x = 56.000000, y = 258.000000
avance = -265.000000, avanceR = 2.000000, avanceI = 2.000000
inc_x_r = 0.000000, inc_y_r = 1.000000, inc_x_i = 1.000000, inc_y_i = 1.000000
En el else......

----------------------------------------
x = 56.000000, y = 259.000000
avance = -263.000000, avanceR = 2.000000, avanceI = 2.000000
inc_x_r = 0.000000, inc_y_r = 1.000000, inc_x_i = 1.000000, inc_y_i = 1.000000
En el else......

----------------------------------------
x = 56.000000, y = 260.000000
avance = -261.000000, avanceR = 2.000000, avanceI = 2.000000
inc_x_r = 0.000000, inc_y_r = 1.000000, inc_x_i = 1.000000, inc_y_i = 1.000000
En el else......

----------------------------------------
x = 56.000000, y = 261.000000
avance = -259.000000, avanceR = 2.000000, avanceI = 2.000000
inc_x_r = 0.000000, inc_y_r = 1.000000, inc_x_i = 1.000000, inc_y_i = 1.000000
En el else......

----------------------------------------
x = 56.000000, y = 262.000000
avance = -257.000000, avanceR = 2.000000, avanceI = 2.000000
inc_x_r = 0.000000, inc_y_r = 1.000000, inc_x_i = 1.000000, inc_y_i = 1.000000
En el else......

----------------------------------------
x = 56.000000, y = 263.000000
avance = -255.000000, avanceR = 2.000000, avanceI = 2.000000
inc_x_r = 0.000000, inc_y_r = 1.000000, inc_x_i = 1.000000, inc_y_i = 1.000000
En el else......

----------------------------------------
x = 56.000000, y = 264.000000
avance = -253.000000, avanceR = 2.000000, avanceI = 2.000000
inc_x_r = 0.000000, inc_y_r = 1.000000, inc_x_i = 1.000000, inc_y_i = 1.000000
En el else......

----------------------------------------
x = 56.000000, y = 265.000000
avance = -251.000000, avanceR = 2.000000, avanceI = 2.000000
inc_x_r = 0.000000, inc_y_r = 1.000000, inc_x_i = 1.000000, inc_y_i = 1.000000
En el else......

----------------------------------------


ENTRAMOS A BRESENHAMªªªª
x1 = 55.000000 - y1 = 15.000000 || x2 = 56.000000 - y2 = 266.000000
dy = 251.000000, dx = 1.000000
avances inclinados: inc_x_i = 1.000000, inc_y_i = 1.000000
updated: dy = 251.000000, dx = 1.000000
avances rectos: inc_x_r = 0.000000, inc_y_r 1.000000
reupdated: dy = 1.000000, dx = 251.000000
avanceR = 2.000000, avance -249.000000, avanceI 2.000000
----------------------------------------
x = 55.000000, y = 15.000000
avance = -249.000000, avanceR = 2.000000, avanceI = 2.000000
inc_x_r = 0.000000, inc_y_r = 1.000000, inc_x_i = 1.000000, inc_y_i = 1.000000
En el else......

----------------------------------------
x = 55.000000, y = 16.000000
avance = -247.000000, avanceR = 2.000000, avanceI = 2.000000
inc_x_r = 0.000000, inc_y_r = 1.000000, inc_x_i = 1.000000, inc_y_i = 1.000000
En el else......

----------------------------------------
x = 55.000000, y = 17.000000
avance = -245.000000, avanceR = 2.000000, avanceI = 2.000000
inc_x_r = 0.000000, inc_y_r = 1.000000, inc_x_i = 1.000000, inc_y_i = 1.000000
En el else......

----------------------------------------
x = 55.000000, y = 18.000000
avance = -243.000000, avanceR = 2.000000, avanceI = 2.000000
inc_x_r = 0.000000, inc_y_r = 1.000000, inc_x_i = 1.000000, inc_y_i = 1.000000
En el else......

----------------------------------------
x = 55.000000, y = 19.000000
avance = -241.000000, avanceR = 2.000000, avanceI = 2.000000
inc_x_r = 0.000000, inc_y_r = 1.000000, inc_x_i = 1.000000, inc_y_i = 1.000000
En el else......

----------------------------------------
x = 55.000000, y = 20.000000
avance = -239.000000, avanceR = 2.000000, avanceI = 2.000000
inc_x_r = 0.000000, inc_y_r = 1.000000, inc_x_i = 1.000000, inc_y_i = 1.000000
En el else......

----------------------------------------
x = 55.000000, y = 21.000000
avance = -237.000000, avanceR = 2.000000, avanceI = 2.000000
inc_x_r = 0.000000, inc_y_r = 1.000000, inc_x_i = 1.000000, inc_y_i = 1.000000
En el else......

----------------------------------------
x = 55.000000, y = 22.000000
avance = -235.000000, avanceR = 2.000000, avanceI = 2.000000
inc_x_r = 0.000000, inc_y_r = 1.000000, inc_x_i = 1.000000, inc_y_i = 1.000000
En el else......

----------------------------------------
x = 55.000000, y = 23.000000
avance = -233.000000, avanceR = 2.000000, avanceI = 2.000000
inc_x_r = 0.000000, inc_y_r = 1.000000, inc_x_i = 1.000000, inc_y_i = 1.000000
En el else......

----------------------------------------
x = 55.000000, y = 24.000000
avance = -231.000000, avanceR = 2.000000, avanceI = 2.000000
inc_x_r = 0.000000, inc_y_r = 1.000000, inc_x_i = 1.000000, inc_y_i = 1.000000
En el else......

----------------------------------------
x = 55.000000, y = 25.000000
avance = -229.000000, avanceR = 2.000000, avanceI = 2.000000
inc_x_r = 0.000000, inc_y_r = 1.000000, inc_x_i = 1.000000, inc_y_i = 1.000000
En el else......

----------------------------------------
x = 55.000000, y = 26.000000
avance = -227.000000, avanceR = 2.000000, avanceI = 2.000000
inc_x_r = 0.000000, inc_y_r = 1.000000, inc_x_i = 1.000000, inc_y_i = 1.000000
En el else......

----------------------------------------
x = 55.000000, y = 27.000000
avance = -225.000000, avanceR = 2.000000, avanceI = 2.000000
inc_x_r = 0.000000, inc_y_r = 1.000000, inc_x_i = 1.000000, inc_y_i = 1.000000
En el else......

----------------------------------------
x = 55.000000, y = 28.000000
avance = -223.000000, avanceR = 2.000000, avanceI = 2.000000
inc_x_r = 0.000000, inc_y_r = 1.000000, inc_x_i = 1.000000, inc_y_i = 1.000000
En el else......

----------------------------------------
x = 55.000000, y = 29.000000
avance = -221.000000, avanceR = 2.000000, avanceI = 2.000000
inc_x_r = 0.000000, inc_y_r = 1.000000, inc_x_i = 1.000000, inc_y_i = 1.000000
En el else......

----------------------------------------
x = 55.000000, y = 30.000000
avance = -219.000000, avanceR = 2.000000, avanceI = 2.000000
inc_x_r = 0.000000, inc_y_r = 1.000000, inc_x_i = 1.000000, inc_y_i = 1.000000
En el else......

----------------------------------------
x = 55.000000, y = 31.000000
avance = -217.000000, avanceR = 2.000000, avanceI = 2.000000
inc_x_r = 0.000000, inc_y_r = 1.000000, inc_x_i = 1.000000, inc_y_i = 1.000000
En el else......

----------------------------------------
x = 55.000000, y = 32.000000
avance = -215.000000, avanceR = 2.000000, avanceI = 2.000000
inc_x_r = 0.000000, inc_y_r = 1.000000, inc_x_i = 1.000000, inc_y_i = 1.000000
En el else......

----------------------------------------
x = 55.000000, y = 33.000000
avance = -213.000000, avanceR = 2.000000, avanceI = 2.000000
inc_x_r = 0.000000, inc_y_r = 1.000000, inc_x_i = 1.000000, inc_y_i = 1.000000
En el else......

----------------------------------------
x = 55.000000, y = 34.000000
avance = -211.000000, avanceR = 2.000000, avanceI = 2.000000
inc_x_r = 0.000000, inc_y_r = 1.000000, inc_x_i = 1.000000, inc_y_i = 1.000000
En el else......

----------------------------------------
x = 55.000000, y = 35.000000
avance = -209.000000, avanceR = 2.000000, avanceI = 2.000000
inc_x_r = 0.000000, inc_y_r = 1.000000, inc_x_i = 1.000000, inc_y_i = 1.000000
En el else......

----------------------------------------
x = 55.000000, y = 36.000000
avance = -207.000000, avanceR = 2.000000, avanceI = 2.000000
inc_x_r = 0.000000, inc_y_r = 1.000000, inc_x_i = 1.000000, inc_y_i = 1.000000
En el else......

----------------------------------------
x = 55.000000, y = 37.000000
avance = -205.000000, avanceR = 2.000000, avanceI = 2.000000
inc_x_r = 0.000000, inc_y_r = 1.000000, inc_x_i = 1.000000, inc_y_i = 1.000000
En el else......

----------------------------------------
x = 55.000000, y = 38.000000
avance = -203.000000, avanceR = 2.000000, avanceI = 2.000000
inc_x_r = 0.000000, inc_y_r = 1.000000, inc_x_i = 1.000000, inc_y_i = 1.000000
En el else......

----------------------------------------
x = 55.000000, y = 39.000000
avance = -201.000000, avanceR = 2.000000, avanceI = 2.000000
inc_x_r = 0.000000, inc_y_r = 1.000000, inc_x_i = 1.000000, inc_y_i = 1.000000
En el else......

----------------------------------------
x = 55.000000, y = 40.000000
avance = -199.000000, avanceR = 2.000000, avanceI = 2.000000
inc_x_r = 0.000000, inc_y_r = 1.000000, inc_x_i = 1.000000, inc_y_i = 1.000000
En el else......

----------------------------------------
x = 55.000000, y = 41.000000
avance = -197.000000, avanceR = 2.000000, avanceI = 2.000000
inc_x_r = 0.000000, inc_y_r = 1.000000, inc_x_i = 1.000000, inc_y_i = 1.000000
En el else......

----------------------------------------
x = 55.000000, y = 42.000000
avance = -195.000000, avanceR = 2.000000, avanceI = 2.000000
inc_x_r = 0.000000, inc_y_r = 1.000000, inc_x_i = 1.000000, inc_y_i = 1.000000
En el else......

----------------------------------------
x = 55.000000, y = 43.000000
avance = -193.000000, avanceR = 2.000000, avanceI = 2.000000
inc_x_r = 0.000000, inc_y_r = 1.000000, inc_x_i = 1.000000, inc_y_i = 1.000000
En el else......

----------------------------------------
x = 55.000000, y = 44.000000
avance = -191.000000, avanceR = 2.000000, avanceI = 2.000000
inc_x_r = 0.000000, inc_y_r = 1.000000, inc_x_i = 1.000000, inc_y_i = 1.000000
En el else......

----------------------------------------
x = 55.000000, y = 45.000000
avance = -189.000000, avanceR = 2.000000, avanceI = 2.000000
inc_x_r = 0.000000, inc_y_r = 1.000000, inc_x_i = 1.000000, inc_y_i = 1.000000
En el else......

----------------------------------------
x = 55.000000, y = 46.000000
avance = -187.000000, avanceR = 2.000000, avanceI = 2.000000
inc_x_r = 0.000000, inc_y_r = 1.000000, inc_x_i = 1.000000, inc_y_i = 1.000000
En el else......

----------------------------------------
x = 55.000000, y = 47.000000
avance = -185.000000, avanceR = 2.000000, avanceI = 2.000000
inc_x_r = 0.000000, inc_y_r = 1.000000, inc_x_i = 1.000000, inc_y_i = 1.000000
En el else......

----------------------------------------
x = 55.000000, y = 48.000000
avance = -183.000000, avanceR = 2.000000, avanceI = 2.000000
inc_x_r = 0.000000, inc_y_r = 1.000000, inc_x_i = 1.000000, inc_y_i = 1.000000
En el else......

----------------------------------------
x = 55.000000, y = 49.000000
avance = -181.000000, avanceR = 2.000000, avanceI = 2.000000
inc_x_r = 0.000000, inc_y_r = 1.000000, inc_x_i = 1.000000, inc_y_i = 1.000000
En el else......

----------------------------------------
x = 55.000000, y = 50.000000
avance = -179.000000, avanceR = 2.000000, avanceI = 2.000000
inc_x_r = 0.000000, inc_y_r = 1.000000, inc_x_i = 1.000000, inc_y_i = 1.000000
En el else......

----------------------------------------
x = 55.000000, y = 51.000000
avance = -177.000000, avanceR = 2.000000, avanceI = 2.000000
inc_x_r = 0.000000, inc_y_r = 1.000000, inc_x_i = 1.000000, inc_y_i = 1.000000
En el else......

----------------------------------------
x = 55.000000, y = 52.000000
avance = -175.000000, avanceR = 2.000000, avanceI = 2.000000
inc_x_r = 0.000000, inc_y_r = 1.000000, inc_x_i = 1.000000, inc_y_i = 1.000000
En el else......

----------------------------------------
x = 55.000000, y = 53.000000
avance = -173.000000, avanceR = 2.000000, avanceI = 2.000000
inc_x_r = 0.000000, inc_y_r = 1.000000, inc_x_i = 1.000000, inc_y_i = 1.000000
En el else......

----------------------------------------
x = 55.000000, y = 54.000000
avance = -171.000000, avanceR = 2.000000, avanceI = 2.000000
inc_x_r = 0.000000, inc_y_r = 1.000000, inc_x_i = 1.000000, inc_y_i = 1.000000
En el else......

----------------------------------------
x = 55.000000, y = 55.000000
avance = -169.000000, avanceR = 2.000000, avanceI = 2.000000
inc_x_r = 0.000000, inc_y_r = 1.000000, inc_x_i = 1.000000, inc_y_i = 1.000000
En el else......

----------------------------------------
x = 55.000000, y = 56.000000
avance = -167.000000, avanceR = 2.000000, avanceI = 2.000000
inc_x_r = 0.000000, inc_y_r = 1.000000, inc_x_i = 1.000000, inc_y_i = 1.000000
En el else......

----------------------------------------
x = 55.000000, y = 57.000000
avance = -165.000000, avanceR = 2.000000, avanceI = 2.000000
inc_x_r = 0.000000, inc_y_r = 1.000000, inc_x_i = 1.000000, inc_y_i = 1.000000
En el else......

----------------------------------------
x = 55.000000, y = 58.000000
avance = -163.000000, avanceR = 2.000000, avanceI = 2.000000
inc_x_r = 0.000000, inc_y_r = 1.000000, inc_x_i = 1.000000, inc_y_i = 1.000000
En el else......

----------------------------------------
x = 55.000000, y = 59.000000
avance = -161.000000, avanceR = 2.000000, avanceI = 2.000000
inc_x_r = 0.000000, inc_y_r = 1.000000, inc_x_i = 1.000000, inc_y_i = 1.000000
En el else......

----------------------------------------
x = 55.000000, y = 60.000000
avance = -159.000000, avanceR = 2.000000, avanceI = 2.000000
inc_x_r = 0.000000, inc_y_r = 1.000000, inc_x_i = 1.000000, inc_y_i = 1.000000
En el else......

----------------------------------------
x = 55.000000, y = 61.000000
avance = -157.000000, avanceR = 2.000000, avanceI = 2.000000
inc_x_r = 0.000000, inc_y_r = 1.000000, inc_x_i = 1.000000, inc_y_i = 1.000000
En el else......

----------------------------------------
x = 55.000000, y = 62.000000
avance = -155.000000, avanceR = 2.000000, avanceI = 2.000000
inc_x_r = 0.000000, inc_y_r = 1.000000, inc_x_i = 1.000000, inc_y_i = 1.000000
En el else......

----------------------------------------
x = 55.000000, y = 63.000000
avance = -153.000000, avanceR = 2.000000, avanceI = 2.000000
inc_x_r = 0.000000, inc_y_r = 1.000000, inc_x_i = 1.000000, inc_y_i = 1.000000
En el else......

----------------------------------------
x = 55.000000, y = 64.000000
avance = -151.000000, avanceR = 2.000000, avanceI = 2.000000
inc_x_r = 0.000000, inc_y_r = 1.000000, inc_x_i = 1.000000, inc_y_i = 1.000000
En el else......

----------------------------------------
x = 55.000000, y = 65.000000
avance = -149.000000, avanceR = 2.000000, avanceI = 2.000000
inc_x_r = 0.000000, inc_y_r = 1.000000, inc_x_i = 1.000000, inc_y_i = 1.000000
En el else......

----------------------------------------
x = 55.000000, y = 66.000000
avance = -147.000000, avanceR = 2.000000, avanceI = 2.000000
inc_x_r = 0.000000, inc_y_r = 1.000000, inc_x_i = 1.000000, inc_y_i = 1.000000
En el else......

----------------------------------------
x = 55.000000, y = 67.000000
avance = -145.000000, avanceR = 2.000000, avanceI = 2.000000
inc_x_r = 0.000000, inc_y_r = 1.000000, inc_x_i = 1.000000, inc_y_i = 1.000000
En el else......

----------------------------------------
x = 55.000000, y = 68.000000
avance = -143.000000, avanceR = 2.000000, avanceI = 2.000000
inc_x_r = 0.000000, inc_y_r = 1.000000, inc_x_i = 1.000000, inc_y_i = 1.000000
En el else......

----------------------------------------
x = 55.000000, y = 69.000000
avance = -141.000000, avanceR = 2.000000, avanceI = 2.000000
inc_x_r = 0.000000, inc_y_r = 1.000000, inc_x_i = 1.000000, inc_y_i = 1.000000
En el else......

----------------------------------------
x = 55.000000, y = 70.000000
avance = -139.000000, avanceR = 2.000000, avanceI = 2.000000
inc_x_r = 0.000000, inc_y_r = 1.000000, inc_x_i = 1.000000, inc_y_i = 1.000000
En el else......

----------------------------------------
x = 55.000000, y = 71.000000
avance = -137.000000, avanceR = 2.000000, avanceI = 2.000000
inc_x_r = 0.000000, inc_y_r = 1.000000, inc_x_i = 1.000000, inc_y_i = 1.000000
En el else......

----------------------------------------
x = 55.000000, y = 72.000000
avance = -135.000000, avanceR = 2.000000, avanceI = 2.000000
inc_x_r = 0.000000, inc_y_r = 1.000000, inc_x_i = 1.000000, inc_y_i = 1.000000
En el else......

----------------------------------------
x = 55.000000, y = 73.000000
avance = -133.000000, avanceR = 2.000000, avanceI = 2.000000
inc_x_r = 0.000000, inc_y_r = 1.000000, inc_x_i = 1.000000, inc_y_i = 1.000000
En el else......

----------------------------------------
x = 55.000000, y = 74.000000
avance = -131.000000, avanceR = 2.000000, avanceI = 2.000000
inc_x_r = 0.000000, inc_y_r = 1.000000, inc_x_i = 1.000000, inc_y_i = 1.000000
En el else......

----------------------------------------
x = 55.000000, y = 75.000000
avance = -129.000000, avanceR = 2.000000, avanceI = 2.000000
inc_x_r = 0.000000, inc_y_r = 1.000000, inc_x_i = 1.000000, inc_y_i = 1.000000
En el else......

----------------------------------------
x = 55.000000, y = 76.000000
avance = -127.000000, avanceR = 2.000000, avanceI = 2.000000
inc_x_r = 0.000000, inc_y_r = 1.000000, inc_x_i = 1.000000, inc_y_i = 1.000000
En el else......

----------------------------------------
x = 55.000000, y = 77.000000
avance = -125.000000, avanceR = 2.000000, avanceI = 2.000000
inc_x_r = 0.000000, inc_y_r = 1.000000, inc_x_i = 1.000000, inc_y_i = 1.000000
En el else......

----------------------------------------
x = 55.000000, y = 78.000000
avance = -123.000000, avanceR = 2.000000, avanceI = 2.000000
inc_x_r = 0.000000, inc_y_r = 1.000000, inc_x_i = 1.000000, inc_y_i = 1.000000
En el else......

----------------------------------------
x = 55.000000, y = 79.000000
avance = -121.000000, avanceR = 2.000000, avanceI = 2.000000
inc_x_r = 0.000000, inc_y_r = 1.000000, inc_x_i = 1.000000, inc_y_i = 1.000000
En el else......

----------------------------------------
x = 55.000000, y = 80.000000
avance = -119.000000, avanceR = 2.000000, avanceI = 2.000000
inc_x_r = 0.000000, inc_y_r = 1.000000, inc_x_i = 1.000000, inc_y_i = 1.000000
En el else......

----------------------------------------
x = 55.000000, y = 81.000000
avance = -117.000000, avanceR = 2.000000, avanceI = 2.000000
inc_x_r = 0.000000, inc_y_r = 1.000000, inc_x_i = 1.000000, inc_y_i = 1.000000
En el else......

----------------------------------------
x = 55.000000, y = 82.000000
avance = -115.000000, avanceR = 2.000000, avanceI = 2.000000
inc_x_r = 0.000000, inc_y_r = 1.000000, inc_x_i = 1.000000, inc_y_i = 1.000000
En el else......

----------------------------------------
x = 55.000000, y = 83.000000
avance = -113.000000, avanceR = 2.000000, avanceI = 2.000000
inc_x_r = 0.000000, inc_y_r = 1.000000, inc_x_i = 1.000000, inc_y_i = 1.000000
En el else......

----------------------------------------
x = 55.000000, y = 84.000000
avance = -111.000000, avanceR = 2.000000, avanceI = 2.000000
inc_x_r = 0.000000, inc_y_r = 1.000000, inc_x_i = 1.000000, inc_y_i = 1.000000
En el else......

----------------------------------------
x = 55.000000, y = 85.000000
avance = -109.000000, avanceR = 2.000000, avanceI = 2.000000
inc_x_r = 0.000000, inc_y_r = 1.000000, inc_x_i = 1.000000, inc_y_i = 1.000000
En el else......

----------------------------------------
x = 55.000000, y = 86.000000
avance = -107.000000, avanceR = 2.000000, avanceI = 2.000000
inc_x_r = 0.000000, inc_y_r = 1.000000, inc_x_i = 1.000000, inc_y_i = 1.000000
En el else......

----------------------------------------
x = 55.000000, y = 87.000000
avance = -105.000000, avanceR = 2.000000, avanceI = 2.000000
inc_x_r = 0.000000, inc_y_r = 1.000000, inc_x_i = 1.000000, inc_y_i = 1.000000
En el else......

----------------------------------------
x = 55.000000, y = 88.000000
avance = -103.000000, avanceR = 2.000000, avanceI = 2.000000
inc_x_r = 0.000000, inc_y_r = 1.000000, inc_x_i = 1.000000, inc_y_i = 1.000000
En el else......

----------------------------------------
x = 55.000000, y = 89.000000
avance = -101.000000, avanceR = 2.000000, avanceI = 2.000000
inc_x_r = 0.000000, inc_y_r = 1.000000, inc_x_i = 1.000000, inc_y_i = 1.000000
En el else......

----------------------------------------
x = 55.000000, y = 90.000000
avance = -99.000000, avanceR = 2.000000, avanceI = 2.000000
inc_x_r = 0.000000, inc_y_r = 1.000000, inc_x_i = 1.000000, inc_y_i = 1.000000
En el else......

----------------------------------------
x = 55.000000, y = 91.000000
avance = -97.000000, avanceR = 2.000000, avanceI = 2.000000
inc_x_r = 0.000000, inc_y_r = 1.000000, inc_x_i = 1.000000, inc_y_i = 1.000000
En el else......

----------------------------------------
x = 55.000000, y = 92.000000
avance = -95.000000, avanceR = 2.000000, avanceI = 2.000000
inc_x_r = 0.000000, inc_y_r = 1.000000, inc_x_i = 1.000000, inc_y_i = 1.000000
En el else......

----------------------------------------
x = 55.000000, y = 93.000000
avance = -93.000000, avanceR = 2.000000, avanceI = 2.000000
inc_x_r = 0.000000, inc_y_r = 1.000000, inc_x_i = 1.000000, inc_y_i = 1.000000
En el else......

----------------------------------------
x = 55.000000, y = 94.000000
avance = -91.000000, avanceR = 2.000000, avanceI = 2.000000
inc_x_r = 0.000000, inc_y_r = 1.000000, inc_x_i = 1.000000, inc_y_i = 1.000000
En el else......

----------------------------------------
x = 55.000000, y = 95.000000
avance = -89.000000, avanceR = 2.000000, avanceI = 2.000000
inc_x_r = 0.000000, inc_y_r = 1.000000, inc_x_i = 1.000000, inc_y_i = 1.000000
En el else......

----------------------------------------
x = 55.000000, y = 96.000000
avance = -87.000000, avanceR = 2.000000, avanceI = 2.000000
inc_x_r = 0.000000, inc_y_r = 1.000000, inc_x_i = 1.000000, inc_y_i = 1.000000
En el else......

----------------------------------------
x = 55.000000, y = 97.000000
avance = -85.000000, avanceR = 2.000000, avanceI = 2.000000
inc_x_r = 0.000000, inc_y_r = 1.000000, inc_x_i = 1.000000, inc_y_i = 1.000000
En el else......

----------------------------------------
x = 55.000000, y = 98.000000
avance = -83.000000, avanceR = 2.000000, avanceI = 2.000000
inc_x_r = 0.000000, inc_y_r = 1.000000, inc_x_i = 1.000000, inc_y_i = 1.000000
En el else......

----------------------------------------
x = 55.000000, y = 99.000000
avance = -81.000000, avanceR = 2.000000, avanceI = 2.000000
inc_x_r = 0.000000, inc_y_r = 1.000000, inc_x_i = 1.000000, inc_y_i = 1.000000
En el else......

----------------------------------------
x = 55.000000, y = 100.000000
avance = -79.000000, avanceR = 2.000000, avanceI = 2.000000
inc_x_r = 0.000000, inc_y_r = 1.000000, inc_x_i = 1.000000, inc_y_i = 1.000000
En el else......

----------------------------------------
x = 55.000000, y = 101.000000
avance = -77.000000, avanceR = 2.000000, avanceI = 2.000000
inc_x_r = 0.000000, inc_y_r = 1.000000, inc_x_i = 1.000000, inc_y_i = 1.000000
En el else......

----------------------------------------
x = 55.000000, y = 102.000000
avance = -75.000000, avanceR = 2.000000, avanceI = 2.000000
inc_x_r = 0.000000, inc_y_r = 1.000000, inc_x_i = 1.000000, inc_y_i = 1.000000
En el else......

----------------------------------------
x = 55.000000, y = 103.000000
avance = -73.000000, avanceR = 2.000000, avanceI = 2.000000
inc_x_r = 0.000000, inc_y_r = 1.000000, inc_x_i = 1.000000, inc_y_i = 1.000000
En el else......

----------------------------------------
x = 55.000000, y = 104.000000
avance = -71.000000, avanceR = 2.000000, avanceI = 2.000000
inc_x_r = 0.000000, inc_y_r = 1.000000, inc_x_i = 1.000000, inc_y_i = 1.000000
En el else......

----------------------------------------
x = 55.000000, y = 105.000000
avance = -69.000000, avanceR = 2.000000, avanceI = 2.000000
inc_x_r = 0.000000, inc_y_r = 1.000000, inc_x_i = 1.000000, inc_y_i = 1.000000
En el else......

----------------------------------------
x = 55.000000, y = 106.000000
avance = -67.000000, avanceR = 2.000000, avanceI = 2.000000
inc_x_r = 0.000000, inc_y_r = 1.000000, inc_x_i = 1.000000, inc_y_i = 1.000000
En el else......

----------------------------------------
x = 55.000000, y = 107.000000
avance = -65.000000, avanceR = 2.000000, avanceI = 2.000000
inc_x_r = 0.000000, inc_y_r = 1.000000, inc_x_i = 1.000000, inc_y_i = 1.000000
En el else......

----------------------------------------
x = 55.000000, y = 108.000000
avance = -63.000000, avanceR = 2.000000, avanceI = 2.000000
inc_x_r = 0.000000, inc_y_r = 1.000000, inc_x_i = 1.000000, inc_y_i = 1.000000
En el else......

----------------------------------------
x = 55.000000, y = 109.000000
avance = -61.000000, avanceR = 2.000000, avanceI = 2.000000
inc_x_r = 0.000000, inc_y_r = 1.000000, inc_x_i = 1.000000, inc_y_i = 1.000000
En el else......

----------------------------------------
x = 55.000000, y = 110.000000
avance = -59.000000, avanceR = 2.000000, avanceI = 2.000000
inc_x_r = 0.000000, inc_y_r = 1.000000, inc_x_i = 1.000000, inc_y_i = 1.000000
En el else......

----------------------------------------
x = 55.000000, y = 111.000000
avance = -57.000000, avanceR = 2.000000, avanceI = 2.000000
inc_x_r = 0.000000, inc_y_r = 1.000000, inc_x_i = 1.000000, inc_y_i = 1.000000
En el else......

----------------------------------------
x = 55.000000, y = 112.000000
avance = -55.000000, avanceR = 2.000000, avanceI = 2.000000
inc_x_r = 0.000000, inc_y_r = 1.000000, inc_x_i = 1.000000, inc_y_i = 1.000000
En el else......

----------------------------------------
x = 55.000000, y = 113.000000
avance = -53.000000, avanceR = 2.000000, avanceI = 2.000000
inc_x_r = 0.000000, inc_y_r = 1.000000, inc_x_i = 1.000000, inc_y_i = 1.000000
En el else......

----------------------------------------
x = 55.000000, y = 114.000000
avance = -51.000000, avanceR = 2.000000, avanceI = 2.000000
inc_x_r = 0.000000, inc_y_r = 1.000000, inc_x_i = 1.000000, inc_y_i = 1.000000
En el else......

----------------------------------------
x = 55.000000, y = 115.000000
avance = -49.000000, avanceR = 2.000000, avanceI = 2.000000
inc_x_r = 0.000000, inc_y_r = 1.000000, inc_x_i = 1.000000, inc_y_i = 1.000000
En el else......

----------------------------------------
x = 55.000000, y = 116.000000
avance = -47.000000, avanceR = 2.000000, avanceI = 2.000000
inc_x_r = 0.000000, inc_y_r = 1.000000, inc_x_i = 1.000000, inc_y_i = 1.000000
En el else......

----------------------------------------
x = 55.000000, y = 117.000000
avance = -45.000000, avanceR = 2.000000, avanceI = 2.000000
inc_x_r = 0.000000, inc_y_r = 1.000000, inc_x_i = 1.000000, inc_y_i = 1.000000
En el else......

----------------------------------------
x = 55.000000, y = 118.000000
avance = -43.000000, avanceR = 2.000000, avanceI = 2.000000
inc_x_r = 0.000000, inc_y_r = 1.000000, inc_x_i = 1.000000, inc_y_i = 1.000000
En el else......

----------------------------------------
x = 55.000000, y = 119.000000
avance = -41.000000, avanceR = 2.000000, avanceI = 2.000000
inc_x_r = 0.000000, inc_y_r = 1.000000, inc_x_i = 1.000000, inc_y_i = 1.000000
En el else......

----------------------------------------
x = 55.000000, y = 120.000000
avance = -39.000000, avanceR = 2.000000, avanceI = 2.000000
inc_x_r = 0.000000, inc_y_r = 1.000000, inc_x_i = 1.000000, inc_y_i = 1.000000
En el else......

----------------------------------------
x = 55.000000, y = 121.000000
avance = -37.000000, avanceR = 2.000000, avanceI = 2.000000
inc_x_r = 0.000000, inc_y_r = 1.000000, inc_x_i = 1.000000, inc_y_i = 1.000000
En el else......

----------------------------------------
x = 55.000000, y = 122.000000
avance = -35.000000, avanceR = 2.000000, avanceI = 2.000000
inc_x_r = 0.000000, inc_y_r = 1.000000, inc_x_i = 1.000000, inc_y_i = 1.000000
En el else......

----------------------------------------
x = 55.000000, y = 123.000000
avance = -33.000000, avanceR = 2.000000, avanceI = 2.000000
inc_x_r = 0.000000, inc_y_r = 1.000000, inc_x_i = 1.000000, inc_y_i = 1.000000
En el else......

----------------------------------------
x = 55.000000, y = 124.000000
avance = -31.000000, avanceR = 2.000000, avanceI = 2.000000
inc_x_r = 0.000000, inc_y_r = 1.000000, inc_x_i = 1.000000, inc_y_i = 1.000000
En el else......

----------------------------------------
x = 55.000000, y = 125.000000
avance = -29.000000, avanceR = 2.000000, avanceI = 2.000000
inc_x_r = 0.000000, inc_y_r = 1.000000, inc_x_i = 1.000000, inc_y_i = 1.000000
En el else......

----------------------------------------
x = 55.000000, y = 126.000000
avance = -27.000000, avanceR = 2.000000, avanceI = 2.000000
inc_x_r = 0.000000, inc_y_r = 1.000000, inc_x_i = 1.000000, inc_y_i = 1.000000
En el else......

----------------------------------------
x = 55.000000, y = 127.000000
avance = -25.000000, avanceR = 2.000000, avanceI = 2.000000
inc_x_r = 0.000000, inc_y_r = 1.000000, inc_x_i = 1.000000, inc_y_i = 1.000000
En el else......

----------------------------------------
x = 55.000000, y = 128.000000
avance = -23.000000, avanceR = 2.000000, avanceI = 2.000000
inc_x_r = 0.000000, inc_y_r = 1.000000, inc_x_i = 1.000000, inc_y_i = 1.000000
En el else......

----------------------------------------
x = 55.000000, y = 129.000000
avance = -21.000000, avanceR = 2.000000, avanceI = 2.000000
inc_x_r = 0.000000, inc_y_r = 1.000000, inc_x_i = 1.000000, inc_y_i = 1.000000
En el else......

----------------------------------------
x = 55.000000, y = 130.000000
avance = -19.000000, avanceR = 2.000000, avanceI = 2.000000
inc_x_r = 0.000000, inc_y_r = 1.000000, inc_x_i = 1.000000, inc_y_i = 1.000000
En el else......

----------------------------------------
x = 55.000000, y = 131.000000
avance = -17.000000, avanceR = 2.000000, avanceI = 2.000000
inc_x_r = 0.000000, inc_y_r = 1.000000, inc_x_i = 1.000000, inc_y_i = 1.000000
En el else......

----------------------------------------
x = 55.000000, y = 132.000000
avance = -15.000000, avanceR = 2.000000, avanceI = 2.000000
inc_x_r = 0.000000, inc_y_r = 1.000000, inc_x_i = 1.000000, inc_y_i = 1.000000
En el else......

----------------------------------------
x = 55.000000, y = 133.000000
avance = -13.000000, avanceR = 2.000000, avanceI = 2.000000
inc_x_r = 0.000000, inc_y_r = 1.000000, inc_x_i = 1.000000, inc_y_i = 1.000000
En el else......

----------------------------------------
x = 55.000000, y = 134.000000
avance = -11.000000, avanceR = 2.000000, avanceI = 2.000000
inc_x_r = 0.000000, inc_y_r = 1.000000, inc_x_i = 1.000000, inc_y_i = 1.000000
En el else......

----------------------------------------
x = 55.000000, y = 135.000000
avance = -9.000000, avanceR = 2.000000, avanceI = 2.000000
inc_x_r = 0.000000, inc_y_r = 1.000000, inc_x_i = 1.000000, inc_y_i = 1.000000
En el else......

----------------------------------------
x = 55.000000, y = 136.000000
avance = -7.000000, avanceR = 2.000000, avanceI = 2.000000
inc_x_r = 0.000000, inc_y_r = 1.000000, inc_x_i = 1.000000, inc_y_i = 1.000000
En el else......

----------------------------------------
x = 55.000000, y = 137.000000
avance = -5.000000, avanceR = 2.000000, avanceI = 2.000000
inc_x_r = 0.000000, inc_y_r = 1.000000, inc_x_i = 1.000000, inc_y_i = 1.000000
En el else......

----------------------------------------
x = 55.000000, y = 138.000000
avance = -3.000000, avanceR = 2.000000, avanceI = 2.000000
inc_x_r = 0.000000, inc_y_r = 1.000000, inc_x_i = 1.000000, inc_y_i = 1.000000
En el else......

----------------------------------------
x = 55.000000, y = 139.000000
avance = -1.000000, avanceR = 2.000000, avanceI = 2.000000
inc_x_r = 0.000000, inc_y_r = 1.000000, inc_x_i = 1.000000, inc_y_i = 1.000000
En el else......

----------------------------------------
x = 55.000000, y = 140.000000
avance = 1.000000, avanceR = 2.000000, avanceI = 2.000000
inc_x_r = 0.000000, inc_y_r = 1.000000, inc_x_i = 1.000000, inc_y_i = 1.000000
avance >= 0

----------------------------------------
x = 56.000000, y = 141.000000
avance = -499.000000, avanceR = 2.000000, avanceI = 2.000000
inc_x_r = 0.000000, inc_y_r = 1.000000, inc_x_i = 1.000000, inc_y_i = 1.000000
En el else......

----------------------------------------
x = 56.000000, y = 142.000000
avance = -497.000000, avanceR = 2.000000, avanceI = 2.000000
inc_x_r = 0.000000, inc_y_r = 1.000000, inc_x_i = 1.000000, inc_y_i = 1.000000
En el else......

----------------------------------------
x = 56.000000, y = 143.000000
avance = -495.000000, avanceR = 2.000000, avanceI = 2.000000
inc_x_r = 0.000000, inc_y_r = 1.000000, inc_x_i = 1.000000, inc_y_i = 1.000000
En el else......

----------------------------------------
x = 56.000000, y = 144.000000
avance = -493.000000, avanceR = 2.000000, avanceI = 2.000000
inc_x_r = 0.000000, inc_y_r = 1.000000, inc_x_i = 1.000000, inc_y_i = 1.000000
En el else......

----------------------------------------
x = 56.000000, y = 145.000000
avance = -491.000000, avanceR = 2.000000, avanceI = 2.000000
inc_x_r = 0.000000, inc_y_r = 1.000000, inc_x_i = 1.000000, inc_y_i = 1.000000
En el else......

----------------------------------------
x = 56.000000, y = 146.000000
avance = -489.000000, avanceR = 2.000000, avanceI = 2.000000
inc_x_r = 0.000000, inc_y_r = 1.000000, inc_x_i = 1.000000, inc_y_i = 1.000000
En el else......

----------------------------------------
x = 56.000000, y = 147.000000
avance = -487.000000, avanceR = 2.000000, avanceI = 2.000000
inc_x_r = 0.000000, inc_y_r = 1.000000, inc_x_i = 1.000000, inc_y_i = 1.000000
En el else......

----------------------------------------
x = 56.000000, y = 148.000000
avance = -485.000000, avanceR = 2.000000, avanceI = 2.000000
inc_x_r = 0.000000, inc_y_r = 1.000000, inc_x_i = 1.000000, inc_y_i = 1.000000
En el else......

----------------------------------------
x = 56.000000, y = 149.000000
avance = -483.000000, avanceR = 2.000000, avanceI = 2.000000
inc_x_r = 0.000000, inc_y_r = 1.000000, inc_x_i = 1.000000, inc_y_i = 1.000000
En el else......

----------------------------------------
x = 56.000000, y = 150.000000
avance = -481.000000, avanceR = 2.000000, avanceI = 2.000000
inc_x_r = 0.000000, inc_y_r = 1.000000, inc_x_i = 1.000000, inc_y_i = 1.000000
En el else......

----------------------------------------
x = 56.000000, y = 151.000000
avance = -479.000000, avanceR = 2.000000, avanceI = 2.000000
inc_x_r = 0.000000, inc_y_r = 1.000000, inc_x_i = 1.000000, inc_y_i = 1.000000
En el else......

----------------------------------------
x = 56.000000, y = 152.000000
avance = -477.000000, avanceR = 2.000000, avanceI = 2.000000
inc_x_r = 0.000000, inc_y_r = 1.000000, inc_x_i = 1.000000, inc_y_i = 1.000000
En el else......

----------------------------------------
x = 56.000000, y = 153.000000
avance = -475.000000, avanceR = 2.000000, avanceI = 2.000000
inc_x_r = 0.000000, inc_y_r = 1.000000, inc_x_i = 1.000000, inc_y_i = 1.000000
En el else......

----------------------------------------
x = 56.000000, y = 154.000000
avance = -473.000000, avanceR = 2.000000, avanceI = 2.000000
inc_x_r = 0.000000, inc_y_r = 1.000000, inc_x_i = 1.000000, inc_y_i = 1.000000
En el else......

----------------------------------------
x = 56.000000, y = 155.000000
avance = -471.000000, avanceR = 2.000000, avanceI = 2.000000
inc_x_r = 0.000000, inc_y_r = 1.000000, inc_x_i = 1.000000, inc_y_i = 1.000000
En el else......

----------------------------------------
x = 56.000000, y = 156.000000
avance = -469.000000, avanceR = 2.000000, avanceI = 2.000000
inc_x_r = 0.000000, inc_y_r = 1.000000, inc_x_i = 1.000000, inc_y_i = 1.000000
En el else......

----------------------------------------
x = 56.000000, y = 157.000000
avance = -467.000000, avanceR = 2.000000, avanceI = 2.000000
inc_x_r = 0.000000, inc_y_r = 1.000000, inc_x_i = 1.000000, inc_y_i = 1.000000
En el else......

----------------------------------------
x = 56.000000, y = 158.000000
avance = -465.000000, avanceR = 2.000000, avanceI = 2.000000
inc_x_r = 0.000000, inc_y_r = 1.000000, inc_x_i = 1.000000, inc_y_i = 1.000000
En el else......

----------------------------------------
x = 56.000000, y = 159.000000
avance = -463.000000, avanceR = 2.000000, avanceI = 2.000000
inc_x_r = 0.000000, inc_y_r = 1.000000, inc_x_i = 1.000000, inc_y_i = 1.000000
En el else......

----------------------------------------
x = 56.000000, y = 160.000000
avance = -461.000000, avanceR = 2.000000, avanceI = 2.000000
inc_x_r = 0.000000, inc_y_r = 1.000000, inc_x_i = 1.000000, inc_y_i = 1.000000
En el else......

----------------------------------------
x = 56.000000, y = 161.000000
avance = -459.000000, avanceR = 2.000000, avanceI = 2.000000
inc_x_r = 0.000000, inc_y_r = 1.000000, inc_x_i = 1.000000, inc_y_i = 1.000000
En el else......

----------------------------------------
x = 56.000000, y = 162.000000
avance = -457.000000, avanceR = 2.000000, avanceI = 2.000000
inc_x_r = 0.000000, inc_y_r = 1.000000, inc_x_i = 1.000000, inc_y_i = 1.000000
En el else......

----------------------------------------
x = 56.000000, y = 163.000000
avance = -455.000000, avanceR = 2.000000, avanceI = 2.000000
inc_x_r = 0.000000, inc_y_r = 1.000000, inc_x_i = 1.000000, inc_y_i = 1.000000
En el else......

----------------------------------------
x = 56.000000, y = 164.000000
avance = -453.000000, avanceR = 2.000000, avanceI = 2.000000
inc_x_r = 0.000000, inc_y_r = 1.000000, inc_x_i = 1.000000, inc_y_i = 1.000000
En el else......

----------------------------------------
x = 56.000000, y = 165.000000
avance = -451.000000, avanceR = 2.000000, avanceI = 2.000000
inc_x_r = 0.000000, inc_y_r = 1.000000, inc_x_i = 1.000000, inc_y_i = 1.000000
En el else......

----------------------------------------
x = 56.000000, y = 166.000000
avance = -449.000000, avanceR = 2.000000, avanceI = 2.000000
inc_x_r = 0.000000, inc_y_r = 1.000000, inc_x_i = 1.000000, inc_y_i = 1.000000
En el else......

----------------------------------------
x = 56.000000, y = 167.000000
avance = -447.000000, avanceR = 2.000000, avanceI = 2.000000
inc_x_r = 0.000000, inc_y_r = 1.000000, inc_x_i = 1.000000, inc_y_i = 1.000000
En el else......

----------------------------------------
x = 56.000000, y = 168.000000
avance = -445.000000, avanceR = 2.000000, avanceI = 2.000000
inc_x_r = 0.000000, inc_y_r = 1.000000, inc_x_i = 1.000000, inc_y_i = 1.000000
En el else......

----------------------------------------
x = 56.000000, y = 169.000000
avance = -443.000000, avanceR = 2.000000, avanceI = 2.000000
inc_x_r = 0.000000, inc_y_r = 1.000000, inc_x_i = 1.000000, inc_y_i = 1.000000
En el else......

----------------------------------------
x = 56.000000, y = 170.000000
avance = -441.000000, avanceR = 2.000000, avanceI = 2.000000
inc_x_r = 0.000000, inc_y_r = 1.000000, inc_x_i = 1.000000, inc_y_i = 1.000000
En el else......

----------------------------------------
x = 56.000000, y = 171.000000
avance = -439.000000, avanceR = 2.000000, avanceI = 2.000000
inc_x_r = 0.000000, inc_y_r = 1.000000, inc_x_i = 1.000000, inc_y_i = 1.000000
En el else......

----------------------------------------
x = 56.000000, y = 172.000000
avance = -437.000000, avanceR = 2.000000, avanceI = 2.000000
inc_x_r = 0.000000, inc_y_r = 1.000000, inc_x_i = 1.000000, inc_y_i = 1.000000
En el else......

----------------------------------------
x = 56.000000, y = 173.000000
avance = -435.000000, avanceR = 2.000000, avanceI = 2.000000
inc_x_r = 0.000000, inc_y_r = 1.000000, inc_x_i = 1.000000, inc_y_i = 1.000000
En el else......

----------------------------------------
x = 56.000000, y = 174.000000
avance = -433.000000, avanceR = 2.000000, avanceI = 2.000000
inc_x_r = 0.000000, inc_y_r = 1.000000, inc_x_i = 1.000000, inc_y_i = 1.000000
En el else......

----------------------------------------
x = 56.000000, y = 175.000000
avance = -431.000000, avanceR = 2.000000, avanceI = 2.000000
inc_x_r = 0.000000, inc_y_r = 1.000000, inc_x_i = 1.000000, inc_y_i = 1.000000
En el else......

----------------------------------------
x = 56.000000, y = 176.000000
avance = -429.000000, avanceR = 2.000000, avanceI = 2.000000
inc_x_r = 0.000000, inc_y_r = 1.000000, inc_x_i = 1.000000, inc_y_i = 1.000000
En el else......

----------------------------------------
x = 56.000000, y = 177.000000
avance = -427.000000, avanceR = 2.000000, avanceI = 2.000000
inc_x_r = 0.000000, inc_y_r = 1.000000, inc_x_i = 1.000000, inc_y_i = 1.000000
En el else......

----------------------------------------
x = 56.000000, y = 178.000000
avance = -425.000000, avanceR = 2.000000, avanceI = 2.000000
inc_x_r = 0.000000, inc_y_r = 1.000000, inc_x_i = 1.000000, inc_y_i = 1.000000
En el else......

----------------------------------------
x = 56.000000, y = 179.000000
avance = -423.000000, avanceR = 2.000000, avanceI = 2.000000
inc_x_r = 0.000000, inc_y_r = 1.000000, inc_x_i = 1.000000, inc_y_i = 1.000000
En el else......

----------------------------------------
x = 56.000000, y = 180.000000
avance = -421.000000, avanceR = 2.000000, avanceI = 2.000000
inc_x_r = 0.000000, inc_y_r = 1.000000, inc_x_i = 1.000000, inc_y_i = 1.000000
En el else......

----------------------------------------
x = 56.000000, y = 181.000000
avance = -419.000000, avanceR = 2.000000, avanceI = 2.000000
inc_x_r = 0.000000, inc_y_r = 1.000000, inc_x_i = 1.000000, inc_y_i = 1.000000
En el else......

----------------------------------------
x = 56.000000, y = 182.000000
avance = -417.000000, avanceR = 2.000000, avanceI = 2.000000
inc_x_r = 0.000000, inc_y_r = 1.000000, inc_x_i = 1.000000, inc_y_i = 1.000000
En el else......

----------------------------------------
x = 56.000000, y = 183.000000
avance = -415.000000, avanceR = 2.000000, avanceI = 2.000000
inc_x_r = 0.000000, inc_y_r = 1.000000, inc_x_i = 1.000000, inc_y_i = 1.000000
En el else......

----------------------------------------
x = 56.000000, y = 184.000000
avance = -413.000000, avanceR = 2.000000, avanceI = 2.000000
inc_x_r = 0.000000, inc_y_r = 1.000000, inc_x_i = 1.000000, inc_y_i = 1.000000
En el else......

----------------------------------------
x = 56.000000, y = 185.000000
avance = -411.000000, avanceR = 2.000000, avanceI = 2.000000
inc_x_r = 0.000000, inc_y_r = 1.000000, inc_x_i = 1.000000, inc_y_i = 1.000000
En el else......

----------------------------------------
x = 56.000000, y = 186.000000
avance = -409.000000, avanceR = 2.000000, avanceI = 2.000000
inc_x_r = 0.000000, inc_y_r = 1.000000, inc_x_i = 1.000000, inc_y_i = 1.000000
En el else......

----------------------------------------
x = 56.000000, y = 187.000000
avance = -407.000000, avanceR = 2.000000, avanceI = 2.000000
inc_x_r = 0.000000, inc_y_r = 1.000000, inc_x_i = 1.000000, inc_y_i = 1.000000
En el else......

----------------------------------------
x = 56.000000, y = 188.000000
avance = -405.000000, avanceR = 2.000000, avanceI = 2.000000
inc_x_r = 0.000000, inc_y_r = 1.000000, inc_x_i = 1.000000, inc_y_i = 1.000000
En el else......

----------------------------------------
x = 56.000000, y = 189.000000
avance = -403.000000, avanceR = 2.000000, avanceI = 2.000000
inc_x_r = 0.000000, inc_y_r = 1.000000, inc_x_i = 1.000000, inc_y_i = 1.000000
En el else......

----------------------------------------
x = 56.000000, y = 190.000000
avance = -401.000000, avanceR = 2.000000, avanceI = 2.000000
inc_x_r = 0.000000, inc_y_r = 1.000000, inc_x_i = 1.000000, inc_y_i = 1.000000
En el else......

----------------------------------------
x = 56.000000, y = 191.000000
avance = -399.000000, avanceR = 2.000000, avanceI = 2.000000
inc_x_r = 0.000000, inc_y_r = 1.000000, inc_x_i = 1.000000, inc_y_i = 1.000000
En el else......

----------------------------------------
x = 56.000000, y = 192.000000
avance = -397.000000, avanceR = 2.000000, avanceI = 2.000000
inc_x_r = 0.000000, inc_y_r = 1.000000, inc_x_i = 1.000000, inc_y_i = 1.000000
En el else......

----------------------------------------
x = 56.000000, y = 193.000000
avance = -395.000000, avanceR = 2.000000, avanceI = 2.000000
inc_x_r = 0.000000, inc_y_r = 1.000000, inc_x_i = 1.000000, inc_y_i = 1.000000
En el else......

----------------------------------------
x = 56.000000, y = 194.000000
avance = -393.000000, avanceR = 2.000000, avanceI = 2.000000
inc_x_r = 0.000000, inc_y_r = 1.000000, inc_x_i = 1.000000, inc_y_i = 1.000000
En el else......

----------------------------------------
x = 56.000000, y = 195.000000
avance = -391.000000, avanceR = 2.000000, avanceI = 2.000000
inc_x_r = 0.000000, inc_y_r = 1.000000, inc_x_i = 1.000000, inc_y_i = 1.000000
En el else......

----------------------------------------
x = 56.000000, y = 196.000000
avance = -389.000000, avanceR = 2.000000, avanceI = 2.000000
inc_x_r = 0.000000, inc_y_r = 1.000000, inc_x_i = 1.000000, inc_y_i = 1.000000
En el else......

----------------------------------------
x = 56.000000, y = 197.000000
avance = -387.000000, avanceR = 2.000000, avanceI = 2.000000
inc_x_r = 0.000000, inc_y_r = 1.000000, inc_x_i = 1.000000, inc_y_i = 1.000000
En el else......

----------------------------------------
x = 56.000000, y = 198.000000
avance = -385.000000, avanceR = 2.000000, avanceI = 2.000000
inc_x_r = 0.000000, inc_y_r = 1.000000, inc_x_i = 1.000000, inc_y_i = 1.000000
En el else......

----------------------------------------
x = 56.000000, y = 199.000000
avance = -383.000000, avanceR = 2.000000, avanceI = 2.000000
inc_x_r = 0.000000, inc_y_r = 1.000000, inc_x_i = 1.000000, inc_y_i = 1.000000
En el else......

----------------------------------------
x = 56.000000, y = 200.000000
avance = -381.000000, avanceR = 2.000000, avanceI = 2.000000
inc_x_r = 0.000000, inc_y_r = 1.000000, inc_x_i = 1.000000, inc_y_i = 1.000000
En el else......

----------------------------------------
x = 56.000000, y = 201.000000
avance = -379.000000, avanceR = 2.000000, avanceI = 2.000000
inc_x_r = 0.000000, inc_y_r = 1.000000, inc_x_i = 1.000000, inc_y_i = 1.000000
En el else......

----------------------------------------
x = 56.000000, y = 202.000000
avance = -377.000000, avanceR = 2.000000, avanceI = 2.000000
inc_x_r = 0.000000, inc_y_r = 1.000000, inc_x_i = 1.000000, inc_y_i = 1.000000
En el else......

----------------------------------------
x = 56.000000, y = 203.000000
avance = -375.000000, avanceR = 2.000000, avanceI = 2.000000
inc_x_r = 0.000000, inc_y_r = 1.000000, inc_x_i = 1.000000, inc_y_i = 1.000000
En el else......

----------------------------------------
x = 56.000000, y = 204.000000
avance = -373.000000, avanceR = 2.000000, avanceI = 2.000000
inc_x_r = 0.000000, inc_y_r = 1.000000, inc_x_i = 1.000000, inc_y_i = 1.000000
En el else......

----------------------------------------
x = 56.000000, y = 205.000000
avance = -371.000000, avanceR = 2.000000, avanceI = 2.000000
inc_x_r = 0.000000, inc_y_r = 1.000000, inc_x_i = 1.000000, inc_y_i = 1.000000
En el else......

----------------------------------------
x = 56.000000, y = 206.000000
avance = -369.000000, avanceR = 2.000000, avanceI = 2.000000
inc_x_r = 0.000000, inc_y_r = 1.000000, inc_x_i = 1.000000, inc_y_i = 1.000000
En el else......

----------------------------------------
x = 56.000000, y = 207.000000
avance = -367.000000, avanceR = 2.000000, avanceI = 2.000000
inc_x_r = 0.000000, inc_y_r = 1.000000, inc_x_i = 1.000000, inc_y_i = 1.000000
En el else......

----------------------------------------
x = 56.000000, y = 208.000000
avance = -365.000000, avanceR = 2.000000, avanceI = 2.000000
inc_x_r = 0.000000, inc_y_r = 1.000000, inc_x_i = 1.000000, inc_y_i = 1.000000
En el else......

----------------------------------------
x = 56.000000, y = 209.000000
avance = -363.000000, avanceR = 2.000000, avanceI = 2.000000
inc_x_r = 0.000000, inc_y_r = 1.000000, inc_x_i = 1.000000, inc_y_i = 1.000000
En el else......

----------------------------------------
x = 56.000000, y = 210.000000
avance = -361.000000, avanceR = 2.000000, avanceI = 2.000000
inc_x_r = 0.000000, inc_y_r = 1.000000, inc_x_i = 1.000000, inc_y_i = 1.000000
En el else......

----------------------------------------
x = 56.000000, y = 211.000000
avance = -359.000000, avanceR = 2.000000, avanceI = 2.000000
inc_x_r = 0.000000, inc_y_r = 1.000000, inc_x_i = 1.000000, inc_y_i = 1.000000
En el else......

----------------------------------------
x = 56.000000, y = 212.000000
avance = -357.000000, avanceR = 2.000000, avanceI = 2.000000
inc_x_r = 0.000000, inc_y_r = 1.000000, inc_x_i = 1.000000, inc_y_i = 1.000000
En el else......

----------------------------------------
x = 56.000000, y = 213.000000
avance = -355.000000, avanceR = 2.000000, avanceI = 2.000000
inc_x_r = 0.000000, inc_y_r = 1.000000, inc_x_i = 1.000000, inc_y_i = 1.000000
En el else......

----------------------------------------
x = 56.000000, y = 214.000000
avance = -353.000000, avanceR = 2.000000, avanceI = 2.000000
inc_x_r = 0.000000, inc_y_r = 1.000000, inc_x_i = 1.000000, inc_y_i = 1.000000
En el else......

----------------------------------------
x = 56.000000, y = 215.000000
avance = -351.000000, avanceR = 2.000000, avanceI = 2.000000
inc_x_r = 0.000000, inc_y_r = 1.000000, inc_x_i = 1.000000, inc_y_i = 1.000000
En el else......

----------------------------------------
x = 56.000000, y = 216.000000
avance = -349.000000, avanceR = 2.000000, avanceI = 2.000000
inc_x_r = 0.000000, inc_y_r = 1.000000, inc_x_i = 1.000000, inc_y_i = 1.000000
En el else......

----------------------------------------
x = 56.000000, y = 217.000000
avance = -347.000000, avanceR = 2.000000, avanceI = 2.000000
inc_x_r = 0.000000, inc_y_r = 1.000000, inc_x_i = 1.000000, inc_y_i = 1.000000
En el else......

----------------------------------------
x = 56.000000, y = 218.000000
avance = -345.000000, avanceR = 2.000000, avanceI = 2.000000
inc_x_r = 0.000000, inc_y_r = 1.000000, inc_x_i = 1.000000, inc_y_i = 1.000000
En el else......

----------------------------------------
x = 56.000000, y = 219.000000
avance = -343.000000, avanceR = 2.000000, avanceI = 2.000000
inc_x_r = 0.000000, inc_y_r = 1.000000, inc_x_i = 1.000000, inc_y_i = 1.000000
En el else......

----------------------------------------
x = 56.000000, y = 220.000000
avance = -341.000000, avanceR = 2.000000, avanceI = 2.000000
inc_x_r = 0.000000, inc_y_r = 1.000000, inc_x_i = 1.000000, inc_y_i = 1.000000
En el else......

----------------------------------------
x = 56.000000, y = 221.000000
avance = -339.000000, avanceR = 2.000000, avanceI = 2.000000
inc_x_r = 0.000000, inc_y_r = 1.000000, inc_x_i = 1.000000, inc_y_i = 1.000000
En el else......

----------------------------------------
x = 56.000000, y = 222.000000
avance = -337.000000, avanceR = 2.000000, avanceI = 2.000000
inc_x_r = 0.000000, inc_y_r = 1.000000, inc_x_i = 1.000000, inc_y_i = 1.000000
En el else......

----------------------------------------
x = 56.000000, y = 223.000000
avance = -335.000000, avanceR = 2.000000, avanceI = 2.000000
inc_x_r = 0.000000, inc_y_r = 1.000000, inc_x_i = 1.000000, inc_y_i = 1.000000
En el else......

----------------------------------------
x = 56.000000, y = 224.000000
avance = -333.000000, avanceR = 2.000000, avanceI = 2.000000
inc_x_r = 0.000000, inc_y_r = 1.000000, inc_x_i = 1.000000, inc_y_i = 1.000000
En el else......

----------------------------------------
x = 56.000000, y = 225.000000
avance = -331.000000, avanceR = 2.000000, avanceI = 2.000000
inc_x_r = 0.000000, inc_y_r = 1.000000, inc_x_i = 1.000000, inc_y_i = 1.000000
En el else......

----------------------------------------
x = 56.000000, y = 226.000000
avance = -329.000000, avanceR = 2.000000, avanceI = 2.000000
inc_x_r = 0.000000, inc_y_r = 1.000000, inc_x_i = 1.000000, inc_y_i = 1.000000
En el else......

----------------------------------------
x = 56.000000, y = 227.000000
avance = -327.000000, avanceR = 2.000000, avanceI = 2.000000
inc_x_r = 0.000000, inc_y_r = 1.000000, inc_x_i = 1.000000, inc_y_i = 1.000000
En el else......

----------------------------------------
x = 56.000000, y = 228.000000
avance = -325.000000, avanceR = 2.000000, avanceI = 2.000000
inc_x_r = 0.000000, inc_y_r = 1.000000, inc_x_i = 1.000000, inc_y_i = 1.000000
En el else......

----------------------------------------
x = 56.000000, y = 229.000000
avance = -323.000000, avanceR = 2.000000, avanceI = 2.000000
inc_x_r = 0.000000, inc_y_r = 1.000000, inc_x_i = 1.000000, inc_y_i = 1.000000
En el else......

----------------------------------------
x = 56.000000, y = 230.000000
avance = -321.000000, avanceR = 2.000000, avanceI = 2.000000
inc_x_r = 0.000000, inc_y_r = 1.000000, inc_x_i = 1.000000, inc_y_i = 1.000000
En el else......

----------------------------------------
x = 56.000000, y = 231.000000
avance = -319.000000, avanceR = 2.000000, avanceI = 2.000000
inc_x_r = 0.000000, inc_y_r = 1.000000, inc_x_i = 1.000000, inc_y_i = 1.000000
En el else......

----------------------------------------
x = 56.000000, y = 232.000000
avance = -317.000000, avanceR = 2.000000, avanceI = 2.000000
inc_x_r = 0.000000, inc_y_r = 1.000000, inc_x_i = 1.000000, inc_y_i = 1.000000
En el else......

----------------------------------------
x = 56.000000, y = 233.000000
avance = -315.000000, avanceR = 2.000000, avanceI = 2.000000
inc_x_r = 0.000000, inc_y_r = 1.000000, inc_x_i = 1.000000, inc_y_i = 1.000000
En el else......

----------------------------------------
x = 56.000000, y = 234.000000
avance = -313.000000, avanceR = 2.000000, avanceI = 2.000000
inc_x_r = 0.000000, inc_y_r = 1.000000, inc_x_i = 1.000000, inc_y_i = 1.000000
En el else......

----------------------------------------
x = 56.000000, y = 235.000000
avance = -311.000000, avanceR = 2.000000, avanceI = 2.000000
inc_x_r = 0.000000, inc_y_r = 1.000000, inc_x_i = 1.000000, inc_y_i = 1.000000
En el else......

----------------------------------------
x = 56.000000, y = 236.000000
avance = -309.000000, avanceR = 2.000000, avanceI = 2.000000
inc_x_r = 0.000000, inc_y_r = 1.000000, inc_x_i = 1.000000, inc_y_i = 1.000000
En el else......

----------------------------------------
x = 56.000000, y = 237.000000
avance = -307.000000, avanceR = 2.000000, avanceI = 2.000000
inc_x_r = 0.000000, inc_y_r = 1.000000, inc_x_i = 1.000000, inc_y_i = 1.000000
En el else......

----------------------------------------
x = 56.000000, y = 238.000000
avance = -305.000000, avanceR = 2.000000, avanceI = 2.000000
inc_x_r = 0.000000, inc_y_r = 1.000000, inc_x_i = 1.000000, inc_y_i = 1.000000
En el else......

----------------------------------------
x = 56.000000, y = 239.000000
avance = -303.000000, avanceR = 2.000000, avanceI = 2.000000
inc_x_r = 0.000000, inc_y_r = 1.000000, inc_x_i = 1.000000, inc_y_i = 1.000000
En el else......

----------------------------------------
x = 56.000000, y = 240.000000
avance = -301.000000, avanceR = 2.000000, avanceI = 2.000000
inc_x_r = 0.000000, inc_y_r = 1.000000, inc_x_i = 1.000000, inc_y_i = 1.000000
En el else......

----------------------------------------
x = 56.000000, y = 241.000000
avance = -299.000000, avanceR = 2.000000, avanceI = 2.000000
inc_x_r = 0.000000, inc_y_r = 1.000000, inc_x_i = 1.000000, inc_y_i = 1.000000
En el else......

----------------------------------------
x = 56.000000, y = 242.000000
avance = -297.000000, avanceR = 2.000000, avanceI = 2.000000
inc_x_r = 0.000000, inc_y_r = 1.000000, inc_x_i = 1.000000, inc_y_i = 1.000000
En el else......

----------------------------------------
x = 56.000000, y = 243.000000
avance = -295.000000, avanceR = 2.000000, avanceI = 2.000000
inc_x_r = 0.000000, inc_y_r = 1.000000, inc_x_i = 1.000000, inc_y_i = 1.000000
En el else......

----------------------------------------
x = 56.000000, y = 244.000000
avance = -293.000000, avanceR = 2.000000, avanceI = 2.000000
inc_x_r = 0.000000, inc_y_r = 1.000000, inc_x_i = 1.000000, inc_y_i = 1.000000
En el else......

----------------------------------------
x = 56.000000, y = 245.000000
avance = -291.000000, avanceR = 2.000000, avanceI = 2.000000
inc_x_r = 0.000000, inc_y_r = 1.000000, inc_x_i = 1.000000, inc_y_i = 1.000000
En el else......

----------------------------------------
x = 56.000000, y = 246.000000
avance = -289.000000, avanceR = 2.000000, avanceI = 2.000000
inc_x_r = 0.000000, inc_y_r = 1.000000, inc_x_i = 1.000000, inc_y_i = 1.000000
En el else......

----------------------------------------
x = 56.000000, y = 247.000000
avance = -287.000000, avanceR = 2.000000, avanceI = 2.000000
inc_x_r = 0.000000, inc_y_r = 1.000000, inc_x_i = 1.000000, inc_y_i = 1.000000
En el else......

----------------------------------------
x = 56.000000, y = 248.000000
avance = -285.000000, avanceR = 2.000000, avanceI = 2.000000
inc_x_r = 0.000000, inc_y_r = 1.000000, inc_x_i = 1.000000, inc_y_i = 1.000000
En el else......

----------------------------------------
x = 56.000000, y = 249.000000
avance = -283.000000, avanceR = 2.000000, avanceI = 2.000000
inc_x_r = 0.000000, inc_y_r = 1.000000, inc_x_i = 1.000000, inc_y_i = 1.000000
En el else......

----------------------------------------
x = 56.000000, y = 250.000000
avance = -281.000000, avanceR = 2.000000, avanceI = 2.000000
inc_x_r = 0.000000, inc_y_r = 1.000000, inc_x_i = 1.000000, inc_y_i = 1.000000
En el else......

----------------------------------------
x = 56.000000, y = 251.000000
avance = -279.000000, avanceR = 2.000000, avanceI = 2.000000
inc_x_r = 0.000000, inc_y_r = 1.000000, inc_x_i = 1.000000, inc_y_i = 1.000000
En el else......

----------------------------------------
x = 56.000000, y = 252.000000
avance = -277.000000, avanceR = 2.000000, avanceI = 2.000000
inc_x_r = 0.000000, inc_y_r = 1.000000, inc_x_i = 1.000000, inc_y_i = 1.000000
En el else......

----------------------------------------
x = 56.000000, y = 253.000000
avance = -275.000000, avanceR = 2.000000, avanceI = 2.000000
inc_x_r = 0.000000, inc_y_r = 1.000000, inc_x_i = 1.000000, inc_y_i = 1.000000
En el else......

----------------------------------------
x = 56.000000, y = 254.000000
avance = -273.000000, avanceR = 2.000000, avanceI = 2.000000
inc_x_r = 0.000000, inc_y_r = 1.000000, inc_x_i = 1.000000, inc_y_i = 1.000000
En el else......

----------------------------------------
x = 56.000000, y = 255.000000
avance = -271.000000, avanceR = 2.000000, avanceI = 2.000000
inc_x_r = 0.000000, inc_y_r = 1.000000, inc_x_i = 1.000000, inc_y_i = 1.000000
En el else......

----------------------------------------
x = 56.000000, y = 256.000000
avance = -269.000000, avanceR = 2.000000, avanceI = 2.000000
inc_x_r = 0.000000, inc_y_r = 1.000000, inc_x_i = 1.000000, inc_y_i = 1.000000
En el else......

----------------------------------------
x = 56.000000, y = 257.000000
avance = -267.000000, avanceR = 2.000000, avanceI = 2.000000
inc_x_r = 0.000000, inc_y_r = 1.000000, inc_x_i = 1.000000, inc_y_i = 1.000000
En el else......

----------------------------------------
x = 56.000000, y = 258.000000
avance = -265.000000, avanceR = 2.000000, avanceI = 2.000000
inc_x_r = 0.000000, inc_y_r = 1.000000, inc_x_i = 1.000000, inc_y_i = 1.000000
En el else......

----------------------------------------
x = 56.000000, y = 259.000000
avance = -263.000000, avanceR = 2.000000, avanceI = 2.000000
inc_x_r = 0.000000, inc_y_r = 1.000000, inc_x_i = 1.000000, inc_y_i = 1.000000
En el else......

----------------------------------------
x = 56.000000, y = 260.000000
avance = -261.000000, avanceR = 2.000000, avanceI = 2.000000
inc_x_r = 0.000000, inc_y_r = 1.000000, inc_x_i = 1.000000, inc_y_i = 1.000000
En el else......

----------------------------------------
x = 56.000000, y = 261.000000
avance = -259.000000, avanceR = 2.000000, avanceI = 2.000000
inc_x_r = 0.000000, inc_y_r = 1.000000, inc_x_i = 1.000000, inc_y_i = 1.000000
En el else......

----------------------------------------
x = 56.000000, y = 262.000000
avance = -257.000000, avanceR = 2.000000, avanceI = 2.000000
inc_x_r = 0.000000, inc_y_r = 1.000000, inc_x_i = 1.000000, inc_y_i = 1.000000
En el else......

----------------------------------------
x = 56.000000, y = 263.000000
avance = -255.000000, avanceR = 2.000000, avanceI = 2.000000
inc_x_r = 0.000000, inc_y_r = 1.000000, inc_x_i = 1.000000, inc_y_i = 1.000000
En el else......

----------------------------------------
x = 56.000000, y = 264.000000
avance = -253.000000, avanceR = 2.000000, avanceI = 2.000000
inc_x_r = 0.000000, inc_y_r = 1.000000, inc_x_i = 1.000000, inc_y_i = 1.000000
En el else......

----------------------------------------
x = 56.000000, y = 265.000000
avance = -251.000000, avanceR = 2.000000, avanceI = 2.000000
inc_x_r = 0.000000, inc_y_r = 1.000000, inc_x_i = 1.000000, inc_y_i = 1.000000
En el else......

----------------------------------------


ENTRAMOS A BRESENHAMªªªª
x1 = 55.000000 - y1 = 15.000000 || x2 = 56.000000 - y2 = 266.000000
dy = 251.000000, dx = 1.000000
avances inclinados: inc_x_i = 1.000000, inc_y_i = 1.000000
updated: dy = 251.000000, dx = 1.000000
avances rectos: inc_x_r = 0.000000, inc_y_r 1.000000
reupdated: dy = 1.000000, dx = 251.000000
avanceR = 2.000000, avance -249.000000, avanceI 2.000000
----------------------------------------
x = 55.000000, y = 15.000000
avance = -249.000000, avanceR = 2.000000, avanceI = 2.000000
inc_x_r = 0.000000, inc_y_r = 1.000000, inc_x_i = 1.000000, inc_y_i = 1.000000
En el else......

----------------------------------------
x = 55.000000, y = 16.000000
avance = -247.000000, avanceR = 2.000000, avanceI = 2.000000
inc_x_r = 0.000000, inc_y_r = 1.000000, inc_x_i = 1.000000, inc_y_i = 1.000000
En el else......

----------------------------------------
x = 55.000000, y = 17.000000
avance = -245.000000, avanceR = 2.000000, avanceI = 2.000000
inc_x_r = 0.000000, inc_y_r = 1.000000, inc_x_i = 1.000000, inc_y_i = 1.000000
En el else......

----------------------------------------
x = 55.000000, y = 18.000000
avance = -243.000000, avanceR = 2.000000, avanceI = 2.000000
inc_x_r = 0.000000, inc_y_r = 1.000000, inc_x_i = 1.000000, inc_y_i = 1.000000
En el else......

----------------------------------------
x = 55.000000, y = 19.000000
avance = -241.000000, avanceR = 2.000000, avanceI = 2.000000
inc_x_r = 0.000000, inc_y_r = 1.000000, inc_x_i = 1.000000, inc_y_i = 1.000000
En el else......

----------------------------------------
x = 55.000000, y = 20.000000
avance = -239.000000, avanceR = 2.000000, avanceI = 2.000000
inc_x_r = 0.000000, inc_y_r = 1.000000, inc_x_i = 1.000000, inc_y_i = 1.000000
En el else......

----------------------------------------
x = 55.000000, y = 21.000000
avance = -237.000000, avanceR = 2.000000, avanceI = 2.000000
inc_x_r = 0.000000, inc_y_r = 1.000000, inc_x_i = 1.000000, inc_y_i = 1.000000
En el else......

----------------------------------------
x = 55.000000, y = 22.000000
avance = -235.000000, avanceR = 2.000000, avanceI = 2.000000
inc_x_r = 0.000000, inc_y_r = 1.000000, inc_x_i = 1.000000, inc_y_i = 1.000000
En el else......

----------------------------------------
x = 55.000000, y = 23.000000
avance = -233.000000, avanceR = 2.000000, avanceI = 2.000000
inc_x_r = 0.000000, inc_y_r = 1.000000, inc_x_i = 1.000000, inc_y_i = 1.000000
En el else......

----------------------------------------
x = 55.000000, y = 24.000000
avance = -231.000000, avanceR = 2.000000, avanceI = 2.000000
inc_x_r = 0.000000, inc_y_r = 1.000000, inc_x_i = 1.000000, inc_y_i = 1.000000
En el else......

----------------------------------------
x = 55.000000, y = 25.000000
avance = -229.000000, avanceR = 2.000000, avanceI = 2.000000
inc_x_r = 0.000000, inc_y_r = 1.000000, inc_x_i = 1.000000, inc_y_i = 1.000000
En el else......

----------------------------------------
x = 55.000000, y = 26.000000
avance = -227.000000, avanceR = 2.000000, avanceI = 2.000000
inc_x_r = 0.000000, inc_y_r = 1.000000, inc_x_i = 1.000000, inc_y_i = 1.000000
En el else......

----------------------------------------
x = 55.000000, y = 27.000000
avance = -225.000000, avanceR = 2.000000, avanceI = 2.000000
inc_x_r = 0.000000, inc_y_r = 1.000000, inc_x_i = 1.000000, inc_y_i = 1.000000
En el else......

----------------------------------------
x = 55.000000, y = 28.000000
avance = -223.000000, avanceR = 2.000000, avanceI = 2.000000
inc_x_r = 0.000000, inc_y_r = 1.000000, inc_x_i = 1.000000, inc_y_i = 1.000000
En el else......

----------------------------------------
x = 55.000000, y = 29.000000
avance = -221.000000, avanceR = 2.000000, avanceI = 2.000000
inc_x_r = 0.000000, inc_y_r = 1.000000, inc_x_i = 1.000000, inc_y_i = 1.000000
En el else......

----------------------------------------
x = 55.000000, y = 30.000000
avance = -219.000000, avanceR = 2.000000, avanceI = 2.000000
inc_x_r = 0.000000, inc_y_r = 1.000000, inc_x_i = 1.000000, inc_y_i = 1.000000
En el else......

----------------------------------------
x = 55.000000, y = 31.000000
avance = -217.000000, avanceR = 2.000000, avanceI = 2.000000
inc_x_r = 0.000000, inc_y_r = 1.000000, inc_x_i = 1.000000, inc_y_i = 1.000000
En el else......

----------------------------------------
x = 55.000000, y = 32.000000
avance = -215.000000, avanceR = 2.000000, avanceI = 2.000000
inc_x_r = 0.000000, inc_y_r = 1.000000, inc_x_i = 1.000000, inc_y_i = 1.000000
En el else......

----------------------------------------
x = 55.000000, y = 33.000000
avance = -213.000000, avanceR = 2.000000, avanceI = 2.000000
inc_x_r = 0.000000, inc_y_r = 1.000000, inc_x_i = 1.000000, inc_y_i = 1.000000
En el else......

----------------------------------------
x = 55.000000, y = 34.000000
avance = -211.000000, avanceR = 2.000000, avanceI = 2.000000
inc_x_r = 0.000000, inc_y_r = 1.000000, inc_x_i = 1.000000, inc_y_i = 1.000000
En el else......

----------------------------------------
x = 55.000000, y = 35.000000
avance = -209.000000, avanceR = 2.000000, avanceI = 2.000000
inc_x_r = 0.000000, inc_y_r = 1.000000, inc_x_i = 1.000000, inc_y_i = 1.000000
En el else......

----------------------------------------
x = 55.000000, y = 36.000000
avance = -207.000000, avanceR = 2.000000, avanceI = 2.000000
inc_x_r = 0.000000, inc_y_r = 1.000000, inc_x_i = 1.000000, inc_y_i = 1.000000
En el else......

----------------------------------------
x = 55.000000, y = 37.000000
avance = -205.000000, avanceR = 2.000000, avanceI = 2.000000
inc_x_r = 0.000000, inc_y_r = 1.000000, inc_x_i = 1.000000, inc_y_i = 1.000000
En el else......

----------------------------------------
x = 55.000000, y = 38.000000
avance = -203.000000, avanceR = 2.000000, avanceI = 2.000000
inc_x_r = 0.000000, inc_y_r = 1.000000, inc_x_i = 1.000000, inc_y_i = 1.000000
En el else......

----------------------------------------
x = 55.000000, y = 39.000000
avance = -201.000000, avanceR = 2.000000, avanceI = 2.000000
inc_x_r = 0.000000, inc_y_r = 1.000000, inc_x_i = 1.000000, inc_y_i = 1.000000
En el else......

----------------------------------------
x = 55.000000, y = 40.000000
avance = -199.000000, avanceR = 2.000000, avanceI = 2.000000
inc_x_r = 0.000000, inc_y_r = 1.000000, inc_x_i = 1.000000, inc_y_i = 1.000000
En el else......

----------------------------------------
x = 55.000000, y = 41.000000
avance = -197.000000, avanceR = 2.000000, avanceI = 2.000000
inc_x_r = 0.000000, inc_y_r = 1.000000, inc_x_i = 1.000000, inc_y_i = 1.000000
En el else......

----------------------------------------
x = 55.000000, y = 42.000000
avance = -195.000000, avanceR = 2.000000, avanceI = 2.000000
inc_x_r = 0.000000, inc_y_r = 1.000000, inc_x_i = 1.000000, inc_y_i = 1.000000
En el else......

----------------------------------------
x = 55.000000, y = 43.000000
avance = -193.000000, avanceR = 2.000000, avanceI = 2.000000
inc_x_r = 0.000000, inc_y_r = 1.000000, inc_x_i = 1.000000, inc_y_i = 1.000000
En el else......

----------------------------------------
x = 55.000000, y = 44.000000
avance = -191.000000, avanceR = 2.000000, avanceI = 2.000000
inc_x_r = 0.000000, inc_y_r = 1.000000, inc_x_i = 1.000000, inc_y_i = 1.000000
En el else......

----------------------------------------
x = 55.000000, y = 45.000000
avance = -189.000000, avanceR = 2.000000, avanceI = 2.000000
inc_x_r = 0.000000, inc_y_r = 1.000000, inc_x_i = 1.000000, inc_y_i = 1.000000
En el else......

----------------------------------------
x = 55.000000, y = 46.000000
avance = -187.000000, avanceR = 2.000000, avanceI = 2.000000
inc_x_r = 0.000000, inc_y_r = 1.000000, inc_x_i = 1.000000, inc_y_i = 1.000000
En el else......

----------------------------------------
x = 55.000000, y = 47.000000
avance = -185.000000, avanceR = 2.000000, avanceI = 2.000000
inc_x_r = 0.000000, inc_y_r = 1.000000, inc_x_i = 1.000000, inc_y_i = 1.000000
En el else......

----------------------------------------
x = 55.000000, y = 48.000000
avance = -183.000000, avanceR = 2.000000, avanceI = 2.000000
inc_x_r = 0.000000, inc_y_r = 1.000000, inc_x_i = 1.000000, inc_y_i = 1.000000
En el else......

----------------------------------------
x = 55.000000, y = 49.000000
avance = -181.000000, avanceR = 2.000000, avanceI = 2.000000
inc_x_r = 0.000000, inc_y_r = 1.000000, inc_x_i = 1.000000, inc_y_i = 1.000000
En el else......

----------------------------------------
x = 55.000000, y = 50.000000
avance = -179.000000, avanceR = 2.000000, avanceI = 2.000000
inc_x_r = 0.000000, inc_y_r = 1.000000, inc_x_i = 1.000000, inc_y_i = 1.000000
En el else......

----------------------------------------
x = 55.000000, y = 51.000000
avance = -177.000000, avanceR = 2.000000, avanceI = 2.000000
inc_x_r = 0.000000, inc_y_r = 1.000000, inc_x_i = 1.000000, inc_y_i = 1.000000
En el else......

----------------------------------------
x = 55.000000, y = 52.000000
avance = -175.000000, avanceR = 2.000000, avanceI = 2.000000
inc_x_r = 0.000000, inc_y_r = 1.000000, inc_x_i = 1.000000, inc_y_i = 1.000000
En el else......

----------------------------------------
x = 55.000000, y = 53.000000
avance = -173.000000, avanceR = 2.000000, avanceI = 2.000000
inc_x_r = 0.000000, inc_y_r = 1.000000, inc_x_i = 1.000000, inc_y_i = 1.000000
En el else......

----------------------------------------
x = 55.000000, y = 54.000000
avance = -171.000000, avanceR = 2.000000, avanceI = 2.000000
inc_x_r = 0.000000, inc_y_r = 1.000000, inc_x_i = 1.000000, inc_y_i = 1.000000
En el else......

----------------------------------------
x = 55.000000, y = 55.000000
avance = -169.000000, avanceR = 2.000000, avanceI = 2.000000
inc_x_r = 0.000000, inc_y_r = 1.000000, inc_x_i = 1.000000, inc_y_i = 1.000000
En el else......

----------------------------------------
x = 55.000000, y = 56.000000
avance = -167.000000, avanceR = 2.000000, avanceI = 2.000000
inc_x_r = 0.000000, inc_y_r = 1.000000, inc_x_i = 1.000000, inc_y_i = 1.000000
En el else......

----------------------------------------
x = 55.000000, y = 57.000000
avance = -165.000000, avanceR = 2.000000, avanceI = 2.000000
inc_x_r = 0.000000, inc_y_r = 1.000000, inc_x_i = 1.000000, inc_y_i = 1.000000
En el else......

----------------------------------------
x = 55.000000, y = 58.000000
avance = -163.000000, avanceR = 2.000000, avanceI = 2.000000
inc_x_r = 0.000000, inc_y_r = 1.000000, inc_x_i = 1.000000, inc_y_i = 1.000000
En el else......

----------------------------------------
x = 55.000000, y = 59.000000
avance = -161.000000, avanceR = 2.000000, avanceI = 2.000000
inc_x_r = 0.000000, inc_y_r = 1.000000, inc_x_i = 1.000000, inc_y_i = 1.000000
En el else......

----------------------------------------
x = 55.000000, y = 60.000000
avance = -159.000000, avanceR = 2.000000, avanceI = 2.000000
inc_x_r = 0.000000, inc_y_r = 1.000000, inc_x_i = 1.000000, inc_y_i = 1.000000
En el else......

----------------------------------------
x = 55.000000, y = 61.000000
avance = -157.000000, avanceR = 2.000000, avanceI = 2.000000
inc_x_r = 0.000000, inc_y_r = 1.000000, inc_x_i = 1.000000, inc_y_i = 1.000000
En el else......

----------------------------------------
x = 55.000000, y = 62.000000
avance = -155.000000, avanceR = 2.000000, avanceI = 2.000000
inc_x_r = 0.000000, inc_y_r = 1.000000, inc_x_i = 1.000000, inc_y_i = 1.000000
En el else......

----------------------------------------
x = 55.000000, y = 63.000000
avance = -153.000000, avanceR = 2.000000, avanceI = 2.000000
inc_x_r = 0.000000, inc_y_r = 1.000000, inc_x_i = 1.000000, inc_y_i = 1.000000
En el else......

----------------------------------------
x = 55.000000, y = 64.000000
avance = -151.000000, avanceR = 2.000000, avanceI = 2.000000
inc_x_r = 0.000000, inc_y_r = 1.000000, inc_x_i = 1.000000, inc_y_i = 1.000000
En el else......

----------------------------------------
x = 55.000000, y = 65.000000
avance = -149.000000, avanceR = 2.000000, avanceI = 2.000000
inc_x_r = 0.000000, inc_y_r = 1.000000, inc_x_i = 1.000000, inc_y_i = 1.000000
En el else......

----------------------------------------
x = 55.000000, y = 66.000000
avance = -147.000000, avanceR = 2.000000, avanceI = 2.000000
inc_x_r = 0.000000, inc_y_r = 1.000000, inc_x_i = 1.000000, inc_y_i = 1.000000
En el else......

----------------------------------------
x = 55.000000, y = 67.000000
avance = -145.000000, avanceR = 2.000000, avanceI = 2.000000
inc_x_r = 0.000000, inc_y_r = 1.000000, inc_x_i = 1.000000, inc_y_i = 1.000000
En el else......

----------------------------------------
x = 55.000000, y = 68.000000
avance = -143.000000, avanceR = 2.000000, avanceI = 2.000000
inc_x_r = 0.000000, inc_y_r = 1.000000, inc_x_i = 1.000000, inc_y_i = 1.000000
En el else......

----------------------------------------
x = 55.000000, y = 69.000000
avance = -141.000000, avanceR = 2.000000, avanceI = 2.000000
inc_x_r = 0.000000, inc_y_r = 1.000000, inc_x_i = 1.000000, inc_y_i = 1.000000
En el else......

----------------------------------------
x = 55.000000, y = 70.000000
avance = -139.000000, avanceR = 2.000000, avanceI = 2.000000
inc_x_r = 0.000000, inc_y_r = 1.000000, inc_x_i = 1.000000, inc_y_i = 1.000000
En el else......

----------------------------------------
x = 55.000000, y = 71.000000
avance = -137.000000, avanceR = 2.000000, avanceI = 2.000000
inc_x_r = 0.000000, inc_y_r = 1.000000, inc_x_i = 1.000000, inc_y_i = 1.000000
En el else......

----------------------------------------
x = 55.000000, y = 72.000000
avance = -135.000000, avanceR = 2.000000, avanceI = 2.000000
inc_x_r = 0.000000, inc_y_r = 1.000000, inc_x_i = 1.000000, inc_y_i = 1.000000
En el else......

----------------------------------------
x = 55.000000, y = 73.000000
avance = -133.000000, avanceR = 2.000000, avanceI = 2.000000
inc_x_r = 0.000000, inc_y_r = 1.000000, inc_x_i = 1.000000, inc_y_i = 1.000000
En el else......

----------------------------------------
x = 55.000000, y = 74.000000
avance = -131.000000, avanceR = 2.000000, avanceI = 2.000000
inc_x_r = 0.000000, inc_y_r = 1.000000, inc_x_i = 1.000000, inc_y_i = 1.000000
En el else......

----------------------------------------
x = 55.000000, y = 75.000000
avance = -129.000000, avanceR = 2.000000, avanceI = 2.000000
inc_x_r = 0.000000, inc_y_r = 1.000000, inc_x_i = 1.000000, inc_y_i = 1.000000
En el else......

----------------------------------------
x = 55.000000, y = 76.000000
avance = -127.000000, avanceR = 2.000000, avanceI = 2.000000
inc_x_r = 0.000000, inc_y_r = 1.000000, inc_x_i = 1.000000, inc_y_i = 1.000000
En el else......

----------------------------------------
x = 55.000000, y = 77.000000
avance = -125.000000, avanceR = 2.000000, avanceI = 2.000000
inc_x_r = 0.000000, inc_y_r = 1.000000, inc_x_i = 1.000000, inc_y_i = 1.000000
En el else......

----------------------------------------
x = 55.000000, y = 78.000000
avance = -123.000000, avanceR = 2.000000, avanceI = 2.000000
inc_x_r = 0.000000, inc_y_r = 1.000000, inc_x_i = 1.000000, inc_y_i = 1.000000
En el else......

----------------------------------------
x = 55.000000, y = 79.000000
avance = -121.000000, avanceR = 2.000000, avanceI = 2.000000
inc_x_r = 0.000000, inc_y_r = 1.000000, inc_x_i = 1.000000, inc_y_i = 1.000000
En el else......

----------------------------------------
x = 55.000000, y = 80.000000
avance = -119.000000, avanceR = 2.000000, avanceI = 2.000000
inc_x_r = 0.000000, inc_y_r = 1.000000, inc_x_i = 1.000000, inc_y_i = 1.000000
En el else......

----------------------------------------
x = 55.000000, y = 81.000000
avance = -117.000000, avanceR = 2.000000, avanceI = 2.000000
inc_x_r = 0.000000, inc_y_r = 1.000000, inc_x_i = 1.000000, inc_y_i = 1.000000
En el else......

----------------------------------------
x = 55.000000, y = 82.000000
avance = -115.000000, avanceR = 2.000000, avanceI = 2.000000
inc_x_r = 0.000000, inc_y_r = 1.000000, inc_x_i = 1.000000, inc_y_i = 1.000000
En el else......

----------------------------------------
x = 55.000000, y = 83.000000
avance = -113.000000, avanceR = 2.000000, avanceI = 2.000000
inc_x_r = 0.000000, inc_y_r = 1.000000, inc_x_i = 1.000000, inc_y_i = 1.000000
En el else......

----------------------------------------
x = 55.000000, y = 84.000000
avance = -111.000000, avanceR = 2.000000, avanceI = 2.000000
inc_x_r = 0.000000, inc_y_r = 1.000000, inc_x_i = 1.000000, inc_y_i = 1.000000
En el else......

----------------------------------------
x = 55.000000, y = 85.000000
avance = -109.000000, avanceR = 2.000000, avanceI = 2.000000
inc_x_r = 0.000000, inc_y_r = 1.000000, inc_x_i = 1.000000, inc_y_i = 1.000000
En el else......

----------------------------------------
x = 55.000000, y = 86.000000
avance = -107.000000, avanceR = 2.000000, avanceI = 2.000000
inc_x_r = 0.000000, inc_y_r = 1.000000, inc_x_i = 1.000000, inc_y_i = 1.000000
En el else......

----------------------------------------
x = 55.000000, y = 87.000000
avance = -105.000000, avanceR = 2.000000, avanceI = 2.000000
inc_x_r = 0.000000, inc_y_r = 1.000000, inc_x_i = 1.000000, inc_y_i = 1.000000
En el else......

----------------------------------------
x = 55.000000, y = 88.000000
avance = -103.000000, avanceR = 2.000000, avanceI = 2.000000
inc_x_r = 0.000000, inc_y_r = 1.000000, inc_x_i = 1.000000, inc_y_i = 1.000000
En el else......

----------------------------------------
x = 55.000000, y = 89.000000
avance = -101.000000, avanceR = 2.000000, avanceI = 2.000000
inc_x_r = 0.000000, inc_y_r = 1.000000, inc_x_i = 1.000000, inc_y_i = 1.000000
En el else......

----------------------------------------
x = 55.000000, y = 90.000000
avance = -99.000000, avanceR = 2.000000, avanceI = 2.000000
inc_x_r = 0.000000, inc_y_r = 1.000000, inc_x_i = 1.000000, inc_y_i = 1.000000
En el else......

----------------------------------------
x = 55.000000, y = 91.000000
avance = -97.000000, avanceR = 2.000000, avanceI = 2.000000
inc_x_r = 0.000000, inc_y_r = 1.000000, inc_x_i = 1.000000, inc_y_i = 1.000000
En el else......

----------------------------------------
x = 55.000000, y = 92.000000
avance = -95.000000, avanceR = 2.000000, avanceI = 2.000000
inc_x_r = 0.000000, inc_y_r = 1.000000, inc_x_i = 1.000000, inc_y_i = 1.000000
En el else......

----------------------------------------
x = 55.000000, y = 93.000000
avance = -93.000000, avanceR = 2.000000, avanceI = 2.000000
inc_x_r = 0.000000, inc_y_r = 1.000000, inc_x_i = 1.000000, inc_y_i = 1.000000
En el else......

----------------------------------------
x = 55.000000, y = 94.000000
avance = -91.000000, avanceR = 2.000000, avanceI = 2.000000
inc_x_r = 0.000000, inc_y_r = 1.000000, inc_x_i = 1.000000, inc_y_i = 1.000000
En el else......

----------------------------------------
x = 55.000000, y = 95.000000
avance = -89.000000, avanceR = 2.000000, avanceI = 2.000000
inc_x_r = 0.000000, inc_y_r = 1.000000, inc_x_i = 1.000000, inc_y_i = 1.000000
En el else......

----------------------------------------
x = 55.000000, y = 96.000000
avance = -87.000000, avanceR = 2.000000, avanceI = 2.000000
inc_x_r = 0.000000, inc_y_r = 1.000000, inc_x_i = 1.000000, inc_y_i = 1.000000
En el else......

----------------------------------------
x = 55.000000, y = 97.000000
avance = -85.000000, avanceR = 2.000000, avanceI = 2.000000
inc_x_r = 0.000000, inc_y_r = 1.000000, inc_x_i = 1.000000, inc_y_i = 1.000000
En el else......

----------------------------------------
x = 55.000000, y = 98.000000
avance = -83.000000, avanceR = 2.000000, avanceI = 2.000000
inc_x_r = 0.000000, inc_y_r = 1.000000, inc_x_i = 1.000000, inc_y_i = 1.000000
En el else......

----------------------------------------
x = 55.000000, y = 99.000000
avance = -81.000000, avanceR = 2.000000, avanceI = 2.000000
inc_x_r = 0.000000, inc_y_r = 1.000000, inc_x_i = 1.000000, inc_y_i = 1.000000
En el else......

----------------------------------------
x = 55.000000, y = 100.000000
avance = -79.000000, avanceR = 2.000000, avanceI = 2.000000
inc_x_r = 0.000000, inc_y_r = 1.000000, inc_x_i = 1.000000, inc_y_i = 1.000000
En el else......

----------------------------------------
x = 55.000000, y = 101.000000
avance = -77.000000, avanceR = 2.000000, avanceI = 2.000000
inc_x_r = 0.000000, inc_y_r = 1.000000, inc_x_i = 1.000000, inc_y_i = 1.000000
En el else......

----------------------------------------
x = 55.000000, y = 102.000000
avance = -75.000000, avanceR = 2.000000, avanceI = 2.000000
inc_x_r = 0.000000, inc_y_r = 1.000000, inc_x_i = 1.000000, inc_y_i = 1.000000
En el else......

----------------------------------------
x = 55.000000, y = 103.000000
avance = -73.000000, avanceR = 2.000000, avanceI = 2.000000
inc_x_r = 0.000000, inc_y_r = 1.000000, inc_x_i = 1.000000, inc_y_i = 1.000000
En el else......

----------------------------------------
x = 55.000000, y = 104.000000
avance = -71.000000, avanceR = 2.000000, avanceI = 2.000000
inc_x_r = 0.000000, inc_y_r = 1.000000, inc_x_i = 1.000000, inc_y_i = 1.000000
En el else......

----------------------------------------
x = 55.000000, y = 105.000000
avance = -69.000000, avanceR = 2.000000, avanceI = 2.000000
inc_x_r = 0.000000, inc_y_r = 1.000000, inc_x_i = 1.000000, inc_y_i = 1.000000
En el else......

----------------------------------------
x = 55.000000, y = 106.000000
avance = -67.000000, avanceR = 2.000000, avanceI = 2.000000
inc_x_r = 0.000000, inc_y_r = 1.000000, inc_x_i = 1.000000, inc_y_i = 1.000000
En el else......

----------------------------------------
x = 55.000000, y = 107.000000
avance = -65.000000, avanceR = 2.000000, avanceI = 2.000000
inc_x_r = 0.000000, inc_y_r = 1.000000, inc_x_i = 1.000000, inc_y_i = 1.000000
En el else......

----------------------------------------
x = 55.000000, y = 108.000000
avance = -63.000000, avanceR = 2.000000, avanceI = 2.000000
inc_x_r = 0.000000, inc_y_r = 1.000000, inc_x_i = 1.000000, inc_y_i = 1.000000
En el else......

----------------------------------------
x = 55.000000, y = 109.000000
avance = -61.000000, avanceR = 2.000000, avanceI = 2.000000
inc_x_r = 0.000000, inc_y_r = 1.000000, inc_x_i = 1.000000, inc_y_i = 1.000000
En el else......

----------------------------------------
x = 55.000000, y = 110.000000
avance = -59.000000, avanceR = 2.000000, avanceI = 2.000000
inc_x_r = 0.000000, inc_y_r = 1.000000, inc_x_i = 1.000000, inc_y_i = 1.000000
En el else......

----------------------------------------
x = 55.000000, y = 111.000000
avance = -57.000000, avanceR = 2.000000, avanceI = 2.000000
inc_x_r = 0.000000, inc_y_r = 1.000000, inc_x_i = 1.000000, inc_y_i = 1.000000
En el else......

----------------------------------------
x = 55.000000, y = 112.000000
avance = -55.000000, avanceR = 2.000000, avanceI = 2.000000
inc_x_r = 0.000000, inc_y_r = 1.000000, inc_x_i = 1.000000, inc_y_i = 1.000000
En el else......

----------------------------------------
x = 55.000000, y = 113.000000
avance = -53.000000, avanceR = 2.000000, avanceI = 2.000000
inc_x_r = 0.000000, inc_y_r = 1.000000, inc_x_i = 1.000000, inc_y_i = 1.000000
En el else......

----------------------------------------
x = 55.000000, y = 114.000000
avance = -51.000000, avanceR = 2.000000, avanceI = 2.000000
inc_x_r = 0.000000, inc_y_r = 1.000000, inc_x_i = 1.000000, inc_y_i = 1.000000
En el else......

----------------------------------------
x = 55.000000, y = 115.000000
avance = -49.000000, avanceR = 2.000000, avanceI = 2.000000
inc_x_r = 0.000000, inc_y_r = 1.000000, inc_x_i = 1.000000, inc_y_i = 1.000000
En el else......

----------------------------------------
x = 55.000000, y = 116.000000
avance = -47.000000, avanceR = 2.000000, avanceI = 2.000000
inc_x_r = 0.000000, inc_y_r = 1.000000, inc_x_i = 1.000000, inc_y_i = 1.000000
En el else......

----------------------------------------
x = 55.000000, y = 117.000000
avance = -45.000000, avanceR = 2.000000, avanceI = 2.000000
inc_x_r = 0.000000, inc_y_r = 1.000000, inc_x_i = 1.000000, inc_y_i = 1.000000
En el else......

----------------------------------------
x = 55.000000, y = 118.000000
avance = -43.000000, avanceR = 2.000000, avanceI = 2.000000
inc_x_r = 0.000000, inc_y_r = 1.000000, inc_x_i = 1.000000, inc_y_i = 1.000000
En el else......

----------------------------------------
x = 55.000000, y = 119.000000
avance = -41.000000, avanceR = 2.000000, avanceI = 2.000000
inc_x_r = 0.000000, inc_y_r = 1.000000, inc_x_i = 1.000000, inc_y_i = 1.000000
En el else......

----------------------------------------
x = 55.000000, y = 120.000000
avance = -39.000000, avanceR = 2.000000, avanceI = 2.000000
inc_x_r = 0.000000, inc_y_r = 1.000000, inc_x_i = 1.000000, inc_y_i = 1.000000
En el else......

----------------------------------------
x = 55.000000, y = 121.000000
avance = -37.000000, avanceR = 2.000000, avanceI = 2.000000
inc_x_r = 0.000000, inc_y_r = 1.000000, inc_x_i = 1.000000, inc_y_i = 1.000000
En el else......

----------------------------------------
x = 55.000000, y = 122.000000
avance = -35.000000, avanceR = 2.000000, avanceI = 2.000000
inc_x_r = 0.000000, inc_y_r = 1.000000, inc_x_i = 1.000000, inc_y_i = 1.000000
En el else......

----------------------------------------
x = 55.000000, y = 123.000000
avance = -33.000000, avanceR = 2.000000, avanceI = 2.000000
inc_x_r = 0.000000, inc_y_r = 1.000000, inc_x_i = 1.000000, inc_y_i = 1.000000
En el else......

----------------------------------------
x = 55.000000, y = 124.000000
avance = -31.000000, avanceR = 2.000000, avanceI = 2.000000
inc_x_r = 0.000000, inc_y_r = 1.000000, inc_x_i = 1.000000, inc_y_i = 1.000000
En el else......

----------------------------------------
x = 55.000000, y = 125.000000
avance = -29.000000, avanceR = 2.000000, avanceI = 2.000000
inc_x_r = 0.000000, inc_y_r = 1.000000, inc_x_i = 1.000000, inc_y_i = 1.000000
En el else......

----------------------------------------
x = 55.000000, y = 126.000000
avance = -27.000000, avanceR = 2.000000, avanceI = 2.000000
inc_x_r = 0.000000, inc_y_r = 1.000000, inc_x_i = 1.000000, inc_y_i = 1.000000
En el else......

----------------------------------------
x = 55.000000, y = 127.000000
avance = -25.000000, avanceR = 2.000000, avanceI = 2.000000
inc_x_r = 0.000000, inc_y_r = 1.000000, inc_x_i = 1.000000, inc_y_i = 1.000000
En el else......

----------------------------------------
x = 55.000000, y = 128.000000
avance = -23.000000, avanceR = 2.000000, avanceI = 2.000000
inc_x_r = 0.000000, inc_y_r = 1.000000, inc_x_i = 1.000000, inc_y_i = 1.000000
En el else......

----------------------------------------
x = 55.000000, y = 129.000000
avance = -21.000000, avanceR = 2.000000, avanceI = 2.000000
inc_x_r = 0.000000, inc_y_r = 1.000000, inc_x_i = 1.000000, inc_y_i = 1.000000
En el else......

----------------------------------------
x = 55.000000, y = 130.000000
avance = -19.000000, avanceR = 2.000000, avanceI = 2.000000
inc_x_r = 0.000000, inc_y_r = 1.000000, inc_x_i = 1.000000, inc_y_i = 1.000000
En el else......

----------------------------------------
x = 55.000000, y = 131.000000
avance = -17.000000, avanceR = 2.000000, avanceI = 2.000000
inc_x_r = 0.000000, inc_y_r = 1.000000, inc_x_i = 1.000000, inc_y_i = 1.000000
En el else......

----------------------------------------
x = 55.000000, y = 132.000000
avance = -15.000000, avanceR = 2.000000, avanceI = 2.000000
inc_x_r = 0.000000, inc_y_r = 1.000000, inc_x_i = 1.000000, inc_y_i = 1.000000
En el else......

----------------------------------------
x = 55.000000, y = 133.000000
avance = -13.000000, avanceR = 2.000000, avanceI = 2.000000
inc_x_r = 0.000000, inc_y_r = 1.000000, inc_x_i = 1.000000, inc_y_i = 1.000000
En el else......

----------------------------------------
x = 55.000000, y = 134.000000
avance = -11.000000, avanceR = 2.000000, avanceI = 2.000000
inc_x_r = 0.000000, inc_y_r = 1.000000, inc_x_i = 1.000000, inc_y_i = 1.000000
En el else......

----------------------------------------
x = 55.000000, y = 135.000000
avance = -9.000000, avanceR = 2.000000, avanceI = 2.000000
inc_x_r = 0.000000, inc_y_r = 1.000000, inc_x_i = 1.000000, inc_y_i = 1.000000
En el else......

----------------------------------------
x = 55.000000, y = 136.000000
avance = -7.000000, avanceR = 2.000000, avanceI = 2.000000
inc_x_r = 0.000000, inc_y_r = 1.000000, inc_x_i = 1.000000, inc_y_i = 1.000000
En el else......

----------------------------------------
x = 55.000000, y = 137.000000
avance = -5.000000, avanceR = 2.000000, avanceI = 2.000000
inc_x_r = 0.000000, inc_y_r = 1.000000, inc_x_i = 1.000000, inc_y_i = 1.000000
En el else......

----------------------------------------
x = 55.000000, y = 138.000000
avance = -3.000000, avanceR = 2.000000, avanceI = 2.000000
inc_x_r = 0.000000, inc_y_r = 1.000000, inc_x_i = 1.000000, inc_y_i = 1.000000
En el else......

----------------------------------------
x = 55.000000, y = 139.000000
avance = -1.000000, avanceR = 2.000000, avanceI = 2.000000
inc_x_r = 0.000000, inc_y_r = 1.000000, inc_x_i = 1.000000, inc_y_i = 1.000000
En el else......

----------------------------------------
x = 55.000000, y = 140.000000
avance = 1.000000, avanceR = 2.000000, avanceI = 2.000000
inc_x_r = 0.000000, inc_y_r = 1.000000, inc_x_i = 1.000000, inc_y_i = 1.000000
avance >= 0

----------------------------------------
x = 56.000000, y = 141.000000
avance = -499.000000, avanceR = 2.000000, avanceI = 2.000000
inc_x_r = 0.000000, inc_y_r = 1.000000, inc_x_i = 1.000000, inc_y_i = 1.000000
En el else......

----------------------------------------
x = 56.000000, y = 142.000000
avance = -497.000000, avanceR = 2.000000, avanceI = 2.000000
inc_x_r = 0.000000, inc_y_r = 1.000000, inc_x_i = 1.000000, inc_y_i = 1.000000
En el else......

----------------------------------------
x = 56.000000, y = 143.000000
avance = -495.000000, avanceR = 2.000000, avanceI = 2.000000
inc_x_r = 0.000000, inc_y_r = 1.000000, inc_x_i = 1.000000, inc_y_i = 1.000000
En el else......

----------------------------------------
x = 56.000000, y = 144.000000
avance = -493.000000, avanceR = 2.000000, avanceI = 2.000000
inc_x_r = 0.000000, inc_y_r = 1.000000, inc_x_i = 1.000000, inc_y_i = 1.000000
En el else......

----------------------------------------
x = 56.000000, y = 145.000000
avance = -491.000000, avanceR = 2.000000, avanceI = 2.000000
inc_x_r = 0.000000, inc_y_r = 1.000000, inc_x_i = 1.000000, inc_y_i = 1.000000
En el else......

----------------------------------------
x = 56.000000, y = 146.000000
avance = -489.000000, avanceR = 2.000000, avanceI = 2.000000
inc_x_r = 0.000000, inc_y_r = 1.000000, inc_x_i = 1.000000, inc_y_i = 1.000000
En el else......

----------------------------------------
x = 56.000000, y = 147.000000
avance = -487.000000, avanceR = 2.000000, avanceI = 2.000000
inc_x_r = 0.000000, inc_y_r = 1.000000, inc_x_i = 1.000000, inc_y_i = 1.000000
En el else......

----------------------------------------
x = 56.000000, y = 148.000000
avance = -485.000000, avanceR = 2.000000, avanceI = 2.000000
inc_x_r = 0.000000, inc_y_r = 1.000000, inc_x_i = 1.000000, inc_y_i = 1.000000
En el else......

----------------------------------------
x = 56.000000, y = 149.000000
avance = -483.000000, avanceR = 2.000000, avanceI = 2.000000
inc_x_r = 0.000000, inc_y_r = 1.000000, inc_x_i = 1.000000, inc_y_i = 1.000000
En el else......

----------------------------------------
x = 56.000000, y = 150.000000
avance = -481.000000, avanceR = 2.000000, avanceI = 2.000000
inc_x_r = 0.000000, inc_y_r = 1.000000, inc_x_i = 1.000000, inc_y_i = 1.000000
En el else......

----------------------------------------
x = 56.000000, y = 151.000000
avance = -479.000000, avanceR = 2.000000, avanceI = 2.000000
inc_x_r = 0.000000, inc_y_r = 1.000000, inc_x_i = 1.000000, inc_y_i = 1.000000
En el else......

----------------------------------------
x = 56.000000, y = 152.000000
avance = -477.000000, avanceR = 2.000000, avanceI = 2.000000
inc_x_r = 0.000000, inc_y_r = 1.000000, inc_x_i = 1.000000, inc_y_i = 1.000000
En el else......

----------------------------------------
x = 56.000000, y = 153.000000
avance = -475.000000, avanceR = 2.000000, avanceI = 2.000000
inc_x_r = 0.000000, inc_y_r = 1.000000, inc_x_i = 1.000000, inc_y_i = 1.000000
En el else......

----------------------------------------
x = 56.000000, y = 154.000000
avance = -473.000000, avanceR = 2.000000, avanceI = 2.000000
inc_x_r = 0.000000, inc_y_r = 1.000000, inc_x_i = 1.000000, inc_y_i = 1.000000
En el else......

----------------------------------------
x = 56.000000, y = 155.000000
avance = -471.000000, avanceR = 2.000000, avanceI = 2.000000
inc_x_r = 0.000000, inc_y_r = 1.000000, inc_x_i = 1.000000, inc_y_i = 1.000000
En el else......

----------------------------------------
x = 56.000000, y = 156.000000
avance = -469.000000, avanceR = 2.000000, avanceI = 2.000000
inc_x_r = 0.000000, inc_y_r = 1.000000, inc_x_i = 1.000000, inc_y_i = 1.000000
En el else......

----------------------------------------
x = 56.000000, y = 157.000000
avance = -467.000000, avanceR = 2.000000, avanceI = 2.000000
inc_x_r = 0.000000, inc_y_r = 1.000000, inc_x_i = 1.000000, inc_y_i = 1.000000
En el else......

----------------------------------------
x = 56.000000, y = 158.000000
avance = -465.000000, avanceR = 2.000000, avanceI = 2.000000
inc_x_r = 0.000000, inc_y_r = 1.000000, inc_x_i = 1.000000, inc_y_i = 1.000000
En el else......

----------------------------------------
x = 56.000000, y = 159.000000
avance = -463.000000, avanceR = 2.000000, avanceI = 2.000000
inc_x_r = 0.000000, inc_y_r = 1.000000, inc_x_i = 1.000000, inc_y_i = 1.000000
En el else......

----------------------------------------
x = 56.000000, y = 160.000000
avance = -461.000000, avanceR = 2.000000, avanceI = 2.000000
inc_x_r = 0.000000, inc_y_r = 1.000000, inc_x_i = 1.000000, inc_y_i = 1.000000
En el else......

----------------------------------------
x = 56.000000, y = 161.000000
avance = -459.000000, avanceR = 2.000000, avanceI = 2.000000
inc_x_r = 0.000000, inc_y_r = 1.000000, inc_x_i = 1.000000, inc_y_i = 1.000000
En el else......

----------------------------------------
x = 56.000000, y = 162.000000
avance = -457.000000, avanceR = 2.000000, avanceI = 2.000000
inc_x_r = 0.000000, inc_y_r = 1.000000, inc_x_i = 1.000000, inc_y_i = 1.000000
En el else......

----------------------------------------
x = 56.000000, y = 163.000000
avance = -455.000000, avanceR = 2.000000, avanceI = 2.000000
inc_x_r = 0.000000, inc_y_r = 1.000000, inc_x_i = 1.000000, inc_y_i = 1.000000
En el else......

----------------------------------------
x = 56.000000, y = 164.000000
avance = -453.000000, avanceR = 2.000000, avanceI = 2.000000
inc_x_r = 0.000000, inc_y_r = 1.000000, inc_x_i = 1.000000, inc_y_i = 1.000000
En el else......

----------------------------------------
x = 56.000000, y = 165.000000
avance = -451.000000, avanceR = 2.000000, avanceI = 2.000000
inc_x_r = 0.000000, inc_y_r = 1.000000, inc_x_i = 1.000000, inc_y_i = 1.000000
En el else......

----------------------------------------
x = 56.000000, y = 166.000000
avance = -449.000000, avanceR = 2.000000, avanceI = 2.000000
inc_x_r = 0.000000, inc_y_r = 1.000000, inc_x_i = 1.000000, inc_y_i = 1.000000
En el else......

----------------------------------------
x = 56.000000, y = 167.000000
avance = -447.000000, avanceR = 2.000000, avanceI = 2.000000
inc_x_r = 0.000000, inc_y_r = 1.000000, inc_x_i = 1.000000, inc_y_i = 1.000000
En el else......

----------------------------------------
x = 56.000000, y = 168.000000
avance = -445.000000, avanceR = 2.000000, avanceI = 2.000000
inc_x_r = 0.000000, inc_y_r = 1.000000, inc_x_i = 1.000000, inc_y_i = 1.000000
En el else......

----------------------------------------
x = 56.000000, y = 169.000000
avance = -443.000000, avanceR = 2.000000, avanceI = 2.000000
inc_x_r = 0.000000, inc_y_r = 1.000000, inc_x_i = 1.000000, inc_y_i = 1.000000
En el else......

----------------------------------------
x = 56.000000, y = 170.000000
avance = -441.000000, avanceR = 2.000000, avanceI = 2.000000
inc_x_r = 0.000000, inc_y_r = 1.000000, inc_x_i = 1.000000, inc_y_i = 1.000000
En el else......

----------------------------------------
x = 56.000000, y = 171.000000
avance = -439.000000, avanceR = 2.000000, avanceI = 2.000000
inc_x_r = 0.000000, inc_y_r = 1.000000, inc_x_i = 1.000000, inc_y_i = 1.000000
En el else......

----------------------------------------
x = 56.000000, y = 172.000000
avance = -437.000000, avanceR = 2.000000, avanceI = 2.000000
inc_x_r = 0.000000, inc_y_r = 1.000000, inc_x_i = 1.000000, inc_y_i = 1.000000
En el else......

----------------------------------------
x = 56.000000, y = 173.000000
avance = -435.000000, avanceR = 2.000000, avanceI = 2.000000
inc_x_r = 0.000000, inc_y_r = 1.000000, inc_x_i = 1.000000, inc_y_i = 1.000000
En el else......

----------------------------------------
x = 56.000000, y = 174.000000
avance = -433.000000, avanceR = 2.000000, avanceI = 2.000000
inc_x_r = 0.000000, inc_y_r = 1.000000, inc_x_i = 1.000000, inc_y_i = 1.000000
En el else......

----------------------------------------
x = 56.000000, y = 175.000000
avance = -431.000000, avanceR = 2.000000, avanceI = 2.000000
inc_x_r = 0.000000, inc_y_r = 1.000000, inc_x_i = 1.000000, inc_y_i = 1.000000
En el else......

----------------------------------------
x = 56.000000, y = 176.000000
avance = -429.000000, avanceR = 2.000000, avanceI = 2.000000
inc_x_r = 0.000000, inc_y_r = 1.000000, inc_x_i = 1.000000, inc_y_i = 1.000000
En el else......

----------------------------------------
x = 56.000000, y = 177.000000
avance = -427.000000, avanceR = 2.000000, avanceI = 2.000000
inc_x_r = 0.000000, inc_y_r = 1.000000, inc_x_i = 1.000000, inc_y_i = 1.000000
En el else......

----------------------------------------
x = 56.000000, y = 178.000000
avance = -425.000000, avanceR = 2.000000, avanceI = 2.000000
inc_x_r = 0.000000, inc_y_r = 1.000000, inc_x_i = 1.000000, inc_y_i = 1.000000
En el else......

----------------------------------------
x = 56.000000, y = 179.000000
avance = -423.000000, avanceR = 2.000000, avanceI = 2.000000
inc_x_r = 0.000000, inc_y_r = 1.000000, inc_x_i = 1.000000, inc_y_i = 1.000000
En el else......

----------------------------------------
x = 56.000000, y = 180.000000
avance = -421.000000, avanceR = 2.000000, avanceI = 2.000000
inc_x_r = 0.000000, inc_y_r = 1.000000, inc_x_i = 1.000000, inc_y_i = 1.000000
En el else......

----------------------------------------
x = 56.000000, y = 181.000000
avance = -419.000000, avanceR = 2.000000, avanceI = 2.000000
inc_x_r = 0.000000, inc_y_r = 1.000000, inc_x_i = 1.000000, inc_y_i = 1.000000
En el else......

----------------------------------------
x = 56.000000, y = 182.000000
avance = -417.000000, avanceR = 2.000000, avanceI = 2.000000
inc_x_r = 0.000000, inc_y_r = 1.000000, inc_x_i = 1.000000, inc_y_i = 1.000000
En el else......

----------------------------------------
x = 56.000000, y = 183.000000
avance = -415.000000, avanceR = 2.000000, avanceI = 2.000000
inc_x_r = 0.000000, inc_y_r = 1.000000, inc_x_i = 1.000000, inc_y_i = 1.000000
En el else......

----------------------------------------
x = 56.000000, y = 184.000000
avance = -413.000000, avanceR = 2.000000, avanceI = 2.000000
inc_x_r = 0.000000, inc_y_r = 1.000000, inc_x_i = 1.000000, inc_y_i = 1.000000
En el else......

----------------------------------------
x = 56.000000, y = 185.000000
avance = -411.000000, avanceR = 2.000000, avanceI = 2.000000
inc_x_r = 0.000000, inc_y_r = 1.000000, inc_x_i = 1.000000, inc_y_i = 1.000000
En el else......

----------------------------------------
x = 56.000000, y = 186.000000
avance = -409.000000, avanceR = 2.000000, avanceI = 2.000000
inc_x_r = 0.000000, inc_y_r = 1.000000, inc_x_i = 1.000000, inc_y_i = 1.000000
En el else......

----------------------------------------
x = 56.000000, y = 187.000000
avance = -407.000000, avanceR = 2.000000, avanceI = 2.000000
inc_x_r = 0.000000, inc_y_r = 1.000000, inc_x_i = 1.000000, inc_y_i = 1.000000
En el else......

----------------------------------------
x = 56.000000, y = 188.000000
avance = -405.000000, avanceR = 2.000000, avanceI = 2.000000
inc_x_r = 0.000000, inc_y_r = 1.000000, inc_x_i = 1.000000, inc_y_i = 1.000000
En el else......

----------------------------------------
x = 56.000000, y = 189.000000
avance = -403.000000, avanceR = 2.000000, avanceI = 2.000000
inc_x_r = 0.000000, inc_y_r = 1.000000, inc_x_i = 1.000000, inc_y_i = 1.000000
En el else......

----------------------------------------
x = 56.000000, y = 190.000000
avance = -401.000000, avanceR = 2.000000, avanceI = 2.000000
inc_x_r = 0.000000, inc_y_r = 1.000000, inc_x_i = 1.000000, inc_y_i = 1.000000
En el else......

----------------------------------------
x = 56.000000, y = 191.000000
avance = -399.000000, avanceR = 2.000000, avanceI = 2.000000
inc_x_r = 0.000000, inc_y_r = 1.000000, inc_x_i = 1.000000, inc_y_i = 1.000000
En el else......

----------------------------------------
x = 56.000000, y = 192.000000
avance = -397.000000, avanceR = 2.000000, avanceI = 2.000000
inc_x_r = 0.000000, inc_y_r = 1.000000, inc_x_i = 1.000000, inc_y_i = 1.000000
En el else......

----------------------------------------
x = 56.000000, y = 193.000000
avance = -395.000000, avanceR = 2.000000, avanceI = 2.000000
inc_x_r = 0.000000, inc_y_r = 1.000000, inc_x_i = 1.000000, inc_y_i = 1.000000
En el else......

----------------------------------------
x = 56.000000, y = 194.000000
avance = -393.000000, avanceR = 2.000000, avanceI = 2.000000
inc_x_r = 0.000000, inc_y_r = 1.000000, inc_x_i = 1.000000, inc_y_i = 1.000000
En el else......

----------------------------------------
x = 56.000000, y = 195.000000
avance = -391.000000, avanceR = 2.000000, avanceI = 2.000000
inc_x_r = 0.000000, inc_y_r = 1.000000, inc_x_i = 1.000000, inc_y_i = 1.000000
En el else......

----------------------------------------
x = 56.000000, y = 196.000000
avance = -389.000000, avanceR = 2.000000, avanceI = 2.000000
inc_x_r = 0.000000, inc_y_r = 1.000000, inc_x_i = 1.000000, inc_y_i = 1.000000
En el else......

----------------------------------------
x = 56.000000, y = 197.000000
avance = -387.000000, avanceR = 2.000000, avanceI = 2.000000
inc_x_r = 0.000000, inc_y_r = 1.000000, inc_x_i = 1.000000, inc_y_i = 1.000000
En el else......

----------------------------------------
x = 56.000000, y = 198.000000
avance = -385.000000, avanceR = 2.000000, avanceI = 2.000000
inc_x_r = 0.000000, inc_y_r = 1.000000, inc_x_i = 1.000000, inc_y_i = 1.000000
En el else......

----------------------------------------
x = 56.000000, y = 199.000000
avance = -383.000000, avanceR = 2.000000, avanceI = 2.000000
inc_x_r = 0.000000, inc_y_r = 1.000000, inc_x_i = 1.000000, inc_y_i = 1.000000
En el else......

----------------------------------------
x = 56.000000, y = 200.000000
avance = -381.000000, avanceR = 2.000000, avanceI = 2.000000
inc_x_r = 0.000000, inc_y_r = 1.000000, inc_x_i = 1.000000, inc_y_i = 1.000000
En el else......

----------------------------------------
x = 56.000000, y = 201.000000
avance = -379.000000, avanceR = 2.000000, avanceI = 2.000000
inc_x_r = 0.000000, inc_y_r = 1.000000, inc_x_i = 1.000000, inc_y_i = 1.000000
En el else......

----------------------------------------
x = 56.000000, y = 202.000000
avance = -377.000000, avanceR = 2.000000, avanceI = 2.000000
inc_x_r = 0.000000, inc_y_r = 1.000000, inc_x_i = 1.000000, inc_y_i = 1.000000
En el else......

----------------------------------------
x = 56.000000, y = 203.000000
avance = -375.000000, avanceR = 2.000000, avanceI = 2.000000
inc_x_r = 0.000000, inc_y_r = 1.000000, inc_x_i = 1.000000, inc_y_i = 1.000000
En el else......

----------------------------------------
x = 56.000000, y = 204.000000
avance = -373.000000, avanceR = 2.000000, avanceI = 2.000000
inc_x_r = 0.000000, inc_y_r = 1.000000, inc_x_i = 1.000000, inc_y_i = 1.000000
En el else......

----------------------------------------
x = 56.000000, y = 205.000000
avance = -371.000000, avanceR = 2.000000, avanceI = 2.000000
inc_x_r = 0.000000, inc_y_r = 1.000000, inc_x_i = 1.000000, inc_y_i = 1.000000
En el else......

----------------------------------------
x = 56.000000, y = 206.000000
avance = -369.000000, avanceR = 2.000000, avanceI = 2.000000
inc_x_r = 0.000000, inc_y_r = 1.000000, inc_x_i = 1.000000, inc_y_i = 1.000000
En el else......

----------------------------------------
x = 56.000000, y = 207.000000
avance = -367.000000, avanceR = 2.000000, avanceI = 2.000000
inc_x_r = 0.000000, inc_y_r = 1.000000, inc_x_i = 1.000000, inc_y_i = 1.000000
En el else......

----------------------------------------
x = 56.000000, y = 208.000000
avance = -365.000000, avanceR = 2.000000, avanceI = 2.000000
inc_x_r = 0.000000, inc_y_r = 1.000000, inc_x_i = 1.000000, inc_y_i = 1.000000
En el else......

----------------------------------------
x = 56.000000, y = 209.000000
avance = -363.000000, avanceR = 2.000000, avanceI = 2.000000
inc_x_r = 0.000000, inc_y_r = 1.000000, inc_x_i = 1.000000, inc_y_i = 1.000000
En el else......

----------------------------------------
x = 56.000000, y = 210.000000
avance = -361.000000, avanceR = 2.000000, avanceI = 2.000000
inc_x_r = 0.000000, inc_y_r = 1.000000, inc_x_i = 1.000000, inc_y_i = 1.000000
En el else......

----------------------------------------
x = 56.000000, y = 211.000000
avance = -359.000000, avanceR = 2.000000, avanceI = 2.000000
inc_x_r = 0.000000, inc_y_r = 1.000000, inc_x_i = 1.000000, inc_y_i = 1.000000
En el else......

----------------------------------------
x = 56.000000, y = 212.000000
avance = -357.000000, avanceR = 2.000000, avanceI = 2.000000
inc_x_r = 0.000000, inc_y_r = 1.000000, inc_x_i = 1.000000, inc_y_i = 1.000000
En el else......

----------------------------------------
x = 56.000000, y = 213.000000
avance = -355.000000, avanceR = 2.000000, avanceI = 2.000000
inc_x_r = 0.000000, inc_y_r = 1.000000, inc_x_i = 1.000000, inc_y_i = 1.000000
En el else......

----------------------------------------
x = 56.000000, y = 214.000000
avance = -353.000000, avanceR = 2.000000, avanceI = 2.000000
inc_x_r = 0.000000, inc_y_r = 1.000000, inc_x_i = 1.000000, inc_y_i = 1.000000
En el else......

----------------------------------------
x = 56.000000, y = 215.000000
avance = -351.000000, avanceR = 2.000000, avanceI = 2.000000
inc_x_r = 0.000000, inc_y_r = 1.000000, inc_x_i = 1.000000, inc_y_i = 1.000000
En el else......

----------------------------------------
x = 56.000000, y = 216.000000
avance = -349.000000, avanceR = 2.000000, avanceI = 2.000000
inc_x_r = 0.000000, inc_y_r = 1.000000, inc_x_i = 1.000000, inc_y_i = 1.000000
En el else......

----------------------------------------
x = 56.000000, y = 217.000000
avance = -347.000000, avanceR = 2.000000, avanceI = 2.000000
inc_x_r = 0.000000, inc_y_r = 1.000000, inc_x_i = 1.000000, inc_y_i = 1.000000
En el else......

----------------------------------------
x = 56.000000, y = 218.000000
avance = -345.000000, avanceR = 2.000000, avanceI = 2.000000
inc_x_r = 0.000000, inc_y_r = 1.000000, inc_x_i = 1.000000, inc_y_i = 1.000000
En el else......

----------------------------------------
x = 56.000000, y = 219.000000
avance = -343.000000, avanceR = 2.000000, avanceI = 2.000000
inc_x_r = 0.000000, inc_y_r = 1.000000, inc_x_i = 1.000000, inc_y_i = 1.000000
En el else......

----------------------------------------
x = 56.000000, y = 220.000000
avance = -341.000000, avanceR = 2.000000, avanceI = 2.000000
inc_x_r = 0.000000, inc_y_r = 1.000000, inc_x_i = 1.000000, inc_y_i = 1.000000
En el else......

----------------------------------------
x = 56.000000, y = 221.000000
avance = -339.000000, avanceR = 2.000000, avanceI = 2.000000
inc_x_r = 0.000000, inc_y_r = 1.000000, inc_x_i = 1.000000, inc_y_i = 1.000000
En el else......

----------------------------------------
x = 56.000000, y = 222.000000
avance = -337.000000, avanceR = 2.000000, avanceI = 2.000000
inc_x_r = 0.000000, inc_y_r = 1.000000, inc_x_i = 1.000000, inc_y_i = 1.000000
En el else......

----------------------------------------
x = 56.000000, y = 223.000000
avance = -335.000000, avanceR = 2.000000, avanceI = 2.000000
inc_x_r = 0.000000, inc_y_r = 1.000000, inc_x_i = 1.000000, inc_y_i = 1.000000
En el else......

----------------------------------------
x = 56.000000, y = 224.000000
avance = -333.000000, avanceR = 2.000000, avanceI = 2.000000
inc_x_r = 0.000000, inc_y_r = 1.000000, inc_x_i = 1.000000, inc_y_i = 1.000000
En el else......

----------------------------------------
x = 56.000000, y = 225.000000
avance = -331.000000, avanceR = 2.000000, avanceI = 2.000000
inc_x_r = 0.000000, inc_y_r = 1.000000, inc_x_i = 1.000000, inc_y_i = 1.000000
En el else......

----------------------------------------
x = 56.000000, y = 226.000000
avance = -329.000000, avanceR = 2.000000, avanceI = 2.000000
inc_x_r = 0.000000, inc_y_r = 1.000000, inc_x_i = 1.000000, inc_y_i = 1.000000
En el else......

----------------------------------------
x = 56.000000, y = 227.000000
avance = -327.000000, avanceR = 2.000000, avanceI = 2.000000
inc_x_r = 0.000000, inc_y_r = 1.000000, inc_x_i = 1.000000, inc_y_i = 1.000000
En el else......

----------------------------------------
x = 56.000000, y = 228.000000
avance = -325.000000, avanceR = 2.000000, avanceI = 2.000000
inc_x_r = 0.000000, inc_y_r = 1.000000, inc_x_i = 1.000000, inc_y_i = 1.000000
En el else......

----------------------------------------
x = 56.000000, y = 229.000000
avance = -323.000000, avanceR = 2.000000, avanceI = 2.000000
inc_x_r = 0.000000, inc_y_r = 1.000000, inc_x_i = 1.000000, inc_y_i = 1.000000
En el else......

----------------------------------------
x = 56.000000, y = 230.000000
avance = -321.000000, avanceR = 2.000000, avanceI = 2.000000
inc_x_r = 0.000000, inc_y_r = 1.000000, inc_x_i = 1.000000, inc_y_i = 1.000000
En el else......

----------------------------------------
x = 56.000000, y = 231.000000
avance = -319.000000, avanceR = 2.000000, avanceI = 2.000000
inc_x_r = 0.000000, inc_y_r = 1.000000, inc_x_i = 1.000000, inc_y_i = 1.000000
En el else......

----------------------------------------
x = 56.000000, y = 232.000000
avance = -317.000000, avanceR = 2.000000, avanceI = 2.000000
inc_x_r = 0.000000, inc_y_r = 1.000000, inc_x_i = 1.000000, inc_y_i = 1.000000
En el else......

----------------------------------------
x = 56.000000, y = 233.000000
avance = -315.000000, avanceR = 2.000000, avanceI = 2.000000
inc_x_r = 0.000000, inc_y_r = 1.000000, inc_x_i = 1.000000, inc_y_i = 1.000000
En el else......

----------------------------------------
x = 56.000000, y = 234.000000
avance = -313.000000, avanceR = 2.000000, avanceI = 2.000000
inc_x_r = 0.000000, inc_y_r = 1.000000, inc_x_i = 1.000000, inc_y_i = 1.000000
En el else......

----------------------------------------
x = 56.000000, y = 235.000000
avance = -311.000000, avanceR = 2.000000, avanceI = 2.000000
inc_x_r = 0.000000, inc_y_r = 1.000000, inc_x_i = 1.000000, inc_y_i = 1.000000
En el else......

----------------------------------------
x = 56.000000, y = 236.000000
avance = -309.000000, avanceR = 2.000000, avanceI = 2.000000
inc_x_r = 0.000000, inc_y_r = 1.000000, inc_x_i = 1.000000, inc_y_i = 1.000000
En el else......

----------------------------------------
x = 56.000000, y = 237.000000
avance = -307.000000, avanceR = 2.000000, avanceI = 2.000000
inc_x_r = 0.000000, inc_y_r = 1.000000, inc_x_i = 1.000000, inc_y_i = 1.000000
En el else......

----------------------------------------
x = 56.000000, y = 238.000000
avance = -305.000000, avanceR = 2.000000, avanceI = 2.000000
inc_x_r = 0.000000, inc_y_r = 1.000000, inc_x_i = 1.000000, inc_y_i = 1.000000
En el else......

----------------------------------------
x = 56.000000, y = 239.000000
avance = -303.000000, avanceR = 2.000000, avanceI = 2.000000
inc_x_r = 0.000000, inc_y_r = 1.000000, inc_x_i = 1.000000, inc_y_i = 1.000000
En el else......

----------------------------------------
x = 56.000000, y = 240.000000
avance = -301.000000, avanceR = 2.000000, avanceI = 2.000000
inc_x_r = 0.000000, inc_y_r = 1.000000, inc_x_i = 1.000000, inc_y_i = 1.000000
En el else......

----------------------------------------
x = 56.000000, y = 241.000000
avance = -299.000000, avanceR = 2.000000, avanceI = 2.000000
inc_x_r = 0.000000, inc_y_r = 1.000000, inc_x_i = 1.000000, inc_y_i = 1.000000
En el else......

----------------------------------------
x = 56.000000, y = 242.000000
avance = -297.000000, avanceR = 2.000000, avanceI = 2.000000
inc_x_r = 0.000000, inc_y_r = 1.000000, inc_x_i = 1.000000, inc_y_i = 1.000000
En el else......

----------------------------------------
x = 56.000000, y = 243.000000
avance = -295.000000, avanceR = 2.000000, avanceI = 2.000000
inc_x_r = 0.000000, inc_y_r = 1.000000, inc_x_i = 1.000000, inc_y_i = 1.000000
En el else......

----------------------------------------
x = 56.000000, y = 244.000000
avance = -293.000000, avanceR = 2.000000, avanceI = 2.000000
inc_x_r = 0.000000, inc_y_r = 1.000000, inc_x_i = 1.000000, inc_y_i = 1.000000
En el else......

----------------------------------------
x = 56.000000, y = 245.000000
avance = -291.000000, avanceR = 2.000000, avanceI = 2.000000
inc_x_r = 0.000000, inc_y_r = 1.000000, inc_x_i = 1.000000, inc_y_i = 1.000000
En el else......

----------------------------------------
x = 56.000000, y = 246.000000
avance = -289.000000, avanceR = 2.000000, avanceI = 2.000000
inc_x_r = 0.000000, inc_y_r = 1.000000, inc_x_i = 1.000000, inc_y_i = 1.000000
En el else......

----------------------------------------
x = 56.000000, y = 247.000000
avance = -287.000000, avanceR = 2.000000, avanceI = 2.000000
inc_x_r = 0.000000, inc_y_r = 1.000000, inc_x_i = 1.000000, inc_y_i = 1.000000
En el else......

----------------------------------------
x = 56.000000, y = 248.000000
avance = -285.000000, avanceR = 2.000000, avanceI = 2.000000
inc_x_r = 0.000000, inc_y_r = 1.000000, inc_x_i = 1.000000, inc_y_i = 1.000000
En el else......

----------------------------------------
x = 56.000000, y = 249.000000
avance = -283.000000, avanceR = 2.000000, avanceI = 2.000000
inc_x_r = 0.000000, inc_y_r = 1.000000, inc_x_i = 1.000000, inc_y_i = 1.000000
En el else......

----------------------------------------
x = 56.000000, y = 250.000000
avance = -281.000000, avanceR = 2.000000, avanceI = 2.000000
inc_x_r = 0.000000, inc_y_r = 1.000000, inc_x_i = 1.000000, inc_y_i = 1.000000
En el else......

----------------------------------------
x = 56.000000, y = 251.000000
avance = -279.000000, avanceR = 2.000000, avanceI = 2.000000
inc_x_r = 0.000000, inc_y_r = 1.000000, inc_x_i = 1.000000, inc_y_i = 1.000000
En el else......

----------------------------------------
x = 56.000000, y = 252.000000
avance = -277.000000, avanceR = 2.000000, avanceI = 2.000000
inc_x_r = 0.000000, inc_y_r = 1.000000, inc_x_i = 1.000000, inc_y_i = 1.000000
En el else......

----------------------------------------
x = 56.000000, y = 253.000000
avance = -275.000000, avanceR = 2.000000, avanceI = 2.000000
inc_x_r = 0.000000, inc_y_r = 1.000000, inc_x_i = 1.000000, inc_y_i = 1.000000
En el else......

----------------------------------------
x = 56.000000, y = 254.000000
avance = -273.000000, avanceR = 2.000000, avanceI = 2.000000
inc_x_r = 0.000000, inc_y_r = 1.000000, inc_x_i = 1.000000, inc_y_i = 1.000000
En el else......

----------------------------------------
x = 56.000000, y = 255.000000
avance = -271.000000, avanceR = 2.000000, avanceI = 2.000000
inc_x_r = 0.000000, inc_y_r = 1.000000, inc_x_i = 1.000000, inc_y_i = 1.000000
En el else......

----------------------------------------
x = 56.000000, y = 256.000000
avance = -269.000000, avanceR = 2.000000, avanceI = 2.000000
inc_x_r = 0.000000, inc_y_r = 1.000000, inc_x_i = 1.000000, inc_y_i = 1.000000
En el else......

----------------------------------------
x = 56.000000, y = 257.000000
avance = -267.000000, avanceR = 2.000000, avanceI = 2.000000
inc_x_r = 0.000000, inc_y_r = 1.000000, inc_x_i = 1.000000, inc_y_i = 1.000000
En el else......

----------------------------------------
x = 56.000000, y = 258.000000
avance = -265.000000, avanceR = 2.000000, avanceI = 2.000000
inc_x_r = 0.000000, inc_y_r = 1.000000, inc_x_i = 1.000000, inc_y_i = 1.000000
En el else......

----------------------------------------
x = 56.000000, y = 259.000000
avance = -263.000000, avanceR = 2.000000, avanceI = 2.000000
inc_x_r = 0.000000, inc_y_r = 1.000000, inc_x_i = 1.000000, inc_y_i = 1.000000
En el else......

----------------------------------------
x = 56.000000, y = 260.000000
avance = -261.000000, avanceR = 2.000000, avanceI = 2.000000
inc_x_r = 0.000000, inc_y_r = 1.000000, inc_x_i = 1.000000, inc_y_i = 1.000000
En el else......

----------------------------------------
x = 56.000000, y = 261.000000
avance = -259.000000, avanceR = 2.000000, avanceI = 2.000000
inc_x_r = 0.000000, inc_y_r = 1.000000, inc_x_i = 1.000000, inc_y_i = 1.000000
En el else......

----------------------------------------
x = 56.000000, y = 262.000000
avance = -257.000000, avanceR = 2.000000, avanceI = 2.000000
inc_x_r = 0.000000, inc_y_r = 1.000000, inc_x_i = 1.000000, inc_y_i = 1.000000
En el else......

----------------------------------------
x = 56.000000, y = 263.000000
avance = -255.000000, avanceR = 2.000000, avanceI = 2.000000
inc_x_r = 0.000000, inc_y_r = 1.000000, inc_x_i = 1.000000, inc_y_i = 1.000000
En el else......

----------------------------------------
x = 56.000000, y = 264.000000
avance = -253.000000, avanceR = 2.000000, avanceI = 2.000000
inc_x_r = 0.000000, inc_y_r = 1.000000, inc_x_i = 1.000000, inc_y_i = 1.000000
En el else......

----------------------------------------
x = 56.000000, y = 265.000000
avance = -251.000000, avanceR = 2.000000, avanceI = 2.000000
inc_x_r = 0.000000, inc_y_r = 1.000000, inc_x_i = 1.000000, inc_y_i = 1.000000
En el else......

----------------------------------------


ENTRAMOS A BRESENHAMªªªª
x1 = 55.000000 - y1 = 15.000000 || x2 = 56.000000 - y2 = 266.000000
dy = 251.000000, dx = 1.000000
avances inclinados: inc_x_i = 1.000000, inc_y_i = 1.000000
updated: dy = 251.000000, dx = 1.000000
avances rectos: inc_x_r = 0.000000, inc_y_r 1.000000
reupdated: dy = 1.000000, dx = 251.000000
avanceR = 2.000000, avance -249.000000, avanceI 2.000000
----------------------------------------
x = 55.000000, y = 15.000000
avance = -249.000000, avanceR = 2.000000, avanceI = 2.000000
inc_x_r = 0.000000, inc_y_r = 1.000000, inc_x_i = 1.000000, inc_y_i = 1.000000
En el else......

----------------------------------------
x = 55.000000, y = 16.000000
avance = -247.000000, avanceR = 2.000000, avanceI = 2.000000
inc_x_r = 0.000000, inc_y_r = 1.000000, inc_x_i = 1.000000, inc_y_i = 1.000000
En el else......

----------------------------------------
x = 55.000000, y = 17.000000
avance = -245.000000, avanceR = 2.000000, avanceI = 2.000000
inc_x_r = 0.000000, inc_y_r = 1.000000, inc_x_i = 1.000000, inc_y_i = 1.000000
En el else......

----------------------------------------
x = 55.000000, y = 18.000000
avance = -243.000000, avanceR = 2.000000, avanceI = 2.000000
inc_x_r = 0.000000, inc_y_r = 1.000000, inc_x_i = 1.000000, inc_y_i = 1.000000
En el else......

----------------------------------------
x = 55.000000, y = 19.000000
avance = -241.000000, avanceR = 2.000000, avanceI = 2.000000
inc_x_r = 0.000000, inc_y_r = 1.000000, inc_x_i = 1.000000, inc_y_i = 1.000000
En el else......

----------------------------------------
x = 55.000000, y = 20.000000
avance = -239.000000, avanceR = 2.000000, avanceI = 2.000000
inc_x_r = 0.000000, inc_y_r = 1.000000, inc_x_i = 1.000000, inc_y_i = 1.000000
En el else......

----------------------------------------
x = 55.000000, y = 21.000000
avance = -237.000000, avanceR = 2.000000, avanceI = 2.000000
inc_x_r = 0.000000, inc_y_r = 1.000000, inc_x_i = 1.000000, inc_y_i = 1.000000
En el else......

----------------------------------------
x = 55.000000, y = 22.000000
avance = -235.000000, avanceR = 2.000000, avanceI = 2.000000
inc_x_r = 0.000000, inc_y_r = 1.000000, inc_x_i = 1.000000, inc_y_i = 1.000000
En el else......

----------------------------------------
x = 55.000000, y = 23.000000
avance = -233.000000, avanceR = 2.000000, avanceI = 2.000000
inc_x_r = 0.000000, inc_y_r = 1.000000, inc_x_i = 1.000000, inc_y_i = 1.000000
En el else......

----------------------------------------
x = 55.000000, y = 24.000000
avance = -231.000000, avanceR = 2.000000, avanceI = 2.000000
inc_x_r = 0.000000, inc_y_r = 1.000000, inc_x_i = 1.000000, inc_y_i = 1.000000
En el else......

----------------------------------------
x = 55.000000, y = 25.000000
avance = -229.000000, avanceR = 2.000000, avanceI = 2.000000
inc_x_r = 0.000000, inc_y_r = 1.000000, inc_x_i = 1.000000, inc_y_i = 1.000000
En el else......

----------------------------------------
x = 55.000000, y = 26.000000
avance = -227.000000, avanceR = 2.000000, avanceI = 2.000000
inc_x_r = 0.000000, inc_y_r = 1.000000, inc_x_i = 1.000000, inc_y_i = 1.000000
En el else......

----------------------------------------
x = 55.000000, y = 27.000000
avance = -225.000000, avanceR = 2.000000, avanceI = 2.000000
inc_x_r = 0.000000, inc_y_r = 1.000000, inc_x_i = 1.000000, inc_y_i = 1.000000
En el else......

----------------------------------------
x = 55.000000, y = 28.000000
avance = -223.000000, avanceR = 2.000000, avanceI = 2.000000
inc_x_r = 0.000000, inc_y_r = 1.000000, inc_x_i = 1.000000, inc_y_i = 1.000000
En el else......

----------------------------------------
x = 55.000000, y = 29.000000
avance = -221.000000, avanceR = 2.000000, avanceI = 2.000000
inc_x_r = 0.000000, inc_y_r = 1.000000, inc_x_i = 1.000000, inc_y_i = 1.000000
En el else......

----------------------------------------
x = 55.000000, y = 30.000000
avance = -219.000000, avanceR = 2.000000, avanceI = 2.000000
inc_x_r = 0.000000, inc_y_r = 1.000000, inc_x_i = 1.000000, inc_y_i = 1.000000
En el else......

----------------------------------------
x = 55.000000, y = 31.000000
avance = -217.000000, avanceR = 2.000000, avanceI = 2.000000
inc_x_r = 0.000000, inc_y_r = 1.000000, inc_x_i = 1.000000, inc_y_i = 1.000000
En el else......

----------------------------------------
x = 55.000000, y = 32.000000
avance = -215.000000, avanceR = 2.000000, avanceI = 2.000000
inc_x_r = 0.000000, inc_y_r = 1.000000, inc_x_i = 1.000000, inc_y_i = 1.000000
En el else......

----------------------------------------
x = 55.000000, y = 33.000000
avance = -213.000000, avanceR = 2.000000, avanceI = 2.000000
inc_x_r = 0.000000, inc_y_r = 1.000000, inc_x_i = 1.000000, inc_y_i = 1.000000
En el else......

----------------------------------------
x = 55.000000, y = 34.000000
avance = -211.000000, avanceR = 2.000000, avanceI = 2.000000
inc_x_r = 0.000000, inc_y_r = 1.000000, inc_x_i = 1.000000, inc_y_i = 1.000000
En el else......

----------------------------------------
x = 55.000000, y = 35.000000
avance = -209.000000, avanceR = 2.000000, avanceI = 2.000000
inc_x_r = 0.000000, inc_y_r = 1.000000, inc_x_i = 1.000000, inc_y_i = 1.000000
En el else......

----------------------------------------
x = 55.000000, y = 36.000000
avance = -207.000000, avanceR = 2.000000, avanceI = 2.000000
inc_x_r = 0.000000, inc_y_r = 1.000000, inc_x_i = 1.000000, inc_y_i = 1.000000
En el else......

----------------------------------------
x = 55.000000, y = 37.000000
avance = -205.000000, avanceR = 2.000000, avanceI = 2.000000
inc_x_r = 0.000000, inc_y_r = 1.000000, inc_x_i = 1.000000, inc_y_i = 1.000000
En el else......

----------------------------------------
x = 55.000000, y = 38.000000
avance = -203.000000, avanceR = 2.000000, avanceI = 2.000000
inc_x_r = 0.000000, inc_y_r = 1.000000, inc_x_i = 1.000000, inc_y_i = 1.000000
En el else......

----------------------------------------
x = 55.000000, y = 39.000000
avance = -201.000000, avanceR = 2.000000, avanceI = 2.000000
inc_x_r = 0.000000, inc_y_r = 1.000000, inc_x_i = 1.000000, inc_y_i = 1.000000
En el else......

----------------------------------------
x = 55.000000, y = 40.000000
avance = -199.000000, avanceR = 2.000000, avanceI = 2.000000
inc_x_r = 0.000000, inc_y_r = 1.000000, inc_x_i = 1.000000, inc_y_i = 1.000000
En el else......

----------------------------------------
x = 55.000000, y = 41.000000
avance = -197.000000, avanceR = 2.000000, avanceI = 2.000000
inc_x_r = 0.000000, inc_y_r = 1.000000, inc_x_i = 1.000000, inc_y_i = 1.000000
En el else......

----------------------------------------
x = 55.000000, y = 42.000000
avance = -195.000000, avanceR = 2.000000, avanceI = 2.000000
inc_x_r = 0.000000, inc_y_r = 1.000000, inc_x_i = 1.000000, inc_y_i = 1.000000
En el else......

----------------------------------------
x = 55.000000, y = 43.000000
avance = -193.000000, avanceR = 2.000000, avanceI = 2.000000
inc_x_r = 0.000000, inc_y_r = 1.000000, inc_x_i = 1.000000, inc_y_i = 1.000000
En el else......

----------------------------------------
x = 55.000000, y = 44.000000
avance = -191.000000, avanceR = 2.000000, avanceI = 2.000000
inc_x_r = 0.000000, inc_y_r = 1.000000, inc_x_i = 1.000000, inc_y_i = 1.000000
En el else......

----------------------------------------
x = 55.000000, y = 45.000000
avance = -189.000000, avanceR = 2.000000, avanceI = 2.000000
inc_x_r = 0.000000, inc_y_r = 1.000000, inc_x_i = 1.000000, inc_y_i = 1.000000
En el else......

----------------------------------------
x = 55.000000, y = 46.000000
avance = -187.000000, avanceR = 2.000000, avanceI = 2.000000
inc_x_r = 0.000000, inc_y_r = 1.000000, inc_x_i = 1.000000, inc_y_i = 1.000000
En el else......

----------------------------------------
x = 55.000000, y = 47.000000
avance = -185.000000, avanceR = 2.000000, avanceI = 2.000000
inc_x_r = 0.000000, inc_y_r = 1.000000, inc_x_i = 1.000000, inc_y_i = 1.000000
En el else......

----------------------------------------
x = 55.000000, y = 48.000000
avance = -183.000000, avanceR = 2.000000, avanceI = 2.000000
inc_x_r = 0.000000, inc_y_r = 1.000000, inc_x_i = 1.000000, inc_y_i = 1.000000
En el else......

----------------------------------------
x = 55.000000, y = 49.000000
avance = -181.000000, avanceR = 2.000000, avanceI = 2.000000
inc_x_r = 0.000000, inc_y_r = 1.000000, inc_x_i = 1.000000, inc_y_i = 1.000000
En el else......

----------------------------------------
x = 55.000000, y = 50.000000
avance = -179.000000, avanceR = 2.000000, avanceI = 2.000000
inc_x_r = 0.000000, inc_y_r = 1.000000, inc_x_i = 1.000000, inc_y_i = 1.000000
En el else......

----------------------------------------
x = 55.000000, y = 51.000000
avance = -177.000000, avanceR = 2.000000, avanceI = 2.000000
inc_x_r = 0.000000, inc_y_r = 1.000000, inc_x_i = 1.000000, inc_y_i = 1.000000
En el else......

----------------------------------------
x = 55.000000, y = 52.000000
avance = -175.000000, avanceR = 2.000000, avanceI = 2.000000
inc_x_r = 0.000000, inc_y_r = 1.000000, inc_x_i = 1.000000, inc_y_i = 1.000000
En el else......

----------------------------------------
x = 55.000000, y = 53.000000
avance = -173.000000, avanceR = 2.000000, avanceI = 2.000000
inc_x_r = 0.000000, inc_y_r = 1.000000, inc_x_i = 1.000000, inc_y_i = 1.000000
En el else......

----------------------------------------
x = 55.000000, y = 54.000000
avance = -171.000000, avanceR = 2.000000, avanceI = 2.000000
inc_x_r = 0.000000, inc_y_r = 1.000000, inc_x_i = 1.000000, inc_y_i = 1.000000
En el else......

----------------------------------------
x = 55.000000, y = 55.000000
avance = -169.000000, avanceR = 2.000000, avanceI = 2.000000
inc_x_r = 0.000000, inc_y_r = 1.000000, inc_x_i = 1.000000, inc_y_i = 1.000000
En el else......

----------------------------------------
x = 55.000000, y = 56.000000
avance = -167.000000, avanceR = 2.000000, avanceI = 2.000000
inc_x_r = 0.000000, inc_y_r = 1.000000, inc_x_i = 1.000000, inc_y_i = 1.000000
En el else......

----------------------------------------
x = 55.000000, y = 57.000000
avance = -165.000000, avanceR = 2.000000, avanceI = 2.000000
inc_x_r = 0.000000, inc_y_r = 1.000000, inc_x_i = 1.000000, inc_y_i = 1.000000
En el else......

----------------------------------------
x = 55.000000, y = 58.000000
avance = -163.000000, avanceR = 2.000000, avanceI = 2.000000
inc_x_r = 0.000000, inc_y_r = 1.000000, inc_x_i = 1.000000, inc_y_i = 1.000000
En el else......

----------------------------------------
x = 55.000000, y = 59.000000
avance = -161.000000, avanceR = 2.000000, avanceI = 2.000000
inc_x_r = 0.000000, inc_y_r = 1.000000, inc_x_i = 1.000000, inc_y_i = 1.000000
En el else......

----------------------------------------
x = 55.000000, y = 60.000000
avance = -159.000000, avanceR = 2.000000, avanceI = 2.000000
inc_x_r = 0.000000, inc_y_r = 1.000000, inc_x_i = 1.000000, inc_y_i = 1.000000
En el else......

----------------------------------------
x = 55.000000, y = 61.000000
avance = -157.000000, avanceR = 2.000000, avanceI = 2.000000
inc_x_r = 0.000000, inc_y_r = 1.000000, inc_x_i = 1.000000, inc_y_i = 1.000000
En el else......

----------------------------------------
x = 55.000000, y = 62.000000
avance = -155.000000, avanceR = 2.000000, avanceI = 2.000000
inc_x_r = 0.000000, inc_y_r = 1.000000, inc_x_i = 1.000000, inc_y_i = 1.000000
En el else......

----------------------------------------
x = 55.000000, y = 63.000000
avance = -153.000000, avanceR = 2.000000, avanceI = 2.000000
inc_x_r = 0.000000, inc_y_r = 1.000000, inc_x_i = 1.000000, inc_y_i = 1.000000
En el else......

----------------------------------------
x = 55.000000, y = 64.000000
avance = -151.000000, avanceR = 2.000000, avanceI = 2.000000
inc_x_r = 0.000000, inc_y_r = 1.000000, inc_x_i = 1.000000, inc_y_i = 1.000000
En el else......

----------------------------------------
x = 55.000000, y = 65.000000
avance = -149.000000, avanceR = 2.000000, avanceI = 2.000000
inc_x_r = 0.000000, inc_y_r = 1.000000, inc_x_i = 1.000000, inc_y_i = 1.000000
En el else......

----------------------------------------
x = 55.000000, y = 66.000000
avance = -147.000000, avanceR = 2.000000, avanceI = 2.000000
inc_x_r = 0.000000, inc_y_r = 1.000000, inc_x_i = 1.000000, inc_y_i = 1.000000
En el else......

----------------------------------------
x = 55.000000, y = 67.000000
avance = -145.000000, avanceR = 2.000000, avanceI = 2.000000
inc_x_r = 0.000000, inc_y_r = 1.000000, inc_x_i = 1.000000, inc_y_i = 1.000000
En el else......

----------------------------------------
x = 55.000000, y = 68.000000
avance = -143.000000, avanceR = 2.000000, avanceI = 2.000000
inc_x_r = 0.000000, inc_y_r = 1.000000, inc_x_i = 1.000000, inc_y_i = 1.000000
En el else......

----------------------------------------
x = 55.000000, y = 69.000000
avance = -141.000000, avanceR = 2.000000, avanceI = 2.000000
inc_x_r = 0.000000, inc_y_r = 1.000000, inc_x_i = 1.000000, inc_y_i = 1.000000
En el else......

----------------------------------------
x = 55.000000, y = 70.000000
avance = -139.000000, avanceR = 2.000000, avanceI = 2.000000
inc_x_r = 0.000000, inc_y_r = 1.000000, inc_x_i = 1.000000, inc_y_i = 1.000000
En el else......

----------------------------------------
x = 55.000000, y = 71.000000
avance = -137.000000, avanceR = 2.000000, avanceI = 2.000000
inc_x_r = 0.000000, inc_y_r = 1.000000, inc_x_i = 1.000000, inc_y_i = 1.000000
En el else......

----------------------------------------
x = 55.000000, y = 72.000000
avance = -135.000000, avanceR = 2.000000, avanceI = 2.000000
inc_x_r = 0.000000, inc_y_r = 1.000000, inc_x_i = 1.000000, inc_y_i = 1.000000
En el else......

----------------------------------------
x = 55.000000, y = 73.000000
avance = -133.000000, avanceR = 2.000000, avanceI = 2.000000
inc_x_r = 0.000000, inc_y_r = 1.000000, inc_x_i = 1.000000, inc_y_i = 1.000000
En el else......

----------------------------------------
x = 55.000000, y = 74.000000
avance = -131.000000, avanceR = 2.000000, avanceI = 2.000000
inc_x_r = 0.000000, inc_y_r = 1.000000, inc_x_i = 1.000000, inc_y_i = 1.000000
En el else......

----------------------------------------
x = 55.000000, y = 75.000000
avance = -129.000000, avanceR = 2.000000, avanceI = 2.000000
inc_x_r = 0.000000, inc_y_r = 1.000000, inc_x_i = 1.000000, inc_y_i = 1.000000
En el else......

----------------------------------------
x = 55.000000, y = 76.000000
avance = -127.000000, avanceR = 2.000000, avanceI = 2.000000
inc_x_r = 0.000000, inc_y_r = 1.000000, inc_x_i = 1.000000, inc_y_i = 1.000000
En el else......

----------------------------------------
x = 55.000000, y = 77.000000
avance = -125.000000, avanceR = 2.000000, avanceI = 2.000000
inc_x_r = 0.000000, inc_y_r = 1.000000, inc_x_i = 1.000000, inc_y_i = 1.000000
En el else......

----------------------------------------
x = 55.000000, y = 78.000000
avance = -123.000000, avanceR = 2.000000, avanceI = 2.000000
inc_x_r = 0.000000, inc_y_r = 1.000000, inc_x_i = 1.000000, inc_y_i = 1.000000
En el else......

----------------------------------------
x = 55.000000, y = 79.000000
avance = -121.000000, avanceR = 2.000000, avanceI = 2.000000
inc_x_r = 0.000000, inc_y_r = 1.000000, inc_x_i = 1.000000, inc_y_i = 1.000000
En el else......

----------------------------------------
x = 55.000000, y = 80.000000
avance = -119.000000, avanceR = 2.000000, avanceI = 2.000000
inc_x_r = 0.000000, inc_y_r = 1.000000, inc_x_i = 1.000000, inc_y_i = 1.000000
En el else......

----------------------------------------
x = 55.000000, y = 81.000000
avance = -117.000000, avanceR = 2.000000, avanceI = 2.000000
inc_x_r = 0.000000, inc_y_r = 1.000000, inc_x_i = 1.000000, inc_y_i = 1.000000
En el else......

----------------------------------------
x = 55.000000, y = 82.000000
avance = -115.000000, avanceR = 2.000000, avanceI = 2.000000
inc_x_r = 0.000000, inc_y_r = 1.000000, inc_x_i = 1.000000, inc_y_i = 1.000000
En el else......

----------------------------------------
x = 55.000000, y = 83.000000
avance = -113.000000, avanceR = 2.000000, avanceI = 2.000000
inc_x_r = 0.000000, inc_y_r = 1.000000, inc_x_i = 1.000000, inc_y_i = 1.000000
En el else......

----------------------------------------
x = 55.000000, y = 84.000000
avance = -111.000000, avanceR = 2.000000, avanceI = 2.000000
inc_x_r = 0.000000, inc_y_r = 1.000000, inc_x_i = 1.000000, inc_y_i = 1.000000
En el else......

----------------------------------------
x = 55.000000, y = 85.000000
avance = -109.000000, avanceR = 2.000000, avanceI = 2.000000
inc_x_r = 0.000000, inc_y_r = 1.000000, inc_x_i = 1.000000, inc_y_i = 1.000000
En el else......

----------------------------------------
x = 55.000000, y = 86.000000
avance = -107.000000, avanceR = 2.000000, avanceI = 2.000000
inc_x_r = 0.000000, inc_y_r = 1.000000, inc_x_i = 1.000000, inc_y_i = 1.000000
En el else......

----------------------------------------
x = 55.000000, y = 87.000000
avance = -105.000000, avanceR = 2.000000, avanceI = 2.000000
inc_x_r = 0.000000, inc_y_r = 1.000000, inc_x_i = 1.000000, inc_y_i = 1.000000
En el else......

----------------------------------------
x = 55.000000, y = 88.000000
avance = -103.000000, avanceR = 2.000000, avanceI = 2.000000
inc_x_r = 0.000000, inc_y_r = 1.000000, inc_x_i = 1.000000, inc_y_i = 1.000000
En el else......

----------------------------------------
x = 55.000000, y = 89.000000
avance = -101.000000, avanceR = 2.000000, avanceI = 2.000000
inc_x_r = 0.000000, inc_y_r = 1.000000, inc_x_i = 1.000000, inc_y_i = 1.000000
En el else......

----------------------------------------
x = 55.000000, y = 90.000000
avance = -99.000000, avanceR = 2.000000, avanceI = 2.000000
inc_x_r = 0.000000, inc_y_r = 1.000000, inc_x_i = 1.000000, inc_y_i = 1.000000
En el else......

----------------------------------------
x = 55.000000, y = 91.000000
avance = -97.000000, avanceR = 2.000000, avanceI = 2.000000
inc_x_r = 0.000000, inc_y_r = 1.000000, inc_x_i = 1.000000, inc_y_i = 1.000000
En el else......

----------------------------------------
x = 55.000000, y = 92.000000
avance = -95.000000, avanceR = 2.000000, avanceI = 2.000000
inc_x_r = 0.000000, inc_y_r = 1.000000, inc_x_i = 1.000000, inc_y_i = 1.000000
En el else......

----------------------------------------
x = 55.000000, y = 93.000000
avance = -93.000000, avanceR = 2.000000, avanceI = 2.000000
inc_x_r = 0.000000, inc_y_r = 1.000000, inc_x_i = 1.000000, inc_y_i = 1.000000
En el else......

----------------------------------------
x = 55.000000, y = 94.000000
avance = -91.000000, avanceR = 2.000000, avanceI = 2.000000
inc_x_r = 0.000000, inc_y_r = 1.000000, inc_x_i = 1.000000, inc_y_i = 1.000000
En el else......

----------------------------------------
x = 55.000000, y = 95.000000
avance = -89.000000, avanceR = 2.000000, avanceI = 2.000000
inc_x_r = 0.000000, inc_y_r = 1.000000, inc_x_i = 1.000000, inc_y_i = 1.000000
En el else......

----------------------------------------
x = 55.000000, y = 96.000000
avance = -87.000000, avanceR = 2.000000, avanceI = 2.000000
inc_x_r = 0.000000, inc_y_r = 1.000000, inc_x_i = 1.000000, inc_y_i = 1.000000
En el else......

----------------------------------------
x = 55.000000, y = 97.000000
avance = -85.000000, avanceR = 2.000000, avanceI = 2.000000
inc_x_r = 0.000000, inc_y_r = 1.000000, inc_x_i = 1.000000, inc_y_i = 1.000000
En el else......

----------------------------------------
x = 55.000000, y = 98.000000
avance = -83.000000, avanceR = 2.000000, avanceI = 2.000000
inc_x_r = 0.000000, inc_y_r = 1.000000, inc_x_i = 1.000000, inc_y_i = 1.000000
En el else......

----------------------------------------
x = 55.000000, y = 99.000000
avance = -81.000000, avanceR = 2.000000, avanceI = 2.000000
inc_x_r = 0.000000, inc_y_r = 1.000000, inc_x_i = 1.000000, inc_y_i = 1.000000
En el else......

----------------------------------------
x = 55.000000, y = 100.000000
avance = -79.000000, avanceR = 2.000000, avanceI = 2.000000
inc_x_r = 0.000000, inc_y_r = 1.000000, inc_x_i = 1.000000, inc_y_i = 1.000000
En el else......

----------------------------------------
x = 55.000000, y = 101.000000
avance = -77.000000, avanceR = 2.000000, avanceI = 2.000000
inc_x_r = 0.000000, inc_y_r = 1.000000, inc_x_i = 1.000000, inc_y_i = 1.000000
En el else......

----------------------------------------
x = 55.000000, y = 102.000000
avance = -75.000000, avanceR = 2.000000, avanceI = 2.000000
inc_x_r = 0.000000, inc_y_r = 1.000000, inc_x_i = 1.000000, inc_y_i = 1.000000
En el else......

----------------------------------------
x = 55.000000, y = 103.000000
avance = -73.000000, avanceR = 2.000000, avanceI = 2.000000
inc_x_r = 0.000000, inc_y_r = 1.000000, inc_x_i = 1.000000, inc_y_i = 1.000000
En el else......

----------------------------------------
x = 55.000000, y = 104.000000
avance = -71.000000, avanceR = 2.000000, avanceI = 2.000000
inc_x_r = 0.000000, inc_y_r = 1.000000, inc_x_i = 1.000000, inc_y_i = 1.000000
En el else......

----------------------------------------
x = 55.000000, y = 105.000000
avance = -69.000000, avanceR = 2.000000, avanceI = 2.000000
inc_x_r = 0.000000, inc_y_r = 1.000000, inc_x_i = 1.000000, inc_y_i = 1.000000
En el else......

----------------------------------------
x = 55.000000, y = 106.000000
avance = -67.000000, avanceR = 2.000000, avanceI = 2.000000
inc_x_r = 0.000000, inc_y_r = 1.000000, inc_x_i = 1.000000, inc_y_i = 1.000000
En el else......

----------------------------------------
x = 55.000000, y = 107.000000
avance = -65.000000, avanceR = 2.000000, avanceI = 2.000000
inc_x_r = 0.000000, inc_y_r = 1.000000, inc_x_i = 1.000000, inc_y_i = 1.000000
En el else......

----------------------------------------
x = 55.000000, y = 108.000000
avance = -63.000000, avanceR = 2.000000, avanceI = 2.000000
inc_x_r = 0.000000, inc_y_r = 1.000000, inc_x_i = 1.000000, inc_y_i = 1.000000
En el else......

----------------------------------------
x = 55.000000, y = 109.000000
avance = -61.000000, avanceR = 2.000000, avanceI = 2.000000
inc_x_r = 0.000000, inc_y_r = 1.000000, inc_x_i = 1.000000, inc_y_i = 1.000000
En el else......

----------------------------------------
x = 55.000000, y = 110.000000
avance = -59.000000, avanceR = 2.000000, avanceI = 2.000000
inc_x_r = 0.000000, inc_y_r = 1.000000, inc_x_i = 1.000000, inc_y_i = 1.000000
En el else......

----------------------------------------
x = 55.000000, y = 111.000000
avance = -57.000000, avanceR = 2.000000, avanceI = 2.000000
inc_x_r = 0.000000, inc_y_r = 1.000000, inc_x_i = 1.000000, inc_y_i = 1.000000
En el else......

----------------------------------------
x = 55.000000, y = 112.000000
avance = -55.000000, avanceR = 2.000000, avanceI = 2.000000
inc_x_r = 0.000000, inc_y_r = 1.000000, inc_x_i = 1.000000, inc_y_i = 1.000000
En el else......

----------------------------------------
x = 55.000000, y = 113.000000
avance = -53.000000, avanceR = 2.000000, avanceI = 2.000000
inc_x_r = 0.000000, inc_y_r = 1.000000, inc_x_i = 1.000000, inc_y_i = 1.000000
En el else......

----------------------------------------
x = 55.000000, y = 114.000000
avance = -51.000000, avanceR = 2.000000, avanceI = 2.000000
inc_x_r = 0.000000, inc_y_r = 1.000000, inc_x_i = 1.000000, inc_y_i = 1.000000
En el else......

----------------------------------------
x = 55.000000, y = 115.000000
avance = -49.000000, avanceR = 2.000000, avanceI = 2.000000
inc_x_r = 0.000000, inc_y_r = 1.000000, inc_x_i = 1.000000, inc_y_i = 1.000000
En el else......

----------------------------------------
x = 55.000000, y = 116.000000
avance = -47.000000, avanceR = 2.000000, avanceI = 2.000000
inc_x_r = 0.000000, inc_y_r = 1.000000, inc_x_i = 1.000000, inc_y_i = 1.000000
En el else......

----------------------------------------
x = 55.000000, y = 117.000000
avance = -45.000000, avanceR = 2.000000, avanceI = 2.000000
inc_x_r = 0.000000, inc_y_r = 1.000000, inc_x_i = 1.000000, inc_y_i = 1.000000
En el else......

----------------------------------------
x = 55.000000, y = 118.000000
avance = -43.000000, avanceR = 2.000000, avanceI = 2.000000
inc_x_r = 0.000000, inc_y_r = 1.000000, inc_x_i = 1.000000, inc_y_i = 1.000000
En el else......

----------------------------------------
x = 55.000000, y = 119.000000
avance = -41.000000, avanceR = 2.000000, avanceI = 2.000000
inc_x_r = 0.000000, inc_y_r = 1.000000, inc_x_i = 1.000000, inc_y_i = 1.000000
En el else......

----------------------------------------
x = 55.000000, y = 120.000000
avance = -39.000000, avanceR = 2.000000, avanceI = 2.000000
inc_x_r = 0.000000, inc_y_r = 1.000000, inc_x_i = 1.000000, inc_y_i = 1.000000
En el else......

----------------------------------------
x = 55.000000, y = 121.000000
avance = -37.000000, avanceR = 2.000000, avanceI = 2.000000
inc_x_r = 0.000000, inc_y_r = 1.000000, inc_x_i = 1.000000, inc_y_i = 1.000000
En el else......

----------------------------------------
x = 55.000000, y = 122.000000
avance = -35.000000, avanceR = 2.000000, avanceI = 2.000000
inc_x_r = 0.000000, inc_y_r = 1.000000, inc_x_i = 1.000000, inc_y_i = 1.000000
En el else......

----------------------------------------
x = 55.000000, y = 123.000000
avance = -33.000000, avanceR = 2.000000, avanceI = 2.000000
inc_x_r = 0.000000, inc_y_r = 1.000000, inc_x_i = 1.000000, inc_y_i = 1.000000
En el else......

----------------------------------------
x = 55.000000, y = 124.000000
avance = -31.000000, avanceR = 2.000000, avanceI = 2.000000
inc_x_r = 0.000000, inc_y_r = 1.000000, inc_x_i = 1.000000, inc_y_i = 1.000000
En el else......

----------------------------------------
x = 55.000000, y = 125.000000
avance = -29.000000, avanceR = 2.000000, avanceI = 2.000000
inc_x_r = 0.000000, inc_y_r = 1.000000, inc_x_i = 1.000000, inc_y_i = 1.000000
En el else......

----------------------------------------
x = 55.000000, y = 126.000000
avance = -27.000000, avanceR = 2.000000, avanceI = 2.000000
inc_x_r = 0.000000, inc_y_r = 1.000000, inc_x_i = 1.000000, inc_y_i = 1.000000
En el else......

----------------------------------------
x = 55.000000, y = 127.000000
avance = -25.000000, avanceR = 2.000000, avanceI = 2.000000
inc_x_r = 0.000000, inc_y_r = 1.000000, inc_x_i = 1.000000, inc_y_i = 1.000000
En el else......

----------------------------------------
x = 55.000000, y = 128.000000
avance = -23.000000, avanceR = 2.000000, avanceI = 2.000000
inc_x_r = 0.000000, inc_y_r = 1.000000, inc_x_i = 1.000000, inc_y_i = 1.000000
En el else......

----------------------------------------
x = 55.000000, y = 129.000000
avance = -21.000000, avanceR = 2.000000, avanceI = 2.000000
inc_x_r = 0.000000, inc_y_r = 1.000000, inc_x_i = 1.000000, inc_y_i = 1.000000
En el else......

----------------------------------------
x = 55.000000, y = 130.000000
avance = -19.000000, avanceR = 2.000000, avanceI = 2.000000
inc_x_r = 0.000000, inc_y_r = 1.000000, inc_x_i = 1.000000, inc_y_i = 1.000000
En el else......

----------------------------------------
x = 55.000000, y = 131.000000
avance = -17.000000, avanceR = 2.000000, avanceI = 2.000000
inc_x_r = 0.000000, inc_y_r = 1.000000, inc_x_i = 1.000000, inc_y_i = 1.000000
En el else......

----------------------------------------
x = 55.000000, y = 132.000000
avance = -15.000000, avanceR = 2.000000, avanceI = 2.000000
inc_x_r = 0.000000, inc_y_r = 1.000000, inc_x_i = 1.000000, inc_y_i = 1.000000
En el else......

----------------------------------------
x = 55.000000, y = 133.000000
avance = -13.000000, avanceR = 2.000000, avanceI = 2.000000
inc_x_r = 0.000000, inc_y_r = 1.000000, inc_x_i = 1.000000, inc_y_i = 1.000000
En el else......

----------------------------------------
x = 55.000000, y = 134.000000
avance = -11.000000, avanceR = 2.000000, avanceI = 2.000000
inc_x_r = 0.000000, inc_y_r = 1.000000, inc_x_i = 1.000000, inc_y_i = 1.000000
En el else......

----------------------------------------
x = 55.000000, y = 135.000000
avance = -9.000000, avanceR = 2.000000, avanceI = 2.000000
inc_x_r = 0.000000, inc_y_r = 1.000000, inc_x_i = 1.000000, inc_y_i = 1.000000
En el else......

----------------------------------------
x = 55.000000, y = 136.000000
avance = -7.000000, avanceR = 2.000000, avanceI = 2.000000
inc_x_r = 0.000000, inc_y_r = 1.000000, inc_x_i = 1.000000, inc_y_i = 1.000000
En el else......

----------------------------------------
x = 55.000000, y = 137.000000
avance = -5.000000, avanceR = 2.000000, avanceI = 2.000000
inc_x_r = 0.000000, inc_y_r = 1.000000, inc_x_i = 1.000000, inc_y_i = 1.000000
En el else......

----------------------------------------
x = 55.000000, y = 138.000000
avance = -3.000000, avanceR = 2.000000, avanceI = 2.000000
inc_x_r = 0.000000, inc_y_r = 1.000000, inc_x_i = 1.000000, inc_y_i = 1.000000
En el else......

----------------------------------------
x = 55.000000, y = 139.000000
avance = -1.000000, avanceR = 2.000000, avanceI = 2.000000
inc_x_r = 0.000000, inc_y_r = 1.000000, inc_x_i = 1.000000, inc_y_i = 1.000000
En el else......

----------------------------------------
x = 55.000000, y = 140.000000
avance = 1.000000, avanceR = 2.000000, avanceI = 2.000000
inc_x_r = 0.000000, inc_y_r = 1.000000, inc_x_i = 1.000000, inc_y_i = 1.000000
avance >= 0

----------------------------------------
x = 56.000000, y = 141.000000
avance = -499.000000, avanceR = 2.000000, avanceI = 2.000000
inc_x_r = 0.000000, inc_y_r = 1.000000, inc_x_i = 1.000000, inc_y_i = 1.000000
En el else......

----------------------------------------
x = 56.000000, y = 142.000000
avance = -497.000000, avanceR = 2.000000, avanceI = 2.000000
inc_x_r = 0.000000, inc_y_r = 1.000000, inc_x_i = 1.000000, inc_y_i = 1.000000
En el else......

----------------------------------------
x = 56.000000, y = 143.000000
avance = -495.000000, avanceR = 2.000000, avanceI = 2.000000
inc_x_r = 0.000000, inc_y_r = 1.000000, inc_x_i = 1.000000, inc_y_i = 1.000000
En el else......

----------------------------------------
x = 56.000000, y = 144.000000
avance = -493.000000, avanceR = 2.000000, avanceI = 2.000000
inc_x_r = 0.000000, inc_y_r = 1.000000, inc_x_i = 1.000000, inc_y_i = 1.000000
En el else......

----------------------------------------
x = 56.000000, y = 145.000000
avance = -491.000000, avanceR = 2.000000, avanceI = 2.000000
inc_x_r = 0.000000, inc_y_r = 1.000000, inc_x_i = 1.000000, inc_y_i = 1.000000
En el else......

----------------------------------------
x = 56.000000, y = 146.000000
avance = -489.000000, avanceR = 2.000000, avanceI = 2.000000
inc_x_r = 0.000000, inc_y_r = 1.000000, inc_x_i = 1.000000, inc_y_i = 1.000000
En el else......

----------------------------------------
x = 56.000000, y = 147.000000
avance = -487.000000, avanceR = 2.000000, avanceI = 2.000000
inc_x_r = 0.000000, inc_y_r = 1.000000, inc_x_i = 1.000000, inc_y_i = 1.000000
En el else......

----------------------------------------
x = 56.000000, y = 148.000000
avance = -485.000000, avanceR = 2.000000, avanceI = 2.000000
inc_x_r = 0.000000, inc_y_r = 1.000000, inc_x_i = 1.000000, inc_y_i = 1.000000
En el else......

----------------------------------------
x = 56.000000, y = 149.000000
avance = -483.000000, avanceR = 2.000000, avanceI = 2.000000
inc_x_r = 0.000000, inc_y_r = 1.000000, inc_x_i = 1.000000, inc_y_i = 1.000000
En el else......

----------------------------------------
x = 56.000000, y = 150.000000
avance = -481.000000, avanceR = 2.000000, avanceI = 2.000000
inc_x_r = 0.000000, inc_y_r = 1.000000, inc_x_i = 1.000000, inc_y_i = 1.000000
En el else......

----------------------------------------
x = 56.000000, y = 151.000000
avance = -479.000000, avanceR = 2.000000, avanceI = 2.000000
inc_x_r = 0.000000, inc_y_r = 1.000000, inc_x_i = 1.000000, inc_y_i = 1.000000
En el else......

----------------------------------------
x = 56.000000, y = 152.000000
avance = -477.000000, avanceR = 2.000000, avanceI = 2.000000
inc_x_r = 0.000000, inc_y_r = 1.000000, inc_x_i = 1.000000, inc_y_i = 1.000000
En el else......

----------------------------------------
x = 56.000000, y = 153.000000
avance = -475.000000, avanceR = 2.000000, avanceI = 2.000000
inc_x_r = 0.000000, inc_y_r = 1.000000, inc_x_i = 1.000000, inc_y_i = 1.000000
En el else......

----------------------------------------
x = 56.000000, y = 154.000000
avance = -473.000000, avanceR = 2.000000, avanceI = 2.000000
inc_x_r = 0.000000, inc_y_r = 1.000000, inc_x_i = 1.000000, inc_y_i = 1.000000
En el else......

----------------------------------------
x = 56.000000, y = 155.000000
avance = -471.000000, avanceR = 2.000000, avanceI = 2.000000
inc_x_r = 0.000000, inc_y_r = 1.000000, inc_x_i = 1.000000, inc_y_i = 1.000000
En el else......

----------------------------------------
x = 56.000000, y = 156.000000
avance = -469.000000, avanceR = 2.000000, avanceI = 2.000000
inc_x_r = 0.000000, inc_y_r = 1.000000, inc_x_i = 1.000000, inc_y_i = 1.000000
En el else......

----------------------------------------
x = 56.000000, y = 157.000000
avance = -467.000000, avanceR = 2.000000, avanceI = 2.000000
inc_x_r = 0.000000, inc_y_r = 1.000000, inc_x_i = 1.000000, inc_y_i = 1.000000
En el else......

----------------------------------------
x = 56.000000, y = 158.000000
avance = -465.000000, avanceR = 2.000000, avanceI = 2.000000
inc_x_r = 0.000000, inc_y_r = 1.000000, inc_x_i = 1.000000, inc_y_i = 1.000000
En el else......

----------------------------------------
x = 56.000000, y = 159.000000
avance = -463.000000, avanceR = 2.000000, avanceI = 2.000000
inc_x_r = 0.000000, inc_y_r = 1.000000, inc_x_i = 1.000000, inc_y_i = 1.000000
En el else......

----------------------------------------
x = 56.000000, y = 160.000000
avance = -461.000000, avanceR = 2.000000, avanceI = 2.000000
inc_x_r = 0.000000, inc_y_r = 1.000000, inc_x_i = 1.000000, inc_y_i = 1.000000
En el else......

----------------------------------------
x = 56.000000, y = 161.000000
avance = -459.000000, avanceR = 2.000000, avanceI = 2.000000
inc_x_r = 0.000000, inc_y_r = 1.000000, inc_x_i = 1.000000, inc_y_i = 1.000000
En el else......

----------------------------------------
x = 56.000000, y = 162.000000
avance = -457.000000, avanceR = 2.000000, avanceI = 2.000000
inc_x_r = 0.000000, inc_y_r = 1.000000, inc_x_i = 1.000000, inc_y_i = 1.000000
En el else......

----------------------------------------
x = 56.000000, y = 163.000000
avance = -455.000000, avanceR = 2.000000, avanceI = 2.000000
inc_x_r = 0.000000, inc_y_r = 1.000000, inc_x_i = 1.000000, inc_y_i = 1.000000
En el else......

----------------------------------------
x = 56.000000, y = 164.000000
avance = -453.000000, avanceR = 2.000000, avanceI = 2.000000
inc_x_r = 0.000000, inc_y_r = 1.000000, inc_x_i = 1.000000, inc_y_i = 1.000000
En el else......

----------------------------------------
x = 56.000000, y = 165.000000
avance = -451.000000, avanceR = 2.000000, avanceI = 2.000000
inc_x_r = 0.000000, inc_y_r = 1.000000, inc_x_i = 1.000000, inc_y_i = 1.000000
En el else......

----------------------------------------
x = 56.000000, y = 166.000000
avance = -449.000000, avanceR = 2.000000, avanceI = 2.000000
inc_x_r = 0.000000, inc_y_r = 1.000000, inc_x_i = 1.000000, inc_y_i = 1.000000
En el else......

----------------------------------------
x = 56.000000, y = 167.000000
avance = -447.000000, avanceR = 2.000000, avanceI = 2.000000
inc_x_r = 0.000000, inc_y_r = 1.000000, inc_x_i = 1.000000, inc_y_i = 1.000000
En el else......

----------------------------------------
x = 56.000000, y = 168.000000
avance = -445.000000, avanceR = 2.000000, avanceI = 2.000000
inc_x_r = 0.000000, inc_y_r = 1.000000, inc_x_i = 1.000000, inc_y_i = 1.000000
En el else......

----------------------------------------
x = 56.000000, y = 169.000000
avance = -443.000000, avanceR = 2.000000, avanceI = 2.000000
inc_x_r = 0.000000, inc_y_r = 1.000000, inc_x_i = 1.000000, inc_y_i = 1.000000
En el else......

----------------------------------------
x = 56.000000, y = 170.000000
avance = -441.000000, avanceR = 2.000000, avanceI = 2.000000
inc_x_r = 0.000000, inc_y_r = 1.000000, inc_x_i = 1.000000, inc_y_i = 1.000000
En el else......

----------------------------------------
x = 56.000000, y = 171.000000
avance = -439.000000, avanceR = 2.000000, avanceI = 2.000000
inc_x_r = 0.000000, inc_y_r = 1.000000, inc_x_i = 1.000000, inc_y_i = 1.000000
En el else......

----------------------------------------
x = 56.000000, y = 172.000000
avance = -437.000000, avanceR = 2.000000, avanceI = 2.000000
inc_x_r = 0.000000, inc_y_r = 1.000000, inc_x_i = 1.000000, inc_y_i = 1.000000
En el else......

----------------------------------------
x = 56.000000, y = 173.000000
avance = -435.000000, avanceR = 2.000000, avanceI = 2.000000
inc_x_r = 0.000000, inc_y_r = 1.000000, inc_x_i = 1.000000, inc_y_i = 1.000000
En el else......

----------------------------------------
x = 56.000000, y = 174.000000
avance = -433.000000, avanceR = 2.000000, avanceI = 2.000000
inc_x_r = 0.000000, inc_y_r = 1.000000, inc_x_i = 1.000000, inc_y_i = 1.000000
En el else......

----------------------------------------
x = 56.000000, y = 175.000000
avance = -431.000000, avanceR = 2.000000, avanceI = 2.000000
inc_x_r = 0.000000, inc_y_r = 1.000000, inc_x_i = 1.000000, inc_y_i = 1.000000
En el else......

----------------------------------------
x = 56.000000, y = 176.000000
avance = -429.000000, avanceR = 2.000000, avanceI = 2.000000
inc_x_r = 0.000000, inc_y_r = 1.000000, inc_x_i = 1.000000, inc_y_i = 1.000000
En el else......

----------------------------------------
x = 56.000000, y = 177.000000
avance = -427.000000, avanceR = 2.000000, avanceI = 2.000000
inc_x_r = 0.000000, inc_y_r = 1.000000, inc_x_i = 1.000000, inc_y_i = 1.000000
En el else......

----------------------------------------
x = 56.000000, y = 178.000000
avance = -425.000000, avanceR = 2.000000, avanceI = 2.000000
inc_x_r = 0.000000, inc_y_r = 1.000000, inc_x_i = 1.000000, inc_y_i = 1.000000
En el else......

----------------------------------------
x = 56.000000, y = 179.000000
avance = -423.000000, avanceR = 2.000000, avanceI = 2.000000
inc_x_r = 0.000000, inc_y_r = 1.000000, inc_x_i = 1.000000, inc_y_i = 1.000000
En el else......

----------------------------------------
x = 56.000000, y = 180.000000
avance = -421.000000, avanceR = 2.000000, avanceI = 2.000000
inc_x_r = 0.000000, inc_y_r = 1.000000, inc_x_i = 1.000000, inc_y_i = 1.000000
En el else......

----------------------------------------
x = 56.000000, y = 181.000000
avance = -419.000000, avanceR = 2.000000, avanceI = 2.000000
inc_x_r = 0.000000, inc_y_r = 1.000000, inc_x_i = 1.000000, inc_y_i = 1.000000
En el else......

----------------------------------------
x = 56.000000, y = 182.000000
avance = -417.000000, avanceR = 2.000000, avanceI = 2.000000
inc_x_r = 0.000000, inc_y_r = 1.000000, inc_x_i = 1.000000, inc_y_i = 1.000000
En el else......

----------------------------------------
x = 56.000000, y = 183.000000
avance = -415.000000, avanceR = 2.000000, avanceI = 2.000000
inc_x_r = 0.000000, inc_y_r = 1.000000, inc_x_i = 1.000000, inc_y_i = 1.000000
En el else......

----------------------------------------
x = 56.000000, y = 184.000000
avance = -413.000000, avanceR = 2.000000, avanceI = 2.000000
inc_x_r = 0.000000, inc_y_r = 1.000000, inc_x_i = 1.000000, inc_y_i = 1.000000
En el else......

----------------------------------------
x = 56.000000, y = 185.000000
avance = -411.000000, avanceR = 2.000000, avanceI = 2.000000
inc_x_r = 0.000000, inc_y_r = 1.000000, inc_x_i = 1.000000, inc_y_i = 1.000000
En el else......

----------------------------------------
x = 56.000000, y = 186.000000
avance = -409.000000, avanceR = 2.000000, avanceI = 2.000000
inc_x_r = 0.000000, inc_y_r = 1.000000, inc_x_i = 1.000000, inc_y_i = 1.000000
En el else......

----------------------------------------
x = 56.000000, y = 187.000000
avance = -407.000000, avanceR = 2.000000, avanceI = 2.000000
inc_x_r = 0.000000, inc_y_r = 1.000000, inc_x_i = 1.000000, inc_y_i = 1.000000
En el else......

----------------------------------------
x = 56.000000, y = 188.000000
avance = -405.000000, avanceR = 2.000000, avanceI = 2.000000
inc_x_r = 0.000000, inc_y_r = 1.000000, inc_x_i = 1.000000, inc_y_i = 1.000000
En el else......

----------------------------------------
x = 56.000000, y = 189.000000
avance = -403.000000, avanceR = 2.000000, avanceI = 2.000000
inc_x_r = 0.000000, inc_y_r = 1.000000, inc_x_i = 1.000000, inc_y_i = 1.000000
En el else......

----------------------------------------
x = 56.000000, y = 190.000000
avance = -401.000000, avanceR = 2.000000, avanceI = 2.000000
inc_x_r = 0.000000, inc_y_r = 1.000000, inc_x_i = 1.000000, inc_y_i = 1.000000
En el else......

----------------------------------------
x = 56.000000, y = 191.000000
avance = -399.000000, avanceR = 2.000000, avanceI = 2.000000
inc_x_r = 0.000000, inc_y_r = 1.000000, inc_x_i = 1.000000, inc_y_i = 1.000000
En el else......

----------------------------------------
x = 56.000000, y = 192.000000
avance = -397.000000, avanceR = 2.000000, avanceI = 2.000000
inc_x_r = 0.000000, inc_y_r = 1.000000, inc_x_i = 1.000000, inc_y_i = 1.000000
En el else......

----------------------------------------
x = 56.000000, y = 193.000000
avance = -395.000000, avanceR = 2.000000, avanceI = 2.000000
inc_x_r = 0.000000, inc_y_r = 1.000000, inc_x_i = 1.000000, inc_y_i = 1.000000
En el else......

----------------------------------------
x = 56.000000, y = 194.000000
avance = -393.000000, avanceR = 2.000000, avanceI = 2.000000
inc_x_r = 0.000000, inc_y_r = 1.000000, inc_x_i = 1.000000, inc_y_i = 1.000000
En el else......

----------------------------------------
x = 56.000000, y = 195.000000
avance = -391.000000, avanceR = 2.000000, avanceI = 2.000000
inc_x_r = 0.000000, inc_y_r = 1.000000, inc_x_i = 1.000000, inc_y_i = 1.000000
En el else......

----------------------------------------
x = 56.000000, y = 196.000000
avance = -389.000000, avanceR = 2.000000, avanceI = 2.000000
inc_x_r = 0.000000, inc_y_r = 1.000000, inc_x_i = 1.000000, inc_y_i = 1.000000
En el else......

----------------------------------------
x = 56.000000, y = 197.000000
avance = -387.000000, avanceR = 2.000000, avanceI = 2.000000
inc_x_r = 0.000000, inc_y_r = 1.000000, inc_x_i = 1.000000, inc_y_i = 1.000000
En el else......

----------------------------------------
x = 56.000000, y = 198.000000
avance = -385.000000, avanceR = 2.000000, avanceI = 2.000000
inc_x_r = 0.000000, inc_y_r = 1.000000, inc_x_i = 1.000000, inc_y_i = 1.000000
En el else......

----------------------------------------
x = 56.000000, y = 199.000000
avance = -383.000000, avanceR = 2.000000, avanceI = 2.000000
inc_x_r = 0.000000, inc_y_r = 1.000000, inc_x_i = 1.000000, inc_y_i = 1.000000
En el else......

----------------------------------------
x = 56.000000, y = 200.000000
avance = -381.000000, avanceR = 2.000000, avanceI = 2.000000
inc_x_r = 0.000000, inc_y_r = 1.000000, inc_x_i = 1.000000, inc_y_i = 1.000000
En el else......

----------------------------------------
x = 56.000000, y = 201.000000
avance = -379.000000, avanceR = 2.000000, avanceI = 2.000000
inc_x_r = 0.000000, inc_y_r = 1.000000, inc_x_i = 1.000000, inc_y_i = 1.000000
En el else......

----------------------------------------
x = 56.000000, y = 202.000000
avance = -377.000000, avanceR = 2.000000, avanceI = 2.000000
inc_x_r = 0.000000, inc_y_r = 1.000000, inc_x_i = 1.000000, inc_y_i = 1.000000
En el else......

----------------------------------------
x = 56.000000, y = 203.000000
avance = -375.000000, avanceR = 2.000000, avanceI = 2.000000
inc_x_r = 0.000000, inc_y_r = 1.000000, inc_x_i = 1.000000, inc_y_i = 1.000000
En el else......

----------------------------------------
x = 56.000000, y = 204.000000
avance = -373.000000, avanceR = 2.000000, avanceI = 2.000000
inc_x_r = 0.000000, inc_y_r = 1.000000, inc_x_i = 1.000000, inc_y_i = 1.000000
En el else......

----------------------------------------
x = 56.000000, y = 205.000000
avance = -371.000000, avanceR = 2.000000, avanceI = 2.000000
inc_x_r = 0.000000, inc_y_r = 1.000000, inc_x_i = 1.000000, inc_y_i = 1.000000
En el else......

----------------------------------------
x = 56.000000, y = 206.000000
avance = -369.000000, avanceR = 2.000000, avanceI = 2.000000
inc_x_r = 0.000000, inc_y_r = 1.000000, inc_x_i = 1.000000, inc_y_i = 1.000000
En el else......

----------------------------------------
x = 56.000000, y = 207.000000
avance = -367.000000, avanceR = 2.000000, avanceI = 2.000000
inc_x_r = 0.000000, inc_y_r = 1.000000, inc_x_i = 1.000000, inc_y_i = 1.000000
En el else......

----------------------------------------
x = 56.000000, y = 208.000000
avance = -365.000000, avanceR = 2.000000, avanceI = 2.000000
inc_x_r = 0.000000, inc_y_r = 1.000000, inc_x_i = 1.000000, inc_y_i = 1.000000
En el else......

----------------------------------------
x = 56.000000, y = 209.000000
avance = -363.000000, avanceR = 2.000000, avanceI = 2.000000
inc_x_r = 0.000000, inc_y_r = 1.000000, inc_x_i = 1.000000, inc_y_i = 1.000000
En el else......

----------------------------------------
x = 56.000000, y = 210.000000
avance = -361.000000, avanceR = 2.000000, avanceI = 2.000000
inc_x_r = 0.000000, inc_y_r = 1.000000, inc_x_i = 1.000000, inc_y_i = 1.000000
En el else......

----------------------------------------
x = 56.000000, y = 211.000000
avance = -359.000000, avanceR = 2.000000, avanceI = 2.000000
inc_x_r = 0.000000, inc_y_r = 1.000000, inc_x_i = 1.000000, inc_y_i = 1.000000
En el else......

----------------------------------------
x = 56.000000, y = 212.000000
avance = -357.000000, avanceR = 2.000000, avanceI = 2.000000
inc_x_r = 0.000000, inc_y_r = 1.000000, inc_x_i = 1.000000, inc_y_i = 1.000000
En el else......

----------------------------------------
x = 56.000000, y = 213.000000
avance = -355.000000, avanceR = 2.000000, avanceI = 2.000000
inc_x_r = 0.000000, inc_y_r = 1.000000, inc_x_i = 1.000000, inc_y_i = 1.000000
En el else......

----------------------------------------
x = 56.000000, y = 214.000000
avance = -353.000000, avanceR = 2.000000, avanceI = 2.000000
inc_x_r = 0.000000, inc_y_r = 1.000000, inc_x_i = 1.000000, inc_y_i = 1.000000
En el else......

----------------------------------------
x = 56.000000, y = 215.000000
avance = -351.000000, avanceR = 2.000000, avanceI = 2.000000
inc_x_r = 0.000000, inc_y_r = 1.000000, inc_x_i = 1.000000, inc_y_i = 1.000000
En el else......

----------------------------------------
x = 56.000000, y = 216.000000
avance = -349.000000, avanceR = 2.000000, avanceI = 2.000000
inc_x_r = 0.000000, inc_y_r = 1.000000, inc_x_i = 1.000000, inc_y_i = 1.000000
En el else......

----------------------------------------
x = 56.000000, y = 217.000000
avance = -347.000000, avanceR = 2.000000, avanceI = 2.000000
inc_x_r = 0.000000, inc_y_r = 1.000000, inc_x_i = 1.000000, inc_y_i = 1.000000
En el else......

----------------------------------------
x = 56.000000, y = 218.000000
avance = -345.000000, avanceR = 2.000000, avanceI = 2.000000
inc_x_r = 0.000000, inc_y_r = 1.000000, inc_x_i = 1.000000, inc_y_i = 1.000000
En el else......

----------------------------------------
x = 56.000000, y = 219.000000
avance = -343.000000, avanceR = 2.000000, avanceI = 2.000000
inc_x_r = 0.000000, inc_y_r = 1.000000, inc_x_i = 1.000000, inc_y_i = 1.000000
En el else......

----------------------------------------
x = 56.000000, y = 220.000000
avance = -341.000000, avanceR = 2.000000, avanceI = 2.000000
inc_x_r = 0.000000, inc_y_r = 1.000000, inc_x_i = 1.000000, inc_y_i = 1.000000
En el else......

----------------------------------------
x = 56.000000, y = 221.000000
avance = -339.000000, avanceR = 2.000000, avanceI = 2.000000
inc_x_r = 0.000000, inc_y_r = 1.000000, inc_x_i = 1.000000, inc_y_i = 1.000000
En el else......

----------------------------------------
x = 56.000000, y = 222.000000
avance = -337.000000, avanceR = 2.000000, avanceI = 2.000000
inc_x_r = 0.000000, inc_y_r = 1.000000, inc_x_i = 1.000000, inc_y_i = 1.000000
En el else......

----------------------------------------
x = 56.000000, y = 223.000000
avance = -335.000000, avanceR = 2.000000, avanceI = 2.000000
inc_x_r = 0.000000, inc_y_r = 1.000000, inc_x_i = 1.000000, inc_y_i = 1.000000
En el else......

----------------------------------------
x = 56.000000, y = 224.000000
avance = -333.000000, avanceR = 2.000000, avanceI = 2.000000
inc_x_r = 0.000000, inc_y_r = 1.000000, inc_x_i = 1.000000, inc_y_i = 1.000000
En el else......

----------------------------------------
x = 56.000000, y = 225.000000
avance = -331.000000, avanceR = 2.000000, avanceI = 2.000000
inc_x_r = 0.000000, inc_y_r = 1.000000, inc_x_i = 1.000000, inc_y_i = 1.000000
En el else......

----------------------------------------
x = 56.000000, y = 226.000000
avance = -329.000000, avanceR = 2.000000, avanceI = 2.000000
inc_x_r = 0.000000, inc_y_r = 1.000000, inc_x_i = 1.000000, inc_y_i = 1.000000
En el else......

----------------------------------------
x = 56.000000, y = 227.000000
avance = -327.000000, avanceR = 2.000000, avanceI = 2.000000
inc_x_r = 0.000000, inc_y_r = 1.000000, inc_x_i = 1.000000, inc_y_i = 1.000000
En el else......

----------------------------------------
x = 56.000000, y = 228.000000
avance = -325.000000, avanceR = 2.000000, avanceI = 2.000000
inc_x_r = 0.000000, inc_y_r = 1.000000, inc_x_i = 1.000000, inc_y_i = 1.000000
En el else......

----------------------------------------
x = 56.000000, y = 229.000000
avance = -323.000000, avanceR = 2.000000, avanceI = 2.000000
inc_x_r = 0.000000, inc_y_r = 1.000000, inc_x_i = 1.000000, inc_y_i = 1.000000
En el else......

----------------------------------------
x = 56.000000, y = 230.000000
avance = -321.000000, avanceR = 2.000000, avanceI = 2.000000
inc_x_r = 0.000000, inc_y_r = 1.000000, inc_x_i = 1.000000, inc_y_i = 1.000000
En el else......

----------------------------------------
x = 56.000000, y = 231.000000
avance = -319.000000, avanceR = 2.000000, avanceI = 2.000000
inc_x_r = 0.000000, inc_y_r = 1.000000, inc_x_i = 1.000000, inc_y_i = 1.000000
En el else......

----------------------------------------
x = 56.000000, y = 232.000000
avance = -317.000000, avanceR = 2.000000, avanceI = 2.000000
inc_x_r = 0.000000, inc_y_r = 1.000000, inc_x_i = 1.000000, inc_y_i = 1.000000
En el else......

----------------------------------------
x = 56.000000, y = 233.000000
avance = -315.000000, avanceR = 2.000000, avanceI = 2.000000
inc_x_r = 0.000000, inc_y_r = 1.000000, inc_x_i = 1.000000, inc_y_i = 1.000000
En el else......

----------------------------------------
x = 56.000000, y = 234.000000
avance = -313.000000, avanceR = 2.000000, avanceI = 2.000000
inc_x_r = 0.000000, inc_y_r = 1.000000, inc_x_i = 1.000000, inc_y_i = 1.000000
En el else......

----------------------------------------
x = 56.000000, y = 235.000000
avance = -311.000000, avanceR = 2.000000, avanceI = 2.000000
inc_x_r = 0.000000, inc_y_r = 1.000000, inc_x_i = 1.000000, inc_y_i = 1.000000
En el else......

----------------------------------------
x = 56.000000, y = 236.000000
avance = -309.000000, avanceR = 2.000000, avanceI = 2.000000
inc_x_r = 0.000000, inc_y_r = 1.000000, inc_x_i = 1.000000, inc_y_i = 1.000000
En el else......

----------------------------------------
x = 56.000000, y = 237.000000
avance = -307.000000, avanceR = 2.000000, avanceI = 2.000000
inc_x_r = 0.000000, inc_y_r = 1.000000, inc_x_i = 1.000000, inc_y_i = 1.000000
En el else......

----------------------------------------
x = 56.000000, y = 238.000000
avance = -305.000000, avanceR = 2.000000, avanceI = 2.000000
inc_x_r = 0.000000, inc_y_r = 1.000000, inc_x_i = 1.000000, inc_y_i = 1.000000
En el else......

----------------------------------------
x = 56.000000, y = 239.000000
avance = -303.000000, avanceR = 2.000000, avanceI = 2.000000
inc_x_r = 0.000000, inc_y_r = 1.000000, inc_x_i = 1.000000, inc_y_i = 1.000000
En el else......

----------------------------------------
x = 56.000000, y = 240.000000
avance = -301.000000, avanceR = 2.000000, avanceI = 2.000000
inc_x_r = 0.000000, inc_y_r = 1.000000, inc_x_i = 1.000000, inc_y_i = 1.000000
En el else......

----------------------------------------
x = 56.000000, y = 241.000000
avance = -299.000000, avanceR = 2.000000, avanceI = 2.000000
inc_x_r = 0.000000, inc_y_r = 1.000000, inc_x_i = 1.000000, inc_y_i = 1.000000
En el else......

----------------------------------------
x = 56.000000, y = 242.000000
avance = -297.000000, avanceR = 2.000000, avanceI = 2.000000
inc_x_r = 0.000000, inc_y_r = 1.000000, inc_x_i = 1.000000, inc_y_i = 1.000000
En el else......

----------------------------------------
x = 56.000000, y = 243.000000
avance = -295.000000, avanceR = 2.000000, avanceI = 2.000000
inc_x_r = 0.000000, inc_y_r = 1.000000, inc_x_i = 1.000000, inc_y_i = 1.000000
En el else......

----------------------------------------
x = 56.000000, y = 244.000000
avance = -293.000000, avanceR = 2.000000, avanceI = 2.000000
inc_x_r = 0.000000, inc_y_r = 1.000000, inc_x_i = 1.000000, inc_y_i = 1.000000
En el else......

----------------------------------------
x = 56.000000, y = 245.000000
avance = -291.000000, avanceR = 2.000000, avanceI = 2.000000
inc_x_r = 0.000000, inc_y_r = 1.000000, inc_x_i = 1.000000, inc_y_i = 1.000000
En el else......

----------------------------------------
x = 56.000000, y = 246.000000
avance = -289.000000, avanceR = 2.000000, avanceI = 2.000000
inc_x_r = 0.000000, inc_y_r = 1.000000, inc_x_i = 1.000000, inc_y_i = 1.000000
En el else......

----------------------------------------
x = 56.000000, y = 247.000000
avance = -287.000000, avanceR = 2.000000, avanceI = 2.000000
inc_x_r = 0.000000, inc_y_r = 1.000000, inc_x_i = 1.000000, inc_y_i = 1.000000
En el else......

----------------------------------------
x = 56.000000, y = 248.000000
avance = -285.000000, avanceR = 2.000000, avanceI = 2.000000
inc_x_r = 0.000000, inc_y_r = 1.000000, inc_x_i = 1.000000, inc_y_i = 1.000000
En el else......

----------------------------------------
x = 56.000000, y = 249.000000
avance = -283.000000, avanceR = 2.000000, avanceI = 2.000000
inc_x_r = 0.000000, inc_y_r = 1.000000, inc_x_i = 1.000000, inc_y_i = 1.000000
En el else......

----------------------------------------
x = 56.000000, y = 250.000000
avance = -281.000000, avanceR = 2.000000, avanceI = 2.000000
inc_x_r = 0.000000, inc_y_r = 1.000000, inc_x_i = 1.000000, inc_y_i = 1.000000
En el else......

----------------------------------------
x = 56.000000, y = 251.000000
avance = -279.000000, avanceR = 2.000000, avanceI = 2.000000
inc_x_r = 0.000000, inc_y_r = 1.000000, inc_x_i = 1.000000, inc_y_i = 1.000000
En el else......

----------------------------------------
x = 56.000000, y = 252.000000
avance = -277.000000, avanceR = 2.000000, avanceI = 2.000000
inc_x_r = 0.000000, inc_y_r = 1.000000, inc_x_i = 1.000000, inc_y_i = 1.000000
En el else......

----------------------------------------
x = 56.000000, y = 253.000000
avance = -275.000000, avanceR = 2.000000, avanceI = 2.000000
inc_x_r = 0.000000, inc_y_r = 1.000000, inc_x_i = 1.000000, inc_y_i = 1.000000
En el else......

----------------------------------------
x = 56.000000, y = 254.000000
avance = -273.000000, avanceR = 2.000000, avanceI = 2.000000
inc_x_r = 0.000000, inc_y_r = 1.000000, inc_x_i = 1.000000, inc_y_i = 1.000000
En el else......

----------------------------------------
x = 56.000000, y = 255.000000
avance = -271.000000, avanceR = 2.000000, avanceI = 2.000000
inc_x_r = 0.000000, inc_y_r = 1.000000, inc_x_i = 1.000000, inc_y_i = 1.000000
En el else......

----------------------------------------
x = 56.000000, y = 256.000000
avance = -269.000000, avanceR = 2.000000, avanceI = 2.000000
inc_x_r = 0.000000, inc_y_r = 1.000000, inc_x_i = 1.000000, inc_y_i = 1.000000
En el else......

----------------------------------------
x = 56.000000, y = 257.000000
avance = -267.000000, avanceR = 2.000000, avanceI = 2.000000
inc_x_r = 0.000000, inc_y_r = 1.000000, inc_x_i = 1.000000, inc_y_i = 1.000000
En el else......

----------------------------------------
x = 56.000000, y = 258.000000
avance = -265.000000, avanceR = 2.000000, avanceI = 2.000000
inc_x_r = 0.000000, inc_y_r = 1.000000, inc_x_i = 1.000000, inc_y_i = 1.000000
En el else......

----------------------------------------
x = 56.000000, y = 259.000000
avance = -263.000000, avanceR = 2.000000, avanceI = 2.000000
inc_x_r = 0.000000, inc_y_r = 1.000000, inc_x_i = 1.000000, inc_y_i = 1.000000
En el else......

----------------------------------------
x = 56.000000, y = 260.000000
avance = -261.000000, avanceR = 2.000000, avanceI = 2.000000
inc_x_r = 0.000000, inc_y_r = 1.000000, inc_x_i = 1.000000, inc_y_i = 1.000000
En el else......

----------------------------------------
x = 56.000000, y = 261.000000
avance = -259.000000, avanceR = 2.000000, avanceI = 2.000000
inc_x_r = 0.000000, inc_y_r = 1.000000, inc_x_i = 1.000000, inc_y_i = 1.000000
En el else......

----------------------------------------
x = 56.000000, y = 262.000000
avance = -257.000000, avanceR = 2.000000, avanceI = 2.000000
inc_x_r = 0.000000, inc_y_r = 1.000000, inc_x_i = 1.000000, inc_y_i = 1.000000
En el else......

----------------------------------------
x = 56.000000, y = 263.000000
avance = -255.000000, avanceR = 2.000000, avanceI = 2.000000
inc_x_r = 0.000000, inc_y_r = 1.000000, inc_x_i = 1.000000, inc_y_i = 1.000000
En el else......

----------------------------------------
x = 56.000000, y = 264.000000
avance = -253.000000, avanceR = 2.000000, avanceI = 2.000000
inc_x_r = 0.000000, inc_y_r = 1.000000, inc_x_i = 1.000000, inc_y_i = 1.000000
En el else......

----------------------------------------
x = 56.000000, y = 265.000000
avance = -251.000000, avanceR = 2.000000, avanceI = 2.000000
inc_x_r = 0.000000, inc_y_r = 1.000000, inc_x_i = 1.000000, inc_y_i = 1.000000
En el else......

----------------------------------------


ENTRAMOS A BRESENHAMªªªª
x1 = 55.000000 - y1 = 15.000000 || x2 = 56.000000 - y2 = 266.000000
dy = 251.000000, dx = 1.000000
avances inclinados: inc_x_i = 1.000000, inc_y_i = 1.000000
updated: dy = 251.000000, dx = 1.000000
avances rectos: inc_x_r = 0.000000, inc_y_r 1.000000
reupdated: dy = 1.000000, dx = 251.000000
avanceR = 2.000000, avance -249.000000, avanceI 2.000000
----------------------------------------
x = 55.000000, y = 15.000000
avance = -249.000000, avanceR = 2.000000, avanceI = 2.000000
inc_x_r = 0.000000, inc_y_r = 1.000000, inc_x_i = 1.000000, inc_y_i = 1.000000
En el else......

----------------------------------------
x = 55.000000, y = 16.000000
avance = -247.000000, avanceR = 2.000000, avanceI = 2.000000
inc_x_r = 0.000000, inc_y_r = 1.000000, inc_x_i = 1.000000, inc_y_i = 1.000000
En el else......

----------------------------------------
x = 55.000000, y = 17.000000
avance = -245.000000, avanceR = 2.000000, avanceI = 2.000000
inc_x_r = 0.000000, inc_y_r = 1.000000, inc_x_i = 1.000000, inc_y_i = 1.000000
En el else......

----------------------------------------
x = 55.000000, y = 18.000000
avance = -243.000000, avanceR = 2.000000, avanceI = 2.000000
inc_x_r = 0.000000, inc_y_r = 1.000000, inc_x_i = 1.000000, inc_y_i = 1.000000
En el else......

----------------------------------------
x = 55.000000, y = 19.000000
avance = -241.000000, avanceR = 2.000000, avanceI = 2.000000
inc_x_r = 0.000000, inc_y_r = 1.000000, inc_x_i = 1.000000, inc_y_i = 1.000000
En el else......

----------------------------------------
x = 55.000000, y = 20.000000
avance = -239.000000, avanceR = 2.000000, avanceI = 2.000000
inc_x_r = 0.000000, inc_y_r = 1.000000, inc_x_i = 1.000000, inc_y_i = 1.000000
En el else......

----------------------------------------
x = 55.000000, y = 21.000000
avance = -237.000000, avanceR = 2.000000, avanceI = 2.000000
inc_x_r = 0.000000, inc_y_r = 1.000000, inc_x_i = 1.000000, inc_y_i = 1.000000
En el else......

----------------------------------------
x = 55.000000, y = 22.000000
avance = -235.000000, avanceR = 2.000000, avanceI = 2.000000
inc_x_r = 0.000000, inc_y_r = 1.000000, inc_x_i = 1.000000, inc_y_i = 1.000000
En el else......

----------------------------------------
x = 55.000000, y = 23.000000
avance = -233.000000, avanceR = 2.000000, avanceI = 2.000000
inc_x_r = 0.000000, inc_y_r = 1.000000, inc_x_i = 1.000000, inc_y_i = 1.000000
En el else......

----------------------------------------
x = 55.000000, y = 24.000000
avance = -231.000000, avanceR = 2.000000, avanceI = 2.000000
inc_x_r = 0.000000, inc_y_r = 1.000000, inc_x_i = 1.000000, inc_y_i = 1.000000
En el else......

----------------------------------------
x = 55.000000, y = 25.000000
avance = -229.000000, avanceR = 2.000000, avanceI = 2.000000
inc_x_r = 0.000000, inc_y_r = 1.000000, inc_x_i = 1.000000, inc_y_i = 1.000000
En el else......

----------------------------------------
x = 55.000000, y = 26.000000
avance = -227.000000, avanceR = 2.000000, avanceI = 2.000000
inc_x_r = 0.000000, inc_y_r = 1.000000, inc_x_i = 1.000000, inc_y_i = 1.000000
En el else......

----------------------------------------
x = 55.000000, y = 27.000000
avance = -225.000000, avanceR = 2.000000, avanceI = 2.000000
inc_x_r = 0.000000, inc_y_r = 1.000000, inc_x_i = 1.000000, inc_y_i = 1.000000
En el else......

----------------------------------------
x = 55.000000, y = 28.000000
avance = -223.000000, avanceR = 2.000000, avanceI = 2.000000
inc_x_r = 0.000000, inc_y_r = 1.000000, inc_x_i = 1.000000, inc_y_i = 1.000000
En el else......

----------------------------------------
x = 55.000000, y = 29.000000
avance = -221.000000, avanceR = 2.000000, avanceI = 2.000000
inc_x_r = 0.000000, inc_y_r = 1.000000, inc_x_i = 1.000000, inc_y_i = 1.000000
En el else......

----------------------------------------
x = 55.000000, y = 30.000000
avance = -219.000000, avanceR = 2.000000, avanceI = 2.000000
inc_x_r = 0.000000, inc_y_r = 1.000000, inc_x_i = 1.000000, inc_y_i = 1.000000
En el else......

----------------------------------------
x = 55.000000, y = 31.000000
avance = -217.000000, avanceR = 2.000000, avanceI = 2.000000
inc_x_r = 0.000000, inc_y_r = 1.000000, inc_x_i = 1.000000, inc_y_i = 1.000000
En el else......

----------------------------------------
x = 55.000000, y = 32.000000
avance = -215.000000, avanceR = 2.000000, avanceI = 2.000000
inc_x_r = 0.000000, inc_y_r = 1.000000, inc_x_i = 1.000000, inc_y_i = 1.000000
En el else......

----------------------------------------
x = 55.000000, y = 33.000000
avance = -213.000000, avanceR = 2.000000, avanceI = 2.000000
inc_x_r = 0.000000, inc_y_r = 1.000000, inc_x_i = 1.000000, inc_y_i = 1.000000
En el else......

----------------------------------------
x = 55.000000, y = 34.000000
avance = -211.000000, avanceR = 2.000000, avanceI = 2.000000
inc_x_r = 0.000000, inc_y_r = 1.000000, inc_x_i = 1.000000, inc_y_i = 1.000000
En el else......

----------------------------------------
x = 55.000000, y = 35.000000
avance = -209.000000, avanceR = 2.000000, avanceI = 2.000000
inc_x_r = 0.000000, inc_y_r = 1.000000, inc_x_i = 1.000000, inc_y_i = 1.000000
En el else......

----------------------------------------
x = 55.000000, y = 36.000000
avance = -207.000000, avanceR = 2.000000, avanceI = 2.000000
inc_x_r = 0.000000, inc_y_r = 1.000000, inc_x_i = 1.000000, inc_y_i = 1.000000
En el else......

----------------------------------------
x = 55.000000, y = 37.000000
avance = -205.000000, avanceR = 2.000000, avanceI = 2.000000
inc_x_r = 0.000000, inc_y_r = 1.000000, inc_x_i = 1.000000, inc_y_i = 1.000000
En el else......

----------------------------------------
x = 55.000000, y = 38.000000
avance = -203.000000, avanceR = 2.000000, avanceI = 2.000000
inc_x_r = 0.000000, inc_y_r = 1.000000, inc_x_i = 1.000000, inc_y_i = 1.000000
En el else......

----------------------------------------
x = 55.000000, y = 39.000000
avance = -201.000000, avanceR = 2.000000, avanceI = 2.000000
inc_x_r = 0.000000, inc_y_r = 1.000000, inc_x_i = 1.000000, inc_y_i = 1.000000
En el else......

----------------------------------------
x = 55.000000, y = 40.000000
avance = -199.000000, avanceR = 2.000000, avanceI = 2.000000
inc_x_r = 0.000000, inc_y_r = 1.000000, inc_x_i = 1.000000, inc_y_i = 1.000000
En el else......

----------------------------------------
x = 55.000000, y = 41.000000
avance = -197.000000, avanceR = 2.000000, avanceI = 2.000000
inc_x_r = 0.000000, inc_y_r = 1.000000, inc_x_i = 1.000000, inc_y_i = 1.000000
En el else......

----------------------------------------
x = 55.000000, y = 42.000000
avance = -195.000000, avanceR = 2.000000, avanceI = 2.000000
inc_x_r = 0.000000, inc_y_r = 1.000000, inc_x_i = 1.000000, inc_y_i = 1.000000
En el else......

----------------------------------------
x = 55.000000, y = 43.000000
avance = -193.000000, avanceR = 2.000000, avanceI = 2.000000
inc_x_r = 0.000000, inc_y_r = 1.000000, inc_x_i = 1.000000, inc_y_i = 1.000000
En el else......

----------------------------------------
x = 55.000000, y = 44.000000
avance = -191.000000, avanceR = 2.000000, avanceI = 2.000000
inc_x_r = 0.000000, inc_y_r = 1.000000, inc_x_i = 1.000000, inc_y_i = 1.000000
En el else......

----------------------------------------
x = 55.000000, y = 45.000000
avance = -189.000000, avanceR = 2.000000, avanceI = 2.000000
inc_x_r = 0.000000, inc_y_r = 1.000000, inc_x_i = 1.000000, inc_y_i = 1.000000
En el else......

----------------------------------------
x = 55.000000, y = 46.000000
avance = -187.000000, avanceR = 2.000000, avanceI = 2.000000
inc_x_r = 0.000000, inc_y_r = 1.000000, inc_x_i = 1.000000, inc_y_i = 1.000000
En el else......

----------------------------------------
x = 55.000000, y = 47.000000
avance = -185.000000, avanceR = 2.000000, avanceI = 2.000000
inc_x_r = 0.000000, inc_y_r = 1.000000, inc_x_i = 1.000000, inc_y_i = 1.000000
En el else......

----------------------------------------
x = 55.000000, y = 48.000000
avance = -183.000000, avanceR = 2.000000, avanceI = 2.000000
inc_x_r = 0.000000, inc_y_r = 1.000000, inc_x_i = 1.000000, inc_y_i = 1.000000
En el else......

----------------------------------------
x = 55.000000, y = 49.000000
avance = -181.000000, avanceR = 2.000000, avanceI = 2.000000
inc_x_r = 0.000000, inc_y_r = 1.000000, inc_x_i = 1.000000, inc_y_i = 1.000000
En el else......

----------------------------------------
x = 55.000000, y = 50.000000
avance = -179.000000, avanceR = 2.000000, avanceI = 2.000000
inc_x_r = 0.000000, inc_y_r = 1.000000, inc_x_i = 1.000000, inc_y_i = 1.000000
En el else......

----------------------------------------
x = 55.000000, y = 51.000000
avance = -177.000000, avanceR = 2.000000, avanceI = 2.000000
inc_x_r = 0.000000, inc_y_r = 1.000000, inc_x_i = 1.000000, inc_y_i = 1.000000
En el else......

----------------------------------------
x = 55.000000, y = 52.000000
avance = -175.000000, avanceR = 2.000000, avanceI = 2.000000
inc_x_r = 0.000000, inc_y_r = 1.000000, inc_x_i = 1.000000, inc_y_i = 1.000000
En el else......

----------------------------------------
x = 55.000000, y = 53.000000
avance = -173.000000, avanceR = 2.000000, avanceI = 2.000000
inc_x_r = 0.000000, inc_y_r = 1.000000, inc_x_i = 1.000000, inc_y_i = 1.000000
En el else......

----------------------------------------
x = 55.000000, y = 54.000000
avance = -171.000000, avanceR = 2.000000, avanceI = 2.000000
inc_x_r = 0.000000, inc_y_r = 1.000000, inc_x_i = 1.000000, inc_y_i = 1.000000
En el else......

----------------------------------------
x = 55.000000, y = 55.000000
avance = -169.000000, avanceR = 2.000000, avanceI = 2.000000
inc_x_r = 0.000000, inc_y_r = 1.000000, inc_x_i = 1.000000, inc_y_i = 1.000000
En el else......

----------------------------------------
x = 55.000000, y = 56.000000
avance = -167.000000, avanceR = 2.000000, avanceI = 2.000000
inc_x_r = 0.000000, inc_y_r = 1.000000, inc_x_i = 1.000000, inc_y_i = 1.000000
En el else......

----------------------------------------
x = 55.000000, y = 57.000000
avance = -165.000000, avanceR = 2.000000, avanceI = 2.000000
inc_x_r = 0.000000, inc_y_r = 1.000000, inc_x_i = 1.000000, inc_y_i = 1.000000
En el else......

----------------------------------------
x = 55.000000, y = 58.000000
avance = -163.000000, avanceR = 2.000000, avanceI = 2.000000
inc_x_r = 0.000000, inc_y_r = 1.000000, inc_x_i = 1.000000, inc_y_i = 1.000000
En el else......

----------------------------------------
x = 55.000000, y = 59.000000
avance = -161.000000, avanceR = 2.000000, avanceI = 2.000000
inc_x_r = 0.000000, inc_y_r = 1.000000, inc_x_i = 1.000000, inc_y_i = 1.000000
En el else......

----------------------------------------
x = 55.000000, y = 60.000000
avance = -159.000000, avanceR = 2.000000, avanceI = 2.000000
inc_x_r = 0.000000, inc_y_r = 1.000000, inc_x_i = 1.000000, inc_y_i = 1.000000
En el else......

----------------------------------------
x = 55.000000, y = 61.000000
avance = -157.000000, avanceR = 2.000000, avanceI = 2.000000
inc_x_r = 0.000000, inc_y_r = 1.000000, inc_x_i = 1.000000, inc_y_i = 1.000000
En el else......

----------------------------------------
x = 55.000000, y = 62.000000
avance = -155.000000, avanceR = 2.000000, avanceI = 2.000000
inc_x_r = 0.000000, inc_y_r = 1.000000, inc_x_i = 1.000000, inc_y_i = 1.000000
En el else......

----------------------------------------
x = 55.000000, y = 63.000000
avance = -153.000000, avanceR = 2.000000, avanceI = 2.000000
inc_x_r = 0.000000, inc_y_r = 1.000000, inc_x_i = 1.000000, inc_y_i = 1.000000
En el else......

----------------------------------------
x = 55.000000, y = 64.000000
avance = -151.000000, avanceR = 2.000000, avanceI = 2.000000
inc_x_r = 0.000000, inc_y_r = 1.000000, inc_x_i = 1.000000, inc_y_i = 1.000000
En el else......

----------------------------------------
x = 55.000000, y = 65.000000
avance = -149.000000, avanceR = 2.000000, avanceI = 2.000000
inc_x_r = 0.000000, inc_y_r = 1.000000, inc_x_i = 1.000000, inc_y_i = 1.000000
En el else......

----------------------------------------
x = 55.000000, y = 66.000000
avance = -147.000000, avanceR = 2.000000, avanceI = 2.000000
inc_x_r = 0.000000, inc_y_r = 1.000000, inc_x_i = 1.000000, inc_y_i = 1.000000
En el else......

----------------------------------------
x = 55.000000, y = 67.000000
avance = -145.000000, avanceR = 2.000000, avanceI = 2.000000
inc_x_r = 0.000000, inc_y_r = 1.000000, inc_x_i = 1.000000, inc_y_i = 1.000000
En el else......

----------------------------------------
x = 55.000000, y = 68.000000
avance = -143.000000, avanceR = 2.000000, avanceI = 2.000000
inc_x_r = 0.000000, inc_y_r = 1.000000, inc_x_i = 1.000000, inc_y_i = 1.000000
En el else......

----------------------------------------
x = 55.000000, y = 69.000000
avance = -141.000000, avanceR = 2.000000, avanceI = 2.000000
inc_x_r = 0.000000, inc_y_r = 1.000000, inc_x_i = 1.000000, inc_y_i = 1.000000
En el else......

----------------------------------------
x = 55.000000, y = 70.000000
avance = -139.000000, avanceR = 2.000000, avanceI = 2.000000
inc_x_r = 0.000000, inc_y_r = 1.000000, inc_x_i = 1.000000, inc_y_i = 1.000000
En el else......

----------------------------------------
x = 55.000000, y = 71.000000
avance = -137.000000, avanceR = 2.000000, avanceI = 2.000000
inc_x_r = 0.000000, inc_y_r = 1.000000, inc_x_i = 1.000000, inc_y_i = 1.000000
En el else......

----------------------------------------
x = 55.000000, y = 72.000000
avance = -135.000000, avanceR = 2.000000, avanceI = 2.000000
inc_x_r = 0.000000, inc_y_r = 1.000000, inc_x_i = 1.000000, inc_y_i = 1.000000
En el else......

----------------------------------------
x = 55.000000, y = 73.000000
avance = -133.000000, avanceR = 2.000000, avanceI = 2.000000
inc_x_r = 0.000000, inc_y_r = 1.000000, inc_x_i = 1.000000, inc_y_i = 1.000000
En el else......

----------------------------------------
x = 55.000000, y = 74.000000
avance = -131.000000, avanceR = 2.000000, avanceI = 2.000000
inc_x_r = 0.000000, inc_y_r = 1.000000, inc_x_i = 1.000000, inc_y_i = 1.000000
En el else......

----------------------------------------
x = 55.000000, y = 75.000000
avance = -129.000000, avanceR = 2.000000, avanceI = 2.000000
inc_x_r = 0.000000, inc_y_r = 1.000000, inc_x_i = 1.000000, inc_y_i = 1.000000
En el else......

----------------------------------------
x = 55.000000, y = 76.000000
avance = -127.000000, avanceR = 2.000000, avanceI = 2.000000
inc_x_r = 0.000000, inc_y_r = 1.000000, inc_x_i = 1.000000, inc_y_i = 1.000000
En el else......

----------------------------------------
x = 55.000000, y = 77.000000
avance = -125.000000, avanceR = 2.000000, avanceI = 2.000000
inc_x_r = 0.000000, inc_y_r = 1.000000, inc_x_i = 1.000000, inc_y_i = 1.000000
En el else......

----------------------------------------
x = 55.000000, y = 78.000000
avance = -123.000000, avanceR = 2.000000, avanceI = 2.000000
inc_x_r = 0.000000, inc_y_r = 1.000000, inc_x_i = 1.000000, inc_y_i = 1.000000
En el else......

----------------------------------------
x = 55.000000, y = 79.000000
avance = -121.000000, avanceR = 2.000000, avanceI = 2.000000
inc_x_r = 0.000000, inc_y_r = 1.000000, inc_x_i = 1.000000, inc_y_i = 1.000000
En el else......

----------------------------------------
x = 55.000000, y = 80.000000
avance = -119.000000, avanceR = 2.000000, avanceI = 2.000000
inc_x_r = 0.000000, inc_y_r = 1.000000, inc_x_i = 1.000000, inc_y_i = 1.000000
En el else......

----------------------------------------
x = 55.000000, y = 81.000000
avance = -117.000000, avanceR = 2.000000, avanceI = 2.000000
inc_x_r = 0.000000, inc_y_r = 1.000000, inc_x_i = 1.000000, inc_y_i = 1.000000
En el else......

----------------------------------------
x = 55.000000, y = 82.000000
avance = -115.000000, avanceR = 2.000000, avanceI = 2.000000
inc_x_r = 0.000000, inc_y_r = 1.000000, inc_x_i = 1.000000, inc_y_i = 1.000000
En el else......

----------------------------------------
x = 55.000000, y = 83.000000
avance = -113.000000, avanceR = 2.000000, avanceI = 2.000000
inc_x_r = 0.000000, inc_y_r = 1.000000, inc_x_i = 1.000000, inc_y_i = 1.000000
En el else......

----------------------------------------
x = 55.000000, y = 84.000000
avance = -111.000000, avanceR = 2.000000, avanceI = 2.000000
inc_x_r = 0.000000, inc_y_r = 1.000000, inc_x_i = 1.000000, inc_y_i = 1.000000
En el else......

----------------------------------------
x = 55.000000, y = 85.000000
avance = -109.000000, avanceR = 2.000000, avanceI = 2.000000
inc_x_r = 0.000000, inc_y_r = 1.000000, inc_x_i = 1.000000, inc_y_i = 1.000000
En el else......

----------------------------------------
x = 55.000000, y = 86.000000
avance = -107.000000, avanceR = 2.000000, avanceI = 2.000000
inc_x_r = 0.000000, inc_y_r = 1.000000, inc_x_i = 1.000000, inc_y_i = 1.000000
En el else......

----------------------------------------
x = 55.000000, y = 87.000000
avance = -105.000000, avanceR = 2.000000, avanceI = 2.000000
inc_x_r = 0.000000, inc_y_r = 1.000000, inc_x_i = 1.000000, inc_y_i = 1.000000
En el else......

----------------------------------------
x = 55.000000, y = 88.000000
avance = -103.000000, avanceR = 2.000000, avanceI = 2.000000
inc_x_r = 0.000000, inc_y_r = 1.000000, inc_x_i = 1.000000, inc_y_i = 1.000000
En el else......

----------------------------------------
x = 55.000000, y = 89.000000
avance = -101.000000, avanceR = 2.000000, avanceI = 2.000000
inc_x_r = 0.000000, inc_y_r = 1.000000, inc_x_i = 1.000000, inc_y_i = 1.000000
En el else......

----------------------------------------
x = 55.000000, y = 90.000000
avance = -99.000000, avanceR = 2.000000, avanceI = 2.000000
inc_x_r = 0.000000, inc_y_r = 1.000000, inc_x_i = 1.000000, inc_y_i = 1.000000
En el else......

----------------------------------------
x = 55.000000, y = 91.000000
avance = -97.000000, avanceR = 2.000000, avanceI = 2.000000
inc_x_r = 0.000000, inc_y_r = 1.000000, inc_x_i = 1.000000, inc_y_i = 1.000000
En el else......

----------------------------------------
x = 55.000000, y = 92.000000
avance = -95.000000, avanceR = 2.000000, avanceI = 2.000000
inc_x_r = 0.000000, inc_y_r = 1.000000, inc_x_i = 1.000000, inc_y_i = 1.000000
En el else......

----------------------------------------
x = 55.000000, y = 93.000000
avance = -93.000000, avanceR = 2.000000, avanceI = 2.000000
inc_x_r = 0.000000, inc_y_r = 1.000000, inc_x_i = 1.000000, inc_y_i = 1.000000
En el else......

----------------------------------------
x = 55.000000, y = 94.000000
avance = -91.000000, avanceR = 2.000000, avanceI = 2.000000
inc_x_r = 0.000000, inc_y_r = 1.000000, inc_x_i = 1.000000, inc_y_i = 1.000000
En el else......

----------------------------------------
x = 55.000000, y = 95.000000
avance = -89.000000, avanceR = 2.000000, avanceI = 2.000000
inc_x_r = 0.000000, inc_y_r = 1.000000, inc_x_i = 1.000000, inc_y_i = 1.000000
En el else......

----------------------------------------
x = 55.000000, y = 96.000000
avance = -87.000000, avanceR = 2.000000, avanceI = 2.000000
inc_x_r = 0.000000, inc_y_r = 1.000000, inc_x_i = 1.000000, inc_y_i = 1.000000
En el else......

----------------------------------------
x = 55.000000, y = 97.000000
avance = -85.000000, avanceR = 2.000000, avanceI = 2.000000
inc_x_r = 0.000000, inc_y_r = 1.000000, inc_x_i = 1.000000, inc_y_i = 1.000000
En el else......

----------------------------------------
x = 55.000000, y = 98.000000
avance = -83.000000, avanceR = 2.000000, avanceI = 2.000000
inc_x_r = 0.000000, inc_y_r = 1.000000, inc_x_i = 1.000000, inc_y_i = 1.000000
En el else......

----------------------------------------
x = 55.000000, y = 99.000000
avance = -81.000000, avanceR = 2.000000, avanceI = 2.000000
inc_x_r = 0.000000, inc_y_r = 1.000000, inc_x_i = 1.000000, inc_y_i = 1.000000
En el else......

----------------------------------------
x = 55.000000, y = 100.000000
avance = -79.000000, avanceR = 2.000000, avanceI = 2.000000
inc_x_r = 0.000000, inc_y_r = 1.000000, inc_x_i = 1.000000, inc_y_i = 1.000000
En el else......

----------------------------------------
x = 55.000000, y = 101.000000
avance = -77.000000, avanceR = 2.000000, avanceI = 2.000000
inc_x_r = 0.000000, inc_y_r = 1.000000, inc_x_i = 1.000000, inc_y_i = 1.000000
En el else......

----------------------------------------
x = 55.000000, y = 102.000000
avance = -75.000000, avanceR = 2.000000, avanceI = 2.000000
inc_x_r = 0.000000, inc_y_r = 1.000000, inc_x_i = 1.000000, inc_y_i = 1.000000
En el else......

----------------------------------------
x = 55.000000, y = 103.000000
avance = -73.000000, avanceR = 2.000000, avanceI = 2.000000
inc_x_r = 0.000000, inc_y_r = 1.000000, inc_x_i = 1.000000, inc_y_i = 1.000000
En el else......

----------------------------------------
x = 55.000000, y = 104.000000
avance = -71.000000, avanceR = 2.000000, avanceI = 2.000000
inc_x_r = 0.000000, inc_y_r = 1.000000, inc_x_i = 1.000000, inc_y_i = 1.000000
En el else......

----------------------------------------
x = 55.000000, y = 105.000000
avance = -69.000000, avanceR = 2.000000, avanceI = 2.000000
inc_x_r = 0.000000, inc_y_r = 1.000000, inc_x_i = 1.000000, inc_y_i = 1.000000
En el else......

----------------------------------------
x = 55.000000, y = 106.000000
avance = -67.000000, avanceR = 2.000000, avanceI = 2.000000
inc_x_r = 0.000000, inc_y_r = 1.000000, inc_x_i = 1.000000, inc_y_i = 1.000000
En el else......

----------------------------------------
x = 55.000000, y = 107.000000
avance = -65.000000, avanceR = 2.000000, avanceI = 2.000000
inc_x_r = 0.000000, inc_y_r = 1.000000, inc_x_i = 1.000000, inc_y_i = 1.000000
En el else......

----------------------------------------
x = 55.000000, y = 108.000000
avance = -63.000000, avanceR = 2.000000, avanceI = 2.000000
inc_x_r = 0.000000, inc_y_r = 1.000000, inc_x_i = 1.000000, inc_y_i = 1.000000
En el else......

----------------------------------------
x = 55.000000, y = 109.000000
avance = -61.000000, avanceR = 2.000000, avanceI = 2.000000
inc_x_r = 0.000000, inc_y_r = 1.000000, inc_x_i = 1.000000, inc_y_i = 1.000000
En el else......

----------------------------------------
x = 55.000000, y = 110.000000
avance = -59.000000, avanceR = 2.000000, avanceI = 2.000000
inc_x_r = 0.000000, inc_y_r = 1.000000, inc_x_i = 1.000000, inc_y_i = 1.000000
En el else......

----------------------------------------
x = 55.000000, y = 111.000000
avance = -57.000000, avanceR = 2.000000, avanceI = 2.000000
inc_x_r = 0.000000, inc_y_r = 1.000000, inc_x_i = 1.000000, inc_y_i = 1.000000
En el else......

----------------------------------------
x = 55.000000, y = 112.000000
avance = -55.000000, avanceR = 2.000000, avanceI = 2.000000
inc_x_r = 0.000000, inc_y_r = 1.000000, inc_x_i = 1.000000, inc_y_i = 1.000000
En el else......

----------------------------------------
x = 55.000000, y = 113.000000
avance = -53.000000, avanceR = 2.000000, avanceI = 2.000000
inc_x_r = 0.000000, inc_y_r = 1.000000, inc_x_i = 1.000000, inc_y_i = 1.000000
En el else......

----------------------------------------
x = 55.000000, y = 114.000000
avance = -51.000000, avanceR = 2.000000, avanceI = 2.000000
inc_x_r = 0.000000, inc_y_r = 1.000000, inc_x_i = 1.000000, inc_y_i = 1.000000
En el else......

----------------------------------------
x = 55.000000, y = 115.000000
avance = -49.000000, avanceR = 2.000000, avanceI = 2.000000
inc_x_r = 0.000000, inc_y_r = 1.000000, inc_x_i = 1.000000, inc_y_i = 1.000000
En el else......

----------------------------------------
x = 55.000000, y = 116.000000
avance = -47.000000, avanceR = 2.000000, avanceI = 2.000000
inc_x_r = 0.000000, inc_y_r = 1.000000, inc_x_i = 1.000000, inc_y_i = 1.000000
En el else......

----------------------------------------
x = 55.000000, y = 117.000000
avance = -45.000000, avanceR = 2.000000, avanceI = 2.000000
inc_x_r = 0.000000, inc_y_r = 1.000000, inc_x_i = 1.000000, inc_y_i = 1.000000
En el else......

----------------------------------------
x = 55.000000, y = 118.000000
avance = -43.000000, avanceR = 2.000000, avanceI = 2.000000
inc_x_r = 0.000000, inc_y_r = 1.000000, inc_x_i = 1.000000, inc_y_i = 1.000000
En el else......

----------------------------------------
x = 55.000000, y = 119.000000
avance = -41.000000, avanceR = 2.000000, avanceI = 2.000000
inc_x_r = 0.000000, inc_y_r = 1.000000, inc_x_i = 1.000000, inc_y_i = 1.000000
En el else......

----------------------------------------
x = 55.000000, y = 120.000000
avance = -39.000000, avanceR = 2.000000, avanceI = 2.000000
inc_x_r = 0.000000, inc_y_r = 1.000000, inc_x_i = 1.000000, inc_y_i = 1.000000
En el else......

----------------------------------------
x = 55.000000, y = 121.000000
avance = -37.000000, avanceR = 2.000000, avanceI = 2.000000
inc_x_r = 0.000000, inc_y_r = 1.000000, inc_x_i = 1.000000, inc_y_i = 1.000000
En el else......

----------------------------------------
x = 55.000000, y = 122.000000
avance = -35.000000, avanceR = 2.000000, avanceI = 2.000000
inc_x_r = 0.000000, inc_y_r = 1.000000, inc_x_i = 1.000000, inc_y_i = 1.000000
En el else......

----------------------------------------
x = 55.000000, y = 123.000000
avance = -33.000000, avanceR = 2.000000, avanceI = 2.000000
inc_x_r = 0.000000, inc_y_r = 1.000000, inc_x_i = 1.000000, inc_y_i = 1.000000
En el else......

----------------------------------------
x = 55.000000, y = 124.000000
avance = -31.000000, avanceR = 2.000000, avanceI = 2.000000
inc_x_r = 0.000000, inc_y_r = 1.000000, inc_x_i = 1.000000, inc_y_i = 1.000000
En el else......

----------------------------------------
x = 55.000000, y = 125.000000
avance = -29.000000, avanceR = 2.000000, avanceI = 2.000000
inc_x_r = 0.000000, inc_y_r = 1.000000, inc_x_i = 1.000000, inc_y_i = 1.000000
En el else......

----------------------------------------
x = 55.000000, y = 126.000000
avance = -27.000000, avanceR = 2.000000, avanceI = 2.000000
inc_x_r = 0.000000, inc_y_r = 1.000000, inc_x_i = 1.000000, inc_y_i = 1.000000
En el else......

----------------------------------------
x = 55.000000, y = 127.000000
avance = -25.000000, avanceR = 2.000000, avanceI = 2.000000
inc_x_r = 0.000000, inc_y_r = 1.000000, inc_x_i = 1.000000, inc_y_i = 1.000000
En el else......

----------------------------------------
x = 55.000000, y = 128.000000
avance = -23.000000, avanceR = 2.000000, avanceI = 2.000000
inc_x_r = 0.000000, inc_y_r = 1.000000, inc_x_i = 1.000000, inc_y_i = 1.000000
En el else......

----------------------------------------
x = 55.000000, y = 129.000000
avance = -21.000000, avanceR = 2.000000, avanceI = 2.000000
inc_x_r = 0.000000, inc_y_r = 1.000000, inc_x_i = 1.000000, inc_y_i = 1.000000
En el else......

----------------------------------------
x = 55.000000, y = 130.000000
avance = -19.000000, avanceR = 2.000000, avanceI = 2.000000
inc_x_r = 0.000000, inc_y_r = 1.000000, inc_x_i = 1.000000, inc_y_i = 1.000000
En el else......

----------------------------------------
x = 55.000000, y = 131.000000
avance = -17.000000, avanceR = 2.000000, avanceI = 2.000000
inc_x_r = 0.000000, inc_y_r = 1.000000, inc_x_i = 1.000000, inc_y_i = 1.000000
En el else......

----------------------------------------
x = 55.000000, y = 132.000000
avance = -15.000000, avanceR = 2.000000, avanceI = 2.000000
inc_x_r = 0.000000, inc_y_r = 1.000000, inc_x_i = 1.000000, inc_y_i = 1.000000
En el else......

----------------------------------------
x = 55.000000, y = 133.000000
avance = -13.000000, avanceR = 2.000000, avanceI = 2.000000
inc_x_r = 0.000000, inc_y_r = 1.000000, inc_x_i = 1.000000, inc_y_i = 1.000000
En el else......

----------------------------------------
x = 55.000000, y = 134.000000
avance = -11.000000, avanceR = 2.000000, avanceI = 2.000000
inc_x_r = 0.000000, inc_y_r = 1.000000, inc_x_i = 1.000000, inc_y_i = 1.000000
En el else......

----------------------------------------
x = 55.000000, y = 135.000000
avance = -9.000000, avanceR = 2.000000, avanceI = 2.000000
inc_x_r = 0.000000, inc_y_r = 1.000000, inc_x_i = 1.000000, inc_y_i = 1.000000
En el else......

----------------------------------------
x = 55.000000, y = 136.000000
avance = -7.000000, avanceR = 2.000000, avanceI = 2.000000
inc_x_r = 0.000000, inc_y_r = 1.000000, inc_x_i = 1.000000, inc_y_i = 1.000000
En el else......

----------------------------------------
x = 55.000000, y = 137.000000
avance = -5.000000, avanceR = 2.000000, avanceI = 2.000000
inc_x_r = 0.000000, inc_y_r = 1.000000, inc_x_i = 1.000000, inc_y_i = 1.000000
En el else......

----------------------------------------
x = 55.000000, y = 138.000000
avance = -3.000000, avanceR = 2.000000, avanceI = 2.000000
inc_x_r = 0.000000, inc_y_r = 1.000000, inc_x_i = 1.000000, inc_y_i = 1.000000
En el else......

----------------------------------------
x = 55.000000, y = 139.000000
avance = -1.000000, avanceR = 2.000000, avanceI = 2.000000
inc_x_r = 0.000000, inc_y_r = 1.000000, inc_x_i = 1.000000, inc_y_i = 1.000000
En el else......

----------------------------------------
x = 55.000000, y = 140.000000
avance = 1.000000, avanceR = 2.000000, avanceI = 2.000000
inc_x_r = 0.000000, inc_y_r = 1.000000, inc_x_i = 1.000000, inc_y_i = 1.000000
avance >= 0

----------------------------------------
x = 56.000000, y = 141.000000
avance = -499.000000, avanceR = 2.000000, avanceI = 2.000000
inc_x_r = 0.000000, inc_y_r = 1.000000, inc_x_i = 1.000000, inc_y_i = 1.000000
En el else......

----------------------------------------
x = 56.000000, y = 142.000000
avance = -497.000000, avanceR = 2.000000, avanceI = 2.000000
inc_x_r = 0.000000, inc_y_r = 1.000000, inc_x_i = 1.000000, inc_y_i = 1.000000
En el else......

----------------------------------------
x = 56.000000, y = 143.000000
avance = -495.000000, avanceR = 2.000000, avanceI = 2.000000
inc_x_r = 0.000000, inc_y_r = 1.000000, inc_x_i = 1.000000, inc_y_i = 1.000000
En el else......

----------------------------------------
x = 56.000000, y = 144.000000
avance = -493.000000, avanceR = 2.000000, avanceI = 2.000000
inc_x_r = 0.000000, inc_y_r = 1.000000, inc_x_i = 1.000000, inc_y_i = 1.000000
En el else......

----------------------------------------
x = 56.000000, y = 145.000000
avance = -491.000000, avanceR = 2.000000, avanceI = 2.000000
inc_x_r = 0.000000, inc_y_r = 1.000000, inc_x_i = 1.000000, inc_y_i = 1.000000
En el else......

----------------------------------------
x = 56.000000, y = 146.000000
avance = -489.000000, avanceR = 2.000000, avanceI = 2.000000
inc_x_r = 0.000000, inc_y_r = 1.000000, inc_x_i = 1.000000, inc_y_i = 1.000000
En el else......

----------------------------------------
x = 56.000000, y = 147.000000
avance = -487.000000, avanceR = 2.000000, avanceI = 2.000000
inc_x_r = 0.000000, inc_y_r = 1.000000, inc_x_i = 1.000000, inc_y_i = 1.000000
En el else......

----------------------------------------
x = 56.000000, y = 148.000000
avance = -485.000000, avanceR = 2.000000, avanceI = 2.000000
inc_x_r = 0.000000, inc_y_r = 1.000000, inc_x_i = 1.000000, inc_y_i = 1.000000
En el else......

----------------------------------------
x = 56.000000, y = 149.000000
avance = -483.000000, avanceR = 2.000000, avanceI = 2.000000
inc_x_r = 0.000000, inc_y_r = 1.000000, inc_x_i = 1.000000, inc_y_i = 1.000000
En el else......

----------------------------------------
x = 56.000000, y = 150.000000
avance = -481.000000, avanceR = 2.000000, avanceI = 2.000000
inc_x_r = 0.000000, inc_y_r = 1.000000, inc_x_i = 1.000000, inc_y_i = 1.000000
En el else......

----------------------------------------
x = 56.000000, y = 151.000000
avance = -479.000000, avanceR = 2.000000, avanceI = 2.000000
inc_x_r = 0.000000, inc_y_r = 1.000000, inc_x_i = 1.000000, inc_y_i = 1.000000
En el else......

----------------------------------------
x = 56.000000, y = 152.000000
avance = -477.000000, avanceR = 2.000000, avanceI = 2.000000
inc_x_r = 0.000000, inc_y_r = 1.000000, inc_x_i = 1.000000, inc_y_i = 1.000000
En el else......

----------------------------------------
x = 56.000000, y = 153.000000
avance = -475.000000, avanceR = 2.000000, avanceI = 2.000000
inc_x_r = 0.000000, inc_y_r = 1.000000, inc_x_i = 1.000000, inc_y_i = 1.000000
En el else......

----------------------------------------
x = 56.000000, y = 154.000000
avance = -473.000000, avanceR = 2.000000, avanceI = 2.000000
inc_x_r = 0.000000, inc_y_r = 1.000000, inc_x_i = 1.000000, inc_y_i = 1.000000
En el else......

----------------------------------------
x = 56.000000, y = 155.000000
avance = -471.000000, avanceR = 2.000000, avanceI = 2.000000
inc_x_r = 0.000000, inc_y_r = 1.000000, inc_x_i = 1.000000, inc_y_i = 1.000000
En el else......

----------------------------------------
x = 56.000000, y = 156.000000
avance = -469.000000, avanceR = 2.000000, avanceI = 2.000000
inc_x_r = 0.000000, inc_y_r = 1.000000, inc_x_i = 1.000000, inc_y_i = 1.000000
En el else......

----------------------------------------
x = 56.000000, y = 157.000000
avance = -467.000000, avanceR = 2.000000, avanceI = 2.000000
inc_x_r = 0.000000, inc_y_r = 1.000000, inc_x_i = 1.000000, inc_y_i = 1.000000
En el else......

----------------------------------------
x = 56.000000, y = 158.000000
avance = -465.000000, avanceR = 2.000000, avanceI = 2.000000
inc_x_r = 0.000000, inc_y_r = 1.000000, inc_x_i = 1.000000, inc_y_i = 1.000000
En el else......

----------------------------------------
x = 56.000000, y = 159.000000
avance = -463.000000, avanceR = 2.000000, avanceI = 2.000000
inc_x_r = 0.000000, inc_y_r = 1.000000, inc_x_i = 1.000000, inc_y_i = 1.000000
En el else......

----------------------------------------
x = 56.000000, y = 160.000000
avance = -461.000000, avanceR = 2.000000, avanceI = 2.000000
inc_x_r = 0.000000, inc_y_r = 1.000000, inc_x_i = 1.000000, inc_y_i = 1.000000
En el else......

----------------------------------------
x = 56.000000, y = 161.000000
avance = -459.000000, avanceR = 2.000000, avanceI = 2.000000
inc_x_r = 0.000000, inc_y_r = 1.000000, inc_x_i = 1.000000, inc_y_i = 1.000000
En el else......

----------------------------------------
x = 56.000000, y = 162.000000
avance = -457.000000, avanceR = 2.000000, avanceI = 2.000000
inc_x_r = 0.000000, inc_y_r = 1.000000, inc_x_i = 1.000000, inc_y_i = 1.000000
En el else......

----------------------------------------
x = 56.000000, y = 163.000000
avance = -455.000000, avanceR = 2.000000, avanceI = 2.000000
inc_x_r = 0.000000, inc_y_r = 1.000000, inc_x_i = 1.000000, inc_y_i = 1.000000
En el else......

----------------------------------------
x = 56.000000, y = 164.000000
avance = -453.000000, avanceR = 2.000000, avanceI = 2.000000
inc_x_r = 0.000000, inc_y_r = 1.000000, inc_x_i = 1.000000, inc_y_i = 1.000000
En el else......

----------------------------------------
x = 56.000000, y = 165.000000
avance = -451.000000, avanceR = 2.000000, avanceI = 2.000000
inc_x_r = 0.000000, inc_y_r = 1.000000, inc_x_i = 1.000000, inc_y_i = 1.000000
En el else......

----------------------------------------
x = 56.000000, y = 166.000000
avance = -449.000000, avanceR = 2.000000, avanceI = 2.000000
inc_x_r = 0.000000, inc_y_r = 1.000000, inc_x_i = 1.000000, inc_y_i = 1.000000
En el else......

----------------------------------------
x = 56.000000, y = 167.000000
avance = -447.000000, avanceR = 2.000000, avanceI = 2.000000
inc_x_r = 0.000000, inc_y_r = 1.000000, inc_x_i = 1.000000, inc_y_i = 1.000000
En el else......

----------------------------------------
x = 56.000000, y = 168.000000
avance = -445.000000, avanceR = 2.000000, avanceI = 2.000000
inc_x_r = 0.000000, inc_y_r = 1.000000, inc_x_i = 1.000000, inc_y_i = 1.000000
En el else......

----------------------------------------
x = 56.000000, y = 169.000000
avance = -443.000000, avanceR = 2.000000, avanceI = 2.000000
inc_x_r = 0.000000, inc_y_r = 1.000000, inc_x_i = 1.000000, inc_y_i = 1.000000
En el else......

----------------------------------------
x = 56.000000, y = 170.000000
avance = -441.000000, avanceR = 2.000000, avanceI = 2.000000
inc_x_r = 0.000000, inc_y_r = 1.000000, inc_x_i = 1.000000, inc_y_i = 1.000000
En el else......

----------------------------------------
x = 56.000000, y = 171.000000
avance = -439.000000, avanceR = 2.000000, avanceI = 2.000000
inc_x_r = 0.000000, inc_y_r = 1.000000, inc_x_i = 1.000000, inc_y_i = 1.000000
En el else......

----------------------------------------
x = 56.000000, y = 172.000000
avance = -437.000000, avanceR = 2.000000, avanceI = 2.000000
inc_x_r = 0.000000, inc_y_r = 1.000000, inc_x_i = 1.000000, inc_y_i = 1.000000
En el else......

----------------------------------------
x = 56.000000, y = 173.000000
avance = -435.000000, avanceR = 2.000000, avanceI = 2.000000
inc_x_r = 0.000000, inc_y_r = 1.000000, inc_x_i = 1.000000, inc_y_i = 1.000000
En el else......

----------------------------------------
x = 56.000000, y = 174.000000
avance = -433.000000, avanceR = 2.000000, avanceI = 2.000000
inc_x_r = 0.000000, inc_y_r = 1.000000, inc_x_i = 1.000000, inc_y_i = 1.000000
En el else......

----------------------------------------
x = 56.000000, y = 175.000000
avance = -431.000000, avanceR = 2.000000, avanceI = 2.000000
inc_x_r = 0.000000, inc_y_r = 1.000000, inc_x_i = 1.000000, inc_y_i = 1.000000
En el else......

----------------------------------------
x = 56.000000, y = 176.000000
avance = -429.000000, avanceR = 2.000000, avanceI = 2.000000
inc_x_r = 0.000000, inc_y_r = 1.000000, inc_x_i = 1.000000, inc_y_i = 1.000000
En el else......

----------------------------------------
x = 56.000000, y = 177.000000
avance = -427.000000, avanceR = 2.000000, avanceI = 2.000000
inc_x_r = 0.000000, inc_y_r = 1.000000, inc_x_i = 1.000000, inc_y_i = 1.000000
En el else......

----------------------------------------
x = 56.000000, y = 178.000000
avance = -425.000000, avanceR = 2.000000, avanceI = 2.000000
inc_x_r = 0.000000, inc_y_r = 1.000000, inc_x_i = 1.000000, inc_y_i = 1.000000
En el else......

----------------------------------------
x = 56.000000, y = 179.000000
avance = -423.000000, avanceR = 2.000000, avanceI = 2.000000
inc_x_r = 0.000000, inc_y_r = 1.000000, inc_x_i = 1.000000, inc_y_i = 1.000000
En el else......

----------------------------------------
x = 56.000000, y = 180.000000
avance = -421.000000, avanceR = 2.000000, avanceI = 2.000000
inc_x_r = 0.000000, inc_y_r = 1.000000, inc_x_i = 1.000000, inc_y_i = 1.000000
En el else......

----------------------------------------
x = 56.000000, y = 181.000000
avance = -419.000000, avanceR = 2.000000, avanceI = 2.000000
inc_x_r = 0.000000, inc_y_r = 1.000000, inc_x_i = 1.000000, inc_y_i = 1.000000
En el else......

----------------------------------------
x = 56.000000, y = 182.000000
avance = -417.000000, avanceR = 2.000000, avanceI = 2.000000
inc_x_r = 0.000000, inc_y_r = 1.000000, inc_x_i = 1.000000, inc_y_i = 1.000000
En el else......

----------------------------------------
x = 56.000000, y = 183.000000
avance = -415.000000, avanceR = 2.000000, avanceI = 2.000000
inc_x_r = 0.000000, inc_y_r = 1.000000, inc_x_i = 1.000000, inc_y_i = 1.000000
En el else......

----------------------------------------
x = 56.000000, y = 184.000000
avance = -413.000000, avanceR = 2.000000, avanceI = 2.000000
inc_x_r = 0.000000, inc_y_r = 1.000000, inc_x_i = 1.000000, inc_y_i = 1.000000
En el else......

----------------------------------------
x = 56.000000, y = 185.000000
avance = -411.000000, avanceR = 2.000000, avanceI = 2.000000
inc_x_r = 0.000000, inc_y_r = 1.000000, inc_x_i = 1.000000, inc_y_i = 1.000000
En el else......

----------------------------------------
x = 56.000000, y = 186.000000
avance = -409.000000, avanceR = 2.000000, avanceI = 2.000000
inc_x_r = 0.000000, inc_y_r = 1.000000, inc_x_i = 1.000000, inc_y_i = 1.000000
En el else......

----------------------------------------
x = 56.000000, y = 187.000000
avance = -407.000000, avanceR = 2.000000, avanceI = 2.000000
inc_x_r = 0.000000, inc_y_r = 1.000000, inc_x_i = 1.000000, inc_y_i = 1.000000
En el else......

----------------------------------------
x = 56.000000, y = 188.000000
avance = -405.000000, avanceR = 2.000000, avanceI = 2.000000
inc_x_r = 0.000000, inc_y_r = 1.000000, inc_x_i = 1.000000, inc_y_i = 1.000000
En el else......

----------------------------------------
x = 56.000000, y = 189.000000
avance = -403.000000, avanceR = 2.000000, avanceI = 2.000000
inc_x_r = 0.000000, inc_y_r = 1.000000, inc_x_i = 1.000000, inc_y_i = 1.000000
En el else......

----------------------------------------
x = 56.000000, y = 190.000000
avance = -401.000000, avanceR = 2.000000, avanceI = 2.000000
inc_x_r = 0.000000, inc_y_r = 1.000000, inc_x_i = 1.000000, inc_y_i = 1.000000
En el else......

----------------------------------------
x = 56.000000, y = 191.000000
avance = -399.000000, avanceR = 2.000000, avanceI = 2.000000
inc_x_r = 0.000000, inc_y_r = 1.000000, inc_x_i = 1.000000, inc_y_i = 1.000000
En el else......

----------------------------------------
x = 56.000000, y = 192.000000
avance = -397.000000, avanceR = 2.000000, avanceI = 2.000000
inc_x_r = 0.000000, inc_y_r = 1.000000, inc_x_i = 1.000000, inc_y_i = 1.000000
En el else......

----------------------------------------
x = 56.000000, y = 193.000000
avance = -395.000000, avanceR = 2.000000, avanceI = 2.000000
inc_x_r = 0.000000, inc_y_r = 1.000000, inc_x_i = 1.000000, inc_y_i = 1.000000
En el else......

----------------------------------------
x = 56.000000, y = 194.000000
avance = -393.000000, avanceR = 2.000000, avanceI = 2.000000
inc_x_r = 0.000000, inc_y_r = 1.000000, inc_x_i = 1.000000, inc_y_i = 1.000000
En el else......

----------------------------------------
x = 56.000000, y = 195.000000
avance = -391.000000, avanceR = 2.000000, avanceI = 2.000000
inc_x_r = 0.000000, inc_y_r = 1.000000, inc_x_i = 1.000000, inc_y_i = 1.000000
En el else......

----------------------------------------
x = 56.000000, y = 196.000000
avance = -389.000000, avanceR = 2.000000, avanceI = 2.000000
inc_x_r = 0.000000, inc_y_r = 1.000000, inc_x_i = 1.000000, inc_y_i = 1.000000
En el else......

----------------------------------------
x = 56.000000, y = 197.000000
avance = -387.000000, avanceR = 2.000000, avanceI = 2.000000
inc_x_r = 0.000000, inc_y_r = 1.000000, inc_x_i = 1.000000, inc_y_i = 1.000000
En el else......

----------------------------------------
x = 56.000000, y = 198.000000
avance = -385.000000, avanceR = 2.000000, avanceI = 2.000000
inc_x_r = 0.000000, inc_y_r = 1.000000, inc_x_i = 1.000000, inc_y_i = 1.000000
En el else......

----------------------------------------
x = 56.000000, y = 199.000000
avance = -383.000000, avanceR = 2.000000, avanceI = 2.000000
inc_x_r = 0.000000, inc_y_r = 1.000000, inc_x_i = 1.000000, inc_y_i = 1.000000
En el else......

----------------------------------------
x = 56.000000, y = 200.000000
avance = -381.000000, avanceR = 2.000000, avanceI = 2.000000
inc_x_r = 0.000000, inc_y_r = 1.000000, inc_x_i = 1.000000, inc_y_i = 1.000000
En el else......

----------------------------------------
x = 56.000000, y = 201.000000
avance = -379.000000, avanceR = 2.000000, avanceI = 2.000000
inc_x_r = 0.000000, inc_y_r = 1.000000, inc_x_i = 1.000000, inc_y_i = 1.000000
En el else......

----------------------------------------
x = 56.000000, y = 202.000000
avance = -377.000000, avanceR = 2.000000, avanceI = 2.000000
inc_x_r = 0.000000, inc_y_r = 1.000000, inc_x_i = 1.000000, inc_y_i = 1.000000
En el else......

----------------------------------------
x = 56.000000, y = 203.000000
avance = -375.000000, avanceR = 2.000000, avanceI = 2.000000
inc_x_r = 0.000000, inc_y_r = 1.000000, inc_x_i = 1.000000, inc_y_i = 1.000000
En el else......

----------------------------------------
x = 56.000000, y = 204.000000
avance = -373.000000, avanceR = 2.000000, avanceI = 2.000000
inc_x_r = 0.000000, inc_y_r = 1.000000, inc_x_i = 1.000000, inc_y_i = 1.000000
En el else......

----------------------------------------
x = 56.000000, y = 205.000000
avance = -371.000000, avanceR = 2.000000, avanceI = 2.000000
inc_x_r = 0.000000, inc_y_r = 1.000000, inc_x_i = 1.000000, inc_y_i = 1.000000
En el else......

----------------------------------------
x = 56.000000, y = 206.000000
avance = -369.000000, avanceR = 2.000000, avanceI = 2.000000
inc_x_r = 0.000000, inc_y_r = 1.000000, inc_x_i = 1.000000, inc_y_i = 1.000000
En el else......

----------------------------------------
x = 56.000000, y = 207.000000
avance = -367.000000, avanceR = 2.000000, avanceI = 2.000000
inc_x_r = 0.000000, inc_y_r = 1.000000, inc_x_i = 1.000000, inc_y_i = 1.000000
En el else......

----------------------------------------
x = 56.000000, y = 208.000000
avance = -365.000000, avanceR = 2.000000, avanceI = 2.000000
inc_x_r = 0.000000, inc_y_r = 1.000000, inc_x_i = 1.000000, inc_y_i = 1.000000
En el else......

----------------------------------------
x = 56.000000, y = 209.000000
avance = -363.000000, avanceR = 2.000000, avanceI = 2.000000
inc_x_r = 0.000000, inc_y_r = 1.000000, inc_x_i = 1.000000, inc_y_i = 1.000000
En el else......

----------------------------------------
x = 56.000000, y = 210.000000
avance = -361.000000, avanceR = 2.000000, avanceI = 2.000000
inc_x_r = 0.000000, inc_y_r = 1.000000, inc_x_i = 1.000000, inc_y_i = 1.000000
En el else......

----------------------------------------
x = 56.000000, y = 211.000000
avance = -359.000000, avanceR = 2.000000, avanceI = 2.000000
inc_x_r = 0.000000, inc_y_r = 1.000000, inc_x_i = 1.000000, inc_y_i = 1.000000
En el else......

----------------------------------------
x = 56.000000, y = 212.000000
avance = -357.000000, avanceR = 2.000000, avanceI = 2.000000
inc_x_r = 0.000000, inc_y_r = 1.000000, inc_x_i = 1.000000, inc_y_i = 1.000000
En el else......

----------------------------------------
x = 56.000000, y = 213.000000
avance = -355.000000, avanceR = 2.000000, avanceI = 2.000000
inc_x_r = 0.000000, inc_y_r = 1.000000, inc_x_i = 1.000000, inc_y_i = 1.000000
En el else......

----------------------------------------
x = 56.000000, y = 214.000000
avance = -353.000000, avanceR = 2.000000, avanceI = 2.000000
inc_x_r = 0.000000, inc_y_r = 1.000000, inc_x_i = 1.000000, inc_y_i = 1.000000
En el else......

----------------------------------------
x = 56.000000, y = 215.000000
avance = -351.000000, avanceR = 2.000000, avanceI = 2.000000
inc_x_r = 0.000000, inc_y_r = 1.000000, inc_x_i = 1.000000, inc_y_i = 1.000000
En el else......

----------------------------------------
x = 56.000000, y = 216.000000
avance = -349.000000, avanceR = 2.000000, avanceI = 2.000000
inc_x_r = 0.000000, inc_y_r = 1.000000, inc_x_i = 1.000000, inc_y_i = 1.000000
En el else......

----------------------------------------
x = 56.000000, y = 217.000000
avance = -347.000000, avanceR = 2.000000, avanceI = 2.000000
inc_x_r = 0.000000, inc_y_r = 1.000000, inc_x_i = 1.000000, inc_y_i = 1.000000
En el else......

----------------------------------------
x = 56.000000, y = 218.000000
avance = -345.000000, avanceR = 2.000000, avanceI = 2.000000
inc_x_r = 0.000000, inc_y_r = 1.000000, inc_x_i = 1.000000, inc_y_i = 1.000000
En el else......

----------------------------------------
x = 56.000000, y = 219.000000
avance = -343.000000, avanceR = 2.000000, avanceI = 2.000000
inc_x_r = 0.000000, inc_y_r = 1.000000, inc_x_i = 1.000000, inc_y_i = 1.000000
En el else......

----------------------------------------
x = 56.000000, y = 220.000000
avance = -341.000000, avanceR = 2.000000, avanceI = 2.000000
inc_x_r = 0.000000, inc_y_r = 1.000000, inc_x_i = 1.000000, inc_y_i = 1.000000
En el else......

----------------------------------------
x = 56.000000, y = 221.000000
avance = -339.000000, avanceR = 2.000000, avanceI = 2.000000
inc_x_r = 0.000000, inc_y_r = 1.000000, inc_x_i = 1.000000, inc_y_i = 1.000000
En el else......

----------------------------------------
x = 56.000000, y = 222.000000
avance = -337.000000, avanceR = 2.000000, avanceI = 2.000000
inc_x_r = 0.000000, inc_y_r = 1.000000, inc_x_i = 1.000000, inc_y_i = 1.000000
En el else......

----------------------------------------
x = 56.000000, y = 223.000000
avance = -335.000000, avanceR = 2.000000, avanceI = 2.000000
inc_x_r = 0.000000, inc_y_r = 1.000000, inc_x_i = 1.000000, inc_y_i = 1.000000
En el else......

----------------------------------------
x = 56.000000, y = 224.000000
avance = -333.000000, avanceR = 2.000000, avanceI = 2.000000
inc_x_r = 0.000000, inc_y_r = 1.000000, inc_x_i = 1.000000, inc_y_i = 1.000000
En el else......

----------------------------------------
x = 56.000000, y = 225.000000
avance = -331.000000, avanceR = 2.000000, avanceI = 2.000000
inc_x_r = 0.000000, inc_y_r = 1.000000, inc_x_i = 1.000000, inc_y_i = 1.000000
En el else......

----------------------------------------
x = 56.000000, y = 226.000000
avance = -329.000000, avanceR = 2.000000, avanceI = 2.000000
inc_x_r = 0.000000, inc_y_r = 1.000000, inc_x_i = 1.000000, inc_y_i = 1.000000
En el else......

----------------------------------------
x = 56.000000, y = 227.000000
avance = -327.000000, avanceR = 2.000000, avanceI = 2.000000
inc_x_r = 0.000000, inc_y_r = 1.000000, inc_x_i = 1.000000, inc_y_i = 1.000000
En el else......

----------------------------------------
x = 56.000000, y = 228.000000
avance = -325.000000, avanceR = 2.000000, avanceI = 2.000000
inc_x_r = 0.000000, inc_y_r = 1.000000, inc_x_i = 1.000000, inc_y_i = 1.000000
En el else......

----------------------------------------
x = 56.000000, y = 229.000000
avance = -323.000000, avanceR = 2.000000, avanceI = 2.000000
inc_x_r = 0.000000, inc_y_r = 1.000000, inc_x_i = 1.000000, inc_y_i = 1.000000
En el else......

----------------------------------------
x = 56.000000, y = 230.000000
avance = -321.000000, avanceR = 2.000000, avanceI = 2.000000
inc_x_r = 0.000000, inc_y_r = 1.000000, inc_x_i = 1.000000, inc_y_i = 1.000000
En el else......

----------------------------------------
x = 56.000000, y = 231.000000
avance = -319.000000, avanceR = 2.000000, avanceI = 2.000000
inc_x_r = 0.000000, inc_y_r = 1.000000, inc_x_i = 1.000000, inc_y_i = 1.000000
En el else......

----------------------------------------
x = 56.000000, y = 232.000000
avance = -317.000000, avanceR = 2.000000, avanceI = 2.000000
inc_x_r = 0.000000, inc_y_r = 1.000000, inc_x_i = 1.000000, inc_y_i = 1.000000
En el else......

----------------------------------------
x = 56.000000, y = 233.000000
avance = -315.000000, avanceR = 2.000000, avanceI = 2.000000
inc_x_r = 0.000000, inc_y_r = 1.000000, inc_x_i = 1.000000, inc_y_i = 1.000000
En el else......

----------------------------------------
x = 56.000000, y = 234.000000
avance = -313.000000, avanceR = 2.000000, avanceI = 2.000000
inc_x_r = 0.000000, inc_y_r = 1.000000, inc_x_i = 1.000000, inc_y_i = 1.000000
En el else......

----------------------------------------
x = 56.000000, y = 235.000000
avance = -311.000000, avanceR = 2.000000, avanceI = 2.000000
inc_x_r = 0.000000, inc_y_r = 1.000000, inc_x_i = 1.000000, inc_y_i = 1.000000
En el else......

----------------------------------------
x = 56.000000, y = 236.000000
avance = -309.000000, avanceR = 2.000000, avanceI = 2.000000
inc_x_r = 0.000000, inc_y_r = 1.000000, inc_x_i = 1.000000, inc_y_i = 1.000000
En el else......

----------------------------------------
x = 56.000000, y = 237.000000
avance = -307.000000, avanceR = 2.000000, avanceI = 2.000000
inc_x_r = 0.000000, inc_y_r = 1.000000, inc_x_i = 1.000000, inc_y_i = 1.000000
En el else......

----------------------------------------
x = 56.000000, y = 238.000000
avance = -305.000000, avanceR = 2.000000, avanceI = 2.000000
inc_x_r = 0.000000, inc_y_r = 1.000000, inc_x_i = 1.000000, inc_y_i = 1.000000
En el else......

----------------------------------------
x = 56.000000, y = 239.000000
avance = -303.000000, avanceR = 2.000000, avanceI = 2.000000
inc_x_r = 0.000000, inc_y_r = 1.000000, inc_x_i = 1.000000, inc_y_i = 1.000000
En el else......

----------------------------------------
x = 56.000000, y = 240.000000
avance = -301.000000, avanceR = 2.000000, avanceI = 2.000000
inc_x_r = 0.000000, inc_y_r = 1.000000, inc_x_i = 1.000000, inc_y_i = 1.000000
En el else......

----------------------------------------
x = 56.000000, y = 241.000000
avance = -299.000000, avanceR = 2.000000, avanceI = 2.000000
inc_x_r = 0.000000, inc_y_r = 1.000000, inc_x_i = 1.000000, inc_y_i = 1.000000
En el else......

----------------------------------------
x = 56.000000, y = 242.000000
avance = -297.000000, avanceR = 2.000000, avanceI = 2.000000
inc_x_r = 0.000000, inc_y_r = 1.000000, inc_x_i = 1.000000, inc_y_i = 1.000000
En el else......

----------------------------------------
x = 56.000000, y = 243.000000
avance = -295.000000, avanceR = 2.000000, avanceI = 2.000000
inc_x_r = 0.000000, inc_y_r = 1.000000, inc_x_i = 1.000000, inc_y_i = 1.000000
En el else......

----------------------------------------
x = 56.000000, y = 244.000000
avance = -293.000000, avanceR = 2.000000, avanceI = 2.000000
inc_x_r = 0.000000, inc_y_r = 1.000000, inc_x_i = 1.000000, inc_y_i = 1.000000
En el else......

----------------------------------------
x = 56.000000, y = 245.000000
avance = -291.000000, avanceR = 2.000000, avanceI = 2.000000
inc_x_r = 0.000000, inc_y_r = 1.000000, inc_x_i = 1.000000, inc_y_i = 1.000000
En el else......

----------------------------------------
x = 56.000000, y = 246.000000
avance = -289.000000, avanceR = 2.000000, avanceI = 2.000000
inc_x_r = 0.000000, inc_y_r = 1.000000, inc_x_i = 1.000000, inc_y_i = 1.000000
En el else......

----------------------------------------
x = 56.000000, y = 247.000000
avance = -287.000000, avanceR = 2.000000, avanceI = 2.000000
inc_x_r = 0.000000, inc_y_r = 1.000000, inc_x_i = 1.000000, inc_y_i = 1.000000
En el else......

----------------------------------------
x = 56.000000, y = 248.000000
avance = -285.000000, avanceR = 2.000000, avanceI = 2.000000
inc_x_r = 0.000000, inc_y_r = 1.000000, inc_x_i = 1.000000, inc_y_i = 1.000000
En el else......

----------------------------------------
x = 56.000000, y = 249.000000
avance = -283.000000, avanceR = 2.000000, avanceI = 2.000000
inc_x_r = 0.000000, inc_y_r = 1.000000, inc_x_i = 1.000000, inc_y_i = 1.000000
En el else......

----------------------------------------
x = 56.000000, y = 250.000000
avance = -281.000000, avanceR = 2.000000, avanceI = 2.000000
inc_x_r = 0.000000, inc_y_r = 1.000000, inc_x_i = 1.000000, inc_y_i = 1.000000
En el else......

----------------------------------------
x = 56.000000, y = 251.000000
avance = -279.000000, avanceR = 2.000000, avanceI = 2.000000
inc_x_r = 0.000000, inc_y_r = 1.000000, inc_x_i = 1.000000, inc_y_i = 1.000000
En el else......

----------------------------------------
x = 56.000000, y = 252.000000
avance = -277.000000, avanceR = 2.000000, avanceI = 2.000000
inc_x_r = 0.000000, inc_y_r = 1.000000, inc_x_i = 1.000000, inc_y_i = 1.000000
En el else......

----------------------------------------
x = 56.000000, y = 253.000000
avance = -275.000000, avanceR = 2.000000, avanceI = 2.000000
inc_x_r = 0.000000, inc_y_r = 1.000000, inc_x_i = 1.000000, inc_y_i = 1.000000
En el else......

----------------------------------------
x = 56.000000, y = 254.000000
avance = -273.000000, avanceR = 2.000000, avanceI = 2.000000
inc_x_r = 0.000000, inc_y_r = 1.000000, inc_x_i = 1.000000, inc_y_i = 1.000000
En el else......

----------------------------------------
x = 56.000000, y = 255.000000
avance = -271.000000, avanceR = 2.000000, avanceI = 2.000000
inc_x_r = 0.000000, inc_y_r = 1.000000, inc_x_i = 1.000000, inc_y_i = 1.000000
En el else......

----------------------------------------
x = 56.000000, y = 256.000000
avance = -269.000000, avanceR = 2.000000, avanceI = 2.000000
inc_x_r = 0.000000, inc_y_r = 1.000000, inc_x_i = 1.000000, inc_y_i = 1.000000
En el else......

----------------------------------------
x = 56.000000, y = 257.000000
avance = -267.000000, avanceR = 2.000000, avanceI = 2.000000
inc_x_r = 0.000000, inc_y_r = 1.000000, inc_x_i = 1.000000, inc_y_i = 1.000000
En el else......

----------------------------------------
x = 56.000000, y = 258.000000
avance = -265.000000, avanceR = 2.000000, avanceI = 2.000000
inc_x_r = 0.000000, inc_y_r = 1.000000, inc_x_i = 1.000000, inc_y_i = 1.000000
En el else......

----------------------------------------
x = 56.000000, y = 259.000000
avance = -263.000000, avanceR = 2.000000, avanceI = 2.000000
inc_x_r = 0.000000, inc_y_r = 1.000000, inc_x_i = 1.000000, inc_y_i = 1.000000
En el else......

----------------------------------------
x = 56.000000, y = 260.000000
avance = -261.000000, avanceR = 2.000000, avanceI = 2.000000
inc_x_r = 0.000000, inc_y_r = 1.000000, inc_x_i = 1.000000, inc_y_i = 1.000000
En el else......

----------------------------------------
x = 56.000000, y = 261.000000
avance = -259.000000, avanceR = 2.000000, avanceI = 2.000000
inc_x_r = 0.000000, inc_y_r = 1.000000, inc_x_i = 1.000000, inc_y_i = 1.000000
En el else......

----------------------------------------
x = 56.000000, y = 262.000000
avance = -257.000000, avanceR = 2.000000, avanceI = 2.000000
inc_x_r = 0.000000, inc_y_r = 1.000000, inc_x_i = 1.000000, inc_y_i = 1.000000
En el else......

----------------------------------------
x = 56.000000, y = 263.000000
avance = -255.000000, avanceR = 2.000000, avanceI = 2.000000
inc_x_r = 0.000000, inc_y_r = 1.000000, inc_x_i = 1.000000, inc_y_i = 1.000000
En el else......

----------------------------------------
x = 56.000000, y = 264.000000
avance = -253.000000, avanceR = 2.000000, avanceI = 2.000000
inc_x_r = 0.000000, inc_y_r = 1.000000, inc_x_i = 1.000000, inc_y_i = 1.000000
En el else......

----------------------------------------
x = 56.000000, y = 265.000000
avance = -251.000000, avanceR = 2.000000, avanceI = 2.000000
inc_x_r = 0.000000, inc_y_r = 1.000000, inc_x_i = 1.000000, inc_y_i = 1.000000
En el else......

----------------------------------------


ENTRAMOS A BRESENHAMªªªª
x1 = 55.000000 - y1 = 15.000000 || x2 = 56.000000 - y2 = 266.000000
dy = 251.000000, dx = 1.000000
avances inclinados: inc_x_i = 1.000000, inc_y_i = 1.000000
updated: dy = 251.000000, dx = 1.000000
avances rectos: inc_x_r = 0.000000, inc_y_r 1.000000
reupdated: dy = 1.000000, dx = 251.000000
avanceR = 2.000000, avance -249.000000, avanceI 2.000000
----------------------------------------
x = 55.000000, y = 15.000000
avance = -249.000000, avanceR = 2.000000, avanceI = 2.000000
inc_x_r = 0.000000, inc_y_r = 1.000000, inc_x_i = 1.000000, inc_y_i = 1.000000
En el else......

----------------------------------------
x = 55.000000, y = 16.000000
avance = -247.000000, avanceR = 2.000000, avanceI = 2.000000
inc_x_r = 0.000000, inc_y_r = 1.000000, inc_x_i = 1.000000, inc_y_i = 1.000000
En el else......

----------------------------------------
x = 55.000000, y = 17.000000
avance = -245.000000, avanceR = 2.000000, avanceI = 2.000000
inc_x_r = 0.000000, inc_y_r = 1.000000, inc_x_i = 1.000000, inc_y_i = 1.000000
En el else......

----------------------------------------
x = 55.000000, y = 18.000000
avance = -243.000000, avanceR = 2.000000, avanceI = 2.000000
inc_x_r = 0.000000, inc_y_r = 1.000000, inc_x_i = 1.000000, inc_y_i = 1.000000
En el else......

----------------------------------------
x = 55.000000, y = 19.000000
avance = -241.000000, avanceR = 2.000000, avanceI = 2.000000
inc_x_r = 0.000000, inc_y_r = 1.000000, inc_x_i = 1.000000, inc_y_i = 1.000000
En el else......

----------------------------------------
x = 55.000000, y = 20.000000
avance = -239.000000, avanceR = 2.000000, avanceI = 2.000000
inc_x_r = 0.000000, inc_y_r = 1.000000, inc_x_i = 1.000000, inc_y_i = 1.000000
En el else......

----------------------------------------
x = 55.000000, y = 21.000000
avance = -237.000000, avanceR = 2.000000, avanceI = 2.000000
inc_x_r = 0.000000, inc_y_r = 1.000000, inc_x_i = 1.000000, inc_y_i = 1.000000
En el else......

----------------------------------------
x = 55.000000, y = 22.000000
avance = -235.000000, avanceR = 2.000000, avanceI = 2.000000
inc_x_r = 0.000000, inc_y_r = 1.000000, inc_x_i = 1.000000, inc_y_i = 1.000000
En el else......

----------------------------------------
x = 55.000000, y = 23.000000
avance = -233.000000, avanceR = 2.000000, avanceI = 2.000000
inc_x_r = 0.000000, inc_y_r = 1.000000, inc_x_i = 1.000000, inc_y_i = 1.000000
En el else......

----------------------------------------
x = 55.000000, y = 24.000000
avance = -231.000000, avanceR = 2.000000, avanceI = 2.000000
inc_x_r = 0.000000, inc_y_r = 1.000000, inc_x_i = 1.000000, inc_y_i = 1.000000
En el else......

----------------------------------------
x = 55.000000, y = 25.000000
avance = -229.000000, avanceR = 2.000000, avanceI = 2.000000
inc_x_r = 0.000000, inc_y_r = 1.000000, inc_x_i = 1.000000, inc_y_i = 1.000000
En el else......

----------------------------------------
x = 55.000000, y = 26.000000
avance = -227.000000, avanceR = 2.000000, avanceI = 2.000000
inc_x_r = 0.000000, inc_y_r = 1.000000, inc_x_i = 1.000000, inc_y_i = 1.000000
En el else......

----------------------------------------
x = 55.000000, y = 27.000000
avance = -225.000000, avanceR = 2.000000, avanceI = 2.000000
inc_x_r = 0.000000, inc_y_r = 1.000000, inc_x_i = 1.000000, inc_y_i = 1.000000
En el else......

----------------------------------------
x = 55.000000, y = 28.000000
avance = -223.000000, avanceR = 2.000000, avanceI = 2.000000
inc_x_r = 0.000000, inc_y_r = 1.000000, inc_x_i = 1.000000, inc_y_i = 1.000000
En el else......

----------------------------------------
x = 55.000000, y = 29.000000
avance = -221.000000, avanceR = 2.000000, avanceI = 2.000000
inc_x_r = 0.000000, inc_y_r = 1.000000, inc_x_i = 1.000000, inc_y_i = 1.000000
En el else......

----------------------------------------
x = 55.000000, y = 30.000000
avance = -219.000000, avanceR = 2.000000, avanceI = 2.000000
inc_x_r = 0.000000, inc_y_r = 1.000000, inc_x_i = 1.000000, inc_y_i = 1.000000
En el else......

----------------------------------------
x = 55.000000, y = 31.000000
avance = -217.000000, avanceR = 2.000000, avanceI = 2.000000
inc_x_r = 0.000000, inc_y_r = 1.000000, inc_x_i = 1.000000, inc_y_i = 1.000000
En el else......

----------------------------------------
x = 55.000000, y = 32.000000
avance = -215.000000, avanceR = 2.000000, avanceI = 2.000000
inc_x_r = 0.000000, inc_y_r = 1.000000, inc_x_i = 1.000000, inc_y_i = 1.000000
En el else......

----------------------------------------
x = 55.000000, y = 33.000000
avance = -213.000000, avanceR = 2.000000, avanceI = 2.000000
inc_x_r = 0.000000, inc_y_r = 1.000000, inc_x_i = 1.000000, inc_y_i = 1.000000
En el else......

----------------------------------------
x = 55.000000, y = 34.000000
avance = -211.000000, avanceR = 2.000000, avanceI = 2.000000
inc_x_r = 0.000000, inc_y_r = 1.000000, inc_x_i = 1.000000, inc_y_i = 1.000000
En el else......

----------------------------------------
x = 55.000000, y = 35.000000
avance = -209.000000, avanceR = 2.000000, avanceI = 2.000000
inc_x_r = 0.000000, inc_y_r = 1.000000, inc_x_i = 1.000000, inc_y_i = 1.000000
En el else......

----------------------------------------
x = 55.000000, y = 36.000000
avance = -207.000000, avanceR = 2.000000, avanceI = 2.000000
inc_x_r = 0.000000, inc_y_r = 1.000000, inc_x_i = 1.000000, inc_y_i = 1.000000
En el else......

----------------------------------------
x = 55.000000, y = 37.000000
avance = -205.000000, avanceR = 2.000000, avanceI = 2.000000
inc_x_r = 0.000000, inc_y_r = 1.000000, inc_x_i = 1.000000, inc_y_i = 1.000000
En el else......

----------------------------------------
x = 55.000000, y = 38.000000
avance = -203.000000, avanceR = 2.000000, avanceI = 2.000000
inc_x_r = 0.000000, inc_y_r = 1.000000, inc_x_i = 1.000000, inc_y_i = 1.000000
En el else......

----------------------------------------
x = 55.000000, y = 39.000000
avance = -201.000000, avanceR = 2.000000, avanceI = 2.000000
inc_x_r = 0.000000, inc_y_r = 1.000000, inc_x_i = 1.000000, inc_y_i = 1.000000
En el else......

----------------------------------------
x = 55.000000, y = 40.000000
avance = -199.000000, avanceR = 2.000000, avanceI = 2.000000
inc_x_r = 0.000000, inc_y_r = 1.000000, inc_x_i = 1.000000, inc_y_i = 1.000000
En el else......

----------------------------------------
x = 55.000000, y = 41.000000
avance = -197.000000, avanceR = 2.000000, avanceI = 2.000000
inc_x_r = 0.000000, inc_y_r = 1.000000, inc_x_i = 1.000000, inc_y_i = 1.000000
En el else......

----------------------------------------
x = 55.000000, y = 42.000000
avance = -195.000000, avanceR = 2.000000, avanceI = 2.000000
inc_x_r = 0.000000, inc_y_r = 1.000000, inc_x_i = 1.000000, inc_y_i = 1.000000
En el else......

----------------------------------------
x = 55.000000, y = 43.000000
avance = -193.000000, avanceR = 2.000000, avanceI = 2.000000
inc_x_r = 0.000000, inc_y_r = 1.000000, inc_x_i = 1.000000, inc_y_i = 1.000000
En el else......

----------------------------------------
x = 55.000000, y = 44.000000
avance = -191.000000, avanceR = 2.000000, avanceI = 2.000000
inc_x_r = 0.000000, inc_y_r = 1.000000, inc_x_i = 1.000000, inc_y_i = 1.000000
En el else......

----------------------------------------
x = 55.000000, y = 45.000000
avance = -189.000000, avanceR = 2.000000, avanceI = 2.000000
inc_x_r = 0.000000, inc_y_r = 1.000000, inc_x_i = 1.000000, inc_y_i = 1.000000
En el else......

----------------------------------------
x = 55.000000, y = 46.000000
avance = -187.000000, avanceR = 2.000000, avanceI = 2.000000
inc_x_r = 0.000000, inc_y_r = 1.000000, inc_x_i = 1.000000, inc_y_i = 1.000000
En el else......

----------------------------------------
x = 55.000000, y = 47.000000
avance = -185.000000, avanceR = 2.000000, avanceI = 2.000000
inc_x_r = 0.000000, inc_y_r = 1.000000, inc_x_i = 1.000000, inc_y_i = 1.000000
En el else......

----------------------------------------
x = 55.000000, y = 48.000000
avance = -183.000000, avanceR = 2.000000, avanceI = 2.000000
inc_x_r = 0.000000, inc_y_r = 1.000000, inc_x_i = 1.000000, inc_y_i = 1.000000
En el else......

----------------------------------------
x = 55.000000, y = 49.000000
avance = -181.000000, avanceR = 2.000000, avanceI = 2.000000
inc_x_r = 0.000000, inc_y_r = 1.000000, inc_x_i = 1.000000, inc_y_i = 1.000000
En el else......

----------------------------------------
x = 55.000000, y = 50.000000
avance = -179.000000, avanceR = 2.000000, avanceI = 2.000000
inc_x_r = 0.000000, inc_y_r = 1.000000, inc_x_i = 1.000000, inc_y_i = 1.000000
En el else......

----------------------------------------
x = 55.000000, y = 51.000000
avance = -177.000000, avanceR = 2.000000, avanceI = 2.000000
inc_x_r = 0.000000, inc_y_r = 1.000000, inc_x_i = 1.000000, inc_y_i = 1.000000
En el else......

----------------------------------------
x = 55.000000, y = 52.000000
avance = -175.000000, avanceR = 2.000000, avanceI = 2.000000
inc_x_r = 0.000000, inc_y_r = 1.000000, inc_x_i = 1.000000, inc_y_i = 1.000000
En el else......

----------------------------------------
x = 55.000000, y = 53.000000
avance = -173.000000, avanceR = 2.000000, avanceI = 2.000000
inc_x_r = 0.000000, inc_y_r = 1.000000, inc_x_i = 1.000000, inc_y_i = 1.000000
En el else......

----------------------------------------
x = 55.000000, y = 54.000000
avance = -171.000000, avanceR = 2.000000, avanceI = 2.000000
inc_x_r = 0.000000, inc_y_r = 1.000000, inc_x_i = 1.000000, inc_y_i = 1.000000
En el else......

----------------------------------------
x = 55.000000, y = 55.000000
avance = -169.000000, avanceR = 2.000000, avanceI = 2.000000
inc_x_r = 0.000000, inc_y_r = 1.000000, inc_x_i = 1.000000, inc_y_i = 1.000000
En el else......

----------------------------------------
x = 55.000000, y = 56.000000
avance = -167.000000, avanceR = 2.000000, avanceI = 2.000000
inc_x_r = 0.000000, inc_y_r = 1.000000, inc_x_i = 1.000000, inc_y_i = 1.000000
En el else......

----------------------------------------
x = 55.000000, y = 57.000000
avance = -165.000000, avanceR = 2.000000, avanceI = 2.000000
inc_x_r = 0.000000, inc_y_r = 1.000000, inc_x_i = 1.000000, inc_y_i = 1.000000
En el else......

----------------------------------------
x = 55.000000, y = 58.000000
avance = -163.000000, avanceR = 2.000000, avanceI = 2.000000
inc_x_r = 0.000000, inc_y_r = 1.000000, inc_x_i = 1.000000, inc_y_i = 1.000000
En el else......

----------------------------------------
x = 55.000000, y = 59.000000
avance = -161.000000, avanceR = 2.000000, avanceI = 2.000000
inc_x_r = 0.000000, inc_y_r = 1.000000, inc_x_i = 1.000000, inc_y_i = 1.000000
En el else......

----------------------------------------
x = 55.000000, y = 60.000000
avance = -159.000000, avanceR = 2.000000, avanceI = 2.000000
inc_x_r = 0.000000, inc_y_r = 1.000000, inc_x_i = 1.000000, inc_y_i = 1.000000
En el else......

----------------------------------------
x = 55.000000, y = 61.000000
avance = -157.000000, avanceR = 2.000000, avanceI = 2.000000
inc_x_r = 0.000000, inc_y_r = 1.000000, inc_x_i = 1.000000, inc_y_i = 1.000000
En el else......

----------------------------------------
x = 55.000000, y = 62.000000
avance = -155.000000, avanceR = 2.000000, avanceI = 2.000000
inc_x_r = 0.000000, inc_y_r = 1.000000, inc_x_i = 1.000000, inc_y_i = 1.000000
En el else......

----------------------------------------
x = 55.000000, y = 63.000000
avance = -153.000000, avanceR = 2.000000, avanceI = 2.000000
inc_x_r = 0.000000, inc_y_r = 1.000000, inc_x_i = 1.000000, inc_y_i = 1.000000
En el else......

----------------------------------------
x = 55.000000, y = 64.000000
avance = -151.000000, avanceR = 2.000000, avanceI = 2.000000
inc_x_r = 0.000000, inc_y_r = 1.000000, inc_x_i = 1.000000, inc_y_i = 1.000000
En el else......

----------------------------------------
x = 55.000000, y = 65.000000
avance = -149.000000, avanceR = 2.000000, avanceI = 2.000000
inc_x_r = 0.000000, inc_y_r = 1.000000, inc_x_i = 1.000000, inc_y_i = 1.000000
En el else......

----------------------------------------
x = 55.000000, y = 66.000000
avance = -147.000000, avanceR = 2.000000, avanceI = 2.000000
inc_x_r = 0.000000, inc_y_r = 1.000000, inc_x_i = 1.000000, inc_y_i = 1.000000
En el else......

----------------------------------------
x = 55.000000, y = 67.000000
avance = -145.000000, avanceR = 2.000000, avanceI = 2.000000
inc_x_r = 0.000000, inc_y_r = 1.000000, inc_x_i = 1.000000, inc_y_i = 1.000000
En el else......

----------------------------------------
x = 55.000000, y = 68.000000
avance = -143.000000, avanceR = 2.000000, avanceI = 2.000000
inc_x_r = 0.000000, inc_y_r = 1.000000, inc_x_i = 1.000000, inc_y_i = 1.000000
En el else......

----------------------------------------
x = 55.000000, y = 69.000000
avance = -141.000000, avanceR = 2.000000, avanceI = 2.000000
inc_x_r = 0.000000, inc_y_r = 1.000000, inc_x_i = 1.000000, inc_y_i = 1.000000
En el else......

----------------------------------------
x = 55.000000, y = 70.000000
avance = -139.000000, avanceR = 2.000000, avanceI = 2.000000
inc_x_r = 0.000000, inc_y_r = 1.000000, inc_x_i = 1.000000, inc_y_i = 1.000000
En el else......

----------------------------------------
x = 55.000000, y = 71.000000
avance = -137.000000, avanceR = 2.000000, avanceI = 2.000000
inc_x_r = 0.000000, inc_y_r = 1.000000, inc_x_i = 1.000000, inc_y_i = 1.000000
En el else......

----------------------------------------
x = 55.000000, y = 72.000000
avance = -135.000000, avanceR = 2.000000, avanceI = 2.000000
inc_x_r = 0.000000, inc_y_r = 1.000000, inc_x_i = 1.000000, inc_y_i = 1.000000
En el else......

----------------------------------------
x = 55.000000, y = 73.000000
avance = -133.000000, avanceR = 2.000000, avanceI = 2.000000
inc_x_r = 0.000000, inc_y_r = 1.000000, inc_x_i = 1.000000, inc_y_i = 1.000000
En el else......

----------------------------------------
x = 55.000000, y = 74.000000
avance = -131.000000, avanceR = 2.000000, avanceI = 2.000000
inc_x_r = 0.000000, inc_y_r = 1.000000, inc_x_i = 1.000000, inc_y_i = 1.000000
En el else......

----------------------------------------
x = 55.000000, y = 75.000000
avance = -129.000000, avanceR = 2.000000, avanceI = 2.000000
inc_x_r = 0.000000, inc_y_r = 1.000000, inc_x_i = 1.000000, inc_y_i = 1.000000
En el else......

----------------------------------------
x = 55.000000, y = 76.000000
avance = -127.000000, avanceR = 2.000000, avanceI = 2.000000
inc_x_r = 0.000000, inc_y_r = 1.000000, inc_x_i = 1.000000, inc_y_i = 1.000000
En el else......

----------------------------------------
x = 55.000000, y = 77.000000
avance = -125.000000, avanceR = 2.000000, avanceI = 2.000000
inc_x_r = 0.000000, inc_y_r = 1.000000, inc_x_i = 1.000000, inc_y_i = 1.000000
En el else......

----------------------------------------
x = 55.000000, y = 78.000000
avance = -123.000000, avanceR = 2.000000, avanceI = 2.000000
inc_x_r = 0.000000, inc_y_r = 1.000000, inc_x_i = 1.000000, inc_y_i = 1.000000
En el else......

----------------------------------------
x = 55.000000, y = 79.000000
avance = -121.000000, avanceR = 2.000000, avanceI = 2.000000
inc_x_r = 0.000000, inc_y_r = 1.000000, inc_x_i = 1.000000, inc_y_i = 1.000000
En el else......

----------------------------------------
x = 55.000000, y = 80.000000
avance = -119.000000, avanceR = 2.000000, avanceI = 2.000000
inc_x_r = 0.000000, inc_y_r = 1.000000, inc_x_i = 1.000000, inc_y_i = 1.000000
En el else......

----------------------------------------
x = 55.000000, y = 81.000000
avance = -117.000000, avanceR = 2.000000, avanceI = 2.000000
inc_x_r = 0.000000, inc_y_r = 1.000000, inc_x_i = 1.000000, inc_y_i = 1.000000
En el else......

----------------------------------------
x = 55.000000, y = 82.000000
avance = -115.000000, avanceR = 2.000000, avanceI = 2.000000
inc_x_r = 0.000000, inc_y_r = 1.000000, inc_x_i = 1.000000, inc_y_i = 1.000000
En el else......

----------------------------------------
x = 55.000000, y = 83.000000
avance = -113.000000, avanceR = 2.000000, avanceI = 2.000000
inc_x_r = 0.000000, inc_y_r = 1.000000, inc_x_i = 1.000000, inc_y_i = 1.000000
En el else......

----------------------------------------
x = 55.000000, y = 84.000000
avance = -111.000000, avanceR = 2.000000, avanceI = 2.000000
inc_x_r = 0.000000, inc_y_r = 1.000000, inc_x_i = 1.000000, inc_y_i = 1.000000
En el else......

----------------------------------------
x = 55.000000, y = 85.000000
avance = -109.000000, avanceR = 2.000000, avanceI = 2.000000
inc_x_r = 0.000000, inc_y_r = 1.000000, inc_x_i = 1.000000, inc_y_i = 1.000000
En el else......

----------------------------------------
x = 55.000000, y = 86.000000
avance = -107.000000, avanceR = 2.000000, avanceI = 2.000000
inc_x_r = 0.000000, inc_y_r = 1.000000, inc_x_i = 1.000000, inc_y_i = 1.000000
En el else......

----------------------------------------
x = 55.000000, y = 87.000000
avance = -105.000000, avanceR = 2.000000, avanceI = 2.000000
inc_x_r = 0.000000, inc_y_r = 1.000000, inc_x_i = 1.000000, inc_y_i = 1.000000
En el else......

----------------------------------------
x = 55.000000, y = 88.000000
avance = -103.000000, avanceR = 2.000000, avanceI = 2.000000
inc_x_r = 0.000000, inc_y_r = 1.000000, inc_x_i = 1.000000, inc_y_i = 1.000000
En el else......

----------------------------------------
x = 55.000000, y = 89.000000
avance = -101.000000, avanceR = 2.000000, avanceI = 2.000000
inc_x_r = 0.000000, inc_y_r = 1.000000, inc_x_i = 1.000000, inc_y_i = 1.000000
En el else......

----------------------------------------
x = 55.000000, y = 90.000000
avance = -99.000000, avanceR = 2.000000, avanceI = 2.000000
inc_x_r = 0.000000, inc_y_r = 1.000000, inc_x_i = 1.000000, inc_y_i = 1.000000
En el else......

----------------------------------------
x = 55.000000, y = 91.000000
avance = -97.000000, avanceR = 2.000000, avanceI = 2.000000
inc_x_r = 0.000000, inc_y_r = 1.000000, inc_x_i = 1.000000, inc_y_i = 1.000000
En el else......

----------------------------------------
x = 55.000000, y = 92.000000
avance = -95.000000, avanceR = 2.000000, avanceI = 2.000000
inc_x_r = 0.000000, inc_y_r = 1.000000, inc_x_i = 1.000000, inc_y_i = 1.000000
En el else......

----------------------------------------
x = 55.000000, y = 93.000000
avance = -93.000000, avanceR = 2.000000, avanceI = 2.000000
inc_x_r = 0.000000, inc_y_r = 1.000000, inc_x_i = 1.000000, inc_y_i = 1.000000
En el else......

----------------------------------------
x = 55.000000, y = 94.000000
avance = -91.000000, avanceR = 2.000000, avanceI = 2.000000
inc_x_r = 0.000000, inc_y_r = 1.000000, inc_x_i = 1.000000, inc_y_i = 1.000000
En el else......

----------------------------------------
x = 55.000000, y = 95.000000
avance = -89.000000, avanceR = 2.000000, avanceI = 2.000000
inc_x_r = 0.000000, inc_y_r = 1.000000, inc_x_i = 1.000000, inc_y_i = 1.000000
En el else......

----------------------------------------
x = 55.000000, y = 96.000000
avance = -87.000000, avanceR = 2.000000, avanceI = 2.000000
inc_x_r = 0.000000, inc_y_r = 1.000000, inc_x_i = 1.000000, inc_y_i = 1.000000
En el else......

----------------------------------------
x = 55.000000, y = 97.000000
avance = -85.000000, avanceR = 2.000000, avanceI = 2.000000
inc_x_r = 0.000000, inc_y_r = 1.000000, inc_x_i = 1.000000, inc_y_i = 1.000000
En el else......

----------------------------------------
x = 55.000000, y = 98.000000
avance = -83.000000, avanceR = 2.000000, avanceI = 2.000000
inc_x_r = 0.000000, inc_y_r = 1.000000, inc_x_i = 1.000000, inc_y_i = 1.000000
En el else......

----------------------------------------
x = 55.000000, y = 99.000000
avance = -81.000000, avanceR = 2.000000, avanceI = 2.000000
inc_x_r = 0.000000, inc_y_r = 1.000000, inc_x_i = 1.000000, inc_y_i = 1.000000
En el else......

----------------------------------------
x = 55.000000, y = 100.000000
avance = -79.000000, avanceR = 2.000000, avanceI = 2.000000
inc_x_r = 0.000000, inc_y_r = 1.000000, inc_x_i = 1.000000, inc_y_i = 1.000000
En el else......

----------------------------------------
x = 55.000000, y = 101.000000
avance = -77.000000, avanceR = 2.000000, avanceI = 2.000000
inc_x_r = 0.000000, inc_y_r = 1.000000, inc_x_i = 1.000000, inc_y_i = 1.000000
En el else......

----------------------------------------
x = 55.000000, y = 102.000000
avance = -75.000000, avanceR = 2.000000, avanceI = 2.000000
inc_x_r = 0.000000, inc_y_r = 1.000000, inc_x_i = 1.000000, inc_y_i = 1.000000
En el else......

----------------------------------------
x = 55.000000, y = 103.000000
avance = -73.000000, avanceR = 2.000000, avanceI = 2.000000
inc_x_r = 0.000000, inc_y_r = 1.000000, inc_x_i = 1.000000, inc_y_i = 1.000000
En el else......

----------------------------------------
x = 55.000000, y = 104.000000
avance = -71.000000, avanceR = 2.000000, avanceI = 2.000000
inc_x_r = 0.000000, inc_y_r = 1.000000, inc_x_i = 1.000000, inc_y_i = 1.000000
En el else......

----------------------------------------
x = 55.000000, y = 105.000000
avance = -69.000000, avanceR = 2.000000, avanceI = 2.000000
inc_x_r = 0.000000, inc_y_r = 1.000000, inc_x_i = 1.000000, inc_y_i = 1.000000
En el else......

----------------------------------------
x = 55.000000, y = 106.000000
avance = -67.000000, avanceR = 2.000000, avanceI = 2.000000
inc_x_r = 0.000000, inc_y_r = 1.000000, inc_x_i = 1.000000, inc_y_i = 1.000000
En el else......

----------------------------------------
x = 55.000000, y = 107.000000
avance = -65.000000, avanceR = 2.000000, avanceI = 2.000000
inc_x_r = 0.000000, inc_y_r = 1.000000, inc_x_i = 1.000000, inc_y_i = 1.000000
En el else......

----------------------------------------
x = 55.000000, y = 108.000000
avance = -63.000000, avanceR = 2.000000, avanceI = 2.000000
inc_x_r = 0.000000, inc_y_r = 1.000000, inc_x_i = 1.000000, inc_y_i = 1.000000
En el else......

----------------------------------------
x = 55.000000, y = 109.000000
avance = -61.000000, avanceR = 2.000000, avanceI = 2.000000
inc_x_r = 0.000000, inc_y_r = 1.000000, inc_x_i = 1.000000, inc_y_i = 1.000000
En el else......

----------------------------------------
x = 55.000000, y = 110.000000
avance = -59.000000, avanceR = 2.000000, avanceI = 2.000000
inc_x_r = 0.000000, inc_y_r = 1.000000, inc_x_i = 1.000000, inc_y_i = 1.000000
En el else......

----------------------------------------
x = 55.000000, y = 111.000000
avance = -57.000000, avanceR = 2.000000, avanceI = 2.000000
inc_x_r = 0.000000, inc_y_r = 1.000000, inc_x_i = 1.000000, inc_y_i = 1.000000
En el else......

----------------------------------------
x = 55.000000, y = 112.000000
avance = -55.000000, avanceR = 2.000000, avanceI = 2.000000
inc_x_r = 0.000000, inc_y_r = 1.000000, inc_x_i = 1.000000, inc_y_i = 1.000000
En el else......

----------------------------------------
x = 55.000000, y = 113.000000
avance = -53.000000, avanceR = 2.000000, avanceI = 2.000000
inc_x_r = 0.000000, inc_y_r = 1.000000, inc_x_i = 1.000000, inc_y_i = 1.000000
En el else......

----------------------------------------
x = 55.000000, y = 114.000000
avance = -51.000000, avanceR = 2.000000, avanceI = 2.000000
inc_x_r = 0.000000, inc_y_r = 1.000000, inc_x_i = 1.000000, inc_y_i = 1.000000
En el else......

----------------------------------------
x = 55.000000, y = 115.000000
avance = -49.000000, avanceR = 2.000000, avanceI = 2.000000
inc_x_r = 0.000000, inc_y_r = 1.000000, inc_x_i = 1.000000, inc_y_i = 1.000000
En el else......

----------------------------------------
x = 55.000000, y = 116.000000
avance = -47.000000, avanceR = 2.000000, avanceI = 2.000000
inc_x_r = 0.000000, inc_y_r = 1.000000, inc_x_i = 1.000000, inc_y_i = 1.000000
En el else......

----------------------------------------
x = 55.000000, y = 117.000000
avance = -45.000000, avanceR = 2.000000, avanceI = 2.000000
inc_x_r = 0.000000, inc_y_r = 1.000000, inc_x_i = 1.000000, inc_y_i = 1.000000
En el else......

----------------------------------------
x = 55.000000, y = 118.000000
avance = -43.000000, avanceR = 2.000000, avanceI = 2.000000
inc_x_r = 0.000000, inc_y_r = 1.000000, inc_x_i = 1.000000, inc_y_i = 1.000000
En el else......

----------------------------------------
x = 55.000000, y = 119.000000
avance = -41.000000, avanceR = 2.000000, avanceI = 2.000000
inc_x_r = 0.000000, inc_y_r = 1.000000, inc_x_i = 1.000000, inc_y_i = 1.000000
En el else......

----------------------------------------
x = 55.000000, y = 120.000000
avance = -39.000000, avanceR = 2.000000, avanceI = 2.000000
inc_x_r = 0.000000, inc_y_r = 1.000000, inc_x_i = 1.000000, inc_y_i = 1.000000
En el else......

----------------------------------------
x = 55.000000, y = 121.000000
avance = -37.000000, avanceR = 2.000000, avanceI = 2.000000
inc_x_r = 0.000000, inc_y_r = 1.000000, inc_x_i = 1.000000, inc_y_i = 1.000000
En el else......

----------------------------------------
x = 55.000000, y = 122.000000
avance = -35.000000, avanceR = 2.000000, avanceI = 2.000000
inc_x_r = 0.000000, inc_y_r = 1.000000, inc_x_i = 1.000000, inc_y_i = 1.000000
En el else......

----------------------------------------
x = 55.000000, y = 123.000000
avance = -33.000000, avanceR = 2.000000, avanceI = 2.000000
inc_x_r = 0.000000, inc_y_r = 1.000000, inc_x_i = 1.000000, inc_y_i = 1.000000
En el else......

----------------------------------------
x = 55.000000, y = 124.000000
avance = -31.000000, avanceR = 2.000000, avanceI = 2.000000
inc_x_r = 0.000000, inc_y_r = 1.000000, inc_x_i = 1.000000, inc_y_i = 1.000000
En el else......

----------------------------------------
x = 55.000000, y = 125.000000
avance = -29.000000, avanceR = 2.000000, avanceI = 2.000000
inc_x_r = 0.000000, inc_y_r = 1.000000, inc_x_i = 1.000000, inc_y_i = 1.000000
En el else......

----------------------------------------
x = 55.000000, y = 126.000000
avance = -27.000000, avanceR = 2.000000, avanceI = 2.000000
inc_x_r = 0.000000, inc_y_r = 1.000000, inc_x_i = 1.000000, inc_y_i = 1.000000
En el else......

----------------------------------------
x = 55.000000, y = 127.000000
avance = -25.000000, avanceR = 2.000000, avanceI = 2.000000
inc_x_r = 0.000000, inc_y_r = 1.000000, inc_x_i = 1.000000, inc_y_i = 1.000000
En el else......

----------------------------------------
x = 55.000000, y = 128.000000
avance = -23.000000, avanceR = 2.000000, avanceI = 2.000000
inc_x_r = 0.000000, inc_y_r = 1.000000, inc_x_i = 1.000000, inc_y_i = 1.000000
En el else......

----------------------------------------
x = 55.000000, y = 129.000000
avance = -21.000000, avanceR = 2.000000, avanceI = 2.000000
inc_x_r = 0.000000, inc_y_r = 1.000000, inc_x_i = 1.000000, inc_y_i = 1.000000
En el else......

----------------------------------------
x = 55.000000, y = 130.000000
avance = -19.000000, avanceR = 2.000000, avanceI = 2.000000
inc_x_r = 0.000000, inc_y_r = 1.000000, inc_x_i = 1.000000, inc_y_i = 1.000000
En el else......

----------------------------------------
x = 55.000000, y = 131.000000
avance = -17.000000, avanceR = 2.000000, avanceI = 2.000000
inc_x_r = 0.000000, inc_y_r = 1.000000, inc_x_i = 1.000000, inc_y_i = 1.000000
En el else......

----------------------------------------
x = 55.000000, y = 132.000000
avance = -15.000000, avanceR = 2.000000, avanceI = 2.000000
inc_x_r = 0.000000, inc_y_r = 1.000000, inc_x_i = 1.000000, inc_y_i = 1.000000
En el else......

----------------------------------------
x = 55.000000, y = 133.000000
avance = -13.000000, avanceR = 2.000000, avanceI = 2.000000
inc_x_r = 0.000000, inc_y_r = 1.000000, inc_x_i = 1.000000, inc_y_i = 1.000000
En el else......

----------------------------------------
x = 55.000000, y = 134.000000
avance = -11.000000, avanceR = 2.000000, avanceI = 2.000000
inc_x_r = 0.000000, inc_y_r = 1.000000, inc_x_i = 1.000000, inc_y_i = 1.000000
En el else......

----------------------------------------
x = 55.000000, y = 135.000000
avance = -9.000000, avanceR = 2.000000, avanceI = 2.000000
inc_x_r = 0.000000, inc_y_r = 1.000000, inc_x_i = 1.000000, inc_y_i = 1.000000
En el else......

----------------------------------------
x = 55.000000, y = 136.000000
avance = -7.000000, avanceR = 2.000000, avanceI = 2.000000
inc_x_r = 0.000000, inc_y_r = 1.000000, inc_x_i = 1.000000, inc_y_i = 1.000000
En el else......

----------------------------------------
x = 55.000000, y = 137.000000
avance = -5.000000, avanceR = 2.000000, avanceI = 2.000000
inc_x_r = 0.000000, inc_y_r = 1.000000, inc_x_i = 1.000000, inc_y_i = 1.000000
En el else......

----------------------------------------
x = 55.000000, y = 138.000000
avance = -3.000000, avanceR = 2.000000, avanceI = 2.000000
inc_x_r = 0.000000, inc_y_r = 1.000000, inc_x_i = 1.000000, inc_y_i = 1.000000
En el else......

----------------------------------------
x = 55.000000, y = 139.000000
avance = -1.000000, avanceR = 2.000000, avanceI = 2.000000
inc_x_r = 0.000000, inc_y_r = 1.000000, inc_x_i = 1.000000, inc_y_i = 1.000000
En el else......

----------------------------------------
x = 55.000000, y = 140.000000
avance = 1.000000, avanceR = 2.000000, avanceI = 2.000000
inc_x_r = 0.000000, inc_y_r = 1.000000, inc_x_i = 1.000000, inc_y_i = 1.000000
avance >= 0

----------------------------------------
x = 56.000000, y = 141.000000
avance = -499.000000, avanceR = 2.000000, avanceI = 2.000000
inc_x_r = 0.000000, inc_y_r = 1.000000, inc_x_i = 1.000000, inc_y_i = 1.000000
En el else......

----------------------------------------
x = 56.000000, y = 142.000000
avance = -497.000000, avanceR = 2.000000, avanceI = 2.000000
inc_x_r = 0.000000, inc_y_r = 1.000000, inc_x_i = 1.000000, inc_y_i = 1.000000
En el else......

----------------------------------------
x = 56.000000, y = 143.000000
avance = -495.000000, avanceR = 2.000000, avanceI = 2.000000
inc_x_r = 0.000000, inc_y_r = 1.000000, inc_x_i = 1.000000, inc_y_i = 1.000000
En el else......

----------------------------------------
x = 56.000000, y = 144.000000
avance = -493.000000, avanceR = 2.000000, avanceI = 2.000000
inc_x_r = 0.000000, inc_y_r = 1.000000, inc_x_i = 1.000000, inc_y_i = 1.000000
En el else......

----------------------------------------
x = 56.000000, y = 145.000000
avance = -491.000000, avanceR = 2.000000, avanceI = 2.000000
inc_x_r = 0.000000, inc_y_r = 1.000000, inc_x_i = 1.000000, inc_y_i = 1.000000
En el else......

----------------------------------------
x = 56.000000, y = 146.000000
avance = -489.000000, avanceR = 2.000000, avanceI = 2.000000
inc_x_r = 0.000000, inc_y_r = 1.000000, inc_x_i = 1.000000, inc_y_i = 1.000000
En el else......

----------------------------------------
x = 56.000000, y = 147.000000
avance = -487.000000, avanceR = 2.000000, avanceI = 2.000000
inc_x_r = 0.000000, inc_y_r = 1.000000, inc_x_i = 1.000000, inc_y_i = 1.000000
En el else......

----------------------------------------
x = 56.000000, y = 148.000000
avance = -485.000000, avanceR = 2.000000, avanceI = 2.000000
inc_x_r = 0.000000, inc_y_r = 1.000000, inc_x_i = 1.000000, inc_y_i = 1.000000
En el else......

----------------------------------------
x = 56.000000, y = 149.000000
avance = -483.000000, avanceR = 2.000000, avanceI = 2.000000
inc_x_r = 0.000000, inc_y_r = 1.000000, inc_x_i = 1.000000, inc_y_i = 1.000000
En el else......

----------------------------------------
x = 56.000000, y = 150.000000
avance = -481.000000, avanceR = 2.000000, avanceI = 2.000000
inc_x_r = 0.000000, inc_y_r = 1.000000, inc_x_i = 1.000000, inc_y_i = 1.000000
En el else......

----------------------------------------
x = 56.000000, y = 151.000000
avance = -479.000000, avanceR = 2.000000, avanceI = 2.000000
inc_x_r = 0.000000, inc_y_r = 1.000000, inc_x_i = 1.000000, inc_y_i = 1.000000
En el else......

----------------------------------------
x = 56.000000, y = 152.000000
avance = -477.000000, avanceR = 2.000000, avanceI = 2.000000
inc_x_r = 0.000000, inc_y_r = 1.000000, inc_x_i = 1.000000, inc_y_i = 1.000000
En el else......

----------------------------------------
x = 56.000000, y = 153.000000
avance = -475.000000, avanceR = 2.000000, avanceI = 2.000000
inc_x_r = 0.000000, inc_y_r = 1.000000, inc_x_i = 1.000000, inc_y_i = 1.000000
En el else......

----------------------------------------
x = 56.000000, y = 154.000000
avance = -473.000000, avanceR = 2.000000, avanceI = 2.000000
inc_x_r = 0.000000, inc_y_r = 1.000000, inc_x_i = 1.000000, inc_y_i = 1.000000
En el else......

----------------------------------------
x = 56.000000, y = 155.000000
avance = -471.000000, avanceR = 2.000000, avanceI = 2.000000
inc_x_r = 0.000000, inc_y_r = 1.000000, inc_x_i = 1.000000, inc_y_i = 1.000000
En el else......

----------------------------------------
x = 56.000000, y = 156.000000
avance = -469.000000, avanceR = 2.000000, avanceI = 2.000000
inc_x_r = 0.000000, inc_y_r = 1.000000, inc_x_i = 1.000000, inc_y_i = 1.000000
En el else......

----------------------------------------
x = 56.000000, y = 157.000000
avance = -467.000000, avanceR = 2.000000, avanceI = 2.000000
inc_x_r = 0.000000, inc_y_r = 1.000000, inc_x_i = 1.000000, inc_y_i = 1.000000
En el else......

----------------------------------------
x = 56.000000, y = 158.000000
avance = -465.000000, avanceR = 2.000000, avanceI = 2.000000
inc_x_r = 0.000000, inc_y_r = 1.000000, inc_x_i = 1.000000, inc_y_i = 1.000000
En el else......

----------------------------------------
x = 56.000000, y = 159.000000
avance = -463.000000, avanceR = 2.000000, avanceI = 2.000000
inc_x_r = 0.000000, inc_y_r = 1.000000, inc_x_i = 1.000000, inc_y_i = 1.000000
En el else......

----------------------------------------
x = 56.000000, y = 160.000000
avance = -461.000000, avanceR = 2.000000, avanceI = 2.000000
inc_x_r = 0.000000, inc_y_r = 1.000000, inc_x_i = 1.000000, inc_y_i = 1.000000
En el else......

----------------------------------------
x = 56.000000, y = 161.000000
avance = -459.000000, avanceR = 2.000000, avanceI = 2.000000
inc_x_r = 0.000000, inc_y_r = 1.000000, inc_x_i = 1.000000, inc_y_i = 1.000000
En el else......

----------------------------------------
x = 56.000000, y = 162.000000
avance = -457.000000, avanceR = 2.000000, avanceI = 2.000000
inc_x_r = 0.000000, inc_y_r = 1.000000, inc_x_i = 1.000000, inc_y_i = 1.000000
En el else......

----------------------------------------
x = 56.000000, y = 163.000000
avance = -455.000000, avanceR = 2.000000, avanceI = 2.000000
inc_x_r = 0.000000, inc_y_r = 1.000000, inc_x_i = 1.000000, inc_y_i = 1.000000
En el else......

----------------------------------------
x = 56.000000, y = 164.000000
avance = -453.000000, avanceR = 2.000000, avanceI = 2.000000
inc_x_r = 0.000000, inc_y_r = 1.000000, inc_x_i = 1.000000, inc_y_i = 1.000000
En el else......

----------------------------------------
x = 56.000000, y = 165.000000
avance = -451.000000, avanceR = 2.000000, avanceI = 2.000000
inc_x_r = 0.000000, inc_y_r = 1.000000, inc_x_i = 1.000000, inc_y_i = 1.000000
En el else......

----------------------------------------
x = 56.000000, y = 166.000000
avance = -449.000000, avanceR = 2.000000, avanceI = 2.000000
inc_x_r = 0.000000, inc_y_r = 1.000000, inc_x_i = 1.000000, inc_y_i = 1.000000
En el else......

----------------------------------------
x = 56.000000, y = 167.000000
avance = -447.000000, avanceR = 2.000000, avanceI = 2.000000
inc_x_r = 0.000000, inc_y_r = 1.000000, inc_x_i = 1.000000, inc_y_i = 1.000000
En el else......

----------------------------------------
x = 56.000000, y = 168.000000
avance = -445.000000, avanceR = 2.000000, avanceI = 2.000000
inc_x_r = 0.000000, inc_y_r = 1.000000, inc_x_i = 1.000000, inc_y_i = 1.000000
En el else......

----------------------------------------
x = 56.000000, y = 169.000000
avance = -443.000000, avanceR = 2.000000, avanceI = 2.000000
inc_x_r = 0.000000, inc_y_r = 1.000000, inc_x_i = 1.000000, inc_y_i = 1.000000
En el else......

----------------------------------------
x = 56.000000, y = 170.000000
avance = -441.000000, avanceR = 2.000000, avanceI = 2.000000
inc_x_r = 0.000000, inc_y_r = 1.000000, inc_x_i = 1.000000, inc_y_i = 1.000000
En el else......

----------------------------------------
x = 56.000000, y = 171.000000
avance = -439.000000, avanceR = 2.000000, avanceI = 2.000000
inc_x_r = 0.000000, inc_y_r = 1.000000, inc_x_i = 1.000000, inc_y_i = 1.000000
En el else......

----------------------------------------
x = 56.000000, y = 172.000000
avance = -437.000000, avanceR = 2.000000, avanceI = 2.000000
inc_x_r = 0.000000, inc_y_r = 1.000000, inc_x_i = 1.000000, inc_y_i = 1.000000
En el else......

----------------------------------------
x = 56.000000, y = 173.000000
avance = -435.000000, avanceR = 2.000000, avanceI = 2.000000
inc_x_r = 0.000000, inc_y_r = 1.000000, inc_x_i = 1.000000, inc_y_i = 1.000000
En el else......

----------------------------------------
x = 56.000000, y = 174.000000
avance = -433.000000, avanceR = 2.000000, avanceI = 2.000000
inc_x_r = 0.000000, inc_y_r = 1.000000, inc_x_i = 1.000000, inc_y_i = 1.000000
En el else......

----------------------------------------
x = 56.000000, y = 175.000000
avance = -431.000000, avanceR = 2.000000, avanceI = 2.000000
inc_x_r = 0.000000, inc_y_r = 1.000000, inc_x_i = 1.000000, inc_y_i = 1.000000
En el else......

----------------------------------------
x = 56.000000, y = 176.000000
avance = -429.000000, avanceR = 2.000000, avanceI = 2.000000
inc_x_r = 0.000000, inc_y_r = 1.000000, inc_x_i = 1.000000, inc_y_i = 1.000000
En el else......

----------------------------------------
x = 56.000000, y = 177.000000
avance = -427.000000, avanceR = 2.000000, avanceI = 2.000000
inc_x_r = 0.000000, inc_y_r = 1.000000, inc_x_i = 1.000000, inc_y_i = 1.000000
En el else......

----------------------------------------
x = 56.000000, y = 178.000000
avance = -425.000000, avanceR = 2.000000, avanceI = 2.000000
inc_x_r = 0.000000, inc_y_r = 1.000000, inc_x_i = 1.000000, inc_y_i = 1.000000
En el else......

----------------------------------------
x = 56.000000, y = 179.000000
avance = -423.000000, avanceR = 2.000000, avanceI = 2.000000
inc_x_r = 0.000000, inc_y_r = 1.000000, inc_x_i = 1.000000, inc_y_i = 1.000000
En el else......

----------------------------------------
x = 56.000000, y = 180.000000
avance = -421.000000, avanceR = 2.000000, avanceI = 2.000000
inc_x_r = 0.000000, inc_y_r = 1.000000, inc_x_i = 1.000000, inc_y_i = 1.000000
En el else......

----------------------------------------
x = 56.000000, y = 181.000000
avance = -419.000000, avanceR = 2.000000, avanceI = 2.000000
inc_x_r = 0.000000, inc_y_r = 1.000000, inc_x_i = 1.000000, inc_y_i = 1.000000
En el else......

----------------------------------------
x = 56.000000, y = 182.000000
avance = -417.000000, avanceR = 2.000000, avanceI = 2.000000
inc_x_r = 0.000000, inc_y_r = 1.000000, inc_x_i = 1.000000, inc_y_i = 1.000000
En el else......

----------------------------------------
x = 56.000000, y = 183.000000
avance = -415.000000, avanceR = 2.000000, avanceI = 2.000000
inc_x_r = 0.000000, inc_y_r = 1.000000, inc_x_i = 1.000000, inc_y_i = 1.000000
En el else......

----------------------------------------
x = 56.000000, y = 184.000000
avance = -413.000000, avanceR = 2.000000, avanceI = 2.000000
inc_x_r = 0.000000, inc_y_r = 1.000000, inc_x_i = 1.000000, inc_y_i = 1.000000
En el else......

----------------------------------------
x = 56.000000, y = 185.000000
avance = -411.000000, avanceR = 2.000000, avanceI = 2.000000
inc_x_r = 0.000000, inc_y_r = 1.000000, inc_x_i = 1.000000, inc_y_i = 1.000000
En el else......

----------------------------------------
x = 56.000000, y = 186.000000
avance = -409.000000, avanceR = 2.000000, avanceI = 2.000000
inc_x_r = 0.000000, inc_y_r = 1.000000, inc_x_i = 1.000000, inc_y_i = 1.000000
En el else......

----------------------------------------
x = 56.000000, y = 187.000000
avance = -407.000000, avanceR = 2.000000, avanceI = 2.000000
inc_x_r = 0.000000, inc_y_r = 1.000000, inc_x_i = 1.000000, inc_y_i = 1.000000
En el else......

----------------------------------------
x = 56.000000, y = 188.000000
avance = -405.000000, avanceR = 2.000000, avanceI = 2.000000
inc_x_r = 0.000000, inc_y_r = 1.000000, inc_x_i = 1.000000, inc_y_i = 1.000000
En el else......

----------------------------------------
x = 56.000000, y = 189.000000
avance = -403.000000, avanceR = 2.000000, avanceI = 2.000000
inc_x_r = 0.000000, inc_y_r = 1.000000, inc_x_i = 1.000000, inc_y_i = 1.000000
En el else......

----------------------------------------
x = 56.000000, y = 190.000000
avance = -401.000000, avanceR = 2.000000, avanceI = 2.000000
inc_x_r = 0.000000, inc_y_r = 1.000000, inc_x_i = 1.000000, inc_y_i = 1.000000
En el else......

----------------------------------------
x = 56.000000, y = 191.000000
avance = -399.000000, avanceR = 2.000000, avanceI = 2.000000
inc_x_r = 0.000000, inc_y_r = 1.000000, inc_x_i = 1.000000, inc_y_i = 1.000000
En el else......

----------------------------------------
x = 56.000000, y = 192.000000
avance = -397.000000, avanceR = 2.000000, avanceI = 2.000000
inc_x_r = 0.000000, inc_y_r = 1.000000, inc_x_i = 1.000000, inc_y_i = 1.000000
En el else......

----------------------------------------
x = 56.000000, y = 193.000000
avance = -395.000000, avanceR = 2.000000, avanceI = 2.000000
inc_x_r = 0.000000, inc_y_r = 1.000000, inc_x_i = 1.000000, inc_y_i = 1.000000
En el else......

----------------------------------------
x = 56.000000, y = 194.000000
avance = -393.000000, avanceR = 2.000000, avanceI = 2.000000
inc_x_r = 0.000000, inc_y_r = 1.000000, inc_x_i = 1.000000, inc_y_i = 1.000000
En el else......

----------------------------------------
x = 56.000000, y = 195.000000
avance = -391.000000, avanceR = 2.000000, avanceI = 2.000000
inc_x_r = 0.000000, inc_y_r = 1.000000, inc_x_i = 1.000000, inc_y_i = 1.000000
En el else......

----------------------------------------
x = 56.000000, y = 196.000000
avance = -389.000000, avanceR = 2.000000, avanceI = 2.000000
inc_x_r = 0.000000, inc_y_r = 1.000000, inc_x_i = 1.000000, inc_y_i = 1.000000
En el else......

----------------------------------------
x = 56.000000, y = 197.000000
avance = -387.000000, avanceR = 2.000000, avanceI = 2.000000
inc_x_r = 0.000000, inc_y_r = 1.000000, inc_x_i = 1.000000, inc_y_i = 1.000000
En el else......

----------------------------------------
x = 56.000000, y = 198.000000
avance = -385.000000, avanceR = 2.000000, avanceI = 2.000000
inc_x_r = 0.000000, inc_y_r = 1.000000, inc_x_i = 1.000000, inc_y_i = 1.000000
En el else......

----------------------------------------
x = 56.000000, y = 199.000000
avance = -383.000000, avanceR = 2.000000, avanceI = 2.000000
inc_x_r = 0.000000, inc_y_r = 1.000000, inc_x_i = 1.000000, inc_y_i = 1.000000
En el else......

----------------------------------------
x = 56.000000, y = 200.000000
avance = -381.000000, avanceR = 2.000000, avanceI = 2.000000
inc_x_r = 0.000000, inc_y_r = 1.000000, inc_x_i = 1.000000, inc_y_i = 1.000000
En el else......

----------------------------------------
x = 56.000000, y = 201.000000
avance = -379.000000, avanceR = 2.000000, avanceI = 2.000000
inc_x_r = 0.000000, inc_y_r = 1.000000, inc_x_i = 1.000000, inc_y_i = 1.000000
En el else......

----------------------------------------
x = 56.000000, y = 202.000000
avance = -377.000000, avanceR = 2.000000, avanceI = 2.000000
inc_x_r = 0.000000, inc_y_r = 1.000000, inc_x_i = 1.000000, inc_y_i = 1.000000
En el else......

----------------------------------------
x = 56.000000, y = 203.000000
avance = -375.000000, avanceR = 2.000000, avanceI = 2.000000
inc_x_r = 0.000000, inc_y_r = 1.000000, inc_x_i = 1.000000, inc_y_i = 1.000000
En el else......

----------------------------------------
x = 56.000000, y = 204.000000
avance = -373.000000, avanceR = 2.000000, avanceI = 2.000000
inc_x_r = 0.000000, inc_y_r = 1.000000, inc_x_i = 1.000000, inc_y_i = 1.000000
En el else......

----------------------------------------
x = 56.000000, y = 205.000000
avance = -371.000000, avanceR = 2.000000, avanceI = 2.000000
inc_x_r = 0.000000, inc_y_r = 1.000000, inc_x_i = 1.000000, inc_y_i = 1.000000
En el else......

----------------------------------------
x = 56.000000, y = 206.000000
avance = -369.000000, avanceR = 2.000000, avanceI = 2.000000
inc_x_r = 0.000000, inc_y_r = 1.000000, inc_x_i = 1.000000, inc_y_i = 1.000000
En el else......

----------------------------------------
x = 56.000000, y = 207.000000
avance = -367.000000, avanceR = 2.000000, avanceI = 2.000000
inc_x_r = 0.000000, inc_y_r = 1.000000, inc_x_i = 1.000000, inc_y_i = 1.000000
En el else......

----------------------------------------
x = 56.000000, y = 208.000000
avance = -365.000000, avanceR = 2.000000, avanceI = 2.000000
inc_x_r = 0.000000, inc_y_r = 1.000000, inc_x_i = 1.000000, inc_y_i = 1.000000
En el else......

----------------------------------------
x = 56.000000, y = 209.000000
avance = -363.000000, avanceR = 2.000000, avanceI = 2.000000
inc_x_r = 0.000000, inc_y_r = 1.000000, inc_x_i = 1.000000, inc_y_i = 1.000000
En el else......

----------------------------------------
x = 56.000000, y = 210.000000
avance = -361.000000, avanceR = 2.000000, avanceI = 2.000000
inc_x_r = 0.000000, inc_y_r = 1.000000, inc_x_i = 1.000000, inc_y_i = 1.000000
En el else......

----------------------------------------
x = 56.000000, y = 211.000000
avance = -359.000000, avanceR = 2.000000, avanceI = 2.000000
inc_x_r = 0.000000, inc_y_r = 1.000000, inc_x_i = 1.000000, inc_y_i = 1.000000
En el else......

----------------------------------------
x = 56.000000, y = 212.000000
avance = -357.000000, avanceR = 2.000000, avanceI = 2.000000
inc_x_r = 0.000000, inc_y_r = 1.000000, inc_x_i = 1.000000, inc_y_i = 1.000000
En el else......

----------------------------------------
x = 56.000000, y = 213.000000
avance = -355.000000, avanceR = 2.000000, avanceI = 2.000000
inc_x_r = 0.000000, inc_y_r = 1.000000, inc_x_i = 1.000000, inc_y_i = 1.000000
En el else......

----------------------------------------
x = 56.000000, y = 214.000000
avance = -353.000000, avanceR = 2.000000, avanceI = 2.000000
inc_x_r = 0.000000, inc_y_r = 1.000000, inc_x_i = 1.000000, inc_y_i = 1.000000
En el else......

----------------------------------------
x = 56.000000, y = 215.000000
avance = -351.000000, avanceR = 2.000000, avanceI = 2.000000
inc_x_r = 0.000000, inc_y_r = 1.000000, inc_x_i = 1.000000, inc_y_i = 1.000000
En el else......

----------------------------------------
x = 56.000000, y = 216.000000
avance = -349.000000, avanceR = 2.000000, avanceI = 2.000000
inc_x_r = 0.000000, inc_y_r = 1.000000, inc_x_i = 1.000000, inc_y_i = 1.000000
En el else......

----------------------------------------
x = 56.000000, y = 217.000000
avance = -347.000000, avanceR = 2.000000, avanceI = 2.000000
inc_x_r = 0.000000, inc_y_r = 1.000000, inc_x_i = 1.000000, inc_y_i = 1.000000
En el else......

----------------------------------------
x = 56.000000, y = 218.000000
avance = -345.000000, avanceR = 2.000000, avanceI = 2.000000
inc_x_r = 0.000000, inc_y_r = 1.000000, inc_x_i = 1.000000, inc_y_i = 1.000000
En el else......

----------------------------------------
x = 56.000000, y = 219.000000
avance = -343.000000, avanceR = 2.000000, avanceI = 2.000000
inc_x_r = 0.000000, inc_y_r = 1.000000, inc_x_i = 1.000000, inc_y_i = 1.000000
En el else......

----------------------------------------
x = 56.000000, y = 220.000000
avance = -341.000000, avanceR = 2.000000, avanceI = 2.000000
inc_x_r = 0.000000, inc_y_r = 1.000000, inc_x_i = 1.000000, inc_y_i = 1.000000
En el else......

----------------------------------------
x = 56.000000, y = 221.000000
avance = -339.000000, avanceR = 2.000000, avanceI = 2.000000
inc_x_r = 0.000000, inc_y_r = 1.000000, inc_x_i = 1.000000, inc_y_i = 1.000000
En el else......

----------------------------------------
x = 56.000000, y = 222.000000
avance = -337.000000, avanceR = 2.000000, avanceI = 2.000000
inc_x_r = 0.000000, inc_y_r = 1.000000, inc_x_i = 1.000000, inc_y_i = 1.000000
En el else......

----------------------------------------
x = 56.000000, y = 223.000000
avance = -335.000000, avanceR = 2.000000, avanceI = 2.000000
inc_x_r = 0.000000, inc_y_r = 1.000000, inc_x_i = 1.000000, inc_y_i = 1.000000
En el else......

----------------------------------------
x = 56.000000, y = 224.000000
avance = -333.000000, avanceR = 2.000000, avanceI = 2.000000
inc_x_r = 0.000000, inc_y_r = 1.000000, inc_x_i = 1.000000, inc_y_i = 1.000000
En el else......

----------------------------------------
x = 56.000000, y = 225.000000
avance = -331.000000, avanceR = 2.000000, avanceI = 2.000000
inc_x_r = 0.000000, inc_y_r = 1.000000, inc_x_i = 1.000000, inc_y_i = 1.000000
En el else......

----------------------------------------
x = 56.000000, y = 226.000000
avance = -329.000000, avanceR = 2.000000, avanceI = 2.000000
inc_x_r = 0.000000, inc_y_r = 1.000000, inc_x_i = 1.000000, inc_y_i = 1.000000
En el else......

----------------------------------------
x = 56.000000, y = 227.000000
avance = -327.000000, avanceR = 2.000000, avanceI = 2.000000
inc_x_r = 0.000000, inc_y_r = 1.000000, inc_x_i = 1.000000, inc_y_i = 1.000000
En el else......

----------------------------------------
x = 56.000000, y = 228.000000
avance = -325.000000, avanceR = 2.000000, avanceI = 2.000000
inc_x_r = 0.000000, inc_y_r = 1.000000, inc_x_i = 1.000000, inc_y_i = 1.000000
En el else......

----------------------------------------
x = 56.000000, y = 229.000000
avance = -323.000000, avanceR = 2.000000, avanceI = 2.000000
inc_x_r = 0.000000, inc_y_r = 1.000000, inc_x_i = 1.000000, inc_y_i = 1.000000
En el else......

----------------------------------------
x = 56.000000, y = 230.000000
avance = -321.000000, avanceR = 2.000000, avanceI = 2.000000
inc_x_r = 0.000000, inc_y_r = 1.000000, inc_x_i = 1.000000, inc_y_i = 1.000000
En el else......

----------------------------------------
x = 56.000000, y = 231.000000
avance = -319.000000, avanceR = 2.000000, avanceI = 2.000000
inc_x_r = 0.000000, inc_y_r = 1.000000, inc_x_i = 1.000000, inc_y_i = 1.000000
En el else......

----------------------------------------
x = 56.000000, y = 232.000000
avance = -317.000000, avanceR = 2.000000, avanceI = 2.000000
inc_x_r = 0.000000, inc_y_r = 1.000000, inc_x_i = 1.000000, inc_y_i = 1.000000
En el else......

----------------------------------------
x = 56.000000, y = 233.000000
avance = -315.000000, avanceR = 2.000000, avanceI = 2.000000
inc_x_r = 0.000000, inc_y_r = 1.000000, inc_x_i = 1.000000, inc_y_i = 1.000000
En el else......

----------------------------------------
x = 56.000000, y = 234.000000
avance = -313.000000, avanceR = 2.000000, avanceI = 2.000000
inc_x_r = 0.000000, inc_y_r = 1.000000, inc_x_i = 1.000000, inc_y_i = 1.000000
En el else......

----------------------------------------
x = 56.000000, y = 235.000000
avance = -311.000000, avanceR = 2.000000, avanceI = 2.000000
inc_x_r = 0.000000, inc_y_r = 1.000000, inc_x_i = 1.000000, inc_y_i = 1.000000
En el else......

----------------------------------------
x = 56.000000, y = 236.000000
avance = -309.000000, avanceR = 2.000000, avanceI = 2.000000
inc_x_r = 0.000000, inc_y_r = 1.000000, inc_x_i = 1.000000, inc_y_i = 1.000000
En el else......

----------------------------------------
x = 56.000000, y = 237.000000
avance = -307.000000, avanceR = 2.000000, avanceI = 2.000000
inc_x_r = 0.000000, inc_y_r = 1.000000, inc_x_i = 1.000000, inc_y_i = 1.000000
En el else......

----------------------------------------
x = 56.000000, y = 238.000000
avance = -305.000000, avanceR = 2.000000, avanceI = 2.000000
inc_x_r = 0.000000, inc_y_r = 1.000000, inc_x_i = 1.000000, inc_y_i = 1.000000
En el else......

----------------------------------------
x = 56.000000, y = 239.000000
avance = -303.000000, avanceR = 2.000000, avanceI = 2.000000
inc_x_r = 0.000000, inc_y_r = 1.000000, inc_x_i = 1.000000, inc_y_i = 1.000000
En el else......

----------------------------------------
x = 56.000000, y = 240.000000
avance = -301.000000, avanceR = 2.000000, avanceI = 2.000000
inc_x_r = 0.000000, inc_y_r = 1.000000, inc_x_i = 1.000000, inc_y_i = 1.000000
En el else......

----------------------------------------
x = 56.000000, y = 241.000000
avance = -299.000000, avanceR = 2.000000, avanceI = 2.000000
inc_x_r = 0.000000, inc_y_r = 1.000000, inc_x_i = 1.000000, inc_y_i = 1.000000
En el else......

----------------------------------------
x = 56.000000, y = 242.000000
avance = -297.000000, avanceR = 2.000000, avanceI = 2.000000
inc_x_r = 0.000000, inc_y_r = 1.000000, inc_x_i = 1.000000, inc_y_i = 1.000000
En el else......

----------------------------------------
x = 56.000000, y = 243.000000
avance = -295.000000, avanceR = 2.000000, avanceI = 2.000000
inc_x_r = 0.000000, inc_y_r = 1.000000, inc_x_i = 1.000000, inc_y_i = 1.000000
En el else......

----------------------------------------
x = 56.000000, y = 244.000000
avance = -293.000000, avanceR = 2.000000, avanceI = 2.000000
inc_x_r = 0.000000, inc_y_r = 1.000000, inc_x_i = 1.000000, inc_y_i = 1.000000
En el else......

----------------------------------------
x = 56.000000, y = 245.000000
avance = -291.000000, avanceR = 2.000000, avanceI = 2.000000
inc_x_r = 0.000000, inc_y_r = 1.000000, inc_x_i = 1.000000, inc_y_i = 1.000000
En el else......

----------------------------------------
x = 56.000000, y = 246.000000
avance = -289.000000, avanceR = 2.000000, avanceI = 2.000000
inc_x_r = 0.000000, inc_y_r = 1.000000, inc_x_i = 1.000000, inc_y_i = 1.000000
En el else......

----------------------------------------
x = 56.000000, y = 247.000000
avance = -287.000000, avanceR = 2.000000, avanceI = 2.000000
inc_x_r = 0.000000, inc_y_r = 1.000000, inc_x_i = 1.000000, inc_y_i = 1.000000
En el else......

----------------------------------------
x = 56.000000, y = 248.000000
avance = -285.000000, avanceR = 2.000000, avanceI = 2.000000
inc_x_r = 0.000000, inc_y_r = 1.000000, inc_x_i = 1.000000, inc_y_i = 1.000000
En el else......

----------------------------------------
x = 56.000000, y = 249.000000
avance = -283.000000, avanceR = 2.000000, avanceI = 2.000000
inc_x_r = 0.000000, inc_y_r = 1.000000, inc_x_i = 1.000000, inc_y_i = 1.000000
En el else......

----------------------------------------
x = 56.000000, y = 250.000000
avance = -281.000000, avanceR = 2.000000, avanceI = 2.000000
inc_x_r = 0.000000, inc_y_r = 1.000000, inc_x_i = 1.000000, inc_y_i = 1.000000
En el else......

----------------------------------------
x = 56.000000, y = 251.000000
avance = -279.000000, avanceR = 2.000000, avanceI = 2.000000
inc_x_r = 0.000000, inc_y_r = 1.000000, inc_x_i = 1.000000, inc_y_i = 1.000000
En el else......

----------------------------------------
x = 56.000000, y = 252.000000
avance = -277.000000, avanceR = 2.000000, avanceI = 2.000000
inc_x_r = 0.000000, inc_y_r = 1.000000, inc_x_i = 1.000000, inc_y_i = 1.000000
En el else......

----------------------------------------
x = 56.000000, y = 253.000000
avance = -275.000000, avanceR = 2.000000, avanceI = 2.000000
inc_x_r = 0.000000, inc_y_r = 1.000000, inc_x_i = 1.000000, inc_y_i = 1.000000
En el else......

----------------------------------------
x = 56.000000, y = 254.000000
avance = -273.000000, avanceR = 2.000000, avanceI = 2.000000
inc_x_r = 0.000000, inc_y_r = 1.000000, inc_x_i = 1.000000, inc_y_i = 1.000000
En el else......

----------------------------------------
x = 56.000000, y = 255.000000
avance = -271.000000, avanceR = 2.000000, avanceI = 2.000000
inc_x_r = 0.000000, inc_y_r = 1.000000, inc_x_i = 1.000000, inc_y_i = 1.000000
En el else......

----------------------------------------
x = 56.000000, y = 256.000000
avance = -269.000000, avanceR = 2.000000, avanceI = 2.000000
inc_x_r = 0.000000, inc_y_r = 1.000000, inc_x_i = 1.000000, inc_y_i = 1.000000
En el else......

----------------------------------------
x = 56.000000, y = 257.000000
avance = -267.000000, avanceR = 2.000000, avanceI = 2.000000
inc_x_r = 0.000000, inc_y_r = 1.000000, inc_x_i = 1.000000, inc_y_i = 1.000000
En el else......

----------------------------------------
x = 56.000000, y = 258.000000
avance = -265.000000, avanceR = 2.000000, avanceI = 2.000000
inc_x_r = 0.000000, inc_y_r = 1.000000, inc_x_i = 1.000000, inc_y_i = 1.000000
En el else......

----------------------------------------
x = 56.000000, y = 259.000000
avance = -263.000000, avanceR = 2.000000, avanceI = 2.000000
inc_x_r = 0.000000, inc_y_r = 1.000000, inc_x_i = 1.000000, inc_y_i = 1.000000
En el else......

----------------------------------------
x = 56.000000, y = 260.000000
avance = -261.000000, avanceR = 2.000000, avanceI = 2.000000
inc_x_r = 0.000000, inc_y_r = 1.000000, inc_x_i = 1.000000, inc_y_i = 1.000000
En el else......

----------------------------------------
x = 56.000000, y = 261.000000
avance = -259.000000, avanceR = 2.000000, avanceI = 2.000000
inc_x_r = 0.000000, inc_y_r = 1.000000, inc_x_i = 1.000000, inc_y_i = 1.000000
En el else......

----------------------------------------
x = 56.000000, y = 262.000000
avance = -257.000000, avanceR = 2.000000, avanceI = 2.000000
inc_x_r = 0.000000, inc_y_r = 1.000000, inc_x_i = 1.000000, inc_y_i = 1.000000
En el else......

----------------------------------------
x = 56.000000, y = 263.000000
avance = -255.000000, avanceR = 2.000000, avanceI = 2.000000
inc_x_r = 0.000000, inc_y_r = 1.000000, inc_x_i = 1.000000, inc_y_i = 1.000000
En el else......

----------------------------------------
x = 56.000000, y = 264.000000
avance = -253.000000, avanceR = 2.000000, avanceI = 2.000000
inc_x_r = 0.000000, inc_y_r = 1.000000, inc_x_i = 1.000000, inc_y_i = 1.000000
En el else......

----------------------------------------
x = 56.000000, y = 265.000000
avance = -251.000000, avanceR = 2.000000, avanceI = 2.000000
inc_x_r = 0.000000, inc_y_r = 1.000000, inc_x_i = 1.000000, inc_y_i = 1.000000
En el else......

----------------------------------------


ENTRAMOS A BRESENHAMªªªª
x1 = 55.000000 - y1 = 15.000000 || x2 = 56.000000 - y2 = 266.000000
dy = 251.000000, dx = 1.000000
avances inclinados: inc_x_i = 1.000000, inc_y_i = 1.000000
updated: dy = 251.000000, dx = 1.000000
avances rectos: inc_x_r = 0.000000, inc_y_r 1.000000
reupdated: dy = 1.000000, dx = 251.000000
avanceR = 2.000000, avance -249.000000, avanceI 2.000000
----------------------------------------
x = 55.000000, y = 15.000000
avance = -249.000000, avanceR = 2.000000, avanceI = 2.000000
inc_x_r = 0.000000, inc_y_r = 1.000000, inc_x_i = 1.000000, inc_y_i = 1.000000
En el else......

----------------------------------------
x = 55.000000, y = 16.000000
avance = -247.000000, avanceR = 2.000000, avanceI = 2.000000
inc_x_r = 0.000000, inc_y_r = 1.000000, inc_x_i = 1.000000, inc_y_i = 1.000000
En el else......

----------------------------------------
x = 55.000000, y = 17.000000
avance = -245.000000, avanceR = 2.000000, avanceI = 2.000000
inc_x_r = 0.000000, inc_y_r = 1.000000, inc_x_i = 1.000000, inc_y_i = 1.000000
En el else......

----------------------------------------
x = 55.000000, y = 18.000000
avance = -243.000000, avanceR = 2.000000, avanceI = 2.000000
inc_x_r = 0.000000, inc_y_r = 1.000000, inc_x_i = 1.000000, inc_y_i = 1.000000
En el else......

----------------------------------------
x = 55.000000, y = 19.000000
avance = -241.000000, avanceR = 2.000000, avanceI = 2.000000
inc_x_r = 0.000000, inc_y_r = 1.000000, inc_x_i = 1.000000, inc_y_i = 1.000000
En el else......

----------------------------------------
x = 55.000000, y = 20.000000
avance = -239.000000, avanceR = 2.000000, avanceI = 2.000000
inc_x_r = 0.000000, inc_y_r = 1.000000, inc_x_i = 1.000000, inc_y_i = 1.000000
En el else......

----------------------------------------
x = 55.000000, y = 21.000000
avance = -237.000000, avanceR = 2.000000, avanceI = 2.000000
inc_x_r = 0.000000, inc_y_r = 1.000000, inc_x_i = 1.000000, inc_y_i = 1.000000
En el else......

----------------------------------------
x = 55.000000, y = 22.000000
avance = -235.000000, avanceR = 2.000000, avanceI = 2.000000
inc_x_r = 0.000000, inc_y_r = 1.000000, inc_x_i = 1.000000, inc_y_i = 1.000000
En el else......

----------------------------------------
x = 55.000000, y = 23.000000
avance = -233.000000, avanceR = 2.000000, avanceI = 2.000000
inc_x_r = 0.000000, inc_y_r = 1.000000, inc_x_i = 1.000000, inc_y_i = 1.000000
En el else......

----------------------------------------
x = 55.000000, y = 24.000000
avance = -231.000000, avanceR = 2.000000, avanceI = 2.000000
inc_x_r = 0.000000, inc_y_r = 1.000000, inc_x_i = 1.000000, inc_y_i = 1.000000
En el else......

----------------------------------------
x = 55.000000, y = 25.000000
avance = -229.000000, avanceR = 2.000000, avanceI = 2.000000
inc_x_r = 0.000000, inc_y_r = 1.000000, inc_x_i = 1.000000, inc_y_i = 1.000000
En el else......

----------------------------------------
x = 55.000000, y = 26.000000
avance = -227.000000, avanceR = 2.000000, avanceI = 2.000000
inc_x_r = 0.000000, inc_y_r = 1.000000, inc_x_i = 1.000000, inc_y_i = 1.000000
En el else......

----------------------------------------
x = 55.000000, y = 27.000000
avance = -225.000000, avanceR = 2.000000, avanceI = 2.000000
inc_x_r = 0.000000, inc_y_r = 1.000000, inc_x_i = 1.000000, inc_y_i = 1.000000
En el else......

----------------------------------------
x = 55.000000, y = 28.000000
avance = -223.000000, avanceR = 2.000000, avanceI = 2.000000
inc_x_r = 0.000000, inc_y_r = 1.000000, inc_x_i = 1.000000, inc_y_i = 1.000000
En el else......

----------------------------------------
x = 55.000000, y = 29.000000
avance = -221.000000, avanceR = 2.000000, avanceI = 2.000000
inc_x_r = 0.000000, inc_y_r = 1.000000, inc_x_i = 1.000000, inc_y_i = 1.000000
En el else......

----------------------------------------
x = 55.000000, y = 30.000000
avance = -219.000000, avanceR = 2.000000, avanceI = 2.000000
inc_x_r = 0.000000, inc_y_r = 1.000000, inc_x_i = 1.000000, inc_y_i = 1.000000
En el else......

----------------------------------------
x = 55.000000, y = 31.000000
avance = -217.000000, avanceR = 2.000000, avanceI = 2.000000
inc_x_r = 0.000000, inc_y_r = 1.000000, inc_x_i = 1.000000, inc_y_i = 1.000000
En el else......

----------------------------------------
x = 55.000000, y = 32.000000
avance = -215.000000, avanceR = 2.000000, avanceI = 2.000000
inc_x_r = 0.000000, inc_y_r = 1.000000, inc_x_i = 1.000000, inc_y_i = 1.000000
En el else......

----------------------------------------
x = 55.000000, y = 33.000000
avance = -213.000000, avanceR = 2.000000, avanceI = 2.000000
inc_x_r = 0.000000, inc_y_r = 1.000000, inc_x_i = 1.000000, inc_y_i = 1.000000
En el else......

----------------------------------------
x = 55.000000, y = 34.000000
avance = -211.000000, avanceR = 2.000000, avanceI = 2.000000
inc_x_r = 0.000000, inc_y_r = 1.000000, inc_x_i = 1.000000, inc_y_i = 1.000000
En el else......

----------------------------------------
x = 55.000000, y = 35.000000
avance = -209.000000, avanceR = 2.000000, avanceI = 2.000000
inc_x_r = 0.000000, inc_y_r = 1.000000, inc_x_i = 1.000000, inc_y_i = 1.000000
En el else......

----------------------------------------
x = 55.000000, y = 36.000000
avance = -207.000000, avanceR = 2.000000, avanceI = 2.000000
inc_x_r = 0.000000, inc_y_r = 1.000000, inc_x_i = 1.000000, inc_y_i = 1.000000
En el else......

----------------------------------------
x = 55.000000, y = 37.000000
avance = -205.000000, avanceR = 2.000000, avanceI = 2.000000
inc_x_r = 0.000000, inc_y_r = 1.000000, inc_x_i = 1.000000, inc_y_i = 1.000000
En el else......

----------------------------------------
x = 55.000000, y = 38.000000
avance = -203.000000, avanceR = 2.000000, avanceI = 2.000000
inc_x_r = 0.000000, inc_y_r = 1.000000, inc_x_i = 1.000000, inc_y_i = 1.000000
En el else......

----------------------------------------
x = 55.000000, y = 39.000000
avance = -201.000000, avanceR = 2.000000, avanceI = 2.000000
inc_x_r = 0.000000, inc_y_r = 1.000000, inc_x_i = 1.000000, inc_y_i = 1.000000
En el else......

----------------------------------------
x = 55.000000, y = 40.000000
avance = -199.000000, avanceR = 2.000000, avanceI = 2.000000
inc_x_r = 0.000000, inc_y_r = 1.000000, inc_x_i = 1.000000, inc_y_i = 1.000000
En el else......

----------------------------------------
x = 55.000000, y = 41.000000
avance = -197.000000, avanceR = 2.000000, avanceI = 2.000000
inc_x_r = 0.000000, inc_y_r = 1.000000, inc_x_i = 1.000000, inc_y_i = 1.000000
En el else......

----------------------------------------
x = 55.000000, y = 42.000000
avance = -195.000000, avanceR = 2.000000, avanceI = 2.000000
inc_x_r = 0.000000, inc_y_r = 1.000000, inc_x_i = 1.000000, inc_y_i = 1.000000
En el else......

----------------------------------------
x = 55.000000, y = 43.000000
avance = -193.000000, avanceR = 2.000000, avanceI = 2.000000
inc_x_r = 0.000000, inc_y_r = 1.000000, inc_x_i = 1.000000, inc_y_i = 1.000000
En el else......

----------------------------------------
x = 55.000000, y = 44.000000
avance = -191.000000, avanceR = 2.000000, avanceI = 2.000000
inc_x_r = 0.000000, inc_y_r = 1.000000, inc_x_i = 1.000000, inc_y_i = 1.000000
En el else......

----------------------------------------
x = 55.000000, y = 45.000000
avance = -189.000000, avanceR = 2.000000, avanceI = 2.000000
inc_x_r = 0.000000, inc_y_r = 1.000000, inc_x_i = 1.000000, inc_y_i = 1.000000
En el else......

----------------------------------------
x = 55.000000, y = 46.000000
avance = -187.000000, avanceR = 2.000000, avanceI = 2.000000
inc_x_r = 0.000000, inc_y_r = 1.000000, inc_x_i = 1.000000, inc_y_i = 1.000000
En el else......

----------------------------------------
x = 55.000000, y = 47.000000
avance = -185.000000, avanceR = 2.000000, avanceI = 2.000000
inc_x_r = 0.000000, inc_y_r = 1.000000, inc_x_i = 1.000000, inc_y_i = 1.000000
En el else......

----------------------------------------
x = 55.000000, y = 48.000000
avance = -183.000000, avanceR = 2.000000, avanceI = 2.000000
inc_x_r = 0.000000, inc_y_r = 1.000000, inc_x_i = 1.000000, inc_y_i = 1.000000
En el else......

----------------------------------------
x = 55.000000, y = 49.000000
avance = -181.000000, avanceR = 2.000000, avanceI = 2.000000
inc_x_r = 0.000000, inc_y_r = 1.000000, inc_x_i = 1.000000, inc_y_i = 1.000000
En el else......

----------------------------------------
x = 55.000000, y = 50.000000
avance = -179.000000, avanceR = 2.000000, avanceI = 2.000000
inc_x_r = 0.000000, inc_y_r = 1.000000, inc_x_i = 1.000000, inc_y_i = 1.000000
En el else......

----------------------------------------
x = 55.000000, y = 51.000000
avance = -177.000000, avanceR = 2.000000, avanceI = 2.000000
inc_x_r = 0.000000, inc_y_r = 1.000000, inc_x_i = 1.000000, inc_y_i = 1.000000
En el else......

----------------------------------------
x = 55.000000, y = 52.000000
avance = -175.000000, avanceR = 2.000000, avanceI = 2.000000
inc_x_r = 0.000000, inc_y_r = 1.000000, inc_x_i = 1.000000, inc_y_i = 1.000000
En el else......

----------------------------------------
x = 55.000000, y = 53.000000
avance = -173.000000, avanceR = 2.000000, avanceI = 2.000000
inc_x_r = 0.000000, inc_y_r = 1.000000, inc_x_i = 1.000000, inc_y_i = 1.000000
En el else......

----------------------------------------
x = 55.000000, y = 54.000000
avance = -171.000000, avanceR = 2.000000, avanceI = 2.000000
inc_x_r = 0.000000, inc_y_r = 1.000000, inc_x_i = 1.000000, inc_y_i = 1.000000
En el else......

----------------------------------------
x = 55.000000, y = 55.000000
avance = -169.000000, avanceR = 2.000000, avanceI = 2.000000
inc_x_r = 0.000000, inc_y_r = 1.000000, inc_x_i = 1.000000, inc_y_i = 1.000000
En el else......

----------------------------------------
x = 55.000000, y = 56.000000
avance = -167.000000, avanceR = 2.000000, avanceI = 2.000000
inc_x_r = 0.000000, inc_y_r = 1.000000, inc_x_i = 1.000000, inc_y_i = 1.000000
En el else......

----------------------------------------
x = 55.000000, y = 57.000000
avance = -165.000000, avanceR = 2.000000, avanceI = 2.000000
inc_x_r = 0.000000, inc_y_r = 1.000000, inc_x_i = 1.000000, inc_y_i = 1.000000
En el else......

----------------------------------------
x = 55.000000, y = 58.000000
avance = -163.000000, avanceR = 2.000000, avanceI = 2.000000
inc_x_r = 0.000000, inc_y_r = 1.000000, inc_x_i = 1.000000, inc_y_i = 1.000000
En el else......

----------------------------------------
x = 55.000000, y = 59.000000
avance = -161.000000, avanceR = 2.000000, avanceI = 2.000000
inc_x_r = 0.000000, inc_y_r = 1.000000, inc_x_i = 1.000000, inc_y_i = 1.000000
En el else......

----------------------------------------
x = 55.000000, y = 60.000000
avance = -159.000000, avanceR = 2.000000, avanceI = 2.000000
inc_x_r = 0.000000, inc_y_r = 1.000000, inc_x_i = 1.000000, inc_y_i = 1.000000
En el else......

----------------------------------------
x = 55.000000, y = 61.000000
avance = -157.000000, avanceR = 2.000000, avanceI = 2.000000
inc_x_r = 0.000000, inc_y_r = 1.000000, inc_x_i = 1.000000, inc_y_i = 1.000000
En el else......

----------------------------------------
x = 55.000000, y = 62.000000
avance = -155.000000, avanceR = 2.000000, avanceI = 2.000000
inc_x_r = 0.000000, inc_y_r = 1.000000, inc_x_i = 1.000000, inc_y_i = 1.000000
En el else......

----------------------------------------
x = 55.000000, y = 63.000000
avance = -153.000000, avanceR = 2.000000, avanceI = 2.000000
inc_x_r = 0.000000, inc_y_r = 1.000000, inc_x_i = 1.000000, inc_y_i = 1.000000
En el else......

----------------------------------------
x = 55.000000, y = 64.000000
avance = -151.000000, avanceR = 2.000000, avanceI = 2.000000
inc_x_r = 0.000000, inc_y_r = 1.000000, inc_x_i = 1.000000, inc_y_i = 1.000000
En el else......

----------------------------------------
x = 55.000000, y = 65.000000
avance = -149.000000, avanceR = 2.000000, avanceI = 2.000000
inc_x_r = 0.000000, inc_y_r = 1.000000, inc_x_i = 1.000000, inc_y_i = 1.000000
En el else......

----------------------------------------
x = 55.000000, y = 66.000000
avance = -147.000000, avanceR = 2.000000, avanceI = 2.000000
inc_x_r = 0.000000, inc_y_r = 1.000000, inc_x_i = 1.000000, inc_y_i = 1.000000
En el else......

----------------------------------------
x = 55.000000, y = 67.000000
avance = -145.000000, avanceR = 2.000000, avanceI = 2.000000
inc_x_r = 0.000000, inc_y_r = 1.000000, inc_x_i = 1.000000, inc_y_i = 1.000000
En el else......

----------------------------------------
x = 55.000000, y = 68.000000
avance = -143.000000, avanceR = 2.000000, avanceI = 2.000000
inc_x_r = 0.000000, inc_y_r = 1.000000, inc_x_i = 1.000000, inc_y_i = 1.000000
En el else......

----------------------------------------
x = 55.000000, y = 69.000000
avance = -141.000000, avanceR = 2.000000, avanceI = 2.000000
inc_x_r = 0.000000, inc_y_r = 1.000000, inc_x_i = 1.000000, inc_y_i = 1.000000
En el else......

----------------------------------------
x = 55.000000, y = 70.000000
avance = -139.000000, avanceR = 2.000000, avanceI = 2.000000
inc_x_r = 0.000000, inc_y_r = 1.000000, inc_x_i = 1.000000, inc_y_i = 1.000000
En el else......

----------------------------------------
x = 55.000000, y = 71.000000
avance = -137.000000, avanceR = 2.000000, avanceI = 2.000000
inc_x_r = 0.000000, inc_y_r = 1.000000, inc_x_i = 1.000000, inc_y_i = 1.000000
En el else......

----------------------------------------
x = 55.000000, y = 72.000000
avance = -135.000000, avanceR = 2.000000, avanceI = 2.000000
inc_x_r = 0.000000, inc_y_r = 1.000000, inc_x_i = 1.000000, inc_y_i = 1.000000
En el else......

----------------------------------------
x = 55.000000, y = 73.000000
avance = -133.000000, avanceR = 2.000000, avanceI = 2.000000
inc_x_r = 0.000000, inc_y_r = 1.000000, inc_x_i = 1.000000, inc_y_i = 1.000000
En el else......

----------------------------------------
x = 55.000000, y = 74.000000
avance = -131.000000, avanceR = 2.000000, avanceI = 2.000000
inc_x_r = 0.000000, inc_y_r = 1.000000, inc_x_i = 1.000000, inc_y_i = 1.000000
En el else......

----------------------------------------
x = 55.000000, y = 75.000000
avance = -129.000000, avanceR = 2.000000, avanceI = 2.000000
inc_x_r = 0.000000, inc_y_r = 1.000000, inc_x_i = 1.000000, inc_y_i = 1.000000
En el else......

----------------------------------------
x = 55.000000, y = 76.000000
avance = -127.000000, avanceR = 2.000000, avanceI = 2.000000
inc_x_r = 0.000000, inc_y_r = 1.000000, inc_x_i = 1.000000, inc_y_i = 1.000000
En el else......

----------------------------------------
x = 55.000000, y = 77.000000
avance = -125.000000, avanceR = 2.000000, avanceI = 2.000000
inc_x_r = 0.000000, inc_y_r = 1.000000, inc_x_i = 1.000000, inc_y_i = 1.000000
En el else......

----------------------------------------
x = 55.000000, y = 78.000000
avance = -123.000000, avanceR = 2.000000, avanceI = 2.000000
inc_x_r = 0.000000, inc_y_r = 1.000000, inc_x_i = 1.000000, inc_y_i = 1.000000
En el else......

----------------------------------------
x = 55.000000, y = 79.000000
avance = -121.000000, avanceR = 2.000000, avanceI = 2.000000
inc_x_r = 0.000000, inc_y_r = 1.000000, inc_x_i = 1.000000, inc_y_i = 1.000000
En el else......

----------------------------------------
x = 55.000000, y = 80.000000
avance = -119.000000, avanceR = 2.000000, avanceI = 2.000000
inc_x_r = 0.000000, inc_y_r = 1.000000, inc_x_i = 1.000000, inc_y_i = 1.000000
En el else......

----------------------------------------
x = 55.000000, y = 81.000000
avance = -117.000000, avanceR = 2.000000, avanceI = 2.000000
inc_x_r = 0.000000, inc_y_r = 1.000000, inc_x_i = 1.000000, inc_y_i = 1.000000
En el else......

----------------------------------------
x = 55.000000, y = 82.000000
avance = -115.000000, avanceR = 2.000000, avanceI = 2.000000
inc_x_r = 0.000000, inc_y_r = 1.000000, inc_x_i = 1.000000, inc_y_i = 1.000000
En el else......

----------------------------------------
x = 55.000000, y = 83.000000
avance = -113.000000, avanceR = 2.000000, avanceI = 2.000000
inc_x_r = 0.000000, inc_y_r = 1.000000, inc_x_i = 1.000000, inc_y_i = 1.000000
En el else......

----------------------------------------
x = 55.000000, y = 84.000000
avance = -111.000000, avanceR = 2.000000, avanceI = 2.000000
inc_x_r = 0.000000, inc_y_r = 1.000000, inc_x_i = 1.000000, inc_y_i = 1.000000
En el else......

----------------------------------------
x = 55.000000, y = 85.000000
avance = -109.000000, avanceR = 2.000000, avanceI = 2.000000
inc_x_r = 0.000000, inc_y_r = 1.000000, inc_x_i = 1.000000, inc_y_i = 1.000000
En el else......

----------------------------------------
x = 55.000000, y = 86.000000
avance = -107.000000, avanceR = 2.000000, avanceI = 2.000000
inc_x_r = 0.000000, inc_y_r = 1.000000, inc_x_i = 1.000000, inc_y_i = 1.000000
En el else......

----------------------------------------
x = 55.000000, y = 87.000000
avance = -105.000000, avanceR = 2.000000, avanceI = 2.000000
inc_x_r = 0.000000, inc_y_r = 1.000000, inc_x_i = 1.000000, inc_y_i = 1.000000
En el else......

----------------------------------------
x = 55.000000, y = 88.000000
avance = -103.000000, avanceR = 2.000000, avanceI = 2.000000
inc_x_r = 0.000000, inc_y_r = 1.000000, inc_x_i = 1.000000, inc_y_i = 1.000000
En el else......

----------------------------------------
x = 55.000000, y = 89.000000
avance = -101.000000, avanceR = 2.000000, avanceI = 2.000000
inc_x_r = 0.000000, inc_y_r = 1.000000, inc_x_i = 1.000000, inc_y_i = 1.000000
En el else......

----------------------------------------
x = 55.000000, y = 90.000000
avance = -99.000000, avanceR = 2.000000, avanceI = 2.000000
inc_x_r = 0.000000, inc_y_r = 1.000000, inc_x_i = 1.000000, inc_y_i = 1.000000
En el else......

----------------------------------------
x = 55.000000, y = 91.000000
avance = -97.000000, avanceR = 2.000000, avanceI = 2.000000
inc_x_r = 0.000000, inc_y_r = 1.000000, inc_x_i = 1.000000, inc_y_i = 1.000000
En el else......

----------------------------------------
x = 55.000000, y = 92.000000
avance = -95.000000, avanceR = 2.000000, avanceI = 2.000000
inc_x_r = 0.000000, inc_y_r = 1.000000, inc_x_i = 1.000000, inc_y_i = 1.000000
En el else......

----------------------------------------
x = 55.000000, y = 93.000000
avance = -93.000000, avanceR = 2.000000, avanceI = 2.000000
inc_x_r = 0.000000, inc_y_r = 1.000000, inc_x_i = 1.000000, inc_y_i = 1.000000
En el else......

----------------------------------------
x = 55.000000, y = 94.000000
avance = -91.000000, avanceR = 2.000000, avanceI = 2.000000
inc_x_r = 0.000000, inc_y_r = 1.000000, inc_x_i = 1.000000, inc_y_i = 1.000000
En el else......

----------------------------------------
x = 55.000000, y = 95.000000
avance = -89.000000, avanceR = 2.000000, avanceI = 2.000000
inc_x_r = 0.000000, inc_y_r = 1.000000, inc_x_i = 1.000000, inc_y_i = 1.000000
En el else......

----------------------------------------
x = 55.000000, y = 96.000000
avance = -87.000000, avanceR = 2.000000, avanceI = 2.000000
inc_x_r = 0.000000, inc_y_r = 1.000000, inc_x_i = 1.000000, inc_y_i = 1.000000
En el else......

----------------------------------------
x = 55.000000, y = 97.000000
avance = -85.000000, avanceR = 2.000000, avanceI = 2.000000
inc_x_r = 0.000000, inc_y_r = 1.000000, inc_x_i = 1.000000, inc_y_i = 1.000000
En el else......

----------------------------------------
x = 55.000000, y = 98.000000
avance = -83.000000, avanceR = 2.000000, avanceI = 2.000000
inc_x_r = 0.000000, inc_y_r = 1.000000, inc_x_i = 1.000000, inc_y_i = 1.000000
En el else......

----------------------------------------
x = 55.000000, y = 99.000000
avance = -81.000000, avanceR = 2.000000, avanceI = 2.000000
inc_x_r = 0.000000, inc_y_r = 1.000000, inc_x_i = 1.000000, inc_y_i = 1.000000
En el else......

----------------------------------------
x = 55.000000, y = 100.000000
avance = -79.000000, avanceR = 2.000000, avanceI = 2.000000
inc_x_r = 0.000000, inc_y_r = 1.000000, inc_x_i = 1.000000, inc_y_i = 1.000000
En el else......

----------------------------------------
x = 55.000000, y = 101.000000
avance = -77.000000, avanceR = 2.000000, avanceI = 2.000000
inc_x_r = 0.000000, inc_y_r = 1.000000, inc_x_i = 1.000000, inc_y_i = 1.000000
En el else......

----------------------------------------
x = 55.000000, y = 102.000000
avance = -75.000000, avanceR = 2.000000, avanceI = 2.000000
inc_x_r = 0.000000, inc_y_r = 1.000000, inc_x_i = 1.000000, inc_y_i = 1.000000
En el else......

----------------------------------------
x = 55.000000, y = 103.000000
avance = -73.000000, avanceR = 2.000000, avanceI = 2.000000
inc_x_r = 0.000000, inc_y_r = 1.000000, inc_x_i = 1.000000, inc_y_i = 1.000000
En el else......

----------------------------------------
x = 55.000000, y = 104.000000
avance = -71.000000, avanceR = 2.000000, avanceI = 2.000000
inc_x_r = 0.000000, inc_y_r = 1.000000, inc_x_i = 1.000000, inc_y_i = 1.000000
En el else......

----------------------------------------
x = 55.000000, y = 105.000000
avance = -69.000000, avanceR = 2.000000, avanceI = 2.000000
inc_x_r = 0.000000, inc_y_r = 1.000000, inc_x_i = 1.000000, inc_y_i = 1.000000
En el else......

----------------------------------------
x = 55.000000, y = 106.000000
avance = -67.000000, avanceR = 2.000000, avanceI = 2.000000
inc_x_r = 0.000000, inc_y_r = 1.000000, inc_x_i = 1.000000, inc_y_i = 1.000000
En el else......

----------------------------------------
x = 55.000000, y = 107.000000
avance = -65.000000, avanceR = 2.000000, avanceI = 2.000000
inc_x_r = 0.000000, inc_y_r = 1.000000, inc_x_i = 1.000000, inc_y_i = 1.000000
En el else......

----------------------------------------
x = 55.000000, y = 108.000000
avance = -63.000000, avanceR = 2.000000, avanceI = 2.000000
inc_x_r = 0.000000, inc_y_r = 1.000000, inc_x_i = 1.000000, inc_y_i = 1.000000
En el else......

----------------------------------------
x = 55.000000, y = 109.000000
avance = -61.000000, avanceR = 2.000000, avanceI = 2.000000
inc_x_r = 0.000000, inc_y_r = 1.000000, inc_x_i = 1.000000, inc_y_i = 1.000000
En el else......

----------------------------------------
x = 55.000000, y = 110.000000
avance = -59.000000, avanceR = 2.000000, avanceI = 2.000000
inc_x_r = 0.000000, inc_y_r = 1.000000, inc_x_i = 1.000000, inc_y_i = 1.000000
En el else......

----------------------------------------
x = 55.000000, y = 111.000000
avance = -57.000000, avanceR = 2.000000, avanceI = 2.000000
inc_x_r = 0.000000, inc_y_r = 1.000000, inc_x_i = 1.000000, inc_y_i = 1.000000
En el else......

----------------------------------------
x = 55.000000, y = 112.000000
avance = -55.000000, avanceR = 2.000000, avanceI = 2.000000
inc_x_r = 0.000000, inc_y_r = 1.000000, inc_x_i = 1.000000, inc_y_i = 1.000000
En el else......

----------------------------------------
x = 55.000000, y = 113.000000
avance = -53.000000, avanceR = 2.000000, avanceI = 2.000000
inc_x_r = 0.000000, inc_y_r = 1.000000, inc_x_i = 1.000000, inc_y_i = 1.000000
En el else......

----------------------------------------
x = 55.000000, y = 114.000000
avance = -51.000000, avanceR = 2.000000, avanceI = 2.000000
inc_x_r = 0.000000, inc_y_r = 1.000000, inc_x_i = 1.000000, inc_y_i = 1.000000
En el else......

----------------------------------------
x = 55.000000, y = 115.000000
avance = -49.000000, avanceR = 2.000000, avanceI = 2.000000
inc_x_r = 0.000000, inc_y_r = 1.000000, inc_x_i = 1.000000, inc_y_i = 1.000000
En el else......

----------------------------------------
x = 55.000000, y = 116.000000
avance = -47.000000, avanceR = 2.000000, avanceI = 2.000000
inc_x_r = 0.000000, inc_y_r = 1.000000, inc_x_i = 1.000000, inc_y_i = 1.000000
En el else......

----------------------------------------
x = 55.000000, y = 117.000000
avance = -45.000000, avanceR = 2.000000, avanceI = 2.000000
inc_x_r = 0.000000, inc_y_r = 1.000000, inc_x_i = 1.000000, inc_y_i = 1.000000
En el else......

----------------------------------------
x = 55.000000, y = 118.000000
avance = -43.000000, avanceR = 2.000000, avanceI = 2.000000
inc_x_r = 0.000000, inc_y_r = 1.000000, inc_x_i = 1.000000, inc_y_i = 1.000000
En el else......

----------------------------------------
x = 55.000000, y = 119.000000
avance = -41.000000, avanceR = 2.000000, avanceI = 2.000000
inc_x_r = 0.000000, inc_y_r = 1.000000, inc_x_i = 1.000000, inc_y_i = 1.000000
En el else......

----------------------------------------
x = 55.000000, y = 120.000000
avance = -39.000000, avanceR = 2.000000, avanceI = 2.000000
inc_x_r = 0.000000, inc_y_r = 1.000000, inc_x_i = 1.000000, inc_y_i = 1.000000
En el else......

----------------------------------------
x = 55.000000, y = 121.000000
avance = -37.000000, avanceR = 2.000000, avanceI = 2.000000
inc_x_r = 0.000000, inc_y_r = 1.000000, inc_x_i = 1.000000, inc_y_i = 1.000000
En el else......

----------------------------------------
x = 55.000000, y = 122.000000
avance = -35.000000, avanceR = 2.000000, avanceI = 2.000000
inc_x_r = 0.000000, inc_y_r = 1.000000, inc_x_i = 1.000000, inc_y_i = 1.000000
En el else......

----------------------------------------
x = 55.000000, y = 123.000000
avance = -33.000000, avanceR = 2.000000, avanceI = 2.000000
inc_x_r = 0.000000, inc_y_r = 1.000000, inc_x_i = 1.000000, inc_y_i = 1.000000
En el else......

----------------------------------------
x = 55.000000, y = 124.000000
avance = -31.000000, avanceR = 2.000000, avanceI = 2.000000
inc_x_r = 0.000000, inc_y_r = 1.000000, inc_x_i = 1.000000, inc_y_i = 1.000000
En el else......

----------------------------------------
x = 55.000000, y = 125.000000
avance = -29.000000, avanceR = 2.000000, avanceI = 2.000000
inc_x_r = 0.000000, inc_y_r = 1.000000, inc_x_i = 1.000000, inc_y_i = 1.000000
En el else......

----------------------------------------
x = 55.000000, y = 126.000000
avance = -27.000000, avanceR = 2.000000, avanceI = 2.000000
inc_x_r = 0.000000, inc_y_r = 1.000000, inc_x_i = 1.000000, inc_y_i = 1.000000
En el else......

----------------------------------------
x = 55.000000, y = 127.000000
avance = -25.000000, avanceR = 2.000000, avanceI = 2.000000
inc_x_r = 0.000000, inc_y_r = 1.000000, inc_x_i = 1.000000, inc_y_i = 1.000000
En el else......

----------------------------------------
x = 55.000000, y = 128.000000
avance = -23.000000, avanceR = 2.000000, avanceI = 2.000000
inc_x_r = 0.000000, inc_y_r = 1.000000, inc_x_i = 1.000000, inc_y_i = 1.000000
En el else......

----------------------------------------
x = 55.000000, y = 129.000000
avance = -21.000000, avanceR = 2.000000, avanceI = 2.000000
inc_x_r = 0.000000, inc_y_r = 1.000000, inc_x_i = 1.000000, inc_y_i = 1.000000
En el else......

----------------------------------------
x = 55.000000, y = 130.000000
avance = -19.000000, avanceR = 2.000000, avanceI = 2.000000
inc_x_r = 0.000000, inc_y_r = 1.000000, inc_x_i = 1.000000, inc_y_i = 1.000000
En el else......

----------------------------------------
x = 55.000000, y = 131.000000
avance = -17.000000, avanceR = 2.000000, avanceI = 2.000000
inc_x_r = 0.000000, inc_y_r = 1.000000, inc_x_i = 1.000000, inc_y_i = 1.000000
En el else......

----------------------------------------
x = 55.000000, y = 132.000000
avance = -15.000000, avanceR = 2.000000, avanceI = 2.000000
inc_x_r = 0.000000, inc_y_r = 1.000000, inc_x_i = 1.000000, inc_y_i = 1.000000
En el else......

----------------------------------------
x = 55.000000, y = 133.000000
avance = -13.000000, avanceR = 2.000000, avanceI = 2.000000
inc_x_r = 0.000000, inc_y_r = 1.000000, inc_x_i = 1.000000, inc_y_i = 1.000000
En el else......

----------------------------------------
x = 55.000000, y = 134.000000
avance = -11.000000, avanceR = 2.000000, avanceI = 2.000000
inc_x_r = 0.000000, inc_y_r = 1.000000, inc_x_i = 1.000000, inc_y_i = 1.000000
En el else......

----------------------------------------
x = 55.000000, y = 135.000000
avance = -9.000000, avanceR = 2.000000, avanceI = 2.000000
inc_x_r = 0.000000, inc_y_r = 1.000000, inc_x_i = 1.000000, inc_y_i = 1.000000
En el else......

----------------------------------------
x = 55.000000, y = 136.000000
avance = -7.000000, avanceR = 2.000000, avanceI = 2.000000
inc_x_r = 0.000000, inc_y_r = 1.000000, inc_x_i = 1.000000, inc_y_i = 1.000000
En el else......

----------------------------------------
x = 55.000000, y = 137.000000
avance = -5.000000, avanceR = 2.000000, avanceI = 2.000000
inc_x_r = 0.000000, inc_y_r = 1.000000, inc_x_i = 1.000000, inc_y_i = 1.000000
En el else......

----------------------------------------
x = 55.000000, y = 138.000000
avance = -3.000000, avanceR = 2.000000, avanceI = 2.000000
inc_x_r = 0.000000, inc_y_r = 1.000000, inc_x_i = 1.000000, inc_y_i = 1.000000
En el else......

----------------------------------------
x = 55.000000, y = 139.000000
avance = -1.000000, avanceR = 2.000000, avanceI = 2.000000
inc_x_r = 0.000000, inc_y_r = 1.000000, inc_x_i = 1.000000, inc_y_i = 1.000000
En el else......

----------------------------------------
x = 55.000000, y = 140.000000
avance = 1.000000, avanceR = 2.000000, avanceI = 2.000000
inc_x_r = 0.000000, inc_y_r = 1.000000, inc_x_i = 1.000000, inc_y_i = 1.000000
avance >= 0

----------------------------------------
x = 56.000000, y = 141.000000
avance = -499.000000, avanceR = 2.000000, avanceI = 2.000000
inc_x_r = 0.000000, inc_y_r = 1.000000, inc_x_i = 1.000000, inc_y_i = 1.000000
En el else......

----------------------------------------
x = 56.000000, y = 142.000000
avance = -497.000000, avanceR = 2.000000, avanceI = 2.000000
inc_x_r = 0.000000, inc_y_r = 1.000000, inc_x_i = 1.000000, inc_y_i = 1.000000
En el else......

----------------------------------------
x = 56.000000, y = 143.000000
avance = -495.000000, avanceR = 2.000000, avanceI = 2.000000
inc_x_r = 0.000000, inc_y_r = 1.000000, inc_x_i = 1.000000, inc_y_i = 1.000000
En el else......

----------------------------------------
x = 56.000000, y = 144.000000
avance = -493.000000, avanceR = 2.000000, avanceI = 2.000000
inc_x_r = 0.000000, inc_y_r = 1.000000, inc_x_i = 1.000000, inc_y_i = 1.000000
En el else......

----------------------------------------
x = 56.000000, y = 145.000000
avance = -491.000000, avanceR = 2.000000, avanceI = 2.000000
inc_x_r = 0.000000, inc_y_r = 1.000000, inc_x_i = 1.000000, inc_y_i = 1.000000
En el else......

----------------------------------------
x = 56.000000, y = 146.000000
avance = -489.000000, avanceR = 2.000000, avanceI = 2.000000
inc_x_r = 0.000000, inc_y_r = 1.000000, inc_x_i = 1.000000, inc_y_i = 1.000000
En el else......

----------------------------------------
x = 56.000000, y = 147.000000
avance = -487.000000, avanceR = 2.000000, avanceI = 2.000000
inc_x_r = 0.000000, inc_y_r = 1.000000, inc_x_i = 1.000000, inc_y_i = 1.000000
En el else......

----------------------------------------
x = 56.000000, y = 148.000000
avance = -485.000000, avanceR = 2.000000, avanceI = 2.000000
inc_x_r = 0.000000, inc_y_r = 1.000000, inc_x_i = 1.000000, inc_y_i = 1.000000
En el else......

----------------------------------------
x = 56.000000, y = 149.000000
avance = -483.000000, avanceR = 2.000000, avanceI = 2.000000
inc_x_r = 0.000000, inc_y_r = 1.000000, inc_x_i = 1.000000, inc_y_i = 1.000000
En el else......

----------------------------------------
x = 56.000000, y = 150.000000
avance = -481.000000, avanceR = 2.000000, avanceI = 2.000000
inc_x_r = 0.000000, inc_y_r = 1.000000, inc_x_i = 1.000000, inc_y_i = 1.000000
En el else......

----------------------------------------
x = 56.000000, y = 151.000000
avance = -479.000000, avanceR = 2.000000, avanceI = 2.000000
inc_x_r = 0.000000, inc_y_r = 1.000000, inc_x_i = 1.000000, inc_y_i = 1.000000
En el else......

----------------------------------------
x = 56.000000, y = 152.000000
avance = -477.000000, avanceR = 2.000000, avanceI = 2.000000
inc_x_r = 0.000000, inc_y_r = 1.000000, inc_x_i = 1.000000, inc_y_i = 1.000000
En el else......

----------------------------------------
x = 56.000000, y = 153.000000
avance = -475.000000, avanceR = 2.000000, avanceI = 2.000000
inc_x_r = 0.000000, inc_y_r = 1.000000, inc_x_i = 1.000000, inc_y_i = 1.000000
En el else......

----------------------------------------
x = 56.000000, y = 154.000000
avance = -473.000000, avanceR = 2.000000, avanceI = 2.000000
inc_x_r = 0.000000, inc_y_r = 1.000000, inc_x_i = 1.000000, inc_y_i = 1.000000
En el else......

----------------------------------------
x = 56.000000, y = 155.000000
avance = -471.000000, avanceR = 2.000000, avanceI = 2.000000
inc_x_r = 0.000000, inc_y_r = 1.000000, inc_x_i = 1.000000, inc_y_i = 1.000000
En el else......

----------------------------------------
x = 56.000000, y = 156.000000
avance = -469.000000, avanceR = 2.000000, avanceI = 2.000000
inc_x_r = 0.000000, inc_y_r = 1.000000, inc_x_i = 1.000000, inc_y_i = 1.000000
En el else......

----------------------------------------
x = 56.000000, y = 157.000000
avance = -467.000000, avanceR = 2.000000, avanceI = 2.000000
inc_x_r = 0.000000, inc_y_r = 1.000000, inc_x_i = 1.000000, inc_y_i = 1.000000
En el else......

----------------------------------------
x = 56.000000, y = 158.000000
avance = -465.000000, avanceR = 2.000000, avanceI = 2.000000
inc_x_r = 0.000000, inc_y_r = 1.000000, inc_x_i = 1.000000, inc_y_i = 1.000000
En el else......

----------------------------------------
x = 56.000000, y = 159.000000
avance = -463.000000, avanceR = 2.000000, avanceI = 2.000000
inc_x_r = 0.000000, inc_y_r = 1.000000, inc_x_i = 1.000000, inc_y_i = 1.000000
En el else......

----------------------------------------
x = 56.000000, y = 160.000000
avance = -461.000000, avanceR = 2.000000, avanceI = 2.000000
inc_x_r = 0.000000, inc_y_r = 1.000000, inc_x_i = 1.000000, inc_y_i = 1.000000
En el else......

----------------------------------------
x = 56.000000, y = 161.000000
avance = -459.000000, avanceR = 2.000000, avanceI = 2.000000
inc_x_r = 0.000000, inc_y_r = 1.000000, inc_x_i = 1.000000, inc_y_i = 1.000000
En el else......

----------------------------------------
x = 56.000000, y = 162.000000
avance = -457.000000, avanceR = 2.000000, avanceI = 2.000000
inc_x_r = 0.000000, inc_y_r = 1.000000, inc_x_i = 1.000000, inc_y_i = 1.000000
En el else......

----------------------------------------
x = 56.000000, y = 163.000000
avance = -455.000000, avanceR = 2.000000, avanceI = 2.000000
inc_x_r = 0.000000, inc_y_r = 1.000000, inc_x_i = 1.000000, inc_y_i = 1.000000
En el else......

----------------------------------------
x = 56.000000, y = 164.000000
avance = -453.000000, avanceR = 2.000000, avanceI = 2.000000
inc_x_r = 0.000000, inc_y_r = 1.000000, inc_x_i = 1.000000, inc_y_i = 1.000000
En el else......

----------------------------------------
x = 56.000000, y = 165.000000
avance = -451.000000, avanceR = 2.000000, avanceI = 2.000000
inc_x_r = 0.000000, inc_y_r = 1.000000, inc_x_i = 1.000000, inc_y_i = 1.000000
En el else......

----------------------------------------
x = 56.000000, y = 166.000000
avance = -449.000000, avanceR = 2.000000, avanceI = 2.000000
inc_x_r = 0.000000, inc_y_r = 1.000000, inc_x_i = 1.000000, inc_y_i = 1.000000
En el else......

----------------------------------------
x = 56.000000, y = 167.000000
avance = -447.000000, avanceR = 2.000000, avanceI = 2.000000
inc_x_r = 0.000000, inc_y_r = 1.000000, inc_x_i = 1.000000, inc_y_i = 1.000000
En el else......

----------------------------------------
x = 56.000000, y = 168.000000
avance = -445.000000, avanceR = 2.000000, avanceI = 2.000000
inc_x_r = 0.000000, inc_y_r = 1.000000, inc_x_i = 1.000000, inc_y_i = 1.000000
En el else......

----------------------------------------
x = 56.000000, y = 169.000000
avance = -443.000000, avanceR = 2.000000, avanceI = 2.000000
inc_x_r = 0.000000, inc_y_r = 1.000000, inc_x_i = 1.000000, inc_y_i = 1.000000
En el else......

----------------------------------------
x = 56.000000, y = 170.000000
avance = -441.000000, avanceR = 2.000000, avanceI = 2.000000
inc_x_r = 0.000000, inc_y_r = 1.000000, inc_x_i = 1.000000, inc_y_i = 1.000000
En el else......

----------------------------------------
x = 56.000000, y = 171.000000
avance = -439.000000, avanceR = 2.000000, avanceI = 2.000000
inc_x_r = 0.000000, inc_y_r = 1.000000, inc_x_i = 1.000000, inc_y_i = 1.000000
En el else......

----------------------------------------
x = 56.000000, y = 172.000000
avance = -437.000000, avanceR = 2.000000, avanceI = 2.000000
inc_x_r = 0.000000, inc_y_r = 1.000000, inc_x_i = 1.000000, inc_y_i = 1.000000
En el else......

----------------------------------------
x = 56.000000, y = 173.000000
avance = -435.000000, avanceR = 2.000000, avanceI = 2.000000
inc_x_r = 0.000000, inc_y_r = 1.000000, inc_x_i = 1.000000, inc_y_i = 1.000000
En el else......

----------------------------------------
x = 56.000000, y = 174.000000
avance = -433.000000, avanceR = 2.000000, avanceI = 2.000000
inc_x_r = 0.000000, inc_y_r = 1.000000, inc_x_i = 1.000000, inc_y_i = 1.000000
En el else......

----------------------------------------
x = 56.000000, y = 175.000000
avance = -431.000000, avanceR = 2.000000, avanceI = 2.000000
inc_x_r = 0.000000, inc_y_r = 1.000000, inc_x_i = 1.000000, inc_y_i = 1.000000
En el else......

----------------------------------------
x = 56.000000, y = 176.000000
avance = -429.000000, avanceR = 2.000000, avanceI = 2.000000
inc_x_r = 0.000000, inc_y_r = 1.000000, inc_x_i = 1.000000, inc_y_i = 1.000000
En el else......

----------------------------------------
x = 56.000000, y = 177.000000
avance = -427.000000, avanceR = 2.000000, avanceI = 2.000000
inc_x_r = 0.000000, inc_y_r = 1.000000, inc_x_i = 1.000000, inc_y_i = 1.000000
En el else......

----------------------------------------
x = 56.000000, y = 178.000000
avance = -425.000000, avanceR = 2.000000, avanceI = 2.000000
inc_x_r = 0.000000, inc_y_r = 1.000000, inc_x_i = 1.000000, inc_y_i = 1.000000
En el else......

----------------------------------------
x = 56.000000, y = 179.000000
avance = -423.000000, avanceR = 2.000000, avanceI = 2.000000
inc_x_r = 0.000000, inc_y_r = 1.000000, inc_x_i = 1.000000, inc_y_i = 1.000000
En el else......

----------------------------------------
x = 56.000000, y = 180.000000
avance = -421.000000, avanceR = 2.000000, avanceI = 2.000000
inc_x_r = 0.000000, inc_y_r = 1.000000, inc_x_i = 1.000000, inc_y_i = 1.000000
En el else......

----------------------------------------
x = 56.000000, y = 181.000000
avance = -419.000000, avanceR = 2.000000, avanceI = 2.000000
inc_x_r = 0.000000, inc_y_r = 1.000000, inc_x_i = 1.000000, inc_y_i = 1.000000
En el else......

----------------------------------------
x = 56.000000, y = 182.000000
avance = -417.000000, avanceR = 2.000000, avanceI = 2.000000
inc_x_r = 0.000000, inc_y_r = 1.000000, inc_x_i = 1.000000, inc_y_i = 1.000000
En el else......

----------------------------------------
x = 56.000000, y = 183.000000
avance = -415.000000, avanceR = 2.000000, avanceI = 2.000000
inc_x_r = 0.000000, inc_y_r = 1.000000, inc_x_i = 1.000000, inc_y_i = 1.000000
En el else......

----------------------------------------
x = 56.000000, y = 184.000000
avance = -413.000000, avanceR = 2.000000, avanceI = 2.000000
inc_x_r = 0.000000, inc_y_r = 1.000000, inc_x_i = 1.000000, inc_y_i = 1.000000
En el else......

----------------------------------------
x = 56.000000, y = 185.000000
avance = -411.000000, avanceR = 2.000000, avanceI = 2.000000
inc_x_r = 0.000000, inc_y_r = 1.000000, inc_x_i = 1.000000, inc_y_i = 1.000000
En el else......

----------------------------------------
x = 56.000000, y = 186.000000
avance = -409.000000, avanceR = 2.000000, avanceI = 2.000000
inc_x_r = 0.000000, inc_y_r = 1.000000, inc_x_i = 1.000000, inc_y_i = 1.000000
En el else......

----------------------------------------
x = 56.000000, y = 187.000000
avance = -407.000000, avanceR = 2.000000, avanceI = 2.000000
inc_x_r = 0.000000, inc_y_r = 1.000000, inc_x_i = 1.000000, inc_y_i = 1.000000
En el else......

----------------------------------------
x = 56.000000, y = 188.000000
avance = -405.000000, avanceR = 2.000000, avanceI = 2.000000
inc_x_r = 0.000000, inc_y_r = 1.000000, inc_x_i = 1.000000, inc_y_i = 1.000000
En el else......

----------------------------------------
x = 56.000000, y = 189.000000
avance = -403.000000, avanceR = 2.000000, avanceI = 2.000000
inc_x_r = 0.000000, inc_y_r = 1.000000, inc_x_i = 1.000000, inc_y_i = 1.000000
En el else......

----------------------------------------
x = 56.000000, y = 190.000000
avance = -401.000000, avanceR = 2.000000, avanceI = 2.000000
inc_x_r = 0.000000, inc_y_r = 1.000000, inc_x_i = 1.000000, inc_y_i = 1.000000
En el else......

----------------------------------------
x = 56.000000, y = 191.000000
avance = -399.000000, avanceR = 2.000000, avanceI = 2.000000
inc_x_r = 0.000000, inc_y_r = 1.000000, inc_x_i = 1.000000, inc_y_i = 1.000000
En el else......

----------------------------------------
x = 56.000000, y = 192.000000
avance = -397.000000, avanceR = 2.000000, avanceI = 2.000000
inc_x_r = 0.000000, inc_y_r = 1.000000, inc_x_i = 1.000000, inc_y_i = 1.000000
En el else......

----------------------------------------
x = 56.000000, y = 193.000000
avance = -395.000000, avanceR = 2.000000, avanceI = 2.000000
inc_x_r = 0.000000, inc_y_r = 1.000000, inc_x_i = 1.000000, inc_y_i = 1.000000
En el else......

----------------------------------------
x = 56.000000, y = 194.000000
avance = -393.000000, avanceR = 2.000000, avanceI = 2.000000
inc_x_r = 0.000000, inc_y_r = 1.000000, inc_x_i = 1.000000, inc_y_i = 1.000000
En el else......

----------------------------------------
x = 56.000000, y = 195.000000
avance = -391.000000, avanceR = 2.000000, avanceI = 2.000000
inc_x_r = 0.000000, inc_y_r = 1.000000, inc_x_i = 1.000000, inc_y_i = 1.000000
En el else......

----------------------------------------
x = 56.000000, y = 196.000000
avance = -389.000000, avanceR = 2.000000, avanceI = 2.000000
inc_x_r = 0.000000, inc_y_r = 1.000000, inc_x_i = 1.000000, inc_y_i = 1.000000
En el else......

----------------------------------------
x = 56.000000, y = 197.000000
avance = -387.000000, avanceR = 2.000000, avanceI = 2.000000
inc_x_r = 0.000000, inc_y_r = 1.000000, inc_x_i = 1.000000, inc_y_i = 1.000000
En el else......

----------------------------------------
x = 56.000000, y = 198.000000
avance = -385.000000, avanceR = 2.000000, avanceI = 2.000000
inc_x_r = 0.000000, inc_y_r = 1.000000, inc_x_i = 1.000000, inc_y_i = 1.000000
En el else......

----------------------------------------
x = 56.000000, y = 199.000000
avance = -383.000000, avanceR = 2.000000, avanceI = 2.000000
inc_x_r = 0.000000, inc_y_r = 1.000000, inc_x_i = 1.000000, inc_y_i = 1.000000
En el else......

----------------------------------------
x = 56.000000, y = 200.000000
avance = -381.000000, avanceR = 2.000000, avanceI = 2.000000
inc_x_r = 0.000000, inc_y_r = 1.000000, inc_x_i = 1.000000, inc_y_i = 1.000000
En el else......

----------------------------------------
x = 56.000000, y = 201.000000
avance = -379.000000, avanceR = 2.000000, avanceI = 2.000000
inc_x_r = 0.000000, inc_y_r = 1.000000, inc_x_i = 1.000000, inc_y_i = 1.000000
En el else......

----------------------------------------
x = 56.000000, y = 202.000000
avance = -377.000000, avanceR = 2.000000, avanceI = 2.000000
inc_x_r = 0.000000, inc_y_r = 1.000000, inc_x_i = 1.000000, inc_y_i = 1.000000
En el else......

----------------------------------------
x = 56.000000, y = 203.000000
avance = -375.000000, avanceR = 2.000000, avanceI = 2.000000
inc_x_r = 0.000000, inc_y_r = 1.000000, inc_x_i = 1.000000, inc_y_i = 1.000000
En el else......

----------------------------------------
x = 56.000000, y = 204.000000
avance = -373.000000, avanceR = 2.000000, avanceI = 2.000000
inc_x_r = 0.000000, inc_y_r = 1.000000, inc_x_i = 1.000000, inc_y_i = 1.000000
En el else......

----------------------------------------
x = 56.000000, y = 205.000000
avance = -371.000000, avanceR = 2.000000, avanceI = 2.000000
inc_x_r = 0.000000, inc_y_r = 1.000000, inc_x_i = 1.000000, inc_y_i = 1.000000
En el else......

----------------------------------------
x = 56.000000, y = 206.000000
avance = -369.000000, avanceR = 2.000000, avanceI = 2.000000
inc_x_r = 0.000000, inc_y_r = 1.000000, inc_x_i = 1.000000, inc_y_i = 1.000000
En el else......

----------------------------------------
x = 56.000000, y = 207.000000
avance = -367.000000, avanceR = 2.000000, avanceI = 2.000000
inc_x_r = 0.000000, inc_y_r = 1.000000, inc_x_i = 1.000000, inc_y_i = 1.000000
En el else......

----------------------------------------
x = 56.000000, y = 208.000000
avance = -365.000000, avanceR = 2.000000, avanceI = 2.000000
inc_x_r = 0.000000, inc_y_r = 1.000000, inc_x_i = 1.000000, inc_y_i = 1.000000
En el else......

----------------------------------------
x = 56.000000, y = 209.000000
avance = -363.000000, avanceR = 2.000000, avanceI = 2.000000
inc_x_r = 0.000000, inc_y_r = 1.000000, inc_x_i = 1.000000, inc_y_i = 1.000000
En el else......

----------------------------------------
x = 56.000000, y = 210.000000
avance = -361.000000, avanceR = 2.000000, avanceI = 2.000000
inc_x_r = 0.000000, inc_y_r = 1.000000, inc_x_i = 1.000000, inc_y_i = 1.000000
En el else......

----------------------------------------
x = 56.000000, y = 211.000000
avance = -359.000000, avanceR = 2.000000, avanceI = 2.000000
inc_x_r = 0.000000, inc_y_r = 1.000000, inc_x_i = 1.000000, inc_y_i = 1.000000
En el else......

----------------------------------------
x = 56.000000, y = 212.000000
avance = -357.000000, avanceR = 2.000000, avanceI = 2.000000
inc_x_r = 0.000000, inc_y_r = 1.000000, inc_x_i = 1.000000, inc_y_i = 1.000000
En el else......

----------------------------------------
x = 56.000000, y = 213.000000
avance = -355.000000, avanceR = 2.000000, avanceI = 2.000000
inc_x_r = 0.000000, inc_y_r = 1.000000, inc_x_i = 1.000000, inc_y_i = 1.000000
En el else......

----------------------------------------
x = 56.000000, y = 214.000000
avance = -353.000000, avanceR = 2.000000, avanceI = 2.000000
inc_x_r = 0.000000, inc_y_r = 1.000000, inc_x_i = 1.000000, inc_y_i = 1.000000
En el else......

----------------------------------------
x = 56.000000, y = 215.000000
avance = -351.000000, avanceR = 2.000000, avanceI = 2.000000
inc_x_r = 0.000000, inc_y_r = 1.000000, inc_x_i = 1.000000, inc_y_i = 1.000000
En el else......

----------------------------------------
x = 56.000000, y = 216.000000
avance = -349.000000, avanceR = 2.000000, avanceI = 2.000000
inc_x_r = 0.000000, inc_y_r = 1.000000, inc_x_i = 1.000000, inc_y_i = 1.000000
En el else......

----------------------------------------
x = 56.000000, y = 217.000000
avance = -347.000000, avanceR = 2.000000, avanceI = 2.000000
inc_x_r = 0.000000, inc_y_r = 1.000000, inc_x_i = 1.000000, inc_y_i = 1.000000
En el else......

----------------------------------------
x = 56.000000, y = 218.000000
avance = -345.000000, avanceR = 2.000000, avanceI = 2.000000
inc_x_r = 0.000000, inc_y_r = 1.000000, inc_x_i = 1.000000, inc_y_i = 1.000000
En el else......

----------------------------------------
x = 56.000000, y = 219.000000
avance = -343.000000, avanceR = 2.000000, avanceI = 2.000000
inc_x_r = 0.000000, inc_y_r = 1.000000, inc_x_i = 1.000000, inc_y_i = 1.000000
En el else......

----------------------------------------
x = 56.000000, y = 220.000000
avance = -341.000000, avanceR = 2.000000, avanceI = 2.000000
inc_x_r = 0.000000, inc_y_r = 1.000000, inc_x_i = 1.000000, inc_y_i = 1.000000
En el else......

----------------------------------------
x = 56.000000, y = 221.000000
avance = -339.000000, avanceR = 2.000000, avanceI = 2.000000
inc_x_r = 0.000000, inc_y_r = 1.000000, inc_x_i = 1.000000, inc_y_i = 1.000000
En el else......

----------------------------------------
x = 56.000000, y = 222.000000
avance = -337.000000, avanceR = 2.000000, avanceI = 2.000000
inc_x_r = 0.000000, inc_y_r = 1.000000, inc_x_i = 1.000000, inc_y_i = 1.000000
En el else......

----------------------------------------
x = 56.000000, y = 223.000000
avance = -335.000000, avanceR = 2.000000, avanceI = 2.000000
inc_x_r = 0.000000, inc_y_r = 1.000000, inc_x_i = 1.000000, inc_y_i = 1.000000
En el else......

----------------------------------------
x = 56.000000, y = 224.000000
avance = -333.000000, avanceR = 2.000000, avanceI = 2.000000
inc_x_r = 0.000000, inc_y_r = 1.000000, inc_x_i = 1.000000, inc_y_i = 1.000000
En el else......

----------------------------------------
x = 56.000000, y = 225.000000
avance = -331.000000, avanceR = 2.000000, avanceI = 2.000000
inc_x_r = 0.000000, inc_y_r = 1.000000, inc_x_i = 1.000000, inc_y_i = 1.000000
En el else......

----------------------------------------
x = 56.000000, y = 226.000000
avance = -329.000000, avanceR = 2.000000, avanceI = 2.000000
inc_x_r = 0.000000, inc_y_r = 1.000000, inc_x_i = 1.000000, inc_y_i = 1.000000
En el else......

----------------------------------------
x = 56.000000, y = 227.000000
avance = -327.000000, avanceR = 2.000000, avanceI = 2.000000
inc_x_r = 0.000000, inc_y_r = 1.000000, inc_x_i = 1.000000, inc_y_i = 1.000000
En el else......

----------------------------------------
x = 56.000000, y = 228.000000
avance = -325.000000, avanceR = 2.000000, avanceI = 2.000000
inc_x_r = 0.000000, inc_y_r = 1.000000, inc_x_i = 1.000000, inc_y_i = 1.000000
En el else......

----------------------------------------
x = 56.000000, y = 229.000000
avance = -323.000000, avanceR = 2.000000, avanceI = 2.000000
inc_x_r = 0.000000, inc_y_r = 1.000000, inc_x_i = 1.000000, inc_y_i = 1.000000
En el else......

----------------------------------------
x = 56.000000, y = 230.000000
avance = -321.000000, avanceR = 2.000000, avanceI = 2.000000
inc_x_r = 0.000000, inc_y_r = 1.000000, inc_x_i = 1.000000, inc_y_i = 1.000000
En el else......

----------------------------------------
x = 56.000000, y = 231.000000
avance = -319.000000, avanceR = 2.000000, avanceI = 2.000000
inc_x_r = 0.000000, inc_y_r = 1.000000, inc_x_i = 1.000000, inc_y_i = 1.000000
En el else......

----------------------------------------
x = 56.000000, y = 232.000000
avance = -317.000000, avanceR = 2.000000, avanceI = 2.000000
inc_x_r = 0.000000, inc_y_r = 1.000000, inc_x_i = 1.000000, inc_y_i = 1.000000
En el else......

----------------------------------------
x = 56.000000, y = 233.000000
avance = -315.000000, avanceR = 2.000000, avanceI = 2.000000
inc_x_r = 0.000000, inc_y_r = 1.000000, inc_x_i = 1.000000, inc_y_i = 1.000000
En el else......

----------------------------------------
x = 56.000000, y = 234.000000
avance = -313.000000, avanceR = 2.000000, avanceI = 2.000000
inc_x_r = 0.000000, inc_y_r = 1.000000, inc_x_i = 1.000000, inc_y_i = 1.000000
En el else......

----------------------------------------
x = 56.000000, y = 235.000000
avance = -311.000000, avanceR = 2.000000, avanceI = 2.000000
inc_x_r = 0.000000, inc_y_r = 1.000000, inc_x_i = 1.000000, inc_y_i = 1.000000
En el else......

----------------------------------------
x = 56.000000, y = 236.000000
avance = -309.000000, avanceR = 2.000000, avanceI = 2.000000
inc_x_r = 0.000000, inc_y_r = 1.000000, inc_x_i = 1.000000, inc_y_i = 1.000000
En el else......

----------------------------------------
x = 56.000000, y = 237.000000
avance = -307.000000, avanceR = 2.000000, avanceI = 2.000000
inc_x_r = 0.000000, inc_y_r = 1.000000, inc_x_i = 1.000000, inc_y_i = 1.000000
En el else......

----------------------------------------
x = 56.000000, y = 238.000000
avance = -305.000000, avanceR = 2.000000, avanceI = 2.000000
inc_x_r = 0.000000, inc_y_r = 1.000000, inc_x_i = 1.000000, inc_y_i = 1.000000
En el else......

----------------------------------------
x = 56.000000, y = 239.000000
avance = -303.000000, avanceR = 2.000000, avanceI = 2.000000
inc_x_r = 0.000000, inc_y_r = 1.000000, inc_x_i = 1.000000, inc_y_i = 1.000000
En el else......

----------------------------------------
x = 56.000000, y = 240.000000
avance = -301.000000, avanceR = 2.000000, avanceI = 2.000000
inc_x_r = 0.000000, inc_y_r = 1.000000, inc_x_i = 1.000000, inc_y_i = 1.000000
En el else......

----------------------------------------
x = 56.000000, y = 241.000000
avance = -299.000000, avanceR = 2.000000, avanceI = 2.000000
inc_x_r = 0.000000, inc_y_r = 1.000000, inc_x_i = 1.000000, inc_y_i = 1.000000
En el else......

----------------------------------------
x = 56.000000, y = 242.000000
avance = -297.000000, avanceR = 2.000000, avanceI = 2.000000
inc_x_r = 0.000000, inc_y_r = 1.000000, inc_x_i = 1.000000, inc_y_i = 1.000000
En el else......

----------------------------------------
x = 56.000000, y = 243.000000
avance = -295.000000, avanceR = 2.000000, avanceI = 2.000000
inc_x_r = 0.000000, inc_y_r = 1.000000, inc_x_i = 1.000000, inc_y_i = 1.000000
En el else......

----------------------------------------
x = 56.000000, y = 244.000000
avance = -293.000000, avanceR = 2.000000, avanceI = 2.000000
inc_x_r = 0.000000, inc_y_r = 1.000000, inc_x_i = 1.000000, inc_y_i = 1.000000
En el else......

----------------------------------------
x = 56.000000, y = 245.000000
avance = -291.000000, avanceR = 2.000000, avanceI = 2.000000
inc_x_r = 0.000000, inc_y_r = 1.000000, inc_x_i = 1.000000, inc_y_i = 1.000000
En el else......

----------------------------------------
x = 56.000000, y = 246.000000
avance = -289.000000, avanceR = 2.000000, avanceI = 2.000000
inc_x_r = 0.000000, inc_y_r = 1.000000, inc_x_i = 1.000000, inc_y_i = 1.000000
En el else......

----------------------------------------
x = 56.000000, y = 247.000000
avance = -287.000000, avanceR = 2.000000, avanceI = 2.000000
inc_x_r = 0.000000, inc_y_r = 1.000000, inc_x_i = 1.000000, inc_y_i = 1.000000
En el else......

----------------------------------------
x = 56.000000, y = 248.000000
avance = -285.000000, avanceR = 2.000000, avanceI = 2.000000
inc_x_r = 0.000000, inc_y_r = 1.000000, inc_x_i = 1.000000, inc_y_i = 1.000000
En el else......

----------------------------------------
x = 56.000000, y = 249.000000
avance = -283.000000, avanceR = 2.000000, avanceI = 2.000000
inc_x_r = 0.000000, inc_y_r = 1.000000, inc_x_i = 1.000000, inc_y_i = 1.000000
En el else......

----------------------------------------
x = 56.000000, y = 250.000000
avance = -281.000000, avanceR = 2.000000, avanceI = 2.000000
inc_x_r = 0.000000, inc_y_r = 1.000000, inc_x_i = 1.000000, inc_y_i = 1.000000
En el else......

----------------------------------------
x = 56.000000, y = 251.000000
avance = -279.000000, avanceR = 2.000000, avanceI = 2.000000
inc_x_r = 0.000000, inc_y_r = 1.000000, inc_x_i = 1.000000, inc_y_i = 1.000000
En el else......

----------------------------------------
x = 56.000000, y = 252.000000
avance = -277.000000, avanceR = 2.000000, avanceI = 2.000000
inc_x_r = 0.000000, inc_y_r = 1.000000, inc_x_i = 1.000000, inc_y_i = 1.000000
En el else......

----------------------------------------
x = 56.000000, y = 253.000000
avance = -275.000000, avanceR = 2.000000, avanceI = 2.000000
inc_x_r = 0.000000, inc_y_r = 1.000000, inc_x_i = 1.000000, inc_y_i = 1.000000
En el else......

----------------------------------------
x = 56.000000, y = 254.000000
avance = -273.000000, avanceR = 2.000000, avanceI = 2.000000
inc_x_r = 0.000000, inc_y_r = 1.000000, inc_x_i = 1.000000, inc_y_i = 1.000000
En el else......

----------------------------------------
x = 56.000000, y = 255.000000
avance = -271.000000, avanceR = 2.000000, avanceI = 2.000000
inc_x_r = 0.000000, inc_y_r = 1.000000, inc_x_i = 1.000000, inc_y_i = 1.000000
En el else......

----------------------------------------
x = 56.000000, y = 256.000000
avance = -269.000000, avanceR = 2.000000, avanceI = 2.000000
inc_x_r = 0.000000, inc_y_r = 1.000000, inc_x_i = 1.000000, inc_y_i = 1.000000
En el else......

----------------------------------------
x = 56.000000, y = 257.000000
avance = -267.000000, avanceR = 2.000000, avanceI = 2.000000
inc_x_r = 0.000000, inc_y_r = 1.000000, inc_x_i = 1.000000, inc_y_i = 1.000000
En el else......

----------------------------------------
x = 56.000000, y = 258.000000
avance = -265.000000, avanceR = 2.000000, avanceI = 2.000000
inc_x_r = 0.000000, inc_y_r = 1.000000, inc_x_i = 1.000000, inc_y_i = 1.000000
En el else......

----------------------------------------
x = 56.000000, y = 259.000000
avance = -263.000000, avanceR = 2.000000, avanceI = 2.000000
inc_x_r = 0.000000, inc_y_r = 1.000000, inc_x_i = 1.000000, inc_y_i = 1.000000
En el else......

----------------------------------------
x = 56.000000, y = 260.000000
avance = -261.000000, avanceR = 2.000000, avanceI = 2.000000
inc_x_r = 0.000000, inc_y_r = 1.000000, inc_x_i = 1.000000, inc_y_i = 1.000000
En el else......

----------------------------------------
x = 56.000000, y = 261.000000
avance = -259.000000, avanceR = 2.000000, avanceI = 2.000000
inc_x_r = 0.000000, inc_y_r = 1.000000, inc_x_i = 1.000000, inc_y_i = 1.000000
En el else......

----------------------------------------
x = 56.000000, y = 262.000000
avance = -257.000000, avanceR = 2.000000, avanceI = 2.000000
inc_x_r = 0.000000, inc_y_r = 1.000000, inc_x_i = 1.000000, inc_y_i = 1.000000
En el else......

----------------------------------------
x = 56.000000, y = 263.000000
avance = -255.000000, avanceR = 2.000000, avanceI = 2.000000
inc_x_r = 0.000000, inc_y_r = 1.000000, inc_x_i = 1.000000, inc_y_i = 1.000000
En el else......

----------------------------------------
x = 56.000000, y = 264.000000
avance = -253.000000, avanceR = 2.000000, avanceI = 2.000000
inc_x_r = 0.000000, inc_y_r = 1.000000, inc_x_i = 1.000000, inc_y_i = 1.000000
En el else......

----------------------------------------
x = 56.000000, y = 265.000000
avance = -251.000000, avanceR = 2.000000, avanceI = 2.000000
inc_x_r = 0.000000, inc_y_r = 1.000000, inc_x_i = 1.000000, inc_y_i = 1.000000
En el else......

----------------------------------------


ENTRAMOS A BRESENHAMªªªª
x1 = 55.000000 - y1 = 15.000000 || x2 = 56.000000 - y2 = 266.000000
dy = 251.000000, dx = 1.000000
avances inclinados: inc_x_i = 1.000000, inc_y_i = 1.000000
updated: dy = 251.000000, dx = 1.000000
avances rectos: inc_x_r = 0.000000, inc_y_r 1.000000
reupdated: dy = 1.000000, dx = 251.000000
avanceR = 2.000000, avance -249.000000, avanceI 2.000000
----------------------------------------
x = 55.000000, y = 15.000000
avance = -249.000000, avanceR = 2.000000, avanceI = 2.000000
inc_x_r = 0.000000, inc_y_r = 1.000000, inc_x_i = 1.000000, inc_y_i = 1.000000
En el else......

----------------------------------------
x = 55.000000, y = 16.000000
avance = -247.000000, avanceR = 2.000000, avanceI = 2.000000
inc_x_r = 0.000000, inc_y_r = 1.000000, inc_x_i = 1.000000, inc_y_i = 1.000000
En el else......

----------------------------------------
x = 55.000000, y = 17.000000
avance = -245.000000, avanceR = 2.000000, avanceI = 2.000000
inc_x_r = 0.000000, inc_y_r = 1.000000, inc_x_i = 1.000000, inc_y_i = 1.000000
En el else......

----------------------------------------
x = 55.000000, y = 18.000000
avance = -243.000000, avanceR = 2.000000, avanceI = 2.000000
inc_x_r = 0.000000, inc_y_r = 1.000000, inc_x_i = 1.000000, inc_y_i = 1.000000
En el else......

----------------------------------------
x = 55.000000, y = 19.000000
avance = -241.000000, avanceR = 2.000000, avanceI = 2.000000
inc_x_r = 0.000000, inc_y_r = 1.000000, inc_x_i = 1.000000, inc_y_i = 1.000000
En el else......

----------------------------------------
x = 55.000000, y = 20.000000
avance = -239.000000, avanceR = 2.000000, avanceI = 2.000000
inc_x_r = 0.000000, inc_y_r = 1.000000, inc_x_i = 1.000000, inc_y_i = 1.000000
En el else......

----------------------------------------
x = 55.000000, y = 21.000000
avance = -237.000000, avanceR = 2.000000, avanceI = 2.000000
inc_x_r = 0.000000, inc_y_r = 1.000000, inc_x_i = 1.000000, inc_y_i = 1.000000
En el else......

----------------------------------------
x = 55.000000, y = 22.000000
avance = -235.000000, avanceR = 2.000000, avanceI = 2.000000
inc_x_r = 0.000000, inc_y_r = 1.000000, inc_x_i = 1.000000, inc_y_i = 1.000000
En el else......

----------------------------------------
x = 55.000000, y = 23.000000
avance = -233.000000, avanceR = 2.000000, avanceI = 2.000000
inc_x_r = 0.000000, inc_y_r = 1.000000, inc_x_i = 1.000000, inc_y_i = 1.000000
En el else......

----------------------------------------
x = 55.000000, y = 24.000000
avance = -231.000000, avanceR = 2.000000, avanceI = 2.000000
inc_x_r = 0.000000, inc_y_r = 1.000000, inc_x_i = 1.000000, inc_y_i = 1.000000
En el else......

----------------------------------------
x = 55.000000, y = 25.000000
avance = -229.000000, avanceR = 2.000000, avanceI = 2.000000
inc_x_r = 0.000000, inc_y_r = 1.000000, inc_x_i = 1.000000, inc_y_i = 1.000000
En el else......

----------------------------------------
x = 55.000000, y = 26.000000
avance = -227.000000, avanceR = 2.000000, avanceI = 2.000000
inc_x_r = 0.000000, inc_y_r = 1.000000, inc_x_i = 1.000000, inc_y_i = 1.000000
En el else......

----------------------------------------
x = 55.000000, y = 27.000000
avance = -225.000000, avanceR = 2.000000, avanceI = 2.000000
inc_x_r = 0.000000, inc_y_r = 1.000000, inc_x_i = 1.000000, inc_y_i = 1.000000
En el else......

----------------------------------------
x = 55.000000, y = 28.000000
avance = -223.000000, avanceR = 2.000000, avanceI = 2.000000
inc_x_r = 0.000000, inc_y_r = 1.000000, inc_x_i = 1.000000, inc_y_i = 1.000000
En el else......

----------------------------------------
x = 55.000000, y = 29.000000
avance = -221.000000, avanceR = 2.000000, avanceI = 2.000000
inc_x_r = 0.000000, inc_y_r = 1.000000, inc_x_i = 1.000000, inc_y_i = 1.000000
En el else......

----------------------------------------
x = 55.000000, y = 30.000000
avance = -219.000000, avanceR = 2.000000, avanceI = 2.000000
inc_x_r = 0.000000, inc_y_r = 1.000000, inc_x_i = 1.000000, inc_y_i = 1.000000
En el else......

----------------------------------------
x = 55.000000, y = 31.000000
avance = -217.000000, avanceR = 2.000000, avanceI = 2.000000
inc_x_r = 0.000000, inc_y_r = 1.000000, inc_x_i = 1.000000, inc_y_i = 1.000000
En el else......

----------------------------------------
x = 55.000000, y = 32.000000
avance = -215.000000, avanceR = 2.000000, avanceI = 2.000000
inc_x_r = 0.000000, inc_y_r = 1.000000, inc_x_i = 1.000000, inc_y_i = 1.000000
En el else......

----------------------------------------
x = 55.000000, y = 33.000000
avance = -213.000000, avanceR = 2.000000, avanceI = 2.000000
inc_x_r = 0.000000, inc_y_r = 1.000000, inc_x_i = 1.000000, inc_y_i = 1.000000
En el else......

----------------------------------------
x = 55.000000, y = 34.000000
avance = -211.000000, avanceR = 2.000000, avanceI = 2.000000
inc_x_r = 0.000000, inc_y_r = 1.000000, inc_x_i = 1.000000, inc_y_i = 1.000000
En el else......

----------------------------------------
x = 55.000000, y = 35.000000
avance = -209.000000, avanceR = 2.000000, avanceI = 2.000000
inc_x_r = 0.000000, inc_y_r = 1.000000, inc_x_i = 1.000000, inc_y_i = 1.000000
En el else......

----------------------------------------
x = 55.000000, y = 36.000000
avance = -207.000000, avanceR = 2.000000, avanceI = 2.000000
inc_x_r = 0.000000, inc_y_r = 1.000000, inc_x_i = 1.000000, inc_y_i = 1.000000
En el else......

----------------------------------------
x = 55.000000, y = 37.000000
avance = -205.000000, avanceR = 2.000000, avanceI = 2.000000
inc_x_r = 0.000000, inc_y_r = 1.000000, inc_x_i = 1.000000, inc_y_i = 1.000000
En el else......

----------------------------------------
x = 55.000000, y = 38.000000
avance = -203.000000, avanceR = 2.000000, avanceI = 2.000000
inc_x_r = 0.000000, inc_y_r = 1.000000, inc_x_i = 1.000000, inc_y_i = 1.000000
En el else......

----------------------------------------
x = 55.000000, y = 39.000000
avance = -201.000000, avanceR = 2.000000, avanceI = 2.000000
inc_x_r = 0.000000, inc_y_r = 1.000000, inc_x_i = 1.000000, inc_y_i = 1.000000
En el else......

----------------------------------------
x = 55.000000, y = 40.000000
avance = -199.000000, avanceR = 2.000000, avanceI = 2.000000
inc_x_r = 0.000000, inc_y_r = 1.000000, inc_x_i = 1.000000, inc_y_i = 1.000000
En el else......

----------------------------------------
x = 55.000000, y = 41.000000
avance = -197.000000, avanceR = 2.000000, avanceI = 2.000000
inc_x_r = 0.000000, inc_y_r = 1.000000, inc_x_i = 1.000000, inc_y_i = 1.000000
En el else......

----------------------------------------
x = 55.000000, y = 42.000000
avance = -195.000000, avanceR = 2.000000, avanceI = 2.000000
inc_x_r = 0.000000, inc_y_r = 1.000000, inc_x_i = 1.000000, inc_y_i = 1.000000
En el else......

----------------------------------------
x = 55.000000, y = 43.000000
avance = -193.000000, avanceR = 2.000000, avanceI = 2.000000
inc_x_r = 0.000000, inc_y_r = 1.000000, inc_x_i = 1.000000, inc_y_i = 1.000000
En el else......

----------------------------------------
x = 55.000000, y = 44.000000
avance = -191.000000, avanceR = 2.000000, avanceI = 2.000000
inc_x_r = 0.000000, inc_y_r = 1.000000, inc_x_i = 1.000000, inc_y_i = 1.000000
En el else......

----------------------------------------
x = 55.000000, y = 45.000000
avance = -189.000000, avanceR = 2.000000, avanceI = 2.000000
inc_x_r = 0.000000, inc_y_r = 1.000000, inc_x_i = 1.000000, inc_y_i = 1.000000
En el else......

----------------------------------------
x = 55.000000, y = 46.000000
avance = -187.000000, avanceR = 2.000000, avanceI = 2.000000
inc_x_r = 0.000000, inc_y_r = 1.000000, inc_x_i = 1.000000, inc_y_i = 1.000000
En el else......

----------------------------------------
x = 55.000000, y = 47.000000
avance = -185.000000, avanceR = 2.000000, avanceI = 2.000000
inc_x_r = 0.000000, inc_y_r = 1.000000, inc_x_i = 1.000000, inc_y_i = 1.000000
En el else......

----------------------------------------
x = 55.000000, y = 48.000000
avance = -183.000000, avanceR = 2.000000, avanceI = 2.000000
inc_x_r = 0.000000, inc_y_r = 1.000000, inc_x_i = 1.000000, inc_y_i = 1.000000
En el else......

----------------------------------------
x = 55.000000, y = 49.000000
avance = -181.000000, avanceR = 2.000000, avanceI = 2.000000
inc_x_r = 0.000000, inc_y_r = 1.000000, inc_x_i = 1.000000, inc_y_i = 1.000000
En el else......

----------------------------------------
x = 55.000000, y = 50.000000
avance = -179.000000, avanceR = 2.000000, avanceI = 2.000000
inc_x_r = 0.000000, inc_y_r = 1.000000, inc_x_i = 1.000000, inc_y_i = 1.000000
En el else......

----------------------------------------
x = 55.000000, y = 51.000000
avance = -177.000000, avanceR = 2.000000, avanceI = 2.000000
inc_x_r = 0.000000, inc_y_r = 1.000000, inc_x_i = 1.000000, inc_y_i = 1.000000
En el else......

----------------------------------------
x = 55.000000, y = 52.000000
avance = -175.000000, avanceR = 2.000000, avanceI = 2.000000
inc_x_r = 0.000000, inc_y_r = 1.000000, inc_x_i = 1.000000, inc_y_i = 1.000000
En el else......

----------------------------------------
x = 55.000000, y = 53.000000
avance = -173.000000, avanceR = 2.000000, avanceI = 2.000000
inc_x_r = 0.000000, inc_y_r = 1.000000, inc_x_i = 1.000000, inc_y_i = 1.000000
En el else......

----------------------------------------
x = 55.000000, y = 54.000000
avance = -171.000000, avanceR = 2.000000, avanceI = 2.000000
inc_x_r = 0.000000, inc_y_r = 1.000000, inc_x_i = 1.000000, inc_y_i = 1.000000
En el else......

----------------------------------------
x = 55.000000, y = 55.000000
avance = -169.000000, avanceR = 2.000000, avanceI = 2.000000
inc_x_r = 0.000000, inc_y_r = 1.000000, inc_x_i = 1.000000, inc_y_i = 1.000000
En el else......

----------------------------------------
x = 55.000000, y = 56.000000
avance = -167.000000, avanceR = 2.000000, avanceI = 2.000000
inc_x_r = 0.000000, inc_y_r = 1.000000, inc_x_i = 1.000000, inc_y_i = 1.000000
En el else......

----------------------------------------
x = 55.000000, y = 57.000000
avance = -165.000000, avanceR = 2.000000, avanceI = 2.000000
inc_x_r = 0.000000, inc_y_r = 1.000000, inc_x_i = 1.000000, inc_y_i = 1.000000
En el else......

----------------------------------------
x = 55.000000, y = 58.000000
avance = -163.000000, avanceR = 2.000000, avanceI = 2.000000
inc_x_r = 0.000000, inc_y_r = 1.000000, inc_x_i = 1.000000, inc_y_i = 1.000000
En el else......

----------------------------------------
x = 55.000000, y = 59.000000
avance = -161.000000, avanceR = 2.000000, avanceI = 2.000000
inc_x_r = 0.000000, inc_y_r = 1.000000, inc_x_i = 1.000000, inc_y_i = 1.000000
En el else......

----------------------------------------
x = 55.000000, y = 60.000000
avance = -159.000000, avanceR = 2.000000, avanceI = 2.000000
inc_x_r = 0.000000, inc_y_r = 1.000000, inc_x_i = 1.000000, inc_y_i = 1.000000
En el else......

----------------------------------------
x = 55.000000, y = 61.000000
avance = -157.000000, avanceR = 2.000000, avanceI = 2.000000
inc_x_r = 0.000000, inc_y_r = 1.000000, inc_x_i = 1.000000, inc_y_i = 1.000000
En el else......

----------------------------------------
x = 55.000000, y = 62.000000
avance = -155.000000, avanceR = 2.000000, avanceI = 2.000000
inc_x_r = 0.000000, inc_y_r = 1.000000, inc_x_i = 1.000000, inc_y_i = 1.000000
En el else......

----------------------------------------
x = 55.000000, y = 63.000000
avance = -153.000000, avanceR = 2.000000, avanceI = 2.000000
inc_x_r = 0.000000, inc_y_r = 1.000000, inc_x_i = 1.000000, inc_y_i = 1.000000
En el else......

----------------------------------------
x = 55.000000, y = 64.000000
avance = -151.000000, avanceR = 2.000000, avanceI = 2.000000
inc_x_r = 0.000000, inc_y_r = 1.000000, inc_x_i = 1.000000, inc_y_i = 1.000000
En el else......

----------------------------------------
x = 55.000000, y = 65.000000
avance = -149.000000, avanceR = 2.000000, avanceI = 2.000000
inc_x_r = 0.000000, inc_y_r = 1.000000, inc_x_i = 1.000000, inc_y_i = 1.000000
En el else......

----------------------------------------
x = 55.000000, y = 66.000000
avance = -147.000000, avanceR = 2.000000, avanceI = 2.000000
inc_x_r = 0.000000, inc_y_r = 1.000000, inc_x_i = 1.000000, inc_y_i = 1.000000
En el else......

----------------------------------------
x = 55.000000, y = 67.000000
avance = -145.000000, avanceR = 2.000000, avanceI = 2.000000
inc_x_r = 0.000000, inc_y_r = 1.000000, inc_x_i = 1.000000, inc_y_i = 1.000000
En el else......

----------------------------------------
x = 55.000000, y = 68.000000
avance = -143.000000, avanceR = 2.000000, avanceI = 2.000000
inc_x_r = 0.000000, inc_y_r = 1.000000, inc_x_i = 1.000000, inc_y_i = 1.000000
En el else......

----------------------------------------
x = 55.000000, y = 69.000000
avance = -141.000000, avanceR = 2.000000, avanceI = 2.000000
inc_x_r = 0.000000, inc_y_r = 1.000000, inc_x_i = 1.000000, inc_y_i = 1.000000
En el else......

----------------------------------------
x = 55.000000, y = 70.000000
avance = -139.000000, avanceR = 2.000000, avanceI = 2.000000
inc_x_r = 0.000000, inc_y_r = 1.000000, inc_x_i = 1.000000, inc_y_i = 1.000000
En el else......

----------------------------------------
x = 55.000000, y = 71.000000
avance = -137.000000, avanceR = 2.000000, avanceI = 2.000000
inc_x_r = 0.000000, inc_y_r = 1.000000, inc_x_i = 1.000000, inc_y_i = 1.000000
En el else......

----------------------------------------
x = 55.000000, y = 72.000000
avance = -135.000000, avanceR = 2.000000, avanceI = 2.000000
inc_x_r = 0.000000, inc_y_r = 1.000000, inc_x_i = 1.000000, inc_y_i = 1.000000
En el else......

----------------------------------------
x = 55.000000, y = 73.000000
avance = -133.000000, avanceR = 2.000000, avanceI = 2.000000
inc_x_r = 0.000000, inc_y_r = 1.000000, inc_x_i = 1.000000, inc_y_i = 1.000000
En el else......

----------------------------------------
x = 55.000000, y = 74.000000
avance = -131.000000, avanceR = 2.000000, avanceI = 2.000000
inc_x_r = 0.000000, inc_y_r = 1.000000, inc_x_i = 1.000000, inc_y_i = 1.000000
En el else......

----------------------------------------
x = 55.000000, y = 75.000000
avance = -129.000000, avanceR = 2.000000, avanceI = 2.000000
inc_x_r = 0.000000, inc_y_r = 1.000000, inc_x_i = 1.000000, inc_y_i = 1.000000
En el else......

----------------------------------------
x = 55.000000, y = 76.000000
avance = -127.000000, avanceR = 2.000000, avanceI = 2.000000
inc_x_r = 0.000000, inc_y_r = 1.000000, inc_x_i = 1.000000, inc_y_i = 1.000000
En el else......

----------------------------------------
x = 55.000000, y = 77.000000
avance = -125.000000, avanceR = 2.000000, avanceI = 2.000000
inc_x_r = 0.000000, inc_y_r = 1.000000, inc_x_i = 1.000000, inc_y_i = 1.000000
En el else......

----------------------------------------
x = 55.000000, y = 78.000000
avance = -123.000000, avanceR = 2.000000, avanceI = 2.000000
inc_x_r = 0.000000, inc_y_r = 1.000000, inc_x_i = 1.000000, inc_y_i = 1.000000
En el else......

----------------------------------------
x = 55.000000, y = 79.000000
avance = -121.000000, avanceR = 2.000000, avanceI = 2.000000
inc_x_r = 0.000000, inc_y_r = 1.000000, inc_x_i = 1.000000, inc_y_i = 1.000000
En el else......

----------------------------------------
x = 55.000000, y = 80.000000
avance = -119.000000, avanceR = 2.000000, avanceI = 2.000000
inc_x_r = 0.000000, inc_y_r = 1.000000, inc_x_i = 1.000000, inc_y_i = 1.000000
En el else......

----------------------------------------
x = 55.000000, y = 81.000000
avance = -117.000000, avanceR = 2.000000, avanceI = 2.000000
inc_x_r = 0.000000, inc_y_r = 1.000000, inc_x_i = 1.000000, inc_y_i = 1.000000
En el else......

----------------------------------------
x = 55.000000, y = 82.000000
avance = -115.000000, avanceR = 2.000000, avanceI = 2.000000
inc_x_r = 0.000000, inc_y_r = 1.000000, inc_x_i = 1.000000, inc_y_i = 1.000000
En el else......

----------------------------------------
x = 55.000000, y = 83.000000
avance = -113.000000, avanceR = 2.000000, avanceI = 2.000000
inc_x_r = 0.000000, inc_y_r = 1.000000, inc_x_i = 1.000000, inc_y_i = 1.000000
En el else......

----------------------------------------
x = 55.000000, y = 84.000000
avance = -111.000000, avanceR = 2.000000, avanceI = 2.000000
inc_x_r = 0.000000, inc_y_r = 1.000000, inc_x_i = 1.000000, inc_y_i = 1.000000
En el else......

----------------------------------------
x = 55.000000, y = 85.000000
avance = -109.000000, avanceR = 2.000000, avanceI = 2.000000
inc_x_r = 0.000000, inc_y_r = 1.000000, inc_x_i = 1.000000, inc_y_i = 1.000000
En el else......

----------------------------------------
x = 55.000000, y = 86.000000
avance = -107.000000, avanceR = 2.000000, avanceI = 2.000000
inc_x_r = 0.000000, inc_y_r = 1.000000, inc_x_i = 1.000000, inc_y_i = 1.000000
En el else......

----------------------------------------
x = 55.000000, y = 87.000000
avance = -105.000000, avanceR = 2.000000, avanceI = 2.000000
inc_x_r = 0.000000, inc_y_r = 1.000000, inc_x_i = 1.000000, inc_y_i = 1.000000
En el else......

----------------------------------------
x = 55.000000, y = 88.000000
avance = -103.000000, avanceR = 2.000000, avanceI = 2.000000
inc_x_r = 0.000000, inc_y_r = 1.000000, inc_x_i = 1.000000, inc_y_i = 1.000000
En el else......

----------------------------------------
x = 55.000000, y = 89.000000
avance = -101.000000, avanceR = 2.000000, avanceI = 2.000000
inc_x_r = 0.000000, inc_y_r = 1.000000, inc_x_i = 1.000000, inc_y_i = 1.000000
En el else......

----------------------------------------
x = 55.000000, y = 90.000000
avance = -99.000000, avanceR = 2.000000, avanceI = 2.000000
inc_x_r = 0.000000, inc_y_r = 1.000000, inc_x_i = 1.000000, inc_y_i = 1.000000
En el else......

----------------------------------------
x = 55.000000, y = 91.000000
avance = -97.000000, avanceR = 2.000000, avanceI = 2.000000
inc_x_r = 0.000000, inc_y_r = 1.000000, inc_x_i = 1.000000, inc_y_i = 1.000000
En el else......

----------------------------------------
x = 55.000000, y = 92.000000
avance = -95.000000, avanceR = 2.000000, avanceI = 2.000000
inc_x_r = 0.000000, inc_y_r = 1.000000, inc_x_i = 1.000000, inc_y_i = 1.000000
En el else......

----------------------------------------
x = 55.000000, y = 93.000000
avance = -93.000000, avanceR = 2.000000, avanceI = 2.000000
inc_x_r = 0.000000, inc_y_r = 1.000000, inc_x_i = 1.000000, inc_y_i = 1.000000
En el else......

----------------------------------------
x = 55.000000, y = 94.000000
avance = -91.000000, avanceR = 2.000000, avanceI = 2.000000
inc_x_r = 0.000000, inc_y_r = 1.000000, inc_x_i = 1.000000, inc_y_i = 1.000000
En el else......

----------------------------------------
x = 55.000000, y = 95.000000
avance = -89.000000, avanceR = 2.000000, avanceI = 2.000000
inc_x_r = 0.000000, inc_y_r = 1.000000, inc_x_i = 1.000000, inc_y_i = 1.000000
En el else......

----------------------------------------
x = 55.000000, y = 96.000000
avance = -87.000000, avanceR = 2.000000, avanceI = 2.000000
inc_x_r = 0.000000, inc_y_r = 1.000000, inc_x_i = 1.000000, inc_y_i = 1.000000
En el else......

----------------------------------------
x = 55.000000, y = 97.000000
avance = -85.000000, avanceR = 2.000000, avanceI = 2.000000
inc_x_r = 0.000000, inc_y_r = 1.000000, inc_x_i = 1.000000, inc_y_i = 1.000000
En el else......

----------------------------------------
x = 55.000000, y = 98.000000
avance = -83.000000, avanceR = 2.000000, avanceI = 2.000000
inc_x_r = 0.000000, inc_y_r = 1.000000, inc_x_i = 1.000000, inc_y_i = 1.000000
En el else......

----------------------------------------
x = 55.000000, y = 99.000000
avance = -81.000000, avanceR = 2.000000, avanceI = 2.000000
inc_x_r = 0.000000, inc_y_r = 1.000000, inc_x_i = 1.000000, inc_y_i = 1.000000
En el else......

----------------------------------------
x = 55.000000, y = 100.000000
avance = -79.000000, avanceR = 2.000000, avanceI = 2.000000
inc_x_r = 0.000000, inc_y_r = 1.000000, inc_x_i = 1.000000, inc_y_i = 1.000000
En el else......

----------------------------------------
x = 55.000000, y = 101.000000
avance = -77.000000, avanceR = 2.000000, avanceI = 2.000000
inc_x_r = 0.000000, inc_y_r = 1.000000, inc_x_i = 1.000000, inc_y_i = 1.000000
En el else......

----------------------------------------
x = 55.000000, y = 102.000000
avance = -75.000000, avanceR = 2.000000, avanceI = 2.000000
inc_x_r = 0.000000, inc_y_r = 1.000000, inc_x_i = 1.000000, inc_y_i = 1.000000
En el else......

----------------------------------------
x = 55.000000, y = 103.000000
avance = -73.000000, avanceR = 2.000000, avanceI = 2.000000
inc_x_r = 0.000000, inc_y_r = 1.000000, inc_x_i = 1.000000, inc_y_i = 1.000000
En el else......

----------------------------------------
x = 55.000000, y = 104.000000
avance = -71.000000, avanceR = 2.000000, avanceI = 2.000000
inc_x_r = 0.000000, inc_y_r = 1.000000, inc_x_i = 1.000000, inc_y_i = 1.000000
En el else......

----------------------------------------
x = 55.000000, y = 105.000000
avance = -69.000000, avanceR = 2.000000, avanceI = 2.000000
inc_x_r = 0.000000, inc_y_r = 1.000000, inc_x_i = 1.000000, inc_y_i = 1.000000
En el else......

----------------------------------------
x = 55.000000, y = 106.000000
avance = -67.000000, avanceR = 2.000000, avanceI = 2.000000
inc_x_r = 0.000000, inc_y_r = 1.000000, inc_x_i = 1.000000, inc_y_i = 1.000000
En el else......

----------------------------------------
x = 55.000000, y = 107.000000
avance = -65.000000, avanceR = 2.000000, avanceI = 2.000000
inc_x_r = 0.000000, inc_y_r = 1.000000, inc_x_i = 1.000000, inc_y_i = 1.000000
En el else......

----------------------------------------
x = 55.000000, y = 108.000000
avance = -63.000000, avanceR = 2.000000, avanceI = 2.000000
inc_x_r = 0.000000, inc_y_r = 1.000000, inc_x_i = 1.000000, inc_y_i = 1.000000
En el else......

----------------------------------------
x = 55.000000, y = 109.000000
avance = -61.000000, avanceR = 2.000000, avanceI = 2.000000
inc_x_r = 0.000000, inc_y_r = 1.000000, inc_x_i = 1.000000, inc_y_i = 1.000000
En el else......

----------------------------------------
x = 55.000000, y = 110.000000
avance = -59.000000, avanceR = 2.000000, avanceI = 2.000000
inc_x_r = 0.000000, inc_y_r = 1.000000, inc_x_i = 1.000000, inc_y_i = 1.000000
En el else......

----------------------------------------
x = 55.000000, y = 111.000000
avance = -57.000000, avanceR = 2.000000, avanceI = 2.000000
inc_x_r = 0.000000, inc_y_r = 1.000000, inc_x_i = 1.000000, inc_y_i = 1.000000
En el else......

----------------------------------------
x = 55.000000, y = 112.000000
avance = -55.000000, avanceR = 2.000000, avanceI = 2.000000
inc_x_r = 0.000000, inc_y_r = 1.000000, inc_x_i = 1.000000, inc_y_i = 1.000000
En el else......

----------------------------------------
x = 55.000000, y = 113.000000
avance = -53.000000, avanceR = 2.000000, avanceI = 2.000000
inc_x_r = 0.000000, inc_y_r = 1.000000, inc_x_i = 1.000000, inc_y_i = 1.000000
En el else......

----------------------------------------
x = 55.000000, y = 114.000000
avance = -51.000000, avanceR = 2.000000, avanceI = 2.000000
inc_x_r = 0.000000, inc_y_r = 1.000000, inc_x_i = 1.000000, inc_y_i = 1.000000
En el else......

----------------------------------------
x = 55.000000, y = 115.000000
avance = -49.000000, avanceR = 2.000000, avanceI = 2.000000
inc_x_r = 0.000000, inc_y_r = 1.000000, inc_x_i = 1.000000, inc_y_i = 1.000000
En el else......

----------------------------------------
x = 55.000000, y = 116.000000
avance = -47.000000, avanceR = 2.000000, avanceI = 2.000000
inc_x_r = 0.000000, inc_y_r = 1.000000, inc_x_i = 1.000000, inc_y_i = 1.000000
En el else......

----------------------------------------
x = 55.000000, y = 117.000000
avance = -45.000000, avanceR = 2.000000, avanceI = 2.000000
inc_x_r = 0.000000, inc_y_r = 1.000000, inc_x_i = 1.000000, inc_y_i = 1.000000
En el else......

----------------------------------------
x = 55.000000, y = 118.000000
avance = -43.000000, avanceR = 2.000000, avanceI = 2.000000
inc_x_r = 0.000000, inc_y_r = 1.000000, inc_x_i = 1.000000, inc_y_i = 1.000000
En el else......

----------------------------------------
x = 55.000000, y = 119.000000
avance = -41.000000, avanceR = 2.000000, avanceI = 2.000000
inc_x_r = 0.000000, inc_y_r = 1.000000, inc_x_i = 1.000000, inc_y_i = 1.000000
En el else......

----------------------------------------
x = 55.000000, y = 120.000000
avance = -39.000000, avanceR = 2.000000, avanceI = 2.000000
inc_x_r = 0.000000, inc_y_r = 1.000000, inc_x_i = 1.000000, inc_y_i = 1.000000
En el else......

----------------------------------------
x = 55.000000, y = 121.000000
avance = -37.000000, avanceR = 2.000000, avanceI = 2.000000
inc_x_r = 0.000000, inc_y_r = 1.000000, inc_x_i = 1.000000, inc_y_i = 1.000000
En el else......

----------------------------------------
x = 55.000000, y = 122.000000
avance = -35.000000, avanceR = 2.000000, avanceI = 2.000000
inc_x_r = 0.000000, inc_y_r = 1.000000, inc_x_i = 1.000000, inc_y_i = 1.000000
En el else......

----------------------------------------
x = 55.000000, y = 123.000000
avance = -33.000000, avanceR = 2.000000, avanceI = 2.000000
inc_x_r = 0.000000, inc_y_r = 1.000000, inc_x_i = 1.000000, inc_y_i = 1.000000
En el else......

----------------------------------------
x = 55.000000, y = 124.000000
avance = -31.000000, avanceR = 2.000000, avanceI = 2.000000
inc_x_r = 0.000000, inc_y_r = 1.000000, inc_x_i = 1.000000, inc_y_i = 1.000000
En el else......

----------------------------------------
x = 55.000000, y = 125.000000
avance = -29.000000, avanceR = 2.000000, avanceI = 2.000000
inc_x_r = 0.000000, inc_y_r = 1.000000, inc_x_i = 1.000000, inc_y_i = 1.000000
En el else......

----------------------------------------
x = 55.000000, y = 126.000000
avance = -27.000000, avanceR = 2.000000, avanceI = 2.000000
inc_x_r = 0.000000, inc_y_r = 1.000000, inc_x_i = 1.000000, inc_y_i = 1.000000
En el else......

----------------------------------------
x = 55.000000, y = 127.000000
avance = -25.000000, avanceR = 2.000000, avanceI = 2.000000
inc_x_r = 0.000000, inc_y_r = 1.000000, inc_x_i = 1.000000, inc_y_i = 1.000000
En el else......

----------------------------------------
x = 55.000000, y = 128.000000
avance = -23.000000, avanceR = 2.000000, avanceI = 2.000000
inc_x_r = 0.000000, inc_y_r = 1.000000, inc_x_i = 1.000000, inc_y_i = 1.000000
En el else......

----------------------------------------
x = 55.000000, y = 129.000000
avance = -21.000000, avanceR = 2.000000, avanceI = 2.000000
inc_x_r = 0.000000, inc_y_r = 1.000000, inc_x_i = 1.000000, inc_y_i = 1.000000
En el else......

----------------------------------------
x = 55.000000, y = 130.000000
avance = -19.000000, avanceR = 2.000000, avanceI = 2.000000
inc_x_r = 0.000000, inc_y_r = 1.000000, inc_x_i = 1.000000, inc_y_i = 1.000000
En el else......

----------------------------------------
x = 55.000000, y = 131.000000
avance = -17.000000, avanceR = 2.000000, avanceI = 2.000000
inc_x_r = 0.000000, inc_y_r = 1.000000, inc_x_i = 1.000000, inc_y_i = 1.000000
En el else......

----------------------------------------
x = 55.000000, y = 132.000000
avance = -15.000000, avanceR = 2.000000, avanceI = 2.000000
inc_x_r = 0.000000, inc_y_r = 1.000000, inc_x_i = 1.000000, inc_y_i = 1.000000
En el else......

----------------------------------------
x = 55.000000, y = 133.000000
avance = -13.000000, avanceR = 2.000000, avanceI = 2.000000
inc_x_r = 0.000000, inc_y_r = 1.000000, inc_x_i = 1.000000, inc_y_i = 1.000000
En el else......

----------------------------------------
x = 55.000000, y = 134.000000
avance = -11.000000, avanceR = 2.000000, avanceI = 2.000000
inc_x_r = 0.000000, inc_y_r = 1.000000, inc_x_i = 1.000000, inc_y_i = 1.000000
En el else......

----------------------------------------
x = 55.000000, y = 135.000000
avance = -9.000000, avanceR = 2.000000, avanceI = 2.000000
inc_x_r = 0.000000, inc_y_r = 1.000000, inc_x_i = 1.000000, inc_y_i = 1.000000
En el else......

----------------------------------------
x = 55.000000, y = 136.000000
avance = -7.000000, avanceR = 2.000000, avanceI = 2.000000
inc_x_r = 0.000000, inc_y_r = 1.000000, inc_x_i = 1.000000, inc_y_i = 1.000000
En el else......

----------------------------------------
x = 55.000000, y = 137.000000
avance = -5.000000, avanceR = 2.000000, avanceI = 2.000000
inc_x_r = 0.000000, inc_y_r = 1.000000, inc_x_i = 1.000000, inc_y_i = 1.000000
En el else......

----------------------------------------
x = 55.000000, y = 138.000000
avance = -3.000000, avanceR = 2.000000, avanceI = 2.000000
inc_x_r = 0.000000, inc_y_r = 1.000000, inc_x_i = 1.000000, inc_y_i = 1.000000
En el else......

----------------------------------------
x = 55.000000, y = 139.000000
avance = -1.000000, avanceR = 2.000000, avanceI = 2.000000
inc_x_r = 0.000000, inc_y_r = 1.000000, inc_x_i = 1.000000, inc_y_i = 1.000000
En el else......

----------------------------------------
x = 55.000000, y = 140.000000
avance = 1.000000, avanceR = 2.000000, avanceI = 2.000000
inc_x_r = 0.000000, inc_y_r = 1.000000, inc_x_i = 1.000000, inc_y_i = 1.000000
avance >= 0

----------------------------------------
x = 56.000000, y = 141.000000
avance = -499.000000, avanceR = 2.000000, avanceI = 2.000000
inc_x_r = 0.000000, inc_y_r = 1.000000, inc_x_i = 1.000000, inc_y_i = 1.000000
En el else......

----------------------------------------
x = 56.000000, y = 142.000000
avance = -497.000000, avanceR = 2.000000, avanceI = 2.000000
inc_x_r = 0.000000, inc_y_r = 1.000000, inc_x_i = 1.000000, inc_y_i = 1.000000
En el else......

----------------------------------------
x = 56.000000, y = 143.000000
avance = -495.000000, avanceR = 2.000000, avanceI = 2.000000
inc_x_r = 0.000000, inc_y_r = 1.000000, inc_x_i = 1.000000, inc_y_i = 1.000000
En el else......

----------------------------------------
x = 56.000000, y = 144.000000
avance = -493.000000, avanceR = 2.000000, avanceI = 2.000000
inc_x_r = 0.000000, inc_y_r = 1.000000, inc_x_i = 1.000000, inc_y_i = 1.000000
En el else......

----------------------------------------
x = 56.000000, y = 145.000000
avance = -491.000000, avanceR = 2.000000, avanceI = 2.000000
inc_x_r = 0.000000, inc_y_r = 1.000000, inc_x_i = 1.000000, inc_y_i = 1.000000
En el else......

----------------------------------------
x = 56.000000, y = 146.000000
avance = -489.000000, avanceR = 2.000000, avanceI = 2.000000
inc_x_r = 0.000000, inc_y_r = 1.000000, inc_x_i = 1.000000, inc_y_i = 1.000000
En el else......

----------------------------------------
x = 56.000000, y = 147.000000
avance = -487.000000, avanceR = 2.000000, avanceI = 2.000000
inc_x_r = 0.000000, inc_y_r = 1.000000, inc_x_i = 1.000000, inc_y_i = 1.000000
En el else......

----------------------------------------
x = 56.000000, y = 148.000000
avance = -485.000000, avanceR = 2.000000, avanceI = 2.000000
inc_x_r = 0.000000, inc_y_r = 1.000000, inc_x_i = 1.000000, inc_y_i = 1.000000
En el else......

----------------------------------------
x = 56.000000, y = 149.000000
avance = -483.000000, avanceR = 2.000000, avanceI = 2.000000
inc_x_r = 0.000000, inc_y_r = 1.000000, inc_x_i = 1.000000, inc_y_i = 1.000000
En el else......

----------------------------------------
x = 56.000000, y = 150.000000
avance = -481.000000, avanceR = 2.000000, avanceI = 2.000000
inc_x_r = 0.000000, inc_y_r = 1.000000, inc_x_i = 1.000000, inc_y_i = 1.000000
En el else......

----------------------------------------
x = 56.000000, y = 151.000000
avance = -479.000000, avanceR = 2.000000, avanceI = 2.000000
inc_x_r = 0.000000, inc_y_r = 1.000000, inc_x_i = 1.000000, inc_y_i = 1.000000
En el else......

----------------------------------------
x = 56.000000, y = 152.000000
avance = -477.000000, avanceR = 2.000000, avanceI = 2.000000
inc_x_r = 0.000000, inc_y_r = 1.000000, inc_x_i = 1.000000, inc_y_i = 1.000000
En el else......

----------------------------------------
x = 56.000000, y = 153.000000
avance = -475.000000, avanceR = 2.000000, avanceI = 2.000000
inc_x_r = 0.000000, inc_y_r = 1.000000, inc_x_i = 1.000000, inc_y_i = 1.000000
En el else......

----------------------------------------
x = 56.000000, y = 154.000000
avance = -473.000000, avanceR = 2.000000, avanceI = 2.000000
inc_x_r = 0.000000, inc_y_r = 1.000000, inc_x_i = 1.000000, inc_y_i = 1.000000
En el else......

----------------------------------------
x = 56.000000, y = 155.000000
avance = -471.000000, avanceR = 2.000000, avanceI = 2.000000
inc_x_r = 0.000000, inc_y_r = 1.000000, inc_x_i = 1.000000, inc_y_i = 1.000000
En el else......

----------------------------------------
x = 56.000000, y = 156.000000
avance = -469.000000, avanceR = 2.000000, avanceI = 2.000000
inc_x_r = 0.000000, inc_y_r = 1.000000, inc_x_i = 1.000000, inc_y_i = 1.000000
En el else......

----------------------------------------
x = 56.000000, y = 157.000000
avance = -467.000000, avanceR = 2.000000, avanceI = 2.000000
inc_x_r = 0.000000, inc_y_r = 1.000000, inc_x_i = 1.000000, inc_y_i = 1.000000
En el else......

----------------------------------------
x = 56.000000, y = 158.000000
avance = -465.000000, avanceR = 2.000000, avanceI = 2.000000
inc_x_r = 0.000000, inc_y_r = 1.000000, inc_x_i = 1.000000, inc_y_i = 1.000000
En el else......

----------------------------------------
x = 56.000000, y = 159.000000
avance = -463.000000, avanceR = 2.000000, avanceI = 2.000000
inc_x_r = 0.000000, inc_y_r = 1.000000, inc_x_i = 1.000000, inc_y_i = 1.000000
En el else......

----------------------------------------
x = 56.000000, y = 160.000000
avance = -461.000000, avanceR = 2.000000, avanceI = 2.000000
inc_x_r = 0.000000, inc_y_r = 1.000000, inc_x_i = 1.000000, inc_y_i = 1.000000
En el else......

----------------------------------------
x = 56.000000, y = 161.000000
avance = -459.000000, avanceR = 2.000000, avanceI = 2.000000
inc_x_r = 0.000000, inc_y_r = 1.000000, inc_x_i = 1.000000, inc_y_i = 1.000000
En el else......

----------------------------------------
x = 56.000000, y = 162.000000
avance = -457.000000, avanceR = 2.000000, avanceI = 2.000000
inc_x_r = 0.000000, inc_y_r = 1.000000, inc_x_i = 1.000000, inc_y_i = 1.000000
En el else......

----------------------------------------
x = 56.000000, y = 163.000000
avance = -455.000000, avanceR = 2.000000, avanceI = 2.000000
inc_x_r = 0.000000, inc_y_r = 1.000000, inc_x_i = 1.000000, inc_y_i = 1.000000
En el else......

----------------------------------------
x = 56.000000, y = 164.000000
avance = -453.000000, avanceR = 2.000000, avanceI = 2.000000
inc_x_r = 0.000000, inc_y_r = 1.000000, inc_x_i = 1.000000, inc_y_i = 1.000000
En el else......

----------------------------------------
x = 56.000000, y = 165.000000
avance = -451.000000, avanceR = 2.000000, avanceI = 2.000000
inc_x_r = 0.000000, inc_y_r = 1.000000, inc_x_i = 1.000000, inc_y_i = 1.000000
En el else......

----------------------------------------
x = 56.000000, y = 166.000000
avance = -449.000000, avanceR = 2.000000, avanceI = 2.000000
inc_x_r = 0.000000, inc_y_r = 1.000000, inc_x_i = 1.000000, inc_y_i = 1.000000
En el else......

----------------------------------------
x = 56.000000, y = 167.000000
avance = -447.000000, avanceR = 2.000000, avanceI = 2.000000
inc_x_r = 0.000000, inc_y_r = 1.000000, inc_x_i = 1.000000, inc_y_i = 1.000000
En el else......

----------------------------------------
x = 56.000000, y = 168.000000
avance = -445.000000, avanceR = 2.000000, avanceI = 2.000000
inc_x_r = 0.000000, inc_y_r = 1.000000, inc_x_i = 1.000000, inc_y_i = 1.000000
En el else......

----------------------------------------
x = 56.000000, y = 169.000000
avance = -443.000000, avanceR = 2.000000, avanceI = 2.000000
inc_x_r = 0.000000, inc_y_r = 1.000000, inc_x_i = 1.000000, inc_y_i = 1.000000
En el else......

----------------------------------------
x = 56.000000, y = 170.000000
avance = -441.000000, avanceR = 2.000000, avanceI = 2.000000
inc_x_r = 0.000000, inc_y_r = 1.000000, inc_x_i = 1.000000, inc_y_i = 1.000000
En el else......

----------------------------------------
x = 56.000000, y = 171.000000
avance = -439.000000, avanceR = 2.000000, avanceI = 2.000000
inc_x_r = 0.000000, inc_y_r = 1.000000, inc_x_i = 1.000000, inc_y_i = 1.000000
En el else......

----------------------------------------
x = 56.000000, y = 172.000000
avance = -437.000000, avanceR = 2.000000, avanceI = 2.000000
inc_x_r = 0.000000, inc_y_r = 1.000000, inc_x_i = 1.000000, inc_y_i = 1.000000
En el else......

----------------------------------------
x = 56.000000, y = 173.000000
avance = -435.000000, avanceR = 2.000000, avanceI = 2.000000
inc_x_r = 0.000000, inc_y_r = 1.000000, inc_x_i = 1.000000, inc_y_i = 1.000000
En el else......

----------------------------------------
x = 56.000000, y = 174.000000
avance = -433.000000, avanceR = 2.000000, avanceI = 2.000000
inc_x_r = 0.000000, inc_y_r = 1.000000, inc_x_i = 1.000000, inc_y_i = 1.000000
En el else......

----------------------------------------
x = 56.000000, y = 175.000000
avance = -431.000000, avanceR = 2.000000, avanceI = 2.000000
inc_x_r = 0.000000, inc_y_r = 1.000000, inc_x_i = 1.000000, inc_y_i = 1.000000
En el else......

----------------------------------------
x = 56.000000, y = 176.000000
avance = -429.000000, avanceR = 2.000000, avanceI = 2.000000
inc_x_r = 0.000000, inc_y_r = 1.000000, inc_x_i = 1.000000, inc_y_i = 1.000000
En el else......

----------------------------------------
x = 56.000000, y = 177.000000
avance = -427.000000, avanceR = 2.000000, avanceI = 2.000000
inc_x_r = 0.000000, inc_y_r = 1.000000, inc_x_i = 1.000000, inc_y_i = 1.000000
En el else......

----------------------------------------
x = 56.000000, y = 178.000000
avance = -425.000000, avanceR = 2.000000, avanceI = 2.000000
inc_x_r = 0.000000, inc_y_r = 1.000000, inc_x_i = 1.000000, inc_y_i = 1.000000
En el else......

----------------------------------------
x = 56.000000, y = 179.000000
avance = -423.000000, avanceR = 2.000000, avanceI = 2.000000
inc_x_r = 0.000000, inc_y_r = 1.000000, inc_x_i = 1.000000, inc_y_i = 1.000000
En el else......

----------------------------------------
x = 56.000000, y = 180.000000
avance = -421.000000, avanceR = 2.000000, avanceI = 2.000000
inc_x_r = 0.000000, inc_y_r = 1.000000, inc_x_i = 1.000000, inc_y_i = 1.000000
En el else......

----------------------------------------
x = 56.000000, y = 181.000000
avance = -419.000000, avanceR = 2.000000, avanceI = 2.000000
inc_x_r = 0.000000, inc_y_r = 1.000000, inc_x_i = 1.000000, inc_y_i = 1.000000
En el else......

----------------------------------------
x = 56.000000, y = 182.000000
avance = -417.000000, avanceR = 2.000000, avanceI = 2.000000
inc_x_r = 0.000000, inc_y_r = 1.000000, inc_x_i = 1.000000, inc_y_i = 1.000000
En el else......

----------------------------------------
x = 56.000000, y = 183.000000
avance = -415.000000, avanceR = 2.000000, avanceI = 2.000000
inc_x_r = 0.000000, inc_y_r = 1.000000, inc_x_i = 1.000000, inc_y_i = 1.000000
En el else......

----------------------------------------
x = 56.000000, y = 184.000000
avance = -413.000000, avanceR = 2.000000, avanceI = 2.000000
inc_x_r = 0.000000, inc_y_r = 1.000000, inc_x_i = 1.000000, inc_y_i = 1.000000
En el else......

----------------------------------------
x = 56.000000, y = 185.000000
avance = -411.000000, avanceR = 2.000000, avanceI = 2.000000
inc_x_r = 0.000000, inc_y_r = 1.000000, inc_x_i = 1.000000, inc_y_i = 1.000000
En el else......

----------------------------------------
x = 56.000000, y = 186.000000
avance = -409.000000, avanceR = 2.000000, avanceI = 2.000000
inc_x_r = 0.000000, inc_y_r = 1.000000, inc_x_i = 1.000000, inc_y_i = 1.000000
En el else......

----------------------------------------
x = 56.000000, y = 187.000000
avance = -407.000000, avanceR = 2.000000, avanceI = 2.000000
inc_x_r = 0.000000, inc_y_r = 1.000000, inc_x_i = 1.000000, inc_y_i = 1.000000
En el else......

----------------------------------------
x = 56.000000, y = 188.000000
avance = -405.000000, avanceR = 2.000000, avanceI = 2.000000
inc_x_r = 0.000000, inc_y_r = 1.000000, inc_x_i = 1.000000, inc_y_i = 1.000000
En el else......

----------------------------------------
x = 56.000000, y = 189.000000
avance = -403.000000, avanceR = 2.000000, avanceI = 2.000000
inc_x_r = 0.000000, inc_y_r = 1.000000, inc_x_i = 1.000000, inc_y_i = 1.000000
En el else......

----------------------------------------
x = 56.000000, y = 190.000000
avance = -401.000000, avanceR = 2.000000, avanceI = 2.000000
inc_x_r = 0.000000, inc_y_r = 1.000000, inc_x_i = 1.000000, inc_y_i = 1.000000
En el else......

----------------------------------------
x = 56.000000, y = 191.000000
avance = -399.000000, avanceR = 2.000000, avanceI = 2.000000
inc_x_r = 0.000000, inc_y_r = 1.000000, inc_x_i = 1.000000, inc_y_i = 1.000000
En el else......

----------------------------------------
x = 56.000000, y = 192.000000
avance = -397.000000, avanceR = 2.000000, avanceI = 2.000000
inc_x_r = 0.000000, inc_y_r = 1.000000, inc_x_i = 1.000000, inc_y_i = 1.000000
En el else......

----------------------------------------
x = 56.000000, y = 193.000000
avance = -395.000000, avanceR = 2.000000, avanceI = 2.000000
inc_x_r = 0.000000, inc_y_r = 1.000000, inc_x_i = 1.000000, inc_y_i = 1.000000
En el else......

----------------------------------------
x = 56.000000, y = 194.000000
avance = -393.000000, avanceR = 2.000000, avanceI = 2.000000
inc_x_r = 0.000000, inc_y_r = 1.000000, inc_x_i = 1.000000, inc_y_i = 1.000000
En el else......

----------------------------------------
x = 56.000000, y = 195.000000
avance = -391.000000, avanceR = 2.000000, avanceI = 2.000000
inc_x_r = 0.000000, inc_y_r = 1.000000, inc_x_i = 1.000000, inc_y_i = 1.000000
En el else......

----------------------------------------
x = 56.000000, y = 196.000000
avance = -389.000000, avanceR = 2.000000, avanceI = 2.000000
inc_x_r = 0.000000, inc_y_r = 1.000000, inc_x_i = 1.000000, inc_y_i = 1.000000
En el else......

----------------------------------------
x = 56.000000, y = 197.000000
avance = -387.000000, avanceR = 2.000000, avanceI = 2.000000
inc_x_r = 0.000000, inc_y_r = 1.000000, inc_x_i = 1.000000, inc_y_i = 1.000000
En el else......

----------------------------------------
x = 56.000000, y = 198.000000
avance = -385.000000, avanceR = 2.000000, avanceI = 2.000000
inc_x_r = 0.000000, inc_y_r = 1.000000, inc_x_i = 1.000000, inc_y_i = 1.000000
En el else......

----------------------------------------
x = 56.000000, y = 199.000000
avance = -383.000000, avanceR = 2.000000, avanceI = 2.000000
inc_x_r = 0.000000, inc_y_r = 1.000000, inc_x_i = 1.000000, inc_y_i = 1.000000
En el else......

----------------------------------------
x = 56.000000, y = 200.000000
avance = -381.000000, avanceR = 2.000000, avanceI = 2.000000
inc_x_r = 0.000000, inc_y_r = 1.000000, inc_x_i = 1.000000, inc_y_i = 1.000000
En el else......

----------------------------------------
x = 56.000000, y = 201.000000
avance = -379.000000, avanceR = 2.000000, avanceI = 2.000000
inc_x_r = 0.000000, inc_y_r = 1.000000, inc_x_i = 1.000000, inc_y_i = 1.000000
En el else......

----------------------------------------
x = 56.000000, y = 202.000000
avance = -377.000000, avanceR = 2.000000, avanceI = 2.000000
inc_x_r = 0.000000, inc_y_r = 1.000000, inc_x_i = 1.000000, inc_y_i = 1.000000
En el else......

----------------------------------------
x = 56.000000, y = 203.000000
avance = -375.000000, avanceR = 2.000000, avanceI = 2.000000
inc_x_r = 0.000000, inc_y_r = 1.000000, inc_x_i = 1.000000, inc_y_i = 1.000000
En el else......

----------------------------------------
x = 56.000000, y = 204.000000
avance = -373.000000, avanceR = 2.000000, avanceI = 2.000000
inc_x_r = 0.000000, inc_y_r = 1.000000, inc_x_i = 1.000000, inc_y_i = 1.000000
En el else......

----------------------------------------
x = 56.000000, y = 205.000000
avance = -371.000000, avanceR = 2.000000, avanceI = 2.000000
inc_x_r = 0.000000, inc_y_r = 1.000000, inc_x_i = 1.000000, inc_y_i = 1.000000
En el else......

----------------------------------------
x = 56.000000, y = 206.000000
avance = -369.000000, avanceR = 2.000000, avanceI = 2.000000
inc_x_r = 0.000000, inc_y_r = 1.000000, inc_x_i = 1.000000, inc_y_i = 1.000000
En el else......

----------------------------------------
x = 56.000000, y = 207.000000
avance = -367.000000, avanceR = 2.000000, avanceI = 2.000000
inc_x_r = 0.000000, inc_y_r = 1.000000, inc_x_i = 1.000000, inc_y_i = 1.000000
En el else......

----------------------------------------
x = 56.000000, y = 208.000000
avance = -365.000000, avanceR = 2.000000, avanceI = 2.000000
inc_x_r = 0.000000, inc_y_r = 1.000000, inc_x_i = 1.000000, inc_y_i = 1.000000
En el else......

----------------------------------------
x = 56.000000, y = 209.000000
avance = -363.000000, avanceR = 2.000000, avanceI = 2.000000
inc_x_r = 0.000000, inc_y_r = 1.000000, inc_x_i = 1.000000, inc_y_i = 1.000000
En el else......

----------------------------------------
x = 56.000000, y = 210.000000
avance = -361.000000, avanceR = 2.000000, avanceI = 2.000000
inc_x_r = 0.000000, inc_y_r = 1.000000, inc_x_i = 1.000000, inc_y_i = 1.000000
En el else......

----------------------------------------
x = 56.000000, y = 211.000000
avance = -359.000000, avanceR = 2.000000, avanceI = 2.000000
inc_x_r = 0.000000, inc_y_r = 1.000000, inc_x_i = 1.000000, inc_y_i = 1.000000
En el else......

----------------------------------------
x = 56.000000, y = 212.000000
avance = -357.000000, avanceR = 2.000000, avanceI = 2.000000
inc_x_r = 0.000000, inc_y_r = 1.000000, inc_x_i = 1.000000, inc_y_i = 1.000000
En el else......

----------------------------------------
x = 56.000000, y = 213.000000
avance = -355.000000, avanceR = 2.000000, avanceI = 2.000000
inc_x_r = 0.000000, inc_y_r = 1.000000, inc_x_i = 1.000000, inc_y_i = 1.000000
En el else......

----------------------------------------
x = 56.000000, y = 214.000000
avance = -353.000000, avanceR = 2.000000, avanceI = 2.000000
inc_x_r = 0.000000, inc_y_r = 1.000000, inc_x_i = 1.000000, inc_y_i = 1.000000
En el else......

----------------------------------------
x = 56.000000, y = 215.000000
avance = -351.000000, avanceR = 2.000000, avanceI = 2.000000
inc_x_r = 0.000000, inc_y_r = 1.000000, inc_x_i = 1.000000, inc_y_i = 1.000000
En el else......

----------------------------------------
x = 56.000000, y = 216.000000
avance = -349.000000, avanceR = 2.000000, avanceI = 2.000000
inc_x_r = 0.000000, inc_y_r = 1.000000, inc_x_i = 1.000000, inc_y_i = 1.000000
En el else......

----------------------------------------
x = 56.000000, y = 217.000000
avance = -347.000000, avanceR = 2.000000, avanceI = 2.000000
inc_x_r = 0.000000, inc_y_r = 1.000000, inc_x_i = 1.000000, inc_y_i = 1.000000
En el else......

----------------------------------------
x = 56.000000, y = 218.000000
avance = -345.000000, avanceR = 2.000000, avanceI = 2.000000
inc_x_r = 0.000000, inc_y_r = 1.000000, inc_x_i = 1.000000, inc_y_i = 1.000000
En el else......

----------------------------------------
x = 56.000000, y = 219.000000
avance = -343.000000, avanceR = 2.000000, avanceI = 2.000000
inc_x_r = 0.000000, inc_y_r = 1.000000, inc_x_i = 1.000000, inc_y_i = 1.000000
En el else......

----------------------------------------
x = 56.000000, y = 220.000000
avance = -341.000000, avanceR = 2.000000, avanceI = 2.000000
inc_x_r = 0.000000, inc_y_r = 1.000000, inc_x_i = 1.000000, inc_y_i = 1.000000
En el else......

----------------------------------------
x = 56.000000, y = 221.000000
avance = -339.000000, avanceR = 2.000000, avanceI = 2.000000
inc_x_r = 0.000000, inc_y_r = 1.000000, inc_x_i = 1.000000, inc_y_i = 1.000000
En el else......

----------------------------------------
x = 56.000000, y = 222.000000
avance = -337.000000, avanceR = 2.000000, avanceI = 2.000000
inc_x_r = 0.000000, inc_y_r = 1.000000, inc_x_i = 1.000000, inc_y_i = 1.000000
En el else......

----------------------------------------
x = 56.000000, y = 223.000000
avance = -335.000000, avanceR = 2.000000, avanceI = 2.000000
inc_x_r = 0.000000, inc_y_r = 1.000000, inc_x_i = 1.000000, inc_y_i = 1.000000
En el else......

----------------------------------------
x = 56.000000, y = 224.000000
avance = -333.000000, avanceR = 2.000000, avanceI = 2.000000
inc_x_r = 0.000000, inc_y_r = 1.000000, inc_x_i = 1.000000, inc_y_i = 1.000000
En el else......

----------------------------------------
x = 56.000000, y = 225.000000
avance = -331.000000, avanceR = 2.000000, avanceI = 2.000000
inc_x_r = 0.000000, inc_y_r = 1.000000, inc_x_i = 1.000000, inc_y_i = 1.000000
En el else......

----------------------------------------
x = 56.000000, y = 226.000000
avance = -329.000000, avanceR = 2.000000, avanceI = 2.000000
inc_x_r = 0.000000, inc_y_r = 1.000000, inc_x_i = 1.000000, inc_y_i = 1.000000
En el else......

----------------------------------------
x = 56.000000, y = 227.000000
avance = -327.000000, avanceR = 2.000000, avanceI = 2.000000
inc_x_r = 0.000000, inc_y_r = 1.000000, inc_x_i = 1.000000, inc_y_i = 1.000000
En el else......

----------------------------------------
x = 56.000000, y = 228.000000
avance = -325.000000, avanceR = 2.000000, avanceI = 2.000000
inc_x_r = 0.000000, inc_y_r = 1.000000, inc_x_i = 1.000000, inc_y_i = 1.000000
En el else......

----------------------------------------
x = 56.000000, y = 229.000000
avance = -323.000000, avanceR = 2.000000, avanceI = 2.000000
inc_x_r = 0.000000, inc_y_r = 1.000000, inc_x_i = 1.000000, inc_y_i = 1.000000
En el else......

----------------------------------------
x = 56.000000, y = 230.000000
avance = -321.000000, avanceR = 2.000000, avanceI = 2.000000
inc_x_r = 0.000000, inc_y_r = 1.000000, inc_x_i = 1.000000, inc_y_i = 1.000000
En el else......

----------------------------------------
x = 56.000000, y = 231.000000
avance = -319.000000, avanceR = 2.000000, avanceI = 2.000000
inc_x_r = 0.000000, inc_y_r = 1.000000, inc_x_i = 1.000000, inc_y_i = 1.000000
En el else......

----------------------------------------
x = 56.000000, y = 232.000000
avance = -317.000000, avanceR = 2.000000, avanceI = 2.000000
inc_x_r = 0.000000, inc_y_r = 1.000000, inc_x_i = 1.000000, inc_y_i = 1.000000
En el else......

----------------------------------------
x = 56.000000, y = 233.000000
avance = -315.000000, avanceR = 2.000000, avanceI = 2.000000
inc_x_r = 0.000000, inc_y_r = 1.000000, inc_x_i = 1.000000, inc_y_i = 1.000000
En el else......

----------------------------------------
x = 56.000000, y = 234.000000
avance = -313.000000, avanceR = 2.000000, avanceI = 2.000000
inc_x_r = 0.000000, inc_y_r = 1.000000, inc_x_i = 1.000000, inc_y_i = 1.000000
En el else......

----------------------------------------
x = 56.000000, y = 235.000000
avance = -311.000000, avanceR = 2.000000, avanceI = 2.000000
inc_x_r = 0.000000, inc_y_r = 1.000000, inc_x_i = 1.000000, inc_y_i = 1.000000
En el else......

----------------------------------------
x = 56.000000, y = 236.000000
avance = -309.000000, avanceR = 2.000000, avanceI = 2.000000
inc_x_r = 0.000000, inc_y_r = 1.000000, inc_x_i = 1.000000, inc_y_i = 1.000000
En el else......

----------------------------------------
x = 56.000000, y = 237.000000
avance = -307.000000, avanceR = 2.000000, avanceI = 2.000000
inc_x_r = 0.000000, inc_y_r = 1.000000, inc_x_i = 1.000000, inc_y_i = 1.000000
En el else......

----------------------------------------
x = 56.000000, y = 238.000000
avance = -305.000000, avanceR = 2.000000, avanceI = 2.000000
inc_x_r = 0.000000, inc_y_r = 1.000000, inc_x_i = 1.000000, inc_y_i = 1.000000
En el else......

----------------------------------------
x = 56.000000, y = 239.000000
avance = -303.000000, avanceR = 2.000000, avanceI = 2.000000
inc_x_r = 0.000000, inc_y_r = 1.000000, inc_x_i = 1.000000, inc_y_i = 1.000000
En el else......

----------------------------------------
x = 56.000000, y = 240.000000
avance = -301.000000, avanceR = 2.000000, avanceI = 2.000000
inc_x_r = 0.000000, inc_y_r = 1.000000, inc_x_i = 1.000000, inc_y_i = 1.000000
En el else......

----------------------------------------
x = 56.000000, y = 241.000000
avance = -299.000000, avanceR = 2.000000, avanceI = 2.000000
inc_x_r = 0.000000, inc_y_r = 1.000000, inc_x_i = 1.000000, inc_y_i = 1.000000
En el else......

----------------------------------------
x = 56.000000, y = 242.000000
avance = -297.000000, avanceR = 2.000000, avanceI = 2.000000
inc_x_r = 0.000000, inc_y_r = 1.000000, inc_x_i = 1.000000, inc_y_i = 1.000000
En el else......

----------------------------------------
x = 56.000000, y = 243.000000
avance = -295.000000, avanceR = 2.000000, avanceI = 2.000000
inc_x_r = 0.000000, inc_y_r = 1.000000, inc_x_i = 1.000000, inc_y_i = 1.000000
En el else......

----------------------------------------
x = 56.000000, y = 244.000000
avance = -293.000000, avanceR = 2.000000, avanceI = 2.000000
inc_x_r = 0.000000, inc_y_r = 1.000000, inc_x_i = 1.000000, inc_y_i = 1.000000
En el else......

----------------------------------------
x = 56.000000, y = 245.000000
avance = -291.000000, avanceR = 2.000000, avanceI = 2.000000
inc_x_r = 0.000000, inc_y_r = 1.000000, inc_x_i = 1.000000, inc_y_i = 1.000000
En el else......

----------------------------------------
x = 56.000000, y = 246.000000
avance = -289.000000, avanceR = 2.000000, avanceI = 2.000000
inc_x_r = 0.000000, inc_y_r = 1.000000, inc_x_i = 1.000000, inc_y_i = 1.000000
En el else......

----------------------------------------
x = 56.000000, y = 247.000000
avance = -287.000000, avanceR = 2.000000, avanceI = 2.000000
inc_x_r = 0.000000, inc_y_r = 1.000000, inc_x_i = 1.000000, inc_y_i = 1.000000
En el else......

----------------------------------------
x = 56.000000, y = 248.000000
avance = -285.000000, avanceR = 2.000000, avanceI = 2.000000
inc_x_r = 0.000000, inc_y_r = 1.000000, inc_x_i = 1.000000, inc_y_i = 1.000000
En el else......

----------------------------------------
x = 56.000000, y = 249.000000
avance = -283.000000, avanceR = 2.000000, avanceI = 2.000000
inc_x_r = 0.000000, inc_y_r = 1.000000, inc_x_i = 1.000000, inc_y_i = 1.000000
En el else......

----------------------------------------
x = 56.000000, y = 250.000000
avance = -281.000000, avanceR = 2.000000, avanceI = 2.000000
inc_x_r = 0.000000, inc_y_r = 1.000000, inc_x_i = 1.000000, inc_y_i = 1.000000
En el else......

----------------------------------------
x = 56.000000, y = 251.000000
avance = -279.000000, avanceR = 2.000000, avanceI = 2.000000
inc_x_r = 0.000000, inc_y_r = 1.000000, inc_x_i = 1.000000, inc_y_i = 1.000000
En el else......

----------------------------------------
x = 56.000000, y = 252.000000
avance = -277.000000, avanceR = 2.000000, avanceI = 2.000000
inc_x_r = 0.000000, inc_y_r = 1.000000, inc_x_i = 1.000000, inc_y_i = 1.000000
En el else......

----------------------------------------
x = 56.000000, y = 253.000000
avance = -275.000000, avanceR = 2.000000, avanceI = 2.000000
inc_x_r = 0.000000, inc_y_r = 1.000000, inc_x_i = 1.000000, inc_y_i = 1.000000
En el else......

----------------------------------------
x = 56.000000, y = 254.000000
avance = -273.000000, avanceR = 2.000000, avanceI = 2.000000
inc_x_r = 0.000000, inc_y_r = 1.000000, inc_x_i = 1.000000, inc_y_i = 1.000000
En el else......

----------------------------------------
x = 56.000000, y = 255.000000
avance = -271.000000, avanceR = 2.000000, avanceI = 2.000000
inc_x_r = 0.000000, inc_y_r = 1.000000, inc_x_i = 1.000000, inc_y_i = 1.000000
En el else......

----------------------------------------
x = 56.000000, y = 256.000000
avance = -269.000000, avanceR = 2.000000, avanceI = 2.000000
inc_x_r = 0.000000, inc_y_r = 1.000000, inc_x_i = 1.000000, inc_y_i = 1.000000
En el else......

----------------------------------------
x = 56.000000, y = 257.000000
avance = -267.000000, avanceR = 2.000000, avanceI = 2.000000
inc_x_r = 0.000000, inc_y_r = 1.000000, inc_x_i = 1.000000, inc_y_i = 1.000000
En el else......

----------------------------------------
x = 56.000000, y = 258.000000
avance = -265.000000, avanceR = 2.000000, avanceI = 2.000000
inc_x_r = 0.000000, inc_y_r = 1.000000, inc_x_i = 1.000000, inc_y_i = 1.000000
En el else......

----------------------------------------
x = 56.000000, y = 259.000000
avance = -263.000000, avanceR = 2.000000, avanceI = 2.000000
inc_x_r = 0.000000, inc_y_r = 1.000000, inc_x_i = 1.000000, inc_y_i = 1.000000
En el else......

----------------------------------------
x = 56.000000, y = 260.000000
avance = -261.000000, avanceR = 2.000000, avanceI = 2.000000
inc_x_r = 0.000000, inc_y_r = 1.000000, inc_x_i = 1.000000, inc_y_i = 1.000000
En el else......

----------------------------------------
x = 56.000000, y = 261.000000
avance = -259.000000, avanceR = 2.000000, avanceI = 2.000000
inc_x_r = 0.000000, inc_y_r = 1.000000, inc_x_i = 1.000000, inc_y_i = 1.000000
En el else......

----------------------------------------
x = 56.000000, y = 262.000000
avance = -257.000000, avanceR = 2.000000, avanceI = 2.000000
inc_x_r = 0.000000, inc_y_r = 1.000000, inc_x_i = 1.000000, inc_y_i = 1.000000
En el else......

----------------------------------------
x = 56.000000, y = 263.000000
avance = -255.000000, avanceR = 2.000000, avanceI = 2.000000
inc_x_r = 0.000000, inc_y_r = 1.000000, inc_x_i = 1.000000, inc_y_i = 1.000000
En el else......

----------------------------------------
x = 56.000000, y = 264.000000
avance = -253.000000, avanceR = 2.000000, avanceI = 2.000000
inc_x_r = 0.000000, inc_y_r = 1.000000, inc_x_i = 1.000000, inc_y_i = 1.000000
En el else......

----------------------------------------
x = 56.000000, y = 265.000000
avance = -251.000000, avanceR = 2.000000, avanceI = 2.000000
inc_x_r = 0.000000, inc_y_r = 1.000000, inc_x_i = 1.000000, inc_y_i = 1.000000
En el else......

----------------------------------------


ENTRAMOS A BRESENHAMªªªª
x1 = 55.000000 - y1 = 15.000000 || x2 = 56.000000 - y2 = 266.000000
dy = 251.000000, dx = 1.000000
avances inclinados: inc_x_i = 1.000000, inc_y_i = 1.000000
updated: dy = 251.000000, dx = 1.000000
avances rectos: inc_x_r = 0.000000, inc_y_r 1.000000
reupdated: dy = 1.000000, dx = 251.000000
avanceR = 2.000000, avance -249.000000, avanceI 2.000000
----------------------------------------
x = 55.000000, y = 15.000000
avance = -249.000000, avanceR = 2.000000, avanceI = 2.000000
inc_x_r = 0.000000, inc_y_r = 1.000000, inc_x_i = 1.000000, inc_y_i = 1.000000
En el else......

----------------------------------------
x = 55.000000, y = 16.000000
avance = -247.000000, avanceR = 2.000000, avanceI = 2.000000
inc_x_r = 0.000000, inc_y_r = 1.000000, inc_x_i = 1.000000, inc_y_i = 1.000000
En el else......

----------------------------------------
x = 55.000000, y = 17.000000
avance = -245.000000, avanceR = 2.000000, avanceI = 2.000000
inc_x_r = 0.000000, inc_y_r = 1.000000, inc_x_i = 1.000000, inc_y_i = 1.000000
En el else......

----------------------------------------
x = 55.000000, y = 18.000000
avance = -243.000000, avanceR = 2.000000, avanceI = 2.000000
inc_x_r = 0.000000, inc_y_r = 1.000000, inc_x_i = 1.000000, inc_y_i = 1.000000
En el else......

----------------------------------------
x = 55.000000, y = 19.000000
avance = -241.000000, avanceR = 2.000000, avanceI = 2.000000
inc_x_r = 0.000000, inc_y_r = 1.000000, inc_x_i = 1.000000, inc_y_i = 1.000000
En el else......

----------------------------------------
x = 55.000000, y = 20.000000
avance = -239.000000, avanceR = 2.000000, avanceI = 2.000000
inc_x_r = 0.000000, inc_y_r = 1.000000, inc_x_i = 1.000000, inc_y_i = 1.000000
En el else......

----------------------------------------
x = 55.000000, y = 21.000000
avance = -237.000000, avanceR = 2.000000, avanceI = 2.000000
inc_x_r = 0.000000, inc_y_r = 1.000000, inc_x_i = 1.000000, inc_y_i = 1.000000
En el else......

----------------------------------------
x = 55.000000, y = 22.000000
avance = -235.000000, avanceR = 2.000000, avanceI = 2.000000
inc_x_r = 0.000000, inc_y_r = 1.000000, inc_x_i = 1.000000, inc_y_i = 1.000000
En el else......

----------------------------------------
x = 55.000000, y = 23.000000
avance = -233.000000, avanceR = 2.000000, avanceI = 2.000000
inc_x_r = 0.000000, inc_y_r = 1.000000, inc_x_i = 1.000000, inc_y_i = 1.000000
En el else......

----------------------------------------
x = 55.000000, y = 24.000000
avance = -231.000000, avanceR = 2.000000, avanceI = 2.000000
inc_x_r = 0.000000, inc_y_r = 1.000000, inc_x_i = 1.000000, inc_y_i = 1.000000
En el else......

----------------------------------------
x = 55.000000, y = 25.000000
avance = -229.000000, avanceR = 2.000000, avanceI = 2.000000
inc_x_r = 0.000000, inc_y_r = 1.000000, inc_x_i = 1.000000, inc_y_i = 1.000000
En el else......

----------------------------------------
x = 55.000000, y = 26.000000
avance = -227.000000, avanceR = 2.000000, avanceI = 2.000000
inc_x_r = 0.000000, inc_y_r = 1.000000, inc_x_i = 1.000000, inc_y_i = 1.000000
En el else......

----------------------------------------
x = 55.000000, y = 27.000000
avance = -225.000000, avanceR = 2.000000, avanceI = 2.000000
inc_x_r = 0.000000, inc_y_r = 1.000000, inc_x_i = 1.000000, inc_y_i = 1.000000
En el else......

----------------------------------------
x = 55.000000, y = 28.000000
avance = -223.000000, avanceR = 2.000000, avanceI = 2.000000
inc_x_r = 0.000000, inc_y_r = 1.000000, inc_x_i = 1.000000, inc_y_i = 1.000000
En el else......

----------------------------------------
x = 55.000000, y = 29.000000
avance = -221.000000, avanceR = 2.000000, avanceI = 2.000000
inc_x_r = 0.000000, inc_y_r = 1.000000, inc_x_i = 1.000000, inc_y_i = 1.000000
En el else......

----------------------------------------
x = 55.000000, y = 30.000000
avance = -219.000000, avanceR = 2.000000, avanceI = 2.000000
inc_x_r = 0.000000, inc_y_r = 1.000000, inc_x_i = 1.000000, inc_y_i = 1.000000
En el else......

----------------------------------------
x = 55.000000, y = 31.000000
avance = -217.000000, avanceR = 2.000000, avanceI = 2.000000
inc_x_r = 0.000000, inc_y_r = 1.000000, inc_x_i = 1.000000, inc_y_i = 1.000000
En el else......

----------------------------------------
x = 55.000000, y = 32.000000
avance = -215.000000, avanceR = 2.000000, avanceI = 2.000000
inc_x_r = 0.000000, inc_y_r = 1.000000, inc_x_i = 1.000000, inc_y_i = 1.000000
En el else......

----------------------------------------
x = 55.000000, y = 33.000000
avance = -213.000000, avanceR = 2.000000, avanceI = 2.000000
inc_x_r = 0.000000, inc_y_r = 1.000000, inc_x_i = 1.000000, inc_y_i = 1.000000
En el else......

----------------------------------------
x = 55.000000, y = 34.000000
avance = -211.000000, avanceR = 2.000000, avanceI = 2.000000
inc_x_r = 0.000000, inc_y_r = 1.000000, inc_x_i = 1.000000, inc_y_i = 1.000000
En el else......

----------------------------------------
x = 55.000000, y = 35.000000
avance = -209.000000, avanceR = 2.000000, avanceI = 2.000000
inc_x_r = 0.000000, inc_y_r = 1.000000, inc_x_i = 1.000000, inc_y_i = 1.000000
En el else......

----------------------------------------
x = 55.000000, y = 36.000000
avance = -207.000000, avanceR = 2.000000, avanceI = 2.000000
inc_x_r = 0.000000, inc_y_r = 1.000000, inc_x_i = 1.000000, inc_y_i = 1.000000
En el else......

----------------------------------------
x = 55.000000, y = 37.000000
avance = -205.000000, avanceR = 2.000000, avanceI = 2.000000
inc_x_r = 0.000000, inc_y_r = 1.000000, inc_x_i = 1.000000, inc_y_i = 1.000000
En el else......

----------------------------------------
x = 55.000000, y = 38.000000
avance = -203.000000, avanceR = 2.000000, avanceI = 2.000000
inc_x_r = 0.000000, inc_y_r = 1.000000, inc_x_i = 1.000000, inc_y_i = 1.000000
En el else......

----------------------------------------
x = 55.000000, y = 39.000000
avance = -201.000000, avanceR = 2.000000, avanceI = 2.000000
inc_x_r = 0.000000, inc_y_r = 1.000000, inc_x_i = 1.000000, inc_y_i = 1.000000
En el else......

----------------------------------------
x = 55.000000, y = 40.000000
avance = -199.000000, avanceR = 2.000000, avanceI = 2.000000
inc_x_r = 0.000000, inc_y_r = 1.000000, inc_x_i = 1.000000, inc_y_i = 1.000000
En el else......

----------------------------------------
x = 55.000000, y = 41.000000
avance = -197.000000, avanceR = 2.000000, avanceI = 2.000000
inc_x_r = 0.000000, inc_y_r = 1.000000, inc_x_i = 1.000000, inc_y_i = 1.000000
En el else......

----------------------------------------
x = 55.000000, y = 42.000000
avance = -195.000000, avanceR = 2.000000, avanceI = 2.000000
inc_x_r = 0.000000, inc_y_r = 1.000000, inc_x_i = 1.000000, inc_y_i = 1.000000
En el else......

----------------------------------------
x = 55.000000, y = 43.000000
avance = -193.000000, avanceR = 2.000000, avanceI = 2.000000
inc_x_r = 0.000000, inc_y_r = 1.000000, inc_x_i = 1.000000, inc_y_i = 1.000000
En el else......

----------------------------------------
x = 55.000000, y = 44.000000
avance = -191.000000, avanceR = 2.000000, avanceI = 2.000000
inc_x_r = 0.000000, inc_y_r = 1.000000, inc_x_i = 1.000000, inc_y_i = 1.000000
En el else......

----------------------------------------
x = 55.000000, y = 45.000000
avance = -189.000000, avanceR = 2.000000, avanceI = 2.000000
inc_x_r = 0.000000, inc_y_r = 1.000000, inc_x_i = 1.000000, inc_y_i = 1.000000
En el else......

----------------------------------------
x = 55.000000, y = 46.000000
avance = -187.000000, avanceR = 2.000000, avanceI = 2.000000
inc_x_r = 0.000000, inc_y_r = 1.000000, inc_x_i = 1.000000, inc_y_i = 1.000000
En el else......

----------------------------------------
x = 55.000000, y = 47.000000
avance = -185.000000, avanceR = 2.000000, avanceI = 2.000000
inc_x_r = 0.000000, inc_y_r = 1.000000, inc_x_i = 1.000000, inc_y_i = 1.000000
En el else......

----------------------------------------
x = 55.000000, y = 48.000000
avance = -183.000000, avanceR = 2.000000, avanceI = 2.000000
inc_x_r = 0.000000, inc_y_r = 1.000000, inc_x_i = 1.000000, inc_y_i = 1.000000
En el else......

----------------------------------------
x = 55.000000, y = 49.000000
avance = -181.000000, avanceR = 2.000000, avanceI = 2.000000
inc_x_r = 0.000000, inc_y_r = 1.000000, inc_x_i = 1.000000, inc_y_i = 1.000000
En el else......

----------------------------------------
x = 55.000000, y = 50.000000
avance = -179.000000, avanceR = 2.000000, avanceI = 2.000000
inc_x_r = 0.000000, inc_y_r = 1.000000, inc_x_i = 1.000000, inc_y_i = 1.000000
En el else......

----------------------------------------
x = 55.000000, y = 51.000000
avance = -177.000000, avanceR = 2.000000, avanceI = 2.000000
inc_x_r = 0.000000, inc_y_r = 1.000000, inc_x_i = 1.000000, inc_y_i = 1.000000
En el else......

----------------------------------------
x = 55.000000, y = 52.000000
avance = -175.000000, avanceR = 2.000000, avanceI = 2.000000
inc_x_r = 0.000000, inc_y_r = 1.000000, inc_x_i = 1.000000, inc_y_i = 1.000000
En el else......

----------------------------------------
x = 55.000000, y = 53.000000
avance = -173.000000, avanceR = 2.000000, avanceI = 2.000000
inc_x_r = 0.000000, inc_y_r = 1.000000, inc_x_i = 1.000000, inc_y_i = 1.000000
En el else......

----------------------------------------
x = 55.000000, y = 54.000000
avance = -171.000000, avanceR = 2.000000, avanceI = 2.000000
inc_x_r = 0.000000, inc_y_r = 1.000000, inc_x_i = 1.000000, inc_y_i = 1.000000
En el else......

----------------------------------------
x = 55.000000, y = 55.000000
avance = -169.000000, avanceR = 2.000000, avanceI = 2.000000
inc_x_r = 0.000000, inc_y_r = 1.000000, inc_x_i = 1.000000, inc_y_i = 1.000000
En el else......

----------------------------------------
x = 55.000000, y = 56.000000
avance = -167.000000, avanceR = 2.000000, avanceI = 2.000000
inc_x_r = 0.000000, inc_y_r = 1.000000, inc_x_i = 1.000000, inc_y_i = 1.000000
En el else......

----------------------------------------
x = 55.000000, y = 57.000000
avance = -165.000000, avanceR = 2.000000, avanceI = 2.000000
inc_x_r = 0.000000, inc_y_r = 1.000000, inc_x_i = 1.000000, inc_y_i = 1.000000
En el else......

----------------------------------------
x = 55.000000, y = 58.000000
avance = -163.000000, avanceR = 2.000000, avanceI = 2.000000
inc_x_r = 0.000000, inc_y_r = 1.000000, inc_x_i = 1.000000, inc_y_i = 1.000000
En el else......

----------------------------------------
x = 55.000000, y = 59.000000
avance = -161.000000, avanceR = 2.000000, avanceI = 2.000000
inc_x_r = 0.000000, inc_y_r = 1.000000, inc_x_i = 1.000000, inc_y_i = 1.000000
En el else......

----------------------------------------
x = 55.000000, y = 60.000000
avance = -159.000000, avanceR = 2.000000, avanceI = 2.000000
inc_x_r = 0.000000, inc_y_r = 1.000000, inc_x_i = 1.000000, inc_y_i = 1.000000
En el else......

----------------------------------------
x = 55.000000, y = 61.000000
avance = -157.000000, avanceR = 2.000000, avanceI = 2.000000
inc_x_r = 0.000000, inc_y_r = 1.000000, inc_x_i = 1.000000, inc_y_i = 1.000000
En el else......

----------------------------------------
x = 55.000000, y = 62.000000
avance = -155.000000, avanceR = 2.000000, avanceI = 2.000000
inc_x_r = 0.000000, inc_y_r = 1.000000, inc_x_i = 1.000000, inc_y_i = 1.000000
En el else......

----------------------------------------
x = 55.000000, y = 63.000000
avance = -153.000000, avanceR = 2.000000, avanceI = 2.000000
inc_x_r = 0.000000, inc_y_r = 1.000000, inc_x_i = 1.000000, inc_y_i = 1.000000
En el else......

----------------------------------------
x = 55.000000, y = 64.000000
avance = -151.000000, avanceR = 2.000000, avanceI = 2.000000
inc_x_r = 0.000000, inc_y_r = 1.000000, inc_x_i = 1.000000, inc_y_i = 1.000000
En el else......

----------------------------------------
x = 55.000000, y = 65.000000
avance = -149.000000, avanceR = 2.000000, avanceI = 2.000000
inc_x_r = 0.000000, inc_y_r = 1.000000, inc_x_i = 1.000000, inc_y_i = 1.000000
En el else......

----------------------------------------
x = 55.000000, y = 66.000000
avance = -147.000000, avanceR = 2.000000, avanceI = 2.000000
inc_x_r = 0.000000, inc_y_r = 1.000000, inc_x_i = 1.000000, inc_y_i = 1.000000
En el else......

----------------------------------------
x = 55.000000, y = 67.000000
avance = -145.000000, avanceR = 2.000000, avanceI = 2.000000
inc_x_r = 0.000000, inc_y_r = 1.000000, inc_x_i = 1.000000, inc_y_i = 1.000000
En el else......

----------------------------------------
x = 55.000000, y = 68.000000
avance = -143.000000, avanceR = 2.000000, avanceI = 2.000000
inc_x_r = 0.000000, inc_y_r = 1.000000, inc_x_i = 1.000000, inc_y_i = 1.000000
En el else......

----------------------------------------
x = 55.000000, y = 69.000000
avance = -141.000000, avanceR = 2.000000, avanceI = 2.000000
inc_x_r = 0.000000, inc_y_r = 1.000000, inc_x_i = 1.000000, inc_y_i = 1.000000
En el else......

----------------------------------------
x = 55.000000, y = 70.000000
avance = -139.000000, avanceR = 2.000000, avanceI = 2.000000
inc_x_r = 0.000000, inc_y_r = 1.000000, inc_x_i = 1.000000, inc_y_i = 1.000000
En el else......

----------------------------------------
x = 55.000000, y = 71.000000
avance = -137.000000, avanceR = 2.000000, avanceI = 2.000000
inc_x_r = 0.000000, inc_y_r = 1.000000, inc_x_i = 1.000000, inc_y_i = 1.000000
En el else......

----------------------------------------
x = 55.000000, y = 72.000000
avance = -135.000000, avanceR = 2.000000, avanceI = 2.000000
inc_x_r = 0.000000, inc_y_r = 1.000000, inc_x_i = 1.000000, inc_y_i = 1.000000
En el else......

----------------------------------------
x = 55.000000, y = 73.000000
avance = -133.000000, avanceR = 2.000000, avanceI = 2.000000
inc_x_r = 0.000000, inc_y_r = 1.000000, inc_x_i = 1.000000, inc_y_i = 1.000000
En el else......

----------------------------------------
x = 55.000000, y = 74.000000
avance = -131.000000, avanceR = 2.000000, avanceI = 2.000000
inc_x_r = 0.000000, inc_y_r = 1.000000, inc_x_i = 1.000000, inc_y_i = 1.000000
En el else......

----------------------------------------
x = 55.000000, y = 75.000000
avance = -129.000000, avanceR = 2.000000, avanceI = 2.000000
inc_x_r = 0.000000, inc_y_r = 1.000000, inc_x_i = 1.000000, inc_y_i = 1.000000
En el else......

----------------------------------------
x = 55.000000, y = 76.000000
avance = -127.000000, avanceR = 2.000000, avanceI = 2.000000
inc_x_r = 0.000000, inc_y_r = 1.000000, inc_x_i = 1.000000, inc_y_i = 1.000000
En el else......

----------------------------------------
x = 55.000000, y = 77.000000
avance = -125.000000, avanceR = 2.000000, avanceI = 2.000000
inc_x_r = 0.000000, inc_y_r = 1.000000, inc_x_i = 1.000000, inc_y_i = 1.000000
En el else......

----------------------------------------
x = 55.000000, y = 78.000000
avance = -123.000000, avanceR = 2.000000, avanceI = 2.000000
inc_x_r = 0.000000, inc_y_r = 1.000000, inc_x_i = 1.000000, inc_y_i = 1.000000
En el else......

----------------------------------------
x = 55.000000, y = 79.000000
avance = -121.000000, avanceR = 2.000000, avanceI = 2.000000
inc_x_r = 0.000000, inc_y_r = 1.000000, inc_x_i = 1.000000, inc_y_i = 1.000000
En el else......

----------------------------------------
x = 55.000000, y = 80.000000
avance = -119.000000, avanceR = 2.000000, avanceI = 2.000000
inc_x_r = 0.000000, inc_y_r = 1.000000, inc_x_i = 1.000000, inc_y_i = 1.000000
En el else......

----------------------------------------
x = 55.000000, y = 81.000000
avance = -117.000000, avanceR = 2.000000, avanceI = 2.000000
inc_x_r = 0.000000, inc_y_r = 1.000000, inc_x_i = 1.000000, inc_y_i = 1.000000
En el else......

----------------------------------------
x = 55.000000, y = 82.000000
avance = -115.000000, avanceR = 2.000000, avanceI = 2.000000
inc_x_r = 0.000000, inc_y_r = 1.000000, inc_x_i = 1.000000, inc_y_i = 1.000000
En el else......

----------------------------------------
x = 55.000000, y = 83.000000
avance = -113.000000, avanceR = 2.000000, avanceI = 2.000000
inc_x_r = 0.000000, inc_y_r = 1.000000, inc_x_i = 1.000000, inc_y_i = 1.000000
En el else......

----------------------------------------
x = 55.000000, y = 84.000000
avance = -111.000000, avanceR = 2.000000, avanceI = 2.000000
inc_x_r = 0.000000, inc_y_r = 1.000000, inc_x_i = 1.000000, inc_y_i = 1.000000
En el else......

----------------------------------------
x = 55.000000, y = 85.000000
avance = -109.000000, avanceR = 2.000000, avanceI = 2.000000
inc_x_r = 0.000000, inc_y_r = 1.000000, inc_x_i = 1.000000, inc_y_i = 1.000000
En el else......

----------------------------------------
x = 55.000000, y = 86.000000
avance = -107.000000, avanceR = 2.000000, avanceI = 2.000000
inc_x_r = 0.000000, inc_y_r = 1.000000, inc_x_i = 1.000000, inc_y_i = 1.000000
En el else......

----------------------------------------
x = 55.000000, y = 87.000000
avance = -105.000000, avanceR = 2.000000, avanceI = 2.000000
inc_x_r = 0.000000, inc_y_r = 1.000000, inc_x_i = 1.000000, inc_y_i = 1.000000
En el else......

----------------------------------------
x = 55.000000, y = 88.000000
avance = -103.000000, avanceR = 2.000000, avanceI = 2.000000
inc_x_r = 0.000000, inc_y_r = 1.000000, inc_x_i = 1.000000, inc_y_i = 1.000000
En el else......

----------------------------------------
x = 55.000000, y = 89.000000
avance = -101.000000, avanceR = 2.000000, avanceI = 2.000000
inc_x_r = 0.000000, inc_y_r = 1.000000, inc_x_i = 1.000000, inc_y_i = 1.000000
En el else......

----------------------------------------
x = 55.000000, y = 90.000000
avance = -99.000000, avanceR = 2.000000, avanceI = 2.000000
inc_x_r = 0.000000, inc_y_r = 1.000000, inc_x_i = 1.000000, inc_y_i = 1.000000
En el else......

----------------------------------------
x = 55.000000, y = 91.000000
avance = -97.000000, avanceR = 2.000000, avanceI = 2.000000
inc_x_r = 0.000000, inc_y_r = 1.000000, inc_x_i = 1.000000, inc_y_i = 1.000000
En el else......

----------------------------------------
x = 55.000000, y = 92.000000
avance = -95.000000, avanceR = 2.000000, avanceI = 2.000000
inc_x_r = 0.000000, inc_y_r = 1.000000, inc_x_i = 1.000000, inc_y_i = 1.000000
En el else......

----------------------------------------
x = 55.000000, y = 93.000000
avance = -93.000000, avanceR = 2.000000, avanceI = 2.000000
inc_x_r = 0.000000, inc_y_r = 1.000000, inc_x_i = 1.000000, inc_y_i = 1.000000
En el else......

----------------------------------------
x = 55.000000, y = 94.000000
avance = -91.000000, avanceR = 2.000000, avanceI = 2.000000
inc_x_r = 0.000000, inc_y_r = 1.000000, inc_x_i = 1.000000, inc_y_i = 1.000000
En el else......

----------------------------------------
x = 55.000000, y = 95.000000
avance = -89.000000, avanceR = 2.000000, avanceI = 2.000000
inc_x_r = 0.000000, inc_y_r = 1.000000, inc_x_i = 1.000000, inc_y_i = 1.000000
En el else......

----------------------------------------
x = 55.000000, y = 96.000000
avance = -87.000000, avanceR = 2.000000, avanceI = 2.000000
inc_x_r = 0.000000, inc_y_r = 1.000000, inc_x_i = 1.000000, inc_y_i = 1.000000
En el else......

----------------------------------------
x = 55.000000, y = 97.000000
avance = -85.000000, avanceR = 2.000000, avanceI = 2.000000
inc_x_r = 0.000000, inc_y_r = 1.000000, inc_x_i = 1.000000, inc_y_i = 1.000000
En el else......

----------------------------------------
x = 55.000000, y = 98.000000
avance = -83.000000, avanceR = 2.000000, avanceI = 2.000000
inc_x_r = 0.000000, inc_y_r = 1.000000, inc_x_i = 1.000000, inc_y_i = 1.000000
En el else......

----------------------------------------
x = 55.000000, y = 99.000000
avance = -81.000000, avanceR = 2.000000, avanceI = 2.000000
inc_x_r = 0.000000, inc_y_r = 1.000000, inc_x_i = 1.000000, inc_y_i = 1.000000
En el else......

----------------------------------------
x = 55.000000, y = 100.000000
avance = -79.000000, avanceR = 2.000000, avanceI = 2.000000
inc_x_r = 0.000000, inc_y_r = 1.000000, inc_x_i = 1.000000, inc_y_i = 1.000000
En el else......

----------------------------------------
x = 55.000000, y = 101.000000
avance = -77.000000, avanceR = 2.000000, avanceI = 2.000000
inc_x_r = 0.000000, inc_y_r = 1.000000, inc_x_i = 1.000000, inc_y_i = 1.000000
En el else......

----------------------------------------
x = 55.000000, y = 102.000000
avance = -75.000000, avanceR = 2.000000, avanceI = 2.000000
inc_x_r = 0.000000, inc_y_r = 1.000000, inc_x_i = 1.000000, inc_y_i = 1.000000
En el else......

----------------------------------------
x = 55.000000, y = 103.000000
avance = -73.000000, avanceR = 2.000000, avanceI = 2.000000
inc_x_r = 0.000000, inc_y_r = 1.000000, inc_x_i = 1.000000, inc_y_i = 1.000000
En el else......

----------------------------------------
x = 55.000000, y = 104.000000
avance = -71.000000, avanceR = 2.000000, avanceI = 2.000000
inc_x_r = 0.000000, inc_y_r = 1.000000, inc_x_i = 1.000000, inc_y_i = 1.000000
En el else......

----------------------------------------
x = 55.000000, y = 105.000000
avance = -69.000000, avanceR = 2.000000, avanceI = 2.000000
inc_x_r = 0.000000, inc_y_r = 1.000000, inc_x_i = 1.000000, inc_y_i = 1.000000
En el else......

----------------------------------------
x = 55.000000, y = 106.000000
avance = -67.000000, avanceR = 2.000000, avanceI = 2.000000
inc_x_r = 0.000000, inc_y_r = 1.000000, inc_x_i = 1.000000, inc_y_i = 1.000000
En el else......

----------------------------------------
x = 55.000000, y = 107.000000
avance = -65.000000, avanceR = 2.000000, avanceI = 2.000000
inc_x_r = 0.000000, inc_y_r = 1.000000, inc_x_i = 1.000000, inc_y_i = 1.000000
En el else......

----------------------------------------
x = 55.000000, y = 108.000000
avance = -63.000000, avanceR = 2.000000, avanceI = 2.000000
inc_x_r = 0.000000, inc_y_r = 1.000000, inc_x_i = 1.000000, inc_y_i = 1.000000
En el else......

----------------------------------------
x = 55.000000, y = 109.000000
avance = -61.000000, avanceR = 2.000000, avanceI = 2.000000
inc_x_r = 0.000000, inc_y_r = 1.000000, inc_x_i = 1.000000, inc_y_i = 1.000000
En el else......

----------------------------------------
x = 55.000000, y = 110.000000
avance = -59.000000, avanceR = 2.000000, avanceI = 2.000000
inc_x_r = 0.000000, inc_y_r = 1.000000, inc_x_i = 1.000000, inc_y_i = 1.000000
En el else......

----------------------------------------
x = 55.000000, y = 111.000000
avance = -57.000000, avanceR = 2.000000, avanceI = 2.000000
inc_x_r = 0.000000, inc_y_r = 1.000000, inc_x_i = 1.000000, inc_y_i = 1.000000
En el else......

----------------------------------------
x = 55.000000, y = 112.000000
avance = -55.000000, avanceR = 2.000000, avanceI = 2.000000
inc_x_r = 0.000000, inc_y_r = 1.000000, inc_x_i = 1.000000, inc_y_i = 1.000000
En el else......

----------------------------------------
x = 55.000000, y = 113.000000
avance = -53.000000, avanceR = 2.000000, avanceI = 2.000000
inc_x_r = 0.000000, inc_y_r = 1.000000, inc_x_i = 1.000000, inc_y_i = 1.000000
En el else......

----------------------------------------
x = 55.000000, y = 114.000000
avance = -51.000000, avanceR = 2.000000, avanceI = 2.000000
inc_x_r = 0.000000, inc_y_r = 1.000000, inc_x_i = 1.000000, inc_y_i = 1.000000
En el else......

----------------------------------------
x = 55.000000, y = 115.000000
avance = -49.000000, avanceR = 2.000000, avanceI = 2.000000
inc_x_r = 0.000000, inc_y_r = 1.000000, inc_x_i = 1.000000, inc_y_i = 1.000000
En el else......

----------------------------------------
x = 55.000000, y = 116.000000
avance = -47.000000, avanceR = 2.000000, avanceI = 2.000000
inc_x_r = 0.000000, inc_y_r = 1.000000, inc_x_i = 1.000000, inc_y_i = 1.000000
En el else......

----------------------------------------
x = 55.000000, y = 117.000000
avance = -45.000000, avanceR = 2.000000, avanceI = 2.000000
inc_x_r = 0.000000, inc_y_r = 1.000000, inc_x_i = 1.000000, inc_y_i = 1.000000
En el else......

----------------------------------------
x = 55.000000, y = 118.000000
avance = -43.000000, avanceR = 2.000000, avanceI = 2.000000
inc_x_r = 0.000000, inc_y_r = 1.000000, inc_x_i = 1.000000, inc_y_i = 1.000000
En el else......

----------------------------------------
x = 55.000000, y = 119.000000
avance = -41.000000, avanceR = 2.000000, avanceI = 2.000000
inc_x_r = 0.000000, inc_y_r = 1.000000, inc_x_i = 1.000000, inc_y_i = 1.000000
En el else......

----------------------------------------
x = 55.000000, y = 120.000000
avance = -39.000000, avanceR = 2.000000, avanceI = 2.000000
inc_x_r = 0.000000, inc_y_r = 1.000000, inc_x_i = 1.000000, inc_y_i = 1.000000
En el else......

----------------------------------------
x = 55.000000, y = 121.000000
avance = -37.000000, avanceR = 2.000000, avanceI = 2.000000
inc_x_r = 0.000000, inc_y_r = 1.000000, inc_x_i = 1.000000, inc_y_i = 1.000000
En el else......

----------------------------------------
x = 55.000000, y = 122.000000
avance = -35.000000, avanceR = 2.000000, avanceI = 2.000000
inc_x_r = 0.000000, inc_y_r = 1.000000, inc_x_i = 1.000000, inc_y_i = 1.000000
En el else......

----------------------------------------
x = 55.000000, y = 123.000000
avance = -33.000000, avanceR = 2.000000, avanceI = 2.000000
inc_x_r = 0.000000, inc_y_r = 1.000000, inc_x_i = 1.000000, inc_y_i = 1.000000
En el else......

----------------------------------------
x = 55.000000, y = 124.000000
avance = -31.000000, avanceR = 2.000000, avanceI = 2.000000
inc_x_r = 0.000000, inc_y_r = 1.000000, inc_x_i = 1.000000, inc_y_i = 1.000000
En el else......

----------------------------------------
x = 55.000000, y = 125.000000
avance = -29.000000, avanceR = 2.000000, avanceI = 2.000000
inc_x_r = 0.000000, inc_y_r = 1.000000, inc_x_i = 1.000000, inc_y_i = 1.000000
En el else......

----------------------------------------
x = 55.000000, y = 126.000000
avance = -27.000000, avanceR = 2.000000, avanceI = 2.000000
inc_x_r = 0.000000, inc_y_r = 1.000000, inc_x_i = 1.000000, inc_y_i = 1.000000
En el else......

----------------------------------------
x = 55.000000, y = 127.000000
avance = -25.000000, avanceR = 2.000000, avanceI = 2.000000
inc_x_r = 0.000000, inc_y_r = 1.000000, inc_x_i = 1.000000, inc_y_i = 1.000000
En el else......

----------------------------------------
x = 55.000000, y = 128.000000
avance = -23.000000, avanceR = 2.000000, avanceI = 2.000000
inc_x_r = 0.000000, inc_y_r = 1.000000, inc_x_i = 1.000000, inc_y_i = 1.000000
En el else......

----------------------------------------
x = 55.000000, y = 129.000000
avance = -21.000000, avanceR = 2.000000, avanceI = 2.000000
inc_x_r = 0.000000, inc_y_r = 1.000000, inc_x_i = 1.000000, inc_y_i = 1.000000
En el else......

----------------------------------------
x = 55.000000, y = 130.000000
avance = -19.000000, avanceR = 2.000000, avanceI = 2.000000
inc_x_r = 0.000000, inc_y_r = 1.000000, inc_x_i = 1.000000, inc_y_i = 1.000000
En el else......

----------------------------------------
x = 55.000000, y = 131.000000
avance = -17.000000, avanceR = 2.000000, avanceI = 2.000000
inc_x_r = 0.000000, inc_y_r = 1.000000, inc_x_i = 1.000000, inc_y_i = 1.000000
En el else......

----------------------------------------
x = 55.000000, y = 132.000000
avance = -15.000000, avanceR = 2.000000, avanceI = 2.000000
inc_x_r = 0.000000, inc_y_r = 1.000000, inc_x_i = 1.000000, inc_y_i = 1.000000
En el else......

----------------------------------------
x = 55.000000, y = 133.000000
avance = -13.000000, avanceR = 2.000000, avanceI = 2.000000
inc_x_r = 0.000000, inc_y_r = 1.000000, inc_x_i = 1.000000, inc_y_i = 1.000000
En el else......

----------------------------------------
x = 55.000000, y = 134.000000
avance = -11.000000, avanceR = 2.000000, avanceI = 2.000000
inc_x_r = 0.000000, inc_y_r = 1.000000, inc_x_i = 1.000000, inc_y_i = 1.000000
En el else......

----------------------------------------
x = 55.000000, y = 135.000000
avance = -9.000000, avanceR = 2.000000, avanceI = 2.000000
inc_x_r = 0.000000, inc_y_r = 1.000000, inc_x_i = 1.000000, inc_y_i = 1.000000
En el else......

----------------------------------------
x = 55.000000, y = 136.000000
avance = -7.000000, avanceR = 2.000000, avanceI = 2.000000
inc_x_r = 0.000000, inc_y_r = 1.000000, inc_x_i = 1.000000, inc_y_i = 1.000000
En el else......

----------------------------------------
x = 55.000000, y = 137.000000
avance = -5.000000, avanceR = 2.000000, avanceI = 2.000000
inc_x_r = 0.000000, inc_y_r = 1.000000, inc_x_i = 1.000000, inc_y_i = 1.000000
En el else......

----------------------------------------
x = 55.000000, y = 138.000000
avance = -3.000000, avanceR = 2.000000, avanceI = 2.000000
inc_x_r = 0.000000, inc_y_r = 1.000000, inc_x_i = 1.000000, inc_y_i = 1.000000
En el else......

----------------------------------------
x = 55.000000, y = 139.000000
avance = -1.000000, avanceR = 2.000000, avanceI = 2.000000
inc_x_r = 0.000000, inc_y_r = 1.000000, inc_x_i = 1.000000, inc_y_i = 1.000000
En el else......

----------------------------------------
x = 55.000000, y = 140.000000
avance = 1.000000, avanceR = 2.000000, avanceI = 2.000000
inc_x_r = 0.000000, inc_y_r = 1.000000, inc_x_i = 1.000000, inc_y_i = 1.000000
avance >= 0

----------------------------------------
x = 56.000000, y = 141.000000
avance = -499.000000, avanceR = 2.000000, avanceI = 2.000000
inc_x_r = 0.000000, inc_y_r = 1.000000, inc_x_i = 1.000000, inc_y_i = 1.000000
En el else......

----------------------------------------
x = 56.000000, y = 142.000000
avance = -497.000000, avanceR = 2.000000, avanceI = 2.000000
inc_x_r = 0.000000, inc_y_r = 1.000000, inc_x_i = 1.000000, inc_y_i = 1.000000
En el else......

----------------------------------------
x = 56.000000, y = 143.000000
avance = -495.000000, avanceR = 2.000000, avanceI = 2.000000
inc_x_r = 0.000000, inc_y_r = 1.000000, inc_x_i = 1.000000, inc_y_i = 1.000000
En el else......

----------------------------------------
x = 56.000000, y = 144.000000
avance = -493.000000, avanceR = 2.000000, avanceI = 2.000000
inc_x_r = 0.000000, inc_y_r = 1.000000, inc_x_i = 1.000000, inc_y_i = 1.000000
En el else......

----------------------------------------
x = 56.000000, y = 145.000000
avance = -491.000000, avanceR = 2.000000, avanceI = 2.000000
inc_x_r = 0.000000, inc_y_r = 1.000000, inc_x_i = 1.000000, inc_y_i = 1.000000
En el else......

----------------------------------------
x = 56.000000, y = 146.000000
avance = -489.000000, avanceR = 2.000000, avanceI = 2.000000
inc_x_r = 0.000000, inc_y_r = 1.000000, inc_x_i = 1.000000, inc_y_i = 1.000000
En el else......

----------------------------------------
x = 56.000000, y = 147.000000
avance = -487.000000, avanceR = 2.000000, avanceI = 2.000000
inc_x_r = 0.000000, inc_y_r = 1.000000, inc_x_i = 1.000000, inc_y_i = 1.000000
En el else......

----------------------------------------
x = 56.000000, y = 148.000000
avance = -485.000000, avanceR = 2.000000, avanceI = 2.000000
inc_x_r = 0.000000, inc_y_r = 1.000000, inc_x_i = 1.000000, inc_y_i = 1.000000
En el else......

----------------------------------------
x = 56.000000, y = 149.000000
avance = -483.000000, avanceR = 2.000000, avanceI = 2.000000
inc_x_r = 0.000000, inc_y_r = 1.000000, inc_x_i = 1.000000, inc_y_i = 1.000000
En el else......

----------------------------------------
x = 56.000000, y = 150.000000
avance = -481.000000, avanceR = 2.000000, avanceI = 2.000000
inc_x_r = 0.000000, inc_y_r = 1.000000, inc_x_i = 1.000000, inc_y_i = 1.000000
En el else......

----------------------------------------
x = 56.000000, y = 151.000000
avance = -479.000000, avanceR = 2.000000, avanceI = 2.000000
inc_x_r = 0.000000, inc_y_r = 1.000000, inc_x_i = 1.000000, inc_y_i = 1.000000
En el else......

----------------------------------------
x = 56.000000, y = 152.000000
avance = -477.000000, avanceR = 2.000000, avanceI = 2.000000
inc_x_r = 0.000000, inc_y_r = 1.000000, inc_x_i = 1.000000, inc_y_i = 1.000000
En el else......

----------------------------------------
x = 56.000000, y = 153.000000
avance = -475.000000, avanceR = 2.000000, avanceI = 2.000000
inc_x_r = 0.000000, inc_y_r = 1.000000, inc_x_i = 1.000000, inc_y_i = 1.000000
En el else......

----------------------------------------
x = 56.000000, y = 154.000000
avance = -473.000000, avanceR = 2.000000, avanceI = 2.000000
inc_x_r = 0.000000, inc_y_r = 1.000000, inc_x_i = 1.000000, inc_y_i = 1.000000
En el else......

----------------------------------------
x = 56.000000, y = 155.000000
avance = -471.000000, avanceR = 2.000000, avanceI = 2.000000
inc_x_r = 0.000000, inc_y_r = 1.000000, inc_x_i = 1.000000, inc_y_i = 1.000000
En el else......

----------------------------------------
x = 56.000000, y = 156.000000
avance = -469.000000, avanceR = 2.000000, avanceI = 2.000000
inc_x_r = 0.000000, inc_y_r = 1.000000, inc_x_i = 1.000000, inc_y_i = 1.000000
En el else......

----------------------------------------
x = 56.000000, y = 157.000000
avance = -467.000000, avanceR = 2.000000, avanceI = 2.000000
inc_x_r = 0.000000, inc_y_r = 1.000000, inc_x_i = 1.000000, inc_y_i = 1.000000
En el else......

----------------------------------------
x = 56.000000, y = 158.000000
avance = -465.000000, avanceR = 2.000000, avanceI = 2.000000
inc_x_r = 0.000000, inc_y_r = 1.000000, inc_x_i = 1.000000, inc_y_i = 1.000000
En el else......

----------------------------------------
x = 56.000000, y = 159.000000
avance = -463.000000, avanceR = 2.000000, avanceI = 2.000000
inc_x_r = 0.000000, inc_y_r = 1.000000, inc_x_i = 1.000000, inc_y_i = 1.000000
En el else......

----------------------------------------
x = 56.000000, y = 160.000000
avance = -461.000000, avanceR = 2.000000, avanceI = 2.000000
inc_x_r = 0.000000, inc_y_r = 1.000000, inc_x_i = 1.000000, inc_y_i = 1.000000
En el else......

----------------------------------------
x = 56.000000, y = 161.000000
avance = -459.000000, avanceR = 2.000000, avanceI = 2.000000
inc_x_r = 0.000000, inc_y_r = 1.000000, inc_x_i = 1.000000, inc_y_i = 1.000000
En el else......

----------------------------------------
x = 56.000000, y = 162.000000
avance = -457.000000, avanceR = 2.000000, avanceI = 2.000000
inc_x_r = 0.000000, inc_y_r = 1.000000, inc_x_i = 1.000000, inc_y_i = 1.000000
En el else......

----------------------------------------
x = 56.000000, y = 163.000000
avance = -455.000000, avanceR = 2.000000, avanceI = 2.000000
inc_x_r = 0.000000, inc_y_r = 1.000000, inc_x_i = 1.000000, inc_y_i = 1.000000
En el else......

----------------------------------------
x = 56.000000, y = 164.000000
avance = -453.000000, avanceR = 2.000000, avanceI = 2.000000
inc_x_r = 0.000000, inc_y_r = 1.000000, inc_x_i = 1.000000, inc_y_i = 1.000000
En el else......

----------------------------------------
x = 56.000000, y = 165.000000
avance = -451.000000, avanceR = 2.000000, avanceI = 2.000000
inc_x_r = 0.000000, inc_y_r = 1.000000, inc_x_i = 1.000000, inc_y_i = 1.000000
En el else......

----------------------------------------
x = 56.000000, y = 166.000000
avance = -449.000000, avanceR = 2.000000, avanceI = 2.000000
inc_x_r = 0.000000, inc_y_r = 1.000000, inc_x_i = 1.000000, inc_y_i = 1.000000
En el else......

----------------------------------------
x = 56.000000, y = 167.000000
avance = -447.000000, avanceR = 2.000000, avanceI = 2.000000
inc_x_r = 0.000000, inc_y_r = 1.000000, inc_x_i = 1.000000, inc_y_i = 1.000000
En el else......

----------------------------------------
x = 56.000000, y = 168.000000
avance = -445.000000, avanceR = 2.000000, avanceI = 2.000000
inc_x_r = 0.000000, inc_y_r = 1.000000, inc_x_i = 1.000000, inc_y_i = 1.000000
En el else......

----------------------------------------
x = 56.000000, y = 169.000000
avance = -443.000000, avanceR = 2.000000, avanceI = 2.000000
inc_x_r = 0.000000, inc_y_r = 1.000000, inc_x_i = 1.000000, inc_y_i = 1.000000
En el else......

----------------------------------------
x = 56.000000, y = 170.000000
avance = -441.000000, avanceR = 2.000000, avanceI = 2.000000
inc_x_r = 0.000000, inc_y_r = 1.000000, inc_x_i = 1.000000, inc_y_i = 1.000000
En el else......

----------------------------------------
x = 56.000000, y = 171.000000
avance = -439.000000, avanceR = 2.000000, avanceI = 2.000000
inc_x_r = 0.000000, inc_y_r = 1.000000, inc_x_i = 1.000000, inc_y_i = 1.000000
En el else......

----------------------------------------
x = 56.000000, y = 172.000000
avance = -437.000000, avanceR = 2.000000, avanceI = 2.000000
inc_x_r = 0.000000, inc_y_r = 1.000000, inc_x_i = 1.000000, inc_y_i = 1.000000
En el else......

----------------------------------------
x = 56.000000, y = 173.000000
avance = -435.000000, avanceR = 2.000000, avanceI = 2.000000
inc_x_r = 0.000000, inc_y_r = 1.000000, inc_x_i = 1.000000, inc_y_i = 1.000000
En el else......

----------------------------------------
x = 56.000000, y = 174.000000
avance = -433.000000, avanceR = 2.000000, avanceI = 2.000000
inc_x_r = 0.000000, inc_y_r = 1.000000, inc_x_i = 1.000000, inc_y_i = 1.000000
En el else......

----------------------------------------
x = 56.000000, y = 175.000000
avance = -431.000000, avanceR = 2.000000, avanceI = 2.000000
inc_x_r = 0.000000, inc_y_r = 1.000000, inc_x_i = 1.000000, inc_y_i = 1.000000
En el else......

----------------------------------------
x = 56.000000, y = 176.000000
avance = -429.000000, avanceR = 2.000000, avanceI = 2.000000
inc_x_r = 0.000000, inc_y_r = 1.000000, inc_x_i = 1.000000, inc_y_i = 1.000000
En el else......

----------------------------------------
x = 56.000000, y = 177.000000
avance = -427.000000, avanceR = 2.000000, avanceI = 2.000000
inc_x_r = 0.000000, inc_y_r = 1.000000, inc_x_i = 1.000000, inc_y_i = 1.000000
En el else......

----------------------------------------
x = 56.000000, y = 178.000000
avance = -425.000000, avanceR = 2.000000, avanceI = 2.000000
inc_x_r = 0.000000, inc_y_r = 1.000000, inc_x_i = 1.000000, inc_y_i = 1.000000
En el else......

----------------------------------------
x = 56.000000, y = 179.000000
avance = -423.000000, avanceR = 2.000000, avanceI = 2.000000
inc_x_r = 0.000000, inc_y_r = 1.000000, inc_x_i = 1.000000, inc_y_i = 1.000000
En el else......

----------------------------------------
x = 56.000000, y = 180.000000
avance = -421.000000, avanceR = 2.000000, avanceI = 2.000000
inc_x_r = 0.000000, inc_y_r = 1.000000, inc_x_i = 1.000000, inc_y_i = 1.000000
En el else......

----------------------------------------
x = 56.000000, y = 181.000000
avance = -419.000000, avanceR = 2.000000, avanceI = 2.000000
inc_x_r = 0.000000, inc_y_r = 1.000000, inc_x_i = 1.000000, inc_y_i = 1.000000
En el else......

----------------------------------------
x = 56.000000, y = 182.000000
avance = -417.000000, avanceR = 2.000000, avanceI = 2.000000
inc_x_r = 0.000000, inc_y_r = 1.000000, inc_x_i = 1.000000, inc_y_i = 1.000000
En el else......

----------------------------------------
x = 56.000000, y = 183.000000
avance = -415.000000, avanceR = 2.000000, avanceI = 2.000000
inc_x_r = 0.000000, inc_y_r = 1.000000, inc_x_i = 1.000000, inc_y_i = 1.000000
En el else......

----------------------------------------
x = 56.000000, y = 184.000000
avance = -413.000000, avanceR = 2.000000, avanceI = 2.000000
inc_x_r = 0.000000, inc_y_r = 1.000000, inc_x_i = 1.000000, inc_y_i = 1.000000
En el else......

----------------------------------------
x = 56.000000, y = 185.000000
avance = -411.000000, avanceR = 2.000000, avanceI = 2.000000
inc_x_r = 0.000000, inc_y_r = 1.000000, inc_x_i = 1.000000, inc_y_i = 1.000000
En el else......

----------------------------------------
x = 56.000000, y = 186.000000
avance = -409.000000, avanceR = 2.000000, avanceI = 2.000000
inc_x_r = 0.000000, inc_y_r = 1.000000, inc_x_i = 1.000000, inc_y_i = 1.000000
En el else......

----------------------------------------
x = 56.000000, y = 187.000000
avance = -407.000000, avanceR = 2.000000, avanceI = 2.000000
inc_x_r = 0.000000, inc_y_r = 1.000000, inc_x_i = 1.000000, inc_y_i = 1.000000
En el else......

----------------------------------------
x = 56.000000, y = 188.000000
avance = -405.000000, avanceR = 2.000000, avanceI = 2.000000
inc_x_r = 0.000000, inc_y_r = 1.000000, inc_x_i = 1.000000, inc_y_i = 1.000000
En el else......

----------------------------------------
x = 56.000000, y = 189.000000
avance = -403.000000, avanceR = 2.000000, avanceI = 2.000000
inc_x_r = 0.000000, inc_y_r = 1.000000, inc_x_i = 1.000000, inc_y_i = 1.000000
En el else......

----------------------------------------
x = 56.000000, y = 190.000000
avance = -401.000000, avanceR = 2.000000, avanceI = 2.000000
inc_x_r = 0.000000, inc_y_r = 1.000000, inc_x_i = 1.000000, inc_y_i = 1.000000
En el else......

----------------------------------------
x = 56.000000, y = 191.000000
avance = -399.000000, avanceR = 2.000000, avanceI = 2.000000
inc_x_r = 0.000000, inc_y_r = 1.000000, inc_x_i = 1.000000, inc_y_i = 1.000000
En el else......

----------------------------------------
x = 56.000000, y = 192.000000
avance = -397.000000, avanceR = 2.000000, avanceI = 2.000000
inc_x_r = 0.000000, inc_y_r = 1.000000, inc_x_i = 1.000000, inc_y_i = 1.000000
En el else......

----------------------------------------
x = 56.000000, y = 193.000000
avance = -395.000000, avanceR = 2.000000, avanceI = 2.000000
inc_x_r = 0.000000, inc_y_r = 1.000000, inc_x_i = 1.000000, inc_y_i = 1.000000
En el else......

----------------------------------------
x = 56.000000, y = 194.000000
avance = -393.000000, avanceR = 2.000000, avanceI = 2.000000
inc_x_r = 0.000000, inc_y_r = 1.000000, inc_x_i = 1.000000, inc_y_i = 1.000000
En el else......

----------------------------------------
x = 56.000000, y = 195.000000
avance = -391.000000, avanceR = 2.000000, avanceI = 2.000000
inc_x_r = 0.000000, inc_y_r = 1.000000, inc_x_i = 1.000000, inc_y_i = 1.000000
En el else......

----------------------------------------
x = 56.000000, y = 196.000000
avance = -389.000000, avanceR = 2.000000, avanceI = 2.000000
inc_x_r = 0.000000, inc_y_r = 1.000000, inc_x_i = 1.000000, inc_y_i = 1.000000
En el else......

----------------------------------------
x = 56.000000, y = 197.000000
avance = -387.000000, avanceR = 2.000000, avanceI = 2.000000
inc_x_r = 0.000000, inc_y_r = 1.000000, inc_x_i = 1.000000, inc_y_i = 1.000000
En el else......

----------------------------------------
x = 56.000000, y = 198.000000
avance = -385.000000, avanceR = 2.000000, avanceI = 2.000000
inc_x_r = 0.000000, inc_y_r = 1.000000, inc_x_i = 1.000000, inc_y_i = 1.000000
En el else......

----------------------------------------
x = 56.000000, y = 199.000000
avance = -383.000000, avanceR = 2.000000, avanceI = 2.000000
inc_x_r = 0.000000, inc_y_r = 1.000000, inc_x_i = 1.000000, inc_y_i = 1.000000
En el else......

----------------------------------------
x = 56.000000, y = 200.000000
avance = -381.000000, avanceR = 2.000000, avanceI = 2.000000
inc_x_r = 0.000000, inc_y_r = 1.000000, inc_x_i = 1.000000, inc_y_i = 1.000000
En el else......

----------------------------------------
x = 56.000000, y = 201.000000
avance = -379.000000, avanceR = 2.000000, avanceI = 2.000000
inc_x_r = 0.000000, inc_y_r = 1.000000, inc_x_i = 1.000000, inc_y_i = 1.000000
En el else......

----------------------------------------
x = 56.000000, y = 202.000000
avance = -377.000000, avanceR = 2.000000, avanceI = 2.000000
inc_x_r = 0.000000, inc_y_r = 1.000000, inc_x_i = 1.000000, inc_y_i = 1.000000
En el else......

----------------------------------------
x = 56.000000, y = 203.000000
avance = -375.000000, avanceR = 2.000000, avanceI = 2.000000
inc_x_r = 0.000000, inc_y_r = 1.000000, inc_x_i = 1.000000, inc_y_i = 1.000000
En el else......

----------------------------------------
x = 56.000000, y = 204.000000
avance = -373.000000, avanceR = 2.000000, avanceI = 2.000000
inc_x_r = 0.000000, inc_y_r = 1.000000, inc_x_i = 1.000000, inc_y_i = 1.000000
En el else......

----------------------------------------
x = 56.000000, y = 205.000000
avance = -371.000000, avanceR = 2.000000, avanceI = 2.000000
inc_x_r = 0.000000, inc_y_r = 1.000000, inc_x_i = 1.000000, inc_y_i = 1.000000
En el else......

----------------------------------------
x = 56.000000, y = 206.000000
avance = -369.000000, avanceR = 2.000000, avanceI = 2.000000
inc_x_r = 0.000000, inc_y_r = 1.000000, inc_x_i = 1.000000, inc_y_i = 1.000000
En el else......

----------------------------------------
x = 56.000000, y = 207.000000
avance = -367.000000, avanceR = 2.000000, avanceI = 2.000000
inc_x_r = 0.000000, inc_y_r = 1.000000, inc_x_i = 1.000000, inc_y_i = 1.000000
En el else......

----------------------------------------
x = 56.000000, y = 208.000000
avance = -365.000000, avanceR = 2.000000, avanceI = 2.000000
inc_x_r = 0.000000, inc_y_r = 1.000000, inc_x_i = 1.000000, inc_y_i = 1.000000
En el else......

----------------------------------------
x = 56.000000, y = 209.000000
avance = -363.000000, avanceR = 2.000000, avanceI = 2.000000
inc_x_r = 0.000000, inc_y_r = 1.000000, inc_x_i = 1.000000, inc_y_i = 1.000000
En el else......

----------------------------------------
x = 56.000000, y = 210.000000
avance = -361.000000, avanceR = 2.000000, avanceI = 2.000000
inc_x_r = 0.000000, inc_y_r = 1.000000, inc_x_i = 1.000000, inc_y_i = 1.000000
En el else......

----------------------------------------
x = 56.000000, y = 211.000000
avance = -359.000000, avanceR = 2.000000, avanceI = 2.000000
inc_x_r = 0.000000, inc_y_r = 1.000000, inc_x_i = 1.000000, inc_y_i = 1.000000
En el else......

----------------------------------------
x = 56.000000, y = 212.000000
avance = -357.000000, avanceR = 2.000000, avanceI = 2.000000
inc_x_r = 0.000000, inc_y_r = 1.000000, inc_x_i = 1.000000, inc_y_i = 1.000000
En el else......

----------------------------------------
x = 56.000000, y = 213.000000
avance = -355.000000, avanceR = 2.000000, avanceI = 2.000000
inc_x_r = 0.000000, inc_y_r = 1.000000, inc_x_i = 1.000000, inc_y_i = 1.000000
En el else......

----------------------------------------
x = 56.000000, y = 214.000000
avance = -353.000000, avanceR = 2.000000, avanceI = 2.000000
inc_x_r = 0.000000, inc_y_r = 1.000000, inc_x_i = 1.000000, inc_y_i = 1.000000
En el else......

----------------------------------------
x = 56.000000, y = 215.000000
avance = -351.000000, avanceR = 2.000000, avanceI = 2.000000
inc_x_r = 0.000000, inc_y_r = 1.000000, inc_x_i = 1.000000, inc_y_i = 1.000000
En el else......

----------------------------------------
x = 56.000000, y = 216.000000
avance = -349.000000, avanceR = 2.000000, avanceI = 2.000000
inc_x_r = 0.000000, inc_y_r = 1.000000, inc_x_i = 1.000000, inc_y_i = 1.000000
En el else......

----------------------------------------
x = 56.000000, y = 217.000000
avance = -347.000000, avanceR = 2.000000, avanceI = 2.000000
inc_x_r = 0.000000, inc_y_r = 1.000000, inc_x_i = 1.000000, inc_y_i = 1.000000
En el else......

----------------------------------------
x = 56.000000, y = 218.000000
avance = -345.000000, avanceR = 2.000000, avanceI = 2.000000
inc_x_r = 0.000000, inc_y_r = 1.000000, inc_x_i = 1.000000, inc_y_i = 1.000000
En el else......

----------------------------------------
x = 56.000000, y = 219.000000
avance = -343.000000, avanceR = 2.000000, avanceI = 2.000000
inc_x_r = 0.000000, inc_y_r = 1.000000, inc_x_i = 1.000000, inc_y_i = 1.000000
En el else......

----------------------------------------
x = 56.000000, y = 220.000000
avance = -341.000000, avanceR = 2.000000, avanceI = 2.000000
inc_x_r = 0.000000, inc_y_r = 1.000000, inc_x_i = 1.000000, inc_y_i = 1.000000
En el else......

----------------------------------------
x = 56.000000, y = 221.000000
avance = -339.000000, avanceR = 2.000000, avanceI = 2.000000
inc_x_r = 0.000000, inc_y_r = 1.000000, inc_x_i = 1.000000, inc_y_i = 1.000000
En el else......

----------------------------------------
x = 56.000000, y = 222.000000
avance = -337.000000, avanceR = 2.000000, avanceI = 2.000000
inc_x_r = 0.000000, inc_y_r = 1.000000, inc_x_i = 1.000000, inc_y_i = 1.000000
En el else......

----------------------------------------
x = 56.000000, y = 223.000000
avance = -335.000000, avanceR = 2.000000, avanceI = 2.000000
inc_x_r = 0.000000, inc_y_r = 1.000000, inc_x_i = 1.000000, inc_y_i = 1.000000
En el else......

----------------------------------------
x = 56.000000, y = 224.000000
avance = -333.000000, avanceR = 2.000000, avanceI = 2.000000
inc_x_r = 0.000000, inc_y_r = 1.000000, inc_x_i = 1.000000, inc_y_i = 1.000000
En el else......

----------------------------------------
x = 56.000000, y = 225.000000
avance = -331.000000, avanceR = 2.000000, avanceI = 2.000000
inc_x_r = 0.000000, inc_y_r = 1.000000, inc_x_i = 1.000000, inc_y_i = 1.000000
En el else......

----------------------------------------
x = 56.000000, y = 226.000000
avance = -329.000000, avanceR = 2.000000, avanceI = 2.000000
inc_x_r = 0.000000, inc_y_r = 1.000000, inc_x_i = 1.000000, inc_y_i = 1.000000
En el else......

----------------------------------------
x = 56.000000, y = 227.000000
avance = -327.000000, avanceR = 2.000000, avanceI = 2.000000
inc_x_r = 0.000000, inc_y_r = 1.000000, inc_x_i = 1.000000, inc_y_i = 1.000000
En el else......

----------------------------------------
x = 56.000000, y = 228.000000
avance = -325.000000, avanceR = 2.000000, avanceI = 2.000000
inc_x_r = 0.000000, inc_y_r = 1.000000, inc_x_i = 1.000000, inc_y_i = 1.000000
En el else......

----------------------------------------
x = 56.000000, y = 229.000000
avance = -323.000000, avanceR = 2.000000, avanceI = 2.000000
inc_x_r = 0.000000, inc_y_r = 1.000000, inc_x_i = 1.000000, inc_y_i = 1.000000
En el else......

----------------------------------------
x = 56.000000, y = 230.000000
avance = -321.000000, avanceR = 2.000000, avanceI = 2.000000
inc_x_r = 0.000000, inc_y_r = 1.000000, inc_x_i = 1.000000, inc_y_i = 1.000000
En el else......

----------------------------------------
x = 56.000000, y = 231.000000
avance = -319.000000, avanceR = 2.000000, avanceI = 2.000000
inc_x_r = 0.000000, inc_y_r = 1.000000, inc_x_i = 1.000000, inc_y_i = 1.000000
En el else......

----------------------------------------
x = 56.000000, y = 232.000000
avance = -317.000000, avanceR = 2.000000, avanceI = 2.000000
inc_x_r = 0.000000, inc_y_r = 1.000000, inc_x_i = 1.000000, inc_y_i = 1.000000
En el else......

----------------------------------------
x = 56.000000, y = 233.000000
avance = -315.000000, avanceR = 2.000000, avanceI = 2.000000
inc_x_r = 0.000000, inc_y_r = 1.000000, inc_x_i = 1.000000, inc_y_i = 1.000000
En el else......

----------------------------------------
x = 56.000000, y = 234.000000
avance = -313.000000, avanceR = 2.000000, avanceI = 2.000000
inc_x_r = 0.000000, inc_y_r = 1.000000, inc_x_i = 1.000000, inc_y_i = 1.000000
En el else......

----------------------------------------
x = 56.000000, y = 235.000000
avance = -311.000000, avanceR = 2.000000, avanceI = 2.000000
inc_x_r = 0.000000, inc_y_r = 1.000000, inc_x_i = 1.000000, inc_y_i = 1.000000
En el else......

----------------------------------------
x = 56.000000, y = 236.000000
avance = -309.000000, avanceR = 2.000000, avanceI = 2.000000
inc_x_r = 0.000000, inc_y_r = 1.000000, inc_x_i = 1.000000, inc_y_i = 1.000000
En el else......

----------------------------------------
x = 56.000000, y = 237.000000
avance = -307.000000, avanceR = 2.000000, avanceI = 2.000000
inc_x_r = 0.000000, inc_y_r = 1.000000, inc_x_i = 1.000000, inc_y_i = 1.000000
En el else......

----------------------------------------
x = 56.000000, y = 238.000000
avance = -305.000000, avanceR = 2.000000, avanceI = 2.000000
inc_x_r = 0.000000, inc_y_r = 1.000000, inc_x_i = 1.000000, inc_y_i = 1.000000
En el else......

----------------------------------------
x = 56.000000, y = 239.000000
avance = -303.000000, avanceR = 2.000000, avanceI = 2.000000
inc_x_r = 0.000000, inc_y_r = 1.000000, inc_x_i = 1.000000, inc_y_i = 1.000000
En el else......

----------------------------------------
x = 56.000000, y = 240.000000
avance = -301.000000, avanceR = 2.000000, avanceI = 2.000000
inc_x_r = 0.000000, inc_y_r = 1.000000, inc_x_i = 1.000000, inc_y_i = 1.000000
En el else......

----------------------------------------
x = 56.000000, y = 241.000000
avance = -299.000000, avanceR = 2.000000, avanceI = 2.000000
inc_x_r = 0.000000, inc_y_r = 1.000000, inc_x_i = 1.000000, inc_y_i = 1.000000
En el else......

----------------------------------------
x = 56.000000, y = 242.000000
avance = -297.000000, avanceR = 2.000000, avanceI = 2.000000
inc_x_r = 0.000000, inc_y_r = 1.000000, inc_x_i = 1.000000, inc_y_i = 1.000000
En el else......

----------------------------------------
x = 56.000000, y = 243.000000
avance = -295.000000, avanceR = 2.000000, avanceI = 2.000000
inc_x_r = 0.000000, inc_y_r = 1.000000, inc_x_i = 1.000000, inc_y_i = 1.000000
En el else......

----------------------------------------
x = 56.000000, y = 244.000000
avance = -293.000000, avanceR = 2.000000, avanceI = 2.000000
inc_x_r = 0.000000, inc_y_r = 1.000000, inc_x_i = 1.000000, inc_y_i = 1.000000
En el else......

----------------------------------------
x = 56.000000, y = 245.000000
avance = -291.000000, avanceR = 2.000000, avanceI = 2.000000
inc_x_r = 0.000000, inc_y_r = 1.000000, inc_x_i = 1.000000, inc_y_i = 1.000000
En el else......

----------------------------------------
x = 56.000000, y = 246.000000
avance = -289.000000, avanceR = 2.000000, avanceI = 2.000000
inc_x_r = 0.000000, inc_y_r = 1.000000, inc_x_i = 1.000000, inc_y_i = 1.000000
En el else......

----------------------------------------
x = 56.000000, y = 247.000000
avance = -287.000000, avanceR = 2.000000, avanceI = 2.000000
inc_x_r = 0.000000, inc_y_r = 1.000000, inc_x_i = 1.000000, inc_y_i = 1.000000
En el else......

----------------------------------------
x = 56.000000, y = 248.000000
avance = -285.000000, avanceR = 2.000000, avanceI = 2.000000
inc_x_r = 0.000000, inc_y_r = 1.000000, inc_x_i = 1.000000, inc_y_i = 1.000000
En el else......

----------------------------------------
x = 56.000000, y = 249.000000
avance = -283.000000, avanceR = 2.000000, avanceI = 2.000000
inc_x_r = 0.000000, inc_y_r = 1.000000, inc_x_i = 1.000000, inc_y_i = 1.000000
En el else......

----------------------------------------
x = 56.000000, y = 250.000000
avance = -281.000000, avanceR = 2.000000, avanceI = 2.000000
inc_x_r = 0.000000, inc_y_r = 1.000000, inc_x_i = 1.000000, inc_y_i = 1.000000
En el else......

----------------------------------------
x = 56.000000, y = 251.000000
avance = -279.000000, avanceR = 2.000000, avanceI = 2.000000
inc_x_r = 0.000000, inc_y_r = 1.000000, inc_x_i = 1.000000, inc_y_i = 1.000000
En el else......

----------------------------------------
x = 56.000000, y = 252.000000
avance = -277.000000, avanceR = 2.000000, avanceI = 2.000000
inc_x_r = 0.000000, inc_y_r = 1.000000, inc_x_i = 1.000000, inc_y_i = 1.000000
En el else......

----------------------------------------
x = 56.000000, y = 253.000000
avance = -275.000000, avanceR = 2.000000, avanceI = 2.000000
inc_x_r = 0.000000, inc_y_r = 1.000000, inc_x_i = 1.000000, inc_y_i = 1.000000
En el else......

----------------------------------------
x = 56.000000, y = 254.000000
avance = -273.000000, avanceR = 2.000000, avanceI = 2.000000
inc_x_r = 0.000000, inc_y_r = 1.000000, inc_x_i = 1.000000, inc_y_i = 1.000000
En el else......

----------------------------------------
x = 56.000000, y = 255.000000
avance = -271.000000, avanceR = 2.000000, avanceI = 2.000000
inc_x_r = 0.000000, inc_y_r = 1.000000, inc_x_i = 1.000000, inc_y_i = 1.000000
En el else......

----------------------------------------
x = 56.000000, y = 256.000000
avance = -269.000000, avanceR = 2.000000, avanceI = 2.000000
inc_x_r = 0.000000, inc_y_r = 1.000000, inc_x_i = 1.000000, inc_y_i = 1.000000
En el else......

----------------------------------------
x = 56.000000, y = 257.000000
avance = -267.000000, avanceR = 2.000000, avanceI = 2.000000
inc_x_r = 0.000000, inc_y_r = 1.000000, inc_x_i = 1.000000, inc_y_i = 1.000000
En el else......

----------------------------------------
x = 56.000000, y = 258.000000
avance = -265.000000, avanceR = 2.000000, avanceI = 2.000000
inc_x_r = 0.000000, inc_y_r = 1.000000, inc_x_i = 1.000000, inc_y_i = 1.000000
En el else......

----------------------------------------
x = 56.000000, y = 259.000000
avance = -263.000000, avanceR = 2.000000, avanceI = 2.000000
inc_x_r = 0.000000, inc_y_r = 1.000000, inc_x_i = 1.000000, inc_y_i = 1.000000
En el else......

----------------------------------------
x = 56.000000, y = 260.000000
avance = -261.000000, avanceR = 2.000000, avanceI = 2.000000
inc_x_r = 0.000000, inc_y_r = 1.000000, inc_x_i = 1.000000, inc_y_i = 1.000000
En el else......

----------------------------------------
x = 56.000000, y = 261.000000
avance = -259.000000, avanceR = 2.000000, avanceI = 2.000000
inc_x_r = 0.000000, inc_y_r = 1.000000, inc_x_i = 1.000000, inc_y_i = 1.000000
En el else......

----------------------------------------
x = 56.000000, y = 262.000000
avance = -257.000000, avanceR = 2.000000, avanceI = 2.000000
inc_x_r = 0.000000, inc_y_r = 1.000000, inc_x_i = 1.000000, inc_y_i = 1.000000
En el else......

----------------------------------------
x = 56.000000, y = 263.000000
avance = -255.000000, avanceR = 2.000000, avanceI = 2.000000
inc_x_r = 0.000000, inc_y_r = 1.000000, inc_x_i = 1.000000, inc_y_i = 1.000000
En el else......

----------------------------------------
x = 56.000000, y = 264.000000
avance = -253.000000, avanceR = 2.000000, avanceI = 2.000000
inc_x_r = 0.000000, inc_y_r = 1.000000, inc_x_i = 1.000000, inc_y_i = 1.000000
En el else......

----------------------------------------
x = 56.000000, y = 265.000000
avance = -251.000000, avanceR = 2.000000, avanceI = 2.000000
inc_x_r = 0.000000, inc_y_r = 1.000000, inc_x_i = 1.000000, inc_y_i = 1.000000
En el else......

----------------------------------------


ENTRAMOS A BRESENHAMªªªª
x1 = 55.000000 - y1 = 15.000000 || x2 = 56.000000 - y2 = 266.000000
dy = 251.000000, dx = 1.000000
avances inclinados: inc_x_i = 1.000000, inc_y_i = 1.000000
updated: dy = 251.000000, dx = 1.000000
avances rectos: inc_x_r = 0.000000, inc_y_r 1.000000
reupdated: dy = 1.000000, dx = 251.000000
avanceR = 2.000000, avance -249.000000, avanceI 2.000000
----------------------------------------
x = 55.000000, y = 15.000000
avance = -249.000000, avanceR = 2.000000, avanceI = 2.000000
inc_x_r = 0.000000, inc_y_r = 1.000000, inc_x_i = 1.000000, inc_y_i = 1.000000
En el else......

----------------------------------------
x = 55.000000, y = 16.000000
avance = -247.000000, avanceR = 2.000000, avanceI = 2.000000
inc_x_r = 0.000000, inc_y_r = 1.000000, inc_x_i = 1.000000, inc_y_i = 1.000000
En el else......

----------------------------------------
x = 55.000000, y = 17.000000
avance = -245.000000, avanceR = 2.000000, avanceI = 2.000000
inc_x_r = 0.000000, inc_y_r = 1.000000, inc_x_i = 1.000000, inc_y_i = 1.000000
En el else......

----------------------------------------
x = 55.000000, y = 18.000000
avance = -243.000000, avanceR = 2.000000, avanceI = 2.000000
inc_x_r = 0.000000, inc_y_r = 1.000000, inc_x_i = 1.000000, inc_y_i = 1.000000
En el else......

----------------------------------------
x = 55.000000, y = 19.000000
avance = -241.000000, avanceR = 2.000000, avanceI = 2.000000
inc_x_r = 0.000000, inc_y_r = 1.000000, inc_x_i = 1.000000, inc_y_i = 1.000000
En el else......

----------------------------------------
x = 55.000000, y = 20.000000
avance = -239.000000, avanceR = 2.000000, avanceI = 2.000000
inc_x_r = 0.000000, inc_y_r = 1.000000, inc_x_i = 1.000000, inc_y_i = 1.000000
En el else......

----------------------------------------
x = 55.000000, y = 21.000000
avance = -237.000000, avanceR = 2.000000, avanceI = 2.000000
inc_x_r = 0.000000, inc_y_r = 1.000000, inc_x_i = 1.000000, inc_y_i = 1.000000
En el else......

----------------------------------------
x = 55.000000, y = 22.000000
avance = -235.000000, avanceR = 2.000000, avanceI = 2.000000
inc_x_r = 0.000000, inc_y_r = 1.000000, inc_x_i = 1.000000, inc_y_i = 1.000000
En el else......

----------------------------------------
x = 55.000000, y = 23.000000
avance = -233.000000, avanceR = 2.000000, avanceI = 2.000000
inc_x_r = 0.000000, inc_y_r = 1.000000, inc_x_i = 1.000000, inc_y_i = 1.000000
En el else......

----------------------------------------
x = 55.000000, y = 24.000000
avance = -231.000000, avanceR = 2.000000, avanceI = 2.000000
inc_x_r = 0.000000, inc_y_r = 1.000000, inc_x_i = 1.000000, inc_y_i = 1.000000
En el else......

----------------------------------------
x = 55.000000, y = 25.000000
avance = -229.000000, avanceR = 2.000000, avanceI = 2.000000
inc_x_r = 0.000000, inc_y_r = 1.000000, inc_x_i = 1.000000, inc_y_i = 1.000000
En el else......

----------------------------------------
x = 55.000000, y = 26.000000
avance = -227.000000, avanceR = 2.000000, avanceI = 2.000000
inc_x_r = 0.000000, inc_y_r = 1.000000, inc_x_i = 1.000000, inc_y_i = 1.000000
En el else......

----------------------------------------
x = 55.000000, y = 27.000000
avance = -225.000000, avanceR = 2.000000, avanceI = 2.000000
inc_x_r = 0.000000, inc_y_r = 1.000000, inc_x_i = 1.000000, inc_y_i = 1.000000
En el else......

----------------------------------------
x = 55.000000, y = 28.000000
avance = -223.000000, avanceR = 2.000000, avanceI = 2.000000
inc_x_r = 0.000000, inc_y_r = 1.000000, inc_x_i = 1.000000, inc_y_i = 1.000000
En el else......

----------------------------------------
x = 55.000000, y = 29.000000
avance = -221.000000, avanceR = 2.000000, avanceI = 2.000000
inc_x_r = 0.000000, inc_y_r = 1.000000, inc_x_i = 1.000000, inc_y_i = 1.000000
En el else......

----------------------------------------
x = 55.000000, y = 30.000000
avance = -219.000000, avanceR = 2.000000, avanceI = 2.000000
inc_x_r = 0.000000, inc_y_r = 1.000000, inc_x_i = 1.000000, inc_y_i = 1.000000
En el else......

----------------------------------------
x = 55.000000, y = 31.000000
avance = -217.000000, avanceR = 2.000000, avanceI = 2.000000
inc_x_r = 0.000000, inc_y_r = 1.000000, inc_x_i = 1.000000, inc_y_i = 1.000000
En el else......

----------------------------------------
x = 55.000000, y = 32.000000
avance = -215.000000, avanceR = 2.000000, avanceI = 2.000000
inc_x_r = 0.000000, inc_y_r = 1.000000, inc_x_i = 1.000000, inc_y_i = 1.000000
En el else......

----------------------------------------
x = 55.000000, y = 33.000000
avance = -213.000000, avanceR = 2.000000, avanceI = 2.000000
inc_x_r = 0.000000, inc_y_r = 1.000000, inc_x_i = 1.000000, inc_y_i = 1.000000
En el else......

----------------------------------------
x = 55.000000, y = 34.000000
avance = -211.000000, avanceR = 2.000000, avanceI = 2.000000
inc_x_r = 0.000000, inc_y_r = 1.000000, inc_x_i = 1.000000, inc_y_i = 1.000000
En el else......

----------------------------------------
x = 55.000000, y = 35.000000
avance = -209.000000, avanceR = 2.000000, avanceI = 2.000000
inc_x_r = 0.000000, inc_y_r = 1.000000, inc_x_i = 1.000000, inc_y_i = 1.000000
En el else......

----------------------------------------
x = 55.000000, y = 36.000000
avance = -207.000000, avanceR = 2.000000, avanceI = 2.000000
inc_x_r = 0.000000, inc_y_r = 1.000000, inc_x_i = 1.000000, inc_y_i = 1.000000
En el else......

----------------------------------------
x = 55.000000, y = 37.000000
avance = -205.000000, avanceR = 2.000000, avanceI = 2.000000
inc_x_r = 0.000000, inc_y_r = 1.000000, inc_x_i = 1.000000, inc_y_i = 1.000000
En el else......

----------------------------------------
x = 55.000000, y = 38.000000
avance = -203.000000, avanceR = 2.000000, avanceI = 2.000000
inc_x_r = 0.000000, inc_y_r = 1.000000, inc_x_i = 1.000000, inc_y_i = 1.000000
En el else......

----------------------------------------
x = 55.000000, y = 39.000000
avance = -201.000000, avanceR = 2.000000, avanceI = 2.000000
inc_x_r = 0.000000, inc_y_r = 1.000000, inc_x_i = 1.000000, inc_y_i = 1.000000
En el else......

----------------------------------------
x = 55.000000, y = 40.000000
avance = -199.000000, avanceR = 2.000000, avanceI = 2.000000
inc_x_r = 0.000000, inc_y_r = 1.000000, inc_x_i = 1.000000, inc_y_i = 1.000000
En el else......

----------------------------------------
x = 55.000000, y = 41.000000
avance = -197.000000, avanceR = 2.000000, avanceI = 2.000000
inc_x_r = 0.000000, inc_y_r = 1.000000, inc_x_i = 1.000000, inc_y_i = 1.000000
En el else......

----------------------------------------
x = 55.000000, y = 42.000000
avance = -195.000000, avanceR = 2.000000, avanceI = 2.000000
inc_x_r = 0.000000, inc_y_r = 1.000000, inc_x_i = 1.000000, inc_y_i = 1.000000
En el else......

----------------------------------------
x = 55.000000, y = 43.000000
avance = -193.000000, avanceR = 2.000000, avanceI = 2.000000
inc_x_r = 0.000000, inc_y_r = 1.000000, inc_x_i = 1.000000, inc_y_i = 1.000000
En el else......

----------------------------------------
x = 55.000000, y = 44.000000
avance = -191.000000, avanceR = 2.000000, avanceI = 2.000000
inc_x_r = 0.000000, inc_y_r = 1.000000, inc_x_i = 1.000000, inc_y_i = 1.000000
En el else......

----------------------------------------
x = 55.000000, y = 45.000000
avance = -189.000000, avanceR = 2.000000, avanceI = 2.000000
inc_x_r = 0.000000, inc_y_r = 1.000000, inc_x_i = 1.000000, inc_y_i = 1.000000
En el else......

----------------------------------------
x = 55.000000, y = 46.000000
avance = -187.000000, avanceR = 2.000000, avanceI = 2.000000
inc_x_r = 0.000000, inc_y_r = 1.000000, inc_x_i = 1.000000, inc_y_i = 1.000000
En el else......

----------------------------------------
x = 55.000000, y = 47.000000
avance = -185.000000, avanceR = 2.000000, avanceI = 2.000000
inc_x_r = 0.000000, inc_y_r = 1.000000, inc_x_i = 1.000000, inc_y_i = 1.000000
En el else......

----------------------------------------
x = 55.000000, y = 48.000000
avance = -183.000000, avanceR = 2.000000, avanceI = 2.000000
inc_x_r = 0.000000, inc_y_r = 1.000000, inc_x_i = 1.000000, inc_y_i = 1.000000
En el else......

----------------------------------------
x = 55.000000, y = 49.000000
avance = -181.000000, avanceR = 2.000000, avanceI = 2.000000
inc_x_r = 0.000000, inc_y_r = 1.000000, inc_x_i = 1.000000, inc_y_i = 1.000000
En el else......

----------------------------------------
x = 55.000000, y = 50.000000
avance = -179.000000, avanceR = 2.000000, avanceI = 2.000000
inc_x_r = 0.000000, inc_y_r = 1.000000, inc_x_i = 1.000000, inc_y_i = 1.000000
En el else......

----------------------------------------
x = 55.000000, y = 51.000000
avance = -177.000000, avanceR = 2.000000, avanceI = 2.000000
inc_x_r = 0.000000, inc_y_r = 1.000000, inc_x_i = 1.000000, inc_y_i = 1.000000
En el else......

----------------------------------------
x = 55.000000, y = 52.000000
avance = -175.000000, avanceR = 2.000000, avanceI = 2.000000
inc_x_r = 0.000000, inc_y_r = 1.000000, inc_x_i = 1.000000, inc_y_i = 1.000000
En el else......

----------------------------------------
x = 55.000000, y = 53.000000
avance = -173.000000, avanceR = 2.000000, avanceI = 2.000000
inc_x_r = 0.000000, inc_y_r = 1.000000, inc_x_i = 1.000000, inc_y_i = 1.000000
En el else......

----------------------------------------
x = 55.000000, y = 54.000000
avance = -171.000000, avanceR = 2.000000, avanceI = 2.000000
inc_x_r = 0.000000, inc_y_r = 1.000000, inc_x_i = 1.000000, inc_y_i = 1.000000
En el else......

----------------------------------------
x = 55.000000, y = 55.000000
avance = -169.000000, avanceR = 2.000000, avanceI = 2.000000
inc_x_r = 0.000000, inc_y_r = 1.000000, inc_x_i = 1.000000, inc_y_i = 1.000000
En el else......

----------------------------------------
x = 55.000000, y = 56.000000
avance = -167.000000, avanceR = 2.000000, avanceI = 2.000000
inc_x_r = 0.000000, inc_y_r = 1.000000, inc_x_i = 1.000000, inc_y_i = 1.000000
En el else......

----------------------------------------
x = 55.000000, y = 57.000000
avance = -165.000000, avanceR = 2.000000, avanceI = 2.000000
inc_x_r = 0.000000, inc_y_r = 1.000000, inc_x_i = 1.000000, inc_y_i = 1.000000
En el else......

----------------------------------------
x = 55.000000, y = 58.000000
avance = -163.000000, avanceR = 2.000000, avanceI = 2.000000
inc_x_r = 0.000000, inc_y_r = 1.000000, inc_x_i = 1.000000, inc_y_i = 1.000000
En el else......

----------------------------------------
x = 55.000000, y = 59.000000
avance = -161.000000, avanceR = 2.000000, avanceI = 2.000000
inc_x_r = 0.000000, inc_y_r = 1.000000, inc_x_i = 1.000000, inc_y_i = 1.000000
En el else......

----------------------------------------
x = 55.000000, y = 60.000000
avance = -159.000000, avanceR = 2.000000, avanceI = 2.000000
inc_x_r = 0.000000, inc_y_r = 1.000000, inc_x_i = 1.000000, inc_y_i = 1.000000
En el else......

----------------------------------------
x = 55.000000, y = 61.000000
avance = -157.000000, avanceR = 2.000000, avanceI = 2.000000
inc_x_r = 0.000000, inc_y_r = 1.000000, inc_x_i = 1.000000, inc_y_i = 1.000000
En el else......

----------------------------------------
x = 55.000000, y = 62.000000
avance = -155.000000, avanceR = 2.000000, avanceI = 2.000000
inc_x_r = 0.000000, inc_y_r = 1.000000, inc_x_i = 1.000000, inc_y_i = 1.000000
En el else......

----------------------------------------
x = 55.000000, y = 63.000000
avance = -153.000000, avanceR = 2.000000, avanceI = 2.000000
inc_x_r = 0.000000, inc_y_r = 1.000000, inc_x_i = 1.000000, inc_y_i = 1.000000
En el else......

----------------------------------------
x = 55.000000, y = 64.000000
avance = -151.000000, avanceR = 2.000000, avanceI = 2.000000
inc_x_r = 0.000000, inc_y_r = 1.000000, inc_x_i = 1.000000, inc_y_i = 1.000000
En el else......

----------------------------------------
x = 55.000000, y = 65.000000
avance = -149.000000, avanceR = 2.000000, avanceI = 2.000000
inc_x_r = 0.000000, inc_y_r = 1.000000, inc_x_i = 1.000000, inc_y_i = 1.000000
En el else......

----------------------------------------
x = 55.000000, y = 66.000000
avance = -147.000000, avanceR = 2.000000, avanceI = 2.000000
inc_x_r = 0.000000, inc_y_r = 1.000000, inc_x_i = 1.000000, inc_y_i = 1.000000
En el else......

----------------------------------------
x = 55.000000, y = 67.000000
avance = -145.000000, avanceR = 2.000000, avanceI = 2.000000
inc_x_r = 0.000000, inc_y_r = 1.000000, inc_x_i = 1.000000, inc_y_i = 1.000000
En el else......

----------------------------------------
x = 55.000000, y = 68.000000
avance = -143.000000, avanceR = 2.000000, avanceI = 2.000000
inc_x_r = 0.000000, inc_y_r = 1.000000, inc_x_i = 1.000000, inc_y_i = 1.000000
En el else......

----------------------------------------
x = 55.000000, y = 69.000000
avance = -141.000000, avanceR = 2.000000, avanceI = 2.000000
inc_x_r = 0.000000, inc_y_r = 1.000000, inc_x_i = 1.000000, inc_y_i = 1.000000
En el else......

----------------------------------------
x = 55.000000, y = 70.000000
avance = -139.000000, avanceR = 2.000000, avanceI = 2.000000
inc_x_r = 0.000000, inc_y_r = 1.000000, inc_x_i = 1.000000, inc_y_i = 1.000000
En el else......

----------------------------------------
x = 55.000000, y = 71.000000
avance = -137.000000, avanceR = 2.000000, avanceI = 2.000000
inc_x_r = 0.000000, inc_y_r = 1.000000, inc_x_i = 1.000000, inc_y_i = 1.000000
En el else......

----------------------------------------
x = 55.000000, y = 72.000000
avance = -135.000000, avanceR = 2.000000, avanceI = 2.000000
inc_x_r = 0.000000, inc_y_r = 1.000000, inc_x_i = 1.000000, inc_y_i = 1.000000
En el else......

----------------------------------------
x = 55.000000, y = 73.000000
avance = -133.000000, avanceR = 2.000000, avanceI = 2.000000
inc_x_r = 0.000000, inc_y_r = 1.000000, inc_x_i = 1.000000, inc_y_i = 1.000000
En el else......

----------------------------------------
x = 55.000000, y = 74.000000
avance = -131.000000, avanceR = 2.000000, avanceI = 2.000000
inc_x_r = 0.000000, inc_y_r = 1.000000, inc_x_i = 1.000000, inc_y_i = 1.000000
En el else......

----------------------------------------
x = 55.000000, y = 75.000000
avance = -129.000000, avanceR = 2.000000, avanceI = 2.000000
inc_x_r = 0.000000, inc_y_r = 1.000000, inc_x_i = 1.000000, inc_y_i = 1.000000
En el else......

----------------------------------------
x = 55.000000, y = 76.000000
avance = -127.000000, avanceR = 2.000000, avanceI = 2.000000
inc_x_r = 0.000000, inc_y_r = 1.000000, inc_x_i = 1.000000, inc_y_i = 1.000000
En el else......

----------------------------------------
x = 55.000000, y = 77.000000
avance = -125.000000, avanceR = 2.000000, avanceI = 2.000000
inc_x_r = 0.000000, inc_y_r = 1.000000, inc_x_i = 1.000000, inc_y_i = 1.000000
En el else......

----------------------------------------
x = 55.000000, y = 78.000000
avance = -123.000000, avanceR = 2.000000, avanceI = 2.000000
inc_x_r = 0.000000, inc_y_r = 1.000000, inc_x_i = 1.000000, inc_y_i = 1.000000
En el else......

----------------------------------------
x = 55.000000, y = 79.000000
avance = -121.000000, avanceR = 2.000000, avanceI = 2.000000
inc_x_r = 0.000000, inc_y_r = 1.000000, inc_x_i = 1.000000, inc_y_i = 1.000000
En el else......

----------------------------------------
x = 55.000000, y = 80.000000
avance = -119.000000, avanceR = 2.000000, avanceI = 2.000000
inc_x_r = 0.000000, inc_y_r = 1.000000, inc_x_i = 1.000000, inc_y_i = 1.000000
En el else......

----------------------------------------
x = 55.000000, y = 81.000000
avance = -117.000000, avanceR = 2.000000, avanceI = 2.000000
inc_x_r = 0.000000, inc_y_r = 1.000000, inc_x_i = 1.000000, inc_y_i = 1.000000
En el else......

----------------------------------------
x = 55.000000, y = 82.000000
avance = -115.000000, avanceR = 2.000000, avanceI = 2.000000
inc_x_r = 0.000000, inc_y_r = 1.000000, inc_x_i = 1.000000, inc_y_i = 1.000000
En el else......

----------------------------------------
x = 55.000000, y = 83.000000
avance = -113.000000, avanceR = 2.000000, avanceI = 2.000000
inc_x_r = 0.000000, inc_y_r = 1.000000, inc_x_i = 1.000000, inc_y_i = 1.000000
En el else......

----------------------------------------
x = 55.000000, y = 84.000000
avance = -111.000000, avanceR = 2.000000, avanceI = 2.000000
inc_x_r = 0.000000, inc_y_r = 1.000000, inc_x_i = 1.000000, inc_y_i = 1.000000
En el else......

----------------------------------------
x = 55.000000, y = 85.000000
avance = -109.000000, avanceR = 2.000000, avanceI = 2.000000
inc_x_r = 0.000000, inc_y_r = 1.000000, inc_x_i = 1.000000, inc_y_i = 1.000000
En el else......

----------------------------------------
x = 55.000000, y = 86.000000
avance = -107.000000, avanceR = 2.000000, avanceI = 2.000000
inc_x_r = 0.000000, inc_y_r = 1.000000, inc_x_i = 1.000000, inc_y_i = 1.000000
En el else......

----------------------------------------
x = 55.000000, y = 87.000000
avance = -105.000000, avanceR = 2.000000, avanceI = 2.000000
inc_x_r = 0.000000, inc_y_r = 1.000000, inc_x_i = 1.000000, inc_y_i = 1.000000
En el else......

----------------------------------------
x = 55.000000, y = 88.000000
avance = -103.000000, avanceR = 2.000000, avanceI = 2.000000
inc_x_r = 0.000000, inc_y_r = 1.000000, inc_x_i = 1.000000, inc_y_i = 1.000000
En el else......

----------------------------------------
x = 55.000000, y = 89.000000
avance = -101.000000, avanceR = 2.000000, avanceI = 2.000000
inc_x_r = 0.000000, inc_y_r = 1.000000, inc_x_i = 1.000000, inc_y_i = 1.000000
En el else......

----------------------------------------
x = 55.000000, y = 90.000000
avance = -99.000000, avanceR = 2.000000, avanceI = 2.000000
inc_x_r = 0.000000, inc_y_r = 1.000000, inc_x_i = 1.000000, inc_y_i = 1.000000
En el else......

----------------------------------------
x = 55.000000, y = 91.000000
avance = -97.000000, avanceR = 2.000000, avanceI = 2.000000
inc_x_r = 0.000000, inc_y_r = 1.000000, inc_x_i = 1.000000, inc_y_i = 1.000000
En el else......

----------------------------------------
x = 55.000000, y = 92.000000
avance = -95.000000, avanceR = 2.000000, avanceI = 2.000000
inc_x_r = 0.000000, inc_y_r = 1.000000, inc_x_i = 1.000000, inc_y_i = 1.000000
En el else......

----------------------------------------
x = 55.000000, y = 93.000000
avance = -93.000000, avanceR = 2.000000, avanceI = 2.000000
inc_x_r = 0.000000, inc_y_r = 1.000000, inc_x_i = 1.000000, inc_y_i = 1.000000
En el else......

----------------------------------------
x = 55.000000, y = 94.000000
avance = -91.000000, avanceR = 2.000000, avanceI = 2.000000
inc_x_r = 0.000000, inc_y_r = 1.000000, inc_x_i = 1.000000, inc_y_i = 1.000000
En el else......

----------------------------------------
x = 55.000000, y = 95.000000
avance = -89.000000, avanceR = 2.000000, avanceI = 2.000000
inc_x_r = 0.000000, inc_y_r = 1.000000, inc_x_i = 1.000000, inc_y_i = 1.000000
En el else......

----------------------------------------
x = 55.000000, y = 96.000000
avance = -87.000000, avanceR = 2.000000, avanceI = 2.000000
inc_x_r = 0.000000, inc_y_r = 1.000000, inc_x_i = 1.000000, inc_y_i = 1.000000
En el else......

----------------------------------------
x = 55.000000, y = 97.000000
avance = -85.000000, avanceR = 2.000000, avanceI = 2.000000
inc_x_r = 0.000000, inc_y_r = 1.000000, inc_x_i = 1.000000, inc_y_i = 1.000000
En el else......

----------------------------------------
x = 55.000000, y = 98.000000
avance = -83.000000, avanceR = 2.000000, avanceI = 2.000000
inc_x_r = 0.000000, inc_y_r = 1.000000, inc_x_i = 1.000000, inc_y_i = 1.000000
En el else......

----------------------------------------
x = 55.000000, y = 99.000000
avance = -81.000000, avanceR = 2.000000, avanceI = 2.000000
inc_x_r = 0.000000, inc_y_r = 1.000000, inc_x_i = 1.000000, inc_y_i = 1.000000
En el else......

----------------------------------------
x = 55.000000, y = 100.000000
avance = -79.000000, avanceR = 2.000000, avanceI = 2.000000
inc_x_r = 0.000000, inc_y_r = 1.000000, inc_x_i = 1.000000, inc_y_i = 1.000000
En el else......

----------------------------------------
x = 55.000000, y = 101.000000
avance = -77.000000, avanceR = 2.000000, avanceI = 2.000000
inc_x_r = 0.000000, inc_y_r = 1.000000, inc_x_i = 1.000000, inc_y_i = 1.000000
En el else......

----------------------------------------
x = 55.000000, y = 102.000000
avance = -75.000000, avanceR = 2.000000, avanceI = 2.000000
inc_x_r = 0.000000, inc_y_r = 1.000000, inc_x_i = 1.000000, inc_y_i = 1.000000
En el else......

----------------------------------------
x = 55.000000, y = 103.000000
avance = -73.000000, avanceR = 2.000000, avanceI = 2.000000
inc_x_r = 0.000000, inc_y_r = 1.000000, inc_x_i = 1.000000, inc_y_i = 1.000000
En el else......

----------------------------------------
x = 55.000000, y = 104.000000
avance = -71.000000, avanceR = 2.000000, avanceI = 2.000000
inc_x_r = 0.000000, inc_y_r = 1.000000, inc_x_i = 1.000000, inc_y_i = 1.000000
En el else......

----------------------------------------
x = 55.000000, y = 105.000000
avance = -69.000000, avanceR = 2.000000, avanceI = 2.000000
inc_x_r = 0.000000, inc_y_r = 1.000000, inc_x_i = 1.000000, inc_y_i = 1.000000
En el else......

----------------------------------------
x = 55.000000, y = 106.000000
avance = -67.000000, avanceR = 2.000000, avanceI = 2.000000
inc_x_r = 0.000000, inc_y_r = 1.000000, inc_x_i = 1.000000, inc_y_i = 1.000000
En el else......

----------------------------------------
x = 55.000000, y = 107.000000
avance = -65.000000, avanceR = 2.000000, avanceI = 2.000000
inc_x_r = 0.000000, inc_y_r = 1.000000, inc_x_i = 1.000000, inc_y_i = 1.000000
En el else......

----------------------------------------
x = 55.000000, y = 108.000000
avance = -63.000000, avanceR = 2.000000, avanceI = 2.000000
inc_x_r = 0.000000, inc_y_r = 1.000000, inc_x_i = 1.000000, inc_y_i = 1.000000
En el else......

----------------------------------------
x = 55.000000, y = 109.000000
avance = -61.000000, avanceR = 2.000000, avanceI = 2.000000
inc_x_r = 0.000000, inc_y_r = 1.000000, inc_x_i = 1.000000, inc_y_i = 1.000000
En el else......

----------------------------------------
x = 55.000000, y = 110.000000
avance = -59.000000, avanceR = 2.000000, avanceI = 2.000000
inc_x_r = 0.000000, inc_y_r = 1.000000, inc_x_i = 1.000000, inc_y_i = 1.000000
En el else......

----------------------------------------
x = 55.000000, y = 111.000000
avance = -57.000000, avanceR = 2.000000, avanceI = 2.000000
inc_x_r = 0.000000, inc_y_r = 1.000000, inc_x_i = 1.000000, inc_y_i = 1.000000
En el else......

----------------------------------------
x = 55.000000, y = 112.000000
avance = -55.000000, avanceR = 2.000000, avanceI = 2.000000
inc_x_r = 0.000000, inc_y_r = 1.000000, inc_x_i = 1.000000, inc_y_i = 1.000000
En el else......

----------------------------------------
x = 55.000000, y = 113.000000
avance = -53.000000, avanceR = 2.000000, avanceI = 2.000000
inc_x_r = 0.000000, inc_y_r = 1.000000, inc_x_i = 1.000000, inc_y_i = 1.000000
En el else......

----------------------------------------
x = 55.000000, y = 114.000000
avance = -51.000000, avanceR = 2.000000, avanceI = 2.000000
inc_x_r = 0.000000, inc_y_r = 1.000000, inc_x_i = 1.000000, inc_y_i = 1.000000
En el else......

----------------------------------------
x = 55.000000, y = 115.000000
avance = -49.000000, avanceR = 2.000000, avanceI = 2.000000
inc_x_r = 0.000000, inc_y_r = 1.000000, inc_x_i = 1.000000, inc_y_i = 1.000000
En el else......

----------------------------------------
x = 55.000000, y = 116.000000
avance = -47.000000, avanceR = 2.000000, avanceI = 2.000000
inc_x_r = 0.000000, inc_y_r = 1.000000, inc_x_i = 1.000000, inc_y_i = 1.000000
En el else......

----------------------------------------
x = 55.000000, y = 117.000000
avance = -45.000000, avanceR = 2.000000, avanceI = 2.000000
inc_x_r = 0.000000, inc_y_r = 1.000000, inc_x_i = 1.000000, inc_y_i = 1.000000
En el else......

----------------------------------------
x = 55.000000, y = 118.000000
avance = -43.000000, avanceR = 2.000000, avanceI = 2.000000
inc_x_r = 0.000000, inc_y_r = 1.000000, inc_x_i = 1.000000, inc_y_i = 1.000000
En el else......

----------------------------------------
x = 55.000000, y = 119.000000
avance = -41.000000, avanceR = 2.000000, avanceI = 2.000000
inc_x_r = 0.000000, inc_y_r = 1.000000, inc_x_i = 1.000000, inc_y_i = 1.000000
En el else......

----------------------------------------
x = 55.000000, y = 120.000000
avance = -39.000000, avanceR = 2.000000, avanceI = 2.000000
inc_x_r = 0.000000, inc_y_r = 1.000000, inc_x_i = 1.000000, inc_y_i = 1.000000
En el else......

----------------------------------------
x = 55.000000, y = 121.000000
avance = -37.000000, avanceR = 2.000000, avanceI = 2.000000
inc_x_r = 0.000000, inc_y_r = 1.000000, inc_x_i = 1.000000, inc_y_i = 1.000000
En el else......

----------------------------------------
x = 55.000000, y = 122.000000
avance = -35.000000, avanceR = 2.000000, avanceI = 2.000000
inc_x_r = 0.000000, inc_y_r = 1.000000, inc_x_i = 1.000000, inc_y_i = 1.000000
En el else......

----------------------------------------
x = 55.000000, y = 123.000000
avance = -33.000000, avanceR = 2.000000, avanceI = 2.000000
inc_x_r = 0.000000, inc_y_r = 1.000000, inc_x_i = 1.000000, inc_y_i = 1.000000
En el else......

----------------------------------------
x = 55.000000, y = 124.000000
avance = -31.000000, avanceR = 2.000000, avanceI = 2.000000
inc_x_r = 0.000000, inc_y_r = 1.000000, inc_x_i = 1.000000, inc_y_i = 1.000000
En el else......

----------------------------------------
x = 55.000000, y = 125.000000
avance = -29.000000, avanceR = 2.000000, avanceI = 2.000000
inc_x_r = 0.000000, inc_y_r = 1.000000, inc_x_i = 1.000000, inc_y_i = 1.000000
En el else......

----------------------------------------
x = 55.000000, y = 126.000000
avance = -27.000000, avanceR = 2.000000, avanceI = 2.000000
inc_x_r = 0.000000, inc_y_r = 1.000000, inc_x_i = 1.000000, inc_y_i = 1.000000
En el else......

----------------------------------------
x = 55.000000, y = 127.000000
avance = -25.000000, avanceR = 2.000000, avanceI = 2.000000
inc_x_r = 0.000000, inc_y_r = 1.000000, inc_x_i = 1.000000, inc_y_i = 1.000000
En el else......

----------------------------------------
x = 55.000000, y = 128.000000
avance = -23.000000, avanceR = 2.000000, avanceI = 2.000000
inc_x_r = 0.000000, inc_y_r = 1.000000, inc_x_i = 1.000000, inc_y_i = 1.000000
En el else......

----------------------------------------
x = 55.000000, y = 129.000000
avance = -21.000000, avanceR = 2.000000, avanceI = 2.000000
inc_x_r = 0.000000, inc_y_r = 1.000000, inc_x_i = 1.000000, inc_y_i = 1.000000
En el else......

----------------------------------------
x = 55.000000, y = 130.000000
avance = -19.000000, avanceR = 2.000000, avanceI = 2.000000
inc_x_r = 0.000000, inc_y_r = 1.000000, inc_x_i = 1.000000, inc_y_i = 1.000000
En el else......

----------------------------------------
x = 55.000000, y = 131.000000
avance = -17.000000, avanceR = 2.000000, avanceI = 2.000000
inc_x_r = 0.000000, inc_y_r = 1.000000, inc_x_i = 1.000000, inc_y_i = 1.000000
En el else......

----------------------------------------
x = 55.000000, y = 132.000000
avance = -15.000000, avanceR = 2.000000, avanceI = 2.000000
inc_x_r = 0.000000, inc_y_r = 1.000000, inc_x_i = 1.000000, inc_y_i = 1.000000
En el else......

----------------------------------------
x = 55.000000, y = 133.000000
avance = -13.000000, avanceR = 2.000000, avanceI = 2.000000
inc_x_r = 0.000000, inc_y_r = 1.000000, inc_x_i = 1.000000, inc_y_i = 1.000000
En el else......

----------------------------------------
x = 55.000000, y = 134.000000
avance = -11.000000, avanceR = 2.000000, avanceI = 2.000000
inc_x_r = 0.000000, inc_y_r = 1.000000, inc_x_i = 1.000000, inc_y_i = 1.000000
En el else......

----------------------------------------
x = 55.000000, y = 135.000000
avance = -9.000000, avanceR = 2.000000, avanceI = 2.000000
inc_x_r = 0.000000, inc_y_r = 1.000000, inc_x_i = 1.000000, inc_y_i = 1.000000
En el else......

----------------------------------------
x = 55.000000, y = 136.000000
avance = -7.000000, avanceR = 2.000000, avanceI = 2.000000
inc_x_r = 0.000000, inc_y_r = 1.000000, inc_x_i = 1.000000, inc_y_i = 1.000000
En el else......

----------------------------------------
x = 55.000000, y = 137.000000
avance = -5.000000, avanceR = 2.000000, avanceI = 2.000000
inc_x_r = 0.000000, inc_y_r = 1.000000, inc_x_i = 1.000000, inc_y_i = 1.000000
En el else......

----------------------------------------
x = 55.000000, y = 138.000000
avance = -3.000000, avanceR = 2.000000, avanceI = 2.000000
inc_x_r = 0.000000, inc_y_r = 1.000000, inc_x_i = 1.000000, inc_y_i = 1.000000
En el else......

----------------------------------------
x = 55.000000, y = 139.000000
avance = -1.000000, avanceR = 2.000000, avanceI = 2.000000
inc_x_r = 0.000000, inc_y_r = 1.000000, inc_x_i = 1.000000, inc_y_i = 1.000000
En el else......

----------------------------------------
x = 55.000000, y = 140.000000
avance = 1.000000, avanceR = 2.000000, avanceI = 2.000000
inc_x_r = 0.000000, inc_y_r = 1.000000, inc_x_i = 1.000000, inc_y_i = 1.000000
avance >= 0

----------------------------------------
x = 56.000000, y = 141.000000
avance = -499.000000, avanceR = 2.000000, avanceI = 2.000000
inc_x_r = 0.000000, inc_y_r = 1.000000, inc_x_i = 1.000000, inc_y_i = 1.000000
En el else......

----------------------------------------
x = 56.000000, y = 142.000000
avance = -497.000000, avanceR = 2.000000, avanceI = 2.000000
inc_x_r = 0.000000, inc_y_r = 1.000000, inc_x_i = 1.000000, inc_y_i = 1.000000
En el else......

----------------------------------------
x = 56.000000, y = 143.000000
avance = -495.000000, avanceR = 2.000000, avanceI = 2.000000
inc_x_r = 0.000000, inc_y_r = 1.000000, inc_x_i = 1.000000, inc_y_i = 1.000000
En el else......

----------------------------------------
x = 56.000000, y = 144.000000
avance = -493.000000, avanceR = 2.000000, avanceI = 2.000000
inc_x_r = 0.000000, inc_y_r = 1.000000, inc_x_i = 1.000000, inc_y_i = 1.000000
En el else......

----------------------------------------
x = 56.000000, y = 145.000000
avance = -491.000000, avanceR = 2.000000, avanceI = 2.000000
inc_x_r = 0.000000, inc_y_r = 1.000000, inc_x_i = 1.000000, inc_y_i = 1.000000
En el else......

----------------------------------------
x = 56.000000, y = 146.000000
avance = -489.000000, avanceR = 2.000000, avanceI = 2.000000
inc_x_r = 0.000000, inc_y_r = 1.000000, inc_x_i = 1.000000, inc_y_i = 1.000000
En el else......

----------------------------------------
x = 56.000000, y = 147.000000
avance = -487.000000, avanceR = 2.000000, avanceI = 2.000000
inc_x_r = 0.000000, inc_y_r = 1.000000, inc_x_i = 1.000000, inc_y_i = 1.000000
En el else......

----------------------------------------
x = 56.000000, y = 148.000000
avance = -485.000000, avanceR = 2.000000, avanceI = 2.000000
inc_x_r = 0.000000, inc_y_r = 1.000000, inc_x_i = 1.000000, inc_y_i = 1.000000
En el else......

----------------------------------------
x = 56.000000, y = 149.000000
avance = -483.000000, avanceR = 2.000000, avanceI = 2.000000
inc_x_r = 0.000000, inc_y_r = 1.000000, inc_x_i = 1.000000, inc_y_i = 1.000000
En el else......

----------------------------------------
x = 56.000000, y = 150.000000
avance = -481.000000, avanceR = 2.000000, avanceI = 2.000000
inc_x_r = 0.000000, inc_y_r = 1.000000, inc_x_i = 1.000000, inc_y_i = 1.000000
En el else......

----------------------------------------
x = 56.000000, y = 151.000000
avance = -479.000000, avanceR = 2.000000, avanceI = 2.000000
inc_x_r = 0.000000, inc_y_r = 1.000000, inc_x_i = 1.000000, inc_y_i = 1.000000
En el else......

----------------------------------------
x = 56.000000, y = 152.000000
avance = -477.000000, avanceR = 2.000000, avanceI = 2.000000
inc_x_r = 0.000000, inc_y_r = 1.000000, inc_x_i = 1.000000, inc_y_i = 1.000000
En el else......

----------------------------------------
x = 56.000000, y = 153.000000
avance = -475.000000, avanceR = 2.000000, avanceI = 2.000000
inc_x_r = 0.000000, inc_y_r = 1.000000, inc_x_i = 1.000000, inc_y_i = 1.000000
En el else......

----------------------------------------
x = 56.000000, y = 154.000000
avance = -473.000000, avanceR = 2.000000, avanceI = 2.000000
inc_x_r = 0.000000, inc_y_r = 1.000000, inc_x_i = 1.000000, inc_y_i = 1.000000
En el else......

----------------------------------------
x = 56.000000, y = 155.000000
avance = -471.000000, avanceR = 2.000000, avanceI = 2.000000
inc_x_r = 0.000000, inc_y_r = 1.000000, inc_x_i = 1.000000, inc_y_i = 1.000000
En el else......

----------------------------------------
x = 56.000000, y = 156.000000
avance = -469.000000, avanceR = 2.000000, avanceI = 2.000000
inc_x_r = 0.000000, inc_y_r = 1.000000, inc_x_i = 1.000000, inc_y_i = 1.000000
En el else......

----------------------------------------
x = 56.000000, y = 157.000000
avance = -467.000000, avanceR = 2.000000, avanceI = 2.000000
inc_x_r = 0.000000, inc_y_r = 1.000000, inc_x_i = 1.000000, inc_y_i = 1.000000
En el else......

----------------------------------------
x = 56.000000, y = 158.000000
avance = -465.000000, avanceR = 2.000000, avanceI = 2.000000
inc_x_r = 0.000000, inc_y_r = 1.000000, inc_x_i = 1.000000, inc_y_i = 1.000000
En el else......

----------------------------------------
x = 56.000000, y = 159.000000
avance = -463.000000, avanceR = 2.000000, avanceI = 2.000000
inc_x_r = 0.000000, inc_y_r = 1.000000, inc_x_i = 1.000000, inc_y_i = 1.000000
En el else......

----------------------------------------
x = 56.000000, y = 160.000000
avance = -461.000000, avanceR = 2.000000, avanceI = 2.000000
inc_x_r = 0.000000, inc_y_r = 1.000000, inc_x_i = 1.000000, inc_y_i = 1.000000
En el else......

----------------------------------------
x = 56.000000, y = 161.000000
avance = -459.000000, avanceR = 2.000000, avanceI = 2.000000
inc_x_r = 0.000000, inc_y_r = 1.000000, inc_x_i = 1.000000, inc_y_i = 1.000000
En el else......

----------------------------------------
x = 56.000000, y = 162.000000
avance = -457.000000, avanceR = 2.000000, avanceI = 2.000000
inc_x_r = 0.000000, inc_y_r = 1.000000, inc_x_i = 1.000000, inc_y_i = 1.000000
En el else......

----------------------------------------
x = 56.000000, y = 163.000000
avance = -455.000000, avanceR = 2.000000, avanceI = 2.000000
inc_x_r = 0.000000, inc_y_r = 1.000000, inc_x_i = 1.000000, inc_y_i = 1.000000
En el else......

----------------------------------------
x = 56.000000, y = 164.000000
avance = -453.000000, avanceR = 2.000000, avanceI = 2.000000
inc_x_r = 0.000000, inc_y_r = 1.000000, inc_x_i = 1.000000, inc_y_i = 1.000000
En el else......

----------------------------------------
x = 56.000000, y = 165.000000
avance = -451.000000, avanceR = 2.000000, avanceI = 2.000000
inc_x_r = 0.000000, inc_y_r = 1.000000, inc_x_i = 1.000000, inc_y_i = 1.000000
En el else......

----------------------------------------
x = 56.000000, y = 166.000000
avance = -449.000000, avanceR = 2.000000, avanceI = 2.000000
inc_x_r = 0.000000, inc_y_r = 1.000000, inc_x_i = 1.000000, inc_y_i = 1.000000
En el else......

----------------------------------------
x = 56.000000, y = 167.000000
avance = -447.000000, avanceR = 2.000000, avanceI = 2.000000
inc_x_r = 0.000000, inc_y_r = 1.000000, inc_x_i = 1.000000, inc_y_i = 1.000000
En el else......

----------------------------------------
x = 56.000000, y = 168.000000
avance = -445.000000, avanceR = 2.000000, avanceI = 2.000000
inc_x_r = 0.000000, inc_y_r = 1.000000, inc_x_i = 1.000000, inc_y_i = 1.000000
En el else......

----------------------------------------
x = 56.000000, y = 169.000000
avance = -443.000000, avanceR = 2.000000, avanceI = 2.000000
inc_x_r = 0.000000, inc_y_r = 1.000000, inc_x_i = 1.000000, inc_y_i = 1.000000
En el else......

----------------------------------------
x = 56.000000, y = 170.000000
avance = -441.000000, avanceR = 2.000000, avanceI = 2.000000
inc_x_r = 0.000000, inc_y_r = 1.000000, inc_x_i = 1.000000, inc_y_i = 1.000000
En el else......

----------------------------------------
x = 56.000000, y = 171.000000
avance = -439.000000, avanceR = 2.000000, avanceI = 2.000000
inc_x_r = 0.000000, inc_y_r = 1.000000, inc_x_i = 1.000000, inc_y_i = 1.000000
En el else......

----------------------------------------
x = 56.000000, y = 172.000000
avance = -437.000000, avanceR = 2.000000, avanceI = 2.000000
inc_x_r = 0.000000, inc_y_r = 1.000000, inc_x_i = 1.000000, inc_y_i = 1.000000
En el else......

----------------------------------------
x = 56.000000, y = 173.000000
avance = -435.000000, avanceR = 2.000000, avanceI = 2.000000
inc_x_r = 0.000000, inc_y_r = 1.000000, inc_x_i = 1.000000, inc_y_i = 1.000000
En el else......

----------------------------------------
x = 56.000000, y = 174.000000
avance = -433.000000, avanceR = 2.000000, avanceI = 2.000000
inc_x_r = 0.000000, inc_y_r = 1.000000, inc_x_i = 1.000000, inc_y_i = 1.000000
En el else......

----------------------------------------
x = 56.000000, y = 175.000000
avance = -431.000000, avanceR = 2.000000, avanceI = 2.000000
inc_x_r = 0.000000, inc_y_r = 1.000000, inc_x_i = 1.000000, inc_y_i = 1.000000
En el else......

----------------------------------------
x = 56.000000, y = 176.000000
avance = -429.000000, avanceR = 2.000000, avanceI = 2.000000
inc_x_r = 0.000000, inc_y_r = 1.000000, inc_x_i = 1.000000, inc_y_i = 1.000000
En el else......

----------------------------------------
x = 56.000000, y = 177.000000
avance = -427.000000, avanceR = 2.000000, avanceI = 2.000000
inc_x_r = 0.000000, inc_y_r = 1.000000, inc_x_i = 1.000000, inc_y_i = 1.000000
En el else......

----------------------------------------
x = 56.000000, y = 178.000000
avance = -425.000000, avanceR = 2.000000, avanceI = 2.000000
inc_x_r = 0.000000, inc_y_r = 1.000000, inc_x_i = 1.000000, inc_y_i = 1.000000
En el else......

----------------------------------------
x = 56.000000, y = 179.000000
avance = -423.000000, avanceR = 2.000000, avanceI = 2.000000
inc_x_r = 0.000000, inc_y_r = 1.000000, inc_x_i = 1.000000, inc_y_i = 1.000000
En el else......

----------------------------------------
x = 56.000000, y = 180.000000
avance = -421.000000, avanceR = 2.000000, avanceI = 2.000000
inc_x_r = 0.000000, inc_y_r = 1.000000, inc_x_i = 1.000000, inc_y_i = 1.000000
En el else......

----------------------------------------
x = 56.000000, y = 181.000000
avance = -419.000000, avanceR = 2.000000, avanceI = 2.000000
inc_x_r = 0.000000, inc_y_r = 1.000000, inc_x_i = 1.000000, inc_y_i = 1.000000
En el else......

----------------------------------------
x = 56.000000, y = 182.000000
avance = -417.000000, avanceR = 2.000000, avanceI = 2.000000
inc_x_r = 0.000000, inc_y_r = 1.000000, inc_x_i = 1.000000, inc_y_i = 1.000000
En el else......

----------------------------------------
x = 56.000000, y = 183.000000
avance = -415.000000, avanceR = 2.000000, avanceI = 2.000000
inc_x_r = 0.000000, inc_y_r = 1.000000, inc_x_i = 1.000000, inc_y_i = 1.000000
En el else......

----------------------------------------
x = 56.000000, y = 184.000000
avance = -413.000000, avanceR = 2.000000, avanceI = 2.000000
inc_x_r = 0.000000, inc_y_r = 1.000000, inc_x_i = 1.000000, inc_y_i = 1.000000
En el else......

----------------------------------------
x = 56.000000, y = 185.000000
avance = -411.000000, avanceR = 2.000000, avanceI = 2.000000
inc_x_r = 0.000000, inc_y_r = 1.000000, inc_x_i = 1.000000, inc_y_i = 1.000000
En el else......

----------------------------------------
x = 56.000000, y = 186.000000
avance = -409.000000, avanceR = 2.000000, avanceI = 2.000000
inc_x_r = 0.000000, inc_y_r = 1.000000, inc_x_i = 1.000000, inc_y_i = 1.000000
En el else......

----------------------------------------
x = 56.000000, y = 187.000000
avance = -407.000000, avanceR = 2.000000, avanceI = 2.000000
inc_x_r = 0.000000, inc_y_r = 1.000000, inc_x_i = 1.000000, inc_y_i = 1.000000
En el else......

----------------------------------------
x = 56.000000, y = 188.000000
avance = -405.000000, avanceR = 2.000000, avanceI = 2.000000
inc_x_r = 0.000000, inc_y_r = 1.000000, inc_x_i = 1.000000, inc_y_i = 1.000000
En el else......

----------------------------------------
x = 56.000000, y = 189.000000
avance = -403.000000, avanceR = 2.000000, avanceI = 2.000000
inc_x_r = 0.000000, inc_y_r = 1.000000, inc_x_i = 1.000000, inc_y_i = 1.000000
En el else......

----------------------------------------
x = 56.000000, y = 190.000000
avance = -401.000000, avanceR = 2.000000, avanceI = 2.000000
inc_x_r = 0.000000, inc_y_r = 1.000000, inc_x_i = 1.000000, inc_y_i = 1.000000
En el else......

----------------------------------------
x = 56.000000, y = 191.000000
avance = -399.000000, avanceR = 2.000000, avanceI = 2.000000
inc_x_r = 0.000000, inc_y_r = 1.000000, inc_x_i = 1.000000, inc_y_i = 1.000000
En el else......

----------------------------------------
x = 56.000000, y = 192.000000
avance = -397.000000, avanceR = 2.000000, avanceI = 2.000000
inc_x_r = 0.000000, inc_y_r = 1.000000, inc_x_i = 1.000000, inc_y_i = 1.000000
En el else......

----------------------------------------
x = 56.000000, y = 193.000000
avance = -395.000000, avanceR = 2.000000, avanceI = 2.000000
inc_x_r = 0.000000, inc_y_r = 1.000000, inc_x_i = 1.000000, inc_y_i = 1.000000
En el else......

----------------------------------------
x = 56.000000, y = 194.000000
avance = -393.000000, avanceR = 2.000000, avanceI = 2.000000
inc_x_r = 0.000000, inc_y_r = 1.000000, inc_x_i = 1.000000, inc_y_i = 1.000000
En el else......

----------------------------------------
x = 56.000000, y = 195.000000
avance = -391.000000, avanceR = 2.000000, avanceI = 2.000000
inc_x_r = 0.000000, inc_y_r = 1.000000, inc_x_i = 1.000000, inc_y_i = 1.000000
En el else......

----------------------------------------
x = 56.000000, y = 196.000000
avance = -389.000000, avanceR = 2.000000, avanceI = 2.000000
inc_x_r = 0.000000, inc_y_r = 1.000000, inc_x_i = 1.000000, inc_y_i = 1.000000
En el else......

----------------------------------------
x = 56.000000, y = 197.000000
avance = -387.000000, avanceR = 2.000000, avanceI = 2.000000
inc_x_r = 0.000000, inc_y_r = 1.000000, inc_x_i = 1.000000, inc_y_i = 1.000000
En el else......

----------------------------------------
x = 56.000000, y = 198.000000
avance = -385.000000, avanceR = 2.000000, avanceI = 2.000000
inc_x_r = 0.000000, inc_y_r = 1.000000, inc_x_i = 1.000000, inc_y_i = 1.000000
En el else......

----------------------------------------
x = 56.000000, y = 199.000000
avance = -383.000000, avanceR = 2.000000, avanceI = 2.000000
inc_x_r = 0.000000, inc_y_r = 1.000000, inc_x_i = 1.000000, inc_y_i = 1.000000
En el else......

----------------------------------------
x = 56.000000, y = 200.000000
avance = -381.000000, avanceR = 2.000000, avanceI = 2.000000
inc_x_r = 0.000000, inc_y_r = 1.000000, inc_x_i = 1.000000, inc_y_i = 1.000000
En el else......

----------------------------------------
x = 56.000000, y = 201.000000
avance = -379.000000, avanceR = 2.000000, avanceI = 2.000000
inc_x_r = 0.000000, inc_y_r = 1.000000, inc_x_i = 1.000000, inc_y_i = 1.000000
En el else......

----------------------------------------
x = 56.000000, y = 202.000000
avance = -377.000000, avanceR = 2.000000, avanceI = 2.000000
inc_x_r = 0.000000, inc_y_r = 1.000000, inc_x_i = 1.000000, inc_y_i = 1.000000
En el else......

----------------------------------------
x = 56.000000, y = 203.000000
avance = -375.000000, avanceR = 2.000000, avanceI = 2.000000
inc_x_r = 0.000000, inc_y_r = 1.000000, inc_x_i = 1.000000, inc_y_i = 1.000000
En el else......

----------------------------------------
x = 56.000000, y = 204.000000
avance = -373.000000, avanceR = 2.000000, avanceI = 2.000000
inc_x_r = 0.000000, inc_y_r = 1.000000, inc_x_i = 1.000000, inc_y_i = 1.000000
En el else......

----------------------------------------
x = 56.000000, y = 205.000000
avance = -371.000000, avanceR = 2.000000, avanceI = 2.000000
inc_x_r = 0.000000, inc_y_r = 1.000000, inc_x_i = 1.000000, inc_y_i = 1.000000
En el else......

----------------------------------------
x = 56.000000, y = 206.000000
avance = -369.000000, avanceR = 2.000000, avanceI = 2.000000
inc_x_r = 0.000000, inc_y_r = 1.000000, inc_x_i = 1.000000, inc_y_i = 1.000000
En el else......

----------------------------------------
x = 56.000000, y = 207.000000
avance = -367.000000, avanceR = 2.000000, avanceI = 2.000000
inc_x_r = 0.000000, inc_y_r = 1.000000, inc_x_i = 1.000000, inc_y_i = 1.000000
En el else......

----------------------------------------
x = 56.000000, y = 208.000000
avance = -365.000000, avanceR = 2.000000, avanceI = 2.000000
inc_x_r = 0.000000, inc_y_r = 1.000000, inc_x_i = 1.000000, inc_y_i = 1.000000
En el else......

----------------------------------------
x = 56.000000, y = 209.000000
avance = -363.000000, avanceR = 2.000000, avanceI = 2.000000
inc_x_r = 0.000000, inc_y_r = 1.000000, inc_x_i = 1.000000, inc_y_i = 1.000000
En el else......

----------------------------------------
x = 56.000000, y = 210.000000
avance = -361.000000, avanceR = 2.000000, avanceI = 2.000000
inc_x_r = 0.000000, inc_y_r = 1.000000, inc_x_i = 1.000000, inc_y_i = 1.000000
En el else......

----------------------------------------
x = 56.000000, y = 211.000000
avance = -359.000000, avanceR = 2.000000, avanceI = 2.000000
inc_x_r = 0.000000, inc_y_r = 1.000000, inc_x_i = 1.000000, inc_y_i = 1.000000
En el else......

----------------------------------------
x = 56.000000, y = 212.000000
avance = -357.000000, avanceR = 2.000000, avanceI = 2.000000
inc_x_r = 0.000000, inc_y_r = 1.000000, inc_x_i = 1.000000, inc_y_i = 1.000000
En el else......

----------------------------------------
x = 56.000000, y = 213.000000
avance = -355.000000, avanceR = 2.000000, avanceI = 2.000000
inc_x_r = 0.000000, inc_y_r = 1.000000, inc_x_i = 1.000000, inc_y_i = 1.000000
En el else......

----------------------------------------
x = 56.000000, y = 214.000000
avance = -353.000000, avanceR = 2.000000, avanceI = 2.000000
inc_x_r = 0.000000, inc_y_r = 1.000000, inc_x_i = 1.000000, inc_y_i = 1.000000
En el else......

----------------------------------------
x = 56.000000, y = 215.000000
avance = -351.000000, avanceR = 2.000000, avanceI = 2.000000
inc_x_r = 0.000000, inc_y_r = 1.000000, inc_x_i = 1.000000, inc_y_i = 1.000000
En el else......

----------------------------------------
x = 56.000000, y = 216.000000
avance = -349.000000, avanceR = 2.000000, avanceI = 2.000000
inc_x_r = 0.000000, inc_y_r = 1.000000, inc_x_i = 1.000000, inc_y_i = 1.000000
En el else......

----------------------------------------
x = 56.000000, y = 217.000000
avance = -347.000000, avanceR = 2.000000, avanceI = 2.000000
inc_x_r = 0.000000, inc_y_r = 1.000000, inc_x_i = 1.000000, inc_y_i = 1.000000
En el else......

----------------------------------------
x = 56.000000, y = 218.000000
avance = -345.000000, avanceR = 2.000000, avanceI = 2.000000
inc_x_r = 0.000000, inc_y_r = 1.000000, inc_x_i = 1.000000, inc_y_i = 1.000000
En el else......

----------------------------------------
x = 56.000000, y = 219.000000
avance = -343.000000, avanceR = 2.000000, avanceI = 2.000000
inc_x_r = 0.000000, inc_y_r = 1.000000, inc_x_i = 1.000000, inc_y_i = 1.000000
En el else......

----------------------------------------
x = 56.000000, y = 220.000000
avance = -341.000000, avanceR = 2.000000, avanceI = 2.000000
inc_x_r = 0.000000, inc_y_r = 1.000000, inc_x_i = 1.000000, inc_y_i = 1.000000
En el else......

----------------------------------------
x = 56.000000, y = 221.000000
avance = -339.000000, avanceR = 2.000000, avanceI = 2.000000
inc_x_r = 0.000000, inc_y_r = 1.000000, inc_x_i = 1.000000, inc_y_i = 1.000000
En el else......

----------------------------------------
x = 56.000000, y = 222.000000
avance = -337.000000, avanceR = 2.000000, avanceI = 2.000000
inc_x_r = 0.000000, inc_y_r = 1.000000, inc_x_i = 1.000000, inc_y_i = 1.000000
En el else......

----------------------------------------
x = 56.000000, y = 223.000000
avance = -335.000000, avanceR = 2.000000, avanceI = 2.000000
inc_x_r = 0.000000, inc_y_r = 1.000000, inc_x_i = 1.000000, inc_y_i = 1.000000
En el else......

----------------------------------------
x = 56.000000, y = 224.000000
avance = -333.000000, avanceR = 2.000000, avanceI = 2.000000
inc_x_r = 0.000000, inc_y_r = 1.000000, inc_x_i = 1.000000, inc_y_i = 1.000000
En el else......

----------------------------------------
x = 56.000000, y = 225.000000
avance = -331.000000, avanceR = 2.000000, avanceI = 2.000000
inc_x_r = 0.000000, inc_y_r = 1.000000, inc_x_i = 1.000000, inc_y_i = 1.000000
En el else......

----------------------------------------
x = 56.000000, y = 226.000000
avance = -329.000000, avanceR = 2.000000, avanceI = 2.000000
inc_x_r = 0.000000, inc_y_r = 1.000000, inc_x_i = 1.000000, inc_y_i = 1.000000
En el else......

----------------------------------------
x = 56.000000, y = 227.000000
avance = -327.000000, avanceR = 2.000000, avanceI = 2.000000
inc_x_r = 0.000000, inc_y_r = 1.000000, inc_x_i = 1.000000, inc_y_i = 1.000000
En el else......

----------------------------------------
x = 56.000000, y = 228.000000
avance = -325.000000, avanceR = 2.000000, avanceI = 2.000000
inc_x_r = 0.000000, inc_y_r = 1.000000, inc_x_i = 1.000000, inc_y_i = 1.000000
En el else......

----------------------------------------
x = 56.000000, y = 229.000000
avance = -323.000000, avanceR = 2.000000, avanceI = 2.000000
inc_x_r = 0.000000, inc_y_r = 1.000000, inc_x_i = 1.000000, inc_y_i = 1.000000
En el else......

----------------------------------------
x = 56.000000, y = 230.000000
avance = -321.000000, avanceR = 2.000000, avanceI = 2.000000
inc_x_r = 0.000000, inc_y_r = 1.000000, inc_x_i = 1.000000, inc_y_i = 1.000000
En el else......

----------------------------------------
x = 56.000000, y = 231.000000
avance = -319.000000, avanceR = 2.000000, avanceI = 2.000000
inc_x_r = 0.000000, inc_y_r = 1.000000, inc_x_i = 1.000000, inc_y_i = 1.000000
En el else......

----------------------------------------
x = 56.000000, y = 232.000000
avance = -317.000000, avanceR = 2.000000, avanceI = 2.000000
inc_x_r = 0.000000, inc_y_r = 1.000000, inc_x_i = 1.000000, inc_y_i = 1.000000
En el else......

----------------------------------------
x = 56.000000, y = 233.000000
avance = -315.000000, avanceR = 2.000000, avanceI = 2.000000
inc_x_r = 0.000000, inc_y_r = 1.000000, inc_x_i = 1.000000, inc_y_i = 1.000000
En el else......

----------------------------------------
x = 56.000000, y = 234.000000
avance = -313.000000, avanceR = 2.000000, avanceI = 2.000000
inc_x_r = 0.000000, inc_y_r = 1.000000, inc_x_i = 1.000000, inc_y_i = 1.000000
En el else......

----------------------------------------
x = 56.000000, y = 235.000000
avance = -311.000000, avanceR = 2.000000, avanceI = 2.000000
inc_x_r = 0.000000, inc_y_r = 1.000000, inc_x_i = 1.000000, inc_y_i = 1.000000
En el else......

----------------------------------------
x = 56.000000, y = 236.000000
avance = -309.000000, avanceR = 2.000000, avanceI = 2.000000
inc_x_r = 0.000000, inc_y_r = 1.000000, inc_x_i = 1.000000, inc_y_i = 1.000000
En el else......

----------------------------------------
x = 56.000000, y = 237.000000
avance = -307.000000, avanceR = 2.000000, avanceI = 2.000000
inc_x_r = 0.000000, inc_y_r = 1.000000, inc_x_i = 1.000000, inc_y_i = 1.000000
En el else......

----------------------------------------
x = 56.000000, y = 238.000000
avance = -305.000000, avanceR = 2.000000, avanceI = 2.000000
inc_x_r = 0.000000, inc_y_r = 1.000000, inc_x_i = 1.000000, inc_y_i = 1.000000
En el else......

----------------------------------------
x = 56.000000, y = 239.000000
avance = -303.000000, avanceR = 2.000000, avanceI = 2.000000
inc_x_r = 0.000000, inc_y_r = 1.000000, inc_x_i = 1.000000, inc_y_i = 1.000000
En el else......

----------------------------------------
x = 56.000000, y = 240.000000
avance = -301.000000, avanceR = 2.000000, avanceI = 2.000000
inc_x_r = 0.000000, inc_y_r = 1.000000, inc_x_i = 1.000000, inc_y_i = 1.000000
En el else......

----------------------------------------
x = 56.000000, y = 241.000000
avance = -299.000000, avanceR = 2.000000, avanceI = 2.000000
inc_x_r = 0.000000, inc_y_r = 1.000000, inc_x_i = 1.000000, inc_y_i = 1.000000
En el else......

----------------------------------------
x = 56.000000, y = 242.000000
avance = -297.000000, avanceR = 2.000000, avanceI = 2.000000
inc_x_r = 0.000000, inc_y_r = 1.000000, inc_x_i = 1.000000, inc_y_i = 1.000000
En el else......

----------------------------------------
x = 56.000000, y = 243.000000
avance = -295.000000, avanceR = 2.000000, avanceI = 2.000000
inc_x_r = 0.000000, inc_y_r = 1.000000, inc_x_i = 1.000000, inc_y_i = 1.000000
En el else......

----------------------------------------
x = 56.000000, y = 244.000000
avance = -293.000000, avanceR = 2.000000, avanceI = 2.000000
inc_x_r = 0.000000, inc_y_r = 1.000000, inc_x_i = 1.000000, inc_y_i = 1.000000
En el else......

----------------------------------------
x = 56.000000, y = 245.000000
avance = -291.000000, avanceR = 2.000000, avanceI = 2.000000
inc_x_r = 0.000000, inc_y_r = 1.000000, inc_x_i = 1.000000, inc_y_i = 1.000000
En el else......

----------------------------------------
x = 56.000000, y = 246.000000
avance = -289.000000, avanceR = 2.000000, avanceI = 2.000000
inc_x_r = 0.000000, inc_y_r = 1.000000, inc_x_i = 1.000000, inc_y_i = 1.000000
En el else......

----------------------------------------
x = 56.000000, y = 247.000000
avance = -287.000000, avanceR = 2.000000, avanceI = 2.000000
inc_x_r = 0.000000, inc_y_r = 1.000000, inc_x_i = 1.000000, inc_y_i = 1.000000
En el else......

----------------------------------------
x = 56.000000, y = 248.000000
avance = -285.000000, avanceR = 2.000000, avanceI = 2.000000
inc_x_r = 0.000000, inc_y_r = 1.000000, inc_x_i = 1.000000, inc_y_i = 1.000000
En el else......

----------------------------------------
x = 56.000000, y = 249.000000
avance = -283.000000, avanceR = 2.000000, avanceI = 2.000000
inc_x_r = 0.000000, inc_y_r = 1.000000, inc_x_i = 1.000000, inc_y_i = 1.000000
En el else......

----------------------------------------
x = 56.000000, y = 250.000000
avance = -281.000000, avanceR = 2.000000, avanceI = 2.000000
inc_x_r = 0.000000, inc_y_r = 1.000000, inc_x_i = 1.000000, inc_y_i = 1.000000
En el else......

----------------------------------------
x = 56.000000, y = 251.000000
avance = -279.000000, avanceR = 2.000000, avanceI = 2.000000
inc_x_r = 0.000000, inc_y_r = 1.000000, inc_x_i = 1.000000, inc_y_i = 1.000000
En el else......

----------------------------------------
x = 56.000000, y = 252.000000
avance = -277.000000, avanceR = 2.000000, avanceI = 2.000000
inc_x_r = 0.000000, inc_y_r = 1.000000, inc_x_i = 1.000000, inc_y_i = 1.000000
En el else......

----------------------------------------
x = 56.000000, y = 253.000000
avance = -275.000000, avanceR = 2.000000, avanceI = 2.000000
inc_x_r = 0.000000, inc_y_r = 1.000000, inc_x_i = 1.000000, inc_y_i = 1.000000
En el else......

----------------------------------------
x = 56.000000, y = 254.000000
avance = -273.000000, avanceR = 2.000000, avanceI = 2.000000
inc_x_r = 0.000000, inc_y_r = 1.000000, inc_x_i = 1.000000, inc_y_i = 1.000000
En el else......

----------------------------------------
x = 56.000000, y = 255.000000
avance = -271.000000, avanceR = 2.000000, avanceI = 2.000000
inc_x_r = 0.000000, inc_y_r = 1.000000, inc_x_i = 1.000000, inc_y_i = 1.000000
En el else......

----------------------------------------
x = 56.000000, y = 256.000000
avance = -269.000000, avanceR = 2.000000, avanceI = 2.000000
inc_x_r = 0.000000, inc_y_r = 1.000000, inc_x_i = 1.000000, inc_y_i = 1.000000
En el else......

----------------------------------------
x = 56.000000, y = 257.000000
avance = -267.000000, avanceR = 2.000000, avanceI = 2.000000
inc_x_r = 0.000000, inc_y_r = 1.000000, inc_x_i = 1.000000, inc_y_i = 1.000000
En el else......

----------------------------------------
x = 56.000000, y = 258.000000
avance = -265.000000, avanceR = 2.000000, avanceI = 2.000000
inc_x_r = 0.000000, inc_y_r = 1.000000, inc_x_i = 1.000000, inc_y_i = 1.000000
En el else......

----------------------------------------
x = 56.000000, y = 259.000000
avance = -263.000000, avanceR = 2.000000, avanceI = 2.000000
inc_x_r = 0.000000, inc_y_r = 1.000000, inc_x_i = 1.000000, inc_y_i = 1.000000
En el else......

----------------------------------------
x = 56.000000, y = 260.000000
avance = -261.000000, avanceR = 2.000000, avanceI = 2.000000
inc_x_r = 0.000000, inc_y_r = 1.000000, inc_x_i = 1.000000, inc_y_i = 1.000000
En el else......

----------------------------------------
x = 56.000000, y = 261.000000
avance = -259.000000, avanceR = 2.000000, avanceI = 2.000000
inc_x_r = 0.000000, inc_y_r = 1.000000, inc_x_i = 1.000000, inc_y_i = 1.000000
En el else......

----------------------------------------
x = 56.000000, y = 262.000000
avance = -257.000000, avanceR = 2.000000, avanceI = 2.000000
inc_x_r = 0.000000, inc_y_r = 1.000000, inc_x_i = 1.000000, inc_y_i = 1.000000
En el else......

----------------------------------------
x = 56.000000, y = 263.000000
avance = -255.000000, avanceR = 2.000000, avanceI = 2.000000
inc_x_r = 0.000000, inc_y_r = 1.000000, inc_x_i = 1.000000, inc_y_i = 1.000000
En el else......

----------------------------------------
x = 56.000000, y = 264.000000
avance = -253.000000, avanceR = 2.000000, avanceI = 2.000000
inc_x_r = 0.000000, inc_y_r = 1.000000, inc_x_i = 1.000000, inc_y_i = 1.000000
En el else......

----------------------------------------
x = 56.000000, y = 265.000000
avance = -251.000000, avanceR = 2.000000, avanceI = 2.000000
inc_x_r = 0.000000, inc_y_r = 1.000000, inc_x_i = 1.000000, inc_y_i = 1.000000
En el else......

----------------------------------------


ENTRAMOS A BRESENHAMªªªª
x1 = 55.000000 - y1 = 15.000000 || x2 = 56.000000 - y2 = 266.000000
dy = 251.000000, dx = 1.000000
avances inclinados: inc_x_i = 1.000000, inc_y_i = 1.000000
updated: dy = 251.000000, dx = 1.000000
avances rectos: inc_x_r = 0.000000, inc_y_r 1.000000
reupdated: dy = 1.000000, dx = 251.000000
avanceR = 2.000000, avance -249.000000, avanceI 2.000000
----------------------------------------
x = 55.000000, y = 15.000000
avance = -249.000000, avanceR = 2.000000, avanceI = 2.000000
inc_x_r = 0.000000, inc_y_r = 1.000000, inc_x_i = 1.000000, inc_y_i = 1.000000
En el else......

----------------------------------------
x = 55.000000, y = 16.000000
avance = -247.000000, avanceR = 2.000000, avanceI = 2.000000
inc_x_r = 0.000000, inc_y_r = 1.000000, inc_x_i = 1.000000, inc_y_i = 1.000000
En el else......

----------------------------------------
x = 55.000000, y = 17.000000
avance = -245.000000, avanceR = 2.000000, avanceI = 2.000000
inc_x_r = 0.000000, inc_y_r = 1.000000, inc_x_i = 1.000000, inc_y_i = 1.000000
En el else......

----------------------------------------
x = 55.000000, y = 18.000000
avance = -243.000000, avanceR = 2.000000, avanceI = 2.000000
inc_x_r = 0.000000, inc_y_r = 1.000000, inc_x_i = 1.000000, inc_y_i = 1.000000
En el else......

----------------------------------------
x = 55.000000, y = 19.000000
avance = -241.000000, avanceR = 2.000000, avanceI = 2.000000
inc_x_r = 0.000000, inc_y_r = 1.000000, inc_x_i = 1.000000, inc_y_i = 1.000000
En el else......

----------------------------------------
x = 55.000000, y = 20.000000
avance = -239.000000, avanceR = 2.000000, avanceI = 2.000000
inc_x_r = 0.000000, inc_y_r = 1.000000, inc_x_i = 1.000000, inc_y_i = 1.000000
En el else......

----------------------------------------
x = 55.000000, y = 21.000000
avance = -237.000000, avanceR = 2.000000, avanceI = 2.000000
inc_x_r = 0.000000, inc_y_r = 1.000000, inc_x_i = 1.000000, inc_y_i = 1.000000
En el else......

----------------------------------------
x = 55.000000, y = 22.000000
avance = -235.000000, avanceR = 2.000000, avanceI = 2.000000
inc_x_r = 0.000000, inc_y_r = 1.000000, inc_x_i = 1.000000, inc_y_i = 1.000000
En el else......

----------------------------------------
x = 55.000000, y = 23.000000
avance = -233.000000, avanceR = 2.000000, avanceI = 2.000000
inc_x_r = 0.000000, inc_y_r = 1.000000, inc_x_i = 1.000000, inc_y_i = 1.000000
En el else......

----------------------------------------
x = 55.000000, y = 24.000000
avance = -231.000000, avanceR = 2.000000, avanceI = 2.000000
inc_x_r = 0.000000, inc_y_r = 1.000000, inc_x_i = 1.000000, inc_y_i = 1.000000
En el else......

----------------------------------------
x = 55.000000, y = 25.000000
avance = -229.000000, avanceR = 2.000000, avanceI = 2.000000
inc_x_r = 0.000000, inc_y_r = 1.000000, inc_x_i = 1.000000, inc_y_i = 1.000000
En el else......

----------------------------------------
x = 55.000000, y = 26.000000
avance = -227.000000, avanceR = 2.000000, avanceI = 2.000000
inc_x_r = 0.000000, inc_y_r = 1.000000, inc_x_i = 1.000000, inc_y_i = 1.000000
En el else......

----------------------------------------
x = 55.000000, y = 27.000000
avance = -225.000000, avanceR = 2.000000, avanceI = 2.000000
inc_x_r = 0.000000, inc_y_r = 1.000000, inc_x_i = 1.000000, inc_y_i = 1.000000
En el else......

----------------------------------------
x = 55.000000, y = 28.000000
avance = -223.000000, avanceR = 2.000000, avanceI = 2.000000
inc_x_r = 0.000000, inc_y_r = 1.000000, inc_x_i = 1.000000, inc_y_i = 1.000000
En el else......

----------------------------------------
x = 55.000000, y = 29.000000
avance = -221.000000, avanceR = 2.000000, avanceI = 2.000000
inc_x_r = 0.000000, inc_y_r = 1.000000, inc_x_i = 1.000000, inc_y_i = 1.000000
En el else......

----------------------------------------
x = 55.000000, y = 30.000000
avance = -219.000000, avanceR = 2.000000, avanceI = 2.000000
inc_x_r = 0.000000, inc_y_r = 1.000000, inc_x_i = 1.000000, inc_y_i = 1.000000
En el else......

----------------------------------------
x = 55.000000, y = 31.000000
avance = -217.000000, avanceR = 2.000000, avanceI = 2.000000
inc_x_r = 0.000000, inc_y_r = 1.000000, inc_x_i = 1.000000, inc_y_i = 1.000000
En el else......

----------------------------------------
x = 55.000000, y = 32.000000
avance = -215.000000, avanceR = 2.000000, avanceI = 2.000000
inc_x_r = 0.000000, inc_y_r = 1.000000, inc_x_i = 1.000000, inc_y_i = 1.000000
En el else......

----------------------------------------
x = 55.000000, y = 33.000000
avance = -213.000000, avanceR = 2.000000, avanceI = 2.000000
inc_x_r = 0.000000, inc_y_r = 1.000000, inc_x_i = 1.000000, inc_y_i = 1.000000
En el else......

----------------------------------------
x = 55.000000, y = 34.000000
avance = -211.000000, avanceR = 2.000000, avanceI = 2.000000
inc_x_r = 0.000000, inc_y_r = 1.000000, inc_x_i = 1.000000, inc_y_i = 1.000000
En el else......

----------------------------------------
x = 55.000000, y = 35.000000
avance = -209.000000, avanceR = 2.000000, avanceI = 2.000000
inc_x_r = 0.000000, inc_y_r = 1.000000, inc_x_i = 1.000000, inc_y_i = 1.000000
En el else......

----------------------------------------
x = 55.000000, y = 36.000000
avance = -207.000000, avanceR = 2.000000, avanceI = 2.000000
inc_x_r = 0.000000, inc_y_r = 1.000000, inc_x_i = 1.000000, inc_y_i = 1.000000
En el else......

----------------------------------------
x = 55.000000, y = 37.000000
avance = -205.000000, avanceR = 2.000000, avanceI = 2.000000
inc_x_r = 0.000000, inc_y_r = 1.000000, inc_x_i = 1.000000, inc_y_i = 1.000000
En el else......

----------------------------------------
x = 55.000000, y = 38.000000
avance = -203.000000, avanceR = 2.000000, avanceI = 2.000000
inc_x_r = 0.000000, inc_y_r = 1.000000, inc_x_i = 1.000000, inc_y_i = 1.000000
En el else......

----------------------------------------
x = 55.000000, y = 39.000000
avance = -201.000000, avanceR = 2.000000, avanceI = 2.000000
inc_x_r = 0.000000, inc_y_r = 1.000000, inc_x_i = 1.000000, inc_y_i = 1.000000
En el else......

----------------------------------------
x = 55.000000, y = 40.000000
avance = -199.000000, avanceR = 2.000000, avanceI = 2.000000
inc_x_r = 0.000000, inc_y_r = 1.000000, inc_x_i = 1.000000, inc_y_i = 1.000000
En el else......

----------------------------------------
x = 55.000000, y = 41.000000
avance = -197.000000, avanceR = 2.000000, avanceI = 2.000000
inc_x_r = 0.000000, inc_y_r = 1.000000, inc_x_i = 1.000000, inc_y_i = 1.000000
En el else......

----------------------------------------
x = 55.000000, y = 42.000000
avance = -195.000000, avanceR = 2.000000, avanceI = 2.000000
inc_x_r = 0.000000, inc_y_r = 1.000000, inc_x_i = 1.000000, inc_y_i = 1.000000
En el else......

----------------------------------------
x = 55.000000, y = 43.000000
avance = -193.000000, avanceR = 2.000000, avanceI = 2.000000
inc_x_r = 0.000000, inc_y_r = 1.000000, inc_x_i = 1.000000, inc_y_i = 1.000000
En el else......

----------------------------------------
x = 55.000000, y = 44.000000
avance = -191.000000, avanceR = 2.000000, avanceI = 2.000000
inc_x_r = 0.000000, inc_y_r = 1.000000, inc_x_i = 1.000000, inc_y_i = 1.000000
En el else......

----------------------------------------
x = 55.000000, y = 45.000000
avance = -189.000000, avanceR = 2.000000, avanceI = 2.000000
inc_x_r = 0.000000, inc_y_r = 1.000000, inc_x_i = 1.000000, inc_y_i = 1.000000
En el else......

----------------------------------------
x = 55.000000, y = 46.000000
avance = -187.000000, avanceR = 2.000000, avanceI = 2.000000
inc_x_r = 0.000000, inc_y_r = 1.000000, inc_x_i = 1.000000, inc_y_i = 1.000000
En el else......

----------------------------------------
x = 55.000000, y = 47.000000
avance = -185.000000, avanceR = 2.000000, avanceI = 2.000000
inc_x_r = 0.000000, inc_y_r = 1.000000, inc_x_i = 1.000000, inc_y_i = 1.000000
En el else......

----------------------------------------
x = 55.000000, y = 48.000000
avance = -183.000000, avanceR = 2.000000, avanceI = 2.000000
inc_x_r = 0.000000, inc_y_r = 1.000000, inc_x_i = 1.000000, inc_y_i = 1.000000
En el else......

----------------------------------------
x = 55.000000, y = 49.000000
avance = -181.000000, avanceR = 2.000000, avanceI = 2.000000
inc_x_r = 0.000000, inc_y_r = 1.000000, inc_x_i = 1.000000, inc_y_i = 1.000000
En el else......

----------------------------------------
x = 55.000000, y = 50.000000
avance = -179.000000, avanceR = 2.000000, avanceI = 2.000000
inc_x_r = 0.000000, inc_y_r = 1.000000, inc_x_i = 1.000000, inc_y_i = 1.000000
En el else......

----------------------------------------
x = 55.000000, y = 51.000000
avance = -177.000000, avanceR = 2.000000, avanceI = 2.000000
inc_x_r = 0.000000, inc_y_r = 1.000000, inc_x_i = 1.000000, inc_y_i = 1.000000
En el else......

----------------------------------------
x = 55.000000, y = 52.000000
avance = -175.000000, avanceR = 2.000000, avanceI = 2.000000
inc_x_r = 0.000000, inc_y_r = 1.000000, inc_x_i = 1.000000, inc_y_i = 1.000000
En el else......

----------------------------------------
x = 55.000000, y = 53.000000
avance = -173.000000, avanceR = 2.000000, avanceI = 2.000000
inc_x_r = 0.000000, inc_y_r = 1.000000, inc_x_i = 1.000000, inc_y_i = 1.000000
En el else......

----------------------------------------
x = 55.000000, y = 54.000000
avance = -171.000000, avanceR = 2.000000, avanceI = 2.000000
inc_x_r = 0.000000, inc_y_r = 1.000000, inc_x_i = 1.000000, inc_y_i = 1.000000
En el else......

----------------------------------------
x = 55.000000, y = 55.000000
avance = -169.000000, avanceR = 2.000000, avanceI = 2.000000
inc_x_r = 0.000000, inc_y_r = 1.000000, inc_x_i = 1.000000, inc_y_i = 1.000000
En el else......

----------------------------------------
x = 55.000000, y = 56.000000
avance = -167.000000, avanceR = 2.000000, avanceI = 2.000000
inc_x_r = 0.000000, inc_y_r = 1.000000, inc_x_i = 1.000000, inc_y_i = 1.000000
En el else......

----------------------------------------
x = 55.000000, y = 57.000000
avance = -165.000000, avanceR = 2.000000, avanceI = 2.000000
inc_x_r = 0.000000, inc_y_r = 1.000000, inc_x_i = 1.000000, inc_y_i = 1.000000
En el else......

----------------------------------------
x = 55.000000, y = 58.000000
avance = -163.000000, avanceR = 2.000000, avanceI = 2.000000
inc_x_r = 0.000000, inc_y_r = 1.000000, inc_x_i = 1.000000, inc_y_i = 1.000000
En el else......

----------------------------------------
x = 55.000000, y = 59.000000
avance = -161.000000, avanceR = 2.000000, avanceI = 2.000000
inc_x_r = 0.000000, inc_y_r = 1.000000, inc_x_i = 1.000000, inc_y_i = 1.000000
En el else......

----------------------------------------
x = 55.000000, y = 60.000000
avance = -159.000000, avanceR = 2.000000, avanceI = 2.000000
inc_x_r = 0.000000, inc_y_r = 1.000000, inc_x_i = 1.000000, inc_y_i = 1.000000
En el else......

----------------------------------------
x = 55.000000, y = 61.000000
avance = -157.000000, avanceR = 2.000000, avanceI = 2.000000
inc_x_r = 0.000000, inc_y_r = 1.000000, inc_x_i = 1.000000, inc_y_i = 1.000000
En el else......

----------------------------------------
x = 55.000000, y = 62.000000
avance = -155.000000, avanceR = 2.000000, avanceI = 2.000000
inc_x_r = 0.000000, inc_y_r = 1.000000, inc_x_i = 1.000000, inc_y_i = 1.000000
En el else......

----------------------------------------
x = 55.000000, y = 63.000000
avance = -153.000000, avanceR = 2.000000, avanceI = 2.000000
inc_x_r = 0.000000, inc_y_r = 1.000000, inc_x_i = 1.000000, inc_y_i = 1.000000
En el else......

----------------------------------------
x = 55.000000, y = 64.000000
avance = -151.000000, avanceR = 2.000000, avanceI = 2.000000
inc_x_r = 0.000000, inc_y_r = 1.000000, inc_x_i = 1.000000, inc_y_i = 1.000000
En el else......

----------------------------------------
x = 55.000000, y = 65.000000
avance = -149.000000, avanceR = 2.000000, avanceI = 2.000000
inc_x_r = 0.000000, inc_y_r = 1.000000, inc_x_i = 1.000000, inc_y_i = 1.000000
En el else......

----------------------------------------
x = 55.000000, y = 66.000000
avance = -147.000000, avanceR = 2.000000, avanceI = 2.000000
inc_x_r = 0.000000, inc_y_r = 1.000000, inc_x_i = 1.000000, inc_y_i = 1.000000
En el else......

----------------------------------------
x = 55.000000, y = 67.000000
avance = -145.000000, avanceR = 2.000000, avanceI = 2.000000
inc_x_r = 0.000000, inc_y_r = 1.000000, inc_x_i = 1.000000, inc_y_i = 1.000000
En el else......

----------------------------------------
x = 55.000000, y = 68.000000
avance = -143.000000, avanceR = 2.000000, avanceI = 2.000000
inc_x_r = 0.000000, inc_y_r = 1.000000, inc_x_i = 1.000000, inc_y_i = 1.000000
En el else......

----------------------------------------
x = 55.000000, y = 69.000000
avance = -141.000000, avanceR = 2.000000, avanceI = 2.000000
inc_x_r = 0.000000, inc_y_r = 1.000000, inc_x_i = 1.000000, inc_y_i = 1.000000
En el else......

----------------------------------------
x = 55.000000, y = 70.000000
avance = -139.000000, avanceR = 2.000000, avanceI = 2.000000
inc_x_r = 0.000000, inc_y_r = 1.000000, inc_x_i = 1.000000, inc_y_i = 1.000000
En el else......

----------------------------------------
x = 55.000000, y = 71.000000
avance = -137.000000, avanceR = 2.000000, avanceI = 2.000000
inc_x_r = 0.000000, inc_y_r = 1.000000, inc_x_i = 1.000000, inc_y_i = 1.000000
En el else......

----------------------------------------
x = 55.000000, y = 72.000000
avance = -135.000000, avanceR = 2.000000, avanceI = 2.000000
inc_x_r = 0.000000, inc_y_r = 1.000000, inc_x_i = 1.000000, inc_y_i = 1.000000
En el else......

----------------------------------------
x = 55.000000, y = 73.000000
avance = -133.000000, avanceR = 2.000000, avanceI = 2.000000
inc_x_r = 0.000000, inc_y_r = 1.000000, inc_x_i = 1.000000, inc_y_i = 1.000000
En el else......

----------------------------------------
x = 55.000000, y = 74.000000
avance = -131.000000, avanceR = 2.000000, avanceI = 2.000000
inc_x_r = 0.000000, inc_y_r = 1.000000, inc_x_i = 1.000000, inc_y_i = 1.000000
En el else......

----------------------------------------
x = 55.000000, y = 75.000000
avance = -129.000000, avanceR = 2.000000, avanceI = 2.000000
inc_x_r = 0.000000, inc_y_r = 1.000000, inc_x_i = 1.000000, inc_y_i = 1.000000
En el else......

----------------------------------------
x = 55.000000, y = 76.000000
avance = -127.000000, avanceR = 2.000000, avanceI = 2.000000
inc_x_r = 0.000000, inc_y_r = 1.000000, inc_x_i = 1.000000, inc_y_i = 1.000000
En el else......

----------------------------------------
x = 55.000000, y = 77.000000
avance = -125.000000, avanceR = 2.000000, avanceI = 2.000000
inc_x_r = 0.000000, inc_y_r = 1.000000, inc_x_i = 1.000000, inc_y_i = 1.000000
En el else......

----------------------------------------
x = 55.000000, y = 78.000000
avance = -123.000000, avanceR = 2.000000, avanceI = 2.000000
inc_x_r = 0.000000, inc_y_r = 1.000000, inc_x_i = 1.000000, inc_y_i = 1.000000
En el else......

----------------------------------------
x = 55.000000, y = 79.000000
avance = -121.000000, avanceR = 2.000000, avanceI = 2.000000
inc_x_r = 0.000000, inc_y_r = 1.000000, inc_x_i = 1.000000, inc_y_i = 1.000000
En el else......

----------------------------------------
x = 55.000000, y = 80.000000
avance = -119.000000, avanceR = 2.000000, avanceI = 2.000000
inc_x_r = 0.000000, inc_y_r = 1.000000, inc_x_i = 1.000000, inc_y_i = 1.000000
En el else......

----------------------------------------
x = 55.000000, y = 81.000000
avance = -117.000000, avanceR = 2.000000, avanceI = 2.000000
inc_x_r = 0.000000, inc_y_r = 1.000000, inc_x_i = 1.000000, inc_y_i = 1.000000
En el else......

----------------------------------------
x = 55.000000, y = 82.000000
avance = -115.000000, avanceR = 2.000000, avanceI = 2.000000
inc_x_r = 0.000000, inc_y_r = 1.000000, inc_x_i = 1.000000, inc_y_i = 1.000000
En el else......

----------------------------------------
x = 55.000000, y = 83.000000
avance = -113.000000, avanceR = 2.000000, avanceI = 2.000000
inc_x_r = 0.000000, inc_y_r = 1.000000, inc_x_i = 1.000000, inc_y_i = 1.000000
En el else......

----------------------------------------
x = 55.000000, y = 84.000000
avance = -111.000000, avanceR = 2.000000, avanceI = 2.000000
inc_x_r = 0.000000, inc_y_r = 1.000000, inc_x_i = 1.000000, inc_y_i = 1.000000
En el else......

----------------------------------------
x = 55.000000, y = 85.000000
avance = -109.000000, avanceR = 2.000000, avanceI = 2.000000
inc_x_r = 0.000000, inc_y_r = 1.000000, inc_x_i = 1.000000, inc_y_i = 1.000000
En el else......

----------------------------------------
x = 55.000000, y = 86.000000
avance = -107.000000, avanceR = 2.000000, avanceI = 2.000000
inc_x_r = 0.000000, inc_y_r = 1.000000, inc_x_i = 1.000000, inc_y_i = 1.000000
En el else......

----------------------------------------
x = 55.000000, y = 87.000000
avance = -105.000000, avanceR = 2.000000, avanceI = 2.000000
inc_x_r = 0.000000, inc_y_r = 1.000000, inc_x_i = 1.000000, inc_y_i = 1.000000
En el else......

----------------------------------------
x = 55.000000, y = 88.000000
avance = -103.000000, avanceR = 2.000000, avanceI = 2.000000
inc_x_r = 0.000000, inc_y_r = 1.000000, inc_x_i = 1.000000, inc_y_i = 1.000000
En el else......

----------------------------------------
x = 55.000000, y = 89.000000
avance = -101.000000, avanceR = 2.000000, avanceI = 2.000000
inc_x_r = 0.000000, inc_y_r = 1.000000, inc_x_i = 1.000000, inc_y_i = 1.000000
En el else......

----------------------------------------
x = 55.000000, y = 90.000000
avance = -99.000000, avanceR = 2.000000, avanceI = 2.000000
inc_x_r = 0.000000, inc_y_r = 1.000000, inc_x_i = 1.000000, inc_y_i = 1.000000
En el else......

----------------------------------------
x = 55.000000, y = 91.000000
avance = -97.000000, avanceR = 2.000000, avanceI = 2.000000
inc_x_r = 0.000000, inc_y_r = 1.000000, inc_x_i = 1.000000, inc_y_i = 1.000000
En el else......

----------------------------------------
x = 55.000000, y = 92.000000
avance = -95.000000, avanceR = 2.000000, avanceI = 2.000000
inc_x_r = 0.000000, inc_y_r = 1.000000, inc_x_i = 1.000000, inc_y_i = 1.000000
En el else......

----------------------------------------
x = 55.000000, y = 93.000000
avance = -93.000000, avanceR = 2.000000, avanceI = 2.000000
inc_x_r = 0.000000, inc_y_r = 1.000000, inc_x_i = 1.000000, inc_y_i = 1.000000
En el else......

----------------------------------------
x = 55.000000, y = 94.000000
avance = -91.000000, avanceR = 2.000000, avanceI = 2.000000
inc_x_r = 0.000000, inc_y_r = 1.000000, inc_x_i = 1.000000, inc_y_i = 1.000000
En el else......

----------------------------------------
x = 55.000000, y = 95.000000
avance = -89.000000, avanceR = 2.000000, avanceI = 2.000000
inc_x_r = 0.000000, inc_y_r = 1.000000, inc_x_i = 1.000000, inc_y_i = 1.000000
En el else......

----------------------------------------
x = 55.000000, y = 96.000000
avance = -87.000000, avanceR = 2.000000, avanceI = 2.000000
inc_x_r = 0.000000, inc_y_r = 1.000000, inc_x_i = 1.000000, inc_y_i = 1.000000
En el else......

----------------------------------------
x = 55.000000, y = 97.000000
avance = -85.000000, avanceR = 2.000000, avanceI = 2.000000
inc_x_r = 0.000000, inc_y_r = 1.000000, inc_x_i = 1.000000, inc_y_i = 1.000000
En el else......

----------------------------------------
x = 55.000000, y = 98.000000
avance = -83.000000, avanceR = 2.000000, avanceI = 2.000000
inc_x_r = 0.000000, inc_y_r = 1.000000, inc_x_i = 1.000000, inc_y_i = 1.000000
En el else......

----------------------------------------
x = 55.000000, y = 99.000000
avance = -81.000000, avanceR = 2.000000, avanceI = 2.000000
inc_x_r = 0.000000, inc_y_r = 1.000000, inc_x_i = 1.000000, inc_y_i = 1.000000
En el else......

----------------------------------------
x = 55.000000, y = 100.000000
avance = -79.000000, avanceR = 2.000000, avanceI = 2.000000
inc_x_r = 0.000000, inc_y_r = 1.000000, inc_x_i = 1.000000, inc_y_i = 1.000000
En el else......

----------------------------------------
x = 55.000000, y = 101.000000
avance = -77.000000, avanceR = 2.000000, avanceI = 2.000000
inc_x_r = 0.000000, inc_y_r = 1.000000, inc_x_i = 1.000000, inc_y_i = 1.000000
En el else......

----------------------------------------
x = 55.000000, y = 102.000000
avance = -75.000000, avanceR = 2.000000, avanceI = 2.000000
inc_x_r = 0.000000, inc_y_r = 1.000000, inc_x_i = 1.000000, inc_y_i = 1.000000
En el else......

----------------------------------------
x = 55.000000, y = 103.000000
avance = -73.000000, avanceR = 2.000000, avanceI = 2.000000
inc_x_r = 0.000000, inc_y_r = 1.000000, inc_x_i = 1.000000, inc_y_i = 1.000000
En el else......

----------------------------------------
x = 55.000000, y = 104.000000
avance = -71.000000, avanceR = 2.000000, avanceI = 2.000000
inc_x_r = 0.000000, inc_y_r = 1.000000, inc_x_i = 1.000000, inc_y_i = 1.000000
En el else......

----------------------------------------
x = 55.000000, y = 105.000000
avance = -69.000000, avanceR = 2.000000, avanceI = 2.000000
inc_x_r = 0.000000, inc_y_r = 1.000000, inc_x_i = 1.000000, inc_y_i = 1.000000
En el else......

----------------------------------------
x = 55.000000, y = 106.000000
avance = -67.000000, avanceR = 2.000000, avanceI = 2.000000
inc_x_r = 0.000000, inc_y_r = 1.000000, inc_x_i = 1.000000, inc_y_i = 1.000000
En el else......

----------------------------------------
x = 55.000000, y = 107.000000
avance = -65.000000, avanceR = 2.000000, avanceI = 2.000000
inc_x_r = 0.000000, inc_y_r = 1.000000, inc_x_i = 1.000000, inc_y_i = 1.000000
En el else......

----------------------------------------
x = 55.000000, y = 108.000000
avance = -63.000000, avanceR = 2.000000, avanceI = 2.000000
inc_x_r = 0.000000, inc_y_r = 1.000000, inc_x_i = 1.000000, inc_y_i = 1.000000
En el else......

----------------------------------------
x = 55.000000, y = 109.000000
avance = -61.000000, avanceR = 2.000000, avanceI = 2.000000
inc_x_r = 0.000000, inc_y_r = 1.000000, inc_x_i = 1.000000, inc_y_i = 1.000000
En el else......

----------------------------------------
x = 55.000000, y = 110.000000
avance = -59.000000, avanceR = 2.000000, avanceI = 2.000000
inc_x_r = 0.000000, inc_y_r = 1.000000, inc_x_i = 1.000000, inc_y_i = 1.000000
En el else......

----------------------------------------
x = 55.000000, y = 111.000000
avance = -57.000000, avanceR = 2.000000, avanceI = 2.000000
inc_x_r = 0.000000, inc_y_r = 1.000000, inc_x_i = 1.000000, inc_y_i = 1.000000
En el else......

----------------------------------------
x = 55.000000, y = 112.000000
avance = -55.000000, avanceR = 2.000000, avanceI = 2.000000
inc_x_r = 0.000000, inc_y_r = 1.000000, inc_x_i = 1.000000, inc_y_i = 1.000000
En el else......

----------------------------------------
x = 55.000000, y = 113.000000
avance = -53.000000, avanceR = 2.000000, avanceI = 2.000000
inc_x_r = 0.000000, inc_y_r = 1.000000, inc_x_i = 1.000000, inc_y_i = 1.000000
En el else......

----------------------------------------
x = 55.000000, y = 114.000000
avance = -51.000000, avanceR = 2.000000, avanceI = 2.000000
inc_x_r = 0.000000, inc_y_r = 1.000000, inc_x_i = 1.000000, inc_y_i = 1.000000
En el else......

----------------------------------------
x = 55.000000, y = 115.000000
avance = -49.000000, avanceR = 2.000000, avanceI = 2.000000
inc_x_r = 0.000000, inc_y_r = 1.000000, inc_x_i = 1.000000, inc_y_i = 1.000000
En el else......

----------------------------------------
x = 55.000000, y = 116.000000
avance = -47.000000, avanceR = 2.000000, avanceI = 2.000000
inc_x_r = 0.000000, inc_y_r = 1.000000, inc_x_i = 1.000000, inc_y_i = 1.000000
En el else......

----------------------------------------
x = 55.000000, y = 117.000000
avance = -45.000000, avanceR = 2.000000, avanceI = 2.000000
inc_x_r = 0.000000, inc_y_r = 1.000000, inc_x_i = 1.000000, inc_y_i = 1.000000
En el else......

----------------------------------------
x = 55.000000, y = 118.000000
avance = -43.000000, avanceR = 2.000000, avanceI = 2.000000
inc_x_r = 0.000000, inc_y_r = 1.000000, inc_x_i = 1.000000, inc_y_i = 1.000000
En el else......

----------------------------------------
x = 55.000000, y = 119.000000
avance = -41.000000, avanceR = 2.000000, avanceI = 2.000000
inc_x_r = 0.000000, inc_y_r = 1.000000, inc_x_i = 1.000000, inc_y_i = 1.000000
En el else......

----------------------------------------
x = 55.000000, y = 120.000000
avance = -39.000000, avanceR = 2.000000, avanceI = 2.000000
inc_x_r = 0.000000, inc_y_r = 1.000000, inc_x_i = 1.000000, inc_y_i = 1.000000
En el else......

----------------------------------------
x = 55.000000, y = 121.000000
avance = -37.000000, avanceR = 2.000000, avanceI = 2.000000
inc_x_r = 0.000000, inc_y_r = 1.000000, inc_x_i = 1.000000, inc_y_i = 1.000000
En el else......

----------------------------------------
x = 55.000000, y = 122.000000
avance = -35.000000, avanceR = 2.000000, avanceI = 2.000000
inc_x_r = 0.000000, inc_y_r = 1.000000, inc_x_i = 1.000000, inc_y_i = 1.000000
En el else......

----------------------------------------
x = 55.000000, y = 123.000000
avance = -33.000000, avanceR = 2.000000, avanceI = 2.000000
inc_x_r = 0.000000, inc_y_r = 1.000000, inc_x_i = 1.000000, inc_y_i = 1.000000
En el else......

----------------------------------------
x = 55.000000, y = 124.000000
avance = -31.000000, avanceR = 2.000000, avanceI = 2.000000
inc_x_r = 0.000000, inc_y_r = 1.000000, inc_x_i = 1.000000, inc_y_i = 1.000000
En el else......

----------------------------------------
x = 55.000000, y = 125.000000
avance = -29.000000, avanceR = 2.000000, avanceI = 2.000000
inc_x_r = 0.000000, inc_y_r = 1.000000, inc_x_i = 1.000000, inc_y_i = 1.000000
En el else......

----------------------------------------
x = 55.000000, y = 126.000000
avance = -27.000000, avanceR = 2.000000, avanceI = 2.000000
inc_x_r = 0.000000, inc_y_r = 1.000000, inc_x_i = 1.000000, inc_y_i = 1.000000
En el else......

----------------------------------------
x = 55.000000, y = 127.000000
avance = -25.000000, avanceR = 2.000000, avanceI = 2.000000
inc_x_r = 0.000000, inc_y_r = 1.000000, inc_x_i = 1.000000, inc_y_i = 1.000000
En el else......

----------------------------------------
x = 55.000000, y = 128.000000
avance = -23.000000, avanceR = 2.000000, avanceI = 2.000000
inc_x_r = 0.000000, inc_y_r = 1.000000, inc_x_i = 1.000000, inc_y_i = 1.000000
En el else......

----------------------------------------
x = 55.000000, y = 129.000000
avance = -21.000000, avanceR = 2.000000, avanceI = 2.000000
inc_x_r = 0.000000, inc_y_r = 1.000000, inc_x_i = 1.000000, inc_y_i = 1.000000
En el else......

----------------------------------------
x = 55.000000, y = 130.000000
avance = -19.000000, avanceR = 2.000000, avanceI = 2.000000
inc_x_r = 0.000000, inc_y_r = 1.000000, inc_x_i = 1.000000, inc_y_i = 1.000000
En el else......

----------------------------------------
x = 55.000000, y = 131.000000
avance = -17.000000, avanceR = 2.000000, avanceI = 2.000000
inc_x_r = 0.000000, inc_y_r = 1.000000, inc_x_i = 1.000000, inc_y_i = 1.000000
En el else......

----------------------------------------
x = 55.000000, y = 132.000000
avance = -15.000000, avanceR = 2.000000, avanceI = 2.000000
inc_x_r = 0.000000, inc_y_r = 1.000000, inc_x_i = 1.000000, inc_y_i = 1.000000
En el else......

----------------------------------------
x = 55.000000, y = 133.000000
avance = -13.000000, avanceR = 2.000000, avanceI = 2.000000
inc_x_r = 0.000000, inc_y_r = 1.000000, inc_x_i = 1.000000, inc_y_i = 1.000000
En el else......

----------------------------------------
x = 55.000000, y = 134.000000
avance = -11.000000, avanceR = 2.000000, avanceI = 2.000000
inc_x_r = 0.000000, inc_y_r = 1.000000, inc_x_i = 1.000000, inc_y_i = 1.000000
En el else......

----------------------------------------
x = 55.000000, y = 135.000000
avance = -9.000000, avanceR = 2.000000, avanceI = 2.000000
inc_x_r = 0.000000, inc_y_r = 1.000000, inc_x_i = 1.000000, inc_y_i = 1.000000
En el else......

----------------------------------------
x = 55.000000, y = 136.000000
avance = -7.000000, avanceR = 2.000000, avanceI = 2.000000
inc_x_r = 0.000000, inc_y_r = 1.000000, inc_x_i = 1.000000, inc_y_i = 1.000000
En el else......

----------------------------------------
x = 55.000000, y = 137.000000
avance = -5.000000, avanceR = 2.000000, avanceI = 2.000000
inc_x_r = 0.000000, inc_y_r = 1.000000, inc_x_i = 1.000000, inc_y_i = 1.000000
En el else......

----------------------------------------
x = 55.000000, y = 138.000000
avance = -3.000000, avanceR = 2.000000, avanceI = 2.000000
inc_x_r = 0.000000, inc_y_r = 1.000000, inc_x_i = 1.000000, inc_y_i = 1.000000
En el else......

----------------------------------------
x = 55.000000, y = 139.000000
avance = -1.000000, avanceR = 2.000000, avanceI = 2.000000
inc_x_r = 0.000000, inc_y_r = 1.000000, inc_x_i = 1.000000, inc_y_i = 1.000000
En el else......

----------------------------------------
x = 55.000000, y = 140.000000
avance = 1.000000, avanceR = 2.000000, avanceI = 2.000000
inc_x_r = 0.000000, inc_y_r = 1.000000, inc_x_i = 1.000000, inc_y_i = 1.000000
avance >= 0

----------------------------------------
x = 56.000000, y = 141.000000
avance = -499.000000, avanceR = 2.000000, avanceI = 2.000000
inc_x_r = 0.000000, inc_y_r = 1.000000, inc_x_i = 1.000000, inc_y_i = 1.000000
En el else......

----------------------------------------
x = 56.000000, y = 142.000000
avance = -497.000000, avanceR = 2.000000, avanceI = 2.000000
inc_x_r = 0.000000, inc_y_r = 1.000000, inc_x_i = 1.000000, inc_y_i = 1.000000
En el else......

----------------------------------------
x = 56.000000, y = 143.000000
avance = -495.000000, avanceR = 2.000000, avanceI = 2.000000
inc_x_r = 0.000000, inc_y_r = 1.000000, inc_x_i = 1.000000, inc_y_i = 1.000000
En el else......

----------------------------------------
x = 56.000000, y = 144.000000
avance = -493.000000, avanceR = 2.000000, avanceI = 2.000000
inc_x_r = 0.000000, inc_y_r = 1.000000, inc_x_i = 1.000000, inc_y_i = 1.000000
En el else......

----------------------------------------
x = 56.000000, y = 145.000000
avance = -491.000000, avanceR = 2.000000, avanceI = 2.000000
inc_x_r = 0.000000, inc_y_r = 1.000000, inc_x_i = 1.000000, inc_y_i = 1.000000
En el else......

----------------------------------------
x = 56.000000, y = 146.000000
avance = -489.000000, avanceR = 2.000000, avanceI = 2.000000
inc_x_r = 0.000000, inc_y_r = 1.000000, inc_x_i = 1.000000, inc_y_i = 1.000000
En el else......

----------------------------------------
x = 56.000000, y = 147.000000
avance = -487.000000, avanceR = 2.000000, avanceI = 2.000000
inc_x_r = 0.000000, inc_y_r = 1.000000, inc_x_i = 1.000000, inc_y_i = 1.000000
En el else......

----------------------------------------
x = 56.000000, y = 148.000000
avance = -485.000000, avanceR = 2.000000, avanceI = 2.000000
inc_x_r = 0.000000, inc_y_r = 1.000000, inc_x_i = 1.000000, inc_y_i = 1.000000
En el else......

----------------------------------------
x = 56.000000, y = 149.000000
avance = -483.000000, avanceR = 2.000000, avanceI = 2.000000
inc_x_r = 0.000000, inc_y_r = 1.000000, inc_x_i = 1.000000, inc_y_i = 1.000000
En el else......

----------------------------------------
x = 56.000000, y = 150.000000
avance = -481.000000, avanceR = 2.000000, avanceI = 2.000000
inc_x_r = 0.000000, inc_y_r = 1.000000, inc_x_i = 1.000000, inc_y_i = 1.000000
En el else......

----------------------------------------
x = 56.000000, y = 151.000000
avance = -479.000000, avanceR = 2.000000, avanceI = 2.000000
inc_x_r = 0.000000, inc_y_r = 1.000000, inc_x_i = 1.000000, inc_y_i = 1.000000
En el else......

----------------------------------------
x = 56.000000, y = 152.000000
avance = -477.000000, avanceR = 2.000000, avanceI = 2.000000
inc_x_r = 0.000000, inc_y_r = 1.000000, inc_x_i = 1.000000, inc_y_i = 1.000000
En el else......

----------------------------------------
x = 56.000000, y = 153.000000
avance = -475.000000, avanceR = 2.000000, avanceI = 2.000000
inc_x_r = 0.000000, inc_y_r = 1.000000, inc_x_i = 1.000000, inc_y_i = 1.000000
En el else......

----------------------------------------
x = 56.000000, y = 154.000000
avance = -473.000000, avanceR = 2.000000, avanceI = 2.000000
inc_x_r = 0.000000, inc_y_r = 1.000000, inc_x_i = 1.000000, inc_y_i = 1.000000
En el else......

----------------------------------------
x = 56.000000, y = 155.000000
avance = -471.000000, avanceR = 2.000000, avanceI = 2.000000
inc_x_r = 0.000000, inc_y_r = 1.000000, inc_x_i = 1.000000, inc_y_i = 1.000000
En el else......

----------------------------------------
x = 56.000000, y = 156.000000
avance = -469.000000, avanceR = 2.000000, avanceI = 2.000000
inc_x_r = 0.000000, inc_y_r = 1.000000, inc_x_i = 1.000000, inc_y_i = 1.000000
En el else......

----------------------------------------
x = 56.000000, y = 157.000000
avance = -467.000000, avanceR = 2.000000, avanceI = 2.000000
inc_x_r = 0.000000, inc_y_r = 1.000000, inc_x_i = 1.000000, inc_y_i = 1.000000
En el else......

----------------------------------------
x = 56.000000, y = 158.000000
avance = -465.000000, avanceR = 2.000000, avanceI = 2.000000
inc_x_r = 0.000000, inc_y_r = 1.000000, inc_x_i = 1.000000, inc_y_i = 1.000000
En el else......

----------------------------------------
x = 56.000000, y = 159.000000
avance = -463.000000, avanceR = 2.000000, avanceI = 2.000000
inc_x_r = 0.000000, inc_y_r = 1.000000, inc_x_i = 1.000000, inc_y_i = 1.000000
En el else......

----------------------------------------
x = 56.000000, y = 160.000000
avance = -461.000000, avanceR = 2.000000, avanceI = 2.000000
inc_x_r = 0.000000, inc_y_r = 1.000000, inc_x_i = 1.000000, inc_y_i = 1.000000
En el else......

----------------------------------------
x = 56.000000, y = 161.000000
avance = -459.000000, avanceR = 2.000000, avanceI = 2.000000
inc_x_r = 0.000000, inc_y_r = 1.000000, inc_x_i = 1.000000, inc_y_i = 1.000000
En el else......

----------------------------------------
x = 56.000000, y = 162.000000
avance = -457.000000, avanceR = 2.000000, avanceI = 2.000000
inc_x_r = 0.000000, inc_y_r = 1.000000, inc_x_i = 1.000000, inc_y_i = 1.000000
En el else......

----------------------------------------
x = 56.000000, y = 163.000000
avance = -455.000000, avanceR = 2.000000, avanceI = 2.000000
inc_x_r = 0.000000, inc_y_r = 1.000000, inc_x_i = 1.000000, inc_y_i = 1.000000
En el else......

----------------------------------------
x = 56.000000, y = 164.000000
avance = -453.000000, avanceR = 2.000000, avanceI = 2.000000
inc_x_r = 0.000000, inc_y_r = 1.000000, inc_x_i = 1.000000, inc_y_i = 1.000000
En el else......

----------------------------------------
x = 56.000000, y = 165.000000
avance = -451.000000, avanceR = 2.000000, avanceI = 2.000000
inc_x_r = 0.000000, inc_y_r = 1.000000, inc_x_i = 1.000000, inc_y_i = 1.000000
En el else......

----------------------------------------
x = 56.000000, y = 166.000000
avance = -449.000000, avanceR = 2.000000, avanceI = 2.000000
inc_x_r = 0.000000, inc_y_r = 1.000000, inc_x_i = 1.000000, inc_y_i = 1.000000
En el else......

----------------------------------------
x = 56.000000, y = 167.000000
avance = -447.000000, avanceR = 2.000000, avanceI = 2.000000
inc_x_r = 0.000000, inc_y_r = 1.000000, inc_x_i = 1.000000, inc_y_i = 1.000000
En el else......

----------------------------------------
x = 56.000000, y = 168.000000
avance = -445.000000, avanceR = 2.000000, avanceI = 2.000000
inc_x_r = 0.000000, inc_y_r = 1.000000, inc_x_i = 1.000000, inc_y_i = 1.000000
En el else......

----------------------------------------
x = 56.000000, y = 169.000000
avance = -443.000000, avanceR = 2.000000, avanceI = 2.000000
inc_x_r = 0.000000, inc_y_r = 1.000000, inc_x_i = 1.000000, inc_y_i = 1.000000
En el else......

----------------------------------------
x = 56.000000, y = 170.000000
avance = -441.000000, avanceR = 2.000000, avanceI = 2.000000
inc_x_r = 0.000000, inc_y_r = 1.000000, inc_x_i = 1.000000, inc_y_i = 1.000000
En el else......

----------------------------------------
x = 56.000000, y = 171.000000
avance = -439.000000, avanceR = 2.000000, avanceI = 2.000000
inc_x_r = 0.000000, inc_y_r = 1.000000, inc_x_i = 1.000000, inc_y_i = 1.000000
En el else......

----------------------------------------
x = 56.000000, y = 172.000000
avance = -437.000000, avanceR = 2.000000, avanceI = 2.000000
inc_x_r = 0.000000, inc_y_r = 1.000000, inc_x_i = 1.000000, inc_y_i = 1.000000
En el else......

----------------------------------------
x = 56.000000, y = 173.000000
avance = -435.000000, avanceR = 2.000000, avanceI = 2.000000
inc_x_r = 0.000000, inc_y_r = 1.000000, inc_x_i = 1.000000, inc_y_i = 1.000000
En el else......

----------------------------------------
x = 56.000000, y = 174.000000
avance = -433.000000, avanceR = 2.000000, avanceI = 2.000000
inc_x_r = 0.000000, inc_y_r = 1.000000, inc_x_i = 1.000000, inc_y_i = 1.000000
En el else......

----------------------------------------
x = 56.000000, y = 175.000000
avance = -431.000000, avanceR = 2.000000, avanceI = 2.000000
inc_x_r = 0.000000, inc_y_r = 1.000000, inc_x_i = 1.000000, inc_y_i = 1.000000
En el else......

----------------------------------------
x = 56.000000, y = 176.000000
avance = -429.000000, avanceR = 2.000000, avanceI = 2.000000
inc_x_r = 0.000000, inc_y_r = 1.000000, inc_x_i = 1.000000, inc_y_i = 1.000000
En el else......

----------------------------------------
x = 56.000000, y = 177.000000
avance = -427.000000, avanceR = 2.000000, avanceI = 2.000000
inc_x_r = 0.000000, inc_y_r = 1.000000, inc_x_i = 1.000000, inc_y_i = 1.000000
En el else......

----------------------------------------
x = 56.000000, y = 178.000000
avance = -425.000000, avanceR = 2.000000, avanceI = 2.000000
inc_x_r = 0.000000, inc_y_r = 1.000000, inc_x_i = 1.000000, inc_y_i = 1.000000
En el else......

----------------------------------------
x = 56.000000, y = 179.000000
avance = -423.000000, avanceR = 2.000000, avanceI = 2.000000
inc_x_r = 0.000000, inc_y_r = 1.000000, inc_x_i = 1.000000, inc_y_i = 1.000000
En el else......

----------------------------------------
x = 56.000000, y = 180.000000
avance = -421.000000, avanceR = 2.000000, avanceI = 2.000000
inc_x_r = 0.000000, inc_y_r = 1.000000, inc_x_i = 1.000000, inc_y_i = 1.000000
En el else......

----------------------------------------
x = 56.000000, y = 181.000000
avance = -419.000000, avanceR = 2.000000, avanceI = 2.000000
inc_x_r = 0.000000, inc_y_r = 1.000000, inc_x_i = 1.000000, inc_y_i = 1.000000
En el else......

----------------------------------------
x = 56.000000, y = 182.000000
avance = -417.000000, avanceR = 2.000000, avanceI = 2.000000
inc_x_r = 0.000000, inc_y_r = 1.000000, inc_x_i = 1.000000, inc_y_i = 1.000000
En el else......

----------------------------------------
x = 56.000000, y = 183.000000
avance = -415.000000, avanceR = 2.000000, avanceI = 2.000000
inc_x_r = 0.000000, inc_y_r = 1.000000, inc_x_i = 1.000000, inc_y_i = 1.000000
En el else......

----------------------------------------
x = 56.000000, y = 184.000000
avance = -413.000000, avanceR = 2.000000, avanceI = 2.000000
inc_x_r = 0.000000, inc_y_r = 1.000000, inc_x_i = 1.000000, inc_y_i = 1.000000
En el else......

----------------------------------------
x = 56.000000, y = 185.000000
avance = -411.000000, avanceR = 2.000000, avanceI = 2.000000
inc_x_r = 0.000000, inc_y_r = 1.000000, inc_x_i = 1.000000, inc_y_i = 1.000000
En el else......

----------------------------------------
x = 56.000000, y = 186.000000
avance = -409.000000, avanceR = 2.000000, avanceI = 2.000000
inc_x_r = 0.000000, inc_y_r = 1.000000, inc_x_i = 1.000000, inc_y_i = 1.000000
En el else......

----------------------------------------
x = 56.000000, y = 187.000000
avance = -407.000000, avanceR = 2.000000, avanceI = 2.000000
inc_x_r = 0.000000, inc_y_r = 1.000000, inc_x_i = 1.000000, inc_y_i = 1.000000
En el else......

----------------------------------------
x = 56.000000, y = 188.000000
avance = -405.000000, avanceR = 2.000000, avanceI = 2.000000
inc_x_r = 0.000000, inc_y_r = 1.000000, inc_x_i = 1.000000, inc_y_i = 1.000000
En el else......

----------------------------------------
x = 56.000000, y = 189.000000
avance = -403.000000, avanceR = 2.000000, avanceI = 2.000000
inc_x_r = 0.000000, inc_y_r = 1.000000, inc_x_i = 1.000000, inc_y_i = 1.000000
En el else......

----------------------------------------
x = 56.000000, y = 190.000000
avance = -401.000000, avanceR = 2.000000, avanceI = 2.000000
inc_x_r = 0.000000, inc_y_r = 1.000000, inc_x_i = 1.000000, inc_y_i = 1.000000
En el else......

----------------------------------------
x = 56.000000, y = 191.000000
avance = -399.000000, avanceR = 2.000000, avanceI = 2.000000
inc_x_r = 0.000000, inc_y_r = 1.000000, inc_x_i = 1.000000, inc_y_i = 1.000000
En el else......

----------------------------------------
x = 56.000000, y = 192.000000
avance = -397.000000, avanceR = 2.000000, avanceI = 2.000000
inc_x_r = 0.000000, inc_y_r = 1.000000, inc_x_i = 1.000000, inc_y_i = 1.000000
En el else......

----------------------------------------
x = 56.000000, y = 193.000000
avance = -395.000000, avanceR = 2.000000, avanceI = 2.000000
inc_x_r = 0.000000, inc_y_r = 1.000000, inc_x_i = 1.000000, inc_y_i = 1.000000
En el else......

----------------------------------------
x = 56.000000, y = 194.000000
avance = -393.000000, avanceR = 2.000000, avanceI = 2.000000
inc_x_r = 0.000000, inc_y_r = 1.000000, inc_x_i = 1.000000, inc_y_i = 1.000000
En el else......

----------------------------------------
x = 56.000000, y = 195.000000
avance = -391.000000, avanceR = 2.000000, avanceI = 2.000000
inc_x_r = 0.000000, inc_y_r = 1.000000, inc_x_i = 1.000000, inc_y_i = 1.000000
En el else......

----------------------------------------
x = 56.000000, y = 196.000000
avance = -389.000000, avanceR = 2.000000, avanceI = 2.000000
inc_x_r = 0.000000, inc_y_r = 1.000000, inc_x_i = 1.000000, inc_y_i = 1.000000
En el else......

----------------------------------------
x = 56.000000, y = 197.000000
avance = -387.000000, avanceR = 2.000000, avanceI = 2.000000
inc_x_r = 0.000000, inc_y_r = 1.000000, inc_x_i = 1.000000, inc_y_i = 1.000000
En el else......

----------------------------------------
x = 56.000000, y = 198.000000
avance = -385.000000, avanceR = 2.000000, avanceI = 2.000000
inc_x_r = 0.000000, inc_y_r = 1.000000, inc_x_i = 1.000000, inc_y_i = 1.000000
En el else......

----------------------------------------
x = 56.000000, y = 199.000000
avance = -383.000000, avanceR = 2.000000, avanceI = 2.000000
inc_x_r = 0.000000, inc_y_r = 1.000000, inc_x_i = 1.000000, inc_y_i = 1.000000
En el else......

----------------------------------------
x = 56.000000, y = 200.000000
avance = -381.000000, avanceR = 2.000000, avanceI = 2.000000
inc_x_r = 0.000000, inc_y_r = 1.000000, inc_x_i = 1.000000, inc_y_i = 1.000000
En el else......

----------------------------------------
x = 56.000000, y = 201.000000
avance = -379.000000, avanceR = 2.000000, avanceI = 2.000000
inc_x_r = 0.000000, inc_y_r = 1.000000, inc_x_i = 1.000000, inc_y_i = 1.000000
En el else......

----------------------------------------
x = 56.000000, y = 202.000000
avance = -377.000000, avanceR = 2.000000, avanceI = 2.000000
inc_x_r = 0.000000, inc_y_r = 1.000000, inc_x_i = 1.000000, inc_y_i = 1.000000
En el else......

----------------------------------------
x = 56.000000, y = 203.000000
avance = -375.000000, avanceR = 2.000000, avanceI = 2.000000
inc_x_r = 0.000000, inc_y_r = 1.000000, inc_x_i = 1.000000, inc_y_i = 1.000000
En el else......

----------------------------------------
x = 56.000000, y = 204.000000
avance = -373.000000, avanceR = 2.000000, avanceI = 2.000000
inc_x_r = 0.000000, inc_y_r = 1.000000, inc_x_i = 1.000000, inc_y_i = 1.000000
En el else......

----------------------------------------
x = 56.000000, y = 205.000000
avance = -371.000000, avanceR = 2.000000, avanceI = 2.000000
inc_x_r = 0.000000, inc_y_r = 1.000000, inc_x_i = 1.000000, inc_y_i = 1.000000
En el else......

----------------------------------------
x = 56.000000, y = 206.000000
avance = -369.000000, avanceR = 2.000000, avanceI = 2.000000
inc_x_r = 0.000000, inc_y_r = 1.000000, inc_x_i = 1.000000, inc_y_i = 1.000000
En el else......

----------------------------------------
x = 56.000000, y = 207.000000
avance = -367.000000, avanceR = 2.000000, avanceI = 2.000000
inc_x_r = 0.000000, inc_y_r = 1.000000, inc_x_i = 1.000000, inc_y_i = 1.000000
En el else......

----------------------------------------
x = 56.000000, y = 208.000000
avance = -365.000000, avanceR = 2.000000, avanceI = 2.000000
inc_x_r = 0.000000, inc_y_r = 1.000000, inc_x_i = 1.000000, inc_y_i = 1.000000
En el else......

----------------------------------------
x = 56.000000, y = 209.000000
avance = -363.000000, avanceR = 2.000000, avanceI = 2.000000
inc_x_r = 0.000000, inc_y_r = 1.000000, inc_x_i = 1.000000, inc_y_i = 1.000000
En el else......

----------------------------------------
x = 56.000000, y = 210.000000
avance = -361.000000, avanceR = 2.000000, avanceI = 2.000000
inc_x_r = 0.000000, inc_y_r = 1.000000, inc_x_i = 1.000000, inc_y_i = 1.000000
En el else......

----------------------------------------
x = 56.000000, y = 211.000000
avance = -359.000000, avanceR = 2.000000, avanceI = 2.000000
inc_x_r = 0.000000, inc_y_r = 1.000000, inc_x_i = 1.000000, inc_y_i = 1.000000
En el else......

----------------------------------------
x = 56.000000, y = 212.000000
avance = -357.000000, avanceR = 2.000000, avanceI = 2.000000
inc_x_r = 0.000000, inc_y_r = 1.000000, inc_x_i = 1.000000, inc_y_i = 1.000000
En el else......

----------------------------------------
x = 56.000000, y = 213.000000
avance = -355.000000, avanceR = 2.000000, avanceI = 2.000000
inc_x_r = 0.000000, inc_y_r = 1.000000, inc_x_i = 1.000000, inc_y_i = 1.000000
En el else......

----------------------------------------
x = 56.000000, y = 214.000000
avance = -353.000000, avanceR = 2.000000, avanceI = 2.000000
inc_x_r = 0.000000, inc_y_r = 1.000000, inc_x_i = 1.000000, inc_y_i = 1.000000
En el else......

----------------------------------------
x = 56.000000, y = 215.000000
avance = -351.000000, avanceR = 2.000000, avanceI = 2.000000
inc_x_r = 0.000000, inc_y_r = 1.000000, inc_x_i = 1.000000, inc_y_i = 1.000000
En el else......

----------------------------------------
x = 56.000000, y = 216.000000
avance = -349.000000, avanceR = 2.000000, avanceI = 2.000000
inc_x_r = 0.000000, inc_y_r = 1.000000, inc_x_i = 1.000000, inc_y_i = 1.000000
En el else......

----------------------------------------
x = 56.000000, y = 217.000000
avance = -347.000000, avanceR = 2.000000, avanceI = 2.000000
inc_x_r = 0.000000, inc_y_r = 1.000000, inc_x_i = 1.000000, inc_y_i = 1.000000
En el else......

----------------------------------------
x = 56.000000, y = 218.000000
avance = -345.000000, avanceR = 2.000000, avanceI = 2.000000
inc_x_r = 0.000000, inc_y_r = 1.000000, inc_x_i = 1.000000, inc_y_i = 1.000000
En el else......

----------------------------------------
x = 56.000000, y = 219.000000
avance = -343.000000, avanceR = 2.000000, avanceI = 2.000000
inc_x_r = 0.000000, inc_y_r = 1.000000, inc_x_i = 1.000000, inc_y_i = 1.000000
En el else......

----------------------------------------
x = 56.000000, y = 220.000000
avance = -341.000000, avanceR = 2.000000, avanceI = 2.000000
inc_x_r = 0.000000, inc_y_r = 1.000000, inc_x_i = 1.000000, inc_y_i = 1.000000
En el else......

----------------------------------------
x = 56.000000, y = 221.000000
avance = -339.000000, avanceR = 2.000000, avanceI = 2.000000
inc_x_r = 0.000000, inc_y_r = 1.000000, inc_x_i = 1.000000, inc_y_i = 1.000000
En el else......

----------------------------------------
x = 56.000000, y = 222.000000
avance = -337.000000, avanceR = 2.000000, avanceI = 2.000000
inc_x_r = 0.000000, inc_y_r = 1.000000, inc_x_i = 1.000000, inc_y_i = 1.000000
En el else......

----------------------------------------
x = 56.000000, y = 223.000000
avance = -335.000000, avanceR = 2.000000, avanceI = 2.000000
inc_x_r = 0.000000, inc_y_r = 1.000000, inc_x_i = 1.000000, inc_y_i = 1.000000
En el else......

----------------------------------------
x = 56.000000, y = 224.000000
avance = -333.000000, avanceR = 2.000000, avanceI = 2.000000
inc_x_r = 0.000000, inc_y_r = 1.000000, inc_x_i = 1.000000, inc_y_i = 1.000000
En el else......

----------------------------------------
x = 56.000000, y = 225.000000
avance = -331.000000, avanceR = 2.000000, avanceI = 2.000000
inc_x_r = 0.000000, inc_y_r = 1.000000, inc_x_i = 1.000000, inc_y_i = 1.000000
En el else......

----------------------------------------
x = 56.000000, y = 226.000000
avance = -329.000000, avanceR = 2.000000, avanceI = 2.000000
inc_x_r = 0.000000, inc_y_r = 1.000000, inc_x_i = 1.000000, inc_y_i = 1.000000
En el else......

----------------------------------------
x = 56.000000, y = 227.000000
avance = -327.000000, avanceR = 2.000000, avanceI = 2.000000
inc_x_r = 0.000000, inc_y_r = 1.000000, inc_x_i = 1.000000, inc_y_i = 1.000000
En el else......

----------------------------------------
x = 56.000000, y = 228.000000
avance = -325.000000, avanceR = 2.000000, avanceI = 2.000000
inc_x_r = 0.000000, inc_y_r = 1.000000, inc_x_i = 1.000000, inc_y_i = 1.000000
En el else......

----------------------------------------
x = 56.000000, y = 229.000000
avance = -323.000000, avanceR = 2.000000, avanceI = 2.000000
inc_x_r = 0.000000, inc_y_r = 1.000000, inc_x_i = 1.000000, inc_y_i = 1.000000
En el else......

----------------------------------------
x = 56.000000, y = 230.000000
avance = -321.000000, avanceR = 2.000000, avanceI = 2.000000
inc_x_r = 0.000000, inc_y_r = 1.000000, inc_x_i = 1.000000, inc_y_i = 1.000000
En el else......

----------------------------------------
x = 56.000000, y = 231.000000
avance = -319.000000, avanceR = 2.000000, avanceI = 2.000000
inc_x_r = 0.000000, inc_y_r = 1.000000, inc_x_i = 1.000000, inc_y_i = 1.000000
En el else......

----------------------------------------
x = 56.000000, y = 232.000000
avance = -317.000000, avanceR = 2.000000, avanceI = 2.000000
inc_x_r = 0.000000, inc_y_r = 1.000000, inc_x_i = 1.000000, inc_y_i = 1.000000
En el else......

----------------------------------------
x = 56.000000, y = 233.000000
avance = -315.000000, avanceR = 2.000000, avanceI = 2.000000
inc_x_r = 0.000000, inc_y_r = 1.000000, inc_x_i = 1.000000, inc_y_i = 1.000000
En el else......

----------------------------------------
x = 56.000000, y = 234.000000
avance = -313.000000, avanceR = 2.000000, avanceI = 2.000000
inc_x_r = 0.000000, inc_y_r = 1.000000, inc_x_i = 1.000000, inc_y_i = 1.000000
En el else......

----------------------------------------
x = 56.000000, y = 235.000000
avance = -311.000000, avanceR = 2.000000, avanceI = 2.000000
inc_x_r = 0.000000, inc_y_r = 1.000000, inc_x_i = 1.000000, inc_y_i = 1.000000
En el else......

----------------------------------------
x = 56.000000, y = 236.000000
avance = -309.000000, avanceR = 2.000000, avanceI = 2.000000
inc_x_r = 0.000000, inc_y_r = 1.000000, inc_x_i = 1.000000, inc_y_i = 1.000000
En el else......

----------------------------------------
x = 56.000000, y = 237.000000
avance = -307.000000, avanceR = 2.000000, avanceI = 2.000000
inc_x_r = 0.000000, inc_y_r = 1.000000, inc_x_i = 1.000000, inc_y_i = 1.000000
En el else......

----------------------------------------
x = 56.000000, y = 238.000000
avance = -305.000000, avanceR = 2.000000, avanceI = 2.000000
inc_x_r = 0.000000, inc_y_r = 1.000000, inc_x_i = 1.000000, inc_y_i = 1.000000
En el else......

----------------------------------------
x = 56.000000, y = 239.000000
avance = -303.000000, avanceR = 2.000000, avanceI = 2.000000
inc_x_r = 0.000000, inc_y_r = 1.000000, inc_x_i = 1.000000, inc_y_i = 1.000000
En el else......

----------------------------------------
x = 56.000000, y = 240.000000
avance = -301.000000, avanceR = 2.000000, avanceI = 2.000000
inc_x_r = 0.000000, inc_y_r = 1.000000, inc_x_i = 1.000000, inc_y_i = 1.000000
En el else......

----------------------------------------
x = 56.000000, y = 241.000000
avance = -299.000000, avanceR = 2.000000, avanceI = 2.000000
inc_x_r = 0.000000, inc_y_r = 1.000000, inc_x_i = 1.000000, inc_y_i = 1.000000
En el else......

----------------------------------------
x = 56.000000, y = 242.000000
avance = -297.000000, avanceR = 2.000000, avanceI = 2.000000
inc_x_r = 0.000000, inc_y_r = 1.000000, inc_x_i = 1.000000, inc_y_i = 1.000000
En el else......

----------------------------------------
x = 56.000000, y = 243.000000
avance = -295.000000, avanceR = 2.000000, avanceI = 2.000000
inc_x_r = 0.000000, inc_y_r = 1.000000, inc_x_i = 1.000000, inc_y_i = 1.000000
En el else......

----------------------------------------
x = 56.000000, y = 244.000000
avance = -293.000000, avanceR = 2.000000, avanceI = 2.000000
inc_x_r = 0.000000, inc_y_r = 1.000000, inc_x_i = 1.000000, inc_y_i = 1.000000
En el else......

----------------------------------------
x = 56.000000, y = 245.000000
avance = -291.000000, avanceR = 2.000000, avanceI = 2.000000
inc_x_r = 0.000000, inc_y_r = 1.000000, inc_x_i = 1.000000, inc_y_i = 1.000000
En el else......

----------------------------------------
x = 56.000000, y = 246.000000
avance = -289.000000, avanceR = 2.000000, avanceI = 2.000000
inc_x_r = 0.000000, inc_y_r = 1.000000, inc_x_i = 1.000000, inc_y_i = 1.000000
En el else......

----------------------------------------
x = 56.000000, y = 247.000000
avance = -287.000000, avanceR = 2.000000, avanceI = 2.000000
inc_x_r = 0.000000, inc_y_r = 1.000000, inc_x_i = 1.000000, inc_y_i = 1.000000
En el else......

----------------------------------------
x = 56.000000, y = 248.000000
avance = -285.000000, avanceR = 2.000000, avanceI = 2.000000
inc_x_r = 0.000000, inc_y_r = 1.000000, inc_x_i = 1.000000, inc_y_i = 1.000000
En el else......

----------------------------------------
x = 56.000000, y = 249.000000
avance = -283.000000, avanceR = 2.000000, avanceI = 2.000000
inc_x_r = 0.000000, inc_y_r = 1.000000, inc_x_i = 1.000000, inc_y_i = 1.000000
En el else......

----------------------------------------
x = 56.000000, y = 250.000000
avance = -281.000000, avanceR = 2.000000, avanceI = 2.000000
inc_x_r = 0.000000, inc_y_r = 1.000000, inc_x_i = 1.000000, inc_y_i = 1.000000
En el else......

----------------------------------------
x = 56.000000, y = 251.000000
avance = -279.000000, avanceR = 2.000000, avanceI = 2.000000
inc_x_r = 0.000000, inc_y_r = 1.000000, inc_x_i = 1.000000, inc_y_i = 1.000000
En el else......

----------------------------------------
x = 56.000000, y = 252.000000
avance = -277.000000, avanceR = 2.000000, avanceI = 2.000000
inc_x_r = 0.000000, inc_y_r = 1.000000, inc_x_i = 1.000000, inc_y_i = 1.000000
En el else......

----------------------------------------
x = 56.000000, y = 253.000000
avance = -275.000000, avanceR = 2.000000, avanceI = 2.000000
inc_x_r = 0.000000, inc_y_r = 1.000000, inc_x_i = 1.000000, inc_y_i = 1.000000
En el else......

----------------------------------------
x = 56.000000, y = 254.000000
avance = -273.000000, avanceR = 2.000000, avanceI = 2.000000
inc_x_r = 0.000000, inc_y_r = 1.000000, inc_x_i = 1.000000, inc_y_i = 1.000000
En el else......

----------------------------------------
x = 56.000000, y = 255.000000
avance = -271.000000, avanceR = 2.000000, avanceI = 2.000000
inc_x_r = 0.000000, inc_y_r = 1.000000, inc_x_i = 1.000000, inc_y_i = 1.000000
En el else......

----------------------------------------
x = 56.000000, y = 256.000000
avance = -269.000000, avanceR = 2.000000, avanceI = 2.000000
inc_x_r = 0.000000, inc_y_r = 1.000000, inc_x_i = 1.000000, inc_y_i = 1.000000
En el else......

----------------------------------------
x = 56.000000, y = 257.000000
avance = -267.000000, avanceR = 2.000000, avanceI = 2.000000
inc_x_r = 0.000000, inc_y_r = 1.000000, inc_x_i = 1.000000, inc_y_i = 1.000000
En el else......

----------------------------------------
x = 56.000000, y = 258.000000
avance = -265.000000, avanceR = 2.000000, avanceI = 2.000000
inc_x_r = 0.000000, inc_y_r = 1.000000, inc_x_i = 1.000000, inc_y_i = 1.000000
En el else......

----------------------------------------
x = 56.000000, y = 259.000000
avance = -263.000000, avanceR = 2.000000, avanceI = 2.000000
inc_x_r = 0.000000, inc_y_r = 1.000000, inc_x_i = 1.000000, inc_y_i = 1.000000
En el else......

----------------------------------------
x = 56.000000, y = 260.000000
avance = -261.000000, avanceR = 2.000000, avanceI = 2.000000
inc_x_r = 0.000000, inc_y_r = 1.000000, inc_x_i = 1.000000, inc_y_i = 1.000000
En el else......

----------------------------------------
x = 56.000000, y = 261.000000
avance = -259.000000, avanceR = 2.000000, avanceI = 2.000000
inc_x_r = 0.000000, inc_y_r = 1.000000, inc_x_i = 1.000000, inc_y_i = 1.000000
En el else......

----------------------------------------
x = 56.000000, y = 262.000000
avance = -257.000000, avanceR = 2.000000, avanceI = 2.000000
inc_x_r = 0.000000, inc_y_r = 1.000000, inc_x_i = 1.000000, inc_y_i = 1.000000
En el else......

----------------------------------------
x = 56.000000, y = 263.000000
avance = -255.000000, avanceR = 2.000000, avanceI = 2.000000
inc_x_r = 0.000000, inc_y_r = 1.000000, inc_x_i = 1.000000, inc_y_i = 1.000000
En el else......

----------------------------------------
x = 56.000000, y = 264.000000
avance = -253.000000, avanceR = 2.000000, avanceI = 2.000000
inc_x_r = 0.000000, inc_y_r = 1.000000, inc_x_i = 1.000000, inc_y_i = 1.000000
En el else......

----------------------------------------
x = 56.000000, y = 265.000000
avance = -251.000000, avanceR = 2.000000, avanceI = 2.000000
inc_x_r = 0.000000, inc_y_r = 1.000000, inc_x_i = 1.000000, inc_y_i = 1.000000
En el else......

----------------------------------------


ENTRAMOS A BRESENHAMªªªª
x1 = 55.000000 - y1 = 15.000000 || x2 = 56.000000 - y2 = 266.000000
dy = 251.000000, dx = 1.000000
avances inclinados: inc_x_i = 1.000000, inc_y_i = 1.000000
updated: dy = 251.000000, dx = 1.000000
avances rectos: inc_x_r = 0.000000, inc_y_r 1.000000
reupdated: dy = 1.000000, dx = 251.000000
avanceR = 2.000000, avance -249.000000, avanceI 2.000000
----------------------------------------
x = 55.000000, y = 15.000000
avance = -249.000000, avanceR = 2.000000, avanceI = 2.000000
inc_x_r = 0.000000, inc_y_r = 1.000000, inc_x_i = 1.000000, inc_y_i = 1.000000
En el else......

----------------------------------------
x = 55.000000, y = 16.000000
avance = -247.000000, avanceR = 2.000000, avanceI = 2.000000
inc_x_r = 0.000000, inc_y_r = 1.000000, inc_x_i = 1.000000, inc_y_i = 1.000000
En el else......

----------------------------------------
x = 55.000000, y = 17.000000
avance = -245.000000, avanceR = 2.000000, avanceI = 2.000000
inc_x_r = 0.000000, inc_y_r = 1.000000, inc_x_i = 1.000000, inc_y_i = 1.000000
En el else......

----------------------------------------
x = 55.000000, y = 18.000000
avance = -243.000000, avanceR = 2.000000, avanceI = 2.000000
inc_x_r = 0.000000, inc_y_r = 1.000000, inc_x_i = 1.000000, inc_y_i = 1.000000
En el else......

----------------------------------------
x = 55.000000, y = 19.000000
avance = -241.000000, avanceR = 2.000000, avanceI = 2.000000
inc_x_r = 0.000000, inc_y_r = 1.000000, inc_x_i = 1.000000, inc_y_i = 1.000000
En el else......

----------------------------------------
x = 55.000000, y = 20.000000
avance = -239.000000, avanceR = 2.000000, avanceI = 2.000000
inc_x_r = 0.000000, inc_y_r = 1.000000, inc_x_i = 1.000000, inc_y_i = 1.000000
En el else......

----------------------------------------
x = 55.000000, y = 21.000000
avance = -237.000000, avanceR = 2.000000, avanceI = 2.000000
inc_x_r = 0.000000, inc_y_r = 1.000000, inc_x_i = 1.000000, inc_y_i = 1.000000
En el else......

----------------------------------------
x = 55.000000, y = 22.000000
avance = -235.000000, avanceR = 2.000000, avanceI = 2.000000
inc_x_r = 0.000000, inc_y_r = 1.000000, inc_x_i = 1.000000, inc_y_i = 1.000000
En el else......

----------------------------------------
x = 55.000000, y = 23.000000
avance = -233.000000, avanceR = 2.000000, avanceI = 2.000000
inc_x_r = 0.000000, inc_y_r = 1.000000, inc_x_i = 1.000000, inc_y_i = 1.000000
En el else......

----------------------------------------
x = 55.000000, y = 24.000000
avance = -231.000000, avanceR = 2.000000, avanceI = 2.000000
inc_x_r = 0.000000, inc_y_r = 1.000000, inc_x_i = 1.000000, inc_y_i = 1.000000
En el else......

----------------------------------------
x = 55.000000, y = 25.000000
avance = -229.000000, avanceR = 2.000000, avanceI = 2.000000
inc_x_r = 0.000000, inc_y_r = 1.000000, inc_x_i = 1.000000, inc_y_i = 1.000000
En el else......

----------------------------------------
x = 55.000000, y = 26.000000
avance = -227.000000, avanceR = 2.000000, avanceI = 2.000000
inc_x_r = 0.000000, inc_y_r = 1.000000, inc_x_i = 1.000000, inc_y_i = 1.000000
En el else......

----------------------------------------
x = 55.000000, y = 27.000000
avance = -225.000000, avanceR = 2.000000, avanceI = 2.000000
inc_x_r = 0.000000, inc_y_r = 1.000000, inc_x_i = 1.000000, inc_y_i = 1.000000
En el else......

----------------------------------------
x = 55.000000, y = 28.000000
avance = -223.000000, avanceR = 2.000000, avanceI = 2.000000
inc_x_r = 0.000000, inc_y_r = 1.000000, inc_x_i = 1.000000, inc_y_i = 1.000000
En el else......

----------------------------------------
x = 55.000000, y = 29.000000
avance = -221.000000, avanceR = 2.000000, avanceI = 2.000000
inc_x_r = 0.000000, inc_y_r = 1.000000, inc_x_i = 1.000000, inc_y_i = 1.000000
En el else......

----------------------------------------
x = 55.000000, y = 30.000000
avance = -219.000000, avanceR = 2.000000, avanceI = 2.000000
inc_x_r = 0.000000, inc_y_r = 1.000000, inc_x_i = 1.000000, inc_y_i = 1.000000
En el else......

----------------------------------------
x = 55.000000, y = 31.000000
avance = -217.000000, avanceR = 2.000000, avanceI = 2.000000
inc_x_r = 0.000000, inc_y_r = 1.000000, inc_x_i = 1.000000, inc_y_i = 1.000000
En el else......

----------------------------------------
x = 55.000000, y = 32.000000
avance = -215.000000, avanceR = 2.000000, avanceI = 2.000000
inc_x_r = 0.000000, inc_y_r = 1.000000, inc_x_i = 1.000000, inc_y_i = 1.000000
En el else......

----------------------------------------
x = 55.000000, y = 33.000000
avance = -213.000000, avanceR = 2.000000, avanceI = 2.000000
inc_x_r = 0.000000, inc_y_r = 1.000000, inc_x_i = 1.000000, inc_y_i = 1.000000
En el else......

----------------------------------------
x = 55.000000, y = 34.000000
avance = -211.000000, avanceR = 2.000000, avanceI = 2.000000
inc_x_r = 0.000000, inc_y_r = 1.000000, inc_x_i = 1.000000, inc_y_i = 1.000000
En el else......

----------------------------------------
x = 55.000000, y = 35.000000
avance = -209.000000, avanceR = 2.000000, avanceI = 2.000000
inc_x_r = 0.000000, inc_y_r = 1.000000, inc_x_i = 1.000000, inc_y_i = 1.000000
En el else......

----------------------------------------
x = 55.000000, y = 36.000000
avance = -207.000000, avanceR = 2.000000, avanceI = 2.000000
inc_x_r = 0.000000, inc_y_r = 1.000000, inc_x_i = 1.000000, inc_y_i = 1.000000
En el else......

----------------------------------------
x = 55.000000, y = 37.000000
avance = -205.000000, avanceR = 2.000000, avanceI = 2.000000
inc_x_r = 0.000000, inc_y_r = 1.000000, inc_x_i = 1.000000, inc_y_i = 1.000000
En el else......

----------------------------------------
x = 55.000000, y = 38.000000
avance = -203.000000, avanceR = 2.000000, avanceI = 2.000000
inc_x_r = 0.000000, inc_y_r = 1.000000, inc_x_i = 1.000000, inc_y_i = 1.000000
En el else......

----------------------------------------
x = 55.000000, y = 39.000000
avance = -201.000000, avanceR = 2.000000, avanceI = 2.000000
inc_x_r = 0.000000, inc_y_r = 1.000000, inc_x_i = 1.000000, inc_y_i = 1.000000
En el else......

----------------------------------------
x = 55.000000, y = 40.000000
avance = -199.000000, avanceR = 2.000000, avanceI = 2.000000
inc_x_r = 0.000000, inc_y_r = 1.000000, inc_x_i = 1.000000, inc_y_i = 1.000000
En el else......

----------------------------------------
x = 55.000000, y = 41.000000
avance = -197.000000, avanceR = 2.000000, avanceI = 2.000000
inc_x_r = 0.000000, inc_y_r = 1.000000, inc_x_i = 1.000000, inc_y_i = 1.000000
En el else......

----------------------------------------
x = 55.000000, y = 42.000000
avance = -195.000000, avanceR = 2.000000, avanceI = 2.000000
inc_x_r = 0.000000, inc_y_r = 1.000000, inc_x_i = 1.000000, inc_y_i = 1.000000
En el else......

----------------------------------------
x = 55.000000, y = 43.000000
avance = -193.000000, avanceR = 2.000000, avanceI = 2.000000
inc_x_r = 0.000000, inc_y_r = 1.000000, inc_x_i = 1.000000, inc_y_i = 1.000000
En el else......

----------------------------------------
x = 55.000000, y = 44.000000
avance = -191.000000, avanceR = 2.000000, avanceI = 2.000000
inc_x_r = 0.000000, inc_y_r = 1.000000, inc_x_i = 1.000000, inc_y_i = 1.000000
En el else......

----------------------------------------
x = 55.000000, y = 45.000000
avance = -189.000000, avanceR = 2.000000, avanceI = 2.000000
inc_x_r = 0.000000, inc_y_r = 1.000000, inc_x_i = 1.000000, inc_y_i = 1.000000
En el else......

----------------------------------------
x = 55.000000, y = 46.000000
avance = -187.000000, avanceR = 2.000000, avanceI = 2.000000
inc_x_r = 0.000000, inc_y_r = 1.000000, inc_x_i = 1.000000, inc_y_i = 1.000000
En el else......

----------------------------------------
x = 55.000000, y = 47.000000
avance = -185.000000, avanceR = 2.000000, avanceI = 2.000000
inc_x_r = 0.000000, inc_y_r = 1.000000, inc_x_i = 1.000000, inc_y_i = 1.000000
En el else......

----------------------------------------
x = 55.000000, y = 48.000000
avance = -183.000000, avanceR = 2.000000, avanceI = 2.000000
inc_x_r = 0.000000, inc_y_r = 1.000000, inc_x_i = 1.000000, inc_y_i = 1.000000
En el else......

----------------------------------------
x = 55.000000, y = 49.000000
avance = -181.000000, avanceR = 2.000000, avanceI = 2.000000
inc_x_r = 0.000000, inc_y_r = 1.000000, inc_x_i = 1.000000, inc_y_i = 1.000000
En el else......

----------------------------------------
x = 55.000000, y = 50.000000
avance = -179.000000, avanceR = 2.000000, avanceI = 2.000000
inc_x_r = 0.000000, inc_y_r = 1.000000, inc_x_i = 1.000000, inc_y_i = 1.000000
En el else......

----------------------------------------
x = 55.000000, y = 51.000000
avance = -177.000000, avanceR = 2.000000, avanceI = 2.000000
inc_x_r = 0.000000, inc_y_r = 1.000000, inc_x_i = 1.000000, inc_y_i = 1.000000
En el else......

----------------------------------------
x = 55.000000, y = 52.000000
avance = -175.000000, avanceR = 2.000000, avanceI = 2.000000
inc_x_r = 0.000000, inc_y_r = 1.000000, inc_x_i = 1.000000, inc_y_i = 1.000000
En el else......

----------------------------------------
x = 55.000000, y = 53.000000
avance = -173.000000, avanceR = 2.000000, avanceI = 2.000000
inc_x_r = 0.000000, inc_y_r = 1.000000, inc_x_i = 1.000000, inc_y_i = 1.000000
En el else......

----------------------------------------
x = 55.000000, y = 54.000000
avance = -171.000000, avanceR = 2.000000, avanceI = 2.000000
inc_x_r = 0.000000, inc_y_r = 1.000000, inc_x_i = 1.000000, inc_y_i = 1.000000
En el else......

----------------------------------------
x = 55.000000, y = 55.000000
avance = -169.000000, avanceR = 2.000000, avanceI = 2.000000
inc_x_r = 0.000000, inc_y_r = 1.000000, inc_x_i = 1.000000, inc_y_i = 1.000000
En el else......

----------------------------------------
x = 55.000000, y = 56.000000
avance = -167.000000, avanceR = 2.000000, avanceI = 2.000000
inc_x_r = 0.000000, inc_y_r = 1.000000, inc_x_i = 1.000000, inc_y_i = 1.000000
En el else......

----------------------------------------
x = 55.000000, y = 57.000000
avance = -165.000000, avanceR = 2.000000, avanceI = 2.000000
inc_x_r = 0.000000, inc_y_r = 1.000000, inc_x_i = 1.000000, inc_y_i = 1.000000
En el else......

----------------------------------------
x = 55.000000, y = 58.000000
avance = -163.000000, avanceR = 2.000000, avanceI = 2.000000
inc_x_r = 0.000000, inc_y_r = 1.000000, inc_x_i = 1.000000, inc_y_i = 1.000000
En el else......

----------------------------------------
x = 55.000000, y = 59.000000
avance = -161.000000, avanceR = 2.000000, avanceI = 2.000000
inc_x_r = 0.000000, inc_y_r = 1.000000, inc_x_i = 1.000000, inc_y_i = 1.000000
En el else......

----------------------------------------
x = 55.000000, y = 60.000000
avance = -159.000000, avanceR = 2.000000, avanceI = 2.000000
inc_x_r = 0.000000, inc_y_r = 1.000000, inc_x_i = 1.000000, inc_y_i = 1.000000
En el else......

----------------------------------------
x = 55.000000, y = 61.000000
avance = -157.000000, avanceR = 2.000000, avanceI = 2.000000
inc_x_r = 0.000000, inc_y_r = 1.000000, inc_x_i = 1.000000, inc_y_i = 1.000000
En el else......

----------------------------------------
x = 55.000000, y = 62.000000
avance = -155.000000, avanceR = 2.000000, avanceI = 2.000000
inc_x_r = 0.000000, inc_y_r = 1.000000, inc_x_i = 1.000000, inc_y_i = 1.000000
En el else......

----------------------------------------
x = 55.000000, y = 63.000000
avance = -153.000000, avanceR = 2.000000, avanceI = 2.000000
inc_x_r = 0.000000, inc_y_r = 1.000000, inc_x_i = 1.000000, inc_y_i = 1.000000
En el else......

----------------------------------------
x = 55.000000, y = 64.000000
avance = -151.000000, avanceR = 2.000000, avanceI = 2.000000
inc_x_r = 0.000000, inc_y_r = 1.000000, inc_x_i = 1.000000, inc_y_i = 1.000000
En el else......

----------------------------------------
x = 55.000000, y = 65.000000
avance = -149.000000, avanceR = 2.000000, avanceI = 2.000000
inc_x_r = 0.000000, inc_y_r = 1.000000, inc_x_i = 1.000000, inc_y_i = 1.000000
En el else......

----------------------------------------
x = 55.000000, y = 66.000000
avance = -147.000000, avanceR = 2.000000, avanceI = 2.000000
inc_x_r = 0.000000, inc_y_r = 1.000000, inc_x_i = 1.000000, inc_y_i = 1.000000
En el else......

----------------------------------------
x = 55.000000, y = 67.000000
avance = -145.000000, avanceR = 2.000000, avanceI = 2.000000
inc_x_r = 0.000000, inc_y_r = 1.000000, inc_x_i = 1.000000, inc_y_i = 1.000000
En el else......

----------------------------------------
x = 55.000000, y = 68.000000
avance = -143.000000, avanceR = 2.000000, avanceI = 2.000000
inc_x_r = 0.000000, inc_y_r = 1.000000, inc_x_i = 1.000000, inc_y_i = 1.000000
En el else......

----------------------------------------
x = 55.000000, y = 69.000000
avance = -141.000000, avanceR = 2.000000, avanceI = 2.000000
inc_x_r = 0.000000, inc_y_r = 1.000000, inc_x_i = 1.000000, inc_y_i = 1.000000
En el else......

----------------------------------------
x = 55.000000, y = 70.000000
avance = -139.000000, avanceR = 2.000000, avanceI = 2.000000
inc_x_r = 0.000000, inc_y_r = 1.000000, inc_x_i = 1.000000, inc_y_i = 1.000000
En el else......

----------------------------------------
x = 55.000000, y = 71.000000
avance = -137.000000, avanceR = 2.000000, avanceI = 2.000000
inc_x_r = 0.000000, inc_y_r = 1.000000, inc_x_i = 1.000000, inc_y_i = 1.000000
En el else......

----------------------------------------
x = 55.000000, y = 72.000000
avance = -135.000000, avanceR = 2.000000, avanceI = 2.000000
inc_x_r = 0.000000, inc_y_r = 1.000000, inc_x_i = 1.000000, inc_y_i = 1.000000
En el else......

----------------------------------------
x = 55.000000, y = 73.000000
avance = -133.000000, avanceR = 2.000000, avanceI = 2.000000
inc_x_r = 0.000000, inc_y_r = 1.000000, inc_x_i = 1.000000, inc_y_i = 1.000000
En el else......

----------------------------------------
x = 55.000000, y = 74.000000
avance = -131.000000, avanceR = 2.000000, avanceI = 2.000000
inc_x_r = 0.000000, inc_y_r = 1.000000, inc_x_i = 1.000000, inc_y_i = 1.000000
En el else......

----------------------------------------
x = 55.000000, y = 75.000000
avance = -129.000000, avanceR = 2.000000, avanceI = 2.000000
inc_x_r = 0.000000, inc_y_r = 1.000000, inc_x_i = 1.000000, inc_y_i = 1.000000
En el else......

----------------------------------------
x = 55.000000, y = 76.000000
avance = -127.000000, avanceR = 2.000000, avanceI = 2.000000
inc_x_r = 0.000000, inc_y_r = 1.000000, inc_x_i = 1.000000, inc_y_i = 1.000000
En el else......

----------------------------------------
x = 55.000000, y = 77.000000
avance = -125.000000, avanceR = 2.000000, avanceI = 2.000000
inc_x_r = 0.000000, inc_y_r = 1.000000, inc_x_i = 1.000000, inc_y_i = 1.000000
En el else......

----------------------------------------
x = 55.000000, y = 78.000000
avance = -123.000000, avanceR = 2.000000, avanceI = 2.000000
inc_x_r = 0.000000, inc_y_r = 1.000000, inc_x_i = 1.000000, inc_y_i = 1.000000
En el else......

----------------------------------------
x = 55.000000, y = 79.000000
avance = -121.000000, avanceR = 2.000000, avanceI = 2.000000
inc_x_r = 0.000000, inc_y_r = 1.000000, inc_x_i = 1.000000, inc_y_i = 1.000000
En el else......

----------------------------------------
x = 55.000000, y = 80.000000
avance = -119.000000, avanceR = 2.000000, avanceI = 2.000000
inc_x_r = 0.000000, inc_y_r = 1.000000, inc_x_i = 1.000000, inc_y_i = 1.000000
En el else......

----------------------------------------
x = 55.000000, y = 81.000000
avance = -117.000000, avanceR = 2.000000, avanceI = 2.000000
inc_x_r = 0.000000, inc_y_r = 1.000000, inc_x_i = 1.000000, inc_y_i = 1.000000
En el else......

----------------------------------------
x = 55.000000, y = 82.000000
avance = -115.000000, avanceR = 2.000000, avanceI = 2.000000
inc_x_r = 0.000000, inc_y_r = 1.000000, inc_x_i = 1.000000, inc_y_i = 1.000000
En el else......

----------------------------------------
x = 55.000000, y = 83.000000
avance = -113.000000, avanceR = 2.000000, avanceI = 2.000000
inc_x_r = 0.000000, inc_y_r = 1.000000, inc_x_i = 1.000000, inc_y_i = 1.000000
En el else......

----------------------------------------
x = 55.000000, y = 84.000000
avance = -111.000000, avanceR = 2.000000, avanceI = 2.000000
inc_x_r = 0.000000, inc_y_r = 1.000000, inc_x_i = 1.000000, inc_y_i = 1.000000
En el else......

----------------------------------------
x = 55.000000, y = 85.000000
avance = -109.000000, avanceR = 2.000000, avanceI = 2.000000
inc_x_r = 0.000000, inc_y_r = 1.000000, inc_x_i = 1.000000, inc_y_i = 1.000000
En el else......

----------------------------------------
x = 55.000000, y = 86.000000
avance = -107.000000, avanceR = 2.000000, avanceI = 2.000000
inc_x_r = 0.000000, inc_y_r = 1.000000, inc_x_i = 1.000000, inc_y_i = 1.000000
En el else......

----------------------------------------
x = 55.000000, y = 87.000000
avance = -105.000000, avanceR = 2.000000, avanceI = 2.000000
inc_x_r = 0.000000, inc_y_r = 1.000000, inc_x_i = 1.000000, inc_y_i = 1.000000
En el else......

----------------------------------------
x = 55.000000, y = 88.000000
avance = -103.000000, avanceR = 2.000000, avanceI = 2.000000
inc_x_r = 0.000000, inc_y_r = 1.000000, inc_x_i = 1.000000, inc_y_i = 1.000000
En el else......

----------------------------------------
x = 55.000000, y = 89.000000
avance = -101.000000, avanceR = 2.000000, avanceI = 2.000000
inc_x_r = 0.000000, inc_y_r = 1.000000, inc_x_i = 1.000000, inc_y_i = 1.000000
En el else......

----------------------------------------
x = 55.000000, y = 90.000000
avance = -99.000000, avanceR = 2.000000, avanceI = 2.000000
inc_x_r = 0.000000, inc_y_r = 1.000000, inc_x_i = 1.000000, inc_y_i = 1.000000
En el else......

----------------------------------------
x = 55.000000, y = 91.000000
avance = -97.000000, avanceR = 2.000000, avanceI = 2.000000
inc_x_r = 0.000000, inc_y_r = 1.000000, inc_x_i = 1.000000, inc_y_i = 1.000000
En el else......

----------------------------------------
x = 55.000000, y = 92.000000
avance = -95.000000, avanceR = 2.000000, avanceI = 2.000000
inc_x_r = 0.000000, inc_y_r = 1.000000, inc_x_i = 1.000000, inc_y_i = 1.000000
En el else......

----------------------------------------
x = 55.000000, y = 93.000000
avance = -93.000000, avanceR = 2.000000, avanceI = 2.000000
inc_x_r = 0.000000, inc_y_r = 1.000000, inc_x_i = 1.000000, inc_y_i = 1.000000
En el else......

----------------------------------------
x = 55.000000, y = 94.000000
avance = -91.000000, avanceR = 2.000000, avanceI = 2.000000
inc_x_r = 0.000000, inc_y_r = 1.000000, inc_x_i = 1.000000, inc_y_i = 1.000000
En el else......

----------------------------------------
x = 55.000000, y = 95.000000
avance = -89.000000, avanceR = 2.000000, avanceI = 2.000000
inc_x_r = 0.000000, inc_y_r = 1.000000, inc_x_i = 1.000000, inc_y_i = 1.000000
En el else......

----------------------------------------
x = 55.000000, y = 96.000000
avance = -87.000000, avanceR = 2.000000, avanceI = 2.000000
inc_x_r = 0.000000, inc_y_r = 1.000000, inc_x_i = 1.000000, inc_y_i = 1.000000
En el else......

----------------------------------------
x = 55.000000, y = 97.000000
avance = -85.000000, avanceR = 2.000000, avanceI = 2.000000
inc_x_r = 0.000000, inc_y_r = 1.000000, inc_x_i = 1.000000, inc_y_i = 1.000000
En el else......

----------------------------------------
x = 55.000000, y = 98.000000
avance = -83.000000, avanceR = 2.000000, avanceI = 2.000000
inc_x_r = 0.000000, inc_y_r = 1.000000, inc_x_i = 1.000000, inc_y_i = 1.000000
En el else......

----------------------------------------
x = 55.000000, y = 99.000000
avance = -81.000000, avanceR = 2.000000, avanceI = 2.000000
inc_x_r = 0.000000, inc_y_r = 1.000000, inc_x_i = 1.000000, inc_y_i = 1.000000
En el else......

----------------------------------------
x = 55.000000, y = 100.000000
avance = -79.000000, avanceR = 2.000000, avanceI = 2.000000
inc_x_r = 0.000000, inc_y_r = 1.000000, inc_x_i = 1.000000, inc_y_i = 1.000000
En el else......

----------------------------------------
x = 55.000000, y = 101.000000
avance = -77.000000, avanceR = 2.000000, avanceI = 2.000000
inc_x_r = 0.000000, inc_y_r = 1.000000, inc_x_i = 1.000000, inc_y_i = 1.000000
En el else......

----------------------------------------
x = 55.000000, y = 102.000000
avance = -75.000000, avanceR = 2.000000, avanceI = 2.000000
inc_x_r = 0.000000, inc_y_r = 1.000000, inc_x_i = 1.000000, inc_y_i = 1.000000
En el else......

----------------------------------------
x = 55.000000, y = 103.000000
avance = -73.000000, avanceR = 2.000000, avanceI = 2.000000
inc_x_r = 0.000000, inc_y_r = 1.000000, inc_x_i = 1.000000, inc_y_i = 1.000000
En el else......

----------------------------------------
x = 55.000000, y = 104.000000
avance = -71.000000, avanceR = 2.000000, avanceI = 2.000000
inc_x_r = 0.000000, inc_y_r = 1.000000, inc_x_i = 1.000000, inc_y_i = 1.000000
En el else......

----------------------------------------
x = 55.000000, y = 105.000000
avance = -69.000000, avanceR = 2.000000, avanceI = 2.000000
inc_x_r = 0.000000, inc_y_r = 1.000000, inc_x_i = 1.000000, inc_y_i = 1.000000
En el else......

----------------------------------------
x = 55.000000, y = 106.000000
avance = -67.000000, avanceR = 2.000000, avanceI = 2.000000
inc_x_r = 0.000000, inc_y_r = 1.000000, inc_x_i = 1.000000, inc_y_i = 1.000000
En el else......

----------------------------------------
x = 55.000000, y = 107.000000
avance = -65.000000, avanceR = 2.000000, avanceI = 2.000000
inc_x_r = 0.000000, inc_y_r = 1.000000, inc_x_i = 1.000000, inc_y_i = 1.000000
En el else......

----------------------------------------
x = 55.000000, y = 108.000000
avance = -63.000000, avanceR = 2.000000, avanceI = 2.000000
inc_x_r = 0.000000, inc_y_r = 1.000000, inc_x_i = 1.000000, inc_y_i = 1.000000
En el else......

----------------------------------------
x = 55.000000, y = 109.000000
avance = -61.000000, avanceR = 2.000000, avanceI = 2.000000
inc_x_r = 0.000000, inc_y_r = 1.000000, inc_x_i = 1.000000, inc_y_i = 1.000000
En el else......

----------------------------------------
x = 55.000000, y = 110.000000
avance = -59.000000, avanceR = 2.000000, avanceI = 2.000000
inc_x_r = 0.000000, inc_y_r = 1.000000, inc_x_i = 1.000000, inc_y_i = 1.000000
En el else......

----------------------------------------
x = 55.000000, y = 111.000000
avance = -57.000000, avanceR = 2.000000, avanceI = 2.000000
inc_x_r = 0.000000, inc_y_r = 1.000000, inc_x_i = 1.000000, inc_y_i = 1.000000
En el else......

----------------------------------------
x = 55.000000, y = 112.000000
avance = -55.000000, avanceR = 2.000000, avanceI = 2.000000
inc_x_r = 0.000000, inc_y_r = 1.000000, inc_x_i = 1.000000, inc_y_i = 1.000000
En el else......

----------------------------------------
x = 55.000000, y = 113.000000
avance = -53.000000, avanceR = 2.000000, avanceI = 2.000000
inc_x_r = 0.000000, inc_y_r = 1.000000, inc_x_i = 1.000000, inc_y_i = 1.000000
En el else......

----------------------------------------
x = 55.000000, y = 114.000000
avance = -51.000000, avanceR = 2.000000, avanceI = 2.000000
inc_x_r = 0.000000, inc_y_r = 1.000000, inc_x_i = 1.000000, inc_y_i = 1.000000
En el else......

----------------------------------------
x = 55.000000, y = 115.000000
avance = -49.000000, avanceR = 2.000000, avanceI = 2.000000
inc_x_r = 0.000000, inc_y_r = 1.000000, inc_x_i = 1.000000, inc_y_i = 1.000000
En el else......

----------------------------------------
x = 55.000000, y = 116.000000
avance = -47.000000, avanceR = 2.000000, avanceI = 2.000000
inc_x_r = 0.000000, inc_y_r = 1.000000, inc_x_i = 1.000000, inc_y_i = 1.000000
En el else......

----------------------------------------
x = 55.000000, y = 117.000000
avance = -45.000000, avanceR = 2.000000, avanceI = 2.000000
inc_x_r = 0.000000, inc_y_r = 1.000000, inc_x_i = 1.000000, inc_y_i = 1.000000
En el else......

----------------------------------------
x = 55.000000, y = 118.000000
avance = -43.000000, avanceR = 2.000000, avanceI = 2.000000
inc_x_r = 0.000000, inc_y_r = 1.000000, inc_x_i = 1.000000, inc_y_i = 1.000000
En el else......

----------------------------------------
x = 55.000000, y = 119.000000
avance = -41.000000, avanceR = 2.000000, avanceI = 2.000000
inc_x_r = 0.000000, inc_y_r = 1.000000, inc_x_i = 1.000000, inc_y_i = 1.000000
En el else......

----------------------------------------
x = 55.000000, y = 120.000000
avance = -39.000000, avanceR = 2.000000, avanceI = 2.000000
inc_x_r = 0.000000, inc_y_r = 1.000000, inc_x_i = 1.000000, inc_y_i = 1.000000
En el else......

----------------------------------------
x = 55.000000, y = 121.000000
avance = -37.000000, avanceR = 2.000000, avanceI = 2.000000
inc_x_r = 0.000000, inc_y_r = 1.000000, inc_x_i = 1.000000, inc_y_i = 1.000000
En el else......

----------------------------------------
x = 55.000000, y = 122.000000
avance = -35.000000, avanceR = 2.000000, avanceI = 2.000000
inc_x_r = 0.000000, inc_y_r = 1.000000, inc_x_i = 1.000000, inc_y_i = 1.000000
En el else......

----------------------------------------
x = 55.000000, y = 123.000000
avance = -33.000000, avanceR = 2.000000, avanceI = 2.000000
inc_x_r = 0.000000, inc_y_r = 1.000000, inc_x_i = 1.000000, inc_y_i = 1.000000
En el else......

----------------------------------------
x = 55.000000, y = 124.000000
avance = -31.000000, avanceR = 2.000000, avanceI = 2.000000
inc_x_r = 0.000000, inc_y_r = 1.000000, inc_x_i = 1.000000, inc_y_i = 1.000000
En el else......

----------------------------------------
x = 55.000000, y = 125.000000
avance = -29.000000, avanceR = 2.000000, avanceI = 2.000000
inc_x_r = 0.000000, inc_y_r = 1.000000, inc_x_i = 1.000000, inc_y_i = 1.000000
En el else......

----------------------------------------
x = 55.000000, y = 126.000000
avance = -27.000000, avanceR = 2.000000, avanceI = 2.000000
inc_x_r = 0.000000, inc_y_r = 1.000000, inc_x_i = 1.000000, inc_y_i = 1.000000
En el else......

----------------------------------------
x = 55.000000, y = 127.000000
avance = -25.000000, avanceR = 2.000000, avanceI = 2.000000
inc_x_r = 0.000000, inc_y_r = 1.000000, inc_x_i = 1.000000, inc_y_i = 1.000000
En el else......

----------------------------------------
x = 55.000000, y = 128.000000
avance = -23.000000, avanceR = 2.000000, avanceI = 2.000000
inc_x_r = 0.000000, inc_y_r = 1.000000, inc_x_i = 1.000000, inc_y_i = 1.000000
En el else......

----------------------------------------
x = 55.000000, y = 129.000000
avance = -21.000000, avanceR = 2.000000, avanceI = 2.000000
inc_x_r = 0.000000, inc_y_r = 1.000000, inc_x_i = 1.000000, inc_y_i = 1.000000
En el else......

----------------------------------------
x = 55.000000, y = 130.000000
avance = -19.000000, avanceR = 2.000000, avanceI = 2.000000
inc_x_r = 0.000000, inc_y_r = 1.000000, inc_x_i = 1.000000, inc_y_i = 1.000000
En el else......

----------------------------------------
x = 55.000000, y = 131.000000
avance = -17.000000, avanceR = 2.000000, avanceI = 2.000000
inc_x_r = 0.000000, inc_y_r = 1.000000, inc_x_i = 1.000000, inc_y_i = 1.000000
En el else......

----------------------------------------
x = 55.000000, y = 132.000000
avance = -15.000000, avanceR = 2.000000, avanceI = 2.000000
inc_x_r = 0.000000, inc_y_r = 1.000000, inc_x_i = 1.000000, inc_y_i = 1.000000
En el else......

----------------------------------------
x = 55.000000, y = 133.000000
avance = -13.000000, avanceR = 2.000000, avanceI = 2.000000
inc_x_r = 0.000000, inc_y_r = 1.000000, inc_x_i = 1.000000, inc_y_i = 1.000000
En el else......

----------------------------------------
x = 55.000000, y = 134.000000
avance = -11.000000, avanceR = 2.000000, avanceI = 2.000000
inc_x_r = 0.000000, inc_y_r = 1.000000, inc_x_i = 1.000000, inc_y_i = 1.000000
En el else......

----------------------------------------
x = 55.000000, y = 135.000000
avance = -9.000000, avanceR = 2.000000, avanceI = 2.000000
inc_x_r = 0.000000, inc_y_r = 1.000000, inc_x_i = 1.000000, inc_y_i = 1.000000
En el else......

----------------------------------------
x = 55.000000, y = 136.000000
avance = -7.000000, avanceR = 2.000000, avanceI = 2.000000
inc_x_r = 0.000000, inc_y_r = 1.000000, inc_x_i = 1.000000, inc_y_i = 1.000000
En el else......

----------------------------------------
x = 55.000000, y = 137.000000
avance = -5.000000, avanceR = 2.000000, avanceI = 2.000000
inc_x_r = 0.000000, inc_y_r = 1.000000, inc_x_i = 1.000000, inc_y_i = 1.000000
En el else......

----------------------------------------
x = 55.000000, y = 138.000000
avance = -3.000000, avanceR = 2.000000, avanceI = 2.000000
inc_x_r = 0.000000, inc_y_r = 1.000000, inc_x_i = 1.000000, inc_y_i = 1.000000
En el else......

----------------------------------------
x = 55.000000, y = 139.000000
avance = -1.000000, avanceR = 2.000000, avanceI = 2.000000
inc_x_r = 0.000000, inc_y_r = 1.000000, inc_x_i = 1.000000, inc_y_i = 1.000000
En el else......

----------------------------------------
x = 55.000000, y = 140.000000
avance = 1.000000, avanceR = 2.000000, avanceI = 2.000000
inc_x_r = 0.000000, inc_y_r = 1.000000, inc_x_i = 1.000000, inc_y_i = 1.000000
avance >= 0

----------------------------------------
x = 56.000000, y = 141.000000
avance = -499.000000, avanceR = 2.000000, avanceI = 2.000000
inc_x_r = 0.000000, inc_y_r = 1.000000, inc_x_i = 1.000000, inc_y_i = 1.000000
En el else......

----------------------------------------
x = 56.000000, y = 142.000000
avance = -497.000000, avanceR = 2.000000, avanceI = 2.000000
inc_x_r = 0.000000, inc_y_r = 1.000000, inc_x_i = 1.000000, inc_y_i = 1.000000
En el else......

----------------------------------------
x = 56.000000, y = 143.000000
avance = -495.000000, avanceR = 2.000000, avanceI = 2.000000
inc_x_r = 0.000000, inc_y_r = 1.000000, inc_x_i = 1.000000, inc_y_i = 1.000000
En el else......

----------------------------------------
x = 56.000000, y = 144.000000
avance = -493.000000, avanceR = 2.000000, avanceI = 2.000000
inc_x_r = 0.000000, inc_y_r = 1.000000, inc_x_i = 1.000000, inc_y_i = 1.000000
En el else......

----------------------------------------
x = 56.000000, y = 145.000000
avance = -491.000000, avanceR = 2.000000, avanceI = 2.000000
inc_x_r = 0.000000, inc_y_r = 1.000000, inc_x_i = 1.000000, inc_y_i = 1.000000
En el else......

----------------------------------------
x = 56.000000, y = 146.000000
avance = -489.000000, avanceR = 2.000000, avanceI = 2.000000
inc_x_r = 0.000000, inc_y_r = 1.000000, inc_x_i = 1.000000, inc_y_i = 1.000000
En el else......

----------------------------------------
x = 56.000000, y = 147.000000
avance = -487.000000, avanceR = 2.000000, avanceI = 2.000000
inc_x_r = 0.000000, inc_y_r = 1.000000, inc_x_i = 1.000000, inc_y_i = 1.000000
En el else......

----------------------------------------
x = 56.000000, y = 148.000000
avance = -485.000000, avanceR = 2.000000, avanceI = 2.000000
inc_x_r = 0.000000, inc_y_r = 1.000000, inc_x_i = 1.000000, inc_y_i = 1.000000
En el else......

----------------------------------------
x = 56.000000, y = 149.000000
avance = -483.000000, avanceR = 2.000000, avanceI = 2.000000
inc_x_r = 0.000000, inc_y_r = 1.000000, inc_x_i = 1.000000, inc_y_i = 1.000000
En el else......

----------------------------------------
x = 56.000000, y = 150.000000
avance = -481.000000, avanceR = 2.000000, avanceI = 2.000000
inc_x_r = 0.000000, inc_y_r = 1.000000, inc_x_i = 1.000000, inc_y_i = 1.000000
En el else......

----------------------------------------
x = 56.000000, y = 151.000000
avance = -479.000000, avanceR = 2.000000, avanceI = 2.000000
inc_x_r = 0.000000, inc_y_r = 1.000000, inc_x_i = 1.000000, inc_y_i = 1.000000
En el else......

----------------------------------------
x = 56.000000, y = 152.000000
avance = -477.000000, avanceR = 2.000000, avanceI = 2.000000
inc_x_r = 0.000000, inc_y_r = 1.000000, inc_x_i = 1.000000, inc_y_i = 1.000000
En el else......

----------------------------------------
x = 56.000000, y = 153.000000
avance = -475.000000, avanceR = 2.000000, avanceI = 2.000000
inc_x_r = 0.000000, inc_y_r = 1.000000, inc_x_i = 1.000000, inc_y_i = 1.000000
En el else......

----------------------------------------
x = 56.000000, y = 154.000000
avance = -473.000000, avanceR = 2.000000, avanceI = 2.000000
inc_x_r = 0.000000, inc_y_r = 1.000000, inc_x_i = 1.000000, inc_y_i = 1.000000
En el else......

----------------------------------------
x = 56.000000, y = 155.000000
avance = -471.000000, avanceR = 2.000000, avanceI = 2.000000
inc_x_r = 0.000000, inc_y_r = 1.000000, inc_x_i = 1.000000, inc_y_i = 1.000000
En el else......

----------------------------------------
x = 56.000000, y = 156.000000
avance = -469.000000, avanceR = 2.000000, avanceI = 2.000000
inc_x_r = 0.000000, inc_y_r = 1.000000, inc_x_i = 1.000000, inc_y_i = 1.000000
En el else......

----------------------------------------
x = 56.000000, y = 157.000000
avance = -467.000000, avanceR = 2.000000, avanceI = 2.000000
inc_x_r = 0.000000, inc_y_r = 1.000000, inc_x_i = 1.000000, inc_y_i = 1.000000
En el else......

----------------------------------------
x = 56.000000, y = 158.000000
avance = -465.000000, avanceR = 2.000000, avanceI = 2.000000
inc_x_r = 0.000000, inc_y_r = 1.000000, inc_x_i = 1.000000, inc_y_i = 1.000000
En el else......

----------------------------------------
x = 56.000000, y = 159.000000
avance = -463.000000, avanceR = 2.000000, avanceI = 2.000000
inc_x_r = 0.000000, inc_y_r = 1.000000, inc_x_i = 1.000000, inc_y_i = 1.000000
En el else......

----------------------------------------
x = 56.000000, y = 160.000000
avance = -461.000000, avanceR = 2.000000, avanceI = 2.000000
inc_x_r = 0.000000, inc_y_r = 1.000000, inc_x_i = 1.000000, inc_y_i = 1.000000
En el else......

----------------------------------------
x = 56.000000, y = 161.000000
avance = -459.000000, avanceR = 2.000000, avanceI = 2.000000
inc_x_r = 0.000000, inc_y_r = 1.000000, inc_x_i = 1.000000, inc_y_i = 1.000000
En el else......

----------------------------------------
x = 56.000000, y = 162.000000
avance = -457.000000, avanceR = 2.000000, avanceI = 2.000000
inc_x_r = 0.000000, inc_y_r = 1.000000, inc_x_i = 1.000000, inc_y_i = 1.000000
En el else......

----------------------------------------
x = 56.000000, y = 163.000000
avance = -455.000000, avanceR = 2.000000, avanceI = 2.000000
inc_x_r = 0.000000, inc_y_r = 1.000000, inc_x_i = 1.000000, inc_y_i = 1.000000
En el else......

----------------------------------------
x = 56.000000, y = 164.000000
avance = -453.000000, avanceR = 2.000000, avanceI = 2.000000
inc_x_r = 0.000000, inc_y_r = 1.000000, inc_x_i = 1.000000, inc_y_i = 1.000000
En el else......

----------------------------------------
x = 56.000000, y = 165.000000
avance = -451.000000, avanceR = 2.000000, avanceI = 2.000000
inc_x_r = 0.000000, inc_y_r = 1.000000, inc_x_i = 1.000000, inc_y_i = 1.000000
En el else......

----------------------------------------
x = 56.000000, y = 166.000000
avance = -449.000000, avanceR = 2.000000, avanceI = 2.000000
inc_x_r = 0.000000, inc_y_r = 1.000000, inc_x_i = 1.000000, inc_y_i = 1.000000
En el else......

----------------------------------------
x = 56.000000, y = 167.000000
avance = -447.000000, avanceR = 2.000000, avanceI = 2.000000
inc_x_r = 0.000000, inc_y_r = 1.000000, inc_x_i = 1.000000, inc_y_i = 1.000000
En el else......

----------------------------------------
x = 56.000000, y = 168.000000
avance = -445.000000, avanceR = 2.000000, avanceI = 2.000000
inc_x_r = 0.000000, inc_y_r = 1.000000, inc_x_i = 1.000000, inc_y_i = 1.000000
En el else......

----------------------------------------
x = 56.000000, y = 169.000000
avance = -443.000000, avanceR = 2.000000, avanceI = 2.000000
inc_x_r = 0.000000, inc_y_r = 1.000000, inc_x_i = 1.000000, inc_y_i = 1.000000
En el else......

----------------------------------------
x = 56.000000, y = 170.000000
avance = -441.000000, avanceR = 2.000000, avanceI = 2.000000
inc_x_r = 0.000000, inc_y_r = 1.000000, inc_x_i = 1.000000, inc_y_i = 1.000000
En el else......

----------------------------------------
x = 56.000000, y = 171.000000
avance = -439.000000, avanceR = 2.000000, avanceI = 2.000000
inc_x_r = 0.000000, inc_y_r = 1.000000, inc_x_i = 1.000000, inc_y_i = 1.000000
En el else......

----------------------------------------
x = 56.000000, y = 172.000000
avance = -437.000000, avanceR = 2.000000, avanceI = 2.000000
inc_x_r = 0.000000, inc_y_r = 1.000000, inc_x_i = 1.000000, inc_y_i = 1.000000
En el else......

----------------------------------------
x = 56.000000, y = 173.000000
avance = -435.000000, avanceR = 2.000000, avanceI = 2.000000
inc_x_r = 0.000000, inc_y_r = 1.000000, inc_x_i = 1.000000, inc_y_i = 1.000000
En el else......

----------------------------------------
x = 56.000000, y = 174.000000
avance = -433.000000, avanceR = 2.000000, avanceI = 2.000000
inc_x_r = 0.000000, inc_y_r = 1.000000, inc_x_i = 1.000000, inc_y_i = 1.000000
En el else......

----------------------------------------
x = 56.000000, y = 175.000000
avance = -431.000000, avanceR = 2.000000, avanceI = 2.000000
inc_x_r = 0.000000, inc_y_r = 1.000000, inc_x_i = 1.000000, inc_y_i = 1.000000
En el else......

----------------------------------------
x = 56.000000, y = 176.000000
avance = -429.000000, avanceR = 2.000000, avanceI = 2.000000
inc_x_r = 0.000000, inc_y_r = 1.000000, inc_x_i = 1.000000, inc_y_i = 1.000000
En el else......

----------------------------------------
x = 56.000000, y = 177.000000
avance = -427.000000, avanceR = 2.000000, avanceI = 2.000000
inc_x_r = 0.000000, inc_y_r = 1.000000, inc_x_i = 1.000000, inc_y_i = 1.000000
En el else......

----------------------------------------
x = 56.000000, y = 178.000000
avance = -425.000000, avanceR = 2.000000, avanceI = 2.000000
inc_x_r = 0.000000, inc_y_r = 1.000000, inc_x_i = 1.000000, inc_y_i = 1.000000
En el else......

----------------------------------------
x = 56.000000, y = 179.000000
avance = -423.000000, avanceR = 2.000000, avanceI = 2.000000
inc_x_r = 0.000000, inc_y_r = 1.000000, inc_x_i = 1.000000, inc_y_i = 1.000000
En el else......

----------------------------------------
x = 56.000000, y = 180.000000
avance = -421.000000, avanceR = 2.000000, avanceI = 2.000000
inc_x_r = 0.000000, inc_y_r = 1.000000, inc_x_i = 1.000000, inc_y_i = 1.000000
En el else......

----------------------------------------
x = 56.000000, y = 181.000000
avance = -419.000000, avanceR = 2.000000, avanceI = 2.000000
inc_x_r = 0.000000, inc_y_r = 1.000000, inc_x_i = 1.000000, inc_y_i = 1.000000
En el else......

----------------------------------------
x = 56.000000, y = 182.000000
avance = -417.000000, avanceR = 2.000000, avanceI = 2.000000
inc_x_r = 0.000000, inc_y_r = 1.000000, inc_x_i = 1.000000, inc_y_i = 1.000000
En el else......

----------------------------------------
x = 56.000000, y = 183.000000
avance = -415.000000, avanceR = 2.000000, avanceI = 2.000000
inc_x_r = 0.000000, inc_y_r = 1.000000, inc_x_i = 1.000000, inc_y_i = 1.000000
En el else......

----------------------------------------
x = 56.000000, y = 184.000000
avance = -413.000000, avanceR = 2.000000, avanceI = 2.000000
inc_x_r = 0.000000, inc_y_r = 1.000000, inc_x_i = 1.000000, inc_y_i = 1.000000
En el else......

----------------------------------------
x = 56.000000, y = 185.000000
avance = -411.000000, avanceR = 2.000000, avanceI = 2.000000
inc_x_r = 0.000000, inc_y_r = 1.000000, inc_x_i = 1.000000, inc_y_i = 1.000000
En el else......

----------------------------------------
x = 56.000000, y = 186.000000
avance = -409.000000, avanceR = 2.000000, avanceI = 2.000000
inc_x_r = 0.000000, inc_y_r = 1.000000, inc_x_i = 1.000000, inc_y_i = 1.000000
En el else......

----------------------------------------
x = 56.000000, y = 187.000000
avance = -407.000000, avanceR = 2.000000, avanceI = 2.000000
inc_x_r = 0.000000, inc_y_r = 1.000000, inc_x_i = 1.000000, inc_y_i = 1.000000
En el else......

----------------------------------------
x = 56.000000, y = 188.000000
avance = -405.000000, avanceR = 2.000000, avanceI = 2.000000
inc_x_r = 0.000000, inc_y_r = 1.000000, inc_x_i = 1.000000, inc_y_i = 1.000000
En el else......

----------------------------------------
x = 56.000000, y = 189.000000
avance = -403.000000, avanceR = 2.000000, avanceI = 2.000000
inc_x_r = 0.000000, inc_y_r = 1.000000, inc_x_i = 1.000000, inc_y_i = 1.000000
En el else......

----------------------------------------
x = 56.000000, y = 190.000000
avance = -401.000000, avanceR = 2.000000, avanceI = 2.000000
inc_x_r = 0.000000, inc_y_r = 1.000000, inc_x_i = 1.000000, inc_y_i = 1.000000
En el else......

----------------------------------------
x = 56.000000, y = 191.000000
avance = -399.000000, avanceR = 2.000000, avanceI = 2.000000
inc_x_r = 0.000000, inc_y_r = 1.000000, inc_x_i = 1.000000, inc_y_i = 1.000000
En el else......

----------------------------------------
x = 56.000000, y = 192.000000
avance = -397.000000, avanceR = 2.000000, avanceI = 2.000000
inc_x_r = 0.000000, inc_y_r = 1.000000, inc_x_i = 1.000000, inc_y_i = 1.000000
En el else......

----------------------------------------
x = 56.000000, y = 193.000000
avance = -395.000000, avanceR = 2.000000, avanceI = 2.000000
inc_x_r = 0.000000, inc_y_r = 1.000000, inc_x_i = 1.000000, inc_y_i = 1.000000
En el else......

----------------------------------------
x = 56.000000, y = 194.000000
avance = -393.000000, avanceR = 2.000000, avanceI = 2.000000
inc_x_r = 0.000000, inc_y_r = 1.000000, inc_x_i = 1.000000, inc_y_i = 1.000000
En el else......

----------------------------------------
x = 56.000000, y = 195.000000
avance = -391.000000, avanceR = 2.000000, avanceI = 2.000000
inc_x_r = 0.000000, inc_y_r = 1.000000, inc_x_i = 1.000000, inc_y_i = 1.000000
En el else......

----------------------------------------
x = 56.000000, y = 196.000000
avance = -389.000000, avanceR = 2.000000, avanceI = 2.000000
inc_x_r = 0.000000, inc_y_r = 1.000000, inc_x_i = 1.000000, inc_y_i = 1.000000
En el else......

----------------------------------------
x = 56.000000, y = 197.000000
avance = -387.000000, avanceR = 2.000000, avanceI = 2.000000
inc_x_r = 0.000000, inc_y_r = 1.000000, inc_x_i = 1.000000, inc_y_i = 1.000000
En el else......

----------------------------------------
x = 56.000000, y = 198.000000
avance = -385.000000, avanceR = 2.000000, avanceI = 2.000000
inc_x_r = 0.000000, inc_y_r = 1.000000, inc_x_i = 1.000000, inc_y_i = 1.000000
En el else......

----------------------------------------
x = 56.000000, y = 199.000000
avance = -383.000000, avanceR = 2.000000, avanceI = 2.000000
inc_x_r = 0.000000, inc_y_r = 1.000000, inc_x_i = 1.000000, inc_y_i = 1.000000
En el else......

----------------------------------------
x = 56.000000, y = 200.000000
avance = -381.000000, avanceR = 2.000000, avanceI = 2.000000
inc_x_r = 0.000000, inc_y_r = 1.000000, inc_x_i = 1.000000, inc_y_i = 1.000000
En el else......

----------------------------------------
x = 56.000000, y = 201.000000
avance = -379.000000, avanceR = 2.000000, avanceI = 2.000000
inc_x_r = 0.000000, inc_y_r = 1.000000, inc_x_i = 1.000000, inc_y_i = 1.000000
En el else......

----------------------------------------
x = 56.000000, y = 202.000000
avance = -377.000000, avanceR = 2.000000, avanceI = 2.000000
inc_x_r = 0.000000, inc_y_r = 1.000000, inc_x_i = 1.000000, inc_y_i = 1.000000
En el else......

----------------------------------------
x = 56.000000, y = 203.000000
avance = -375.000000, avanceR = 2.000000, avanceI = 2.000000
inc_x_r = 0.000000, inc_y_r = 1.000000, inc_x_i = 1.000000, inc_y_i = 1.000000
En el else......

----------------------------------------
x = 56.000000, y = 204.000000
avance = -373.000000, avanceR = 2.000000, avanceI = 2.000000
inc_x_r = 0.000000, inc_y_r = 1.000000, inc_x_i = 1.000000, inc_y_i = 1.000000
En el else......

----------------------------------------
x = 56.000000, y = 205.000000
avance = -371.000000, avanceR = 2.000000, avanceI = 2.000000
inc_x_r = 0.000000, inc_y_r = 1.000000, inc_x_i = 1.000000, inc_y_i = 1.000000
En el else......

----------------------------------------
x = 56.000000, y = 206.000000
avance = -369.000000, avanceR = 2.000000, avanceI = 2.000000
inc_x_r = 0.000000, inc_y_r = 1.000000, inc_x_i = 1.000000, inc_y_i = 1.000000
En el else......

----------------------------------------
x = 56.000000, y = 207.000000
avance = -367.000000, avanceR = 2.000000, avanceI = 2.000000
inc_x_r = 0.000000, inc_y_r = 1.000000, inc_x_i = 1.000000, inc_y_i = 1.000000
En el else......

----------------------------------------
x = 56.000000, y = 208.000000
avance = -365.000000, avanceR = 2.000000, avanceI = 2.000000
inc_x_r = 0.000000, inc_y_r = 1.000000, inc_x_i = 1.000000, inc_y_i = 1.000000
En el else......

----------------------------------------
x = 56.000000, y = 209.000000
avance = -363.000000, avanceR = 2.000000, avanceI = 2.000000
inc_x_r = 0.000000, inc_y_r = 1.000000, inc_x_i = 1.000000, inc_y_i = 1.000000
En el else......

----------------------------------------
x = 56.000000, y = 210.000000
avance = -361.000000, avanceR = 2.000000, avanceI = 2.000000
inc_x_r = 0.000000, inc_y_r = 1.000000, inc_x_i = 1.000000, inc_y_i = 1.000000
En el else......

----------------------------------------
x = 56.000000, y = 211.000000
avance = -359.000000, avanceR = 2.000000, avanceI = 2.000000
inc_x_r = 0.000000, inc_y_r = 1.000000, inc_x_i = 1.000000, inc_y_i = 1.000000
En el else......

----------------------------------------
x = 56.000000, y = 212.000000
avance = -357.000000, avanceR = 2.000000, avanceI = 2.000000
inc_x_r = 0.000000, inc_y_r = 1.000000, inc_x_i = 1.000000, inc_y_i = 1.000000
En el else......

----------------------------------------
x = 56.000000, y = 213.000000
avance = -355.000000, avanceR = 2.000000, avanceI = 2.000000
inc_x_r = 0.000000, inc_y_r = 1.000000, inc_x_i = 1.000000, inc_y_i = 1.000000
En el else......

----------------------------------------
x = 56.000000, y = 214.000000
avance = -353.000000, avanceR = 2.000000, avanceI = 2.000000
inc_x_r = 0.000000, inc_y_r = 1.000000, inc_x_i = 1.000000, inc_y_i = 1.000000
En el else......

----------------------------------------
x = 56.000000, y = 215.000000
avance = -351.000000, avanceR = 2.000000, avanceI = 2.000000
inc_x_r = 0.000000, inc_y_r = 1.000000, inc_x_i = 1.000000, inc_y_i = 1.000000
En el else......

----------------------------------------
x = 56.000000, y = 216.000000
avance = -349.000000, avanceR = 2.000000, avanceI = 2.000000
inc_x_r = 0.000000, inc_y_r = 1.000000, inc_x_i = 1.000000, inc_y_i = 1.000000
En el else......

----------------------------------------
x = 56.000000, y = 217.000000
avance = -347.000000, avanceR = 2.000000, avanceI = 2.000000
inc_x_r = 0.000000, inc_y_r = 1.000000, inc_x_i = 1.000000, inc_y_i = 1.000000
En el else......

----------------------------------------
x = 56.000000, y = 218.000000
avance = -345.000000, avanceR = 2.000000, avanceI = 2.000000
inc_x_r = 0.000000, inc_y_r = 1.000000, inc_x_i = 1.000000, inc_y_i = 1.000000
En el else......

----------------------------------------
x = 56.000000, y = 219.000000
avance = -343.000000, avanceR = 2.000000, avanceI = 2.000000
inc_x_r = 0.000000, inc_y_r = 1.000000, inc_x_i = 1.000000, inc_y_i = 1.000000
En el else......

----------------------------------------
x = 56.000000, y = 220.000000
avance = -341.000000, avanceR = 2.000000, avanceI = 2.000000
inc_x_r = 0.000000, inc_y_r = 1.000000, inc_x_i = 1.000000, inc_y_i = 1.000000
En el else......

----------------------------------------
x = 56.000000, y = 221.000000
avance = -339.000000, avanceR = 2.000000, avanceI = 2.000000
inc_x_r = 0.000000, inc_y_r = 1.000000, inc_x_i = 1.000000, inc_y_i = 1.000000
En el else......

----------------------------------------
x = 56.000000, y = 222.000000
avance = -337.000000, avanceR = 2.000000, avanceI = 2.000000
inc_x_r = 0.000000, inc_y_r = 1.000000, inc_x_i = 1.000000, inc_y_i = 1.000000
En el else......

----------------------------------------
x = 56.000000, y = 223.000000
avance = -335.000000, avanceR = 2.000000, avanceI = 2.000000
inc_x_r = 0.000000, inc_y_r = 1.000000, inc_x_i = 1.000000, inc_y_i = 1.000000
En el else......

----------------------------------------
x = 56.000000, y = 224.000000
avance = -333.000000, avanceR = 2.000000, avanceI = 2.000000
inc_x_r = 0.000000, inc_y_r = 1.000000, inc_x_i = 1.000000, inc_y_i = 1.000000
En el else......

----------------------------------------
x = 56.000000, y = 225.000000
avance = -331.000000, avanceR = 2.000000, avanceI = 2.000000
inc_x_r = 0.000000, inc_y_r = 1.000000, inc_x_i = 1.000000, inc_y_i = 1.000000
En el else......

----------------------------------------
x = 56.000000, y = 226.000000
avance = -329.000000, avanceR = 2.000000, avanceI = 2.000000
inc_x_r = 0.000000, inc_y_r = 1.000000, inc_x_i = 1.000000, inc_y_i = 1.000000
En el else......

----------------------------------------
x = 56.000000, y = 227.000000
avance = -327.000000, avanceR = 2.000000, avanceI = 2.000000
inc_x_r = 0.000000, inc_y_r = 1.000000, inc_x_i = 1.000000, inc_y_i = 1.000000
En el else......

----------------------------------------
x = 56.000000, y = 228.000000
avance = -325.000000, avanceR = 2.000000, avanceI = 2.000000
inc_x_r = 0.000000, inc_y_r = 1.000000, inc_x_i = 1.000000, inc_y_i = 1.000000
En el else......

----------------------------------------
x = 56.000000, y = 229.000000
avance = -323.000000, avanceR = 2.000000, avanceI = 2.000000
inc_x_r = 0.000000, inc_y_r = 1.000000, inc_x_i = 1.000000, inc_y_i = 1.000000
En el else......

----------------------------------------
x = 56.000000, y = 230.000000
avance = -321.000000, avanceR = 2.000000, avanceI = 2.000000
inc_x_r = 0.000000, inc_y_r = 1.000000, inc_x_i = 1.000000, inc_y_i = 1.000000
En el else......

----------------------------------------
x = 56.000000, y = 231.000000
avance = -319.000000, avanceR = 2.000000, avanceI = 2.000000
inc_x_r = 0.000000, inc_y_r = 1.000000, inc_x_i = 1.000000, inc_y_i = 1.000000
En el else......

----------------------------------------
x = 56.000000, y = 232.000000
avance = -317.000000, avanceR = 2.000000, avanceI = 2.000000
inc_x_r = 0.000000, inc_y_r = 1.000000, inc_x_i = 1.000000, inc_y_i = 1.000000
En el else......

----------------------------------------
x = 56.000000, y = 233.000000
avance = -315.000000, avanceR = 2.000000, avanceI = 2.000000
inc_x_r = 0.000000, inc_y_r = 1.000000, inc_x_i = 1.000000, inc_y_i = 1.000000
En el else......

----------------------------------------
x = 56.000000, y = 234.000000
avance = -313.000000, avanceR = 2.000000, avanceI = 2.000000
inc_x_r = 0.000000, inc_y_r = 1.000000, inc_x_i = 1.000000, inc_y_i = 1.000000
En el else......

----------------------------------------
x = 56.000000, y = 235.000000
avance = -311.000000, avanceR = 2.000000, avanceI = 2.000000
inc_x_r = 0.000000, inc_y_r = 1.000000, inc_x_i = 1.000000, inc_y_i = 1.000000
En el else......

----------------------------------------
x = 56.000000, y = 236.000000
avance = -309.000000, avanceR = 2.000000, avanceI = 2.000000
inc_x_r = 0.000000, inc_y_r = 1.000000, inc_x_i = 1.000000, inc_y_i = 1.000000
En el else......

----------------------------------------
x = 56.000000, y = 237.000000
avance = -307.000000, avanceR = 2.000000, avanceI = 2.000000
inc_x_r = 0.000000, inc_y_r = 1.000000, inc_x_i = 1.000000, inc_y_i = 1.000000
En el else......

----------------------------------------
x = 56.000000, y = 238.000000
avance = -305.000000, avanceR = 2.000000, avanceI = 2.000000
inc_x_r = 0.000000, inc_y_r = 1.000000, inc_x_i = 1.000000, inc_y_i = 1.000000
En el else......

----------------------------------------
x = 56.000000, y = 239.000000
avance = -303.000000, avanceR = 2.000000, avanceI = 2.000000
inc_x_r = 0.000000, inc_y_r = 1.000000, inc_x_i = 1.000000, inc_y_i = 1.000000
En el else......

----------------------------------------
x = 56.000000, y = 240.000000
avance = -301.000000, avanceR = 2.000000, avanceI = 2.000000
inc_x_r = 0.000000, inc_y_r = 1.000000, inc_x_i = 1.000000, inc_y_i = 1.000000
En el else......

----------------------------------------
x = 56.000000, y = 241.000000
avance = -299.000000, avanceR = 2.000000, avanceI = 2.000000
inc_x_r = 0.000000, inc_y_r = 1.000000, inc_x_i = 1.000000, inc_y_i = 1.000000
En el else......

----------------------------------------
x = 56.000000, y = 242.000000
avance = -297.000000, avanceR = 2.000000, avanceI = 2.000000
inc_x_r = 0.000000, inc_y_r = 1.000000, inc_x_i = 1.000000, inc_y_i = 1.000000
En el else......

----------------------------------------
x = 56.000000, y = 243.000000
avance = -295.000000, avanceR = 2.000000, avanceI = 2.000000
inc_x_r = 0.000000, inc_y_r = 1.000000, inc_x_i = 1.000000, inc_y_i = 1.000000
En el else......

----------------------------------------
x = 56.000000, y = 244.000000
avance = -293.000000, avanceR = 2.000000, avanceI = 2.000000
inc_x_r = 0.000000, inc_y_r = 1.000000, inc_x_i = 1.000000, inc_y_i = 1.000000
En el else......

----------------------------------------
x = 56.000000, y = 245.000000
avance = -291.000000, avanceR = 2.000000, avanceI = 2.000000
inc_x_r = 0.000000, inc_y_r = 1.000000, inc_x_i = 1.000000, inc_y_i = 1.000000
En el else......

----------------------------------------
x = 56.000000, y = 246.000000
avance = -289.000000, avanceR = 2.000000, avanceI = 2.000000
inc_x_r = 0.000000, inc_y_r = 1.000000, inc_x_i = 1.000000, inc_y_i = 1.000000
En el else......

----------------------------------------
x = 56.000000, y = 247.000000
avance = -287.000000, avanceR = 2.000000, avanceI = 2.000000
inc_x_r = 0.000000, inc_y_r = 1.000000, inc_x_i = 1.000000, inc_y_i = 1.000000
En el else......

----------------------------------------
x = 56.000000, y = 248.000000
avance = -285.000000, avanceR = 2.000000, avanceI = 2.000000
inc_x_r = 0.000000, inc_y_r = 1.000000, inc_x_i = 1.000000, inc_y_i = 1.000000
En el else......

----------------------------------------
x = 56.000000, y = 249.000000
avance = -283.000000, avanceR = 2.000000, avanceI = 2.000000
inc_x_r = 0.000000, inc_y_r = 1.000000, inc_x_i = 1.000000, inc_y_i = 1.000000
En el else......

----------------------------------------
x = 56.000000, y = 250.000000
avance = -281.000000, avanceR = 2.000000, avanceI = 2.000000
inc_x_r = 0.000000, inc_y_r = 1.000000, inc_x_i = 1.000000, inc_y_i = 1.000000
En el else......

----------------------------------------
x = 56.000000, y = 251.000000
avance = -279.000000, avanceR = 2.000000, avanceI = 2.000000
inc_x_r = 0.000000, inc_y_r = 1.000000, inc_x_i = 1.000000, inc_y_i = 1.000000
En el else......

----------------------------------------
x = 56.000000, y = 252.000000
avance = -277.000000, avanceR = 2.000000, avanceI = 2.000000
inc_x_r = 0.000000, inc_y_r = 1.000000, inc_x_i = 1.000000, inc_y_i = 1.000000
En el else......

----------------------------------------
x = 56.000000, y = 253.000000
avance = -275.000000, avanceR = 2.000000, avanceI = 2.000000
inc_x_r = 0.000000, inc_y_r = 1.000000, inc_x_i = 1.000000, inc_y_i = 1.000000
En el else......

----------------------------------------
x = 56.000000, y = 254.000000
avance = -273.000000, avanceR = 2.000000, avanceI = 2.000000
inc_x_r = 0.000000, inc_y_r = 1.000000, inc_x_i = 1.000000, inc_y_i = 1.000000
En el else......

----------------------------------------
x = 56.000000, y = 255.000000
avance = -271.000000, avanceR = 2.000000, avanceI = 2.000000
inc_x_r = 0.000000, inc_y_r = 1.000000, inc_x_i = 1.000000, inc_y_i = 1.000000
En el else......

----------------------------------------
x = 56.000000, y = 256.000000
avance = -269.000000, avanceR = 2.000000, avanceI = 2.000000
inc_x_r = 0.000000, inc_y_r = 1.000000, inc_x_i = 1.000000, inc_y_i = 1.000000
En el else......

----------------------------------------
x = 56.000000, y = 257.000000
avance = -267.000000, avanceR = 2.000000, avanceI = 2.000000
inc_x_r = 0.000000, inc_y_r = 1.000000, inc_x_i = 1.000000, inc_y_i = 1.000000
En el else......

----------------------------------------
x = 56.000000, y = 258.000000
avance = -265.000000, avanceR = 2.000000, avanceI = 2.000000
inc_x_r = 0.000000, inc_y_r = 1.000000, inc_x_i = 1.000000, inc_y_i = 1.000000
En el else......

----------------------------------------
x = 56.000000, y = 259.000000
avance = -263.000000, avanceR = 2.000000, avanceI = 2.000000
inc_x_r = 0.000000, inc_y_r = 1.000000, inc_x_i = 1.000000, inc_y_i = 1.000000
En el else......

----------------------------------------
x = 56.000000, y = 260.000000
avance = -261.000000, avanceR = 2.000000, avanceI = 2.000000
inc_x_r = 0.000000, inc_y_r = 1.000000, inc_x_i = 1.000000, inc_y_i = 1.000000
En el else......

----------------------------------------
x = 56.000000, y = 261.000000
avance = -259.000000, avanceR = 2.000000, avanceI = 2.000000
inc_x_r = 0.000000, inc_y_r = 1.000000, inc_x_i = 1.000000, inc_y_i = 1.000000
En el else......

----------------------------------------
x = 56.000000, y = 262.000000
avance = -257.000000, avanceR = 2.000000, avanceI = 2.000000
inc_x_r = 0.000000, inc_y_r = 1.000000, inc_x_i = 1.000000, inc_y_i = 1.000000
En el else......

----------------------------------------
x = 56.000000, y = 263.000000
avance = -255.000000, avanceR = 2.000000, avanceI = 2.000000
inc_x_r = 0.000000, inc_y_r = 1.000000, inc_x_i = 1.000000, inc_y_i = 1.000000
En el else......

----------------------------------------
x = 56.000000, y = 264.000000
avance = -253.000000, avanceR = 2.000000, avanceI = 2.000000
inc_x_r = 0.000000, inc_y_r = 1.000000, inc_x_i = 1.000000, inc_y_i = 1.000000
En el else......

----------------------------------------
x = 56.000000, y = 265.000000
avance = -251.000000, avanceR = 2.000000, avanceI = 2.000000
inc_x_r = 0.000000, inc_y_r = 1.000000, inc_x_i = 1.000000, inc_y_i = 1.000000
En el else......

----------------------------------------


ENTRAMOS A BRESENHAMªªªª
x1 = 55.000000 - y1 = 15.000000 || x2 = 56.000000 - y2 = 266.000000
dy = 251.000000, dx = 1.000000
avances inclinados: inc_x_i = 1.000000, inc_y_i = 1.000000
updated: dy = 251.000000, dx = 1.000000
avances rectos: inc_x_r = 0.000000, inc_y_r 1.000000
reupdated: dy = 1.000000, dx = 251.000000
avanceR = 2.000000, avance -249.000000, avanceI 2.000000
----------------------------------------
x = 55.000000, y = 15.000000
avance = -249.000000, avanceR = 2.000000, avanceI = 2.000000
inc_x_r = 0.000000, inc_y_r = 1.000000, inc_x_i = 1.000000, inc_y_i = 1.000000
En el else......

----------------------------------------
x = 55.000000, y = 16.000000
avance = -247.000000, avanceR = 2.000000, avanceI = 2.000000
inc_x_r = 0.000000, inc_y_r = 1.000000, inc_x_i = 1.000000, inc_y_i = 1.000000
En el else......

----------------------------------------
x = 55.000000, y = 17.000000
avance = -245.000000, avanceR = 2.000000, avanceI = 2.000000
inc_x_r = 0.000000, inc_y_r = 1.000000, inc_x_i = 1.000000, inc_y_i = 1.000000
En el else......

----------------------------------------
x = 55.000000, y = 18.000000
avance = -243.000000, avanceR = 2.000000, avanceI = 2.000000
inc_x_r = 0.000000, inc_y_r = 1.000000, inc_x_i = 1.000000, inc_y_i = 1.000000
En el else......

----------------------------------------
x = 55.000000, y = 19.000000
avance = -241.000000, avanceR = 2.000000, avanceI = 2.000000
inc_x_r = 0.000000, inc_y_r = 1.000000, inc_x_i = 1.000000, inc_y_i = 1.000000
En el else......

----------------------------------------
x = 55.000000, y = 20.000000
avance = -239.000000, avanceR = 2.000000, avanceI = 2.000000
inc_x_r = 0.000000, inc_y_r = 1.000000, inc_x_i = 1.000000, inc_y_i = 1.000000
En el else......

----------------------------------------
x = 55.000000, y = 21.000000
avance = -237.000000, avanceR = 2.000000, avanceI = 2.000000
inc_x_r = 0.000000, inc_y_r = 1.000000, inc_x_i = 1.000000, inc_y_i = 1.000000
En el else......

----------------------------------------
x = 55.000000, y = 22.000000
avance = -235.000000, avanceR = 2.000000, avanceI = 2.000000
inc_x_r = 0.000000, inc_y_r = 1.000000, inc_x_i = 1.000000, inc_y_i = 1.000000
En el else......

----------------------------------------
x = 55.000000, y = 23.000000
avance = -233.000000, avanceR = 2.000000, avanceI = 2.000000
inc_x_r = 0.000000, inc_y_r = 1.000000, inc_x_i = 1.000000, inc_y_i = 1.000000
En el else......

----------------------------------------
x = 55.000000, y = 24.000000
avance = -231.000000, avanceR = 2.000000, avanceI = 2.000000
inc_x_r = 0.000000, inc_y_r = 1.000000, inc_x_i = 1.000000, inc_y_i = 1.000000
En el else......

----------------------------------------
x = 55.000000, y = 25.000000
avance = -229.000000, avanceR = 2.000000, avanceI = 2.000000
inc_x_r = 0.000000, inc_y_r = 1.000000, inc_x_i = 1.000000, inc_y_i = 1.000000
En el else......

----------------------------------------
x = 55.000000, y = 26.000000
avance = -227.000000, avanceR = 2.000000, avanceI = 2.000000
inc_x_r = 0.000000, inc_y_r = 1.000000, inc_x_i = 1.000000, inc_y_i = 1.000000
En el else......

----------------------------------------
x = 55.000000, y = 27.000000
avance = -225.000000, avanceR = 2.000000, avanceI = 2.000000
inc_x_r = 0.000000, inc_y_r = 1.000000, inc_x_i = 1.000000, inc_y_i = 1.000000
En el else......

----------------------------------------
x = 55.000000, y = 28.000000
avance = -223.000000, avanceR = 2.000000, avanceI = 2.000000
inc_x_r = 0.000000, inc_y_r = 1.000000, inc_x_i = 1.000000, inc_y_i = 1.000000
En el else......

----------------------------------------
x = 55.000000, y = 29.000000
avance = -221.000000, avanceR = 2.000000, avanceI = 2.000000
inc_x_r = 0.000000, inc_y_r = 1.000000, inc_x_i = 1.000000, inc_y_i = 1.000000
En el else......

----------------------------------------
x = 55.000000, y = 30.000000
avance = -219.000000, avanceR = 2.000000, avanceI = 2.000000
inc_x_r = 0.000000, inc_y_r = 1.000000, inc_x_i = 1.000000, inc_y_i = 1.000000
En el else......

----------------------------------------
x = 55.000000, y = 31.000000
avance = -217.000000, avanceR = 2.000000, avanceI = 2.000000
inc_x_r = 0.000000, inc_y_r = 1.000000, inc_x_i = 1.000000, inc_y_i = 1.000000
En el else......

----------------------------------------
x = 55.000000, y = 32.000000
avance = -215.000000, avanceR = 2.000000, avanceI = 2.000000
inc_x_r = 0.000000, inc_y_r = 1.000000, inc_x_i = 1.000000, inc_y_i = 1.000000
En el else......

----------------------------------------
x = 55.000000, y = 33.000000
avance = -213.000000, avanceR = 2.000000, avanceI = 2.000000
inc_x_r = 0.000000, inc_y_r = 1.000000, inc_x_i = 1.000000, inc_y_i = 1.000000
En el else......

----------------------------------------
x = 55.000000, y = 34.000000
avance = -211.000000, avanceR = 2.000000, avanceI = 2.000000
inc_x_r = 0.000000, inc_y_r = 1.000000, inc_x_i = 1.000000, inc_y_i = 1.000000
En el else......

----------------------------------------
x = 55.000000, y = 35.000000
avance = -209.000000, avanceR = 2.000000, avanceI = 2.000000
inc_x_r = 0.000000, inc_y_r = 1.000000, inc_x_i = 1.000000, inc_y_i = 1.000000
En el else......

----------------------------------------
x = 55.000000, y = 36.000000
avance = -207.000000, avanceR = 2.000000, avanceI = 2.000000
inc_x_r = 0.000000, inc_y_r = 1.000000, inc_x_i = 1.000000, inc_y_i = 1.000000
En el else......

----------------------------------------
x = 55.000000, y = 37.000000
avance = -205.000000, avanceR = 2.000000, avanceI = 2.000000
inc_x_r = 0.000000, inc_y_r = 1.000000, inc_x_i = 1.000000, inc_y_i = 1.000000
En el else......

----------------------------------------
x = 55.000000, y = 38.000000
avance = -203.000000, avanceR = 2.000000, avanceI = 2.000000
inc_x_r = 0.000000, inc_y_r = 1.000000, inc_x_i = 1.000000, inc_y_i = 1.000000
En el else......

----------------------------------------
x = 55.000000, y = 39.000000
avance = -201.000000, avanceR = 2.000000, avanceI = 2.000000
inc_x_r = 0.000000, inc_y_r = 1.000000, inc_x_i = 1.000000, inc_y_i = 1.000000
En el else......

----------------------------------------
x = 55.000000, y = 40.000000
avance = -199.000000, avanceR = 2.000000, avanceI = 2.000000
inc_x_r = 0.000000, inc_y_r = 1.000000, inc_x_i = 1.000000, inc_y_i = 1.000000
En el else......

----------------------------------------
x = 55.000000, y = 41.000000
avance = -197.000000, avanceR = 2.000000, avanceI = 2.000000
inc_x_r = 0.000000, inc_y_r = 1.000000, inc_x_i = 1.000000, inc_y_i = 1.000000
En el else......

----------------------------------------
x = 55.000000, y = 42.000000
avance = -195.000000, avanceR = 2.000000, avanceI = 2.000000
inc_x_r = 0.000000, inc_y_r = 1.000000, inc_x_i = 1.000000, inc_y_i = 1.000000
En el else......

----------------------------------------
x = 55.000000, y = 43.000000
avance = -193.000000, avanceR = 2.000000, avanceI = 2.000000
inc_x_r = 0.000000, inc_y_r = 1.000000, inc_x_i = 1.000000, inc_y_i = 1.000000
En el else......

----------------------------------------
x = 55.000000, y = 44.000000
avance = -191.000000, avanceR = 2.000000, avanceI = 2.000000
inc_x_r = 0.000000, inc_y_r = 1.000000, inc_x_i = 1.000000, inc_y_i = 1.000000
En el else......

----------------------------------------
x = 55.000000, y = 45.000000
avance = -189.000000, avanceR = 2.000000, avanceI = 2.000000
inc_x_r = 0.000000, inc_y_r = 1.000000, inc_x_i = 1.000000, inc_y_i = 1.000000
En el else......

----------------------------------------
x = 55.000000, y = 46.000000
avance = -187.000000, avanceR = 2.000000, avanceI = 2.000000
inc_x_r = 0.000000, inc_y_r = 1.000000, inc_x_i = 1.000000, inc_y_i = 1.000000
En el else......

----------------------------------------
x = 55.000000, y = 47.000000
avance = -185.000000, avanceR = 2.000000, avanceI = 2.000000
inc_x_r = 0.000000, inc_y_r = 1.000000, inc_x_i = 1.000000, inc_y_i = 1.000000
En el else......

----------------------------------------
x = 55.000000, y = 48.000000
avance = -183.000000, avanceR = 2.000000, avanceI = 2.000000
inc_x_r = 0.000000, inc_y_r = 1.000000, inc_x_i = 1.000000, inc_y_i = 1.000000
En el else......

----------------------------------------
x = 55.000000, y = 49.000000
avance = -181.000000, avanceR = 2.000000, avanceI = 2.000000
inc_x_r = 0.000000, inc_y_r = 1.000000, inc_x_i = 1.000000, inc_y_i = 1.000000
En el else......

----------------------------------------
x = 55.000000, y = 50.000000
avance = -179.000000, avanceR = 2.000000, avanceI = 2.000000
inc_x_r = 0.000000, inc_y_r = 1.000000, inc_x_i = 1.000000, inc_y_i = 1.000000
En el else......

----------------------------------------
x = 55.000000, y = 51.000000
avance = -177.000000, avanceR = 2.000000, avanceI = 2.000000
inc_x_r = 0.000000, inc_y_r = 1.000000, inc_x_i = 1.000000, inc_y_i = 1.000000
En el else......

----------------------------------------
x = 55.000000, y = 52.000000
avance = -175.000000, avanceR = 2.000000, avanceI = 2.000000
inc_x_r = 0.000000, inc_y_r = 1.000000, inc_x_i = 1.000000, inc_y_i = 1.000000
En el else......

----------------------------------------
x = 55.000000, y = 53.000000
avance = -173.000000, avanceR = 2.000000, avanceI = 2.000000
inc_x_r = 0.000000, inc_y_r = 1.000000, inc_x_i = 1.000000, inc_y_i = 1.000000
En el else......

----------------------------------------
x = 55.000000, y = 54.000000
avance = -171.000000, avanceR = 2.000000, avanceI = 2.000000
inc_x_r = 0.000000, inc_y_r = 1.000000, inc_x_i = 1.000000, inc_y_i = 1.000000
En el else......

----------------------------------------
x = 55.000000, y = 55.000000
avance = -169.000000, avanceR = 2.000000, avanceI = 2.000000
inc_x_r = 0.000000, inc_y_r = 1.000000, inc_x_i = 1.000000, inc_y_i = 1.000000
En el else......

----------------------------------------
x = 55.000000, y = 56.000000
avance = -167.000000, avanceR = 2.000000, avanceI = 2.000000
inc_x_r = 0.000000, inc_y_r = 1.000000, inc_x_i = 1.000000, inc_y_i = 1.000000
En el else......

----------------------------------------
x = 55.000000, y = 57.000000
avance = -165.000000, avanceR = 2.000000, avanceI = 2.000000
inc_x_r = 0.000000, inc_y_r = 1.000000, inc_x_i = 1.000000, inc_y_i = 1.000000
En el else......

----------------------------------------
x = 55.000000, y = 58.000000
avance = -163.000000, avanceR = 2.000000, avanceI = 2.000000
inc_x_r = 0.000000, inc_y_r = 1.000000, inc_x_i = 1.000000, inc_y_i = 1.000000
En el else......

----------------------------------------
x = 55.000000, y = 59.000000
avance = -161.000000, avanceR = 2.000000, avanceI = 2.000000
inc_x_r = 0.000000, inc_y_r = 1.000000, inc_x_i = 1.000000, inc_y_i = 1.000000
En el else......

----------------------------------------
x = 55.000000, y = 60.000000
avance = -159.000000, avanceR = 2.000000, avanceI = 2.000000
inc_x_r = 0.000000, inc_y_r = 1.000000, inc_x_i = 1.000000, inc_y_i = 1.000000
En el else......

----------------------------------------
x = 55.000000, y = 61.000000
avance = -157.000000, avanceR = 2.000000, avanceI = 2.000000
inc_x_r = 0.000000, inc_y_r = 1.000000, inc_x_i = 1.000000, inc_y_i = 1.000000
En el else......

----------------------------------------
x = 55.000000, y = 62.000000
avance = -155.000000, avanceR = 2.000000, avanceI = 2.000000
inc_x_r = 0.000000, inc_y_r = 1.000000, inc_x_i = 1.000000, inc_y_i = 1.000000
En el else......

----------------------------------------
x = 55.000000, y = 63.000000
avance = -153.000000, avanceR = 2.000000, avanceI = 2.000000
inc_x_r = 0.000000, inc_y_r = 1.000000, inc_x_i = 1.000000, inc_y_i = 1.000000
En el else......

----------------------------------------
x = 55.000000, y = 64.000000
avance = -151.000000, avanceR = 2.000000, avanceI = 2.000000
inc_x_r = 0.000000, inc_y_r = 1.000000, inc_x_i = 1.000000, inc_y_i = 1.000000
En el else......

----------------------------------------
x = 55.000000, y = 65.000000
avance = -149.000000, avanceR = 2.000000, avanceI = 2.000000
inc_x_r = 0.000000, inc_y_r = 1.000000, inc_x_i = 1.000000, inc_y_i = 1.000000
En el else......

----------------------------------------
x = 55.000000, y = 66.000000
avance = -147.000000, avanceR = 2.000000, avanceI = 2.000000
inc_x_r = 0.000000, inc_y_r = 1.000000, inc_x_i = 1.000000, inc_y_i = 1.000000
En el else......

----------------------------------------
x = 55.000000, y = 67.000000
avance = -145.000000, avanceR = 2.000000, avanceI = 2.000000
inc_x_r = 0.000000, inc_y_r = 1.000000, inc_x_i = 1.000000, inc_y_i = 1.000000
En el else......

----------------------------------------
x = 55.000000, y = 68.000000
avance = -143.000000, avanceR = 2.000000, avanceI = 2.000000
inc_x_r = 0.000000, inc_y_r = 1.000000, inc_x_i = 1.000000, inc_y_i = 1.000000
En el else......

----------------------------------------
x = 55.000000, y = 69.000000
avance = -141.000000, avanceR = 2.000000, avanceI = 2.000000
inc_x_r = 0.000000, inc_y_r = 1.000000, inc_x_i = 1.000000, inc_y_i = 1.000000
En el else......

----------------------------------------
x = 55.000000, y = 70.000000
avance = -139.000000, avanceR = 2.000000, avanceI = 2.000000
inc_x_r = 0.000000, inc_y_r = 1.000000, inc_x_i = 1.000000, inc_y_i = 1.000000
En el else......

----------------------------------------
x = 55.000000, y = 71.000000
avance = -137.000000, avanceR = 2.000000, avanceI = 2.000000
inc_x_r = 0.000000, inc_y_r = 1.000000, inc_x_i = 1.000000, inc_y_i = 1.000000
En el else......

----------------------------------------
x = 55.000000, y = 72.000000
avance = -135.000000, avanceR = 2.000000, avanceI = 2.000000
inc_x_r = 0.000000, inc_y_r = 1.000000, inc_x_i = 1.000000, inc_y_i = 1.000000
En el else......

----------------------------------------
x = 55.000000, y = 73.000000
avance = -133.000000, avanceR = 2.000000, avanceI = 2.000000
inc_x_r = 0.000000, inc_y_r = 1.000000, inc_x_i = 1.000000, inc_y_i = 1.000000
En el else......

----------------------------------------
x = 55.000000, y = 74.000000
avance = -131.000000, avanceR = 2.000000, avanceI = 2.000000
inc_x_r = 0.000000, inc_y_r = 1.000000, inc_x_i = 1.000000, inc_y_i = 1.000000
En el else......

----------------------------------------
x = 55.000000, y = 75.000000
avance = -129.000000, avanceR = 2.000000, avanceI = 2.000000
inc_x_r = 0.000000, inc_y_r = 1.000000, inc_x_i = 1.000000, inc_y_i = 1.000000
En el else......

----------------------------------------
x = 55.000000, y = 76.000000
avance = -127.000000, avanceR = 2.000000, avanceI = 2.000000
inc_x_r = 0.000000, inc_y_r = 1.000000, inc_x_i = 1.000000, inc_y_i = 1.000000
En el else......

----------------------------------------
x = 55.000000, y = 77.000000
avance = -125.000000, avanceR = 2.000000, avanceI = 2.000000
inc_x_r = 0.000000, inc_y_r = 1.000000, inc_x_i = 1.000000, inc_y_i = 1.000000
En el else......

----------------------------------------
x = 55.000000, y = 78.000000
avance = -123.000000, avanceR = 2.000000, avanceI = 2.000000
inc_x_r = 0.000000, inc_y_r = 1.000000, inc_x_i = 1.000000, inc_y_i = 1.000000
En el else......

----------------------------------------
x = 55.000000, y = 79.000000
avance = -121.000000, avanceR = 2.000000, avanceI = 2.000000
inc_x_r = 0.000000, inc_y_r = 1.000000, inc_x_i = 1.000000, inc_y_i = 1.000000
En el else......

----------------------------------------
x = 55.000000, y = 80.000000
avance = -119.000000, avanceR = 2.000000, avanceI = 2.000000
inc_x_r = 0.000000, inc_y_r = 1.000000, inc_x_i = 1.000000, inc_y_i = 1.000000
En el else......

----------------------------------------
x = 55.000000, y = 81.000000
avance = -117.000000, avanceR = 2.000000, avanceI = 2.000000
inc_x_r = 0.000000, inc_y_r = 1.000000, inc_x_i = 1.000000, inc_y_i = 1.000000
En el else......

----------------------------------------
x = 55.000000, y = 82.000000
avance = -115.000000, avanceR = 2.000000, avanceI = 2.000000
inc_x_r = 0.000000, inc_y_r = 1.000000, inc_x_i = 1.000000, inc_y_i = 1.000000
En el else......

----------------------------------------
x = 55.000000, y = 83.000000
avance = -113.000000, avanceR = 2.000000, avanceI = 2.000000
inc_x_r = 0.000000, inc_y_r = 1.000000, inc_x_i = 1.000000, inc_y_i = 1.000000
En el else......

----------------------------------------
x = 55.000000, y = 84.000000
avance = -111.000000, avanceR = 2.000000, avanceI = 2.000000
inc_x_r = 0.000000, inc_y_r = 1.000000, inc_x_i = 1.000000, inc_y_i = 1.000000
En el else......

----------------------------------------
x = 55.000000, y = 85.000000
avance = -109.000000, avanceR = 2.000000, avanceI = 2.000000
inc_x_r = 0.000000, inc_y_r = 1.000000, inc_x_i = 1.000000, inc_y_i = 1.000000
En el else......

----------------------------------------
x = 55.000000, y = 86.000000
avance = -107.000000, avanceR = 2.000000, avanceI = 2.000000
inc_x_r = 0.000000, inc_y_r = 1.000000, inc_x_i = 1.000000, inc_y_i = 1.000000
En el else......

----------------------------------------
x = 55.000000, y = 87.000000
avance = -105.000000, avanceR = 2.000000, avanceI = 2.000000
inc_x_r = 0.000000, inc_y_r = 1.000000, inc_x_i = 1.000000, inc_y_i = 1.000000
En el else......

----------------------------------------
x = 55.000000, y = 88.000000
avance = -103.000000, avanceR = 2.000000, avanceI = 2.000000
inc_x_r = 0.000000, inc_y_r = 1.000000, inc_x_i = 1.000000, inc_y_i = 1.000000
En el else......

----------------------------------------
x = 55.000000, y = 89.000000
avance = -101.000000, avanceR = 2.000000, avanceI = 2.000000
inc_x_r = 0.000000, inc_y_r = 1.000000, inc_x_i = 1.000000, inc_y_i = 1.000000
En el else......

----------------------------------------
x = 55.000000, y = 90.000000
avance = -99.000000, avanceR = 2.000000, avanceI = 2.000000
inc_x_r = 0.000000, inc_y_r = 1.000000, inc_x_i = 1.000000, inc_y_i = 1.000000
En el else......

----------------------------------------
x = 55.000000, y = 91.000000
avance = -97.000000, avanceR = 2.000000, avanceI = 2.000000
inc_x_r = 0.000000, inc_y_r = 1.000000, inc_x_i = 1.000000, inc_y_i = 1.000000
En el else......

----------------------------------------
x = 55.000000, y = 92.000000
avance = -95.000000, avanceR = 2.000000, avanceI = 2.000000
inc_x_r = 0.000000, inc_y_r = 1.000000, inc_x_i = 1.000000, inc_y_i = 1.000000
En el else......

----------------------------------------
x = 55.000000, y = 93.000000
avance = -93.000000, avanceR = 2.000000, avanceI = 2.000000
inc_x_r = 0.000000, inc_y_r = 1.000000, inc_x_i = 1.000000, inc_y_i = 1.000000
En el else......

----------------------------------------
x = 55.000000, y = 94.000000
avance = -91.000000, avanceR = 2.000000, avanceI = 2.000000
inc_x_r = 0.000000, inc_y_r = 1.000000, inc_x_i = 1.000000, inc_y_i = 1.000000
En el else......

----------------------------------------
x = 55.000000, y = 95.000000
avance = -89.000000, avanceR = 2.000000, avanceI = 2.000000
inc_x_r = 0.000000, inc_y_r = 1.000000, inc_x_i = 1.000000, inc_y_i = 1.000000
En el else......

----------------------------------------
x = 55.000000, y = 96.000000
avance = -87.000000, avanceR = 2.000000, avanceI = 2.000000
inc_x_r = 0.000000, inc_y_r = 1.000000, inc_x_i = 1.000000, inc_y_i = 1.000000
En el else......

----------------------------------------
x = 55.000000, y = 97.000000
avance = -85.000000, avanceR = 2.000000, avanceI = 2.000000
inc_x_r = 0.000000, inc_y_r = 1.000000, inc_x_i = 1.000000, inc_y_i = 1.000000
En el else......

----------------------------------------
x = 55.000000, y = 98.000000
avance = -83.000000, avanceR = 2.000000, avanceI = 2.000000
inc_x_r = 0.000000, inc_y_r = 1.000000, inc_x_i = 1.000000, inc_y_i = 1.000000
En el else......

----------------------------------------
x = 55.000000, y = 99.000000
avance = -81.000000, avanceR = 2.000000, avanceI = 2.000000
inc_x_r = 0.000000, inc_y_r = 1.000000, inc_x_i = 1.000000, inc_y_i = 1.000000
En el else......

----------------------------------------
x = 55.000000, y = 100.000000
avance = -79.000000, avanceR = 2.000000, avanceI = 2.000000
inc_x_r = 0.000000, inc_y_r = 1.000000, inc_x_i = 1.000000, inc_y_i = 1.000000
En el else......

----------------------------------------
x = 55.000000, y = 101.000000
avance = -77.000000, avanceR = 2.000000, avanceI = 2.000000
inc_x_r = 0.000000, inc_y_r = 1.000000, inc_x_i = 1.000000, inc_y_i = 1.000000
En el else......

----------------------------------------
x = 55.000000, y = 102.000000
avance = -75.000000, avanceR = 2.000000, avanceI = 2.000000
inc_x_r = 0.000000, inc_y_r = 1.000000, inc_x_i = 1.000000, inc_y_i = 1.000000
En el else......

----------------------------------------
x = 55.000000, y = 103.000000
avance = -73.000000, avanceR = 2.000000, avanceI = 2.000000
inc_x_r = 0.000000, inc_y_r = 1.000000, inc_x_i = 1.000000, inc_y_i = 1.000000
En el else......

----------------------------------------
x = 55.000000, y = 104.000000
avance = -71.000000, avanceR = 2.000000, avanceI = 2.000000
inc_x_r = 0.000000, inc_y_r = 1.000000, inc_x_i = 1.000000, inc_y_i = 1.000000
En el else......

----------------------------------------
x = 55.000000, y = 105.000000
avance = -69.000000, avanceR = 2.000000, avanceI = 2.000000
inc_x_r = 0.000000, inc_y_r = 1.000000, inc_x_i = 1.000000, inc_y_i = 1.000000
En el else......

----------------------------------------
x = 55.000000, y = 106.000000
avance = -67.000000, avanceR = 2.000000, avanceI = 2.000000
inc_x_r = 0.000000, inc_y_r = 1.000000, inc_x_i = 1.000000, inc_y_i = 1.000000
En el else......

----------------------------------------
x = 55.000000, y = 107.000000
avance = -65.000000, avanceR = 2.000000, avanceI = 2.000000
inc_x_r = 0.000000, inc_y_r = 1.000000, inc_x_i = 1.000000, inc_y_i = 1.000000
En el else......

----------------------------------------
x = 55.000000, y = 108.000000
avance = -63.000000, avanceR = 2.000000, avanceI = 2.000000
inc_x_r = 0.000000, inc_y_r = 1.000000, inc_x_i = 1.000000, inc_y_i = 1.000000
En el else......

----------------------------------------
x = 55.000000, y = 109.000000
avance = -61.000000, avanceR = 2.000000, avanceI = 2.000000
inc_x_r = 0.000000, inc_y_r = 1.000000, inc_x_i = 1.000000, inc_y_i = 1.000000
En el else......

----------------------------------------
x = 55.000000, y = 110.000000
avance = -59.000000, avanceR = 2.000000, avanceI = 2.000000
inc_x_r = 0.000000, inc_y_r = 1.000000, inc_x_i = 1.000000, inc_y_i = 1.000000
En el else......

----------------------------------------
x = 55.000000, y = 111.000000
avance = -57.000000, avanceR = 2.000000, avanceI = 2.000000
inc_x_r = 0.000000, inc_y_r = 1.000000, inc_x_i = 1.000000, inc_y_i = 1.000000
En el else......

----------------------------------------
x = 55.000000, y = 112.000000
avance = -55.000000, avanceR = 2.000000, avanceI = 2.000000
inc_x_r = 0.000000, inc_y_r = 1.000000, inc_x_i = 1.000000, inc_y_i = 1.000000
En el else......

----------------------------------------
x = 55.000000, y = 113.000000
avance = -53.000000, avanceR = 2.000000, avanceI = 2.000000
inc_x_r = 0.000000, inc_y_r = 1.000000, inc_x_i = 1.000000, inc_y_i = 1.000000
En el else......

----------------------------------------
x = 55.000000, y = 114.000000
avance = -51.000000, avanceR = 2.000000, avanceI = 2.000000
inc_x_r = 0.000000, inc_y_r = 1.000000, inc_x_i = 1.000000, inc_y_i = 1.000000
En el else......

----------------------------------------
x = 55.000000, y = 115.000000
avance = -49.000000, avanceR = 2.000000, avanceI = 2.000000
inc_x_r = 0.000000, inc_y_r = 1.000000, inc_x_i = 1.000000, inc_y_i = 1.000000
En el else......

----------------------------------------
x = 55.000000, y = 116.000000
avance = -47.000000, avanceR = 2.000000, avanceI = 2.000000
inc_x_r = 0.000000, inc_y_r = 1.000000, inc_x_i = 1.000000, inc_y_i = 1.000000
En el else......

----------------------------------------
x = 55.000000, y = 117.000000
avance = -45.000000, avanceR = 2.000000, avanceI = 2.000000
inc_x_r = 0.000000, inc_y_r = 1.000000, inc_x_i = 1.000000, inc_y_i = 1.000000
En el else......

----------------------------------------
x = 55.000000, y = 118.000000
avance = -43.000000, avanceR = 2.000000, avanceI = 2.000000
inc_x_r = 0.000000, inc_y_r = 1.000000, inc_x_i = 1.000000, inc_y_i = 1.000000
En el else......

----------------------------------------
x = 55.000000, y = 119.000000
avance = -41.000000, avanceR = 2.000000, avanceI = 2.000000
inc_x_r = 0.000000, inc_y_r = 1.000000, inc_x_i = 1.000000, inc_y_i = 1.000000
En el else......

----------------------------------------
x = 55.000000, y = 120.000000
avance = -39.000000, avanceR = 2.000000, avanceI = 2.000000
inc_x_r = 0.000000, inc_y_r = 1.000000, inc_x_i = 1.000000, inc_y_i = 1.000000
En el else......

----------------------------------------
x = 55.000000, y = 121.000000
avance = -37.000000, avanceR = 2.000000, avanceI = 2.000000
inc_x_r = 0.000000, inc_y_r = 1.000000, inc_x_i = 1.000000, inc_y_i = 1.000000
En el else......

----------------------------------------
x = 55.000000, y = 122.000000
avance = -35.000000, avanceR = 2.000000, avanceI = 2.000000
inc_x_r = 0.000000, inc_y_r = 1.000000, inc_x_i = 1.000000, inc_y_i = 1.000000
En el else......

----------------------------------------
x = 55.000000, y = 123.000000
avance = -33.000000, avanceR = 2.000000, avanceI = 2.000000
inc_x_r = 0.000000, inc_y_r = 1.000000, inc_x_i = 1.000000, inc_y_i = 1.000000
En el else......

----------------------------------------
x = 55.000000, y = 124.000000
avance = -31.000000, avanceR = 2.000000, avanceI = 2.000000
inc_x_r = 0.000000, inc_y_r = 1.000000, inc_x_i = 1.000000, inc_y_i = 1.000000
En el else......

----------------------------------------
x = 55.000000, y = 125.000000
avance = -29.000000, avanceR = 2.000000, avanceI = 2.000000
inc_x_r = 0.000000, inc_y_r = 1.000000, inc_x_i = 1.000000, inc_y_i = 1.000000
En el else......

----------------------------------------
x = 55.000000, y = 126.000000
avance = -27.000000, avanceR = 2.000000, avanceI = 2.000000
inc_x_r = 0.000000, inc_y_r = 1.000000, inc_x_i = 1.000000, inc_y_i = 1.000000
En el else......

----------------------------------------
x = 55.000000, y = 127.000000
avance = -25.000000, avanceR = 2.000000, avanceI = 2.000000
inc_x_r = 0.000000, inc_y_r = 1.000000, inc_x_i = 1.000000, inc_y_i = 1.000000
En el else......

----------------------------------------
x = 55.000000, y = 128.000000
avance = -23.000000, avanceR = 2.000000, avanceI = 2.000000
inc_x_r = 0.000000, inc_y_r = 1.000000, inc_x_i = 1.000000, inc_y_i = 1.000000
En el else......

----------------------------------------
x = 55.000000, y = 129.000000
avance = -21.000000, avanceR = 2.000000, avanceI = 2.000000
inc_x_r = 0.000000, inc_y_r = 1.000000, inc_x_i = 1.000000, inc_y_i = 1.000000
En el else......

----------------------------------------
x = 55.000000, y = 130.000000
avance = -19.000000, avanceR = 2.000000, avanceI = 2.000000
inc_x_r = 0.000000, inc_y_r = 1.000000, inc_x_i = 1.000000, inc_y_i = 1.000000
En el else......

----------------------------------------
x = 55.000000, y = 131.000000
avance = -17.000000, avanceR = 2.000000, avanceI = 2.000000
inc_x_r = 0.000000, inc_y_r = 1.000000, inc_x_i = 1.000000, inc_y_i = 1.000000
En el else......

----------------------------------------
x = 55.000000, y = 132.000000
avance = -15.000000, avanceR = 2.000000, avanceI = 2.000000
inc_x_r = 0.000000, inc_y_r = 1.000000, inc_x_i = 1.000000, inc_y_i = 1.000000
En el else......

----------------------------------------
x = 55.000000, y = 133.000000
avance = -13.000000, avanceR = 2.000000, avanceI = 2.000000
inc_x_r = 0.000000, inc_y_r = 1.000000, inc_x_i = 1.000000, inc_y_i = 1.000000
En el else......

----------------------------------------
x = 55.000000, y = 134.000000
avance = -11.000000, avanceR = 2.000000, avanceI = 2.000000
inc_x_r = 0.000000, inc_y_r = 1.000000, inc_x_i = 1.000000, inc_y_i = 1.000000
En el else......

----------------------------------------
x = 55.000000, y = 135.000000
avance = -9.000000, avanceR = 2.000000, avanceI = 2.000000
inc_x_r = 0.000000, inc_y_r = 1.000000, inc_x_i = 1.000000, inc_y_i = 1.000000
En el else......

----------------------------------------
x = 55.000000, y = 136.000000
avance = -7.000000, avanceR = 2.000000, avanceI = 2.000000
inc_x_r = 0.000000, inc_y_r = 1.000000, inc_x_i = 1.000000, inc_y_i = 1.000000
En el else......

----------------------------------------
x = 55.000000, y = 137.000000
avance = -5.000000, avanceR = 2.000000, avanceI = 2.000000
inc_x_r = 0.000000, inc_y_r = 1.000000, inc_x_i = 1.000000, inc_y_i = 1.000000
En el else......

----------------------------------------
x = 55.000000, y = 138.000000
avance = -3.000000, avanceR = 2.000000, avanceI = 2.000000
inc_x_r = 0.000000, inc_y_r = 1.000000, inc_x_i = 1.000000, inc_y_i = 1.000000
En el else......

----------------------------------------
x = 55.000000, y = 139.000000
avance = -1.000000, avanceR = 2.000000, avanceI = 2.000000
inc_x_r = 0.000000, inc_y_r = 1.000000, inc_x_i = 1.000000, inc_y_i = 1.000000
En el else......

----------------------------------------
x = 55.000000, y = 140.000000
avance = 1.000000, avanceR = 2.000000, avanceI = 2.000000
inc_x_r = 0.000000, inc_y_r = 1.000000, inc_x_i = 1.000000, inc_y_i = 1.000000
avance >= 0

----------------------------------------
x = 56.000000, y = 141.000000
avance = -499.000000, avanceR = 2.000000, avanceI = 2.000000
inc_x_r = 0.000000, inc_y_r = 1.000000, inc_x_i = 1.000000, inc_y_i = 1.000000
En el else......

----------------------------------------
x = 56.000000, y = 142.000000
avance = -497.000000, avanceR = 2.000000, avanceI = 2.000000
inc_x_r = 0.000000, inc_y_r = 1.000000, inc_x_i = 1.000000, inc_y_i = 1.000000
En el else......

----------------------------------------
x = 56.000000, y = 143.000000
avance = -495.000000, avanceR = 2.000000, avanceI = 2.000000
inc_x_r = 0.000000, inc_y_r = 1.000000, inc_x_i = 1.000000, inc_y_i = 1.000000
En el else......

----------------------------------------
x = 56.000000, y = 144.000000
avance = -493.000000, avanceR = 2.000000, avanceI = 2.000000
inc_x_r = 0.000000, inc_y_r = 1.000000, inc_x_i = 1.000000, inc_y_i = 1.000000
En el else......

----------------------------------------
x = 56.000000, y = 145.000000
avance = -491.000000, avanceR = 2.000000, avanceI = 2.000000
inc_x_r = 0.000000, inc_y_r = 1.000000, inc_x_i = 1.000000, inc_y_i = 1.000000
En el else......

----------------------------------------
x = 56.000000, y = 146.000000
avance = -489.000000, avanceR = 2.000000, avanceI = 2.000000
inc_x_r = 0.000000, inc_y_r = 1.000000, inc_x_i = 1.000000, inc_y_i = 1.000000
En el else......

----------------------------------------
x = 56.000000, y = 147.000000
avance = -487.000000, avanceR = 2.000000, avanceI = 2.000000
inc_x_r = 0.000000, inc_y_r = 1.000000, inc_x_i = 1.000000, inc_y_i = 1.000000
En el else......

----------------------------------------
x = 56.000000, y = 148.000000
avance = -485.000000, avanceR = 2.000000, avanceI = 2.000000
inc_x_r = 0.000000, inc_y_r = 1.000000, inc_x_i = 1.000000, inc_y_i = 1.000000
En el else......

----------------------------------------
x = 56.000000, y = 149.000000
avance = -483.000000, avanceR = 2.000000, avanceI = 2.000000
inc_x_r = 0.000000, inc_y_r = 1.000000, inc_x_i = 1.000000, inc_y_i = 1.000000
En el else......

----------------------------------------
x = 56.000000, y = 150.000000
avance = -481.000000, avanceR = 2.000000, avanceI = 2.000000
inc_x_r = 0.000000, inc_y_r = 1.000000, inc_x_i = 1.000000, inc_y_i = 1.000000
En el else......

----------------------------------------
x = 56.000000, y = 151.000000
avance = -479.000000, avanceR = 2.000000, avanceI = 2.000000
inc_x_r = 0.000000, inc_y_r = 1.000000, inc_x_i = 1.000000, inc_y_i = 1.000000
En el else......

----------------------------------------
x = 56.000000, y = 152.000000
avance = -477.000000, avanceR = 2.000000, avanceI = 2.000000
inc_x_r = 0.000000, inc_y_r = 1.000000, inc_x_i = 1.000000, inc_y_i = 1.000000
En el else......

----------------------------------------
x = 56.000000, y = 153.000000
avance = -475.000000, avanceR = 2.000000, avanceI = 2.000000
inc_x_r = 0.000000, inc_y_r = 1.000000, inc_x_i = 1.000000, inc_y_i = 1.000000
En el else......

----------------------------------------
x = 56.000000, y = 154.000000
avance = -473.000000, avanceR = 2.000000, avanceI = 2.000000
inc_x_r = 0.000000, inc_y_r = 1.000000, inc_x_i = 1.000000, inc_y_i = 1.000000
En el else......

----------------------------------------
x = 56.000000, y = 155.000000
avance = -471.000000, avanceR = 2.000000, avanceI = 2.000000
inc_x_r = 0.000000, inc_y_r = 1.000000, inc_x_i = 1.000000, inc_y_i = 1.000000
En el else......

----------------------------------------
x = 56.000000, y = 156.000000
avance = -469.000000, avanceR = 2.000000, avanceI = 2.000000
inc_x_r = 0.000000, inc_y_r = 1.000000, inc_x_i = 1.000000, inc_y_i = 1.000000
En el else......

----------------------------------------
x = 56.000000, y = 157.000000
avance = -467.000000, avanceR = 2.000000, avanceI = 2.000000
inc_x_r = 0.000000, inc_y_r = 1.000000, inc_x_i = 1.000000, inc_y_i = 1.000000
En el else......

----------------------------------------
x = 56.000000, y = 158.000000
avance = -465.000000, avanceR = 2.000000, avanceI = 2.000000
inc_x_r = 0.000000, inc_y_r = 1.000000, inc_x_i = 1.000000, inc_y_i = 1.000000
En el else......

----------------------------------------
x = 56.000000, y = 159.000000
avance = -463.000000, avanceR = 2.000000, avanceI = 2.000000
inc_x_r = 0.000000, inc_y_r = 1.000000, inc_x_i = 1.000000, inc_y_i = 1.000000
En el else......

----------------------------------------
x = 56.000000, y = 160.000000
avance = -461.000000, avanceR = 2.000000, avanceI = 2.000000
inc_x_r = 0.000000, inc_y_r = 1.000000, inc_x_i = 1.000000, inc_y_i = 1.000000
En el else......

----------------------------------------
x = 56.000000, y = 161.000000
avance = -459.000000, avanceR = 2.000000, avanceI = 2.000000
inc_x_r = 0.000000, inc_y_r = 1.000000, inc_x_i = 1.000000, inc_y_i = 1.000000
En el else......

----------------------------------------
x = 56.000000, y = 162.000000
avance = -457.000000, avanceR = 2.000000, avanceI = 2.000000
inc_x_r = 0.000000, inc_y_r = 1.000000, inc_x_i = 1.000000, inc_y_i = 1.000000
En el else......

----------------------------------------
x = 56.000000, y = 163.000000
avance = -455.000000, avanceR = 2.000000, avanceI = 2.000000
inc_x_r = 0.000000, inc_y_r = 1.000000, inc_x_i = 1.000000, inc_y_i = 1.000000
En el else......

----------------------------------------
x = 56.000000, y = 164.000000
avance = -453.000000, avanceR = 2.000000, avanceI = 2.000000
inc_x_r = 0.000000, inc_y_r = 1.000000, inc_x_i = 1.000000, inc_y_i = 1.000000
En el else......

----------------------------------------
x = 56.000000, y = 165.000000
avance = -451.000000, avanceR = 2.000000, avanceI = 2.000000
inc_x_r = 0.000000, inc_y_r = 1.000000, inc_x_i = 1.000000, inc_y_i = 1.000000
En el else......

----------------------------------------
x = 56.000000, y = 166.000000
avance = -449.000000, avanceR = 2.000000, avanceI = 2.000000
inc_x_r = 0.000000, inc_y_r = 1.000000, inc_x_i = 1.000000, inc_y_i = 1.000000
En el else......

----------------------------------------
x = 56.000000, y = 167.000000
avance = -447.000000, avanceR = 2.000000, avanceI = 2.000000
inc_x_r = 0.000000, inc_y_r = 1.000000, inc_x_i = 1.000000, inc_y_i = 1.000000
En el else......

----------------------------------------
x = 56.000000, y = 168.000000
avance = -445.000000, avanceR = 2.000000, avanceI = 2.000000
inc_x_r = 0.000000, inc_y_r = 1.000000, inc_x_i = 1.000000, inc_y_i = 1.000000
En el else......

----------------------------------------
x = 56.000000, y = 169.000000
avance = -443.000000, avanceR = 2.000000, avanceI = 2.000000
inc_x_r = 0.000000, inc_y_r = 1.000000, inc_x_i = 1.000000, inc_y_i = 1.000000
En el else......

----------------------------------------
x = 56.000000, y = 170.000000
avance = -441.000000, avanceR = 2.000000, avanceI = 2.000000
inc_x_r = 0.000000, inc_y_r = 1.000000, inc_x_i = 1.000000, inc_y_i = 1.000000
En el else......

----------------------------------------
x = 56.000000, y = 171.000000
avance = -439.000000, avanceR = 2.000000, avanceI = 2.000000
inc_x_r = 0.000000, inc_y_r = 1.000000, inc_x_i = 1.000000, inc_y_i = 1.000000
En el else......

----------------------------------------
x = 56.000000, y = 172.000000
avance = -437.000000, avanceR = 2.000000, avanceI = 2.000000
inc_x_r = 0.000000, inc_y_r = 1.000000, inc_x_i = 1.000000, inc_y_i = 1.000000
En el else......

----------------------------------------
x = 56.000000, y = 173.000000
avance = -435.000000, avanceR = 2.000000, avanceI = 2.000000
inc_x_r = 0.000000, inc_y_r = 1.000000, inc_x_i = 1.000000, inc_y_i = 1.000000
En el else......

----------------------------------------
x = 56.000000, y = 174.000000
avance = -433.000000, avanceR = 2.000000, avanceI = 2.000000
inc_x_r = 0.000000, inc_y_r = 1.000000, inc_x_i = 1.000000, inc_y_i = 1.000000
En el else......

----------------------------------------
x = 56.000000, y = 175.000000
avance = -431.000000, avanceR = 2.000000, avanceI = 2.000000
inc_x_r = 0.000000, inc_y_r = 1.000000, inc_x_i = 1.000000, inc_y_i = 1.000000
En el else......

----------------------------------------
x = 56.000000, y = 176.000000
avance = -429.000000, avanceR = 2.000000, avanceI = 2.000000
inc_x_r = 0.000000, inc_y_r = 1.000000, inc_x_i = 1.000000, inc_y_i = 1.000000
En el else......

----------------------------------------
x = 56.000000, y = 177.000000
avance = -427.000000, avanceR = 2.000000, avanceI = 2.000000
inc_x_r = 0.000000, inc_y_r = 1.000000, inc_x_i = 1.000000, inc_y_i = 1.000000
En el else......

----------------------------------------
x = 56.000000, y = 178.000000
avance = -425.000000, avanceR = 2.000000, avanceI = 2.000000
inc_x_r = 0.000000, inc_y_r = 1.000000, inc_x_i = 1.000000, inc_y_i = 1.000000
En el else......

----------------------------------------
x = 56.000000, y = 179.000000
avance = -423.000000, avanceR = 2.000000, avanceI = 2.000000
inc_x_r = 0.000000, inc_y_r = 1.000000, inc_x_i = 1.000000, inc_y_i = 1.000000
En el else......

----------------------------------------
x = 56.000000, y = 180.000000
avance = -421.000000, avanceR = 2.000000, avanceI = 2.000000
inc_x_r = 0.000000, inc_y_r = 1.000000, inc_x_i = 1.000000, inc_y_i = 1.000000
En el else......

----------------------------------------
x = 56.000000, y = 181.000000
avance = -419.000000, avanceR = 2.000000, avanceI = 2.000000
inc_x_r = 0.000000, inc_y_r = 1.000000, inc_x_i = 1.000000, inc_y_i = 1.000000
En el else......

----------------------------------------
x = 56.000000, y = 182.000000
avance = -417.000000, avanceR = 2.000000, avanceI = 2.000000
inc_x_r = 0.000000, inc_y_r = 1.000000, inc_x_i = 1.000000, inc_y_i = 1.000000
En el else......

----------------------------------------
x = 56.000000, y = 183.000000
avance = -415.000000, avanceR = 2.000000, avanceI = 2.000000
inc_x_r = 0.000000, inc_y_r = 1.000000, inc_x_i = 1.000000, inc_y_i = 1.000000
En el else......

----------------------------------------
x = 56.000000, y = 184.000000
avance = -413.000000, avanceR = 2.000000, avanceI = 2.000000
inc_x_r = 0.000000, inc_y_r = 1.000000, inc_x_i = 1.000000, inc_y_i = 1.000000
En el else......

----------------------------------------
x = 56.000000, y = 185.000000
avance = -411.000000, avanceR = 2.000000, avanceI = 2.000000
inc_x_r = 0.000000, inc_y_r = 1.000000, inc_x_i = 1.000000, inc_y_i = 1.000000
En el else......

----------------------------------------
x = 56.000000, y = 186.000000
avance = -409.000000, avanceR = 2.000000, avanceI = 2.000000
inc_x_r = 0.000000, inc_y_r = 1.000000, inc_x_i = 1.000000, inc_y_i = 1.000000
En el else......

----------------------------------------
x = 56.000000, y = 187.000000
avance = -407.000000, avanceR = 2.000000, avanceI = 2.000000
inc_x_r = 0.000000, inc_y_r = 1.000000, inc_x_i = 1.000000, inc_y_i = 1.000000
En el else......

----------------------------------------
x = 56.000000, y = 188.000000
avance = -405.000000, avanceR = 2.000000, avanceI = 2.000000
inc_x_r = 0.000000, inc_y_r = 1.000000, inc_x_i = 1.000000, inc_y_i = 1.000000
En el else......

----------------------------------------
x = 56.000000, y = 189.000000
avance = -403.000000, avanceR = 2.000000, avanceI = 2.000000
inc_x_r = 0.000000, inc_y_r = 1.000000, inc_x_i = 1.000000, inc_y_i = 1.000000
En el else......

----------------------------------------
x = 56.000000, y = 190.000000
avance = -401.000000, avanceR = 2.000000, avanceI = 2.000000
inc_x_r = 0.000000, inc_y_r = 1.000000, inc_x_i = 1.000000, inc_y_i = 1.000000
En el else......

----------------------------------------
x = 56.000000, y = 191.000000
avance = -399.000000, avanceR = 2.000000, avanceI = 2.000000
inc_x_r = 0.000000, inc_y_r = 1.000000, inc_x_i = 1.000000, inc_y_i = 1.000000
En el else......

----------------------------------------
x = 56.000000, y = 192.000000
avance = -397.000000, avanceR = 2.000000, avanceI = 2.000000
inc_x_r = 0.000000, inc_y_r = 1.000000, inc_x_i = 1.000000, inc_y_i = 1.000000
En el else......

----------------------------------------
x = 56.000000, y = 193.000000
avance = -395.000000, avanceR = 2.000000, avanceI = 2.000000
inc_x_r = 0.000000, inc_y_r = 1.000000, inc_x_i = 1.000000, inc_y_i = 1.000000
En el else......

----------------------------------------
x = 56.000000, y = 194.000000
avance = -393.000000, avanceR = 2.000000, avanceI = 2.000000
inc_x_r = 0.000000, inc_y_r = 1.000000, inc_x_i = 1.000000, inc_y_i = 1.000000
En el else......

----------------------------------------
x = 56.000000, y = 195.000000
avance = -391.000000, avanceR = 2.000000, avanceI = 2.000000
inc_x_r = 0.000000, inc_y_r = 1.000000, inc_x_i = 1.000000, inc_y_i = 1.000000
En el else......

----------------------------------------
x = 56.000000, y = 196.000000
avance = -389.000000, avanceR = 2.000000, avanceI = 2.000000
inc_x_r = 0.000000, inc_y_r = 1.000000, inc_x_i = 1.000000, inc_y_i = 1.000000
En el else......

----------------------------------------
x = 56.000000, y = 197.000000
avance = -387.000000, avanceR = 2.000000, avanceI = 2.000000
inc_x_r = 0.000000, inc_y_r = 1.000000, inc_x_i = 1.000000, inc_y_i = 1.000000
En el else......

----------------------------------------
x = 56.000000, y = 198.000000
avance = -385.000000, avanceR = 2.000000, avanceI = 2.000000
inc_x_r = 0.000000, inc_y_r = 1.000000, inc_x_i = 1.000000, inc_y_i = 1.000000
En el else......

----------------------------------------
x = 56.000000, y = 199.000000
avance = -383.000000, avanceR = 2.000000, avanceI = 2.000000
inc_x_r = 0.000000, inc_y_r = 1.000000, inc_x_i = 1.000000, inc_y_i = 1.000000
En el else......

----------------------------------------
x = 56.000000, y = 200.000000
avance = -381.000000, avanceR = 2.000000, avanceI = 2.000000
inc_x_r = 0.000000, inc_y_r = 1.000000, inc_x_i = 1.000000, inc_y_i = 1.000000
En el else......

----------------------------------------
x = 56.000000, y = 201.000000
avance = -379.000000, avanceR = 2.000000, avanceI = 2.000000
inc_x_r = 0.000000, inc_y_r = 1.000000, inc_x_i = 1.000000, inc_y_i = 1.000000
En el else......

----------------------------------------
x = 56.000000, y = 202.000000
avance = -377.000000, avanceR = 2.000000, avanceI = 2.000000
inc_x_r = 0.000000, inc_y_r = 1.000000, inc_x_i = 1.000000, inc_y_i = 1.000000
En el else......

----------------------------------------
x = 56.000000, y = 203.000000
avance = -375.000000, avanceR = 2.000000, avanceI = 2.000000
inc_x_r = 0.000000, inc_y_r = 1.000000, inc_x_i = 1.000000, inc_y_i = 1.000000
En el else......

----------------------------------------
x = 56.000000, y = 204.000000
avance = -373.000000, avanceR = 2.000000, avanceI = 2.000000
inc_x_r = 0.000000, inc_y_r = 1.000000, inc_x_i = 1.000000, inc_y_i = 1.000000
En el else......

----------------------------------------
x = 56.000000, y = 205.000000
avance = -371.000000, avanceR = 2.000000, avanceI = 2.000000
inc_x_r = 0.000000, inc_y_r = 1.000000, inc_x_i = 1.000000, inc_y_i = 1.000000
En el else......

----------------------------------------
x = 56.000000, y = 206.000000
avance = -369.000000, avanceR = 2.000000, avanceI = 2.000000
inc_x_r = 0.000000, inc_y_r = 1.000000, inc_x_i = 1.000000, inc_y_i = 1.000000
En el else......

----------------------------------------
x = 56.000000, y = 207.000000
avance = -367.000000, avanceR = 2.000000, avanceI = 2.000000
inc_x_r = 0.000000, inc_y_r = 1.000000, inc_x_i = 1.000000, inc_y_i = 1.000000
En el else......

----------------------------------------
x = 56.000000, y = 208.000000
avance = -365.000000, avanceR = 2.000000, avanceI = 2.000000
inc_x_r = 0.000000, inc_y_r = 1.000000, inc_x_i = 1.000000, inc_y_i = 1.000000
En el else......

----------------------------------------
x = 56.000000, y = 209.000000
avance = -363.000000, avanceR = 2.000000, avanceI = 2.000000
inc_x_r = 0.000000, inc_y_r = 1.000000, inc_x_i = 1.000000, inc_y_i = 1.000000
En el else......

----------------------------------------
x = 56.000000, y = 210.000000
avance = -361.000000, avanceR = 2.000000, avanceI = 2.000000
inc_x_r = 0.000000, inc_y_r = 1.000000, inc_x_i = 1.000000, inc_y_i = 1.000000
En el else......

----------------------------------------
x = 56.000000, y = 211.000000
avance = -359.000000, avanceR = 2.000000, avanceI = 2.000000
inc_x_r = 0.000000, inc_y_r = 1.000000, inc_x_i = 1.000000, inc_y_i = 1.000000
En el else......

----------------------------------------
x = 56.000000, y = 212.000000
avance = -357.000000, avanceR = 2.000000, avanceI = 2.000000
inc_x_r = 0.000000, inc_y_r = 1.000000, inc_x_i = 1.000000, inc_y_i = 1.000000
En el else......

----------------------------------------
x = 56.000000, y = 213.000000
avance = -355.000000, avanceR = 2.000000, avanceI = 2.000000
inc_x_r = 0.000000, inc_y_r = 1.000000, inc_x_i = 1.000000, inc_y_i = 1.000000
En el else......

----------------------------------------
x = 56.000000, y = 214.000000
avance = -353.000000, avanceR = 2.000000, avanceI = 2.000000
inc_x_r = 0.000000, inc_y_r = 1.000000, inc_x_i = 1.000000, inc_y_i = 1.000000
En el else......

----------------------------------------
x = 56.000000, y = 215.000000
avance = -351.000000, avanceR = 2.000000, avanceI = 2.000000
inc_x_r = 0.000000, inc_y_r = 1.000000, inc_x_i = 1.000000, inc_y_i = 1.000000
En el else......

----------------------------------------
x = 56.000000, y = 216.000000
avance = -349.000000, avanceR = 2.000000, avanceI = 2.000000
inc_x_r = 0.000000, inc_y_r = 1.000000, inc_x_i = 1.000000, inc_y_i = 1.000000
En el else......

----------------------------------------
x = 56.000000, y = 217.000000
avance = -347.000000, avanceR = 2.000000, avanceI = 2.000000
inc_x_r = 0.000000, inc_y_r = 1.000000, inc_x_i = 1.000000, inc_y_i = 1.000000
En el else......

----------------------------------------
x = 56.000000, y = 218.000000
avance = -345.000000, avanceR = 2.000000, avanceI = 2.000000
inc_x_r = 0.000000, inc_y_r = 1.000000, inc_x_i = 1.000000, inc_y_i = 1.000000
En el else......

----------------------------------------
x = 56.000000, y = 219.000000
avance = -343.000000, avanceR = 2.000000, avanceI = 2.000000
inc_x_r = 0.000000, inc_y_r = 1.000000, inc_x_i = 1.000000, inc_y_i = 1.000000
En el else......

----------------------------------------
x = 56.000000, y = 220.000000
avance = -341.000000, avanceR = 2.000000, avanceI = 2.000000
inc_x_r = 0.000000, inc_y_r = 1.000000, inc_x_i = 1.000000, inc_y_i = 1.000000
En el else......

----------------------------------------
x = 56.000000, y = 221.000000
avance = -339.000000, avanceR = 2.000000, avanceI = 2.000000
inc_x_r = 0.000000, inc_y_r = 1.000000, inc_x_i = 1.000000, inc_y_i = 1.000000
En el else......

----------------------------------------
x = 56.000000, y = 222.000000
avance = -337.000000, avanceR = 2.000000, avanceI = 2.000000
inc_x_r = 0.000000, inc_y_r = 1.000000, inc_x_i = 1.000000, inc_y_i = 1.000000
En el else......

----------------------------------------
x = 56.000000, y = 223.000000
avance = -335.000000, avanceR = 2.000000, avanceI = 2.000000
inc_x_r = 0.000000, inc_y_r = 1.000000, inc_x_i = 1.000000, inc_y_i = 1.000000
En el else......

----------------------------------------
x = 56.000000, y = 224.000000
avance = -333.000000, avanceR = 2.000000, avanceI = 2.000000
inc_x_r = 0.000000, inc_y_r = 1.000000, inc_x_i = 1.000000, inc_y_i = 1.000000
En el else......

----------------------------------------
x = 56.000000, y = 225.000000
avance = -331.000000, avanceR = 2.000000, avanceI = 2.000000
inc_x_r = 0.000000, inc_y_r = 1.000000, inc_x_i = 1.000000, inc_y_i = 1.000000
En el else......

----------------------------------------
x = 56.000000, y = 226.000000
avance = -329.000000, avanceR = 2.000000, avanceI = 2.000000
inc_x_r = 0.000000, inc_y_r = 1.000000, inc_x_i = 1.000000, inc_y_i = 1.000000
En el else......

----------------------------------------
x = 56.000000, y = 227.000000
avance = -327.000000, avanceR = 2.000000, avanceI = 2.000000
inc_x_r = 0.000000, inc_y_r = 1.000000, inc_x_i = 1.000000, inc_y_i = 1.000000
En el else......

----------------------------------------
x = 56.000000, y = 228.000000
avance = -325.000000, avanceR = 2.000000, avanceI = 2.000000
inc_x_r = 0.000000, inc_y_r = 1.000000, inc_x_i = 1.000000, inc_y_i = 1.000000
En el else......

----------------------------------------
x = 56.000000, y = 229.000000
avance = -323.000000, avanceR = 2.000000, avanceI = 2.000000
inc_x_r = 0.000000, inc_y_r = 1.000000, inc_x_i = 1.000000, inc_y_i = 1.000000
En el else......

----------------------------------------
x = 56.000000, y = 230.000000
avance = -321.000000, avanceR = 2.000000, avanceI = 2.000000
inc_x_r = 0.000000, inc_y_r = 1.000000, inc_x_i = 1.000000, inc_y_i = 1.000000
En el else......

----------------------------------------
x = 56.000000, y = 231.000000
avance = -319.000000, avanceR = 2.000000, avanceI = 2.000000
inc_x_r = 0.000000, inc_y_r = 1.000000, inc_x_i = 1.000000, inc_y_i = 1.000000
En el else......

----------------------------------------
x = 56.000000, y = 232.000000
avance = -317.000000, avanceR = 2.000000, avanceI = 2.000000
inc_x_r = 0.000000, inc_y_r = 1.000000, inc_x_i = 1.000000, inc_y_i = 1.000000
En el else......

----------------------------------------
x = 56.000000, y = 233.000000
avance = -315.000000, avanceR = 2.000000, avanceI = 2.000000
inc_x_r = 0.000000, inc_y_r = 1.000000, inc_x_i = 1.000000, inc_y_i = 1.000000
En el else......

----------------------------------------
x = 56.000000, y = 234.000000
avance = -313.000000, avanceR = 2.000000, avanceI = 2.000000
inc_x_r = 0.000000, inc_y_r = 1.000000, inc_x_i = 1.000000, inc_y_i = 1.000000
En el else......

----------------------------------------
x = 56.000000, y = 235.000000
avance = -311.000000, avanceR = 2.000000, avanceI = 2.000000
inc_x_r = 0.000000, inc_y_r = 1.000000, inc_x_i = 1.000000, inc_y_i = 1.000000
En el else......

----------------------------------------
x = 56.000000, y = 236.000000
avance = -309.000000, avanceR = 2.000000, avanceI = 2.000000
inc_x_r = 0.000000, inc_y_r = 1.000000, inc_x_i = 1.000000, inc_y_i = 1.000000
En el else......

----------------------------------------
x = 56.000000, y = 237.000000
avance = -307.000000, avanceR = 2.000000, avanceI = 2.000000
inc_x_r = 0.000000, inc_y_r = 1.000000, inc_x_i = 1.000000, inc_y_i = 1.000000
En el else......

----------------------------------------
x = 56.000000, y = 238.000000
avance = -305.000000, avanceR = 2.000000, avanceI = 2.000000
inc_x_r = 0.000000, inc_y_r = 1.000000, inc_x_i = 1.000000, inc_y_i = 1.000000
En el else......

----------------------------------------
x = 56.000000, y = 239.000000
avance = -303.000000, avanceR = 2.000000, avanceI = 2.000000
inc_x_r = 0.000000, inc_y_r = 1.000000, inc_x_i = 1.000000, inc_y_i = 1.000000
En el else......

----------------------------------------
x = 56.000000, y = 240.000000
avance = -301.000000, avanceR = 2.000000, avanceI = 2.000000
inc_x_r = 0.000000, inc_y_r = 1.000000, inc_x_i = 1.000000, inc_y_i = 1.000000
En el else......

----------------------------------------
x = 56.000000, y = 241.000000
avance = -299.000000, avanceR = 2.000000, avanceI = 2.000000
inc_x_r = 0.000000, inc_y_r = 1.000000, inc_x_i = 1.000000, inc_y_i = 1.000000
En el else......

----------------------------------------
x = 56.000000, y = 242.000000
avance = -297.000000, avanceR = 2.000000, avanceI = 2.000000
inc_x_r = 0.000000, inc_y_r = 1.000000, inc_x_i = 1.000000, inc_y_i = 1.000000
En el else......

----------------------------------------
x = 56.000000, y = 243.000000
avance = -295.000000, avanceR = 2.000000, avanceI = 2.000000
inc_x_r = 0.000000, inc_y_r = 1.000000, inc_x_i = 1.000000, inc_y_i = 1.000000
En el else......

----------------------------------------
x = 56.000000, y = 244.000000
avance = -293.000000, avanceR = 2.000000, avanceI = 2.000000
inc_x_r = 0.000000, inc_y_r = 1.000000, inc_x_i = 1.000000, inc_y_i = 1.000000
En el else......

----------------------------------------
x = 56.000000, y = 245.000000
avance = -291.000000, avanceR = 2.000000, avanceI = 2.000000
inc_x_r = 0.000000, inc_y_r = 1.000000, inc_x_i = 1.000000, inc_y_i = 1.000000
En el else......

----------------------------------------
x = 56.000000, y = 246.000000
avance = -289.000000, avanceR = 2.000000, avanceI = 2.000000
inc_x_r = 0.000000, inc_y_r = 1.000000, inc_x_i = 1.000000, inc_y_i = 1.000000
En el else......

----------------------------------------
x = 56.000000, y = 247.000000
avance = -287.000000, avanceR = 2.000000, avanceI = 2.000000
inc_x_r = 0.000000, inc_y_r = 1.000000, inc_x_i = 1.000000, inc_y_i = 1.000000
En el else......

----------------------------------------
x = 56.000000, y = 248.000000
avance = -285.000000, avanceR = 2.000000, avanceI = 2.000000
inc_x_r = 0.000000, inc_y_r = 1.000000, inc_x_i = 1.000000, inc_y_i = 1.000000
En el else......

----------------------------------------
x = 56.000000, y = 249.000000
avance = -283.000000, avanceR = 2.000000, avanceI = 2.000000
inc_x_r = 0.000000, inc_y_r = 1.000000, inc_x_i = 1.000000, inc_y_i = 1.000000
En el else......

----------------------------------------
x = 56.000000, y = 250.000000
avance = -281.000000, avanceR = 2.000000, avanceI = 2.000000
inc_x_r = 0.000000, inc_y_r = 1.000000, inc_x_i = 1.000000, inc_y_i = 1.000000
En el else......

----------------------------------------
x = 56.000000, y = 251.000000
avance = -279.000000, avanceR = 2.000000, avanceI = 2.000000
inc_x_r = 0.000000, inc_y_r = 1.000000, inc_x_i = 1.000000, inc_y_i = 1.000000
En el else......

----------------------------------------
x = 56.000000, y = 252.000000
avance = -277.000000, avanceR = 2.000000, avanceI = 2.000000
inc_x_r = 0.000000, inc_y_r = 1.000000, inc_x_i = 1.000000, inc_y_i = 1.000000
En el else......

----------------------------------------
x = 56.000000, y = 253.000000
avance = -275.000000, avanceR = 2.000000, avanceI = 2.000000
inc_x_r = 0.000000, inc_y_r = 1.000000, inc_x_i = 1.000000, inc_y_i = 1.000000
En el else......

----------------------------------------
x = 56.000000, y = 254.000000
avance = -273.000000, avanceR = 2.000000, avanceI = 2.000000
inc_x_r = 0.000000, inc_y_r = 1.000000, inc_x_i = 1.000000, inc_y_i = 1.000000
En el else......

----------------------------------------
x = 56.000000, y = 255.000000
avance = -271.000000, avanceR = 2.000000, avanceI = 2.000000
inc_x_r = 0.000000, inc_y_r = 1.000000, inc_x_i = 1.000000, inc_y_i = 1.000000
En el else......

----------------------------------------
x = 56.000000, y = 256.000000
avance = -269.000000, avanceR = 2.000000, avanceI = 2.000000
inc_x_r = 0.000000, inc_y_r = 1.000000, inc_x_i = 1.000000, inc_y_i = 1.000000
En el else......

----------------------------------------
x = 56.000000, y = 257.000000
avance = -267.000000, avanceR = 2.000000, avanceI = 2.000000
inc_x_r = 0.000000, inc_y_r = 1.000000, inc_x_i = 1.000000, inc_y_i = 1.000000
En el else......

----------------------------------------
x = 56.000000, y = 258.000000
avance = -265.000000, avanceR = 2.000000, avanceI = 2.000000
inc_x_r = 0.000000, inc_y_r = 1.000000, inc_x_i = 1.000000, inc_y_i = 1.000000
En el else......

----------------------------------------
x = 56.000000, y = 259.000000
avance = -263.000000, avanceR = 2.000000, avanceI = 2.000000
inc_x_r = 0.000000, inc_y_r = 1.000000, inc_x_i = 1.000000, inc_y_i = 1.000000
En el else......

----------------------------------------
x = 56.000000, y = 260.000000
avance = -261.000000, avanceR = 2.000000, avanceI = 2.000000
inc_x_r = 0.000000, inc_y_r = 1.000000, inc_x_i = 1.000000, inc_y_i = 1.000000
En el else......

----------------------------------------
x = 56.000000, y = 261.000000
avance = -259.000000, avanceR = 2.000000, avanceI = 2.000000
inc_x_r = 0.000000, inc_y_r = 1.000000, inc_x_i = 1.000000, inc_y_i = 1.000000
En el else......

----------------------------------------
x = 56.000000, y = 262.000000
avance = -257.000000, avanceR = 2.000000, avanceI = 2.000000
inc_x_r = 0.000000, inc_y_r = 1.000000, inc_x_i = 1.000000, inc_y_i = 1.000000
En el else......

----------------------------------------
x = 56.000000, y = 263.000000
avance = -255.000000, avanceR = 2.000000, avanceI = 2.000000
inc_x_r = 0.000000, inc_y_r = 1.000000, inc_x_i = 1.000000, inc_y_i = 1.000000
En el else......

----------------------------------------
x = 56.000000, y = 264.000000
avance = -253.000000, avanceR = 2.000000, avanceI = 2.000000
inc_x_r = 0.000000, inc_y_r = 1.000000, inc_x_i = 1.000000, inc_y_i = 1.000000
En el else......

----------------------------------------
x = 56.000000, y = 265.000000
avance = -251.000000, avanceR = 2.000000, avanceI = 2.000000
inc_x_r = 0.000000, inc_y_r = 1.000000, inc_x_i = 1.000000, inc_y_i = 1.000000
En el else......

----------------------------------------


ENTRAMOS A BRESENHAMªªªª
x1 = 55.000000 - y1 = 15.000000 || x2 = 56.000000 - y2 = 266.000000
dy = 251.000000, dx = 1.000000
avances inclinados: inc_x_i = 1.000000, inc_y_i = 1.000000
updated: dy = 251.000000, dx = 1.000000
avances rectos: inc_x_r = 0.000000, inc_y_r 1.000000
reupdated: dy = 1.000000, dx = 251.000000
avanceR = 2.000000, avance -249.000000, avanceI 2.000000
----------------------------------------
x = 55.000000, y = 15.000000
avance = -249.000000, avanceR = 2.000000, avanceI = 2.000000
inc_x_r = 0.000000, inc_y_r = 1.000000, inc_x_i = 1.000000, inc_y_i = 1.000000
En el else......

----------------------------------------
x = 55.000000, y = 16.000000
avance = -247.000000, avanceR = 2.000000, avanceI = 2.000000
inc_x_r = 0.000000, inc_y_r = 1.000000, inc_x_i = 1.000000, inc_y_i = 1.000000
En el else......

----------------------------------------
x = 55.000000, y = 17.000000
avance = -245.000000, avanceR = 2.000000, avanceI = 2.000000
inc_x_r = 0.000000, inc_y_r = 1.000000, inc_x_i = 1.000000, inc_y_i = 1.000000
En el else......

----------------------------------------
x = 55.000000, y = 18.000000
avance = -243.000000, avanceR = 2.000000, avanceI = 2.000000
inc_x_r = 0.000000, inc_y_r = 1.000000, inc_x_i = 1.000000, inc_y_i = 1.000000
En el else......

----------------------------------------
x = 55.000000, y = 19.000000
avance = -241.000000, avanceR = 2.000000, avanceI = 2.000000
inc_x_r = 0.000000, inc_y_r = 1.000000, inc_x_i = 1.000000, inc_y_i = 1.000000
En el else......

----------------------------------------
x = 55.000000, y = 20.000000
avance = -239.000000, avanceR = 2.000000, avanceI = 2.000000
inc_x_r = 0.000000, inc_y_r = 1.000000, inc_x_i = 1.000000, inc_y_i = 1.000000
En el else......

----------------------------------------
x = 55.000000, y = 21.000000
avance = -237.000000, avanceR = 2.000000, avanceI = 2.000000
inc_x_r = 0.000000, inc_y_r = 1.000000, inc_x_i = 1.000000, inc_y_i = 1.000000
En el else......

----------------------------------------
x = 55.000000, y = 22.000000
avance = -235.000000, avanceR = 2.000000, avanceI = 2.000000
inc_x_r = 0.000000, inc_y_r = 1.000000, inc_x_i = 1.000000, inc_y_i = 1.000000
En el else......

----------------------------------------
x = 55.000000, y = 23.000000
avance = -233.000000, avanceR = 2.000000, avanceI = 2.000000
inc_x_r = 0.000000, inc_y_r = 1.000000, inc_x_i = 1.000000, inc_y_i = 1.000000
En el else......

----------------------------------------
x = 55.000000, y = 24.000000
avance = -231.000000, avanceR = 2.000000, avanceI = 2.000000
inc_x_r = 0.000000, inc_y_r = 1.000000, inc_x_i = 1.000000, inc_y_i = 1.000000
En el else......

----------------------------------------
x = 55.000000, y = 25.000000
avance = -229.000000, avanceR = 2.000000, avanceI = 2.000000
inc_x_r = 0.000000, inc_y_r = 1.000000, inc_x_i = 1.000000, inc_y_i = 1.000000
En el else......

----------------------------------------
x = 55.000000, y = 26.000000
avance = -227.000000, avanceR = 2.000000, avanceI = 2.000000
inc_x_r = 0.000000, inc_y_r = 1.000000, inc_x_i = 1.000000, inc_y_i = 1.000000
En el else......

----------------------------------------
x = 55.000000, y = 27.000000
avance = -225.000000, avanceR = 2.000000, avanceI = 2.000000
inc_x_r = 0.000000, inc_y_r = 1.000000, inc_x_i = 1.000000, inc_y_i = 1.000000
En el else......

----------------------------------------
x = 55.000000, y = 28.000000
avance = -223.000000, avanceR = 2.000000, avanceI = 2.000000
inc_x_r = 0.000000, inc_y_r = 1.000000, inc_x_i = 1.000000, inc_y_i = 1.000000
En el else......

----------------------------------------
x = 55.000000, y = 29.000000
avance = -221.000000, avanceR = 2.000000, avanceI = 2.000000
inc_x_r = 0.000000, inc_y_r = 1.000000, inc_x_i = 1.000000, inc_y_i = 1.000000
En el else......

----------------------------------------
x = 55.000000, y = 30.000000
avance = -219.000000, avanceR = 2.000000, avanceI = 2.000000
inc_x_r = 0.000000, inc_y_r = 1.000000, inc_x_i = 1.000000, inc_y_i = 1.000000
En el else......

----------------------------------------
x = 55.000000, y = 31.000000
avance = -217.000000, avanceR = 2.000000, avanceI = 2.000000
inc_x_r = 0.000000, inc_y_r = 1.000000, inc_x_i = 1.000000, inc_y_i = 1.000000
En el else......

----------------------------------------
x = 55.000000, y = 32.000000
avance = -215.000000, avanceR = 2.000000, avanceI = 2.000000
inc_x_r = 0.000000, inc_y_r = 1.000000, inc_x_i = 1.000000, inc_y_i = 1.000000
En el else......

----------------------------------------
x = 55.000000, y = 33.000000
avance = -213.000000, avanceR = 2.000000, avanceI = 2.000000
inc_x_r = 0.000000, inc_y_r = 1.000000, inc_x_i = 1.000000, inc_y_i = 1.000000
En el else......

----------------------------------------
x = 55.000000, y = 34.000000
avance = -211.000000, avanceR = 2.000000, avanceI = 2.000000
inc_x_r = 0.000000, inc_y_r = 1.000000, inc_x_i = 1.000000, inc_y_i = 1.000000
En el else......

----------------------------------------
x = 55.000000, y = 35.000000
avance = -209.000000, avanceR = 2.000000, avanceI = 2.000000
inc_x_r = 0.000000, inc_y_r = 1.000000, inc_x_i = 1.000000, inc_y_i = 1.000000
En el else......

----------------------------------------
x = 55.000000, y = 36.000000
avance = -207.000000, avanceR = 2.000000, avanceI = 2.000000
inc_x_r = 0.000000, inc_y_r = 1.000000, inc_x_i = 1.000000, inc_y_i = 1.000000
En el else......

----------------------------------------
x = 55.000000, y = 37.000000
avance = -205.000000, avanceR = 2.000000, avanceI = 2.000000
inc_x_r = 0.000000, inc_y_r = 1.000000, inc_x_i = 1.000000, inc_y_i = 1.000000
En el else......

----------------------------------------
x = 55.000000, y = 38.000000
avance = -203.000000, avanceR = 2.000000, avanceI = 2.000000
inc_x_r = 0.000000, inc_y_r = 1.000000, inc_x_i = 1.000000, inc_y_i = 1.000000
En el else......

----------------------------------------
x = 55.000000, y = 39.000000
avance = -201.000000, avanceR = 2.000000, avanceI = 2.000000
inc_x_r = 0.000000, inc_y_r = 1.000000, inc_x_i = 1.000000, inc_y_i = 1.000000
En el else......

----------------------------------------
x = 55.000000, y = 40.000000
avance = -199.000000, avanceR = 2.000000, avanceI = 2.000000
inc_x_r = 0.000000, inc_y_r = 1.000000, inc_x_i = 1.000000, inc_y_i = 1.000000
En el else......

----------------------------------------
x = 55.000000, y = 41.000000
avance = -197.000000, avanceR = 2.000000, avanceI = 2.000000
inc_x_r = 0.000000, inc_y_r = 1.000000, inc_x_i = 1.000000, inc_y_i = 1.000000
En el else......

----------------------------------------
x = 55.000000, y = 42.000000
avance = -195.000000, avanceR = 2.000000, avanceI = 2.000000
inc_x_r = 0.000000, inc_y_r = 1.000000, inc_x_i = 1.000000, inc_y_i = 1.000000
En el else......

----------------------------------------
x = 55.000000, y = 43.000000
avance = -193.000000, avanceR = 2.000000, avanceI = 2.000000
inc_x_r = 0.000000, inc_y_r = 1.000000, inc_x_i = 1.000000, inc_y_i = 1.000000
En el else......

----------------------------------------
x = 55.000000, y = 44.000000
avance = -191.000000, avanceR = 2.000000, avanceI = 2.000000
inc_x_r = 0.000000, inc_y_r = 1.000000, inc_x_i = 1.000000, inc_y_i = 1.000000
En el else......

----------------------------------------
x = 55.000000, y = 45.000000
avance = -189.000000, avanceR = 2.000000, avanceI = 2.000000
inc_x_r = 0.000000, inc_y_r = 1.000000, inc_x_i = 1.000000, inc_y_i = 1.000000
En el else......

----------------------------------------
x = 55.000000, y = 46.000000
avance = -187.000000, avanceR = 2.000000, avanceI = 2.000000
inc_x_r = 0.000000, inc_y_r = 1.000000, inc_x_i = 1.000000, inc_y_i = 1.000000
En el else......

----------------------------------------
x = 55.000000, y = 47.000000
avance = -185.000000, avanceR = 2.000000, avanceI = 2.000000
inc_x_r = 0.000000, inc_y_r = 1.000000, inc_x_i = 1.000000, inc_y_i = 1.000000
En el else......

----------------------------------------
x = 55.000000, y = 48.000000
avance = -183.000000, avanceR = 2.000000, avanceI = 2.000000
inc_x_r = 0.000000, inc_y_r = 1.000000, inc_x_i = 1.000000, inc_y_i = 1.000000
En el else......

----------------------------------------
x = 55.000000, y = 49.000000
avance = -181.000000, avanceR = 2.000000, avanceI = 2.000000
inc_x_r = 0.000000, inc_y_r = 1.000000, inc_x_i = 1.000000, inc_y_i = 1.000000
En el else......

----------------------------------------
x = 55.000000, y = 50.000000
avance = -179.000000, avanceR = 2.000000, avanceI = 2.000000
inc_x_r = 0.000000, inc_y_r = 1.000000, inc_x_i = 1.000000, inc_y_i = 1.000000
En el else......

----------------------------------------
x = 55.000000, y = 51.000000
avance = -177.000000, avanceR = 2.000000, avanceI = 2.000000
inc_x_r = 0.000000, inc_y_r = 1.000000, inc_x_i = 1.000000, inc_y_i = 1.000000
En el else......

----------------------------------------
x = 55.000000, y = 52.000000
avance = -175.000000, avanceR = 2.000000, avanceI = 2.000000
inc_x_r = 0.000000, inc_y_r = 1.000000, inc_x_i = 1.000000, inc_y_i = 1.000000
En el else......

----------------------------------------
x = 55.000000, y = 53.000000
avance = -173.000000, avanceR = 2.000000, avanceI = 2.000000
inc_x_r = 0.000000, inc_y_r = 1.000000, inc_x_i = 1.000000, inc_y_i = 1.000000
En el else......

----------------------------------------
x = 55.000000, y = 54.000000
avance = -171.000000, avanceR = 2.000000, avanceI = 2.000000
inc_x_r = 0.000000, inc_y_r = 1.000000, inc_x_i = 1.000000, inc_y_i = 1.000000
En el else......

----------------------------------------
x = 55.000000, y = 55.000000
avance = -169.000000, avanceR = 2.000000, avanceI = 2.000000
inc_x_r = 0.000000, inc_y_r = 1.000000, inc_x_i = 1.000000, inc_y_i = 1.000000
En el else......

----------------------------------------
x = 55.000000, y = 56.000000
avance = -167.000000, avanceR = 2.000000, avanceI = 2.000000
inc_x_r = 0.000000, inc_y_r = 1.000000, inc_x_i = 1.000000, inc_y_i = 1.000000
En el else......

----------------------------------------
x = 55.000000, y = 57.000000
avance = -165.000000, avanceR = 2.000000, avanceI = 2.000000
inc_x_r = 0.000000, inc_y_r = 1.000000, inc_x_i = 1.000000, inc_y_i = 1.000000
En el else......

----------------------------------------
x = 55.000000, y = 58.000000
avance = -163.000000, avanceR = 2.000000, avanceI = 2.000000
inc_x_r = 0.000000, inc_y_r = 1.000000, inc_x_i = 1.000000, inc_y_i = 1.000000
En el else......

----------------------------------------
x = 55.000000, y = 59.000000
avance = -161.000000, avanceR = 2.000000, avanceI = 2.000000
inc_x_r = 0.000000, inc_y_r = 1.000000, inc_x_i = 1.000000, inc_y_i = 1.000000
En el else......

----------------------------------------
x = 55.000000, y = 60.000000
avance = -159.000000, avanceR = 2.000000, avanceI = 2.000000
inc_x_r = 0.000000, inc_y_r = 1.000000, inc_x_i = 1.000000, inc_y_i = 1.000000
En el else......

----------------------------------------
x = 55.000000, y = 61.000000
avance = -157.000000, avanceR = 2.000000, avanceI = 2.000000
inc_x_r = 0.000000, inc_y_r = 1.000000, inc_x_i = 1.000000, inc_y_i = 1.000000
En el else......

----------------------------------------
x = 55.000000, y = 62.000000
avance = -155.000000, avanceR = 2.000000, avanceI = 2.000000
inc_x_r = 0.000000, inc_y_r = 1.000000, inc_x_i = 1.000000, inc_y_i = 1.000000
En el else......

----------------------------------------
x = 55.000000, y = 63.000000
avance = -153.000000, avanceR = 2.000000, avanceI = 2.000000
inc_x_r = 0.000000, inc_y_r = 1.000000, inc_x_i = 1.000000, inc_y_i = 1.000000
En el else......

----------------------------------------
x = 55.000000, y = 64.000000
avance = -151.000000, avanceR = 2.000000, avanceI = 2.000000
inc_x_r = 0.000000, inc_y_r = 1.000000, inc_x_i = 1.000000, inc_y_i = 1.000000
En el else......

----------------------------------------
x = 55.000000, y = 65.000000
avance = -149.000000, avanceR = 2.000000, avanceI = 2.000000
inc_x_r = 0.000000, inc_y_r = 1.000000, inc_x_i = 1.000000, inc_y_i = 1.000000
En el else......

----------------------------------------
x = 55.000000, y = 66.000000
avance = -147.000000, avanceR = 2.000000, avanceI = 2.000000
inc_x_r = 0.000000, inc_y_r = 1.000000, inc_x_i = 1.000000, inc_y_i = 1.000000
En el else......

----------------------------------------
x = 55.000000, y = 67.000000
avance = -145.000000, avanceR = 2.000000, avanceI = 2.000000
inc_x_r = 0.000000, inc_y_r = 1.000000, inc_x_i = 1.000000, inc_y_i = 1.000000
En el else......

----------------------------------------
x = 55.000000, y = 68.000000
avance = -143.000000, avanceR = 2.000000, avanceI = 2.000000
inc_x_r = 0.000000, inc_y_r = 1.000000, inc_x_i = 1.000000, inc_y_i = 1.000000
En el else......

----------------------------------------
x = 55.000000, y = 69.000000
avance = -141.000000, avanceR = 2.000000, avanceI = 2.000000
inc_x_r = 0.000000, inc_y_r = 1.000000, inc_x_i = 1.000000, inc_y_i = 1.000000
En el else......

----------------------------------------
x = 55.000000, y = 70.000000
avance = -139.000000, avanceR = 2.000000, avanceI = 2.000000
inc_x_r = 0.000000, inc_y_r = 1.000000, inc_x_i = 1.000000, inc_y_i = 1.000000
En el else......

----------------------------------------
x = 55.000000, y = 71.000000
avance = -137.000000, avanceR = 2.000000, avanceI = 2.000000
inc_x_r = 0.000000, inc_y_r = 1.000000, inc_x_i = 1.000000, inc_y_i = 1.000000
En el else......

----------------------------------------
x = 55.000000, y = 72.000000
avance = -135.000000, avanceR = 2.000000, avanceI = 2.000000
inc_x_r = 0.000000, inc_y_r = 1.000000, inc_x_i = 1.000000, inc_y_i = 1.000000
En el else......

----------------------------------------
x = 55.000000, y = 73.000000
avance = -133.000000, avanceR = 2.000000, avanceI = 2.000000
inc_x_r = 0.000000, inc_y_r = 1.000000, inc_x_i = 1.000000, inc_y_i = 1.000000
En el else......

----------------------------------------
x = 55.000000, y = 74.000000
avance = -131.000000, avanceR = 2.000000, avanceI = 2.000000
inc_x_r = 0.000000, inc_y_r = 1.000000, inc_x_i = 1.000000, inc_y_i = 1.000000
En el else......

----------------------------------------
x = 55.000000, y = 75.000000
avance = -129.000000, avanceR = 2.000000, avanceI = 2.000000
inc_x_r = 0.000000, inc_y_r = 1.000000, inc_x_i = 1.000000, inc_y_i = 1.000000
En el else......

----------------------------------------
x = 55.000000, y = 76.000000
avance = -127.000000, avanceR = 2.000000, avanceI = 2.000000
inc_x_r = 0.000000, inc_y_r = 1.000000, inc_x_i = 1.000000, inc_y_i = 1.000000
En el else......

----------------------------------------
x = 55.000000, y = 77.000000
avance = -125.000000, avanceR = 2.000000, avanceI = 2.000000
inc_x_r = 0.000000, inc_y_r = 1.000000, inc_x_i = 1.000000, inc_y_i = 1.000000
En el else......

----------------------------------------
x = 55.000000, y = 78.000000
avance = -123.000000, avanceR = 2.000000, avanceI = 2.000000
inc_x_r = 0.000000, inc_y_r = 1.000000, inc_x_i = 1.000000, inc_y_i = 1.000000
En el else......

----------------------------------------
x = 55.000000, y = 79.000000
avance = -121.000000, avanceR = 2.000000, avanceI = 2.000000
inc_x_r = 0.000000, inc_y_r = 1.000000, inc_x_i = 1.000000, inc_y_i = 1.000000
En el else......

----------------------------------------
x = 55.000000, y = 80.000000
avance = -119.000000, avanceR = 2.000000, avanceI = 2.000000
inc_x_r = 0.000000, inc_y_r = 1.000000, inc_x_i = 1.000000, inc_y_i = 1.000000
En el else......

----------------------------------------
x = 55.000000, y = 81.000000
avance = -117.000000, avanceR = 2.000000, avanceI = 2.000000
inc_x_r = 0.000000, inc_y_r = 1.000000, inc_x_i = 1.000000, inc_y_i = 1.000000
En el else......

----------------------------------------
x = 55.000000, y = 82.000000
avance = -115.000000, avanceR = 2.000000, avanceI = 2.000000
inc_x_r = 0.000000, inc_y_r = 1.000000, inc_x_i = 1.000000, inc_y_i = 1.000000
En el else......

----------------------------------------
x = 55.000000, y = 83.000000
avance = -113.000000, avanceR = 2.000000, avanceI = 2.000000
inc_x_r = 0.000000, inc_y_r = 1.000000, inc_x_i = 1.000000, inc_y_i = 1.000000
En el else......

----------------------------------------
x = 55.000000, y = 84.000000
avance = -111.000000, avanceR = 2.000000, avanceI = 2.000000
inc_x_r = 0.000000, inc_y_r = 1.000000, inc_x_i = 1.000000, inc_y_i = 1.000000
En el else......

----------------------------------------
x = 55.000000, y = 85.000000
avance = -109.000000, avanceR = 2.000000, avanceI = 2.000000
inc_x_r = 0.000000, inc_y_r = 1.000000, inc_x_i = 1.000000, inc_y_i = 1.000000
En el else......

----------------------------------------
x = 55.000000, y = 86.000000
avance = -107.000000, avanceR = 2.000000, avanceI = 2.000000
inc_x_r = 0.000000, inc_y_r = 1.000000, inc_x_i = 1.000000, inc_y_i = 1.000000
En el else......

----------------------------------------
x = 55.000000, y = 87.000000
avance = -105.000000, avanceR = 2.000000, avanceI = 2.000000
inc_x_r = 0.000000, inc_y_r = 1.000000, inc_x_i = 1.000000, inc_y_i = 1.000000
En el else......

----------------------------------------
x = 55.000000, y = 88.000000
avance = -103.000000, avanceR = 2.000000, avanceI = 2.000000
inc_x_r = 0.000000, inc_y_r = 1.000000, inc_x_i = 1.000000, inc_y_i = 1.000000
En el else......

----------------------------------------
x = 55.000000, y = 89.000000
avance = -101.000000, avanceR = 2.000000, avanceI = 2.000000
inc_x_r = 0.000000, inc_y_r = 1.000000, inc_x_i = 1.000000, inc_y_i = 1.000000
En el else......

----------------------------------------
x = 55.000000, y = 90.000000
avance = -99.000000, avanceR = 2.000000, avanceI = 2.000000
inc_x_r = 0.000000, inc_y_r = 1.000000, inc_x_i = 1.000000, inc_y_i = 1.000000
En el else......

----------------------------------------
x = 55.000000, y = 91.000000
avance = -97.000000, avanceR = 2.000000, avanceI = 2.000000
inc_x_r = 0.000000, inc_y_r = 1.000000, inc_x_i = 1.000000, inc_y_i = 1.000000
En el else......

----------------------------------------
x = 55.000000, y = 92.000000
avance = -95.000000, avanceR = 2.000000, avanceI = 2.000000
inc_x_r = 0.000000, inc_y_r = 1.000000, inc_x_i = 1.000000, inc_y_i = 1.000000
En el else......

----------------------------------------
x = 55.000000, y = 93.000000
avance = -93.000000, avanceR = 2.000000, avanceI = 2.000000
inc_x_r = 0.000000, inc_y_r = 1.000000, inc_x_i = 1.000000, inc_y_i = 1.000000
En el else......

----------------------------------------
x = 55.000000, y = 94.000000
avance = -91.000000, avanceR = 2.000000, avanceI = 2.000000
inc_x_r = 0.000000, inc_y_r = 1.000000, inc_x_i = 1.000000, inc_y_i = 1.000000
En el else......

----------------------------------------
x = 55.000000, y = 95.000000
avance = -89.000000, avanceR = 2.000000, avanceI = 2.000000
inc_x_r = 0.000000, inc_y_r = 1.000000, inc_x_i = 1.000000, inc_y_i = 1.000000
En el else......

----------------------------------------
x = 55.000000, y = 96.000000
avance = -87.000000, avanceR = 2.000000, avanceI = 2.000000
inc_x_r = 0.000000, inc_y_r = 1.000000, inc_x_i = 1.000000, inc_y_i = 1.000000
En el else......

----------------------------------------
x = 55.000000, y = 97.000000
avance = -85.000000, avanceR = 2.000000, avanceI = 2.000000
inc_x_r = 0.000000, inc_y_r = 1.000000, inc_x_i = 1.000000, inc_y_i = 1.000000
En el else......

----------------------------------------
x = 55.000000, y = 98.000000
avance = -83.000000, avanceR = 2.000000, avanceI = 2.000000
inc_x_r = 0.000000, inc_y_r = 1.000000, inc_x_i = 1.000000, inc_y_i = 1.000000
En el else......

----------------------------------------
x = 55.000000, y = 99.000000
avance = -81.000000, avanceR = 2.000000, avanceI = 2.000000
inc_x_r = 0.000000, inc_y_r = 1.000000, inc_x_i = 1.000000, inc_y_i = 1.000000
En el else......

----------------------------------------
x = 55.000000, y = 100.000000
avance = -79.000000, avanceR = 2.000000, avanceI = 2.000000
inc_x_r = 0.000000, inc_y_r = 1.000000, inc_x_i = 1.000000, inc_y_i = 1.000000
En el else......

----------------------------------------
x = 55.000000, y = 101.000000
avance = -77.000000, avanceR = 2.000000, avanceI = 2.000000
inc_x_r = 0.000000, inc_y_r = 1.000000, inc_x_i = 1.000000, inc_y_i = 1.000000
En el else......

----------------------------------------
x = 55.000000, y = 102.000000
avance = -75.000000, avanceR = 2.000000, avanceI = 2.000000
inc_x_r = 0.000000, inc_y_r = 1.000000, inc_x_i = 1.000000, inc_y_i = 1.000000
En el else......

----------------------------------------
x = 55.000000, y = 103.000000
avance = -73.000000, avanceR = 2.000000, avanceI = 2.000000
inc_x_r = 0.000000, inc_y_r = 1.000000, inc_x_i = 1.000000, inc_y_i = 1.000000
En el else......

----------------------------------------
x = 55.000000, y = 104.000000
avance = -71.000000, avanceR = 2.000000, avanceI = 2.000000
inc_x_r = 0.000000, inc_y_r = 1.000000, inc_x_i = 1.000000, inc_y_i = 1.000000
En el else......

----------------------------------------
x = 55.000000, y = 105.000000
avance = -69.000000, avanceR = 2.000000, avanceI = 2.000000
inc_x_r = 0.000000, inc_y_r = 1.000000, inc_x_i = 1.000000, inc_y_i = 1.000000
En el else......

----------------------------------------
x = 55.000000, y = 106.000000
avance = -67.000000, avanceR = 2.000000, avanceI = 2.000000
inc_x_r = 0.000000, inc_y_r = 1.000000, inc_x_i = 1.000000, inc_y_i = 1.000000
En el else......

----------------------------------------
x = 55.000000, y = 107.000000
avance = -65.000000, avanceR = 2.000000, avanceI = 2.000000
inc_x_r = 0.000000, inc_y_r = 1.000000, inc_x_i = 1.000000, inc_y_i = 1.000000
En el else......

----------------------------------------
x = 55.000000, y = 108.000000
avance = -63.000000, avanceR = 2.000000, avanceI = 2.000000
inc_x_r = 0.000000, inc_y_r = 1.000000, inc_x_i = 1.000000, inc_y_i = 1.000000
En el else......

----------------------------------------
x = 55.000000, y = 109.000000
avance = -61.000000, avanceR = 2.000000, avanceI = 2.000000
inc_x_r = 0.000000, inc_y_r = 1.000000, inc_x_i = 1.000000, inc_y_i = 1.000000
En el else......

----------------------------------------
x = 55.000000, y = 110.000000
avance = -59.000000, avanceR = 2.000000, avanceI = 2.000000
inc_x_r = 0.000000, inc_y_r = 1.000000, inc_x_i = 1.000000, inc_y_i = 1.000000
En el else......

----------------------------------------
x = 55.000000, y = 111.000000
avance = -57.000000, avanceR = 2.000000, avanceI = 2.000000
inc_x_r = 0.000000, inc_y_r = 1.000000, inc_x_i = 1.000000, inc_y_i = 1.000000
En el else......

----------------------------------------
x = 55.000000, y = 112.000000
avance = -55.000000, avanceR = 2.000000, avanceI = 2.000000
inc_x_r = 0.000000, inc_y_r = 1.000000, inc_x_i = 1.000000, inc_y_i = 1.000000
En el else......

----------------------------------------
x = 55.000000, y = 113.000000
avance = -53.000000, avanceR = 2.000000, avanceI = 2.000000
inc_x_r = 0.000000, inc_y_r = 1.000000, inc_x_i = 1.000000, inc_y_i = 1.000000
En el else......

----------------------------------------
x = 55.000000, y = 114.000000
avance = -51.000000, avanceR = 2.000000, avanceI = 2.000000
inc_x_r = 0.000000, inc_y_r = 1.000000, inc_x_i = 1.000000, inc_y_i = 1.000000
En el else......

----------------------------------------
x = 55.000000, y = 115.000000
avance = -49.000000, avanceR = 2.000000, avanceI = 2.000000
inc_x_r = 0.000000, inc_y_r = 1.000000, inc_x_i = 1.000000, inc_y_i = 1.000000
En el else......

----------------------------------------
x = 55.000000, y = 116.000000
avance = -47.000000, avanceR = 2.000000, avanceI = 2.000000
inc_x_r = 0.000000, inc_y_r = 1.000000, inc_x_i = 1.000000, inc_y_i = 1.000000
En el else......

----------------------------------------
x = 55.000000, y = 117.000000
avance = -45.000000, avanceR = 2.000000, avanceI = 2.000000
inc_x_r = 0.000000, inc_y_r = 1.000000, inc_x_i = 1.000000, inc_y_i = 1.000000
En el else......

----------------------------------------
x = 55.000000, y = 118.000000
avance = -43.000000, avanceR = 2.000000, avanceI = 2.000000
inc_x_r = 0.000000, inc_y_r = 1.000000, inc_x_i = 1.000000, inc_y_i = 1.000000
En el else......

----------------------------------------
x = 55.000000, y = 119.000000
avance = -41.000000, avanceR = 2.000000, avanceI = 2.000000
inc_x_r = 0.000000, inc_y_r = 1.000000, inc_x_i = 1.000000, inc_y_i = 1.000000
En el else......

----------------------------------------
x = 55.000000, y = 120.000000
avance = -39.000000, avanceR = 2.000000, avanceI = 2.000000
inc_x_r = 0.000000, inc_y_r = 1.000000, inc_x_i = 1.000000, inc_y_i = 1.000000
En el else......

----------------------------------------
x = 55.000000, y = 121.000000
avance = -37.000000, avanceR = 2.000000, avanceI = 2.000000
inc_x_r = 0.000000, inc_y_r = 1.000000, inc_x_i = 1.000000, inc_y_i = 1.000000
En el else......

----------------------------------------
x = 55.000000, y = 122.000000
avance = -35.000000, avanceR = 2.000000, avanceI = 2.000000
inc_x_r = 0.000000, inc_y_r = 1.000000, inc_x_i = 1.000000, inc_y_i = 1.000000
En el else......

----------------------------------------
x = 55.000000, y = 123.000000
avance = -33.000000, avanceR = 2.000000, avanceI = 2.000000
inc_x_r = 0.000000, inc_y_r = 1.000000, inc_x_i = 1.000000, inc_y_i = 1.000000
En el else......

----------------------------------------
x = 55.000000, y = 124.000000
avance = -31.000000, avanceR = 2.000000, avanceI = 2.000000
inc_x_r = 0.000000, inc_y_r = 1.000000, inc_x_i = 1.000000, inc_y_i = 1.000000
En el else......

----------------------------------------
x = 55.000000, y = 125.000000
avance = -29.000000, avanceR = 2.000000, avanceI = 2.000000
inc_x_r = 0.000000, inc_y_r = 1.000000, inc_x_i = 1.000000, inc_y_i = 1.000000
En el else......

----------------------------------------
x = 55.000000, y = 126.000000
avance = -27.000000, avanceR = 2.000000, avanceI = 2.000000
inc_x_r = 0.000000, inc_y_r = 1.000000, inc_x_i = 1.000000, inc_y_i = 1.000000
En el else......

----------------------------------------
x = 55.000000, y = 127.000000
avance = -25.000000, avanceR = 2.000000, avanceI = 2.000000
inc_x_r = 0.000000, inc_y_r = 1.000000, inc_x_i = 1.000000, inc_y_i = 1.000000
En el else......

----------------------------------------
x = 55.000000, y = 128.000000
avance = -23.000000, avanceR = 2.000000, avanceI = 2.000000
inc_x_r = 0.000000, inc_y_r = 1.000000, inc_x_i = 1.000000, inc_y_i = 1.000000
En el else......

----------------------------------------
x = 55.000000, y = 129.000000
avance = -21.000000, avanceR = 2.000000, avanceI = 2.000000
inc_x_r = 0.000000, inc_y_r = 1.000000, inc_x_i = 1.000000, inc_y_i = 1.000000
En el else......

----------------------------------------
x = 55.000000, y = 130.000000
avance = -19.000000, avanceR = 2.000000, avanceI = 2.000000
inc_x_r = 0.000000, inc_y_r = 1.000000, inc_x_i = 1.000000, inc_y_i = 1.000000
En el else......

----------------------------------------
x = 55.000000, y = 131.000000
avance = -17.000000, avanceR = 2.000000, avanceI = 2.000000
inc_x_r = 0.000000, inc_y_r = 1.000000, inc_x_i = 1.000000, inc_y_i = 1.000000
En el else......

----------------------------------------
x = 55.000000, y = 132.000000
avance = -15.000000, avanceR = 2.000000, avanceI = 2.000000
inc_x_r = 0.000000, inc_y_r = 1.000000, inc_x_i = 1.000000, inc_y_i = 1.000000
En el else......

----------------------------------------
x = 55.000000, y = 133.000000
avance = -13.000000, avanceR = 2.000000, avanceI = 2.000000
inc_x_r = 0.000000, inc_y_r = 1.000000, inc_x_i = 1.000000, inc_y_i = 1.000000
En el else......

----------------------------------------
x = 55.000000, y = 134.000000
avance = -11.000000, avanceR = 2.000000, avanceI = 2.000000
inc_x_r = 0.000000, inc_y_r = 1.000000, inc_x_i = 1.000000, inc_y_i = 1.000000
En el else......

----------------------------------------
x = 55.000000, y = 135.000000
avance = -9.000000, avanceR = 2.000000, avanceI = 2.000000
inc_x_r = 0.000000, inc_y_r = 1.000000, inc_x_i = 1.000000, inc_y_i = 1.000000
En el else......

----------------------------------------
x = 55.000000, y = 136.000000
avance = -7.000000, avanceR = 2.000000, avanceI = 2.000000
inc_x_r = 0.000000, inc_y_r = 1.000000, inc_x_i = 1.000000, inc_y_i = 1.000000
En el else......

----------------------------------------
x = 55.000000, y = 137.000000
avance = -5.000000, avanceR = 2.000000, avanceI = 2.000000
inc_x_r = 0.000000, inc_y_r = 1.000000, inc_x_i = 1.000000, inc_y_i = 1.000000
En el else......

----------------------------------------
x = 55.000000, y = 138.000000
avance = -3.000000, avanceR = 2.000000, avanceI = 2.000000
inc_x_r = 0.000000, inc_y_r = 1.000000, inc_x_i = 1.000000, inc_y_i = 1.000000
En el else......

----------------------------------------
x = 55.000000, y = 139.000000
avance = -1.000000, avanceR = 2.000000, avanceI = 2.000000
inc_x_r = 0.000000, inc_y_r = 1.000000, inc_x_i = 1.000000, inc_y_i = 1.000000
En el else......

----------------------------------------
x = 55.000000, y = 140.000000
avance = 1.000000, avanceR = 2.000000, avanceI = 2.000000
inc_x_r = 0.000000, inc_y_r = 1.000000, inc_x_i = 1.000000, inc_y_i = 1.000000
avance >= 0

----------------------------------------
x = 56.000000, y = 141.000000
avance = -499.000000, avanceR = 2.000000, avanceI = 2.000000
inc_x_r = 0.000000, inc_y_r = 1.000000, inc_x_i = 1.000000, inc_y_i = 1.000000
En el else......

----------------------------------------
x = 56.000000, y = 142.000000
avance = -497.000000, avanceR = 2.000000, avanceI = 2.000000
inc_x_r = 0.000000, inc_y_r = 1.000000, inc_x_i = 1.000000, inc_y_i = 1.000000
En el else......

----------------------------------------
x = 56.000000, y = 143.000000
avance = -495.000000, avanceR = 2.000000, avanceI = 2.000000
inc_x_r = 0.000000, inc_y_r = 1.000000, inc_x_i = 1.000000, inc_y_i = 1.000000
En el else......

----------------------------------------
x = 56.000000, y = 144.000000
avance = -493.000000, avanceR = 2.000000, avanceI = 2.000000
inc_x_r = 0.000000, inc_y_r = 1.000000, inc_x_i = 1.000000, inc_y_i = 1.000000
En el else......

----------------------------------------
x = 56.000000, y = 145.000000
avance = -491.000000, avanceR = 2.000000, avanceI = 2.000000
inc_x_r = 0.000000, inc_y_r = 1.000000, inc_x_i = 1.000000, inc_y_i = 1.000000
En el else......

----------------------------------------
x = 56.000000, y = 146.000000
avance = -489.000000, avanceR = 2.000000, avanceI = 2.000000
inc_x_r = 0.000000, inc_y_r = 1.000000, inc_x_i = 1.000000, inc_y_i = 1.000000
En el else......

----------------------------------------
x = 56.000000, y = 147.000000
avance = -487.000000, avanceR = 2.000000, avanceI = 2.000000
inc_x_r = 0.000000, inc_y_r = 1.000000, inc_x_i = 1.000000, inc_y_i = 1.000000
En el else......

----------------------------------------
x = 56.000000, y = 148.000000
avance = -485.000000, avanceR = 2.000000, avanceI = 2.000000
inc_x_r = 0.000000, inc_y_r = 1.000000, inc_x_i = 1.000000, inc_y_i = 1.000000
En el else......

----------------------------------------
x = 56.000000, y = 149.000000
avance = -483.000000, avanceR = 2.000000, avanceI = 2.000000
inc_x_r = 0.000000, inc_y_r = 1.000000, inc_x_i = 1.000000, inc_y_i = 1.000000
En el else......

----------------------------------------
x = 56.000000, y = 150.000000
avance = -481.000000, avanceR = 2.000000, avanceI = 2.000000
inc_x_r = 0.000000, inc_y_r = 1.000000, inc_x_i = 1.000000, inc_y_i = 1.000000
En el else......

----------------------------------------
x = 56.000000, y = 151.000000
avance = -479.000000, avanceR = 2.000000, avanceI = 2.000000
inc_x_r = 0.000000, inc_y_r = 1.000000, inc_x_i = 1.000000, inc_y_i = 1.000000
En el else......

----------------------------------------
x = 56.000000, y = 152.000000
avance = -477.000000, avanceR = 2.000000, avanceI = 2.000000
inc_x_r = 0.000000, inc_y_r = 1.000000, inc_x_i = 1.000000, inc_y_i = 1.000000
En el else......

----------------------------------------
x = 56.000000, y = 153.000000
avance = -475.000000, avanceR = 2.000000, avanceI = 2.000000
inc_x_r = 0.000000, inc_y_r = 1.000000, inc_x_i = 1.000000, inc_y_i = 1.000000
En el else......

----------------------------------------
x = 56.000000, y = 154.000000
avance = -473.000000, avanceR = 2.000000, avanceI = 2.000000
inc_x_r = 0.000000, inc_y_r = 1.000000, inc_x_i = 1.000000, inc_y_i = 1.000000
En el else......

----------------------------------------
x = 56.000000, y = 155.000000
avance = -471.000000, avanceR = 2.000000, avanceI = 2.000000
inc_x_r = 0.000000, inc_y_r = 1.000000, inc_x_i = 1.000000, inc_y_i = 1.000000
En el else......

----------------------------------------
x = 56.000000, y = 156.000000
avance = -469.000000, avanceR = 2.000000, avanceI = 2.000000
inc_x_r = 0.000000, inc_y_r = 1.000000, inc_x_i = 1.000000, inc_y_i = 1.000000
En el else......

----------------------------------------
x = 56.000000, y = 157.000000
avance = -467.000000, avanceR = 2.000000, avanceI = 2.000000
inc_x_r = 0.000000, inc_y_r = 1.000000, inc_x_i = 1.000000, inc_y_i = 1.000000
En el else......

----------------------------------------
x = 56.000000, y = 158.000000
avance = -465.000000, avanceR = 2.000000, avanceI = 2.000000
inc_x_r = 0.000000, inc_y_r = 1.000000, inc_x_i = 1.000000, inc_y_i = 1.000000
En el else......

----------------------------------------
x = 56.000000, y = 159.000000
avance = -463.000000, avanceR = 2.000000, avanceI = 2.000000
inc_x_r = 0.000000, inc_y_r = 1.000000, inc_x_i = 1.000000, inc_y_i = 1.000000
En el else......

----------------------------------------
x = 56.000000, y = 160.000000
avance = -461.000000, avanceR = 2.000000, avanceI = 2.000000
inc_x_r = 0.000000, inc_y_r = 1.000000, inc_x_i = 1.000000, inc_y_i = 1.000000
En el else......

----------------------------------------
x = 56.000000, y = 161.000000
avance = -459.000000, avanceR = 2.000000, avanceI = 2.000000
inc_x_r = 0.000000, inc_y_r = 1.000000, inc_x_i = 1.000000, inc_y_i = 1.000000
En el else......

----------------------------------------
x = 56.000000, y = 162.000000
avance = -457.000000, avanceR = 2.000000, avanceI = 2.000000
inc_x_r = 0.000000, inc_y_r = 1.000000, inc_x_i = 1.000000, inc_y_i = 1.000000
En el else......

----------------------------------------
x = 56.000000, y = 163.000000
avance = -455.000000, avanceR = 2.000000, avanceI = 2.000000
inc_x_r = 0.000000, inc_y_r = 1.000000, inc_x_i = 1.000000, inc_y_i = 1.000000
En el else......

----------------------------------------
x = 56.000000, y = 164.000000
avance = -453.000000, avanceR = 2.000000, avanceI = 2.000000
inc_x_r = 0.000000, inc_y_r = 1.000000, inc_x_i = 1.000000, inc_y_i = 1.000000
En el else......

----------------------------------------
x = 56.000000, y = 165.000000
avance = -451.000000, avanceR = 2.000000, avanceI = 2.000000
inc_x_r = 0.000000, inc_y_r = 1.000000, inc_x_i = 1.000000, inc_y_i = 1.000000
En el else......

----------------------------------------
x = 56.000000, y = 166.000000
avance = -449.000000, avanceR = 2.000000, avanceI = 2.000000
inc_x_r = 0.000000, inc_y_r = 1.000000, inc_x_i = 1.000000, inc_y_i = 1.000000
En el else......

----------------------------------------
x = 56.000000, y = 167.000000
avance = -447.000000, avanceR = 2.000000, avanceI = 2.000000
inc_x_r = 0.000000, inc_y_r = 1.000000, inc_x_i = 1.000000, inc_y_i = 1.000000
En el else......

----------------------------------------
x = 56.000000, y = 168.000000
avance = -445.000000, avanceR = 2.000000, avanceI = 2.000000
inc_x_r = 0.000000, inc_y_r = 1.000000, inc_x_i = 1.000000, inc_y_i = 1.000000
En el else......

----------------------------------------
x = 56.000000, y = 169.000000
avance = -443.000000, avanceR = 2.000000, avanceI = 2.000000
inc_x_r = 0.000000, inc_y_r = 1.000000, inc_x_i = 1.000000, inc_y_i = 1.000000
En el else......

----------------------------------------
x = 56.000000, y = 170.000000
avance = -441.000000, avanceR = 2.000000, avanceI = 2.000000
inc_x_r = 0.000000, inc_y_r = 1.000000, inc_x_i = 1.000000, inc_y_i = 1.000000
En el else......

----------------------------------------
x = 56.000000, y = 171.000000
avance = -439.000000, avanceR = 2.000000, avanceI = 2.000000
inc_x_r = 0.000000, inc_y_r = 1.000000, inc_x_i = 1.000000, inc_y_i = 1.000000
En el else......

----------------------------------------
x = 56.000000, y = 172.000000
avance = -437.000000, avanceR = 2.000000, avanceI = 2.000000
inc_x_r = 0.000000, inc_y_r = 1.000000, inc_x_i = 1.000000, inc_y_i = 1.000000
En el else......

----------------------------------------
x = 56.000000, y = 173.000000
avance = -435.000000, avanceR = 2.000000, avanceI = 2.000000
inc_x_r = 0.000000, inc_y_r = 1.000000, inc_x_i = 1.000000, inc_y_i = 1.000000
En el else......

----------------------------------------
x = 56.000000, y = 174.000000
avance = -433.000000, avanceR = 2.000000, avanceI = 2.000000
inc_x_r = 0.000000, inc_y_r = 1.000000, inc_x_i = 1.000000, inc_y_i = 1.000000
En el else......

----------------------------------------
x = 56.000000, y = 175.000000
avance = -431.000000, avanceR = 2.000000, avanceI = 2.000000
inc_x_r = 0.000000, inc_y_r = 1.000000, inc_x_i = 1.000000, inc_y_i = 1.000000
En el else......

----------------------------------------
x = 56.000000, y = 176.000000
avance = -429.000000, avanceR = 2.000000, avanceI = 2.000000
inc_x_r = 0.000000, inc_y_r = 1.000000, inc_x_i = 1.000000, inc_y_i = 1.000000
En el else......

----------------------------------------
x = 56.000000, y = 177.000000
avance = -427.000000, avanceR = 2.000000, avanceI = 2.000000
inc_x_r = 0.000000, inc_y_r = 1.000000, inc_x_i = 1.000000, inc_y_i = 1.000000
En el else......

----------------------------------------
x = 56.000000, y = 178.000000
avance = -425.000000, avanceR = 2.000000, avanceI = 2.000000
inc_x_r = 0.000000, inc_y_r = 1.000000, inc_x_i = 1.000000, inc_y_i = 1.000000
En el else......

----------------------------------------
x = 56.000000, y = 179.000000
avance = -423.000000, avanceR = 2.000000, avanceI = 2.000000
inc_x_r = 0.000000, inc_y_r = 1.000000, inc_x_i = 1.000000, inc_y_i = 1.000000
En el else......

----------------------------------------
x = 56.000000, y = 180.000000
avance = -421.000000, avanceR = 2.000000, avanceI = 2.000000
inc_x_r = 0.000000, inc_y_r = 1.000000, inc_x_i = 1.000000, inc_y_i = 1.000000
En el else......

----------------------------------------
x = 56.000000, y = 181.000000
avance = -419.000000, avanceR = 2.000000, avanceI = 2.000000
inc_x_r = 0.000000, inc_y_r = 1.000000, inc_x_i = 1.000000, inc_y_i = 1.000000
En el else......

----------------------------------------
x = 56.000000, y = 182.000000
avance = -417.000000, avanceR = 2.000000, avanceI = 2.000000
inc_x_r = 0.000000, inc_y_r = 1.000000, inc_x_i = 1.000000, inc_y_i = 1.000000
En el else......

----------------------------------------
x = 56.000000, y = 183.000000
avance = -415.000000, avanceR = 2.000000, avanceI = 2.000000
inc_x_r = 0.000000, inc_y_r = 1.000000, inc_x_i = 1.000000, inc_y_i = 1.000000
En el else......

----------------------------------------
x = 56.000000, y = 184.000000
avance = -413.000000, avanceR = 2.000000, avanceI = 2.000000
inc_x_r = 0.000000, inc_y_r = 1.000000, inc_x_i = 1.000000, inc_y_i = 1.000000
En el else......

----------------------------------------
x = 56.000000, y = 185.000000
avance = -411.000000, avanceR = 2.000000, avanceI = 2.000000
inc_x_r = 0.000000, inc_y_r = 1.000000, inc_x_i = 1.000000, inc_y_i = 1.000000
En el else......

----------------------------------------
x = 56.000000, y = 186.000000
avance = -409.000000, avanceR = 2.000000, avanceI = 2.000000
inc_x_r = 0.000000, inc_y_r = 1.000000, inc_x_i = 1.000000, inc_y_i = 1.000000
En el else......

----------------------------------------
x = 56.000000, y = 187.000000
avance = -407.000000, avanceR = 2.000000, avanceI = 2.000000
inc_x_r = 0.000000, inc_y_r = 1.000000, inc_x_i = 1.000000, inc_y_i = 1.000000
En el else......

----------------------------------------
x = 56.000000, y = 188.000000
avance = -405.000000, avanceR = 2.000000, avanceI = 2.000000
inc_x_r = 0.000000, inc_y_r = 1.000000, inc_x_i = 1.000000, inc_y_i = 1.000000
En el else......

----------------------------------------
x = 56.000000, y = 189.000000
avance = -403.000000, avanceR = 2.000000, avanceI = 2.000000
inc_x_r = 0.000000, inc_y_r = 1.000000, inc_x_i = 1.000000, inc_y_i = 1.000000
En el else......

----------------------------------------
x = 56.000000, y = 190.000000
avance = -401.000000, avanceR = 2.000000, avanceI = 2.000000
inc_x_r = 0.000000, inc_y_r = 1.000000, inc_x_i = 1.000000, inc_y_i = 1.000000
En el else......

----------------------------------------
x = 56.000000, y = 191.000000
avance = -399.000000, avanceR = 2.000000, avanceI = 2.000000
inc_x_r = 0.000000, inc_y_r = 1.000000, inc_x_i = 1.000000, inc_y_i = 1.000000
En el else......

----------------------------------------
x = 56.000000, y = 192.000000
avance = -397.000000, avanceR = 2.000000, avanceI = 2.000000
inc_x_r = 0.000000, inc_y_r = 1.000000, inc_x_i = 1.000000, inc_y_i = 1.000000
En el else......

----------------------------------------
x = 56.000000, y = 193.000000
avance = -395.000000, avanceR = 2.000000, avanceI = 2.000000
inc_x_r = 0.000000, inc_y_r = 1.000000, inc_x_i = 1.000000, inc_y_i = 1.000000
En el else......

----------------------------------------
x = 56.000000, y = 194.000000
avance = -393.000000, avanceR = 2.000000, avanceI = 2.000000
inc_x_r = 0.000000, inc_y_r = 1.000000, inc_x_i = 1.000000, inc_y_i = 1.000000
En el else......

----------------------------------------
x = 56.000000, y = 195.000000
avance = -391.000000, avanceR = 2.000000, avanceI = 2.000000
inc_x_r = 0.000000, inc_y_r = 1.000000, inc_x_i = 1.000000, inc_y_i = 1.000000
En el else......

----------------------------------------
x = 56.000000, y = 196.000000
avance = -389.000000, avanceR = 2.000000, avanceI = 2.000000
inc_x_r = 0.000000, inc_y_r = 1.000000, inc_x_i = 1.000000, inc_y_i = 1.000000
En el else......

----------------------------------------
x = 56.000000, y = 197.000000
avance = -387.000000, avanceR = 2.000000, avanceI = 2.000000
inc_x_r = 0.000000, inc_y_r = 1.000000, inc_x_i = 1.000000, inc_y_i = 1.000000
En el else......

----------------------------------------
x = 56.000000, y = 198.000000
avance = -385.000000, avanceR = 2.000000, avanceI = 2.000000
inc_x_r = 0.000000, inc_y_r = 1.000000, inc_x_i = 1.000000, inc_y_i = 1.000000
En el else......

----------------------------------------
x = 56.000000, y = 199.000000
avance = -383.000000, avanceR = 2.000000, avanceI = 2.000000
inc_x_r = 0.000000, inc_y_r = 1.000000, inc_x_i = 1.000000, inc_y_i = 1.000000
En el else......

----------------------------------------
x = 56.000000, y = 200.000000
avance = -381.000000, avanceR = 2.000000, avanceI = 2.000000
inc_x_r = 0.000000, inc_y_r = 1.000000, inc_x_i = 1.000000, inc_y_i = 1.000000
En el else......

----------------------------------------
x = 56.000000, y = 201.000000
avance = -379.000000, avanceR = 2.000000, avanceI = 2.000000
inc_x_r = 0.000000, inc_y_r = 1.000000, inc_x_i = 1.000000, inc_y_i = 1.000000
En el else......

----------------------------------------
x = 56.000000, y = 202.000000
avance = -377.000000, avanceR = 2.000000, avanceI = 2.000000
inc_x_r = 0.000000, inc_y_r = 1.000000, inc_x_i = 1.000000, inc_y_i = 1.000000
En el else......

----------------------------------------
x = 56.000000, y = 203.000000
avance = -375.000000, avanceR = 2.000000, avanceI = 2.000000
inc_x_r = 0.000000, inc_y_r = 1.000000, inc_x_i = 1.000000, inc_y_i = 1.000000
En el else......

----------------------------------------
x = 56.000000, y = 204.000000
avance = -373.000000, avanceR = 2.000000, avanceI = 2.000000
inc_x_r = 0.000000, inc_y_r = 1.000000, inc_x_i = 1.000000, inc_y_i = 1.000000
En el else......

----------------------------------------
x = 56.000000, y = 205.000000
avance = -371.000000, avanceR = 2.000000, avanceI = 2.000000
inc_x_r = 0.000000, inc_y_r = 1.000000, inc_x_i = 1.000000, inc_y_i = 1.000000
En el else......

----------------------------------------
x = 56.000000, y = 206.000000
avance = -369.000000, avanceR = 2.000000, avanceI = 2.000000
inc_x_r = 0.000000, inc_y_r = 1.000000, inc_x_i = 1.000000, inc_y_i = 1.000000
En el else......

----------------------------------------
x = 56.000000, y = 207.000000
avance = -367.000000, avanceR = 2.000000, avanceI = 2.000000
inc_x_r = 0.000000, inc_y_r = 1.000000, inc_x_i = 1.000000, inc_y_i = 1.000000
En el else......

----------------------------------------
x = 56.000000, y = 208.000000
avance = -365.000000, avanceR = 2.000000, avanceI = 2.000000
inc_x_r = 0.000000, inc_y_r = 1.000000, inc_x_i = 1.000000, inc_y_i = 1.000000
En el else......

----------------------------------------
x = 56.000000, y = 209.000000
avance = -363.000000, avanceR = 2.000000, avanceI = 2.000000
inc_x_r = 0.000000, inc_y_r = 1.000000, inc_x_i = 1.000000, inc_y_i = 1.000000
En el else......

----------------------------------------
x = 56.000000, y = 210.000000
avance = -361.000000, avanceR = 2.000000, avanceI = 2.000000
inc_x_r = 0.000000, inc_y_r = 1.000000, inc_x_i = 1.000000, inc_y_i = 1.000000
En el else......

----------------------------------------
x = 56.000000, y = 211.000000
avance = -359.000000, avanceR = 2.000000, avanceI = 2.000000
inc_x_r = 0.000000, inc_y_r = 1.000000, inc_x_i = 1.000000, inc_y_i = 1.000000
En el else......

----------------------------------------
x = 56.000000, y = 212.000000
avance = -357.000000, avanceR = 2.000000, avanceI = 2.000000
inc_x_r = 0.000000, inc_y_r = 1.000000, inc_x_i = 1.000000, inc_y_i = 1.000000
En el else......

----------------------------------------
x = 56.000000, y = 213.000000
avance = -355.000000, avanceR = 2.000000, avanceI = 2.000000
inc_x_r = 0.000000, inc_y_r = 1.000000, inc_x_i = 1.000000, inc_y_i = 1.000000
En el else......

----------------------------------------
x = 56.000000, y = 214.000000
avance = -353.000000, avanceR = 2.000000, avanceI = 2.000000
inc_x_r = 0.000000, inc_y_r = 1.000000, inc_x_i = 1.000000, inc_y_i = 1.000000
En el else......

----------------------------------------
x = 56.000000, y = 215.000000
avance = -351.000000, avanceR = 2.000000, avanceI = 2.000000
inc_x_r = 0.000000, inc_y_r = 1.000000, inc_x_i = 1.000000, inc_y_i = 1.000000
En el else......

----------------------------------------
x = 56.000000, y = 216.000000
avance = -349.000000, avanceR = 2.000000, avanceI = 2.000000
inc_x_r = 0.000000, inc_y_r = 1.000000, inc_x_i = 1.000000, inc_y_i = 1.000000
En el else......

----------------------------------------
x = 56.000000, y = 217.000000
avance = -347.000000, avanceR = 2.000000, avanceI = 2.000000
inc_x_r = 0.000000, inc_y_r = 1.000000, inc_x_i = 1.000000, inc_y_i = 1.000000
En el else......

----------------------------------------
x = 56.000000, y = 218.000000
avance = -345.000000, avanceR = 2.000000, avanceI = 2.000000
inc_x_r = 0.000000, inc_y_r = 1.000000, inc_x_i = 1.000000, inc_y_i = 1.000000
En el else......

----------------------------------------
x = 56.000000, y = 219.000000
avance = -343.000000, avanceR = 2.000000, avanceI = 2.000000
inc_x_r = 0.000000, inc_y_r = 1.000000, inc_x_i = 1.000000, inc_y_i = 1.000000
En el else......

----------------------------------------
x = 56.000000, y = 220.000000
avance = -341.000000, avanceR = 2.000000, avanceI = 2.000000
inc_x_r = 0.000000, inc_y_r = 1.000000, inc_x_i = 1.000000, inc_y_i = 1.000000
En el else......

----------------------------------------
x = 56.000000, y = 221.000000
avance = -339.000000, avanceR = 2.000000, avanceI = 2.000000
inc_x_r = 0.000000, inc_y_r = 1.000000, inc_x_i = 1.000000, inc_y_i = 1.000000
En el else......

----------------------------------------
x = 56.000000, y = 222.000000
avance = -337.000000, avanceR = 2.000000, avanceI = 2.000000
inc_x_r = 0.000000, inc_y_r = 1.000000, inc_x_i = 1.000000, inc_y_i = 1.000000
En el else......

----------------------------------------
x = 56.000000, y = 223.000000
avance = -335.000000, avanceR = 2.000000, avanceI = 2.000000
inc_x_r = 0.000000, inc_y_r = 1.000000, inc_x_i = 1.000000, inc_y_i = 1.000000
En el else......

----------------------------------------
x = 56.000000, y = 224.000000
avance = -333.000000, avanceR = 2.000000, avanceI = 2.000000
inc_x_r = 0.000000, inc_y_r = 1.000000, inc_x_i = 1.000000, inc_y_i = 1.000000
En el else......

----------------------------------------
x = 56.000000, y = 225.000000
avance = -331.000000, avanceR = 2.000000, avanceI = 2.000000
inc_x_r = 0.000000, inc_y_r = 1.000000, inc_x_i = 1.000000, inc_y_i = 1.000000
En el else......

----------------------------------------
x = 56.000000, y = 226.000000
avance = -329.000000, avanceR = 2.000000, avanceI = 2.000000
inc_x_r = 0.000000, inc_y_r = 1.000000, inc_x_i = 1.000000, inc_y_i = 1.000000
En el else......

----------------------------------------
x = 56.000000, y = 227.000000
avance = -327.000000, avanceR = 2.000000, avanceI = 2.000000
inc_x_r = 0.000000, inc_y_r = 1.000000, inc_x_i = 1.000000, inc_y_i = 1.000000
En el else......

----------------------------------------
x = 56.000000, y = 228.000000
avance = -325.000000, avanceR = 2.000000, avanceI = 2.000000
inc_x_r = 0.000000, inc_y_r = 1.000000, inc_x_i = 1.000000, inc_y_i = 1.000000
En el else......

----------------------------------------
x = 56.000000, y = 229.000000
avance = -323.000000, avanceR = 2.000000, avanceI = 2.000000
inc_x_r = 0.000000, inc_y_r = 1.000000, inc_x_i = 1.000000, inc_y_i = 1.000000
En el else......

----------------------------------------
x = 56.000000, y = 230.000000
avance = -321.000000, avanceR = 2.000000, avanceI = 2.000000
inc_x_r = 0.000000, inc_y_r = 1.000000, inc_x_i = 1.000000, inc_y_i = 1.000000
En el else......

----------------------------------------
x = 56.000000, y = 231.000000
avance = -319.000000, avanceR = 2.000000, avanceI = 2.000000
inc_x_r = 0.000000, inc_y_r = 1.000000, inc_x_i = 1.000000, inc_y_i = 1.000000
En el else......

----------------------------------------
x = 56.000000, y = 232.000000
avance = -317.000000, avanceR = 2.000000, avanceI = 2.000000
inc_x_r = 0.000000, inc_y_r = 1.000000, inc_x_i = 1.000000, inc_y_i = 1.000000
En el else......

----------------------------------------
x = 56.000000, y = 233.000000
avance = -315.000000, avanceR = 2.000000, avanceI = 2.000000
inc_x_r = 0.000000, inc_y_r = 1.000000, inc_x_i = 1.000000, inc_y_i = 1.000000
En el else......

----------------------------------------
x = 56.000000, y = 234.000000
avance = -313.000000, avanceR = 2.000000, avanceI = 2.000000
inc_x_r = 0.000000, inc_y_r = 1.000000, inc_x_i = 1.000000, inc_y_i = 1.000000
En el else......

----------------------------------------
x = 56.000000, y = 235.000000
avance = -311.000000, avanceR = 2.000000, avanceI = 2.000000
inc_x_r = 0.000000, inc_y_r = 1.000000, inc_x_i = 1.000000, inc_y_i = 1.000000
En el else......

----------------------------------------
x = 56.000000, y = 236.000000
avance = -309.000000, avanceR = 2.000000, avanceI = 2.000000
inc_x_r = 0.000000, inc_y_r = 1.000000, inc_x_i = 1.000000, inc_y_i = 1.000000
En el else......

----------------------------------------
x = 56.000000, y = 237.000000
avance = -307.000000, avanceR = 2.000000, avanceI = 2.000000
inc_x_r = 0.000000, inc_y_r = 1.000000, inc_x_i = 1.000000, inc_y_i = 1.000000
En el else......

----------------------------------------
x = 56.000000, y = 238.000000
avance = -305.000000, avanceR = 2.000000, avanceI = 2.000000
inc_x_r = 0.000000, inc_y_r = 1.000000, inc_x_i = 1.000000, inc_y_i = 1.000000
En el else......

----------------------------------------
x = 56.000000, y = 239.000000
avance = -303.000000, avanceR = 2.000000, avanceI = 2.000000
inc_x_r = 0.000000, inc_y_r = 1.000000, inc_x_i = 1.000000, inc_y_i = 1.000000
En el else......

----------------------------------------
x = 56.000000, y = 240.000000
avance = -301.000000, avanceR = 2.000000, avanceI = 2.000000
inc_x_r = 0.000000, inc_y_r = 1.000000, inc_x_i = 1.000000, inc_y_i = 1.000000
En el else......

----------------------------------------
x = 56.000000, y = 241.000000
avance = -299.000000, avanceR = 2.000000, avanceI = 2.000000
inc_x_r = 0.000000, inc_y_r = 1.000000, inc_x_i = 1.000000, inc_y_i = 1.000000
En el else......

----------------------------------------
x = 56.000000, y = 242.000000
avance = -297.000000, avanceR = 2.000000, avanceI = 2.000000
inc_x_r = 0.000000, inc_y_r = 1.000000, inc_x_i = 1.000000, inc_y_i = 1.000000
En el else......

----------------------------------------
x = 56.000000, y = 243.000000
avance = -295.000000, avanceR = 2.000000, avanceI = 2.000000
inc_x_r = 0.000000, inc_y_r = 1.000000, inc_x_i = 1.000000, inc_y_i = 1.000000
En el else......

----------------------------------------
x = 56.000000, y = 244.000000
avance = -293.000000, avanceR = 2.000000, avanceI = 2.000000
inc_x_r = 0.000000, inc_y_r = 1.000000, inc_x_i = 1.000000, inc_y_i = 1.000000
En el else......

----------------------------------------
x = 56.000000, y = 245.000000
avance = -291.000000, avanceR = 2.000000, avanceI = 2.000000
inc_x_r = 0.000000, inc_y_r = 1.000000, inc_x_i = 1.000000, inc_y_i = 1.000000
En el else......

----------------------------------------
x = 56.000000, y = 246.000000
avance = -289.000000, avanceR = 2.000000, avanceI = 2.000000
inc_x_r = 0.000000, inc_y_r = 1.000000, inc_x_i = 1.000000, inc_y_i = 1.000000
En el else......

----------------------------------------
x = 56.000000, y = 247.000000
avance = -287.000000, avanceR = 2.000000, avanceI = 2.000000
inc_x_r = 0.000000, inc_y_r = 1.000000, inc_x_i = 1.000000, inc_y_i = 1.000000
En el else......

----------------------------------------
x = 56.000000, y = 248.000000
avance = -285.000000, avanceR = 2.000000, avanceI = 2.000000
inc_x_r = 0.000000, inc_y_r = 1.000000, inc_x_i = 1.000000, inc_y_i = 1.000000
En el else......

----------------------------------------
x = 56.000000, y = 249.000000
avance = -283.000000, avanceR = 2.000000, avanceI = 2.000000
inc_x_r = 0.000000, inc_y_r = 1.000000, inc_x_i = 1.000000, inc_y_i = 1.000000
En el else......

----------------------------------------
x = 56.000000, y = 250.000000
avance = -281.000000, avanceR = 2.000000, avanceI = 2.000000
inc_x_r = 0.000000, inc_y_r = 1.000000, inc_x_i = 1.000000, inc_y_i = 1.000000
En el else......

----------------------------------------
x = 56.000000, y = 251.000000
avance = -279.000000, avanceR = 2.000000, avanceI = 2.000000
inc_x_r = 0.000000, inc_y_r = 1.000000, inc_x_i = 1.000000, inc_y_i = 1.000000
En el else......

----------------------------------------
x = 56.000000, y = 252.000000
avance = -277.000000, avanceR = 2.000000, avanceI = 2.000000
inc_x_r = 0.000000, inc_y_r = 1.000000, inc_x_i = 1.000000, inc_y_i = 1.000000
En el else......

----------------------------------------
x = 56.000000, y = 253.000000
avance = -275.000000, avanceR = 2.000000, avanceI = 2.000000
inc_x_r = 0.000000, inc_y_r = 1.000000, inc_x_i = 1.000000, inc_y_i = 1.000000
En el else......

----------------------------------------
x = 56.000000, y = 254.000000
avance = -273.000000, avanceR = 2.000000, avanceI = 2.000000
inc_x_r = 0.000000, inc_y_r = 1.000000, inc_x_i = 1.000000, inc_y_i = 1.000000
En el else......

----------------------------------------
x = 56.000000, y = 255.000000
avance = -271.000000, avanceR = 2.000000, avanceI = 2.000000
inc_x_r = 0.000000, inc_y_r = 1.000000, inc_x_i = 1.000000, inc_y_i = 1.000000
En el else......

----------------------------------------
x = 56.000000, y = 256.000000
avance = -269.000000, avanceR = 2.000000, avanceI = 2.000000
inc_x_r = 0.000000, inc_y_r = 1.000000, inc_x_i = 1.000000, inc_y_i = 1.000000
En el else......

----------------------------------------
x = 56.000000, y = 257.000000
avance = -267.000000, avanceR = 2.000000, avanceI = 2.000000
inc_x_r = 0.000000, inc_y_r = 1.000000, inc_x_i = 1.000000, inc_y_i = 1.000000
En el else......

----------------------------------------
x = 56.000000, y = 258.000000
avance = -265.000000, avanceR = 2.000000, avanceI = 2.000000
inc_x_r = 0.000000, inc_y_r = 1.000000, inc_x_i = 1.000000, inc_y_i = 1.000000
En el else......

----------------------------------------
x = 56.000000, y = 259.000000
avance = -263.000000, avanceR = 2.000000, avanceI = 2.000000
inc_x_r = 0.000000, inc_y_r = 1.000000, inc_x_i = 1.000000, inc_y_i = 1.000000
En el else......

----------------------------------------
x = 56.000000, y = 260.000000
avance = -261.000000, avanceR = 2.000000, avanceI = 2.000000
inc_x_r = 0.000000, inc_y_r = 1.000000, inc_x_i = 1.000000, inc_y_i = 1.000000
En el else......

----------------------------------------
x = 56.000000, y = 261.000000
avance = -259.000000, avanceR = 2.000000, avanceI = 2.000000
inc_x_r = 0.000000, inc_y_r = 1.000000, inc_x_i = 1.000000, inc_y_i = 1.000000
En el else......

----------------------------------------
x = 56.000000, y = 262.000000
avance = -257.000000, avanceR = 2.000000, avanceI = 2.000000
inc_x_r = 0.000000, inc_y_r = 1.000000, inc_x_i = 1.000000, inc_y_i = 1.000000
En el else......

----------------------------------------
x = 56.000000, y = 263.000000
avance = -255.000000, avanceR = 2.000000, avanceI = 2.000000
inc_x_r = 0.000000, inc_y_r = 1.000000, inc_x_i = 1.000000, inc_y_i = 1.000000
En el else......

----------------------------------------
x = 56.000000, y = 264.000000
avance = -253.000000, avanceR = 2.000000, avanceI = 2.000000
inc_x_r = 0.000000, inc_y_r = 1.000000, inc_x_i = 1.000000, inc_y_i = 1.000000
En el else......

----------------------------------------
x = 56.000000, y = 265.000000
avance = -251.000000, avanceR = 2.000000, avanceI = 2.000000
inc_x_r = 0.000000, inc_y_r = 1.000000, inc_x_i = 1.000000, inc_y_i = 1.000000
En el else......

----------------------------------------


ENTRAMOS A BRESENHAMªªªª
x1 = 55.000000 - y1 = 15.000000 || x2 = 56.000000 - y2 = 266.000000
dy = 251.000000, dx = 1.000000
avances inclinados: inc_x_i = 1.000000, inc_y_i = 1.000000
updated: dy = 251.000000, dx = 1.000000
avances rectos: inc_x_r = 0.000000, inc_y_r 1.000000
reupdated: dy = 1.000000, dx = 251.000000
avanceR = 2.000000, avance -249.000000, avanceI 2.000000
----------------------------------------
x = 55.000000, y = 15.000000
avance = -249.000000, avanceR = 2.000000, avanceI = 2.000000
inc_x_r = 0.000000, inc_y_r = 1.000000, inc_x_i = 1.000000, inc_y_i = 1.000000
En el else......

----------------------------------------
x = 55.000000, y = 16.000000
avance = -247.000000, avanceR = 2.000000, avanceI = 2.000000
inc_x_r = 0.000000, inc_y_r = 1.000000, inc_x_i = 1.000000, inc_y_i = 1.000000
En el else......

----------------------------------------
x = 55.000000, y = 17.000000
avance = -245.000000, avanceR = 2.000000, avanceI = 2.000000
inc_x_r = 0.000000, inc_y_r = 1.000000, inc_x_i = 1.000000, inc_y_i = 1.000000
En el else......

----------------------------------------
x = 55.000000, y = 18.000000
avance = -243.000000, avanceR = 2.000000, avanceI = 2.000000
inc_x_r = 0.000000, inc_y_r = 1.000000, inc_x_i = 1.000000, inc_y_i = 1.000000
En el else......

----------------------------------------
x = 55.000000, y = 19.000000
avance = -241.000000, avanceR = 2.000000, avanceI = 2.000000
inc_x_r = 0.000000, inc_y_r = 1.000000, inc_x_i = 1.000000, inc_y_i = 1.000000
En el else......

----------------------------------------
x = 55.000000, y = 20.000000
avance = -239.000000, avanceR = 2.000000, avanceI = 2.000000
inc_x_r = 0.000000, inc_y_r = 1.000000, inc_x_i = 1.000000, inc_y_i = 1.000000
En el else......

----------------------------------------
x = 55.000000, y = 21.000000
avance = -237.000000, avanceR = 2.000000, avanceI = 2.000000
inc_x_r = 0.000000, inc_y_r = 1.000000, inc_x_i = 1.000000, inc_y_i = 1.000000
En el else......

----------------------------------------
x = 55.000000, y = 22.000000
avance = -235.000000, avanceR = 2.000000, avanceI = 2.000000
inc_x_r = 0.000000, inc_y_r = 1.000000, inc_x_i = 1.000000, inc_y_i = 1.000000
En el else......

----------------------------------------
x = 55.000000, y = 23.000000
avance = -233.000000, avanceR = 2.000000, avanceI = 2.000000
inc_x_r = 0.000000, inc_y_r = 1.000000, inc_x_i = 1.000000, inc_y_i = 1.000000
En el else......

----------------------------------------
x = 55.000000, y = 24.000000
avance = -231.000000, avanceR = 2.000000, avanceI = 2.000000
inc_x_r = 0.000000, inc_y_r = 1.000000, inc_x_i = 1.000000, inc_y_i = 1.000000
En el else......

----------------------------------------
x = 55.000000, y = 25.000000
avance = -229.000000, avanceR = 2.000000, avanceI = 2.000000
inc_x_r = 0.000000, inc_y_r = 1.000000, inc_x_i = 1.000000, inc_y_i = 1.000000
En el else......

----------------------------------------
x = 55.000000, y = 26.000000
avance = -227.000000, avanceR = 2.000000, avanceI = 2.000000
inc_x_r = 0.000000, inc_y_r = 1.000000, inc_x_i = 1.000000, inc_y_i = 1.000000
En el else......

----------------------------------------
x = 55.000000, y = 27.000000
avance = -225.000000, avanceR = 2.000000, avanceI = 2.000000
inc_x_r = 0.000000, inc_y_r = 1.000000, inc_x_i = 1.000000, inc_y_i = 1.000000
En el else......

----------------------------------------
x = 55.000000, y = 28.000000
avance = -223.000000, avanceR = 2.000000, avanceI = 2.000000
inc_x_r = 0.000000, inc_y_r = 1.000000, inc_x_i = 1.000000, inc_y_i = 1.000000
En el else......

----------------------------------------
x = 55.000000, y = 29.000000
avance = -221.000000, avanceR = 2.000000, avanceI = 2.000000
inc_x_r = 0.000000, inc_y_r = 1.000000, inc_x_i = 1.000000, inc_y_i = 1.000000
En el else......

----------------------------------------
x = 55.000000, y = 30.000000
avance = -219.000000, avanceR = 2.000000, avanceI = 2.000000
inc_x_r = 0.000000, inc_y_r = 1.000000, inc_x_i = 1.000000, inc_y_i = 1.000000
En el else......

----------------------------------------
x = 55.000000, y = 31.000000
avance = -217.000000, avanceR = 2.000000, avanceI = 2.000000
inc_x_r = 0.000000, inc_y_r = 1.000000, inc_x_i = 1.000000, inc_y_i = 1.000000
En el else......

----------------------------------------
x = 55.000000, y = 32.000000
avance = -215.000000, avanceR = 2.000000, avanceI = 2.000000
inc_x_r = 0.000000, inc_y_r = 1.000000, inc_x_i = 1.000000, inc_y_i = 1.000000
En el else......

----------------------------------------
x = 55.000000, y = 33.000000
avance = -213.000000, avanceR = 2.000000, avanceI = 2.000000
inc_x_r = 0.000000, inc_y_r = 1.000000, inc_x_i = 1.000000, inc_y_i = 1.000000
En el else......

----------------------------------------
x = 55.000000, y = 34.000000
avance = -211.000000, avanceR = 2.000000, avanceI = 2.000000
inc_x_r = 0.000000, inc_y_r = 1.000000, inc_x_i = 1.000000, inc_y_i = 1.000000
En el else......

----------------------------------------
x = 55.000000, y = 35.000000
avance = -209.000000, avanceR = 2.000000, avanceI = 2.000000
inc_x_r = 0.000000, inc_y_r = 1.000000, inc_x_i = 1.000000, inc_y_i = 1.000000
En el else......

----------------------------------------
x = 55.000000, y = 36.000000
avance = -207.000000, avanceR = 2.000000, avanceI = 2.000000
inc_x_r = 0.000000, inc_y_r = 1.000000, inc_x_i = 1.000000, inc_y_i = 1.000000
En el else......

----------------------------------------
x = 55.000000, y = 37.000000
avance = -205.000000, avanceR = 2.000000, avanceI = 2.000000
inc_x_r = 0.000000, inc_y_r = 1.000000, inc_x_i = 1.000000, inc_y_i = 1.000000
En el else......

----------------------------------------
x = 55.000000, y = 38.000000
avance = -203.000000, avanceR = 2.000000, avanceI = 2.000000
inc_x_r = 0.000000, inc_y_r = 1.000000, inc_x_i = 1.000000, inc_y_i = 1.000000
En el else......

----------------------------------------
x = 55.000000, y = 39.000000
avance = -201.000000, avanceR = 2.000000, avanceI = 2.000000
inc_x_r = 0.000000, inc_y_r = 1.000000, inc_x_i = 1.000000, inc_y_i = 1.000000
En el else......

----------------------------------------
x = 55.000000, y = 40.000000
avance = -199.000000, avanceR = 2.000000, avanceI = 2.000000
inc_x_r = 0.000000, inc_y_r = 1.000000, inc_x_i = 1.000000, inc_y_i = 1.000000
En el else......

----------------------------------------
x = 55.000000, y = 41.000000
avance = -197.000000, avanceR = 2.000000, avanceI = 2.000000
inc_x_r = 0.000000, inc_y_r = 1.000000, inc_x_i = 1.000000, inc_y_i = 1.000000
En el else......

----------------------------------------
x = 55.000000, y = 42.000000
avance = -195.000000, avanceR = 2.000000, avanceI = 2.000000
inc_x_r = 0.000000, inc_y_r = 1.000000, inc_x_i = 1.000000, inc_y_i = 1.000000
En el else......

----------------------------------------
x = 55.000000, y = 43.000000
avance = -193.000000, avanceR = 2.000000, avanceI = 2.000000
inc_x_r = 0.000000, inc_y_r = 1.000000, inc_x_i = 1.000000, inc_y_i = 1.000000
En el else......

----------------------------------------
x = 55.000000, y = 44.000000
avance = -191.000000, avanceR = 2.000000, avanceI = 2.000000
inc_x_r = 0.000000, inc_y_r = 1.000000, inc_x_i = 1.000000, inc_y_i = 1.000000
En el else......

----------------------------------------
x = 55.000000, y = 45.000000
avance = -189.000000, avanceR = 2.000000, avanceI = 2.000000
inc_x_r = 0.000000, inc_y_r = 1.000000, inc_x_i = 1.000000, inc_y_i = 1.000000
En el else......

----------------------------------------
x = 55.000000, y = 46.000000
avance = -187.000000, avanceR = 2.000000, avanceI = 2.000000
inc_x_r = 0.000000, inc_y_r = 1.000000, inc_x_i = 1.000000, inc_y_i = 1.000000
En el else......

----------------------------------------
x = 55.000000, y = 47.000000
avance = -185.000000, avanceR = 2.000000, avanceI = 2.000000
inc_x_r = 0.000000, inc_y_r = 1.000000, inc_x_i = 1.000000, inc_y_i = 1.000000
En el else......

----------------------------------------
x = 55.000000, y = 48.000000
avance = -183.000000, avanceR = 2.000000, avanceI = 2.000000
inc_x_r = 0.000000, inc_y_r = 1.000000, inc_x_i = 1.000000, inc_y_i = 1.000000
En el else......

----------------------------------------
x = 55.000000, y = 49.000000
avance = -181.000000, avanceR = 2.000000, avanceI = 2.000000
inc_x_r = 0.000000, inc_y_r = 1.000000, inc_x_i = 1.000000, inc_y_i = 1.000000
En el else......

----------------------------------------
x = 55.000000, y = 50.000000
avance = -179.000000, avanceR = 2.000000, avanceI = 2.000000
inc_x_r = 0.000000, inc_y_r = 1.000000, inc_x_i = 1.000000, inc_y_i = 1.000000
En el else......

----------------------------------------
x = 55.000000, y = 51.000000
avance = -177.000000, avanceR = 2.000000, avanceI = 2.000000
inc_x_r = 0.000000, inc_y_r = 1.000000, inc_x_i = 1.000000, inc_y_i = 1.000000
En el else......

----------------------------------------
x = 55.000000, y = 52.000000
avance = -175.000000, avanceR = 2.000000, avanceI = 2.000000
inc_x_r = 0.000000, inc_y_r = 1.000000, inc_x_i = 1.000000, inc_y_i = 1.000000
En el else......

----------------------------------------
x = 55.000000, y = 53.000000
avance = -173.000000, avanceR = 2.000000, avanceI = 2.000000
inc_x_r = 0.000000, inc_y_r = 1.000000, inc_x_i = 1.000000, inc_y_i = 1.000000
En el else......

----------------------------------------
x = 55.000000, y = 54.000000
avance = -171.000000, avanceR = 2.000000, avanceI = 2.000000
inc_x_r = 0.000000, inc_y_r = 1.000000, inc_x_i = 1.000000, inc_y_i = 1.000000
En el else......

----------------------------------------
x = 55.000000, y = 55.000000
avance = -169.000000, avanceR = 2.000000, avanceI = 2.000000
inc_x_r = 0.000000, inc_y_r = 1.000000, inc_x_i = 1.000000, inc_y_i = 1.000000
En el else......

----------------------------------------
x = 55.000000, y = 56.000000
avance = -167.000000, avanceR = 2.000000, avanceI = 2.000000
inc_x_r = 0.000000, inc_y_r = 1.000000, inc_x_i = 1.000000, inc_y_i = 1.000000
En el else......

----------------------------------------
x = 55.000000, y = 57.000000
avance = -165.000000, avanceR = 2.000000, avanceI = 2.000000
inc_x_r = 0.000000, inc_y_r = 1.000000, inc_x_i = 1.000000, inc_y_i = 1.000000
En el else......

----------------------------------------
x = 55.000000, y = 58.000000
avance = -163.000000, avanceR = 2.000000, avanceI = 2.000000
inc_x_r = 0.000000, inc_y_r = 1.000000, inc_x_i = 1.000000, inc_y_i = 1.000000
En el else......

----------------------------------------
x = 55.000000, y = 59.000000
avance = -161.000000, avanceR = 2.000000, avanceI = 2.000000
inc_x_r = 0.000000, inc_y_r = 1.000000, inc_x_i = 1.000000, inc_y_i = 1.000000
En el else......

----------------------------------------
x = 55.000000, y = 60.000000
avance = -159.000000, avanceR = 2.000000, avanceI = 2.000000
inc_x_r = 0.000000, inc_y_r = 1.000000, inc_x_i = 1.000000, inc_y_i = 1.000000
En el else......

----------------------------------------
x = 55.000000, y = 61.000000
avance = -157.000000, avanceR = 2.000000, avanceI = 2.000000
inc_x_r = 0.000000, inc_y_r = 1.000000, inc_x_i = 1.000000, inc_y_i = 1.000000
En el else......

----------------------------------------
x = 55.000000, y = 62.000000
avance = -155.000000, avanceR = 2.000000, avanceI = 2.000000
inc_x_r = 0.000000, inc_y_r = 1.000000, inc_x_i = 1.000000, inc_y_i = 1.000000
En el else......

----------------------------------------
x = 55.000000, y = 63.000000
avance = -153.000000, avanceR = 2.000000, avanceI = 2.000000
inc_x_r = 0.000000, inc_y_r = 1.000000, inc_x_i = 1.000000, inc_y_i = 1.000000
En el else......

----------------------------------------
x = 55.000000, y = 64.000000
avance = -151.000000, avanceR = 2.000000, avanceI = 2.000000
inc_x_r = 0.000000, inc_y_r = 1.000000, inc_x_i = 1.000000, inc_y_i = 1.000000
En el else......

----------------------------------------
x = 55.000000, y = 65.000000
avance = -149.000000, avanceR = 2.000000, avanceI = 2.000000
inc_x_r = 0.000000, inc_y_r = 1.000000, inc_x_i = 1.000000, inc_y_i = 1.000000
En el else......

----------------------------------------
x = 55.000000, y = 66.000000
avance = -147.000000, avanceR = 2.000000, avanceI = 2.000000
inc_x_r = 0.000000, inc_y_r = 1.000000, inc_x_i = 1.000000, inc_y_i = 1.000000
En el else......

----------------------------------------
x = 55.000000, y = 67.000000
avance = -145.000000, avanceR = 2.000000, avanceI = 2.000000
inc_x_r = 0.000000, inc_y_r = 1.000000, inc_x_i = 1.000000, inc_y_i = 1.000000
En el else......

----------------------------------------
x = 55.000000, y = 68.000000
avance = -143.000000, avanceR = 2.000000, avanceI = 2.000000
inc_x_r = 0.000000, inc_y_r = 1.000000, inc_x_i = 1.000000, inc_y_i = 1.000000
En el else......

----------------------------------------
x = 55.000000, y = 69.000000
avance = -141.000000, avanceR = 2.000000, avanceI = 2.000000
inc_x_r = 0.000000, inc_y_r = 1.000000, inc_x_i = 1.000000, inc_y_i = 1.000000
En el else......

----------------------------------------
x = 55.000000, y = 70.000000
avance = -139.000000, avanceR = 2.000000, avanceI = 2.000000
inc_x_r = 0.000000, inc_y_r = 1.000000, inc_x_i = 1.000000, inc_y_i = 1.000000
En el else......

----------------------------------------
x = 55.000000, y = 71.000000
avance = -137.000000, avanceR = 2.000000, avanceI = 2.000000
inc_x_r = 0.000000, inc_y_r = 1.000000, inc_x_i = 1.000000, inc_y_i = 1.000000
En el else......

----------------------------------------
x = 55.000000, y = 72.000000
avance = -135.000000, avanceR = 2.000000, avanceI = 2.000000
inc_x_r = 0.000000, inc_y_r = 1.000000, inc_x_i = 1.000000, inc_y_i = 1.000000
En el else......

----------------------------------------
x = 55.000000, y = 73.000000
avance = -133.000000, avanceR = 2.000000, avanceI = 2.000000
inc_x_r = 0.000000, inc_y_r = 1.000000, inc_x_i = 1.000000, inc_y_i = 1.000000
En el else......

----------------------------------------
x = 55.000000, y = 74.000000
avance = -131.000000, avanceR = 2.000000, avanceI = 2.000000
inc_x_r = 0.000000, inc_y_r = 1.000000, inc_x_i = 1.000000, inc_y_i = 1.000000
En el else......

----------------------------------------
x = 55.000000, y = 75.000000
avance = -129.000000, avanceR = 2.000000, avanceI = 2.000000
inc_x_r = 0.000000, inc_y_r = 1.000000, inc_x_i = 1.000000, inc_y_i = 1.000000
En el else......

----------------------------------------
x = 55.000000, y = 76.000000
avance = -127.000000, avanceR = 2.000000, avanceI = 2.000000
inc_x_r = 0.000000, inc_y_r = 1.000000, inc_x_i = 1.000000, inc_y_i = 1.000000
En el else......

----------------------------------------
x = 55.000000, y = 77.000000
avance = -125.000000, avanceR = 2.000000, avanceI = 2.000000
inc_x_r = 0.000000, inc_y_r = 1.000000, inc_x_i = 1.000000, inc_y_i = 1.000000
En el else......

----------------------------------------
x = 55.000000, y = 78.000000
avance = -123.000000, avanceR = 2.000000, avanceI = 2.000000
inc_x_r = 0.000000, inc_y_r = 1.000000, inc_x_i = 1.000000, inc_y_i = 1.000000
En el else......

----------------------------------------
x = 55.000000, y = 79.000000
avance = -121.000000, avanceR = 2.000000, avanceI = 2.000000
inc_x_r = 0.000000, inc_y_r = 1.000000, inc_x_i = 1.000000, inc_y_i = 1.000000
En el else......

----------------------------------------
x = 55.000000, y = 80.000000
avance = -119.000000, avanceR = 2.000000, avanceI = 2.000000
inc_x_r = 0.000000, inc_y_r = 1.000000, inc_x_i = 1.000000, inc_y_i = 1.000000
En el else......

----------------------------------------
x = 55.000000, y = 81.000000
avance = -117.000000, avanceR = 2.000000, avanceI = 2.000000
inc_x_r = 0.000000, inc_y_r = 1.000000, inc_x_i = 1.000000, inc_y_i = 1.000000
En el else......

----------------------------------------
x = 55.000000, y = 82.000000
avance = -115.000000, avanceR = 2.000000, avanceI = 2.000000
inc_x_r = 0.000000, inc_y_r = 1.000000, inc_x_i = 1.000000, inc_y_i = 1.000000
En el else......

----------------------------------------
x = 55.000000, y = 83.000000
avance = -113.000000, avanceR = 2.000000, avanceI = 2.000000
inc_x_r = 0.000000, inc_y_r = 1.000000, inc_x_i = 1.000000, inc_y_i = 1.000000
En el else......

----------------------------------------
x = 55.000000, y = 84.000000
avance = -111.000000, avanceR = 2.000000, avanceI = 2.000000
inc_x_r = 0.000000, inc_y_r = 1.000000, inc_x_i = 1.000000, inc_y_i = 1.000000
En el else......

----------------------------------------
x = 55.000000, y = 85.000000
avance = -109.000000, avanceR = 2.000000, avanceI = 2.000000
inc_x_r = 0.000000, inc_y_r = 1.000000, inc_x_i = 1.000000, inc_y_i = 1.000000
En el else......

----------------------------------------
x = 55.000000, y = 86.000000
avance = -107.000000, avanceR = 2.000000, avanceI = 2.000000
inc_x_r = 0.000000, inc_y_r = 1.000000, inc_x_i = 1.000000, inc_y_i = 1.000000
En el else......

----------------------------------------
x = 55.000000, y = 87.000000
avance = -105.000000, avanceR = 2.000000, avanceI = 2.000000
inc_x_r = 0.000000, inc_y_r = 1.000000, inc_x_i = 1.000000, inc_y_i = 1.000000
En el else......

----------------------------------------
x = 55.000000, y = 88.000000
avance = -103.000000, avanceR = 2.000000, avanceI = 2.000000
inc_x_r = 0.000000, inc_y_r = 1.000000, inc_x_i = 1.000000, inc_y_i = 1.000000
En el else......

----------------------------------------
x = 55.000000, y = 89.000000
avance = -101.000000, avanceR = 2.000000, avanceI = 2.000000
inc_x_r = 0.000000, inc_y_r = 1.000000, inc_x_i = 1.000000, inc_y_i = 1.000000
En el else......

----------------------------------------
x = 55.000000, y = 90.000000
avance = -99.000000, avanceR = 2.000000, avanceI = 2.000000
inc_x_r = 0.000000, inc_y_r = 1.000000, inc_x_i = 1.000000, inc_y_i = 1.000000
En el else......

----------------------------------------
x = 55.000000, y = 91.000000
avance = -97.000000, avanceR = 2.000000, avanceI = 2.000000
inc_x_r = 0.000000, inc_y_r = 1.000000, inc_x_i = 1.000000, inc_y_i = 1.000000
En el else......

----------------------------------------
x = 55.000000, y = 92.000000
avance = -95.000000, avanceR = 2.000000, avanceI = 2.000000
inc_x_r = 0.000000, inc_y_r = 1.000000, inc_x_i = 1.000000, inc_y_i = 1.000000
En el else......

----------------------------------------
x = 55.000000, y = 93.000000
avance = -93.000000, avanceR = 2.000000, avanceI = 2.000000
inc_x_r = 0.000000, inc_y_r = 1.000000, inc_x_i = 1.000000, inc_y_i = 1.000000
En el else......

----------------------------------------
x = 55.000000, y = 94.000000
avance = -91.000000, avanceR = 2.000000, avanceI = 2.000000
inc_x_r = 0.000000, inc_y_r = 1.000000, inc_x_i = 1.000000, inc_y_i = 1.000000
En el else......

----------------------------------------
x = 55.000000, y = 95.000000
avance = -89.000000, avanceR = 2.000000, avanceI = 2.000000
inc_x_r = 0.000000, inc_y_r = 1.000000, inc_x_i = 1.000000, inc_y_i = 1.000000
En el else......

----------------------------------------
x = 55.000000, y = 96.000000
avance = -87.000000, avanceR = 2.000000, avanceI = 2.000000
inc_x_r = 0.000000, inc_y_r = 1.000000, inc_x_i = 1.000000, inc_y_i = 1.000000
En el else......

----------------------------------------
x = 55.000000, y = 97.000000
avance = -85.000000, avanceR = 2.000000, avanceI = 2.000000
inc_x_r = 0.000000, inc_y_r = 1.000000, inc_x_i = 1.000000, inc_y_i = 1.000000
En el else......

----------------------------------------
x = 55.000000, y = 98.000000
avance = -83.000000, avanceR = 2.000000, avanceI = 2.000000
inc_x_r = 0.000000, inc_y_r = 1.000000, inc_x_i = 1.000000, inc_y_i = 1.000000
En el else......

----------------------------------------
x = 55.000000, y = 99.000000
avance = -81.000000, avanceR = 2.000000, avanceI = 2.000000
inc_x_r = 0.000000, inc_y_r = 1.000000, inc_x_i = 1.000000, inc_y_i = 1.000000
En el else......

----------------------------------------
x = 55.000000, y = 100.000000
avance = -79.000000, avanceR = 2.000000, avanceI = 2.000000
inc_x_r = 0.000000, inc_y_r = 1.000000, inc_x_i = 1.000000, inc_y_i = 1.000000
En el else......

----------------------------------------
x = 55.000000, y = 101.000000
avance = -77.000000, avanceR = 2.000000, avanceI = 2.000000
inc_x_r = 0.000000, inc_y_r = 1.000000, inc_x_i = 1.000000, inc_y_i = 1.000000
En el else......

----------------------------------------
x = 55.000000, y = 102.000000
avance = -75.000000, avanceR = 2.000000, avanceI = 2.000000
inc_x_r = 0.000000, inc_y_r = 1.000000, inc_x_i = 1.000000, inc_y_i = 1.000000
En el else......

----------------------------------------
x = 55.000000, y = 103.000000
avance = -73.000000, avanceR = 2.000000, avanceI = 2.000000
inc_x_r = 0.000000, inc_y_r = 1.000000, inc_x_i = 1.000000, inc_y_i = 1.000000
En el else......

----------------------------------------
x = 55.000000, y = 104.000000
avance = -71.000000, avanceR = 2.000000, avanceI = 2.000000
inc_x_r = 0.000000, inc_y_r = 1.000000, inc_x_i = 1.000000, inc_y_i = 1.000000
En el else......

----------------------------------------
x = 55.000000, y = 105.000000
avance = -69.000000, avanceR = 2.000000, avanceI = 2.000000
inc_x_r = 0.000000, inc_y_r = 1.000000, inc_x_i = 1.000000, inc_y_i = 1.000000
En el else......

----------------------------------------
x = 55.000000, y = 106.000000
avance = -67.000000, avanceR = 2.000000, avanceI = 2.000000
inc_x_r = 0.000000, inc_y_r = 1.000000, inc_x_i = 1.000000, inc_y_i = 1.000000
En el else......

----------------------------------------
x = 55.000000, y = 107.000000
avance = -65.000000, avanceR = 2.000000, avanceI = 2.000000
inc_x_r = 0.000000, inc_y_r = 1.000000, inc_x_i = 1.000000, inc_y_i = 1.000000
En el else......

----------------------------------------
x = 55.000000, y = 108.000000
avance = -63.000000, avanceR = 2.000000, avanceI = 2.000000
inc_x_r = 0.000000, inc_y_r = 1.000000, inc_x_i = 1.000000, inc_y_i = 1.000000
En el else......

----------------------------------------
x = 55.000000, y = 109.000000
avance = -61.000000, avanceR = 2.000000, avanceI = 2.000000
inc_x_r = 0.000000, inc_y_r = 1.000000, inc_x_i = 1.000000, inc_y_i = 1.000000
En el else......

----------------------------------------
x = 55.000000, y = 110.000000
avance = -59.000000, avanceR = 2.000000, avanceI = 2.000000
inc_x_r = 0.000000, inc_y_r = 1.000000, inc_x_i = 1.000000, inc_y_i = 1.000000
En el else......

----------------------------------------
x = 55.000000, y = 111.000000
avance = -57.000000, avanceR = 2.000000, avanceI = 2.000000
inc_x_r = 0.000000, inc_y_r = 1.000000, inc_x_i = 1.000000, inc_y_i = 1.000000
En el else......

----------------------------------------
x = 55.000000, y = 112.000000
avance = -55.000000, avanceR = 2.000000, avanceI = 2.000000
inc_x_r = 0.000000, inc_y_r = 1.000000, inc_x_i = 1.000000, inc_y_i = 1.000000
En el else......

----------------------------------------
x = 55.000000, y = 113.000000
avance = -53.000000, avanceR = 2.000000, avanceI = 2.000000
inc_x_r = 0.000000, inc_y_r = 1.000000, inc_x_i = 1.000000, inc_y_i = 1.000000
En el else......

----------------------------------------
x = 55.000000, y = 114.000000
avance = -51.000000, avanceR = 2.000000, avanceI = 2.000000
inc_x_r = 0.000000, inc_y_r = 1.000000, inc_x_i = 1.000000, inc_y_i = 1.000000
En el else......

----------------------------------------
x = 55.000000, y = 115.000000
avance = -49.000000, avanceR = 2.000000, avanceI = 2.000000
inc_x_r = 0.000000, inc_y_r = 1.000000, inc_x_i = 1.000000, inc_y_i = 1.000000
En el else......

----------------------------------------
x = 55.000000, y = 116.000000
avance = -47.000000, avanceR = 2.000000, avanceI = 2.000000
inc_x_r = 0.000000, inc_y_r = 1.000000, inc_x_i = 1.000000, inc_y_i = 1.000000
En el else......

----------------------------------------
x = 55.000000, y = 117.000000
avance = -45.000000, avanceR = 2.000000, avanceI = 2.000000
inc_x_r = 0.000000, inc_y_r = 1.000000, inc_x_i = 1.000000, inc_y_i = 1.000000
En el else......

----------------------------------------
x = 55.000000, y = 118.000000
avance = -43.000000, avanceR = 2.000000, avanceI = 2.000000
inc_x_r = 0.000000, inc_y_r = 1.000000, inc_x_i = 1.000000, inc_y_i = 1.000000
En el else......

----------------------------------------
x = 55.000000, y = 119.000000
avance = -41.000000, avanceR = 2.000000, avanceI = 2.000000
inc_x_r = 0.000000, inc_y_r = 1.000000, inc_x_i = 1.000000, inc_y_i = 1.000000
En el else......

----------------------------------------
x = 55.000000, y = 120.000000
avance = -39.000000, avanceR = 2.000000, avanceI = 2.000000
inc_x_r = 0.000000, inc_y_r = 1.000000, inc_x_i = 1.000000, inc_y_i = 1.000000
En el else......

----------------------------------------
x = 55.000000, y = 121.000000
avance = -37.000000, avanceR = 2.000000, avanceI = 2.000000
inc_x_r = 0.000000, inc_y_r = 1.000000, inc_x_i = 1.000000, inc_y_i = 1.000000
En el else......

----------------------------------------
x = 55.000000, y = 122.000000
avance = -35.000000, avanceR = 2.000000, avanceI = 2.000000
inc_x_r = 0.000000, inc_y_r = 1.000000, inc_x_i = 1.000000, inc_y_i = 1.000000
En el else......

----------------------------------------
x = 55.000000, y = 123.000000
avance = -33.000000, avanceR = 2.000000, avanceI = 2.000000
inc_x_r = 0.000000, inc_y_r = 1.000000, inc_x_i = 1.000000, inc_y_i = 1.000000
En el else......

----------------------------------------
x = 55.000000, y = 124.000000
avance = -31.000000, avanceR = 2.000000, avanceI = 2.000000
inc_x_r = 0.000000, inc_y_r = 1.000000, inc_x_i = 1.000000, inc_y_i = 1.000000
En el else......

----------------------------------------
x = 55.000000, y = 125.000000
avance = -29.000000, avanceR = 2.000000, avanceI = 2.000000
inc_x_r = 0.000000, inc_y_r = 1.000000, inc_x_i = 1.000000, inc_y_i = 1.000000
En el else......

----------------------------------------
x = 55.000000, y = 126.000000
avance = -27.000000, avanceR = 2.000000, avanceI = 2.000000
inc_x_r = 0.000000, inc_y_r = 1.000000, inc_x_i = 1.000000, inc_y_i = 1.000000
En el else......

----------------------------------------
x = 55.000000, y = 127.000000
avance = -25.000000, avanceR = 2.000000, avanceI = 2.000000
inc_x_r = 0.000000, inc_y_r = 1.000000, inc_x_i = 1.000000, inc_y_i = 1.000000
En el else......

----------------------------------------
x = 55.000000, y = 128.000000
avance = -23.000000, avanceR = 2.000000, avanceI = 2.000000
inc_x_r = 0.000000, inc_y_r = 1.000000, inc_x_i = 1.000000, inc_y_i = 1.000000
En el else......

----------------------------------------
x = 55.000000, y = 129.000000
avance = -21.000000, avanceR = 2.000000, avanceI = 2.000000
inc_x_r = 0.000000, inc_y_r = 1.000000, inc_x_i = 1.000000, inc_y_i = 1.000000
En el else......

----------------------------------------
x = 55.000000, y = 130.000000
avance = -19.000000, avanceR = 2.000000, avanceI = 2.000000
inc_x_r = 0.000000, inc_y_r = 1.000000, inc_x_i = 1.000000, inc_y_i = 1.000000
En el else......

----------------------------------------
x = 55.000000, y = 131.000000
avance = -17.000000, avanceR = 2.000000, avanceI = 2.000000
inc_x_r = 0.000000, inc_y_r = 1.000000, inc_x_i = 1.000000, inc_y_i = 1.000000
En el else......

----------------------------------------
x = 55.000000, y = 132.000000
avance = -15.000000, avanceR = 2.000000, avanceI = 2.000000
inc_x_r = 0.000000, inc_y_r = 1.000000, inc_x_i = 1.000000, inc_y_i = 1.000000
En el else......

----------------------------------------
x = 55.000000, y = 133.000000
avance = -13.000000, avanceR = 2.000000, avanceI = 2.000000
inc_x_r = 0.000000, inc_y_r = 1.000000, inc_x_i = 1.000000, inc_y_i = 1.000000
En el else......

----------------------------------------
x = 55.000000, y = 134.000000
avance = -11.000000, avanceR = 2.000000, avanceI = 2.000000
inc_x_r = 0.000000, inc_y_r = 1.000000, inc_x_i = 1.000000, inc_y_i = 1.000000
En el else......

----------------------------------------
x = 55.000000, y = 135.000000
avance = -9.000000, avanceR = 2.000000, avanceI = 2.000000
inc_x_r = 0.000000, inc_y_r = 1.000000, inc_x_i = 1.000000, inc_y_i = 1.000000
En el else......

----------------------------------------
x = 55.000000, y = 136.000000
avance = -7.000000, avanceR = 2.000000, avanceI = 2.000000
inc_x_r = 0.000000, inc_y_r = 1.000000, inc_x_i = 1.000000, inc_y_i = 1.000000
En el else......

----------------------------------------
x = 55.000000, y = 137.000000
avance = -5.000000, avanceR = 2.000000, avanceI = 2.000000
inc_x_r = 0.000000, inc_y_r = 1.000000, inc_x_i = 1.000000, inc_y_i = 1.000000
En el else......

----------------------------------------
x = 55.000000, y = 138.000000
avance = -3.000000, avanceR = 2.000000, avanceI = 2.000000
inc_x_r = 0.000000, inc_y_r = 1.000000, inc_x_i = 1.000000, inc_y_i = 1.000000
En el else......

----------------------------------------
x = 55.000000, y = 139.000000
avance = -1.000000, avanceR = 2.000000, avanceI = 2.000000
inc_x_r = 0.000000, inc_y_r = 1.000000, inc_x_i = 1.000000, inc_y_i = 1.000000
En el else......

----------------------------------------
x = 55.000000, y = 140.000000
avance = 1.000000, avanceR = 2.000000, avanceI = 2.000000
inc_x_r = 0.000000, inc_y_r = 1.000000, inc_x_i = 1.000000, inc_y_i = 1.000000
avance >= 0

----------------------------------------
x = 56.000000, y = 141.000000
avance = -499.000000, avanceR = 2.000000, avanceI = 2.000000
inc_x_r = 0.000000, inc_y_r = 1.000000, inc_x_i = 1.000000, inc_y_i = 1.000000
En el else......

----------------------------------------
x = 56.000000, y = 142.000000
avance = -497.000000, avanceR = 2.000000, avanceI = 2.000000
inc_x_r = 0.000000, inc_y_r = 1.000000, inc_x_i = 1.000000, inc_y_i = 1.000000
En el else......

----------------------------------------
x = 56.000000, y = 143.000000
avance = -495.000000, avanceR = 2.000000, avanceI = 2.000000
inc_x_r = 0.000000, inc_y_r = 1.000000, inc_x_i = 1.000000, inc_y_i = 1.000000
En el else......

----------------------------------------
x = 56.000000, y = 144.000000
avance = -493.000000, avanceR = 2.000000, avanceI = 2.000000
inc_x_r = 0.000000, inc_y_r = 1.000000, inc_x_i = 1.000000, inc_y_i = 1.000000
En el else......

----------------------------------------
x = 56.000000, y = 145.000000
avance = -491.000000, avanceR = 2.000000, avanceI = 2.000000
inc_x_r = 0.000000, inc_y_r = 1.000000, inc_x_i = 1.000000, inc_y_i = 1.000000
En el else......

----------------------------------------
x = 56.000000, y = 146.000000
avance = -489.000000, avanceR = 2.000000, avanceI = 2.000000
inc_x_r = 0.000000, inc_y_r = 1.000000, inc_x_i = 1.000000, inc_y_i = 1.000000
En el else......

----------------------------------------
x = 56.000000, y = 147.000000
avance = -487.000000, avanceR = 2.000000, avanceI = 2.000000
inc_x_r = 0.000000, inc_y_r = 1.000000, inc_x_i = 1.000000, inc_y_i = 1.000000
En el else......

----------------------------------------
x = 56.000000, y = 148.000000
avance = -485.000000, avanceR = 2.000000, avanceI = 2.000000
inc_x_r = 0.000000, inc_y_r = 1.000000, inc_x_i = 1.000000, inc_y_i = 1.000000
En el else......

----------------------------------------
x = 56.000000, y = 149.000000
avance = -483.000000, avanceR = 2.000000, avanceI = 2.000000
inc_x_r = 0.000000, inc_y_r = 1.000000, inc_x_i = 1.000000, inc_y_i = 1.000000
En el else......

----------------------------------------
x = 56.000000, y = 150.000000
avance = -481.000000, avanceR = 2.000000, avanceI = 2.000000
inc_x_r = 0.000000, inc_y_r = 1.000000, inc_x_i = 1.000000, inc_y_i = 1.000000
En el else......

----------------------------------------
x = 56.000000, y = 151.000000
avance = -479.000000, avanceR = 2.000000, avanceI = 2.000000
inc_x_r = 0.000000, inc_y_r = 1.000000, inc_x_i = 1.000000, inc_y_i = 1.000000
En el else......

----------------------------------------
x = 56.000000, y = 152.000000
avance = -477.000000, avanceR = 2.000000, avanceI = 2.000000
inc_x_r = 0.000000, inc_y_r = 1.000000, inc_x_i = 1.000000, inc_y_i = 1.000000
En el else......

----------------------------------------
x = 56.000000, y = 153.000000
avance = -475.000000, avanceR = 2.000000, avanceI = 2.000000
inc_x_r = 0.000000, inc_y_r = 1.000000, inc_x_i = 1.000000, inc_y_i = 1.000000
En el else......

----------------------------------------
x = 56.000000, y = 154.000000
avance = -473.000000, avanceR = 2.000000, avanceI = 2.000000
inc_x_r = 0.000000, inc_y_r = 1.000000, inc_x_i = 1.000000, inc_y_i = 1.000000
En el else......

----------------------------------------
x = 56.000000, y = 155.000000
avance = -471.000000, avanceR = 2.000000, avanceI = 2.000000
inc_x_r = 0.000000, inc_y_r = 1.000000, inc_x_i = 1.000000, inc_y_i = 1.000000
En el else......

----------------------------------------
x = 56.000000, y = 156.000000
avance = -469.000000, avanceR = 2.000000, avanceI = 2.000000
inc_x_r = 0.000000, inc_y_r = 1.000000, inc_x_i = 1.000000, inc_y_i = 1.000000
En el else......

----------------------------------------
x = 56.000000, y = 157.000000
avance = -467.000000, avanceR = 2.000000, avanceI = 2.000000
inc_x_r = 0.000000, inc_y_r = 1.000000, inc_x_i = 1.000000, inc_y_i = 1.000000
En el else......

----------------------------------------
x = 56.000000, y = 158.000000
avance = -465.000000, avanceR = 2.000000, avanceI = 2.000000
inc_x_r = 0.000000, inc_y_r = 1.000000, inc_x_i = 1.000000, inc_y_i = 1.000000
En el else......

----------------------------------------
x = 56.000000, y = 159.000000
avance = -463.000000, avanceR = 2.000000, avanceI = 2.000000
inc_x_r = 0.000000, inc_y_r = 1.000000, inc_x_i = 1.000000, inc_y_i = 1.000000
En el else......

----------------------------------------
x = 56.000000, y = 160.000000
avance = -461.000000, avanceR = 2.000000, avanceI = 2.000000
inc_x_r = 0.000000, inc_y_r = 1.000000, inc_x_i = 1.000000, inc_y_i = 1.000000
En el else......

----------------------------------------
x = 56.000000, y = 161.000000
avance = -459.000000, avanceR = 2.000000, avanceI = 2.000000
inc_x_r = 0.000000, inc_y_r = 1.000000, inc_x_i = 1.000000, inc_y_i = 1.000000
En el else......

----------------------------------------
x = 56.000000, y = 162.000000
avance = -457.000000, avanceR = 2.000000, avanceI = 2.000000
inc_x_r = 0.000000, inc_y_r = 1.000000, inc_x_i = 1.000000, inc_y_i = 1.000000
En el else......

----------------------------------------
x = 56.000000, y = 163.000000
avance = -455.000000, avanceR = 2.000000, avanceI = 2.000000
inc_x_r = 0.000000, inc_y_r = 1.000000, inc_x_i = 1.000000, inc_y_i = 1.000000
En el else......

----------------------------------------
x = 56.000000, y = 164.000000
avance = -453.000000, avanceR = 2.000000, avanceI = 2.000000
inc_x_r = 0.000000, inc_y_r = 1.000000, inc_x_i = 1.000000, inc_y_i = 1.000000
En el else......

----------------------------------------
x = 56.000000, y = 165.000000
avance = -451.000000, avanceR = 2.000000, avanceI = 2.000000
inc_x_r = 0.000000, inc_y_r = 1.000000, inc_x_i = 1.000000, inc_y_i = 1.000000
En el else......

----------------------------------------
x = 56.000000, y = 166.000000
avance = -449.000000, avanceR = 2.000000, avanceI = 2.000000
inc_x_r = 0.000000, inc_y_r = 1.000000, inc_x_i = 1.000000, inc_y_i = 1.000000
En el else......

----------------------------------------
x = 56.000000, y = 167.000000
avance = -447.000000, avanceR = 2.000000, avanceI = 2.000000
inc_x_r = 0.000000, inc_y_r = 1.000000, inc_x_i = 1.000000, inc_y_i = 1.000000
En el else......

----------------------------------------
x = 56.000000, y = 168.000000
avance = -445.000000, avanceR = 2.000000, avanceI = 2.000000
inc_x_r = 0.000000, inc_y_r = 1.000000, inc_x_i = 1.000000, inc_y_i = 1.000000
En el else......

----------------------------------------
x = 56.000000, y = 169.000000
avance = -443.000000, avanceR = 2.000000, avanceI = 2.000000
inc_x_r = 0.000000, inc_y_r = 1.000000, inc_x_i = 1.000000, inc_y_i = 1.000000
En el else......

----------------------------------------
x = 56.000000, y = 170.000000
avance = -441.000000, avanceR = 2.000000, avanceI = 2.000000
inc_x_r = 0.000000, inc_y_r = 1.000000, inc_x_i = 1.000000, inc_y_i = 1.000000
En el else......

----------------------------------------
x = 56.000000, y = 171.000000
avance = -439.000000, avanceR = 2.000000, avanceI = 2.000000
inc_x_r = 0.000000, inc_y_r = 1.000000, inc_x_i = 1.000000, inc_y_i = 1.000000
En el else......

----------------------------------------
x = 56.000000, y = 172.000000
avance = -437.000000, avanceR = 2.000000, avanceI = 2.000000
inc_x_r = 0.000000, inc_y_r = 1.000000, inc_x_i = 1.000000, inc_y_i = 1.000000
En el else......

----------------------------------------
x = 56.000000, y = 173.000000
avance = -435.000000, avanceR = 2.000000, avanceI = 2.000000
inc_x_r = 0.000000, inc_y_r = 1.000000, inc_x_i = 1.000000, inc_y_i = 1.000000
En el else......

----------------------------------------
x = 56.000000, y = 174.000000
avance = -433.000000, avanceR = 2.000000, avanceI = 2.000000
inc_x_r = 0.000000, inc_y_r = 1.000000, inc_x_i = 1.000000, inc_y_i = 1.000000
En el else......

----------------------------------------
x = 56.000000, y = 175.000000
avance = -431.000000, avanceR = 2.000000, avanceI = 2.000000
inc_x_r = 0.000000, inc_y_r = 1.000000, inc_x_i = 1.000000, inc_y_i = 1.000000
En el else......

----------------------------------------
x = 56.000000, y = 176.000000
avance = -429.000000, avanceR = 2.000000, avanceI = 2.000000
inc_x_r = 0.000000, inc_y_r = 1.000000, inc_x_i = 1.000000, inc_y_i = 1.000000
En el else......

----------------------------------------
x = 56.000000, y = 177.000000
avance = -427.000000, avanceR = 2.000000, avanceI = 2.000000
inc_x_r = 0.000000, inc_y_r = 1.000000, inc_x_i = 1.000000, inc_y_i = 1.000000
En el else......

----------------------------------------
x = 56.000000, y = 178.000000
avance = -425.000000, avanceR = 2.000000, avanceI = 2.000000
inc_x_r = 0.000000, inc_y_r = 1.000000, inc_x_i = 1.000000, inc_y_i = 1.000000
En el else......

----------------------------------------
x = 56.000000, y = 179.000000
avance = -423.000000, avanceR = 2.000000, avanceI = 2.000000
inc_x_r = 0.000000, inc_y_r = 1.000000, inc_x_i = 1.000000, inc_y_i = 1.000000
En el else......

----------------------------------------
x = 56.000000, y = 180.000000
avance = -421.000000, avanceR = 2.000000, avanceI = 2.000000
inc_x_r = 0.000000, inc_y_r = 1.000000, inc_x_i = 1.000000, inc_y_i = 1.000000
En el else......

----------------------------------------
x = 56.000000, y = 181.000000
avance = -419.000000, avanceR = 2.000000, avanceI = 2.000000
inc_x_r = 0.000000, inc_y_r = 1.000000, inc_x_i = 1.000000, inc_y_i = 1.000000
En el else......

----------------------------------------
x = 56.000000, y = 182.000000
avance = -417.000000, avanceR = 2.000000, avanceI = 2.000000
inc_x_r = 0.000000, inc_y_r = 1.000000, inc_x_i = 1.000000, inc_y_i = 1.000000
En el else......

----------------------------------------
x = 56.000000, y = 183.000000
avance = -415.000000, avanceR = 2.000000, avanceI = 2.000000
inc_x_r = 0.000000, inc_y_r = 1.000000, inc_x_i = 1.000000, inc_y_i = 1.000000
En el else......

----------------------------------------
x = 56.000000, y = 184.000000
avance = -413.000000, avanceR = 2.000000, avanceI = 2.000000
inc_x_r = 0.000000, inc_y_r = 1.000000, inc_x_i = 1.000000, inc_y_i = 1.000000
En el else......

----------------------------------------
x = 56.000000, y = 185.000000
avance = -411.000000, avanceR = 2.000000, avanceI = 2.000000
inc_x_r = 0.000000, inc_y_r = 1.000000, inc_x_i = 1.000000, inc_y_i = 1.000000
En el else......

----------------------------------------
x = 56.000000, y = 186.000000
avance = -409.000000, avanceR = 2.000000, avanceI = 2.000000
inc_x_r = 0.000000, inc_y_r = 1.000000, inc_x_i = 1.000000, inc_y_i = 1.000000
En el else......

----------------------------------------
x = 56.000000, y = 187.000000
avance = -407.000000, avanceR = 2.000000, avanceI = 2.000000
inc_x_r = 0.000000, inc_y_r = 1.000000, inc_x_i = 1.000000, inc_y_i = 1.000000
En el else......

----------------------------------------
x = 56.000000, y = 188.000000
avance = -405.000000, avanceR = 2.000000, avanceI = 2.000000
inc_x_r = 0.000000, inc_y_r = 1.000000, inc_x_i = 1.000000, inc_y_i = 1.000000
En el else......

----------------------------------------
x = 56.000000, y = 189.000000
avance = -403.000000, avanceR = 2.000000, avanceI = 2.000000
inc_x_r = 0.000000, inc_y_r = 1.000000, inc_x_i = 1.000000, inc_y_i = 1.000000
En el else......

----------------------------------------
x = 56.000000, y = 190.000000
avance = -401.000000, avanceR = 2.000000, avanceI = 2.000000
inc_x_r = 0.000000, inc_y_r = 1.000000, inc_x_i = 1.000000, inc_y_i = 1.000000
En el else......

----------------------------------------
x = 56.000000, y = 191.000000
avance = -399.000000, avanceR = 2.000000, avanceI = 2.000000
inc_x_r = 0.000000, inc_y_r = 1.000000, inc_x_i = 1.000000, inc_y_i = 1.000000
En el else......

----------------------------------------
x = 56.000000, y = 192.000000
avance = -397.000000, avanceR = 2.000000, avanceI = 2.000000
inc_x_r = 0.000000, inc_y_r = 1.000000, inc_x_i = 1.000000, inc_y_i = 1.000000
En el else......

----------------------------------------
x = 56.000000, y = 193.000000
avance = -395.000000, avanceR = 2.000000, avanceI = 2.000000
inc_x_r = 0.000000, inc_y_r = 1.000000, inc_x_i = 1.000000, inc_y_i = 1.000000
En el else......

----------------------------------------
x = 56.000000, y = 194.000000
avance = -393.000000, avanceR = 2.000000, avanceI = 2.000000
inc_x_r = 0.000000, inc_y_r = 1.000000, inc_x_i = 1.000000, inc_y_i = 1.000000
En el else......

----------------------------------------
x = 56.000000, y = 195.000000
avance = -391.000000, avanceR = 2.000000, avanceI = 2.000000
inc_x_r = 0.000000, inc_y_r = 1.000000, inc_x_i = 1.000000, inc_y_i = 1.000000
En el else......

----------------------------------------
x = 56.000000, y = 196.000000
avance = -389.000000, avanceR = 2.000000, avanceI = 2.000000
inc_x_r = 0.000000, inc_y_r = 1.000000, inc_x_i = 1.000000, inc_y_i = 1.000000
En el else......

----------------------------------------
x = 56.000000, y = 197.000000
avance = -387.000000, avanceR = 2.000000, avanceI = 2.000000
inc_x_r = 0.000000, inc_y_r = 1.000000, inc_x_i = 1.000000, inc_y_i = 1.000000
En el else......

----------------------------------------
x = 56.000000, y = 198.000000
avance = -385.000000, avanceR = 2.000000, avanceI = 2.000000
inc_x_r = 0.000000, inc_y_r = 1.000000, inc_x_i = 1.000000, inc_y_i = 1.000000
En el else......

----------------------------------------
x = 56.000000, y = 199.000000
avance = -383.000000, avanceR = 2.000000, avanceI = 2.000000
inc_x_r = 0.000000, inc_y_r = 1.000000, inc_x_i = 1.000000, inc_y_i = 1.000000
En el else......

----------------------------------------
x = 56.000000, y = 200.000000
avance = -381.000000, avanceR = 2.000000, avanceI = 2.000000
inc_x_r = 0.000000, inc_y_r = 1.000000, inc_x_i = 1.000000, inc_y_i = 1.000000
En el else......

----------------------------------------
x = 56.000000, y = 201.000000
avance = -379.000000, avanceR = 2.000000, avanceI = 2.000000
inc_x_r = 0.000000, inc_y_r = 1.000000, inc_x_i = 1.000000, inc_y_i = 1.000000
En el else......

----------------------------------------
x = 56.000000, y = 202.000000
avance = -377.000000, avanceR = 2.000000, avanceI = 2.000000
inc_x_r = 0.000000, inc_y_r = 1.000000, inc_x_i = 1.000000, inc_y_i = 1.000000
En el else......

----------------------------------------
x = 56.000000, y = 203.000000
avance = -375.000000, avanceR = 2.000000, avanceI = 2.000000
inc_x_r = 0.000000, inc_y_r = 1.000000, inc_x_i = 1.000000, inc_y_i = 1.000000
En el else......

----------------------------------------
x = 56.000000, y = 204.000000
avance = -373.000000, avanceR = 2.000000, avanceI = 2.000000
inc_x_r = 0.000000, inc_y_r = 1.000000, inc_x_i = 1.000000, inc_y_i = 1.000000
En el else......

----------------------------------------
x = 56.000000, y = 205.000000
avance = -371.000000, avanceR = 2.000000, avanceI = 2.000000
inc_x_r = 0.000000, inc_y_r = 1.000000, inc_x_i = 1.000000, inc_y_i = 1.000000
En el else......

----------------------------------------
x = 56.000000, y = 206.000000
avance = -369.000000, avanceR = 2.000000, avanceI = 2.000000
inc_x_r = 0.000000, inc_y_r = 1.000000, inc_x_i = 1.000000, inc_y_i = 1.000000
En el else......

----------------------------------------
x = 56.000000, y = 207.000000
avance = -367.000000, avanceR = 2.000000, avanceI = 2.000000
inc_x_r = 0.000000, inc_y_r = 1.000000, inc_x_i = 1.000000, inc_y_i = 1.000000
En el else......

----------------------------------------
x = 56.000000, y = 208.000000
avance = -365.000000, avanceR = 2.000000, avanceI = 2.000000
inc_x_r = 0.000000, inc_y_r = 1.000000, inc_x_i = 1.000000, inc_y_i = 1.000000
En el else......

----------------------------------------
x = 56.000000, y = 209.000000
avance = -363.000000, avanceR = 2.000000, avanceI = 2.000000
inc_x_r = 0.000000, inc_y_r = 1.000000, inc_x_i = 1.000000, inc_y_i = 1.000000
En el else......

----------------------------------------
x = 56.000000, y = 210.000000
avance = -361.000000, avanceR = 2.000000, avanceI = 2.000000
inc_x_r = 0.000000, inc_y_r = 1.000000, inc_x_i = 1.000000, inc_y_i = 1.000000
En el else......

----------------------------------------
x = 56.000000, y = 211.000000
avance = -359.000000, avanceR = 2.000000, avanceI = 2.000000
inc_x_r = 0.000000, inc_y_r = 1.000000, inc_x_i = 1.000000, inc_y_i = 1.000000
En el else......

----------------------------------------
x = 56.000000, y = 212.000000
avance = -357.000000, avanceR = 2.000000, avanceI = 2.000000
inc_x_r = 0.000000, inc_y_r = 1.000000, inc_x_i = 1.000000, inc_y_i = 1.000000
En el else......

----------------------------------------
x = 56.000000, y = 213.000000
avance = -355.000000, avanceR = 2.000000, avanceI = 2.000000
inc_x_r = 0.000000, inc_y_r = 1.000000, inc_x_i = 1.000000, inc_y_i = 1.000000
En el else......

----------------------------------------
x = 56.000000, y = 214.000000
avance = -353.000000, avanceR = 2.000000, avanceI = 2.000000
inc_x_r = 0.000000, inc_y_r = 1.000000, inc_x_i = 1.000000, inc_y_i = 1.000000
En el else......

----------------------------------------
x = 56.000000, y = 215.000000
avance = -351.000000, avanceR = 2.000000, avanceI = 2.000000
inc_x_r = 0.000000, inc_y_r = 1.000000, inc_x_i = 1.000000, inc_y_i = 1.000000
En el else......

----------------------------------------
x = 56.000000, y = 216.000000
avance = -349.000000, avanceR = 2.000000, avanceI = 2.000000
inc_x_r = 0.000000, inc_y_r = 1.000000, inc_x_i = 1.000000, inc_y_i = 1.000000
En el else......

----------------------------------------
x = 56.000000, y = 217.000000
avance = -347.000000, avanceR = 2.000000, avanceI = 2.000000
inc_x_r = 0.000000, inc_y_r = 1.000000, inc_x_i = 1.000000, inc_y_i = 1.000000
En el else......

----------------------------------------
x = 56.000000, y = 218.000000
avance = -345.000000, avanceR = 2.000000, avanceI = 2.000000
inc_x_r = 0.000000, inc_y_r = 1.000000, inc_x_i = 1.000000, inc_y_i = 1.000000
En el else......

----------------------------------------
x = 56.000000, y = 219.000000
avance = -343.000000, avanceR = 2.000000, avanceI = 2.000000
inc_x_r = 0.000000, inc_y_r = 1.000000, inc_x_i = 1.000000, inc_y_i = 1.000000
En el else......

----------------------------------------
x = 56.000000, y = 220.000000
avance = -341.000000, avanceR = 2.000000, avanceI = 2.000000
inc_x_r = 0.000000, inc_y_r = 1.000000, inc_x_i = 1.000000, inc_y_i = 1.000000
En el else......

----------------------------------------
x = 56.000000, y = 221.000000
avance = -339.000000, avanceR = 2.000000, avanceI = 2.000000
inc_x_r = 0.000000, inc_y_r = 1.000000, inc_x_i = 1.000000, inc_y_i = 1.000000
En el else......

----------------------------------------
x = 56.000000, y = 222.000000
avance = -337.000000, avanceR = 2.000000, avanceI = 2.000000
inc_x_r = 0.000000, inc_y_r = 1.000000, inc_x_i = 1.000000, inc_y_i = 1.000000
En el else......

----------------------------------------
x = 56.000000, y = 223.000000
avance = -335.000000, avanceR = 2.000000, avanceI = 2.000000
inc_x_r = 0.000000, inc_y_r = 1.000000, inc_x_i = 1.000000, inc_y_i = 1.000000
En el else......

----------------------------------------
x = 56.000000, y = 224.000000
avance = -333.000000, avanceR = 2.000000, avanceI = 2.000000
inc_x_r = 0.000000, inc_y_r = 1.000000, inc_x_i = 1.000000, inc_y_i = 1.000000
En el else......

----------------------------------------
x = 56.000000, y = 225.000000
avance = -331.000000, avanceR = 2.000000, avanceI = 2.000000
inc_x_r = 0.000000, inc_y_r = 1.000000, inc_x_i = 1.000000, inc_y_i = 1.000000
En el else......

----------------------------------------
x = 56.000000, y = 226.000000
avance = -329.000000, avanceR = 2.000000, avanceI = 2.000000
inc_x_r = 0.000000, inc_y_r = 1.000000, inc_x_i = 1.000000, inc_y_i = 1.000000
En el else......

----------------------------------------
x = 56.000000, y = 227.000000
avance = -327.000000, avanceR = 2.000000, avanceI = 2.000000
inc_x_r = 0.000000, inc_y_r = 1.000000, inc_x_i = 1.000000, inc_y_i = 1.000000
En el else......

----------------------------------------
x = 56.000000, y = 228.000000
avance = -325.000000, avanceR = 2.000000, avanceI = 2.000000
inc_x_r = 0.000000, inc_y_r = 1.000000, inc_x_i = 1.000000, inc_y_i = 1.000000
En el else......

----------------------------------------
x = 56.000000, y = 229.000000
avance = -323.000000, avanceR = 2.000000, avanceI = 2.000000
inc_x_r = 0.000000, inc_y_r = 1.000000, inc_x_i = 1.000000, inc_y_i = 1.000000
En el else......

----------------------------------------
x = 56.000000, y = 230.000000
avance = -321.000000, avanceR = 2.000000, avanceI = 2.000000
inc_x_r = 0.000000, inc_y_r = 1.000000, inc_x_i = 1.000000, inc_y_i = 1.000000
En el else......

----------------------------------------
x = 56.000000, y = 231.000000
avance = -319.000000, avanceR = 2.000000, avanceI = 2.000000
inc_x_r = 0.000000, inc_y_r = 1.000000, inc_x_i = 1.000000, inc_y_i = 1.000000
En el else......

----------------------------------------
x = 56.000000, y = 232.000000
avance = -317.000000, avanceR = 2.000000, avanceI = 2.000000
inc_x_r = 0.000000, inc_y_r = 1.000000, inc_x_i = 1.000000, inc_y_i = 1.000000
En el else......

----------------------------------------
x = 56.000000, y = 233.000000
avance = -315.000000, avanceR = 2.000000, avanceI = 2.000000
inc_x_r = 0.000000, inc_y_r = 1.000000, inc_x_i = 1.000000, inc_y_i = 1.000000
En el else......

----------------------------------------
x = 56.000000, y = 234.000000
avance = -313.000000, avanceR = 2.000000, avanceI = 2.000000
inc_x_r = 0.000000, inc_y_r = 1.000000, inc_x_i = 1.000000, inc_y_i = 1.000000
En el else......

----------------------------------------
x = 56.000000, y = 235.000000
avance = -311.000000, avanceR = 2.000000, avanceI = 2.000000
inc_x_r = 0.000000, inc_y_r = 1.000000, inc_x_i = 1.000000, inc_y_i = 1.000000
En el else......

----------------------------------------
x = 56.000000, y = 236.000000
avance = -309.000000, avanceR = 2.000000, avanceI = 2.000000
inc_x_r = 0.000000, inc_y_r = 1.000000, inc_x_i = 1.000000, inc_y_i = 1.000000
En el else......

----------------------------------------
x = 56.000000, y = 237.000000
avance = -307.000000, avanceR = 2.000000, avanceI = 2.000000
inc_x_r = 0.000000, inc_y_r = 1.000000, inc_x_i = 1.000000, inc_y_i = 1.000000
En el else......

----------------------------------------
x = 56.000000, y = 238.000000
avance = -305.000000, avanceR = 2.000000, avanceI = 2.000000
inc_x_r = 0.000000, inc_y_r = 1.000000, inc_x_i = 1.000000, inc_y_i = 1.000000
En el else......

----------------------------------------
x = 56.000000, y = 239.000000
avance = -303.000000, avanceR = 2.000000, avanceI = 2.000000
inc_x_r = 0.000000, inc_y_r = 1.000000, inc_x_i = 1.000000, inc_y_i = 1.000000
En el else......

----------------------------------------
x = 56.000000, y = 240.000000
avance = -301.000000, avanceR = 2.000000, avanceI = 2.000000
inc_x_r = 0.000000, inc_y_r = 1.000000, inc_x_i = 1.000000, inc_y_i = 1.000000
En el else......

----------------------------------------
x = 56.000000, y = 241.000000
avance = -299.000000, avanceR = 2.000000, avanceI = 2.000000
inc_x_r = 0.000000, inc_y_r = 1.000000, inc_x_i = 1.000000, inc_y_i = 1.000000
En el else......

----------------------------------------
x = 56.000000, y = 242.000000
avance = -297.000000, avanceR = 2.000000, avanceI = 2.000000
inc_x_r = 0.000000, inc_y_r = 1.000000, inc_x_i = 1.000000, inc_y_i = 1.000000
En el else......

----------------------------------------
x = 56.000000, y = 243.000000
avance = -295.000000, avanceR = 2.000000, avanceI = 2.000000
inc_x_r = 0.000000, inc_y_r = 1.000000, inc_x_i = 1.000000, inc_y_i = 1.000000
En el else......

----------------------------------------
x = 56.000000, y = 244.000000
avance = -293.000000, avanceR = 2.000000, avanceI = 2.000000
inc_x_r = 0.000000, inc_y_r = 1.000000, inc_x_i = 1.000000, inc_y_i = 1.000000
En el else......

----------------------------------------
x = 56.000000, y = 245.000000
avance = -291.000000, avanceR = 2.000000, avanceI = 2.000000
inc_x_r = 0.000000, inc_y_r = 1.000000, inc_x_i = 1.000000, inc_y_i = 1.000000
En el else......

----------------------------------------
x = 56.000000, y = 246.000000
avance = -289.000000, avanceR = 2.000000, avanceI = 2.000000
inc_x_r = 0.000000, inc_y_r = 1.000000, inc_x_i = 1.000000, inc_y_i = 1.000000
En el else......

----------------------------------------
x = 56.000000, y = 247.000000
avance = -287.000000, avanceR = 2.000000, avanceI = 2.000000
inc_x_r = 0.000000, inc_y_r = 1.000000, inc_x_i = 1.000000, inc_y_i = 1.000000
En el else......

----------------------------------------
x = 56.000000, y = 248.000000
avance = -285.000000, avanceR = 2.000000, avanceI = 2.000000
inc_x_r = 0.000000, inc_y_r = 1.000000, inc_x_i = 1.000000, inc_y_i = 1.000000
En el else......

----------------------------------------
x = 56.000000, y = 249.000000
avance = -283.000000, avanceR = 2.000000, avanceI = 2.000000
inc_x_r = 0.000000, inc_y_r = 1.000000, inc_x_i = 1.000000, inc_y_i = 1.000000
En el else......

----------------------------------------
x = 56.000000, y = 250.000000
avance = -281.000000, avanceR = 2.000000, avanceI = 2.000000
inc_x_r = 0.000000, inc_y_r = 1.000000, inc_x_i = 1.000000, inc_y_i = 1.000000
En el else......

----------------------------------------
x = 56.000000, y = 251.000000
avance = -279.000000, avanceR = 2.000000, avanceI = 2.000000
inc_x_r = 0.000000, inc_y_r = 1.000000, inc_x_i = 1.000000, inc_y_i = 1.000000
En el else......

----------------------------------------
x = 56.000000, y = 252.000000
avance = -277.000000, avanceR = 2.000000, avanceI = 2.000000
inc_x_r = 0.000000, inc_y_r = 1.000000, inc_x_i = 1.000000, inc_y_i = 1.000000
En el else......

----------------------------------------
x = 56.000000, y = 253.000000
avance = -275.000000, avanceR = 2.000000, avanceI = 2.000000
inc_x_r = 0.000000, inc_y_r = 1.000000, inc_x_i = 1.000000, inc_y_i = 1.000000
En el else......

----------------------------------------
x = 56.000000, y = 254.000000
avance = -273.000000, avanceR = 2.000000, avanceI = 2.000000
inc_x_r = 0.000000, inc_y_r = 1.000000, inc_x_i = 1.000000, inc_y_i = 1.000000
En el else......

----------------------------------------
x = 56.000000, y = 255.000000
avance = -271.000000, avanceR = 2.000000, avanceI = 2.000000
inc_x_r = 0.000000, inc_y_r = 1.000000, inc_x_i = 1.000000, inc_y_i = 1.000000
En el else......

----------------------------------------
x = 56.000000, y = 256.000000
avance = -269.000000, avanceR = 2.000000, avanceI = 2.000000
inc_x_r = 0.000000, inc_y_r = 1.000000, inc_x_i = 1.000000, inc_y_i = 1.000000
En el else......

----------------------------------------
x = 56.000000, y = 257.000000
avance = -267.000000, avanceR = 2.000000, avanceI = 2.000000
inc_x_r = 0.000000, inc_y_r = 1.000000, inc_x_i = 1.000000, inc_y_i = 1.000000
En el else......

----------------------------------------
x = 56.000000, y = 258.000000
avance = -265.000000, avanceR = 2.000000, avanceI = 2.000000
inc_x_r = 0.000000, inc_y_r = 1.000000, inc_x_i = 1.000000, inc_y_i = 1.000000
En el else......

----------------------------------------
x = 56.000000, y = 259.000000
avance = -263.000000, avanceR = 2.000000, avanceI = 2.000000
inc_x_r = 0.000000, inc_y_r = 1.000000, inc_x_i = 1.000000, inc_y_i = 1.000000
En el else......

----------------------------------------
x = 56.000000, y = 260.000000
avance = -261.000000, avanceR = 2.000000, avanceI = 2.000000
inc_x_r = 0.000000, inc_y_r = 1.000000, inc_x_i = 1.000000, inc_y_i = 1.000000
En el else......

----------------------------------------
x = 56.000000, y = 261.000000
avance = -259.000000, avanceR = 2.000000, avanceI = 2.000000
inc_x_r = 0.000000, inc_y_r = 1.000000, inc_x_i = 1.000000, inc_y_i = 1.000000
En el else......

----------------------------------------
x = 56.000000, y = 262.000000
avance = -257.000000, avanceR = 2.000000, avanceI = 2.000000
inc_x_r = 0.000000, inc_y_r = 1.000000, inc_x_i = 1.000000, inc_y_i = 1.000000
En el else......

----------------------------------------
x = 56.000000, y = 263.000000
avance = -255.000000, avanceR = 2.000000, avanceI = 2.000000
inc_x_r = 0.000000, inc_y_r = 1.000000, inc_x_i = 1.000000, inc_y_i = 1.000000
En el else......

----------------------------------------
x = 56.000000, y = 264.000000
avance = -253.000000, avanceR = 2.000000, avanceI = 2.000000
inc_x_r = 0.000000, inc_y_r = 1.000000, inc_x_i = 1.000000, inc_y_i = 1.000000
En el else......

----------------------------------------
x = 56.000000, y = 265.000000
avance = -251.000000, avanceR = 2.000000, avanceI = 2.000000
inc_x_r = 0.000000, inc_y_r = 1.000000, inc_x_i = 1.000000, inc_y_i = 1.000000
En el else......

----------------------------------------


ENTRAMOS A BRESENHAMªªªª
x1 = 55.000000 - y1 = 15.000000 || x2 = 56.000000 - y2 = 266.000000
dy = 251.000000, dx = 1.000000
avances inclinados: inc_x_i = 1.000000, inc_y_i = 1.000000
updated: dy = 251.000000, dx = 1.000000
avances rectos: inc_x_r = 0.000000, inc_y_r 1.000000
reupdated: dy = 1.000000, dx = 251.000000
avanceR = 2.000000, avance -249.000000, avanceI 2.000000
----------------------------------------
x = 55.000000, y = 15.000000
avance = -249.000000, avanceR = 2.000000, avanceI = 2.000000
inc_x_r = 0.000000, inc_y_r = 1.000000, inc_x_i = 1.000000, inc_y_i = 1.000000
En el else......

----------------------------------------
x = 55.000000, y = 16.000000
avance = -247.000000, avanceR = 2.000000, avanceI = 2.000000
inc_x_r = 0.000000, inc_y_r = 1.000000, inc_x_i = 1.000000, inc_y_i = 1.000000
En el else......

----------------------------------------
x = 55.000000, y = 17.000000
avance = -245.000000, avanceR = 2.000000, avanceI = 2.000000
inc_x_r = 0.000000, inc_y_r = 1.000000, inc_x_i = 1.000000, inc_y_i = 1.000000
En el else......

----------------------------------------
x = 55.000000, y = 18.000000
avance = -243.000000, avanceR = 2.000000, avanceI = 2.000000
inc_x_r = 0.000000, inc_y_r = 1.000000, inc_x_i = 1.000000, inc_y_i = 1.000000
En el else......

----------------------------------------
x = 55.000000, y = 19.000000
avance = -241.000000, avanceR = 2.000000, avanceI = 2.000000
inc_x_r = 0.000000, inc_y_r = 1.000000, inc_x_i = 1.000000, inc_y_i = 1.000000
En el else......

----------------------------------------
x = 55.000000, y = 20.000000
avance = -239.000000, avanceR = 2.000000, avanceI = 2.000000
inc_x_r = 0.000000, inc_y_r = 1.000000, inc_x_i = 1.000000, inc_y_i = 1.000000
En el else......

----------------------------------------
x = 55.000000, y = 21.000000
avance = -237.000000, avanceR = 2.000000, avanceI = 2.000000
inc_x_r = 0.000000, inc_y_r = 1.000000, inc_x_i = 1.000000, inc_y_i = 1.000000
En el else......

----------------------------------------
x = 55.000000, y = 22.000000
avance = -235.000000, avanceR = 2.000000, avanceI = 2.000000
inc_x_r = 0.000000, inc_y_r = 1.000000, inc_x_i = 1.000000, inc_y_i = 1.000000
En el else......

----------------------------------------
x = 55.000000, y = 23.000000
avance = -233.000000, avanceR = 2.000000, avanceI = 2.000000
inc_x_r = 0.000000, inc_y_r = 1.000000, inc_x_i = 1.000000, inc_y_i = 1.000000
En el else......

----------------------------------------
x = 55.000000, y = 24.000000
avance = -231.000000, avanceR = 2.000000, avanceI = 2.000000
inc_x_r = 0.000000, inc_y_r = 1.000000, inc_x_i = 1.000000, inc_y_i = 1.000000
En el else......

----------------------------------------
x = 55.000000, y = 25.000000
avance = -229.000000, avanceR = 2.000000, avanceI = 2.000000
inc_x_r = 0.000000, inc_y_r = 1.000000, inc_x_i = 1.000000, inc_y_i = 1.000000
En el else......

----------------------------------------
x = 55.000000, y = 26.000000
avance = -227.000000, avanceR = 2.000000, avanceI = 2.000000
inc_x_r = 0.000000, inc_y_r = 1.000000, inc_x_i = 1.000000, inc_y_i = 1.000000
En el else......

----------------------------------------
x = 55.000000, y = 27.000000
avance = -225.000000, avanceR = 2.000000, avanceI = 2.000000
inc_x_r = 0.000000, inc_y_r = 1.000000, inc_x_i = 1.000000, inc_y_i = 1.000000
En el else......

----------------------------------------
x = 55.000000, y = 28.000000
avance = -223.000000, avanceR = 2.000000, avanceI = 2.000000
inc_x_r = 0.000000, inc_y_r = 1.000000, inc_x_i = 1.000000, inc_y_i = 1.000000
En el else......

----------------------------------------
x = 55.000000, y = 29.000000
avance = -221.000000, avanceR = 2.000000, avanceI = 2.000000
inc_x_r = 0.000000, inc_y_r = 1.000000, inc_x_i = 1.000000, inc_y_i = 1.000000
En el else......

----------------------------------------
x = 55.000000, y = 30.000000
avance = -219.000000, avanceR = 2.000000, avanceI = 2.000000
inc_x_r = 0.000000, inc_y_r = 1.000000, inc_x_i = 1.000000, inc_y_i = 1.000000
En el else......

----------------------------------------
x = 55.000000, y = 31.000000
avance = -217.000000, avanceR = 2.000000, avanceI = 2.000000
inc_x_r = 0.000000, inc_y_r = 1.000000, inc_x_i = 1.000000, inc_y_i = 1.000000
En el else......

----------------------------------------
x = 55.000000, y = 32.000000
avance = -215.000000, avanceR = 2.000000, avanceI = 2.000000
inc_x_r = 0.000000, inc_y_r = 1.000000, inc_x_i = 1.000000, inc_y_i = 1.000000
En el else......

----------------------------------------
x = 55.000000, y = 33.000000
avance = -213.000000, avanceR = 2.000000, avanceI = 2.000000
inc_x_r = 0.000000, inc_y_r = 1.000000, inc_x_i = 1.000000, inc_y_i = 1.000000
En el else......

----------------------------------------
x = 55.000000, y = 34.000000
avance = -211.000000, avanceR = 2.000000, avanceI = 2.000000
inc_x_r = 0.000000, inc_y_r = 1.000000, inc_x_i = 1.000000, inc_y_i = 1.000000
En el else......

----------------------------------------
x = 55.000000, y = 35.000000
avance = -209.000000, avanceR = 2.000000, avanceI = 2.000000
inc_x_r = 0.000000, inc_y_r = 1.000000, inc_x_i = 1.000000, inc_y_i = 1.000000
En el else......

----------------------------------------
x = 55.000000, y = 36.000000
avance = -207.000000, avanceR = 2.000000, avanceI = 2.000000
inc_x_r = 0.000000, inc_y_r = 1.000000, inc_x_i = 1.000000, inc_y_i = 1.000000
En el else......

----------------------------------------
x = 55.000000, y = 37.000000
avance = -205.000000, avanceR = 2.000000, avanceI = 2.000000
inc_x_r = 0.000000, inc_y_r = 1.000000, inc_x_i = 1.000000, inc_y_i = 1.000000
En el else......

----------------------------------------
x = 55.000000, y = 38.000000
avance = -203.000000, avanceR = 2.000000, avanceI = 2.000000
inc_x_r = 0.000000, inc_y_r = 1.000000, inc_x_i = 1.000000, inc_y_i = 1.000000
En el else......

----------------------------------------
x = 55.000000, y = 39.000000
avance = -201.000000, avanceR = 2.000000, avanceI = 2.000000
inc_x_r = 0.000000, inc_y_r = 1.000000, inc_x_i = 1.000000, inc_y_i = 1.000000
En el else......

----------------------------------------
x = 55.000000, y = 40.000000
avance = -199.000000, avanceR = 2.000000, avanceI = 2.000000
inc_x_r = 0.000000, inc_y_r = 1.000000, inc_x_i = 1.000000, inc_y_i = 1.000000
En el else......

----------------------------------------
x = 55.000000, y = 41.000000
avance = -197.000000, avanceR = 2.000000, avanceI = 2.000000
inc_x_r = 0.000000, inc_y_r = 1.000000, inc_x_i = 1.000000, inc_y_i = 1.000000
En el else......

----------------------------------------
x = 55.000000, y = 42.000000
avance = -195.000000, avanceR = 2.000000, avanceI = 2.000000
inc_x_r = 0.000000, inc_y_r = 1.000000, inc_x_i = 1.000000, inc_y_i = 1.000000
En el else......

----------------------------------------
x = 55.000000, y = 43.000000
avance = -193.000000, avanceR = 2.000000, avanceI = 2.000000
inc_x_r = 0.000000, inc_y_r = 1.000000, inc_x_i = 1.000000, inc_y_i = 1.000000
En el else......

----------------------------------------
x = 55.000000, y = 44.000000
avance = -191.000000, avanceR = 2.000000, avanceI = 2.000000
inc_x_r = 0.000000, inc_y_r = 1.000000, inc_x_i = 1.000000, inc_y_i = 1.000000
En el else......

----------------------------------------
x = 55.000000, y = 45.000000
avance = -189.000000, avanceR = 2.000000, avanceI = 2.000000
inc_x_r = 0.000000, inc_y_r = 1.000000, inc_x_i = 1.000000, inc_y_i = 1.000000
En el else......

----------------------------------------
x = 55.000000, y = 46.000000
avance = -187.000000, avanceR = 2.000000, avanceI = 2.000000
inc_x_r = 0.000000, inc_y_r = 1.000000, inc_x_i = 1.000000, inc_y_i = 1.000000
En el else......

----------------------------------------
x = 55.000000, y = 47.000000
avance = -185.000000, avanceR = 2.000000, avanceI = 2.000000
inc_x_r = 0.000000, inc_y_r = 1.000000, inc_x_i = 1.000000, inc_y_i = 1.000000
En el else......

----------------------------------------
x = 55.000000, y = 48.000000
avance = -183.000000, avanceR = 2.000000, avanceI = 2.000000
inc_x_r = 0.000000, inc_y_r = 1.000000, inc_x_i = 1.000000, inc_y_i = 1.000000
En el else......

----------------------------------------
x = 55.000000, y = 49.000000
avance = -181.000000, avanceR = 2.000000, avanceI = 2.000000
inc_x_r = 0.000000, inc_y_r = 1.000000, inc_x_i = 1.000000, inc_y_i = 1.000000
En el else......

----------------------------------------
x = 55.000000, y = 50.000000
avance = -179.000000, avanceR = 2.000000, avanceI = 2.000000
inc_x_r = 0.000000, inc_y_r = 1.000000, inc_x_i = 1.000000, inc_y_i = 1.000000
En el else......

----------------------------------------
x = 55.000000, y = 51.000000
avance = -177.000000, avanceR = 2.000000, avanceI = 2.000000
inc_x_r = 0.000000, inc_y_r = 1.000000, inc_x_i = 1.000000, inc_y_i = 1.000000
En el else......

----------------------------------------
x = 55.000000, y = 52.000000
avance = -175.000000, avanceR = 2.000000, avanceI = 2.000000
inc_x_r = 0.000000, inc_y_r = 1.000000, inc_x_i = 1.000000, inc_y_i = 1.000000
En el else......

----------------------------------------
x = 55.000000, y = 53.000000
avance = -173.000000, avanceR = 2.000000, avanceI = 2.000000
inc_x_r = 0.000000, inc_y_r = 1.000000, inc_x_i = 1.000000, inc_y_i = 1.000000
En el else......

----------------------------------------
x = 55.000000, y = 54.000000
avance = -171.000000, avanceR = 2.000000, avanceI = 2.000000
inc_x_r = 0.000000, inc_y_r = 1.000000, inc_x_i = 1.000000, inc_y_i = 1.000000
En el else......

----------------------------------------
x = 55.000000, y = 55.000000
avance = -169.000000, avanceR = 2.000000, avanceI = 2.000000
inc_x_r = 0.000000, inc_y_r = 1.000000, inc_x_i = 1.000000, inc_y_i = 1.000000
En el else......

----------------------------------------
x = 55.000000, y = 56.000000
avance = -167.000000, avanceR = 2.000000, avanceI = 2.000000
inc_x_r = 0.000000, inc_y_r = 1.000000, inc_x_i = 1.000000, inc_y_i = 1.000000
En el else......

----------------------------------------
x = 55.000000, y = 57.000000
avance = -165.000000, avanceR = 2.000000, avanceI = 2.000000
inc_x_r = 0.000000, inc_y_r = 1.000000, inc_x_i = 1.000000, inc_y_i = 1.000000
En el else......

----------------------------------------
x = 55.000000, y = 58.000000
avance = -163.000000, avanceR = 2.000000, avanceI = 2.000000
inc_x_r = 0.000000, inc_y_r = 1.000000, inc_x_i = 1.000000, inc_y_i = 1.000000
En el else......

----------------------------------------
x = 55.000000, y = 59.000000
avance = -161.000000, avanceR = 2.000000, avanceI = 2.000000
inc_x_r = 0.000000, inc_y_r = 1.000000, inc_x_i = 1.000000, inc_y_i = 1.000000
En el else......

----------------------------------------
x = 55.000000, y = 60.000000
avance = -159.000000, avanceR = 2.000000, avanceI = 2.000000
inc_x_r = 0.000000, inc_y_r = 1.000000, inc_x_i = 1.000000, inc_y_i = 1.000000
En el else......

----------------------------------------
x = 55.000000, y = 61.000000
avance = -157.000000, avanceR = 2.000000, avanceI = 2.000000
inc_x_r = 0.000000, inc_y_r = 1.000000, inc_x_i = 1.000000, inc_y_i = 1.000000
En el else......

----------------------------------------
x = 55.000000, y = 62.000000
avance = -155.000000, avanceR = 2.000000, avanceI = 2.000000
inc_x_r = 0.000000, inc_y_r = 1.000000, inc_x_i = 1.000000, inc_y_i = 1.000000
En el else......

----------------------------------------
x = 55.000000, y = 63.000000
avance = -153.000000, avanceR = 2.000000, avanceI = 2.000000
inc_x_r = 0.000000, inc_y_r = 1.000000, inc_x_i = 1.000000, inc_y_i = 1.000000
En el else......

----------------------------------------
x = 55.000000, y = 64.000000
avance = -151.000000, avanceR = 2.000000, avanceI = 2.000000
inc_x_r = 0.000000, inc_y_r = 1.000000, inc_x_i = 1.000000, inc_y_i = 1.000000
En el else......

----------------------------------------
x = 55.000000, y = 65.000000
avance = -149.000000, avanceR = 2.000000, avanceI = 2.000000
inc_x_r = 0.000000, inc_y_r = 1.000000, inc_x_i = 1.000000, inc_y_i = 1.000000
En el else......

----------------------------------------
x = 55.000000, y = 66.000000
avance = -147.000000, avanceR = 2.000000, avanceI = 2.000000
inc_x_r = 0.000000, inc_y_r = 1.000000, inc_x_i = 1.000000, inc_y_i = 1.000000
En el else......

----------------------------------------
x = 55.000000, y = 67.000000
avance = -145.000000, avanceR = 2.000000, avanceI = 2.000000
inc_x_r = 0.000000, inc_y_r = 1.000000, inc_x_i = 1.000000, inc_y_i = 1.000000
En el else......

----------------------------------------
x = 55.000000, y = 68.000000
avance = -143.000000, avanceR = 2.000000, avanceI = 2.000000
inc_x_r = 0.000000, inc_y_r = 1.000000, inc_x_i = 1.000000, inc_y_i = 1.000000
En el else......

----------------------------------------
x = 55.000000, y = 69.000000
avance = -141.000000, avanceR = 2.000000, avanceI = 2.000000
inc_x_r = 0.000000, inc_y_r = 1.000000, inc_x_i = 1.000000, inc_y_i = 1.000000
En el else......

----------------------------------------
x = 55.000000, y = 70.000000
avance = -139.000000, avanceR = 2.000000, avanceI = 2.000000
inc_x_r = 0.000000, inc_y_r = 1.000000, inc_x_i = 1.000000, inc_y_i = 1.000000
En el else......

----------------------------------------
x = 55.000000, y = 71.000000
avance = -137.000000, avanceR = 2.000000, avanceI = 2.000000
inc_x_r = 0.000000, inc_y_r = 1.000000, inc_x_i = 1.000000, inc_y_i = 1.000000
En el else......

----------------------------------------
x = 55.000000, y = 72.000000
avance = -135.000000, avanceR = 2.000000, avanceI = 2.000000
inc_x_r = 0.000000, inc_y_r = 1.000000, inc_x_i = 1.000000, inc_y_i = 1.000000
En el else......

----------------------------------------
x = 55.000000, y = 73.000000
avance = -133.000000, avanceR = 2.000000, avanceI = 2.000000
inc_x_r = 0.000000, inc_y_r = 1.000000, inc_x_i = 1.000000, inc_y_i = 1.000000
En el else......

----------------------------------------
x = 55.000000, y = 74.000000
avance = -131.000000, avanceR = 2.000000, avanceI = 2.000000
inc_x_r = 0.000000, inc_y_r = 1.000000, inc_x_i = 1.000000, inc_y_i = 1.000000
En el else......

----------------------------------------
x = 55.000000, y = 75.000000
avance = -129.000000, avanceR = 2.000000, avanceI = 2.000000
inc_x_r = 0.000000, inc_y_r = 1.000000, inc_x_i = 1.000000, inc_y_i = 1.000000
En el else......

----------------------------------------
x = 55.000000, y = 76.000000
avance = -127.000000, avanceR = 2.000000, avanceI = 2.000000
inc_x_r = 0.000000, inc_y_r = 1.000000, inc_x_i = 1.000000, inc_y_i = 1.000000
En el else......

----------------------------------------
x = 55.000000, y = 77.000000
avance = -125.000000, avanceR = 2.000000, avanceI = 2.000000
inc_x_r = 0.000000, inc_y_r = 1.000000, inc_x_i = 1.000000, inc_y_i = 1.000000
En el else......

----------------------------------------
x = 55.000000, y = 78.000000
avance = -123.000000, avanceR = 2.000000, avanceI = 2.000000
inc_x_r = 0.000000, inc_y_r = 1.000000, inc_x_i = 1.000000, inc_y_i = 1.000000
En el else......

----------------------------------------
x = 55.000000, y = 79.000000
avance = -121.000000, avanceR = 2.000000, avanceI = 2.000000
inc_x_r = 0.000000, inc_y_r = 1.000000, inc_x_i = 1.000000, inc_y_i = 1.000000
En el else......

----------------------------------------
x = 55.000000, y = 80.000000
avance = -119.000000, avanceR = 2.000000, avanceI = 2.000000
inc_x_r = 0.000000, inc_y_r = 1.000000, inc_x_i = 1.000000, inc_y_i = 1.000000
En el else......

----------------------------------------
x = 55.000000, y = 81.000000
avance = -117.000000, avanceR = 2.000000, avanceI = 2.000000
inc_x_r = 0.000000, inc_y_r = 1.000000, inc_x_i = 1.000000, inc_y_i = 1.000000
En el else......

----------------------------------------
x = 55.000000, y = 82.000000
avance = -115.000000, avanceR = 2.000000, avanceI = 2.000000
inc_x_r = 0.000000, inc_y_r = 1.000000, inc_x_i = 1.000000, inc_y_i = 1.000000
En el else......

----------------------------------------
x = 55.000000, y = 83.000000
avance = -113.000000, avanceR = 2.000000, avanceI = 2.000000
inc_x_r = 0.000000, inc_y_r = 1.000000, inc_x_i = 1.000000, inc_y_i = 1.000000
En el else......

----------------------------------------
x = 55.000000, y = 84.000000
avance = -111.000000, avanceR = 2.000000, avanceI = 2.000000
inc_x_r = 0.000000, inc_y_r = 1.000000, inc_x_i = 1.000000, inc_y_i = 1.000000
En el else......

----------------------------------------
x = 55.000000, y = 85.000000
avance = -109.000000, avanceR = 2.000000, avanceI = 2.000000
inc_x_r = 0.000000, inc_y_r = 1.000000, inc_x_i = 1.000000, inc_y_i = 1.000000
En el else......

----------------------------------------
x = 55.000000, y = 86.000000
avance = -107.000000, avanceR = 2.000000, avanceI = 2.000000
inc_x_r = 0.000000, inc_y_r = 1.000000, inc_x_i = 1.000000, inc_y_i = 1.000000
En el else......

----------------------------------------
x = 55.000000, y = 87.000000
avance = -105.000000, avanceR = 2.000000, avanceI = 2.000000
inc_x_r = 0.000000, inc_y_r = 1.000000, inc_x_i = 1.000000, inc_y_i = 1.000000
En el else......

----------------------------------------
x = 55.000000, y = 88.000000
avance = -103.000000, avanceR = 2.000000, avanceI = 2.000000
inc_x_r = 0.000000, inc_y_r = 1.000000, inc_x_i = 1.000000, inc_y_i = 1.000000
En el else......

----------------------------------------
x = 55.000000, y = 89.000000
avance = -101.000000, avanceR = 2.000000, avanceI = 2.000000
inc_x_r = 0.000000, inc_y_r = 1.000000, inc_x_i = 1.000000, inc_y_i = 1.000000
En el else......

----------------------------------------
x = 55.000000, y = 90.000000
avance = -99.000000, avanceR = 2.000000, avanceI = 2.000000
inc_x_r = 0.000000, inc_y_r = 1.000000, inc_x_i = 1.000000, inc_y_i = 1.000000
En el else......

----------------------------------------
x = 55.000000, y = 91.000000
avance = -97.000000, avanceR = 2.000000, avanceI = 2.000000
inc_x_r = 0.000000, inc_y_r = 1.000000, inc_x_i = 1.000000, inc_y_i = 1.000000
En el else......

----------------------------------------
x = 55.000000, y = 92.000000
avance = -95.000000, avanceR = 2.000000, avanceI = 2.000000
inc_x_r = 0.000000, inc_y_r = 1.000000, inc_x_i = 1.000000, inc_y_i = 1.000000
En el else......

----------------------------------------
x = 55.000000, y = 93.000000
avance = -93.000000, avanceR = 2.000000, avanceI = 2.000000
inc_x_r = 0.000000, inc_y_r = 1.000000, inc_x_i = 1.000000, inc_y_i = 1.000000
En el else......

----------------------------------------
x = 55.000000, y = 94.000000
avance = -91.000000, avanceR = 2.000000, avanceI = 2.000000
inc_x_r = 0.000000, inc_y_r = 1.000000, inc_x_i = 1.000000, inc_y_i = 1.000000
En el else......

----------------------------------------
x = 55.000000, y = 95.000000
avance = -89.000000, avanceR = 2.000000, avanceI = 2.000000
inc_x_r = 0.000000, inc_y_r = 1.000000, inc_x_i = 1.000000, inc_y_i = 1.000000
En el else......

----------------------------------------
x = 55.000000, y = 96.000000
avance = -87.000000, avanceR = 2.000000, avanceI = 2.000000
inc_x_r = 0.000000, inc_y_r = 1.000000, inc_x_i = 1.000000, inc_y_i = 1.000000
En el else......

----------------------------------------
x = 55.000000, y = 97.000000
avance = -85.000000, avanceR = 2.000000, avanceI = 2.000000
inc_x_r = 0.000000, inc_y_r = 1.000000, inc_x_i = 1.000000, inc_y_i = 1.000000
En el else......

----------------------------------------
x = 55.000000, y = 98.000000
avance = -83.000000, avanceR = 2.000000, avanceI = 2.000000
inc_x_r = 0.000000, inc_y_r = 1.000000, inc_x_i = 1.000000, inc_y_i = 1.000000
En el else......

----------------------------------------
x = 55.000000, y = 99.000000
avance = -81.000000, avanceR = 2.000000, avanceI = 2.000000
inc_x_r = 0.000000, inc_y_r = 1.000000, inc_x_i = 1.000000, inc_y_i = 1.000000
En el else......

----------------------------------------
x = 55.000000, y = 100.000000
avance = -79.000000, avanceR = 2.000000, avanceI = 2.000000
inc_x_r = 0.000000, inc_y_r = 1.000000, inc_x_i = 1.000000, inc_y_i = 1.000000
En el else......

----------------------------------------
x = 55.000000, y = 101.000000
avance = -77.000000, avanceR = 2.000000, avanceI = 2.000000
inc_x_r = 0.000000, inc_y_r = 1.000000, inc_x_i = 1.000000, inc_y_i = 1.000000
En el else......

----------------------------------------
x = 55.000000, y = 102.000000
avance = -75.000000, avanceR = 2.000000, avanceI = 2.000000
inc_x_r = 0.000000, inc_y_r = 1.000000, inc_x_i = 1.000000, inc_y_i = 1.000000
En el else......

----------------------------------------
x = 55.000000, y = 103.000000
avance = -73.000000, avanceR = 2.000000, avanceI = 2.000000
inc_x_r = 0.000000, inc_y_r = 1.000000, inc_x_i = 1.000000, inc_y_i = 1.000000
En el else......

----------------------------------------
x = 55.000000, y = 104.000000
avance = -71.000000, avanceR = 2.000000, avanceI = 2.000000
inc_x_r = 0.000000, inc_y_r = 1.000000, inc_x_i = 1.000000, inc_y_i = 1.000000
En el else......

----------------------------------------
x = 55.000000, y = 105.000000
avance = -69.000000, avanceR = 2.000000, avanceI = 2.000000
inc_x_r = 0.000000, inc_y_r = 1.000000, inc_x_i = 1.000000, inc_y_i = 1.000000
En el else......

----------------------------------------
x = 55.000000, y = 106.000000
avance = -67.000000, avanceR = 2.000000, avanceI = 2.000000
inc_x_r = 0.000000, inc_y_r = 1.000000, inc_x_i = 1.000000, inc_y_i = 1.000000
En el else......

----------------------------------------
x = 55.000000, y = 107.000000
avance = -65.000000, avanceR = 2.000000, avanceI = 2.000000
inc_x_r = 0.000000, inc_y_r = 1.000000, inc_x_i = 1.000000, inc_y_i = 1.000000
En el else......

----------------------------------------
x = 55.000000, y = 108.000000
avance = -63.000000, avanceR = 2.000000, avanceI = 2.000000
inc_x_r = 0.000000, inc_y_r = 1.000000, inc_x_i = 1.000000, inc_y_i = 1.000000
En el else......

----------------------------------------
x = 55.000000, y = 109.000000
avance = -61.000000, avanceR = 2.000000, avanceI = 2.000000
inc_x_r = 0.000000, inc_y_r = 1.000000, inc_x_i = 1.000000, inc_y_i = 1.000000
En el else......

----------------------------------------
x = 55.000000, y = 110.000000
avance = -59.000000, avanceR = 2.000000, avanceI = 2.000000
inc_x_r = 0.000000, inc_y_r = 1.000000, inc_x_i = 1.000000, inc_y_i = 1.000000
En el else......

----------------------------------------
x = 55.000000, y = 111.000000
avance = -57.000000, avanceR = 2.000000, avanceI = 2.000000
inc_x_r = 0.000000, inc_y_r = 1.000000, inc_x_i = 1.000000, inc_y_i = 1.000000
En el else......

----------------------------------------
x = 55.000000, y = 112.000000
avance = -55.000000, avanceR = 2.000000, avanceI = 2.000000
inc_x_r = 0.000000, inc_y_r = 1.000000, inc_x_i = 1.000000, inc_y_i = 1.000000
En el else......

----------------------------------------
x = 55.000000, y = 113.000000
avance = -53.000000, avanceR = 2.000000, avanceI = 2.000000
inc_x_r = 0.000000, inc_y_r = 1.000000, inc_x_i = 1.000000, inc_y_i = 1.000000
En el else......

----------------------------------------
x = 55.000000, y = 114.000000
avance = -51.000000, avanceR = 2.000000, avanceI = 2.000000
inc_x_r = 0.000000, inc_y_r = 1.000000, inc_x_i = 1.000000, inc_y_i = 1.000000
En el else......

----------------------------------------
x = 55.000000, y = 115.000000
avance = -49.000000, avanceR = 2.000000, avanceI = 2.000000
inc_x_r = 0.000000, inc_y_r = 1.000000, inc_x_i = 1.000000, inc_y_i = 1.000000
En el else......

----------------------------------------
x = 55.000000, y = 116.000000
avance = -47.000000, avanceR = 2.000000, avanceI = 2.000000
inc_x_r = 0.000000, inc_y_r = 1.000000, inc_x_i = 1.000000, inc_y_i = 1.000000
En el else......

----------------------------------------
x = 55.000000, y = 117.000000
avance = -45.000000, avanceR = 2.000000, avanceI = 2.000000
inc_x_r = 0.000000, inc_y_r = 1.000000, inc_x_i = 1.000000, inc_y_i = 1.000000
En el else......

----------------------------------------
x = 55.000000, y = 118.000000
avance = -43.000000, avanceR = 2.000000, avanceI = 2.000000
inc_x_r = 0.000000, inc_y_r = 1.000000, inc_x_i = 1.000000, inc_y_i = 1.000000
En el else......

----------------------------------------
x = 55.000000, y = 119.000000
avance = -41.000000, avanceR = 2.000000, avanceI = 2.000000
inc_x_r = 0.000000, inc_y_r = 1.000000, inc_x_i = 1.000000, inc_y_i = 1.000000
En el else......

----------------------------------------
x = 55.000000, y = 120.000000
avance = -39.000000, avanceR = 2.000000, avanceI = 2.000000
inc_x_r = 0.000000, inc_y_r = 1.000000, inc_x_i = 1.000000, inc_y_i = 1.000000
En el else......

----------------------------------------
x = 55.000000, y = 121.000000
avance = -37.000000, avanceR = 2.000000, avanceI = 2.000000
inc_x_r = 0.000000, inc_y_r = 1.000000, inc_x_i = 1.000000, inc_y_i = 1.000000
En el else......

----------------------------------------
x = 55.000000, y = 122.000000
avance = -35.000000, avanceR = 2.000000, avanceI = 2.000000
inc_x_r = 0.000000, inc_y_r = 1.000000, inc_x_i = 1.000000, inc_y_i = 1.000000
En el else......

----------------------------------------
x = 55.000000, y = 123.000000
avance = -33.000000, avanceR = 2.000000, avanceI = 2.000000
inc_x_r = 0.000000, inc_y_r = 1.000000, inc_x_i = 1.000000, inc_y_i = 1.000000
En el else......

----------------------------------------
x = 55.000000, y = 124.000000
avance = -31.000000, avanceR = 2.000000, avanceI = 2.000000
inc_x_r = 0.000000, inc_y_r = 1.000000, inc_x_i = 1.000000, inc_y_i = 1.000000
En el else......

----------------------------------------
x = 55.000000, y = 125.000000
avance = -29.000000, avanceR = 2.000000, avanceI = 2.000000
inc_x_r = 0.000000, inc_y_r = 1.000000, inc_x_i = 1.000000, inc_y_i = 1.000000
En el else......

----------------------------------------
x = 55.000000, y = 126.000000
avance = -27.000000, avanceR = 2.000000, avanceI = 2.000000
inc_x_r = 0.000000, inc_y_r = 1.000000, inc_x_i = 1.000000, inc_y_i = 1.000000
En el else......

----------------------------------------
x = 55.000000, y = 127.000000
avance = -25.000000, avanceR = 2.000000, avanceI = 2.000000
inc_x_r = 0.000000, inc_y_r = 1.000000, inc_x_i = 1.000000, inc_y_i = 1.000000
En el else......

----------------------------------------
x = 55.000000, y = 128.000000
avance = -23.000000, avanceR = 2.000000, avanceI = 2.000000
inc_x_r = 0.000000, inc_y_r = 1.000000, inc_x_i = 1.000000, inc_y_i = 1.000000
En el else......

----------------------------------------
x = 55.000000, y = 129.000000
avance = -21.000000, avanceR = 2.000000, avanceI = 2.000000
inc_x_r = 0.000000, inc_y_r = 1.000000, inc_x_i = 1.000000, inc_y_i = 1.000000
En el else......

----------------------------------------
x = 55.000000, y = 130.000000
avance = -19.000000, avanceR = 2.000000, avanceI = 2.000000
inc_x_r = 0.000000, inc_y_r = 1.000000, inc_x_i = 1.000000, inc_y_i = 1.000000
En el else......

----------------------------------------
x = 55.000000, y = 131.000000
avance = -17.000000, avanceR = 2.000000, avanceI = 2.000000
inc_x_r = 0.000000, inc_y_r = 1.000000, inc_x_i = 1.000000, inc_y_i = 1.000000
En el else......

----------------------------------------
x = 55.000000, y = 132.000000
avance = -15.000000, avanceR = 2.000000, avanceI = 2.000000
inc_x_r = 0.000000, inc_y_r = 1.000000, inc_x_i = 1.000000, inc_y_i = 1.000000
En el else......

----------------------------------------
x = 55.000000, y = 133.000000
avance = -13.000000, avanceR = 2.000000, avanceI = 2.000000
inc_x_r = 0.000000, inc_y_r = 1.000000, inc_x_i = 1.000000, inc_y_i = 1.000000
En el else......

----------------------------------------
x = 55.000000, y = 134.000000
avance = -11.000000, avanceR = 2.000000, avanceI = 2.000000
inc_x_r = 0.000000, inc_y_r = 1.000000, inc_x_i = 1.000000, inc_y_i = 1.000000
En el else......

----------------------------------------
x = 55.000000, y = 135.000000
avance = -9.000000, avanceR = 2.000000, avanceI = 2.000000
inc_x_r = 0.000000, inc_y_r = 1.000000, inc_x_i = 1.000000, inc_y_i = 1.000000
En el else......

----------------------------------------
x = 55.000000, y = 136.000000
avance = -7.000000, avanceR = 2.000000, avanceI = 2.000000
inc_x_r = 0.000000, inc_y_r = 1.000000, inc_x_i = 1.000000, inc_y_i = 1.000000
En el else......

----------------------------------------
x = 55.000000, y = 137.000000
avance = -5.000000, avanceR = 2.000000, avanceI = 2.000000
inc_x_r = 0.000000, inc_y_r = 1.000000, inc_x_i = 1.000000, inc_y_i = 1.000000
En el else......

----------------------------------------
x = 55.000000, y = 138.000000
avance = -3.000000, avanceR = 2.000000, avanceI = 2.000000
inc_x_r = 0.000000, inc_y_r = 1.000000, inc_x_i = 1.000000, inc_y_i = 1.000000
En el else......

----------------------------------------
x = 55.000000, y = 139.000000
avance = -1.000000, avanceR = 2.000000, avanceI = 2.000000
inc_x_r = 0.000000, inc_y_r = 1.000000, inc_x_i = 1.000000, inc_y_i = 1.000000
En el else......

----------------------------------------
x = 55.000000, y = 140.000000
avance = 1.000000, avanceR = 2.000000, avanceI = 2.000000
inc_x_r = 0.000000, inc_y_r = 1.000000, inc_x_i = 1.000000, inc_y_i = 1.000000
avance >= 0

----------------------------------------
x = 56.000000, y = 141.000000
avance = -499.000000, avanceR = 2.000000, avanceI = 2.000000
inc_x_r = 0.000000, inc_y_r = 1.000000, inc_x_i = 1.000000, inc_y_i = 1.000000
En el else......

----------------------------------------
x = 56.000000, y = 142.000000
avance = -497.000000, avanceR = 2.000000, avanceI = 2.000000
inc_x_r = 0.000000, inc_y_r = 1.000000, inc_x_i = 1.000000, inc_y_i = 1.000000
En el else......

----------------------------------------
x = 56.000000, y = 143.000000
avance = -495.000000, avanceR = 2.000000, avanceI = 2.000000
inc_x_r = 0.000000, inc_y_r = 1.000000, inc_x_i = 1.000000, inc_y_i = 1.000000
En el else......

----------------------------------------
x = 56.000000, y = 144.000000
avance = -493.000000, avanceR = 2.000000, avanceI = 2.000000
inc_x_r = 0.000000, inc_y_r = 1.000000, inc_x_i = 1.000000, inc_y_i = 1.000000
En el else......

----------------------------------------
x = 56.000000, y = 145.000000
avance = -491.000000, avanceR = 2.000000, avanceI = 2.000000
inc_x_r = 0.000000, inc_y_r = 1.000000, inc_x_i = 1.000000, inc_y_i = 1.000000
En el else......

----------------------------------------
x = 56.000000, y = 146.000000
avance = -489.000000, avanceR = 2.000000, avanceI = 2.000000
inc_x_r = 0.000000, inc_y_r = 1.000000, inc_x_i = 1.000000, inc_y_i = 1.000000
En el else......

----------------------------------------
x = 56.000000, y = 147.000000
avance = -487.000000, avanceR = 2.000000, avanceI = 2.000000
inc_x_r = 0.000000, inc_y_r = 1.000000, inc_x_i = 1.000000, inc_y_i = 1.000000
En el else......

----------------------------------------
x = 56.000000, y = 148.000000
avance = -485.000000, avanceR = 2.000000, avanceI = 2.000000
inc_x_r = 0.000000, inc_y_r = 1.000000, inc_x_i = 1.000000, inc_y_i = 1.000000
En el else......

----------------------------------------
x = 56.000000, y = 149.000000
avance = -483.000000, avanceR = 2.000000, avanceI = 2.000000
inc_x_r = 0.000000, inc_y_r = 1.000000, inc_x_i = 1.000000, inc_y_i = 1.000000
En el else......

----------------------------------------
x = 56.000000, y = 150.000000
avance = -481.000000, avanceR = 2.000000, avanceI = 2.000000
inc_x_r = 0.000000, inc_y_r = 1.000000, inc_x_i = 1.000000, inc_y_i = 1.000000
En el else......

----------------------------------------
x = 56.000000, y = 151.000000
avance = -479.000000, avanceR = 2.000000, avanceI = 2.000000
inc_x_r = 0.000000, inc_y_r = 1.000000, inc_x_i = 1.000000, inc_y_i = 1.000000
En el else......

----------------------------------------
x = 56.000000, y = 152.000000
avance = -477.000000, avanceR = 2.000000, avanceI = 2.000000
inc_x_r = 0.000000, inc_y_r = 1.000000, inc_x_i = 1.000000, inc_y_i = 1.000000
En el else......

----------------------------------------
x = 56.000000, y = 153.000000
avance = -475.000000, avanceR = 2.000000, avanceI = 2.000000
inc_x_r = 0.000000, inc_y_r = 1.000000, inc_x_i = 1.000000, inc_y_i = 1.000000
En el else......

----------------------------------------
x = 56.000000, y = 154.000000
avance = -473.000000, avanceR = 2.000000, avanceI = 2.000000
inc_x_r = 0.000000, inc_y_r = 1.000000, inc_x_i = 1.000000, inc_y_i = 1.000000
En el else......

----------------------------------------
x = 56.000000, y = 155.000000
avance = -471.000000, avanceR = 2.000000, avanceI = 2.000000
inc_x_r = 0.000000, inc_y_r = 1.000000, inc_x_i = 1.000000, inc_y_i = 1.000000
En el else......

----------------------------------------
x = 56.000000, y = 156.000000
avance = -469.000000, avanceR = 2.000000, avanceI = 2.000000
inc_x_r = 0.000000, inc_y_r = 1.000000, inc_x_i = 1.000000, inc_y_i = 1.000000
En el else......

----------------------------------------
x = 56.000000, y = 157.000000
avance = -467.000000, avanceR = 2.000000, avanceI = 2.000000
inc_x_r = 0.000000, inc_y_r = 1.000000, inc_x_i = 1.000000, inc_y_i = 1.000000
En el else......

----------------------------------------
x = 56.000000, y = 158.000000
avance = -465.000000, avanceR = 2.000000, avanceI = 2.000000
inc_x_r = 0.000000, inc_y_r = 1.000000, inc_x_i = 1.000000, inc_y_i = 1.000000
En el else......

----------------------------------------
x = 56.000000, y = 159.000000
avance = -463.000000, avanceR = 2.000000, avanceI = 2.000000
inc_x_r = 0.000000, inc_y_r = 1.000000, inc_x_i = 1.000000, inc_y_i = 1.000000
En el else......

----------------------------------------
x = 56.000000, y = 160.000000
avance = -461.000000, avanceR = 2.000000, avanceI = 2.000000
inc_x_r = 0.000000, inc_y_r = 1.000000, inc_x_i = 1.000000, inc_y_i = 1.000000
En el else......

----------------------------------------
x = 56.000000, y = 161.000000
avance = -459.000000, avanceR = 2.000000, avanceI = 2.000000
inc_x_r = 0.000000, inc_y_r = 1.000000, inc_x_i = 1.000000, inc_y_i = 1.000000
En el else......

----------------------------------------
x = 56.000000, y = 162.000000
avance = -457.000000, avanceR = 2.000000, avanceI = 2.000000
inc_x_r = 0.000000, inc_y_r = 1.000000, inc_x_i = 1.000000, inc_y_i = 1.000000
En el else......

----------------------------------------
x = 56.000000, y = 163.000000
avance = -455.000000, avanceR = 2.000000, avanceI = 2.000000
inc_x_r = 0.000000, inc_y_r = 1.000000, inc_x_i = 1.000000, inc_y_i = 1.000000
En el else......

----------------------------------------
x = 56.000000, y = 164.000000
avance = -453.000000, avanceR = 2.000000, avanceI = 2.000000
inc_x_r = 0.000000, inc_y_r = 1.000000, inc_x_i = 1.000000, inc_y_i = 1.000000
En el else......

----------------------------------------
x = 56.000000, y = 165.000000
avance = -451.000000, avanceR = 2.000000, avanceI = 2.000000
inc_x_r = 0.000000, inc_y_r = 1.000000, inc_x_i = 1.000000, inc_y_i = 1.000000
En el else......

----------------------------------------
x = 56.000000, y = 166.000000
avance = -449.000000, avanceR = 2.000000, avanceI = 2.000000
inc_x_r = 0.000000, inc_y_r = 1.000000, inc_x_i = 1.000000, inc_y_i = 1.000000
En el else......

----------------------------------------
x = 56.000000, y = 167.000000
avance = -447.000000, avanceR = 2.000000, avanceI = 2.000000
inc_x_r = 0.000000, inc_y_r = 1.000000, inc_x_i = 1.000000, inc_y_i = 1.000000
En el else......

----------------------------------------
x = 56.000000, y = 168.000000
avance = -445.000000, avanceR = 2.000000, avanceI = 2.000000
inc_x_r = 0.000000, inc_y_r = 1.000000, inc_x_i = 1.000000, inc_y_i = 1.000000
En el else......

----------------------------------------
x = 56.000000, y = 169.000000
avance = -443.000000, avanceR = 2.000000, avanceI = 2.000000
inc_x_r = 0.000000, inc_y_r = 1.000000, inc_x_i = 1.000000, inc_y_i = 1.000000
En el else......

----------------------------------------
x = 56.000000, y = 170.000000
avance = -441.000000, avanceR = 2.000000, avanceI = 2.000000
inc_x_r = 0.000000, inc_y_r = 1.000000, inc_x_i = 1.000000, inc_y_i = 1.000000
En el else......

----------------------------------------
x = 56.000000, y = 171.000000
avance = -439.000000, avanceR = 2.000000, avanceI = 2.000000
inc_x_r = 0.000000, inc_y_r = 1.000000, inc_x_i = 1.000000, inc_y_i = 1.000000
En el else......

----------------------------------------
x = 56.000000, y = 172.000000
avance = -437.000000, avanceR = 2.000000, avanceI = 2.000000
inc_x_r = 0.000000, inc_y_r = 1.000000, inc_x_i = 1.000000, inc_y_i = 1.000000
En el else......

----------------------------------------
x = 56.000000, y = 173.000000
avance = -435.000000, avanceR = 2.000000, avanceI = 2.000000
inc_x_r = 0.000000, inc_y_r = 1.000000, inc_x_i = 1.000000, inc_y_i = 1.000000
En el else......

----------------------------------------
x = 56.000000, y = 174.000000
avance = -433.000000, avanceR = 2.000000, avanceI = 2.000000
inc_x_r = 0.000000, inc_y_r = 1.000000, inc_x_i = 1.000000, inc_y_i = 1.000000
En el else......

----------------------------------------
x = 56.000000, y = 175.000000
avance = -431.000000, avanceR = 2.000000, avanceI = 2.000000
inc_x_r = 0.000000, inc_y_r = 1.000000, inc_x_i = 1.000000, inc_y_i = 1.000000
En el else......

----------------------------------------
x = 56.000000, y = 176.000000
avance = -429.000000, avanceR = 2.000000, avanceI = 2.000000
inc_x_r = 0.000000, inc_y_r = 1.000000, inc_x_i = 1.000000, inc_y_i = 1.000000
En el else......

----------------------------------------
x = 56.000000, y = 177.000000
avance = -427.000000, avanceR = 2.000000, avanceI = 2.000000
inc_x_r = 0.000000, inc_y_r = 1.000000, inc_x_i = 1.000000, inc_y_i = 1.000000
En el else......

----------------------------------------
x = 56.000000, y = 178.000000
avance = -425.000000, avanceR = 2.000000, avanceI = 2.000000
inc_x_r = 0.000000, inc_y_r = 1.000000, inc_x_i = 1.000000, inc_y_i = 1.000000
En el else......

----------------------------------------
x = 56.000000, y = 179.000000
avance = -423.000000, avanceR = 2.000000, avanceI = 2.000000
inc_x_r = 0.000000, inc_y_r = 1.000000, inc_x_i = 1.000000, inc_y_i = 1.000000
En el else......

----------------------------------------
x = 56.000000, y = 180.000000
avance = -421.000000, avanceR = 2.000000, avanceI = 2.000000
inc_x_r = 0.000000, inc_y_r = 1.000000, inc_x_i = 1.000000, inc_y_i = 1.000000
En el else......

----------------------------------------
x = 56.000000, y = 181.000000
avance = -419.000000, avanceR = 2.000000, avanceI = 2.000000
inc_x_r = 0.000000, inc_y_r = 1.000000, inc_x_i = 1.000000, inc_y_i = 1.000000
En el else......

----------------------------------------
x = 56.000000, y = 182.000000
avance = -417.000000, avanceR = 2.000000, avanceI = 2.000000
inc_x_r = 0.000000, inc_y_r = 1.000000, inc_x_i = 1.000000, inc_y_i = 1.000000
En el else......

----------------------------------------
x = 56.000000, y = 183.000000
avance = -415.000000, avanceR = 2.000000, avanceI = 2.000000
inc_x_r = 0.000000, inc_y_r = 1.000000, inc_x_i = 1.000000, inc_y_i = 1.000000
En el else......

----------------------------------------
x = 56.000000, y = 184.000000
avance = -413.000000, avanceR = 2.000000, avanceI = 2.000000
inc_x_r = 0.000000, inc_y_r = 1.000000, inc_x_i = 1.000000, inc_y_i = 1.000000
En el else......

----------------------------------------
x = 56.000000, y = 185.000000
avance = -411.000000, avanceR = 2.000000, avanceI = 2.000000
inc_x_r = 0.000000, inc_y_r = 1.000000, inc_x_i = 1.000000, inc_y_i = 1.000000
En el else......

----------------------------------------
x = 56.000000, y = 186.000000
avance = -409.000000, avanceR = 2.000000, avanceI = 2.000000
inc_x_r = 0.000000, inc_y_r = 1.000000, inc_x_i = 1.000000, inc_y_i = 1.000000
En el else......

----------------------------------------
x = 56.000000, y = 187.000000
avance = -407.000000, avanceR = 2.000000, avanceI = 2.000000
inc_x_r = 0.000000, inc_y_r = 1.000000, inc_x_i = 1.000000, inc_y_i = 1.000000
En el else......

----------------------------------------
x = 56.000000, y = 188.000000
avance = -405.000000, avanceR = 2.000000, avanceI = 2.000000
inc_x_r = 0.000000, inc_y_r = 1.000000, inc_x_i = 1.000000, inc_y_i = 1.000000
En el else......

----------------------------------------
x = 56.000000, y = 189.000000
avance = -403.000000, avanceR = 2.000000, avanceI = 2.000000
inc_x_r = 0.000000, inc_y_r = 1.000000, inc_x_i = 1.000000, inc_y_i = 1.000000
En el else......

----------------------------------------
x = 56.000000, y = 190.000000
avance = -401.000000, avanceR = 2.000000, avanceI = 2.000000
inc_x_r = 0.000000, inc_y_r = 1.000000, inc_x_i = 1.000000, inc_y_i = 1.000000
En el else......

----------------------------------------
x = 56.000000, y = 191.000000
avance = -399.000000, avanceR = 2.000000, avanceI = 2.000000
inc_x_r = 0.000000, inc_y_r = 1.000000, inc_x_i = 1.000000, inc_y_i = 1.000000
En el else......

----------------------------------------
x = 56.000000, y = 192.000000
avance = -397.000000, avanceR = 2.000000, avanceI = 2.000000
inc_x_r = 0.000000, inc_y_r = 1.000000, inc_x_i = 1.000000, inc_y_i = 1.000000
En el else......

----------------------------------------
x = 56.000000, y = 193.000000
avance = -395.000000, avanceR = 2.000000, avanceI = 2.000000
inc_x_r = 0.000000, inc_y_r = 1.000000, inc_x_i = 1.000000, inc_y_i = 1.000000
En el else......

----------------------------------------
x = 56.000000, y = 194.000000
avance = -393.000000, avanceR = 2.000000, avanceI = 2.000000
inc_x_r = 0.000000, inc_y_r = 1.000000, inc_x_i = 1.000000, inc_y_i = 1.000000
En el else......

----------------------------------------
x = 56.000000, y = 195.000000
avance = -391.000000, avanceR = 2.000000, avanceI = 2.000000
inc_x_r = 0.000000, inc_y_r = 1.000000, inc_x_i = 1.000000, inc_y_i = 1.000000
En el else......

----------------------------------------
x = 56.000000, y = 196.000000
avance = -389.000000, avanceR = 2.000000, avanceI = 2.000000
inc_x_r = 0.000000, inc_y_r = 1.000000, inc_x_i = 1.000000, inc_y_i = 1.000000
En el else......

----------------------------------------
x = 56.000000, y = 197.000000
avance = -387.000000, avanceR = 2.000000, avanceI = 2.000000
inc_x_r = 0.000000, inc_y_r = 1.000000, inc_x_i = 1.000000, inc_y_i = 1.000000
En el else......

----------------------------------------
x = 56.000000, y = 198.000000
avance = -385.000000, avanceR = 2.000000, avanceI = 2.000000
inc_x_r = 0.000000, inc_y_r = 1.000000, inc_x_i = 1.000000, inc_y_i = 1.000000
En el else......

----------------------------------------
x = 56.000000, y = 199.000000
avance = -383.000000, avanceR = 2.000000, avanceI = 2.000000
inc_x_r = 0.000000, inc_y_r = 1.000000, inc_x_i = 1.000000, inc_y_i = 1.000000
En el else......

----------------------------------------
x = 56.000000, y = 200.000000
avance = -381.000000, avanceR = 2.000000, avanceI = 2.000000
inc_x_r = 0.000000, inc_y_r = 1.000000, inc_x_i = 1.000000, inc_y_i = 1.000000
En el else......

----------------------------------------
x = 56.000000, y = 201.000000
avance = -379.000000, avanceR = 2.000000, avanceI = 2.000000
inc_x_r = 0.000000, inc_y_r = 1.000000, inc_x_i = 1.000000, inc_y_i = 1.000000
En el else......

----------------------------------------
x = 56.000000, y = 202.000000
avance = -377.000000, avanceR = 2.000000, avanceI = 2.000000
inc_x_r = 0.000000, inc_y_r = 1.000000, inc_x_i = 1.000000, inc_y_i = 1.000000
En el else......

----------------------------------------
x = 56.000000, y = 203.000000
avance = -375.000000, avanceR = 2.000000, avanceI = 2.000000
inc_x_r = 0.000000, inc_y_r = 1.000000, inc_x_i = 1.000000, inc_y_i = 1.000000
En el else......

----------------------------------------
x = 56.000000, y = 204.000000
avance = -373.000000, avanceR = 2.000000, avanceI = 2.000000
inc_x_r = 0.000000, inc_y_r = 1.000000, inc_x_i = 1.000000, inc_y_i = 1.000000
En el else......

----------------------------------------
x = 56.000000, y = 205.000000
avance = -371.000000, avanceR = 2.000000, avanceI = 2.000000
inc_x_r = 0.000000, inc_y_r = 1.000000, inc_x_i = 1.000000, inc_y_i = 1.000000
En el else......

----------------------------------------
x = 56.000000, y = 206.000000
avance = -369.000000, avanceR = 2.000000, avanceI = 2.000000
inc_x_r = 0.000000, inc_y_r = 1.000000, inc_x_i = 1.000000, inc_y_i = 1.000000
En el else......

----------------------------------------
x = 56.000000, y = 207.000000
avance = -367.000000, avanceR = 2.000000, avanceI = 2.000000
inc_x_r = 0.000000, inc_y_r = 1.000000, inc_x_i = 1.000000, inc_y_i = 1.000000
En el else......

----------------------------------------
x = 56.000000, y = 208.000000
avance = -365.000000, avanceR = 2.000000, avanceI = 2.000000
inc_x_r = 0.000000, inc_y_r = 1.000000, inc_x_i = 1.000000, inc_y_i = 1.000000
En el else......

----------------------------------------
x = 56.000000, y = 209.000000
avance = -363.000000, avanceR = 2.000000, avanceI = 2.000000
inc_x_r = 0.000000, inc_y_r = 1.000000, inc_x_i = 1.000000, inc_y_i = 1.000000
En el else......

----------------------------------------
x = 56.000000, y = 210.000000
avance = -361.000000, avanceR = 2.000000, avanceI = 2.000000
inc_x_r = 0.000000, inc_y_r = 1.000000, inc_x_i = 1.000000, inc_y_i = 1.000000
En el else......

----------------------------------------
x = 56.000000, y = 211.000000
avance = -359.000000, avanceR = 2.000000, avanceI = 2.000000
inc_x_r = 0.000000, inc_y_r = 1.000000, inc_x_i = 1.000000, inc_y_i = 1.000000
En el else......

----------------------------------------
x = 56.000000, y = 212.000000
avance = -357.000000, avanceR = 2.000000, avanceI = 2.000000
inc_x_r = 0.000000, inc_y_r = 1.000000, inc_x_i = 1.000000, inc_y_i = 1.000000
En el else......

----------------------------------------
x = 56.000000, y = 213.000000
avance = -355.000000, avanceR = 2.000000, avanceI = 2.000000
inc_x_r = 0.000000, inc_y_r = 1.000000, inc_x_i = 1.000000, inc_y_i = 1.000000
En el else......

----------------------------------------
x = 56.000000, y = 214.000000
avance = -353.000000, avanceR = 2.000000, avanceI = 2.000000
inc_x_r = 0.000000, inc_y_r = 1.000000, inc_x_i = 1.000000, inc_y_i = 1.000000
En el else......

----------------------------------------
x = 56.000000, y = 215.000000
avance = -351.000000, avanceR = 2.000000, avanceI = 2.000000
inc_x_r = 0.000000, inc_y_r = 1.000000, inc_x_i = 1.000000, inc_y_i = 1.000000
En el else......

----------------------------------------
x = 56.000000, y = 216.000000
avance = -349.000000, avanceR = 2.000000, avanceI = 2.000000
inc_x_r = 0.000000, inc_y_r = 1.000000, inc_x_i = 1.000000, inc_y_i = 1.000000
En el else......

----------------------------------------
x = 56.000000, y = 217.000000
avance = -347.000000, avanceR = 2.000000, avanceI = 2.000000
inc_x_r = 0.000000, inc_y_r = 1.000000, inc_x_i = 1.000000, inc_y_i = 1.000000
En el else......

----------------------------------------
x = 56.000000, y = 218.000000
avance = -345.000000, avanceR = 2.000000, avanceI = 2.000000
inc_x_r = 0.000000, inc_y_r = 1.000000, inc_x_i = 1.000000, inc_y_i = 1.000000
En el else......

----------------------------------------
x = 56.000000, y = 219.000000
avance = -343.000000, avanceR = 2.000000, avanceI = 2.000000
inc_x_r = 0.000000, inc_y_r = 1.000000, inc_x_i = 1.000000, inc_y_i = 1.000000
En el else......

----------------------------------------
x = 56.000000, y = 220.000000
avance = -341.000000, avanceR = 2.000000, avanceI = 2.000000
inc_x_r = 0.000000, inc_y_r = 1.000000, inc_x_i = 1.000000, inc_y_i = 1.000000
En el else......

----------------------------------------
x = 56.000000, y = 221.000000
avance = -339.000000, avanceR = 2.000000, avanceI = 2.000000
inc_x_r = 0.000000, inc_y_r = 1.000000, inc_x_i = 1.000000, inc_y_i = 1.000000
En el else......

----------------------------------------
x = 56.000000, y = 222.000000
avance = -337.000000, avanceR = 2.000000, avanceI = 2.000000
inc_x_r = 0.000000, inc_y_r = 1.000000, inc_x_i = 1.000000, inc_y_i = 1.000000
En el else......

----------------------------------------
x = 56.000000, y = 223.000000
avance = -335.000000, avanceR = 2.000000, avanceI = 2.000000
inc_x_r = 0.000000, inc_y_r = 1.000000, inc_x_i = 1.000000, inc_y_i = 1.000000
En el else......

----------------------------------------
x = 56.000000, y = 224.000000
avance = -333.000000, avanceR = 2.000000, avanceI = 2.000000
inc_x_r = 0.000000, inc_y_r = 1.000000, inc_x_i = 1.000000, inc_y_i = 1.000000
En el else......

----------------------------------------
x = 56.000000, y = 225.000000
avance = -331.000000, avanceR = 2.000000, avanceI = 2.000000
inc_x_r = 0.000000, inc_y_r = 1.000000, inc_x_i = 1.000000, inc_y_i = 1.000000
En el else......

----------------------------------------
x = 56.000000, y = 226.000000
avance = -329.000000, avanceR = 2.000000, avanceI = 2.000000
inc_x_r = 0.000000, inc_y_r = 1.000000, inc_x_i = 1.000000, inc_y_i = 1.000000
En el else......

----------------------------------------
x = 56.000000, y = 227.000000
avance = -327.000000, avanceR = 2.000000, avanceI = 2.000000
inc_x_r = 0.000000, inc_y_r = 1.000000, inc_x_i = 1.000000, inc_y_i = 1.000000
En el else......

----------------------------------------
x = 56.000000, y = 228.000000
avance = -325.000000, avanceR = 2.000000, avanceI = 2.000000
inc_x_r = 0.000000, inc_y_r = 1.000000, inc_x_i = 1.000000, inc_y_i = 1.000000
En el else......

----------------------------------------
x = 56.000000, y = 229.000000
avance = -323.000000, avanceR = 2.000000, avanceI = 2.000000
inc_x_r = 0.000000, inc_y_r = 1.000000, inc_x_i = 1.000000, inc_y_i = 1.000000
En el else......

----------------------------------------
x = 56.000000, y = 230.000000
avance = -321.000000, avanceR = 2.000000, avanceI = 2.000000
inc_x_r = 0.000000, inc_y_r = 1.000000, inc_x_i = 1.000000, inc_y_i = 1.000000
En el else......

----------------------------------------
x = 56.000000, y = 231.000000
avance = -319.000000, avanceR = 2.000000, avanceI = 2.000000
inc_x_r = 0.000000, inc_y_r = 1.000000, inc_x_i = 1.000000, inc_y_i = 1.000000
En el else......

----------------------------------------
x = 56.000000, y = 232.000000
avance = -317.000000, avanceR = 2.000000, avanceI = 2.000000
inc_x_r = 0.000000, inc_y_r = 1.000000, inc_x_i = 1.000000, inc_y_i = 1.000000
En el else......

----------------------------------------
x = 56.000000, y = 233.000000
avance = -315.000000, avanceR = 2.000000, avanceI = 2.000000
inc_x_r = 0.000000, inc_y_r = 1.000000, inc_x_i = 1.000000, inc_y_i = 1.000000
En el else......

----------------------------------------
x = 56.000000, y = 234.000000
avance = -313.000000, avanceR = 2.000000, avanceI = 2.000000
inc_x_r = 0.000000, inc_y_r = 1.000000, inc_x_i = 1.000000, inc_y_i = 1.000000
En el else......

----------------------------------------
x = 56.000000, y = 235.000000
avance = -311.000000, avanceR = 2.000000, avanceI = 2.000000
inc_x_r = 0.000000, inc_y_r = 1.000000, inc_x_i = 1.000000, inc_y_i = 1.000000
En el else......

----------------------------------------
x = 56.000000, y = 236.000000
avance = -309.000000, avanceR = 2.000000, avanceI = 2.000000
inc_x_r = 0.000000, inc_y_r = 1.000000, inc_x_i = 1.000000, inc_y_i = 1.000000
En el else......

----------------------------------------
x = 56.000000, y = 237.000000
avance = -307.000000, avanceR = 2.000000, avanceI = 2.000000
inc_x_r = 0.000000, inc_y_r = 1.000000, inc_x_i = 1.000000, inc_y_i = 1.000000
En el else......

----------------------------------------
x = 56.000000, y = 238.000000
avance = -305.000000, avanceR = 2.000000, avanceI = 2.000000
inc_x_r = 0.000000, inc_y_r = 1.000000, inc_x_i = 1.000000, inc_y_i = 1.000000
En el else......

----------------------------------------
x = 56.000000, y = 239.000000
avance = -303.000000, avanceR = 2.000000, avanceI = 2.000000
inc_x_r = 0.000000, inc_y_r = 1.000000, inc_x_i = 1.000000, inc_y_i = 1.000000
En el else......

----------------------------------------
x = 56.000000, y = 240.000000
avance = -301.000000, avanceR = 2.000000, avanceI = 2.000000
inc_x_r = 0.000000, inc_y_r = 1.000000, inc_x_i = 1.000000, inc_y_i = 1.000000
En el else......

----------------------------------------
x = 56.000000, y = 241.000000
avance = -299.000000, avanceR = 2.000000, avanceI = 2.000000
inc_x_r = 0.000000, inc_y_r = 1.000000, inc_x_i = 1.000000, inc_y_i = 1.000000
En el else......

----------------------------------------
x = 56.000000, y = 242.000000
avance = -297.000000, avanceR = 2.000000, avanceI = 2.000000
inc_x_r = 0.000000, inc_y_r = 1.000000, inc_x_i = 1.000000, inc_y_i = 1.000000
En el else......

----------------------------------------
x = 56.000000, y = 243.000000
avance = -295.000000, avanceR = 2.000000, avanceI = 2.000000
inc_x_r = 0.000000, inc_y_r = 1.000000, inc_x_i = 1.000000, inc_y_i = 1.000000
En el else......

----------------------------------------
x = 56.000000, y = 244.000000
avance = -293.000000, avanceR = 2.000000, avanceI = 2.000000
inc_x_r = 0.000000, inc_y_r = 1.000000, inc_x_i = 1.000000, inc_y_i = 1.000000
En el else......

----------------------------------------
x = 56.000000, y = 245.000000
avance = -291.000000, avanceR = 2.000000, avanceI = 2.000000
inc_x_r = 0.000000, inc_y_r = 1.000000, inc_x_i = 1.000000, inc_y_i = 1.000000
En el else......

----------------------------------------
x = 56.000000, y = 246.000000
avance = -289.000000, avanceR = 2.000000, avanceI = 2.000000
inc_x_r = 0.000000, inc_y_r = 1.000000, inc_x_i = 1.000000, inc_y_i = 1.000000
En el else......

----------------------------------------
x = 56.000000, y = 247.000000
avance = -287.000000, avanceR = 2.000000, avanceI = 2.000000
inc_x_r = 0.000000, inc_y_r = 1.000000, inc_x_i = 1.000000, inc_y_i = 1.000000
En el else......

----------------------------------------
x = 56.000000, y = 248.000000
avance = -285.000000, avanceR = 2.000000, avanceI = 2.000000
inc_x_r = 0.000000, inc_y_r = 1.000000, inc_x_i = 1.000000, inc_y_i = 1.000000
En el else......

----------------------------------------
x = 56.000000, y = 249.000000
avance = -283.000000, avanceR = 2.000000, avanceI = 2.000000
inc_x_r = 0.000000, inc_y_r = 1.000000, inc_x_i = 1.000000, inc_y_i = 1.000000
En el else......

----------------------------------------
x = 56.000000, y = 250.000000
avance = -281.000000, avanceR = 2.000000, avanceI = 2.000000
inc_x_r = 0.000000, inc_y_r = 1.000000, inc_x_i = 1.000000, inc_y_i = 1.000000
En el else......

----------------------------------------
x = 56.000000, y = 251.000000
avance = -279.000000, avanceR = 2.000000, avanceI = 2.000000
inc_x_r = 0.000000, inc_y_r = 1.000000, inc_x_i = 1.000000, inc_y_i = 1.000000
En el else......

----------------------------------------
x = 56.000000, y = 252.000000
avance = -277.000000, avanceR = 2.000000, avanceI = 2.000000
inc_x_r = 0.000000, inc_y_r = 1.000000, inc_x_i = 1.000000, inc_y_i = 1.000000
En el else......

----------------------------------------
x = 56.000000, y = 253.000000
avance = -275.000000, avanceR = 2.000000, avanceI = 2.000000
inc_x_r = 0.000000, inc_y_r = 1.000000, inc_x_i = 1.000000, inc_y_i = 1.000000
En el else......

----------------------------------------
x = 56.000000, y = 254.000000
avance = -273.000000, avanceR = 2.000000, avanceI = 2.000000
inc_x_r = 0.000000, inc_y_r = 1.000000, inc_x_i = 1.000000, inc_y_i = 1.000000
En el else......

----------------------------------------
x = 56.000000, y = 255.000000
avance = -271.000000, avanceR = 2.000000, avanceI = 2.000000
inc_x_r = 0.000000, inc_y_r = 1.000000, inc_x_i = 1.000000, inc_y_i = 1.000000
En el else......

----------------------------------------
x = 56.000000, y = 256.000000
avance = -269.000000, avanceR = 2.000000, avanceI = 2.000000
inc_x_r = 0.000000, inc_y_r = 1.000000, inc_x_i = 1.000000, inc_y_i = 1.000000
En el else......

----------------------------------------
x = 56.000000, y = 257.000000
avance = -267.000000, avanceR = 2.000000, avanceI = 2.000000
inc_x_r = 0.000000, inc_y_r = 1.000000, inc_x_i = 1.000000, inc_y_i = 1.000000
En el else......

----------------------------------------
x = 56.000000, y = 258.000000
avance = -265.000000, avanceR = 2.000000, avanceI = 2.000000
inc_x_r = 0.000000, inc_y_r = 1.000000, inc_x_i = 1.000000, inc_y_i = 1.000000
En el else......

----------------------------------------
x = 56.000000, y = 259.000000
avance = -263.000000, avanceR = 2.000000, avanceI = 2.000000
inc_x_r = 0.000000, inc_y_r = 1.000000, inc_x_i = 1.000000, inc_y_i = 1.000000
En el else......

----------------------------------------
x = 56.000000, y = 260.000000
avance = -261.000000, avanceR = 2.000000, avanceI = 2.000000
inc_x_r = 0.000000, inc_y_r = 1.000000, inc_x_i = 1.000000, inc_y_i = 1.000000
En el else......

----------------------------------------
x = 56.000000, y = 261.000000
avance = -259.000000, avanceR = 2.000000, avanceI = 2.000000
inc_x_r = 0.000000, inc_y_r = 1.000000, inc_x_i = 1.000000, inc_y_i = 1.000000
En el else......

----------------------------------------
x = 56.000000, y = 262.000000
avance = -257.000000, avanceR = 2.000000, avanceI = 2.000000
inc_x_r = 0.000000, inc_y_r = 1.000000, inc_x_i = 1.000000, inc_y_i = 1.000000
En el else......

----------------------------------------
x = 56.000000, y = 263.000000
avance = -255.000000, avanceR = 2.000000, avanceI = 2.000000
inc_x_r = 0.000000, inc_y_r = 1.000000, inc_x_i = 1.000000, inc_y_i = 1.000000
En el else......

----------------------------------------
x = 56.000000, y = 264.000000
avance = -253.000000, avanceR = 2.000000, avanceI = 2.000000
inc_x_r = 0.000000, inc_y_r = 1.000000, inc_x_i = 1.000000, inc_y_i = 1.000000
En el else......

----------------------------------------
x = 56.000000, y = 265.000000
avance = -251.000000, avanceR = 2.000000, avanceI = 2.000000
inc_x_r = 0.000000, inc_y_r = 1.000000, inc_x_i = 1.000000, inc_y_i = 1.000000
En el else......

----------------------------------------


ENTRAMOS A BRESENHAMªªªª
x1 = 55.000000 - y1 = 15.000000 || x2 = 56.000000 - y2 = 266.000000
dy = 251.000000, dx = 1.000000
avances inclinados: inc_x_i = 1.000000, inc_y_i = 1.000000
updated: dy = 251.000000, dx = 1.000000
avances rectos: inc_x_r = 0.000000, inc_y_r 1.000000
reupdated: dy = 1.000000, dx = 251.000000
avanceR = 2.000000, avance -249.000000, avanceI 2.000000
----------------------------------------
x = 55.000000, y = 15.000000
avance = -249.000000, avanceR = 2.000000, avanceI = 2.000000
inc_x_r = 0.000000, inc_y_r = 1.000000, inc_x_i = 1.000000, inc_y_i = 1.000000
En el else......

----------------------------------------
x = 55.000000, y = 16.000000
avance = -247.000000, avanceR = 2.000000, avanceI = 2.000000
inc_x_r = 0.000000, inc_y_r = 1.000000, inc_x_i = 1.000000, inc_y_i = 1.000000
En el else......

----------------------------------------
x = 55.000000, y = 17.000000
avance = -245.000000, avanceR = 2.000000, avanceI = 2.000000
inc_x_r = 0.000000, inc_y_r = 1.000000, inc_x_i = 1.000000, inc_y_i = 1.000000
En el else......

----------------------------------------
x = 55.000000, y = 18.000000
avance = -243.000000, avanceR = 2.000000, avanceI = 2.000000
inc_x_r = 0.000000, inc_y_r = 1.000000, inc_x_i = 1.000000, inc_y_i = 1.000000
En el else......

----------------------------------------
x = 55.000000, y = 19.000000
avance = -241.000000, avanceR = 2.000000, avanceI = 2.000000
inc_x_r = 0.000000, inc_y_r = 1.000000, inc_x_i = 1.000000, inc_y_i = 1.000000
En el else......

----------------------------------------
x = 55.000000, y = 20.000000
avance = -239.000000, avanceR = 2.000000, avanceI = 2.000000
inc_x_r = 0.000000, inc_y_r = 1.000000, inc_x_i = 1.000000, inc_y_i = 1.000000
En el else......

----------------------------------------
x = 55.000000, y = 21.000000
avance = -237.000000, avanceR = 2.000000, avanceI = 2.000000
inc_x_r = 0.000000, inc_y_r = 1.000000, inc_x_i = 1.000000, inc_y_i = 1.000000
En el else......

----------------------------------------
x = 55.000000, y = 22.000000
avance = -235.000000, avanceR = 2.000000, avanceI = 2.000000
inc_x_r = 0.000000, inc_y_r = 1.000000, inc_x_i = 1.000000, inc_y_i = 1.000000
En el else......

----------------------------------------
x = 55.000000, y = 23.000000
avance = -233.000000, avanceR = 2.000000, avanceI = 2.000000
inc_x_r = 0.000000, inc_y_r = 1.000000, inc_x_i = 1.000000, inc_y_i = 1.000000
En el else......

----------------------------------------
x = 55.000000, y = 24.000000
avance = -231.000000, avanceR = 2.000000, avanceI = 2.000000
inc_x_r = 0.000000, inc_y_r = 1.000000, inc_x_i = 1.000000, inc_y_i = 1.000000
En el else......

----------------------------------------
x = 55.000000, y = 25.000000
avance = -229.000000, avanceR = 2.000000, avanceI = 2.000000
inc_x_r = 0.000000, inc_y_r = 1.000000, inc_x_i = 1.000000, inc_y_i = 1.000000
En el else......

----------------------------------------
x = 55.000000, y = 26.000000
avance = -227.000000, avanceR = 2.000000, avanceI = 2.000000
inc_x_r = 0.000000, inc_y_r = 1.000000, inc_x_i = 1.000000, inc_y_i = 1.000000
En el else......

----------------------------------------
x = 55.000000, y = 27.000000
avance = -225.000000, avanceR = 2.000000, avanceI = 2.000000
inc_x_r = 0.000000, inc_y_r = 1.000000, inc_x_i = 1.000000, inc_y_i = 1.000000
En el else......

----------------------------------------
x = 55.000000, y = 28.000000
avance = -223.000000, avanceR = 2.000000, avanceI = 2.000000
inc_x_r = 0.000000, inc_y_r = 1.000000, inc_x_i = 1.000000, inc_y_i = 1.000000
En el else......

----------------------------------------
x = 55.000000, y = 29.000000
avance = -221.000000, avanceR = 2.000000, avanceI = 2.000000
inc_x_r = 0.000000, inc_y_r = 1.000000, inc_x_i = 1.000000, inc_y_i = 1.000000
En el else......

----------------------------------------
x = 55.000000, y = 30.000000
avance = -219.000000, avanceR = 2.000000, avanceI = 2.000000
inc_x_r = 0.000000, inc_y_r = 1.000000, inc_x_i = 1.000000, inc_y_i = 1.000000
En el else......

----------------------------------------
x = 55.000000, y = 31.000000
avance = -217.000000, avanceR = 2.000000, avanceI = 2.000000
inc_x_r = 0.000000, inc_y_r = 1.000000, inc_x_i = 1.000000, inc_y_i = 1.000000
En el else......

----------------------------------------
x = 55.000000, y = 32.000000
avance = -215.000000, avanceR = 2.000000, avanceI = 2.000000
inc_x_r = 0.000000, inc_y_r = 1.000000, inc_x_i = 1.000000, inc_y_i = 1.000000
En el else......

----------------------------------------
x = 55.000000, y = 33.000000
avance = -213.000000, avanceR = 2.000000, avanceI = 2.000000
inc_x_r = 0.000000, inc_y_r = 1.000000, inc_x_i = 1.000000, inc_y_i = 1.000000
En el else......

----------------------------------------
x = 55.000000, y = 34.000000
avance = -211.000000, avanceR = 2.000000, avanceI = 2.000000
inc_x_r = 0.000000, inc_y_r = 1.000000, inc_x_i = 1.000000, inc_y_i = 1.000000
En el else......

----------------------------------------
x = 55.000000, y = 35.000000
avance = -209.000000, avanceR = 2.000000, avanceI = 2.000000
inc_x_r = 0.000000, inc_y_r = 1.000000, inc_x_i = 1.000000, inc_y_i = 1.000000
En el else......

----------------------------------------
x = 55.000000, y = 36.000000
avance = -207.000000, avanceR = 2.000000, avanceI = 2.000000
inc_x_r = 0.000000, inc_y_r = 1.000000, inc_x_i = 1.000000, inc_y_i = 1.000000
En el else......

----------------------------------------
x = 55.000000, y = 37.000000
avance = -205.000000, avanceR = 2.000000, avanceI = 2.000000
inc_x_r = 0.000000, inc_y_r = 1.000000, inc_x_i = 1.000000, inc_y_i = 1.000000
En el else......

----------------------------------------
x = 55.000000, y = 38.000000
avance = -203.000000, avanceR = 2.000000, avanceI = 2.000000
inc_x_r = 0.000000, inc_y_r = 1.000000, inc_x_i = 1.000000, inc_y_i = 1.000000
En el else......

----------------------------------------
x = 55.000000, y = 39.000000
avance = -201.000000, avanceR = 2.000000, avanceI = 2.000000
inc_x_r = 0.000000, inc_y_r = 1.000000, inc_x_i = 1.000000, inc_y_i = 1.000000
En el else......

----------------------------------------
x = 55.000000, y = 40.000000
avance = -199.000000, avanceR = 2.000000, avanceI = 2.000000
inc_x_r = 0.000000, inc_y_r = 1.000000, inc_x_i = 1.000000, inc_y_i = 1.000000
En el else......

----------------------------------------
x = 55.000000, y = 41.000000
avance = -197.000000, avanceR = 2.000000, avanceI = 2.000000
inc_x_r = 0.000000, inc_y_r = 1.000000, inc_x_i = 1.000000, inc_y_i = 1.000000
En el else......

----------------------------------------
x = 55.000000, y = 42.000000
avance = -195.000000, avanceR = 2.000000, avanceI = 2.000000
inc_x_r = 0.000000, inc_y_r = 1.000000, inc_x_i = 1.000000, inc_y_i = 1.000000
En el else......

----------------------------------------
x = 55.000000, y = 43.000000
avance = -193.000000, avanceR = 2.000000, avanceI = 2.000000
inc_x_r = 0.000000, inc_y_r = 1.000000, inc_x_i = 1.000000, inc_y_i = 1.000000
En el else......

----------------------------------------
x = 55.000000, y = 44.000000
avance = -191.000000, avanceR = 2.000000, avanceI = 2.000000
inc_x_r = 0.000000, inc_y_r = 1.000000, inc_x_i = 1.000000, inc_y_i = 1.000000
En el else......

----------------------------------------
x = 55.000000, y = 45.000000
avance = -189.000000, avanceR = 2.000000, avanceI = 2.000000
inc_x_r = 0.000000, inc_y_r = 1.000000, inc_x_i = 1.000000, inc_y_i = 1.000000
En el else......

----------------------------------------
x = 55.000000, y = 46.000000
avance = -187.000000, avanceR = 2.000000, avanceI = 2.000000
inc_x_r = 0.000000, inc_y_r = 1.000000, inc_x_i = 1.000000, inc_y_i = 1.000000
En el else......

----------------------------------------
x = 55.000000, y = 47.000000
avance = -185.000000, avanceR = 2.000000, avanceI = 2.000000
inc_x_r = 0.000000, inc_y_r = 1.000000, inc_x_i = 1.000000, inc_y_i = 1.000000
En el else......

----------------------------------------
x = 55.000000, y = 48.000000
avance = -183.000000, avanceR = 2.000000, avanceI = 2.000000
inc_x_r = 0.000000, inc_y_r = 1.000000, inc_x_i = 1.000000, inc_y_i = 1.000000
En el else......

----------------------------------------
x = 55.000000, y = 49.000000
avance = -181.000000, avanceR = 2.000000, avanceI = 2.000000
inc_x_r = 0.000000, inc_y_r = 1.000000, inc_x_i = 1.000000, inc_y_i = 1.000000
En el else......

----------------------------------------
x = 55.000000, y = 50.000000
avance = -179.000000, avanceR = 2.000000, avanceI = 2.000000
inc_x_r = 0.000000, inc_y_r = 1.000000, inc_x_i = 1.000000, inc_y_i = 1.000000
En el else......

----------------------------------------
x = 55.000000, y = 51.000000
avance = -177.000000, avanceR = 2.000000, avanceI = 2.000000
inc_x_r = 0.000000, inc_y_r = 1.000000, inc_x_i = 1.000000, inc_y_i = 1.000000
En el else......

----------------------------------------
x = 55.000000, y = 52.000000
avance = -175.000000, avanceR = 2.000000, avanceI = 2.000000
inc_x_r = 0.000000, inc_y_r = 1.000000, inc_x_i = 1.000000, inc_y_i = 1.000000
En el else......

----------------------------------------
x = 55.000000, y = 53.000000
avance = -173.000000, avanceR = 2.000000, avanceI = 2.000000
inc_x_r = 0.000000, inc_y_r = 1.000000, inc_x_i = 1.000000, inc_y_i = 1.000000
En el else......

----------------------------------------
x = 55.000000, y = 54.000000
avance = -171.000000, avanceR = 2.000000, avanceI = 2.000000
inc_x_r = 0.000000, inc_y_r = 1.000000, inc_x_i = 1.000000, inc_y_i = 1.000000
En el else......

----------------------------------------
x = 55.000000, y = 55.000000
avance = -169.000000, avanceR = 2.000000, avanceI = 2.000000
inc_x_r = 0.000000, inc_y_r = 1.000000, inc_x_i = 1.000000, inc_y_i = 1.000000
En el else......

----------------------------------------
x = 55.000000, y = 56.000000
avance = -167.000000, avanceR = 2.000000, avanceI = 2.000000
inc_x_r = 0.000000, inc_y_r = 1.000000, inc_x_i = 1.000000, inc_y_i = 1.000000
En el else......

----------------------------------------
x = 55.000000, y = 57.000000
avance = -165.000000, avanceR = 2.000000, avanceI = 2.000000
inc_x_r = 0.000000, inc_y_r = 1.000000, inc_x_i = 1.000000, inc_y_i = 1.000000
En el else......

----------------------------------------
x = 55.000000, y = 58.000000
avance = -163.000000, avanceR = 2.000000, avanceI = 2.000000
inc_x_r = 0.000000, inc_y_r = 1.000000, inc_x_i = 1.000000, inc_y_i = 1.000000
En el else......

----------------------------------------
x = 55.000000, y = 59.000000
avance = -161.000000, avanceR = 2.000000, avanceI = 2.000000
inc_x_r = 0.000000, inc_y_r = 1.000000, inc_x_i = 1.000000, inc_y_i = 1.000000
En el else......

----------------------------------------
x = 55.000000, y = 60.000000
avance = -159.000000, avanceR = 2.000000, avanceI = 2.000000
inc_x_r = 0.000000, inc_y_r = 1.000000, inc_x_i = 1.000000, inc_y_i = 1.000000
En el else......

----------------------------------------
x = 55.000000, y = 61.000000
avance = -157.000000, avanceR = 2.000000, avanceI = 2.000000
inc_x_r = 0.000000, inc_y_r = 1.000000, inc_x_i = 1.000000, inc_y_i = 1.000000
En el else......

----------------------------------------
x = 55.000000, y = 62.000000
avance = -155.000000, avanceR = 2.000000, avanceI = 2.000000
inc_x_r = 0.000000, inc_y_r = 1.000000, inc_x_i = 1.000000, inc_y_i = 1.000000
En el else......

----------------------------------------
x = 55.000000, y = 63.000000
avance = -153.000000, avanceR = 2.000000, avanceI = 2.000000
inc_x_r = 0.000000, inc_y_r = 1.000000, inc_x_i = 1.000000, inc_y_i = 1.000000
En el else......

----------------------------------------
x = 55.000000, y = 64.000000
avance = -151.000000, avanceR = 2.000000, avanceI = 2.000000
inc_x_r = 0.000000, inc_y_r = 1.000000, inc_x_i = 1.000000, inc_y_i = 1.000000
En el else......

----------------------------------------
x = 55.000000, y = 65.000000
avance = -149.000000, avanceR = 2.000000, avanceI = 2.000000
inc_x_r = 0.000000, inc_y_r = 1.000000, inc_x_i = 1.000000, inc_y_i = 1.000000
En el else......

----------------------------------------
x = 55.000000, y = 66.000000
avance = -147.000000, avanceR = 2.000000, avanceI = 2.000000
inc_x_r = 0.000000, inc_y_r = 1.000000, inc_x_i = 1.000000, inc_y_i = 1.000000
En el else......

----------------------------------------
x = 55.000000, y = 67.000000
avance = -145.000000, avanceR = 2.000000, avanceI = 2.000000
inc_x_r = 0.000000, inc_y_r = 1.000000, inc_x_i = 1.000000, inc_y_i = 1.000000
En el else......

----------------------------------------
x = 55.000000, y = 68.000000
avance = -143.000000, avanceR = 2.000000, avanceI = 2.000000
inc_x_r = 0.000000, inc_y_r = 1.000000, inc_x_i = 1.000000, inc_y_i = 1.000000
En el else......

----------------------------------------
x = 55.000000, y = 69.000000
avance = -141.000000, avanceR = 2.000000, avanceI = 2.000000
inc_x_r = 0.000000, inc_y_r = 1.000000, inc_x_i = 1.000000, inc_y_i = 1.000000
En el else......

----------------------------------------
x = 55.000000, y = 70.000000
avance = -139.000000, avanceR = 2.000000, avanceI = 2.000000
inc_x_r = 0.000000, inc_y_r = 1.000000, inc_x_i = 1.000000, inc_y_i = 1.000000
En el else......

----------------------------------------
x = 55.000000, y = 71.000000
avance = -137.000000, avanceR = 2.000000, avanceI = 2.000000
inc_x_r = 0.000000, inc_y_r = 1.000000, inc_x_i = 1.000000, inc_y_i = 1.000000
En el else......

----------------------------------------
x = 55.000000, y = 72.000000
avance = -135.000000, avanceR = 2.000000, avanceI = 2.000000
inc_x_r = 0.000000, inc_y_r = 1.000000, inc_x_i = 1.000000, inc_y_i = 1.000000
En el else......

----------------------------------------
x = 55.000000, y = 73.000000
avance = -133.000000, avanceR = 2.000000, avanceI = 2.000000
inc_x_r = 0.000000, inc_y_r = 1.000000, inc_x_i = 1.000000, inc_y_i = 1.000000
En el else......

----------------------------------------
x = 55.000000, y = 74.000000
avance = -131.000000, avanceR = 2.000000, avanceI = 2.000000
inc_x_r = 0.000000, inc_y_r = 1.000000, inc_x_i = 1.000000, inc_y_i = 1.000000
En el else......

----------------------------------------
x = 55.000000, y = 75.000000
avance = -129.000000, avanceR = 2.000000, avanceI = 2.000000
inc_x_r = 0.000000, inc_y_r = 1.000000, inc_x_i = 1.000000, inc_y_i = 1.000000
En el else......

----------------------------------------
x = 55.000000, y = 76.000000
avance = -127.000000, avanceR = 2.000000, avanceI = 2.000000
inc_x_r = 0.000000, inc_y_r = 1.000000, inc_x_i = 1.000000, inc_y_i = 1.000000
En el else......

----------------------------------------
x = 55.000000, y = 77.000000
avance = -125.000000, avanceR = 2.000000, avanceI = 2.000000
inc_x_r = 0.000000, inc_y_r = 1.000000, inc_x_i = 1.000000, inc_y_i = 1.000000
En el else......

----------------------------------------
x = 55.000000, y = 78.000000
avance = -123.000000, avanceR = 2.000000, avanceI = 2.000000
inc_x_r = 0.000000, inc_y_r = 1.000000, inc_x_i = 1.000000, inc_y_i = 1.000000
En el else......

----------------------------------------
x = 55.000000, y = 79.000000
avance = -121.000000, avanceR = 2.000000, avanceI = 2.000000
inc_x_r = 0.000000, inc_y_r = 1.000000, inc_x_i = 1.000000, inc_y_i = 1.000000
En el else......

----------------------------------------
x = 55.000000, y = 80.000000
avance = -119.000000, avanceR = 2.000000, avanceI = 2.000000
inc_x_r = 0.000000, inc_y_r = 1.000000, inc_x_i = 1.000000, inc_y_i = 1.000000
En el else......

----------------------------------------
x = 55.000000, y = 81.000000
avance = -117.000000, avanceR = 2.000000, avanceI = 2.000000
inc_x_r = 0.000000, inc_y_r = 1.000000, inc_x_i = 1.000000, inc_y_i = 1.000000
En el else......

----------------------------------------
x = 55.000000, y = 82.000000
avance = -115.000000, avanceR = 2.000000, avanceI = 2.000000
inc_x_r = 0.000000, inc_y_r = 1.000000, inc_x_i = 1.000000, inc_y_i = 1.000000
En el else......

----------------------------------------
x = 55.000000, y = 83.000000
avance = -113.000000, avanceR = 2.000000, avanceI = 2.000000
inc_x_r = 0.000000, inc_y_r = 1.000000, inc_x_i = 1.000000, inc_y_i = 1.000000
En el else......

----------------------------------------
x = 55.000000, y = 84.000000
avance = -111.000000, avanceR = 2.000000, avanceI = 2.000000
inc_x_r = 0.000000, inc_y_r = 1.000000, inc_x_i = 1.000000, inc_y_i = 1.000000
En el else......

----------------------------------------
x = 55.000000, y = 85.000000
avance = -109.000000, avanceR = 2.000000, avanceI = 2.000000
inc_x_r = 0.000000, inc_y_r = 1.000000, inc_x_i = 1.000000, inc_y_i = 1.000000
En el else......

----------------------------------------
x = 55.000000, y = 86.000000
avance = -107.000000, avanceR = 2.000000, avanceI = 2.000000
inc_x_r = 0.000000, inc_y_r = 1.000000, inc_x_i = 1.000000, inc_y_i = 1.000000
En el else......

----------------------------------------
x = 55.000000, y = 87.000000
avance = -105.000000, avanceR = 2.000000, avanceI = 2.000000
inc_x_r = 0.000000, inc_y_r = 1.000000, inc_x_i = 1.000000, inc_y_i = 1.000000
En el else......

----------------------------------------
x = 55.000000, y = 88.000000
avance = -103.000000, avanceR = 2.000000, avanceI = 2.000000
inc_x_r = 0.000000, inc_y_r = 1.000000, inc_x_i = 1.000000, inc_y_i = 1.000000
En el else......

----------------------------------------
x = 55.000000, y = 89.000000
avance = -101.000000, avanceR = 2.000000, avanceI = 2.000000
inc_x_r = 0.000000, inc_y_r = 1.000000, inc_x_i = 1.000000, inc_y_i = 1.000000
En el else......

----------------------------------------
x = 55.000000, y = 90.000000
avance = -99.000000, avanceR = 2.000000, avanceI = 2.000000
inc_x_r = 0.000000, inc_y_r = 1.000000, inc_x_i = 1.000000, inc_y_i = 1.000000
En el else......

----------------------------------------
x = 55.000000, y = 91.000000
avance = -97.000000, avanceR = 2.000000, avanceI = 2.000000
inc_x_r = 0.000000, inc_y_r = 1.000000, inc_x_i = 1.000000, inc_y_i = 1.000000
En el else......

----------------------------------------
x = 55.000000, y = 92.000000
avance = -95.000000, avanceR = 2.000000, avanceI = 2.000000
inc_x_r = 0.000000, inc_y_r = 1.000000, inc_x_i = 1.000000, inc_y_i = 1.000000
En el else......

----------------------------------------
x = 55.000000, y = 93.000000
avance = -93.000000, avanceR = 2.000000, avanceI = 2.000000
inc_x_r = 0.000000, inc_y_r = 1.000000, inc_x_i = 1.000000, inc_y_i = 1.000000
En el else......

----------------------------------------
x = 55.000000, y = 94.000000
avance = -91.000000, avanceR = 2.000000, avanceI = 2.000000
inc_x_r = 0.000000, inc_y_r = 1.000000, inc_x_i = 1.000000, inc_y_i = 1.000000
En el else......

----------------------------------------
x = 55.000000, y = 95.000000
avance = -89.000000, avanceR = 2.000000, avanceI = 2.000000
inc_x_r = 0.000000, inc_y_r = 1.000000, inc_x_i = 1.000000, inc_y_i = 1.000000
En el else......

----------------------------------------
x = 55.000000, y = 96.000000
avance = -87.000000, avanceR = 2.000000, avanceI = 2.000000
inc_x_r = 0.000000, inc_y_r = 1.000000, inc_x_i = 1.000000, inc_y_i = 1.000000
En el else......

----------------------------------------
x = 55.000000, y = 97.000000
avance = -85.000000, avanceR = 2.000000, avanceI = 2.000000
inc_x_r = 0.000000, inc_y_r = 1.000000, inc_x_i = 1.000000, inc_y_i = 1.000000
En el else......

----------------------------------------
x = 55.000000, y = 98.000000
avance = -83.000000, avanceR = 2.000000, avanceI = 2.000000
inc_x_r = 0.000000, inc_y_r = 1.000000, inc_x_i = 1.000000, inc_y_i = 1.000000
En el else......

----------------------------------------
x = 55.000000, y = 99.000000
avance = -81.000000, avanceR = 2.000000, avanceI = 2.000000
inc_x_r = 0.000000, inc_y_r = 1.000000, inc_x_i = 1.000000, inc_y_i = 1.000000
En el else......

----------------------------------------
x = 55.000000, y = 100.000000
avance = -79.000000, avanceR = 2.000000, avanceI = 2.000000
inc_x_r = 0.000000, inc_y_r = 1.000000, inc_x_i = 1.000000, inc_y_i = 1.000000
En el else......

----------------------------------------
x = 55.000000, y = 101.000000
avance = -77.000000, avanceR = 2.000000, avanceI = 2.000000
inc_x_r = 0.000000, inc_y_r = 1.000000, inc_x_i = 1.000000, inc_y_i = 1.000000
En el else......

----------------------------------------
x = 55.000000, y = 102.000000
avance = -75.000000, avanceR = 2.000000, avanceI = 2.000000
inc_x_r = 0.000000, inc_y_r = 1.000000, inc_x_i = 1.000000, inc_y_i = 1.000000
En el else......

----------------------------------------
x = 55.000000, y = 103.000000
avance = -73.000000, avanceR = 2.000000, avanceI = 2.000000
inc_x_r = 0.000000, inc_y_r = 1.000000, inc_x_i = 1.000000, inc_y_i = 1.000000
En el else......

----------------------------------------
x = 55.000000, y = 104.000000
avance = -71.000000, avanceR = 2.000000, avanceI = 2.000000
inc_x_r = 0.000000, inc_y_r = 1.000000, inc_x_i = 1.000000, inc_y_i = 1.000000
En el else......

----------------------------------------
x = 55.000000, y = 105.000000
avance = -69.000000, avanceR = 2.000000, avanceI = 2.000000
inc_x_r = 0.000000, inc_y_r = 1.000000, inc_x_i = 1.000000, inc_y_i = 1.000000
En el else......

----------------------------------------
x = 55.000000, y = 106.000000
avance = -67.000000, avanceR = 2.000000, avanceI = 2.000000
inc_x_r = 0.000000, inc_y_r = 1.000000, inc_x_i = 1.000000, inc_y_i = 1.000000
En el else......

----------------------------------------
x = 55.000000, y = 107.000000
avance = -65.000000, avanceR = 2.000000, avanceI = 2.000000
inc_x_r = 0.000000, inc_y_r = 1.000000, inc_x_i = 1.000000, inc_y_i = 1.000000
En el else......

----------------------------------------
x = 55.000000, y = 108.000000
avance = -63.000000, avanceR = 2.000000, avanceI = 2.000000
inc_x_r = 0.000000, inc_y_r = 1.000000, inc_x_i = 1.000000, inc_y_i = 1.000000
En el else......

----------------------------------------
x = 55.000000, y = 109.000000
avance = -61.000000, avanceR = 2.000000, avanceI = 2.000000
inc_x_r = 0.000000, inc_y_r = 1.000000, inc_x_i = 1.000000, inc_y_i = 1.000000
En el else......

----------------------------------------
x = 55.000000, y = 110.000000
avance = -59.000000, avanceR = 2.000000, avanceI = 2.000000
inc_x_r = 0.000000, inc_y_r = 1.000000, inc_x_i = 1.000000, inc_y_i = 1.000000
En el else......

----------------------------------------
x = 55.000000, y = 111.000000
avance = -57.000000, avanceR = 2.000000, avanceI = 2.000000
inc_x_r = 0.000000, inc_y_r = 1.000000, inc_x_i = 1.000000, inc_y_i = 1.000000
En el else......

----------------------------------------
x = 55.000000, y = 112.000000
avance = -55.000000, avanceR = 2.000000, avanceI = 2.000000
inc_x_r = 0.000000, inc_y_r = 1.000000, inc_x_i = 1.000000, inc_y_i = 1.000000
En el else......

----------------------------------------
x = 55.000000, y = 113.000000
avance = -53.000000, avanceR = 2.000000, avanceI = 2.000000
inc_x_r = 0.000000, inc_y_r = 1.000000, inc_x_i = 1.000000, inc_y_i = 1.000000
En el else......

----------------------------------------
x = 55.000000, y = 114.000000
avance = -51.000000, avanceR = 2.000000, avanceI = 2.000000
inc_x_r = 0.000000, inc_y_r = 1.000000, inc_x_i = 1.000000, inc_y_i = 1.000000
En el else......

----------------------------------------
x = 55.000000, y = 115.000000
avance = -49.000000, avanceR = 2.000000, avanceI = 2.000000
inc_x_r = 0.000000, inc_y_r = 1.000000, inc_x_i = 1.000000, inc_y_i = 1.000000
En el else......

----------------------------------------
x = 55.000000, y = 116.000000
avance = -47.000000, avanceR = 2.000000, avanceI = 2.000000
inc_x_r = 0.000000, inc_y_r = 1.000000, inc_x_i = 1.000000, inc_y_i = 1.000000
En el else......

----------------------------------------
x = 55.000000, y = 117.000000
avance = -45.000000, avanceR = 2.000000, avanceI = 2.000000
inc_x_r = 0.000000, inc_y_r = 1.000000, inc_x_i = 1.000000, inc_y_i = 1.000000
En el else......

----------------------------------------
x = 55.000000, y = 118.000000
avance = -43.000000, avanceR = 2.000000, avanceI = 2.000000
inc_x_r = 0.000000, inc_y_r = 1.000000, inc_x_i = 1.000000, inc_y_i = 1.000000
En el else......

----------------------------------------
x = 55.000000, y = 119.000000
avance = -41.000000, avanceR = 2.000000, avanceI = 2.000000
inc_x_r = 0.000000, inc_y_r = 1.000000, inc_x_i = 1.000000, inc_y_i = 1.000000
En el else......

----------------------------------------
x = 55.000000, y = 120.000000
avance = -39.000000, avanceR = 2.000000, avanceI = 2.000000
inc_x_r = 0.000000, inc_y_r = 1.000000, inc_x_i = 1.000000, inc_y_i = 1.000000
En el else......

----------------------------------------
x = 55.000000, y = 121.000000
avance = -37.000000, avanceR = 2.000000, avanceI = 2.000000
inc_x_r = 0.000000, inc_y_r = 1.000000, inc_x_i = 1.000000, inc_y_i = 1.000000
En el else......

----------------------------------------
x = 55.000000, y = 122.000000
avance = -35.000000, avanceR = 2.000000, avanceI = 2.000000
inc_x_r = 0.000000, inc_y_r = 1.000000, inc_x_i = 1.000000, inc_y_i = 1.000000
En el else......

----------------------------------------
x = 55.000000, y = 123.000000
avance = -33.000000, avanceR = 2.000000, avanceI = 2.000000
inc_x_r = 0.000000, inc_y_r = 1.000000, inc_x_i = 1.000000, inc_y_i = 1.000000
En el else......

----------------------------------------
x = 55.000000, y = 124.000000
avance = -31.000000, avanceR = 2.000000, avanceI = 2.000000
inc_x_r = 0.000000, inc_y_r = 1.000000, inc_x_i = 1.000000, inc_y_i = 1.000000
En el else......

----------------------------------------
x = 55.000000, y = 125.000000
avance = -29.000000, avanceR = 2.000000, avanceI = 2.000000
inc_x_r = 0.000000, inc_y_r = 1.000000, inc_x_i = 1.000000, inc_y_i = 1.000000
En el else......

----------------------------------------
x = 55.000000, y = 126.000000
avance = -27.000000, avanceR = 2.000000, avanceI = 2.000000
inc_x_r = 0.000000, inc_y_r = 1.000000, inc_x_i = 1.000000, inc_y_i = 1.000000
En el else......

----------------------------------------
x = 55.000000, y = 127.000000
avance = -25.000000, avanceR = 2.000000, avanceI = 2.000000
inc_x_r = 0.000000, inc_y_r = 1.000000, inc_x_i = 1.000000, inc_y_i = 1.000000
En el else......

----------------------------------------
x = 55.000000, y = 128.000000
avance = -23.000000, avanceR = 2.000000, avanceI = 2.000000
inc_x_r = 0.000000, inc_y_r = 1.000000, inc_x_i = 1.000000, inc_y_i = 1.000000
En el else......

----------------------------------------
x = 55.000000, y = 129.000000
avance = -21.000000, avanceR = 2.000000, avanceI = 2.000000
inc_x_r = 0.000000, inc_y_r = 1.000000, inc_x_i = 1.000000, inc_y_i = 1.000000
En el else......

----------------------------------------
x = 55.000000, y = 130.000000
avance = -19.000000, avanceR = 2.000000, avanceI = 2.000000
inc_x_r = 0.000000, inc_y_r = 1.000000, inc_x_i = 1.000000, inc_y_i = 1.000000
En el else......

----------------------------------------
x = 55.000000, y = 131.000000
avance = -17.000000, avanceR = 2.000000, avanceI = 2.000000
inc_x_r = 0.000000, inc_y_r = 1.000000, inc_x_i = 1.000000, inc_y_i = 1.000000
En el else......

----------------------------------------
x = 55.000000, y = 132.000000
avance = -15.000000, avanceR = 2.000000, avanceI = 2.000000
inc_x_r = 0.000000, inc_y_r = 1.000000, inc_x_i = 1.000000, inc_y_i = 1.000000
En el else......

----------------------------------------
x = 55.000000, y = 133.000000
avance = -13.000000, avanceR = 2.000000, avanceI = 2.000000
inc_x_r = 0.000000, inc_y_r = 1.000000, inc_x_i = 1.000000, inc_y_i = 1.000000
En el else......

----------------------------------------
x = 55.000000, y = 134.000000
avance = -11.000000, avanceR = 2.000000, avanceI = 2.000000
inc_x_r = 0.000000, inc_y_r = 1.000000, inc_x_i = 1.000000, inc_y_i = 1.000000
En el else......

----------------------------------------
x = 55.000000, y = 135.000000
avance = -9.000000, avanceR = 2.000000, avanceI = 2.000000
inc_x_r = 0.000000, inc_y_r = 1.000000, inc_x_i = 1.000000, inc_y_i = 1.000000
En el else......

----------------------------------------
x = 55.000000, y = 136.000000
avance = -7.000000, avanceR = 2.000000, avanceI = 2.000000
inc_x_r = 0.000000, inc_y_r = 1.000000, inc_x_i = 1.000000, inc_y_i = 1.000000
En el else......

----------------------------------------
x = 55.000000, y = 137.000000
avance = -5.000000, avanceR = 2.000000, avanceI = 2.000000
inc_x_r = 0.000000, inc_y_r = 1.000000, inc_x_i = 1.000000, inc_y_i = 1.000000
En el else......

----------------------------------------
x = 55.000000, y = 138.000000
avance = -3.000000, avanceR = 2.000000, avanceI = 2.000000
inc_x_r = 0.000000, inc_y_r = 1.000000, inc_x_i = 1.000000, inc_y_i = 1.000000
En el else......

----------------------------------------
x = 55.000000, y = 139.000000
avance = -1.000000, avanceR = 2.000000, avanceI = 2.000000
inc_x_r = 0.000000, inc_y_r = 1.000000, inc_x_i = 1.000000, inc_y_i = 1.000000
En el else......

----------------------------------------
x = 55.000000, y = 140.000000
avance = 1.000000, avanceR = 2.000000, avanceI = 2.000000
inc_x_r = 0.000000, inc_y_r = 1.000000, inc_x_i = 1.000000, inc_y_i = 1.000000
avance >= 0

----------------------------------------
x = 56.000000, y = 141.000000
avance = -499.000000, avanceR = 2.000000, avanceI = 2.000000
inc_x_r = 0.000000, inc_y_r = 1.000000, inc_x_i = 1.000000, inc_y_i = 1.000000
En el else......

----------------------------------------
x = 56.000000, y = 142.000000
avance = -497.000000, avanceR = 2.000000, avanceI = 2.000000
inc_x_r = 0.000000, inc_y_r = 1.000000, inc_x_i = 1.000000, inc_y_i = 1.000000
En el else......

----------------------------------------
x = 56.000000, y = 143.000000
avance = -495.000000, avanceR = 2.000000, avanceI = 2.000000
inc_x_r = 0.000000, inc_y_r = 1.000000, inc_x_i = 1.000000, inc_y_i = 1.000000
En el else......

----------------------------------------
x = 56.000000, y = 144.000000
avance = -493.000000, avanceR = 2.000000, avanceI = 2.000000
inc_x_r = 0.000000, inc_y_r = 1.000000, inc_x_i = 1.000000, inc_y_i = 1.000000
En el else......

----------------------------------------
x = 56.000000, y = 145.000000
avance = -491.000000, avanceR = 2.000000, avanceI = 2.000000
inc_x_r = 0.000000, inc_y_r = 1.000000, inc_x_i = 1.000000, inc_y_i = 1.000000
En el else......

----------------------------------------
x = 56.000000, y = 146.000000
avance = -489.000000, avanceR = 2.000000, avanceI = 2.000000
inc_x_r = 0.000000, inc_y_r = 1.000000, inc_x_i = 1.000000, inc_y_i = 1.000000
En el else......

----------------------------------------
x = 56.000000, y = 147.000000
avance = -487.000000, avanceR = 2.000000, avanceI = 2.000000
inc_x_r = 0.000000, inc_y_r = 1.000000, inc_x_i = 1.000000, inc_y_i = 1.000000
En el else......

----------------------------------------
x = 56.000000, y = 148.000000
avance = -485.000000, avanceR = 2.000000, avanceI = 2.000000
inc_x_r = 0.000000, inc_y_r = 1.000000, inc_x_i = 1.000000, inc_y_i = 1.000000
En el else......

----------------------------------------
x = 56.000000, y = 149.000000
avance = -483.000000, avanceR = 2.000000, avanceI = 2.000000
inc_x_r = 0.000000, inc_y_r = 1.000000, inc_x_i = 1.000000, inc_y_i = 1.000000
En el else......

----------------------------------------
x = 56.000000, y = 150.000000
avance = -481.000000, avanceR = 2.000000, avanceI = 2.000000
inc_x_r = 0.000000, inc_y_r = 1.000000, inc_x_i = 1.000000, inc_y_i = 1.000000
En el else......

----------------------------------------
x = 56.000000, y = 151.000000
avance = -479.000000, avanceR = 2.000000, avanceI = 2.000000
inc_x_r = 0.000000, inc_y_r = 1.000000, inc_x_i = 1.000000, inc_y_i = 1.000000
En el else......

----------------------------------------
x = 56.000000, y = 152.000000
avance = -477.000000, avanceR = 2.000000, avanceI = 2.000000
inc_x_r = 0.000000, inc_y_r = 1.000000, inc_x_i = 1.000000, inc_y_i = 1.000000
En el else......

----------------------------------------
x = 56.000000, y = 153.000000
avance = -475.000000, avanceR = 2.000000, avanceI = 2.000000
inc_x_r = 0.000000, inc_y_r = 1.000000, inc_x_i = 1.000000, inc_y_i = 1.000000
En el else......

----------------------------------------
x = 56.000000, y = 154.000000
avance = -473.000000, avanceR = 2.000000, avanceI = 2.000000
inc_x_r = 0.000000, inc_y_r = 1.000000, inc_x_i = 1.000000, inc_y_i = 1.000000
En el else......

----------------------------------------
x = 56.000000, y = 155.000000
avance = -471.000000, avanceR = 2.000000, avanceI = 2.000000
inc_x_r = 0.000000, inc_y_r = 1.000000, inc_x_i = 1.000000, inc_y_i = 1.000000
En el else......

----------------------------------------
x = 56.000000, y = 156.000000
avance = -469.000000, avanceR = 2.000000, avanceI = 2.000000
inc_x_r = 0.000000, inc_y_r = 1.000000, inc_x_i = 1.000000, inc_y_i = 1.000000
En el else......

----------------------------------------
x = 56.000000, y = 157.000000
avance = -467.000000, avanceR = 2.000000, avanceI = 2.000000
inc_x_r = 0.000000, inc_y_r = 1.000000, inc_x_i = 1.000000, inc_y_i = 1.000000
En el else......

----------------------------------------
x = 56.000000, y = 158.000000
avance = -465.000000, avanceR = 2.000000, avanceI = 2.000000
inc_x_r = 0.000000, inc_y_r = 1.000000, inc_x_i = 1.000000, inc_y_i = 1.000000
En el else......

----------------------------------------
x = 56.000000, y = 159.000000
avance = -463.000000, avanceR = 2.000000, avanceI = 2.000000
inc_x_r = 0.000000, inc_y_r = 1.000000, inc_x_i = 1.000000, inc_y_i = 1.000000
En el else......

----------------------------------------
x = 56.000000, y = 160.000000
avance = -461.000000, avanceR = 2.000000, avanceI = 2.000000
inc_x_r = 0.000000, inc_y_r = 1.000000, inc_x_i = 1.000000, inc_y_i = 1.000000
En el else......

----------------------------------------
x = 56.000000, y = 161.000000
avance = -459.000000, avanceR = 2.000000, avanceI = 2.000000
inc_x_r = 0.000000, inc_y_r = 1.000000, inc_x_i = 1.000000, inc_y_i = 1.000000
En el else......

----------------------------------------
x = 56.000000, y = 162.000000
avance = -457.000000, avanceR = 2.000000, avanceI = 2.000000
inc_x_r = 0.000000, inc_y_r = 1.000000, inc_x_i = 1.000000, inc_y_i = 1.000000
En el else......

----------------------------------------
x = 56.000000, y = 163.000000
avance = -455.000000, avanceR = 2.000000, avanceI = 2.000000
inc_x_r = 0.000000, inc_y_r = 1.000000, inc_x_i = 1.000000, inc_y_i = 1.000000
En el else......

----------------------------------------
x = 56.000000, y = 164.000000
avance = -453.000000, avanceR = 2.000000, avanceI = 2.000000
inc_x_r = 0.000000, inc_y_r = 1.000000, inc_x_i = 1.000000, inc_y_i = 1.000000
En el else......

----------------------------------------
x = 56.000000, y = 165.000000
avance = -451.000000, avanceR = 2.000000, avanceI = 2.000000
inc_x_r = 0.000000, inc_y_r = 1.000000, inc_x_i = 1.000000, inc_y_i = 1.000000
En el else......

----------------------------------------
x = 56.000000, y = 166.000000
avance = -449.000000, avanceR = 2.000000, avanceI = 2.000000
inc_x_r = 0.000000, inc_y_r = 1.000000, inc_x_i = 1.000000, inc_y_i = 1.000000
En el else......

----------------------------------------
x = 56.000000, y = 167.000000
avance = -447.000000, avanceR = 2.000000, avanceI = 2.000000
inc_x_r = 0.000000, inc_y_r = 1.000000, inc_x_i = 1.000000, inc_y_i = 1.000000
En el else......

----------------------------------------
x = 56.000000, y = 168.000000
avance = -445.000000, avanceR = 2.000000, avanceI = 2.000000
inc_x_r = 0.000000, inc_y_r = 1.000000, inc_x_i = 1.000000, inc_y_i = 1.000000
En el else......

----------------------------------------
x = 56.000000, y = 169.000000
avance = -443.000000, avanceR = 2.000000, avanceI = 2.000000
inc_x_r = 0.000000, inc_y_r = 1.000000, inc_x_i = 1.000000, inc_y_i = 1.000000
En el else......

----------------------------------------
x = 56.000000, y = 170.000000
avance = -441.000000, avanceR = 2.000000, avanceI = 2.000000
inc_x_r = 0.000000, inc_y_r = 1.000000, inc_x_i = 1.000000, inc_y_i = 1.000000
En el else......

----------------------------------------
x = 56.000000, y = 171.000000
avance = -439.000000, avanceR = 2.000000, avanceI = 2.000000
inc_x_r = 0.000000, inc_y_r = 1.000000, inc_x_i = 1.000000, inc_y_i = 1.000000
En el else......

----------------------------------------
x = 56.000000, y = 172.000000
avance = -437.000000, avanceR = 2.000000, avanceI = 2.000000
inc_x_r = 0.000000, inc_y_r = 1.000000, inc_x_i = 1.000000, inc_y_i = 1.000000
En el else......

----------------------------------------
x = 56.000000, y = 173.000000
avance = -435.000000, avanceR = 2.000000, avanceI = 2.000000
inc_x_r = 0.000000, inc_y_r = 1.000000, inc_x_i = 1.000000, inc_y_i = 1.000000
En el else......

----------------------------------------
x = 56.000000, y = 174.000000
avance = -433.000000, avanceR = 2.000000, avanceI = 2.000000
inc_x_r = 0.000000, inc_y_r = 1.000000, inc_x_i = 1.000000, inc_y_i = 1.000000
En el else......

----------------------------------------
x = 56.000000, y = 175.000000
avance = -431.000000, avanceR = 2.000000, avanceI = 2.000000
inc_x_r = 0.000000, inc_y_r = 1.000000, inc_x_i = 1.000000, inc_y_i = 1.000000
En el else......

----------------------------------------
x = 56.000000, y = 176.000000
avance = -429.000000, avanceR = 2.000000, avanceI = 2.000000
inc_x_r = 0.000000, inc_y_r = 1.000000, inc_x_i = 1.000000, inc_y_i = 1.000000
En el else......

----------------------------------------
x = 56.000000, y = 177.000000
avance = -427.000000, avanceR = 2.000000, avanceI = 2.000000
inc_x_r = 0.000000, inc_y_r = 1.000000, inc_x_i = 1.000000, inc_y_i = 1.000000
En el else......

----------------------------------------
x = 56.000000, y = 178.000000
avance = -425.000000, avanceR = 2.000000, avanceI = 2.000000
inc_x_r = 0.000000, inc_y_r = 1.000000, inc_x_i = 1.000000, inc_y_i = 1.000000
En el else......

----------------------------------------
x = 56.000000, y = 179.000000
avance = -423.000000, avanceR = 2.000000, avanceI = 2.000000
inc_x_r = 0.000000, inc_y_r = 1.000000, inc_x_i = 1.000000, inc_y_i = 1.000000
En el else......

----------------------------------------
x = 56.000000, y = 180.000000
avance = -421.000000, avanceR = 2.000000, avanceI = 2.000000
inc_x_r = 0.000000, inc_y_r = 1.000000, inc_x_i = 1.000000, inc_y_i = 1.000000
En el else......

----------------------------------------
x = 56.000000, y = 181.000000
avance = -419.000000, avanceR = 2.000000, avanceI = 2.000000
inc_x_r = 0.000000, inc_y_r = 1.000000, inc_x_i = 1.000000, inc_y_i = 1.000000
En el else......

----------------------------------------
x = 56.000000, y = 182.000000
avance = -417.000000, avanceR = 2.000000, avanceI = 2.000000
inc_x_r = 0.000000, inc_y_r = 1.000000, inc_x_i = 1.000000, inc_y_i = 1.000000
En el else......

----------------------------------------
x = 56.000000, y = 183.000000
avance = -415.000000, avanceR = 2.000000, avanceI = 2.000000
inc_x_r = 0.000000, inc_y_r = 1.000000, inc_x_i = 1.000000, inc_y_i = 1.000000
En el else......

----------------------------------------
x = 56.000000, y = 184.000000
avance = -413.000000, avanceR = 2.000000, avanceI = 2.000000
inc_x_r = 0.000000, inc_y_r = 1.000000, inc_x_i = 1.000000, inc_y_i = 1.000000
En el else......

----------------------------------------
x = 56.000000, y = 185.000000
avance = -411.000000, avanceR = 2.000000, avanceI = 2.000000
inc_x_r = 0.000000, inc_y_r = 1.000000, inc_x_i = 1.000000, inc_y_i = 1.000000
En el else......

----------------------------------------
x = 56.000000, y = 186.000000
avance = -409.000000, avanceR = 2.000000, avanceI = 2.000000
inc_x_r = 0.000000, inc_y_r = 1.000000, inc_x_i = 1.000000, inc_y_i = 1.000000
En el else......

----------------------------------------
x = 56.000000, y = 187.000000
avance = -407.000000, avanceR = 2.000000, avanceI = 2.000000
inc_x_r = 0.000000, inc_y_r = 1.000000, inc_x_i = 1.000000, inc_y_i = 1.000000
En el else......

----------------------------------------
x = 56.000000, y = 188.000000
avance = -405.000000, avanceR = 2.000000, avanceI = 2.000000
inc_x_r = 0.000000, inc_y_r = 1.000000, inc_x_i = 1.000000, inc_y_i = 1.000000
En el else......

----------------------------------------
x = 56.000000, y = 189.000000
avance = -403.000000, avanceR = 2.000000, avanceI = 2.000000
inc_x_r = 0.000000, inc_y_r = 1.000000, inc_x_i = 1.000000, inc_y_i = 1.000000
En el else......

----------------------------------------
x = 56.000000, y = 190.000000
avance = -401.000000, avanceR = 2.000000, avanceI = 2.000000
inc_x_r = 0.000000, inc_y_r = 1.000000, inc_x_i = 1.000000, inc_y_i = 1.000000
En el else......

----------------------------------------
x = 56.000000, y = 191.000000
avance = -399.000000, avanceR = 2.000000, avanceI = 2.000000
inc_x_r = 0.000000, inc_y_r = 1.000000, inc_x_i = 1.000000, inc_y_i = 1.000000
En el else......

----------------------------------------
x = 56.000000, y = 192.000000
avance = -397.000000, avanceR = 2.000000, avanceI = 2.000000
inc_x_r = 0.000000, inc_y_r = 1.000000, inc_x_i = 1.000000, inc_y_i = 1.000000
En el else......

----------------------------------------
x = 56.000000, y = 193.000000
avance = -395.000000, avanceR = 2.000000, avanceI = 2.000000
inc_x_r = 0.000000, inc_y_r = 1.000000, inc_x_i = 1.000000, inc_y_i = 1.000000
En el else......

----------------------------------------
x = 56.000000, y = 194.000000
avance = -393.000000, avanceR = 2.000000, avanceI = 2.000000
inc_x_r = 0.000000, inc_y_r = 1.000000, inc_x_i = 1.000000, inc_y_i = 1.000000
En el else......

----------------------------------------
x = 56.000000, y = 195.000000
avance = -391.000000, avanceR = 2.000000, avanceI = 2.000000
inc_x_r = 0.000000, inc_y_r = 1.000000, inc_x_i = 1.000000, inc_y_i = 1.000000
En el else......

----------------------------------------
x = 56.000000, y = 196.000000
avance = -389.000000, avanceR = 2.000000, avanceI = 2.000000
inc_x_r = 0.000000, inc_y_r = 1.000000, inc_x_i = 1.000000, inc_y_i = 1.000000
En el else......

----------------------------------------
x = 56.000000, y = 197.000000
avance = -387.000000, avanceR = 2.000000, avanceI = 2.000000
inc_x_r = 0.000000, inc_y_r = 1.000000, inc_x_i = 1.000000, inc_y_i = 1.000000
En el else......

----------------------------------------
x = 56.000000, y = 198.000000
avance = -385.000000, avanceR = 2.000000, avanceI = 2.000000
inc_x_r = 0.000000, inc_y_r = 1.000000, inc_x_i = 1.000000, inc_y_i = 1.000000
En el else......

----------------------------------------
x = 56.000000, y = 199.000000
avance = -383.000000, avanceR = 2.000000, avanceI = 2.000000
inc_x_r = 0.000000, inc_y_r = 1.000000, inc_x_i = 1.000000, inc_y_i = 1.000000
En el else......

----------------------------------------
x = 56.000000, y = 200.000000
avance = -381.000000, avanceR = 2.000000, avanceI = 2.000000
inc_x_r = 0.000000, inc_y_r = 1.000000, inc_x_i = 1.000000, inc_y_i = 1.000000
En el else......

----------------------------------------
x = 56.000000, y = 201.000000
avance = -379.000000, avanceR = 2.000000, avanceI = 2.000000
inc_x_r = 0.000000, inc_y_r = 1.000000, inc_x_i = 1.000000, inc_y_i = 1.000000
En el else......

----------------------------------------
x = 56.000000, y = 202.000000
avance = -377.000000, avanceR = 2.000000, avanceI = 2.000000
inc_x_r = 0.000000, inc_y_r = 1.000000, inc_x_i = 1.000000, inc_y_i = 1.000000
En el else......

----------------------------------------
x = 56.000000, y = 203.000000
avance = -375.000000, avanceR = 2.000000, avanceI = 2.000000
inc_x_r = 0.000000, inc_y_r = 1.000000, inc_x_i = 1.000000, inc_y_i = 1.000000
En el else......

----------------------------------------
x = 56.000000, y = 204.000000
avance = -373.000000, avanceR = 2.000000, avanceI = 2.000000
inc_x_r = 0.000000, inc_y_r = 1.000000, inc_x_i = 1.000000, inc_y_i = 1.000000
En el else......

----------------------------------------
x = 56.000000, y = 205.000000
avance = -371.000000, avanceR = 2.000000, avanceI = 2.000000
inc_x_r = 0.000000, inc_y_r = 1.000000, inc_x_i = 1.000000, inc_y_i = 1.000000
En el else......

----------------------------------------
x = 56.000000, y = 206.000000
avance = -369.000000, avanceR = 2.000000, avanceI = 2.000000
inc_x_r = 0.000000, inc_y_r = 1.000000, inc_x_i = 1.000000, inc_y_i = 1.000000
En el else......

----------------------------------------
x = 56.000000, y = 207.000000
avance = -367.000000, avanceR = 2.000000, avanceI = 2.000000
inc_x_r = 0.000000, inc_y_r = 1.000000, inc_x_i = 1.000000, inc_y_i = 1.000000
En el else......

----------------------------------------
x = 56.000000, y = 208.000000
avance = -365.000000, avanceR = 2.000000, avanceI = 2.000000
inc_x_r = 0.000000, inc_y_r = 1.000000, inc_x_i = 1.000000, inc_y_i = 1.000000
En el else......

----------------------------------------
x = 56.000000, y = 209.000000
avance = -363.000000, avanceR = 2.000000, avanceI = 2.000000
inc_x_r = 0.000000, inc_y_r = 1.000000, inc_x_i = 1.000000, inc_y_i = 1.000000
En el else......

----------------------------------------
x = 56.000000, y = 210.000000
avance = -361.000000, avanceR = 2.000000, avanceI = 2.000000
inc_x_r = 0.000000, inc_y_r = 1.000000, inc_x_i = 1.000000, inc_y_i = 1.000000
En el else......

----------------------------------------
x = 56.000000, y = 211.000000
avance = -359.000000, avanceR = 2.000000, avanceI = 2.000000
inc_x_r = 0.000000, inc_y_r = 1.000000, inc_x_i = 1.000000, inc_y_i = 1.000000
En el else......

----------------------------------------
x = 56.000000, y = 212.000000
avance = -357.000000, avanceR = 2.000000, avanceI = 2.000000
inc_x_r = 0.000000, inc_y_r = 1.000000, inc_x_i = 1.000000, inc_y_i = 1.000000
En el else......

----------------------------------------
x = 56.000000, y = 213.000000
avance = -355.000000, avanceR = 2.000000, avanceI = 2.000000
inc_x_r = 0.000000, inc_y_r = 1.000000, inc_x_i = 1.000000, inc_y_i = 1.000000
En el else......

----------------------------------------
x = 56.000000, y = 214.000000
avance = -353.000000, avanceR = 2.000000, avanceI = 2.000000
inc_x_r = 0.000000, inc_y_r = 1.000000, inc_x_i = 1.000000, inc_y_i = 1.000000
En el else......

----------------------------------------
x = 56.000000, y = 215.000000
avance = -351.000000, avanceR = 2.000000, avanceI = 2.000000
inc_x_r = 0.000000, inc_y_r = 1.000000, inc_x_i = 1.000000, inc_y_i = 1.000000
En el else......

----------------------------------------
x = 56.000000, y = 216.000000
avance = -349.000000, avanceR = 2.000000, avanceI = 2.000000
inc_x_r = 0.000000, inc_y_r = 1.000000, inc_x_i = 1.000000, inc_y_i = 1.000000
En el else......

----------------------------------------
x = 56.000000, y = 217.000000
avance = -347.000000, avanceR = 2.000000, avanceI = 2.000000
inc_x_r = 0.000000, inc_y_r = 1.000000, inc_x_i = 1.000000, inc_y_i = 1.000000
En el else......

----------------------------------------
x = 56.000000, y = 218.000000
avance = -345.000000, avanceR = 2.000000, avanceI = 2.000000
inc_x_r = 0.000000, inc_y_r = 1.000000, inc_x_i = 1.000000, inc_y_i = 1.000000
En el else......

----------------------------------------
x = 56.000000, y = 219.000000
avance = -343.000000, avanceR = 2.000000, avanceI = 2.000000
inc_x_r = 0.000000, inc_y_r = 1.000000, inc_x_i = 1.000000, inc_y_i = 1.000000
En el else......

----------------------------------------
x = 56.000000, y = 220.000000
avance = -341.000000, avanceR = 2.000000, avanceI = 2.000000
inc_x_r = 0.000000, inc_y_r = 1.000000, inc_x_i = 1.000000, inc_y_i = 1.000000
En el else......

----------------------------------------
x = 56.000000, y = 221.000000
avance = -339.000000, avanceR = 2.000000, avanceI = 2.000000
inc_x_r = 0.000000, inc_y_r = 1.000000, inc_x_i = 1.000000, inc_y_i = 1.000000
En el else......

----------------------------------------
x = 56.000000, y = 222.000000
avance = -337.000000, avanceR = 2.000000, avanceI = 2.000000
inc_x_r = 0.000000, inc_y_r = 1.000000, inc_x_i = 1.000000, inc_y_i = 1.000000
En el else......

----------------------------------------
x = 56.000000, y = 223.000000
avance = -335.000000, avanceR = 2.000000, avanceI = 2.000000
inc_x_r = 0.000000, inc_y_r = 1.000000, inc_x_i = 1.000000, inc_y_i = 1.000000
En el else......

----------------------------------------
x = 56.000000, y = 224.000000
avance = -333.000000, avanceR = 2.000000, avanceI = 2.000000
inc_x_r = 0.000000, inc_y_r = 1.000000, inc_x_i = 1.000000, inc_y_i = 1.000000
En el else......

----------------------------------------
x = 56.000000, y = 225.000000
avance = -331.000000, avanceR = 2.000000, avanceI = 2.000000
inc_x_r = 0.000000, inc_y_r = 1.000000, inc_x_i = 1.000000, inc_y_i = 1.000000
En el else......

----------------------------------------
x = 56.000000, y = 226.000000
avance = -329.000000, avanceR = 2.000000, avanceI = 2.000000
inc_x_r = 0.000000, inc_y_r = 1.000000, inc_x_i = 1.000000, inc_y_i = 1.000000
En el else......

----------------------------------------
x = 56.000000, y = 227.000000
avance = -327.000000, avanceR = 2.000000, avanceI = 2.000000
inc_x_r = 0.000000, inc_y_r = 1.000000, inc_x_i = 1.000000, inc_y_i = 1.000000
En el else......

----------------------------------------
x = 56.000000, y = 228.000000
avance = -325.000000, avanceR = 2.000000, avanceI = 2.000000
inc_x_r = 0.000000, inc_y_r = 1.000000, inc_x_i = 1.000000, inc_y_i = 1.000000
En el else......

----------------------------------------
x = 56.000000, y = 229.000000
avance = -323.000000, avanceR = 2.000000, avanceI = 2.000000
inc_x_r = 0.000000, inc_y_r = 1.000000, inc_x_i = 1.000000, inc_y_i = 1.000000
En el else......

----------------------------------------
x = 56.000000, y = 230.000000
avance = -321.000000, avanceR = 2.000000, avanceI = 2.000000
inc_x_r = 0.000000, inc_y_r = 1.000000, inc_x_i = 1.000000, inc_y_i = 1.000000
En el else......

----------------------------------------
x = 56.000000, y = 231.000000
avance = -319.000000, avanceR = 2.000000, avanceI = 2.000000
inc_x_r = 0.000000, inc_y_r = 1.000000, inc_x_i = 1.000000, inc_y_i = 1.000000
En el else......

----------------------------------------
x = 56.000000, y = 232.000000
avance = -317.000000, avanceR = 2.000000, avanceI = 2.000000
inc_x_r = 0.000000, inc_y_r = 1.000000, inc_x_i = 1.000000, inc_y_i = 1.000000
En el else......

----------------------------------------
x = 56.000000, y = 233.000000
avance = -315.000000, avanceR = 2.000000, avanceI = 2.000000
inc_x_r = 0.000000, inc_y_r = 1.000000, inc_x_i = 1.000000, inc_y_i = 1.000000
En el else......

----------------------------------------
x = 56.000000, y = 234.000000
avance = -313.000000, avanceR = 2.000000, avanceI = 2.000000
inc_x_r = 0.000000, inc_y_r = 1.000000, inc_x_i = 1.000000, inc_y_i = 1.000000
En el else......

----------------------------------------
x = 56.000000, y = 235.000000
avance = -311.000000, avanceR = 2.000000, avanceI = 2.000000
inc_x_r = 0.000000, inc_y_r = 1.000000, inc_x_i = 1.000000, inc_y_i = 1.000000
En el else......

----------------------------------------
x = 56.000000, y = 236.000000
avance = -309.000000, avanceR = 2.000000, avanceI = 2.000000
inc_x_r = 0.000000, inc_y_r = 1.000000, inc_x_i = 1.000000, inc_y_i = 1.000000
En el else......

----------------------------------------
x = 56.000000, y = 237.000000
avance = -307.000000, avanceR = 2.000000, avanceI = 2.000000
inc_x_r = 0.000000, inc_y_r = 1.000000, inc_x_i = 1.000000, inc_y_i = 1.000000
En el else......

----------------------------------------
x = 56.000000, y = 238.000000
avance = -305.000000, avanceR = 2.000000, avanceI = 2.000000
inc_x_r = 0.000000, inc_y_r = 1.000000, inc_x_i = 1.000000, inc_y_i = 1.000000
En el else......

----------------------------------------
x = 56.000000, y = 239.000000
avance = -303.000000, avanceR = 2.000000, avanceI = 2.000000
inc_x_r = 0.000000, inc_y_r = 1.000000, inc_x_i = 1.000000, inc_y_i = 1.000000
En el else......

----------------------------------------
x = 56.000000, y = 240.000000
avance = -301.000000, avanceR = 2.000000, avanceI = 2.000000
inc_x_r = 0.000000, inc_y_r = 1.000000, inc_x_i = 1.000000, inc_y_i = 1.000000
En el else......

----------------------------------------
x = 56.000000, y = 241.000000
avance = -299.000000, avanceR = 2.000000, avanceI = 2.000000
inc_x_r = 0.000000, inc_y_r = 1.000000, inc_x_i = 1.000000, inc_y_i = 1.000000
En el else......

----------------------------------------
x = 56.000000, y = 242.000000
avance = -297.000000, avanceR = 2.000000, avanceI = 2.000000
inc_x_r = 0.000000, inc_y_r = 1.000000, inc_x_i = 1.000000, inc_y_i = 1.000000
En el else......

----------------------------------------
x = 56.000000, y = 243.000000
avance = -295.000000, avanceR = 2.000000, avanceI = 2.000000
inc_x_r = 0.000000, inc_y_r = 1.000000, inc_x_i = 1.000000, inc_y_i = 1.000000
En el else......

----------------------------------------
x = 56.000000, y = 244.000000
avance = -293.000000, avanceR = 2.000000, avanceI = 2.000000
inc_x_r = 0.000000, inc_y_r = 1.000000, inc_x_i = 1.000000, inc_y_i = 1.000000
En el else......

----------------------------------------
x = 56.000000, y = 245.000000
avance = -291.000000, avanceR = 2.000000, avanceI = 2.000000
inc_x_r = 0.000000, inc_y_r = 1.000000, inc_x_i = 1.000000, inc_y_i = 1.000000
En el else......

----------------------------------------
x = 56.000000, y = 246.000000
avance = -289.000000, avanceR = 2.000000, avanceI = 2.000000
inc_x_r = 0.000000, inc_y_r = 1.000000, inc_x_i = 1.000000, inc_y_i = 1.000000
En el else......

----------------------------------------
x = 56.000000, y = 247.000000
avance = -287.000000, avanceR = 2.000000, avanceI = 2.000000
inc_x_r = 0.000000, inc_y_r = 1.000000, inc_x_i = 1.000000, inc_y_i = 1.000000
En el else......

----------------------------------------
x = 56.000000, y = 248.000000
avance = -285.000000, avanceR = 2.000000, avanceI = 2.000000
inc_x_r = 0.000000, inc_y_r = 1.000000, inc_x_i = 1.000000, inc_y_i = 1.000000
En el else......

----------------------------------------
x = 56.000000, y = 249.000000
avance = -283.000000, avanceR = 2.000000, avanceI = 2.000000
inc_x_r = 0.000000, inc_y_r = 1.000000, inc_x_i = 1.000000, inc_y_i = 1.000000
En el else......

----------------------------------------
x = 56.000000, y = 250.000000
avance = -281.000000, avanceR = 2.000000, avanceI = 2.000000
inc_x_r = 0.000000, inc_y_r = 1.000000, inc_x_i = 1.000000, inc_y_i = 1.000000
En el else......

----------------------------------------
x = 56.000000, y = 251.000000
avance = -279.000000, avanceR = 2.000000, avanceI = 2.000000
inc_x_r = 0.000000, inc_y_r = 1.000000, inc_x_i = 1.000000, inc_y_i = 1.000000
En el else......

----------------------------------------
x = 56.000000, y = 252.000000
avance = -277.000000, avanceR = 2.000000, avanceI = 2.000000
inc_x_r = 0.000000, inc_y_r = 1.000000, inc_x_i = 1.000000, inc_y_i = 1.000000
En el else......

----------------------------------------
x = 56.000000, y = 253.000000
avance = -275.000000, avanceR = 2.000000, avanceI = 2.000000
inc_x_r = 0.000000, inc_y_r = 1.000000, inc_x_i = 1.000000, inc_y_i = 1.000000
En el else......

----------------------------------------
x = 56.000000, y = 254.000000
avance = -273.000000, avanceR = 2.000000, avanceI = 2.000000
inc_x_r = 0.000000, inc_y_r = 1.000000, inc_x_i = 1.000000, inc_y_i = 1.000000
En el else......

----------------------------------------
x = 56.000000, y = 255.000000
avance = -271.000000, avanceR = 2.000000, avanceI = 2.000000
inc_x_r = 0.000000, inc_y_r = 1.000000, inc_x_i = 1.000000, inc_y_i = 1.000000
En el else......

----------------------------------------
x = 56.000000, y = 256.000000
avance = -269.000000, avanceR = 2.000000, avanceI = 2.000000
inc_x_r = 0.000000, inc_y_r = 1.000000, inc_x_i = 1.000000, inc_y_i = 1.000000
En el else......

----------------------------------------
x = 56.000000, y = 257.000000
avance = -267.000000, avanceR = 2.000000, avanceI = 2.000000
inc_x_r = 0.000000, inc_y_r = 1.000000, inc_x_i = 1.000000, inc_y_i = 1.000000
En el else......

----------------------------------------
x = 56.000000, y = 258.000000
avance = -265.000000, avanceR = 2.000000, avanceI = 2.000000
inc_x_r = 0.000000, inc_y_r = 1.000000, inc_x_i = 1.000000, inc_y_i = 1.000000
En el else......

----------------------------------------
x = 56.000000, y = 259.000000
avance = -263.000000, avanceR = 2.000000, avanceI = 2.000000
inc_x_r = 0.000000, inc_y_r = 1.000000, inc_x_i = 1.000000, inc_y_i = 1.000000
En el else......

----------------------------------------
x = 56.000000, y = 260.000000
avance = -261.000000, avanceR = 2.000000, avanceI = 2.000000
inc_x_r = 0.000000, inc_y_r = 1.000000, inc_x_i = 1.000000, inc_y_i = 1.000000
En el else......

----------------------------------------
x = 56.000000, y = 261.000000
avance = -259.000000, avanceR = 2.000000, avanceI = 2.000000
inc_x_r = 0.000000, inc_y_r = 1.000000, inc_x_i = 1.000000, inc_y_i = 1.000000
En el else......

----------------------------------------
x = 56.000000, y = 262.000000
avance = -257.000000, avanceR = 2.000000, avanceI = 2.000000
inc_x_r = 0.000000, inc_y_r = 1.000000, inc_x_i = 1.000000, inc_y_i = 1.000000
En el else......

----------------------------------------
x = 56.000000, y = 263.000000
avance = -255.000000, avanceR = 2.000000, avanceI = 2.000000
inc_x_r = 0.000000, inc_y_r = 1.000000, inc_x_i = 1.000000, inc_y_i = 1.000000
En el else......

----------------------------------------
x = 56.000000, y = 264.000000
avance = -253.000000, avanceR = 2.000000, avanceI = 2.000000
inc_x_r = 0.000000, inc_y_r = 1.000000, inc_x_i = 1.000000, inc_y_i = 1.000000
En el else......

----------------------------------------
x = 56.000000, y = 265.000000
avance = -251.000000, avanceR = 2.000000, avanceI = 2.000000
inc_x_r = 0.000000, inc_y_r = 1.000000, inc_x_i = 1.000000, inc_y_i = 1.000000
En el else......

----------------------------------------


ENTRAMOS A BRESENHAMªªªª
x1 = 55.000000 - y1 = 15.000000 || x2 = 56.000000 - y2 = 266.000000
dy = 251.000000, dx = 1.000000
avances inclinados: inc_x_i = 1.000000, inc_y_i = 1.000000
updated: dy = 251.000000, dx = 1.000000
avances rectos: inc_x_r = 0.000000, inc_y_r 1.000000
reupdated: dy = 1.000000, dx = 251.000000
avanceR = 2.000000, avance -249.000000, avanceI 2.000000
----------------------------------------
x = 55.000000, y = 15.000000
avance = -249.000000, avanceR = 2.000000, avanceI = 2.000000
inc_x_r = 0.000000, inc_y_r = 1.000000, inc_x_i = 1.000000, inc_y_i = 1.000000
En el else......

----------------------------------------
x = 55.000000, y = 16.000000
avance = -247.000000, avanceR = 2.000000, avanceI = 2.000000
inc_x_r = 0.000000, inc_y_r = 1.000000, inc_x_i = 1.000000, inc_y_i = 1.000000
En el else......

----------------------------------------
x = 55.000000, y = 17.000000
avance = -245.000000, avanceR = 2.000000, avanceI = 2.000000
inc_x_r = 0.000000, inc_y_r = 1.000000, inc_x_i = 1.000000, inc_y_i = 1.000000
En el else......

----------------------------------------
x = 55.000000, y = 18.000000
avance = -243.000000, avanceR = 2.000000, avanceI = 2.000000
inc_x_r = 0.000000, inc_y_r = 1.000000, inc_x_i = 1.000000, inc_y_i = 1.000000
En el else......

----------------------------------------
x = 55.000000, y = 19.000000
avance = -241.000000, avanceR = 2.000000, avanceI = 2.000000
inc_x_r = 0.000000, inc_y_r = 1.000000, inc_x_i = 1.000000, inc_y_i = 1.000000
En el else......

----------------------------------------
x = 55.000000, y = 20.000000
avance = -239.000000, avanceR = 2.000000, avanceI = 2.000000
inc_x_r = 0.000000, inc_y_r = 1.000000, inc_x_i = 1.000000, inc_y_i = 1.000000
En el else......

----------------------------------------
x = 55.000000, y = 21.000000
avance = -237.000000, avanceR = 2.000000, avanceI = 2.000000
inc_x_r = 0.000000, inc_y_r = 1.000000, inc_x_i = 1.000000, inc_y_i = 1.000000
En el else......

----------------------------------------
x = 55.000000, y = 22.000000
avance = -235.000000, avanceR = 2.000000, avanceI = 2.000000
inc_x_r = 0.000000, inc_y_r = 1.000000, inc_x_i = 1.000000, inc_y_i = 1.000000
En el else......

----------------------------------------
x = 55.000000, y = 23.000000
avance = -233.000000, avanceR = 2.000000, avanceI = 2.000000
inc_x_r = 0.000000, inc_y_r = 1.000000, inc_x_i = 1.000000, inc_y_i = 1.000000
En el else......

----------------------------------------
x = 55.000000, y = 24.000000
avance = -231.000000, avanceR = 2.000000, avanceI = 2.000000
inc_x_r = 0.000000, inc_y_r = 1.000000, inc_x_i = 1.000000, inc_y_i = 1.000000
En el else......

----------------------------------------
x = 55.000000, y = 25.000000
avance = -229.000000, avanceR = 2.000000, avanceI = 2.000000
inc_x_r = 0.000000, inc_y_r = 1.000000, inc_x_i = 1.000000, inc_y_i = 1.000000
En el else......

----------------------------------------
x = 55.000000, y = 26.000000
avance = -227.000000, avanceR = 2.000000, avanceI = 2.000000
inc_x_r = 0.000000, inc_y_r = 1.000000, inc_x_i = 1.000000, inc_y_i = 1.000000
En el else......

----------------------------------------
x = 55.000000, y = 27.000000
avance = -225.000000, avanceR = 2.000000, avanceI = 2.000000
inc_x_r = 0.000000, inc_y_r = 1.000000, inc_x_i = 1.000000, inc_y_i = 1.000000
En el else......

----------------------------------------
x = 55.000000, y = 28.000000
avance = -223.000000, avanceR = 2.000000, avanceI = 2.000000
inc_x_r = 0.000000, inc_y_r = 1.000000, inc_x_i = 1.000000, inc_y_i = 1.000000
En el else......

----------------------------------------
x = 55.000000, y = 29.000000
avance = -221.000000, avanceR = 2.000000, avanceI = 2.000000
inc_x_r = 0.000000, inc_y_r = 1.000000, inc_x_i = 1.000000, inc_y_i = 1.000000
En el else......

----------------------------------------
x = 55.000000, y = 30.000000
avance = -219.000000, avanceR = 2.000000, avanceI = 2.000000
inc_x_r = 0.000000, inc_y_r = 1.000000, inc_x_i = 1.000000, inc_y_i = 1.000000
En el else......

----------------------------------------
x = 55.000000, y = 31.000000
avance = -217.000000, avanceR = 2.000000, avanceI = 2.000000
inc_x_r = 0.000000, inc_y_r = 1.000000, inc_x_i = 1.000000, inc_y_i = 1.000000
En el else......

----------------------------------------
x = 55.000000, y = 32.000000
avance = -215.000000, avanceR = 2.000000, avanceI = 2.000000
inc_x_r = 0.000000, inc_y_r = 1.000000, inc_x_i = 1.000000, inc_y_i = 1.000000
En el else......

----------------------------------------
x = 55.000000, y = 33.000000
avance = -213.000000, avanceR = 2.000000, avanceI = 2.000000
inc_x_r = 0.000000, inc_y_r = 1.000000, inc_x_i = 1.000000, inc_y_i = 1.000000
En el else......

----------------------------------------
x = 55.000000, y = 34.000000
avance = -211.000000, avanceR = 2.000000, avanceI = 2.000000
inc_x_r = 0.000000, inc_y_r = 1.000000, inc_x_i = 1.000000, inc_y_i = 1.000000
En el else......

----------------------------------------
x = 55.000000, y = 35.000000
avance = -209.000000, avanceR = 2.000000, avanceI = 2.000000
inc_x_r = 0.000000, inc_y_r = 1.000000, inc_x_i = 1.000000, inc_y_i = 1.000000
En el else......

----------------------------------------
x = 55.000000, y = 36.000000
avance = -207.000000, avanceR = 2.000000, avanceI = 2.000000
inc_x_r = 0.000000, inc_y_r = 1.000000, inc_x_i = 1.000000, inc_y_i = 1.000000
En el else......

----------------------------------------
x = 55.000000, y = 37.000000
avance = -205.000000, avanceR = 2.000000, avanceI = 2.000000
inc_x_r = 0.000000, inc_y_r = 1.000000, inc_x_i = 1.000000, inc_y_i = 1.000000
En el else......

----------------------------------------
x = 55.000000, y = 38.000000
avance = -203.000000, avanceR = 2.000000, avanceI = 2.000000
inc_x_r = 0.000000, inc_y_r = 1.000000, inc_x_i = 1.000000, inc_y_i = 1.000000
En el else......

----------------------------------------
x = 55.000000, y = 39.000000
avance = -201.000000, avanceR = 2.000000, avanceI = 2.000000
inc_x_r = 0.000000, inc_y_r = 1.000000, inc_x_i = 1.000000, inc_y_i = 1.000000
En el else......

----------------------------------------
x = 55.000000, y = 40.000000
avance = -199.000000, avanceR = 2.000000, avanceI = 2.000000
inc_x_r = 0.000000, inc_y_r = 1.000000, inc_x_i = 1.000000, inc_y_i = 1.000000
En el else......

----------------------------------------
x = 55.000000, y = 41.000000
avance = -197.000000, avanceR = 2.000000, avanceI = 2.000000
inc_x_r = 0.000000, inc_y_r = 1.000000, inc_x_i = 1.000000, inc_y_i = 1.000000
En el else......

----------------------------------------
x = 55.000000, y = 42.000000
avance = -195.000000, avanceR = 2.000000, avanceI = 2.000000
inc_x_r = 0.000000, inc_y_r = 1.000000, inc_x_i = 1.000000, inc_y_i = 1.000000
En el else......

----------------------------------------
x = 55.000000, y = 43.000000
avance = -193.000000, avanceR = 2.000000, avanceI = 2.000000
inc_x_r = 0.000000, inc_y_r = 1.000000, inc_x_i = 1.000000, inc_y_i = 1.000000
En el else......

----------------------------------------
x = 55.000000, y = 44.000000
avance = -191.000000, avanceR = 2.000000, avanceI = 2.000000
inc_x_r = 0.000000, inc_y_r = 1.000000, inc_x_i = 1.000000, inc_y_i = 1.000000
En el else......

----------------------------------------
x = 55.000000, y = 45.000000
avance = -189.000000, avanceR = 2.000000, avanceI = 2.000000
inc_x_r = 0.000000, inc_y_r = 1.000000, inc_x_i = 1.000000, inc_y_i = 1.000000
En el else......

----------------------------------------
x = 55.000000, y = 46.000000
avance = -187.000000, avanceR = 2.000000, avanceI = 2.000000
inc_x_r = 0.000000, inc_y_r = 1.000000, inc_x_i = 1.000000, inc_y_i = 1.000000
En el else......

----------------------------------------
x = 55.000000, y = 47.000000
avance = -185.000000, avanceR = 2.000000, avanceI = 2.000000
inc_x_r = 0.000000, inc_y_r = 1.000000, inc_x_i = 1.000000, inc_y_i = 1.000000
En el else......

----------------------------------------
x = 55.000000, y = 48.000000
avance = -183.000000, avanceR = 2.000000, avanceI = 2.000000
inc_x_r = 0.000000, inc_y_r = 1.000000, inc_x_i = 1.000000, inc_y_i = 1.000000
En el else......

----------------------------------------
x = 55.000000, y = 49.000000
avance = -181.000000, avanceR = 2.000000, avanceI = 2.000000
inc_x_r = 0.000000, inc_y_r = 1.000000, inc_x_i = 1.000000, inc_y_i = 1.000000
En el else......

----------------------------------------
x = 55.000000, y = 50.000000
avance = -179.000000, avanceR = 2.000000, avanceI = 2.000000
inc_x_r = 0.000000, inc_y_r = 1.000000, inc_x_i = 1.000000, inc_y_i = 1.000000
En el else......

----------------------------------------
x = 55.000000, y = 51.000000
avance = -177.000000, avanceR = 2.000000, avanceI = 2.000000
inc_x_r = 0.000000, inc_y_r = 1.000000, inc_x_i = 1.000000, inc_y_i = 1.000000
En el else......

----------------------------------------
x = 55.000000, y = 52.000000
avance = -175.000000, avanceR = 2.000000, avanceI = 2.000000
inc_x_r = 0.000000, inc_y_r = 1.000000, inc_x_i = 1.000000, inc_y_i = 1.000000
En el else......

----------------------------------------
x = 55.000000, y = 53.000000
avance = -173.000000, avanceR = 2.000000, avanceI = 2.000000
inc_x_r = 0.000000, inc_y_r = 1.000000, inc_x_i = 1.000000, inc_y_i = 1.000000
En el else......

----------------------------------------
x = 55.000000, y = 54.000000
avance = -171.000000, avanceR = 2.000000, avanceI = 2.000000
inc_x_r = 0.000000, inc_y_r = 1.000000, inc_x_i = 1.000000, inc_y_i = 1.000000
En el else......

----------------------------------------
x = 55.000000, y = 55.000000
avance = -169.000000, avanceR = 2.000000, avanceI = 2.000000
inc_x_r = 0.000000, inc_y_r = 1.000000, inc_x_i = 1.000000, inc_y_i = 1.000000
En el else......

----------------------------------------
x = 55.000000, y = 56.000000
avance = -167.000000, avanceR = 2.000000, avanceI = 2.000000
inc_x_r = 0.000000, inc_y_r = 1.000000, inc_x_i = 1.000000, inc_y_i = 1.000000
En el else......

----------------------------------------
x = 55.000000, y = 57.000000
avance = -165.000000, avanceR = 2.000000, avanceI = 2.000000
inc_x_r = 0.000000, inc_y_r = 1.000000, inc_x_i = 1.000000, inc_y_i = 1.000000
En el else......

----------------------------------------
x = 55.000000, y = 58.000000
avance = -163.000000, avanceR = 2.000000, avanceI = 2.000000
inc_x_r = 0.000000, inc_y_r = 1.000000, inc_x_i = 1.000000, inc_y_i = 1.000000
En el else......

----------------------------------------
x = 55.000000, y = 59.000000
avance = -161.000000, avanceR = 2.000000, avanceI = 2.000000
inc_x_r = 0.000000, inc_y_r = 1.000000, inc_x_i = 1.000000, inc_y_i = 1.000000
En el else......

----------------------------------------
x = 55.000000, y = 60.000000
avance = -159.000000, avanceR = 2.000000, avanceI = 2.000000
inc_x_r = 0.000000, inc_y_r = 1.000000, inc_x_i = 1.000000, inc_y_i = 1.000000
En el else......

----------------------------------------
x = 55.000000, y = 61.000000
avance = -157.000000, avanceR = 2.000000, avanceI = 2.000000
inc_x_r = 0.000000, inc_y_r = 1.000000, inc_x_i = 1.000000, inc_y_i = 1.000000
En el else......

----------------------------------------
x = 55.000000, y = 62.000000
avance = -155.000000, avanceR = 2.000000, avanceI = 2.000000
inc_x_r = 0.000000, inc_y_r = 1.000000, inc_x_i = 1.000000, inc_y_i = 1.000000
En el else......

----------------------------------------
x = 55.000000, y = 63.000000
avance = -153.000000, avanceR = 2.000000, avanceI = 2.000000
inc_x_r = 0.000000, inc_y_r = 1.000000, inc_x_i = 1.000000, inc_y_i = 1.000000
En el else......

----------------------------------------
x = 55.000000, y = 64.000000
avance = -151.000000, avanceR = 2.000000, avanceI = 2.000000
inc_x_r = 0.000000, inc_y_r = 1.000000, inc_x_i = 1.000000, inc_y_i = 1.000000
En el else......

----------------------------------------
x = 55.000000, y = 65.000000
avance = -149.000000, avanceR = 2.000000, avanceI = 2.000000
inc_x_r = 0.000000, inc_y_r = 1.000000, inc_x_i = 1.000000, inc_y_i = 1.000000
En el else......

----------------------------------------
x = 55.000000, y = 66.000000
avance = -147.000000, avanceR = 2.000000, avanceI = 2.000000
inc_x_r = 0.000000, inc_y_r = 1.000000, inc_x_i = 1.000000, inc_y_i = 1.000000
En el else......

----------------------------------------
x = 55.000000, y = 67.000000
avance = -145.000000, avanceR = 2.000000, avanceI = 2.000000
inc_x_r = 0.000000, inc_y_r = 1.000000, inc_x_i = 1.000000, inc_y_i = 1.000000
En el else......

----------------------------------------
x = 55.000000, y = 68.000000
avance = -143.000000, avanceR = 2.000000, avanceI = 2.000000
inc_x_r = 0.000000, inc_y_r = 1.000000, inc_x_i = 1.000000, inc_y_i = 1.000000
En el else......

----------------------------------------
x = 55.000000, y = 69.000000
avance = -141.000000, avanceR = 2.000000, avanceI = 2.000000
inc_x_r = 0.000000, inc_y_r = 1.000000, inc_x_i = 1.000000, inc_y_i = 1.000000
En el else......

----------------------------------------
x = 55.000000, y = 70.000000
avance = -139.000000, avanceR = 2.000000, avanceI = 2.000000
inc_x_r = 0.000000, inc_y_r = 1.000000, inc_x_i = 1.000000, inc_y_i = 1.000000
En el else......

----------------------------------------
x = 55.000000, y = 71.000000
avance = -137.000000, avanceR = 2.000000, avanceI = 2.000000
inc_x_r = 0.000000, inc_y_r = 1.000000, inc_x_i = 1.000000, inc_y_i = 1.000000
En el else......

----------------------------------------
x = 55.000000, y = 72.000000
avance = -135.000000, avanceR = 2.000000, avanceI = 2.000000
inc_x_r = 0.000000, inc_y_r = 1.000000, inc_x_i = 1.000000, inc_y_i = 1.000000
En el else......

----------------------------------------
x = 55.000000, y = 73.000000
avance = -133.000000, avanceR = 2.000000, avanceI = 2.000000
inc_x_r = 0.000000, inc_y_r = 1.000000, inc_x_i = 1.000000, inc_y_i = 1.000000
En el else......

----------------------------------------
x = 55.000000, y = 74.000000
avance = -131.000000, avanceR = 2.000000, avanceI = 2.000000
inc_x_r = 0.000000, inc_y_r = 1.000000, inc_x_i = 1.000000, inc_y_i = 1.000000
En el else......

----------------------------------------
x = 55.000000, y = 75.000000
avance = -129.000000, avanceR = 2.000000, avanceI = 2.000000
inc_x_r = 0.000000, inc_y_r = 1.000000, inc_x_i = 1.000000, inc_y_i = 1.000000
En el else......

----------------------------------------
x = 55.000000, y = 76.000000
avance = -127.000000, avanceR = 2.000000, avanceI = 2.000000
inc_x_r = 0.000000, inc_y_r = 1.000000, inc_x_i = 1.000000, inc_y_i = 1.000000
En el else......

----------------------------------------
x = 55.000000, y = 77.000000
avance = -125.000000, avanceR = 2.000000, avanceI = 2.000000
inc_x_r = 0.000000, inc_y_r = 1.000000, inc_x_i = 1.000000, inc_y_i = 1.000000
En el else......

----------------------------------------
x = 55.000000, y = 78.000000
avance = -123.000000, avanceR = 2.000000, avanceI = 2.000000
inc_x_r = 0.000000, inc_y_r = 1.000000, inc_x_i = 1.000000, inc_y_i = 1.000000
En el else......

----------------------------------------
x = 55.000000, y = 79.000000
avance = -121.000000, avanceR = 2.000000, avanceI = 2.000000
inc_x_r = 0.000000, inc_y_r = 1.000000, inc_x_i = 1.000000, inc_y_i = 1.000000
En el else......

----------------------------------------
x = 55.000000, y = 80.000000
avance = -119.000000, avanceR = 2.000000, avanceI = 2.000000
inc_x_r = 0.000000, inc_y_r = 1.000000, inc_x_i = 1.000000, inc_y_i = 1.000000
En el else......

----------------------------------------
x = 55.000000, y = 81.000000
avance = -117.000000, avanceR = 2.000000, avanceI = 2.000000
inc_x_r = 0.000000, inc_y_r = 1.000000, inc_x_i = 1.000000, inc_y_i = 1.000000
En el else......

----------------------------------------
x = 55.000000, y = 82.000000
avance = -115.000000, avanceR = 2.000000, avanceI = 2.000000
inc_x_r = 0.000000, inc_y_r = 1.000000, inc_x_i = 1.000000, inc_y_i = 1.000000
En el else......

----------------------------------------
x = 55.000000, y = 83.000000
avance = -113.000000, avanceR = 2.000000, avanceI = 2.000000
inc_x_r = 0.000000, inc_y_r = 1.000000, inc_x_i = 1.000000, inc_y_i = 1.000000
En el else......

----------------------------------------
x = 55.000000, y = 84.000000
avance = -111.000000, avanceR = 2.000000, avanceI = 2.000000
inc_x_r = 0.000000, inc_y_r = 1.000000, inc_x_i = 1.000000, inc_y_i = 1.000000
En el else......

----------------------------------------
x = 55.000000, y = 85.000000
avance = -109.000000, avanceR = 2.000000, avanceI = 2.000000
inc_x_r = 0.000000, inc_y_r = 1.000000, inc_x_i = 1.000000, inc_y_i = 1.000000
En el else......

----------------------------------------
x = 55.000000, y = 86.000000
avance = -107.000000, avanceR = 2.000000, avanceI = 2.000000
inc_x_r = 0.000000, inc_y_r = 1.000000, inc_x_i = 1.000000, inc_y_i = 1.000000
En el else......

----------------------------------------
x = 55.000000, y = 87.000000
avance = -105.000000, avanceR = 2.000000, avanceI = 2.000000
inc_x_r = 0.000000, inc_y_r = 1.000000, inc_x_i = 1.000000, inc_y_i = 1.000000
En el else......

----------------------------------------
x = 55.000000, y = 88.000000
avance = -103.000000, avanceR = 2.000000, avanceI = 2.000000
inc_x_r = 0.000000, inc_y_r = 1.000000, inc_x_i = 1.000000, inc_y_i = 1.000000
En el else......

----------------------------------------
x = 55.000000, y = 89.000000
avance = -101.000000, avanceR = 2.000000, avanceI = 2.000000
inc_x_r = 0.000000, inc_y_r = 1.000000, inc_x_i = 1.000000, inc_y_i = 1.000000
En el else......

----------------------------------------
x = 55.000000, y = 90.000000
avance = -99.000000, avanceR = 2.000000, avanceI = 2.000000
inc_x_r = 0.000000, inc_y_r = 1.000000, inc_x_i = 1.000000, inc_y_i = 1.000000
En el else......

----------------------------------------
x = 55.000000, y = 91.000000
avance = -97.000000, avanceR = 2.000000, avanceI = 2.000000
inc_x_r = 0.000000, inc_y_r = 1.000000, inc_x_i = 1.000000, inc_y_i = 1.000000
En el else......

----------------------------------------
x = 55.000000, y = 92.000000
avance = -95.000000, avanceR = 2.000000, avanceI = 2.000000
inc_x_r = 0.000000, inc_y_r = 1.000000, inc_x_i = 1.000000, inc_y_i = 1.000000
En el else......

----------------------------------------
x = 55.000000, y = 93.000000
avance = -93.000000, avanceR = 2.000000, avanceI = 2.000000
inc_x_r = 0.000000, inc_y_r = 1.000000, inc_x_i = 1.000000, inc_y_i = 1.000000
En el else......

----------------------------------------
x = 55.000000, y = 94.000000
avance = -91.000000, avanceR = 2.000000, avanceI = 2.000000
inc_x_r = 0.000000, inc_y_r = 1.000000, inc_x_i = 1.000000, inc_y_i = 1.000000
En el else......

----------------------------------------
x = 55.000000, y = 95.000000
avance = -89.000000, avanceR = 2.000000, avanceI = 2.000000
inc_x_r = 0.000000, inc_y_r = 1.000000, inc_x_i = 1.000000, inc_y_i = 1.000000
En el else......

----------------------------------------
x = 55.000000, y = 96.000000
avance = -87.000000, avanceR = 2.000000, avanceI = 2.000000
inc_x_r = 0.000000, inc_y_r = 1.000000, inc_x_i = 1.000000, inc_y_i = 1.000000
En el else......

----------------------------------------
x = 55.000000, y = 97.000000
avance = -85.000000, avanceR = 2.000000, avanceI = 2.000000
inc_x_r = 0.000000, inc_y_r = 1.000000, inc_x_i = 1.000000, inc_y_i = 1.000000
En el else......

----------------------------------------
x = 55.000000, y = 98.000000
avance = -83.000000, avanceR = 2.000000, avanceI = 2.000000
inc_x_r = 0.000000, inc_y_r = 1.000000, inc_x_i = 1.000000, inc_y_i = 1.000000
En el else......

----------------------------------------
x = 55.000000, y = 99.000000
avance = -81.000000, avanceR = 2.000000, avanceI = 2.000000
inc_x_r = 0.000000, inc_y_r = 1.000000, inc_x_i = 1.000000, inc_y_i = 1.000000
En el else......

----------------------------------------
x = 55.000000, y = 100.000000
avance = -79.000000, avanceR = 2.000000, avanceI = 2.000000
inc_x_r = 0.000000, inc_y_r = 1.000000, inc_x_i = 1.000000, inc_y_i = 1.000000
En el else......

----------------------------------------
x = 55.000000, y = 101.000000
avance = -77.000000, avanceR = 2.000000, avanceI = 2.000000
inc_x_r = 0.000000, inc_y_r = 1.000000, inc_x_i = 1.000000, inc_y_i = 1.000000
En el else......

----------------------------------------
x = 55.000000, y = 102.000000
avance = -75.000000, avanceR = 2.000000, avanceI = 2.000000
inc_x_r = 0.000000, inc_y_r = 1.000000, inc_x_i = 1.000000, inc_y_i = 1.000000
En el else......

----------------------------------------
x = 55.000000, y = 103.000000
avance = -73.000000, avanceR = 2.000000, avanceI = 2.000000
inc_x_r = 0.000000, inc_y_r = 1.000000, inc_x_i = 1.000000, inc_y_i = 1.000000
En el else......

----------------------------------------
x = 55.000000, y = 104.000000
avance = -71.000000, avanceR = 2.000000, avanceI = 2.000000
inc_x_r = 0.000000, inc_y_r = 1.000000, inc_x_i = 1.000000, inc_y_i = 1.000000
En el else......

----------------------------------------
x = 55.000000, y = 105.000000
avance = -69.000000, avanceR = 2.000000, avanceI = 2.000000
inc_x_r = 0.000000, inc_y_r = 1.000000, inc_x_i = 1.000000, inc_y_i = 1.000000
En el else......

----------------------------------------
x = 55.000000, y = 106.000000
avance = -67.000000, avanceR = 2.000000, avanceI = 2.000000
inc_x_r = 0.000000, inc_y_r = 1.000000, inc_x_i = 1.000000, inc_y_i = 1.000000
En el else......

----------------------------------------
x = 55.000000, y = 107.000000
avance = -65.000000, avanceR = 2.000000, avanceI = 2.000000
inc_x_r = 0.000000, inc_y_r = 1.000000, inc_x_i = 1.000000, inc_y_i = 1.000000
En el else......

----------------------------------------
x = 55.000000, y = 108.000000
avance = -63.000000, avanceR = 2.000000, avanceI = 2.000000
inc_x_r = 0.000000, inc_y_r = 1.000000, inc_x_i = 1.000000, inc_y_i = 1.000000
En el else......

----------------------------------------
x = 55.000000, y = 109.000000
avance = -61.000000, avanceR = 2.000000, avanceI = 2.000000
inc_x_r = 0.000000, inc_y_r = 1.000000, inc_x_i = 1.000000, inc_y_i = 1.000000
En el else......

----------------------------------------
x = 55.000000, y = 110.000000
avance = -59.000000, avanceR = 2.000000, avanceI = 2.000000
inc_x_r = 0.000000, inc_y_r = 1.000000, inc_x_i = 1.000000, inc_y_i = 1.000000
En el else......

----------------------------------------
x = 55.000000, y = 111.000000
avance = -57.000000, avanceR = 2.000000, avanceI = 2.000000
inc_x_r = 0.000000, inc_y_r = 1.000000, inc_x_i = 1.000000, inc_y_i = 1.000000
En el else......

----------------------------------------
x = 55.000000, y = 112.000000
avance = -55.000000, avanceR = 2.000000, avanceI = 2.000000
inc_x_r = 0.000000, inc_y_r = 1.000000, inc_x_i = 1.000000, inc_y_i = 1.000000
En el else......

----------------------------------------
x = 55.000000, y = 113.000000
avance = -53.000000, avanceR = 2.000000, avanceI = 2.000000
inc_x_r = 0.000000, inc_y_r = 1.000000, inc_x_i = 1.000000, inc_y_i = 1.000000
En el else......

----------------------------------------
x = 55.000000, y = 114.000000
avance = -51.000000, avanceR = 2.000000, avanceI = 2.000000
inc_x_r = 0.000000, inc_y_r = 1.000000, inc_x_i = 1.000000, inc_y_i = 1.000000
En el else......

----------------------------------------
x = 55.000000, y = 115.000000
avance = -49.000000, avanceR = 2.000000, avanceI = 2.000000
inc_x_r = 0.000000, inc_y_r = 1.000000, inc_x_i = 1.000000, inc_y_i = 1.000000
En el else......

----------------------------------------
x = 55.000000, y = 116.000000
avance = -47.000000, avanceR = 2.000000, avanceI = 2.000000
inc_x_r = 0.000000, inc_y_r = 1.000000, inc_x_i = 1.000000, inc_y_i = 1.000000
En el else......

----------------------------------------
x = 55.000000, y = 117.000000
avance = -45.000000, avanceR = 2.000000, avanceI = 2.000000
inc_x_r = 0.000000, inc_y_r = 1.000000, inc_x_i = 1.000000, inc_y_i = 1.000000
En el else......

----------------------------------------
x = 55.000000, y = 118.000000
avance = -43.000000, avanceR = 2.000000, avanceI = 2.000000
inc_x_r = 0.000000, inc_y_r = 1.000000, inc_x_i = 1.000000, inc_y_i = 1.000000
En el else......

----------------------------------------
x = 55.000000, y = 119.000000
avance = -41.000000, avanceR = 2.000000, avanceI = 2.000000
inc_x_r = 0.000000, inc_y_r = 1.000000, inc_x_i = 1.000000, inc_y_i = 1.000000
En el else......

----------------------------------------
x = 55.000000, y = 120.000000
avance = -39.000000, avanceR = 2.000000, avanceI = 2.000000
inc_x_r = 0.000000, inc_y_r = 1.000000, inc_x_i = 1.000000, inc_y_i = 1.000000
En el else......

----------------------------------------
x = 55.000000, y = 121.000000
avance = -37.000000, avanceR = 2.000000, avanceI = 2.000000
inc_x_r = 0.000000, inc_y_r = 1.000000, inc_x_i = 1.000000, inc_y_i = 1.000000
En el else......

----------------------------------------
x = 55.000000, y = 122.000000
avance = -35.000000, avanceR = 2.000000, avanceI = 2.000000
inc_x_r = 0.000000, inc_y_r = 1.000000, inc_x_i = 1.000000, inc_y_i = 1.000000
En el else......

----------------------------------------
x = 55.000000, y = 123.000000
avance = -33.000000, avanceR = 2.000000, avanceI = 2.000000
inc_x_r = 0.000000, inc_y_r = 1.000000, inc_x_i = 1.000000, inc_y_i = 1.000000
En el else......

----------------------------------------
x = 55.000000, y = 124.000000
avance = -31.000000, avanceR = 2.000000, avanceI = 2.000000
inc_x_r = 0.000000, inc_y_r = 1.000000, inc_x_i = 1.000000, inc_y_i = 1.000000
En el else......

----------------------------------------
x = 55.000000, y = 125.000000
avance = -29.000000, avanceR = 2.000000, avanceI = 2.000000
inc_x_r = 0.000000, inc_y_r = 1.000000, inc_x_i = 1.000000, inc_y_i = 1.000000
En el else......

----------------------------------------
x = 55.000000, y = 126.000000
avance = -27.000000, avanceR = 2.000000, avanceI = 2.000000
inc_x_r = 0.000000, inc_y_r = 1.000000, inc_x_i = 1.000000, inc_y_i = 1.000000
En el else......

----------------------------------------
x = 55.000000, y = 127.000000
avance = -25.000000, avanceR = 2.000000, avanceI = 2.000000
inc_x_r = 0.000000, inc_y_r = 1.000000, inc_x_i = 1.000000, inc_y_i = 1.000000
En el else......

----------------------------------------
x = 55.000000, y = 128.000000
avance = -23.000000, avanceR = 2.000000, avanceI = 2.000000
inc_x_r = 0.000000, inc_y_r = 1.000000, inc_x_i = 1.000000, inc_y_i = 1.000000
En el else......

----------------------------------------
x = 55.000000, y = 129.000000
avance = -21.000000, avanceR = 2.000000, avanceI = 2.000000
inc_x_r = 0.000000, inc_y_r = 1.000000, inc_x_i = 1.000000, inc_y_i = 1.000000
En el else......

----------------------------------------
x = 55.000000, y = 130.000000
avance = -19.000000, avanceR = 2.000000, avanceI = 2.000000
inc_x_r = 0.000000, inc_y_r = 1.000000, inc_x_i = 1.000000, inc_y_i = 1.000000
En el else......

----------------------------------------
x = 55.000000, y = 131.000000
avance = -17.000000, avanceR = 2.000000, avanceI = 2.000000
inc_x_r = 0.000000, inc_y_r = 1.000000, inc_x_i = 1.000000, inc_y_i = 1.000000
En el else......

----------------------------------------
x = 55.000000, y = 132.000000
avance = -15.000000, avanceR = 2.000000, avanceI = 2.000000
inc_x_r = 0.000000, inc_y_r = 1.000000, inc_x_i = 1.000000, inc_y_i = 1.000000
En el else......

----------------------------------------
x = 55.000000, y = 133.000000
avance = -13.000000, avanceR = 2.000000, avanceI = 2.000000
inc_x_r = 0.000000, inc_y_r = 1.000000, inc_x_i = 1.000000, inc_y_i = 1.000000
En el else......

----------------------------------------
x = 55.000000, y = 134.000000
avance = -11.000000, avanceR = 2.000000, avanceI = 2.000000
inc_x_r = 0.000000, inc_y_r = 1.000000, inc_x_i = 1.000000, inc_y_i = 1.000000
En el else......

----------------------------------------
x = 55.000000, y = 135.000000
avance = -9.000000, avanceR = 2.000000, avanceI = 2.000000
inc_x_r = 0.000000, inc_y_r = 1.000000, inc_x_i = 1.000000, inc_y_i = 1.000000
En el else......

----------------------------------------
x = 55.000000, y = 136.000000
avance = -7.000000, avanceR = 2.000000, avanceI = 2.000000
inc_x_r = 0.000000, inc_y_r = 1.000000, inc_x_i = 1.000000, inc_y_i = 1.000000
En el else......

----------------------------------------
x = 55.000000, y = 137.000000
avance = -5.000000, avanceR = 2.000000, avanceI = 2.000000
inc_x_r = 0.000000, inc_y_r = 1.000000, inc_x_i = 1.000000, inc_y_i = 1.000000
En el else......

----------------------------------------
x = 55.000000, y = 138.000000
avance = -3.000000, avanceR = 2.000000, avanceI = 2.000000
inc_x_r = 0.000000, inc_y_r = 1.000000, inc_x_i = 1.000000, inc_y_i = 1.000000
En el else......

----------------------------------------
x = 55.000000, y = 139.000000
avance = -1.000000, avanceR = 2.000000, avanceI = 2.000000
inc_x_r = 0.000000, inc_y_r = 1.000000, inc_x_i = 1.000000, inc_y_i = 1.000000
En el else......

----------------------------------------
x = 55.000000, y = 140.000000
avance = 1.000000, avanceR = 2.000000, avanceI = 2.000000
inc_x_r = 0.000000, inc_y_r = 1.000000, inc_x_i = 1.000000, inc_y_i = 1.000000
avance >= 0

----------------------------------------
x = 56.000000, y = 141.000000
avance = -499.000000, avanceR = 2.000000, avanceI = 2.000000
inc_x_r = 0.000000, inc_y_r = 1.000000, inc_x_i = 1.000000, inc_y_i = 1.000000
En el else......

----------------------------------------
x = 56.000000, y = 142.000000
avance = -497.000000, avanceR = 2.000000, avanceI = 2.000000
inc_x_r = 0.000000, inc_y_r = 1.000000, inc_x_i = 1.000000, inc_y_i = 1.000000
En el else......

----------------------------------------
x = 56.000000, y = 143.000000
avance = -495.000000, avanceR = 2.000000, avanceI = 2.000000
inc_x_r = 0.000000, inc_y_r = 1.000000, inc_x_i = 1.000000, inc_y_i = 1.000000
En el else......

----------------------------------------
x = 56.000000, y = 144.000000
avance = -493.000000, avanceR = 2.000000, avanceI = 2.000000
inc_x_r = 0.000000, inc_y_r = 1.000000, inc_x_i = 1.000000, inc_y_i = 1.000000
En el else......

----------------------------------------
x = 56.000000, y = 145.000000
avance = -491.000000, avanceR = 2.000000, avanceI = 2.000000
inc_x_r = 0.000000, inc_y_r = 1.000000, inc_x_i = 1.000000, inc_y_i = 1.000000
En el else......

----------------------------------------
x = 56.000000, y = 146.000000
avance = -489.000000, avanceR = 2.000000, avanceI = 2.000000
inc_x_r = 0.000000, inc_y_r = 1.000000, inc_x_i = 1.000000, inc_y_i = 1.000000
En el else......

----------------------------------------
x = 56.000000, y = 147.000000
avance = -487.000000, avanceR = 2.000000, avanceI = 2.000000
inc_x_r = 0.000000, inc_y_r = 1.000000, inc_x_i = 1.000000, inc_y_i = 1.000000
En el else......

----------------------------------------
x = 56.000000, y = 148.000000
avance = -485.000000, avanceR = 2.000000, avanceI = 2.000000
inc_x_r = 0.000000, inc_y_r = 1.000000, inc_x_i = 1.000000, inc_y_i = 1.000000
En el else......

----------------------------------------
x = 56.000000, y = 149.000000
avance = -483.000000, avanceR = 2.000000, avanceI = 2.000000
inc_x_r = 0.000000, inc_y_r = 1.000000, inc_x_i = 1.000000, inc_y_i = 1.000000
En el else......

----------------------------------------
x = 56.000000, y = 150.000000
avance = -481.000000, avanceR = 2.000000, avanceI = 2.000000
inc_x_r = 0.000000, inc_y_r = 1.000000, inc_x_i = 1.000000, inc_y_i = 1.000000
En el else......

----------------------------------------
x = 56.000000, y = 151.000000
avance = -479.000000, avanceR = 2.000000, avanceI = 2.000000
inc_x_r = 0.000000, inc_y_r = 1.000000, inc_x_i = 1.000000, inc_y_i = 1.000000
En el else......

----------------------------------------
x = 56.000000, y = 152.000000
avance = -477.000000, avanceR = 2.000000, avanceI = 2.000000
inc_x_r = 0.000000, inc_y_r = 1.000000, inc_x_i = 1.000000, inc_y_i = 1.000000
En el else......

----------------------------------------
x = 56.000000, y = 153.000000
avance = -475.000000, avanceR = 2.000000, avanceI = 2.000000
inc_x_r = 0.000000, inc_y_r = 1.000000, inc_x_i = 1.000000, inc_y_i = 1.000000
En el else......

----------------------------------------
x = 56.000000, y = 154.000000
avance = -473.000000, avanceR = 2.000000, avanceI = 2.000000
inc_x_r = 0.000000, inc_y_r = 1.000000, inc_x_i = 1.000000, inc_y_i = 1.000000
En el else......

----------------------------------------
x = 56.000000, y = 155.000000
avance = -471.000000, avanceR = 2.000000, avanceI = 2.000000
inc_x_r = 0.000000, inc_y_r = 1.000000, inc_x_i = 1.000000, inc_y_i = 1.000000
En el else......

----------------------------------------
x = 56.000000, y = 156.000000
avance = -469.000000, avanceR = 2.000000, avanceI = 2.000000
inc_x_r = 0.000000, inc_y_r = 1.000000, inc_x_i = 1.000000, inc_y_i = 1.000000
En el else......

----------------------------------------
x = 56.000000, y = 157.000000
avance = -467.000000, avanceR = 2.000000, avanceI = 2.000000
inc_x_r = 0.000000, inc_y_r = 1.000000, inc_x_i = 1.000000, inc_y_i = 1.000000
En el else......

----------------------------------------
x = 56.000000, y = 158.000000
avance = -465.000000, avanceR = 2.000000, avanceI = 2.000000
inc_x_r = 0.000000, inc_y_r = 1.000000, inc_x_i = 1.000000, inc_y_i = 1.000000
En el else......

----------------------------------------
x = 56.000000, y = 159.000000
avance = -463.000000, avanceR = 2.000000, avanceI = 2.000000
inc_x_r = 0.000000, inc_y_r = 1.000000, inc_x_i = 1.000000, inc_y_i = 1.000000
En el else......

----------------------------------------
x = 56.000000, y = 160.000000
avance = -461.000000, avanceR = 2.000000, avanceI = 2.000000
inc_x_r = 0.000000, inc_y_r = 1.000000, inc_x_i = 1.000000, inc_y_i = 1.000000
En el else......

----------------------------------------
x = 56.000000, y = 161.000000
avance = -459.000000, avanceR = 2.000000, avanceI = 2.000000
inc_x_r = 0.000000, inc_y_r = 1.000000, inc_x_i = 1.000000, inc_y_i = 1.000000
En el else......

----------------------------------------
x = 56.000000, y = 162.000000
avance = -457.000000, avanceR = 2.000000, avanceI = 2.000000
inc_x_r = 0.000000, inc_y_r = 1.000000, inc_x_i = 1.000000, inc_y_i = 1.000000
En el else......

----------------------------------------
x = 56.000000, y = 163.000000
avance = -455.000000, avanceR = 2.000000, avanceI = 2.000000
inc_x_r = 0.000000, inc_y_r = 1.000000, inc_x_i = 1.000000, inc_y_i = 1.000000
En el else......

----------------------------------------
x = 56.000000, y = 164.000000
avance = -453.000000, avanceR = 2.000000, avanceI = 2.000000
inc_x_r = 0.000000, inc_y_r = 1.000000, inc_x_i = 1.000000, inc_y_i = 1.000000
En el else......

----------------------------------------
x = 56.000000, y = 165.000000
avance = -451.000000, avanceR = 2.000000, avanceI = 2.000000
inc_x_r = 0.000000, inc_y_r = 1.000000, inc_x_i = 1.000000, inc_y_i = 1.000000
En el else......

----------------------------------------
x = 56.000000, y = 166.000000
avance = -449.000000, avanceR = 2.000000, avanceI = 2.000000
inc_x_r = 0.000000, inc_y_r = 1.000000, inc_x_i = 1.000000, inc_y_i = 1.000000
En el else......

----------------------------------------
x = 56.000000, y = 167.000000
avance = -447.000000, avanceR = 2.000000, avanceI = 2.000000
inc_x_r = 0.000000, inc_y_r = 1.000000, inc_x_i = 1.000000, inc_y_i = 1.000000
En el else......

----------------------------------------
x = 56.000000, y = 168.000000
avance = -445.000000, avanceR = 2.000000, avanceI = 2.000000
inc_x_r = 0.000000, inc_y_r = 1.000000, inc_x_i = 1.000000, inc_y_i = 1.000000
En el else......

----------------------------------------
x = 56.000000, y = 169.000000
avance = -443.000000, avanceR = 2.000000, avanceI = 2.000000
inc_x_r = 0.000000, inc_y_r = 1.000000, inc_x_i = 1.000000, inc_y_i = 1.000000
En el else......

----------------------------------------
x = 56.000000, y = 170.000000
avance = -441.000000, avanceR = 2.000000, avanceI = 2.000000
inc_x_r = 0.000000, inc_y_r = 1.000000, inc_x_i = 1.000000, inc_y_i = 1.000000
En el else......

----------------------------------------
x = 56.000000, y = 171.000000
avance = -439.000000, avanceR = 2.000000, avanceI = 2.000000
inc_x_r = 0.000000, inc_y_r = 1.000000, inc_x_i = 1.000000, inc_y_i = 1.000000
En el else......

----------------------------------------
x = 56.000000, y = 172.000000
avance = -437.000000, avanceR = 2.000000, avanceI = 2.000000
inc_x_r = 0.000000, inc_y_r = 1.000000, inc_x_i = 1.000000, inc_y_i = 1.000000
En el else......

----------------------------------------
x = 56.000000, y = 173.000000
avance = -435.000000, avanceR = 2.000000, avanceI = 2.000000
inc_x_r = 0.000000, inc_y_r = 1.000000, inc_x_i = 1.000000, inc_y_i = 1.000000
En el else......

----------------------------------------
x = 56.000000, y = 174.000000
avance = -433.000000, avanceR = 2.000000, avanceI = 2.000000
inc_x_r = 0.000000, inc_y_r = 1.000000, inc_x_i = 1.000000, inc_y_i = 1.000000
En el else......

----------------------------------------
x = 56.000000, y = 175.000000
avance = -431.000000, avanceR = 2.000000, avanceI = 2.000000
inc_x_r = 0.000000, inc_y_r = 1.000000, inc_x_i = 1.000000, inc_y_i = 1.000000
En el else......

----------------------------------------
x = 56.000000, y = 176.000000
avance = -429.000000, avanceR = 2.000000, avanceI = 2.000000
inc_x_r = 0.000000, inc_y_r = 1.000000, inc_x_i = 1.000000, inc_y_i = 1.000000
En el else......

----------------------------------------
x = 56.000000, y = 177.000000
avance = -427.000000, avanceR = 2.000000, avanceI = 2.000000
inc_x_r = 0.000000, inc_y_r = 1.000000, inc_x_i = 1.000000, inc_y_i = 1.000000
En el else......

----------------------------------------
x = 56.000000, y = 178.000000
avance = -425.000000, avanceR = 2.000000, avanceI = 2.000000
inc_x_r = 0.000000, inc_y_r = 1.000000, inc_x_i = 1.000000, inc_y_i = 1.000000
En el else......

----------------------------------------
x = 56.000000, y = 179.000000
avance = -423.000000, avanceR = 2.000000, avanceI = 2.000000
inc_x_r = 0.000000, inc_y_r = 1.000000, inc_x_i = 1.000000, inc_y_i = 1.000000
En el else......

----------------------------------------
x = 56.000000, y = 180.000000
avance = -421.000000, avanceR = 2.000000, avanceI = 2.000000
inc_x_r = 0.000000, inc_y_r = 1.000000, inc_x_i = 1.000000, inc_y_i = 1.000000
En el else......

----------------------------------------
x = 56.000000, y = 181.000000
avance = -419.000000, avanceR = 2.000000, avanceI = 2.000000
inc_x_r = 0.000000, inc_y_r = 1.000000, inc_x_i = 1.000000, inc_y_i = 1.000000
En el else......

----------------------------------------
x = 56.000000, y = 182.000000
avance = -417.000000, avanceR = 2.000000, avanceI = 2.000000
inc_x_r = 0.000000, inc_y_r = 1.000000, inc_x_i = 1.000000, inc_y_i = 1.000000
En el else......

----------------------------------------
x = 56.000000, y = 183.000000
avance = -415.000000, avanceR = 2.000000, avanceI = 2.000000
inc_x_r = 0.000000, inc_y_r = 1.000000, inc_x_i = 1.000000, inc_y_i = 1.000000
En el else......

----------------------------------------
x = 56.000000, y = 184.000000
avance = -413.000000, avanceR = 2.000000, avanceI = 2.000000
inc_x_r = 0.000000, inc_y_r = 1.000000, inc_x_i = 1.000000, inc_y_i = 1.000000
En el else......

----------------------------------------
x = 56.000000, y = 185.000000
avance = -411.000000, avanceR = 2.000000, avanceI = 2.000000
inc_x_r = 0.000000, inc_y_r = 1.000000, inc_x_i = 1.000000, inc_y_i = 1.000000
En el else......

----------------------------------------
x = 56.000000, y = 186.000000
avance = -409.000000, avanceR = 2.000000, avanceI = 2.000000
inc_x_r = 0.000000, inc_y_r = 1.000000, inc_x_i = 1.000000, inc_y_i = 1.000000
En el else......

----------------------------------------
x = 56.000000, y = 187.000000
avance = -407.000000, avanceR = 2.000000, avanceI = 2.000000
inc_x_r = 0.000000, inc_y_r = 1.000000, inc_x_i = 1.000000, inc_y_i = 1.000000
En el else......

----------------------------------------
x = 56.000000, y = 188.000000
avance = -405.000000, avanceR = 2.000000, avanceI = 2.000000
inc_x_r = 0.000000, inc_y_r = 1.000000, inc_x_i = 1.000000, inc_y_i = 1.000000
En el else......

----------------------------------------
x = 56.000000, y = 189.000000
avance = -403.000000, avanceR = 2.000000, avanceI = 2.000000
inc_x_r = 0.000000, inc_y_r = 1.000000, inc_x_i = 1.000000, inc_y_i = 1.000000
En el else......

----------------------------------------
x = 56.000000, y = 190.000000
avance = -401.000000, avanceR = 2.000000, avanceI = 2.000000
inc_x_r = 0.000000, inc_y_r = 1.000000, inc_x_i = 1.000000, inc_y_i = 1.000000
En el else......

----------------------------------------
x = 56.000000, y = 191.000000
avance = -399.000000, avanceR = 2.000000, avanceI = 2.000000
inc_x_r = 0.000000, inc_y_r = 1.000000, inc_x_i = 1.000000, inc_y_i = 1.000000
En el else......

----------------------------------------
x = 56.000000, y = 192.000000
avance = -397.000000, avanceR = 2.000000, avanceI = 2.000000
inc_x_r = 0.000000, inc_y_r = 1.000000, inc_x_i = 1.000000, inc_y_i = 1.000000
En el else......

----------------------------------------
x = 56.000000, y = 193.000000
avance = -395.000000, avanceR = 2.000000, avanceI = 2.000000
inc_x_r = 0.000000, inc_y_r = 1.000000, inc_x_i = 1.000000, inc_y_i = 1.000000
En el else......

----------------------------------------
x = 56.000000, y = 194.000000
avance = -393.000000, avanceR = 2.000000, avanceI = 2.000000
inc_x_r = 0.000000, inc_y_r = 1.000000, inc_x_i = 1.000000, inc_y_i = 1.000000
En el else......

----------------------------------------
x = 56.000000, y = 195.000000
avance = -391.000000, avanceR = 2.000000, avanceI = 2.000000
inc_x_r = 0.000000, inc_y_r = 1.000000, inc_x_i = 1.000000, inc_y_i = 1.000000
En el else......

----------------------------------------
x = 56.000000, y = 196.000000
avance = -389.000000, avanceR = 2.000000, avanceI = 2.000000
inc_x_r = 0.000000, inc_y_r = 1.000000, inc_x_i = 1.000000, inc_y_i = 1.000000
En el else......

----------------------------------------
x = 56.000000, y = 197.000000
avance = -387.000000, avanceR = 2.000000, avanceI = 2.000000
inc_x_r = 0.000000, inc_y_r = 1.000000, inc_x_i = 1.000000, inc_y_i = 1.000000
En el else......

----------------------------------------
x = 56.000000, y = 198.000000
avance = -385.000000, avanceR = 2.000000, avanceI = 2.000000
inc_x_r = 0.000000, inc_y_r = 1.000000, inc_x_i = 1.000000, inc_y_i = 1.000000
En el else......

----------------------------------------
x = 56.000000, y = 199.000000
avance = -383.000000, avanceR = 2.000000, avanceI = 2.000000
inc_x_r = 0.000000, inc_y_r = 1.000000, inc_x_i = 1.000000, inc_y_i = 1.000000
En el else......

----------------------------------------
x = 56.000000, y = 200.000000
avance = -381.000000, avanceR = 2.000000, avanceI = 2.000000
inc_x_r = 0.000000, inc_y_r = 1.000000, inc_x_i = 1.000000, inc_y_i = 1.000000
En el else......

----------------------------------------
x = 56.000000, y = 201.000000
avance = -379.000000, avanceR = 2.000000, avanceI = 2.000000
inc_x_r = 0.000000, inc_y_r = 1.000000, inc_x_i = 1.000000, inc_y_i = 1.000000
En el else......

----------------------------------------
x = 56.000000, y = 202.000000
avance = -377.000000, avanceR = 2.000000, avanceI = 2.000000
inc_x_r = 0.000000, inc_y_r = 1.000000, inc_x_i = 1.000000, inc_y_i = 1.000000
En el else......

----------------------------------------
x = 56.000000, y = 203.000000
avance = -375.000000, avanceR = 2.000000, avanceI = 2.000000
inc_x_r = 0.000000, inc_y_r = 1.000000, inc_x_i = 1.000000, inc_y_i = 1.000000
En el else......

----------------------------------------
x = 56.000000, y = 204.000000
avance = -373.000000, avanceR = 2.000000, avanceI = 2.000000
inc_x_r = 0.000000, inc_y_r = 1.000000, inc_x_i = 1.000000, inc_y_i = 1.000000
En el else......

----------------------------------------
x = 56.000000, y = 205.000000
avance = -371.000000, avanceR = 2.000000, avanceI = 2.000000
inc_x_r = 0.000000, inc_y_r = 1.000000, inc_x_i = 1.000000, inc_y_i = 1.000000
En el else......

----------------------------------------
x = 56.000000, y = 206.000000
avance = -369.000000, avanceR = 2.000000, avanceI = 2.000000
inc_x_r = 0.000000, inc_y_r = 1.000000, inc_x_i = 1.000000, inc_y_i = 1.000000
En el else......

----------------------------------------
x = 56.000000, y = 207.000000
avance = -367.000000, avanceR = 2.000000, avanceI = 2.000000
inc_x_r = 0.000000, inc_y_r = 1.000000, inc_x_i = 1.000000, inc_y_i = 1.000000
En el else......

----------------------------------------
x = 56.000000, y = 208.000000
avance = -365.000000, avanceR = 2.000000, avanceI = 2.000000
inc_x_r = 0.000000, inc_y_r = 1.000000, inc_x_i = 1.000000, inc_y_i = 1.000000
En el else......

----------------------------------------
x = 56.000000, y = 209.000000
avance = -363.000000, avanceR = 2.000000, avanceI = 2.000000
inc_x_r = 0.000000, inc_y_r = 1.000000, inc_x_i = 1.000000, inc_y_i = 1.000000
En el else......

----------------------------------------
x = 56.000000, y = 210.000000
avance = -361.000000, avanceR = 2.000000, avanceI = 2.000000
inc_x_r = 0.000000, inc_y_r = 1.000000, inc_x_i = 1.000000, inc_y_i = 1.000000
En el else......

----------------------------------------
x = 56.000000, y = 211.000000
avance = -359.000000, avanceR = 2.000000, avanceI = 2.000000
inc_x_r = 0.000000, inc_y_r = 1.000000, inc_x_i = 1.000000, inc_y_i = 1.000000
En el else......

----------------------------------------
x = 56.000000, y = 212.000000
avance = -357.000000, avanceR = 2.000000, avanceI = 2.000000
inc_x_r = 0.000000, inc_y_r = 1.000000, inc_x_i = 1.000000, inc_y_i = 1.000000
En el else......

----------------------------------------
x = 56.000000, y = 213.000000
avance = -355.000000, avanceR = 2.000000, avanceI = 2.000000
inc_x_r = 0.000000, inc_y_r = 1.000000, inc_x_i = 1.000000, inc_y_i = 1.000000
En el else......

----------------------------------------
x = 56.000000, y = 214.000000
avance = -353.000000, avanceR = 2.000000, avanceI = 2.000000
inc_x_r = 0.000000, inc_y_r = 1.000000, inc_x_i = 1.000000, inc_y_i = 1.000000
En el else......

----------------------------------------
x = 56.000000, y = 215.000000
avance = -351.000000, avanceR = 2.000000, avanceI = 2.000000
inc_x_r = 0.000000, inc_y_r = 1.000000, inc_x_i = 1.000000, inc_y_i = 1.000000
En el else......

----------------------------------------
x = 56.000000, y = 216.000000
avance = -349.000000, avanceR = 2.000000, avanceI = 2.000000
inc_x_r = 0.000000, inc_y_r = 1.000000, inc_x_i = 1.000000, inc_y_i = 1.000000
En el else......

----------------------------------------
x = 56.000000, y = 217.000000
avance = -347.000000, avanceR = 2.000000, avanceI = 2.000000
inc_x_r = 0.000000, inc_y_r = 1.000000, inc_x_i = 1.000000, inc_y_i = 1.000000
En el else......

----------------------------------------
x = 56.000000, y = 218.000000
avance = -345.000000, avanceR = 2.000000, avanceI = 2.000000
inc_x_r = 0.000000, inc_y_r = 1.000000, inc_x_i = 1.000000, inc_y_i = 1.000000
En el else......

----------------------------------------
x = 56.000000, y = 219.000000
avance = -343.000000, avanceR = 2.000000, avanceI = 2.000000
inc_x_r = 0.000000, inc_y_r = 1.000000, inc_x_i = 1.000000, inc_y_i = 1.000000
En el else......

----------------------------------------
x = 56.000000, y = 220.000000
avance = -341.000000, avanceR = 2.000000, avanceI = 2.000000
inc_x_r = 0.000000, inc_y_r = 1.000000, inc_x_i = 1.000000, inc_y_i = 1.000000
En el else......

----------------------------------------
x = 56.000000, y = 221.000000
avance = -339.000000, avanceR = 2.000000, avanceI = 2.000000
inc_x_r = 0.000000, inc_y_r = 1.000000, inc_x_i = 1.000000, inc_y_i = 1.000000
En el else......

----------------------------------------
x = 56.000000, y = 222.000000
avance = -337.000000, avanceR = 2.000000, avanceI = 2.000000
inc_x_r = 0.000000, inc_y_r = 1.000000, inc_x_i = 1.000000, inc_y_i = 1.000000
En el else......

----------------------------------------
x = 56.000000, y = 223.000000
avance = -335.000000, avanceR = 2.000000, avanceI = 2.000000
inc_x_r = 0.000000, inc_y_r = 1.000000, inc_x_i = 1.000000, inc_y_i = 1.000000
En el else......

----------------------------------------
x = 56.000000, y = 224.000000
avance = -333.000000, avanceR = 2.000000, avanceI = 2.000000
inc_x_r = 0.000000, inc_y_r = 1.000000, inc_x_i = 1.000000, inc_y_i = 1.000000
En el else......

----------------------------------------
x = 56.000000, y = 225.000000
avance = -331.000000, avanceR = 2.000000, avanceI = 2.000000
inc_x_r = 0.000000, inc_y_r = 1.000000, inc_x_i = 1.000000, inc_y_i = 1.000000
En el else......

----------------------------------------
x = 56.000000, y = 226.000000
avance = -329.000000, avanceR = 2.000000, avanceI = 2.000000
inc_x_r = 0.000000, inc_y_r = 1.000000, inc_x_i = 1.000000, inc_y_i = 1.000000
En el else......

----------------------------------------
x = 56.000000, y = 227.000000
avance = -327.000000, avanceR = 2.000000, avanceI = 2.000000
inc_x_r = 0.000000, inc_y_r = 1.000000, inc_x_i = 1.000000, inc_y_i = 1.000000
En el else......

----------------------------------------
x = 56.000000, y = 228.000000
avance = -325.000000, avanceR = 2.000000, avanceI = 2.000000
inc_x_r = 0.000000, inc_y_r = 1.000000, inc_x_i = 1.000000, inc_y_i = 1.000000
En el else......

----------------------------------------
x = 56.000000, y = 229.000000
avance = -323.000000, avanceR = 2.000000, avanceI = 2.000000
inc_x_r = 0.000000, inc_y_r = 1.000000, inc_x_i = 1.000000, inc_y_i = 1.000000
En el else......

----------------------------------------
x = 56.000000, y = 230.000000
avance = -321.000000, avanceR = 2.000000, avanceI = 2.000000
inc_x_r = 0.000000, inc_y_r = 1.000000, inc_x_i = 1.000000, inc_y_i = 1.000000
En el else......

----------------------------------------
x = 56.000000, y = 231.000000
avance = -319.000000, avanceR = 2.000000, avanceI = 2.000000
inc_x_r = 0.000000, inc_y_r = 1.000000, inc_x_i = 1.000000, inc_y_i = 1.000000
En el else......

----------------------------------------
x = 56.000000, y = 232.000000
avance = -317.000000, avanceR = 2.000000, avanceI = 2.000000
inc_x_r = 0.000000, inc_y_r = 1.000000, inc_x_i = 1.000000, inc_y_i = 1.000000
En el else......

----------------------------------------
x = 56.000000, y = 233.000000
avance = -315.000000, avanceR = 2.000000, avanceI = 2.000000
inc_x_r = 0.000000, inc_y_r = 1.000000, inc_x_i = 1.000000, inc_y_i = 1.000000
En el else......

----------------------------------------
x = 56.000000, y = 234.000000
avance = -313.000000, avanceR = 2.000000, avanceI = 2.000000
inc_x_r = 0.000000, inc_y_r = 1.000000, inc_x_i = 1.000000, inc_y_i = 1.000000
En el else......

----------------------------------------
x = 56.000000, y = 235.000000
avance = -311.000000, avanceR = 2.000000, avanceI = 2.000000
inc_x_r = 0.000000, inc_y_r = 1.000000, inc_x_i = 1.000000, inc_y_i = 1.000000
En el else......

----------------------------------------
x = 56.000000, y = 236.000000
avance = -309.000000, avanceR = 2.000000, avanceI = 2.000000
inc_x_r = 0.000000, inc_y_r = 1.000000, inc_x_i = 1.000000, inc_y_i = 1.000000
En el else......

----------------------------------------
x = 56.000000, y = 237.000000
avance = -307.000000, avanceR = 2.000000, avanceI = 2.000000
inc_x_r = 0.000000, inc_y_r = 1.000000, inc_x_i = 1.000000, inc_y_i = 1.000000
En el else......

----------------------------------------
x = 56.000000, y = 238.000000
avance = -305.000000, avanceR = 2.000000, avanceI = 2.000000
inc_x_r = 0.000000, inc_y_r = 1.000000, inc_x_i = 1.000000, inc_y_i = 1.000000
En el else......

----------------------------------------
x = 56.000000, y = 239.000000
avance = -303.000000, avanceR = 2.000000, avanceI = 2.000000
inc_x_r = 0.000000, inc_y_r = 1.000000, inc_x_i = 1.000000, inc_y_i = 1.000000
En el else......

----------------------------------------
x = 56.000000, y = 240.000000
avance = -301.000000, avanceR = 2.000000, avanceI = 2.000000
inc_x_r = 0.000000, inc_y_r = 1.000000, inc_x_i = 1.000000, inc_y_i = 1.000000
En el else......

----------------------------------------
x = 56.000000, y = 241.000000
avance = -299.000000, avanceR = 2.000000, avanceI = 2.000000
inc_x_r = 0.000000, inc_y_r = 1.000000, inc_x_i = 1.000000, inc_y_i = 1.000000
En el else......

----------------------------------------
x = 56.000000, y = 242.000000
avance = -297.000000, avanceR = 2.000000, avanceI = 2.000000
inc_x_r = 0.000000, inc_y_r = 1.000000, inc_x_i = 1.000000, inc_y_i = 1.000000
En el else......

----------------------------------------
x = 56.000000, y = 243.000000
avance = -295.000000, avanceR = 2.000000, avanceI = 2.000000
inc_x_r = 0.000000, inc_y_r = 1.000000, inc_x_i = 1.000000, inc_y_i = 1.000000
En el else......

----------------------------------------
x = 56.000000, y = 244.000000
avance = -293.000000, avanceR = 2.000000, avanceI = 2.000000
inc_x_r = 0.000000, inc_y_r = 1.000000, inc_x_i = 1.000000, inc_y_i = 1.000000
En el else......

----------------------------------------
x = 56.000000, y = 245.000000
avance = -291.000000, avanceR = 2.000000, avanceI = 2.000000
inc_x_r = 0.000000, inc_y_r = 1.000000, inc_x_i = 1.000000, inc_y_i = 1.000000
En el else......

----------------------------------------
x = 56.000000, y = 246.000000
avance = -289.000000, avanceR = 2.000000, avanceI = 2.000000
inc_x_r = 0.000000, inc_y_r = 1.000000, inc_x_i = 1.000000, inc_y_i = 1.000000
En el else......

----------------------------------------
x = 56.000000, y = 247.000000
avance = -287.000000, avanceR = 2.000000, avanceI = 2.000000
inc_x_r = 0.000000, inc_y_r = 1.000000, inc_x_i = 1.000000, inc_y_i = 1.000000
En el else......

----------------------------------------
x = 56.000000, y = 248.000000
avance = -285.000000, avanceR = 2.000000, avanceI = 2.000000
inc_x_r = 0.000000, inc_y_r = 1.000000, inc_x_i = 1.000000, inc_y_i = 1.000000
En el else......

----------------------------------------
x = 56.000000, y = 249.000000
avance = -283.000000, avanceR = 2.000000, avanceI = 2.000000
inc_x_r = 0.000000, inc_y_r = 1.000000, inc_x_i = 1.000000, inc_y_i = 1.000000
En el else......

----------------------------------------
x = 56.000000, y = 250.000000
avance = -281.000000, avanceR = 2.000000, avanceI = 2.000000
inc_x_r = 0.000000, inc_y_r = 1.000000, inc_x_i = 1.000000, inc_y_i = 1.000000
En el else......

----------------------------------------
x = 56.000000, y = 251.000000
avance = -279.000000, avanceR = 2.000000, avanceI = 2.000000
inc_x_r = 0.000000, inc_y_r = 1.000000, inc_x_i = 1.000000, inc_y_i = 1.000000
En el else......

----------------------------------------
x = 56.000000, y = 252.000000
avance = -277.000000, avanceR = 2.000000, avanceI = 2.000000
inc_x_r = 0.000000, inc_y_r = 1.000000, inc_x_i = 1.000000, inc_y_i = 1.000000
En el else......

----------------------------------------
x = 56.000000, y = 253.000000
avance = -275.000000, avanceR = 2.000000, avanceI = 2.000000
inc_x_r = 0.000000, inc_y_r = 1.000000, inc_x_i = 1.000000, inc_y_i = 1.000000
En el else......

----------------------------------------
x = 56.000000, y = 254.000000
avance = -273.000000, avanceR = 2.000000, avanceI = 2.000000
inc_x_r = 0.000000, inc_y_r = 1.000000, inc_x_i = 1.000000, inc_y_i = 1.000000
En el else......

----------------------------------------
x = 56.000000, y = 255.000000
avance = -271.000000, avanceR = 2.000000, avanceI = 2.000000
inc_x_r = 0.000000, inc_y_r = 1.000000, inc_x_i = 1.000000, inc_y_i = 1.000000
En el else......

----------------------------------------
x = 56.000000, y = 256.000000
avance = -269.000000, avanceR = 2.000000, avanceI = 2.000000
inc_x_r = 0.000000, inc_y_r = 1.000000, inc_x_i = 1.000000, inc_y_i = 1.000000
En el else......

----------------------------------------
x = 56.000000, y = 257.000000
avance = -267.000000, avanceR = 2.000000, avanceI = 2.000000
inc_x_r = 0.000000, inc_y_r = 1.000000, inc_x_i = 1.000000, inc_y_i = 1.000000
En el else......

----------------------------------------
x = 56.000000, y = 258.000000
avance = -265.000000, avanceR = 2.000000, avanceI = 2.000000
inc_x_r = 0.000000, inc_y_r = 1.000000, inc_x_i = 1.000000, inc_y_i = 1.000000
En el else......

----------------------------------------
x = 56.000000, y = 259.000000
avance = -263.000000, avanceR = 2.000000, avanceI = 2.000000
inc_x_r = 0.000000, inc_y_r = 1.000000, inc_x_i = 1.000000, inc_y_i = 1.000000
En el else......

----------------------------------------
x = 56.000000, y = 260.000000
avance = -261.000000, avanceR = 2.000000, avanceI = 2.000000
inc_x_r = 0.000000, inc_y_r = 1.000000, inc_x_i = 1.000000, inc_y_i = 1.000000
En el else......

----------------------------------------
x = 56.000000, y = 261.000000
avance = -259.000000, avanceR = 2.000000, avanceI = 2.000000
inc_x_r = 0.000000, inc_y_r = 1.000000, inc_x_i = 1.000000, inc_y_i = 1.000000
En el else......

----------------------------------------
x = 56.000000, y = 262.000000
avance = -257.000000, avanceR = 2.000000, avanceI = 2.000000
inc_x_r = 0.000000, inc_y_r = 1.000000, inc_x_i = 1.000000, inc_y_i = 1.000000
En el else......

----------------------------------------
x = 56.000000, y = 263.000000
avance = -255.000000, avanceR = 2.000000, avanceI = 2.000000
inc_x_r = 0.000000, inc_y_r = 1.000000, inc_x_i = 1.000000, inc_y_i = 1.000000
En el else......

----------------------------------------
x = 56.000000, y = 264.000000
avance = -253.000000, avanceR = 2.000000, avanceI = 2.000000
inc_x_r = 0.000000, inc_y_r = 1.000000, inc_x_i = 1.000000, inc_y_i = 1.000000
En el else......

----------------------------------------
x = 56.000000, y = 265.000000
avance = -251.000000, avanceR = 2.000000, avanceI = 2.000000
inc_x_r = 0.000000, inc_y_r = 1.000000, inc_x_i = 1.000000, inc_y_i = 1.000000
En el else......

----------------------------------------


ENTRAMOS A BRESENHAMªªªª
x1 = 55.000000 - y1 = 15.000000 || x2 = 56.000000 - y2 = 266.000000
dy = 251.000000, dx = 1.000000
avances inclinados: inc_x_i = 1.000000, inc_y_i = 1.000000
updated: dy = 251.000000, dx = 1.000000
avances rectos: inc_x_r = 0.000000, inc_y_r 1.000000
reupdated: dy = 1.000000, dx = 251.000000
avanceR = 2.000000, avance -249.000000, avanceI 2.000000
----------------------------------------
x = 55.000000, y = 15.000000
avance = -249.000000, avanceR = 2.000000, avanceI = 2.000000
inc_x_r = 0.000000, inc_y_r = 1.000000, inc_x_i = 1.000000, inc_y_i = 1.000000
En el else......

----------------------------------------
x = 55.000000, y = 16.000000
avance = -247.000000, avanceR = 2.000000, avanceI = 2.000000
inc_x_r = 0.000000, inc_y_r = 1.000000, inc_x_i = 1.000000, inc_y_i = 1.000000
En el else......

----------------------------------------
x = 55.000000, y = 17.000000
avance = -245.000000, avanceR = 2.000000, avanceI = 2.000000
inc_x_r = 0.000000, inc_y_r = 1.000000, inc_x_i = 1.000000, inc_y_i = 1.000000
En el else......

----------------------------------------
x = 55.000000, y = 18.000000
avance = -243.000000, avanceR = 2.000000, avanceI = 2.000000
inc_x_r = 0.000000, inc_y_r = 1.000000, inc_x_i = 1.000000, inc_y_i = 1.000000
En el else......

----------------------------------------
x = 55.000000, y = 19.000000
avance = -241.000000, avanceR = 2.000000, avanceI = 2.000000
inc_x_r = 0.000000, inc_y_r = 1.000000, inc_x_i = 1.000000, inc_y_i = 1.000000
En el else......

----------------------------------------
x = 55.000000, y = 20.000000
avance = -239.000000, avanceR = 2.000000, avanceI = 2.000000
inc_x_r = 0.000000, inc_y_r = 1.000000, inc_x_i = 1.000000, inc_y_i = 1.000000
En el else......

----------------------------------------
x = 55.000000, y = 21.000000
avance = -237.000000, avanceR = 2.000000, avanceI = 2.000000
inc_x_r = 0.000000, inc_y_r = 1.000000, inc_x_i = 1.000000, inc_y_i = 1.000000
En el else......

----------------------------------------
x = 55.000000, y = 22.000000
avance = -235.000000, avanceR = 2.000000, avanceI = 2.000000
inc_x_r = 0.000000, inc_y_r = 1.000000, inc_x_i = 1.000000, inc_y_i = 1.000000
En el else......

----------------------------------------
x = 55.000000, y = 23.000000
avance = -233.000000, avanceR = 2.000000, avanceI = 2.000000
inc_x_r = 0.000000, inc_y_r = 1.000000, inc_x_i = 1.000000, inc_y_i = 1.000000
En el else......

----------------------------------------
x = 55.000000, y = 24.000000
avance = -231.000000, avanceR = 2.000000, avanceI = 2.000000
inc_x_r = 0.000000, inc_y_r = 1.000000, inc_x_i = 1.000000, inc_y_i = 1.000000
En el else......

----------------------------------------
x = 55.000000, y = 25.000000
avance = -229.000000, avanceR = 2.000000, avanceI = 2.000000
inc_x_r = 0.000000, inc_y_r = 1.000000, inc_x_i = 1.000000, inc_y_i = 1.000000
En el else......

----------------------------------------
x = 55.000000, y = 26.000000
avance = -227.000000, avanceR = 2.000000, avanceI = 2.000000
inc_x_r = 0.000000, inc_y_r = 1.000000, inc_x_i = 1.000000, inc_y_i = 1.000000
En el else......

----------------------------------------
x = 55.000000, y = 27.000000
avance = -225.000000, avanceR = 2.000000, avanceI = 2.000000
inc_x_r = 0.000000, inc_y_r = 1.000000, inc_x_i = 1.000000, inc_y_i = 1.000000
En el else......

----------------------------------------
x = 55.000000, y = 28.000000
avance = -223.000000, avanceR = 2.000000, avanceI = 2.000000
inc_x_r = 0.000000, inc_y_r = 1.000000, inc_x_i = 1.000000, inc_y_i = 1.000000
En el else......

----------------------------------------
x = 55.000000, y = 29.000000
avance = -221.000000, avanceR = 2.000000, avanceI = 2.000000
inc_x_r = 0.000000, inc_y_r = 1.000000, inc_x_i = 1.000000, inc_y_i = 1.000000
En el else......

----------------------------------------
x = 55.000000, y = 30.000000
avance = -219.000000, avanceR = 2.000000, avanceI = 2.000000
inc_x_r = 0.000000, inc_y_r = 1.000000, inc_x_i = 1.000000, inc_y_i = 1.000000
En el else......

----------------------------------------
x = 55.000000, y = 31.000000
avance = -217.000000, avanceR = 2.000000, avanceI = 2.000000
inc_x_r = 0.000000, inc_y_r = 1.000000, inc_x_i = 1.000000, inc_y_i = 1.000000
En el else......

----------------------------------------
x = 55.000000, y = 32.000000
avance = -215.000000, avanceR = 2.000000, avanceI = 2.000000
inc_x_r = 0.000000, inc_y_r = 1.000000, inc_x_i = 1.000000, inc_y_i = 1.000000
En el else......

----------------------------------------
x = 55.000000, y = 33.000000
avance = -213.000000, avanceR = 2.000000, avanceI = 2.000000
inc_x_r = 0.000000, inc_y_r = 1.000000, inc_x_i = 1.000000, inc_y_i = 1.000000
En el else......

----------------------------------------
x = 55.000000, y = 34.000000
avance = -211.000000, avanceR = 2.000000, avanceI = 2.000000
inc_x_r = 0.000000, inc_y_r = 1.000000, inc_x_i = 1.000000, inc_y_i = 1.000000
En el else......

----------------------------------------
x = 55.000000, y = 35.000000
avance = -209.000000, avanceR = 2.000000, avanceI = 2.000000
inc_x_r = 0.000000, inc_y_r = 1.000000, inc_x_i = 1.000000, inc_y_i = 1.000000
En el else......

----------------------------------------
x = 55.000000, y = 36.000000
avance = -207.000000, avanceR = 2.000000, avanceI = 2.000000
inc_x_r = 0.000000, inc_y_r = 1.000000, inc_x_i = 1.000000, inc_y_i = 1.000000
En el else......

----------------------------------------
x = 55.000000, y = 37.000000
avance = -205.000000, avanceR = 2.000000, avanceI = 2.000000
inc_x_r = 0.000000, inc_y_r = 1.000000, inc_x_i = 1.000000, inc_y_i = 1.000000
En el else......

----------------------------------------
x = 55.000000, y = 38.000000
avance = -203.000000, avanceR = 2.000000, avanceI = 2.000000
inc_x_r = 0.000000, inc_y_r = 1.000000, inc_x_i = 1.000000, inc_y_i = 1.000000
En el else......

----------------------------------------
x = 55.000000, y = 39.000000
avance = -201.000000, avanceR = 2.000000, avanceI = 2.000000
inc_x_r = 0.000000, inc_y_r = 1.000000, inc_x_i = 1.000000, inc_y_i = 1.000000
En el else......

----------------------------------------
x = 55.000000, y = 40.000000
avance = -199.000000, avanceR = 2.000000, avanceI = 2.000000
inc_x_r = 0.000000, inc_y_r = 1.000000, inc_x_i = 1.000000, inc_y_i = 1.000000
En el else......

----------------------------------------
x = 55.000000, y = 41.000000
avance = -197.000000, avanceR = 2.000000, avanceI = 2.000000
inc_x_r = 0.000000, inc_y_r = 1.000000, inc_x_i = 1.000000, inc_y_i = 1.000000
En el else......

----------------------------------------
x = 55.000000, y = 42.000000
avance = -195.000000, avanceR = 2.000000, avanceI = 2.000000
inc_x_r = 0.000000, inc_y_r = 1.000000, inc_x_i = 1.000000, inc_y_i = 1.000000
En el else......

----------------------------------------
x = 55.000000, y = 43.000000
avance = -193.000000, avanceR = 2.000000, avanceI = 2.000000
inc_x_r = 0.000000, inc_y_r = 1.000000, inc_x_i = 1.000000, inc_y_i = 1.000000
En el else......

----------------------------------------
x = 55.000000, y = 44.000000
avance = -191.000000, avanceR = 2.000000, avanceI = 2.000000
inc_x_r = 0.000000, inc_y_r = 1.000000, inc_x_i = 1.000000, inc_y_i = 1.000000
En el else......

----------------------------------------
x = 55.000000, y = 45.000000
avance = -189.000000, avanceR = 2.000000, avanceI = 2.000000
inc_x_r = 0.000000, inc_y_r = 1.000000, inc_x_i = 1.000000, inc_y_i = 1.000000
En el else......

----------------------------------------
x = 55.000000, y = 46.000000
avance = -187.000000, avanceR = 2.000000, avanceI = 2.000000
inc_x_r = 0.000000, inc_y_r = 1.000000, inc_x_i = 1.000000, inc_y_i = 1.000000
En el else......

----------------------------------------
x = 55.000000, y = 47.000000
avance = -185.000000, avanceR = 2.000000, avanceI = 2.000000
inc_x_r = 0.000000, inc_y_r = 1.000000, inc_x_i = 1.000000, inc_y_i = 1.000000
En el else......

----------------------------------------
x = 55.000000, y = 48.000000
avance = -183.000000, avanceR = 2.000000, avanceI = 2.000000
inc_x_r = 0.000000, inc_y_r = 1.000000, inc_x_i = 1.000000, inc_y_i = 1.000000
En el else......

----------------------------------------
x = 55.000000, y = 49.000000
avance = -181.000000, avanceR = 2.000000, avanceI = 2.000000
inc_x_r = 0.000000, inc_y_r = 1.000000, inc_x_i = 1.000000, inc_y_i = 1.000000
En el else......

----------------------------------------
x = 55.000000, y = 50.000000
avance = -179.000000, avanceR = 2.000000, avanceI = 2.000000
inc_x_r = 0.000000, inc_y_r = 1.000000, inc_x_i = 1.000000, inc_y_i = 1.000000
En el else......

----------------------------------------
x = 55.000000, y = 51.000000
avance = -177.000000, avanceR = 2.000000, avanceI = 2.000000
inc_x_r = 0.000000, inc_y_r = 1.000000, inc_x_i = 1.000000, inc_y_i = 1.000000
En el else......

----------------------------------------
x = 55.000000, y = 52.000000
avance = -175.000000, avanceR = 2.000000, avanceI = 2.000000
inc_x_r = 0.000000, inc_y_r = 1.000000, inc_x_i = 1.000000, inc_y_i = 1.000000
En el else......

----------------------------------------
x = 55.000000, y = 53.000000
avance = -173.000000, avanceR = 2.000000, avanceI = 2.000000
inc_x_r = 0.000000, inc_y_r = 1.000000, inc_x_i = 1.000000, inc_y_i = 1.000000
En el else......

----------------------------------------
x = 55.000000, y = 54.000000
avance = -171.000000, avanceR = 2.000000, avanceI = 2.000000
inc_x_r = 0.000000, inc_y_r = 1.000000, inc_x_i = 1.000000, inc_y_i = 1.000000
En el else......

----------------------------------------
x = 55.000000, y = 55.000000
avance = -169.000000, avanceR = 2.000000, avanceI = 2.000000
inc_x_r = 0.000000, inc_y_r = 1.000000, inc_x_i = 1.000000, inc_y_i = 1.000000
En el else......

----------------------------------------
x = 55.000000, y = 56.000000
avance = -167.000000, avanceR = 2.000000, avanceI = 2.000000
inc_x_r = 0.000000, inc_y_r = 1.000000, inc_x_i = 1.000000, inc_y_i = 1.000000
En el else......

----------------------------------------
x = 55.000000, y = 57.000000
avance = -165.000000, avanceR = 2.000000, avanceI = 2.000000
inc_x_r = 0.000000, inc_y_r = 1.000000, inc_x_i = 1.000000, inc_y_i = 1.000000
En el else......

----------------------------------------
x = 55.000000, y = 58.000000
avance = -163.000000, avanceR = 2.000000, avanceI = 2.000000
inc_x_r = 0.000000, inc_y_r = 1.000000, inc_x_i = 1.000000, inc_y_i = 1.000000
En el else......

----------------------------------------
x = 55.000000, y = 59.000000
avance = -161.000000, avanceR = 2.000000, avanceI = 2.000000
inc_x_r = 0.000000, inc_y_r = 1.000000, inc_x_i = 1.000000, inc_y_i = 1.000000
En el else......

----------------------------------------
x = 55.000000, y = 60.000000
avance = -159.000000, avanceR = 2.000000, avanceI = 2.000000
inc_x_r = 0.000000, inc_y_r = 1.000000, inc_x_i = 1.000000, inc_y_i = 1.000000
En el else......

----------------------------------------
x = 55.000000, y = 61.000000
avance = -157.000000, avanceR = 2.000000, avanceI = 2.000000
inc_x_r = 0.000000, inc_y_r = 1.000000, inc_x_i = 1.000000, inc_y_i = 1.000000
En el else......

----------------------------------------
x = 55.000000, y = 62.000000
avance = -155.000000, avanceR = 2.000000, avanceI = 2.000000
inc_x_r = 0.000000, inc_y_r = 1.000000, inc_x_i = 1.000000, inc_y_i = 1.000000
En el else......

----------------------------------------
x = 55.000000, y = 63.000000
avance = -153.000000, avanceR = 2.000000, avanceI = 2.000000
inc_x_r = 0.000000, inc_y_r = 1.000000, inc_x_i = 1.000000, inc_y_i = 1.000000
En el else......

----------------------------------------
x = 55.000000, y = 64.000000
avance = -151.000000, avanceR = 2.000000, avanceI = 2.000000
inc_x_r = 0.000000, inc_y_r = 1.000000, inc_x_i = 1.000000, inc_y_i = 1.000000
En el else......

----------------------------------------
x = 55.000000, y = 65.000000
avance = -149.000000, avanceR = 2.000000, avanceI = 2.000000
inc_x_r = 0.000000, inc_y_r = 1.000000, inc_x_i = 1.000000, inc_y_i = 1.000000
En el else......

----------------------------------------
x = 55.000000, y = 66.000000
avance = -147.000000, avanceR = 2.000000, avanceI = 2.000000
inc_x_r = 0.000000, inc_y_r = 1.000000, inc_x_i = 1.000000, inc_y_i = 1.000000
En el else......

----------------------------------------
x = 55.000000, y = 67.000000
avance = -145.000000, avanceR = 2.000000, avanceI = 2.000000
inc_x_r = 0.000000, inc_y_r = 1.000000, inc_x_i = 1.000000, inc_y_i = 1.000000
En el else......

----------------------------------------
x = 55.000000, y = 68.000000
avance = -143.000000, avanceR = 2.000000, avanceI = 2.000000
inc_x_r = 0.000000, inc_y_r = 1.000000, inc_x_i = 1.000000, inc_y_i = 1.000000
En el else......

----------------------------------------
x = 55.000000, y = 69.000000
avance = -141.000000, avanceR = 2.000000, avanceI = 2.000000
inc_x_r = 0.000000, inc_y_r = 1.000000, inc_x_i = 1.000000, inc_y_i = 1.000000
En el else......

----------------------------------------
x = 55.000000, y = 70.000000
avance = -139.000000, avanceR = 2.000000, avanceI = 2.000000
inc_x_r = 0.000000, inc_y_r = 1.000000, inc_x_i = 1.000000, inc_y_i = 1.000000
En el else......

----------------------------------------
x = 55.000000, y = 71.000000
avance = -137.000000, avanceR = 2.000000, avanceI = 2.000000
inc_x_r = 0.000000, inc_y_r = 1.000000, inc_x_i = 1.000000, inc_y_i = 1.000000
En el else......

----------------------------------------
x = 55.000000, y = 72.000000
avance = -135.000000, avanceR = 2.000000, avanceI = 2.000000
inc_x_r = 0.000000, inc_y_r = 1.000000, inc_x_i = 1.000000, inc_y_i = 1.000000
En el else......

----------------------------------------
x = 55.000000, y = 73.000000
avance = -133.000000, avanceR = 2.000000, avanceI = 2.000000
inc_x_r = 0.000000, inc_y_r = 1.000000, inc_x_i = 1.000000, inc_y_i = 1.000000
En el else......

----------------------------------------
x = 55.000000, y = 74.000000
avance = -131.000000, avanceR = 2.000000, avanceI = 2.000000
inc_x_r = 0.000000, inc_y_r = 1.000000, inc_x_i = 1.000000, inc_y_i = 1.000000
En el else......

----------------------------------------
x = 55.000000, y = 75.000000
avance = -129.000000, avanceR = 2.000000, avanceI = 2.000000
inc_x_r = 0.000000, inc_y_r = 1.000000, inc_x_i = 1.000000, inc_y_i = 1.000000
En el else......

----------------------------------------
x = 55.000000, y = 76.000000
avance = -127.000000, avanceR = 2.000000, avanceI = 2.000000
inc_x_r = 0.000000, inc_y_r = 1.000000, inc_x_i = 1.000000, inc_y_i = 1.000000
En el else......

----------------------------------------
x = 55.000000, y = 77.000000
avance = -125.000000, avanceR = 2.000000, avanceI = 2.000000
inc_x_r = 0.000000, inc_y_r = 1.000000, inc_x_i = 1.000000, inc_y_i = 1.000000
En el else......

----------------------------------------
x = 55.000000, y = 78.000000
avance = -123.000000, avanceR = 2.000000, avanceI = 2.000000
inc_x_r = 0.000000, inc_y_r = 1.000000, inc_x_i = 1.000000, inc_y_i = 1.000000
En el else......

----------------------------------------
x = 55.000000, y = 79.000000
avance = -121.000000, avanceR = 2.000000, avanceI = 2.000000
inc_x_r = 0.000000, inc_y_r = 1.000000, inc_x_i = 1.000000, inc_y_i = 1.000000
En el else......

----------------------------------------
x = 55.000000, y = 80.000000
avance = -119.000000, avanceR = 2.000000, avanceI = 2.000000
inc_x_r = 0.000000, inc_y_r = 1.000000, inc_x_i = 1.000000, inc_y_i = 1.000000
En el else......

----------------------------------------
x = 55.000000, y = 81.000000
avance = -117.000000, avanceR = 2.000000, avanceI = 2.000000
inc_x_r = 0.000000, inc_y_r = 1.000000, inc_x_i = 1.000000, inc_y_i = 1.000000
En el else......

----------------------------------------
x = 55.000000, y = 82.000000
avance = -115.000000, avanceR = 2.000000, avanceI = 2.000000
inc_x_r = 0.000000, inc_y_r = 1.000000, inc_x_i = 1.000000, inc_y_i = 1.000000
En el else......

----------------------------------------
x = 55.000000, y = 83.000000
avance = -113.000000, avanceR = 2.000000, avanceI = 2.000000
inc_x_r = 0.000000, inc_y_r = 1.000000, inc_x_i = 1.000000, inc_y_i = 1.000000
En el else......

----------------------------------------
x = 55.000000, y = 84.000000
avance = -111.000000, avanceR = 2.000000, avanceI = 2.000000
inc_x_r = 0.000000, inc_y_r = 1.000000, inc_x_i = 1.000000, inc_y_i = 1.000000
En el else......

----------------------------------------
x = 55.000000, y = 85.000000
avance = -109.000000, avanceR = 2.000000, avanceI = 2.000000
inc_x_r = 0.000000, inc_y_r = 1.000000, inc_x_i = 1.000000, inc_y_i = 1.000000
En el else......

----------------------------------------
x = 55.000000, y = 86.000000
avance = -107.000000, avanceR = 2.000000, avanceI = 2.000000
inc_x_r = 0.000000, inc_y_r = 1.000000, inc_x_i = 1.000000, inc_y_i = 1.000000
En el else......

----------------------------------------
x = 55.000000, y = 87.000000
avance = -105.000000, avanceR = 2.000000, avanceI = 2.000000
inc_x_r = 0.000000, inc_y_r = 1.000000, inc_x_i = 1.000000, inc_y_i = 1.000000
En el else......

----------------------------------------
x = 55.000000, y = 88.000000
avance = -103.000000, avanceR = 2.000000, avanceI = 2.000000
inc_x_r = 0.000000, inc_y_r = 1.000000, inc_x_i = 1.000000, inc_y_i = 1.000000
En el else......

----------------------------------------
x = 55.000000, y = 89.000000
avance = -101.000000, avanceR = 2.000000, avanceI = 2.000000
inc_x_r = 0.000000, inc_y_r = 1.000000, inc_x_i = 1.000000, inc_y_i = 1.000000
En el else......

----------------------------------------
x = 55.000000, y = 90.000000
avance = -99.000000, avanceR = 2.000000, avanceI = 2.000000
inc_x_r = 0.000000, inc_y_r = 1.000000, inc_x_i = 1.000000, inc_y_i = 1.000000
En el else......

----------------------------------------
x = 55.000000, y = 91.000000
avance = -97.000000, avanceR = 2.000000, avanceI = 2.000000
inc_x_r = 0.000000, inc_y_r = 1.000000, inc_x_i = 1.000000, inc_y_i = 1.000000
En el else......

----------------------------------------
x = 55.000000, y = 92.000000
avance = -95.000000, avanceR = 2.000000, avanceI = 2.000000
inc_x_r = 0.000000, inc_y_r = 1.000000, inc_x_i = 1.000000, inc_y_i = 1.000000
En el else......

----------------------------------------
x = 55.000000, y = 93.000000
avance = -93.000000, avanceR = 2.000000, avanceI = 2.000000
inc_x_r = 0.000000, inc_y_r = 1.000000, inc_x_i = 1.000000, inc_y_i = 1.000000
En el else......

----------------------------------------
x = 55.000000, y = 94.000000
avance = -91.000000, avanceR = 2.000000, avanceI = 2.000000
inc_x_r = 0.000000, inc_y_r = 1.000000, inc_x_i = 1.000000, inc_y_i = 1.000000
En el else......

----------------------------------------
x = 55.000000, y = 95.000000
avance = -89.000000, avanceR = 2.000000, avanceI = 2.000000
inc_x_r = 0.000000, inc_y_r = 1.000000, inc_x_i = 1.000000, inc_y_i = 1.000000
En el else......

----------------------------------------
x = 55.000000, y = 96.000000
avance = -87.000000, avanceR = 2.000000, avanceI = 2.000000
inc_x_r = 0.000000, inc_y_r = 1.000000, inc_x_i = 1.000000, inc_y_i = 1.000000
En el else......

----------------------------------------
x = 55.000000, y = 97.000000
avance = -85.000000, avanceR = 2.000000, avanceI = 2.000000
inc_x_r = 0.000000, inc_y_r = 1.000000, inc_x_i = 1.000000, inc_y_i = 1.000000
En el else......

----------------------------------------
x = 55.000000, y = 98.000000
avance = -83.000000, avanceR = 2.000000, avanceI = 2.000000
inc_x_r = 0.000000, inc_y_r = 1.000000, inc_x_i = 1.000000, inc_y_i = 1.000000
En el else......

----------------------------------------
x = 55.000000, y = 99.000000
avance = -81.000000, avanceR = 2.000000, avanceI = 2.000000
inc_x_r = 0.000000, inc_y_r = 1.000000, inc_x_i = 1.000000, inc_y_i = 1.000000
En el else......

----------------------------------------
x = 55.000000, y = 100.000000
avance = -79.000000, avanceR = 2.000000, avanceI = 2.000000
inc_x_r = 0.000000, inc_y_r = 1.000000, inc_x_i = 1.000000, inc_y_i = 1.000000
En el else......

----------------------------------------
x = 55.000000, y = 101.000000
avance = -77.000000, avanceR = 2.000000, avanceI = 2.000000
inc_x_r = 0.000000, inc_y_r = 1.000000, inc_x_i = 1.000000, inc_y_i = 1.000000
En el else......

----------------------------------------
x = 55.000000, y = 102.000000
avance = -75.000000, avanceR = 2.000000, avanceI = 2.000000
inc_x_r = 0.000000, inc_y_r = 1.000000, inc_x_i = 1.000000, inc_y_i = 1.000000
En el else......

----------------------------------------
x = 55.000000, y = 103.000000
avance = -73.000000, avanceR = 2.000000, avanceI = 2.000000
inc_x_r = 0.000000, inc_y_r = 1.000000, inc_x_i = 1.000000, inc_y_i = 1.000000
En el else......

----------------------------------------
x = 55.000000, y = 104.000000
avance = -71.000000, avanceR = 2.000000, avanceI = 2.000000
inc_x_r = 0.000000, inc_y_r = 1.000000, inc_x_i = 1.000000, inc_y_i = 1.000000
En el else......

----------------------------------------
x = 55.000000, y = 105.000000
avance = -69.000000, avanceR = 2.000000, avanceI = 2.000000
inc_x_r = 0.000000, inc_y_r = 1.000000, inc_x_i = 1.000000, inc_y_i = 1.000000
En el else......

----------------------------------------
x = 55.000000, y = 106.000000
avance = -67.000000, avanceR = 2.000000, avanceI = 2.000000
inc_x_r = 0.000000, inc_y_r = 1.000000, inc_x_i = 1.000000, inc_y_i = 1.000000
En el else......

----------------------------------------
x = 55.000000, y = 107.000000
avance = -65.000000, avanceR = 2.000000, avanceI = 2.000000
inc_x_r = 0.000000, inc_y_r = 1.000000, inc_x_i = 1.000000, inc_y_i = 1.000000
En el else......

----------------------------------------
x = 55.000000, y = 108.000000
avance = -63.000000, avanceR = 2.000000, avanceI = 2.000000
inc_x_r = 0.000000, inc_y_r = 1.000000, inc_x_i = 1.000000, inc_y_i = 1.000000
En el else......

----------------------------------------
x = 55.000000, y = 109.000000
avance = -61.000000, avanceR = 2.000000, avanceI = 2.000000
inc_x_r = 0.000000, inc_y_r = 1.000000, inc_x_i = 1.000000, inc_y_i = 1.000000
En el else......

----------------------------------------
x = 55.000000, y = 110.000000
avance = -59.000000, avanceR = 2.000000, avanceI = 2.000000
inc_x_r = 0.000000, inc_y_r = 1.000000, inc_x_i = 1.000000, inc_y_i = 1.000000
En el else......

----------------------------------------
x = 55.000000, y = 111.000000
avance = -57.000000, avanceR = 2.000000, avanceI = 2.000000
inc_x_r = 0.000000, inc_y_r = 1.000000, inc_x_i = 1.000000, inc_y_i = 1.000000
En el else......

----------------------------------------
x = 55.000000, y = 112.000000
avance = -55.000000, avanceR = 2.000000, avanceI = 2.000000
inc_x_r = 0.000000, inc_y_r = 1.000000, inc_x_i = 1.000000, inc_y_i = 1.000000
En el else......

----------------------------------------
x = 55.000000, y = 113.000000
avance = -53.000000, avanceR = 2.000000, avanceI = 2.000000
inc_x_r = 0.000000, inc_y_r = 1.000000, inc_x_i = 1.000000, inc_y_i = 1.000000
En el else......

----------------------------------------
x = 55.000000, y = 114.000000
avance = -51.000000, avanceR = 2.000000, avanceI = 2.000000
inc_x_r = 0.000000, inc_y_r = 1.000000, inc_x_i = 1.000000, inc_y_i = 1.000000
En el else......

----------------------------------------
x = 55.000000, y = 115.000000
avance = -49.000000, avanceR = 2.000000, avanceI = 2.000000
inc_x_r = 0.000000, inc_y_r = 1.000000, inc_x_i = 1.000000, inc_y_i = 1.000000
En el else......

----------------------------------------
x = 55.000000, y = 116.000000
avance = -47.000000, avanceR = 2.000000, avanceI = 2.000000
inc_x_r = 0.000000, inc_y_r = 1.000000, inc_x_i = 1.000000, inc_y_i = 1.000000
En el else......

----------------------------------------
x = 55.000000, y = 117.000000
avance = -45.000000, avanceR = 2.000000, avanceI = 2.000000
inc_x_r = 0.000000, inc_y_r = 1.000000, inc_x_i = 1.000000, inc_y_i = 1.000000
En el else......

----------------------------------------
x = 55.000000, y = 118.000000
avance = -43.000000, avanceR = 2.000000, avanceI = 2.000000
inc_x_r = 0.000000, inc_y_r = 1.000000, inc_x_i = 1.000000, inc_y_i = 1.000000
En el else......

----------------------------------------
x = 55.000000, y = 119.000000
avance = -41.000000, avanceR = 2.000000, avanceI = 2.000000
inc_x_r = 0.000000, inc_y_r = 1.000000, inc_x_i = 1.000000, inc_y_i = 1.000000
En el else......

----------------------------------------
x = 55.000000, y = 120.000000
avance = -39.000000, avanceR = 2.000000, avanceI = 2.000000
inc_x_r = 0.000000, inc_y_r = 1.000000, inc_x_i = 1.000000, inc_y_i = 1.000000
En el else......

----------------------------------------
x = 55.000000, y = 121.000000
avance = -37.000000, avanceR = 2.000000, avanceI = 2.000000
inc_x_r = 0.000000, inc_y_r = 1.000000, inc_x_i = 1.000000, inc_y_i = 1.000000
En el else......

----------------------------------------
x = 55.000000, y = 122.000000
avance = -35.000000, avanceR = 2.000000, avanceI = 2.000000
inc_x_r = 0.000000, inc_y_r = 1.000000, inc_x_i = 1.000000, inc_y_i = 1.000000
En el else......

----------------------------------------
x = 55.000000, y = 123.000000
avance = -33.000000, avanceR = 2.000000, avanceI = 2.000000
inc_x_r = 0.000000, inc_y_r = 1.000000, inc_x_i = 1.000000, inc_y_i = 1.000000
En el else......

----------------------------------------
x = 55.000000, y = 124.000000
avance = -31.000000, avanceR = 2.000000, avanceI = 2.000000
inc_x_r = 0.000000, inc_y_r = 1.000000, inc_x_i = 1.000000, inc_y_i = 1.000000
En el else......

----------------------------------------
x = 55.000000, y = 125.000000
avance = -29.000000, avanceR = 2.000000, avanceI = 2.000000
inc_x_r = 0.000000, inc_y_r = 1.000000, inc_x_i = 1.000000, inc_y_i = 1.000000
En el else......

----------------------------------------
x = 55.000000, y = 126.000000
avance = -27.000000, avanceR = 2.000000, avanceI = 2.000000
inc_x_r = 0.000000, inc_y_r = 1.000000, inc_x_i = 1.000000, inc_y_i = 1.000000
En el else......

----------------------------------------
x = 55.000000, y = 127.000000
avance = -25.000000, avanceR = 2.000000, avanceI = 2.000000
inc_x_r = 0.000000, inc_y_r = 1.000000, inc_x_i = 1.000000, inc_y_i = 1.000000
En el else......

----------------------------------------
x = 55.000000, y = 128.000000
avance = -23.000000, avanceR = 2.000000, avanceI = 2.000000
inc_x_r = 0.000000, inc_y_r = 1.000000, inc_x_i = 1.000000, inc_y_i = 1.000000
En el else......

----------------------------------------
x = 55.000000, y = 129.000000
avance = -21.000000, avanceR = 2.000000, avanceI = 2.000000
inc_x_r = 0.000000, inc_y_r = 1.000000, inc_x_i = 1.000000, inc_y_i = 1.000000
En el else......

----------------------------------------
x = 55.000000, y = 130.000000
avance = -19.000000, avanceR = 2.000000, avanceI = 2.000000
inc_x_r = 0.000000, inc_y_r = 1.000000, inc_x_i = 1.000000, inc_y_i = 1.000000
En el else......

----------------------------------------
x = 55.000000, y = 131.000000
avance = -17.000000, avanceR = 2.000000, avanceI = 2.000000
inc_x_r = 0.000000, inc_y_r = 1.000000, inc_x_i = 1.000000, inc_y_i = 1.000000
En el else......

----------------------------------------
x = 55.000000, y = 132.000000
avance = -15.000000, avanceR = 2.000000, avanceI = 2.000000
inc_x_r = 0.000000, inc_y_r = 1.000000, inc_x_i = 1.000000, inc_y_i = 1.000000
En el else......

----------------------------------------
x = 55.000000, y = 133.000000
avance = -13.000000, avanceR = 2.000000, avanceI = 2.000000
inc_x_r = 0.000000, inc_y_r = 1.000000, inc_x_i = 1.000000, inc_y_i = 1.000000
En el else......

----------------------------------------
x = 55.000000, y = 134.000000
avance = -11.000000, avanceR = 2.000000, avanceI = 2.000000
inc_x_r = 0.000000, inc_y_r = 1.000000, inc_x_i = 1.000000, inc_y_i = 1.000000
En el else......

----------------------------------------
x = 55.000000, y = 135.000000
avance = -9.000000, avanceR = 2.000000, avanceI = 2.000000
inc_x_r = 0.000000, inc_y_r = 1.000000, inc_x_i = 1.000000, inc_y_i = 1.000000
En el else......

----------------------------------------
x = 55.000000, y = 136.000000
avance = -7.000000, avanceR = 2.000000, avanceI = 2.000000
inc_x_r = 0.000000, inc_y_r = 1.000000, inc_x_i = 1.000000, inc_y_i = 1.000000
En el else......

----------------------------------------
x = 55.000000, y = 137.000000
avance = -5.000000, avanceR = 2.000000, avanceI = 2.000000
inc_x_r = 0.000000, inc_y_r = 1.000000, inc_x_i = 1.000000, inc_y_i = 1.000000
En el else......

----------------------------------------
x = 55.000000, y = 138.000000
avance = -3.000000, avanceR = 2.000000, avanceI = 2.000000
inc_x_r = 0.000000, inc_y_r = 1.000000, inc_x_i = 1.000000, inc_y_i = 1.000000
En el else......

----------------------------------------
x = 55.000000, y = 139.000000
avance = -1.000000, avanceR = 2.000000, avanceI = 2.000000
inc_x_r = 0.000000, inc_y_r = 1.000000, inc_x_i = 1.000000, inc_y_i = 1.000000
En el else......

----------------------------------------
x = 55.000000, y = 140.000000
avance = 1.000000, avanceR = 2.000000, avanceI = 2.000000
inc_x_r = 0.000000, inc_y_r = 1.000000, inc_x_i = 1.000000, inc_y_i = 1.000000
avance >= 0

----------------------------------------
x = 56.000000, y = 141.000000
avance = -499.000000, avanceR = 2.000000, avanceI = 2.000000
inc_x_r = 0.000000, inc_y_r = 1.000000, inc_x_i = 1.000000, inc_y_i = 1.000000
En el else......

----------------------------------------
x = 56.000000, y = 142.000000
avance = -497.000000, avanceR = 2.000000, avanceI = 2.000000
inc_x_r = 0.000000, inc_y_r = 1.000000, inc_x_i = 1.000000, inc_y_i = 1.000000
En el else......

----------------------------------------
x = 56.000000, y = 143.000000
avance = -495.000000, avanceR = 2.000000, avanceI = 2.000000
inc_x_r = 0.000000, inc_y_r = 1.000000, inc_x_i = 1.000000, inc_y_i = 1.000000
En el else......

----------------------------------------
x = 56.000000, y = 144.000000
avance = -493.000000, avanceR = 2.000000, avanceI = 2.000000
inc_x_r = 0.000000, inc_y_r = 1.000000, inc_x_i = 1.000000, inc_y_i = 1.000000
En el else......

----------------------------------------
x = 56.000000, y = 145.000000
avance = -491.000000, avanceR = 2.000000, avanceI = 2.000000
inc_x_r = 0.000000, inc_y_r = 1.000000, inc_x_i = 1.000000, inc_y_i = 1.000000
En el else......

----------------------------------------
x = 56.000000, y = 146.000000
avance = -489.000000, avanceR = 2.000000, avanceI = 2.000000
inc_x_r = 0.000000, inc_y_r = 1.000000, inc_x_i = 1.000000, inc_y_i = 1.000000
En el else......

----------------------------------------
x = 56.000000, y = 147.000000
avance = -487.000000, avanceR = 2.000000, avanceI = 2.000000
inc_x_r = 0.000000, inc_y_r = 1.000000, inc_x_i = 1.000000, inc_y_i = 1.000000
En el else......

----------------------------------------
x = 56.000000, y = 148.000000
avance = -485.000000, avanceR = 2.000000, avanceI = 2.000000
inc_x_r = 0.000000, inc_y_r = 1.000000, inc_x_i = 1.000000, inc_y_i = 1.000000
En el else......

----------------------------------------
x = 56.000000, y = 149.000000
avance = -483.000000, avanceR = 2.000000, avanceI = 2.000000
inc_x_r = 0.000000, inc_y_r = 1.000000, inc_x_i = 1.000000, inc_y_i = 1.000000
En el else......

----------------------------------------
x = 56.000000, y = 150.000000
avance = -481.000000, avanceR = 2.000000, avanceI = 2.000000
inc_x_r = 0.000000, inc_y_r = 1.000000, inc_x_i = 1.000000, inc_y_i = 1.000000
En el else......

----------------------------------------
x = 56.000000, y = 151.000000
avance = -479.000000, avanceR = 2.000000, avanceI = 2.000000
inc_x_r = 0.000000, inc_y_r = 1.000000, inc_x_i = 1.000000, inc_y_i = 1.000000
En el else......

----------------------------------------
x = 56.000000, y = 152.000000
avance = -477.000000, avanceR = 2.000000, avanceI = 2.000000
inc_x_r = 0.000000, inc_y_r = 1.000000, inc_x_i = 1.000000, inc_y_i = 1.000000
En el else......

----------------------------------------
x = 56.000000, y = 153.000000
avance = -475.000000, avanceR = 2.000000, avanceI = 2.000000
inc_x_r = 0.000000, inc_y_r = 1.000000, inc_x_i = 1.000000, inc_y_i = 1.000000
En el else......

----------------------------------------
x = 56.000000, y = 154.000000
avance = -473.000000, avanceR = 2.000000, avanceI = 2.000000
inc_x_r = 0.000000, inc_y_r = 1.000000, inc_x_i = 1.000000, inc_y_i = 1.000000
En el else......

----------------------------------------
x = 56.000000, y = 155.000000
avance = -471.000000, avanceR = 2.000000, avanceI = 2.000000
inc_x_r = 0.000000, inc_y_r = 1.000000, inc_x_i = 1.000000, inc_y_i = 1.000000
En el else......

----------------------------------------
x = 56.000000, y = 156.000000
avance = -469.000000, avanceR = 2.000000, avanceI = 2.000000
inc_x_r = 0.000000, inc_y_r = 1.000000, inc_x_i = 1.000000, inc_y_i = 1.000000
En el else......

----------------------------------------
x = 56.000000, y = 157.000000
avance = -467.000000, avanceR = 2.000000, avanceI = 2.000000
inc_x_r = 0.000000, inc_y_r = 1.000000, inc_x_i = 1.000000, inc_y_i = 1.000000
En el else......

----------------------------------------
x = 56.000000, y = 158.000000
avance = -465.000000, avanceR = 2.000000, avanceI = 2.000000
inc_x_r = 0.000000, inc_y_r = 1.000000, inc_x_i = 1.000000, inc_y_i = 1.000000
En el else......

----------------------------------------
x = 56.000000, y = 159.000000
avance = -463.000000, avanceR = 2.000000, avanceI = 2.000000
inc_x_r = 0.000000, inc_y_r = 1.000000, inc_x_i = 1.000000, inc_y_i = 1.000000
En el else......

----------------------------------------
x = 56.000000, y = 160.000000
avance = -461.000000, avanceR = 2.000000, avanceI = 2.000000
inc_x_r = 0.000000, inc_y_r = 1.000000, inc_x_i = 1.000000, inc_y_i = 1.000000
En el else......

----------------------------------------
x = 56.000000, y = 161.000000
avance = -459.000000, avanceR = 2.000000, avanceI = 2.000000
inc_x_r = 0.000000, inc_y_r = 1.000000, inc_x_i = 1.000000, inc_y_i = 1.000000
En el else......

----------------------------------------
x = 56.000000, y = 162.000000
avance = -457.000000, avanceR = 2.000000, avanceI = 2.000000
inc_x_r = 0.000000, inc_y_r = 1.000000, inc_x_i = 1.000000, inc_y_i = 1.000000
En el else......

----------------------------------------
x = 56.000000, y = 163.000000
avance = -455.000000, avanceR = 2.000000, avanceI = 2.000000
inc_x_r = 0.000000, inc_y_r = 1.000000, inc_x_i = 1.000000, inc_y_i = 1.000000
En el else......

----------------------------------------
x = 56.000000, y = 164.000000
avance = -453.000000, avanceR = 2.000000, avanceI = 2.000000
inc_x_r = 0.000000, inc_y_r = 1.000000, inc_x_i = 1.000000, inc_y_i = 1.000000
En el else......

----------------------------------------
x = 56.000000, y = 165.000000
avance = -451.000000, avanceR = 2.000000, avanceI = 2.000000
inc_x_r = 0.000000, inc_y_r = 1.000000, inc_x_i = 1.000000, inc_y_i = 1.000000
En el else......

----------------------------------------
x = 56.000000, y = 166.000000
avance = -449.000000, avanceR = 2.000000, avanceI = 2.000000
inc_x_r = 0.000000, inc_y_r = 1.000000, inc_x_i = 1.000000, inc_y_i = 1.000000
En el else......

----------------------------------------
x = 56.000000, y = 167.000000
avance = -447.000000, avanceR = 2.000000, avanceI = 2.000000
inc_x_r = 0.000000, inc_y_r = 1.000000, inc_x_i = 1.000000, inc_y_i = 1.000000
En el else......

----------------------------------------
x = 56.000000, y = 168.000000
avance = -445.000000, avanceR = 2.000000, avanceI = 2.000000
inc_x_r = 0.000000, inc_y_r = 1.000000, inc_x_i = 1.000000, inc_y_i = 1.000000
En el else......

----------------------------------------
x = 56.000000, y = 169.000000
avance = -443.000000, avanceR = 2.000000, avanceI = 2.000000
inc_x_r = 0.000000, inc_y_r = 1.000000, inc_x_i = 1.000000, inc_y_i = 1.000000
En el else......

----------------------------------------
x = 56.000000, y = 170.000000
avance = -441.000000, avanceR = 2.000000, avanceI = 2.000000
inc_x_r = 0.000000, inc_y_r = 1.000000, inc_x_i = 1.000000, inc_y_i = 1.000000
En el else......

----------------------------------------
x = 56.000000, y = 171.000000
avance = -439.000000, avanceR = 2.000000, avanceI = 2.000000
inc_x_r = 0.000000, inc_y_r = 1.000000, inc_x_i = 1.000000, inc_y_i = 1.000000
En el else......

----------------------------------------
x = 56.000000, y = 172.000000
avance = -437.000000, avanceR = 2.000000, avanceI = 2.000000
inc_x_r = 0.000000, inc_y_r = 1.000000, inc_x_i = 1.000000, inc_y_i = 1.000000
En el else......

----------------------------------------
x = 56.000000, y = 173.000000
avance = -435.000000, avanceR = 2.000000, avanceI = 2.000000
inc_x_r = 0.000000, inc_y_r = 1.000000, inc_x_i = 1.000000, inc_y_i = 1.000000
En el else......

----------------------------------------
x = 56.000000, y = 174.000000
avance = -433.000000, avanceR = 2.000000, avanceI = 2.000000
inc_x_r = 0.000000, inc_y_r = 1.000000, inc_x_i = 1.000000, inc_y_i = 1.000000
En el else......

----------------------------------------
x = 56.000000, y = 175.000000
avance = -431.000000, avanceR = 2.000000, avanceI = 2.000000
inc_x_r = 0.000000, inc_y_r = 1.000000, inc_x_i = 1.000000, inc_y_i = 1.000000
En el else......

----------------------------------------
x = 56.000000, y = 176.000000
avance = -429.000000, avanceR = 2.000000, avanceI = 2.000000
inc_x_r = 0.000000, inc_y_r = 1.000000, inc_x_i = 1.000000, inc_y_i = 1.000000
En el else......

----------------------------------------
x = 56.000000, y = 177.000000
avance = -427.000000, avanceR = 2.000000, avanceI = 2.000000
inc_x_r = 0.000000, inc_y_r = 1.000000, inc_x_i = 1.000000, inc_y_i = 1.000000
En el else......

----------------------------------------
x = 56.000000, y = 178.000000
avance = -425.000000, avanceR = 2.000000, avanceI = 2.000000
inc_x_r = 0.000000, inc_y_r = 1.000000, inc_x_i = 1.000000, inc_y_i = 1.000000
En el else......

----------------------------------------
x = 56.000000, y = 179.000000
avance = -423.000000, avanceR = 2.000000, avanceI = 2.000000
inc_x_r = 0.000000, inc_y_r = 1.000000, inc_x_i = 1.000000, inc_y_i = 1.000000
En el else......

----------------------------------------
x = 56.000000, y = 180.000000
avance = -421.000000, avanceR = 2.000000, avanceI = 2.000000
inc_x_r = 0.000000, inc_y_r = 1.000000, inc_x_i = 1.000000, inc_y_i = 1.000000
En el else......

----------------------------------------
x = 56.000000, y = 181.000000
avance = -419.000000, avanceR = 2.000000, avanceI = 2.000000
inc_x_r = 0.000000, inc_y_r = 1.000000, inc_x_i = 1.000000, inc_y_i = 1.000000
En el else......

----------------------------------------
x = 56.000000, y = 182.000000
avance = -417.000000, avanceR = 2.000000, avanceI = 2.000000
inc_x_r = 0.000000, inc_y_r = 1.000000, inc_x_i = 1.000000, inc_y_i = 1.000000
En el else......

----------------------------------------
x = 56.000000, y = 183.000000
avance = -415.000000, avanceR = 2.000000, avanceI = 2.000000
inc_x_r = 0.000000, inc_y_r = 1.000000, inc_x_i = 1.000000, inc_y_i = 1.000000
En el else......

----------------------------------------
x = 56.000000, y = 184.000000
avance = -413.000000, avanceR = 2.000000, avanceI = 2.000000
inc_x_r = 0.000000, inc_y_r = 1.000000, inc_x_i = 1.000000, inc_y_i = 1.000000
En el else......

----------------------------------------
x = 56.000000, y = 185.000000
avance = -411.000000, avanceR = 2.000000, avanceI = 2.000000
inc_x_r = 0.000000, inc_y_r = 1.000000, inc_x_i = 1.000000, inc_y_i = 1.000000
En el else......

----------------------------------------
x = 56.000000, y = 186.000000
avance = -409.000000, avanceR = 2.000000, avanceI = 2.000000
inc_x_r = 0.000000, inc_y_r = 1.000000, inc_x_i = 1.000000, inc_y_i = 1.000000
En el else......

----------------------------------------
x = 56.000000, y = 187.000000
avance = -407.000000, avanceR = 2.000000, avanceI = 2.000000
inc_x_r = 0.000000, inc_y_r = 1.000000, inc_x_i = 1.000000, inc_y_i = 1.000000
En el else......

----------------------------------------
x = 56.000000, y = 188.000000
avance = -405.000000, avanceR = 2.000000, avanceI = 2.000000
inc_x_r = 0.000000, inc_y_r = 1.000000, inc_x_i = 1.000000, inc_y_i = 1.000000
En el else......

----------------------------------------
x = 56.000000, y = 189.000000
avance = -403.000000, avanceR = 2.000000, avanceI = 2.000000
inc_x_r = 0.000000, inc_y_r = 1.000000, inc_x_i = 1.000000, inc_y_i = 1.000000
En el else......

----------------------------------------
x = 56.000000, y = 190.000000
avance = -401.000000, avanceR = 2.000000, avanceI = 2.000000
inc_x_r = 0.000000, inc_y_r = 1.000000, inc_x_i = 1.000000, inc_y_i = 1.000000
En el else......

----------------------------------------
x = 56.000000, y = 191.000000
avance = -399.000000, avanceR = 2.000000, avanceI = 2.000000
inc_x_r = 0.000000, inc_y_r = 1.000000, inc_x_i = 1.000000, inc_y_i = 1.000000
En el else......

----------------------------------------
x = 56.000000, y = 192.000000
avance = -397.000000, avanceR = 2.000000, avanceI = 2.000000
inc_x_r = 0.000000, inc_y_r = 1.000000, inc_x_i = 1.000000, inc_y_i = 1.000000
En el else......

----------------------------------------
x = 56.000000, y = 193.000000
avance = -395.000000, avanceR = 2.000000, avanceI = 2.000000
inc_x_r = 0.000000, inc_y_r = 1.000000, inc_x_i = 1.000000, inc_y_i = 1.000000
En el else......

----------------------------------------
x = 56.000000, y = 194.000000
avance = -393.000000, avanceR = 2.000000, avanceI = 2.000000
inc_x_r = 0.000000, inc_y_r = 1.000000, inc_x_i = 1.000000, inc_y_i = 1.000000
En el else......

----------------------------------------
x = 56.000000, y = 195.000000
avance = -391.000000, avanceR = 2.000000, avanceI = 2.000000
inc_x_r = 0.000000, inc_y_r = 1.000000, inc_x_i = 1.000000, inc_y_i = 1.000000
En el else......

----------------------------------------
x = 56.000000, y = 196.000000
avance = -389.000000, avanceR = 2.000000, avanceI = 2.000000
inc_x_r = 0.000000, inc_y_r = 1.000000, inc_x_i = 1.000000, inc_y_i = 1.000000
En el else......

----------------------------------------
x = 56.000000, y = 197.000000
avance = -387.000000, avanceR = 2.000000, avanceI = 2.000000
inc_x_r = 0.000000, inc_y_r = 1.000000, inc_x_i = 1.000000, inc_y_i = 1.000000
En el else......

----------------------------------------
x = 56.000000, y = 198.000000
avance = -385.000000, avanceR = 2.000000, avanceI = 2.000000
inc_x_r = 0.000000, inc_y_r = 1.000000, inc_x_i = 1.000000, inc_y_i = 1.000000
En el else......

----------------------------------------
x = 56.000000, y = 199.000000
avance = -383.000000, avanceR = 2.000000, avanceI = 2.000000
inc_x_r = 0.000000, inc_y_r = 1.000000, inc_x_i = 1.000000, inc_y_i = 1.000000
En el else......

----------------------------------------
x = 56.000000, y = 200.000000
avance = -381.000000, avanceR = 2.000000, avanceI = 2.000000
inc_x_r = 0.000000, inc_y_r = 1.000000, inc_x_i = 1.000000, inc_y_i = 1.000000
En el else......

----------------------------------------
x = 56.000000, y = 201.000000
avance = -379.000000, avanceR = 2.000000, avanceI = 2.000000
inc_x_r = 0.000000, inc_y_r = 1.000000, inc_x_i = 1.000000, inc_y_i = 1.000000
En el else......

----------------------------------------
x = 56.000000, y = 202.000000
avance = -377.000000, avanceR = 2.000000, avanceI = 2.000000
inc_x_r = 0.000000, inc_y_r = 1.000000, inc_x_i = 1.000000, inc_y_i = 1.000000
En el else......

----------------------------------------
x = 56.000000, y = 203.000000
avance = -375.000000, avanceR = 2.000000, avanceI = 2.000000
inc_x_r = 0.000000, inc_y_r = 1.000000, inc_x_i = 1.000000, inc_y_i = 1.000000
En el else......

----------------------------------------
x = 56.000000, y = 204.000000
avance = -373.000000, avanceR = 2.000000, avanceI = 2.000000
inc_x_r = 0.000000, inc_y_r = 1.000000, inc_x_i = 1.000000, inc_y_i = 1.000000
En el else......

----------------------------------------
x = 56.000000, y = 205.000000
avance = -371.000000, avanceR = 2.000000, avanceI = 2.000000
inc_x_r = 0.000000, inc_y_r = 1.000000, inc_x_i = 1.000000, inc_y_i = 1.000000
En el else......

----------------------------------------
x = 56.000000, y = 206.000000
avance = -369.000000, avanceR = 2.000000, avanceI = 2.000000
inc_x_r = 0.000000, inc_y_r = 1.000000, inc_x_i = 1.000000, inc_y_i = 1.000000
En el else......

----------------------------------------
x = 56.000000, y = 207.000000
avance = -367.000000, avanceR = 2.000000, avanceI = 2.000000
inc_x_r = 0.000000, inc_y_r = 1.000000, inc_x_i = 1.000000, inc_y_i = 1.000000
En el else......

----------------------------------------
x = 56.000000, y = 208.000000
avance = -365.000000, avanceR = 2.000000, avanceI = 2.000000
inc_x_r = 0.000000, inc_y_r = 1.000000, inc_x_i = 1.000000, inc_y_i = 1.000000
En el else......

----------------------------------------
x = 56.000000, y = 209.000000
avance = -363.000000, avanceR = 2.000000, avanceI = 2.000000
inc_x_r = 0.000000, inc_y_r = 1.000000, inc_x_i = 1.000000, inc_y_i = 1.000000
En el else......

----------------------------------------
x = 56.000000, y = 210.000000
avance = -361.000000, avanceR = 2.000000, avanceI = 2.000000
inc_x_r = 0.000000, inc_y_r = 1.000000, inc_x_i = 1.000000, inc_y_i = 1.000000
En el else......

----------------------------------------
x = 56.000000, y = 211.000000
avance = -359.000000, avanceR = 2.000000, avanceI = 2.000000
inc_x_r = 0.000000, inc_y_r = 1.000000, inc_x_i = 1.000000, inc_y_i = 1.000000
En el else......

----------------------------------------
x = 56.000000, y = 212.000000
avance = -357.000000, avanceR = 2.000000, avanceI = 2.000000
inc_x_r = 0.000000, inc_y_r = 1.000000, inc_x_i = 1.000000, inc_y_i = 1.000000
En el else......

----------------------------------------
x = 56.000000, y = 213.000000
avance = -355.000000, avanceR = 2.000000, avanceI = 2.000000
inc_x_r = 0.000000, inc_y_r = 1.000000, inc_x_i = 1.000000, inc_y_i = 1.000000
En el else......

----------------------------------------
x = 56.000000, y = 214.000000
avance = -353.000000, avanceR = 2.000000, avanceI = 2.000000
inc_x_r = 0.000000, inc_y_r = 1.000000, inc_x_i = 1.000000, inc_y_i = 1.000000
En el else......

----------------------------------------
x = 56.000000, y = 215.000000
avance = -351.000000, avanceR = 2.000000, avanceI = 2.000000
inc_x_r = 0.000000, inc_y_r = 1.000000, inc_x_i = 1.000000, inc_y_i = 1.000000
En el else......

----------------------------------------
x = 56.000000, y = 216.000000
avance = -349.000000, avanceR = 2.000000, avanceI = 2.000000
inc_x_r = 0.000000, inc_y_r = 1.000000, inc_x_i = 1.000000, inc_y_i = 1.000000
En el else......

----------------------------------------
x = 56.000000, y = 217.000000
avance = -347.000000, avanceR = 2.000000, avanceI = 2.000000
inc_x_r = 0.000000, inc_y_r = 1.000000, inc_x_i = 1.000000, inc_y_i = 1.000000
En el else......

----------------------------------------
x = 56.000000, y = 218.000000
avance = -345.000000, avanceR = 2.000000, avanceI = 2.000000
inc_x_r = 0.000000, inc_y_r = 1.000000, inc_x_i = 1.000000, inc_y_i = 1.000000
En el else......

----------------------------------------
x = 56.000000, y = 219.000000
avance = -343.000000, avanceR = 2.000000, avanceI = 2.000000
inc_x_r = 0.000000, inc_y_r = 1.000000, inc_x_i = 1.000000, inc_y_i = 1.000000
En el else......

----------------------------------------
x = 56.000000, y = 220.000000
avance = -341.000000, avanceR = 2.000000, avanceI = 2.000000
inc_x_r = 0.000000, inc_y_r = 1.000000, inc_x_i = 1.000000, inc_y_i = 1.000000
En el else......

----------------------------------------
x = 56.000000, y = 221.000000
avance = -339.000000, avanceR = 2.000000, avanceI = 2.000000
inc_x_r = 0.000000, inc_y_r = 1.000000, inc_x_i = 1.000000, inc_y_i = 1.000000
En el else......

----------------------------------------
x = 56.000000, y = 222.000000
avance = -337.000000, avanceR = 2.000000, avanceI = 2.000000
inc_x_r = 0.000000, inc_y_r = 1.000000, inc_x_i = 1.000000, inc_y_i = 1.000000
En el else......

----------------------------------------
x = 56.000000, y = 223.000000
avance = -335.000000, avanceR = 2.000000, avanceI = 2.000000
inc_x_r = 0.000000, inc_y_r = 1.000000, inc_x_i = 1.000000, inc_y_i = 1.000000
En el else......

----------------------------------------
x = 56.000000, y = 224.000000
avance = -333.000000, avanceR = 2.000000, avanceI = 2.000000
inc_x_r = 0.000000, inc_y_r = 1.000000, inc_x_i = 1.000000, inc_y_i = 1.000000
En el else......

----------------------------------------
x = 56.000000, y = 225.000000
avance = -331.000000, avanceR = 2.000000, avanceI = 2.000000
inc_x_r = 0.000000, inc_y_r = 1.000000, inc_x_i = 1.000000, inc_y_i = 1.000000
En el else......

----------------------------------------
x = 56.000000, y = 226.000000
avance = -329.000000, avanceR = 2.000000, avanceI = 2.000000
inc_x_r = 0.000000, inc_y_r = 1.000000, inc_x_i = 1.000000, inc_y_i = 1.000000
En el else......

----------------------------------------
x = 56.000000, y = 227.000000
avance = -327.000000, avanceR = 2.000000, avanceI = 2.000000
inc_x_r = 0.000000, inc_y_r = 1.000000, inc_x_i = 1.000000, inc_y_i = 1.000000
En el else......

----------------------------------------
x = 56.000000, y = 228.000000
avance = -325.000000, avanceR = 2.000000, avanceI = 2.000000
inc_x_r = 0.000000, inc_y_r = 1.000000, inc_x_i = 1.000000, inc_y_i = 1.000000
En el else......

----------------------------------------
x = 56.000000, y = 229.000000
avance = -323.000000, avanceR = 2.000000, avanceI = 2.000000
inc_x_r = 0.000000, inc_y_r = 1.000000, inc_x_i = 1.000000, inc_y_i = 1.000000
En el else......

----------------------------------------
x = 56.000000, y = 230.000000
avance = -321.000000, avanceR = 2.000000, avanceI = 2.000000
inc_x_r = 0.000000, inc_y_r = 1.000000, inc_x_i = 1.000000, inc_y_i = 1.000000
En el else......

----------------------------------------
x = 56.000000, y = 231.000000
avance = -319.000000, avanceR = 2.000000, avanceI = 2.000000
inc_x_r = 0.000000, inc_y_r = 1.000000, inc_x_i = 1.000000, inc_y_i = 1.000000
En el else......

----------------------------------------
x = 56.000000, y = 232.000000
avance = -317.000000, avanceR = 2.000000, avanceI = 2.000000
inc_x_r = 0.000000, inc_y_r = 1.000000, inc_x_i = 1.000000, inc_y_i = 1.000000
En el else......

----------------------------------------
x = 56.000000, y = 233.000000
avance = -315.000000, avanceR = 2.000000, avanceI = 2.000000
inc_x_r = 0.000000, inc_y_r = 1.000000, inc_x_i = 1.000000, inc_y_i = 1.000000
En el else......

----------------------------------------
x = 56.000000, y = 234.000000
avance = -313.000000, avanceR = 2.000000, avanceI = 2.000000
inc_x_r = 0.000000, inc_y_r = 1.000000, inc_x_i = 1.000000, inc_y_i = 1.000000
En el else......

----------------------------------------
x = 56.000000, y = 235.000000
avance = -311.000000, avanceR = 2.000000, avanceI = 2.000000
inc_x_r = 0.000000, inc_y_r = 1.000000, inc_x_i = 1.000000, inc_y_i = 1.000000
En el else......

----------------------------------------
x = 56.000000, y = 236.000000
avance = -309.000000, avanceR = 2.000000, avanceI = 2.000000
inc_x_r = 0.000000, inc_y_r = 1.000000, inc_x_i = 1.000000, inc_y_i = 1.000000
En el else......

----------------------------------------
x = 56.000000, y = 237.000000
avance = -307.000000, avanceR = 2.000000, avanceI = 2.000000
inc_x_r = 0.000000, inc_y_r = 1.000000, inc_x_i = 1.000000, inc_y_i = 1.000000
En el else......

----------------------------------------
x = 56.000000, y = 238.000000
avance = -305.000000, avanceR = 2.000000, avanceI = 2.000000
inc_x_r = 0.000000, inc_y_r = 1.000000, inc_x_i = 1.000000, inc_y_i = 1.000000
En el else......

----------------------------------------
x = 56.000000, y = 239.000000
avance = -303.000000, avanceR = 2.000000, avanceI = 2.000000
inc_x_r = 0.000000, inc_y_r = 1.000000, inc_x_i = 1.000000, inc_y_i = 1.000000
En el else......

----------------------------------------
x = 56.000000, y = 240.000000
avance = -301.000000, avanceR = 2.000000, avanceI = 2.000000
inc_x_r = 0.000000, inc_y_r = 1.000000, inc_x_i = 1.000000, inc_y_i = 1.000000
En el else......

----------------------------------------
x = 56.000000, y = 241.000000
avance = -299.000000, avanceR = 2.000000, avanceI = 2.000000
inc_x_r = 0.000000, inc_y_r = 1.000000, inc_x_i = 1.000000, inc_y_i = 1.000000
En el else......

----------------------------------------
x = 56.000000, y = 242.000000
avance = -297.000000, avanceR = 2.000000, avanceI = 2.000000
inc_x_r = 0.000000, inc_y_r = 1.000000, inc_x_i = 1.000000, inc_y_i = 1.000000
En el else......

----------------------------------------
x = 56.000000, y = 243.000000
avance = -295.000000, avanceR = 2.000000, avanceI = 2.000000
inc_x_r = 0.000000, inc_y_r = 1.000000, inc_x_i = 1.000000, inc_y_i = 1.000000
En el else......

----------------------------------------
x = 56.000000, y = 244.000000
avance = -293.000000, avanceR = 2.000000, avanceI = 2.000000
inc_x_r = 0.000000, inc_y_r = 1.000000, inc_x_i = 1.000000, inc_y_i = 1.000000
En el else......

----------------------------------------
x = 56.000000, y = 245.000000
avance = -291.000000, avanceR = 2.000000, avanceI = 2.000000
inc_x_r = 0.000000, inc_y_r = 1.000000, inc_x_i = 1.000000, inc_y_i = 1.000000
En el else......

----------------------------------------
x = 56.000000, y = 246.000000
avance = -289.000000, avanceR = 2.000000, avanceI = 2.000000
inc_x_r = 0.000000, inc_y_r = 1.000000, inc_x_i = 1.000000, inc_y_i = 1.000000
En el else......

----------------------------------------
x = 56.000000, y = 247.000000
avance = -287.000000, avanceR = 2.000000, avanceI = 2.000000
inc_x_r = 0.000000, inc_y_r = 1.000000, inc_x_i = 1.000000, inc_y_i = 1.000000
En el else......

----------------------------------------
x = 56.000000, y = 248.000000
avance = -285.000000, avanceR = 2.000000, avanceI = 2.000000
inc_x_r = 0.000000, inc_y_r = 1.000000, inc_x_i = 1.000000, inc_y_i = 1.000000
En el else......

----------------------------------------
x = 56.000000, y = 249.000000
avance = -283.000000, avanceR = 2.000000, avanceI = 2.000000
inc_x_r = 0.000000, inc_y_r = 1.000000, inc_x_i = 1.000000, inc_y_i = 1.000000
En el else......

----------------------------------------
x = 56.000000, y = 250.000000
avance = -281.000000, avanceR = 2.000000, avanceI = 2.000000
inc_x_r = 0.000000, inc_y_r = 1.000000, inc_x_i = 1.000000, inc_y_i = 1.000000
En el else......

----------------------------------------
x = 56.000000, y = 251.000000
avance = -279.000000, avanceR = 2.000000, avanceI = 2.000000
inc_x_r = 0.000000, inc_y_r = 1.000000, inc_x_i = 1.000000, inc_y_i = 1.000000
En el else......

----------------------------------------
x = 56.000000, y = 252.000000
avance = -277.000000, avanceR = 2.000000, avanceI = 2.000000
inc_x_r = 0.000000, inc_y_r = 1.000000, inc_x_i = 1.000000, inc_y_i = 1.000000
En el else......

----------------------------------------
x = 56.000000, y = 253.000000
avance = -275.000000, avanceR = 2.000000, avanceI = 2.000000
inc_x_r = 0.000000, inc_y_r = 1.000000, inc_x_i = 1.000000, inc_y_i = 1.000000
En el else......

----------------------------------------
x = 56.000000, y = 254.000000
avance = -273.000000, avanceR = 2.000000, avanceI = 2.000000
inc_x_r = 0.000000, inc_y_r = 1.000000, inc_x_i = 1.000000, inc_y_i = 1.000000
En el else......

----------------------------------------
x = 56.000000, y = 255.000000
avance = -271.000000, avanceR = 2.000000, avanceI = 2.000000
inc_x_r = 0.000000, inc_y_r = 1.000000, inc_x_i = 1.000000, inc_y_i = 1.000000
En el else......

----------------------------------------
x = 56.000000, y = 256.000000
avance = -269.000000, avanceR = 2.000000, avanceI = 2.000000
inc_x_r = 0.000000, inc_y_r = 1.000000, inc_x_i = 1.000000, inc_y_i = 1.000000
En el else......

----------------------------------------
x = 56.000000, y = 257.000000
avance = -267.000000, avanceR = 2.000000, avanceI = 2.000000
inc_x_r = 0.000000, inc_y_r = 1.000000, inc_x_i = 1.000000, inc_y_i = 1.000000
En el else......

----------------------------------------
x = 56.000000, y = 258.000000
avance = -265.000000, avanceR = 2.000000, avanceI = 2.000000
inc_x_r = 0.000000, inc_y_r = 1.000000, inc_x_i = 1.000000, inc_y_i = 1.000000
En el else......

----------------------------------------
x = 56.000000, y = 259.000000
avance = -263.000000, avanceR = 2.000000, avanceI = 2.000000
inc_x_r = 0.000000, inc_y_r = 1.000000, inc_x_i = 1.000000, inc_y_i = 1.000000
En el else......

----------------------------------------
x = 56.000000, y = 260.000000
avance = -261.000000, avanceR = 2.000000, avanceI = 2.000000
inc_x_r = 0.000000, inc_y_r = 1.000000, inc_x_i = 1.000000, inc_y_i = 1.000000
En el else......

----------------------------------------
x = 56.000000, y = 261.000000
avance = -259.000000, avanceR = 2.000000, avanceI = 2.000000
inc_x_r = 0.000000, inc_y_r = 1.000000, inc_x_i = 1.000000, inc_y_i = 1.000000
En el else......

----------------------------------------
x = 56.000000, y = 262.000000
avance = -257.000000, avanceR = 2.000000, avanceI = 2.000000
inc_x_r = 0.000000, inc_y_r = 1.000000, inc_x_i = 1.000000, inc_y_i = 1.000000
En el else......

----------------------------------------
x = 56.000000, y = 263.000000
avance = -255.000000, avanceR = 2.000000, avanceI = 2.000000
inc_x_r = 0.000000, inc_y_r = 1.000000, inc_x_i = 1.000000, inc_y_i = 1.000000
En el else......

----------------------------------------
x = 56.000000, y = 264.000000
avance = -253.000000, avanceR = 2.000000, avanceI = 2.000000
inc_x_r = 0.000000, inc_y_r = 1.000000, inc_x_i = 1.000000, inc_y_i = 1.000000
En el else......

----------------------------------------
x = 56.000000, y = 265.000000
avance = -251.000000, avanceR = 2.000000, avanceI = 2.000000
inc_x_r = 0.000000, inc_y_r = 1.000000, inc_x_i = 1.000000, inc_y_i = 1.000000
En el else......

----------------------------------------


ENTRAMOS A BRESENHAMªªªª
x1 = 55.000000 - y1 = 15.000000 || x2 = 56.000000 - y2 = 266.000000
dy = 251.000000, dx = 1.000000
avances inclinados: inc_x_i = 1.000000, inc_y_i = 1.000000
updated: dy = 251.000000, dx = 1.000000
avances rectos: inc_x_r = 0.000000, inc_y_r 1.000000
reupdated: dy = 1.000000, dx = 251.000000
avanceR = 2.000000, avance -249.000000, avanceI 2.000000
----------------------------------------
x = 55.000000, y = 15.000000
avance = -249.000000, avanceR = 2.000000, avanceI = 2.000000
inc_x_r = 0.000000, inc_y_r = 1.000000, inc_x_i = 1.000000, inc_y_i = 1.000000
En el else......

----------------------------------------
x = 55.000000, y = 16.000000
avance = -247.000000, avanceR = 2.000000, avanceI = 2.000000
inc_x_r = 0.000000, inc_y_r = 1.000000, inc_x_i = 1.000000, inc_y_i = 1.000000
En el else......

----------------------------------------
x = 55.000000, y = 17.000000
avance = -245.000000, avanceR = 2.000000, avanceI = 2.000000
inc_x_r = 0.000000, inc_y_r = 1.000000, inc_x_i = 1.000000, inc_y_i = 1.000000
En el else......

----------------------------------------
x = 55.000000, y = 18.000000
avance = -243.000000, avanceR = 2.000000, avanceI = 2.000000
inc_x_r = 0.000000, inc_y_r = 1.000000, inc_x_i = 1.000000, inc_y_i = 1.000000
En el else......

----------------------------------------
x = 55.000000, y = 19.000000
avance = -241.000000, avanceR = 2.000000, avanceI = 2.000000
inc_x_r = 0.000000, inc_y_r = 1.000000, inc_x_i = 1.000000, inc_y_i = 1.000000
En el else......

----------------------------------------
x = 55.000000, y = 20.000000
avance = -239.000000, avanceR = 2.000000, avanceI = 2.000000
inc_x_r = 0.000000, inc_y_r = 1.000000, inc_x_i = 1.000000, inc_y_i = 1.000000
En el else......

----------------------------------------
x = 55.000000, y = 21.000000
avance = -237.000000, avanceR = 2.000000, avanceI = 2.000000
inc_x_r = 0.000000, inc_y_r = 1.000000, inc_x_i = 1.000000, inc_y_i = 1.000000
En el else......

----------------------------------------
x = 55.000000, y = 22.000000
avance = -235.000000, avanceR = 2.000000, avanceI = 2.000000
inc_x_r = 0.000000, inc_y_r = 1.000000, inc_x_i = 1.000000, inc_y_i = 1.000000
En el else......

----------------------------------------
x = 55.000000, y = 23.000000
avance = -233.000000, avanceR = 2.000000, avanceI = 2.000000
inc_x_r = 0.000000, inc_y_r = 1.000000, inc_x_i = 1.000000, inc_y_i = 1.000000
En el else......

----------------------------------------
x = 55.000000, y = 24.000000
avance = -231.000000, avanceR = 2.000000, avanceI = 2.000000
inc_x_r = 0.000000, inc_y_r = 1.000000, inc_x_i = 1.000000, inc_y_i = 1.000000
En el else......

----------------------------------------
x = 55.000000, y = 25.000000
avance = -229.000000, avanceR = 2.000000, avanceI = 2.000000
inc_x_r = 0.000000, inc_y_r = 1.000000, inc_x_i = 1.000000, inc_y_i = 1.000000
En el else......

----------------------------------------
x = 55.000000, y = 26.000000
avance = -227.000000, avanceR = 2.000000, avanceI = 2.000000
inc_x_r = 0.000000, inc_y_r = 1.000000, inc_x_i = 1.000000, inc_y_i = 1.000000
En el else......

----------------------------------------
x = 55.000000, y = 27.000000
avance = -225.000000, avanceR = 2.000000, avanceI = 2.000000
inc_x_r = 0.000000, inc_y_r = 1.000000, inc_x_i = 1.000000, inc_y_i = 1.000000
En el else......

----------------------------------------
x = 55.000000, y = 28.000000
avance = -223.000000, avanceR = 2.000000, avanceI = 2.000000
inc_x_r = 0.000000, inc_y_r = 1.000000, inc_x_i = 1.000000, inc_y_i = 1.000000
En el else......

----------------------------------------
x = 55.000000, y = 29.000000
avance = -221.000000, avanceR = 2.000000, avanceI = 2.000000
inc_x_r = 0.000000, inc_y_r = 1.000000, inc_x_i = 1.000000, inc_y_i = 1.000000
En el else......

----------------------------------------
x = 55.000000, y = 30.000000
avance = -219.000000, avanceR = 2.000000, avanceI = 2.000000
inc_x_r = 0.000000, inc_y_r = 1.000000, inc_x_i = 1.000000, inc_y_i = 1.000000
En el else......

----------------------------------------
x = 55.000000, y = 31.000000
avance = -217.000000, avanceR = 2.000000, avanceI = 2.000000
inc_x_r = 0.000000, inc_y_r = 1.000000, inc_x_i = 1.000000, inc_y_i = 1.000000
En el else......

----------------------------------------
x = 55.000000, y = 32.000000
avance = -215.000000, avanceR = 2.000000, avanceI = 2.000000
inc_x_r = 0.000000, inc_y_r = 1.000000, inc_x_i = 1.000000, inc_y_i = 1.000000
En el else......

----------------------------------------
x = 55.000000, y = 33.000000
avance = -213.000000, avanceR = 2.000000, avanceI = 2.000000
inc_x_r = 0.000000, inc_y_r = 1.000000, inc_x_i = 1.000000, inc_y_i = 1.000000
En el else......

----------------------------------------
x = 55.000000, y = 34.000000
avance = -211.000000, avanceR = 2.000000, avanceI = 2.000000
inc_x_r = 0.000000, inc_y_r = 1.000000, inc_x_i = 1.000000, inc_y_i = 1.000000
En el else......

----------------------------------------
x = 55.000000, y = 35.000000
avance = -209.000000, avanceR = 2.000000, avanceI = 2.000000
inc_x_r = 0.000000, inc_y_r = 1.000000, inc_x_i = 1.000000, inc_y_i = 1.000000
En el else......

----------------------------------------
x = 55.000000, y = 36.000000
avance = -207.000000, avanceR = 2.000000, avanceI = 2.000000
inc_x_r = 0.000000, inc_y_r = 1.000000, inc_x_i = 1.000000, inc_y_i = 1.000000
En el else......

----------------------------------------
x = 55.000000, y = 37.000000
avance = -205.000000, avanceR = 2.000000, avanceI = 2.000000
inc_x_r = 0.000000, inc_y_r = 1.000000, inc_x_i = 1.000000, inc_y_i = 1.000000
En el else......

----------------------------------------
x = 55.000000, y = 38.000000
avance = -203.000000, avanceR = 2.000000, avanceI = 2.000000
inc_x_r = 0.000000, inc_y_r = 1.000000, inc_x_i = 1.000000, inc_y_i = 1.000000
En el else......

----------------------------------------
x = 55.000000, y = 39.000000
avance = -201.000000, avanceR = 2.000000, avanceI = 2.000000
inc_x_r = 0.000000, inc_y_r = 1.000000, inc_x_i = 1.000000, inc_y_i = 1.000000
En el else......

----------------------------------------
x = 55.000000, y = 40.000000
avance = -199.000000, avanceR = 2.000000, avanceI = 2.000000
inc_x_r = 0.000000, inc_y_r = 1.000000, inc_x_i = 1.000000, inc_y_i = 1.000000
En el else......

----------------------------------------
x = 55.000000, y = 41.000000
avance = -197.000000, avanceR = 2.000000, avanceI = 2.000000
inc_x_r = 0.000000, inc_y_r = 1.000000, inc_x_i = 1.000000, inc_y_i = 1.000000
En el else......

----------------------------------------
x = 55.000000, y = 42.000000
avance = -195.000000, avanceR = 2.000000, avanceI = 2.000000
inc_x_r = 0.000000, inc_y_r = 1.000000, inc_x_i = 1.000000, inc_y_i = 1.000000
En el else......

----------------------------------------
x = 55.000000, y = 43.000000
avance = -193.000000, avanceR = 2.000000, avanceI = 2.000000
inc_x_r = 0.000000, inc_y_r = 1.000000, inc_x_i = 1.000000, inc_y_i = 1.000000
En el else......

----------------------------------------
x = 55.000000, y = 44.000000
avance = -191.000000, avanceR = 2.000000, avanceI = 2.000000
inc_x_r = 0.000000, inc_y_r = 1.000000, inc_x_i = 1.000000, inc_y_i = 1.000000
En el else......

----------------------------------------
x = 55.000000, y = 45.000000
avance = -189.000000, avanceR = 2.000000, avanceI = 2.000000
inc_x_r = 0.000000, inc_y_r = 1.000000, inc_x_i = 1.000000, inc_y_i = 1.000000
En el else......

----------------------------------------
x = 55.000000, y = 46.000000
avance = -187.000000, avanceR = 2.000000, avanceI = 2.000000
inc_x_r = 0.000000, inc_y_r = 1.000000, inc_x_i = 1.000000, inc_y_i = 1.000000
En el else......

----------------------------------------
x = 55.000000, y = 47.000000
avance = -185.000000, avanceR = 2.000000, avanceI = 2.000000
inc_x_r = 0.000000, inc_y_r = 1.000000, inc_x_i = 1.000000, inc_y_i = 1.000000
En el else......

----------------------------------------
x = 55.000000, y = 48.000000
avance = -183.000000, avanceR = 2.000000, avanceI = 2.000000
inc_x_r = 0.000000, inc_y_r = 1.000000, inc_x_i = 1.000000, inc_y_i = 1.000000
En el else......

----------------------------------------
x = 55.000000, y = 49.000000
avance = -181.000000, avanceR = 2.000000, avanceI = 2.000000
inc_x_r = 0.000000, inc_y_r = 1.000000, inc_x_i = 1.000000, inc_y_i = 1.000000
En el else......

----------------------------------------
x = 55.000000, y = 50.000000
avance = -179.000000, avanceR = 2.000000, avanceI = 2.000000
inc_x_r = 0.000000, inc_y_r = 1.000000, inc_x_i = 1.000000, inc_y_i = 1.000000
En el else......

----------------------------------------
x = 55.000000, y = 51.000000
avance = -177.000000, avanceR = 2.000000, avanceI = 2.000000
inc_x_r = 0.000000, inc_y_r = 1.000000, inc_x_i = 1.000000, inc_y_i = 1.000000
En el else......

----------------------------------------
x = 55.000000, y = 52.000000
avance = -175.000000, avanceR = 2.000000, avanceI = 2.000000
inc_x_r = 0.000000, inc_y_r = 1.000000, inc_x_i = 1.000000, inc_y_i = 1.000000
En el else......

----------------------------------------
x = 55.000000, y = 53.000000
avance = -173.000000, avanceR = 2.000000, avanceI = 2.000000
inc_x_r = 0.000000, inc_y_r = 1.000000, inc_x_i = 1.000000, inc_y_i = 1.000000
En el else......

----------------------------------------
x = 55.000000, y = 54.000000
avance = -171.000000, avanceR = 2.000000, avanceI = 2.000000
inc_x_r = 0.000000, inc_y_r = 1.000000, inc_x_i = 1.000000, inc_y_i = 1.000000
En el else......

----------------------------------------
x = 55.000000, y = 55.000000
avance = -169.000000, avanceR = 2.000000, avanceI = 2.000000
inc_x_r = 0.000000, inc_y_r = 1.000000, inc_x_i = 1.000000, inc_y_i = 1.000000
En el else......

----------------------------------------
x = 55.000000, y = 56.000000
avance = -167.000000, avanceR = 2.000000, avanceI = 2.000000
inc_x_r = 0.000000, inc_y_r = 1.000000, inc_x_i = 1.000000, inc_y_i = 1.000000
En el else......

----------------------------------------
x = 55.000000, y = 57.000000
avance = -165.000000, avanceR = 2.000000, avanceI = 2.000000
inc_x_r = 0.000000, inc_y_r = 1.000000, inc_x_i = 1.000000, inc_y_i = 1.000000
En el else......

----------------------------------------
x = 55.000000, y = 58.000000
avance = -163.000000, avanceR = 2.000000, avanceI = 2.000000
inc_x_r = 0.000000, inc_y_r = 1.000000, inc_x_i = 1.000000, inc_y_i = 1.000000
En el else......

----------------------------------------
x = 55.000000, y = 59.000000
avance = -161.000000, avanceR = 2.000000, avanceI = 2.000000
inc_x_r = 0.000000, inc_y_r = 1.000000, inc_x_i = 1.000000, inc_y_i = 1.000000
En el else......

----------------------------------------
x = 55.000000, y = 60.000000
avance = -159.000000, avanceR = 2.000000, avanceI = 2.000000
inc_x_r = 0.000000, inc_y_r = 1.000000, inc_x_i = 1.000000, inc_y_i = 1.000000
En el else......

----------------------------------------
x = 55.000000, y = 61.000000
avance = -157.000000, avanceR = 2.000000, avanceI = 2.000000
inc_x_r = 0.000000, inc_y_r = 1.000000, inc_x_i = 1.000000, inc_y_i = 1.000000
En el else......

----------------------------------------
x = 55.000000, y = 62.000000
avance = -155.000000, avanceR = 2.000000, avanceI = 2.000000
inc_x_r = 0.000000, inc_y_r = 1.000000, inc_x_i = 1.000000, inc_y_i = 1.000000
En el else......

----------------------------------------
x = 55.000000, y = 63.000000
avance = -153.000000, avanceR = 2.000000, avanceI = 2.000000
inc_x_r = 0.000000, inc_y_r = 1.000000, inc_x_i = 1.000000, inc_y_i = 1.000000
En el else......

----------------------------------------
x = 55.000000, y = 64.000000
avance = -151.000000, avanceR = 2.000000, avanceI = 2.000000
inc_x_r = 0.000000, inc_y_r = 1.000000, inc_x_i = 1.000000, inc_y_i = 1.000000
En el else......

----------------------------------------
x = 55.000000, y = 65.000000
avance = -149.000000, avanceR = 2.000000, avanceI = 2.000000
inc_x_r = 0.000000, inc_y_r = 1.000000, inc_x_i = 1.000000, inc_y_i = 1.000000
En el else......

----------------------------------------
x = 55.000000, y = 66.000000
avance = -147.000000, avanceR = 2.000000, avanceI = 2.000000
inc_x_r = 0.000000, inc_y_r = 1.000000, inc_x_i = 1.000000, inc_y_i = 1.000000
En el else......

----------------------------------------
x = 55.000000, y = 67.000000
avance = -145.000000, avanceR = 2.000000, avanceI = 2.000000
inc_x_r = 0.000000, inc_y_r = 1.000000, inc_x_i = 1.000000, inc_y_i = 1.000000
En el else......

----------------------------------------
x = 55.000000, y = 68.000000
avance = -143.000000, avanceR = 2.000000, avanceI = 2.000000
inc_x_r = 0.000000, inc_y_r = 1.000000, inc_x_i = 1.000000, inc_y_i = 1.000000
En el else......

----------------------------------------
x = 55.000000, y = 69.000000
avance = -141.000000, avanceR = 2.000000, avanceI = 2.000000
inc_x_r = 0.000000, inc_y_r = 1.000000, inc_x_i = 1.000000, inc_y_i = 1.000000
En el else......

----------------------------------------
x = 55.000000, y = 70.000000
avance = -139.000000, avanceR = 2.000000, avanceI = 2.000000
inc_x_r = 0.000000, inc_y_r = 1.000000, inc_x_i = 1.000000, inc_y_i = 1.000000
En el else......

----------------------------------------
x = 55.000000, y = 71.000000
avance = -137.000000, avanceR = 2.000000, avanceI = 2.000000
inc_x_r = 0.000000, inc_y_r = 1.000000, inc_x_i = 1.000000, inc_y_i = 1.000000
En el else......

----------------------------------------
x = 55.000000, y = 72.000000
avance = -135.000000, avanceR = 2.000000, avanceI = 2.000000
inc_x_r = 0.000000, inc_y_r = 1.000000, inc_x_i = 1.000000, inc_y_i = 1.000000
En el else......

----------------------------------------
x = 55.000000, y = 73.000000
avance = -133.000000, avanceR = 2.000000, avanceI = 2.000000
inc_x_r = 0.000000, inc_y_r = 1.000000, inc_x_i = 1.000000, inc_y_i = 1.000000
En el else......

----------------------------------------
x = 55.000000, y = 74.000000
avance = -131.000000, avanceR = 2.000000, avanceI = 2.000000
inc_x_r = 0.000000, inc_y_r = 1.000000, inc_x_i = 1.000000, inc_y_i = 1.000000
En el else......

----------------------------------------
x = 55.000000, y = 75.000000
avance = -129.000000, avanceR = 2.000000, avanceI = 2.000000
inc_x_r = 0.000000, inc_y_r = 1.000000, inc_x_i = 1.000000, inc_y_i = 1.000000
En el else......

----------------------------------------
x = 55.000000, y = 76.000000
avance = -127.000000, avanceR = 2.000000, avanceI = 2.000000
inc_x_r = 0.000000, inc_y_r = 1.000000, inc_x_i = 1.000000, inc_y_i = 1.000000
En el else......

----------------------------------------
x = 55.000000, y = 77.000000
avance = -125.000000, avanceR = 2.000000, avanceI = 2.000000
inc_x_r = 0.000000, inc_y_r = 1.000000, inc_x_i = 1.000000, inc_y_i = 1.000000
En el else......

----------------------------------------
x = 55.000000, y = 78.000000
avance = -123.000000, avanceR = 2.000000, avanceI = 2.000000
inc_x_r = 0.000000, inc_y_r = 1.000000, inc_x_i = 1.000000, inc_y_i = 1.000000
En el else......

----------------------------------------
x = 55.000000, y = 79.000000
avance = -121.000000, avanceR = 2.000000, avanceI = 2.000000
inc_x_r = 0.000000, inc_y_r = 1.000000, inc_x_i = 1.000000, inc_y_i = 1.000000
En el else......

----------------------------------------
x = 55.000000, y = 80.000000
avance = -119.000000, avanceR = 2.000000, avanceI = 2.000000
inc_x_r = 0.000000, inc_y_r = 1.000000, inc_x_i = 1.000000, inc_y_i = 1.000000
En el else......

----------------------------------------
x = 55.000000, y = 81.000000
avance = -117.000000, avanceR = 2.000000, avanceI = 2.000000
inc_x_r = 0.000000, inc_y_r = 1.000000, inc_x_i = 1.000000, inc_y_i = 1.000000
En el else......

----------------------------------------
x = 55.000000, y = 82.000000
avance = -115.000000, avanceR = 2.000000, avanceI = 2.000000
inc_x_r = 0.000000, inc_y_r = 1.000000, inc_x_i = 1.000000, inc_y_i = 1.000000
En el else......

----------------------------------------
x = 55.000000, y = 83.000000
avance = -113.000000, avanceR = 2.000000, avanceI = 2.000000
inc_x_r = 0.000000, inc_y_r = 1.000000, inc_x_i = 1.000000, inc_y_i = 1.000000
En el else......

----------------------------------------
x = 55.000000, y = 84.000000
avance = -111.000000, avanceR = 2.000000, avanceI = 2.000000
inc_x_r = 0.000000, inc_y_r = 1.000000, inc_x_i = 1.000000, inc_y_i = 1.000000
En el else......

----------------------------------------
x = 55.000000, y = 85.000000
avance = -109.000000, avanceR = 2.000000, avanceI = 2.000000
inc_x_r = 0.000000, inc_y_r = 1.000000, inc_x_i = 1.000000, inc_y_i = 1.000000
En el else......

----------------------------------------
x = 55.000000, y = 86.000000
avance = -107.000000, avanceR = 2.000000, avanceI = 2.000000
inc_x_r = 0.000000, inc_y_r = 1.000000, inc_x_i = 1.000000, inc_y_i = 1.000000
En el else......

----------------------------------------
x = 55.000000, y = 87.000000
avance = -105.000000, avanceR = 2.000000, avanceI = 2.000000
inc_x_r = 0.000000, inc_y_r = 1.000000, inc_x_i = 1.000000, inc_y_i = 1.000000
En el else......

----------------------------------------
x = 55.000000, y = 88.000000
avance = -103.000000, avanceR = 2.000000, avanceI = 2.000000
inc_x_r = 0.000000, inc_y_r = 1.000000, inc_x_i = 1.000000, inc_y_i = 1.000000
En el else......

----------------------------------------
x = 55.000000, y = 89.000000
avance = -101.000000, avanceR = 2.000000, avanceI = 2.000000
inc_x_r = 0.000000, inc_y_r = 1.000000, inc_x_i = 1.000000, inc_y_i = 1.000000
En el else......

----------------------------------------
x = 55.000000, y = 90.000000
avance = -99.000000, avanceR = 2.000000, avanceI = 2.000000
inc_x_r = 0.000000, inc_y_r = 1.000000, inc_x_i = 1.000000, inc_y_i = 1.000000
En el else......

----------------------------------------
x = 55.000000, y = 91.000000
avance = -97.000000, avanceR = 2.000000, avanceI = 2.000000
inc_x_r = 0.000000, inc_y_r = 1.000000, inc_x_i = 1.000000, inc_y_i = 1.000000
En el else......

----------------------------------------
x = 55.000000, y = 92.000000
avance = -95.000000, avanceR = 2.000000, avanceI = 2.000000
inc_x_r = 0.000000, inc_y_r = 1.000000, inc_x_i = 1.000000, inc_y_i = 1.000000
En el else......

----------------------------------------
x = 55.000000, y = 93.000000
avance = -93.000000, avanceR = 2.000000, avanceI = 2.000000
inc_x_r = 0.000000, inc_y_r = 1.000000, inc_x_i = 1.000000, inc_y_i = 1.000000
En el else......

----------------------------------------
x = 55.000000, y = 94.000000
avance = -91.000000, avanceR = 2.000000, avanceI = 2.000000
inc_x_r = 0.000000, inc_y_r = 1.000000, inc_x_i = 1.000000, inc_y_i = 1.000000
En el else......

----------------------------------------
x = 55.000000, y = 95.000000
avance = -89.000000, avanceR = 2.000000, avanceI = 2.000000
inc_x_r = 0.000000, inc_y_r = 1.000000, inc_x_i = 1.000000, inc_y_i = 1.000000
En el else......

----------------------------------------
x = 55.000000, y = 96.000000
avance = -87.000000, avanceR = 2.000000, avanceI = 2.000000
inc_x_r = 0.000000, inc_y_r = 1.000000, inc_x_i = 1.000000, inc_y_i = 1.000000
En el else......

----------------------------------------
x = 55.000000, y = 97.000000
avance = -85.000000, avanceR = 2.000000, avanceI = 2.000000
inc_x_r = 0.000000, inc_y_r = 1.000000, inc_x_i = 1.000000, inc_y_i = 1.000000
En el else......

----------------------------------------
x = 55.000000, y = 98.000000
avance = -83.000000, avanceR = 2.000000, avanceI = 2.000000
inc_x_r = 0.000000, inc_y_r = 1.000000, inc_x_i = 1.000000, inc_y_i = 1.000000
En el else......

----------------------------------------
x = 55.000000, y = 99.000000
avance = -81.000000, avanceR = 2.000000, avanceI = 2.000000
inc_x_r = 0.000000, inc_y_r = 1.000000, inc_x_i = 1.000000, inc_y_i = 1.000000
En el else......

----------------------------------------
x = 55.000000, y = 100.000000
avance = -79.000000, avanceR = 2.000000, avanceI = 2.000000
inc_x_r = 0.000000, inc_y_r = 1.000000, inc_x_i = 1.000000, inc_y_i = 1.000000
En el else......

----------------------------------------
x = 55.000000, y = 101.000000
avance = -77.000000, avanceR = 2.000000, avanceI = 2.000000
inc_x_r = 0.000000, inc_y_r = 1.000000, inc_x_i = 1.000000, inc_y_i = 1.000000
En el else......

----------------------------------------
x = 55.000000, y = 102.000000
avance = -75.000000, avanceR = 2.000000, avanceI = 2.000000
inc_x_r = 0.000000, inc_y_r = 1.000000, inc_x_i = 1.000000, inc_y_i = 1.000000
En el else......

----------------------------------------
x = 55.000000, y = 103.000000
avance = -73.000000, avanceR = 2.000000, avanceI = 2.000000
inc_x_r = 0.000000, inc_y_r = 1.000000, inc_x_i = 1.000000, inc_y_i = 1.000000
En el else......

----------------------------------------
x = 55.000000, y = 104.000000
avance = -71.000000, avanceR = 2.000000, avanceI = 2.000000
inc_x_r = 0.000000, inc_y_r = 1.000000, inc_x_i = 1.000000, inc_y_i = 1.000000
En el else......

----------------------------------------
x = 55.000000, y = 105.000000
avance = -69.000000, avanceR = 2.000000, avanceI = 2.000000
inc_x_r = 0.000000, inc_y_r = 1.000000, inc_x_i = 1.000000, inc_y_i = 1.000000
En el else......

----------------------------------------
x = 55.000000, y = 106.000000
avance = -67.000000, avanceR = 2.000000, avanceI = 2.000000
inc_x_r = 0.000000, inc_y_r = 1.000000, inc_x_i = 1.000000, inc_y_i = 1.000000
En el else......

----------------------------------------
x = 55.000000, y = 107.000000
avance = -65.000000, avanceR = 2.000000, avanceI = 2.000000
inc_x_r = 0.000000, inc_y_r = 1.000000, inc_x_i = 1.000000, inc_y_i = 1.000000
En el else......

----------------------------------------
x = 55.000000, y = 108.000000
avance = -63.000000, avanceR = 2.000000, avanceI = 2.000000
inc_x_r = 0.000000, inc_y_r = 1.000000, inc_x_i = 1.000000, inc_y_i = 1.000000
En el else......

----------------------------------------
x = 55.000000, y = 109.000000
avance = -61.000000, avanceR = 2.000000, avanceI = 2.000000
inc_x_r = 0.000000, inc_y_r = 1.000000, inc_x_i = 1.000000, inc_y_i = 1.000000
En el else......

----------------------------------------
x = 55.000000, y = 110.000000
avance = -59.000000, avanceR = 2.000000, avanceI = 2.000000
inc_x_r = 0.000000, inc_y_r = 1.000000, inc_x_i = 1.000000, inc_y_i = 1.000000
En el else......

----------------------------------------
x = 55.000000, y = 111.000000
avance = -57.000000, avanceR = 2.000000, avanceI = 2.000000
inc_x_r = 0.000000, inc_y_r = 1.000000, inc_x_i = 1.000000, inc_y_i = 1.000000
En el else......

----------------------------------------
x = 55.000000, y = 112.000000
avance = -55.000000, avanceR = 2.000000, avanceI = 2.000000
inc_x_r = 0.000000, inc_y_r = 1.000000, inc_x_i = 1.000000, inc_y_i = 1.000000
En el else......

----------------------------------------
x = 55.000000, y = 113.000000
avance = -53.000000, avanceR = 2.000000, avanceI = 2.000000
inc_x_r = 0.000000, inc_y_r = 1.000000, inc_x_i = 1.000000, inc_y_i = 1.000000
En el else......

----------------------------------------
x = 55.000000, y = 114.000000
avance = -51.000000, avanceR = 2.000000, avanceI = 2.000000
inc_x_r = 0.000000, inc_y_r = 1.000000, inc_x_i = 1.000000, inc_y_i = 1.000000
En el else......

----------------------------------------
x = 55.000000, y = 115.000000
avance = -49.000000, avanceR = 2.000000, avanceI = 2.000000
inc_x_r = 0.000000, inc_y_r = 1.000000, inc_x_i = 1.000000, inc_y_i = 1.000000
En el else......

----------------------------------------
x = 55.000000, y = 116.000000
avance = -47.000000, avanceR = 2.000000, avanceI = 2.000000
inc_x_r = 0.000000, inc_y_r = 1.000000, inc_x_i = 1.000000, inc_y_i = 1.000000
En el else......

----------------------------------------
x = 55.000000, y = 117.000000
avance = -45.000000, avanceR = 2.000000, avanceI = 2.000000
inc_x_r = 0.000000, inc_y_r = 1.000000, inc_x_i = 1.000000, inc_y_i = 1.000000
En el else......

----------------------------------------
x = 55.000000, y = 118.000000
avance = -43.000000, avanceR = 2.000000, avanceI = 2.000000
inc_x_r = 0.000000, inc_y_r = 1.000000, inc_x_i = 1.000000, inc_y_i = 1.000000
En el else......

----------------------------------------
x = 55.000000, y = 119.000000
avance = -41.000000, avanceR = 2.000000, avanceI = 2.000000
inc_x_r = 0.000000, inc_y_r = 1.000000, inc_x_i = 1.000000, inc_y_i = 1.000000
En el else......

----------------------------------------
x = 55.000000, y = 120.000000
avance = -39.000000, avanceR = 2.000000, avanceI = 2.000000
inc_x_r = 0.000000, inc_y_r = 1.000000, inc_x_i = 1.000000, inc_y_i = 1.000000
En el else......

----------------------------------------
x = 55.000000, y = 121.000000
avance = -37.000000, avanceR = 2.000000, avanceI = 2.000000
inc_x_r = 0.000000, inc_y_r = 1.000000, inc_x_i = 1.000000, inc_y_i = 1.000000
En el else......

----------------------------------------
x = 55.000000, y = 122.000000
avance = -35.000000, avanceR = 2.000000, avanceI = 2.000000
inc_x_r = 0.000000, inc_y_r = 1.000000, inc_x_i = 1.000000, inc_y_i = 1.000000
En el else......

----------------------------------------
x = 55.000000, y = 123.000000
avance = -33.000000, avanceR = 2.000000, avanceI = 2.000000
inc_x_r = 0.000000, inc_y_r = 1.000000, inc_x_i = 1.000000, inc_y_i = 1.000000
En el else......

----------------------------------------
x = 55.000000, y = 124.000000
avance = -31.000000, avanceR = 2.000000, avanceI = 2.000000
inc_x_r = 0.000000, inc_y_r = 1.000000, inc_x_i = 1.000000, inc_y_i = 1.000000
En el else......

----------------------------------------
x = 55.000000, y = 125.000000
avance = -29.000000, avanceR = 2.000000, avanceI = 2.000000
inc_x_r = 0.000000, inc_y_r = 1.000000, inc_x_i = 1.000000, inc_y_i = 1.000000
En el else......

----------------------------------------
x = 55.000000, y = 126.000000
avance = -27.000000, avanceR = 2.000000, avanceI = 2.000000
inc_x_r = 0.000000, inc_y_r = 1.000000, inc_x_i = 1.000000, inc_y_i = 1.000000
En el else......

----------------------------------------
x = 55.000000, y = 127.000000
avance = -25.000000, avanceR = 2.000000, avanceI = 2.000000
inc_x_r = 0.000000, inc_y_r = 1.000000, inc_x_i = 1.000000, inc_y_i = 1.000000
En el else......

----------------------------------------
x = 55.000000, y = 128.000000
avance = -23.000000, avanceR = 2.000000, avanceI = 2.000000
inc_x_r = 0.000000, inc_y_r = 1.000000, inc_x_i = 1.000000, inc_y_i = 1.000000
En el else......

----------------------------------------
x = 55.000000, y = 129.000000
avance = -21.000000, avanceR = 2.000000, avanceI = 2.000000
inc_x_r = 0.000000, inc_y_r = 1.000000, inc_x_i = 1.000000, inc_y_i = 1.000000
En el else......

----------------------------------------
x = 55.000000, y = 130.000000
avance = -19.000000, avanceR = 2.000000, avanceI = 2.000000
inc_x_r = 0.000000, inc_y_r = 1.000000, inc_x_i = 1.000000, inc_y_i = 1.000000
En el else......

----------------------------------------
x = 55.000000, y = 131.000000
avance = -17.000000, avanceR = 2.000000, avanceI = 2.000000
inc_x_r = 0.000000, inc_y_r = 1.000000, inc_x_i = 1.000000, inc_y_i = 1.000000
En el else......

----------------------------------------
x = 55.000000, y = 132.000000
avance = -15.000000, avanceR = 2.000000, avanceI = 2.000000
inc_x_r = 0.000000, inc_y_r = 1.000000, inc_x_i = 1.000000, inc_y_i = 1.000000
En el else......

----------------------------------------
x = 55.000000, y = 133.000000
avance = -13.000000, avanceR = 2.000000, avanceI = 2.000000
inc_x_r = 0.000000, inc_y_r = 1.000000, inc_x_i = 1.000000, inc_y_i = 1.000000
En el else......

----------------------------------------
x = 55.000000, y = 134.000000
avance = -11.000000, avanceR = 2.000000, avanceI = 2.000000
inc_x_r = 0.000000, inc_y_r = 1.000000, inc_x_i = 1.000000, inc_y_i = 1.000000
En el else......

----------------------------------------
x = 55.000000, y = 135.000000
avance = -9.000000, avanceR = 2.000000, avanceI = 2.000000
inc_x_r = 0.000000, inc_y_r = 1.000000, inc_x_i = 1.000000, inc_y_i = 1.000000
En el else......

----------------------------------------
x = 55.000000, y = 136.000000
avance = -7.000000, avanceR = 2.000000, avanceI = 2.000000
inc_x_r = 0.000000, inc_y_r = 1.000000, inc_x_i = 1.000000, inc_y_i = 1.000000
En el else......

----------------------------------------
x = 55.000000, y = 137.000000
avance = -5.000000, avanceR = 2.000000, avanceI = 2.000000
inc_x_r = 0.000000, inc_y_r = 1.000000, inc_x_i = 1.000000, inc_y_i = 1.000000
En el else......

----------------------------------------
x = 55.000000, y = 138.000000
avance = -3.000000, avanceR = 2.000000, avanceI = 2.000000
inc_x_r = 0.000000, inc_y_r = 1.000000, inc_x_i = 1.000000, inc_y_i = 1.000000
En el else......

----------------------------------------
x = 55.000000, y = 139.000000
avance = -1.000000, avanceR = 2.000000, avanceI = 2.000000
inc_x_r = 0.000000, inc_y_r = 1.000000, inc_x_i = 1.000000, inc_y_i = 1.000000
En el else......

----------------------------------------
x = 55.000000, y = 140.000000
avance = 1.000000, avanceR = 2.000000, avanceI = 2.000000
inc_x_r = 0.000000, inc_y_r = 1.000000, inc_x_i = 1.000000, inc_y_i = 1.000000
avance >= 0

----------------------------------------
x = 56.000000, y = 141.000000
avance = -499.000000, avanceR = 2.000000, avanceI = 2.000000
inc_x_r = 0.000000, inc_y_r = 1.000000, inc_x_i = 1.000000, inc_y_i = 1.000000
En el else......

----------------------------------------
x = 56.000000, y = 142.000000
avance = -497.000000, avanceR = 2.000000, avanceI = 2.000000
inc_x_r = 0.000000, inc_y_r = 1.000000, inc_x_i = 1.000000, inc_y_i = 1.000000
En el else......

----------------------------------------
x = 56.000000, y = 143.000000
avance = -495.000000, avanceR = 2.000000, avanceI = 2.000000
inc_x_r = 0.000000, inc_y_r = 1.000000, inc_x_i = 1.000000, inc_y_i = 1.000000
En el else......

----------------------------------------
x = 56.000000, y = 144.000000
avance = -493.000000, avanceR = 2.000000, avanceI = 2.000000
inc_x_r = 0.000000, inc_y_r = 1.000000, inc_x_i = 1.000000, inc_y_i = 1.000000
En el else......

----------------------------------------
x = 56.000000, y = 145.000000
avance = -491.000000, avanceR = 2.000000, avanceI = 2.000000
inc_x_r = 0.000000, inc_y_r = 1.000000, inc_x_i = 1.000000, inc_y_i = 1.000000
En el else......

----------------------------------------
x = 56.000000, y = 146.000000
avance = -489.000000, avanceR = 2.000000, avanceI = 2.000000
inc_x_r = 0.000000, inc_y_r = 1.000000, inc_x_i = 1.000000, inc_y_i = 1.000000
En el else......

----------------------------------------
x = 56.000000, y = 147.000000
avance = -487.000000, avanceR = 2.000000, avanceI = 2.000000
inc_x_r = 0.000000, inc_y_r = 1.000000, inc_x_i = 1.000000, inc_y_i = 1.000000
En el else......

----------------------------------------
x = 56.000000, y = 148.000000
avance = -485.000000, avanceR = 2.000000, avanceI = 2.000000
inc_x_r = 0.000000, inc_y_r = 1.000000, inc_x_i = 1.000000, inc_y_i = 1.000000
En el else......

----------------------------------------
x = 56.000000, y = 149.000000
avance = -483.000000, avanceR = 2.000000, avanceI = 2.000000
inc_x_r = 0.000000, inc_y_r = 1.000000, inc_x_i = 1.000000, inc_y_i = 1.000000
En el else......

----------------------------------------
x = 56.000000, y = 150.000000
avance = -481.000000, avanceR = 2.000000, avanceI = 2.000000
inc_x_r = 0.000000, inc_y_r = 1.000000, inc_x_i = 1.000000, inc_y_i = 1.000000
En el else......

----------------------------------------
x = 56.000000, y = 151.000000
avance = -479.000000, avanceR = 2.000000, avanceI = 2.000000
inc_x_r = 0.000000, inc_y_r = 1.000000, inc_x_i = 1.000000, inc_y_i = 1.000000
En el else......

----------------------------------------
x = 56.000000, y = 152.000000
avance = -477.000000, avanceR = 2.000000, avanceI = 2.000000
inc_x_r = 0.000000, inc_y_r = 1.000000, inc_x_i = 1.000000, inc_y_i = 1.000000
En el else......

----------------------------------------
x = 56.000000, y = 153.000000
avance = -475.000000, avanceR = 2.000000, avanceI = 2.000000
inc_x_r = 0.000000, inc_y_r = 1.000000, inc_x_i = 1.000000, inc_y_i = 1.000000
En el else......

----------------------------------------
x = 56.000000, y = 154.000000
avance = -473.000000, avanceR = 2.000000, avanceI = 2.000000
inc_x_r = 0.000000, inc_y_r = 1.000000, inc_x_i = 1.000000, inc_y_i = 1.000000
En el else......

----------------------------------------
x = 56.000000, y = 155.000000
avance = -471.000000, avanceR = 2.000000, avanceI = 2.000000
inc_x_r = 0.000000, inc_y_r = 1.000000, inc_x_i = 1.000000, inc_y_i = 1.000000
En el else......

----------------------------------------
x = 56.000000, y = 156.000000
avance = -469.000000, avanceR = 2.000000, avanceI = 2.000000
inc_x_r = 0.000000, inc_y_r = 1.000000, inc_x_i = 1.000000, inc_y_i = 1.000000
En el else......

----------------------------------------
x = 56.000000, y = 157.000000
avance = -467.000000, avanceR = 2.000000, avanceI = 2.000000
inc_x_r = 0.000000, inc_y_r = 1.000000, inc_x_i = 1.000000, inc_y_i = 1.000000
En el else......

----------------------------------------
x = 56.000000, y = 158.000000
avance = -465.000000, avanceR = 2.000000, avanceI = 2.000000
inc_x_r = 0.000000, inc_y_r = 1.000000, inc_x_i = 1.000000, inc_y_i = 1.000000
En el else......

----------------------------------------
x = 56.000000, y = 159.000000
avance = -463.000000, avanceR = 2.000000, avanceI = 2.000000
inc_x_r = 0.000000, inc_y_r = 1.000000, inc_x_i = 1.000000, inc_y_i = 1.000000
En el else......

----------------------------------------
x = 56.000000, y = 160.000000
avance = -461.000000, avanceR = 2.000000, avanceI = 2.000000
inc_x_r = 0.000000, inc_y_r = 1.000000, inc_x_i = 1.000000, inc_y_i = 1.000000
En el else......

----------------------------------------
x = 56.000000, y = 161.000000
avance = -459.000000, avanceR = 2.000000, avanceI = 2.000000
inc_x_r = 0.000000, inc_y_r = 1.000000, inc_x_i = 1.000000, inc_y_i = 1.000000
En el else......

----------------------------------------
x = 56.000000, y = 162.000000
avance = -457.000000, avanceR = 2.000000, avanceI = 2.000000
inc_x_r = 0.000000, inc_y_r = 1.000000, inc_x_i = 1.000000, inc_y_i = 1.000000
En el else......

----------------------------------------
x = 56.000000, y = 163.000000
avance = -455.000000, avanceR = 2.000000, avanceI = 2.000000
inc_x_r = 0.000000, inc_y_r = 1.000000, inc_x_i = 1.000000, inc_y_i = 1.000000
En el else......

----------------------------------------
x = 56.000000, y = 164.000000
avance = -453.000000, avanceR = 2.000000, avanceI = 2.000000
inc_x_r = 0.000000, inc_y_r = 1.000000, inc_x_i = 1.000000, inc_y_i = 1.000000
En el else......

----------------------------------------
x = 56.000000, y = 165.000000
avance = -451.000000, avanceR = 2.000000, avanceI = 2.000000
inc_x_r = 0.000000, inc_y_r = 1.000000, inc_x_i = 1.000000, inc_y_i = 1.000000
En el else......

----------------------------------------
x = 56.000000, y = 166.000000
avance = -449.000000, avanceR = 2.000000, avanceI = 2.000000
inc_x_r = 0.000000, inc_y_r = 1.000000, inc_x_i = 1.000000, inc_y_i = 1.000000
En el else......

----------------------------------------
x = 56.000000, y = 167.000000
avance = -447.000000, avanceR = 2.000000, avanceI = 2.000000
inc_x_r = 0.000000, inc_y_r = 1.000000, inc_x_i = 1.000000, inc_y_i = 1.000000
En el else......

----------------------------------------
x = 56.000000, y = 168.000000
avance = -445.000000, avanceR = 2.000000, avanceI = 2.000000
inc_x_r = 0.000000, inc_y_r = 1.000000, inc_x_i = 1.000000, inc_y_i = 1.000000
En el else......

----------------------------------------
x = 56.000000, y = 169.000000
avance = -443.000000, avanceR = 2.000000, avanceI = 2.000000
inc_x_r = 0.000000, inc_y_r = 1.000000, inc_x_i = 1.000000, inc_y_i = 1.000000
En el else......

----------------------------------------
x = 56.000000, y = 170.000000
avance = -441.000000, avanceR = 2.000000, avanceI = 2.000000
inc_x_r = 0.000000, inc_y_r = 1.000000, inc_x_i = 1.000000, inc_y_i = 1.000000
En el else......

----------------------------------------
x = 56.000000, y = 171.000000
avance = -439.000000, avanceR = 2.000000, avanceI = 2.000000
inc_x_r = 0.000000, inc_y_r = 1.000000, inc_x_i = 1.000000, inc_y_i = 1.000000
En el else......

----------------------------------------
x = 56.000000, y = 172.000000
avance = -437.000000, avanceR = 2.000000, avanceI = 2.000000
inc_x_r = 0.000000, inc_y_r = 1.000000, inc_x_i = 1.000000, inc_y_i = 1.000000
En el else......

----------------------------------------
x = 56.000000, y = 173.000000
avance = -435.000000, avanceR = 2.000000, avanceI = 2.000000
inc_x_r = 0.000000, inc_y_r = 1.000000, inc_x_i = 1.000000, inc_y_i = 1.000000
En el else......

----------------------------------------
x = 56.000000, y = 174.000000
avance = -433.000000, avanceR = 2.000000, avanceI = 2.000000
inc_x_r = 0.000000, inc_y_r = 1.000000, inc_x_i = 1.000000, inc_y_i = 1.000000
En el else......

----------------------------------------
x = 56.000000, y = 175.000000
avance = -431.000000, avanceR = 2.000000, avanceI = 2.000000
inc_x_r = 0.000000, inc_y_r = 1.000000, inc_x_i = 1.000000, inc_y_i = 1.000000
En el else......

----------------------------------------
x = 56.000000, y = 176.000000
avance = -429.000000, avanceR = 2.000000, avanceI = 2.000000
inc_x_r = 0.000000, inc_y_r = 1.000000, inc_x_i = 1.000000, inc_y_i = 1.000000
En el else......

----------------------------------------
x = 56.000000, y = 177.000000
avance = -427.000000, avanceR = 2.000000, avanceI = 2.000000
inc_x_r = 0.000000, inc_y_r = 1.000000, inc_x_i = 1.000000, inc_y_i = 1.000000
En el else......

----------------------------------------
x = 56.000000, y = 178.000000
avance = -425.000000, avanceR = 2.000000, avanceI = 2.000000
inc_x_r = 0.000000, inc_y_r = 1.000000, inc_x_i = 1.000000, inc_y_i = 1.000000
En el else......

----------------------------------------
x = 56.000000, y = 179.000000
avance = -423.000000, avanceR = 2.000000, avanceI = 2.000000
inc_x_r = 0.000000, inc_y_r = 1.000000, inc_x_i = 1.000000, inc_y_i = 1.000000
En el else......

----------------------------------------
x = 56.000000, y = 180.000000
avance = -421.000000, avanceR = 2.000000, avanceI = 2.000000
inc_x_r = 0.000000, inc_y_r = 1.000000, inc_x_i = 1.000000, inc_y_i = 1.000000
En el else......

----------------------------------------
x = 56.000000, y = 181.000000
avance = -419.000000, avanceR = 2.000000, avanceI = 2.000000
inc_x_r = 0.000000, inc_y_r = 1.000000, inc_x_i = 1.000000, inc_y_i = 1.000000
En el else......

----------------------------------------
x = 56.000000, y = 182.000000
avance = -417.000000, avanceR = 2.000000, avanceI = 2.000000
inc_x_r = 0.000000, inc_y_r = 1.000000, inc_x_i = 1.000000, inc_y_i = 1.000000
En el else......

----------------------------------------
x = 56.000000, y = 183.000000
avance = -415.000000, avanceR = 2.000000, avanceI = 2.000000
inc_x_r = 0.000000, inc_y_r = 1.000000, inc_x_i = 1.000000, inc_y_i = 1.000000
En el else......

----------------------------------------
x = 56.000000, y = 184.000000
avance = -413.000000, avanceR = 2.000000, avanceI = 2.000000
inc_x_r = 0.000000, inc_y_r = 1.000000, inc_x_i = 1.000000, inc_y_i = 1.000000
En el else......

----------------------------------------
x = 56.000000, y = 185.000000
avance = -411.000000, avanceR = 2.000000, avanceI = 2.000000
inc_x_r = 0.000000, inc_y_r = 1.000000, inc_x_i = 1.000000, inc_y_i = 1.000000
En el else......

----------------------------------------
x = 56.000000, y = 186.000000
avance = -409.000000, avanceR = 2.000000, avanceI = 2.000000
inc_x_r = 0.000000, inc_y_r = 1.000000, inc_x_i = 1.000000, inc_y_i = 1.000000
En el else......

----------------------------------------
x = 56.000000, y = 187.000000
avance = -407.000000, avanceR = 2.000000, avanceI = 2.000000
inc_x_r = 0.000000, inc_y_r = 1.000000, inc_x_i = 1.000000, inc_y_i = 1.000000
En el else......

----------------------------------------
x = 56.000000, y = 188.000000
avance = -405.000000, avanceR = 2.000000, avanceI = 2.000000
inc_x_r = 0.000000, inc_y_r = 1.000000, inc_x_i = 1.000000, inc_y_i = 1.000000
En el else......

----------------------------------------
x = 56.000000, y = 189.000000
avance = -403.000000, avanceR = 2.000000, avanceI = 2.000000
inc_x_r = 0.000000, inc_y_r = 1.000000, inc_x_i = 1.000000, inc_y_i = 1.000000
En el else......

----------------------------------------
x = 56.000000, y = 190.000000
avance = -401.000000, avanceR = 2.000000, avanceI = 2.000000
inc_x_r = 0.000000, inc_y_r = 1.000000, inc_x_i = 1.000000, inc_y_i = 1.000000
En el else......

----------------------------------------
x = 56.000000, y = 191.000000
avance = -399.000000, avanceR = 2.000000, avanceI = 2.000000
inc_x_r = 0.000000, inc_y_r = 1.000000, inc_x_i = 1.000000, inc_y_i = 1.000000
En el else......

----------------------------------------
x = 56.000000, y = 192.000000
avance = -397.000000, avanceR = 2.000000, avanceI = 2.000000
inc_x_r = 0.000000, inc_y_r = 1.000000, inc_x_i = 1.000000, inc_y_i = 1.000000
En el else......

----------------------------------------
x = 56.000000, y = 193.000000
avance = -395.000000, avanceR = 2.000000, avanceI = 2.000000
inc_x_r = 0.000000, inc_y_r = 1.000000, inc_x_i = 1.000000, inc_y_i = 1.000000
En el else......

----------------------------------------
x = 56.000000, y = 194.000000
avance = -393.000000, avanceR = 2.000000, avanceI = 2.000000
inc_x_r = 0.000000, inc_y_r = 1.000000, inc_x_i = 1.000000, inc_y_i = 1.000000
En el else......

----------------------------------------
x = 56.000000, y = 195.000000
avance = -391.000000, avanceR = 2.000000, avanceI = 2.000000
inc_x_r = 0.000000, inc_y_r = 1.000000, inc_x_i = 1.000000, inc_y_i = 1.000000
En el else......

----------------------------------------
x = 56.000000, y = 196.000000
avance = -389.000000, avanceR = 2.000000, avanceI = 2.000000
inc_x_r = 0.000000, inc_y_r = 1.000000, inc_x_i = 1.000000, inc_y_i = 1.000000
En el else......

----------------------------------------
x = 56.000000, y = 197.000000
avance = -387.000000, avanceR = 2.000000, avanceI = 2.000000
inc_x_r = 0.000000, inc_y_r = 1.000000, inc_x_i = 1.000000, inc_y_i = 1.000000
En el else......

----------------------------------------
x = 56.000000, y = 198.000000
avance = -385.000000, avanceR = 2.000000, avanceI = 2.000000
inc_x_r = 0.000000, inc_y_r = 1.000000, inc_x_i = 1.000000, inc_y_i = 1.000000
En el else......

----------------------------------------
x = 56.000000, y = 199.000000
avance = -383.000000, avanceR = 2.000000, avanceI = 2.000000
inc_x_r = 0.000000, inc_y_r = 1.000000, inc_x_i = 1.000000, inc_y_i = 1.000000
En el else......

----------------------------------------
x = 56.000000, y = 200.000000
avance = -381.000000, avanceR = 2.000000, avanceI = 2.000000
inc_x_r = 0.000000, inc_y_r = 1.000000, inc_x_i = 1.000000, inc_y_i = 1.000000
En el else......

----------------------------------------
x = 56.000000, y = 201.000000
avance = -379.000000, avanceR = 2.000000, avanceI = 2.000000
inc_x_r = 0.000000, inc_y_r = 1.000000, inc_x_i = 1.000000, inc_y_i = 1.000000
En el else......

----------------------------------------
x = 56.000000, y = 202.000000
avance = -377.000000, avanceR = 2.000000, avanceI = 2.000000
inc_x_r = 0.000000, inc_y_r = 1.000000, inc_x_i = 1.000000, inc_y_i = 1.000000
En el else......

----------------------------------------
x = 56.000000, y = 203.000000
avance = -375.000000, avanceR = 2.000000, avanceI = 2.000000
inc_x_r = 0.000000, inc_y_r = 1.000000, inc_x_i = 1.000000, inc_y_i = 1.000000
En el else......

----------------------------------------
x = 56.000000, y = 204.000000
avance = -373.000000, avanceR = 2.000000, avanceI = 2.000000
inc_x_r = 0.000000, inc_y_r = 1.000000, inc_x_i = 1.000000, inc_y_i = 1.000000
En el else......

----------------------------------------
x = 56.000000, y = 205.000000
avance = -371.000000, avanceR = 2.000000, avanceI = 2.000000
inc_x_r = 0.000000, inc_y_r = 1.000000, inc_x_i = 1.000000, inc_y_i = 1.000000
En el else......

----------------------------------------
x = 56.000000, y = 206.000000
avance = -369.000000, avanceR = 2.000000, avanceI = 2.000000
inc_x_r = 0.000000, inc_y_r = 1.000000, inc_x_i = 1.000000, inc_y_i = 1.000000
En el else......

----------------------------------------
x = 56.000000, y = 207.000000
avance = -367.000000, avanceR = 2.000000, avanceI = 2.000000
inc_x_r = 0.000000, inc_y_r = 1.000000, inc_x_i = 1.000000, inc_y_i = 1.000000
En el else......

----------------------------------------
x = 56.000000, y = 208.000000
avance = -365.000000, avanceR = 2.000000, avanceI = 2.000000
inc_x_r = 0.000000, inc_y_r = 1.000000, inc_x_i = 1.000000, inc_y_i = 1.000000
En el else......

----------------------------------------
x = 56.000000, y = 209.000000
avance = -363.000000, avanceR = 2.000000, avanceI = 2.000000
inc_x_r = 0.000000, inc_y_r = 1.000000, inc_x_i = 1.000000, inc_y_i = 1.000000
En el else......

----------------------------------------
x = 56.000000, y = 210.000000
avance = -361.000000, avanceR = 2.000000, avanceI = 2.000000
inc_x_r = 0.000000, inc_y_r = 1.000000, inc_x_i = 1.000000, inc_y_i = 1.000000
En el else......

----------------------------------------
x = 56.000000, y = 211.000000
avance = -359.000000, avanceR = 2.000000, avanceI = 2.000000
inc_x_r = 0.000000, inc_y_r = 1.000000, inc_x_i = 1.000000, inc_y_i = 1.000000
En el else......

----------------------------------------
x = 56.000000, y = 212.000000
avance = -357.000000, avanceR = 2.000000, avanceI = 2.000000
inc_x_r = 0.000000, inc_y_r = 1.000000, inc_x_i = 1.000000, inc_y_i = 1.000000
En el else......

----------------------------------------
x = 56.000000, y = 213.000000
avance = -355.000000, avanceR = 2.000000, avanceI = 2.000000
inc_x_r = 0.000000, inc_y_r = 1.000000, inc_x_i = 1.000000, inc_y_i = 1.000000
En el else......

----------------------------------------
x = 56.000000, y = 214.000000
avance = -353.000000, avanceR = 2.000000, avanceI = 2.000000
inc_x_r = 0.000000, inc_y_r = 1.000000, inc_x_i = 1.000000, inc_y_i = 1.000000
En el else......

----------------------------------------
x = 56.000000, y = 215.000000
avance = -351.000000, avanceR = 2.000000, avanceI = 2.000000
inc_x_r = 0.000000, inc_y_r = 1.000000, inc_x_i = 1.000000, inc_y_i = 1.000000
En el else......

----------------------------------------
x = 56.000000, y = 216.000000
avance = -349.000000, avanceR = 2.000000, avanceI = 2.000000
inc_x_r = 0.000000, inc_y_r = 1.000000, inc_x_i = 1.000000, inc_y_i = 1.000000
En el else......

----------------------------------------
x = 56.000000, y = 217.000000
avance = -347.000000, avanceR = 2.000000, avanceI = 2.000000
inc_x_r = 0.000000, inc_y_r = 1.000000, inc_x_i = 1.000000, inc_y_i = 1.000000
En el else......

----------------------------------------
x = 56.000000, y = 218.000000
avance = -345.000000, avanceR = 2.000000, avanceI = 2.000000
inc_x_r = 0.000000, inc_y_r = 1.000000, inc_x_i = 1.000000, inc_y_i = 1.000000
En el else......

----------------------------------------
x = 56.000000, y = 219.000000
avance = -343.000000, avanceR = 2.000000, avanceI = 2.000000
inc_x_r = 0.000000, inc_y_r = 1.000000, inc_x_i = 1.000000, inc_y_i = 1.000000
En el else......

----------------------------------------
x = 56.000000, y = 220.000000
avance = -341.000000, avanceR = 2.000000, avanceI = 2.000000
inc_x_r = 0.000000, inc_y_r = 1.000000, inc_x_i = 1.000000, inc_y_i = 1.000000
En el else......

----------------------------------------
x = 56.000000, y = 221.000000
avance = -339.000000, avanceR = 2.000000, avanceI = 2.000000
inc_x_r = 0.000000, inc_y_r = 1.000000, inc_x_i = 1.000000, inc_y_i = 1.000000
En el else......

----------------------------------------
x = 56.000000, y = 222.000000
avance = -337.000000, avanceR = 2.000000, avanceI = 2.000000
inc_x_r = 0.000000, inc_y_r = 1.000000, inc_x_i = 1.000000, inc_y_i = 1.000000
En el else......

----------------------------------------
x = 56.000000, y = 223.000000
avance = -335.000000, avanceR = 2.000000, avanceI = 2.000000
inc_x_r = 0.000000, inc_y_r = 1.000000, inc_x_i = 1.000000, inc_y_i = 1.000000
En el else......

----------------------------------------
x = 56.000000, y = 224.000000
avance = -333.000000, avanceR = 2.000000, avanceI = 2.000000
inc_x_r = 0.000000, inc_y_r = 1.000000, inc_x_i = 1.000000, inc_y_i = 1.000000
En el else......

----------------------------------------
x = 56.000000, y = 225.000000
avance = -331.000000, avanceR = 2.000000, avanceI = 2.000000
inc_x_r = 0.000000, inc_y_r = 1.000000, inc_x_i = 1.000000, inc_y_i = 1.000000
En el else......

----------------------------------------
x = 56.000000, y = 226.000000
avance = -329.000000, avanceR = 2.000000, avanceI = 2.000000
inc_x_r = 0.000000, inc_y_r = 1.000000, inc_x_i = 1.000000, inc_y_i = 1.000000
En el else......

----------------------------------------
x = 56.000000, y = 227.000000
avance = -327.000000, avanceR = 2.000000, avanceI = 2.000000
inc_x_r = 0.000000, inc_y_r = 1.000000, inc_x_i = 1.000000, inc_y_i = 1.000000
En el else......

----------------------------------------
x = 56.000000, y = 228.000000
avance = -325.000000, avanceR = 2.000000, avanceI = 2.000000
inc_x_r = 0.000000, inc_y_r = 1.000000, inc_x_i = 1.000000, inc_y_i = 1.000000
En el else......

----------------------------------------
x = 56.000000, y = 229.000000
avance = -323.000000, avanceR = 2.000000, avanceI = 2.000000
inc_x_r = 0.000000, inc_y_r = 1.000000, inc_x_i = 1.000000, inc_y_i = 1.000000
En el else......

----------------------------------------
x = 56.000000, y = 230.000000
avance = -321.000000, avanceR = 2.000000, avanceI = 2.000000
inc_x_r = 0.000000, inc_y_r = 1.000000, inc_x_i = 1.000000, inc_y_i = 1.000000
En el else......

----------------------------------------
x = 56.000000, y = 231.000000
avance = -319.000000, avanceR = 2.000000, avanceI = 2.000000
inc_x_r = 0.000000, inc_y_r = 1.000000, inc_x_i = 1.000000, inc_y_i = 1.000000
En el else......

----------------------------------------
x = 56.000000, y = 232.000000
avance = -317.000000, avanceR = 2.000000, avanceI = 2.000000
inc_x_r = 0.000000, inc_y_r = 1.000000, inc_x_i = 1.000000, inc_y_i = 1.000000
En el else......

----------------------------------------
x = 56.000000, y = 233.000000
avance = -315.000000, avanceR = 2.000000, avanceI = 2.000000
inc_x_r = 0.000000, inc_y_r = 1.000000, inc_x_i = 1.000000, inc_y_i = 1.000000
En el else......

----------------------------------------
x = 56.000000, y = 234.000000
avance = -313.000000, avanceR = 2.000000, avanceI = 2.000000
inc_x_r = 0.000000, inc_y_r = 1.000000, inc_x_i = 1.000000, inc_y_i = 1.000000
En el else......

----------------------------------------
x = 56.000000, y = 235.000000
avance = -311.000000, avanceR = 2.000000, avanceI = 2.000000
inc_x_r = 0.000000, inc_y_r = 1.000000, inc_x_i = 1.000000, inc_y_i = 1.000000
En el else......

----------------------------------------
x = 56.000000, y = 236.000000
avance = -309.000000, avanceR = 2.000000, avanceI = 2.000000
inc_x_r = 0.000000, inc_y_r = 1.000000, inc_x_i = 1.000000, inc_y_i = 1.000000
En el else......

----------------------------------------
x = 56.000000, y = 237.000000
avance = -307.000000, avanceR = 2.000000, avanceI = 2.000000
inc_x_r = 0.000000, inc_y_r = 1.000000, inc_x_i = 1.000000, inc_y_i = 1.000000
En el else......

----------------------------------------
x = 56.000000, y = 238.000000
avance = -305.000000, avanceR = 2.000000, avanceI = 2.000000
inc_x_r = 0.000000, inc_y_r = 1.000000, inc_x_i = 1.000000, inc_y_i = 1.000000
En el else......

----------------------------------------
x = 56.000000, y = 239.000000
avance = -303.000000, avanceR = 2.000000, avanceI = 2.000000
inc_x_r = 0.000000, inc_y_r = 1.000000, inc_x_i = 1.000000, inc_y_i = 1.000000
En el else......

----------------------------------------
x = 56.000000, y = 240.000000
avance = -301.000000, avanceR = 2.000000, avanceI = 2.000000
inc_x_r = 0.000000, inc_y_r = 1.000000, inc_x_i = 1.000000, inc_y_i = 1.000000
En el else......

----------------------------------------
x = 56.000000, y = 241.000000
avance = -299.000000, avanceR = 2.000000, avanceI = 2.000000
inc_x_r = 0.000000, inc_y_r = 1.000000, inc_x_i = 1.000000, inc_y_i = 1.000000
En el else......

----------------------------------------
x = 56.000000, y = 242.000000
avance = -297.000000, avanceR = 2.000000, avanceI = 2.000000
inc_x_r = 0.000000, inc_y_r = 1.000000, inc_x_i = 1.000000, inc_y_i = 1.000000
En el else......

----------------------------------------
x = 56.000000, y = 243.000000
avance = -295.000000, avanceR = 2.000000, avanceI = 2.000000
inc_x_r = 0.000000, inc_y_r = 1.000000, inc_x_i = 1.000000, inc_y_i = 1.000000
En el else......

----------------------------------------
x = 56.000000, y = 244.000000
avance = -293.000000, avanceR = 2.000000, avanceI = 2.000000
inc_x_r = 0.000000, inc_y_r = 1.000000, inc_x_i = 1.000000, inc_y_i = 1.000000
En el else......

----------------------------------------
x = 56.000000, y = 245.000000
avance = -291.000000, avanceR = 2.000000, avanceI = 2.000000
inc_x_r = 0.000000, inc_y_r = 1.000000, inc_x_i = 1.000000, inc_y_i = 1.000000
En el else......

----------------------------------------
x = 56.000000, y = 246.000000
avance = -289.000000, avanceR = 2.000000, avanceI = 2.000000
inc_x_r = 0.000000, inc_y_r = 1.000000, inc_x_i = 1.000000, inc_y_i = 1.000000
En el else......

----------------------------------------
x = 56.000000, y = 247.000000
avance = -287.000000, avanceR = 2.000000, avanceI = 2.000000
inc_x_r = 0.000000, inc_y_r = 1.000000, inc_x_i = 1.000000, inc_y_i = 1.000000
En el else......

----------------------------------------
x = 56.000000, y = 248.000000
avance = -285.000000, avanceR = 2.000000, avanceI = 2.000000
inc_x_r = 0.000000, inc_y_r = 1.000000, inc_x_i = 1.000000, inc_y_i = 1.000000
En el else......

----------------------------------------
x = 56.000000, y = 249.000000
avance = -283.000000, avanceR = 2.000000, avanceI = 2.000000
inc_x_r = 0.000000, inc_y_r = 1.000000, inc_x_i = 1.000000, inc_y_i = 1.000000
En el else......

----------------------------------------
x = 56.000000, y = 250.000000
avance = -281.000000, avanceR = 2.000000, avanceI = 2.000000
inc_x_r = 0.000000, inc_y_r = 1.000000, inc_x_i = 1.000000, inc_y_i = 1.000000
En el else......

----------------------------------------
x = 56.000000, y = 251.000000
avance = -279.000000, avanceR = 2.000000, avanceI = 2.000000
inc_x_r = 0.000000, inc_y_r = 1.000000, inc_x_i = 1.000000, inc_y_i = 1.000000
En el else......

----------------------------------------
x = 56.000000, y = 252.000000
avance = -277.000000, avanceR = 2.000000, avanceI = 2.000000
inc_x_r = 0.000000, inc_y_r = 1.000000, inc_x_i = 1.000000, inc_y_i = 1.000000
En el else......

----------------------------------------
x = 56.000000, y = 253.000000
avance = -275.000000, avanceR = 2.000000, avanceI = 2.000000
inc_x_r = 0.000000, inc_y_r = 1.000000, inc_x_i = 1.000000, inc_y_i = 1.000000
En el else......

----------------------------------------
x = 56.000000, y = 254.000000
avance = -273.000000, avanceR = 2.000000, avanceI = 2.000000
inc_x_r = 0.000000, inc_y_r = 1.000000, inc_x_i = 1.000000, inc_y_i = 1.000000
En el else......

----------------------------------------
x = 56.000000, y = 255.000000
avance = -271.000000, avanceR = 2.000000, avanceI = 2.000000
inc_x_r = 0.000000, inc_y_r = 1.000000, inc_x_i = 1.000000, inc_y_i = 1.000000
En el else......

----------------------------------------
x = 56.000000, y = 256.000000
avance = -269.000000, avanceR = 2.000000, avanceI = 2.000000
inc_x_r = 0.000000, inc_y_r = 1.000000, inc_x_i = 1.000000, inc_y_i = 1.000000
En el else......

----------------------------------------
x = 56.000000, y = 257.000000
avance = -267.000000, avanceR = 2.000000, avanceI = 2.000000
inc_x_r = 0.000000, inc_y_r = 1.000000, inc_x_i = 1.000000, inc_y_i = 1.000000
En el else......

----------------------------------------
x = 56.000000, y = 258.000000
avance = -265.000000, avanceR = 2.000000, avanceI = 2.000000
inc_x_r = 0.000000, inc_y_r = 1.000000, inc_x_i = 1.000000, inc_y_i = 1.000000
En el else......

----------------------------------------
x = 56.000000, y = 259.000000
avance = -263.000000, avanceR = 2.000000, avanceI = 2.000000
inc_x_r = 0.000000, inc_y_r = 1.000000, inc_x_i = 1.000000, inc_y_i = 1.000000
En el else......

----------------------------------------
x = 56.000000, y = 260.000000
avance = -261.000000, avanceR = 2.000000, avanceI = 2.000000
inc_x_r = 0.000000, inc_y_r = 1.000000, inc_x_i = 1.000000, inc_y_i = 1.000000
En el else......

----------------------------------------
x = 56.000000, y = 261.000000
avance = -259.000000, avanceR = 2.000000, avanceI = 2.000000
inc_x_r = 0.000000, inc_y_r = 1.000000, inc_x_i = 1.000000, inc_y_i = 1.000000
En el else......

----------------------------------------
x = 56.000000, y = 262.000000
avance = -257.000000, avanceR = 2.000000, avanceI = 2.000000
inc_x_r = 0.000000, inc_y_r = 1.000000, inc_x_i = 1.000000, inc_y_i = 1.000000
En el else......

----------------------------------------
x = 56.000000, y = 263.000000
avance = -255.000000, avanceR = 2.000000, avanceI = 2.000000
inc_x_r = 0.000000, inc_y_r = 1.000000, inc_x_i = 1.000000, inc_y_i = 1.000000
En el else......

----------------------------------------
x = 56.000000, y = 264.000000
avance = -253.000000, avanceR = 2.000000, avanceI = 2.000000
inc_x_r = 0.000000, inc_y_r = 1.000000, inc_x_i = 1.000000, inc_y_i = 1.000000
En el else......

----------------------------------------
x = 56.000000, y = 265.000000
avance = -251.000000, avanceR = 2.000000, avanceI = 2.000000
inc_x_r = 0.000000, inc_y_r = 1.000000, inc_x_i = 1.000000, inc_y_i = 1.000000
En el else......

----------------------------------------


ENTRAMOS A BRESENHAMªªªª
x1 = 55.000000 - y1 = 15.000000 || x2 = 56.000000 - y2 = 266.000000
dy = 251.000000, dx = 1.000000
avances inclinados: inc_x_i = 1.000000, inc_y_i = 1.000000
updated: dy = 251.000000, dx = 1.000000
avances rectos: inc_x_r = 0.000000, inc_y_r 1.000000
reupdated: dy = 1.000000, dx = 251.000000
avanceR = 2.000000, avance -249.000000, avanceI 2.000000
----------------------------------------
x = 55.000000, y = 15.000000
avance = -249.000000, avanceR = 2.000000, avanceI = 2.000000
inc_x_r = 0.000000, inc_y_r = 1.000000, inc_x_i = 1.000000, inc_y_i = 1.000000
En el else......

----------------------------------------
x = 55.000000, y = 16.000000
avance = -247.000000, avanceR = 2.000000, avanceI = 2.000000
inc_x_r = 0.000000, inc_y_r = 1.000000, inc_x_i = 1.000000, inc_y_i = 1.000000
En el else......

----------------------------------------
x = 55.000000, y = 17.000000
avance = -245.000000, avanceR = 2.000000, avanceI = 2.000000
inc_x_r = 0.000000, inc_y_r = 1.000000, inc_x_i = 1.000000, inc_y_i = 1.000000
En el else......

----------------------------------------
x = 55.000000, y = 18.000000
avance = -243.000000, avanceR = 2.000000, avanceI = 2.000000
inc_x_r = 0.000000, inc_y_r = 1.000000, inc_x_i = 1.000000, inc_y_i = 1.000000
En el else......

----------------------------------------
x = 55.000000, y = 19.000000
avance = -241.000000, avanceR = 2.000000, avanceI = 2.000000
inc_x_r = 0.000000, inc_y_r = 1.000000, inc_x_i = 1.000000, inc_y_i = 1.000000
En el else......

----------------------------------------
x = 55.000000, y = 20.000000
avance = -239.000000, avanceR = 2.000000, avanceI = 2.000000
inc_x_r = 0.000000, inc_y_r = 1.000000, inc_x_i = 1.000000, inc_y_i = 1.000000
En el else......

----------------------------------------
x = 55.000000, y = 21.000000
avance = -237.000000, avanceR = 2.000000, avanceI = 2.000000
inc_x_r = 0.000000, inc_y_r = 1.000000, inc_x_i = 1.000000, inc_y_i = 1.000000
En el else......

----------------------------------------
x = 55.000000, y = 22.000000
avance = -235.000000, avanceR = 2.000000, avanceI = 2.000000
inc_x_r = 0.000000, inc_y_r = 1.000000, inc_x_i = 1.000000, inc_y_i = 1.000000
En el else......

----------------------------------------
x = 55.000000, y = 23.000000
avance = -233.000000, avanceR = 2.000000, avanceI = 2.000000
inc_x_r = 0.000000, inc_y_r = 1.000000, inc_x_i = 1.000000, inc_y_i = 1.000000
En el else......

----------------------------------------
x = 55.000000, y = 24.000000
avance = -231.000000, avanceR = 2.000000, avanceI = 2.000000
inc_x_r = 0.000000, inc_y_r = 1.000000, inc_x_i = 1.000000, inc_y_i = 1.000000
En el else......

----------------------------------------
x = 55.000000, y = 25.000000
avance = -229.000000, avanceR = 2.000000, avanceI = 2.000000
inc_x_r = 0.000000, inc_y_r = 1.000000, inc_x_i = 1.000000, inc_y_i = 1.000000
En el else......

----------------------------------------
x = 55.000000, y = 26.000000
avance = -227.000000, avanceR = 2.000000, avanceI = 2.000000
inc_x_r = 0.000000, inc_y_r = 1.000000, inc_x_i = 1.000000, inc_y_i = 1.000000
En el else......

----------------------------------------
x = 55.000000, y = 27.000000
avance = -225.000000, avanceR = 2.000000, avanceI = 2.000000
inc_x_r = 0.000000, inc_y_r = 1.000000, inc_x_i = 1.000000, inc_y_i = 1.000000
En el else......

----------------------------------------
x = 55.000000, y = 28.000000
avance = -223.000000, avanceR = 2.000000, avanceI = 2.000000
inc_x_r = 0.000000, inc_y_r = 1.000000, inc_x_i = 1.000000, inc_y_i = 1.000000
En el else......

----------------------------------------
x = 55.000000, y = 29.000000
avance = -221.000000, avanceR = 2.000000, avanceI = 2.000000
inc_x_r = 0.000000, inc_y_r = 1.000000, inc_x_i = 1.000000, inc_y_i = 1.000000
En el else......

----------------------------------------
x = 55.000000, y = 30.000000
avance = -219.000000, avanceR = 2.000000, avanceI = 2.000000
inc_x_r = 0.000000, inc_y_r = 1.000000, inc_x_i = 1.000000, inc_y_i = 1.000000
En el else......

----------------------------------------
x = 55.000000, y = 31.000000
avance = -217.000000, avanceR = 2.000000, avanceI = 2.000000
inc_x_r = 0.000000, inc_y_r = 1.000000, inc_x_i = 1.000000, inc_y_i = 1.000000
En el else......

----------------------------------------
x = 55.000000, y = 32.000000
avance = -215.000000, avanceR = 2.000000, avanceI = 2.000000
inc_x_r = 0.000000, inc_y_r = 1.000000, inc_x_i = 1.000000, inc_y_i = 1.000000
En el else......

----------------------------------------
x = 55.000000, y = 33.000000
avance = -213.000000, avanceR = 2.000000, avanceI = 2.000000
inc_x_r = 0.000000, inc_y_r = 1.000000, inc_x_i = 1.000000, inc_y_i = 1.000000
En el else......

----------------------------------------
x = 55.000000, y = 34.000000
avance = -211.000000, avanceR = 2.000000, avanceI = 2.000000
inc_x_r = 0.000000, inc_y_r = 1.000000, inc_x_i = 1.000000, inc_y_i = 1.000000
En el else......

----------------------------------------
x = 55.000000, y = 35.000000
avance = -209.000000, avanceR = 2.000000, avanceI = 2.000000
inc_x_r = 0.000000, inc_y_r = 1.000000, inc_x_i = 1.000000, inc_y_i = 1.000000
En el else......

----------------------------------------
x = 55.000000, y = 36.000000
avance = -207.000000, avanceR = 2.000000, avanceI = 2.000000
inc_x_r = 0.000000, inc_y_r = 1.000000, inc_x_i = 1.000000, inc_y_i = 1.000000
En el else......

----------------------------------------
x = 55.000000, y = 37.000000
avance = -205.000000, avanceR = 2.000000, avanceI = 2.000000
inc_x_r = 0.000000, inc_y_r = 1.000000, inc_x_i = 1.000000, inc_y_i = 1.000000
En el else......

----------------------------------------
x = 55.000000, y = 38.000000
avance = -203.000000, avanceR = 2.000000, avanceI = 2.000000
inc_x_r = 0.000000, inc_y_r = 1.000000, inc_x_i = 1.000000, inc_y_i = 1.000000
En el else......

----------------------------------------
x = 55.000000, y = 39.000000
avance = -201.000000, avanceR = 2.000000, avanceI = 2.000000
inc_x_r = 0.000000, inc_y_r = 1.000000, inc_x_i = 1.000000, inc_y_i = 1.000000
En el else......

----------------------------------------
x = 55.000000, y = 40.000000
avance = -199.000000, avanceR = 2.000000, avanceI = 2.000000
inc_x_r = 0.000000, inc_y_r = 1.000000, inc_x_i = 1.000000, inc_y_i = 1.000000
En el else......

----------------------------------------
x = 55.000000, y = 41.000000
avance = -197.000000, avanceR = 2.000000, avanceI = 2.000000
inc_x_r = 0.000000, inc_y_r = 1.000000, inc_x_i = 1.000000, inc_y_i = 1.000000
En el else......

----------------------------------------
x = 55.000000, y = 42.000000
avance = -195.000000, avanceR = 2.000000, avanceI = 2.000000
inc_x_r = 0.000000, inc_y_r = 1.000000, inc_x_i = 1.000000, inc_y_i = 1.000000
En el else......

----------------------------------------
x = 55.000000, y = 43.000000
avance = -193.000000, avanceR = 2.000000, avanceI = 2.000000
inc_x_r = 0.000000, inc_y_r = 1.000000, inc_x_i = 1.000000, inc_y_i = 1.000000
En el else......

----------------------------------------
x = 55.000000, y = 44.000000
avance = -191.000000, avanceR = 2.000000, avanceI = 2.000000
inc_x_r = 0.000000, inc_y_r = 1.000000, inc_x_i = 1.000000, inc_y_i = 1.000000
En el else......

----------------------------------------
x = 55.000000, y = 45.000000
avance = -189.000000, avanceR = 2.000000, avanceI = 2.000000
inc_x_r = 0.000000, inc_y_r = 1.000000, inc_x_i = 1.000000, inc_y_i = 1.000000
En el else......

----------------------------------------
x = 55.000000, y = 46.000000
avance = -187.000000, avanceR = 2.000000, avanceI = 2.000000
inc_x_r = 0.000000, inc_y_r = 1.000000, inc_x_i = 1.000000, inc_y_i = 1.000000
En el else......

----------------------------------------
x = 55.000000, y = 47.000000
avance = -185.000000, avanceR = 2.000000, avanceI = 2.000000
inc_x_r = 0.000000, inc_y_r = 1.000000, inc_x_i = 1.000000, inc_y_i = 1.000000
En el else......

----------------------------------------
x = 55.000000, y = 48.000000
avance = -183.000000, avanceR = 2.000000, avanceI = 2.000000
inc_x_r = 0.000000, inc_y_r = 1.000000, inc_x_i = 1.000000, inc_y_i = 1.000000
En el else......

----------------------------------------
x = 55.000000, y = 49.000000
avance = -181.000000, avanceR = 2.000000, avanceI = 2.000000
inc_x_r = 0.000000, inc_y_r = 1.000000, inc_x_i = 1.000000, inc_y_i = 1.000000
En el else......

----------------------------------------
x = 55.000000, y = 50.000000
avance = -179.000000, avanceR = 2.000000, avanceI = 2.000000
inc_x_r = 0.000000, inc_y_r = 1.000000, inc_x_i = 1.000000, inc_y_i = 1.000000
En el else......

----------------------------------------
x = 55.000000, y = 51.000000
avance = -177.000000, avanceR = 2.000000, avanceI = 2.000000
inc_x_r = 0.000000, inc_y_r = 1.000000, inc_x_i = 1.000000, inc_y_i = 1.000000
En el else......

----------------------------------------
x = 55.000000, y = 52.000000
avance = -175.000000, avanceR = 2.000000, avanceI = 2.000000
inc_x_r = 0.000000, inc_y_r = 1.000000, inc_x_i = 1.000000, inc_y_i = 1.000000
En el else......

----------------------------------------
x = 55.000000, y = 53.000000
avance = -173.000000, avanceR = 2.000000, avanceI = 2.000000
inc_x_r = 0.000000, inc_y_r = 1.000000, inc_x_i = 1.000000, inc_y_i = 1.000000
En el else......

----------------------------------------
x = 55.000000, y = 54.000000
avance = -171.000000, avanceR = 2.000000, avanceI = 2.000000
inc_x_r = 0.000000, inc_y_r = 1.000000, inc_x_i = 1.000000, inc_y_i = 1.000000
En el else......

----------------------------------------
x = 55.000000, y = 55.000000
avance = -169.000000, avanceR = 2.000000, avanceI = 2.000000
inc_x_r = 0.000000, inc_y_r = 1.000000, inc_x_i = 1.000000, inc_y_i = 1.000000
En el else......

----------------------------------------
x = 55.000000, y = 56.000000
avance = -167.000000, avanceR = 2.000000, avanceI = 2.000000
inc_x_r = 0.000000, inc_y_r = 1.000000, inc_x_i = 1.000000, inc_y_i = 1.000000
En el else......

----------------------------------------
x = 55.000000, y = 57.000000
avance = -165.000000, avanceR = 2.000000, avanceI = 2.000000
inc_x_r = 0.000000, inc_y_r = 1.000000, inc_x_i = 1.000000, inc_y_i = 1.000000
En el else......

----------------------------------------
x = 55.000000, y = 58.000000
avance = -163.000000, avanceR = 2.000000, avanceI = 2.000000
inc_x_r = 0.000000, inc_y_r = 1.000000, inc_x_i = 1.000000, inc_y_i = 1.000000
En el else......

----------------------------------------
x = 55.000000, y = 59.000000
avance = -161.000000, avanceR = 2.000000, avanceI = 2.000000
inc_x_r = 0.000000, inc_y_r = 1.000000, inc_x_i = 1.000000, inc_y_i = 1.000000
En el else......

----------------------------------------
x = 55.000000, y = 60.000000
avance = -159.000000, avanceR = 2.000000, avanceI = 2.000000
inc_x_r = 0.000000, inc_y_r = 1.000000, inc_x_i = 1.000000, inc_y_i = 1.000000
En el else......

----------------------------------------
x = 55.000000, y = 61.000000
avance = -157.000000, avanceR = 2.000000, avanceI = 2.000000
inc_x_r = 0.000000, inc_y_r = 1.000000, inc_x_i = 1.000000, inc_y_i = 1.000000
En el else......

----------------------------------------
x = 55.000000, y = 62.000000
avance = -155.000000, avanceR = 2.000000, avanceI = 2.000000
inc_x_r = 0.000000, inc_y_r = 1.000000, inc_x_i = 1.000000, inc_y_i = 1.000000
En el else......

----------------------------------------
x = 55.000000, y = 63.000000
avance = -153.000000, avanceR = 2.000000, avanceI = 2.000000
inc_x_r = 0.000000, inc_y_r = 1.000000, inc_x_i = 1.000000, inc_y_i = 1.000000
En el else......

----------------------------------------
x = 55.000000, y = 64.000000
avance = -151.000000, avanceR = 2.000000, avanceI = 2.000000
inc_x_r = 0.000000, inc_y_r = 1.000000, inc_x_i = 1.000000, inc_y_i = 1.000000
En el else......

----------------------------------------
x = 55.000000, y = 65.000000
avance = -149.000000, avanceR = 2.000000, avanceI = 2.000000
inc_x_r = 0.000000, inc_y_r = 1.000000, inc_x_i = 1.000000, inc_y_i = 1.000000
En el else......

----------------------------------------
x = 55.000000, y = 66.000000
avance = -147.000000, avanceR = 2.000000, avanceI = 2.000000
inc_x_r = 0.000000, inc_y_r = 1.000000, inc_x_i = 1.000000, inc_y_i = 1.000000
En el else......

----------------------------------------
x = 55.000000, y = 67.000000
avance = -145.000000, avanceR = 2.000000, avanceI = 2.000000
inc_x_r = 0.000000, inc_y_r = 1.000000, inc_x_i = 1.000000, inc_y_i = 1.000000
En el else......

----------------------------------------
x = 55.000000, y = 68.000000
avance = -143.000000, avanceR = 2.000000, avanceI = 2.000000
inc_x_r = 0.000000, inc_y_r = 1.000000, inc_x_i = 1.000000, inc_y_i = 1.000000
En el else......

----------------------------------------
x = 55.000000, y = 69.000000
avance = -141.000000, avanceR = 2.000000, avanceI = 2.000000
inc_x_r = 0.000000, inc_y_r = 1.000000, inc_x_i = 1.000000, inc_y_i = 1.000000
En el else......

----------------------------------------
x = 55.000000, y = 70.000000
avance = -139.000000, avanceR = 2.000000, avanceI = 2.000000
inc_x_r = 0.000000, inc_y_r = 1.000000, inc_x_i = 1.000000, inc_y_i = 1.000000
En el else......

----------------------------------------
x = 55.000000, y = 71.000000
avance = -137.000000, avanceR = 2.000000, avanceI = 2.000000
inc_x_r = 0.000000, inc_y_r = 1.000000, inc_x_i = 1.000000, inc_y_i = 1.000000
En el else......

----------------------------------------
x = 55.000000, y = 72.000000
avance = -135.000000, avanceR = 2.000000, avanceI = 2.000000
inc_x_r = 0.000000, inc_y_r = 1.000000, inc_x_i = 1.000000, inc_y_i = 1.000000
En el else......

----------------------------------------
x = 55.000000, y = 73.000000
avance = -133.000000, avanceR = 2.000000, avanceI = 2.000000
inc_x_r = 0.000000, inc_y_r = 1.000000, inc_x_i = 1.000000, inc_y_i = 1.000000
En el else......

----------------------------------------
x = 55.000000, y = 74.000000
avance = -131.000000, avanceR = 2.000000, avanceI = 2.000000
inc_x_r = 0.000000, inc_y_r = 1.000000, inc_x_i = 1.000000, inc_y_i = 1.000000
En el else......

----------------------------------------
x = 55.000000, y = 75.000000
avance = -129.000000, avanceR = 2.000000, avanceI = 2.000000
inc_x_r = 0.000000, inc_y_r = 1.000000, inc_x_i = 1.000000, inc_y_i = 1.000000
En el else......

----------------------------------------
x = 55.000000, y = 76.000000
avance = -127.000000, avanceR = 2.000000, avanceI = 2.000000
inc_x_r = 0.000000, inc_y_r = 1.000000, inc_x_i = 1.000000, inc_y_i = 1.000000
En el else......

----------------------------------------
x = 55.000000, y = 77.000000
avance = -125.000000, avanceR = 2.000000, avanceI = 2.000000
inc_x_r = 0.000000, inc_y_r = 1.000000, inc_x_i = 1.000000, inc_y_i = 1.000000
En el else......

----------------------------------------
x = 55.000000, y = 78.000000
avance = -123.000000, avanceR = 2.000000, avanceI = 2.000000
inc_x_r = 0.000000, inc_y_r = 1.000000, inc_x_i = 1.000000, inc_y_i = 1.000000
En el else......

----------------------------------------
x = 55.000000, y = 79.000000
avance = -121.000000, avanceR = 2.000000, avanceI = 2.000000
inc_x_r = 0.000000, inc_y_r = 1.000000, inc_x_i = 1.000000, inc_y_i = 1.000000
En el else......

----------------------------------------
x = 55.000000, y = 80.000000
avance = -119.000000, avanceR = 2.000000, avanceI = 2.000000
inc_x_r = 0.000000, inc_y_r = 1.000000, inc_x_i = 1.000000, inc_y_i = 1.000000
En el else......

----------------------------------------
x = 55.000000, y = 81.000000
avance = -117.000000, avanceR = 2.000000, avanceI = 2.000000
inc_x_r = 0.000000, inc_y_r = 1.000000, inc_x_i = 1.000000, inc_y_i = 1.000000
En el else......

----------------------------------------
x = 55.000000, y = 82.000000
avance = -115.000000, avanceR = 2.000000, avanceI = 2.000000
inc_x_r = 0.000000, inc_y_r = 1.000000, inc_x_i = 1.000000, inc_y_i = 1.000000
En el else......

----------------------------------------
x = 55.000000, y = 83.000000
avance = -113.000000, avanceR = 2.000000, avanceI = 2.000000
inc_x_r = 0.000000, inc_y_r = 1.000000, inc_x_i = 1.000000, inc_y_i = 1.000000
En el else......

----------------------------------------
x = 55.000000, y = 84.000000
avance = -111.000000, avanceR = 2.000000, avanceI = 2.000000
inc_x_r = 0.000000, inc_y_r = 1.000000, inc_x_i = 1.000000, inc_y_i = 1.000000
En el else......

----------------------------------------
x = 55.000000, y = 85.000000
avance = -109.000000, avanceR = 2.000000, avanceI = 2.000000
inc_x_r = 0.000000, inc_y_r = 1.000000, inc_x_i = 1.000000, inc_y_i = 1.000000
En el else......

----------------------------------------
x = 55.000000, y = 86.000000
avance = -107.000000, avanceR = 2.000000, avanceI = 2.000000
inc_x_r = 0.000000, inc_y_r = 1.000000, inc_x_i = 1.000000, inc_y_i = 1.000000
En el else......

----------------------------------------
x = 55.000000, y = 87.000000
avance = -105.000000, avanceR = 2.000000, avanceI = 2.000000
inc_x_r = 0.000000, inc_y_r = 1.000000, inc_x_i = 1.000000, inc_y_i = 1.000000
En el else......

----------------------------------------
x = 55.000000, y = 88.000000
avance = -103.000000, avanceR = 2.000000, avanceI = 2.000000
inc_x_r = 0.000000, inc_y_r = 1.000000, inc_x_i = 1.000000, inc_y_i = 1.000000
En el else......

----------------------------------------
x = 55.000000, y = 89.000000
avance = -101.000000, avanceR = 2.000000, avanceI = 2.000000
inc_x_r = 0.000000, inc_y_r = 1.000000, inc_x_i = 1.000000, inc_y_i = 1.000000
En el else......

----------------------------------------
x = 55.000000, y = 90.000000
avance = -99.000000, avanceR = 2.000000, avanceI = 2.000000
inc_x_r = 0.000000, inc_y_r = 1.000000, inc_x_i = 1.000000, inc_y_i = 1.000000
En el else......

----------------------------------------
x = 55.000000, y = 91.000000
avance = -97.000000, avanceR = 2.000000, avanceI = 2.000000
inc_x_r = 0.000000, inc_y_r = 1.000000, inc_x_i = 1.000000, inc_y_i = 1.000000
En el else......

----------------------------------------
x = 55.000000, y = 92.000000
avance = -95.000000, avanceR = 2.000000, avanceI = 2.000000
inc_x_r = 0.000000, inc_y_r = 1.000000, inc_x_i = 1.000000, inc_y_i = 1.000000
En el else......

----------------------------------------
x = 55.000000, y = 93.000000
avance = -93.000000, avanceR = 2.000000, avanceI = 2.000000
inc_x_r = 0.000000, inc_y_r = 1.000000, inc_x_i = 1.000000, inc_y_i = 1.000000
En el else......

----------------------------------------
x = 55.000000, y = 94.000000
avance = -91.000000, avanceR = 2.000000, avanceI = 2.000000
inc_x_r = 0.000000, inc_y_r = 1.000000, inc_x_i = 1.000000, inc_y_i = 1.000000
En el else......

----------------------------------------
x = 55.000000, y = 95.000000
avance = -89.000000, avanceR = 2.000000, avanceI = 2.000000
inc_x_r = 0.000000, inc_y_r = 1.000000, inc_x_i = 1.000000, inc_y_i = 1.000000
En el else......

----------------------------------------
x = 55.000000, y = 96.000000
avance = -87.000000, avanceR = 2.000000, avanceI = 2.000000
inc_x_r = 0.000000, inc_y_r = 1.000000, inc_x_i = 1.000000, inc_y_i = 1.000000
En el else......

----------------------------------------
x = 55.000000, y = 97.000000
avance = -85.000000, avanceR = 2.000000, avanceI = 2.000000
inc_x_r = 0.000000, inc_y_r = 1.000000, inc_x_i = 1.000000, inc_y_i = 1.000000
En el else......

----------------------------------------
x = 55.000000, y = 98.000000
avance = -83.000000, avanceR = 2.000000, avanceI = 2.000000
inc_x_r = 0.000000, inc_y_r = 1.000000, inc_x_i = 1.000000, inc_y_i = 1.000000
En el else......

----------------------------------------
x = 55.000000, y = 99.000000
avance = -81.000000, avanceR = 2.000000, avanceI = 2.000000
inc_x_r = 0.000000, inc_y_r = 1.000000, inc_x_i = 1.000000, inc_y_i = 1.000000
En el else......

----------------------------------------
x = 55.000000, y = 100.000000
avance = -79.000000, avanceR = 2.000000, avanceI = 2.000000
inc_x_r = 0.000000, inc_y_r = 1.000000, inc_x_i = 1.000000, inc_y_i = 1.000000
En el else......

----------------------------------------
x = 55.000000, y = 101.000000
avance = -77.000000, avanceR = 2.000000, avanceI = 2.000000
inc_x_r = 0.000000, inc_y_r = 1.000000, inc_x_i = 1.000000, inc_y_i = 1.000000
En el else......

----------------------------------------
x = 55.000000, y = 102.000000
avance = -75.000000, avanceR = 2.000000, avanceI = 2.000000
inc_x_r = 0.000000, inc_y_r = 1.000000, inc_x_i = 1.000000, inc_y_i = 1.000000
En el else......

----------------------------------------
x = 55.000000, y = 103.000000
avance = -73.000000, avanceR = 2.000000, avanceI = 2.000000
inc_x_r = 0.000000, inc_y_r = 1.000000, inc_x_i = 1.000000, inc_y_i = 1.000000
En el else......

----------------------------------------
x = 55.000000, y = 104.000000
avance = -71.000000, avanceR = 2.000000, avanceI = 2.000000
inc_x_r = 0.000000, inc_y_r = 1.000000, inc_x_i = 1.000000, inc_y_i = 1.000000
En el else......

----------------------------------------
x = 55.000000, y = 105.000000
avance = -69.000000, avanceR = 2.000000, avanceI = 2.000000
inc_x_r = 0.000000, inc_y_r = 1.000000, inc_x_i = 1.000000, inc_y_i = 1.000000
En el else......

----------------------------------------
x = 55.000000, y = 106.000000
avance = -67.000000, avanceR = 2.000000, avanceI = 2.000000
inc_x_r = 0.000000, inc_y_r = 1.000000, inc_x_i = 1.000000, inc_y_i = 1.000000
En el else......

----------------------------------------
x = 55.000000, y = 107.000000
avance = -65.000000, avanceR = 2.000000, avanceI = 2.000000
inc_x_r = 0.000000, inc_y_r = 1.000000, inc_x_i = 1.000000, inc_y_i = 1.000000
En el else......

----------------------------------------
x = 55.000000, y = 108.000000
avance = -63.000000, avanceR = 2.000000, avanceI = 2.000000
inc_x_r = 0.000000, inc_y_r = 1.000000, inc_x_i = 1.000000, inc_y_i = 1.000000
En el else......

----------------------------------------
x = 55.000000, y = 109.000000
avance = -61.000000, avanceR = 2.000000, avanceI = 2.000000
inc_x_r = 0.000000, inc_y_r = 1.000000, inc_x_i = 1.000000, inc_y_i = 1.000000
En el else......

----------------------------------------
x = 55.000000, y = 110.000000
avance = -59.000000, avanceR = 2.000000, avanceI = 2.000000
inc_x_r = 0.000000, inc_y_r = 1.000000, inc_x_i = 1.000000, inc_y_i = 1.000000
En el else......

----------------------------------------
x = 55.000000, y = 111.000000
avance = -57.000000, avanceR = 2.000000, avanceI = 2.000000
inc_x_r = 0.000000, inc_y_r = 1.000000, inc_x_i = 1.000000, inc_y_i = 1.000000
En el else......

----------------------------------------
x = 55.000000, y = 112.000000
avance = -55.000000, avanceR = 2.000000, avanceI = 2.000000
inc_x_r = 0.000000, inc_y_r = 1.000000, inc_x_i = 1.000000, inc_y_i = 1.000000
En el else......

----------------------------------------
x = 55.000000, y = 113.000000
avance = -53.000000, avanceR = 2.000000, avanceI = 2.000000
inc_x_r = 0.000000, inc_y_r = 1.000000, inc_x_i = 1.000000, inc_y_i = 1.000000
En el else......

----------------------------------------
x = 55.000000, y = 114.000000
avance = -51.000000, avanceR = 2.000000, avanceI = 2.000000
inc_x_r = 0.000000, inc_y_r = 1.000000, inc_x_i = 1.000000, inc_y_i = 1.000000
En el else......

----------------------------------------
x = 55.000000, y = 115.000000
avance = -49.000000, avanceR = 2.000000, avanceI = 2.000000
inc_x_r = 0.000000, inc_y_r = 1.000000, inc_x_i = 1.000000, inc_y_i = 1.000000
En el else......

----------------------------------------
x = 55.000000, y = 116.000000
avance = -47.000000, avanceR = 2.000000, avanceI = 2.000000
inc_x_r = 0.000000, inc_y_r = 1.000000, inc_x_i = 1.000000, inc_y_i = 1.000000
En el else......

----------------------------------------
x = 55.000000, y = 117.000000
avance = -45.000000, avanceR = 2.000000, avanceI = 2.000000
inc_x_r = 0.000000, inc_y_r = 1.000000, inc_x_i = 1.000000, inc_y_i = 1.000000
En el else......

----------------------------------------
x = 55.000000, y = 118.000000
avance = -43.000000, avanceR = 2.000000, avanceI = 2.000000
inc_x_r = 0.000000, inc_y_r = 1.000000, inc_x_i = 1.000000, inc_y_i = 1.000000
En el else......

----------------------------------------
x = 55.000000, y = 119.000000
avance = -41.000000, avanceR = 2.000000, avanceI = 2.000000
inc_x_r = 0.000000, inc_y_r = 1.000000, inc_x_i = 1.000000, inc_y_i = 1.000000
En el else......

----------------------------------------
x = 55.000000, y = 120.000000
avance = -39.000000, avanceR = 2.000000, avanceI = 2.000000
inc_x_r = 0.000000, inc_y_r = 1.000000, inc_x_i = 1.000000, inc_y_i = 1.000000
En el else......

----------------------------------------
x = 55.000000, y = 121.000000
avance = -37.000000, avanceR = 2.000000, avanceI = 2.000000
inc_x_r = 0.000000, inc_y_r = 1.000000, inc_x_i = 1.000000, inc_y_i = 1.000000
En el else......

----------------------------------------
x = 55.000000, y = 122.000000
avance = -35.000000, avanceR = 2.000000, avanceI = 2.000000
inc_x_r = 0.000000, inc_y_r = 1.000000, inc_x_i = 1.000000, inc_y_i = 1.000000
En el else......

----------------------------------------
x = 55.000000, y = 123.000000
avance = -33.000000, avanceR = 2.000000, avanceI = 2.000000
inc_x_r = 0.000000, inc_y_r = 1.000000, inc_x_i = 1.000000, inc_y_i = 1.000000
En el else......

----------------------------------------
x = 55.000000, y = 124.000000
avance = -31.000000, avanceR = 2.000000, avanceI = 2.000000
inc_x_r = 0.000000, inc_y_r = 1.000000, inc_x_i = 1.000000, inc_y_i = 1.000000
En el else......

----------------------------------------
x = 55.000000, y = 125.000000
avance = -29.000000, avanceR = 2.000000, avanceI = 2.000000
inc_x_r = 0.000000, inc_y_r = 1.000000, inc_x_i = 1.000000, inc_y_i = 1.000000
En el else......

----------------------------------------
x = 55.000000, y = 126.000000
avance = -27.000000, avanceR = 2.000000, avanceI = 2.000000
inc_x_r = 0.000000, inc_y_r = 1.000000, inc_x_i = 1.000000, inc_y_i = 1.000000
En el else......

----------------------------------------
x = 55.000000, y = 127.000000
avance = -25.000000, avanceR = 2.000000, avanceI = 2.000000
inc_x_r = 0.000000, inc_y_r = 1.000000, inc_x_i = 1.000000, inc_y_i = 1.000000
En el else......

----------------------------------------
x = 55.000000, y = 128.000000
avance = -23.000000, avanceR = 2.000000, avanceI = 2.000000
inc_x_r = 0.000000, inc_y_r = 1.000000, inc_x_i = 1.000000, inc_y_i = 1.000000
En el else......

----------------------------------------
x = 55.000000, y = 129.000000
avance = -21.000000, avanceR = 2.000000, avanceI = 2.000000
inc_x_r = 0.000000, inc_y_r = 1.000000, inc_x_i = 1.000000, inc_y_i = 1.000000
En el else......

----------------------------------------
x = 55.000000, y = 130.000000
avance = -19.000000, avanceR = 2.000000, avanceI = 2.000000
inc_x_r = 0.000000, inc_y_r = 1.000000, inc_x_i = 1.000000, inc_y_i = 1.000000
En el else......

----------------------------------------
x = 55.000000, y = 131.000000
avance = -17.000000, avanceR = 2.000000, avanceI = 2.000000
inc_x_r = 0.000000, inc_y_r = 1.000000, inc_x_i = 1.000000, inc_y_i = 1.000000
En el else......

----------------------------------------
x = 55.000000, y = 132.000000
avance = -15.000000, avanceR = 2.000000, avanceI = 2.000000
inc_x_r = 0.000000, inc_y_r = 1.000000, inc_x_i = 1.000000, inc_y_i = 1.000000
En el else......

----------------------------------------
x = 55.000000, y = 133.000000
avance = -13.000000, avanceR = 2.000000, avanceI = 2.000000
inc_x_r = 0.000000, inc_y_r = 1.000000, inc_x_i = 1.000000, inc_y_i = 1.000000
En el else......

----------------------------------------
x = 55.000000, y = 134.000000
avance = -11.000000, avanceR = 2.000000, avanceI = 2.000000
inc_x_r = 0.000000, inc_y_r = 1.000000, inc_x_i = 1.000000, inc_y_i = 1.000000
En el else......

----------------------------------------
x = 55.000000, y = 135.000000
avance = -9.000000, avanceR = 2.000000, avanceI = 2.000000
inc_x_r = 0.000000, inc_y_r = 1.000000, inc_x_i = 1.000000, inc_y_i = 1.000000
En el else......

----------------------------------------
x = 55.000000, y = 136.000000
avance = -7.000000, avanceR = 2.000000, avanceI = 2.000000
inc_x_r = 0.000000, inc_y_r = 1.000000, inc_x_i = 1.000000, inc_y_i = 1.000000
En el else......

----------------------------------------
x = 55.000000, y = 137.000000
avance = -5.000000, avanceR = 2.000000, avanceI = 2.000000
inc_x_r = 0.000000, inc_y_r = 1.000000, inc_x_i = 1.000000, inc_y_i = 1.000000
En el else......

----------------------------------------
x = 55.000000, y = 138.000000
avance = -3.000000, avanceR = 2.000000, avanceI = 2.000000
inc_x_r = 0.000000, inc_y_r = 1.000000, inc_x_i = 1.000000, inc_y_i = 1.000000
En el else......

----------------------------------------
x = 55.000000, y = 139.000000
avance = -1.000000, avanceR = 2.000000, avanceI = 2.000000
inc_x_r = 0.000000, inc_y_r = 1.000000, inc_x_i = 1.000000, inc_y_i = 1.000000
En el else......

----------------------------------------
x = 55.000000, y = 140.000000
avance = 1.000000, avanceR = 2.000000, avanceI = 2.000000
inc_x_r = 0.000000, inc_y_r = 1.000000, inc_x_i = 1.000000, inc_y_i = 1.000000
avance >= 0

----------------------------------------
x = 56.000000, y = 141.000000
avance = -499.000000, avanceR = 2.000000, avanceI = 2.000000
inc_x_r = 0.000000, inc_y_r = 1.000000, inc_x_i = 1.000000, inc_y_i = 1.000000
En el else......

----------------------------------------
x = 56.000000, y = 142.000000
avance = -497.000000, avanceR = 2.000000, avanceI = 2.000000
inc_x_r = 0.000000, inc_y_r = 1.000000, inc_x_i = 1.000000, inc_y_i = 1.000000
En el else......

----------------------------------------
x = 56.000000, y = 143.000000
avance = -495.000000, avanceR = 2.000000, avanceI = 2.000000
inc_x_r = 0.000000, inc_y_r = 1.000000, inc_x_i = 1.000000, inc_y_i = 1.000000
En el else......

----------------------------------------
x = 56.000000, y = 144.000000
avance = -493.000000, avanceR = 2.000000, avanceI = 2.000000
inc_x_r = 0.000000, inc_y_r = 1.000000, inc_x_i = 1.000000, inc_y_i = 1.000000
En el else......

----------------------------------------
x = 56.000000, y = 145.000000
avance = -491.000000, avanceR = 2.000000, avanceI = 2.000000
inc_x_r = 0.000000, inc_y_r = 1.000000, inc_x_i = 1.000000, inc_y_i = 1.000000
En el else......

----------------------------------------
x = 56.000000, y = 146.000000
avance = -489.000000, avanceR = 2.000000, avanceI = 2.000000
inc_x_r = 0.000000, inc_y_r = 1.000000, inc_x_i = 1.000000, inc_y_i = 1.000000
En el else......

----------------------------------------
x = 56.000000, y = 147.000000
avance = -487.000000, avanceR = 2.000000, avanceI = 2.000000
inc_x_r = 0.000000, inc_y_r = 1.000000, inc_x_i = 1.000000, inc_y_i = 1.000000
En el else......

----------------------------------------
x = 56.000000, y = 148.000000
avance = -485.000000, avanceR = 2.000000, avanceI = 2.000000
inc_x_r = 0.000000, inc_y_r = 1.000000, inc_x_i = 1.000000, inc_y_i = 1.000000
En el else......

----------------------------------------
x = 56.000000, y = 149.000000
avance = -483.000000, avanceR = 2.000000, avanceI = 2.000000
inc_x_r = 0.000000, inc_y_r = 1.000000, inc_x_i = 1.000000, inc_y_i = 1.000000
En el else......

----------------------------------------
x = 56.000000, y = 150.000000
avance = -481.000000, avanceR = 2.000000, avanceI = 2.000000
inc_x_r = 0.000000, inc_y_r = 1.000000, inc_x_i = 1.000000, inc_y_i = 1.000000
En el else......

----------------------------------------
x = 56.000000, y = 151.000000
avance = -479.000000, avanceR = 2.000000, avanceI = 2.000000
inc_x_r = 0.000000, inc_y_r = 1.000000, inc_x_i = 1.000000, inc_y_i = 1.000000
En el else......

----------------------------------------
x = 56.000000, y = 152.000000
avance = -477.000000, avanceR = 2.000000, avanceI = 2.000000
inc_x_r = 0.000000, inc_y_r = 1.000000, inc_x_i = 1.000000, inc_y_i = 1.000000
En el else......

----------------------------------------
x = 56.000000, y = 153.000000
avance = -475.000000, avanceR = 2.000000, avanceI = 2.000000
inc_x_r = 0.000000, inc_y_r = 1.000000, inc_x_i = 1.000000, inc_y_i = 1.000000
En el else......

----------------------------------------
x = 56.000000, y = 154.000000
avance = -473.000000, avanceR = 2.000000, avanceI = 2.000000
inc_x_r = 0.000000, inc_y_r = 1.000000, inc_x_i = 1.000000, inc_y_i = 1.000000
En el else......

----------------------------------------
x = 56.000000, y = 155.000000
avance = -471.000000, avanceR = 2.000000, avanceI = 2.000000
inc_x_r = 0.000000, inc_y_r = 1.000000, inc_x_i = 1.000000, inc_y_i = 1.000000
En el else......

----------------------------------------
x = 56.000000, y = 156.000000
avance = -469.000000, avanceR = 2.000000, avanceI = 2.000000
inc_x_r = 0.000000, inc_y_r = 1.000000, inc_x_i = 1.000000, inc_y_i = 1.000000
En el else......

----------------------------------------
x = 56.000000, y = 157.000000
avance = -467.000000, avanceR = 2.000000, avanceI = 2.000000
inc_x_r = 0.000000, inc_y_r = 1.000000, inc_x_i = 1.000000, inc_y_i = 1.000000
En el else......

----------------------------------------
x = 56.000000, y = 158.000000
avance = -465.000000, avanceR = 2.000000, avanceI = 2.000000
inc_x_r = 0.000000, inc_y_r = 1.000000, inc_x_i = 1.000000, inc_y_i = 1.000000
En el else......

----------------------------------------
x = 56.000000, y = 159.000000
avance = -463.000000, avanceR = 2.000000, avanceI = 2.000000
inc_x_r = 0.000000, inc_y_r = 1.000000, inc_x_i = 1.000000, inc_y_i = 1.000000
En el else......

----------------------------------------
x = 56.000000, y = 160.000000
avance = -461.000000, avanceR = 2.000000, avanceI = 2.000000
inc_x_r = 0.000000, inc_y_r = 1.000000, inc_x_i = 1.000000, inc_y_i = 1.000000
En el else......

----------------------------------------
x = 56.000000, y = 161.000000
avance = -459.000000, avanceR = 2.000000, avanceI = 2.000000
inc_x_r = 0.000000, inc_y_r = 1.000000, inc_x_i = 1.000000, inc_y_i = 1.000000
En el else......

----------------------------------------
x = 56.000000, y = 162.000000
avance = -457.000000, avanceR = 2.000000, avanceI = 2.000000
inc_x_r = 0.000000, inc_y_r = 1.000000, inc_x_i = 1.000000, inc_y_i = 1.000000
En el else......

----------------------------------------
x = 56.000000, y = 163.000000
avance = -455.000000, avanceR = 2.000000, avanceI = 2.000000
inc_x_r = 0.000000, inc_y_r = 1.000000, inc_x_i = 1.000000, inc_y_i = 1.000000
En el else......

----------------------------------------
x = 56.000000, y = 164.000000
avance = -453.000000, avanceR = 2.000000, avanceI = 2.000000
inc_x_r = 0.000000, inc_y_r = 1.000000, inc_x_i = 1.000000, inc_y_i = 1.000000
En el else......

----------------------------------------
x = 56.000000, y = 165.000000
avance = -451.000000, avanceR = 2.000000, avanceI = 2.000000
inc_x_r = 0.000000, inc_y_r = 1.000000, inc_x_i = 1.000000, inc_y_i = 1.000000
En el else......

----------------------------------------
x = 56.000000, y = 166.000000
avance = -449.000000, avanceR = 2.000000, avanceI = 2.000000
inc_x_r = 0.000000, inc_y_r = 1.000000, inc_x_i = 1.000000, inc_y_i = 1.000000
En el else......

----------------------------------------
x = 56.000000, y = 167.000000
avance = -447.000000, avanceR = 2.000000, avanceI = 2.000000
inc_x_r = 0.000000, inc_y_r = 1.000000, inc_x_i = 1.000000, inc_y_i = 1.000000
En el else......

----------------------------------------
x = 56.000000, y = 168.000000
avance = -445.000000, avanceR = 2.000000, avanceI = 2.000000
inc_x_r = 0.000000, inc_y_r = 1.000000, inc_x_i = 1.000000, inc_y_i = 1.000000
En el else......

----------------------------------------
x = 56.000000, y = 169.000000
avance = -443.000000, avanceR = 2.000000, avanceI = 2.000000
inc_x_r = 0.000000, inc_y_r = 1.000000, inc_x_i = 1.000000, inc_y_i = 1.000000
En el else......

----------------------------------------
x = 56.000000, y = 170.000000
avance = -441.000000, avanceR = 2.000000, avanceI = 2.000000
inc_x_r = 0.000000, inc_y_r = 1.000000, inc_x_i = 1.000000, inc_y_i = 1.000000
En el else......

----------------------------------------
x = 56.000000, y = 171.000000
avance = -439.000000, avanceR = 2.000000, avanceI = 2.000000
inc_x_r = 0.000000, inc_y_r = 1.000000, inc_x_i = 1.000000, inc_y_i = 1.000000
En el else......

----------------------------------------
x = 56.000000, y = 172.000000
avance = -437.000000, avanceR = 2.000000, avanceI = 2.000000
inc_x_r = 0.000000, inc_y_r = 1.000000, inc_x_i = 1.000000, inc_y_i = 1.000000
En el else......

----------------------------------------
x = 56.000000, y = 173.000000
avance = -435.000000, avanceR = 2.000000, avanceI = 2.000000
inc_x_r = 0.000000, inc_y_r = 1.000000, inc_x_i = 1.000000, inc_y_i = 1.000000
En el else......

----------------------------------------
x = 56.000000, y = 174.000000
avance = -433.000000, avanceR = 2.000000, avanceI = 2.000000
inc_x_r = 0.000000, inc_y_r = 1.000000, inc_x_i = 1.000000, inc_y_i = 1.000000
En el else......

----------------------------------------
x = 56.000000, y = 175.000000
avance = -431.000000, avanceR = 2.000000, avanceI = 2.000000
inc_x_r = 0.000000, inc_y_r = 1.000000, inc_x_i = 1.000000, inc_y_i = 1.000000
En el else......

----------------------------------------
x = 56.000000, y = 176.000000
avance = -429.000000, avanceR = 2.000000, avanceI = 2.000000
inc_x_r = 0.000000, inc_y_r = 1.000000, inc_x_i = 1.000000, inc_y_i = 1.000000
En el else......

----------------------------------------
x = 56.000000, y = 177.000000
avance = -427.000000, avanceR = 2.000000, avanceI = 2.000000
inc_x_r = 0.000000, inc_y_r = 1.000000, inc_x_i = 1.000000, inc_y_i = 1.000000
En el else......

----------------------------------------
x = 56.000000, y = 178.000000
avance = -425.000000, avanceR = 2.000000, avanceI = 2.000000
inc_x_r = 0.000000, inc_y_r = 1.000000, inc_x_i = 1.000000, inc_y_i = 1.000000
En el else......

----------------------------------------
x = 56.000000, y = 179.000000
avance = -423.000000, avanceR = 2.000000, avanceI = 2.000000
inc_x_r = 0.000000, inc_y_r = 1.000000, inc_x_i = 1.000000, inc_y_i = 1.000000
En el else......

----------------------------------------
x = 56.000000, y = 180.000000
avance = -421.000000, avanceR = 2.000000, avanceI = 2.000000
inc_x_r = 0.000000, inc_y_r = 1.000000, inc_x_i = 1.000000, inc_y_i = 1.000000
En el else......

----------------------------------------
x = 56.000000, y = 181.000000
avance = -419.000000, avanceR = 2.000000, avanceI = 2.000000
inc_x_r = 0.000000, inc_y_r = 1.000000, inc_x_i = 1.000000, inc_y_i = 1.000000
En el else......

----------------------------------------
x = 56.000000, y = 182.000000
avance = -417.000000, avanceR = 2.000000, avanceI = 2.000000
inc_x_r = 0.000000, inc_y_r = 1.000000, inc_x_i = 1.000000, inc_y_i = 1.000000
En el else......

----------------------------------------
x = 56.000000, y = 183.000000
avance = -415.000000, avanceR = 2.000000, avanceI = 2.000000
inc_x_r = 0.000000, inc_y_r = 1.000000, inc_x_i = 1.000000, inc_y_i = 1.000000
En el else......

----------------------------------------
x = 56.000000, y = 184.000000
avance = -413.000000, avanceR = 2.000000, avanceI = 2.000000
inc_x_r = 0.000000, inc_y_r = 1.000000, inc_x_i = 1.000000, inc_y_i = 1.000000
En el else......

----------------------------------------
x = 56.000000, y = 185.000000
avance = -411.000000, avanceR = 2.000000, avanceI = 2.000000
inc_x_r = 0.000000, inc_y_r = 1.000000, inc_x_i = 1.000000, inc_y_i = 1.000000
En el else......

----------------------------------------
x = 56.000000, y = 186.000000
avance = -409.000000, avanceR = 2.000000, avanceI = 2.000000
inc_x_r = 0.000000, inc_y_r = 1.000000, inc_x_i = 1.000000, inc_y_i = 1.000000
En el else......

----------------------------------------
x = 56.000000, y = 187.000000
avance = -407.000000, avanceR = 2.000000, avanceI = 2.000000
inc_x_r = 0.000000, inc_y_r = 1.000000, inc_x_i = 1.000000, inc_y_i = 1.000000
En el else......

----------------------------------------
x = 56.000000, y = 188.000000
avance = -405.000000, avanceR = 2.000000, avanceI = 2.000000
inc_x_r = 0.000000, inc_y_r = 1.000000, inc_x_i = 1.000000, inc_y_i = 1.000000
En el else......

----------------------------------------
x = 56.000000, y = 189.000000
avance = -403.000000, avanceR = 2.000000, avanceI = 2.000000
inc_x_r = 0.000000, inc_y_r = 1.000000, inc_x_i = 1.000000, inc_y_i = 1.000000
En el else......

----------------------------------------
x = 56.000000, y = 190.000000
avance = -401.000000, avanceR = 2.000000, avanceI = 2.000000
inc_x_r = 0.000000, inc_y_r = 1.000000, inc_x_i = 1.000000, inc_y_i = 1.000000
En el else......

----------------------------------------
x = 56.000000, y = 191.000000
avance = -399.000000, avanceR = 2.000000, avanceI = 2.000000
inc_x_r = 0.000000, inc_y_r = 1.000000, inc_x_i = 1.000000, inc_y_i = 1.000000
En el else......

----------------------------------------
x = 56.000000, y = 192.000000
avance = -397.000000, avanceR = 2.000000, avanceI = 2.000000
inc_x_r = 0.000000, inc_y_r = 1.000000, inc_x_i = 1.000000, inc_y_i = 1.000000
En el else......

----------------------------------------
x = 56.000000, y = 193.000000
avance = -395.000000, avanceR = 2.000000, avanceI = 2.000000
inc_x_r = 0.000000, inc_y_r = 1.000000, inc_x_i = 1.000000, inc_y_i = 1.000000
En el else......

----------------------------------------
x = 56.000000, y = 194.000000
avance = -393.000000, avanceR = 2.000000, avanceI = 2.000000
inc_x_r = 0.000000, inc_y_r = 1.000000, inc_x_i = 1.000000, inc_y_i = 1.000000
En el else......

----------------------------------------
x = 56.000000, y = 195.000000
avance = -391.000000, avanceR = 2.000000, avanceI = 2.000000
inc_x_r = 0.000000, inc_y_r = 1.000000, inc_x_i = 1.000000, inc_y_i = 1.000000
En el else......

----------------------------------------
x = 56.000000, y = 196.000000
avance = -389.000000, avanceR = 2.000000, avanceI = 2.000000
inc_x_r = 0.000000, inc_y_r = 1.000000, inc_x_i = 1.000000, inc_y_i = 1.000000
En el else......

----------------------------------------
x = 56.000000, y = 197.000000
avance = -387.000000, avanceR = 2.000000, avanceI = 2.000000
inc_x_r = 0.000000, inc_y_r = 1.000000, inc_x_i = 1.000000, inc_y_i = 1.000000
En el else......

----------------------------------------
x = 56.000000, y = 198.000000
avance = -385.000000, avanceR = 2.000000, avanceI = 2.000000
inc_x_r = 0.000000, inc_y_r = 1.000000, inc_x_i = 1.000000, inc_y_i = 1.000000
En el else......

----------------------------------------
x = 56.000000, y = 199.000000
avance = -383.000000, avanceR = 2.000000, avanceI = 2.000000
inc_x_r = 0.000000, inc_y_r = 1.000000, inc_x_i = 1.000000, inc_y_i = 1.000000
En el else......

----------------------------------------
x = 56.000000, y = 200.000000
avance = -381.000000, avanceR = 2.000000, avanceI = 2.000000
inc_x_r = 0.000000, inc_y_r = 1.000000, inc_x_i = 1.000000, inc_y_i = 1.000000
En el else......

----------------------------------------
x = 56.000000, y = 201.000000
avance = -379.000000, avanceR = 2.000000, avanceI = 2.000000
inc_x_r = 0.000000, inc_y_r = 1.000000, inc_x_i = 1.000000, inc_y_i = 1.000000
En el else......

----------------------------------------
x = 56.000000, y = 202.000000
avance = -377.000000, avanceR = 2.000000, avanceI = 2.000000
inc_x_r = 0.000000, inc_y_r = 1.000000, inc_x_i = 1.000000, inc_y_i = 1.000000
En el else......

----------------------------------------
x = 56.000000, y = 203.000000
avance = -375.000000, avanceR = 2.000000, avanceI = 2.000000
inc_x_r = 0.000000, inc_y_r = 1.000000, inc_x_i = 1.000000, inc_y_i = 1.000000
En el else......

----------------------------------------
x = 56.000000, y = 204.000000
avance = -373.000000, avanceR = 2.000000, avanceI = 2.000000
inc_x_r = 0.000000, inc_y_r = 1.000000, inc_x_i = 1.000000, inc_y_i = 1.000000
En el else......

----------------------------------------
x = 56.000000, y = 205.000000
avance = -371.000000, avanceR = 2.000000, avanceI = 2.000000
inc_x_r = 0.000000, inc_y_r = 1.000000, inc_x_i = 1.000000, inc_y_i = 1.000000
En el else......

----------------------------------------
x = 56.000000, y = 206.000000
avance = -369.000000, avanceR = 2.000000, avanceI = 2.000000
inc_x_r = 0.000000, inc_y_r = 1.000000, inc_x_i = 1.000000, inc_y_i = 1.000000
En el else......

----------------------------------------
x = 56.000000, y = 207.000000
avance = -367.000000, avanceR = 2.000000, avanceI = 2.000000
inc_x_r = 0.000000, inc_y_r = 1.000000, inc_x_i = 1.000000, inc_y_i = 1.000000
En el else......

----------------------------------------
x = 56.000000, y = 208.000000
avance = -365.000000, avanceR = 2.000000, avanceI = 2.000000
inc_x_r = 0.000000, inc_y_r = 1.000000, inc_x_i = 1.000000, inc_y_i = 1.000000
En el else......

----------------------------------------
x = 56.000000, y = 209.000000
avance = -363.000000, avanceR = 2.000000, avanceI = 2.000000
inc_x_r = 0.000000, inc_y_r = 1.000000, inc_x_i = 1.000000, inc_y_i = 1.000000
En el else......

----------------------------------------
x = 56.000000, y = 210.000000
avance = -361.000000, avanceR = 2.000000, avanceI = 2.000000
inc_x_r = 0.000000, inc_y_r = 1.000000, inc_x_i = 1.000000, inc_y_i = 1.000000
En el else......

----------------------------------------
x = 56.000000, y = 211.000000
avance = -359.000000, avanceR = 2.000000, avanceI = 2.000000
inc_x_r = 0.000000, inc_y_r = 1.000000, inc_x_i = 1.000000, inc_y_i = 1.000000
En el else......

----------------------------------------
x = 56.000000, y = 212.000000
avance = -357.000000, avanceR = 2.000000, avanceI = 2.000000
inc_x_r = 0.000000, inc_y_r = 1.000000, inc_x_i = 1.000000, inc_y_i = 1.000000
En el else......

----------------------------------------
x = 56.000000, y = 213.000000
avance = -355.000000, avanceR = 2.000000, avanceI = 2.000000
inc_x_r = 0.000000, inc_y_r = 1.000000, inc_x_i = 1.000000, inc_y_i = 1.000000
En el else......

----------------------------------------
x = 56.000000, y = 214.000000
avance = -353.000000, avanceR = 2.000000, avanceI = 2.000000
inc_x_r = 0.000000, inc_y_r = 1.000000, inc_x_i = 1.000000, inc_y_i = 1.000000
En el else......

----------------------------------------
x = 56.000000, y = 215.000000
avance = -351.000000, avanceR = 2.000000, avanceI = 2.000000
inc_x_r = 0.000000, inc_y_r = 1.000000, inc_x_i = 1.000000, inc_y_i = 1.000000
En el else......

----------------------------------------
x = 56.000000, y = 216.000000
avance = -349.000000, avanceR = 2.000000, avanceI = 2.000000
inc_x_r = 0.000000, inc_y_r = 1.000000, inc_x_i = 1.000000, inc_y_i = 1.000000
En el else......

----------------------------------------
x = 56.000000, y = 217.000000
avance = -347.000000, avanceR = 2.000000, avanceI = 2.000000
inc_x_r = 0.000000, inc_y_r = 1.000000, inc_x_i = 1.000000, inc_y_i = 1.000000
En el else......

----------------------------------------
x = 56.000000, y = 218.000000
avance = -345.000000, avanceR = 2.000000, avanceI = 2.000000
inc_x_r = 0.000000, inc_y_r = 1.000000, inc_x_i = 1.000000, inc_y_i = 1.000000
En el else......

----------------------------------------
x = 56.000000, y = 219.000000
avance = -343.000000, avanceR = 2.000000, avanceI = 2.000000
inc_x_r = 0.000000, inc_y_r = 1.000000, inc_x_i = 1.000000, inc_y_i = 1.000000
En el else......

----------------------------------------
x = 56.000000, y = 220.000000
avance = -341.000000, avanceR = 2.000000, avanceI = 2.000000
inc_x_r = 0.000000, inc_y_r = 1.000000, inc_x_i = 1.000000, inc_y_i = 1.000000
En el else......

----------------------------------------
x = 56.000000, y = 221.000000
avance = -339.000000, avanceR = 2.000000, avanceI = 2.000000
inc_x_r = 0.000000, inc_y_r = 1.000000, inc_x_i = 1.000000, inc_y_i = 1.000000
En el else......

----------------------------------------
x = 56.000000, y = 222.000000
avance = -337.000000, avanceR = 2.000000, avanceI = 2.000000
inc_x_r = 0.000000, inc_y_r = 1.000000, inc_x_i = 1.000000, inc_y_i = 1.000000
En el else......

----------------------------------------
x = 56.000000, y = 223.000000
avance = -335.000000, avanceR = 2.000000, avanceI = 2.000000
inc_x_r = 0.000000, inc_y_r = 1.000000, inc_x_i = 1.000000, inc_y_i = 1.000000
En el else......

----------------------------------------
x = 56.000000, y = 224.000000
avance = -333.000000, avanceR = 2.000000, avanceI = 2.000000
inc_x_r = 0.000000, inc_y_r = 1.000000, inc_x_i = 1.000000, inc_y_i = 1.000000
En el else......

----------------------------------------
x = 56.000000, y = 225.000000
avance = -331.000000, avanceR = 2.000000, avanceI = 2.000000
inc_x_r = 0.000000, inc_y_r = 1.000000, inc_x_i = 1.000000, inc_y_i = 1.000000
En el else......

----------------------------------------
x = 56.000000, y = 226.000000
avance = -329.000000, avanceR = 2.000000, avanceI = 2.000000
inc_x_r = 0.000000, inc_y_r = 1.000000, inc_x_i = 1.000000, inc_y_i = 1.000000
En el else......

----------------------------------------
x = 56.000000, y = 227.000000
avance = -327.000000, avanceR = 2.000000, avanceI = 2.000000
inc_x_r = 0.000000, inc_y_r = 1.000000, inc_x_i = 1.000000, inc_y_i = 1.000000
En el else......

----------------------------------------
x = 56.000000, y = 228.000000
avance = -325.000000, avanceR = 2.000000, avanceI = 2.000000
inc_x_r = 0.000000, inc_y_r = 1.000000, inc_x_i = 1.000000, inc_y_i = 1.000000
En el else......

----------------------------------------
x = 56.000000, y = 229.000000
avance = -323.000000, avanceR = 2.000000, avanceI = 2.000000
inc_x_r = 0.000000, inc_y_r = 1.000000, inc_x_i = 1.000000, inc_y_i = 1.000000
En el else......

----------------------------------------
x = 56.000000, y = 230.000000
avance = -321.000000, avanceR = 2.000000, avanceI = 2.000000
inc_x_r = 0.000000, inc_y_r = 1.000000, inc_x_i = 1.000000, inc_y_i = 1.000000
En el else......

----------------------------------------
x = 56.000000, y = 231.000000
avance = -319.000000, avanceR = 2.000000, avanceI = 2.000000
inc_x_r = 0.000000, inc_y_r = 1.000000, inc_x_i = 1.000000, inc_y_i = 1.000000
En el else......

----------------------------------------
x = 56.000000, y = 232.000000
avance = -317.000000, avanceR = 2.000000, avanceI = 2.000000
inc_x_r = 0.000000, inc_y_r = 1.000000, inc_x_i = 1.000000, inc_y_i = 1.000000
En el else......

----------------------------------------
x = 56.000000, y = 233.000000
avance = -315.000000, avanceR = 2.000000, avanceI = 2.000000
inc_x_r = 0.000000, inc_y_r = 1.000000, inc_x_i = 1.000000, inc_y_i = 1.000000
En el else......

----------------------------------------
x = 56.000000, y = 234.000000
avance = -313.000000, avanceR = 2.000000, avanceI = 2.000000
inc_x_r = 0.000000, inc_y_r = 1.000000, inc_x_i = 1.000000, inc_y_i = 1.000000
En el else......

----------------------------------------
x = 56.000000, y = 235.000000
avance = -311.000000, avanceR = 2.000000, avanceI = 2.000000
inc_x_r = 0.000000, inc_y_r = 1.000000, inc_x_i = 1.000000, inc_y_i = 1.000000
En el else......

----------------------------------------
x = 56.000000, y = 236.000000
avance = -309.000000, avanceR = 2.000000, avanceI = 2.000000
inc_x_r = 0.000000, inc_y_r = 1.000000, inc_x_i = 1.000000, inc_y_i = 1.000000
En el else......

----------------------------------------
x = 56.000000, y = 237.000000
avance = -307.000000, avanceR = 2.000000, avanceI = 2.000000
inc_x_r = 0.000000, inc_y_r = 1.000000, inc_x_i = 1.000000, inc_y_i = 1.000000
En el else......

----------------------------------------
x = 56.000000, y = 238.000000
avance = -305.000000, avanceR = 2.000000, avanceI = 2.000000
inc_x_r = 0.000000, inc_y_r = 1.000000, inc_x_i = 1.000000, inc_y_i = 1.000000
En el else......

----------------------------------------
x = 56.000000, y = 239.000000
avance = -303.000000, avanceR = 2.000000, avanceI = 2.000000
inc_x_r = 0.000000, inc_y_r = 1.000000, inc_x_i = 1.000000, inc_y_i = 1.000000
En el else......

----------------------------------------
x = 56.000000, y = 240.000000
avance = -301.000000, avanceR = 2.000000, avanceI = 2.000000
inc_x_r = 0.000000, inc_y_r = 1.000000, inc_x_i = 1.000000, inc_y_i = 1.000000
En el else......

----------------------------------------
x = 56.000000, y = 241.000000
avance = -299.000000, avanceR = 2.000000, avanceI = 2.000000
inc_x_r = 0.000000, inc_y_r = 1.000000, inc_x_i = 1.000000, inc_y_i = 1.000000
En el else......

----------------------------------------
x = 56.000000, y = 242.000000
avance = -297.000000, avanceR = 2.000000, avanceI = 2.000000
inc_x_r = 0.000000, inc_y_r = 1.000000, inc_x_i = 1.000000, inc_y_i = 1.000000
En el else......

----------------------------------------
x = 56.000000, y = 243.000000
avance = -295.000000, avanceR = 2.000000, avanceI = 2.000000
inc_x_r = 0.000000, inc_y_r = 1.000000, inc_x_i = 1.000000, inc_y_i = 1.000000
En el else......

----------------------------------------
x = 56.000000, y = 244.000000
avance = -293.000000, avanceR = 2.000000, avanceI = 2.000000
inc_x_r = 0.000000, inc_y_r = 1.000000, inc_x_i = 1.000000, inc_y_i = 1.000000
En el else......

----------------------------------------
x = 56.000000, y = 245.000000
avance = -291.000000, avanceR = 2.000000, avanceI = 2.000000
inc_x_r = 0.000000, inc_y_r = 1.000000, inc_x_i = 1.000000, inc_y_i = 1.000000
En el else......

----------------------------------------
x = 56.000000, y = 246.000000
avance = -289.000000, avanceR = 2.000000, avanceI = 2.000000
inc_x_r = 0.000000, inc_y_r = 1.000000, inc_x_i = 1.000000, inc_y_i = 1.000000
En el else......

----------------------------------------
x = 56.000000, y = 247.000000
avance = -287.000000, avanceR = 2.000000, avanceI = 2.000000
inc_x_r = 0.000000, inc_y_r = 1.000000, inc_x_i = 1.000000, inc_y_i = 1.000000
En el else......

----------------------------------------
x = 56.000000, y = 248.000000
avance = -285.000000, avanceR = 2.000000, avanceI = 2.000000
inc_x_r = 0.000000, inc_y_r = 1.000000, inc_x_i = 1.000000, inc_y_i = 1.000000
En el else......

----------------------------------------
x = 56.000000, y = 249.000000
avance = -283.000000, avanceR = 2.000000, avanceI = 2.000000
inc_x_r = 0.000000, inc_y_r = 1.000000, inc_x_i = 1.000000, inc_y_i = 1.000000
En el else......

----------------------------------------
x = 56.000000, y = 250.000000
avance = -281.000000, avanceR = 2.000000, avanceI = 2.000000
inc_x_r = 0.000000, inc_y_r = 1.000000, inc_x_i = 1.000000, inc_y_i = 1.000000
En el else......

----------------------------------------
x = 56.000000, y = 251.000000
avance = -279.000000, avanceR = 2.000000, avanceI = 2.000000
inc_x_r = 0.000000, inc_y_r = 1.000000, inc_x_i = 1.000000, inc_y_i = 1.000000
En el else......

----------------------------------------
x = 56.000000, y = 252.000000
avance = -277.000000, avanceR = 2.000000, avanceI = 2.000000
inc_x_r = 0.000000, inc_y_r = 1.000000, inc_x_i = 1.000000, inc_y_i = 1.000000
En el else......

----------------------------------------
x = 56.000000, y = 253.000000
avance = -275.000000, avanceR = 2.000000, avanceI = 2.000000
inc_x_r = 0.000000, inc_y_r = 1.000000, inc_x_i = 1.000000, inc_y_i = 1.000000
En el else......

----------------------------------------
x = 56.000000, y = 254.000000
avance = -273.000000, avanceR = 2.000000, avanceI = 2.000000
inc_x_r = 0.000000, inc_y_r = 1.000000, inc_x_i = 1.000000, inc_y_i = 1.000000
En el else......

----------------------------------------
x = 56.000000, y = 255.000000
avance = -271.000000, avanceR = 2.000000, avanceI = 2.000000
inc_x_r = 0.000000, inc_y_r = 1.000000, inc_x_i = 1.000000, inc_y_i = 1.000000
En el else......

----------------------------------------
x = 56.000000, y = 256.000000
avance = -269.000000, avanceR = 2.000000, avanceI = 2.000000
inc_x_r = 0.000000, inc_y_r = 1.000000, inc_x_i = 1.000000, inc_y_i = 1.000000
En el else......

----------------------------------------
x = 56.000000, y = 257.000000
avance = -267.000000, avanceR = 2.000000, avanceI = 2.000000
inc_x_r = 0.000000, inc_y_r = 1.000000, inc_x_i = 1.000000, inc_y_i = 1.000000
En el else......

----------------------------------------
x = 56.000000, y = 258.000000
avance = -265.000000, avanceR = 2.000000, avanceI = 2.000000
inc_x_r = 0.000000, inc_y_r = 1.000000, inc_x_i = 1.000000, inc_y_i = 1.000000
En el else......

----------------------------------------
x = 56.000000, y = 259.000000
avance = -263.000000, avanceR = 2.000000, avanceI = 2.000000
inc_x_r = 0.000000, inc_y_r = 1.000000, inc_x_i = 1.000000, inc_y_i = 1.000000
En el else......

----------------------------------------
x = 56.000000, y = 260.000000
avance = -261.000000, avanceR = 2.000000, avanceI = 2.000000
inc_x_r = 0.000000, inc_y_r = 1.000000, inc_x_i = 1.000000, inc_y_i = 1.000000
En el else......

----------------------------------------
x = 56.000000, y = 261.000000
avance = -259.000000, avanceR = 2.000000, avanceI = 2.000000
inc_x_r = 0.000000, inc_y_r = 1.000000, inc_x_i = 1.000000, inc_y_i = 1.000000
En el else......

----------------------------------------
x = 56.000000, y = 262.000000
avance = -257.000000, avanceR = 2.000000, avanceI = 2.000000
inc_x_r = 0.000000, inc_y_r = 1.000000, inc_x_i = 1.000000, inc_y_i = 1.000000
En el else......

----------------------------------------
x = 56.000000, y = 263.000000
avance = -255.000000, avanceR = 2.000000, avanceI = 2.000000
inc_x_r = 0.000000, inc_y_r = 1.000000, inc_x_i = 1.000000, inc_y_i = 1.000000
En el else......

----------------------------------------
x = 56.000000, y = 264.000000
avance = -253.000000, avanceR = 2.000000, avanceI = 2.000000
inc_x_r = 0.000000, inc_y_r = 1.000000, inc_x_i = 1.000000, inc_y_i = 1.000000
En el else......

----------------------------------------
x = 56.000000, y = 265.000000
avance = -251.000000, avanceR = 2.000000, avanceI = 2.000000
inc_x_r = 0.000000, inc_y_r = 1.000000, inc_x_i = 1.000000, inc_y_i = 1.000000
En el else......

----------------------------------------


ENTRAMOS A BRESENHAMªªªª
x1 = 55.000000 - y1 = 15.000000 || x2 = 56.000000 - y2 = 266.000000
dy = 251.000000, dx = 1.000000
avances inclinados: inc_x_i = 1.000000, inc_y_i = 1.000000
updated: dy = 251.000000, dx = 1.000000
avances rectos: inc_x_r = 0.000000, inc_y_r 1.000000
reupdated: dy = 1.000000, dx = 251.000000
avanceR = 2.000000, avance -249.000000, avanceI 2.000000
----------------------------------------
x = 55.000000, y = 15.000000
avance = -249.000000, avanceR = 2.000000, avanceI = 2.000000
inc_x_r = 0.000000, inc_y_r = 1.000000, inc_x_i = 1.000000, inc_y_i = 1.000000
En el else......

----------------------------------------
x = 55.000000, y = 16.000000
avance = -247.000000, avanceR = 2.000000, avanceI = 2.000000
inc_x_r = 0.000000, inc_y_r = 1.000000, inc_x_i = 1.000000, inc_y_i = 1.000000
En el else......

----------------------------------------
x = 55.000000, y = 17.000000
avance = -245.000000, avanceR = 2.000000, avanceI = 2.000000
inc_x_r = 0.000000, inc_y_r = 1.000000, inc_x_i = 1.000000, inc_y_i = 1.000000
En el else......

----------------------------------------
x = 55.000000, y = 18.000000
avance = -243.000000, avanceR = 2.000000, avanceI = 2.000000
inc_x_r = 0.000000, inc_y_r = 1.000000, inc_x_i = 1.000000, inc_y_i = 1.000000
En el else......

----------------------------------------
x = 55.000000, y = 19.000000
avance = -241.000000, avanceR = 2.000000, avanceI = 2.000000
inc_x_r = 0.000000, inc_y_r = 1.000000, inc_x_i = 1.000000, inc_y_i = 1.000000
En el else......

----------------------------------------
x = 55.000000, y = 20.000000
avance = -239.000000, avanceR = 2.000000, avanceI = 2.000000
inc_x_r = 0.000000, inc_y_r = 1.000000, inc_x_i = 1.000000, inc_y_i = 1.000000
En el else......

----------------------------------------
x = 55.000000, y = 21.000000
avance = -237.000000, avanceR = 2.000000, avanceI = 2.000000
inc_x_r = 0.000000, inc_y_r = 1.000000, inc_x_i = 1.000000, inc_y_i = 1.000000
En el else......

----------------------------------------
x = 55.000000, y = 22.000000
avance = -235.000000, avanceR = 2.000000, avanceI = 2.000000
inc_x_r = 0.000000, inc_y_r = 1.000000, inc_x_i = 1.000000, inc_y_i = 1.000000
En el else......

----------------------------------------
x = 55.000000, y = 23.000000
avance = -233.000000, avanceR = 2.000000, avanceI = 2.000000
inc_x_r = 0.000000, inc_y_r = 1.000000, inc_x_i = 1.000000, inc_y_i = 1.000000
En el else......

----------------------------------------
x = 55.000000, y = 24.000000
avance = -231.000000, avanceR = 2.000000, avanceI = 2.000000
inc_x_r = 0.000000, inc_y_r = 1.000000, inc_x_i = 1.000000, inc_y_i = 1.000000
En el else......

----------------------------------------
x = 55.000000, y = 25.000000
avance = -229.000000, avanceR = 2.000000, avanceI = 2.000000
inc_x_r = 0.000000, inc_y_r = 1.000000, inc_x_i = 1.000000, inc_y_i = 1.000000
En el else......

----------------------------------------
x = 55.000000, y = 26.000000
avance = -227.000000, avanceR = 2.000000, avanceI = 2.000000
inc_x_r = 0.000000, inc_y_r = 1.000000, inc_x_i = 1.000000, inc_y_i = 1.000000
En el else......

----------------------------------------
x = 55.000000, y = 27.000000
avance = -225.000000, avanceR = 2.000000, avanceI = 2.000000
inc_x_r = 0.000000, inc_y_r = 1.000000, inc_x_i = 1.000000, inc_y_i = 1.000000
En el else......

----------------------------------------
x = 55.000000, y = 28.000000
avance = -223.000000, avanceR = 2.000000, avanceI = 2.000000
inc_x_r = 0.000000, inc_y_r = 1.000000, inc_x_i = 1.000000, inc_y_i = 1.000000
En el else......

----------------------------------------
x = 55.000000, y = 29.000000
avance = -221.000000, avanceR = 2.000000, avanceI = 2.000000
inc_x_r = 0.000000, inc_y_r = 1.000000, inc_x_i = 1.000000, inc_y_i = 1.000000
En el else......

----------------------------------------
x = 55.000000, y = 30.000000
avance = -219.000000, avanceR = 2.000000, avanceI = 2.000000
inc_x_r = 0.000000, inc_y_r = 1.000000, inc_x_i = 1.000000, inc_y_i = 1.000000
En el else......

----------------------------------------
x = 55.000000, y = 31.000000
avance = -217.000000, avanceR = 2.000000, avanceI = 2.000000
inc_x_r = 0.000000, inc_y_r = 1.000000, inc_x_i = 1.000000, inc_y_i = 1.000000
En el else......

----------------------------------------
x = 55.000000, y = 32.000000
avance = -215.000000, avanceR = 2.000000, avanceI = 2.000000
inc_x_r = 0.000000, inc_y_r = 1.000000, inc_x_i = 1.000000, inc_y_i = 1.000000
En el else......

----------------------------------------
x = 55.000000, y = 33.000000
avance = -213.000000, avanceR = 2.000000, avanceI = 2.000000
inc_x_r = 0.000000, inc_y_r = 1.000000, inc_x_i = 1.000000, inc_y_i = 1.000000
En el else......

----------------------------------------
x = 55.000000, y = 34.000000
avance = -211.000000, avanceR = 2.000000, avanceI = 2.000000
inc_x_r = 0.000000, inc_y_r = 1.000000, inc_x_i = 1.000000, inc_y_i = 1.000000
En el else......

----------------------------------------
x = 55.000000, y = 35.000000
avance = -209.000000, avanceR = 2.000000, avanceI = 2.000000
inc_x_r = 0.000000, inc_y_r = 1.000000, inc_x_i = 1.000000, inc_y_i = 1.000000
En el else......

----------------------------------------
x = 55.000000, y = 36.000000
avance = -207.000000, avanceR = 2.000000, avanceI = 2.000000
inc_x_r = 0.000000, inc_y_r = 1.000000, inc_x_i = 1.000000, inc_y_i = 1.000000
En el else......

----------------------------------------
x = 55.000000, y = 37.000000
avance = -205.000000, avanceR = 2.000000, avanceI = 2.000000
inc_x_r = 0.000000, inc_y_r = 1.000000, inc_x_i = 1.000000, inc_y_i = 1.000000
En el else......

----------------------------------------
x = 55.000000, y = 38.000000
avance = -203.000000, avanceR = 2.000000, avanceI = 2.000000
inc_x_r = 0.000000, inc_y_r = 1.000000, inc_x_i = 1.000000, inc_y_i = 1.000000
En el else......

----------------------------------------
x = 55.000000, y = 39.000000
avance = -201.000000, avanceR = 2.000000, avanceI = 2.000000
inc_x_r = 0.000000, inc_y_r = 1.000000, inc_x_i = 1.000000, inc_y_i = 1.000000
En el else......

----------------------------------------
x = 55.000000, y = 40.000000
avance = -199.000000, avanceR = 2.000000, avanceI = 2.000000
inc_x_r = 0.000000, inc_y_r = 1.000000, inc_x_i = 1.000000, inc_y_i = 1.000000
En el else......

----------------------------------------
x = 55.000000, y = 41.000000
avance = -197.000000, avanceR = 2.000000, avanceI = 2.000000
inc_x_r = 0.000000, inc_y_r = 1.000000, inc_x_i = 1.000000, inc_y_i = 1.000000
En el else......

----------------------------------------
x = 55.000000, y = 42.000000
avance = -195.000000, avanceR = 2.000000, avanceI = 2.000000
inc_x_r = 0.000000, inc_y_r = 1.000000, inc_x_i = 1.000000, inc_y_i = 1.000000
En el else......

----------------------------------------
x = 55.000000, y = 43.000000
avance = -193.000000, avanceR = 2.000000, avanceI = 2.000000
inc_x_r = 0.000000, inc_y_r = 1.000000, inc_x_i = 1.000000, inc_y_i = 1.000000
En el else......

----------------------------------------
x = 55.000000, y = 44.000000
avance = -191.000000, avanceR = 2.000000, avanceI = 2.000000
inc_x_r = 0.000000, inc_y_r = 1.000000, inc_x_i = 1.000000, inc_y_i = 1.000000
En el else......

----------------------------------------
x = 55.000000, y = 45.000000
avance = -189.000000, avanceR = 2.000000, avanceI = 2.000000
inc_x_r = 0.000000, inc_y_r = 1.000000, inc_x_i = 1.000000, inc_y_i = 1.000000
En el else......

----------------------------------------
x = 55.000000, y = 46.000000
avance = -187.000000, avanceR = 2.000000, avanceI = 2.000000
inc_x_r = 0.000000, inc_y_r = 1.000000, inc_x_i = 1.000000, inc_y_i = 1.000000
En el else......

----------------------------------------
x = 55.000000, y = 47.000000
avance = -185.000000, avanceR = 2.000000, avanceI = 2.000000
inc_x_r = 0.000000, inc_y_r = 1.000000, inc_x_i = 1.000000, inc_y_i = 1.000000
En el else......

----------------------------------------
x = 55.000000, y = 48.000000
avance = -183.000000, avanceR = 2.000000, avanceI = 2.000000
inc_x_r = 0.000000, inc_y_r = 1.000000, inc_x_i = 1.000000, inc_y_i = 1.000000
En el else......

----------------------------------------
x = 55.000000, y = 49.000000
avance = -181.000000, avanceR = 2.000000, avanceI = 2.000000
inc_x_r = 0.000000, inc_y_r = 1.000000, inc_x_i = 1.000000, inc_y_i = 1.000000
En el else......

----------------------------------------
x = 55.000000, y = 50.000000
avance = -179.000000, avanceR = 2.000000, avanceI = 2.000000
inc_x_r = 0.000000, inc_y_r = 1.000000, inc_x_i = 1.000000, inc_y_i = 1.000000
En el else......

----------------------------------------
x = 55.000000, y = 51.000000
avance = -177.000000, avanceR = 2.000000, avanceI = 2.000000
inc_x_r = 0.000000, inc_y_r = 1.000000, inc_x_i = 1.000000, inc_y_i = 1.000000
En el else......

----------------------------------------
x = 55.000000, y = 52.000000
avance = -175.000000, avanceR = 2.000000, avanceI = 2.000000
inc_x_r = 0.000000, inc_y_r = 1.000000, inc_x_i = 1.000000, inc_y_i = 1.000000
En el else......

----------------------------------------
x = 55.000000, y = 53.000000
avance = -173.000000, avanceR = 2.000000, avanceI = 2.000000
inc_x_r = 0.000000, inc_y_r = 1.000000, inc_x_i = 1.000000, inc_y_i = 1.000000
En el else......

----------------------------------------
x = 55.000000, y = 54.000000
avance = -171.000000, avanceR = 2.000000, avanceI = 2.000000
inc_x_r = 0.000000, inc_y_r = 1.000000, inc_x_i = 1.000000, inc_y_i = 1.000000
En el else......

----------------------------------------
x = 55.000000, y = 55.000000
avance = -169.000000, avanceR = 2.000000, avanceI = 2.000000
inc_x_r = 0.000000, inc_y_r = 1.000000, inc_x_i = 1.000000, inc_y_i = 1.000000
En el else......

----------------------------------------
x = 55.000000, y = 56.000000
avance = -167.000000, avanceR = 2.000000, avanceI = 2.000000
inc_x_r = 0.000000, inc_y_r = 1.000000, inc_x_i = 1.000000, inc_y_i = 1.000000
En el else......

----------------------------------------
x = 55.000000, y = 57.000000
avance = -165.000000, avanceR = 2.000000, avanceI = 2.000000
inc_x_r = 0.000000, inc_y_r = 1.000000, inc_x_i = 1.000000, inc_y_i = 1.000000
En el else......

----------------------------------------
x = 55.000000, y = 58.000000
avance = -163.000000, avanceR = 2.000000, avanceI = 2.000000
inc_x_r = 0.000000, inc_y_r = 1.000000, inc_x_i = 1.000000, inc_y_i = 1.000000
En el else......

----------------------------------------
x = 55.000000, y = 59.000000
avance = -161.000000, avanceR = 2.000000, avanceI = 2.000000
inc_x_r = 0.000000, inc_y_r = 1.000000, inc_x_i = 1.000000, inc_y_i = 1.000000
En el else......

----------------------------------------
x = 55.000000, y = 60.000000
avance = -159.000000, avanceR = 2.000000, avanceI = 2.000000
inc_x_r = 0.000000, inc_y_r = 1.000000, inc_x_i = 1.000000, inc_y_i = 1.000000
En el else......

----------------------------------------
x = 55.000000, y = 61.000000
avance = -157.000000, avanceR = 2.000000, avanceI = 2.000000
inc_x_r = 0.000000, inc_y_r = 1.000000, inc_x_i = 1.000000, inc_y_i = 1.000000
En el else......

----------------------------------------
x = 55.000000, y = 62.000000
avance = -155.000000, avanceR = 2.000000, avanceI = 2.000000
inc_x_r = 0.000000, inc_y_r = 1.000000, inc_x_i = 1.000000, inc_y_i = 1.000000
En el else......

----------------------------------------
x = 55.000000, y = 63.000000
avance = -153.000000, avanceR = 2.000000, avanceI = 2.000000
inc_x_r = 0.000000, inc_y_r = 1.000000, inc_x_i = 1.000000, inc_y_i = 1.000000
En el else......

----------------------------------------
x = 55.000000, y = 64.000000
avance = -151.000000, avanceR = 2.000000, avanceI = 2.000000
inc_x_r = 0.000000, inc_y_r = 1.000000, inc_x_i = 1.000000, inc_y_i = 1.000000
En el else......

----------------------------------------
x = 55.000000, y = 65.000000
avance = -149.000000, avanceR = 2.000000, avanceI = 2.000000
inc_x_r = 0.000000, inc_y_r = 1.000000, inc_x_i = 1.000000, inc_y_i = 1.000000
En el else......

----------------------------------------
x = 55.000000, y = 66.000000
avance = -147.000000, avanceR = 2.000000, avanceI = 2.000000
inc_x_r = 0.000000, inc_y_r = 1.000000, inc_x_i = 1.000000, inc_y_i = 1.000000
En el else......

----------------------------------------
x = 55.000000, y = 67.000000
avance = -145.000000, avanceR = 2.000000, avanceI = 2.000000
inc_x_r = 0.000000, inc_y_r = 1.000000, inc_x_i = 1.000000, inc_y_i = 1.000000
En el else......

----------------------------------------
x = 55.000000, y = 68.000000
avance = -143.000000, avanceR = 2.000000, avanceI = 2.000000
inc_x_r = 0.000000, inc_y_r = 1.000000, inc_x_i = 1.000000, inc_y_i = 1.000000
En el else......

----------------------------------------
x = 55.000000, y = 69.000000
avance = -141.000000, avanceR = 2.000000, avanceI = 2.000000
inc_x_r = 0.000000, inc_y_r = 1.000000, inc_x_i = 1.000000, inc_y_i = 1.000000
En el else......

----------------------------------------
x = 55.000000, y = 70.000000
avance = -139.000000, avanceR = 2.000000, avanceI = 2.000000
inc_x_r = 0.000000, inc_y_r = 1.000000, inc_x_i = 1.000000, inc_y_i = 1.000000
En el else......

----------------------------------------
x = 55.000000, y = 71.000000
avance = -137.000000, avanceR = 2.000000, avanceI = 2.000000
inc_x_r = 0.000000, inc_y_r = 1.000000, inc_x_i = 1.000000, inc_y_i = 1.000000
En el else......

----------------------------------------
x = 55.000000, y = 72.000000
avance = -135.000000, avanceR = 2.000000, avanceI = 2.000000
inc_x_r = 0.000000, inc_y_r = 1.000000, inc_x_i = 1.000000, inc_y_i = 1.000000
En el else......

----------------------------------------
x = 55.000000, y = 73.000000
avance = -133.000000, avanceR = 2.000000, avanceI = 2.000000
inc_x_r = 0.000000, inc_y_r = 1.000000, inc_x_i = 1.000000, inc_y_i = 1.000000
En el else......

----------------------------------------
x = 55.000000, y = 74.000000
avance = -131.000000, avanceR = 2.000000, avanceI = 2.000000
inc_x_r = 0.000000, inc_y_r = 1.000000, inc_x_i = 1.000000, inc_y_i = 1.000000
En el else......

----------------------------------------
x = 55.000000, y = 75.000000
avance = -129.000000, avanceR = 2.000000, avanceI = 2.000000
inc_x_r = 0.000000, inc_y_r = 1.000000, inc_x_i = 1.000000, inc_y_i = 1.000000
En el else......

----------------------------------------
x = 55.000000, y = 76.000000
avance = -127.000000, avanceR = 2.000000, avanceI = 2.000000
inc_x_r = 0.000000, inc_y_r = 1.000000, inc_x_i = 1.000000, inc_y_i = 1.000000
En el else......

----------------------------------------
x = 55.000000, y = 77.000000
avance = -125.000000, avanceR = 2.000000, avanceI = 2.000000
inc_x_r = 0.000000, inc_y_r = 1.000000, inc_x_i = 1.000000, inc_y_i = 1.000000
En el else......

----------------------------------------
x = 55.000000, y = 78.000000
avance = -123.000000, avanceR = 2.000000, avanceI = 2.000000
inc_x_r = 0.000000, inc_y_r = 1.000000, inc_x_i = 1.000000, inc_y_i = 1.000000
En el else......

----------------------------------------
x = 55.000000, y = 79.000000
avance = -121.000000, avanceR = 2.000000, avanceI = 2.000000
inc_x_r = 0.000000, inc_y_r = 1.000000, inc_x_i = 1.000000, inc_y_i = 1.000000
En el else......

----------------------------------------
x = 55.000000, y = 80.000000
avance = -119.000000, avanceR = 2.000000, avanceI = 2.000000
inc_x_r = 0.000000, inc_y_r = 1.000000, inc_x_i = 1.000000, inc_y_i = 1.000000
En el else......

----------------------------------------
x = 55.000000, y = 81.000000
avance = -117.000000, avanceR = 2.000000, avanceI = 2.000000
inc_x_r = 0.000000, inc_y_r = 1.000000, inc_x_i = 1.000000, inc_y_i = 1.000000
En el else......

----------------------------------------
x = 55.000000, y = 82.000000
avance = -115.000000, avanceR = 2.000000, avanceI = 2.000000
inc_x_r = 0.000000, inc_y_r = 1.000000, inc_x_i = 1.000000, inc_y_i = 1.000000
En el else......

----------------------------------------
x = 55.000000, y = 83.000000
avance = -113.000000, avanceR = 2.000000, avanceI = 2.000000
inc_x_r = 0.000000, inc_y_r = 1.000000, inc_x_i = 1.000000, inc_y_i = 1.000000
En el else......

----------------------------------------
x = 55.000000, y = 84.000000
avance = -111.000000, avanceR = 2.000000, avanceI = 2.000000
inc_x_r = 0.000000, inc_y_r = 1.000000, inc_x_i = 1.000000, inc_y_i = 1.000000
En el else......

----------------------------------------
x = 55.000000, y = 85.000000
avance = -109.000000, avanceR = 2.000000, avanceI = 2.000000
inc_x_r = 0.000000, inc_y_r = 1.000000, inc_x_i = 1.000000, inc_y_i = 1.000000
En el else......

----------------------------------------
x = 55.000000, y = 86.000000
avance = -107.000000, avanceR = 2.000000, avanceI = 2.000000
inc_x_r = 0.000000, inc_y_r = 1.000000, inc_x_i = 1.000000, inc_y_i = 1.000000
En el else......

----------------------------------------
x = 55.000000, y = 87.000000
avance = -105.000000, avanceR = 2.000000, avanceI = 2.000000
inc_x_r = 0.000000, inc_y_r = 1.000000, inc_x_i = 1.000000, inc_y_i = 1.000000
En el else......

----------------------------------------
x = 55.000000, y = 88.000000
avance = -103.000000, avanceR = 2.000000, avanceI = 2.000000
inc_x_r = 0.000000, inc_y_r = 1.000000, inc_x_i = 1.000000, inc_y_i = 1.000000
En el else......

----------------------------------------
x = 55.000000, y = 89.000000
avance = -101.000000, avanceR = 2.000000, avanceI = 2.000000
inc_x_r = 0.000000, inc_y_r = 1.000000, inc_x_i = 1.000000, inc_y_i = 1.000000
En el else......

----------------------------------------
x = 55.000000, y = 90.000000
avance = -99.000000, avanceR = 2.000000, avanceI = 2.000000
inc_x_r = 0.000000, inc_y_r = 1.000000, inc_x_i = 1.000000, inc_y_i = 1.000000
En el else......

----------------------------------------
x = 55.000000, y = 91.000000
avance = -97.000000, avanceR = 2.000000, avanceI = 2.000000
inc_x_r = 0.000000, inc_y_r = 1.000000, inc_x_i = 1.000000, inc_y_i = 1.000000
En el else......

----------------------------------------
x = 55.000000, y = 92.000000
avance = -95.000000, avanceR = 2.000000, avanceI = 2.000000
inc_x_r = 0.000000, inc_y_r = 1.000000, inc_x_i = 1.000000, inc_y_i = 1.000000
En el else......

----------------------------------------
x = 55.000000, y = 93.000000
avance = -93.000000, avanceR = 2.000000, avanceI = 2.000000
inc_x_r = 0.000000, inc_y_r = 1.000000, inc_x_i = 1.000000, inc_y_i = 1.000000
En el else......

----------------------------------------
x = 55.000000, y = 94.000000
avance = -91.000000, avanceR = 2.000000, avanceI = 2.000000
inc_x_r = 0.000000, inc_y_r = 1.000000, inc_x_i = 1.000000, inc_y_i = 1.000000
En el else......

----------------------------------------
x = 55.000000, y = 95.000000
avance = -89.000000, avanceR = 2.000000, avanceI = 2.000000
inc_x_r = 0.000000, inc_y_r = 1.000000, inc_x_i = 1.000000, inc_y_i = 1.000000
En el else......

----------------------------------------
x = 55.000000, y = 96.000000
avance = -87.000000, avanceR = 2.000000, avanceI = 2.000000
inc_x_r = 0.000000, inc_y_r = 1.000000, inc_x_i = 1.000000, inc_y_i = 1.000000
En el else......

----------------------------------------
x = 55.000000, y = 97.000000
avance = -85.000000, avanceR = 2.000000, avanceI = 2.000000
inc_x_r = 0.000000, inc_y_r = 1.000000, inc_x_i = 1.000000, inc_y_i = 1.000000
En el else......

----------------------------------------
x = 55.000000, y = 98.000000
avance = -83.000000, avanceR = 2.000000, avanceI = 2.000000
inc_x_r = 0.000000, inc_y_r = 1.000000, inc_x_i = 1.000000, inc_y_i = 1.000000
En el else......

----------------------------------------
x = 55.000000, y = 99.000000
avance = -81.000000, avanceR = 2.000000, avanceI = 2.000000
inc_x_r = 0.000000, inc_y_r = 1.000000, inc_x_i = 1.000000, inc_y_i = 1.000000
En el else......

----------------------------------------
x = 55.000000, y = 100.000000
avance = -79.000000, avanceR = 2.000000, avanceI = 2.000000
inc_x_r = 0.000000, inc_y_r = 1.000000, inc_x_i = 1.000000, inc_y_i = 1.000000
En el else......

----------------------------------------
x = 55.000000, y = 101.000000
avance = -77.000000, avanceR = 2.000000, avanceI = 2.000000
inc_x_r = 0.000000, inc_y_r = 1.000000, inc_x_i = 1.000000, inc_y_i = 1.000000
En el else......

----------------------------------------
x = 55.000000, y = 102.000000
avance = -75.000000, avanceR = 2.000000, avanceI = 2.000000
inc_x_r = 0.000000, inc_y_r = 1.000000, inc_x_i = 1.000000, inc_y_i = 1.000000
En el else......

----------------------------------------
x = 55.000000, y = 103.000000
avance = -73.000000, avanceR = 2.000000, avanceI = 2.000000
inc_x_r = 0.000000, inc_y_r = 1.000000, inc_x_i = 1.000000, inc_y_i = 1.000000
En el else......

----------------------------------------
x = 55.000000, y = 104.000000
avance = -71.000000, avanceR = 2.000000, avanceI = 2.000000
inc_x_r = 0.000000, inc_y_r = 1.000000, inc_x_i = 1.000000, inc_y_i = 1.000000
En el else......

----------------------------------------
x = 55.000000, y = 105.000000
avance = -69.000000, avanceR = 2.000000, avanceI = 2.000000
inc_x_r = 0.000000, inc_y_r = 1.000000, inc_x_i = 1.000000, inc_y_i = 1.000000
En el else......

----------------------------------------
x = 55.000000, y = 106.000000
avance = -67.000000, avanceR = 2.000000, avanceI = 2.000000
inc_x_r = 0.000000, inc_y_r = 1.000000, inc_x_i = 1.000000, inc_y_i = 1.000000
En el else......

----------------------------------------
x = 55.000000, y = 107.000000
avance = -65.000000, avanceR = 2.000000, avanceI = 2.000000
inc_x_r = 0.000000, inc_y_r = 1.000000, inc_x_i = 1.000000, inc_y_i = 1.000000
En el else......

----------------------------------------
x = 55.000000, y = 108.000000
avance = -63.000000, avanceR = 2.000000, avanceI = 2.000000
inc_x_r = 0.000000, inc_y_r = 1.000000, inc_x_i = 1.000000, inc_y_i = 1.000000
En el else......

----------------------------------------
x = 55.000000, y = 109.000000
avance = -61.000000, avanceR = 2.000000, avanceI = 2.000000
inc_x_r = 0.000000, inc_y_r = 1.000000, inc_x_i = 1.000000, inc_y_i = 1.000000
En el else......

----------------------------------------
x = 55.000000, y = 110.000000
avance = -59.000000, avanceR = 2.000000, avanceI = 2.000000
inc_x_r = 0.000000, inc_y_r = 1.000000, inc_x_i = 1.000000, inc_y_i = 1.000000
En el else......

----------------------------------------
x = 55.000000, y = 111.000000
avance = -57.000000, avanceR = 2.000000, avanceI = 2.000000
inc_x_r = 0.000000, inc_y_r = 1.000000, inc_x_i = 1.000000, inc_y_i = 1.000000
En el else......

----------------------------------------
x = 55.000000, y = 112.000000
avance = -55.000000, avanceR = 2.000000, avanceI = 2.000000
inc_x_r = 0.000000, inc_y_r = 1.000000, inc_x_i = 1.000000, inc_y_i = 1.000000
En el else......

----------------------------------------
x = 55.000000, y = 113.000000
avance = -53.000000, avanceR = 2.000000, avanceI = 2.000000
inc_x_r = 0.000000, inc_y_r = 1.000000, inc_x_i = 1.000000, inc_y_i = 1.000000
En el else......

----------------------------------------
x = 55.000000, y = 114.000000
avance = -51.000000, avanceR = 2.000000, avanceI = 2.000000
inc_x_r = 0.000000, inc_y_r = 1.000000, inc_x_i = 1.000000, inc_y_i = 1.000000
En el else......

----------------------------------------
x = 55.000000, y = 115.000000
avance = -49.000000, avanceR = 2.000000, avanceI = 2.000000
inc_x_r = 0.000000, inc_y_r = 1.000000, inc_x_i = 1.000000, inc_y_i = 1.000000
En el else......

----------------------------------------
x = 55.000000, y = 116.000000
avance = -47.000000, avanceR = 2.000000, avanceI = 2.000000
inc_x_r = 0.000000, inc_y_r = 1.000000, inc_x_i = 1.000000, inc_y_i = 1.000000
En el else......

----------------------------------------
x = 55.000000, y = 117.000000
avance = -45.000000, avanceR = 2.000000, avanceI = 2.000000
inc_x_r = 0.000000, inc_y_r = 1.000000, inc_x_i = 1.000000, inc_y_i = 1.000000
En el else......

----------------------------------------
x = 55.000000, y = 118.000000
avance = -43.000000, avanceR = 2.000000, avanceI = 2.000000
inc_x_r = 0.000000, inc_y_r = 1.000000, inc_x_i = 1.000000, inc_y_i = 1.000000
En el else......

----------------------------------------
x = 55.000000, y = 119.000000
avance = -41.000000, avanceR = 2.000000, avanceI = 2.000000
inc_x_r = 0.000000, inc_y_r = 1.000000, inc_x_i = 1.000000, inc_y_i = 1.000000
En el else......

----------------------------------------
x = 55.000000, y = 120.000000
avance = -39.000000, avanceR = 2.000000, avanceI = 2.000000
inc_x_r = 0.000000, inc_y_r = 1.000000, inc_x_i = 1.000000, inc_y_i = 1.000000
En el else......

----------------------------------------
x = 55.000000, y = 121.000000
avance = -37.000000, avanceR = 2.000000, avanceI = 2.000000
inc_x_r = 0.000000, inc_y_r = 1.000000, inc_x_i = 1.000000, inc_y_i = 1.000000
En el else......

----------------------------------------
x = 55.000000, y = 122.000000
avance = -35.000000, avanceR = 2.000000, avanceI = 2.000000
inc_x_r = 0.000000, inc_y_r = 1.000000, inc_x_i = 1.000000, inc_y_i = 1.000000
En el else......

----------------------------------------
x = 55.000000, y = 123.000000
avance = -33.000000, avanceR = 2.000000, avanceI = 2.000000
inc_x_r = 0.000000, inc_y_r = 1.000000, inc_x_i = 1.000000, inc_y_i = 1.000000
En el else......

----------------------------------------
x = 55.000000, y = 124.000000
avance = -31.000000, avanceR = 2.000000, avanceI = 2.000000
inc_x_r = 0.000000, inc_y_r = 1.000000, inc_x_i = 1.000000, inc_y_i = 1.000000
En el else......

----------------------------------------
x = 55.000000, y = 125.000000
avance = -29.000000, avanceR = 2.000000, avanceI = 2.000000
inc_x_r = 0.000000, inc_y_r = 1.000000, inc_x_i = 1.000000, inc_y_i = 1.000000
En el else......

----------------------------------------
x = 55.000000, y = 126.000000
avance = -27.000000, avanceR = 2.000000, avanceI = 2.000000
inc_x_r = 0.000000, inc_y_r = 1.000000, inc_x_i = 1.000000, inc_y_i = 1.000000
En el else......

----------------------------------------
x = 55.000000, y = 127.000000
avance = -25.000000, avanceR = 2.000000, avanceI = 2.000000
inc_x_r = 0.000000, inc_y_r = 1.000000, inc_x_i = 1.000000, inc_y_i = 1.000000
En el else......

----------------------------------------
x = 55.000000, y = 128.000000
avance = -23.000000, avanceR = 2.000000, avanceI = 2.000000
inc_x_r = 0.000000, inc_y_r = 1.000000, inc_x_i = 1.000000, inc_y_i = 1.000000
En el else......

----------------------------------------
x = 55.000000, y = 129.000000
avance = -21.000000, avanceR = 2.000000, avanceI = 2.000000
inc_x_r = 0.000000, inc_y_r = 1.000000, inc_x_i = 1.000000, inc_y_i = 1.000000
En el else......

----------------------------------------
x = 55.000000, y = 130.000000
avance = -19.000000, avanceR = 2.000000, avanceI = 2.000000
inc_x_r = 0.000000, inc_y_r = 1.000000, inc_x_i = 1.000000, inc_y_i = 1.000000
En el else......

----------------------------------------
x = 55.000000, y = 131.000000
avance = -17.000000, avanceR = 2.000000, avanceI = 2.000000
inc_x_r = 0.000000, inc_y_r = 1.000000, inc_x_i = 1.000000, inc_y_i = 1.000000
En el else......

----------------------------------------
x = 55.000000, y = 132.000000
avance = -15.000000, avanceR = 2.000000, avanceI = 2.000000
inc_x_r = 0.000000, inc_y_r = 1.000000, inc_x_i = 1.000000, inc_y_i = 1.000000
En el else......

----------------------------------------
x = 55.000000, y = 133.000000
avance = -13.000000, avanceR = 2.000000, avanceI = 2.000000
inc_x_r = 0.000000, inc_y_r = 1.000000, inc_x_i = 1.000000, inc_y_i = 1.000000
En el else......

----------------------------------------
x = 55.000000, y = 134.000000
avance = -11.000000, avanceR = 2.000000, avanceI = 2.000000
inc_x_r = 0.000000, inc_y_r = 1.000000, inc_x_i = 1.000000, inc_y_i = 1.000000
En el else......

----------------------------------------
x = 55.000000, y = 135.000000
avance = -9.000000, avanceR = 2.000000, avanceI = 2.000000
inc_x_r = 0.000000, inc_y_r = 1.000000, inc_x_i = 1.000000, inc_y_i = 1.000000
En el else......

----------------------------------------
x = 55.000000, y = 136.000000
avance = -7.000000, avanceR = 2.000000, avanceI = 2.000000
inc_x_r = 0.000000, inc_y_r = 1.000000, inc_x_i = 1.000000, inc_y_i = 1.000000
En el else......

----------------------------------------
x = 55.000000, y = 137.000000
avance = -5.000000, avanceR = 2.000000, avanceI = 2.000000
inc_x_r = 0.000000, inc_y_r = 1.000000, inc_x_i = 1.000000, inc_y_i = 1.000000
En el else......

----------------------------------------
x = 55.000000, y = 138.000000
avance = -3.000000, avanceR = 2.000000, avanceI = 2.000000
inc_x_r = 0.000000, inc_y_r = 1.000000, inc_x_i = 1.000000, inc_y_i = 1.000000
En el else......

----------------------------------------
x = 55.000000, y = 139.000000
avance = -1.000000, avanceR = 2.000000, avanceI = 2.000000
inc_x_r = 0.000000, inc_y_r = 1.000000, inc_x_i = 1.000000, inc_y_i = 1.000000
En el else......

----------------------------------------
x = 55.000000, y = 140.000000
avance = 1.000000, avanceR = 2.000000, avanceI = 2.000000
inc_x_r = 0.000000, inc_y_r = 1.000000, inc_x_i = 1.000000, inc_y_i = 1.000000
avance >= 0

----------------------------------------
x = 56.000000, y = 141.000000
avance = -499.000000, avanceR = 2.000000, avanceI = 2.000000
inc_x_r = 0.000000, inc_y_r = 1.000000, inc_x_i = 1.000000, inc_y_i = 1.000000
En el else......

----------------------------------------
x = 56.000000, y = 142.000000
avance = -497.000000, avanceR = 2.000000, avanceI = 2.000000
inc_x_r = 0.000000, inc_y_r = 1.000000, inc_x_i = 1.000000, inc_y_i = 1.000000
En el else......

----------------------------------------
x = 56.000000, y = 143.000000
avance = -495.000000, avanceR = 2.000000, avanceI = 2.000000
inc_x_r = 0.000000, inc_y_r = 1.000000, inc_x_i = 1.000000, inc_y_i = 1.000000
En el else......

----------------------------------------
x = 56.000000, y = 144.000000
avance = -493.000000, avanceR = 2.000000, avanceI = 2.000000
inc_x_r = 0.000000, inc_y_r = 1.000000, inc_x_i = 1.000000, inc_y_i = 1.000000
En el else......

----------------------------------------
x = 56.000000, y = 145.000000
avance = -491.000000, avanceR = 2.000000, avanceI = 2.000000
inc_x_r = 0.000000, inc_y_r = 1.000000, inc_x_i = 1.000000, inc_y_i = 1.000000
En el else......

----------------------------------------
x = 56.000000, y = 146.000000
avance = -489.000000, avanceR = 2.000000, avanceI = 2.000000
inc_x_r = 0.000000, inc_y_r = 1.000000, inc_x_i = 1.000000, inc_y_i = 1.000000
En el else......

----------------------------------------
x = 56.000000, y = 147.000000
avance = -487.000000, avanceR = 2.000000, avanceI = 2.000000
inc_x_r = 0.000000, inc_y_r = 1.000000, inc_x_i = 1.000000, inc_y_i = 1.000000
En el else......

----------------------------------------
x = 56.000000, y = 148.000000
avance = -485.000000, avanceR = 2.000000, avanceI = 2.000000
inc_x_r = 0.000000, inc_y_r = 1.000000, inc_x_i = 1.000000, inc_y_i = 1.000000
En el else......

----------------------------------------
x = 56.000000, y = 149.000000
avance = -483.000000, avanceR = 2.000000, avanceI = 2.000000
inc_x_r = 0.000000, inc_y_r = 1.000000, inc_x_i = 1.000000, inc_y_i = 1.000000
En el else......

----------------------------------------
x = 56.000000, y = 150.000000
avance = -481.000000, avanceR = 2.000000, avanceI = 2.000000
inc_x_r = 0.000000, inc_y_r = 1.000000, inc_x_i = 1.000000, inc_y_i = 1.000000
En el else......

----------------------------------------
x = 56.000000, y = 151.000000
avance = -479.000000, avanceR = 2.000000, avanceI = 2.000000
inc_x_r = 0.000000, inc_y_r = 1.000000, inc_x_i = 1.000000, inc_y_i = 1.000000
En el else......

----------------------------------------
x = 56.000000, y = 152.000000
avance = -477.000000, avanceR = 2.000000, avanceI = 2.000000
inc_x_r = 0.000000, inc_y_r = 1.000000, inc_x_i = 1.000000, inc_y_i = 1.000000
En el else......

----------------------------------------
x = 56.000000, y = 153.000000
avance = -475.000000, avanceR = 2.000000, avanceI = 2.000000
inc_x_r = 0.000000, inc_y_r = 1.000000, inc_x_i = 1.000000, inc_y_i = 1.000000
En el else......

----------------------------------------
x = 56.000000, y = 154.000000
avance = -473.000000, avanceR = 2.000000, avanceI = 2.000000
inc_x_r = 0.000000, inc_y_r = 1.000000, inc_x_i = 1.000000, inc_y_i = 1.000000
En el else......

----------------------------------------
x = 56.000000, y = 155.000000
avance = -471.000000, avanceR = 2.000000, avanceI = 2.000000
inc_x_r = 0.000000, inc_y_r = 1.000000, inc_x_i = 1.000000, inc_y_i = 1.000000
En el else......

----------------------------------------
x = 56.000000, y = 156.000000
avance = -469.000000, avanceR = 2.000000, avanceI = 2.000000
inc_x_r = 0.000000, inc_y_r = 1.000000, inc_x_i = 1.000000, inc_y_i = 1.000000
En el else......

----------------------------------------
x = 56.000000, y = 157.000000
avance = -467.000000, avanceR = 2.000000, avanceI = 2.000000
inc_x_r = 0.000000, inc_y_r = 1.000000, inc_x_i = 1.000000, inc_y_i = 1.000000
En el else......

----------------------------------------
x = 56.000000, y = 158.000000
avance = -465.000000, avanceR = 2.000000, avanceI = 2.000000
inc_x_r = 0.000000, inc_y_r = 1.000000, inc_x_i = 1.000000, inc_y_i = 1.000000
En el else......

----------------------------------------
x = 56.000000, y = 159.000000
avance = -463.000000, avanceR = 2.000000, avanceI = 2.000000
inc_x_r = 0.000000, inc_y_r = 1.000000, inc_x_i = 1.000000, inc_y_i = 1.000000
En el else......

----------------------------------------
x = 56.000000, y = 160.000000
avance = -461.000000, avanceR = 2.000000, avanceI = 2.000000
inc_x_r = 0.000000, inc_y_r = 1.000000, inc_x_i = 1.000000, inc_y_i = 1.000000
En el else......

----------------------------------------
x = 56.000000, y = 161.000000
avance = -459.000000, avanceR = 2.000000, avanceI = 2.000000
inc_x_r = 0.000000, inc_y_r = 1.000000, inc_x_i = 1.000000, inc_y_i = 1.000000
En el else......

----------------------------------------
x = 56.000000, y = 162.000000
avance = -457.000000, avanceR = 2.000000, avanceI = 2.000000
inc_x_r = 0.000000, inc_y_r = 1.000000, inc_x_i = 1.000000, inc_y_i = 1.000000
En el else......

----------------------------------------
x = 56.000000, y = 163.000000
avance = -455.000000, avanceR = 2.000000, avanceI = 2.000000
inc_x_r = 0.000000, inc_y_r = 1.000000, inc_x_i = 1.000000, inc_y_i = 1.000000
En el else......

----------------------------------------
x = 56.000000, y = 164.000000
avance = -453.000000, avanceR = 2.000000, avanceI = 2.000000
inc_x_r = 0.000000, inc_y_r = 1.000000, inc_x_i = 1.000000, inc_y_i = 1.000000
En el else......

----------------------------------------
x = 56.000000, y = 165.000000
avance = -451.000000, avanceR = 2.000000, avanceI = 2.000000
inc_x_r = 0.000000, inc_y_r = 1.000000, inc_x_i = 1.000000, inc_y_i = 1.000000
En el else......

----------------------------------------
x = 56.000000, y = 166.000000
avance = -449.000000, avanceR = 2.000000, avanceI = 2.000000
inc_x_r = 0.000000, inc_y_r = 1.000000, inc_x_i = 1.000000, inc_y_i = 1.000000
En el else......

----------------------------------------
x = 56.000000, y = 167.000000
avance = -447.000000, avanceR = 2.000000, avanceI = 2.000000
inc_x_r = 0.000000, inc_y_r = 1.000000, inc_x_i = 1.000000, inc_y_i = 1.000000
En el else......

----------------------------------------
x = 56.000000, y = 168.000000
avance = -445.000000, avanceR = 2.000000, avanceI = 2.000000
inc_x_r = 0.000000, inc_y_r = 1.000000, inc_x_i = 1.000000, inc_y_i = 1.000000
En el else......

----------------------------------------
x = 56.000000, y = 169.000000
avance = -443.000000, avanceR = 2.000000, avanceI = 2.000000
inc_x_r = 0.000000, inc_y_r = 1.000000, inc_x_i = 1.000000, inc_y_i = 1.000000
En el else......

----------------------------------------
x = 56.000000, y = 170.000000
avance = -441.000000, avanceR = 2.000000, avanceI = 2.000000
inc_x_r = 0.000000, inc_y_r = 1.000000, inc_x_i = 1.000000, inc_y_i = 1.000000
En el else......

----------------------------------------
x = 56.000000, y = 171.000000
avance = -439.000000, avanceR = 2.000000, avanceI = 2.000000
inc_x_r = 0.000000, inc_y_r = 1.000000, inc_x_i = 1.000000, inc_y_i = 1.000000
En el else......

----------------------------------------
x = 56.000000, y = 172.000000
avance = -437.000000, avanceR = 2.000000, avanceI = 2.000000
inc_x_r = 0.000000, inc_y_r = 1.000000, inc_x_i = 1.000000, inc_y_i = 1.000000
En el else......

----------------------------------------
x = 56.000000, y = 173.000000
avance = -435.000000, avanceR = 2.000000, avanceI = 2.000000
inc_x_r = 0.000000, inc_y_r = 1.000000, inc_x_i = 1.000000, inc_y_i = 1.000000
En el else......

----------------------------------------
x = 56.000000, y = 174.000000
avance = -433.000000, avanceR = 2.000000, avanceI = 2.000000
inc_x_r = 0.000000, inc_y_r = 1.000000, inc_x_i = 1.000000, inc_y_i = 1.000000
En el else......

----------------------------------------
x = 56.000000, y = 175.000000
avance = -431.000000, avanceR = 2.000000, avanceI = 2.000000
inc_x_r = 0.000000, inc_y_r = 1.000000, inc_x_i = 1.000000, inc_y_i = 1.000000
En el else......

----------------------------------------
x = 56.000000, y = 176.000000
avance = -429.000000, avanceR = 2.000000, avanceI = 2.000000
inc_x_r = 0.000000, inc_y_r = 1.000000, inc_x_i = 1.000000, inc_y_i = 1.000000
En el else......

----------------------------------------
x = 56.000000, y = 177.000000
avance = -427.000000, avanceR = 2.000000, avanceI = 2.000000
inc_x_r = 0.000000, inc_y_r = 1.000000, inc_x_i = 1.000000, inc_y_i = 1.000000
En el else......

----------------------------------------
x = 56.000000, y = 178.000000
avance = -425.000000, avanceR = 2.000000, avanceI = 2.000000
inc_x_r = 0.000000, inc_y_r = 1.000000, inc_x_i = 1.000000, inc_y_i = 1.000000
En el else......

----------------------------------------
x = 56.000000, y = 179.000000
avance = -423.000000, avanceR = 2.000000, avanceI = 2.000000
inc_x_r = 0.000000, inc_y_r = 1.000000, inc_x_i = 1.000000, inc_y_i = 1.000000
En el else......

----------------------------------------
x = 56.000000, y = 180.000000
avance = -421.000000, avanceR = 2.000000, avanceI = 2.000000
inc_x_r = 0.000000, inc_y_r = 1.000000, inc_x_i = 1.000000, inc_y_i = 1.000000
En el else......

----------------------------------------
x = 56.000000, y = 181.000000
avance = -419.000000, avanceR = 2.000000, avanceI = 2.000000
inc_x_r = 0.000000, inc_y_r = 1.000000, inc_x_i = 1.000000, inc_y_i = 1.000000
En el else......

----------------------------------------
x = 56.000000, y = 182.000000
avance = -417.000000, avanceR = 2.000000, avanceI = 2.000000
inc_x_r = 0.000000, inc_y_r = 1.000000, inc_x_i = 1.000000, inc_y_i = 1.000000
En el else......

----------------------------------------
x = 56.000000, y = 183.000000
avance = -415.000000, avanceR = 2.000000, avanceI = 2.000000
inc_x_r = 0.000000, inc_y_r = 1.000000, inc_x_i = 1.000000, inc_y_i = 1.000000
En el else......

----------------------------------------
x = 56.000000, y = 184.000000
avance = -413.000000, avanceR = 2.000000, avanceI = 2.000000
inc_x_r = 0.000000, inc_y_r = 1.000000, inc_x_i = 1.000000, inc_y_i = 1.000000
En el else......

----------------------------------------
x = 56.000000, y = 185.000000
avance = -411.000000, avanceR = 2.000000, avanceI = 2.000000
inc_x_r = 0.000000, inc_y_r = 1.000000, inc_x_i = 1.000000, inc_y_i = 1.000000
En el else......

----------------------------------------
x = 56.000000, y = 186.000000
avance = -409.000000, avanceR = 2.000000, avanceI = 2.000000
inc_x_r = 0.000000, inc_y_r = 1.000000, inc_x_i = 1.000000, inc_y_i = 1.000000
En el else......

----------------------------------------
x = 56.000000, y = 187.000000
avance = -407.000000, avanceR = 2.000000, avanceI = 2.000000
inc_x_r = 0.000000, inc_y_r = 1.000000, inc_x_i = 1.000000, inc_y_i = 1.000000
En el else......

----------------------------------------
x = 56.000000, y = 188.000000
avance = -405.000000, avanceR = 2.000000, avanceI = 2.000000
inc_x_r = 0.000000, inc_y_r = 1.000000, inc_x_i = 1.000000, inc_y_i = 1.000000
En el else......

----------------------------------------
x = 56.000000, y = 189.000000
avance = -403.000000, avanceR = 2.000000, avanceI = 2.000000
inc_x_r = 0.000000, inc_y_r = 1.000000, inc_x_i = 1.000000, inc_y_i = 1.000000
En el else......

----------------------------------------
x = 56.000000, y = 190.000000
avance = -401.000000, avanceR = 2.000000, avanceI = 2.000000
inc_x_r = 0.000000, inc_y_r = 1.000000, inc_x_i = 1.000000, inc_y_i = 1.000000
En el else......

----------------------------------------
x = 56.000000, y = 191.000000
avance = -399.000000, avanceR = 2.000000, avanceI = 2.000000
inc_x_r = 0.000000, inc_y_r = 1.000000, inc_x_i = 1.000000, inc_y_i = 1.000000
En el else......

----------------------------------------
x = 56.000000, y = 192.000000
avance = -397.000000, avanceR = 2.000000, avanceI = 2.000000
inc_x_r = 0.000000, inc_y_r = 1.000000, inc_x_i = 1.000000, inc_y_i = 1.000000
En el else......

----------------------------------------
x = 56.000000, y = 193.000000
avance = -395.000000, avanceR = 2.000000, avanceI = 2.000000
inc_x_r = 0.000000, inc_y_r = 1.000000, inc_x_i = 1.000000, inc_y_i = 1.000000
En el else......

----------------------------------------
x = 56.000000, y = 194.000000
avance = -393.000000, avanceR = 2.000000, avanceI = 2.000000
inc_x_r = 0.000000, inc_y_r = 1.000000, inc_x_i = 1.000000, inc_y_i = 1.000000
En el else......

----------------------------------------
x = 56.000000, y = 195.000000
avance = -391.000000, avanceR = 2.000000, avanceI = 2.000000
inc_x_r = 0.000000, inc_y_r = 1.000000, inc_x_i = 1.000000, inc_y_i = 1.000000
En el else......

----------------------------------------
x = 56.000000, y = 196.000000
avance = -389.000000, avanceR = 2.000000, avanceI = 2.000000
inc_x_r = 0.000000, inc_y_r = 1.000000, inc_x_i = 1.000000, inc_y_i = 1.000000
En el else......

----------------------------------------
x = 56.000000, y = 197.000000
avance = -387.000000, avanceR = 2.000000, avanceI = 2.000000
inc_x_r = 0.000000, inc_y_r = 1.000000, inc_x_i = 1.000000, inc_y_i = 1.000000
En el else......

----------------------------------------
x = 56.000000, y = 198.000000
avance = -385.000000, avanceR = 2.000000, avanceI = 2.000000
inc_x_r = 0.000000, inc_y_r = 1.000000, inc_x_i = 1.000000, inc_y_i = 1.000000
En el else......

----------------------------------------
x = 56.000000, y = 199.000000
avance = -383.000000, avanceR = 2.000000, avanceI = 2.000000
inc_x_r = 0.000000, inc_y_r = 1.000000, inc_x_i = 1.000000, inc_y_i = 1.000000
En el else......

----------------------------------------
x = 56.000000, y = 200.000000
avance = -381.000000, avanceR = 2.000000, avanceI = 2.000000
inc_x_r = 0.000000, inc_y_r = 1.000000, inc_x_i = 1.000000, inc_y_i = 1.000000
En el else......

----------------------------------------
x = 56.000000, y = 201.000000
avance = -379.000000, avanceR = 2.000000, avanceI = 2.000000
inc_x_r = 0.000000, inc_y_r = 1.000000, inc_x_i = 1.000000, inc_y_i = 1.000000
En el else......

----------------------------------------
x = 56.000000, y = 202.000000
avance = -377.000000, avanceR = 2.000000, avanceI = 2.000000
inc_x_r = 0.000000, inc_y_r = 1.000000, inc_x_i = 1.000000, inc_y_i = 1.000000
En el else......

----------------------------------------
x = 56.000000, y = 203.000000
avance = -375.000000, avanceR = 2.000000, avanceI = 2.000000
inc_x_r = 0.000000, inc_y_r = 1.000000, inc_x_i = 1.000000, inc_y_i = 1.000000
En el else......

----------------------------------------
x = 56.000000, y = 204.000000
avance = -373.000000, avanceR = 2.000000, avanceI = 2.000000
inc_x_r = 0.000000, inc_y_r = 1.000000, inc_x_i = 1.000000, inc_y_i = 1.000000
En el else......

----------------------------------------
x = 56.000000, y = 205.000000
avance = -371.000000, avanceR = 2.000000, avanceI = 2.000000
inc_x_r = 0.000000, inc_y_r = 1.000000, inc_x_i = 1.000000, inc_y_i = 1.000000
En el else......

----------------------------------------
x = 56.000000, y = 206.000000
avance = -369.000000, avanceR = 2.000000, avanceI = 2.000000
inc_x_r = 0.000000, inc_y_r = 1.000000, inc_x_i = 1.000000, inc_y_i = 1.000000
En el else......

----------------------------------------
x = 56.000000, y = 207.000000
avance = -367.000000, avanceR = 2.000000, avanceI = 2.000000
inc_x_r = 0.000000, inc_y_r = 1.000000, inc_x_i = 1.000000, inc_y_i = 1.000000
En el else......

----------------------------------------
x = 56.000000, y = 208.000000
avance = -365.000000, avanceR = 2.000000, avanceI = 2.000000
inc_x_r = 0.000000, inc_y_r = 1.000000, inc_x_i = 1.000000, inc_y_i = 1.000000
En el else......

----------------------------------------
x = 56.000000, y = 209.000000
avance = -363.000000, avanceR = 2.000000, avanceI = 2.000000
inc_x_r = 0.000000, inc_y_r = 1.000000, inc_x_i = 1.000000, inc_y_i = 1.000000
En el else......

----------------------------------------
x = 56.000000, y = 210.000000
avance = -361.000000, avanceR = 2.000000, avanceI = 2.000000
inc_x_r = 0.000000, inc_y_r = 1.000000, inc_x_i = 1.000000, inc_y_i = 1.000000
En el else......

----------------------------------------
x = 56.000000, y = 211.000000
avance = -359.000000, avanceR = 2.000000, avanceI = 2.000000
inc_x_r = 0.000000, inc_y_r = 1.000000, inc_x_i = 1.000000, inc_y_i = 1.000000
En el else......

----------------------------------------
x = 56.000000, y = 212.000000
avance = -357.000000, avanceR = 2.000000, avanceI = 2.000000
inc_x_r = 0.000000, inc_y_r = 1.000000, inc_x_i = 1.000000, inc_y_i = 1.000000
En el else......

----------------------------------------
x = 56.000000, y = 213.000000
avance = -355.000000, avanceR = 2.000000, avanceI = 2.000000
inc_x_r = 0.000000, inc_y_r = 1.000000, inc_x_i = 1.000000, inc_y_i = 1.000000
En el else......

----------------------------------------
x = 56.000000, y = 214.000000
avance = -353.000000, avanceR = 2.000000, avanceI = 2.000000
inc_x_r = 0.000000, inc_y_r = 1.000000, inc_x_i = 1.000000, inc_y_i = 1.000000
En el else......

----------------------------------------
x = 56.000000, y = 215.000000
avance = -351.000000, avanceR = 2.000000, avanceI = 2.000000
inc_x_r = 0.000000, inc_y_r = 1.000000, inc_x_i = 1.000000, inc_y_i = 1.000000
En el else......

----------------------------------------
x = 56.000000, y = 216.000000
avance = -349.000000, avanceR = 2.000000, avanceI = 2.000000
inc_x_r = 0.000000, inc_y_r = 1.000000, inc_x_i = 1.000000, inc_y_i = 1.000000
En el else......

----------------------------------------
x = 56.000000, y = 217.000000
avance = -347.000000, avanceR = 2.000000, avanceI = 2.000000
inc_x_r = 0.000000, inc_y_r = 1.000000, inc_x_i = 1.000000, inc_y_i = 1.000000
En el else......

----------------------------------------
x = 56.000000, y = 218.000000
avance = -345.000000, avanceR = 2.000000, avanceI = 2.000000
inc_x_r = 0.000000, inc_y_r = 1.000000, inc_x_i = 1.000000, inc_y_i = 1.000000
En el else......

----------------------------------------
x = 56.000000, y = 219.000000
avance = -343.000000, avanceR = 2.000000, avanceI = 2.000000
inc_x_r = 0.000000, inc_y_r = 1.000000, inc_x_i = 1.000000, inc_y_i = 1.000000
En el else......

----------------------------------------
x = 56.000000, y = 220.000000
avance = -341.000000, avanceR = 2.000000, avanceI = 2.000000
inc_x_r = 0.000000, inc_y_r = 1.000000, inc_x_i = 1.000000, inc_y_i = 1.000000
En el else......

----------------------------------------
x = 56.000000, y = 221.000000
avance = -339.000000, avanceR = 2.000000, avanceI = 2.000000
inc_x_r = 0.000000, inc_y_r = 1.000000, inc_x_i = 1.000000, inc_y_i = 1.000000
En el else......

----------------------------------------
x = 56.000000, y = 222.000000
avance = -337.000000, avanceR = 2.000000, avanceI = 2.000000
inc_x_r = 0.000000, inc_y_r = 1.000000, inc_x_i = 1.000000, inc_y_i = 1.000000
En el else......

----------------------------------------
x = 56.000000, y = 223.000000
avance = -335.000000, avanceR = 2.000000, avanceI = 2.000000
inc_x_r = 0.000000, inc_y_r = 1.000000, inc_x_i = 1.000000, inc_y_i = 1.000000
En el else......

----------------------------------------
x = 56.000000, y = 224.000000
avance = -333.000000, avanceR = 2.000000, avanceI = 2.000000
inc_x_r = 0.000000, inc_y_r = 1.000000, inc_x_i = 1.000000, inc_y_i = 1.000000
En el else......

----------------------------------------
x = 56.000000, y = 225.000000
avance = -331.000000, avanceR = 2.000000, avanceI = 2.000000
inc_x_r = 0.000000, inc_y_r = 1.000000, inc_x_i = 1.000000, inc_y_i = 1.000000
En el else......

----------------------------------------
x = 56.000000, y = 226.000000
avance = -329.000000, avanceR = 2.000000, avanceI = 2.000000
inc_x_r = 0.000000, inc_y_r = 1.000000, inc_x_i = 1.000000, inc_y_i = 1.000000
En el else......

----------------------------------------
x = 56.000000, y = 227.000000
avance = -327.000000, avanceR = 2.000000, avanceI = 2.000000
inc_x_r = 0.000000, inc_y_r = 1.000000, inc_x_i = 1.000000, inc_y_i = 1.000000
En el else......

----------------------------------------
x = 56.000000, y = 228.000000
avance = -325.000000, avanceR = 2.000000, avanceI = 2.000000
inc_x_r = 0.000000, inc_y_r = 1.000000, inc_x_i = 1.000000, inc_y_i = 1.000000
En el else......

----------------------------------------
x = 56.000000, y = 229.000000
avance = -323.000000, avanceR = 2.000000, avanceI = 2.000000
inc_x_r = 0.000000, inc_y_r = 1.000000, inc_x_i = 1.000000, inc_y_i = 1.000000
En el else......

----------------------------------------
x = 56.000000, y = 230.000000
avance = -321.000000, avanceR = 2.000000, avanceI = 2.000000
inc_x_r = 0.000000, inc_y_r = 1.000000, inc_x_i = 1.000000, inc_y_i = 1.000000
En el else......

----------------------------------------
x = 56.000000, y = 231.000000
avance = -319.000000, avanceR = 2.000000, avanceI = 2.000000
inc_x_r = 0.000000, inc_y_r = 1.000000, inc_x_i = 1.000000, inc_y_i = 1.000000
En el else......

----------------------------------------
x = 56.000000, y = 232.000000
avance = -317.000000, avanceR = 2.000000, avanceI = 2.000000
inc_x_r = 0.000000, inc_y_r = 1.000000, inc_x_i = 1.000000, inc_y_i = 1.000000
En el else......

----------------------------------------
x = 56.000000, y = 233.000000
avance = -315.000000, avanceR = 2.000000, avanceI = 2.000000
inc_x_r = 0.000000, inc_y_r = 1.000000, inc_x_i = 1.000000, inc_y_i = 1.000000
En el else......

----------------------------------------
x = 56.000000, y = 234.000000
avance = -313.000000, avanceR = 2.000000, avanceI = 2.000000
inc_x_r = 0.000000, inc_y_r = 1.000000, inc_x_i = 1.000000, inc_y_i = 1.000000
En el else......

----------------------------------------
x = 56.000000, y = 235.000000
avance = -311.000000, avanceR = 2.000000, avanceI = 2.000000
inc_x_r = 0.000000, inc_y_r = 1.000000, inc_x_i = 1.000000, inc_y_i = 1.000000
En el else......

----------------------------------------
x = 56.000000, y = 236.000000
avance = -309.000000, avanceR = 2.000000, avanceI = 2.000000
inc_x_r = 0.000000, inc_y_r = 1.000000, inc_x_i = 1.000000, inc_y_i = 1.000000
En el else......

----------------------------------------
x = 56.000000, y = 237.000000
avance = -307.000000, avanceR = 2.000000, avanceI = 2.000000
inc_x_r = 0.000000, inc_y_r = 1.000000, inc_x_i = 1.000000, inc_y_i = 1.000000
En el else......

----------------------------------------
x = 56.000000, y = 238.000000
avance = -305.000000, avanceR = 2.000000, avanceI = 2.000000
inc_x_r = 0.000000, inc_y_r = 1.000000, inc_x_i = 1.000000, inc_y_i = 1.000000
En el else......

----------------------------------------
x = 56.000000, y = 239.000000
avance = -303.000000, avanceR = 2.000000, avanceI = 2.000000
inc_x_r = 0.000000, inc_y_r = 1.000000, inc_x_i = 1.000000, inc_y_i = 1.000000
En el else......

----------------------------------------
x = 56.000000, y = 240.000000
avance = -301.000000, avanceR = 2.000000, avanceI = 2.000000
inc_x_r = 0.000000, inc_y_r = 1.000000, inc_x_i = 1.000000, inc_y_i = 1.000000
En el else......

----------------------------------------
x = 56.000000, y = 241.000000
avance = -299.000000, avanceR = 2.000000, avanceI = 2.000000
inc_x_r = 0.000000, inc_y_r = 1.000000, inc_x_i = 1.000000, inc_y_i = 1.000000
En el else......

----------------------------------------
x = 56.000000, y = 242.000000
avance = -297.000000, avanceR = 2.000000, avanceI = 2.000000
inc_x_r = 0.000000, inc_y_r = 1.000000, inc_x_i = 1.000000, inc_y_i = 1.000000
En el else......

----------------------------------------
x = 56.000000, y = 243.000000
avance = -295.000000, avanceR = 2.000000, avanceI = 2.000000
inc_x_r = 0.000000, inc_y_r = 1.000000, inc_x_i = 1.000000, inc_y_i = 1.000000
En el else......

----------------------------------------
x = 56.000000, y = 244.000000
avance = -293.000000, avanceR = 2.000000, avanceI = 2.000000
inc_x_r = 0.000000, inc_y_r = 1.000000, inc_x_i = 1.000000, inc_y_i = 1.000000
En el else......

----------------------------------------
x = 56.000000, y = 245.000000
avance = -291.000000, avanceR = 2.000000, avanceI = 2.000000
inc_x_r = 0.000000, inc_y_r = 1.000000, inc_x_i = 1.000000, inc_y_i = 1.000000
En el else......

----------------------------------------
x = 56.000000, y = 246.000000
avance = -289.000000, avanceR = 2.000000, avanceI = 2.000000
inc_x_r = 0.000000, inc_y_r = 1.000000, inc_x_i = 1.000000, inc_y_i = 1.000000
En el else......

----------------------------------------
x = 56.000000, y = 247.000000
avance = -287.000000, avanceR = 2.000000, avanceI = 2.000000
inc_x_r = 0.000000, inc_y_r = 1.000000, inc_x_i = 1.000000, inc_y_i = 1.000000
En el else......

----------------------------------------
x = 56.000000, y = 248.000000
avance = -285.000000, avanceR = 2.000000, avanceI = 2.000000
inc_x_r = 0.000000, inc_y_r = 1.000000, inc_x_i = 1.000000, inc_y_i = 1.000000
En el else......

----------------------------------------
x = 56.000000, y = 249.000000
avance = -283.000000, avanceR = 2.000000, avanceI = 2.000000
inc_x_r = 0.000000, inc_y_r = 1.000000, inc_x_i = 1.000000, inc_y_i = 1.000000
En el else......

----------------------------------------
x = 56.000000, y = 250.000000
avance = -281.000000, avanceR = 2.000000, avanceI = 2.000000
inc_x_r = 0.000000, inc_y_r = 1.000000, inc_x_i = 1.000000, inc_y_i = 1.000000
En el else......

----------------------------------------
x = 56.000000, y = 251.000000
avance = -279.000000, avanceR = 2.000000, avanceI = 2.000000
inc_x_r = 0.000000, inc_y_r = 1.000000, inc_x_i = 1.000000, inc_y_i = 1.000000
En el else......

----------------------------------------
x = 56.000000, y = 252.000000
avance = -277.000000, avanceR = 2.000000, avanceI = 2.000000
inc_x_r = 0.000000, inc_y_r = 1.000000, inc_x_i = 1.000000, inc_y_i = 1.000000
En el else......

----------------------------------------
x = 56.000000, y = 253.000000
avance = -275.000000, avanceR = 2.000000, avanceI = 2.000000
inc_x_r = 0.000000, inc_y_r = 1.000000, inc_x_i = 1.000000, inc_y_i = 1.000000
En el else......

----------------------------------------
x = 56.000000, y = 254.000000
avance = -273.000000, avanceR = 2.000000, avanceI = 2.000000
inc_x_r = 0.000000, inc_y_r = 1.000000, inc_x_i = 1.000000, inc_y_i = 1.000000
En el else......

----------------------------------------
x = 56.000000, y = 255.000000
avance = -271.000000, avanceR = 2.000000, avanceI = 2.000000
inc_x_r = 0.000000, inc_y_r = 1.000000, inc_x_i = 1.000000, inc_y_i = 1.000000
En el else......

----------------------------------------
x = 56.000000, y = 256.000000
avance = -269.000000, avanceR = 2.000000, avanceI = 2.000000
inc_x_r = 0.000000, inc_y_r = 1.000000, inc_x_i = 1.000000, inc_y_i = 1.000000
En el else......

----------------------------------------
x = 56.000000, y = 257.000000
avance = -267.000000, avanceR = 2.000000, avanceI = 2.000000
inc_x_r = 0.000000, inc_y_r = 1.000000, inc_x_i = 1.000000, inc_y_i = 1.000000
En el else......

----------------------------------------
x = 56.000000, y = 258.000000
avance = -265.000000, avanceR = 2.000000, avanceI = 2.000000
inc_x_r = 0.000000, inc_y_r = 1.000000, inc_x_i = 1.000000, inc_y_i = 1.000000
En el else......

----------------------------------------
x = 56.000000, y = 259.000000
avance = -263.000000, avanceR = 2.000000, avanceI = 2.000000
inc_x_r = 0.000000, inc_y_r = 1.000000, inc_x_i = 1.000000, inc_y_i = 1.000000
En el else......

----------------------------------------
x = 56.000000, y = 260.000000
avance = -261.000000, avanceR = 2.000000, avanceI = 2.000000
inc_x_r = 0.000000, inc_y_r = 1.000000, inc_x_i = 1.000000, inc_y_i = 1.000000
En el else......

----------------------------------------
x = 56.000000, y = 261.000000
avance = -259.000000, avanceR = 2.000000, avanceI = 2.000000
inc_x_r = 0.000000, inc_y_r = 1.000000, inc_x_i = 1.000000, inc_y_i = 1.000000
En el else......

----------------------------------------
x = 56.000000, y = 262.000000
avance = -257.000000, avanceR = 2.000000, avanceI = 2.000000
inc_x_r = 0.000000, inc_y_r = 1.000000, inc_x_i = 1.000000, inc_y_i = 1.000000
En el else......

----------------------------------------
x = 56.000000, y = 263.000000
avance = -255.000000, avanceR = 2.000000, avanceI = 2.000000
inc_x_r = 0.000000, inc_y_r = 1.000000, inc_x_i = 1.000000, inc_y_i = 1.000000
En el else......

----------------------------------------
x = 56.000000, y = 264.000000
avance = -253.000000, avanceR = 2.000000, avanceI = 2.000000
inc_x_r = 0.000000, inc_y_r = 1.000000, inc_x_i = 1.000000, inc_y_i = 1.000000
En el else......

----------------------------------------
x = 56.000000, y = 265.000000
avance = -251.000000, avanceR = 2.000000, avanceI = 2.000000
inc_x_r = 0.000000, inc_y_r = 1.000000, inc_x_i = 1.000000, inc_y_i = 1.000000
En el else......

----------------------------------------


ENTRAMOS A BRESENHAMªªªª
x1 = 55.000000 - y1 = 15.000000 || x2 = 56.000000 - y2 = 266.000000
dy = 251.000000, dx = 1.000000
avances inclinados: inc_x_i = 1.000000, inc_y_i = 1.000000
updated: dy = 251.000000, dx = 1.000000
avances rectos: inc_x_r = 0.000000, inc_y_r 1.000000
reupdated: dy = 1.000000, dx = 251.000000
avanceR = 2.000000, avance -249.000000, avanceI 2.000000
----------------------------------------
x = 55.000000, y = 15.000000
avance = -249.000000, avanceR = 2.000000, avanceI = 2.000000
inc_x_r = 0.000000, inc_y_r = 1.000000, inc_x_i = 1.000000, inc_y_i = 1.000000
En el else......

----------------------------------------
x = 55.000000, y = 16.000000
avance = -247.000000, avanceR = 2.000000, avanceI = 2.000000
inc_x_r = 0.000000, inc_y_r = 1.000000, inc_x_i = 1.000000, inc_y_i = 1.000000
En el else......

----------------------------------------
x = 55.000000, y = 17.000000
avance = -245.000000, avanceR = 2.000000, avanceI = 2.000000
inc_x_r = 0.000000, inc_y_r = 1.000000, inc_x_i = 1.000000, inc_y_i = 1.000000
En el else......

----------------------------------------
x = 55.000000, y = 18.000000
avance = -243.000000, avanceR = 2.000000, avanceI = 2.000000
inc_x_r = 0.000000, inc_y_r = 1.000000, inc_x_i = 1.000000, inc_y_i = 1.000000
En el else......

----------------------------------------
x = 55.000000, y = 19.000000
avance = -241.000000, avanceR = 2.000000, avanceI = 2.000000
inc_x_r = 0.000000, inc_y_r = 1.000000, inc_x_i = 1.000000, inc_y_i = 1.000000
En el else......

----------------------------------------
x = 55.000000, y = 20.000000
avance = -239.000000, avanceR = 2.000000, avanceI = 2.000000
inc_x_r = 0.000000, inc_y_r = 1.000000, inc_x_i = 1.000000, inc_y_i = 1.000000
En el else......

----------------------------------------
x = 55.000000, y = 21.000000
avance = -237.000000, avanceR = 2.000000, avanceI = 2.000000
inc_x_r = 0.000000, inc_y_r = 1.000000, inc_x_i = 1.000000, inc_y_i = 1.000000
En el else......

----------------------------------------
x = 55.000000, y = 22.000000
avance = -235.000000, avanceR = 2.000000, avanceI = 2.000000
inc_x_r = 0.000000, inc_y_r = 1.000000, inc_x_i = 1.000000, inc_y_i = 1.000000
En el else......

----------------------------------------
x = 55.000000, y = 23.000000
avance = -233.000000, avanceR = 2.000000, avanceI = 2.000000
inc_x_r = 0.000000, inc_y_r = 1.000000, inc_x_i = 1.000000, inc_y_i = 1.000000
En el else......

----------------------------------------
x = 55.000000, y = 24.000000
avance = -231.000000, avanceR = 2.000000, avanceI = 2.000000
inc_x_r = 0.000000, inc_y_r = 1.000000, inc_x_i = 1.000000, inc_y_i = 1.000000
En el else......

----------------------------------------
x = 55.000000, y = 25.000000
avance = -229.000000, avanceR = 2.000000, avanceI = 2.000000
inc_x_r = 0.000000, inc_y_r = 1.000000, inc_x_i = 1.000000, inc_y_i = 1.000000
En el else......

----------------------------------------
x = 55.000000, y = 26.000000
avance = -227.000000, avanceR = 2.000000, avanceI = 2.000000
inc_x_r = 0.000000, inc_y_r = 1.000000, inc_x_i = 1.000000, inc_y_i = 1.000000
En el else......

----------------------------------------
x = 55.000000, y = 27.000000
avance = -225.000000, avanceR = 2.000000, avanceI = 2.000000
inc_x_r = 0.000000, inc_y_r = 1.000000, inc_x_i = 1.000000, inc_y_i = 1.000000
En el else......

----------------------------------------
x = 55.000000, y = 28.000000
avance = -223.000000, avanceR = 2.000000, avanceI = 2.000000
inc_x_r = 0.000000, inc_y_r = 1.000000, inc_x_i = 1.000000, inc_y_i = 1.000000
En el else......

----------------------------------------
x = 55.000000, y = 29.000000
avance = -221.000000, avanceR = 2.000000, avanceI = 2.000000
inc_x_r = 0.000000, inc_y_r = 1.000000, inc_x_i = 1.000000, inc_y_i = 1.000000
En el else......

----------------------------------------
x = 55.000000, y = 30.000000
avance = -219.000000, avanceR = 2.000000, avanceI = 2.000000
inc_x_r = 0.000000, inc_y_r = 1.000000, inc_x_i = 1.000000, inc_y_i = 1.000000
En el else......

----------------------------------------
x = 55.000000, y = 31.000000
avance = -217.000000, avanceR = 2.000000, avanceI = 2.000000
inc_x_r = 0.000000, inc_y_r = 1.000000, inc_x_i = 1.000000, inc_y_i = 1.000000
En el else......

----------------------------------------
x = 55.000000, y = 32.000000
avance = -215.000000, avanceR = 2.000000, avanceI = 2.000000
inc_x_r = 0.000000, inc_y_r = 1.000000, inc_x_i = 1.000000, inc_y_i = 1.000000
En el else......

----------------------------------------
x = 55.000000, y = 33.000000
avance = -213.000000, avanceR = 2.000000, avanceI = 2.000000
inc_x_r = 0.000000, inc_y_r = 1.000000, inc_x_i = 1.000000, inc_y_i = 1.000000
En el else......

----------------------------------------
x = 55.000000, y = 34.000000
avance = -211.000000, avanceR = 2.000000, avanceI = 2.000000
inc_x_r = 0.000000, inc_y_r = 1.000000, inc_x_i = 1.000000, inc_y_i = 1.000000
En el else......

----------------------------------------
x = 55.000000, y = 35.000000
avance = -209.000000, avanceR = 2.000000, avanceI = 2.000000
inc_x_r = 0.000000, inc_y_r = 1.000000, inc_x_i = 1.000000, inc_y_i = 1.000000
En el else......

----------------------------------------
x = 55.000000, y = 36.000000
avance = -207.000000, avanceR = 2.000000, avanceI = 2.000000
inc_x_r = 0.000000, inc_y_r = 1.000000, inc_x_i = 1.000000, inc_y_i = 1.000000
En el else......

----------------------------------------
x = 55.000000, y = 37.000000
avance = -205.000000, avanceR = 2.000000, avanceI = 2.000000
inc_x_r = 0.000000, inc_y_r = 1.000000, inc_x_i = 1.000000, inc_y_i = 1.000000
En el else......

----------------------------------------
x = 55.000000, y = 38.000000
avance = -203.000000, avanceR = 2.000000, avanceI = 2.000000
inc_x_r = 0.000000, inc_y_r = 1.000000, inc_x_i = 1.000000, inc_y_i = 1.000000
En el else......

----------------------------------------
x = 55.000000, y = 39.000000
avance = -201.000000, avanceR = 2.000000, avanceI = 2.000000
inc_x_r = 0.000000, inc_y_r = 1.000000, inc_x_i = 1.000000, inc_y_i = 1.000000
En el else......

----------------------------------------
x = 55.000000, y = 40.000000
avance = -199.000000, avanceR = 2.000000, avanceI = 2.000000
inc_x_r = 0.000000, inc_y_r = 1.000000, inc_x_i = 1.000000, inc_y_i = 1.000000
En el else......

----------------------------------------
x = 55.000000, y = 41.000000
avance = -197.000000, avanceR = 2.000000, avanceI = 2.000000
inc_x_r = 0.000000, inc_y_r = 1.000000, inc_x_i = 1.000000, inc_y_i = 1.000000
En el else......

----------------------------------------
x = 55.000000, y = 42.000000
avance = -195.000000, avanceR = 2.000000, avanceI = 2.000000
inc_x_r = 0.000000, inc_y_r = 1.000000, inc_x_i = 1.000000, inc_y_i = 1.000000
En el else......

----------------------------------------
x = 55.000000, y = 43.000000
avance = -193.000000, avanceR = 2.000000, avanceI = 2.000000
inc_x_r = 0.000000, inc_y_r = 1.000000, inc_x_i = 1.000000, inc_y_i = 1.000000
En el else......

----------------------------------------
x = 55.000000, y = 44.000000
avance = -191.000000, avanceR = 2.000000, avanceI = 2.000000
inc_x_r = 0.000000, inc_y_r = 1.000000, inc_x_i = 1.000000, inc_y_i = 1.000000
En el else......

----------------------------------------
x = 55.000000, y = 45.000000
avance = -189.000000, avanceR = 2.000000, avanceI = 2.000000
inc_x_r = 0.000000, inc_y_r = 1.000000, inc_x_i = 1.000000, inc_y_i = 1.000000
En el else......

----------------------------------------
x = 55.000000, y = 46.000000
avance = -187.000000, avanceR = 2.000000, avanceI = 2.000000
inc_x_r = 0.000000, inc_y_r = 1.000000, inc_x_i = 1.000000, inc_y_i = 1.000000
En el else......

----------------------------------------
x = 55.000000, y = 47.000000
avance = -185.000000, avanceR = 2.000000, avanceI = 2.000000
inc_x_r = 0.000000, inc_y_r = 1.000000, inc_x_i = 1.000000, inc_y_i = 1.000000
En el else......

----------------------------------------
x = 55.000000, y = 48.000000
avance = -183.000000, avanceR = 2.000000, avanceI = 2.000000
inc_x_r = 0.000000, inc_y_r = 1.000000, inc_x_i = 1.000000, inc_y_i = 1.000000
En el else......

----------------------------------------
x = 55.000000, y = 49.000000
avance = -181.000000, avanceR = 2.000000, avanceI = 2.000000
inc_x_r = 0.000000, inc_y_r = 1.000000, inc_x_i = 1.000000, inc_y_i = 1.000000
En el else......

----------------------------------------
x = 55.000000, y = 50.000000
avance = -179.000000, avanceR = 2.000000, avanceI = 2.000000
inc_x_r = 0.000000, inc_y_r = 1.000000, inc_x_i = 1.000000, inc_y_i = 1.000000
En el else......

----------------------------------------
x = 55.000000, y = 51.000000
avance = -177.000000, avanceR = 2.000000, avanceI = 2.000000
inc_x_r = 0.000000, inc_y_r = 1.000000, inc_x_i = 1.000000, inc_y_i = 1.000000
En el else......

----------------------------------------
x = 55.000000, y = 52.000000
avance = -175.000000, avanceR = 2.000000, avanceI = 2.000000
inc_x_r = 0.000000, inc_y_r = 1.000000, inc_x_i = 1.000000, inc_y_i = 1.000000
En el else......

----------------------------------------
x = 55.000000, y = 53.000000
avance = -173.000000, avanceR = 2.000000, avanceI = 2.000000
inc_x_r = 0.000000, inc_y_r = 1.000000, inc_x_i = 1.000000, inc_y_i = 1.000000
En el else......

----------------------------------------
x = 55.000000, y = 54.000000
avance = -171.000000, avanceR = 2.000000, avanceI = 2.000000
inc_x_r = 0.000000, inc_y_r = 1.000000, inc_x_i = 1.000000, inc_y_i = 1.000000
En el else......

----------------------------------------
x = 55.000000, y = 55.000000
avance = -169.000000, avanceR = 2.000000, avanceI = 2.000000
inc_x_r = 0.000000, inc_y_r = 1.000000, inc_x_i = 1.000000, inc_y_i = 1.000000
En el else......

----------------------------------------
x = 55.000000, y = 56.000000
avance = -167.000000, avanceR = 2.000000, avanceI = 2.000000
inc_x_r = 0.000000, inc_y_r = 1.000000, inc_x_i = 1.000000, inc_y_i = 1.000000
En el else......

----------------------------------------
x = 55.000000, y = 57.000000
avance = -165.000000, avanceR = 2.000000, avanceI = 2.000000
inc_x_r = 0.000000, inc_y_r = 1.000000, inc_x_i = 1.000000, inc_y_i = 1.000000
En el else......

----------------------------------------
x = 55.000000, y = 58.000000
avance = -163.000000, avanceR = 2.000000, avanceI = 2.000000
inc_x_r = 0.000000, inc_y_r = 1.000000, inc_x_i = 1.000000, inc_y_i = 1.000000
En el else......

----------------------------------------
x = 55.000000, y = 59.000000
avance = -161.000000, avanceR = 2.000000, avanceI = 2.000000
inc_x_r = 0.000000, inc_y_r = 1.000000, inc_x_i = 1.000000, inc_y_i = 1.000000
En el else......

----------------------------------------
x = 55.000000, y = 60.000000
avance = -159.000000, avanceR = 2.000000, avanceI = 2.000000
inc_x_r = 0.000000, inc_y_r = 1.000000, inc_x_i = 1.000000, inc_y_i = 1.000000
En el else......

----------------------------------------
x = 55.000000, y = 61.000000
avance = -157.000000, avanceR = 2.000000, avanceI = 2.000000
inc_x_r = 0.000000, inc_y_r = 1.000000, inc_x_i = 1.000000, inc_y_i = 1.000000
En el else......

----------------------------------------
x = 55.000000, y = 62.000000
avance = -155.000000, avanceR = 2.000000, avanceI = 2.000000
inc_x_r = 0.000000, inc_y_r = 1.000000, inc_x_i = 1.000000, inc_y_i = 1.000000
En el else......

----------------------------------------
x = 55.000000, y = 63.000000
avance = -153.000000, avanceR = 2.000000, avanceI = 2.000000
inc_x_r = 0.000000, inc_y_r = 1.000000, inc_x_i = 1.000000, inc_y_i = 1.000000
En el else......

----------------------------------------
x = 55.000000, y = 64.000000
avance = -151.000000, avanceR = 2.000000, avanceI = 2.000000
inc_x_r = 0.000000, inc_y_r = 1.000000, inc_x_i = 1.000000, inc_y_i = 1.000000
En el else......

----------------------------------------
x = 55.000000, y = 65.000000
avance = -149.000000, avanceR = 2.000000, avanceI = 2.000000
inc_x_r = 0.000000, inc_y_r = 1.000000, inc_x_i = 1.000000, inc_y_i = 1.000000
En el else......

----------------------------------------
x = 55.000000, y = 66.000000
avance = -147.000000, avanceR = 2.000000, avanceI = 2.000000
inc_x_r = 0.000000, inc_y_r = 1.000000, inc_x_i = 1.000000, inc_y_i = 1.000000
En el else......

----------------------------------------
x = 55.000000, y = 67.000000
avance = -145.000000, avanceR = 2.000000, avanceI = 2.000000
inc_x_r = 0.000000, inc_y_r = 1.000000, inc_x_i = 1.000000, inc_y_i = 1.000000
En el else......

----------------------------------------
x = 55.000000, y = 68.000000
avance = -143.000000, avanceR = 2.000000, avanceI = 2.000000
inc_x_r = 0.000000, inc_y_r = 1.000000, inc_x_i = 1.000000, inc_y_i = 1.000000
En el else......

----------------------------------------
x = 55.000000, y = 69.000000
avance = -141.000000, avanceR = 2.000000, avanceI = 2.000000
inc_x_r = 0.000000, inc_y_r = 1.000000, inc_x_i = 1.000000, inc_y_i = 1.000000
En el else......

----------------------------------------
x = 55.000000, y = 70.000000
avance = -139.000000, avanceR = 2.000000, avanceI = 2.000000
inc_x_r = 0.000000, inc_y_r = 1.000000, inc_x_i = 1.000000, inc_y_i = 1.000000
En el else......

----------------------------------------
x = 55.000000, y = 71.000000
avance = -137.000000, avanceR = 2.000000, avanceI = 2.000000
inc_x_r = 0.000000, inc_y_r = 1.000000, inc_x_i = 1.000000, inc_y_i = 1.000000
En el else......

----------------------------------------
x = 55.000000, y = 72.000000
avance = -135.000000, avanceR = 2.000000, avanceI = 2.000000
inc_x_r = 0.000000, inc_y_r = 1.000000, inc_x_i = 1.000000, inc_y_i = 1.000000
En el else......

----------------------------------------
x = 55.000000, y = 73.000000
avance = -133.000000, avanceR = 2.000000, avanceI = 2.000000
inc_x_r = 0.000000, inc_y_r = 1.000000, inc_x_i = 1.000000, inc_y_i = 1.000000
En el else......

----------------------------------------
x = 55.000000, y = 74.000000
avance = -131.000000, avanceR = 2.000000, avanceI = 2.000000
inc_x_r = 0.000000, inc_y_r = 1.000000, inc_x_i = 1.000000, inc_y_i = 1.000000
En el else......

----------------------------------------
x = 55.000000, y = 75.000000
avance = -129.000000, avanceR = 2.000000, avanceI = 2.000000
inc_x_r = 0.000000, inc_y_r = 1.000000, inc_x_i = 1.000000, inc_y_i = 1.000000
En el else......

----------------------------------------
x = 55.000000, y = 76.000000
avance = -127.000000, avanceR = 2.000000, avanceI = 2.000000
inc_x_r = 0.000000, inc_y_r = 1.000000, inc_x_i = 1.000000, inc_y_i = 1.000000
En el else......

----------------------------------------
x = 55.000000, y = 77.000000
avance = -125.000000, avanceR = 2.000000, avanceI = 2.000000
inc_x_r = 0.000000, inc_y_r = 1.000000, inc_x_i = 1.000000, inc_y_i = 1.000000
En el else......

----------------------------------------
x = 55.000000, y = 78.000000
avance = -123.000000, avanceR = 2.000000, avanceI = 2.000000
inc_x_r = 0.000000, inc_y_r = 1.000000, inc_x_i = 1.000000, inc_y_i = 1.000000
En el else......

----------------------------------------
x = 55.000000, y = 79.000000
avance = -121.000000, avanceR = 2.000000, avanceI = 2.000000
inc_x_r = 0.000000, inc_y_r = 1.000000, inc_x_i = 1.000000, inc_y_i = 1.000000
En el else......

----------------------------------------
x = 55.000000, y = 80.000000
avance = -119.000000, avanceR = 2.000000, avanceI = 2.000000
inc_x_r = 0.000000, inc_y_r = 1.000000, inc_x_i = 1.000000, inc_y_i = 1.000000
En el else......

----------------------------------------
x = 55.000000, y = 81.000000
avance = -117.000000, avanceR = 2.000000, avanceI = 2.000000
inc_x_r = 0.000000, inc_y_r = 1.000000, inc_x_i = 1.000000, inc_y_i = 1.000000
En el else......

----------------------------------------
x = 55.000000, y = 82.000000
avance = -115.000000, avanceR = 2.000000, avanceI = 2.000000
inc_x_r = 0.000000, inc_y_r = 1.000000, inc_x_i = 1.000000, inc_y_i = 1.000000
En el else......

----------------------------------------
x = 55.000000, y = 83.000000
avance = -113.000000, avanceR = 2.000000, avanceI = 2.000000
inc_x_r = 0.000000, inc_y_r = 1.000000, inc_x_i = 1.000000, inc_y_i = 1.000000
En el else......

----------------------------------------
x = 55.000000, y = 84.000000
avance = -111.000000, avanceR = 2.000000, avanceI = 2.000000
inc_x_r = 0.000000, inc_y_r = 1.000000, inc_x_i = 1.000000, inc_y_i = 1.000000
En el else......

----------------------------------------
x = 55.000000, y = 85.000000
avance = -109.000000, avanceR = 2.000000, avanceI = 2.000000
inc_x_r = 0.000000, inc_y_r = 1.000000, inc_x_i = 1.000000, inc_y_i = 1.000000
En el else......

----------------------------------------
x = 55.000000, y = 86.000000
avance = -107.000000, avanceR = 2.000000, avanceI = 2.000000
inc_x_r = 0.000000, inc_y_r = 1.000000, inc_x_i = 1.000000, inc_y_i = 1.000000
En el else......

----------------------------------------
x = 55.000000, y = 87.000000
avance = -105.000000, avanceR = 2.000000, avanceI = 2.000000
inc_x_r = 0.000000, inc_y_r = 1.000000, inc_x_i = 1.000000, inc_y_i = 1.000000
En el else......

----------------------------------------
x = 55.000000, y = 88.000000
avance = -103.000000, avanceR = 2.000000, avanceI = 2.000000
inc_x_r = 0.000000, inc_y_r = 1.000000, inc_x_i = 1.000000, inc_y_i = 1.000000
En el else......

----------------------------------------
x = 55.000000, y = 89.000000
avance = -101.000000, avanceR = 2.000000, avanceI = 2.000000
inc_x_r = 0.000000, inc_y_r = 1.000000, inc_x_i = 1.000000, inc_y_i = 1.000000
En el else......

----------------------------------------
x = 55.000000, y = 90.000000
avance = -99.000000, avanceR = 2.000000, avanceI = 2.000000
inc_x_r = 0.000000, inc_y_r = 1.000000, inc_x_i = 1.000000, inc_y_i = 1.000000
En el else......

----------------------------------------
x = 55.000000, y = 91.000000
avance = -97.000000, avanceR = 2.000000, avanceI = 2.000000
inc_x_r = 0.000000, inc_y_r = 1.000000, inc_x_i = 1.000000, inc_y_i = 1.000000
En el else......

----------------------------------------
x = 55.000000, y = 92.000000
avance = -95.000000, avanceR = 2.000000, avanceI = 2.000000
inc_x_r = 0.000000, inc_y_r = 1.000000, inc_x_i = 1.000000, inc_y_i = 1.000000
En el else......

----------------------------------------
x = 55.000000, y = 93.000000
avance = -93.000000, avanceR = 2.000000, avanceI = 2.000000
inc_x_r = 0.000000, inc_y_r = 1.000000, inc_x_i = 1.000000, inc_y_i = 1.000000
En el else......

----------------------------------------
x = 55.000000, y = 94.000000
avance = -91.000000, avanceR = 2.000000, avanceI = 2.000000
inc_x_r = 0.000000, inc_y_r = 1.000000, inc_x_i = 1.000000, inc_y_i = 1.000000
En el else......

----------------------------------------
x = 55.000000, y = 95.000000
avance = -89.000000, avanceR = 2.000000, avanceI = 2.000000
inc_x_r = 0.000000, inc_y_r = 1.000000, inc_x_i = 1.000000, inc_y_i = 1.000000
En el else......

----------------------------------------
x = 55.000000, y = 96.000000
avance = -87.000000, avanceR = 2.000000, avanceI = 2.000000
inc_x_r = 0.000000, inc_y_r = 1.000000, inc_x_i = 1.000000, inc_y_i = 1.000000
En el else......

----------------------------------------
x = 55.000000, y = 97.000000
avance = -85.000000, avanceR = 2.000000, avanceI = 2.000000
inc_x_r = 0.000000, inc_y_r = 1.000000, inc_x_i = 1.000000, inc_y_i = 1.000000
En el else......

----------------------------------------
x = 55.000000, y = 98.000000
avance = -83.000000, avanceR = 2.000000, avanceI = 2.000000
inc_x_r = 0.000000, inc_y_r = 1.000000, inc_x_i = 1.000000, inc_y_i = 1.000000
En el else......

----------------------------------------
x = 55.000000, y = 99.000000
avance = -81.000000, avanceR = 2.000000, avanceI = 2.000000
inc_x_r = 0.000000, inc_y_r = 1.000000, inc_x_i = 1.000000, inc_y_i = 1.000000
En el else......

----------------------------------------
x = 55.000000, y = 100.000000
avance = -79.000000, avanceR = 2.000000, avanceI = 2.000000
inc_x_r = 0.000000, inc_y_r = 1.000000, inc_x_i = 1.000000, inc_y_i = 1.000000
En el else......

----------------------------------------
x = 55.000000, y = 101.000000
avance = -77.000000, avanceR = 2.000000, avanceI = 2.000000
inc_x_r = 0.000000, inc_y_r = 1.000000, inc_x_i = 1.000000, inc_y_i = 1.000000
En el else......

----------------------------------------
x = 55.000000, y = 102.000000
avance = -75.000000, avanceR = 2.000000, avanceI = 2.000000
inc_x_r = 0.000000, inc_y_r = 1.000000, inc_x_i = 1.000000, inc_y_i = 1.000000
En el else......

----------------------------------------
x = 55.000000, y = 103.000000
avance = -73.000000, avanceR = 2.000000, avanceI = 2.000000
inc_x_r = 0.000000, inc_y_r = 1.000000, inc_x_i = 1.000000, inc_y_i = 1.000000
En el else......

----------------------------------------
x = 55.000000, y = 104.000000
avance = -71.000000, avanceR = 2.000000, avanceI = 2.000000
inc_x_r = 0.000000, inc_y_r = 1.000000, inc_x_i = 1.000000, inc_y_i = 1.000000
En el else......

----------------------------------------
x = 55.000000, y = 105.000000
avance = -69.000000, avanceR = 2.000000, avanceI = 2.000000
inc_x_r = 0.000000, inc_y_r = 1.000000, inc_x_i = 1.000000, inc_y_i = 1.000000
En el else......

----------------------------------------
x = 55.000000, y = 106.000000
avance = -67.000000, avanceR = 2.000000, avanceI = 2.000000
inc_x_r = 0.000000, inc_y_r = 1.000000, inc_x_i = 1.000000, inc_y_i = 1.000000
En el else......

----------------------------------------
x = 55.000000, y = 107.000000
avance = -65.000000, avanceR = 2.000000, avanceI = 2.000000
inc_x_r = 0.000000, inc_y_r = 1.000000, inc_x_i = 1.000000, inc_y_i = 1.000000
En el else......

----------------------------------------
x = 55.000000, y = 108.000000
avance = -63.000000, avanceR = 2.000000, avanceI = 2.000000
inc_x_r = 0.000000, inc_y_r = 1.000000, inc_x_i = 1.000000, inc_y_i = 1.000000
En el else......

----------------------------------------
x = 55.000000, y = 109.000000
avance = -61.000000, avanceR = 2.000000, avanceI = 2.000000
inc_x_r = 0.000000, inc_y_r = 1.000000, inc_x_i = 1.000000, inc_y_i = 1.000000
En el else......

----------------------------------------
x = 55.000000, y = 110.000000
avance = -59.000000, avanceR = 2.000000, avanceI = 2.000000
inc_x_r = 0.000000, inc_y_r = 1.000000, inc_x_i = 1.000000, inc_y_i = 1.000000
En el else......

----------------------------------------
x = 55.000000, y = 111.000000
avance = -57.000000, avanceR = 2.000000, avanceI = 2.000000
inc_x_r = 0.000000, inc_y_r = 1.000000, inc_x_i = 1.000000, inc_y_i = 1.000000
En el else......

----------------------------------------
x = 55.000000, y = 112.000000
avance = -55.000000, avanceR = 2.000000, avanceI = 2.000000
inc_x_r = 0.000000, inc_y_r = 1.000000, inc_x_i = 1.000000, inc_y_i = 1.000000
En el else......

----------------------------------------
x = 55.000000, y = 113.000000
avance = -53.000000, avanceR = 2.000000, avanceI = 2.000000
inc_x_r = 0.000000, inc_y_r = 1.000000, inc_x_i = 1.000000, inc_y_i = 1.000000
En el else......

----------------------------------------
x = 55.000000, y = 114.000000
avance = -51.000000, avanceR = 2.000000, avanceI = 2.000000
inc_x_r = 0.000000, inc_y_r = 1.000000, inc_x_i = 1.000000, inc_y_i = 1.000000
En el else......

----------------------------------------
x = 55.000000, y = 115.000000
avance = -49.000000, avanceR = 2.000000, avanceI = 2.000000
inc_x_r = 0.000000, inc_y_r = 1.000000, inc_x_i = 1.000000, inc_y_i = 1.000000
En el else......

----------------------------------------
x = 55.000000, y = 116.000000
avance = -47.000000, avanceR = 2.000000, avanceI = 2.000000
inc_x_r = 0.000000, inc_y_r = 1.000000, inc_x_i = 1.000000, inc_y_i = 1.000000
En el else......

----------------------------------------
x = 55.000000, y = 117.000000
avance = -45.000000, avanceR = 2.000000, avanceI = 2.000000
inc_x_r = 0.000000, inc_y_r = 1.000000, inc_x_i = 1.000000, inc_y_i = 1.000000
En el else......

----------------------------------------
x = 55.000000, y = 118.000000
avance = -43.000000, avanceR = 2.000000, avanceI = 2.000000
inc_x_r = 0.000000, inc_y_r = 1.000000, inc_x_i = 1.000000, inc_y_i = 1.000000
En el else......

----------------------------------------
x = 55.000000, y = 119.000000
avance = -41.000000, avanceR = 2.000000, avanceI = 2.000000
inc_x_r = 0.000000, inc_y_r = 1.000000, inc_x_i = 1.000000, inc_y_i = 1.000000
En el else......

----------------------------------------
x = 55.000000, y = 120.000000
avance = -39.000000, avanceR = 2.000000, avanceI = 2.000000
inc_x_r = 0.000000, inc_y_r = 1.000000, inc_x_i = 1.000000, inc_y_i = 1.000000
En el else......

----------------------------------------
x = 55.000000, y = 121.000000
avance = -37.000000, avanceR = 2.000000, avanceI = 2.000000
inc_x_r = 0.000000, inc_y_r = 1.000000, inc_x_i = 1.000000, inc_y_i = 1.000000
En el else......

----------------------------------------
x = 55.000000, y = 122.000000
avance = -35.000000, avanceR = 2.000000, avanceI = 2.000000
inc_x_r = 0.000000, inc_y_r = 1.000000, inc_x_i = 1.000000, inc_y_i = 1.000000
En el else......

----------------------------------------
x = 55.000000, y = 123.000000
avance = -33.000000, avanceR = 2.000000, avanceI = 2.000000
inc_x_r = 0.000000, inc_y_r = 1.000000, inc_x_i = 1.000000, inc_y_i = 1.000000
En el else......

----------------------------------------
x = 55.000000, y = 124.000000
avance = -31.000000, avanceR = 2.000000, avanceI = 2.000000
inc_x_r = 0.000000, inc_y_r = 1.000000, inc_x_i = 1.000000, inc_y_i = 1.000000
En el else......

----------------------------------------
x = 55.000000, y = 125.000000
avance = -29.000000, avanceR = 2.000000, avanceI = 2.000000
inc_x_r = 0.000000, inc_y_r = 1.000000, inc_x_i = 1.000000, inc_y_i = 1.000000
En el else......

----------------------------------------
x = 55.000000, y = 126.000000
avance = -27.000000, avanceR = 2.000000, avanceI = 2.000000
inc_x_r = 0.000000, inc_y_r = 1.000000, inc_x_i = 1.000000, inc_y_i = 1.000000
En el else......

----------------------------------------
x = 55.000000, y = 127.000000
avance = -25.000000, avanceR = 2.000000, avanceI = 2.000000
inc_x_r = 0.000000, inc_y_r = 1.000000, inc_x_i = 1.000000, inc_y_i = 1.000000
En el else......

----------------------------------------
x = 55.000000, y = 128.000000
avance = -23.000000, avanceR = 2.000000, avanceI = 2.000000
inc_x_r = 0.000000, inc_y_r = 1.000000, inc_x_i = 1.000000, inc_y_i = 1.000000
En el else......

----------------------------------------
x = 55.000000, y = 129.000000
avance = -21.000000, avanceR = 2.000000, avanceI = 2.000000
inc_x_r = 0.000000, inc_y_r = 1.000000, inc_x_i = 1.000000, inc_y_i = 1.000000
En el else......

----------------------------------------
x = 55.000000, y = 130.000000
avance = -19.000000, avanceR = 2.000000, avanceI = 2.000000
inc_x_r = 0.000000, inc_y_r = 1.000000, inc_x_i = 1.000000, inc_y_i = 1.000000
En el else......

----------------------------------------
x = 55.000000, y = 131.000000
avance = -17.000000, avanceR = 2.000000, avanceI = 2.000000
inc_x_r = 0.000000, inc_y_r = 1.000000, inc_x_i = 1.000000, inc_y_i = 1.000000
En el else......

----------------------------------------
x = 55.000000, y = 132.000000
avance = -15.000000, avanceR = 2.000000, avanceI = 2.000000
inc_x_r = 0.000000, inc_y_r = 1.000000, inc_x_i = 1.000000, inc_y_i = 1.000000
En el else......

----------------------------------------
x = 55.000000, y = 133.000000
avance = -13.000000, avanceR = 2.000000, avanceI = 2.000000
inc_x_r = 0.000000, inc_y_r = 1.000000, inc_x_i = 1.000000, inc_y_i = 1.000000
En el else......

----------------------------------------
x = 55.000000, y = 134.000000
avance = -11.000000, avanceR = 2.000000, avanceI = 2.000000
inc_x_r = 0.000000, inc_y_r = 1.000000, inc_x_i = 1.000000, inc_y_i = 1.000000
En el else......

----------------------------------------
x = 55.000000, y = 135.000000
avance = -9.000000, avanceR = 2.000000, avanceI = 2.000000
inc_x_r = 0.000000, inc_y_r = 1.000000, inc_x_i = 1.000000, inc_y_i = 1.000000
En el else......

----------------------------------------
x = 55.000000, y = 136.000000
avance = -7.000000, avanceR = 2.000000, avanceI = 2.000000
inc_x_r = 0.000000, inc_y_r = 1.000000, inc_x_i = 1.000000, inc_y_i = 1.000000
En el else......

----------------------------------------
x = 55.000000, y = 137.000000
avance = -5.000000, avanceR = 2.000000, avanceI = 2.000000
inc_x_r = 0.000000, inc_y_r = 1.000000, inc_x_i = 1.000000, inc_y_i = 1.000000
En el else......

----------------------------------------
x = 55.000000, y = 138.000000
avance = -3.000000, avanceR = 2.000000, avanceI = 2.000000
inc_x_r = 0.000000, inc_y_r = 1.000000, inc_x_i = 1.000000, inc_y_i = 1.000000
En el else......

----------------------------------------
x = 55.000000, y = 139.000000
avance = -1.000000, avanceR = 2.000000, avanceI = 2.000000
inc_x_r = 0.000000, inc_y_r = 1.000000, inc_x_i = 1.000000, inc_y_i = 1.000000
En el else......

----------------------------------------
x = 55.000000, y = 140.000000
avance = 1.000000, avanceR = 2.000000, avanceI = 2.000000
inc_x_r = 0.000000, inc_y_r = 1.000000, inc_x_i = 1.000000, inc_y_i = 1.000000
avance >= 0

----------------------------------------
x = 56.000000, y = 141.000000
avance = -499.000000, avanceR = 2.000000, avanceI = 2.000000
inc_x_r = 0.000000, inc_y_r = 1.000000, inc_x_i = 1.000000, inc_y_i = 1.000000
En el else......

----------------------------------------
x = 56.000000, y = 142.000000
avance = -497.000000, avanceR = 2.000000, avanceI = 2.000000
inc_x_r = 0.000000, inc_y_r = 1.000000, inc_x_i = 1.000000, inc_y_i = 1.000000
En el else......

----------------------------------------
x = 56.000000, y = 143.000000
avance = -495.000000, avanceR = 2.000000, avanceI = 2.000000
inc_x_r = 0.000000, inc_y_r = 1.000000, inc_x_i = 1.000000, inc_y_i = 1.000000
En el else......

----------------------------------------
x = 56.000000, y = 144.000000
avance = -493.000000, avanceR = 2.000000, avanceI = 2.000000
inc_x_r = 0.000000, inc_y_r = 1.000000, inc_x_i = 1.000000, inc_y_i = 1.000000
En el else......

----------------------------------------
x = 56.000000, y = 145.000000
avance = -491.000000, avanceR = 2.000000, avanceI = 2.000000
inc_x_r = 0.000000, inc_y_r = 1.000000, inc_x_i = 1.000000, inc_y_i = 1.000000
En el else......

----------------------------------------
x = 56.000000, y = 146.000000
avance = -489.000000, avanceR = 2.000000, avanceI = 2.000000
inc_x_r = 0.000000, inc_y_r = 1.000000, inc_x_i = 1.000000, inc_y_i = 1.000000
En el else......

----------------------------------------
x = 56.000000, y = 147.000000
avance = -487.000000, avanceR = 2.000000, avanceI = 2.000000
inc_x_r = 0.000000, inc_y_r = 1.000000, inc_x_i = 1.000000, inc_y_i = 1.000000
En el else......

----------------------------------------
x = 56.000000, y = 148.000000
avance = -485.000000, avanceR = 2.000000, avanceI = 2.000000
inc_x_r = 0.000000, inc_y_r = 1.000000, inc_x_i = 1.000000, inc_y_i = 1.000000
En el else......

----------------------------------------
x = 56.000000, y = 149.000000
avance = -483.000000, avanceR = 2.000000, avanceI = 2.000000
inc_x_r = 0.000000, inc_y_r = 1.000000, inc_x_i = 1.000000, inc_y_i = 1.000000
En el else......

----------------------------------------
x = 56.000000, y = 150.000000
avance = -481.000000, avanceR = 2.000000, avanceI = 2.000000
inc_x_r = 0.000000, inc_y_r = 1.000000, inc_x_i = 1.000000, inc_y_i = 1.000000
En el else......

----------------------------------------
x = 56.000000, y = 151.000000
avance = -479.000000, avanceR = 2.000000, avanceI = 2.000000
inc_x_r = 0.000000, inc_y_r = 1.000000, inc_x_i = 1.000000, inc_y_i = 1.000000
En el else......

----------------------------------------
x = 56.000000, y = 152.000000
avance = -477.000000, avanceR = 2.000000, avanceI = 2.000000
inc_x_r = 0.000000, inc_y_r = 1.000000, inc_x_i = 1.000000, inc_y_i = 1.000000
En el else......

----------------------------------------
x = 56.000000, y = 153.000000
avance = -475.000000, avanceR = 2.000000, avanceI = 2.000000
inc_x_r = 0.000000, inc_y_r = 1.000000, inc_x_i = 1.000000, inc_y_i = 1.000000
En el else......

----------------------------------------
x = 56.000000, y = 154.000000
avance = -473.000000, avanceR = 2.000000, avanceI = 2.000000
inc_x_r = 0.000000, inc_y_r = 1.000000, inc_x_i = 1.000000, inc_y_i = 1.000000
En el else......

----------------------------------------
x = 56.000000, y = 155.000000
avance = -471.000000, avanceR = 2.000000, avanceI = 2.000000
inc_x_r = 0.000000, inc_y_r = 1.000000, inc_x_i = 1.000000, inc_y_i = 1.000000
En el else......

----------------------------------------
x = 56.000000, y = 156.000000
avance = -469.000000, avanceR = 2.000000, avanceI = 2.000000
inc_x_r = 0.000000, inc_y_r = 1.000000, inc_x_i = 1.000000, inc_y_i = 1.000000
En el else......

----------------------------------------
x = 56.000000, y = 157.000000
avance = -467.000000, avanceR = 2.000000, avanceI = 2.000000
inc_x_r = 0.000000, inc_y_r = 1.000000, inc_x_i = 1.000000, inc_y_i = 1.000000
En el else......

----------------------------------------
x = 56.000000, y = 158.000000
avance = -465.000000, avanceR = 2.000000, avanceI = 2.000000
inc_x_r = 0.000000, inc_y_r = 1.000000, inc_x_i = 1.000000, inc_y_i = 1.000000
En el else......

----------------------------------------
x = 56.000000, y = 159.000000
avance = -463.000000, avanceR = 2.000000, avanceI = 2.000000
inc_x_r = 0.000000, inc_y_r = 1.000000, inc_x_i = 1.000000, inc_y_i = 1.000000
En el else......

----------------------------------------
x = 56.000000, y = 160.000000
avance = -461.000000, avanceR = 2.000000, avanceI = 2.000000
inc_x_r = 0.000000, inc_y_r = 1.000000, inc_x_i = 1.000000, inc_y_i = 1.000000
En el else......

----------------------------------------
x = 56.000000, y = 161.000000
avance = -459.000000, avanceR = 2.000000, avanceI = 2.000000
inc_x_r = 0.000000, inc_y_r = 1.000000, inc_x_i = 1.000000, inc_y_i = 1.000000
En el else......

----------------------------------------
x = 56.000000, y = 162.000000
avance = -457.000000, avanceR = 2.000000, avanceI = 2.000000
inc_x_r = 0.000000, inc_y_r = 1.000000, inc_x_i = 1.000000, inc_y_i = 1.000000
En el else......

----------------------------------------
x = 56.000000, y = 163.000000
avance = -455.000000, avanceR = 2.000000, avanceI = 2.000000
inc_x_r = 0.000000, inc_y_r = 1.000000, inc_x_i = 1.000000, inc_y_i = 1.000000
En el else......

----------------------------------------
x = 56.000000, y = 164.000000
avance = -453.000000, avanceR = 2.000000, avanceI = 2.000000
inc_x_r = 0.000000, inc_y_r = 1.000000, inc_x_i = 1.000000, inc_y_i = 1.000000
En el else......

----------------------------------------
x = 56.000000, y = 165.000000
avance = -451.000000, avanceR = 2.000000, avanceI = 2.000000
inc_x_r = 0.000000, inc_y_r = 1.000000, inc_x_i = 1.000000, inc_y_i = 1.000000
En el else......

----------------------------------------
x = 56.000000, y = 166.000000
avance = -449.000000, avanceR = 2.000000, avanceI = 2.000000
inc_x_r = 0.000000, inc_y_r = 1.000000, inc_x_i = 1.000000, inc_y_i = 1.000000
En el else......

----------------------------------------
x = 56.000000, y = 167.000000
avance = -447.000000, avanceR = 2.000000, avanceI = 2.000000
inc_x_r = 0.000000, inc_y_r = 1.000000, inc_x_i = 1.000000, inc_y_i = 1.000000
En el else......

----------------------------------------
x = 56.000000, y = 168.000000
avance = -445.000000, avanceR = 2.000000, avanceI = 2.000000
inc_x_r = 0.000000, inc_y_r = 1.000000, inc_x_i = 1.000000, inc_y_i = 1.000000
En el else......

----------------------------------------
x = 56.000000, y = 169.000000
avance = -443.000000, avanceR = 2.000000, avanceI = 2.000000
inc_x_r = 0.000000, inc_y_r = 1.000000, inc_x_i = 1.000000, inc_y_i = 1.000000
En el else......

----------------------------------------
x = 56.000000, y = 170.000000
avance = -441.000000, avanceR = 2.000000, avanceI = 2.000000
inc_x_r = 0.000000, inc_y_r = 1.000000, inc_x_i = 1.000000, inc_y_i = 1.000000
En el else......

----------------------------------------
x = 56.000000, y = 171.000000
avance = -439.000000, avanceR = 2.000000, avanceI = 2.000000
inc_x_r = 0.000000, inc_y_r = 1.000000, inc_x_i = 1.000000, inc_y_i = 1.000000
En el else......

----------------------------------------
x = 56.000000, y = 172.000000
avance = -437.000000, avanceR = 2.000000, avanceI = 2.000000
inc_x_r = 0.000000, inc_y_r = 1.000000, inc_x_i = 1.000000, inc_y_i = 1.000000
En el else......

----------------------------------------
x = 56.000000, y = 173.000000
avance = -435.000000, avanceR = 2.000000, avanceI = 2.000000
inc_x_r = 0.000000, inc_y_r = 1.000000, inc_x_i = 1.000000, inc_y_i = 1.000000
En el else......

----------------------------------------
x = 56.000000, y = 174.000000
avance = -433.000000, avanceR = 2.000000, avanceI = 2.000000
inc_x_r = 0.000000, inc_y_r = 1.000000, inc_x_i = 1.000000, inc_y_i = 1.000000
En el else......

----------------------------------------
x = 56.000000, y = 175.000000
avance = -431.000000, avanceR = 2.000000, avanceI = 2.000000
inc_x_r = 0.000000, inc_y_r = 1.000000, inc_x_i = 1.000000, inc_y_i = 1.000000
En el else......

----------------------------------------
x = 56.000000, y = 176.000000
avance = -429.000000, avanceR = 2.000000, avanceI = 2.000000
inc_x_r = 0.000000, inc_y_r = 1.000000, inc_x_i = 1.000000, inc_y_i = 1.000000
En el else......

----------------------------------------
x = 56.000000, y = 177.000000
avance = -427.000000, avanceR = 2.000000, avanceI = 2.000000
inc_x_r = 0.000000, inc_y_r = 1.000000, inc_x_i = 1.000000, inc_y_i = 1.000000
En el else......

----------------------------------------
x = 56.000000, y = 178.000000
avance = -425.000000, avanceR = 2.000000, avanceI = 2.000000
inc_x_r = 0.000000, inc_y_r = 1.000000, inc_x_i = 1.000000, inc_y_i = 1.000000
En el else......

----------------------------------------
x = 56.000000, y = 179.000000
avance = -423.000000, avanceR = 2.000000, avanceI = 2.000000
inc_x_r = 0.000000, inc_y_r = 1.000000, inc_x_i = 1.000000, inc_y_i = 1.000000
En el else......

----------------------------------------
x = 56.000000, y = 180.000000
avance = -421.000000, avanceR = 2.000000, avanceI = 2.000000
inc_x_r = 0.000000, inc_y_r = 1.000000, inc_x_i = 1.000000, inc_y_i = 1.000000
En el else......

----------------------------------------
x = 56.000000, y = 181.000000
avance = -419.000000, avanceR = 2.000000, avanceI = 2.000000
inc_x_r = 0.000000, inc_y_r = 1.000000, inc_x_i = 1.000000, inc_y_i = 1.000000
En el else......

----------------------------------------
x = 56.000000, y = 182.000000
avance = -417.000000, avanceR = 2.000000, avanceI = 2.000000
inc_x_r = 0.000000, inc_y_r = 1.000000, inc_x_i = 1.000000, inc_y_i = 1.000000
En el else......

----------------------------------------
x = 56.000000, y = 183.000000
avance = -415.000000, avanceR = 2.000000, avanceI = 2.000000
inc_x_r = 0.000000, inc_y_r = 1.000000, inc_x_i = 1.000000, inc_y_i = 1.000000
En el else......

----------------------------------------
x = 56.000000, y = 184.000000
avance = -413.000000, avanceR = 2.000000, avanceI = 2.000000
inc_x_r = 0.000000, inc_y_r = 1.000000, inc_x_i = 1.000000, inc_y_i = 1.000000
En el else......

----------------------------------------
x = 56.000000, y = 185.000000
avance = -411.000000, avanceR = 2.000000, avanceI = 2.000000
inc_x_r = 0.000000, inc_y_r = 1.000000, inc_x_i = 1.000000, inc_y_i = 1.000000
En el else......

----------------------------------------
x = 56.000000, y = 186.000000
avance = -409.000000, avanceR = 2.000000, avanceI = 2.000000
inc_x_r = 0.000000, inc_y_r = 1.000000, inc_x_i = 1.000000, inc_y_i = 1.000000
En el else......

----------------------------------------
x = 56.000000, y = 187.000000
avance = -407.000000, avanceR = 2.000000, avanceI = 2.000000
inc_x_r = 0.000000, inc_y_r = 1.000000, inc_x_i = 1.000000, inc_y_i = 1.000000
En el else......

----------------------------------------
x = 56.000000, y = 188.000000
avance = -405.000000, avanceR = 2.000000, avanceI = 2.000000
inc_x_r = 0.000000, inc_y_r = 1.000000, inc_x_i = 1.000000, inc_y_i = 1.000000
En el else......

----------------------------------------
x = 56.000000, y = 189.000000
avance = -403.000000, avanceR = 2.000000, avanceI = 2.000000
inc_x_r = 0.000000, inc_y_r = 1.000000, inc_x_i = 1.000000, inc_y_i = 1.000000
En el else......

----------------------------------------
x = 56.000000, y = 190.000000
avance = -401.000000, avanceR = 2.000000, avanceI = 2.000000
inc_x_r = 0.000000, inc_y_r = 1.000000, inc_x_i = 1.000000, inc_y_i = 1.000000
En el else......

----------------------------------------
x = 56.000000, y = 191.000000
avance = -399.000000, avanceR = 2.000000, avanceI = 2.000000
inc_x_r = 0.000000, inc_y_r = 1.000000, inc_x_i = 1.000000, inc_y_i = 1.000000
En el else......

----------------------------------------
x = 56.000000, y = 192.000000
avance = -397.000000, avanceR = 2.000000, avanceI = 2.000000
inc_x_r = 0.000000, inc_y_r = 1.000000, inc_x_i = 1.000000, inc_y_i = 1.000000
En el else......

----------------------------------------
x = 56.000000, y = 193.000000
avance = -395.000000, avanceR = 2.000000, avanceI = 2.000000
inc_x_r = 0.000000, inc_y_r = 1.000000, inc_x_i = 1.000000, inc_y_i = 1.000000
En el else......

----------------------------------------
x = 56.000000, y = 194.000000
avance = -393.000000, avanceR = 2.000000, avanceI = 2.000000
inc_x_r = 0.000000, inc_y_r = 1.000000, inc_x_i = 1.000000, inc_y_i = 1.000000
En el else......

----------------------------------------
x = 56.000000, y = 195.000000
avance = -391.000000, avanceR = 2.000000, avanceI = 2.000000
inc_x_r = 0.000000, inc_y_r = 1.000000, inc_x_i = 1.000000, inc_y_i = 1.000000
En el else......

----------------------------------------
x = 56.000000, y = 196.000000
avance = -389.000000, avanceR = 2.000000, avanceI = 2.000000
inc_x_r = 0.000000, inc_y_r = 1.000000, inc_x_i = 1.000000, inc_y_i = 1.000000
En el else......

----------------------------------------
x = 56.000000, y = 197.000000
avance = -387.000000, avanceR = 2.000000, avanceI = 2.000000
inc_x_r = 0.000000, inc_y_r = 1.000000, inc_x_i = 1.000000, inc_y_i = 1.000000
En el else......

----------------------------------------
x = 56.000000, y = 198.000000
avance = -385.000000, avanceR = 2.000000, avanceI = 2.000000
inc_x_r = 0.000000, inc_y_r = 1.000000, inc_x_i = 1.000000, inc_y_i = 1.000000
En el else......

----------------------------------------
x = 56.000000, y = 199.000000
avance = -383.000000, avanceR = 2.000000, avanceI = 2.000000
inc_x_r = 0.000000, inc_y_r = 1.000000, inc_x_i = 1.000000, inc_y_i = 1.000000
En el else......

----------------------------------------
x = 56.000000, y = 200.000000
avance = -381.000000, avanceR = 2.000000, avanceI = 2.000000
inc_x_r = 0.000000, inc_y_r = 1.000000, inc_x_i = 1.000000, inc_y_i = 1.000000
En el else......

----------------------------------------
x = 56.000000, y = 201.000000
avance = -379.000000, avanceR = 2.000000, avanceI = 2.000000
inc_x_r = 0.000000, inc_y_r = 1.000000, inc_x_i = 1.000000, inc_y_i = 1.000000
En el else......

----------------------------------------
x = 56.000000, y = 202.000000
avance = -377.000000, avanceR = 2.000000, avanceI = 2.000000
inc_x_r = 0.000000, inc_y_r = 1.000000, inc_x_i = 1.000000, inc_y_i = 1.000000
En el else......

----------------------------------------
x = 56.000000, y = 203.000000
avance = -375.000000, avanceR = 2.000000, avanceI = 2.000000
inc_x_r = 0.000000, inc_y_r = 1.000000, inc_x_i = 1.000000, inc_y_i = 1.000000
En el else......

----------------------------------------
x = 56.000000, y = 204.000000
avance = -373.000000, avanceR = 2.000000, avanceI = 2.000000
inc_x_r = 0.000000, inc_y_r = 1.000000, inc_x_i = 1.000000, inc_y_i = 1.000000
En el else......

----------------------------------------
x = 56.000000, y = 205.000000
avance = -371.000000, avanceR = 2.000000, avanceI = 2.000000
inc_x_r = 0.000000, inc_y_r = 1.000000, inc_x_i = 1.000000, inc_y_i = 1.000000
En el else......

----------------------------------------
x = 56.000000, y = 206.000000
avance = -369.000000, avanceR = 2.000000, avanceI = 2.000000
inc_x_r = 0.000000, inc_y_r = 1.000000, inc_x_i = 1.000000, inc_y_i = 1.000000
En el else......

----------------------------------------
x = 56.000000, y = 207.000000
avance = -367.000000, avanceR = 2.000000, avanceI = 2.000000
inc_x_r = 0.000000, inc_y_r = 1.000000, inc_x_i = 1.000000, inc_y_i = 1.000000
En el else......

----------------------------------------
x = 56.000000, y = 208.000000
avance = -365.000000, avanceR = 2.000000, avanceI = 2.000000
inc_x_r = 0.000000, inc_y_r = 1.000000, inc_x_i = 1.000000, inc_y_i = 1.000000
En el else......

----------------------------------------
x = 56.000000, y = 209.000000
avance = -363.000000, avanceR = 2.000000, avanceI = 2.000000
inc_x_r = 0.000000, inc_y_r = 1.000000, inc_x_i = 1.000000, inc_y_i = 1.000000
En el else......

----------------------------------------
x = 56.000000, y = 210.000000
avance = -361.000000, avanceR = 2.000000, avanceI = 2.000000
inc_x_r = 0.000000, inc_y_r = 1.000000, inc_x_i = 1.000000, inc_y_i = 1.000000
En el else......

----------------------------------------
x = 56.000000, y = 211.000000
avance = -359.000000, avanceR = 2.000000, avanceI = 2.000000
inc_x_r = 0.000000, inc_y_r = 1.000000, inc_x_i = 1.000000, inc_y_i = 1.000000
En el else......

----------------------------------------
x = 56.000000, y = 212.000000
avance = -357.000000, avanceR = 2.000000, avanceI = 2.000000
inc_x_r = 0.000000, inc_y_r = 1.000000, inc_x_i = 1.000000, inc_y_i = 1.000000
En el else......

----------------------------------------
x = 56.000000, y = 213.000000
avance = -355.000000, avanceR = 2.000000, avanceI = 2.000000
inc_x_r = 0.000000, inc_y_r = 1.000000, inc_x_i = 1.000000, inc_y_i = 1.000000
En el else......

----------------------------------------
x = 56.000000, y = 214.000000
avance = -353.000000, avanceR = 2.000000, avanceI = 2.000000
inc_x_r = 0.000000, inc_y_r = 1.000000, inc_x_i = 1.000000, inc_y_i = 1.000000
En el else......

----------------------------------------
x = 56.000000, y = 215.000000
avance = -351.000000, avanceR = 2.000000, avanceI = 2.000000
inc_x_r = 0.000000, inc_y_r = 1.000000, inc_x_i = 1.000000, inc_y_i = 1.000000
En el else......

----------------------------------------
x = 56.000000, y = 216.000000
avance = -349.000000, avanceR = 2.000000, avanceI = 2.000000
inc_x_r = 0.000000, inc_y_r = 1.000000, inc_x_i = 1.000000, inc_y_i = 1.000000
En el else......

----------------------------------------
x = 56.000000, y = 217.000000
avance = -347.000000, avanceR = 2.000000, avanceI = 2.000000
inc_x_r = 0.000000, inc_y_r = 1.000000, inc_x_i = 1.000000, inc_y_i = 1.000000
En el else......

----------------------------------------
x = 56.000000, y = 218.000000
avance = -345.000000, avanceR = 2.000000, avanceI = 2.000000
inc_x_r = 0.000000, inc_y_r = 1.000000, inc_x_i = 1.000000, inc_y_i = 1.000000
En el else......

----------------------------------------
x = 56.000000, y = 219.000000
avance = -343.000000, avanceR = 2.000000, avanceI = 2.000000
inc_x_r = 0.000000, inc_y_r = 1.000000, inc_x_i = 1.000000, inc_y_i = 1.000000
En el else......

----------------------------------------
x = 56.000000, y = 220.000000
avance = -341.000000, avanceR = 2.000000, avanceI = 2.000000
inc_x_r = 0.000000, inc_y_r = 1.000000, inc_x_i = 1.000000, inc_y_i = 1.000000
En el else......

----------------------------------------
x = 56.000000, y = 221.000000
avance = -339.000000, avanceR = 2.000000, avanceI = 2.000000
inc_x_r = 0.000000, inc_y_r = 1.000000, inc_x_i = 1.000000, inc_y_i = 1.000000
En el else......

----------------------------------------
x = 56.000000, y = 222.000000
avance = -337.000000, avanceR = 2.000000, avanceI = 2.000000
inc_x_r = 0.000000, inc_y_r = 1.000000, inc_x_i = 1.000000, inc_y_i = 1.000000
En el else......

----------------------------------------
x = 56.000000, y = 223.000000
avance = -335.000000, avanceR = 2.000000, avanceI = 2.000000
inc_x_r = 0.000000, inc_y_r = 1.000000, inc_x_i = 1.000000, inc_y_i = 1.000000
En el else......

----------------------------------------
x = 56.000000, y = 224.000000
avance = -333.000000, avanceR = 2.000000, avanceI = 2.000000
inc_x_r = 0.000000, inc_y_r = 1.000000, inc_x_i = 1.000000, inc_y_i = 1.000000
En el else......

----------------------------------------
x = 56.000000, y = 225.000000
avance = -331.000000, avanceR = 2.000000, avanceI = 2.000000
inc_x_r = 0.000000, inc_y_r = 1.000000, inc_x_i = 1.000000, inc_y_i = 1.000000
En el else......

----------------------------------------
x = 56.000000, y = 226.000000
avance = -329.000000, avanceR = 2.000000, avanceI = 2.000000
inc_x_r = 0.000000, inc_y_r = 1.000000, inc_x_i = 1.000000, inc_y_i = 1.000000
En el else......

----------------------------------------
x = 56.000000, y = 227.000000
avance = -327.000000, avanceR = 2.000000, avanceI = 2.000000
inc_x_r = 0.000000, inc_y_r = 1.000000, inc_x_i = 1.000000, inc_y_i = 1.000000
En el else......

----------------------------------------
x = 56.000000, y = 228.000000
avance = -325.000000, avanceR = 2.000000, avanceI = 2.000000
inc_x_r = 0.000000, inc_y_r = 1.000000, inc_x_i = 1.000000, inc_y_i = 1.000000
En el else......

----------------------------------------
x = 56.000000, y = 229.000000
avance = -323.000000, avanceR = 2.000000, avanceI = 2.000000
inc_x_r = 0.000000, inc_y_r = 1.000000, inc_x_i = 1.000000, inc_y_i = 1.000000
En el else......

----------------------------------------
x = 56.000000, y = 230.000000
avance = -321.000000, avanceR = 2.000000, avanceI = 2.000000
inc_x_r = 0.000000, inc_y_r = 1.000000, inc_x_i = 1.000000, inc_y_i = 1.000000
En el else......

----------------------------------------
x = 56.000000, y = 231.000000
avance = -319.000000, avanceR = 2.000000, avanceI = 2.000000
inc_x_r = 0.000000, inc_y_r = 1.000000, inc_x_i = 1.000000, inc_y_i = 1.000000
En el else......

----------------------------------------
x = 56.000000, y = 232.000000
avance = -317.000000, avanceR = 2.000000, avanceI = 2.000000
inc_x_r = 0.000000, inc_y_r = 1.000000, inc_x_i = 1.000000, inc_y_i = 1.000000
En el else......

----------------------------------------
x = 56.000000, y = 233.000000
avance = -315.000000, avanceR = 2.000000, avanceI = 2.000000
inc_x_r = 0.000000, inc_y_r = 1.000000, inc_x_i = 1.000000, inc_y_i = 1.000000
En el else......

----------------------------------------
x = 56.000000, y = 234.000000
avance = -313.000000, avanceR = 2.000000, avanceI = 2.000000
inc_x_r = 0.000000, inc_y_r = 1.000000, inc_x_i = 1.000000, inc_y_i = 1.000000
En el else......

----------------------------------------
x = 56.000000, y = 235.000000
avance = -311.000000, avanceR = 2.000000, avanceI = 2.000000
inc_x_r = 0.000000, inc_y_r = 1.000000, inc_x_i = 1.000000, inc_y_i = 1.000000
En el else......

----------------------------------------
x = 56.000000, y = 236.000000
avance = -309.000000, avanceR = 2.000000, avanceI = 2.000000
inc_x_r = 0.000000, inc_y_r = 1.000000, inc_x_i = 1.000000, inc_y_i = 1.000000
En el else......

----------------------------------------
x = 56.000000, y = 237.000000
avance = -307.000000, avanceR = 2.000000, avanceI = 2.000000
inc_x_r = 0.000000, inc_y_r = 1.000000, inc_x_i = 1.000000, inc_y_i = 1.000000
En el else......

----------------------------------------
x = 56.000000, y = 238.000000
avance = -305.000000, avanceR = 2.000000, avanceI = 2.000000
inc_x_r = 0.000000, inc_y_r = 1.000000, inc_x_i = 1.000000, inc_y_i = 1.000000
En el else......

----------------------------------------
x = 56.000000, y = 239.000000
avance = -303.000000, avanceR = 2.000000, avanceI = 2.000000
inc_x_r = 0.000000, inc_y_r = 1.000000, inc_x_i = 1.000000, inc_y_i = 1.000000
En el else......

----------------------------------------
x = 56.000000, y = 240.000000
avance = -301.000000, avanceR = 2.000000, avanceI = 2.000000
inc_x_r = 0.000000, inc_y_r = 1.000000, inc_x_i = 1.000000, inc_y_i = 1.000000
En el else......

----------------------------------------
x = 56.000000, y = 241.000000
avance = -299.000000, avanceR = 2.000000, avanceI = 2.000000
inc_x_r = 0.000000, inc_y_r = 1.000000, inc_x_i = 1.000000, inc_y_i = 1.000000
En el else......

----------------------------------------
x = 56.000000, y = 242.000000
avance = -297.000000, avanceR = 2.000000, avanceI = 2.000000
inc_x_r = 0.000000, inc_y_r = 1.000000, inc_x_i = 1.000000, inc_y_i = 1.000000
En el else......

----------------------------------------
x = 56.000000, y = 243.000000
avance = -295.000000, avanceR = 2.000000, avanceI = 2.000000
inc_x_r = 0.000000, inc_y_r = 1.000000, inc_x_i = 1.000000, inc_y_i = 1.000000
En el else......

----------------------------------------
x = 56.000000, y = 244.000000
avance = -293.000000, avanceR = 2.000000, avanceI = 2.000000
inc_x_r = 0.000000, inc_y_r = 1.000000, inc_x_i = 1.000000, inc_y_i = 1.000000
En el else......

----------------------------------------
x = 56.000000, y = 245.000000
avance = -291.000000, avanceR = 2.000000, avanceI = 2.000000
inc_x_r = 0.000000, inc_y_r = 1.000000, inc_x_i = 1.000000, inc_y_i = 1.000000
En el else......

----------------------------------------
x = 56.000000, y = 246.000000
avance = -289.000000, avanceR = 2.000000, avanceI = 2.000000
inc_x_r = 0.000000, inc_y_r = 1.000000, inc_x_i = 1.000000, inc_y_i = 1.000000
En el else......

----------------------------------------
x = 56.000000, y = 247.000000
avance = -287.000000, avanceR = 2.000000, avanceI = 2.000000
inc_x_r = 0.000000, inc_y_r = 1.000000, inc_x_i = 1.000000, inc_y_i = 1.000000
En el else......

----------------------------------------
x = 56.000000, y = 248.000000
avance = -285.000000, avanceR = 2.000000, avanceI = 2.000000
inc_x_r = 0.000000, inc_y_r = 1.000000, inc_x_i = 1.000000, inc_y_i = 1.000000
En el else......

----------------------------------------
x = 56.000000, y = 249.000000
avance = -283.000000, avanceR = 2.000000, avanceI = 2.000000
inc_x_r = 0.000000, inc_y_r = 1.000000, inc_x_i = 1.000000, inc_y_i = 1.000000
En el else......

----------------------------------------
x = 56.000000, y = 250.000000
avance = -281.000000, avanceR = 2.000000, avanceI = 2.000000
inc_x_r = 0.000000, inc_y_r = 1.000000, inc_x_i = 1.000000, inc_y_i = 1.000000
En el else......

----------------------------------------
x = 56.000000, y = 251.000000
avance = -279.000000, avanceR = 2.000000, avanceI = 2.000000
inc_x_r = 0.000000, inc_y_r = 1.000000, inc_x_i = 1.000000, inc_y_i = 1.000000
En el else......

----------------------------------------
x = 56.000000, y = 252.000000
avance = -277.000000, avanceR = 2.000000, avanceI = 2.000000
inc_x_r = 0.000000, inc_y_r = 1.000000, inc_x_i = 1.000000, inc_y_i = 1.000000
En el else......

----------------------------------------
x = 56.000000, y = 253.000000
avance = -275.000000, avanceR = 2.000000, avanceI = 2.000000
inc_x_r = 0.000000, inc_y_r = 1.000000, inc_x_i = 1.000000, inc_y_i = 1.000000
En el else......

----------------------------------------
x = 56.000000, y = 254.000000
avance = -273.000000, avanceR = 2.000000, avanceI = 2.000000
inc_x_r = 0.000000, inc_y_r = 1.000000, inc_x_i = 1.000000, inc_y_i = 1.000000
En el else......

----------------------------------------
x = 56.000000, y = 255.000000
avance = -271.000000, avanceR = 2.000000, avanceI = 2.000000
inc_x_r = 0.000000, inc_y_r = 1.000000, inc_x_i = 1.000000, inc_y_i = 1.000000
En el else......

----------------------------------------
x = 56.000000, y = 256.000000
avance = -269.000000, avanceR = 2.000000, avanceI = 2.000000
inc_x_r = 0.000000, inc_y_r = 1.000000, inc_x_i = 1.000000, inc_y_i = 1.000000
En el else......

----------------------------------------
x = 56.000000, y = 257.000000
avance = -267.000000, avanceR = 2.000000, avanceI = 2.000000
inc_x_r = 0.000000, inc_y_r = 1.000000, inc_x_i = 1.000000, inc_y_i = 1.000000
En el else......

----------------------------------------
x = 56.000000, y = 258.000000
avance = -265.000000, avanceR = 2.000000, avanceI = 2.000000
inc_x_r = 0.000000, inc_y_r = 1.000000, inc_x_i = 1.000000, inc_y_i = 1.000000
En el else......

----------------------------------------
x = 56.000000, y = 259.000000
avance = -263.000000, avanceR = 2.000000, avanceI = 2.000000
inc_x_r = 0.000000, inc_y_r = 1.000000, inc_x_i = 1.000000, inc_y_i = 1.000000
En el else......

----------------------------------------
x = 56.000000, y = 260.000000
avance = -261.000000, avanceR = 2.000000, avanceI = 2.000000
inc_x_r = 0.000000, inc_y_r = 1.000000, inc_x_i = 1.000000, inc_y_i = 1.000000
En el else......

----------------------------------------
x = 56.000000, y = 261.000000
avance = -259.000000, avanceR = 2.000000, avanceI = 2.000000
inc_x_r = 0.000000, inc_y_r = 1.000000, inc_x_i = 1.000000, inc_y_i = 1.000000
En el else......

----------------------------------------
x = 56.000000, y = 262.000000
avance = -257.000000, avanceR = 2.000000, avanceI = 2.000000
inc_x_r = 0.000000, inc_y_r = 1.000000, inc_x_i = 1.000000, inc_y_i = 1.000000
En el else......

----------------------------------------
x = 56.000000, y = 263.000000
avance = -255.000000, avanceR = 2.000000, avanceI = 2.000000
inc_x_r = 0.000000, inc_y_r = 1.000000, inc_x_i = 1.000000, inc_y_i = 1.000000
En el else......

----------------------------------------
x = 56.000000, y = 264.000000
avance = -253.000000, avanceR = 2.000000, avanceI = 2.000000
inc_x_r = 0.000000, inc_y_r = 1.000000, inc_x_i = 1.000000, inc_y_i = 1.000000
En el else......

----------------------------------------
x = 56.000000, y = 265.000000
avance = -251.000000, avanceR = 2.000000, avanceI = 2.000000
inc_x_r = 0.000000, inc_y_r = 1.000000, inc_x_i = 1.000000, inc_y_i = 1.000000
En el else......

----------------------------------------


ENTRAMOS A BRESENHAMªªªª
x1 = 55.000000 - y1 = 15.000000 || x2 = 56.000000 - y2 = 266.000000
dy = 251.000000, dx = 1.000000
avances inclinados: inc_x_i = 1.000000, inc_y_i = 1.000000
updated: dy = 251.000000, dx = 1.000000
avances rectos: inc_x_r = 0.000000, inc_y_r 1.000000
reupdated: dy = 1.000000, dx = 251.000000
avanceR = 2.000000, avance -249.000000, avanceI 2.000000
----------------------------------------
x = 55.000000, y = 15.000000
avance = -249.000000, avanceR = 2.000000, avanceI = 2.000000
inc_x_r = 0.000000, inc_y_r = 1.000000, inc_x_i = 1.000000, inc_y_i = 1.000000
En el else......

----------------------------------------
x = 55.000000, y = 16.000000
avance = -247.000000, avanceR = 2.000000, avanceI = 2.000000
inc_x_r = 0.000000, inc_y_r = 1.000000, inc_x_i = 1.000000, inc_y_i = 1.000000
En el else......

----------------------------------------
x = 55.000000, y = 17.000000
avance = -245.000000, avanceR = 2.000000, avanceI = 2.000000
inc_x_r = 0.000000, inc_y_r = 1.000000, inc_x_i = 1.000000, inc_y_i = 1.000000
En el else......

----------------------------------------
x = 55.000000, y = 18.000000
avance = -243.000000, avanceR = 2.000000, avanceI = 2.000000
inc_x_r = 0.000000, inc_y_r = 1.000000, inc_x_i = 1.000000, inc_y_i = 1.000000
En el else......

----------------------------------------
x = 55.000000, y = 19.000000
avance = -241.000000, avanceR = 2.000000, avanceI = 2.000000
inc_x_r = 0.000000, inc_y_r = 1.000000, inc_x_i = 1.000000, inc_y_i = 1.000000
En el else......

----------------------------------------
x = 55.000000, y = 20.000000
avance = -239.000000, avanceR = 2.000000, avanceI = 2.000000
inc_x_r = 0.000000, inc_y_r = 1.000000, inc_x_i = 1.000000, inc_y_i = 1.000000
En el else......

----------------------------------------
x = 55.000000, y = 21.000000
avance = -237.000000, avanceR = 2.000000, avanceI = 2.000000
inc_x_r = 0.000000, inc_y_r = 1.000000, inc_x_i = 1.000000, inc_y_i = 1.000000
En el else......

----------------------------------------
x = 55.000000, y = 22.000000
avance = -235.000000, avanceR = 2.000000, avanceI = 2.000000
inc_x_r = 0.000000, inc_y_r = 1.000000, inc_x_i = 1.000000, inc_y_i = 1.000000
En el else......

----------------------------------------
x = 55.000000, y = 23.000000
avance = -233.000000, avanceR = 2.000000, avanceI = 2.000000
inc_x_r = 0.000000, inc_y_r = 1.000000, inc_x_i = 1.000000, inc_y_i = 1.000000
En el else......

----------------------------------------
x = 55.000000, y = 24.000000
avance = -231.000000, avanceR = 2.000000, avanceI = 2.000000
inc_x_r = 0.000000, inc_y_r = 1.000000, inc_x_i = 1.000000, inc_y_i = 1.000000
En el else......

----------------------------------------
x = 55.000000, y = 25.000000
avance = -229.000000, avanceR = 2.000000, avanceI = 2.000000
inc_x_r = 0.000000, inc_y_r = 1.000000, inc_x_i = 1.000000, inc_y_i = 1.000000
En el else......

----------------------------------------
x = 55.000000, y = 26.000000
avance = -227.000000, avanceR = 2.000000, avanceI = 2.000000
inc_x_r = 0.000000, inc_y_r = 1.000000, inc_x_i = 1.000000, inc_y_i = 1.000000
En el else......

----------------------------------------
x = 55.000000, y = 27.000000
avance = -225.000000, avanceR = 2.000000, avanceI = 2.000000
inc_x_r = 0.000000, inc_y_r = 1.000000, inc_x_i = 1.000000, inc_y_i = 1.000000
En el else......

----------------------------------------
x = 55.000000, y = 28.000000
avance = -223.000000, avanceR = 2.000000, avanceI = 2.000000
inc_x_r = 0.000000, inc_y_r = 1.000000, inc_x_i = 1.000000, inc_y_i = 1.000000
En el else......

----------------------------------------
x = 55.000000, y = 29.000000
avance = -221.000000, avanceR = 2.000000, avanceI = 2.000000
inc_x_r = 0.000000, inc_y_r = 1.000000, inc_x_i = 1.000000, inc_y_i = 1.000000
En el else......

----------------------------------------
x = 55.000000, y = 30.000000
avance = -219.000000, avanceR = 2.000000, avanceI = 2.000000
inc_x_r = 0.000000, inc_y_r = 1.000000, inc_x_i = 1.000000, inc_y_i = 1.000000
En el else......

----------------------------------------
x = 55.000000, y = 31.000000
avance = -217.000000, avanceR = 2.000000, avanceI = 2.000000
inc_x_r = 0.000000, inc_y_r = 1.000000, inc_x_i = 1.000000, inc_y_i = 1.000000
En el else......

----------------------------------------
x = 55.000000, y = 32.000000
avance = -215.000000, avanceR = 2.000000, avanceI = 2.000000
inc_x_r = 0.000000, inc_y_r = 1.000000, inc_x_i = 1.000000, inc_y_i = 1.000000
En el else......

----------------------------------------
x = 55.000000, y = 33.000000
avance = -213.000000, avanceR = 2.000000, avanceI = 2.000000
inc_x_r = 0.000000, inc_y_r = 1.000000, inc_x_i = 1.000000, inc_y_i = 1.000000
En el else......

----------------------------------------
x = 55.000000, y = 34.000000
avance = -211.000000, avanceR = 2.000000, avanceI = 2.000000
inc_x_r = 0.000000, inc_y_r = 1.000000, inc_x_i = 1.000000, inc_y_i = 1.000000
En el else......

----------------------------------------
x = 55.000000, y = 35.000000
avance = -209.000000, avanceR = 2.000000, avanceI = 2.000000
inc_x_r = 0.000000, inc_y_r = 1.000000, inc_x_i = 1.000000, inc_y_i = 1.000000
En el else......

----------------------------------------
x = 55.000000, y = 36.000000
avance = -207.000000, avanceR = 2.000000, avanceI = 2.000000
inc_x_r = 0.000000, inc_y_r = 1.000000, inc_x_i = 1.000000, inc_y_i = 1.000000
En el else......

----------------------------------------
x = 55.000000, y = 37.000000
avance = -205.000000, avanceR = 2.000000, avanceI = 2.000000
inc_x_r = 0.000000, inc_y_r = 1.000000, inc_x_i = 1.000000, inc_y_i = 1.000000
En el else......

----------------------------------------
x = 55.000000, y = 38.000000
avance = -203.000000, avanceR = 2.000000, avanceI = 2.000000
inc_x_r = 0.000000, inc_y_r = 1.000000, inc_x_i = 1.000000, inc_y_i = 1.000000
En el else......

----------------------------------------
x = 55.000000, y = 39.000000
avance = -201.000000, avanceR = 2.000000, avanceI = 2.000000
inc_x_r = 0.000000, inc_y_r = 1.000000, inc_x_i = 1.000000, inc_y_i = 1.000000
En el else......

----------------------------------------
x = 55.000000, y = 40.000000
avance = -199.000000, avanceR = 2.000000, avanceI = 2.000000
inc_x_r = 0.000000, inc_y_r = 1.000000, inc_x_i = 1.000000, inc_y_i = 1.000000
En el else......

----------------------------------------
x = 55.000000, y = 41.000000
avance = -197.000000, avanceR = 2.000000, avanceI = 2.000000
inc_x_r = 0.000000, inc_y_r = 1.000000, inc_x_i = 1.000000, inc_y_i = 1.000000
En el else......

----------------------------------------
x = 55.000000, y = 42.000000
avance = -195.000000, avanceR = 2.000000, avanceI = 2.000000
inc_x_r = 0.000000, inc_y_r = 1.000000, inc_x_i = 1.000000, inc_y_i = 1.000000
En el else......

----------------------------------------
x = 55.000000, y = 43.000000
avance = -193.000000, avanceR = 2.000000, avanceI = 2.000000
inc_x_r = 0.000000, inc_y_r = 1.000000, inc_x_i = 1.000000, inc_y_i = 1.000000
En el else......

----------------------------------------
x = 55.000000, y = 44.000000
avance = -191.000000, avanceR = 2.000000, avanceI = 2.000000
inc_x_r = 0.000000, inc_y_r = 1.000000, inc_x_i = 1.000000, inc_y_i = 1.000000
En el else......

----------------------------------------
x = 55.000000, y = 45.000000
avance = -189.000000, avanceR = 2.000000, avanceI = 2.000000
inc_x_r = 0.000000, inc_y_r = 1.000000, inc_x_i = 1.000000, inc_y_i = 1.000000
En el else......

----------------------------------------
x = 55.000000, y = 46.000000
avance = -187.000000, avanceR = 2.000000, avanceI = 2.000000
inc_x_r = 0.000000, inc_y_r = 1.000000, inc_x_i = 1.000000, inc_y_i = 1.000000
En el else......

----------------------------------------
x = 55.000000, y = 47.000000
avance = -185.000000, avanceR = 2.000000, avanceI = 2.000000
inc_x_r = 0.000000, inc_y_r = 1.000000, inc_x_i = 1.000000, inc_y_i = 1.000000
En el else......

----------------------------------------
x = 55.000000, y = 48.000000
avance = -183.000000, avanceR = 2.000000, avanceI = 2.000000
inc_x_r = 0.000000, inc_y_r = 1.000000, inc_x_i = 1.000000, inc_y_i = 1.000000
En el else......

----------------------------------------
x = 55.000000, y = 49.000000
avance = -181.000000, avanceR = 2.000000, avanceI = 2.000000
inc_x_r = 0.000000, inc_y_r = 1.000000, inc_x_i = 1.000000, inc_y_i = 1.000000
En el else......

----------------------------------------
x = 55.000000, y = 50.000000
avance = -179.000000, avanceR = 2.000000, avanceI = 2.000000
inc_x_r = 0.000000, inc_y_r = 1.000000, inc_x_i = 1.000000, inc_y_i = 1.000000
En el else......

----------------------------------------
x = 55.000000, y = 51.000000
avance = -177.000000, avanceR = 2.000000, avanceI = 2.000000
inc_x_r = 0.000000, inc_y_r = 1.000000, inc_x_i = 1.000000, inc_y_i = 1.000000
En el else......

----------------------------------------
x = 55.000000, y = 52.000000
avance = -175.000000, avanceR = 2.000000, avanceI = 2.000000
inc_x_r = 0.000000, inc_y_r = 1.000000, inc_x_i = 1.000000, inc_y_i = 1.000000
En el else......

----------------------------------------
x = 55.000000, y = 53.000000
avance = -173.000000, avanceR = 2.000000, avanceI = 2.000000
inc_x_r = 0.000000, inc_y_r = 1.000000, inc_x_i = 1.000000, inc_y_i = 1.000000
En el else......

----------------------------------------
x = 55.000000, y = 54.000000
avance = -171.000000, avanceR = 2.000000, avanceI = 2.000000
inc_x_r = 0.000000, inc_y_r = 1.000000, inc_x_i = 1.000000, inc_y_i = 1.000000
En el else......

----------------------------------------
x = 55.000000, y = 55.000000
avance = -169.000000, avanceR = 2.000000, avanceI = 2.000000
inc_x_r = 0.000000, inc_y_r = 1.000000, inc_x_i = 1.000000, inc_y_i = 1.000000
En el else......

----------------------------------------
x = 55.000000, y = 56.000000
avance = -167.000000, avanceR = 2.000000, avanceI = 2.000000
inc_x_r = 0.000000, inc_y_r = 1.000000, inc_x_i = 1.000000, inc_y_i = 1.000000
En el else......

----------------------------------------
x = 55.000000, y = 57.000000
avance = -165.000000, avanceR = 2.000000, avanceI = 2.000000
inc_x_r = 0.000000, inc_y_r = 1.000000, inc_x_i = 1.000000, inc_y_i = 1.000000
En el else......

----------------------------------------
x = 55.000000, y = 58.000000
avance = -163.000000, avanceR = 2.000000, avanceI = 2.000000
inc_x_r = 0.000000, inc_y_r = 1.000000, inc_x_i = 1.000000, inc_y_i = 1.000000
En el else......

----------------------------------------
x = 55.000000, y = 59.000000
avance = -161.000000, avanceR = 2.000000, avanceI = 2.000000
inc_x_r = 0.000000, inc_y_r = 1.000000, inc_x_i = 1.000000, inc_y_i = 1.000000
En el else......

----------------------------------------
x = 55.000000, y = 60.000000
avance = -159.000000, avanceR = 2.000000, avanceI = 2.000000
inc_x_r = 0.000000, inc_y_r = 1.000000, inc_x_i = 1.000000, inc_y_i = 1.000000
En el else......

----------------------------------------
x = 55.000000, y = 61.000000
avance = -157.000000, avanceR = 2.000000, avanceI = 2.000000
inc_x_r = 0.000000, inc_y_r = 1.000000, inc_x_i = 1.000000, inc_y_i = 1.000000
En el else......

----------------------------------------
x = 55.000000, y = 62.000000
avance = -155.000000, avanceR = 2.000000, avanceI = 2.000000
inc_x_r = 0.000000, inc_y_r = 1.000000, inc_x_i = 1.000000, inc_y_i = 1.000000
En el else......

----------------------------------------
x = 55.000000, y = 63.000000
avance = -153.000000, avanceR = 2.000000, avanceI = 2.000000
inc_x_r = 0.000000, inc_y_r = 1.000000, inc_x_i = 1.000000, inc_y_i = 1.000000
En el else......

----------------------------------------
x = 55.000000, y = 64.000000
avance = -151.000000, avanceR = 2.000000, avanceI = 2.000000
inc_x_r = 0.000000, inc_y_r = 1.000000, inc_x_i = 1.000000, inc_y_i = 1.000000
En el else......

----------------------------------------
x = 55.000000, y = 65.000000
avance = -149.000000, avanceR = 2.000000, avanceI = 2.000000
inc_x_r = 0.000000, inc_y_r = 1.000000, inc_x_i = 1.000000, inc_y_i = 1.000000
En el else......

----------------------------------------
x = 55.000000, y = 66.000000
avance = -147.000000, avanceR = 2.000000, avanceI = 2.000000
inc_x_r = 0.000000, inc_y_r = 1.000000, inc_x_i = 1.000000, inc_y_i = 1.000000
En el else......

----------------------------------------
x = 55.000000, y = 67.000000
avance = -145.000000, avanceR = 2.000000, avanceI = 2.000000
inc_x_r = 0.000000, inc_y_r = 1.000000, inc_x_i = 1.000000, inc_y_i = 1.000000
En el else......

----------------------------------------
x = 55.000000, y = 68.000000
avance = -143.000000, avanceR = 2.000000, avanceI = 2.000000
inc_x_r = 0.000000, inc_y_r = 1.000000, inc_x_i = 1.000000, inc_y_i = 1.000000
En el else......

----------------------------------------
x = 55.000000, y = 69.000000
avance = -141.000000, avanceR = 2.000000, avanceI = 2.000000
inc_x_r = 0.000000, inc_y_r = 1.000000, inc_x_i = 1.000000, inc_y_i = 1.000000
En el else......

----------------------------------------
x = 55.000000, y = 70.000000
avance = -139.000000, avanceR = 2.000000, avanceI = 2.000000
inc_x_r = 0.000000, inc_y_r = 1.000000, inc_x_i = 1.000000, inc_y_i = 1.000000
En el else......

----------------------------------------
x = 55.000000, y = 71.000000
avance = -137.000000, avanceR = 2.000000, avanceI = 2.000000
inc_x_r = 0.000000, inc_y_r = 1.000000, inc_x_i = 1.000000, inc_y_i = 1.000000
En el else......

----------------------------------------
x = 55.000000, y = 72.000000
avance = -135.000000, avanceR = 2.000000, avanceI = 2.000000
inc_x_r = 0.000000, inc_y_r = 1.000000, inc_x_i = 1.000000, inc_y_i = 1.000000
En el else......

----------------------------------------
x = 55.000000, y = 73.000000
avance = -133.000000, avanceR = 2.000000, avanceI = 2.000000
inc_x_r = 0.000000, inc_y_r = 1.000000, inc_x_i = 1.000000, inc_y_i = 1.000000
En el else......

----------------------------------------
x = 55.000000, y = 74.000000
avance = -131.000000, avanceR = 2.000000, avanceI = 2.000000
inc_x_r = 0.000000, inc_y_r = 1.000000, inc_x_i = 1.000000, inc_y_i = 1.000000
En el else......

----------------------------------------
x = 55.000000, y = 75.000000
avance = -129.000000, avanceR = 2.000000, avanceI = 2.000000
inc_x_r = 0.000000, inc_y_r = 1.000000, inc_x_i = 1.000000, inc_y_i = 1.000000
En el else......

----------------------------------------
x = 55.000000, y = 76.000000
avance = -127.000000, avanceR = 2.000000, avanceI = 2.000000
inc_x_r = 0.000000, inc_y_r = 1.000000, inc_x_i = 1.000000, inc_y_i = 1.000000
En el else......

----------------------------------------
x = 55.000000, y = 77.000000
avance = -125.000000, avanceR = 2.000000, avanceI = 2.000000
inc_x_r = 0.000000, inc_y_r = 1.000000, inc_x_i = 1.000000, inc_y_i = 1.000000
En el else......

----------------------------------------
x = 55.000000, y = 78.000000
avance = -123.000000, avanceR = 2.000000, avanceI = 2.000000
inc_x_r = 0.000000, inc_y_r = 1.000000, inc_x_i = 1.000000, inc_y_i = 1.000000
En el else......

----------------------------------------
x = 55.000000, y = 79.000000
avance = -121.000000, avanceR = 2.000000, avanceI = 2.000000
inc_x_r = 0.000000, inc_y_r = 1.000000, inc_x_i = 1.000000, inc_y_i = 1.000000
En el else......

----------------------------------------
x = 55.000000, y = 80.000000
avance = -119.000000, avanceR = 2.000000, avanceI = 2.000000
inc_x_r = 0.000000, inc_y_r = 1.000000, inc_x_i = 1.000000, inc_y_i = 1.000000
En el else......

----------------------------------------
x = 55.000000, y = 81.000000
avance = -117.000000, avanceR = 2.000000, avanceI = 2.000000
inc_x_r = 0.000000, inc_y_r = 1.000000, inc_x_i = 1.000000, inc_y_i = 1.000000
En el else......

----------------------------------------
x = 55.000000, y = 82.000000
avance = -115.000000, avanceR = 2.000000, avanceI = 2.000000
inc_x_r = 0.000000, inc_y_r = 1.000000, inc_x_i = 1.000000, inc_y_i = 1.000000
En el else......

----------------------------------------
x = 55.000000, y = 83.000000
avance = -113.000000, avanceR = 2.000000, avanceI = 2.000000
inc_x_r = 0.000000, inc_y_r = 1.000000, inc_x_i = 1.000000, inc_y_i = 1.000000
En el else......

----------------------------------------
x = 55.000000, y = 84.000000
avance = -111.000000, avanceR = 2.000000, avanceI = 2.000000
inc_x_r = 0.000000, inc_y_r = 1.000000, inc_x_i = 1.000000, inc_y_i = 1.000000
En el else......

----------------------------------------
x = 55.000000, y = 85.000000
avance = -109.000000, avanceR = 2.000000, avanceI = 2.000000
inc_x_r = 0.000000, inc_y_r = 1.000000, inc_x_i = 1.000000, inc_y_i = 1.000000
En el else......

----------------------------------------
x = 55.000000, y = 86.000000
avance = -107.000000, avanceR = 2.000000, avanceI = 2.000000
inc_x_r = 0.000000, inc_y_r = 1.000000, inc_x_i = 1.000000, inc_y_i = 1.000000
En el else......

----------------------------------------
x = 55.000000, y = 87.000000
avance = -105.000000, avanceR = 2.000000, avanceI = 2.000000
inc_x_r = 0.000000, inc_y_r = 1.000000, inc_x_i = 1.000000, inc_y_i = 1.000000
En el else......

----------------------------------------
x = 55.000000, y = 88.000000
avance = -103.000000, avanceR = 2.000000, avanceI = 2.000000
inc_x_r = 0.000000, inc_y_r = 1.000000, inc_x_i = 1.000000, inc_y_i = 1.000000
En el else......

----------------------------------------
x = 55.000000, y = 89.000000
avance = -101.000000, avanceR = 2.000000, avanceI = 2.000000
inc_x_r = 0.000000, inc_y_r = 1.000000, inc_x_i = 1.000000, inc_y_i = 1.000000
En el else......

----------------------------------------
x = 55.000000, y = 90.000000
avance = -99.000000, avanceR = 2.000000, avanceI = 2.000000
inc_x_r = 0.000000, inc_y_r = 1.000000, inc_x_i = 1.000000, inc_y_i = 1.000000
En el else......

----------------------------------------
x = 55.000000, y = 91.000000
avance = -97.000000, avanceR = 2.000000, avanceI = 2.000000
inc_x_r = 0.000000, inc_y_r = 1.000000, inc_x_i = 1.000000, inc_y_i = 1.000000
En el else......

----------------------------------------
x = 55.000000, y = 92.000000
avance = -95.000000, avanceR = 2.000000, avanceI = 2.000000
inc_x_r = 0.000000, inc_y_r = 1.000000, inc_x_i = 1.000000, inc_y_i = 1.000000
En el else......

----------------------------------------
x = 55.000000, y = 93.000000
avance = -93.000000, avanceR = 2.000000, avanceI = 2.000000
inc_x_r = 0.000000, inc_y_r = 1.000000, inc_x_i = 1.000000, inc_y_i = 1.000000
En el else......

----------------------------------------
x = 55.000000, y = 94.000000
avance = -91.000000, avanceR = 2.000000, avanceI = 2.000000
inc_x_r = 0.000000, inc_y_r = 1.000000, inc_x_i = 1.000000, inc_y_i = 1.000000
En el else......

----------------------------------------
x = 55.000000, y = 95.000000
avance = -89.000000, avanceR = 2.000000, avanceI = 2.000000
inc_x_r = 0.000000, inc_y_r = 1.000000, inc_x_i = 1.000000, inc_y_i = 1.000000
En el else......

----------------------------------------
x = 55.000000, y = 96.000000
avance = -87.000000, avanceR = 2.000000, avanceI = 2.000000
inc_x_r = 0.000000, inc_y_r = 1.000000, inc_x_i = 1.000000, inc_y_i = 1.000000
En el else......

----------------------------------------
x = 55.000000, y = 97.000000
avance = -85.000000, avanceR = 2.000000, avanceI = 2.000000
inc_x_r = 0.000000, inc_y_r = 1.000000, inc_x_i = 1.000000, inc_y_i = 1.000000
En el else......

----------------------------------------
x = 55.000000, y = 98.000000
avance = -83.000000, avanceR = 2.000000, avanceI = 2.000000
inc_x_r = 0.000000, inc_y_r = 1.000000, inc_x_i = 1.000000, inc_y_i = 1.000000
En el else......

----------------------------------------
x = 55.000000, y = 99.000000
avance = -81.000000, avanceR = 2.000000, avanceI = 2.000000
inc_x_r = 0.000000, inc_y_r = 1.000000, inc_x_i = 1.000000, inc_y_i = 1.000000
En el else......

----------------------------------------
x = 55.000000, y = 100.000000
avance = -79.000000, avanceR = 2.000000, avanceI = 2.000000
inc_x_r = 0.000000, inc_y_r = 1.000000, inc_x_i = 1.000000, inc_y_i = 1.000000
En el else......

----------------------------------------
x = 55.000000, y = 101.000000
avance = -77.000000, avanceR = 2.000000, avanceI = 2.000000
inc_x_r = 0.000000, inc_y_r = 1.000000, inc_x_i = 1.000000, inc_y_i = 1.000000
En el else......

----------------------------------------
x = 55.000000, y = 102.000000
avance = -75.000000, avanceR = 2.000000, avanceI = 2.000000
inc_x_r = 0.000000, inc_y_r = 1.000000, inc_x_i = 1.000000, inc_y_i = 1.000000
En el else......

----------------------------------------
x = 55.000000, y = 103.000000
avance = -73.000000, avanceR = 2.000000, avanceI = 2.000000
inc_x_r = 0.000000, inc_y_r = 1.000000, inc_x_i = 1.000000, inc_y_i = 1.000000
En el else......

----------------------------------------
x = 55.000000, y = 104.000000
avance = -71.000000, avanceR = 2.000000, avanceI = 2.000000
inc_x_r = 0.000000, inc_y_r = 1.000000, inc_x_i = 1.000000, inc_y_i = 1.000000
En el else......

----------------------------------------
x = 55.000000, y = 105.000000
avance = -69.000000, avanceR = 2.000000, avanceI = 2.000000
inc_x_r = 0.000000, inc_y_r = 1.000000, inc_x_i = 1.000000, inc_y_i = 1.000000
En el else......

----------------------------------------
x = 55.000000, y = 106.000000
avance = -67.000000, avanceR = 2.000000, avanceI = 2.000000
inc_x_r = 0.000000, inc_y_r = 1.000000, inc_x_i = 1.000000, inc_y_i = 1.000000
En el else......

----------------------------------------
x = 55.000000, y = 107.000000
avance = -65.000000, avanceR = 2.000000, avanceI = 2.000000
inc_x_r = 0.000000, inc_y_r = 1.000000, inc_x_i = 1.000000, inc_y_i = 1.000000
En el else......

----------------------------------------
x = 55.000000, y = 108.000000
avance = -63.000000, avanceR = 2.000000, avanceI = 2.000000
inc_x_r = 0.000000, inc_y_r = 1.000000, inc_x_i = 1.000000, inc_y_i = 1.000000
En el else......

----------------------------------------
x = 55.000000, y = 109.000000
avance = -61.000000, avanceR = 2.000000, avanceI = 2.000000
inc_x_r = 0.000000, inc_y_r = 1.000000, inc_x_i = 1.000000, inc_y_i = 1.000000
En el else......

----------------------------------------
x = 55.000000, y = 110.000000
avance = -59.000000, avanceR = 2.000000, avanceI = 2.000000
inc_x_r = 0.000000, inc_y_r = 1.000000, inc_x_i = 1.000000, inc_y_i = 1.000000
En el else......

----------------------------------------
x = 55.000000, y = 111.000000
avance = -57.000000, avanceR = 2.000000, avanceI = 2.000000
inc_x_r = 0.000000, inc_y_r = 1.000000, inc_x_i = 1.000000, inc_y_i = 1.000000
En el else......

----------------------------------------
x = 55.000000, y = 112.000000
avance = -55.000000, avanceR = 2.000000, avanceI = 2.000000
inc_x_r = 0.000000, inc_y_r = 1.000000, inc_x_i = 1.000000, inc_y_i = 1.000000
En el else......

----------------------------------------
x = 55.000000, y = 113.000000
avance = -53.000000, avanceR = 2.000000, avanceI = 2.000000
inc_x_r = 0.000000, inc_y_r = 1.000000, inc_x_i = 1.000000, inc_y_i = 1.000000
En el else......

----------------------------------------
x = 55.000000, y = 114.000000
avance = -51.000000, avanceR = 2.000000, avanceI = 2.000000
inc_x_r = 0.000000, inc_y_r = 1.000000, inc_x_i = 1.000000, inc_y_i = 1.000000
En el else......

----------------------------------------
x = 55.000000, y = 115.000000
avance = -49.000000, avanceR = 2.000000, avanceI = 2.000000
inc_x_r = 0.000000, inc_y_r = 1.000000, inc_x_i = 1.000000, inc_y_i = 1.000000
En el else......

----------------------------------------
x = 55.000000, y = 116.000000
avance = -47.000000, avanceR = 2.000000, avanceI = 2.000000
inc_x_r = 0.000000, inc_y_r = 1.000000, inc_x_i = 1.000000, inc_y_i = 1.000000
En el else......

----------------------------------------
x = 55.000000, y = 117.000000
avance = -45.000000, avanceR = 2.000000, avanceI = 2.000000
inc_x_r = 0.000000, inc_y_r = 1.000000, inc_x_i = 1.000000, inc_y_i = 1.000000
En el else......

----------------------------------------
x = 55.000000, y = 118.000000
avance = -43.000000, avanceR = 2.000000, avanceI = 2.000000
inc_x_r = 0.000000, inc_y_r = 1.000000, inc_x_i = 1.000000, inc_y_i = 1.000000
En el else......

----------------------------------------
x = 55.000000, y = 119.000000
avance = -41.000000, avanceR = 2.000000, avanceI = 2.000000
inc_x_r = 0.000000, inc_y_r = 1.000000, inc_x_i = 1.000000, inc_y_i = 1.000000
En el else......

----------------------------------------
x = 55.000000, y = 120.000000
avance = -39.000000, avanceR = 2.000000, avanceI = 2.000000
inc_x_r = 0.000000, inc_y_r = 1.000000, inc_x_i = 1.000000, inc_y_i = 1.000000
En el else......

----------------------------------------
x = 55.000000, y = 121.000000
avance = -37.000000, avanceR = 2.000000, avanceI = 2.000000
inc_x_r = 0.000000, inc_y_r = 1.000000, inc_x_i = 1.000000, inc_y_i = 1.000000
En el else......

----------------------------------------
x = 55.000000, y = 122.000000
avance = -35.000000, avanceR = 2.000000, avanceI = 2.000000
inc_x_r = 0.000000, inc_y_r = 1.000000, inc_x_i = 1.000000, inc_y_i = 1.000000
En el else......

----------------------------------------
x = 55.000000, y = 123.000000
avance = -33.000000, avanceR = 2.000000, avanceI = 2.000000
inc_x_r = 0.000000, inc_y_r = 1.000000, inc_x_i = 1.000000, inc_y_i = 1.000000
En el else......

----------------------------------------
x = 55.000000, y = 124.000000
avance = -31.000000, avanceR = 2.000000, avanceI = 2.000000
inc_x_r = 0.000000, inc_y_r = 1.000000, inc_x_i = 1.000000, inc_y_i = 1.000000
En el else......

----------------------------------------
x = 55.000000, y = 125.000000
avance = -29.000000, avanceR = 2.000000, avanceI = 2.000000
inc_x_r = 0.000000, inc_y_r = 1.000000, inc_x_i = 1.000000, inc_y_i = 1.000000
En el else......

----------------------------------------
x = 55.000000, y = 126.000000
avance = -27.000000, avanceR = 2.000000, avanceI = 2.000000
inc_x_r = 0.000000, inc_y_r = 1.000000, inc_x_i = 1.000000, inc_y_i = 1.000000
En el else......

----------------------------------------
x = 55.000000, y = 127.000000
avance = -25.000000, avanceR = 2.000000, avanceI = 2.000000
inc_x_r = 0.000000, inc_y_r = 1.000000, inc_x_i = 1.000000, inc_y_i = 1.000000
En el else......

----------------------------------------
x = 55.000000, y = 128.000000
avance = -23.000000, avanceR = 2.000000, avanceI = 2.000000
inc_x_r = 0.000000, inc_y_r = 1.000000, inc_x_i = 1.000000, inc_y_i = 1.000000
En el else......

----------------------------------------
x = 55.000000, y = 129.000000
avance = -21.000000, avanceR = 2.000000, avanceI = 2.000000
inc_x_r = 0.000000, inc_y_r = 1.000000, inc_x_i = 1.000000, inc_y_i = 1.000000
En el else......

----------------------------------------
x = 55.000000, y = 130.000000
avance = -19.000000, avanceR = 2.000000, avanceI = 2.000000
inc_x_r = 0.000000, inc_y_r = 1.000000, inc_x_i = 1.000000, inc_y_i = 1.000000
En el else......

----------------------------------------
x = 55.000000, y = 131.000000
avance = -17.000000, avanceR = 2.000000, avanceI = 2.000000
inc_x_r = 0.000000, inc_y_r = 1.000000, inc_x_i = 1.000000, inc_y_i = 1.000000
En el else......

----------------------------------------
x = 55.000000, y = 132.000000
avance = -15.000000, avanceR = 2.000000, avanceI = 2.000000
inc_x_r = 0.000000, inc_y_r = 1.000000, inc_x_i = 1.000000, inc_y_i = 1.000000
En el else......

----------------------------------------
x = 55.000000, y = 133.000000
avance = -13.000000, avanceR = 2.000000, avanceI = 2.000000
inc_x_r = 0.000000, inc_y_r = 1.000000, inc_x_i = 1.000000, inc_y_i = 1.000000
En el else......

----------------------------------------
x = 55.000000, y = 134.000000
avance = -11.000000, avanceR = 2.000000, avanceI = 2.000000
inc_x_r = 0.000000, inc_y_r = 1.000000, inc_x_i = 1.000000, inc_y_i = 1.000000
En el else......

----------------------------------------
x = 55.000000, y = 135.000000
avance = -9.000000, avanceR = 2.000000, avanceI = 2.000000
inc_x_r = 0.000000, inc_y_r = 1.000000, inc_x_i = 1.000000, inc_y_i = 1.000000
En el else......

----------------------------------------
x = 55.000000, y = 136.000000
avance = -7.000000, avanceR = 2.000000, avanceI = 2.000000
inc_x_r = 0.000000, inc_y_r = 1.000000, inc_x_i = 1.000000, inc_y_i = 1.000000
En el else......

----------------------------------------
x = 55.000000, y = 137.000000
avance = -5.000000, avanceR = 2.000000, avanceI = 2.000000
inc_x_r = 0.000000, inc_y_r = 1.000000, inc_x_i = 1.000000, inc_y_i = 1.000000
En el else......

----------------------------------------
x = 55.000000, y = 138.000000
avance = -3.000000, avanceR = 2.000000, avanceI = 2.000000
inc_x_r = 0.000000, inc_y_r = 1.000000, inc_x_i = 1.000000, inc_y_i = 1.000000
En el else......

----------------------------------------
x = 55.000000, y = 139.000000
avance = -1.000000, avanceR = 2.000000, avanceI = 2.000000
inc_x_r = 0.000000, inc_y_r = 1.000000, inc_x_i = 1.000000, inc_y_i = 1.000000
En el else......

----------------------------------------
x = 55.000000, y = 140.000000
avance = 1.000000, avanceR = 2.000000, avanceI = 2.000000
inc_x_r = 0.000000, inc_y_r = 1.000000, inc_x_i = 1.000000, inc_y_i = 1.000000
avance >= 0

----------------------------------------
x = 56.000000, y = 141.000000
avance = -499.000000, avanceR = 2.000000, avanceI = 2.000000
inc_x_r = 0.000000, inc_y_r = 1.000000, inc_x_i = 1.000000, inc_y_i = 1.000000
En el else......

----------------------------------------
x = 56.000000, y = 142.000000
avance = -497.000000, avanceR = 2.000000, avanceI = 2.000000
inc_x_r = 0.000000, inc_y_r = 1.000000, inc_x_i = 1.000000, inc_y_i = 1.000000
En el else......

----------------------------------------
x = 56.000000, y = 143.000000
avance = -495.000000, avanceR = 2.000000, avanceI = 2.000000
inc_x_r = 0.000000, inc_y_r = 1.000000, inc_x_i = 1.000000, inc_y_i = 1.000000
En el else......

----------------------------------------
x = 56.000000, y = 144.000000
avance = -493.000000, avanceR = 2.000000, avanceI = 2.000000
inc_x_r = 0.000000, inc_y_r = 1.000000, inc_x_i = 1.000000, inc_y_i = 1.000000
En el else......

----------------------------------------
x = 56.000000, y = 145.000000
avance = -491.000000, avanceR = 2.000000, avanceI = 2.000000
inc_x_r = 0.000000, inc_y_r = 1.000000, inc_x_i = 1.000000, inc_y_i = 1.000000
En el else......

----------------------------------------
x = 56.000000, y = 146.000000
avance = -489.000000, avanceR = 2.000000, avanceI = 2.000000
inc_x_r = 0.000000, inc_y_r = 1.000000, inc_x_i = 1.000000, inc_y_i = 1.000000
En el else......

----------------------------------------
x = 56.000000, y = 147.000000
avance = -487.000000, avanceR = 2.000000, avanceI = 2.000000
inc_x_r = 0.000000, inc_y_r = 1.000000, inc_x_i = 1.000000, inc_y_i = 1.000000
En el else......

----------------------------------------
x = 56.000000, y = 148.000000
avance = -485.000000, avanceR = 2.000000, avanceI = 2.000000
inc_x_r = 0.000000, inc_y_r = 1.000000, inc_x_i = 1.000000, inc_y_i = 1.000000
En el else......

----------------------------------------
x = 56.000000, y = 149.000000
avance = -483.000000, avanceR = 2.000000, avanceI = 2.000000
inc_x_r = 0.000000, inc_y_r = 1.000000, inc_x_i = 1.000000, inc_y_i = 1.000000
En el else......

----------------------------------------
x = 56.000000, y = 150.000000
avance = -481.000000, avanceR = 2.000000, avanceI = 2.000000
inc_x_r = 0.000000, inc_y_r = 1.000000, inc_x_i = 1.000000, inc_y_i = 1.000000
En el else......

----------------------------------------
x = 56.000000, y = 151.000000
avance = -479.000000, avanceR = 2.000000, avanceI = 2.000000
inc_x_r = 0.000000, inc_y_r = 1.000000, inc_x_i = 1.000000, inc_y_i = 1.000000
En el else......

----------------------------------------
x = 56.000000, y = 152.000000
avance = -477.000000, avanceR = 2.000000, avanceI = 2.000000
inc_x_r = 0.000000, inc_y_r = 1.000000, inc_x_i = 1.000000, inc_y_i = 1.000000
En el else......

----------------------------------------
x = 56.000000, y = 153.000000
avance = -475.000000, avanceR = 2.000000, avanceI = 2.000000
inc_x_r = 0.000000, inc_y_r = 1.000000, inc_x_i = 1.000000, inc_y_i = 1.000000
En el else......

----------------------------------------
x = 56.000000, y = 154.000000
avance = -473.000000, avanceR = 2.000000, avanceI = 2.000000
inc_x_r = 0.000000, inc_y_r = 1.000000, inc_x_i = 1.000000, inc_y_i = 1.000000
En el else......

----------------------------------------
x = 56.000000, y = 155.000000
avance = -471.000000, avanceR = 2.000000, avanceI = 2.000000
inc_x_r = 0.000000, inc_y_r = 1.000000, inc_x_i = 1.000000, inc_y_i = 1.000000
En el else......

----------------------------------------
x = 56.000000, y = 156.000000
avance = -469.000000, avanceR = 2.000000, avanceI = 2.000000
inc_x_r = 0.000000, inc_y_r = 1.000000, inc_x_i = 1.000000, inc_y_i = 1.000000
En el else......

----------------------------------------
x = 56.000000, y = 157.000000
avance = -467.000000, avanceR = 2.000000, avanceI = 2.000000
inc_x_r = 0.000000, inc_y_r = 1.000000, inc_x_i = 1.000000, inc_y_i = 1.000000
En el else......

----------------------------------------
x = 56.000000, y = 158.000000
avance = -465.000000, avanceR = 2.000000, avanceI = 2.000000
inc_x_r = 0.000000, inc_y_r = 1.000000, inc_x_i = 1.000000, inc_y_i = 1.000000
En el else......

----------------------------------------
x = 56.000000, y = 159.000000
avance = -463.000000, avanceR = 2.000000, avanceI = 2.000000
inc_x_r = 0.000000, inc_y_r = 1.000000, inc_x_i = 1.000000, inc_y_i = 1.000000
En el else......

----------------------------------------
x = 56.000000, y = 160.000000
avance = -461.000000, avanceR = 2.000000, avanceI = 2.000000
inc_x_r = 0.000000, inc_y_r = 1.000000, inc_x_i = 1.000000, inc_y_i = 1.000000
En el else......

----------------------------------------
x = 56.000000, y = 161.000000
avance = -459.000000, avanceR = 2.000000, avanceI = 2.000000
inc_x_r = 0.000000, inc_y_r = 1.000000, inc_x_i = 1.000000, inc_y_i = 1.000000
En el else......

----------------------------------------
x = 56.000000, y = 162.000000
avance = -457.000000, avanceR = 2.000000, avanceI = 2.000000
inc_x_r = 0.000000, inc_y_r = 1.000000, inc_x_i = 1.000000, inc_y_i = 1.000000
En el else......

----------------------------------------
x = 56.000000, y = 163.000000
avance = -455.000000, avanceR = 2.000000, avanceI = 2.000000
inc_x_r = 0.000000, inc_y_r = 1.000000, inc_x_i = 1.000000, inc_y_i = 1.000000
En el else......

----------------------------------------
x = 56.000000, y = 164.000000
avance = -453.000000, avanceR = 2.000000, avanceI = 2.000000
inc_x_r = 0.000000, inc_y_r = 1.000000, inc_x_i = 1.000000, inc_y_i = 1.000000
En el else......

----------------------------------------
x = 56.000000, y = 165.000000
avance = -451.000000, avanceR = 2.000000, avanceI = 2.000000
inc_x_r = 0.000000, inc_y_r = 1.000000, inc_x_i = 1.000000, inc_y_i = 1.000000
En el else......

----------------------------------------
x = 56.000000, y = 166.000000
avance = -449.000000, avanceR = 2.000000, avanceI = 2.000000
inc_x_r = 0.000000, inc_y_r = 1.000000, inc_x_i = 1.000000, inc_y_i = 1.000000
En el else......

----------------------------------------
x = 56.000000, y = 167.000000
avance = -447.000000, avanceR = 2.000000, avanceI = 2.000000
inc_x_r = 0.000000, inc_y_r = 1.000000, inc_x_i = 1.000000, inc_y_i = 1.000000
En el else......

----------------------------------------
x = 56.000000, y = 168.000000
avance = -445.000000, avanceR = 2.000000, avanceI = 2.000000
inc_x_r = 0.000000, inc_y_r = 1.000000, inc_x_i = 1.000000, inc_y_i = 1.000000
En el else......

----------------------------------------
x = 56.000000, y = 169.000000
avance = -443.000000, avanceR = 2.000000, avanceI = 2.000000
inc_x_r = 0.000000, inc_y_r = 1.000000, inc_x_i = 1.000000, inc_y_i = 1.000000
En el else......

----------------------------------------
x = 56.000000, y = 170.000000
avance = -441.000000, avanceR = 2.000000, avanceI = 2.000000
inc_x_r = 0.000000, inc_y_r = 1.000000, inc_x_i = 1.000000, inc_y_i = 1.000000
En el else......

----------------------------------------
x = 56.000000, y = 171.000000
avance = -439.000000, avanceR = 2.000000, avanceI = 2.000000
inc_x_r = 0.000000, inc_y_r = 1.000000, inc_x_i = 1.000000, inc_y_i = 1.000000
En el else......

----------------------------------------
x = 56.000000, y = 172.000000
avance = -437.000000, avanceR = 2.000000, avanceI = 2.000000
inc_x_r = 0.000000, inc_y_r = 1.000000, inc_x_i = 1.000000, inc_y_i = 1.000000
En el else......

----------------------------------------
x = 56.000000, y = 173.000000
avance = -435.000000, avanceR = 2.000000, avanceI = 2.000000
inc_x_r = 0.000000, inc_y_r = 1.000000, inc_x_i = 1.000000, inc_y_i = 1.000000
En el else......

----------------------------------------
x = 56.000000, y = 174.000000
avance = -433.000000, avanceR = 2.000000, avanceI = 2.000000
inc_x_r = 0.000000, inc_y_r = 1.000000, inc_x_i = 1.000000, inc_y_i = 1.000000
En el else......

----------------------------------------
x = 56.000000, y = 175.000000
avance = -431.000000, avanceR = 2.000000, avanceI = 2.000000
inc_x_r = 0.000000, inc_y_r = 1.000000, inc_x_i = 1.000000, inc_y_i = 1.000000
En el else......

----------------------------------------
x = 56.000000, y = 176.000000
avance = -429.000000, avanceR = 2.000000, avanceI = 2.000000
inc_x_r = 0.000000, inc_y_r = 1.000000, inc_x_i = 1.000000, inc_y_i = 1.000000
En el else......

----------------------------------------
x = 56.000000, y = 177.000000
avance = -427.000000, avanceR = 2.000000, avanceI = 2.000000
inc_x_r = 0.000000, inc_y_r = 1.000000, inc_x_i = 1.000000, inc_y_i = 1.000000
En el else......

----------------------------------------
x = 56.000000, y = 178.000000
avance = -425.000000, avanceR = 2.000000, avanceI = 2.000000
inc_x_r = 0.000000, inc_y_r = 1.000000, inc_x_i = 1.000000, inc_y_i = 1.000000
En el else......

----------------------------------------
x = 56.000000, y = 179.000000
avance = -423.000000, avanceR = 2.000000, avanceI = 2.000000
inc_x_r = 0.000000, inc_y_r = 1.000000, inc_x_i = 1.000000, inc_y_i = 1.000000
En el else......

----------------------------------------
x = 56.000000, y = 180.000000
avance = -421.000000, avanceR = 2.000000, avanceI = 2.000000
inc_x_r = 0.000000, inc_y_r = 1.000000, inc_x_i = 1.000000, inc_y_i = 1.000000
En el else......

----------------------------------------
x = 56.000000, y = 181.000000
avance = -419.000000, avanceR = 2.000000, avanceI = 2.000000
inc_x_r = 0.000000, inc_y_r = 1.000000, inc_x_i = 1.000000, inc_y_i = 1.000000
En el else......

----------------------------------------
x = 56.000000, y = 182.000000
avance = -417.000000, avanceR = 2.000000, avanceI = 2.000000
inc_x_r = 0.000000, inc_y_r = 1.000000, inc_x_i = 1.000000, inc_y_i = 1.000000
En el else......

----------------------------------------
x = 56.000000, y = 183.000000
avance = -415.000000, avanceR = 2.000000, avanceI = 2.000000
inc_x_r = 0.000000, inc_y_r = 1.000000, inc_x_i = 1.000000, inc_y_i = 1.000000
En el else......

----------------------------------------
x = 56.000000, y = 184.000000
avance = -413.000000, avanceR = 2.000000, avanceI = 2.000000
inc_x_r = 0.000000, inc_y_r = 1.000000, inc_x_i = 1.000000, inc_y_i = 1.000000
En el else......

----------------------------------------
x = 56.000000, y = 185.000000
avance = -411.000000, avanceR = 2.000000, avanceI = 2.000000
inc_x_r = 0.000000, inc_y_r = 1.000000, inc_x_i = 1.000000, inc_y_i = 1.000000
En el else......

----------------------------------------
x = 56.000000, y = 186.000000
avance = -409.000000, avanceR = 2.000000, avanceI = 2.000000
inc_x_r = 0.000000, inc_y_r = 1.000000, inc_x_i = 1.000000, inc_y_i = 1.000000
En el else......

----------------------------------------
x = 56.000000, y = 187.000000
avance = -407.000000, avanceR = 2.000000, avanceI = 2.000000
inc_x_r = 0.000000, inc_y_r = 1.000000, inc_x_i = 1.000000, inc_y_i = 1.000000
En el else......

----------------------------------------
x = 56.000000, y = 188.000000
avance = -405.000000, avanceR = 2.000000, avanceI = 2.000000
inc_x_r = 0.000000, inc_y_r = 1.000000, inc_x_i = 1.000000, inc_y_i = 1.000000
En el else......

----------------------------------------
x = 56.000000, y = 189.000000
avance = -403.000000, avanceR = 2.000000, avanceI = 2.000000
inc_x_r = 0.000000, inc_y_r = 1.000000, inc_x_i = 1.000000, inc_y_i = 1.000000
En el else......

----------------------------------------
x = 56.000000, y = 190.000000
avance = -401.000000, avanceR = 2.000000, avanceI = 2.000000
inc_x_r = 0.000000, inc_y_r = 1.000000, inc_x_i = 1.000000, inc_y_i = 1.000000
En el else......

----------------------------------------
x = 56.000000, y = 191.000000
avance = -399.000000, avanceR = 2.000000, avanceI = 2.000000
inc_x_r = 0.000000, inc_y_r = 1.000000, inc_x_i = 1.000000, inc_y_i = 1.000000
En el else......

----------------------------------------
x = 56.000000, y = 192.000000
avance = -397.000000, avanceR = 2.000000, avanceI = 2.000000
inc_x_r = 0.000000, inc_y_r = 1.000000, inc_x_i = 1.000000, inc_y_i = 1.000000
En el else......

----------------------------------------
x = 56.000000, y = 193.000000
avance = -395.000000, avanceR = 2.000000, avanceI = 2.000000
inc_x_r = 0.000000, inc_y_r = 1.000000, inc_x_i = 1.000000, inc_y_i = 1.000000
En el else......

----------------------------------------
x = 56.000000, y = 194.000000
avance = -393.000000, avanceR = 2.000000, avanceI = 2.000000
inc_x_r = 0.000000, inc_y_r = 1.000000, inc_x_i = 1.000000, inc_y_i = 1.000000
En el else......

----------------------------------------
x = 56.000000, y = 195.000000
avance = -391.000000, avanceR = 2.000000, avanceI = 2.000000
inc_x_r = 0.000000, inc_y_r = 1.000000, inc_x_i = 1.000000, inc_y_i = 1.000000
En el else......

----------------------------------------
x = 56.000000, y = 196.000000
avance = -389.000000, avanceR = 2.000000, avanceI = 2.000000
inc_x_r = 0.000000, inc_y_r = 1.000000, inc_x_i = 1.000000, inc_y_i = 1.000000
En el else......

----------------------------------------
x = 56.000000, y = 197.000000
avance = -387.000000, avanceR = 2.000000, avanceI = 2.000000
inc_x_r = 0.000000, inc_y_r = 1.000000, inc_x_i = 1.000000, inc_y_i = 1.000000
En el else......

----------------------------------------
x = 56.000000, y = 198.000000
avance = -385.000000, avanceR = 2.000000, avanceI = 2.000000
inc_x_r = 0.000000, inc_y_r = 1.000000, inc_x_i = 1.000000, inc_y_i = 1.000000
En el else......

----------------------------------------
x = 56.000000, y = 199.000000
avance = -383.000000, avanceR = 2.000000, avanceI = 2.000000
inc_x_r = 0.000000, inc_y_r = 1.000000, inc_x_i = 1.000000, inc_y_i = 1.000000
En el else......

----------------------------------------
x = 56.000000, y = 200.000000
avance = -381.000000, avanceR = 2.000000, avanceI = 2.000000
inc_x_r = 0.000000, inc_y_r = 1.000000, inc_x_i = 1.000000, inc_y_i = 1.000000
En el else......

----------------------------------------
x = 56.000000, y = 201.000000
avance = -379.000000, avanceR = 2.000000, avanceI = 2.000000
inc_x_r = 0.000000, inc_y_r = 1.000000, inc_x_i = 1.000000, inc_y_i = 1.000000
En el else......

----------------------------------------
x = 56.000000, y = 202.000000
avance = -377.000000, avanceR = 2.000000, avanceI = 2.000000
inc_x_r = 0.000000, inc_y_r = 1.000000, inc_x_i = 1.000000, inc_y_i = 1.000000
En el else......

----------------------------------------
x = 56.000000, y = 203.000000
avance = -375.000000, avanceR = 2.000000, avanceI = 2.000000
inc_x_r = 0.000000, inc_y_r = 1.000000, inc_x_i = 1.000000, inc_y_i = 1.000000
En el else......

----------------------------------------
x = 56.000000, y = 204.000000
avance = -373.000000, avanceR = 2.000000, avanceI = 2.000000
inc_x_r = 0.000000, inc_y_r = 1.000000, inc_x_i = 1.000000, inc_y_i = 1.000000
En el else......

----------------------------------------
x = 56.000000, y = 205.000000
avance = -371.000000, avanceR = 2.000000, avanceI = 2.000000
inc_x_r = 0.000000, inc_y_r = 1.000000, inc_x_i = 1.000000, inc_y_i = 1.000000
En el else......

----------------------------------------
x = 56.000000, y = 206.000000
avance = -369.000000, avanceR = 2.000000, avanceI = 2.000000
inc_x_r = 0.000000, inc_y_r = 1.000000, inc_x_i = 1.000000, inc_y_i = 1.000000
En el else......

----------------------------------------
x = 56.000000, y = 207.000000
avance = -367.000000, avanceR = 2.000000, avanceI = 2.000000
inc_x_r = 0.000000, inc_y_r = 1.000000, inc_x_i = 1.000000, inc_y_i = 1.000000
En el else......

----------------------------------------
x = 56.000000, y = 208.000000
avance = -365.000000, avanceR = 2.000000, avanceI = 2.000000
inc_x_r = 0.000000, inc_y_r = 1.000000, inc_x_i = 1.000000, inc_y_i = 1.000000
En el else......

----------------------------------------
x = 56.000000, y = 209.000000
avance = -363.000000, avanceR = 2.000000, avanceI = 2.000000
inc_x_r = 0.000000, inc_y_r = 1.000000, inc_x_i = 1.000000, inc_y_i = 1.000000
En el else......

----------------------------------------
x = 56.000000, y = 210.000000
avance = -361.000000, avanceR = 2.000000, avanceI = 2.000000
inc_x_r = 0.000000, inc_y_r = 1.000000, inc_x_i = 1.000000, inc_y_i = 1.000000
En el else......

----------------------------------------
x = 56.000000, y = 211.000000
avance = -359.000000, avanceR = 2.000000, avanceI = 2.000000
inc_x_r = 0.000000, inc_y_r = 1.000000, inc_x_i = 1.000000, inc_y_i = 1.000000
En el else......

----------------------------------------
x = 56.000000, y = 212.000000
avance = -357.000000, avanceR = 2.000000, avanceI = 2.000000
inc_x_r = 0.000000, inc_y_r = 1.000000, inc_x_i = 1.000000, inc_y_i = 1.000000
En el else......

----------------------------------------
x = 56.000000, y = 213.000000
avance = -355.000000, avanceR = 2.000000, avanceI = 2.000000
inc_x_r = 0.000000, inc_y_r = 1.000000, inc_x_i = 1.000000, inc_y_i = 1.000000
En el else......

----------------------------------------
x = 56.000000, y = 214.000000
avance = -353.000000, avanceR = 2.000000, avanceI = 2.000000
inc_x_r = 0.000000, inc_y_r = 1.000000, inc_x_i = 1.000000, inc_y_i = 1.000000
En el else......

----------------------------------------
x = 56.000000, y = 215.000000
avance = -351.000000, avanceR = 2.000000, avanceI = 2.000000
inc_x_r = 0.000000, inc_y_r = 1.000000, inc_x_i = 1.000000, inc_y_i = 1.000000
En el else......

----------------------------------------
x = 56.000000, y = 216.000000
avance = -349.000000, avanceR = 2.000000, avanceI = 2.000000
inc_x_r = 0.000000, inc_y_r = 1.000000, inc_x_i = 1.000000, inc_y_i = 1.000000
En el else......

----------------------------------------
x = 56.000000, y = 217.000000
avance = -347.000000, avanceR = 2.000000, avanceI = 2.000000
inc_x_r = 0.000000, inc_y_r = 1.000000, inc_x_i = 1.000000, inc_y_i = 1.000000
En el else......

----------------------------------------
x = 56.000000, y = 218.000000
avance = -345.000000, avanceR = 2.000000, avanceI = 2.000000
inc_x_r = 0.000000, inc_y_r = 1.000000, inc_x_i = 1.000000, inc_y_i = 1.000000
En el else......

----------------------------------------
x = 56.000000, y = 219.000000
avance = -343.000000, avanceR = 2.000000, avanceI = 2.000000
inc_x_r = 0.000000, inc_y_r = 1.000000, inc_x_i = 1.000000, inc_y_i = 1.000000
En el else......

----------------------------------------
x = 56.000000, y = 220.000000
avance = -341.000000, avanceR = 2.000000, avanceI = 2.000000
inc_x_r = 0.000000, inc_y_r = 1.000000, inc_x_i = 1.000000, inc_y_i = 1.000000
En el else......

----------------------------------------
x = 56.000000, y = 221.000000
avance = -339.000000, avanceR = 2.000000, avanceI = 2.000000
inc_x_r = 0.000000, inc_y_r = 1.000000, inc_x_i = 1.000000, inc_y_i = 1.000000
En el else......

----------------------------------------
x = 56.000000, y = 222.000000
avance = -337.000000, avanceR = 2.000000, avanceI = 2.000000
inc_x_r = 0.000000, inc_y_r = 1.000000, inc_x_i = 1.000000, inc_y_i = 1.000000
En el else......

----------------------------------------
x = 56.000000, y = 223.000000
avance = -335.000000, avanceR = 2.000000, avanceI = 2.000000
inc_x_r = 0.000000, inc_y_r = 1.000000, inc_x_i = 1.000000, inc_y_i = 1.000000
En el else......

----------------------------------------
x = 56.000000, y = 224.000000
avance = -333.000000, avanceR = 2.000000, avanceI = 2.000000
inc_x_r = 0.000000, inc_y_r = 1.000000, inc_x_i = 1.000000, inc_y_i = 1.000000
En el else......

----------------------------------------
x = 56.000000, y = 225.000000
avance = -331.000000, avanceR = 2.000000, avanceI = 2.000000
inc_x_r = 0.000000, inc_y_r = 1.000000, inc_x_i = 1.000000, inc_y_i = 1.000000
En el else......

----------------------------------------
x = 56.000000, y = 226.000000
avance = -329.000000, avanceR = 2.000000, avanceI = 2.000000
inc_x_r = 0.000000, inc_y_r = 1.000000, inc_x_i = 1.000000, inc_y_i = 1.000000
En el else......

----------------------------------------
x = 56.000000, y = 227.000000
avance = -327.000000, avanceR = 2.000000, avanceI = 2.000000
inc_x_r = 0.000000, inc_y_r = 1.000000, inc_x_i = 1.000000, inc_y_i = 1.000000
En el else......

----------------------------------------
x = 56.000000, y = 228.000000
avance = -325.000000, avanceR = 2.000000, avanceI = 2.000000
inc_x_r = 0.000000, inc_y_r = 1.000000, inc_x_i = 1.000000, inc_y_i = 1.000000
En el else......

----------------------------------------
x = 56.000000, y = 229.000000
avance = -323.000000, avanceR = 2.000000, avanceI = 2.000000
inc_x_r = 0.000000, inc_y_r = 1.000000, inc_x_i = 1.000000, inc_y_i = 1.000000
En el else......

----------------------------------------
x = 56.000000, y = 230.000000
avance = -321.000000, avanceR = 2.000000, avanceI = 2.000000
inc_x_r = 0.000000, inc_y_r = 1.000000, inc_x_i = 1.000000, inc_y_i = 1.000000
En el else......

----------------------------------------
x = 56.000000, y = 231.000000
avance = -319.000000, avanceR = 2.000000, avanceI = 2.000000
inc_x_r = 0.000000, inc_y_r = 1.000000, inc_x_i = 1.000000, inc_y_i = 1.000000
En el else......

----------------------------------------
x = 56.000000, y = 232.000000
avance = -317.000000, avanceR = 2.000000, avanceI = 2.000000
inc_x_r = 0.000000, inc_y_r = 1.000000, inc_x_i = 1.000000, inc_y_i = 1.000000
En el else......

----------------------------------------
x = 56.000000, y = 233.000000
avance = -315.000000, avanceR = 2.000000, avanceI = 2.000000
inc_x_r = 0.000000, inc_y_r = 1.000000, inc_x_i = 1.000000, inc_y_i = 1.000000
En el else......

----------------------------------------
x = 56.000000, y = 234.000000
avance = -313.000000, avanceR = 2.000000, avanceI = 2.000000
inc_x_r = 0.000000, inc_y_r = 1.000000, inc_x_i = 1.000000, inc_y_i = 1.000000
En el else......

----------------------------------------
x = 56.000000, y = 235.000000
avance = -311.000000, avanceR = 2.000000, avanceI = 2.000000
inc_x_r = 0.000000, inc_y_r = 1.000000, inc_x_i = 1.000000, inc_y_i = 1.000000
En el else......

----------------------------------------
x = 56.000000, y = 236.000000
avance = -309.000000, avanceR = 2.000000, avanceI = 2.000000
inc_x_r = 0.000000, inc_y_r = 1.000000, inc_x_i = 1.000000, inc_y_i = 1.000000
En el else......

----------------------------------------
x = 56.000000, y = 237.000000
avance = -307.000000, avanceR = 2.000000, avanceI = 2.000000
inc_x_r = 0.000000, inc_y_r = 1.000000, inc_x_i = 1.000000, inc_y_i = 1.000000
En el else......

----------------------------------------
x = 56.000000, y = 238.000000
avance = -305.000000, avanceR = 2.000000, avanceI = 2.000000
inc_x_r = 0.000000, inc_y_r = 1.000000, inc_x_i = 1.000000, inc_y_i = 1.000000
En el else......

----------------------------------------
x = 56.000000, y = 239.000000
avance = -303.000000, avanceR = 2.000000, avanceI = 2.000000
inc_x_r = 0.000000, inc_y_r = 1.000000, inc_x_i = 1.000000, inc_y_i = 1.000000
En el else......

----------------------------------------
x = 56.000000, y = 240.000000
avance = -301.000000, avanceR = 2.000000, avanceI = 2.000000
inc_x_r = 0.000000, inc_y_r = 1.000000, inc_x_i = 1.000000, inc_y_i = 1.000000
En el else......

----------------------------------------
x = 56.000000, y = 241.000000
avance = -299.000000, avanceR = 2.000000, avanceI = 2.000000
inc_x_r = 0.000000, inc_y_r = 1.000000, inc_x_i = 1.000000, inc_y_i = 1.000000
En el else......

----------------------------------------
x = 56.000000, y = 242.000000
avance = -297.000000, avanceR = 2.000000, avanceI = 2.000000
inc_x_r = 0.000000, inc_y_r = 1.000000, inc_x_i = 1.000000, inc_y_i = 1.000000
En el else......

----------------------------------------
x = 56.000000, y = 243.000000
avance = -295.000000, avanceR = 2.000000, avanceI = 2.000000
inc_x_r = 0.000000, inc_y_r = 1.000000, inc_x_i = 1.000000, inc_y_i = 1.000000
En el else......

----------------------------------------
x = 56.000000, y = 244.000000
avance = -293.000000, avanceR = 2.000000, avanceI = 2.000000
inc_x_r = 0.000000, inc_y_r = 1.000000, inc_x_i = 1.000000, inc_y_i = 1.000000
En el else......

----------------------------------------
x = 56.000000, y = 245.000000
avance = -291.000000, avanceR = 2.000000, avanceI = 2.000000
inc_x_r = 0.000000, inc_y_r = 1.000000, inc_x_i = 1.000000, inc_y_i = 1.000000
En el else......

----------------------------------------
x = 56.000000, y = 246.000000
avance = -289.000000, avanceR = 2.000000, avanceI = 2.000000
inc_x_r = 0.000000, inc_y_r = 1.000000, inc_x_i = 1.000000, inc_y_i = 1.000000
En el else......

----------------------------------------
x = 56.000000, y = 247.000000
avance = -287.000000, avanceR = 2.000000, avanceI = 2.000000
inc_x_r = 0.000000, inc_y_r = 1.000000, inc_x_i = 1.000000, inc_y_i = 1.000000
En el else......

----------------------------------------
x = 56.000000, y = 248.000000
avance = -285.000000, avanceR = 2.000000, avanceI = 2.000000
inc_x_r = 0.000000, inc_y_r = 1.000000, inc_x_i = 1.000000, inc_y_i = 1.000000
En el else......

----------------------------------------
x = 56.000000, y = 249.000000
avance = -283.000000, avanceR = 2.000000, avanceI = 2.000000
inc_x_r = 0.000000, inc_y_r = 1.000000, inc_x_i = 1.000000, inc_y_i = 1.000000
En el else......

----------------------------------------
x = 56.000000, y = 250.000000
avance = -281.000000, avanceR = 2.000000, avanceI = 2.000000
inc_x_r = 0.000000, inc_y_r = 1.000000, inc_x_i = 1.000000, inc_y_i = 1.000000
En el else......

----------------------------------------
x = 56.000000, y = 251.000000
avance = -279.000000, avanceR = 2.000000, avanceI = 2.000000
inc_x_r = 0.000000, inc_y_r = 1.000000, inc_x_i = 1.000000, inc_y_i = 1.000000
En el else......

----------------------------------------
x = 56.000000, y = 252.000000
avance = -277.000000, avanceR = 2.000000, avanceI = 2.000000
inc_x_r = 0.000000, inc_y_r = 1.000000, inc_x_i = 1.000000, inc_y_i = 1.000000
En el else......

----------------------------------------
x = 56.000000, y = 253.000000
avance = -275.000000, avanceR = 2.000000, avanceI = 2.000000
inc_x_r = 0.000000, inc_y_r = 1.000000, inc_x_i = 1.000000, inc_y_i = 1.000000
En el else......

----------------------------------------
x = 56.000000, y = 254.000000
avance = -273.000000, avanceR = 2.000000, avanceI = 2.000000
inc_x_r = 0.000000, inc_y_r = 1.000000, inc_x_i = 1.000000, inc_y_i = 1.000000
En el else......

----------------------------------------
x = 56.000000, y = 255.000000
avance = -271.000000, avanceR = 2.000000, avanceI = 2.000000
inc_x_r = 0.000000, inc_y_r = 1.000000, inc_x_i = 1.000000, inc_y_i = 1.000000
En el else......

----------------------------------------
x = 56.000000, y = 256.000000
avance = -269.000000, avanceR = 2.000000, avanceI = 2.000000
inc_x_r = 0.000000, inc_y_r = 1.000000, inc_x_i = 1.000000, inc_y_i = 1.000000
En el else......

----------------------------------------
x = 56.000000, y = 257.000000
avance = -267.000000, avanceR = 2.000000, avanceI = 2.000000
inc_x_r = 0.000000, inc_y_r = 1.000000, inc_x_i = 1.000000, inc_y_i = 1.000000
En el else......

----------------------------------------
x = 56.000000, y = 258.000000
avance = -265.000000, avanceR = 2.000000, avanceI = 2.000000
inc_x_r = 0.000000, inc_y_r = 1.000000, inc_x_i = 1.000000, inc_y_i = 1.000000
En el else......

----------------------------------------
x = 56.000000, y = 259.000000
avance = -263.000000, avanceR = 2.000000, avanceI = 2.000000
inc_x_r = 0.000000, inc_y_r = 1.000000, inc_x_i = 1.000000, inc_y_i = 1.000000
En el else......

----------------------------------------
x = 56.000000, y = 260.000000
avance = -261.000000, avanceR = 2.000000, avanceI = 2.000000
inc_x_r = 0.000000, inc_y_r = 1.000000, inc_x_i = 1.000000, inc_y_i = 1.000000
En el else......

----------------------------------------
x = 56.000000, y = 261.000000
avance = -259.000000, avanceR = 2.000000, avanceI = 2.000000
inc_x_r = 0.000000, inc_y_r = 1.000000, inc_x_i = 1.000000, inc_y_i = 1.000000
En el else......

----------------------------------------
x = 56.000000, y = 262.000000
avance = -257.000000, avanceR = 2.000000, avanceI = 2.000000
inc_x_r = 0.000000, inc_y_r = 1.000000, inc_x_i = 1.000000, inc_y_i = 1.000000
En el else......

----------------------------------------
x = 56.000000, y = 263.000000
avance = -255.000000, avanceR = 2.000000, avanceI = 2.000000
inc_x_r = 0.000000, inc_y_r = 1.000000, inc_x_i = 1.000000, inc_y_i = 1.000000
En el else......

----------------------------------------
x = 56.000000, y = 264.000000
avance = -253.000000, avanceR = 2.000000, avanceI = 2.000000
inc_x_r = 0.000000, inc_y_r = 1.000000, inc_x_i = 1.000000, inc_y_i = 1.000000
En el else......

----------------------------------------
x = 56.000000, y = 265.000000
avance = -251.000000, avanceR = 2.000000, avanceI = 2.000000
inc_x_r = 0.000000, inc_y_r = 1.000000, inc_x_i = 1.000000, inc_y_i = 1.000000
En el else......

----------------------------------------


ENTRAMOS A BRESENHAMªªªª
x1 = 55.000000 - y1 = 15.000000 || x2 = 56.000000 - y2 = 266.000000
dy = 251.000000, dx = 1.000000
avances inclinados: inc_x_i = 1.000000, inc_y_i = 1.000000
updated: dy = 251.000000, dx = 1.000000
avances rectos: inc_x_r = 0.000000, inc_y_r 1.000000
reupdated: dy = 1.000000, dx = 251.000000
avanceR = 2.000000, avance -249.000000, avanceI 2.000000
----------------------------------------
x = 55.000000, y = 15.000000
avance = -249.000000, avanceR = 2.000000, avanceI = 2.000000
inc_x_r = 0.000000, inc_y_r = 1.000000, inc_x_i = 1.000000, inc_y_i = 1.000000
En el else......

----------------------------------------
x = 55.000000, y = 16.000000
avance = -247.000000, avanceR = 2.000000, avanceI = 2.000000
inc_x_r = 0.000000, inc_y_r = 1.000000, inc_x_i = 1.000000, inc_y_i = 1.000000
En el else......

----------------------------------------
x = 55.000000, y = 17.000000
avance = -245.000000, avanceR = 2.000000, avanceI = 2.000000
inc_x_r = 0.000000, inc_y_r = 1.000000, inc_x_i = 1.000000, inc_y_i = 1.000000
En el else......

----------------------------------------
x = 55.000000, y = 18.000000
avance = -243.000000, avanceR = 2.000000, avanceI = 2.000000
inc_x_r = 0.000000, inc_y_r = 1.000000, inc_x_i = 1.000000, inc_y_i = 1.000000
En el else......

----------------------------------------
x = 55.000000, y = 19.000000
avance = -241.000000, avanceR = 2.000000, avanceI = 2.000000
inc_x_r = 0.000000, inc_y_r = 1.000000, inc_x_i = 1.000000, inc_y_i = 1.000000
En el else......

----------------------------------------
x = 55.000000, y = 20.000000
avance = -239.000000, avanceR = 2.000000, avanceI = 2.000000
inc_x_r = 0.000000, inc_y_r = 1.000000, inc_x_i = 1.000000, inc_y_i = 1.000000
En el else......

----------------------------------------
x = 55.000000, y = 21.000000
avance = -237.000000, avanceR = 2.000000, avanceI = 2.000000
inc_x_r = 0.000000, inc_y_r = 1.000000, inc_x_i = 1.000000, inc_y_i = 1.000000
En el else......

----------------------------------------
x = 55.000000, y = 22.000000
avance = -235.000000, avanceR = 2.000000, avanceI = 2.000000
inc_x_r = 0.000000, inc_y_r = 1.000000, inc_x_i = 1.000000, inc_y_i = 1.000000
En el else......

----------------------------------------
x = 55.000000, y = 23.000000
avance = -233.000000, avanceR = 2.000000, avanceI = 2.000000
inc_x_r = 0.000000, inc_y_r = 1.000000, inc_x_i = 1.000000, inc_y_i = 1.000000
En el else......

----------------------------------------
x = 55.000000, y = 24.000000
avance = -231.000000, avanceR = 2.000000, avanceI = 2.000000
inc_x_r = 0.000000, inc_y_r = 1.000000, inc_x_i = 1.000000, inc_y_i = 1.000000
En el else......

----------------------------------------
x = 55.000000, y = 25.000000
avance = -229.000000, avanceR = 2.000000, avanceI = 2.000000
inc_x_r = 0.000000, inc_y_r = 1.000000, inc_x_i = 1.000000, inc_y_i = 1.000000
En el else......

----------------------------------------
x = 55.000000, y = 26.000000
avance = -227.000000, avanceR = 2.000000, avanceI = 2.000000
inc_x_r = 0.000000, inc_y_r = 1.000000, inc_x_i = 1.000000, inc_y_i = 1.000000
En el else......

----------------------------------------
x = 55.000000, y = 27.000000
avance = -225.000000, avanceR = 2.000000, avanceI = 2.000000
inc_x_r = 0.000000, inc_y_r = 1.000000, inc_x_i = 1.000000, inc_y_i = 1.000000
En el else......

----------------------------------------
x = 55.000000, y = 28.000000
avance = -223.000000, avanceR = 2.000000, avanceI = 2.000000
inc_x_r = 0.000000, inc_y_r = 1.000000, inc_x_i = 1.000000, inc_y_i = 1.000000
En el else......

----------------------------------------
x = 55.000000, y = 29.000000
avance = -221.000000, avanceR = 2.000000, avanceI = 2.000000
inc_x_r = 0.000000, inc_y_r = 1.000000, inc_x_i = 1.000000, inc_y_i = 1.000000
En el else......

----------------------------------------
x = 55.000000, y = 30.000000
avance = -219.000000, avanceR = 2.000000, avanceI = 2.000000
inc_x_r = 0.000000, inc_y_r = 1.000000, inc_x_i = 1.000000, inc_y_i = 1.000000
En el else......

----------------------------------------
x = 55.000000, y = 31.000000
avance = -217.000000, avanceR = 2.000000, avanceI = 2.000000
inc_x_r = 0.000000, inc_y_r = 1.000000, inc_x_i = 1.000000, inc_y_i = 1.000000
En el else......

----------------------------------------
x = 55.000000, y = 32.000000
avance = -215.000000, avanceR = 2.000000, avanceI = 2.000000
inc_x_r = 0.000000, inc_y_r = 1.000000, inc_x_i = 1.000000, inc_y_i = 1.000000
En el else......

----------------------------------------
x = 55.000000, y = 33.000000
avance = -213.000000, avanceR = 2.000000, avanceI = 2.000000
inc_x_r = 0.000000, inc_y_r = 1.000000, inc_x_i = 1.000000, inc_y_i = 1.000000
En el else......

----------------------------------------
x = 55.000000, y = 34.000000
avance = -211.000000, avanceR = 2.000000, avanceI = 2.000000
inc_x_r = 0.000000, inc_y_r = 1.000000, inc_x_i = 1.000000, inc_y_i = 1.000000
En el else......

----------------------------------------
x = 55.000000, y = 35.000000
avance = -209.000000, avanceR = 2.000000, avanceI = 2.000000
inc_x_r = 0.000000, inc_y_r = 1.000000, inc_x_i = 1.000000, inc_y_i = 1.000000
En el else......

----------------------------------------
x = 55.000000, y = 36.000000
avance = -207.000000, avanceR = 2.000000, avanceI = 2.000000
inc_x_r = 0.000000, inc_y_r = 1.000000, inc_x_i = 1.000000, inc_y_i = 1.000000
En el else......

----------------------------------------
x = 55.000000, y = 37.000000
avance = -205.000000, avanceR = 2.000000, avanceI = 2.000000
inc_x_r = 0.000000, inc_y_r = 1.000000, inc_x_i = 1.000000, inc_y_i = 1.000000
En el else......

----------------------------------------
x = 55.000000, y = 38.000000
avance = -203.000000, avanceR = 2.000000, avanceI = 2.000000
inc_x_r = 0.000000, inc_y_r = 1.000000, inc_x_i = 1.000000, inc_y_i = 1.000000
En el else......

----------------------------------------
x = 55.000000, y = 39.000000
avance = -201.000000, avanceR = 2.000000, avanceI = 2.000000
inc_x_r = 0.000000, inc_y_r = 1.000000, inc_x_i = 1.000000, inc_y_i = 1.000000
En el else......

----------------------------------------
x = 55.000000, y = 40.000000
avance = -199.000000, avanceR = 2.000000, avanceI = 2.000000
inc_x_r = 0.000000, inc_y_r = 1.000000, inc_x_i = 1.000000, inc_y_i = 1.000000
En el else......

----------------------------------------
x = 55.000000, y = 41.000000
avance = -197.000000, avanceR = 2.000000, avanceI = 2.000000
inc_x_r = 0.000000, inc_y_r = 1.000000, inc_x_i = 1.000000, inc_y_i = 1.000000
En el else......

----------------------------------------
x = 55.000000, y = 42.000000
avance = -195.000000, avanceR = 2.000000, avanceI = 2.000000
inc_x_r = 0.000000, inc_y_r = 1.000000, inc_x_i = 1.000000, inc_y_i = 1.000000
En el else......

----------------------------------------
x = 55.000000, y = 43.000000
avance = -193.000000, avanceR = 2.000000, avanceI = 2.000000
inc_x_r = 0.000000, inc_y_r = 1.000000, inc_x_i = 1.000000, inc_y_i = 1.000000
En el else......

----------------------------------------
x = 55.000000, y = 44.000000
avance = -191.000000, avanceR = 2.000000, avanceI = 2.000000
inc_x_r = 0.000000, inc_y_r = 1.000000, inc_x_i = 1.000000, inc_y_i = 1.000000
En el else......

----------------------------------------
x = 55.000000, y = 45.000000
avance = -189.000000, avanceR = 2.000000, avanceI = 2.000000
inc_x_r = 0.000000, inc_y_r = 1.000000, inc_x_i = 1.000000, inc_y_i = 1.000000
En el else......

----------------------------------------
x = 55.000000, y = 46.000000
avance = -187.000000, avanceR = 2.000000, avanceI = 2.000000
inc_x_r = 0.000000, inc_y_r = 1.000000, inc_x_i = 1.000000, inc_y_i = 1.000000
En el else......

----------------------------------------
x = 55.000000, y = 47.000000
avance = -185.000000, avanceR = 2.000000, avanceI = 2.000000
inc_x_r = 0.000000, inc_y_r = 1.000000, inc_x_i = 1.000000, inc_y_i = 1.000000
En el else......

----------------------------------------
x = 55.000000, y = 48.000000
avance = -183.000000, avanceR = 2.000000, avanceI = 2.000000
inc_x_r = 0.000000, inc_y_r = 1.000000, inc_x_i = 1.000000, inc_y_i = 1.000000
En el else......

----------------------------------------
x = 55.000000, y = 49.000000
avance = -181.000000, avanceR = 2.000000, avanceI = 2.000000
inc_x_r = 0.000000, inc_y_r = 1.000000, inc_x_i = 1.000000, inc_y_i = 1.000000
En el else......

----------------------------------------
x = 55.000000, y = 50.000000
avance = -179.000000, avanceR = 2.000000, avanceI = 2.000000
inc_x_r = 0.000000, inc_y_r = 1.000000, inc_x_i = 1.000000, inc_y_i = 1.000000
En el else......

----------------------------------------
x = 55.000000, y = 51.000000
avance = -177.000000, avanceR = 2.000000, avanceI = 2.000000
inc_x_r = 0.000000, inc_y_r = 1.000000, inc_x_i = 1.000000, inc_y_i = 1.000000
En el else......

----------------------------------------
x = 55.000000, y = 52.000000
avance = -175.000000, avanceR = 2.000000, avanceI = 2.000000
inc_x_r = 0.000000, inc_y_r = 1.000000, inc_x_i = 1.000000, inc_y_i = 1.000000
En el else......

----------------------------------------
x = 55.000000, y = 53.000000
avance = -173.000000, avanceR = 2.000000, avanceI = 2.000000
inc_x_r = 0.000000, inc_y_r = 1.000000, inc_x_i = 1.000000, inc_y_i = 1.000000
En el else......

----------------------------------------
x = 55.000000, y = 54.000000
avance = -171.000000, avanceR = 2.000000, avanceI = 2.000000
inc_x_r = 0.000000, inc_y_r = 1.000000, inc_x_i = 1.000000, inc_y_i = 1.000000
En el else......

----------------------------------------
x = 55.000000, y = 55.000000
avance = -169.000000, avanceR = 2.000000, avanceI = 2.000000
inc_x_r = 0.000000, inc_y_r = 1.000000, inc_x_i = 1.000000, inc_y_i = 1.000000
En el else......

----------------------------------------
x = 55.000000, y = 56.000000
avance = -167.000000, avanceR = 2.000000, avanceI = 2.000000
inc_x_r = 0.000000, inc_y_r = 1.000000, inc_x_i = 1.000000, inc_y_i = 1.000000
En el else......

----------------------------------------
x = 55.000000, y = 57.000000
avance = -165.000000, avanceR = 2.000000, avanceI = 2.000000
inc_x_r = 0.000000, inc_y_r = 1.000000, inc_x_i = 1.000000, inc_y_i = 1.000000
En el else......

----------------------------------------
x = 55.000000, y = 58.000000
avance = -163.000000, avanceR = 2.000000, avanceI = 2.000000
inc_x_r = 0.000000, inc_y_r = 1.000000, inc_x_i = 1.000000, inc_y_i = 1.000000
En el else......

----------------------------------------
x = 55.000000, y = 59.000000
avance = -161.000000, avanceR = 2.000000, avanceI = 2.000000
inc_x_r = 0.000000, inc_y_r = 1.000000, inc_x_i = 1.000000, inc_y_i = 1.000000
En el else......

----------------------------------------
x = 55.000000, y = 60.000000
avance = -159.000000, avanceR = 2.000000, avanceI = 2.000000
inc_x_r = 0.000000, inc_y_r = 1.000000, inc_x_i = 1.000000, inc_y_i = 1.000000
En el else......

----------------------------------------
x = 55.000000, y = 61.000000
avance = -157.000000, avanceR = 2.000000, avanceI = 2.000000
inc_x_r = 0.000000, inc_y_r = 1.000000, inc_x_i = 1.000000, inc_y_i = 1.000000
En el else......

----------------------------------------
x = 55.000000, y = 62.000000
avance = -155.000000, avanceR = 2.000000, avanceI = 2.000000
inc_x_r = 0.000000, inc_y_r = 1.000000, inc_x_i = 1.000000, inc_y_i = 1.000000
En el else......

----------------------------------------
x = 55.000000, y = 63.000000
avance = -153.000000, avanceR = 2.000000, avanceI = 2.000000
inc_x_r = 0.000000, inc_y_r = 1.000000, inc_x_i = 1.000000, inc_y_i = 1.000000
En el else......

----------------------------------------
x = 55.000000, y = 64.000000
avance = -151.000000, avanceR = 2.000000, avanceI = 2.000000
inc_x_r = 0.000000, inc_y_r = 1.000000, inc_x_i = 1.000000, inc_y_i = 1.000000
En el else......

----------------------------------------
x = 55.000000, y = 65.000000
avance = -149.000000, avanceR = 2.000000, avanceI = 2.000000
inc_x_r = 0.000000, inc_y_r = 1.000000, inc_x_i = 1.000000, inc_y_i = 1.000000
En el else......

----------------------------------------
x = 55.000000, y = 66.000000
avance = -147.000000, avanceR = 2.000000, avanceI = 2.000000
inc_x_r = 0.000000, inc_y_r = 1.000000, inc_x_i = 1.000000, inc_y_i = 1.000000
En el else......

----------------------------------------
x = 55.000000, y = 67.000000
avance = -145.000000, avanceR = 2.000000, avanceI = 2.000000
inc_x_r = 0.000000, inc_y_r = 1.000000, inc_x_i = 1.000000, inc_y_i = 1.000000
En el else......

----------------------------------------
x = 55.000000, y = 68.000000
avance = -143.000000, avanceR = 2.000000, avanceI = 2.000000
inc_x_r = 0.000000, inc_y_r = 1.000000, inc_x_i = 1.000000, inc_y_i = 1.000000
En el else......

----------------------------------------
x = 55.000000, y = 69.000000
avance = -141.000000, avanceR = 2.000000, avanceI = 2.000000
inc_x_r = 0.000000, inc_y_r = 1.000000, inc_x_i = 1.000000, inc_y_i = 1.000000
En el else......

----------------------------------------
x = 55.000000, y = 70.000000
avance = -139.000000, avanceR = 2.000000, avanceI = 2.000000
inc_x_r = 0.000000, inc_y_r = 1.000000, inc_x_i = 1.000000, inc_y_i = 1.000000
En el else......

----------------------------------------
x = 55.000000, y = 71.000000
avance = -137.000000, avanceR = 2.000000, avanceI = 2.000000
inc_x_r = 0.000000, inc_y_r = 1.000000, inc_x_i = 1.000000, inc_y_i = 1.000000
En el else......

----------------------------------------
x = 55.000000, y = 72.000000
avance = -135.000000, avanceR = 2.000000, avanceI = 2.000000
inc_x_r = 0.000000, inc_y_r = 1.000000, inc_x_i = 1.000000, inc_y_i = 1.000000
En el else......

----------------------------------------
x = 55.000000, y = 73.000000
avance = -133.000000, avanceR = 2.000000, avanceI = 2.000000
inc_x_r = 0.000000, inc_y_r = 1.000000, inc_x_i = 1.000000, inc_y_i = 1.000000
En el else......

----------------------------------------
x = 55.000000, y = 74.000000
avance = -131.000000, avanceR = 2.000000, avanceI = 2.000000
inc_x_r = 0.000000, inc_y_r = 1.000000, inc_x_i = 1.000000, inc_y_i = 1.000000
En el else......

----------------------------------------
x = 55.000000, y = 75.000000
avance = -129.000000, avanceR = 2.000000, avanceI = 2.000000
inc_x_r = 0.000000, inc_y_r = 1.000000, inc_x_i = 1.000000, inc_y_i = 1.000000
En el else......

----------------------------------------
x = 55.000000, y = 76.000000
avance = -127.000000, avanceR = 2.000000, avanceI = 2.000000
inc_x_r = 0.000000, inc_y_r = 1.000000, inc_x_i = 1.000000, inc_y_i = 1.000000
En el else......

----------------------------------------
x = 55.000000, y = 77.000000
avance = -125.000000, avanceR = 2.000000, avanceI = 2.000000
inc_x_r = 0.000000, inc_y_r = 1.000000, inc_x_i = 1.000000, inc_y_i = 1.000000
En el else......

----------------------------------------
x = 55.000000, y = 78.000000
avance = -123.000000, avanceR = 2.000000, avanceI = 2.000000
inc_x_r = 0.000000, inc_y_r = 1.000000, inc_x_i = 1.000000, inc_y_i = 1.000000
En el else......

----------------------------------------
x = 55.000000, y = 79.000000
avance = -121.000000, avanceR = 2.000000, avanceI = 2.000000
inc_x_r = 0.000000, inc_y_r = 1.000000, inc_x_i = 1.000000, inc_y_i = 1.000000
En el else......

----------------------------------------
x = 55.000000, y = 80.000000
avance = -119.000000, avanceR = 2.000000, avanceI = 2.000000
inc_x_r = 0.000000, inc_y_r = 1.000000, inc_x_i = 1.000000, inc_y_i = 1.000000
En el else......

----------------------------------------
x = 55.000000, y = 81.000000
avance = -117.000000, avanceR = 2.000000, avanceI = 2.000000
inc_x_r = 0.000000, inc_y_r = 1.000000, inc_x_i = 1.000000, inc_y_i = 1.000000
En el else......

----------------------------------------
x = 55.000000, y = 82.000000
avance = -115.000000, avanceR = 2.000000, avanceI = 2.000000
inc_x_r = 0.000000, inc_y_r = 1.000000, inc_x_i = 1.000000, inc_y_i = 1.000000
En el else......

----------------------------------------
x = 55.000000, y = 83.000000
avance = -113.000000, avanceR = 2.000000, avanceI = 2.000000
inc_x_r = 0.000000, inc_y_r = 1.000000, inc_x_i = 1.000000, inc_y_i = 1.000000
En el else......

----------------------------------------
x = 55.000000, y = 84.000000
avance = -111.000000, avanceR = 2.000000, avanceI = 2.000000
inc_x_r = 0.000000, inc_y_r = 1.000000, inc_x_i = 1.000000, inc_y_i = 1.000000
En el else......

----------------------------------------
x = 55.000000, y = 85.000000
avance = -109.000000, avanceR = 2.000000, avanceI = 2.000000
inc_x_r = 0.000000, inc_y_r = 1.000000, inc_x_i = 1.000000, inc_y_i = 1.000000
En el else......

----------------------------------------
x = 55.000000, y = 86.000000
avance = -107.000000, avanceR = 2.000000, avanceI = 2.000000
inc_x_r = 0.000000, inc_y_r = 1.000000, inc_x_i = 1.000000, inc_y_i = 1.000000
En el else......

----------------------------------------
x = 55.000000, y = 87.000000
avance = -105.000000, avanceR = 2.000000, avanceI = 2.000000
inc_x_r = 0.000000, inc_y_r = 1.000000, inc_x_i = 1.000000, inc_y_i = 1.000000
En el else......

----------------------------------------
x = 55.000000, y = 88.000000
avance = -103.000000, avanceR = 2.000000, avanceI = 2.000000
inc_x_r = 0.000000, inc_y_r = 1.000000, inc_x_i = 1.000000, inc_y_i = 1.000000
En el else......

----------------------------------------
x = 55.000000, y = 89.000000
avance = -101.000000, avanceR = 2.000000, avanceI = 2.000000
inc_x_r = 0.000000, inc_y_r = 1.000000, inc_x_i = 1.000000, inc_y_i = 1.000000
En el else......

----------------------------------------
x = 55.000000, y = 90.000000
avance = -99.000000, avanceR = 2.000000, avanceI = 2.000000
inc_x_r = 0.000000, inc_y_r = 1.000000, inc_x_i = 1.000000, inc_y_i = 1.000000
En el else......

----------------------------------------
x = 55.000000, y = 91.000000
avance = -97.000000, avanceR = 2.000000, avanceI = 2.000000
inc_x_r = 0.000000, inc_y_r = 1.000000, inc_x_i = 1.000000, inc_y_i = 1.000000
En el else......

----------------------------------------
x = 55.000000, y = 92.000000
avance = -95.000000, avanceR = 2.000000, avanceI = 2.000000
inc_x_r = 0.000000, inc_y_r = 1.000000, inc_x_i = 1.000000, inc_y_i = 1.000000
En el else......

----------------------------------------
x = 55.000000, y = 93.000000
avance = -93.000000, avanceR = 2.000000, avanceI = 2.000000
inc_x_r = 0.000000, inc_y_r = 1.000000, inc_x_i = 1.000000, inc_y_i = 1.000000
En el else......

----------------------------------------
x = 55.000000, y = 94.000000
avance = -91.000000, avanceR = 2.000000, avanceI = 2.000000
inc_x_r = 0.000000, inc_y_r = 1.000000, inc_x_i = 1.000000, inc_y_i = 1.000000
En el else......

----------------------------------------
x = 55.000000, y = 95.000000
avance = -89.000000, avanceR = 2.000000, avanceI = 2.000000
inc_x_r = 0.000000, inc_y_r = 1.000000, inc_x_i = 1.000000, inc_y_i = 1.000000
En el else......

----------------------------------------
x = 55.000000, y = 96.000000
avance = -87.000000, avanceR = 2.000000, avanceI = 2.000000
inc_x_r = 0.000000, inc_y_r = 1.000000, inc_x_i = 1.000000, inc_y_i = 1.000000
En el else......

----------------------------------------
x = 55.000000, y = 97.000000
avance = -85.000000, avanceR = 2.000000, avanceI = 2.000000
inc_x_r = 0.000000, inc_y_r = 1.000000, inc_x_i = 1.000000, inc_y_i = 1.000000
En el else......

----------------------------------------
x = 55.000000, y = 98.000000
avance = -83.000000, avanceR = 2.000000, avanceI = 2.000000
inc_x_r = 0.000000, inc_y_r = 1.000000, inc_x_i = 1.000000, inc_y_i = 1.000000
En el else......

----------------------------------------
x = 55.000000, y = 99.000000
avance = -81.000000, avanceR = 2.000000, avanceI = 2.000000
inc_x_r = 0.000000, inc_y_r = 1.000000, inc_x_i = 1.000000, inc_y_i = 1.000000
En el else......

----------------------------------------
x = 55.000000, y = 100.000000
avance = -79.000000, avanceR = 2.000000, avanceI = 2.000000
inc_x_r = 0.000000, inc_y_r = 1.000000, inc_x_i = 1.000000, inc_y_i = 1.000000
En el else......

----------------------------------------
x = 55.000000, y = 101.000000
avance = -77.000000, avanceR = 2.000000, avanceI = 2.000000
inc_x_r = 0.000000, inc_y_r = 1.000000, inc_x_i = 1.000000, inc_y_i = 1.000000
En el else......

----------------------------------------
x = 55.000000, y = 102.000000
avance = -75.000000, avanceR = 2.000000, avanceI = 2.000000
inc_x_r = 0.000000, inc_y_r = 1.000000, inc_x_i = 1.000000, inc_y_i = 1.000000
En el else......

----------------------------------------
x = 55.000000, y = 103.000000
avance = -73.000000, avanceR = 2.000000, avanceI = 2.000000
inc_x_r = 0.000000, inc_y_r = 1.000000, inc_x_i = 1.000000, inc_y_i = 1.000000
En el else......

----------------------------------------
x = 55.000000, y = 104.000000
avance = -71.000000, avanceR = 2.000000, avanceI = 2.000000
inc_x_r = 0.000000, inc_y_r = 1.000000, inc_x_i = 1.000000, inc_y_i = 1.000000
En el else......

----------------------------------------
x = 55.000000, y = 105.000000
avance = -69.000000, avanceR = 2.000000, avanceI = 2.000000
inc_x_r = 0.000000, inc_y_r = 1.000000, inc_x_i = 1.000000, inc_y_i = 1.000000
En el else......

----------------------------------------
x = 55.000000, y = 106.000000
avance = -67.000000, avanceR = 2.000000, avanceI = 2.000000
inc_x_r = 0.000000, inc_y_r = 1.000000, inc_x_i = 1.000000, inc_y_i = 1.000000
En el else......

----------------------------------------
x = 55.000000, y = 107.000000
avance = -65.000000, avanceR = 2.000000, avanceI = 2.000000
inc_x_r = 0.000000, inc_y_r = 1.000000, inc_x_i = 1.000000, inc_y_i = 1.000000
En el else......

----------------------------------------
x = 55.000000, y = 108.000000
avance = -63.000000, avanceR = 2.000000, avanceI = 2.000000
inc_x_r = 0.000000, inc_y_r = 1.000000, inc_x_i = 1.000000, inc_y_i = 1.000000
En el else......

----------------------------------------
x = 55.000000, y = 109.000000
avance = -61.000000, avanceR = 2.000000, avanceI = 2.000000
inc_x_r = 0.000000, inc_y_r = 1.000000, inc_x_i = 1.000000, inc_y_i = 1.000000
En el else......

----------------------------------------
x = 55.000000, y = 110.000000
avance = -59.000000, avanceR = 2.000000, avanceI = 2.000000
inc_x_r = 0.000000, inc_y_r = 1.000000, inc_x_i = 1.000000, inc_y_i = 1.000000
En el else......

----------------------------------------
x = 55.000000, y = 111.000000
avance = -57.000000, avanceR = 2.000000, avanceI = 2.000000
inc_x_r = 0.000000, inc_y_r = 1.000000, inc_x_i = 1.000000, inc_y_i = 1.000000
En el else......

----------------------------------------
x = 55.000000, y = 112.000000
avance = -55.000000, avanceR = 2.000000, avanceI = 2.000000
inc_x_r = 0.000000, inc_y_r = 1.000000, inc_x_i = 1.000000, inc_y_i = 1.000000
En el else......

----------------------------------------
x = 55.000000, y = 113.000000
avance = -53.000000, avanceR = 2.000000, avanceI = 2.000000
inc_x_r = 0.000000, inc_y_r = 1.000000, inc_x_i = 1.000000, inc_y_i = 1.000000
En el else......

----------------------------------------
x = 55.000000, y = 114.000000
avance = -51.000000, avanceR = 2.000000, avanceI = 2.000000
inc_x_r = 0.000000, inc_y_r = 1.000000, inc_x_i = 1.000000, inc_y_i = 1.000000
En el else......

----------------------------------------
x = 55.000000, y = 115.000000
avance = -49.000000, avanceR = 2.000000, avanceI = 2.000000
inc_x_r = 0.000000, inc_y_r = 1.000000, inc_x_i = 1.000000, inc_y_i = 1.000000
En el else......

----------------------------------------
x = 55.000000, y = 116.000000
avance = -47.000000, avanceR = 2.000000, avanceI = 2.000000
inc_x_r = 0.000000, inc_y_r = 1.000000, inc_x_i = 1.000000, inc_y_i = 1.000000
En el else......

----------------------------------------
x = 55.000000, y = 117.000000
avance = -45.000000, avanceR = 2.000000, avanceI = 2.000000
inc_x_r = 0.000000, inc_y_r = 1.000000, inc_x_i = 1.000000, inc_y_i = 1.000000
En el else......

----------------------------------------
x = 55.000000, y = 118.000000
avance = -43.000000, avanceR = 2.000000, avanceI = 2.000000
inc_x_r = 0.000000, inc_y_r = 1.000000, inc_x_i = 1.000000, inc_y_i = 1.000000
En el else......

----------------------------------------
x = 55.000000, y = 119.000000
avance = -41.000000, avanceR = 2.000000, avanceI = 2.000000
inc_x_r = 0.000000, inc_y_r = 1.000000, inc_x_i = 1.000000, inc_y_i = 1.000000
En el else......

----------------------------------------
x = 55.000000, y = 120.000000
avance = -39.000000, avanceR = 2.000000, avanceI = 2.000000
inc_x_r = 0.000000, inc_y_r = 1.000000, inc_x_i = 1.000000, inc_y_i = 1.000000
En el else......

----------------------------------------
x = 55.000000, y = 121.000000
avance = -37.000000, avanceR = 2.000000, avanceI = 2.000000
inc_x_r = 0.000000, inc_y_r = 1.000000, inc_x_i = 1.000000, inc_y_i = 1.000000
En el else......

----------------------------------------
x = 55.000000, y = 122.000000
avance = -35.000000, avanceR = 2.000000, avanceI = 2.000000
inc_x_r = 0.000000, inc_y_r = 1.000000, inc_x_i = 1.000000, inc_y_i = 1.000000
En el else......

----------------------------------------
x = 55.000000, y = 123.000000
avance = -33.000000, avanceR = 2.000000, avanceI = 2.000000
inc_x_r = 0.000000, inc_y_r = 1.000000, inc_x_i = 1.000000, inc_y_i = 1.000000
En el else......

----------------------------------------
x = 55.000000, y = 124.000000
avance = -31.000000, avanceR = 2.000000, avanceI = 2.000000
inc_x_r = 0.000000, inc_y_r = 1.000000, inc_x_i = 1.000000, inc_y_i = 1.000000
En el else......

----------------------------------------
x = 55.000000, y = 125.000000
avance = -29.000000, avanceR = 2.000000, avanceI = 2.000000
inc_x_r = 0.000000, inc_y_r = 1.000000, inc_x_i = 1.000000, inc_y_i = 1.000000
En el else......

----------------------------------------
x = 55.000000, y = 126.000000
avance = -27.000000, avanceR = 2.000000, avanceI = 2.000000
inc_x_r = 0.000000, inc_y_r = 1.000000, inc_x_i = 1.000000, inc_y_i = 1.000000
En el else......

----------------------------------------
x = 55.000000, y = 127.000000
avance = -25.000000, avanceR = 2.000000, avanceI = 2.000000
inc_x_r = 0.000000, inc_y_r = 1.000000, inc_x_i = 1.000000, inc_y_i = 1.000000
En el else......

----------------------------------------
x = 55.000000, y = 128.000000
avance = -23.000000, avanceR = 2.000000, avanceI = 2.000000
inc_x_r = 0.000000, inc_y_r = 1.000000, inc_x_i = 1.000000, inc_y_i = 1.000000
En el else......

----------------------------------------
x = 55.000000, y = 129.000000
avance = -21.000000, avanceR = 2.000000, avanceI = 2.000000
inc_x_r = 0.000000, inc_y_r = 1.000000, inc_x_i = 1.000000, inc_y_i = 1.000000
En el else......

----------------------------------------
x = 55.000000, y = 130.000000
avance = -19.000000, avanceR = 2.000000, avanceI = 2.000000
inc_x_r = 0.000000, inc_y_r = 1.000000, inc_x_i = 1.000000, inc_y_i = 1.000000
En el else......

----------------------------------------
x = 55.000000, y = 131.000000
avance = -17.000000, avanceR = 2.000000, avanceI = 2.000000
inc_x_r = 0.000000, inc_y_r = 1.000000, inc_x_i = 1.000000, inc_y_i = 1.000000
En el else......

----------------------------------------
x = 55.000000, y = 132.000000
avance = -15.000000, avanceR = 2.000000, avanceI = 2.000000
inc_x_r = 0.000000, inc_y_r = 1.000000, inc_x_i = 1.000000, inc_y_i = 1.000000
En el else......

----------------------------------------
x = 55.000000, y = 133.000000
avance = -13.000000, avanceR = 2.000000, avanceI = 2.000000
inc_x_r = 0.000000, inc_y_r = 1.000000, inc_x_i = 1.000000, inc_y_i = 1.000000
En el else......

----------------------------------------
x = 55.000000, y = 134.000000
avance = -11.000000, avanceR = 2.000000, avanceI = 2.000000
inc_x_r = 0.000000, inc_y_r = 1.000000, inc_x_i = 1.000000, inc_y_i = 1.000000
En el else......

----------------------------------------
x = 55.000000, y = 135.000000
avance = -9.000000, avanceR = 2.000000, avanceI = 2.000000
inc_x_r = 0.000000, inc_y_r = 1.000000, inc_x_i = 1.000000, inc_y_i = 1.000000
En el else......

----------------------------------------
x = 55.000000, y = 136.000000
avance = -7.000000, avanceR = 2.000000, avanceI = 2.000000
inc_x_r = 0.000000, inc_y_r = 1.000000, inc_x_i = 1.000000, inc_y_i = 1.000000
En el else......

----------------------------------------
x = 55.000000, y = 137.000000
avance = -5.000000, avanceR = 2.000000, avanceI = 2.000000
inc_x_r = 0.000000, inc_y_r = 1.000000, inc_x_i = 1.000000, inc_y_i = 1.000000
En el else......

----------------------------------------
x = 55.000000, y = 138.000000
avance = -3.000000, avanceR = 2.000000, avanceI = 2.000000
inc_x_r = 0.000000, inc_y_r = 1.000000, inc_x_i = 1.000000, inc_y_i = 1.000000
En el else......

----------------------------------------
x = 55.000000, y = 139.000000
avance = -1.000000, avanceR = 2.000000, avanceI = 2.000000
inc_x_r = 0.000000, inc_y_r = 1.000000, inc_x_i = 1.000000, inc_y_i = 1.000000
En el else......

----------------------------------------
x = 55.000000, y = 140.000000
avance = 1.000000, avanceR = 2.000000, avanceI = 2.000000
inc_x_r = 0.000000, inc_y_r = 1.000000, inc_x_i = 1.000000, inc_y_i = 1.000000
avance >= 0

----------------------------------------
x = 56.000000, y = 141.000000
avance = -499.000000, avanceR = 2.000000, avanceI = 2.000000
inc_x_r = 0.000000, inc_y_r = 1.000000, inc_x_i = 1.000000, inc_y_i = 1.000000
En el else......

----------------------------------------
x = 56.000000, y = 142.000000
avance = -497.000000, avanceR = 2.000000, avanceI = 2.000000
inc_x_r = 0.000000, inc_y_r = 1.000000, inc_x_i = 1.000000, inc_y_i = 1.000000
En el else......

----------------------------------------
x = 56.000000, y = 143.000000
avance = -495.000000, avanceR = 2.000000, avanceI = 2.000000
inc_x_r = 0.000000, inc_y_r = 1.000000, inc_x_i = 1.000000, inc_y_i = 1.000000
En el else......

----------------------------------------
x = 56.000000, y = 144.000000
avance = -493.000000, avanceR = 2.000000, avanceI = 2.000000
inc_x_r = 0.000000, inc_y_r = 1.000000, inc_x_i = 1.000000, inc_y_i = 1.000000
En el else......

----------------------------------------
x = 56.000000, y = 145.000000
avance = -491.000000, avanceR = 2.000000, avanceI = 2.000000
inc_x_r = 0.000000, inc_y_r = 1.000000, inc_x_i = 1.000000, inc_y_i = 1.000000
En el else......

----------------------------------------
x = 56.000000, y = 146.000000
avance = -489.000000, avanceR = 2.000000, avanceI = 2.000000
inc_x_r = 0.000000, inc_y_r = 1.000000, inc_x_i = 1.000000, inc_y_i = 1.000000
En el else......

----------------------------------------
x = 56.000000, y = 147.000000
avance = -487.000000, avanceR = 2.000000, avanceI = 2.000000
inc_x_r = 0.000000, inc_y_r = 1.000000, inc_x_i = 1.000000, inc_y_i = 1.000000
En el else......

----------------------------------------
x = 56.000000, y = 148.000000
avance = -485.000000, avanceR = 2.000000, avanceI = 2.000000
inc_x_r = 0.000000, inc_y_r = 1.000000, inc_x_i = 1.000000, inc_y_i = 1.000000
En el else......

----------------------------------------
x = 56.000000, y = 149.000000
avance = -483.000000, avanceR = 2.000000, avanceI = 2.000000
inc_x_r = 0.000000, inc_y_r = 1.000000, inc_x_i = 1.000000, inc_y_i = 1.000000
En el else......

----------------------------------------
x = 56.000000, y = 150.000000
avance = -481.000000, avanceR = 2.000000, avanceI = 2.000000
inc_x_r = 0.000000, inc_y_r = 1.000000, inc_x_i = 1.000000, inc_y_i = 1.000000
En el else......

----------------------------------------
x = 56.000000, y = 151.000000
avance = -479.000000, avanceR = 2.000000, avanceI = 2.000000
inc_x_r = 0.000000, inc_y_r = 1.000000, inc_x_i = 1.000000, inc_y_i = 1.000000
En el else......

----------------------------------------
x = 56.000000, y = 152.000000
avance = -477.000000, avanceR = 2.000000, avanceI = 2.000000
inc_x_r = 0.000000, inc_y_r = 1.000000, inc_x_i = 1.000000, inc_y_i = 1.000000
En el else......

----------------------------------------
x = 56.000000, y = 153.000000
avance = -475.000000, avanceR = 2.000000, avanceI = 2.000000
inc_x_r = 0.000000, inc_y_r = 1.000000, inc_x_i = 1.000000, inc_y_i = 1.000000
En el else......

----------------------------------------
x = 56.000000, y = 154.000000
avance = -473.000000, avanceR = 2.000000, avanceI = 2.000000
inc_x_r = 0.000000, inc_y_r = 1.000000, inc_x_i = 1.000000, inc_y_i = 1.000000
En el else......

----------------------------------------
x = 56.000000, y = 155.000000
avance = -471.000000, avanceR = 2.000000, avanceI = 2.000000
inc_x_r = 0.000000, inc_y_r = 1.000000, inc_x_i = 1.000000, inc_y_i = 1.000000
En el else......

----------------------------------------
x = 56.000000, y = 156.000000
avance = -469.000000, avanceR = 2.000000, avanceI = 2.000000
inc_x_r = 0.000000, inc_y_r = 1.000000, inc_x_i = 1.000000, inc_y_i = 1.000000
En el else......

----------------------------------------
x = 56.000000, y = 157.000000
avance = -467.000000, avanceR = 2.000000, avanceI = 2.000000
inc_x_r = 0.000000, inc_y_r = 1.000000, inc_x_i = 1.000000, inc_y_i = 1.000000
En el else......

----------------------------------------
x = 56.000000, y = 158.000000
avance = -465.000000, avanceR = 2.000000, avanceI = 2.000000
inc_x_r = 0.000000, inc_y_r = 1.000000, inc_x_i = 1.000000, inc_y_i = 1.000000
En el else......

----------------------------------------
x = 56.000000, y = 159.000000
avance = -463.000000, avanceR = 2.000000, avanceI = 2.000000
inc_x_r = 0.000000, inc_y_r = 1.000000, inc_x_i = 1.000000, inc_y_i = 1.000000
En el else......

----------------------------------------
x = 56.000000, y = 160.000000
avance = -461.000000, avanceR = 2.000000, avanceI = 2.000000
inc_x_r = 0.000000, inc_y_r = 1.000000, inc_x_i = 1.000000, inc_y_i = 1.000000
En el else......

----------------------------------------
x = 56.000000, y = 161.000000
avance = -459.000000, avanceR = 2.000000, avanceI = 2.000000
inc_x_r = 0.000000, inc_y_r = 1.000000, inc_x_i = 1.000000, inc_y_i = 1.000000
En el else......

----------------------------------------
x = 56.000000, y = 162.000000
avance = -457.000000, avanceR = 2.000000, avanceI = 2.000000
inc_x_r = 0.000000, inc_y_r = 1.000000, inc_x_i = 1.000000, inc_y_i = 1.000000
En el else......

----------------------------------------
x = 56.000000, y = 163.000000
avance = -455.000000, avanceR = 2.000000, avanceI = 2.000000
inc_x_r = 0.000000, inc_y_r = 1.000000, inc_x_i = 1.000000, inc_y_i = 1.000000
En el else......

----------------------------------------
x = 56.000000, y = 164.000000
avance = -453.000000, avanceR = 2.000000, avanceI = 2.000000
inc_x_r = 0.000000, inc_y_r = 1.000000, inc_x_i = 1.000000, inc_y_i = 1.000000
En el else......

----------------------------------------
x = 56.000000, y = 165.000000
avance = -451.000000, avanceR = 2.000000, avanceI = 2.000000
inc_x_r = 0.000000, inc_y_r = 1.000000, inc_x_i = 1.000000, inc_y_i = 1.000000
En el else......

----------------------------------------
x = 56.000000, y = 166.000000
avance = -449.000000, avanceR = 2.000000, avanceI = 2.000000
inc_x_r = 0.000000, inc_y_r = 1.000000, inc_x_i = 1.000000, inc_y_i = 1.000000
En el else......

----------------------------------------
x = 56.000000, y = 167.000000
avance = -447.000000, avanceR = 2.000000, avanceI = 2.000000
inc_x_r = 0.000000, inc_y_r = 1.000000, inc_x_i = 1.000000, inc_y_i = 1.000000
En el else......

----------------------------------------
x = 56.000000, y = 168.000000
avance = -445.000000, avanceR = 2.000000, avanceI = 2.000000
inc_x_r = 0.000000, inc_y_r = 1.000000, inc_x_i = 1.000000, inc_y_i = 1.000000
En el else......

----------------------------------------
x = 56.000000, y = 169.000000
avance = -443.000000, avanceR = 2.000000, avanceI = 2.000000
inc_x_r = 0.000000, inc_y_r = 1.000000, inc_x_i = 1.000000, inc_y_i = 1.000000
En el else......

----------------------------------------
x = 56.000000, y = 170.000000
avance = -441.000000, avanceR = 2.000000, avanceI = 2.000000
inc_x_r = 0.000000, inc_y_r = 1.000000, inc_x_i = 1.000000, inc_y_i = 1.000000
En el else......

----------------------------------------
x = 56.000000, y = 171.000000
avance = -439.000000, avanceR = 2.000000, avanceI = 2.000000
inc_x_r = 0.000000, inc_y_r = 1.000000, inc_x_i = 1.000000, inc_y_i = 1.000000
En el else......

----------------------------------------
x = 56.000000, y = 172.000000
avance = -437.000000, avanceR = 2.000000, avanceI = 2.000000
inc_x_r = 0.000000, inc_y_r = 1.000000, inc_x_i = 1.000000, inc_y_i = 1.000000
En el else......

----------------------------------------
x = 56.000000, y = 173.000000
avance = -435.000000, avanceR = 2.000000, avanceI = 2.000000
inc_x_r = 0.000000, inc_y_r = 1.000000, inc_x_i = 1.000000, inc_y_i = 1.000000
En el else......

----------------------------------------
x = 56.000000, y = 174.000000
avance = -433.000000, avanceR = 2.000000, avanceI = 2.000000
inc_x_r = 0.000000, inc_y_r = 1.000000, inc_x_i = 1.000000, inc_y_i = 1.000000
En el else......

----------------------------------------
x = 56.000000, y = 175.000000
avance = -431.000000, avanceR = 2.000000, avanceI = 2.000000
inc_x_r = 0.000000, inc_y_r = 1.000000, inc_x_i = 1.000000, inc_y_i = 1.000000
En el else......

----------------------------------------
x = 56.000000, y = 176.000000
avance = -429.000000, avanceR = 2.000000, avanceI = 2.000000
inc_x_r = 0.000000, inc_y_r = 1.000000, inc_x_i = 1.000000, inc_y_i = 1.000000
En el else......

----------------------------------------
x = 56.000000, y = 177.000000
avance = -427.000000, avanceR = 2.000000, avanceI = 2.000000
inc_x_r = 0.000000, inc_y_r = 1.000000, inc_x_i = 1.000000, inc_y_i = 1.000000
En el else......

----------------------------------------
x = 56.000000, y = 178.000000
avance = -425.000000, avanceR = 2.000000, avanceI = 2.000000
inc_x_r = 0.000000, inc_y_r = 1.000000, inc_x_i = 1.000000, inc_y_i = 1.000000
En el else......

----------------------------------------
x = 56.000000, y = 179.000000
avance = -423.000000, avanceR = 2.000000, avanceI = 2.000000
inc_x_r = 0.000000, inc_y_r = 1.000000, inc_x_i = 1.000000, inc_y_i = 1.000000
En el else......

----------------------------------------
x = 56.000000, y = 180.000000
avance = -421.000000, avanceR = 2.000000, avanceI = 2.000000
inc_x_r = 0.000000, inc_y_r = 1.000000, inc_x_i = 1.000000, inc_y_i = 1.000000
En el else......

----------------------------------------
x = 56.000000, y = 181.000000
avance = -419.000000, avanceR = 2.000000, avanceI = 2.000000
inc_x_r = 0.000000, inc_y_r = 1.000000, inc_x_i = 1.000000, inc_y_i = 1.000000
En el else......

----------------------------------------
x = 56.000000, y = 182.000000
avance = -417.000000, avanceR = 2.000000, avanceI = 2.000000
inc_x_r = 0.000000, inc_y_r = 1.000000, inc_x_i = 1.000000, inc_y_i = 1.000000
En el else......

----------------------------------------
x = 56.000000, y = 183.000000
avance = -415.000000, avanceR = 2.000000, avanceI = 2.000000
inc_x_r = 0.000000, inc_y_r = 1.000000, inc_x_i = 1.000000, inc_y_i = 1.000000
En el else......

----------------------------------------
x = 56.000000, y = 184.000000
avance = -413.000000, avanceR = 2.000000, avanceI = 2.000000
inc_x_r = 0.000000, inc_y_r = 1.000000, inc_x_i = 1.000000, inc_y_i = 1.000000
En el else......

----------------------------------------
x = 56.000000, y = 185.000000
avance = -411.000000, avanceR = 2.000000, avanceI = 2.000000
inc_x_r = 0.000000, inc_y_r = 1.000000, inc_x_i = 1.000000, inc_y_i = 1.000000
En el else......

----------------------------------------
x = 56.000000, y = 186.000000
avance = -409.000000, avanceR = 2.000000, avanceI = 2.000000
inc_x_r = 0.000000, inc_y_r = 1.000000, inc_x_i = 1.000000, inc_y_i = 1.000000
En el else......

----------------------------------------
x = 56.000000, y = 187.000000
avance = -407.000000, avanceR = 2.000000, avanceI = 2.000000
inc_x_r = 0.000000, inc_y_r = 1.000000, inc_x_i = 1.000000, inc_y_i = 1.000000
En el else......

----------------------------------------
x = 56.000000, y = 188.000000
avance = -405.000000, avanceR = 2.000000, avanceI = 2.000000
inc_x_r = 0.000000, inc_y_r = 1.000000, inc_x_i = 1.000000, inc_y_i = 1.000000
En el else......

----------------------------------------
x = 56.000000, y = 189.000000
avance = -403.000000, avanceR = 2.000000, avanceI = 2.000000
inc_x_r = 0.000000, inc_y_r = 1.000000, inc_x_i = 1.000000, inc_y_i = 1.000000
En el else......

----------------------------------------
x = 56.000000, y = 190.000000
avance = -401.000000, avanceR = 2.000000, avanceI = 2.000000
inc_x_r = 0.000000, inc_y_r = 1.000000, inc_x_i = 1.000000, inc_y_i = 1.000000
En el else......

----------------------------------------
x = 56.000000, y = 191.000000
avance = -399.000000, avanceR = 2.000000, avanceI = 2.000000
inc_x_r = 0.000000, inc_y_r = 1.000000, inc_x_i = 1.000000, inc_y_i = 1.000000
En el else......

----------------------------------------
x = 56.000000, y = 192.000000
avance = -397.000000, avanceR = 2.000000, avanceI = 2.000000
inc_x_r = 0.000000, inc_y_r = 1.000000, inc_x_i = 1.000000, inc_y_i = 1.000000
En el else......

----------------------------------------
x = 56.000000, y = 193.000000
avance = -395.000000, avanceR = 2.000000, avanceI = 2.000000
inc_x_r = 0.000000, inc_y_r = 1.000000, inc_x_i = 1.000000, inc_y_i = 1.000000
En el else......

----------------------------------------
x = 56.000000, y = 194.000000
avance = -393.000000, avanceR = 2.000000, avanceI = 2.000000
inc_x_r = 0.000000, inc_y_r = 1.000000, inc_x_i = 1.000000, inc_y_i = 1.000000
En el else......

----------------------------------------
x = 56.000000, y = 195.000000
avance = -391.000000, avanceR = 2.000000, avanceI = 2.000000
inc_x_r = 0.000000, inc_y_r = 1.000000, inc_x_i = 1.000000, inc_y_i = 1.000000
En el else......

----------------------------------------
x = 56.000000, y = 196.000000
avance = -389.000000, avanceR = 2.000000, avanceI = 2.000000
inc_x_r = 0.000000, inc_y_r = 1.000000, inc_x_i = 1.000000, inc_y_i = 1.000000
En el else......

----------------------------------------
x = 56.000000, y = 197.000000
avance = -387.000000, avanceR = 2.000000, avanceI = 2.000000
inc_x_r = 0.000000, inc_y_r = 1.000000, inc_x_i = 1.000000, inc_y_i = 1.000000
En el else......

----------------------------------------
x = 56.000000, y = 198.000000
avance = -385.000000, avanceR = 2.000000, avanceI = 2.000000
inc_x_r = 0.000000, inc_y_r = 1.000000, inc_x_i = 1.000000, inc_y_i = 1.000000
En el else......

----------------------------------------
x = 56.000000, y = 199.000000
avance = -383.000000, avanceR = 2.000000, avanceI = 2.000000
inc_x_r = 0.000000, inc_y_r = 1.000000, inc_x_i = 1.000000, inc_y_i = 1.000000
En el else......

----------------------------------------
x = 56.000000, y = 200.000000
avance = -381.000000, avanceR = 2.000000, avanceI = 2.000000
inc_x_r = 0.000000, inc_y_r = 1.000000, inc_x_i = 1.000000, inc_y_i = 1.000000
En el else......

----------------------------------------
x = 56.000000, y = 201.000000
avance = -379.000000, avanceR = 2.000000, avanceI = 2.000000
inc_x_r = 0.000000, inc_y_r = 1.000000, inc_x_i = 1.000000, inc_y_i = 1.000000
En el else......

----------------------------------------
x = 56.000000, y = 202.000000
avance = -377.000000, avanceR = 2.000000, avanceI = 2.000000
inc_x_r = 0.000000, inc_y_r = 1.000000, inc_x_i = 1.000000, inc_y_i = 1.000000
En el else......

----------------------------------------
x = 56.000000, y = 203.000000
avance = -375.000000, avanceR = 2.000000, avanceI = 2.000000
inc_x_r = 0.000000, inc_y_r = 1.000000, inc_x_i = 1.000000, inc_y_i = 1.000000
En el else......

----------------------------------------
x = 56.000000, y = 204.000000
avance = -373.000000, avanceR = 2.000000, avanceI = 2.000000
inc_x_r = 0.000000, inc_y_r = 1.000000, inc_x_i = 1.000000, inc_y_i = 1.000000
En el else......

----------------------------------------
x = 56.000000, y = 205.000000
avance = -371.000000, avanceR = 2.000000, avanceI = 2.000000
inc_x_r = 0.000000, inc_y_r = 1.000000, inc_x_i = 1.000000, inc_y_i = 1.000000
En el else......

----------------------------------------
x = 56.000000, y = 206.000000
avance = -369.000000, avanceR = 2.000000, avanceI = 2.000000
inc_x_r = 0.000000, inc_y_r = 1.000000, inc_x_i = 1.000000, inc_y_i = 1.000000
En el else......

----------------------------------------
x = 56.000000, y = 207.000000
avance = -367.000000, avanceR = 2.000000, avanceI = 2.000000
inc_x_r = 0.000000, inc_y_r = 1.000000, inc_x_i = 1.000000, inc_y_i = 1.000000
En el else......

----------------------------------------
x = 56.000000, y = 208.000000
avance = -365.000000, avanceR = 2.000000, avanceI = 2.000000
inc_x_r = 0.000000, inc_y_r = 1.000000, inc_x_i = 1.000000, inc_y_i = 1.000000
En el else......

----------------------------------------
x = 56.000000, y = 209.000000
avance = -363.000000, avanceR = 2.000000, avanceI = 2.000000
inc_x_r = 0.000000, inc_y_r = 1.000000, inc_x_i = 1.000000, inc_y_i = 1.000000
En el else......

----------------------------------------
x = 56.000000, y = 210.000000
avance = -361.000000, avanceR = 2.000000, avanceI = 2.000000
inc_x_r = 0.000000, inc_y_r = 1.000000, inc_x_i = 1.000000, inc_y_i = 1.000000
En el else......

----------------------------------------
x = 56.000000, y = 211.000000
avance = -359.000000, avanceR = 2.000000, avanceI = 2.000000
inc_x_r = 0.000000, inc_y_r = 1.000000, inc_x_i = 1.000000, inc_y_i = 1.000000
En el else......

----------------------------------------
x = 56.000000, y = 212.000000
avance = -357.000000, avanceR = 2.000000, avanceI = 2.000000
inc_x_r = 0.000000, inc_y_r = 1.000000, inc_x_i = 1.000000, inc_y_i = 1.000000
En el else......

----------------------------------------
x = 56.000000, y = 213.000000
avance = -355.000000, avanceR = 2.000000, avanceI = 2.000000
inc_x_r = 0.000000, inc_y_r = 1.000000, inc_x_i = 1.000000, inc_y_i = 1.000000
En el else......

----------------------------------------
x = 56.000000, y = 214.000000
avance = -353.000000, avanceR = 2.000000, avanceI = 2.000000
inc_x_r = 0.000000, inc_y_r = 1.000000, inc_x_i = 1.000000, inc_y_i = 1.000000
En el else......

----------------------------------------
x = 56.000000, y = 215.000000
avance = -351.000000, avanceR = 2.000000, avanceI = 2.000000
inc_x_r = 0.000000, inc_y_r = 1.000000, inc_x_i = 1.000000, inc_y_i = 1.000000
En el else......

----------------------------------------
x = 56.000000, y = 216.000000
avance = -349.000000, avanceR = 2.000000, avanceI = 2.000000
inc_x_r = 0.000000, inc_y_r = 1.000000, inc_x_i = 1.000000, inc_y_i = 1.000000
En el else......

----------------------------------------
x = 56.000000, y = 217.000000
avance = -347.000000, avanceR = 2.000000, avanceI = 2.000000
inc_x_r = 0.000000, inc_y_r = 1.000000, inc_x_i = 1.000000, inc_y_i = 1.000000
En el else......

----------------------------------------
x = 56.000000, y = 218.000000
avance = -345.000000, avanceR = 2.000000, avanceI = 2.000000
inc_x_r = 0.000000, inc_y_r = 1.000000, inc_x_i = 1.000000, inc_y_i = 1.000000
En el else......

----------------------------------------
x = 56.000000, y = 219.000000
avance = -343.000000, avanceR = 2.000000, avanceI = 2.000000
inc_x_r = 0.000000, inc_y_r = 1.000000, inc_x_i = 1.000000, inc_y_i = 1.000000
En el else......

----------------------------------------
x = 56.000000, y = 220.000000
avance = -341.000000, avanceR = 2.000000, avanceI = 2.000000
inc_x_r = 0.000000, inc_y_r = 1.000000, inc_x_i = 1.000000, inc_y_i = 1.000000
En el else......

----------------------------------------
x = 56.000000, y = 221.000000
avance = -339.000000, avanceR = 2.000000, avanceI = 2.000000
inc_x_r = 0.000000, inc_y_r = 1.000000, inc_x_i = 1.000000, inc_y_i = 1.000000
En el else......

----------------------------------------
x = 56.000000, y = 222.000000
avance = -337.000000, avanceR = 2.000000, avanceI = 2.000000
inc_x_r = 0.000000, inc_y_r = 1.000000, inc_x_i = 1.000000, inc_y_i = 1.000000
En el else......

----------------------------------------
x = 56.000000, y = 223.000000
avance = -335.000000, avanceR = 2.000000, avanceI = 2.000000
inc_x_r = 0.000000, inc_y_r = 1.000000, inc_x_i = 1.000000, inc_y_i = 1.000000
En el else......

----------------------------------------
x = 56.000000, y = 224.000000
avance = -333.000000, avanceR = 2.000000, avanceI = 2.000000
inc_x_r = 0.000000, inc_y_r = 1.000000, inc_x_i = 1.000000, inc_y_i = 1.000000
En el else......

----------------------------------------
x = 56.000000, y = 225.000000
avance = -331.000000, avanceR = 2.000000, avanceI = 2.000000
inc_x_r = 0.000000, inc_y_r = 1.000000, inc_x_i = 1.000000, inc_y_i = 1.000000
En el else......

----------------------------------------
x = 56.000000, y = 226.000000
avance = -329.000000, avanceR = 2.000000, avanceI = 2.000000
inc_x_r = 0.000000, inc_y_r = 1.000000, inc_x_i = 1.000000, inc_y_i = 1.000000
En el else......

----------------------------------------
x = 56.000000, y = 227.000000
avance = -327.000000, avanceR = 2.000000, avanceI = 2.000000
inc_x_r = 0.000000, inc_y_r = 1.000000, inc_x_i = 1.000000, inc_y_i = 1.000000
En el else......

----------------------------------------
x = 56.000000, y = 228.000000
avance = -325.000000, avanceR = 2.000000, avanceI = 2.000000
inc_x_r = 0.000000, inc_y_r = 1.000000, inc_x_i = 1.000000, inc_y_i = 1.000000
En el else......

----------------------------------------
x = 56.000000, y = 229.000000
avance = -323.000000, avanceR = 2.000000, avanceI = 2.000000
inc_x_r = 0.000000, inc_y_r = 1.000000, inc_x_i = 1.000000, inc_y_i = 1.000000
En el else......

----------------------------------------
x = 56.000000, y = 230.000000
avance = -321.000000, avanceR = 2.000000, avanceI = 2.000000
inc_x_r = 0.000000, inc_y_r = 1.000000, inc_x_i = 1.000000, inc_y_i = 1.000000
En el else......

----------------------------------------
x = 56.000000, y = 231.000000
avance = -319.000000, avanceR = 2.000000, avanceI = 2.000000
inc_x_r = 0.000000, inc_y_r = 1.000000, inc_x_i = 1.000000, inc_y_i = 1.000000
En el else......

----------------------------------------
x = 56.000000, y = 232.000000
avance = -317.000000, avanceR = 2.000000, avanceI = 2.000000
inc_x_r = 0.000000, inc_y_r = 1.000000, inc_x_i = 1.000000, inc_y_i = 1.000000
En el else......

----------------------------------------
x = 56.000000, y = 233.000000
avance = -315.000000, avanceR = 2.000000, avanceI = 2.000000
inc_x_r = 0.000000, inc_y_r = 1.000000, inc_x_i = 1.000000, inc_y_i = 1.000000
En el else......

----------------------------------------
x = 56.000000, y = 234.000000
avance = -313.000000, avanceR = 2.000000, avanceI = 2.000000
inc_x_r = 0.000000, inc_y_r = 1.000000, inc_x_i = 1.000000, inc_y_i = 1.000000
En el else......

----------------------------------------
x = 56.000000, y = 235.000000
avance = -311.000000, avanceR = 2.000000, avanceI = 2.000000
inc_x_r = 0.000000, inc_y_r = 1.000000, inc_x_i = 1.000000, inc_y_i = 1.000000
En el else......

----------------------------------------
x = 56.000000, y = 236.000000
avance = -309.000000, avanceR = 2.000000, avanceI = 2.000000
inc_x_r = 0.000000, inc_y_r = 1.000000, inc_x_i = 1.000000, inc_y_i = 1.000000
En el else......

----------------------------------------
x = 56.000000, y = 237.000000
avance = -307.000000, avanceR = 2.000000, avanceI = 2.000000
inc_x_r = 0.000000, inc_y_r = 1.000000, inc_x_i = 1.000000, inc_y_i = 1.000000
En el else......

----------------------------------------
x = 56.000000, y = 238.000000
avance = -305.000000, avanceR = 2.000000, avanceI = 2.000000
inc_x_r = 0.000000, inc_y_r = 1.000000, inc_x_i = 1.000000, inc_y_i = 1.000000
En el else......

----------------------------------------
x = 56.000000, y = 239.000000
avance = -303.000000, avanceR = 2.000000, avanceI = 2.000000
inc_x_r = 0.000000, inc_y_r = 1.000000, inc_x_i = 1.000000, inc_y_i = 1.000000
En el else......

----------------------------------------
x = 56.000000, y = 240.000000
avance = -301.000000, avanceR = 2.000000, avanceI = 2.000000
inc_x_r = 0.000000, inc_y_r = 1.000000, inc_x_i = 1.000000, inc_y_i = 1.000000
En el else......

----------------------------------------
x = 56.000000, y = 241.000000
avance = -299.000000, avanceR = 2.000000, avanceI = 2.000000
inc_x_r = 0.000000, inc_y_r = 1.000000, inc_x_i = 1.000000, inc_y_i = 1.000000
En el else......

----------------------------------------
x = 56.000000, y = 242.000000
avance = -297.000000, avanceR = 2.000000, avanceI = 2.000000
inc_x_r = 0.000000, inc_y_r = 1.000000, inc_x_i = 1.000000, inc_y_i = 1.000000
En el else......

----------------------------------------
x = 56.000000, y = 243.000000
avance = -295.000000, avanceR = 2.000000, avanceI = 2.000000
inc_x_r = 0.000000, inc_y_r = 1.000000, inc_x_i = 1.000000, inc_y_i = 1.000000
En el else......

----------------------------------------
x = 56.000000, y = 244.000000
avance = -293.000000, avanceR = 2.000000, avanceI = 2.000000
inc_x_r = 0.000000, inc_y_r = 1.000000, inc_x_i = 1.000000, inc_y_i = 1.000000
En el else......

----------------------------------------
x = 56.000000, y = 245.000000
avance = -291.000000, avanceR = 2.000000, avanceI = 2.000000
inc_x_r = 0.000000, inc_y_r = 1.000000, inc_x_i = 1.000000, inc_y_i = 1.000000
En el else......

----------------------------------------
x = 56.000000, y = 246.000000
avance = -289.000000, avanceR = 2.000000, avanceI = 2.000000
inc_x_r = 0.000000, inc_y_r = 1.000000, inc_x_i = 1.000000, inc_y_i = 1.000000
En el else......

----------------------------------------
x = 56.000000, y = 247.000000
avance = -287.000000, avanceR = 2.000000, avanceI = 2.000000
inc_x_r = 0.000000, inc_y_r = 1.000000, inc_x_i = 1.000000, inc_y_i = 1.000000
En el else......

----------------------------------------
x = 56.000000, y = 248.000000
avance = -285.000000, avanceR = 2.000000, avanceI = 2.000000
inc_x_r = 0.000000, inc_y_r = 1.000000, inc_x_i = 1.000000, inc_y_i = 1.000000
En el else......

----------------------------------------
x = 56.000000, y = 249.000000
avance = -283.000000, avanceR = 2.000000, avanceI = 2.000000
inc_x_r = 0.000000, inc_y_r = 1.000000, inc_x_i = 1.000000, inc_y_i = 1.000000
En el else......

----------------------------------------
x = 56.000000, y = 250.000000
avance = -281.000000, avanceR = 2.000000, avanceI = 2.000000
inc_x_r = 0.000000, inc_y_r = 1.000000, inc_x_i = 1.000000, inc_y_i = 1.000000
En el else......

----------------------------------------
x = 56.000000, y = 251.000000
avance = -279.000000, avanceR = 2.000000, avanceI = 2.000000
inc_x_r = 0.000000, inc_y_r = 1.000000, inc_x_i = 1.000000, inc_y_i = 1.000000
En el else......

----------------------------------------
x = 56.000000, y = 252.000000
avance = -277.000000, avanceR = 2.000000, avanceI = 2.000000
inc_x_r = 0.000000, inc_y_r = 1.000000, inc_x_i = 1.000000, inc_y_i = 1.000000
En el else......

----------------------------------------
x = 56.000000, y = 253.000000
avance = -275.000000, avanceR = 2.000000, avanceI = 2.000000
inc_x_r = 0.000000, inc_y_r = 1.000000, inc_x_i = 1.000000, inc_y_i = 1.000000
En el else......

----------------------------------------
x = 56.000000, y = 254.000000
avance = -273.000000, avanceR = 2.000000, avanceI = 2.000000
inc_x_r = 0.000000, inc_y_r = 1.000000, inc_x_i = 1.000000, inc_y_i = 1.000000
En el else......

----------------------------------------
x = 56.000000, y = 255.000000
avance = -271.000000, avanceR = 2.000000, avanceI = 2.000000
inc_x_r = 0.000000, inc_y_r = 1.000000, inc_x_i = 1.000000, inc_y_i = 1.000000
En el else......

----------------------------------------
x = 56.000000, y = 256.000000
avance = -269.000000, avanceR = 2.000000, avanceI = 2.000000
inc_x_r = 0.000000, inc_y_r = 1.000000, inc_x_i = 1.000000, inc_y_i = 1.000000
En el else......

----------------------------------------
x = 56.000000, y = 257.000000
avance = -267.000000, avanceR = 2.000000, avanceI = 2.000000
inc_x_r = 0.000000, inc_y_r = 1.000000, inc_x_i = 1.000000, inc_y_i = 1.000000
En el else......

----------------------------------------
x = 56.000000, y = 258.000000
avance = -265.000000, avanceR = 2.000000, avanceI = 2.000000
inc_x_r = 0.000000, inc_y_r = 1.000000, inc_x_i = 1.000000, inc_y_i = 1.000000
En el else......

----------------------------------------
x = 56.000000, y = 259.000000
avance = -263.000000, avanceR = 2.000000, avanceI = 2.000000
inc_x_r = 0.000000, inc_y_r = 1.000000, inc_x_i = 1.000000, inc_y_i = 1.000000
En el else......

----------------------------------------
x = 56.000000, y = 260.000000
avance = -261.000000, avanceR = 2.000000, avanceI = 2.000000
inc_x_r = 0.000000, inc_y_r = 1.000000, inc_x_i = 1.000000, inc_y_i = 1.000000
En el else......

----------------------------------------
x = 56.000000, y = 261.000000
avance = -259.000000, avanceR = 2.000000, avanceI = 2.000000
inc_x_r = 0.000000, inc_y_r = 1.000000, inc_x_i = 1.000000, inc_y_i = 1.000000
En el else......

----------------------------------------
x = 56.000000, y = 262.000000
avance = -257.000000, avanceR = 2.000000, avanceI = 2.000000
inc_x_r = 0.000000, inc_y_r = 1.000000, inc_x_i = 1.000000, inc_y_i = 1.000000
En el else......

----------------------------------------
x = 56.000000, y = 263.000000
avance = -255.000000, avanceR = 2.000000, avanceI = 2.000000
inc_x_r = 0.000000, inc_y_r = 1.000000, inc_x_i = 1.000000, inc_y_i = 1.000000
En el else......

----------------------------------------
x = 56.000000, y = 264.000000
avance = -253.000000, avanceR = 2.000000, avanceI = 2.000000
inc_x_r = 0.000000, inc_y_r = 1.000000, inc_x_i = 1.000000, inc_y_i = 1.000000
En el else......

----------------------------------------
x = 56.000000, y = 265.000000
avance = -251.000000, avanceR = 2.000000, avanceI = 2.000000
inc_x_r = 0.000000, inc_y_r = 1.000000, inc_x_i = 1.000000, inc_y_i = 1.000000
En el else......

----------------------------------------


ENTRAMOS A BRESENHAMªªªª
x1 = 55.000000 - y1 = 15.000000 || x2 = 56.000000 - y2 = 266.000000
dy = 251.000000, dx = 1.000000
avances inclinados: inc_x_i = 1.000000, inc_y_i = 1.000000
updated: dy = 251.000000, dx = 1.000000
avances rectos: inc_x_r = 0.000000, inc_y_r 1.000000
reupdated: dy = 1.000000, dx = 251.000000
avanceR = 2.000000, avance -249.000000, avanceI 2.000000
----------------------------------------
x = 55.000000, y = 15.000000
avance = -249.000000, avanceR = 2.000000, avanceI = 2.000000
inc_x_r = 0.000000, inc_y_r = 1.000000, inc_x_i = 1.000000, inc_y_i = 1.000000
En el else......

----------------------------------------
x = 55.000000, y = 16.000000
avance = -247.000000, avanceR = 2.000000, avanceI = 2.000000
inc_x_r = 0.000000, inc_y_r = 1.000000, inc_x_i = 1.000000, inc_y_i = 1.000000
En el else......

----------------------------------------
x = 55.000000, y = 17.000000
avance = -245.000000, avanceR = 2.000000, avanceI = 2.000000
inc_x_r = 0.000000, inc_y_r = 1.000000, inc_x_i = 1.000000, inc_y_i = 1.000000
En el else......

----------------------------------------
x = 55.000000, y = 18.000000
avance = -243.000000, avanceR = 2.000000, avanceI = 2.000000
inc_x_r = 0.000000, inc_y_r = 1.000000, inc_x_i = 1.000000, inc_y_i = 1.000000
En el else......

----------------------------------------
x = 55.000000, y = 19.000000
avance = -241.000000, avanceR = 2.000000, avanceI = 2.000000
inc_x_r = 0.000000, inc_y_r = 1.000000, inc_x_i = 1.000000, inc_y_i = 1.000000
En el else......

----------------------------------------
x = 55.000000, y = 20.000000
avance = -239.000000, avanceR = 2.000000, avanceI = 2.000000
inc_x_r = 0.000000, inc_y_r = 1.000000, inc_x_i = 1.000000, inc_y_i = 1.000000
En el else......

----------------------------------------
x = 55.000000, y = 21.000000
avance = -237.000000, avanceR = 2.000000, avanceI = 2.000000
inc_x_r = 0.000000, inc_y_r = 1.000000, inc_x_i = 1.000000, inc_y_i = 1.000000
En el else......

----------------------------------------
x = 55.000000, y = 22.000000
avance = -235.000000, avanceR = 2.000000, avanceI = 2.000000
inc_x_r = 0.000000, inc_y_r = 1.000000, inc_x_i = 1.000000, inc_y_i = 1.000000
En el else......

----------------------------------------
x = 55.000000, y = 23.000000
avance = -233.000000, avanceR = 2.000000, avanceI = 2.000000
inc_x_r = 0.000000, inc_y_r = 1.000000, inc_x_i = 1.000000, inc_y_i = 1.000000
En el else......

----------------------------------------
x = 55.000000, y = 24.000000
avance = -231.000000, avanceR = 2.000000, avanceI = 2.000000
inc_x_r = 0.000000, inc_y_r = 1.000000, inc_x_i = 1.000000, inc_y_i = 1.000000
En el else......

----------------------------------------
x = 55.000000, y = 25.000000
avance = -229.000000, avanceR = 2.000000, avanceI = 2.000000
inc_x_r = 0.000000, inc_y_r = 1.000000, inc_x_i = 1.000000, inc_y_i = 1.000000
En el else......

----------------------------------------
x = 55.000000, y = 26.000000
avance = -227.000000, avanceR = 2.000000, avanceI = 2.000000
inc_x_r = 0.000000, inc_y_r = 1.000000, inc_x_i = 1.000000, inc_y_i = 1.000000
En el else......

----------------------------------------
x = 55.000000, y = 27.000000
avance = -225.000000, avanceR = 2.000000, avanceI = 2.000000
inc_x_r = 0.000000, inc_y_r = 1.000000, inc_x_i = 1.000000, inc_y_i = 1.000000
En el else......

----------------------------------------
x = 55.000000, y = 28.000000
avance = -223.000000, avanceR = 2.000000, avanceI = 2.000000
inc_x_r = 0.000000, inc_y_r = 1.000000, inc_x_i = 1.000000, inc_y_i = 1.000000
En el else......

----------------------------------------
x = 55.000000, y = 29.000000
avance = -221.000000, avanceR = 2.000000, avanceI = 2.000000
inc_x_r = 0.000000, inc_y_r = 1.000000, inc_x_i = 1.000000, inc_y_i = 1.000000
En el else......

----------------------------------------
x = 55.000000, y = 30.000000
avance = -219.000000, avanceR = 2.000000, avanceI = 2.000000
inc_x_r = 0.000000, inc_y_r = 1.000000, inc_x_i = 1.000000, inc_y_i = 1.000000
En el else......

----------------------------------------
x = 55.000000, y = 31.000000
avance = -217.000000, avanceR = 2.000000, avanceI = 2.000000
inc_x_r = 0.000000, inc_y_r = 1.000000, inc_x_i = 1.000000, inc_y_i = 1.000000
En el else......

----------------------------------------
x = 55.000000, y = 32.000000
avance = -215.000000, avanceR = 2.000000, avanceI = 2.000000
inc_x_r = 0.000000, inc_y_r = 1.000000, inc_x_i = 1.000000, inc_y_i = 1.000000
En el else......

----------------------------------------
x = 55.000000, y = 33.000000
avance = -213.000000, avanceR = 2.000000, avanceI = 2.000000
inc_x_r = 0.000000, inc_y_r = 1.000000, inc_x_i = 1.000000, inc_y_i = 1.000000
En el else......

----------------------------------------
x = 55.000000, y = 34.000000
avance = -211.000000, avanceR = 2.000000, avanceI = 2.000000
inc_x_r = 0.000000, inc_y_r = 1.000000, inc_x_i = 1.000000, inc_y_i = 1.000000
En el else......

----------------------------------------
x = 55.000000, y = 35.000000
avance = -209.000000, avanceR = 2.000000, avanceI = 2.000000
inc_x_r = 0.000000, inc_y_r = 1.000000, inc_x_i = 1.000000, inc_y_i = 1.000000
En el else......

----------------------------------------
x = 55.000000, y = 36.000000
avance = -207.000000, avanceR = 2.000000, avanceI = 2.000000
inc_x_r = 0.000000, inc_y_r = 1.000000, inc_x_i = 1.000000, inc_y_i = 1.000000
En el else......

----------------------------------------
x = 55.000000, y = 37.000000
avance = -205.000000, avanceR = 2.000000, avanceI = 2.000000
inc_x_r = 0.000000, inc_y_r = 1.000000, inc_x_i = 1.000000, inc_y_i = 1.000000
En el else......

----------------------------------------
x = 55.000000, y = 38.000000
avance = -203.000000, avanceR = 2.000000, avanceI = 2.000000
inc_x_r = 0.000000, inc_y_r = 1.000000, inc_x_i = 1.000000, inc_y_i = 1.000000
En el else......

----------------------------------------
x = 55.000000, y = 39.000000
avance = -201.000000, avanceR = 2.000000, avanceI = 2.000000
inc_x_r = 0.000000, inc_y_r = 1.000000, inc_x_i = 1.000000, inc_y_i = 1.000000
En el else......

----------------------------------------
x = 55.000000, y = 40.000000
avance = -199.000000, avanceR = 2.000000, avanceI = 2.000000
inc_x_r = 0.000000, inc_y_r = 1.000000, inc_x_i = 1.000000, inc_y_i = 1.000000
En el else......

----------------------------------------
x = 55.000000, y = 41.000000
avance = -197.000000, avanceR = 2.000000, avanceI = 2.000000
inc_x_r = 0.000000, inc_y_r = 1.000000, inc_x_i = 1.000000, inc_y_i = 1.000000
En el else......

----------------------------------------
x = 55.000000, y = 42.000000
avance = -195.000000, avanceR = 2.000000, avanceI = 2.000000
inc_x_r = 0.000000, inc_y_r = 1.000000, inc_x_i = 1.000000, inc_y_i = 1.000000
En el else......

----------------------------------------
x = 55.000000, y = 43.000000
avance = -193.000000, avanceR = 2.000000, avanceI = 2.000000
inc_x_r = 0.000000, inc_y_r = 1.000000, inc_x_i = 1.000000, inc_y_i = 1.000000
En el else......

----------------------------------------
x = 55.000000, y = 44.000000
avance = -191.000000, avanceR = 2.000000, avanceI = 2.000000
inc_x_r = 0.000000, inc_y_r = 1.000000, inc_x_i = 1.000000, inc_y_i = 1.000000
En el else......

----------------------------------------
x = 55.000000, y = 45.000000
avance = -189.000000, avanceR = 2.000000, avanceI = 2.000000
inc_x_r = 0.000000, inc_y_r = 1.000000, inc_x_i = 1.000000, inc_y_i = 1.000000
En el else......

----------------------------------------
x = 55.000000, y = 46.000000
avance = -187.000000, avanceR = 2.000000, avanceI = 2.000000
inc_x_r = 0.000000, inc_y_r = 1.000000, inc_x_i = 1.000000, inc_y_i = 1.000000
En el else......

----------------------------------------
x = 55.000000, y = 47.000000
avance = -185.000000, avanceR = 2.000000, avanceI = 2.000000
inc_x_r = 0.000000, inc_y_r = 1.000000, inc_x_i = 1.000000, inc_y_i = 1.000000
En el else......

----------------------------------------
x = 55.000000, y = 48.000000
avance = -183.000000, avanceR = 2.000000, avanceI = 2.000000
inc_x_r = 0.000000, inc_y_r = 1.000000, inc_x_i = 1.000000, inc_y_i = 1.000000
En el else......

----------------------------------------
x = 55.000000, y = 49.000000
avance = -181.000000, avanceR = 2.000000, avanceI = 2.000000
inc_x_r = 0.000000, inc_y_r = 1.000000, inc_x_i = 1.000000, inc_y_i = 1.000000
En el else......

----------------------------------------
x = 55.000000, y = 50.000000
avance = -179.000000, avanceR = 2.000000, avanceI = 2.000000
inc_x_r = 0.000000, inc_y_r = 1.000000, inc_x_i = 1.000000, inc_y_i = 1.000000
En el else......

----------------------------------------
x = 55.000000, y = 51.000000
avance = -177.000000, avanceR = 2.000000, avanceI = 2.000000
inc_x_r = 0.000000, inc_y_r = 1.000000, inc_x_i = 1.000000, inc_y_i = 1.000000
En el else......

----------------------------------------
x = 55.000000, y = 52.000000
avance = -175.000000, avanceR = 2.000000, avanceI = 2.000000
inc_x_r = 0.000000, inc_y_r = 1.000000, inc_x_i = 1.000000, inc_y_i = 1.000000
En el else......

----------------------------------------
x = 55.000000, y = 53.000000
avance = -173.000000, avanceR = 2.000000, avanceI = 2.000000
inc_x_r = 0.000000, inc_y_r = 1.000000, inc_x_i = 1.000000, inc_y_i = 1.000000
En el else......

----------------------------------------
x = 55.000000, y = 54.000000
avance = -171.000000, avanceR = 2.000000, avanceI = 2.000000
inc_x_r = 0.000000, inc_y_r = 1.000000, inc_x_i = 1.000000, inc_y_i = 1.000000
En el else......

----------------------------------------
x = 55.000000, y = 55.000000
avance = -169.000000, avanceR = 2.000000, avanceI = 2.000000
inc_x_r = 0.000000, inc_y_r = 1.000000, inc_x_i = 1.000000, inc_y_i = 1.000000
En el else......

----------------------------------------
x = 55.000000, y = 56.000000
avance = -167.000000, avanceR = 2.000000, avanceI = 2.000000
inc_x_r = 0.000000, inc_y_r = 1.000000, inc_x_i = 1.000000, inc_y_i = 1.000000
En el else......

----------------------------------------
x = 55.000000, y = 57.000000
avance = -165.000000, avanceR = 2.000000, avanceI = 2.000000
inc_x_r = 0.000000, inc_y_r = 1.000000, inc_x_i = 1.000000, inc_y_i = 1.000000
En el else......

----------------------------------------
x = 55.000000, y = 58.000000
avance = -163.000000, avanceR = 2.000000, avanceI = 2.000000
inc_x_r = 0.000000, inc_y_r = 1.000000, inc_x_i = 1.000000, inc_y_i = 1.000000
En el else......

----------------------------------------
x = 55.000000, y = 59.000000
avance = -161.000000, avanceR = 2.000000, avanceI = 2.000000
inc_x_r = 0.000000, inc_y_r = 1.000000, inc_x_i = 1.000000, inc_y_i = 1.000000
En el else......

----------------------------------------
x = 55.000000, y = 60.000000
avance = -159.000000, avanceR = 2.000000, avanceI = 2.000000
inc_x_r = 0.000000, inc_y_r = 1.000000, inc_x_i = 1.000000, inc_y_i = 1.000000
En el else......

----------------------------------------
x = 55.000000, y = 61.000000
avance = -157.000000, avanceR = 2.000000, avanceI = 2.000000
inc_x_r = 0.000000, inc_y_r = 1.000000, inc_x_i = 1.000000, inc_y_i = 1.000000
En el else......

----------------------------------------
x = 55.000000, y = 62.000000
avance = -155.000000, avanceR = 2.000000, avanceI = 2.000000
inc_x_r = 0.000000, inc_y_r = 1.000000, inc_x_i = 1.000000, inc_y_i = 1.000000
En el else......

----------------------------------------
x = 55.000000, y = 63.000000
avance = -153.000000, avanceR = 2.000000, avanceI = 2.000000
inc_x_r = 0.000000, inc_y_r = 1.000000, inc_x_i = 1.000000, inc_y_i = 1.000000
En el else......

----------------------------------------
x = 55.000000, y = 64.000000
avance = -151.000000, avanceR = 2.000000, avanceI = 2.000000
inc_x_r = 0.000000, inc_y_r = 1.000000, inc_x_i = 1.000000, inc_y_i = 1.000000
En el else......

----------------------------------------
x = 55.000000, y = 65.000000
avance = -149.000000, avanceR = 2.000000, avanceI = 2.000000
inc_x_r = 0.000000, inc_y_r = 1.000000, inc_x_i = 1.000000, inc_y_i = 1.000000
En el else......

----------------------------------------
x = 55.000000, y = 66.000000
avance = -147.000000, avanceR = 2.000000, avanceI = 2.000000
inc_x_r = 0.000000, inc_y_r = 1.000000, inc_x_i = 1.000000, inc_y_i = 1.000000
En el else......

----------------------------------------
x = 55.000000, y = 67.000000
avance = -145.000000, avanceR = 2.000000, avanceI = 2.000000
inc_x_r = 0.000000, inc_y_r = 1.000000, inc_x_i = 1.000000, inc_y_i = 1.000000
En el else......

----------------------------------------
x = 55.000000, y = 68.000000
avance = -143.000000, avanceR = 2.000000, avanceI = 2.000000
inc_x_r = 0.000000, inc_y_r = 1.000000, inc_x_i = 1.000000, inc_y_i = 1.000000
En el else......

----------------------------------------
x = 55.000000, y = 69.000000
avance = -141.000000, avanceR = 2.000000, avanceI = 2.000000
inc_x_r = 0.000000, inc_y_r = 1.000000, inc_x_i = 1.000000, inc_y_i = 1.000000
En el else......

----------------------------------------
x = 55.000000, y = 70.000000
avance = -139.000000, avanceR = 2.000000, avanceI = 2.000000
inc_x_r = 0.000000, inc_y_r = 1.000000, inc_x_i = 1.000000, inc_y_i = 1.000000
En el else......

----------------------------------------
x = 55.000000, y = 71.000000
avance = -137.000000, avanceR = 2.000000, avanceI = 2.000000
inc_x_r = 0.000000, inc_y_r = 1.000000, inc_x_i = 1.000000, inc_y_i = 1.000000
En el else......

----------------------------------------
x = 55.000000, y = 72.000000
avance = -135.000000, avanceR = 2.000000, avanceI = 2.000000
inc_x_r = 0.000000, inc_y_r = 1.000000, inc_x_i = 1.000000, inc_y_i = 1.000000
En el else......

----------------------------------------
x = 55.000000, y = 73.000000
avance = -133.000000, avanceR = 2.000000, avanceI = 2.000000
inc_x_r = 0.000000, inc_y_r = 1.000000, inc_x_i = 1.000000, inc_y_i = 1.000000
En el else......

----------------------------------------
x = 55.000000, y = 74.000000
avance = -131.000000, avanceR = 2.000000, avanceI = 2.000000
inc_x_r = 0.000000, inc_y_r = 1.000000, inc_x_i = 1.000000, inc_y_i = 1.000000
En el else......

----------------------------------------
x = 55.000000, y = 75.000000
avance = -129.000000, avanceR = 2.000000, avanceI = 2.000000
inc_x_r = 0.000000, inc_y_r = 1.000000, inc_x_i = 1.000000, inc_y_i = 1.000000
En el else......

----------------------------------------
x = 55.000000, y = 76.000000
avance = -127.000000, avanceR = 2.000000, avanceI = 2.000000
inc_x_r = 0.000000, inc_y_r = 1.000000, inc_x_i = 1.000000, inc_y_i = 1.000000
En el else......

----------------------------------------
x = 55.000000, y = 77.000000
avance = -125.000000, avanceR = 2.000000, avanceI = 2.000000
inc_x_r = 0.000000, inc_y_r = 1.000000, inc_x_i = 1.000000, inc_y_i = 1.000000
En el else......

----------------------------------------
x = 55.000000, y = 78.000000
avance = -123.000000, avanceR = 2.000000, avanceI = 2.000000
inc_x_r = 0.000000, inc_y_r = 1.000000, inc_x_i = 1.000000, inc_y_i = 1.000000
En el else......

----------------------------------------
x = 55.000000, y = 79.000000
avance = -121.000000, avanceR = 2.000000, avanceI = 2.000000
inc_x_r = 0.000000, inc_y_r = 1.000000, inc_x_i = 1.000000, inc_y_i = 1.000000
En el else......

----------------------------------------
x = 55.000000, y = 80.000000
avance = -119.000000, avanceR = 2.000000, avanceI = 2.000000
inc_x_r = 0.000000, inc_y_r = 1.000000, inc_x_i = 1.000000, inc_y_i = 1.000000
En el else......

----------------------------------------
x = 55.000000, y = 81.000000
avance = -117.000000, avanceR = 2.000000, avanceI = 2.000000
inc_x_r = 0.000000, inc_y_r = 1.000000, inc_x_i = 1.000000, inc_y_i = 1.000000
En el else......

----------------------------------------
x = 55.000000, y = 82.000000
avance = -115.000000, avanceR = 2.000000, avanceI = 2.000000
inc_x_r = 0.000000, inc_y_r = 1.000000, inc_x_i = 1.000000, inc_y_i = 1.000000
En el else......

----------------------------------------
x = 55.000000, y = 83.000000
avance = -113.000000, avanceR = 2.000000, avanceI = 2.000000
inc_x_r = 0.000000, inc_y_r = 1.000000, inc_x_i = 1.000000, inc_y_i = 1.000000
En el else......

----------------------------------------
x = 55.000000, y = 84.000000
avance = -111.000000, avanceR = 2.000000, avanceI = 2.000000
inc_x_r = 0.000000, inc_y_r = 1.000000, inc_x_i = 1.000000, inc_y_i = 1.000000
En el else......

----------------------------------------
x = 55.000000, y = 85.000000
avance = -109.000000, avanceR = 2.000000, avanceI = 2.000000
inc_x_r = 0.000000, inc_y_r = 1.000000, inc_x_i = 1.000000, inc_y_i = 1.000000
En el else......

----------------------------------------
x = 55.000000, y = 86.000000
avance = -107.000000, avanceR = 2.000000, avanceI = 2.000000
inc_x_r = 0.000000, inc_y_r = 1.000000, inc_x_i = 1.000000, inc_y_i = 1.000000
En el else......

----------------------------------------
x = 55.000000, y = 87.000000
avance = -105.000000, avanceR = 2.000000, avanceI = 2.000000
inc_x_r = 0.000000, inc_y_r = 1.000000, inc_x_i = 1.000000, inc_y_i = 1.000000
En el else......

----------------------------------------
x = 55.000000, y = 88.000000
avance = -103.000000, avanceR = 2.000000, avanceI = 2.000000
inc_x_r = 0.000000, inc_y_r = 1.000000, inc_x_i = 1.000000, inc_y_i = 1.000000
En el else......

----------------------------------------
x = 55.000000, y = 89.000000
avance = -101.000000, avanceR = 2.000000, avanceI = 2.000000
inc_x_r = 0.000000, inc_y_r = 1.000000, inc_x_i = 1.000000, inc_y_i = 1.000000
En el else......

----------------------------------------
x = 55.000000, y = 90.000000
avance = -99.000000, avanceR = 2.000000, avanceI = 2.000000
inc_x_r = 0.000000, inc_y_r = 1.000000, inc_x_i = 1.000000, inc_y_i = 1.000000
En el else......

----------------------------------------
x = 55.000000, y = 91.000000
avance = -97.000000, avanceR = 2.000000, avanceI = 2.000000
inc_x_r = 0.000000, inc_y_r = 1.000000, inc_x_i = 1.000000, inc_y_i = 1.000000
En el else......

----------------------------------------
x = 55.000000, y = 92.000000
avance = -95.000000, avanceR = 2.000000, avanceI = 2.000000
inc_x_r = 0.000000, inc_y_r = 1.000000, inc_x_i = 1.000000, inc_y_i = 1.000000
En el else......

----------------------------------------
x = 55.000000, y = 93.000000
avance = -93.000000, avanceR = 2.000000, avanceI = 2.000000
inc_x_r = 0.000000, inc_y_r = 1.000000, inc_x_i = 1.000000, inc_y_i = 1.000000
En el else......

----------------------------------------
x = 55.000000, y = 94.000000
avance = -91.000000, avanceR = 2.000000, avanceI = 2.000000
inc_x_r = 0.000000, inc_y_r = 1.000000, inc_x_i = 1.000000, inc_y_i = 1.000000
En el else......

----------------------------------------
x = 55.000000, y = 95.000000
avance = -89.000000, avanceR = 2.000000, avanceI = 2.000000
inc_x_r = 0.000000, inc_y_r = 1.000000, inc_x_i = 1.000000, inc_y_i = 1.000000
En el else......

----------------------------------------
x = 55.000000, y = 96.000000
avance = -87.000000, avanceR = 2.000000, avanceI = 2.000000
inc_x_r = 0.000000, inc_y_r = 1.000000, inc_x_i = 1.000000, inc_y_i = 1.000000
En el else......

----------------------------------------
x = 55.000000, y = 97.000000
avance = -85.000000, avanceR = 2.000000, avanceI = 2.000000
inc_x_r = 0.000000, inc_y_r = 1.000000, inc_x_i = 1.000000, inc_y_i = 1.000000
En el else......

----------------------------------------
x = 55.000000, y = 98.000000
avance = -83.000000, avanceR = 2.000000, avanceI = 2.000000
inc_x_r = 0.000000, inc_y_r = 1.000000, inc_x_i = 1.000000, inc_y_i = 1.000000
En el else......

----------------------------------------
x = 55.000000, y = 99.000000
avance = -81.000000, avanceR = 2.000000, avanceI = 2.000000
inc_x_r = 0.000000, inc_y_r = 1.000000, inc_x_i = 1.000000, inc_y_i = 1.000000
En el else......

----------------------------------------
x = 55.000000, y = 100.000000
avance = -79.000000, avanceR = 2.000000, avanceI = 2.000000
inc_x_r = 0.000000, inc_y_r = 1.000000, inc_x_i = 1.000000, inc_y_i = 1.000000
En el else......

----------------------------------------
x = 55.000000, y = 101.000000
avance = -77.000000, avanceR = 2.000000, avanceI = 2.000000
inc_x_r = 0.000000, inc_y_r = 1.000000, inc_x_i = 1.000000, inc_y_i = 1.000000
En el else......

----------------------------------------
x = 55.000000, y = 102.000000
avance = -75.000000, avanceR = 2.000000, avanceI = 2.000000
inc_x_r = 0.000000, inc_y_r = 1.000000, inc_x_i = 1.000000, inc_y_i = 1.000000
En el else......

----------------------------------------
x = 55.000000, y = 103.000000
avance = -73.000000, avanceR = 2.000000, avanceI = 2.000000
inc_x_r = 0.000000, inc_y_r = 1.000000, inc_x_i = 1.000000, inc_y_i = 1.000000
En el else......

----------------------------------------
x = 55.000000, y = 104.000000
avance = -71.000000, avanceR = 2.000000, avanceI = 2.000000
inc_x_r = 0.000000, inc_y_r = 1.000000, inc_x_i = 1.000000, inc_y_i = 1.000000
En el else......

----------------------------------------
x = 55.000000, y = 105.000000
avance = -69.000000, avanceR = 2.000000, avanceI = 2.000000
inc_x_r = 0.000000, inc_y_r = 1.000000, inc_x_i = 1.000000, inc_y_i = 1.000000
En el else......

----------------------------------------
x = 55.000000, y = 106.000000
avance = -67.000000, avanceR = 2.000000, avanceI = 2.000000
inc_x_r = 0.000000, inc_y_r = 1.000000, inc_x_i = 1.000000, inc_y_i = 1.000000
En el else......

----------------------------------------
x = 55.000000, y = 107.000000
avance = -65.000000, avanceR = 2.000000, avanceI = 2.000000
inc_x_r = 0.000000, inc_y_r = 1.000000, inc_x_i = 1.000000, inc_y_i = 1.000000
En el else......

----------------------------------------
x = 55.000000, y = 108.000000
avance = -63.000000, avanceR = 2.000000, avanceI = 2.000000
inc_x_r = 0.000000, inc_y_r = 1.000000, inc_x_i = 1.000000, inc_y_i = 1.000000
En el else......

----------------------------------------
x = 55.000000, y = 109.000000
avance = -61.000000, avanceR = 2.000000, avanceI = 2.000000
inc_x_r = 0.000000, inc_y_r = 1.000000, inc_x_i = 1.000000, inc_y_i = 1.000000
En el else......

----------------------------------------
x = 55.000000, y = 110.000000
avance = -59.000000, avanceR = 2.000000, avanceI = 2.000000
inc_x_r = 0.000000, inc_y_r = 1.000000, inc_x_i = 1.000000, inc_y_i = 1.000000
En el else......

----------------------------------------
x = 55.000000, y = 111.000000
avance = -57.000000, avanceR = 2.000000, avanceI = 2.000000
inc_x_r = 0.000000, inc_y_r = 1.000000, inc_x_i = 1.000000, inc_y_i = 1.000000
En el else......

----------------------------------------
x = 55.000000, y = 112.000000
avance = -55.000000, avanceR = 2.000000, avanceI = 2.000000
inc_x_r = 0.000000, inc_y_r = 1.000000, inc_x_i = 1.000000, inc_y_i = 1.000000
En el else......

----------------------------------------
x = 55.000000, y = 113.000000
avance = -53.000000, avanceR = 2.000000, avanceI = 2.000000
inc_x_r = 0.000000, inc_y_r = 1.000000, inc_x_i = 1.000000, inc_y_i = 1.000000
En el else......

----------------------------------------
x = 55.000000, y = 114.000000
avance = -51.000000, avanceR = 2.000000, avanceI = 2.000000
inc_x_r = 0.000000, inc_y_r = 1.000000, inc_x_i = 1.000000, inc_y_i = 1.000000
En el else......

----------------------------------------
x = 55.000000, y = 115.000000
avance = -49.000000, avanceR = 2.000000, avanceI = 2.000000
inc_x_r = 0.000000, inc_y_r = 1.000000, inc_x_i = 1.000000, inc_y_i = 1.000000
En el else......

----------------------------------------
x = 55.000000, y = 116.000000
avance = -47.000000, avanceR = 2.000000, avanceI = 2.000000
inc_x_r = 0.000000, inc_y_r = 1.000000, inc_x_i = 1.000000, inc_y_i = 1.000000
En el else......

----------------------------------------
x = 55.000000, y = 117.000000
avance = -45.000000, avanceR = 2.000000, avanceI = 2.000000
inc_x_r = 0.000000, inc_y_r = 1.000000, inc_x_i = 1.000000, inc_y_i = 1.000000
En el else......

----------------------------------------
x = 55.000000, y = 118.000000
avance = -43.000000, avanceR = 2.000000, avanceI = 2.000000
inc_x_r = 0.000000, inc_y_r = 1.000000, inc_x_i = 1.000000, inc_y_i = 1.000000
En el else......

----------------------------------------
x = 55.000000, y = 119.000000
avance = -41.000000, avanceR = 2.000000, avanceI = 2.000000
inc_x_r = 0.000000, inc_y_r = 1.000000, inc_x_i = 1.000000, inc_y_i = 1.000000
En el else......

----------------------------------------
x = 55.000000, y = 120.000000
avance = -39.000000, avanceR = 2.000000, avanceI = 2.000000
inc_x_r = 0.000000, inc_y_r = 1.000000, inc_x_i = 1.000000, inc_y_i = 1.000000
En el else......

----------------------------------------
x = 55.000000, y = 121.000000
avance = -37.000000, avanceR = 2.000000, avanceI = 2.000000
inc_x_r = 0.000000, inc_y_r = 1.000000, inc_x_i = 1.000000, inc_y_i = 1.000000
En el else......

----------------------------------------
x = 55.000000, y = 122.000000
avance = -35.000000, avanceR = 2.000000, avanceI = 2.000000
inc_x_r = 0.000000, inc_y_r = 1.000000, inc_x_i = 1.000000, inc_y_i = 1.000000
En el else......

----------------------------------------
x = 55.000000, y = 123.000000
avance = -33.000000, avanceR = 2.000000, avanceI = 2.000000
inc_x_r = 0.000000, inc_y_r = 1.000000, inc_x_i = 1.000000, inc_y_i = 1.000000
En el else......

----------------------------------------
x = 55.000000, y = 124.000000
avance = -31.000000, avanceR = 2.000000, avanceI = 2.000000
inc_x_r = 0.000000, inc_y_r = 1.000000, inc_x_i = 1.000000, inc_y_i = 1.000000
En el else......

----------------------------------------
x = 55.000000, y = 125.000000
avance = -29.000000, avanceR = 2.000000, avanceI = 2.000000
inc_x_r = 0.000000, inc_y_r = 1.000000, inc_x_i = 1.000000, inc_y_i = 1.000000
En el else......

----------------------------------------
x = 55.000000, y = 126.000000
avance = -27.000000, avanceR = 2.000000, avanceI = 2.000000
inc_x_r = 0.000000, inc_y_r = 1.000000, inc_x_i = 1.000000, inc_y_i = 1.000000
En el else......

----------------------------------------
x = 55.000000, y = 127.000000
avance = -25.000000, avanceR = 2.000000, avanceI = 2.000000
inc_x_r = 0.000000, inc_y_r = 1.000000, inc_x_i = 1.000000, inc_y_i = 1.000000
En el else......

----------------------------------------
x = 55.000000, y = 128.000000
avance = -23.000000, avanceR = 2.000000, avanceI = 2.000000
inc_x_r = 0.000000, inc_y_r = 1.000000, inc_x_i = 1.000000, inc_y_i = 1.000000
En el else......

----------------------------------------
x = 55.000000, y = 129.000000
avance = -21.000000, avanceR = 2.000000, avanceI = 2.000000
inc_x_r = 0.000000, inc_y_r = 1.000000, inc_x_i = 1.000000, inc_y_i = 1.000000
En el else......

----------------------------------------
x = 55.000000, y = 130.000000
avance = -19.000000, avanceR = 2.000000, avanceI = 2.000000
inc_x_r = 0.000000, inc_y_r = 1.000000, inc_x_i = 1.000000, inc_y_i = 1.000000
En el else......

----------------------------------------
x = 55.000000, y = 131.000000
avance = -17.000000, avanceR = 2.000000, avanceI = 2.000000
inc_x_r = 0.000000, inc_y_r = 1.000000, inc_x_i = 1.000000, inc_y_i = 1.000000
En el else......

----------------------------------------
x = 55.000000, y = 132.000000
avance = -15.000000, avanceR = 2.000000, avanceI = 2.000000
inc_x_r = 0.000000, inc_y_r = 1.000000, inc_x_i = 1.000000, inc_y_i = 1.000000
En el else......

----------------------------------------
x = 55.000000, y = 133.000000
avance = -13.000000, avanceR = 2.000000, avanceI = 2.000000
inc_x_r = 0.000000, inc_y_r = 1.000000, inc_x_i = 1.000000, inc_y_i = 1.000000
En el else......

----------------------------------------
x = 55.000000, y = 134.000000
avance = -11.000000, avanceR = 2.000000, avanceI = 2.000000
inc_x_r = 0.000000, inc_y_r = 1.000000, inc_x_i = 1.000000, inc_y_i = 1.000000
En el else......

----------------------------------------
x = 55.000000, y = 135.000000
avance = -9.000000, avanceR = 2.000000, avanceI = 2.000000
inc_x_r = 0.000000, inc_y_r = 1.000000, inc_x_i = 1.000000, inc_y_i = 1.000000
En el else......

----------------------------------------
x = 55.000000, y = 136.000000
avance = -7.000000, avanceR = 2.000000, avanceI = 2.000000
inc_x_r = 0.000000, inc_y_r = 1.000000, inc_x_i = 1.000000, inc_y_i = 1.000000
En el else......

----------------------------------------
x = 55.000000, y = 137.000000
avance = -5.000000, avanceR = 2.000000, avanceI = 2.000000
inc_x_r = 0.000000, inc_y_r = 1.000000, inc_x_i = 1.000000, inc_y_i = 1.000000
En el else......

----------------------------------------
x = 55.000000, y = 138.000000
avance = -3.000000, avanceR = 2.000000, avanceI = 2.000000
inc_x_r = 0.000000, inc_y_r = 1.000000, inc_x_i = 1.000000, inc_y_i = 1.000000
En el else......

----------------------------------------
x = 55.000000, y = 139.000000
avance = -1.000000, avanceR = 2.000000, avanceI = 2.000000
inc_x_r = 0.000000, inc_y_r = 1.000000, inc_x_i = 1.000000, inc_y_i = 1.000000
En el else......

----------------------------------------
x = 55.000000, y = 140.000000
avance = 1.000000, avanceR = 2.000000, avanceI = 2.000000
inc_x_r = 0.000000, inc_y_r = 1.000000, inc_x_i = 1.000000, inc_y_i = 1.000000
avance >= 0

----------------------------------------
x = 56.000000, y = 141.000000
avance = -499.000000, avanceR = 2.000000, avanceI = 2.000000
inc_x_r = 0.000000, inc_y_r = 1.000000, inc_x_i = 1.000000, inc_y_i = 1.000000
En el else......

----------------------------------------
x = 56.000000, y = 142.000000
avance = -497.000000, avanceR = 2.000000, avanceI = 2.000000
inc_x_r = 0.000000, inc_y_r = 1.000000, inc_x_i = 1.000000, inc_y_i = 1.000000
En el else......

----------------------------------------
x = 56.000000, y = 143.000000
avance = -495.000000, avanceR = 2.000000, avanceI = 2.000000
inc_x_r = 0.000000, inc_y_r = 1.000000, inc_x_i = 1.000000, inc_y_i = 1.000000
En el else......

----------------------------------------
x = 56.000000, y = 144.000000
avance = -493.000000, avanceR = 2.000000, avanceI = 2.000000
inc_x_r = 0.000000, inc_y_r = 1.000000, inc_x_i = 1.000000, inc_y_i = 1.000000
En el else......

----------------------------------------
x = 56.000000, y = 145.000000
avance = -491.000000, avanceR = 2.000000, avanceI = 2.000000
inc_x_r = 0.000000, inc_y_r = 1.000000, inc_x_i = 1.000000, inc_y_i = 1.000000
En el else......

----------------------------------------
x = 56.000000, y = 146.000000
avance = -489.000000, avanceR = 2.000000, avanceI = 2.000000
inc_x_r = 0.000000, inc_y_r = 1.000000, inc_x_i = 1.000000, inc_y_i = 1.000000
En el else......

----------------------------------------
x = 56.000000, y = 147.000000
avance = -487.000000, avanceR = 2.000000, avanceI = 2.000000
inc_x_r = 0.000000, inc_y_r = 1.000000, inc_x_i = 1.000000, inc_y_i = 1.000000
En el else......

----------------------------------------
x = 56.000000, y = 148.000000
avance = -485.000000, avanceR = 2.000000, avanceI = 2.000000
inc_x_r = 0.000000, inc_y_r = 1.000000, inc_x_i = 1.000000, inc_y_i = 1.000000
En el else......

----------------------------------------
x = 56.000000, y = 149.000000
avance = -483.000000, avanceR = 2.000000, avanceI = 2.000000
inc_x_r = 0.000000, inc_y_r = 1.000000, inc_x_i = 1.000000, inc_y_i = 1.000000
En el else......

----------------------------------------
x = 56.000000, y = 150.000000
avance = -481.000000, avanceR = 2.000000, avanceI = 2.000000
inc_x_r = 0.000000, inc_y_r = 1.000000, inc_x_i = 1.000000, inc_y_i = 1.000000
En el else......

----------------------------------------
x = 56.000000, y = 151.000000
avance = -479.000000, avanceR = 2.000000, avanceI = 2.000000
inc_x_r = 0.000000, inc_y_r = 1.000000, inc_x_i = 1.000000, inc_y_i = 1.000000
En el else......

----------------------------------------
x = 56.000000, y = 152.000000
avance = -477.000000, avanceR = 2.000000, avanceI = 2.000000
inc_x_r = 0.000000, inc_y_r = 1.000000, inc_x_i = 1.000000, inc_y_i = 1.000000
En el else......

----------------------------------------
x = 56.000000, y = 153.000000
avance = -475.000000, avanceR = 2.000000, avanceI = 2.000000
inc_x_r = 0.000000, inc_y_r = 1.000000, inc_x_i = 1.000000, inc_y_i = 1.000000
En el else......

----------------------------------------
x = 56.000000, y = 154.000000
avance = -473.000000, avanceR = 2.000000, avanceI = 2.000000
inc_x_r = 0.000000, inc_y_r = 1.000000, inc_x_i = 1.000000, inc_y_i = 1.000000
En el else......

----------------------------------------
x = 56.000000, y = 155.000000
avance = -471.000000, avanceR = 2.000000, avanceI = 2.000000
inc_x_r = 0.000000, inc_y_r = 1.000000, inc_x_i = 1.000000, inc_y_i = 1.000000
En el else......

----------------------------------------
x = 56.000000, y = 156.000000
avance = -469.000000, avanceR = 2.000000, avanceI = 2.000000
inc_x_r = 0.000000, inc_y_r = 1.000000, inc_x_i = 1.000000, inc_y_i = 1.000000
En el else......

----------------------------------------
x = 56.000000, y = 157.000000
avance = -467.000000, avanceR = 2.000000, avanceI = 2.000000
inc_x_r = 0.000000, inc_y_r = 1.000000, inc_x_i = 1.000000, inc_y_i = 1.000000
En el else......

----------------------------------------
x = 56.000000, y = 158.000000
avance = -465.000000, avanceR = 2.000000, avanceI = 2.000000
inc_x_r = 0.000000, inc_y_r = 1.000000, inc_x_i = 1.000000, inc_y_i = 1.000000
En el else......

----------------------------------------
x = 56.000000, y = 159.000000
avance = -463.000000, avanceR = 2.000000, avanceI = 2.000000
inc_x_r = 0.000000, inc_y_r = 1.000000, inc_x_i = 1.000000, inc_y_i = 1.000000
En el else......

----------------------------------------
x = 56.000000, y = 160.000000
avance = -461.000000, avanceR = 2.000000, avanceI = 2.000000
inc_x_r = 0.000000, inc_y_r = 1.000000, inc_x_i = 1.000000, inc_y_i = 1.000000
En el else......

----------------------------------------
x = 56.000000, y = 161.000000
avance = -459.000000, avanceR = 2.000000, avanceI = 2.000000
inc_x_r = 0.000000, inc_y_r = 1.000000, inc_x_i = 1.000000, inc_y_i = 1.000000
En el else......

----------------------------------------
x = 56.000000, y = 162.000000
avance = -457.000000, avanceR = 2.000000, avanceI = 2.000000
inc_x_r = 0.000000, inc_y_r = 1.000000, inc_x_i = 1.000000, inc_y_i = 1.000000
En el else......

----------------------------------------
x = 56.000000, y = 163.000000
avance = -455.000000, avanceR = 2.000000, avanceI = 2.000000
inc_x_r = 0.000000, inc_y_r = 1.000000, inc_x_i = 1.000000, inc_y_i = 1.000000
En el else......

----------------------------------------
x = 56.000000, y = 164.000000
avance = -453.000000, avanceR = 2.000000, avanceI = 2.000000
inc_x_r = 0.000000, inc_y_r = 1.000000, inc_x_i = 1.000000, inc_y_i = 1.000000
En el else......

----------------------------------------
x = 56.000000, y = 165.000000
avance = -451.000000, avanceR = 2.000000, avanceI = 2.000000
inc_x_r = 0.000000, inc_y_r = 1.000000, inc_x_i = 1.000000, inc_y_i = 1.000000
En el else......

----------------------------------------
x = 56.000000, y = 166.000000
avance = -449.000000, avanceR = 2.000000, avanceI = 2.000000
inc_x_r = 0.000000, inc_y_r = 1.000000, inc_x_i = 1.000000, inc_y_i = 1.000000
En el else......

----------------------------------------
x = 56.000000, y = 167.000000
avance = -447.000000, avanceR = 2.000000, avanceI = 2.000000
inc_x_r = 0.000000, inc_y_r = 1.000000, inc_x_i = 1.000000, inc_y_i = 1.000000
En el else......

----------------------------------------
x = 56.000000, y = 168.000000
avance = -445.000000, avanceR = 2.000000, avanceI = 2.000000
inc_x_r = 0.000000, inc_y_r = 1.000000, inc_x_i = 1.000000, inc_y_i = 1.000000
En el else......

----------------------------------------
x = 56.000000, y = 169.000000
avance = -443.000000, avanceR = 2.000000, avanceI = 2.000000
inc_x_r = 0.000000, inc_y_r = 1.000000, inc_x_i = 1.000000, inc_y_i = 1.000000
En el else......

----------------------------------------
x = 56.000000, y = 170.000000
avance = -441.000000, avanceR = 2.000000, avanceI = 2.000000
inc_x_r = 0.000000, inc_y_r = 1.000000, inc_x_i = 1.000000, inc_y_i = 1.000000
En el else......

----------------------------------------
x = 56.000000, y = 171.000000
avance = -439.000000, avanceR = 2.000000, avanceI = 2.000000
inc_x_r = 0.000000, inc_y_r = 1.000000, inc_x_i = 1.000000, inc_y_i = 1.000000
En el else......

----------------------------------------
x = 56.000000, y = 172.000000
avance = -437.000000, avanceR = 2.000000, avanceI = 2.000000
inc_x_r = 0.000000, inc_y_r = 1.000000, inc_x_i = 1.000000, inc_y_i = 1.000000
En el else......

----------------------------------------
x = 56.000000, y = 173.000000
avance = -435.000000, avanceR = 2.000000, avanceI = 2.000000
inc_x_r = 0.000000, inc_y_r = 1.000000, inc_x_i = 1.000000, inc_y_i = 1.000000
En el else......

----------------------------------------
x = 56.000000, y = 174.000000
avance = -433.000000, avanceR = 2.000000, avanceI = 2.000000
inc_x_r = 0.000000, inc_y_r = 1.000000, inc_x_i = 1.000000, inc_y_i = 1.000000
En el else......

----------------------------------------
x = 56.000000, y = 175.000000
avance = -431.000000, avanceR = 2.000000, avanceI = 2.000000
inc_x_r = 0.000000, inc_y_r = 1.000000, inc_x_i = 1.000000, inc_y_i = 1.000000
En el else......

----------------------------------------
x = 56.000000, y = 176.000000
avance = -429.000000, avanceR = 2.000000, avanceI = 2.000000
inc_x_r = 0.000000, inc_y_r = 1.000000, inc_x_i = 1.000000, inc_y_i = 1.000000
En el else......

----------------------------------------
x = 56.000000, y = 177.000000
avance = -427.000000, avanceR = 2.000000, avanceI = 2.000000
inc_x_r = 0.000000, inc_y_r = 1.000000, inc_x_i = 1.000000, inc_y_i = 1.000000
En el else......

----------------------------------------
x = 56.000000, y = 178.000000
avance = -425.000000, avanceR = 2.000000, avanceI = 2.000000
inc_x_r = 0.000000, inc_y_r = 1.000000, inc_x_i = 1.000000, inc_y_i = 1.000000
En el else......

----------------------------------------
x = 56.000000, y = 179.000000
avance = -423.000000, avanceR = 2.000000, avanceI = 2.000000
inc_x_r = 0.000000, inc_y_r = 1.000000, inc_x_i = 1.000000, inc_y_i = 1.000000
En el else......

----------------------------------------
x = 56.000000, y = 180.000000
avance = -421.000000, avanceR = 2.000000, avanceI = 2.000000
inc_x_r = 0.000000, inc_y_r = 1.000000, inc_x_i = 1.000000, inc_y_i = 1.000000
En el else......

----------------------------------------
x = 56.000000, y = 181.000000
avance = -419.000000, avanceR = 2.000000, avanceI = 2.000000
inc_x_r = 0.000000, inc_y_r = 1.000000, inc_x_i = 1.000000, inc_y_i = 1.000000
En el else......

----------------------------------------
x = 56.000000, y = 182.000000
avance = -417.000000, avanceR = 2.000000, avanceI = 2.000000
inc_x_r = 0.000000, inc_y_r = 1.000000, inc_x_i = 1.000000, inc_y_i = 1.000000
En el else......

----------------------------------------
x = 56.000000, y = 183.000000
avance = -415.000000, avanceR = 2.000000, avanceI = 2.000000
inc_x_r = 0.000000, inc_y_r = 1.000000, inc_x_i = 1.000000, inc_y_i = 1.000000
En el else......

----------------------------------------
x = 56.000000, y = 184.000000
avance = -413.000000, avanceR = 2.000000, avanceI = 2.000000
inc_x_r = 0.000000, inc_y_r = 1.000000, inc_x_i = 1.000000, inc_y_i = 1.000000
En el else......

----------------------------------------
x = 56.000000, y = 185.000000
avance = -411.000000, avanceR = 2.000000, avanceI = 2.000000
inc_x_r = 0.000000, inc_y_r = 1.000000, inc_x_i = 1.000000, inc_y_i = 1.000000
En el else......

----------------------------------------
x = 56.000000, y = 186.000000
avance = -409.000000, avanceR = 2.000000, avanceI = 2.000000
inc_x_r = 0.000000, inc_y_r = 1.000000, inc_x_i = 1.000000, inc_y_i = 1.000000
En el else......

----------------------------------------
x = 56.000000, y = 187.000000
avance = -407.000000, avanceR = 2.000000, avanceI = 2.000000
inc_x_r = 0.000000, inc_y_r = 1.000000, inc_x_i = 1.000000, inc_y_i = 1.000000
En el else......

----------------------------------------
x = 56.000000, y = 188.000000
avance = -405.000000, avanceR = 2.000000, avanceI = 2.000000
inc_x_r = 0.000000, inc_y_r = 1.000000, inc_x_i = 1.000000, inc_y_i = 1.000000
En el else......

----------------------------------------
x = 56.000000, y = 189.000000
avance = -403.000000, avanceR = 2.000000, avanceI = 2.000000
inc_x_r = 0.000000, inc_y_r = 1.000000, inc_x_i = 1.000000, inc_y_i = 1.000000
En el else......

----------------------------------------
x = 56.000000, y = 190.000000
avance = -401.000000, avanceR = 2.000000, avanceI = 2.000000
inc_x_r = 0.000000, inc_y_r = 1.000000, inc_x_i = 1.000000, inc_y_i = 1.000000
En el else......

----------------------------------------
x = 56.000000, y = 191.000000
avance = -399.000000, avanceR = 2.000000, avanceI = 2.000000
inc_x_r = 0.000000, inc_y_r = 1.000000, inc_x_i = 1.000000, inc_y_i = 1.000000
En el else......

----------------------------------------
x = 56.000000, y = 192.000000
avance = -397.000000, avanceR = 2.000000, avanceI = 2.000000
inc_x_r = 0.000000, inc_y_r = 1.000000, inc_x_i = 1.000000, inc_y_i = 1.000000
En el else......

----------------------------------------
x = 56.000000, y = 193.000000
avance = -395.000000, avanceR = 2.000000, avanceI = 2.000000
inc_x_r = 0.000000, inc_y_r = 1.000000, inc_x_i = 1.000000, inc_y_i = 1.000000
En el else......

----------------------------------------
x = 56.000000, y = 194.000000
avance = -393.000000, avanceR = 2.000000, avanceI = 2.000000
inc_x_r = 0.000000, inc_y_r = 1.000000, inc_x_i = 1.000000, inc_y_i = 1.000000
En el else......

----------------------------------------
x = 56.000000, y = 195.000000
avance = -391.000000, avanceR = 2.000000, avanceI = 2.000000
inc_x_r = 0.000000, inc_y_r = 1.000000, inc_x_i = 1.000000, inc_y_i = 1.000000
En el else......

----------------------------------------
x = 56.000000, y = 196.000000
avance = -389.000000, avanceR = 2.000000, avanceI = 2.000000
inc_x_r = 0.000000, inc_y_r = 1.000000, inc_x_i = 1.000000, inc_y_i = 1.000000
En el else......

----------------------------------------
x = 56.000000, y = 197.000000
avance = -387.000000, avanceR = 2.000000, avanceI = 2.000000
inc_x_r = 0.000000, inc_y_r = 1.000000, inc_x_i = 1.000000, inc_y_i = 1.000000
En el else......

----------------------------------------
x = 56.000000, y = 198.000000
avance = -385.000000, avanceR = 2.000000, avanceI = 2.000000
inc_x_r = 0.000000, inc_y_r = 1.000000, inc_x_i = 1.000000, inc_y_i = 1.000000
En el else......

----------------------------------------
x = 56.000000, y = 199.000000
avance = -383.000000, avanceR = 2.000000, avanceI = 2.000000
inc_x_r = 0.000000, inc_y_r = 1.000000, inc_x_i = 1.000000, inc_y_i = 1.000000
En el else......

----------------------------------------
x = 56.000000, y = 200.000000
avance = -381.000000, avanceR = 2.000000, avanceI = 2.000000
inc_x_r = 0.000000, inc_y_r = 1.000000, inc_x_i = 1.000000, inc_y_i = 1.000000
En el else......

----------------------------------------
x = 56.000000, y = 201.000000
avance = -379.000000, avanceR = 2.000000, avanceI = 2.000000
inc_x_r = 0.000000, inc_y_r = 1.000000, inc_x_i = 1.000000, inc_y_i = 1.000000
En el else......

----------------------------------------
x = 56.000000, y = 202.000000
avance = -377.000000, avanceR = 2.000000, avanceI = 2.000000
inc_x_r = 0.000000, inc_y_r = 1.000000, inc_x_i = 1.000000, inc_y_i = 1.000000
En el else......

----------------------------------------
x = 56.000000, y = 203.000000
avance = -375.000000, avanceR = 2.000000, avanceI = 2.000000
inc_x_r = 0.000000, inc_y_r = 1.000000, inc_x_i = 1.000000, inc_y_i = 1.000000
En el else......

----------------------------------------
x = 56.000000, y = 204.000000
avance = -373.000000, avanceR = 2.000000, avanceI = 2.000000
inc_x_r = 0.000000, inc_y_r = 1.000000, inc_x_i = 1.000000, inc_y_i = 1.000000
En el else......

----------------------------------------
x = 56.000000, y = 205.000000
avance = -371.000000, avanceR = 2.000000, avanceI = 2.000000
inc_x_r = 0.000000, inc_y_r = 1.000000, inc_x_i = 1.000000, inc_y_i = 1.000000
En el else......

----------------------------------------
x = 56.000000, y = 206.000000
avance = -369.000000, avanceR = 2.000000, avanceI = 2.000000
inc_x_r = 0.000000, inc_y_r = 1.000000, inc_x_i = 1.000000, inc_y_i = 1.000000
En el else......

----------------------------------------
x = 56.000000, y = 207.000000
avance = -367.000000, avanceR = 2.000000, avanceI = 2.000000
inc_x_r = 0.000000, inc_y_r = 1.000000, inc_x_i = 1.000000, inc_y_i = 1.000000
En el else......

----------------------------------------
x = 56.000000, y = 208.000000
avance = -365.000000, avanceR = 2.000000, avanceI = 2.000000
inc_x_r = 0.000000, inc_y_r = 1.000000, inc_x_i = 1.000000, inc_y_i = 1.000000
En el else......

----------------------------------------
x = 56.000000, y = 209.000000
avance = -363.000000, avanceR = 2.000000, avanceI = 2.000000
inc_x_r = 0.000000, inc_y_r = 1.000000, inc_x_i = 1.000000, inc_y_i = 1.000000
En el else......

----------------------------------------
x = 56.000000, y = 210.000000
avance = -361.000000, avanceR = 2.000000, avanceI = 2.000000
inc_x_r = 0.000000, inc_y_r = 1.000000, inc_x_i = 1.000000, inc_y_i = 1.000000
En el else......

----------------------------------------
x = 56.000000, y = 211.000000
avance = -359.000000, avanceR = 2.000000, avanceI = 2.000000
inc_x_r = 0.000000, inc_y_r = 1.000000, inc_x_i = 1.000000, inc_y_i = 1.000000
En el else......

----------------------------------------
x = 56.000000, y = 212.000000
avance = -357.000000, avanceR = 2.000000, avanceI = 2.000000
inc_x_r = 0.000000, inc_y_r = 1.000000, inc_x_i = 1.000000, inc_y_i = 1.000000
En el else......

----------------------------------------
x = 56.000000, y = 213.000000
avance = -355.000000, avanceR = 2.000000, avanceI = 2.000000
inc_x_r = 0.000000, inc_y_r = 1.000000, inc_x_i = 1.000000, inc_y_i = 1.000000
En el else......

----------------------------------------
x = 56.000000, y = 214.000000
avance = -353.000000, avanceR = 2.000000, avanceI = 2.000000
inc_x_r = 0.000000, inc_y_r = 1.000000, inc_x_i = 1.000000, inc_y_i = 1.000000
En el else......

----------------------------------------
x = 56.000000, y = 215.000000
avance = -351.000000, avanceR = 2.000000, avanceI = 2.000000
inc_x_r = 0.000000, inc_y_r = 1.000000, inc_x_i = 1.000000, inc_y_i = 1.000000
En el else......

----------------------------------------
x = 56.000000, y = 216.000000
avance = -349.000000, avanceR = 2.000000, avanceI = 2.000000
inc_x_r = 0.000000, inc_y_r = 1.000000, inc_x_i = 1.000000, inc_y_i = 1.000000
En el else......

----------------------------------------
x = 56.000000, y = 217.000000
avance = -347.000000, avanceR = 2.000000, avanceI = 2.000000
inc_x_r = 0.000000, inc_y_r = 1.000000, inc_x_i = 1.000000, inc_y_i = 1.000000
En el else......

----------------------------------------
x = 56.000000, y = 218.000000
avance = -345.000000, avanceR = 2.000000, avanceI = 2.000000
inc_x_r = 0.000000, inc_y_r = 1.000000, inc_x_i = 1.000000, inc_y_i = 1.000000
En el else......

----------------------------------------
x = 56.000000, y = 219.000000
avance = -343.000000, avanceR = 2.000000, avanceI = 2.000000
inc_x_r = 0.000000, inc_y_r = 1.000000, inc_x_i = 1.000000, inc_y_i = 1.000000
En el else......

----------------------------------------
x = 56.000000, y = 220.000000
avance = -341.000000, avanceR = 2.000000, avanceI = 2.000000
inc_x_r = 0.000000, inc_y_r = 1.000000, inc_x_i = 1.000000, inc_y_i = 1.000000
En el else......

----------------------------------------
x = 56.000000, y = 221.000000
avance = -339.000000, avanceR = 2.000000, avanceI = 2.000000
inc_x_r = 0.000000, inc_y_r = 1.000000, inc_x_i = 1.000000, inc_y_i = 1.000000
En el else......

----------------------------------------
x = 56.000000, y = 222.000000
avance = -337.000000, avanceR = 2.000000, avanceI = 2.000000
inc_x_r = 0.000000, inc_y_r = 1.000000, inc_x_i = 1.000000, inc_y_i = 1.000000
En el else......

----------------------------------------
x = 56.000000, y = 223.000000
avance = -335.000000, avanceR = 2.000000, avanceI = 2.000000
inc_x_r = 0.000000, inc_y_r = 1.000000, inc_x_i = 1.000000, inc_y_i = 1.000000
En el else......

----------------------------------------
x = 56.000000, y = 224.000000
avance = -333.000000, avanceR = 2.000000, avanceI = 2.000000
inc_x_r = 0.000000, inc_y_r = 1.000000, inc_x_i = 1.000000, inc_y_i = 1.000000
En el else......

----------------------------------------
x = 56.000000, y = 225.000000
avance = -331.000000, avanceR = 2.000000, avanceI = 2.000000
inc_x_r = 0.000000, inc_y_r = 1.000000, inc_x_i = 1.000000, inc_y_i = 1.000000
En el else......

----------------------------------------
x = 56.000000, y = 226.000000
avance = -329.000000, avanceR = 2.000000, avanceI = 2.000000
inc_x_r = 0.000000, inc_y_r = 1.000000, inc_x_i = 1.000000, inc_y_i = 1.000000
En el else......

----------------------------------------
x = 56.000000, y = 227.000000
avance = -327.000000, avanceR = 2.000000, avanceI = 2.000000
inc_x_r = 0.000000, inc_y_r = 1.000000, inc_x_i = 1.000000, inc_y_i = 1.000000
En el else......

----------------------------------------
x = 56.000000, y = 228.000000
avance = -325.000000, avanceR = 2.000000, avanceI = 2.000000
inc_x_r = 0.000000, inc_y_r = 1.000000, inc_x_i = 1.000000, inc_y_i = 1.000000
En el else......

----------------------------------------
x = 56.000000, y = 229.000000
avance = -323.000000, avanceR = 2.000000, avanceI = 2.000000
inc_x_r = 0.000000, inc_y_r = 1.000000, inc_x_i = 1.000000, inc_y_i = 1.000000
En el else......

----------------------------------------
x = 56.000000, y = 230.000000
avance = -321.000000, avanceR = 2.000000, avanceI = 2.000000
inc_x_r = 0.000000, inc_y_r = 1.000000, inc_x_i = 1.000000, inc_y_i = 1.000000
En el else......

----------------------------------------
x = 56.000000, y = 231.000000
avance = -319.000000, avanceR = 2.000000, avanceI = 2.000000
inc_x_r = 0.000000, inc_y_r = 1.000000, inc_x_i = 1.000000, inc_y_i = 1.000000
En el else......

----------------------------------------
x = 56.000000, y = 232.000000
avance = -317.000000, avanceR = 2.000000, avanceI = 2.000000
inc_x_r = 0.000000, inc_y_r = 1.000000, inc_x_i = 1.000000, inc_y_i = 1.000000
En el else......

----------------------------------------
x = 56.000000, y = 233.000000
avance = -315.000000, avanceR = 2.000000, avanceI = 2.000000
inc_x_r = 0.000000, inc_y_r = 1.000000, inc_x_i = 1.000000, inc_y_i = 1.000000
En el else......

----------------------------------------
x = 56.000000, y = 234.000000
avance = -313.000000, avanceR = 2.000000, avanceI = 2.000000
inc_x_r = 0.000000, inc_y_r = 1.000000, inc_x_i = 1.000000, inc_y_i = 1.000000
En el else......

----------------------------------------
x = 56.000000, y = 235.000000
avance = -311.000000, avanceR = 2.000000, avanceI = 2.000000
inc_x_r = 0.000000, inc_y_r = 1.000000, inc_x_i = 1.000000, inc_y_i = 1.000000
En el else......

----------------------------------------
x = 56.000000, y = 236.000000
avance = -309.000000, avanceR = 2.000000, avanceI = 2.000000
inc_x_r = 0.000000, inc_y_r = 1.000000, inc_x_i = 1.000000, inc_y_i = 1.000000
En el else......

----------------------------------------
x = 56.000000, y = 237.000000
avance = -307.000000, avanceR = 2.000000, avanceI = 2.000000
inc_x_r = 0.000000, inc_y_r = 1.000000, inc_x_i = 1.000000, inc_y_i = 1.000000
En el else......

----------------------------------------
x = 56.000000, y = 238.000000
avance = -305.000000, avanceR = 2.000000, avanceI = 2.000000
inc_x_r = 0.000000, inc_y_r = 1.000000, inc_x_i = 1.000000, inc_y_i = 1.000000
En el else......

----------------------------------------
x = 56.000000, y = 239.000000
avance = -303.000000, avanceR = 2.000000, avanceI = 2.000000
inc_x_r = 0.000000, inc_y_r = 1.000000, inc_x_i = 1.000000, inc_y_i = 1.000000
En el else......

----------------------------------------
x = 56.000000, y = 240.000000
avance = -301.000000, avanceR = 2.000000, avanceI = 2.000000
inc_x_r = 0.000000, inc_y_r = 1.000000, inc_x_i = 1.000000, inc_y_i = 1.000000
En el else......

----------------------------------------
x = 56.000000, y = 241.000000
avance = -299.000000, avanceR = 2.000000, avanceI = 2.000000
inc_x_r = 0.000000, inc_y_r = 1.000000, inc_x_i = 1.000000, inc_y_i = 1.000000
En el else......

----------------------------------------
x = 56.000000, y = 242.000000
avance = -297.000000, avanceR = 2.000000, avanceI = 2.000000
inc_x_r = 0.000000, inc_y_r = 1.000000, inc_x_i = 1.000000, inc_y_i = 1.000000
En el else......

----------------------------------------
x = 56.000000, y = 243.000000
avance = -295.000000, avanceR = 2.000000, avanceI = 2.000000
inc_x_r = 0.000000, inc_y_r = 1.000000, inc_x_i = 1.000000, inc_y_i = 1.000000
En el else......

----------------------------------------
x = 56.000000, y = 244.000000
avance = -293.000000, avanceR = 2.000000, avanceI = 2.000000
inc_x_r = 0.000000, inc_y_r = 1.000000, inc_x_i = 1.000000, inc_y_i = 1.000000
En el else......

----------------------------------------
x = 56.000000, y = 245.000000
avance = -291.000000, avanceR = 2.000000, avanceI = 2.000000
inc_x_r = 0.000000, inc_y_r = 1.000000, inc_x_i = 1.000000, inc_y_i = 1.000000
En el else......

----------------------------------------
x = 56.000000, y = 246.000000
avance = -289.000000, avanceR = 2.000000, avanceI = 2.000000
inc_x_r = 0.000000, inc_y_r = 1.000000, inc_x_i = 1.000000, inc_y_i = 1.000000
En el else......

----------------------------------------
x = 56.000000, y = 247.000000
avance = -287.000000, avanceR = 2.000000, avanceI = 2.000000
inc_x_r = 0.000000, inc_y_r = 1.000000, inc_x_i = 1.000000, inc_y_i = 1.000000
En el else......

----------------------------------------
x = 56.000000, y = 248.000000
avance = -285.000000, avanceR = 2.000000, avanceI = 2.000000
inc_x_r = 0.000000, inc_y_r = 1.000000, inc_x_i = 1.000000, inc_y_i = 1.000000
En el else......

----------------------------------------
x = 56.000000, y = 249.000000
avance = -283.000000, avanceR = 2.000000, avanceI = 2.000000
inc_x_r = 0.000000, inc_y_r = 1.000000, inc_x_i = 1.000000, inc_y_i = 1.000000
En el else......

----------------------------------------
x = 56.000000, y = 250.000000
avance = -281.000000, avanceR = 2.000000, avanceI = 2.000000
inc_x_r = 0.000000, inc_y_r = 1.000000, inc_x_i = 1.000000, inc_y_i = 1.000000
En el else......

----------------------------------------
x = 56.000000, y = 251.000000
avance = -279.000000, avanceR = 2.000000, avanceI = 2.000000
inc_x_r = 0.000000, inc_y_r = 1.000000, inc_x_i = 1.000000, inc_y_i = 1.000000
En el else......

----------------------------------------
x = 56.000000, y = 252.000000
avance = -277.000000, avanceR = 2.000000, avanceI = 2.000000
inc_x_r = 0.000000, inc_y_r = 1.000000, inc_x_i = 1.000000, inc_y_i = 1.000000
En el else......

----------------------------------------
x = 56.000000, y = 253.000000
avance = -275.000000, avanceR = 2.000000, avanceI = 2.000000
inc_x_r = 0.000000, inc_y_r = 1.000000, inc_x_i = 1.000000, inc_y_i = 1.000000
En el else......

----------------------------------------
x = 56.000000, y = 254.000000
avance = -273.000000, avanceR = 2.000000, avanceI = 2.000000
inc_x_r = 0.000000, inc_y_r = 1.000000, inc_x_i = 1.000000, inc_y_i = 1.000000
En el else......

----------------------------------------
x = 56.000000, y = 255.000000
avance = -271.000000, avanceR = 2.000000, avanceI = 2.000000
inc_x_r = 0.000000, inc_y_r = 1.000000, inc_x_i = 1.000000, inc_y_i = 1.000000
En el else......

----------------------------------------
x = 56.000000, y = 256.000000
avance = -269.000000, avanceR = 2.000000, avanceI = 2.000000
inc_x_r = 0.000000, inc_y_r = 1.000000, inc_x_i = 1.000000, inc_y_i = 1.000000
En el else......

----------------------------------------
x = 56.000000, y = 257.000000
avance = -267.000000, avanceR = 2.000000, avanceI = 2.000000
inc_x_r = 0.000000, inc_y_r = 1.000000, inc_x_i = 1.000000, inc_y_i = 1.000000
En el else......

----------------------------------------
x = 56.000000, y = 258.000000
avance = -265.000000, avanceR = 2.000000, avanceI = 2.000000
inc_x_r = 0.000000, inc_y_r = 1.000000, inc_x_i = 1.000000, inc_y_i = 1.000000
En el else......

----------------------------------------
x = 56.000000, y = 259.000000
avance = -263.000000, avanceR = 2.000000, avanceI = 2.000000
inc_x_r = 0.000000, inc_y_r = 1.000000, inc_x_i = 1.000000, inc_y_i = 1.000000
En el else......

----------------------------------------
x = 56.000000, y = 260.000000
avance = -261.000000, avanceR = 2.000000, avanceI = 2.000000
inc_x_r = 0.000000, inc_y_r = 1.000000, inc_x_i = 1.000000, inc_y_i = 1.000000
En el else......

----------------------------------------
x = 56.000000, y = 261.000000
avance = -259.000000, avanceR = 2.000000, avanceI = 2.000000
inc_x_r = 0.000000, inc_y_r = 1.000000, inc_x_i = 1.000000, inc_y_i = 1.000000
En el else......

----------------------------------------
x = 56.000000, y = 262.000000
avance = -257.000000, avanceR = 2.000000, avanceI = 2.000000
inc_x_r = 0.000000, inc_y_r = 1.000000, inc_x_i = 1.000000, inc_y_i = 1.000000
En el else......

----------------------------------------
x = 56.000000, y = 263.000000
avance = -255.000000, avanceR = 2.000000, avanceI = 2.000000
inc_x_r = 0.000000, inc_y_r = 1.000000, inc_x_i = 1.000000, inc_y_i = 1.000000
En el else......

----------------------------------------
x = 56.000000, y = 264.000000
avance = -253.000000, avanceR = 2.000000, avanceI = 2.000000
inc_x_r = 0.000000, inc_y_r = 1.000000, inc_x_i = 1.000000, inc_y_i = 1.000000
En el else......

----------------------------------------
x = 56.000000, y = 265.000000
avance = -251.000000, avanceR = 2.000000, avanceI = 2.000000
inc_x_r = 0.000000, inc_y_r = 1.000000, inc_x_i = 1.000000, inc_y_i = 1.000000
En el else......

----------------------------------------


ENTRAMOS A BRESENHAMªªªª
x1 = 55.000000 - y1 = 15.000000 || x2 = 56.000000 - y2 = 266.000000
dy = 251.000000, dx = 1.000000
avances inclinados: inc_x_i = 1.000000, inc_y_i = 1.000000
updated: dy = 251.000000, dx = 1.000000
avances rectos: inc_x_r = 0.000000, inc_y_r 1.000000
reupdated: dy = 1.000000, dx = 251.000000
avanceR = 2.000000, avance -249.000000, avanceI 2.000000
----------------------------------------
x = 55.000000, y = 15.000000
avance = -249.000000, avanceR = 2.000000, avanceI = 2.000000
inc_x_r = 0.000000, inc_y_r = 1.000000, inc_x_i = 1.000000, inc_y_i = 1.000000
En el else......

----------------------------------------
x = 55.000000, y = 16.000000
avance = -247.000000, avanceR = 2.000000, avanceI = 2.000000
inc_x_r = 0.000000, inc_y_r = 1.000000, inc_x_i = 1.000000, inc_y_i = 1.000000
En el else......

----------------------------------------
x = 55.000000, y = 17.000000
avance = -245.000000, avanceR = 2.000000, avanceI = 2.000000
inc_x_r = 0.000000, inc_y_r = 1.000000, inc_x_i = 1.000000, inc_y_i = 1.000000
En el else......

----------------------------------------
x = 55.000000, y = 18.000000
avance = -243.000000, avanceR = 2.000000, avanceI = 2.000000
inc_x_r = 0.000000, inc_y_r = 1.000000, inc_x_i = 1.000000, inc_y_i = 1.000000
En el else......

----------------------------------------
x = 55.000000, y = 19.000000
avance = -241.000000, avanceR = 2.000000, avanceI = 2.000000
inc_x_r = 0.000000, inc_y_r = 1.000000, inc_x_i = 1.000000, inc_y_i = 1.000000
En el else......

----------------------------------------
x = 55.000000, y = 20.000000
avance = -239.000000, avanceR = 2.000000, avanceI = 2.000000
inc_x_r = 0.000000, inc_y_r = 1.000000, inc_x_i = 1.000000, inc_y_i = 1.000000
En el else......

----------------------------------------
x = 55.000000, y = 21.000000
avance = -237.000000, avanceR = 2.000000, avanceI = 2.000000
inc_x_r = 0.000000, inc_y_r = 1.000000, inc_x_i = 1.000000, inc_y_i = 1.000000
En el else......

----------------------------------------
x = 55.000000, y = 22.000000
avance = -235.000000, avanceR = 2.000000, avanceI = 2.000000
inc_x_r = 0.000000, inc_y_r = 1.000000, inc_x_i = 1.000000, inc_y_i = 1.000000
En el else......

----------------------------------------
x = 55.000000, y = 23.000000
avance = -233.000000, avanceR = 2.000000, avanceI = 2.000000
inc_x_r = 0.000000, inc_y_r = 1.000000, inc_x_i = 1.000000, inc_y_i = 1.000000
En el else......

----------------------------------------
x = 55.000000, y = 24.000000
avance = -231.000000, avanceR = 2.000000, avanceI = 2.000000
inc_x_r = 0.000000, inc_y_r = 1.000000, inc_x_i = 1.000000, inc_y_i = 1.000000
En el else......

----------------------------------------
x = 55.000000, y = 25.000000
avance = -229.000000, avanceR = 2.000000, avanceI = 2.000000
inc_x_r = 0.000000, inc_y_r = 1.000000, inc_x_i = 1.000000, inc_y_i = 1.000000
En el else......

----------------------------------------
x = 55.000000, y = 26.000000
avance = -227.000000, avanceR = 2.000000, avanceI = 2.000000
inc_x_r = 0.000000, inc_y_r = 1.000000, inc_x_i = 1.000000, inc_y_i = 1.000000
En el else......

----------------------------------------
x = 55.000000, y = 27.000000
avance = -225.000000, avanceR = 2.000000, avanceI = 2.000000
inc_x_r = 0.000000, inc_y_r = 1.000000, inc_x_i = 1.000000, inc_y_i = 1.000000
En el else......

----------------------------------------
x = 55.000000, y = 28.000000
avance = -223.000000, avanceR = 2.000000, avanceI = 2.000000
inc_x_r = 0.000000, inc_y_r = 1.000000, inc_x_i = 1.000000, inc_y_i = 1.000000
En el else......

----------------------------------------
x = 55.000000, y = 29.000000
avance = -221.000000, avanceR = 2.000000, avanceI = 2.000000
inc_x_r = 0.000000, inc_y_r = 1.000000, inc_x_i = 1.000000, inc_y_i = 1.000000
En el else......

----------------------------------------
x = 55.000000, y = 30.000000
avance = -219.000000, avanceR = 2.000000, avanceI = 2.000000
inc_x_r = 0.000000, inc_y_r = 1.000000, inc_x_i = 1.000000, inc_y_i = 1.000000
En el else......

----------------------------------------
x = 55.000000, y = 31.000000
avance = -217.000000, avanceR = 2.000000, avanceI = 2.000000
inc_x_r = 0.000000, inc_y_r = 1.000000, inc_x_i = 1.000000, inc_y_i = 1.000000
En el else......

----------------------------------------
x = 55.000000, y = 32.000000
avance = -215.000000, avanceR = 2.000000, avanceI = 2.000000
inc_x_r = 0.000000, inc_y_r = 1.000000, inc_x_i = 1.000000, inc_y_i = 1.000000
En el else......

----------------------------------------
x = 55.000000, y = 33.000000
avance = -213.000000, avanceR = 2.000000, avanceI = 2.000000
inc_x_r = 0.000000, inc_y_r = 1.000000, inc_x_i = 1.000000, inc_y_i = 1.000000
En el else......

----------------------------------------
x = 55.000000, y = 34.000000
avance = -211.000000, avanceR = 2.000000, avanceI = 2.000000
inc_x_r = 0.000000, inc_y_r = 1.000000, inc_x_i = 1.000000, inc_y_i = 1.000000
En el else......

----------------------------------------
x = 55.000000, y = 35.000000
avance = -209.000000, avanceR = 2.000000, avanceI = 2.000000
inc_x_r = 0.000000, inc_y_r = 1.000000, inc_x_i = 1.000000, inc_y_i = 1.000000
En el else......

----------------------------------------
x = 55.000000, y = 36.000000
avance = -207.000000, avanceR = 2.000000, avanceI = 2.000000
inc_x_r = 0.000000, inc_y_r = 1.000000, inc_x_i = 1.000000, inc_y_i = 1.000000
En el else......

----------------------------------------
x = 55.000000, y = 37.000000
avance = -205.000000, avanceR = 2.000000, avanceI = 2.000000
inc_x_r = 0.000000, inc_y_r = 1.000000, inc_x_i = 1.000000, inc_y_i = 1.000000
En el else......

----------------------------------------
x = 55.000000, y = 38.000000
avance = -203.000000, avanceR = 2.000000, avanceI = 2.000000
inc_x_r = 0.000000, inc_y_r = 1.000000, inc_x_i = 1.000000, inc_y_i = 1.000000
En el else......

----------------------------------------
x = 55.000000, y = 39.000000
avance = -201.000000, avanceR = 2.000000, avanceI = 2.000000
inc_x_r = 0.000000, inc_y_r = 1.000000, inc_x_i = 1.000000, inc_y_i = 1.000000
En el else......

----------------------------------------
x = 55.000000, y = 40.000000
avance = -199.000000, avanceR = 2.000000, avanceI = 2.000000
inc_x_r = 0.000000, inc_y_r = 1.000000, inc_x_i = 1.000000, inc_y_i = 1.000000
En el else......

----------------------------------------
x = 55.000000, y = 41.000000
avance = -197.000000, avanceR = 2.000000, avanceI = 2.000000
inc_x_r = 0.000000, inc_y_r = 1.000000, inc_x_i = 1.000000, inc_y_i = 1.000000
En el else......

----------------------------------------
x = 55.000000, y = 42.000000
avance = -195.000000, avanceR = 2.000000, avanceI = 2.000000
inc_x_r = 0.000000, inc_y_r = 1.000000, inc_x_i = 1.000000, inc_y_i = 1.000000
En el else......

----------------------------------------
x = 55.000000, y = 43.000000
avance = -193.000000, avanceR = 2.000000, avanceI = 2.000000
inc_x_r = 0.000000, inc_y_r = 1.000000, inc_x_i = 1.000000, inc_y_i = 1.000000
En el else......

----------------------------------------
x = 55.000000, y = 44.000000
avance = -191.000000, avanceR = 2.000000, avanceI = 2.000000
inc_x_r = 0.000000, inc_y_r = 1.000000, inc_x_i = 1.000000, inc_y_i = 1.000000
En el else......

----------------------------------------
x = 55.000000, y = 45.000000
avance = -189.000000, avanceR = 2.000000, avanceI = 2.000000
inc_x_r = 0.000000, inc_y_r = 1.000000, inc_x_i = 1.000000, inc_y_i = 1.000000
En el else......

----------------------------------------
x = 55.000000, y = 46.000000
avance = -187.000000, avanceR = 2.000000, avanceI = 2.000000
inc_x_r = 0.000000, inc_y_r = 1.000000, inc_x_i = 1.000000, inc_y_i = 1.000000
En el else......

----------------------------------------
x = 55.000000, y = 47.000000
avance = -185.000000, avanceR = 2.000000, avanceI = 2.000000
inc_x_r = 0.000000, inc_y_r = 1.000000, inc_x_i = 1.000000, inc_y_i = 1.000000
En el else......

----------------------------------------
x = 55.000000, y = 48.000000
avance = -183.000000, avanceR = 2.000000, avanceI = 2.000000
inc_x_r = 0.000000, inc_y_r = 1.000000, inc_x_i = 1.000000, inc_y_i = 1.000000
En el else......

----------------------------------------
x = 55.000000, y = 49.000000
avance = -181.000000, avanceR = 2.000000, avanceI = 2.000000
inc_x_r = 0.000000, inc_y_r = 1.000000, inc_x_i = 1.000000, inc_y_i = 1.000000
En el else......

----------------------------------------
x = 55.000000, y = 50.000000
avance = -179.000000, avanceR = 2.000000, avanceI = 2.000000
inc_x_r = 0.000000, inc_y_r = 1.000000, inc_x_i = 1.000000, inc_y_i = 1.000000
En el else......

----------------------------------------
x = 55.000000, y = 51.000000
avance = -177.000000, avanceR = 2.000000, avanceI = 2.000000
inc_x_r = 0.000000, inc_y_r = 1.000000, inc_x_i = 1.000000, inc_y_i = 1.000000
En el else......

----------------------------------------
x = 55.000000, y = 52.000000
avance = -175.000000, avanceR = 2.000000, avanceI = 2.000000
inc_x_r = 0.000000, inc_y_r = 1.000000, inc_x_i = 1.000000, inc_y_i = 1.000000
En el else......

----------------------------------------
x = 55.000000, y = 53.000000
avance = -173.000000, avanceR = 2.000000, avanceI = 2.000000
inc_x_r = 0.000000, inc_y_r = 1.000000, inc_x_i = 1.000000, inc_y_i = 1.000000
En el else......

----------------------------------------
x = 55.000000, y = 54.000000
avance = -171.000000, avanceR = 2.000000, avanceI = 2.000000
inc_x_r = 0.000000, inc_y_r = 1.000000, inc_x_i = 1.000000, inc_y_i = 1.000000
En el else......

----------------------------------------
x = 55.000000, y = 55.000000
avance = -169.000000, avanceR = 2.000000, avanceI = 2.000000
inc_x_r = 0.000000, inc_y_r = 1.000000, inc_x_i = 1.000000, inc_y_i = 1.000000
En el else......

----------------------------------------
x = 55.000000, y = 56.000000
avance = -167.000000, avanceR = 2.000000, avanceI = 2.000000
inc_x_r = 0.000000, inc_y_r = 1.000000, inc_x_i = 1.000000, inc_y_i = 1.000000
En el else......

----------------------------------------
x = 55.000000, y = 57.000000
avance = -165.000000, avanceR = 2.000000, avanceI = 2.000000
inc_x_r = 0.000000, inc_y_r = 1.000000, inc_x_i = 1.000000, inc_y_i = 1.000000
En el else......

----------------------------------------
x = 55.000000, y = 58.000000
avance = -163.000000, avanceR = 2.000000, avanceI = 2.000000
inc_x_r = 0.000000, inc_y_r = 1.000000, inc_x_i = 1.000000, inc_y_i = 1.000000
En el else......

----------------------------------------
x = 55.000000, y = 59.000000
avance = -161.000000, avanceR = 2.000000, avanceI = 2.000000
inc_x_r = 0.000000, inc_y_r = 1.000000, inc_x_i = 1.000000, inc_y_i = 1.000000
En el else......

----------------------------------------
x = 55.000000, y = 60.000000
avance = -159.000000, avanceR = 2.000000, avanceI = 2.000000
inc_x_r = 0.000000, inc_y_r = 1.000000, inc_x_i = 1.000000, inc_y_i = 1.000000
En el else......

----------------------------------------
x = 55.000000, y = 61.000000
avance = -157.000000, avanceR = 2.000000, avanceI = 2.000000
inc_x_r = 0.000000, inc_y_r = 1.000000, inc_x_i = 1.000000, inc_y_i = 1.000000
En el else......

----------------------------------------
x = 55.000000, y = 62.000000
avance = -155.000000, avanceR = 2.000000, avanceI = 2.000000
inc_x_r = 0.000000, inc_y_r = 1.000000, inc_x_i = 1.000000, inc_y_i = 1.000000
En el else......

----------------------------------------
x = 55.000000, y = 63.000000
avance = -153.000000, avanceR = 2.000000, avanceI = 2.000000
inc_x_r = 0.000000, inc_y_r = 1.000000, inc_x_i = 1.000000, inc_y_i = 1.000000
En el else......

----------------------------------------
x = 55.000000, y = 64.000000
avance = -151.000000, avanceR = 2.000000, avanceI = 2.000000
inc_x_r = 0.000000, inc_y_r = 1.000000, inc_x_i = 1.000000, inc_y_i = 1.000000
En el else......

----------------------------------------
x = 55.000000, y = 65.000000
avance = -149.000000, avanceR = 2.000000, avanceI = 2.000000
inc_x_r = 0.000000, inc_y_r = 1.000000, inc_x_i = 1.000000, inc_y_i = 1.000000
En el else......

----------------------------------------
x = 55.000000, y = 66.000000
avance = -147.000000, avanceR = 2.000000, avanceI = 2.000000
inc_x_r = 0.000000, inc_y_r = 1.000000, inc_x_i = 1.000000, inc_y_i = 1.000000
En el else......

----------------------------------------
x = 55.000000, y = 67.000000
avance = -145.000000, avanceR = 2.000000, avanceI = 2.000000
inc_x_r = 0.000000, inc_y_r = 1.000000, inc_x_i = 1.000000, inc_y_i = 1.000000
En el else......

----------------------------------------
x = 55.000000, y = 68.000000
avance = -143.000000, avanceR = 2.000000, avanceI = 2.000000
inc_x_r = 0.000000, inc_y_r = 1.000000, inc_x_i = 1.000000, inc_y_i = 1.000000
En el else......

----------------------------------------
x = 55.000000, y = 69.000000
avance = -141.000000, avanceR = 2.000000, avanceI = 2.000000
inc_x_r = 0.000000, inc_y_r = 1.000000, inc_x_i = 1.000000, inc_y_i = 1.000000
En el else......

----------------------------------------
x = 55.000000, y = 70.000000
avance = -139.000000, avanceR = 2.000000, avanceI = 2.000000
inc_x_r = 0.000000, inc_y_r = 1.000000, inc_x_i = 1.000000, inc_y_i = 1.000000
En el else......

----------------------------------------
x = 55.000000, y = 71.000000
avance = -137.000000, avanceR = 2.000000, avanceI = 2.000000
inc_x_r = 0.000000, inc_y_r = 1.000000, inc_x_i = 1.000000, inc_y_i = 1.000000
En el else......

----------------------------------------
x = 55.000000, y = 72.000000
avance = -135.000000, avanceR = 2.000000, avanceI = 2.000000
inc_x_r = 0.000000, inc_y_r = 1.000000, inc_x_i = 1.000000, inc_y_i = 1.000000
En el else......

----------------------------------------
x = 55.000000, y = 73.000000
avance = -133.000000, avanceR = 2.000000, avanceI = 2.000000
inc_x_r = 0.000000, inc_y_r = 1.000000, inc_x_i = 1.000000, inc_y_i = 1.000000
En el else......

----------------------------------------
x = 55.000000, y = 74.000000
avance = -131.000000, avanceR = 2.000000, avanceI = 2.000000
inc_x_r = 0.000000, inc_y_r = 1.000000, inc_x_i = 1.000000, inc_y_i = 1.000000
En el else......

----------------------------------------
x = 55.000000, y = 75.000000
avance = -129.000000, avanceR = 2.000000, avanceI = 2.000000
inc_x_r = 0.000000, inc_y_r = 1.000000, inc_x_i = 1.000000, inc_y_i = 1.000000
En el else......

----------------------------------------
x = 55.000000, y = 76.000000
avance = -127.000000, avanceR = 2.000000, avanceI = 2.000000
inc_x_r = 0.000000, inc_y_r = 1.000000, inc_x_i = 1.000000, inc_y_i = 1.000000
En el else......

----------------------------------------
x = 55.000000, y = 77.000000
avance = -125.000000, avanceR = 2.000000, avanceI = 2.000000
inc_x_r = 0.000000, inc_y_r = 1.000000, inc_x_i = 1.000000, inc_y_i = 1.000000
En el else......

----------------------------------------
x = 55.000000, y = 78.000000
avance = -123.000000, avanceR = 2.000000, avanceI = 2.000000
inc_x_r = 0.000000, inc_y_r = 1.000000, inc_x_i = 1.000000, inc_y_i = 1.000000
En el else......

----------------------------------------
x = 55.000000, y = 79.000000
avance = -121.000000, avanceR = 2.000000, avanceI = 2.000000
inc_x_r = 0.000000, inc_y_r = 1.000000, inc_x_i = 1.000000, inc_y_i = 1.000000
En el else......

----------------------------------------
x = 55.000000, y = 80.000000
avance = -119.000000, avanceR = 2.000000, avanceI = 2.000000
inc_x_r = 0.000000, inc_y_r = 1.000000, inc_x_i = 1.000000, inc_y_i = 1.000000
En el else......

----------------------------------------
x = 55.000000, y = 81.000000
avance = -117.000000, avanceR = 2.000000, avanceI = 2.000000
inc_x_r = 0.000000, inc_y_r = 1.000000, inc_x_i = 1.000000, inc_y_i = 1.000000
En el else......

----------------------------------------
x = 55.000000, y = 82.000000
avance = -115.000000, avanceR = 2.000000, avanceI = 2.000000
inc_x_r = 0.000000, inc_y_r = 1.000000, inc_x_i = 1.000000, inc_y_i = 1.000000
En el else......

----------------------------------------
x = 55.000000, y = 83.000000
avance = -113.000000, avanceR = 2.000000, avanceI = 2.000000
inc_x_r = 0.000000, inc_y_r = 1.000000, inc_x_i = 1.000000, inc_y_i = 1.000000
En el else......

----------------------------------------
x = 55.000000, y = 84.000000
avance = -111.000000, avanceR = 2.000000, avanceI = 2.000000
inc_x_r = 0.000000, inc_y_r = 1.000000, inc_x_i = 1.000000, inc_y_i = 1.000000
En el else......

----------------------------------------
x = 55.000000, y = 85.000000
avance = -109.000000, avanceR = 2.000000, avanceI = 2.000000
inc_x_r = 0.000000, inc_y_r = 1.000000, inc_x_i = 1.000000, inc_y_i = 1.000000
En el else......

----------------------------------------
x = 55.000000, y = 86.000000
avance = -107.000000, avanceR = 2.000000, avanceI = 2.000000
inc_x_r = 0.000000, inc_y_r = 1.000000, inc_x_i = 1.000000, inc_y_i = 1.000000
En el else......

----------------------------------------
x = 55.000000, y = 87.000000
avance = -105.000000, avanceR = 2.000000, avanceI = 2.000000
inc_x_r = 0.000000, inc_y_r = 1.000000, inc_x_i = 1.000000, inc_y_i = 1.000000
En el else......

----------------------------------------
x = 55.000000, y = 88.000000
avance = -103.000000, avanceR = 2.000000, avanceI = 2.000000
inc_x_r = 0.000000, inc_y_r = 1.000000, inc_x_i = 1.000000, inc_y_i = 1.000000
En el else......

----------------------------------------
x = 55.000000, y = 89.000000
avance = -101.000000, avanceR = 2.000000, avanceI = 2.000000
inc_x_r = 0.000000, inc_y_r = 1.000000, inc_x_i = 1.000000, inc_y_i = 1.000000
En el else......

----------------------------------------
x = 55.000000, y = 90.000000
avance = -99.000000, avanceR = 2.000000, avanceI = 2.000000
inc_x_r = 0.000000, inc_y_r = 1.000000, inc_x_i = 1.000000, inc_y_i = 1.000000
En el else......

----------------------------------------
x = 55.000000, y = 91.000000
avance = -97.000000, avanceR = 2.000000, avanceI = 2.000000
inc_x_r = 0.000000, inc_y_r = 1.000000, inc_x_i = 1.000000, inc_y_i = 1.000000
En el else......

----------------------------------------
x = 55.000000, y = 92.000000
avance = -95.000000, avanceR = 2.000000, avanceI = 2.000000
inc_x_r = 0.000000, inc_y_r = 1.000000, inc_x_i = 1.000000, inc_y_i = 1.000000
En el else......

----------------------------------------
x = 55.000000, y = 93.000000
avance = -93.000000, avanceR = 2.000000, avanceI = 2.000000
inc_x_r = 0.000000, inc_y_r = 1.000000, inc_x_i = 1.000000, inc_y_i = 1.000000
En el else......

----------------------------------------
x = 55.000000, y = 94.000000
avance = -91.000000, avanceR = 2.000000, avanceI = 2.000000
inc_x_r = 0.000000, inc_y_r = 1.000000, inc_x_i = 1.000000, inc_y_i = 1.000000
En el else......

----------------------------------------
x = 55.000000, y = 95.000000
avance = -89.000000, avanceR = 2.000000, avanceI = 2.000000
inc_x_r = 0.000000, inc_y_r = 1.000000, inc_x_i = 1.000000, inc_y_i = 1.000000
En el else......

----------------------------------------
x = 55.000000, y = 96.000000
avance = -87.000000, avanceR = 2.000000, avanceI = 2.000000
inc_x_r = 0.000000, inc_y_r = 1.000000, inc_x_i = 1.000000, inc_y_i = 1.000000
En el else......

----------------------------------------
x = 55.000000, y = 97.000000
avance = -85.000000, avanceR = 2.000000, avanceI = 2.000000
inc_x_r = 0.000000, inc_y_r = 1.000000, inc_x_i = 1.000000, inc_y_i = 1.000000
En el else......

----------------------------------------
x = 55.000000, y = 98.000000
avance = -83.000000, avanceR = 2.000000, avanceI = 2.000000
inc_x_r = 0.000000, inc_y_r = 1.000000, inc_x_i = 1.000000, inc_y_i = 1.000000
En el else......

----------------------------------------
x = 55.000000, y = 99.000000
avance = -81.000000, avanceR = 2.000000, avanceI = 2.000000
inc_x_r = 0.000000, inc_y_r = 1.000000, inc_x_i = 1.000000, inc_y_i = 1.000000
En el else......

----------------------------------------
x = 55.000000, y = 100.000000
avance = -79.000000, avanceR = 2.000000, avanceI = 2.000000
inc_x_r = 0.000000, inc_y_r = 1.000000, inc_x_i = 1.000000, inc_y_i = 1.000000
En el else......

----------------------------------------
x = 55.000000, y = 101.000000
avance = -77.000000, avanceR = 2.000000, avanceI = 2.000000
inc_x_r = 0.000000, inc_y_r = 1.000000, inc_x_i = 1.000000, inc_y_i = 1.000000
En el else......

----------------------------------------
x = 55.000000, y = 102.000000
avance = -75.000000, avanceR = 2.000000, avanceI = 2.000000
inc_x_r = 0.000000, inc_y_r = 1.000000, inc_x_i = 1.000000, inc_y_i = 1.000000
En el else......

----------------------------------------
x = 55.000000, y = 103.000000
avance = -73.000000, avanceR = 2.000000, avanceI = 2.000000
inc_x_r = 0.000000, inc_y_r = 1.000000, inc_x_i = 1.000000, inc_y_i = 1.000000
En el else......

----------------------------------------
x = 55.000000, y = 104.000000
avance = -71.000000, avanceR = 2.000000, avanceI = 2.000000
inc_x_r = 0.000000, inc_y_r = 1.000000, inc_x_i = 1.000000, inc_y_i = 1.000000
En el else......

----------------------------------------
x = 55.000000, y = 105.000000
avance = -69.000000, avanceR = 2.000000, avanceI = 2.000000
inc_x_r = 0.000000, inc_y_r = 1.000000, inc_x_i = 1.000000, inc_y_i = 1.000000
En el else......

----------------------------------------
x = 55.000000, y = 106.000000
avance = -67.000000, avanceR = 2.000000, avanceI = 2.000000
inc_x_r = 0.000000, inc_y_r = 1.000000, inc_x_i = 1.000000, inc_y_i = 1.000000
En el else......

----------------------------------------
x = 55.000000, y = 107.000000
avance = -65.000000, avanceR = 2.000000, avanceI = 2.000000
inc_x_r = 0.000000, inc_y_r = 1.000000, inc_x_i = 1.000000, inc_y_i = 1.000000
En el else......

----------------------------------------
x = 55.000000, y = 108.000000
avance = -63.000000, avanceR = 2.000000, avanceI = 2.000000
inc_x_r = 0.000000, inc_y_r = 1.000000, inc_x_i = 1.000000, inc_y_i = 1.000000
En el else......

----------------------------------------
x = 55.000000, y = 109.000000
avance = -61.000000, avanceR = 2.000000, avanceI = 2.000000
inc_x_r = 0.000000, inc_y_r = 1.000000, inc_x_i = 1.000000, inc_y_i = 1.000000
En el else......

----------------------------------------
x = 55.000000, y = 110.000000
avance = -59.000000, avanceR = 2.000000, avanceI = 2.000000
inc_x_r = 0.000000, inc_y_r = 1.000000, inc_x_i = 1.000000, inc_y_i = 1.000000
En el else......

----------------------------------------
x = 55.000000, y = 111.000000
avance = -57.000000, avanceR = 2.000000, avanceI = 2.000000
inc_x_r = 0.000000, inc_y_r = 1.000000, inc_x_i = 1.000000, inc_y_i = 1.000000
En el else......

----------------------------------------
x = 55.000000, y = 112.000000
avance = -55.000000, avanceR = 2.000000, avanceI = 2.000000
inc_x_r = 0.000000, inc_y_r = 1.000000, inc_x_i = 1.000000, inc_y_i = 1.000000
En el else......

----------------------------------------
x = 55.000000, y = 113.000000
avance = -53.000000, avanceR = 2.000000, avanceI = 2.000000
inc_x_r = 0.000000, inc_y_r = 1.000000, inc_x_i = 1.000000, inc_y_i = 1.000000
En el else......

----------------------------------------
x = 55.000000, y = 114.000000
avance = -51.000000, avanceR = 2.000000, avanceI = 2.000000
inc_x_r = 0.000000, inc_y_r = 1.000000, inc_x_i = 1.000000, inc_y_i = 1.000000
En el else......

----------------------------------------
x = 55.000000, y = 115.000000
avance = -49.000000, avanceR = 2.000000, avanceI = 2.000000
inc_x_r = 0.000000, inc_y_r = 1.000000, inc_x_i = 1.000000, inc_y_i = 1.000000
En el else......

----------------------------------------
x = 55.000000, y = 116.000000
avance = -47.000000, avanceR = 2.000000, avanceI = 2.000000
inc_x_r = 0.000000, inc_y_r = 1.000000, inc_x_i = 1.000000, inc_y_i = 1.000000
En el else......

----------------------------------------
x = 55.000000, y = 117.000000
avance = -45.000000, avanceR = 2.000000, avanceI = 2.000000
inc_x_r = 0.000000, inc_y_r = 1.000000, inc_x_i = 1.000000, inc_y_i = 1.000000
En el else......

----------------------------------------
x = 55.000000, y = 118.000000
avance = -43.000000, avanceR = 2.000000, avanceI = 2.000000
inc_x_r = 0.000000, inc_y_r = 1.000000, inc_x_i = 1.000000, inc_y_i = 1.000000
En el else......

----------------------------------------
x = 55.000000, y = 119.000000
avance = -41.000000, avanceR = 2.000000, avanceI = 2.000000
inc_x_r = 0.000000, inc_y_r = 1.000000, inc_x_i = 1.000000, inc_y_i = 1.000000
En el else......

----------------------------------------
x = 55.000000, y = 120.000000
avance = -39.000000, avanceR = 2.000000, avanceI = 2.000000
inc_x_r = 0.000000, inc_y_r = 1.000000, inc_x_i = 1.000000, inc_y_i = 1.000000
En el else......

----------------------------------------
x = 55.000000, y = 121.000000
avance = -37.000000, avanceR = 2.000000, avanceI = 2.000000
inc_x_r = 0.000000, inc_y_r = 1.000000, inc_x_i = 1.000000, inc_y_i = 1.000000
En el else......

----------------------------------------
x = 55.000000, y = 122.000000
avance = -35.000000, avanceR = 2.000000, avanceI = 2.000000
inc_x_r = 0.000000, inc_y_r = 1.000000, inc_x_i = 1.000000, inc_y_i = 1.000000
En el else......

----------------------------------------
x = 55.000000, y = 123.000000
avance = -33.000000, avanceR = 2.000000, avanceI = 2.000000
inc_x_r = 0.000000, inc_y_r = 1.000000, inc_x_i = 1.000000, inc_y_i = 1.000000
En el else......

----------------------------------------
x = 55.000000, y = 124.000000
avance = -31.000000, avanceR = 2.000000, avanceI = 2.000000
inc_x_r = 0.000000, inc_y_r = 1.000000, inc_x_i = 1.000000, inc_y_i = 1.000000
En el else......

----------------------------------------
x = 55.000000, y = 125.000000
avance = -29.000000, avanceR = 2.000000, avanceI = 2.000000
inc_x_r = 0.000000, inc_y_r = 1.000000, inc_x_i = 1.000000, inc_y_i = 1.000000
En el else......

----------------------------------------
x = 55.000000, y = 126.000000
avance = -27.000000, avanceR = 2.000000, avanceI = 2.000000
inc_x_r = 0.000000, inc_y_r = 1.000000, inc_x_i = 1.000000, inc_y_i = 1.000000
En el else......

----------------------------------------
x = 55.000000, y = 127.000000
avance = -25.000000, avanceR = 2.000000, avanceI = 2.000000
inc_x_r = 0.000000, inc_y_r = 1.000000, inc_x_i = 1.000000, inc_y_i = 1.000000
En el else......

----------------------------------------
x = 55.000000, y = 128.000000
avance = -23.000000, avanceR = 2.000000, avanceI = 2.000000
inc_x_r = 0.000000, inc_y_r = 1.000000, inc_x_i = 1.000000, inc_y_i = 1.000000
En el else......

----------------------------------------
x = 55.000000, y = 129.000000
avance = -21.000000, avanceR = 2.000000, avanceI = 2.000000
inc_x_r = 0.000000, inc_y_r = 1.000000, inc_x_i = 1.000000, inc_y_i = 1.000000
En el else......

----------------------------------------
x = 55.000000, y = 130.000000
avance = -19.000000, avanceR = 2.000000, avanceI = 2.000000
inc_x_r = 0.000000, inc_y_r = 1.000000, inc_x_i = 1.000000, inc_y_i = 1.000000
En el else......

----------------------------------------
x = 55.000000, y = 131.000000
avance = -17.000000, avanceR = 2.000000, avanceI = 2.000000
inc_x_r = 0.000000, inc_y_r = 1.000000, inc_x_i = 1.000000, inc_y_i = 1.000000
En el else......

----------------------------------------
x = 55.000000, y = 132.000000
avance = -15.000000, avanceR = 2.000000, avanceI = 2.000000
inc_x_r = 0.000000, inc_y_r = 1.000000, inc_x_i = 1.000000, inc_y_i = 1.000000
En el else......

----------------------------------------
x = 55.000000, y = 133.000000
avance = -13.000000, avanceR = 2.000000, avanceI = 2.000000
inc_x_r = 0.000000, inc_y_r = 1.000000, inc_x_i = 1.000000, inc_y_i = 1.000000
En el else......

----------------------------------------
x = 55.000000, y = 134.000000
avance = -11.000000, avanceR = 2.000000, avanceI = 2.000000
inc_x_r = 0.000000, inc_y_r = 1.000000, inc_x_i = 1.000000, inc_y_i = 1.000000
En el else......

----------------------------------------
x = 55.000000, y = 135.000000
avance = -9.000000, avanceR = 2.000000, avanceI = 2.000000
inc_x_r = 0.000000, inc_y_r = 1.000000, inc_x_i = 1.000000, inc_y_i = 1.000000
En el else......

----------------------------------------
x = 55.000000, y = 136.000000
avance = -7.000000, avanceR = 2.000000, avanceI = 2.000000
inc_x_r = 0.000000, inc_y_r = 1.000000, inc_x_i = 1.000000, inc_y_i = 1.000000
En el else......

----------------------------------------
x = 55.000000, y = 137.000000
avance = -5.000000, avanceR = 2.000000, avanceI = 2.000000
inc_x_r = 0.000000, inc_y_r = 1.000000, inc_x_i = 1.000000, inc_y_i = 1.000000
En el else......

----------------------------------------
x = 55.000000, y = 138.000000
avance = -3.000000, avanceR = 2.000000, avanceI = 2.000000
inc_x_r = 0.000000, inc_y_r = 1.000000, inc_x_i = 1.000000, inc_y_i = 1.000000
En el else......

----------------------------------------
x = 55.000000, y = 139.000000
avance = -1.000000, avanceR = 2.000000, avanceI = 2.000000
inc_x_r = 0.000000, inc_y_r = 1.000000, inc_x_i = 1.000000, inc_y_i = 1.000000
En el else......

----------------------------------------
x = 55.000000, y = 140.000000
avance = 1.000000, avanceR = 2.000000, avanceI = 2.000000
inc_x_r = 0.000000, inc_y_r = 1.000000, inc_x_i = 1.000000, inc_y_i = 1.000000
avance >= 0

----------------------------------------
x = 56.000000, y = 141.000000
avance = -499.000000, avanceR = 2.000000, avanceI = 2.000000
inc_x_r = 0.000000, inc_y_r = 1.000000, inc_x_i = 1.000000, inc_y_i = 1.000000
En el else......

----------------------------------------
x = 56.000000, y = 142.000000
avance = -497.000000, avanceR = 2.000000, avanceI = 2.000000
inc_x_r = 0.000000, inc_y_r = 1.000000, inc_x_i = 1.000000, inc_y_i = 1.000000
En el else......

----------------------------------------
x = 56.000000, y = 143.000000
avance = -495.000000, avanceR = 2.000000, avanceI = 2.000000
inc_x_r = 0.000000, inc_y_r = 1.000000, inc_x_i = 1.000000, inc_y_i = 1.000000
En el else......

----------------------------------------
x = 56.000000, y = 144.000000
avance = -493.000000, avanceR = 2.000000, avanceI = 2.000000
inc_x_r = 0.000000, inc_y_r = 1.000000, inc_x_i = 1.000000, inc_y_i = 1.000000
En el else......

----------------------------------------
x = 56.000000, y = 145.000000
avance = -491.000000, avanceR = 2.000000, avanceI = 2.000000
inc_x_r = 0.000000, inc_y_r = 1.000000, inc_x_i = 1.000000, inc_y_i = 1.000000
En el else......

----------------------------------------
x = 56.000000, y = 146.000000
avance = -489.000000, avanceR = 2.000000, avanceI = 2.000000
inc_x_r = 0.000000, inc_y_r = 1.000000, inc_x_i = 1.000000, inc_y_i = 1.000000
En el else......

----------------------------------------
x = 56.000000, y = 147.000000
avance = -487.000000, avanceR = 2.000000, avanceI = 2.000000
inc_x_r = 0.000000, inc_y_r = 1.000000, inc_x_i = 1.000000, inc_y_i = 1.000000
En el else......

----------------------------------------
x = 56.000000, y = 148.000000
avance = -485.000000, avanceR = 2.000000, avanceI = 2.000000
inc_x_r = 0.000000, inc_y_r = 1.000000, inc_x_i = 1.000000, inc_y_i = 1.000000
En el else......

----------------------------------------
x = 56.000000, y = 149.000000
avance = -483.000000, avanceR = 2.000000, avanceI = 2.000000
inc_x_r = 0.000000, inc_y_r = 1.000000, inc_x_i = 1.000000, inc_y_i = 1.000000
En el else......

----------------------------------------
x = 56.000000, y = 150.000000
avance = -481.000000, avanceR = 2.000000, avanceI = 2.000000
inc_x_r = 0.000000, inc_y_r = 1.000000, inc_x_i = 1.000000, inc_y_i = 1.000000
En el else......

----------------------------------------
x = 56.000000, y = 151.000000
avance = -479.000000, avanceR = 2.000000, avanceI = 2.000000
inc_x_r = 0.000000, inc_y_r = 1.000000, inc_x_i = 1.000000, inc_y_i = 1.000000
En el else......

----------------------------------------
x = 56.000000, y = 152.000000
avance = -477.000000, avanceR = 2.000000, avanceI = 2.000000
inc_x_r = 0.000000, inc_y_r = 1.000000, inc_x_i = 1.000000, inc_y_i = 1.000000
En el else......

----------------------------------------
x = 56.000000, y = 153.000000
avance = -475.000000, avanceR = 2.000000, avanceI = 2.000000
inc_x_r = 0.000000, inc_y_r = 1.000000, inc_x_i = 1.000000, inc_y_i = 1.000000
En el else......

----------------------------------------
x = 56.000000, y = 154.000000
avance = -473.000000, avanceR = 2.000000, avanceI = 2.000000
inc_x_r = 0.000000, inc_y_r = 1.000000, inc_x_i = 1.000000, inc_y_i = 1.000000
En el else......

----------------------------------------
x = 56.000000, y = 155.000000
avance = -471.000000, avanceR = 2.000000, avanceI = 2.000000
inc_x_r = 0.000000, inc_y_r = 1.000000, inc_x_i = 1.000000, inc_y_i = 1.000000
En el else......

----------------------------------------
x = 56.000000, y = 156.000000
avance = -469.000000, avanceR = 2.000000, avanceI = 2.000000
inc_x_r = 0.000000, inc_y_r = 1.000000, inc_x_i = 1.000000, inc_y_i = 1.000000
En el else......

----------------------------------------
x = 56.000000, y = 157.000000
avance = -467.000000, avanceR = 2.000000, avanceI = 2.000000
inc_x_r = 0.000000, inc_y_r = 1.000000, inc_x_i = 1.000000, inc_y_i = 1.000000
En el else......

----------------------------------------
x = 56.000000, y = 158.000000
avance = -465.000000, avanceR = 2.000000, avanceI = 2.000000
inc_x_r = 0.000000, inc_y_r = 1.000000, inc_x_i = 1.000000, inc_y_i = 1.000000
En el else......

----------------------------------------
x = 56.000000, y = 159.000000
avance = -463.000000, avanceR = 2.000000, avanceI = 2.000000
inc_x_r = 0.000000, inc_y_r = 1.000000, inc_x_i = 1.000000, inc_y_i = 1.000000
En el else......

----------------------------------------
x = 56.000000, y = 160.000000
avance = -461.000000, avanceR = 2.000000, avanceI = 2.000000
inc_x_r = 0.000000, inc_y_r = 1.000000, inc_x_i = 1.000000, inc_y_i = 1.000000
En el else......

----------------------------------------
x = 56.000000, y = 161.000000
avance = -459.000000, avanceR = 2.000000, avanceI = 2.000000
inc_x_r = 0.000000, inc_y_r = 1.000000, inc_x_i = 1.000000, inc_y_i = 1.000000
En el else......

----------------------------------------
x = 56.000000, y = 162.000000
avance = -457.000000, avanceR = 2.000000, avanceI = 2.000000
inc_x_r = 0.000000, inc_y_r = 1.000000, inc_x_i = 1.000000, inc_y_i = 1.000000
En el else......

----------------------------------------
x = 56.000000, y = 163.000000
avance = -455.000000, avanceR = 2.000000, avanceI = 2.000000
inc_x_r = 0.000000, inc_y_r = 1.000000, inc_x_i = 1.000000, inc_y_i = 1.000000
En el else......

----------------------------------------
x = 56.000000, y = 164.000000
avance = -453.000000, avanceR = 2.000000, avanceI = 2.000000
inc_x_r = 0.000000, inc_y_r = 1.000000, inc_x_i = 1.000000, inc_y_i = 1.000000
En el else......

----------------------------------------
x = 56.000000, y = 165.000000
avance = -451.000000, avanceR = 2.000000, avanceI = 2.000000
inc_x_r = 0.000000, inc_y_r = 1.000000, inc_x_i = 1.000000, inc_y_i = 1.000000
En el else......

----------------------------------------
x = 56.000000, y = 166.000000
avance = -449.000000, avanceR = 2.000000, avanceI = 2.000000
inc_x_r = 0.000000, inc_y_r = 1.000000, inc_x_i = 1.000000, inc_y_i = 1.000000
En el else......

----------------------------------------
x = 56.000000, y = 167.000000
avance = -447.000000, avanceR = 2.000000, avanceI = 2.000000
inc_x_r = 0.000000, inc_y_r = 1.000000, inc_x_i = 1.000000, inc_y_i = 1.000000
En el else......

----------------------------------------
x = 56.000000, y = 168.000000
avance = -445.000000, avanceR = 2.000000, avanceI = 2.000000
inc_x_r = 0.000000, inc_y_r = 1.000000, inc_x_i = 1.000000, inc_y_i = 1.000000
En el else......

----------------------------------------
x = 56.000000, y = 169.000000
avance = -443.000000, avanceR = 2.000000, avanceI = 2.000000
inc_x_r = 0.000000, inc_y_r = 1.000000, inc_x_i = 1.000000, inc_y_i = 1.000000
En el else......

----------------------------------------
x = 56.000000, y = 170.000000
avance = -441.000000, avanceR = 2.000000, avanceI = 2.000000
inc_x_r = 0.000000, inc_y_r = 1.000000, inc_x_i = 1.000000, inc_y_i = 1.000000
En el else......

----------------------------------------
x = 56.000000, y = 171.000000
avance = -439.000000, avanceR = 2.000000, avanceI = 2.000000
inc_x_r = 0.000000, inc_y_r = 1.000000, inc_x_i = 1.000000, inc_y_i = 1.000000
En el else......

----------------------------------------
x = 56.000000, y = 172.000000
avance = -437.000000, avanceR = 2.000000, avanceI = 2.000000
inc_x_r = 0.000000, inc_y_r = 1.000000, inc_x_i = 1.000000, inc_y_i = 1.000000
En el else......

----------------------------------------
x = 56.000000, y = 173.000000
avance = -435.000000, avanceR = 2.000000, avanceI = 2.000000
inc_x_r = 0.000000, inc_y_r = 1.000000, inc_x_i = 1.000000, inc_y_i = 1.000000
En el else......

----------------------------------------
x = 56.000000, y = 174.000000
avance = -433.000000, avanceR = 2.000000, avanceI = 2.000000
inc_x_r = 0.000000, inc_y_r = 1.000000, inc_x_i = 1.000000, inc_y_i = 1.000000
En el else......

----------------------------------------
x = 56.000000, y = 175.000000
avance = -431.000000, avanceR = 2.000000, avanceI = 2.000000
inc_x_r = 0.000000, inc_y_r = 1.000000, inc_x_i = 1.000000, inc_y_i = 1.000000
En el else......

----------------------------------------
x = 56.000000, y = 176.000000
avance = -429.000000, avanceR = 2.000000, avanceI = 2.000000
inc_x_r = 0.000000, inc_y_r = 1.000000, inc_x_i = 1.000000, inc_y_i = 1.000000
En el else......

----------------------------------------
x = 56.000000, y = 177.000000
avance = -427.000000, avanceR = 2.000000, avanceI = 2.000000
inc_x_r = 0.000000, inc_y_r = 1.000000, inc_x_i = 1.000000, inc_y_i = 1.000000
En el else......

----------------------------------------
x = 56.000000, y = 178.000000
avance = -425.000000, avanceR = 2.000000, avanceI = 2.000000
inc_x_r = 0.000000, inc_y_r = 1.000000, inc_x_i = 1.000000, inc_y_i = 1.000000
En el else......

----------------------------------------
x = 56.000000, y = 179.000000
avance = -423.000000, avanceR = 2.000000, avanceI = 2.000000
inc_x_r = 0.000000, inc_y_r = 1.000000, inc_x_i = 1.000000, inc_y_i = 1.000000
En el else......

----------------------------------------
x = 56.000000, y = 180.000000
avance = -421.000000, avanceR = 2.000000, avanceI = 2.000000
inc_x_r = 0.000000, inc_y_r = 1.000000, inc_x_i = 1.000000, inc_y_i = 1.000000
En el else......

----------------------------------------
x = 56.000000, y = 181.000000
avance = -419.000000, avanceR = 2.000000, avanceI = 2.000000
inc_x_r = 0.000000, inc_y_r = 1.000000, inc_x_i = 1.000000, inc_y_i = 1.000000
En el else......

----------------------------------------
x = 56.000000, y = 182.000000
avance = -417.000000, avanceR = 2.000000, avanceI = 2.000000
inc_x_r = 0.000000, inc_y_r = 1.000000, inc_x_i = 1.000000, inc_y_i = 1.000000
En el else......

----------------------------------------
x = 56.000000, y = 183.000000
avance = -415.000000, avanceR = 2.000000, avanceI = 2.000000
inc_x_r = 0.000000, inc_y_r = 1.000000, inc_x_i = 1.000000, inc_y_i = 1.000000
En el else......

----------------------------------------
x = 56.000000, y = 184.000000
avance = -413.000000, avanceR = 2.000000, avanceI = 2.000000
inc_x_r = 0.000000, inc_y_r = 1.000000, inc_x_i = 1.000000, inc_y_i = 1.000000
En el else......

----------------------------------------
x = 56.000000, y = 185.000000
avance = -411.000000, avanceR = 2.000000, avanceI = 2.000000
inc_x_r = 0.000000, inc_y_r = 1.000000, inc_x_i = 1.000000, inc_y_i = 1.000000
En el else......

----------------------------------------
x = 56.000000, y = 186.000000
avance = -409.000000, avanceR = 2.000000, avanceI = 2.000000
inc_x_r = 0.000000, inc_y_r = 1.000000, inc_x_i = 1.000000, inc_y_i = 1.000000
En el else......

----------------------------------------
x = 56.000000, y = 187.000000
avance = -407.000000, avanceR = 2.000000, avanceI = 2.000000
inc_x_r = 0.000000, inc_y_r = 1.000000, inc_x_i = 1.000000, inc_y_i = 1.000000
En el else......

----------------------------------------
x = 56.000000, y = 188.000000
avance = -405.000000, avanceR = 2.000000, avanceI = 2.000000
inc_x_r = 0.000000, inc_y_r = 1.000000, inc_x_i = 1.000000, inc_y_i = 1.000000
En el else......

----------------------------------------
x = 56.000000, y = 189.000000
avance = -403.000000, avanceR = 2.000000, avanceI = 2.000000
inc_x_r = 0.000000, inc_y_r = 1.000000, inc_x_i = 1.000000, inc_y_i = 1.000000
En el else......

----------------------------------------
x = 56.000000, y = 190.000000
avance = -401.000000, avanceR = 2.000000, avanceI = 2.000000
inc_x_r = 0.000000, inc_y_r = 1.000000, inc_x_i = 1.000000, inc_y_i = 1.000000
En el else......

----------------------------------------
x = 56.000000, y = 191.000000
avance = -399.000000, avanceR = 2.000000, avanceI = 2.000000
inc_x_r = 0.000000, inc_y_r = 1.000000, inc_x_i = 1.000000, inc_y_i = 1.000000
En el else......

----------------------------------------
x = 56.000000, y = 192.000000
avance = -397.000000, avanceR = 2.000000, avanceI = 2.000000
inc_x_r = 0.000000, inc_y_r = 1.000000, inc_x_i = 1.000000, inc_y_i = 1.000000
En el else......

----------------------------------------
x = 56.000000, y = 193.000000
avance = -395.000000, avanceR = 2.000000, avanceI = 2.000000
inc_x_r = 0.000000, inc_y_r = 1.000000, inc_x_i = 1.000000, inc_y_i = 1.000000
En el else......

----------------------------------------
x = 56.000000, y = 194.000000
avance = -393.000000, avanceR = 2.000000, avanceI = 2.000000
inc_x_r = 0.000000, inc_y_r = 1.000000, inc_x_i = 1.000000, inc_y_i = 1.000000
En el else......

----------------------------------------
x = 56.000000, y = 195.000000
avance = -391.000000, avanceR = 2.000000, avanceI = 2.000000
inc_x_r = 0.000000, inc_y_r = 1.000000, inc_x_i = 1.000000, inc_y_i = 1.000000
En el else......

----------------------------------------
x = 56.000000, y = 196.000000
avance = -389.000000, avanceR = 2.000000, avanceI = 2.000000
inc_x_r = 0.000000, inc_y_r = 1.000000, inc_x_i = 1.000000, inc_y_i = 1.000000
En el else......

----------------------------------------
x = 56.000000, y = 197.000000
avance = -387.000000, avanceR = 2.000000, avanceI = 2.000000
inc_x_r = 0.000000, inc_y_r = 1.000000, inc_x_i = 1.000000, inc_y_i = 1.000000
En el else......

----------------------------------------
x = 56.000000, y = 198.000000
avance = -385.000000, avanceR = 2.000000, avanceI = 2.000000
inc_x_r = 0.000000, inc_y_r = 1.000000, inc_x_i = 1.000000, inc_y_i = 1.000000
En el else......

----------------------------------------
x = 56.000000, y = 199.000000
avance = -383.000000, avanceR = 2.000000, avanceI = 2.000000
inc_x_r = 0.000000, inc_y_r = 1.000000, inc_x_i = 1.000000, inc_y_i = 1.000000
En el else......

----------------------------------------
x = 56.000000, y = 200.000000
avance = -381.000000, avanceR = 2.000000, avanceI = 2.000000
inc_x_r = 0.000000, inc_y_r = 1.000000, inc_x_i = 1.000000, inc_y_i = 1.000000
En el else......

----------------------------------------
x = 56.000000, y = 201.000000
avance = -379.000000, avanceR = 2.000000, avanceI = 2.000000
inc_x_r = 0.000000, inc_y_r = 1.000000, inc_x_i = 1.000000, inc_y_i = 1.000000
En el else......

----------------------------------------
x = 56.000000, y = 202.000000
avance = -377.000000, avanceR = 2.000000, avanceI = 2.000000
inc_x_r = 0.000000, inc_y_r = 1.000000, inc_x_i = 1.000000, inc_y_i = 1.000000
En el else......

----------------------------------------
x = 56.000000, y = 203.000000
avance = -375.000000, avanceR = 2.000000, avanceI = 2.000000
inc_x_r = 0.000000, inc_y_r = 1.000000, inc_x_i = 1.000000, inc_y_i = 1.000000
En el else......

----------------------------------------
x = 56.000000, y = 204.000000
avance = -373.000000, avanceR = 2.000000, avanceI = 2.000000
inc_x_r = 0.000000, inc_y_r = 1.000000, inc_x_i = 1.000000, inc_y_i = 1.000000
En el else......

----------------------------------------
x = 56.000000, y = 205.000000
avance = -371.000000, avanceR = 2.000000, avanceI = 2.000000
inc_x_r = 0.000000, inc_y_r = 1.000000, inc_x_i = 1.000000, inc_y_i = 1.000000
En el else......

----------------------------------------
x = 56.000000, y = 206.000000
avance = -369.000000, avanceR = 2.000000, avanceI = 2.000000
inc_x_r = 0.000000, inc_y_r = 1.000000, inc_x_i = 1.000000, inc_y_i = 1.000000
En el else......

----------------------------------------
x = 56.000000, y = 207.000000
avance = -367.000000, avanceR = 2.000000, avanceI = 2.000000
inc_x_r = 0.000000, inc_y_r = 1.000000, inc_x_i = 1.000000, inc_y_i = 1.000000
En el else......

----------------------------------------
x = 56.000000, y = 208.000000
avance = -365.000000, avanceR = 2.000000, avanceI = 2.000000
inc_x_r = 0.000000, inc_y_r = 1.000000, inc_x_i = 1.000000, inc_y_i = 1.000000
En el else......

----------------------------------------
x = 56.000000, y = 209.000000
avance = -363.000000, avanceR = 2.000000, avanceI = 2.000000
inc_x_r = 0.000000, inc_y_r = 1.000000, inc_x_i = 1.000000, inc_y_i = 1.000000
En el else......

----------------------------------------
x = 56.000000, y = 210.000000
avance = -361.000000, avanceR = 2.000000, avanceI = 2.000000
inc_x_r = 0.000000, inc_y_r = 1.000000, inc_x_i = 1.000000, inc_y_i = 1.000000
En el else......

----------------------------------------
x = 56.000000, y = 211.000000
avance = -359.000000, avanceR = 2.000000, avanceI = 2.000000
inc_x_r = 0.000000, inc_y_r = 1.000000, inc_x_i = 1.000000, inc_y_i = 1.000000
En el else......

----------------------------------------
x = 56.000000, y = 212.000000
avance = -357.000000, avanceR = 2.000000, avanceI = 2.000000
inc_x_r = 0.000000, inc_y_r = 1.000000, inc_x_i = 1.000000, inc_y_i = 1.000000
En el else......

----------------------------------------
x = 56.000000, y = 213.000000
avance = -355.000000, avanceR = 2.000000, avanceI = 2.000000
inc_x_r = 0.000000, inc_y_r = 1.000000, inc_x_i = 1.000000, inc_y_i = 1.000000
En el else......

----------------------------------------
x = 56.000000, y = 214.000000
avance = -353.000000, avanceR = 2.000000, avanceI = 2.000000
inc_x_r = 0.000000, inc_y_r = 1.000000, inc_x_i = 1.000000, inc_y_i = 1.000000
En el else......

----------------------------------------
x = 56.000000, y = 215.000000
avance = -351.000000, avanceR = 2.000000, avanceI = 2.000000
inc_x_r = 0.000000, inc_y_r = 1.000000, inc_x_i = 1.000000, inc_y_i = 1.000000
En el else......

----------------------------------------
x = 56.000000, y = 216.000000
avance = -349.000000, avanceR = 2.000000, avanceI = 2.000000
inc_x_r = 0.000000, inc_y_r = 1.000000, inc_x_i = 1.000000, inc_y_i = 1.000000
En el else......

----------------------------------------
x = 56.000000, y = 217.000000
avance = -347.000000, avanceR = 2.000000, avanceI = 2.000000
inc_x_r = 0.000000, inc_y_r = 1.000000, inc_x_i = 1.000000, inc_y_i = 1.000000
En el else......

----------------------------------------
x = 56.000000, y = 218.000000
avance = -345.000000, avanceR = 2.000000, avanceI = 2.000000
inc_x_r = 0.000000, inc_y_r = 1.000000, inc_x_i = 1.000000, inc_y_i = 1.000000
En el else......

----------------------------------------
x = 56.000000, y = 219.000000
avance = -343.000000, avanceR = 2.000000, avanceI = 2.000000
inc_x_r = 0.000000, inc_y_r = 1.000000, inc_x_i = 1.000000, inc_y_i = 1.000000
En el else......

----------------------------------------
x = 56.000000, y = 220.000000
avance = -341.000000, avanceR = 2.000000, avanceI = 2.000000
inc_x_r = 0.000000, inc_y_r = 1.000000, inc_x_i = 1.000000, inc_y_i = 1.000000
En el else......

----------------------------------------
x = 56.000000, y = 221.000000
avance = -339.000000, avanceR = 2.000000, avanceI = 2.000000
inc_x_r = 0.000000, inc_y_r = 1.000000, inc_x_i = 1.000000, inc_y_i = 1.000000
En el else......

----------------------------------------
x = 56.000000, y = 222.000000
avance = -337.000000, avanceR = 2.000000, avanceI = 2.000000
inc_x_r = 0.000000, inc_y_r = 1.000000, inc_x_i = 1.000000, inc_y_i = 1.000000
En el else......

----------------------------------------
x = 56.000000, y = 223.000000
avance = -335.000000, avanceR = 2.000000, avanceI = 2.000000
inc_x_r = 0.000000, inc_y_r = 1.000000, inc_x_i = 1.000000, inc_y_i = 1.000000
En el else......

----------------------------------------
x = 56.000000, y = 224.000000
avance = -333.000000, avanceR = 2.000000, avanceI = 2.000000
inc_x_r = 0.000000, inc_y_r = 1.000000, inc_x_i = 1.000000, inc_y_i = 1.000000
En el else......

----------------------------------------
x = 56.000000, y = 225.000000
avance = -331.000000, avanceR = 2.000000, avanceI = 2.000000
inc_x_r = 0.000000, inc_y_r = 1.000000, inc_x_i = 1.000000, inc_y_i = 1.000000
En el else......

----------------------------------------
x = 56.000000, y = 226.000000
avance = -329.000000, avanceR = 2.000000, avanceI = 2.000000
inc_x_r = 0.000000, inc_y_r = 1.000000, inc_x_i = 1.000000, inc_y_i = 1.000000
En el else......

----------------------------------------
x = 56.000000, y = 227.000000
avance = -327.000000, avanceR = 2.000000, avanceI = 2.000000
inc_x_r = 0.000000, inc_y_r = 1.000000, inc_x_i = 1.000000, inc_y_i = 1.000000
En el else......

----------------------------------------
x = 56.000000, y = 228.000000
avance = -325.000000, avanceR = 2.000000, avanceI = 2.000000
inc_x_r = 0.000000, inc_y_r = 1.000000, inc_x_i = 1.000000, inc_y_i = 1.000000
En el else......

----------------------------------------
x = 56.000000, y = 229.000000
avance = -323.000000, avanceR = 2.000000, avanceI = 2.000000
inc_x_r = 0.000000, inc_y_r = 1.000000, inc_x_i = 1.000000, inc_y_i = 1.000000
En el else......

----------------------------------------
x = 56.000000, y = 230.000000
avance = -321.000000, avanceR = 2.000000, avanceI = 2.000000
inc_x_r = 0.000000, inc_y_r = 1.000000, inc_x_i = 1.000000, inc_y_i = 1.000000
En el else......

----------------------------------------
x = 56.000000, y = 231.000000
avance = -319.000000, avanceR = 2.000000, avanceI = 2.000000
inc_x_r = 0.000000, inc_y_r = 1.000000, inc_x_i = 1.000000, inc_y_i = 1.000000
En el else......

----------------------------------------
x = 56.000000, y = 232.000000
avance = -317.000000, avanceR = 2.000000, avanceI = 2.000000
inc_x_r = 0.000000, inc_y_r = 1.000000, inc_x_i = 1.000000, inc_y_i = 1.000000
En el else......

----------------------------------------
x = 56.000000, y = 233.000000
avance = -315.000000, avanceR = 2.000000, avanceI = 2.000000
inc_x_r = 0.000000, inc_y_r = 1.000000, inc_x_i = 1.000000, inc_y_i = 1.000000
En el else......

----------------------------------------
x = 56.000000, y = 234.000000
avance = -313.000000, avanceR = 2.000000, avanceI = 2.000000
inc_x_r = 0.000000, inc_y_r = 1.000000, inc_x_i = 1.000000, inc_y_i = 1.000000
En el else......

----------------------------------------
x = 56.000000, y = 235.000000
avance = -311.000000, avanceR = 2.000000, avanceI = 2.000000
inc_x_r = 0.000000, inc_y_r = 1.000000, inc_x_i = 1.000000, inc_y_i = 1.000000
En el else......

----------------------------------------
x = 56.000000, y = 236.000000
avance = -309.000000, avanceR = 2.000000, avanceI = 2.000000
inc_x_r = 0.000000, inc_y_r = 1.000000, inc_x_i = 1.000000, inc_y_i = 1.000000
En el else......

----------------------------------------
x = 56.000000, y = 237.000000
avance = -307.000000, avanceR = 2.000000, avanceI = 2.000000
inc_x_r = 0.000000, inc_y_r = 1.000000, inc_x_i = 1.000000, inc_y_i = 1.000000
En el else......

----------------------------------------
x = 56.000000, y = 238.000000
avance = -305.000000, avanceR = 2.000000, avanceI = 2.000000
inc_x_r = 0.000000, inc_y_r = 1.000000, inc_x_i = 1.000000, inc_y_i = 1.000000
En el else......

----------------------------------------
x = 56.000000, y = 239.000000
avance = -303.000000, avanceR = 2.000000, avanceI = 2.000000
inc_x_r = 0.000000, inc_y_r = 1.000000, inc_x_i = 1.000000, inc_y_i = 1.000000
En el else......

----------------------------------------
x = 56.000000, y = 240.000000
avance = -301.000000, avanceR = 2.000000, avanceI = 2.000000
inc_x_r = 0.000000, inc_y_r = 1.000000, inc_x_i = 1.000000, inc_y_i = 1.000000
En el else......

----------------------------------------
x = 56.000000, y = 241.000000
avance = -299.000000, avanceR = 2.000000, avanceI = 2.000000
inc_x_r = 0.000000, inc_y_r = 1.000000, inc_x_i = 1.000000, inc_y_i = 1.000000
En el else......

----------------------------------------
x = 56.000000, y = 242.000000
avance = -297.000000, avanceR = 2.000000, avanceI = 2.000000
inc_x_r = 0.000000, inc_y_r = 1.000000, inc_x_i = 1.000000, inc_y_i = 1.000000
En el else......

----------------------------------------
x = 56.000000, y = 243.000000
avance = -295.000000, avanceR = 2.000000, avanceI = 2.000000
inc_x_r = 0.000000, inc_y_r = 1.000000, inc_x_i = 1.000000, inc_y_i = 1.000000
En el else......

----------------------------------------
x = 56.000000, y = 244.000000
avance = -293.000000, avanceR = 2.000000, avanceI = 2.000000
inc_x_r = 0.000000, inc_y_r = 1.000000, inc_x_i = 1.000000, inc_y_i = 1.000000
En el else......

----------------------------------------
x = 56.000000, y = 245.000000
avance = -291.000000, avanceR = 2.000000, avanceI = 2.000000
inc_x_r = 0.000000, inc_y_r = 1.000000, inc_x_i = 1.000000, inc_y_i = 1.000000
En el else......

----------------------------------------
x = 56.000000, y = 246.000000
avance = -289.000000, avanceR = 2.000000, avanceI = 2.000000
inc_x_r = 0.000000, inc_y_r = 1.000000, inc_x_i = 1.000000, inc_y_i = 1.000000
En el else......

----------------------------------------
x = 56.000000, y = 247.000000
avance = -287.000000, avanceR = 2.000000, avanceI = 2.000000
inc_x_r = 0.000000, inc_y_r = 1.000000, inc_x_i = 1.000000, inc_y_i = 1.000000
En el else......

----------------------------------------
x = 56.000000, y = 248.000000
avance = -285.000000, avanceR = 2.000000, avanceI = 2.000000
inc_x_r = 0.000000, inc_y_r = 1.000000, inc_x_i = 1.000000, inc_y_i = 1.000000
En el else......

----------------------------------------
x = 56.000000, y = 249.000000
avance = -283.000000, avanceR = 2.000000, avanceI = 2.000000
inc_x_r = 0.000000, inc_y_r = 1.000000, inc_x_i = 1.000000, inc_y_i = 1.000000
En el else......

----------------------------------------
x = 56.000000, y = 250.000000
avance = -281.000000, avanceR = 2.000000, avanceI = 2.000000
inc_x_r = 0.000000, inc_y_r = 1.000000, inc_x_i = 1.000000, inc_y_i = 1.000000
En el else......

----------------------------------------
x = 56.000000, y = 251.000000
avance = -279.000000, avanceR = 2.000000, avanceI = 2.000000
inc_x_r = 0.000000, inc_y_r = 1.000000, inc_x_i = 1.000000, inc_y_i = 1.000000
En el else......

----------------------------------------
x = 56.000000, y = 252.000000
avance = -277.000000, avanceR = 2.000000, avanceI = 2.000000
inc_x_r = 0.000000, inc_y_r = 1.000000, inc_x_i = 1.000000, inc_y_i = 1.000000
En el else......

----------------------------------------
x = 56.000000, y = 253.000000
avance = -275.000000, avanceR = 2.000000, avanceI = 2.000000
inc_x_r = 0.000000, inc_y_r = 1.000000, inc_x_i = 1.000000, inc_y_i = 1.000000
En el else......

----------------------------------------
x = 56.000000, y = 254.000000
avance = -273.000000, avanceR = 2.000000, avanceI = 2.000000
inc_x_r = 0.000000, inc_y_r = 1.000000, inc_x_i = 1.000000, inc_y_i = 1.000000
En el else......

----------------------------------------
x = 56.000000, y = 255.000000
avance = -271.000000, avanceR = 2.000000, avanceI = 2.000000
inc_x_r = 0.000000, inc_y_r = 1.000000, inc_x_i = 1.000000, inc_y_i = 1.000000
En el else......

----------------------------------------
x = 56.000000, y = 256.000000
avance = -269.000000, avanceR = 2.000000, avanceI = 2.000000
inc_x_r = 0.000000, inc_y_r = 1.000000, inc_x_i = 1.000000, inc_y_i = 1.000000
En el else......

----------------------------------------
x = 56.000000, y = 257.000000
avance = -267.000000, avanceR = 2.000000, avanceI = 2.000000
inc_x_r = 0.000000, inc_y_r = 1.000000, inc_x_i = 1.000000, inc_y_i = 1.000000
En el else......

----------------------------------------
x = 56.000000, y = 258.000000
avance = -265.000000, avanceR = 2.000000, avanceI = 2.000000
inc_x_r = 0.000000, inc_y_r = 1.000000, inc_x_i = 1.000000, inc_y_i = 1.000000
En el else......

----------------------------------------
x = 56.000000, y = 259.000000
avance = -263.000000, avanceR = 2.000000, avanceI = 2.000000
inc_x_r = 0.000000, inc_y_r = 1.000000, inc_x_i = 1.000000, inc_y_i = 1.000000
En el else......

----------------------------------------
x = 56.000000, y = 260.000000
avance = -261.000000, avanceR = 2.000000, avanceI = 2.000000
inc_x_r = 0.000000, inc_y_r = 1.000000, inc_x_i = 1.000000, inc_y_i = 1.000000
En el else......

----------------------------------------
x = 56.000000, y = 261.000000
avance = -259.000000, avanceR = 2.000000, avanceI = 2.000000
inc_x_r = 0.000000, inc_y_r = 1.000000, inc_x_i = 1.000000, inc_y_i = 1.000000
En el else......

----------------------------------------
x = 56.000000, y = 262.000000
avance = -257.000000, avanceR = 2.000000, avanceI = 2.000000
inc_x_r = 0.000000, inc_y_r = 1.000000, inc_x_i = 1.000000, inc_y_i = 1.000000
En el else......

----------------------------------------
x = 56.000000, y = 263.000000
avance = -255.000000, avanceR = 2.000000, avanceI = 2.000000
inc_x_r = 0.000000, inc_y_r = 1.000000, inc_x_i = 1.000000, inc_y_i = 1.000000
En el else......

----------------------------------------
x = 56.000000, y = 264.000000
avance = -253.000000, avanceR = 2.000000, avanceI = 2.000000
inc_x_r = 0.000000, inc_y_r = 1.000000, inc_x_i = 1.000000, inc_y_i = 1.000000
En el else......

----------------------------------------
x = 56.000000, y = 265.000000
avance = -251.000000, avanceR = 2.000000, avanceI = 2.000000
inc_x_r = 0.000000, inc_y_r = 1.000000, inc_x_i = 1.000000, inc_y_i = 1.000000
En el else......

----------------------------------------


ENTRAMOS A BRESENHAMªªªª
x1 = 45.000000 - y1 = 15.000000 || x2 = 46.000000 - y2 = 266.000000
dy = 251.000000, dx = 1.000000
avances inclinados: inc_x_i = 1.000000, inc_y_i = 1.000000
updated: dy = 251.000000, dx = 1.000000
avances rectos: inc_x_r = 0.000000, inc_y_r 1.000000
reupdated: dy = 1.000000, dx = 251.000000
avanceR = 2.000000, avance -249.000000, avanceI 2.000000
----------------------------------------
x = 45.000000, y = 15.000000
avance = -249.000000, avanceR = 2.000000, avanceI = 2.000000
inc_x_r = 0.000000, inc_y_r = 1.000000, inc_x_i = 1.000000, inc_y_i = 1.000000
En el else......

----------------------------------------
x = 45.000000, y = 16.000000
avance = -247.000000, avanceR = 2.000000, avanceI = 2.000000
inc_x_r = 0.000000, inc_y_r = 1.000000, inc_x_i = 1.000000, inc_y_i = 1.000000
En el else......

----------------------------------------
x = 45.000000, y = 17.000000
avance = -245.000000, avanceR = 2.000000, avanceI = 2.000000
inc_x_r = 0.000000, inc_y_r = 1.000000, inc_x_i = 1.000000, inc_y_i = 1.000000
En el else......

----------------------------------------
x = 45.000000, y = 18.000000
avance = -243.000000, avanceR = 2.000000, avanceI = 2.000000
inc_x_r = 0.000000, inc_y_r = 1.000000, inc_x_i = 1.000000, inc_y_i = 1.000000
En el else......

----------------------------------------
x = 45.000000, y = 19.000000
avance = -241.000000, avanceR = 2.000000, avanceI = 2.000000
inc_x_r = 0.000000, inc_y_r = 1.000000, inc_x_i = 1.000000, inc_y_i = 1.000000
En el else......

----------------------------------------
x = 45.000000, y = 20.000000
avance = -239.000000, avanceR = 2.000000, avanceI = 2.000000
inc_x_r = 0.000000, inc_y_r = 1.000000, inc_x_i = 1.000000, inc_y_i = 1.000000
En el else......

----------------------------------------
x = 45.000000, y = 21.000000
avance = -237.000000, avanceR = 2.000000, avanceI = 2.000000
inc_x_r = 0.000000, inc_y_r = 1.000000, inc_x_i = 1.000000, inc_y_i = 1.000000
En el else......

----------------------------------------
x = 45.000000, y = 22.000000
avance = -235.000000, avanceR = 2.000000, avanceI = 2.000000
inc_x_r = 0.000000, inc_y_r = 1.000000, inc_x_i = 1.000000, inc_y_i = 1.000000
En el else......

----------------------------------------
x = 45.000000, y = 23.000000
avance = -233.000000, avanceR = 2.000000, avanceI = 2.000000
inc_x_r = 0.000000, inc_y_r = 1.000000, inc_x_i = 1.000000, inc_y_i = 1.000000
En el else......

----------------------------------------
x = 45.000000, y = 24.000000
avance = -231.000000, avanceR = 2.000000, avanceI = 2.000000
inc_x_r = 0.000000, inc_y_r = 1.000000, inc_x_i = 1.000000, inc_y_i = 1.000000
En el else......

----------------------------------------
x = 45.000000, y = 25.000000
avance = -229.000000, avanceR = 2.000000, avanceI = 2.000000
inc_x_r = 0.000000, inc_y_r = 1.000000, inc_x_i = 1.000000, inc_y_i = 1.000000
En el else......

----------------------------------------
x = 45.000000, y = 26.000000
avance = -227.000000, avanceR = 2.000000, avanceI = 2.000000
inc_x_r = 0.000000, inc_y_r = 1.000000, inc_x_i = 1.000000, inc_y_i = 1.000000
En el else......

----------------------------------------
x = 45.000000, y = 27.000000
avance = -225.000000, avanceR = 2.000000, avanceI = 2.000000
inc_x_r = 0.000000, inc_y_r = 1.000000, inc_x_i = 1.000000, inc_y_i = 1.000000
En el else......

----------------------------------------
x = 45.000000, y = 28.000000
avance = -223.000000, avanceR = 2.000000, avanceI = 2.000000
inc_x_r = 0.000000, inc_y_r = 1.000000, inc_x_i = 1.000000, inc_y_i = 1.000000
En el else......

----------------------------------------
x = 45.000000, y = 29.000000
avance = -221.000000, avanceR = 2.000000, avanceI = 2.000000
inc_x_r = 0.000000, inc_y_r = 1.000000, inc_x_i = 1.000000, inc_y_i = 1.000000
En el else......

----------------------------------------
x = 45.000000, y = 30.000000
avance = -219.000000, avanceR = 2.000000, avanceI = 2.000000
inc_x_r = 0.000000, inc_y_r = 1.000000, inc_x_i = 1.000000, inc_y_i = 1.000000
En el else......

----------------------------------------
x = 45.000000, y = 31.000000
avance = -217.000000, avanceR = 2.000000, avanceI = 2.000000
inc_x_r = 0.000000, inc_y_r = 1.000000, inc_x_i = 1.000000, inc_y_i = 1.000000
En el else......

----------------------------------------
x = 45.000000, y = 32.000000
avance = -215.000000, avanceR = 2.000000, avanceI = 2.000000
inc_x_r = 0.000000, inc_y_r = 1.000000, inc_x_i = 1.000000, inc_y_i = 1.000000
En el else......

----------------------------------------
x = 45.000000, y = 33.000000
avance = -213.000000, avanceR = 2.000000, avanceI = 2.000000
inc_x_r = 0.000000, inc_y_r = 1.000000, inc_x_i = 1.000000, inc_y_i = 1.000000
En el else......

----------------------------------------
x = 45.000000, y = 34.000000
avance = -211.000000, avanceR = 2.000000, avanceI = 2.000000
inc_x_r = 0.000000, inc_y_r = 1.000000, inc_x_i = 1.000000, inc_y_i = 1.000000
En el else......

----------------------------------------
x = 45.000000, y = 35.000000
avance = -209.000000, avanceR = 2.000000, avanceI = 2.000000
inc_x_r = 0.000000, inc_y_r = 1.000000, inc_x_i = 1.000000, inc_y_i = 1.000000
En el else......

----------------------------------------
x = 45.000000, y = 36.000000
avance = -207.000000, avanceR = 2.000000, avanceI = 2.000000
inc_x_r = 0.000000, inc_y_r = 1.000000, inc_x_i = 1.000000, inc_y_i = 1.000000
En el else......

----------------------------------------
x = 45.000000, y = 37.000000
avance = -205.000000, avanceR = 2.000000, avanceI = 2.000000
inc_x_r = 0.000000, inc_y_r = 1.000000, inc_x_i = 1.000000, inc_y_i = 1.000000
En el else......

----------------------------------------
x = 45.000000, y = 38.000000
avance = -203.000000, avanceR = 2.000000, avanceI = 2.000000
inc_x_r = 0.000000, inc_y_r = 1.000000, inc_x_i = 1.000000, inc_y_i = 1.000000
En el else......

----------------------------------------
x = 45.000000, y = 39.000000
avance = -201.000000, avanceR = 2.000000, avanceI = 2.000000
inc_x_r = 0.000000, inc_y_r = 1.000000, inc_x_i = 1.000000, inc_y_i = 1.000000
En el else......

----------------------------------------
x = 45.000000, y = 40.000000
avance = -199.000000, avanceR = 2.000000, avanceI = 2.000000
inc_x_r = 0.000000, inc_y_r = 1.000000, inc_x_i = 1.000000, inc_y_i = 1.000000
En el else......

----------------------------------------
x = 45.000000, y = 41.000000
avance = -197.000000, avanceR = 2.000000, avanceI = 2.000000
inc_x_r = 0.000000, inc_y_r = 1.000000, inc_x_i = 1.000000, inc_y_i = 1.000000
En el else......

----------------------------------------
x = 45.000000, y = 42.000000
avance = -195.000000, avanceR = 2.000000, avanceI = 2.000000
inc_x_r = 0.000000, inc_y_r = 1.000000, inc_x_i = 1.000000, inc_y_i = 1.000000
En el else......

----------------------------------------
x = 45.000000, y = 43.000000
avance = -193.000000, avanceR = 2.000000, avanceI = 2.000000
inc_x_r = 0.000000, inc_y_r = 1.000000, inc_x_i = 1.000000, inc_y_i = 1.000000
En el else......

----------------------------------------
x = 45.000000, y = 44.000000
avance = -191.000000, avanceR = 2.000000, avanceI = 2.000000
inc_x_r = 0.000000, inc_y_r = 1.000000, inc_x_i = 1.000000, inc_y_i = 1.000000
En el else......

----------------------------------------
x = 45.000000, y = 45.000000
avance = -189.000000, avanceR = 2.000000, avanceI = 2.000000
inc_x_r = 0.000000, inc_y_r = 1.000000, inc_x_i = 1.000000, inc_y_i = 1.000000
En el else......

----------------------------------------
x = 45.000000, y = 46.000000
avance = -187.000000, avanceR = 2.000000, avanceI = 2.000000
inc_x_r = 0.000000, inc_y_r = 1.000000, inc_x_i = 1.000000, inc_y_i = 1.000000
En el else......

----------------------------------------
x = 45.000000, y = 47.000000
avance = -185.000000, avanceR = 2.000000, avanceI = 2.000000
inc_x_r = 0.000000, inc_y_r = 1.000000, inc_x_i = 1.000000, inc_y_i = 1.000000
En el else......

----------------------------------------
x = 45.000000, y = 48.000000
avance = -183.000000, avanceR = 2.000000, avanceI = 2.000000
inc_x_r = 0.000000, inc_y_r = 1.000000, inc_x_i = 1.000000, inc_y_i = 1.000000
En el else......

----------------------------------------
x = 45.000000, y = 49.000000
avance = -181.000000, avanceR = 2.000000, avanceI = 2.000000
inc_x_r = 0.000000, inc_y_r = 1.000000, inc_x_i = 1.000000, inc_y_i = 1.000000
En el else......

----------------------------------------
x = 45.000000, y = 50.000000
avance = -179.000000, avanceR = 2.000000, avanceI = 2.000000
inc_x_r = 0.000000, inc_y_r = 1.000000, inc_x_i = 1.000000, inc_y_i = 1.000000
En el else......

----------------------------------------
x = 45.000000, y = 51.000000
avance = -177.000000, avanceR = 2.000000, avanceI = 2.000000
inc_x_r = 0.000000, inc_y_r = 1.000000, inc_x_i = 1.000000, inc_y_i = 1.000000
En el else......

----------------------------------------
x = 45.000000, y = 52.000000
avance = -175.000000, avanceR = 2.000000, avanceI = 2.000000
inc_x_r = 0.000000, inc_y_r = 1.000000, inc_x_i = 1.000000, inc_y_i = 1.000000
En el else......

----------------------------------------
x = 45.000000, y = 53.000000
avance = -173.000000, avanceR = 2.000000, avanceI = 2.000000
inc_x_r = 0.000000, inc_y_r = 1.000000, inc_x_i = 1.000000, inc_y_i = 1.000000
En el else......

----------------------------------------
x = 45.000000, y = 54.000000
avance = -171.000000, avanceR = 2.000000, avanceI = 2.000000
inc_x_r = 0.000000, inc_y_r = 1.000000, inc_x_i = 1.000000, inc_y_i = 1.000000
En el else......

----------------------------------------
x = 45.000000, y = 55.000000
avance = -169.000000, avanceR = 2.000000, avanceI = 2.000000
inc_x_r = 0.000000, inc_y_r = 1.000000, inc_x_i = 1.000000, inc_y_i = 1.000000
En el else......

----------------------------------------
x = 45.000000, y = 56.000000
avance = -167.000000, avanceR = 2.000000, avanceI = 2.000000
inc_x_r = 0.000000, inc_y_r = 1.000000, inc_x_i = 1.000000, inc_y_i = 1.000000
En el else......

----------------------------------------
x = 45.000000, y = 57.000000
avance = -165.000000, avanceR = 2.000000, avanceI = 2.000000
inc_x_r = 0.000000, inc_y_r = 1.000000, inc_x_i = 1.000000, inc_y_i = 1.000000
En el else......

----------------------------------------
x = 45.000000, y = 58.000000
avance = -163.000000, avanceR = 2.000000, avanceI = 2.000000
inc_x_r = 0.000000, inc_y_r = 1.000000, inc_x_i = 1.000000, inc_y_i = 1.000000
En el else......

----------------------------------------
x = 45.000000, y = 59.000000
avance = -161.000000, avanceR = 2.000000, avanceI = 2.000000
inc_x_r = 0.000000, inc_y_r = 1.000000, inc_x_i = 1.000000, inc_y_i = 1.000000
En el else......

----------------------------------------
x = 45.000000, y = 60.000000
avance = -159.000000, avanceR = 2.000000, avanceI = 2.000000
inc_x_r = 0.000000, inc_y_r = 1.000000, inc_x_i = 1.000000, inc_y_i = 1.000000
En el else......

----------------------------------------
x = 45.000000, y = 61.000000
avance = -157.000000, avanceR = 2.000000, avanceI = 2.000000
inc_x_r = 0.000000, inc_y_r = 1.000000, inc_x_i = 1.000000, inc_y_i = 1.000000
En el else......

----------------------------------------
x = 45.000000, y = 62.000000
avance = -155.000000, avanceR = 2.000000, avanceI = 2.000000
inc_x_r = 0.000000, inc_y_r = 1.000000, inc_x_i = 1.000000, inc_y_i = 1.000000
En el else......

----------------------------------------
x = 45.000000, y = 63.000000
avance = -153.000000, avanceR = 2.000000, avanceI = 2.000000
inc_x_r = 0.000000, inc_y_r = 1.000000, inc_x_i = 1.000000, inc_y_i = 1.000000
En el else......

----------------------------------------
x = 45.000000, y = 64.000000
avance = -151.000000, avanceR = 2.000000, avanceI = 2.000000
inc_x_r = 0.000000, inc_y_r = 1.000000, inc_x_i = 1.000000, inc_y_i = 1.000000
En el else......

----------------------------------------
x = 45.000000, y = 65.000000
avance = -149.000000, avanceR = 2.000000, avanceI = 2.000000
inc_x_r = 0.000000, inc_y_r = 1.000000, inc_x_i = 1.000000, inc_y_i = 1.000000
En el else......

----------------------------------------
x = 45.000000, y = 66.000000
avance = -147.000000, avanceR = 2.000000, avanceI = 2.000000
inc_x_r = 0.000000, inc_y_r = 1.000000, inc_x_i = 1.000000, inc_y_i = 1.000000
En el else......

----------------------------------------
x = 45.000000, y = 67.000000
avance = -145.000000, avanceR = 2.000000, avanceI = 2.000000
inc_x_r = 0.000000, inc_y_r = 1.000000, inc_x_i = 1.000000, inc_y_i = 1.000000
En el else......

----------------------------------------
x = 45.000000, y = 68.000000
avance = -143.000000, avanceR = 2.000000, avanceI = 2.000000
inc_x_r = 0.000000, inc_y_r = 1.000000, inc_x_i = 1.000000, inc_y_i = 1.000000
En el else......

----------------------------------------
x = 45.000000, y = 69.000000
avance = -141.000000, avanceR = 2.000000, avanceI = 2.000000
inc_x_r = 0.000000, inc_y_r = 1.000000, inc_x_i = 1.000000, inc_y_i = 1.000000
En el else......

----------------------------------------
x = 45.000000, y = 70.000000
avance = -139.000000, avanceR = 2.000000, avanceI = 2.000000
inc_x_r = 0.000000, inc_y_r = 1.000000, inc_x_i = 1.000000, inc_y_i = 1.000000
En el else......

----------------------------------------
x = 45.000000, y = 71.000000
avance = -137.000000, avanceR = 2.000000, avanceI = 2.000000
inc_x_r = 0.000000, inc_y_r = 1.000000, inc_x_i = 1.000000, inc_y_i = 1.000000
En el else......

----------------------------------------
x = 45.000000, y = 72.000000
avance = -135.000000, avanceR = 2.000000, avanceI = 2.000000
inc_x_r = 0.000000, inc_y_r = 1.000000, inc_x_i = 1.000000, inc_y_i = 1.000000
En el else......

----------------------------------------
x = 45.000000, y = 73.000000
avance = -133.000000, avanceR = 2.000000, avanceI = 2.000000
inc_x_r = 0.000000, inc_y_r = 1.000000, inc_x_i = 1.000000, inc_y_i = 1.000000
En el else......

----------------------------------------
x = 45.000000, y = 74.000000
avance = -131.000000, avanceR = 2.000000, avanceI = 2.000000
inc_x_r = 0.000000, inc_y_r = 1.000000, inc_x_i = 1.000000, inc_y_i = 1.000000
En el else......

----------------------------------------
x = 45.000000, y = 75.000000
avance = -129.000000, avanceR = 2.000000, avanceI = 2.000000
inc_x_r = 0.000000, inc_y_r = 1.000000, inc_x_i = 1.000000, inc_y_i = 1.000000
En el else......

----------------------------------------
x = 45.000000, y = 76.000000
avance = -127.000000, avanceR = 2.000000, avanceI = 2.000000
inc_x_r = 0.000000, inc_y_r = 1.000000, inc_x_i = 1.000000, inc_y_i = 1.000000
En el else......

----------------------------------------
x = 45.000000, y = 77.000000
avance = -125.000000, avanceR = 2.000000, avanceI = 2.000000
inc_x_r = 0.000000, inc_y_r = 1.000000, inc_x_i = 1.000000, inc_y_i = 1.000000
En el else......

----------------------------------------
x = 45.000000, y = 78.000000
avance = -123.000000, avanceR = 2.000000, avanceI = 2.000000
inc_x_r = 0.000000, inc_y_r = 1.000000, inc_x_i = 1.000000, inc_y_i = 1.000000
En el else......

----------------------------------------
x = 45.000000, y = 79.000000
avance = -121.000000, avanceR = 2.000000, avanceI = 2.000000
inc_x_r = 0.000000, inc_y_r = 1.000000, inc_x_i = 1.000000, inc_y_i = 1.000000
En el else......

----------------------------------------
x = 45.000000, y = 80.000000
avance = -119.000000, avanceR = 2.000000, avanceI = 2.000000
inc_x_r = 0.000000, inc_y_r = 1.000000, inc_x_i = 1.000000, inc_y_i = 1.000000
En el else......

----------------------------------------
x = 45.000000, y = 81.000000
avance = -117.000000, avanceR = 2.000000, avanceI = 2.000000
inc_x_r = 0.000000, inc_y_r = 1.000000, inc_x_i = 1.000000, inc_y_i = 1.000000
En el else......

----------------------------------------
x = 45.000000, y = 82.000000
avance = -115.000000, avanceR = 2.000000, avanceI = 2.000000
inc_x_r = 0.000000, inc_y_r = 1.000000, inc_x_i = 1.000000, inc_y_i = 1.000000
En el else......

----------------------------------------
x = 45.000000, y = 83.000000
avance = -113.000000, avanceR = 2.000000, avanceI = 2.000000
inc_x_r = 0.000000, inc_y_r = 1.000000, inc_x_i = 1.000000, inc_y_i = 1.000000
En el else......

----------------------------------------
x = 45.000000, y = 84.000000
avance = -111.000000, avanceR = 2.000000, avanceI = 2.000000
inc_x_r = 0.000000, inc_y_r = 1.000000, inc_x_i = 1.000000, inc_y_i = 1.000000
En el else......

----------------------------------------
x = 45.000000, y = 85.000000
avance = -109.000000, avanceR = 2.000000, avanceI = 2.000000
inc_x_r = 0.000000, inc_y_r = 1.000000, inc_x_i = 1.000000, inc_y_i = 1.000000
En el else......

----------------------------------------
x = 45.000000, y = 86.000000
avance = -107.000000, avanceR = 2.000000, avanceI = 2.000000
inc_x_r = 0.000000, inc_y_r = 1.000000, inc_x_i = 1.000000, inc_y_i = 1.000000
En el else......

----------------------------------------
x = 45.000000, y = 87.000000
avance = -105.000000, avanceR = 2.000000, avanceI = 2.000000
inc_x_r = 0.000000, inc_y_r = 1.000000, inc_x_i = 1.000000, inc_y_i = 1.000000
En el else......

----------------------------------------
x = 45.000000, y = 88.000000
avance = -103.000000, avanceR = 2.000000, avanceI = 2.000000
inc_x_r = 0.000000, inc_y_r = 1.000000, inc_x_i = 1.000000, inc_y_i = 1.000000
En el else......

----------------------------------------
x = 45.000000, y = 89.000000
avance = -101.000000, avanceR = 2.000000, avanceI = 2.000000
inc_x_r = 0.000000, inc_y_r = 1.000000, inc_x_i = 1.000000, inc_y_i = 1.000000
En el else......

----------------------------------------
x = 45.000000, y = 90.000000
avance = -99.000000, avanceR = 2.000000, avanceI = 2.000000
inc_x_r = 0.000000, inc_y_r = 1.000000, inc_x_i = 1.000000, inc_y_i = 1.000000
En el else......

----------------------------------------
x = 45.000000, y = 91.000000
avance = -97.000000, avanceR = 2.000000, avanceI = 2.000000
inc_x_r = 0.000000, inc_y_r = 1.000000, inc_x_i = 1.000000, inc_y_i = 1.000000
En el else......

----------------------------------------
x = 45.000000, y = 92.000000
avance = -95.000000, avanceR = 2.000000, avanceI = 2.000000
inc_x_r = 0.000000, inc_y_r = 1.000000, inc_x_i = 1.000000, inc_y_i = 1.000000
En el else......

----------------------------------------
x = 45.000000, y = 93.000000
avance = -93.000000, avanceR = 2.000000, avanceI = 2.000000
inc_x_r = 0.000000, inc_y_r = 1.000000, inc_x_i = 1.000000, inc_y_i = 1.000000
En el else......

----------------------------------------
x = 45.000000, y = 94.000000
avance = -91.000000, avanceR = 2.000000, avanceI = 2.000000
inc_x_r = 0.000000, inc_y_r = 1.000000, inc_x_i = 1.000000, inc_y_i = 1.000000
En el else......

----------------------------------------
x = 45.000000, y = 95.000000
avance = -89.000000, avanceR = 2.000000, avanceI = 2.000000
inc_x_r = 0.000000, inc_y_r = 1.000000, inc_x_i = 1.000000, inc_y_i = 1.000000
En el else......

----------------------------------------
x = 45.000000, y = 96.000000
avance = -87.000000, avanceR = 2.000000, avanceI = 2.000000
inc_x_r = 0.000000, inc_y_r = 1.000000, inc_x_i = 1.000000, inc_y_i = 1.000000
En el else......

----------------------------------------
x = 45.000000, y = 97.000000
avance = -85.000000, avanceR = 2.000000, avanceI = 2.000000
inc_x_r = 0.000000, inc_y_r = 1.000000, inc_x_i = 1.000000, inc_y_i = 1.000000
En el else......

----------------------------------------
x = 45.000000, y = 98.000000
avance = -83.000000, avanceR = 2.000000, avanceI = 2.000000
inc_x_r = 0.000000, inc_y_r = 1.000000, inc_x_i = 1.000000, inc_y_i = 1.000000
En el else......

----------------------------------------
x = 45.000000, y = 99.000000
avance = -81.000000, avanceR = 2.000000, avanceI = 2.000000
inc_x_r = 0.000000, inc_y_r = 1.000000, inc_x_i = 1.000000, inc_y_i = 1.000000
En el else......

----------------------------------------
x = 45.000000, y = 100.000000
avance = -79.000000, avanceR = 2.000000, avanceI = 2.000000
inc_x_r = 0.000000, inc_y_r = 1.000000, inc_x_i = 1.000000, inc_y_i = 1.000000
En el else......

----------------------------------------
x = 45.000000, y = 101.000000
avance = -77.000000, avanceR = 2.000000, avanceI = 2.000000
inc_x_r = 0.000000, inc_y_r = 1.000000, inc_x_i = 1.000000, inc_y_i = 1.000000
En el else......

----------------------------------------
x = 45.000000, y = 102.000000
avance = -75.000000, avanceR = 2.000000, avanceI = 2.000000
inc_x_r = 0.000000, inc_y_r = 1.000000, inc_x_i = 1.000000, inc_y_i = 1.000000
En el else......

----------------------------------------
x = 45.000000, y = 103.000000
avance = -73.000000, avanceR = 2.000000, avanceI = 2.000000
inc_x_r = 0.000000, inc_y_r = 1.000000, inc_x_i = 1.000000, inc_y_i = 1.000000
En el else......

----------------------------------------
x = 45.000000, y = 104.000000
avance = -71.000000, avanceR = 2.000000, avanceI = 2.000000
inc_x_r = 0.000000, inc_y_r = 1.000000, inc_x_i = 1.000000, inc_y_i = 1.000000
En el else......

----------------------------------------
x = 45.000000, y = 105.000000
avance = -69.000000, avanceR = 2.000000, avanceI = 2.000000
inc_x_r = 0.000000, inc_y_r = 1.000000, inc_x_i = 1.000000, inc_y_i = 1.000000
En el else......

----------------------------------------
x = 45.000000, y = 106.000000
avance = -67.000000, avanceR = 2.000000, avanceI = 2.000000
inc_x_r = 0.000000, inc_y_r = 1.000000, inc_x_i = 1.000000, inc_y_i = 1.000000
En el else......

----------------------------------------
x = 45.000000, y = 107.000000
avance = -65.000000, avanceR = 2.000000, avanceI = 2.000000
inc_x_r = 0.000000, inc_y_r = 1.000000, inc_x_i = 1.000000, inc_y_i = 1.000000
En el else......

----------------------------------------
x = 45.000000, y = 108.000000
avance = -63.000000, avanceR = 2.000000, avanceI = 2.000000
inc_x_r = 0.000000, inc_y_r = 1.000000, inc_x_i = 1.000000, inc_y_i = 1.000000
En el else......

----------------------------------------
x = 45.000000, y = 109.000000
avance = -61.000000, avanceR = 2.000000, avanceI = 2.000000
inc_x_r = 0.000000, inc_y_r = 1.000000, inc_x_i = 1.000000, inc_y_i = 1.000000
En el else......

----------------------------------------
x = 45.000000, y = 110.000000
avance = -59.000000, avanceR = 2.000000, avanceI = 2.000000
inc_x_r = 0.000000, inc_y_r = 1.000000, inc_x_i = 1.000000, inc_y_i = 1.000000
En el else......

----------------------------------------
x = 45.000000, y = 111.000000
avance = -57.000000, avanceR = 2.000000, avanceI = 2.000000
inc_x_r = 0.000000, inc_y_r = 1.000000, inc_x_i = 1.000000, inc_y_i = 1.000000
En el else......

----------------------------------------
x = 45.000000, y = 112.000000
avance = -55.000000, avanceR = 2.000000, avanceI = 2.000000
inc_x_r = 0.000000, inc_y_r = 1.000000, inc_x_i = 1.000000, inc_y_i = 1.000000
En el else......

----------------------------------------
x = 45.000000, y = 113.000000
avance = -53.000000, avanceR = 2.000000, avanceI = 2.000000
inc_x_r = 0.000000, inc_y_r = 1.000000, inc_x_i = 1.000000, inc_y_i = 1.000000
En el else......

----------------------------------------
x = 45.000000, y = 114.000000
avance = -51.000000, avanceR = 2.000000, avanceI = 2.000000
inc_x_r = 0.000000, inc_y_r = 1.000000, inc_x_i = 1.000000, inc_y_i = 1.000000
En el else......

----------------------------------------
x = 45.000000, y = 115.000000
avance = -49.000000, avanceR = 2.000000, avanceI = 2.000000
inc_x_r = 0.000000, inc_y_r = 1.000000, inc_x_i = 1.000000, inc_y_i = 1.000000
En el else......

----------------------------------------
x = 45.000000, y = 116.000000
avance = -47.000000, avanceR = 2.000000, avanceI = 2.000000
inc_x_r = 0.000000, inc_y_r = 1.000000, inc_x_i = 1.000000, inc_y_i = 1.000000
En el else......

----------------------------------------
x = 45.000000, y = 117.000000
avance = -45.000000, avanceR = 2.000000, avanceI = 2.000000
inc_x_r = 0.000000, inc_y_r = 1.000000, inc_x_i = 1.000000, inc_y_i = 1.000000
En el else......

----------------------------------------
x = 45.000000, y = 118.000000
avance = -43.000000, avanceR = 2.000000, avanceI = 2.000000
inc_x_r = 0.000000, inc_y_r = 1.000000, inc_x_i = 1.000000, inc_y_i = 1.000000
En el else......

----------------------------------------
x = 45.000000, y = 119.000000
avance = -41.000000, avanceR = 2.000000, avanceI = 2.000000
inc_x_r = 0.000000, inc_y_r = 1.000000, inc_x_i = 1.000000, inc_y_i = 1.000000
En el else......

----------------------------------------
x = 45.000000, y = 120.000000
avance = -39.000000, avanceR = 2.000000, avanceI = 2.000000
inc_x_r = 0.000000, inc_y_r = 1.000000, inc_x_i = 1.000000, inc_y_i = 1.000000
En el else......

----------------------------------------
x = 45.000000, y = 121.000000
avance = -37.000000, avanceR = 2.000000, avanceI = 2.000000
inc_x_r = 0.000000, inc_y_r = 1.000000, inc_x_i = 1.000000, inc_y_i = 1.000000
En el else......

----------------------------------------
x = 45.000000, y = 122.000000
avance = -35.000000, avanceR = 2.000000, avanceI = 2.000000
inc_x_r = 0.000000, inc_y_r = 1.000000, inc_x_i = 1.000000, inc_y_i = 1.000000
En el else......

----------------------------------------
x = 45.000000, y = 123.000000
avance = -33.000000, avanceR = 2.000000, avanceI = 2.000000
inc_x_r = 0.000000, inc_y_r = 1.000000, inc_x_i = 1.000000, inc_y_i = 1.000000
En el else......

----------------------------------------
x = 45.000000, y = 124.000000
avance = -31.000000, avanceR = 2.000000, avanceI = 2.000000
inc_x_r = 0.000000, inc_y_r = 1.000000, inc_x_i = 1.000000, inc_y_i = 1.000000
En el else......

----------------------------------------
x = 45.000000, y = 125.000000
avance = -29.000000, avanceR = 2.000000, avanceI = 2.000000
inc_x_r = 0.000000, inc_y_r = 1.000000, inc_x_i = 1.000000, inc_y_i = 1.000000
En el else......

----------------------------------------
x = 45.000000, y = 126.000000
avance = -27.000000, avanceR = 2.000000, avanceI = 2.000000
inc_x_r = 0.000000, inc_y_r = 1.000000, inc_x_i = 1.000000, inc_y_i = 1.000000
En el else......

----------------------------------------
x = 45.000000, y = 127.000000
avance = -25.000000, avanceR = 2.000000, avanceI = 2.000000
inc_x_r = 0.000000, inc_y_r = 1.000000, inc_x_i = 1.000000, inc_y_i = 1.000000
En el else......

----------------------------------------
x = 45.000000, y = 128.000000
avance = -23.000000, avanceR = 2.000000, avanceI = 2.000000
inc_x_r = 0.000000, inc_y_r = 1.000000, inc_x_i = 1.000000, inc_y_i = 1.000000
En el else......

----------------------------------------
x = 45.000000, y = 129.000000
avance = -21.000000, avanceR = 2.000000, avanceI = 2.000000
inc_x_r = 0.000000, inc_y_r = 1.000000, inc_x_i = 1.000000, inc_y_i = 1.000000
En el else......

----------------------------------------
x = 45.000000, y = 130.000000
avance = -19.000000, avanceR = 2.000000, avanceI = 2.000000
inc_x_r = 0.000000, inc_y_r = 1.000000, inc_x_i = 1.000000, inc_y_i = 1.000000
En el else......

----------------------------------------
x = 45.000000, y = 131.000000
avance = -17.000000, avanceR = 2.000000, avanceI = 2.000000
inc_x_r = 0.000000, inc_y_r = 1.000000, inc_x_i = 1.000000, inc_y_i = 1.000000
En el else......

----------------------------------------
x = 45.000000, y = 132.000000
avance = -15.000000, avanceR = 2.000000, avanceI = 2.000000
inc_x_r = 0.000000, inc_y_r = 1.000000, inc_x_i = 1.000000, inc_y_i = 1.000000
En el else......

----------------------------------------
x = 45.000000, y = 133.000000
avance = -13.000000, avanceR = 2.000000, avanceI = 2.000000
inc_x_r = 0.000000, inc_y_r = 1.000000, inc_x_i = 1.000000, inc_y_i = 1.000000
En el else......

----------------------------------------
x = 45.000000, y = 134.000000
avance = -11.000000, avanceR = 2.000000, avanceI = 2.000000
inc_x_r = 0.000000, inc_y_r = 1.000000, inc_x_i = 1.000000, inc_y_i = 1.000000
En el else......

----------------------------------------
x = 45.000000, y = 135.000000
avance = -9.000000, avanceR = 2.000000, avanceI = 2.000000
inc_x_r = 0.000000, inc_y_r = 1.000000, inc_x_i = 1.000000, inc_y_i = 1.000000
En el else......

----------------------------------------
x = 45.000000, y = 136.000000
avance = -7.000000, avanceR = 2.000000, avanceI = 2.000000
inc_x_r = 0.000000, inc_y_r = 1.000000, inc_x_i = 1.000000, inc_y_i = 1.000000
En el else......

----------------------------------------
x = 45.000000, y = 137.000000
avance = -5.000000, avanceR = 2.000000, avanceI = 2.000000
inc_x_r = 0.000000, inc_y_r = 1.000000, inc_x_i = 1.000000, inc_y_i = 1.000000
En el else......

----------------------------------------
x = 45.000000, y = 138.000000
avance = -3.000000, avanceR = 2.000000, avanceI = 2.000000
inc_x_r = 0.000000, inc_y_r = 1.000000, inc_x_i = 1.000000, inc_y_i = 1.000000
En el else......

----------------------------------------
x = 45.000000, y = 139.000000
avance = -1.000000, avanceR = 2.000000, avanceI = 2.000000
inc_x_r = 0.000000, inc_y_r = 1.000000, inc_x_i = 1.000000, inc_y_i = 1.000000
En el else......

----------------------------------------
x = 45.000000, y = 140.000000
avance = 1.000000, avanceR = 2.000000, avanceI = 2.000000
inc_x_r = 0.000000, inc_y_r = 1.000000, inc_x_i = 1.000000, inc_y_i = 1.000000
avance >= 0

----------------------------------------
x = 46.000000, y = 141.000000
avance = -499.000000, avanceR = 2.000000, avanceI = 2.000000
inc_x_r = 0.000000, inc_y_r = 1.000000, inc_x_i = 1.000000, inc_y_i = 1.000000
En el else......

----------------------------------------
x = 46.000000, y = 142.000000
avance = -497.000000, avanceR = 2.000000, avanceI = 2.000000
inc_x_r = 0.000000, inc_y_r = 1.000000, inc_x_i = 1.000000, inc_y_i = 1.000000
En el else......

----------------------------------------
x = 46.000000, y = 143.000000
avance = -495.000000, avanceR = 2.000000, avanceI = 2.000000
inc_x_r = 0.000000, inc_y_r = 1.000000, inc_x_i = 1.000000, inc_y_i = 1.000000
En el else......

----------------------------------------
x = 46.000000, y = 144.000000
avance = -493.000000, avanceR = 2.000000, avanceI = 2.000000
inc_x_r = 0.000000, inc_y_r = 1.000000, inc_x_i = 1.000000, inc_y_i = 1.000000
En el else......

----------------------------------------
x = 46.000000, y = 145.000000
avance = -491.000000, avanceR = 2.000000, avanceI = 2.000000
inc_x_r = 0.000000, inc_y_r = 1.000000, inc_x_i = 1.000000, inc_y_i = 1.000000
En el else......

----------------------------------------
x = 46.000000, y = 146.000000
avance = -489.000000, avanceR = 2.000000, avanceI = 2.000000
inc_x_r = 0.000000, inc_y_r = 1.000000, inc_x_i = 1.000000, inc_y_i = 1.000000
En el else......

----------------------------------------
x = 46.000000, y = 147.000000
avance = -487.000000, avanceR = 2.000000, avanceI = 2.000000
inc_x_r = 0.000000, inc_y_r = 1.000000, inc_x_i = 1.000000, inc_y_i = 1.000000
En el else......

----------------------------------------
x = 46.000000, y = 148.000000
avance = -485.000000, avanceR = 2.000000, avanceI = 2.000000
inc_x_r = 0.000000, inc_y_r = 1.000000, inc_x_i = 1.000000, inc_y_i = 1.000000
En el else......

----------------------------------------
x = 46.000000, y = 149.000000
avance = -483.000000, avanceR = 2.000000, avanceI = 2.000000
inc_x_r = 0.000000, inc_y_r = 1.000000, inc_x_i = 1.000000, inc_y_i = 1.000000
En el else......

----------------------------------------
x = 46.000000, y = 150.000000
avance = -481.000000, avanceR = 2.000000, avanceI = 2.000000
inc_x_r = 0.000000, inc_y_r = 1.000000, inc_x_i = 1.000000, inc_y_i = 1.000000
En el else......

----------------------------------------
x = 46.000000, y = 151.000000
avance = -479.000000, avanceR = 2.000000, avanceI = 2.000000
inc_x_r = 0.000000, inc_y_r = 1.000000, inc_x_i = 1.000000, inc_y_i = 1.000000
En el else......

----------------------------------------
x = 46.000000, y = 152.000000
avance = -477.000000, avanceR = 2.000000, avanceI = 2.000000
inc_x_r = 0.000000, inc_y_r = 1.000000, inc_x_i = 1.000000, inc_y_i = 1.000000
En el else......

----------------------------------------
x = 46.000000, y = 153.000000
avance = -475.000000, avanceR = 2.000000, avanceI = 2.000000
inc_x_r = 0.000000, inc_y_r = 1.000000, inc_x_i = 1.000000, inc_y_i = 1.000000
En el else......

----------------------------------------
x = 46.000000, y = 154.000000
avance = -473.000000, avanceR = 2.000000, avanceI = 2.000000
inc_x_r = 0.000000, inc_y_r = 1.000000, inc_x_i = 1.000000, inc_y_i = 1.000000
En el else......

----------------------------------------
x = 46.000000, y = 155.000000
avance = -471.000000, avanceR = 2.000000, avanceI = 2.000000
inc_x_r = 0.000000, inc_y_r = 1.000000, inc_x_i = 1.000000, inc_y_i = 1.000000
En el else......

----------------------------------------
x = 46.000000, y = 156.000000
avance = -469.000000, avanceR = 2.000000, avanceI = 2.000000
inc_x_r = 0.000000, inc_y_r = 1.000000, inc_x_i = 1.000000, inc_y_i = 1.000000
En el else......

----------------------------------------
x = 46.000000, y = 157.000000
avance = -467.000000, avanceR = 2.000000, avanceI = 2.000000
inc_x_r = 0.000000, inc_y_r = 1.000000, inc_x_i = 1.000000, inc_y_i = 1.000000
En el else......

----------------------------------------
x = 46.000000, y = 158.000000
avance = -465.000000, avanceR = 2.000000, avanceI = 2.000000
inc_x_r = 0.000000, inc_y_r = 1.000000, inc_x_i = 1.000000, inc_y_i = 1.000000
En el else......

----------------------------------------
x = 46.000000, y = 159.000000
avance = -463.000000, avanceR = 2.000000, avanceI = 2.000000
inc_x_r = 0.000000, inc_y_r = 1.000000, inc_x_i = 1.000000, inc_y_i = 1.000000
En el else......

----------------------------------------
x = 46.000000, y = 160.000000
avance = -461.000000, avanceR = 2.000000, avanceI = 2.000000
inc_x_r = 0.000000, inc_y_r = 1.000000, inc_x_i = 1.000000, inc_y_i = 1.000000
En el else......

----------------------------------------
x = 46.000000, y = 161.000000
avance = -459.000000, avanceR = 2.000000, avanceI = 2.000000
inc_x_r = 0.000000, inc_y_r = 1.000000, inc_x_i = 1.000000, inc_y_i = 1.000000
En el else......

----------------------------------------
x = 46.000000, y = 162.000000
avance = -457.000000, avanceR = 2.000000, avanceI = 2.000000
inc_x_r = 0.000000, inc_y_r = 1.000000, inc_x_i = 1.000000, inc_y_i = 1.000000
En el else......

----------------------------------------
x = 46.000000, y = 163.000000
avance = -455.000000, avanceR = 2.000000, avanceI = 2.000000
inc_x_r = 0.000000, inc_y_r = 1.000000, inc_x_i = 1.000000, inc_y_i = 1.000000
En el else......

----------------------------------------
x = 46.000000, y = 164.000000
avance = -453.000000, avanceR = 2.000000, avanceI = 2.000000
inc_x_r = 0.000000, inc_y_r = 1.000000, inc_x_i = 1.000000, inc_y_i = 1.000000
En el else......

----------------------------------------
x = 46.000000, y = 165.000000
avance = -451.000000, avanceR = 2.000000, avanceI = 2.000000
inc_x_r = 0.000000, inc_y_r = 1.000000, inc_x_i = 1.000000, inc_y_i = 1.000000
En el else......

----------------------------------------
x = 46.000000, y = 166.000000
avance = -449.000000, avanceR = 2.000000, avanceI = 2.000000
inc_x_r = 0.000000, inc_y_r = 1.000000, inc_x_i = 1.000000, inc_y_i = 1.000000
En el else......

----------------------------------------
x = 46.000000, y = 167.000000
avance = -447.000000, avanceR = 2.000000, avanceI = 2.000000
inc_x_r = 0.000000, inc_y_r = 1.000000, inc_x_i = 1.000000, inc_y_i = 1.000000
En el else......

----------------------------------------
x = 46.000000, y = 168.000000
avance = -445.000000, avanceR = 2.000000, avanceI = 2.000000
inc_x_r = 0.000000, inc_y_r = 1.000000, inc_x_i = 1.000000, inc_y_i = 1.000000
En el else......

----------------------------------------
x = 46.000000, y = 169.000000
avance = -443.000000, avanceR = 2.000000, avanceI = 2.000000
inc_x_r = 0.000000, inc_y_r = 1.000000, inc_x_i = 1.000000, inc_y_i = 1.000000
En el else......

----------------------------------------
x = 46.000000, y = 170.000000
avance = -441.000000, avanceR = 2.000000, avanceI = 2.000000
inc_x_r = 0.000000, inc_y_r = 1.000000, inc_x_i = 1.000000, inc_y_i = 1.000000
En el else......

----------------------------------------
x = 46.000000, y = 171.000000
avance = -439.000000, avanceR = 2.000000, avanceI = 2.000000
inc_x_r = 0.000000, inc_y_r = 1.000000, inc_x_i = 1.000000, inc_y_i = 1.000000
En el else......

----------------------------------------
x = 46.000000, y = 172.000000
avance = -437.000000, avanceR = 2.000000, avanceI = 2.000000
inc_x_r = 0.000000, inc_y_r = 1.000000, inc_x_i = 1.000000, inc_y_i = 1.000000
En el else......

----------------------------------------
x = 46.000000, y = 173.000000
avance = -435.000000, avanceR = 2.000000, avanceI = 2.000000
inc_x_r = 0.000000, inc_y_r = 1.000000, inc_x_i = 1.000000, inc_y_i = 1.000000
En el else......

----------------------------------------
x = 46.000000, y = 174.000000
avance = -433.000000, avanceR = 2.000000, avanceI = 2.000000
inc_x_r = 0.000000, inc_y_r = 1.000000, inc_x_i = 1.000000, inc_y_i = 1.000000
En el else......

----------------------------------------
x = 46.000000, y = 175.000000
avance = -431.000000, avanceR = 2.000000, avanceI = 2.000000
inc_x_r = 0.000000, inc_y_r = 1.000000, inc_x_i = 1.000000, inc_y_i = 1.000000
En el else......

----------------------------------------
x = 46.000000, y = 176.000000
avance = -429.000000, avanceR = 2.000000, avanceI = 2.000000
inc_x_r = 0.000000, inc_y_r = 1.000000, inc_x_i = 1.000000, inc_y_i = 1.000000
En el else......

----------------------------------------
x = 46.000000, y = 177.000000
avance = -427.000000, avanceR = 2.000000, avanceI = 2.000000
inc_x_r = 0.000000, inc_y_r = 1.000000, inc_x_i = 1.000000, inc_y_i = 1.000000
En el else......

----------------------------------------
x = 46.000000, y = 178.000000
avance = -425.000000, avanceR = 2.000000, avanceI = 2.000000
inc_x_r = 0.000000, inc_y_r = 1.000000, inc_x_i = 1.000000, inc_y_i = 1.000000
En el else......

----------------------------------------
x = 46.000000, y = 179.000000
avance = -423.000000, avanceR = 2.000000, avanceI = 2.000000
inc_x_r = 0.000000, inc_y_r = 1.000000, inc_x_i = 1.000000, inc_y_i = 1.000000
En el else......

----------------------------------------
x = 46.000000, y = 180.000000
avance = -421.000000, avanceR = 2.000000, avanceI = 2.000000
inc_x_r = 0.000000, inc_y_r = 1.000000, inc_x_i = 1.000000, inc_y_i = 1.000000
En el else......

----------------------------------------
x = 46.000000, y = 181.000000
avance = -419.000000, avanceR = 2.000000, avanceI = 2.000000
inc_x_r = 0.000000, inc_y_r = 1.000000, inc_x_i = 1.000000, inc_y_i = 1.000000
En el else......

----------------------------------------
x = 46.000000, y = 182.000000
avance = -417.000000, avanceR = 2.000000, avanceI = 2.000000
inc_x_r = 0.000000, inc_y_r = 1.000000, inc_x_i = 1.000000, inc_y_i = 1.000000
En el else......

----------------------------------------
x = 46.000000, y = 183.000000
avance = -415.000000, avanceR = 2.000000, avanceI = 2.000000
inc_x_r = 0.000000, inc_y_r = 1.000000, inc_x_i = 1.000000, inc_y_i = 1.000000
En el else......

----------------------------------------
x = 46.000000, y = 184.000000
avance = -413.000000, avanceR = 2.000000, avanceI = 2.000000
inc_x_r = 0.000000, inc_y_r = 1.000000, inc_x_i = 1.000000, inc_y_i = 1.000000
En el else......

----------------------------------------
x = 46.000000, y = 185.000000
avance = -411.000000, avanceR = 2.000000, avanceI = 2.000000
inc_x_r = 0.000000, inc_y_r = 1.000000, inc_x_i = 1.000000, inc_y_i = 1.000000
En el else......

----------------------------------------
x = 46.000000, y = 186.000000
avance = -409.000000, avanceR = 2.000000, avanceI = 2.000000
inc_x_r = 0.000000, inc_y_r = 1.000000, inc_x_i = 1.000000, inc_y_i = 1.000000
En el else......

----------------------------------------
x = 46.000000, y = 187.000000
avance = -407.000000, avanceR = 2.000000, avanceI = 2.000000
inc_x_r = 0.000000, inc_y_r = 1.000000, inc_x_i = 1.000000, inc_y_i = 1.000000
En el else......

----------------------------------------
x = 46.000000, y = 188.000000
avance = -405.000000, avanceR = 2.000000, avanceI = 2.000000
inc_x_r = 0.000000, inc_y_r = 1.000000, inc_x_i = 1.000000, inc_y_i = 1.000000
En el else......

----------------------------------------
x = 46.000000, y = 189.000000
avance = -403.000000, avanceR = 2.000000, avanceI = 2.000000
inc_x_r = 0.000000, inc_y_r = 1.000000, inc_x_i = 1.000000, inc_y_i = 1.000000
En el else......

----------------------------------------
x = 46.000000, y = 190.000000
avance = -401.000000, avanceR = 2.000000, avanceI = 2.000000
inc_x_r = 0.000000, inc_y_r = 1.000000, inc_x_i = 1.000000, inc_y_i = 1.000000
En el else......

----------------------------------------
x = 46.000000, y = 191.000000
avance = -399.000000, avanceR = 2.000000, avanceI = 2.000000
inc_x_r = 0.000000, inc_y_r = 1.000000, inc_x_i = 1.000000, inc_y_i = 1.000000
En el else......

----------------------------------------
x = 46.000000, y = 192.000000
avance = -397.000000, avanceR = 2.000000, avanceI = 2.000000
inc_x_r = 0.000000, inc_y_r = 1.000000, inc_x_i = 1.000000, inc_y_i = 1.000000
En el else......

----------------------------------------
x = 46.000000, y = 193.000000
avance = -395.000000, avanceR = 2.000000, avanceI = 2.000000
inc_x_r = 0.000000, inc_y_r = 1.000000, inc_x_i = 1.000000, inc_y_i = 1.000000
En el else......

----------------------------------------
x = 46.000000, y = 194.000000
avance = -393.000000, avanceR = 2.000000, avanceI = 2.000000
inc_x_r = 0.000000, inc_y_r = 1.000000, inc_x_i = 1.000000, inc_y_i = 1.000000
En el else......

----------------------------------------
x = 46.000000, y = 195.000000
avance = -391.000000, avanceR = 2.000000, avanceI = 2.000000
inc_x_r = 0.000000, inc_y_r = 1.000000, inc_x_i = 1.000000, inc_y_i = 1.000000
En el else......

----------------------------------------
x = 46.000000, y = 196.000000
avance = -389.000000, avanceR = 2.000000, avanceI = 2.000000
inc_x_r = 0.000000, inc_y_r = 1.000000, inc_x_i = 1.000000, inc_y_i = 1.000000
En el else......

----------------------------------------
x = 46.000000, y = 197.000000
avance = -387.000000, avanceR = 2.000000, avanceI = 2.000000
inc_x_r = 0.000000, inc_y_r = 1.000000, inc_x_i = 1.000000, inc_y_i = 1.000000
En el else......

----------------------------------------
x = 46.000000, y = 198.000000
avance = -385.000000, avanceR = 2.000000, avanceI = 2.000000
inc_x_r = 0.000000, inc_y_r = 1.000000, inc_x_i = 1.000000, inc_y_i = 1.000000
En el else......

----------------------------------------
x = 46.000000, y = 199.000000
avance = -383.000000, avanceR = 2.000000, avanceI = 2.000000
inc_x_r = 0.000000, inc_y_r = 1.000000, inc_x_i = 1.000000, inc_y_i = 1.000000
En el else......

----------------------------------------
x = 46.000000, y = 200.000000
avance = -381.000000, avanceR = 2.000000, avanceI = 2.000000
inc_x_r = 0.000000, inc_y_r = 1.000000, inc_x_i = 1.000000, inc_y_i = 1.000000
En el else......

----------------------------------------
x = 46.000000, y = 201.000000
avance = -379.000000, avanceR = 2.000000, avanceI = 2.000000
inc_x_r = 0.000000, inc_y_r = 1.000000, inc_x_i = 1.000000, inc_y_i = 1.000000
En el else......

----------------------------------------
x = 46.000000, y = 202.000000
avance = -377.000000, avanceR = 2.000000, avanceI = 2.000000
inc_x_r = 0.000000, inc_y_r = 1.000000, inc_x_i = 1.000000, inc_y_i = 1.000000
En el else......

----------------------------------------
x = 46.000000, y = 203.000000
avance = -375.000000, avanceR = 2.000000, avanceI = 2.000000
inc_x_r = 0.000000, inc_y_r = 1.000000, inc_x_i = 1.000000, inc_y_i = 1.000000
En el else......

----------------------------------------
x = 46.000000, y = 204.000000
avance = -373.000000, avanceR = 2.000000, avanceI = 2.000000
inc_x_r = 0.000000, inc_y_r = 1.000000, inc_x_i = 1.000000, inc_y_i = 1.000000
En el else......

----------------------------------------
x = 46.000000, y = 205.000000
avance = -371.000000, avanceR = 2.000000, avanceI = 2.000000
inc_x_r = 0.000000, inc_y_r = 1.000000, inc_x_i = 1.000000, inc_y_i = 1.000000
En el else......

----------------------------------------
x = 46.000000, y = 206.000000
avance = -369.000000, avanceR = 2.000000, avanceI = 2.000000
inc_x_r = 0.000000, inc_y_r = 1.000000, inc_x_i = 1.000000, inc_y_i = 1.000000
En el else......

----------------------------------------
x = 46.000000, y = 207.000000
avance = -367.000000, avanceR = 2.000000, avanceI = 2.000000
inc_x_r = 0.000000, inc_y_r = 1.000000, inc_x_i = 1.000000, inc_y_i = 1.000000
En el else......

----------------------------------------
x = 46.000000, y = 208.000000
avance = -365.000000, avanceR = 2.000000, avanceI = 2.000000
inc_x_r = 0.000000, inc_y_r = 1.000000, inc_x_i = 1.000000, inc_y_i = 1.000000
En el else......

----------------------------------------
x = 46.000000, y = 209.000000
avance = -363.000000, avanceR = 2.000000, avanceI = 2.000000
inc_x_r = 0.000000, inc_y_r = 1.000000, inc_x_i = 1.000000, inc_y_i = 1.000000
En el else......

----------------------------------------
x = 46.000000, y = 210.000000
avance = -361.000000, avanceR = 2.000000, avanceI = 2.000000
inc_x_r = 0.000000, inc_y_r = 1.000000, inc_x_i = 1.000000, inc_y_i = 1.000000
En el else......

----------------------------------------
x = 46.000000, y = 211.000000
avance = -359.000000, avanceR = 2.000000, avanceI = 2.000000
inc_x_r = 0.000000, inc_y_r = 1.000000, inc_x_i = 1.000000, inc_y_i = 1.000000
En el else......

----------------------------------------
x = 46.000000, y = 212.000000
avance = -357.000000, avanceR = 2.000000, avanceI = 2.000000
inc_x_r = 0.000000, inc_y_r = 1.000000, inc_x_i = 1.000000, inc_y_i = 1.000000
En el else......

----------------------------------------
x = 46.000000, y = 213.000000
avance = -355.000000, avanceR = 2.000000, avanceI = 2.000000
inc_x_r = 0.000000, inc_y_r = 1.000000, inc_x_i = 1.000000, inc_y_i = 1.000000
En el else......

----------------------------------------
x = 46.000000, y = 214.000000
avance = -353.000000, avanceR = 2.000000, avanceI = 2.000000
inc_x_r = 0.000000, inc_y_r = 1.000000, inc_x_i = 1.000000, inc_y_i = 1.000000
En el else......

----------------------------------------
x = 46.000000, y = 215.000000
avance = -351.000000, avanceR = 2.000000, avanceI = 2.000000
inc_x_r = 0.000000, inc_y_r = 1.000000, inc_x_i = 1.000000, inc_y_i = 1.000000
En el else......

----------------------------------------
x = 46.000000, y = 216.000000
avance = -349.000000, avanceR = 2.000000, avanceI = 2.000000
inc_x_r = 0.000000, inc_y_r = 1.000000, inc_x_i = 1.000000, inc_y_i = 1.000000
En el else......

----------------------------------------
x = 46.000000, y = 217.000000
avance = -347.000000, avanceR = 2.000000, avanceI = 2.000000
inc_x_r = 0.000000, inc_y_r = 1.000000, inc_x_i = 1.000000, inc_y_i = 1.000000
En el else......

----------------------------------------
x = 46.000000, y = 218.000000
avance = -345.000000, avanceR = 2.000000, avanceI = 2.000000
inc_x_r = 0.000000, inc_y_r = 1.000000, inc_x_i = 1.000000, inc_y_i = 1.000000
En el else......

----------------------------------------
x = 46.000000, y = 219.000000
avance = -343.000000, avanceR = 2.000000, avanceI = 2.000000
inc_x_r = 0.000000, inc_y_r = 1.000000, inc_x_i = 1.000000, inc_y_i = 1.000000
En el else......

----------------------------------------
x = 46.000000, y = 220.000000
avance = -341.000000, avanceR = 2.000000, avanceI = 2.000000
inc_x_r = 0.000000, inc_y_r = 1.000000, inc_x_i = 1.000000, inc_y_i = 1.000000
En el else......

----------------------------------------
x = 46.000000, y = 221.000000
avance = -339.000000, avanceR = 2.000000, avanceI = 2.000000
inc_x_r = 0.000000, inc_y_r = 1.000000, inc_x_i = 1.000000, inc_y_i = 1.000000
En el else......

----------------------------------------
x = 46.000000, y = 222.000000
avance = -337.000000, avanceR = 2.000000, avanceI = 2.000000
inc_x_r = 0.000000, inc_y_r = 1.000000, inc_x_i = 1.000000, inc_y_i = 1.000000
En el else......

----------------------------------------
x = 46.000000, y = 223.000000
avance = -335.000000, avanceR = 2.000000, avanceI = 2.000000
inc_x_r = 0.000000, inc_y_r = 1.000000, inc_x_i = 1.000000, inc_y_i = 1.000000
En el else......

----------------------------------------
x = 46.000000, y = 224.000000
avance = -333.000000, avanceR = 2.000000, avanceI = 2.000000
inc_x_r = 0.000000, inc_y_r = 1.000000, inc_x_i = 1.000000, inc_y_i = 1.000000
En el else......

----------------------------------------
x = 46.000000, y = 225.000000
avance = -331.000000, avanceR = 2.000000, avanceI = 2.000000
inc_x_r = 0.000000, inc_y_r = 1.000000, inc_x_i = 1.000000, inc_y_i = 1.000000
En el else......

----------------------------------------
x = 46.000000, y = 226.000000
avance = -329.000000, avanceR = 2.000000, avanceI = 2.000000
inc_x_r = 0.000000, inc_y_r = 1.000000, inc_x_i = 1.000000, inc_y_i = 1.000000
En el else......

----------------------------------------
x = 46.000000, y = 227.000000
avance = -327.000000, avanceR = 2.000000, avanceI = 2.000000
inc_x_r = 0.000000, inc_y_r = 1.000000, inc_x_i = 1.000000, inc_y_i = 1.000000
En el else......

----------------------------------------
x = 46.000000, y = 228.000000
avance = -325.000000, avanceR = 2.000000, avanceI = 2.000000
inc_x_r = 0.000000, inc_y_r = 1.000000, inc_x_i = 1.000000, inc_y_i = 1.000000
En el else......

----------------------------------------
x = 46.000000, y = 229.000000
avance = -323.000000, avanceR = 2.000000, avanceI = 2.000000
inc_x_r = 0.000000, inc_y_r = 1.000000, inc_x_i = 1.000000, inc_y_i = 1.000000
En el else......

----------------------------------------
x = 46.000000, y = 230.000000
avance = -321.000000, avanceR = 2.000000, avanceI = 2.000000
inc_x_r = 0.000000, inc_y_r = 1.000000, inc_x_i = 1.000000, inc_y_i = 1.000000
En el else......

----------------------------------------
x = 46.000000, y = 231.000000
avance = -319.000000, avanceR = 2.000000, avanceI = 2.000000
inc_x_r = 0.000000, inc_y_r = 1.000000, inc_x_i = 1.000000, inc_y_i = 1.000000
En el else......

----------------------------------------
x = 46.000000, y = 232.000000
avance = -317.000000, avanceR = 2.000000, avanceI = 2.000000
inc_x_r = 0.000000, inc_y_r = 1.000000, inc_x_i = 1.000000, inc_y_i = 1.000000
En el else......

----------------------------------------
x = 46.000000, y = 233.000000
avance = -315.000000, avanceR = 2.000000, avanceI = 2.000000
inc_x_r = 0.000000, inc_y_r = 1.000000, inc_x_i = 1.000000, inc_y_i = 1.000000
En el else......

----------------------------------------
x = 46.000000, y = 234.000000
avance = -313.000000, avanceR = 2.000000, avanceI = 2.000000
inc_x_r = 0.000000, inc_y_r = 1.000000, inc_x_i = 1.000000, inc_y_i = 1.000000
En el else......

----------------------------------------
x = 46.000000, y = 235.000000
avance = -311.000000, avanceR = 2.000000, avanceI = 2.000000
inc_x_r = 0.000000, inc_y_r = 1.000000, inc_x_i = 1.000000, inc_y_i = 1.000000
En el else......

----------------------------------------
x = 46.000000, y = 236.000000
avance = -309.000000, avanceR = 2.000000, avanceI = 2.000000
inc_x_r = 0.000000, inc_y_r = 1.000000, inc_x_i = 1.000000, inc_y_i = 1.000000
En el else......

----------------------------------------
x = 46.000000, y = 237.000000
avance = -307.000000, avanceR = 2.000000, avanceI = 2.000000
inc_x_r = 0.000000, inc_y_r = 1.000000, inc_x_i = 1.000000, inc_y_i = 1.000000
En el else......

----------------------------------------
x = 46.000000, y = 238.000000
avance = -305.000000, avanceR = 2.000000, avanceI = 2.000000
inc_x_r = 0.000000, inc_y_r = 1.000000, inc_x_i = 1.000000, inc_y_i = 1.000000
En el else......

----------------------------------------
x = 46.000000, y = 239.000000
avance = -303.000000, avanceR = 2.000000, avanceI = 2.000000
inc_x_r = 0.000000, inc_y_r = 1.000000, inc_x_i = 1.000000, inc_y_i = 1.000000
En el else......

----------------------------------------
x = 46.000000, y = 240.000000
avance = -301.000000, avanceR = 2.000000, avanceI = 2.000000
inc_x_r = 0.000000, inc_y_r = 1.000000, inc_x_i = 1.000000, inc_y_i = 1.000000
En el else......

----------------------------------------
x = 46.000000, y = 241.000000
avance = -299.000000, avanceR = 2.000000, avanceI = 2.000000
inc_x_r = 0.000000, inc_y_r = 1.000000, inc_x_i = 1.000000, inc_y_i = 1.000000
En el else......

----------------------------------------
x = 46.000000, y = 242.000000
avance = -297.000000, avanceR = 2.000000, avanceI = 2.000000
inc_x_r = 0.000000, inc_y_r = 1.000000, inc_x_i = 1.000000, inc_y_i = 1.000000
En el else......

----------------------------------------
x = 46.000000, y = 243.000000
avance = -295.000000, avanceR = 2.000000, avanceI = 2.000000
inc_x_r = 0.000000, inc_y_r = 1.000000, inc_x_i = 1.000000, inc_y_i = 1.000000
En el else......

----------------------------------------
x = 46.000000, y = 244.000000
avance = -293.000000, avanceR = 2.000000, avanceI = 2.000000
inc_x_r = 0.000000, inc_y_r = 1.000000, inc_x_i = 1.000000, inc_y_i = 1.000000
En el else......

----------------------------------------
x = 46.000000, y = 245.000000
avance = -291.000000, avanceR = 2.000000, avanceI = 2.000000
inc_x_r = 0.000000, inc_y_r = 1.000000, inc_x_i = 1.000000, inc_y_i = 1.000000
En el else......

----------------------------------------
x = 46.000000, y = 246.000000
avance = -289.000000, avanceR = 2.000000, avanceI = 2.000000
inc_x_r = 0.000000, inc_y_r = 1.000000, inc_x_i = 1.000000, inc_y_i = 1.000000
En el else......

----------------------------------------
x = 46.000000, y = 247.000000
avance = -287.000000, avanceR = 2.000000, avanceI = 2.000000
inc_x_r = 0.000000, inc_y_r = 1.000000, inc_x_i = 1.000000, inc_y_i = 1.000000
En el else......

----------------------------------------
x = 46.000000, y = 248.000000
avance = -285.000000, avanceR = 2.000000, avanceI = 2.000000
inc_x_r = 0.000000, inc_y_r = 1.000000, inc_x_i = 1.000000, inc_y_i = 1.000000
En el else......

----------------------------------------
x = 46.000000, y = 249.000000
avance = -283.000000, avanceR = 2.000000, avanceI = 2.000000
inc_x_r = 0.000000, inc_y_r = 1.000000, inc_x_i = 1.000000, inc_y_i = 1.000000
En el else......

----------------------------------------
x = 46.000000, y = 250.000000
avance = -281.000000, avanceR = 2.000000, avanceI = 2.000000
inc_x_r = 0.000000, inc_y_r = 1.000000, inc_x_i = 1.000000, inc_y_i = 1.000000
En el else......

----------------------------------------
x = 46.000000, y = 251.000000
avance = -279.000000, avanceR = 2.000000, avanceI = 2.000000
inc_x_r = 0.000000, inc_y_r = 1.000000, inc_x_i = 1.000000, inc_y_i = 1.000000
En el else......

----------------------------------------
x = 46.000000, y = 252.000000
avance = -277.000000, avanceR = 2.000000, avanceI = 2.000000
inc_x_r = 0.000000, inc_y_r = 1.000000, inc_x_i = 1.000000, inc_y_i = 1.000000
En el else......

----------------------------------------
x = 46.000000, y = 253.000000
avance = -275.000000, avanceR = 2.000000, avanceI = 2.000000
inc_x_r = 0.000000, inc_y_r = 1.000000, inc_x_i = 1.000000, inc_y_i = 1.000000
En el else......

----------------------------------------
x = 46.000000, y = 254.000000
avance = -273.000000, avanceR = 2.000000, avanceI = 2.000000
inc_x_r = 0.000000, inc_y_r = 1.000000, inc_x_i = 1.000000, inc_y_i = 1.000000
En el else......

----------------------------------------
x = 46.000000, y = 255.000000
avance = -271.000000, avanceR = 2.000000, avanceI = 2.000000
inc_x_r = 0.000000, inc_y_r = 1.000000, inc_x_i = 1.000000, inc_y_i = 1.000000
En el else......

----------------------------------------
x = 46.000000, y = 256.000000
avance = -269.000000, avanceR = 2.000000, avanceI = 2.000000
inc_x_r = 0.000000, inc_y_r = 1.000000, inc_x_i = 1.000000, inc_y_i = 1.000000
En el else......

----------------------------------------
x = 46.000000, y = 257.000000
avance = -267.000000, avanceR = 2.000000, avanceI = 2.000000
inc_x_r = 0.000000, inc_y_r = 1.000000, inc_x_i = 1.000000, inc_y_i = 1.000000
En el else......

----------------------------------------
x = 46.000000, y = 258.000000
avance = -265.000000, avanceR = 2.000000, avanceI = 2.000000
inc_x_r = 0.000000, inc_y_r = 1.000000, inc_x_i = 1.000000, inc_y_i = 1.000000
En el else......

----------------------------------------
x = 46.000000, y = 259.000000
avance = -263.000000, avanceR = 2.000000, avanceI = 2.000000
inc_x_r = 0.000000, inc_y_r = 1.000000, inc_x_i = 1.000000, inc_y_i = 1.000000
En el else......

----------------------------------------
x = 46.000000, y = 260.000000
avance = -261.000000, avanceR = 2.000000, avanceI = 2.000000
inc_x_r = 0.000000, inc_y_r = 1.000000, inc_x_i = 1.000000, inc_y_i = 1.000000
En el else......

----------------------------------------
x = 46.000000, y = 261.000000
avance = -259.000000, avanceR = 2.000000, avanceI = 2.000000
inc_x_r = 0.000000, inc_y_r = 1.000000, inc_x_i = 1.000000, inc_y_i = 1.000000
En el else......

----------------------------------------
x = 46.000000, y = 262.000000
avance = -257.000000, avanceR = 2.000000, avanceI = 2.000000
inc_x_r = 0.000000, inc_y_r = 1.000000, inc_x_i = 1.000000, inc_y_i = 1.000000
En el else......

----------------------------------------
x = 46.000000, y = 263.000000
avance = -255.000000, avanceR = 2.000000, avanceI = 2.000000
inc_x_r = 0.000000, inc_y_r = 1.000000, inc_x_i = 1.000000, inc_y_i = 1.000000
En el else......

----------------------------------------
x = 46.000000, y = 264.000000
avance = -253.000000, avanceR = 2.000000, avanceI = 2.000000
inc_x_r = 0.000000, inc_y_r = 1.000000, inc_x_i = 1.000000, inc_y_i = 1.000000
En el else......

----------------------------------------
x = 46.000000, y = 265.000000
avance = -251.000000, avanceR = 2.000000, avanceI = 2.000000
inc_x_r = 0.000000, inc_y_r = 1.000000, inc_x_i = 1.000000, inc_y_i = 1.000000
En el else......

----------------------------------------


ENTRAMOS A BRESENHAMªªªª
x1 = 35.000000 - y1 = 15.000000 || x2 = 36.000000 - y2 = 266.000000
dy = 251.000000, dx = 1.000000
avances inclinados: inc_x_i = 1.000000, inc_y_i = 1.000000
updated: dy = 251.000000, dx = 1.000000
avances rectos: inc_x_r = 0.000000, inc_y_r 1.000000
reupdated: dy = 1.000000, dx = 251.000000
avanceR = 2.000000, avance -249.000000, avanceI 2.000000
----------------------------------------
x = 35.000000, y = 15.000000
avance = -249.000000, avanceR = 2.000000, avanceI = 2.000000
inc_x_r = 0.000000, inc_y_r = 1.000000, inc_x_i = 1.000000, inc_y_i = 1.000000
En el else......

----------------------------------------
x = 35.000000, y = 16.000000
avance = -247.000000, avanceR = 2.000000, avanceI = 2.000000
inc_x_r = 0.000000, inc_y_r = 1.000000, inc_x_i = 1.000000, inc_y_i = 1.000000
En el else......

----------------------------------------
x = 35.000000, y = 17.000000
avance = -245.000000, avanceR = 2.000000, avanceI = 2.000000
inc_x_r = 0.000000, inc_y_r = 1.000000, inc_x_i = 1.000000, inc_y_i = 1.000000
En el else......

----------------------------------------
x = 35.000000, y = 18.000000
avance = -243.000000, avanceR = 2.000000, avanceI = 2.000000
inc_x_r = 0.000000, inc_y_r = 1.000000, inc_x_i = 1.000000, inc_y_i = 1.000000
En el else......

----------------------------------------
x = 35.000000, y = 19.000000
avance = -241.000000, avanceR = 2.000000, avanceI = 2.000000
inc_x_r = 0.000000, inc_y_r = 1.000000, inc_x_i = 1.000000, inc_y_i = 1.000000
En el else......

----------------------------------------
x = 35.000000, y = 20.000000
avance = -239.000000, avanceR = 2.000000, avanceI = 2.000000
inc_x_r = 0.000000, inc_y_r = 1.000000, inc_x_i = 1.000000, inc_y_i = 1.000000
En el else......

----------------------------------------
x = 35.000000, y = 21.000000
avance = -237.000000, avanceR = 2.000000, avanceI = 2.000000
inc_x_r = 0.000000, inc_y_r = 1.000000, inc_x_i = 1.000000, inc_y_i = 1.000000
En el else......

----------------------------------------
x = 35.000000, y = 22.000000
avance = -235.000000, avanceR = 2.000000, avanceI = 2.000000
inc_x_r = 0.000000, inc_y_r = 1.000000, inc_x_i = 1.000000, inc_y_i = 1.000000
En el else......

----------------------------------------
x = 35.000000, y = 23.000000
avance = -233.000000, avanceR = 2.000000, avanceI = 2.000000
inc_x_r = 0.000000, inc_y_r = 1.000000, inc_x_i = 1.000000, inc_y_i = 1.000000
En el else......

----------------------------------------
x = 35.000000, y = 24.000000
avance = -231.000000, avanceR = 2.000000, avanceI = 2.000000
inc_x_r = 0.000000, inc_y_r = 1.000000, inc_x_i = 1.000000, inc_y_i = 1.000000
En el else......

----------------------------------------
x = 35.000000, y = 25.000000
avance = -229.000000, avanceR = 2.000000, avanceI = 2.000000
inc_x_r = 0.000000, inc_y_r = 1.000000, inc_x_i = 1.000000, inc_y_i = 1.000000
En el else......

----------------------------------------
x = 35.000000, y = 26.000000
avance = -227.000000, avanceR = 2.000000, avanceI = 2.000000
inc_x_r = 0.000000, inc_y_r = 1.000000, inc_x_i = 1.000000, inc_y_i = 1.000000
En el else......

----------------------------------------
x = 35.000000, y = 27.000000
avance = -225.000000, avanceR = 2.000000, avanceI = 2.000000
inc_x_r = 0.000000, inc_y_r = 1.000000, inc_x_i = 1.000000, inc_y_i = 1.000000
En el else......

----------------------------------------
x = 35.000000, y = 28.000000
avance = -223.000000, avanceR = 2.000000, avanceI = 2.000000
inc_x_r = 0.000000, inc_y_r = 1.000000, inc_x_i = 1.000000, inc_y_i = 1.000000
En el else......

----------------------------------------
x = 35.000000, y = 29.000000
avance = -221.000000, avanceR = 2.000000, avanceI = 2.000000
inc_x_r = 0.000000, inc_y_r = 1.000000, inc_x_i = 1.000000, inc_y_i = 1.000000
En el else......

----------------------------------------
x = 35.000000, y = 30.000000
avance = -219.000000, avanceR = 2.000000, avanceI = 2.000000
inc_x_r = 0.000000, inc_y_r = 1.000000, inc_x_i = 1.000000, inc_y_i = 1.000000
En el else......

----------------------------------------
x = 35.000000, y = 31.000000
avance = -217.000000, avanceR = 2.000000, avanceI = 2.000000
inc_x_r = 0.000000, inc_y_r = 1.000000, inc_x_i = 1.000000, inc_y_i = 1.000000
En el else......

----------------------------------------
x = 35.000000, y = 32.000000
avance = -215.000000, avanceR = 2.000000, avanceI = 2.000000
inc_x_r = 0.000000, inc_y_r = 1.000000, inc_x_i = 1.000000, inc_y_i = 1.000000
En el else......

----------------------------------------
x = 35.000000, y = 33.000000
avance = -213.000000, avanceR = 2.000000, avanceI = 2.000000
inc_x_r = 0.000000, inc_y_r = 1.000000, inc_x_i = 1.000000, inc_y_i = 1.000000
En el else......

----------------------------------------
x = 35.000000, y = 34.000000
avance = -211.000000, avanceR = 2.000000, avanceI = 2.000000
inc_x_r = 0.000000, inc_y_r = 1.000000, inc_x_i = 1.000000, inc_y_i = 1.000000
En el else......

----------------------------------------
x = 35.000000, y = 35.000000
avance = -209.000000, avanceR = 2.000000, avanceI = 2.000000
inc_x_r = 0.000000, inc_y_r = 1.000000, inc_x_i = 1.000000, inc_y_i = 1.000000
En el else......

----------------------------------------
x = 35.000000, y = 36.000000
avance = -207.000000, avanceR = 2.000000, avanceI = 2.000000
inc_x_r = 0.000000, inc_y_r = 1.000000, inc_x_i = 1.000000, inc_y_i = 1.000000
En el else......

----------------------------------------
x = 35.000000, y = 37.000000
avance = -205.000000, avanceR = 2.000000, avanceI = 2.000000
inc_x_r = 0.000000, inc_y_r = 1.000000, inc_x_i = 1.000000, inc_y_i = 1.000000
En el else......

----------------------------------------
x = 35.000000, y = 38.000000
avance = -203.000000, avanceR = 2.000000, avanceI = 2.000000
inc_x_r = 0.000000, inc_y_r = 1.000000, inc_x_i = 1.000000, inc_y_i = 1.000000
En el else......

----------------------------------------
x = 35.000000, y = 39.000000
avance = -201.000000, avanceR = 2.000000, avanceI = 2.000000
inc_x_r = 0.000000, inc_y_r = 1.000000, inc_x_i = 1.000000, inc_y_i = 1.000000
En el else......

----------------------------------------
x = 35.000000, y = 40.000000
avance = -199.000000, avanceR = 2.000000, avanceI = 2.000000
inc_x_r = 0.000000, inc_y_r = 1.000000, inc_x_i = 1.000000, inc_y_i = 1.000000
En el else......

----------------------------------------
x = 35.000000, y = 41.000000
avance = -197.000000, avanceR = 2.000000, avanceI = 2.000000
inc_x_r = 0.000000, inc_y_r = 1.000000, inc_x_i = 1.000000, inc_y_i = 1.000000
En el else......

----------------------------------------
x = 35.000000, y = 42.000000
avance = -195.000000, avanceR = 2.000000, avanceI = 2.000000
inc_x_r = 0.000000, inc_y_r = 1.000000, inc_x_i = 1.000000, inc_y_i = 1.000000
En el else......

----------------------------------------
x = 35.000000, y = 43.000000
avance = -193.000000, avanceR = 2.000000, avanceI = 2.000000
inc_x_r = 0.000000, inc_y_r = 1.000000, inc_x_i = 1.000000, inc_y_i = 1.000000
En el else......

----------------------------------------
x = 35.000000, y = 44.000000
avance = -191.000000, avanceR = 2.000000, avanceI = 2.000000
inc_x_r = 0.000000, inc_y_r = 1.000000, inc_x_i = 1.000000, inc_y_i = 1.000000
En el else......

----------------------------------------
x = 35.000000, y = 45.000000
avance = -189.000000, avanceR = 2.000000, avanceI = 2.000000
inc_x_r = 0.000000, inc_y_r = 1.000000, inc_x_i = 1.000000, inc_y_i = 1.000000
En el else......

----------------------------------------
x = 35.000000, y = 46.000000
avance = -187.000000, avanceR = 2.000000, avanceI = 2.000000
inc_x_r = 0.000000, inc_y_r = 1.000000, inc_x_i = 1.000000, inc_y_i = 1.000000
En el else......

----------------------------------------
x = 35.000000, y = 47.000000
avance = -185.000000, avanceR = 2.000000, avanceI = 2.000000
inc_x_r = 0.000000, inc_y_r = 1.000000, inc_x_i = 1.000000, inc_y_i = 1.000000
En el else......

----------------------------------------
x = 35.000000, y = 48.000000
avance = -183.000000, avanceR = 2.000000, avanceI = 2.000000
inc_x_r = 0.000000, inc_y_r = 1.000000, inc_x_i = 1.000000, inc_y_i = 1.000000
En el else......

----------------------------------------
x = 35.000000, y = 49.000000
avance = -181.000000, avanceR = 2.000000, avanceI = 2.000000
inc_x_r = 0.000000, inc_y_r = 1.000000, inc_x_i = 1.000000, inc_y_i = 1.000000
En el else......

----------------------------------------
x = 35.000000, y = 50.000000
avance = -179.000000, avanceR = 2.000000, avanceI = 2.000000
inc_x_r = 0.000000, inc_y_r = 1.000000, inc_x_i = 1.000000, inc_y_i = 1.000000
En el else......

----------------------------------------
x = 35.000000, y = 51.000000
avance = -177.000000, avanceR = 2.000000, avanceI = 2.000000
inc_x_r = 0.000000, inc_y_r = 1.000000, inc_x_i = 1.000000, inc_y_i = 1.000000
En el else......

----------------------------------------
x = 35.000000, y = 52.000000
avance = -175.000000, avanceR = 2.000000, avanceI = 2.000000
inc_x_r = 0.000000, inc_y_r = 1.000000, inc_x_i = 1.000000, inc_y_i = 1.000000
En el else......

----------------------------------------
x = 35.000000, y = 53.000000
avance = -173.000000, avanceR = 2.000000, avanceI = 2.000000
inc_x_r = 0.000000, inc_y_r = 1.000000, inc_x_i = 1.000000, inc_y_i = 1.000000
En el else......

----------------------------------------
x = 35.000000, y = 54.000000
avance = -171.000000, avanceR = 2.000000, avanceI = 2.000000
inc_x_r = 0.000000, inc_y_r = 1.000000, inc_x_i = 1.000000, inc_y_i = 1.000000
En el else......

----------------------------------------
x = 35.000000, y = 55.000000
avance = -169.000000, avanceR = 2.000000, avanceI = 2.000000
inc_x_r = 0.000000, inc_y_r = 1.000000, inc_x_i = 1.000000, inc_y_i = 1.000000
En el else......

----------------------------------------
x = 35.000000, y = 56.000000
avance = -167.000000, avanceR = 2.000000, avanceI = 2.000000
inc_x_r = 0.000000, inc_y_r = 1.000000, inc_x_i = 1.000000, inc_y_i = 1.000000
En el else......

----------------------------------------
x = 35.000000, y = 57.000000
avance = -165.000000, avanceR = 2.000000, avanceI = 2.000000
inc_x_r = 0.000000, inc_y_r = 1.000000, inc_x_i = 1.000000, inc_y_i = 1.000000
En el else......

----------------------------------------
x = 35.000000, y = 58.000000
avance = -163.000000, avanceR = 2.000000, avanceI = 2.000000
inc_x_r = 0.000000, inc_y_r = 1.000000, inc_x_i = 1.000000, inc_y_i = 1.000000
En el else......

----------------------------------------
x = 35.000000, y = 59.000000
avance = -161.000000, avanceR = 2.000000, avanceI = 2.000000
inc_x_r = 0.000000, inc_y_r = 1.000000, inc_x_i = 1.000000, inc_y_i = 1.000000
En el else......

----------------------------------------
x = 35.000000, y = 60.000000
avance = -159.000000, avanceR = 2.000000, avanceI = 2.000000
inc_x_r = 0.000000, inc_y_r = 1.000000, inc_x_i = 1.000000, inc_y_i = 1.000000
En el else......

----------------------------------------
x = 35.000000, y = 61.000000
avance = -157.000000, avanceR = 2.000000, avanceI = 2.000000
inc_x_r = 0.000000, inc_y_r = 1.000000, inc_x_i = 1.000000, inc_y_i = 1.000000
En el else......

----------------------------------------
x = 35.000000, y = 62.000000
avance = -155.000000, avanceR = 2.000000, avanceI = 2.000000
inc_x_r = 0.000000, inc_y_r = 1.000000, inc_x_i = 1.000000, inc_y_i = 1.000000
En el else......

----------------------------------------
x = 35.000000, y = 63.000000
avance = -153.000000, avanceR = 2.000000, avanceI = 2.000000
inc_x_r = 0.000000, inc_y_r = 1.000000, inc_x_i = 1.000000, inc_y_i = 1.000000
En el else......

----------------------------------------
x = 35.000000, y = 64.000000
avance = -151.000000, avanceR = 2.000000, avanceI = 2.000000
inc_x_r = 0.000000, inc_y_r = 1.000000, inc_x_i = 1.000000, inc_y_i = 1.000000
En el else......

----------------------------------------
x = 35.000000, y = 65.000000
avance = -149.000000, avanceR = 2.000000, avanceI = 2.000000
inc_x_r = 0.000000, inc_y_r = 1.000000, inc_x_i = 1.000000, inc_y_i = 1.000000
En el else......

----------------------------------------
x = 35.000000, y = 66.000000
avance = -147.000000, avanceR = 2.000000, avanceI = 2.000000
inc_x_r = 0.000000, inc_y_r = 1.000000, inc_x_i = 1.000000, inc_y_i = 1.000000
En el else......

----------------------------------------
x = 35.000000, y = 67.000000
avance = -145.000000, avanceR = 2.000000, avanceI = 2.000000
inc_x_r = 0.000000, inc_y_r = 1.000000, inc_x_i = 1.000000, inc_y_i = 1.000000
En el else......

----------------------------------------
x = 35.000000, y = 68.000000
avance = -143.000000, avanceR = 2.000000, avanceI = 2.000000
inc_x_r = 0.000000, inc_y_r = 1.000000, inc_x_i = 1.000000, inc_y_i = 1.000000
En el else......

----------------------------------------
x = 35.000000, y = 69.000000
avance = -141.000000, avanceR = 2.000000, avanceI = 2.000000
inc_x_r = 0.000000, inc_y_r = 1.000000, inc_x_i = 1.000000, inc_y_i = 1.000000
En el else......

----------------------------------------
x = 35.000000, y = 70.000000
avance = -139.000000, avanceR = 2.000000, avanceI = 2.000000
inc_x_r = 0.000000, inc_y_r = 1.000000, inc_x_i = 1.000000, inc_y_i = 1.000000
En el else......

----------------------------------------
x = 35.000000, y = 71.000000
avance = -137.000000, avanceR = 2.000000, avanceI = 2.000000
inc_x_r = 0.000000, inc_y_r = 1.000000, inc_x_i = 1.000000, inc_y_i = 1.000000
En el else......

----------------------------------------
x = 35.000000, y = 72.000000
avance = -135.000000, avanceR = 2.000000, avanceI = 2.000000
inc_x_r = 0.000000, inc_y_r = 1.000000, inc_x_i = 1.000000, inc_y_i = 1.000000
En el else......

----------------------------------------
x = 35.000000, y = 73.000000
avance = -133.000000, avanceR = 2.000000, avanceI = 2.000000
inc_x_r = 0.000000, inc_y_r = 1.000000, inc_x_i = 1.000000, inc_y_i = 1.000000
En el else......

----------------------------------------
x = 35.000000, y = 74.000000
avance = -131.000000, avanceR = 2.000000, avanceI = 2.000000
inc_x_r = 0.000000, inc_y_r = 1.000000, inc_x_i = 1.000000, inc_y_i = 1.000000
En el else......

----------------------------------------
x = 35.000000, y = 75.000000
avance = -129.000000, avanceR = 2.000000, avanceI = 2.000000
inc_x_r = 0.000000, inc_y_r = 1.000000, inc_x_i = 1.000000, inc_y_i = 1.000000
En el else......

----------------------------------------
x = 35.000000, y = 76.000000
avance = -127.000000, avanceR = 2.000000, avanceI = 2.000000
inc_x_r = 0.000000, inc_y_r = 1.000000, inc_x_i = 1.000000, inc_y_i = 1.000000
En el else......

----------------------------------------
x = 35.000000, y = 77.000000
avance = -125.000000, avanceR = 2.000000, avanceI = 2.000000
inc_x_r = 0.000000, inc_y_r = 1.000000, inc_x_i = 1.000000, inc_y_i = 1.000000
En el else......

----------------------------------------
x = 35.000000, y = 78.000000
avance = -123.000000, avanceR = 2.000000, avanceI = 2.000000
inc_x_r = 0.000000, inc_y_r = 1.000000, inc_x_i = 1.000000, inc_y_i = 1.000000
En el else......

----------------------------------------
x = 35.000000, y = 79.000000
avance = -121.000000, avanceR = 2.000000, avanceI = 2.000000
inc_x_r = 0.000000, inc_y_r = 1.000000, inc_x_i = 1.000000, inc_y_i = 1.000000
En el else......

----------------------------------------
x = 35.000000, y = 80.000000
avance = -119.000000, avanceR = 2.000000, avanceI = 2.000000
inc_x_r = 0.000000, inc_y_r = 1.000000, inc_x_i = 1.000000, inc_y_i = 1.000000
En el else......

----------------------------------------
x = 35.000000, y = 81.000000
avance = -117.000000, avanceR = 2.000000, avanceI = 2.000000
inc_x_r = 0.000000, inc_y_r = 1.000000, inc_x_i = 1.000000, inc_y_i = 1.000000
En el else......

----------------------------------------
x = 35.000000, y = 82.000000
avance = -115.000000, avanceR = 2.000000, avanceI = 2.000000
inc_x_r = 0.000000, inc_y_r = 1.000000, inc_x_i = 1.000000, inc_y_i = 1.000000
En el else......

----------------------------------------
x = 35.000000, y = 83.000000
avance = -113.000000, avanceR = 2.000000, avanceI = 2.000000
inc_x_r = 0.000000, inc_y_r = 1.000000, inc_x_i = 1.000000, inc_y_i = 1.000000
En el else......

----------------------------------------
x = 35.000000, y = 84.000000
avance = -111.000000, avanceR = 2.000000, avanceI = 2.000000
inc_x_r = 0.000000, inc_y_r = 1.000000, inc_x_i = 1.000000, inc_y_i = 1.000000
En el else......

----------------------------------------
x = 35.000000, y = 85.000000
avance = -109.000000, avanceR = 2.000000, avanceI = 2.000000
inc_x_r = 0.000000, inc_y_r = 1.000000, inc_x_i = 1.000000, inc_y_i = 1.000000
En el else......

----------------------------------------
x = 35.000000, y = 86.000000
avance = -107.000000, avanceR = 2.000000, avanceI = 2.000000
inc_x_r = 0.000000, inc_y_r = 1.000000, inc_x_i = 1.000000, inc_y_i = 1.000000
En el else......

----------------------------------------
x = 35.000000, y = 87.000000
avance = -105.000000, avanceR = 2.000000, avanceI = 2.000000
inc_x_r = 0.000000, inc_y_r = 1.000000, inc_x_i = 1.000000, inc_y_i = 1.000000
En el else......

----------------------------------------
x = 35.000000, y = 88.000000
avance = -103.000000, avanceR = 2.000000, avanceI = 2.000000
inc_x_r = 0.000000, inc_y_r = 1.000000, inc_x_i = 1.000000, inc_y_i = 1.000000
En el else......

----------------------------------------
x = 35.000000, y = 89.000000
avance = -101.000000, avanceR = 2.000000, avanceI = 2.000000
inc_x_r = 0.000000, inc_y_r = 1.000000, inc_x_i = 1.000000, inc_y_i = 1.000000
En el else......

----------------------------------------
x = 35.000000, y = 90.000000
avance = -99.000000, avanceR = 2.000000, avanceI = 2.000000
inc_x_r = 0.000000, inc_y_r = 1.000000, inc_x_i = 1.000000, inc_y_i = 1.000000
En el else......

----------------------------------------
x = 35.000000, y = 91.000000
avance = -97.000000, avanceR = 2.000000, avanceI = 2.000000
inc_x_r = 0.000000, inc_y_r = 1.000000, inc_x_i = 1.000000, inc_y_i = 1.000000
En el else......

----------------------------------------
x = 35.000000, y = 92.000000
avance = -95.000000, avanceR = 2.000000, avanceI = 2.000000
inc_x_r = 0.000000, inc_y_r = 1.000000, inc_x_i = 1.000000, inc_y_i = 1.000000
En el else......

----------------------------------------
x = 35.000000, y = 93.000000
avance = -93.000000, avanceR = 2.000000, avanceI = 2.000000
inc_x_r = 0.000000, inc_y_r = 1.000000, inc_x_i = 1.000000, inc_y_i = 1.000000
En el else......

----------------------------------------
x = 35.000000, y = 94.000000
avance = -91.000000, avanceR = 2.000000, avanceI = 2.000000
inc_x_r = 0.000000, inc_y_r = 1.000000, inc_x_i = 1.000000, inc_y_i = 1.000000
En el else......

----------------------------------------
x = 35.000000, y = 95.000000
avance = -89.000000, avanceR = 2.000000, avanceI = 2.000000
inc_x_r = 0.000000, inc_y_r = 1.000000, inc_x_i = 1.000000, inc_y_i = 1.000000
En el else......

----------------------------------------
x = 35.000000, y = 96.000000
avance = -87.000000, avanceR = 2.000000, avanceI = 2.000000
inc_x_r = 0.000000, inc_y_r = 1.000000, inc_x_i = 1.000000, inc_y_i = 1.000000
En el else......

----------------------------------------
x = 35.000000, y = 97.000000
avance = -85.000000, avanceR = 2.000000, avanceI = 2.000000
inc_x_r = 0.000000, inc_y_r = 1.000000, inc_x_i = 1.000000, inc_y_i = 1.000000
En el else......

----------------------------------------
x = 35.000000, y = 98.000000
avance = -83.000000, avanceR = 2.000000, avanceI = 2.000000
inc_x_r = 0.000000, inc_y_r = 1.000000, inc_x_i = 1.000000, inc_y_i = 1.000000
En el else......

----------------------------------------
x = 35.000000, y = 99.000000
avance = -81.000000, avanceR = 2.000000, avanceI = 2.000000
inc_x_r = 0.000000, inc_y_r = 1.000000, inc_x_i = 1.000000, inc_y_i = 1.000000
En el else......

----------------------------------------
x = 35.000000, y = 100.000000
avance = -79.000000, avanceR = 2.000000, avanceI = 2.000000
inc_x_r = 0.000000, inc_y_r = 1.000000, inc_x_i = 1.000000, inc_y_i = 1.000000
En el else......

----------------------------------------
x = 35.000000, y = 101.000000
avance = -77.000000, avanceR = 2.000000, avanceI = 2.000000
inc_x_r = 0.000000, inc_y_r = 1.000000, inc_x_i = 1.000000, inc_y_i = 1.000000
En el else......

----------------------------------------
x = 35.000000, y = 102.000000
avance = -75.000000, avanceR = 2.000000, avanceI = 2.000000
inc_x_r = 0.000000, inc_y_r = 1.000000, inc_x_i = 1.000000, inc_y_i = 1.000000
En el else......

----------------------------------------
x = 35.000000, y = 103.000000
avance = -73.000000, avanceR = 2.000000, avanceI = 2.000000
inc_x_r = 0.000000, inc_y_r = 1.000000, inc_x_i = 1.000000, inc_y_i = 1.000000
En el else......

----------------------------------------
x = 35.000000, y = 104.000000
avance = -71.000000, avanceR = 2.000000, avanceI = 2.000000
inc_x_r = 0.000000, inc_y_r = 1.000000, inc_x_i = 1.000000, inc_y_i = 1.000000
En el else......

----------------------------------------
x = 35.000000, y = 105.000000
avance = -69.000000, avanceR = 2.000000, avanceI = 2.000000
inc_x_r = 0.000000, inc_y_r = 1.000000, inc_x_i = 1.000000, inc_y_i = 1.000000
En el else......

----------------------------------------
x = 35.000000, y = 106.000000
avance = -67.000000, avanceR = 2.000000, avanceI = 2.000000
inc_x_r = 0.000000, inc_y_r = 1.000000, inc_x_i = 1.000000, inc_y_i = 1.000000
En el else......

----------------------------------------
x = 35.000000, y = 107.000000
avance = -65.000000, avanceR = 2.000000, avanceI = 2.000000
inc_x_r = 0.000000, inc_y_r = 1.000000, inc_x_i = 1.000000, inc_y_i = 1.000000
En el else......

----------------------------------------
x = 35.000000, y = 108.000000
avance = -63.000000, avanceR = 2.000000, avanceI = 2.000000
inc_x_r = 0.000000, inc_y_r = 1.000000, inc_x_i = 1.000000, inc_y_i = 1.000000
En el else......

----------------------------------------
x = 35.000000, y = 109.000000
avance = -61.000000, avanceR = 2.000000, avanceI = 2.000000
inc_x_r = 0.000000, inc_y_r = 1.000000, inc_x_i = 1.000000, inc_y_i = 1.000000
En el else......

----------------------------------------
x = 35.000000, y = 110.000000
avance = -59.000000, avanceR = 2.000000, avanceI = 2.000000
inc_x_r = 0.000000, inc_y_r = 1.000000, inc_x_i = 1.000000, inc_y_i = 1.000000
En el else......

----------------------------------------
x = 35.000000, y = 111.000000
avance = -57.000000, avanceR = 2.000000, avanceI = 2.000000
inc_x_r = 0.000000, inc_y_r = 1.000000, inc_x_i = 1.000000, inc_y_i = 1.000000
En el else......

----------------------------------------
x = 35.000000, y = 112.000000
avance = -55.000000, avanceR = 2.000000, avanceI = 2.000000
inc_x_r = 0.000000, inc_y_r = 1.000000, inc_x_i = 1.000000, inc_y_i = 1.000000
En el else......

----------------------------------------
x = 35.000000, y = 113.000000
avance = -53.000000, avanceR = 2.000000, avanceI = 2.000000
inc_x_r = 0.000000, inc_y_r = 1.000000, inc_x_i = 1.000000, inc_y_i = 1.000000
En el else......

----------------------------------------
x = 35.000000, y = 114.000000
avance = -51.000000, avanceR = 2.000000, avanceI = 2.000000
inc_x_r = 0.000000, inc_y_r = 1.000000, inc_x_i = 1.000000, inc_y_i = 1.000000
En el else......

----------------------------------------
x = 35.000000, y = 115.000000
avance = -49.000000, avanceR = 2.000000, avanceI = 2.000000
inc_x_r = 0.000000, inc_y_r = 1.000000, inc_x_i = 1.000000, inc_y_i = 1.000000
En el else......

----------------------------------------
x = 35.000000, y = 116.000000
avance = -47.000000, avanceR = 2.000000, avanceI = 2.000000
inc_x_r = 0.000000, inc_y_r = 1.000000, inc_x_i = 1.000000, inc_y_i = 1.000000
En el else......

----------------------------------------
x = 35.000000, y = 117.000000
avance = -45.000000, avanceR = 2.000000, avanceI = 2.000000
inc_x_r = 0.000000, inc_y_r = 1.000000, inc_x_i = 1.000000, inc_y_i = 1.000000
En el else......

----------------------------------------
x = 35.000000, y = 118.000000
avance = -43.000000, avanceR = 2.000000, avanceI = 2.000000
inc_x_r = 0.000000, inc_y_r = 1.000000, inc_x_i = 1.000000, inc_y_i = 1.000000
En el else......

----------------------------------------
x = 35.000000, y = 119.000000
avance = -41.000000, avanceR = 2.000000, avanceI = 2.000000
inc_x_r = 0.000000, inc_y_r = 1.000000, inc_x_i = 1.000000, inc_y_i = 1.000000
En el else......

----------------------------------------
x = 35.000000, y = 120.000000
avance = -39.000000, avanceR = 2.000000, avanceI = 2.000000
inc_x_r = 0.000000, inc_y_r = 1.000000, inc_x_i = 1.000000, inc_y_i = 1.000000
En el else......

----------------------------------------
x = 35.000000, y = 121.000000
avance = -37.000000, avanceR = 2.000000, avanceI = 2.000000
inc_x_r = 0.000000, inc_y_r = 1.000000, inc_x_i = 1.000000, inc_y_i = 1.000000
En el else......

----------------------------------------
x = 35.000000, y = 122.000000
avance = -35.000000, avanceR = 2.000000, avanceI = 2.000000
inc_x_r = 0.000000, inc_y_r = 1.000000, inc_x_i = 1.000000, inc_y_i = 1.000000
En el else......

----------------------------------------
x = 35.000000, y = 123.000000
avance = -33.000000, avanceR = 2.000000, avanceI = 2.000000
inc_x_r = 0.000000, inc_y_r = 1.000000, inc_x_i = 1.000000, inc_y_i = 1.000000
En el else......

----------------------------------------
x = 35.000000, y = 124.000000
avance = -31.000000, avanceR = 2.000000, avanceI = 2.000000
inc_x_r = 0.000000, inc_y_r = 1.000000, inc_x_i = 1.000000, inc_y_i = 1.000000
En el else......

----------------------------------------
x = 35.000000, y = 125.000000
avance = -29.000000, avanceR = 2.000000, avanceI = 2.000000
inc_x_r = 0.000000, inc_y_r = 1.000000, inc_x_i = 1.000000, inc_y_i = 1.000000
En el else......

----------------------------------------
x = 35.000000, y = 126.000000
avance = -27.000000, avanceR = 2.000000, avanceI = 2.000000
inc_x_r = 0.000000, inc_y_r = 1.000000, inc_x_i = 1.000000, inc_y_i = 1.000000
En el else......

----------------------------------------
x = 35.000000, y = 127.000000
avance = -25.000000, avanceR = 2.000000, avanceI = 2.000000
inc_x_r = 0.000000, inc_y_r = 1.000000, inc_x_i = 1.000000, inc_y_i = 1.000000
En el else......

----------------------------------------
x = 35.000000, y = 128.000000
avance = -23.000000, avanceR = 2.000000, avanceI = 2.000000
inc_x_r = 0.000000, inc_y_r = 1.000000, inc_x_i = 1.000000, inc_y_i = 1.000000
En el else......

----------------------------------------
x = 35.000000, y = 129.000000
avance = -21.000000, avanceR = 2.000000, avanceI = 2.000000
inc_x_r = 0.000000, inc_y_r = 1.000000, inc_x_i = 1.000000, inc_y_i = 1.000000
En el else......

----------------------------------------
x = 35.000000, y = 130.000000
avance = -19.000000, avanceR = 2.000000, avanceI = 2.000000
inc_x_r = 0.000000, inc_y_r = 1.000000, inc_x_i = 1.000000, inc_y_i = 1.000000
En el else......

----------------------------------------
x = 35.000000, y = 131.000000
avance = -17.000000, avanceR = 2.000000, avanceI = 2.000000
inc_x_r = 0.000000, inc_y_r = 1.000000, inc_x_i = 1.000000, inc_y_i = 1.000000
En el else......

----------------------------------------
x = 35.000000, y = 132.000000
avance = -15.000000, avanceR = 2.000000, avanceI = 2.000000
inc_x_r = 0.000000, inc_y_r = 1.000000, inc_x_i = 1.000000, inc_y_i = 1.000000
En el else......

----------------------------------------
x = 35.000000, y = 133.000000
avance = -13.000000, avanceR = 2.000000, avanceI = 2.000000
inc_x_r = 0.000000, inc_y_r = 1.000000, inc_x_i = 1.000000, inc_y_i = 1.000000
En el else......

----------------------------------------
x = 35.000000, y = 134.000000
avance = -11.000000, avanceR = 2.000000, avanceI = 2.000000
inc_x_r = 0.000000, inc_y_r = 1.000000, inc_x_i = 1.000000, inc_y_i = 1.000000
En el else......

----------------------------------------
x = 35.000000, y = 135.000000
avance = -9.000000, avanceR = 2.000000, avanceI = 2.000000
inc_x_r = 0.000000, inc_y_r = 1.000000, inc_x_i = 1.000000, inc_y_i = 1.000000
En el else......

----------------------------------------
x = 35.000000, y = 136.000000
avance = -7.000000, avanceR = 2.000000, avanceI = 2.000000
inc_x_r = 0.000000, inc_y_r = 1.000000, inc_x_i = 1.000000, inc_y_i = 1.000000
En el else......

----------------------------------------
x = 35.000000, y = 137.000000
avance = -5.000000, avanceR = 2.000000, avanceI = 2.000000
inc_x_r = 0.000000, inc_y_r = 1.000000, inc_x_i = 1.000000, inc_y_i = 1.000000
En el else......

----------------------------------------
x = 35.000000, y = 138.000000
avance = -3.000000, avanceR = 2.000000, avanceI = 2.000000
inc_x_r = 0.000000, inc_y_r = 1.000000, inc_x_i = 1.000000, inc_y_i = 1.000000
En el else......

----------------------------------------
x = 35.000000, y = 139.000000
avance = -1.000000, avanceR = 2.000000, avanceI = 2.000000
inc_x_r = 0.000000, inc_y_r = 1.000000, inc_x_i = 1.000000, inc_y_i = 1.000000
En el else......

----------------------------------------
x = 35.000000, y = 140.000000
avance = 1.000000, avanceR = 2.000000, avanceI = 2.000000
inc_x_r = 0.000000, inc_y_r = 1.000000, inc_x_i = 1.000000, inc_y_i = 1.000000
avance >= 0

----------------------------------------
x = 36.000000, y = 141.000000
avance = -499.000000, avanceR = 2.000000, avanceI = 2.000000
inc_x_r = 0.000000, inc_y_r = 1.000000, inc_x_i = 1.000000, inc_y_i = 1.000000
En el else......

----------------------------------------
x = 36.000000, y = 142.000000
avance = -497.000000, avanceR = 2.000000, avanceI = 2.000000
inc_x_r = 0.000000, inc_y_r = 1.000000, inc_x_i = 1.000000, inc_y_i = 1.000000
En el else......

----------------------------------------
x = 36.000000, y = 143.000000
avance = -495.000000, avanceR = 2.000000, avanceI = 2.000000
inc_x_r = 0.000000, inc_y_r = 1.000000, inc_x_i = 1.000000, inc_y_i = 1.000000
En el else......

----------------------------------------
x = 36.000000, y = 144.000000
avance = -493.000000, avanceR = 2.000000, avanceI = 2.000000
inc_x_r = 0.000000, inc_y_r = 1.000000, inc_x_i = 1.000000, inc_y_i = 1.000000
En el else......

----------------------------------------
x = 36.000000, y = 145.000000
avance = -491.000000, avanceR = 2.000000, avanceI = 2.000000
inc_x_r = 0.000000, inc_y_r = 1.000000, inc_x_i = 1.000000, inc_y_i = 1.000000
En el else......

----------------------------------------
x = 36.000000, y = 146.000000
avance = -489.000000, avanceR = 2.000000, avanceI = 2.000000
inc_x_r = 0.000000, inc_y_r = 1.000000, inc_x_i = 1.000000, inc_y_i = 1.000000
En el else......

----------------------------------------
x = 36.000000, y = 147.000000
avance = -487.000000, avanceR = 2.000000, avanceI = 2.000000
inc_x_r = 0.000000, inc_y_r = 1.000000, inc_x_i = 1.000000, inc_y_i = 1.000000
En el else......

----------------------------------------
x = 36.000000, y = 148.000000
avance = -485.000000, avanceR = 2.000000, avanceI = 2.000000
inc_x_r = 0.000000, inc_y_r = 1.000000, inc_x_i = 1.000000, inc_y_i = 1.000000
En el else......

----------------------------------------
x = 36.000000, y = 149.000000
avance = -483.000000, avanceR = 2.000000, avanceI = 2.000000
inc_x_r = 0.000000, inc_y_r = 1.000000, inc_x_i = 1.000000, inc_y_i = 1.000000
En el else......

----------------------------------------
x = 36.000000, y = 150.000000
avance = -481.000000, avanceR = 2.000000, avanceI = 2.000000
inc_x_r = 0.000000, inc_y_r = 1.000000, inc_x_i = 1.000000, inc_y_i = 1.000000
En el else......

----------------------------------------
x = 36.000000, y = 151.000000
avance = -479.000000, avanceR = 2.000000, avanceI = 2.000000
inc_x_r = 0.000000, inc_y_r = 1.000000, inc_x_i = 1.000000, inc_y_i = 1.000000
En el else......

----------------------------------------
x = 36.000000, y = 152.000000
avance = -477.000000, avanceR = 2.000000, avanceI = 2.000000
inc_x_r = 0.000000, inc_y_r = 1.000000, inc_x_i = 1.000000, inc_y_i = 1.000000
En el else......

----------------------------------------
x = 36.000000, y = 153.000000
avance = -475.000000, avanceR = 2.000000, avanceI = 2.000000
inc_x_r = 0.000000, inc_y_r = 1.000000, inc_x_i = 1.000000, inc_y_i = 1.000000
En el else......

----------------------------------------
x = 36.000000, y = 154.000000
avance = -473.000000, avanceR = 2.000000, avanceI = 2.000000
inc_x_r = 0.000000, inc_y_r = 1.000000, inc_x_i = 1.000000, inc_y_i = 1.000000
En el else......

----------------------------------------
x = 36.000000, y = 155.000000
avance = -471.000000, avanceR = 2.000000, avanceI = 2.000000
inc_x_r = 0.000000, inc_y_r = 1.000000, inc_x_i = 1.000000, inc_y_i = 1.000000
En el else......

----------------------------------------
x = 36.000000, y = 156.000000
avance = -469.000000, avanceR = 2.000000, avanceI = 2.000000
inc_x_r = 0.000000, inc_y_r = 1.000000, inc_x_i = 1.000000, inc_y_i = 1.000000
En el else......

----------------------------------------
x = 36.000000, y = 157.000000
avance = -467.000000, avanceR = 2.000000, avanceI = 2.000000
inc_x_r = 0.000000, inc_y_r = 1.000000, inc_x_i = 1.000000, inc_y_i = 1.000000
En el else......

----------------------------------------
x = 36.000000, y = 158.000000
avance = -465.000000, avanceR = 2.000000, avanceI = 2.000000
inc_x_r = 0.000000, inc_y_r = 1.000000, inc_x_i = 1.000000, inc_y_i = 1.000000
En el else......

----------------------------------------
x = 36.000000, y = 159.000000
avance = -463.000000, avanceR = 2.000000, avanceI = 2.000000
inc_x_r = 0.000000, inc_y_r = 1.000000, inc_x_i = 1.000000, inc_y_i = 1.000000
En el else......

----------------------------------------
x = 36.000000, y = 160.000000
avance = -461.000000, avanceR = 2.000000, avanceI = 2.000000
inc_x_r = 0.000000, inc_y_r = 1.000000, inc_x_i = 1.000000, inc_y_i = 1.000000
En el else......

----------------------------------------
x = 36.000000, y = 161.000000
avance = -459.000000, avanceR = 2.000000, avanceI = 2.000000
inc_x_r = 0.000000, inc_y_r = 1.000000, inc_x_i = 1.000000, inc_y_i = 1.000000
En el else......

----------------------------------------
x = 36.000000, y = 162.000000
avance = -457.000000, avanceR = 2.000000, avanceI = 2.000000
inc_x_r = 0.000000, inc_y_r = 1.000000, inc_x_i = 1.000000, inc_y_i = 1.000000
En el else......

----------------------------------------
x = 36.000000, y = 163.000000
avance = -455.000000, avanceR = 2.000000, avanceI = 2.000000
inc_x_r = 0.000000, inc_y_r = 1.000000, inc_x_i = 1.000000, inc_y_i = 1.000000
En el else......

----------------------------------------
x = 36.000000, y = 164.000000
avance = -453.000000, avanceR = 2.000000, avanceI = 2.000000
inc_x_r = 0.000000, inc_y_r = 1.000000, inc_x_i = 1.000000, inc_y_i = 1.000000
En el else......

----------------------------------------
x = 36.000000, y = 165.000000
avance = -451.000000, avanceR = 2.000000, avanceI = 2.000000
inc_x_r = 0.000000, inc_y_r = 1.000000, inc_x_i = 1.000000, inc_y_i = 1.000000
En el else......

----------------------------------------
x = 36.000000, y = 166.000000
avance = -449.000000, avanceR = 2.000000, avanceI = 2.000000
inc_x_r = 0.000000, inc_y_r = 1.000000, inc_x_i = 1.000000, inc_y_i = 1.000000
En el else......

----------------------------------------
x = 36.000000, y = 167.000000
avance = -447.000000, avanceR = 2.000000, avanceI = 2.000000
inc_x_r = 0.000000, inc_y_r = 1.000000, inc_x_i = 1.000000, inc_y_i = 1.000000
En el else......

----------------------------------------
x = 36.000000, y = 168.000000
avance = -445.000000, avanceR = 2.000000, avanceI = 2.000000
inc_x_r = 0.000000, inc_y_r = 1.000000, inc_x_i = 1.000000, inc_y_i = 1.000000
En el else......

----------------------------------------
x = 36.000000, y = 169.000000
avance = -443.000000, avanceR = 2.000000, avanceI = 2.000000
inc_x_r = 0.000000, inc_y_r = 1.000000, inc_x_i = 1.000000, inc_y_i = 1.000000
En el else......

----------------------------------------
x = 36.000000, y = 170.000000
avance = -441.000000, avanceR = 2.000000, avanceI = 2.000000
inc_x_r = 0.000000, inc_y_r = 1.000000, inc_x_i = 1.000000, inc_y_i = 1.000000
En el else......

----------------------------------------
x = 36.000000, y = 171.000000
avance = -439.000000, avanceR = 2.000000, avanceI = 2.000000
inc_x_r = 0.000000, inc_y_r = 1.000000, inc_x_i = 1.000000, inc_y_i = 1.000000
En el else......

----------------------------------------
x = 36.000000, y = 172.000000
avance = -437.000000, avanceR = 2.000000, avanceI = 2.000000
inc_x_r = 0.000000, inc_y_r = 1.000000, inc_x_i = 1.000000, inc_y_i = 1.000000
En el else......

----------------------------------------
x = 36.000000, y = 173.000000
avance = -435.000000, avanceR = 2.000000, avanceI = 2.000000
inc_x_r = 0.000000, inc_y_r = 1.000000, inc_x_i = 1.000000, inc_y_i = 1.000000
En el else......

----------------------------------------
x = 36.000000, y = 174.000000
avance = -433.000000, avanceR = 2.000000, avanceI = 2.000000
inc_x_r = 0.000000, inc_y_r = 1.000000, inc_x_i = 1.000000, inc_y_i = 1.000000
En el else......

----------------------------------------
x = 36.000000, y = 175.000000
avance = -431.000000, avanceR = 2.000000, avanceI = 2.000000
inc_x_r = 0.000000, inc_y_r = 1.000000, inc_x_i = 1.000000, inc_y_i = 1.000000
En el else......

----------------------------------------
x = 36.000000, y = 176.000000
avance = -429.000000, avanceR = 2.000000, avanceI = 2.000000
inc_x_r = 0.000000, inc_y_r = 1.000000, inc_x_i = 1.000000, inc_y_i = 1.000000
En el else......

----------------------------------------
x = 36.000000, y = 177.000000
avance = -427.000000, avanceR = 2.000000, avanceI = 2.000000
inc_x_r = 0.000000, inc_y_r = 1.000000, inc_x_i = 1.000000, inc_y_i = 1.000000
En el else......

----------------------------------------
x = 36.000000, y = 178.000000
avance = -425.000000, avanceR = 2.000000, avanceI = 2.000000
inc_x_r = 0.000000, inc_y_r = 1.000000, inc_x_i = 1.000000, inc_y_i = 1.000000
En el else......

----------------------------------------
x = 36.000000, y = 179.000000
avance = -423.000000, avanceR = 2.000000, avanceI = 2.000000
inc_x_r = 0.000000, inc_y_r = 1.000000, inc_x_i = 1.000000, inc_y_i = 1.000000
En el else......

----------------------------------------
x = 36.000000, y = 180.000000
avance = -421.000000, avanceR = 2.000000, avanceI = 2.000000
inc_x_r = 0.000000, inc_y_r = 1.000000, inc_x_i = 1.000000, inc_y_i = 1.000000
En el else......

----------------------------------------
x = 36.000000, y = 181.000000
avance = -419.000000, avanceR = 2.000000, avanceI = 2.000000
inc_x_r = 0.000000, inc_y_r = 1.000000, inc_x_i = 1.000000, inc_y_i = 1.000000
En el else......

----------------------------------------
x = 36.000000, y = 182.000000
avance = -417.000000, avanceR = 2.000000, avanceI = 2.000000
inc_x_r = 0.000000, inc_y_r = 1.000000, inc_x_i = 1.000000, inc_y_i = 1.000000
En el else......

----------------------------------------
x = 36.000000, y = 183.000000
avance = -415.000000, avanceR = 2.000000, avanceI = 2.000000
inc_x_r = 0.000000, inc_y_r = 1.000000, inc_x_i = 1.000000, inc_y_i = 1.000000
En el else......

----------------------------------------
x = 36.000000, y = 184.000000
avance = -413.000000, avanceR = 2.000000, avanceI = 2.000000
inc_x_r = 0.000000, inc_y_r = 1.000000, inc_x_i = 1.000000, inc_y_i = 1.000000
En el else......

----------------------------------------
x = 36.000000, y = 185.000000
avance = -411.000000, avanceR = 2.000000, avanceI = 2.000000
inc_x_r = 0.000000, inc_y_r = 1.000000, inc_x_i = 1.000000, inc_y_i = 1.000000
En el else......

----------------------------------------
x = 36.000000, y = 186.000000
avance = -409.000000, avanceR = 2.000000, avanceI = 2.000000
inc_x_r = 0.000000, inc_y_r = 1.000000, inc_x_i = 1.000000, inc_y_i = 1.000000
En el else......

----------------------------------------
x = 36.000000, y = 187.000000
avance = -407.000000, avanceR = 2.000000, avanceI = 2.000000
inc_x_r = 0.000000, inc_y_r = 1.000000, inc_x_i = 1.000000, inc_y_i = 1.000000
En el else......

----------------------------------------
x = 36.000000, y = 188.000000
avance = -405.000000, avanceR = 2.000000, avanceI = 2.000000
inc_x_r = 0.000000, inc_y_r = 1.000000, inc_x_i = 1.000000, inc_y_i = 1.000000
En el else......

----------------------------------------
x = 36.000000, y = 189.000000
avance = -403.000000, avanceR = 2.000000, avanceI = 2.000000
inc_x_r = 0.000000, inc_y_r = 1.000000, inc_x_i = 1.000000, inc_y_i = 1.000000
En el else......

----------------------------------------
x = 36.000000, y = 190.000000
avance = -401.000000, avanceR = 2.000000, avanceI = 2.000000
inc_x_r = 0.000000, inc_y_r = 1.000000, inc_x_i = 1.000000, inc_y_i = 1.000000
En el else......

----------------------------------------
x = 36.000000, y = 191.000000
avance = -399.000000, avanceR = 2.000000, avanceI = 2.000000
inc_x_r = 0.000000, inc_y_r = 1.000000, inc_x_i = 1.000000, inc_y_i = 1.000000
En el else......

----------------------------------------
x = 36.000000, y = 192.000000
avance = -397.000000, avanceR = 2.000000, avanceI = 2.000000
inc_x_r = 0.000000, inc_y_r = 1.000000, inc_x_i = 1.000000, inc_y_i = 1.000000
En el else......

----------------------------------------
x = 36.000000, y = 193.000000
avance = -395.000000, avanceR = 2.000000, avanceI = 2.000000
inc_x_r = 0.000000, inc_y_r = 1.000000, inc_x_i = 1.000000, inc_y_i = 1.000000
En el else......

----------------------------------------
x = 36.000000, y = 194.000000
avance = -393.000000, avanceR = 2.000000, avanceI = 2.000000
inc_x_r = 0.000000, inc_y_r = 1.000000, inc_x_i = 1.000000, inc_y_i = 1.000000
En el else......

----------------------------------------
x = 36.000000, y = 195.000000
avance = -391.000000, avanceR = 2.000000, avanceI = 2.000000
inc_x_r = 0.000000, inc_y_r = 1.000000, inc_x_i = 1.000000, inc_y_i = 1.000000
En el else......

----------------------------------------
x = 36.000000, y = 196.000000
avance = -389.000000, avanceR = 2.000000, avanceI = 2.000000
inc_x_r = 0.000000, inc_y_r = 1.000000, inc_x_i = 1.000000, inc_y_i = 1.000000
En el else......

----------------------------------------
x = 36.000000, y = 197.000000
avance = -387.000000, avanceR = 2.000000, avanceI = 2.000000
inc_x_r = 0.000000, inc_y_r = 1.000000, inc_x_i = 1.000000, inc_y_i = 1.000000
En el else......

----------------------------------------
x = 36.000000, y = 198.000000
avance = -385.000000, avanceR = 2.000000, avanceI = 2.000000
inc_x_r = 0.000000, inc_y_r = 1.000000, inc_x_i = 1.000000, inc_y_i = 1.000000
En el else......

----------------------------------------
x = 36.000000, y = 199.000000
avance = -383.000000, avanceR = 2.000000, avanceI = 2.000000
inc_x_r = 0.000000, inc_y_r = 1.000000, inc_x_i = 1.000000, inc_y_i = 1.000000
En el else......

----------------------------------------
x = 36.000000, y = 200.000000
avance = -381.000000, avanceR = 2.000000, avanceI = 2.000000
inc_x_r = 0.000000, inc_y_r = 1.000000, inc_x_i = 1.000000, inc_y_i = 1.000000
En el else......

----------------------------------------
x = 36.000000, y = 201.000000
avance = -379.000000, avanceR = 2.000000, avanceI = 2.000000
inc_x_r = 0.000000, inc_y_r = 1.000000, inc_x_i = 1.000000, inc_y_i = 1.000000
En el else......

----------------------------------------
x = 36.000000, y = 202.000000
avance = -377.000000, avanceR = 2.000000, avanceI = 2.000000
inc_x_r = 0.000000, inc_y_r = 1.000000, inc_x_i = 1.000000, inc_y_i = 1.000000
En el else......

----------------------------------------
x = 36.000000, y = 203.000000
avance = -375.000000, avanceR = 2.000000, avanceI = 2.000000
inc_x_r = 0.000000, inc_y_r = 1.000000, inc_x_i = 1.000000, inc_y_i = 1.000000
En el else......

----------------------------------------
x = 36.000000, y = 204.000000
avance = -373.000000, avanceR = 2.000000, avanceI = 2.000000
inc_x_r = 0.000000, inc_y_r = 1.000000, inc_x_i = 1.000000, inc_y_i = 1.000000
En el else......

----------------------------------------
x = 36.000000, y = 205.000000
avance = -371.000000, avanceR = 2.000000, avanceI = 2.000000
inc_x_r = 0.000000, inc_y_r = 1.000000, inc_x_i = 1.000000, inc_y_i = 1.000000
En el else......

----------------------------------------
x = 36.000000, y = 206.000000
avance = -369.000000, avanceR = 2.000000, avanceI = 2.000000
inc_x_r = 0.000000, inc_y_r = 1.000000, inc_x_i = 1.000000, inc_y_i = 1.000000
En el else......

----------------------------------------
x = 36.000000, y = 207.000000
avance = -367.000000, avanceR = 2.000000, avanceI = 2.000000
inc_x_r = 0.000000, inc_y_r = 1.000000, inc_x_i = 1.000000, inc_y_i = 1.000000
En el else......

----------------------------------------
x = 36.000000, y = 208.000000
avance = -365.000000, avanceR = 2.000000, avanceI = 2.000000
inc_x_r = 0.000000, inc_y_r = 1.000000, inc_x_i = 1.000000, inc_y_i = 1.000000
En el else......

----------------------------------------
x = 36.000000, y = 209.000000
avance = -363.000000, avanceR = 2.000000, avanceI = 2.000000
inc_x_r = 0.000000, inc_y_r = 1.000000, inc_x_i = 1.000000, inc_y_i = 1.000000
En el else......

----------------------------------------
x = 36.000000, y = 210.000000
avance = -361.000000, avanceR = 2.000000, avanceI = 2.000000
inc_x_r = 0.000000, inc_y_r = 1.000000, inc_x_i = 1.000000, inc_y_i = 1.000000
En el else......

----------------------------------------
x = 36.000000, y = 211.000000
avance = -359.000000, avanceR = 2.000000, avanceI = 2.000000
inc_x_r = 0.000000, inc_y_r = 1.000000, inc_x_i = 1.000000, inc_y_i = 1.000000
En el else......

----------------------------------------
x = 36.000000, y = 212.000000
avance = -357.000000, avanceR = 2.000000, avanceI = 2.000000
inc_x_r = 0.000000, inc_y_r = 1.000000, inc_x_i = 1.000000, inc_y_i = 1.000000
En el else......

----------------------------------------
x = 36.000000, y = 213.000000
avance = -355.000000, avanceR = 2.000000, avanceI = 2.000000
inc_x_r = 0.000000, inc_y_r = 1.000000, inc_x_i = 1.000000, inc_y_i = 1.000000
En el else......

----------------------------------------
x = 36.000000, y = 214.000000
avance = -353.000000, avanceR = 2.000000, avanceI = 2.000000
inc_x_r = 0.000000, inc_y_r = 1.000000, inc_x_i = 1.000000, inc_y_i = 1.000000
En el else......

----------------------------------------
x = 36.000000, y = 215.000000
avance = -351.000000, avanceR = 2.000000, avanceI = 2.000000
inc_x_r = 0.000000, inc_y_r = 1.000000, inc_x_i = 1.000000, inc_y_i = 1.000000
En el else......

----------------------------------------
x = 36.000000, y = 216.000000
avance = -349.000000, avanceR = 2.000000, avanceI = 2.000000
inc_x_r = 0.000000, inc_y_r = 1.000000, inc_x_i = 1.000000, inc_y_i = 1.000000
En el else......

----------------------------------------
x = 36.000000, y = 217.000000
avance = -347.000000, avanceR = 2.000000, avanceI = 2.000000
inc_x_r = 0.000000, inc_y_r = 1.000000, inc_x_i = 1.000000, inc_y_i = 1.000000
En el else......

----------------------------------------
x = 36.000000, y = 218.000000
avance = -345.000000, avanceR = 2.000000, avanceI = 2.000000
inc_x_r = 0.000000, inc_y_r = 1.000000, inc_x_i = 1.000000, inc_y_i = 1.000000
En el else......

----------------------------------------
x = 36.000000, y = 219.000000
avance = -343.000000, avanceR = 2.000000, avanceI = 2.000000
inc_x_r = 0.000000, inc_y_r = 1.000000, inc_x_i = 1.000000, inc_y_i = 1.000000
En el else......

----------------------------------------
x = 36.000000, y = 220.000000
avance = -341.000000, avanceR = 2.000000, avanceI = 2.000000
inc_x_r = 0.000000, inc_y_r = 1.000000, inc_x_i = 1.000000, inc_y_i = 1.000000
En el else......

----------------------------------------
x = 36.000000, y = 221.000000
avance = -339.000000, avanceR = 2.000000, avanceI = 2.000000
inc_x_r = 0.000000, inc_y_r = 1.000000, inc_x_i = 1.000000, inc_y_i = 1.000000
En el else......

----------------------------------------
x = 36.000000, y = 222.000000
avance = -337.000000, avanceR = 2.000000, avanceI = 2.000000
inc_x_r = 0.000000, inc_y_r = 1.000000, inc_x_i = 1.000000, inc_y_i = 1.000000
En el else......

----------------------------------------
x = 36.000000, y = 223.000000
avance = -335.000000, avanceR = 2.000000, avanceI = 2.000000
inc_x_r = 0.000000, inc_y_r = 1.000000, inc_x_i = 1.000000, inc_y_i = 1.000000
En el else......

----------------------------------------
x = 36.000000, y = 224.000000
avance = -333.000000, avanceR = 2.000000, avanceI = 2.000000
inc_x_r = 0.000000, inc_y_r = 1.000000, inc_x_i = 1.000000, inc_y_i = 1.000000
En el else......

----------------------------------------
x = 36.000000, y = 225.000000
avance = -331.000000, avanceR = 2.000000, avanceI = 2.000000
inc_x_r = 0.000000, inc_y_r = 1.000000, inc_x_i = 1.000000, inc_y_i = 1.000000
En el else......

----------------------------------------
x = 36.000000, y = 226.000000
avance = -329.000000, avanceR = 2.000000, avanceI = 2.000000
inc_x_r = 0.000000, inc_y_r = 1.000000, inc_x_i = 1.000000, inc_y_i = 1.000000
En el else......

----------------------------------------
x = 36.000000, y = 227.000000
avance = -327.000000, avanceR = 2.000000, avanceI = 2.000000
inc_x_r = 0.000000, inc_y_r = 1.000000, inc_x_i = 1.000000, inc_y_i = 1.000000
En el else......

----------------------------------------
x = 36.000000, y = 228.000000
avance = -325.000000, avanceR = 2.000000, avanceI = 2.000000
inc_x_r = 0.000000, inc_y_r = 1.000000, inc_x_i = 1.000000, inc_y_i = 1.000000
En el else......

----------------------------------------
x = 36.000000, y = 229.000000
avance = -323.000000, avanceR = 2.000000, avanceI = 2.000000
inc_x_r = 0.000000, inc_y_r = 1.000000, inc_x_i = 1.000000, inc_y_i = 1.000000
En el else......

----------------------------------------
x = 36.000000, y = 230.000000
avance = -321.000000, avanceR = 2.000000, avanceI = 2.000000
inc_x_r = 0.000000, inc_y_r = 1.000000, inc_x_i = 1.000000, inc_y_i = 1.000000
En el else......

----------------------------------------
x = 36.000000, y = 231.000000
avance = -319.000000, avanceR = 2.000000, avanceI = 2.000000
inc_x_r = 0.000000, inc_y_r = 1.000000, inc_x_i = 1.000000, inc_y_i = 1.000000
En el else......

----------------------------------------
x = 36.000000, y = 232.000000
avance = -317.000000, avanceR = 2.000000, avanceI = 2.000000
inc_x_r = 0.000000, inc_y_r = 1.000000, inc_x_i = 1.000000, inc_y_i = 1.000000
En el else......

----------------------------------------
x = 36.000000, y = 233.000000
avance = -315.000000, avanceR = 2.000000, avanceI = 2.000000
inc_x_r = 0.000000, inc_y_r = 1.000000, inc_x_i = 1.000000, inc_y_i = 1.000000
En el else......

----------------------------------------
x = 36.000000, y = 234.000000
avance = -313.000000, avanceR = 2.000000, avanceI = 2.000000
inc_x_r = 0.000000, inc_y_r = 1.000000, inc_x_i = 1.000000, inc_y_i = 1.000000
En el else......

----------------------------------------
x = 36.000000, y = 235.000000
avance = -311.000000, avanceR = 2.000000, avanceI = 2.000000
inc_x_r = 0.000000, inc_y_r = 1.000000, inc_x_i = 1.000000, inc_y_i = 1.000000
En el else......

----------------------------------------
x = 36.000000, y = 236.000000
avance = -309.000000, avanceR = 2.000000, avanceI = 2.000000
inc_x_r = 0.000000, inc_y_r = 1.000000, inc_x_i = 1.000000, inc_y_i = 1.000000
En el else......

----------------------------------------
x = 36.000000, y = 237.000000
avance = -307.000000, avanceR = 2.000000, avanceI = 2.000000
inc_x_r = 0.000000, inc_y_r = 1.000000, inc_x_i = 1.000000, inc_y_i = 1.000000
En el else......

----------------------------------------
x = 36.000000, y = 238.000000
avance = -305.000000, avanceR = 2.000000, avanceI = 2.000000
inc_x_r = 0.000000, inc_y_r = 1.000000, inc_x_i = 1.000000, inc_y_i = 1.000000
En el else......

----------------------------------------
x = 36.000000, y = 239.000000
avance = -303.000000, avanceR = 2.000000, avanceI = 2.000000
inc_x_r = 0.000000, inc_y_r = 1.000000, inc_x_i = 1.000000, inc_y_i = 1.000000
En el else......

----------------------------------------
x = 36.000000, y = 240.000000
avance = -301.000000, avanceR = 2.000000, avanceI = 2.000000
inc_x_r = 0.000000, inc_y_r = 1.000000, inc_x_i = 1.000000, inc_y_i = 1.000000
En el else......

----------------------------------------
x = 36.000000, y = 241.000000
avance = -299.000000, avanceR = 2.000000, avanceI = 2.000000
inc_x_r = 0.000000, inc_y_r = 1.000000, inc_x_i = 1.000000, inc_y_i = 1.000000
En el else......

----------------------------------------
x = 36.000000, y = 242.000000
avance = -297.000000, avanceR = 2.000000, avanceI = 2.000000
inc_x_r = 0.000000, inc_y_r = 1.000000, inc_x_i = 1.000000, inc_y_i = 1.000000
En el else......

----------------------------------------
x = 36.000000, y = 243.000000
avance = -295.000000, avanceR = 2.000000, avanceI = 2.000000
inc_x_r = 0.000000, inc_y_r = 1.000000, inc_x_i = 1.000000, inc_y_i = 1.000000
En el else......

----------------------------------------
x = 36.000000, y = 244.000000
avance = -293.000000, avanceR = 2.000000, avanceI = 2.000000
inc_x_r = 0.000000, inc_y_r = 1.000000, inc_x_i = 1.000000, inc_y_i = 1.000000
En el else......

----------------------------------------
x = 36.000000, y = 245.000000
avance = -291.000000, avanceR = 2.000000, avanceI = 2.000000
inc_x_r = 0.000000, inc_y_r = 1.000000, inc_x_i = 1.000000, inc_y_i = 1.000000
En el else......

----------------------------------------
x = 36.000000, y = 246.000000
avance = -289.000000, avanceR = 2.000000, avanceI = 2.000000
inc_x_r = 0.000000, inc_y_r = 1.000000, inc_x_i = 1.000000, inc_y_i = 1.000000
En el else......

----------------------------------------
x = 36.000000, y = 247.000000
avance = -287.000000, avanceR = 2.000000, avanceI = 2.000000
inc_x_r = 0.000000, inc_y_r = 1.000000, inc_x_i = 1.000000, inc_y_i = 1.000000
En el else......

----------------------------------------
x = 36.000000, y = 248.000000
avance = -285.000000, avanceR = 2.000000, avanceI = 2.000000
inc_x_r = 0.000000, inc_y_r = 1.000000, inc_x_i = 1.000000, inc_y_i = 1.000000
En el else......

----------------------------------------
x = 36.000000, y = 249.000000
avance = -283.000000, avanceR = 2.000000, avanceI = 2.000000
inc_x_r = 0.000000, inc_y_r = 1.000000, inc_x_i = 1.000000, inc_y_i = 1.000000
En el else......

----------------------------------------
x = 36.000000, y = 250.000000
avance = -281.000000, avanceR = 2.000000, avanceI = 2.000000
inc_x_r = 0.000000, inc_y_r = 1.000000, inc_x_i = 1.000000, inc_y_i = 1.000000
En el else......

----------------------------------------
x = 36.000000, y = 251.000000
avance = -279.000000, avanceR = 2.000000, avanceI = 2.000000
inc_x_r = 0.000000, inc_y_r = 1.000000, inc_x_i = 1.000000, inc_y_i = 1.000000
En el else......

----------------------------------------
x = 36.000000, y = 252.000000
avance = -277.000000, avanceR = 2.000000, avanceI = 2.000000
inc_x_r = 0.000000, inc_y_r = 1.000000, inc_x_i = 1.000000, inc_y_i = 1.000000
En el else......

----------------------------------------
x = 36.000000, y = 253.000000
avance = -275.000000, avanceR = 2.000000, avanceI = 2.000000
inc_x_r = 0.000000, inc_y_r = 1.000000, inc_x_i = 1.000000, inc_y_i = 1.000000
En el else......

----------------------------------------
x = 36.000000, y = 254.000000
avance = -273.000000, avanceR = 2.000000, avanceI = 2.000000
inc_x_r = 0.000000, inc_y_r = 1.000000, inc_x_i = 1.000000, inc_y_i = 1.000000
En el else......

----------------------------------------
x = 36.000000, y = 255.000000
avance = -271.000000, avanceR = 2.000000, avanceI = 2.000000
inc_x_r = 0.000000, inc_y_r = 1.000000, inc_x_i = 1.000000, inc_y_i = 1.000000
En el else......

----------------------------------------
x = 36.000000, y = 256.000000
avance = -269.000000, avanceR = 2.000000, avanceI = 2.000000
inc_x_r = 0.000000, inc_y_r = 1.000000, inc_x_i = 1.000000, inc_y_i = 1.000000
En el else......

----------------------------------------
x = 36.000000, y = 257.000000
avance = -267.000000, avanceR = 2.000000, avanceI = 2.000000
inc_x_r = 0.000000, inc_y_r = 1.000000, inc_x_i = 1.000000, inc_y_i = 1.000000
En el else......

----------------------------------------
x = 36.000000, y = 258.000000
avance = -265.000000, avanceR = 2.000000, avanceI = 2.000000
inc_x_r = 0.000000, inc_y_r = 1.000000, inc_x_i = 1.000000, inc_y_i = 1.000000
En el else......

----------------------------------------
x = 36.000000, y = 259.000000
avance = -263.000000, avanceR = 2.000000, avanceI = 2.000000
inc_x_r = 0.000000, inc_y_r = 1.000000, inc_x_i = 1.000000, inc_y_i = 1.000000
En el else......

----------------------------------------
x = 36.000000, y = 260.000000
avance = -261.000000, avanceR = 2.000000, avanceI = 2.000000
inc_x_r = 0.000000, inc_y_r = 1.000000, inc_x_i = 1.000000, inc_y_i = 1.000000
En el else......

----------------------------------------
x = 36.000000, y = 261.000000
avance = -259.000000, avanceR = 2.000000, avanceI = 2.000000
inc_x_r = 0.000000, inc_y_r = 1.000000, inc_x_i = 1.000000, inc_y_i = 1.000000
En el else......

----------------------------------------
x = 36.000000, y = 262.000000
avance = -257.000000, avanceR = 2.000000, avanceI = 2.000000
inc_x_r = 0.000000, inc_y_r = 1.000000, inc_x_i = 1.000000, inc_y_i = 1.000000
En el else......

----------------------------------------
x = 36.000000, y = 263.000000
avance = -255.000000, avanceR = 2.000000, avanceI = 2.000000
inc_x_r = 0.000000, inc_y_r = 1.000000, inc_x_i = 1.000000, inc_y_i = 1.000000
En el else......

----------------------------------------
x = 36.000000, y = 264.000000
avance = -253.000000, avanceR = 2.000000, avanceI = 2.000000
inc_x_r = 0.000000, inc_y_r = 1.000000, inc_x_i = 1.000000, inc_y_i = 1.000000
En el else......

----------------------------------------
x = 36.000000, y = 265.000000
avance = -251.000000, avanceR = 2.000000, avanceI = 2.000000
inc_x_r = 0.000000, inc_y_r = 1.000000, inc_x_i = 1.000000, inc_y_i = 1.000000
En el else......

----------------------------------------


ENTRAMOS A BRESENHAMªªªª
x1 = 25.000000 - y1 = 15.000000 || x2 = 26.000000 - y2 = 266.000000
dy = 251.000000, dx = 1.000000
avances inclinados: inc_x_i = 1.000000, inc_y_i = 1.000000
updated: dy = 251.000000, dx = 1.000000
avances rectos: inc_x_r = 0.000000, inc_y_r 1.000000
reupdated: dy = 1.000000, dx = 251.000000
avanceR = 2.000000, avance -249.000000, avanceI 2.000000
----------------------------------------
x = 25.000000, y = 15.000000
avance = -249.000000, avanceR = 2.000000, avanceI = 2.000000
inc_x_r = 0.000000, inc_y_r = 1.000000, inc_x_i = 1.000000, inc_y_i = 1.000000
En el else......

----------------------------------------
x = 25.000000, y = 16.000000
avance = -247.000000, avanceR = 2.000000, avanceI = 2.000000
inc_x_r = 0.000000, inc_y_r = 1.000000, inc_x_i = 1.000000, inc_y_i = 1.000000
En el else......

----------------------------------------
x = 25.000000, y = 17.000000
avance = -245.000000, avanceR = 2.000000, avanceI = 2.000000
inc_x_r = 0.000000, inc_y_r = 1.000000, inc_x_i = 1.000000, inc_y_i = 1.000000
En el else......

----------------------------------------
x = 25.000000, y = 18.000000
avance = -243.000000, avanceR = 2.000000, avanceI = 2.000000
inc_x_r = 0.000000, inc_y_r = 1.000000, inc_x_i = 1.000000, inc_y_i = 1.000000
En el else......

----------------------------------------
x = 25.000000, y = 19.000000
avance = -241.000000, avanceR = 2.000000, avanceI = 2.000000
inc_x_r = 0.000000, inc_y_r = 1.000000, inc_x_i = 1.000000, inc_y_i = 1.000000
En el else......

----------------------------------------
x = 25.000000, y = 20.000000
avance = -239.000000, avanceR = 2.000000, avanceI = 2.000000
inc_x_r = 0.000000, inc_y_r = 1.000000, inc_x_i = 1.000000, inc_y_i = 1.000000
En el else......

----------------------------------------
x = 25.000000, y = 21.000000
avance = -237.000000, avanceR = 2.000000, avanceI = 2.000000
inc_x_r = 0.000000, inc_y_r = 1.000000, inc_x_i = 1.000000, inc_y_i = 1.000000
En el else......

----------------------------------------
x = 25.000000, y = 22.000000
avance = -235.000000, avanceR = 2.000000, avanceI = 2.000000
inc_x_r = 0.000000, inc_y_r = 1.000000, inc_x_i = 1.000000, inc_y_i = 1.000000
En el else......

----------------------------------------
x = 25.000000, y = 23.000000
avance = -233.000000, avanceR = 2.000000, avanceI = 2.000000
inc_x_r = 0.000000, inc_y_r = 1.000000, inc_x_i = 1.000000, inc_y_i = 1.000000
En el else......

----------------------------------------
x = 25.000000, y = 24.000000
avance = -231.000000, avanceR = 2.000000, avanceI = 2.000000
inc_x_r = 0.000000, inc_y_r = 1.000000, inc_x_i = 1.000000, inc_y_i = 1.000000
En el else......

----------------------------------------
x = 25.000000, y = 25.000000
avance = -229.000000, avanceR = 2.000000, avanceI = 2.000000
inc_x_r = 0.000000, inc_y_r = 1.000000, inc_x_i = 1.000000, inc_y_i = 1.000000
En el else......

----------------------------------------
x = 25.000000, y = 26.000000
avance = -227.000000, avanceR = 2.000000, avanceI = 2.000000
inc_x_r = 0.000000, inc_y_r = 1.000000, inc_x_i = 1.000000, inc_y_i = 1.000000
En el else......

----------------------------------------
x = 25.000000, y = 27.000000
avance = -225.000000, avanceR = 2.000000, avanceI = 2.000000
inc_x_r = 0.000000, inc_y_r = 1.000000, inc_x_i = 1.000000, inc_y_i = 1.000000
En el else......

----------------------------------------
x = 25.000000, y = 28.000000
avance = -223.000000, avanceR = 2.000000, avanceI = 2.000000
inc_x_r = 0.000000, inc_y_r = 1.000000, inc_x_i = 1.000000, inc_y_i = 1.000000
En el else......

----------------------------------------
x = 25.000000, y = 29.000000
avance = -221.000000, avanceR = 2.000000, avanceI = 2.000000
inc_x_r = 0.000000, inc_y_r = 1.000000, inc_x_i = 1.000000, inc_y_i = 1.000000
En el else......

----------------------------------------
x = 25.000000, y = 30.000000
avance = -219.000000, avanceR = 2.000000, avanceI = 2.000000
inc_x_r = 0.000000, inc_y_r = 1.000000, inc_x_i = 1.000000, inc_y_i = 1.000000
En el else......

----------------------------------------
x = 25.000000, y = 31.000000
avance = -217.000000, avanceR = 2.000000, avanceI = 2.000000
inc_x_r = 0.000000, inc_y_r = 1.000000, inc_x_i = 1.000000, inc_y_i = 1.000000
En el else......

----------------------------------------
x = 25.000000, y = 32.000000
avance = -215.000000, avanceR = 2.000000, avanceI = 2.000000
inc_x_r = 0.000000, inc_y_r = 1.000000, inc_x_i = 1.000000, inc_y_i = 1.000000
En el else......

----------------------------------------
x = 25.000000, y = 33.000000
avance = -213.000000, avanceR = 2.000000, avanceI = 2.000000
inc_x_r = 0.000000, inc_y_r = 1.000000, inc_x_i = 1.000000, inc_y_i = 1.000000
En el else......

----------------------------------------
x = 25.000000, y = 34.000000
avance = -211.000000, avanceR = 2.000000, avanceI = 2.000000
inc_x_r = 0.000000, inc_y_r = 1.000000, inc_x_i = 1.000000, inc_y_i = 1.000000
En el else......

----------------------------------------
x = 25.000000, y = 35.000000
avance = -209.000000, avanceR = 2.000000, avanceI = 2.000000
inc_x_r = 0.000000, inc_y_r = 1.000000, inc_x_i = 1.000000, inc_y_i = 1.000000
En el else......

----------------------------------------
x = 25.000000, y = 36.000000
avance = -207.000000, avanceR = 2.000000, avanceI = 2.000000
inc_x_r = 0.000000, inc_y_r = 1.000000, inc_x_i = 1.000000, inc_y_i = 1.000000
En el else......

----------------------------------------
x = 25.000000, y = 37.000000
avance = -205.000000, avanceR = 2.000000, avanceI = 2.000000
inc_x_r = 0.000000, inc_y_r = 1.000000, inc_x_i = 1.000000, inc_y_i = 1.000000
En el else......

----------------------------------------
x = 25.000000, y = 38.000000
avance = -203.000000, avanceR = 2.000000, avanceI = 2.000000
inc_x_r = 0.000000, inc_y_r = 1.000000, inc_x_i = 1.000000, inc_y_i = 1.000000
En el else......

----------------------------------------
x = 25.000000, y = 39.000000
avance = -201.000000, avanceR = 2.000000, avanceI = 2.000000
inc_x_r = 0.000000, inc_y_r = 1.000000, inc_x_i = 1.000000, inc_y_i = 1.000000
En el else......

----------------------------------------
x = 25.000000, y = 40.000000
avance = -199.000000, avanceR = 2.000000, avanceI = 2.000000
inc_x_r = 0.000000, inc_y_r = 1.000000, inc_x_i = 1.000000, inc_y_i = 1.000000
En el else......

----------------------------------------
x = 25.000000, y = 41.000000
avance = -197.000000, avanceR = 2.000000, avanceI = 2.000000
inc_x_r = 0.000000, inc_y_r = 1.000000, inc_x_i = 1.000000, inc_y_i = 1.000000
En el else......

----------------------------------------
x = 25.000000, y = 42.000000
avance = -195.000000, avanceR = 2.000000, avanceI = 2.000000
inc_x_r = 0.000000, inc_y_r = 1.000000, inc_x_i = 1.000000, inc_y_i = 1.000000
En el else......

----------------------------------------
x = 25.000000, y = 43.000000
avance = -193.000000, avanceR = 2.000000, avanceI = 2.000000
inc_x_r = 0.000000, inc_y_r = 1.000000, inc_x_i = 1.000000, inc_y_i = 1.000000
En el else......

----------------------------------------
x = 25.000000, y = 44.000000
avance = -191.000000, avanceR = 2.000000, avanceI = 2.000000
inc_x_r = 0.000000, inc_y_r = 1.000000, inc_x_i = 1.000000, inc_y_i = 1.000000
En el else......

----------------------------------------
x = 25.000000, y = 45.000000
avance = -189.000000, avanceR = 2.000000, avanceI = 2.000000
inc_x_r = 0.000000, inc_y_r = 1.000000, inc_x_i = 1.000000, inc_y_i = 1.000000
En el else......

----------------------------------------
x = 25.000000, y = 46.000000
avance = -187.000000, avanceR = 2.000000, avanceI = 2.000000
inc_x_r = 0.000000, inc_y_r = 1.000000, inc_x_i = 1.000000, inc_y_i = 1.000000
En el else......

----------------------------------------
x = 25.000000, y = 47.000000
avance = -185.000000, avanceR = 2.000000, avanceI = 2.000000
inc_x_r = 0.000000, inc_y_r = 1.000000, inc_x_i = 1.000000, inc_y_i = 1.000000
En el else......

----------------------------------------
x = 25.000000, y = 48.000000
avance = -183.000000, avanceR = 2.000000, avanceI = 2.000000
inc_x_r = 0.000000, inc_y_r = 1.000000, inc_x_i = 1.000000, inc_y_i = 1.000000
En el else......

----------------------------------------
x = 25.000000, y = 49.000000
avance = -181.000000, avanceR = 2.000000, avanceI = 2.000000
inc_x_r = 0.000000, inc_y_r = 1.000000, inc_x_i = 1.000000, inc_y_i = 1.000000
En el else......

----------------------------------------
x = 25.000000, y = 50.000000
avance = -179.000000, avanceR = 2.000000, avanceI = 2.000000
inc_x_r = 0.000000, inc_y_r = 1.000000, inc_x_i = 1.000000, inc_y_i = 1.000000
En el else......

----------------------------------------
x = 25.000000, y = 51.000000
avance = -177.000000, avanceR = 2.000000, avanceI = 2.000000
inc_x_r = 0.000000, inc_y_r = 1.000000, inc_x_i = 1.000000, inc_y_i = 1.000000
En el else......

----------------------------------------
x = 25.000000, y = 52.000000
avance = -175.000000, avanceR = 2.000000, avanceI = 2.000000
inc_x_r = 0.000000, inc_y_r = 1.000000, inc_x_i = 1.000000, inc_y_i = 1.000000
En el else......

----------------------------------------
x = 25.000000, y = 53.000000
avance = -173.000000, avanceR = 2.000000, avanceI = 2.000000
inc_x_r = 0.000000, inc_y_r = 1.000000, inc_x_i = 1.000000, inc_y_i = 1.000000
En el else......

----------------------------------------
x = 25.000000, y = 54.000000
avance = -171.000000, avanceR = 2.000000, avanceI = 2.000000
inc_x_r = 0.000000, inc_y_r = 1.000000, inc_x_i = 1.000000, inc_y_i = 1.000000
En el else......

----------------------------------------
x = 25.000000, y = 55.000000
avance = -169.000000, avanceR = 2.000000, avanceI = 2.000000
inc_x_r = 0.000000, inc_y_r = 1.000000, inc_x_i = 1.000000, inc_y_i = 1.000000
En el else......

----------------------------------------
x = 25.000000, y = 56.000000
avance = -167.000000, avanceR = 2.000000, avanceI = 2.000000
inc_x_r = 0.000000, inc_y_r = 1.000000, inc_x_i = 1.000000, inc_y_i = 1.000000
En el else......

----------------------------------------
x = 25.000000, y = 57.000000
avance = -165.000000, avanceR = 2.000000, avanceI = 2.000000
inc_x_r = 0.000000, inc_y_r = 1.000000, inc_x_i = 1.000000, inc_y_i = 1.000000
En el else......

----------------------------------------
x = 25.000000, y = 58.000000
avance = -163.000000, avanceR = 2.000000, avanceI = 2.000000
inc_x_r = 0.000000, inc_y_r = 1.000000, inc_x_i = 1.000000, inc_y_i = 1.000000
En el else......

----------------------------------------
x = 25.000000, y = 59.000000
avance = -161.000000, avanceR = 2.000000, avanceI = 2.000000
inc_x_r = 0.000000, inc_y_r = 1.000000, inc_x_i = 1.000000, inc_y_i = 1.000000
En el else......

----------------------------------------
x = 25.000000, y = 60.000000
avance = -159.000000, avanceR = 2.000000, avanceI = 2.000000
inc_x_r = 0.000000, inc_y_r = 1.000000, inc_x_i = 1.000000, inc_y_i = 1.000000
En el else......

----------------------------------------
x = 25.000000, y = 61.000000
avance = -157.000000, avanceR = 2.000000, avanceI = 2.000000
inc_x_r = 0.000000, inc_y_r = 1.000000, inc_x_i = 1.000000, inc_y_i = 1.000000
En el else......

----------------------------------------
x = 25.000000, y = 62.000000
avance = -155.000000, avanceR = 2.000000, avanceI = 2.000000
inc_x_r = 0.000000, inc_y_r = 1.000000, inc_x_i = 1.000000, inc_y_i = 1.000000
En el else......

----------------------------------------
x = 25.000000, y = 63.000000
avance = -153.000000, avanceR = 2.000000, avanceI = 2.000000
inc_x_r = 0.000000, inc_y_r = 1.000000, inc_x_i = 1.000000, inc_y_i = 1.000000
En el else......

----------------------------------------
x = 25.000000, y = 64.000000
avance = -151.000000, avanceR = 2.000000, avanceI = 2.000000
inc_x_r = 0.000000, inc_y_r = 1.000000, inc_x_i = 1.000000, inc_y_i = 1.000000
En el else......

----------------------------------------
x = 25.000000, y = 65.000000
avance = -149.000000, avanceR = 2.000000, avanceI = 2.000000
inc_x_r = 0.000000, inc_y_r = 1.000000, inc_x_i = 1.000000, inc_y_i = 1.000000
En el else......

----------------------------------------
x = 25.000000, y = 66.000000
avance = -147.000000, avanceR = 2.000000, avanceI = 2.000000
inc_x_r = 0.000000, inc_y_r = 1.000000, inc_x_i = 1.000000, inc_y_i = 1.000000
En el else......

----------------------------------------
x = 25.000000, y = 67.000000
avance = -145.000000, avanceR = 2.000000, avanceI = 2.000000
inc_x_r = 0.000000, inc_y_r = 1.000000, inc_x_i = 1.000000, inc_y_i = 1.000000
En el else......

----------------------------------------
x = 25.000000, y = 68.000000
avance = -143.000000, avanceR = 2.000000, avanceI = 2.000000
inc_x_r = 0.000000, inc_y_r = 1.000000, inc_x_i = 1.000000, inc_y_i = 1.000000
En el else......

----------------------------------------
x = 25.000000, y = 69.000000
avance = -141.000000, avanceR = 2.000000, avanceI = 2.000000
inc_x_r = 0.000000, inc_y_r = 1.000000, inc_x_i = 1.000000, inc_y_i = 1.000000
En el else......

----------------------------------------
x = 25.000000, y = 70.000000
avance = -139.000000, avanceR = 2.000000, avanceI = 2.000000
inc_x_r = 0.000000, inc_y_r = 1.000000, inc_x_i = 1.000000, inc_y_i = 1.000000
En el else......

----------------------------------------
x = 25.000000, y = 71.000000
avance = -137.000000, avanceR = 2.000000, avanceI = 2.000000
inc_x_r = 0.000000, inc_y_r = 1.000000, inc_x_i = 1.000000, inc_y_i = 1.000000
En el else......

----------------------------------------
x = 25.000000, y = 72.000000
avance = -135.000000, avanceR = 2.000000, avanceI = 2.000000
inc_x_r = 0.000000, inc_y_r = 1.000000, inc_x_i = 1.000000, inc_y_i = 1.000000
En el else......

----------------------------------------
x = 25.000000, y = 73.000000
avance = -133.000000, avanceR = 2.000000, avanceI = 2.000000
inc_x_r = 0.000000, inc_y_r = 1.000000, inc_x_i = 1.000000, inc_y_i = 1.000000
En el else......

----------------------------------------
x = 25.000000, y = 74.000000
avance = -131.000000, avanceR = 2.000000, avanceI = 2.000000
inc_x_r = 0.000000, inc_y_r = 1.000000, inc_x_i = 1.000000, inc_y_i = 1.000000
En el else......

----------------------------------------
x = 25.000000, y = 75.000000
avance = -129.000000, avanceR = 2.000000, avanceI = 2.000000
inc_x_r = 0.000000, inc_y_r = 1.000000, inc_x_i = 1.000000, inc_y_i = 1.000000
En el else......

----------------------------------------
x = 25.000000, y = 76.000000
avance = -127.000000, avanceR = 2.000000, avanceI = 2.000000
inc_x_r = 0.000000, inc_y_r = 1.000000, inc_x_i = 1.000000, inc_y_i = 1.000000
En el else......

----------------------------------------
x = 25.000000, y = 77.000000
avance = -125.000000, avanceR = 2.000000, avanceI = 2.000000
inc_x_r = 0.000000, inc_y_r = 1.000000, inc_x_i = 1.000000, inc_y_i = 1.000000
En el else......

----------------------------------------
x = 25.000000, y = 78.000000
avance = -123.000000, avanceR = 2.000000, avanceI = 2.000000
inc_x_r = 0.000000, inc_y_r = 1.000000, inc_x_i = 1.000000, inc_y_i = 1.000000
En el else......

----------------------------------------
x = 25.000000, y = 79.000000
avance = -121.000000, avanceR = 2.000000, avanceI = 2.000000
inc_x_r = 0.000000, inc_y_r = 1.000000, inc_x_i = 1.000000, inc_y_i = 1.000000
En el else......

----------------------------------------
x = 25.000000, y = 80.000000
avance = -119.000000, avanceR = 2.000000, avanceI = 2.000000
inc_x_r = 0.000000, inc_y_r = 1.000000, inc_x_i = 1.000000, inc_y_i = 1.000000
En el else......

----------------------------------------
x = 25.000000, y = 81.000000
avance = -117.000000, avanceR = 2.000000, avanceI = 2.000000
inc_x_r = 0.000000, inc_y_r = 1.000000, inc_x_i = 1.000000, inc_y_i = 1.000000
En el else......

----------------------------------------
x = 25.000000, y = 82.000000
avance = -115.000000, avanceR = 2.000000, avanceI = 2.000000
inc_x_r = 0.000000, inc_y_r = 1.000000, inc_x_i = 1.000000, inc_y_i = 1.000000
En el else......

----------------------------------------
x = 25.000000, y = 83.000000
avance = -113.000000, avanceR = 2.000000, avanceI = 2.000000
inc_x_r = 0.000000, inc_y_r = 1.000000, inc_x_i = 1.000000, inc_y_i = 1.000000
En el else......

----------------------------------------
x = 25.000000, y = 84.000000
avance = -111.000000, avanceR = 2.000000, avanceI = 2.000000
inc_x_r = 0.000000, inc_y_r = 1.000000, inc_x_i = 1.000000, inc_y_i = 1.000000
En el else......

----------------------------------------
x = 25.000000, y = 85.000000
avance = -109.000000, avanceR = 2.000000, avanceI = 2.000000
inc_x_r = 0.000000, inc_y_r = 1.000000, inc_x_i = 1.000000, inc_y_i = 1.000000
En el else......

----------------------------------------
x = 25.000000, y = 86.000000
avance = -107.000000, avanceR = 2.000000, avanceI = 2.000000
inc_x_r = 0.000000, inc_y_r = 1.000000, inc_x_i = 1.000000, inc_y_i = 1.000000
En el else......

----------------------------------------
x = 25.000000, y = 87.000000
avance = -105.000000, avanceR = 2.000000, avanceI = 2.000000
inc_x_r = 0.000000, inc_y_r = 1.000000, inc_x_i = 1.000000, inc_y_i = 1.000000
En el else......

----------------------------------------
x = 25.000000, y = 88.000000
avance = -103.000000, avanceR = 2.000000, avanceI = 2.000000
inc_x_r = 0.000000, inc_y_r = 1.000000, inc_x_i = 1.000000, inc_y_i = 1.000000
En el else......

----------------------------------------
x = 25.000000, y = 89.000000
avance = -101.000000, avanceR = 2.000000, avanceI = 2.000000
inc_x_r = 0.000000, inc_y_r = 1.000000, inc_x_i = 1.000000, inc_y_i = 1.000000
En el else......

----------------------------------------
x = 25.000000, y = 90.000000
avance = -99.000000, avanceR = 2.000000, avanceI = 2.000000
inc_x_r = 0.000000, inc_y_r = 1.000000, inc_x_i = 1.000000, inc_y_i = 1.000000
En el else......

----------------------------------------
x = 25.000000, y = 91.000000
avance = -97.000000, avanceR = 2.000000, avanceI = 2.000000
inc_x_r = 0.000000, inc_y_r = 1.000000, inc_x_i = 1.000000, inc_y_i = 1.000000
En el else......

----------------------------------------
x = 25.000000, y = 92.000000
avance = -95.000000, avanceR = 2.000000, avanceI = 2.000000
inc_x_r = 0.000000, inc_y_r = 1.000000, inc_x_i = 1.000000, inc_y_i = 1.000000
En el else......

----------------------------------------
x = 25.000000, y = 93.000000
avance = -93.000000, avanceR = 2.000000, avanceI = 2.000000
inc_x_r = 0.000000, inc_y_r = 1.000000, inc_x_i = 1.000000, inc_y_i = 1.000000
En el else......

----------------------------------------
x = 25.000000, y = 94.000000
avance = -91.000000, avanceR = 2.000000, avanceI = 2.000000
inc_x_r = 0.000000, inc_y_r = 1.000000, inc_x_i = 1.000000, inc_y_i = 1.000000
En el else......

----------------------------------------
x = 25.000000, y = 95.000000
avance = -89.000000, avanceR = 2.000000, avanceI = 2.000000
inc_x_r = 0.000000, inc_y_r = 1.000000, inc_x_i = 1.000000, inc_y_i = 1.000000
En el else......

----------------------------------------
x = 25.000000, y = 96.000000
avance = -87.000000, avanceR = 2.000000, avanceI = 2.000000
inc_x_r = 0.000000, inc_y_r = 1.000000, inc_x_i = 1.000000, inc_y_i = 1.000000
En el else......

----------------------------------------
x = 25.000000, y = 97.000000
avance = -85.000000, avanceR = 2.000000, avanceI = 2.000000
inc_x_r = 0.000000, inc_y_r = 1.000000, inc_x_i = 1.000000, inc_y_i = 1.000000
En el else......

----------------------------------------
x = 25.000000, y = 98.000000
avance = -83.000000, avanceR = 2.000000, avanceI = 2.000000
inc_x_r = 0.000000, inc_y_r = 1.000000, inc_x_i = 1.000000, inc_y_i = 1.000000
En el else......

----------------------------------------
x = 25.000000, y = 99.000000
avance = -81.000000, avanceR = 2.000000, avanceI = 2.000000
inc_x_r = 0.000000, inc_y_r = 1.000000, inc_x_i = 1.000000, inc_y_i = 1.000000
En el else......

----------------------------------------
x = 25.000000, y = 100.000000
avance = -79.000000, avanceR = 2.000000, avanceI = 2.000000
inc_x_r = 0.000000, inc_y_r = 1.000000, inc_x_i = 1.000000, inc_y_i = 1.000000
En el else......

----------------------------------------
x = 25.000000, y = 101.000000
avance = -77.000000, avanceR = 2.000000, avanceI = 2.000000
inc_x_r = 0.000000, inc_y_r = 1.000000, inc_x_i = 1.000000, inc_y_i = 1.000000
En el else......

----------------------------------------
x = 25.000000, y = 102.000000
avance = -75.000000, avanceR = 2.000000, avanceI = 2.000000
inc_x_r = 0.000000, inc_y_r = 1.000000, inc_x_i = 1.000000, inc_y_i = 1.000000
En el else......

----------------------------------------
x = 25.000000, y = 103.000000
avance = -73.000000, avanceR = 2.000000, avanceI = 2.000000
inc_x_r = 0.000000, inc_y_r = 1.000000, inc_x_i = 1.000000, inc_y_i = 1.000000
En el else......

----------------------------------------
x = 25.000000, y = 104.000000
avance = -71.000000, avanceR = 2.000000, avanceI = 2.000000
inc_x_r = 0.000000, inc_y_r = 1.000000, inc_x_i = 1.000000, inc_y_i = 1.000000
En el else......

----------------------------------------
x = 25.000000, y = 105.000000
avance = -69.000000, avanceR = 2.000000, avanceI = 2.000000
inc_x_r = 0.000000, inc_y_r = 1.000000, inc_x_i = 1.000000, inc_y_i = 1.000000
En el else......

----------------------------------------
x = 25.000000, y = 106.000000
avance = -67.000000, avanceR = 2.000000, avanceI = 2.000000
inc_x_r = 0.000000, inc_y_r = 1.000000, inc_x_i = 1.000000, inc_y_i = 1.000000
En el else......

----------------------------------------
x = 25.000000, y = 107.000000
avance = -65.000000, avanceR = 2.000000, avanceI = 2.000000
inc_x_r = 0.000000, inc_y_r = 1.000000, inc_x_i = 1.000000, inc_y_i = 1.000000
En el else......

----------------------------------------
x = 25.000000, y = 108.000000
avance = -63.000000, avanceR = 2.000000, avanceI = 2.000000
inc_x_r = 0.000000, inc_y_r = 1.000000, inc_x_i = 1.000000, inc_y_i = 1.000000
En el else......

----------------------------------------
x = 25.000000, y = 109.000000
avance = -61.000000, avanceR = 2.000000, avanceI = 2.000000
inc_x_r = 0.000000, inc_y_r = 1.000000, inc_x_i = 1.000000, inc_y_i = 1.000000
En el else......

----------------------------------------
x = 25.000000, y = 110.000000
avance = -59.000000, avanceR = 2.000000, avanceI = 2.000000
inc_x_r = 0.000000, inc_y_r = 1.000000, inc_x_i = 1.000000, inc_y_i = 1.000000
En el else......

----------------------------------------
x = 25.000000, y = 111.000000
avance = -57.000000, avanceR = 2.000000, avanceI = 2.000000
inc_x_r = 0.000000, inc_y_r = 1.000000, inc_x_i = 1.000000, inc_y_i = 1.000000
En el else......

----------------------------------------
x = 25.000000, y = 112.000000
avance = -55.000000, avanceR = 2.000000, avanceI = 2.000000
inc_x_r = 0.000000, inc_y_r = 1.000000, inc_x_i = 1.000000, inc_y_i = 1.000000
En el else......

----------------------------------------
x = 25.000000, y = 113.000000
avance = -53.000000, avanceR = 2.000000, avanceI = 2.000000
inc_x_r = 0.000000, inc_y_r = 1.000000, inc_x_i = 1.000000, inc_y_i = 1.000000
En el else......

----------------------------------------
x = 25.000000, y = 114.000000
avance = -51.000000, avanceR = 2.000000, avanceI = 2.000000
inc_x_r = 0.000000, inc_y_r = 1.000000, inc_x_i = 1.000000, inc_y_i = 1.000000
En el else......

----------------------------------------
x = 25.000000, y = 115.000000
avance = -49.000000, avanceR = 2.000000, avanceI = 2.000000
inc_x_r = 0.000000, inc_y_r = 1.000000, inc_x_i = 1.000000, inc_y_i = 1.000000
En el else......

----------------------------------------
x = 25.000000, y = 116.000000
avance = -47.000000, avanceR = 2.000000, avanceI = 2.000000
inc_x_r = 0.000000, inc_y_r = 1.000000, inc_x_i = 1.000000, inc_y_i = 1.000000
En el else......

----------------------------------------
x = 25.000000, y = 117.000000
avance = -45.000000, avanceR = 2.000000, avanceI = 2.000000
inc_x_r = 0.000000, inc_y_r = 1.000000, inc_x_i = 1.000000, inc_y_i = 1.000000
En el else......

----------------------------------------
x = 25.000000, y = 118.000000
avance = -43.000000, avanceR = 2.000000, avanceI = 2.000000
inc_x_r = 0.000000, inc_y_r = 1.000000, inc_x_i = 1.000000, inc_y_i = 1.000000
En el else......

----------------------------------------
x = 25.000000, y = 119.000000
avance = -41.000000, avanceR = 2.000000, avanceI = 2.000000
inc_x_r = 0.000000, inc_y_r = 1.000000, inc_x_i = 1.000000, inc_y_i = 1.000000
En el else......

----------------------------------------
x = 25.000000, y = 120.000000
avance = -39.000000, avanceR = 2.000000, avanceI = 2.000000
inc_x_r = 0.000000, inc_y_r = 1.000000, inc_x_i = 1.000000, inc_y_i = 1.000000
En el else......

----------------------------------------
x = 25.000000, y = 121.000000
avance = -37.000000, avanceR = 2.000000, avanceI = 2.000000
inc_x_r = 0.000000, inc_y_r = 1.000000, inc_x_i = 1.000000, inc_y_i = 1.000000
En el else......

----------------------------------------
x = 25.000000, y = 122.000000
avance = -35.000000, avanceR = 2.000000, avanceI = 2.000000
inc_x_r = 0.000000, inc_y_r = 1.000000, inc_x_i = 1.000000, inc_y_i = 1.000000
En el else......

----------------------------------------
x = 25.000000, y = 123.000000
avance = -33.000000, avanceR = 2.000000, avanceI = 2.000000
inc_x_r = 0.000000, inc_y_r = 1.000000, inc_x_i = 1.000000, inc_y_i = 1.000000
En el else......

----------------------------------------
x = 25.000000, y = 124.000000
avance = -31.000000, avanceR = 2.000000, avanceI = 2.000000
inc_x_r = 0.000000, inc_y_r = 1.000000, inc_x_i = 1.000000, inc_y_i = 1.000000
En el else......

----------------------------------------
x = 25.000000, y = 125.000000
avance = -29.000000, avanceR = 2.000000, avanceI = 2.000000
inc_x_r = 0.000000, inc_y_r = 1.000000, inc_x_i = 1.000000, inc_y_i = 1.000000
En el else......

----------------------------------------
x = 25.000000, y = 126.000000
avance = -27.000000, avanceR = 2.000000, avanceI = 2.000000
inc_x_r = 0.000000, inc_y_r = 1.000000, inc_x_i = 1.000000, inc_y_i = 1.000000
En el else......

----------------------------------------
x = 25.000000, y = 127.000000
avance = -25.000000, avanceR = 2.000000, avanceI = 2.000000
inc_x_r = 0.000000, inc_y_r = 1.000000, inc_x_i = 1.000000, inc_y_i = 1.000000
En el else......

----------------------------------------
x = 25.000000, y = 128.000000
avance = -23.000000, avanceR = 2.000000, avanceI = 2.000000
inc_x_r = 0.000000, inc_y_r = 1.000000, inc_x_i = 1.000000, inc_y_i = 1.000000
En el else......

----------------------------------------
x = 25.000000, y = 129.000000
avance = -21.000000, avanceR = 2.000000, avanceI = 2.000000
inc_x_r = 0.000000, inc_y_r = 1.000000, inc_x_i = 1.000000, inc_y_i = 1.000000
En el else......

----------------------------------------
x = 25.000000, y = 130.000000
avance = -19.000000, avanceR = 2.000000, avanceI = 2.000000
inc_x_r = 0.000000, inc_y_r = 1.000000, inc_x_i = 1.000000, inc_y_i = 1.000000
En el else......

----------------------------------------
x = 25.000000, y = 131.000000
avance = -17.000000, avanceR = 2.000000, avanceI = 2.000000
inc_x_r = 0.000000, inc_y_r = 1.000000, inc_x_i = 1.000000, inc_y_i = 1.000000
En el else......

----------------------------------------
x = 25.000000, y = 132.000000
avance = -15.000000, avanceR = 2.000000, avanceI = 2.000000
inc_x_r = 0.000000, inc_y_r = 1.000000, inc_x_i = 1.000000, inc_y_i = 1.000000
En el else......

----------------------------------------
x = 25.000000, y = 133.000000
avance = -13.000000, avanceR = 2.000000, avanceI = 2.000000
inc_x_r = 0.000000, inc_y_r = 1.000000, inc_x_i = 1.000000, inc_y_i = 1.000000
En el else......

----------------------------------------
x = 25.000000, y = 134.000000
avance = -11.000000, avanceR = 2.000000, avanceI = 2.000000
inc_x_r = 0.000000, inc_y_r = 1.000000, inc_x_i = 1.000000, inc_y_i = 1.000000
En el else......

----------------------------------------
x = 25.000000, y = 135.000000
avance = -9.000000, avanceR = 2.000000, avanceI = 2.000000
inc_x_r = 0.000000, inc_y_r = 1.000000, inc_x_i = 1.000000, inc_y_i = 1.000000
En el else......

----------------------------------------
x = 25.000000, y = 136.000000
avance = -7.000000, avanceR = 2.000000, avanceI = 2.000000
inc_x_r = 0.000000, inc_y_r = 1.000000, inc_x_i = 1.000000, inc_y_i = 1.000000
En el else......

----------------------------------------
x = 25.000000, y = 137.000000
avance = -5.000000, avanceR = 2.000000, avanceI = 2.000000
inc_x_r = 0.000000, inc_y_r = 1.000000, inc_x_i = 1.000000, inc_y_i = 1.000000
En el else......

----------------------------------------
x = 25.000000, y = 138.000000
avance = -3.000000, avanceR = 2.000000, avanceI = 2.000000
inc_x_r = 0.000000, inc_y_r = 1.000000, inc_x_i = 1.000000, inc_y_i = 1.000000
En el else......

----------------------------------------
x = 25.000000, y = 139.000000
avance = -1.000000, avanceR = 2.000000, avanceI = 2.000000
inc_x_r = 0.000000, inc_y_r = 1.000000, inc_x_i = 1.000000, inc_y_i = 1.000000
En el else......

----------------------------------------
x = 25.000000, y = 140.000000
avance = 1.000000, avanceR = 2.000000, avanceI = 2.000000
inc_x_r = 0.000000, inc_y_r = 1.000000, inc_x_i = 1.000000, inc_y_i = 1.000000
avance >= 0

----------------------------------------
x = 26.000000, y = 141.000000
avance = -499.000000, avanceR = 2.000000, avanceI = 2.000000
inc_x_r = 0.000000, inc_y_r = 1.000000, inc_x_i = 1.000000, inc_y_i = 1.000000
En el else......

----------------------------------------
x = 26.000000, y = 142.000000
avance = -497.000000, avanceR = 2.000000, avanceI = 2.000000
inc_x_r = 0.000000, inc_y_r = 1.000000, inc_x_i = 1.000000, inc_y_i = 1.000000
En el else......

----------------------------------------
x = 26.000000, y = 143.000000
avance = -495.000000, avanceR = 2.000000, avanceI = 2.000000
inc_x_r = 0.000000, inc_y_r = 1.000000, inc_x_i = 1.000000, inc_y_i = 1.000000
En el else......

----------------------------------------
x = 26.000000, y = 144.000000
avance = -493.000000, avanceR = 2.000000, avanceI = 2.000000
inc_x_r = 0.000000, inc_y_r = 1.000000, inc_x_i = 1.000000, inc_y_i = 1.000000
En el else......

----------------------------------------
x = 26.000000, y = 145.000000
avance = -491.000000, avanceR = 2.000000, avanceI = 2.000000
inc_x_r = 0.000000, inc_y_r = 1.000000, inc_x_i = 1.000000, inc_y_i = 1.000000
En el else......

----------------------------------------
x = 26.000000, y = 146.000000
avance = -489.000000, avanceR = 2.000000, avanceI = 2.000000
inc_x_r = 0.000000, inc_y_r = 1.000000, inc_x_i = 1.000000, inc_y_i = 1.000000
En el else......

----------------------------------------
x = 26.000000, y = 147.000000
avance = -487.000000, avanceR = 2.000000, avanceI = 2.000000
inc_x_r = 0.000000, inc_y_r = 1.000000, inc_x_i = 1.000000, inc_y_i = 1.000000
En el else......

----------------------------------------
x = 26.000000, y = 148.000000
avance = -485.000000, avanceR = 2.000000, avanceI = 2.000000
inc_x_r = 0.000000, inc_y_r = 1.000000, inc_x_i = 1.000000, inc_y_i = 1.000000
En el else......

----------------------------------------
x = 26.000000, y = 149.000000
avance = -483.000000, avanceR = 2.000000, avanceI = 2.000000
inc_x_r = 0.000000, inc_y_r = 1.000000, inc_x_i = 1.000000, inc_y_i = 1.000000
En el else......

----------------------------------------
x = 26.000000, y = 150.000000
avance = -481.000000, avanceR = 2.000000, avanceI = 2.000000
inc_x_r = 0.000000, inc_y_r = 1.000000, inc_x_i = 1.000000, inc_y_i = 1.000000
En el else......

----------------------------------------
x = 26.000000, y = 151.000000
avance = -479.000000, avanceR = 2.000000, avanceI = 2.000000
inc_x_r = 0.000000, inc_y_r = 1.000000, inc_x_i = 1.000000, inc_y_i = 1.000000
En el else......

----------------------------------------
x = 26.000000, y = 152.000000
avance = -477.000000, avanceR = 2.000000, avanceI = 2.000000
inc_x_r = 0.000000, inc_y_r = 1.000000, inc_x_i = 1.000000, inc_y_i = 1.000000
En el else......

----------------------------------------
x = 26.000000, y = 153.000000
avance = -475.000000, avanceR = 2.000000, avanceI = 2.000000
inc_x_r = 0.000000, inc_y_r = 1.000000, inc_x_i = 1.000000, inc_y_i = 1.000000
En el else......

----------------------------------------
x = 26.000000, y = 154.000000
avance = -473.000000, avanceR = 2.000000, avanceI = 2.000000
inc_x_r = 0.000000, inc_y_r = 1.000000, inc_x_i = 1.000000, inc_y_i = 1.000000
En el else......

----------------------------------------
x = 26.000000, y = 155.000000
avance = -471.000000, avanceR = 2.000000, avanceI = 2.000000
inc_x_r = 0.000000, inc_y_r = 1.000000, inc_x_i = 1.000000, inc_y_i = 1.000000
En el else......

----------------------------------------
x = 26.000000, y = 156.000000
avance = -469.000000, avanceR = 2.000000, avanceI = 2.000000
inc_x_r = 0.000000, inc_y_r = 1.000000, inc_x_i = 1.000000, inc_y_i = 1.000000
En el else......

----------------------------------------
x = 26.000000, y = 157.000000
avance = -467.000000, avanceR = 2.000000, avanceI = 2.000000
inc_x_r = 0.000000, inc_y_r = 1.000000, inc_x_i = 1.000000, inc_y_i = 1.000000
En el else......

----------------------------------------
x = 26.000000, y = 158.000000
avance = -465.000000, avanceR = 2.000000, avanceI = 2.000000
inc_x_r = 0.000000, inc_y_r = 1.000000, inc_x_i = 1.000000, inc_y_i = 1.000000
En el else......

----------------------------------------
x = 26.000000, y = 159.000000
avance = -463.000000, avanceR = 2.000000, avanceI = 2.000000
inc_x_r = 0.000000, inc_y_r = 1.000000, inc_x_i = 1.000000, inc_y_i = 1.000000
En el else......

----------------------------------------
x = 26.000000, y = 160.000000
avance = -461.000000, avanceR = 2.000000, avanceI = 2.000000
inc_x_r = 0.000000, inc_y_r = 1.000000, inc_x_i = 1.000000, inc_y_i = 1.000000
En el else......

----------------------------------------
x = 26.000000, y = 161.000000
avance = -459.000000, avanceR = 2.000000, avanceI = 2.000000
inc_x_r = 0.000000, inc_y_r = 1.000000, inc_x_i = 1.000000, inc_y_i = 1.000000
En el else......

----------------------------------------
x = 26.000000, y = 162.000000
avance = -457.000000, avanceR = 2.000000, avanceI = 2.000000
inc_x_r = 0.000000, inc_y_r = 1.000000, inc_x_i = 1.000000, inc_y_i = 1.000000
En el else......

----------------------------------------
x = 26.000000, y = 163.000000
avance = -455.000000, avanceR = 2.000000, avanceI = 2.000000
inc_x_r = 0.000000, inc_y_r = 1.000000, inc_x_i = 1.000000, inc_y_i = 1.000000
En el else......

----------------------------------------
x = 26.000000, y = 164.000000
avance = -453.000000, avanceR = 2.000000, avanceI = 2.000000
inc_x_r = 0.000000, inc_y_r = 1.000000, inc_x_i = 1.000000, inc_y_i = 1.000000
En el else......

----------------------------------------
x = 26.000000, y = 165.000000
avance = -451.000000, avanceR = 2.000000, avanceI = 2.000000
inc_x_r = 0.000000, inc_y_r = 1.000000, inc_x_i = 1.000000, inc_y_i = 1.000000
En el else......

----------------------------------------
x = 26.000000, y = 166.000000
avance = -449.000000, avanceR = 2.000000, avanceI = 2.000000
inc_x_r = 0.000000, inc_y_r = 1.000000, inc_x_i = 1.000000, inc_y_i = 1.000000
En el else......

----------------------------------------
x = 26.000000, y = 167.000000
avance = -447.000000, avanceR = 2.000000, avanceI = 2.000000
inc_x_r = 0.000000, inc_y_r = 1.000000, inc_x_i = 1.000000, inc_y_i = 1.000000
En el else......

----------------------------------------
x = 26.000000, y = 168.000000
avance = -445.000000, avanceR = 2.000000, avanceI = 2.000000
inc_x_r = 0.000000, inc_y_r = 1.000000, inc_x_i = 1.000000, inc_y_i = 1.000000
En el else......

----------------------------------------
x = 26.000000, y = 169.000000
avance = -443.000000, avanceR = 2.000000, avanceI = 2.000000
inc_x_r = 0.000000, inc_y_r = 1.000000, inc_x_i = 1.000000, inc_y_i = 1.000000
En el else......

----------------------------------------
x = 26.000000, y = 170.000000
avance = -441.000000, avanceR = 2.000000, avanceI = 2.000000
inc_x_r = 0.000000, inc_y_r = 1.000000, inc_x_i = 1.000000, inc_y_i = 1.000000
En el else......

----------------------------------------
x = 26.000000, y = 171.000000
avance = -439.000000, avanceR = 2.000000, avanceI = 2.000000
inc_x_r = 0.000000, inc_y_r = 1.000000, inc_x_i = 1.000000, inc_y_i = 1.000000
En el else......

----------------------------------------
x = 26.000000, y = 172.000000
avance = -437.000000, avanceR = 2.000000, avanceI = 2.000000
inc_x_r = 0.000000, inc_y_r = 1.000000, inc_x_i = 1.000000, inc_y_i = 1.000000
En el else......

----------------------------------------
x = 26.000000, y = 173.000000
avance = -435.000000, avanceR = 2.000000, avanceI = 2.000000
inc_x_r = 0.000000, inc_y_r = 1.000000, inc_x_i = 1.000000, inc_y_i = 1.000000
En el else......

----------------------------------------
x = 26.000000, y = 174.000000
avance = -433.000000, avanceR = 2.000000, avanceI = 2.000000
inc_x_r = 0.000000, inc_y_r = 1.000000, inc_x_i = 1.000000, inc_y_i = 1.000000
En el else......

----------------------------------------
x = 26.000000, y = 175.000000
avance = -431.000000, avanceR = 2.000000, avanceI = 2.000000
inc_x_r = 0.000000, inc_y_r = 1.000000, inc_x_i = 1.000000, inc_y_i = 1.000000
En el else......

----------------------------------------
x = 26.000000, y = 176.000000
avance = -429.000000, avanceR = 2.000000, avanceI = 2.000000
inc_x_r = 0.000000, inc_y_r = 1.000000, inc_x_i = 1.000000, inc_y_i = 1.000000
En el else......

----------------------------------------
x = 26.000000, y = 177.000000
avance = -427.000000, avanceR = 2.000000, avanceI = 2.000000
inc_x_r = 0.000000, inc_y_r = 1.000000, inc_x_i = 1.000000, inc_y_i = 1.000000
En el else......

----------------------------------------
x = 26.000000, y = 178.000000
avance = -425.000000, avanceR = 2.000000, avanceI = 2.000000
inc_x_r = 0.000000, inc_y_r = 1.000000, inc_x_i = 1.000000, inc_y_i = 1.000000
En el else......

----------------------------------------
x = 26.000000, y = 179.000000
avance = -423.000000, avanceR = 2.000000, avanceI = 2.000000
inc_x_r = 0.000000, inc_y_r = 1.000000, inc_x_i = 1.000000, inc_y_i = 1.000000
En el else......

----------------------------------------
x = 26.000000, y = 180.000000
avance = -421.000000, avanceR = 2.000000, avanceI = 2.000000
inc_x_r = 0.000000, inc_y_r = 1.000000, inc_x_i = 1.000000, inc_y_i = 1.000000
En el else......

----------------------------------------
x = 26.000000, y = 181.000000
avance = -419.000000, avanceR = 2.000000, avanceI = 2.000000
inc_x_r = 0.000000, inc_y_r = 1.000000, inc_x_i = 1.000000, inc_y_i = 1.000000
En el else......

----------------------------------------
x = 26.000000, y = 182.000000
avance = -417.000000, avanceR = 2.000000, avanceI = 2.000000
inc_x_r = 0.000000, inc_y_r = 1.000000, inc_x_i = 1.000000, inc_y_i = 1.000000
En el else......

----------------------------------------
x = 26.000000, y = 183.000000
avance = -415.000000, avanceR = 2.000000, avanceI = 2.000000
inc_x_r = 0.000000, inc_y_r = 1.000000, inc_x_i = 1.000000, inc_y_i = 1.000000
En el else......

----------------------------------------
x = 26.000000, y = 184.000000
avance = -413.000000, avanceR = 2.000000, avanceI = 2.000000
inc_x_r = 0.000000, inc_y_r = 1.000000, inc_x_i = 1.000000, inc_y_i = 1.000000
En el else......

----------------------------------------
x = 26.000000, y = 185.000000
avance = -411.000000, avanceR = 2.000000, avanceI = 2.000000
inc_x_r = 0.000000, inc_y_r = 1.000000, inc_x_i = 1.000000, inc_y_i = 1.000000
En el else......

----------------------------------------
x = 26.000000, y = 186.000000
avance = -409.000000, avanceR = 2.000000, avanceI = 2.000000
inc_x_r = 0.000000, inc_y_r = 1.000000, inc_x_i = 1.000000, inc_y_i = 1.000000
En el else......

----------------------------------------
x = 26.000000, y = 187.000000
avance = -407.000000, avanceR = 2.000000, avanceI = 2.000000
inc_x_r = 0.000000, inc_y_r = 1.000000, inc_x_i = 1.000000, inc_y_i = 1.000000
En el else......

----------------------------------------
x = 26.000000, y = 188.000000
avance = -405.000000, avanceR = 2.000000, avanceI = 2.000000
inc_x_r = 0.000000, inc_y_r = 1.000000, inc_x_i = 1.000000, inc_y_i = 1.000000
En el else......

----------------------------------------
x = 26.000000, y = 189.000000
avance = -403.000000, avanceR = 2.000000, avanceI = 2.000000
inc_x_r = 0.000000, inc_y_r = 1.000000, inc_x_i = 1.000000, inc_y_i = 1.000000
En el else......

----------------------------------------
x = 26.000000, y = 190.000000
avance = -401.000000, avanceR = 2.000000, avanceI = 2.000000
inc_x_r = 0.000000, inc_y_r = 1.000000, inc_x_i = 1.000000, inc_y_i = 1.000000
En el else......

----------------------------------------
x = 26.000000, y = 191.000000
avance = -399.000000, avanceR = 2.000000, avanceI = 2.000000
inc_x_r = 0.000000, inc_y_r = 1.000000, inc_x_i = 1.000000, inc_y_i = 1.000000
En el else......

----------------------------------------
x = 26.000000, y = 192.000000
avance = -397.000000, avanceR = 2.000000, avanceI = 2.000000
inc_x_r = 0.000000, inc_y_r = 1.000000, inc_x_i = 1.000000, inc_y_i = 1.000000
En el else......

----------------------------------------
x = 26.000000, y = 193.000000
avance = -395.000000, avanceR = 2.000000, avanceI = 2.000000
inc_x_r = 0.000000, inc_y_r = 1.000000, inc_x_i = 1.000000, inc_y_i = 1.000000
En el else......

----------------------------------------
x = 26.000000, y = 194.000000
avance = -393.000000, avanceR = 2.000000, avanceI = 2.000000
inc_x_r = 0.000000, inc_y_r = 1.000000, inc_x_i = 1.000000, inc_y_i = 1.000000
En el else......

----------------------------------------
x = 26.000000, y = 195.000000
avance = -391.000000, avanceR = 2.000000, avanceI = 2.000000
inc_x_r = 0.000000, inc_y_r = 1.000000, inc_x_i = 1.000000, inc_y_i = 1.000000
En el else......

----------------------------------------
x = 26.000000, y = 196.000000
avance = -389.000000, avanceR = 2.000000, avanceI = 2.000000
inc_x_r = 0.000000, inc_y_r = 1.000000, inc_x_i = 1.000000, inc_y_i = 1.000000
En el else......

----------------------------------------
x = 26.000000, y = 197.000000
avance = -387.000000, avanceR = 2.000000, avanceI = 2.000000
inc_x_r = 0.000000, inc_y_r = 1.000000, inc_x_i = 1.000000, inc_y_i = 1.000000
En el else......

----------------------------------------
x = 26.000000, y = 198.000000
avance = -385.000000, avanceR = 2.000000, avanceI = 2.000000
inc_x_r = 0.000000, inc_y_r = 1.000000, inc_x_i = 1.000000, inc_y_i = 1.000000
En el else......

----------------------------------------
x = 26.000000, y = 199.000000
avance = -383.000000, avanceR = 2.000000, avanceI = 2.000000
inc_x_r = 0.000000, inc_y_r = 1.000000, inc_x_i = 1.000000, inc_y_i = 1.000000
En el else......

----------------------------------------
x = 26.000000, y = 200.000000
avance = -381.000000, avanceR = 2.000000, avanceI = 2.000000
inc_x_r = 0.000000, inc_y_r = 1.000000, inc_x_i = 1.000000, inc_y_i = 1.000000
En el else......

----------------------------------------
x = 26.000000, y = 201.000000
avance = -379.000000, avanceR = 2.000000, avanceI = 2.000000
inc_x_r = 0.000000, inc_y_r = 1.000000, inc_x_i = 1.000000, inc_y_i = 1.000000
En el else......

----------------------------------------
x = 26.000000, y = 202.000000
avance = -377.000000, avanceR = 2.000000, avanceI = 2.000000
inc_x_r = 0.000000, inc_y_r = 1.000000, inc_x_i = 1.000000, inc_y_i = 1.000000
En el else......

----------------------------------------
x = 26.000000, y = 203.000000
avance = -375.000000, avanceR = 2.000000, avanceI = 2.000000
inc_x_r = 0.000000, inc_y_r = 1.000000, inc_x_i = 1.000000, inc_y_i = 1.000000
En el else......

----------------------------------------
x = 26.000000, y = 204.000000
avance = -373.000000, avanceR = 2.000000, avanceI = 2.000000
inc_x_r = 0.000000, inc_y_r = 1.000000, inc_x_i = 1.000000, inc_y_i = 1.000000
En el else......

----------------------------------------
x = 26.000000, y = 205.000000
avance = -371.000000, avanceR = 2.000000, avanceI = 2.000000
inc_x_r = 0.000000, inc_y_r = 1.000000, inc_x_i = 1.000000, inc_y_i = 1.000000
En el else......

----------------------------------------
x = 26.000000, y = 206.000000
avance = -369.000000, avanceR = 2.000000, avanceI = 2.000000
inc_x_r = 0.000000, inc_y_r = 1.000000, inc_x_i = 1.000000, inc_y_i = 1.000000
En el else......

----------------------------------------
x = 26.000000, y = 207.000000
avance = -367.000000, avanceR = 2.000000, avanceI = 2.000000
inc_x_r = 0.000000, inc_y_r = 1.000000, inc_x_i = 1.000000, inc_y_i = 1.000000
En el else......

----------------------------------------
x = 26.000000, y = 208.000000
avance = -365.000000, avanceR = 2.000000, avanceI = 2.000000
inc_x_r = 0.000000, inc_y_r = 1.000000, inc_x_i = 1.000000, inc_y_i = 1.000000
En el else......

----------------------------------------
x = 26.000000, y = 209.000000
avance = -363.000000, avanceR = 2.000000, avanceI = 2.000000
inc_x_r = 0.000000, inc_y_r = 1.000000, inc_x_i = 1.000000, inc_y_i = 1.000000
En el else......

----------------------------------------
x = 26.000000, y = 210.000000
avance = -361.000000, avanceR = 2.000000, avanceI = 2.000000
inc_x_r = 0.000000, inc_y_r = 1.000000, inc_x_i = 1.000000, inc_y_i = 1.000000
En el else......

----------------------------------------
x = 26.000000, y = 211.000000
avance = -359.000000, avanceR = 2.000000, avanceI = 2.000000
inc_x_r = 0.000000, inc_y_r = 1.000000, inc_x_i = 1.000000, inc_y_i = 1.000000
En el else......

----------------------------------------
x = 26.000000, y = 212.000000
avance = -357.000000, avanceR = 2.000000, avanceI = 2.000000
inc_x_r = 0.000000, inc_y_r = 1.000000, inc_x_i = 1.000000, inc_y_i = 1.000000
En el else......

----------------------------------------
x = 26.000000, y = 213.000000
avance = -355.000000, avanceR = 2.000000, avanceI = 2.000000
inc_x_r = 0.000000, inc_y_r = 1.000000, inc_x_i = 1.000000, inc_y_i = 1.000000
En el else......

----------------------------------------
x = 26.000000, y = 214.000000
avance = -353.000000, avanceR = 2.000000, avanceI = 2.000000
inc_x_r = 0.000000, inc_y_r = 1.000000, inc_x_i = 1.000000, inc_y_i = 1.000000
En el else......

----------------------------------------
x = 26.000000, y = 215.000000
avance = -351.000000, avanceR = 2.000000, avanceI = 2.000000
inc_x_r = 0.000000, inc_y_r = 1.000000, inc_x_i = 1.000000, inc_y_i = 1.000000
En el else......

----------------------------------------
x = 26.000000, y = 216.000000
avance = -349.000000, avanceR = 2.000000, avanceI = 2.000000
inc_x_r = 0.000000, inc_y_r = 1.000000, inc_x_i = 1.000000, inc_y_i = 1.000000
En el else......

----------------------------------------
x = 26.000000, y = 217.000000
avance = -347.000000, avanceR = 2.000000, avanceI = 2.000000
inc_x_r = 0.000000, inc_y_r = 1.000000, inc_x_i = 1.000000, inc_y_i = 1.000000
En el else......

----------------------------------------
x = 26.000000, y = 218.000000
avance = -345.000000, avanceR = 2.000000, avanceI = 2.000000
inc_x_r = 0.000000, inc_y_r = 1.000000, inc_x_i = 1.000000, inc_y_i = 1.000000
En el else......

----------------------------------------
x = 26.000000, y = 219.000000
avance = -343.000000, avanceR = 2.000000, avanceI = 2.000000
inc_x_r = 0.000000, inc_y_r = 1.000000, inc_x_i = 1.000000, inc_y_i = 1.000000
En el else......

----------------------------------------
x = 26.000000, y = 220.000000
avance = -341.000000, avanceR = 2.000000, avanceI = 2.000000
inc_x_r = 0.000000, inc_y_r = 1.000000, inc_x_i = 1.000000, inc_y_i = 1.000000
En el else......

----------------------------------------
x = 26.000000, y = 221.000000
avance = -339.000000, avanceR = 2.000000, avanceI = 2.000000
inc_x_r = 0.000000, inc_y_r = 1.000000, inc_x_i = 1.000000, inc_y_i = 1.000000
En el else......

----------------------------------------
x = 26.000000, y = 222.000000
avance = -337.000000, avanceR = 2.000000, avanceI = 2.000000
inc_x_r = 0.000000, inc_y_r = 1.000000, inc_x_i = 1.000000, inc_y_i = 1.000000
En el else......

----------------------------------------
x = 26.000000, y = 223.000000
avance = -335.000000, avanceR = 2.000000, avanceI = 2.000000
inc_x_r = 0.000000, inc_y_r = 1.000000, inc_x_i = 1.000000, inc_y_i = 1.000000
En el else......

----------------------------------------
x = 26.000000, y = 224.000000
avance = -333.000000, avanceR = 2.000000, avanceI = 2.000000
inc_x_r = 0.000000, inc_y_r = 1.000000, inc_x_i = 1.000000, inc_y_i = 1.000000
En el else......

----------------------------------------
x = 26.000000, y = 225.000000
avance = -331.000000, avanceR = 2.000000, avanceI = 2.000000
inc_x_r = 0.000000, inc_y_r = 1.000000, inc_x_i = 1.000000, inc_y_i = 1.000000
En el else......

----------------------------------------
x = 26.000000, y = 226.000000
avance = -329.000000, avanceR = 2.000000, avanceI = 2.000000
inc_x_r = 0.000000, inc_y_r = 1.000000, inc_x_i = 1.000000, inc_y_i = 1.000000
En el else......

----------------------------------------
x = 26.000000, y = 227.000000
avance = -327.000000, avanceR = 2.000000, avanceI = 2.000000
inc_x_r = 0.000000, inc_y_r = 1.000000, inc_x_i = 1.000000, inc_y_i = 1.000000
En el else......

----------------------------------------
x = 26.000000, y = 228.000000
avance = -325.000000, avanceR = 2.000000, avanceI = 2.000000
inc_x_r = 0.000000, inc_y_r = 1.000000, inc_x_i = 1.000000, inc_y_i = 1.000000
En el else......

----------------------------------------
x = 26.000000, y = 229.000000
avance = -323.000000, avanceR = 2.000000, avanceI = 2.000000
inc_x_r = 0.000000, inc_y_r = 1.000000, inc_x_i = 1.000000, inc_y_i = 1.000000
En el else......

----------------------------------------
x = 26.000000, y = 230.000000
avance = -321.000000, avanceR = 2.000000, avanceI = 2.000000
inc_x_r = 0.000000, inc_y_r = 1.000000, inc_x_i = 1.000000, inc_y_i = 1.000000
En el else......

----------------------------------------
x = 26.000000, y = 231.000000
avance = -319.000000, avanceR = 2.000000, avanceI = 2.000000
inc_x_r = 0.000000, inc_y_r = 1.000000, inc_x_i = 1.000000, inc_y_i = 1.000000
En el else......

----------------------------------------
x = 26.000000, y = 232.000000
avance = -317.000000, avanceR = 2.000000, avanceI = 2.000000
inc_x_r = 0.000000, inc_y_r = 1.000000, inc_x_i = 1.000000, inc_y_i = 1.000000
En el else......

----------------------------------------
x = 26.000000, y = 233.000000
avance = -315.000000, avanceR = 2.000000, avanceI = 2.000000
inc_x_r = 0.000000, inc_y_r = 1.000000, inc_x_i = 1.000000, inc_y_i = 1.000000
En el else......

----------------------------------------
x = 26.000000, y = 234.000000
avance = -313.000000, avanceR = 2.000000, avanceI = 2.000000
inc_x_r = 0.000000, inc_y_r = 1.000000, inc_x_i = 1.000000, inc_y_i = 1.000000
En el else......

----------------------------------------
x = 26.000000, y = 235.000000
avance = -311.000000, avanceR = 2.000000, avanceI = 2.000000
inc_x_r = 0.000000, inc_y_r = 1.000000, inc_x_i = 1.000000, inc_y_i = 1.000000
En el else......

----------------------------------------
x = 26.000000, y = 236.000000
avance = -309.000000, avanceR = 2.000000, avanceI = 2.000000
inc_x_r = 0.000000, inc_y_r = 1.000000, inc_x_i = 1.000000, inc_y_i = 1.000000
En el else......

----------------------------------------
x = 26.000000, y = 237.000000
avance = -307.000000, avanceR = 2.000000, avanceI = 2.000000
inc_x_r = 0.000000, inc_y_r = 1.000000, inc_x_i = 1.000000, inc_y_i = 1.000000
En el else......

----------------------------------------
x = 26.000000, y = 238.000000
avance = -305.000000, avanceR = 2.000000, avanceI = 2.000000
inc_x_r = 0.000000, inc_y_r = 1.000000, inc_x_i = 1.000000, inc_y_i = 1.000000
En el else......

----------------------------------------
x = 26.000000, y = 239.000000
avance = -303.000000, avanceR = 2.000000, avanceI = 2.000000
inc_x_r = 0.000000, inc_y_r = 1.000000, inc_x_i = 1.000000, inc_y_i = 1.000000
En el else......

----------------------------------------
x = 26.000000, y = 240.000000
avance = -301.000000, avanceR = 2.000000, avanceI = 2.000000
inc_x_r = 0.000000, inc_y_r = 1.000000, inc_x_i = 1.000000, inc_y_i = 1.000000
En el else......

----------------------------------------
x = 26.000000, y = 241.000000
avance = -299.000000, avanceR = 2.000000, avanceI = 2.000000
inc_x_r = 0.000000, inc_y_r = 1.000000, inc_x_i = 1.000000, inc_y_i = 1.000000
En el else......

----------------------------------------
x = 26.000000, y = 242.000000
avance = -297.000000, avanceR = 2.000000, avanceI = 2.000000
inc_x_r = 0.000000, inc_y_r = 1.000000, inc_x_i = 1.000000, inc_y_i = 1.000000
En el else......

----------------------------------------
x = 26.000000, y = 243.000000
avance = -295.000000, avanceR = 2.000000, avanceI = 2.000000
inc_x_r = 0.000000, inc_y_r = 1.000000, inc_x_i = 1.000000, inc_y_i = 1.000000
En el else......

----------------------------------------
x = 26.000000, y = 244.000000
avance = -293.000000, avanceR = 2.000000, avanceI = 2.000000
inc_x_r = 0.000000, inc_y_r = 1.000000, inc_x_i = 1.000000, inc_y_i = 1.000000
En el else......

----------------------------------------
x = 26.000000, y = 245.000000
avance = -291.000000, avanceR = 2.000000, avanceI = 2.000000
inc_x_r = 0.000000, inc_y_r = 1.000000, inc_x_i = 1.000000, inc_y_i = 1.000000
En el else......

----------------------------------------
x = 26.000000, y = 246.000000
avance = -289.000000, avanceR = 2.000000, avanceI = 2.000000
inc_x_r = 0.000000, inc_y_r = 1.000000, inc_x_i = 1.000000, inc_y_i = 1.000000
En el else......

----------------------------------------
x = 26.000000, y = 247.000000
avance = -287.000000, avanceR = 2.000000, avanceI = 2.000000
inc_x_r = 0.000000, inc_y_r = 1.000000, inc_x_i = 1.000000, inc_y_i = 1.000000
En el else......

----------------------------------------
x = 26.000000, y = 248.000000
avance = -285.000000, avanceR = 2.000000, avanceI = 2.000000
inc_x_r = 0.000000, inc_y_r = 1.000000, inc_x_i = 1.000000, inc_y_i = 1.000000
En el else......

----------------------------------------
x = 26.000000, y = 249.000000
avance = -283.000000, avanceR = 2.000000, avanceI = 2.000000
inc_x_r = 0.000000, inc_y_r = 1.000000, inc_x_i = 1.000000, inc_y_i = 1.000000
En el else......

----------------------------------------
x = 26.000000, y = 250.000000
avance = -281.000000, avanceR = 2.000000, avanceI = 2.000000
inc_x_r = 0.000000, inc_y_r = 1.000000, inc_x_i = 1.000000, inc_y_i = 1.000000
En el else......

----------------------------------------
x = 26.000000, y = 251.000000
avance = -279.000000, avanceR = 2.000000, avanceI = 2.000000
inc_x_r = 0.000000, inc_y_r = 1.000000, inc_x_i = 1.000000, inc_y_i = 1.000000
En el else......

----------------------------------------
x = 26.000000, y = 252.000000
avance = -277.000000, avanceR = 2.000000, avanceI = 2.000000
inc_x_r = 0.000000, inc_y_r = 1.000000, inc_x_i = 1.000000, inc_y_i = 1.000000
En el else......

----------------------------------------
x = 26.000000, y = 253.000000
avance = -275.000000, avanceR = 2.000000, avanceI = 2.000000
inc_x_r = 0.000000, inc_y_r = 1.000000, inc_x_i = 1.000000, inc_y_i = 1.000000
En el else......

----------------------------------------
x = 26.000000, y = 254.000000
avance = -273.000000, avanceR = 2.000000, avanceI = 2.000000
inc_x_r = 0.000000, inc_y_r = 1.000000, inc_x_i = 1.000000, inc_y_i = 1.000000
En el else......

----------------------------------------
x = 26.000000, y = 255.000000
avance = -271.000000, avanceR = 2.000000, avanceI = 2.000000
inc_x_r = 0.000000, inc_y_r = 1.000000, inc_x_i = 1.000000, inc_y_i = 1.000000
En el else......

----------------------------------------
x = 26.000000, y = 256.000000
avance = -269.000000, avanceR = 2.000000, avanceI = 2.000000
inc_x_r = 0.000000, inc_y_r = 1.000000, inc_x_i = 1.000000, inc_y_i = 1.000000
En el else......

----------------------------------------
x = 26.000000, y = 257.000000
avance = -267.000000, avanceR = 2.000000, avanceI = 2.000000
inc_x_r = 0.000000, inc_y_r = 1.000000, inc_x_i = 1.000000, inc_y_i = 1.000000
En el else......

----------------------------------------
x = 26.000000, y = 258.000000
avance = -265.000000, avanceR = 2.000000, avanceI = 2.000000
inc_x_r = 0.000000, inc_y_r = 1.000000, inc_x_i = 1.000000, inc_y_i = 1.000000
En el else......

----------------------------------------
x = 26.000000, y = 259.000000
avance = -263.000000, avanceR = 2.000000, avanceI = 2.000000
inc_x_r = 0.000000, inc_y_r = 1.000000, inc_x_i = 1.000000, inc_y_i = 1.000000
En el else......

----------------------------------------
x = 26.000000, y = 260.000000
avance = -261.000000, avanceR = 2.000000, avanceI = 2.000000
inc_x_r = 0.000000, inc_y_r = 1.000000, inc_x_i = 1.000000, inc_y_i = 1.000000
En el else......

----------------------------------------
x = 26.000000, y = 261.000000
avance = -259.000000, avanceR = 2.000000, avanceI = 2.000000
inc_x_r = 0.000000, inc_y_r = 1.000000, inc_x_i = 1.000000, inc_y_i = 1.000000
En el else......

----------------------------------------
x = 26.000000, y = 262.000000
avance = -257.000000, avanceR = 2.000000, avanceI = 2.000000
inc_x_r = 0.000000, inc_y_r = 1.000000, inc_x_i = 1.000000, inc_y_i = 1.000000
En el else......

----------------------------------------
x = 26.000000, y = 263.000000
avance = -255.000000, avanceR = 2.000000, avanceI = 2.000000
inc_x_r = 0.000000, inc_y_r = 1.000000, inc_x_i = 1.000000, inc_y_i = 1.000000
En el else......

----------------------------------------
x = 26.000000, y = 264.000000
avance = -253.000000, avanceR = 2.000000, avanceI = 2.000000
inc_x_r = 0.000000, inc_y_r = 1.000000, inc_x_i = 1.000000, inc_y_i = 1.000000
En el else......

----------------------------------------
x = 26.000000, y = 265.000000
avance = -251.000000, avanceR = 2.000000, avanceI = 2.000000
inc_x_r = 0.000000, inc_y_r = 1.000000, inc_x_i = 1.000000, inc_y_i = 1.000000
En el else......

----------------------------------------


ENTRAMOS A BRESENHAMªªªª
x1 = 25.000000 - y1 = 15.000000 || x2 = 26.000000 - y2 = 266.000000
dy = 251.000000, dx = 1.000000
avances inclinados: inc_x_i = 1.000000, inc_y_i = 1.000000
updated: dy = 251.000000, dx = 1.000000
avances rectos: inc_x_r = 0.000000, inc_y_r 1.000000
reupdated: dy = 1.000000, dx = 251.000000
avanceR = 2.000000, avance -249.000000, avanceI 2.000000
----------------------------------------
x = 25.000000, y = 15.000000
avance = -249.000000, avanceR = 2.000000, avanceI = 2.000000
inc_x_r = 0.000000, inc_y_r = 1.000000, inc_x_i = 1.000000, inc_y_i = 1.000000
En el else......

----------------------------------------
x = 25.000000, y = 16.000000
avance = -247.000000, avanceR = 2.000000, avanceI = 2.000000
inc_x_r = 0.000000, inc_y_r = 1.000000, inc_x_i = 1.000000, inc_y_i = 1.000000
En el else......

----------------------------------------
x = 25.000000, y = 17.000000
avance = -245.000000, avanceR = 2.000000, avanceI = 2.000000
inc_x_r = 0.000000, inc_y_r = 1.000000, inc_x_i = 1.000000, inc_y_i = 1.000000
En el else......

----------------------------------------
x = 25.000000, y = 18.000000
avance = -243.000000, avanceR = 2.000000, avanceI = 2.000000
inc_x_r = 0.000000, inc_y_r = 1.000000, inc_x_i = 1.000000, inc_y_i = 1.000000
En el else......

----------------------------------------
x = 25.000000, y = 19.000000
avance = -241.000000, avanceR = 2.000000, avanceI = 2.000000
inc_x_r = 0.000000, inc_y_r = 1.000000, inc_x_i = 1.000000, inc_y_i = 1.000000
En el else......

----------------------------------------
x = 25.000000, y = 20.000000
avance = -239.000000, avanceR = 2.000000, avanceI = 2.000000
inc_x_r = 0.000000, inc_y_r = 1.000000, inc_x_i = 1.000000, inc_y_i = 1.000000
En el else......

----------------------------------------
x = 25.000000, y = 21.000000
avance = -237.000000, avanceR = 2.000000, avanceI = 2.000000
inc_x_r = 0.000000, inc_y_r = 1.000000, inc_x_i = 1.000000, inc_y_i = 1.000000
En el else......

----------------------------------------
x = 25.000000, y = 22.000000
avance = -235.000000, avanceR = 2.000000, avanceI = 2.000000
inc_x_r = 0.000000, inc_y_r = 1.000000, inc_x_i = 1.000000, inc_y_i = 1.000000
En el else......

----------------------------------------
x = 25.000000, y = 23.000000
avance = -233.000000, avanceR = 2.000000, avanceI = 2.000000
inc_x_r = 0.000000, inc_y_r = 1.000000, inc_x_i = 1.000000, inc_y_i = 1.000000
En el else......

----------------------------------------
x = 25.000000, y = 24.000000
avance = -231.000000, avanceR = 2.000000, avanceI = 2.000000
inc_x_r = 0.000000, inc_y_r = 1.000000, inc_x_i = 1.000000, inc_y_i = 1.000000
En el else......

----------------------------------------
x = 25.000000, y = 25.000000
avance = -229.000000, avanceR = 2.000000, avanceI = 2.000000
inc_x_r = 0.000000, inc_y_r = 1.000000, inc_x_i = 1.000000, inc_y_i = 1.000000
En el else......

----------------------------------------
x = 25.000000, y = 26.000000
avance = -227.000000, avanceR = 2.000000, avanceI = 2.000000
inc_x_r = 0.000000, inc_y_r = 1.000000, inc_x_i = 1.000000, inc_y_i = 1.000000
En el else......

----------------------------------------
x = 25.000000, y = 27.000000
avance = -225.000000, avanceR = 2.000000, avanceI = 2.000000
inc_x_r = 0.000000, inc_y_r = 1.000000, inc_x_i = 1.000000, inc_y_i = 1.000000
En el else......

----------------------------------------
x = 25.000000, y = 28.000000
avance = -223.000000, avanceR = 2.000000, avanceI = 2.000000
inc_x_r = 0.000000, inc_y_r = 1.000000, inc_x_i = 1.000000, inc_y_i = 1.000000
En el else......

----------------------------------------
x = 25.000000, y = 29.000000
avance = -221.000000, avanceR = 2.000000, avanceI = 2.000000
inc_x_r = 0.000000, inc_y_r = 1.000000, inc_x_i = 1.000000, inc_y_i = 1.000000
En el else......

----------------------------------------
x = 25.000000, y = 30.000000
avance = -219.000000, avanceR = 2.000000, avanceI = 2.000000
inc_x_r = 0.000000, inc_y_r = 1.000000, inc_x_i = 1.000000, inc_y_i = 1.000000
En el else......

----------------------------------------
x = 25.000000, y = 31.000000
avance = -217.000000, avanceR = 2.000000, avanceI = 2.000000
inc_x_r = 0.000000, inc_y_r = 1.000000, inc_x_i = 1.000000, inc_y_i = 1.000000
En el else......

----------------------------------------
x = 25.000000, y = 32.000000
avance = -215.000000, avanceR = 2.000000, avanceI = 2.000000
inc_x_r = 0.000000, inc_y_r = 1.000000, inc_x_i = 1.000000, inc_y_i = 1.000000
En el else......

----------------------------------------
x = 25.000000, y = 33.000000
avance = -213.000000, avanceR = 2.000000, avanceI = 2.000000
inc_x_r = 0.000000, inc_y_r = 1.000000, inc_x_i = 1.000000, inc_y_i = 1.000000
En el else......

----------------------------------------
x = 25.000000, y = 34.000000
avance = -211.000000, avanceR = 2.000000, avanceI = 2.000000
inc_x_r = 0.000000, inc_y_r = 1.000000, inc_x_i = 1.000000, inc_y_i = 1.000000
En el else......

----------------------------------------
x = 25.000000, y = 35.000000
avance = -209.000000, avanceR = 2.000000, avanceI = 2.000000
inc_x_r = 0.000000, inc_y_r = 1.000000, inc_x_i = 1.000000, inc_y_i = 1.000000
En el else......

----------------------------------------
x = 25.000000, y = 36.000000
avance = -207.000000, avanceR = 2.000000, avanceI = 2.000000
inc_x_r = 0.000000, inc_y_r = 1.000000, inc_x_i = 1.000000, inc_y_i = 1.000000
En el else......

----------------------------------------
x = 25.000000, y = 37.000000
avance = -205.000000, avanceR = 2.000000, avanceI = 2.000000
inc_x_r = 0.000000, inc_y_r = 1.000000, inc_x_i = 1.000000, inc_y_i = 1.000000
En el else......

----------------------------------------
x = 25.000000, y = 38.000000
avance = -203.000000, avanceR = 2.000000, avanceI = 2.000000
inc_x_r = 0.000000, inc_y_r = 1.000000, inc_x_i = 1.000000, inc_y_i = 1.000000
En el else......

----------------------------------------
x = 25.000000, y = 39.000000
avance = -201.000000, avanceR = 2.000000, avanceI = 2.000000
inc_x_r = 0.000000, inc_y_r = 1.000000, inc_x_i = 1.000000, inc_y_i = 1.000000
En el else......

----------------------------------------
x = 25.000000, y = 40.000000
avance = -199.000000, avanceR = 2.000000, avanceI = 2.000000
inc_x_r = 0.000000, inc_y_r = 1.000000, inc_x_i = 1.000000, inc_y_i = 1.000000
En el else......

----------------------------------------
x = 25.000000, y = 41.000000
avance = -197.000000, avanceR = 2.000000, avanceI = 2.000000
inc_x_r = 0.000000, inc_y_r = 1.000000, inc_x_i = 1.000000, inc_y_i = 1.000000
En el else......

----------------------------------------
x = 25.000000, y = 42.000000
avance = -195.000000, avanceR = 2.000000, avanceI = 2.000000
inc_x_r = 0.000000, inc_y_r = 1.000000, inc_x_i = 1.000000, inc_y_i = 1.000000
En el else......

----------------------------------------
x = 25.000000, y = 43.000000
avance = -193.000000, avanceR = 2.000000, avanceI = 2.000000
inc_x_r = 0.000000, inc_y_r = 1.000000, inc_x_i = 1.000000, inc_y_i = 1.000000
En el else......

----------------------------------------
x = 25.000000, y = 44.000000
avance = -191.000000, avanceR = 2.000000, avanceI = 2.000000
inc_x_r = 0.000000, inc_y_r = 1.000000, inc_x_i = 1.000000, inc_y_i = 1.000000
En el else......

----------------------------------------
x = 25.000000, y = 45.000000
avance = -189.000000, avanceR = 2.000000, avanceI = 2.000000
inc_x_r = 0.000000, inc_y_r = 1.000000, inc_x_i = 1.000000, inc_y_i = 1.000000
En el else......

----------------------------------------
x = 25.000000, y = 46.000000
avance = -187.000000, avanceR = 2.000000, avanceI = 2.000000
inc_x_r = 0.000000, inc_y_r = 1.000000, inc_x_i = 1.000000, inc_y_i = 1.000000
En el else......

----------------------------------------
x = 25.000000, y = 47.000000
avance = -185.000000, avanceR = 2.000000, avanceI = 2.000000
inc_x_r = 0.000000, inc_y_r = 1.000000, inc_x_i = 1.000000, inc_y_i = 1.000000
En el else......

----------------------------------------
x = 25.000000, y = 48.000000
avance = -183.000000, avanceR = 2.000000, avanceI = 2.000000
inc_x_r = 0.000000, inc_y_r = 1.000000, inc_x_i = 1.000000, inc_y_i = 1.000000
En el else......

----------------------------------------
x = 25.000000, y = 49.000000
avance = -181.000000, avanceR = 2.000000, avanceI = 2.000000
inc_x_r = 0.000000, inc_y_r = 1.000000, inc_x_i = 1.000000, inc_y_i = 1.000000
En el else......

----------------------------------------
x = 25.000000, y = 50.000000
avance = -179.000000, avanceR = 2.000000, avanceI = 2.000000
inc_x_r = 0.000000, inc_y_r = 1.000000, inc_x_i = 1.000000, inc_y_i = 1.000000
En el else......

----------------------------------------
x = 25.000000, y = 51.000000
avance = -177.000000, avanceR = 2.000000, avanceI = 2.000000
inc_x_r = 0.000000, inc_y_r = 1.000000, inc_x_i = 1.000000, inc_y_i = 1.000000
En el else......

----------------------------------------
x = 25.000000, y = 52.000000
avance = -175.000000, avanceR = 2.000000, avanceI = 2.000000
inc_x_r = 0.000000, inc_y_r = 1.000000, inc_x_i = 1.000000, inc_y_i = 1.000000
En el else......

----------------------------------------
x = 25.000000, y = 53.000000
avance = -173.000000, avanceR = 2.000000, avanceI = 2.000000
inc_x_r = 0.000000, inc_y_r = 1.000000, inc_x_i = 1.000000, inc_y_i = 1.000000
En el else......

----------------------------------------
x = 25.000000, y = 54.000000
avance = -171.000000, avanceR = 2.000000, avanceI = 2.000000
inc_x_r = 0.000000, inc_y_r = 1.000000, inc_x_i = 1.000000, inc_y_i = 1.000000
En el else......

----------------------------------------
x = 25.000000, y = 55.000000
avance = -169.000000, avanceR = 2.000000, avanceI = 2.000000
inc_x_r = 0.000000, inc_y_r = 1.000000, inc_x_i = 1.000000, inc_y_i = 1.000000
En el else......

----------------------------------------
x = 25.000000, y = 56.000000
avance = -167.000000, avanceR = 2.000000, avanceI = 2.000000
inc_x_r = 0.000000, inc_y_r = 1.000000, inc_x_i = 1.000000, inc_y_i = 1.000000
En el else......

----------------------------------------
x = 25.000000, y = 57.000000
avance = -165.000000, avanceR = 2.000000, avanceI = 2.000000
inc_x_r = 0.000000, inc_y_r = 1.000000, inc_x_i = 1.000000, inc_y_i = 1.000000
En el else......

----------------------------------------
x = 25.000000, y = 58.000000
avance = -163.000000, avanceR = 2.000000, avanceI = 2.000000
inc_x_r = 0.000000, inc_y_r = 1.000000, inc_x_i = 1.000000, inc_y_i = 1.000000
En el else......

----------------------------------------
x = 25.000000, y = 59.000000
avance = -161.000000, avanceR = 2.000000, avanceI = 2.000000
inc_x_r = 0.000000, inc_y_r = 1.000000, inc_x_i = 1.000000, inc_y_i = 1.000000
En el else......

----------------------------------------
x = 25.000000, y = 60.000000
avance = -159.000000, avanceR = 2.000000, avanceI = 2.000000
inc_x_r = 0.000000, inc_y_r = 1.000000, inc_x_i = 1.000000, inc_y_i = 1.000000
En el else......

----------------------------------------
x = 25.000000, y = 61.000000
avance = -157.000000, avanceR = 2.000000, avanceI = 2.000000
inc_x_r = 0.000000, inc_y_r = 1.000000, inc_x_i = 1.000000, inc_y_i = 1.000000
En el else......

----------------------------------------
x = 25.000000, y = 62.000000
avance = -155.000000, avanceR = 2.000000, avanceI = 2.000000
inc_x_r = 0.000000, inc_y_r = 1.000000, inc_x_i = 1.000000, inc_y_i = 1.000000
En el else......

----------------------------------------
x = 25.000000, y = 63.000000
avance = -153.000000, avanceR = 2.000000, avanceI = 2.000000
inc_x_r = 0.000000, inc_y_r = 1.000000, inc_x_i = 1.000000, inc_y_i = 1.000000
En el else......

----------------------------------------
x = 25.000000, y = 64.000000
avance = -151.000000, avanceR = 2.000000, avanceI = 2.000000
inc_x_r = 0.000000, inc_y_r = 1.000000, inc_x_i = 1.000000, inc_y_i = 1.000000
En el else......

----------------------------------------
x = 25.000000, y = 65.000000
avance = -149.000000, avanceR = 2.000000, avanceI = 2.000000
inc_x_r = 0.000000, inc_y_r = 1.000000, inc_x_i = 1.000000, inc_y_i = 1.000000
En el else......

----------------------------------------
x = 25.000000, y = 66.000000
avance = -147.000000, avanceR = 2.000000, avanceI = 2.000000
inc_x_r = 0.000000, inc_y_r = 1.000000, inc_x_i = 1.000000, inc_y_i = 1.000000
En el else......

----------------------------------------
x = 25.000000, y = 67.000000
avance = -145.000000, avanceR = 2.000000, avanceI = 2.000000
inc_x_r = 0.000000, inc_y_r = 1.000000, inc_x_i = 1.000000, inc_y_i = 1.000000
En el else......

----------------------------------------
x = 25.000000, y = 68.000000
avance = -143.000000, avanceR = 2.000000, avanceI = 2.000000
inc_x_r = 0.000000, inc_y_r = 1.000000, inc_x_i = 1.000000, inc_y_i = 1.000000
En el else......

----------------------------------------
x = 25.000000, y = 69.000000
avance = -141.000000, avanceR = 2.000000, avanceI = 2.000000
inc_x_r = 0.000000, inc_y_r = 1.000000, inc_x_i = 1.000000, inc_y_i = 1.000000
En el else......

----------------------------------------
x = 25.000000, y = 70.000000
avance = -139.000000, avanceR = 2.000000, avanceI = 2.000000
inc_x_r = 0.000000, inc_y_r = 1.000000, inc_x_i = 1.000000, inc_y_i = 1.000000
En el else......

----------------------------------------
x = 25.000000, y = 71.000000
avance = -137.000000, avanceR = 2.000000, avanceI = 2.000000
inc_x_r = 0.000000, inc_y_r = 1.000000, inc_x_i = 1.000000, inc_y_i = 1.000000
En el else......

----------------------------------------
x = 25.000000, y = 72.000000
avance = -135.000000, avanceR = 2.000000, avanceI = 2.000000
inc_x_r = 0.000000, inc_y_r = 1.000000, inc_x_i = 1.000000, inc_y_i = 1.000000
En el else......

----------------------------------------
x = 25.000000, y = 73.000000
avance = -133.000000, avanceR = 2.000000, avanceI = 2.000000
inc_x_r = 0.000000, inc_y_r = 1.000000, inc_x_i = 1.000000, inc_y_i = 1.000000
En el else......

----------------------------------------
x = 25.000000, y = 74.000000
avance = -131.000000, avanceR = 2.000000, avanceI = 2.000000
inc_x_r = 0.000000, inc_y_r = 1.000000, inc_x_i = 1.000000, inc_y_i = 1.000000
En el else......

----------------------------------------
x = 25.000000, y = 75.000000
avance = -129.000000, avanceR = 2.000000, avanceI = 2.000000
inc_x_r = 0.000000, inc_y_r = 1.000000, inc_x_i = 1.000000, inc_y_i = 1.000000
En el else......

----------------------------------------
x = 25.000000, y = 76.000000
avance = -127.000000, avanceR = 2.000000, avanceI = 2.000000
inc_x_r = 0.000000, inc_y_r = 1.000000, inc_x_i = 1.000000, inc_y_i = 1.000000
En el else......

----------------------------------------
x = 25.000000, y = 77.000000
avance = -125.000000, avanceR = 2.000000, avanceI = 2.000000
inc_x_r = 0.000000, inc_y_r = 1.000000, inc_x_i = 1.000000, inc_y_i = 1.000000
En el else......

----------------------------------------
x = 25.000000, y = 78.000000
avance = -123.000000, avanceR = 2.000000, avanceI = 2.000000
inc_x_r = 0.000000, inc_y_r = 1.000000, inc_x_i = 1.000000, inc_y_i = 1.000000
En el else......

----------------------------------------
x = 25.000000, y = 79.000000
avance = -121.000000, avanceR = 2.000000, avanceI = 2.000000
inc_x_r = 0.000000, inc_y_r = 1.000000, inc_x_i = 1.000000, inc_y_i = 1.000000
En el else......

----------------------------------------
x = 25.000000, y = 80.000000
avance = -119.000000, avanceR = 2.000000, avanceI = 2.000000
inc_x_r = 0.000000, inc_y_r = 1.000000, inc_x_i = 1.000000, inc_y_i = 1.000000
En el else......

----------------------------------------
x = 25.000000, y = 81.000000
avance = -117.000000, avanceR = 2.000000, avanceI = 2.000000
inc_x_r = 0.000000, inc_y_r = 1.000000, inc_x_i = 1.000000, inc_y_i = 1.000000
En el else......

----------------------------------------
x = 25.000000, y = 82.000000
avance = -115.000000, avanceR = 2.000000, avanceI = 2.000000
inc_x_r = 0.000000, inc_y_r = 1.000000, inc_x_i = 1.000000, inc_y_i = 1.000000
En el else......

----------------------------------------
x = 25.000000, y = 83.000000
avance = -113.000000, avanceR = 2.000000, avanceI = 2.000000
inc_x_r = 0.000000, inc_y_r = 1.000000, inc_x_i = 1.000000, inc_y_i = 1.000000
En el else......

----------------------------------------
x = 25.000000, y = 84.000000
avance = -111.000000, avanceR = 2.000000, avanceI = 2.000000
inc_x_r = 0.000000, inc_y_r = 1.000000, inc_x_i = 1.000000, inc_y_i = 1.000000
En el else......

----------------------------------------
x = 25.000000, y = 85.000000
avance = -109.000000, avanceR = 2.000000, avanceI = 2.000000
inc_x_r = 0.000000, inc_y_r = 1.000000, inc_x_i = 1.000000, inc_y_i = 1.000000
En el else......

----------------------------------------
x = 25.000000, y = 86.000000
avance = -107.000000, avanceR = 2.000000, avanceI = 2.000000
inc_x_r = 0.000000, inc_y_r = 1.000000, inc_x_i = 1.000000, inc_y_i = 1.000000
En el else......

----------------------------------------
x = 25.000000, y = 87.000000
avance = -105.000000, avanceR = 2.000000, avanceI = 2.000000
inc_x_r = 0.000000, inc_y_r = 1.000000, inc_x_i = 1.000000, inc_y_i = 1.000000
En el else......

----------------------------------------
x = 25.000000, y = 88.000000
avance = -103.000000, avanceR = 2.000000, avanceI = 2.000000
inc_x_r = 0.000000, inc_y_r = 1.000000, inc_x_i = 1.000000, inc_y_i = 1.000000
En el else......

----------------------------------------
x = 25.000000, y = 89.000000
avance = -101.000000, avanceR = 2.000000, avanceI = 2.000000
inc_x_r = 0.000000, inc_y_r = 1.000000, inc_x_i = 1.000000, inc_y_i = 1.000000
En el else......

----------------------------------------
x = 25.000000, y = 90.000000
avance = -99.000000, avanceR = 2.000000, avanceI = 2.000000
inc_x_r = 0.000000, inc_y_r = 1.000000, inc_x_i = 1.000000, inc_y_i = 1.000000
En el else......

----------------------------------------
x = 25.000000, y = 91.000000
avance = -97.000000, avanceR = 2.000000, avanceI = 2.000000
inc_x_r = 0.000000, inc_y_r = 1.000000, inc_x_i = 1.000000, inc_y_i = 1.000000
En el else......

----------------------------------------
x = 25.000000, y = 92.000000
avance = -95.000000, avanceR = 2.000000, avanceI = 2.000000
inc_x_r = 0.000000, inc_y_r = 1.000000, inc_x_i = 1.000000, inc_y_i = 1.000000
En el else......

----------------------------------------
x = 25.000000, y = 93.000000
avance = -93.000000, avanceR = 2.000000, avanceI = 2.000000
inc_x_r = 0.000000, inc_y_r = 1.000000, inc_x_i = 1.000000, inc_y_i = 1.000000
En el else......

----------------------------------------
x = 25.000000, y = 94.000000
avance = -91.000000, avanceR = 2.000000, avanceI = 2.000000
inc_x_r = 0.000000, inc_y_r = 1.000000, inc_x_i = 1.000000, inc_y_i = 1.000000
En el else......

----------------------------------------
x = 25.000000, y = 95.000000
avance = -89.000000, avanceR = 2.000000, avanceI = 2.000000
inc_x_r = 0.000000, inc_y_r = 1.000000, inc_x_i = 1.000000, inc_y_i = 1.000000
En el else......

----------------------------------------
x = 25.000000, y = 96.000000
avance = -87.000000, avanceR = 2.000000, avanceI = 2.000000
inc_x_r = 0.000000, inc_y_r = 1.000000, inc_x_i = 1.000000, inc_y_i = 1.000000
En el else......

----------------------------------------
x = 25.000000, y = 97.000000
avance = -85.000000, avanceR = 2.000000, avanceI = 2.000000
inc_x_r = 0.000000, inc_y_r = 1.000000, inc_x_i = 1.000000, inc_y_i = 1.000000
En el else......

----------------------------------------
x = 25.000000, y = 98.000000
avance = -83.000000, avanceR = 2.000000, avanceI = 2.000000
inc_x_r = 0.000000, inc_y_r = 1.000000, inc_x_i = 1.000000, inc_y_i = 1.000000
En el else......

----------------------------------------
x = 25.000000, y = 99.000000
avance = -81.000000, avanceR = 2.000000, avanceI = 2.000000
inc_x_r = 0.000000, inc_y_r = 1.000000, inc_x_i = 1.000000, inc_y_i = 1.000000
En el else......

----------------------------------------
x = 25.000000, y = 100.000000
avance = -79.000000, avanceR = 2.000000, avanceI = 2.000000
inc_x_r = 0.000000, inc_y_r = 1.000000, inc_x_i = 1.000000, inc_y_i = 1.000000
En el else......

----------------------------------------
x = 25.000000, y = 101.000000
avance = -77.000000, avanceR = 2.000000, avanceI = 2.000000
inc_x_r = 0.000000, inc_y_r = 1.000000, inc_x_i = 1.000000, inc_y_i = 1.000000
En el else......

----------------------------------------
x = 25.000000, y = 102.000000
avance = -75.000000, avanceR = 2.000000, avanceI = 2.000000
inc_x_r = 0.000000, inc_y_r = 1.000000, inc_x_i = 1.000000, inc_y_i = 1.000000
En el else......

----------------------------------------
x = 25.000000, y = 103.000000
avance = -73.000000, avanceR = 2.000000, avanceI = 2.000000
inc_x_r = 0.000000, inc_y_r = 1.000000, inc_x_i = 1.000000, inc_y_i = 1.000000
En el else......

----------------------------------------
x = 25.000000, y = 104.000000
avance = -71.000000, avanceR = 2.000000, avanceI = 2.000000
inc_x_r = 0.000000, inc_y_r = 1.000000, inc_x_i = 1.000000, inc_y_i = 1.000000
En el else......

----------------------------------------
x = 25.000000, y = 105.000000
avance = -69.000000, avanceR = 2.000000, avanceI = 2.000000
inc_x_r = 0.000000, inc_y_r = 1.000000, inc_x_i = 1.000000, inc_y_i = 1.000000
En el else......

----------------------------------------
x = 25.000000, y = 106.000000
avance = -67.000000, avanceR = 2.000000, avanceI = 2.000000
inc_x_r = 0.000000, inc_y_r = 1.000000, inc_x_i = 1.000000, inc_y_i = 1.000000
En el else......

----------------------------------------
x = 25.000000, y = 107.000000
avance = -65.000000, avanceR = 2.000000, avanceI = 2.000000
inc_x_r = 0.000000, inc_y_r = 1.000000, inc_x_i = 1.000000, inc_y_i = 1.000000
En el else......

----------------------------------------
x = 25.000000, y = 108.000000
avance = -63.000000, avanceR = 2.000000, avanceI = 2.000000
inc_x_r = 0.000000, inc_y_r = 1.000000, inc_x_i = 1.000000, inc_y_i = 1.000000
En el else......

----------------------------------------
x = 25.000000, y = 109.000000
avance = -61.000000, avanceR = 2.000000, avanceI = 2.000000
inc_x_r = 0.000000, inc_y_r = 1.000000, inc_x_i = 1.000000, inc_y_i = 1.000000
En el else......

----------------------------------------
x = 25.000000, y = 110.000000
avance = -59.000000, avanceR = 2.000000, avanceI = 2.000000
inc_x_r = 0.000000, inc_y_r = 1.000000, inc_x_i = 1.000000, inc_y_i = 1.000000
En el else......

----------------------------------------
x = 25.000000, y = 111.000000
avance = -57.000000, avanceR = 2.000000, avanceI = 2.000000
inc_x_r = 0.000000, inc_y_r = 1.000000, inc_x_i = 1.000000, inc_y_i = 1.000000
En el else......

----------------------------------------
x = 25.000000, y = 112.000000
avance = -55.000000, avanceR = 2.000000, avanceI = 2.000000
inc_x_r = 0.000000, inc_y_r = 1.000000, inc_x_i = 1.000000, inc_y_i = 1.000000
En el else......

----------------------------------------
x = 25.000000, y = 113.000000
avance = -53.000000, avanceR = 2.000000, avanceI = 2.000000
inc_x_r = 0.000000, inc_y_r = 1.000000, inc_x_i = 1.000000, inc_y_i = 1.000000
En el else......

----------------------------------------
x = 25.000000, y = 114.000000
avance = -51.000000, avanceR = 2.000000, avanceI = 2.000000
inc_x_r = 0.000000, inc_y_r = 1.000000, inc_x_i = 1.000000, inc_y_i = 1.000000
En el else......

----------------------------------------
x = 25.000000, y = 115.000000
avance = -49.000000, avanceR = 2.000000, avanceI = 2.000000
inc_x_r = 0.000000, inc_y_r = 1.000000, inc_x_i = 1.000000, inc_y_i = 1.000000
En el else......

----------------------------------------
x = 25.000000, y = 116.000000
avance = -47.000000, avanceR = 2.000000, avanceI = 2.000000
inc_x_r = 0.000000, inc_y_r = 1.000000, inc_x_i = 1.000000, inc_y_i = 1.000000
En el else......

----------------------------------------
x = 25.000000, y = 117.000000
avance = -45.000000, avanceR = 2.000000, avanceI = 2.000000
inc_x_r = 0.000000, inc_y_r = 1.000000, inc_x_i = 1.000000, inc_y_i = 1.000000
En el else......

----------------------------------------
x = 25.000000, y = 118.000000
avance = -43.000000, avanceR = 2.000000, avanceI = 2.000000
inc_x_r = 0.000000, inc_y_r = 1.000000, inc_x_i = 1.000000, inc_y_i = 1.000000
En el else......

----------------------------------------
x = 25.000000, y = 119.000000
avance = -41.000000, avanceR = 2.000000, avanceI = 2.000000
inc_x_r = 0.000000, inc_y_r = 1.000000, inc_x_i = 1.000000, inc_y_i = 1.000000
En el else......

----------------------------------------
x = 25.000000, y = 120.000000
avance = -39.000000, avanceR = 2.000000, avanceI = 2.000000
inc_x_r = 0.000000, inc_y_r = 1.000000, inc_x_i = 1.000000, inc_y_i = 1.000000
En el else......

----------------------------------------
x = 25.000000, y = 121.000000
avance = -37.000000, avanceR = 2.000000, avanceI = 2.000000
inc_x_r = 0.000000, inc_y_r = 1.000000, inc_x_i = 1.000000, inc_y_i = 1.000000
En el else......

----------------------------------------
x = 25.000000, y = 122.000000
avance = -35.000000, avanceR = 2.000000, avanceI = 2.000000
inc_x_r = 0.000000, inc_y_r = 1.000000, inc_x_i = 1.000000, inc_y_i = 1.000000
En el else......

----------------------------------------
x = 25.000000, y = 123.000000
avance = -33.000000, avanceR = 2.000000, avanceI = 2.000000
inc_x_r = 0.000000, inc_y_r = 1.000000, inc_x_i = 1.000000, inc_y_i = 1.000000
En el else......

----------------------------------------
x = 25.000000, y = 124.000000
avance = -31.000000, avanceR = 2.000000, avanceI = 2.000000
inc_x_r = 0.000000, inc_y_r = 1.000000, inc_x_i = 1.000000, inc_y_i = 1.000000
En el else......

----------------------------------------
x = 25.000000, y = 125.000000
avance = -29.000000, avanceR = 2.000000, avanceI = 2.000000
inc_x_r = 0.000000, inc_y_r = 1.000000, inc_x_i = 1.000000, inc_y_i = 1.000000
En el else......

----------------------------------------
x = 25.000000, y = 126.000000
avance = -27.000000, avanceR = 2.000000, avanceI = 2.000000
inc_x_r = 0.000000, inc_y_r = 1.000000, inc_x_i = 1.000000, inc_y_i = 1.000000
En el else......

----------------------------------------
x = 25.000000, y = 127.000000
avance = -25.000000, avanceR = 2.000000, avanceI = 2.000000
inc_x_r = 0.000000, inc_y_r = 1.000000, inc_x_i = 1.000000, inc_y_i = 1.000000
En el else......

----------------------------------------
x = 25.000000, y = 128.000000
avance = -23.000000, avanceR = 2.000000, avanceI = 2.000000
inc_x_r = 0.000000, inc_y_r = 1.000000, inc_x_i = 1.000000, inc_y_i = 1.000000
En el else......

----------------------------------------
x = 25.000000, y = 129.000000
avance = -21.000000, avanceR = 2.000000, avanceI = 2.000000
inc_x_r = 0.000000, inc_y_r = 1.000000, inc_x_i = 1.000000, inc_y_i = 1.000000
En el else......

----------------------------------------
x = 25.000000, y = 130.000000
avance = -19.000000, avanceR = 2.000000, avanceI = 2.000000
inc_x_r = 0.000000, inc_y_r = 1.000000, inc_x_i = 1.000000, inc_y_i = 1.000000
En el else......

----------------------------------------
x = 25.000000, y = 131.000000
avance = -17.000000, avanceR = 2.000000, avanceI = 2.000000
inc_x_r = 0.000000, inc_y_r = 1.000000, inc_x_i = 1.000000, inc_y_i = 1.000000
En el else......

----------------------------------------
x = 25.000000, y = 132.000000
avance = -15.000000, avanceR = 2.000000, avanceI = 2.000000
inc_x_r = 0.000000, inc_y_r = 1.000000, inc_x_i = 1.000000, inc_y_i = 1.000000
En el else......

----------------------------------------
x = 25.000000, y = 133.000000
avance = -13.000000, avanceR = 2.000000, avanceI = 2.000000
inc_x_r = 0.000000, inc_y_r = 1.000000, inc_x_i = 1.000000, inc_y_i = 1.000000
En el else......

----------------------------------------
x = 25.000000, y = 134.000000
avance = -11.000000, avanceR = 2.000000, avanceI = 2.000000
inc_x_r = 0.000000, inc_y_r = 1.000000, inc_x_i = 1.000000, inc_y_i = 1.000000
En el else......

----------------------------------------
x = 25.000000, y = 135.000000
avance = -9.000000, avanceR = 2.000000, avanceI = 2.000000
inc_x_r = 0.000000, inc_y_r = 1.000000, inc_x_i = 1.000000, inc_y_i = 1.000000
En el else......

----------------------------------------
x = 25.000000, y = 136.000000
avance = -7.000000, avanceR = 2.000000, avanceI = 2.000000
inc_x_r = 0.000000, inc_y_r = 1.000000, inc_x_i = 1.000000, inc_y_i = 1.000000
En el else......

----------------------------------------
x = 25.000000, y = 137.000000
avance = -5.000000, avanceR = 2.000000, avanceI = 2.000000
inc_x_r = 0.000000, inc_y_r = 1.000000, inc_x_i = 1.000000, inc_y_i = 1.000000
En el else......

----------------------------------------
x = 25.000000, y = 138.000000
avance = -3.000000, avanceR = 2.000000, avanceI = 2.000000
inc_x_r = 0.000000, inc_y_r = 1.000000, inc_x_i = 1.000000, inc_y_i = 1.000000
En el else......

----------------------------------------
x = 25.000000, y = 139.000000
avance = -1.000000, avanceR = 2.000000, avanceI = 2.000000
inc_x_r = 0.000000, inc_y_r = 1.000000, inc_x_i = 1.000000, inc_y_i = 1.000000
En el else......

----------------------------------------
x = 25.000000, y = 140.000000
avance = 1.000000, avanceR = 2.000000, avanceI = 2.000000
inc_x_r = 0.000000, inc_y_r = 1.000000, inc_x_i = 1.000000, inc_y_i = 1.000000
avance >= 0

----------------------------------------
x = 26.000000, y = 141.000000
avance = -499.000000, avanceR = 2.000000, avanceI = 2.000000
inc_x_r = 0.000000, inc_y_r = 1.000000, inc_x_i = 1.000000, inc_y_i = 1.000000
En el else......

----------------------------------------
x = 26.000000, y = 142.000000
avance = -497.000000, avanceR = 2.000000, avanceI = 2.000000
inc_x_r = 0.000000, inc_y_r = 1.000000, inc_x_i = 1.000000, inc_y_i = 1.000000
En el else......

----------------------------------------
x = 26.000000, y = 143.000000
avance = -495.000000, avanceR = 2.000000, avanceI = 2.000000
inc_x_r = 0.000000, inc_y_r = 1.000000, inc_x_i = 1.000000, inc_y_i = 1.000000
En el else......

----------------------------------------
x = 26.000000, y = 144.000000
avance = -493.000000, avanceR = 2.000000, avanceI = 2.000000
inc_x_r = 0.000000, inc_y_r = 1.000000, inc_x_i = 1.000000, inc_y_i = 1.000000
En el else......

----------------------------------------
x = 26.000000, y = 145.000000
avance = -491.000000, avanceR = 2.000000, avanceI = 2.000000
inc_x_r = 0.000000, inc_y_r = 1.000000, inc_x_i = 1.000000, inc_y_i = 1.000000
En el else......

----------------------------------------
x = 26.000000, y = 146.000000
avance = -489.000000, avanceR = 2.000000, avanceI = 2.000000
inc_x_r = 0.000000, inc_y_r = 1.000000, inc_x_i = 1.000000, inc_y_i = 1.000000
En el else......

----------------------------------------
x = 26.000000, y = 147.000000
avance = -487.000000, avanceR = 2.000000, avanceI = 2.000000
inc_x_r = 0.000000, inc_y_r = 1.000000, inc_x_i = 1.000000, inc_y_i = 1.000000
En el else......

----------------------------------------
x = 26.000000, y = 148.000000
avance = -485.000000, avanceR = 2.000000, avanceI = 2.000000
inc_x_r = 0.000000, inc_y_r = 1.000000, inc_x_i = 1.000000, inc_y_i = 1.000000
En el else......

----------------------------------------
x = 26.000000, y = 149.000000
avance = -483.000000, avanceR = 2.000000, avanceI = 2.000000
inc_x_r = 0.000000, inc_y_r = 1.000000, inc_x_i = 1.000000, inc_y_i = 1.000000
En el else......

----------------------------------------
x = 26.000000, y = 150.000000
avance = -481.000000, avanceR = 2.000000, avanceI = 2.000000
inc_x_r = 0.000000, inc_y_r = 1.000000, inc_x_i = 1.000000, inc_y_i = 1.000000
En el else......

----------------------------------------
x = 26.000000, y = 151.000000
avance = -479.000000, avanceR = 2.000000, avanceI = 2.000000
inc_x_r = 0.000000, inc_y_r = 1.000000, inc_x_i = 1.000000, inc_y_i = 1.000000
En el else......

----------------------------------------
x = 26.000000, y = 152.000000
avance = -477.000000, avanceR = 2.000000, avanceI = 2.000000
inc_x_r = 0.000000, inc_y_r = 1.000000, inc_x_i = 1.000000, inc_y_i = 1.000000
En el else......

----------------------------------------
x = 26.000000, y = 153.000000
avance = -475.000000, avanceR = 2.000000, avanceI = 2.000000
inc_x_r = 0.000000, inc_y_r = 1.000000, inc_x_i = 1.000000, inc_y_i = 1.000000
En el else......

----------------------------------------
x = 26.000000, y = 154.000000
avance = -473.000000, avanceR = 2.000000, avanceI = 2.000000
inc_x_r = 0.000000, inc_y_r = 1.000000, inc_x_i = 1.000000, inc_y_i = 1.000000
En el else......

----------------------------------------
x = 26.000000, y = 155.000000
avance = -471.000000, avanceR = 2.000000, avanceI = 2.000000
inc_x_r = 0.000000, inc_y_r = 1.000000, inc_x_i = 1.000000, inc_y_i = 1.000000
En el else......

----------------------------------------
x = 26.000000, y = 156.000000
avance = -469.000000, avanceR = 2.000000, avanceI = 2.000000
inc_x_r = 0.000000, inc_y_r = 1.000000, inc_x_i = 1.000000, inc_y_i = 1.000000
En el else......

----------------------------------------
x = 26.000000, y = 157.000000
avance = -467.000000, avanceR = 2.000000, avanceI = 2.000000
inc_x_r = 0.000000, inc_y_r = 1.000000, inc_x_i = 1.000000, inc_y_i = 1.000000
En el else......

----------------------------------------
x = 26.000000, y = 158.000000
avance = -465.000000, avanceR = 2.000000, avanceI = 2.000000
inc_x_r = 0.000000, inc_y_r = 1.000000, inc_x_i = 1.000000, inc_y_i = 1.000000
En el else......

----------------------------------------
x = 26.000000, y = 159.000000
avance = -463.000000, avanceR = 2.000000, avanceI = 2.000000
inc_x_r = 0.000000, inc_y_r = 1.000000, inc_x_i = 1.000000, inc_y_i = 1.000000
En el else......

----------------------------------------
x = 26.000000, y = 160.000000
avance = -461.000000, avanceR = 2.000000, avanceI = 2.000000
inc_x_r = 0.000000, inc_y_r = 1.000000, inc_x_i = 1.000000, inc_y_i = 1.000000
En el else......

----------------------------------------
x = 26.000000, y = 161.000000
avance = -459.000000, avanceR = 2.000000, avanceI = 2.000000
inc_x_r = 0.000000, inc_y_r = 1.000000, inc_x_i = 1.000000, inc_y_i = 1.000000
En el else......

----------------------------------------
x = 26.000000, y = 162.000000
avance = -457.000000, avanceR = 2.000000, avanceI = 2.000000
inc_x_r = 0.000000, inc_y_r = 1.000000, inc_x_i = 1.000000, inc_y_i = 1.000000
En el else......

----------------------------------------
x = 26.000000, y = 163.000000
avance = -455.000000, avanceR = 2.000000, avanceI = 2.000000
inc_x_r = 0.000000, inc_y_r = 1.000000, inc_x_i = 1.000000, inc_y_i = 1.000000
En el else......

----------------------------------------
x = 26.000000, y = 164.000000
avance = -453.000000, avanceR = 2.000000, avanceI = 2.000000
inc_x_r = 0.000000, inc_y_r = 1.000000, inc_x_i = 1.000000, inc_y_i = 1.000000
En el else......

----------------------------------------
x = 26.000000, y = 165.000000
avance = -451.000000, avanceR = 2.000000, avanceI = 2.000000
inc_x_r = 0.000000, inc_y_r = 1.000000, inc_x_i = 1.000000, inc_y_i = 1.000000
En el else......

----------------------------------------
x = 26.000000, y = 166.000000
avance = -449.000000, avanceR = 2.000000, avanceI = 2.000000
inc_x_r = 0.000000, inc_y_r = 1.000000, inc_x_i = 1.000000, inc_y_i = 1.000000
En el else......

----------------------------------------
x = 26.000000, y = 167.000000
avance = -447.000000, avanceR = 2.000000, avanceI = 2.000000
inc_x_r = 0.000000, inc_y_r = 1.000000, inc_x_i = 1.000000, inc_y_i = 1.000000
En el else......

----------------------------------------
x = 26.000000, y = 168.000000
avance = -445.000000, avanceR = 2.000000, avanceI = 2.000000
inc_x_r = 0.000000, inc_y_r = 1.000000, inc_x_i = 1.000000, inc_y_i = 1.000000
En el else......

----------------------------------------
x = 26.000000, y = 169.000000
avance = -443.000000, avanceR = 2.000000, avanceI = 2.000000
inc_x_r = 0.000000, inc_y_r = 1.000000, inc_x_i = 1.000000, inc_y_i = 1.000000
En el else......

----------------------------------------
x = 26.000000, y = 170.000000
avance = -441.000000, avanceR = 2.000000, avanceI = 2.000000
inc_x_r = 0.000000, inc_y_r = 1.000000, inc_x_i = 1.000000, inc_y_i = 1.000000
En el else......

----------------------------------------
x = 26.000000, y = 171.000000
avance = -439.000000, avanceR = 2.000000, avanceI = 2.000000
inc_x_r = 0.000000, inc_y_r = 1.000000, inc_x_i = 1.000000, inc_y_i = 1.000000
En el else......

----------------------------------------
x = 26.000000, y = 172.000000
avance = -437.000000, avanceR = 2.000000, avanceI = 2.000000
inc_x_r = 0.000000, inc_y_r = 1.000000, inc_x_i = 1.000000, inc_y_i = 1.000000
En el else......

----------------------------------------
x = 26.000000, y = 173.000000
avance = -435.000000, avanceR = 2.000000, avanceI = 2.000000
inc_x_r = 0.000000, inc_y_r = 1.000000, inc_x_i = 1.000000, inc_y_i = 1.000000
En el else......

----------------------------------------
x = 26.000000, y = 174.000000
avance = -433.000000, avanceR = 2.000000, avanceI = 2.000000
inc_x_r = 0.000000, inc_y_r = 1.000000, inc_x_i = 1.000000, inc_y_i = 1.000000
En el else......

----------------------------------------
x = 26.000000, y = 175.000000
avance = -431.000000, avanceR = 2.000000, avanceI = 2.000000
inc_x_r = 0.000000, inc_y_r = 1.000000, inc_x_i = 1.000000, inc_y_i = 1.000000
En el else......

----------------------------------------
x = 26.000000, y = 176.000000
avance = -429.000000, avanceR = 2.000000, avanceI = 2.000000
inc_x_r = 0.000000, inc_y_r = 1.000000, inc_x_i = 1.000000, inc_y_i = 1.000000
En el else......

----------------------------------------
x = 26.000000, y = 177.000000
avance = -427.000000, avanceR = 2.000000, avanceI = 2.000000
inc_x_r = 0.000000, inc_y_r = 1.000000, inc_x_i = 1.000000, inc_y_i = 1.000000
En el else......

----------------------------------------
x = 26.000000, y = 178.000000
avance = -425.000000, avanceR = 2.000000, avanceI = 2.000000
inc_x_r = 0.000000, inc_y_r = 1.000000, inc_x_i = 1.000000, inc_y_i = 1.000000
En el else......

----------------------------------------
x = 26.000000, y = 179.000000
avance = -423.000000, avanceR = 2.000000, avanceI = 2.000000
inc_x_r = 0.000000, inc_y_r = 1.000000, inc_x_i = 1.000000, inc_y_i = 1.000000
En el else......

----------------------------------------
x = 26.000000, y = 180.000000
avance = -421.000000, avanceR = 2.000000, avanceI = 2.000000
inc_x_r = 0.000000, inc_y_r = 1.000000, inc_x_i = 1.000000, inc_y_i = 1.000000
En el else......

----------------------------------------
x = 26.000000, y = 181.000000
avance = -419.000000, avanceR = 2.000000, avanceI = 2.000000
inc_x_r = 0.000000, inc_y_r = 1.000000, inc_x_i = 1.000000, inc_y_i = 1.000000
En el else......

----------------------------------------
x = 26.000000, y = 182.000000
avance = -417.000000, avanceR = 2.000000, avanceI = 2.000000
inc_x_r = 0.000000, inc_y_r = 1.000000, inc_x_i = 1.000000, inc_y_i = 1.000000
En el else......

----------------------------------------
x = 26.000000, y = 183.000000
avance = -415.000000, avanceR = 2.000000, avanceI = 2.000000
inc_x_r = 0.000000, inc_y_r = 1.000000, inc_x_i = 1.000000, inc_y_i = 1.000000
En el else......

----------------------------------------
x = 26.000000, y = 184.000000
avance = -413.000000, avanceR = 2.000000, avanceI = 2.000000
inc_x_r = 0.000000, inc_y_r = 1.000000, inc_x_i = 1.000000, inc_y_i = 1.000000
En el else......

----------------------------------------
x = 26.000000, y = 185.000000
avance = -411.000000, avanceR = 2.000000, avanceI = 2.000000
inc_x_r = 0.000000, inc_y_r = 1.000000, inc_x_i = 1.000000, inc_y_i = 1.000000
En el else......

----------------------------------------
x = 26.000000, y = 186.000000
avance = -409.000000, avanceR = 2.000000, avanceI = 2.000000
inc_x_r = 0.000000, inc_y_r = 1.000000, inc_x_i = 1.000000, inc_y_i = 1.000000
En el else......

----------------------------------------
x = 26.000000, y = 187.000000
avance = -407.000000, avanceR = 2.000000, avanceI = 2.000000
inc_x_r = 0.000000, inc_y_r = 1.000000, inc_x_i = 1.000000, inc_y_i = 1.000000
En el else......

----------------------------------------
x = 26.000000, y = 188.000000
avance = -405.000000, avanceR = 2.000000, avanceI = 2.000000
inc_x_r = 0.000000, inc_y_r = 1.000000, inc_x_i = 1.000000, inc_y_i = 1.000000
En el else......

----------------------------------------
x = 26.000000, y = 189.000000
avance = -403.000000, avanceR = 2.000000, avanceI = 2.000000
inc_x_r = 0.000000, inc_y_r = 1.000000, inc_x_i = 1.000000, inc_y_i = 1.000000
En el else......

----------------------------------------
x = 26.000000, y = 190.000000
avance = -401.000000, avanceR = 2.000000, avanceI = 2.000000
inc_x_r = 0.000000, inc_y_r = 1.000000, inc_x_i = 1.000000, inc_y_i = 1.000000
En el else......

----------------------------------------
x = 26.000000, y = 191.000000
avance = -399.000000, avanceR = 2.000000, avanceI = 2.000000
inc_x_r = 0.000000, inc_y_r = 1.000000, inc_x_i = 1.000000, inc_y_i = 1.000000
En el else......

----------------------------------------
x = 26.000000, y = 192.000000
avance = -397.000000, avanceR = 2.000000, avanceI = 2.000000
inc_x_r = 0.000000, inc_y_r = 1.000000, inc_x_i = 1.000000, inc_y_i = 1.000000
En el else......

----------------------------------------
x = 26.000000, y = 193.000000
avance = -395.000000, avanceR = 2.000000, avanceI = 2.000000
inc_x_r = 0.000000, inc_y_r = 1.000000, inc_x_i = 1.000000, inc_y_i = 1.000000
En el else......

----------------------------------------
x = 26.000000, y = 194.000000
avance = -393.000000, avanceR = 2.000000, avanceI = 2.000000
inc_x_r = 0.000000, inc_y_r = 1.000000, inc_x_i = 1.000000, inc_y_i = 1.000000
En el else......

----------------------------------------
x = 26.000000, y = 195.000000
avance = -391.000000, avanceR = 2.000000, avanceI = 2.000000
inc_x_r = 0.000000, inc_y_r = 1.000000, inc_x_i = 1.000000, inc_y_i = 1.000000
En el else......

----------------------------------------
x = 26.000000, y = 196.000000
avance = -389.000000, avanceR = 2.000000, avanceI = 2.000000
inc_x_r = 0.000000, inc_y_r = 1.000000, inc_x_i = 1.000000, inc_y_i = 1.000000
En el else......

----------------------------------------
x = 26.000000, y = 197.000000
avance = -387.000000, avanceR = 2.000000, avanceI = 2.000000
inc_x_r = 0.000000, inc_y_r = 1.000000, inc_x_i = 1.000000, inc_y_i = 1.000000
En el else......

----------------------------------------
x = 26.000000, y = 198.000000
avance = -385.000000, avanceR = 2.000000, avanceI = 2.000000
inc_x_r = 0.000000, inc_y_r = 1.000000, inc_x_i = 1.000000, inc_y_i = 1.000000
En el else......

----------------------------------------
x = 26.000000, y = 199.000000
avance = -383.000000, avanceR = 2.000000, avanceI = 2.000000
inc_x_r = 0.000000, inc_y_r = 1.000000, inc_x_i = 1.000000, inc_y_i = 1.000000
En el else......

----------------------------------------
x = 26.000000, y = 200.000000
avance = -381.000000, avanceR = 2.000000, avanceI = 2.000000
inc_x_r = 0.000000, inc_y_r = 1.000000, inc_x_i = 1.000000, inc_y_i = 1.000000
En el else......

----------------------------------------
x = 26.000000, y = 201.000000
avance = -379.000000, avanceR = 2.000000, avanceI = 2.000000
inc_x_r = 0.000000, inc_y_r = 1.000000, inc_x_i = 1.000000, inc_y_i = 1.000000
En el else......

----------------------------------------
x = 26.000000, y = 202.000000
avance = -377.000000, avanceR = 2.000000, avanceI = 2.000000
inc_x_r = 0.000000, inc_y_r = 1.000000, inc_x_i = 1.000000, inc_y_i = 1.000000
En el else......

----------------------------------------
x = 26.000000, y = 203.000000
avance = -375.000000, avanceR = 2.000000, avanceI = 2.000000
inc_x_r = 0.000000, inc_y_r = 1.000000, inc_x_i = 1.000000, inc_y_i = 1.000000
En el else......

----------------------------------------
x = 26.000000, y = 204.000000
avance = -373.000000, avanceR = 2.000000, avanceI = 2.000000
inc_x_r = 0.000000, inc_y_r = 1.000000, inc_x_i = 1.000000, inc_y_i = 1.000000
En el else......

----------------------------------------
x = 26.000000, y = 205.000000
avance = -371.000000, avanceR = 2.000000, avanceI = 2.000000
inc_x_r = 0.000000, inc_y_r = 1.000000, inc_x_i = 1.000000, inc_y_i = 1.000000
En el else......

----------------------------------------
x = 26.000000, y = 206.000000
avance = -369.000000, avanceR = 2.000000, avanceI = 2.000000
inc_x_r = 0.000000, inc_y_r = 1.000000, inc_x_i = 1.000000, inc_y_i = 1.000000
En el else......

----------------------------------------
x = 26.000000, y = 207.000000
avance = -367.000000, avanceR = 2.000000, avanceI = 2.000000
inc_x_r = 0.000000, inc_y_r = 1.000000, inc_x_i = 1.000000, inc_y_i = 1.000000
En el else......

----------------------------------------
x = 26.000000, y = 208.000000
avance = -365.000000, avanceR = 2.000000, avanceI = 2.000000
inc_x_r = 0.000000, inc_y_r = 1.000000, inc_x_i = 1.000000, inc_y_i = 1.000000
En el else......

----------------------------------------
x = 26.000000, y = 209.000000
avance = -363.000000, avanceR = 2.000000, avanceI = 2.000000
inc_x_r = 0.000000, inc_y_r = 1.000000, inc_x_i = 1.000000, inc_y_i = 1.000000
En el else......

----------------------------------------
x = 26.000000, y = 210.000000
avance = -361.000000, avanceR = 2.000000, avanceI = 2.000000
inc_x_r = 0.000000, inc_y_r = 1.000000, inc_x_i = 1.000000, inc_y_i = 1.000000
En el else......

----------------------------------------
x = 26.000000, y = 211.000000
avance = -359.000000, avanceR = 2.000000, avanceI = 2.000000
inc_x_r = 0.000000, inc_y_r = 1.000000, inc_x_i = 1.000000, inc_y_i = 1.000000
En el else......

----------------------------------------
x = 26.000000, y = 212.000000
avance = -357.000000, avanceR = 2.000000, avanceI = 2.000000
inc_x_r = 0.000000, inc_y_r = 1.000000, inc_x_i = 1.000000, inc_y_i = 1.000000
En el else......

----------------------------------------
x = 26.000000, y = 213.000000
avance = -355.000000, avanceR = 2.000000, avanceI = 2.000000
inc_x_r = 0.000000, inc_y_r = 1.000000, inc_x_i = 1.000000, inc_y_i = 1.000000
En el else......

----------------------------------------
x = 26.000000, y = 214.000000
avance = -353.000000, avanceR = 2.000000, avanceI = 2.000000
inc_x_r = 0.000000, inc_y_r = 1.000000, inc_x_i = 1.000000, inc_y_i = 1.000000
En el else......

----------------------------------------
x = 26.000000, y = 215.000000
avance = -351.000000, avanceR = 2.000000, avanceI = 2.000000
inc_x_r = 0.000000, inc_y_r = 1.000000, inc_x_i = 1.000000, inc_y_i = 1.000000
En el else......

----------------------------------------
x = 26.000000, y = 216.000000
avance = -349.000000, avanceR = 2.000000, avanceI = 2.000000
inc_x_r = 0.000000, inc_y_r = 1.000000, inc_x_i = 1.000000, inc_y_i = 1.000000
En el else......

----------------------------------------
x = 26.000000, y = 217.000000
avance = -347.000000, avanceR = 2.000000, avanceI = 2.000000
inc_x_r = 0.000000, inc_y_r = 1.000000, inc_x_i = 1.000000, inc_y_i = 1.000000
En el else......

----------------------------------------
x = 26.000000, y = 218.000000
avance = -345.000000, avanceR = 2.000000, avanceI = 2.000000
inc_x_r = 0.000000, inc_y_r = 1.000000, inc_x_i = 1.000000, inc_y_i = 1.000000
En el else......

----------------------------------------
x = 26.000000, y = 219.000000
avance = -343.000000, avanceR = 2.000000, avanceI = 2.000000
inc_x_r = 0.000000, inc_y_r = 1.000000, inc_x_i = 1.000000, inc_y_i = 1.000000
En el else......

----------------------------------------
x = 26.000000, y = 220.000000
avance = -341.000000, avanceR = 2.000000, avanceI = 2.000000
inc_x_r = 0.000000, inc_y_r = 1.000000, inc_x_i = 1.000000, inc_y_i = 1.000000
En el else......

----------------------------------------
x = 26.000000, y = 221.000000
avance = -339.000000, avanceR = 2.000000, avanceI = 2.000000
inc_x_r = 0.000000, inc_y_r = 1.000000, inc_x_i = 1.000000, inc_y_i = 1.000000
En el else......

----------------------------------------
x = 26.000000, y = 222.000000
avance = -337.000000, avanceR = 2.000000, avanceI = 2.000000
inc_x_r = 0.000000, inc_y_r = 1.000000, inc_x_i = 1.000000, inc_y_i = 1.000000
En el else......

----------------------------------------
x = 26.000000, y = 223.000000
avance = -335.000000, avanceR = 2.000000, avanceI = 2.000000
inc_x_r = 0.000000, inc_y_r = 1.000000, inc_x_i = 1.000000, inc_y_i = 1.000000
En el else......

----------------------------------------
x = 26.000000, y = 224.000000
avance = -333.000000, avanceR = 2.000000, avanceI = 2.000000
inc_x_r = 0.000000, inc_y_r = 1.000000, inc_x_i = 1.000000, inc_y_i = 1.000000
En el else......

----------------------------------------
x = 26.000000, y = 225.000000
avance = -331.000000, avanceR = 2.000000, avanceI = 2.000000
inc_x_r = 0.000000, inc_y_r = 1.000000, inc_x_i = 1.000000, inc_y_i = 1.000000
En el else......

----------------------------------------
x = 26.000000, y = 226.000000
avance = -329.000000, avanceR = 2.000000, avanceI = 2.000000
inc_x_r = 0.000000, inc_y_r = 1.000000, inc_x_i = 1.000000, inc_y_i = 1.000000
En el else......

----------------------------------------
x = 26.000000, y = 227.000000
avance = -327.000000, avanceR = 2.000000, avanceI = 2.000000
inc_x_r = 0.000000, inc_y_r = 1.000000, inc_x_i = 1.000000, inc_y_i = 1.000000
En el else......

----------------------------------------
x = 26.000000, y = 228.000000
avance = -325.000000, avanceR = 2.000000, avanceI = 2.000000
inc_x_r = 0.000000, inc_y_r = 1.000000, inc_x_i = 1.000000, inc_y_i = 1.000000
En el else......

----------------------------------------
x = 26.000000, y = 229.000000
avance = -323.000000, avanceR = 2.000000, avanceI = 2.000000
inc_x_r = 0.000000, inc_y_r = 1.000000, inc_x_i = 1.000000, inc_y_i = 1.000000
En el else......

----------------------------------------
x = 26.000000, y = 230.000000
avance = -321.000000, avanceR = 2.000000, avanceI = 2.000000
inc_x_r = 0.000000, inc_y_r = 1.000000, inc_x_i = 1.000000, inc_y_i = 1.000000
En el else......

----------------------------------------
x = 26.000000, y = 231.000000
avance = -319.000000, avanceR = 2.000000, avanceI = 2.000000
inc_x_r = 0.000000, inc_y_r = 1.000000, inc_x_i = 1.000000, inc_y_i = 1.000000
En el else......

----------------------------------------
x = 26.000000, y = 232.000000
avance = -317.000000, avanceR = 2.000000, avanceI = 2.000000
inc_x_r = 0.000000, inc_y_r = 1.000000, inc_x_i = 1.000000, inc_y_i = 1.000000
En el else......

----------------------------------------
x = 26.000000, y = 233.000000
avance = -315.000000, avanceR = 2.000000, avanceI = 2.000000
inc_x_r = 0.000000, inc_y_r = 1.000000, inc_x_i = 1.000000, inc_y_i = 1.000000
En el else......

----------------------------------------
x = 26.000000, y = 234.000000
avance = -313.000000, avanceR = 2.000000, avanceI = 2.000000
inc_x_r = 0.000000, inc_y_r = 1.000000, inc_x_i = 1.000000, inc_y_i = 1.000000
En el else......

----------------------------------------
x = 26.000000, y = 235.000000
avance = -311.000000, avanceR = 2.000000, avanceI = 2.000000
inc_x_r = 0.000000, inc_y_r = 1.000000, inc_x_i = 1.000000, inc_y_i = 1.000000
En el else......

----------------------------------------
x = 26.000000, y = 236.000000
avance = -309.000000, avanceR = 2.000000, avanceI = 2.000000
inc_x_r = 0.000000, inc_y_r = 1.000000, inc_x_i = 1.000000, inc_y_i = 1.000000
En el else......

----------------------------------------
x = 26.000000, y = 237.000000
avance = -307.000000, avanceR = 2.000000, avanceI = 2.000000
inc_x_r = 0.000000, inc_y_r = 1.000000, inc_x_i = 1.000000, inc_y_i = 1.000000
En el else......

----------------------------------------
x = 26.000000, y = 238.000000
avance = -305.000000, avanceR = 2.000000, avanceI = 2.000000
inc_x_r = 0.000000, inc_y_r = 1.000000, inc_x_i = 1.000000, inc_y_i = 1.000000
En el else......

----------------------------------------
x = 26.000000, y = 239.000000
avance = -303.000000, avanceR = 2.000000, avanceI = 2.000000
inc_x_r = 0.000000, inc_y_r = 1.000000, inc_x_i = 1.000000, inc_y_i = 1.000000
En el else......

----------------------------------------
x = 26.000000, y = 240.000000
avance = -301.000000, avanceR = 2.000000, avanceI = 2.000000
inc_x_r = 0.000000, inc_y_r = 1.000000, inc_x_i = 1.000000, inc_y_i = 1.000000
En el else......

----------------------------------------
x = 26.000000, y = 241.000000
avance = -299.000000, avanceR = 2.000000, avanceI = 2.000000
inc_x_r = 0.000000, inc_y_r = 1.000000, inc_x_i = 1.000000, inc_y_i = 1.000000
En el else......

----------------------------------------
x = 26.000000, y = 242.000000
avance = -297.000000, avanceR = 2.000000, avanceI = 2.000000
inc_x_r = 0.000000, inc_y_r = 1.000000, inc_x_i = 1.000000, inc_y_i = 1.000000
En el else......

----------------------------------------
x = 26.000000, y = 243.000000
avance = -295.000000, avanceR = 2.000000, avanceI = 2.000000
inc_x_r = 0.000000, inc_y_r = 1.000000, inc_x_i = 1.000000, inc_y_i = 1.000000
En el else......

----------------------------------------
x = 26.000000, y = 244.000000
avance = -293.000000, avanceR = 2.000000, avanceI = 2.000000
inc_x_r = 0.000000, inc_y_r = 1.000000, inc_x_i = 1.000000, inc_y_i = 1.000000
En el else......

----------------------------------------
x = 26.000000, y = 245.000000
avance = -291.000000, avanceR = 2.000000, avanceI = 2.000000
inc_x_r = 0.000000, inc_y_r = 1.000000, inc_x_i = 1.000000, inc_y_i = 1.000000
En el else......

----------------------------------------
x = 26.000000, y = 246.000000
avance = -289.000000, avanceR = 2.000000, avanceI = 2.000000
inc_x_r = 0.000000, inc_y_r = 1.000000, inc_x_i = 1.000000, inc_y_i = 1.000000
En el else......

----------------------------------------
x = 26.000000, y = 247.000000
avance = -287.000000, avanceR = 2.000000, avanceI = 2.000000
inc_x_r = 0.000000, inc_y_r = 1.000000, inc_x_i = 1.000000, inc_y_i = 1.000000
En el else......

----------------------------------------
x = 26.000000, y = 248.000000
avance = -285.000000, avanceR = 2.000000, avanceI = 2.000000
inc_x_r = 0.000000, inc_y_r = 1.000000, inc_x_i = 1.000000, inc_y_i = 1.000000
En el else......

----------------------------------------
x = 26.000000, y = 249.000000
avance = -283.000000, avanceR = 2.000000, avanceI = 2.000000
inc_x_r = 0.000000, inc_y_r = 1.000000, inc_x_i = 1.000000, inc_y_i = 1.000000
En el else......

----------------------------------------
x = 26.000000, y = 250.000000
avance = -281.000000, avanceR = 2.000000, avanceI = 2.000000
inc_x_r = 0.000000, inc_y_r = 1.000000, inc_x_i = 1.000000, inc_y_i = 1.000000
En el else......

----------------------------------------
x = 26.000000, y = 251.000000
avance = -279.000000, avanceR = 2.000000, avanceI = 2.000000
inc_x_r = 0.000000, inc_y_r = 1.000000, inc_x_i = 1.000000, inc_y_i = 1.000000
En el else......

----------------------------------------
x = 26.000000, y = 252.000000
avance = -277.000000, avanceR = 2.000000, avanceI = 2.000000
inc_x_r = 0.000000, inc_y_r = 1.000000, inc_x_i = 1.000000, inc_y_i = 1.000000
En el else......

----------------------------------------
x = 26.000000, y = 253.000000
avance = -275.000000, avanceR = 2.000000, avanceI = 2.000000
inc_x_r = 0.000000, inc_y_r = 1.000000, inc_x_i = 1.000000, inc_y_i = 1.000000
En el else......

----------------------------------------
x = 26.000000, y = 254.000000
avance = -273.000000, avanceR = 2.000000, avanceI = 2.000000
inc_x_r = 0.000000, inc_y_r = 1.000000, inc_x_i = 1.000000, inc_y_i = 1.000000
En el else......

----------------------------------------
x = 26.000000, y = 255.000000
avance = -271.000000, avanceR = 2.000000, avanceI = 2.000000
inc_x_r = 0.000000, inc_y_r = 1.000000, inc_x_i = 1.000000, inc_y_i = 1.000000
En el else......

----------------------------------------
x = 26.000000, y = 256.000000
avance = -269.000000, avanceR = 2.000000, avanceI = 2.000000
inc_x_r = 0.000000, inc_y_r = 1.000000, inc_x_i = 1.000000, inc_y_i = 1.000000
En el else......

----------------------------------------
x = 26.000000, y = 257.000000
avance = -267.000000, avanceR = 2.000000, avanceI = 2.000000
inc_x_r = 0.000000, inc_y_r = 1.000000, inc_x_i = 1.000000, inc_y_i = 1.000000
En el else......

----------------------------------------
x = 26.000000, y = 258.000000
avance = -265.000000, avanceR = 2.000000, avanceI = 2.000000
inc_x_r = 0.000000, inc_y_r = 1.000000, inc_x_i = 1.000000, inc_y_i = 1.000000
En el else......

----------------------------------------
x = 26.000000, y = 259.000000
avance = -263.000000, avanceR = 2.000000, avanceI = 2.000000
inc_x_r = 0.000000, inc_y_r = 1.000000, inc_x_i = 1.000000, inc_y_i = 1.000000
En el else......

----------------------------------------
x = 26.000000, y = 260.000000
avance = -261.000000, avanceR = 2.000000, avanceI = 2.000000
inc_x_r = 0.000000, inc_y_r = 1.000000, inc_x_i = 1.000000, inc_y_i = 1.000000
En el else......

----------------------------------------
x = 26.000000, y = 261.000000
avance = -259.000000, avanceR = 2.000000, avanceI = 2.000000
inc_x_r = 0.000000, inc_y_r = 1.000000, inc_x_i = 1.000000, inc_y_i = 1.000000
En el else......

----------------------------------------
x = 26.000000, y = 262.000000
avance = -257.000000, avanceR = 2.000000, avanceI = 2.000000
inc_x_r = 0.000000, inc_y_r = 1.000000, inc_x_i = 1.000000, inc_y_i = 1.000000
En el else......

----------------------------------------
x = 26.000000, y = 263.000000
avance = -255.000000, avanceR = 2.000000, avanceI = 2.000000
inc_x_r = 0.000000, inc_y_r = 1.000000, inc_x_i = 1.000000, inc_y_i = 1.000000
En el else......

----------------------------------------
x = 26.000000, y = 264.000000
avance = -253.000000, avanceR = 2.000000, avanceI = 2.000000
inc_x_r = 0.000000, inc_y_r = 1.000000, inc_x_i = 1.000000, inc_y_i = 1.000000
En el else......

----------------------------------------
x = 26.000000, y = 265.000000
avance = -251.000000, avanceR = 2.000000, avanceI = 2.000000
inc_x_r = 0.000000, inc_y_r = 1.000000, inc_x_i = 1.000000, inc_y_i = 1.000000
En el else......

----------------------------------------


ENTRAMOS A BRESENHAMªªªª
x1 = 25.000000 - y1 = 15.000000 || x2 = 26.000000 - y2 = 266.000000
dy = 251.000000, dx = 1.000000
avances inclinados: inc_x_i = 1.000000, inc_y_i = 1.000000
updated: dy = 251.000000, dx = 1.000000
avances rectos: inc_x_r = 0.000000, inc_y_r 1.000000
reupdated: dy = 1.000000, dx = 251.000000
avanceR = 2.000000, avance -249.000000, avanceI 2.000000
----------------------------------------
x = 25.000000, y = 15.000000
avance = -249.000000, avanceR = 2.000000, avanceI = 2.000000
inc_x_r = 0.000000, inc_y_r = 1.000000, inc_x_i = 1.000000, inc_y_i = 1.000000
En el else......

----------------------------------------
x = 25.000000, y = 16.000000
avance = -247.000000, avanceR = 2.000000, avanceI = 2.000000
inc_x_r = 0.000000, inc_y_r = 1.000000, inc_x_i = 1.000000, inc_y_i = 1.000000
En el else......

----------------------------------------
x = 25.000000, y = 17.000000
avance = -245.000000, avanceR = 2.000000, avanceI = 2.000000
inc_x_r = 0.000000, inc_y_r = 1.000000, inc_x_i = 1.000000, inc_y_i = 1.000000
En el else......

----------------------------------------
x = 25.000000, y = 18.000000
avance = -243.000000, avanceR = 2.000000, avanceI = 2.000000
inc_x_r = 0.000000, inc_y_r = 1.000000, inc_x_i = 1.000000, inc_y_i = 1.000000
En el else......

----------------------------------------
x = 25.000000, y = 19.000000
avance = -241.000000, avanceR = 2.000000, avanceI = 2.000000
inc_x_r = 0.000000, inc_y_r = 1.000000, inc_x_i = 1.000000, inc_y_i = 1.000000
En el else......

----------------------------------------
x = 25.000000, y = 20.000000
avance = -239.000000, avanceR = 2.000000, avanceI = 2.000000
inc_x_r = 0.000000, inc_y_r = 1.000000, inc_x_i = 1.000000, inc_y_i = 1.000000
En el else......

----------------------------------------
x = 25.000000, y = 21.000000
avance = -237.000000, avanceR = 2.000000, avanceI = 2.000000
inc_x_r = 0.000000, inc_y_r = 1.000000, inc_x_i = 1.000000, inc_y_i = 1.000000
En el else......

----------------------------------------
x = 25.000000, y = 22.000000
avance = -235.000000, avanceR = 2.000000, avanceI = 2.000000
inc_x_r = 0.000000, inc_y_r = 1.000000, inc_x_i = 1.000000, inc_y_i = 1.000000
En el else......

----------------------------------------
x = 25.000000, y = 23.000000
avance = -233.000000, avanceR = 2.000000, avanceI = 2.000000
inc_x_r = 0.000000, inc_y_r = 1.000000, inc_x_i = 1.000000, inc_y_i = 1.000000
En el else......

----------------------------------------
x = 25.000000, y = 24.000000
avance = -231.000000, avanceR = 2.000000, avanceI = 2.000000
inc_x_r = 0.000000, inc_y_r = 1.000000, inc_x_i = 1.000000, inc_y_i = 1.000000
En el else......

----------------------------------------
x = 25.000000, y = 25.000000
avance = -229.000000, avanceR = 2.000000, avanceI = 2.000000
inc_x_r = 0.000000, inc_y_r = 1.000000, inc_x_i = 1.000000, inc_y_i = 1.000000
En el else......

----------------------------------------
x = 25.000000, y = 26.000000
avance = -227.000000, avanceR = 2.000000, avanceI = 2.000000
inc_x_r = 0.000000, inc_y_r = 1.000000, inc_x_i = 1.000000, inc_y_i = 1.000000
En el else......

----------------------------------------
x = 25.000000, y = 27.000000
avance = -225.000000, avanceR = 2.000000, avanceI = 2.000000
inc_x_r = 0.000000, inc_y_r = 1.000000, inc_x_i = 1.000000, inc_y_i = 1.000000
En el else......

----------------------------------------
x = 25.000000, y = 28.000000
avance = -223.000000, avanceR = 2.000000, avanceI = 2.000000
inc_x_r = 0.000000, inc_y_r = 1.000000, inc_x_i = 1.000000, inc_y_i = 1.000000
En el else......

----------------------------------------
x = 25.000000, y = 29.000000
avance = -221.000000, avanceR = 2.000000, avanceI = 2.000000
inc_x_r = 0.000000, inc_y_r = 1.000000, inc_x_i = 1.000000, inc_y_i = 1.000000
En el else......

----------------------------------------
x = 25.000000, y = 30.000000
avance = -219.000000, avanceR = 2.000000, avanceI = 2.000000
inc_x_r = 0.000000, inc_y_r = 1.000000, inc_x_i = 1.000000, inc_y_i = 1.000000
En el else......

----------------------------------------
x = 25.000000, y = 31.000000
avance = -217.000000, avanceR = 2.000000, avanceI = 2.000000
inc_x_r = 0.000000, inc_y_r = 1.000000, inc_x_i = 1.000000, inc_y_i = 1.000000
En el else......

----------------------------------------
x = 25.000000, y = 32.000000
avance = -215.000000, avanceR = 2.000000, avanceI = 2.000000
inc_x_r = 0.000000, inc_y_r = 1.000000, inc_x_i = 1.000000, inc_y_i = 1.000000
En el else......

----------------------------------------
x = 25.000000, y = 33.000000
avance = -213.000000, avanceR = 2.000000, avanceI = 2.000000
inc_x_r = 0.000000, inc_y_r = 1.000000, inc_x_i = 1.000000, inc_y_i = 1.000000
En el else......

----------------------------------------
x = 25.000000, y = 34.000000
avance = -211.000000, avanceR = 2.000000, avanceI = 2.000000
inc_x_r = 0.000000, inc_y_r = 1.000000, inc_x_i = 1.000000, inc_y_i = 1.000000
En el else......

----------------------------------------
x = 25.000000, y = 35.000000
avance = -209.000000, avanceR = 2.000000, avanceI = 2.000000
inc_x_r = 0.000000, inc_y_r = 1.000000, inc_x_i = 1.000000, inc_y_i = 1.000000
En el else......

----------------------------------------
x = 25.000000, y = 36.000000
avance = -207.000000, avanceR = 2.000000, avanceI = 2.000000
inc_x_r = 0.000000, inc_y_r = 1.000000, inc_x_i = 1.000000, inc_y_i = 1.000000
En el else......

----------------------------------------
x = 25.000000, y = 37.000000
avance = -205.000000, avanceR = 2.000000, avanceI = 2.000000
inc_x_r = 0.000000, inc_y_r = 1.000000, inc_x_i = 1.000000, inc_y_i = 1.000000
En el else......

----------------------------------------
x = 25.000000, y = 38.000000
avance = -203.000000, avanceR = 2.000000, avanceI = 2.000000
inc_x_r = 0.000000, inc_y_r = 1.000000, inc_x_i = 1.000000, inc_y_i = 1.000000
En el else......

----------------------------------------
x = 25.000000, y = 39.000000
avance = -201.000000, avanceR = 2.000000, avanceI = 2.000000
inc_x_r = 0.000000, inc_y_r = 1.000000, inc_x_i = 1.000000, inc_y_i = 1.000000
En el else......

----------------------------------------
x = 25.000000, y = 40.000000
avance = -199.000000, avanceR = 2.000000, avanceI = 2.000000
inc_x_r = 0.000000, inc_y_r = 1.000000, inc_x_i = 1.000000, inc_y_i = 1.000000
En el else......

----------------------------------------
x = 25.000000, y = 41.000000
avance = -197.000000, avanceR = 2.000000, avanceI = 2.000000
inc_x_r = 0.000000, inc_y_r = 1.000000, inc_x_i = 1.000000, inc_y_i = 1.000000
En el else......

----------------------------------------
x = 25.000000, y = 42.000000
avance = -195.000000, avanceR = 2.000000, avanceI = 2.000000
inc_x_r = 0.000000, inc_y_r = 1.000000, inc_x_i = 1.000000, inc_y_i = 1.000000
En el else......

----------------------------------------
x = 25.000000, y = 43.000000
avance = -193.000000, avanceR = 2.000000, avanceI = 2.000000
inc_x_r = 0.000000, inc_y_r = 1.000000, inc_x_i = 1.000000, inc_y_i = 1.000000
En el else......

----------------------------------------
x = 25.000000, y = 44.000000
avance = -191.000000, avanceR = 2.000000, avanceI = 2.000000
inc_x_r = 0.000000, inc_y_r = 1.000000, inc_x_i = 1.000000, inc_y_i = 1.000000
En el else......

----------------------------------------
x = 25.000000, y = 45.000000
avance = -189.000000, avanceR = 2.000000, avanceI = 2.000000
inc_x_r = 0.000000, inc_y_r = 1.000000, inc_x_i = 1.000000, inc_y_i = 1.000000
En el else......

----------------------------------------
x = 25.000000, y = 46.000000
avance = -187.000000, avanceR = 2.000000, avanceI = 2.000000
inc_x_r = 0.000000, inc_y_r = 1.000000, inc_x_i = 1.000000, inc_y_i = 1.000000
En el else......

----------------------------------------
x = 25.000000, y = 47.000000
avance = -185.000000, avanceR = 2.000000, avanceI = 2.000000
inc_x_r = 0.000000, inc_y_r = 1.000000, inc_x_i = 1.000000, inc_y_i = 1.000000
En el else......

----------------------------------------
x = 25.000000, y = 48.000000
avance = -183.000000, avanceR = 2.000000, avanceI = 2.000000
inc_x_r = 0.000000, inc_y_r = 1.000000, inc_x_i = 1.000000, inc_y_i = 1.000000
En el else......

----------------------------------------
x = 25.000000, y = 49.000000
avance = -181.000000, avanceR = 2.000000, avanceI = 2.000000
inc_x_r = 0.000000, inc_y_r = 1.000000, inc_x_i = 1.000000, inc_y_i = 1.000000
En el else......

----------------------------------------
x = 25.000000, y = 50.000000
avance = -179.000000, avanceR = 2.000000, avanceI = 2.000000
inc_x_r = 0.000000, inc_y_r = 1.000000, inc_x_i = 1.000000, inc_y_i = 1.000000
En el else......

----------------------------------------
x = 25.000000, y = 51.000000
avance = -177.000000, avanceR = 2.000000, avanceI = 2.000000
inc_x_r = 0.000000, inc_y_r = 1.000000, inc_x_i = 1.000000, inc_y_i = 1.000000
En el else......

----------------------------------------
x = 25.000000, y = 52.000000
avance = -175.000000, avanceR = 2.000000, avanceI = 2.000000
inc_x_r = 0.000000, inc_y_r = 1.000000, inc_x_i = 1.000000, inc_y_i = 1.000000
En el else......

----------------------------------------
x = 25.000000, y = 53.000000
avance = -173.000000, avanceR = 2.000000, avanceI = 2.000000
inc_x_r = 0.000000, inc_y_r = 1.000000, inc_x_i = 1.000000, inc_y_i = 1.000000
En el else......

----------------------------------------
x = 25.000000, y = 54.000000
avance = -171.000000, avanceR = 2.000000, avanceI = 2.000000
inc_x_r = 0.000000, inc_y_r = 1.000000, inc_x_i = 1.000000, inc_y_i = 1.000000
En el else......

----------------------------------------
x = 25.000000, y = 55.000000
avance = -169.000000, avanceR = 2.000000, avanceI = 2.000000
inc_x_r = 0.000000, inc_y_r = 1.000000, inc_x_i = 1.000000, inc_y_i = 1.000000
En el else......

----------------------------------------
x = 25.000000, y = 56.000000
avance = -167.000000, avanceR = 2.000000, avanceI = 2.000000
inc_x_r = 0.000000, inc_y_r = 1.000000, inc_x_i = 1.000000, inc_y_i = 1.000000
En el else......

----------------------------------------
x = 25.000000, y = 57.000000
avance = -165.000000, avanceR = 2.000000, avanceI = 2.000000
inc_x_r = 0.000000, inc_y_r = 1.000000, inc_x_i = 1.000000, inc_y_i = 1.000000
En el else......

----------------------------------------
x = 25.000000, y = 58.000000
avance = -163.000000, avanceR = 2.000000, avanceI = 2.000000
inc_x_r = 0.000000, inc_y_r = 1.000000, inc_x_i = 1.000000, inc_y_i = 1.000000
En el else......

----------------------------------------
x = 25.000000, y = 59.000000
avance = -161.000000, avanceR = 2.000000, avanceI = 2.000000
inc_x_r = 0.000000, inc_y_r = 1.000000, inc_x_i = 1.000000, inc_y_i = 1.000000
En el else......

----------------------------------------
x = 25.000000, y = 60.000000
avance = -159.000000, avanceR = 2.000000, avanceI = 2.000000
inc_x_r = 0.000000, inc_y_r = 1.000000, inc_x_i = 1.000000, inc_y_i = 1.000000
En el else......

----------------------------------------
x = 25.000000, y = 61.000000
avance = -157.000000, avanceR = 2.000000, avanceI = 2.000000
inc_x_r = 0.000000, inc_y_r = 1.000000, inc_x_i = 1.000000, inc_y_i = 1.000000
En el else......

----------------------------------------
x = 25.000000, y = 62.000000
avance = -155.000000, avanceR = 2.000000, avanceI = 2.000000
inc_x_r = 0.000000, inc_y_r = 1.000000, inc_x_i = 1.000000, inc_y_i = 1.000000
En el else......

----------------------------------------
x = 25.000000, y = 63.000000
avance = -153.000000, avanceR = 2.000000, avanceI = 2.000000
inc_x_r = 0.000000, inc_y_r = 1.000000, inc_x_i = 1.000000, inc_y_i = 1.000000
En el else......

----------------------------------------
x = 25.000000, y = 64.000000
avance = -151.000000, avanceR = 2.000000, avanceI = 2.000000
inc_x_r = 0.000000, inc_y_r = 1.000000, inc_x_i = 1.000000, inc_y_i = 1.000000
En el else......

----------------------------------------
x = 25.000000, y = 65.000000
avance = -149.000000, avanceR = 2.000000, avanceI = 2.000000
inc_x_r = 0.000000, inc_y_r = 1.000000, inc_x_i = 1.000000, inc_y_i = 1.000000
En el else......

----------------------------------------
x = 25.000000, y = 66.000000
avance = -147.000000, avanceR = 2.000000, avanceI = 2.000000
inc_x_r = 0.000000, inc_y_r = 1.000000, inc_x_i = 1.000000, inc_y_i = 1.000000
En el else......

----------------------------------------
x = 25.000000, y = 67.000000
avance = -145.000000, avanceR = 2.000000, avanceI = 2.000000
inc_x_r = 0.000000, inc_y_r = 1.000000, inc_x_i = 1.000000, inc_y_i = 1.000000
En el else......

----------------------------------------
x = 25.000000, y = 68.000000
avance = -143.000000, avanceR = 2.000000, avanceI = 2.000000
inc_x_r = 0.000000, inc_y_r = 1.000000, inc_x_i = 1.000000, inc_y_i = 1.000000
En el else......

----------------------------------------
x = 25.000000, y = 69.000000
avance = -141.000000, avanceR = 2.000000, avanceI = 2.000000
inc_x_r = 0.000000, inc_y_r = 1.000000, inc_x_i = 1.000000, inc_y_i = 1.000000
En el else......

----------------------------------------
x = 25.000000, y = 70.000000
avance = -139.000000, avanceR = 2.000000, avanceI = 2.000000
inc_x_r = 0.000000, inc_y_r = 1.000000, inc_x_i = 1.000000, inc_y_i = 1.000000
En el else......

----------------------------------------
x = 25.000000, y = 71.000000
avance = -137.000000, avanceR = 2.000000, avanceI = 2.000000
inc_x_r = 0.000000, inc_y_r = 1.000000, inc_x_i = 1.000000, inc_y_i = 1.000000
En el else......

----------------------------------------
x = 25.000000, y = 72.000000
avance = -135.000000, avanceR = 2.000000, avanceI = 2.000000
inc_x_r = 0.000000, inc_y_r = 1.000000, inc_x_i = 1.000000, inc_y_i = 1.000000
En el else......

----------------------------------------
x = 25.000000, y = 73.000000
avance = -133.000000, avanceR = 2.000000, avanceI = 2.000000
inc_x_r = 0.000000, inc_y_r = 1.000000, inc_x_i = 1.000000, inc_y_i = 1.000000
En el else......

----------------------------------------
x = 25.000000, y = 74.000000
avance = -131.000000, avanceR = 2.000000, avanceI = 2.000000
inc_x_r = 0.000000, inc_y_r = 1.000000, inc_x_i = 1.000000, inc_y_i = 1.000000
En el else......

----------------------------------------
x = 25.000000, y = 75.000000
avance = -129.000000, avanceR = 2.000000, avanceI = 2.000000
inc_x_r = 0.000000, inc_y_r = 1.000000, inc_x_i = 1.000000, inc_y_i = 1.000000
En el else......

----------------------------------------
x = 25.000000, y = 76.000000
avance = -127.000000, avanceR = 2.000000, avanceI = 2.000000
inc_x_r = 0.000000, inc_y_r = 1.000000, inc_x_i = 1.000000, inc_y_i = 1.000000
En el else......

----------------------------------------
x = 25.000000, y = 77.000000
avance = -125.000000, avanceR = 2.000000, avanceI = 2.000000
inc_x_r = 0.000000, inc_y_r = 1.000000, inc_x_i = 1.000000, inc_y_i = 1.000000
En el else......

----------------------------------------
x = 25.000000, y = 78.000000
avance = -123.000000, avanceR = 2.000000, avanceI = 2.000000
inc_x_r = 0.000000, inc_y_r = 1.000000, inc_x_i = 1.000000, inc_y_i = 1.000000
En el else......

----------------------------------------
x = 25.000000, y = 79.000000
avance = -121.000000, avanceR = 2.000000, avanceI = 2.000000
inc_x_r = 0.000000, inc_y_r = 1.000000, inc_x_i = 1.000000, inc_y_i = 1.000000
En el else......

----------------------------------------
x = 25.000000, y = 80.000000
avance = -119.000000, avanceR = 2.000000, avanceI = 2.000000
inc_x_r = 0.000000, inc_y_r = 1.000000, inc_x_i = 1.000000, inc_y_i = 1.000000
En el else......

----------------------------------------
x = 25.000000, y = 81.000000
avance = -117.000000, avanceR = 2.000000, avanceI = 2.000000
inc_x_r = 0.000000, inc_y_r = 1.000000, inc_x_i = 1.000000, inc_y_i = 1.000000
En el else......

----------------------------------------
x = 25.000000, y = 82.000000
avance = -115.000000, avanceR = 2.000000, avanceI = 2.000000
inc_x_r = 0.000000, inc_y_r = 1.000000, inc_x_i = 1.000000, inc_y_i = 1.000000
En el else......

----------------------------------------
x = 25.000000, y = 83.000000
avance = -113.000000, avanceR = 2.000000, avanceI = 2.000000
inc_x_r = 0.000000, inc_y_r = 1.000000, inc_x_i = 1.000000, inc_y_i = 1.000000
En el else......

----------------------------------------
x = 25.000000, y = 84.000000
avance = -111.000000, avanceR = 2.000000, avanceI = 2.000000
inc_x_r = 0.000000, inc_y_r = 1.000000, inc_x_i = 1.000000, inc_y_i = 1.000000
En el else......

----------------------------------------
x = 25.000000, y = 85.000000
avance = -109.000000, avanceR = 2.000000, avanceI = 2.000000
inc_x_r = 0.000000, inc_y_r = 1.000000, inc_x_i = 1.000000, inc_y_i = 1.000000
En el else......

----------------------------------------
x = 25.000000, y = 86.000000
avance = -107.000000, avanceR = 2.000000, avanceI = 2.000000
inc_x_r = 0.000000, inc_y_r = 1.000000, inc_x_i = 1.000000, inc_y_i = 1.000000
En el else......

----------------------------------------
x = 25.000000, y = 87.000000
avance = -105.000000, avanceR = 2.000000, avanceI = 2.000000
inc_x_r = 0.000000, inc_y_r = 1.000000, inc_x_i = 1.000000, inc_y_i = 1.000000
En el else......

----------------------------------------
x = 25.000000, y = 88.000000
avance = -103.000000, avanceR = 2.000000, avanceI = 2.000000
inc_x_r = 0.000000, inc_y_r = 1.000000, inc_x_i = 1.000000, inc_y_i = 1.000000
En el else......

----------------------------------------
x = 25.000000, y = 89.000000
avance = -101.000000, avanceR = 2.000000, avanceI = 2.000000
inc_x_r = 0.000000, inc_y_r = 1.000000, inc_x_i = 1.000000, inc_y_i = 1.000000
En el else......

----------------------------------------
x = 25.000000, y = 90.000000
avance = -99.000000, avanceR = 2.000000, avanceI = 2.000000
inc_x_r = 0.000000, inc_y_r = 1.000000, inc_x_i = 1.000000, inc_y_i = 1.000000
En el else......

----------------------------------------
x = 25.000000, y = 91.000000
avance = -97.000000, avanceR = 2.000000, avanceI = 2.000000
inc_x_r = 0.000000, inc_y_r = 1.000000, inc_x_i = 1.000000, inc_y_i = 1.000000
En el else......

----------------------------------------
x = 25.000000, y = 92.000000
avance = -95.000000, avanceR = 2.000000, avanceI = 2.000000
inc_x_r = 0.000000, inc_y_r = 1.000000, inc_x_i = 1.000000, inc_y_i = 1.000000
En el else......

----------------------------------------
x = 25.000000, y = 93.000000
avance = -93.000000, avanceR = 2.000000, avanceI = 2.000000
inc_x_r = 0.000000, inc_y_r = 1.000000, inc_x_i = 1.000000, inc_y_i = 1.000000
En el else......

----------------------------------------
x = 25.000000, y = 94.000000
avance = -91.000000, avanceR = 2.000000, avanceI = 2.000000
inc_x_r = 0.000000, inc_y_r = 1.000000, inc_x_i = 1.000000, inc_y_i = 1.000000
En el else......

----------------------------------------
x = 25.000000, y = 95.000000
avance = -89.000000, avanceR = 2.000000, avanceI = 2.000000
inc_x_r = 0.000000, inc_y_r = 1.000000, inc_x_i = 1.000000, inc_y_i = 1.000000
En el else......

----------------------------------------
x = 25.000000, y = 96.000000
avance = -87.000000, avanceR = 2.000000, avanceI = 2.000000
inc_x_r = 0.000000, inc_y_r = 1.000000, inc_x_i = 1.000000, inc_y_i = 1.000000
En el else......

----------------------------------------
x = 25.000000, y = 97.000000
avance = -85.000000, avanceR = 2.000000, avanceI = 2.000000
inc_x_r = 0.000000, inc_y_r = 1.000000, inc_x_i = 1.000000, inc_y_i = 1.000000
En el else......

----------------------------------------
x = 25.000000, y = 98.000000
avance = -83.000000, avanceR = 2.000000, avanceI = 2.000000
inc_x_r = 0.000000, inc_y_r = 1.000000, inc_x_i = 1.000000, inc_y_i = 1.000000
En el else......

----------------------------------------
x = 25.000000, y = 99.000000
avance = -81.000000, avanceR = 2.000000, avanceI = 2.000000
inc_x_r = 0.000000, inc_y_r = 1.000000, inc_x_i = 1.000000, inc_y_i = 1.000000
En el else......

----------------------------------------
x = 25.000000, y = 100.000000
avance = -79.000000, avanceR = 2.000000, avanceI = 2.000000
inc_x_r = 0.000000, inc_y_r = 1.000000, inc_x_i = 1.000000, inc_y_i = 1.000000
En el else......

----------------------------------------
x = 25.000000, y = 101.000000
avance = -77.000000, avanceR = 2.000000, avanceI = 2.000000
inc_x_r = 0.000000, inc_y_r = 1.000000, inc_x_i = 1.000000, inc_y_i = 1.000000
En el else......

----------------------------------------
x = 25.000000, y = 102.000000
avance = -75.000000, avanceR = 2.000000, avanceI = 2.000000
inc_x_r = 0.000000, inc_y_r = 1.000000, inc_x_i = 1.000000, inc_y_i = 1.000000
En el else......

----------------------------------------
x = 25.000000, y = 103.000000
avance = -73.000000, avanceR = 2.000000, avanceI = 2.000000
inc_x_r = 0.000000, inc_y_r = 1.000000, inc_x_i = 1.000000, inc_y_i = 1.000000
En el else......

----------------------------------------
x = 25.000000, y = 104.000000
avance = -71.000000, avanceR = 2.000000, avanceI = 2.000000
inc_x_r = 0.000000, inc_y_r = 1.000000, inc_x_i = 1.000000, inc_y_i = 1.000000
En el else......

----------------------------------------
x = 25.000000, y = 105.000000
avance = -69.000000, avanceR = 2.000000, avanceI = 2.000000
inc_x_r = 0.000000, inc_y_r = 1.000000, inc_x_i = 1.000000, inc_y_i = 1.000000
En el else......

----------------------------------------
x = 25.000000, y = 106.000000
avance = -67.000000, avanceR = 2.000000, avanceI = 2.000000
inc_x_r = 0.000000, inc_y_r = 1.000000, inc_x_i = 1.000000, inc_y_i = 1.000000
En el else......

----------------------------------------
x = 25.000000, y = 107.000000
avance = -65.000000, avanceR = 2.000000, avanceI = 2.000000
inc_x_r = 0.000000, inc_y_r = 1.000000, inc_x_i = 1.000000, inc_y_i = 1.000000
En el else......

----------------------------------------
x = 25.000000, y = 108.000000
avance = -63.000000, avanceR = 2.000000, avanceI = 2.000000
inc_x_r = 0.000000, inc_y_r = 1.000000, inc_x_i = 1.000000, inc_y_i = 1.000000
En el else......

----------------------------------------
x = 25.000000, y = 109.000000
avance = -61.000000, avanceR = 2.000000, avanceI = 2.000000
inc_x_r = 0.000000, inc_y_r = 1.000000, inc_x_i = 1.000000, inc_y_i = 1.000000
En el else......

----------------------------------------
x = 25.000000, y = 110.000000
avance = -59.000000, avanceR = 2.000000, avanceI = 2.000000
inc_x_r = 0.000000, inc_y_r = 1.000000, inc_x_i = 1.000000, inc_y_i = 1.000000
En el else......

----------------------------------------
x = 25.000000, y = 111.000000
avance = -57.000000, avanceR = 2.000000, avanceI = 2.000000
inc_x_r = 0.000000, inc_y_r = 1.000000, inc_x_i = 1.000000, inc_y_i = 1.000000
En el else......

----------------------------------------
x = 25.000000, y = 112.000000
avance = -55.000000, avanceR = 2.000000, avanceI = 2.000000
inc_x_r = 0.000000, inc_y_r = 1.000000, inc_x_i = 1.000000, inc_y_i = 1.000000
En el else......

----------------------------------------
x = 25.000000, y = 113.000000
avance = -53.000000, avanceR = 2.000000, avanceI = 2.000000
inc_x_r = 0.000000, inc_y_r = 1.000000, inc_x_i = 1.000000, inc_y_i = 1.000000
En el else......

----------------------------------------
x = 25.000000, y = 114.000000
avance = -51.000000, avanceR = 2.000000, avanceI = 2.000000
inc_x_r = 0.000000, inc_y_r = 1.000000, inc_x_i = 1.000000, inc_y_i = 1.000000
En el else......

----------------------------------------
x = 25.000000, y = 115.000000
avance = -49.000000, avanceR = 2.000000, avanceI = 2.000000
inc_x_r = 0.000000, inc_y_r = 1.000000, inc_x_i = 1.000000, inc_y_i = 1.000000
En el else......

----------------------------------------
x = 25.000000, y = 116.000000
avance = -47.000000, avanceR = 2.000000, avanceI = 2.000000
inc_x_r = 0.000000, inc_y_r = 1.000000, inc_x_i = 1.000000, inc_y_i = 1.000000
En el else......

----------------------------------------
x = 25.000000, y = 117.000000
avance = -45.000000, avanceR = 2.000000, avanceI = 2.000000
inc_x_r = 0.000000, inc_y_r = 1.000000, inc_x_i = 1.000000, inc_y_i = 1.000000
En el else......

----------------------------------------
x = 25.000000, y = 118.000000
avance = -43.000000, avanceR = 2.000000, avanceI = 2.000000
inc_x_r = 0.000000, inc_y_r = 1.000000, inc_x_i = 1.000000, inc_y_i = 1.000000
En el else......

----------------------------------------
x = 25.000000, y = 119.000000
avance = -41.000000, avanceR = 2.000000, avanceI = 2.000000
inc_x_r = 0.000000, inc_y_r = 1.000000, inc_x_i = 1.000000, inc_y_i = 1.000000
En el else......

----------------------------------------
x = 25.000000, y = 120.000000
avance = -39.000000, avanceR = 2.000000, avanceI = 2.000000
inc_x_r = 0.000000, inc_y_r = 1.000000, inc_x_i = 1.000000, inc_y_i = 1.000000
En el else......

----------------------------------------
x = 25.000000, y = 121.000000
avance = -37.000000, avanceR = 2.000000, avanceI = 2.000000
inc_x_r = 0.000000, inc_y_r = 1.000000, inc_x_i = 1.000000, inc_y_i = 1.000000
En el else......

----------------------------------------
x = 25.000000, y = 122.000000
avance = -35.000000, avanceR = 2.000000, avanceI = 2.000000
inc_x_r = 0.000000, inc_y_r = 1.000000, inc_x_i = 1.000000, inc_y_i = 1.000000
En el else......

----------------------------------------
x = 25.000000, y = 123.000000
avance = -33.000000, avanceR = 2.000000, avanceI = 2.000000
inc_x_r = 0.000000, inc_y_r = 1.000000, inc_x_i = 1.000000, inc_y_i = 1.000000
En el else......

----------------------------------------
x = 25.000000, y = 124.000000
avance = -31.000000, avanceR = 2.000000, avanceI = 2.000000
inc_x_r = 0.000000, inc_y_r = 1.000000, inc_x_i = 1.000000, inc_y_i = 1.000000
En el else......

----------------------------------------
x = 25.000000, y = 125.000000
avance = -29.000000, avanceR = 2.000000, avanceI = 2.000000
inc_x_r = 0.000000, inc_y_r = 1.000000, inc_x_i = 1.000000, inc_y_i = 1.000000
En el else......

----------------------------------------
x = 25.000000, y = 126.000000
avance = -27.000000, avanceR = 2.000000, avanceI = 2.000000
inc_x_r = 0.000000, inc_y_r = 1.000000, inc_x_i = 1.000000, inc_y_i = 1.000000
En el else......

----------------------------------------
x = 25.000000, y = 127.000000
avance = -25.000000, avanceR = 2.000000, avanceI = 2.000000
inc_x_r = 0.000000, inc_y_r = 1.000000, inc_x_i = 1.000000, inc_y_i = 1.000000
En el else......

----------------------------------------
x = 25.000000, y = 128.000000
avance = -23.000000, avanceR = 2.000000, avanceI = 2.000000
inc_x_r = 0.000000, inc_y_r = 1.000000, inc_x_i = 1.000000, inc_y_i = 1.000000
En el else......

----------------------------------------
x = 25.000000, y = 129.000000
avance = -21.000000, avanceR = 2.000000, avanceI = 2.000000
inc_x_r = 0.000000, inc_y_r = 1.000000, inc_x_i = 1.000000, inc_y_i = 1.000000
En el else......

----------------------------------------
x = 25.000000, y = 130.000000
avance = -19.000000, avanceR = 2.000000, avanceI = 2.000000
inc_x_r = 0.000000, inc_y_r = 1.000000, inc_x_i = 1.000000, inc_y_i = 1.000000
En el else......

----------------------------------------
x = 25.000000, y = 131.000000
avance = -17.000000, avanceR = 2.000000, avanceI = 2.000000
inc_x_r = 0.000000, inc_y_r = 1.000000, inc_x_i = 1.000000, inc_y_i = 1.000000
En el else......

----------------------------------------
x = 25.000000, y = 132.000000
avance = -15.000000, avanceR = 2.000000, avanceI = 2.000000
inc_x_r = 0.000000, inc_y_r = 1.000000, inc_x_i = 1.000000, inc_y_i = 1.000000
En el else......

----------------------------------------
x = 25.000000, y = 133.000000
avance = -13.000000, avanceR = 2.000000, avanceI = 2.000000
inc_x_r = 0.000000, inc_y_r = 1.000000, inc_x_i = 1.000000, inc_y_i = 1.000000
En el else......

----------------------------------------
x = 25.000000, y = 134.000000
avance = -11.000000, avanceR = 2.000000, avanceI = 2.000000
inc_x_r = 0.000000, inc_y_r = 1.000000, inc_x_i = 1.000000, inc_y_i = 1.000000
En el else......

----------------------------------------
x = 25.000000, y = 135.000000
avance = -9.000000, avanceR = 2.000000, avanceI = 2.000000
inc_x_r = 0.000000, inc_y_r = 1.000000, inc_x_i = 1.000000, inc_y_i = 1.000000
En el else......

----------------------------------------
x = 25.000000, y = 136.000000
avance = -7.000000, avanceR = 2.000000, avanceI = 2.000000
inc_x_r = 0.000000, inc_y_r = 1.000000, inc_x_i = 1.000000, inc_y_i = 1.000000
En el else......

----------------------------------------
x = 25.000000, y = 137.000000
avance = -5.000000, avanceR = 2.000000, avanceI = 2.000000
inc_x_r = 0.000000, inc_y_r = 1.000000, inc_x_i = 1.000000, inc_y_i = 1.000000
En el else......

----------------------------------------
x = 25.000000, y = 138.000000
avance = -3.000000, avanceR = 2.000000, avanceI = 2.000000
inc_x_r = 0.000000, inc_y_r = 1.000000, inc_x_i = 1.000000, inc_y_i = 1.000000
En el else......

----------------------------------------
x = 25.000000, y = 139.000000
avance = -1.000000, avanceR = 2.000000, avanceI = 2.000000
inc_x_r = 0.000000, inc_y_r = 1.000000, inc_x_i = 1.000000, inc_y_i = 1.000000
En el else......

----------------------------------------
x = 25.000000, y = 140.000000
avance = 1.000000, avanceR = 2.000000, avanceI = 2.000000
inc_x_r = 0.000000, inc_y_r = 1.000000, inc_x_i = 1.000000, inc_y_i = 1.000000
avance >= 0

----------------------------------------
x = 26.000000, y = 141.000000
avance = -499.000000, avanceR = 2.000000, avanceI = 2.000000
inc_x_r = 0.000000, inc_y_r = 1.000000, inc_x_i = 1.000000, inc_y_i = 1.000000
En el else......

----------------------------------------
x = 26.000000, y = 142.000000
avance = -497.000000, avanceR = 2.000000, avanceI = 2.000000
inc_x_r = 0.000000, inc_y_r = 1.000000, inc_x_i = 1.000000, inc_y_i = 1.000000
En el else......

----------------------------------------
x = 26.000000, y = 143.000000
avance = -495.000000, avanceR = 2.000000, avanceI = 2.000000
inc_x_r = 0.000000, inc_y_r = 1.000000, inc_x_i = 1.000000, inc_y_i = 1.000000
En el else......

----------------------------------------
x = 26.000000, y = 144.000000
avance = -493.000000, avanceR = 2.000000, avanceI = 2.000000
inc_x_r = 0.000000, inc_y_r = 1.000000, inc_x_i = 1.000000, inc_y_i = 1.000000
En el else......

----------------------------------------
x = 26.000000, y = 145.000000
avance = -491.000000, avanceR = 2.000000, avanceI = 2.000000
inc_x_r = 0.000000, inc_y_r = 1.000000, inc_x_i = 1.000000, inc_y_i = 1.000000
En el else......

----------------------------------------
x = 26.000000, y = 146.000000
avance = -489.000000, avanceR = 2.000000, avanceI = 2.000000
inc_x_r = 0.000000, inc_y_r = 1.000000, inc_x_i = 1.000000, inc_y_i = 1.000000
En el else......

----------------------------------------
x = 26.000000, y = 147.000000
avance = -487.000000, avanceR = 2.000000, avanceI = 2.000000
inc_x_r = 0.000000, inc_y_r = 1.000000, inc_x_i = 1.000000, inc_y_i = 1.000000
En el else......

----------------------------------------
x = 26.000000, y = 148.000000
avance = -485.000000, avanceR = 2.000000, avanceI = 2.000000
inc_x_r = 0.000000, inc_y_r = 1.000000, inc_x_i = 1.000000, inc_y_i = 1.000000
En el else......

----------------------------------------
x = 26.000000, y = 149.000000
avance = -483.000000, avanceR = 2.000000, avanceI = 2.000000
inc_x_r = 0.000000, inc_y_r = 1.000000, inc_x_i = 1.000000, inc_y_i = 1.000000
En el else......

----------------------------------------
x = 26.000000, y = 150.000000
avance = -481.000000, avanceR = 2.000000, avanceI = 2.000000
inc_x_r = 0.000000, inc_y_r = 1.000000, inc_x_i = 1.000000, inc_y_i = 1.000000
En el else......

----------------------------------------
x = 26.000000, y = 151.000000
avance = -479.000000, avanceR = 2.000000, avanceI = 2.000000
inc_x_r = 0.000000, inc_y_r = 1.000000, inc_x_i = 1.000000, inc_y_i = 1.000000
En el else......

----------------------------------------
x = 26.000000, y = 152.000000
avance = -477.000000, avanceR = 2.000000, avanceI = 2.000000
inc_x_r = 0.000000, inc_y_r = 1.000000, inc_x_i = 1.000000, inc_y_i = 1.000000
En el else......

----------------------------------------
x = 26.000000, y = 153.000000
avance = -475.000000, avanceR = 2.000000, avanceI = 2.000000
inc_x_r = 0.000000, inc_y_r = 1.000000, inc_x_i = 1.000000, inc_y_i = 1.000000
En el else......

----------------------------------------
x = 26.000000, y = 154.000000
avance = -473.000000, avanceR = 2.000000, avanceI = 2.000000
inc_x_r = 0.000000, inc_y_r = 1.000000, inc_x_i = 1.000000, inc_y_i = 1.000000
En el else......

----------------------------------------
x = 26.000000, y = 155.000000
avance = -471.000000, avanceR = 2.000000, avanceI = 2.000000
inc_x_r = 0.000000, inc_y_r = 1.000000, inc_x_i = 1.000000, inc_y_i = 1.000000
En el else......

----------------------------------------
x = 26.000000, y = 156.000000
avance = -469.000000, avanceR = 2.000000, avanceI = 2.000000
inc_x_r = 0.000000, inc_y_r = 1.000000, inc_x_i = 1.000000, inc_y_i = 1.000000
En el else......

----------------------------------------
x = 26.000000, y = 157.000000
avance = -467.000000, avanceR = 2.000000, avanceI = 2.000000
inc_x_r = 0.000000, inc_y_r = 1.000000, inc_x_i = 1.000000, inc_y_i = 1.000000
En el else......

----------------------------------------
x = 26.000000, y = 158.000000
avance = -465.000000, avanceR = 2.000000, avanceI = 2.000000
inc_x_r = 0.000000, inc_y_r = 1.000000, inc_x_i = 1.000000, inc_y_i = 1.000000
En el else......

----------------------------------------
x = 26.000000, y = 159.000000
avance = -463.000000, avanceR = 2.000000, avanceI = 2.000000
inc_x_r = 0.000000, inc_y_r = 1.000000, inc_x_i = 1.000000, inc_y_i = 1.000000
En el else......

----------------------------------------
x = 26.000000, y = 160.000000
avance = -461.000000, avanceR = 2.000000, avanceI = 2.000000
inc_x_r = 0.000000, inc_y_r = 1.000000, inc_x_i = 1.000000, inc_y_i = 1.000000
En el else......

----------------------------------------
x = 26.000000, y = 161.000000
avance = -459.000000, avanceR = 2.000000, avanceI = 2.000000
inc_x_r = 0.000000, inc_y_r = 1.000000, inc_x_i = 1.000000, inc_y_i = 1.000000
En el else......

----------------------------------------
x = 26.000000, y = 162.000000
avance = -457.000000, avanceR = 2.000000, avanceI = 2.000000
inc_x_r = 0.000000, inc_y_r = 1.000000, inc_x_i = 1.000000, inc_y_i = 1.000000
En el else......

----------------------------------------
x = 26.000000, y = 163.000000
avance = -455.000000, avanceR = 2.000000, avanceI = 2.000000
inc_x_r = 0.000000, inc_y_r = 1.000000, inc_x_i = 1.000000, inc_y_i = 1.000000
En el else......

----------------------------------------
x = 26.000000, y = 164.000000
avance = -453.000000, avanceR = 2.000000, avanceI = 2.000000
inc_x_r = 0.000000, inc_y_r = 1.000000, inc_x_i = 1.000000, inc_y_i = 1.000000
En el else......

----------------------------------------
x = 26.000000, y = 165.000000
avance = -451.000000, avanceR = 2.000000, avanceI = 2.000000
inc_x_r = 0.000000, inc_y_r = 1.000000, inc_x_i = 1.000000, inc_y_i = 1.000000
En el else......

----------------------------------------
x = 26.000000, y = 166.000000
avance = -449.000000, avanceR = 2.000000, avanceI = 2.000000
inc_x_r = 0.000000, inc_y_r = 1.000000, inc_x_i = 1.000000, inc_y_i = 1.000000
En el else......

----------------------------------------
x = 26.000000, y = 167.000000
avance = -447.000000, avanceR = 2.000000, avanceI = 2.000000
inc_x_r = 0.000000, inc_y_r = 1.000000, inc_x_i = 1.000000, inc_y_i = 1.000000
En el else......

----------------------------------------
x = 26.000000, y = 168.000000
avance = -445.000000, avanceR = 2.000000, avanceI = 2.000000
inc_x_r = 0.000000, inc_y_r = 1.000000, inc_x_i = 1.000000, inc_y_i = 1.000000
En el else......

----------------------------------------
x = 26.000000, y = 169.000000
avance = -443.000000, avanceR = 2.000000, avanceI = 2.000000
inc_x_r = 0.000000, inc_y_r = 1.000000, inc_x_i = 1.000000, inc_y_i = 1.000000
En el else......

----------------------------------------
x = 26.000000, y = 170.000000
avance = -441.000000, avanceR = 2.000000, avanceI = 2.000000
inc_x_r = 0.000000, inc_y_r = 1.000000, inc_x_i = 1.000000, inc_y_i = 1.000000
En el else......

----------------------------------------
x = 26.000000, y = 171.000000
avance = -439.000000, avanceR = 2.000000, avanceI = 2.000000
inc_x_r = 0.000000, inc_y_r = 1.000000, inc_x_i = 1.000000, inc_y_i = 1.000000
En el else......

----------------------------------------
x = 26.000000, y = 172.000000
avance = -437.000000, avanceR = 2.000000, avanceI = 2.000000
inc_x_r = 0.000000, inc_y_r = 1.000000, inc_x_i = 1.000000, inc_y_i = 1.000000
En el else......

----------------------------------------
x = 26.000000, y = 173.000000
avance = -435.000000, avanceR = 2.000000, avanceI = 2.000000
inc_x_r = 0.000000, inc_y_r = 1.000000, inc_x_i = 1.000000, inc_y_i = 1.000000
En el else......

----------------------------------------
x = 26.000000, y = 174.000000
avance = -433.000000, avanceR = 2.000000, avanceI = 2.000000
inc_x_r = 0.000000, inc_y_r = 1.000000, inc_x_i = 1.000000, inc_y_i = 1.000000
En el else......

----------------------------------------
x = 26.000000, y = 175.000000
avance = -431.000000, avanceR = 2.000000, avanceI = 2.000000
inc_x_r = 0.000000, inc_y_r = 1.000000, inc_x_i = 1.000000, inc_y_i = 1.000000
En el else......

----------------------------------------
x = 26.000000, y = 176.000000
avance = -429.000000, avanceR = 2.000000, avanceI = 2.000000
inc_x_r = 0.000000, inc_y_r = 1.000000, inc_x_i = 1.000000, inc_y_i = 1.000000
En el else......

----------------------------------------
x = 26.000000, y = 177.000000
avance = -427.000000, avanceR = 2.000000, avanceI = 2.000000
inc_x_r = 0.000000, inc_y_r = 1.000000, inc_x_i = 1.000000, inc_y_i = 1.000000
En el else......

----------------------------------------
x = 26.000000, y = 178.000000
avance = -425.000000, avanceR = 2.000000, avanceI = 2.000000
inc_x_r = 0.000000, inc_y_r = 1.000000, inc_x_i = 1.000000, inc_y_i = 1.000000
En el else......

----------------------------------------
x = 26.000000, y = 179.000000
avance = -423.000000, avanceR = 2.000000, avanceI = 2.000000
inc_x_r = 0.000000, inc_y_r = 1.000000, inc_x_i = 1.000000, inc_y_i = 1.000000
En el else......

----------------------------------------
x = 26.000000, y = 180.000000
avance = -421.000000, avanceR = 2.000000, avanceI = 2.000000
inc_x_r = 0.000000, inc_y_r = 1.000000, inc_x_i = 1.000000, inc_y_i = 1.000000
En el else......

----------------------------------------
x = 26.000000, y = 181.000000
avance = -419.000000, avanceR = 2.000000, avanceI = 2.000000
inc_x_r = 0.000000, inc_y_r = 1.000000, inc_x_i = 1.000000, inc_y_i = 1.000000
En el else......

----------------------------------------
x = 26.000000, y = 182.000000
avance = -417.000000, avanceR = 2.000000, avanceI = 2.000000
inc_x_r = 0.000000, inc_y_r = 1.000000, inc_x_i = 1.000000, inc_y_i = 1.000000
En el else......

----------------------------------------
x = 26.000000, y = 183.000000
avance = -415.000000, avanceR = 2.000000, avanceI = 2.000000
inc_x_r = 0.000000, inc_y_r = 1.000000, inc_x_i = 1.000000, inc_y_i = 1.000000
En el else......

----------------------------------------
x = 26.000000, y = 184.000000
avance = -413.000000, avanceR = 2.000000, avanceI = 2.000000
inc_x_r = 0.000000, inc_y_r = 1.000000, inc_x_i = 1.000000, inc_y_i = 1.000000
En el else......

----------------------------------------
x = 26.000000, y = 185.000000
avance = -411.000000, avanceR = 2.000000, avanceI = 2.000000
inc_x_r = 0.000000, inc_y_r = 1.000000, inc_x_i = 1.000000, inc_y_i = 1.000000
En el else......

----------------------------------------
x = 26.000000, y = 186.000000
avance = -409.000000, avanceR = 2.000000, avanceI = 2.000000
inc_x_r = 0.000000, inc_y_r = 1.000000, inc_x_i = 1.000000, inc_y_i = 1.000000
En el else......

----------------------------------------
x = 26.000000, y = 187.000000
avance = -407.000000, avanceR = 2.000000, avanceI = 2.000000
inc_x_r = 0.000000, inc_y_r = 1.000000, inc_x_i = 1.000000, inc_y_i = 1.000000
En el else......

----------------------------------------
x = 26.000000, y = 188.000000
avance = -405.000000, avanceR = 2.000000, avanceI = 2.000000
inc_x_r = 0.000000, inc_y_r = 1.000000, inc_x_i = 1.000000, inc_y_i = 1.000000
En el else......

----------------------------------------
x = 26.000000, y = 189.000000
avance = -403.000000, avanceR = 2.000000, avanceI = 2.000000
inc_x_r = 0.000000, inc_y_r = 1.000000, inc_x_i = 1.000000, inc_y_i = 1.000000
En el else......

----------------------------------------
x = 26.000000, y = 190.000000
avance = -401.000000, avanceR = 2.000000, avanceI = 2.000000
inc_x_r = 0.000000, inc_y_r = 1.000000, inc_x_i = 1.000000, inc_y_i = 1.000000
En el else......

----------------------------------------
x = 26.000000, y = 191.000000
avance = -399.000000, avanceR = 2.000000, avanceI = 2.000000
inc_x_r = 0.000000, inc_y_r = 1.000000, inc_x_i = 1.000000, inc_y_i = 1.000000
En el else......

----------------------------------------
x = 26.000000, y = 192.000000
avance = -397.000000, avanceR = 2.000000, avanceI = 2.000000
inc_x_r = 0.000000, inc_y_r = 1.000000, inc_x_i = 1.000000, inc_y_i = 1.000000
En el else......

----------------------------------------
x = 26.000000, y = 193.000000
avance = -395.000000, avanceR = 2.000000, avanceI = 2.000000
inc_x_r = 0.000000, inc_y_r = 1.000000, inc_x_i = 1.000000, inc_y_i = 1.000000
En el else......

----------------------------------------
x = 26.000000, y = 194.000000
avance = -393.000000, avanceR = 2.000000, avanceI = 2.000000
inc_x_r = 0.000000, inc_y_r = 1.000000, inc_x_i = 1.000000, inc_y_i = 1.000000
En el else......

----------------------------------------
x = 26.000000, y = 195.000000
avance = -391.000000, avanceR = 2.000000, avanceI = 2.000000
inc_x_r = 0.000000, inc_y_r = 1.000000, inc_x_i = 1.000000, inc_y_i = 1.000000
En el else......

----------------------------------------
x = 26.000000, y = 196.000000
avance = -389.000000, avanceR = 2.000000, avanceI = 2.000000
inc_x_r = 0.000000, inc_y_r = 1.000000, inc_x_i = 1.000000, inc_y_i = 1.000000
En el else......

----------------------------------------
x = 26.000000, y = 197.000000
avance = -387.000000, avanceR = 2.000000, avanceI = 2.000000
inc_x_r = 0.000000, inc_y_r = 1.000000, inc_x_i = 1.000000, inc_y_i = 1.000000
En el else......

----------------------------------------
x = 26.000000, y = 198.000000
avance = -385.000000, avanceR = 2.000000, avanceI = 2.000000
inc_x_r = 0.000000, inc_y_r = 1.000000, inc_x_i = 1.000000, inc_y_i = 1.000000
En el else......

----------------------------------------
x = 26.000000, y = 199.000000
avance = -383.000000, avanceR = 2.000000, avanceI = 2.000000
inc_x_r = 0.000000, inc_y_r = 1.000000, inc_x_i = 1.000000, inc_y_i = 1.000000
En el else......

----------------------------------------
x = 26.000000, y = 200.000000
avance = -381.000000, avanceR = 2.000000, avanceI = 2.000000
inc_x_r = 0.000000, inc_y_r = 1.000000, inc_x_i = 1.000000, inc_y_i = 1.000000
En el else......

----------------------------------------
x = 26.000000, y = 201.000000
avance = -379.000000, avanceR = 2.000000, avanceI = 2.000000
inc_x_r = 0.000000, inc_y_r = 1.000000, inc_x_i = 1.000000, inc_y_i = 1.000000
En el else......

----------------------------------------
x = 26.000000, y = 202.000000
avance = -377.000000, avanceR = 2.000000, avanceI = 2.000000
inc_x_r = 0.000000, inc_y_r = 1.000000, inc_x_i = 1.000000, inc_y_i = 1.000000
En el else......

----------------------------------------
x = 26.000000, y = 203.000000
avance = -375.000000, avanceR = 2.000000, avanceI = 2.000000
inc_x_r = 0.000000, inc_y_r = 1.000000, inc_x_i = 1.000000, inc_y_i = 1.000000
En el else......

----------------------------------------
x = 26.000000, y = 204.000000
avance = -373.000000, avanceR = 2.000000, avanceI = 2.000000
inc_x_r = 0.000000, inc_y_r = 1.000000, inc_x_i = 1.000000, inc_y_i = 1.000000
En el else......

----------------------------------------
x = 26.000000, y = 205.000000
avance = -371.000000, avanceR = 2.000000, avanceI = 2.000000
inc_x_r = 0.000000, inc_y_r = 1.000000, inc_x_i = 1.000000, inc_y_i = 1.000000
En el else......

----------------------------------------
x = 26.000000, y = 206.000000
avance = -369.000000, avanceR = 2.000000, avanceI = 2.000000
inc_x_r = 0.000000, inc_y_r = 1.000000, inc_x_i = 1.000000, inc_y_i = 1.000000
En el else......

----------------------------------------
x = 26.000000, y = 207.000000
avance = -367.000000, avanceR = 2.000000, avanceI = 2.000000
inc_x_r = 0.000000, inc_y_r = 1.000000, inc_x_i = 1.000000, inc_y_i = 1.000000
En el else......

----------------------------------------
x = 26.000000, y = 208.000000
avance = -365.000000, avanceR = 2.000000, avanceI = 2.000000
inc_x_r = 0.000000, inc_y_r = 1.000000, inc_x_i = 1.000000, inc_y_i = 1.000000
En el else......

----------------------------------------
x = 26.000000, y = 209.000000
avance = -363.000000, avanceR = 2.000000, avanceI = 2.000000
inc_x_r = 0.000000, inc_y_r = 1.000000, inc_x_i = 1.000000, inc_y_i = 1.000000
En el else......

----------------------------------------
x = 26.000000, y = 210.000000
avance = -361.000000, avanceR = 2.000000, avanceI = 2.000000
inc_x_r = 0.000000, inc_y_r = 1.000000, inc_x_i = 1.000000, inc_y_i = 1.000000
En el else......

----------------------------------------
x = 26.000000, y = 211.000000
avance = -359.000000, avanceR = 2.000000, avanceI = 2.000000
inc_x_r = 0.000000, inc_y_r = 1.000000, inc_x_i = 1.000000, inc_y_i = 1.000000
En el else......

----------------------------------------
x = 26.000000, y = 212.000000
avance = -357.000000, avanceR = 2.000000, avanceI = 2.000000
inc_x_r = 0.000000, inc_y_r = 1.000000, inc_x_i = 1.000000, inc_y_i = 1.000000
En el else......

----------------------------------------
x = 26.000000, y = 213.000000
avance = -355.000000, avanceR = 2.000000, avanceI = 2.000000
inc_x_r = 0.000000, inc_y_r = 1.000000, inc_x_i = 1.000000, inc_y_i = 1.000000
En el else......

----------------------------------------
x = 26.000000, y = 214.000000
avance = -353.000000, avanceR = 2.000000, avanceI = 2.000000
inc_x_r = 0.000000, inc_y_r = 1.000000, inc_x_i = 1.000000, inc_y_i = 1.000000
En el else......

----------------------------------------
x = 26.000000, y = 215.000000
avance = -351.000000, avanceR = 2.000000, avanceI = 2.000000
inc_x_r = 0.000000, inc_y_r = 1.000000, inc_x_i = 1.000000, inc_y_i = 1.000000
En el else......

----------------------------------------
x = 26.000000, y = 216.000000
avance = -349.000000, avanceR = 2.000000, avanceI = 2.000000
inc_x_r = 0.000000, inc_y_r = 1.000000, inc_x_i = 1.000000, inc_y_i = 1.000000
En el else......

----------------------------------------
x = 26.000000, y = 217.000000
avance = -347.000000, avanceR = 2.000000, avanceI = 2.000000
inc_x_r = 0.000000, inc_y_r = 1.000000, inc_x_i = 1.000000, inc_y_i = 1.000000
En el else......

----------------------------------------
x = 26.000000, y = 218.000000
avance = -345.000000, avanceR = 2.000000, avanceI = 2.000000
inc_x_r = 0.000000, inc_y_r = 1.000000, inc_x_i = 1.000000, inc_y_i = 1.000000
En el else......

----------------------------------------
x = 26.000000, y = 219.000000
avance = -343.000000, avanceR = 2.000000, avanceI = 2.000000
inc_x_r = 0.000000, inc_y_r = 1.000000, inc_x_i = 1.000000, inc_y_i = 1.000000
En el else......

----------------------------------------
x = 26.000000, y = 220.000000
avance = -341.000000, avanceR = 2.000000, avanceI = 2.000000
inc_x_r = 0.000000, inc_y_r = 1.000000, inc_x_i = 1.000000, inc_y_i = 1.000000
En el else......

----------------------------------------
x = 26.000000, y = 221.000000
avance = -339.000000, avanceR = 2.000000, avanceI = 2.000000
inc_x_r = 0.000000, inc_y_r = 1.000000, inc_x_i = 1.000000, inc_y_i = 1.000000
En el else......

----------------------------------------
x = 26.000000, y = 222.000000
avance = -337.000000, avanceR = 2.000000, avanceI = 2.000000
inc_x_r = 0.000000, inc_y_r = 1.000000, inc_x_i = 1.000000, inc_y_i = 1.000000
En el else......

----------------------------------------
x = 26.000000, y = 223.000000
avance = -335.000000, avanceR = 2.000000, avanceI = 2.000000
inc_x_r = 0.000000, inc_y_r = 1.000000, inc_x_i = 1.000000, inc_y_i = 1.000000
En el else......

----------------------------------------
x = 26.000000, y = 224.000000
avance = -333.000000, avanceR = 2.000000, avanceI = 2.000000
inc_x_r = 0.000000, inc_y_r = 1.000000, inc_x_i = 1.000000, inc_y_i = 1.000000
En el else......

----------------------------------------
x = 26.000000, y = 225.000000
avance = -331.000000, avanceR = 2.000000, avanceI = 2.000000
inc_x_r = 0.000000, inc_y_r = 1.000000, inc_x_i = 1.000000, inc_y_i = 1.000000
En el else......

----------------------------------------
x = 26.000000, y = 226.000000
avance = -329.000000, avanceR = 2.000000, avanceI = 2.000000
inc_x_r = 0.000000, inc_y_r = 1.000000, inc_x_i = 1.000000, inc_y_i = 1.000000
En el else......

----------------------------------------
x = 26.000000, y = 227.000000
avance = -327.000000, avanceR = 2.000000, avanceI = 2.000000
inc_x_r = 0.000000, inc_y_r = 1.000000, inc_x_i = 1.000000, inc_y_i = 1.000000
En el else......

----------------------------------------
x = 26.000000, y = 228.000000
avance = -325.000000, avanceR = 2.000000, avanceI = 2.000000
inc_x_r = 0.000000, inc_y_r = 1.000000, inc_x_i = 1.000000, inc_y_i = 1.000000
En el else......

----------------------------------------
x = 26.000000, y = 229.000000
avance = -323.000000, avanceR = 2.000000, avanceI = 2.000000
inc_x_r = 0.000000, inc_y_r = 1.000000, inc_x_i = 1.000000, inc_y_i = 1.000000
En el else......

----------------------------------------
x = 26.000000, y = 230.000000
avance = -321.000000, avanceR = 2.000000, avanceI = 2.000000
inc_x_r = 0.000000, inc_y_r = 1.000000, inc_x_i = 1.000000, inc_y_i = 1.000000
En el else......

----------------------------------------
x = 26.000000, y = 231.000000
avance = -319.000000, avanceR = 2.000000, avanceI = 2.000000
inc_x_r = 0.000000, inc_y_r = 1.000000, inc_x_i = 1.000000, inc_y_i = 1.000000
En el else......

----------------------------------------
x = 26.000000, y = 232.000000
avance = -317.000000, avanceR = 2.000000, avanceI = 2.000000
inc_x_r = 0.000000, inc_y_r = 1.000000, inc_x_i = 1.000000, inc_y_i = 1.000000
En el else......

----------------------------------------
x = 26.000000, y = 233.000000
avance = -315.000000, avanceR = 2.000000, avanceI = 2.000000
inc_x_r = 0.000000, inc_y_r = 1.000000, inc_x_i = 1.000000, inc_y_i = 1.000000
En el else......

----------------------------------------
x = 26.000000, y = 234.000000
avance = -313.000000, avanceR = 2.000000, avanceI = 2.000000
inc_x_r = 0.000000, inc_y_r = 1.000000, inc_x_i = 1.000000, inc_y_i = 1.000000
En el else......

----------------------------------------
x = 26.000000, y = 235.000000
avance = -311.000000, avanceR = 2.000000, avanceI = 2.000000
inc_x_r = 0.000000, inc_y_r = 1.000000, inc_x_i = 1.000000, inc_y_i = 1.000000
En el else......

----------------------------------------
x = 26.000000, y = 236.000000
avance = -309.000000, avanceR = 2.000000, avanceI = 2.000000
inc_x_r = 0.000000, inc_y_r = 1.000000, inc_x_i = 1.000000, inc_y_i = 1.000000
En el else......

----------------------------------------
x = 26.000000, y = 237.000000
avance = -307.000000, avanceR = 2.000000, avanceI = 2.000000
inc_x_r = 0.000000, inc_y_r = 1.000000, inc_x_i = 1.000000, inc_y_i = 1.000000
En el else......

----------------------------------------
x = 26.000000, y = 238.000000
avance = -305.000000, avanceR = 2.000000, avanceI = 2.000000
inc_x_r = 0.000000, inc_y_r = 1.000000, inc_x_i = 1.000000, inc_y_i = 1.000000
En el else......

----------------------------------------
x = 26.000000, y = 239.000000
avance = -303.000000, avanceR = 2.000000, avanceI = 2.000000
inc_x_r = 0.000000, inc_y_r = 1.000000, inc_x_i = 1.000000, inc_y_i = 1.000000
En el else......

----------------------------------------
x = 26.000000, y = 240.000000
avance = -301.000000, avanceR = 2.000000, avanceI = 2.000000
inc_x_r = 0.000000, inc_y_r = 1.000000, inc_x_i = 1.000000, inc_y_i = 1.000000
En el else......

----------------------------------------
x = 26.000000, y = 241.000000
avance = -299.000000, avanceR = 2.000000, avanceI = 2.000000
inc_x_r = 0.000000, inc_y_r = 1.000000, inc_x_i = 1.000000, inc_y_i = 1.000000
En el else......

----------------------------------------
x = 26.000000, y = 242.000000
avance = -297.000000, avanceR = 2.000000, avanceI = 2.000000
inc_x_r = 0.000000, inc_y_r = 1.000000, inc_x_i = 1.000000, inc_y_i = 1.000000
En el else......

----------------------------------------
x = 26.000000, y = 243.000000
avance = -295.000000, avanceR = 2.000000, avanceI = 2.000000
inc_x_r = 0.000000, inc_y_r = 1.000000, inc_x_i = 1.000000, inc_y_i = 1.000000
En el else......

----------------------------------------
x = 26.000000, y = 244.000000
avance = -293.000000, avanceR = 2.000000, avanceI = 2.000000
inc_x_r = 0.000000, inc_y_r = 1.000000, inc_x_i = 1.000000, inc_y_i = 1.000000
En el else......

----------------------------------------
x = 26.000000, y = 245.000000
avance = -291.000000, avanceR = 2.000000, avanceI = 2.000000
inc_x_r = 0.000000, inc_y_r = 1.000000, inc_x_i = 1.000000, inc_y_i = 1.000000
En el else......

----------------------------------------
x = 26.000000, y = 246.000000
avance = -289.000000, avanceR = 2.000000, avanceI = 2.000000
inc_x_r = 0.000000, inc_y_r = 1.000000, inc_x_i = 1.000000, inc_y_i = 1.000000
En el else......

----------------------------------------
x = 26.000000, y = 247.000000
avance = -287.000000, avanceR = 2.000000, avanceI = 2.000000
inc_x_r = 0.000000, inc_y_r = 1.000000, inc_x_i = 1.000000, inc_y_i = 1.000000
En el else......

----------------------------------------
x = 26.000000, y = 248.000000
avance = -285.000000, avanceR = 2.000000, avanceI = 2.000000
inc_x_r = 0.000000, inc_y_r = 1.000000, inc_x_i = 1.000000, inc_y_i = 1.000000
En el else......

----------------------------------------
x = 26.000000, y = 249.000000
avance = -283.000000, avanceR = 2.000000, avanceI = 2.000000
inc_x_r = 0.000000, inc_y_r = 1.000000, inc_x_i = 1.000000, inc_y_i = 1.000000
En el else......

----------------------------------------
x = 26.000000, y = 250.000000
avance = -281.000000, avanceR = 2.000000, avanceI = 2.000000
inc_x_r = 0.000000, inc_y_r = 1.000000, inc_x_i = 1.000000, inc_y_i = 1.000000
En el else......

----------------------------------------
x = 26.000000, y = 251.000000
avance = -279.000000, avanceR = 2.000000, avanceI = 2.000000
inc_x_r = 0.000000, inc_y_r = 1.000000, inc_x_i = 1.000000, inc_y_i = 1.000000
En el else......

----------------------------------------
x = 26.000000, y = 252.000000
avance = -277.000000, avanceR = 2.000000, avanceI = 2.000000
inc_x_r = 0.000000, inc_y_r = 1.000000, inc_x_i = 1.000000, inc_y_i = 1.000000
En el else......

----------------------------------------
x = 26.000000, y = 253.000000
avance = -275.000000, avanceR = 2.000000, avanceI = 2.000000
inc_x_r = 0.000000, inc_y_r = 1.000000, inc_x_i = 1.000000, inc_y_i = 1.000000
En el else......

----------------------------------------
x = 26.000000, y = 254.000000
avance = -273.000000, avanceR = 2.000000, avanceI = 2.000000
inc_x_r = 0.000000, inc_y_r = 1.000000, inc_x_i = 1.000000, inc_y_i = 1.000000
En el else......

----------------------------------------
x = 26.000000, y = 255.000000
avance = -271.000000, avanceR = 2.000000, avanceI = 2.000000
inc_x_r = 0.000000, inc_y_r = 1.000000, inc_x_i = 1.000000, inc_y_i = 1.000000
En el else......

----------------------------------------
x = 26.000000, y = 256.000000
avance = -269.000000, avanceR = 2.000000, avanceI = 2.000000
inc_x_r = 0.000000, inc_y_r = 1.000000, inc_x_i = 1.000000, inc_y_i = 1.000000
En el else......

----------------------------------------
x = 26.000000, y = 257.000000
avance = -267.000000, avanceR = 2.000000, avanceI = 2.000000
inc_x_r = 0.000000, inc_y_r = 1.000000, inc_x_i = 1.000000, inc_y_i = 1.000000
En el else......

----------------------------------------
x = 26.000000, y = 258.000000
avance = -265.000000, avanceR = 2.000000, avanceI = 2.000000
inc_x_r = 0.000000, inc_y_r = 1.000000, inc_x_i = 1.000000, inc_y_i = 1.000000
En el else......

----------------------------------------
x = 26.000000, y = 259.000000
avance = -263.000000, avanceR = 2.000000, avanceI = 2.000000
inc_x_r = 0.000000, inc_y_r = 1.000000, inc_x_i = 1.000000, inc_y_i = 1.000000
En el else......

----------------------------------------
x = 26.000000, y = 260.000000
avance = -261.000000, avanceR = 2.000000, avanceI = 2.000000
inc_x_r = 0.000000, inc_y_r = 1.000000, inc_x_i = 1.000000, inc_y_i = 1.000000
En el else......

----------------------------------------
x = 26.000000, y = 261.000000
avance = -259.000000, avanceR = 2.000000, avanceI = 2.000000
inc_x_r = 0.000000, inc_y_r = 1.000000, inc_x_i = 1.000000, inc_y_i = 1.000000
En el else......

----------------------------------------
x = 26.000000, y = 262.000000
avance = -257.000000, avanceR = 2.000000, avanceI = 2.000000
inc_x_r = 0.000000, inc_y_r = 1.000000, inc_x_i = 1.000000, inc_y_i = 1.000000
En el else......

----------------------------------------
x = 26.000000, y = 263.000000
avance = -255.000000, avanceR = 2.000000, avanceI = 2.000000
inc_x_r = 0.000000, inc_y_r = 1.000000, inc_x_i = 1.000000, inc_y_i = 1.000000
En el else......

----------------------------------------
x = 26.000000, y = 264.000000
avance = -253.000000, avanceR = 2.000000, avanceI = 2.000000
inc_x_r = 0.000000, inc_y_r = 1.000000, inc_x_i = 1.000000, inc_y_i = 1.000000
En el else......

----------------------------------------
x = 26.000000, y = 265.000000
avance = -251.000000, avanceR = 2.000000, avanceI = 2.000000
inc_x_r = 0.000000, inc_y_r = 1.000000, inc_x_i = 1.000000, inc_y_i = 1.000000
En el else......

----------------------------------------


ENTRAMOS A BRESENHAMªªªª
x1 = 25.000000 - y1 = 15.000000 || x2 = 26.000000 - y2 = 266.000000
dy = 251.000000, dx = 1.000000
avances inclinados: inc_x_i = 1.000000, inc_y_i = 1.000000
updated: dy = 251.000000, dx = 1.000000
avances rectos: inc_x_r = 0.000000, inc_y_r 1.000000
reupdated: dy = 1.000000, dx = 251.000000
avanceR = 2.000000, avance -249.000000, avanceI 2.000000
----------------------------------------
x = 25.000000, y = 15.000000
avance = -249.000000, avanceR = 2.000000, avanceI = 2.000000
inc_x_r = 0.000000, inc_y_r = 1.000000, inc_x_i = 1.000000, inc_y_i = 1.000000
En el else......

----------------------------------------
x = 25.000000, y = 16.000000
avance = -247.000000, avanceR = 2.000000, avanceI = 2.000000
inc_x_r = 0.000000, inc_y_r = 1.000000, inc_x_i = 1.000000, inc_y_i = 1.000000
En el else......

----------------------------------------
x = 25.000000, y = 17.000000
avance = -245.000000, avanceR = 2.000000, avanceI = 2.000000
inc_x_r = 0.000000, inc_y_r = 1.000000, inc_x_i = 1.000000, inc_y_i = 1.000000
En el else......

----------------------------------------
x = 25.000000, y = 18.000000
avance = -243.000000, avanceR = 2.000000, avanceI = 2.000000
inc_x_r = 0.000000, inc_y_r = 1.000000, inc_x_i = 1.000000, inc_y_i = 1.000000
En el else......

----------------------------------------
x = 25.000000, y = 19.000000
avance = -241.000000, avanceR = 2.000000, avanceI = 2.000000
inc_x_r = 0.000000, inc_y_r = 1.000000, inc_x_i = 1.000000, inc_y_i = 1.000000
En el else......

----------------------------------------
x = 25.000000, y = 20.000000
avance = -239.000000, avanceR = 2.000000, avanceI = 2.000000
inc_x_r = 0.000000, inc_y_r = 1.000000, inc_x_i = 1.000000, inc_y_i = 1.000000
En el else......

----------------------------------------
x = 25.000000, y = 21.000000
avance = -237.000000, avanceR = 2.000000, avanceI = 2.000000
inc_x_r = 0.000000, inc_y_r = 1.000000, inc_x_i = 1.000000, inc_y_i = 1.000000
En el else......

----------------------------------------
x = 25.000000, y = 22.000000
avance = -235.000000, avanceR = 2.000000, avanceI = 2.000000
inc_x_r = 0.000000, inc_y_r = 1.000000, inc_x_i = 1.000000, inc_y_i = 1.000000
En el else......

----------------------------------------
x = 25.000000, y = 23.000000
avance = -233.000000, avanceR = 2.000000, avanceI = 2.000000
inc_x_r = 0.000000, inc_y_r = 1.000000, inc_x_i = 1.000000, inc_y_i = 1.000000
En el else......

----------------------------------------
x = 25.000000, y = 24.000000
avance = -231.000000, avanceR = 2.000000, avanceI = 2.000000
inc_x_r = 0.000000, inc_y_r = 1.000000, inc_x_i = 1.000000, inc_y_i = 1.000000
En el else......

----------------------------------------
x = 25.000000, y = 25.000000
avance = -229.000000, avanceR = 2.000000, avanceI = 2.000000
inc_x_r = 0.000000, inc_y_r = 1.000000, inc_x_i = 1.000000, inc_y_i = 1.000000
En el else......

----------------------------------------
x = 25.000000, y = 26.000000
avance = -227.000000, avanceR = 2.000000, avanceI = 2.000000
inc_x_r = 0.000000, inc_y_r = 1.000000, inc_x_i = 1.000000, inc_y_i = 1.000000
En el else......

----------------------------------------
x = 25.000000, y = 27.000000
avance = -225.000000, avanceR = 2.000000, avanceI = 2.000000
inc_x_r = 0.000000, inc_y_r = 1.000000, inc_x_i = 1.000000, inc_y_i = 1.000000
En el else......

----------------------------------------
x = 25.000000, y = 28.000000
avance = -223.000000, avanceR = 2.000000, avanceI = 2.000000
inc_x_r = 0.000000, inc_y_r = 1.000000, inc_x_i = 1.000000, inc_y_i = 1.000000
En el else......

----------------------------------------
x = 25.000000, y = 29.000000
avance = -221.000000, avanceR = 2.000000, avanceI = 2.000000
inc_x_r = 0.000000, inc_y_r = 1.000000, inc_x_i = 1.000000, inc_y_i = 1.000000
En el else......

----------------------------------------
x = 25.000000, y = 30.000000
avance = -219.000000, avanceR = 2.000000, avanceI = 2.000000
inc_x_r = 0.000000, inc_y_r = 1.000000, inc_x_i = 1.000000, inc_y_i = 1.000000
En el else......

----------------------------------------
x = 25.000000, y = 31.000000
avance = -217.000000, avanceR = 2.000000, avanceI = 2.000000
inc_x_r = 0.000000, inc_y_r = 1.000000, inc_x_i = 1.000000, inc_y_i = 1.000000
En el else......

----------------------------------------
x = 25.000000, y = 32.000000
avance = -215.000000, avanceR = 2.000000, avanceI = 2.000000
inc_x_r = 0.000000, inc_y_r = 1.000000, inc_x_i = 1.000000, inc_y_i = 1.000000
En el else......

----------------------------------------
x = 25.000000, y = 33.000000
avance = -213.000000, avanceR = 2.000000, avanceI = 2.000000
inc_x_r = 0.000000, inc_y_r = 1.000000, inc_x_i = 1.000000, inc_y_i = 1.000000
En el else......

----------------------------------------
x = 25.000000, y = 34.000000
avance = -211.000000, avanceR = 2.000000, avanceI = 2.000000
inc_x_r = 0.000000, inc_y_r = 1.000000, inc_x_i = 1.000000, inc_y_i = 1.000000
En el else......

----------------------------------------
x = 25.000000, y = 35.000000
avance = -209.000000, avanceR = 2.000000, avanceI = 2.000000
inc_x_r = 0.000000, inc_y_r = 1.000000, inc_x_i = 1.000000, inc_y_i = 1.000000
En el else......

----------------------------------------
x = 25.000000, y = 36.000000
avance = -207.000000, avanceR = 2.000000, avanceI = 2.000000
inc_x_r = 0.000000, inc_y_r = 1.000000, inc_x_i = 1.000000, inc_y_i = 1.000000
En el else......

----------------------------------------
x = 25.000000, y = 37.000000
avance = -205.000000, avanceR = 2.000000, avanceI = 2.000000
inc_x_r = 0.000000, inc_y_r = 1.000000, inc_x_i = 1.000000, inc_y_i = 1.000000
En el else......

----------------------------------------
x = 25.000000, y = 38.000000
avance = -203.000000, avanceR = 2.000000, avanceI = 2.000000
inc_x_r = 0.000000, inc_y_r = 1.000000, inc_x_i = 1.000000, inc_y_i = 1.000000
En el else......

----------------------------------------
x = 25.000000, y = 39.000000
avance = -201.000000, avanceR = 2.000000, avanceI = 2.000000
inc_x_r = 0.000000, inc_y_r = 1.000000, inc_x_i = 1.000000, inc_y_i = 1.000000
En el else......

----------------------------------------
x = 25.000000, y = 40.000000
avance = -199.000000, avanceR = 2.000000, avanceI = 2.000000
inc_x_r = 0.000000, inc_y_r = 1.000000, inc_x_i = 1.000000, inc_y_i = 1.000000
En el else......

----------------------------------------
x = 25.000000, y = 41.000000
avance = -197.000000, avanceR = 2.000000, avanceI = 2.000000
inc_x_r = 0.000000, inc_y_r = 1.000000, inc_x_i = 1.000000, inc_y_i = 1.000000
En el else......

----------------------------------------
x = 25.000000, y = 42.000000
avance = -195.000000, avanceR = 2.000000, avanceI = 2.000000
inc_x_r = 0.000000, inc_y_r = 1.000000, inc_x_i = 1.000000, inc_y_i = 1.000000
En el else......

----------------------------------------
x = 25.000000, y = 43.000000
avance = -193.000000, avanceR = 2.000000, avanceI = 2.000000
inc_x_r = 0.000000, inc_y_r = 1.000000, inc_x_i = 1.000000, inc_y_i = 1.000000
En el else......

----------------------------------------
x = 25.000000, y = 44.000000
avance = -191.000000, avanceR = 2.000000, avanceI = 2.000000
inc_x_r = 0.000000, inc_y_r = 1.000000, inc_x_i = 1.000000, inc_y_i = 1.000000
En el else......

----------------------------------------
x = 25.000000, y = 45.000000
avance = -189.000000, avanceR = 2.000000, avanceI = 2.000000
inc_x_r = 0.000000, inc_y_r = 1.000000, inc_x_i = 1.000000, inc_y_i = 1.000000
En el else......

----------------------------------------
x = 25.000000, y = 46.000000
avance = -187.000000, avanceR = 2.000000, avanceI = 2.000000
inc_x_r = 0.000000, inc_y_r = 1.000000, inc_x_i = 1.000000, inc_y_i = 1.000000
En el else......

----------------------------------------
x = 25.000000, y = 47.000000
avance = -185.000000, avanceR = 2.000000, avanceI = 2.000000
inc_x_r = 0.000000, inc_y_r = 1.000000, inc_x_i = 1.000000, inc_y_i = 1.000000
En el else......

----------------------------------------
x = 25.000000, y = 48.000000
avance = -183.000000, avanceR = 2.000000, avanceI = 2.000000
inc_x_r = 0.000000, inc_y_r = 1.000000, inc_x_i = 1.000000, inc_y_i = 1.000000
En el else......

----------------------------------------
x = 25.000000, y = 49.000000
avance = -181.000000, avanceR = 2.000000, avanceI = 2.000000
inc_x_r = 0.000000, inc_y_r = 1.000000, inc_x_i = 1.000000, inc_y_i = 1.000000
En el else......

----------------------------------------
x = 25.000000, y = 50.000000
avance = -179.000000, avanceR = 2.000000, avanceI = 2.000000
inc_x_r = 0.000000, inc_y_r = 1.000000, inc_x_i = 1.000000, inc_y_i = 1.000000
En el else......

----------------------------------------
x = 25.000000, y = 51.000000
avance = -177.000000, avanceR = 2.000000, avanceI = 2.000000
inc_x_r = 0.000000, inc_y_r = 1.000000, inc_x_i = 1.000000, inc_y_i = 1.000000
En el else......

----------------------------------------
x = 25.000000, y = 52.000000
avance = -175.000000, avanceR = 2.000000, avanceI = 2.000000
inc_x_r = 0.000000, inc_y_r = 1.000000, inc_x_i = 1.000000, inc_y_i = 1.000000
En el else......

----------------------------------------
x = 25.000000, y = 53.000000
avance = -173.000000, avanceR = 2.000000, avanceI = 2.000000
inc_x_r = 0.000000, inc_y_r = 1.000000, inc_x_i = 1.000000, inc_y_i = 1.000000
En el else......

----------------------------------------
x = 25.000000, y = 54.000000
avance = -171.000000, avanceR = 2.000000, avanceI = 2.000000
inc_x_r = 0.000000, inc_y_r = 1.000000, inc_x_i = 1.000000, inc_y_i = 1.000000
En el else......

----------------------------------------
x = 25.000000, y = 55.000000
avance = -169.000000, avanceR = 2.000000, avanceI = 2.000000
inc_x_r = 0.000000, inc_y_r = 1.000000, inc_x_i = 1.000000, inc_y_i = 1.000000
En el else......

----------------------------------------
x = 25.000000, y = 56.000000
avance = -167.000000, avanceR = 2.000000, avanceI = 2.000000
inc_x_r = 0.000000, inc_y_r = 1.000000, inc_x_i = 1.000000, inc_y_i = 1.000000
En el else......

----------------------------------------
x = 25.000000, y = 57.000000
avance = -165.000000, avanceR = 2.000000, avanceI = 2.000000
inc_x_r = 0.000000, inc_y_r = 1.000000, inc_x_i = 1.000000, inc_y_i = 1.000000
En el else......

----------------------------------------
x = 25.000000, y = 58.000000
avance = -163.000000, avanceR = 2.000000, avanceI = 2.000000
inc_x_r = 0.000000, inc_y_r = 1.000000, inc_x_i = 1.000000, inc_y_i = 1.000000
En el else......

----------------------------------------
x = 25.000000, y = 59.000000
avance = -161.000000, avanceR = 2.000000, avanceI = 2.000000
inc_x_r = 0.000000, inc_y_r = 1.000000, inc_x_i = 1.000000, inc_y_i = 1.000000
En el else......

----------------------------------------
x = 25.000000, y = 60.000000
avance = -159.000000, avanceR = 2.000000, avanceI = 2.000000
inc_x_r = 0.000000, inc_y_r = 1.000000, inc_x_i = 1.000000, inc_y_i = 1.000000
En el else......

----------------------------------------
x = 25.000000, y = 61.000000
avance = -157.000000, avanceR = 2.000000, avanceI = 2.000000
inc_x_r = 0.000000, inc_y_r = 1.000000, inc_x_i = 1.000000, inc_y_i = 1.000000
En el else......

----------------------------------------
x = 25.000000, y = 62.000000
avance = -155.000000, avanceR = 2.000000, avanceI = 2.000000
inc_x_r = 0.000000, inc_y_r = 1.000000, inc_x_i = 1.000000, inc_y_i = 1.000000
En el else......

----------------------------------------
x = 25.000000, y = 63.000000
avance = -153.000000, avanceR = 2.000000, avanceI = 2.000000
inc_x_r = 0.000000, inc_y_r = 1.000000, inc_x_i = 1.000000, inc_y_i = 1.000000
En el else......

----------------------------------------
x = 25.000000, y = 64.000000
avance = -151.000000, avanceR = 2.000000, avanceI = 2.000000
inc_x_r = 0.000000, inc_y_r = 1.000000, inc_x_i = 1.000000, inc_y_i = 1.000000
En el else......

----------------------------------------
x = 25.000000, y = 65.000000
avance = -149.000000, avanceR = 2.000000, avanceI = 2.000000
inc_x_r = 0.000000, inc_y_r = 1.000000, inc_x_i = 1.000000, inc_y_i = 1.000000
En el else......

----------------------------------------
x = 25.000000, y = 66.000000
avance = -147.000000, avanceR = 2.000000, avanceI = 2.000000
inc_x_r = 0.000000, inc_y_r = 1.000000, inc_x_i = 1.000000, inc_y_i = 1.000000
En el else......

----------------------------------------
x = 25.000000, y = 67.000000
avance = -145.000000, avanceR = 2.000000, avanceI = 2.000000
inc_x_r = 0.000000, inc_y_r = 1.000000, inc_x_i = 1.000000, inc_y_i = 1.000000
En el else......

----------------------------------------
x = 25.000000, y = 68.000000
avance = -143.000000, avanceR = 2.000000, avanceI = 2.000000
inc_x_r = 0.000000, inc_y_r = 1.000000, inc_x_i = 1.000000, inc_y_i = 1.000000
En el else......

----------------------------------------
x = 25.000000, y = 69.000000
avance = -141.000000, avanceR = 2.000000, avanceI = 2.000000
inc_x_r = 0.000000, inc_y_r = 1.000000, inc_x_i = 1.000000, inc_y_i = 1.000000
En el else......

----------------------------------------
x = 25.000000, y = 70.000000
avance = -139.000000, avanceR = 2.000000, avanceI = 2.000000
inc_x_r = 0.000000, inc_y_r = 1.000000, inc_x_i = 1.000000, inc_y_i = 1.000000
En el else......

----------------------------------------
x = 25.000000, y = 71.000000
avance = -137.000000, avanceR = 2.000000, avanceI = 2.000000
inc_x_r = 0.000000, inc_y_r = 1.000000, inc_x_i = 1.000000, inc_y_i = 1.000000
En el else......

----------------------------------------
x = 25.000000, y = 72.000000
avance = -135.000000, avanceR = 2.000000, avanceI = 2.000000
inc_x_r = 0.000000, inc_y_r = 1.000000, inc_x_i = 1.000000, inc_y_i = 1.000000
En el else......

----------------------------------------
x = 25.000000, y = 73.000000
avance = -133.000000, avanceR = 2.000000, avanceI = 2.000000
inc_x_r = 0.000000, inc_y_r = 1.000000, inc_x_i = 1.000000, inc_y_i = 1.000000
En el else......

----------------------------------------
x = 25.000000, y = 74.000000
avance = -131.000000, avanceR = 2.000000, avanceI = 2.000000
inc_x_r = 0.000000, inc_y_r = 1.000000, inc_x_i = 1.000000, inc_y_i = 1.000000
En el else......

----------------------------------------
x = 25.000000, y = 75.000000
avance = -129.000000, avanceR = 2.000000, avanceI = 2.000000
inc_x_r = 0.000000, inc_y_r = 1.000000, inc_x_i = 1.000000, inc_y_i = 1.000000
En el else......

----------------------------------------
x = 25.000000, y = 76.000000
avance = -127.000000, avanceR = 2.000000, avanceI = 2.000000
inc_x_r = 0.000000, inc_y_r = 1.000000, inc_x_i = 1.000000, inc_y_i = 1.000000
En el else......

----------------------------------------
x = 25.000000, y = 77.000000
avance = -125.000000, avanceR = 2.000000, avanceI = 2.000000
inc_x_r = 0.000000, inc_y_r = 1.000000, inc_x_i = 1.000000, inc_y_i = 1.000000
En el else......

----------------------------------------
x = 25.000000, y = 78.000000
avance = -123.000000, avanceR = 2.000000, avanceI = 2.000000
inc_x_r = 0.000000, inc_y_r = 1.000000, inc_x_i = 1.000000, inc_y_i = 1.000000
En el else......

----------------------------------------
x = 25.000000, y = 79.000000
avance = -121.000000, avanceR = 2.000000, avanceI = 2.000000
inc_x_r = 0.000000, inc_y_r = 1.000000, inc_x_i = 1.000000, inc_y_i = 1.000000
En el else......

----------------------------------------
x = 25.000000, y = 80.000000
avance = -119.000000, avanceR = 2.000000, avanceI = 2.000000
inc_x_r = 0.000000, inc_y_r = 1.000000, inc_x_i = 1.000000, inc_y_i = 1.000000
En el else......

----------------------------------------
x = 25.000000, y = 81.000000
avance = -117.000000, avanceR = 2.000000, avanceI = 2.000000
inc_x_r = 0.000000, inc_y_r = 1.000000, inc_x_i = 1.000000, inc_y_i = 1.000000
En el else......

----------------------------------------
x = 25.000000, y = 82.000000
avance = -115.000000, avanceR = 2.000000, avanceI = 2.000000
inc_x_r = 0.000000, inc_y_r = 1.000000, inc_x_i = 1.000000, inc_y_i = 1.000000
En el else......

----------------------------------------
x = 25.000000, y = 83.000000
avance = -113.000000, avanceR = 2.000000, avanceI = 2.000000
inc_x_r = 0.000000, inc_y_r = 1.000000, inc_x_i = 1.000000, inc_y_i = 1.000000
En el else......

----------------------------------------
x = 25.000000, y = 84.000000
avance = -111.000000, avanceR = 2.000000, avanceI = 2.000000
inc_x_r = 0.000000, inc_y_r = 1.000000, inc_x_i = 1.000000, inc_y_i = 1.000000
En el else......

----------------------------------------
x = 25.000000, y = 85.000000
avance = -109.000000, avanceR = 2.000000, avanceI = 2.000000
inc_x_r = 0.000000, inc_y_r = 1.000000, inc_x_i = 1.000000, inc_y_i = 1.000000
En el else......

----------------------------------------
x = 25.000000, y = 86.000000
avance = -107.000000, avanceR = 2.000000, avanceI = 2.000000
inc_x_r = 0.000000, inc_y_r = 1.000000, inc_x_i = 1.000000, inc_y_i = 1.000000
En el else......

----------------------------------------
x = 25.000000, y = 87.000000
avance = -105.000000, avanceR = 2.000000, avanceI = 2.000000
inc_x_r = 0.000000, inc_y_r = 1.000000, inc_x_i = 1.000000, inc_y_i = 1.000000
En el else......

----------------------------------------
x = 25.000000, y = 88.000000
avance = -103.000000, avanceR = 2.000000, avanceI = 2.000000
inc_x_r = 0.000000, inc_y_r = 1.000000, inc_x_i = 1.000000, inc_y_i = 1.000000
En el else......

----------------------------------------
x = 25.000000, y = 89.000000
avance = -101.000000, avanceR = 2.000000, avanceI = 2.000000
inc_x_r = 0.000000, inc_y_r = 1.000000, inc_x_i = 1.000000, inc_y_i = 1.000000
En el else......

----------------------------------------
x = 25.000000, y = 90.000000
avance = -99.000000, avanceR = 2.000000, avanceI = 2.000000
inc_x_r = 0.000000, inc_y_r = 1.000000, inc_x_i = 1.000000, inc_y_i = 1.000000
En el else......

----------------------------------------
x = 25.000000, y = 91.000000
avance = -97.000000, avanceR = 2.000000, avanceI = 2.000000
inc_x_r = 0.000000, inc_y_r = 1.000000, inc_x_i = 1.000000, inc_y_i = 1.000000
En el else......

----------------------------------------
x = 25.000000, y = 92.000000
avance = -95.000000, avanceR = 2.000000, avanceI = 2.000000
inc_x_r = 0.000000, inc_y_r = 1.000000, inc_x_i = 1.000000, inc_y_i = 1.000000
En el else......

----------------------------------------
x = 25.000000, y = 93.000000
avance = -93.000000, avanceR = 2.000000, avanceI = 2.000000
inc_x_r = 0.000000, inc_y_r = 1.000000, inc_x_i = 1.000000, inc_y_i = 1.000000
En el else......

----------------------------------------
x = 25.000000, y = 94.000000
avance = -91.000000, avanceR = 2.000000, avanceI = 2.000000
inc_x_r = 0.000000, inc_y_r = 1.000000, inc_x_i = 1.000000, inc_y_i = 1.000000
En el else......

----------------------------------------
x = 25.000000, y = 95.000000
avance = -89.000000, avanceR = 2.000000, avanceI = 2.000000
inc_x_r = 0.000000, inc_y_r = 1.000000, inc_x_i = 1.000000, inc_y_i = 1.000000
En el else......

----------------------------------------
x = 25.000000, y = 96.000000
avance = -87.000000, avanceR = 2.000000, avanceI = 2.000000
inc_x_r = 0.000000, inc_y_r = 1.000000, inc_x_i = 1.000000, inc_y_i = 1.000000
En el else......

----------------------------------------
x = 25.000000, y = 97.000000
avance = -85.000000, avanceR = 2.000000, avanceI = 2.000000
inc_x_r = 0.000000, inc_y_r = 1.000000, inc_x_i = 1.000000, inc_y_i = 1.000000
En el else......

----------------------------------------
x = 25.000000, y = 98.000000
avance = -83.000000, avanceR = 2.000000, avanceI = 2.000000
inc_x_r = 0.000000, inc_y_r = 1.000000, inc_x_i = 1.000000, inc_y_i = 1.000000
En el else......

----------------------------------------
x = 25.000000, y = 99.000000
avance = -81.000000, avanceR = 2.000000, avanceI = 2.000000
inc_x_r = 0.000000, inc_y_r = 1.000000, inc_x_i = 1.000000, inc_y_i = 1.000000
En el else......

----------------------------------------
x = 25.000000, y = 100.000000
avance = -79.000000, avanceR = 2.000000, avanceI = 2.000000
inc_x_r = 0.000000, inc_y_r = 1.000000, inc_x_i = 1.000000, inc_y_i = 1.000000
En el else......

----------------------------------------
x = 25.000000, y = 101.000000
avance = -77.000000, avanceR = 2.000000, avanceI = 2.000000
inc_x_r = 0.000000, inc_y_r = 1.000000, inc_x_i = 1.000000, inc_y_i = 1.000000
En el else......

----------------------------------------
x = 25.000000, y = 102.000000
avance = -75.000000, avanceR = 2.000000, avanceI = 2.000000
inc_x_r = 0.000000, inc_y_r = 1.000000, inc_x_i = 1.000000, inc_y_i = 1.000000
En el else......

----------------------------------------
x = 25.000000, y = 103.000000
avance = -73.000000, avanceR = 2.000000, avanceI = 2.000000
inc_x_r = 0.000000, inc_y_r = 1.000000, inc_x_i = 1.000000, inc_y_i = 1.000000
En el else......

----------------------------------------
x = 25.000000, y = 104.000000
avance = -71.000000, avanceR = 2.000000, avanceI = 2.000000
inc_x_r = 0.000000, inc_y_r = 1.000000, inc_x_i = 1.000000, inc_y_i = 1.000000
En el else......

----------------------------------------
x = 25.000000, y = 105.000000
avance = -69.000000, avanceR = 2.000000, avanceI = 2.000000
inc_x_r = 0.000000, inc_y_r = 1.000000, inc_x_i = 1.000000, inc_y_i = 1.000000
En el else......

----------------------------------------
x = 25.000000, y = 106.000000
avance = -67.000000, avanceR = 2.000000, avanceI = 2.000000
inc_x_r = 0.000000, inc_y_r = 1.000000, inc_x_i = 1.000000, inc_y_i = 1.000000
En el else......

----------------------------------------
x = 25.000000, y = 107.000000
avance = -65.000000, avanceR = 2.000000, avanceI = 2.000000
inc_x_r = 0.000000, inc_y_r = 1.000000, inc_x_i = 1.000000, inc_y_i = 1.000000
En el else......

----------------------------------------
x = 25.000000, y = 108.000000
avance = -63.000000, avanceR = 2.000000, avanceI = 2.000000
inc_x_r = 0.000000, inc_y_r = 1.000000, inc_x_i = 1.000000, inc_y_i = 1.000000
En el else......

----------------------------------------
x = 25.000000, y = 109.000000
avance = -61.000000, avanceR = 2.000000, avanceI = 2.000000
inc_x_r = 0.000000, inc_y_r = 1.000000, inc_x_i = 1.000000, inc_y_i = 1.000000
En el else......

----------------------------------------
x = 25.000000, y = 110.000000
avance = -59.000000, avanceR = 2.000000, avanceI = 2.000000
inc_x_r = 0.000000, inc_y_r = 1.000000, inc_x_i = 1.000000, inc_y_i = 1.000000
En el else......

----------------------------------------
x = 25.000000, y = 111.000000
avance = -57.000000, avanceR = 2.000000, avanceI = 2.000000
inc_x_r = 0.000000, inc_y_r = 1.000000, inc_x_i = 1.000000, inc_y_i = 1.000000
En el else......

----------------------------------------
x = 25.000000, y = 112.000000
avance = -55.000000, avanceR = 2.000000, avanceI = 2.000000
inc_x_r = 0.000000, inc_y_r = 1.000000, inc_x_i = 1.000000, inc_y_i = 1.000000
En el else......

----------------------------------------
x = 25.000000, y = 113.000000
avance = -53.000000, avanceR = 2.000000, avanceI = 2.000000
inc_x_r = 0.000000, inc_y_r = 1.000000, inc_x_i = 1.000000, inc_y_i = 1.000000
En el else......

----------------------------------------
x = 25.000000, y = 114.000000
avance = -51.000000, avanceR = 2.000000, avanceI = 2.000000
inc_x_r = 0.000000, inc_y_r = 1.000000, inc_x_i = 1.000000, inc_y_i = 1.000000
En el else......

----------------------------------------
x = 25.000000, y = 115.000000
avance = -49.000000, avanceR = 2.000000, avanceI = 2.000000
inc_x_r = 0.000000, inc_y_r = 1.000000, inc_x_i = 1.000000, inc_y_i = 1.000000
En el else......

----------------------------------------
x = 25.000000, y = 116.000000
avance = -47.000000, avanceR = 2.000000, avanceI = 2.000000
inc_x_r = 0.000000, inc_y_r = 1.000000, inc_x_i = 1.000000, inc_y_i = 1.000000
En el else......

----------------------------------------
x = 25.000000, y = 117.000000
avance = -45.000000, avanceR = 2.000000, avanceI = 2.000000
inc_x_r = 0.000000, inc_y_r = 1.000000, inc_x_i = 1.000000, inc_y_i = 1.000000
En el else......

----------------------------------------
x = 25.000000, y = 118.000000
avance = -43.000000, avanceR = 2.000000, avanceI = 2.000000
inc_x_r = 0.000000, inc_y_r = 1.000000, inc_x_i = 1.000000, inc_y_i = 1.000000
En el else......

----------------------------------------
x = 25.000000, y = 119.000000
avance = -41.000000, avanceR = 2.000000, avanceI = 2.000000
inc_x_r = 0.000000, inc_y_r = 1.000000, inc_x_i = 1.000000, inc_y_i = 1.000000
En el else......

----------------------------------------
x = 25.000000, y = 120.000000
avance = -39.000000, avanceR = 2.000000, avanceI = 2.000000
inc_x_r = 0.000000, inc_y_r = 1.000000, inc_x_i = 1.000000, inc_y_i = 1.000000
En el else......

----------------------------------------
x = 25.000000, y = 121.000000
avance = -37.000000, avanceR = 2.000000, avanceI = 2.000000
inc_x_r = 0.000000, inc_y_r = 1.000000, inc_x_i = 1.000000, inc_y_i = 1.000000
En el else......

----------------------------------------
x = 25.000000, y = 122.000000
avance = -35.000000, avanceR = 2.000000, avanceI = 2.000000
inc_x_r = 0.000000, inc_y_r = 1.000000, inc_x_i = 1.000000, inc_y_i = 1.000000
En el else......

----------------------------------------
x = 25.000000, y = 123.000000
avance = -33.000000, avanceR = 2.000000, avanceI = 2.000000
inc_x_r = 0.000000, inc_y_r = 1.000000, inc_x_i = 1.000000, inc_y_i = 1.000000
En el else......

----------------------------------------
x = 25.000000, y = 124.000000
avance = -31.000000, avanceR = 2.000000, avanceI = 2.000000
inc_x_r = 0.000000, inc_y_r = 1.000000, inc_x_i = 1.000000, inc_y_i = 1.000000
En el else......

----------------------------------------
x = 25.000000, y = 125.000000
avance = -29.000000, avanceR = 2.000000, avanceI = 2.000000
inc_x_r = 0.000000, inc_y_r = 1.000000, inc_x_i = 1.000000, inc_y_i = 1.000000
En el else......

----------------------------------------
x = 25.000000, y = 126.000000
avance = -27.000000, avanceR = 2.000000, avanceI = 2.000000
inc_x_r = 0.000000, inc_y_r = 1.000000, inc_x_i = 1.000000, inc_y_i = 1.000000
En el else......

----------------------------------------
x = 25.000000, y = 127.000000
avance = -25.000000, avanceR = 2.000000, avanceI = 2.000000
inc_x_r = 0.000000, inc_y_r = 1.000000, inc_x_i = 1.000000, inc_y_i = 1.000000
En el else......

----------------------------------------
x = 25.000000, y = 128.000000
avance = -23.000000, avanceR = 2.000000, avanceI = 2.000000
inc_x_r = 0.000000, inc_y_r = 1.000000, inc_x_i = 1.000000, inc_y_i = 1.000000
En el else......

----------------------------------------
x = 25.000000, y = 129.000000
avance = -21.000000, avanceR = 2.000000, avanceI = 2.000000
inc_x_r = 0.000000, inc_y_r = 1.000000, inc_x_i = 1.000000, inc_y_i = 1.000000
En el else......

----------------------------------------
x = 25.000000, y = 130.000000
avance = -19.000000, avanceR = 2.000000, avanceI = 2.000000
inc_x_r = 0.000000, inc_y_r = 1.000000, inc_x_i = 1.000000, inc_y_i = 1.000000
En el else......

----------------------------------------
x = 25.000000, y = 131.000000
avance = -17.000000, avanceR = 2.000000, avanceI = 2.000000
inc_x_r = 0.000000, inc_y_r = 1.000000, inc_x_i = 1.000000, inc_y_i = 1.000000
En el else......

----------------------------------------
x = 25.000000, y = 132.000000
avance = -15.000000, avanceR = 2.000000, avanceI = 2.000000
inc_x_r = 0.000000, inc_y_r = 1.000000, inc_x_i = 1.000000, inc_y_i = 1.000000
En el else......

----------------------------------------
x = 25.000000, y = 133.000000
avance = -13.000000, avanceR = 2.000000, avanceI = 2.000000
inc_x_r = 0.000000, inc_y_r = 1.000000, inc_x_i = 1.000000, inc_y_i = 1.000000
En el else......

----------------------------------------
x = 25.000000, y = 134.000000
avance = -11.000000, avanceR = 2.000000, avanceI = 2.000000
inc_x_r = 0.000000, inc_y_r = 1.000000, inc_x_i = 1.000000, inc_y_i = 1.000000
En el else......

----------------------------------------
x = 25.000000, y = 135.000000
avance = -9.000000, avanceR = 2.000000, avanceI = 2.000000
inc_x_r = 0.000000, inc_y_r = 1.000000, inc_x_i = 1.000000, inc_y_i = 1.000000
En el else......

----------------------------------------
x = 25.000000, y = 136.000000
avance = -7.000000, avanceR = 2.000000, avanceI = 2.000000
inc_x_r = 0.000000, inc_y_r = 1.000000, inc_x_i = 1.000000, inc_y_i = 1.000000
En el else......

----------------------------------------
x = 25.000000, y = 137.000000
avance = -5.000000, avanceR = 2.000000, avanceI = 2.000000
inc_x_r = 0.000000, inc_y_r = 1.000000, inc_x_i = 1.000000, inc_y_i = 1.000000
En el else......

----------------------------------------
x = 25.000000, y = 138.000000
avance = -3.000000, avanceR = 2.000000, avanceI = 2.000000
inc_x_r = 0.000000, inc_y_r = 1.000000, inc_x_i = 1.000000, inc_y_i = 1.000000
En el else......

----------------------------------------
x = 25.000000, y = 139.000000
avance = -1.000000, avanceR = 2.000000, avanceI = 2.000000
inc_x_r = 0.000000, inc_y_r = 1.000000, inc_x_i = 1.000000, inc_y_i = 1.000000
En el else......

----------------------------------------
x = 25.000000, y = 140.000000
avance = 1.000000, avanceR = 2.000000, avanceI = 2.000000
inc_x_r = 0.000000, inc_y_r = 1.000000, inc_x_i = 1.000000, inc_y_i = 1.000000
avance >= 0

----------------------------------------
x = 26.000000, y = 141.000000
avance = -499.000000, avanceR = 2.000000, avanceI = 2.000000
inc_x_r = 0.000000, inc_y_r = 1.000000, inc_x_i = 1.000000, inc_y_i = 1.000000
En el else......

----------------------------------------
x = 26.000000, y = 142.000000
avance = -497.000000, avanceR = 2.000000, avanceI = 2.000000
inc_x_r = 0.000000, inc_y_r = 1.000000, inc_x_i = 1.000000, inc_y_i = 1.000000
En el else......

----------------------------------------
x = 26.000000, y = 143.000000
avance = -495.000000, avanceR = 2.000000, avanceI = 2.000000
inc_x_r = 0.000000, inc_y_r = 1.000000, inc_x_i = 1.000000, inc_y_i = 1.000000
En el else......

----------------------------------------
x = 26.000000, y = 144.000000
avance = -493.000000, avanceR = 2.000000, avanceI = 2.000000
inc_x_r = 0.000000, inc_y_r = 1.000000, inc_x_i = 1.000000, inc_y_i = 1.000000
En el else......

----------------------------------------
x = 26.000000, y = 145.000000
avance = -491.000000, avanceR = 2.000000, avanceI = 2.000000
inc_x_r = 0.000000, inc_y_r = 1.000000, inc_x_i = 1.000000, inc_y_i = 1.000000
En el else......

----------------------------------------
x = 26.000000, y = 146.000000
avance = -489.000000, avanceR = 2.000000, avanceI = 2.000000
inc_x_r = 0.000000, inc_y_r = 1.000000, inc_x_i = 1.000000, inc_y_i = 1.000000
En el else......

----------------------------------------
x = 26.000000, y = 147.000000
avance = -487.000000, avanceR = 2.000000, avanceI = 2.000000
inc_x_r = 0.000000, inc_y_r = 1.000000, inc_x_i = 1.000000, inc_y_i = 1.000000
En el else......

----------------------------------------
x = 26.000000, y = 148.000000
avance = -485.000000, avanceR = 2.000000, avanceI = 2.000000
inc_x_r = 0.000000, inc_y_r = 1.000000, inc_x_i = 1.000000, inc_y_i = 1.000000
En el else......

----------------------------------------
x = 26.000000, y = 149.000000
avance = -483.000000, avanceR = 2.000000, avanceI = 2.000000
inc_x_r = 0.000000, inc_y_r = 1.000000, inc_x_i = 1.000000, inc_y_i = 1.000000
En el else......

----------------------------------------
x = 26.000000, y = 150.000000
avance = -481.000000, avanceR = 2.000000, avanceI = 2.000000
inc_x_r = 0.000000, inc_y_r = 1.000000, inc_x_i = 1.000000, inc_y_i = 1.000000
En el else......

----------------------------------------
x = 26.000000, y = 151.000000
avance = -479.000000, avanceR = 2.000000, avanceI = 2.000000
inc_x_r = 0.000000, inc_y_r = 1.000000, inc_x_i = 1.000000, inc_y_i = 1.000000
En el else......

----------------------------------------
x = 26.000000, y = 152.000000
avance = -477.000000, avanceR = 2.000000, avanceI = 2.000000
inc_x_r = 0.000000, inc_y_r = 1.000000, inc_x_i = 1.000000, inc_y_i = 1.000000
En el else......

----------------------------------------
x = 26.000000, y = 153.000000
avance = -475.000000, avanceR = 2.000000, avanceI = 2.000000
inc_x_r = 0.000000, inc_y_r = 1.000000, inc_x_i = 1.000000, inc_y_i = 1.000000
En el else......

----------------------------------------
x = 26.000000, y = 154.000000
avance = -473.000000, avanceR = 2.000000, avanceI = 2.000000
inc_x_r = 0.000000, inc_y_r = 1.000000, inc_x_i = 1.000000, inc_y_i = 1.000000
En el else......

----------------------------------------
x = 26.000000, y = 155.000000
avance = -471.000000, avanceR = 2.000000, avanceI = 2.000000
inc_x_r = 0.000000, inc_y_r = 1.000000, inc_x_i = 1.000000, inc_y_i = 1.000000
En el else......

----------------------------------------
x = 26.000000, y = 156.000000
avance = -469.000000, avanceR = 2.000000, avanceI = 2.000000
inc_x_r = 0.000000, inc_y_r = 1.000000, inc_x_i = 1.000000, inc_y_i = 1.000000
En el else......

----------------------------------------
x = 26.000000, y = 157.000000
avance = -467.000000, avanceR = 2.000000, avanceI = 2.000000
inc_x_r = 0.000000, inc_y_r = 1.000000, inc_x_i = 1.000000, inc_y_i = 1.000000
En el else......

----------------------------------------
x = 26.000000, y = 158.000000
avance = -465.000000, avanceR = 2.000000, avanceI = 2.000000
inc_x_r = 0.000000, inc_y_r = 1.000000, inc_x_i = 1.000000, inc_y_i = 1.000000
En el else......

----------------------------------------
x = 26.000000, y = 159.000000
avance = -463.000000, avanceR = 2.000000, avanceI = 2.000000
inc_x_r = 0.000000, inc_y_r = 1.000000, inc_x_i = 1.000000, inc_y_i = 1.000000
En el else......

----------------------------------------
x = 26.000000, y = 160.000000
avance = -461.000000, avanceR = 2.000000, avanceI = 2.000000
inc_x_r = 0.000000, inc_y_r = 1.000000, inc_x_i = 1.000000, inc_y_i = 1.000000
En el else......

----------------------------------------
x = 26.000000, y = 161.000000
avance = -459.000000, avanceR = 2.000000, avanceI = 2.000000
inc_x_r = 0.000000, inc_y_r = 1.000000, inc_x_i = 1.000000, inc_y_i = 1.000000
En el else......

----------------------------------------
x = 26.000000, y = 162.000000
avance = -457.000000, avanceR = 2.000000, avanceI = 2.000000
inc_x_r = 0.000000, inc_y_r = 1.000000, inc_x_i = 1.000000, inc_y_i = 1.000000
En el else......

----------------------------------------
x = 26.000000, y = 163.000000
avance = -455.000000, avanceR = 2.000000, avanceI = 2.000000
inc_x_r = 0.000000, inc_y_r = 1.000000, inc_x_i = 1.000000, inc_y_i = 1.000000
En el else......

----------------------------------------
x = 26.000000, y = 164.000000
avance = -453.000000, avanceR = 2.000000, avanceI = 2.000000
inc_x_r = 0.000000, inc_y_r = 1.000000, inc_x_i = 1.000000, inc_y_i = 1.000000
En el else......

----------------------------------------
x = 26.000000, y = 165.000000
avance = -451.000000, avanceR = 2.000000, avanceI = 2.000000
inc_x_r = 0.000000, inc_y_r = 1.000000, inc_x_i = 1.000000, inc_y_i = 1.000000
En el else......

----------------------------------------
x = 26.000000, y = 166.000000
avance = -449.000000, avanceR = 2.000000, avanceI = 2.000000
inc_x_r = 0.000000, inc_y_r = 1.000000, inc_x_i = 1.000000, inc_y_i = 1.000000
En el else......

----------------------------------------
x = 26.000000, y = 167.000000
avance = -447.000000, avanceR = 2.000000, avanceI = 2.000000
inc_x_r = 0.000000, inc_y_r = 1.000000, inc_x_i = 1.000000, inc_y_i = 1.000000
En el else......

----------------------------------------
x = 26.000000, y = 168.000000
avance = -445.000000, avanceR = 2.000000, avanceI = 2.000000
inc_x_r = 0.000000, inc_y_r = 1.000000, inc_x_i = 1.000000, inc_y_i = 1.000000
En el else......

----------------------------------------
x = 26.000000, y = 169.000000
avance = -443.000000, avanceR = 2.000000, avanceI = 2.000000
inc_x_r = 0.000000, inc_y_r = 1.000000, inc_x_i = 1.000000, inc_y_i = 1.000000
En el else......

----------------------------------------
x = 26.000000, y = 170.000000
avance = -441.000000, avanceR = 2.000000, avanceI = 2.000000
inc_x_r = 0.000000, inc_y_r = 1.000000, inc_x_i = 1.000000, inc_y_i = 1.000000
En el else......

----------------------------------------
x = 26.000000, y = 171.000000
avance = -439.000000, avanceR = 2.000000, avanceI = 2.000000
inc_x_r = 0.000000, inc_y_r = 1.000000, inc_x_i = 1.000000, inc_y_i = 1.000000
En el else......

----------------------------------------
x = 26.000000, y = 172.000000
avance = -437.000000, avanceR = 2.000000, avanceI = 2.000000
inc_x_r = 0.000000, inc_y_r = 1.000000, inc_x_i = 1.000000, inc_y_i = 1.000000
En el else......

----------------------------------------
x = 26.000000, y = 173.000000
avance = -435.000000, avanceR = 2.000000, avanceI = 2.000000
inc_x_r = 0.000000, inc_y_r = 1.000000, inc_x_i = 1.000000, inc_y_i = 1.000000
En el else......

----------------------------------------
x = 26.000000, y = 174.000000
avance = -433.000000, avanceR = 2.000000, avanceI = 2.000000
inc_x_r = 0.000000, inc_y_r = 1.000000, inc_x_i = 1.000000, inc_y_i = 1.000000
En el else......

----------------------------------------
x = 26.000000, y = 175.000000
avance = -431.000000, avanceR = 2.000000, avanceI = 2.000000
inc_x_r = 0.000000, inc_y_r = 1.000000, inc_x_i = 1.000000, inc_y_i = 1.000000
En el else......

----------------------------------------
x = 26.000000, y = 176.000000
avance = -429.000000, avanceR = 2.000000, avanceI = 2.000000
inc_x_r = 0.000000, inc_y_r = 1.000000, inc_x_i = 1.000000, inc_y_i = 1.000000
En el else......

----------------------------------------
x = 26.000000, y = 177.000000
avance = -427.000000, avanceR = 2.000000, avanceI = 2.000000
inc_x_r = 0.000000, inc_y_r = 1.000000, inc_x_i = 1.000000, inc_y_i = 1.000000
En el else......

----------------------------------------
x = 26.000000, y = 178.000000
avance = -425.000000, avanceR = 2.000000, avanceI = 2.000000
inc_x_r = 0.000000, inc_y_r = 1.000000, inc_x_i = 1.000000, inc_y_i = 1.000000
En el else......

----------------------------------------
x = 26.000000, y = 179.000000
avance = -423.000000, avanceR = 2.000000, avanceI = 2.000000
inc_x_r = 0.000000, inc_y_r = 1.000000, inc_x_i = 1.000000, inc_y_i = 1.000000
En el else......

----------------------------------------
x = 26.000000, y = 180.000000
avance = -421.000000, avanceR = 2.000000, avanceI = 2.000000
inc_x_r = 0.000000, inc_y_r = 1.000000, inc_x_i = 1.000000, inc_y_i = 1.000000
En el else......

----------------------------------------
x = 26.000000, y = 181.000000
avance = -419.000000, avanceR = 2.000000, avanceI = 2.000000
inc_x_r = 0.000000, inc_y_r = 1.000000, inc_x_i = 1.000000, inc_y_i = 1.000000
En el else......

----------------------------------------
x = 26.000000, y = 182.000000
avance = -417.000000, avanceR = 2.000000, avanceI = 2.000000
inc_x_r = 0.000000, inc_y_r = 1.000000, inc_x_i = 1.000000, inc_y_i = 1.000000
En el else......

----------------------------------------
x = 26.000000, y = 183.000000
avance = -415.000000, avanceR = 2.000000, avanceI = 2.000000
inc_x_r = 0.000000, inc_y_r = 1.000000, inc_x_i = 1.000000, inc_y_i = 1.000000
En el else......

----------------------------------------
x = 26.000000, y = 184.000000
avance = -413.000000, avanceR = 2.000000, avanceI = 2.000000
inc_x_r = 0.000000, inc_y_r = 1.000000, inc_x_i = 1.000000, inc_y_i = 1.000000
En el else......

----------------------------------------
x = 26.000000, y = 185.000000
avance = -411.000000, avanceR = 2.000000, avanceI = 2.000000
inc_x_r = 0.000000, inc_y_r = 1.000000, inc_x_i = 1.000000, inc_y_i = 1.000000
En el else......

----------------------------------------
x = 26.000000, y = 186.000000
avance = -409.000000, avanceR = 2.000000, avanceI = 2.000000
inc_x_r = 0.000000, inc_y_r = 1.000000, inc_x_i = 1.000000, inc_y_i = 1.000000
En el else......

----------------------------------------
x = 26.000000, y = 187.000000
avance = -407.000000, avanceR = 2.000000, avanceI = 2.000000
inc_x_r = 0.000000, inc_y_r = 1.000000, inc_x_i = 1.000000, inc_y_i = 1.000000
En el else......

----------------------------------------
x = 26.000000, y = 188.000000
avance = -405.000000, avanceR = 2.000000, avanceI = 2.000000
inc_x_r = 0.000000, inc_y_r = 1.000000, inc_x_i = 1.000000, inc_y_i = 1.000000
En el else......

----------------------------------------
x = 26.000000, y = 189.000000
avance = -403.000000, avanceR = 2.000000, avanceI = 2.000000
inc_x_r = 0.000000, inc_y_r = 1.000000, inc_x_i = 1.000000, inc_y_i = 1.000000
En el else......

----------------------------------------
x = 26.000000, y = 190.000000
avance = -401.000000, avanceR = 2.000000, avanceI = 2.000000
inc_x_r = 0.000000, inc_y_r = 1.000000, inc_x_i = 1.000000, inc_y_i = 1.000000
En el else......

----------------------------------------
x = 26.000000, y = 191.000000
avance = -399.000000, avanceR = 2.000000, avanceI = 2.000000
inc_x_r = 0.000000, inc_y_r = 1.000000, inc_x_i = 1.000000, inc_y_i = 1.000000
En el else......

----------------------------------------
x = 26.000000, y = 192.000000
avance = -397.000000, avanceR = 2.000000, avanceI = 2.000000
inc_x_r = 0.000000, inc_y_r = 1.000000, inc_x_i = 1.000000, inc_y_i = 1.000000
En el else......

----------------------------------------
x = 26.000000, y = 193.000000
avance = -395.000000, avanceR = 2.000000, avanceI = 2.000000
inc_x_r = 0.000000, inc_y_r = 1.000000, inc_x_i = 1.000000, inc_y_i = 1.000000
En el else......

----------------------------------------
x = 26.000000, y = 194.000000
avance = -393.000000, avanceR = 2.000000, avanceI = 2.000000
inc_x_r = 0.000000, inc_y_r = 1.000000, inc_x_i = 1.000000, inc_y_i = 1.000000
En el else......

----------------------------------------
x = 26.000000, y = 195.000000
avance = -391.000000, avanceR = 2.000000, avanceI = 2.000000
inc_x_r = 0.000000, inc_y_r = 1.000000, inc_x_i = 1.000000, inc_y_i = 1.000000
En el else......

----------------------------------------
x = 26.000000, y = 196.000000
avance = -389.000000, avanceR = 2.000000, avanceI = 2.000000
inc_x_r = 0.000000, inc_y_r = 1.000000, inc_x_i = 1.000000, inc_y_i = 1.000000
En el else......

----------------------------------------
x = 26.000000, y = 197.000000
avance = -387.000000, avanceR = 2.000000, avanceI = 2.000000
inc_x_r = 0.000000, inc_y_r = 1.000000, inc_x_i = 1.000000, inc_y_i = 1.000000
En el else......

----------------------------------------
x = 26.000000, y = 198.000000
avance = -385.000000, avanceR = 2.000000, avanceI = 2.000000
inc_x_r = 0.000000, inc_y_r = 1.000000, inc_x_i = 1.000000, inc_y_i = 1.000000
En el else......

----------------------------------------
x = 26.000000, y = 199.000000
avance = -383.000000, avanceR = 2.000000, avanceI = 2.000000
inc_x_r = 0.000000, inc_y_r = 1.000000, inc_x_i = 1.000000, inc_y_i = 1.000000
En el else......

----------------------------------------
x = 26.000000, y = 200.000000
avance = -381.000000, avanceR = 2.000000, avanceI = 2.000000
inc_x_r = 0.000000, inc_y_r = 1.000000, inc_x_i = 1.000000, inc_y_i = 1.000000
En el else......

----------------------------------------
x = 26.000000, y = 201.000000
avance = -379.000000, avanceR = 2.000000, avanceI = 2.000000
inc_x_r = 0.000000, inc_y_r = 1.000000, inc_x_i = 1.000000, inc_y_i = 1.000000
En el else......

----------------------------------------
x = 26.000000, y = 202.000000
avance = -377.000000, avanceR = 2.000000, avanceI = 2.000000
inc_x_r = 0.000000, inc_y_r = 1.000000, inc_x_i = 1.000000, inc_y_i = 1.000000
En el else......

----------------------------------------
x = 26.000000, y = 203.000000
avance = -375.000000, avanceR = 2.000000, avanceI = 2.000000
inc_x_r = 0.000000, inc_y_r = 1.000000, inc_x_i = 1.000000, inc_y_i = 1.000000
En el else......

----------------------------------------
x = 26.000000, y = 204.000000
avance = -373.000000, avanceR = 2.000000, avanceI = 2.000000
inc_x_r = 0.000000, inc_y_r = 1.000000, inc_x_i = 1.000000, inc_y_i = 1.000000
En el else......

----------------------------------------
x = 26.000000, y = 205.000000
avance = -371.000000, avanceR = 2.000000, avanceI = 2.000000
inc_x_r = 0.000000, inc_y_r = 1.000000, inc_x_i = 1.000000, inc_y_i = 1.000000
En el else......

----------------------------------------
x = 26.000000, y = 206.000000
avance = -369.000000, avanceR = 2.000000, avanceI = 2.000000
inc_x_r = 0.000000, inc_y_r = 1.000000, inc_x_i = 1.000000, inc_y_i = 1.000000
En el else......

----------------------------------------
x = 26.000000, y = 207.000000
avance = -367.000000, avanceR = 2.000000, avanceI = 2.000000
inc_x_r = 0.000000, inc_y_r = 1.000000, inc_x_i = 1.000000, inc_y_i = 1.000000
En el else......

----------------------------------------
x = 26.000000, y = 208.000000
avance = -365.000000, avanceR = 2.000000, avanceI = 2.000000
inc_x_r = 0.000000, inc_y_r = 1.000000, inc_x_i = 1.000000, inc_y_i = 1.000000
En el else......

----------------------------------------
x = 26.000000, y = 209.000000
avance = -363.000000, avanceR = 2.000000, avanceI = 2.000000
inc_x_r = 0.000000, inc_y_r = 1.000000, inc_x_i = 1.000000, inc_y_i = 1.000000
En el else......

----------------------------------------
x = 26.000000, y = 210.000000
avance = -361.000000, avanceR = 2.000000, avanceI = 2.000000
inc_x_r = 0.000000, inc_y_r = 1.000000, inc_x_i = 1.000000, inc_y_i = 1.000000
En el else......

----------------------------------------
x = 26.000000, y = 211.000000
avance = -359.000000, avanceR = 2.000000, avanceI = 2.000000
inc_x_r = 0.000000, inc_y_r = 1.000000, inc_x_i = 1.000000, inc_y_i = 1.000000
En el else......

----------------------------------------
x = 26.000000, y = 212.000000
avance = -357.000000, avanceR = 2.000000, avanceI = 2.000000
inc_x_r = 0.000000, inc_y_r = 1.000000, inc_x_i = 1.000000, inc_y_i = 1.000000
En el else......

----------------------------------------
x = 26.000000, y = 213.000000
avance = -355.000000, avanceR = 2.000000, avanceI = 2.000000
inc_x_r = 0.000000, inc_y_r = 1.000000, inc_x_i = 1.000000, inc_y_i = 1.000000
En el else......

----------------------------------------
x = 26.000000, y = 214.000000
avance = -353.000000, avanceR = 2.000000, avanceI = 2.000000
inc_x_r = 0.000000, inc_y_r = 1.000000, inc_x_i = 1.000000, inc_y_i = 1.000000
En el else......

----------------------------------------
x = 26.000000, y = 215.000000
avance = -351.000000, avanceR = 2.000000, avanceI = 2.000000
inc_x_r = 0.000000, inc_y_r = 1.000000, inc_x_i = 1.000000, inc_y_i = 1.000000
En el else......

----------------------------------------
x = 26.000000, y = 216.000000
avance = -349.000000, avanceR = 2.000000, avanceI = 2.000000
inc_x_r = 0.000000, inc_y_r = 1.000000, inc_x_i = 1.000000, inc_y_i = 1.000000
En el else......

----------------------------------------
x = 26.000000, y = 217.000000
avance = -347.000000, avanceR = 2.000000, avanceI = 2.000000
inc_x_r = 0.000000, inc_y_r = 1.000000, inc_x_i = 1.000000, inc_y_i = 1.000000
En el else......

----------------------------------------
x = 26.000000, y = 218.000000
avance = -345.000000, avanceR = 2.000000, avanceI = 2.000000
inc_x_r = 0.000000, inc_y_r = 1.000000, inc_x_i = 1.000000, inc_y_i = 1.000000
En el else......

----------------------------------------
x = 26.000000, y = 219.000000
avance = -343.000000, avanceR = 2.000000, avanceI = 2.000000
inc_x_r = 0.000000, inc_y_r = 1.000000, inc_x_i = 1.000000, inc_y_i = 1.000000
En el else......

----------------------------------------
x = 26.000000, y = 220.000000
avance = -341.000000, avanceR = 2.000000, avanceI = 2.000000
inc_x_r = 0.000000, inc_y_r = 1.000000, inc_x_i = 1.000000, inc_y_i = 1.000000
En el else......

----------------------------------------
x = 26.000000, y = 221.000000
avance = -339.000000, avanceR = 2.000000, avanceI = 2.000000
inc_x_r = 0.000000, inc_y_r = 1.000000, inc_x_i = 1.000000, inc_y_i = 1.000000
En el else......

----------------------------------------
x = 26.000000, y = 222.000000
avance = -337.000000, avanceR = 2.000000, avanceI = 2.000000
inc_x_r = 0.000000, inc_y_r = 1.000000, inc_x_i = 1.000000, inc_y_i = 1.000000
En el else......

----------------------------------------
x = 26.000000, y = 223.000000
avance = -335.000000, avanceR = 2.000000, avanceI = 2.000000
inc_x_r = 0.000000, inc_y_r = 1.000000, inc_x_i = 1.000000, inc_y_i = 1.000000
En el else......

----------------------------------------
x = 26.000000, y = 224.000000
avance = -333.000000, avanceR = 2.000000, avanceI = 2.000000
inc_x_r = 0.000000, inc_y_r = 1.000000, inc_x_i = 1.000000, inc_y_i = 1.000000
En el else......

----------------------------------------
x = 26.000000, y = 225.000000
avance = -331.000000, avanceR = 2.000000, avanceI = 2.000000
inc_x_r = 0.000000, inc_y_r = 1.000000, inc_x_i = 1.000000, inc_y_i = 1.000000
En el else......

----------------------------------------
x = 26.000000, y = 226.000000
avance = -329.000000, avanceR = 2.000000, avanceI = 2.000000
inc_x_r = 0.000000, inc_y_r = 1.000000, inc_x_i = 1.000000, inc_y_i = 1.000000
En el else......

----------------------------------------
x = 26.000000, y = 227.000000
avance = -327.000000, avanceR = 2.000000, avanceI = 2.000000
inc_x_r = 0.000000, inc_y_r = 1.000000, inc_x_i = 1.000000, inc_y_i = 1.000000
En el else......

----------------------------------------
x = 26.000000, y = 228.000000
avance = -325.000000, avanceR = 2.000000, avanceI = 2.000000
inc_x_r = 0.000000, inc_y_r = 1.000000, inc_x_i = 1.000000, inc_y_i = 1.000000
En el else......

----------------------------------------
x = 26.000000, y = 229.000000
avance = -323.000000, avanceR = 2.000000, avanceI = 2.000000
inc_x_r = 0.000000, inc_y_r = 1.000000, inc_x_i = 1.000000, inc_y_i = 1.000000
En el else......

----------------------------------------
x = 26.000000, y = 230.000000
avance = -321.000000, avanceR = 2.000000, avanceI = 2.000000
inc_x_r = 0.000000, inc_y_r = 1.000000, inc_x_i = 1.000000, inc_y_i = 1.000000
En el else......

----------------------------------------
x = 26.000000, y = 231.000000
avance = -319.000000, avanceR = 2.000000, avanceI = 2.000000
inc_x_r = 0.000000, inc_y_r = 1.000000, inc_x_i = 1.000000, inc_y_i = 1.000000
En el else......

----------------------------------------
x = 26.000000, y = 232.000000
avance = -317.000000, avanceR = 2.000000, avanceI = 2.000000
inc_x_r = 0.000000, inc_y_r = 1.000000, inc_x_i = 1.000000, inc_y_i = 1.000000
En el else......

----------------------------------------
x = 26.000000, y = 233.000000
avance = -315.000000, avanceR = 2.000000, avanceI = 2.000000
inc_x_r = 0.000000, inc_y_r = 1.000000, inc_x_i = 1.000000, inc_y_i = 1.000000
En el else......

----------------------------------------
x = 26.000000, y = 234.000000
avance = -313.000000, avanceR = 2.000000, avanceI = 2.000000
inc_x_r = 0.000000, inc_y_r = 1.000000, inc_x_i = 1.000000, inc_y_i = 1.000000
En el else......

----------------------------------------
x = 26.000000, y = 235.000000
avance = -311.000000, avanceR = 2.000000, avanceI = 2.000000
inc_x_r = 0.000000, inc_y_r = 1.000000, inc_x_i = 1.000000, inc_y_i = 1.000000
En el else......

----------------------------------------
x = 26.000000, y = 236.000000
avance = -309.000000, avanceR = 2.000000, avanceI = 2.000000
inc_x_r = 0.000000, inc_y_r = 1.000000, inc_x_i = 1.000000, inc_y_i = 1.000000
En el else......

----------------------------------------
x = 26.000000, y = 237.000000
avance = -307.000000, avanceR = 2.000000, avanceI = 2.000000
inc_x_r = 0.000000, inc_y_r = 1.000000, inc_x_i = 1.000000, inc_y_i = 1.000000
En el else......

----------------------------------------
x = 26.000000, y = 238.000000
avance = -305.000000, avanceR = 2.000000, avanceI = 2.000000
inc_x_r = 0.000000, inc_y_r = 1.000000, inc_x_i = 1.000000, inc_y_i = 1.000000
En el else......

----------------------------------------
x = 26.000000, y = 239.000000
avance = -303.000000, avanceR = 2.000000, avanceI = 2.000000
inc_x_r = 0.000000, inc_y_r = 1.000000, inc_x_i = 1.000000, inc_y_i = 1.000000
En el else......

----------------------------------------
x = 26.000000, y = 240.000000
avance = -301.000000, avanceR = 2.000000, avanceI = 2.000000
inc_x_r = 0.000000, inc_y_r = 1.000000, inc_x_i = 1.000000, inc_y_i = 1.000000
En el else......

----------------------------------------
x = 26.000000, y = 241.000000
avance = -299.000000, avanceR = 2.000000, avanceI = 2.000000
inc_x_r = 0.000000, inc_y_r = 1.000000, inc_x_i = 1.000000, inc_y_i = 1.000000
En el else......

----------------------------------------
x = 26.000000, y = 242.000000
avance = -297.000000, avanceR = 2.000000, avanceI = 2.000000
inc_x_r = 0.000000, inc_y_r = 1.000000, inc_x_i = 1.000000, inc_y_i = 1.000000
En el else......

----------------------------------------
x = 26.000000, y = 243.000000
avance = -295.000000, avanceR = 2.000000, avanceI = 2.000000
inc_x_r = 0.000000, inc_y_r = 1.000000, inc_x_i = 1.000000, inc_y_i = 1.000000
En el else......

----------------------------------------
x = 26.000000, y = 244.000000
avance = -293.000000, avanceR = 2.000000, avanceI = 2.000000
inc_x_r = 0.000000, inc_y_r = 1.000000, inc_x_i = 1.000000, inc_y_i = 1.000000
En el else......

----------------------------------------
x = 26.000000, y = 245.000000
avance = -291.000000, avanceR = 2.000000, avanceI = 2.000000
inc_x_r = 0.000000, inc_y_r = 1.000000, inc_x_i = 1.000000, inc_y_i = 1.000000
En el else......

----------------------------------------
x = 26.000000, y = 246.000000
avance = -289.000000, avanceR = 2.000000, avanceI = 2.000000
inc_x_r = 0.000000, inc_y_r = 1.000000, inc_x_i = 1.000000, inc_y_i = 1.000000
En el else......

----------------------------------------
x = 26.000000, y = 247.000000
avance = -287.000000, avanceR = 2.000000, avanceI = 2.000000
inc_x_r = 0.000000, inc_y_r = 1.000000, inc_x_i = 1.000000, inc_y_i = 1.000000
En el else......

----------------------------------------
x = 26.000000, y = 248.000000
avance = -285.000000, avanceR = 2.000000, avanceI = 2.000000
inc_x_r = 0.000000, inc_y_r = 1.000000, inc_x_i = 1.000000, inc_y_i = 1.000000
En el else......

----------------------------------------
x = 26.000000, y = 249.000000
avance = -283.000000, avanceR = 2.000000, avanceI = 2.000000
inc_x_r = 0.000000, inc_y_r = 1.000000, inc_x_i = 1.000000, inc_y_i = 1.000000
En el else......

----------------------------------------
x = 26.000000, y = 250.000000
avance = -281.000000, avanceR = 2.000000, avanceI = 2.000000
inc_x_r = 0.000000, inc_y_r = 1.000000, inc_x_i = 1.000000, inc_y_i = 1.000000
En el else......

----------------------------------------
x = 26.000000, y = 251.000000
avance = -279.000000, avanceR = 2.000000, avanceI = 2.000000
inc_x_r = 0.000000, inc_y_r = 1.000000, inc_x_i = 1.000000, inc_y_i = 1.000000
En el else......

----------------------------------------
x = 26.000000, y = 252.000000
avance = -277.000000, avanceR = 2.000000, avanceI = 2.000000
inc_x_r = 0.000000, inc_y_r = 1.000000, inc_x_i = 1.000000, inc_y_i = 1.000000
En el else......

----------------------------------------
x = 26.000000, y = 253.000000
avance = -275.000000, avanceR = 2.000000, avanceI = 2.000000
inc_x_r = 0.000000, inc_y_r = 1.000000, inc_x_i = 1.000000, inc_y_i = 1.000000
En el else......

----------------------------------------
x = 26.000000, y = 254.000000
avance = -273.000000, avanceR = 2.000000, avanceI = 2.000000
inc_x_r = 0.000000, inc_y_r = 1.000000, inc_x_i = 1.000000, inc_y_i = 1.000000
En el else......

----------------------------------------
x = 26.000000, y = 255.000000
avance = -271.000000, avanceR = 2.000000, avanceI = 2.000000
inc_x_r = 0.000000, inc_y_r = 1.000000, inc_x_i = 1.000000, inc_y_i = 1.000000
En el else......

----------------------------------------
x = 26.000000, y = 256.000000
avance = -269.000000, avanceR = 2.000000, avanceI = 2.000000
inc_x_r = 0.000000, inc_y_r = 1.000000, inc_x_i = 1.000000, inc_y_i = 1.000000
En el else......

----------------------------------------
x = 26.000000, y = 257.000000
avance = -267.000000, avanceR = 2.000000, avanceI = 2.000000
inc_x_r = 0.000000, inc_y_r = 1.000000, inc_x_i = 1.000000, inc_y_i = 1.000000
En el else......

----------------------------------------
x = 26.000000, y = 258.000000
avance = -265.000000, avanceR = 2.000000, avanceI = 2.000000
inc_x_r = 0.000000, inc_y_r = 1.000000, inc_x_i = 1.000000, inc_y_i = 1.000000
En el else......

----------------------------------------
x = 26.000000, y = 259.000000
avance = -263.000000, avanceR = 2.000000, avanceI = 2.000000
inc_x_r = 0.000000, inc_y_r = 1.000000, inc_x_i = 1.000000, inc_y_i = 1.000000
En el else......

----------------------------------------
x = 26.000000, y = 260.000000
avance = -261.000000, avanceR = 2.000000, avanceI = 2.000000
inc_x_r = 0.000000, inc_y_r = 1.000000, inc_x_i = 1.000000, inc_y_i = 1.000000
En el else......

----------------------------------------
x = 26.000000, y = 261.000000
avance = -259.000000, avanceR = 2.000000, avanceI = 2.000000
inc_x_r = 0.000000, inc_y_r = 1.000000, inc_x_i = 1.000000, inc_y_i = 1.000000
En el else......

----------------------------------------
x = 26.000000, y = 262.000000
avance = -257.000000, avanceR = 2.000000, avanceI = 2.000000
inc_x_r = 0.000000, inc_y_r = 1.000000, inc_x_i = 1.000000, inc_y_i = 1.000000
En el else......

----------------------------------------
x = 26.000000, y = 263.000000
avance = -255.000000, avanceR = 2.000000, avanceI = 2.000000
inc_x_r = 0.000000, inc_y_r = 1.000000, inc_x_i = 1.000000, inc_y_i = 1.000000
En el else......

----------------------------------------
x = 26.000000, y = 264.000000
avance = -253.000000, avanceR = 2.000000, avanceI = 2.000000
inc_x_r = 0.000000, inc_y_r = 1.000000, inc_x_i = 1.000000, inc_y_i = 1.000000
En el else......

----------------------------------------
x = 26.000000, y = 265.000000
avance = -251.000000, avanceR = 2.000000, avanceI = 2.000000
inc_x_r = 0.000000, inc_y_r = 1.000000, inc_x_i = 1.000000, inc_y_i = 1.000000
En el else......

----------------------------------------


ENTRAMOS A BRESENHAMªªªª
x1 = 25.000000 - y1 = 15.000000 || x2 = 26.000000 - y2 = 266.000000
dy = 251.000000, dx = 1.000000
avances inclinados: inc_x_i = 1.000000, inc_y_i = 1.000000
updated: dy = 251.000000, dx = 1.000000
avances rectos: inc_x_r = 0.000000, inc_y_r 1.000000
reupdated: dy = 1.000000, dx = 251.000000
avanceR = 2.000000, avance -249.000000, avanceI 2.000000
----------------------------------------
x = 25.000000, y = 15.000000
avance = -249.000000, avanceR = 2.000000, avanceI = 2.000000
inc_x_r = 0.000000, inc_y_r = 1.000000, inc_x_i = 1.000000, inc_y_i = 1.000000
En el else......

----------------------------------------
x = 25.000000, y = 16.000000
avance = -247.000000, avanceR = 2.000000, avanceI = 2.000000
inc_x_r = 0.000000, inc_y_r = 1.000000, inc_x_i = 1.000000, inc_y_i = 1.000000
En el else......

----------------------------------------
x = 25.000000, y = 17.000000
avance = -245.000000, avanceR = 2.000000, avanceI = 2.000000
inc_x_r = 0.000000, inc_y_r = 1.000000, inc_x_i = 1.000000, inc_y_i = 1.000000
En el else......

----------------------------------------
x = 25.000000, y = 18.000000
avance = -243.000000, avanceR = 2.000000, avanceI = 2.000000
inc_x_r = 0.000000, inc_y_r = 1.000000, inc_x_i = 1.000000, inc_y_i = 1.000000
En el else......

----------------------------------------
x = 25.000000, y = 19.000000
avance = -241.000000, avanceR = 2.000000, avanceI = 2.000000
inc_x_r = 0.000000, inc_y_r = 1.000000, inc_x_i = 1.000000, inc_y_i = 1.000000
En el else......

----------------------------------------
x = 25.000000, y = 20.000000
avance = -239.000000, avanceR = 2.000000, avanceI = 2.000000
inc_x_r = 0.000000, inc_y_r = 1.000000, inc_x_i = 1.000000, inc_y_i = 1.000000
En el else......

----------------------------------------
x = 25.000000, y = 21.000000
avance = -237.000000, avanceR = 2.000000, avanceI = 2.000000
inc_x_r = 0.000000, inc_y_r = 1.000000, inc_x_i = 1.000000, inc_y_i = 1.000000
En el else......

----------------------------------------
x = 25.000000, y = 22.000000
avance = -235.000000, avanceR = 2.000000, avanceI = 2.000000
inc_x_r = 0.000000, inc_y_r = 1.000000, inc_x_i = 1.000000, inc_y_i = 1.000000
En el else......

----------------------------------------
x = 25.000000, y = 23.000000
avance = -233.000000, avanceR = 2.000000, avanceI = 2.000000
inc_x_r = 0.000000, inc_y_r = 1.000000, inc_x_i = 1.000000, inc_y_i = 1.000000
En el else......

----------------------------------------
x = 25.000000, y = 24.000000
avance = -231.000000, avanceR = 2.000000, avanceI = 2.000000
inc_x_r = 0.000000, inc_y_r = 1.000000, inc_x_i = 1.000000, inc_y_i = 1.000000
En el else......

----------------------------------------
x = 25.000000, y = 25.000000
avance = -229.000000, avanceR = 2.000000, avanceI = 2.000000
inc_x_r = 0.000000, inc_y_r = 1.000000, inc_x_i = 1.000000, inc_y_i = 1.000000
En el else......

----------------------------------------
x = 25.000000, y = 26.000000
avance = -227.000000, avanceR = 2.000000, avanceI = 2.000000
inc_x_r = 0.000000, inc_y_r = 1.000000, inc_x_i = 1.000000, inc_y_i = 1.000000
En el else......

----------------------------------------
x = 25.000000, y = 27.000000
avance = -225.000000, avanceR = 2.000000, avanceI = 2.000000
inc_x_r = 0.000000, inc_y_r = 1.000000, inc_x_i = 1.000000, inc_y_i = 1.000000
En el else......

----------------------------------------
x = 25.000000, y = 28.000000
avance = -223.000000, avanceR = 2.000000, avanceI = 2.000000
inc_x_r = 0.000000, inc_y_r = 1.000000, inc_x_i = 1.000000, inc_y_i = 1.000000
En el else......

----------------------------------------
x = 25.000000, y = 29.000000
avance = -221.000000, avanceR = 2.000000, avanceI = 2.000000
inc_x_r = 0.000000, inc_y_r = 1.000000, inc_x_i = 1.000000, inc_y_i = 1.000000
En el else......

----------------------------------------
x = 25.000000, y = 30.000000
avance = -219.000000, avanceR = 2.000000, avanceI = 2.000000
inc_x_r = 0.000000, inc_y_r = 1.000000, inc_x_i = 1.000000, inc_y_i = 1.000000
En el else......

----------------------------------------
x = 25.000000, y = 31.000000
avance = -217.000000, avanceR = 2.000000, avanceI = 2.000000
inc_x_r = 0.000000, inc_y_r = 1.000000, inc_x_i = 1.000000, inc_y_i = 1.000000
En el else......

----------------------------------------
x = 25.000000, y = 32.000000
avance = -215.000000, avanceR = 2.000000, avanceI = 2.000000
inc_x_r = 0.000000, inc_y_r = 1.000000, inc_x_i = 1.000000, inc_y_i = 1.000000
En el else......

----------------------------------------
x = 25.000000, y = 33.000000
avance = -213.000000, avanceR = 2.000000, avanceI = 2.000000
inc_x_r = 0.000000, inc_y_r = 1.000000, inc_x_i = 1.000000, inc_y_i = 1.000000
En el else......

----------------------------------------
x = 25.000000, y = 34.000000
avance = -211.000000, avanceR = 2.000000, avanceI = 2.000000
inc_x_r = 0.000000, inc_y_r = 1.000000, inc_x_i = 1.000000, inc_y_i = 1.000000
En el else......

----------------------------------------
x = 25.000000, y = 35.000000
avance = -209.000000, avanceR = 2.000000, avanceI = 2.000000
inc_x_r = 0.000000, inc_y_r = 1.000000, inc_x_i = 1.000000, inc_y_i = 1.000000
En el else......

----------------------------------------
x = 25.000000, y = 36.000000
avance = -207.000000, avanceR = 2.000000, avanceI = 2.000000
inc_x_r = 0.000000, inc_y_r = 1.000000, inc_x_i = 1.000000, inc_y_i = 1.000000
En el else......

----------------------------------------
x = 25.000000, y = 37.000000
avance = -205.000000, avanceR = 2.000000, avanceI = 2.000000
inc_x_r = 0.000000, inc_y_r = 1.000000, inc_x_i = 1.000000, inc_y_i = 1.000000
En el else......

----------------------------------------
x = 25.000000, y = 38.000000
avance = -203.000000, avanceR = 2.000000, avanceI = 2.000000
inc_x_r = 0.000000, inc_y_r = 1.000000, inc_x_i = 1.000000, inc_y_i = 1.000000
En el else......

----------------------------------------
x = 25.000000, y = 39.000000
avance = -201.000000, avanceR = 2.000000, avanceI = 2.000000
inc_x_r = 0.000000, inc_y_r = 1.000000, inc_x_i = 1.000000, inc_y_i = 1.000000
En el else......

----------------------------------------
x = 25.000000, y = 40.000000
avance = -199.000000, avanceR = 2.000000, avanceI = 2.000000
inc_x_r = 0.000000, inc_y_r = 1.000000, inc_x_i = 1.000000, inc_y_i = 1.000000
En el else......

----------------------------------------
x = 25.000000, y = 41.000000
avance = -197.000000, avanceR = 2.000000, avanceI = 2.000000
inc_x_r = 0.000000, inc_y_r = 1.000000, inc_x_i = 1.000000, inc_y_i = 1.000000
En el else......

----------------------------------------
x = 25.000000, y = 42.000000
avance = -195.000000, avanceR = 2.000000, avanceI = 2.000000
inc_x_r = 0.000000, inc_y_r = 1.000000, inc_x_i = 1.000000, inc_y_i = 1.000000
En el else......

----------------------------------------
x = 25.000000, y = 43.000000
avance = -193.000000, avanceR = 2.000000, avanceI = 2.000000
inc_x_r = 0.000000, inc_y_r = 1.000000, inc_x_i = 1.000000, inc_y_i = 1.000000
En el else......

----------------------------------------
x = 25.000000, y = 44.000000
avance = -191.000000, avanceR = 2.000000, avanceI = 2.000000
inc_x_r = 0.000000, inc_y_r = 1.000000, inc_x_i = 1.000000, inc_y_i = 1.000000
En el else......

----------------------------------------
x = 25.000000, y = 45.000000
avance = -189.000000, avanceR = 2.000000, avanceI = 2.000000
inc_x_r = 0.000000, inc_y_r = 1.000000, inc_x_i = 1.000000, inc_y_i = 1.000000
En el else......

----------------------------------------
x = 25.000000, y = 46.000000
avance = -187.000000, avanceR = 2.000000, avanceI = 2.000000
inc_x_r = 0.000000, inc_y_r = 1.000000, inc_x_i = 1.000000, inc_y_i = 1.000000
En el else......

----------------------------------------
x = 25.000000, y = 47.000000
avance = -185.000000, avanceR = 2.000000, avanceI = 2.000000
inc_x_r = 0.000000, inc_y_r = 1.000000, inc_x_i = 1.000000, inc_y_i = 1.000000
En el else......

----------------------------------------
x = 25.000000, y = 48.000000
avance = -183.000000, avanceR = 2.000000, avanceI = 2.000000
inc_x_r = 0.000000, inc_y_r = 1.000000, inc_x_i = 1.000000, inc_y_i = 1.000000
En el else......

----------------------------------------
x = 25.000000, y = 49.000000
avance = -181.000000, avanceR = 2.000000, avanceI = 2.000000
inc_x_r = 0.000000, inc_y_r = 1.000000, inc_x_i = 1.000000, inc_y_i = 1.000000
En el else......

----------------------------------------
x = 25.000000, y = 50.000000
avance = -179.000000, avanceR = 2.000000, avanceI = 2.000000
inc_x_r = 0.000000, inc_y_r = 1.000000, inc_x_i = 1.000000, inc_y_i = 1.000000
En el else......

----------------------------------------
x = 25.000000, y = 51.000000
avance = -177.000000, avanceR = 2.000000, avanceI = 2.000000
inc_x_r = 0.000000, inc_y_r = 1.000000, inc_x_i = 1.000000, inc_y_i = 1.000000
En el else......

----------------------------------------
x = 25.000000, y = 52.000000
avance = -175.000000, avanceR = 2.000000, avanceI = 2.000000
inc_x_r = 0.000000, inc_y_r = 1.000000, inc_x_i = 1.000000, inc_y_i = 1.000000
En el else......

----------------------------------------
x = 25.000000, y = 53.000000
avance = -173.000000, avanceR = 2.000000, avanceI = 2.000000
inc_x_r = 0.000000, inc_y_r = 1.000000, inc_x_i = 1.000000, inc_y_i = 1.000000
En el else......

----------------------------------------
x = 25.000000, y = 54.000000
avance = -171.000000, avanceR = 2.000000, avanceI = 2.000000
inc_x_r = 0.000000, inc_y_r = 1.000000, inc_x_i = 1.000000, inc_y_i = 1.000000
En el else......

----------------------------------------
x = 25.000000, y = 55.000000
avance = -169.000000, avanceR = 2.000000, avanceI = 2.000000
inc_x_r = 0.000000, inc_y_r = 1.000000, inc_x_i = 1.000000, inc_y_i = 1.000000
En el else......

----------------------------------------
x = 25.000000, y = 56.000000
avance = -167.000000, avanceR = 2.000000, avanceI = 2.000000
inc_x_r = 0.000000, inc_y_r = 1.000000, inc_x_i = 1.000000, inc_y_i = 1.000000
En el else......

----------------------------------------
x = 25.000000, y = 57.000000
avance = -165.000000, avanceR = 2.000000, avanceI = 2.000000
inc_x_r = 0.000000, inc_y_r = 1.000000, inc_x_i = 1.000000, inc_y_i = 1.000000
En el else......

----------------------------------------
x = 25.000000, y = 58.000000
avance = -163.000000, avanceR = 2.000000, avanceI = 2.000000
inc_x_r = 0.000000, inc_y_r = 1.000000, inc_x_i = 1.000000, inc_y_i = 1.000000
En el else......

----------------------------------------
x = 25.000000, y = 59.000000
avance = -161.000000, avanceR = 2.000000, avanceI = 2.000000
inc_x_r = 0.000000, inc_y_r = 1.000000, inc_x_i = 1.000000, inc_y_i = 1.000000
En el else......

----------------------------------------
x = 25.000000, y = 60.000000
avance = -159.000000, avanceR = 2.000000, avanceI = 2.000000
inc_x_r = 0.000000, inc_y_r = 1.000000, inc_x_i = 1.000000, inc_y_i = 1.000000
En el else......

----------------------------------------
x = 25.000000, y = 61.000000
avance = -157.000000, avanceR = 2.000000, avanceI = 2.000000
inc_x_r = 0.000000, inc_y_r = 1.000000, inc_x_i = 1.000000, inc_y_i = 1.000000
En el else......

----------------------------------------
x = 25.000000, y = 62.000000
avance = -155.000000, avanceR = 2.000000, avanceI = 2.000000
inc_x_r = 0.000000, inc_y_r = 1.000000, inc_x_i = 1.000000, inc_y_i = 1.000000
En el else......

----------------------------------------
x = 25.000000, y = 63.000000
avance = -153.000000, avanceR = 2.000000, avanceI = 2.000000
inc_x_r = 0.000000, inc_y_r = 1.000000, inc_x_i = 1.000000, inc_y_i = 1.000000
En el else......

----------------------------------------
x = 25.000000, y = 64.000000
avance = -151.000000, avanceR = 2.000000, avanceI = 2.000000
inc_x_r = 0.000000, inc_y_r = 1.000000, inc_x_i = 1.000000, inc_y_i = 1.000000
En el else......

----------------------------------------
x = 25.000000, y = 65.000000
avance = -149.000000, avanceR = 2.000000, avanceI = 2.000000
inc_x_r = 0.000000, inc_y_r = 1.000000, inc_x_i = 1.000000, inc_y_i = 1.000000
En el else......

----------------------------------------
x = 25.000000, y = 66.000000
avance = -147.000000, avanceR = 2.000000, avanceI = 2.000000
inc_x_r = 0.000000, inc_y_r = 1.000000, inc_x_i = 1.000000, inc_y_i = 1.000000
En el else......

----------------------------------------
x = 25.000000, y = 67.000000
avance = -145.000000, avanceR = 2.000000, avanceI = 2.000000
inc_x_r = 0.000000, inc_y_r = 1.000000, inc_x_i = 1.000000, inc_y_i = 1.000000
En el else......

----------------------------------------
x = 25.000000, y = 68.000000
avance = -143.000000, avanceR = 2.000000, avanceI = 2.000000
inc_x_r = 0.000000, inc_y_r = 1.000000, inc_x_i = 1.000000, inc_y_i = 1.000000
En el else......

----------------------------------------
x = 25.000000, y = 69.000000
avance = -141.000000, avanceR = 2.000000, avanceI = 2.000000
inc_x_r = 0.000000, inc_y_r = 1.000000, inc_x_i = 1.000000, inc_y_i = 1.000000
En el else......

----------------------------------------
x = 25.000000, y = 70.000000
avance = -139.000000, avanceR = 2.000000, avanceI = 2.000000
inc_x_r = 0.000000, inc_y_r = 1.000000, inc_x_i = 1.000000, inc_y_i = 1.000000
En el else......

----------------------------------------
x = 25.000000, y = 71.000000
avance = -137.000000, avanceR = 2.000000, avanceI = 2.000000
inc_x_r = 0.000000, inc_y_r = 1.000000, inc_x_i = 1.000000, inc_y_i = 1.000000
En el else......

----------------------------------------
x = 25.000000, y = 72.000000
avance = -135.000000, avanceR = 2.000000, avanceI = 2.000000
inc_x_r = 0.000000, inc_y_r = 1.000000, inc_x_i = 1.000000, inc_y_i = 1.000000
En el else......

----------------------------------------
x = 25.000000, y = 73.000000
avance = -133.000000, avanceR = 2.000000, avanceI = 2.000000
inc_x_r = 0.000000, inc_y_r = 1.000000, inc_x_i = 1.000000, inc_y_i = 1.000000
En el else......

----------------------------------------
x = 25.000000, y = 74.000000
avance = -131.000000, avanceR = 2.000000, avanceI = 2.000000
inc_x_r = 0.000000, inc_y_r = 1.000000, inc_x_i = 1.000000, inc_y_i = 1.000000
En el else......

----------------------------------------
x = 25.000000, y = 75.000000
avance = -129.000000, avanceR = 2.000000, avanceI = 2.000000
inc_x_r = 0.000000, inc_y_r = 1.000000, inc_x_i = 1.000000, inc_y_i = 1.000000
En el else......

----------------------------------------
x = 25.000000, y = 76.000000
avance = -127.000000, avanceR = 2.000000, avanceI = 2.000000
inc_x_r = 0.000000, inc_y_r = 1.000000, inc_x_i = 1.000000, inc_y_i = 1.000000
En el else......

----------------------------------------
x = 25.000000, y = 77.000000
avance = -125.000000, avanceR = 2.000000, avanceI = 2.000000
inc_x_r = 0.000000, inc_y_r = 1.000000, inc_x_i = 1.000000, inc_y_i = 1.000000
En el else......

----------------------------------------
x = 25.000000, y = 78.000000
avance = -123.000000, avanceR = 2.000000, avanceI = 2.000000
inc_x_r = 0.000000, inc_y_r = 1.000000, inc_x_i = 1.000000, inc_y_i = 1.000000
En el else......

----------------------------------------
x = 25.000000, y = 79.000000
avance = -121.000000, avanceR = 2.000000, avanceI = 2.000000
inc_x_r = 0.000000, inc_y_r = 1.000000, inc_x_i = 1.000000, inc_y_i = 1.000000
En el else......

----------------------------------------
x = 25.000000, y = 80.000000
avance = -119.000000, avanceR = 2.000000, avanceI = 2.000000
inc_x_r = 0.000000, inc_y_r = 1.000000, inc_x_i = 1.000000, inc_y_i = 1.000000
En el else......

----------------------------------------
x = 25.000000, y = 81.000000
avance = -117.000000, avanceR = 2.000000, avanceI = 2.000000
inc_x_r = 0.000000, inc_y_r = 1.000000, inc_x_i = 1.000000, inc_y_i = 1.000000
En el else......

----------------------------------------
x = 25.000000, y = 82.000000
avance = -115.000000, avanceR = 2.000000, avanceI = 2.000000
inc_x_r = 0.000000, inc_y_r = 1.000000, inc_x_i = 1.000000, inc_y_i = 1.000000
En el else......

----------------------------------------
x = 25.000000, y = 83.000000
avance = -113.000000, avanceR = 2.000000, avanceI = 2.000000
inc_x_r = 0.000000, inc_y_r = 1.000000, inc_x_i = 1.000000, inc_y_i = 1.000000
En el else......

----------------------------------------
x = 25.000000, y = 84.000000
avance = -111.000000, avanceR = 2.000000, avanceI = 2.000000
inc_x_r = 0.000000, inc_y_r = 1.000000, inc_x_i = 1.000000, inc_y_i = 1.000000
En el else......

----------------------------------------
x = 25.000000, y = 85.000000
avance = -109.000000, avanceR = 2.000000, avanceI = 2.000000
inc_x_r = 0.000000, inc_y_r = 1.000000, inc_x_i = 1.000000, inc_y_i = 1.000000
En el else......

----------------------------------------
x = 25.000000, y = 86.000000
avance = -107.000000, avanceR = 2.000000, avanceI = 2.000000
inc_x_r = 0.000000, inc_y_r = 1.000000, inc_x_i = 1.000000, inc_y_i = 1.000000
En el else......

----------------------------------------
x = 25.000000, y = 87.000000
avance = -105.000000, avanceR = 2.000000, avanceI = 2.000000
inc_x_r = 0.000000, inc_y_r = 1.000000, inc_x_i = 1.000000, inc_y_i = 1.000000
En el else......

----------------------------------------
x = 25.000000, y = 88.000000
avance = -103.000000, avanceR = 2.000000, avanceI = 2.000000
inc_x_r = 0.000000, inc_y_r = 1.000000, inc_x_i = 1.000000, inc_y_i = 1.000000
En el else......

----------------------------------------
x = 25.000000, y = 89.000000
avance = -101.000000, avanceR = 2.000000, avanceI = 2.000000
inc_x_r = 0.000000, inc_y_r = 1.000000, inc_x_i = 1.000000, inc_y_i = 1.000000
En el else......

----------------------------------------
x = 25.000000, y = 90.000000
avance = -99.000000, avanceR = 2.000000, avanceI = 2.000000
inc_x_r = 0.000000, inc_y_r = 1.000000, inc_x_i = 1.000000, inc_y_i = 1.000000
En el else......

----------------------------------------
x = 25.000000, y = 91.000000
avance = -97.000000, avanceR = 2.000000, avanceI = 2.000000
inc_x_r = 0.000000, inc_y_r = 1.000000, inc_x_i = 1.000000, inc_y_i = 1.000000
En el else......

----------------------------------------
x = 25.000000, y = 92.000000
avance = -95.000000, avanceR = 2.000000, avanceI = 2.000000
inc_x_r = 0.000000, inc_y_r = 1.000000, inc_x_i = 1.000000, inc_y_i = 1.000000
En el else......

----------------------------------------
x = 25.000000, y = 93.000000
avance = -93.000000, avanceR = 2.000000, avanceI = 2.000000
inc_x_r = 0.000000, inc_y_r = 1.000000, inc_x_i = 1.000000, inc_y_i = 1.000000
En el else......

----------------------------------------
x = 25.000000, y = 94.000000
avance = -91.000000, avanceR = 2.000000, avanceI = 2.000000
inc_x_r = 0.000000, inc_y_r = 1.000000, inc_x_i = 1.000000, inc_y_i = 1.000000
En el else......

----------------------------------------
x = 25.000000, y = 95.000000
avance = -89.000000, avanceR = 2.000000, avanceI = 2.000000
inc_x_r = 0.000000, inc_y_r = 1.000000, inc_x_i = 1.000000, inc_y_i = 1.000000
En el else......

----------------------------------------
x = 25.000000, y = 96.000000
avance = -87.000000, avanceR = 2.000000, avanceI = 2.000000
inc_x_r = 0.000000, inc_y_r = 1.000000, inc_x_i = 1.000000, inc_y_i = 1.000000
En el else......

----------------------------------------
x = 25.000000, y = 97.000000
avance = -85.000000, avanceR = 2.000000, avanceI = 2.000000
inc_x_r = 0.000000, inc_y_r = 1.000000, inc_x_i = 1.000000, inc_y_i = 1.000000
En el else......

----------------------------------------
x = 25.000000, y = 98.000000
avance = -83.000000, avanceR = 2.000000, avanceI = 2.000000
inc_x_r = 0.000000, inc_y_r = 1.000000, inc_x_i = 1.000000, inc_y_i = 1.000000
En el else......

----------------------------------------
x = 25.000000, y = 99.000000
avance = -81.000000, avanceR = 2.000000, avanceI = 2.000000
inc_x_r = 0.000000, inc_y_r = 1.000000, inc_x_i = 1.000000, inc_y_i = 1.000000
En el else......

----------------------------------------
x = 25.000000, y = 100.000000
avance = -79.000000, avanceR = 2.000000, avanceI = 2.000000
inc_x_r = 0.000000, inc_y_r = 1.000000, inc_x_i = 1.000000, inc_y_i = 1.000000
En el else......

----------------------------------------
x = 25.000000, y = 101.000000
avance = -77.000000, avanceR = 2.000000, avanceI = 2.000000
inc_x_r = 0.000000, inc_y_r = 1.000000, inc_x_i = 1.000000, inc_y_i = 1.000000
En el else......

----------------------------------------
x = 25.000000, y = 102.000000
avance = -75.000000, avanceR = 2.000000, avanceI = 2.000000
inc_x_r = 0.000000, inc_y_r = 1.000000, inc_x_i = 1.000000, inc_y_i = 1.000000
En el else......

----------------------------------------
x = 25.000000, y = 103.000000
avance = -73.000000, avanceR = 2.000000, avanceI = 2.000000
inc_x_r = 0.000000, inc_y_r = 1.000000, inc_x_i = 1.000000, inc_y_i = 1.000000
En el else......

----------------------------------------
x = 25.000000, y = 104.000000
avance = -71.000000, avanceR = 2.000000, avanceI = 2.000000
inc_x_r = 0.000000, inc_y_r = 1.000000, inc_x_i = 1.000000, inc_y_i = 1.000000
En el else......

----------------------------------------
x = 25.000000, y = 105.000000
avance = -69.000000, avanceR = 2.000000, avanceI = 2.000000
inc_x_r = 0.000000, inc_y_r = 1.000000, inc_x_i = 1.000000, inc_y_i = 1.000000
En el else......

----------------------------------------
x = 25.000000, y = 106.000000
avance = -67.000000, avanceR = 2.000000, avanceI = 2.000000
inc_x_r = 0.000000, inc_y_r = 1.000000, inc_x_i = 1.000000, inc_y_i = 1.000000
En el else......

----------------------------------------
x = 25.000000, y = 107.000000
avance = -65.000000, avanceR = 2.000000, avanceI = 2.000000
inc_x_r = 0.000000, inc_y_r = 1.000000, inc_x_i = 1.000000, inc_y_i = 1.000000
En el else......

----------------------------------------
x = 25.000000, y = 108.000000
avance = -63.000000, avanceR = 2.000000, avanceI = 2.000000
inc_x_r = 0.000000, inc_y_r = 1.000000, inc_x_i = 1.000000, inc_y_i = 1.000000
En el else......

----------------------------------------
x = 25.000000, y = 109.000000
avance = -61.000000, avanceR = 2.000000, avanceI = 2.000000
inc_x_r = 0.000000, inc_y_r = 1.000000, inc_x_i = 1.000000, inc_y_i = 1.000000
En el else......

----------------------------------------
x = 25.000000, y = 110.000000
avance = -59.000000, avanceR = 2.000000, avanceI = 2.000000
inc_x_r = 0.000000, inc_y_r = 1.000000, inc_x_i = 1.000000, inc_y_i = 1.000000
En el else......

----------------------------------------
x = 25.000000, y = 111.000000
avance = -57.000000, avanceR = 2.000000, avanceI = 2.000000
inc_x_r = 0.000000, inc_y_r = 1.000000, inc_x_i = 1.000000, inc_y_i = 1.000000
En el else......

----------------------------------------
x = 25.000000, y = 112.000000
avance = -55.000000, avanceR = 2.000000, avanceI = 2.000000
inc_x_r = 0.000000, inc_y_r = 1.000000, inc_x_i = 1.000000, inc_y_i = 1.000000
En el else......

----------------------------------------
x = 25.000000, y = 113.000000
avance = -53.000000, avanceR = 2.000000, avanceI = 2.000000
inc_x_r = 0.000000, inc_y_r = 1.000000, inc_x_i = 1.000000, inc_y_i = 1.000000
En el else......

----------------------------------------
x = 25.000000, y = 114.000000
avance = -51.000000, avanceR = 2.000000, avanceI = 2.000000
inc_x_r = 0.000000, inc_y_r = 1.000000, inc_x_i = 1.000000, inc_y_i = 1.000000
En el else......

----------------------------------------
x = 25.000000, y = 115.000000
avance = -49.000000, avanceR = 2.000000, avanceI = 2.000000
inc_x_r = 0.000000, inc_y_r = 1.000000, inc_x_i = 1.000000, inc_y_i = 1.000000
En el else......

----------------------------------------
x = 25.000000, y = 116.000000
avance = -47.000000, avanceR = 2.000000, avanceI = 2.000000
inc_x_r = 0.000000, inc_y_r = 1.000000, inc_x_i = 1.000000, inc_y_i = 1.000000
En el else......

----------------------------------------
x = 25.000000, y = 117.000000
avance = -45.000000, avanceR = 2.000000, avanceI = 2.000000
inc_x_r = 0.000000, inc_y_r = 1.000000, inc_x_i = 1.000000, inc_y_i = 1.000000
En el else......

----------------------------------------
x = 25.000000, y = 118.000000
avance = -43.000000, avanceR = 2.000000, avanceI = 2.000000
inc_x_r = 0.000000, inc_y_r = 1.000000, inc_x_i = 1.000000, inc_y_i = 1.000000
En el else......

----------------------------------------
x = 25.000000, y = 119.000000
avance = -41.000000, avanceR = 2.000000, avanceI = 2.000000
inc_x_r = 0.000000, inc_y_r = 1.000000, inc_x_i = 1.000000, inc_y_i = 1.000000
En el else......

----------------------------------------
x = 25.000000, y = 120.000000
avance = -39.000000, avanceR = 2.000000, avanceI = 2.000000
inc_x_r = 0.000000, inc_y_r = 1.000000, inc_x_i = 1.000000, inc_y_i = 1.000000
En el else......

----------------------------------------
x = 25.000000, y = 121.000000
avance = -37.000000, avanceR = 2.000000, avanceI = 2.000000
inc_x_r = 0.000000, inc_y_r = 1.000000, inc_x_i = 1.000000, inc_y_i = 1.000000
En el else......

----------------------------------------
x = 25.000000, y = 122.000000
avance = -35.000000, avanceR = 2.000000, avanceI = 2.000000
inc_x_r = 0.000000, inc_y_r = 1.000000, inc_x_i = 1.000000, inc_y_i = 1.000000
En el else......

----------------------------------------
x = 25.000000, y = 123.000000
avance = -33.000000, avanceR = 2.000000, avanceI = 2.000000
inc_x_r = 0.000000, inc_y_r = 1.000000, inc_x_i = 1.000000, inc_y_i = 1.000000
En el else......

----------------------------------------
x = 25.000000, y = 124.000000
avance = -31.000000, avanceR = 2.000000, avanceI = 2.000000
inc_x_r = 0.000000, inc_y_r = 1.000000, inc_x_i = 1.000000, inc_y_i = 1.000000
En el else......

----------------------------------------
x = 25.000000, y = 125.000000
avance = -29.000000, avanceR = 2.000000, avanceI = 2.000000
inc_x_r = 0.000000, inc_y_r = 1.000000, inc_x_i = 1.000000, inc_y_i = 1.000000
En el else......

----------------------------------------
x = 25.000000, y = 126.000000
avance = -27.000000, avanceR = 2.000000, avanceI = 2.000000
inc_x_r = 0.000000, inc_y_r = 1.000000, inc_x_i = 1.000000, inc_y_i = 1.000000
En el else......

----------------------------------------
x = 25.000000, y = 127.000000
avance = -25.000000, avanceR = 2.000000, avanceI = 2.000000
inc_x_r = 0.000000, inc_y_r = 1.000000, inc_x_i = 1.000000, inc_y_i = 1.000000
En el else......

----------------------------------------
x = 25.000000, y = 128.000000
avance = -23.000000, avanceR = 2.000000, avanceI = 2.000000
inc_x_r = 0.000000, inc_y_r = 1.000000, inc_x_i = 1.000000, inc_y_i = 1.000000
En el else......

----------------------------------------
x = 25.000000, y = 129.000000
avance = -21.000000, avanceR = 2.000000, avanceI = 2.000000
inc_x_r = 0.000000, inc_y_r = 1.000000, inc_x_i = 1.000000, inc_y_i = 1.000000
En el else......

----------------------------------------
x = 25.000000, y = 130.000000
avance = -19.000000, avanceR = 2.000000, avanceI = 2.000000
inc_x_r = 0.000000, inc_y_r = 1.000000, inc_x_i = 1.000000, inc_y_i = 1.000000
En el else......

----------------------------------------
x = 25.000000, y = 131.000000
avance = -17.000000, avanceR = 2.000000, avanceI = 2.000000
inc_x_r = 0.000000, inc_y_r = 1.000000, inc_x_i = 1.000000, inc_y_i = 1.000000
En el else......

----------------------------------------
x = 25.000000, y = 132.000000
avance = -15.000000, avanceR = 2.000000, avanceI = 2.000000
inc_x_r = 0.000000, inc_y_r = 1.000000, inc_x_i = 1.000000, inc_y_i = 1.000000
En el else......

----------------------------------------
x = 25.000000, y = 133.000000
avance = -13.000000, avanceR = 2.000000, avanceI = 2.000000
inc_x_r = 0.000000, inc_y_r = 1.000000, inc_x_i = 1.000000, inc_y_i = 1.000000
En el else......

----------------------------------------
x = 25.000000, y = 134.000000
avance = -11.000000, avanceR = 2.000000, avanceI = 2.000000
inc_x_r = 0.000000, inc_y_r = 1.000000, inc_x_i = 1.000000, inc_y_i = 1.000000
En el else......

----------------------------------------
x = 25.000000, y = 135.000000
avance = -9.000000, avanceR = 2.000000, avanceI = 2.000000
inc_x_r = 0.000000, inc_y_r = 1.000000, inc_x_i = 1.000000, inc_y_i = 1.000000
En el else......

----------------------------------------
x = 25.000000, y = 136.000000
avance = -7.000000, avanceR = 2.000000, avanceI = 2.000000
inc_x_r = 0.000000, inc_y_r = 1.000000, inc_x_i = 1.000000, inc_y_i = 1.000000
En el else......

----------------------------------------
x = 25.000000, y = 137.000000
avance = -5.000000, avanceR = 2.000000, avanceI = 2.000000
inc_x_r = 0.000000, inc_y_r = 1.000000, inc_x_i = 1.000000, inc_y_i = 1.000000
En el else......

----------------------------------------
x = 25.000000, y = 138.000000
avance = -3.000000, avanceR = 2.000000, avanceI = 2.000000
inc_x_r = 0.000000, inc_y_r = 1.000000, inc_x_i = 1.000000, inc_y_i = 1.000000
En el else......

----------------------------------------
x = 25.000000, y = 139.000000
avance = -1.000000, avanceR = 2.000000, avanceI = 2.000000
inc_x_r = 0.000000, inc_y_r = 1.000000, inc_x_i = 1.000000, inc_y_i = 1.000000
En el else......

----------------------------------------
x = 25.000000, y = 140.000000
avance = 1.000000, avanceR = 2.000000, avanceI = 2.000000
inc_x_r = 0.000000, inc_y_r = 1.000000, inc_x_i = 1.000000, inc_y_i = 1.000000
avance >= 0

----------------------------------------
x = 26.000000, y = 141.000000
avance = -499.000000, avanceR = 2.000000, avanceI = 2.000000
inc_x_r = 0.000000, inc_y_r = 1.000000, inc_x_i = 1.000000, inc_y_i = 1.000000
En el else......

----------------------------------------
x = 26.000000, y = 142.000000
avance = -497.000000, avanceR = 2.000000, avanceI = 2.000000
inc_x_r = 0.000000, inc_y_r = 1.000000, inc_x_i = 1.000000, inc_y_i = 1.000000
En el else......

----------------------------------------
x = 26.000000, y = 143.000000
avance = -495.000000, avanceR = 2.000000, avanceI = 2.000000
inc_x_r = 0.000000, inc_y_r = 1.000000, inc_x_i = 1.000000, inc_y_i = 1.000000
En el else......

----------------------------------------
x = 26.000000, y = 144.000000
avance = -493.000000, avanceR = 2.000000, avanceI = 2.000000
inc_x_r = 0.000000, inc_y_r = 1.000000, inc_x_i = 1.000000, inc_y_i = 1.000000
En el else......

----------------------------------------
x = 26.000000, y = 145.000000
avance = -491.000000, avanceR = 2.000000, avanceI = 2.000000
inc_x_r = 0.000000, inc_y_r = 1.000000, inc_x_i = 1.000000, inc_y_i = 1.000000
En el else......

----------------------------------------
x = 26.000000, y = 146.000000
avance = -489.000000, avanceR = 2.000000, avanceI = 2.000000
inc_x_r = 0.000000, inc_y_r = 1.000000, inc_x_i = 1.000000, inc_y_i = 1.000000
En el else......

----------------------------------------
x = 26.000000, y = 147.000000
avance = -487.000000, avanceR = 2.000000, avanceI = 2.000000
inc_x_r = 0.000000, inc_y_r = 1.000000, inc_x_i = 1.000000, inc_y_i = 1.000000
En el else......

----------------------------------------
x = 26.000000, y = 148.000000
avance = -485.000000, avanceR = 2.000000, avanceI = 2.000000
inc_x_r = 0.000000, inc_y_r = 1.000000, inc_x_i = 1.000000, inc_y_i = 1.000000
En el else......

----------------------------------------
x = 26.000000, y = 149.000000
avance = -483.000000, avanceR = 2.000000, avanceI = 2.000000
inc_x_r = 0.000000, inc_y_r = 1.000000, inc_x_i = 1.000000, inc_y_i = 1.000000
En el else......

----------------------------------------
x = 26.000000, y = 150.000000
avance = -481.000000, avanceR = 2.000000, avanceI = 2.000000
inc_x_r = 0.000000, inc_y_r = 1.000000, inc_x_i = 1.000000, inc_y_i = 1.000000
En el else......

----------------------------------------
x = 26.000000, y = 151.000000
avance = -479.000000, avanceR = 2.000000, avanceI = 2.000000
inc_x_r = 0.000000, inc_y_r = 1.000000, inc_x_i = 1.000000, inc_y_i = 1.000000
En el else......

----------------------------------------
x = 26.000000, y = 152.000000
avance = -477.000000, avanceR = 2.000000, avanceI = 2.000000
inc_x_r = 0.000000, inc_y_r = 1.000000, inc_x_i = 1.000000, inc_y_i = 1.000000
En el else......

----------------------------------------
x = 26.000000, y = 153.000000
avance = -475.000000, avanceR = 2.000000, avanceI = 2.000000
inc_x_r = 0.000000, inc_y_r = 1.000000, inc_x_i = 1.000000, inc_y_i = 1.000000
En el else......

----------------------------------------
x = 26.000000, y = 154.000000
avance = -473.000000, avanceR = 2.000000, avanceI = 2.000000
inc_x_r = 0.000000, inc_y_r = 1.000000, inc_x_i = 1.000000, inc_y_i = 1.000000
En el else......

----------------------------------------
x = 26.000000, y = 155.000000
avance = -471.000000, avanceR = 2.000000, avanceI = 2.000000
inc_x_r = 0.000000, inc_y_r = 1.000000, inc_x_i = 1.000000, inc_y_i = 1.000000
En el else......

----------------------------------------
x = 26.000000, y = 156.000000
avance = -469.000000, avanceR = 2.000000, avanceI = 2.000000
inc_x_r = 0.000000, inc_y_r = 1.000000, inc_x_i = 1.000000, inc_y_i = 1.000000
En el else......

----------------------------------------
x = 26.000000, y = 157.000000
avance = -467.000000, avanceR = 2.000000, avanceI = 2.000000
inc_x_r = 0.000000, inc_y_r = 1.000000, inc_x_i = 1.000000, inc_y_i = 1.000000
En el else......

----------------------------------------
x = 26.000000, y = 158.000000
avance = -465.000000, avanceR = 2.000000, avanceI = 2.000000
inc_x_r = 0.000000, inc_y_r = 1.000000, inc_x_i = 1.000000, inc_y_i = 1.000000
En el else......

----------------------------------------
x = 26.000000, y = 159.000000
avance = -463.000000, avanceR = 2.000000, avanceI = 2.000000
inc_x_r = 0.000000, inc_y_r = 1.000000, inc_x_i = 1.000000, inc_y_i = 1.000000
En el else......

----------------------------------------
x = 26.000000, y = 160.000000
avance = -461.000000, avanceR = 2.000000, avanceI = 2.000000
inc_x_r = 0.000000, inc_y_r = 1.000000, inc_x_i = 1.000000, inc_y_i = 1.000000
En el else......

----------------------------------------
x = 26.000000, y = 161.000000
avance = -459.000000, avanceR = 2.000000, avanceI = 2.000000
inc_x_r = 0.000000, inc_y_r = 1.000000, inc_x_i = 1.000000, inc_y_i = 1.000000
En el else......

----------------------------------------
x = 26.000000, y = 162.000000
avance = -457.000000, avanceR = 2.000000, avanceI = 2.000000
inc_x_r = 0.000000, inc_y_r = 1.000000, inc_x_i = 1.000000, inc_y_i = 1.000000
En el else......

----------------------------------------
x = 26.000000, y = 163.000000
avance = -455.000000, avanceR = 2.000000, avanceI = 2.000000
inc_x_r = 0.000000, inc_y_r = 1.000000, inc_x_i = 1.000000, inc_y_i = 1.000000
En el else......

----------------------------------------
x = 26.000000, y = 164.000000
avance = -453.000000, avanceR = 2.000000, avanceI = 2.000000
inc_x_r = 0.000000, inc_y_r = 1.000000, inc_x_i = 1.000000, inc_y_i = 1.000000
En el else......

----------------------------------------
x = 26.000000, y = 165.000000
avance = -451.000000, avanceR = 2.000000, avanceI = 2.000000
inc_x_r = 0.000000, inc_y_r = 1.000000, inc_x_i = 1.000000, inc_y_i = 1.000000
En el else......

----------------------------------------
x = 26.000000, y = 166.000000
avance = -449.000000, avanceR = 2.000000, avanceI = 2.000000
inc_x_r = 0.000000, inc_y_r = 1.000000, inc_x_i = 1.000000, inc_y_i = 1.000000
En el else......

----------------------------------------
x = 26.000000, y = 167.000000
avance = -447.000000, avanceR = 2.000000, avanceI = 2.000000
inc_x_r = 0.000000, inc_y_r = 1.000000, inc_x_i = 1.000000, inc_y_i = 1.000000
En el else......

----------------------------------------
x = 26.000000, y = 168.000000
avance = -445.000000, avanceR = 2.000000, avanceI = 2.000000
inc_x_r = 0.000000, inc_y_r = 1.000000, inc_x_i = 1.000000, inc_y_i = 1.000000
En el else......

----------------------------------------
x = 26.000000, y = 169.000000
avance = -443.000000, avanceR = 2.000000, avanceI = 2.000000
inc_x_r = 0.000000, inc_y_r = 1.000000, inc_x_i = 1.000000, inc_y_i = 1.000000
En el else......

----------------------------------------
x = 26.000000, y = 170.000000
avance = -441.000000, avanceR = 2.000000, avanceI = 2.000000
inc_x_r = 0.000000, inc_y_r = 1.000000, inc_x_i = 1.000000, inc_y_i = 1.000000
En el else......

----------------------------------------
x = 26.000000, y = 171.000000
avance = -439.000000, avanceR = 2.000000, avanceI = 2.000000
inc_x_r = 0.000000, inc_y_r = 1.000000, inc_x_i = 1.000000, inc_y_i = 1.000000
En el else......

----------------------------------------
x = 26.000000, y = 172.000000
avance = -437.000000, avanceR = 2.000000, avanceI = 2.000000
inc_x_r = 0.000000, inc_y_r = 1.000000, inc_x_i = 1.000000, inc_y_i = 1.000000
En el else......

----------------------------------------
x = 26.000000, y = 173.000000
avance = -435.000000, avanceR = 2.000000, avanceI = 2.000000
inc_x_r = 0.000000, inc_y_r = 1.000000, inc_x_i = 1.000000, inc_y_i = 1.000000
En el else......

----------------------------------------
x = 26.000000, y = 174.000000
avance = -433.000000, avanceR = 2.000000, avanceI = 2.000000
inc_x_r = 0.000000, inc_y_r = 1.000000, inc_x_i = 1.000000, inc_y_i = 1.000000
En el else......

----------------------------------------
x = 26.000000, y = 175.000000
avance = -431.000000, avanceR = 2.000000, avanceI = 2.000000
inc_x_r = 0.000000, inc_y_r = 1.000000, inc_x_i = 1.000000, inc_y_i = 1.000000
En el else......

----------------------------------------
x = 26.000000, y = 176.000000
avance = -429.000000, avanceR = 2.000000, avanceI = 2.000000
inc_x_r = 0.000000, inc_y_r = 1.000000, inc_x_i = 1.000000, inc_y_i = 1.000000
En el else......

----------------------------------------
x = 26.000000, y = 177.000000
avance = -427.000000, avanceR = 2.000000, avanceI = 2.000000
inc_x_r = 0.000000, inc_y_r = 1.000000, inc_x_i = 1.000000, inc_y_i = 1.000000
En el else......

----------------------------------------
x = 26.000000, y = 178.000000
avance = -425.000000, avanceR = 2.000000, avanceI = 2.000000
inc_x_r = 0.000000, inc_y_r = 1.000000, inc_x_i = 1.000000, inc_y_i = 1.000000
En el else......

----------------------------------------
x = 26.000000, y = 179.000000
avance = -423.000000, avanceR = 2.000000, avanceI = 2.000000
inc_x_r = 0.000000, inc_y_r = 1.000000, inc_x_i = 1.000000, inc_y_i = 1.000000
En el else......

----------------------------------------
x = 26.000000, y = 180.000000
avance = -421.000000, avanceR = 2.000000, avanceI = 2.000000
inc_x_r = 0.000000, inc_y_r = 1.000000, inc_x_i = 1.000000, inc_y_i = 1.000000
En el else......

----------------------------------------
x = 26.000000, y = 181.000000
avance = -419.000000, avanceR = 2.000000, avanceI = 2.000000
inc_x_r = 0.000000, inc_y_r = 1.000000, inc_x_i = 1.000000, inc_y_i = 1.000000
En el else......

----------------------------------------
x = 26.000000, y = 182.000000
avance = -417.000000, avanceR = 2.000000, avanceI = 2.000000
inc_x_r = 0.000000, inc_y_r = 1.000000, inc_x_i = 1.000000, inc_y_i = 1.000000
En el else......

----------------------------------------
x = 26.000000, y = 183.000000
avance = -415.000000, avanceR = 2.000000, avanceI = 2.000000
inc_x_r = 0.000000, inc_y_r = 1.000000, inc_x_i = 1.000000, inc_y_i = 1.000000
En el else......

----------------------------------------
x = 26.000000, y = 184.000000
avance = -413.000000, avanceR = 2.000000, avanceI = 2.000000
inc_x_r = 0.000000, inc_y_r = 1.000000, inc_x_i = 1.000000, inc_y_i = 1.000000
En el else......

----------------------------------------
x = 26.000000, y = 185.000000
avance = -411.000000, avanceR = 2.000000, avanceI = 2.000000
inc_x_r = 0.000000, inc_y_r = 1.000000, inc_x_i = 1.000000, inc_y_i = 1.000000
En el else......

----------------------------------------
x = 26.000000, y = 186.000000
avance = -409.000000, avanceR = 2.000000, avanceI = 2.000000
inc_x_r = 0.000000, inc_y_r = 1.000000, inc_x_i = 1.000000, inc_y_i = 1.000000
En el else......

----------------------------------------
x = 26.000000, y = 187.000000
avance = -407.000000, avanceR = 2.000000, avanceI = 2.000000
inc_x_r = 0.000000, inc_y_r = 1.000000, inc_x_i = 1.000000, inc_y_i = 1.000000
En el else......

----------------------------------------
x = 26.000000, y = 188.000000
avance = -405.000000, avanceR = 2.000000, avanceI = 2.000000
inc_x_r = 0.000000, inc_y_r = 1.000000, inc_x_i = 1.000000, inc_y_i = 1.000000
En el else......

----------------------------------------
x = 26.000000, y = 189.000000
avance = -403.000000, avanceR = 2.000000, avanceI = 2.000000
inc_x_r = 0.000000, inc_y_r = 1.000000, inc_x_i = 1.000000, inc_y_i = 1.000000
En el else......

----------------------------------------
x = 26.000000, y = 190.000000
avance = -401.000000, avanceR = 2.000000, avanceI = 2.000000
inc_x_r = 0.000000, inc_y_r = 1.000000, inc_x_i = 1.000000, inc_y_i = 1.000000
En el else......

----------------------------------------
x = 26.000000, y = 191.000000
avance = -399.000000, avanceR = 2.000000, avanceI = 2.000000
inc_x_r = 0.000000, inc_y_r = 1.000000, inc_x_i = 1.000000, inc_y_i = 1.000000
En el else......

----------------------------------------
x = 26.000000, y = 192.000000
avance = -397.000000, avanceR = 2.000000, avanceI = 2.000000
inc_x_r = 0.000000, inc_y_r = 1.000000, inc_x_i = 1.000000, inc_y_i = 1.000000
En el else......

----------------------------------------
x = 26.000000, y = 193.000000
avance = -395.000000, avanceR = 2.000000, avanceI = 2.000000
inc_x_r = 0.000000, inc_y_r = 1.000000, inc_x_i = 1.000000, inc_y_i = 1.000000
En el else......

----------------------------------------
x = 26.000000, y = 194.000000
avance = -393.000000, avanceR = 2.000000, avanceI = 2.000000
inc_x_r = 0.000000, inc_y_r = 1.000000, inc_x_i = 1.000000, inc_y_i = 1.000000
En el else......

----------------------------------------
x = 26.000000, y = 195.000000
avance = -391.000000, avanceR = 2.000000, avanceI = 2.000000
inc_x_r = 0.000000, inc_y_r = 1.000000, inc_x_i = 1.000000, inc_y_i = 1.000000
En el else......

----------------------------------------
x = 26.000000, y = 196.000000
avance = -389.000000, avanceR = 2.000000, avanceI = 2.000000
inc_x_r = 0.000000, inc_y_r = 1.000000, inc_x_i = 1.000000, inc_y_i = 1.000000
En el else......

----------------------------------------
x = 26.000000, y = 197.000000
avance = -387.000000, avanceR = 2.000000, avanceI = 2.000000
inc_x_r = 0.000000, inc_y_r = 1.000000, inc_x_i = 1.000000, inc_y_i = 1.000000
En el else......

----------------------------------------
x = 26.000000, y = 198.000000
avance = -385.000000, avanceR = 2.000000, avanceI = 2.000000
inc_x_r = 0.000000, inc_y_r = 1.000000, inc_x_i = 1.000000, inc_y_i = 1.000000
En el else......

----------------------------------------
x = 26.000000, y = 199.000000
avance = -383.000000, avanceR = 2.000000, avanceI = 2.000000
inc_x_r = 0.000000, inc_y_r = 1.000000, inc_x_i = 1.000000, inc_y_i = 1.000000
En el else......

----------------------------------------
x = 26.000000, y = 200.000000
avance = -381.000000, avanceR = 2.000000, avanceI = 2.000000
inc_x_r = 0.000000, inc_y_r = 1.000000, inc_x_i = 1.000000, inc_y_i = 1.000000
En el else......

----------------------------------------
x = 26.000000, y = 201.000000
avance = -379.000000, avanceR = 2.000000, avanceI = 2.000000
inc_x_r = 0.000000, inc_y_r = 1.000000, inc_x_i = 1.000000, inc_y_i = 1.000000
En el else......

----------------------------------------
x = 26.000000, y = 202.000000
avance = -377.000000, avanceR = 2.000000, avanceI = 2.000000
inc_x_r = 0.000000, inc_y_r = 1.000000, inc_x_i = 1.000000, inc_y_i = 1.000000
En el else......

----------------------------------------
x = 26.000000, y = 203.000000
avance = -375.000000, avanceR = 2.000000, avanceI = 2.000000
inc_x_r = 0.000000, inc_y_r = 1.000000, inc_x_i = 1.000000, inc_y_i = 1.000000
En el else......

----------------------------------------
x = 26.000000, y = 204.000000
avance = -373.000000, avanceR = 2.000000, avanceI = 2.000000
inc_x_r = 0.000000, inc_y_r = 1.000000, inc_x_i = 1.000000, inc_y_i = 1.000000
En el else......

----------------------------------------
x = 26.000000, y = 205.000000
avance = -371.000000, avanceR = 2.000000, avanceI = 2.000000
inc_x_r = 0.000000, inc_y_r = 1.000000, inc_x_i = 1.000000, inc_y_i = 1.000000
En el else......

----------------------------------------
x = 26.000000, y = 206.000000
avance = -369.000000, avanceR = 2.000000, avanceI = 2.000000
inc_x_r = 0.000000, inc_y_r = 1.000000, inc_x_i = 1.000000, inc_y_i = 1.000000
En el else......

----------------------------------------
x = 26.000000, y = 207.000000
avance = -367.000000, avanceR = 2.000000, avanceI = 2.000000
inc_x_r = 0.000000, inc_y_r = 1.000000, inc_x_i = 1.000000, inc_y_i = 1.000000
En el else......

----------------------------------------
x = 26.000000, y = 208.000000
avance = -365.000000, avanceR = 2.000000, avanceI = 2.000000
inc_x_r = 0.000000, inc_y_r = 1.000000, inc_x_i = 1.000000, inc_y_i = 1.000000
En el else......

----------------------------------------
x = 26.000000, y = 209.000000
avance = -363.000000, avanceR = 2.000000, avanceI = 2.000000
inc_x_r = 0.000000, inc_y_r = 1.000000, inc_x_i = 1.000000, inc_y_i = 1.000000
En el else......

----------------------------------------
x = 26.000000, y = 210.000000
avance = -361.000000, avanceR = 2.000000, avanceI = 2.000000
inc_x_r = 0.000000, inc_y_r = 1.000000, inc_x_i = 1.000000, inc_y_i = 1.000000
En el else......

----------------------------------------
x = 26.000000, y = 211.000000
avance = -359.000000, avanceR = 2.000000, avanceI = 2.000000
inc_x_r = 0.000000, inc_y_r = 1.000000, inc_x_i = 1.000000, inc_y_i = 1.000000
En el else......

----------------------------------------
x = 26.000000, y = 212.000000
avance = -357.000000, avanceR = 2.000000, avanceI = 2.000000
inc_x_r = 0.000000, inc_y_r = 1.000000, inc_x_i = 1.000000, inc_y_i = 1.000000
En el else......

----------------------------------------
x = 26.000000, y = 213.000000
avance = -355.000000, avanceR = 2.000000, avanceI = 2.000000
inc_x_r = 0.000000, inc_y_r = 1.000000, inc_x_i = 1.000000, inc_y_i = 1.000000
En el else......

----------------------------------------
x = 26.000000, y = 214.000000
avance = -353.000000, avanceR = 2.000000, avanceI = 2.000000
inc_x_r = 0.000000, inc_y_r = 1.000000, inc_x_i = 1.000000, inc_y_i = 1.000000
En el else......

----------------------------------------
x = 26.000000, y = 215.000000
avance = -351.000000, avanceR = 2.000000, avanceI = 2.000000
inc_x_r = 0.000000, inc_y_r = 1.000000, inc_x_i = 1.000000, inc_y_i = 1.000000
En el else......

----------------------------------------
x = 26.000000, y = 216.000000
avance = -349.000000, avanceR = 2.000000, avanceI = 2.000000
inc_x_r = 0.000000, inc_y_r = 1.000000, inc_x_i = 1.000000, inc_y_i = 1.000000
En el else......

----------------------------------------
x = 26.000000, y = 217.000000
avance = -347.000000, avanceR = 2.000000, avanceI = 2.000000
inc_x_r = 0.000000, inc_y_r = 1.000000, inc_x_i = 1.000000, inc_y_i = 1.000000
En el else......

----------------------------------------
x = 26.000000, y = 218.000000
avance = -345.000000, avanceR = 2.000000, avanceI = 2.000000
inc_x_r = 0.000000, inc_y_r = 1.000000, inc_x_i = 1.000000, inc_y_i = 1.000000
En el else......

----------------------------------------
x = 26.000000, y = 219.000000
avance = -343.000000, avanceR = 2.000000, avanceI = 2.000000
inc_x_r = 0.000000, inc_y_r = 1.000000, inc_x_i = 1.000000, inc_y_i = 1.000000
En el else......

----------------------------------------
x = 26.000000, y = 220.000000
avance = -341.000000, avanceR = 2.000000, avanceI = 2.000000
inc_x_r = 0.000000, inc_y_r = 1.000000, inc_x_i = 1.000000, inc_y_i = 1.000000
En el else......

----------------------------------------
x = 26.000000, y = 221.000000
avance = -339.000000, avanceR = 2.000000, avanceI = 2.000000
inc_x_r = 0.000000, inc_y_r = 1.000000, inc_x_i = 1.000000, inc_y_i = 1.000000
En el else......

----------------------------------------
x = 26.000000, y = 222.000000
avance = -337.000000, avanceR = 2.000000, avanceI = 2.000000
inc_x_r = 0.000000, inc_y_r = 1.000000, inc_x_i = 1.000000, inc_y_i = 1.000000
En el else......

----------------------------------------
x = 26.000000, y = 223.000000
avance = -335.000000, avanceR = 2.000000, avanceI = 2.000000
inc_x_r = 0.000000, inc_y_r = 1.000000, inc_x_i = 1.000000, inc_y_i = 1.000000
En el else......

----------------------------------------
x = 26.000000, y = 224.000000
avance = -333.000000, avanceR = 2.000000, avanceI = 2.000000
inc_x_r = 0.000000, inc_y_r = 1.000000, inc_x_i = 1.000000, inc_y_i = 1.000000
En el else......

----------------------------------------
x = 26.000000, y = 225.000000
avance = -331.000000, avanceR = 2.000000, avanceI = 2.000000
inc_x_r = 0.000000, inc_y_r = 1.000000, inc_x_i = 1.000000, inc_y_i = 1.000000
En el else......

----------------------------------------
x = 26.000000, y = 226.000000
avance = -329.000000, avanceR = 2.000000, avanceI = 2.000000
inc_x_r = 0.000000, inc_y_r = 1.000000, inc_x_i = 1.000000, inc_y_i = 1.000000
En el else......

----------------------------------------
x = 26.000000, y = 227.000000
avance = -327.000000, avanceR = 2.000000, avanceI = 2.000000
inc_x_r = 0.000000, inc_y_r = 1.000000, inc_x_i = 1.000000, inc_y_i = 1.000000
En el else......

----------------------------------------
x = 26.000000, y = 228.000000
avance = -325.000000, avanceR = 2.000000, avanceI = 2.000000
inc_x_r = 0.000000, inc_y_r = 1.000000, inc_x_i = 1.000000, inc_y_i = 1.000000
En el else......

----------------------------------------
x = 26.000000, y = 229.000000
avance = -323.000000, avanceR = 2.000000, avanceI = 2.000000
inc_x_r = 0.000000, inc_y_r = 1.000000, inc_x_i = 1.000000, inc_y_i = 1.000000
En el else......

----------------------------------------
x = 26.000000, y = 230.000000
avance = -321.000000, avanceR = 2.000000, avanceI = 2.000000
inc_x_r = 0.000000, inc_y_r = 1.000000, inc_x_i = 1.000000, inc_y_i = 1.000000
En el else......

----------------------------------------
x = 26.000000, y = 231.000000
avance = -319.000000, avanceR = 2.000000, avanceI = 2.000000
inc_x_r = 0.000000, inc_y_r = 1.000000, inc_x_i = 1.000000, inc_y_i = 1.000000
En el else......

----------------------------------------
x = 26.000000, y = 232.000000
avance = -317.000000, avanceR = 2.000000, avanceI = 2.000000
inc_x_r = 0.000000, inc_y_r = 1.000000, inc_x_i = 1.000000, inc_y_i = 1.000000
En el else......

----------------------------------------
x = 26.000000, y = 233.000000
avance = -315.000000, avanceR = 2.000000, avanceI = 2.000000
inc_x_r = 0.000000, inc_y_r = 1.000000, inc_x_i = 1.000000, inc_y_i = 1.000000
En el else......

----------------------------------------
x = 26.000000, y = 234.000000
avance = -313.000000, avanceR = 2.000000, avanceI = 2.000000
inc_x_r = 0.000000, inc_y_r = 1.000000, inc_x_i = 1.000000, inc_y_i = 1.000000
En el else......

----------------------------------------
x = 26.000000, y = 235.000000
avance = -311.000000, avanceR = 2.000000, avanceI = 2.000000
inc_x_r = 0.000000, inc_y_r = 1.000000, inc_x_i = 1.000000, inc_y_i = 1.000000
En el else......

----------------------------------------
x = 26.000000, y = 236.000000
avance = -309.000000, avanceR = 2.000000, avanceI = 2.000000
inc_x_r = 0.000000, inc_y_r = 1.000000, inc_x_i = 1.000000, inc_y_i = 1.000000
En el else......

----------------------------------------
x = 26.000000, y = 237.000000
avance = -307.000000, avanceR = 2.000000, avanceI = 2.000000
inc_x_r = 0.000000, inc_y_r = 1.000000, inc_x_i = 1.000000, inc_y_i = 1.000000
En el else......

----------------------------------------
x = 26.000000, y = 238.000000
avance = -305.000000, avanceR = 2.000000, avanceI = 2.000000
inc_x_r = 0.000000, inc_y_r = 1.000000, inc_x_i = 1.000000, inc_y_i = 1.000000
En el else......

----------------------------------------
x = 26.000000, y = 239.000000
avance = -303.000000, avanceR = 2.000000, avanceI = 2.000000
inc_x_r = 0.000000, inc_y_r = 1.000000, inc_x_i = 1.000000, inc_y_i = 1.000000
En el else......

----------------------------------------
x = 26.000000, y = 240.000000
avance = -301.000000, avanceR = 2.000000, avanceI = 2.000000
inc_x_r = 0.000000, inc_y_r = 1.000000, inc_x_i = 1.000000, inc_y_i = 1.000000
En el else......

----------------------------------------
x = 26.000000, y = 241.000000
avance = -299.000000, avanceR = 2.000000, avanceI = 2.000000
inc_x_r = 0.000000, inc_y_r = 1.000000, inc_x_i = 1.000000, inc_y_i = 1.000000
En el else......

----------------------------------------
x = 26.000000, y = 242.000000
avance = -297.000000, avanceR = 2.000000, avanceI = 2.000000
inc_x_r = 0.000000, inc_y_r = 1.000000, inc_x_i = 1.000000, inc_y_i = 1.000000
En el else......

----------------------------------------
x = 26.000000, y = 243.000000
avance = -295.000000, avanceR = 2.000000, avanceI = 2.000000
inc_x_r = 0.000000, inc_y_r = 1.000000, inc_x_i = 1.000000, inc_y_i = 1.000000
En el else......

----------------------------------------
x = 26.000000, y = 244.000000
avance = -293.000000, avanceR = 2.000000, avanceI = 2.000000
inc_x_r = 0.000000, inc_y_r = 1.000000, inc_x_i = 1.000000, inc_y_i = 1.000000
En el else......

----------------------------------------
x = 26.000000, y = 245.000000
avance = -291.000000, avanceR = 2.000000, avanceI = 2.000000
inc_x_r = 0.000000, inc_y_r = 1.000000, inc_x_i = 1.000000, inc_y_i = 1.000000
En el else......

----------------------------------------
x = 26.000000, y = 246.000000
avance = -289.000000, avanceR = 2.000000, avanceI = 2.000000
inc_x_r = 0.000000, inc_y_r = 1.000000, inc_x_i = 1.000000, inc_y_i = 1.000000
En el else......

----------------------------------------
x = 26.000000, y = 247.000000
avance = -287.000000, avanceR = 2.000000, avanceI = 2.000000
inc_x_r = 0.000000, inc_y_r = 1.000000, inc_x_i = 1.000000, inc_y_i = 1.000000
En el else......

----------------------------------------
x = 26.000000, y = 248.000000
avance = -285.000000, avanceR = 2.000000, avanceI = 2.000000
inc_x_r = 0.000000, inc_y_r = 1.000000, inc_x_i = 1.000000, inc_y_i = 1.000000
En el else......

----------------------------------------
x = 26.000000, y = 249.000000
avance = -283.000000, avanceR = 2.000000, avanceI = 2.000000
inc_x_r = 0.000000, inc_y_r = 1.000000, inc_x_i = 1.000000, inc_y_i = 1.000000
En el else......

----------------------------------------
x = 26.000000, y = 250.000000
avance = -281.000000, avanceR = 2.000000, avanceI = 2.000000
inc_x_r = 0.000000, inc_y_r = 1.000000, inc_x_i = 1.000000, inc_y_i = 1.000000
En el else......

----------------------------------------
x = 26.000000, y = 251.000000
avance = -279.000000, avanceR = 2.000000, avanceI = 2.000000
inc_x_r = 0.000000, inc_y_r = 1.000000, inc_x_i = 1.000000, inc_y_i = 1.000000
En el else......

----------------------------------------
x = 26.000000, y = 252.000000
avance = -277.000000, avanceR = 2.000000, avanceI = 2.000000
inc_x_r = 0.000000, inc_y_r = 1.000000, inc_x_i = 1.000000, inc_y_i = 1.000000
En el else......

----------------------------------------
x = 26.000000, y = 253.000000
avance = -275.000000, avanceR = 2.000000, avanceI = 2.000000
inc_x_r = 0.000000, inc_y_r = 1.000000, inc_x_i = 1.000000, inc_y_i = 1.000000
En el else......

----------------------------------------
x = 26.000000, y = 254.000000
avance = -273.000000, avanceR = 2.000000, avanceI = 2.000000
inc_x_r = 0.000000, inc_y_r = 1.000000, inc_x_i = 1.000000, inc_y_i = 1.000000
En el else......

----------------------------------------
x = 26.000000, y = 255.000000
avance = -271.000000, avanceR = 2.000000, avanceI = 2.000000
inc_x_r = 0.000000, inc_y_r = 1.000000, inc_x_i = 1.000000, inc_y_i = 1.000000
En el else......

----------------------------------------
x = 26.000000, y = 256.000000
avance = -269.000000, avanceR = 2.000000, avanceI = 2.000000
inc_x_r = 0.000000, inc_y_r = 1.000000, inc_x_i = 1.000000, inc_y_i = 1.000000
En el else......

----------------------------------------
x = 26.000000, y = 257.000000
avance = -267.000000, avanceR = 2.000000, avanceI = 2.000000
inc_x_r = 0.000000, inc_y_r = 1.000000, inc_x_i = 1.000000, inc_y_i = 1.000000
En el else......

----------------------------------------
x = 26.000000, y = 258.000000
avance = -265.000000, avanceR = 2.000000, avanceI = 2.000000
inc_x_r = 0.000000, inc_y_r = 1.000000, inc_x_i = 1.000000, inc_y_i = 1.000000
En el else......

----------------------------------------
x = 26.000000, y = 259.000000
avance = -263.000000, avanceR = 2.000000, avanceI = 2.000000
inc_x_r = 0.000000, inc_y_r = 1.000000, inc_x_i = 1.000000, inc_y_i = 1.000000
En el else......

----------------------------------------
x = 26.000000, y = 260.000000
avance = -261.000000, avanceR = 2.000000, avanceI = 2.000000
inc_x_r = 0.000000, inc_y_r = 1.000000, inc_x_i = 1.000000, inc_y_i = 1.000000
En el else......

----------------------------------------
x = 26.000000, y = 261.000000
avance = -259.000000, avanceR = 2.000000, avanceI = 2.000000
inc_x_r = 0.000000, inc_y_r = 1.000000, inc_x_i = 1.000000, inc_y_i = 1.000000
En el else......

----------------------------------------
x = 26.000000, y = 262.000000
avance = -257.000000, avanceR = 2.000000, avanceI = 2.000000
inc_x_r = 0.000000, inc_y_r = 1.000000, inc_x_i = 1.000000, inc_y_i = 1.000000
En el else......

----------------------------------------
x = 26.000000, y = 263.000000
avance = -255.000000, avanceR = 2.000000, avanceI = 2.000000
inc_x_r = 0.000000, inc_y_r = 1.000000, inc_x_i = 1.000000, inc_y_i = 1.000000
En el else......

----------------------------------------
x = 26.000000, y = 264.000000
avance = -253.000000, avanceR = 2.000000, avanceI = 2.000000
inc_x_r = 0.000000, inc_y_r = 1.000000, inc_x_i = 1.000000, inc_y_i = 1.000000
En el else......

----------------------------------------
x = 26.000000, y = 265.000000
avance = -251.000000, avanceR = 2.000000, avanceI = 2.000000
inc_x_r = 0.000000, inc_y_r = 1.000000, inc_x_i = 1.000000, inc_y_i = 1.000000
En el else......

----------------------------------------


ENTRAMOS A BRESENHAMªªªª
x1 = 25.000000 - y1 = 15.000000 || x2 = 26.000000 - y2 = 266.000000
dy = 251.000000, dx = 1.000000
avances inclinados: inc_x_i = 1.000000, inc_y_i = 1.000000
updated: dy = 251.000000, dx = 1.000000
avances rectos: inc_x_r = 0.000000, inc_y_r 1.000000
reupdated: dy = 1.000000, dx = 251.000000
avanceR = 2.000000, avance -249.000000, avanceI 2.000000
----------------------------------------
x = 25.000000, y = 15.000000
avance = -249.000000, avanceR = 2.000000, avanceI = 2.000000
inc_x_r = 0.000000, inc_y_r = 1.000000, inc_x_i = 1.000000, inc_y_i = 1.000000
En el else......

----------------------------------------
x = 25.000000, y = 16.000000
avance = -247.000000, avanceR = 2.000000, avanceI = 2.000000
inc_x_r = 0.000000, inc_y_r = 1.000000, inc_x_i = 1.000000, inc_y_i = 1.000000
En el else......

----------------------------------------
x = 25.000000, y = 17.000000
avance = -245.000000, avanceR = 2.000000, avanceI = 2.000000
inc_x_r = 0.000000, inc_y_r = 1.000000, inc_x_i = 1.000000, inc_y_i = 1.000000
En el else......

----------------------------------------
x = 25.000000, y = 18.000000
avance = -243.000000, avanceR = 2.000000, avanceI = 2.000000
inc_x_r = 0.000000, inc_y_r = 1.000000, inc_x_i = 1.000000, inc_y_i = 1.000000
En el else......

----------------------------------------
x = 25.000000, y = 19.000000
avance = -241.000000, avanceR = 2.000000, avanceI = 2.000000
inc_x_r = 0.000000, inc_y_r = 1.000000, inc_x_i = 1.000000, inc_y_i = 1.000000
En el else......

----------------------------------------
x = 25.000000, y = 20.000000
avance = -239.000000, avanceR = 2.000000, avanceI = 2.000000
inc_x_r = 0.000000, inc_y_r = 1.000000, inc_x_i = 1.000000, inc_y_i = 1.000000
En el else......

----------------------------------------
x = 25.000000, y = 21.000000
avance = -237.000000, avanceR = 2.000000, avanceI = 2.000000
inc_x_r = 0.000000, inc_y_r = 1.000000, inc_x_i = 1.000000, inc_y_i = 1.000000
En el else......

----------------------------------------
x = 25.000000, y = 22.000000
avance = -235.000000, avanceR = 2.000000, avanceI = 2.000000
inc_x_r = 0.000000, inc_y_r = 1.000000, inc_x_i = 1.000000, inc_y_i = 1.000000
En el else......

----------------------------------------
x = 25.000000, y = 23.000000
avance = -233.000000, avanceR = 2.000000, avanceI = 2.000000
inc_x_r = 0.000000, inc_y_r = 1.000000, inc_x_i = 1.000000, inc_y_i = 1.000000
En el else......

----------------------------------------
x = 25.000000, y = 24.000000
avance = -231.000000, avanceR = 2.000000, avanceI = 2.000000
inc_x_r = 0.000000, inc_y_r = 1.000000, inc_x_i = 1.000000, inc_y_i = 1.000000
En el else......

----------------------------------------
x = 25.000000, y = 25.000000
avance = -229.000000, avanceR = 2.000000, avanceI = 2.000000
inc_x_r = 0.000000, inc_y_r = 1.000000, inc_x_i = 1.000000, inc_y_i = 1.000000
En el else......

----------------------------------------
x = 25.000000, y = 26.000000
avance = -227.000000, avanceR = 2.000000, avanceI = 2.000000
inc_x_r = 0.000000, inc_y_r = 1.000000, inc_x_i = 1.000000, inc_y_i = 1.000000
En el else......

----------------------------------------
x = 25.000000, y = 27.000000
avance = -225.000000, avanceR = 2.000000, avanceI = 2.000000
inc_x_r = 0.000000, inc_y_r = 1.000000, inc_x_i = 1.000000, inc_y_i = 1.000000
En el else......

----------------------------------------
x = 25.000000, y = 28.000000
avance = -223.000000, avanceR = 2.000000, avanceI = 2.000000
inc_x_r = 0.000000, inc_y_r = 1.000000, inc_x_i = 1.000000, inc_y_i = 1.000000
En el else......

----------------------------------------
x = 25.000000, y = 29.000000
avance = -221.000000, avanceR = 2.000000, avanceI = 2.000000
inc_x_r = 0.000000, inc_y_r = 1.000000, inc_x_i = 1.000000, inc_y_i = 1.000000
En el else......

----------------------------------------
x = 25.000000, y = 30.000000
avance = -219.000000, avanceR = 2.000000, avanceI = 2.000000
inc_x_r = 0.000000, inc_y_r = 1.000000, inc_x_i = 1.000000, inc_y_i = 1.000000
En el else......

----------------------------------------
x = 25.000000, y = 31.000000
avance = -217.000000, avanceR = 2.000000, avanceI = 2.000000
inc_x_r = 0.000000, inc_y_r = 1.000000, inc_x_i = 1.000000, inc_y_i = 1.000000
En el else......

----------------------------------------
x = 25.000000, y = 32.000000
avance = -215.000000, avanceR = 2.000000, avanceI = 2.000000
inc_x_r = 0.000000, inc_y_r = 1.000000, inc_x_i = 1.000000, inc_y_i = 1.000000
En el else......

----------------------------------------
x = 25.000000, y = 33.000000
avance = -213.000000, avanceR = 2.000000, avanceI = 2.000000
inc_x_r = 0.000000, inc_y_r = 1.000000, inc_x_i = 1.000000, inc_y_i = 1.000000
En el else......

----------------------------------------
x = 25.000000, y = 34.000000
avance = -211.000000, avanceR = 2.000000, avanceI = 2.000000
inc_x_r = 0.000000, inc_y_r = 1.000000, inc_x_i = 1.000000, inc_y_i = 1.000000
En el else......

----------------------------------------
x = 25.000000, y = 35.000000
avance = -209.000000, avanceR = 2.000000, avanceI = 2.000000
inc_x_r = 0.000000, inc_y_r = 1.000000, inc_x_i = 1.000000, inc_y_i = 1.000000
En el else......

----------------------------------------
x = 25.000000, y = 36.000000
avance = -207.000000, avanceR = 2.000000, avanceI = 2.000000
inc_x_r = 0.000000, inc_y_r = 1.000000, inc_x_i = 1.000000, inc_y_i = 1.000000
En el else......

----------------------------------------
x = 25.000000, y = 37.000000
avance = -205.000000, avanceR = 2.000000, avanceI = 2.000000
inc_x_r = 0.000000, inc_y_r = 1.000000, inc_x_i = 1.000000, inc_y_i = 1.000000
En el else......

----------------------------------------
x = 25.000000, y = 38.000000
avance = -203.000000, avanceR = 2.000000, avanceI = 2.000000
inc_x_r = 0.000000, inc_y_r = 1.000000, inc_x_i = 1.000000, inc_y_i = 1.000000
En el else......

----------------------------------------
x = 25.000000, y = 39.000000
avance = -201.000000, avanceR = 2.000000, avanceI = 2.000000
inc_x_r = 0.000000, inc_y_r = 1.000000, inc_x_i = 1.000000, inc_y_i = 1.000000
En el else......

----------------------------------------
x = 25.000000, y = 40.000000
avance = -199.000000, avanceR = 2.000000, avanceI = 2.000000
inc_x_r = 0.000000, inc_y_r = 1.000000, inc_x_i = 1.000000, inc_y_i = 1.000000
En el else......

----------------------------------------
x = 25.000000, y = 41.000000
avance = -197.000000, avanceR = 2.000000, avanceI = 2.000000
inc_x_r = 0.000000, inc_y_r = 1.000000, inc_x_i = 1.000000, inc_y_i = 1.000000
En el else......

----------------------------------------
x = 25.000000, y = 42.000000
avance = -195.000000, avanceR = 2.000000, avanceI = 2.000000
inc_x_r = 0.000000, inc_y_r = 1.000000, inc_x_i = 1.000000, inc_y_i = 1.000000
En el else......

----------------------------------------
x = 25.000000, y = 43.000000
avance = -193.000000, avanceR = 2.000000, avanceI = 2.000000
inc_x_r = 0.000000, inc_y_r = 1.000000, inc_x_i = 1.000000, inc_y_i = 1.000000
En el else......

----------------------------------------
x = 25.000000, y = 44.000000
avance = -191.000000, avanceR = 2.000000, avanceI = 2.000000
inc_x_r = 0.000000, inc_y_r = 1.000000, inc_x_i = 1.000000, inc_y_i = 1.000000
En el else......

----------------------------------------
x = 25.000000, y = 45.000000
avance = -189.000000, avanceR = 2.000000, avanceI = 2.000000
inc_x_r = 0.000000, inc_y_r = 1.000000, inc_x_i = 1.000000, inc_y_i = 1.000000
En el else......

----------------------------------------
x = 25.000000, y = 46.000000
avance = -187.000000, avanceR = 2.000000, avanceI = 2.000000
inc_x_r = 0.000000, inc_y_r = 1.000000, inc_x_i = 1.000000, inc_y_i = 1.000000
En el else......

----------------------------------------
x = 25.000000, y = 47.000000
avance = -185.000000, avanceR = 2.000000, avanceI = 2.000000
inc_x_r = 0.000000, inc_y_r = 1.000000, inc_x_i = 1.000000, inc_y_i = 1.000000
En el else......

----------------------------------------
x = 25.000000, y = 48.000000
avance = -183.000000, avanceR = 2.000000, avanceI = 2.000000
inc_x_r = 0.000000, inc_y_r = 1.000000, inc_x_i = 1.000000, inc_y_i = 1.000000
En el else......

----------------------------------------
x = 25.000000, y = 49.000000
avance = -181.000000, avanceR = 2.000000, avanceI = 2.000000
inc_x_r = 0.000000, inc_y_r = 1.000000, inc_x_i = 1.000000, inc_y_i = 1.000000
En el else......

----------------------------------------
x = 25.000000, y = 50.000000
avance = -179.000000, avanceR = 2.000000, avanceI = 2.000000
inc_x_r = 0.000000, inc_y_r = 1.000000, inc_x_i = 1.000000, inc_y_i = 1.000000
En el else......

----------------------------------------
x = 25.000000, y = 51.000000
avance = -177.000000, avanceR = 2.000000, avanceI = 2.000000
inc_x_r = 0.000000, inc_y_r = 1.000000, inc_x_i = 1.000000, inc_y_i = 1.000000
En el else......

----------------------------------------
x = 25.000000, y = 52.000000
avance = -175.000000, avanceR = 2.000000, avanceI = 2.000000
inc_x_r = 0.000000, inc_y_r = 1.000000, inc_x_i = 1.000000, inc_y_i = 1.000000
En el else......

----------------------------------------
x = 25.000000, y = 53.000000
avance = -173.000000, avanceR = 2.000000, avanceI = 2.000000
inc_x_r = 0.000000, inc_y_r = 1.000000, inc_x_i = 1.000000, inc_y_i = 1.000000
En el else......

----------------------------------------
x = 25.000000, y = 54.000000
avance = -171.000000, avanceR = 2.000000, avanceI = 2.000000
inc_x_r = 0.000000, inc_y_r = 1.000000, inc_x_i = 1.000000, inc_y_i = 1.000000
En el else......

----------------------------------------
x = 25.000000, y = 55.000000
avance = -169.000000, avanceR = 2.000000, avanceI = 2.000000
inc_x_r = 0.000000, inc_y_r = 1.000000, inc_x_i = 1.000000, inc_y_i = 1.000000
En el else......

----------------------------------------
x = 25.000000, y = 56.000000
avance = -167.000000, avanceR = 2.000000, avanceI = 2.000000
inc_x_r = 0.000000, inc_y_r = 1.000000, inc_x_i = 1.000000, inc_y_i = 1.000000
En el else......

----------------------------------------
x = 25.000000, y = 57.000000
avance = -165.000000, avanceR = 2.000000, avanceI = 2.000000
inc_x_r = 0.000000, inc_y_r = 1.000000, inc_x_i = 1.000000, inc_y_i = 1.000000
En el else......

----------------------------------------
x = 25.000000, y = 58.000000
avance = -163.000000, avanceR = 2.000000, avanceI = 2.000000
inc_x_r = 0.000000, inc_y_r = 1.000000, inc_x_i = 1.000000, inc_y_i = 1.000000
En el else......

----------------------------------------
x = 25.000000, y = 59.000000
avance = -161.000000, avanceR = 2.000000, avanceI = 2.000000
inc_x_r = 0.000000, inc_y_r = 1.000000, inc_x_i = 1.000000, inc_y_i = 1.000000
En el else......

----------------------------------------
x = 25.000000, y = 60.000000
avance = -159.000000, avanceR = 2.000000, avanceI = 2.000000
inc_x_r = 0.000000, inc_y_r = 1.000000, inc_x_i = 1.000000, inc_y_i = 1.000000
En el else......

----------------------------------------
x = 25.000000, y = 61.000000
avance = -157.000000, avanceR = 2.000000, avanceI = 2.000000
inc_x_r = 0.000000, inc_y_r = 1.000000, inc_x_i = 1.000000, inc_y_i = 1.000000
En el else......

----------------------------------------
x = 25.000000, y = 62.000000
avance = -155.000000, avanceR = 2.000000, avanceI = 2.000000
inc_x_r = 0.000000, inc_y_r = 1.000000, inc_x_i = 1.000000, inc_y_i = 1.000000
En el else......

----------------------------------------
x = 25.000000, y = 63.000000
avance = -153.000000, avanceR = 2.000000, avanceI = 2.000000
inc_x_r = 0.000000, inc_y_r = 1.000000, inc_x_i = 1.000000, inc_y_i = 1.000000
En el else......

----------------------------------------
x = 25.000000, y = 64.000000
avance = -151.000000, avanceR = 2.000000, avanceI = 2.000000
inc_x_r = 0.000000, inc_y_r = 1.000000, inc_x_i = 1.000000, inc_y_i = 1.000000
En el else......

----------------------------------------
x = 25.000000, y = 65.000000
avance = -149.000000, avanceR = 2.000000, avanceI = 2.000000
inc_x_r = 0.000000, inc_y_r = 1.000000, inc_x_i = 1.000000, inc_y_i = 1.000000
En el else......

----------------------------------------
x = 25.000000, y = 66.000000
avance = -147.000000, avanceR = 2.000000, avanceI = 2.000000
inc_x_r = 0.000000, inc_y_r = 1.000000, inc_x_i = 1.000000, inc_y_i = 1.000000
En el else......

----------------------------------------
x = 25.000000, y = 67.000000
avance = -145.000000, avanceR = 2.000000, avanceI = 2.000000
inc_x_r = 0.000000, inc_y_r = 1.000000, inc_x_i = 1.000000, inc_y_i = 1.000000
En el else......

----------------------------------------
x = 25.000000, y = 68.000000
avance = -143.000000, avanceR = 2.000000, avanceI = 2.000000
inc_x_r = 0.000000, inc_y_r = 1.000000, inc_x_i = 1.000000, inc_y_i = 1.000000
En el else......

----------------------------------------
x = 25.000000, y = 69.000000
avance = -141.000000, avanceR = 2.000000, avanceI = 2.000000
inc_x_r = 0.000000, inc_y_r = 1.000000, inc_x_i = 1.000000, inc_y_i = 1.000000
En el else......

----------------------------------------
x = 25.000000, y = 70.000000
avance = -139.000000, avanceR = 2.000000, avanceI = 2.000000
inc_x_r = 0.000000, inc_y_r = 1.000000, inc_x_i = 1.000000, inc_y_i = 1.000000
En el else......

----------------------------------------
x = 25.000000, y = 71.000000
avance = -137.000000, avanceR = 2.000000, avanceI = 2.000000
inc_x_r = 0.000000, inc_y_r = 1.000000, inc_x_i = 1.000000, inc_y_i = 1.000000
En el else......

----------------------------------------
x = 25.000000, y = 72.000000
avance = -135.000000, avanceR = 2.000000, avanceI = 2.000000
inc_x_r = 0.000000, inc_y_r = 1.000000, inc_x_i = 1.000000, inc_y_i = 1.000000
En el else......

----------------------------------------
x = 25.000000, y = 73.000000
avance = -133.000000, avanceR = 2.000000, avanceI = 2.000000
inc_x_r = 0.000000, inc_y_r = 1.000000, inc_x_i = 1.000000, inc_y_i = 1.000000
En el else......

----------------------------------------
x = 25.000000, y = 74.000000
avance = -131.000000, avanceR = 2.000000, avanceI = 2.000000
inc_x_r = 0.000000, inc_y_r = 1.000000, inc_x_i = 1.000000, inc_y_i = 1.000000
En el else......

----------------------------------------
x = 25.000000, y = 75.000000
avance = -129.000000, avanceR = 2.000000, avanceI = 2.000000
inc_x_r = 0.000000, inc_y_r = 1.000000, inc_x_i = 1.000000, inc_y_i = 1.000000
En el else......

----------------------------------------
x = 25.000000, y = 76.000000
avance = -127.000000, avanceR = 2.000000, avanceI = 2.000000
inc_x_r = 0.000000, inc_y_r = 1.000000, inc_x_i = 1.000000, inc_y_i = 1.000000
En el else......

----------------------------------------
x = 25.000000, y = 77.000000
avance = -125.000000, avanceR = 2.000000, avanceI = 2.000000
inc_x_r = 0.000000, inc_y_r = 1.000000, inc_x_i = 1.000000, inc_y_i = 1.000000
En el else......

----------------------------------------
x = 25.000000, y = 78.000000
avance = -123.000000, avanceR = 2.000000, avanceI = 2.000000
inc_x_r = 0.000000, inc_y_r = 1.000000, inc_x_i = 1.000000, inc_y_i = 1.000000
En el else......

----------------------------------------
x = 25.000000, y = 79.000000
avance = -121.000000, avanceR = 2.000000, avanceI = 2.000000
inc_x_r = 0.000000, inc_y_r = 1.000000, inc_x_i = 1.000000, inc_y_i = 1.000000
En el else......

----------------------------------------
x = 25.000000, y = 80.000000
avance = -119.000000, avanceR = 2.000000, avanceI = 2.000000
inc_x_r = 0.000000, inc_y_r = 1.000000, inc_x_i = 1.000000, inc_y_i = 1.000000
En el else......

----------------------------------------
x = 25.000000, y = 81.000000
avance = -117.000000, avanceR = 2.000000, avanceI = 2.000000
inc_x_r = 0.000000, inc_y_r = 1.000000, inc_x_i = 1.000000, inc_y_i = 1.000000
En el else......

----------------------------------------
x = 25.000000, y = 82.000000
avance = -115.000000, avanceR = 2.000000, avanceI = 2.000000
inc_x_r = 0.000000, inc_y_r = 1.000000, inc_x_i = 1.000000, inc_y_i = 1.000000
En el else......

----------------------------------------
x = 25.000000, y = 83.000000
avance = -113.000000, avanceR = 2.000000, avanceI = 2.000000
inc_x_r = 0.000000, inc_y_r = 1.000000, inc_x_i = 1.000000, inc_y_i = 1.000000
En el else......

----------------------------------------
x = 25.000000, y = 84.000000
avance = -111.000000, avanceR = 2.000000, avanceI = 2.000000
inc_x_r = 0.000000, inc_y_r = 1.000000, inc_x_i = 1.000000, inc_y_i = 1.000000
En el else......

----------------------------------------
x = 25.000000, y = 85.000000
avance = -109.000000, avanceR = 2.000000, avanceI = 2.000000
inc_x_r = 0.000000, inc_y_r = 1.000000, inc_x_i = 1.000000, inc_y_i = 1.000000
En el else......

----------------------------------------
x = 25.000000, y = 86.000000
avance = -107.000000, avanceR = 2.000000, avanceI = 2.000000
inc_x_r = 0.000000, inc_y_r = 1.000000, inc_x_i = 1.000000, inc_y_i = 1.000000
En el else......

----------------------------------------
x = 25.000000, y = 87.000000
avance = -105.000000, avanceR = 2.000000, avanceI = 2.000000
inc_x_r = 0.000000, inc_y_r = 1.000000, inc_x_i = 1.000000, inc_y_i = 1.000000
En el else......

----------------------------------------
x = 25.000000, y = 88.000000
avance = -103.000000, avanceR = 2.000000, avanceI = 2.000000
inc_x_r = 0.000000, inc_y_r = 1.000000, inc_x_i = 1.000000, inc_y_i = 1.000000
En el else......

----------------------------------------
x = 25.000000, y = 89.000000
avance = -101.000000, avanceR = 2.000000, avanceI = 2.000000
inc_x_r = 0.000000, inc_y_r = 1.000000, inc_x_i = 1.000000, inc_y_i = 1.000000
En el else......

----------------------------------------
x = 25.000000, y = 90.000000
avance = -99.000000, avanceR = 2.000000, avanceI = 2.000000
inc_x_r = 0.000000, inc_y_r = 1.000000, inc_x_i = 1.000000, inc_y_i = 1.000000
En el else......

----------------------------------------
x = 25.000000, y = 91.000000
avance = -97.000000, avanceR = 2.000000, avanceI = 2.000000
inc_x_r = 0.000000, inc_y_r = 1.000000, inc_x_i = 1.000000, inc_y_i = 1.000000
En el else......

----------------------------------------
x = 25.000000, y = 92.000000
avance = -95.000000, avanceR = 2.000000, avanceI = 2.000000
inc_x_r = 0.000000, inc_y_r = 1.000000, inc_x_i = 1.000000, inc_y_i = 1.000000
En el else......

----------------------------------------
x = 25.000000, y = 93.000000
avance = -93.000000, avanceR = 2.000000, avanceI = 2.000000
inc_x_r = 0.000000, inc_y_r = 1.000000, inc_x_i = 1.000000, inc_y_i = 1.000000
En el else......

----------------------------------------
x = 25.000000, y = 94.000000
avance = -91.000000, avanceR = 2.000000, avanceI = 2.000000
inc_x_r = 0.000000, inc_y_r = 1.000000, inc_x_i = 1.000000, inc_y_i = 1.000000
En el else......

----------------------------------------
x = 25.000000, y = 95.000000
avance = -89.000000, avanceR = 2.000000, avanceI = 2.000000
inc_x_r = 0.000000, inc_y_r = 1.000000, inc_x_i = 1.000000, inc_y_i = 1.000000
En el else......

----------------------------------------
x = 25.000000, y = 96.000000
avance = -87.000000, avanceR = 2.000000, avanceI = 2.000000
inc_x_r = 0.000000, inc_y_r = 1.000000, inc_x_i = 1.000000, inc_y_i = 1.000000
En el else......

----------------------------------------
x = 25.000000, y = 97.000000
avance = -85.000000, avanceR = 2.000000, avanceI = 2.000000
inc_x_r = 0.000000, inc_y_r = 1.000000, inc_x_i = 1.000000, inc_y_i = 1.000000
En el else......

----------------------------------------
x = 25.000000, y = 98.000000
avance = -83.000000, avanceR = 2.000000, avanceI = 2.000000
inc_x_r = 0.000000, inc_y_r = 1.000000, inc_x_i = 1.000000, inc_y_i = 1.000000
En el else......

----------------------------------------
x = 25.000000, y = 99.000000
avance = -81.000000, avanceR = 2.000000, avanceI = 2.000000
inc_x_r = 0.000000, inc_y_r = 1.000000, inc_x_i = 1.000000, inc_y_i = 1.000000
En el else......

----------------------------------------
x = 25.000000, y = 100.000000
avance = -79.000000, avanceR = 2.000000, avanceI = 2.000000
inc_x_r = 0.000000, inc_y_r = 1.000000, inc_x_i = 1.000000, inc_y_i = 1.000000
En el else......

----------------------------------------
x = 25.000000, y = 101.000000
avance = -77.000000, avanceR = 2.000000, avanceI = 2.000000
inc_x_r = 0.000000, inc_y_r = 1.000000, inc_x_i = 1.000000, inc_y_i = 1.000000
En el else......

----------------------------------------
x = 25.000000, y = 102.000000
avance = -75.000000, avanceR = 2.000000, avanceI = 2.000000
inc_x_r = 0.000000, inc_y_r = 1.000000, inc_x_i = 1.000000, inc_y_i = 1.000000
En el else......

----------------------------------------
x = 25.000000, y = 103.000000
avance = -73.000000, avanceR = 2.000000, avanceI = 2.000000
inc_x_r = 0.000000, inc_y_r = 1.000000, inc_x_i = 1.000000, inc_y_i = 1.000000
En el else......

----------------------------------------
x = 25.000000, y = 104.000000
avance = -71.000000, avanceR = 2.000000, avanceI = 2.000000
inc_x_r = 0.000000, inc_y_r = 1.000000, inc_x_i = 1.000000, inc_y_i = 1.000000
En el else......

----------------------------------------
x = 25.000000, y = 105.000000
avance = -69.000000, avanceR = 2.000000, avanceI = 2.000000
inc_x_r = 0.000000, inc_y_r = 1.000000, inc_x_i = 1.000000, inc_y_i = 1.000000
En el else......

----------------------------------------
x = 25.000000, y = 106.000000
avance = -67.000000, avanceR = 2.000000, avanceI = 2.000000
inc_x_r = 0.000000, inc_y_r = 1.000000, inc_x_i = 1.000000, inc_y_i = 1.000000
En el else......

----------------------------------------
x = 25.000000, y = 107.000000
avance = -65.000000, avanceR = 2.000000, avanceI = 2.000000
inc_x_r = 0.000000, inc_y_r = 1.000000, inc_x_i = 1.000000, inc_y_i = 1.000000
En el else......

----------------------------------------
x = 25.000000, y = 108.000000
avance = -63.000000, avanceR = 2.000000, avanceI = 2.000000
inc_x_r = 0.000000, inc_y_r = 1.000000, inc_x_i = 1.000000, inc_y_i = 1.000000
En el else......

----------------------------------------
x = 25.000000, y = 109.000000
avance = -61.000000, avanceR = 2.000000, avanceI = 2.000000
inc_x_r = 0.000000, inc_y_r = 1.000000, inc_x_i = 1.000000, inc_y_i = 1.000000
En el else......

----------------------------------------
x = 25.000000, y = 110.000000
avance = -59.000000, avanceR = 2.000000, avanceI = 2.000000
inc_x_r = 0.000000, inc_y_r = 1.000000, inc_x_i = 1.000000, inc_y_i = 1.000000
En el else......

----------------------------------------
x = 25.000000, y = 111.000000
avance = -57.000000, avanceR = 2.000000, avanceI = 2.000000
inc_x_r = 0.000000, inc_y_r = 1.000000, inc_x_i = 1.000000, inc_y_i = 1.000000
En el else......

----------------------------------------
x = 25.000000, y = 112.000000
avance = -55.000000, avanceR = 2.000000, avanceI = 2.000000
inc_x_r = 0.000000, inc_y_r = 1.000000, inc_x_i = 1.000000, inc_y_i = 1.000000
En el else......

----------------------------------------
x = 25.000000, y = 113.000000
avance = -53.000000, avanceR = 2.000000, avanceI = 2.000000
inc_x_r = 0.000000, inc_y_r = 1.000000, inc_x_i = 1.000000, inc_y_i = 1.000000
En el else......

----------------------------------------
x = 25.000000, y = 114.000000
avance = -51.000000, avanceR = 2.000000, avanceI = 2.000000
inc_x_r = 0.000000, inc_y_r = 1.000000, inc_x_i = 1.000000, inc_y_i = 1.000000
En el else......

----------------------------------------
x = 25.000000, y = 115.000000
avance = -49.000000, avanceR = 2.000000, avanceI = 2.000000
inc_x_r = 0.000000, inc_y_r = 1.000000, inc_x_i = 1.000000, inc_y_i = 1.000000
En el else......

----------------------------------------
x = 25.000000, y = 116.000000
avance = -47.000000, avanceR = 2.000000, avanceI = 2.000000
inc_x_r = 0.000000, inc_y_r = 1.000000, inc_x_i = 1.000000, inc_y_i = 1.000000
En el else......

----------------------------------------
x = 25.000000, y = 117.000000
avance = -45.000000, avanceR = 2.000000, avanceI = 2.000000
inc_x_r = 0.000000, inc_y_r = 1.000000, inc_x_i = 1.000000, inc_y_i = 1.000000
En el else......

----------------------------------------
x = 25.000000, y = 118.000000
avance = -43.000000, avanceR = 2.000000, avanceI = 2.000000
inc_x_r = 0.000000, inc_y_r = 1.000000, inc_x_i = 1.000000, inc_y_i = 1.000000
En el else......

----------------------------------------
x = 25.000000, y = 119.000000
avance = -41.000000, avanceR = 2.000000, avanceI = 2.000000
inc_x_r = 0.000000, inc_y_r = 1.000000, inc_x_i = 1.000000, inc_y_i = 1.000000
En el else......

----------------------------------------
x = 25.000000, y = 120.000000
avance = -39.000000, avanceR = 2.000000, avanceI = 2.000000
inc_x_r = 0.000000, inc_y_r = 1.000000, inc_x_i = 1.000000, inc_y_i = 1.000000
En el else......

----------------------------------------
x = 25.000000, y = 121.000000
avance = -37.000000, avanceR = 2.000000, avanceI = 2.000000
inc_x_r = 0.000000, inc_y_r = 1.000000, inc_x_i = 1.000000, inc_y_i = 1.000000
En el else......

----------------------------------------
x = 25.000000, y = 122.000000
avance = -35.000000, avanceR = 2.000000, avanceI = 2.000000
inc_x_r = 0.000000, inc_y_r = 1.000000, inc_x_i = 1.000000, inc_y_i = 1.000000
En el else......

----------------------------------------
x = 25.000000, y = 123.000000
avance = -33.000000, avanceR = 2.000000, avanceI = 2.000000
inc_x_r = 0.000000, inc_y_r = 1.000000, inc_x_i = 1.000000, inc_y_i = 1.000000
En el else......

----------------------------------------
x = 25.000000, y = 124.000000
avance = -31.000000, avanceR = 2.000000, avanceI = 2.000000
inc_x_r = 0.000000, inc_y_r = 1.000000, inc_x_i = 1.000000, inc_y_i = 1.000000
En el else......

----------------------------------------
x = 25.000000, y = 125.000000
avance = -29.000000, avanceR = 2.000000, avanceI = 2.000000
inc_x_r = 0.000000, inc_y_r = 1.000000, inc_x_i = 1.000000, inc_y_i = 1.000000
En el else......

----------------------------------------
x = 25.000000, y = 126.000000
avance = -27.000000, avanceR = 2.000000, avanceI = 2.000000
inc_x_r = 0.000000, inc_y_r = 1.000000, inc_x_i = 1.000000, inc_y_i = 1.000000
En el else......

----------------------------------------
x = 25.000000, y = 127.000000
avance = -25.000000, avanceR = 2.000000, avanceI = 2.000000
inc_x_r = 0.000000, inc_y_r = 1.000000, inc_x_i = 1.000000, inc_y_i = 1.000000
En el else......

----------------------------------------
x = 25.000000, y = 128.000000
avance = -23.000000, avanceR = 2.000000, avanceI = 2.000000
inc_x_r = 0.000000, inc_y_r = 1.000000, inc_x_i = 1.000000, inc_y_i = 1.000000
En el else......

----------------------------------------
x = 25.000000, y = 129.000000
avance = -21.000000, avanceR = 2.000000, avanceI = 2.000000
inc_x_r = 0.000000, inc_y_r = 1.000000, inc_x_i = 1.000000, inc_y_i = 1.000000
En el else......

----------------------------------------
x = 25.000000, y = 130.000000
avance = -19.000000, avanceR = 2.000000, avanceI = 2.000000
inc_x_r = 0.000000, inc_y_r = 1.000000, inc_x_i = 1.000000, inc_y_i = 1.000000
En el else......

----------------------------------------
x = 25.000000, y = 131.000000
avance = -17.000000, avanceR = 2.000000, avanceI = 2.000000
inc_x_r = 0.000000, inc_y_r = 1.000000, inc_x_i = 1.000000, inc_y_i = 1.000000
En el else......

----------------------------------------
x = 25.000000, y = 132.000000
avance = -15.000000, avanceR = 2.000000, avanceI = 2.000000
inc_x_r = 0.000000, inc_y_r = 1.000000, inc_x_i = 1.000000, inc_y_i = 1.000000
En el else......

----------------------------------------
x = 25.000000, y = 133.000000
avance = -13.000000, avanceR = 2.000000, avanceI = 2.000000
inc_x_r = 0.000000, inc_y_r = 1.000000, inc_x_i = 1.000000, inc_y_i = 1.000000
En el else......

----------------------------------------
x = 25.000000, y = 134.000000
avance = -11.000000, avanceR = 2.000000, avanceI = 2.000000
inc_x_r = 0.000000, inc_y_r = 1.000000, inc_x_i = 1.000000, inc_y_i = 1.000000
En el else......

----------------------------------------
x = 25.000000, y = 135.000000
avance = -9.000000, avanceR = 2.000000, avanceI = 2.000000
inc_x_r = 0.000000, inc_y_r = 1.000000, inc_x_i = 1.000000, inc_y_i = 1.000000
En el else......

----------------------------------------
x = 25.000000, y = 136.000000
avance = -7.000000, avanceR = 2.000000, avanceI = 2.000000
inc_x_r = 0.000000, inc_y_r = 1.000000, inc_x_i = 1.000000, inc_y_i = 1.000000
En el else......

----------------------------------------
x = 25.000000, y = 137.000000
avance = -5.000000, avanceR = 2.000000, avanceI = 2.000000
inc_x_r = 0.000000, inc_y_r = 1.000000, inc_x_i = 1.000000, inc_y_i = 1.000000
En el else......

----------------------------------------
x = 25.000000, y = 138.000000
avance = -3.000000, avanceR = 2.000000, avanceI = 2.000000
inc_x_r = 0.000000, inc_y_r = 1.000000, inc_x_i = 1.000000, inc_y_i = 1.000000
En el else......

----------------------------------------
x = 25.000000, y = 139.000000
avance = -1.000000, avanceR = 2.000000, avanceI = 2.000000
inc_x_r = 0.000000, inc_y_r = 1.000000, inc_x_i = 1.000000, inc_y_i = 1.000000
En el else......

----------------------------------------
x = 25.000000, y = 140.000000
avance = 1.000000, avanceR = 2.000000, avanceI = 2.000000
inc_x_r = 0.000000, inc_y_r = 1.000000, inc_x_i = 1.000000, inc_y_i = 1.000000
avance >= 0

----------------------------------------
x = 26.000000, y = 141.000000
avance = -499.000000, avanceR = 2.000000, avanceI = 2.000000
inc_x_r = 0.000000, inc_y_r = 1.000000, inc_x_i = 1.000000, inc_y_i = 1.000000
En el else......

----------------------------------------
x = 26.000000, y = 142.000000
avance = -497.000000, avanceR = 2.000000, avanceI = 2.000000
inc_x_r = 0.000000, inc_y_r = 1.000000, inc_x_i = 1.000000, inc_y_i = 1.000000
En el else......

----------------------------------------
x = 26.000000, y = 143.000000
avance = -495.000000, avanceR = 2.000000, avanceI = 2.000000
inc_x_r = 0.000000, inc_y_r = 1.000000, inc_x_i = 1.000000, inc_y_i = 1.000000
En el else......

----------------------------------------
x = 26.000000, y = 144.000000
avance = -493.000000, avanceR = 2.000000, avanceI = 2.000000
inc_x_r = 0.000000, inc_y_r = 1.000000, inc_x_i = 1.000000, inc_y_i = 1.000000
En el else......

----------------------------------------
x = 26.000000, y = 145.000000
avance = -491.000000, avanceR = 2.000000, avanceI = 2.000000
inc_x_r = 0.000000, inc_y_r = 1.000000, inc_x_i = 1.000000, inc_y_i = 1.000000
En el else......

----------------------------------------
x = 26.000000, y = 146.000000
avance = -489.000000, avanceR = 2.000000, avanceI = 2.000000
inc_x_r = 0.000000, inc_y_r = 1.000000, inc_x_i = 1.000000, inc_y_i = 1.000000
En el else......

----------------------------------------
x = 26.000000, y = 147.000000
avance = -487.000000, avanceR = 2.000000, avanceI = 2.000000
inc_x_r = 0.000000, inc_y_r = 1.000000, inc_x_i = 1.000000, inc_y_i = 1.000000
En el else......

----------------------------------------
x = 26.000000, y = 148.000000
avance = -485.000000, avanceR = 2.000000, avanceI = 2.000000
inc_x_r = 0.000000, inc_y_r = 1.000000, inc_x_i = 1.000000, inc_y_i = 1.000000
En el else......

----------------------------------------
x = 26.000000, y = 149.000000
avance = -483.000000, avanceR = 2.000000, avanceI = 2.000000
inc_x_r = 0.000000, inc_y_r = 1.000000, inc_x_i = 1.000000, inc_y_i = 1.000000
En el else......

----------------------------------------
x = 26.000000, y = 150.000000
avance = -481.000000, avanceR = 2.000000, avanceI = 2.000000
inc_x_r = 0.000000, inc_y_r = 1.000000, inc_x_i = 1.000000, inc_y_i = 1.000000
En el else......

----------------------------------------
x = 26.000000, y = 151.000000
avance = -479.000000, avanceR = 2.000000, avanceI = 2.000000
inc_x_r = 0.000000, inc_y_r = 1.000000, inc_x_i = 1.000000, inc_y_i = 1.000000
En el else......

----------------------------------------
x = 26.000000, y = 152.000000
avance = -477.000000, avanceR = 2.000000, avanceI = 2.000000
inc_x_r = 0.000000, inc_y_r = 1.000000, inc_x_i = 1.000000, inc_y_i = 1.000000
En el else......

----------------------------------------
x = 26.000000, y = 153.000000
avance = -475.000000, avanceR = 2.000000, avanceI = 2.000000
inc_x_r = 0.000000, inc_y_r = 1.000000, inc_x_i = 1.000000, inc_y_i = 1.000000
En el else......

----------------------------------------
x = 26.000000, y = 154.000000
avance = -473.000000, avanceR = 2.000000, avanceI = 2.000000
inc_x_r = 0.000000, inc_y_r = 1.000000, inc_x_i = 1.000000, inc_y_i = 1.000000
En el else......

----------------------------------------
x = 26.000000, y = 155.000000
avance = -471.000000, avanceR = 2.000000, avanceI = 2.000000
inc_x_r = 0.000000, inc_y_r = 1.000000, inc_x_i = 1.000000, inc_y_i = 1.000000
En el else......

----------------------------------------
x = 26.000000, y = 156.000000
avance = -469.000000, avanceR = 2.000000, avanceI = 2.000000
inc_x_r = 0.000000, inc_y_r = 1.000000, inc_x_i = 1.000000, inc_y_i = 1.000000
En el else......

----------------------------------------
x = 26.000000, y = 157.000000
avance = -467.000000, avanceR = 2.000000, avanceI = 2.000000
inc_x_r = 0.000000, inc_y_r = 1.000000, inc_x_i = 1.000000, inc_y_i = 1.000000
En el else......

----------------------------------------
x = 26.000000, y = 158.000000
avance = -465.000000, avanceR = 2.000000, avanceI = 2.000000
inc_x_r = 0.000000, inc_y_r = 1.000000, inc_x_i = 1.000000, inc_y_i = 1.000000
En el else......

----------------------------------------
x = 26.000000, y = 159.000000
avance = -463.000000, avanceR = 2.000000, avanceI = 2.000000
inc_x_r = 0.000000, inc_y_r = 1.000000, inc_x_i = 1.000000, inc_y_i = 1.000000
En el else......

----------------------------------------
x = 26.000000, y = 160.000000
avance = -461.000000, avanceR = 2.000000, avanceI = 2.000000
inc_x_r = 0.000000, inc_y_r = 1.000000, inc_x_i = 1.000000, inc_y_i = 1.000000
En el else......

----------------------------------------
x = 26.000000, y = 161.000000
avance = -459.000000, avanceR = 2.000000, avanceI = 2.000000
inc_x_r = 0.000000, inc_y_r = 1.000000, inc_x_i = 1.000000, inc_y_i = 1.000000
En el else......

----------------------------------------
x = 26.000000, y = 162.000000
avance = -457.000000, avanceR = 2.000000, avanceI = 2.000000
inc_x_r = 0.000000, inc_y_r = 1.000000, inc_x_i = 1.000000, inc_y_i = 1.000000
En el else......

----------------------------------------
x = 26.000000, y = 163.000000
avance = -455.000000, avanceR = 2.000000, avanceI = 2.000000
inc_x_r = 0.000000, inc_y_r = 1.000000, inc_x_i = 1.000000, inc_y_i = 1.000000
En el else......

----------------------------------------
x = 26.000000, y = 164.000000
avance = -453.000000, avanceR = 2.000000, avanceI = 2.000000
inc_x_r = 0.000000, inc_y_r = 1.000000, inc_x_i = 1.000000, inc_y_i = 1.000000
En el else......

----------------------------------------
x = 26.000000, y = 165.000000
avance = -451.000000, avanceR = 2.000000, avanceI = 2.000000
inc_x_r = 0.000000, inc_y_r = 1.000000, inc_x_i = 1.000000, inc_y_i = 1.000000
En el else......

----------------------------------------
x = 26.000000, y = 166.000000
avance = -449.000000, avanceR = 2.000000, avanceI = 2.000000
inc_x_r = 0.000000, inc_y_r = 1.000000, inc_x_i = 1.000000, inc_y_i = 1.000000
En el else......

----------------------------------------
x = 26.000000, y = 167.000000
avance = -447.000000, avanceR = 2.000000, avanceI = 2.000000
inc_x_r = 0.000000, inc_y_r = 1.000000, inc_x_i = 1.000000, inc_y_i = 1.000000
En el else......

----------------------------------------
x = 26.000000, y = 168.000000
avance = -445.000000, avanceR = 2.000000, avanceI = 2.000000
inc_x_r = 0.000000, inc_y_r = 1.000000, inc_x_i = 1.000000, inc_y_i = 1.000000
En el else......

----------------------------------------
x = 26.000000, y = 169.000000
avance = -443.000000, avanceR = 2.000000, avanceI = 2.000000
inc_x_r = 0.000000, inc_y_r = 1.000000, inc_x_i = 1.000000, inc_y_i = 1.000000
En el else......

----------------------------------------
x = 26.000000, y = 170.000000
avance = -441.000000, avanceR = 2.000000, avanceI = 2.000000
inc_x_r = 0.000000, inc_y_r = 1.000000, inc_x_i = 1.000000, inc_y_i = 1.000000
En el else......

----------------------------------------
x = 26.000000, y = 171.000000
avance = -439.000000, avanceR = 2.000000, avanceI = 2.000000
inc_x_r = 0.000000, inc_y_r = 1.000000, inc_x_i = 1.000000, inc_y_i = 1.000000
En el else......

----------------------------------------
x = 26.000000, y = 172.000000
avance = -437.000000, avanceR = 2.000000, avanceI = 2.000000
inc_x_r = 0.000000, inc_y_r = 1.000000, inc_x_i = 1.000000, inc_y_i = 1.000000
En el else......

----------------------------------------
x = 26.000000, y = 173.000000
avance = -435.000000, avanceR = 2.000000, avanceI = 2.000000
inc_x_r = 0.000000, inc_y_r = 1.000000, inc_x_i = 1.000000, inc_y_i = 1.000000
En el else......

----------------------------------------
x = 26.000000, y = 174.000000
avance = -433.000000, avanceR = 2.000000, avanceI = 2.000000
inc_x_r = 0.000000, inc_y_r = 1.000000, inc_x_i = 1.000000, inc_y_i = 1.000000
En el else......

----------------------------------------
x = 26.000000, y = 175.000000
avance = -431.000000, avanceR = 2.000000, avanceI = 2.000000
inc_x_r = 0.000000, inc_y_r = 1.000000, inc_x_i = 1.000000, inc_y_i = 1.000000
En el else......

----------------------------------------
x = 26.000000, y = 176.000000
avance = -429.000000, avanceR = 2.000000, avanceI = 2.000000
inc_x_r = 0.000000, inc_y_r = 1.000000, inc_x_i = 1.000000, inc_y_i = 1.000000
En el else......

----------------------------------------
x = 26.000000, y = 177.000000
avance = -427.000000, avanceR = 2.000000, avanceI = 2.000000
inc_x_r = 0.000000, inc_y_r = 1.000000, inc_x_i = 1.000000, inc_y_i = 1.000000
En el else......

----------------------------------------
x = 26.000000, y = 178.000000
avance = -425.000000, avanceR = 2.000000, avanceI = 2.000000
inc_x_r = 0.000000, inc_y_r = 1.000000, inc_x_i = 1.000000, inc_y_i = 1.000000
En el else......

----------------------------------------
x = 26.000000, y = 179.000000
avance = -423.000000, avanceR = 2.000000, avanceI = 2.000000
inc_x_r = 0.000000, inc_y_r = 1.000000, inc_x_i = 1.000000, inc_y_i = 1.000000
En el else......

----------------------------------------
x = 26.000000, y = 180.000000
avance = -421.000000, avanceR = 2.000000, avanceI = 2.000000
inc_x_r = 0.000000, inc_y_r = 1.000000, inc_x_i = 1.000000, inc_y_i = 1.000000
En el else......

----------------------------------------
x = 26.000000, y = 181.000000
avance = -419.000000, avanceR = 2.000000, avanceI = 2.000000
inc_x_r = 0.000000, inc_y_r = 1.000000, inc_x_i = 1.000000, inc_y_i = 1.000000
En el else......

----------------------------------------
x = 26.000000, y = 182.000000
avance = -417.000000, avanceR = 2.000000, avanceI = 2.000000
inc_x_r = 0.000000, inc_y_r = 1.000000, inc_x_i = 1.000000, inc_y_i = 1.000000
En el else......

----------------------------------------
x = 26.000000, y = 183.000000
avance = -415.000000, avanceR = 2.000000, avanceI = 2.000000
inc_x_r = 0.000000, inc_y_r = 1.000000, inc_x_i = 1.000000, inc_y_i = 1.000000
En el else......

----------------------------------------
x = 26.000000, y = 184.000000
avance = -413.000000, avanceR = 2.000000, avanceI = 2.000000
inc_x_r = 0.000000, inc_y_r = 1.000000, inc_x_i = 1.000000, inc_y_i = 1.000000
En el else......

----------------------------------------
x = 26.000000, y = 185.000000
avance = -411.000000, avanceR = 2.000000, avanceI = 2.000000
inc_x_r = 0.000000, inc_y_r = 1.000000, inc_x_i = 1.000000, inc_y_i = 1.000000
En el else......

----------------------------------------
x = 26.000000, y = 186.000000
avance = -409.000000, avanceR = 2.000000, avanceI = 2.000000
inc_x_r = 0.000000, inc_y_r = 1.000000, inc_x_i = 1.000000, inc_y_i = 1.000000
En el else......

----------------------------------------
x = 26.000000, y = 187.000000
avance = -407.000000, avanceR = 2.000000, avanceI = 2.000000
inc_x_r = 0.000000, inc_y_r = 1.000000, inc_x_i = 1.000000, inc_y_i = 1.000000
En el else......

----------------------------------------
x = 26.000000, y = 188.000000
avance = -405.000000, avanceR = 2.000000, avanceI = 2.000000
inc_x_r = 0.000000, inc_y_r = 1.000000, inc_x_i = 1.000000, inc_y_i = 1.000000
En el else......

----------------------------------------
x = 26.000000, y = 189.000000
avance = -403.000000, avanceR = 2.000000, avanceI = 2.000000
inc_x_r = 0.000000, inc_y_r = 1.000000, inc_x_i = 1.000000, inc_y_i = 1.000000
En el else......

----------------------------------------
x = 26.000000, y = 190.000000
avance = -401.000000, avanceR = 2.000000, avanceI = 2.000000
inc_x_r = 0.000000, inc_y_r = 1.000000, inc_x_i = 1.000000, inc_y_i = 1.000000
En el else......

----------------------------------------
x = 26.000000, y = 191.000000
avance = -399.000000, avanceR = 2.000000, avanceI = 2.000000
inc_x_r = 0.000000, inc_y_r = 1.000000, inc_x_i = 1.000000, inc_y_i = 1.000000
En el else......

----------------------------------------
x = 26.000000, y = 192.000000
avance = -397.000000, avanceR = 2.000000, avanceI = 2.000000
inc_x_r = 0.000000, inc_y_r = 1.000000, inc_x_i = 1.000000, inc_y_i = 1.000000
En el else......

----------------------------------------
x = 26.000000, y = 193.000000
avance = -395.000000, avanceR = 2.000000, avanceI = 2.000000
inc_x_r = 0.000000, inc_y_r = 1.000000, inc_x_i = 1.000000, inc_y_i = 1.000000
En el else......

----------------------------------------
x = 26.000000, y = 194.000000
avance = -393.000000, avanceR = 2.000000, avanceI = 2.000000
inc_x_r = 0.000000, inc_y_r = 1.000000, inc_x_i = 1.000000, inc_y_i = 1.000000
En el else......

----------------------------------------
x = 26.000000, y = 195.000000
avance = -391.000000, avanceR = 2.000000, avanceI = 2.000000
inc_x_r = 0.000000, inc_y_r = 1.000000, inc_x_i = 1.000000, inc_y_i = 1.000000
En el else......

----------------------------------------
x = 26.000000, y = 196.000000
avance = -389.000000, avanceR = 2.000000, avanceI = 2.000000
inc_x_r = 0.000000, inc_y_r = 1.000000, inc_x_i = 1.000000, inc_y_i = 1.000000
En el else......

----------------------------------------
x = 26.000000, y = 197.000000
avance = -387.000000, avanceR = 2.000000, avanceI = 2.000000
inc_x_r = 0.000000, inc_y_r = 1.000000, inc_x_i = 1.000000, inc_y_i = 1.000000
En el else......

----------------------------------------
x = 26.000000, y = 198.000000
avance = -385.000000, avanceR = 2.000000, avanceI = 2.000000
inc_x_r = 0.000000, inc_y_r = 1.000000, inc_x_i = 1.000000, inc_y_i = 1.000000
En el else......

----------------------------------------
x = 26.000000, y = 199.000000
avance = -383.000000, avanceR = 2.000000, avanceI = 2.000000
inc_x_r = 0.000000, inc_y_r = 1.000000, inc_x_i = 1.000000, inc_y_i = 1.000000
En el else......

----------------------------------------
x = 26.000000, y = 200.000000
avance = -381.000000, avanceR = 2.000000, avanceI = 2.000000
inc_x_r = 0.000000, inc_y_r = 1.000000, inc_x_i = 1.000000, inc_y_i = 1.000000
En el else......

----------------------------------------
x = 26.000000, y = 201.000000
avance = -379.000000, avanceR = 2.000000, avanceI = 2.000000
inc_x_r = 0.000000, inc_y_r = 1.000000, inc_x_i = 1.000000, inc_y_i = 1.000000
En el else......

----------------------------------------
x = 26.000000, y = 202.000000
avance = -377.000000, avanceR = 2.000000, avanceI = 2.000000
inc_x_r = 0.000000, inc_y_r = 1.000000, inc_x_i = 1.000000, inc_y_i = 1.000000
En el else......

----------------------------------------
x = 26.000000, y = 203.000000
avance = -375.000000, avanceR = 2.000000, avanceI = 2.000000
inc_x_r = 0.000000, inc_y_r = 1.000000, inc_x_i = 1.000000, inc_y_i = 1.000000
En el else......

----------------------------------------
x = 26.000000, y = 204.000000
avance = -373.000000, avanceR = 2.000000, avanceI = 2.000000
inc_x_r = 0.000000, inc_y_r = 1.000000, inc_x_i = 1.000000, inc_y_i = 1.000000
En el else......

----------------------------------------
x = 26.000000, y = 205.000000
avance = -371.000000, avanceR = 2.000000, avanceI = 2.000000
inc_x_r = 0.000000, inc_y_r = 1.000000, inc_x_i = 1.000000, inc_y_i = 1.000000
En el else......

----------------------------------------
x = 26.000000, y = 206.000000
avance = -369.000000, avanceR = 2.000000, avanceI = 2.000000
inc_x_r = 0.000000, inc_y_r = 1.000000, inc_x_i = 1.000000, inc_y_i = 1.000000
En el else......

----------------------------------------
x = 26.000000, y = 207.000000
avance = -367.000000, avanceR = 2.000000, avanceI = 2.000000
inc_x_r = 0.000000, inc_y_r = 1.000000, inc_x_i = 1.000000, inc_y_i = 1.000000
En el else......

----------------------------------------
x = 26.000000, y = 208.000000
avance = -365.000000, avanceR = 2.000000, avanceI = 2.000000
inc_x_r = 0.000000, inc_y_r = 1.000000, inc_x_i = 1.000000, inc_y_i = 1.000000
En el else......

----------------------------------------
x = 26.000000, y = 209.000000
avance = -363.000000, avanceR = 2.000000, avanceI = 2.000000
inc_x_r = 0.000000, inc_y_r = 1.000000, inc_x_i = 1.000000, inc_y_i = 1.000000
En el else......

----------------------------------------
x = 26.000000, y = 210.000000
avance = -361.000000, avanceR = 2.000000, avanceI = 2.000000
inc_x_r = 0.000000, inc_y_r = 1.000000, inc_x_i = 1.000000, inc_y_i = 1.000000
En el else......

----------------------------------------
x = 26.000000, y = 211.000000
avance = -359.000000, avanceR = 2.000000, avanceI = 2.000000
inc_x_r = 0.000000, inc_y_r = 1.000000, inc_x_i = 1.000000, inc_y_i = 1.000000
En el else......

----------------------------------------
x = 26.000000, y = 212.000000
avance = -357.000000, avanceR = 2.000000, avanceI = 2.000000
inc_x_r = 0.000000, inc_y_r = 1.000000, inc_x_i = 1.000000, inc_y_i = 1.000000
En el else......

----------------------------------------
x = 26.000000, y = 213.000000
avance = -355.000000, avanceR = 2.000000, avanceI = 2.000000
inc_x_r = 0.000000, inc_y_r = 1.000000, inc_x_i = 1.000000, inc_y_i = 1.000000
En el else......

----------------------------------------
x = 26.000000, y = 214.000000
avance = -353.000000, avanceR = 2.000000, avanceI = 2.000000
inc_x_r = 0.000000, inc_y_r = 1.000000, inc_x_i = 1.000000, inc_y_i = 1.000000
En el else......

----------------------------------------
x = 26.000000, y = 215.000000
avance = -351.000000, avanceR = 2.000000, avanceI = 2.000000
inc_x_r = 0.000000, inc_y_r = 1.000000, inc_x_i = 1.000000, inc_y_i = 1.000000
En el else......

----------------------------------------
x = 26.000000, y = 216.000000
avance = -349.000000, avanceR = 2.000000, avanceI = 2.000000
inc_x_r = 0.000000, inc_y_r = 1.000000, inc_x_i = 1.000000, inc_y_i = 1.000000
En el else......

----------------------------------------
x = 26.000000, y = 217.000000
avance = -347.000000, avanceR = 2.000000, avanceI = 2.000000
inc_x_r = 0.000000, inc_y_r = 1.000000, inc_x_i = 1.000000, inc_y_i = 1.000000
En el else......

----------------------------------------
x = 26.000000, y = 218.000000
avance = -345.000000, avanceR = 2.000000, avanceI = 2.000000
inc_x_r = 0.000000, inc_y_r = 1.000000, inc_x_i = 1.000000, inc_y_i = 1.000000
En el else......

----------------------------------------
x = 26.000000, y = 219.000000
avance = -343.000000, avanceR = 2.000000, avanceI = 2.000000
inc_x_r = 0.000000, inc_y_r = 1.000000, inc_x_i = 1.000000, inc_y_i = 1.000000
En el else......

----------------------------------------
x = 26.000000, y = 220.000000
avance = -341.000000, avanceR = 2.000000, avanceI = 2.000000
inc_x_r = 0.000000, inc_y_r = 1.000000, inc_x_i = 1.000000, inc_y_i = 1.000000
En el else......

----------------------------------------
x = 26.000000, y = 221.000000
avance = -339.000000, avanceR = 2.000000, avanceI = 2.000000
inc_x_r = 0.000000, inc_y_r = 1.000000, inc_x_i = 1.000000, inc_y_i = 1.000000
En el else......

----------------------------------------
x = 26.000000, y = 222.000000
avance = -337.000000, avanceR = 2.000000, avanceI = 2.000000
inc_x_r = 0.000000, inc_y_r = 1.000000, inc_x_i = 1.000000, inc_y_i = 1.000000
En el else......

----------------------------------------
x = 26.000000, y = 223.000000
avance = -335.000000, avanceR = 2.000000, avanceI = 2.000000
inc_x_r = 0.000000, inc_y_r = 1.000000, inc_x_i = 1.000000, inc_y_i = 1.000000
En el else......

----------------------------------------
x = 26.000000, y = 224.000000
avance = -333.000000, avanceR = 2.000000, avanceI = 2.000000
inc_x_r = 0.000000, inc_y_r = 1.000000, inc_x_i = 1.000000, inc_y_i = 1.000000
En el else......

----------------------------------------
x = 26.000000, y = 225.000000
avance = -331.000000, avanceR = 2.000000, avanceI = 2.000000
inc_x_r = 0.000000, inc_y_r = 1.000000, inc_x_i = 1.000000, inc_y_i = 1.000000
En el else......

----------------------------------------
x = 26.000000, y = 226.000000
avance = -329.000000, avanceR = 2.000000, avanceI = 2.000000
inc_x_r = 0.000000, inc_y_r = 1.000000, inc_x_i = 1.000000, inc_y_i = 1.000000
En el else......

----------------------------------------
x = 26.000000, y = 227.000000
avance = -327.000000, avanceR = 2.000000, avanceI = 2.000000
inc_x_r = 0.000000, inc_y_r = 1.000000, inc_x_i = 1.000000, inc_y_i = 1.000000
En el else......

----------------------------------------
x = 26.000000, y = 228.000000
avance = -325.000000, avanceR = 2.000000, avanceI = 2.000000
inc_x_r = 0.000000, inc_y_r = 1.000000, inc_x_i = 1.000000, inc_y_i = 1.000000
En el else......

----------------------------------------
x = 26.000000, y = 229.000000
avance = -323.000000, avanceR = 2.000000, avanceI = 2.000000
inc_x_r = 0.000000, inc_y_r = 1.000000, inc_x_i = 1.000000, inc_y_i = 1.000000
En el else......

----------------------------------------
x = 26.000000, y = 230.000000
avance = -321.000000, avanceR = 2.000000, avanceI = 2.000000
inc_x_r = 0.000000, inc_y_r = 1.000000, inc_x_i = 1.000000, inc_y_i = 1.000000
En el else......

----------------------------------------
x = 26.000000, y = 231.000000
avance = -319.000000, avanceR = 2.000000, avanceI = 2.000000
inc_x_r = 0.000000, inc_y_r = 1.000000, inc_x_i = 1.000000, inc_y_i = 1.000000
En el else......

----------------------------------------
x = 26.000000, y = 232.000000
avance = -317.000000, avanceR = 2.000000, avanceI = 2.000000
inc_x_r = 0.000000, inc_y_r = 1.000000, inc_x_i = 1.000000, inc_y_i = 1.000000
En el else......

----------------------------------------
x = 26.000000, y = 233.000000
avance = -315.000000, avanceR = 2.000000, avanceI = 2.000000
inc_x_r = 0.000000, inc_y_r = 1.000000, inc_x_i = 1.000000, inc_y_i = 1.000000
En el else......

----------------------------------------
x = 26.000000, y = 234.000000
avance = -313.000000, avanceR = 2.000000, avanceI = 2.000000
inc_x_r = 0.000000, inc_y_r = 1.000000, inc_x_i = 1.000000, inc_y_i = 1.000000
En el else......

----------------------------------------
x = 26.000000, y = 235.000000
avance = -311.000000, avanceR = 2.000000, avanceI = 2.000000
inc_x_r = 0.000000, inc_y_r = 1.000000, inc_x_i = 1.000000, inc_y_i = 1.000000
En el else......

----------------------------------------
x = 26.000000, y = 236.000000
avance = -309.000000, avanceR = 2.000000, avanceI = 2.000000
inc_x_r = 0.000000, inc_y_r = 1.000000, inc_x_i = 1.000000, inc_y_i = 1.000000
En el else......

----------------------------------------
x = 26.000000, y = 237.000000
avance = -307.000000, avanceR = 2.000000, avanceI = 2.000000
inc_x_r = 0.000000, inc_y_r = 1.000000, inc_x_i = 1.000000, inc_y_i = 1.000000
En el else......

----------------------------------------
x = 26.000000, y = 238.000000
avance = -305.000000, avanceR = 2.000000, avanceI = 2.000000
inc_x_r = 0.000000, inc_y_r = 1.000000, inc_x_i = 1.000000, inc_y_i = 1.000000
En el else......

----------------------------------------
x = 26.000000, y = 239.000000
avance = -303.000000, avanceR = 2.000000, avanceI = 2.000000
inc_x_r = 0.000000, inc_y_r = 1.000000, inc_x_i = 1.000000, inc_y_i = 1.000000
En el else......

----------------------------------------
x = 26.000000, y = 240.000000
avance = -301.000000, avanceR = 2.000000, avanceI = 2.000000
inc_x_r = 0.000000, inc_y_r = 1.000000, inc_x_i = 1.000000, inc_y_i = 1.000000
En el else......

----------------------------------------
x = 26.000000, y = 241.000000
avance = -299.000000, avanceR = 2.000000, avanceI = 2.000000
inc_x_r = 0.000000, inc_y_r = 1.000000, inc_x_i = 1.000000, inc_y_i = 1.000000
En el else......

----------------------------------------
x = 26.000000, y = 242.000000
avance = -297.000000, avanceR = 2.000000, avanceI = 2.000000
inc_x_r = 0.000000, inc_y_r = 1.000000, inc_x_i = 1.000000, inc_y_i = 1.000000
En el else......

----------------------------------------
x = 26.000000, y = 243.000000
avance = -295.000000, avanceR = 2.000000, avanceI = 2.000000
inc_x_r = 0.000000, inc_y_r = 1.000000, inc_x_i = 1.000000, inc_y_i = 1.000000
En el else......

----------------------------------------
x = 26.000000, y = 244.000000
avance = -293.000000, avanceR = 2.000000, avanceI = 2.000000
inc_x_r = 0.000000, inc_y_r = 1.000000, inc_x_i = 1.000000, inc_y_i = 1.000000
En el else......

----------------------------------------
x = 26.000000, y = 245.000000
avance = -291.000000, avanceR = 2.000000, avanceI = 2.000000
inc_x_r = 0.000000, inc_y_r = 1.000000, inc_x_i = 1.000000, inc_y_i = 1.000000
En el else......

----------------------------------------
x = 26.000000, y = 246.000000
avance = -289.000000, avanceR = 2.000000, avanceI = 2.000000
inc_x_r = 0.000000, inc_y_r = 1.000000, inc_x_i = 1.000000, inc_y_i = 1.000000
En el else......

----------------------------------------
x = 26.000000, y = 247.000000
avance = -287.000000, avanceR = 2.000000, avanceI = 2.000000
inc_x_r = 0.000000, inc_y_r = 1.000000, inc_x_i = 1.000000, inc_y_i = 1.000000
En el else......

----------------------------------------
x = 26.000000, y = 248.000000
avance = -285.000000, avanceR = 2.000000, avanceI = 2.000000
inc_x_r = 0.000000, inc_y_r = 1.000000, inc_x_i = 1.000000, inc_y_i = 1.000000
En el else......

----------------------------------------
x = 26.000000, y = 249.000000
avance = -283.000000, avanceR = 2.000000, avanceI = 2.000000
inc_x_r = 0.000000, inc_y_r = 1.000000, inc_x_i = 1.000000, inc_y_i = 1.000000
En el else......

----------------------------------------
x = 26.000000, y = 250.000000
avance = -281.000000, avanceR = 2.000000, avanceI = 2.000000
inc_x_r = 0.000000, inc_y_r = 1.000000, inc_x_i = 1.000000, inc_y_i = 1.000000
En el else......

----------------------------------------
x = 26.000000, y = 251.000000
avance = -279.000000, avanceR = 2.000000, avanceI = 2.000000
inc_x_r = 0.000000, inc_y_r = 1.000000, inc_x_i = 1.000000, inc_y_i = 1.000000
En el else......

----------------------------------------
x = 26.000000, y = 252.000000
avance = -277.000000, avanceR = 2.000000, avanceI = 2.000000
inc_x_r = 0.000000, inc_y_r = 1.000000, inc_x_i = 1.000000, inc_y_i = 1.000000
En el else......

----------------------------------------
x = 26.000000, y = 253.000000
avance = -275.000000, avanceR = 2.000000, avanceI = 2.000000
inc_x_r = 0.000000, inc_y_r = 1.000000, inc_x_i = 1.000000, inc_y_i = 1.000000
En el else......

----------------------------------------
x = 26.000000, y = 254.000000
avance = -273.000000, avanceR = 2.000000, avanceI = 2.000000
inc_x_r = 0.000000, inc_y_r = 1.000000, inc_x_i = 1.000000, inc_y_i = 1.000000
En el else......

----------------------------------------
x = 26.000000, y = 255.000000
avance = -271.000000, avanceR = 2.000000, avanceI = 2.000000
inc_x_r = 0.000000, inc_y_r = 1.000000, inc_x_i = 1.000000, inc_y_i = 1.000000
En el else......

----------------------------------------
x = 26.000000, y = 256.000000
avance = -269.000000, avanceR = 2.000000, avanceI = 2.000000
inc_x_r = 0.000000, inc_y_r = 1.000000, inc_x_i = 1.000000, inc_y_i = 1.000000
En el else......

----------------------------------------
x = 26.000000, y = 257.000000
avance = -267.000000, avanceR = 2.000000, avanceI = 2.000000
inc_x_r = 0.000000, inc_y_r = 1.000000, inc_x_i = 1.000000, inc_y_i = 1.000000
En el else......

----------------------------------------
x = 26.000000, y = 258.000000
avance = -265.000000, avanceR = 2.000000, avanceI = 2.000000
inc_x_r = 0.000000, inc_y_r = 1.000000, inc_x_i = 1.000000, inc_y_i = 1.000000
En el else......

----------------------------------------
x = 26.000000, y = 259.000000
avance = -263.000000, avanceR = 2.000000, avanceI = 2.000000
inc_x_r = 0.000000, inc_y_r = 1.000000, inc_x_i = 1.000000, inc_y_i = 1.000000
En el else......

----------------------------------------
x = 26.000000, y = 260.000000
avance = -261.000000, avanceR = 2.000000, avanceI = 2.000000
inc_x_r = 0.000000, inc_y_r = 1.000000, inc_x_i = 1.000000, inc_y_i = 1.000000
En el else......

----------------------------------------
x = 26.000000, y = 261.000000
avance = -259.000000, avanceR = 2.000000, avanceI = 2.000000
inc_x_r = 0.000000, inc_y_r = 1.000000, inc_x_i = 1.000000, inc_y_i = 1.000000
En el else......

----------------------------------------
x = 26.000000, y = 262.000000
avance = -257.000000, avanceR = 2.000000, avanceI = 2.000000
inc_x_r = 0.000000, inc_y_r = 1.000000, inc_x_i = 1.000000, inc_y_i = 1.000000
En el else......

----------------------------------------
x = 26.000000, y = 263.000000
avance = -255.000000, avanceR = 2.000000, avanceI = 2.000000
inc_x_r = 0.000000, inc_y_r = 1.000000, inc_x_i = 1.000000, inc_y_i = 1.000000
En el else......

----------------------------------------
x = 26.000000, y = 264.000000
avance = -253.000000, avanceR = 2.000000, avanceI = 2.000000
inc_x_r = 0.000000, inc_y_r = 1.000000, inc_x_i = 1.000000, inc_y_i = 1.000000
En el else......

----------------------------------------
x = 26.000000, y = 265.000000
avance = -251.000000, avanceR = 2.000000, avanceI = 2.000000
inc_x_r = 0.000000, inc_y_r = 1.000000, inc_x_i = 1.000000, inc_y_i = 1.000000
En el else......

----------------------------------------


ENTRAMOS A BRESENHAMªªªª
x1 = 25.000000 - y1 = 15.000000 || x2 = 26.000000 - y2 = 266.000000
dy = 251.000000, dx = 1.000000
avances inclinados: inc_x_i = 1.000000, inc_y_i = 1.000000
updated: dy = 251.000000, dx = 1.000000
avances rectos: inc_x_r = 0.000000, inc_y_r 1.000000
reupdated: dy = 1.000000, dx = 251.000000
avanceR = 2.000000, avance -249.000000, avanceI 2.000000
----------------------------------------
x = 25.000000, y = 15.000000
avance = -249.000000, avanceR = 2.000000, avanceI = 2.000000
inc_x_r = 0.000000, inc_y_r = 1.000000, inc_x_i = 1.000000, inc_y_i = 1.000000
En el else......

----------------------------------------
x = 25.000000, y = 16.000000
avance = -247.000000, avanceR = 2.000000, avanceI = 2.000000
inc_x_r = 0.000000, inc_y_r = 1.000000, inc_x_i = 1.000000, inc_y_i = 1.000000
En el else......

----------------------------------------
x = 25.000000, y = 17.000000
avance = -245.000000, avanceR = 2.000000, avanceI = 2.000000
inc_x_r = 0.000000, inc_y_r = 1.000000, inc_x_i = 1.000000, inc_y_i = 1.000000
En el else......

----------------------------------------
x = 25.000000, y = 18.000000
avance = -243.000000, avanceR = 2.000000, avanceI = 2.000000
inc_x_r = 0.000000, inc_y_r = 1.000000, inc_x_i = 1.000000, inc_y_i = 1.000000
En el else......

----------------------------------------
x = 25.000000, y = 19.000000
avance = -241.000000, avanceR = 2.000000, avanceI = 2.000000
inc_x_r = 0.000000, inc_y_r = 1.000000, inc_x_i = 1.000000, inc_y_i = 1.000000
En el else......

----------------------------------------
x = 25.000000, y = 20.000000
avance = -239.000000, avanceR = 2.000000, avanceI = 2.000000
inc_x_r = 0.000000, inc_y_r = 1.000000, inc_x_i = 1.000000, inc_y_i = 1.000000
En el else......

----------------------------------------
x = 25.000000, y = 21.000000
avance = -237.000000, avanceR = 2.000000, avanceI = 2.000000
inc_x_r = 0.000000, inc_y_r = 1.000000, inc_x_i = 1.000000, inc_y_i = 1.000000
En el else......

----------------------------------------
x = 25.000000, y = 22.000000
avance = -235.000000, avanceR = 2.000000, avanceI = 2.000000
inc_x_r = 0.000000, inc_y_r = 1.000000, inc_x_i = 1.000000, inc_y_i = 1.000000
En el else......

----------------------------------------
x = 25.000000, y = 23.000000
avance = -233.000000, avanceR = 2.000000, avanceI = 2.000000
inc_x_r = 0.000000, inc_y_r = 1.000000, inc_x_i = 1.000000, inc_y_i = 1.000000
En el else......

----------------------------------------
x = 25.000000, y = 24.000000
avance = -231.000000, avanceR = 2.000000, avanceI = 2.000000
inc_x_r = 0.000000, inc_y_r = 1.000000, inc_x_i = 1.000000, inc_y_i = 1.000000
En el else......

----------------------------------------
x = 25.000000, y = 25.000000
avance = -229.000000, avanceR = 2.000000, avanceI = 2.000000
inc_x_r = 0.000000, inc_y_r = 1.000000, inc_x_i = 1.000000, inc_y_i = 1.000000
En el else......

----------------------------------------
x = 25.000000, y = 26.000000
avance = -227.000000, avanceR = 2.000000, avanceI = 2.000000
inc_x_r = 0.000000, inc_y_r = 1.000000, inc_x_i = 1.000000, inc_y_i = 1.000000
En el else......

----------------------------------------
x = 25.000000, y = 27.000000
avance = -225.000000, avanceR = 2.000000, avanceI = 2.000000
inc_x_r = 0.000000, inc_y_r = 1.000000, inc_x_i = 1.000000, inc_y_i = 1.000000
En el else......

----------------------------------------
x = 25.000000, y = 28.000000
avance = -223.000000, avanceR = 2.000000, avanceI = 2.000000
inc_x_r = 0.000000, inc_y_r = 1.000000, inc_x_i = 1.000000, inc_y_i = 1.000000
En el else......

----------------------------------------
x = 25.000000, y = 29.000000
avance = -221.000000, avanceR = 2.000000, avanceI = 2.000000
inc_x_r = 0.000000, inc_y_r = 1.000000, inc_x_i = 1.000000, inc_y_i = 1.000000
En el else......

----------------------------------------
x = 25.000000, y = 30.000000
avance = -219.000000, avanceR = 2.000000, avanceI = 2.000000
inc_x_r = 0.000000, inc_y_r = 1.000000, inc_x_i = 1.000000, inc_y_i = 1.000000
En el else......

----------------------------------------
x = 25.000000, y = 31.000000
avance = -217.000000, avanceR = 2.000000, avanceI = 2.000000
inc_x_r = 0.000000, inc_y_r = 1.000000, inc_x_i = 1.000000, inc_y_i = 1.000000
En el else......

----------------------------------------
x = 25.000000, y = 32.000000
avance = -215.000000, avanceR = 2.000000, avanceI = 2.000000
inc_x_r = 0.000000, inc_y_r = 1.000000, inc_x_i = 1.000000, inc_y_i = 1.000000
En el else......

----------------------------------------
x = 25.000000, y = 33.000000
avance = -213.000000, avanceR = 2.000000, avanceI = 2.000000
inc_x_r = 0.000000, inc_y_r = 1.000000, inc_x_i = 1.000000, inc_y_i = 1.000000
En el else......

----------------------------------------
x = 25.000000, y = 34.000000
avance = -211.000000, avanceR = 2.000000, avanceI = 2.000000
inc_x_r = 0.000000, inc_y_r = 1.000000, inc_x_i = 1.000000, inc_y_i = 1.000000
En el else......

----------------------------------------
x = 25.000000, y = 35.000000
avance = -209.000000, avanceR = 2.000000, avanceI = 2.000000
inc_x_r = 0.000000, inc_y_r = 1.000000, inc_x_i = 1.000000, inc_y_i = 1.000000
En el else......

----------------------------------------
x = 25.000000, y = 36.000000
avance = -207.000000, avanceR = 2.000000, avanceI = 2.000000
inc_x_r = 0.000000, inc_y_r = 1.000000, inc_x_i = 1.000000, inc_y_i = 1.000000
En el else......

----------------------------------------
x = 25.000000, y = 37.000000
avance = -205.000000, avanceR = 2.000000, avanceI = 2.000000
inc_x_r = 0.000000, inc_y_r = 1.000000, inc_x_i = 1.000000, inc_y_i = 1.000000
En el else......

----------------------------------------
x = 25.000000, y = 38.000000
avance = -203.000000, avanceR = 2.000000, avanceI = 2.000000
inc_x_r = 0.000000, inc_y_r = 1.000000, inc_x_i = 1.000000, inc_y_i = 1.000000
En el else......

----------------------------------------
x = 25.000000, y = 39.000000
avance = -201.000000, avanceR = 2.000000, avanceI = 2.000000
inc_x_r = 0.000000, inc_y_r = 1.000000, inc_x_i = 1.000000, inc_y_i = 1.000000
En el else......

----------------------------------------
x = 25.000000, y = 40.000000
avance = -199.000000, avanceR = 2.000000, avanceI = 2.000000
inc_x_r = 0.000000, inc_y_r = 1.000000, inc_x_i = 1.000000, inc_y_i = 1.000000
En el else......

----------------------------------------
x = 25.000000, y = 41.000000
avance = -197.000000, avanceR = 2.000000, avanceI = 2.000000
inc_x_r = 0.000000, inc_y_r = 1.000000, inc_x_i = 1.000000, inc_y_i = 1.000000
En el else......

----------------------------------------
x = 25.000000, y = 42.000000
avance = -195.000000, avanceR = 2.000000, avanceI = 2.000000
inc_x_r = 0.000000, inc_y_r = 1.000000, inc_x_i = 1.000000, inc_y_i = 1.000000
En el else......

----------------------------------------
x = 25.000000, y = 43.000000
avance = -193.000000, avanceR = 2.000000, avanceI = 2.000000
inc_x_r = 0.000000, inc_y_r = 1.000000, inc_x_i = 1.000000, inc_y_i = 1.000000
En el else......

----------------------------------------
x = 25.000000, y = 44.000000
avance = -191.000000, avanceR = 2.000000, avanceI = 2.000000
inc_x_r = 0.000000, inc_y_r = 1.000000, inc_x_i = 1.000000, inc_y_i = 1.000000
En el else......

----------------------------------------
x = 25.000000, y = 45.000000
avance = -189.000000, avanceR = 2.000000, avanceI = 2.000000
inc_x_r = 0.000000, inc_y_r = 1.000000, inc_x_i = 1.000000, inc_y_i = 1.000000
En el else......

----------------------------------------
x = 25.000000, y = 46.000000
avance = -187.000000, avanceR = 2.000000, avanceI = 2.000000
inc_x_r = 0.000000, inc_y_r = 1.000000, inc_x_i = 1.000000, inc_y_i = 1.000000
En el else......

----------------------------------------
x = 25.000000, y = 47.000000
avance = -185.000000, avanceR = 2.000000, avanceI = 2.000000
inc_x_r = 0.000000, inc_y_r = 1.000000, inc_x_i = 1.000000, inc_y_i = 1.000000
En el else......

----------------------------------------
x = 25.000000, y = 48.000000
avance = -183.000000, avanceR = 2.000000, avanceI = 2.000000
inc_x_r = 0.000000, inc_y_r = 1.000000, inc_x_i = 1.000000, inc_y_i = 1.000000
En el else......

----------------------------------------
x = 25.000000, y = 49.000000
avance = -181.000000, avanceR = 2.000000, avanceI = 2.000000
inc_x_r = 0.000000, inc_y_r = 1.000000, inc_x_i = 1.000000, inc_y_i = 1.000000
En el else......

----------------------------------------
x = 25.000000, y = 50.000000
avance = -179.000000, avanceR = 2.000000, avanceI = 2.000000
inc_x_r = 0.000000, inc_y_r = 1.000000, inc_x_i = 1.000000, inc_y_i = 1.000000
En el else......

----------------------------------------
x = 25.000000, y = 51.000000
avance = -177.000000, avanceR = 2.000000, avanceI = 2.000000
inc_x_r = 0.000000, inc_y_r = 1.000000, inc_x_i = 1.000000, inc_y_i = 1.000000
En el else......

----------------------------------------
x = 25.000000, y = 52.000000
avance = -175.000000, avanceR = 2.000000, avanceI = 2.000000
inc_x_r = 0.000000, inc_y_r = 1.000000, inc_x_i = 1.000000, inc_y_i = 1.000000
En el else......

----------------------------------------
x = 25.000000, y = 53.000000
avance = -173.000000, avanceR = 2.000000, avanceI = 2.000000
inc_x_r = 0.000000, inc_y_r = 1.000000, inc_x_i = 1.000000, inc_y_i = 1.000000
En el else......

----------------------------------------
x = 25.000000, y = 54.000000
avance = -171.000000, avanceR = 2.000000, avanceI = 2.000000
inc_x_r = 0.000000, inc_y_r = 1.000000, inc_x_i = 1.000000, inc_y_i = 1.000000
En el else......

----------------------------------------
x = 25.000000, y = 55.000000
avance = -169.000000, avanceR = 2.000000, avanceI = 2.000000
inc_x_r = 0.000000, inc_y_r = 1.000000, inc_x_i = 1.000000, inc_y_i = 1.000000
En el else......

----------------------------------------
x = 25.000000, y = 56.000000
avance = -167.000000, avanceR = 2.000000, avanceI = 2.000000
inc_x_r = 0.000000, inc_y_r = 1.000000, inc_x_i = 1.000000, inc_y_i = 1.000000
En el else......

----------------------------------------
x = 25.000000, y = 57.000000
avance = -165.000000, avanceR = 2.000000, avanceI = 2.000000
inc_x_r = 0.000000, inc_y_r = 1.000000, inc_x_i = 1.000000, inc_y_i = 1.000000
En el else......

----------------------------------------
x = 25.000000, y = 58.000000
avance = -163.000000, avanceR = 2.000000, avanceI = 2.000000
inc_x_r = 0.000000, inc_y_r = 1.000000, inc_x_i = 1.000000, inc_y_i = 1.000000
En el else......

----------------------------------------
x = 25.000000, y = 59.000000
avance = -161.000000, avanceR = 2.000000, avanceI = 2.000000
inc_x_r = 0.000000, inc_y_r = 1.000000, inc_x_i = 1.000000, inc_y_i = 1.000000
En el else......

----------------------------------------
x = 25.000000, y = 60.000000
avance = -159.000000, avanceR = 2.000000, avanceI = 2.000000
inc_x_r = 0.000000, inc_y_r = 1.000000, inc_x_i = 1.000000, inc_y_i = 1.000000
En el else......

----------------------------------------
x = 25.000000, y = 61.000000
avance = -157.000000, avanceR = 2.000000, avanceI = 2.000000
inc_x_r = 0.000000, inc_y_r = 1.000000, inc_x_i = 1.000000, inc_y_i = 1.000000
En el else......

----------------------------------------
x = 25.000000, y = 62.000000
avance = -155.000000, avanceR = 2.000000, avanceI = 2.000000
inc_x_r = 0.000000, inc_y_r = 1.000000, inc_x_i = 1.000000, inc_y_i = 1.000000
En el else......

----------------------------------------
x = 25.000000, y = 63.000000
avance = -153.000000, avanceR = 2.000000, avanceI = 2.000000
inc_x_r = 0.000000, inc_y_r = 1.000000, inc_x_i = 1.000000, inc_y_i = 1.000000
En el else......

----------------------------------------
x = 25.000000, y = 64.000000
avance = -151.000000, avanceR = 2.000000, avanceI = 2.000000
inc_x_r = 0.000000, inc_y_r = 1.000000, inc_x_i = 1.000000, inc_y_i = 1.000000
En el else......

----------------------------------------
x = 25.000000, y = 65.000000
avance = -149.000000, avanceR = 2.000000, avanceI = 2.000000
inc_x_r = 0.000000, inc_y_r = 1.000000, inc_x_i = 1.000000, inc_y_i = 1.000000
En el else......

----------------------------------------
x = 25.000000, y = 66.000000
avance = -147.000000, avanceR = 2.000000, avanceI = 2.000000
inc_x_r = 0.000000, inc_y_r = 1.000000, inc_x_i = 1.000000, inc_y_i = 1.000000
En el else......

----------------------------------------
x = 25.000000, y = 67.000000
avance = -145.000000, avanceR = 2.000000, avanceI = 2.000000
inc_x_r = 0.000000, inc_y_r = 1.000000, inc_x_i = 1.000000, inc_y_i = 1.000000
En el else......

----------------------------------------
x = 25.000000, y = 68.000000
avance = -143.000000, avanceR = 2.000000, avanceI = 2.000000
inc_x_r = 0.000000, inc_y_r = 1.000000, inc_x_i = 1.000000, inc_y_i = 1.000000
En el else......

----------------------------------------
x = 25.000000, y = 69.000000
avance = -141.000000, avanceR = 2.000000, avanceI = 2.000000
inc_x_r = 0.000000, inc_y_r = 1.000000, inc_x_i = 1.000000, inc_y_i = 1.000000
En el else......

----------------------------------------
x = 25.000000, y = 70.000000
avance = -139.000000, avanceR = 2.000000, avanceI = 2.000000
inc_x_r = 0.000000, inc_y_r = 1.000000, inc_x_i = 1.000000, inc_y_i = 1.000000
En el else......

----------------------------------------
x = 25.000000, y = 71.000000
avance = -137.000000, avanceR = 2.000000, avanceI = 2.000000
inc_x_r = 0.000000, inc_y_r = 1.000000, inc_x_i = 1.000000, inc_y_i = 1.000000
En el else......

----------------------------------------
x = 25.000000, y = 72.000000
avance = -135.000000, avanceR = 2.000000, avanceI = 2.000000
inc_x_r = 0.000000, inc_y_r = 1.000000, inc_x_i = 1.000000, inc_y_i = 1.000000
En el else......

----------------------------------------
x = 25.000000, y = 73.000000
avance = -133.000000, avanceR = 2.000000, avanceI = 2.000000
inc_x_r = 0.000000, inc_y_r = 1.000000, inc_x_i = 1.000000, inc_y_i = 1.000000
En el else......

----------------------------------------
x = 25.000000, y = 74.000000
avance = -131.000000, avanceR = 2.000000, avanceI = 2.000000
inc_x_r = 0.000000, inc_y_r = 1.000000, inc_x_i = 1.000000, inc_y_i = 1.000000
En el else......

----------------------------------------
x = 25.000000, y = 75.000000
avance = -129.000000, avanceR = 2.000000, avanceI = 2.000000
inc_x_r = 0.000000, inc_y_r = 1.000000, inc_x_i = 1.000000, inc_y_i = 1.000000
En el else......

----------------------------------------
x = 25.000000, y = 76.000000
avance = -127.000000, avanceR = 2.000000, avanceI = 2.000000
inc_x_r = 0.000000, inc_y_r = 1.000000, inc_x_i = 1.000000, inc_y_i = 1.000000
En el else......

----------------------------------------
x = 25.000000, y = 77.000000
avance = -125.000000, avanceR = 2.000000, avanceI = 2.000000
inc_x_r = 0.000000, inc_y_r = 1.000000, inc_x_i = 1.000000, inc_y_i = 1.000000
En el else......

----------------------------------------
x = 25.000000, y = 78.000000
avance = -123.000000, avanceR = 2.000000, avanceI = 2.000000
inc_x_r = 0.000000, inc_y_r = 1.000000, inc_x_i = 1.000000, inc_y_i = 1.000000
En el else......

----------------------------------------
x = 25.000000, y = 79.000000
avance = -121.000000, avanceR = 2.000000, avanceI = 2.000000
inc_x_r = 0.000000, inc_y_r = 1.000000, inc_x_i = 1.000000, inc_y_i = 1.000000
En el else......

----------------------------------------
x = 25.000000, y = 80.000000
avance = -119.000000, avanceR = 2.000000, avanceI = 2.000000
inc_x_r = 0.000000, inc_y_r = 1.000000, inc_x_i = 1.000000, inc_y_i = 1.000000
En el else......

----------------------------------------
x = 25.000000, y = 81.000000
avance = -117.000000, avanceR = 2.000000, avanceI = 2.000000
inc_x_r = 0.000000, inc_y_r = 1.000000, inc_x_i = 1.000000, inc_y_i = 1.000000
En el else......

----------------------------------------
x = 25.000000, y = 82.000000
avance = -115.000000, avanceR = 2.000000, avanceI = 2.000000
inc_x_r = 0.000000, inc_y_r = 1.000000, inc_x_i = 1.000000, inc_y_i = 1.000000
En el else......

----------------------------------------
x = 25.000000, y = 83.000000
avance = -113.000000, avanceR = 2.000000, avanceI = 2.000000
inc_x_r = 0.000000, inc_y_r = 1.000000, inc_x_i = 1.000000, inc_y_i = 1.000000
En el else......

----------------------------------------
x = 25.000000, y = 84.000000
avance = -111.000000, avanceR = 2.000000, avanceI = 2.000000
inc_x_r = 0.000000, inc_y_r = 1.000000, inc_x_i = 1.000000, inc_y_i = 1.000000
En el else......

----------------------------------------
x = 25.000000, y = 85.000000
avance = -109.000000, avanceR = 2.000000, avanceI = 2.000000
inc_x_r = 0.000000, inc_y_r = 1.000000, inc_x_i = 1.000000, inc_y_i = 1.000000
En el else......

----------------------------------------
x = 25.000000, y = 86.000000
avance = -107.000000, avanceR = 2.000000, avanceI = 2.000000
inc_x_r = 0.000000, inc_y_r = 1.000000, inc_x_i = 1.000000, inc_y_i = 1.000000
En el else......

----------------------------------------
x = 25.000000, y = 87.000000
avance = -105.000000, avanceR = 2.000000, avanceI = 2.000000
inc_x_r = 0.000000, inc_y_r = 1.000000, inc_x_i = 1.000000, inc_y_i = 1.000000
En el else......

----------------------------------------
x = 25.000000, y = 88.000000
avance = -103.000000, avanceR = 2.000000, avanceI = 2.000000
inc_x_r = 0.000000, inc_y_r = 1.000000, inc_x_i = 1.000000, inc_y_i = 1.000000
En el else......

----------------------------------------
x = 25.000000, y = 89.000000
avance = -101.000000, avanceR = 2.000000, avanceI = 2.000000
inc_x_r = 0.000000, inc_y_r = 1.000000, inc_x_i = 1.000000, inc_y_i = 1.000000
En el else......

----------------------------------------
x = 25.000000, y = 90.000000
avance = -99.000000, avanceR = 2.000000, avanceI = 2.000000
inc_x_r = 0.000000, inc_y_r = 1.000000, inc_x_i = 1.000000, inc_y_i = 1.000000
En el else......

----------------------------------------
x = 25.000000, y = 91.000000
avance = -97.000000, avanceR = 2.000000, avanceI = 2.000000
inc_x_r = 0.000000, inc_y_r = 1.000000, inc_x_i = 1.000000, inc_y_i = 1.000000
En el else......

----------------------------------------
x = 25.000000, y = 92.000000
avance = -95.000000, avanceR = 2.000000, avanceI = 2.000000
inc_x_r = 0.000000, inc_y_r = 1.000000, inc_x_i = 1.000000, inc_y_i = 1.000000
En el else......

----------------------------------------
x = 25.000000, y = 93.000000
avance = -93.000000, avanceR = 2.000000, avanceI = 2.000000
inc_x_r = 0.000000, inc_y_r = 1.000000, inc_x_i = 1.000000, inc_y_i = 1.000000
En el else......

----------------------------------------
x = 25.000000, y = 94.000000
avance = -91.000000, avanceR = 2.000000, avanceI = 2.000000
inc_x_r = 0.000000, inc_y_r = 1.000000, inc_x_i = 1.000000, inc_y_i = 1.000000
En el else......

----------------------------------------
x = 25.000000, y = 95.000000
avance = -89.000000, avanceR = 2.000000, avanceI = 2.000000
inc_x_r = 0.000000, inc_y_r = 1.000000, inc_x_i = 1.000000, inc_y_i = 1.000000
En el else......

----------------------------------------
x = 25.000000, y = 96.000000
avance = -87.000000, avanceR = 2.000000, avanceI = 2.000000
inc_x_r = 0.000000, inc_y_r = 1.000000, inc_x_i = 1.000000, inc_y_i = 1.000000
En el else......

----------------------------------------
x = 25.000000, y = 97.000000
avance = -85.000000, avanceR = 2.000000, avanceI = 2.000000
inc_x_r = 0.000000, inc_y_r = 1.000000, inc_x_i = 1.000000, inc_y_i = 1.000000
En el else......

----------------------------------------
x = 25.000000, y = 98.000000
avance = -83.000000, avanceR = 2.000000, avanceI = 2.000000
inc_x_r = 0.000000, inc_y_r = 1.000000, inc_x_i = 1.000000, inc_y_i = 1.000000
En el else......

----------------------------------------
x = 25.000000, y = 99.000000
avance = -81.000000, avanceR = 2.000000, avanceI = 2.000000
inc_x_r = 0.000000, inc_y_r = 1.000000, inc_x_i = 1.000000, inc_y_i = 1.000000
En el else......

----------------------------------------
x = 25.000000, y = 100.000000
avance = -79.000000, avanceR = 2.000000, avanceI = 2.000000
inc_x_r = 0.000000, inc_y_r = 1.000000, inc_x_i = 1.000000, inc_y_i = 1.000000
En el else......

----------------------------------------
x = 25.000000, y = 101.000000
avance = -77.000000, avanceR = 2.000000, avanceI = 2.000000
inc_x_r = 0.000000, inc_y_r = 1.000000, inc_x_i = 1.000000, inc_y_i = 1.000000
En el else......

----------------------------------------
x = 25.000000, y = 102.000000
avance = -75.000000, avanceR = 2.000000, avanceI = 2.000000
inc_x_r = 0.000000, inc_y_r = 1.000000, inc_x_i = 1.000000, inc_y_i = 1.000000
En el else......

----------------------------------------
x = 25.000000, y = 103.000000
avance = -73.000000, avanceR = 2.000000, avanceI = 2.000000
inc_x_r = 0.000000, inc_y_r = 1.000000, inc_x_i = 1.000000, inc_y_i = 1.000000
En el else......

----------------------------------------
x = 25.000000, y = 104.000000
avance = -71.000000, avanceR = 2.000000, avanceI = 2.000000
inc_x_r = 0.000000, inc_y_r = 1.000000, inc_x_i = 1.000000, inc_y_i = 1.000000
En el else......

----------------------------------------
x = 25.000000, y = 105.000000
avance = -69.000000, avanceR = 2.000000, avanceI = 2.000000
inc_x_r = 0.000000, inc_y_r = 1.000000, inc_x_i = 1.000000, inc_y_i = 1.000000
En el else......

----------------------------------------
x = 25.000000, y = 106.000000
avance = -67.000000, avanceR = 2.000000, avanceI = 2.000000
inc_x_r = 0.000000, inc_y_r = 1.000000, inc_x_i = 1.000000, inc_y_i = 1.000000
En el else......

----------------------------------------
x = 25.000000, y = 107.000000
avance = -65.000000, avanceR = 2.000000, avanceI = 2.000000
inc_x_r = 0.000000, inc_y_r = 1.000000, inc_x_i = 1.000000, inc_y_i = 1.000000
En el else......

----------------------------------------
x = 25.000000, y = 108.000000
avance = -63.000000, avanceR = 2.000000, avanceI = 2.000000
inc_x_r = 0.000000, inc_y_r = 1.000000, inc_x_i = 1.000000, inc_y_i = 1.000000
En el else......

----------------------------------------
x = 25.000000, y = 109.000000
avance = -61.000000, avanceR = 2.000000, avanceI = 2.000000
inc_x_r = 0.000000, inc_y_r = 1.000000, inc_x_i = 1.000000, inc_y_i = 1.000000
En el else......

----------------------------------------
x = 25.000000, y = 110.000000
avance = -59.000000, avanceR = 2.000000, avanceI = 2.000000
inc_x_r = 0.000000, inc_y_r = 1.000000, inc_x_i = 1.000000, inc_y_i = 1.000000
En el else......

----------------------------------------
x = 25.000000, y = 111.000000
avance = -57.000000, avanceR = 2.000000, avanceI = 2.000000
inc_x_r = 0.000000, inc_y_r = 1.000000, inc_x_i = 1.000000, inc_y_i = 1.000000
En el else......

----------------------------------------
x = 25.000000, y = 112.000000
avance = -55.000000, avanceR = 2.000000, avanceI = 2.000000
inc_x_r = 0.000000, inc_y_r = 1.000000, inc_x_i = 1.000000, inc_y_i = 1.000000
En el else......

----------------------------------------
x = 25.000000, y = 113.000000
avance = -53.000000, avanceR = 2.000000, avanceI = 2.000000
inc_x_r = 0.000000, inc_y_r = 1.000000, inc_x_i = 1.000000, inc_y_i = 1.000000
En el else......

----------------------------------------
x = 25.000000, y = 114.000000
avance = -51.000000, avanceR = 2.000000, avanceI = 2.000000
inc_x_r = 0.000000, inc_y_r = 1.000000, inc_x_i = 1.000000, inc_y_i = 1.000000
En el else......

----------------------------------------
x = 25.000000, y = 115.000000
avance = -49.000000, avanceR = 2.000000, avanceI = 2.000000
inc_x_r = 0.000000, inc_y_r = 1.000000, inc_x_i = 1.000000, inc_y_i = 1.000000
En el else......

----------------------------------------
x = 25.000000, y = 116.000000
avance = -47.000000, avanceR = 2.000000, avanceI = 2.000000
inc_x_r = 0.000000, inc_y_r = 1.000000, inc_x_i = 1.000000, inc_y_i = 1.000000
En el else......

----------------------------------------
x = 25.000000, y = 117.000000
avance = -45.000000, avanceR = 2.000000, avanceI = 2.000000
inc_x_r = 0.000000, inc_y_r = 1.000000, inc_x_i = 1.000000, inc_y_i = 1.000000
En el else......

----------------------------------------
x = 25.000000, y = 118.000000
avance = -43.000000, avanceR = 2.000000, avanceI = 2.000000
inc_x_r = 0.000000, inc_y_r = 1.000000, inc_x_i = 1.000000, inc_y_i = 1.000000
En el else......

----------------------------------------
x = 25.000000, y = 119.000000
avance = -41.000000, avanceR = 2.000000, avanceI = 2.000000
inc_x_r = 0.000000, inc_y_r = 1.000000, inc_x_i = 1.000000, inc_y_i = 1.000000
En el else......

----------------------------------------
x = 25.000000, y = 120.000000
avance = -39.000000, avanceR = 2.000000, avanceI = 2.000000
inc_x_r = 0.000000, inc_y_r = 1.000000, inc_x_i = 1.000000, inc_y_i = 1.000000
En el else......

----------------------------------------
x = 25.000000, y = 121.000000
avance = -37.000000, avanceR = 2.000000, avanceI = 2.000000
inc_x_r = 0.000000, inc_y_r = 1.000000, inc_x_i = 1.000000, inc_y_i = 1.000000
En el else......

----------------------------------------
x = 25.000000, y = 122.000000
avance = -35.000000, avanceR = 2.000000, avanceI = 2.000000
inc_x_r = 0.000000, inc_y_r = 1.000000, inc_x_i = 1.000000, inc_y_i = 1.000000
En el else......

----------------------------------------
x = 25.000000, y = 123.000000
avance = -33.000000, avanceR = 2.000000, avanceI = 2.000000
inc_x_r = 0.000000, inc_y_r = 1.000000, inc_x_i = 1.000000, inc_y_i = 1.000000
En el else......

----------------------------------------
x = 25.000000, y = 124.000000
avance = -31.000000, avanceR = 2.000000, avanceI = 2.000000
inc_x_r = 0.000000, inc_y_r = 1.000000, inc_x_i = 1.000000, inc_y_i = 1.000000
En el else......

----------------------------------------
x = 25.000000, y = 125.000000
avance = -29.000000, avanceR = 2.000000, avanceI = 2.000000
inc_x_r = 0.000000, inc_y_r = 1.000000, inc_x_i = 1.000000, inc_y_i = 1.000000
En el else......

----------------------------------------
x = 25.000000, y = 126.000000
avance = -27.000000, avanceR = 2.000000, avanceI = 2.000000
inc_x_r = 0.000000, inc_y_r = 1.000000, inc_x_i = 1.000000, inc_y_i = 1.000000
En el else......

----------------------------------------
x = 25.000000, y = 127.000000
avance = -25.000000, avanceR = 2.000000, avanceI = 2.000000
inc_x_r = 0.000000, inc_y_r = 1.000000, inc_x_i = 1.000000, inc_y_i = 1.000000
En el else......

----------------------------------------
x = 25.000000, y = 128.000000
avance = -23.000000, avanceR = 2.000000, avanceI = 2.000000
inc_x_r = 0.000000, inc_y_r = 1.000000, inc_x_i = 1.000000, inc_y_i = 1.000000
En el else......

----------------------------------------
x = 25.000000, y = 129.000000
avance = -21.000000, avanceR = 2.000000, avanceI = 2.000000
inc_x_r = 0.000000, inc_y_r = 1.000000, inc_x_i = 1.000000, inc_y_i = 1.000000
En el else......

----------------------------------------
x = 25.000000, y = 130.000000
avance = -19.000000, avanceR = 2.000000, avanceI = 2.000000
inc_x_r = 0.000000, inc_y_r = 1.000000, inc_x_i = 1.000000, inc_y_i = 1.000000
En el else......

----------------------------------------
x = 25.000000, y = 131.000000
avance = -17.000000, avanceR = 2.000000, avanceI = 2.000000
inc_x_r = 0.000000, inc_y_r = 1.000000, inc_x_i = 1.000000, inc_y_i = 1.000000
En el else......

----------------------------------------
x = 25.000000, y = 132.000000
avance = -15.000000, avanceR = 2.000000, avanceI = 2.000000
inc_x_r = 0.000000, inc_y_r = 1.000000, inc_x_i = 1.000000, inc_y_i = 1.000000
En el else......

----------------------------------------
x = 25.000000, y = 133.000000
avance = -13.000000, avanceR = 2.000000, avanceI = 2.000000
inc_x_r = 0.000000, inc_y_r = 1.000000, inc_x_i = 1.000000, inc_y_i = 1.000000
En el else......

----------------------------------------
x = 25.000000, y = 134.000000
avance = -11.000000, avanceR = 2.000000, avanceI = 2.000000
inc_x_r = 0.000000, inc_y_r = 1.000000, inc_x_i = 1.000000, inc_y_i = 1.000000
En el else......

----------------------------------------
x = 25.000000, y = 135.000000
avance = -9.000000, avanceR = 2.000000, avanceI = 2.000000
inc_x_r = 0.000000, inc_y_r = 1.000000, inc_x_i = 1.000000, inc_y_i = 1.000000
En el else......

----------------------------------------
x = 25.000000, y = 136.000000
avance = -7.000000, avanceR = 2.000000, avanceI = 2.000000
inc_x_r = 0.000000, inc_y_r = 1.000000, inc_x_i = 1.000000, inc_y_i = 1.000000
En el else......

----------------------------------------
x = 25.000000, y = 137.000000
avance = -5.000000, avanceR = 2.000000, avanceI = 2.000000
inc_x_r = 0.000000, inc_y_r = 1.000000, inc_x_i = 1.000000, inc_y_i = 1.000000
En el else......

----------------------------------------
x = 25.000000, y = 138.000000
avance = -3.000000, avanceR = 2.000000, avanceI = 2.000000
inc_x_r = 0.000000, inc_y_r = 1.000000, inc_x_i = 1.000000, inc_y_i = 1.000000
En el else......

----------------------------------------
x = 25.000000, y = 139.000000
avance = -1.000000, avanceR = 2.000000, avanceI = 2.000000
inc_x_r = 0.000000, inc_y_r = 1.000000, inc_x_i = 1.000000, inc_y_i = 1.000000
En el else......

----------------------------------------
x = 25.000000, y = 140.000000
avance = 1.000000, avanceR = 2.000000, avanceI = 2.000000
inc_x_r = 0.000000, inc_y_r = 1.000000, inc_x_i = 1.000000, inc_y_i = 1.000000
avance >= 0

----------------------------------------
x = 26.000000, y = 141.000000
avance = -499.000000, avanceR = 2.000000, avanceI = 2.000000
inc_x_r = 0.000000, inc_y_r = 1.000000, inc_x_i = 1.000000, inc_y_i = 1.000000
En el else......

----------------------------------------
x = 26.000000, y = 142.000000
avance = -497.000000, avanceR = 2.000000, avanceI = 2.000000
inc_x_r = 0.000000, inc_y_r = 1.000000, inc_x_i = 1.000000, inc_y_i = 1.000000
En el else......

----------------------------------------
x = 26.000000, y = 143.000000
avance = -495.000000, avanceR = 2.000000, avanceI = 2.000000
inc_x_r = 0.000000, inc_y_r = 1.000000, inc_x_i = 1.000000, inc_y_i = 1.000000
En el else......

----------------------------------------
x = 26.000000, y = 144.000000
avance = -493.000000, avanceR = 2.000000, avanceI = 2.000000
inc_x_r = 0.000000, inc_y_r = 1.000000, inc_x_i = 1.000000, inc_y_i = 1.000000
En el else......

----------------------------------------
x = 26.000000, y = 145.000000
avance = -491.000000, avanceR = 2.000000, avanceI = 2.000000
inc_x_r = 0.000000, inc_y_r = 1.000000, inc_x_i = 1.000000, inc_y_i = 1.000000
En el else......

----------------------------------------
x = 26.000000, y = 146.000000
avance = -489.000000, avanceR = 2.000000, avanceI = 2.000000
inc_x_r = 0.000000, inc_y_r = 1.000000, inc_x_i = 1.000000, inc_y_i = 1.000000
En el else......

----------------------------------------
x = 26.000000, y = 147.000000
avance = -487.000000, avanceR = 2.000000, avanceI = 2.000000
inc_x_r = 0.000000, inc_y_r = 1.000000, inc_x_i = 1.000000, inc_y_i = 1.000000
En el else......

----------------------------------------
x = 26.000000, y = 148.000000
avance = -485.000000, avanceR = 2.000000, avanceI = 2.000000
inc_x_r = 0.000000, inc_y_r = 1.000000, inc_x_i = 1.000000, inc_y_i = 1.000000
En el else......

----------------------------------------
x = 26.000000, y = 149.000000
avance = -483.000000, avanceR = 2.000000, avanceI = 2.000000
inc_x_r = 0.000000, inc_y_r = 1.000000, inc_x_i = 1.000000, inc_y_i = 1.000000
En el else......

----------------------------------------
x = 26.000000, y = 150.000000
avance = -481.000000, avanceR = 2.000000, avanceI = 2.000000
inc_x_r = 0.000000, inc_y_r = 1.000000, inc_x_i = 1.000000, inc_y_i = 1.000000
En el else......

----------------------------------------
x = 26.000000, y = 151.000000
avance = -479.000000, avanceR = 2.000000, avanceI = 2.000000
inc_x_r = 0.000000, inc_y_r = 1.000000, inc_x_i = 1.000000, inc_y_i = 1.000000
En el else......

----------------------------------------
x = 26.000000, y = 152.000000
avance = -477.000000, avanceR = 2.000000, avanceI = 2.000000
inc_x_r = 0.000000, inc_y_r = 1.000000, inc_x_i = 1.000000, inc_y_i = 1.000000
En el else......

----------------------------------------
x = 26.000000, y = 153.000000
avance = -475.000000, avanceR = 2.000000, avanceI = 2.000000
inc_x_r = 0.000000, inc_y_r = 1.000000, inc_x_i = 1.000000, inc_y_i = 1.000000
En el else......

----------------------------------------
x = 26.000000, y = 154.000000
avance = -473.000000, avanceR = 2.000000, avanceI = 2.000000
inc_x_r = 0.000000, inc_y_r = 1.000000, inc_x_i = 1.000000, inc_y_i = 1.000000
En el else......

----------------------------------------
x = 26.000000, y = 155.000000
avance = -471.000000, avanceR = 2.000000, avanceI = 2.000000
inc_x_r = 0.000000, inc_y_r = 1.000000, inc_x_i = 1.000000, inc_y_i = 1.000000
En el else......

----------------------------------------
x = 26.000000, y = 156.000000
avance = -469.000000, avanceR = 2.000000, avanceI = 2.000000
inc_x_r = 0.000000, inc_y_r = 1.000000, inc_x_i = 1.000000, inc_y_i = 1.000000
En el else......

----------------------------------------
x = 26.000000, y = 157.000000
avance = -467.000000, avanceR = 2.000000, avanceI = 2.000000
inc_x_r = 0.000000, inc_y_r = 1.000000, inc_x_i = 1.000000, inc_y_i = 1.000000
En el else......

----------------------------------------
x = 26.000000, y = 158.000000
avance = -465.000000, avanceR = 2.000000, avanceI = 2.000000
inc_x_r = 0.000000, inc_y_r = 1.000000, inc_x_i = 1.000000, inc_y_i = 1.000000
En el else......

----------------------------------------
x = 26.000000, y = 159.000000
avance = -463.000000, avanceR = 2.000000, avanceI = 2.000000
inc_x_r = 0.000000, inc_y_r = 1.000000, inc_x_i = 1.000000, inc_y_i = 1.000000
En el else......

----------------------------------------
x = 26.000000, y = 160.000000
avance = -461.000000, avanceR = 2.000000, avanceI = 2.000000
inc_x_r = 0.000000, inc_y_r = 1.000000, inc_x_i = 1.000000, inc_y_i = 1.000000
En el else......

----------------------------------------
x = 26.000000, y = 161.000000
avance = -459.000000, avanceR = 2.000000, avanceI = 2.000000
inc_x_r = 0.000000, inc_y_r = 1.000000, inc_x_i = 1.000000, inc_y_i = 1.000000
En el else......

----------------------------------------
x = 26.000000, y = 162.000000
avance = -457.000000, avanceR = 2.000000, avanceI = 2.000000
inc_x_r = 0.000000, inc_y_r = 1.000000, inc_x_i = 1.000000, inc_y_i = 1.000000
En el else......

----------------------------------------
x = 26.000000, y = 163.000000
avance = -455.000000, avanceR = 2.000000, avanceI = 2.000000
inc_x_r = 0.000000, inc_y_r = 1.000000, inc_x_i = 1.000000, inc_y_i = 1.000000
En el else......

----------------------------------------
x = 26.000000, y = 164.000000
avance = -453.000000, avanceR = 2.000000, avanceI = 2.000000
inc_x_r = 0.000000, inc_y_r = 1.000000, inc_x_i = 1.000000, inc_y_i = 1.000000
En el else......

----------------------------------------
x = 26.000000, y = 165.000000
avance = -451.000000, avanceR = 2.000000, avanceI = 2.000000
inc_x_r = 0.000000, inc_y_r = 1.000000, inc_x_i = 1.000000, inc_y_i = 1.000000
En el else......

----------------------------------------
x = 26.000000, y = 166.000000
avance = -449.000000, avanceR = 2.000000, avanceI = 2.000000
inc_x_r = 0.000000, inc_y_r = 1.000000, inc_x_i = 1.000000, inc_y_i = 1.000000
En el else......

----------------------------------------
x = 26.000000, y = 167.000000
avance = -447.000000, avanceR = 2.000000, avanceI = 2.000000
inc_x_r = 0.000000, inc_y_r = 1.000000, inc_x_i = 1.000000, inc_y_i = 1.000000
En el else......

----------------------------------------
x = 26.000000, y = 168.000000
avance = -445.000000, avanceR = 2.000000, avanceI = 2.000000
inc_x_r = 0.000000, inc_y_r = 1.000000, inc_x_i = 1.000000, inc_y_i = 1.000000
En el else......

----------------------------------------
x = 26.000000, y = 169.000000
avance = -443.000000, avanceR = 2.000000, avanceI = 2.000000
inc_x_r = 0.000000, inc_y_r = 1.000000, inc_x_i = 1.000000, inc_y_i = 1.000000
En el else......

----------------------------------------
x = 26.000000, y = 170.000000
avance = -441.000000, avanceR = 2.000000, avanceI = 2.000000
inc_x_r = 0.000000, inc_y_r = 1.000000, inc_x_i = 1.000000, inc_y_i = 1.000000
En el else......

----------------------------------------
x = 26.000000, y = 171.000000
avance = -439.000000, avanceR = 2.000000, avanceI = 2.000000
inc_x_r = 0.000000, inc_y_r = 1.000000, inc_x_i = 1.000000, inc_y_i = 1.000000
En el else......

----------------------------------------
x = 26.000000, y = 172.000000
avance = -437.000000, avanceR = 2.000000, avanceI = 2.000000
inc_x_r = 0.000000, inc_y_r = 1.000000, inc_x_i = 1.000000, inc_y_i = 1.000000
En el else......

----------------------------------------
x = 26.000000, y = 173.000000
avance = -435.000000, avanceR = 2.000000, avanceI = 2.000000
inc_x_r = 0.000000, inc_y_r = 1.000000, inc_x_i = 1.000000, inc_y_i = 1.000000
En el else......

----------------------------------------
x = 26.000000, y = 174.000000
avance = -433.000000, avanceR = 2.000000, avanceI = 2.000000
inc_x_r = 0.000000, inc_y_r = 1.000000, inc_x_i = 1.000000, inc_y_i = 1.000000
En el else......

----------------------------------------
x = 26.000000, y = 175.000000
avance = -431.000000, avanceR = 2.000000, avanceI = 2.000000
inc_x_r = 0.000000, inc_y_r = 1.000000, inc_x_i = 1.000000, inc_y_i = 1.000000
En el else......

----------------------------------------
x = 26.000000, y = 176.000000
avance = -429.000000, avanceR = 2.000000, avanceI = 2.000000
inc_x_r = 0.000000, inc_y_r = 1.000000, inc_x_i = 1.000000, inc_y_i = 1.000000
En el else......

----------------------------------------
x = 26.000000, y = 177.000000
avance = -427.000000, avanceR = 2.000000, avanceI = 2.000000
inc_x_r = 0.000000, inc_y_r = 1.000000, inc_x_i = 1.000000, inc_y_i = 1.000000
En el else......

----------------------------------------
x = 26.000000, y = 178.000000
avance = -425.000000, avanceR = 2.000000, avanceI = 2.000000
inc_x_r = 0.000000, inc_y_r = 1.000000, inc_x_i = 1.000000, inc_y_i = 1.000000
En el else......

----------------------------------------
x = 26.000000, y = 179.000000
avance = -423.000000, avanceR = 2.000000, avanceI = 2.000000
inc_x_r = 0.000000, inc_y_r = 1.000000, inc_x_i = 1.000000, inc_y_i = 1.000000
En el else......

----------------------------------------
x = 26.000000, y = 180.000000
avance = -421.000000, avanceR = 2.000000, avanceI = 2.000000
inc_x_r = 0.000000, inc_y_r = 1.000000, inc_x_i = 1.000000, inc_y_i = 1.000000
En el else......

----------------------------------------
x = 26.000000, y = 181.000000
avance = -419.000000, avanceR = 2.000000, avanceI = 2.000000
inc_x_r = 0.000000, inc_y_r = 1.000000, inc_x_i = 1.000000, inc_y_i = 1.000000
En el else......

----------------------------------------
x = 26.000000, y = 182.000000
avance = -417.000000, avanceR = 2.000000, avanceI = 2.000000
inc_x_r = 0.000000, inc_y_r = 1.000000, inc_x_i = 1.000000, inc_y_i = 1.000000
En el else......

----------------------------------------
x = 26.000000, y = 183.000000
avance = -415.000000, avanceR = 2.000000, avanceI = 2.000000
inc_x_r = 0.000000, inc_y_r = 1.000000, inc_x_i = 1.000000, inc_y_i = 1.000000
En el else......

----------------------------------------
x = 26.000000, y = 184.000000
avance = -413.000000, avanceR = 2.000000, avanceI = 2.000000
inc_x_r = 0.000000, inc_y_r = 1.000000, inc_x_i = 1.000000, inc_y_i = 1.000000
En el else......

----------------------------------------
x = 26.000000, y = 185.000000
avance = -411.000000, avanceR = 2.000000, avanceI = 2.000000
inc_x_r = 0.000000, inc_y_r = 1.000000, inc_x_i = 1.000000, inc_y_i = 1.000000
En el else......

----------------------------------------
x = 26.000000, y = 186.000000
avance = -409.000000, avanceR = 2.000000, avanceI = 2.000000
inc_x_r = 0.000000, inc_y_r = 1.000000, inc_x_i = 1.000000, inc_y_i = 1.000000
En el else......

----------------------------------------
x = 26.000000, y = 187.000000
avance = -407.000000, avanceR = 2.000000, avanceI = 2.000000
inc_x_r = 0.000000, inc_y_r = 1.000000, inc_x_i = 1.000000, inc_y_i = 1.000000
En el else......

----------------------------------------
x = 26.000000, y = 188.000000
avance = -405.000000, avanceR = 2.000000, avanceI = 2.000000
inc_x_r = 0.000000, inc_y_r = 1.000000, inc_x_i = 1.000000, inc_y_i = 1.000000
En el else......

----------------------------------------
x = 26.000000, y = 189.000000
avance = -403.000000, avanceR = 2.000000, avanceI = 2.000000
inc_x_r = 0.000000, inc_y_r = 1.000000, inc_x_i = 1.000000, inc_y_i = 1.000000
En el else......

----------------------------------------
x = 26.000000, y = 190.000000
avance = -401.000000, avanceR = 2.000000, avanceI = 2.000000
inc_x_r = 0.000000, inc_y_r = 1.000000, inc_x_i = 1.000000, inc_y_i = 1.000000
En el else......

----------------------------------------
x = 26.000000, y = 191.000000
avance = -399.000000, avanceR = 2.000000, avanceI = 2.000000
inc_x_r = 0.000000, inc_y_r = 1.000000, inc_x_i = 1.000000, inc_y_i = 1.000000
En el else......

----------------------------------------
x = 26.000000, y = 192.000000
avance = -397.000000, avanceR = 2.000000, avanceI = 2.000000
inc_x_r = 0.000000, inc_y_r = 1.000000, inc_x_i = 1.000000, inc_y_i = 1.000000
En el else......

----------------------------------------
x = 26.000000, y = 193.000000
avance = -395.000000, avanceR = 2.000000, avanceI = 2.000000
inc_x_r = 0.000000, inc_y_r = 1.000000, inc_x_i = 1.000000, inc_y_i = 1.000000
En el else......

----------------------------------------
x = 26.000000, y = 194.000000
avance = -393.000000, avanceR = 2.000000, avanceI = 2.000000
inc_x_r = 0.000000, inc_y_r = 1.000000, inc_x_i = 1.000000, inc_y_i = 1.000000
En el else......

----------------------------------------
x = 26.000000, y = 195.000000
avance = -391.000000, avanceR = 2.000000, avanceI = 2.000000
inc_x_r = 0.000000, inc_y_r = 1.000000, inc_x_i = 1.000000, inc_y_i = 1.000000
En el else......

----------------------------------------
x = 26.000000, y = 196.000000
avance = -389.000000, avanceR = 2.000000, avanceI = 2.000000
inc_x_r = 0.000000, inc_y_r = 1.000000, inc_x_i = 1.000000, inc_y_i = 1.000000
En el else......

----------------------------------------
x = 26.000000, y = 197.000000
avance = -387.000000, avanceR = 2.000000, avanceI = 2.000000
inc_x_r = 0.000000, inc_y_r = 1.000000, inc_x_i = 1.000000, inc_y_i = 1.000000
En el else......

----------------------------------------
x = 26.000000, y = 198.000000
avance = -385.000000, avanceR = 2.000000, avanceI = 2.000000
inc_x_r = 0.000000, inc_y_r = 1.000000, inc_x_i = 1.000000, inc_y_i = 1.000000
En el else......

----------------------------------------
x = 26.000000, y = 199.000000
avance = -383.000000, avanceR = 2.000000, avanceI = 2.000000
inc_x_r = 0.000000, inc_y_r = 1.000000, inc_x_i = 1.000000, inc_y_i = 1.000000
En el else......

----------------------------------------
x = 26.000000, y = 200.000000
avance = -381.000000, avanceR = 2.000000, avanceI = 2.000000
inc_x_r = 0.000000, inc_y_r = 1.000000, inc_x_i = 1.000000, inc_y_i = 1.000000
En el else......

----------------------------------------
x = 26.000000, y = 201.000000
avance = -379.000000, avanceR = 2.000000, avanceI = 2.000000
inc_x_r = 0.000000, inc_y_r = 1.000000, inc_x_i = 1.000000, inc_y_i = 1.000000
En el else......

----------------------------------------
x = 26.000000, y = 202.000000
avance = -377.000000, avanceR = 2.000000, avanceI = 2.000000
inc_x_r = 0.000000, inc_y_r = 1.000000, inc_x_i = 1.000000, inc_y_i = 1.000000
En el else......

----------------------------------------
x = 26.000000, y = 203.000000
avance = -375.000000, avanceR = 2.000000, avanceI = 2.000000
inc_x_r = 0.000000, inc_y_r = 1.000000, inc_x_i = 1.000000, inc_y_i = 1.000000
En el else......

----------------------------------------
x = 26.000000, y = 204.000000
avance = -373.000000, avanceR = 2.000000, avanceI = 2.000000
inc_x_r = 0.000000, inc_y_r = 1.000000, inc_x_i = 1.000000, inc_y_i = 1.000000
En el else......

----------------------------------------
x = 26.000000, y = 205.000000
avance = -371.000000, avanceR = 2.000000, avanceI = 2.000000
inc_x_r = 0.000000, inc_y_r = 1.000000, inc_x_i = 1.000000, inc_y_i = 1.000000
En el else......

----------------------------------------
x = 26.000000, y = 206.000000
avance = -369.000000, avanceR = 2.000000, avanceI = 2.000000
inc_x_r = 0.000000, inc_y_r = 1.000000, inc_x_i = 1.000000, inc_y_i = 1.000000
En el else......

----------------------------------------
x = 26.000000, y = 207.000000
avance = -367.000000, avanceR = 2.000000, avanceI = 2.000000
inc_x_r = 0.000000, inc_y_r = 1.000000, inc_x_i = 1.000000, inc_y_i = 1.000000
En el else......

----------------------------------------
x = 26.000000, y = 208.000000
avance = -365.000000, avanceR = 2.000000, avanceI = 2.000000
inc_x_r = 0.000000, inc_y_r = 1.000000, inc_x_i = 1.000000, inc_y_i = 1.000000
En el else......

----------------------------------------
x = 26.000000, y = 209.000000
avance = -363.000000, avanceR = 2.000000, avanceI = 2.000000
inc_x_r = 0.000000, inc_y_r = 1.000000, inc_x_i = 1.000000, inc_y_i = 1.000000
En el else......

----------------------------------------
x = 26.000000, y = 210.000000
avance = -361.000000, avanceR = 2.000000, avanceI = 2.000000
inc_x_r = 0.000000, inc_y_r = 1.000000, inc_x_i = 1.000000, inc_y_i = 1.000000
En el else......

----------------------------------------
x = 26.000000, y = 211.000000
avance = -359.000000, avanceR = 2.000000, avanceI = 2.000000
inc_x_r = 0.000000, inc_y_r = 1.000000, inc_x_i = 1.000000, inc_y_i = 1.000000
En el else......

----------------------------------------
x = 26.000000, y = 212.000000
avance = -357.000000, avanceR = 2.000000, avanceI = 2.000000
inc_x_r = 0.000000, inc_y_r = 1.000000, inc_x_i = 1.000000, inc_y_i = 1.000000
En el else......

----------------------------------------
x = 26.000000, y = 213.000000
avance = -355.000000, avanceR = 2.000000, avanceI = 2.000000
inc_x_r = 0.000000, inc_y_r = 1.000000, inc_x_i = 1.000000, inc_y_i = 1.000000
En el else......

----------------------------------------
x = 26.000000, y = 214.000000
avance = -353.000000, avanceR = 2.000000, avanceI = 2.000000
inc_x_r = 0.000000, inc_y_r = 1.000000, inc_x_i = 1.000000, inc_y_i = 1.000000
En el else......

----------------------------------------
x = 26.000000, y = 215.000000
avance = -351.000000, avanceR = 2.000000, avanceI = 2.000000
inc_x_r = 0.000000, inc_y_r = 1.000000, inc_x_i = 1.000000, inc_y_i = 1.000000
En el else......

----------------------------------------
x = 26.000000, y = 216.000000
avance = -349.000000, avanceR = 2.000000, avanceI = 2.000000
inc_x_r = 0.000000, inc_y_r = 1.000000, inc_x_i = 1.000000, inc_y_i = 1.000000
En el else......

----------------------------------------
x = 26.000000, y = 217.000000
avance = -347.000000, avanceR = 2.000000, avanceI = 2.000000
inc_x_r = 0.000000, inc_y_r = 1.000000, inc_x_i = 1.000000, inc_y_i = 1.000000
En el else......

----------------------------------------
x = 26.000000, y = 218.000000
avance = -345.000000, avanceR = 2.000000, avanceI = 2.000000
inc_x_r = 0.000000, inc_y_r = 1.000000, inc_x_i = 1.000000, inc_y_i = 1.000000
En el else......

----------------------------------------
x = 26.000000, y = 219.000000
avance = -343.000000, avanceR = 2.000000, avanceI = 2.000000
inc_x_r = 0.000000, inc_y_r = 1.000000, inc_x_i = 1.000000, inc_y_i = 1.000000
En el else......

----------------------------------------
x = 26.000000, y = 220.000000
avance = -341.000000, avanceR = 2.000000, avanceI = 2.000000
inc_x_r = 0.000000, inc_y_r = 1.000000, inc_x_i = 1.000000, inc_y_i = 1.000000
En el else......

----------------------------------------
x = 26.000000, y = 221.000000
avance = -339.000000, avanceR = 2.000000, avanceI = 2.000000
inc_x_r = 0.000000, inc_y_r = 1.000000, inc_x_i = 1.000000, inc_y_i = 1.000000
En el else......

----------------------------------------
x = 26.000000, y = 222.000000
avance = -337.000000, avanceR = 2.000000, avanceI = 2.000000
inc_x_r = 0.000000, inc_y_r = 1.000000, inc_x_i = 1.000000, inc_y_i = 1.000000
En el else......

----------------------------------------
x = 26.000000, y = 223.000000
avance = -335.000000, avanceR = 2.000000, avanceI = 2.000000
inc_x_r = 0.000000, inc_y_r = 1.000000, inc_x_i = 1.000000, inc_y_i = 1.000000
En el else......

----------------------------------------
x = 26.000000, y = 224.000000
avance = -333.000000, avanceR = 2.000000, avanceI = 2.000000
inc_x_r = 0.000000, inc_y_r = 1.000000, inc_x_i = 1.000000, inc_y_i = 1.000000
En el else......

----------------------------------------
x = 26.000000, y = 225.000000
avance = -331.000000, avanceR = 2.000000, avanceI = 2.000000
inc_x_r = 0.000000, inc_y_r = 1.000000, inc_x_i = 1.000000, inc_y_i = 1.000000
En el else......

----------------------------------------
x = 26.000000, y = 226.000000
avance = -329.000000, avanceR = 2.000000, avanceI = 2.000000
inc_x_r = 0.000000, inc_y_r = 1.000000, inc_x_i = 1.000000, inc_y_i = 1.000000
En el else......

----------------------------------------
x = 26.000000, y = 227.000000
avance = -327.000000, avanceR = 2.000000, avanceI = 2.000000
inc_x_r = 0.000000, inc_y_r = 1.000000, inc_x_i = 1.000000, inc_y_i = 1.000000
En el else......

----------------------------------------
x = 26.000000, y = 228.000000
avance = -325.000000, avanceR = 2.000000, avanceI = 2.000000
inc_x_r = 0.000000, inc_y_r = 1.000000, inc_x_i = 1.000000, inc_y_i = 1.000000
En el else......

----------------------------------------
x = 26.000000, y = 229.000000
avance = -323.000000, avanceR = 2.000000, avanceI = 2.000000
inc_x_r = 0.000000, inc_y_r = 1.000000, inc_x_i = 1.000000, inc_y_i = 1.000000
En el else......

----------------------------------------
x = 26.000000, y = 230.000000
avance = -321.000000, avanceR = 2.000000, avanceI = 2.000000
inc_x_r = 0.000000, inc_y_r = 1.000000, inc_x_i = 1.000000, inc_y_i = 1.000000
En el else......

----------------------------------------
x = 26.000000, y = 231.000000
avance = -319.000000, avanceR = 2.000000, avanceI = 2.000000
inc_x_r = 0.000000, inc_y_r = 1.000000, inc_x_i = 1.000000, inc_y_i = 1.000000
En el else......

----------------------------------------
x = 26.000000, y = 232.000000
avance = -317.000000, avanceR = 2.000000, avanceI = 2.000000
inc_x_r = 0.000000, inc_y_r = 1.000000, inc_x_i = 1.000000, inc_y_i = 1.000000
En el else......

----------------------------------------
x = 26.000000, y = 233.000000
avance = -315.000000, avanceR = 2.000000, avanceI = 2.000000
inc_x_r = 0.000000, inc_y_r = 1.000000, inc_x_i = 1.000000, inc_y_i = 1.000000
En el else......

----------------------------------------
x = 26.000000, y = 234.000000
avance = -313.000000, avanceR = 2.000000, avanceI = 2.000000
inc_x_r = 0.000000, inc_y_r = 1.000000, inc_x_i = 1.000000, inc_y_i = 1.000000
En el else......

----------------------------------------
x = 26.000000, y = 235.000000
avance = -311.000000, avanceR = 2.000000, avanceI = 2.000000
inc_x_r = 0.000000, inc_y_r = 1.000000, inc_x_i = 1.000000, inc_y_i = 1.000000
En el else......

----------------------------------------
x = 26.000000, y = 236.000000
avance = -309.000000, avanceR = 2.000000, avanceI = 2.000000
inc_x_r = 0.000000, inc_y_r = 1.000000, inc_x_i = 1.000000, inc_y_i = 1.000000
En el else......

----------------------------------------
x = 26.000000, y = 237.000000
avance = -307.000000, avanceR = 2.000000, avanceI = 2.000000
inc_x_r = 0.000000, inc_y_r = 1.000000, inc_x_i = 1.000000, inc_y_i = 1.000000
En el else......

----------------------------------------
x = 26.000000, y = 238.000000
avance = -305.000000, avanceR = 2.000000, avanceI = 2.000000
inc_x_r = 0.000000, inc_y_r = 1.000000, inc_x_i = 1.000000, inc_y_i = 1.000000
En el else......

----------------------------------------
x = 26.000000, y = 239.000000
avance = -303.000000, avanceR = 2.000000, avanceI = 2.000000
inc_x_r = 0.000000, inc_y_r = 1.000000, inc_x_i = 1.000000, inc_y_i = 1.000000
En el else......

----------------------------------------
x = 26.000000, y = 240.000000
avance = -301.000000, avanceR = 2.000000, avanceI = 2.000000
inc_x_r = 0.000000, inc_y_r = 1.000000, inc_x_i = 1.000000, inc_y_i = 1.000000
En el else......

----------------------------------------
x = 26.000000, y = 241.000000
avance = -299.000000, avanceR = 2.000000, avanceI = 2.000000
inc_x_r = 0.000000, inc_y_r = 1.000000, inc_x_i = 1.000000, inc_y_i = 1.000000
En el else......

----------------------------------------
x = 26.000000, y = 242.000000
avance = -297.000000, avanceR = 2.000000, avanceI = 2.000000
inc_x_r = 0.000000, inc_y_r = 1.000000, inc_x_i = 1.000000, inc_y_i = 1.000000
En el else......

----------------------------------------
x = 26.000000, y = 243.000000
avance = -295.000000, avanceR = 2.000000, avanceI = 2.000000
inc_x_r = 0.000000, inc_y_r = 1.000000, inc_x_i = 1.000000, inc_y_i = 1.000000
En el else......

----------------------------------------
x = 26.000000, y = 244.000000
avance = -293.000000, avanceR = 2.000000, avanceI = 2.000000
inc_x_r = 0.000000, inc_y_r = 1.000000, inc_x_i = 1.000000, inc_y_i = 1.000000
En el else......

----------------------------------------
x = 26.000000, y = 245.000000
avance = -291.000000, avanceR = 2.000000, avanceI = 2.000000
inc_x_r = 0.000000, inc_y_r = 1.000000, inc_x_i = 1.000000, inc_y_i = 1.000000
En el else......

----------------------------------------
x = 26.000000, y = 246.000000
avance = -289.000000, avanceR = 2.000000, avanceI = 2.000000
inc_x_r = 0.000000, inc_y_r = 1.000000, inc_x_i = 1.000000, inc_y_i = 1.000000
En el else......

----------------------------------------
x = 26.000000, y = 247.000000
avance = -287.000000, avanceR = 2.000000, avanceI = 2.000000
inc_x_r = 0.000000, inc_y_r = 1.000000, inc_x_i = 1.000000, inc_y_i = 1.000000
En el else......

----------------------------------------
x = 26.000000, y = 248.000000
avance = -285.000000, avanceR = 2.000000, avanceI = 2.000000
inc_x_r = 0.000000, inc_y_r = 1.000000, inc_x_i = 1.000000, inc_y_i = 1.000000
En el else......

----------------------------------------
x = 26.000000, y = 249.000000
avance = -283.000000, avanceR = 2.000000, avanceI = 2.000000
inc_x_r = 0.000000, inc_y_r = 1.000000, inc_x_i = 1.000000, inc_y_i = 1.000000
En el else......

----------------------------------------
x = 26.000000, y = 250.000000
avance = -281.000000, avanceR = 2.000000, avanceI = 2.000000
inc_x_r = 0.000000, inc_y_r = 1.000000, inc_x_i = 1.000000, inc_y_i = 1.000000
En el else......

----------------------------------------
x = 26.000000, y = 251.000000
avance = -279.000000, avanceR = 2.000000, avanceI = 2.000000
inc_x_r = 0.000000, inc_y_r = 1.000000, inc_x_i = 1.000000, inc_y_i = 1.000000
En el else......

----------------------------------------
x = 26.000000, y = 252.000000
avance = -277.000000, avanceR = 2.000000, avanceI = 2.000000
inc_x_r = 0.000000, inc_y_r = 1.000000, inc_x_i = 1.000000, inc_y_i = 1.000000
En el else......

----------------------------------------
x = 26.000000, y = 253.000000
avance = -275.000000, avanceR = 2.000000, avanceI = 2.000000
inc_x_r = 0.000000, inc_y_r = 1.000000, inc_x_i = 1.000000, inc_y_i = 1.000000
En el else......

----------------------------------------
x = 26.000000, y = 254.000000
avance = -273.000000, avanceR = 2.000000, avanceI = 2.000000
inc_x_r = 0.000000, inc_y_r = 1.000000, inc_x_i = 1.000000, inc_y_i = 1.000000
En el else......

----------------------------------------
x = 26.000000, y = 255.000000
avance = -271.000000, avanceR = 2.000000, avanceI = 2.000000
inc_x_r = 0.000000, inc_y_r = 1.000000, inc_x_i = 1.000000, inc_y_i = 1.000000
En el else......

----------------------------------------
x = 26.000000, y = 256.000000
avance = -269.000000, avanceR = 2.000000, avanceI = 2.000000
inc_x_r = 0.000000, inc_y_r = 1.000000, inc_x_i = 1.000000, inc_y_i = 1.000000
En el else......

----------------------------------------
x = 26.000000, y = 257.000000
avance = -267.000000, avanceR = 2.000000, avanceI = 2.000000
inc_x_r = 0.000000, inc_y_r = 1.000000, inc_x_i = 1.000000, inc_y_i = 1.000000
En el else......

----------------------------------------
x = 26.000000, y = 258.000000
avance = -265.000000, avanceR = 2.000000, avanceI = 2.000000
inc_x_r = 0.000000, inc_y_r = 1.000000, inc_x_i = 1.000000, inc_y_i = 1.000000
En el else......

----------------------------------------
x = 26.000000, y = 259.000000
avance = -263.000000, avanceR = 2.000000, avanceI = 2.000000
inc_x_r = 0.000000, inc_y_r = 1.000000, inc_x_i = 1.000000, inc_y_i = 1.000000
En el else......

----------------------------------------
x = 26.000000, y = 260.000000
avance = -261.000000, avanceR = 2.000000, avanceI = 2.000000
inc_x_r = 0.000000, inc_y_r = 1.000000, inc_x_i = 1.000000, inc_y_i = 1.000000
En el else......

----------------------------------------
x = 26.000000, y = 261.000000
avance = -259.000000, avanceR = 2.000000, avanceI = 2.000000
inc_x_r = 0.000000, inc_y_r = 1.000000, inc_x_i = 1.000000, inc_y_i = 1.000000
En el else......

----------------------------------------
x = 26.000000, y = 262.000000
avance = -257.000000, avanceR = 2.000000, avanceI = 2.000000
inc_x_r = 0.000000, inc_y_r = 1.000000, inc_x_i = 1.000000, inc_y_i = 1.000000
En el else......

----------------------------------------
x = 26.000000, y = 263.000000
avance = -255.000000, avanceR = 2.000000, avanceI = 2.000000
inc_x_r = 0.000000, inc_y_r = 1.000000, inc_x_i = 1.000000, inc_y_i = 1.000000
En el else......

----------------------------------------
x = 26.000000, y = 264.000000
avance = -253.000000, avanceR = 2.000000, avanceI = 2.000000
inc_x_r = 0.000000, inc_y_r = 1.000000, inc_x_i = 1.000000, inc_y_i = 1.000000
En el else......

----------------------------------------
x = 26.000000, y = 265.000000
avance = -251.000000, avanceR = 2.000000, avanceI = 2.000000
inc_x_r = 0.000000, inc_y_r = 1.000000, inc_x_i = 1.000000, inc_y_i = 1.000000
En el else......

----------------------------------------


ENTRAMOS A BRESENHAMªªªª
x1 = 25.000000 - y1 = 15.000000 || x2 = 26.000000 - y2 = 266.000000
dy = 251.000000, dx = 1.000000
avances inclinados: inc_x_i = 1.000000, inc_y_i = 1.000000
updated: dy = 251.000000, dx = 1.000000
avances rectos: inc_x_r = 0.000000, inc_y_r 1.000000
reupdated: dy = 1.000000, dx = 251.000000
avanceR = 2.000000, avance -249.000000, avanceI 2.000000
----------------------------------------
x = 25.000000, y = 15.000000
avance = -249.000000, avanceR = 2.000000, avanceI = 2.000000
inc_x_r = 0.000000, inc_y_r = 1.000000, inc_x_i = 1.000000, inc_y_i = 1.000000
En el else......

----------------------------------------
x = 25.000000, y = 16.000000
avance = -247.000000, avanceR = 2.000000, avanceI = 2.000000
inc_x_r = 0.000000, inc_y_r = 1.000000, inc_x_i = 1.000000, inc_y_i = 1.000000
En el else......

----------------------------------------
x = 25.000000, y = 17.000000
avance = -245.000000, avanceR = 2.000000, avanceI = 2.000000
inc_x_r = 0.000000, inc_y_r = 1.000000, inc_x_i = 1.000000, inc_y_i = 1.000000
En el else......

----------------------------------------
x = 25.000000, y = 18.000000
avance = -243.000000, avanceR = 2.000000, avanceI = 2.000000
inc_x_r = 0.000000, inc_y_r = 1.000000, inc_x_i = 1.000000, inc_y_i = 1.000000
En el else......

----------------------------------------
x = 25.000000, y = 19.000000
avance = -241.000000, avanceR = 2.000000, avanceI = 2.000000
inc_x_r = 0.000000, inc_y_r = 1.000000, inc_x_i = 1.000000, inc_y_i = 1.000000
En el else......

----------------------------------------
x = 25.000000, y = 20.000000
avance = -239.000000, avanceR = 2.000000, avanceI = 2.000000
inc_x_r = 0.000000, inc_y_r = 1.000000, inc_x_i = 1.000000, inc_y_i = 1.000000
En el else......

----------------------------------------
x = 25.000000, y = 21.000000
avance = -237.000000, avanceR = 2.000000, avanceI = 2.000000
inc_x_r = 0.000000, inc_y_r = 1.000000, inc_x_i = 1.000000, inc_y_i = 1.000000
En el else......

----------------------------------------
x = 25.000000, y = 22.000000
avance = -235.000000, avanceR = 2.000000, avanceI = 2.000000
inc_x_r = 0.000000, inc_y_r = 1.000000, inc_x_i = 1.000000, inc_y_i = 1.000000
En el else......

----------------------------------------
x = 25.000000, y = 23.000000
avance = -233.000000, avanceR = 2.000000, avanceI = 2.000000
inc_x_r = 0.000000, inc_y_r = 1.000000, inc_x_i = 1.000000, inc_y_i = 1.000000
En el else......

----------------------------------------
x = 25.000000, y = 24.000000
avance = -231.000000, avanceR = 2.000000, avanceI = 2.000000
inc_x_r = 0.000000, inc_y_r = 1.000000, inc_x_i = 1.000000, inc_y_i = 1.000000
En el else......

----------------------------------------
x = 25.000000, y = 25.000000
avance = -229.000000, avanceR = 2.000000, avanceI = 2.000000
inc_x_r = 0.000000, inc_y_r = 1.000000, inc_x_i = 1.000000, inc_y_i = 1.000000
En el else......

----------------------------------------
x = 25.000000, y = 26.000000
avance = -227.000000, avanceR = 2.000000, avanceI = 2.000000
inc_x_r = 0.000000, inc_y_r = 1.000000, inc_x_i = 1.000000, inc_y_i = 1.000000
En el else......

----------------------------------------
x = 25.000000, y = 27.000000
avance = -225.000000, avanceR = 2.000000, avanceI = 2.000000
inc_x_r = 0.000000, inc_y_r = 1.000000, inc_x_i = 1.000000, inc_y_i = 1.000000
En el else......

----------------------------------------
x = 25.000000, y = 28.000000
avance = -223.000000, avanceR = 2.000000, avanceI = 2.000000
inc_x_r = 0.000000, inc_y_r = 1.000000, inc_x_i = 1.000000, inc_y_i = 1.000000
En el else......

----------------------------------------
x = 25.000000, y = 29.000000
avance = -221.000000, avanceR = 2.000000, avanceI = 2.000000
inc_x_r = 0.000000, inc_y_r = 1.000000, inc_x_i = 1.000000, inc_y_i = 1.000000
En el else......

----------------------------------------
x = 25.000000, y = 30.000000
avance = -219.000000, avanceR = 2.000000, avanceI = 2.000000
inc_x_r = 0.000000, inc_y_r = 1.000000, inc_x_i = 1.000000, inc_y_i = 1.000000
En el else......

----------------------------------------
x = 25.000000, y = 31.000000
avance = -217.000000, avanceR = 2.000000, avanceI = 2.000000
inc_x_r = 0.000000, inc_y_r = 1.000000, inc_x_i = 1.000000, inc_y_i = 1.000000
En el else......

----------------------------------------
x = 25.000000, y = 32.000000
avance = -215.000000, avanceR = 2.000000, avanceI = 2.000000
inc_x_r = 0.000000, inc_y_r = 1.000000, inc_x_i = 1.000000, inc_y_i = 1.000000
En el else......

----------------------------------------
x = 25.000000, y = 33.000000
avance = -213.000000, avanceR = 2.000000, avanceI = 2.000000
inc_x_r = 0.000000, inc_y_r = 1.000000, inc_x_i = 1.000000, inc_y_i = 1.000000
En el else......

----------------------------------------
x = 25.000000, y = 34.000000
avance = -211.000000, avanceR = 2.000000, avanceI = 2.000000
inc_x_r = 0.000000, inc_y_r = 1.000000, inc_x_i = 1.000000, inc_y_i = 1.000000
En el else......

----------------------------------------
x = 25.000000, y = 35.000000
avance = -209.000000, avanceR = 2.000000, avanceI = 2.000000
inc_x_r = 0.000000, inc_y_r = 1.000000, inc_x_i = 1.000000, inc_y_i = 1.000000
En el else......

----------------------------------------
x = 25.000000, y = 36.000000
avance = -207.000000, avanceR = 2.000000, avanceI = 2.000000
inc_x_r = 0.000000, inc_y_r = 1.000000, inc_x_i = 1.000000, inc_y_i = 1.000000
En el else......

----------------------------------------
x = 25.000000, y = 37.000000
avance = -205.000000, avanceR = 2.000000, avanceI = 2.000000
inc_x_r = 0.000000, inc_y_r = 1.000000, inc_x_i = 1.000000, inc_y_i = 1.000000
En el else......

----------------------------------------
x = 25.000000, y = 38.000000
avance = -203.000000, avanceR = 2.000000, avanceI = 2.000000
inc_x_r = 0.000000, inc_y_r = 1.000000, inc_x_i = 1.000000, inc_y_i = 1.000000
En el else......

----------------------------------------
x = 25.000000, y = 39.000000
avance = -201.000000, avanceR = 2.000000, avanceI = 2.000000
inc_x_r = 0.000000, inc_y_r = 1.000000, inc_x_i = 1.000000, inc_y_i = 1.000000
En el else......

----------------------------------------
x = 25.000000, y = 40.000000
avance = -199.000000, avanceR = 2.000000, avanceI = 2.000000
inc_x_r = 0.000000, inc_y_r = 1.000000, inc_x_i = 1.000000, inc_y_i = 1.000000
En el else......

----------------------------------------
x = 25.000000, y = 41.000000
avance = -197.000000, avanceR = 2.000000, avanceI = 2.000000
inc_x_r = 0.000000, inc_y_r = 1.000000, inc_x_i = 1.000000, inc_y_i = 1.000000
En el else......

----------------------------------------
x = 25.000000, y = 42.000000
avance = -195.000000, avanceR = 2.000000, avanceI = 2.000000
inc_x_r = 0.000000, inc_y_r = 1.000000, inc_x_i = 1.000000, inc_y_i = 1.000000
En el else......

----------------------------------------
x = 25.000000, y = 43.000000
avance = -193.000000, avanceR = 2.000000, avanceI = 2.000000
inc_x_r = 0.000000, inc_y_r = 1.000000, inc_x_i = 1.000000, inc_y_i = 1.000000
En el else......

----------------------------------------
x = 25.000000, y = 44.000000
avance = -191.000000, avanceR = 2.000000, avanceI = 2.000000
inc_x_r = 0.000000, inc_y_r = 1.000000, inc_x_i = 1.000000, inc_y_i = 1.000000
En el else......

----------------------------------------
x = 25.000000, y = 45.000000
avance = -189.000000, avanceR = 2.000000, avanceI = 2.000000
inc_x_r = 0.000000, inc_y_r = 1.000000, inc_x_i = 1.000000, inc_y_i = 1.000000
En el else......

----------------------------------------
x = 25.000000, y = 46.000000
avance = -187.000000, avanceR = 2.000000, avanceI = 2.000000
inc_x_r = 0.000000, inc_y_r = 1.000000, inc_x_i = 1.000000, inc_y_i = 1.000000
En el else......

----------------------------------------
x = 25.000000, y = 47.000000
avance = -185.000000, avanceR = 2.000000, avanceI = 2.000000
inc_x_r = 0.000000, inc_y_r = 1.000000, inc_x_i = 1.000000, inc_y_i = 1.000000
En el else......

----------------------------------------
x = 25.000000, y = 48.000000
avance = -183.000000, avanceR = 2.000000, avanceI = 2.000000
inc_x_r = 0.000000, inc_y_r = 1.000000, inc_x_i = 1.000000, inc_y_i = 1.000000
En el else......

----------------------------------------
x = 25.000000, y = 49.000000
avance = -181.000000, avanceR = 2.000000, avanceI = 2.000000
inc_x_r = 0.000000, inc_y_r = 1.000000, inc_x_i = 1.000000, inc_y_i = 1.000000
En el else......

----------------------------------------
x = 25.000000, y = 50.000000
avance = -179.000000, avanceR = 2.000000, avanceI = 2.000000
inc_x_r = 0.000000, inc_y_r = 1.000000, inc_x_i = 1.000000, inc_y_i = 1.000000
En el else......

----------------------------------------
x = 25.000000, y = 51.000000
avance = -177.000000, avanceR = 2.000000, avanceI = 2.000000
inc_x_r = 0.000000, inc_y_r = 1.000000, inc_x_i = 1.000000, inc_y_i = 1.000000
En el else......

----------------------------------------
x = 25.000000, y = 52.000000
avance = -175.000000, avanceR = 2.000000, avanceI = 2.000000
inc_x_r = 0.000000, inc_y_r = 1.000000, inc_x_i = 1.000000, inc_y_i = 1.000000
En el else......

----------------------------------------
x = 25.000000, y = 53.000000
avance = -173.000000, avanceR = 2.000000, avanceI = 2.000000
inc_x_r = 0.000000, inc_y_r = 1.000000, inc_x_i = 1.000000, inc_y_i = 1.000000
En el else......

----------------------------------------
x = 25.000000, y = 54.000000
avance = -171.000000, avanceR = 2.000000, avanceI = 2.000000
inc_x_r = 0.000000, inc_y_r = 1.000000, inc_x_i = 1.000000, inc_y_i = 1.000000
En el else......

----------------------------------------
x = 25.000000, y = 55.000000
avance = -169.000000, avanceR = 2.000000, avanceI = 2.000000
inc_x_r = 0.000000, inc_y_r = 1.000000, inc_x_i = 1.000000, inc_y_i = 1.000000
En el else......

----------------------------------------
x = 25.000000, y = 56.000000
avance = -167.000000, avanceR = 2.000000, avanceI = 2.000000
inc_x_r = 0.000000, inc_y_r = 1.000000, inc_x_i = 1.000000, inc_y_i = 1.000000
En el else......

----------------------------------------
x = 25.000000, y = 57.000000
avance = -165.000000, avanceR = 2.000000, avanceI = 2.000000
inc_x_r = 0.000000, inc_y_r = 1.000000, inc_x_i = 1.000000, inc_y_i = 1.000000
En el else......

----------------------------------------
x = 25.000000, y = 58.000000
avance = -163.000000, avanceR = 2.000000, avanceI = 2.000000
inc_x_r = 0.000000, inc_y_r = 1.000000, inc_x_i = 1.000000, inc_y_i = 1.000000
En el else......

----------------------------------------
x = 25.000000, y = 59.000000
avance = -161.000000, avanceR = 2.000000, avanceI = 2.000000
inc_x_r = 0.000000, inc_y_r = 1.000000, inc_x_i = 1.000000, inc_y_i = 1.000000
En el else......

----------------------------------------
x = 25.000000, y = 60.000000
avance = -159.000000, avanceR = 2.000000, avanceI = 2.000000
inc_x_r = 0.000000, inc_y_r = 1.000000, inc_x_i = 1.000000, inc_y_i = 1.000000
En el else......

----------------------------------------
x = 25.000000, y = 61.000000
avance = -157.000000, avanceR = 2.000000, avanceI = 2.000000
inc_x_r = 0.000000, inc_y_r = 1.000000, inc_x_i = 1.000000, inc_y_i = 1.000000
En el else......

----------------------------------------
x = 25.000000, y = 62.000000
avance = -155.000000, avanceR = 2.000000, avanceI = 2.000000
inc_x_r = 0.000000, inc_y_r = 1.000000, inc_x_i = 1.000000, inc_y_i = 1.000000
En el else......

----------------------------------------
x = 25.000000, y = 63.000000
avance = -153.000000, avanceR = 2.000000, avanceI = 2.000000
inc_x_r = 0.000000, inc_y_r = 1.000000, inc_x_i = 1.000000, inc_y_i = 1.000000
En el else......

----------------------------------------
x = 25.000000, y = 64.000000
avance = -151.000000, avanceR = 2.000000, avanceI = 2.000000
inc_x_r = 0.000000, inc_y_r = 1.000000, inc_x_i = 1.000000, inc_y_i = 1.000000
En el else......

----------------------------------------
x = 25.000000, y = 65.000000
avance = -149.000000, avanceR = 2.000000, avanceI = 2.000000
inc_x_r = 0.000000, inc_y_r = 1.000000, inc_x_i = 1.000000, inc_y_i = 1.000000
En el else......

----------------------------------------
x = 25.000000, y = 66.000000
avance = -147.000000, avanceR = 2.000000, avanceI = 2.000000
inc_x_r = 0.000000, inc_y_r = 1.000000, inc_x_i = 1.000000, inc_y_i = 1.000000
En el else......

----------------------------------------
x = 25.000000, y = 67.000000
avance = -145.000000, avanceR = 2.000000, avanceI = 2.000000
inc_x_r = 0.000000, inc_y_r = 1.000000, inc_x_i = 1.000000, inc_y_i = 1.000000
En el else......

----------------------------------------
x = 25.000000, y = 68.000000
avance = -143.000000, avanceR = 2.000000, avanceI = 2.000000
inc_x_r = 0.000000, inc_y_r = 1.000000, inc_x_i = 1.000000, inc_y_i = 1.000000
En el else......

----------------------------------------
x = 25.000000, y = 69.000000
avance = -141.000000, avanceR = 2.000000, avanceI = 2.000000
inc_x_r = 0.000000, inc_y_r = 1.000000, inc_x_i = 1.000000, inc_y_i = 1.000000
En el else......

----------------------------------------
x = 25.000000, y = 70.000000
avance = -139.000000, avanceR = 2.000000, avanceI = 2.000000
inc_x_r = 0.000000, inc_y_r = 1.000000, inc_x_i = 1.000000, inc_y_i = 1.000000
En el else......

----------------------------------------
x = 25.000000, y = 71.000000
avance = -137.000000, avanceR = 2.000000, avanceI = 2.000000
inc_x_r = 0.000000, inc_y_r = 1.000000, inc_x_i = 1.000000, inc_y_i = 1.000000
En el else......

----------------------------------------
x = 25.000000, y = 72.000000
avance = -135.000000, avanceR = 2.000000, avanceI = 2.000000
inc_x_r = 0.000000, inc_y_r = 1.000000, inc_x_i = 1.000000, inc_y_i = 1.000000
En el else......

----------------------------------------
x = 25.000000, y = 73.000000
avance = -133.000000, avanceR = 2.000000, avanceI = 2.000000
inc_x_r = 0.000000, inc_y_r = 1.000000, inc_x_i = 1.000000, inc_y_i = 1.000000
En el else......

----------------------------------------
x = 25.000000, y = 74.000000
avance = -131.000000, avanceR = 2.000000, avanceI = 2.000000
inc_x_r = 0.000000, inc_y_r = 1.000000, inc_x_i = 1.000000, inc_y_i = 1.000000
En el else......

----------------------------------------
x = 25.000000, y = 75.000000
avance = -129.000000, avanceR = 2.000000, avanceI = 2.000000
inc_x_r = 0.000000, inc_y_r = 1.000000, inc_x_i = 1.000000, inc_y_i = 1.000000
En el else......

----------------------------------------
x = 25.000000, y = 76.000000
avance = -127.000000, avanceR = 2.000000, avanceI = 2.000000
inc_x_r = 0.000000, inc_y_r = 1.000000, inc_x_i = 1.000000, inc_y_i = 1.000000
En el else......

----------------------------------------
x = 25.000000, y = 77.000000
avance = -125.000000, avanceR = 2.000000, avanceI = 2.000000
inc_x_r = 0.000000, inc_y_r = 1.000000, inc_x_i = 1.000000, inc_y_i = 1.000000
En el else......

----------------------------------------
x = 25.000000, y = 78.000000
avance = -123.000000, avanceR = 2.000000, avanceI = 2.000000
inc_x_r = 0.000000, inc_y_r = 1.000000, inc_x_i = 1.000000, inc_y_i = 1.000000
En el else......

----------------------------------------
x = 25.000000, y = 79.000000
avance = -121.000000, avanceR = 2.000000, avanceI = 2.000000
inc_x_r = 0.000000, inc_y_r = 1.000000, inc_x_i = 1.000000, inc_y_i = 1.000000
En el else......

----------------------------------------
x = 25.000000, y = 80.000000
avance = -119.000000, avanceR = 2.000000, avanceI = 2.000000
inc_x_r = 0.000000, inc_y_r = 1.000000, inc_x_i = 1.000000, inc_y_i = 1.000000
En el else......

----------------------------------------
x = 25.000000, y = 81.000000
avance = -117.000000, avanceR = 2.000000, avanceI = 2.000000
inc_x_r = 0.000000, inc_y_r = 1.000000, inc_x_i = 1.000000, inc_y_i = 1.000000
En el else......

----------------------------------------
x = 25.000000, y = 82.000000
avance = -115.000000, avanceR = 2.000000, avanceI = 2.000000
inc_x_r = 0.000000, inc_y_r = 1.000000, inc_x_i = 1.000000, inc_y_i = 1.000000
En el else......

----------------------------------------
x = 25.000000, y = 83.000000
avance = -113.000000, avanceR = 2.000000, avanceI = 2.000000
inc_x_r = 0.000000, inc_y_r = 1.000000, inc_x_i = 1.000000, inc_y_i = 1.000000
En el else......

----------------------------------------
x = 25.000000, y = 84.000000
avance = -111.000000, avanceR = 2.000000, avanceI = 2.000000
inc_x_r = 0.000000, inc_y_r = 1.000000, inc_x_i = 1.000000, inc_y_i = 1.000000
En el else......

----------------------------------------
x = 25.000000, y = 85.000000
avance = -109.000000, avanceR = 2.000000, avanceI = 2.000000
inc_x_r = 0.000000, inc_y_r = 1.000000, inc_x_i = 1.000000, inc_y_i = 1.000000
En el else......

----------------------------------------
x = 25.000000, y = 86.000000
avance = -107.000000, avanceR = 2.000000, avanceI = 2.000000
inc_x_r = 0.000000, inc_y_r = 1.000000, inc_x_i = 1.000000, inc_y_i = 1.000000
En el else......

----------------------------------------
x = 25.000000, y = 87.000000
avance = -105.000000, avanceR = 2.000000, avanceI = 2.000000
inc_x_r = 0.000000, inc_y_r = 1.000000, inc_x_i = 1.000000, inc_y_i = 1.000000
En el else......

----------------------------------------
x = 25.000000, y = 88.000000
avance = -103.000000, avanceR = 2.000000, avanceI = 2.000000
inc_x_r = 0.000000, inc_y_r = 1.000000, inc_x_i = 1.000000, inc_y_i = 1.000000
En el else......

----------------------------------------
x = 25.000000, y = 89.000000
avance = -101.000000, avanceR = 2.000000, avanceI = 2.000000
inc_x_r = 0.000000, inc_y_r = 1.000000, inc_x_i = 1.000000, inc_y_i = 1.000000
En el else......

----------------------------------------
x = 25.000000, y = 90.000000
avance = -99.000000, avanceR = 2.000000, avanceI = 2.000000
inc_x_r = 0.000000, inc_y_r = 1.000000, inc_x_i = 1.000000, inc_y_i = 1.000000
En el else......

----------------------------------------
x = 25.000000, y = 91.000000
avance = -97.000000, avanceR = 2.000000, avanceI = 2.000000
inc_x_r = 0.000000, inc_y_r = 1.000000, inc_x_i = 1.000000, inc_y_i = 1.000000
En el else......

----------------------------------------
x = 25.000000, y = 92.000000
avance = -95.000000, avanceR = 2.000000, avanceI = 2.000000
inc_x_r = 0.000000, inc_y_r = 1.000000, inc_x_i = 1.000000, inc_y_i = 1.000000
En el else......

----------------------------------------
x = 25.000000, y = 93.000000
avance = -93.000000, avanceR = 2.000000, avanceI = 2.000000
inc_x_r = 0.000000, inc_y_r = 1.000000, inc_x_i = 1.000000, inc_y_i = 1.000000
En el else......

----------------------------------------
x = 25.000000, y = 94.000000
avance = -91.000000, avanceR = 2.000000, avanceI = 2.000000
inc_x_r = 0.000000, inc_y_r = 1.000000, inc_x_i = 1.000000, inc_y_i = 1.000000
En el else......

----------------------------------------
x = 25.000000, y = 95.000000
avance = -89.000000, avanceR = 2.000000, avanceI = 2.000000
inc_x_r = 0.000000, inc_y_r = 1.000000, inc_x_i = 1.000000, inc_y_i = 1.000000
En el else......

----------------------------------------
x = 25.000000, y = 96.000000
avance = -87.000000, avanceR = 2.000000, avanceI = 2.000000
inc_x_r = 0.000000, inc_y_r = 1.000000, inc_x_i = 1.000000, inc_y_i = 1.000000
En el else......

----------------------------------------
x = 25.000000, y = 97.000000
avance = -85.000000, avanceR = 2.000000, avanceI = 2.000000
inc_x_r = 0.000000, inc_y_r = 1.000000, inc_x_i = 1.000000, inc_y_i = 1.000000
En el else......

----------------------------------------
x = 25.000000, y = 98.000000
avance = -83.000000, avanceR = 2.000000, avanceI = 2.000000
inc_x_r = 0.000000, inc_y_r = 1.000000, inc_x_i = 1.000000, inc_y_i = 1.000000
En el else......

----------------------------------------
x = 25.000000, y = 99.000000
avance = -81.000000, avanceR = 2.000000, avanceI = 2.000000
inc_x_r = 0.000000, inc_y_r = 1.000000, inc_x_i = 1.000000, inc_y_i = 1.000000
En el else......

----------------------------------------
x = 25.000000, y = 100.000000
avance = -79.000000, avanceR = 2.000000, avanceI = 2.000000
inc_x_r = 0.000000, inc_y_r = 1.000000, inc_x_i = 1.000000, inc_y_i = 1.000000
En el else......

----------------------------------------
x = 25.000000, y = 101.000000
avance = -77.000000, avanceR = 2.000000, avanceI = 2.000000
inc_x_r = 0.000000, inc_y_r = 1.000000, inc_x_i = 1.000000, inc_y_i = 1.000000
En el else......

----------------------------------------
x = 25.000000, y = 102.000000
avance = -75.000000, avanceR = 2.000000, avanceI = 2.000000
inc_x_r = 0.000000, inc_y_r = 1.000000, inc_x_i = 1.000000, inc_y_i = 1.000000
En el else......

----------------------------------------
x = 25.000000, y = 103.000000
avance = -73.000000, avanceR = 2.000000, avanceI = 2.000000
inc_x_r = 0.000000, inc_y_r = 1.000000, inc_x_i = 1.000000, inc_y_i = 1.000000
En el else......

----------------------------------------
x = 25.000000, y = 104.000000
avance = -71.000000, avanceR = 2.000000, avanceI = 2.000000
inc_x_r = 0.000000, inc_y_r = 1.000000, inc_x_i = 1.000000, inc_y_i = 1.000000
En el else......

----------------------------------------
x = 25.000000, y = 105.000000
avance = -69.000000, avanceR = 2.000000, avanceI = 2.000000
inc_x_r = 0.000000, inc_y_r = 1.000000, inc_x_i = 1.000000, inc_y_i = 1.000000
En el else......

----------------------------------------
x = 25.000000, y = 106.000000
avance = -67.000000, avanceR = 2.000000, avanceI = 2.000000
inc_x_r = 0.000000, inc_y_r = 1.000000, inc_x_i = 1.000000, inc_y_i = 1.000000
En el else......

----------------------------------------
x = 25.000000, y = 107.000000
avance = -65.000000, avanceR = 2.000000, avanceI = 2.000000
inc_x_r = 0.000000, inc_y_r = 1.000000, inc_x_i = 1.000000, inc_y_i = 1.000000
En el else......

----------------------------------------
x = 25.000000, y = 108.000000
avance = -63.000000, avanceR = 2.000000, avanceI = 2.000000
inc_x_r = 0.000000, inc_y_r = 1.000000, inc_x_i = 1.000000, inc_y_i = 1.000000
En el else......

----------------------------------------
x = 25.000000, y = 109.000000
avance = -61.000000, avanceR = 2.000000, avanceI = 2.000000
inc_x_r = 0.000000, inc_y_r = 1.000000, inc_x_i = 1.000000, inc_y_i = 1.000000
En el else......

----------------------------------------
x = 25.000000, y = 110.000000
avance = -59.000000, avanceR = 2.000000, avanceI = 2.000000
inc_x_r = 0.000000, inc_y_r = 1.000000, inc_x_i = 1.000000, inc_y_i = 1.000000
En el else......

----------------------------------------
x = 25.000000, y = 111.000000
avance = -57.000000, avanceR = 2.000000, avanceI = 2.000000
inc_x_r = 0.000000, inc_y_r = 1.000000, inc_x_i = 1.000000, inc_y_i = 1.000000
En el else......

----------------------------------------
x = 25.000000, y = 112.000000
avance = -55.000000, avanceR = 2.000000, avanceI = 2.000000
inc_x_r = 0.000000, inc_y_r = 1.000000, inc_x_i = 1.000000, inc_y_i = 1.000000
En el else......

----------------------------------------
x = 25.000000, y = 113.000000
avance = -53.000000, avanceR = 2.000000, avanceI = 2.000000
inc_x_r = 0.000000, inc_y_r = 1.000000, inc_x_i = 1.000000, inc_y_i = 1.000000
En el else......

----------------------------------------
x = 25.000000, y = 114.000000
avance = -51.000000, avanceR = 2.000000, avanceI = 2.000000
inc_x_r = 0.000000, inc_y_r = 1.000000, inc_x_i = 1.000000, inc_y_i = 1.000000
En el else......

----------------------------------------
x = 25.000000, y = 115.000000
avance = -49.000000, avanceR = 2.000000, avanceI = 2.000000
inc_x_r = 0.000000, inc_y_r = 1.000000, inc_x_i = 1.000000, inc_y_i = 1.000000
En el else......

----------------------------------------
x = 25.000000, y = 116.000000
avance = -47.000000, avanceR = 2.000000, avanceI = 2.000000
inc_x_r = 0.000000, inc_y_r = 1.000000, inc_x_i = 1.000000, inc_y_i = 1.000000
En el else......

----------------------------------------
x = 25.000000, y = 117.000000
avance = -45.000000, avanceR = 2.000000, avanceI = 2.000000
inc_x_r = 0.000000, inc_y_r = 1.000000, inc_x_i = 1.000000, inc_y_i = 1.000000
En el else......

----------------------------------------
x = 25.000000, y = 118.000000
avance = -43.000000, avanceR = 2.000000, avanceI = 2.000000
inc_x_r = 0.000000, inc_y_r = 1.000000, inc_x_i = 1.000000, inc_y_i = 1.000000
En el else......

----------------------------------------
x = 25.000000, y = 119.000000
avance = -41.000000, avanceR = 2.000000, avanceI = 2.000000
inc_x_r = 0.000000, inc_y_r = 1.000000, inc_x_i = 1.000000, inc_y_i = 1.000000
En el else......

----------------------------------------
x = 25.000000, y = 120.000000
avance = -39.000000, avanceR = 2.000000, avanceI = 2.000000
inc_x_r = 0.000000, inc_y_r = 1.000000, inc_x_i = 1.000000, inc_y_i = 1.000000
En el else......

----------------------------------------
x = 25.000000, y = 121.000000
avance = -37.000000, avanceR = 2.000000, avanceI = 2.000000
inc_x_r = 0.000000, inc_y_r = 1.000000, inc_x_i = 1.000000, inc_y_i = 1.000000
En el else......

----------------------------------------
x = 25.000000, y = 122.000000
avance = -35.000000, avanceR = 2.000000, avanceI = 2.000000
inc_x_r = 0.000000, inc_y_r = 1.000000, inc_x_i = 1.000000, inc_y_i = 1.000000
En el else......

----------------------------------------
x = 25.000000, y = 123.000000
avance = -33.000000, avanceR = 2.000000, avanceI = 2.000000
inc_x_r = 0.000000, inc_y_r = 1.000000, inc_x_i = 1.000000, inc_y_i = 1.000000
En el else......

----------------------------------------
x = 25.000000, y = 124.000000
avance = -31.000000, avanceR = 2.000000, avanceI = 2.000000
inc_x_r = 0.000000, inc_y_r = 1.000000, inc_x_i = 1.000000, inc_y_i = 1.000000
En el else......

----------------------------------------
x = 25.000000, y = 125.000000
avance = -29.000000, avanceR = 2.000000, avanceI = 2.000000
inc_x_r = 0.000000, inc_y_r = 1.000000, inc_x_i = 1.000000, inc_y_i = 1.000000
En el else......

----------------------------------------
x = 25.000000, y = 126.000000
avance = -27.000000, avanceR = 2.000000, avanceI = 2.000000
inc_x_r = 0.000000, inc_y_r = 1.000000, inc_x_i = 1.000000, inc_y_i = 1.000000
En el else......

----------------------------------------
x = 25.000000, y = 127.000000
avance = -25.000000, avanceR = 2.000000, avanceI = 2.000000
inc_x_r = 0.000000, inc_y_r = 1.000000, inc_x_i = 1.000000, inc_y_i = 1.000000
En el else......

----------------------------------------
x = 25.000000, y = 128.000000
avance = -23.000000, avanceR = 2.000000, avanceI = 2.000000
inc_x_r = 0.000000, inc_y_r = 1.000000, inc_x_i = 1.000000, inc_y_i = 1.000000
En el else......

----------------------------------------
x = 25.000000, y = 129.000000
avance = -21.000000, avanceR = 2.000000, avanceI = 2.000000
inc_x_r = 0.000000, inc_y_r = 1.000000, inc_x_i = 1.000000, inc_y_i = 1.000000
En el else......

----------------------------------------
x = 25.000000, y = 130.000000
avance = -19.000000, avanceR = 2.000000, avanceI = 2.000000
inc_x_r = 0.000000, inc_y_r = 1.000000, inc_x_i = 1.000000, inc_y_i = 1.000000
En el else......

----------------------------------------
x = 25.000000, y = 131.000000
avance = -17.000000, avanceR = 2.000000, avanceI = 2.000000
inc_x_r = 0.000000, inc_y_r = 1.000000, inc_x_i = 1.000000, inc_y_i = 1.000000
En el else......

----------------------------------------
x = 25.000000, y = 132.000000
avance = -15.000000, avanceR = 2.000000, avanceI = 2.000000
inc_x_r = 0.000000, inc_y_r = 1.000000, inc_x_i = 1.000000, inc_y_i = 1.000000
En el else......

----------------------------------------
x = 25.000000, y = 133.000000
avance = -13.000000, avanceR = 2.000000, avanceI = 2.000000
inc_x_r = 0.000000, inc_y_r = 1.000000, inc_x_i = 1.000000, inc_y_i = 1.000000
En el else......

----------------------------------------
x = 25.000000, y = 134.000000
avance = -11.000000, avanceR = 2.000000, avanceI = 2.000000
inc_x_r = 0.000000, inc_y_r = 1.000000, inc_x_i = 1.000000, inc_y_i = 1.000000
En el else......

----------------------------------------
x = 25.000000, y = 135.000000
avance = -9.000000, avanceR = 2.000000, avanceI = 2.000000
inc_x_r = 0.000000, inc_y_r = 1.000000, inc_x_i = 1.000000, inc_y_i = 1.000000
En el else......

----------------------------------------
x = 25.000000, y = 136.000000
avance = -7.000000, avanceR = 2.000000, avanceI = 2.000000
inc_x_r = 0.000000, inc_y_r = 1.000000, inc_x_i = 1.000000, inc_y_i = 1.000000
En el else......

----------------------------------------
x = 25.000000, y = 137.000000
avance = -5.000000, avanceR = 2.000000, avanceI = 2.000000
inc_x_r = 0.000000, inc_y_r = 1.000000, inc_x_i = 1.000000, inc_y_i = 1.000000
En el else......

----------------------------------------
x = 25.000000, y = 138.000000
avance = -3.000000, avanceR = 2.000000, avanceI = 2.000000
inc_x_r = 0.000000, inc_y_r = 1.000000, inc_x_i = 1.000000, inc_y_i = 1.000000
En el else......

----------------------------------------
x = 25.000000, y = 139.000000
avance = -1.000000, avanceR = 2.000000, avanceI = 2.000000
inc_x_r = 0.000000, inc_y_r = 1.000000, inc_x_i = 1.000000, inc_y_i = 1.000000
En el else......

----------------------------------------
x = 25.000000, y = 140.000000
avance = 1.000000, avanceR = 2.000000, avanceI = 2.000000
inc_x_r = 0.000000, inc_y_r = 1.000000, inc_x_i = 1.000000, inc_y_i = 1.000000
avance >= 0

----------------------------------------
x = 26.000000, y = 141.000000
avance = -499.000000, avanceR = 2.000000, avanceI = 2.000000
inc_x_r = 0.000000, inc_y_r = 1.000000, inc_x_i = 1.000000, inc_y_i = 1.000000
En el else......

----------------------------------------
x = 26.000000, y = 142.000000
avance = -497.000000, avanceR = 2.000000, avanceI = 2.000000
inc_x_r = 0.000000, inc_y_r = 1.000000, inc_x_i = 1.000000, inc_y_i = 1.000000
En el else......

----------------------------------------
x = 26.000000, y = 143.000000
avance = -495.000000, avanceR = 2.000000, avanceI = 2.000000
inc_x_r = 0.000000, inc_y_r = 1.000000, inc_x_i = 1.000000, inc_y_i = 1.000000
En el else......

----------------------------------------
x = 26.000000, y = 144.000000
avance = -493.000000, avanceR = 2.000000, avanceI = 2.000000
inc_x_r = 0.000000, inc_y_r = 1.000000, inc_x_i = 1.000000, inc_y_i = 1.000000
En el else......

----------------------------------------
x = 26.000000, y = 145.000000
avance = -491.000000, avanceR = 2.000000, avanceI = 2.000000
inc_x_r = 0.000000, inc_y_r = 1.000000, inc_x_i = 1.000000, inc_y_i = 1.000000
En el else......

----------------------------------------
x = 26.000000, y = 146.000000
avance = -489.000000, avanceR = 2.000000, avanceI = 2.000000
inc_x_r = 0.000000, inc_y_r = 1.000000, inc_x_i = 1.000000, inc_y_i = 1.000000
En el else......

----------------------------------------
x = 26.000000, y = 147.000000
avance = -487.000000, avanceR = 2.000000, avanceI = 2.000000
inc_x_r = 0.000000, inc_y_r = 1.000000, inc_x_i = 1.000000, inc_y_i = 1.000000
En el else......

----------------------------------------
x = 26.000000, y = 148.000000
avance = -485.000000, avanceR = 2.000000, avanceI = 2.000000
inc_x_r = 0.000000, inc_y_r = 1.000000, inc_x_i = 1.000000, inc_y_i = 1.000000
En el else......

----------------------------------------
x = 26.000000, y = 149.000000
avance = -483.000000, avanceR = 2.000000, avanceI = 2.000000
inc_x_r = 0.000000, inc_y_r = 1.000000, inc_x_i = 1.000000, inc_y_i = 1.000000
En el else......

----------------------------------------
x = 26.000000, y = 150.000000
avance = -481.000000, avanceR = 2.000000, avanceI = 2.000000
inc_x_r = 0.000000, inc_y_r = 1.000000, inc_x_i = 1.000000, inc_y_i = 1.000000
En el else......

----------------------------------------
x = 26.000000, y = 151.000000
avance = -479.000000, avanceR = 2.000000, avanceI = 2.000000
inc_x_r = 0.000000, inc_y_r = 1.000000, inc_x_i = 1.000000, inc_y_i = 1.000000
En el else......

----------------------------------------
x = 26.000000, y = 152.000000
avance = -477.000000, avanceR = 2.000000, avanceI = 2.000000
inc_x_r = 0.000000, inc_y_r = 1.000000, inc_x_i = 1.000000, inc_y_i = 1.000000
En el else......

----------------------------------------
x = 26.000000, y = 153.000000
avance = -475.000000, avanceR = 2.000000, avanceI = 2.000000
inc_x_r = 0.000000, inc_y_r = 1.000000, inc_x_i = 1.000000, inc_y_i = 1.000000
En el else......

----------------------------------------
x = 26.000000, y = 154.000000
avance = -473.000000, avanceR = 2.000000, avanceI = 2.000000
inc_x_r = 0.000000, inc_y_r = 1.000000, inc_x_i = 1.000000, inc_y_i = 1.000000
En el else......

----------------------------------------
x = 26.000000, y = 155.000000
avance = -471.000000, avanceR = 2.000000, avanceI = 2.000000
inc_x_r = 0.000000, inc_y_r = 1.000000, inc_x_i = 1.000000, inc_y_i = 1.000000
En el else......

----------------------------------------
x = 26.000000, y = 156.000000
avance = -469.000000, avanceR = 2.000000, avanceI = 2.000000
inc_x_r = 0.000000, inc_y_r = 1.000000, inc_x_i = 1.000000, inc_y_i = 1.000000
En el else......

----------------------------------------
x = 26.000000, y = 157.000000
avance = -467.000000, avanceR = 2.000000, avanceI = 2.000000
inc_x_r = 0.000000, inc_y_r = 1.000000, inc_x_i = 1.000000, inc_y_i = 1.000000
En el else......

----------------------------------------
x = 26.000000, y = 158.000000
avance = -465.000000, avanceR = 2.000000, avanceI = 2.000000
inc_x_r = 0.000000, inc_y_r = 1.000000, inc_x_i = 1.000000, inc_y_i = 1.000000
En el else......

----------------------------------------
x = 26.000000, y = 159.000000
avance = -463.000000, avanceR = 2.000000, avanceI = 2.000000
inc_x_r = 0.000000, inc_y_r = 1.000000, inc_x_i = 1.000000, inc_y_i = 1.000000
En el else......

----------------------------------------
x = 26.000000, y = 160.000000
avance = -461.000000, avanceR = 2.000000, avanceI = 2.000000
inc_x_r = 0.000000, inc_y_r = 1.000000, inc_x_i = 1.000000, inc_y_i = 1.000000
En el else......

----------------------------------------
x = 26.000000, y = 161.000000
avance = -459.000000, avanceR = 2.000000, avanceI = 2.000000
inc_x_r = 0.000000, inc_y_r = 1.000000, inc_x_i = 1.000000, inc_y_i = 1.000000
En el else......

----------------------------------------
x = 26.000000, y = 162.000000
avance = -457.000000, avanceR = 2.000000, avanceI = 2.000000
inc_x_r = 0.000000, inc_y_r = 1.000000, inc_x_i = 1.000000, inc_y_i = 1.000000
En el else......

----------------------------------------
x = 26.000000, y = 163.000000
avance = -455.000000, avanceR = 2.000000, avanceI = 2.000000
inc_x_r = 0.000000, inc_y_r = 1.000000, inc_x_i = 1.000000, inc_y_i = 1.000000
En el else......

----------------------------------------
x = 26.000000, y = 164.000000
avance = -453.000000, avanceR = 2.000000, avanceI = 2.000000
inc_x_r = 0.000000, inc_y_r = 1.000000, inc_x_i = 1.000000, inc_y_i = 1.000000
En el else......

----------------------------------------
x = 26.000000, y = 165.000000
avance = -451.000000, avanceR = 2.000000, avanceI = 2.000000
inc_x_r = 0.000000, inc_y_r = 1.000000, inc_x_i = 1.000000, inc_y_i = 1.000000
En el else......

----------------------------------------
x = 26.000000, y = 166.000000
avance = -449.000000, avanceR = 2.000000, avanceI = 2.000000
inc_x_r = 0.000000, inc_y_r = 1.000000, inc_x_i = 1.000000, inc_y_i = 1.000000
En el else......

----------------------------------------
x = 26.000000, y = 167.000000
avance = -447.000000, avanceR = 2.000000, avanceI = 2.000000
inc_x_r = 0.000000, inc_y_r = 1.000000, inc_x_i = 1.000000, inc_y_i = 1.000000
En el else......

----------------------------------------
x = 26.000000, y = 168.000000
avance = -445.000000, avanceR = 2.000000, avanceI = 2.000000
inc_x_r = 0.000000, inc_y_r = 1.000000, inc_x_i = 1.000000, inc_y_i = 1.000000
En el else......

----------------------------------------
x = 26.000000, y = 169.000000
avance = -443.000000, avanceR = 2.000000, avanceI = 2.000000
inc_x_r = 0.000000, inc_y_r = 1.000000, inc_x_i = 1.000000, inc_y_i = 1.000000
En el else......

----------------------------------------
x = 26.000000, y = 170.000000
avance = -441.000000, avanceR = 2.000000, avanceI = 2.000000
inc_x_r = 0.000000, inc_y_r = 1.000000, inc_x_i = 1.000000, inc_y_i = 1.000000
En el else......

----------------------------------------
x = 26.000000, y = 171.000000
avance = -439.000000, avanceR = 2.000000, avanceI = 2.000000
inc_x_r = 0.000000, inc_y_r = 1.000000, inc_x_i = 1.000000, inc_y_i = 1.000000
En el else......

----------------------------------------
x = 26.000000, y = 172.000000
avance = -437.000000, avanceR = 2.000000, avanceI = 2.000000
inc_x_r = 0.000000, inc_y_r = 1.000000, inc_x_i = 1.000000, inc_y_i = 1.000000
En el else......

----------------------------------------
x = 26.000000, y = 173.000000
avance = -435.000000, avanceR = 2.000000, avanceI = 2.000000
inc_x_r = 0.000000, inc_y_r = 1.000000, inc_x_i = 1.000000, inc_y_i = 1.000000
En el else......

----------------------------------------
x = 26.000000, y = 174.000000
avance = -433.000000, avanceR = 2.000000, avanceI = 2.000000
inc_x_r = 0.000000, inc_y_r = 1.000000, inc_x_i = 1.000000, inc_y_i = 1.000000
En el else......

----------------------------------------
x = 26.000000, y = 175.000000
avance = -431.000000, avanceR = 2.000000, avanceI = 2.000000
inc_x_r = 0.000000, inc_y_r = 1.000000, inc_x_i = 1.000000, inc_y_i = 1.000000
En el else......

----------------------------------------
x = 26.000000, y = 176.000000
avance = -429.000000, avanceR = 2.000000, avanceI = 2.000000
inc_x_r = 0.000000, inc_y_r = 1.000000, inc_x_i = 1.000000, inc_y_i = 1.000000
En el else......

----------------------------------------
x = 26.000000, y = 177.000000
avance = -427.000000, avanceR = 2.000000, avanceI = 2.000000
inc_x_r = 0.000000, inc_y_r = 1.000000, inc_x_i = 1.000000, inc_y_i = 1.000000
En el else......

----------------------------------------
x = 26.000000, y = 178.000000
avance = -425.000000, avanceR = 2.000000, avanceI = 2.000000
inc_x_r = 0.000000, inc_y_r = 1.000000, inc_x_i = 1.000000, inc_y_i = 1.000000
En el else......

----------------------------------------
x = 26.000000, y = 179.000000
avance = -423.000000, avanceR = 2.000000, avanceI = 2.000000
inc_x_r = 0.000000, inc_y_r = 1.000000, inc_x_i = 1.000000, inc_y_i = 1.000000
En el else......

----------------------------------------
x = 26.000000, y = 180.000000
avance = -421.000000, avanceR = 2.000000, avanceI = 2.000000
inc_x_r = 0.000000, inc_y_r = 1.000000, inc_x_i = 1.000000, inc_y_i = 1.000000
En el else......

----------------------------------------
x = 26.000000, y = 181.000000
avance = -419.000000, avanceR = 2.000000, avanceI = 2.000000
inc_x_r = 0.000000, inc_y_r = 1.000000, inc_x_i = 1.000000, inc_y_i = 1.000000
En el else......

----------------------------------------
x = 26.000000, y = 182.000000
avance = -417.000000, avanceR = 2.000000, avanceI = 2.000000
inc_x_r = 0.000000, inc_y_r = 1.000000, inc_x_i = 1.000000, inc_y_i = 1.000000
En el else......

----------------------------------------
x = 26.000000, y = 183.000000
avance = -415.000000, avanceR = 2.000000, avanceI = 2.000000
inc_x_r = 0.000000, inc_y_r = 1.000000, inc_x_i = 1.000000, inc_y_i = 1.000000
En el else......

----------------------------------------
x = 26.000000, y = 184.000000
avance = -413.000000, avanceR = 2.000000, avanceI = 2.000000
inc_x_r = 0.000000, inc_y_r = 1.000000, inc_x_i = 1.000000, inc_y_i = 1.000000
En el else......

----------------------------------------
x = 26.000000, y = 185.000000
avance = -411.000000, avanceR = 2.000000, avanceI = 2.000000
inc_x_r = 0.000000, inc_y_r = 1.000000, inc_x_i = 1.000000, inc_y_i = 1.000000
En el else......

----------------------------------------
x = 26.000000, y = 186.000000
avance = -409.000000, avanceR = 2.000000, avanceI = 2.000000
inc_x_r = 0.000000, inc_y_r = 1.000000, inc_x_i = 1.000000, inc_y_i = 1.000000
En el else......

----------------------------------------
x = 26.000000, y = 187.000000
avance = -407.000000, avanceR = 2.000000, avanceI = 2.000000
inc_x_r = 0.000000, inc_y_r = 1.000000, inc_x_i = 1.000000, inc_y_i = 1.000000
En el else......

----------------------------------------
x = 26.000000, y = 188.000000
avance = -405.000000, avanceR = 2.000000, avanceI = 2.000000
inc_x_r = 0.000000, inc_y_r = 1.000000, inc_x_i = 1.000000, inc_y_i = 1.000000
En el else......

----------------------------------------
x = 26.000000, y = 189.000000
avance = -403.000000, avanceR = 2.000000, avanceI = 2.000000
inc_x_r = 0.000000, inc_y_r = 1.000000, inc_x_i = 1.000000, inc_y_i = 1.000000
En el else......

----------------------------------------
x = 26.000000, y = 190.000000
avance = -401.000000, avanceR = 2.000000, avanceI = 2.000000
inc_x_r = 0.000000, inc_y_r = 1.000000, inc_x_i = 1.000000, inc_y_i = 1.000000
En el else......

----------------------------------------
x = 26.000000, y = 191.000000
avance = -399.000000, avanceR = 2.000000, avanceI = 2.000000
inc_x_r = 0.000000, inc_y_r = 1.000000, inc_x_i = 1.000000, inc_y_i = 1.000000
En el else......

----------------------------------------
x = 26.000000, y = 192.000000
avance = -397.000000, avanceR = 2.000000, avanceI = 2.000000
inc_x_r = 0.000000, inc_y_r = 1.000000, inc_x_i = 1.000000, inc_y_i = 1.000000
En el else......

----------------------------------------
x = 26.000000, y = 193.000000
avance = -395.000000, avanceR = 2.000000, avanceI = 2.000000
inc_x_r = 0.000000, inc_y_r = 1.000000, inc_x_i = 1.000000, inc_y_i = 1.000000
En el else......

----------------------------------------
x = 26.000000, y = 194.000000
avance = -393.000000, avanceR = 2.000000, avanceI = 2.000000
inc_x_r = 0.000000, inc_y_r = 1.000000, inc_x_i = 1.000000, inc_y_i = 1.000000
En el else......

----------------------------------------
x = 26.000000, y = 195.000000
avance = -391.000000, avanceR = 2.000000, avanceI = 2.000000
inc_x_r = 0.000000, inc_y_r = 1.000000, inc_x_i = 1.000000, inc_y_i = 1.000000
En el else......

----------------------------------------
x = 26.000000, y = 196.000000
avance = -389.000000, avanceR = 2.000000, avanceI = 2.000000
inc_x_r = 0.000000, inc_y_r = 1.000000, inc_x_i = 1.000000, inc_y_i = 1.000000
En el else......

----------------------------------------
x = 26.000000, y = 197.000000
avance = -387.000000, avanceR = 2.000000, avanceI = 2.000000
inc_x_r = 0.000000, inc_y_r = 1.000000, inc_x_i = 1.000000, inc_y_i = 1.000000
En el else......

----------------------------------------
x = 26.000000, y = 198.000000
avance = -385.000000, avanceR = 2.000000, avanceI = 2.000000
inc_x_r = 0.000000, inc_y_r = 1.000000, inc_x_i = 1.000000, inc_y_i = 1.000000
En el else......

----------------------------------------
x = 26.000000, y = 199.000000
avance = -383.000000, avanceR = 2.000000, avanceI = 2.000000
inc_x_r = 0.000000, inc_y_r = 1.000000, inc_x_i = 1.000000, inc_y_i = 1.000000
En el else......

----------------------------------------
x = 26.000000, y = 200.000000
avance = -381.000000, avanceR = 2.000000, avanceI = 2.000000
inc_x_r = 0.000000, inc_y_r = 1.000000, inc_x_i = 1.000000, inc_y_i = 1.000000
En el else......

----------------------------------------
x = 26.000000, y = 201.000000
avance = -379.000000, avanceR = 2.000000, avanceI = 2.000000
inc_x_r = 0.000000, inc_y_r = 1.000000, inc_x_i = 1.000000, inc_y_i = 1.000000
En el else......

----------------------------------------
x = 26.000000, y = 202.000000
avance = -377.000000, avanceR = 2.000000, avanceI = 2.000000
inc_x_r = 0.000000, inc_y_r = 1.000000, inc_x_i = 1.000000, inc_y_i = 1.000000
En el else......

----------------------------------------
x = 26.000000, y = 203.000000
avance = -375.000000, avanceR = 2.000000, avanceI = 2.000000
inc_x_r = 0.000000, inc_y_r = 1.000000, inc_x_i = 1.000000, inc_y_i = 1.000000
En el else......

----------------------------------------
x = 26.000000, y = 204.000000
avance = -373.000000, avanceR = 2.000000, avanceI = 2.000000
inc_x_r = 0.000000, inc_y_r = 1.000000, inc_x_i = 1.000000, inc_y_i = 1.000000
En el else......

----------------------------------------
x = 26.000000, y = 205.000000
avance = -371.000000, avanceR = 2.000000, avanceI = 2.000000
inc_x_r = 0.000000, inc_y_r = 1.000000, inc_x_i = 1.000000, inc_y_i = 1.000000
En el else......

----------------------------------------
x = 26.000000, y = 206.000000
avance = -369.000000, avanceR = 2.000000, avanceI = 2.000000
inc_x_r = 0.000000, inc_y_r = 1.000000, inc_x_i = 1.000000, inc_y_i = 1.000000
En el else......

----------------------------------------
x = 26.000000, y = 207.000000
avance = -367.000000, avanceR = 2.000000, avanceI = 2.000000
inc_x_r = 0.000000, inc_y_r = 1.000000, inc_x_i = 1.000000, inc_y_i = 1.000000
En el else......

----------------------------------------
x = 26.000000, y = 208.000000
avance = -365.000000, avanceR = 2.000000, avanceI = 2.000000
inc_x_r = 0.000000, inc_y_r = 1.000000, inc_x_i = 1.000000, inc_y_i = 1.000000
En el else......

----------------------------------------
x = 26.000000, y = 209.000000
avance = -363.000000, avanceR = 2.000000, avanceI = 2.000000
inc_x_r = 0.000000, inc_y_r = 1.000000, inc_x_i = 1.000000, inc_y_i = 1.000000
En el else......

----------------------------------------
x = 26.000000, y = 210.000000
avance = -361.000000, avanceR = 2.000000, avanceI = 2.000000
inc_x_r = 0.000000, inc_y_r = 1.000000, inc_x_i = 1.000000, inc_y_i = 1.000000
En el else......

----------------------------------------
x = 26.000000, y = 211.000000
avance = -359.000000, avanceR = 2.000000, avanceI = 2.000000
inc_x_r = 0.000000, inc_y_r = 1.000000, inc_x_i = 1.000000, inc_y_i = 1.000000
En el else......

----------------------------------------
x = 26.000000, y = 212.000000
avance = -357.000000, avanceR = 2.000000, avanceI = 2.000000
inc_x_r = 0.000000, inc_y_r = 1.000000, inc_x_i = 1.000000, inc_y_i = 1.000000
En el else......

----------------------------------------
x = 26.000000, y = 213.000000
avance = -355.000000, avanceR = 2.000000, avanceI = 2.000000
inc_x_r = 0.000000, inc_y_r = 1.000000, inc_x_i = 1.000000, inc_y_i = 1.000000
En el else......

----------------------------------------
x = 26.000000, y = 214.000000
avance = -353.000000, avanceR = 2.000000, avanceI = 2.000000
inc_x_r = 0.000000, inc_y_r = 1.000000, inc_x_i = 1.000000, inc_y_i = 1.000000
En el else......

----------------------------------------
x = 26.000000, y = 215.000000
avance = -351.000000, avanceR = 2.000000, avanceI = 2.000000
inc_x_r = 0.000000, inc_y_r = 1.000000, inc_x_i = 1.000000, inc_y_i = 1.000000
En el else......

----------------------------------------
x = 26.000000, y = 216.000000
avance = -349.000000, avanceR = 2.000000, avanceI = 2.000000
inc_x_r = 0.000000, inc_y_r = 1.000000, inc_x_i = 1.000000, inc_y_i = 1.000000
En el else......

----------------------------------------
x = 26.000000, y = 217.000000
avance = -347.000000, avanceR = 2.000000, avanceI = 2.000000
inc_x_r = 0.000000, inc_y_r = 1.000000, inc_x_i = 1.000000, inc_y_i = 1.000000
En el else......

----------------------------------------
x = 26.000000, y = 218.000000
avance = -345.000000, avanceR = 2.000000, avanceI = 2.000000
inc_x_r = 0.000000, inc_y_r = 1.000000, inc_x_i = 1.000000, inc_y_i = 1.000000
En el else......

----------------------------------------
x = 26.000000, y = 219.000000
avance = -343.000000, avanceR = 2.000000, avanceI = 2.000000
inc_x_r = 0.000000, inc_y_r = 1.000000, inc_x_i = 1.000000, inc_y_i = 1.000000
En el else......

----------------------------------------
x = 26.000000, y = 220.000000
avance = -341.000000, avanceR = 2.000000, avanceI = 2.000000
inc_x_r = 0.000000, inc_y_r = 1.000000, inc_x_i = 1.000000, inc_y_i = 1.000000
En el else......

----------------------------------------
x = 26.000000, y = 221.000000
avance = -339.000000, avanceR = 2.000000, avanceI = 2.000000
inc_x_r = 0.000000, inc_y_r = 1.000000, inc_x_i = 1.000000, inc_y_i = 1.000000
En el else......

----------------------------------------
x = 26.000000, y = 222.000000
avance = -337.000000, avanceR = 2.000000, avanceI = 2.000000
inc_x_r = 0.000000, inc_y_r = 1.000000, inc_x_i = 1.000000, inc_y_i = 1.000000
En el else......

----------------------------------------
x = 26.000000, y = 223.000000
avance = -335.000000, avanceR = 2.000000, avanceI = 2.000000
inc_x_r = 0.000000, inc_y_r = 1.000000, inc_x_i = 1.000000, inc_y_i = 1.000000
En el else......

----------------------------------------
x = 26.000000, y = 224.000000
avance = -333.000000, avanceR = 2.000000, avanceI = 2.000000
inc_x_r = 0.000000, inc_y_r = 1.000000, inc_x_i = 1.000000, inc_y_i = 1.000000
En el else......

----------------------------------------
x = 26.000000, y = 225.000000
avance = -331.000000, avanceR = 2.000000, avanceI = 2.000000
inc_x_r = 0.000000, inc_y_r = 1.000000, inc_x_i = 1.000000, inc_y_i = 1.000000
En el else......

----------------------------------------
x = 26.000000, y = 226.000000
avance = -329.000000, avanceR = 2.000000, avanceI = 2.000000
inc_x_r = 0.000000, inc_y_r = 1.000000, inc_x_i = 1.000000, inc_y_i = 1.000000
En el else......

----------------------------------------
x = 26.000000, y = 227.000000
avance = -327.000000, avanceR = 2.000000, avanceI = 2.000000
inc_x_r = 0.000000, inc_y_r = 1.000000, inc_x_i = 1.000000, inc_y_i = 1.000000
En el else......

----------------------------------------
x = 26.000000, y = 228.000000
avance = -325.000000, avanceR = 2.000000, avanceI = 2.000000
inc_x_r = 0.000000, inc_y_r = 1.000000, inc_x_i = 1.000000, inc_y_i = 1.000000
En el else......

----------------------------------------
x = 26.000000, y = 229.000000
avance = -323.000000, avanceR = 2.000000, avanceI = 2.000000
inc_x_r = 0.000000, inc_y_r = 1.000000, inc_x_i = 1.000000, inc_y_i = 1.000000
En el else......

----------------------------------------
x = 26.000000, y = 230.000000
avance = -321.000000, avanceR = 2.000000, avanceI = 2.000000
inc_x_r = 0.000000, inc_y_r = 1.000000, inc_x_i = 1.000000, inc_y_i = 1.000000
En el else......

----------------------------------------
x = 26.000000, y = 231.000000
avance = -319.000000, avanceR = 2.000000, avanceI = 2.000000
inc_x_r = 0.000000, inc_y_r = 1.000000, inc_x_i = 1.000000, inc_y_i = 1.000000
En el else......

----------------------------------------
x = 26.000000, y = 232.000000
avance = -317.000000, avanceR = 2.000000, avanceI = 2.000000
inc_x_r = 0.000000, inc_y_r = 1.000000, inc_x_i = 1.000000, inc_y_i = 1.000000
En el else......

----------------------------------------
x = 26.000000, y = 233.000000
avance = -315.000000, avanceR = 2.000000, avanceI = 2.000000
inc_x_r = 0.000000, inc_y_r = 1.000000, inc_x_i = 1.000000, inc_y_i = 1.000000
En el else......

----------------------------------------
x = 26.000000, y = 234.000000
avance = -313.000000, avanceR = 2.000000, avanceI = 2.000000
inc_x_r = 0.000000, inc_y_r = 1.000000, inc_x_i = 1.000000, inc_y_i = 1.000000
En el else......

----------------------------------------
x = 26.000000, y = 235.000000
avance = -311.000000, avanceR = 2.000000, avanceI = 2.000000
inc_x_r = 0.000000, inc_y_r = 1.000000, inc_x_i = 1.000000, inc_y_i = 1.000000
En el else......

----------------------------------------
x = 26.000000, y = 236.000000
avance = -309.000000, avanceR = 2.000000, avanceI = 2.000000
inc_x_r = 0.000000, inc_y_r = 1.000000, inc_x_i = 1.000000, inc_y_i = 1.000000
En el else......

----------------------------------------
x = 26.000000, y = 237.000000
avance = -307.000000, avanceR = 2.000000, avanceI = 2.000000
inc_x_r = 0.000000, inc_y_r = 1.000000, inc_x_i = 1.000000, inc_y_i = 1.000000
En el else......

----------------------------------------
x = 26.000000, y = 238.000000
avance = -305.000000, avanceR = 2.000000, avanceI = 2.000000
inc_x_r = 0.000000, inc_y_r = 1.000000, inc_x_i = 1.000000, inc_y_i = 1.000000
En el else......

----------------------------------------
x = 26.000000, y = 239.000000
avance = -303.000000, avanceR = 2.000000, avanceI = 2.000000
inc_x_r = 0.000000, inc_y_r = 1.000000, inc_x_i = 1.000000, inc_y_i = 1.000000
En el else......

----------------------------------------
x = 26.000000, y = 240.000000
avance = -301.000000, avanceR = 2.000000, avanceI = 2.000000
inc_x_r = 0.000000, inc_y_r = 1.000000, inc_x_i = 1.000000, inc_y_i = 1.000000
En el else......

----------------------------------------
x = 26.000000, y = 241.000000
avance = -299.000000, avanceR = 2.000000, avanceI = 2.000000
inc_x_r = 0.000000, inc_y_r = 1.000000, inc_x_i = 1.000000, inc_y_i = 1.000000
En el else......

----------------------------------------
x = 26.000000, y = 242.000000
avance = -297.000000, avanceR = 2.000000, avanceI = 2.000000
inc_x_r = 0.000000, inc_y_r = 1.000000, inc_x_i = 1.000000, inc_y_i = 1.000000
En el else......

----------------------------------------
x = 26.000000, y = 243.000000
avance = -295.000000, avanceR = 2.000000, avanceI = 2.000000
inc_x_r = 0.000000, inc_y_r = 1.000000, inc_x_i = 1.000000, inc_y_i = 1.000000
En el else......

----------------------------------------
x = 26.000000, y = 244.000000
avance = -293.000000, avanceR = 2.000000, avanceI = 2.000000
inc_x_r = 0.000000, inc_y_r = 1.000000, inc_x_i = 1.000000, inc_y_i = 1.000000
En el else......

----------------------------------------
x = 26.000000, y = 245.000000
avance = -291.000000, avanceR = 2.000000, avanceI = 2.000000
inc_x_r = 0.000000, inc_y_r = 1.000000, inc_x_i = 1.000000, inc_y_i = 1.000000
En el else......

----------------------------------------
x = 26.000000, y = 246.000000
avance = -289.000000, avanceR = 2.000000, avanceI = 2.000000
inc_x_r = 0.000000, inc_y_r = 1.000000, inc_x_i = 1.000000, inc_y_i = 1.000000
En el else......

----------------------------------------
x = 26.000000, y = 247.000000
avance = -287.000000, avanceR = 2.000000, avanceI = 2.000000
inc_x_r = 0.000000, inc_y_r = 1.000000, inc_x_i = 1.000000, inc_y_i = 1.000000
En el else......

----------------------------------------
x = 26.000000, y = 248.000000
avance = -285.000000, avanceR = 2.000000, avanceI = 2.000000
inc_x_r = 0.000000, inc_y_r = 1.000000, inc_x_i = 1.000000, inc_y_i = 1.000000
En el else......

----------------------------------------
x = 26.000000, y = 249.000000
avance = -283.000000, avanceR = 2.000000, avanceI = 2.000000
inc_x_r = 0.000000, inc_y_r = 1.000000, inc_x_i = 1.000000, inc_y_i = 1.000000
En el else......

----------------------------------------
x = 26.000000, y = 250.000000
avance = -281.000000, avanceR = 2.000000, avanceI = 2.000000
inc_x_r = 0.000000, inc_y_r = 1.000000, inc_x_i = 1.000000, inc_y_i = 1.000000
En el else......

----------------------------------------
x = 26.000000, y = 251.000000
avance = -279.000000, avanceR = 2.000000, avanceI = 2.000000
inc_x_r = 0.000000, inc_y_r = 1.000000, inc_x_i = 1.000000, inc_y_i = 1.000000
En el else......

----------------------------------------
x = 26.000000, y = 252.000000
avance = -277.000000, avanceR = 2.000000, avanceI = 2.000000
inc_x_r = 0.000000, inc_y_r = 1.000000, inc_x_i = 1.000000, inc_y_i = 1.000000
En el else......

----------------------------------------
x = 26.000000, y = 253.000000
avance = -275.000000, avanceR = 2.000000, avanceI = 2.000000
inc_x_r = 0.000000, inc_y_r = 1.000000, inc_x_i = 1.000000, inc_y_i = 1.000000
En el else......

----------------------------------------
x = 26.000000, y = 254.000000
avance = -273.000000, avanceR = 2.000000, avanceI = 2.000000
inc_x_r = 0.000000, inc_y_r = 1.000000, inc_x_i = 1.000000, inc_y_i = 1.000000
En el else......

----------------------------------------
x = 26.000000, y = 255.000000
avance = -271.000000, avanceR = 2.000000, avanceI = 2.000000
inc_x_r = 0.000000, inc_y_r = 1.000000, inc_x_i = 1.000000, inc_y_i = 1.000000
En el else......

----------------------------------------
x = 26.000000, y = 256.000000
avance = -269.000000, avanceR = 2.000000, avanceI = 2.000000
inc_x_r = 0.000000, inc_y_r = 1.000000, inc_x_i = 1.000000, inc_y_i = 1.000000
En el else......

----------------------------------------
x = 26.000000, y = 257.000000
avance = -267.000000, avanceR = 2.000000, avanceI = 2.000000
inc_x_r = 0.000000, inc_y_r = 1.000000, inc_x_i = 1.000000, inc_y_i = 1.000000
En el else......

----------------------------------------
x = 26.000000, y = 258.000000
avance = -265.000000, avanceR = 2.000000, avanceI = 2.000000
inc_x_r = 0.000000, inc_y_r = 1.000000, inc_x_i = 1.000000, inc_y_i = 1.000000
En el else......

----------------------------------------
x = 26.000000, y = 259.000000
avance = -263.000000, avanceR = 2.000000, avanceI = 2.000000
inc_x_r = 0.000000, inc_y_r = 1.000000, inc_x_i = 1.000000, inc_y_i = 1.000000
En el else......

----------------------------------------
x = 26.000000, y = 260.000000
avance = -261.000000, avanceR = 2.000000, avanceI = 2.000000
inc_x_r = 0.000000, inc_y_r = 1.000000, inc_x_i = 1.000000, inc_y_i = 1.000000
En el else......

----------------------------------------
x = 26.000000, y = 261.000000
avance = -259.000000, avanceR = 2.000000, avanceI = 2.000000
inc_x_r = 0.000000, inc_y_r = 1.000000, inc_x_i = 1.000000, inc_y_i = 1.000000
En el else......

----------------------------------------
x = 26.000000, y = 262.000000
avance = -257.000000, avanceR = 2.000000, avanceI = 2.000000
inc_x_r = 0.000000, inc_y_r = 1.000000, inc_x_i = 1.000000, inc_y_i = 1.000000
En el else......

----------------------------------------
x = 26.000000, y = 263.000000
avance = -255.000000, avanceR = 2.000000, avanceI = 2.000000
inc_x_r = 0.000000, inc_y_r = 1.000000, inc_x_i = 1.000000, inc_y_i = 1.000000
En el else......

----------------------------------------
x = 26.000000, y = 264.000000
avance = -253.000000, avanceR = 2.000000, avanceI = 2.000000
inc_x_r = 0.000000, inc_y_r = 1.000000, inc_x_i = 1.000000, inc_y_i = 1.000000
En el else......

----------------------------------------
x = 26.000000, y = 265.000000
avance = -251.000000, avanceR = 2.000000, avanceI = 2.000000
inc_x_r = 0.000000, inc_y_r = 1.000000, inc_x_i = 1.000000, inc_y_i = 1.000000
En el else......

----------------------------------------


ENTRAMOS A BRESENHAMªªªª
x1 = 25.000000 - y1 = 15.000000 || x2 = 26.000000 - y2 = 266.000000
dy = 251.000000, dx = 1.000000
avances inclinados: inc_x_i = 1.000000, inc_y_i = 1.000000
updated: dy = 251.000000, dx = 1.000000
avances rectos: inc_x_r = 0.000000, inc_y_r 1.000000
reupdated: dy = 1.000000, dx = 251.000000
avanceR = 2.000000, avance -249.000000, avanceI 2.000000
----------------------------------------
x = 25.000000, y = 15.000000
avance = -249.000000, avanceR = 2.000000, avanceI = 2.000000
inc_x_r = 0.000000, inc_y_r = 1.000000, inc_x_i = 1.000000, inc_y_i = 1.000000
En el else......

----------------------------------------
x = 25.000000, y = 16.000000
avance = -247.000000, avanceR = 2.000000, avanceI = 2.000000
inc_x_r = 0.000000, inc_y_r = 1.000000, inc_x_i = 1.000000, inc_y_i = 1.000000
En el else......

----------------------------------------
x = 25.000000, y = 17.000000
avance = -245.000000, avanceR = 2.000000, avanceI = 2.000000
inc_x_r = 0.000000, inc_y_r = 1.000000, inc_x_i = 1.000000, inc_y_i = 1.000000
En el else......

----------------------------------------
x = 25.000000, y = 18.000000
avance = -243.000000, avanceR = 2.000000, avanceI = 2.000000
inc_x_r = 0.000000, inc_y_r = 1.000000, inc_x_i = 1.000000, inc_y_i = 1.000000
En el else......

----------------------------------------
x = 25.000000, y = 19.000000
avance = -241.000000, avanceR = 2.000000, avanceI = 2.000000
inc_x_r = 0.000000, inc_y_r = 1.000000, inc_x_i = 1.000000, inc_y_i = 1.000000
En el else......

----------------------------------------
x = 25.000000, y = 20.000000
avance = -239.000000, avanceR = 2.000000, avanceI = 2.000000
inc_x_r = 0.000000, inc_y_r = 1.000000, inc_x_i = 1.000000, inc_y_i = 1.000000
En el else......

----------------------------------------
x = 25.000000, y = 21.000000
avance = -237.000000, avanceR = 2.000000, avanceI = 2.000000
inc_x_r = 0.000000, inc_y_r = 1.000000, inc_x_i = 1.000000, inc_y_i = 1.000000
En el else......

----------------------------------------
x = 25.000000, y = 22.000000
avance = -235.000000, avanceR = 2.000000, avanceI = 2.000000
inc_x_r = 0.000000, inc_y_r = 1.000000, inc_x_i = 1.000000, inc_y_i = 1.000000
En el else......

----------------------------------------
x = 25.000000, y = 23.000000
avance = -233.000000, avanceR = 2.000000, avanceI = 2.000000
inc_x_r = 0.000000, inc_y_r = 1.000000, inc_x_i = 1.000000, inc_y_i = 1.000000
En el else......

----------------------------------------
x = 25.000000, y = 24.000000
avance = -231.000000, avanceR = 2.000000, avanceI = 2.000000
inc_x_r = 0.000000, inc_y_r = 1.000000, inc_x_i = 1.000000, inc_y_i = 1.000000
En el else......

----------------------------------------
x = 25.000000, y = 25.000000
avance = -229.000000, avanceR = 2.000000, avanceI = 2.000000
inc_x_r = 0.000000, inc_y_r = 1.000000, inc_x_i = 1.000000, inc_y_i = 1.000000
En el else......

----------------------------------------
x = 25.000000, y = 26.000000
avance = -227.000000, avanceR = 2.000000, avanceI = 2.000000
inc_x_r = 0.000000, inc_y_r = 1.000000, inc_x_i = 1.000000, inc_y_i = 1.000000
En el else......

----------------------------------------
x = 25.000000, y = 27.000000
avance = -225.000000, avanceR = 2.000000, avanceI = 2.000000
inc_x_r = 0.000000, inc_y_r = 1.000000, inc_x_i = 1.000000, inc_y_i = 1.000000
En el else......

----------------------------------------
x = 25.000000, y = 28.000000
avance = -223.000000, avanceR = 2.000000, avanceI = 2.000000
inc_x_r = 0.000000, inc_y_r = 1.000000, inc_x_i = 1.000000, inc_y_i = 1.000000
En el else......

----------------------------------------
x = 25.000000, y = 29.000000
avance = -221.000000, avanceR = 2.000000, avanceI = 2.000000
inc_x_r = 0.000000, inc_y_r = 1.000000, inc_x_i = 1.000000, inc_y_i = 1.000000
En el else......

----------------------------------------
x = 25.000000, y = 30.000000
avance = -219.000000, avanceR = 2.000000, avanceI = 2.000000
inc_x_r = 0.000000, inc_y_r = 1.000000, inc_x_i = 1.000000, inc_y_i = 1.000000
En el else......

----------------------------------------
x = 25.000000, y = 31.000000
avance = -217.000000, avanceR = 2.000000, avanceI = 2.000000
inc_x_r = 0.000000, inc_y_r = 1.000000, inc_x_i = 1.000000, inc_y_i = 1.000000
En el else......

----------------------------------------
x = 25.000000, y = 32.000000
avance = -215.000000, avanceR = 2.000000, avanceI = 2.000000
inc_x_r = 0.000000, inc_y_r = 1.000000, inc_x_i = 1.000000, inc_y_i = 1.000000
En el else......

----------------------------------------
x = 25.000000, y = 33.000000
avance = -213.000000, avanceR = 2.000000, avanceI = 2.000000
inc_x_r = 0.000000, inc_y_r = 1.000000, inc_x_i = 1.000000, inc_y_i = 1.000000
En el else......

----------------------------------------
x = 25.000000, y = 34.000000
avance = -211.000000, avanceR = 2.000000, avanceI = 2.000000
inc_x_r = 0.000000, inc_y_r = 1.000000, inc_x_i = 1.000000, inc_y_i = 1.000000
En el else......

----------------------------------------
x = 25.000000, y = 35.000000
avance = -209.000000, avanceR = 2.000000, avanceI = 2.000000
inc_x_r = 0.000000, inc_y_r = 1.000000, inc_x_i = 1.000000, inc_y_i = 1.000000
En el else......

----------------------------------------
x = 25.000000, y = 36.000000
avance = -207.000000, avanceR = 2.000000, avanceI = 2.000000
inc_x_r = 0.000000, inc_y_r = 1.000000, inc_x_i = 1.000000, inc_y_i = 1.000000
En el else......

----------------------------------------
x = 25.000000, y = 37.000000
avance = -205.000000, avanceR = 2.000000, avanceI = 2.000000
inc_x_r = 0.000000, inc_y_r = 1.000000, inc_x_i = 1.000000, inc_y_i = 1.000000
En el else......

----------------------------------------
x = 25.000000, y = 38.000000
avance = -203.000000, avanceR = 2.000000, avanceI = 2.000000
inc_x_r = 0.000000, inc_y_r = 1.000000, inc_x_i = 1.000000, inc_y_i = 1.000000
En el else......

----------------------------------------
x = 25.000000, y = 39.000000
avance = -201.000000, avanceR = 2.000000, avanceI = 2.000000
inc_x_r = 0.000000, inc_y_r = 1.000000, inc_x_i = 1.000000, inc_y_i = 1.000000
En el else......

----------------------------------------
x = 25.000000, y = 40.000000
avance = -199.000000, avanceR = 2.000000, avanceI = 2.000000
inc_x_r = 0.000000, inc_y_r = 1.000000, inc_x_i = 1.000000, inc_y_i = 1.000000
En el else......

----------------------------------------
x = 25.000000, y = 41.000000
avance = -197.000000, avanceR = 2.000000, avanceI = 2.000000
inc_x_r = 0.000000, inc_y_r = 1.000000, inc_x_i = 1.000000, inc_y_i = 1.000000
En el else......

----------------------------------------
x = 25.000000, y = 42.000000
avance = -195.000000, avanceR = 2.000000, avanceI = 2.000000
inc_x_r = 0.000000, inc_y_r = 1.000000, inc_x_i = 1.000000, inc_y_i = 1.000000
En el else......

----------------------------------------
x = 25.000000, y = 43.000000
avance = -193.000000, avanceR = 2.000000, avanceI = 2.000000
inc_x_r = 0.000000, inc_y_r = 1.000000, inc_x_i = 1.000000, inc_y_i = 1.000000
En el else......

----------------------------------------
x = 25.000000, y = 44.000000
avance = -191.000000, avanceR = 2.000000, avanceI = 2.000000
inc_x_r = 0.000000, inc_y_r = 1.000000, inc_x_i = 1.000000, inc_y_i = 1.000000
En el else......

----------------------------------------
x = 25.000000, y = 45.000000
avance = -189.000000, avanceR = 2.000000, avanceI = 2.000000
inc_x_r = 0.000000, inc_y_r = 1.000000, inc_x_i = 1.000000, inc_y_i = 1.000000
En el else......

----------------------------------------
x = 25.000000, y = 46.000000
avance = -187.000000, avanceR = 2.000000, avanceI = 2.000000
inc_x_r = 0.000000, inc_y_r = 1.000000, inc_x_i = 1.000000, inc_y_i = 1.000000
En el else......

----------------------------------------
x = 25.000000, y = 47.000000
avance = -185.000000, avanceR = 2.000000, avanceI = 2.000000
inc_x_r = 0.000000, inc_y_r = 1.000000, inc_x_i = 1.000000, inc_y_i = 1.000000
En el else......

----------------------------------------
x = 25.000000, y = 48.000000
avance = -183.000000, avanceR = 2.000000, avanceI = 2.000000
inc_x_r = 0.000000, inc_y_r = 1.000000, inc_x_i = 1.000000, inc_y_i = 1.000000
En el else......

----------------------------------------
x = 25.000000, y = 49.000000
avance = -181.000000, avanceR = 2.000000, avanceI = 2.000000
inc_x_r = 0.000000, inc_y_r = 1.000000, inc_x_i = 1.000000, inc_y_i = 1.000000
En el else......

----------------------------------------
x = 25.000000, y = 50.000000
avance = -179.000000, avanceR = 2.000000, avanceI = 2.000000
inc_x_r = 0.000000, inc_y_r = 1.000000, inc_x_i = 1.000000, inc_y_i = 1.000000
En el else......

----------------------------------------
x = 25.000000, y = 51.000000
avance = -177.000000, avanceR = 2.000000, avanceI = 2.000000
inc_x_r = 0.000000, inc_y_r = 1.000000, inc_x_i = 1.000000, inc_y_i = 1.000000
En el else......

----------------------------------------
x = 25.000000, y = 52.000000
avance = -175.000000, avanceR = 2.000000, avanceI = 2.000000
inc_x_r = 0.000000, inc_y_r = 1.000000, inc_x_i = 1.000000, inc_y_i = 1.000000
En el else......

----------------------------------------
x = 25.000000, y = 53.000000
avance = -173.000000, avanceR = 2.000000, avanceI = 2.000000
inc_x_r = 0.000000, inc_y_r = 1.000000, inc_x_i = 1.000000, inc_y_i = 1.000000
En el else......

----------------------------------------
x = 25.000000, y = 54.000000
avance = -171.000000, avanceR = 2.000000, avanceI = 2.000000
inc_x_r = 0.000000, inc_y_r = 1.000000, inc_x_i = 1.000000, inc_y_i = 1.000000
En el else......

----------------------------------------
x = 25.000000, y = 55.000000
avance = -169.000000, avanceR = 2.000000, avanceI = 2.000000
inc_x_r = 0.000000, inc_y_r = 1.000000, inc_x_i = 1.000000, inc_y_i = 1.000000
En el else......

----------------------------------------
x = 25.000000, y = 56.000000
avance = -167.000000, avanceR = 2.000000, avanceI = 2.000000
inc_x_r = 0.000000, inc_y_r = 1.000000, inc_x_i = 1.000000, inc_y_i = 1.000000
En el else......

----------------------------------------
x = 25.000000, y = 57.000000
avance = -165.000000, avanceR = 2.000000, avanceI = 2.000000
inc_x_r = 0.000000, inc_y_r = 1.000000, inc_x_i = 1.000000, inc_y_i = 1.000000
En el else......

----------------------------------------
x = 25.000000, y = 58.000000
avance = -163.000000, avanceR = 2.000000, avanceI = 2.000000
inc_x_r = 0.000000, inc_y_r = 1.000000, inc_x_i = 1.000000, inc_y_i = 1.000000
En el else......

----------------------------------------
x = 25.000000, y = 59.000000
avance = -161.000000, avanceR = 2.000000, avanceI = 2.000000
inc_x_r = 0.000000, inc_y_r = 1.000000, inc_x_i = 1.000000, inc_y_i = 1.000000
En el else......

----------------------------------------
x = 25.000000, y = 60.000000
avance = -159.000000, avanceR = 2.000000, avanceI = 2.000000
inc_x_r = 0.000000, inc_y_r = 1.000000, inc_x_i = 1.000000, inc_y_i = 1.000000
En el else......

----------------------------------------
x = 25.000000, y = 61.000000
avance = -157.000000, avanceR = 2.000000, avanceI = 2.000000
inc_x_r = 0.000000, inc_y_r = 1.000000, inc_x_i = 1.000000, inc_y_i = 1.000000
En el else......

----------------------------------------
x = 25.000000, y = 62.000000
avance = -155.000000, avanceR = 2.000000, avanceI = 2.000000
inc_x_r = 0.000000, inc_y_r = 1.000000, inc_x_i = 1.000000, inc_y_i = 1.000000
En el else......

----------------------------------------
x = 25.000000, y = 63.000000
avance = -153.000000, avanceR = 2.000000, avanceI = 2.000000
inc_x_r = 0.000000, inc_y_r = 1.000000, inc_x_i = 1.000000, inc_y_i = 1.000000
En el else......

----------------------------------------
x = 25.000000, y = 64.000000
avance = -151.000000, avanceR = 2.000000, avanceI = 2.000000
inc_x_r = 0.000000, inc_y_r = 1.000000, inc_x_i = 1.000000, inc_y_i = 1.000000
En el else......

----------------------------------------
x = 25.000000, y = 65.000000
avance = -149.000000, avanceR = 2.000000, avanceI = 2.000000
inc_x_r = 0.000000, inc_y_r = 1.000000, inc_x_i = 1.000000, inc_y_i = 1.000000
En el else......

----------------------------------------
x = 25.000000, y = 66.000000
avance = -147.000000, avanceR = 2.000000, avanceI = 2.000000
inc_x_r = 0.000000, inc_y_r = 1.000000, inc_x_i = 1.000000, inc_y_i = 1.000000
En el else......

----------------------------------------
x = 25.000000, y = 67.000000
avance = -145.000000, avanceR = 2.000000, avanceI = 2.000000
inc_x_r = 0.000000, inc_y_r = 1.000000, inc_x_i = 1.000000, inc_y_i = 1.000000
En el else......

----------------------------------------
x = 25.000000, y = 68.000000
avance = -143.000000, avanceR = 2.000000, avanceI = 2.000000
inc_x_r = 0.000000, inc_y_r = 1.000000, inc_x_i = 1.000000, inc_y_i = 1.000000
En el else......

----------------------------------------
x = 25.000000, y = 69.000000
avance = -141.000000, avanceR = 2.000000, avanceI = 2.000000
inc_x_r = 0.000000, inc_y_r = 1.000000, inc_x_i = 1.000000, inc_y_i = 1.000000
En el else......

----------------------------------------
x = 25.000000, y = 70.000000
avance = -139.000000, avanceR = 2.000000, avanceI = 2.000000
inc_x_r = 0.000000, inc_y_r = 1.000000, inc_x_i = 1.000000, inc_y_i = 1.000000
En el else......

----------------------------------------
x = 25.000000, y = 71.000000
avance = -137.000000, avanceR = 2.000000, avanceI = 2.000000
inc_x_r = 0.000000, inc_y_r = 1.000000, inc_x_i = 1.000000, inc_y_i = 1.000000
En el else......

----------------------------------------
x = 25.000000, y = 72.000000
avance = -135.000000, avanceR = 2.000000, avanceI = 2.000000
inc_x_r = 0.000000, inc_y_r = 1.000000, inc_x_i = 1.000000, inc_y_i = 1.000000
En el else......

----------------------------------------
x = 25.000000, y = 73.000000
avance = -133.000000, avanceR = 2.000000, avanceI = 2.000000
inc_x_r = 0.000000, inc_y_r = 1.000000, inc_x_i = 1.000000, inc_y_i = 1.000000
En el else......

----------------------------------------
x = 25.000000, y = 74.000000
avance = -131.000000, avanceR = 2.000000, avanceI = 2.000000
inc_x_r = 0.000000, inc_y_r = 1.000000, inc_x_i = 1.000000, inc_y_i = 1.000000
En el else......

----------------------------------------
x = 25.000000, y = 75.000000
avance = -129.000000, avanceR = 2.000000, avanceI = 2.000000
inc_x_r = 0.000000, inc_y_r = 1.000000, inc_x_i = 1.000000, inc_y_i = 1.000000
En el else......

----------------------------------------
x = 25.000000, y = 76.000000
avance = -127.000000, avanceR = 2.000000, avanceI = 2.000000
inc_x_r = 0.000000, inc_y_r = 1.000000, inc_x_i = 1.000000, inc_y_i = 1.000000
En el else......

----------------------------------------
x = 25.000000, y = 77.000000
avance = -125.000000, avanceR = 2.000000, avanceI = 2.000000
inc_x_r = 0.000000, inc_y_r = 1.000000, inc_x_i = 1.000000, inc_y_i = 1.000000
En el else......

----------------------------------------
x = 25.000000, y = 78.000000
avance = -123.000000, avanceR = 2.000000, avanceI = 2.000000
inc_x_r = 0.000000, inc_y_r = 1.000000, inc_x_i = 1.000000, inc_y_i = 1.000000
En el else......

----------------------------------------
x = 25.000000, y = 79.000000
avance = -121.000000, avanceR = 2.000000, avanceI = 2.000000
inc_x_r = 0.000000, inc_y_r = 1.000000, inc_x_i = 1.000000, inc_y_i = 1.000000
En el else......

----------------------------------------
x = 25.000000, y = 80.000000
avance = -119.000000, avanceR = 2.000000, avanceI = 2.000000
inc_x_r = 0.000000, inc_y_r = 1.000000, inc_x_i = 1.000000, inc_y_i = 1.000000
En el else......

----------------------------------------
x = 25.000000, y = 81.000000
avance = -117.000000, avanceR = 2.000000, avanceI = 2.000000
inc_x_r = 0.000000, inc_y_r = 1.000000, inc_x_i = 1.000000, inc_y_i = 1.000000
En el else......

----------------------------------------
x = 25.000000, y = 82.000000
avance = -115.000000, avanceR = 2.000000, avanceI = 2.000000
inc_x_r = 0.000000, inc_y_r = 1.000000, inc_x_i = 1.000000, inc_y_i = 1.000000
En el else......

----------------------------------------
x = 25.000000, y = 83.000000
avance = -113.000000, avanceR = 2.000000, avanceI = 2.000000
inc_x_r = 0.000000, inc_y_r = 1.000000, inc_x_i = 1.000000, inc_y_i = 1.000000
En el else......

----------------------------------------
x = 25.000000, y = 84.000000
avance = -111.000000, avanceR = 2.000000, avanceI = 2.000000
inc_x_r = 0.000000, inc_y_r = 1.000000, inc_x_i = 1.000000, inc_y_i = 1.000000
En el else......

----------------------------------------
x = 25.000000, y = 85.000000
avance = -109.000000, avanceR = 2.000000, avanceI = 2.000000
inc_x_r = 0.000000, inc_y_r = 1.000000, inc_x_i = 1.000000, inc_y_i = 1.000000
En el else......

----------------------------------------
x = 25.000000, y = 86.000000
avance = -107.000000, avanceR = 2.000000, avanceI = 2.000000
inc_x_r = 0.000000, inc_y_r = 1.000000, inc_x_i = 1.000000, inc_y_i = 1.000000
En el else......

----------------------------------------
x = 25.000000, y = 87.000000
avance = -105.000000, avanceR = 2.000000, avanceI = 2.000000
inc_x_r = 0.000000, inc_y_r = 1.000000, inc_x_i = 1.000000, inc_y_i = 1.000000
En el else......

----------------------------------------
x = 25.000000, y = 88.000000
avance = -103.000000, avanceR = 2.000000, avanceI = 2.000000
inc_x_r = 0.000000, inc_y_r = 1.000000, inc_x_i = 1.000000, inc_y_i = 1.000000
En el else......

----------------------------------------
x = 25.000000, y = 89.000000
avance = -101.000000, avanceR = 2.000000, avanceI = 2.000000
inc_x_r = 0.000000, inc_y_r = 1.000000, inc_x_i = 1.000000, inc_y_i = 1.000000
En el else......

----------------------------------------
x = 25.000000, y = 90.000000
avance = -99.000000, avanceR = 2.000000, avanceI = 2.000000
inc_x_r = 0.000000, inc_y_r = 1.000000, inc_x_i = 1.000000, inc_y_i = 1.000000
En el else......

----------------------------------------
x = 25.000000, y = 91.000000
avance = -97.000000, avanceR = 2.000000, avanceI = 2.000000
inc_x_r = 0.000000, inc_y_r = 1.000000, inc_x_i = 1.000000, inc_y_i = 1.000000
En el else......

----------------------------------------
x = 25.000000, y = 92.000000
avance = -95.000000, avanceR = 2.000000, avanceI = 2.000000
inc_x_r = 0.000000, inc_y_r = 1.000000, inc_x_i = 1.000000, inc_y_i = 1.000000
En el else......

----------------------------------------
x = 25.000000, y = 93.000000
avance = -93.000000, avanceR = 2.000000, avanceI = 2.000000
inc_x_r = 0.000000, inc_y_r = 1.000000, inc_x_i = 1.000000, inc_y_i = 1.000000
En el else......

----------------------------------------
x = 25.000000, y = 94.000000
avance = -91.000000, avanceR = 2.000000, avanceI = 2.000000
inc_x_r = 0.000000, inc_y_r = 1.000000, inc_x_i = 1.000000, inc_y_i = 1.000000
En el else......

----------------------------------------
x = 25.000000, y = 95.000000
avance = -89.000000, avanceR = 2.000000, avanceI = 2.000000
inc_x_r = 0.000000, inc_y_r = 1.000000, inc_x_i = 1.000000, inc_y_i = 1.000000
En el else......

----------------------------------------
x = 25.000000, y = 96.000000
avance = -87.000000, avanceR = 2.000000, avanceI = 2.000000
inc_x_r = 0.000000, inc_y_r = 1.000000, inc_x_i = 1.000000, inc_y_i = 1.000000
En el else......

----------------------------------------
x = 25.000000, y = 97.000000
avance = -85.000000, avanceR = 2.000000, avanceI = 2.000000
inc_x_r = 0.000000, inc_y_r = 1.000000, inc_x_i = 1.000000, inc_y_i = 1.000000
En el else......

----------------------------------------
x = 25.000000, y = 98.000000
avance = -83.000000, avanceR = 2.000000, avanceI = 2.000000
inc_x_r = 0.000000, inc_y_r = 1.000000, inc_x_i = 1.000000, inc_y_i = 1.000000
En el else......

----------------------------------------
x = 25.000000, y = 99.000000
avance = -81.000000, avanceR = 2.000000, avanceI = 2.000000
inc_x_r = 0.000000, inc_y_r = 1.000000, inc_x_i = 1.000000, inc_y_i = 1.000000
En el else......

----------------------------------------
x = 25.000000, y = 100.000000
avance = -79.000000, avanceR = 2.000000, avanceI = 2.000000
inc_x_r = 0.000000, inc_y_r = 1.000000, inc_x_i = 1.000000, inc_y_i = 1.000000
En el else......

----------------------------------------
x = 25.000000, y = 101.000000
avance = -77.000000, avanceR = 2.000000, avanceI = 2.000000
inc_x_r = 0.000000, inc_y_r = 1.000000, inc_x_i = 1.000000, inc_y_i = 1.000000
En el else......

----------------------------------------
x = 25.000000, y = 102.000000
avance = -75.000000, avanceR = 2.000000, avanceI = 2.000000
inc_x_r = 0.000000, inc_y_r = 1.000000, inc_x_i = 1.000000, inc_y_i = 1.000000
En el else......

----------------------------------------
x = 25.000000, y = 103.000000
avance = -73.000000, avanceR = 2.000000, avanceI = 2.000000
inc_x_r = 0.000000, inc_y_r = 1.000000, inc_x_i = 1.000000, inc_y_i = 1.000000
En el else......

----------------------------------------
x = 25.000000, y = 104.000000
avance = -71.000000, avanceR = 2.000000, avanceI = 2.000000
inc_x_r = 0.000000, inc_y_r = 1.000000, inc_x_i = 1.000000, inc_y_i = 1.000000
En el else......

----------------------------------------
x = 25.000000, y = 105.000000
avance = -69.000000, avanceR = 2.000000, avanceI = 2.000000
inc_x_r = 0.000000, inc_y_r = 1.000000, inc_x_i = 1.000000, inc_y_i = 1.000000
En el else......

----------------------------------------
x = 25.000000, y = 106.000000
avance = -67.000000, avanceR = 2.000000, avanceI = 2.000000
inc_x_r = 0.000000, inc_y_r = 1.000000, inc_x_i = 1.000000, inc_y_i = 1.000000
En el else......

----------------------------------------
x = 25.000000, y = 107.000000
avance = -65.000000, avanceR = 2.000000, avanceI = 2.000000
inc_x_r = 0.000000, inc_y_r = 1.000000, inc_x_i = 1.000000, inc_y_i = 1.000000
En el else......

----------------------------------------
x = 25.000000, y = 108.000000
avance = -63.000000, avanceR = 2.000000, avanceI = 2.000000
inc_x_r = 0.000000, inc_y_r = 1.000000, inc_x_i = 1.000000, inc_y_i = 1.000000
En el else......

----------------------------------------
x = 25.000000, y = 109.000000
avance = -61.000000, avanceR = 2.000000, avanceI = 2.000000
inc_x_r = 0.000000, inc_y_r = 1.000000, inc_x_i = 1.000000, inc_y_i = 1.000000
En el else......

----------------------------------------
x = 25.000000, y = 110.000000
avance = -59.000000, avanceR = 2.000000, avanceI = 2.000000
inc_x_r = 0.000000, inc_y_r = 1.000000, inc_x_i = 1.000000, inc_y_i = 1.000000
En el else......

----------------------------------------
x = 25.000000, y = 111.000000
avance = -57.000000, avanceR = 2.000000, avanceI = 2.000000
inc_x_r = 0.000000, inc_y_r = 1.000000, inc_x_i = 1.000000, inc_y_i = 1.000000
En el else......

----------------------------------------
x = 25.000000, y = 112.000000
avance = -55.000000, avanceR = 2.000000, avanceI = 2.000000
inc_x_r = 0.000000, inc_y_r = 1.000000, inc_x_i = 1.000000, inc_y_i = 1.000000
En el else......

----------------------------------------
x = 25.000000, y = 113.000000
avance = -53.000000, avanceR = 2.000000, avanceI = 2.000000
inc_x_r = 0.000000, inc_y_r = 1.000000, inc_x_i = 1.000000, inc_y_i = 1.000000
En el else......

----------------------------------------
x = 25.000000, y = 114.000000
avance = -51.000000, avanceR = 2.000000, avanceI = 2.000000
inc_x_r = 0.000000, inc_y_r = 1.000000, inc_x_i = 1.000000, inc_y_i = 1.000000
En el else......

----------------------------------------
x = 25.000000, y = 115.000000
avance = -49.000000, avanceR = 2.000000, avanceI = 2.000000
inc_x_r = 0.000000, inc_y_r = 1.000000, inc_x_i = 1.000000, inc_y_i = 1.000000
En el else......

----------------------------------------
x = 25.000000, y = 116.000000
avance = -47.000000, avanceR = 2.000000, avanceI = 2.000000
inc_x_r = 0.000000, inc_y_r = 1.000000, inc_x_i = 1.000000, inc_y_i = 1.000000
En el else......

----------------------------------------
x = 25.000000, y = 117.000000
avance = -45.000000, avanceR = 2.000000, avanceI = 2.000000
inc_x_r = 0.000000, inc_y_r = 1.000000, inc_x_i = 1.000000, inc_y_i = 1.000000
En el else......

----------------------------------------
x = 25.000000, y = 118.000000
avance = -43.000000, avanceR = 2.000000, avanceI = 2.000000
inc_x_r = 0.000000, inc_y_r = 1.000000, inc_x_i = 1.000000, inc_y_i = 1.000000
En el else......

----------------------------------------
x = 25.000000, y = 119.000000
avance = -41.000000, avanceR = 2.000000, avanceI = 2.000000
inc_x_r = 0.000000, inc_y_r = 1.000000, inc_x_i = 1.000000, inc_y_i = 1.000000
En el else......

----------------------------------------
x = 25.000000, y = 120.000000
avance = -39.000000, avanceR = 2.000000, avanceI = 2.000000
inc_x_r = 0.000000, inc_y_r = 1.000000, inc_x_i = 1.000000, inc_y_i = 1.000000
En el else......

----------------------------------------
x = 25.000000, y = 121.000000
avance = -37.000000, avanceR = 2.000000, avanceI = 2.000000
inc_x_r = 0.000000, inc_y_r = 1.000000, inc_x_i = 1.000000, inc_y_i = 1.000000
En el else......

----------------------------------------
x = 25.000000, y = 122.000000
avance = -35.000000, avanceR = 2.000000, avanceI = 2.000000
inc_x_r = 0.000000, inc_y_r = 1.000000, inc_x_i = 1.000000, inc_y_i = 1.000000
En el else......

----------------------------------------
x = 25.000000, y = 123.000000
avance = -33.000000, avanceR = 2.000000, avanceI = 2.000000
inc_x_r = 0.000000, inc_y_r = 1.000000, inc_x_i = 1.000000, inc_y_i = 1.000000
En el else......

----------------------------------------
x = 25.000000, y = 124.000000
avance = -31.000000, avanceR = 2.000000, avanceI = 2.000000
inc_x_r = 0.000000, inc_y_r = 1.000000, inc_x_i = 1.000000, inc_y_i = 1.000000
En el else......

----------------------------------------
x = 25.000000, y = 125.000000
avance = -29.000000, avanceR = 2.000000, avanceI = 2.000000
inc_x_r = 0.000000, inc_y_r = 1.000000, inc_x_i = 1.000000, inc_y_i = 1.000000
En el else......

----------------------------------------
x = 25.000000, y = 126.000000
avance = -27.000000, avanceR = 2.000000, avanceI = 2.000000
inc_x_r = 0.000000, inc_y_r = 1.000000, inc_x_i = 1.000000, inc_y_i = 1.000000
En el else......

----------------------------------------
x = 25.000000, y = 127.000000
avance = -25.000000, avanceR = 2.000000, avanceI = 2.000000
inc_x_r = 0.000000, inc_y_r = 1.000000, inc_x_i = 1.000000, inc_y_i = 1.000000
En el else......

----------------------------------------
x = 25.000000, y = 128.000000
avance = -23.000000, avanceR = 2.000000, avanceI = 2.000000
inc_x_r = 0.000000, inc_y_r = 1.000000, inc_x_i = 1.000000, inc_y_i = 1.000000
En el else......

----------------------------------------
x = 25.000000, y = 129.000000
avance = -21.000000, avanceR = 2.000000, avanceI = 2.000000
inc_x_r = 0.000000, inc_y_r = 1.000000, inc_x_i = 1.000000, inc_y_i = 1.000000
En el else......

----------------------------------------
x = 25.000000, y = 130.000000
avance = -19.000000, avanceR = 2.000000, avanceI = 2.000000
inc_x_r = 0.000000, inc_y_r = 1.000000, inc_x_i = 1.000000, inc_y_i = 1.000000
En el else......

----------------------------------------
x = 25.000000, y = 131.000000
avance = -17.000000, avanceR = 2.000000, avanceI = 2.000000
inc_x_r = 0.000000, inc_y_r = 1.000000, inc_x_i = 1.000000, inc_y_i = 1.000000
En el else......

----------------------------------------
x = 25.000000, y = 132.000000
avance = -15.000000, avanceR = 2.000000, avanceI = 2.000000
inc_x_r = 0.000000, inc_y_r = 1.000000, inc_x_i = 1.000000, inc_y_i = 1.000000
En el else......

----------------------------------------
x = 25.000000, y = 133.000000
avance = -13.000000, avanceR = 2.000000, avanceI = 2.000000
inc_x_r = 0.000000, inc_y_r = 1.000000, inc_x_i = 1.000000, inc_y_i = 1.000000
En el else......

----------------------------------------
x = 25.000000, y = 134.000000
avance = -11.000000, avanceR = 2.000000, avanceI = 2.000000
inc_x_r = 0.000000, inc_y_r = 1.000000, inc_x_i = 1.000000, inc_y_i = 1.000000
En el else......

----------------------------------------
x = 25.000000, y = 135.000000
avance = -9.000000, avanceR = 2.000000, avanceI = 2.000000
inc_x_r = 0.000000, inc_y_r = 1.000000, inc_x_i = 1.000000, inc_y_i = 1.000000
En el else......

----------------------------------------
x = 25.000000, y = 136.000000
avance = -7.000000, avanceR = 2.000000, avanceI = 2.000000
inc_x_r = 0.000000, inc_y_r = 1.000000, inc_x_i = 1.000000, inc_y_i = 1.000000
En el else......

----------------------------------------
x = 25.000000, y = 137.000000
avance = -5.000000, avanceR = 2.000000, avanceI = 2.000000
inc_x_r = 0.000000, inc_y_r = 1.000000, inc_x_i = 1.000000, inc_y_i = 1.000000
En el else......

----------------------------------------
x = 25.000000, y = 138.000000
avance = -3.000000, avanceR = 2.000000, avanceI = 2.000000
inc_x_r = 0.000000, inc_y_r = 1.000000, inc_x_i = 1.000000, inc_y_i = 1.000000
En el else......

----------------------------------------
x = 25.000000, y = 139.000000
avance = -1.000000, avanceR = 2.000000, avanceI = 2.000000
inc_x_r = 0.000000, inc_y_r = 1.000000, inc_x_i = 1.000000, inc_y_i = 1.000000
En el else......

----------------------------------------
x = 25.000000, y = 140.000000
avance = 1.000000, avanceR = 2.000000, avanceI = 2.000000
inc_x_r = 0.000000, inc_y_r = 1.000000, inc_x_i = 1.000000, inc_y_i = 1.000000
avance >= 0

----------------------------------------
x = 26.000000, y = 141.000000
avance = -499.000000, avanceR = 2.000000, avanceI = 2.000000
inc_x_r = 0.000000, inc_y_r = 1.000000, inc_x_i = 1.000000, inc_y_i = 1.000000
En el else......

----------------------------------------
x = 26.000000, y = 142.000000
avance = -497.000000, avanceR = 2.000000, avanceI = 2.000000
inc_x_r = 0.000000, inc_y_r = 1.000000, inc_x_i = 1.000000, inc_y_i = 1.000000
En el else......

----------------------------------------
x = 26.000000, y = 143.000000
avance = -495.000000, avanceR = 2.000000, avanceI = 2.000000
inc_x_r = 0.000000, inc_y_r = 1.000000, inc_x_i = 1.000000, inc_y_i = 1.000000
En el else......

----------------------------------------
x = 26.000000, y = 144.000000
avance = -493.000000, avanceR = 2.000000, avanceI = 2.000000
inc_x_r = 0.000000, inc_y_r = 1.000000, inc_x_i = 1.000000, inc_y_i = 1.000000
En el else......

----------------------------------------
x = 26.000000, y = 145.000000
avance = -491.000000, avanceR = 2.000000, avanceI = 2.000000
inc_x_r = 0.000000, inc_y_r = 1.000000, inc_x_i = 1.000000, inc_y_i = 1.000000
En el else......

----------------------------------------
x = 26.000000, y = 146.000000
avance = -489.000000, avanceR = 2.000000, avanceI = 2.000000
inc_x_r = 0.000000, inc_y_r = 1.000000, inc_x_i = 1.000000, inc_y_i = 1.000000
En el else......

----------------------------------------
x = 26.000000, y = 147.000000
avance = -487.000000, avanceR = 2.000000, avanceI = 2.000000
inc_x_r = 0.000000, inc_y_r = 1.000000, inc_x_i = 1.000000, inc_y_i = 1.000000
En el else......

----------------------------------------
x = 26.000000, y = 148.000000
avance = -485.000000, avanceR = 2.000000, avanceI = 2.000000
inc_x_r = 0.000000, inc_y_r = 1.000000, inc_x_i = 1.000000, inc_y_i = 1.000000
En el else......

----------------------------------------
x = 26.000000, y = 149.000000
avance = -483.000000, avanceR = 2.000000, avanceI = 2.000000
inc_x_r = 0.000000, inc_y_r = 1.000000, inc_x_i = 1.000000, inc_y_i = 1.000000
En el else......

----------------------------------------
x = 26.000000, y = 150.000000
avance = -481.000000, avanceR = 2.000000, avanceI = 2.000000
inc_x_r = 0.000000, inc_y_r = 1.000000, inc_x_i = 1.000000, inc_y_i = 1.000000
En el else......

----------------------------------------
x = 26.000000, y = 151.000000
avance = -479.000000, avanceR = 2.000000, avanceI = 2.000000
inc_x_r = 0.000000, inc_y_r = 1.000000, inc_x_i = 1.000000, inc_y_i = 1.000000
En el else......

----------------------------------------
x = 26.000000, y = 152.000000
avance = -477.000000, avanceR = 2.000000, avanceI = 2.000000
inc_x_r = 0.000000, inc_y_r = 1.000000, inc_x_i = 1.000000, inc_y_i = 1.000000
En el else......

----------------------------------------
x = 26.000000, y = 153.000000
avance = -475.000000, avanceR = 2.000000, avanceI = 2.000000
inc_x_r = 0.000000, inc_y_r = 1.000000, inc_x_i = 1.000000, inc_y_i = 1.000000
En el else......

----------------------------------------
x = 26.000000, y = 154.000000
avance = -473.000000, avanceR = 2.000000, avanceI = 2.000000
inc_x_r = 0.000000, inc_y_r = 1.000000, inc_x_i = 1.000000, inc_y_i = 1.000000
En el else......

----------------------------------------
x = 26.000000, y = 155.000000
avance = -471.000000, avanceR = 2.000000, avanceI = 2.000000
inc_x_r = 0.000000, inc_y_r = 1.000000, inc_x_i = 1.000000, inc_y_i = 1.000000
En el else......

----------------------------------------
x = 26.000000, y = 156.000000
avance = -469.000000, avanceR = 2.000000, avanceI = 2.000000
inc_x_r = 0.000000, inc_y_r = 1.000000, inc_x_i = 1.000000, inc_y_i = 1.000000
En el else......

----------------------------------------
x = 26.000000, y = 157.000000
avance = -467.000000, avanceR = 2.000000, avanceI = 2.000000
inc_x_r = 0.000000, inc_y_r = 1.000000, inc_x_i = 1.000000, inc_y_i = 1.000000
En el else......

----------------------------------------
x = 26.000000, y = 158.000000
avance = -465.000000, avanceR = 2.000000, avanceI = 2.000000
inc_x_r = 0.000000, inc_y_r = 1.000000, inc_x_i = 1.000000, inc_y_i = 1.000000
En el else......

----------------------------------------
x = 26.000000, y = 159.000000
avance = -463.000000, avanceR = 2.000000, avanceI = 2.000000
inc_x_r = 0.000000, inc_y_r = 1.000000, inc_x_i = 1.000000, inc_y_i = 1.000000
En el else......

----------------------------------------
x = 26.000000, y = 160.000000
avance = -461.000000, avanceR = 2.000000, avanceI = 2.000000
inc_x_r = 0.000000, inc_y_r = 1.000000, inc_x_i = 1.000000, inc_y_i = 1.000000
En el else......

----------------------------------------
x = 26.000000, y = 161.000000
avance = -459.000000, avanceR = 2.000000, avanceI = 2.000000
inc_x_r = 0.000000, inc_y_r = 1.000000, inc_x_i = 1.000000, inc_y_i = 1.000000
En el else......

----------------------------------------
x = 26.000000, y = 162.000000
avance = -457.000000, avanceR = 2.000000, avanceI = 2.000000
inc_x_r = 0.000000, inc_y_r = 1.000000, inc_x_i = 1.000000, inc_y_i = 1.000000
En el else......

----------------------------------------
x = 26.000000, y = 163.000000
avance = -455.000000, avanceR = 2.000000, avanceI = 2.000000
inc_x_r = 0.000000, inc_y_r = 1.000000, inc_x_i = 1.000000, inc_y_i = 1.000000
En el else......

----------------------------------------
x = 26.000000, y = 164.000000
avance = -453.000000, avanceR = 2.000000, avanceI = 2.000000
inc_x_r = 0.000000, inc_y_r = 1.000000, inc_x_i = 1.000000, inc_y_i = 1.000000
En el else......

----------------------------------------
x = 26.000000, y = 165.000000
avance = -451.000000, avanceR = 2.000000, avanceI = 2.000000
inc_x_r = 0.000000, inc_y_r = 1.000000, inc_x_i = 1.000000, inc_y_i = 1.000000
En el else......

----------------------------------------
x = 26.000000, y = 166.000000
avance = -449.000000, avanceR = 2.000000, avanceI = 2.000000
inc_x_r = 0.000000, inc_y_r = 1.000000, inc_x_i = 1.000000, inc_y_i = 1.000000
En el else......

----------------------------------------
x = 26.000000, y = 167.000000
avance = -447.000000, avanceR = 2.000000, avanceI = 2.000000
inc_x_r = 0.000000, inc_y_r = 1.000000, inc_x_i = 1.000000, inc_y_i = 1.000000
En el else......

----------------------------------------
x = 26.000000, y = 168.000000
avance = -445.000000, avanceR = 2.000000, avanceI = 2.000000
inc_x_r = 0.000000, inc_y_r = 1.000000, inc_x_i = 1.000000, inc_y_i = 1.000000
En el else......

----------------------------------------
x = 26.000000, y = 169.000000
avance = -443.000000, avanceR = 2.000000, avanceI = 2.000000
inc_x_r = 0.000000, inc_y_r = 1.000000, inc_x_i = 1.000000, inc_y_i = 1.000000
En el else......

----------------------------------------
x = 26.000000, y = 170.000000
avance = -441.000000, avanceR = 2.000000, avanceI = 2.000000
inc_x_r = 0.000000, inc_y_r = 1.000000, inc_x_i = 1.000000, inc_y_i = 1.000000
En el else......

----------------------------------------
x = 26.000000, y = 171.000000
avance = -439.000000, avanceR = 2.000000, avanceI = 2.000000
inc_x_r = 0.000000, inc_y_r = 1.000000, inc_x_i = 1.000000, inc_y_i = 1.000000
En el else......

----------------------------------------
x = 26.000000, y = 172.000000
avance = -437.000000, avanceR = 2.000000, avanceI = 2.000000
inc_x_r = 0.000000, inc_y_r = 1.000000, inc_x_i = 1.000000, inc_y_i = 1.000000
En el else......

----------------------------------------
x = 26.000000, y = 173.000000
avance = -435.000000, avanceR = 2.000000, avanceI = 2.000000
inc_x_r = 0.000000, inc_y_r = 1.000000, inc_x_i = 1.000000, inc_y_i = 1.000000
En el else......

----------------------------------------
x = 26.000000, y = 174.000000
avance = -433.000000, avanceR = 2.000000, avanceI = 2.000000
inc_x_r = 0.000000, inc_y_r = 1.000000, inc_x_i = 1.000000, inc_y_i = 1.000000
En el else......

----------------------------------------
x = 26.000000, y = 175.000000
avance = -431.000000, avanceR = 2.000000, avanceI = 2.000000
inc_x_r = 0.000000, inc_y_r = 1.000000, inc_x_i = 1.000000, inc_y_i = 1.000000
En el else......

----------------------------------------
x = 26.000000, y = 176.000000
avance = -429.000000, avanceR = 2.000000, avanceI = 2.000000
inc_x_r = 0.000000, inc_y_r = 1.000000, inc_x_i = 1.000000, inc_y_i = 1.000000
En el else......

----------------------------------------
x = 26.000000, y = 177.000000
avance = -427.000000, avanceR = 2.000000, avanceI = 2.000000
inc_x_r = 0.000000, inc_y_r = 1.000000, inc_x_i = 1.000000, inc_y_i = 1.000000
En el else......

----------------------------------------
x = 26.000000, y = 178.000000
avance = -425.000000, avanceR = 2.000000, avanceI = 2.000000
inc_x_r = 0.000000, inc_y_r = 1.000000, inc_x_i = 1.000000, inc_y_i = 1.000000
En el else......

----------------------------------------
x = 26.000000, y = 179.000000
avance = -423.000000, avanceR = 2.000000, avanceI = 2.000000
inc_x_r = 0.000000, inc_y_r = 1.000000, inc_x_i = 1.000000, inc_y_i = 1.000000
En el else......

----------------------------------------
x = 26.000000, y = 180.000000
avance = -421.000000, avanceR = 2.000000, avanceI = 2.000000
inc_x_r = 0.000000, inc_y_r = 1.000000, inc_x_i = 1.000000, inc_y_i = 1.000000
En el else......

----------------------------------------
x = 26.000000, y = 181.000000
avance = -419.000000, avanceR = 2.000000, avanceI = 2.000000
inc_x_r = 0.000000, inc_y_r = 1.000000, inc_x_i = 1.000000, inc_y_i = 1.000000
En el else......

----------------------------------------
x = 26.000000, y = 182.000000
avance = -417.000000, avanceR = 2.000000, avanceI = 2.000000
inc_x_r = 0.000000, inc_y_r = 1.000000, inc_x_i = 1.000000, inc_y_i = 1.000000
En el else......

----------------------------------------
x = 26.000000, y = 183.000000
avance = -415.000000, avanceR = 2.000000, avanceI = 2.000000
inc_x_r = 0.000000, inc_y_r = 1.000000, inc_x_i = 1.000000, inc_y_i = 1.000000
En el else......

----------------------------------------
x = 26.000000, y = 184.000000
avance = -413.000000, avanceR = 2.000000, avanceI = 2.000000
inc_x_r = 0.000000, inc_y_r = 1.000000, inc_x_i = 1.000000, inc_y_i = 1.000000
En el else......

----------------------------------------
x = 26.000000, y = 185.000000
avance = -411.000000, avanceR = 2.000000, avanceI = 2.000000
inc_x_r = 0.000000, inc_y_r = 1.000000, inc_x_i = 1.000000, inc_y_i = 1.000000
En el else......

----------------------------------------
x = 26.000000, y = 186.000000
avance = -409.000000, avanceR = 2.000000, avanceI = 2.000000
inc_x_r = 0.000000, inc_y_r = 1.000000, inc_x_i = 1.000000, inc_y_i = 1.000000
En el else......

----------------------------------------
x = 26.000000, y = 187.000000
avance = -407.000000, avanceR = 2.000000, avanceI = 2.000000
inc_x_r = 0.000000, inc_y_r = 1.000000, inc_x_i = 1.000000, inc_y_i = 1.000000
En el else......

----------------------------------------
x = 26.000000, y = 188.000000
avance = -405.000000, avanceR = 2.000000, avanceI = 2.000000
inc_x_r = 0.000000, inc_y_r = 1.000000, inc_x_i = 1.000000, inc_y_i = 1.000000
En el else......

----------------------------------------
x = 26.000000, y = 189.000000
avance = -403.000000, avanceR = 2.000000, avanceI = 2.000000
inc_x_r = 0.000000, inc_y_r = 1.000000, inc_x_i = 1.000000, inc_y_i = 1.000000
En el else......

----------------------------------------
x = 26.000000, y = 190.000000
avance = -401.000000, avanceR = 2.000000, avanceI = 2.000000
inc_x_r = 0.000000, inc_y_r = 1.000000, inc_x_i = 1.000000, inc_y_i = 1.000000
En el else......

----------------------------------------
x = 26.000000, y = 191.000000
avance = -399.000000, avanceR = 2.000000, avanceI = 2.000000
inc_x_r = 0.000000, inc_y_r = 1.000000, inc_x_i = 1.000000, inc_y_i = 1.000000
En el else......

----------------------------------------
x = 26.000000, y = 192.000000
avance = -397.000000, avanceR = 2.000000, avanceI = 2.000000
inc_x_r = 0.000000, inc_y_r = 1.000000, inc_x_i = 1.000000, inc_y_i = 1.000000
En el else......

----------------------------------------
x = 26.000000, y = 193.000000
avance = -395.000000, avanceR = 2.000000, avanceI = 2.000000
inc_x_r = 0.000000, inc_y_r = 1.000000, inc_x_i = 1.000000, inc_y_i = 1.000000
En el else......

----------------------------------------
x = 26.000000, y = 194.000000
avance = -393.000000, avanceR = 2.000000, avanceI = 2.000000
inc_x_r = 0.000000, inc_y_r = 1.000000, inc_x_i = 1.000000, inc_y_i = 1.000000
En el else......

----------------------------------------
x = 26.000000, y = 195.000000
avance = -391.000000, avanceR = 2.000000, avanceI = 2.000000
inc_x_r = 0.000000, inc_y_r = 1.000000, inc_x_i = 1.000000, inc_y_i = 1.000000
En el else......

----------------------------------------
x = 26.000000, y = 196.000000
avance = -389.000000, avanceR = 2.000000, avanceI = 2.000000
inc_x_r = 0.000000, inc_y_r = 1.000000, inc_x_i = 1.000000, inc_y_i = 1.000000
En el else......

----------------------------------------
x = 26.000000, y = 197.000000
avance = -387.000000, avanceR = 2.000000, avanceI = 2.000000
inc_x_r = 0.000000, inc_y_r = 1.000000, inc_x_i = 1.000000, inc_y_i = 1.000000
En el else......

----------------------------------------
x = 26.000000, y = 198.000000
avance = -385.000000, avanceR = 2.000000, avanceI = 2.000000
inc_x_r = 0.000000, inc_y_r = 1.000000, inc_x_i = 1.000000, inc_y_i = 1.000000
En el else......

----------------------------------------
x = 26.000000, y = 199.000000
avance = -383.000000, avanceR = 2.000000, avanceI = 2.000000
inc_x_r = 0.000000, inc_y_r = 1.000000, inc_x_i = 1.000000, inc_y_i = 1.000000
En el else......

----------------------------------------
x = 26.000000, y = 200.000000
avance = -381.000000, avanceR = 2.000000, avanceI = 2.000000
inc_x_r = 0.000000, inc_y_r = 1.000000, inc_x_i = 1.000000, inc_y_i = 1.000000
En el else......

----------------------------------------
x = 26.000000, y = 201.000000
avance = -379.000000, avanceR = 2.000000, avanceI = 2.000000
inc_x_r = 0.000000, inc_y_r = 1.000000, inc_x_i = 1.000000, inc_y_i = 1.000000
En el else......

----------------------------------------
x = 26.000000, y = 202.000000
avance = -377.000000, avanceR = 2.000000, avanceI = 2.000000
inc_x_r = 0.000000, inc_y_r = 1.000000, inc_x_i = 1.000000, inc_y_i = 1.000000
En el else......

----------------------------------------
x = 26.000000, y = 203.000000
avance = -375.000000, avanceR = 2.000000, avanceI = 2.000000
inc_x_r = 0.000000, inc_y_r = 1.000000, inc_x_i = 1.000000, inc_y_i = 1.000000
En el else......

----------------------------------------
x = 26.000000, y = 204.000000
avance = -373.000000, avanceR = 2.000000, avanceI = 2.000000
inc_x_r = 0.000000, inc_y_r = 1.000000, inc_x_i = 1.000000, inc_y_i = 1.000000
En el else......

----------------------------------------
x = 26.000000, y = 205.000000
avance = -371.000000, avanceR = 2.000000, avanceI = 2.000000
inc_x_r = 0.000000, inc_y_r = 1.000000, inc_x_i = 1.000000, inc_y_i = 1.000000
En el else......

----------------------------------------
x = 26.000000, y = 206.000000
avance = -369.000000, avanceR = 2.000000, avanceI = 2.000000
inc_x_r = 0.000000, inc_y_r = 1.000000, inc_x_i = 1.000000, inc_y_i = 1.000000
En el else......

----------------------------------------
x = 26.000000, y = 207.000000
avance = -367.000000, avanceR = 2.000000, avanceI = 2.000000
inc_x_r = 0.000000, inc_y_r = 1.000000, inc_x_i = 1.000000, inc_y_i = 1.000000
En el else......

----------------------------------------
x = 26.000000, y = 208.000000
avance = -365.000000, avanceR = 2.000000, avanceI = 2.000000
inc_x_r = 0.000000, inc_y_r = 1.000000, inc_x_i = 1.000000, inc_y_i = 1.000000
En el else......

----------------------------------------
x = 26.000000, y = 209.000000
avance = -363.000000, avanceR = 2.000000, avanceI = 2.000000
inc_x_r = 0.000000, inc_y_r = 1.000000, inc_x_i = 1.000000, inc_y_i = 1.000000
En el else......

----------------------------------------
x = 26.000000, y = 210.000000
avance = -361.000000, avanceR = 2.000000, avanceI = 2.000000
inc_x_r = 0.000000, inc_y_r = 1.000000, inc_x_i = 1.000000, inc_y_i = 1.000000
En el else......

----------------------------------------
x = 26.000000, y = 211.000000
avance = -359.000000, avanceR = 2.000000, avanceI = 2.000000
inc_x_r = 0.000000, inc_y_r = 1.000000, inc_x_i = 1.000000, inc_y_i = 1.000000
En el else......

----------------------------------------
x = 26.000000, y = 212.000000
avance = -357.000000, avanceR = 2.000000, avanceI = 2.000000
inc_x_r = 0.000000, inc_y_r = 1.000000, inc_x_i = 1.000000, inc_y_i = 1.000000
En el else......

----------------------------------------
x = 26.000000, y = 213.000000
avance = -355.000000, avanceR = 2.000000, avanceI = 2.000000
inc_x_r = 0.000000, inc_y_r = 1.000000, inc_x_i = 1.000000, inc_y_i = 1.000000
En el else......

----------------------------------------
x = 26.000000, y = 214.000000
avance = -353.000000, avanceR = 2.000000, avanceI = 2.000000
inc_x_r = 0.000000, inc_y_r = 1.000000, inc_x_i = 1.000000, inc_y_i = 1.000000
En el else......

----------------------------------------
x = 26.000000, y = 215.000000
avance = -351.000000, avanceR = 2.000000, avanceI = 2.000000
inc_x_r = 0.000000, inc_y_r = 1.000000, inc_x_i = 1.000000, inc_y_i = 1.000000
En el else......

----------------------------------------
x = 26.000000, y = 216.000000
avance = -349.000000, avanceR = 2.000000, avanceI = 2.000000
inc_x_r = 0.000000, inc_y_r = 1.000000, inc_x_i = 1.000000, inc_y_i = 1.000000
En el else......

----------------------------------------
x = 26.000000, y = 217.000000
avance = -347.000000, avanceR = 2.000000, avanceI = 2.000000
inc_x_r = 0.000000, inc_y_r = 1.000000, inc_x_i = 1.000000, inc_y_i = 1.000000
En el else......

----------------------------------------
x = 26.000000, y = 218.000000
avance = -345.000000, avanceR = 2.000000, avanceI = 2.000000
inc_x_r = 0.000000, inc_y_r = 1.000000, inc_x_i = 1.000000, inc_y_i = 1.000000
En el else......

----------------------------------------
x = 26.000000, y = 219.000000
avance = -343.000000, avanceR = 2.000000, avanceI = 2.000000
inc_x_r = 0.000000, inc_y_r = 1.000000, inc_x_i = 1.000000, inc_y_i = 1.000000
En el else......

----------------------------------------
x = 26.000000, y = 220.000000
avance = -341.000000, avanceR = 2.000000, avanceI = 2.000000
inc_x_r = 0.000000, inc_y_r = 1.000000, inc_x_i = 1.000000, inc_y_i = 1.000000
En el else......

----------------------------------------
x = 26.000000, y = 221.000000
avance = -339.000000, avanceR = 2.000000, avanceI = 2.000000
inc_x_r = 0.000000, inc_y_r = 1.000000, inc_x_i = 1.000000, inc_y_i = 1.000000
En el else......

----------------------------------------
x = 26.000000, y = 222.000000
avance = -337.000000, avanceR = 2.000000, avanceI = 2.000000
inc_x_r = 0.000000, inc_y_r = 1.000000, inc_x_i = 1.000000, inc_y_i = 1.000000
En el else......

----------------------------------------
x = 26.000000, y = 223.000000
avance = -335.000000, avanceR = 2.000000, avanceI = 2.000000
inc_x_r = 0.000000, inc_y_r = 1.000000, inc_x_i = 1.000000, inc_y_i = 1.000000
En el else......

----------------------------------------
x = 26.000000, y = 224.000000
avance = -333.000000, avanceR = 2.000000, avanceI = 2.000000
inc_x_r = 0.000000, inc_y_r = 1.000000, inc_x_i = 1.000000, inc_y_i = 1.000000
En el else......

----------------------------------------
x = 26.000000, y = 225.000000
avance = -331.000000, avanceR = 2.000000, avanceI = 2.000000
inc_x_r = 0.000000, inc_y_r = 1.000000, inc_x_i = 1.000000, inc_y_i = 1.000000
En el else......

----------------------------------------
x = 26.000000, y = 226.000000
avance = -329.000000, avanceR = 2.000000, avanceI = 2.000000
inc_x_r = 0.000000, inc_y_r = 1.000000, inc_x_i = 1.000000, inc_y_i = 1.000000
En el else......

----------------------------------------
x = 26.000000, y = 227.000000
avance = -327.000000, avanceR = 2.000000, avanceI = 2.000000
inc_x_r = 0.000000, inc_y_r = 1.000000, inc_x_i = 1.000000, inc_y_i = 1.000000
En el else......

----------------------------------------
x = 26.000000, y = 228.000000
avance = -325.000000, avanceR = 2.000000, avanceI = 2.000000
inc_x_r = 0.000000, inc_y_r = 1.000000, inc_x_i = 1.000000, inc_y_i = 1.000000
En el else......

----------------------------------------
x = 26.000000, y = 229.000000
avance = -323.000000, avanceR = 2.000000, avanceI = 2.000000
inc_x_r = 0.000000, inc_y_r = 1.000000, inc_x_i = 1.000000, inc_y_i = 1.000000
En el else......

----------------------------------------
x = 26.000000, y = 230.000000
avance = -321.000000, avanceR = 2.000000, avanceI = 2.000000
inc_x_r = 0.000000, inc_y_r = 1.000000, inc_x_i = 1.000000, inc_y_i = 1.000000
En el else......

----------------------------------------
x = 26.000000, y = 231.000000
avance = -319.000000, avanceR = 2.000000, avanceI = 2.000000
inc_x_r = 0.000000, inc_y_r = 1.000000, inc_x_i = 1.000000, inc_y_i = 1.000000
En el else......

----------------------------------------
x = 26.000000, y = 232.000000
avance = -317.000000, avanceR = 2.000000, avanceI = 2.000000
inc_x_r = 0.000000, inc_y_r = 1.000000, inc_x_i = 1.000000, inc_y_i = 1.000000
En el else......

----------------------------------------
x = 26.000000, y = 233.000000
avance = -315.000000, avanceR = 2.000000, avanceI = 2.000000
inc_x_r = 0.000000, inc_y_r = 1.000000, inc_x_i = 1.000000, inc_y_i = 1.000000
En el else......

----------------------------------------
x = 26.000000, y = 234.000000
avance = -313.000000, avanceR = 2.000000, avanceI = 2.000000
inc_x_r = 0.000000, inc_y_r = 1.000000, inc_x_i = 1.000000, inc_y_i = 1.000000
En el else......

----------------------------------------
x = 26.000000, y = 235.000000
avance = -311.000000, avanceR = 2.000000, avanceI = 2.000000
inc_x_r = 0.000000, inc_y_r = 1.000000, inc_x_i = 1.000000, inc_y_i = 1.000000
En el else......

----------------------------------------
x = 26.000000, y = 236.000000
avance = -309.000000, avanceR = 2.000000, avanceI = 2.000000
inc_x_r = 0.000000, inc_y_r = 1.000000, inc_x_i = 1.000000, inc_y_i = 1.000000
En el else......

----------------------------------------
x = 26.000000, y = 237.000000
avance = -307.000000, avanceR = 2.000000, avanceI = 2.000000
inc_x_r = 0.000000, inc_y_r = 1.000000, inc_x_i = 1.000000, inc_y_i = 1.000000
En el else......

----------------------------------------
x = 26.000000, y = 238.000000
avance = -305.000000, avanceR = 2.000000, avanceI = 2.000000
inc_x_r = 0.000000, inc_y_r = 1.000000, inc_x_i = 1.000000, inc_y_i = 1.000000
En el else......

----------------------------------------
x = 26.000000, y = 239.000000
avance = -303.000000, avanceR = 2.000000, avanceI = 2.000000
inc_x_r = 0.000000, inc_y_r = 1.000000, inc_x_i = 1.000000, inc_y_i = 1.000000
En el else......

----------------------------------------
x = 26.000000, y = 240.000000
avance = -301.000000, avanceR = 2.000000, avanceI = 2.000000
inc_x_r = 0.000000, inc_y_r = 1.000000, inc_x_i = 1.000000, inc_y_i = 1.000000
En el else......

----------------------------------------
x = 26.000000, y = 241.000000
avance = -299.000000, avanceR = 2.000000, avanceI = 2.000000
inc_x_r = 0.000000, inc_y_r = 1.000000, inc_x_i = 1.000000, inc_y_i = 1.000000
En el else......

----------------------------------------
x = 26.000000, y = 242.000000
avance = -297.000000, avanceR = 2.000000, avanceI = 2.000000
inc_x_r = 0.000000, inc_y_r = 1.000000, inc_x_i = 1.000000, inc_y_i = 1.000000
En el else......

----------------------------------------
x = 26.000000, y = 243.000000
avance = -295.000000, avanceR = 2.000000, avanceI = 2.000000
inc_x_r = 0.000000, inc_y_r = 1.000000, inc_x_i = 1.000000, inc_y_i = 1.000000
En el else......

----------------------------------------
x = 26.000000, y = 244.000000
avance = -293.000000, avanceR = 2.000000, avanceI = 2.000000
inc_x_r = 0.000000, inc_y_r = 1.000000, inc_x_i = 1.000000, inc_y_i = 1.000000
En el else......

----------------------------------------
x = 26.000000, y = 245.000000
avance = -291.000000, avanceR = 2.000000, avanceI = 2.000000
inc_x_r = 0.000000, inc_y_r = 1.000000, inc_x_i = 1.000000, inc_y_i = 1.000000
En el else......

----------------------------------------
x = 26.000000, y = 246.000000
avance = -289.000000, avanceR = 2.000000, avanceI = 2.000000
inc_x_r = 0.000000, inc_y_r = 1.000000, inc_x_i = 1.000000, inc_y_i = 1.000000
En el else......

----------------------------------------
x = 26.000000, y = 247.000000
avance = -287.000000, avanceR = 2.000000, avanceI = 2.000000
inc_x_r = 0.000000, inc_y_r = 1.000000, inc_x_i = 1.000000, inc_y_i = 1.000000
En el else......

----------------------------------------
x = 26.000000, y = 248.000000
avance = -285.000000, avanceR = 2.000000, avanceI = 2.000000
inc_x_r = 0.000000, inc_y_r = 1.000000, inc_x_i = 1.000000, inc_y_i = 1.000000
En el else......

----------------------------------------
x = 26.000000, y = 249.000000
avance = -283.000000, avanceR = 2.000000, avanceI = 2.000000
inc_x_r = 0.000000, inc_y_r = 1.000000, inc_x_i = 1.000000, inc_y_i = 1.000000
En el else......

----------------------------------------
x = 26.000000, y = 250.000000
avance = -281.000000, avanceR = 2.000000, avanceI = 2.000000
inc_x_r = 0.000000, inc_y_r = 1.000000, inc_x_i = 1.000000, inc_y_i = 1.000000
En el else......

----------------------------------------
x = 26.000000, y = 251.000000
avance = -279.000000, avanceR = 2.000000, avanceI = 2.000000
inc_x_r = 0.000000, inc_y_r = 1.000000, inc_x_i = 1.000000, inc_y_i = 1.000000
En el else......

----------------------------------------
x = 26.000000, y = 252.000000
avance = -277.000000, avanceR = 2.000000, avanceI = 2.000000
inc_x_r = 0.000000, inc_y_r = 1.000000, inc_x_i = 1.000000, inc_y_i = 1.000000
En el else......

----------------------------------------
x = 26.000000, y = 253.000000
avance = -275.000000, avanceR = 2.000000, avanceI = 2.000000
inc_x_r = 0.000000, inc_y_r = 1.000000, inc_x_i = 1.000000, inc_y_i = 1.000000
En el else......

----------------------------------------
x = 26.000000, y = 254.000000
avance = -273.000000, avanceR = 2.000000, avanceI = 2.000000
inc_x_r = 0.000000, inc_y_r = 1.000000, inc_x_i = 1.000000, inc_y_i = 1.000000
En el else......

----------------------------------------
x = 26.000000, y = 255.000000
avance = -271.000000, avanceR = 2.000000, avanceI = 2.000000
inc_x_r = 0.000000, inc_y_r = 1.000000, inc_x_i = 1.000000, inc_y_i = 1.000000
En el else......

----------------------------------------
x = 26.000000, y = 256.000000
avance = -269.000000, avanceR = 2.000000, avanceI = 2.000000
inc_x_r = 0.000000, inc_y_r = 1.000000, inc_x_i = 1.000000, inc_y_i = 1.000000
En el else......

----------------------------------------
x = 26.000000, y = 257.000000
avance = -267.000000, avanceR = 2.000000, avanceI = 2.000000
inc_x_r = 0.000000, inc_y_r = 1.000000, inc_x_i = 1.000000, inc_y_i = 1.000000
En el else......

----------------------------------------
x = 26.000000, y = 258.000000
avance = -265.000000, avanceR = 2.000000, avanceI = 2.000000
inc_x_r = 0.000000, inc_y_r = 1.000000, inc_x_i = 1.000000, inc_y_i = 1.000000
En el else......

----------------------------------------
x = 26.000000, y = 259.000000
avance = -263.000000, avanceR = 2.000000, avanceI = 2.000000
inc_x_r = 0.000000, inc_y_r = 1.000000, inc_x_i = 1.000000, inc_y_i = 1.000000
En el else......

----------------------------------------
x = 26.000000, y = 260.000000
avance = -261.000000, avanceR = 2.000000, avanceI = 2.000000
inc_x_r = 0.000000, inc_y_r = 1.000000, inc_x_i = 1.000000, inc_y_i = 1.000000
En el else......

----------------------------------------
x = 26.000000, y = 261.000000
avance = -259.000000, avanceR = 2.000000, avanceI = 2.000000
inc_x_r = 0.000000, inc_y_r = 1.000000, inc_x_i = 1.000000, inc_y_i = 1.000000
En el else......

----------------------------------------
x = 26.000000, y = 262.000000
avance = -257.000000, avanceR = 2.000000, avanceI = 2.000000
inc_x_r = 0.000000, inc_y_r = 1.000000, inc_x_i = 1.000000, inc_y_i = 1.000000
En el else......

----------------------------------------
x = 26.000000, y = 263.000000
avance = -255.000000, avanceR = 2.000000, avanceI = 2.000000
inc_x_r = 0.000000, inc_y_r = 1.000000, inc_x_i = 1.000000, inc_y_i = 1.000000
En el else......

----------------------------------------
x = 26.000000, y = 264.000000
avance = -253.000000, avanceR = 2.000000, avanceI = 2.000000
inc_x_r = 0.000000, inc_y_r = 1.000000, inc_x_i = 1.000000, inc_y_i = 1.000000
En el else......

----------------------------------------
x = 26.000000, y = 265.000000
avance = -251.000000, avanceR = 2.000000, avanceI = 2.000000
inc_x_r = 0.000000, inc_y_r = 1.000000, inc_x_i = 1.000000, inc_y_i = 1.000000
En el else......

----------------------------------------


ENTRAMOS A BRESENHAMªªªª
x1 = 25.000000 - y1 = 15.000000 || x2 = 26.000000 - y2 = 266.000000
dy = 251.000000, dx = 1.000000
avances inclinados: inc_x_i = 1.000000, inc_y_i = 1.000000
updated: dy = 251.000000, dx = 1.000000
avances rectos: inc_x_r = 0.000000, inc_y_r 1.000000
reupdated: dy = 1.000000, dx = 251.000000
avanceR = 2.000000, avance -249.000000, avanceI 2.000000
----------------------------------------
x = 25.000000, y = 15.000000
avance = -249.000000, avanceR = 2.000000, avanceI = 2.000000
inc_x_r = 0.000000, inc_y_r = 1.000000, inc_x_i = 1.000000, inc_y_i = 1.000000
En el else......

----------------------------------------
x = 25.000000, y = 16.000000
avance = -247.000000, avanceR = 2.000000, avanceI = 2.000000
inc_x_r = 0.000000, inc_y_r = 1.000000, inc_x_i = 1.000000, inc_y_i = 1.000000
En el else......

----------------------------------------
x = 25.000000, y = 17.000000
avance = -245.000000, avanceR = 2.000000, avanceI = 2.000000
inc_x_r = 0.000000, inc_y_r = 1.000000, inc_x_i = 1.000000, inc_y_i = 1.000000
En el else......

----------------------------------------
x = 25.000000, y = 18.000000
avance = -243.000000, avanceR = 2.000000, avanceI = 2.000000
inc_x_r = 0.000000, inc_y_r = 1.000000, inc_x_i = 1.000000, inc_y_i = 1.000000
En el else......

----------------------------------------
x = 25.000000, y = 19.000000
avance = -241.000000, avanceR = 2.000000, avanceI = 2.000000
inc_x_r = 0.000000, inc_y_r = 1.000000, inc_x_i = 1.000000, inc_y_i = 1.000000
En el else......

----------------------------------------
x = 25.000000, y = 20.000000
avance = -239.000000, avanceR = 2.000000, avanceI = 2.000000
inc_x_r = 0.000000, inc_y_r = 1.000000, inc_x_i = 1.000000, inc_y_i = 1.000000
En el else......

----------------------------------------
x = 25.000000, y = 21.000000
avance = -237.000000, avanceR = 2.000000, avanceI = 2.000000
inc_x_r = 0.000000, inc_y_r = 1.000000, inc_x_i = 1.000000, inc_y_i = 1.000000
En el else......

----------------------------------------
x = 25.000000, y = 22.000000
avance = -235.000000, avanceR = 2.000000, avanceI = 2.000000
inc_x_r = 0.000000, inc_y_r = 1.000000, inc_x_i = 1.000000, inc_y_i = 1.000000
En el else......

----------------------------------------
x = 25.000000, y = 23.000000
avance = -233.000000, avanceR = 2.000000, avanceI = 2.000000
inc_x_r = 0.000000, inc_y_r = 1.000000, inc_x_i = 1.000000, inc_y_i = 1.000000
En el else......

----------------------------------------
x = 25.000000, y = 24.000000
avance = -231.000000, avanceR = 2.000000, avanceI = 2.000000
inc_x_r = 0.000000, inc_y_r = 1.000000, inc_x_i = 1.000000, inc_y_i = 1.000000
En el else......

----------------------------------------
x = 25.000000, y = 25.000000
avance = -229.000000, avanceR = 2.000000, avanceI = 2.000000
inc_x_r = 0.000000, inc_y_r = 1.000000, inc_x_i = 1.000000, inc_y_i = 1.000000
En el else......

----------------------------------------
x = 25.000000, y = 26.000000
avance = -227.000000, avanceR = 2.000000, avanceI = 2.000000
inc_x_r = 0.000000, inc_y_r = 1.000000, inc_x_i = 1.000000, inc_y_i = 1.000000
En el else......

----------------------------------------
x = 25.000000, y = 27.000000
avance = -225.000000, avanceR = 2.000000, avanceI = 2.000000
inc_x_r = 0.000000, inc_y_r = 1.000000, inc_x_i = 1.000000, inc_y_i = 1.000000
En el else......

----------------------------------------
x = 25.000000, y = 28.000000
avance = -223.000000, avanceR = 2.000000, avanceI = 2.000000
inc_x_r = 0.000000, inc_y_r = 1.000000, inc_x_i = 1.000000, inc_y_i = 1.000000
En el else......

----------------------------------------
x = 25.000000, y = 29.000000
avance = -221.000000, avanceR = 2.000000, avanceI = 2.000000
inc_x_r = 0.000000, inc_y_r = 1.000000, inc_x_i = 1.000000, inc_y_i = 1.000000
En el else......

----------------------------------------
x = 25.000000, y = 30.000000
avance = -219.000000, avanceR = 2.000000, avanceI = 2.000000
inc_x_r = 0.000000, inc_y_r = 1.000000, inc_x_i = 1.000000, inc_y_i = 1.000000
En el else......

----------------------------------------
x = 25.000000, y = 31.000000
avance = -217.000000, avanceR = 2.000000, avanceI = 2.000000
inc_x_r = 0.000000, inc_y_r = 1.000000, inc_x_i = 1.000000, inc_y_i = 1.000000
En el else......

----------------------------------------
x = 25.000000, y = 32.000000
avance = -215.000000, avanceR = 2.000000, avanceI = 2.000000
inc_x_r = 0.000000, inc_y_r = 1.000000, inc_x_i = 1.000000, inc_y_i = 1.000000
En el else......

----------------------------------------
x = 25.000000, y = 33.000000
avance = -213.000000, avanceR = 2.000000, avanceI = 2.000000
inc_x_r = 0.000000, inc_y_r = 1.000000, inc_x_i = 1.000000, inc_y_i = 1.000000
En el else......

----------------------------------------
x = 25.000000, y = 34.000000
avance = -211.000000, avanceR = 2.000000, avanceI = 2.000000
inc_x_r = 0.000000, inc_y_r = 1.000000, inc_x_i = 1.000000, inc_y_i = 1.000000
En el else......

----------------------------------------
x = 25.000000, y = 35.000000
avance = -209.000000, avanceR = 2.000000, avanceI = 2.000000
inc_x_r = 0.000000, inc_y_r = 1.000000, inc_x_i = 1.000000, inc_y_i = 1.000000
En el else......

----------------------------------------
x = 25.000000, y = 36.000000
avance = -207.000000, avanceR = 2.000000, avanceI = 2.000000
inc_x_r = 0.000000, inc_y_r = 1.000000, inc_x_i = 1.000000, inc_y_i = 1.000000
En el else......

----------------------------------------
x = 25.000000, y = 37.000000
avance = -205.000000, avanceR = 2.000000, avanceI = 2.000000
inc_x_r = 0.000000, inc_y_r = 1.000000, inc_x_i = 1.000000, inc_y_i = 1.000000
En el else......

----------------------------------------
x = 25.000000, y = 38.000000
avance = -203.000000, avanceR = 2.000000, avanceI = 2.000000
inc_x_r = 0.000000, inc_y_r = 1.000000, inc_x_i = 1.000000, inc_y_i = 1.000000
En el else......

----------------------------------------
x = 25.000000, y = 39.000000
avance = -201.000000, avanceR = 2.000000, avanceI = 2.000000
inc_x_r = 0.000000, inc_y_r = 1.000000, inc_x_i = 1.000000, inc_y_i = 1.000000
En el else......

----------------------------------------
x = 25.000000, y = 40.000000
avance = -199.000000, avanceR = 2.000000, avanceI = 2.000000
inc_x_r = 0.000000, inc_y_r = 1.000000, inc_x_i = 1.000000, inc_y_i = 1.000000
En el else......

----------------------------------------
x = 25.000000, y = 41.000000
avance = -197.000000, avanceR = 2.000000, avanceI = 2.000000
inc_x_r = 0.000000, inc_y_r = 1.000000, inc_x_i = 1.000000, inc_y_i = 1.000000
En el else......

----------------------------------------
x = 25.000000, y = 42.000000
avance = -195.000000, avanceR = 2.000000, avanceI = 2.000000
inc_x_r = 0.000000, inc_y_r = 1.000000, inc_x_i = 1.000000, inc_y_i = 1.000000
En el else......

----------------------------------------
x = 25.000000, y = 43.000000
avance = -193.000000, avanceR = 2.000000, avanceI = 2.000000
inc_x_r = 0.000000, inc_y_r = 1.000000, inc_x_i = 1.000000, inc_y_i = 1.000000
En el else......

----------------------------------------
x = 25.000000, y = 44.000000
avance = -191.000000, avanceR = 2.000000, avanceI = 2.000000
inc_x_r = 0.000000, inc_y_r = 1.000000, inc_x_i = 1.000000, inc_y_i = 1.000000
En el else......

----------------------------------------
x = 25.000000, y = 45.000000
avance = -189.000000, avanceR = 2.000000, avanceI = 2.000000
inc_x_r = 0.000000, inc_y_r = 1.000000, inc_x_i = 1.000000, inc_y_i = 1.000000
En el else......

----------------------------------------
x = 25.000000, y = 46.000000
avance = -187.000000, avanceR = 2.000000, avanceI = 2.000000
inc_x_r = 0.000000, inc_y_r = 1.000000, inc_x_i = 1.000000, inc_y_i = 1.000000
En el else......

----------------------------------------
x = 25.000000, y = 47.000000
avance = -185.000000, avanceR = 2.000000, avanceI = 2.000000
inc_x_r = 0.000000, inc_y_r = 1.000000, inc_x_i = 1.000000, inc_y_i = 1.000000
En el else......

----------------------------------------
x = 25.000000, y = 48.000000
avance = -183.000000, avanceR = 2.000000, avanceI = 2.000000
inc_x_r = 0.000000, inc_y_r = 1.000000, inc_x_i = 1.000000, inc_y_i = 1.000000
En el else......

----------------------------------------
x = 25.000000, y = 49.000000
avance = -181.000000, avanceR = 2.000000, avanceI = 2.000000
inc_x_r = 0.000000, inc_y_r = 1.000000, inc_x_i = 1.000000, inc_y_i = 1.000000
En el else......

----------------------------------------
x = 25.000000, y = 50.000000
avance = -179.000000, avanceR = 2.000000, avanceI = 2.000000
inc_x_r = 0.000000, inc_y_r = 1.000000, inc_x_i = 1.000000, inc_y_i = 1.000000
En el else......

----------------------------------------
x = 25.000000, y = 51.000000
avance = -177.000000, avanceR = 2.000000, avanceI = 2.000000
inc_x_r = 0.000000, inc_y_r = 1.000000, inc_x_i = 1.000000, inc_y_i = 1.000000
En el else......

----------------------------------------
x = 25.000000, y = 52.000000
avance = -175.000000, avanceR = 2.000000, avanceI = 2.000000
inc_x_r = 0.000000, inc_y_r = 1.000000, inc_x_i = 1.000000, inc_y_i = 1.000000
En el else......

----------------------------------------
x = 25.000000, y = 53.000000
avance = -173.000000, avanceR = 2.000000, avanceI = 2.000000
inc_x_r = 0.000000, inc_y_r = 1.000000, inc_x_i = 1.000000, inc_y_i = 1.000000
En el else......

----------------------------------------
x = 25.000000, y = 54.000000
avance = -171.000000, avanceR = 2.000000, avanceI = 2.000000
inc_x_r = 0.000000, inc_y_r = 1.000000, inc_x_i = 1.000000, inc_y_i = 1.000000
En el else......

----------------------------------------
x = 25.000000, y = 55.000000
avance = -169.000000, avanceR = 2.000000, avanceI = 2.000000
inc_x_r = 0.000000, inc_y_r = 1.000000, inc_x_i = 1.000000, inc_y_i = 1.000000
En el else......

----------------------------------------
x = 25.000000, y = 56.000000
avance = -167.000000, avanceR = 2.000000, avanceI = 2.000000
inc_x_r = 0.000000, inc_y_r = 1.000000, inc_x_i = 1.000000, inc_y_i = 1.000000
En el else......

----------------------------------------
x = 25.000000, y = 57.000000
avance = -165.000000, avanceR = 2.000000, avanceI = 2.000000
inc_x_r = 0.000000, inc_y_r = 1.000000, inc_x_i = 1.000000, inc_y_i = 1.000000
En el else......

----------------------------------------
x = 25.000000, y = 58.000000
avance = -163.000000, avanceR = 2.000000, avanceI = 2.000000
inc_x_r = 0.000000, inc_y_r = 1.000000, inc_x_i = 1.000000, inc_y_i = 1.000000
En el else......

----------------------------------------
x = 25.000000, y = 59.000000
avance = -161.000000, avanceR = 2.000000, avanceI = 2.000000
inc_x_r = 0.000000, inc_y_r = 1.000000, inc_x_i = 1.000000, inc_y_i = 1.000000
En el else......

----------------------------------------
x = 25.000000, y = 60.000000
avance = -159.000000, avanceR = 2.000000, avanceI = 2.000000
inc_x_r = 0.000000, inc_y_r = 1.000000, inc_x_i = 1.000000, inc_y_i = 1.000000
En el else......

----------------------------------------
x = 25.000000, y = 61.000000
avance = -157.000000, avanceR = 2.000000, avanceI = 2.000000
inc_x_r = 0.000000, inc_y_r = 1.000000, inc_x_i = 1.000000, inc_y_i = 1.000000
En el else......

----------------------------------------
x = 25.000000, y = 62.000000
avance = -155.000000, avanceR = 2.000000, avanceI = 2.000000
inc_x_r = 0.000000, inc_y_r = 1.000000, inc_x_i = 1.000000, inc_y_i = 1.000000
En el else......

----------------------------------------
x = 25.000000, y = 63.000000
avance = -153.000000, avanceR = 2.000000, avanceI = 2.000000
inc_x_r = 0.000000, inc_y_r = 1.000000, inc_x_i = 1.000000, inc_y_i = 1.000000
En el else......

----------------------------------------
x = 25.000000, y = 64.000000
avance = -151.000000, avanceR = 2.000000, avanceI = 2.000000
inc_x_r = 0.000000, inc_y_r = 1.000000, inc_x_i = 1.000000, inc_y_i = 1.000000
En el else......

----------------------------------------
x = 25.000000, y = 65.000000
avance = -149.000000, avanceR = 2.000000, avanceI = 2.000000
inc_x_r = 0.000000, inc_y_r = 1.000000, inc_x_i = 1.000000, inc_y_i = 1.000000
En el else......

----------------------------------------
x = 25.000000, y = 66.000000
avance = -147.000000, avanceR = 2.000000, avanceI = 2.000000
inc_x_r = 0.000000, inc_y_r = 1.000000, inc_x_i = 1.000000, inc_y_i = 1.000000
En el else......

----------------------------------------
x = 25.000000, y = 67.000000
avance = -145.000000, avanceR = 2.000000, avanceI = 2.000000
inc_x_r = 0.000000, inc_y_r = 1.000000, inc_x_i = 1.000000, inc_y_i = 1.000000
En el else......

----------------------------------------
x = 25.000000, y = 68.000000
avance = -143.000000, avanceR = 2.000000, avanceI = 2.000000
inc_x_r = 0.000000, inc_y_r = 1.000000, inc_x_i = 1.000000, inc_y_i = 1.000000
En el else......

----------------------------------------
x = 25.000000, y = 69.000000
avance = -141.000000, avanceR = 2.000000, avanceI = 2.000000
inc_x_r = 0.000000, inc_y_r = 1.000000, inc_x_i = 1.000000, inc_y_i = 1.000000
En el else......

----------------------------------------
x = 25.000000, y = 70.000000
avance = -139.000000, avanceR = 2.000000, avanceI = 2.000000
inc_x_r = 0.000000, inc_y_r = 1.000000, inc_x_i = 1.000000, inc_y_i = 1.000000
En el else......

----------------------------------------
x = 25.000000, y = 71.000000
avance = -137.000000, avanceR = 2.000000, avanceI = 2.000000
inc_x_r = 0.000000, inc_y_r = 1.000000, inc_x_i = 1.000000, inc_y_i = 1.000000
En el else......

----------------------------------------
x = 25.000000, y = 72.000000
avance = -135.000000, avanceR = 2.000000, avanceI = 2.000000
inc_x_r = 0.000000, inc_y_r = 1.000000, inc_x_i = 1.000000, inc_y_i = 1.000000
En el else......

----------------------------------------
x = 25.000000, y = 73.000000
avance = -133.000000, avanceR = 2.000000, avanceI = 2.000000
inc_x_r = 0.000000, inc_y_r = 1.000000, inc_x_i = 1.000000, inc_y_i = 1.000000
En el else......

----------------------------------------
x = 25.000000, y = 74.000000
avance = -131.000000, avanceR = 2.000000, avanceI = 2.000000
inc_x_r = 0.000000, inc_y_r = 1.000000, inc_x_i = 1.000000, inc_y_i = 1.000000
En el else......

----------------------------------------
x = 25.000000, y = 75.000000
avance = -129.000000, avanceR = 2.000000, avanceI = 2.000000
inc_x_r = 0.000000, inc_y_r = 1.000000, inc_x_i = 1.000000, inc_y_i = 1.000000
En el else......

----------------------------------------
x = 25.000000, y = 76.000000
avance = -127.000000, avanceR = 2.000000, avanceI = 2.000000
inc_x_r = 0.000000, inc_y_r = 1.000000, inc_x_i = 1.000000, inc_y_i = 1.000000
En el else......

----------------------------------------
x = 25.000000, y = 77.000000
avance = -125.000000, avanceR = 2.000000, avanceI = 2.000000
inc_x_r = 0.000000, inc_y_r = 1.000000, inc_x_i = 1.000000, inc_y_i = 1.000000
En el else......

----------------------------------------
x = 25.000000, y = 78.000000
avance = -123.000000, avanceR = 2.000000, avanceI = 2.000000
inc_x_r = 0.000000, inc_y_r = 1.000000, inc_x_i = 1.000000, inc_y_i = 1.000000
En el else......

----------------------------------------
x = 25.000000, y = 79.000000
avance = -121.000000, avanceR = 2.000000, avanceI = 2.000000
inc_x_r = 0.000000, inc_y_r = 1.000000, inc_x_i = 1.000000, inc_y_i = 1.000000
En el else......

----------------------------------------
x = 25.000000, y = 80.000000
avance = -119.000000, avanceR = 2.000000, avanceI = 2.000000
inc_x_r = 0.000000, inc_y_r = 1.000000, inc_x_i = 1.000000, inc_y_i = 1.000000
En el else......

----------------------------------------
x = 25.000000, y = 81.000000
avance = -117.000000, avanceR = 2.000000, avanceI = 2.000000
inc_x_r = 0.000000, inc_y_r = 1.000000, inc_x_i = 1.000000, inc_y_i = 1.000000
En el else......

----------------------------------------
x = 25.000000, y = 82.000000
avance = -115.000000, avanceR = 2.000000, avanceI = 2.000000
inc_x_r = 0.000000, inc_y_r = 1.000000, inc_x_i = 1.000000, inc_y_i = 1.000000
En el else......

----------------------------------------
x = 25.000000, y = 83.000000
avance = -113.000000, avanceR = 2.000000, avanceI = 2.000000
inc_x_r = 0.000000, inc_y_r = 1.000000, inc_x_i = 1.000000, inc_y_i = 1.000000
En el else......

----------------------------------------
x = 25.000000, y = 84.000000
avance = -111.000000, avanceR = 2.000000, avanceI = 2.000000
inc_x_r = 0.000000, inc_y_r = 1.000000, inc_x_i = 1.000000, inc_y_i = 1.000000
En el else......

----------------------------------------
x = 25.000000, y = 85.000000
avance = -109.000000, avanceR = 2.000000, avanceI = 2.000000
inc_x_r = 0.000000, inc_y_r = 1.000000, inc_x_i = 1.000000, inc_y_i = 1.000000
En el else......

----------------------------------------
x = 25.000000, y = 86.000000
avance = -107.000000, avanceR = 2.000000, avanceI = 2.000000
inc_x_r = 0.000000, inc_y_r = 1.000000, inc_x_i = 1.000000, inc_y_i = 1.000000
En el else......

----------------------------------------
x = 25.000000, y = 87.000000
avance = -105.000000, avanceR = 2.000000, avanceI = 2.000000
inc_x_r = 0.000000, inc_y_r = 1.000000, inc_x_i = 1.000000, inc_y_i = 1.000000
En el else......

----------------------------------------
x = 25.000000, y = 88.000000
avance = -103.000000, avanceR = 2.000000, avanceI = 2.000000
inc_x_r = 0.000000, inc_y_r = 1.000000, inc_x_i = 1.000000, inc_y_i = 1.000000
En el else......

----------------------------------------
x = 25.000000, y = 89.000000
avance = -101.000000, avanceR = 2.000000, avanceI = 2.000000
inc_x_r = 0.000000, inc_y_r = 1.000000, inc_x_i = 1.000000, inc_y_i = 1.000000
En el else......

----------------------------------------
x = 25.000000, y = 90.000000
avance = -99.000000, avanceR = 2.000000, avanceI = 2.000000
inc_x_r = 0.000000, inc_y_r = 1.000000, inc_x_i = 1.000000, inc_y_i = 1.000000
En el else......

----------------------------------------
x = 25.000000, y = 91.000000
avance = -97.000000, avanceR = 2.000000, avanceI = 2.000000
inc_x_r = 0.000000, inc_y_r = 1.000000, inc_x_i = 1.000000, inc_y_i = 1.000000
En el else......

----------------------------------------
x = 25.000000, y = 92.000000
avance = -95.000000, avanceR = 2.000000, avanceI = 2.000000
inc_x_r = 0.000000, inc_y_r = 1.000000, inc_x_i = 1.000000, inc_y_i = 1.000000
En el else......

----------------------------------------
x = 25.000000, y = 93.000000
avance = -93.000000, avanceR = 2.000000, avanceI = 2.000000
inc_x_r = 0.000000, inc_y_r = 1.000000, inc_x_i = 1.000000, inc_y_i = 1.000000
En el else......

----------------------------------------
x = 25.000000, y = 94.000000
avance = -91.000000, avanceR = 2.000000, avanceI = 2.000000
inc_x_r = 0.000000, inc_y_r = 1.000000, inc_x_i = 1.000000, inc_y_i = 1.000000
En el else......

----------------------------------------
x = 25.000000, y = 95.000000
avance = -89.000000, avanceR = 2.000000, avanceI = 2.000000
inc_x_r = 0.000000, inc_y_r = 1.000000, inc_x_i = 1.000000, inc_y_i = 1.000000
En el else......

----------------------------------------
x = 25.000000, y = 96.000000
avance = -87.000000, avanceR = 2.000000, avanceI = 2.000000
inc_x_r = 0.000000, inc_y_r = 1.000000, inc_x_i = 1.000000, inc_y_i = 1.000000
En el else......

----------------------------------------
x = 25.000000, y = 97.000000
avance = -85.000000, avanceR = 2.000000, avanceI = 2.000000
inc_x_r = 0.000000, inc_y_r = 1.000000, inc_x_i = 1.000000, inc_y_i = 1.000000
En el else......

----------------------------------------
x = 25.000000, y = 98.000000
avance = -83.000000, avanceR = 2.000000, avanceI = 2.000000
inc_x_r = 0.000000, inc_y_r = 1.000000, inc_x_i = 1.000000, inc_y_i = 1.000000
En el else......

----------------------------------------
x = 25.000000, y = 99.000000
avance = -81.000000, avanceR = 2.000000, avanceI = 2.000000
inc_x_r = 0.000000, inc_y_r = 1.000000, inc_x_i = 1.000000, inc_y_i = 1.000000
En el else......

----------------------------------------
x = 25.000000, y = 100.000000
avance = -79.000000, avanceR = 2.000000, avanceI = 2.000000
inc_x_r = 0.000000, inc_y_r = 1.000000, inc_x_i = 1.000000, inc_y_i = 1.000000
En el else......

----------------------------------------
x = 25.000000, y = 101.000000
avance = -77.000000, avanceR = 2.000000, avanceI = 2.000000
inc_x_r = 0.000000, inc_y_r = 1.000000, inc_x_i = 1.000000, inc_y_i = 1.000000
En el else......

----------------------------------------
x = 25.000000, y = 102.000000
avance = -75.000000, avanceR = 2.000000, avanceI = 2.000000
inc_x_r = 0.000000, inc_y_r = 1.000000, inc_x_i = 1.000000, inc_y_i = 1.000000
En el else......

----------------------------------------
x = 25.000000, y = 103.000000
avance = -73.000000, avanceR = 2.000000, avanceI = 2.000000
inc_x_r = 0.000000, inc_y_r = 1.000000, inc_x_i = 1.000000, inc_y_i = 1.000000
En el else......

----------------------------------------
x = 25.000000, y = 104.000000
avance = -71.000000, avanceR = 2.000000, avanceI = 2.000000
inc_x_r = 0.000000, inc_y_r = 1.000000, inc_x_i = 1.000000, inc_y_i = 1.000000
En el else......

----------------------------------------
x = 25.000000, y = 105.000000
avance = -69.000000, avanceR = 2.000000, avanceI = 2.000000
inc_x_r = 0.000000, inc_y_r = 1.000000, inc_x_i = 1.000000, inc_y_i = 1.000000
En el else......

----------------------------------------
x = 25.000000, y = 106.000000
avance = -67.000000, avanceR = 2.000000, avanceI = 2.000000
inc_x_r = 0.000000, inc_y_r = 1.000000, inc_x_i = 1.000000, inc_y_i = 1.000000
En el else......

----------------------------------------
x = 25.000000, y = 107.000000
avance = -65.000000, avanceR = 2.000000, avanceI = 2.000000
inc_x_r = 0.000000, inc_y_r = 1.000000, inc_x_i = 1.000000, inc_y_i = 1.000000
En el else......

----------------------------------------
x = 25.000000, y = 108.000000
avance = -63.000000, avanceR = 2.000000, avanceI = 2.000000
inc_x_r = 0.000000, inc_y_r = 1.000000, inc_x_i = 1.000000, inc_y_i = 1.000000
En el else......

----------------------------------------
x = 25.000000, y = 109.000000
avance = -61.000000, avanceR = 2.000000, avanceI = 2.000000
inc_x_r = 0.000000, inc_y_r = 1.000000, inc_x_i = 1.000000, inc_y_i = 1.000000
En el else......

----------------------------------------
x = 25.000000, y = 110.000000
avance = -59.000000, avanceR = 2.000000, avanceI = 2.000000
inc_x_r = 0.000000, inc_y_r = 1.000000, inc_x_i = 1.000000, inc_y_i = 1.000000
En el else......

----------------------------------------
x = 25.000000, y = 111.000000
avance = -57.000000, avanceR = 2.000000, avanceI = 2.000000
inc_x_r = 0.000000, inc_y_r = 1.000000, inc_x_i = 1.000000, inc_y_i = 1.000000
En el else......

----------------------------------------
x = 25.000000, y = 112.000000
avance = -55.000000, avanceR = 2.000000, avanceI = 2.000000
inc_x_r = 0.000000, inc_y_r = 1.000000, inc_x_i = 1.000000, inc_y_i = 1.000000
En el else......

----------------------------------------
x = 25.000000, y = 113.000000
avance = -53.000000, avanceR = 2.000000, avanceI = 2.000000
inc_x_r = 0.000000, inc_y_r = 1.000000, inc_x_i = 1.000000, inc_y_i = 1.000000
En el else......

----------------------------------------
x = 25.000000, y = 114.000000
avance = -51.000000, avanceR = 2.000000, avanceI = 2.000000
inc_x_r = 0.000000, inc_y_r = 1.000000, inc_x_i = 1.000000, inc_y_i = 1.000000
En el else......

----------------------------------------
x = 25.000000, y = 115.000000
avance = -49.000000, avanceR = 2.000000, avanceI = 2.000000
inc_x_r = 0.000000, inc_y_r = 1.000000, inc_x_i = 1.000000, inc_y_i = 1.000000
En el else......

----------------------------------------
x = 25.000000, y = 116.000000
avance = -47.000000, avanceR = 2.000000, avanceI = 2.000000
inc_x_r = 0.000000, inc_y_r = 1.000000, inc_x_i = 1.000000, inc_y_i = 1.000000
En el else......

----------------------------------------
x = 25.000000, y = 117.000000
avance = -45.000000, avanceR = 2.000000, avanceI = 2.000000
inc_x_r = 0.000000, inc_y_r = 1.000000, inc_x_i = 1.000000, inc_y_i = 1.000000
En el else......

----------------------------------------
x = 25.000000, y = 118.000000
avance = -43.000000, avanceR = 2.000000, avanceI = 2.000000
inc_x_r = 0.000000, inc_y_r = 1.000000, inc_x_i = 1.000000, inc_y_i = 1.000000
En el else......

----------------------------------------
x = 25.000000, y = 119.000000
avance = -41.000000, avanceR = 2.000000, avanceI = 2.000000
inc_x_r = 0.000000, inc_y_r = 1.000000, inc_x_i = 1.000000, inc_y_i = 1.000000
En el else......

----------------------------------------
x = 25.000000, y = 120.000000
avance = -39.000000, avanceR = 2.000000, avanceI = 2.000000
inc_x_r = 0.000000, inc_y_r = 1.000000, inc_x_i = 1.000000, inc_y_i = 1.000000
En el else......

----------------------------------------
x = 25.000000, y = 121.000000
avance = -37.000000, avanceR = 2.000000, avanceI = 2.000000
inc_x_r = 0.000000, inc_y_r = 1.000000, inc_x_i = 1.000000, inc_y_i = 1.000000
En el else......

----------------------------------------
x = 25.000000, y = 122.000000
avance = -35.000000, avanceR = 2.000000, avanceI = 2.000000
inc_x_r = 0.000000, inc_y_r = 1.000000, inc_x_i = 1.000000, inc_y_i = 1.000000
En el else......

----------------------------------------
x = 25.000000, y = 123.000000
avance = -33.000000, avanceR = 2.000000, avanceI = 2.000000
inc_x_r = 0.000000, inc_y_r = 1.000000, inc_x_i = 1.000000, inc_y_i = 1.000000
En el else......

----------------------------------------
x = 25.000000, y = 124.000000
avance = -31.000000, avanceR = 2.000000, avanceI = 2.000000
inc_x_r = 0.000000, inc_y_r = 1.000000, inc_x_i = 1.000000, inc_y_i = 1.000000
En el else......

----------------------------------------
x = 25.000000, y = 125.000000
avance = -29.000000, avanceR = 2.000000, avanceI = 2.000000
inc_x_r = 0.000000, inc_y_r = 1.000000, inc_x_i = 1.000000, inc_y_i = 1.000000
En el else......

----------------------------------------
x = 25.000000, y = 126.000000
avance = -27.000000, avanceR = 2.000000, avanceI = 2.000000
inc_x_r = 0.000000, inc_y_r = 1.000000, inc_x_i = 1.000000, inc_y_i = 1.000000
En el else......

----------------------------------------
x = 25.000000, y = 127.000000
avance = -25.000000, avanceR = 2.000000, avanceI = 2.000000
inc_x_r = 0.000000, inc_y_r = 1.000000, inc_x_i = 1.000000, inc_y_i = 1.000000
En el else......

----------------------------------------
x = 25.000000, y = 128.000000
avance = -23.000000, avanceR = 2.000000, avanceI = 2.000000
inc_x_r = 0.000000, inc_y_r = 1.000000, inc_x_i = 1.000000, inc_y_i = 1.000000
En el else......

----------------------------------------
x = 25.000000, y = 129.000000
avance = -21.000000, avanceR = 2.000000, avanceI = 2.000000
inc_x_r = 0.000000, inc_y_r = 1.000000, inc_x_i = 1.000000, inc_y_i = 1.000000
En el else......

----------------------------------------
x = 25.000000, y = 130.000000
avance = -19.000000, avanceR = 2.000000, avanceI = 2.000000
inc_x_r = 0.000000, inc_y_r = 1.000000, inc_x_i = 1.000000, inc_y_i = 1.000000
En el else......

----------------------------------------
x = 25.000000, y = 131.000000
avance = -17.000000, avanceR = 2.000000, avanceI = 2.000000
inc_x_r = 0.000000, inc_y_r = 1.000000, inc_x_i = 1.000000, inc_y_i = 1.000000
En el else......

----------------------------------------
x = 25.000000, y = 132.000000
avance = -15.000000, avanceR = 2.000000, avanceI = 2.000000
inc_x_r = 0.000000, inc_y_r = 1.000000, inc_x_i = 1.000000, inc_y_i = 1.000000
En el else......

----------------------------------------
x = 25.000000, y = 133.000000
avance = -13.000000, avanceR = 2.000000, avanceI = 2.000000
inc_x_r = 0.000000, inc_y_r = 1.000000, inc_x_i = 1.000000, inc_y_i = 1.000000
En el else......

----------------------------------------
x = 25.000000, y = 134.000000
avance = -11.000000, avanceR = 2.000000, avanceI = 2.000000
inc_x_r = 0.000000, inc_y_r = 1.000000, inc_x_i = 1.000000, inc_y_i = 1.000000
En el else......

----------------------------------------
x = 25.000000, y = 135.000000
avance = -9.000000, avanceR = 2.000000, avanceI = 2.000000
inc_x_r = 0.000000, inc_y_r = 1.000000, inc_x_i = 1.000000, inc_y_i = 1.000000
En el else......

----------------------------------------
x = 25.000000, y = 136.000000
avance = -7.000000, avanceR = 2.000000, avanceI = 2.000000
inc_x_r = 0.000000, inc_y_r = 1.000000, inc_x_i = 1.000000, inc_y_i = 1.000000
En el else......

----------------------------------------
x = 25.000000, y = 137.000000
avance = -5.000000, avanceR = 2.000000, avanceI = 2.000000
inc_x_r = 0.000000, inc_y_r = 1.000000, inc_x_i = 1.000000, inc_y_i = 1.000000
En el else......

----------------------------------------
x = 25.000000, y = 138.000000
avance = -3.000000, avanceR = 2.000000, avanceI = 2.000000
inc_x_r = 0.000000, inc_y_r = 1.000000, inc_x_i = 1.000000, inc_y_i = 1.000000
En el else......

----------------------------------------
x = 25.000000, y = 139.000000
avance = -1.000000, avanceR = 2.000000, avanceI = 2.000000
inc_x_r = 0.000000, inc_y_r = 1.000000, inc_x_i = 1.000000, inc_y_i = 1.000000
En el else......

----------------------------------------
x = 25.000000, y = 140.000000
avance = 1.000000, avanceR = 2.000000, avanceI = 2.000000
inc_x_r = 0.000000, inc_y_r = 1.000000, inc_x_i = 1.000000, inc_y_i = 1.000000
avance >= 0

----------------------------------------
x = 26.000000, y = 141.000000
avance = -499.000000, avanceR = 2.000000, avanceI = 2.000000
inc_x_r = 0.000000, inc_y_r = 1.000000, inc_x_i = 1.000000, inc_y_i = 1.000000
En el else......

----------------------------------------
x = 26.000000, y = 142.000000
avance = -497.000000, avanceR = 2.000000, avanceI = 2.000000
inc_x_r = 0.000000, inc_y_r = 1.000000, inc_x_i = 1.000000, inc_y_i = 1.000000
En el else......

----------------------------------------
x = 26.000000, y = 143.000000
avance = -495.000000, avanceR = 2.000000, avanceI = 2.000000
inc_x_r = 0.000000, inc_y_r = 1.000000, inc_x_i = 1.000000, inc_y_i = 1.000000
En el else......

----------------------------------------
x = 26.000000, y = 144.000000
avance = -493.000000, avanceR = 2.000000, avanceI = 2.000000
inc_x_r = 0.000000, inc_y_r = 1.000000, inc_x_i = 1.000000, inc_y_i = 1.000000
En el else......

----------------------------------------
x = 26.000000, y = 145.000000
avance = -491.000000, avanceR = 2.000000, avanceI = 2.000000
inc_x_r = 0.000000, inc_y_r = 1.000000, inc_x_i = 1.000000, inc_y_i = 1.000000
En el else......

----------------------------------------
x = 26.000000, y = 146.000000
avance = -489.000000, avanceR = 2.000000, avanceI = 2.000000
inc_x_r = 0.000000, inc_y_r = 1.000000, inc_x_i = 1.000000, inc_y_i = 1.000000
En el else......

----------------------------------------
x = 26.000000, y = 147.000000
avance = -487.000000, avanceR = 2.000000, avanceI = 2.000000
inc_x_r = 0.000000, inc_y_r = 1.000000, inc_x_i = 1.000000, inc_y_i = 1.000000
En el else......

----------------------------------------
x = 26.000000, y = 148.000000
avance = -485.000000, avanceR = 2.000000, avanceI = 2.000000
inc_x_r = 0.000000, inc_y_r = 1.000000, inc_x_i = 1.000000, inc_y_i = 1.000000
En el else......

----------------------------------------
x = 26.000000, y = 149.000000
avance = -483.000000, avanceR = 2.000000, avanceI = 2.000000
inc_x_r = 0.000000, inc_y_r = 1.000000, inc_x_i = 1.000000, inc_y_i = 1.000000
En el else......

----------------------------------------
x = 26.000000, y = 150.000000
avance = -481.000000, avanceR = 2.000000, avanceI = 2.000000
inc_x_r = 0.000000, inc_y_r = 1.000000, inc_x_i = 1.000000, inc_y_i = 1.000000
En el else......

----------------------------------------
x = 26.000000, y = 151.000000
avance = -479.000000, avanceR = 2.000000, avanceI = 2.000000
inc_x_r = 0.000000, inc_y_r = 1.000000, inc_x_i = 1.000000, inc_y_i = 1.000000
En el else......

----------------------------------------
x = 26.000000, y = 152.000000
avance = -477.000000, avanceR = 2.000000, avanceI = 2.000000
inc_x_r = 0.000000, inc_y_r = 1.000000, inc_x_i = 1.000000, inc_y_i = 1.000000
En el else......

----------------------------------------
x = 26.000000, y = 153.000000
avance = -475.000000, avanceR = 2.000000, avanceI = 2.000000
inc_x_r = 0.000000, inc_y_r = 1.000000, inc_x_i = 1.000000, inc_y_i = 1.000000
En el else......

----------------------------------------
x = 26.000000, y = 154.000000
avance = -473.000000, avanceR = 2.000000, avanceI = 2.000000
inc_x_r = 0.000000, inc_y_r = 1.000000, inc_x_i = 1.000000, inc_y_i = 1.000000
En el else......

----------------------------------------
x = 26.000000, y = 155.000000
avance = -471.000000, avanceR = 2.000000, avanceI = 2.000000
inc_x_r = 0.000000, inc_y_r = 1.000000, inc_x_i = 1.000000, inc_y_i = 1.000000
En el else......

----------------------------------------
x = 26.000000, y = 156.000000
avance = -469.000000, avanceR = 2.000000, avanceI = 2.000000
inc_x_r = 0.000000, inc_y_r = 1.000000, inc_x_i = 1.000000, inc_y_i = 1.000000
En el else......

----------------------------------------
x = 26.000000, y = 157.000000
avance = -467.000000, avanceR = 2.000000, avanceI = 2.000000
inc_x_r = 0.000000, inc_y_r = 1.000000, inc_x_i = 1.000000, inc_y_i = 1.000000
En el else......

----------------------------------------
x = 26.000000, y = 158.000000
avance = -465.000000, avanceR = 2.000000, avanceI = 2.000000
inc_x_r = 0.000000, inc_y_r = 1.000000, inc_x_i = 1.000000, inc_y_i = 1.000000
En el else......

----------------------------------------
x = 26.000000, y = 159.000000
avance = -463.000000, avanceR = 2.000000, avanceI = 2.000000
inc_x_r = 0.000000, inc_y_r = 1.000000, inc_x_i = 1.000000, inc_y_i = 1.000000
En el else......

----------------------------------------
x = 26.000000, y = 160.000000
avance = -461.000000, avanceR = 2.000000, avanceI = 2.000000
inc_x_r = 0.000000, inc_y_r = 1.000000, inc_x_i = 1.000000, inc_y_i = 1.000000
En el else......

----------------------------------------
x = 26.000000, y = 161.000000
avance = -459.000000, avanceR = 2.000000, avanceI = 2.000000
inc_x_r = 0.000000, inc_y_r = 1.000000, inc_x_i = 1.000000, inc_y_i = 1.000000
En el else......

----------------------------------------
x = 26.000000, y = 162.000000
avance = -457.000000, avanceR = 2.000000, avanceI = 2.000000
inc_x_r = 0.000000, inc_y_r = 1.000000, inc_x_i = 1.000000, inc_y_i = 1.000000
En el else......

----------------------------------------
x = 26.000000, y = 163.000000
avance = -455.000000, avanceR = 2.000000, avanceI = 2.000000
inc_x_r = 0.000000, inc_y_r = 1.000000, inc_x_i = 1.000000, inc_y_i = 1.000000
En el else......

----------------------------------------
x = 26.000000, y = 164.000000
avance = -453.000000, avanceR = 2.000000, avanceI = 2.000000
inc_x_r = 0.000000, inc_y_r = 1.000000, inc_x_i = 1.000000, inc_y_i = 1.000000
En el else......

----------------------------------------
x = 26.000000, y = 165.000000
avance = -451.000000, avanceR = 2.000000, avanceI = 2.000000
inc_x_r = 0.000000, inc_y_r = 1.000000, inc_x_i = 1.000000, inc_y_i = 1.000000
En el else......

----------------------------------------
x = 26.000000, y = 166.000000
avance = -449.000000, avanceR = 2.000000, avanceI = 2.000000
inc_x_r = 0.000000, inc_y_r = 1.000000, inc_x_i = 1.000000, inc_y_i = 1.000000
En el else......

----------------------------------------
x = 26.000000, y = 167.000000
avance = -447.000000, avanceR = 2.000000, avanceI = 2.000000
inc_x_r = 0.000000, inc_y_r = 1.000000, inc_x_i = 1.000000, inc_y_i = 1.000000
En el else......

----------------------------------------
x = 26.000000, y = 168.000000
avance = -445.000000, avanceR = 2.000000, avanceI = 2.000000
inc_x_r = 0.000000, inc_y_r = 1.000000, inc_x_i = 1.000000, inc_y_i = 1.000000
En el else......

----------------------------------------
x = 26.000000, y = 169.000000
avance = -443.000000, avanceR = 2.000000, avanceI = 2.000000
inc_x_r = 0.000000, inc_y_r = 1.000000, inc_x_i = 1.000000, inc_y_i = 1.000000
En el else......

----------------------------------------
x = 26.000000, y = 170.000000
avance = -441.000000, avanceR = 2.000000, avanceI = 2.000000
inc_x_r = 0.000000, inc_y_r = 1.000000, inc_x_i = 1.000000, inc_y_i = 1.000000
En el else......

----------------------------------------
x = 26.000000, y = 171.000000
avance = -439.000000, avanceR = 2.000000, avanceI = 2.000000
inc_x_r = 0.000000, inc_y_r = 1.000000, inc_x_i = 1.000000, inc_y_i = 1.000000
En el else......

----------------------------------------
x = 26.000000, y = 172.000000
avance = -437.000000, avanceR = 2.000000, avanceI = 2.000000
inc_x_r = 0.000000, inc_y_r = 1.000000, inc_x_i = 1.000000, inc_y_i = 1.000000
En el else......

----------------------------------------
x = 26.000000, y = 173.000000
avance = -435.000000, avanceR = 2.000000, avanceI = 2.000000
inc_x_r = 0.000000, inc_y_r = 1.000000, inc_x_i = 1.000000, inc_y_i = 1.000000
En el else......

----------------------------------------
x = 26.000000, y = 174.000000
avance = -433.000000, avanceR = 2.000000, avanceI = 2.000000
inc_x_r = 0.000000, inc_y_r = 1.000000, inc_x_i = 1.000000, inc_y_i = 1.000000
En el else......

----------------------------------------
x = 26.000000, y = 175.000000
avance = -431.000000, avanceR = 2.000000, avanceI = 2.000000
inc_x_r = 0.000000, inc_y_r = 1.000000, inc_x_i = 1.000000, inc_y_i = 1.000000
En el else......

----------------------------------------
x = 26.000000, y = 176.000000
avance = -429.000000, avanceR = 2.000000, avanceI = 2.000000
inc_x_r = 0.000000, inc_y_r = 1.000000, inc_x_i = 1.000000, inc_y_i = 1.000000
En el else......

----------------------------------------
x = 26.000000, y = 177.000000
avance = -427.000000, avanceR = 2.000000, avanceI = 2.000000
inc_x_r = 0.000000, inc_y_r = 1.000000, inc_x_i = 1.000000, inc_y_i = 1.000000
En el else......

----------------------------------------
x = 26.000000, y = 178.000000
avance = -425.000000, avanceR = 2.000000, avanceI = 2.000000
inc_x_r = 0.000000, inc_y_r = 1.000000, inc_x_i = 1.000000, inc_y_i = 1.000000
En el else......

----------------------------------------
x = 26.000000, y = 179.000000
avance = -423.000000, avanceR = 2.000000, avanceI = 2.000000
inc_x_r = 0.000000, inc_y_r = 1.000000, inc_x_i = 1.000000, inc_y_i = 1.000000
En el else......

----------------------------------------
x = 26.000000, y = 180.000000
avance = -421.000000, avanceR = 2.000000, avanceI = 2.000000
inc_x_r = 0.000000, inc_y_r = 1.000000, inc_x_i = 1.000000, inc_y_i = 1.000000
En el else......

----------------------------------------
x = 26.000000, y = 181.000000
avance = -419.000000, avanceR = 2.000000, avanceI = 2.000000
inc_x_r = 0.000000, inc_y_r = 1.000000, inc_x_i = 1.000000, inc_y_i = 1.000000
En el else......

----------------------------------------
x = 26.000000, y = 182.000000
avance = -417.000000, avanceR = 2.000000, avanceI = 2.000000
inc_x_r = 0.000000, inc_y_r = 1.000000, inc_x_i = 1.000000, inc_y_i = 1.000000
En el else......

----------------------------------------
x = 26.000000, y = 183.000000
avance = -415.000000, avanceR = 2.000000, avanceI = 2.000000
inc_x_r = 0.000000, inc_y_r = 1.000000, inc_x_i = 1.000000, inc_y_i = 1.000000
En el else......

----------------------------------------
x = 26.000000, y = 184.000000
avance = -413.000000, avanceR = 2.000000, avanceI = 2.000000
inc_x_r = 0.000000, inc_y_r = 1.000000, inc_x_i = 1.000000, inc_y_i = 1.000000
En el else......

----------------------------------------
x = 26.000000, y = 185.000000
avance = -411.000000, avanceR = 2.000000, avanceI = 2.000000
inc_x_r = 0.000000, inc_y_r = 1.000000, inc_x_i = 1.000000, inc_y_i = 1.000000
En el else......

----------------------------------------
x = 26.000000, y = 186.000000
avance = -409.000000, avanceR = 2.000000, avanceI = 2.000000
inc_x_r = 0.000000, inc_y_r = 1.000000, inc_x_i = 1.000000, inc_y_i = 1.000000
En el else......

----------------------------------------
x = 26.000000, y = 187.000000
avance = -407.000000, avanceR = 2.000000, avanceI = 2.000000
inc_x_r = 0.000000, inc_y_r = 1.000000, inc_x_i = 1.000000, inc_y_i = 1.000000
En el else......

----------------------------------------
x = 26.000000, y = 188.000000
avance = -405.000000, avanceR = 2.000000, avanceI = 2.000000
inc_x_r = 0.000000, inc_y_r = 1.000000, inc_x_i = 1.000000, inc_y_i = 1.000000
En el else......

----------------------------------------
x = 26.000000, y = 189.000000
avance = -403.000000, avanceR = 2.000000, avanceI = 2.000000
inc_x_r = 0.000000, inc_y_r = 1.000000, inc_x_i = 1.000000, inc_y_i = 1.000000
En el else......

----------------------------------------
x = 26.000000, y = 190.000000
avance = -401.000000, avanceR = 2.000000, avanceI = 2.000000
inc_x_r = 0.000000, inc_y_r = 1.000000, inc_x_i = 1.000000, inc_y_i = 1.000000
En el else......

----------------------------------------
x = 26.000000, y = 191.000000
avance = -399.000000, avanceR = 2.000000, avanceI = 2.000000
inc_x_r = 0.000000, inc_y_r = 1.000000, inc_x_i = 1.000000, inc_y_i = 1.000000
En el else......

----------------------------------------
x = 26.000000, y = 192.000000
avance = -397.000000, avanceR = 2.000000, avanceI = 2.000000
inc_x_r = 0.000000, inc_y_r = 1.000000, inc_x_i = 1.000000, inc_y_i = 1.000000
En el else......

----------------------------------------
x = 26.000000, y = 193.000000
avance = -395.000000, avanceR = 2.000000, avanceI = 2.000000
inc_x_r = 0.000000, inc_y_r = 1.000000, inc_x_i = 1.000000, inc_y_i = 1.000000
En el else......

----------------------------------------
x = 26.000000, y = 194.000000
avance = -393.000000, avanceR = 2.000000, avanceI = 2.000000
inc_x_r = 0.000000, inc_y_r = 1.000000, inc_x_i = 1.000000, inc_y_i = 1.000000
En el else......

----------------------------------------
x = 26.000000, y = 195.000000
avance = -391.000000, avanceR = 2.000000, avanceI = 2.000000
inc_x_r = 0.000000, inc_y_r = 1.000000, inc_x_i = 1.000000, inc_y_i = 1.000000
En el else......

----------------------------------------
x = 26.000000, y = 196.000000
avance = -389.000000, avanceR = 2.000000, avanceI = 2.000000
inc_x_r = 0.000000, inc_y_r = 1.000000, inc_x_i = 1.000000, inc_y_i = 1.000000
En el else......

----------------------------------------
x = 26.000000, y = 197.000000
avance = -387.000000, avanceR = 2.000000, avanceI = 2.000000
inc_x_r = 0.000000, inc_y_r = 1.000000, inc_x_i = 1.000000, inc_y_i = 1.000000
En el else......

----------------------------------------
x = 26.000000, y = 198.000000
avance = -385.000000, avanceR = 2.000000, avanceI = 2.000000
inc_x_r = 0.000000, inc_y_r = 1.000000, inc_x_i = 1.000000, inc_y_i = 1.000000
En el else......

----------------------------------------
x = 26.000000, y = 199.000000
avance = -383.000000, avanceR = 2.000000, avanceI = 2.000000
inc_x_r = 0.000000, inc_y_r = 1.000000, inc_x_i = 1.000000, inc_y_i = 1.000000
En el else......

----------------------------------------
x = 26.000000, y = 200.000000
avance = -381.000000, avanceR = 2.000000, avanceI = 2.000000
inc_x_r = 0.000000, inc_y_r = 1.000000, inc_x_i = 1.000000, inc_y_i = 1.000000
En el else......

----------------------------------------
x = 26.000000, y = 201.000000
avance = -379.000000, avanceR = 2.000000, avanceI = 2.000000
inc_x_r = 0.000000, inc_y_r = 1.000000, inc_x_i = 1.000000, inc_y_i = 1.000000
En el else......

----------------------------------------
x = 26.000000, y = 202.000000
avance = -377.000000, avanceR = 2.000000, avanceI = 2.000000
inc_x_r = 0.000000, inc_y_r = 1.000000, inc_x_i = 1.000000, inc_y_i = 1.000000
En el else......

----------------------------------------
x = 26.000000, y = 203.000000
avance = -375.000000, avanceR = 2.000000, avanceI = 2.000000
inc_x_r = 0.000000, inc_y_r = 1.000000, inc_x_i = 1.000000, inc_y_i = 1.000000
En el else......

----------------------------------------
x = 26.000000, y = 204.000000
avance = -373.000000, avanceR = 2.000000, avanceI = 2.000000
inc_x_r = 0.000000, inc_y_r = 1.000000, inc_x_i = 1.000000, inc_y_i = 1.000000
En el else......

----------------------------------------
x = 26.000000, y = 205.000000
avance = -371.000000, avanceR = 2.000000, avanceI = 2.000000
inc_x_r = 0.000000, inc_y_r = 1.000000, inc_x_i = 1.000000, inc_y_i = 1.000000
En el else......

----------------------------------------
x = 26.000000, y = 206.000000
avance = -369.000000, avanceR = 2.000000, avanceI = 2.000000
inc_x_r = 0.000000, inc_y_r = 1.000000, inc_x_i = 1.000000, inc_y_i = 1.000000
En el else......

----------------------------------------
x = 26.000000, y = 207.000000
avance = -367.000000, avanceR = 2.000000, avanceI = 2.000000
inc_x_r = 0.000000, inc_y_r = 1.000000, inc_x_i = 1.000000, inc_y_i = 1.000000
En el else......

----------------------------------------
x = 26.000000, y = 208.000000
avance = -365.000000, avanceR = 2.000000, avanceI = 2.000000
inc_x_r = 0.000000, inc_y_r = 1.000000, inc_x_i = 1.000000, inc_y_i = 1.000000
En el else......

----------------------------------------
x = 26.000000, y = 209.000000
avance = -363.000000, avanceR = 2.000000, avanceI = 2.000000
inc_x_r = 0.000000, inc_y_r = 1.000000, inc_x_i = 1.000000, inc_y_i = 1.000000
En el else......

----------------------------------------
x = 26.000000, y = 210.000000
avance = -361.000000, avanceR = 2.000000, avanceI = 2.000000
inc_x_r = 0.000000, inc_y_r = 1.000000, inc_x_i = 1.000000, inc_y_i = 1.000000
En el else......

----------------------------------------
x = 26.000000, y = 211.000000
avance = -359.000000, avanceR = 2.000000, avanceI = 2.000000
inc_x_r = 0.000000, inc_y_r = 1.000000, inc_x_i = 1.000000, inc_y_i = 1.000000
En el else......

----------------------------------------
x = 26.000000, y = 212.000000
avance = -357.000000, avanceR = 2.000000, avanceI = 2.000000
inc_x_r = 0.000000, inc_y_r = 1.000000, inc_x_i = 1.000000, inc_y_i = 1.000000
En el else......

----------------------------------------
x = 26.000000, y = 213.000000
avance = -355.000000, avanceR = 2.000000, avanceI = 2.000000
inc_x_r = 0.000000, inc_y_r = 1.000000, inc_x_i = 1.000000, inc_y_i = 1.000000
En el else......

----------------------------------------
x = 26.000000, y = 214.000000
avance = -353.000000, avanceR = 2.000000, avanceI = 2.000000
inc_x_r = 0.000000, inc_y_r = 1.000000, inc_x_i = 1.000000, inc_y_i = 1.000000
En el else......

----------------------------------------
x = 26.000000, y = 215.000000
avance = -351.000000, avanceR = 2.000000, avanceI = 2.000000
inc_x_r = 0.000000, inc_y_r = 1.000000, inc_x_i = 1.000000, inc_y_i = 1.000000
En el else......

----------------------------------------
x = 26.000000, y = 216.000000
avance = -349.000000, avanceR = 2.000000, avanceI = 2.000000
inc_x_r = 0.000000, inc_y_r = 1.000000, inc_x_i = 1.000000, inc_y_i = 1.000000
En el else......

----------------------------------------
x = 26.000000, y = 217.000000
avance = -347.000000, avanceR = 2.000000, avanceI = 2.000000
inc_x_r = 0.000000, inc_y_r = 1.000000, inc_x_i = 1.000000, inc_y_i = 1.000000
En el else......

----------------------------------------
x = 26.000000, y = 218.000000
avance = -345.000000, avanceR = 2.000000, avanceI = 2.000000
inc_x_r = 0.000000, inc_y_r = 1.000000, inc_x_i = 1.000000, inc_y_i = 1.000000
En el else......

----------------------------------------
x = 26.000000, y = 219.000000
avance = -343.000000, avanceR = 2.000000, avanceI = 2.000000
inc_x_r = 0.000000, inc_y_r = 1.000000, inc_x_i = 1.000000, inc_y_i = 1.000000
En el else......

----------------------------------------
x = 26.000000, y = 220.000000
avance = -341.000000, avanceR = 2.000000, avanceI = 2.000000
inc_x_r = 0.000000, inc_y_r = 1.000000, inc_x_i = 1.000000, inc_y_i = 1.000000
En el else......

----------------------------------------
x = 26.000000, y = 221.000000
avance = -339.000000, avanceR = 2.000000, avanceI = 2.000000
inc_x_r = 0.000000, inc_y_r = 1.000000, inc_x_i = 1.000000, inc_y_i = 1.000000
En el else......

----------------------------------------
x = 26.000000, y = 222.000000
avance = -337.000000, avanceR = 2.000000, avanceI = 2.000000
inc_x_r = 0.000000, inc_y_r = 1.000000, inc_x_i = 1.000000, inc_y_i = 1.000000
En el else......

----------------------------------------
x = 26.000000, y = 223.000000
avance = -335.000000, avanceR = 2.000000, avanceI = 2.000000
inc_x_r = 0.000000, inc_y_r = 1.000000, inc_x_i = 1.000000, inc_y_i = 1.000000
En el else......

----------------------------------------
x = 26.000000, y = 224.000000
avance = -333.000000, avanceR = 2.000000, avanceI = 2.000000
inc_x_r = 0.000000, inc_y_r = 1.000000, inc_x_i = 1.000000, inc_y_i = 1.000000
En el else......

----------------------------------------
x = 26.000000, y = 225.000000
avance = -331.000000, avanceR = 2.000000, avanceI = 2.000000
inc_x_r = 0.000000, inc_y_r = 1.000000, inc_x_i = 1.000000, inc_y_i = 1.000000
En el else......

----------------------------------------
x = 26.000000, y = 226.000000
avance = -329.000000, avanceR = 2.000000, avanceI = 2.000000
inc_x_r = 0.000000, inc_y_r = 1.000000, inc_x_i = 1.000000, inc_y_i = 1.000000
En el else......

----------------------------------------
x = 26.000000, y = 227.000000
avance = -327.000000, avanceR = 2.000000, avanceI = 2.000000
inc_x_r = 0.000000, inc_y_r = 1.000000, inc_x_i = 1.000000, inc_y_i = 1.000000
En el else......

----------------------------------------
x = 26.000000, y = 228.000000
avance = -325.000000, avanceR = 2.000000, avanceI = 2.000000
inc_x_r = 0.000000, inc_y_r = 1.000000, inc_x_i = 1.000000, inc_y_i = 1.000000
En el else......

----------------------------------------
x = 26.000000, y = 229.000000
avance = -323.000000, avanceR = 2.000000, avanceI = 2.000000
inc_x_r = 0.000000, inc_y_r = 1.000000, inc_x_i = 1.000000, inc_y_i = 1.000000
En el else......

----------------------------------------
x = 26.000000, y = 230.000000
avance = -321.000000, avanceR = 2.000000, avanceI = 2.000000
inc_x_r = 0.000000, inc_y_r = 1.000000, inc_x_i = 1.000000, inc_y_i = 1.000000
En el else......

----------------------------------------
x = 26.000000, y = 231.000000
avance = -319.000000, avanceR = 2.000000, avanceI = 2.000000
inc_x_r = 0.000000, inc_y_r = 1.000000, inc_x_i = 1.000000, inc_y_i = 1.000000
En el else......

----------------------------------------
x = 26.000000, y = 232.000000
avance = -317.000000, avanceR = 2.000000, avanceI = 2.000000
inc_x_r = 0.000000, inc_y_r = 1.000000, inc_x_i = 1.000000, inc_y_i = 1.000000
En el else......

----------------------------------------
x = 26.000000, y = 233.000000
avance = -315.000000, avanceR = 2.000000, avanceI = 2.000000
inc_x_r = 0.000000, inc_y_r = 1.000000, inc_x_i = 1.000000, inc_y_i = 1.000000
En el else......

----------------------------------------
x = 26.000000, y = 234.000000
avance = -313.000000, avanceR = 2.000000, avanceI = 2.000000
inc_x_r = 0.000000, inc_y_r = 1.000000, inc_x_i = 1.000000, inc_y_i = 1.000000
En el else......

----------------------------------------
x = 26.000000, y = 235.000000
avance = -311.000000, avanceR = 2.000000, avanceI = 2.000000
inc_x_r = 0.000000, inc_y_r = 1.000000, inc_x_i = 1.000000, inc_y_i = 1.000000
En el else......

----------------------------------------
x = 26.000000, y = 236.000000
avance = -309.000000, avanceR = 2.000000, avanceI = 2.000000
inc_x_r = 0.000000, inc_y_r = 1.000000, inc_x_i = 1.000000, inc_y_i = 1.000000
En el else......

----------------------------------------
x = 26.000000, y = 237.000000
avance = -307.000000, avanceR = 2.000000, avanceI = 2.000000
inc_x_r = 0.000000, inc_y_r = 1.000000, inc_x_i = 1.000000, inc_y_i = 1.000000
En el else......

----------------------------------------
x = 26.000000, y = 238.000000
avance = -305.000000, avanceR = 2.000000, avanceI = 2.000000
inc_x_r = 0.000000, inc_y_r = 1.000000, inc_x_i = 1.000000, inc_y_i = 1.000000
En el else......

----------------------------------------
x = 26.000000, y = 239.000000
avance = -303.000000, avanceR = 2.000000, avanceI = 2.000000
inc_x_r = 0.000000, inc_y_r = 1.000000, inc_x_i = 1.000000, inc_y_i = 1.000000
En el else......

----------------------------------------
x = 26.000000, y = 240.000000
avance = -301.000000, avanceR = 2.000000, avanceI = 2.000000
inc_x_r = 0.000000, inc_y_r = 1.000000, inc_x_i = 1.000000, inc_y_i = 1.000000
En el else......

----------------------------------------
x = 26.000000, y = 241.000000
avance = -299.000000, avanceR = 2.000000, avanceI = 2.000000
inc_x_r = 0.000000, inc_y_r = 1.000000, inc_x_i = 1.000000, inc_y_i = 1.000000
En el else......

----------------------------------------
x = 26.000000, y = 242.000000
avance = -297.000000, avanceR = 2.000000, avanceI = 2.000000
inc_x_r = 0.000000, inc_y_r = 1.000000, inc_x_i = 1.000000, inc_y_i = 1.000000
En el else......

----------------------------------------
x = 26.000000, y = 243.000000
avance = -295.000000, avanceR = 2.000000, avanceI = 2.000000
inc_x_r = 0.000000, inc_y_r = 1.000000, inc_x_i = 1.000000, inc_y_i = 1.000000
En el else......

----------------------------------------
x = 26.000000, y = 244.000000
avance = -293.000000, avanceR = 2.000000, avanceI = 2.000000
inc_x_r = 0.000000, inc_y_r = 1.000000, inc_x_i = 1.000000, inc_y_i = 1.000000
En el else......

----------------------------------------
x = 26.000000, y = 245.000000
avance = -291.000000, avanceR = 2.000000, avanceI = 2.000000
inc_x_r = 0.000000, inc_y_r = 1.000000, inc_x_i = 1.000000, inc_y_i = 1.000000
En el else......

----------------------------------------
x = 26.000000, y = 246.000000
avance = -289.000000, avanceR = 2.000000, avanceI = 2.000000
inc_x_r = 0.000000, inc_y_r = 1.000000, inc_x_i = 1.000000, inc_y_i = 1.000000
En el else......

----------------------------------------
x = 26.000000, y = 247.000000
avance = -287.000000, avanceR = 2.000000, avanceI = 2.000000
inc_x_r = 0.000000, inc_y_r = 1.000000, inc_x_i = 1.000000, inc_y_i = 1.000000
En el else......

----------------------------------------
x = 26.000000, y = 248.000000
avance = -285.000000, avanceR = 2.000000, avanceI = 2.000000
inc_x_r = 0.000000, inc_y_r = 1.000000, inc_x_i = 1.000000, inc_y_i = 1.000000
En el else......

----------------------------------------
x = 26.000000, y = 249.000000
avance = -283.000000, avanceR = 2.000000, avanceI = 2.000000
inc_x_r = 0.000000, inc_y_r = 1.000000, inc_x_i = 1.000000, inc_y_i = 1.000000
En el else......

----------------------------------------
x = 26.000000, y = 250.000000
avance = -281.000000, avanceR = 2.000000, avanceI = 2.000000
inc_x_r = 0.000000, inc_y_r = 1.000000, inc_x_i = 1.000000, inc_y_i = 1.000000
En el else......

----------------------------------------
x = 26.000000, y = 251.000000
avance = -279.000000, avanceR = 2.000000, avanceI = 2.000000
inc_x_r = 0.000000, inc_y_r = 1.000000, inc_x_i = 1.000000, inc_y_i = 1.000000
En el else......

----------------------------------------
x = 26.000000, y = 252.000000
avance = -277.000000, avanceR = 2.000000, avanceI = 2.000000
inc_x_r = 0.000000, inc_y_r = 1.000000, inc_x_i = 1.000000, inc_y_i = 1.000000
En el else......

----------------------------------------
x = 26.000000, y = 253.000000
avance = -275.000000, avanceR = 2.000000, avanceI = 2.000000
inc_x_r = 0.000000, inc_y_r = 1.000000, inc_x_i = 1.000000, inc_y_i = 1.000000
En el else......

----------------------------------------
x = 26.000000, y = 254.000000
avance = -273.000000, avanceR = 2.000000, avanceI = 2.000000
inc_x_r = 0.000000, inc_y_r = 1.000000, inc_x_i = 1.000000, inc_y_i = 1.000000
En el else......

----------------------------------------
x = 26.000000, y = 255.000000
avance = -271.000000, avanceR = 2.000000, avanceI = 2.000000
inc_x_r = 0.000000, inc_y_r = 1.000000, inc_x_i = 1.000000, inc_y_i = 1.000000
En el else......

----------------------------------------
x = 26.000000, y = 256.000000
avance = -269.000000, avanceR = 2.000000, avanceI = 2.000000
inc_x_r = 0.000000, inc_y_r = 1.000000, inc_x_i = 1.000000, inc_y_i = 1.000000
En el else......

----------------------------------------
x = 26.000000, y = 257.000000
avance = -267.000000, avanceR = 2.000000, avanceI = 2.000000
inc_x_r = 0.000000, inc_y_r = 1.000000, inc_x_i = 1.000000, inc_y_i = 1.000000
En el else......

----------------------------------------
x = 26.000000, y = 258.000000
avance = -265.000000, avanceR = 2.000000, avanceI = 2.000000
inc_x_r = 0.000000, inc_y_r = 1.000000, inc_x_i = 1.000000, inc_y_i = 1.000000
En el else......

----------------------------------------
x = 26.000000, y = 259.000000
avance = -263.000000, avanceR = 2.000000, avanceI = 2.000000
inc_x_r = 0.000000, inc_y_r = 1.000000, inc_x_i = 1.000000, inc_y_i = 1.000000
En el else......

----------------------------------------
x = 26.000000, y = 260.000000
avance = -261.000000, avanceR = 2.000000, avanceI = 2.000000
inc_x_r = 0.000000, inc_y_r = 1.000000, inc_x_i = 1.000000, inc_y_i = 1.000000
En el else......

----------------------------------------
x = 26.000000, y = 261.000000
avance = -259.000000, avanceR = 2.000000, avanceI = 2.000000
inc_x_r = 0.000000, inc_y_r = 1.000000, inc_x_i = 1.000000, inc_y_i = 1.000000
En el else......

----------------------------------------
x = 26.000000, y = 262.000000
avance = -257.000000, avanceR = 2.000000, avanceI = 2.000000
inc_x_r = 0.000000, inc_y_r = 1.000000, inc_x_i = 1.000000, inc_y_i = 1.000000
En el else......

----------------------------------------
x = 26.000000, y = 263.000000
avance = -255.000000, avanceR = 2.000000, avanceI = 2.000000
inc_x_r = 0.000000, inc_y_r = 1.000000, inc_x_i = 1.000000, inc_y_i = 1.000000
En el else......

----------------------------------------
x = 26.000000, y = 264.000000
avance = -253.000000, avanceR = 2.000000, avanceI = 2.000000
inc_x_r = 0.000000, inc_y_r = 1.000000, inc_x_i = 1.000000, inc_y_i = 1.000000
En el else......

----------------------------------------
x = 26.000000, y = 265.000000
avance = -251.000000, avanceR = 2.000000, avanceI = 2.000000
inc_x_r = 0.000000, inc_y_r = 1.000000, inc_x_i = 1.000000, inc_y_i = 1.000000
En el else......

----------------------------------------


ENTRAMOS A BRESENHAMªªªª
x1 = 25.000000 - y1 = 15.000000 || x2 = 26.000000 - y2 = 266.000000
dy = 251.000000, dx = 1.000000
avances inclinados: inc_x_i = 1.000000, inc_y_i = 1.000000
updated: dy = 251.000000, dx = 1.000000
avances rectos: inc_x_r = 0.000000, inc_y_r 1.000000
reupdated: dy = 1.000000, dx = 251.000000
avanceR = 2.000000, avance -249.000000, avanceI 2.000000
----------------------------------------
x = 25.000000, y = 15.000000
avance = -249.000000, avanceR = 2.000000, avanceI = 2.000000
inc_x_r = 0.000000, inc_y_r = 1.000000, inc_x_i = 1.000000, inc_y_i = 1.000000
En el else......

----------------------------------------
x = 25.000000, y = 16.000000
avance = -247.000000, avanceR = 2.000000, avanceI = 2.000000
inc_x_r = 0.000000, inc_y_r = 1.000000, inc_x_i = 1.000000, inc_y_i = 1.000000
En el else......

----------------------------------------
x = 25.000000, y = 17.000000
avance = -245.000000, avanceR = 2.000000, avanceI = 2.000000
inc_x_r = 0.000000, inc_y_r = 1.000000, inc_x_i = 1.000000, inc_y_i = 1.000000
En el else......

----------------------------------------
x = 25.000000, y = 18.000000
avance = -243.000000, avanceR = 2.000000, avanceI = 2.000000
inc_x_r = 0.000000, inc_y_r = 1.000000, inc_x_i = 1.000000, inc_y_i = 1.000000
En el else......

----------------------------------------
x = 25.000000, y = 19.000000
avance = -241.000000, avanceR = 2.000000, avanceI = 2.000000
inc_x_r = 0.000000, inc_y_r = 1.000000, inc_x_i = 1.000000, inc_y_i = 1.000000
En el else......

----------------------------------------
x = 25.000000, y = 20.000000
avance = -239.000000, avanceR = 2.000000, avanceI = 2.000000
inc_x_r = 0.000000, inc_y_r = 1.000000, inc_x_i = 1.000000, inc_y_i = 1.000000
En el else......

----------------------------------------
x = 25.000000, y = 21.000000
avance = -237.000000, avanceR = 2.000000, avanceI = 2.000000
inc_x_r = 0.000000, inc_y_r = 1.000000, inc_x_i = 1.000000, inc_y_i = 1.000000
En el else......

----------------------------------------
x = 25.000000, y = 22.000000
avance = -235.000000, avanceR = 2.000000, avanceI = 2.000000
inc_x_r = 0.000000, inc_y_r = 1.000000, inc_x_i = 1.000000, inc_y_i = 1.000000
En el else......

----------------------------------------
x = 25.000000, y = 23.000000
avance = -233.000000, avanceR = 2.000000, avanceI = 2.000000
inc_x_r = 0.000000, inc_y_r = 1.000000, inc_x_i = 1.000000, inc_y_i = 1.000000
En el else......

----------------------------------------
x = 25.000000, y = 24.000000
avance = -231.000000, avanceR = 2.000000, avanceI = 2.000000
inc_x_r = 0.000000, inc_y_r = 1.000000, inc_x_i = 1.000000, inc_y_i = 1.000000
En el else......

----------------------------------------
x = 25.000000, y = 25.000000
avance = -229.000000, avanceR = 2.000000, avanceI = 2.000000
inc_x_r = 0.000000, inc_y_r = 1.000000, inc_x_i = 1.000000, inc_y_i = 1.000000
En el else......

----------------------------------------
x = 25.000000, y = 26.000000
avance = -227.000000, avanceR = 2.000000, avanceI = 2.000000
inc_x_r = 0.000000, inc_y_r = 1.000000, inc_x_i = 1.000000, inc_y_i = 1.000000
En el else......

----------------------------------------
x = 25.000000, y = 27.000000
avance = -225.000000, avanceR = 2.000000, avanceI = 2.000000
inc_x_r = 0.000000, inc_y_r = 1.000000, inc_x_i = 1.000000, inc_y_i = 1.000000
En el else......

----------------------------------------
x = 25.000000, y = 28.000000
avance = -223.000000, avanceR = 2.000000, avanceI = 2.000000
inc_x_r = 0.000000, inc_y_r = 1.000000, inc_x_i = 1.000000, inc_y_i = 1.000000
En el else......

----------------------------------------
x = 25.000000, y = 29.000000
avance = -221.000000, avanceR = 2.000000, avanceI = 2.000000
inc_x_r = 0.000000, inc_y_r = 1.000000, inc_x_i = 1.000000, inc_y_i = 1.000000
En el else......

----------------------------------------
x = 25.000000, y = 30.000000
avance = -219.000000, avanceR = 2.000000, avanceI = 2.000000
inc_x_r = 0.000000, inc_y_r = 1.000000, inc_x_i = 1.000000, inc_y_i = 1.000000
En el else......

----------------------------------------
x = 25.000000, y = 31.000000
avance = -217.000000, avanceR = 2.000000, avanceI = 2.000000
inc_x_r = 0.000000, inc_y_r = 1.000000, inc_x_i = 1.000000, inc_y_i = 1.000000
En el else......

----------------------------------------
x = 25.000000, y = 32.000000
avance = -215.000000, avanceR = 2.000000, avanceI = 2.000000
inc_x_r = 0.000000, inc_y_r = 1.000000, inc_x_i = 1.000000, inc_y_i = 1.000000
En el else......

----------------------------------------
x = 25.000000, y = 33.000000
avance = -213.000000, avanceR = 2.000000, avanceI = 2.000000
inc_x_r = 0.000000, inc_y_r = 1.000000, inc_x_i = 1.000000, inc_y_i = 1.000000
En el else......

----------------------------------------
x = 25.000000, y = 34.000000
avance = -211.000000, avanceR = 2.000000, avanceI = 2.000000
inc_x_r = 0.000000, inc_y_r = 1.000000, inc_x_i = 1.000000, inc_y_i = 1.000000
En el else......

----------------------------------------
x = 25.000000, y = 35.000000
avance = -209.000000, avanceR = 2.000000, avanceI = 2.000000
inc_x_r = 0.000000, inc_y_r = 1.000000, inc_x_i = 1.000000, inc_y_i = 1.000000
En el else......

----------------------------------------
x = 25.000000, y = 36.000000
avance = -207.000000, avanceR = 2.000000, avanceI = 2.000000
inc_x_r = 0.000000, inc_y_r = 1.000000, inc_x_i = 1.000000, inc_y_i = 1.000000
En el else......

----------------------------------------
x = 25.000000, y = 37.000000
avance = -205.000000, avanceR = 2.000000, avanceI = 2.000000
inc_x_r = 0.000000, inc_y_r = 1.000000, inc_x_i = 1.000000, inc_y_i = 1.000000
En el else......

----------------------------------------
x = 25.000000, y = 38.000000
avance = -203.000000, avanceR = 2.000000, avanceI = 2.000000
inc_x_r = 0.000000, inc_y_r = 1.000000, inc_x_i = 1.000000, inc_y_i = 1.000000
En el else......

----------------------------------------
x = 25.000000, y = 39.000000
avance = -201.000000, avanceR = 2.000000, avanceI = 2.000000
inc_x_r = 0.000000, inc_y_r = 1.000000, inc_x_i = 1.000000, inc_y_i = 1.000000
En el else......

----------------------------------------
x = 25.000000, y = 40.000000
avance = -199.000000, avanceR = 2.000000, avanceI = 2.000000
inc_x_r = 0.000000, inc_y_r = 1.000000, inc_x_i = 1.000000, inc_y_i = 1.000000
En el else......

----------------------------------------
x = 25.000000, y = 41.000000
avance = -197.000000, avanceR = 2.000000, avanceI = 2.000000
inc_x_r = 0.000000, inc_y_r = 1.000000, inc_x_i = 1.000000, inc_y_i = 1.000000
En el else......

----------------------------------------
x = 25.000000, y = 42.000000
avance = -195.000000, avanceR = 2.000000, avanceI = 2.000000
inc_x_r = 0.000000, inc_y_r = 1.000000, inc_x_i = 1.000000, inc_y_i = 1.000000
En el else......

----------------------------------------
x = 25.000000, y = 43.000000
avance = -193.000000, avanceR = 2.000000, avanceI = 2.000000
inc_x_r = 0.000000, inc_y_r = 1.000000, inc_x_i = 1.000000, inc_y_i = 1.000000
En el else......

----------------------------------------
x = 25.000000, y = 44.000000
avance = -191.000000, avanceR = 2.000000, avanceI = 2.000000
inc_x_r = 0.000000, inc_y_r = 1.000000, inc_x_i = 1.000000, inc_y_i = 1.000000
En el else......

----------------------------------------
x = 25.000000, y = 45.000000
avance = -189.000000, avanceR = 2.000000, avanceI = 2.000000
inc_x_r = 0.000000, inc_y_r = 1.000000, inc_x_i = 1.000000, inc_y_i = 1.000000
En el else......

----------------------------------------
x = 25.000000, y = 46.000000
avance = -187.000000, avanceR = 2.000000, avanceI = 2.000000
inc_x_r = 0.000000, inc_y_r = 1.000000, inc_x_i = 1.000000, inc_y_i = 1.000000
En el else......

----------------------------------------
x = 25.000000, y = 47.000000
avance = -185.000000, avanceR = 2.000000, avanceI = 2.000000
inc_x_r = 0.000000, inc_y_r = 1.000000, inc_x_i = 1.000000, inc_y_i = 1.000000
En el else......

----------------------------------------
x = 25.000000, y = 48.000000
avance = -183.000000, avanceR = 2.000000, avanceI = 2.000000
inc_x_r = 0.000000, inc_y_r = 1.000000, inc_x_i = 1.000000, inc_y_i = 1.000000
En el else......

----------------------------------------
x = 25.000000, y = 49.000000
avance = -181.000000, avanceR = 2.000000, avanceI = 2.000000
inc_x_r = 0.000000, inc_y_r = 1.000000, inc_x_i = 1.000000, inc_y_i = 1.000000
En el else......

----------------------------------------
x = 25.000000, y = 50.000000
avance = -179.000000, avanceR = 2.000000, avanceI = 2.000000
inc_x_r = 0.000000, inc_y_r = 1.000000, inc_x_i = 1.000000, inc_y_i = 1.000000
En el else......

----------------------------------------
x = 25.000000, y = 51.000000
avance = -177.000000, avanceR = 2.000000, avanceI = 2.000000
inc_x_r = 0.000000, inc_y_r = 1.000000, inc_x_i = 1.000000, inc_y_i = 1.000000
En el else......

----------------------------------------
x = 25.000000, y = 52.000000
avance = -175.000000, avanceR = 2.000000, avanceI = 2.000000
inc_x_r = 0.000000, inc_y_r = 1.000000, inc_x_i = 1.000000, inc_y_i = 1.000000
En el else......

----------------------------------------
x = 25.000000, y = 53.000000
avance = -173.000000, avanceR = 2.000000, avanceI = 2.000000
inc_x_r = 0.000000, inc_y_r = 1.000000, inc_x_i = 1.000000, inc_y_i = 1.000000
En el else......

----------------------------------------
x = 25.000000, y = 54.000000
avance = -171.000000, avanceR = 2.000000, avanceI = 2.000000
inc_x_r = 0.000000, inc_y_r = 1.000000, inc_x_i = 1.000000, inc_y_i = 1.000000
En el else......

----------------------------------------
x = 25.000000, y = 55.000000
avance = -169.000000, avanceR = 2.000000, avanceI = 2.000000
inc_x_r = 0.000000, inc_y_r = 1.000000, inc_x_i = 1.000000, inc_y_i = 1.000000
En el else......

----------------------------------------
x = 25.000000, y = 56.000000
avance = -167.000000, avanceR = 2.000000, avanceI = 2.000000
inc_x_r = 0.000000, inc_y_r = 1.000000, inc_x_i = 1.000000, inc_y_i = 1.000000
En el else......

----------------------------------------
x = 25.000000, y = 57.000000
avance = -165.000000, avanceR = 2.000000, avanceI = 2.000000
inc_x_r = 0.000000, inc_y_r = 1.000000, inc_x_i = 1.000000, inc_y_i = 1.000000
En el else......

----------------------------------------
x = 25.000000, y = 58.000000
avance = -163.000000, avanceR = 2.000000, avanceI = 2.000000
inc_x_r = 0.000000, inc_y_r = 1.000000, inc_x_i = 1.000000, inc_y_i = 1.000000
En el else......

----------------------------------------
x = 25.000000, y = 59.000000
avance = -161.000000, avanceR = 2.000000, avanceI = 2.000000
inc_x_r = 0.000000, inc_y_r = 1.000000, inc_x_i = 1.000000, inc_y_i = 1.000000
En el else......

----------------------------------------
x = 25.000000, y = 60.000000
avance = -159.000000, avanceR = 2.000000, avanceI = 2.000000
inc_x_r = 0.000000, inc_y_r = 1.000000, inc_x_i = 1.000000, inc_y_i = 1.000000
En el else......

----------------------------------------
x = 25.000000, y = 61.000000
avance = -157.000000, avanceR = 2.000000, avanceI = 2.000000
inc_x_r = 0.000000, inc_y_r = 1.000000, inc_x_i = 1.000000, inc_y_i = 1.000000
En el else......

----------------------------------------
x = 25.000000, y = 62.000000
avance = -155.000000, avanceR = 2.000000, avanceI = 2.000000
inc_x_r = 0.000000, inc_y_r = 1.000000, inc_x_i = 1.000000, inc_y_i = 1.000000
En el else......

----------------------------------------
x = 25.000000, y = 63.000000
avance = -153.000000, avanceR = 2.000000, avanceI = 2.000000
inc_x_r = 0.000000, inc_y_r = 1.000000, inc_x_i = 1.000000, inc_y_i = 1.000000
En el else......

----------------------------------------
x = 25.000000, y = 64.000000
avance = -151.000000, avanceR = 2.000000, avanceI = 2.000000
inc_x_r = 0.000000, inc_y_r = 1.000000, inc_x_i = 1.000000, inc_y_i = 1.000000
En el else......

----------------------------------------
x = 25.000000, y = 65.000000
avance = -149.000000, avanceR = 2.000000, avanceI = 2.000000
inc_x_r = 0.000000, inc_y_r = 1.000000, inc_x_i = 1.000000, inc_y_i = 1.000000
En el else......

----------------------------------------
x = 25.000000, y = 66.000000
avance = -147.000000, avanceR = 2.000000, avanceI = 2.000000
inc_x_r = 0.000000, inc_y_r = 1.000000, inc_x_i = 1.000000, inc_y_i = 1.000000
En el else......

----------------------------------------
x = 25.000000, y = 67.000000
avance = -145.000000, avanceR = 2.000000, avanceI = 2.000000
inc_x_r = 0.000000, inc_y_r = 1.000000, inc_x_i = 1.000000, inc_y_i = 1.000000
En el else......

----------------------------------------
x = 25.000000, y = 68.000000
avance = -143.000000, avanceR = 2.000000, avanceI = 2.000000
inc_x_r = 0.000000, inc_y_r = 1.000000, inc_x_i = 1.000000, inc_y_i = 1.000000
En el else......

----------------------------------------
x = 25.000000, y = 69.000000
avance = -141.000000, avanceR = 2.000000, avanceI = 2.000000
inc_x_r = 0.000000, inc_y_r = 1.000000, inc_x_i = 1.000000, inc_y_i = 1.000000
En el else......

----------------------------------------
x = 25.000000, y = 70.000000
avance = -139.000000, avanceR = 2.000000, avanceI = 2.000000
inc_x_r = 0.000000, inc_y_r = 1.000000, inc_x_i = 1.000000, inc_y_i = 1.000000
En el else......

----------------------------------------
x = 25.000000, y = 71.000000
avance = -137.000000, avanceR = 2.000000, avanceI = 2.000000
inc_x_r = 0.000000, inc_y_r = 1.000000, inc_x_i = 1.000000, inc_y_i = 1.000000
En el else......

----------------------------------------
x = 25.000000, y = 72.000000
avance = -135.000000, avanceR = 2.000000, avanceI = 2.000000
inc_x_r = 0.000000, inc_y_r = 1.000000, inc_x_i = 1.000000, inc_y_i = 1.000000
En el else......

----------------------------------------
x = 25.000000, y = 73.000000
avance = -133.000000, avanceR = 2.000000, avanceI = 2.000000
inc_x_r = 0.000000, inc_y_r = 1.000000, inc_x_i = 1.000000, inc_y_i = 1.000000
En el else......

----------------------------------------
x = 25.000000, y = 74.000000
avance = -131.000000, avanceR = 2.000000, avanceI = 2.000000
inc_x_r = 0.000000, inc_y_r = 1.000000, inc_x_i = 1.000000, inc_y_i = 1.000000
En el else......

----------------------------------------
x = 25.000000, y = 75.000000
avance = -129.000000, avanceR = 2.000000, avanceI = 2.000000
inc_x_r = 0.000000, inc_y_r = 1.000000, inc_x_i = 1.000000, inc_y_i = 1.000000
En el else......

----------------------------------------
x = 25.000000, y = 76.000000
avance = -127.000000, avanceR = 2.000000, avanceI = 2.000000
inc_x_r = 0.000000, inc_y_r = 1.000000, inc_x_i = 1.000000, inc_y_i = 1.000000
En el else......

----------------------------------------
x = 25.000000, y = 77.000000
avance = -125.000000, avanceR = 2.000000, avanceI = 2.000000
inc_x_r = 0.000000, inc_y_r = 1.000000, inc_x_i = 1.000000, inc_y_i = 1.000000
En el else......

----------------------------------------
x = 25.000000, y = 78.000000
avance = -123.000000, avanceR = 2.000000, avanceI = 2.000000
inc_x_r = 0.000000, inc_y_r = 1.000000, inc_x_i = 1.000000, inc_y_i = 1.000000
En el else......

----------------------------------------
x = 25.000000, y = 79.000000
avance = -121.000000, avanceR = 2.000000, avanceI = 2.000000
inc_x_r = 0.000000, inc_y_r = 1.000000, inc_x_i = 1.000000, inc_y_i = 1.000000
En el else......

----------------------------------------
x = 25.000000, y = 80.000000
avance = -119.000000, avanceR = 2.000000, avanceI = 2.000000
inc_x_r = 0.000000, inc_y_r = 1.000000, inc_x_i = 1.000000, inc_y_i = 1.000000
En el else......

----------------------------------------
x = 25.000000, y = 81.000000
avance = -117.000000, avanceR = 2.000000, avanceI = 2.000000
inc_x_r = 0.000000, inc_y_r = 1.000000, inc_x_i = 1.000000, inc_y_i = 1.000000
En el else......

----------------------------------------
x = 25.000000, y = 82.000000
avance = -115.000000, avanceR = 2.000000, avanceI = 2.000000
inc_x_r = 0.000000, inc_y_r = 1.000000, inc_x_i = 1.000000, inc_y_i = 1.000000
En el else......

----------------------------------------
x = 25.000000, y = 83.000000
avance = -113.000000, avanceR = 2.000000, avanceI = 2.000000
inc_x_r = 0.000000, inc_y_r = 1.000000, inc_x_i = 1.000000, inc_y_i = 1.000000
En el else......

----------------------------------------
x = 25.000000, y = 84.000000
avance = -111.000000, avanceR = 2.000000, avanceI = 2.000000
inc_x_r = 0.000000, inc_y_r = 1.000000, inc_x_i = 1.000000, inc_y_i = 1.000000
En el else......

----------------------------------------
x = 25.000000, y = 85.000000
avance = -109.000000, avanceR = 2.000000, avanceI = 2.000000
inc_x_r = 0.000000, inc_y_r = 1.000000, inc_x_i = 1.000000, inc_y_i = 1.000000
En el else......

----------------------------------------
x = 25.000000, y = 86.000000
avance = -107.000000, avanceR = 2.000000, avanceI = 2.000000
inc_x_r = 0.000000, inc_y_r = 1.000000, inc_x_i = 1.000000, inc_y_i = 1.000000
En el else......

----------------------------------------
x = 25.000000, y = 87.000000
avance = -105.000000, avanceR = 2.000000, avanceI = 2.000000
inc_x_r = 0.000000, inc_y_r = 1.000000, inc_x_i = 1.000000, inc_y_i = 1.000000
En el else......

----------------------------------------
x = 25.000000, y = 88.000000
avance = -103.000000, avanceR = 2.000000, avanceI = 2.000000
inc_x_r = 0.000000, inc_y_r = 1.000000, inc_x_i = 1.000000, inc_y_i = 1.000000
En el else......

----------------------------------------
x = 25.000000, y = 89.000000
avance = -101.000000, avanceR = 2.000000, avanceI = 2.000000
inc_x_r = 0.000000, inc_y_r = 1.000000, inc_x_i = 1.000000, inc_y_i = 1.000000
En el else......

----------------------------------------
x = 25.000000, y = 90.000000
avance = -99.000000, avanceR = 2.000000, avanceI = 2.000000
inc_x_r = 0.000000, inc_y_r = 1.000000, inc_x_i = 1.000000, inc_y_i = 1.000000
En el else......

----------------------------------------
x = 25.000000, y = 91.000000
avance = -97.000000, avanceR = 2.000000, avanceI = 2.000000
inc_x_r = 0.000000, inc_y_r = 1.000000, inc_x_i = 1.000000, inc_y_i = 1.000000
En el else......

----------------------------------------
x = 25.000000, y = 92.000000
avance = -95.000000, avanceR = 2.000000, avanceI = 2.000000
inc_x_r = 0.000000, inc_y_r = 1.000000, inc_x_i = 1.000000, inc_y_i = 1.000000
En el else......

----------------------------------------
x = 25.000000, y = 93.000000
avance = -93.000000, avanceR = 2.000000, avanceI = 2.000000
inc_x_r = 0.000000, inc_y_r = 1.000000, inc_x_i = 1.000000, inc_y_i = 1.000000
En el else......

----------------------------------------
x = 25.000000, y = 94.000000
avance = -91.000000, avanceR = 2.000000, avanceI = 2.000000
inc_x_r = 0.000000, inc_y_r = 1.000000, inc_x_i = 1.000000, inc_y_i = 1.000000
En el else......

----------------------------------------
x = 25.000000, y = 95.000000
avance = -89.000000, avanceR = 2.000000, avanceI = 2.000000
inc_x_r = 0.000000, inc_y_r = 1.000000, inc_x_i = 1.000000, inc_y_i = 1.000000
En el else......

----------------------------------------
x = 25.000000, y = 96.000000
avance = -87.000000, avanceR = 2.000000, avanceI = 2.000000
inc_x_r = 0.000000, inc_y_r = 1.000000, inc_x_i = 1.000000, inc_y_i = 1.000000
En el else......

----------------------------------------
x = 25.000000, y = 97.000000
avance = -85.000000, avanceR = 2.000000, avanceI = 2.000000
inc_x_r = 0.000000, inc_y_r = 1.000000, inc_x_i = 1.000000, inc_y_i = 1.000000
En el else......

----------------------------------------
x = 25.000000, y = 98.000000
avance = -83.000000, avanceR = 2.000000, avanceI = 2.000000
inc_x_r = 0.000000, inc_y_r = 1.000000, inc_x_i = 1.000000, inc_y_i = 1.000000
En el else......

----------------------------------------
x = 25.000000, y = 99.000000
avance = -81.000000, avanceR = 2.000000, avanceI = 2.000000
inc_x_r = 0.000000, inc_y_r = 1.000000, inc_x_i = 1.000000, inc_y_i = 1.000000
En el else......

----------------------------------------
x = 25.000000, y = 100.000000
avance = -79.000000, avanceR = 2.000000, avanceI = 2.000000
inc_x_r = 0.000000, inc_y_r = 1.000000, inc_x_i = 1.000000, inc_y_i = 1.000000
En el else......

----------------------------------------
x = 25.000000, y = 101.000000
avance = -77.000000, avanceR = 2.000000, avanceI = 2.000000
inc_x_r = 0.000000, inc_y_r = 1.000000, inc_x_i = 1.000000, inc_y_i = 1.000000
En el else......

----------------------------------------
x = 25.000000, y = 102.000000
avance = -75.000000, avanceR = 2.000000, avanceI = 2.000000
inc_x_r = 0.000000, inc_y_r = 1.000000, inc_x_i = 1.000000, inc_y_i = 1.000000
En el else......

----------------------------------------
x = 25.000000, y = 103.000000
avance = -73.000000, avanceR = 2.000000, avanceI = 2.000000
inc_x_r = 0.000000, inc_y_r = 1.000000, inc_x_i = 1.000000, inc_y_i = 1.000000
En el else......

----------------------------------------
x = 25.000000, y = 104.000000
avance = -71.000000, avanceR = 2.000000, avanceI = 2.000000
inc_x_r = 0.000000, inc_y_r = 1.000000, inc_x_i = 1.000000, inc_y_i = 1.000000
En el else......

----------------------------------------
x = 25.000000, y = 105.000000
avance = -69.000000, avanceR = 2.000000, avanceI = 2.000000
inc_x_r = 0.000000, inc_y_r = 1.000000, inc_x_i = 1.000000, inc_y_i = 1.000000
En el else......

----------------------------------------
x = 25.000000, y = 106.000000
avance = -67.000000, avanceR = 2.000000, avanceI = 2.000000
inc_x_r = 0.000000, inc_y_r = 1.000000, inc_x_i = 1.000000, inc_y_i = 1.000000
En el else......

----------------------------------------
x = 25.000000, y = 107.000000
avance = -65.000000, avanceR = 2.000000, avanceI = 2.000000
inc_x_r = 0.000000, inc_y_r = 1.000000, inc_x_i = 1.000000, inc_y_i = 1.000000
En el else......

----------------------------------------
x = 25.000000, y = 108.000000
avance = -63.000000, avanceR = 2.000000, avanceI = 2.000000
inc_x_r = 0.000000, inc_y_r = 1.000000, inc_x_i = 1.000000, inc_y_i = 1.000000
En el else......

----------------------------------------
x = 25.000000, y = 109.000000
avance = -61.000000, avanceR = 2.000000, avanceI = 2.000000
inc_x_r = 0.000000, inc_y_r = 1.000000, inc_x_i = 1.000000, inc_y_i = 1.000000
En el else......

----------------------------------------
x = 25.000000, y = 110.000000
avance = -59.000000, avanceR = 2.000000, avanceI = 2.000000
inc_x_r = 0.000000, inc_y_r = 1.000000, inc_x_i = 1.000000, inc_y_i = 1.000000
En el else......

----------------------------------------
x = 25.000000, y = 111.000000
avance = -57.000000, avanceR = 2.000000, avanceI = 2.000000
inc_x_r = 0.000000, inc_y_r = 1.000000, inc_x_i = 1.000000, inc_y_i = 1.000000
En el else......

----------------------------------------
x = 25.000000, y = 112.000000
avance = -55.000000, avanceR = 2.000000, avanceI = 2.000000
inc_x_r = 0.000000, inc_y_r = 1.000000, inc_x_i = 1.000000, inc_y_i = 1.000000
En el else......

----------------------------------------
x = 25.000000, y = 113.000000
avance = -53.000000, avanceR = 2.000000, avanceI = 2.000000
inc_x_r = 0.000000, inc_y_r = 1.000000, inc_x_i = 1.000000, inc_y_i = 1.000000
En el else......

----------------------------------------
x = 25.000000, y = 114.000000
avance = -51.000000, avanceR = 2.000000, avanceI = 2.000000
inc_x_r = 0.000000, inc_y_r = 1.000000, inc_x_i = 1.000000, inc_y_i = 1.000000
En el else......

----------------------------------------
x = 25.000000, y = 115.000000
avance = -49.000000, avanceR = 2.000000, avanceI = 2.000000
inc_x_r = 0.000000, inc_y_r = 1.000000, inc_x_i = 1.000000, inc_y_i = 1.000000
En el else......

----------------------------------------
x = 25.000000, y = 116.000000
avance = -47.000000, avanceR = 2.000000, avanceI = 2.000000
inc_x_r = 0.000000, inc_y_r = 1.000000, inc_x_i = 1.000000, inc_y_i = 1.000000
En el else......

----------------------------------------
x = 25.000000, y = 117.000000
avance = -45.000000, avanceR = 2.000000, avanceI = 2.000000
inc_x_r = 0.000000, inc_y_r = 1.000000, inc_x_i = 1.000000, inc_y_i = 1.000000
En el else......

----------------------------------------
x = 25.000000, y = 118.000000
avance = -43.000000, avanceR = 2.000000, avanceI = 2.000000
inc_x_r = 0.000000, inc_y_r = 1.000000, inc_x_i = 1.000000, inc_y_i = 1.000000
En el else......

----------------------------------------
x = 25.000000, y = 119.000000
avance = -41.000000, avanceR = 2.000000, avanceI = 2.000000
inc_x_r = 0.000000, inc_y_r = 1.000000, inc_x_i = 1.000000, inc_y_i = 1.000000
En el else......

----------------------------------------
x = 25.000000, y = 120.000000
avance = -39.000000, avanceR = 2.000000, avanceI = 2.000000
inc_x_r = 0.000000, inc_y_r = 1.000000, inc_x_i = 1.000000, inc_y_i = 1.000000
En el else......

----------------------------------------
x = 25.000000, y = 121.000000
avance = -37.000000, avanceR = 2.000000, avanceI = 2.000000
inc_x_r = 0.000000, inc_y_r = 1.000000, inc_x_i = 1.000000, inc_y_i = 1.000000
En el else......

----------------------------------------
x = 25.000000, y = 122.000000
avance = -35.000000, avanceR = 2.000000, avanceI = 2.000000
inc_x_r = 0.000000, inc_y_r = 1.000000, inc_x_i = 1.000000, inc_y_i = 1.000000
En el else......

----------------------------------------
x = 25.000000, y = 123.000000
avance = -33.000000, avanceR = 2.000000, avanceI = 2.000000
inc_x_r = 0.000000, inc_y_r = 1.000000, inc_x_i = 1.000000, inc_y_i = 1.000000
En el else......

----------------------------------------
x = 25.000000, y = 124.000000
avance = -31.000000, avanceR = 2.000000, avanceI = 2.000000
inc_x_r = 0.000000, inc_y_r = 1.000000, inc_x_i = 1.000000, inc_y_i = 1.000000
En el else......

----------------------------------------
x = 25.000000, y = 125.000000
avance = -29.000000, avanceR = 2.000000, avanceI = 2.000000
inc_x_r = 0.000000, inc_y_r = 1.000000, inc_x_i = 1.000000, inc_y_i = 1.000000
En el else......

----------------------------------------
x = 25.000000, y = 126.000000
avance = -27.000000, avanceR = 2.000000, avanceI = 2.000000
inc_x_r = 0.000000, inc_y_r = 1.000000, inc_x_i = 1.000000, inc_y_i = 1.000000
En el else......

----------------------------------------
x = 25.000000, y = 127.000000
avance = -25.000000, avanceR = 2.000000, avanceI = 2.000000
inc_x_r = 0.000000, inc_y_r = 1.000000, inc_x_i = 1.000000, inc_y_i = 1.000000
En el else......

----------------------------------------
x = 25.000000, y = 128.000000
avance = -23.000000, avanceR = 2.000000, avanceI = 2.000000
inc_x_r = 0.000000, inc_y_r = 1.000000, inc_x_i = 1.000000, inc_y_i = 1.000000
En el else......

----------------------------------------
x = 25.000000, y = 129.000000
avance = -21.000000, avanceR = 2.000000, avanceI = 2.000000
inc_x_r = 0.000000, inc_y_r = 1.000000, inc_x_i = 1.000000, inc_y_i = 1.000000
En el else......

----------------------------------------
x = 25.000000, y = 130.000000
avance = -19.000000, avanceR = 2.000000, avanceI = 2.000000
inc_x_r = 0.000000, inc_y_r = 1.000000, inc_x_i = 1.000000, inc_y_i = 1.000000
En el else......

----------------------------------------
x = 25.000000, y = 131.000000
avance = -17.000000, avanceR = 2.000000, avanceI = 2.000000
inc_x_r = 0.000000, inc_y_r = 1.000000, inc_x_i = 1.000000, inc_y_i = 1.000000
En el else......

----------------------------------------
x = 25.000000, y = 132.000000
avance = -15.000000, avanceR = 2.000000, avanceI = 2.000000
inc_x_r = 0.000000, inc_y_r = 1.000000, inc_x_i = 1.000000, inc_y_i = 1.000000
En el else......

----------------------------------------
x = 25.000000, y = 133.000000
avance = -13.000000, avanceR = 2.000000, avanceI = 2.000000
inc_x_r = 0.000000, inc_y_r = 1.000000, inc_x_i = 1.000000, inc_y_i = 1.000000
En el else......

----------------------------------------
x = 25.000000, y = 134.000000
avance = -11.000000, avanceR = 2.000000, avanceI = 2.000000
inc_x_r = 0.000000, inc_y_r = 1.000000, inc_x_i = 1.000000, inc_y_i = 1.000000
En el else......

----------------------------------------
x = 25.000000, y = 135.000000
avance = -9.000000, avanceR = 2.000000, avanceI = 2.000000
inc_x_r = 0.000000, inc_y_r = 1.000000, inc_x_i = 1.000000, inc_y_i = 1.000000
En el else......

----------------------------------------
x = 25.000000, y = 136.000000
avance = -7.000000, avanceR = 2.000000, avanceI = 2.000000
inc_x_r = 0.000000, inc_y_r = 1.000000, inc_x_i = 1.000000, inc_y_i = 1.000000
En el else......

----------------------------------------
x = 25.000000, y = 137.000000
avance = -5.000000, avanceR = 2.000000, avanceI = 2.000000
inc_x_r = 0.000000, inc_y_r = 1.000000, inc_x_i = 1.000000, inc_y_i = 1.000000
En el else......

----------------------------------------
x = 25.000000, y = 138.000000
avance = -3.000000, avanceR = 2.000000, avanceI = 2.000000
inc_x_r = 0.000000, inc_y_r = 1.000000, inc_x_i = 1.000000, inc_y_i = 1.000000
En el else......

----------------------------------------
x = 25.000000, y = 139.000000
avance = -1.000000, avanceR = 2.000000, avanceI = 2.000000
inc_x_r = 0.000000, inc_y_r = 1.000000, inc_x_i = 1.000000, inc_y_i = 1.000000
En el else......

----------------------------------------
x = 25.000000, y = 140.000000
avance = 1.000000, avanceR = 2.000000, avanceI = 2.000000
inc_x_r = 0.000000, inc_y_r = 1.000000, inc_x_i = 1.000000, inc_y_i = 1.000000
avance >= 0

----------------------------------------
x = 26.000000, y = 141.000000
avance = -499.000000, avanceR = 2.000000, avanceI = 2.000000
inc_x_r = 0.000000, inc_y_r = 1.000000, inc_x_i = 1.000000, inc_y_i = 1.000000
En el else......

----------------------------------------
x = 26.000000, y = 142.000000
avance = -497.000000, avanceR = 2.000000, avanceI = 2.000000
inc_x_r = 0.000000, inc_y_r = 1.000000, inc_x_i = 1.000000, inc_y_i = 1.000000
En el else......

----------------------------------------
x = 26.000000, y = 143.000000
avance = -495.000000, avanceR = 2.000000, avanceI = 2.000000
inc_x_r = 0.000000, inc_y_r = 1.000000, inc_x_i = 1.000000, inc_y_i = 1.000000
En el else......

----------------------------------------
x = 26.000000, y = 144.000000
avance = -493.000000, avanceR = 2.000000, avanceI = 2.000000
inc_x_r = 0.000000, inc_y_r = 1.000000, inc_x_i = 1.000000, inc_y_i = 1.000000
En el else......

----------------------------------------
x = 26.000000, y = 145.000000
avance = -491.000000, avanceR = 2.000000, avanceI = 2.000000
inc_x_r = 0.000000, inc_y_r = 1.000000, inc_x_i = 1.000000, inc_y_i = 1.000000
En el else......

----------------------------------------
x = 26.000000, y = 146.000000
avance = -489.000000, avanceR = 2.000000, avanceI = 2.000000
inc_x_r = 0.000000, inc_y_r = 1.000000, inc_x_i = 1.000000, inc_y_i = 1.000000
En el else......

----------------------------------------
x = 26.000000, y = 147.000000
avance = -487.000000, avanceR = 2.000000, avanceI = 2.000000
inc_x_r = 0.000000, inc_y_r = 1.000000, inc_x_i = 1.000000, inc_y_i = 1.000000
En el else......

----------------------------------------
x = 26.000000, y = 148.000000
avance = -485.000000, avanceR = 2.000000, avanceI = 2.000000
inc_x_r = 0.000000, inc_y_r = 1.000000, inc_x_i = 1.000000, inc_y_i = 1.000000
En el else......

----------------------------------------
x = 26.000000, y = 149.000000
avance = -483.000000, avanceR = 2.000000, avanceI = 2.000000
inc_x_r = 0.000000, inc_y_r = 1.000000, inc_x_i = 1.000000, inc_y_i = 1.000000
En el else......

----------------------------------------
x = 26.000000, y = 150.000000
avance = -481.000000, avanceR = 2.000000, avanceI = 2.000000
inc_x_r = 0.000000, inc_y_r = 1.000000, inc_x_i = 1.000000, inc_y_i = 1.000000
En el else......

----------------------------------------
x = 26.000000, y = 151.000000
avance = -479.000000, avanceR = 2.000000, avanceI = 2.000000
inc_x_r = 0.000000, inc_y_r = 1.000000, inc_x_i = 1.000000, inc_y_i = 1.000000
En el else......

----------------------------------------
x = 26.000000, y = 152.000000
avance = -477.000000, avanceR = 2.000000, avanceI = 2.000000
inc_x_r = 0.000000, inc_y_r = 1.000000, inc_x_i = 1.000000, inc_y_i = 1.000000
En el else......

----------------------------------------
x = 26.000000, y = 153.000000
avance = -475.000000, avanceR = 2.000000, avanceI = 2.000000
inc_x_r = 0.000000, inc_y_r = 1.000000, inc_x_i = 1.000000, inc_y_i = 1.000000
En el else......

----------------------------------------
x = 26.000000, y = 154.000000
avance = -473.000000, avanceR = 2.000000, avanceI = 2.000000
inc_x_r = 0.000000, inc_y_r = 1.000000, inc_x_i = 1.000000, inc_y_i = 1.000000
En el else......

----------------------------------------
x = 26.000000, y = 155.000000
avance = -471.000000, avanceR = 2.000000, avanceI = 2.000000
inc_x_r = 0.000000, inc_y_r = 1.000000, inc_x_i = 1.000000, inc_y_i = 1.000000
En el else......

----------------------------------------
x = 26.000000, y = 156.000000
avance = -469.000000, avanceR = 2.000000, avanceI = 2.000000
inc_x_r = 0.000000, inc_y_r = 1.000000, inc_x_i = 1.000000, inc_y_i = 1.000000
En el else......

----------------------------------------
x = 26.000000, y = 157.000000
avance = -467.000000, avanceR = 2.000000, avanceI = 2.000000
inc_x_r = 0.000000, inc_y_r = 1.000000, inc_x_i = 1.000000, inc_y_i = 1.000000
En el else......

----------------------------------------
x = 26.000000, y = 158.000000
avance = -465.000000, avanceR = 2.000000, avanceI = 2.000000
inc_x_r = 0.000000, inc_y_r = 1.000000, inc_x_i = 1.000000, inc_y_i = 1.000000
En el else......

----------------------------------------
x = 26.000000, y = 159.000000
avance = -463.000000, avanceR = 2.000000, avanceI = 2.000000
inc_x_r = 0.000000, inc_y_r = 1.000000, inc_x_i = 1.000000, inc_y_i = 1.000000
En el else......

----------------------------------------
x = 26.000000, y = 160.000000
avance = -461.000000, avanceR = 2.000000, avanceI = 2.000000
inc_x_r = 0.000000, inc_y_r = 1.000000, inc_x_i = 1.000000, inc_y_i = 1.000000
En el else......

----------------------------------------
x = 26.000000, y = 161.000000
avance = -459.000000, avanceR = 2.000000, avanceI = 2.000000
inc_x_r = 0.000000, inc_y_r = 1.000000, inc_x_i = 1.000000, inc_y_i = 1.000000
En el else......

----------------------------------------
x = 26.000000, y = 162.000000
avance = -457.000000, avanceR = 2.000000, avanceI = 2.000000
inc_x_r = 0.000000, inc_y_r = 1.000000, inc_x_i = 1.000000, inc_y_i = 1.000000
En el else......

----------------------------------------
x = 26.000000, y = 163.000000
avance = -455.000000, avanceR = 2.000000, avanceI = 2.000000
inc_x_r = 0.000000, inc_y_r = 1.000000, inc_x_i = 1.000000, inc_y_i = 1.000000
En el else......

----------------------------------------
x = 26.000000, y = 164.000000
avance = -453.000000, avanceR = 2.000000, avanceI = 2.000000
inc_x_r = 0.000000, inc_y_r = 1.000000, inc_x_i = 1.000000, inc_y_i = 1.000000
En el else......

----------------------------------------
x = 26.000000, y = 165.000000
avance = -451.000000, avanceR = 2.000000, avanceI = 2.000000
inc_x_r = 0.000000, inc_y_r = 1.000000, inc_x_i = 1.000000, inc_y_i = 1.000000
En el else......

----------------------------------------
x = 26.000000, y = 166.000000
avance = -449.000000, avanceR = 2.000000, avanceI = 2.000000
inc_x_r = 0.000000, inc_y_r = 1.000000, inc_x_i = 1.000000, inc_y_i = 1.000000
En el else......

----------------------------------------
x = 26.000000, y = 167.000000
avance = -447.000000, avanceR = 2.000000, avanceI = 2.000000
inc_x_r = 0.000000, inc_y_r = 1.000000, inc_x_i = 1.000000, inc_y_i = 1.000000
En el else......

----------------------------------------
x = 26.000000, y = 168.000000
avance = -445.000000, avanceR = 2.000000, avanceI = 2.000000
inc_x_r = 0.000000, inc_y_r = 1.000000, inc_x_i = 1.000000, inc_y_i = 1.000000
En el else......

----------------------------------------
x = 26.000000, y = 169.000000
avance = -443.000000, avanceR = 2.000000, avanceI = 2.000000
inc_x_r = 0.000000, inc_y_r = 1.000000, inc_x_i = 1.000000, inc_y_i = 1.000000
En el else......

----------------------------------------
x = 26.000000, y = 170.000000
avance = -441.000000, avanceR = 2.000000, avanceI = 2.000000
inc_x_r = 0.000000, inc_y_r = 1.000000, inc_x_i = 1.000000, inc_y_i = 1.000000
En el else......

----------------------------------------
x = 26.000000, y = 171.000000
avance = -439.000000, avanceR = 2.000000, avanceI = 2.000000
inc_x_r = 0.000000, inc_y_r = 1.000000, inc_x_i = 1.000000, inc_y_i = 1.000000
En el else......

----------------------------------------
x = 26.000000, y = 172.000000
avance = -437.000000, avanceR = 2.000000, avanceI = 2.000000
inc_x_r = 0.000000, inc_y_r = 1.000000, inc_x_i = 1.000000, inc_y_i = 1.000000
En el else......

----------------------------------------
x = 26.000000, y = 173.000000
avance = -435.000000, avanceR = 2.000000, avanceI = 2.000000
inc_x_r = 0.000000, inc_y_r = 1.000000, inc_x_i = 1.000000, inc_y_i = 1.000000
En el else......

----------------------------------------
x = 26.000000, y = 174.000000
avance = -433.000000, avanceR = 2.000000, avanceI = 2.000000
inc_x_r = 0.000000, inc_y_r = 1.000000, inc_x_i = 1.000000, inc_y_i = 1.000000
En el else......

----------------------------------------
x = 26.000000, y = 175.000000
avance = -431.000000, avanceR = 2.000000, avanceI = 2.000000
inc_x_r = 0.000000, inc_y_r = 1.000000, inc_x_i = 1.000000, inc_y_i = 1.000000
En el else......

----------------------------------------
x = 26.000000, y = 176.000000
avance = -429.000000, avanceR = 2.000000, avanceI = 2.000000
inc_x_r = 0.000000, inc_y_r = 1.000000, inc_x_i = 1.000000, inc_y_i = 1.000000
En el else......

----------------------------------------
x = 26.000000, y = 177.000000
avance = -427.000000, avanceR = 2.000000, avanceI = 2.000000
inc_x_r = 0.000000, inc_y_r = 1.000000, inc_x_i = 1.000000, inc_y_i = 1.000000
En el else......

----------------------------------------
x = 26.000000, y = 178.000000
avance = -425.000000, avanceR = 2.000000, avanceI = 2.000000
inc_x_r = 0.000000, inc_y_r = 1.000000, inc_x_i = 1.000000, inc_y_i = 1.000000
En el else......

----------------------------------------
x = 26.000000, y = 179.000000
avance = -423.000000, avanceR = 2.000000, avanceI = 2.000000
inc_x_r = 0.000000, inc_y_r = 1.000000, inc_x_i = 1.000000, inc_y_i = 1.000000
En el else......

----------------------------------------
x = 26.000000, y = 180.000000
avance = -421.000000, avanceR = 2.000000, avanceI = 2.000000
inc_x_r = 0.000000, inc_y_r = 1.000000, inc_x_i = 1.000000, inc_y_i = 1.000000
En el else......

----------------------------------------
x = 26.000000, y = 181.000000
avance = -419.000000, avanceR = 2.000000, avanceI = 2.000000
inc_x_r = 0.000000, inc_y_r = 1.000000, inc_x_i = 1.000000, inc_y_i = 1.000000
En el else......

----------------------------------------
x = 26.000000, y = 182.000000
avance = -417.000000, avanceR = 2.000000, avanceI = 2.000000
inc_x_r = 0.000000, inc_y_r = 1.000000, inc_x_i = 1.000000, inc_y_i = 1.000000
En el else......

----------------------------------------
x = 26.000000, y = 183.000000
avance = -415.000000, avanceR = 2.000000, avanceI = 2.000000
inc_x_r = 0.000000, inc_y_r = 1.000000, inc_x_i = 1.000000, inc_y_i = 1.000000
En el else......

----------------------------------------
x = 26.000000, y = 184.000000
avance = -413.000000, avanceR = 2.000000, avanceI = 2.000000
inc_x_r = 0.000000, inc_y_r = 1.000000, inc_x_i = 1.000000, inc_y_i = 1.000000
En el else......

----------------------------------------
x = 26.000000, y = 185.000000
avance = -411.000000, avanceR = 2.000000, avanceI = 2.000000
inc_x_r = 0.000000, inc_y_r = 1.000000, inc_x_i = 1.000000, inc_y_i = 1.000000
En el else......

----------------------------------------
x = 26.000000, y = 186.000000
avance = -409.000000, avanceR = 2.000000, avanceI = 2.000000
inc_x_r = 0.000000, inc_y_r = 1.000000, inc_x_i = 1.000000, inc_y_i = 1.000000
En el else......

----------------------------------------
x = 26.000000, y = 187.000000
avance = -407.000000, avanceR = 2.000000, avanceI = 2.000000
inc_x_r = 0.000000, inc_y_r = 1.000000, inc_x_i = 1.000000, inc_y_i = 1.000000
En el else......

----------------------------------------
x = 26.000000, y = 188.000000
avance = -405.000000, avanceR = 2.000000, avanceI = 2.000000
inc_x_r = 0.000000, inc_y_r = 1.000000, inc_x_i = 1.000000, inc_y_i = 1.000000
En el else......

----------------------------------------
x = 26.000000, y = 189.000000
avance = -403.000000, avanceR = 2.000000, avanceI = 2.000000
inc_x_r = 0.000000, inc_y_r = 1.000000, inc_x_i = 1.000000, inc_y_i = 1.000000
En el else......

----------------------------------------
x = 26.000000, y = 190.000000
avance = -401.000000, avanceR = 2.000000, avanceI = 2.000000
inc_x_r = 0.000000, inc_y_r = 1.000000, inc_x_i = 1.000000, inc_y_i = 1.000000
En el else......

----------------------------------------
x = 26.000000, y = 191.000000
avance = -399.000000, avanceR = 2.000000, avanceI = 2.000000
inc_x_r = 0.000000, inc_y_r = 1.000000, inc_x_i = 1.000000, inc_y_i = 1.000000
En el else......

----------------------------------------
x = 26.000000, y = 192.000000
avance = -397.000000, avanceR = 2.000000, avanceI = 2.000000
inc_x_r = 0.000000, inc_y_r = 1.000000, inc_x_i = 1.000000, inc_y_i = 1.000000
En el else......

----------------------------------------
x = 26.000000, y = 193.000000
avance = -395.000000, avanceR = 2.000000, avanceI = 2.000000
inc_x_r = 0.000000, inc_y_r = 1.000000, inc_x_i = 1.000000, inc_y_i = 1.000000
En el else......

----------------------------------------
x = 26.000000, y = 194.000000
avance = -393.000000, avanceR = 2.000000, avanceI = 2.000000
inc_x_r = 0.000000, inc_y_r = 1.000000, inc_x_i = 1.000000, inc_y_i = 1.000000
En el else......

----------------------------------------
x = 26.000000, y = 195.000000
avance = -391.000000, avanceR = 2.000000, avanceI = 2.000000
inc_x_r = 0.000000, inc_y_r = 1.000000, inc_x_i = 1.000000, inc_y_i = 1.000000
En el else......

----------------------------------------
x = 26.000000, y = 196.000000
avance = -389.000000, avanceR = 2.000000, avanceI = 2.000000
inc_x_r = 0.000000, inc_y_r = 1.000000, inc_x_i = 1.000000, inc_y_i = 1.000000
En el else......

----------------------------------------
x = 26.000000, y = 197.000000
avance = -387.000000, avanceR = 2.000000, avanceI = 2.000000
inc_x_r = 0.000000, inc_y_r = 1.000000, inc_x_i = 1.000000, inc_y_i = 1.000000
En el else......

----------------------------------------
x = 26.000000, y = 198.000000
avance = -385.000000, avanceR = 2.000000, avanceI = 2.000000
inc_x_r = 0.000000, inc_y_r = 1.000000, inc_x_i = 1.000000, inc_y_i = 1.000000
En el else......

----------------------------------------
x = 26.000000, y = 199.000000
avance = -383.000000, avanceR = 2.000000, avanceI = 2.000000
inc_x_r = 0.000000, inc_y_r = 1.000000, inc_x_i = 1.000000, inc_y_i = 1.000000
En el else......

----------------------------------------
x = 26.000000, y = 200.000000
avance = -381.000000, avanceR = 2.000000, avanceI = 2.000000
inc_x_r = 0.000000, inc_y_r = 1.000000, inc_x_i = 1.000000, inc_y_i = 1.000000
En el else......

----------------------------------------
x = 26.000000, y = 201.000000
avance = -379.000000, avanceR = 2.000000, avanceI = 2.000000
inc_x_r = 0.000000, inc_y_r = 1.000000, inc_x_i = 1.000000, inc_y_i = 1.000000
En el else......

----------------------------------------
x = 26.000000, y = 202.000000
avance = -377.000000, avanceR = 2.000000, avanceI = 2.000000
inc_x_r = 0.000000, inc_y_r = 1.000000, inc_x_i = 1.000000, inc_y_i = 1.000000
En el else......

----------------------------------------
x = 26.000000, y = 203.000000
avance = -375.000000, avanceR = 2.000000, avanceI = 2.000000
inc_x_r = 0.000000, inc_y_r = 1.000000, inc_x_i = 1.000000, inc_y_i = 1.000000
En el else......

----------------------------------------
x = 26.000000, y = 204.000000
avance = -373.000000, avanceR = 2.000000, avanceI = 2.000000
inc_x_r = 0.000000, inc_y_r = 1.000000, inc_x_i = 1.000000, inc_y_i = 1.000000
En el else......

----------------------------------------
x = 26.000000, y = 205.000000
avance = -371.000000, avanceR = 2.000000, avanceI = 2.000000
inc_x_r = 0.000000, inc_y_r = 1.000000, inc_x_i = 1.000000, inc_y_i = 1.000000
En el else......

----------------------------------------
x = 26.000000, y = 206.000000
avance = -369.000000, avanceR = 2.000000, avanceI = 2.000000
inc_x_r = 0.000000, inc_y_r = 1.000000, inc_x_i = 1.000000, inc_y_i = 1.000000
En el else......

----------------------------------------
x = 26.000000, y = 207.000000
avance = -367.000000, avanceR = 2.000000, avanceI = 2.000000
inc_x_r = 0.000000, inc_y_r = 1.000000, inc_x_i = 1.000000, inc_y_i = 1.000000
En el else......

----------------------------------------
x = 26.000000, y = 208.000000
avance = -365.000000, avanceR = 2.000000, avanceI = 2.000000
inc_x_r = 0.000000, inc_y_r = 1.000000, inc_x_i = 1.000000, inc_y_i = 1.000000
En el else......

----------------------------------------
x = 26.000000, y = 209.000000
avance = -363.000000, avanceR = 2.000000, avanceI = 2.000000
inc_x_r = 0.000000, inc_y_r = 1.000000, inc_x_i = 1.000000, inc_y_i = 1.000000
En el else......

----------------------------------------
x = 26.000000, y = 210.000000
avance = -361.000000, avanceR = 2.000000, avanceI = 2.000000
inc_x_r = 0.000000, inc_y_r = 1.000000, inc_x_i = 1.000000, inc_y_i = 1.000000
En el else......

----------------------------------------
x = 26.000000, y = 211.000000
avance = -359.000000, avanceR = 2.000000, avanceI = 2.000000
inc_x_r = 0.000000, inc_y_r = 1.000000, inc_x_i = 1.000000, inc_y_i = 1.000000
En el else......

----------------------------------------
x = 26.000000, y = 212.000000
avance = -357.000000, avanceR = 2.000000, avanceI = 2.000000
inc_x_r = 0.000000, inc_y_r = 1.000000, inc_x_i = 1.000000, inc_y_i = 1.000000
En el else......

----------------------------------------
x = 26.000000, y = 213.000000
avance = -355.000000, avanceR = 2.000000, avanceI = 2.000000
inc_x_r = 0.000000, inc_y_r = 1.000000, inc_x_i = 1.000000, inc_y_i = 1.000000
En el else......

----------------------------------------
x = 26.000000, y = 214.000000
avance = -353.000000, avanceR = 2.000000, avanceI = 2.000000
inc_x_r = 0.000000, inc_y_r = 1.000000, inc_x_i = 1.000000, inc_y_i = 1.000000
En el else......

----------------------------------------
x = 26.000000, y = 215.000000
avance = -351.000000, avanceR = 2.000000, avanceI = 2.000000
inc_x_r = 0.000000, inc_y_r = 1.000000, inc_x_i = 1.000000, inc_y_i = 1.000000
En el else......

----------------------------------------
x = 26.000000, y = 216.000000
avance = -349.000000, avanceR = 2.000000, avanceI = 2.000000
inc_x_r = 0.000000, inc_y_r = 1.000000, inc_x_i = 1.000000, inc_y_i = 1.000000
En el else......

----------------------------------------
x = 26.000000, y = 217.000000
avance = -347.000000, avanceR = 2.000000, avanceI = 2.000000
inc_x_r = 0.000000, inc_y_r = 1.000000, inc_x_i = 1.000000, inc_y_i = 1.000000
En el else......

----------------------------------------
x = 26.000000, y = 218.000000
avance = -345.000000, avanceR = 2.000000, avanceI = 2.000000
inc_x_r = 0.000000, inc_y_r = 1.000000, inc_x_i = 1.000000, inc_y_i = 1.000000
En el else......

----------------------------------------
x = 26.000000, y = 219.000000
avance = -343.000000, avanceR = 2.000000, avanceI = 2.000000
inc_x_r = 0.000000, inc_y_r = 1.000000, inc_x_i = 1.000000, inc_y_i = 1.000000
En el else......

----------------------------------------
x = 26.000000, y = 220.000000
avance = -341.000000, avanceR = 2.000000, avanceI = 2.000000
inc_x_r = 0.000000, inc_y_r = 1.000000, inc_x_i = 1.000000, inc_y_i = 1.000000
En el else......

----------------------------------------
x = 26.000000, y = 221.000000
avance = -339.000000, avanceR = 2.000000, avanceI = 2.000000
inc_x_r = 0.000000, inc_y_r = 1.000000, inc_x_i = 1.000000, inc_y_i = 1.000000
En el else......

----------------------------------------
x = 26.000000, y = 222.000000
avance = -337.000000, avanceR = 2.000000, avanceI = 2.000000
inc_x_r = 0.000000, inc_y_r = 1.000000, inc_x_i = 1.000000, inc_y_i = 1.000000
En el else......

----------------------------------------
x = 26.000000, y = 223.000000
avance = -335.000000, avanceR = 2.000000, avanceI = 2.000000
inc_x_r = 0.000000, inc_y_r = 1.000000, inc_x_i = 1.000000, inc_y_i = 1.000000
En el else......

----------------------------------------
x = 26.000000, y = 224.000000
avance = -333.000000, avanceR = 2.000000, avanceI = 2.000000
inc_x_r = 0.000000, inc_y_r = 1.000000, inc_x_i = 1.000000, inc_y_i = 1.000000
En el else......

----------------------------------------
x = 26.000000, y = 225.000000
avance = -331.000000, avanceR = 2.000000, avanceI = 2.000000
inc_x_r = 0.000000, inc_y_r = 1.000000, inc_x_i = 1.000000, inc_y_i = 1.000000
En el else......

----------------------------------------
x = 26.000000, y = 226.000000
avance = -329.000000, avanceR = 2.000000, avanceI = 2.000000
inc_x_r = 0.000000, inc_y_r = 1.000000, inc_x_i = 1.000000, inc_y_i = 1.000000
En el else......

----------------------------------------
x = 26.000000, y = 227.000000
avance = -327.000000, avanceR = 2.000000, avanceI = 2.000000
inc_x_r = 0.000000, inc_y_r = 1.000000, inc_x_i = 1.000000, inc_y_i = 1.000000
En el else......

----------------------------------------
x = 26.000000, y = 228.000000
avance = -325.000000, avanceR = 2.000000, avanceI = 2.000000
inc_x_r = 0.000000, inc_y_r = 1.000000, inc_x_i = 1.000000, inc_y_i = 1.000000
En el else......

----------------------------------------
x = 26.000000, y = 229.000000
avance = -323.000000, avanceR = 2.000000, avanceI = 2.000000
inc_x_r = 0.000000, inc_y_r = 1.000000, inc_x_i = 1.000000, inc_y_i = 1.000000
En el else......

----------------------------------------
x = 26.000000, y = 230.000000
avance = -321.000000, avanceR = 2.000000, avanceI = 2.000000
inc_x_r = 0.000000, inc_y_r = 1.000000, inc_x_i = 1.000000, inc_y_i = 1.000000
En el else......

----------------------------------------
x = 26.000000, y = 231.000000
avance = -319.000000, avanceR = 2.000000, avanceI = 2.000000
inc_x_r = 0.000000, inc_y_r = 1.000000, inc_x_i = 1.000000, inc_y_i = 1.000000
En el else......

----------------------------------------
x = 26.000000, y = 232.000000
avance = -317.000000, avanceR = 2.000000, avanceI = 2.000000
inc_x_r = 0.000000, inc_y_r = 1.000000, inc_x_i = 1.000000, inc_y_i = 1.000000
En el else......

----------------------------------------
x = 26.000000, y = 233.000000
avance = -315.000000, avanceR = 2.000000, avanceI = 2.000000
inc_x_r = 0.000000, inc_y_r = 1.000000, inc_x_i = 1.000000, inc_y_i = 1.000000
En el else......

----------------------------------------
x = 26.000000, y = 234.000000
avance = -313.000000, avanceR = 2.000000, avanceI = 2.000000
inc_x_r = 0.000000, inc_y_r = 1.000000, inc_x_i = 1.000000, inc_y_i = 1.000000
En el else......

----------------------------------------
x = 26.000000, y = 235.000000
avance = -311.000000, avanceR = 2.000000, avanceI = 2.000000
inc_x_r = 0.000000, inc_y_r = 1.000000, inc_x_i = 1.000000, inc_y_i = 1.000000
En el else......

----------------------------------------
x = 26.000000, y = 236.000000
avance = -309.000000, avanceR = 2.000000, avanceI = 2.000000
inc_x_r = 0.000000, inc_y_r = 1.000000, inc_x_i = 1.000000, inc_y_i = 1.000000
En el else......

----------------------------------------
x = 26.000000, y = 237.000000
avance = -307.000000, avanceR = 2.000000, avanceI = 2.000000
inc_x_r = 0.000000, inc_y_r = 1.000000, inc_x_i = 1.000000, inc_y_i = 1.000000
En el else......

----------------------------------------
x = 26.000000, y = 238.000000
avance = -305.000000, avanceR = 2.000000, avanceI = 2.000000
inc_x_r = 0.000000, inc_y_r = 1.000000, inc_x_i = 1.000000, inc_y_i = 1.000000
En el else......

----------------------------------------
x = 26.000000, y = 239.000000
avance = -303.000000, avanceR = 2.000000, avanceI = 2.000000
inc_x_r = 0.000000, inc_y_r = 1.000000, inc_x_i = 1.000000, inc_y_i = 1.000000
En el else......

----------------------------------------
x = 26.000000, y = 240.000000
avance = -301.000000, avanceR = 2.000000, avanceI = 2.000000
inc_x_r = 0.000000, inc_y_r = 1.000000, inc_x_i = 1.000000, inc_y_i = 1.000000
En el else......

----------------------------------------
x = 26.000000, y = 241.000000
avance = -299.000000, avanceR = 2.000000, avanceI = 2.000000
inc_x_r = 0.000000, inc_y_r = 1.000000, inc_x_i = 1.000000, inc_y_i = 1.000000
En el else......

----------------------------------------
x = 26.000000, y = 242.000000
avance = -297.000000, avanceR = 2.000000, avanceI = 2.000000
inc_x_r = 0.000000, inc_y_r = 1.000000, inc_x_i = 1.000000, inc_y_i = 1.000000
En el else......

----------------------------------------
x = 26.000000, y = 243.000000
avance = -295.000000, avanceR = 2.000000, avanceI = 2.000000
inc_x_r = 0.000000, inc_y_r = 1.000000, inc_x_i = 1.000000, inc_y_i = 1.000000
En el else......

----------------------------------------
x = 26.000000, y = 244.000000
avance = -293.000000, avanceR = 2.000000, avanceI = 2.000000
inc_x_r = 0.000000, inc_y_r = 1.000000, inc_x_i = 1.000000, inc_y_i = 1.000000
En el else......

----------------------------------------
x = 26.000000, y = 245.000000
avance = -291.000000, avanceR = 2.000000, avanceI = 2.000000
inc_x_r = 0.000000, inc_y_r = 1.000000, inc_x_i = 1.000000, inc_y_i = 1.000000
En el else......

----------------------------------------
x = 26.000000, y = 246.000000
avance = -289.000000, avanceR = 2.000000, avanceI = 2.000000
inc_x_r = 0.000000, inc_y_r = 1.000000, inc_x_i = 1.000000, inc_y_i = 1.000000
En el else......

----------------------------------------
x = 26.000000, y = 247.000000
avance = -287.000000, avanceR = 2.000000, avanceI = 2.000000
inc_x_r = 0.000000, inc_y_r = 1.000000, inc_x_i = 1.000000, inc_y_i = 1.000000
En el else......

----------------------------------------
x = 26.000000, y = 248.000000
avance = -285.000000, avanceR = 2.000000, avanceI = 2.000000
inc_x_r = 0.000000, inc_y_r = 1.000000, inc_x_i = 1.000000, inc_y_i = 1.000000
En el else......

----------------------------------------
x = 26.000000, y = 249.000000
avance = -283.000000, avanceR = 2.000000, avanceI = 2.000000
inc_x_r = 0.000000, inc_y_r = 1.000000, inc_x_i = 1.000000, inc_y_i = 1.000000
En el else......

----------------------------------------
x = 26.000000, y = 250.000000
avance = -281.000000, avanceR = 2.000000, avanceI = 2.000000
inc_x_r = 0.000000, inc_y_r = 1.000000, inc_x_i = 1.000000, inc_y_i = 1.000000
En el else......

----------------------------------------
x = 26.000000, y = 251.000000
avance = -279.000000, avanceR = 2.000000, avanceI = 2.000000
inc_x_r = 0.000000, inc_y_r = 1.000000, inc_x_i = 1.000000, inc_y_i = 1.000000
En el else......

----------------------------------------
x = 26.000000, y = 252.000000
avance = -277.000000, avanceR = 2.000000, avanceI = 2.000000
inc_x_r = 0.000000, inc_y_r = 1.000000, inc_x_i = 1.000000, inc_y_i = 1.000000
En el else......

----------------------------------------
x = 26.000000, y = 253.000000
avance = -275.000000, avanceR = 2.000000, avanceI = 2.000000
inc_x_r = 0.000000, inc_y_r = 1.000000, inc_x_i = 1.000000, inc_y_i = 1.000000
En el else......

----------------------------------------
x = 26.000000, y = 254.000000
avance = -273.000000, avanceR = 2.000000, avanceI = 2.000000
inc_x_r = 0.000000, inc_y_r = 1.000000, inc_x_i = 1.000000, inc_y_i = 1.000000
En el else......

----------------------------------------
x = 26.000000, y = 255.000000
avance = -271.000000, avanceR = 2.000000, avanceI = 2.000000
inc_x_r = 0.000000, inc_y_r = 1.000000, inc_x_i = 1.000000, inc_y_i = 1.000000
En el else......

----------------------------------------
x = 26.000000, y = 256.000000
avance = -269.000000, avanceR = 2.000000, avanceI = 2.000000
inc_x_r = 0.000000, inc_y_r = 1.000000, inc_x_i = 1.000000, inc_y_i = 1.000000
En el else......

----------------------------------------
x = 26.000000, y = 257.000000
avance = -267.000000, avanceR = 2.000000, avanceI = 2.000000
inc_x_r = 0.000000, inc_y_r = 1.000000, inc_x_i = 1.000000, inc_y_i = 1.000000
En el else......

----------------------------------------
x = 26.000000, y = 258.000000
avance = -265.000000, avanceR = 2.000000, avanceI = 2.000000
inc_x_r = 0.000000, inc_y_r = 1.000000, inc_x_i = 1.000000, inc_y_i = 1.000000
En el else......

----------------------------------------
x = 26.000000, y = 259.000000
avance = -263.000000, avanceR = 2.000000, avanceI = 2.000000
inc_x_r = 0.000000, inc_y_r = 1.000000, inc_x_i = 1.000000, inc_y_i = 1.000000
En el else......

----------------------------------------
x = 26.000000, y = 260.000000
avance = -261.000000, avanceR = 2.000000, avanceI = 2.000000
inc_x_r = 0.000000, inc_y_r = 1.000000, inc_x_i = 1.000000, inc_y_i = 1.000000
En el else......

----------------------------------------
x = 26.000000, y = 261.000000
avance = -259.000000, avanceR = 2.000000, avanceI = 2.000000
inc_x_r = 0.000000, inc_y_r = 1.000000, inc_x_i = 1.000000, inc_y_i = 1.000000
En el else......

----------------------------------------
x = 26.000000, y = 262.000000
avance = -257.000000, avanceR = 2.000000, avanceI = 2.000000
inc_x_r = 0.000000, inc_y_r = 1.000000, inc_x_i = 1.000000, inc_y_i = 1.000000
En el else......

----------------------------------------
x = 26.000000, y = 263.000000
avance = -255.000000, avanceR = 2.000000, avanceI = 2.000000
inc_x_r = 0.000000, inc_y_r = 1.000000, inc_x_i = 1.000000, inc_y_i = 1.000000
En el else......

----------------------------------------
x = 26.000000, y = 264.000000
avance = -253.000000, avanceR = 2.000000, avanceI = 2.000000
inc_x_r = 0.000000, inc_y_r = 1.000000, inc_x_i = 1.000000, inc_y_i = 1.000000
En el else......

----------------------------------------
x = 26.000000, y = 265.000000
avance = -251.000000, avanceR = 2.000000, avanceI = 2.000000
inc_x_r = 0.000000, inc_y_r = 1.000000, inc_x_i = 1.000000, inc_y_i = 1.000000
En el else......

----------------------------------------


ENTRAMOS A BRESENHAMªªªª
x1 = 25.000000 - y1 = 15.000000 || x2 = 26.000000 - y2 = 266.000000
dy = 251.000000, dx = 1.000000
avances inclinados: inc_x_i = 1.000000, inc_y_i = 1.000000
updated: dy = 251.000000, dx = 1.000000
avances rectos: inc_x_r = 0.000000, inc_y_r 1.000000
reupdated: dy = 1.000000, dx = 251.000000
avanceR = 2.000000, avance -249.000000, avanceI 2.000000
----------------------------------------
x = 25.000000, y = 15.000000
avance = -249.000000, avanceR = 2.000000, avanceI = 2.000000
inc_x_r = 0.000000, inc_y_r = 1.000000, inc_x_i = 1.000000, inc_y_i = 1.000000
En el else......

----------------------------------------
x = 25.000000, y = 16.000000
avance = -247.000000, avanceR = 2.000000, avanceI = 2.000000
inc_x_r = 0.000000, inc_y_r = 1.000000, inc_x_i = 1.000000, inc_y_i = 1.000000
En el else......

----------------------------------------
x = 25.000000, y = 17.000000
avance = -245.000000, avanceR = 2.000000, avanceI = 2.000000
inc_x_r = 0.000000, inc_y_r = 1.000000, inc_x_i = 1.000000, inc_y_i = 1.000000
En el else......

----------------------------------------
x = 25.000000, y = 18.000000
avance = -243.000000, avanceR = 2.000000, avanceI = 2.000000
inc_x_r = 0.000000, inc_y_r = 1.000000, inc_x_i = 1.000000, inc_y_i = 1.000000
En el else......

----------------------------------------
x = 25.000000, y = 19.000000
avance = -241.000000, avanceR = 2.000000, avanceI = 2.000000
inc_x_r = 0.000000, inc_y_r = 1.000000, inc_x_i = 1.000000, inc_y_i = 1.000000
En el else......

----------------------------------------
x = 25.000000, y = 20.000000
avance = -239.000000, avanceR = 2.000000, avanceI = 2.000000
inc_x_r = 0.000000, inc_y_r = 1.000000, inc_x_i = 1.000000, inc_y_i = 1.000000
En el else......

----------------------------------------
x = 25.000000, y = 21.000000
avance = -237.000000, avanceR = 2.000000, avanceI = 2.000000
inc_x_r = 0.000000, inc_y_r = 1.000000, inc_x_i = 1.000000, inc_y_i = 1.000000
En el else......

----------------------------------------
x = 25.000000, y = 22.000000
avance = -235.000000, avanceR = 2.000000, avanceI = 2.000000
inc_x_r = 0.000000, inc_y_r = 1.000000, inc_x_i = 1.000000, inc_y_i = 1.000000
En el else......

----------------------------------------
x = 25.000000, y = 23.000000
avance = -233.000000, avanceR = 2.000000, avanceI = 2.000000
inc_x_r = 0.000000, inc_y_r = 1.000000, inc_x_i = 1.000000, inc_y_i = 1.000000
En el else......

----------------------------------------
x = 25.000000, y = 24.000000
avance = -231.000000, avanceR = 2.000000, avanceI = 2.000000
inc_x_r = 0.000000, inc_y_r = 1.000000, inc_x_i = 1.000000, inc_y_i = 1.000000
En el else......

----------------------------------------
x = 25.000000, y = 25.000000
avance = -229.000000, avanceR = 2.000000, avanceI = 2.000000
inc_x_r = 0.000000, inc_y_r = 1.000000, inc_x_i = 1.000000, inc_y_i = 1.000000
En el else......

----------------------------------------
x = 25.000000, y = 26.000000
avance = -227.000000, avanceR = 2.000000, avanceI = 2.000000
inc_x_r = 0.000000, inc_y_r = 1.000000, inc_x_i = 1.000000, inc_y_i = 1.000000
En el else......

----------------------------------------
x = 25.000000, y = 27.000000
avance = -225.000000, avanceR = 2.000000, avanceI = 2.000000
inc_x_r = 0.000000, inc_y_r = 1.000000, inc_x_i = 1.000000, inc_y_i = 1.000000
En el else......

----------------------------------------
x = 25.000000, y = 28.000000
avance = -223.000000, avanceR = 2.000000, avanceI = 2.000000
inc_x_r = 0.000000, inc_y_r = 1.000000, inc_x_i = 1.000000, inc_y_i = 1.000000
En el else......

----------------------------------------
x = 25.000000, y = 29.000000
avance = -221.000000, avanceR = 2.000000, avanceI = 2.000000
inc_x_r = 0.000000, inc_y_r = 1.000000, inc_x_i = 1.000000, inc_y_i = 1.000000
En el else......

----------------------------------------
x = 25.000000, y = 30.000000
avance = -219.000000, avanceR = 2.000000, avanceI = 2.000000
inc_x_r = 0.000000, inc_y_r = 1.000000, inc_x_i = 1.000000, inc_y_i = 1.000000
En el else......

----------------------------------------
x = 25.000000, y = 31.000000
avance = -217.000000, avanceR = 2.000000, avanceI = 2.000000
inc_x_r = 0.000000, inc_y_r = 1.000000, inc_x_i = 1.000000, inc_y_i = 1.000000
En el else......

----------------------------------------
x = 25.000000, y = 32.000000
avance = -215.000000, avanceR = 2.000000, avanceI = 2.000000
inc_x_r = 0.000000, inc_y_r = 1.000000, inc_x_i = 1.000000, inc_y_i = 1.000000
En el else......

----------------------------------------
x = 25.000000, y = 33.000000
avance = -213.000000, avanceR = 2.000000, avanceI = 2.000000
inc_x_r = 0.000000, inc_y_r = 1.000000, inc_x_i = 1.000000, inc_y_i = 1.000000
En el else......

----------------------------------------
x = 25.000000, y = 34.000000
avance = -211.000000, avanceR = 2.000000, avanceI = 2.000000
inc_x_r = 0.000000, inc_y_r = 1.000000, inc_x_i = 1.000000, inc_y_i = 1.000000
En el else......

----------------------------------------
x = 25.000000, y = 35.000000
avance = -209.000000, avanceR = 2.000000, avanceI = 2.000000
inc_x_r = 0.000000, inc_y_r = 1.000000, inc_x_i = 1.000000, inc_y_i = 1.000000
En el else......

----------------------------------------
x = 25.000000, y = 36.000000
avance = -207.000000, avanceR = 2.000000, avanceI = 2.000000
inc_x_r = 0.000000, inc_y_r = 1.000000, inc_x_i = 1.000000, inc_y_i = 1.000000
En el else......

----------------------------------------
x = 25.000000, y = 37.000000
avance = -205.000000, avanceR = 2.000000, avanceI = 2.000000
inc_x_r = 0.000000, inc_y_r = 1.000000, inc_x_i = 1.000000, inc_y_i = 1.000000
En el else......

----------------------------------------
x = 25.000000, y = 38.000000
avance = -203.000000, avanceR = 2.000000, avanceI = 2.000000
inc_x_r = 0.000000, inc_y_r = 1.000000, inc_x_i = 1.000000, inc_y_i = 1.000000
En el else......

----------------------------------------
x = 25.000000, y = 39.000000
avance = -201.000000, avanceR = 2.000000, avanceI = 2.000000
inc_x_r = 0.000000, inc_y_r = 1.000000, inc_x_i = 1.000000, inc_y_i = 1.000000
En el else......

----------------------------------------
x = 25.000000, y = 40.000000
avance = -199.000000, avanceR = 2.000000, avanceI = 2.000000
inc_x_r = 0.000000, inc_y_r = 1.000000, inc_x_i = 1.000000, inc_y_i = 1.000000
En el else......

----------------------------------------
x = 25.000000, y = 41.000000
avance = -197.000000, avanceR = 2.000000, avanceI = 2.000000
inc_x_r = 0.000000, inc_y_r = 1.000000, inc_x_i = 1.000000, inc_y_i = 1.000000
En el else......

----------------------------------------
x = 25.000000, y = 42.000000
avance = -195.000000, avanceR = 2.000000, avanceI = 2.000000
inc_x_r = 0.000000, inc_y_r = 1.000000, inc_x_i = 1.000000, inc_y_i = 1.000000
En el else......

----------------------------------------
x = 25.000000, y = 43.000000
avance = -193.000000, avanceR = 2.000000, avanceI = 2.000000
inc_x_r = 0.000000, inc_y_r = 1.000000, inc_x_i = 1.000000, inc_y_i = 1.000000
En el else......

----------------------------------------
x = 25.000000, y = 44.000000
avance = -191.000000, avanceR = 2.000000, avanceI = 2.000000
inc_x_r = 0.000000, inc_y_r = 1.000000, inc_x_i = 1.000000, inc_y_i = 1.000000
En el else......

----------------------------------------
x = 25.000000, y = 45.000000
avance = -189.000000, avanceR = 2.000000, avanceI = 2.000000
inc_x_r = 0.000000, inc_y_r = 1.000000, inc_x_i = 1.000000, inc_y_i = 1.000000
En el else......

----------------------------------------
x = 25.000000, y = 46.000000
avance = -187.000000, avanceR = 2.000000, avanceI = 2.000000
inc_x_r = 0.000000, inc_y_r = 1.000000, inc_x_i = 1.000000, inc_y_i = 1.000000
En el else......

----------------------------------------
x = 25.000000, y = 47.000000
avance = -185.000000, avanceR = 2.000000, avanceI = 2.000000
inc_x_r = 0.000000, inc_y_r = 1.000000, inc_x_i = 1.000000, inc_y_i = 1.000000
En el else......

----------------------------------------
x = 25.000000, y = 48.000000
avance = -183.000000, avanceR = 2.000000, avanceI = 2.000000
inc_x_r = 0.000000, inc_y_r = 1.000000, inc_x_i = 1.000000, inc_y_i = 1.000000
En el else......

----------------------------------------
x = 25.000000, y = 49.000000
avance = -181.000000, avanceR = 2.000000, avanceI = 2.000000
inc_x_r = 0.000000, inc_y_r = 1.000000, inc_x_i = 1.000000, inc_y_i = 1.000000
En el else......

----------------------------------------
x = 25.000000, y = 50.000000
avance = -179.000000, avanceR = 2.000000, avanceI = 2.000000
inc_x_r = 0.000000, inc_y_r = 1.000000, inc_x_i = 1.000000, inc_y_i = 1.000000
En el else......

----------------------------------------
x = 25.000000, y = 51.000000
avance = -177.000000, avanceR = 2.000000, avanceI = 2.000000
inc_x_r = 0.000000, inc_y_r = 1.000000, inc_x_i = 1.000000, inc_y_i = 1.000000
En el else......

----------------------------------------
x = 25.000000, y = 52.000000
avance = -175.000000, avanceR = 2.000000, avanceI = 2.000000
inc_x_r = 0.000000, inc_y_r = 1.000000, inc_x_i = 1.000000, inc_y_i = 1.000000
En el else......

----------------------------------------
x = 25.000000, y = 53.000000
avance = -173.000000, avanceR = 2.000000, avanceI = 2.000000
inc_x_r = 0.000000, inc_y_r = 1.000000, inc_x_i = 1.000000, inc_y_i = 1.000000
En el else......

----------------------------------------
x = 25.000000, y = 54.000000
avance = -171.000000, avanceR = 2.000000, avanceI = 2.000000
inc_x_r = 0.000000, inc_y_r = 1.000000, inc_x_i = 1.000000, inc_y_i = 1.000000
En el else......

----------------------------------------
x = 25.000000, y = 55.000000
avance = -169.000000, avanceR = 2.000000, avanceI = 2.000000
inc_x_r = 0.000000, inc_y_r = 1.000000, inc_x_i = 1.000000, inc_y_i = 1.000000
En el else......

----------------------------------------
x = 25.000000, y = 56.000000
avance = -167.000000, avanceR = 2.000000, avanceI = 2.000000
inc_x_r = 0.000000, inc_y_r = 1.000000, inc_x_i = 1.000000, inc_y_i = 1.000000
En el else......

----------------------------------------
x = 25.000000, y = 57.000000
avance = -165.000000, avanceR = 2.000000, avanceI = 2.000000
inc_x_r = 0.000000, inc_y_r = 1.000000, inc_x_i = 1.000000, inc_y_i = 1.000000
En el else......

----------------------------------------
x = 25.000000, y = 58.000000
avance = -163.000000, avanceR = 2.000000, avanceI = 2.000000
inc_x_r = 0.000000, inc_y_r = 1.000000, inc_x_i = 1.000000, inc_y_i = 1.000000
En el else......

----------------------------------------
x = 25.000000, y = 59.000000
avance = -161.000000, avanceR = 2.000000, avanceI = 2.000000
inc_x_r = 0.000000, inc_y_r = 1.000000, inc_x_i = 1.000000, inc_y_i = 1.000000
En el else......

----------------------------------------
x = 25.000000, y = 60.000000
avance = -159.000000, avanceR = 2.000000, avanceI = 2.000000
inc_x_r = 0.000000, inc_y_r = 1.000000, inc_x_i = 1.000000, inc_y_i = 1.000000
En el else......

----------------------------------------
x = 25.000000, y = 61.000000
avance = -157.000000, avanceR = 2.000000, avanceI = 2.000000
inc_x_r = 0.000000, inc_y_r = 1.000000, inc_x_i = 1.000000, inc_y_i = 1.000000
En el else......

----------------------------------------
x = 25.000000, y = 62.000000
avance = -155.000000, avanceR = 2.000000, avanceI = 2.000000
inc_x_r = 0.000000, inc_y_r = 1.000000, inc_x_i = 1.000000, inc_y_i = 1.000000
En el else......

----------------------------------------
x = 25.000000, y = 63.000000
avance = -153.000000, avanceR = 2.000000, avanceI = 2.000000
inc_x_r = 0.000000, inc_y_r = 1.000000, inc_x_i = 1.000000, inc_y_i = 1.000000
En el else......

----------------------------------------
x = 25.000000, y = 64.000000
avance = -151.000000, avanceR = 2.000000, avanceI = 2.000000
inc_x_r = 0.000000, inc_y_r = 1.000000, inc_x_i = 1.000000, inc_y_i = 1.000000
En el else......

----------------------------------------
x = 25.000000, y = 65.000000
avance = -149.000000, avanceR = 2.000000, avanceI = 2.000000
inc_x_r = 0.000000, inc_y_r = 1.000000, inc_x_i = 1.000000, inc_y_i = 1.000000
En el else......

----------------------------------------
x = 25.000000, y = 66.000000
avance = -147.000000, avanceR = 2.000000, avanceI = 2.000000
inc_x_r = 0.000000, inc_y_r = 1.000000, inc_x_i = 1.000000, inc_y_i = 1.000000
En el else......

----------------------------------------
x = 25.000000, y = 67.000000
avance = -145.000000, avanceR = 2.000000, avanceI = 2.000000
inc_x_r = 0.000000, inc_y_r = 1.000000, inc_x_i = 1.000000, inc_y_i = 1.000000
En el else......

----------------------------------------
x = 25.000000, y = 68.000000
avance = -143.000000, avanceR = 2.000000, avanceI = 2.000000
inc_x_r = 0.000000, inc_y_r = 1.000000, inc_x_i = 1.000000, inc_y_i = 1.000000
En el else......

----------------------------------------
x = 25.000000, y = 69.000000
avance = -141.000000, avanceR = 2.000000, avanceI = 2.000000
inc_x_r = 0.000000, inc_y_r = 1.000000, inc_x_i = 1.000000, inc_y_i = 1.000000
En el else......

----------------------------------------
x = 25.000000, y = 70.000000
avance = -139.000000, avanceR = 2.000000, avanceI = 2.000000
inc_x_r = 0.000000, inc_y_r = 1.000000, inc_x_i = 1.000000, inc_y_i = 1.000000
En el else......

----------------------------------------
x = 25.000000, y = 71.000000
avance = -137.000000, avanceR = 2.000000, avanceI = 2.000000
inc_x_r = 0.000000, inc_y_r = 1.000000, inc_x_i = 1.000000, inc_y_i = 1.000000
En el else......

----------------------------------------
x = 25.000000, y = 72.000000
avance = -135.000000, avanceR = 2.000000, avanceI = 2.000000
inc_x_r = 0.000000, inc_y_r = 1.000000, inc_x_i = 1.000000, inc_y_i = 1.000000
En el else......

----------------------------------------
x = 25.000000, y = 73.000000
avance = -133.000000, avanceR = 2.000000, avanceI = 2.000000
inc_x_r = 0.000000, inc_y_r = 1.000000, inc_x_i = 1.000000, inc_y_i = 1.000000
En el else......

----------------------------------------
x = 25.000000, y = 74.000000
avance = -131.000000, avanceR = 2.000000, avanceI = 2.000000
inc_x_r = 0.000000, inc_y_r = 1.000000, inc_x_i = 1.000000, inc_y_i = 1.000000
En el else......

----------------------------------------
x = 25.000000, y = 75.000000
avance = -129.000000, avanceR = 2.000000, avanceI = 2.000000
inc_x_r = 0.000000, inc_y_r = 1.000000, inc_x_i = 1.000000, inc_y_i = 1.000000
En el else......

----------------------------------------
x = 25.000000, y = 76.000000
avance = -127.000000, avanceR = 2.000000, avanceI = 2.000000
inc_x_r = 0.000000, inc_y_r = 1.000000, inc_x_i = 1.000000, inc_y_i = 1.000000
En el else......

----------------------------------------
x = 25.000000, y = 77.000000
avance = -125.000000, avanceR = 2.000000, avanceI = 2.000000
inc_x_r = 0.000000, inc_y_r = 1.000000, inc_x_i = 1.000000, inc_y_i = 1.000000
En el else......

----------------------------------------
x = 25.000000, y = 78.000000
avance = -123.000000, avanceR = 2.000000, avanceI = 2.000000
inc_x_r = 0.000000, inc_y_r = 1.000000, inc_x_i = 1.000000, inc_y_i = 1.000000
En el else......

----------------------------------------
x = 25.000000, y = 79.000000
avance = -121.000000, avanceR = 2.000000, avanceI = 2.000000
inc_x_r = 0.000000, inc_y_r = 1.000000, inc_x_i = 1.000000, inc_y_i = 1.000000
En el else......

----------------------------------------
x = 25.000000, y = 80.000000
avance = -119.000000, avanceR = 2.000000, avanceI = 2.000000
inc_x_r = 0.000000, inc_y_r = 1.000000, inc_x_i = 1.000000, inc_y_i = 1.000000
En el else......

----------------------------------------
x = 25.000000, y = 81.000000
avance = -117.000000, avanceR = 2.000000, avanceI = 2.000000
inc_x_r = 0.000000, inc_y_r = 1.000000, inc_x_i = 1.000000, inc_y_i = 1.000000
En el else......

----------------------------------------
x = 25.000000, y = 82.000000
avance = -115.000000, avanceR = 2.000000, avanceI = 2.000000
inc_x_r = 0.000000, inc_y_r = 1.000000, inc_x_i = 1.000000, inc_y_i = 1.000000
En el else......

----------------------------------------
x = 25.000000, y = 83.000000
avance = -113.000000, avanceR = 2.000000, avanceI = 2.000000
inc_x_r = 0.000000, inc_y_r = 1.000000, inc_x_i = 1.000000, inc_y_i = 1.000000
En el else......

----------------------------------------
x = 25.000000, y = 84.000000
avance = -111.000000, avanceR = 2.000000, avanceI = 2.000000
inc_x_r = 0.000000, inc_y_r = 1.000000, inc_x_i = 1.000000, inc_y_i = 1.000000
En el else......

----------------------------------------
x = 25.000000, y = 85.000000
avance = -109.000000, avanceR = 2.000000, avanceI = 2.000000
inc_x_r = 0.000000, inc_y_r = 1.000000, inc_x_i = 1.000000, inc_y_i = 1.000000
En el else......

----------------------------------------
x = 25.000000, y = 86.000000
avance = -107.000000, avanceR = 2.000000, avanceI = 2.000000
inc_x_r = 0.000000, inc_y_r = 1.000000, inc_x_i = 1.000000, inc_y_i = 1.000000
En el else......

----------------------------------------
x = 25.000000, y = 87.000000
avance = -105.000000, avanceR = 2.000000, avanceI = 2.000000
inc_x_r = 0.000000, inc_y_r = 1.000000, inc_x_i = 1.000000, inc_y_i = 1.000000
En el else......

----------------------------------------
x = 25.000000, y = 88.000000
avance = -103.000000, avanceR = 2.000000, avanceI = 2.000000
inc_x_r = 0.000000, inc_y_r = 1.000000, inc_x_i = 1.000000, inc_y_i = 1.000000
En el else......

----------------------------------------
x = 25.000000, y = 89.000000
avance = -101.000000, avanceR = 2.000000, avanceI = 2.000000
inc_x_r = 0.000000, inc_y_r = 1.000000, inc_x_i = 1.000000, inc_y_i = 1.000000
En el else......

----------------------------------------
x = 25.000000, y = 90.000000
avance = -99.000000, avanceR = 2.000000, avanceI = 2.000000
inc_x_r = 0.000000, inc_y_r = 1.000000, inc_x_i = 1.000000, inc_y_i = 1.000000
En el else......

----------------------------------------
x = 25.000000, y = 91.000000
avance = -97.000000, avanceR = 2.000000, avanceI = 2.000000
inc_x_r = 0.000000, inc_y_r = 1.000000, inc_x_i = 1.000000, inc_y_i = 1.000000
En el else......

----------------------------------------
x = 25.000000, y = 92.000000
avance = -95.000000, avanceR = 2.000000, avanceI = 2.000000
inc_x_r = 0.000000, inc_y_r = 1.000000, inc_x_i = 1.000000, inc_y_i = 1.000000
En el else......

----------------------------------------
x = 25.000000, y = 93.000000
avance = -93.000000, avanceR = 2.000000, avanceI = 2.000000
inc_x_r = 0.000000, inc_y_r = 1.000000, inc_x_i = 1.000000, inc_y_i = 1.000000
En el else......

----------------------------------------
x = 25.000000, y = 94.000000
avance = -91.000000, avanceR = 2.000000, avanceI = 2.000000
inc_x_r = 0.000000, inc_y_r = 1.000000, inc_x_i = 1.000000, inc_y_i = 1.000000
En el else......

----------------------------------------
x = 25.000000, y = 95.000000
avance = -89.000000, avanceR = 2.000000, avanceI = 2.000000
inc_x_r = 0.000000, inc_y_r = 1.000000, inc_x_i = 1.000000, inc_y_i = 1.000000
En el else......

----------------------------------------
x = 25.000000, y = 96.000000
avance = -87.000000, avanceR = 2.000000, avanceI = 2.000000
inc_x_r = 0.000000, inc_y_r = 1.000000, inc_x_i = 1.000000, inc_y_i = 1.000000
En el else......

----------------------------------------
x = 25.000000, y = 97.000000
avance = -85.000000, avanceR = 2.000000, avanceI = 2.000000
inc_x_r = 0.000000, inc_y_r = 1.000000, inc_x_i = 1.000000, inc_y_i = 1.000000
En el else......

----------------------------------------
x = 25.000000, y = 98.000000
avance = -83.000000, avanceR = 2.000000, avanceI = 2.000000
inc_x_r = 0.000000, inc_y_r = 1.000000, inc_x_i = 1.000000, inc_y_i = 1.000000
En el else......

----------------------------------------
x = 25.000000, y = 99.000000
avance = -81.000000, avanceR = 2.000000, avanceI = 2.000000
inc_x_r = 0.000000, inc_y_r = 1.000000, inc_x_i = 1.000000, inc_y_i = 1.000000
En el else......

----------------------------------------
x = 25.000000, y = 100.000000
avance = -79.000000, avanceR = 2.000000, avanceI = 2.000000
inc_x_r = 0.000000, inc_y_r = 1.000000, inc_x_i = 1.000000, inc_y_i = 1.000000
En el else......

----------------------------------------
x = 25.000000, y = 101.000000
avance = -77.000000, avanceR = 2.000000, avanceI = 2.000000
inc_x_r = 0.000000, inc_y_r = 1.000000, inc_x_i = 1.000000, inc_y_i = 1.000000
En el else......

----------------------------------------
x = 25.000000, y = 102.000000
avance = -75.000000, avanceR = 2.000000, avanceI = 2.000000
inc_x_r = 0.000000, inc_y_r = 1.000000, inc_x_i = 1.000000, inc_y_i = 1.000000
En el else......

----------------------------------------
x = 25.000000, y = 103.000000
avance = -73.000000, avanceR = 2.000000, avanceI = 2.000000
inc_x_r = 0.000000, inc_y_r = 1.000000, inc_x_i = 1.000000, inc_y_i = 1.000000
En el else......

----------------------------------------
x = 25.000000, y = 104.000000
avance = -71.000000, avanceR = 2.000000, avanceI = 2.000000
inc_x_r = 0.000000, inc_y_r = 1.000000, inc_x_i = 1.000000, inc_y_i = 1.000000
En el else......

----------------------------------------
x = 25.000000, y = 105.000000
avance = -69.000000, avanceR = 2.000000, avanceI = 2.000000
inc_x_r = 0.000000, inc_y_r = 1.000000, inc_x_i = 1.000000, inc_y_i = 1.000000
En el else......

----------------------------------------
x = 25.000000, y = 106.000000
avance = -67.000000, avanceR = 2.000000, avanceI = 2.000000
inc_x_r = 0.000000, inc_y_r = 1.000000, inc_x_i = 1.000000, inc_y_i = 1.000000
En el else......

----------------------------------------
x = 25.000000, y = 107.000000
avance = -65.000000, avanceR = 2.000000, avanceI = 2.000000
inc_x_r = 0.000000, inc_y_r = 1.000000, inc_x_i = 1.000000, inc_y_i = 1.000000
En el else......

----------------------------------------
x = 25.000000, y = 108.000000
avance = -63.000000, avanceR = 2.000000, avanceI = 2.000000
inc_x_r = 0.000000, inc_y_r = 1.000000, inc_x_i = 1.000000, inc_y_i = 1.000000
En el else......

----------------------------------------
x = 25.000000, y = 109.000000
avance = -61.000000, avanceR = 2.000000, avanceI = 2.000000
inc_x_r = 0.000000, inc_y_r = 1.000000, inc_x_i = 1.000000, inc_y_i = 1.000000
En el else......

----------------------------------------
x = 25.000000, y = 110.000000
avance = -59.000000, avanceR = 2.000000, avanceI = 2.000000
inc_x_r = 0.000000, inc_y_r = 1.000000, inc_x_i = 1.000000, inc_y_i = 1.000000
En el else......

----------------------------------------
x = 25.000000, y = 111.000000
avance = -57.000000, avanceR = 2.000000, avanceI = 2.000000
inc_x_r = 0.000000, inc_y_r = 1.000000, inc_x_i = 1.000000, inc_y_i = 1.000000
En el else......

----------------------------------------
x = 25.000000, y = 112.000000
avance = -55.000000, avanceR = 2.000000, avanceI = 2.000000
inc_x_r = 0.000000, inc_y_r = 1.000000, inc_x_i = 1.000000, inc_y_i = 1.000000
En el else......

----------------------------------------
x = 25.000000, y = 113.000000
avance = -53.000000, avanceR = 2.000000, avanceI = 2.000000
inc_x_r = 0.000000, inc_y_r = 1.000000, inc_x_i = 1.000000, inc_y_i = 1.000000
En el else......

----------------------------------------
x = 25.000000, y = 114.000000
avance = -51.000000, avanceR = 2.000000, avanceI = 2.000000
inc_x_r = 0.000000, inc_y_r = 1.000000, inc_x_i = 1.000000, inc_y_i = 1.000000
En el else......

----------------------------------------
x = 25.000000, y = 115.000000
avance = -49.000000, avanceR = 2.000000, avanceI = 2.000000
inc_x_r = 0.000000, inc_y_r = 1.000000, inc_x_i = 1.000000, inc_y_i = 1.000000
En el else......

----------------------------------------
x = 25.000000, y = 116.000000
avance = -47.000000, avanceR = 2.000000, avanceI = 2.000000
inc_x_r = 0.000000, inc_y_r = 1.000000, inc_x_i = 1.000000, inc_y_i = 1.000000
En el else......

----------------------------------------
x = 25.000000, y = 117.000000
avance = -45.000000, avanceR = 2.000000, avanceI = 2.000000
inc_x_r = 0.000000, inc_y_r = 1.000000, inc_x_i = 1.000000, inc_y_i = 1.000000
En el else......

----------------------------------------
x = 25.000000, y = 118.000000
avance = -43.000000, avanceR = 2.000000, avanceI = 2.000000
inc_x_r = 0.000000, inc_y_r = 1.000000, inc_x_i = 1.000000, inc_y_i = 1.000000
En el else......

----------------------------------------
x = 25.000000, y = 119.000000
avance = -41.000000, avanceR = 2.000000, avanceI = 2.000000
inc_x_r = 0.000000, inc_y_r = 1.000000, inc_x_i = 1.000000, inc_y_i = 1.000000
En el else......

----------------------------------------
x = 25.000000, y = 120.000000
avance = -39.000000, avanceR = 2.000000, avanceI = 2.000000
inc_x_r = 0.000000, inc_y_r = 1.000000, inc_x_i = 1.000000, inc_y_i = 1.000000
En el else......

----------------------------------------
x = 25.000000, y = 121.000000
avance = -37.000000, avanceR = 2.000000, avanceI = 2.000000
inc_x_r = 0.000000, inc_y_r = 1.000000, inc_x_i = 1.000000, inc_y_i = 1.000000
En el else......

----------------------------------------
x = 25.000000, y = 122.000000
avance = -35.000000, avanceR = 2.000000, avanceI = 2.000000
inc_x_r = 0.000000, inc_y_r = 1.000000, inc_x_i = 1.000000, inc_y_i = 1.000000
En el else......

----------------------------------------
x = 25.000000, y = 123.000000
avance = -33.000000, avanceR = 2.000000, avanceI = 2.000000
inc_x_r = 0.000000, inc_y_r = 1.000000, inc_x_i = 1.000000, inc_y_i = 1.000000
En el else......

----------------------------------------
x = 25.000000, y = 124.000000
avance = -31.000000, avanceR = 2.000000, avanceI = 2.000000
inc_x_r = 0.000000, inc_y_r = 1.000000, inc_x_i = 1.000000, inc_y_i = 1.000000
En el else......

----------------------------------------
x = 25.000000, y = 125.000000
avance = -29.000000, avanceR = 2.000000, avanceI = 2.000000
inc_x_r = 0.000000, inc_y_r = 1.000000, inc_x_i = 1.000000, inc_y_i = 1.000000
En el else......

----------------------------------------
x = 25.000000, y = 126.000000
avance = -27.000000, avanceR = 2.000000, avanceI = 2.000000
inc_x_r = 0.000000, inc_y_r = 1.000000, inc_x_i = 1.000000, inc_y_i = 1.000000
En el else......

----------------------------------------
x = 25.000000, y = 127.000000
avance = -25.000000, avanceR = 2.000000, avanceI = 2.000000
inc_x_r = 0.000000, inc_y_r = 1.000000, inc_x_i = 1.000000, inc_y_i = 1.000000
En el else......

----------------------------------------
x = 25.000000, y = 128.000000
avance = -23.000000, avanceR = 2.000000, avanceI = 2.000000
inc_x_r = 0.000000, inc_y_r = 1.000000, inc_x_i = 1.000000, inc_y_i = 1.000000
En el else......

----------------------------------------
x = 25.000000, y = 129.000000
avance = -21.000000, avanceR = 2.000000, avanceI = 2.000000
inc_x_r = 0.000000, inc_y_r = 1.000000, inc_x_i = 1.000000, inc_y_i = 1.000000
En el else......

----------------------------------------
x = 25.000000, y = 130.000000
avance = -19.000000, avanceR = 2.000000, avanceI = 2.000000
inc_x_r = 0.000000, inc_y_r = 1.000000, inc_x_i = 1.000000, inc_y_i = 1.000000
En el else......

----------------------------------------
x = 25.000000, y = 131.000000
avance = -17.000000, avanceR = 2.000000, avanceI = 2.000000
inc_x_r = 0.000000, inc_y_r = 1.000000, inc_x_i = 1.000000, inc_y_i = 1.000000
En el else......

----------------------------------------
x = 25.000000, y = 132.000000
avance = -15.000000, avanceR = 2.000000, avanceI = 2.000000
inc_x_r = 0.000000, inc_y_r = 1.000000, inc_x_i = 1.000000, inc_y_i = 1.000000
En el else......

----------------------------------------
x = 25.000000, y = 133.000000
avance = -13.000000, avanceR = 2.000000, avanceI = 2.000000
inc_x_r = 0.000000, inc_y_r = 1.000000, inc_x_i = 1.000000, inc_y_i = 1.000000
En el else......

----------------------------------------
x = 25.000000, y = 134.000000
avance = -11.000000, avanceR = 2.000000, avanceI = 2.000000
inc_x_r = 0.000000, inc_y_r = 1.000000, inc_x_i = 1.000000, inc_y_i = 1.000000
En el else......

----------------------------------------
x = 25.000000, y = 135.000000
avance = -9.000000, avanceR = 2.000000, avanceI = 2.000000
inc_x_r = 0.000000, inc_y_r = 1.000000, inc_x_i = 1.000000, inc_y_i = 1.000000
En el else......

----------------------------------------
x = 25.000000, y = 136.000000
avance = -7.000000, avanceR = 2.000000, avanceI = 2.000000
inc_x_r = 0.000000, inc_y_r = 1.000000, inc_x_i = 1.000000, inc_y_i = 1.000000
En el else......

----------------------------------------
x = 25.000000, y = 137.000000
avance = -5.000000, avanceR = 2.000000, avanceI = 2.000000
inc_x_r = 0.000000, inc_y_r = 1.000000, inc_x_i = 1.000000, inc_y_i = 1.000000
En el else......

----------------------------------------
x = 25.000000, y = 138.000000
avance = -3.000000, avanceR = 2.000000, avanceI = 2.000000
inc_x_r = 0.000000, inc_y_r = 1.000000, inc_x_i = 1.000000, inc_y_i = 1.000000
En el else......

----------------------------------------
x = 25.000000, y = 139.000000
avance = -1.000000, avanceR = 2.000000, avanceI = 2.000000
inc_x_r = 0.000000, inc_y_r = 1.000000, inc_x_i = 1.000000, inc_y_i = 1.000000
En el else......

----------------------------------------
x = 25.000000, y = 140.000000
avance = 1.000000, avanceR = 2.000000, avanceI = 2.000000
inc_x_r = 0.000000, inc_y_r = 1.000000, inc_x_i = 1.000000, inc_y_i = 1.000000
avance >= 0

----------------------------------------
x = 26.000000, y = 141.000000
avance = -499.000000, avanceR = 2.000000, avanceI = 2.000000
inc_x_r = 0.000000, inc_y_r = 1.000000, inc_x_i = 1.000000, inc_y_i = 1.000000
En el else......

----------------------------------------
x = 26.000000, y = 142.000000
avance = -497.000000, avanceR = 2.000000, avanceI = 2.000000
inc_x_r = 0.000000, inc_y_r = 1.000000, inc_x_i = 1.000000, inc_y_i = 1.000000
En el else......

----------------------------------------
x = 26.000000, y = 143.000000
avance = -495.000000, avanceR = 2.000000, avanceI = 2.000000
inc_x_r = 0.000000, inc_y_r = 1.000000, inc_x_i = 1.000000, inc_y_i = 1.000000
En el else......

----------------------------------------
x = 26.000000, y = 144.000000
avance = -493.000000, avanceR = 2.000000, avanceI = 2.000000
inc_x_r = 0.000000, inc_y_r = 1.000000, inc_x_i = 1.000000, inc_y_i = 1.000000
En el else......

----------------------------------------
x = 26.000000, y = 145.000000
avance = -491.000000, avanceR = 2.000000, avanceI = 2.000000
inc_x_r = 0.000000, inc_y_r = 1.000000, inc_x_i = 1.000000, inc_y_i = 1.000000
En el else......

----------------------------------------
x = 26.000000, y = 146.000000
avance = -489.000000, avanceR = 2.000000, avanceI = 2.000000
inc_x_r = 0.000000, inc_y_r = 1.000000, inc_x_i = 1.000000, inc_y_i = 1.000000
En el else......

----------------------------------------
x = 26.000000, y = 147.000000
avance = -487.000000, avanceR = 2.000000, avanceI = 2.000000
inc_x_r = 0.000000, inc_y_r = 1.000000, inc_x_i = 1.000000, inc_y_i = 1.000000
En el else......

----------------------------------------
x = 26.000000, y = 148.000000
avance = -485.000000, avanceR = 2.000000, avanceI = 2.000000
inc_x_r = 0.000000, inc_y_r = 1.000000, inc_x_i = 1.000000, inc_y_i = 1.000000
En el else......

----------------------------------------
x = 26.000000, y = 149.000000
avance = -483.000000, avanceR = 2.000000, avanceI = 2.000000
inc_x_r = 0.000000, inc_y_r = 1.000000, inc_x_i = 1.000000, inc_y_i = 1.000000
En el else......

----------------------------------------
x = 26.000000, y = 150.000000
avance = -481.000000, avanceR = 2.000000, avanceI = 2.000000
inc_x_r = 0.000000, inc_y_r = 1.000000, inc_x_i = 1.000000, inc_y_i = 1.000000
En el else......

----------------------------------------
x = 26.000000, y = 151.000000
avance = -479.000000, avanceR = 2.000000, avanceI = 2.000000
inc_x_r = 0.000000, inc_y_r = 1.000000, inc_x_i = 1.000000, inc_y_i = 1.000000
En el else......

----------------------------------------
x = 26.000000, y = 152.000000
avance = -477.000000, avanceR = 2.000000, avanceI = 2.000000
inc_x_r = 0.000000, inc_y_r = 1.000000, inc_x_i = 1.000000, inc_y_i = 1.000000
En el else......

----------------------------------------
x = 26.000000, y = 153.000000
avance = -475.000000, avanceR = 2.000000, avanceI = 2.000000
inc_x_r = 0.000000, inc_y_r = 1.000000, inc_x_i = 1.000000, inc_y_i = 1.000000
En el else......

----------------------------------------
x = 26.000000, y = 154.000000
avance = -473.000000, avanceR = 2.000000, avanceI = 2.000000
inc_x_r = 0.000000, inc_y_r = 1.000000, inc_x_i = 1.000000, inc_y_i = 1.000000
En el else......

----------------------------------------
x = 26.000000, y = 155.000000
avance = -471.000000, avanceR = 2.000000, avanceI = 2.000000
inc_x_r = 0.000000, inc_y_r = 1.000000, inc_x_i = 1.000000, inc_y_i = 1.000000
En el else......

----------------------------------------
x = 26.000000, y = 156.000000
avance = -469.000000, avanceR = 2.000000, avanceI = 2.000000
inc_x_r = 0.000000, inc_y_r = 1.000000, inc_x_i = 1.000000, inc_y_i = 1.000000
En el else......

----------------------------------------
x = 26.000000, y = 157.000000
avance = -467.000000, avanceR = 2.000000, avanceI = 2.000000
inc_x_r = 0.000000, inc_y_r = 1.000000, inc_x_i = 1.000000, inc_y_i = 1.000000
En el else......

----------------------------------------
x = 26.000000, y = 158.000000
avance = -465.000000, avanceR = 2.000000, avanceI = 2.000000
inc_x_r = 0.000000, inc_y_r = 1.000000, inc_x_i = 1.000000, inc_y_i = 1.000000
En el else......

----------------------------------------
x = 26.000000, y = 159.000000
avance = -463.000000, avanceR = 2.000000, avanceI = 2.000000
inc_x_r = 0.000000, inc_y_r = 1.000000, inc_x_i = 1.000000, inc_y_i = 1.000000
En el else......

----------------------------------------
x = 26.000000, y = 160.000000
avance = -461.000000, avanceR = 2.000000, avanceI = 2.000000
inc_x_r = 0.000000, inc_y_r = 1.000000, inc_x_i = 1.000000, inc_y_i = 1.000000
En el else......

----------------------------------------
x = 26.000000, y = 161.000000
avance = -459.000000, avanceR = 2.000000, avanceI = 2.000000
inc_x_r = 0.000000, inc_y_r = 1.000000, inc_x_i = 1.000000, inc_y_i = 1.000000
En el else......

----------------------------------------
x = 26.000000, y = 162.000000
avance = -457.000000, avanceR = 2.000000, avanceI = 2.000000
inc_x_r = 0.000000, inc_y_r = 1.000000, inc_x_i = 1.000000, inc_y_i = 1.000000
En el else......

----------------------------------------
x = 26.000000, y = 163.000000
avance = -455.000000, avanceR = 2.000000, avanceI = 2.000000
inc_x_r = 0.000000, inc_y_r = 1.000000, inc_x_i = 1.000000, inc_y_i = 1.000000
En el else......

----------------------------------------
x = 26.000000, y = 164.000000
avance = -453.000000, avanceR = 2.000000, avanceI = 2.000000
inc_x_r = 0.000000, inc_y_r = 1.000000, inc_x_i = 1.000000, inc_y_i = 1.000000
En el else......

----------------------------------------
x = 26.000000, y = 165.000000
avance = -451.000000, avanceR = 2.000000, avanceI = 2.000000
inc_x_r = 0.000000, inc_y_r = 1.000000, inc_x_i = 1.000000, inc_y_i = 1.000000
En el else......

----------------------------------------
x = 26.000000, y = 166.000000
avance = -449.000000, avanceR = 2.000000, avanceI = 2.000000
inc_x_r = 0.000000, inc_y_r = 1.000000, inc_x_i = 1.000000, inc_y_i = 1.000000
En el else......

----------------------------------------
x = 26.000000, y = 167.000000
avance = -447.000000, avanceR = 2.000000, avanceI = 2.000000
inc_x_r = 0.000000, inc_y_r = 1.000000, inc_x_i = 1.000000, inc_y_i = 1.000000
En el else......

----------------------------------------
x = 26.000000, y = 168.000000
avance = -445.000000, avanceR = 2.000000, avanceI = 2.000000
inc_x_r = 0.000000, inc_y_r = 1.000000, inc_x_i = 1.000000, inc_y_i = 1.000000
En el else......

----------------------------------------
x = 26.000000, y = 169.000000
avance = -443.000000, avanceR = 2.000000, avanceI = 2.000000
inc_x_r = 0.000000, inc_y_r = 1.000000, inc_x_i = 1.000000, inc_y_i = 1.000000
En el else......

----------------------------------------
x = 26.000000, y = 170.000000
avance = -441.000000, avanceR = 2.000000, avanceI = 2.000000
inc_x_r = 0.000000, inc_y_r = 1.000000, inc_x_i = 1.000000, inc_y_i = 1.000000
En el else......

----------------------------------------
x = 26.000000, y = 171.000000
avance = -439.000000, avanceR = 2.000000, avanceI = 2.000000
inc_x_r = 0.000000, inc_y_r = 1.000000, inc_x_i = 1.000000, inc_y_i = 1.000000
En el else......

----------------------------------------
x = 26.000000, y = 172.000000
avance = -437.000000, avanceR = 2.000000, avanceI = 2.000000
inc_x_r = 0.000000, inc_y_r = 1.000000, inc_x_i = 1.000000, inc_y_i = 1.000000
En el else......

----------------------------------------
x = 26.000000, y = 173.000000
avance = -435.000000, avanceR = 2.000000, avanceI = 2.000000
inc_x_r = 0.000000, inc_y_r = 1.000000, inc_x_i = 1.000000, inc_y_i = 1.000000
En el else......

----------------------------------------
x = 26.000000, y = 174.000000
avance = -433.000000, avanceR = 2.000000, avanceI = 2.000000
inc_x_r = 0.000000, inc_y_r = 1.000000, inc_x_i = 1.000000, inc_y_i = 1.000000
En el else......

----------------------------------------
x = 26.000000, y = 175.000000
avance = -431.000000, avanceR = 2.000000, avanceI = 2.000000
inc_x_r = 0.000000, inc_y_r = 1.000000, inc_x_i = 1.000000, inc_y_i = 1.000000
En el else......

----------------------------------------
x = 26.000000, y = 176.000000
avance = -429.000000, avanceR = 2.000000, avanceI = 2.000000
inc_x_r = 0.000000, inc_y_r = 1.000000, inc_x_i = 1.000000, inc_y_i = 1.000000
En el else......

----------------------------------------
x = 26.000000, y = 177.000000
avance = -427.000000, avanceR = 2.000000, avanceI = 2.000000
inc_x_r = 0.000000, inc_y_r = 1.000000, inc_x_i = 1.000000, inc_y_i = 1.000000
En el else......

----------------------------------------
x = 26.000000, y = 178.000000
avance = -425.000000, avanceR = 2.000000, avanceI = 2.000000
inc_x_r = 0.000000, inc_y_r = 1.000000, inc_x_i = 1.000000, inc_y_i = 1.000000
En el else......

----------------------------------------
x = 26.000000, y = 179.000000
avance = -423.000000, avanceR = 2.000000, avanceI = 2.000000
inc_x_r = 0.000000, inc_y_r = 1.000000, inc_x_i = 1.000000, inc_y_i = 1.000000
En el else......

----------------------------------------
x = 26.000000, y = 180.000000
avance = -421.000000, avanceR = 2.000000, avanceI = 2.000000
inc_x_r = 0.000000, inc_y_r = 1.000000, inc_x_i = 1.000000, inc_y_i = 1.000000
En el else......

----------------------------------------
x = 26.000000, y = 181.000000
avance = -419.000000, avanceR = 2.000000, avanceI = 2.000000
inc_x_r = 0.000000, inc_y_r = 1.000000, inc_x_i = 1.000000, inc_y_i = 1.000000
En el else......

----------------------------------------
x = 26.000000, y = 182.000000
avance = -417.000000, avanceR = 2.000000, avanceI = 2.000000
inc_x_r = 0.000000, inc_y_r = 1.000000, inc_x_i = 1.000000, inc_y_i = 1.000000
En el else......

----------------------------------------
x = 26.000000, y = 183.000000
avance = -415.000000, avanceR = 2.000000, avanceI = 2.000000
inc_x_r = 0.000000, inc_y_r = 1.000000, inc_x_i = 1.000000, inc_y_i = 1.000000
En el else......

----------------------------------------
x = 26.000000, y = 184.000000
avance = -413.000000, avanceR = 2.000000, avanceI = 2.000000
inc_x_r = 0.000000, inc_y_r = 1.000000, inc_x_i = 1.000000, inc_y_i = 1.000000
En el else......

----------------------------------------
x = 26.000000, y = 185.000000
avance = -411.000000, avanceR = 2.000000, avanceI = 2.000000
inc_x_r = 0.000000, inc_y_r = 1.000000, inc_x_i = 1.000000, inc_y_i = 1.000000
En el else......

----------------------------------------
x = 26.000000, y = 186.000000
avance = -409.000000, avanceR = 2.000000, avanceI = 2.000000
inc_x_r = 0.000000, inc_y_r = 1.000000, inc_x_i = 1.000000, inc_y_i = 1.000000
En el else......

----------------------------------------
x = 26.000000, y = 187.000000
avance = -407.000000, avanceR = 2.000000, avanceI = 2.000000
inc_x_r = 0.000000, inc_y_r = 1.000000, inc_x_i = 1.000000, inc_y_i = 1.000000
En el else......

----------------------------------------
x = 26.000000, y = 188.000000
avance = -405.000000, avanceR = 2.000000, avanceI = 2.000000
inc_x_r = 0.000000, inc_y_r = 1.000000, inc_x_i = 1.000000, inc_y_i = 1.000000
En el else......

----------------------------------------
x = 26.000000, y = 189.000000
avance = -403.000000, avanceR = 2.000000, avanceI = 2.000000
inc_x_r = 0.000000, inc_y_r = 1.000000, inc_x_i = 1.000000, inc_y_i = 1.000000
En el else......

----------------------------------------
x = 26.000000, y = 190.000000
avance = -401.000000, avanceR = 2.000000, avanceI = 2.000000
inc_x_r = 0.000000, inc_y_r = 1.000000, inc_x_i = 1.000000, inc_y_i = 1.000000
En el else......

----------------------------------------
x = 26.000000, y = 191.000000
avance = -399.000000, avanceR = 2.000000, avanceI = 2.000000
inc_x_r = 0.000000, inc_y_r = 1.000000, inc_x_i = 1.000000, inc_y_i = 1.000000
En el else......

----------------------------------------
x = 26.000000, y = 192.000000
avance = -397.000000, avanceR = 2.000000, avanceI = 2.000000
inc_x_r = 0.000000, inc_y_r = 1.000000, inc_x_i = 1.000000, inc_y_i = 1.000000
En el else......

----------------------------------------
x = 26.000000, y = 193.000000
avance = -395.000000, avanceR = 2.000000, avanceI = 2.000000
inc_x_r = 0.000000, inc_y_r = 1.000000, inc_x_i = 1.000000, inc_y_i = 1.000000
En el else......

----------------------------------------
x = 26.000000, y = 194.000000
avance = -393.000000, avanceR = 2.000000, avanceI = 2.000000
inc_x_r = 0.000000, inc_y_r = 1.000000, inc_x_i = 1.000000, inc_y_i = 1.000000
En el else......

----------------------------------------
x = 26.000000, y = 195.000000
avance = -391.000000, avanceR = 2.000000, avanceI = 2.000000
inc_x_r = 0.000000, inc_y_r = 1.000000, inc_x_i = 1.000000, inc_y_i = 1.000000
En el else......

----------------------------------------
x = 26.000000, y = 196.000000
avance = -389.000000, avanceR = 2.000000, avanceI = 2.000000
inc_x_r = 0.000000, inc_y_r = 1.000000, inc_x_i = 1.000000, inc_y_i = 1.000000
En el else......

----------------------------------------
x = 26.000000, y = 197.000000
avance = -387.000000, avanceR = 2.000000, avanceI = 2.000000
inc_x_r = 0.000000, inc_y_r = 1.000000, inc_x_i = 1.000000, inc_y_i = 1.000000
En el else......

----------------------------------------
x = 26.000000, y = 198.000000
avance = -385.000000, avanceR = 2.000000, avanceI = 2.000000
inc_x_r = 0.000000, inc_y_r = 1.000000, inc_x_i = 1.000000, inc_y_i = 1.000000
En el else......

----------------------------------------
x = 26.000000, y = 199.000000
avance = -383.000000, avanceR = 2.000000, avanceI = 2.000000
inc_x_r = 0.000000, inc_y_r = 1.000000, inc_x_i = 1.000000, inc_y_i = 1.000000
En el else......

----------------------------------------
x = 26.000000, y = 200.000000
avance = -381.000000, avanceR = 2.000000, avanceI = 2.000000
inc_x_r = 0.000000, inc_y_r = 1.000000, inc_x_i = 1.000000, inc_y_i = 1.000000
En el else......

----------------------------------------
x = 26.000000, y = 201.000000
avance = -379.000000, avanceR = 2.000000, avanceI = 2.000000
inc_x_r = 0.000000, inc_y_r = 1.000000, inc_x_i = 1.000000, inc_y_i = 1.000000
En el else......

----------------------------------------
x = 26.000000, y = 202.000000
avance = -377.000000, avanceR = 2.000000, avanceI = 2.000000
inc_x_r = 0.000000, inc_y_r = 1.000000, inc_x_i = 1.000000, inc_y_i = 1.000000
En el else......

----------------------------------------
x = 26.000000, y = 203.000000
avance = -375.000000, avanceR = 2.000000, avanceI = 2.000000
inc_x_r = 0.000000, inc_y_r = 1.000000, inc_x_i = 1.000000, inc_y_i = 1.000000
En el else......

----------------------------------------
x = 26.000000, y = 204.000000
avance = -373.000000, avanceR = 2.000000, avanceI = 2.000000
inc_x_r = 0.000000, inc_y_r = 1.000000, inc_x_i = 1.000000, inc_y_i = 1.000000
En el else......

----------------------------------------
x = 26.000000, y = 205.000000
avance = -371.000000, avanceR = 2.000000, avanceI = 2.000000
inc_x_r = 0.000000, inc_y_r = 1.000000, inc_x_i = 1.000000, inc_y_i = 1.000000
En el else......

----------------------------------------
x = 26.000000, y = 206.000000
avance = -369.000000, avanceR = 2.000000, avanceI = 2.000000
inc_x_r = 0.000000, inc_y_r = 1.000000, inc_x_i = 1.000000, inc_y_i = 1.000000
En el else......

----------------------------------------
x = 26.000000, y = 207.000000
avance = -367.000000, avanceR = 2.000000, avanceI = 2.000000
inc_x_r = 0.000000, inc_y_r = 1.000000, inc_x_i = 1.000000, inc_y_i = 1.000000
En el else......

----------------------------------------
x = 26.000000, y = 208.000000
avance = -365.000000, avanceR = 2.000000, avanceI = 2.000000
inc_x_r = 0.000000, inc_y_r = 1.000000, inc_x_i = 1.000000, inc_y_i = 1.000000
En el else......

----------------------------------------
x = 26.000000, y = 209.000000
avance = -363.000000, avanceR = 2.000000, avanceI = 2.000000
inc_x_r = 0.000000, inc_y_r = 1.000000, inc_x_i = 1.000000, inc_y_i = 1.000000
En el else......

----------------------------------------
x = 26.000000, y = 210.000000
avance = -361.000000, avanceR = 2.000000, avanceI = 2.000000
inc_x_r = 0.000000, inc_y_r = 1.000000, inc_x_i = 1.000000, inc_y_i = 1.000000
En el else......

----------------------------------------
x = 26.000000, y = 211.000000
avance = -359.000000, avanceR = 2.000000, avanceI = 2.000000
inc_x_r = 0.000000, inc_y_r = 1.000000, inc_x_i = 1.000000, inc_y_i = 1.000000
En el else......

----------------------------------------
x = 26.000000, y = 212.000000
avance = -357.000000, avanceR = 2.000000, avanceI = 2.000000
inc_x_r = 0.000000, inc_y_r = 1.000000, inc_x_i = 1.000000, inc_y_i = 1.000000
En el else......

----------------------------------------
x = 26.000000, y = 213.000000
avance = -355.000000, avanceR = 2.000000, avanceI = 2.000000
inc_x_r = 0.000000, inc_y_r = 1.000000, inc_x_i = 1.000000, inc_y_i = 1.000000
En el else......

----------------------------------------
x = 26.000000, y = 214.000000
avance = -353.000000, avanceR = 2.000000, avanceI = 2.000000
inc_x_r = 0.000000, inc_y_r = 1.000000, inc_x_i = 1.000000, inc_y_i = 1.000000
En el else......

----------------------------------------
x = 26.000000, y = 215.000000
avance = -351.000000, avanceR = 2.000000, avanceI = 2.000000
inc_x_r = 0.000000, inc_y_r = 1.000000, inc_x_i = 1.000000, inc_y_i = 1.000000
En el else......

----------------------------------------
x = 26.000000, y = 216.000000
avance = -349.000000, avanceR = 2.000000, avanceI = 2.000000
inc_x_r = 0.000000, inc_y_r = 1.000000, inc_x_i = 1.000000, inc_y_i = 1.000000
En el else......

----------------------------------------
x = 26.000000, y = 217.000000
avance = -347.000000, avanceR = 2.000000, avanceI = 2.000000
inc_x_r = 0.000000, inc_y_r = 1.000000, inc_x_i = 1.000000, inc_y_i = 1.000000
En el else......

----------------------------------------
x = 26.000000, y = 218.000000
avance = -345.000000, avanceR = 2.000000, avanceI = 2.000000
inc_x_r = 0.000000, inc_y_r = 1.000000, inc_x_i = 1.000000, inc_y_i = 1.000000
En el else......

----------------------------------------
x = 26.000000, y = 219.000000
avance = -343.000000, avanceR = 2.000000, avanceI = 2.000000
inc_x_r = 0.000000, inc_y_r = 1.000000, inc_x_i = 1.000000, inc_y_i = 1.000000
En el else......

----------------------------------------
x = 26.000000, y = 220.000000
avance = -341.000000, avanceR = 2.000000, avanceI = 2.000000
inc_x_r = 0.000000, inc_y_r = 1.000000, inc_x_i = 1.000000, inc_y_i = 1.000000
En el else......

----------------------------------------
x = 26.000000, y = 221.000000
avance = -339.000000, avanceR = 2.000000, avanceI = 2.000000
inc_x_r = 0.000000, inc_y_r = 1.000000, inc_x_i = 1.000000, inc_y_i = 1.000000
En el else......

----------------------------------------
x = 26.000000, y = 222.000000
avance = -337.000000, avanceR = 2.000000, avanceI = 2.000000
inc_x_r = 0.000000, inc_y_r = 1.000000, inc_x_i = 1.000000, inc_y_i = 1.000000
En el else......

----------------------------------------
x = 26.000000, y = 223.000000
avance = -335.000000, avanceR = 2.000000, avanceI = 2.000000
inc_x_r = 0.000000, inc_y_r = 1.000000, inc_x_i = 1.000000, inc_y_i = 1.000000
En el else......

----------------------------------------
x = 26.000000, y = 224.000000
avance = -333.000000, avanceR = 2.000000, avanceI = 2.000000
inc_x_r = 0.000000, inc_y_r = 1.000000, inc_x_i = 1.000000, inc_y_i = 1.000000
En el else......

----------------------------------------
x = 26.000000, y = 225.000000
avance = -331.000000, avanceR = 2.000000, avanceI = 2.000000
inc_x_r = 0.000000, inc_y_r = 1.000000, inc_x_i = 1.000000, inc_y_i = 1.000000
En el else......

----------------------------------------
x = 26.000000, y = 226.000000
avance = -329.000000, avanceR = 2.000000, avanceI = 2.000000
inc_x_r = 0.000000, inc_y_r = 1.000000, inc_x_i = 1.000000, inc_y_i = 1.000000
En el else......

----------------------------------------
x = 26.000000, y = 227.000000
avance = -327.000000, avanceR = 2.000000, avanceI = 2.000000
inc_x_r = 0.000000, inc_y_r = 1.000000, inc_x_i = 1.000000, inc_y_i = 1.000000
En el else......

----------------------------------------
x = 26.000000, y = 228.000000
avance = -325.000000, avanceR = 2.000000, avanceI = 2.000000
inc_x_r = 0.000000, inc_y_r = 1.000000, inc_x_i = 1.000000, inc_y_i = 1.000000
En el else......

----------------------------------------
x = 26.000000, y = 229.000000
avance = -323.000000, avanceR = 2.000000, avanceI = 2.000000
inc_x_r = 0.000000, inc_y_r = 1.000000, inc_x_i = 1.000000, inc_y_i = 1.000000
En el else......

----------------------------------------
x = 26.000000, y = 230.000000
avance = -321.000000, avanceR = 2.000000, avanceI = 2.000000
inc_x_r = 0.000000, inc_y_r = 1.000000, inc_x_i = 1.000000, inc_y_i = 1.000000
En el else......

----------------------------------------
x = 26.000000, y = 231.000000
avance = -319.000000, avanceR = 2.000000, avanceI = 2.000000
inc_x_r = 0.000000, inc_y_r = 1.000000, inc_x_i = 1.000000, inc_y_i = 1.000000
En el else......

----------------------------------------
x = 26.000000, y = 232.000000
avance = -317.000000, avanceR = 2.000000, avanceI = 2.000000
inc_x_r = 0.000000, inc_y_r = 1.000000, inc_x_i = 1.000000, inc_y_i = 1.000000
En el else......

----------------------------------------
x = 26.000000, y = 233.000000
avance = -315.000000, avanceR = 2.000000, avanceI = 2.000000
inc_x_r = 0.000000, inc_y_r = 1.000000, inc_x_i = 1.000000, inc_y_i = 1.000000
En el else......

----------------------------------------
x = 26.000000, y = 234.000000
avance = -313.000000, avanceR = 2.000000, avanceI = 2.000000
inc_x_r = 0.000000, inc_y_r = 1.000000, inc_x_i = 1.000000, inc_y_i = 1.000000
En el else......

----------------------------------------
x = 26.000000, y = 235.000000
avance = -311.000000, avanceR = 2.000000, avanceI = 2.000000
inc_x_r = 0.000000, inc_y_r = 1.000000, inc_x_i = 1.000000, inc_y_i = 1.000000
En el else......

----------------------------------------
x = 26.000000, y = 236.000000
avance = -309.000000, avanceR = 2.000000, avanceI = 2.000000
inc_x_r = 0.000000, inc_y_r = 1.000000, inc_x_i = 1.000000, inc_y_i = 1.000000
En el else......

----------------------------------------
x = 26.000000, y = 237.000000
avance = -307.000000, avanceR = 2.000000, avanceI = 2.000000
inc_x_r = 0.000000, inc_y_r = 1.000000, inc_x_i = 1.000000, inc_y_i = 1.000000
En el else......

----------------------------------------
x = 26.000000, y = 238.000000
avance = -305.000000, avanceR = 2.000000, avanceI = 2.000000
inc_x_r = 0.000000, inc_y_r = 1.000000, inc_x_i = 1.000000, inc_y_i = 1.000000
En el else......

----------------------------------------
x = 26.000000, y = 239.000000
avance = -303.000000, avanceR = 2.000000, avanceI = 2.000000
inc_x_r = 0.000000, inc_y_r = 1.000000, inc_x_i = 1.000000, inc_y_i = 1.000000
En el else......

----------------------------------------
x = 26.000000, y = 240.000000
avance = -301.000000, avanceR = 2.000000, avanceI = 2.000000
inc_x_r = 0.000000, inc_y_r = 1.000000, inc_x_i = 1.000000, inc_y_i = 1.000000
En el else......

----------------------------------------
x = 26.000000, y = 241.000000
avance = -299.000000, avanceR = 2.000000, avanceI = 2.000000
inc_x_r = 0.000000, inc_y_r = 1.000000, inc_x_i = 1.000000, inc_y_i = 1.000000
En el else......

----------------------------------------
x = 26.000000, y = 242.000000
avance = -297.000000, avanceR = 2.000000, avanceI = 2.000000
inc_x_r = 0.000000, inc_y_r = 1.000000, inc_x_i = 1.000000, inc_y_i = 1.000000
En el else......

----------------------------------------
x = 26.000000, y = 243.000000
avance = -295.000000, avanceR = 2.000000, avanceI = 2.000000
inc_x_r = 0.000000, inc_y_r = 1.000000, inc_x_i = 1.000000, inc_y_i = 1.000000
En el else......

----------------------------------------
x = 26.000000, y = 244.000000
avance = -293.000000, avanceR = 2.000000, avanceI = 2.000000
inc_x_r = 0.000000, inc_y_r = 1.000000, inc_x_i = 1.000000, inc_y_i = 1.000000
En el else......

----------------------------------------
x = 26.000000, y = 245.000000
avance = -291.000000, avanceR = 2.000000, avanceI = 2.000000
inc_x_r = 0.000000, inc_y_r = 1.000000, inc_x_i = 1.000000, inc_y_i = 1.000000
En el else......

----------------------------------------
x = 26.000000, y = 246.000000
avance = -289.000000, avanceR = 2.000000, avanceI = 2.000000
inc_x_r = 0.000000, inc_y_r = 1.000000, inc_x_i = 1.000000, inc_y_i = 1.000000
En el else......

----------------------------------------
x = 26.000000, y = 247.000000
avance = -287.000000, avanceR = 2.000000, avanceI = 2.000000
inc_x_r = 0.000000, inc_y_r = 1.000000, inc_x_i = 1.000000, inc_y_i = 1.000000
En el else......

----------------------------------------
x = 26.000000, y = 248.000000
avance = -285.000000, avanceR = 2.000000, avanceI = 2.000000
inc_x_r = 0.000000, inc_y_r = 1.000000, inc_x_i = 1.000000, inc_y_i = 1.000000
En el else......

----------------------------------------
x = 26.000000, y = 249.000000
avance = -283.000000, avanceR = 2.000000, avanceI = 2.000000
inc_x_r = 0.000000, inc_y_r = 1.000000, inc_x_i = 1.000000, inc_y_i = 1.000000
En el else......

----------------------------------------
x = 26.000000, y = 250.000000
avance = -281.000000, avanceR = 2.000000, avanceI = 2.000000
inc_x_r = 0.000000, inc_y_r = 1.000000, inc_x_i = 1.000000, inc_y_i = 1.000000
En el else......

----------------------------------------
x = 26.000000, y = 251.000000
avance = -279.000000, avanceR = 2.000000, avanceI = 2.000000
inc_x_r = 0.000000, inc_y_r = 1.000000, inc_x_i = 1.000000, inc_y_i = 1.000000
En el else......

----------------------------------------
x = 26.000000, y = 252.000000
avance = -277.000000, avanceR = 2.000000, avanceI = 2.000000
inc_x_r = 0.000000, inc_y_r = 1.000000, inc_x_i = 1.000000, inc_y_i = 1.000000
En el else......

----------------------------------------
x = 26.000000, y = 253.000000
avance = -275.000000, avanceR = 2.000000, avanceI = 2.000000
inc_x_r = 0.000000, inc_y_r = 1.000000, inc_x_i = 1.000000, inc_y_i = 1.000000
En el else......

----------------------------------------
x = 26.000000, y = 254.000000
avance = -273.000000, avanceR = 2.000000, avanceI = 2.000000
inc_x_r = 0.000000, inc_y_r = 1.000000, inc_x_i = 1.000000, inc_y_i = 1.000000
En el else......

----------------------------------------
x = 26.000000, y = 255.000000
avance = -271.000000, avanceR = 2.000000, avanceI = 2.000000
inc_x_r = 0.000000, inc_y_r = 1.000000, inc_x_i = 1.000000, inc_y_i = 1.000000
En el else......

----------------------------------------
x = 26.000000, y = 256.000000
avance = -269.000000, avanceR = 2.000000, avanceI = 2.000000
inc_x_r = 0.000000, inc_y_r = 1.000000, inc_x_i = 1.000000, inc_y_i = 1.000000
En el else......

----------------------------------------
x = 26.000000, y = 257.000000
avance = -267.000000, avanceR = 2.000000, avanceI = 2.000000
inc_x_r = 0.000000, inc_y_r = 1.000000, inc_x_i = 1.000000, inc_y_i = 1.000000
En el else......

----------------------------------------
x = 26.000000, y = 258.000000
avance = -265.000000, avanceR = 2.000000, avanceI = 2.000000
inc_x_r = 0.000000, inc_y_r = 1.000000, inc_x_i = 1.000000, inc_y_i = 1.000000
En el else......

----------------------------------------
x = 26.000000, y = 259.000000
avance = -263.000000, avanceR = 2.000000, avanceI = 2.000000
inc_x_r = 0.000000, inc_y_r = 1.000000, inc_x_i = 1.000000, inc_y_i = 1.000000
En el else......

----------------------------------------
x = 26.000000, y = 260.000000
avance = -261.000000, avanceR = 2.000000, avanceI = 2.000000
inc_x_r = 0.000000, inc_y_r = 1.000000, inc_x_i = 1.000000, inc_y_i = 1.000000
En el else......

----------------------------------------
x = 26.000000, y = 261.000000
avance = -259.000000, avanceR = 2.000000, avanceI = 2.000000
inc_x_r = 0.000000, inc_y_r = 1.000000, inc_x_i = 1.000000, inc_y_i = 1.000000
En el else......

----------------------------------------
x = 26.000000, y = 262.000000
avance = -257.000000, avanceR = 2.000000, avanceI = 2.000000
inc_x_r = 0.000000, inc_y_r = 1.000000, inc_x_i = 1.000000, inc_y_i = 1.000000
En el else......

----------------------------------------
x = 26.000000, y = 263.000000
avance = -255.000000, avanceR = 2.000000, avanceI = 2.000000
inc_x_r = 0.000000, inc_y_r = 1.000000, inc_x_i = 1.000000, inc_y_i = 1.000000
En el else......

----------------------------------------
x = 26.000000, y = 264.000000
avance = -253.000000, avanceR = 2.000000, avanceI = 2.000000
inc_x_r = 0.000000, inc_y_r = 1.000000, inc_x_i = 1.000000, inc_y_i = 1.000000
En el else......

----------------------------------------
x = 26.000000, y = 265.000000
avance = -251.000000, avanceR = 2.000000, avanceI = 2.000000
inc_x_r = 0.000000, inc_y_r = 1.000000, inc_x_i = 1.000000, inc_y_i = 1.000000
En el else......

----------------------------------------


ENTRAMOS A BRESENHAMªªªª
x1 = 25.000000 - y1 = 15.000000 || x2 = 26.000000 - y2 = 266.000000
dy = 251.000000, dx = 1.000000
avances inclinados: inc_x_i = 1.000000, inc_y_i = 1.000000
updated: dy = 251.000000, dx = 1.000000
avances rectos: inc_x_r = 0.000000, inc_y_r 1.000000
reupdated: dy = 1.000000, dx = 251.000000
avanceR = 2.000000, avance -249.000000, avanceI 2.000000
----------------------------------------
x = 25.000000, y = 15.000000
avance = -249.000000, avanceR = 2.000000, avanceI = 2.000000
inc_x_r = 0.000000, inc_y_r = 1.000000, inc_x_i = 1.000000, inc_y_i = 1.000000
En el else......

----------------------------------------
x = 25.000000, y = 16.000000
avance = -247.000000, avanceR = 2.000000, avanceI = 2.000000
inc_x_r = 0.000000, inc_y_r = 1.000000, inc_x_i = 1.000000, inc_y_i = 1.000000
En el else......

----------------------------------------
x = 25.000000, y = 17.000000
avance = -245.000000, avanceR = 2.000000, avanceI = 2.000000
inc_x_r = 0.000000, inc_y_r = 1.000000, inc_x_i = 1.000000, inc_y_i = 1.000000
En el else......

----------------------------------------
x = 25.000000, y = 18.000000
avance = -243.000000, avanceR = 2.000000, avanceI = 2.000000
inc_x_r = 0.000000, inc_y_r = 1.000000, inc_x_i = 1.000000, inc_y_i = 1.000000
En el else......

----------------------------------------
x = 25.000000, y = 19.000000
avance = -241.000000, avanceR = 2.000000, avanceI = 2.000000
inc_x_r = 0.000000, inc_y_r = 1.000000, inc_x_i = 1.000000, inc_y_i = 1.000000
En el else......

----------------------------------------
x = 25.000000, y = 20.000000
avance = -239.000000, avanceR = 2.000000, avanceI = 2.000000
inc_x_r = 0.000000, inc_y_r = 1.000000, inc_x_i = 1.000000, inc_y_i = 1.000000
En el else......

----------------------------------------
x = 25.000000, y = 21.000000
avance = -237.000000, avanceR = 2.000000, avanceI = 2.000000
inc_x_r = 0.000000, inc_y_r = 1.000000, inc_x_i = 1.000000, inc_y_i = 1.000000
En el else......

----------------------------------------
x = 25.000000, y = 22.000000
avance = -235.000000, avanceR = 2.000000, avanceI = 2.000000
inc_x_r = 0.000000, inc_y_r = 1.000000, inc_x_i = 1.000000, inc_y_i = 1.000000
En el else......

----------------------------------------
x = 25.000000, y = 23.000000
avance = -233.000000, avanceR = 2.000000, avanceI = 2.000000
inc_x_r = 0.000000, inc_y_r = 1.000000, inc_x_i = 1.000000, inc_y_i = 1.000000
En el else......

----------------------------------------
x = 25.000000, y = 24.000000
avance = -231.000000, avanceR = 2.000000, avanceI = 2.000000
inc_x_r = 0.000000, inc_y_r = 1.000000, inc_x_i = 1.000000, inc_y_i = 1.000000
En el else......

----------------------------------------
x = 25.000000, y = 25.000000
avance = -229.000000, avanceR = 2.000000, avanceI = 2.000000
inc_x_r = 0.000000, inc_y_r = 1.000000, inc_x_i = 1.000000, inc_y_i = 1.000000
En el else......

----------------------------------------
x = 25.000000, y = 26.000000
avance = -227.000000, avanceR = 2.000000, avanceI = 2.000000
inc_x_r = 0.000000, inc_y_r = 1.000000, inc_x_i = 1.000000, inc_y_i = 1.000000
En el else......

----------------------------------------
x = 25.000000, y = 27.000000
avance = -225.000000, avanceR = 2.000000, avanceI = 2.000000
inc_x_r = 0.000000, inc_y_r = 1.000000, inc_x_i = 1.000000, inc_y_i = 1.000000
En el else......

----------------------------------------
x = 25.000000, y = 28.000000
avance = -223.000000, avanceR = 2.000000, avanceI = 2.000000
inc_x_r = 0.000000, inc_y_r = 1.000000, inc_x_i = 1.000000, inc_y_i = 1.000000
En el else......

----------------------------------------
x = 25.000000, y = 29.000000
avance = -221.000000, avanceR = 2.000000, avanceI = 2.000000
inc_x_r = 0.000000, inc_y_r = 1.000000, inc_x_i = 1.000000, inc_y_i = 1.000000
En el else......

----------------------------------------
x = 25.000000, y = 30.000000
avance = -219.000000, avanceR = 2.000000, avanceI = 2.000000
inc_x_r = 0.000000, inc_y_r = 1.000000, inc_x_i = 1.000000, inc_y_i = 1.000000
En el else......

----------------------------------------
x = 25.000000, y = 31.000000
avance = -217.000000, avanceR = 2.000000, avanceI = 2.000000
inc_x_r = 0.000000, inc_y_r = 1.000000, inc_x_i = 1.000000, inc_y_i = 1.000000
En el else......

----------------------------------------
x = 25.000000, y = 32.000000
avance = -215.000000, avanceR = 2.000000, avanceI = 2.000000
inc_x_r = 0.000000, inc_y_r = 1.000000, inc_x_i = 1.000000, inc_y_i = 1.000000
En el else......

----------------------------------------
x = 25.000000, y = 33.000000
avance = -213.000000, avanceR = 2.000000, avanceI = 2.000000
inc_x_r = 0.000000, inc_y_r = 1.000000, inc_x_i = 1.000000, inc_y_i = 1.000000
En el else......

----------------------------------------
x = 25.000000, y = 34.000000
avance = -211.000000, avanceR = 2.000000, avanceI = 2.000000
inc_x_r = 0.000000, inc_y_r = 1.000000, inc_x_i = 1.000000, inc_y_i = 1.000000
En el else......

----------------------------------------
x = 25.000000, y = 35.000000
avance = -209.000000, avanceR = 2.000000, avanceI = 2.000000
inc_x_r = 0.000000, inc_y_r = 1.000000, inc_x_i = 1.000000, inc_y_i = 1.000000
En el else......

----------------------------------------
x = 25.000000, y = 36.000000
avance = -207.000000, avanceR = 2.000000, avanceI = 2.000000
inc_x_r = 0.000000, inc_y_r = 1.000000, inc_x_i = 1.000000, inc_y_i = 1.000000
En el else......

----------------------------------------
x = 25.000000, y = 37.000000
avance = -205.000000, avanceR = 2.000000, avanceI = 2.000000
inc_x_r = 0.000000, inc_y_r = 1.000000, inc_x_i = 1.000000, inc_y_i = 1.000000
En el else......

----------------------------------------
x = 25.000000, y = 38.000000
avance = -203.000000, avanceR = 2.000000, avanceI = 2.000000
inc_x_r = 0.000000, inc_y_r = 1.000000, inc_x_i = 1.000000, inc_y_i = 1.000000
En el else......

----------------------------------------
x = 25.000000, y = 39.000000
avance = -201.000000, avanceR = 2.000000, avanceI = 2.000000
inc_x_r = 0.000000, inc_y_r = 1.000000, inc_x_i = 1.000000, inc_y_i = 1.000000
En el else......

----------------------------------------
x = 25.000000, y = 40.000000
avance = -199.000000, avanceR = 2.000000, avanceI = 2.000000
inc_x_r = 0.000000, inc_y_r = 1.000000, inc_x_i = 1.000000, inc_y_i = 1.000000
En el else......

----------------------------------------
x = 25.000000, y = 41.000000
avance = -197.000000, avanceR = 2.000000, avanceI = 2.000000
inc_x_r = 0.000000, inc_y_r = 1.000000, inc_x_i = 1.000000, inc_y_i = 1.000000
En el else......

----------------------------------------
x = 25.000000, y = 42.000000
avance = -195.000000, avanceR = 2.000000, avanceI = 2.000000
inc_x_r = 0.000000, inc_y_r = 1.000000, inc_x_i = 1.000000, inc_y_i = 1.000000
En el else......

----------------------------------------
x = 25.000000, y = 43.000000
avance = -193.000000, avanceR = 2.000000, avanceI = 2.000000
inc_x_r = 0.000000, inc_y_r = 1.000000, inc_x_i = 1.000000, inc_y_i = 1.000000
En el else......

----------------------------------------
x = 25.000000, y = 44.000000
avance = -191.000000, avanceR = 2.000000, avanceI = 2.000000
inc_x_r = 0.000000, inc_y_r = 1.000000, inc_x_i = 1.000000, inc_y_i = 1.000000
En el else......

----------------------------------------
x = 25.000000, y = 45.000000
avance = -189.000000, avanceR = 2.000000, avanceI = 2.000000
inc_x_r = 0.000000, inc_y_r = 1.000000, inc_x_i = 1.000000, inc_y_i = 1.000000
En el else......

----------------------------------------
x = 25.000000, y = 46.000000
avance = -187.000000, avanceR = 2.000000, avanceI = 2.000000
inc_x_r = 0.000000, inc_y_r = 1.000000, inc_x_i = 1.000000, inc_y_i = 1.000000
En el else......

----------------------------------------
x = 25.000000, y = 47.000000
avance = -185.000000, avanceR = 2.000000, avanceI = 2.000000
inc_x_r = 0.000000, inc_y_r = 1.000000, inc_x_i = 1.000000, inc_y_i = 1.000000
En el else......

----------------------------------------
x = 25.000000, y = 48.000000
avance = -183.000000, avanceR = 2.000000, avanceI = 2.000000
inc_x_r = 0.000000, inc_y_r = 1.000000, inc_x_i = 1.000000, inc_y_i = 1.000000
En el else......

----------------------------------------
x = 25.000000, y = 49.000000
avance = -181.000000, avanceR = 2.000000, avanceI = 2.000000
inc_x_r = 0.000000, inc_y_r = 1.000000, inc_x_i = 1.000000, inc_y_i = 1.000000
En el else......

----------------------------------------
x = 25.000000, y = 50.000000
avance = -179.000000, avanceR = 2.000000, avanceI = 2.000000
inc_x_r = 0.000000, inc_y_r = 1.000000, inc_x_i = 1.000000, inc_y_i = 1.000000
En el else......

----------------------------------------
x = 25.000000, y = 51.000000
avance = -177.000000, avanceR = 2.000000, avanceI = 2.000000
inc_x_r = 0.000000, inc_y_r = 1.000000, inc_x_i = 1.000000, inc_y_i = 1.000000
En el else......

----------------------------------------
x = 25.000000, y = 52.000000
avance = -175.000000, avanceR = 2.000000, avanceI = 2.000000
inc_x_r = 0.000000, inc_y_r = 1.000000, inc_x_i = 1.000000, inc_y_i = 1.000000
En el else......

----------------------------------------
x = 25.000000, y = 53.000000
avance = -173.000000, avanceR = 2.000000, avanceI = 2.000000
inc_x_r = 0.000000, inc_y_r = 1.000000, inc_x_i = 1.000000, inc_y_i = 1.000000
En el else......

----------------------------------------
x = 25.000000, y = 54.000000
avance = -171.000000, avanceR = 2.000000, avanceI = 2.000000
inc_x_r = 0.000000, inc_y_r = 1.000000, inc_x_i = 1.000000, inc_y_i = 1.000000
En el else......

----------------------------------------
x = 25.000000, y = 55.000000
avance = -169.000000, avanceR = 2.000000, avanceI = 2.000000
inc_x_r = 0.000000, inc_y_r = 1.000000, inc_x_i = 1.000000, inc_y_i = 1.000000
En el else......

----------------------------------------
x = 25.000000, y = 56.000000
avance = -167.000000, avanceR = 2.000000, avanceI = 2.000000
inc_x_r = 0.000000, inc_y_r = 1.000000, inc_x_i = 1.000000, inc_y_i = 1.000000
En el else......

----------------------------------------
x = 25.000000, y = 57.000000
avance = -165.000000, avanceR = 2.000000, avanceI = 2.000000
inc_x_r = 0.000000, inc_y_r = 1.000000, inc_x_i = 1.000000, inc_y_i = 1.000000
En el else......

----------------------------------------
x = 25.000000, y = 58.000000
avance = -163.000000, avanceR = 2.000000, avanceI = 2.000000
inc_x_r = 0.000000, inc_y_r = 1.000000, inc_x_i = 1.000000, inc_y_i = 1.000000
En el else......

----------------------------------------
x = 25.000000, y = 59.000000
avance = -161.000000, avanceR = 2.000000, avanceI = 2.000000
inc_x_r = 0.000000, inc_y_r = 1.000000, inc_x_i = 1.000000, inc_y_i = 1.000000
En el else......

----------------------------------------
x = 25.000000, y = 60.000000
avance = -159.000000, avanceR = 2.000000, avanceI = 2.000000
inc_x_r = 0.000000, inc_y_r = 1.000000, inc_x_i = 1.000000, inc_y_i = 1.000000
En el else......

----------------------------------------
x = 25.000000, y = 61.000000
avance = -157.000000, avanceR = 2.000000, avanceI = 2.000000
inc_x_r = 0.000000, inc_y_r = 1.000000, inc_x_i = 1.000000, inc_y_i = 1.000000
En el else......

----------------------------------------
x = 25.000000, y = 62.000000
avance = -155.000000, avanceR = 2.000000, avanceI = 2.000000
inc_x_r = 0.000000, inc_y_r = 1.000000, inc_x_i = 1.000000, inc_y_i = 1.000000
En el else......

----------------------------------------
x = 25.000000, y = 63.000000
avance = -153.000000, avanceR = 2.000000, avanceI = 2.000000
inc_x_r = 0.000000, inc_y_r = 1.000000, inc_x_i = 1.000000, inc_y_i = 1.000000
En el else......

----------------------------------------
x = 25.000000, y = 64.000000
avance = -151.000000, avanceR = 2.000000, avanceI = 2.000000
inc_x_r = 0.000000, inc_y_r = 1.000000, inc_x_i = 1.000000, inc_y_i = 1.000000
En el else......

----------------------------------------
x = 25.000000, y = 65.000000
avance = -149.000000, avanceR = 2.000000, avanceI = 2.000000
inc_x_r = 0.000000, inc_y_r = 1.000000, inc_x_i = 1.000000, inc_y_i = 1.000000
En el else......

----------------------------------------
x = 25.000000, y = 66.000000
avance = -147.000000, avanceR = 2.000000, avanceI = 2.000000
inc_x_r = 0.000000, inc_y_r = 1.000000, inc_x_i = 1.000000, inc_y_i = 1.000000
En el else......

----------------------------------------
x = 25.000000, y = 67.000000
avance = -145.000000, avanceR = 2.000000, avanceI = 2.000000
inc_x_r = 0.000000, inc_y_r = 1.000000, inc_x_i = 1.000000, inc_y_i = 1.000000
En el else......

----------------------------------------
x = 25.000000, y = 68.000000
avance = -143.000000, avanceR = 2.000000, avanceI = 2.000000
inc_x_r = 0.000000, inc_y_r = 1.000000, inc_x_i = 1.000000, inc_y_i = 1.000000
En el else......

----------------------------------------
x = 25.000000, y = 69.000000
avance = -141.000000, avanceR = 2.000000, avanceI = 2.000000
inc_x_r = 0.000000, inc_y_r = 1.000000, inc_x_i = 1.000000, inc_y_i = 1.000000
En el else......

----------------------------------------
x = 25.000000, y = 70.000000
avance = -139.000000, avanceR = 2.000000, avanceI = 2.000000
inc_x_r = 0.000000, inc_y_r = 1.000000, inc_x_i = 1.000000, inc_y_i = 1.000000
En el else......

----------------------------------------
x = 25.000000, y = 71.000000
avance = -137.000000, avanceR = 2.000000, avanceI = 2.000000
inc_x_r = 0.000000, inc_y_r = 1.000000, inc_x_i = 1.000000, inc_y_i = 1.000000
En el else......

----------------------------------------
x = 25.000000, y = 72.000000
avance = -135.000000, avanceR = 2.000000, avanceI = 2.000000
inc_x_r = 0.000000, inc_y_r = 1.000000, inc_x_i = 1.000000, inc_y_i = 1.000000
En el else......

----------------------------------------
x = 25.000000, y = 73.000000
avance = -133.000000, avanceR = 2.000000, avanceI = 2.000000
inc_x_r = 0.000000, inc_y_r = 1.000000, inc_x_i = 1.000000, inc_y_i = 1.000000
En el else......

----------------------------------------
x = 25.000000, y = 74.000000
avance = -131.000000, avanceR = 2.000000, avanceI = 2.000000
inc_x_r = 0.000000, inc_y_r = 1.000000, inc_x_i = 1.000000, inc_y_i = 1.000000
En el else......

----------------------------------------
x = 25.000000, y = 75.000000
avance = -129.000000, avanceR = 2.000000, avanceI = 2.000000
inc_x_r = 0.000000, inc_y_r = 1.000000, inc_x_i = 1.000000, inc_y_i = 1.000000
En el else......

----------------------------------------
x = 25.000000, y = 76.000000
avance = -127.000000, avanceR = 2.000000, avanceI = 2.000000
inc_x_r = 0.000000, inc_y_r = 1.000000, inc_x_i = 1.000000, inc_y_i = 1.000000
En el else......

----------------------------------------
x = 25.000000, y = 77.000000
avance = -125.000000, avanceR = 2.000000, avanceI = 2.000000
inc_x_r = 0.000000, inc_y_r = 1.000000, inc_x_i = 1.000000, inc_y_i = 1.000000
En el else......

----------------------------------------
x = 25.000000, y = 78.000000
avance = -123.000000, avanceR = 2.000000, avanceI = 2.000000
inc_x_r = 0.000000, inc_y_r = 1.000000, inc_x_i = 1.000000, inc_y_i = 1.000000
En el else......

----------------------------------------
x = 25.000000, y = 79.000000
avance = -121.000000, avanceR = 2.000000, avanceI = 2.000000
inc_x_r = 0.000000, inc_y_r = 1.000000, inc_x_i = 1.000000, inc_y_i = 1.000000
En el else......

----------------------------------------
x = 25.000000, y = 80.000000
avance = -119.000000, avanceR = 2.000000, avanceI = 2.000000
inc_x_r = 0.000000, inc_y_r = 1.000000, inc_x_i = 1.000000, inc_y_i = 1.000000
En el else......

----------------------------------------
x = 25.000000, y = 81.000000
avance = -117.000000, avanceR = 2.000000, avanceI = 2.000000
inc_x_r = 0.000000, inc_y_r = 1.000000, inc_x_i = 1.000000, inc_y_i = 1.000000
En el else......

----------------------------------------
x = 25.000000, y = 82.000000
avance = -115.000000, avanceR = 2.000000, avanceI = 2.000000
inc_x_r = 0.000000, inc_y_r = 1.000000, inc_x_i = 1.000000, inc_y_i = 1.000000
En el else......

----------------------------------------
x = 25.000000, y = 83.000000
avance = -113.000000, avanceR = 2.000000, avanceI = 2.000000
inc_x_r = 0.000000, inc_y_r = 1.000000, inc_x_i = 1.000000, inc_y_i = 1.000000
En el else......

----------------------------------------
x = 25.000000, y = 84.000000
avance = -111.000000, avanceR = 2.000000, avanceI = 2.000000
inc_x_r = 0.000000, inc_y_r = 1.000000, inc_x_i = 1.000000, inc_y_i = 1.000000
En el else......

----------------------------------------
x = 25.000000, y = 85.000000
avance = -109.000000, avanceR = 2.000000, avanceI = 2.000000
inc_x_r = 0.000000, inc_y_r = 1.000000, inc_x_i = 1.000000, inc_y_i = 1.000000
En el else......

----------------------------------------
x = 25.000000, y = 86.000000
avance = -107.000000, avanceR = 2.000000, avanceI = 2.000000
inc_x_r = 0.000000, inc_y_r = 1.000000, inc_x_i = 1.000000, inc_y_i = 1.000000
En el else......

----------------------------------------
x = 25.000000, y = 87.000000
avance = -105.000000, avanceR = 2.000000, avanceI = 2.000000
inc_x_r = 0.000000, inc_y_r = 1.000000, inc_x_i = 1.000000, inc_y_i = 1.000000
En el else......

----------------------------------------
x = 25.000000, y = 88.000000
avance = -103.000000, avanceR = 2.000000, avanceI = 2.000000
inc_x_r = 0.000000, inc_y_r = 1.000000, inc_x_i = 1.000000, inc_y_i = 1.000000
En el else......

----------------------------------------
x = 25.000000, y = 89.000000
avance = -101.000000, avanceR = 2.000000, avanceI = 2.000000
inc_x_r = 0.000000, inc_y_r = 1.000000, inc_x_i = 1.000000, inc_y_i = 1.000000
En el else......

----------------------------------------
x = 25.000000, y = 90.000000
avance = -99.000000, avanceR = 2.000000, avanceI = 2.000000
inc_x_r = 0.000000, inc_y_r = 1.000000, inc_x_i = 1.000000, inc_y_i = 1.000000
En el else......

----------------------------------------
x = 25.000000, y = 91.000000
avance = -97.000000, avanceR = 2.000000, avanceI = 2.000000
inc_x_r = 0.000000, inc_y_r = 1.000000, inc_x_i = 1.000000, inc_y_i = 1.000000
En el else......

----------------------------------------
x = 25.000000, y = 92.000000
avance = -95.000000, avanceR = 2.000000, avanceI = 2.000000
inc_x_r = 0.000000, inc_y_r = 1.000000, inc_x_i = 1.000000, inc_y_i = 1.000000
En el else......

----------------------------------------
x = 25.000000, y = 93.000000
avance = -93.000000, avanceR = 2.000000, avanceI = 2.000000
inc_x_r = 0.000000, inc_y_r = 1.000000, inc_x_i = 1.000000, inc_y_i = 1.000000
En el else......

----------------------------------------
x = 25.000000, y = 94.000000
avance = -91.000000, avanceR = 2.000000, avanceI = 2.000000
inc_x_r = 0.000000, inc_y_r = 1.000000, inc_x_i = 1.000000, inc_y_i = 1.000000
En el else......

----------------------------------------
x = 25.000000, y = 95.000000
avance = -89.000000, avanceR = 2.000000, avanceI = 2.000000
inc_x_r = 0.000000, inc_y_r = 1.000000, inc_x_i = 1.000000, inc_y_i = 1.000000
En el else......

----------------------------------------
x = 25.000000, y = 96.000000
avance = -87.000000, avanceR = 2.000000, avanceI = 2.000000
inc_x_r = 0.000000, inc_y_r = 1.000000, inc_x_i = 1.000000, inc_y_i = 1.000000
En el else......

----------------------------------------
x = 25.000000, y = 97.000000
avance = -85.000000, avanceR = 2.000000, avanceI = 2.000000
inc_x_r = 0.000000, inc_y_r = 1.000000, inc_x_i = 1.000000, inc_y_i = 1.000000
En el else......

----------------------------------------
x = 25.000000, y = 98.000000
avance = -83.000000, avanceR = 2.000000, avanceI = 2.000000
inc_x_r = 0.000000, inc_y_r = 1.000000, inc_x_i = 1.000000, inc_y_i = 1.000000
En el else......

----------------------------------------
x = 25.000000, y = 99.000000
avance = -81.000000, avanceR = 2.000000, avanceI = 2.000000
inc_x_r = 0.000000, inc_y_r = 1.000000, inc_x_i = 1.000000, inc_y_i = 1.000000
En el else......

----------------------------------------
x = 25.000000, y = 100.000000
avance = -79.000000, avanceR = 2.000000, avanceI = 2.000000
inc_x_r = 0.000000, inc_y_r = 1.000000, inc_x_i = 1.000000, inc_y_i = 1.000000
En el else......

----------------------------------------
x = 25.000000, y = 101.000000
avance = -77.000000, avanceR = 2.000000, avanceI = 2.000000
inc_x_r = 0.000000, inc_y_r = 1.000000, inc_x_i = 1.000000, inc_y_i = 1.000000
En el else......

----------------------------------------
x = 25.000000, y = 102.000000
avance = -75.000000, avanceR = 2.000000, avanceI = 2.000000
inc_x_r = 0.000000, inc_y_r = 1.000000, inc_x_i = 1.000000, inc_y_i = 1.000000
En el else......

----------------------------------------
x = 25.000000, y = 103.000000
avance = -73.000000, avanceR = 2.000000, avanceI = 2.000000
inc_x_r = 0.000000, inc_y_r = 1.000000, inc_x_i = 1.000000, inc_y_i = 1.000000
En el else......

----------------------------------------
x = 25.000000, y = 104.000000
avance = -71.000000, avanceR = 2.000000, avanceI = 2.000000
inc_x_r = 0.000000, inc_y_r = 1.000000, inc_x_i = 1.000000, inc_y_i = 1.000000
En el else......

----------------------------------------
x = 25.000000, y = 105.000000
avance = -69.000000, avanceR = 2.000000, avanceI = 2.000000
inc_x_r = 0.000000, inc_y_r = 1.000000, inc_x_i = 1.000000, inc_y_i = 1.000000
En el else......

----------------------------------------
x = 25.000000, y = 106.000000
avance = -67.000000, avanceR = 2.000000, avanceI = 2.000000
inc_x_r = 0.000000, inc_y_r = 1.000000, inc_x_i = 1.000000, inc_y_i = 1.000000
En el else......

----------------------------------------
x = 25.000000, y = 107.000000
avance = -65.000000, avanceR = 2.000000, avanceI = 2.000000
inc_x_r = 0.000000, inc_y_r = 1.000000, inc_x_i = 1.000000, inc_y_i = 1.000000
En el else......

----------------------------------------
x = 25.000000, y = 108.000000
avance = -63.000000, avanceR = 2.000000, avanceI = 2.000000
inc_x_r = 0.000000, inc_y_r = 1.000000, inc_x_i = 1.000000, inc_y_i = 1.000000
En el else......

----------------------------------------
x = 25.000000, y = 109.000000
avance = -61.000000, avanceR = 2.000000, avanceI = 2.000000
inc_x_r = 0.000000, inc_y_r = 1.000000, inc_x_i = 1.000000, inc_y_i = 1.000000
En el else......

----------------------------------------
x = 25.000000, y = 110.000000
avance = -59.000000, avanceR = 2.000000, avanceI = 2.000000
inc_x_r = 0.000000, inc_y_r = 1.000000, inc_x_i = 1.000000, inc_y_i = 1.000000
En el else......

----------------------------------------
x = 25.000000, y = 111.000000
avance = -57.000000, avanceR = 2.000000, avanceI = 2.000000
inc_x_r = 0.000000, inc_y_r = 1.000000, inc_x_i = 1.000000, inc_y_i = 1.000000
En el else......

----------------------------------------
x = 25.000000, y = 112.000000
avance = -55.000000, avanceR = 2.000000, avanceI = 2.000000
inc_x_r = 0.000000, inc_y_r = 1.000000, inc_x_i = 1.000000, inc_y_i = 1.000000
En el else......

----------------------------------------
x = 25.000000, y = 113.000000
avance = -53.000000, avanceR = 2.000000, avanceI = 2.000000
inc_x_r = 0.000000, inc_y_r = 1.000000, inc_x_i = 1.000000, inc_y_i = 1.000000
En el else......

----------------------------------------
x = 25.000000, y = 114.000000
avance = -51.000000, avanceR = 2.000000, avanceI = 2.000000
inc_x_r = 0.000000, inc_y_r = 1.000000, inc_x_i = 1.000000, inc_y_i = 1.000000
En el else......

----------------------------------------
x = 25.000000, y = 115.000000
avance = -49.000000, avanceR = 2.000000, avanceI = 2.000000
inc_x_r = 0.000000, inc_y_r = 1.000000, inc_x_i = 1.000000, inc_y_i = 1.000000
En el else......

----------------------------------------
x = 25.000000, y = 116.000000
avance = -47.000000, avanceR = 2.000000, avanceI = 2.000000
inc_x_r = 0.000000, inc_y_r = 1.000000, inc_x_i = 1.000000, inc_y_i = 1.000000
En el else......

----------------------------------------
x = 25.000000, y = 117.000000
avance = -45.000000, avanceR = 2.000000, avanceI = 2.000000
inc_x_r = 0.000000, inc_y_r = 1.000000, inc_x_i = 1.000000, inc_y_i = 1.000000
En el else......

----------------------------------------
x = 25.000000, y = 118.000000
avance = -43.000000, avanceR = 2.000000, avanceI = 2.000000
inc_x_r = 0.000000, inc_y_r = 1.000000, inc_x_i = 1.000000, inc_y_i = 1.000000
En el else......

----------------------------------------
x = 25.000000, y = 119.000000
avance = -41.000000, avanceR = 2.000000, avanceI = 2.000000
inc_x_r = 0.000000, inc_y_r = 1.000000, inc_x_i = 1.000000, inc_y_i = 1.000000
En el else......

----------------------------------------
x = 25.000000, y = 120.000000
avance = -39.000000, avanceR = 2.000000, avanceI = 2.000000
inc_x_r = 0.000000, inc_y_r = 1.000000, inc_x_i = 1.000000, inc_y_i = 1.000000
En el else......

----------------------------------------
x = 25.000000, y = 121.000000
avance = -37.000000, avanceR = 2.000000, avanceI = 2.000000
inc_x_r = 0.000000, inc_y_r = 1.000000, inc_x_i = 1.000000, inc_y_i = 1.000000
En el else......

----------------------------------------
x = 25.000000, y = 122.000000
avance = -35.000000, avanceR = 2.000000, avanceI = 2.000000
inc_x_r = 0.000000, inc_y_r = 1.000000, inc_x_i = 1.000000, inc_y_i = 1.000000
En el else......

----------------------------------------
x = 25.000000, y = 123.000000
avance = -33.000000, avanceR = 2.000000, avanceI = 2.000000
inc_x_r = 0.000000, inc_y_r = 1.000000, inc_x_i = 1.000000, inc_y_i = 1.000000
En el else......

----------------------------------------
x = 25.000000, y = 124.000000
avance = -31.000000, avanceR = 2.000000, avanceI = 2.000000
inc_x_r = 0.000000, inc_y_r = 1.000000, inc_x_i = 1.000000, inc_y_i = 1.000000
En el else......

----------------------------------------
x = 25.000000, y = 125.000000
avance = -29.000000, avanceR = 2.000000, avanceI = 2.000000
inc_x_r = 0.000000, inc_y_r = 1.000000, inc_x_i = 1.000000, inc_y_i = 1.000000
En el else......

----------------------------------------
x = 25.000000, y = 126.000000
avance = -27.000000, avanceR = 2.000000, avanceI = 2.000000
inc_x_r = 0.000000, inc_y_r = 1.000000, inc_x_i = 1.000000, inc_y_i = 1.000000
En el else......

----------------------------------------
x = 25.000000, y = 127.000000
avance = -25.000000, avanceR = 2.000000, avanceI = 2.000000
inc_x_r = 0.000000, inc_y_r = 1.000000, inc_x_i = 1.000000, inc_y_i = 1.000000
En el else......

----------------------------------------
x = 25.000000, y = 128.000000
avance = -23.000000, avanceR = 2.000000, avanceI = 2.000000
inc_x_r = 0.000000, inc_y_r = 1.000000, inc_x_i = 1.000000, inc_y_i = 1.000000
En el else......

----------------------------------------
x = 25.000000, y = 129.000000
avance = -21.000000, avanceR = 2.000000, avanceI = 2.000000
inc_x_r = 0.000000, inc_y_r = 1.000000, inc_x_i = 1.000000, inc_y_i = 1.000000
En el else......

----------------------------------------
x = 25.000000, y = 130.000000
avance = -19.000000, avanceR = 2.000000, avanceI = 2.000000
inc_x_r = 0.000000, inc_y_r = 1.000000, inc_x_i = 1.000000, inc_y_i = 1.000000
En el else......

----------------------------------------
x = 25.000000, y = 131.000000
avance = -17.000000, avanceR = 2.000000, avanceI = 2.000000
inc_x_r = 0.000000, inc_y_r = 1.000000, inc_x_i = 1.000000, inc_y_i = 1.000000
En el else......

----------------------------------------
x = 25.000000, y = 132.000000
avance = -15.000000, avanceR = 2.000000, avanceI = 2.000000
inc_x_r = 0.000000, inc_y_r = 1.000000, inc_x_i = 1.000000, inc_y_i = 1.000000
En el else......

----------------------------------------
x = 25.000000, y = 133.000000
avance = -13.000000, avanceR = 2.000000, avanceI = 2.000000
inc_x_r = 0.000000, inc_y_r = 1.000000, inc_x_i = 1.000000, inc_y_i = 1.000000
En el else......

----------------------------------------
x = 25.000000, y = 134.000000
avance = -11.000000, avanceR = 2.000000, avanceI = 2.000000
inc_x_r = 0.000000, inc_y_r = 1.000000, inc_x_i = 1.000000, inc_y_i = 1.000000
En el else......

----------------------------------------
x = 25.000000, y = 135.000000
avance = -9.000000, avanceR = 2.000000, avanceI = 2.000000
inc_x_r = 0.000000, inc_y_r = 1.000000, inc_x_i = 1.000000, inc_y_i = 1.000000
En el else......

----------------------------------------
x = 25.000000, y = 136.000000
avance = -7.000000, avanceR = 2.000000, avanceI = 2.000000
inc_x_r = 0.000000, inc_y_r = 1.000000, inc_x_i = 1.000000, inc_y_i = 1.000000
En el else......

----------------------------------------
x = 25.000000, y = 137.000000
avance = -5.000000, avanceR = 2.000000, avanceI = 2.000000
inc_x_r = 0.000000, inc_y_r = 1.000000, inc_x_i = 1.000000, inc_y_i = 1.000000
En el else......

----------------------------------------
x = 25.000000, y = 138.000000
avance = -3.000000, avanceR = 2.000000, avanceI = 2.000000
inc_x_r = 0.000000, inc_y_r = 1.000000, inc_x_i = 1.000000, inc_y_i = 1.000000
En el else......

----------------------------------------
x = 25.000000, y = 139.000000
avance = -1.000000, avanceR = 2.000000, avanceI = 2.000000
inc_x_r = 0.000000, inc_y_r = 1.000000, inc_x_i = 1.000000, inc_y_i = 1.000000
En el else......

----------------------------------------
x = 25.000000, y = 140.000000
avance = 1.000000, avanceR = 2.000000, avanceI = 2.000000
inc_x_r = 0.000000, inc_y_r = 1.000000, inc_x_i = 1.000000, inc_y_i = 1.000000
avance >= 0

----------------------------------------
x = 26.000000, y = 141.000000
avance = -499.000000, avanceR = 2.000000, avanceI = 2.000000
inc_x_r = 0.000000, inc_y_r = 1.000000, inc_x_i = 1.000000, inc_y_i = 1.000000
En el else......

----------------------------------------
x = 26.000000, y = 142.000000
avance = -497.000000, avanceR = 2.000000, avanceI = 2.000000
inc_x_r = 0.000000, inc_y_r = 1.000000, inc_x_i = 1.000000, inc_y_i = 1.000000
En el else......

----------------------------------------
x = 26.000000, y = 143.000000
avance = -495.000000, avanceR = 2.000000, avanceI = 2.000000
inc_x_r = 0.000000, inc_y_r = 1.000000, inc_x_i = 1.000000, inc_y_i = 1.000000
En el else......

----------------------------------------
x = 26.000000, y = 144.000000
avance = -493.000000, avanceR = 2.000000, avanceI = 2.000000
inc_x_r = 0.000000, inc_y_r = 1.000000, inc_x_i = 1.000000, inc_y_i = 1.000000
En el else......

----------------------------------------
x = 26.000000, y = 145.000000
avance = -491.000000, avanceR = 2.000000, avanceI = 2.000000
inc_x_r = 0.000000, inc_y_r = 1.000000, inc_x_i = 1.000000, inc_y_i = 1.000000
En el else......

----------------------------------------
x = 26.000000, y = 146.000000
avance = -489.000000, avanceR = 2.000000, avanceI = 2.000000
inc_x_r = 0.000000, inc_y_r = 1.000000, inc_x_i = 1.000000, inc_y_i = 1.000000
En el else......

----------------------------------------
x = 26.000000, y = 147.000000
avance = -487.000000, avanceR = 2.000000, avanceI = 2.000000
inc_x_r = 0.000000, inc_y_r = 1.000000, inc_x_i = 1.000000, inc_y_i = 1.000000
En el else......

----------------------------------------
x = 26.000000, y = 148.000000
avance = -485.000000, avanceR = 2.000000, avanceI = 2.000000
inc_x_r = 0.000000, inc_y_r = 1.000000, inc_x_i = 1.000000, inc_y_i = 1.000000
En el else......

----------------------------------------
x = 26.000000, y = 149.000000
avance = -483.000000, avanceR = 2.000000, avanceI = 2.000000
inc_x_r = 0.000000, inc_y_r = 1.000000, inc_x_i = 1.000000, inc_y_i = 1.000000
En el else......

----------------------------------------
x = 26.000000, y = 150.000000
avance = -481.000000, avanceR = 2.000000, avanceI = 2.000000
inc_x_r = 0.000000, inc_y_r = 1.000000, inc_x_i = 1.000000, inc_y_i = 1.000000
En el else......

----------------------------------------
x = 26.000000, y = 151.000000
avance = -479.000000, avanceR = 2.000000, avanceI = 2.000000
inc_x_r = 0.000000, inc_y_r = 1.000000, inc_x_i = 1.000000, inc_y_i = 1.000000
En el else......

----------------------------------------
x = 26.000000, y = 152.000000
avance = -477.000000, avanceR = 2.000000, avanceI = 2.000000
inc_x_r = 0.000000, inc_y_r = 1.000000, inc_x_i = 1.000000, inc_y_i = 1.000000
En el else......

----------------------------------------
x = 26.000000, y = 153.000000
avance = -475.000000, avanceR = 2.000000, avanceI = 2.000000
inc_x_r = 0.000000, inc_y_r = 1.000000, inc_x_i = 1.000000, inc_y_i = 1.000000
En el else......

----------------------------------------
x = 26.000000, y = 154.000000
avance = -473.000000, avanceR = 2.000000, avanceI = 2.000000
inc_x_r = 0.000000, inc_y_r = 1.000000, inc_x_i = 1.000000, inc_y_i = 1.000000
En el else......

----------------------------------------
x = 26.000000, y = 155.000000
avance = -471.000000, avanceR = 2.000000, avanceI = 2.000000
inc_x_r = 0.000000, inc_y_r = 1.000000, inc_x_i = 1.000000, inc_y_i = 1.000000
En el else......

----------------------------------------
x = 26.000000, y = 156.000000
avance = -469.000000, avanceR = 2.000000, avanceI = 2.000000
inc_x_r = 0.000000, inc_y_r = 1.000000, inc_x_i = 1.000000, inc_y_i = 1.000000
En el else......

----------------------------------------
x = 26.000000, y = 157.000000
avance = -467.000000, avanceR = 2.000000, avanceI = 2.000000
inc_x_r = 0.000000, inc_y_r = 1.000000, inc_x_i = 1.000000, inc_y_i = 1.000000
En el else......

----------------------------------------
x = 26.000000, y = 158.000000
avance = -465.000000, avanceR = 2.000000, avanceI = 2.000000
inc_x_r = 0.000000, inc_y_r = 1.000000, inc_x_i = 1.000000, inc_y_i = 1.000000
En el else......

----------------------------------------
x = 26.000000, y = 159.000000
avance = -463.000000, avanceR = 2.000000, avanceI = 2.000000
inc_x_r = 0.000000, inc_y_r = 1.000000, inc_x_i = 1.000000, inc_y_i = 1.000000
En el else......

----------------------------------------
x = 26.000000, y = 160.000000
avance = -461.000000, avanceR = 2.000000, avanceI = 2.000000
inc_x_r = 0.000000, inc_y_r = 1.000000, inc_x_i = 1.000000, inc_y_i = 1.000000
En el else......

----------------------------------------
x = 26.000000, y = 161.000000
avance = -459.000000, avanceR = 2.000000, avanceI = 2.000000
inc_x_r = 0.000000, inc_y_r = 1.000000, inc_x_i = 1.000000, inc_y_i = 1.000000
En el else......

----------------------------------------
x = 26.000000, y = 162.000000
avance = -457.000000, avanceR = 2.000000, avanceI = 2.000000
inc_x_r = 0.000000, inc_y_r = 1.000000, inc_x_i = 1.000000, inc_y_i = 1.000000
En el else......

----------------------------------------
x = 26.000000, y = 163.000000
avance = -455.000000, avanceR = 2.000000, avanceI = 2.000000
inc_x_r = 0.000000, inc_y_r = 1.000000, inc_x_i = 1.000000, inc_y_i = 1.000000
En el else......

----------------------------------------
x = 26.000000, y = 164.000000
avance = -453.000000, avanceR = 2.000000, avanceI = 2.000000
inc_x_r = 0.000000, inc_y_r = 1.000000, inc_x_i = 1.000000, inc_y_i = 1.000000
En el else......

----------------------------------------
x = 26.000000, y = 165.000000
avance = -451.000000, avanceR = 2.000000, avanceI = 2.000000
inc_x_r = 0.000000, inc_y_r = 1.000000, inc_x_i = 1.000000, inc_y_i = 1.000000
En el else......

----------------------------------------
x = 26.000000, y = 166.000000
avance = -449.000000, avanceR = 2.000000, avanceI = 2.000000
inc_x_r = 0.000000, inc_y_r = 1.000000, inc_x_i = 1.000000, inc_y_i = 1.000000
En el else......

----------------------------------------
x = 26.000000, y = 167.000000
avance = -447.000000, avanceR = 2.000000, avanceI = 2.000000
inc_x_r = 0.000000, inc_y_r = 1.000000, inc_x_i = 1.000000, inc_y_i = 1.000000
En el else......

----------------------------------------
x = 26.000000, y = 168.000000
avance = -445.000000, avanceR = 2.000000, avanceI = 2.000000
inc_x_r = 0.000000, inc_y_r = 1.000000, inc_x_i = 1.000000, inc_y_i = 1.000000
En el else......

----------------------------------------
x = 26.000000, y = 169.000000
avance = -443.000000, avanceR = 2.000000, avanceI = 2.000000
inc_x_r = 0.000000, inc_y_r = 1.000000, inc_x_i = 1.000000, inc_y_i = 1.000000
En el else......

----------------------------------------
x = 26.000000, y = 170.000000
avance = -441.000000, avanceR = 2.000000, avanceI = 2.000000
inc_x_r = 0.000000, inc_y_r = 1.000000, inc_x_i = 1.000000, inc_y_i = 1.000000
En el else......

----------------------------------------
x = 26.000000, y = 171.000000
avance = -439.000000, avanceR = 2.000000, avanceI = 2.000000
inc_x_r = 0.000000, inc_y_r = 1.000000, inc_x_i = 1.000000, inc_y_i = 1.000000
En el else......

----------------------------------------
x = 26.000000, y = 172.000000
avance = -437.000000, avanceR = 2.000000, avanceI = 2.000000
inc_x_r = 0.000000, inc_y_r = 1.000000, inc_x_i = 1.000000, inc_y_i = 1.000000
En el else......

----------------------------------------
x = 26.000000, y = 173.000000
avance = -435.000000, avanceR = 2.000000, avanceI = 2.000000
inc_x_r = 0.000000, inc_y_r = 1.000000, inc_x_i = 1.000000, inc_y_i = 1.000000
En el else......

----------------------------------------
x = 26.000000, y = 174.000000
avance = -433.000000, avanceR = 2.000000, avanceI = 2.000000
inc_x_r = 0.000000, inc_y_r = 1.000000, inc_x_i = 1.000000, inc_y_i = 1.000000
En el else......

----------------------------------------
x = 26.000000, y = 175.000000
avance = -431.000000, avanceR = 2.000000, avanceI = 2.000000
inc_x_r = 0.000000, inc_y_r = 1.000000, inc_x_i = 1.000000, inc_y_i = 1.000000
En el else......

----------------------------------------
x = 26.000000, y = 176.000000
avance = -429.000000, avanceR = 2.000000, avanceI = 2.000000
inc_x_r = 0.000000, inc_y_r = 1.000000, inc_x_i = 1.000000, inc_y_i = 1.000000
En el else......

----------------------------------------
x = 26.000000, y = 177.000000
avance = -427.000000, avanceR = 2.000000, avanceI = 2.000000
inc_x_r = 0.000000, inc_y_r = 1.000000, inc_x_i = 1.000000, inc_y_i = 1.000000
En el else......

----------------------------------------
x = 26.000000, y = 178.000000
avance = -425.000000, avanceR = 2.000000, avanceI = 2.000000
inc_x_r = 0.000000, inc_y_r = 1.000000, inc_x_i = 1.000000, inc_y_i = 1.000000
En el else......

----------------------------------------
x = 26.000000, y = 179.000000
avance = -423.000000, avanceR = 2.000000, avanceI = 2.000000
inc_x_r = 0.000000, inc_y_r = 1.000000, inc_x_i = 1.000000, inc_y_i = 1.000000
En el else......

----------------------------------------
x = 26.000000, y = 180.000000
avance = -421.000000, avanceR = 2.000000, avanceI = 2.000000
inc_x_r = 0.000000, inc_y_r = 1.000000, inc_x_i = 1.000000, inc_y_i = 1.000000
En el else......

----------------------------------------
x = 26.000000, y = 181.000000
avance = -419.000000, avanceR = 2.000000, avanceI = 2.000000
inc_x_r = 0.000000, inc_y_r = 1.000000, inc_x_i = 1.000000, inc_y_i = 1.000000
En el else......

----------------------------------------
x = 26.000000, y = 182.000000
avance = -417.000000, avanceR = 2.000000, avanceI = 2.000000
inc_x_r = 0.000000, inc_y_r = 1.000000, inc_x_i = 1.000000, inc_y_i = 1.000000
En el else......

----------------------------------------
x = 26.000000, y = 183.000000
avance = -415.000000, avanceR = 2.000000, avanceI = 2.000000
inc_x_r = 0.000000, inc_y_r = 1.000000, inc_x_i = 1.000000, inc_y_i = 1.000000
En el else......

----------------------------------------
x = 26.000000, y = 184.000000
avance = -413.000000, avanceR = 2.000000, avanceI = 2.000000
inc_x_r = 0.000000, inc_y_r = 1.000000, inc_x_i = 1.000000, inc_y_i = 1.000000
En el else......

----------------------------------------
x = 26.000000, y = 185.000000
avance = -411.000000, avanceR = 2.000000, avanceI = 2.000000
inc_x_r = 0.000000, inc_y_r = 1.000000, inc_x_i = 1.000000, inc_y_i = 1.000000
En el else......

----------------------------------------
x = 26.000000, y = 186.000000
avance = -409.000000, avanceR = 2.000000, avanceI = 2.000000
inc_x_r = 0.000000, inc_y_r = 1.000000, inc_x_i = 1.000000, inc_y_i = 1.000000
En el else......

----------------------------------------
x = 26.000000, y = 187.000000
avance = -407.000000, avanceR = 2.000000, avanceI = 2.000000
inc_x_r = 0.000000, inc_y_r = 1.000000, inc_x_i = 1.000000, inc_y_i = 1.000000
En el else......

----------------------------------------
x = 26.000000, y = 188.000000
avance = -405.000000, avanceR = 2.000000, avanceI = 2.000000
inc_x_r = 0.000000, inc_y_r = 1.000000, inc_x_i = 1.000000, inc_y_i = 1.000000
En el else......

----------------------------------------
x = 26.000000, y = 189.000000
avance = -403.000000, avanceR = 2.000000, avanceI = 2.000000
inc_x_r = 0.000000, inc_y_r = 1.000000, inc_x_i = 1.000000, inc_y_i = 1.000000
En el else......

----------------------------------------
x = 26.000000, y = 190.000000
avance = -401.000000, avanceR = 2.000000, avanceI = 2.000000
inc_x_r = 0.000000, inc_y_r = 1.000000, inc_x_i = 1.000000, inc_y_i = 1.000000
En el else......

----------------------------------------
x = 26.000000, y = 191.000000
avance = -399.000000, avanceR = 2.000000, avanceI = 2.000000
inc_x_r = 0.000000, inc_y_r = 1.000000, inc_x_i = 1.000000, inc_y_i = 1.000000
En el else......

----------------------------------------
x = 26.000000, y = 192.000000
avance = -397.000000, avanceR = 2.000000, avanceI = 2.000000
inc_x_r = 0.000000, inc_y_r = 1.000000, inc_x_i = 1.000000, inc_y_i = 1.000000
En el else......

----------------------------------------
x = 26.000000, y = 193.000000
avance = -395.000000, avanceR = 2.000000, avanceI = 2.000000
inc_x_r = 0.000000, inc_y_r = 1.000000, inc_x_i = 1.000000, inc_y_i = 1.000000
En el else......

----------------------------------------
x = 26.000000, y = 194.000000
avance = -393.000000, avanceR = 2.000000, avanceI = 2.000000
inc_x_r = 0.000000, inc_y_r = 1.000000, inc_x_i = 1.000000, inc_y_i = 1.000000
En el else......

----------------------------------------
x = 26.000000, y = 195.000000
avance = -391.000000, avanceR = 2.000000, avanceI = 2.000000
inc_x_r = 0.000000, inc_y_r = 1.000000, inc_x_i = 1.000000, inc_y_i = 1.000000
En el else......

----------------------------------------
x = 26.000000, y = 196.000000
avance = -389.000000, avanceR = 2.000000, avanceI = 2.000000
inc_x_r = 0.000000, inc_y_r = 1.000000, inc_x_i = 1.000000, inc_y_i = 1.000000
En el else......

----------------------------------------
x = 26.000000, y = 197.000000
avance = -387.000000, avanceR = 2.000000, avanceI = 2.000000
inc_x_r = 0.000000, inc_y_r = 1.000000, inc_x_i = 1.000000, inc_y_i = 1.000000
En el else......

----------------------------------------
x = 26.000000, y = 198.000000
avance = -385.000000, avanceR = 2.000000, avanceI = 2.000000
inc_x_r = 0.000000, inc_y_r = 1.000000, inc_x_i = 1.000000, inc_y_i = 1.000000
En el else......

----------------------------------------
x = 26.000000, y = 199.000000
avance = -383.000000, avanceR = 2.000000, avanceI = 2.000000
inc_x_r = 0.000000, inc_y_r = 1.000000, inc_x_i = 1.000000, inc_y_i = 1.000000
En el else......

----------------------------------------
x = 26.000000, y = 200.000000
avance = -381.000000, avanceR = 2.000000, avanceI = 2.000000
inc_x_r = 0.000000, inc_y_r = 1.000000, inc_x_i = 1.000000, inc_y_i = 1.000000
En el else......

----------------------------------------
x = 26.000000, y = 201.000000
avance = -379.000000, avanceR = 2.000000, avanceI = 2.000000
inc_x_r = 0.000000, inc_y_r = 1.000000, inc_x_i = 1.000000, inc_y_i = 1.000000
En el else......

----------------------------------------
x = 26.000000, y = 202.000000
avance = -377.000000, avanceR = 2.000000, avanceI = 2.000000
inc_x_r = 0.000000, inc_y_r = 1.000000, inc_x_i = 1.000000, inc_y_i = 1.000000
En el else......

----------------------------------------
x = 26.000000, y = 203.000000
avance = -375.000000, avanceR = 2.000000, avanceI = 2.000000
inc_x_r = 0.000000, inc_y_r = 1.000000, inc_x_i = 1.000000, inc_y_i = 1.000000
En el else......

----------------------------------------
x = 26.000000, y = 204.000000
avance = -373.000000, avanceR = 2.000000, avanceI = 2.000000
inc_x_r = 0.000000, inc_y_r = 1.000000, inc_x_i = 1.000000, inc_y_i = 1.000000
En el else......

----------------------------------------
x = 26.000000, y = 205.000000
avance = -371.000000, avanceR = 2.000000, avanceI = 2.000000
inc_x_r = 0.000000, inc_y_r = 1.000000, inc_x_i = 1.000000, inc_y_i = 1.000000
En el else......

----------------------------------------
x = 26.000000, y = 206.000000
avance = -369.000000, avanceR = 2.000000, avanceI = 2.000000
inc_x_r = 0.000000, inc_y_r = 1.000000, inc_x_i = 1.000000, inc_y_i = 1.000000
En el else......

----------------------------------------
x = 26.000000, y = 207.000000
avance = -367.000000, avanceR = 2.000000, avanceI = 2.000000
inc_x_r = 0.000000, inc_y_r = 1.000000, inc_x_i = 1.000000, inc_y_i = 1.000000
En el else......

----------------------------------------
x = 26.000000, y = 208.000000
avance = -365.000000, avanceR = 2.000000, avanceI = 2.000000
inc_x_r = 0.000000, inc_y_r = 1.000000, inc_x_i = 1.000000, inc_y_i = 1.000000
En el else......

----------------------------------------
x = 26.000000, y = 209.000000
avance = -363.000000, avanceR = 2.000000, avanceI = 2.000000
inc_x_r = 0.000000, inc_y_r = 1.000000, inc_x_i = 1.000000, inc_y_i = 1.000000
En el else......

----------------------------------------
x = 26.000000, y = 210.000000
avance = -361.000000, avanceR = 2.000000, avanceI = 2.000000
inc_x_r = 0.000000, inc_y_r = 1.000000, inc_x_i = 1.000000, inc_y_i = 1.000000
En el else......

----------------------------------------
x = 26.000000, y = 211.000000
avance = -359.000000, avanceR = 2.000000, avanceI = 2.000000
inc_x_r = 0.000000, inc_y_r = 1.000000, inc_x_i = 1.000000, inc_y_i = 1.000000
En el else......

----------------------------------------
x = 26.000000, y = 212.000000
avance = -357.000000, avanceR = 2.000000, avanceI = 2.000000
inc_x_r = 0.000000, inc_y_r = 1.000000, inc_x_i = 1.000000, inc_y_i = 1.000000
En el else......

----------------------------------------
x = 26.000000, y = 213.000000
avance = -355.000000, avanceR = 2.000000, avanceI = 2.000000
inc_x_r = 0.000000, inc_y_r = 1.000000, inc_x_i = 1.000000, inc_y_i = 1.000000
En el else......

----------------------------------------
x = 26.000000, y = 214.000000
avance = -353.000000, avanceR = 2.000000, avanceI = 2.000000
inc_x_r = 0.000000, inc_y_r = 1.000000, inc_x_i = 1.000000, inc_y_i = 1.000000
En el else......

----------------------------------------
x = 26.000000, y = 215.000000
avance = -351.000000, avanceR = 2.000000, avanceI = 2.000000
inc_x_r = 0.000000, inc_y_r = 1.000000, inc_x_i = 1.000000, inc_y_i = 1.000000
En el else......

----------------------------------------
x = 26.000000, y = 216.000000
avance = -349.000000, avanceR = 2.000000, avanceI = 2.000000
inc_x_r = 0.000000, inc_y_r = 1.000000, inc_x_i = 1.000000, inc_y_i = 1.000000
En el else......

----------------------------------------
x = 26.000000, y = 217.000000
avance = -347.000000, avanceR = 2.000000, avanceI = 2.000000
inc_x_r = 0.000000, inc_y_r = 1.000000, inc_x_i = 1.000000, inc_y_i = 1.000000
En el else......

----------------------------------------
x = 26.000000, y = 218.000000
avance = -345.000000, avanceR = 2.000000, avanceI = 2.000000
inc_x_r = 0.000000, inc_y_r = 1.000000, inc_x_i = 1.000000, inc_y_i = 1.000000
En el else......

----------------------------------------
x = 26.000000, y = 219.000000
avance = -343.000000, avanceR = 2.000000, avanceI = 2.000000
inc_x_r = 0.000000, inc_y_r = 1.000000, inc_x_i = 1.000000, inc_y_i = 1.000000
En el else......

----------------------------------------
x = 26.000000, y = 220.000000
avance = -341.000000, avanceR = 2.000000, avanceI = 2.000000
inc_x_r = 0.000000, inc_y_r = 1.000000, inc_x_i = 1.000000, inc_y_i = 1.000000
En el else......

----------------------------------------
x = 26.000000, y = 221.000000
avance = -339.000000, avanceR = 2.000000, avanceI = 2.000000
inc_x_r = 0.000000, inc_y_r = 1.000000, inc_x_i = 1.000000, inc_y_i = 1.000000
En el else......

----------------------------------------
x = 26.000000, y = 222.000000
avance = -337.000000, avanceR = 2.000000, avanceI = 2.000000
inc_x_r = 0.000000, inc_y_r = 1.000000, inc_x_i = 1.000000, inc_y_i = 1.000000
En el else......

----------------------------------------
x = 26.000000, y = 223.000000
avance = -335.000000, avanceR = 2.000000, avanceI = 2.000000
inc_x_r = 0.000000, inc_y_r = 1.000000, inc_x_i = 1.000000, inc_y_i = 1.000000
En el else......

----------------------------------------
x = 26.000000, y = 224.000000
avance = -333.000000, avanceR = 2.000000, avanceI = 2.000000
inc_x_r = 0.000000, inc_y_r = 1.000000, inc_x_i = 1.000000, inc_y_i = 1.000000
En el else......

----------------------------------------
x = 26.000000, y = 225.000000
avance = -331.000000, avanceR = 2.000000, avanceI = 2.000000
inc_x_r = 0.000000, inc_y_r = 1.000000, inc_x_i = 1.000000, inc_y_i = 1.000000
En el else......

----------------------------------------
x = 26.000000, y = 226.000000
avance = -329.000000, avanceR = 2.000000, avanceI = 2.000000
inc_x_r = 0.000000, inc_y_r = 1.000000, inc_x_i = 1.000000, inc_y_i = 1.000000
En el else......

----------------------------------------
x = 26.000000, y = 227.000000
avance = -327.000000, avanceR = 2.000000, avanceI = 2.000000
inc_x_r = 0.000000, inc_y_r = 1.000000, inc_x_i = 1.000000, inc_y_i = 1.000000
En el else......

----------------------------------------
x = 26.000000, y = 228.000000
avance = -325.000000, avanceR = 2.000000, avanceI = 2.000000
inc_x_r = 0.000000, inc_y_r = 1.000000, inc_x_i = 1.000000, inc_y_i = 1.000000
En el else......

----------------------------------------
x = 26.000000, y = 229.000000
avance = -323.000000, avanceR = 2.000000, avanceI = 2.000000
inc_x_r = 0.000000, inc_y_r = 1.000000, inc_x_i = 1.000000, inc_y_i = 1.000000
En el else......

----------------------------------------
x = 26.000000, y = 230.000000
avance = -321.000000, avanceR = 2.000000, avanceI = 2.000000
inc_x_r = 0.000000, inc_y_r = 1.000000, inc_x_i = 1.000000, inc_y_i = 1.000000
En el else......

----------------------------------------
x = 26.000000, y = 231.000000
avance = -319.000000, avanceR = 2.000000, avanceI = 2.000000
inc_x_r = 0.000000, inc_y_r = 1.000000, inc_x_i = 1.000000, inc_y_i = 1.000000
En el else......

----------------------------------------
x = 26.000000, y = 232.000000
avance = -317.000000, avanceR = 2.000000, avanceI = 2.000000
inc_x_r = 0.000000, inc_y_r = 1.000000, inc_x_i = 1.000000, inc_y_i = 1.000000
En el else......

----------------------------------------
x = 26.000000, y = 233.000000
avance = -315.000000, avanceR = 2.000000, avanceI = 2.000000
inc_x_r = 0.000000, inc_y_r = 1.000000, inc_x_i = 1.000000, inc_y_i = 1.000000
En el else......

----------------------------------------
x = 26.000000, y = 234.000000
avance = -313.000000, avanceR = 2.000000, avanceI = 2.000000
inc_x_r = 0.000000, inc_y_r = 1.000000, inc_x_i = 1.000000, inc_y_i = 1.000000
En el else......

----------------------------------------
x = 26.000000, y = 235.000000
avance = -311.000000, avanceR = 2.000000, avanceI = 2.000000
inc_x_r = 0.000000, inc_y_r = 1.000000, inc_x_i = 1.000000, inc_y_i = 1.000000
En el else......

----------------------------------------
x = 26.000000, y = 236.000000
avance = -309.000000, avanceR = 2.000000, avanceI = 2.000000
inc_x_r = 0.000000, inc_y_r = 1.000000, inc_x_i = 1.000000, inc_y_i = 1.000000
En el else......

----------------------------------------
x = 26.000000, y = 237.000000
avance = -307.000000, avanceR = 2.000000, avanceI = 2.000000
inc_x_r = 0.000000, inc_y_r = 1.000000, inc_x_i = 1.000000, inc_y_i = 1.000000
En el else......

----------------------------------------
x = 26.000000, y = 238.000000
avance = -305.000000, avanceR = 2.000000, avanceI = 2.000000
inc_x_r = 0.000000, inc_y_r = 1.000000, inc_x_i = 1.000000, inc_y_i = 1.000000
En el else......

----------------------------------------
x = 26.000000, y = 239.000000
avance = -303.000000, avanceR = 2.000000, avanceI = 2.000000
inc_x_r = 0.000000, inc_y_r = 1.000000, inc_x_i = 1.000000, inc_y_i = 1.000000
En el else......

----------------------------------------
x = 26.000000, y = 240.000000
avance = -301.000000, avanceR = 2.000000, avanceI = 2.000000
inc_x_r = 0.000000, inc_y_r = 1.000000, inc_x_i = 1.000000, inc_y_i = 1.000000
En el else......

----------------------------------------
x = 26.000000, y = 241.000000
avance = -299.000000, avanceR = 2.000000, avanceI = 2.000000
inc_x_r = 0.000000, inc_y_r = 1.000000, inc_x_i = 1.000000, inc_y_i = 1.000000
En el else......

----------------------------------------
x = 26.000000, y = 242.000000
avance = -297.000000, avanceR = 2.000000, avanceI = 2.000000
inc_x_r = 0.000000, inc_y_r = 1.000000, inc_x_i = 1.000000, inc_y_i = 1.000000
En el else......

----------------------------------------
x = 26.000000, y = 243.000000
avance = -295.000000, avanceR = 2.000000, avanceI = 2.000000
inc_x_r = 0.000000, inc_y_r = 1.000000, inc_x_i = 1.000000, inc_y_i = 1.000000
En el else......

----------------------------------------
x = 26.000000, y = 244.000000
avance = -293.000000, avanceR = 2.000000, avanceI = 2.000000
inc_x_r = 0.000000, inc_y_r = 1.000000, inc_x_i = 1.000000, inc_y_i = 1.000000
En el else......

----------------------------------------
x = 26.000000, y = 245.000000
avance = -291.000000, avanceR = 2.000000, avanceI = 2.000000
inc_x_r = 0.000000, inc_y_r = 1.000000, inc_x_i = 1.000000, inc_y_i = 1.000000
En el else......

----------------------------------------
x = 26.000000, y = 246.000000
avance = -289.000000, avanceR = 2.000000, avanceI = 2.000000
inc_x_r = 0.000000, inc_y_r = 1.000000, inc_x_i = 1.000000, inc_y_i = 1.000000
En el else......

----------------------------------------
x = 26.000000, y = 247.000000
avance = -287.000000, avanceR = 2.000000, avanceI = 2.000000
inc_x_r = 0.000000, inc_y_r = 1.000000, inc_x_i = 1.000000, inc_y_i = 1.000000
En el else......

----------------------------------------
x = 26.000000, y = 248.000000
avance = -285.000000, avanceR = 2.000000, avanceI = 2.000000
inc_x_r = 0.000000, inc_y_r = 1.000000, inc_x_i = 1.000000, inc_y_i = 1.000000
En el else......

----------------------------------------
x = 26.000000, y = 249.000000
avance = -283.000000, avanceR = 2.000000, avanceI = 2.000000
inc_x_r = 0.000000, inc_y_r = 1.000000, inc_x_i = 1.000000, inc_y_i = 1.000000
En el else......

----------------------------------------
x = 26.000000, y = 250.000000
avance = -281.000000, avanceR = 2.000000, avanceI = 2.000000
inc_x_r = 0.000000, inc_y_r = 1.000000, inc_x_i = 1.000000, inc_y_i = 1.000000
En el else......

----------------------------------------
x = 26.000000, y = 251.000000
avance = -279.000000, avanceR = 2.000000, avanceI = 2.000000
inc_x_r = 0.000000, inc_y_r = 1.000000, inc_x_i = 1.000000, inc_y_i = 1.000000
En el else......

----------------------------------------
x = 26.000000, y = 252.000000
avance = -277.000000, avanceR = 2.000000, avanceI = 2.000000
inc_x_r = 0.000000, inc_y_r = 1.000000, inc_x_i = 1.000000, inc_y_i = 1.000000
En el else......

----------------------------------------
x = 26.000000, y = 253.000000
avance = -275.000000, avanceR = 2.000000, avanceI = 2.000000
inc_x_r = 0.000000, inc_y_r = 1.000000, inc_x_i = 1.000000, inc_y_i = 1.000000
En el else......

----------------------------------------
x = 26.000000, y = 254.000000
avance = -273.000000, avanceR = 2.000000, avanceI = 2.000000
inc_x_r = 0.000000, inc_y_r = 1.000000, inc_x_i = 1.000000, inc_y_i = 1.000000
En el else......

----------------------------------------
x = 26.000000, y = 255.000000
avance = -271.000000, avanceR = 2.000000, avanceI = 2.000000
inc_x_r = 0.000000, inc_y_r = 1.000000, inc_x_i = 1.000000, inc_y_i = 1.000000
En el else......

----------------------------------------
x = 26.000000, y = 256.000000
avance = -269.000000, avanceR = 2.000000, avanceI = 2.000000
inc_x_r = 0.000000, inc_y_r = 1.000000, inc_x_i = 1.000000, inc_y_i = 1.000000
En el else......

----------------------------------------
x = 26.000000, y = 257.000000
avance = -267.000000, avanceR = 2.000000, avanceI = 2.000000
inc_x_r = 0.000000, inc_y_r = 1.000000, inc_x_i = 1.000000, inc_y_i = 1.000000
En el else......

----------------------------------------
x = 26.000000, y = 258.000000
avance = -265.000000, avanceR = 2.000000, avanceI = 2.000000
inc_x_r = 0.000000, inc_y_r = 1.000000, inc_x_i = 1.000000, inc_y_i = 1.000000
En el else......

----------------------------------------
x = 26.000000, y = 259.000000
avance = -263.000000, avanceR = 2.000000, avanceI = 2.000000
inc_x_r = 0.000000, inc_y_r = 1.000000, inc_x_i = 1.000000, inc_y_i = 1.000000
En el else......

----------------------------------------
x = 26.000000, y = 260.000000
avance = -261.000000, avanceR = 2.000000, avanceI = 2.000000
inc_x_r = 0.000000, inc_y_r = 1.000000, inc_x_i = 1.000000, inc_y_i = 1.000000
En el else......

----------------------------------------
x = 26.000000, y = 261.000000
avance = -259.000000, avanceR = 2.000000, avanceI = 2.000000
inc_x_r = 0.000000, inc_y_r = 1.000000, inc_x_i = 1.000000, inc_y_i = 1.000000
En el else......

----------------------------------------
x = 26.000000, y = 262.000000
avance = -257.000000, avanceR = 2.000000, avanceI = 2.000000
inc_x_r = 0.000000, inc_y_r = 1.000000, inc_x_i = 1.000000, inc_y_i = 1.000000
En el else......

----------------------------------------
x = 26.000000, y = 263.000000
avance = -255.000000, avanceR = 2.000000, avanceI = 2.000000
inc_x_r = 0.000000, inc_y_r = 1.000000, inc_x_i = 1.000000, inc_y_i = 1.000000
En el else......

----------------------------------------
x = 26.000000, y = 264.000000
avance = -253.000000, avanceR = 2.000000, avanceI = 2.000000
inc_x_r = 0.000000, inc_y_r = 1.000000, inc_x_i = 1.000000, inc_y_i = 1.000000
En el else......

----------------------------------------
x = 26.000000, y = 265.000000
avance = -251.000000, avanceR = 2.000000, avanceI = 2.000000
inc_x_r = 0.000000, inc_y_r = 1.000000, inc_x_i = 1.000000, inc_y_i = 1.000000
En el else......

----------------------------------------


ENTRAMOS A BRESENHAMªªªª
x1 = 25.000000 - y1 = 15.000000 || x2 = 26.000000 - y2 = 266.000000
dy = 251.000000, dx = 1.000000
avances inclinados: inc_x_i = 1.000000, inc_y_i = 1.000000
updated: dy = 251.000000, dx = 1.000000
avances rectos: inc_x_r = 0.000000, inc_y_r 1.000000
reupdated: dy = 1.000000, dx = 251.000000
avanceR = 2.000000, avance -249.000000, avanceI 2.000000
----------------------------------------
x = 25.000000, y = 15.000000
avance = -249.000000, avanceR = 2.000000, avanceI = 2.000000
inc_x_r = 0.000000, inc_y_r = 1.000000, inc_x_i = 1.000000, inc_y_i = 1.000000
En el else......

----------------------------------------
x = 25.000000, y = 16.000000
avance = -247.000000, avanceR = 2.000000, avanceI = 2.000000
inc_x_r = 0.000000, inc_y_r = 1.000000, inc_x_i = 1.000000, inc_y_i = 1.000000
En el else......

----------------------------------------
x = 25.000000, y = 17.000000
avance = -245.000000, avanceR = 2.000000, avanceI = 2.000000
inc_x_r = 0.000000, inc_y_r = 1.000000, inc_x_i = 1.000000, inc_y_i = 1.000000
En el else......

----------------------------------------
x = 25.000000, y = 18.000000
avance = -243.000000, avanceR = 2.000000, avanceI = 2.000000
inc_x_r = 0.000000, inc_y_r = 1.000000, inc_x_i = 1.000000, inc_y_i = 1.000000
En el else......

----------------------------------------
x = 25.000000, y = 19.000000
avance = -241.000000, avanceR = 2.000000, avanceI = 2.000000
inc_x_r = 0.000000, inc_y_r = 1.000000, inc_x_i = 1.000000, inc_y_i = 1.000000
En el else......

----------------------------------------
x = 25.000000, y = 20.000000
avance = -239.000000, avanceR = 2.000000, avanceI = 2.000000
inc_x_r = 0.000000, inc_y_r = 1.000000, inc_x_i = 1.000000, inc_y_i = 1.000000
En el else......

----------------------------------------
x = 25.000000, y = 21.000000
avance = -237.000000, avanceR = 2.000000, avanceI = 2.000000
inc_x_r = 0.000000, inc_y_r = 1.000000, inc_x_i = 1.000000, inc_y_i = 1.000000
En el else......

----------------------------------------
x = 25.000000, y = 22.000000
avance = -235.000000, avanceR = 2.000000, avanceI = 2.000000
inc_x_r = 0.000000, inc_y_r = 1.000000, inc_x_i = 1.000000, inc_y_i = 1.000000
En el else......

----------------------------------------
x = 25.000000, y = 23.000000
avance = -233.000000, avanceR = 2.000000, avanceI = 2.000000
inc_x_r = 0.000000, inc_y_r = 1.000000, inc_x_i = 1.000000, inc_y_i = 1.000000
En el else......

----------------------------------------
x = 25.000000, y = 24.000000
avance = -231.000000, avanceR = 2.000000, avanceI = 2.000000
inc_x_r = 0.000000, inc_y_r = 1.000000, inc_x_i = 1.000000, inc_y_i = 1.000000
En el else......

----------------------------------------
x = 25.000000, y = 25.000000
avance = -229.000000, avanceR = 2.000000, avanceI = 2.000000
inc_x_r = 0.000000, inc_y_r = 1.000000, inc_x_i = 1.000000, inc_y_i = 1.000000
En el else......

----------------------------------------
x = 25.000000, y = 26.000000
avance = -227.000000, avanceR = 2.000000, avanceI = 2.000000
inc_x_r = 0.000000, inc_y_r = 1.000000, inc_x_i = 1.000000, inc_y_i = 1.000000
En el else......

----------------------------------------
x = 25.000000, y = 27.000000
avance = -225.000000, avanceR = 2.000000, avanceI = 2.000000
inc_x_r = 0.000000, inc_y_r = 1.000000, inc_x_i = 1.000000, inc_y_i = 1.000000
En el else......

----------------------------------------
x = 25.000000, y = 28.000000
avance = -223.000000, avanceR = 2.000000, avanceI = 2.000000
inc_x_r = 0.000000, inc_y_r = 1.000000, inc_x_i = 1.000000, inc_y_i = 1.000000
En el else......

----------------------------------------
x = 25.000000, y = 29.000000
avance = -221.000000, avanceR = 2.000000, avanceI = 2.000000
inc_x_r = 0.000000, inc_y_r = 1.000000, inc_x_i = 1.000000, inc_y_i = 1.000000
En el else......

----------------------------------------
x = 25.000000, y = 30.000000
avance = -219.000000, avanceR = 2.000000, avanceI = 2.000000
inc_x_r = 0.000000, inc_y_r = 1.000000, inc_x_i = 1.000000, inc_y_i = 1.000000
En el else......

----------------------------------------
x = 25.000000, y = 31.000000
avance = -217.000000, avanceR = 2.000000, avanceI = 2.000000
inc_x_r = 0.000000, inc_y_r = 1.000000, inc_x_i = 1.000000, inc_y_i = 1.000000
En el else......

----------------------------------------
x = 25.000000, y = 32.000000
avance = -215.000000, avanceR = 2.000000, avanceI = 2.000000
inc_x_r = 0.000000, inc_y_r = 1.000000, inc_x_i = 1.000000, inc_y_i = 1.000000
En el else......

----------------------------------------
x = 25.000000, y = 33.000000
avance = -213.000000, avanceR = 2.000000, avanceI = 2.000000
inc_x_r = 0.000000, inc_y_r = 1.000000, inc_x_i = 1.000000, inc_y_i = 1.000000
En el else......

----------------------------------------
x = 25.000000, y = 34.000000
avance = -211.000000, avanceR = 2.000000, avanceI = 2.000000
inc_x_r = 0.000000, inc_y_r = 1.000000, inc_x_i = 1.000000, inc_y_i = 1.000000
En el else......

----------------------------------------
x = 25.000000, y = 35.000000
avance = -209.000000, avanceR = 2.000000, avanceI = 2.000000
inc_x_r = 0.000000, inc_y_r = 1.000000, inc_x_i = 1.000000, inc_y_i = 1.000000
En el else......

----------------------------------------
x = 25.000000, y = 36.000000
avance = -207.000000, avanceR = 2.000000, avanceI = 2.000000
inc_x_r = 0.000000, inc_y_r = 1.000000, inc_x_i = 1.000000, inc_y_i = 1.000000
En el else......

----------------------------------------
x = 25.000000, y = 37.000000
avance = -205.000000, avanceR = 2.000000, avanceI = 2.000000
inc_x_r = 0.000000, inc_y_r = 1.000000, inc_x_i = 1.000000, inc_y_i = 1.000000
En el else......

----------------------------------------
x = 25.000000, y = 38.000000
avance = -203.000000, avanceR = 2.000000, avanceI = 2.000000
inc_x_r = 0.000000, inc_y_r = 1.000000, inc_x_i = 1.000000, inc_y_i = 1.000000
En el else......

----------------------------------------
x = 25.000000, y = 39.000000
avance = -201.000000, avanceR = 2.000000, avanceI = 2.000000
inc_x_r = 0.000000, inc_y_r = 1.000000, inc_x_i = 1.000000, inc_y_i = 1.000000
En el else......

----------------------------------------
x = 25.000000, y = 40.000000
avance = -199.000000, avanceR = 2.000000, avanceI = 2.000000
inc_x_r = 0.000000, inc_y_r = 1.000000, inc_x_i = 1.000000, inc_y_i = 1.000000
En el else......

----------------------------------------
x = 25.000000, y = 41.000000
avance = -197.000000, avanceR = 2.000000, avanceI = 2.000000
inc_x_r = 0.000000, inc_y_r = 1.000000, inc_x_i = 1.000000, inc_y_i = 1.000000
En el else......

----------------------------------------
x = 25.000000, y = 42.000000
avance = -195.000000, avanceR = 2.000000, avanceI = 2.000000
inc_x_r = 0.000000, inc_y_r = 1.000000, inc_x_i = 1.000000, inc_y_i = 1.000000
En el else......

----------------------------------------
x = 25.000000, y = 43.000000
avance = -193.000000, avanceR = 2.000000, avanceI = 2.000000
inc_x_r = 0.000000, inc_y_r = 1.000000, inc_x_i = 1.000000, inc_y_i = 1.000000
En el else......

----------------------------------------
x = 25.000000, y = 44.000000
avance = -191.000000, avanceR = 2.000000, avanceI = 2.000000
inc_x_r = 0.000000, inc_y_r = 1.000000, inc_x_i = 1.000000, inc_y_i = 1.000000
En el else......

----------------------------------------
x = 25.000000, y = 45.000000
avance = -189.000000, avanceR = 2.000000, avanceI = 2.000000
inc_x_r = 0.000000, inc_y_r = 1.000000, inc_x_i = 1.000000, inc_y_i = 1.000000
En el else......

----------------------------------------
x = 25.000000, y = 46.000000
avance = -187.000000, avanceR = 2.000000, avanceI = 2.000000
inc_x_r = 0.000000, inc_y_r = 1.000000, inc_x_i = 1.000000, inc_y_i = 1.000000
En el else......

----------------------------------------
x = 25.000000, y = 47.000000
avance = -185.000000, avanceR = 2.000000, avanceI = 2.000000
inc_x_r = 0.000000, inc_y_r = 1.000000, inc_x_i = 1.000000, inc_y_i = 1.000000
En el else......

----------------------------------------
x = 25.000000, y = 48.000000
avance = -183.000000, avanceR = 2.000000, avanceI = 2.000000
inc_x_r = 0.000000, inc_y_r = 1.000000, inc_x_i = 1.000000, inc_y_i = 1.000000
En el else......

----------------------------------------
x = 25.000000, y = 49.000000
avance = -181.000000, avanceR = 2.000000, avanceI = 2.000000
inc_x_r = 0.000000, inc_y_r = 1.000000, inc_x_i = 1.000000, inc_y_i = 1.000000
En el else......

----------------------------------------
x = 25.000000, y = 50.000000
avance = -179.000000, avanceR = 2.000000, avanceI = 2.000000
inc_x_r = 0.000000, inc_y_r = 1.000000, inc_x_i = 1.000000, inc_y_i = 1.000000
En el else......

----------------------------------------
x = 25.000000, y = 51.000000
avance = -177.000000, avanceR = 2.000000, avanceI = 2.000000
inc_x_r = 0.000000, inc_y_r = 1.000000, inc_x_i = 1.000000, inc_y_i = 1.000000
En el else......

----------------------------------------
x = 25.000000, y = 52.000000
avance = -175.000000, avanceR = 2.000000, avanceI = 2.000000
inc_x_r = 0.000000, inc_y_r = 1.000000, inc_x_i = 1.000000, inc_y_i = 1.000000
En el else......

----------------------------------------
x = 25.000000, y = 53.000000
avance = -173.000000, avanceR = 2.000000, avanceI = 2.000000
inc_x_r = 0.000000, inc_y_r = 1.000000, inc_x_i = 1.000000, inc_y_i = 1.000000
En el else......

----------------------------------------
x = 25.000000, y = 54.000000
avance = -171.000000, avanceR = 2.000000, avanceI = 2.000000
inc_x_r = 0.000000, inc_y_r = 1.000000, inc_x_i = 1.000000, inc_y_i = 1.000000
En el else......

----------------------------------------
x = 25.000000, y = 55.000000
avance = -169.000000, avanceR = 2.000000, avanceI = 2.000000
inc_x_r = 0.000000, inc_y_r = 1.000000, inc_x_i = 1.000000, inc_y_i = 1.000000
En el else......

----------------------------------------
x = 25.000000, y = 56.000000
avance = -167.000000, avanceR = 2.000000, avanceI = 2.000000
inc_x_r = 0.000000, inc_y_r = 1.000000, inc_x_i = 1.000000, inc_y_i = 1.000000
En el else......

----------------------------------------
x = 25.000000, y = 57.000000
avance = -165.000000, avanceR = 2.000000, avanceI = 2.000000
inc_x_r = 0.000000, inc_y_r = 1.000000, inc_x_i = 1.000000, inc_y_i = 1.000000
En el else......

----------------------------------------
x = 25.000000, y = 58.000000
avance = -163.000000, avanceR = 2.000000, avanceI = 2.000000
inc_x_r = 0.000000, inc_y_r = 1.000000, inc_x_i = 1.000000, inc_y_i = 1.000000
En el else......

----------------------------------------
x = 25.000000, y = 59.000000
avance = -161.000000, avanceR = 2.000000, avanceI = 2.000000
inc_x_r = 0.000000, inc_y_r = 1.000000, inc_x_i = 1.000000, inc_y_i = 1.000000
En el else......

----------------------------------------
x = 25.000000, y = 60.000000
avance = -159.000000, avanceR = 2.000000, avanceI = 2.000000
inc_x_r = 0.000000, inc_y_r = 1.000000, inc_x_i = 1.000000, inc_y_i = 1.000000
En el else......

----------------------------------------
x = 25.000000, y = 61.000000
avance = -157.000000, avanceR = 2.000000, avanceI = 2.000000
inc_x_r = 0.000000, inc_y_r = 1.000000, inc_x_i = 1.000000, inc_y_i = 1.000000
En el else......

----------------------------------------
x = 25.000000, y = 62.000000
avance = -155.000000, avanceR = 2.000000, avanceI = 2.000000
inc_x_r = 0.000000, inc_y_r = 1.000000, inc_x_i = 1.000000, inc_y_i = 1.000000
En el else......

----------------------------------------
x = 25.000000, y = 63.000000
avance = -153.000000, avanceR = 2.000000, avanceI = 2.000000
inc_x_r = 0.000000, inc_y_r = 1.000000, inc_x_i = 1.000000, inc_y_i = 1.000000
En el else......

----------------------------------------
x = 25.000000, y = 64.000000
avance = -151.000000, avanceR = 2.000000, avanceI = 2.000000
inc_x_r = 0.000000, inc_y_r = 1.000000, inc_x_i = 1.000000, inc_y_i = 1.000000
En el else......

----------------------------------------
x = 25.000000, y = 65.000000
avance = -149.000000, avanceR = 2.000000, avanceI = 2.000000
inc_x_r = 0.000000, inc_y_r = 1.000000, inc_x_i = 1.000000, inc_y_i = 1.000000
En el else......

----------------------------------------
x = 25.000000, y = 66.000000
avance = -147.000000, avanceR = 2.000000, avanceI = 2.000000
inc_x_r = 0.000000, inc_y_r = 1.000000, inc_x_i = 1.000000, inc_y_i = 1.000000
En el else......

----------------------------------------
x = 25.000000, y = 67.000000
avance = -145.000000, avanceR = 2.000000, avanceI = 2.000000
inc_x_r = 0.000000, inc_y_r = 1.000000, inc_x_i = 1.000000, inc_y_i = 1.000000
En el else......

----------------------------------------
x = 25.000000, y = 68.000000
avance = -143.000000, avanceR = 2.000000, avanceI = 2.000000
inc_x_r = 0.000000, inc_y_r = 1.000000, inc_x_i = 1.000000, inc_y_i = 1.000000
En el else......

----------------------------------------
x = 25.000000, y = 69.000000
avance = -141.000000, avanceR = 2.000000, avanceI = 2.000000
inc_x_r = 0.000000, inc_y_r = 1.000000, inc_x_i = 1.000000, inc_y_i = 1.000000
En el else......

----------------------------------------
x = 25.000000, y = 70.000000
avance = -139.000000, avanceR = 2.000000, avanceI = 2.000000
inc_x_r = 0.000000, inc_y_r = 1.000000, inc_x_i = 1.000000, inc_y_i = 1.000000
En el else......

----------------------------------------
x = 25.000000, y = 71.000000
avance = -137.000000, avanceR = 2.000000, avanceI = 2.000000
inc_x_r = 0.000000, inc_y_r = 1.000000, inc_x_i = 1.000000, inc_y_i = 1.000000
En el else......

----------------------------------------
x = 25.000000, y = 72.000000
avance = -135.000000, avanceR = 2.000000, avanceI = 2.000000
inc_x_r = 0.000000, inc_y_r = 1.000000, inc_x_i = 1.000000, inc_y_i = 1.000000
En el else......

----------------------------------------
x = 25.000000, y = 73.000000
avance = -133.000000, avanceR = 2.000000, avanceI = 2.000000
inc_x_r = 0.000000, inc_y_r = 1.000000, inc_x_i = 1.000000, inc_y_i = 1.000000
En el else......

----------------------------------------
x = 25.000000, y = 74.000000
avance = -131.000000, avanceR = 2.000000, avanceI = 2.000000
inc_x_r = 0.000000, inc_y_r = 1.000000, inc_x_i = 1.000000, inc_y_i = 1.000000
En el else......

----------------------------------------
x = 25.000000, y = 75.000000
avance = -129.000000, avanceR = 2.000000, avanceI = 2.000000
inc_x_r = 0.000000, inc_y_r = 1.000000, inc_x_i = 1.000000, inc_y_i = 1.000000
En el else......

----------------------------------------
x = 25.000000, y = 76.000000
avance = -127.000000, avanceR = 2.000000, avanceI = 2.000000
inc_x_r = 0.000000, inc_y_r = 1.000000, inc_x_i = 1.000000, inc_y_i = 1.000000
En el else......

----------------------------------------
x = 25.000000, y = 77.000000
avance = -125.000000, avanceR = 2.000000, avanceI = 2.000000
inc_x_r = 0.000000, inc_y_r = 1.000000, inc_x_i = 1.000000, inc_y_i = 1.000000
En el else......

----------------------------------------
x = 25.000000, y = 78.000000
avance = -123.000000, avanceR = 2.000000, avanceI = 2.000000
inc_x_r = 0.000000, inc_y_r = 1.000000, inc_x_i = 1.000000, inc_y_i = 1.000000
En el else......

----------------------------------------
x = 25.000000, y = 79.000000
avance = -121.000000, avanceR = 2.000000, avanceI = 2.000000
inc_x_r = 0.000000, inc_y_r = 1.000000, inc_x_i = 1.000000, inc_y_i = 1.000000
En el else......

----------------------------------------
x = 25.000000, y = 80.000000
avance = -119.000000, avanceR = 2.000000, avanceI = 2.000000
inc_x_r = 0.000000, inc_y_r = 1.000000, inc_x_i = 1.000000, inc_y_i = 1.000000
En el else......

----------------------------------------
x = 25.000000, y = 81.000000
avance = -117.000000, avanceR = 2.000000, avanceI = 2.000000
inc_x_r = 0.000000, inc_y_r = 1.000000, inc_x_i = 1.000000, inc_y_i = 1.000000
En el else......

----------------------------------------
x = 25.000000, y = 82.000000
avance = -115.000000, avanceR = 2.000000, avanceI = 2.000000
inc_x_r = 0.000000, inc_y_r = 1.000000, inc_x_i = 1.000000, inc_y_i = 1.000000
En el else......

----------------------------------------
x = 25.000000, y = 83.000000
avance = -113.000000, avanceR = 2.000000, avanceI = 2.000000
inc_x_r = 0.000000, inc_y_r = 1.000000, inc_x_i = 1.000000, inc_y_i = 1.000000
En el else......

----------------------------------------
x = 25.000000, y = 84.000000
avance = -111.000000, avanceR = 2.000000, avanceI = 2.000000
inc_x_r = 0.000000, inc_y_r = 1.000000, inc_x_i = 1.000000, inc_y_i = 1.000000
En el else......

----------------------------------------
x = 25.000000, y = 85.000000
avance = -109.000000, avanceR = 2.000000, avanceI = 2.000000
inc_x_r = 0.000000, inc_y_r = 1.000000, inc_x_i = 1.000000, inc_y_i = 1.000000
En el else......

----------------------------------------
x = 25.000000, y = 86.000000
avance = -107.000000, avanceR = 2.000000, avanceI = 2.000000
inc_x_r = 0.000000, inc_y_r = 1.000000, inc_x_i = 1.000000, inc_y_i = 1.000000
En el else......

----------------------------------------
x = 25.000000, y = 87.000000
avance = -105.000000, avanceR = 2.000000, avanceI = 2.000000
inc_x_r = 0.000000, inc_y_r = 1.000000, inc_x_i = 1.000000, inc_y_i = 1.000000
En el else......

----------------------------------------
x = 25.000000, y = 88.000000
avance = -103.000000, avanceR = 2.000000, avanceI = 2.000000
inc_x_r = 0.000000, inc_y_r = 1.000000, inc_x_i = 1.000000, inc_y_i = 1.000000
En el else......

----------------------------------------
x = 25.000000, y = 89.000000
avance = -101.000000, avanceR = 2.000000, avanceI = 2.000000
inc_x_r = 0.000000, inc_y_r = 1.000000, inc_x_i = 1.000000, inc_y_i = 1.000000
En el else......

----------------------------------------
x = 25.000000, y = 90.000000
avance = -99.000000, avanceR = 2.000000, avanceI = 2.000000
inc_x_r = 0.000000, inc_y_r = 1.000000, inc_x_i = 1.000000, inc_y_i = 1.000000
En el else......

----------------------------------------
x = 25.000000, y = 91.000000
avance = -97.000000, avanceR = 2.000000, avanceI = 2.000000
inc_x_r = 0.000000, inc_y_r = 1.000000, inc_x_i = 1.000000, inc_y_i = 1.000000
En el else......

----------------------------------------
x = 25.000000, y = 92.000000
avance = -95.000000, avanceR = 2.000000, avanceI = 2.000000
inc_x_r = 0.000000, inc_y_r = 1.000000, inc_x_i = 1.000000, inc_y_i = 1.000000
En el else......

----------------------------------------
x = 25.000000, y = 93.000000
avance = -93.000000, avanceR = 2.000000, avanceI = 2.000000
inc_x_r = 0.000000, inc_y_r = 1.000000, inc_x_i = 1.000000, inc_y_i = 1.000000
En el else......

----------------------------------------
x = 25.000000, y = 94.000000
avance = -91.000000, avanceR = 2.000000, avanceI = 2.000000
inc_x_r = 0.000000, inc_y_r = 1.000000, inc_x_i = 1.000000, inc_y_i = 1.000000
En el else......

----------------------------------------
x = 25.000000, y = 95.000000
avance = -89.000000, avanceR = 2.000000, avanceI = 2.000000
inc_x_r = 0.000000, inc_y_r = 1.000000, inc_x_i = 1.000000, inc_y_i = 1.000000
En el else......

----------------------------------------
x = 25.000000, y = 96.000000
avance = -87.000000, avanceR = 2.000000, avanceI = 2.000000
inc_x_r = 0.000000, inc_y_r = 1.000000, inc_x_i = 1.000000, inc_y_i = 1.000000
En el else......

----------------------------------------
x = 25.000000, y = 97.000000
avance = -85.000000, avanceR = 2.000000, avanceI = 2.000000
inc_x_r = 0.000000, inc_y_r = 1.000000, inc_x_i = 1.000000, inc_y_i = 1.000000
En el else......

----------------------------------------
x = 25.000000, y = 98.000000
avance = -83.000000, avanceR = 2.000000, avanceI = 2.000000
inc_x_r = 0.000000, inc_y_r = 1.000000, inc_x_i = 1.000000, inc_y_i = 1.000000
En el else......

----------------------------------------
x = 25.000000, y = 99.000000
avance = -81.000000, avanceR = 2.000000, avanceI = 2.000000
inc_x_r = 0.000000, inc_y_r = 1.000000, inc_x_i = 1.000000, inc_y_i = 1.000000
En el else......

----------------------------------------
x = 25.000000, y = 100.000000
avance = -79.000000, avanceR = 2.000000, avanceI = 2.000000
inc_x_r = 0.000000, inc_y_r = 1.000000, inc_x_i = 1.000000, inc_y_i = 1.000000
En el else......

----------------------------------------
x = 25.000000, y = 101.000000
avance = -77.000000, avanceR = 2.000000, avanceI = 2.000000
inc_x_r = 0.000000, inc_y_r = 1.000000, inc_x_i = 1.000000, inc_y_i = 1.000000
En el else......

----------------------------------------
x = 25.000000, y = 102.000000
avance = -75.000000, avanceR = 2.000000, avanceI = 2.000000
inc_x_r = 0.000000, inc_y_r = 1.000000, inc_x_i = 1.000000, inc_y_i = 1.000000
En el else......

----------------------------------------
x = 25.000000, y = 103.000000
avance = -73.000000, avanceR = 2.000000, avanceI = 2.000000
inc_x_r = 0.000000, inc_y_r = 1.000000, inc_x_i = 1.000000, inc_y_i = 1.000000
En el else......

----------------------------------------
x = 25.000000, y = 104.000000
avance = -71.000000, avanceR = 2.000000, avanceI = 2.000000
inc_x_r = 0.000000, inc_y_r = 1.000000, inc_x_i = 1.000000, inc_y_i = 1.000000
En el else......

----------------------------------------
x = 25.000000, y = 105.000000
avance = -69.000000, avanceR = 2.000000, avanceI = 2.000000
inc_x_r = 0.000000, inc_y_r = 1.000000, inc_x_i = 1.000000, inc_y_i = 1.000000
En el else......

----------------------------------------
x = 25.000000, y = 106.000000
avance = -67.000000, avanceR = 2.000000, avanceI = 2.000000
inc_x_r = 0.000000, inc_y_r = 1.000000, inc_x_i = 1.000000, inc_y_i = 1.000000
En el else......

----------------------------------------
x = 25.000000, y = 107.000000
avance = -65.000000, avanceR = 2.000000, avanceI = 2.000000
inc_x_r = 0.000000, inc_y_r = 1.000000, inc_x_i = 1.000000, inc_y_i = 1.000000
En el else......

----------------------------------------
x = 25.000000, y = 108.000000
avance = -63.000000, avanceR = 2.000000, avanceI = 2.000000
inc_x_r = 0.000000, inc_y_r = 1.000000, inc_x_i = 1.000000, inc_y_i = 1.000000
En el else......

----------------------------------------
x = 25.000000, y = 109.000000
avance = -61.000000, avanceR = 2.000000, avanceI = 2.000000
inc_x_r = 0.000000, inc_y_r = 1.000000, inc_x_i = 1.000000, inc_y_i = 1.000000
En el else......

----------------------------------------
x = 25.000000, y = 110.000000
avance = -59.000000, avanceR = 2.000000, avanceI = 2.000000
inc_x_r = 0.000000, inc_y_r = 1.000000, inc_x_i = 1.000000, inc_y_i = 1.000000
En el else......

----------------------------------------
x = 25.000000, y = 111.000000
avance = -57.000000, avanceR = 2.000000, avanceI = 2.000000
inc_x_r = 0.000000, inc_y_r = 1.000000, inc_x_i = 1.000000, inc_y_i = 1.000000
En el else......

----------------------------------------
x = 25.000000, y = 112.000000
avance = -55.000000, avanceR = 2.000000, avanceI = 2.000000
inc_x_r = 0.000000, inc_y_r = 1.000000, inc_x_i = 1.000000, inc_y_i = 1.000000
En el else......

----------------------------------------
x = 25.000000, y = 113.000000
avance = -53.000000, avanceR = 2.000000, avanceI = 2.000000
inc_x_r = 0.000000, inc_y_r = 1.000000, inc_x_i = 1.000000, inc_y_i = 1.000000
En el else......

----------------------------------------
x = 25.000000, y = 114.000000
avance = -51.000000, avanceR = 2.000000, avanceI = 2.000000
inc_x_r = 0.000000, inc_y_r = 1.000000, inc_x_i = 1.000000, inc_y_i = 1.000000
En el else......

----------------------------------------
x = 25.000000, y = 115.000000
avance = -49.000000, avanceR = 2.000000, avanceI = 2.000000
inc_x_r = 0.000000, inc_y_r = 1.000000, inc_x_i = 1.000000, inc_y_i = 1.000000
En el else......

----------------------------------------
x = 25.000000, y = 116.000000
avance = -47.000000, avanceR = 2.000000, avanceI = 2.000000
inc_x_r = 0.000000, inc_y_r = 1.000000, inc_x_i = 1.000000, inc_y_i = 1.000000
En el else......

----------------------------------------
x = 25.000000, y = 117.000000
avance = -45.000000, avanceR = 2.000000, avanceI = 2.000000
inc_x_r = 0.000000, inc_y_r = 1.000000, inc_x_i = 1.000000, inc_y_i = 1.000000
En el else......

----------------------------------------
x = 25.000000, y = 118.000000
avance = -43.000000, avanceR = 2.000000, avanceI = 2.000000
inc_x_r = 0.000000, inc_y_r = 1.000000, inc_x_i = 1.000000, inc_y_i = 1.000000
En el else......

----------------------------------------
x = 25.000000, y = 119.000000
avance = -41.000000, avanceR = 2.000000, avanceI = 2.000000
inc_x_r = 0.000000, inc_y_r = 1.000000, inc_x_i = 1.000000, inc_y_i = 1.000000
En el else......

----------------------------------------
x = 25.000000, y = 120.000000
avance = -39.000000, avanceR = 2.000000, avanceI = 2.000000
inc_x_r = 0.000000, inc_y_r = 1.000000, inc_x_i = 1.000000, inc_y_i = 1.000000
En el else......

----------------------------------------
x = 25.000000, y = 121.000000
avance = -37.000000, avanceR = 2.000000, avanceI = 2.000000
inc_x_r = 0.000000, inc_y_r = 1.000000, inc_x_i = 1.000000, inc_y_i = 1.000000
En el else......

----------------------------------------
x = 25.000000, y = 122.000000
avance = -35.000000, avanceR = 2.000000, avanceI = 2.000000
inc_x_r = 0.000000, inc_y_r = 1.000000, inc_x_i = 1.000000, inc_y_i = 1.000000
En el else......

----------------------------------------
x = 25.000000, y = 123.000000
avance = -33.000000, avanceR = 2.000000, avanceI = 2.000000
inc_x_r = 0.000000, inc_y_r = 1.000000, inc_x_i = 1.000000, inc_y_i = 1.000000
En el else......

----------------------------------------
x = 25.000000, y = 124.000000
avance = -31.000000, avanceR = 2.000000, avanceI = 2.000000
inc_x_r = 0.000000, inc_y_r = 1.000000, inc_x_i = 1.000000, inc_y_i = 1.000000
En el else......

----------------------------------------
x = 25.000000, y = 125.000000
avance = -29.000000, avanceR = 2.000000, avanceI = 2.000000
inc_x_r = 0.000000, inc_y_r = 1.000000, inc_x_i = 1.000000, inc_y_i = 1.000000
En el else......

----------------------------------------
x = 25.000000, y = 126.000000
avance = -27.000000, avanceR = 2.000000, avanceI = 2.000000
inc_x_r = 0.000000, inc_y_r = 1.000000, inc_x_i = 1.000000, inc_y_i = 1.000000
En el else......

----------------------------------------
x = 25.000000, y = 127.000000
avance = -25.000000, avanceR = 2.000000, avanceI = 2.000000
inc_x_r = 0.000000, inc_y_r = 1.000000, inc_x_i = 1.000000, inc_y_i = 1.000000
En el else......

----------------------------------------
x = 25.000000, y = 128.000000
avance = -23.000000, avanceR = 2.000000, avanceI = 2.000000
inc_x_r = 0.000000, inc_y_r = 1.000000, inc_x_i = 1.000000, inc_y_i = 1.000000
En el else......

----------------------------------------
x = 25.000000, y = 129.000000
avance = -21.000000, avanceR = 2.000000, avanceI = 2.000000
inc_x_r = 0.000000, inc_y_r = 1.000000, inc_x_i = 1.000000, inc_y_i = 1.000000
En el else......

----------------------------------------
x = 25.000000, y = 130.000000
avance = -19.000000, avanceR = 2.000000, avanceI = 2.000000
inc_x_r = 0.000000, inc_y_r = 1.000000, inc_x_i = 1.000000, inc_y_i = 1.000000
En el else......

----------------------------------------
x = 25.000000, y = 131.000000
avance = -17.000000, avanceR = 2.000000, avanceI = 2.000000
inc_x_r = 0.000000, inc_y_r = 1.000000, inc_x_i = 1.000000, inc_y_i = 1.000000
En el else......

----------------------------------------
x = 25.000000, y = 132.000000
avance = -15.000000, avanceR = 2.000000, avanceI = 2.000000
inc_x_r = 0.000000, inc_y_r = 1.000000, inc_x_i = 1.000000, inc_y_i = 1.000000
En el else......

----------------------------------------
x = 25.000000, y = 133.000000
avance = -13.000000, avanceR = 2.000000, avanceI = 2.000000
inc_x_r = 0.000000, inc_y_r = 1.000000, inc_x_i = 1.000000, inc_y_i = 1.000000
En el else......

----------------------------------------
x = 25.000000, y = 134.000000
avance = -11.000000, avanceR = 2.000000, avanceI = 2.000000
inc_x_r = 0.000000, inc_y_r = 1.000000, inc_x_i = 1.000000, inc_y_i = 1.000000
En el else......

----------------------------------------
x = 25.000000, y = 135.000000
avance = -9.000000, avanceR = 2.000000, avanceI = 2.000000
inc_x_r = 0.000000, inc_y_r = 1.000000, inc_x_i = 1.000000, inc_y_i = 1.000000
En el else......

----------------------------------------
x = 25.000000, y = 136.000000
avance = -7.000000, avanceR = 2.000000, avanceI = 2.000000
inc_x_r = 0.000000, inc_y_r = 1.000000, inc_x_i = 1.000000, inc_y_i = 1.000000
En el else......

----------------------------------------
x = 25.000000, y = 137.000000
avance = -5.000000, avanceR = 2.000000, avanceI = 2.000000
inc_x_r = 0.000000, inc_y_r = 1.000000, inc_x_i = 1.000000, inc_y_i = 1.000000
En el else......

----------------------------------------
x = 25.000000, y = 138.000000
avance = -3.000000, avanceR = 2.000000, avanceI = 2.000000
inc_x_r = 0.000000, inc_y_r = 1.000000, inc_x_i = 1.000000, inc_y_i = 1.000000
En el else......

----------------------------------------
x = 25.000000, y = 139.000000
avance = -1.000000, avanceR = 2.000000, avanceI = 2.000000
inc_x_r = 0.000000, inc_y_r = 1.000000, inc_x_i = 1.000000, inc_y_i = 1.000000
En el else......

----------------------------------------
x = 25.000000, y = 140.000000
avance = 1.000000, avanceR = 2.000000, avanceI = 2.000000
inc_x_r = 0.000000, inc_y_r = 1.000000, inc_x_i = 1.000000, inc_y_i = 1.000000
avance >= 0

----------------------------------------
x = 26.000000, y = 141.000000
avance = -499.000000, avanceR = 2.000000, avanceI = 2.000000
inc_x_r = 0.000000, inc_y_r = 1.000000, inc_x_i = 1.000000, inc_y_i = 1.000000
En el else......

----------------------------------------
x = 26.000000, y = 142.000000
avance = -497.000000, avanceR = 2.000000, avanceI = 2.000000
inc_x_r = 0.000000, inc_y_r = 1.000000, inc_x_i = 1.000000, inc_y_i = 1.000000
En el else......

----------------------------------------
x = 26.000000, y = 143.000000
avance = -495.000000, avanceR = 2.000000, avanceI = 2.000000
inc_x_r = 0.000000, inc_y_r = 1.000000, inc_x_i = 1.000000, inc_y_i = 1.000000
En el else......

----------------------------------------
x = 26.000000, y = 144.000000
avance = -493.000000, avanceR = 2.000000, avanceI = 2.000000
inc_x_r = 0.000000, inc_y_r = 1.000000, inc_x_i = 1.000000, inc_y_i = 1.000000
En el else......

----------------------------------------
x = 26.000000, y = 145.000000
avance = -491.000000, avanceR = 2.000000, avanceI = 2.000000
inc_x_r = 0.000000, inc_y_r = 1.000000, inc_x_i = 1.000000, inc_y_i = 1.000000
En el else......

----------------------------------------
x = 26.000000, y = 146.000000
avance = -489.000000, avanceR = 2.000000, avanceI = 2.000000
inc_x_r = 0.000000, inc_y_r = 1.000000, inc_x_i = 1.000000, inc_y_i = 1.000000
En el else......

----------------------------------------
x = 26.000000, y = 147.000000
avance = -487.000000, avanceR = 2.000000, avanceI = 2.000000
inc_x_r = 0.000000, inc_y_r = 1.000000, inc_x_i = 1.000000, inc_y_i = 1.000000
En el else......

----------------------------------------
x = 26.000000, y = 148.000000
avance = -485.000000, avanceR = 2.000000, avanceI = 2.000000
inc_x_r = 0.000000, inc_y_r = 1.000000, inc_x_i = 1.000000, inc_y_i = 1.000000
En el else......

----------------------------------------
x = 26.000000, y = 149.000000
avance = -483.000000, avanceR = 2.000000, avanceI = 2.000000
inc_x_r = 0.000000, inc_y_r = 1.000000, inc_x_i = 1.000000, inc_y_i = 1.000000
En el else......

----------------------------------------
x = 26.000000, y = 150.000000
avance = -481.000000, avanceR = 2.000000, avanceI = 2.000000
inc_x_r = 0.000000, inc_y_r = 1.000000, inc_x_i = 1.000000, inc_y_i = 1.000000
En el else......

----------------------------------------
x = 26.000000, y = 151.000000
avance = -479.000000, avanceR = 2.000000, avanceI = 2.000000
inc_x_r = 0.000000, inc_y_r = 1.000000, inc_x_i = 1.000000, inc_y_i = 1.000000
En el else......

----------------------------------------
x = 26.000000, y = 152.000000
avance = -477.000000, avanceR = 2.000000, avanceI = 2.000000
inc_x_r = 0.000000, inc_y_r = 1.000000, inc_x_i = 1.000000, inc_y_i = 1.000000
En el else......

----------------------------------------
x = 26.000000, y = 153.000000
avance = -475.000000, avanceR = 2.000000, avanceI = 2.000000
inc_x_r = 0.000000, inc_y_r = 1.000000, inc_x_i = 1.000000, inc_y_i = 1.000000
En el else......

----------------------------------------
x = 26.000000, y = 154.000000
avance = -473.000000, avanceR = 2.000000, avanceI = 2.000000
inc_x_r = 0.000000, inc_y_r = 1.000000, inc_x_i = 1.000000, inc_y_i = 1.000000
En el else......

----------------------------------------
x = 26.000000, y = 155.000000
avance = -471.000000, avanceR = 2.000000, avanceI = 2.000000
inc_x_r = 0.000000, inc_y_r = 1.000000, inc_x_i = 1.000000, inc_y_i = 1.000000
En el else......

----------------------------------------
x = 26.000000, y = 156.000000
avance = -469.000000, avanceR = 2.000000, avanceI = 2.000000
inc_x_r = 0.000000, inc_y_r = 1.000000, inc_x_i = 1.000000, inc_y_i = 1.000000
En el else......

----------------------------------------
x = 26.000000, y = 157.000000
avance = -467.000000, avanceR = 2.000000, avanceI = 2.000000
inc_x_r = 0.000000, inc_y_r = 1.000000, inc_x_i = 1.000000, inc_y_i = 1.000000
En el else......

----------------------------------------
x = 26.000000, y = 158.000000
avance = -465.000000, avanceR = 2.000000, avanceI = 2.000000
inc_x_r = 0.000000, inc_y_r = 1.000000, inc_x_i = 1.000000, inc_y_i = 1.000000
En el else......

----------------------------------------
x = 26.000000, y = 159.000000
avance = -463.000000, avanceR = 2.000000, avanceI = 2.000000
inc_x_r = 0.000000, inc_y_r = 1.000000, inc_x_i = 1.000000, inc_y_i = 1.000000
En el else......

----------------------------------------
x = 26.000000, y = 160.000000
avance = -461.000000, avanceR = 2.000000, avanceI = 2.000000
inc_x_r = 0.000000, inc_y_r = 1.000000, inc_x_i = 1.000000, inc_y_i = 1.000000
En el else......

----------------------------------------
x = 26.000000, y = 161.000000
avance = -459.000000, avanceR = 2.000000, avanceI = 2.000000
inc_x_r = 0.000000, inc_y_r = 1.000000, inc_x_i = 1.000000, inc_y_i = 1.000000
En el else......

----------------------------------------
x = 26.000000, y = 162.000000
avance = -457.000000, avanceR = 2.000000, avanceI = 2.000000
inc_x_r = 0.000000, inc_y_r = 1.000000, inc_x_i = 1.000000, inc_y_i = 1.000000
En el else......

----------------------------------------
x = 26.000000, y = 163.000000
avance = -455.000000, avanceR = 2.000000, avanceI = 2.000000
inc_x_r = 0.000000, inc_y_r = 1.000000, inc_x_i = 1.000000, inc_y_i = 1.000000
En el else......

----------------------------------------
x = 26.000000, y = 164.000000
avance = -453.000000, avanceR = 2.000000, avanceI = 2.000000
inc_x_r = 0.000000, inc_y_r = 1.000000, inc_x_i = 1.000000, inc_y_i = 1.000000
En el else......

----------------------------------------
x = 26.000000, y = 165.000000
avance = -451.000000, avanceR = 2.000000, avanceI = 2.000000
inc_x_r = 0.000000, inc_y_r = 1.000000, inc_x_i = 1.000000, inc_y_i = 1.000000
En el else......

----------------------------------------
x = 26.000000, y = 166.000000
avance = -449.000000, avanceR = 2.000000, avanceI = 2.000000
inc_x_r = 0.000000, inc_y_r = 1.000000, inc_x_i = 1.000000, inc_y_i = 1.000000
En el else......

----------------------------------------
x = 26.000000, y = 167.000000
avance = -447.000000, avanceR = 2.000000, avanceI = 2.000000
inc_x_r = 0.000000, inc_y_r = 1.000000, inc_x_i = 1.000000, inc_y_i = 1.000000
En el else......

----------------------------------------
x = 26.000000, y = 168.000000
avance = -445.000000, avanceR = 2.000000, avanceI = 2.000000
inc_x_r = 0.000000, inc_y_r = 1.000000, inc_x_i = 1.000000, inc_y_i = 1.000000
En el else......

----------------------------------------
x = 26.000000, y = 169.000000
avance = -443.000000, avanceR = 2.000000, avanceI = 2.000000
inc_x_r = 0.000000, inc_y_r = 1.000000, inc_x_i = 1.000000, inc_y_i = 1.000000
En el else......

----------------------------------------
x = 26.000000, y = 170.000000
avance = -441.000000, avanceR = 2.000000, avanceI = 2.000000
inc_x_r = 0.000000, inc_y_r = 1.000000, inc_x_i = 1.000000, inc_y_i = 1.000000
En el else......

----------------------------------------
x = 26.000000, y = 171.000000
avance = -439.000000, avanceR = 2.000000, avanceI = 2.000000
inc_x_r = 0.000000, inc_y_r = 1.000000, inc_x_i = 1.000000, inc_y_i = 1.000000
En el else......

----------------------------------------
x = 26.000000, y = 172.000000
avance = -437.000000, avanceR = 2.000000, avanceI = 2.000000
inc_x_r = 0.000000, inc_y_r = 1.000000, inc_x_i = 1.000000, inc_y_i = 1.000000
En el else......

----------------------------------------
x = 26.000000, y = 173.000000
avance = -435.000000, avanceR = 2.000000, avanceI = 2.000000
inc_x_r = 0.000000, inc_y_r = 1.000000, inc_x_i = 1.000000, inc_y_i = 1.000000
En el else......

----------------------------------------
x = 26.000000, y = 174.000000
avance = -433.000000, avanceR = 2.000000, avanceI = 2.000000
inc_x_r = 0.000000, inc_y_r = 1.000000, inc_x_i = 1.000000, inc_y_i = 1.000000
En el else......

----------------------------------------
x = 26.000000, y = 175.000000
avance = -431.000000, avanceR = 2.000000, avanceI = 2.000000
inc_x_r = 0.000000, inc_y_r = 1.000000, inc_x_i = 1.000000, inc_y_i = 1.000000
En el else......

----------------------------------------
x = 26.000000, y = 176.000000
avance = -429.000000, avanceR = 2.000000, avanceI = 2.000000
inc_x_r = 0.000000, inc_y_r = 1.000000, inc_x_i = 1.000000, inc_y_i = 1.000000
En el else......

----------------------------------------
x = 26.000000, y = 177.000000
avance = -427.000000, avanceR = 2.000000, avanceI = 2.000000
inc_x_r = 0.000000, inc_y_r = 1.000000, inc_x_i = 1.000000, inc_y_i = 1.000000
En el else......

----------------------------------------
x = 26.000000, y = 178.000000
avance = -425.000000, avanceR = 2.000000, avanceI = 2.000000
inc_x_r = 0.000000, inc_y_r = 1.000000, inc_x_i = 1.000000, inc_y_i = 1.000000
En el else......

----------------------------------------
x = 26.000000, y = 179.000000
avance = -423.000000, avanceR = 2.000000, avanceI = 2.000000
inc_x_r = 0.000000, inc_y_r = 1.000000, inc_x_i = 1.000000, inc_y_i = 1.000000
En el else......

----------------------------------------
x = 26.000000, y = 180.000000
avance = -421.000000, avanceR = 2.000000, avanceI = 2.000000
inc_x_r = 0.000000, inc_y_r = 1.000000, inc_x_i = 1.000000, inc_y_i = 1.000000
En el else......

----------------------------------------
x = 26.000000, y = 181.000000
avance = -419.000000, avanceR = 2.000000, avanceI = 2.000000
inc_x_r = 0.000000, inc_y_r = 1.000000, inc_x_i = 1.000000, inc_y_i = 1.000000
En el else......

----------------------------------------
x = 26.000000, y = 182.000000
avance = -417.000000, avanceR = 2.000000, avanceI = 2.000000
inc_x_r = 0.000000, inc_y_r = 1.000000, inc_x_i = 1.000000, inc_y_i = 1.000000
En el else......

----------------------------------------
x = 26.000000, y = 183.000000
avance = -415.000000, avanceR = 2.000000, avanceI = 2.000000
inc_x_r = 0.000000, inc_y_r = 1.000000, inc_x_i = 1.000000, inc_y_i = 1.000000
En el else......

----------------------------------------
x = 26.000000, y = 184.000000
avance = -413.000000, avanceR = 2.000000, avanceI = 2.000000
inc_x_r = 0.000000, inc_y_r = 1.000000, inc_x_i = 1.000000, inc_y_i = 1.000000
En el else......

----------------------------------------
x = 26.000000, y = 185.000000
avance = -411.000000, avanceR = 2.000000, avanceI = 2.000000
inc_x_r = 0.000000, inc_y_r = 1.000000, inc_x_i = 1.000000, inc_y_i = 1.000000
En el else......

----------------------------------------
x = 26.000000, y = 186.000000
avance = -409.000000, avanceR = 2.000000, avanceI = 2.000000
inc_x_r = 0.000000, inc_y_r = 1.000000, inc_x_i = 1.000000, inc_y_i = 1.000000
En el else......

----------------------------------------
x = 26.000000, y = 187.000000
avance = -407.000000, avanceR = 2.000000, avanceI = 2.000000
inc_x_r = 0.000000, inc_y_r = 1.000000, inc_x_i = 1.000000, inc_y_i = 1.000000
En el else......

----------------------------------------
x = 26.000000, y = 188.000000
avance = -405.000000, avanceR = 2.000000, avanceI = 2.000000
inc_x_r = 0.000000, inc_y_r = 1.000000, inc_x_i = 1.000000, inc_y_i = 1.000000
En el else......

----------------------------------------
x = 26.000000, y = 189.000000
avance = -403.000000, avanceR = 2.000000, avanceI = 2.000000
inc_x_r = 0.000000, inc_y_r = 1.000000, inc_x_i = 1.000000, inc_y_i = 1.000000
En el else......

----------------------------------------
x = 26.000000, y = 190.000000
avance = -401.000000, avanceR = 2.000000, avanceI = 2.000000
inc_x_r = 0.000000, inc_y_r = 1.000000, inc_x_i = 1.000000, inc_y_i = 1.000000
En el else......

----------------------------------------
x = 26.000000, y = 191.000000
avance = -399.000000, avanceR = 2.000000, avanceI = 2.000000
inc_x_r = 0.000000, inc_y_r = 1.000000, inc_x_i = 1.000000, inc_y_i = 1.000000
En el else......

----------------------------------------
x = 26.000000, y = 192.000000
avance = -397.000000, avanceR = 2.000000, avanceI = 2.000000
inc_x_r = 0.000000, inc_y_r = 1.000000, inc_x_i = 1.000000, inc_y_i = 1.000000
En el else......

----------------------------------------
x = 26.000000, y = 193.000000
avance = -395.000000, avanceR = 2.000000, avanceI = 2.000000
inc_x_r = 0.000000, inc_y_r = 1.000000, inc_x_i = 1.000000, inc_y_i = 1.000000
En el else......

----------------------------------------
x = 26.000000, y = 194.000000
avance = -393.000000, avanceR = 2.000000, avanceI = 2.000000
inc_x_r = 0.000000, inc_y_r = 1.000000, inc_x_i = 1.000000, inc_y_i = 1.000000
En el else......

----------------------------------------
x = 26.000000, y = 195.000000
avance = -391.000000, avanceR = 2.000000, avanceI = 2.000000
inc_x_r = 0.000000, inc_y_r = 1.000000, inc_x_i = 1.000000, inc_y_i = 1.000000
En el else......

----------------------------------------
x = 26.000000, y = 196.000000
avance = -389.000000, avanceR = 2.000000, avanceI = 2.000000
inc_x_r = 0.000000, inc_y_r = 1.000000, inc_x_i = 1.000000, inc_y_i = 1.000000
En el else......

----------------------------------------
x = 26.000000, y = 197.000000
avance = -387.000000, avanceR = 2.000000, avanceI = 2.000000
inc_x_r = 0.000000, inc_y_r = 1.000000, inc_x_i = 1.000000, inc_y_i = 1.000000
En el else......

----------------------------------------
x = 26.000000, y = 198.000000
avance = -385.000000, avanceR = 2.000000, avanceI = 2.000000
inc_x_r = 0.000000, inc_y_r = 1.000000, inc_x_i = 1.000000, inc_y_i = 1.000000
En el else......

----------------------------------------
x = 26.000000, y = 199.000000
avance = -383.000000, avanceR = 2.000000, avanceI = 2.000000
inc_x_r = 0.000000, inc_y_r = 1.000000, inc_x_i = 1.000000, inc_y_i = 1.000000
En el else......

----------------------------------------
x = 26.000000, y = 200.000000
avance = -381.000000, avanceR = 2.000000, avanceI = 2.000000
inc_x_r = 0.000000, inc_y_r = 1.000000, inc_x_i = 1.000000, inc_y_i = 1.000000
En el else......

----------------------------------------
x = 26.000000, y = 201.000000
avance = -379.000000, avanceR = 2.000000, avanceI = 2.000000
inc_x_r = 0.000000, inc_y_r = 1.000000, inc_x_i = 1.000000, inc_y_i = 1.000000
En el else......

----------------------------------------
x = 26.000000, y = 202.000000
avance = -377.000000, avanceR = 2.000000, avanceI = 2.000000
inc_x_r = 0.000000, inc_y_r = 1.000000, inc_x_i = 1.000000, inc_y_i = 1.000000
En el else......

----------------------------------------
x = 26.000000, y = 203.000000
avance = -375.000000, avanceR = 2.000000, avanceI = 2.000000
inc_x_r = 0.000000, inc_y_r = 1.000000, inc_x_i = 1.000000, inc_y_i = 1.000000
En el else......

----------------------------------------
x = 26.000000, y = 204.000000
avance = -373.000000, avanceR = 2.000000, avanceI = 2.000000
inc_x_r = 0.000000, inc_y_r = 1.000000, inc_x_i = 1.000000, inc_y_i = 1.000000
En el else......

----------------------------------------
x = 26.000000, y = 205.000000
avance = -371.000000, avanceR = 2.000000, avanceI = 2.000000
inc_x_r = 0.000000, inc_y_r = 1.000000, inc_x_i = 1.000000, inc_y_i = 1.000000
En el else......

----------------------------------------
x = 26.000000, y = 206.000000
avance = -369.000000, avanceR = 2.000000, avanceI = 2.000000
inc_x_r = 0.000000, inc_y_r = 1.000000, inc_x_i = 1.000000, inc_y_i = 1.000000
En el else......

----------------------------------------
x = 26.000000, y = 207.000000
avance = -367.000000, avanceR = 2.000000, avanceI = 2.000000
inc_x_r = 0.000000, inc_y_r = 1.000000, inc_x_i = 1.000000, inc_y_i = 1.000000
En el else......

----------------------------------------
x = 26.000000, y = 208.000000
avance = -365.000000, avanceR = 2.000000, avanceI = 2.000000
inc_x_r = 0.000000, inc_y_r = 1.000000, inc_x_i = 1.000000, inc_y_i = 1.000000
En el else......

----------------------------------------
x = 26.000000, y = 209.000000
avance = -363.000000, avanceR = 2.000000, avanceI = 2.000000
inc_x_r = 0.000000, inc_y_r = 1.000000, inc_x_i = 1.000000, inc_y_i = 1.000000
En el else......

----------------------------------------
x = 26.000000, y = 210.000000
avance = -361.000000, avanceR = 2.000000, avanceI = 2.000000
inc_x_r = 0.000000, inc_y_r = 1.000000, inc_x_i = 1.000000, inc_y_i = 1.000000
En el else......

----------------------------------------
x = 26.000000, y = 211.000000
avance = -359.000000, avanceR = 2.000000, avanceI = 2.000000
inc_x_r = 0.000000, inc_y_r = 1.000000, inc_x_i = 1.000000, inc_y_i = 1.000000
En el else......

----------------------------------------
x = 26.000000, y = 212.000000
avance = -357.000000, avanceR = 2.000000, avanceI = 2.000000
inc_x_r = 0.000000, inc_y_r = 1.000000, inc_x_i = 1.000000, inc_y_i = 1.000000
En el else......

----------------------------------------
x = 26.000000, y = 213.000000
avance = -355.000000, avanceR = 2.000000, avanceI = 2.000000
inc_x_r = 0.000000, inc_y_r = 1.000000, inc_x_i = 1.000000, inc_y_i = 1.000000
En el else......

----------------------------------------
x = 26.000000, y = 214.000000
avance = -353.000000, avanceR = 2.000000, avanceI = 2.000000
inc_x_r = 0.000000, inc_y_r = 1.000000, inc_x_i = 1.000000, inc_y_i = 1.000000
En el else......

----------------------------------------
x = 26.000000, y = 215.000000
avance = -351.000000, avanceR = 2.000000, avanceI = 2.000000
inc_x_r = 0.000000, inc_y_r = 1.000000, inc_x_i = 1.000000, inc_y_i = 1.000000
En el else......

----------------------------------------
x = 26.000000, y = 216.000000
avance = -349.000000, avanceR = 2.000000, avanceI = 2.000000
inc_x_r = 0.000000, inc_y_r = 1.000000, inc_x_i = 1.000000, inc_y_i = 1.000000
En el else......

----------------------------------------
x = 26.000000, y = 217.000000
avance = -347.000000, avanceR = 2.000000, avanceI = 2.000000
inc_x_r = 0.000000, inc_y_r = 1.000000, inc_x_i = 1.000000, inc_y_i = 1.000000
En el else......

----------------------------------------
x = 26.000000, y = 218.000000
avance = -345.000000, avanceR = 2.000000, avanceI = 2.000000
inc_x_r = 0.000000, inc_y_r = 1.000000, inc_x_i = 1.000000, inc_y_i = 1.000000
En el else......

----------------------------------------
x = 26.000000, y = 219.000000
avance = -343.000000, avanceR = 2.000000, avanceI = 2.000000
inc_x_r = 0.000000, inc_y_r = 1.000000, inc_x_i = 1.000000, inc_y_i = 1.000000
En el else......

----------------------------------------
x = 26.000000, y = 220.000000
avance = -341.000000, avanceR = 2.000000, avanceI = 2.000000
inc_x_r = 0.000000, inc_y_r = 1.000000, inc_x_i = 1.000000, inc_y_i = 1.000000
En el else......

----------------------------------------
x = 26.000000, y = 221.000000
avance = -339.000000, avanceR = 2.000000, avanceI = 2.000000
inc_x_r = 0.000000, inc_y_r = 1.000000, inc_x_i = 1.000000, inc_y_i = 1.000000
En el else......

----------------------------------------
x = 26.000000, y = 222.000000
avance = -337.000000, avanceR = 2.000000, avanceI = 2.000000
inc_x_r = 0.000000, inc_y_r = 1.000000, inc_x_i = 1.000000, inc_y_i = 1.000000
En el else......

----------------------------------------
x = 26.000000, y = 223.000000
avance = -335.000000, avanceR = 2.000000, avanceI = 2.000000
inc_x_r = 0.000000, inc_y_r = 1.000000, inc_x_i = 1.000000, inc_y_i = 1.000000
En el else......

----------------------------------------
x = 26.000000, y = 224.000000
avance = -333.000000, avanceR = 2.000000, avanceI = 2.000000
inc_x_r = 0.000000, inc_y_r = 1.000000, inc_x_i = 1.000000, inc_y_i = 1.000000
En el else......

----------------------------------------
x = 26.000000, y = 225.000000
avance = -331.000000, avanceR = 2.000000, avanceI = 2.000000
inc_x_r = 0.000000, inc_y_r = 1.000000, inc_x_i = 1.000000, inc_y_i = 1.000000
En el else......

----------------------------------------
x = 26.000000, y = 226.000000
avance = -329.000000, avanceR = 2.000000, avanceI = 2.000000
inc_x_r = 0.000000, inc_y_r = 1.000000, inc_x_i = 1.000000, inc_y_i = 1.000000
En el else......

----------------------------------------
x = 26.000000, y = 227.000000
avance = -327.000000, avanceR = 2.000000, avanceI = 2.000000
inc_x_r = 0.000000, inc_y_r = 1.000000, inc_x_i = 1.000000, inc_y_i = 1.000000
En el else......

----------------------------------------
x = 26.000000, y = 228.000000
avance = -325.000000, avanceR = 2.000000, avanceI = 2.000000
inc_x_r = 0.000000, inc_y_r = 1.000000, inc_x_i = 1.000000, inc_y_i = 1.000000
En el else......

----------------------------------------
x = 26.000000, y = 229.000000
avance = -323.000000, avanceR = 2.000000, avanceI = 2.000000
inc_x_r = 0.000000, inc_y_r = 1.000000, inc_x_i = 1.000000, inc_y_i = 1.000000
En el else......

----------------------------------------
x = 26.000000, y = 230.000000
avance = -321.000000, avanceR = 2.000000, avanceI = 2.000000
inc_x_r = 0.000000, inc_y_r = 1.000000, inc_x_i = 1.000000, inc_y_i = 1.000000
En el else......

----------------------------------------
x = 26.000000, y = 231.000000
avance = -319.000000, avanceR = 2.000000, avanceI = 2.000000
inc_x_r = 0.000000, inc_y_r = 1.000000, inc_x_i = 1.000000, inc_y_i = 1.000000
En el else......

----------------------------------------
x = 26.000000, y = 232.000000
avance = -317.000000, avanceR = 2.000000, avanceI = 2.000000
inc_x_r = 0.000000, inc_y_r = 1.000000, inc_x_i = 1.000000, inc_y_i = 1.000000
En el else......

----------------------------------------
x = 26.000000, y = 233.000000
avance = -315.000000, avanceR = 2.000000, avanceI = 2.000000
inc_x_r = 0.000000, inc_y_r = 1.000000, inc_x_i = 1.000000, inc_y_i = 1.000000
En el else......

----------------------------------------
x = 26.000000, y = 234.000000
avance = -313.000000, avanceR = 2.000000, avanceI = 2.000000
inc_x_r = 0.000000, inc_y_r = 1.000000, inc_x_i = 1.000000, inc_y_i = 1.000000
En el else......

----------------------------------------
x = 26.000000, y = 235.000000
avance = -311.000000, avanceR = 2.000000, avanceI = 2.000000
inc_x_r = 0.000000, inc_y_r = 1.000000, inc_x_i = 1.000000, inc_y_i = 1.000000
En el else......

----------------------------------------
x = 26.000000, y = 236.000000
avance = -309.000000, avanceR = 2.000000, avanceI = 2.000000
inc_x_r = 0.000000, inc_y_r = 1.000000, inc_x_i = 1.000000, inc_y_i = 1.000000
En el else......

----------------------------------------
x = 26.000000, y = 237.000000
avance = -307.000000, avanceR = 2.000000, avanceI = 2.000000
inc_x_r = 0.000000, inc_y_r = 1.000000, inc_x_i = 1.000000, inc_y_i = 1.000000
En el else......

----------------------------------------
x = 26.000000, y = 238.000000
avance = -305.000000, avanceR = 2.000000, avanceI = 2.000000
inc_x_r = 0.000000, inc_y_r = 1.000000, inc_x_i = 1.000000, inc_y_i = 1.000000
En el else......

----------------------------------------
x = 26.000000, y = 239.000000
avance = -303.000000, avanceR = 2.000000, avanceI = 2.000000
inc_x_r = 0.000000, inc_y_r = 1.000000, inc_x_i = 1.000000, inc_y_i = 1.000000
En el else......

----------------------------------------
x = 26.000000, y = 240.000000
avance = -301.000000, avanceR = 2.000000, avanceI = 2.000000
inc_x_r = 0.000000, inc_y_r = 1.000000, inc_x_i = 1.000000, inc_y_i = 1.000000
En el else......

----------------------------------------
x = 26.000000, y = 241.000000
avance = -299.000000, avanceR = 2.000000, avanceI = 2.000000
inc_x_r = 0.000000, inc_y_r = 1.000000, inc_x_i = 1.000000, inc_y_i = 1.000000
En el else......

----------------------------------------
x = 26.000000, y = 242.000000
avance = -297.000000, avanceR = 2.000000, avanceI = 2.000000
inc_x_r = 0.000000, inc_y_r = 1.000000, inc_x_i = 1.000000, inc_y_i = 1.000000
En el else......

----------------------------------------
x = 26.000000, y = 243.000000
avance = -295.000000, avanceR = 2.000000, avanceI = 2.000000
inc_x_r = 0.000000, inc_y_r = 1.000000, inc_x_i = 1.000000, inc_y_i = 1.000000
En el else......

----------------------------------------
x = 26.000000, y = 244.000000
avance = -293.000000, avanceR = 2.000000, avanceI = 2.000000
inc_x_r = 0.000000, inc_y_r = 1.000000, inc_x_i = 1.000000, inc_y_i = 1.000000
En el else......

----------------------------------------
x = 26.000000, y = 245.000000
avance = -291.000000, avanceR = 2.000000, avanceI = 2.000000
inc_x_r = 0.000000, inc_y_r = 1.000000, inc_x_i = 1.000000, inc_y_i = 1.000000
En el else......

----------------------------------------
x = 26.000000, y = 246.000000
avance = -289.000000, avanceR = 2.000000, avanceI = 2.000000
inc_x_r = 0.000000, inc_y_r = 1.000000, inc_x_i = 1.000000, inc_y_i = 1.000000
En el else......

----------------------------------------
x = 26.000000, y = 247.000000
avance = -287.000000, avanceR = 2.000000, avanceI = 2.000000
inc_x_r = 0.000000, inc_y_r = 1.000000, inc_x_i = 1.000000, inc_y_i = 1.000000
En el else......

----------------------------------------
x = 26.000000, y = 248.000000
avance = -285.000000, avanceR = 2.000000, avanceI = 2.000000
inc_x_r = 0.000000, inc_y_r = 1.000000, inc_x_i = 1.000000, inc_y_i = 1.000000
En el else......

----------------------------------------
x = 26.000000, y = 249.000000
avance = -283.000000, avanceR = 2.000000, avanceI = 2.000000
inc_x_r = 0.000000, inc_y_r = 1.000000, inc_x_i = 1.000000, inc_y_i = 1.000000
En el else......

----------------------------------------
x = 26.000000, y = 250.000000
avance = -281.000000, avanceR = 2.000000, avanceI = 2.000000
inc_x_r = 0.000000, inc_y_r = 1.000000, inc_x_i = 1.000000, inc_y_i = 1.000000
En el else......

----------------------------------------
x = 26.000000, y = 251.000000
avance = -279.000000, avanceR = 2.000000, avanceI = 2.000000
inc_x_r = 0.000000, inc_y_r = 1.000000, inc_x_i = 1.000000, inc_y_i = 1.000000
En el else......

----------------------------------------
x = 26.000000, y = 252.000000
avance = -277.000000, avanceR = 2.000000, avanceI = 2.000000
inc_x_r = 0.000000, inc_y_r = 1.000000, inc_x_i = 1.000000, inc_y_i = 1.000000
En el else......

----------------------------------------
x = 26.000000, y = 253.000000
avance = -275.000000, avanceR = 2.000000, avanceI = 2.000000
inc_x_r = 0.000000, inc_y_r = 1.000000, inc_x_i = 1.000000, inc_y_i = 1.000000
En el else......

----------------------------------------
x = 26.000000, y = 254.000000
avance = -273.000000, avanceR = 2.000000, avanceI = 2.000000
inc_x_r = 0.000000, inc_y_r = 1.000000, inc_x_i = 1.000000, inc_y_i = 1.000000
En el else......

----------------------------------------
x = 26.000000, y = 255.000000
avance = -271.000000, avanceR = 2.000000, avanceI = 2.000000
inc_x_r = 0.000000, inc_y_r = 1.000000, inc_x_i = 1.000000, inc_y_i = 1.000000
En el else......

----------------------------------------
x = 26.000000, y = 256.000000
avance = -269.000000, avanceR = 2.000000, avanceI = 2.000000
inc_x_r = 0.000000, inc_y_r = 1.000000, inc_x_i = 1.000000, inc_y_i = 1.000000
En el else......

----------------------------------------
x = 26.000000, y = 257.000000
avance = -267.000000, avanceR = 2.000000, avanceI = 2.000000
inc_x_r = 0.000000, inc_y_r = 1.000000, inc_x_i = 1.000000, inc_y_i = 1.000000
En el else......

----------------------------------------
x = 26.000000, y = 258.000000
avance = -265.000000, avanceR = 2.000000, avanceI = 2.000000
inc_x_r = 0.000000, inc_y_r = 1.000000, inc_x_i = 1.000000, inc_y_i = 1.000000
En el else......

----------------------------------------
x = 26.000000, y = 259.000000
avance = -263.000000, avanceR = 2.000000, avanceI = 2.000000
inc_x_r = 0.000000, inc_y_r = 1.000000, inc_x_i = 1.000000, inc_y_i = 1.000000
En el else......

----------------------------------------
x = 26.000000, y = 260.000000
avance = -261.000000, avanceR = 2.000000, avanceI = 2.000000
inc_x_r = 0.000000, inc_y_r = 1.000000, inc_x_i = 1.000000, inc_y_i = 1.000000
En el else......

----------------------------------------
x = 26.000000, y = 261.000000
avance = -259.000000, avanceR = 2.000000, avanceI = 2.000000
inc_x_r = 0.000000, inc_y_r = 1.000000, inc_x_i = 1.000000, inc_y_i = 1.000000
En el else......

----------------------------------------
x = 26.000000, y = 262.000000
avance = -257.000000, avanceR = 2.000000, avanceI = 2.000000
inc_x_r = 0.000000, inc_y_r = 1.000000, inc_x_i = 1.000000, inc_y_i = 1.000000
En el else......

----------------------------------------
x = 26.000000, y = 263.000000
avance = -255.000000, avanceR = 2.000000, avanceI = 2.000000
inc_x_r = 0.000000, inc_y_r = 1.000000, inc_x_i = 1.000000, inc_y_i = 1.000000
En el else......

----------------------------------------
x = 26.000000, y = 264.000000
avance = -253.000000, avanceR = 2.000000, avanceI = 2.000000
inc_x_r = 0.000000, inc_y_r = 1.000000, inc_x_i = 1.000000, inc_y_i = 1.000000
En el else......

----------------------------------------
x = 26.000000, y = 265.000000
avance = -251.000000, avanceR = 2.000000, avanceI = 2.000000
inc_x_r = 0.000000, inc_y_r = 1.000000, inc_x_i = 1.000000, inc_y_i = 1.000000
En el else......

----------------------------------------


ENTRAMOS A BRESENHAMªªªª
x1 = 25.000000 - y1 = 15.000000 || x2 = 26.000000 - y2 = 266.000000
dy = 251.000000, dx = 1.000000
avances inclinados: inc_x_i = 1.000000, inc_y_i = 1.000000
updated: dy = 251.000000, dx = 1.000000
avances rectos: inc_x_r = 0.000000, inc_y_r 1.000000
reupdated: dy = 1.000000, dx = 251.000000
avanceR = 2.000000, avance -249.000000, avanceI 2.000000
----------------------------------------
x = 25.000000, y = 15.000000
avance = -249.000000, avanceR = 2.000000, avanceI = 2.000000
inc_x_r = 0.000000, inc_y_r = 1.000000, inc_x_i = 1.000000, inc_y_i = 1.000000
En el else......

----------------------------------------
x = 25.000000, y = 16.000000
avance = -247.000000, avanceR = 2.000000, avanceI = 2.000000
inc_x_r = 0.000000, inc_y_r = 1.000000, inc_x_i = 1.000000, inc_y_i = 1.000000
En el else......

----------------------------------------
x = 25.000000, y = 17.000000
avance = -245.000000, avanceR = 2.000000, avanceI = 2.000000
inc_x_r = 0.000000, inc_y_r = 1.000000, inc_x_i = 1.000000, inc_y_i = 1.000000
En el else......

----------------------------------------
x = 25.000000, y = 18.000000
avance = -243.000000, avanceR = 2.000000, avanceI = 2.000000
inc_x_r = 0.000000, inc_y_r = 1.000000, inc_x_i = 1.000000, inc_y_i = 1.000000
En el else......

----------------------------------------
x = 25.000000, y = 19.000000
avance = -241.000000, avanceR = 2.000000, avanceI = 2.000000
inc_x_r = 0.000000, inc_y_r = 1.000000, inc_x_i = 1.000000, inc_y_i = 1.000000
En el else......

----------------------------------------
x = 25.000000, y = 20.000000
avance = -239.000000, avanceR = 2.000000, avanceI = 2.000000
inc_x_r = 0.000000, inc_y_r = 1.000000, inc_x_i = 1.000000, inc_y_i = 1.000000
En el else......

----------------------------------------
x = 25.000000, y = 21.000000
avance = -237.000000, avanceR = 2.000000, avanceI = 2.000000
inc_x_r = 0.000000, inc_y_r = 1.000000, inc_x_i = 1.000000, inc_y_i = 1.000000
En el else......

----------------------------------------
x = 25.000000, y = 22.000000
avance = -235.000000, avanceR = 2.000000, avanceI = 2.000000
inc_x_r = 0.000000, inc_y_r = 1.000000, inc_x_i = 1.000000, inc_y_i = 1.000000
En el else......

----------------------------------------
x = 25.000000, y = 23.000000
avance = -233.000000, avanceR = 2.000000, avanceI = 2.000000
inc_x_r = 0.000000, inc_y_r = 1.000000, inc_x_i = 1.000000, inc_y_i = 1.000000
En el else......

----------------------------------------
x = 25.000000, y = 24.000000
avance = -231.000000, avanceR = 2.000000, avanceI = 2.000000
inc_x_r = 0.000000, inc_y_r = 1.000000, inc_x_i = 1.000000, inc_y_i = 1.000000
En el else......

----------------------------------------
x = 25.000000, y = 25.000000
avance = -229.000000, avanceR = 2.000000, avanceI = 2.000000
inc_x_r = 0.000000, inc_y_r = 1.000000, inc_x_i = 1.000000, inc_y_i = 1.000000
En el else......

----------------------------------------
x = 25.000000, y = 26.000000
avance = -227.000000, avanceR = 2.000000, avanceI = 2.000000
inc_x_r = 0.000000, inc_y_r = 1.000000, inc_x_i = 1.000000, inc_y_i = 1.000000
En el else......

----------------------------------------
x = 25.000000, y = 27.000000
avance = -225.000000, avanceR = 2.000000, avanceI = 2.000000
inc_x_r = 0.000000, inc_y_r = 1.000000, inc_x_i = 1.000000, inc_y_i = 1.000000
En el else......

----------------------------------------
x = 25.000000, y = 28.000000
avance = -223.000000, avanceR = 2.000000, avanceI = 2.000000
inc_x_r = 0.000000, inc_y_r = 1.000000, inc_x_i = 1.000000, inc_y_i = 1.000000
En el else......

----------------------------------------
x = 25.000000, y = 29.000000
avance = -221.000000, avanceR = 2.000000, avanceI = 2.000000
inc_x_r = 0.000000, inc_y_r = 1.000000, inc_x_i = 1.000000, inc_y_i = 1.000000
En el else......

----------------------------------------
x = 25.000000, y = 30.000000
avance = -219.000000, avanceR = 2.000000, avanceI = 2.000000
inc_x_r = 0.000000, inc_y_r = 1.000000, inc_x_i = 1.000000, inc_y_i = 1.000000
En el else......

----------------------------------------
x = 25.000000, y = 31.000000
avance = -217.000000, avanceR = 2.000000, avanceI = 2.000000
inc_x_r = 0.000000, inc_y_r = 1.000000, inc_x_i = 1.000000, inc_y_i = 1.000000
En el else......

----------------------------------------
x = 25.000000, y = 32.000000
avance = -215.000000, avanceR = 2.000000, avanceI = 2.000000
inc_x_r = 0.000000, inc_y_r = 1.000000, inc_x_i = 1.000000, inc_y_i = 1.000000
En el else......

----------------------------------------
x = 25.000000, y = 33.000000
avance = -213.000000, avanceR = 2.000000, avanceI = 2.000000
inc_x_r = 0.000000, inc_y_r = 1.000000, inc_x_i = 1.000000, inc_y_i = 1.000000
En el else......

----------------------------------------
x = 25.000000, y = 34.000000
avance = -211.000000, avanceR = 2.000000, avanceI = 2.000000
inc_x_r = 0.000000, inc_y_r = 1.000000, inc_x_i = 1.000000, inc_y_i = 1.000000
En el else......

----------------------------------------
x = 25.000000, y = 35.000000
avance = -209.000000, avanceR = 2.000000, avanceI = 2.000000
inc_x_r = 0.000000, inc_y_r = 1.000000, inc_x_i = 1.000000, inc_y_i = 1.000000
En el else......

----------------------------------------
x = 25.000000, y = 36.000000
avance = -207.000000, avanceR = 2.000000, avanceI = 2.000000
inc_x_r = 0.000000, inc_y_r = 1.000000, inc_x_i = 1.000000, inc_y_i = 1.000000
En el else......

----------------------------------------
x = 25.000000, y = 37.000000
avance = -205.000000, avanceR = 2.000000, avanceI = 2.000000
inc_x_r = 0.000000, inc_y_r = 1.000000, inc_x_i = 1.000000, inc_y_i = 1.000000
En el else......

----------------------------------------
x = 25.000000, y = 38.000000
avance = -203.000000, avanceR = 2.000000, avanceI = 2.000000
inc_x_r = 0.000000, inc_y_r = 1.000000, inc_x_i = 1.000000, inc_y_i = 1.000000
En el else......

----------------------------------------
x = 25.000000, y = 39.000000
avance = -201.000000, avanceR = 2.000000, avanceI = 2.000000
inc_x_r = 0.000000, inc_y_r = 1.000000, inc_x_i = 1.000000, inc_y_i = 1.000000
En el else......

----------------------------------------
x = 25.000000, y = 40.000000
avance = -199.000000, avanceR = 2.000000, avanceI = 2.000000
inc_x_r = 0.000000, inc_y_r = 1.000000, inc_x_i = 1.000000, inc_y_i = 1.000000
En el else......

----------------------------------------
x = 25.000000, y = 41.000000
avance = -197.000000, avanceR = 2.000000, avanceI = 2.000000
inc_x_r = 0.000000, inc_y_r = 1.000000, inc_x_i = 1.000000, inc_y_i = 1.000000
En el else......

----------------------------------------
x = 25.000000, y = 42.000000
avance = -195.000000, avanceR = 2.000000, avanceI = 2.000000
inc_x_r = 0.000000, inc_y_r = 1.000000, inc_x_i = 1.000000, inc_y_i = 1.000000
En el else......

----------------------------------------
x = 25.000000, y = 43.000000
avance = -193.000000, avanceR = 2.000000, avanceI = 2.000000
inc_x_r = 0.000000, inc_y_r = 1.000000, inc_x_i = 1.000000, inc_y_i = 1.000000
En el else......

----------------------------------------
x = 25.000000, y = 44.000000
avance = -191.000000, avanceR = 2.000000, avanceI = 2.000000
inc_x_r = 0.000000, inc_y_r = 1.000000, inc_x_i = 1.000000, inc_y_i = 1.000000
En el else......

----------------------------------------
x = 25.000000, y = 45.000000
avance = -189.000000, avanceR = 2.000000, avanceI = 2.000000
inc_x_r = 0.000000, inc_y_r = 1.000000, inc_x_i = 1.000000, inc_y_i = 1.000000
En el else......

----------------------------------------
x = 25.000000, y = 46.000000
avance = -187.000000, avanceR = 2.000000, avanceI = 2.000000
inc_x_r = 0.000000, inc_y_r = 1.000000, inc_x_i = 1.000000, inc_y_i = 1.000000
En el else......

----------------------------------------
x = 25.000000, y = 47.000000
avance = -185.000000, avanceR = 2.000000, avanceI = 2.000000
inc_x_r = 0.000000, inc_y_r = 1.000000, inc_x_i = 1.000000, inc_y_i = 1.000000
En el else......

----------------------------------------
x = 25.000000, y = 48.000000
avance = -183.000000, avanceR = 2.000000, avanceI = 2.000000
inc_x_r = 0.000000, inc_y_r = 1.000000, inc_x_i = 1.000000, inc_y_i = 1.000000
En el else......

----------------------------------------
x = 25.000000, y = 49.000000
avance = -181.000000, avanceR = 2.000000, avanceI = 2.000000
inc_x_r = 0.000000, inc_y_r = 1.000000, inc_x_i = 1.000000, inc_y_i = 1.000000
En el else......

----------------------------------------
x = 25.000000, y = 50.000000
avance = -179.000000, avanceR = 2.000000, avanceI = 2.000000
inc_x_r = 0.000000, inc_y_r = 1.000000, inc_x_i = 1.000000, inc_y_i = 1.000000
En el else......

----------------------------------------
x = 25.000000, y = 51.000000
avance = -177.000000, avanceR = 2.000000, avanceI = 2.000000
inc_x_r = 0.000000, inc_y_r = 1.000000, inc_x_i = 1.000000, inc_y_i = 1.000000
En el else......

----------------------------------------
x = 25.000000, y = 52.000000
avance = -175.000000, avanceR = 2.000000, avanceI = 2.000000
inc_x_r = 0.000000, inc_y_r = 1.000000, inc_x_i = 1.000000, inc_y_i = 1.000000
En el else......

----------------------------------------
x = 25.000000, y = 53.000000
avance = -173.000000, avanceR = 2.000000, avanceI = 2.000000
inc_x_r = 0.000000, inc_y_r = 1.000000, inc_x_i = 1.000000, inc_y_i = 1.000000
En el else......

----------------------------------------
x = 25.000000, y = 54.000000
avance = -171.000000, avanceR = 2.000000, avanceI = 2.000000
inc_x_r = 0.000000, inc_y_r = 1.000000, inc_x_i = 1.000000, inc_y_i = 1.000000
En el else......

----------------------------------------
x = 25.000000, y = 55.000000
avance = -169.000000, avanceR = 2.000000, avanceI = 2.000000
inc_x_r = 0.000000, inc_y_r = 1.000000, inc_x_i = 1.000000, inc_y_i = 1.000000
En el else......

----------------------------------------
x = 25.000000, y = 56.000000
avance = -167.000000, avanceR = 2.000000, avanceI = 2.000000
inc_x_r = 0.000000, inc_y_r = 1.000000, inc_x_i = 1.000000, inc_y_i = 1.000000
En el else......

----------------------------------------
x = 25.000000, y = 57.000000
avance = -165.000000, avanceR = 2.000000, avanceI = 2.000000
inc_x_r = 0.000000, inc_y_r = 1.000000, inc_x_i = 1.000000, inc_y_i = 1.000000
En el else......

----------------------------------------
x = 25.000000, y = 58.000000
avance = -163.000000, avanceR = 2.000000, avanceI = 2.000000
inc_x_r = 0.000000, inc_y_r = 1.000000, inc_x_i = 1.000000, inc_y_i = 1.000000
En el else......

----------------------------------------
x = 25.000000, y = 59.000000
avance = -161.000000, avanceR = 2.000000, avanceI = 2.000000
inc_x_r = 0.000000, inc_y_r = 1.000000, inc_x_i = 1.000000, inc_y_i = 1.000000
En el else......

----------------------------------------
x = 25.000000, y = 60.000000
avance = -159.000000, avanceR = 2.000000, avanceI = 2.000000
inc_x_r = 0.000000, inc_y_r = 1.000000, inc_x_i = 1.000000, inc_y_i = 1.000000
En el else......

----------------------------------------
x = 25.000000, y = 61.000000
avance = -157.000000, avanceR = 2.000000, avanceI = 2.000000
inc_x_r = 0.000000, inc_y_r = 1.000000, inc_x_i = 1.000000, inc_y_i = 1.000000
En el else......

----------------------------------------
x = 25.000000, y = 62.000000
avance = -155.000000, avanceR = 2.000000, avanceI = 2.000000
inc_x_r = 0.000000, inc_y_r = 1.000000, inc_x_i = 1.000000, inc_y_i = 1.000000
En el else......

----------------------------------------
x = 25.000000, y = 63.000000
avance = -153.000000, avanceR = 2.000000, avanceI = 2.000000
inc_x_r = 0.000000, inc_y_r = 1.000000, inc_x_i = 1.000000, inc_y_i = 1.000000
En el else......

----------------------------------------
x = 25.000000, y = 64.000000
avance = -151.000000, avanceR = 2.000000, avanceI = 2.000000
inc_x_r = 0.000000, inc_y_r = 1.000000, inc_x_i = 1.000000, inc_y_i = 1.000000
En el else......

----------------------------------------
x = 25.000000, y = 65.000000
avance = -149.000000, avanceR = 2.000000, avanceI = 2.000000
inc_x_r = 0.000000, inc_y_r = 1.000000, inc_x_i = 1.000000, inc_y_i = 1.000000
En el else......

----------------------------------------
x = 25.000000, y = 66.000000
avance = -147.000000, avanceR = 2.000000, avanceI = 2.000000
inc_x_r = 0.000000, inc_y_r = 1.000000, inc_x_i = 1.000000, inc_y_i = 1.000000
En el else......

----------------------------------------
x = 25.000000, y = 67.000000
avance = -145.000000, avanceR = 2.000000, avanceI = 2.000000
inc_x_r = 0.000000, inc_y_r = 1.000000, inc_x_i = 1.000000, inc_y_i = 1.000000
En el else......

----------------------------------------
x = 25.000000, y = 68.000000
avance = -143.000000, avanceR = 2.000000, avanceI = 2.000000
inc_x_r = 0.000000, inc_y_r = 1.000000, inc_x_i = 1.000000, inc_y_i = 1.000000
En el else......

----------------------------------------
x = 25.000000, y = 69.000000
avance = -141.000000, avanceR = 2.000000, avanceI = 2.000000
inc_x_r = 0.000000, inc_y_r = 1.000000, inc_x_i = 1.000000, inc_y_i = 1.000000
En el else......

----------------------------------------
x = 25.000000, y = 70.000000
avance = -139.000000, avanceR = 2.000000, avanceI = 2.000000
inc_x_r = 0.000000, inc_y_r = 1.000000, inc_x_i = 1.000000, inc_y_i = 1.000000
En el else......

----------------------------------------
x = 25.000000, y = 71.000000
avance = -137.000000, avanceR = 2.000000, avanceI = 2.000000
inc_x_r = 0.000000, inc_y_r = 1.000000, inc_x_i = 1.000000, inc_y_i = 1.000000
En el else......

----------------------------------------
x = 25.000000, y = 72.000000
avance = -135.000000, avanceR = 2.000000, avanceI = 2.000000
inc_x_r = 0.000000, inc_y_r = 1.000000, inc_x_i = 1.000000, inc_y_i = 1.000000
En el else......

----------------------------------------
x = 25.000000, y = 73.000000
avance = -133.000000, avanceR = 2.000000, avanceI = 2.000000
inc_x_r = 0.000000, inc_y_r = 1.000000, inc_x_i = 1.000000, inc_y_i = 1.000000
En el else......

----------------------------------------
x = 25.000000, y = 74.000000
avance = -131.000000, avanceR = 2.000000, avanceI = 2.000000
inc_x_r = 0.000000, inc_y_r = 1.000000, inc_x_i = 1.000000, inc_y_i = 1.000000
En el else......

----------------------------------------
x = 25.000000, y = 75.000000
avance = -129.000000, avanceR = 2.000000, avanceI = 2.000000
inc_x_r = 0.000000, inc_y_r = 1.000000, inc_x_i = 1.000000, inc_y_i = 1.000000
En el else......

----------------------------------------
x = 25.000000, y = 76.000000
avance = -127.000000, avanceR = 2.000000, avanceI = 2.000000
inc_x_r = 0.000000, inc_y_r = 1.000000, inc_x_i = 1.000000, inc_y_i = 1.000000
En el else......

----------------------------------------
x = 25.000000, y = 77.000000
avance = -125.000000, avanceR = 2.000000, avanceI = 2.000000
inc_x_r = 0.000000, inc_y_r = 1.000000, inc_x_i = 1.000000, inc_y_i = 1.000000
En el else......

----------------------------------------
x = 25.000000, y = 78.000000
avance = -123.000000, avanceR = 2.000000, avanceI = 2.000000
inc_x_r = 0.000000, inc_y_r = 1.000000, inc_x_i = 1.000000, inc_y_i = 1.000000
En el else......

----------------------------------------
x = 25.000000, y = 79.000000
avance = -121.000000, avanceR = 2.000000, avanceI = 2.000000
inc_x_r = 0.000000, inc_y_r = 1.000000, inc_x_i = 1.000000, inc_y_i = 1.000000
En el else......

----------------------------------------
x = 25.000000, y = 80.000000
avance = -119.000000, avanceR = 2.000000, avanceI = 2.000000
inc_x_r = 0.000000, inc_y_r = 1.000000, inc_x_i = 1.000000, inc_y_i = 1.000000
En el else......

----------------------------------------
x = 25.000000, y = 81.000000
avance = -117.000000, avanceR = 2.000000, avanceI = 2.000000
inc_x_r = 0.000000, inc_y_r = 1.000000, inc_x_i = 1.000000, inc_y_i = 1.000000
En el else......

----------------------------------------
x = 25.000000, y = 82.000000
avance = -115.000000, avanceR = 2.000000, avanceI = 2.000000
inc_x_r = 0.000000, inc_y_r = 1.000000, inc_x_i = 1.000000, inc_y_i = 1.000000
En el else......

----------------------------------------
x = 25.000000, y = 83.000000
avance = -113.000000, avanceR = 2.000000, avanceI = 2.000000
inc_x_r = 0.000000, inc_y_r = 1.000000, inc_x_i = 1.000000, inc_y_i = 1.000000
En el else......

----------------------------------------
x = 25.000000, y = 84.000000
avance = -111.000000, avanceR = 2.000000, avanceI = 2.000000
inc_x_r = 0.000000, inc_y_r = 1.000000, inc_x_i = 1.000000, inc_y_i = 1.000000
En el else......

----------------------------------------
x = 25.000000, y = 85.000000
avance = -109.000000, avanceR = 2.000000, avanceI = 2.000000
inc_x_r = 0.000000, inc_y_r = 1.000000, inc_x_i = 1.000000, inc_y_i = 1.000000
En el else......

----------------------------------------
x = 25.000000, y = 86.000000
avance = -107.000000, avanceR = 2.000000, avanceI = 2.000000
inc_x_r = 0.000000, inc_y_r = 1.000000, inc_x_i = 1.000000, inc_y_i = 1.000000
En el else......

----------------------------------------
x = 25.000000, y = 87.000000
avance = -105.000000, avanceR = 2.000000, avanceI = 2.000000
inc_x_r = 0.000000, inc_y_r = 1.000000, inc_x_i = 1.000000, inc_y_i = 1.000000
En el else......

----------------------------------------
x = 25.000000, y = 88.000000
avance = -103.000000, avanceR = 2.000000, avanceI = 2.000000
inc_x_r = 0.000000, inc_y_r = 1.000000, inc_x_i = 1.000000, inc_y_i = 1.000000
En el else......

----------------------------------------
x = 25.000000, y = 89.000000
avance = -101.000000, avanceR = 2.000000, avanceI = 2.000000
inc_x_r = 0.000000, inc_y_r = 1.000000, inc_x_i = 1.000000, inc_y_i = 1.000000
En el else......

----------------------------------------
x = 25.000000, y = 90.000000
avance = -99.000000, avanceR = 2.000000, avanceI = 2.000000
inc_x_r = 0.000000, inc_y_r = 1.000000, inc_x_i = 1.000000, inc_y_i = 1.000000
En el else......

----------------------------------------
x = 25.000000, y = 91.000000
avance = -97.000000, avanceR = 2.000000, avanceI = 2.000000
inc_x_r = 0.000000, inc_y_r = 1.000000, inc_x_i = 1.000000, inc_y_i = 1.000000
En el else......

----------------------------------------
x = 25.000000, y = 92.000000
avance = -95.000000, avanceR = 2.000000, avanceI = 2.000000
inc_x_r = 0.000000, inc_y_r = 1.000000, inc_x_i = 1.000000, inc_y_i = 1.000000
En el else......

----------------------------------------
x = 25.000000, y = 93.000000
avance = -93.000000, avanceR = 2.000000, avanceI = 2.000000
inc_x_r = 0.000000, inc_y_r = 1.000000, inc_x_i = 1.000000, inc_y_i = 1.000000
En el else......

----------------------------------------
x = 25.000000, y = 94.000000
avance = -91.000000, avanceR = 2.000000, avanceI = 2.000000
inc_x_r = 0.000000, inc_y_r = 1.000000, inc_x_i = 1.000000, inc_y_i = 1.000000
En el else......

----------------------------------------
x = 25.000000, y = 95.000000
avance = -89.000000, avanceR = 2.000000, avanceI = 2.000000
inc_x_r = 0.000000, inc_y_r = 1.000000, inc_x_i = 1.000000, inc_y_i = 1.000000
En el else......

----------------------------------------
x = 25.000000, y = 96.000000
avance = -87.000000, avanceR = 2.000000, avanceI = 2.000000
inc_x_r = 0.000000, inc_y_r = 1.000000, inc_x_i = 1.000000, inc_y_i = 1.000000
En el else......

----------------------------------------
x = 25.000000, y = 97.000000
avance = -85.000000, avanceR = 2.000000, avanceI = 2.000000
inc_x_r = 0.000000, inc_y_r = 1.000000, inc_x_i = 1.000000, inc_y_i = 1.000000
En el else......

----------------------------------------
x = 25.000000, y = 98.000000
avance = -83.000000, avanceR = 2.000000, avanceI = 2.000000
inc_x_r = 0.000000, inc_y_r = 1.000000, inc_x_i = 1.000000, inc_y_i = 1.000000
En el else......

----------------------------------------
x = 25.000000, y = 99.000000
avance = -81.000000, avanceR = 2.000000, avanceI = 2.000000
inc_x_r = 0.000000, inc_y_r = 1.000000, inc_x_i = 1.000000, inc_y_i = 1.000000
En el else......

----------------------------------------
x = 25.000000, y = 100.000000
avance = -79.000000, avanceR = 2.000000, avanceI = 2.000000
inc_x_r = 0.000000, inc_y_r = 1.000000, inc_x_i = 1.000000, inc_y_i = 1.000000
En el else......

----------------------------------------
x = 25.000000, y = 101.000000
avance = -77.000000, avanceR = 2.000000, avanceI = 2.000000
inc_x_r = 0.000000, inc_y_r = 1.000000, inc_x_i = 1.000000, inc_y_i = 1.000000
En el else......

----------------------------------------
x = 25.000000, y = 102.000000
avance = -75.000000, avanceR = 2.000000, avanceI = 2.000000
inc_x_r = 0.000000, inc_y_r = 1.000000, inc_x_i = 1.000000, inc_y_i = 1.000000
En el else......

----------------------------------------
x = 25.000000, y = 103.000000
avance = -73.000000, avanceR = 2.000000, avanceI = 2.000000
inc_x_r = 0.000000, inc_y_r = 1.000000, inc_x_i = 1.000000, inc_y_i = 1.000000
En el else......

----------------------------------------
x = 25.000000, y = 104.000000
avance = -71.000000, avanceR = 2.000000, avanceI = 2.000000
inc_x_r = 0.000000, inc_y_r = 1.000000, inc_x_i = 1.000000, inc_y_i = 1.000000
En el else......

----------------------------------------
x = 25.000000, y = 105.000000
avance = -69.000000, avanceR = 2.000000, avanceI = 2.000000
inc_x_r = 0.000000, inc_y_r = 1.000000, inc_x_i = 1.000000, inc_y_i = 1.000000
En el else......

----------------------------------------
x = 25.000000, y = 106.000000
avance = -67.000000, avanceR = 2.000000, avanceI = 2.000000
inc_x_r = 0.000000, inc_y_r = 1.000000, inc_x_i = 1.000000, inc_y_i = 1.000000
En el else......

----------------------------------------
x = 25.000000, y = 107.000000
avance = -65.000000, avanceR = 2.000000, avanceI = 2.000000
inc_x_r = 0.000000, inc_y_r = 1.000000, inc_x_i = 1.000000, inc_y_i = 1.000000
En el else......

----------------------------------------
x = 25.000000, y = 108.000000
avance = -63.000000, avanceR = 2.000000, avanceI = 2.000000
inc_x_r = 0.000000, inc_y_r = 1.000000, inc_x_i = 1.000000, inc_y_i = 1.000000
En el else......

----------------------------------------
x = 25.000000, y = 109.000000
avance = -61.000000, avanceR = 2.000000, avanceI = 2.000000
inc_x_r = 0.000000, inc_y_r = 1.000000, inc_x_i = 1.000000, inc_y_i = 1.000000
En el else......

----------------------------------------
x = 25.000000, y = 110.000000
avance = -59.000000, avanceR = 2.000000, avanceI = 2.000000
inc_x_r = 0.000000, inc_y_r = 1.000000, inc_x_i = 1.000000, inc_y_i = 1.000000
En el else......

----------------------------------------
x = 25.000000, y = 111.000000
avance = -57.000000, avanceR = 2.000000, avanceI = 2.000000
inc_x_r = 0.000000, inc_y_r = 1.000000, inc_x_i = 1.000000, inc_y_i = 1.000000
En el else......

----------------------------------------
x = 25.000000, y = 112.000000
avance = -55.000000, avanceR = 2.000000, avanceI = 2.000000
inc_x_r = 0.000000, inc_y_r = 1.000000, inc_x_i = 1.000000, inc_y_i = 1.000000
En el else......

----------------------------------------
x = 25.000000, y = 113.000000
avance = -53.000000, avanceR = 2.000000, avanceI = 2.000000
inc_x_r = 0.000000, inc_y_r = 1.000000, inc_x_i = 1.000000, inc_y_i = 1.000000
En el else......

----------------------------------------
x = 25.000000, y = 114.000000
avance = -51.000000, avanceR = 2.000000, avanceI = 2.000000
inc_x_r = 0.000000, inc_y_r = 1.000000, inc_x_i = 1.000000, inc_y_i = 1.000000
En el else......

----------------------------------------
x = 25.000000, y = 115.000000
avance = -49.000000, avanceR = 2.000000, avanceI = 2.000000
inc_x_r = 0.000000, inc_y_r = 1.000000, inc_x_i = 1.000000, inc_y_i = 1.000000
En el else......

----------------------------------------
x = 25.000000, y = 116.000000
avance = -47.000000, avanceR = 2.000000, avanceI = 2.000000
inc_x_r = 0.000000, inc_y_r = 1.000000, inc_x_i = 1.000000, inc_y_i = 1.000000
En el else......

----------------------------------------
x = 25.000000, y = 117.000000
avance = -45.000000, avanceR = 2.000000, avanceI = 2.000000
inc_x_r = 0.000000, inc_y_r = 1.000000, inc_x_i = 1.000000, inc_y_i = 1.000000
En el else......

----------------------------------------
x = 25.000000, y = 118.000000
avance = -43.000000, avanceR = 2.000000, avanceI = 2.000000
inc_x_r = 0.000000, inc_y_r = 1.000000, inc_x_i = 1.000000, inc_y_i = 1.000000
En el else......

----------------------------------------
x = 25.000000, y = 119.000000
avance = -41.000000, avanceR = 2.000000, avanceI = 2.000000
inc_x_r = 0.000000, inc_y_r = 1.000000, inc_x_i = 1.000000, inc_y_i = 1.000000
En el else......

----------------------------------------
x = 25.000000, y = 120.000000
avance = -39.000000, avanceR = 2.000000, avanceI = 2.000000
inc_x_r = 0.000000, inc_y_r = 1.000000, inc_x_i = 1.000000, inc_y_i = 1.000000
En el else......

----------------------------------------
x = 25.000000, y = 121.000000
avance = -37.000000, avanceR = 2.000000, avanceI = 2.000000
inc_x_r = 0.000000, inc_y_r = 1.000000, inc_x_i = 1.000000, inc_y_i = 1.000000
En el else......

----------------------------------------
x = 25.000000, y = 122.000000
avance = -35.000000, avanceR = 2.000000, avanceI = 2.000000
inc_x_r = 0.000000, inc_y_r = 1.000000, inc_x_i = 1.000000, inc_y_i = 1.000000
En el else......

----------------------------------------
x = 25.000000, y = 123.000000
avance = -33.000000, avanceR = 2.000000, avanceI = 2.000000
inc_x_r = 0.000000, inc_y_r = 1.000000, inc_x_i = 1.000000, inc_y_i = 1.000000
En el else......

----------------------------------------
x = 25.000000, y = 124.000000
avance = -31.000000, avanceR = 2.000000, avanceI = 2.000000
inc_x_r = 0.000000, inc_y_r = 1.000000, inc_x_i = 1.000000, inc_y_i = 1.000000
En el else......

----------------------------------------
x = 25.000000, y = 125.000000
avance = -29.000000, avanceR = 2.000000, avanceI = 2.000000
inc_x_r = 0.000000, inc_y_r = 1.000000, inc_x_i = 1.000000, inc_y_i = 1.000000
En el else......

----------------------------------------
x = 25.000000, y = 126.000000
avance = -27.000000, avanceR = 2.000000, avanceI = 2.000000
inc_x_r = 0.000000, inc_y_r = 1.000000, inc_x_i = 1.000000, inc_y_i = 1.000000
En el else......

----------------------------------------
x = 25.000000, y = 127.000000
avance = -25.000000, avanceR = 2.000000, avanceI = 2.000000
inc_x_r = 0.000000, inc_y_r = 1.000000, inc_x_i = 1.000000, inc_y_i = 1.000000
En el else......

----------------------------------------
x = 25.000000, y = 128.000000
avance = -23.000000, avanceR = 2.000000, avanceI = 2.000000
inc_x_r = 0.000000, inc_y_r = 1.000000, inc_x_i = 1.000000, inc_y_i = 1.000000
En el else......

----------------------------------------
x = 25.000000, y = 129.000000
avance = -21.000000, avanceR = 2.000000, avanceI = 2.000000
inc_x_r = 0.000000, inc_y_r = 1.000000, inc_x_i = 1.000000, inc_y_i = 1.000000
En el else......

----------------------------------------
x = 25.000000, y = 130.000000
avance = -19.000000, avanceR = 2.000000, avanceI = 2.000000
inc_x_r = 0.000000, inc_y_r = 1.000000, inc_x_i = 1.000000, inc_y_i = 1.000000
En el else......

----------------------------------------
x = 25.000000, y = 131.000000
avance = -17.000000, avanceR = 2.000000, avanceI = 2.000000
inc_x_r = 0.000000, inc_y_r = 1.000000, inc_x_i = 1.000000, inc_y_i = 1.000000
En el else......

----------------------------------------
x = 25.000000, y = 132.000000
avance = -15.000000, avanceR = 2.000000, avanceI = 2.000000
inc_x_r = 0.000000, inc_y_r = 1.000000, inc_x_i = 1.000000, inc_y_i = 1.000000
En el else......

----------------------------------------
x = 25.000000, y = 133.000000
avance = -13.000000, avanceR = 2.000000, avanceI = 2.000000
inc_x_r = 0.000000, inc_y_r = 1.000000, inc_x_i = 1.000000, inc_y_i = 1.000000
En el else......

----------------------------------------
x = 25.000000, y = 134.000000
avance = -11.000000, avanceR = 2.000000, avanceI = 2.000000
inc_x_r = 0.000000, inc_y_r = 1.000000, inc_x_i = 1.000000, inc_y_i = 1.000000
En el else......

----------------------------------------
x = 25.000000, y = 135.000000
avance = -9.000000, avanceR = 2.000000, avanceI = 2.000000
inc_x_r = 0.000000, inc_y_r = 1.000000, inc_x_i = 1.000000, inc_y_i = 1.000000
En el else......

----------------------------------------
x = 25.000000, y = 136.000000
avance = -7.000000, avanceR = 2.000000, avanceI = 2.000000
inc_x_r = 0.000000, inc_y_r = 1.000000, inc_x_i = 1.000000, inc_y_i = 1.000000
En el else......

----------------------------------------
x = 25.000000, y = 137.000000
avance = -5.000000, avanceR = 2.000000, avanceI = 2.000000
inc_x_r = 0.000000, inc_y_r = 1.000000, inc_x_i = 1.000000, inc_y_i = 1.000000
En el else......

----------------------------------------
x = 25.000000, y = 138.000000
avance = -3.000000, avanceR = 2.000000, avanceI = 2.000000
inc_x_r = 0.000000, inc_y_r = 1.000000, inc_x_i = 1.000000, inc_y_i = 1.000000
En el else......

----------------------------------------
x = 25.000000, y = 139.000000
avance = -1.000000, avanceR = 2.000000, avanceI = 2.000000
inc_x_r = 0.000000, inc_y_r = 1.000000, inc_x_i = 1.000000, inc_y_i = 1.000000
En el else......

----------------------------------------
x = 25.000000, y = 140.000000
avance = 1.000000, avanceR = 2.000000, avanceI = 2.000000
inc_x_r = 0.000000, inc_y_r = 1.000000, inc_x_i = 1.000000, inc_y_i = 1.000000
avance >= 0

----------------------------------------
x = 26.000000, y = 141.000000
avance = -499.000000, avanceR = 2.000000, avanceI = 2.000000
inc_x_r = 0.000000, inc_y_r = 1.000000, inc_x_i = 1.000000, inc_y_i = 1.000000
En el else......

----------------------------------------
x = 26.000000, y = 142.000000
avance = -497.000000, avanceR = 2.000000, avanceI = 2.000000
inc_x_r = 0.000000, inc_y_r = 1.000000, inc_x_i = 1.000000, inc_y_i = 1.000000
En el else......

----------------------------------------
x = 26.000000, y = 143.000000
avance = -495.000000, avanceR = 2.000000, avanceI = 2.000000
inc_x_r = 0.000000, inc_y_r = 1.000000, inc_x_i = 1.000000, inc_y_i = 1.000000
En el else......

----------------------------------------
x = 26.000000, y = 144.000000
avance = -493.000000, avanceR = 2.000000, avanceI = 2.000000
inc_x_r = 0.000000, inc_y_r = 1.000000, inc_x_i = 1.000000, inc_y_i = 1.000000
En el else......

----------------------------------------
x = 26.000000, y = 145.000000
avance = -491.000000, avanceR = 2.000000, avanceI = 2.000000
inc_x_r = 0.000000, inc_y_r = 1.000000, inc_x_i = 1.000000, inc_y_i = 1.000000
En el else......

----------------------------------------
x = 26.000000, y = 146.000000
avance = -489.000000, avanceR = 2.000000, avanceI = 2.000000
inc_x_r = 0.000000, inc_y_r = 1.000000, inc_x_i = 1.000000, inc_y_i = 1.000000
En el else......

----------------------------------------
x = 26.000000, y = 147.000000
avance = -487.000000, avanceR = 2.000000, avanceI = 2.000000
inc_x_r = 0.000000, inc_y_r = 1.000000, inc_x_i = 1.000000, inc_y_i = 1.000000
En el else......

----------------------------------------
x = 26.000000, y = 148.000000
avance = -485.000000, avanceR = 2.000000, avanceI = 2.000000
inc_x_r = 0.000000, inc_y_r = 1.000000, inc_x_i = 1.000000, inc_y_i = 1.000000
En el else......

----------------------------------------
x = 26.000000, y = 149.000000
avance = -483.000000, avanceR = 2.000000, avanceI = 2.000000
inc_x_r = 0.000000, inc_y_r = 1.000000, inc_x_i = 1.000000, inc_y_i = 1.000000
En el else......

----------------------------------------
x = 26.000000, y = 150.000000
avance = -481.000000, avanceR = 2.000000, avanceI = 2.000000
inc_x_r = 0.000000, inc_y_r = 1.000000, inc_x_i = 1.000000, inc_y_i = 1.000000
En el else......

----------------------------------------
x = 26.000000, y = 151.000000
avance = -479.000000, avanceR = 2.000000, avanceI = 2.000000
inc_x_r = 0.000000, inc_y_r = 1.000000, inc_x_i = 1.000000, inc_y_i = 1.000000
En el else......

----------------------------------------
x = 26.000000, y = 152.000000
avance = -477.000000, avanceR = 2.000000, avanceI = 2.000000
inc_x_r = 0.000000, inc_y_r = 1.000000, inc_x_i = 1.000000, inc_y_i = 1.000000
En el else......

----------------------------------------
x = 26.000000, y = 153.000000
avance = -475.000000, avanceR = 2.000000, avanceI = 2.000000
inc_x_r = 0.000000, inc_y_r = 1.000000, inc_x_i = 1.000000, inc_y_i = 1.000000
En el else......

----------------------------------------
x = 26.000000, y = 154.000000
avance = -473.000000, avanceR = 2.000000, avanceI = 2.000000
inc_x_r = 0.000000, inc_y_r = 1.000000, inc_x_i = 1.000000, inc_y_i = 1.000000
En el else......

----------------------------------------
x = 26.000000, y = 155.000000
avance = -471.000000, avanceR = 2.000000, avanceI = 2.000000
inc_x_r = 0.000000, inc_y_r = 1.000000, inc_x_i = 1.000000, inc_y_i = 1.000000
En el else......

----------------------------------------
x = 26.000000, y = 156.000000
avance = -469.000000, avanceR = 2.000000, avanceI = 2.000000
inc_x_r = 0.000000, inc_y_r = 1.000000, inc_x_i = 1.000000, inc_y_i = 1.000000
En el else......

----------------------------------------
x = 26.000000, y = 157.000000
avance = -467.000000, avanceR = 2.000000, avanceI = 2.000000
inc_x_r = 0.000000, inc_y_r = 1.000000, inc_x_i = 1.000000, inc_y_i = 1.000000
En el else......

----------------------------------------
x = 26.000000, y = 158.000000
avance = -465.000000, avanceR = 2.000000, avanceI = 2.000000
inc_x_r = 0.000000, inc_y_r = 1.000000, inc_x_i = 1.000000, inc_y_i = 1.000000
En el else......

----------------------------------------
x = 26.000000, y = 159.000000
avance = -463.000000, avanceR = 2.000000, avanceI = 2.000000
inc_x_r = 0.000000, inc_y_r = 1.000000, inc_x_i = 1.000000, inc_y_i = 1.000000
En el else......

----------------------------------------
x = 26.000000, y = 160.000000
avance = -461.000000, avanceR = 2.000000, avanceI = 2.000000
inc_x_r = 0.000000, inc_y_r = 1.000000, inc_x_i = 1.000000, inc_y_i = 1.000000
En el else......

----------------------------------------
x = 26.000000, y = 161.000000
avance = -459.000000, avanceR = 2.000000, avanceI = 2.000000
inc_x_r = 0.000000, inc_y_r = 1.000000, inc_x_i = 1.000000, inc_y_i = 1.000000
En el else......

----------------------------------------
x = 26.000000, y = 162.000000
avance = -457.000000, avanceR = 2.000000, avanceI = 2.000000
inc_x_r = 0.000000, inc_y_r = 1.000000, inc_x_i = 1.000000, inc_y_i = 1.000000
En el else......

----------------------------------------
x = 26.000000, y = 163.000000
avance = -455.000000, avanceR = 2.000000, avanceI = 2.000000
inc_x_r = 0.000000, inc_y_r = 1.000000, inc_x_i = 1.000000, inc_y_i = 1.000000
En el else......

----------------------------------------
x = 26.000000, y = 164.000000
avance = -453.000000, avanceR = 2.000000, avanceI = 2.000000
inc_x_r = 0.000000, inc_y_r = 1.000000, inc_x_i = 1.000000, inc_y_i = 1.000000
En el else......

----------------------------------------
x = 26.000000, y = 165.000000
avance = -451.000000, avanceR = 2.000000, avanceI = 2.000000
inc_x_r = 0.000000, inc_y_r = 1.000000, inc_x_i = 1.000000, inc_y_i = 1.000000
En el else......

----------------------------------------
x = 26.000000, y = 166.000000
avance = -449.000000, avanceR = 2.000000, avanceI = 2.000000
inc_x_r = 0.000000, inc_y_r = 1.000000, inc_x_i = 1.000000, inc_y_i = 1.000000
En el else......

----------------------------------------
x = 26.000000, y = 167.000000
avance = -447.000000, avanceR = 2.000000, avanceI = 2.000000
inc_x_r = 0.000000, inc_y_r = 1.000000, inc_x_i = 1.000000, inc_y_i = 1.000000
En el else......

----------------------------------------
x = 26.000000, y = 168.000000
avance = -445.000000, avanceR = 2.000000, avanceI = 2.000000
inc_x_r = 0.000000, inc_y_r = 1.000000, inc_x_i = 1.000000, inc_y_i = 1.000000
En el else......

----------------------------------------
x = 26.000000, y = 169.000000
avance = -443.000000, avanceR = 2.000000, avanceI = 2.000000
inc_x_r = 0.000000, inc_y_r = 1.000000, inc_x_i = 1.000000, inc_y_i = 1.000000
En el else......

----------------------------------------
x = 26.000000, y = 170.000000
avance = -441.000000, avanceR = 2.000000, avanceI = 2.000000
inc_x_r = 0.000000, inc_y_r = 1.000000, inc_x_i = 1.000000, inc_y_i = 1.000000
En el else......

----------------------------------------
x = 26.000000, y = 171.000000
avance = -439.000000, avanceR = 2.000000, avanceI = 2.000000
inc_x_r = 0.000000, inc_y_r = 1.000000, inc_x_i = 1.000000, inc_y_i = 1.000000
En el else......

----------------------------------------
x = 26.000000, y = 172.000000
avance = -437.000000, avanceR = 2.000000, avanceI = 2.000000
inc_x_r = 0.000000, inc_y_r = 1.000000, inc_x_i = 1.000000, inc_y_i = 1.000000
En el else......

----------------------------------------
x = 26.000000, y = 173.000000
avance = -435.000000, avanceR = 2.000000, avanceI = 2.000000
inc_x_r = 0.000000, inc_y_r = 1.000000, inc_x_i = 1.000000, inc_y_i = 1.000000
En el else......

----------------------------------------
x = 26.000000, y = 174.000000
avance = -433.000000, avanceR = 2.000000, avanceI = 2.000000
inc_x_r = 0.000000, inc_y_r = 1.000000, inc_x_i = 1.000000, inc_y_i = 1.000000
En el else......

----------------------------------------
x = 26.000000, y = 175.000000
avance = -431.000000, avanceR = 2.000000, avanceI = 2.000000
inc_x_r = 0.000000, inc_y_r = 1.000000, inc_x_i = 1.000000, inc_y_i = 1.000000
En el else......

----------------------------------------
x = 26.000000, y = 176.000000
avance = -429.000000, avanceR = 2.000000, avanceI = 2.000000
inc_x_r = 0.000000, inc_y_r = 1.000000, inc_x_i = 1.000000, inc_y_i = 1.000000
En el else......

----------------------------------------
x = 26.000000, y = 177.000000
avance = -427.000000, avanceR = 2.000000, avanceI = 2.000000
inc_x_r = 0.000000, inc_y_r = 1.000000, inc_x_i = 1.000000, inc_y_i = 1.000000
En el else......

----------------------------------------
x = 26.000000, y = 178.000000
avance = -425.000000, avanceR = 2.000000, avanceI = 2.000000
inc_x_r = 0.000000, inc_y_r = 1.000000, inc_x_i = 1.000000, inc_y_i = 1.000000
En el else......

----------------------------------------
x = 26.000000, y = 179.000000
avance = -423.000000, avanceR = 2.000000, avanceI = 2.000000
inc_x_r = 0.000000, inc_y_r = 1.000000, inc_x_i = 1.000000, inc_y_i = 1.000000
En el else......

----------------------------------------
x = 26.000000, y = 180.000000
avance = -421.000000, avanceR = 2.000000, avanceI = 2.000000
inc_x_r = 0.000000, inc_y_r = 1.000000, inc_x_i = 1.000000, inc_y_i = 1.000000
En el else......

----------------------------------------
x = 26.000000, y = 181.000000
avance = -419.000000, avanceR = 2.000000, avanceI = 2.000000
inc_x_r = 0.000000, inc_y_r = 1.000000, inc_x_i = 1.000000, inc_y_i = 1.000000
En el else......

----------------------------------------
x = 26.000000, y = 182.000000
avance = -417.000000, avanceR = 2.000000, avanceI = 2.000000
inc_x_r = 0.000000, inc_y_r = 1.000000, inc_x_i = 1.000000, inc_y_i = 1.000000
En el else......

----------------------------------------
x = 26.000000, y = 183.000000
avance = -415.000000, avanceR = 2.000000, avanceI = 2.000000
inc_x_r = 0.000000, inc_y_r = 1.000000, inc_x_i = 1.000000, inc_y_i = 1.000000
En el else......

----------------------------------------
x = 26.000000, y = 184.000000
avance = -413.000000, avanceR = 2.000000, avanceI = 2.000000
inc_x_r = 0.000000, inc_y_r = 1.000000, inc_x_i = 1.000000, inc_y_i = 1.000000
En el else......

----------------------------------------
x = 26.000000, y = 185.000000
avance = -411.000000, avanceR = 2.000000, avanceI = 2.000000
inc_x_r = 0.000000, inc_y_r = 1.000000, inc_x_i = 1.000000, inc_y_i = 1.000000
En el else......

----------------------------------------
x = 26.000000, y = 186.000000
avance = -409.000000, avanceR = 2.000000, avanceI = 2.000000
inc_x_r = 0.000000, inc_y_r = 1.000000, inc_x_i = 1.000000, inc_y_i = 1.000000
En el else......

----------------------------------------
x = 26.000000, y = 187.000000
avance = -407.000000, avanceR = 2.000000, avanceI = 2.000000
inc_x_r = 0.000000, inc_y_r = 1.000000, inc_x_i = 1.000000, inc_y_i = 1.000000
En el else......

----------------------------------------
x = 26.000000, y = 188.000000
avance = -405.000000, avanceR = 2.000000, avanceI = 2.000000
inc_x_r = 0.000000, inc_y_r = 1.000000, inc_x_i = 1.000000, inc_y_i = 1.000000
En el else......

----------------------------------------
x = 26.000000, y = 189.000000
avance = -403.000000, avanceR = 2.000000, avanceI = 2.000000
inc_x_r = 0.000000, inc_y_r = 1.000000, inc_x_i = 1.000000, inc_y_i = 1.000000
En el else......

----------------------------------------
x = 26.000000, y = 190.000000
avance = -401.000000, avanceR = 2.000000, avanceI = 2.000000
inc_x_r = 0.000000, inc_y_r = 1.000000, inc_x_i = 1.000000, inc_y_i = 1.000000
En el else......

----------------------------------------
x = 26.000000, y = 191.000000
avance = -399.000000, avanceR = 2.000000, avanceI = 2.000000
inc_x_r = 0.000000, inc_y_r = 1.000000, inc_x_i = 1.000000, inc_y_i = 1.000000
En el else......

----------------------------------------
x = 26.000000, y = 192.000000
avance = -397.000000, avanceR = 2.000000, avanceI = 2.000000
inc_x_r = 0.000000, inc_y_r = 1.000000, inc_x_i = 1.000000, inc_y_i = 1.000000
En el else......

----------------------------------------
x = 26.000000, y = 193.000000
avance = -395.000000, avanceR = 2.000000, avanceI = 2.000000
inc_x_r = 0.000000, inc_y_r = 1.000000, inc_x_i = 1.000000, inc_y_i = 1.000000
En el else......

----------------------------------------
x = 26.000000, y = 194.000000
avance = -393.000000, avanceR = 2.000000, avanceI = 2.000000
inc_x_r = 0.000000, inc_y_r = 1.000000, inc_x_i = 1.000000, inc_y_i = 1.000000
En el else......

----------------------------------------
x = 26.000000, y = 195.000000
avance = -391.000000, avanceR = 2.000000, avanceI = 2.000000
inc_x_r = 0.000000, inc_y_r = 1.000000, inc_x_i = 1.000000, inc_y_i = 1.000000
En el else......

----------------------------------------
x = 26.000000, y = 196.000000
avance = -389.000000, avanceR = 2.000000, avanceI = 2.000000
inc_x_r = 0.000000, inc_y_r = 1.000000, inc_x_i = 1.000000, inc_y_i = 1.000000
En el else......

----------------------------------------
x = 26.000000, y = 197.000000
avance = -387.000000, avanceR = 2.000000, avanceI = 2.000000
inc_x_r = 0.000000, inc_y_r = 1.000000, inc_x_i = 1.000000, inc_y_i = 1.000000
En el else......

----------------------------------------
x = 26.000000, y = 198.000000
avance = -385.000000, avanceR = 2.000000, avanceI = 2.000000
inc_x_r = 0.000000, inc_y_r = 1.000000, inc_x_i = 1.000000, inc_y_i = 1.000000
En el else......

----------------------------------------
x = 26.000000, y = 199.000000
avance = -383.000000, avanceR = 2.000000, avanceI = 2.000000
inc_x_r = 0.000000, inc_y_r = 1.000000, inc_x_i = 1.000000, inc_y_i = 1.000000
En el else......

----------------------------------------
x = 26.000000, y = 200.000000
avance = -381.000000, avanceR = 2.000000, avanceI = 2.000000
inc_x_r = 0.000000, inc_y_r = 1.000000, inc_x_i = 1.000000, inc_y_i = 1.000000
En el else......

----------------------------------------
x = 26.000000, y = 201.000000
avance = -379.000000, avanceR = 2.000000, avanceI = 2.000000
inc_x_r = 0.000000, inc_y_r = 1.000000, inc_x_i = 1.000000, inc_y_i = 1.000000
En el else......

----------------------------------------
x = 26.000000, y = 202.000000
avance = -377.000000, avanceR = 2.000000, avanceI = 2.000000
inc_x_r = 0.000000, inc_y_r = 1.000000, inc_x_i = 1.000000, inc_y_i = 1.000000
En el else......

----------------------------------------
x = 26.000000, y = 203.000000
avance = -375.000000, avanceR = 2.000000, avanceI = 2.000000
inc_x_r = 0.000000, inc_y_r = 1.000000, inc_x_i = 1.000000, inc_y_i = 1.000000
En el else......

----------------------------------------
x = 26.000000, y = 204.000000
avance = -373.000000, avanceR = 2.000000, avanceI = 2.000000
inc_x_r = 0.000000, inc_y_r = 1.000000, inc_x_i = 1.000000, inc_y_i = 1.000000
En el else......

----------------------------------------
x = 26.000000, y = 205.000000
avance = -371.000000, avanceR = 2.000000, avanceI = 2.000000
inc_x_r = 0.000000, inc_y_r = 1.000000, inc_x_i = 1.000000, inc_y_i = 1.000000
En el else......

----------------------------------------
x = 26.000000, y = 206.000000
avance = -369.000000, avanceR = 2.000000, avanceI = 2.000000
inc_x_r = 0.000000, inc_y_r = 1.000000, inc_x_i = 1.000000, inc_y_i = 1.000000
En el else......

----------------------------------------
x = 26.000000, y = 207.000000
avance = -367.000000, avanceR = 2.000000, avanceI = 2.000000
inc_x_r = 0.000000, inc_y_r = 1.000000, inc_x_i = 1.000000, inc_y_i = 1.000000
En el else......

----------------------------------------
x = 26.000000, y = 208.000000
avance = -365.000000, avanceR = 2.000000, avanceI = 2.000000
inc_x_r = 0.000000, inc_y_r = 1.000000, inc_x_i = 1.000000, inc_y_i = 1.000000
En el else......

----------------------------------------
x = 26.000000, y = 209.000000
avance = -363.000000, avanceR = 2.000000, avanceI = 2.000000
inc_x_r = 0.000000, inc_y_r = 1.000000, inc_x_i = 1.000000, inc_y_i = 1.000000
En el else......

----------------------------------------
x = 26.000000, y = 210.000000
avance = -361.000000, avanceR = 2.000000, avanceI = 2.000000
inc_x_r = 0.000000, inc_y_r = 1.000000, inc_x_i = 1.000000, inc_y_i = 1.000000
En el else......

----------------------------------------
x = 26.000000, y = 211.000000
avance = -359.000000, avanceR = 2.000000, avanceI = 2.000000
inc_x_r = 0.000000, inc_y_r = 1.000000, inc_x_i = 1.000000, inc_y_i = 1.000000
En el else......

----------------------------------------
x = 26.000000, y = 212.000000
avance = -357.000000, avanceR = 2.000000, avanceI = 2.000000
inc_x_r = 0.000000, inc_y_r = 1.000000, inc_x_i = 1.000000, inc_y_i = 1.000000
En el else......

----------------------------------------
x = 26.000000, y = 213.000000
avance = -355.000000, avanceR = 2.000000, avanceI = 2.000000
inc_x_r = 0.000000, inc_y_r = 1.000000, inc_x_i = 1.000000, inc_y_i = 1.000000
En el else......

----------------------------------------
x = 26.000000, y = 214.000000
avance = -353.000000, avanceR = 2.000000, avanceI = 2.000000
inc_x_r = 0.000000, inc_y_r = 1.000000, inc_x_i = 1.000000, inc_y_i = 1.000000
En el else......

----------------------------------------
x = 26.000000, y = 215.000000
avance = -351.000000, avanceR = 2.000000, avanceI = 2.000000
inc_x_r = 0.000000, inc_y_r = 1.000000, inc_x_i = 1.000000, inc_y_i = 1.000000
En el else......

----------------------------------------
x = 26.000000, y = 216.000000
avance = -349.000000, avanceR = 2.000000, avanceI = 2.000000
inc_x_r = 0.000000, inc_y_r = 1.000000, inc_x_i = 1.000000, inc_y_i = 1.000000
En el else......

----------------------------------------
x = 26.000000, y = 217.000000
avance = -347.000000, avanceR = 2.000000, avanceI = 2.000000
inc_x_r = 0.000000, inc_y_r = 1.000000, inc_x_i = 1.000000, inc_y_i = 1.000000
En el else......

----------------------------------------
x = 26.000000, y = 218.000000
avance = -345.000000, avanceR = 2.000000, avanceI = 2.000000
inc_x_r = 0.000000, inc_y_r = 1.000000, inc_x_i = 1.000000, inc_y_i = 1.000000
En el else......

----------------------------------------
x = 26.000000, y = 219.000000
avance = -343.000000, avanceR = 2.000000, avanceI = 2.000000
inc_x_r = 0.000000, inc_y_r = 1.000000, inc_x_i = 1.000000, inc_y_i = 1.000000
En el else......

----------------------------------------
x = 26.000000, y = 220.000000
avance = -341.000000, avanceR = 2.000000, avanceI = 2.000000
inc_x_r = 0.000000, inc_y_r = 1.000000, inc_x_i = 1.000000, inc_y_i = 1.000000
En el else......

----------------------------------------
x = 26.000000, y = 221.000000
avance = -339.000000, avanceR = 2.000000, avanceI = 2.000000
inc_x_r = 0.000000, inc_y_r = 1.000000, inc_x_i = 1.000000, inc_y_i = 1.000000
En el else......

----------------------------------------
x = 26.000000, y = 222.000000
avance = -337.000000, avanceR = 2.000000, avanceI = 2.000000
inc_x_r = 0.000000, inc_y_r = 1.000000, inc_x_i = 1.000000, inc_y_i = 1.000000
En el else......

----------------------------------------
x = 26.000000, y = 223.000000
avance = -335.000000, avanceR = 2.000000, avanceI = 2.000000
inc_x_r = 0.000000, inc_y_r = 1.000000, inc_x_i = 1.000000, inc_y_i = 1.000000
En el else......

----------------------------------------
x = 26.000000, y = 224.000000
avance = -333.000000, avanceR = 2.000000, avanceI = 2.000000
inc_x_r = 0.000000, inc_y_r = 1.000000, inc_x_i = 1.000000, inc_y_i = 1.000000
En el else......

----------------------------------------
x = 26.000000, y = 225.000000
avance = -331.000000, avanceR = 2.000000, avanceI = 2.000000
inc_x_r = 0.000000, inc_y_r = 1.000000, inc_x_i = 1.000000, inc_y_i = 1.000000
En el else......

----------------------------------------
x = 26.000000, y = 226.000000
avance = -329.000000, avanceR = 2.000000, avanceI = 2.000000
inc_x_r = 0.000000, inc_y_r = 1.000000, inc_x_i = 1.000000, inc_y_i = 1.000000
En el else......

----------------------------------------
x = 26.000000, y = 227.000000
avance = -327.000000, avanceR = 2.000000, avanceI = 2.000000
inc_x_r = 0.000000, inc_y_r = 1.000000, inc_x_i = 1.000000, inc_y_i = 1.000000
En el else......

----------------------------------------
x = 26.000000, y = 228.000000
avance = -325.000000, avanceR = 2.000000, avanceI = 2.000000
inc_x_r = 0.000000, inc_y_r = 1.000000, inc_x_i = 1.000000, inc_y_i = 1.000000
En el else......

----------------------------------------
x = 26.000000, y = 229.000000
avance = -323.000000, avanceR = 2.000000, avanceI = 2.000000
inc_x_r = 0.000000, inc_y_r = 1.000000, inc_x_i = 1.000000, inc_y_i = 1.000000
En el else......

----------------------------------------
x = 26.000000, y = 230.000000
avance = -321.000000, avanceR = 2.000000, avanceI = 2.000000
inc_x_r = 0.000000, inc_y_r = 1.000000, inc_x_i = 1.000000, inc_y_i = 1.000000
En el else......

----------------------------------------
x = 26.000000, y = 231.000000
avance = -319.000000, avanceR = 2.000000, avanceI = 2.000000
inc_x_r = 0.000000, inc_y_r = 1.000000, inc_x_i = 1.000000, inc_y_i = 1.000000
En el else......

----------------------------------------
x = 26.000000, y = 232.000000
avance = -317.000000, avanceR = 2.000000, avanceI = 2.000000
inc_x_r = 0.000000, inc_y_r = 1.000000, inc_x_i = 1.000000, inc_y_i = 1.000000
En el else......

----------------------------------------
x = 26.000000, y = 233.000000
avance = -315.000000, avanceR = 2.000000, avanceI = 2.000000
inc_x_r = 0.000000, inc_y_r = 1.000000, inc_x_i = 1.000000, inc_y_i = 1.000000
En el else......

----------------------------------------
x = 26.000000, y = 234.000000
avance = -313.000000, avanceR = 2.000000, avanceI = 2.000000
inc_x_r = 0.000000, inc_y_r = 1.000000, inc_x_i = 1.000000, inc_y_i = 1.000000
En el else......

----------------------------------------
x = 26.000000, y = 235.000000
avance = -311.000000, avanceR = 2.000000, avanceI = 2.000000
inc_x_r = 0.000000, inc_y_r = 1.000000, inc_x_i = 1.000000, inc_y_i = 1.000000
En el else......

----------------------------------------
x = 26.000000, y = 236.000000
avance = -309.000000, avanceR = 2.000000, avanceI = 2.000000
inc_x_r = 0.000000, inc_y_r = 1.000000, inc_x_i = 1.000000, inc_y_i = 1.000000
En el else......

----------------------------------------
x = 26.000000, y = 237.000000
avance = -307.000000, avanceR = 2.000000, avanceI = 2.000000
inc_x_r = 0.000000, inc_y_r = 1.000000, inc_x_i = 1.000000, inc_y_i = 1.000000
En el else......

----------------------------------------
x = 26.000000, y = 238.000000
avance = -305.000000, avanceR = 2.000000, avanceI = 2.000000
inc_x_r = 0.000000, inc_y_r = 1.000000, inc_x_i = 1.000000, inc_y_i = 1.000000
En el else......

----------------------------------------
x = 26.000000, y = 239.000000
avance = -303.000000, avanceR = 2.000000, avanceI = 2.000000
inc_x_r = 0.000000, inc_y_r = 1.000000, inc_x_i = 1.000000, inc_y_i = 1.000000
En el else......

----------------------------------------
x = 26.000000, y = 240.000000
avance = -301.000000, avanceR = 2.000000, avanceI = 2.000000
inc_x_r = 0.000000, inc_y_r = 1.000000, inc_x_i = 1.000000, inc_y_i = 1.000000
En el else......

----------------------------------------
x = 26.000000, y = 241.000000
avance = -299.000000, avanceR = 2.000000, avanceI = 2.000000
inc_x_r = 0.000000, inc_y_r = 1.000000, inc_x_i = 1.000000, inc_y_i = 1.000000
En el else......

----------------------------------------
x = 26.000000, y = 242.000000
avance = -297.000000, avanceR = 2.000000, avanceI = 2.000000
inc_x_r = 0.000000, inc_y_r = 1.000000, inc_x_i = 1.000000, inc_y_i = 1.000000
En el else......

----------------------------------------
x = 26.000000, y = 243.000000
avance = -295.000000, avanceR = 2.000000, avanceI = 2.000000
inc_x_r = 0.000000, inc_y_r = 1.000000, inc_x_i = 1.000000, inc_y_i = 1.000000
En el else......

----------------------------------------
x = 26.000000, y = 244.000000
avance = -293.000000, avanceR = 2.000000, avanceI = 2.000000
inc_x_r = 0.000000, inc_y_r = 1.000000, inc_x_i = 1.000000, inc_y_i = 1.000000
En el else......

----------------------------------------
x = 26.000000, y = 245.000000
avance = -291.000000, avanceR = 2.000000, avanceI = 2.000000
inc_x_r = 0.000000, inc_y_r = 1.000000, inc_x_i = 1.000000, inc_y_i = 1.000000
En el else......

----------------------------------------
x = 26.000000, y = 246.000000
avance = -289.000000, avanceR = 2.000000, avanceI = 2.000000
inc_x_r = 0.000000, inc_y_r = 1.000000, inc_x_i = 1.000000, inc_y_i = 1.000000
En el else......

----------------------------------------
x = 26.000000, y = 247.000000
avance = -287.000000, avanceR = 2.000000, avanceI = 2.000000
inc_x_r = 0.000000, inc_y_r = 1.000000, inc_x_i = 1.000000, inc_y_i = 1.000000
En el else......

----------------------------------------
x = 26.000000, y = 248.000000
avance = -285.000000, avanceR = 2.000000, avanceI = 2.000000
inc_x_r = 0.000000, inc_y_r = 1.000000, inc_x_i = 1.000000, inc_y_i = 1.000000
En el else......

----------------------------------------
x = 26.000000, y = 249.000000
avance = -283.000000, avanceR = 2.000000, avanceI = 2.000000
inc_x_r = 0.000000, inc_y_r = 1.000000, inc_x_i = 1.000000, inc_y_i = 1.000000
En el else......

----------------------------------------
x = 26.000000, y = 250.000000
avance = -281.000000, avanceR = 2.000000, avanceI = 2.000000
inc_x_r = 0.000000, inc_y_r = 1.000000, inc_x_i = 1.000000, inc_y_i = 1.000000
En el else......

----------------------------------------
x = 26.000000, y = 251.000000
avance = -279.000000, avanceR = 2.000000, avanceI = 2.000000
inc_x_r = 0.000000, inc_y_r = 1.000000, inc_x_i = 1.000000, inc_y_i = 1.000000
En el else......

----------------------------------------
x = 26.000000, y = 252.000000
avance = -277.000000, avanceR = 2.000000, avanceI = 2.000000
inc_x_r = 0.000000, inc_y_r = 1.000000, inc_x_i = 1.000000, inc_y_i = 1.000000
En el else......

----------------------------------------
x = 26.000000, y = 253.000000
avance = -275.000000, avanceR = 2.000000, avanceI = 2.000000
inc_x_r = 0.000000, inc_y_r = 1.000000, inc_x_i = 1.000000, inc_y_i = 1.000000
En el else......

----------------------------------------
x = 26.000000, y = 254.000000
avance = -273.000000, avanceR = 2.000000, avanceI = 2.000000
inc_x_r = 0.000000, inc_y_r = 1.000000, inc_x_i = 1.000000, inc_y_i = 1.000000
En el else......

----------------------------------------
x = 26.000000, y = 255.000000
avance = -271.000000, avanceR = 2.000000, avanceI = 2.000000
inc_x_r = 0.000000, inc_y_r = 1.000000, inc_x_i = 1.000000, inc_y_i = 1.000000
En el else......

----------------------------------------
x = 26.000000, y = 256.000000
avance = -269.000000, avanceR = 2.000000, avanceI = 2.000000
inc_x_r = 0.000000, inc_y_r = 1.000000, inc_x_i = 1.000000, inc_y_i = 1.000000
En el else......

----------------------------------------
x = 26.000000, y = 257.000000
avance = -267.000000, avanceR = 2.000000, avanceI = 2.000000
inc_x_r = 0.000000, inc_y_r = 1.000000, inc_x_i = 1.000000, inc_y_i = 1.000000
En el else......

----------------------------------------
x = 26.000000, y = 258.000000
avance = -265.000000, avanceR = 2.000000, avanceI = 2.000000
inc_x_r = 0.000000, inc_y_r = 1.000000, inc_x_i = 1.000000, inc_y_i = 1.000000
En el else......

----------------------------------------
x = 26.000000, y = 259.000000
avance = -263.000000, avanceR = 2.000000, avanceI = 2.000000
inc_x_r = 0.000000, inc_y_r = 1.000000, inc_x_i = 1.000000, inc_y_i = 1.000000
En el else......

----------------------------------------
x = 26.000000, y = 260.000000
avance = -261.000000, avanceR = 2.000000, avanceI = 2.000000
inc_x_r = 0.000000, inc_y_r = 1.000000, inc_x_i = 1.000000, inc_y_i = 1.000000
En el else......

----------------------------------------
x = 26.000000, y = 261.000000
avance = -259.000000, avanceR = 2.000000, avanceI = 2.000000
inc_x_r = 0.000000, inc_y_r = 1.000000, inc_x_i = 1.000000, inc_y_i = 1.000000
En el else......

----------------------------------------
x = 26.000000, y = 262.000000
avance = -257.000000, avanceR = 2.000000, avanceI = 2.000000
inc_x_r = 0.000000, inc_y_r = 1.000000, inc_x_i = 1.000000, inc_y_i = 1.000000
En el else......

----------------------------------------
x = 26.000000, y = 263.000000
avance = -255.000000, avanceR = 2.000000, avanceI = 2.000000
inc_x_r = 0.000000, inc_y_r = 1.000000, inc_x_i = 1.000000, inc_y_i = 1.000000
En el else......

----------------------------------------
x = 26.000000, y = 264.000000
avance = -253.000000, avanceR = 2.000000, avanceI = 2.000000
inc_x_r = 0.000000, inc_y_r = 1.000000, inc_x_i = 1.000000, inc_y_i = 1.000000
En el else......

----------------------------------------
x = 26.000000, y = 265.000000
avance = -251.000000, avanceR = 2.000000, avanceI = 2.000000
inc_x_r = 0.000000, inc_y_r = 1.000000, inc_x_i = 1.000000, inc_y_i = 1.000000
En el else......

----------------------------------------


ENTRAMOS A BRESENHAMªªªª
x1 = 25.000000 - y1 = 25.000000 || x2 = 26.000000 - y2 = 276.000000
dy = 251.000000, dx = 1.000000
avances inclinados: inc_x_i = 1.000000, inc_y_i = 1.000000
updated: dy = 251.000000, dx = 1.000000
avances rectos: inc_x_r = 0.000000, inc_y_r 1.000000
reupdated: dy = 1.000000, dx = 251.000000
avanceR = 2.000000, avance -249.000000, avanceI 2.000000
----------------------------------------
x = 25.000000, y = 25.000000
avance = -249.000000, avanceR = 2.000000, avanceI = 2.000000
inc_x_r = 0.000000, inc_y_r = 1.000000, inc_x_i = 1.000000, inc_y_i = 1.000000
En el else......

----------------------------------------
x = 25.000000, y = 26.000000
avance = -247.000000, avanceR = 2.000000, avanceI = 2.000000
inc_x_r = 0.000000, inc_y_r = 1.000000, inc_x_i = 1.000000, inc_y_i = 1.000000
En el else......

----------------------------------------
x = 25.000000, y = 27.000000
avance = -245.000000, avanceR = 2.000000, avanceI = 2.000000
inc_x_r = 0.000000, inc_y_r = 1.000000, inc_x_i = 1.000000, inc_y_i = 1.000000
En el else......

----------------------------------------
x = 25.000000, y = 28.000000
avance = -243.000000, avanceR = 2.000000, avanceI = 2.000000
inc_x_r = 0.000000, inc_y_r = 1.000000, inc_x_i = 1.000000, inc_y_i = 1.000000
En el else......

----------------------------------------
x = 25.000000, y = 29.000000
avance = -241.000000, avanceR = 2.000000, avanceI = 2.000000
inc_x_r = 0.000000, inc_y_r = 1.000000, inc_x_i = 1.000000, inc_y_i = 1.000000
En el else......

----------------------------------------
x = 25.000000, y = 30.000000
avance = -239.000000, avanceR = 2.000000, avanceI = 2.000000
inc_x_r = 0.000000, inc_y_r = 1.000000, inc_x_i = 1.000000, inc_y_i = 1.000000
En el else......

----------------------------------------
x = 25.000000, y = 31.000000
avance = -237.000000, avanceR = 2.000000, avanceI = 2.000000
inc_x_r = 0.000000, inc_y_r = 1.000000, inc_x_i = 1.000000, inc_y_i = 1.000000
En el else......

----------------------------------------
x = 25.000000, y = 32.000000
avance = -235.000000, avanceR = 2.000000, avanceI = 2.000000
inc_x_r = 0.000000, inc_y_r = 1.000000, inc_x_i = 1.000000, inc_y_i = 1.000000
En el else......

----------------------------------------
x = 25.000000, y = 33.000000
avance = -233.000000, avanceR = 2.000000, avanceI = 2.000000
inc_x_r = 0.000000, inc_y_r = 1.000000, inc_x_i = 1.000000, inc_y_i = 1.000000
En el else......

----------------------------------------
x = 25.000000, y = 34.000000
avance = -231.000000, avanceR = 2.000000, avanceI = 2.000000
inc_x_r = 0.000000, inc_y_r = 1.000000, inc_x_i = 1.000000, inc_y_i = 1.000000
En el else......

----------------------------------------
x = 25.000000, y = 35.000000
avance = -229.000000, avanceR = 2.000000, avanceI = 2.000000
inc_x_r = 0.000000, inc_y_r = 1.000000, inc_x_i = 1.000000, inc_y_i = 1.000000
En el else......

----------------------------------------
x = 25.000000, y = 36.000000
avance = -227.000000, avanceR = 2.000000, avanceI = 2.000000
inc_x_r = 0.000000, inc_y_r = 1.000000, inc_x_i = 1.000000, inc_y_i = 1.000000
En el else......

----------------------------------------
x = 25.000000, y = 37.000000
avance = -225.000000, avanceR = 2.000000, avanceI = 2.000000
inc_x_r = 0.000000, inc_y_r = 1.000000, inc_x_i = 1.000000, inc_y_i = 1.000000
En el else......

----------------------------------------
x = 25.000000, y = 38.000000
avance = -223.000000, avanceR = 2.000000, avanceI = 2.000000
inc_x_r = 0.000000, inc_y_r = 1.000000, inc_x_i = 1.000000, inc_y_i = 1.000000
En el else......

----------------------------------------
x = 25.000000, y = 39.000000
avance = -221.000000, avanceR = 2.000000, avanceI = 2.000000
inc_x_r = 0.000000, inc_y_r = 1.000000, inc_x_i = 1.000000, inc_y_i = 1.000000
En el else......

----------------------------------------
x = 25.000000, y = 40.000000
avance = -219.000000, avanceR = 2.000000, avanceI = 2.000000
inc_x_r = 0.000000, inc_y_r = 1.000000, inc_x_i = 1.000000, inc_y_i = 1.000000
En el else......

----------------------------------------
x = 25.000000, y = 41.000000
avance = -217.000000, avanceR = 2.000000, avanceI = 2.000000
inc_x_r = 0.000000, inc_y_r = 1.000000, inc_x_i = 1.000000, inc_y_i = 1.000000
En el else......

----------------------------------------
x = 25.000000, y = 42.000000
avance = -215.000000, avanceR = 2.000000, avanceI = 2.000000
inc_x_r = 0.000000, inc_y_r = 1.000000, inc_x_i = 1.000000, inc_y_i = 1.000000
En el else......

----------------------------------------
x = 25.000000, y = 43.000000
avance = -213.000000, avanceR = 2.000000, avanceI = 2.000000
inc_x_r = 0.000000, inc_y_r = 1.000000, inc_x_i = 1.000000, inc_y_i = 1.000000
En el else......

----------------------------------------
x = 25.000000, y = 44.000000
avance = -211.000000, avanceR = 2.000000, avanceI = 2.000000
inc_x_r = 0.000000, inc_y_r = 1.000000, inc_x_i = 1.000000, inc_y_i = 1.000000
En el else......

----------------------------------------
x = 25.000000, y = 45.000000
avance = -209.000000, avanceR = 2.000000, avanceI = 2.000000
inc_x_r = 0.000000, inc_y_r = 1.000000, inc_x_i = 1.000000, inc_y_i = 1.000000
En el else......

----------------------------------------
x = 25.000000, y = 46.000000
avance = -207.000000, avanceR = 2.000000, avanceI = 2.000000
inc_x_r = 0.000000, inc_y_r = 1.000000, inc_x_i = 1.000000, inc_y_i = 1.000000
En el else......

----------------------------------------
x = 25.000000, y = 47.000000
avance = -205.000000, avanceR = 2.000000, avanceI = 2.000000
inc_x_r = 0.000000, inc_y_r = 1.000000, inc_x_i = 1.000000, inc_y_i = 1.000000
En el else......

----------------------------------------
x = 25.000000, y = 48.000000
avance = -203.000000, avanceR = 2.000000, avanceI = 2.000000
inc_x_r = 0.000000, inc_y_r = 1.000000, inc_x_i = 1.000000, inc_y_i = 1.000000
En el else......

----------------------------------------
x = 25.000000, y = 49.000000
avance = -201.000000, avanceR = 2.000000, avanceI = 2.000000
inc_x_r = 0.000000, inc_y_r = 1.000000, inc_x_i = 1.000000, inc_y_i = 1.000000
En el else......

----------------------------------------
x = 25.000000, y = 50.000000
avance = -199.000000, avanceR = 2.000000, avanceI = 2.000000
inc_x_r = 0.000000, inc_y_r = 1.000000, inc_x_i = 1.000000, inc_y_i = 1.000000
En el else......

----------------------------------------
x = 25.000000, y = 51.000000
avance = -197.000000, avanceR = 2.000000, avanceI = 2.000000
inc_x_r = 0.000000, inc_y_r = 1.000000, inc_x_i = 1.000000, inc_y_i = 1.000000
En el else......

----------------------------------------
x = 25.000000, y = 52.000000
avance = -195.000000, avanceR = 2.000000, avanceI = 2.000000
inc_x_r = 0.000000, inc_y_r = 1.000000, inc_x_i = 1.000000, inc_y_i = 1.000000
En el else......

----------------------------------------
x = 25.000000, y = 53.000000
avance = -193.000000, avanceR = 2.000000, avanceI = 2.000000
inc_x_r = 0.000000, inc_y_r = 1.000000, inc_x_i = 1.000000, inc_y_i = 1.000000
En el else......

----------------------------------------
x = 25.000000, y = 54.000000
avance = -191.000000, avanceR = 2.000000, avanceI = 2.000000
inc_x_r = 0.000000, inc_y_r = 1.000000, inc_x_i = 1.000000, inc_y_i = 1.000000
En el else......

----------------------------------------
x = 25.000000, y = 55.000000
avance = -189.000000, avanceR = 2.000000, avanceI = 2.000000
inc_x_r = 0.000000, inc_y_r = 1.000000, inc_x_i = 1.000000, inc_y_i = 1.000000
En el else......

----------------------------------------
x = 25.000000, y = 56.000000
avance = -187.000000, avanceR = 2.000000, avanceI = 2.000000
inc_x_r = 0.000000, inc_y_r = 1.000000, inc_x_i = 1.000000, inc_y_i = 1.000000
En el else......

----------------------------------------
x = 25.000000, y = 57.000000
avance = -185.000000, avanceR = 2.000000, avanceI = 2.000000
inc_x_r = 0.000000, inc_y_r = 1.000000, inc_x_i = 1.000000, inc_y_i = 1.000000
En el else......

----------------------------------------
x = 25.000000, y = 58.000000
avance = -183.000000, avanceR = 2.000000, avanceI = 2.000000
inc_x_r = 0.000000, inc_y_r = 1.000000, inc_x_i = 1.000000, inc_y_i = 1.000000
En el else......

----------------------------------------
x = 25.000000, y = 59.000000
avance = -181.000000, avanceR = 2.000000, avanceI = 2.000000
inc_x_r = 0.000000, inc_y_r = 1.000000, inc_x_i = 1.000000, inc_y_i = 1.000000
En el else......

----------------------------------------
x = 25.000000, y = 60.000000
avance = -179.000000, avanceR = 2.000000, avanceI = 2.000000
inc_x_r = 0.000000, inc_y_r = 1.000000, inc_x_i = 1.000000, inc_y_i = 1.000000
En el else......

----------------------------------------
x = 25.000000, y = 61.000000
avance = -177.000000, avanceR = 2.000000, avanceI = 2.000000
inc_x_r = 0.000000, inc_y_r = 1.000000, inc_x_i = 1.000000, inc_y_i = 1.000000
En el else......

----------------------------------------
x = 25.000000, y = 62.000000
avance = -175.000000, avanceR = 2.000000, avanceI = 2.000000
inc_x_r = 0.000000, inc_y_r = 1.000000, inc_x_i = 1.000000, inc_y_i = 1.000000
En el else......

----------------------------------------
x = 25.000000, y = 63.000000
avance = -173.000000, avanceR = 2.000000, avanceI = 2.000000
inc_x_r = 0.000000, inc_y_r = 1.000000, inc_x_i = 1.000000, inc_y_i = 1.000000
En el else......

----------------------------------------
x = 25.000000, y = 64.000000
avance = -171.000000, avanceR = 2.000000, avanceI = 2.000000
inc_x_r = 0.000000, inc_y_r = 1.000000, inc_x_i = 1.000000, inc_y_i = 1.000000
En el else......

----------------------------------------
x = 25.000000, y = 65.000000
avance = -169.000000, avanceR = 2.000000, avanceI = 2.000000
inc_x_r = 0.000000, inc_y_r = 1.000000, inc_x_i = 1.000000, inc_y_i = 1.000000
En el else......

----------------------------------------
x = 25.000000, y = 66.000000
avance = -167.000000, avanceR = 2.000000, avanceI = 2.000000
inc_x_r = 0.000000, inc_y_r = 1.000000, inc_x_i = 1.000000, inc_y_i = 1.000000
En el else......

----------------------------------------
x = 25.000000, y = 67.000000
avance = -165.000000, avanceR = 2.000000, avanceI = 2.000000
inc_x_r = 0.000000, inc_y_r = 1.000000, inc_x_i = 1.000000, inc_y_i = 1.000000
En el else......

----------------------------------------
x = 25.000000, y = 68.000000
avance = -163.000000, avanceR = 2.000000, avanceI = 2.000000
inc_x_r = 0.000000, inc_y_r = 1.000000, inc_x_i = 1.000000, inc_y_i = 1.000000
En el else......

----------------------------------------
x = 25.000000, y = 69.000000
avance = -161.000000, avanceR = 2.000000, avanceI = 2.000000
inc_x_r = 0.000000, inc_y_r = 1.000000, inc_x_i = 1.000000, inc_y_i = 1.000000
En el else......

----------------------------------------
x = 25.000000, y = 70.000000
avance = -159.000000, avanceR = 2.000000, avanceI = 2.000000
inc_x_r = 0.000000, inc_y_r = 1.000000, inc_x_i = 1.000000, inc_y_i = 1.000000
En el else......

----------------------------------------
x = 25.000000, y = 71.000000
avance = -157.000000, avanceR = 2.000000, avanceI = 2.000000
inc_x_r = 0.000000, inc_y_r = 1.000000, inc_x_i = 1.000000, inc_y_i = 1.000000
En el else......

----------------------------------------
x = 25.000000, y = 72.000000
avance = -155.000000, avanceR = 2.000000, avanceI = 2.000000
inc_x_r = 0.000000, inc_y_r = 1.000000, inc_x_i = 1.000000, inc_y_i = 1.000000
En el else......

----------------------------------------
x = 25.000000, y = 73.000000
avance = -153.000000, avanceR = 2.000000, avanceI = 2.000000
inc_x_r = 0.000000, inc_y_r = 1.000000, inc_x_i = 1.000000, inc_y_i = 1.000000
En el else......

----------------------------------------
x = 25.000000, y = 74.000000
avance = -151.000000, avanceR = 2.000000, avanceI = 2.000000
inc_x_r = 0.000000, inc_y_r = 1.000000, inc_x_i = 1.000000, inc_y_i = 1.000000
En el else......

----------------------------------------
x = 25.000000, y = 75.000000
avance = -149.000000, avanceR = 2.000000, avanceI = 2.000000
inc_x_r = 0.000000, inc_y_r = 1.000000, inc_x_i = 1.000000, inc_y_i = 1.000000
En el else......

----------------------------------------
x = 25.000000, y = 76.000000
avance = -147.000000, avanceR = 2.000000, avanceI = 2.000000
inc_x_r = 0.000000, inc_y_r = 1.000000, inc_x_i = 1.000000, inc_y_i = 1.000000
En el else......

----------------------------------------
x = 25.000000, y = 77.000000
avance = -145.000000, avanceR = 2.000000, avanceI = 2.000000
inc_x_r = 0.000000, inc_y_r = 1.000000, inc_x_i = 1.000000, inc_y_i = 1.000000
En el else......

----------------------------------------
x = 25.000000, y = 78.000000
avance = -143.000000, avanceR = 2.000000, avanceI = 2.000000
inc_x_r = 0.000000, inc_y_r = 1.000000, inc_x_i = 1.000000, inc_y_i = 1.000000
En el else......

----------------------------------------
x = 25.000000, y = 79.000000
avance = -141.000000, avanceR = 2.000000, avanceI = 2.000000
inc_x_r = 0.000000, inc_y_r = 1.000000, inc_x_i = 1.000000, inc_y_i = 1.000000
En el else......

----------------------------------------
x = 25.000000, y = 80.000000
avance = -139.000000, avanceR = 2.000000, avanceI = 2.000000
inc_x_r = 0.000000, inc_y_r = 1.000000, inc_x_i = 1.000000, inc_y_i = 1.000000
En el else......

----------------------------------------
x = 25.000000, y = 81.000000
avance = -137.000000, avanceR = 2.000000, avanceI = 2.000000
inc_x_r = 0.000000, inc_y_r = 1.000000, inc_x_i = 1.000000, inc_y_i = 1.000000
En el else......

----------------------------------------
x = 25.000000, y = 82.000000
avance = -135.000000, avanceR = 2.000000, avanceI = 2.000000
inc_x_r = 0.000000, inc_y_r = 1.000000, inc_x_i = 1.000000, inc_y_i = 1.000000
En el else......

----------------------------------------
x = 25.000000, y = 83.000000
avance = -133.000000, avanceR = 2.000000, avanceI = 2.000000
inc_x_r = 0.000000, inc_y_r = 1.000000, inc_x_i = 1.000000, inc_y_i = 1.000000
En el else......

----------------------------------------
x = 25.000000, y = 84.000000
avance = -131.000000, avanceR = 2.000000, avanceI = 2.000000
inc_x_r = 0.000000, inc_y_r = 1.000000, inc_x_i = 1.000000, inc_y_i = 1.000000
En el else......

----------------------------------------
x = 25.000000, y = 85.000000
avance = -129.000000, avanceR = 2.000000, avanceI = 2.000000
inc_x_r = 0.000000, inc_y_r = 1.000000, inc_x_i = 1.000000, inc_y_i = 1.000000
En el else......

----------------------------------------
x = 25.000000, y = 86.000000
avance = -127.000000, avanceR = 2.000000, avanceI = 2.000000
inc_x_r = 0.000000, inc_y_r = 1.000000, inc_x_i = 1.000000, inc_y_i = 1.000000
En el else......

----------------------------------------
x = 25.000000, y = 87.000000
avance = -125.000000, avanceR = 2.000000, avanceI = 2.000000
inc_x_r = 0.000000, inc_y_r = 1.000000, inc_x_i = 1.000000, inc_y_i = 1.000000
En el else......

----------------------------------------
x = 25.000000, y = 88.000000
avance = -123.000000, avanceR = 2.000000, avanceI = 2.000000
inc_x_r = 0.000000, inc_y_r = 1.000000, inc_x_i = 1.000000, inc_y_i = 1.000000
En el else......

----------------------------------------
x = 25.000000, y = 89.000000
avance = -121.000000, avanceR = 2.000000, avanceI = 2.000000
inc_x_r = 0.000000, inc_y_r = 1.000000, inc_x_i = 1.000000, inc_y_i = 1.000000
En el else......

----------------------------------------
x = 25.000000, y = 90.000000
avance = -119.000000, avanceR = 2.000000, avanceI = 2.000000
inc_x_r = 0.000000, inc_y_r = 1.000000, inc_x_i = 1.000000, inc_y_i = 1.000000
En el else......

----------------------------------------
x = 25.000000, y = 91.000000
avance = -117.000000, avanceR = 2.000000, avanceI = 2.000000
inc_x_r = 0.000000, inc_y_r = 1.000000, inc_x_i = 1.000000, inc_y_i = 1.000000
En el else......

----------------------------------------
x = 25.000000, y = 92.000000
avance = -115.000000, avanceR = 2.000000, avanceI = 2.000000
inc_x_r = 0.000000, inc_y_r = 1.000000, inc_x_i = 1.000000, inc_y_i = 1.000000
En el else......

----------------------------------------
x = 25.000000, y = 93.000000
avance = -113.000000, avanceR = 2.000000, avanceI = 2.000000
inc_x_r = 0.000000, inc_y_r = 1.000000, inc_x_i = 1.000000, inc_y_i = 1.000000
En el else......

----------------------------------------
x = 25.000000, y = 94.000000
avance = -111.000000, avanceR = 2.000000, avanceI = 2.000000
inc_x_r = 0.000000, inc_y_r = 1.000000, inc_x_i = 1.000000, inc_y_i = 1.000000
En el else......

----------------------------------------
x = 25.000000, y = 95.000000
avance = -109.000000, avanceR = 2.000000, avanceI = 2.000000
inc_x_r = 0.000000, inc_y_r = 1.000000, inc_x_i = 1.000000, inc_y_i = 1.000000
En el else......

----------------------------------------
x = 25.000000, y = 96.000000
avance = -107.000000, avanceR = 2.000000, avanceI = 2.000000
inc_x_r = 0.000000, inc_y_r = 1.000000, inc_x_i = 1.000000, inc_y_i = 1.000000
En el else......

----------------------------------------
x = 25.000000, y = 97.000000
avance = -105.000000, avanceR = 2.000000, avanceI = 2.000000
inc_x_r = 0.000000, inc_y_r = 1.000000, inc_x_i = 1.000000, inc_y_i = 1.000000
En el else......

----------------------------------------
x = 25.000000, y = 98.000000
avance = -103.000000, avanceR = 2.000000, avanceI = 2.000000
inc_x_r = 0.000000, inc_y_r = 1.000000, inc_x_i = 1.000000, inc_y_i = 1.000000
En el else......

----------------------------------------
x = 25.000000, y = 99.000000
avance = -101.000000, avanceR = 2.000000, avanceI = 2.000000
inc_x_r = 0.000000, inc_y_r = 1.000000, inc_x_i = 1.000000, inc_y_i = 1.000000
En el else......

----------------------------------------
x = 25.000000, y = 100.000000
avance = -99.000000, avanceR = 2.000000, avanceI = 2.000000
inc_x_r = 0.000000, inc_y_r = 1.000000, inc_x_i = 1.000000, inc_y_i = 1.000000
En el else......

----------------------------------------
x = 25.000000, y = 101.000000
avance = -97.000000, avanceR = 2.000000, avanceI = 2.000000
inc_x_r = 0.000000, inc_y_r = 1.000000, inc_x_i = 1.000000, inc_y_i = 1.000000
En el else......

----------------------------------------
x = 25.000000, y = 102.000000
avance = -95.000000, avanceR = 2.000000, avanceI = 2.000000
inc_x_r = 0.000000, inc_y_r = 1.000000, inc_x_i = 1.000000, inc_y_i = 1.000000
En el else......

----------------------------------------
x = 25.000000, y = 103.000000
avance = -93.000000, avanceR = 2.000000, avanceI = 2.000000
inc_x_r = 0.000000, inc_y_r = 1.000000, inc_x_i = 1.000000, inc_y_i = 1.000000
En el else......

----------------------------------------
x = 25.000000, y = 104.000000
avance = -91.000000, avanceR = 2.000000, avanceI = 2.000000
inc_x_r = 0.000000, inc_y_r = 1.000000, inc_x_i = 1.000000, inc_y_i = 1.000000
En el else......

----------------------------------------
x = 25.000000, y = 105.000000
avance = -89.000000, avanceR = 2.000000, avanceI = 2.000000
inc_x_r = 0.000000, inc_y_r = 1.000000, inc_x_i = 1.000000, inc_y_i = 1.000000
En el else......

----------------------------------------
x = 25.000000, y = 106.000000
avance = -87.000000, avanceR = 2.000000, avanceI = 2.000000
inc_x_r = 0.000000, inc_y_r = 1.000000, inc_x_i = 1.000000, inc_y_i = 1.000000
En el else......

----------------------------------------
x = 25.000000, y = 107.000000
avance = -85.000000, avanceR = 2.000000, avanceI = 2.000000
inc_x_r = 0.000000, inc_y_r = 1.000000, inc_x_i = 1.000000, inc_y_i = 1.000000
En el else......

----------------------------------------
x = 25.000000, y = 108.000000
avance = -83.000000, avanceR = 2.000000, avanceI = 2.000000
inc_x_r = 0.000000, inc_y_r = 1.000000, inc_x_i = 1.000000, inc_y_i = 1.000000
En el else......

----------------------------------------
x = 25.000000, y = 109.000000
avance = -81.000000, avanceR = 2.000000, avanceI = 2.000000
inc_x_r = 0.000000, inc_y_r = 1.000000, inc_x_i = 1.000000, inc_y_i = 1.000000
En el else......

----------------------------------------
x = 25.000000, y = 110.000000
avance = -79.000000, avanceR = 2.000000, avanceI = 2.000000
inc_x_r = 0.000000, inc_y_r = 1.000000, inc_x_i = 1.000000, inc_y_i = 1.000000
En el else......

----------------------------------------
x = 25.000000, y = 111.000000
avance = -77.000000, avanceR = 2.000000, avanceI = 2.000000
inc_x_r = 0.000000, inc_y_r = 1.000000, inc_x_i = 1.000000, inc_y_i = 1.000000
En el else......

----------------------------------------
x = 25.000000, y = 112.000000
avance = -75.000000, avanceR = 2.000000, avanceI = 2.000000
inc_x_r = 0.000000, inc_y_r = 1.000000, inc_x_i = 1.000000, inc_y_i = 1.000000
En el else......

----------------------------------------
x = 25.000000, y = 113.000000
avance = -73.000000, avanceR = 2.000000, avanceI = 2.000000
inc_x_r = 0.000000, inc_y_r = 1.000000, inc_x_i = 1.000000, inc_y_i = 1.000000
En el else......

----------------------------------------
x = 25.000000, y = 114.000000
avance = -71.000000, avanceR = 2.000000, avanceI = 2.000000
inc_x_r = 0.000000, inc_y_r = 1.000000, inc_x_i = 1.000000, inc_y_i = 1.000000
En el else......

----------------------------------------
x = 25.000000, y = 115.000000
avance = -69.000000, avanceR = 2.000000, avanceI = 2.000000
inc_x_r = 0.000000, inc_y_r = 1.000000, inc_x_i = 1.000000, inc_y_i = 1.000000
En el else......

----------------------------------------
x = 25.000000, y = 116.000000
avance = -67.000000, avanceR = 2.000000, avanceI = 2.000000
inc_x_r = 0.000000, inc_y_r = 1.000000, inc_x_i = 1.000000, inc_y_i = 1.000000
En el else......

----------------------------------------
x = 25.000000, y = 117.000000
avance = -65.000000, avanceR = 2.000000, avanceI = 2.000000
inc_x_r = 0.000000, inc_y_r = 1.000000, inc_x_i = 1.000000, inc_y_i = 1.000000
En el else......

----------------------------------------
x = 25.000000, y = 118.000000
avance = -63.000000, avanceR = 2.000000, avanceI = 2.000000
inc_x_r = 0.000000, inc_y_r = 1.000000, inc_x_i = 1.000000, inc_y_i = 1.000000
En el else......

----------------------------------------
x = 25.000000, y = 119.000000
avance = -61.000000, avanceR = 2.000000, avanceI = 2.000000
inc_x_r = 0.000000, inc_y_r = 1.000000, inc_x_i = 1.000000, inc_y_i = 1.000000
En el else......

----------------------------------------
x = 25.000000, y = 120.000000
avance = -59.000000, avanceR = 2.000000, avanceI = 2.000000
inc_x_r = 0.000000, inc_y_r = 1.000000, inc_x_i = 1.000000, inc_y_i = 1.000000
En el else......

----------------------------------------
x = 25.000000, y = 121.000000
avance = -57.000000, avanceR = 2.000000, avanceI = 2.000000
inc_x_r = 0.000000, inc_y_r = 1.000000, inc_x_i = 1.000000, inc_y_i = 1.000000
En el else......

----------------------------------------
x = 25.000000, y = 122.000000
avance = -55.000000, avanceR = 2.000000, avanceI = 2.000000
inc_x_r = 0.000000, inc_y_r = 1.000000, inc_x_i = 1.000000, inc_y_i = 1.000000
En el else......

----------------------------------------
x = 25.000000, y = 123.000000
avance = -53.000000, avanceR = 2.000000, avanceI = 2.000000
inc_x_r = 0.000000, inc_y_r = 1.000000, inc_x_i = 1.000000, inc_y_i = 1.000000
En el else......

----------------------------------------
x = 25.000000, y = 124.000000
avance = -51.000000, avanceR = 2.000000, avanceI = 2.000000
inc_x_r = 0.000000, inc_y_r = 1.000000, inc_x_i = 1.000000, inc_y_i = 1.000000
En el else......

----------------------------------------
x = 25.000000, y = 125.000000
avance = -49.000000, avanceR = 2.000000, avanceI = 2.000000
inc_x_r = 0.000000, inc_y_r = 1.000000, inc_x_i = 1.000000, inc_y_i = 1.000000
En el else......

----------------------------------------
x = 25.000000, y = 126.000000
avance = -47.000000, avanceR = 2.000000, avanceI = 2.000000
inc_x_r = 0.000000, inc_y_r = 1.000000, inc_x_i = 1.000000, inc_y_i = 1.000000
En el else......

----------------------------------------
x = 25.000000, y = 127.000000
avance = -45.000000, avanceR = 2.000000, avanceI = 2.000000
inc_x_r = 0.000000, inc_y_r = 1.000000, inc_x_i = 1.000000, inc_y_i = 1.000000
En el else......

----------------------------------------
x = 25.000000, y = 128.000000
avance = -43.000000, avanceR = 2.000000, avanceI = 2.000000
inc_x_r = 0.000000, inc_y_r = 1.000000, inc_x_i = 1.000000, inc_y_i = 1.000000
En el else......

----------------------------------------
x = 25.000000, y = 129.000000
avance = -41.000000, avanceR = 2.000000, avanceI = 2.000000
inc_x_r = 0.000000, inc_y_r = 1.000000, inc_x_i = 1.000000, inc_y_i = 1.000000
En el else......

----------------------------------------
x = 25.000000, y = 130.000000
avance = -39.000000, avanceR = 2.000000, avanceI = 2.000000
inc_x_r = 0.000000, inc_y_r = 1.000000, inc_x_i = 1.000000, inc_y_i = 1.000000
En el else......

----------------------------------------
x = 25.000000, y = 131.000000
avance = -37.000000, avanceR = 2.000000, avanceI = 2.000000
inc_x_r = 0.000000, inc_y_r = 1.000000, inc_x_i = 1.000000, inc_y_i = 1.000000
En el else......

----------------------------------------
x = 25.000000, y = 132.000000
avance = -35.000000, avanceR = 2.000000, avanceI = 2.000000
inc_x_r = 0.000000, inc_y_r = 1.000000, inc_x_i = 1.000000, inc_y_i = 1.000000
En el else......

----------------------------------------
x = 25.000000, y = 133.000000
avance = -33.000000, avanceR = 2.000000, avanceI = 2.000000
inc_x_r = 0.000000, inc_y_r = 1.000000, inc_x_i = 1.000000, inc_y_i = 1.000000
En el else......

----------------------------------------
x = 25.000000, y = 134.000000
avance = -31.000000, avanceR = 2.000000, avanceI = 2.000000
inc_x_r = 0.000000, inc_y_r = 1.000000, inc_x_i = 1.000000, inc_y_i = 1.000000
En el else......

----------------------------------------
x = 25.000000, y = 135.000000
avance = -29.000000, avanceR = 2.000000, avanceI = 2.000000
inc_x_r = 0.000000, inc_y_r = 1.000000, inc_x_i = 1.000000, inc_y_i = 1.000000
En el else......

----------------------------------------
x = 25.000000, y = 136.000000
avance = -27.000000, avanceR = 2.000000, avanceI = 2.000000
inc_x_r = 0.000000, inc_y_r = 1.000000, inc_x_i = 1.000000, inc_y_i = 1.000000
En el else......

----------------------------------------
x = 25.000000, y = 137.000000
avance = -25.000000, avanceR = 2.000000, avanceI = 2.000000
inc_x_r = 0.000000, inc_y_r = 1.000000, inc_x_i = 1.000000, inc_y_i = 1.000000
En el else......

----------------------------------------
x = 25.000000, y = 138.000000
avance = -23.000000, avanceR = 2.000000, avanceI = 2.000000
inc_x_r = 0.000000, inc_y_r = 1.000000, inc_x_i = 1.000000, inc_y_i = 1.000000
En el else......

----------------------------------------
x = 25.000000, y = 139.000000
avance = -21.000000, avanceR = 2.000000, avanceI = 2.000000
inc_x_r = 0.000000, inc_y_r = 1.000000, inc_x_i = 1.000000, inc_y_i = 1.000000
En el else......

----------------------------------------
x = 25.000000, y = 140.000000
avance = -19.000000, avanceR = 2.000000, avanceI = 2.000000
inc_x_r = 0.000000, inc_y_r = 1.000000, inc_x_i = 1.000000, inc_y_i = 1.000000
En el else......

----------------------------------------
x = 25.000000, y = 141.000000
avance = -17.000000, avanceR = 2.000000, avanceI = 2.000000
inc_x_r = 0.000000, inc_y_r = 1.000000, inc_x_i = 1.000000, inc_y_i = 1.000000
En el else......

----------------------------------------
x = 25.000000, y = 142.000000
avance = -15.000000, avanceR = 2.000000, avanceI = 2.000000
inc_x_r = 0.000000, inc_y_r = 1.000000, inc_x_i = 1.000000, inc_y_i = 1.000000
En el else......

----------------------------------------
x = 25.000000, y = 143.000000
avance = -13.000000, avanceR = 2.000000, avanceI = 2.000000
inc_x_r = 0.000000, inc_y_r = 1.000000, inc_x_i = 1.000000, inc_y_i = 1.000000
En el else......

----------------------------------------
x = 25.000000, y = 144.000000
avance = -11.000000, avanceR = 2.000000, avanceI = 2.000000
inc_x_r = 0.000000, inc_y_r = 1.000000, inc_x_i = 1.000000, inc_y_i = 1.000000
En el else......

----------------------------------------
x = 25.000000, y = 145.000000
avance = -9.000000, avanceR = 2.000000, avanceI = 2.000000
inc_x_r = 0.000000, inc_y_r = 1.000000, inc_x_i = 1.000000, inc_y_i = 1.000000
En el else......

----------------------------------------
x = 25.000000, y = 146.000000
avance = -7.000000, avanceR = 2.000000, avanceI = 2.000000
inc_x_r = 0.000000, inc_y_r = 1.000000, inc_x_i = 1.000000, inc_y_i = 1.000000
En el else......

----------------------------------------
x = 25.000000, y = 147.000000
avance = -5.000000, avanceR = 2.000000, avanceI = 2.000000
inc_x_r = 0.000000, inc_y_r = 1.000000, inc_x_i = 1.000000, inc_y_i = 1.000000
En el else......

----------------------------------------
x = 25.000000, y = 148.000000
avance = -3.000000, avanceR = 2.000000, avanceI = 2.000000
inc_x_r = 0.000000, inc_y_r = 1.000000, inc_x_i = 1.000000, inc_y_i = 1.000000
En el else......

----------------------------------------
x = 25.000000, y = 149.000000
avance = -1.000000, avanceR = 2.000000, avanceI = 2.000000
inc_x_r = 0.000000, inc_y_r = 1.000000, inc_x_i = 1.000000, inc_y_i = 1.000000
En el else......

----------------------------------------
x = 25.000000, y = 150.000000
avance = 1.000000, avanceR = 2.000000, avanceI = 2.000000
inc_x_r = 0.000000, inc_y_r = 1.000000, inc_x_i = 1.000000, inc_y_i = 1.000000
avance >= 0

----------------------------------------
x = 26.000000, y = 151.000000
avance = -499.000000, avanceR = 2.000000, avanceI = 2.000000
inc_x_r = 0.000000, inc_y_r = 1.000000, inc_x_i = 1.000000, inc_y_i = 1.000000
En el else......

----------------------------------------
x = 26.000000, y = 152.000000
avance = -497.000000, avanceR = 2.000000, avanceI = 2.000000
inc_x_r = 0.000000, inc_y_r = 1.000000, inc_x_i = 1.000000, inc_y_i = 1.000000
En el else......

----------------------------------------
x = 26.000000, y = 153.000000
avance = -495.000000, avanceR = 2.000000, avanceI = 2.000000
inc_x_r = 0.000000, inc_y_r = 1.000000, inc_x_i = 1.000000, inc_y_i = 1.000000
En el else......

----------------------------------------
x = 26.000000, y = 154.000000
avance = -493.000000, avanceR = 2.000000, avanceI = 2.000000
inc_x_r = 0.000000, inc_y_r = 1.000000, inc_x_i = 1.000000, inc_y_i = 1.000000
En el else......

----------------------------------------
x = 26.000000, y = 155.000000
avance = -491.000000, avanceR = 2.000000, avanceI = 2.000000
inc_x_r = 0.000000, inc_y_r = 1.000000, inc_x_i = 1.000000, inc_y_i = 1.000000
En el else......

----------------------------------------
x = 26.000000, y = 156.000000
avance = -489.000000, avanceR = 2.000000, avanceI = 2.000000
inc_x_r = 0.000000, inc_y_r = 1.000000, inc_x_i = 1.000000, inc_y_i = 1.000000
En el else......

----------------------------------------
x = 26.000000, y = 157.000000
avance = -487.000000, avanceR = 2.000000, avanceI = 2.000000
inc_x_r = 0.000000, inc_y_r = 1.000000, inc_x_i = 1.000000, inc_y_i = 1.000000
En el else......

----------------------------------------
x = 26.000000, y = 158.000000
avance = -485.000000, avanceR = 2.000000, avanceI = 2.000000
inc_x_r = 0.000000, inc_y_r = 1.000000, inc_x_i = 1.000000, inc_y_i = 1.000000
En el else......

----------------------------------------
x = 26.000000, y = 159.000000
avance = -483.000000, avanceR = 2.000000, avanceI = 2.000000
inc_x_r = 0.000000, inc_y_r = 1.000000, inc_x_i = 1.000000, inc_y_i = 1.000000
En el else......

----------------------------------------
x = 26.000000, y = 160.000000
avance = -481.000000, avanceR = 2.000000, avanceI = 2.000000
inc_x_r = 0.000000, inc_y_r = 1.000000, inc_x_i = 1.000000, inc_y_i = 1.000000
En el else......

----------------------------------------
x = 26.000000, y = 161.000000
avance = -479.000000, avanceR = 2.000000, avanceI = 2.000000
inc_x_r = 0.000000, inc_y_r = 1.000000, inc_x_i = 1.000000, inc_y_i = 1.000000
En el else......

----------------------------------------
x = 26.000000, y = 162.000000
avance = -477.000000, avanceR = 2.000000, avanceI = 2.000000
inc_x_r = 0.000000, inc_y_r = 1.000000, inc_x_i = 1.000000, inc_y_i = 1.000000
En el else......

----------------------------------------
x = 26.000000, y = 163.000000
avance = -475.000000, avanceR = 2.000000, avanceI = 2.000000
inc_x_r = 0.000000, inc_y_r = 1.000000, inc_x_i = 1.000000, inc_y_i = 1.000000
En el else......

----------------------------------------
x = 26.000000, y = 164.000000
avance = -473.000000, avanceR = 2.000000, avanceI = 2.000000
inc_x_r = 0.000000, inc_y_r = 1.000000, inc_x_i = 1.000000, inc_y_i = 1.000000
En el else......

----------------------------------------
x = 26.000000, y = 165.000000
avance = -471.000000, avanceR = 2.000000, avanceI = 2.000000
inc_x_r = 0.000000, inc_y_r = 1.000000, inc_x_i = 1.000000, inc_y_i = 1.000000
En el else......

----------------------------------------
x = 26.000000, y = 166.000000
avance = -469.000000, avanceR = 2.000000, avanceI = 2.000000
inc_x_r = 0.000000, inc_y_r = 1.000000, inc_x_i = 1.000000, inc_y_i = 1.000000
En el else......

----------------------------------------
x = 26.000000, y = 167.000000
avance = -467.000000, avanceR = 2.000000, avanceI = 2.000000
inc_x_r = 0.000000, inc_y_r = 1.000000, inc_x_i = 1.000000, inc_y_i = 1.000000
En el else......

----------------------------------------
x = 26.000000, y = 168.000000
avance = -465.000000, avanceR = 2.000000, avanceI = 2.000000
inc_x_r = 0.000000, inc_y_r = 1.000000, inc_x_i = 1.000000, inc_y_i = 1.000000
En el else......

----------------------------------------
x = 26.000000, y = 169.000000
avance = -463.000000, avanceR = 2.000000, avanceI = 2.000000
inc_x_r = 0.000000, inc_y_r = 1.000000, inc_x_i = 1.000000, inc_y_i = 1.000000
En el else......

----------------------------------------
x = 26.000000, y = 170.000000
avance = -461.000000, avanceR = 2.000000, avanceI = 2.000000
inc_x_r = 0.000000, inc_y_r = 1.000000, inc_x_i = 1.000000, inc_y_i = 1.000000
En el else......

----------------------------------------
x = 26.000000, y = 171.000000
avance = -459.000000, avanceR = 2.000000, avanceI = 2.000000
inc_x_r = 0.000000, inc_y_r = 1.000000, inc_x_i = 1.000000, inc_y_i = 1.000000
En el else......

----------------------------------------
x = 26.000000, y = 172.000000
avance = -457.000000, avanceR = 2.000000, avanceI = 2.000000
inc_x_r = 0.000000, inc_y_r = 1.000000, inc_x_i = 1.000000, inc_y_i = 1.000000
En el else......

----------------------------------------
x = 26.000000, y = 173.000000
avance = -455.000000, avanceR = 2.000000, avanceI = 2.000000
inc_x_r = 0.000000, inc_y_r = 1.000000, inc_x_i = 1.000000, inc_y_i = 1.000000
En el else......

----------------------------------------
x = 26.000000, y = 174.000000
avance = -453.000000, avanceR = 2.000000, avanceI = 2.000000
inc_x_r = 0.000000, inc_y_r = 1.000000, inc_x_i = 1.000000, inc_y_i = 1.000000
En el else......

----------------------------------------
x = 26.000000, y = 175.000000
avance = -451.000000, avanceR = 2.000000, avanceI = 2.000000
inc_x_r = 0.000000, inc_y_r = 1.000000, inc_x_i = 1.000000, inc_y_i = 1.000000
En el else......

----------------------------------------
x = 26.000000, y = 176.000000
avance = -449.000000, avanceR = 2.000000, avanceI = 2.000000
inc_x_r = 0.000000, inc_y_r = 1.000000, inc_x_i = 1.000000, inc_y_i = 1.000000
En el else......

----------------------------------------
x = 26.000000, y = 177.000000
avance = -447.000000, avanceR = 2.000000, avanceI = 2.000000
inc_x_r = 0.000000, inc_y_r = 1.000000, inc_x_i = 1.000000, inc_y_i = 1.000000
En el else......

----------------------------------------
x = 26.000000, y = 178.000000
avance = -445.000000, avanceR = 2.000000, avanceI = 2.000000
inc_x_r = 0.000000, inc_y_r = 1.000000, inc_x_i = 1.000000, inc_y_i = 1.000000
En el else......

----------------------------------------
x = 26.000000, y = 179.000000
avance = -443.000000, avanceR = 2.000000, avanceI = 2.000000
inc_x_r = 0.000000, inc_y_r = 1.000000, inc_x_i = 1.000000, inc_y_i = 1.000000
En el else......

----------------------------------------
x = 26.000000, y = 180.000000
avance = -441.000000, avanceR = 2.000000, avanceI = 2.000000
inc_x_r = 0.000000, inc_y_r = 1.000000, inc_x_i = 1.000000, inc_y_i = 1.000000
En el else......

----------------------------------------
x = 26.000000, y = 181.000000
avance = -439.000000, avanceR = 2.000000, avanceI = 2.000000
inc_x_r = 0.000000, inc_y_r = 1.000000, inc_x_i = 1.000000, inc_y_i = 1.000000
En el else......

----------------------------------------
x = 26.000000, y = 182.000000
avance = -437.000000, avanceR = 2.000000, avanceI = 2.000000
inc_x_r = 0.000000, inc_y_r = 1.000000, inc_x_i = 1.000000, inc_y_i = 1.000000
En el else......

----------------------------------------
x = 26.000000, y = 183.000000
avance = -435.000000, avanceR = 2.000000, avanceI = 2.000000
inc_x_r = 0.000000, inc_y_r = 1.000000, inc_x_i = 1.000000, inc_y_i = 1.000000
En el else......

----------------------------------------
x = 26.000000, y = 184.000000
avance = -433.000000, avanceR = 2.000000, avanceI = 2.000000
inc_x_r = 0.000000, inc_y_r = 1.000000, inc_x_i = 1.000000, inc_y_i = 1.000000
En el else......

----------------------------------------
x = 26.000000, y = 185.000000
avance = -431.000000, avanceR = 2.000000, avanceI = 2.000000
inc_x_r = 0.000000, inc_y_r = 1.000000, inc_x_i = 1.000000, inc_y_i = 1.000000
En el else......

----------------------------------------
x = 26.000000, y = 186.000000
avance = -429.000000, avanceR = 2.000000, avanceI = 2.000000
inc_x_r = 0.000000, inc_y_r = 1.000000, inc_x_i = 1.000000, inc_y_i = 1.000000
En el else......

----------------------------------------
x = 26.000000, y = 187.000000
avance = -427.000000, avanceR = 2.000000, avanceI = 2.000000
inc_x_r = 0.000000, inc_y_r = 1.000000, inc_x_i = 1.000000, inc_y_i = 1.000000
En el else......

----------------------------------------
x = 26.000000, y = 188.000000
avance = -425.000000, avanceR = 2.000000, avanceI = 2.000000
inc_x_r = 0.000000, inc_y_r = 1.000000, inc_x_i = 1.000000, inc_y_i = 1.000000
En el else......

----------------------------------------
x = 26.000000, y = 189.000000
avance = -423.000000, avanceR = 2.000000, avanceI = 2.000000
inc_x_r = 0.000000, inc_y_r = 1.000000, inc_x_i = 1.000000, inc_y_i = 1.000000
En el else......

----------------------------------------
x = 26.000000, y = 190.000000
avance = -421.000000, avanceR = 2.000000, avanceI = 2.000000
inc_x_r = 0.000000, inc_y_r = 1.000000, inc_x_i = 1.000000, inc_y_i = 1.000000
En el else......

----------------------------------------
x = 26.000000, y = 191.000000
avance = -419.000000, avanceR = 2.000000, avanceI = 2.000000
inc_x_r = 0.000000, inc_y_r = 1.000000, inc_x_i = 1.000000, inc_y_i = 1.000000
En el else......

----------------------------------------
x = 26.000000, y = 192.000000
avance = -417.000000, avanceR = 2.000000, avanceI = 2.000000
inc_x_r = 0.000000, inc_y_r = 1.000000, inc_x_i = 1.000000, inc_y_i = 1.000000
En el else......

----------------------------------------
x = 26.000000, y = 193.000000
avance = -415.000000, avanceR = 2.000000, avanceI = 2.000000
inc_x_r = 0.000000, inc_y_r = 1.000000, inc_x_i = 1.000000, inc_y_i = 1.000000
En el else......

----------------------------------------
x = 26.000000, y = 194.000000
avance = -413.000000, avanceR = 2.000000, avanceI = 2.000000
inc_x_r = 0.000000, inc_y_r = 1.000000, inc_x_i = 1.000000, inc_y_i = 1.000000
En el else......

----------------------------------------
x = 26.000000, y = 195.000000
avance = -411.000000, avanceR = 2.000000, avanceI = 2.000000
inc_x_r = 0.000000, inc_y_r = 1.000000, inc_x_i = 1.000000, inc_y_i = 1.000000
En el else......

----------------------------------------
x = 26.000000, y = 196.000000
avance = -409.000000, avanceR = 2.000000, avanceI = 2.000000
inc_x_r = 0.000000, inc_y_r = 1.000000, inc_x_i = 1.000000, inc_y_i = 1.000000
En el else......

----------------------------------------
x = 26.000000, y = 197.000000
avance = -407.000000, avanceR = 2.000000, avanceI = 2.000000
inc_x_r = 0.000000, inc_y_r = 1.000000, inc_x_i = 1.000000, inc_y_i = 1.000000
En el else......

----------------------------------------
x = 26.000000, y = 198.000000
avance = -405.000000, avanceR = 2.000000, avanceI = 2.000000
inc_x_r = 0.000000, inc_y_r = 1.000000, inc_x_i = 1.000000, inc_y_i = 1.000000
En el else......

----------------------------------------
x = 26.000000, y = 199.000000
avance = -403.000000, avanceR = 2.000000, avanceI = 2.000000
inc_x_r = 0.000000, inc_y_r = 1.000000, inc_x_i = 1.000000, inc_y_i = 1.000000
En el else......

----------------------------------------
x = 26.000000, y = 200.000000
avance = -401.000000, avanceR = 2.000000, avanceI = 2.000000
inc_x_r = 0.000000, inc_y_r = 1.000000, inc_x_i = 1.000000, inc_y_i = 1.000000
En el else......

----------------------------------------
x = 26.000000, y = 201.000000
avance = -399.000000, avanceR = 2.000000, avanceI = 2.000000
inc_x_r = 0.000000, inc_y_r = 1.000000, inc_x_i = 1.000000, inc_y_i = 1.000000
En el else......

----------------------------------------
x = 26.000000, y = 202.000000
avance = -397.000000, avanceR = 2.000000, avanceI = 2.000000
inc_x_r = 0.000000, inc_y_r = 1.000000, inc_x_i = 1.000000, inc_y_i = 1.000000
En el else......

----------------------------------------
x = 26.000000, y = 203.000000
avance = -395.000000, avanceR = 2.000000, avanceI = 2.000000
inc_x_r = 0.000000, inc_y_r = 1.000000, inc_x_i = 1.000000, inc_y_i = 1.000000
En el else......

----------------------------------------
x = 26.000000, y = 204.000000
avance = -393.000000, avanceR = 2.000000, avanceI = 2.000000
inc_x_r = 0.000000, inc_y_r = 1.000000, inc_x_i = 1.000000, inc_y_i = 1.000000
En el else......

----------------------------------------
x = 26.000000, y = 205.000000
avance = -391.000000, avanceR = 2.000000, avanceI = 2.000000
inc_x_r = 0.000000, inc_y_r = 1.000000, inc_x_i = 1.000000, inc_y_i = 1.000000
En el else......

----------------------------------------
x = 26.000000, y = 206.000000
avance = -389.000000, avanceR = 2.000000, avanceI = 2.000000
inc_x_r = 0.000000, inc_y_r = 1.000000, inc_x_i = 1.000000, inc_y_i = 1.000000
En el else......

----------------------------------------
x = 26.000000, y = 207.000000
avance = -387.000000, avanceR = 2.000000, avanceI = 2.000000
inc_x_r = 0.000000, inc_y_r = 1.000000, inc_x_i = 1.000000, inc_y_i = 1.000000
En el else......

----------------------------------------
x = 26.000000, y = 208.000000
avance = -385.000000, avanceR = 2.000000, avanceI = 2.000000
inc_x_r = 0.000000, inc_y_r = 1.000000, inc_x_i = 1.000000, inc_y_i = 1.000000
En el else......

----------------------------------------
x = 26.000000, y = 209.000000
avance = -383.000000, avanceR = 2.000000, avanceI = 2.000000
inc_x_r = 0.000000, inc_y_r = 1.000000, inc_x_i = 1.000000, inc_y_i = 1.000000
En el else......

----------------------------------------
x = 26.000000, y = 210.000000
avance = -381.000000, avanceR = 2.000000, avanceI = 2.000000
inc_x_r = 0.000000, inc_y_r = 1.000000, inc_x_i = 1.000000, inc_y_i = 1.000000
En el else......

----------------------------------------
x = 26.000000, y = 211.000000
avance = -379.000000, avanceR = 2.000000, avanceI = 2.000000
inc_x_r = 0.000000, inc_y_r = 1.000000, inc_x_i = 1.000000, inc_y_i = 1.000000
En el else......

----------------------------------------
x = 26.000000, y = 212.000000
avance = -377.000000, avanceR = 2.000000, avanceI = 2.000000
inc_x_r = 0.000000, inc_y_r = 1.000000, inc_x_i = 1.000000, inc_y_i = 1.000000
En el else......

----------------------------------------
x = 26.000000, y = 213.000000
avance = -375.000000, avanceR = 2.000000, avanceI = 2.000000
inc_x_r = 0.000000, inc_y_r = 1.000000, inc_x_i = 1.000000, inc_y_i = 1.000000
En el else......

----------------------------------------
x = 26.000000, y = 214.000000
avance = -373.000000, avanceR = 2.000000, avanceI = 2.000000
inc_x_r = 0.000000, inc_y_r = 1.000000, inc_x_i = 1.000000, inc_y_i = 1.000000
En el else......

----------------------------------------
x = 26.000000, y = 215.000000
avance = -371.000000, avanceR = 2.000000, avanceI = 2.000000
inc_x_r = 0.000000, inc_y_r = 1.000000, inc_x_i = 1.000000, inc_y_i = 1.000000
En el else......

----------------------------------------
x = 26.000000, y = 216.000000
avance = -369.000000, avanceR = 2.000000, avanceI = 2.000000
inc_x_r = 0.000000, inc_y_r = 1.000000, inc_x_i = 1.000000, inc_y_i = 1.000000
En el else......

----------------------------------------
x = 26.000000, y = 217.000000
avance = -367.000000, avanceR = 2.000000, avanceI = 2.000000
inc_x_r = 0.000000, inc_y_r = 1.000000, inc_x_i = 1.000000, inc_y_i = 1.000000
En el else......

----------------------------------------
x = 26.000000, y = 218.000000
avance = -365.000000, avanceR = 2.000000, avanceI = 2.000000
inc_x_r = 0.000000, inc_y_r = 1.000000, inc_x_i = 1.000000, inc_y_i = 1.000000
En el else......

----------------------------------------
x = 26.000000, y = 219.000000
avance = -363.000000, avanceR = 2.000000, avanceI = 2.000000
inc_x_r = 0.000000, inc_y_r = 1.000000, inc_x_i = 1.000000, inc_y_i = 1.000000
En el else......

----------------------------------------
x = 26.000000, y = 220.000000
avance = -361.000000, avanceR = 2.000000, avanceI = 2.000000
inc_x_r = 0.000000, inc_y_r = 1.000000, inc_x_i = 1.000000, inc_y_i = 1.000000
En el else......

----------------------------------------
x = 26.000000, y = 221.000000
avance = -359.000000, avanceR = 2.000000, avanceI = 2.000000
inc_x_r = 0.000000, inc_y_r = 1.000000, inc_x_i = 1.000000, inc_y_i = 1.000000
En el else......

----------------------------------------
x = 26.000000, y = 222.000000
avance = -357.000000, avanceR = 2.000000, avanceI = 2.000000
inc_x_r = 0.000000, inc_y_r = 1.000000, inc_x_i = 1.000000, inc_y_i = 1.000000
En el else......

----------------------------------------
x = 26.000000, y = 223.000000
avance = -355.000000, avanceR = 2.000000, avanceI = 2.000000
inc_x_r = 0.000000, inc_y_r = 1.000000, inc_x_i = 1.000000, inc_y_i = 1.000000
En el else......

----------------------------------------
x = 26.000000, y = 224.000000
avance = -353.000000, avanceR = 2.000000, avanceI = 2.000000
inc_x_r = 0.000000, inc_y_r = 1.000000, inc_x_i = 1.000000, inc_y_i = 1.000000
En el else......

----------------------------------------
x = 26.000000, y = 225.000000
avance = -351.000000, avanceR = 2.000000, avanceI = 2.000000
inc_x_r = 0.000000, inc_y_r = 1.000000, inc_x_i = 1.000000, inc_y_i = 1.000000
En el else......

----------------------------------------
x = 26.000000, y = 226.000000
avance = -349.000000, avanceR = 2.000000, avanceI = 2.000000
inc_x_r = 0.000000, inc_y_r = 1.000000, inc_x_i = 1.000000, inc_y_i = 1.000000
En el else......

----------------------------------------
x = 26.000000, y = 227.000000
avance = -347.000000, avanceR = 2.000000, avanceI = 2.000000
inc_x_r = 0.000000, inc_y_r = 1.000000, inc_x_i = 1.000000, inc_y_i = 1.000000
En el else......

----------------------------------------
x = 26.000000, y = 228.000000
avance = -345.000000, avanceR = 2.000000, avanceI = 2.000000
inc_x_r = 0.000000, inc_y_r = 1.000000, inc_x_i = 1.000000, inc_y_i = 1.000000
En el else......

----------------------------------------
x = 26.000000, y = 229.000000
avance = -343.000000, avanceR = 2.000000, avanceI = 2.000000
inc_x_r = 0.000000, inc_y_r = 1.000000, inc_x_i = 1.000000, inc_y_i = 1.000000
En el else......

----------------------------------------
x = 26.000000, y = 230.000000
avance = -341.000000, avanceR = 2.000000, avanceI = 2.000000
inc_x_r = 0.000000, inc_y_r = 1.000000, inc_x_i = 1.000000, inc_y_i = 1.000000
En el else......

----------------------------------------
x = 26.000000, y = 231.000000
avance = -339.000000, avanceR = 2.000000, avanceI = 2.000000
inc_x_r = 0.000000, inc_y_r = 1.000000, inc_x_i = 1.000000, inc_y_i = 1.000000
En el else......

----------------------------------------
x = 26.000000, y = 232.000000
avance = -337.000000, avanceR = 2.000000, avanceI = 2.000000
inc_x_r = 0.000000, inc_y_r = 1.000000, inc_x_i = 1.000000, inc_y_i = 1.000000
En el else......

----------------------------------------
x = 26.000000, y = 233.000000
avance = -335.000000, avanceR = 2.000000, avanceI = 2.000000
inc_x_r = 0.000000, inc_y_r = 1.000000, inc_x_i = 1.000000, inc_y_i = 1.000000
En el else......

----------------------------------------
x = 26.000000, y = 234.000000
avance = -333.000000, avanceR = 2.000000, avanceI = 2.000000
inc_x_r = 0.000000, inc_y_r = 1.000000, inc_x_i = 1.000000, inc_y_i = 1.000000
En el else......

----------------------------------------
x = 26.000000, y = 235.000000
avance = -331.000000, avanceR = 2.000000, avanceI = 2.000000
inc_x_r = 0.000000, inc_y_r = 1.000000, inc_x_i = 1.000000, inc_y_i = 1.000000
En el else......

----------------------------------------
x = 26.000000, y = 236.000000
avance = -329.000000, avanceR = 2.000000, avanceI = 2.000000
inc_x_r = 0.000000, inc_y_r = 1.000000, inc_x_i = 1.000000, inc_y_i = 1.000000
En el else......

----------------------------------------
x = 26.000000, y = 237.000000
avance = -327.000000, avanceR = 2.000000, avanceI = 2.000000
inc_x_r = 0.000000, inc_y_r = 1.000000, inc_x_i = 1.000000, inc_y_i = 1.000000
En el else......

----------------------------------------
x = 26.000000, y = 238.000000
avance = -325.000000, avanceR = 2.000000, avanceI = 2.000000
inc_x_r = 0.000000, inc_y_r = 1.000000, inc_x_i = 1.000000, inc_y_i = 1.000000
En el else......

----------------------------------------
x = 26.000000, y = 239.000000
avance = -323.000000, avanceR = 2.000000, avanceI = 2.000000
inc_x_r = 0.000000, inc_y_r = 1.000000, inc_x_i = 1.000000, inc_y_i = 1.000000
En el else......

----------------------------------------
x = 26.000000, y = 240.000000
avance = -321.000000, avanceR = 2.000000, avanceI = 2.000000
inc_x_r = 0.000000, inc_y_r = 1.000000, inc_x_i = 1.000000, inc_y_i = 1.000000
En el else......

----------------------------------------
x = 26.000000, y = 241.000000
avance = -319.000000, avanceR = 2.000000, avanceI = 2.000000
inc_x_r = 0.000000, inc_y_r = 1.000000, inc_x_i = 1.000000, inc_y_i = 1.000000
En el else......

----------------------------------------
x = 26.000000, y = 242.000000
avance = -317.000000, avanceR = 2.000000, avanceI = 2.000000
inc_x_r = 0.000000, inc_y_r = 1.000000, inc_x_i = 1.000000, inc_y_i = 1.000000
En el else......

----------------------------------------
x = 26.000000, y = 243.000000
avance = -315.000000, avanceR = 2.000000, avanceI = 2.000000
inc_x_r = 0.000000, inc_y_r = 1.000000, inc_x_i = 1.000000, inc_y_i = 1.000000
En el else......

----------------------------------------
x = 26.000000, y = 244.000000
avance = -313.000000, avanceR = 2.000000, avanceI = 2.000000
inc_x_r = 0.000000, inc_y_r = 1.000000, inc_x_i = 1.000000, inc_y_i = 1.000000
En el else......

----------------------------------------
x = 26.000000, y = 245.000000
avance = -311.000000, avanceR = 2.000000, avanceI = 2.000000
inc_x_r = 0.000000, inc_y_r = 1.000000, inc_x_i = 1.000000, inc_y_i = 1.000000
En el else......

----------------------------------------
x = 26.000000, y = 246.000000
avance = -309.000000, avanceR = 2.000000, avanceI = 2.000000
inc_x_r = 0.000000, inc_y_r = 1.000000, inc_x_i = 1.000000, inc_y_i = 1.000000
En el else......

----------------------------------------
x = 26.000000, y = 247.000000
avance = -307.000000, avanceR = 2.000000, avanceI = 2.000000
inc_x_r = 0.000000, inc_y_r = 1.000000, inc_x_i = 1.000000, inc_y_i = 1.000000
En el else......

----------------------------------------
x = 26.000000, y = 248.000000
avance = -305.000000, avanceR = 2.000000, avanceI = 2.000000
inc_x_r = 0.000000, inc_y_r = 1.000000, inc_x_i = 1.000000, inc_y_i = 1.000000
En el else......

----------------------------------------
x = 26.000000, y = 249.000000
avance = -303.000000, avanceR = 2.000000, avanceI = 2.000000
inc_x_r = 0.000000, inc_y_r = 1.000000, inc_x_i = 1.000000, inc_y_i = 1.000000
En el else......

----------------------------------------
x = 26.000000, y = 250.000000
avance = -301.000000, avanceR = 2.000000, avanceI = 2.000000
inc_x_r = 0.000000, inc_y_r = 1.000000, inc_x_i = 1.000000, inc_y_i = 1.000000
En el else......

----------------------------------------
x = 26.000000, y = 251.000000
avance = -299.000000, avanceR = 2.000000, avanceI = 2.000000
inc_x_r = 0.000000, inc_y_r = 1.000000, inc_x_i = 1.000000, inc_y_i = 1.000000
En el else......

----------------------------------------
x = 26.000000, y = 252.000000
avance = -297.000000, avanceR = 2.000000, avanceI = 2.000000
inc_x_r = 0.000000, inc_y_r = 1.000000, inc_x_i = 1.000000, inc_y_i = 1.000000
En el else......

----------------------------------------
x = 26.000000, y = 253.000000
avance = -295.000000, avanceR = 2.000000, avanceI = 2.000000
inc_x_r = 0.000000, inc_y_r = 1.000000, inc_x_i = 1.000000, inc_y_i = 1.000000
En el else......

----------------------------------------
x = 26.000000, y = 254.000000
avance = -293.000000, avanceR = 2.000000, avanceI = 2.000000
inc_x_r = 0.000000, inc_y_r = 1.000000, inc_x_i = 1.000000, inc_y_i = 1.000000
En el else......

----------------------------------------
x = 26.000000, y = 255.000000
avance = -291.000000, avanceR = 2.000000, avanceI = 2.000000
inc_x_r = 0.000000, inc_y_r = 1.000000, inc_x_i = 1.000000, inc_y_i = 1.000000
En el else......

----------------------------------------
x = 26.000000, y = 256.000000
avance = -289.000000, avanceR = 2.000000, avanceI = 2.000000
inc_x_r = 0.000000, inc_y_r = 1.000000, inc_x_i = 1.000000, inc_y_i = 1.000000
En el else......

----------------------------------------
x = 26.000000, y = 257.000000
avance = -287.000000, avanceR = 2.000000, avanceI = 2.000000
inc_x_r = 0.000000, inc_y_r = 1.000000, inc_x_i = 1.000000, inc_y_i = 1.000000
En el else......

----------------------------------------
x = 26.000000, y = 258.000000
avance = -285.000000, avanceR = 2.000000, avanceI = 2.000000
inc_x_r = 0.000000, inc_y_r = 1.000000, inc_x_i = 1.000000, inc_y_i = 1.000000
En el else......

----------------------------------------
x = 26.000000, y = 259.000000
avance = -283.000000, avanceR = 2.000000, avanceI = 2.000000
inc_x_r = 0.000000, inc_y_r = 1.000000, inc_x_i = 1.000000, inc_y_i = 1.000000
En el else......

----------------------------------------
x = 26.000000, y = 260.000000
avance = -281.000000, avanceR = 2.000000, avanceI = 2.000000
inc_x_r = 0.000000, inc_y_r = 1.000000, inc_x_i = 1.000000, inc_y_i = 1.000000
En el else......

----------------------------------------
x = 26.000000, y = 261.000000
avance = -279.000000, avanceR = 2.000000, avanceI = 2.000000
inc_x_r = 0.000000, inc_y_r = 1.000000, inc_x_i = 1.000000, inc_y_i = 1.000000
En el else......

----------------------------------------
x = 26.000000, y = 262.000000
avance = -277.000000, avanceR = 2.000000, avanceI = 2.000000
inc_x_r = 0.000000, inc_y_r = 1.000000, inc_x_i = 1.000000, inc_y_i = 1.000000
En el else......

----------------------------------------
x = 26.000000, y = 263.000000
avance = -275.000000, avanceR = 2.000000, avanceI = 2.000000
inc_x_r = 0.000000, inc_y_r = 1.000000, inc_x_i = 1.000000, inc_y_i = 1.000000
En el else......

----------------------------------------
x = 26.000000, y = 264.000000
avance = -273.000000, avanceR = 2.000000, avanceI = 2.000000
inc_x_r = 0.000000, inc_y_r = 1.000000, inc_x_i = 1.000000, inc_y_i = 1.000000
En el else......

----------------------------------------
x = 26.000000, y = 265.000000
avance = -271.000000, avanceR = 2.000000, avanceI = 2.000000
inc_x_r = 0.000000, inc_y_r = 1.000000, inc_x_i = 1.000000, inc_y_i = 1.000000
En el else......

----------------------------------------
x = 26.000000, y = 266.000000
avance = -269.000000, avanceR = 2.000000, avanceI = 2.000000
inc_x_r = 0.000000, inc_y_r = 1.000000, inc_x_i = 1.000000, inc_y_i = 1.000000
En el else......

----------------------------------------
x = 26.000000, y = 267.000000
avance = -267.000000, avanceR = 2.000000, avanceI = 2.000000
inc_x_r = 0.000000, inc_y_r = 1.000000, inc_x_i = 1.000000, inc_y_i = 1.000000
En el else......

----------------------------------------
x = 26.000000, y = 268.000000
avance = -265.000000, avanceR = 2.000000, avanceI = 2.000000
inc_x_r = 0.000000, inc_y_r = 1.000000, inc_x_i = 1.000000, inc_y_i = 1.000000
En el else......

----------------------------------------
x = 26.000000, y = 269.000000
avance = -263.000000, avanceR = 2.000000, avanceI = 2.000000
inc_x_r = 0.000000, inc_y_r = 1.000000, inc_x_i = 1.000000, inc_y_i = 1.000000
En el else......

----------------------------------------
x = 26.000000, y = 270.000000
avance = -261.000000, avanceR = 2.000000, avanceI = 2.000000
inc_x_r = 0.000000, inc_y_r = 1.000000, inc_x_i = 1.000000, inc_y_i = 1.000000
En el else......

----------------------------------------
x = 26.000000, y = 271.000000
avance = -259.000000, avanceR = 2.000000, avanceI = 2.000000
inc_x_r = 0.000000, inc_y_r = 1.000000, inc_x_i = 1.000000, inc_y_i = 1.000000
En el else......

----------------------------------------
x = 26.000000, y = 272.000000
avance = -257.000000, avanceR = 2.000000, avanceI = 2.000000
inc_x_r = 0.000000, inc_y_r = 1.000000, inc_x_i = 1.000000, inc_y_i = 1.000000
En el else......

----------------------------------------
x = 26.000000, y = 273.000000
avance = -255.000000, avanceR = 2.000000, avanceI = 2.000000
inc_x_r = 0.000000, inc_y_r = 1.000000, inc_x_i = 1.000000, inc_y_i = 1.000000
En el else......

----------------------------------------
x = 26.000000, y = 274.000000
avance = -253.000000, avanceR = 2.000000, avanceI = 2.000000
inc_x_r = 0.000000, inc_y_r = 1.000000, inc_x_i = 1.000000, inc_y_i = 1.000000
En el else......

----------------------------------------
x = 26.000000, y = 275.000000
avance = -251.000000, avanceR = 2.000000, avanceI = 2.000000
inc_x_r = 0.000000, inc_y_r = 1.000000, inc_x_i = 1.000000, inc_y_i = 1.000000
En el else......

----------------------------------------


ENTRAMOS A BRESENHAMªªªª
x1 = 25.000000 - y1 = 35.000000 || x2 = 26.000000 - y2 = 286.000000
dy = 251.000000, dx = 1.000000
avances inclinados: inc_x_i = 1.000000, inc_y_i = 1.000000
updated: dy = 251.000000, dx = 1.000000
avances rectos: inc_x_r = 0.000000, inc_y_r 1.000000
reupdated: dy = 1.000000, dx = 251.000000
avanceR = 2.000000, avance -249.000000, avanceI 2.000000
----------------------------------------
x = 25.000000, y = 35.000000
avance = -249.000000, avanceR = 2.000000, avanceI = 2.000000
inc_x_r = 0.000000, inc_y_r = 1.000000, inc_x_i = 1.000000, inc_y_i = 1.000000
En el else......

----------------------------------------
x = 25.000000, y = 36.000000
avance = -247.000000, avanceR = 2.000000, avanceI = 2.000000
inc_x_r = 0.000000, inc_y_r = 1.000000, inc_x_i = 1.000000, inc_y_i = 1.000000
En el else......

----------------------------------------
x = 25.000000, y = 37.000000
avance = -245.000000, avanceR = 2.000000, avanceI = 2.000000
inc_x_r = 0.000000, inc_y_r = 1.000000, inc_x_i = 1.000000, inc_y_i = 1.000000
En el else......

----------------------------------------
x = 25.000000, y = 38.000000
avance = -243.000000, avanceR = 2.000000, avanceI = 2.000000
inc_x_r = 0.000000, inc_y_r = 1.000000, inc_x_i = 1.000000, inc_y_i = 1.000000
En el else......

----------------------------------------
x = 25.000000, y = 39.000000
avance = -241.000000, avanceR = 2.000000, avanceI = 2.000000
inc_x_r = 0.000000, inc_y_r = 1.000000, inc_x_i = 1.000000, inc_y_i = 1.000000
En el else......

----------------------------------------
x = 25.000000, y = 40.000000
avance = -239.000000, avanceR = 2.000000, avanceI = 2.000000
inc_x_r = 0.000000, inc_y_r = 1.000000, inc_x_i = 1.000000, inc_y_i = 1.000000
En el else......

----------------------------------------
x = 25.000000, y = 41.000000
avance = -237.000000, avanceR = 2.000000, avanceI = 2.000000
inc_x_r = 0.000000, inc_y_r = 1.000000, inc_x_i = 1.000000, inc_y_i = 1.000000
En el else......

----------------------------------------
x = 25.000000, y = 42.000000
avance = -235.000000, avanceR = 2.000000, avanceI = 2.000000
inc_x_r = 0.000000, inc_y_r = 1.000000, inc_x_i = 1.000000, inc_y_i = 1.000000
En el else......

----------------------------------------
x = 25.000000, y = 43.000000
avance = -233.000000, avanceR = 2.000000, avanceI = 2.000000
inc_x_r = 0.000000, inc_y_r = 1.000000, inc_x_i = 1.000000, inc_y_i = 1.000000
En el else......

----------------------------------------
x = 25.000000, y = 44.000000
avance = -231.000000, avanceR = 2.000000, avanceI = 2.000000
inc_x_r = 0.000000, inc_y_r = 1.000000, inc_x_i = 1.000000, inc_y_i = 1.000000
En el else......

----------------------------------------
x = 25.000000, y = 45.000000
avance = -229.000000, avanceR = 2.000000, avanceI = 2.000000
inc_x_r = 0.000000, inc_y_r = 1.000000, inc_x_i = 1.000000, inc_y_i = 1.000000
En el else......

----------------------------------------
x = 25.000000, y = 46.000000
avance = -227.000000, avanceR = 2.000000, avanceI = 2.000000
inc_x_r = 0.000000, inc_y_r = 1.000000, inc_x_i = 1.000000, inc_y_i = 1.000000
En el else......

----------------------------------------
x = 25.000000, y = 47.000000
avance = -225.000000, avanceR = 2.000000, avanceI = 2.000000
inc_x_r = 0.000000, inc_y_r = 1.000000, inc_x_i = 1.000000, inc_y_i = 1.000000
En el else......

----------------------------------------
x = 25.000000, y = 48.000000
avance = -223.000000, avanceR = 2.000000, avanceI = 2.000000
inc_x_r = 0.000000, inc_y_r = 1.000000, inc_x_i = 1.000000, inc_y_i = 1.000000
En el else......

----------------------------------------
x = 25.000000, y = 49.000000
avance = -221.000000, avanceR = 2.000000, avanceI = 2.000000
inc_x_r = 0.000000, inc_y_r = 1.000000, inc_x_i = 1.000000, inc_y_i = 1.000000
En el else......

----------------------------------------
x = 25.000000, y = 50.000000
avance = -219.000000, avanceR = 2.000000, avanceI = 2.000000
inc_x_r = 0.000000, inc_y_r = 1.000000, inc_x_i = 1.000000, inc_y_i = 1.000000
En el else......

----------------------------------------
x = 25.000000, y = 51.000000
avance = -217.000000, avanceR = 2.000000, avanceI = 2.000000
inc_x_r = 0.000000, inc_y_r = 1.000000, inc_x_i = 1.000000, inc_y_i = 1.000000
En el else......

----------------------------------------
x = 25.000000, y = 52.000000
avance = -215.000000, avanceR = 2.000000, avanceI = 2.000000
inc_x_r = 0.000000, inc_y_r = 1.000000, inc_x_i = 1.000000, inc_y_i = 1.000000
En el else......

----------------------------------------
x = 25.000000, y = 53.000000
avance = -213.000000, avanceR = 2.000000, avanceI = 2.000000
inc_x_r = 0.000000, inc_y_r = 1.000000, inc_x_i = 1.000000, inc_y_i = 1.000000
En el else......

----------------------------------------
x = 25.000000, y = 54.000000
avance = -211.000000, avanceR = 2.000000, avanceI = 2.000000
inc_x_r = 0.000000, inc_y_r = 1.000000, inc_x_i = 1.000000, inc_y_i = 1.000000
En el else......

----------------------------------------
x = 25.000000, y = 55.000000
avance = -209.000000, avanceR = 2.000000, avanceI = 2.000000
inc_x_r = 0.000000, inc_y_r = 1.000000, inc_x_i = 1.000000, inc_y_i = 1.000000
En el else......

----------------------------------------
x = 25.000000, y = 56.000000
avance = -207.000000, avanceR = 2.000000, avanceI = 2.000000
inc_x_r = 0.000000, inc_y_r = 1.000000, inc_x_i = 1.000000, inc_y_i = 1.000000
En el else......

----------------------------------------
x = 25.000000, y = 57.000000
avance = -205.000000, avanceR = 2.000000, avanceI = 2.000000
inc_x_r = 0.000000, inc_y_r = 1.000000, inc_x_i = 1.000000, inc_y_i = 1.000000
En el else......

----------------------------------------
x = 25.000000, y = 58.000000
avance = -203.000000, avanceR = 2.000000, avanceI = 2.000000
inc_x_r = 0.000000, inc_y_r = 1.000000, inc_x_i = 1.000000, inc_y_i = 1.000000
En el else......

----------------------------------------
x = 25.000000, y = 59.000000
avance = -201.000000, avanceR = 2.000000, avanceI = 2.000000
inc_x_r = 0.000000, inc_y_r = 1.000000, inc_x_i = 1.000000, inc_y_i = 1.000000
En el else......

----------------------------------------
x = 25.000000, y = 60.000000
avance = -199.000000, avanceR = 2.000000, avanceI = 2.000000
inc_x_r = 0.000000, inc_y_r = 1.000000, inc_x_i = 1.000000, inc_y_i = 1.000000
En el else......

----------------------------------------
x = 25.000000, y = 61.000000
avance = -197.000000, avanceR = 2.000000, avanceI = 2.000000
inc_x_r = 0.000000, inc_y_r = 1.000000, inc_x_i = 1.000000, inc_y_i = 1.000000
En el else......

----------------------------------------
x = 25.000000, y = 62.000000
avance = -195.000000, avanceR = 2.000000, avanceI = 2.000000
inc_x_r = 0.000000, inc_y_r = 1.000000, inc_x_i = 1.000000, inc_y_i = 1.000000
En el else......

----------------------------------------
x = 25.000000, y = 63.000000
avance = -193.000000, avanceR = 2.000000, avanceI = 2.000000
inc_x_r = 0.000000, inc_y_r = 1.000000, inc_x_i = 1.000000, inc_y_i = 1.000000
En el else......

----------------------------------------
x = 25.000000, y = 64.000000
avance = -191.000000, avanceR = 2.000000, avanceI = 2.000000
inc_x_r = 0.000000, inc_y_r = 1.000000, inc_x_i = 1.000000, inc_y_i = 1.000000
En el else......

----------------------------------------
x = 25.000000, y = 65.000000
avance = -189.000000, avanceR = 2.000000, avanceI = 2.000000
inc_x_r = 0.000000, inc_y_r = 1.000000, inc_x_i = 1.000000, inc_y_i = 1.000000
En el else......

----------------------------------------
x = 25.000000, y = 66.000000
avance = -187.000000, avanceR = 2.000000, avanceI = 2.000000
inc_x_r = 0.000000, inc_y_r = 1.000000, inc_x_i = 1.000000, inc_y_i = 1.000000
En el else......

----------------------------------------
x = 25.000000, y = 67.000000
avance = -185.000000, avanceR = 2.000000, avanceI = 2.000000
inc_x_r = 0.000000, inc_y_r = 1.000000, inc_x_i = 1.000000, inc_y_i = 1.000000
En el else......

----------------------------------------
x = 25.000000, y = 68.000000
avance = -183.000000, avanceR = 2.000000, avanceI = 2.000000
inc_x_r = 0.000000, inc_y_r = 1.000000, inc_x_i = 1.000000, inc_y_i = 1.000000
En el else......

----------------------------------------
x = 25.000000, y = 69.000000
avance = -181.000000, avanceR = 2.000000, avanceI = 2.000000
inc_x_r = 0.000000, inc_y_r = 1.000000, inc_x_i = 1.000000, inc_y_i = 1.000000
En el else......

----------------------------------------
x = 25.000000, y = 70.000000
avance = -179.000000, avanceR = 2.000000, avanceI = 2.000000
inc_x_r = 0.000000, inc_y_r = 1.000000, inc_x_i = 1.000000, inc_y_i = 1.000000
En el else......

----------------------------------------
x = 25.000000, y = 71.000000
avance = -177.000000, avanceR = 2.000000, avanceI = 2.000000
inc_x_r = 0.000000, inc_y_r = 1.000000, inc_x_i = 1.000000, inc_y_i = 1.000000
En el else......

----------------------------------------
x = 25.000000, y = 72.000000
avance = -175.000000, avanceR = 2.000000, avanceI = 2.000000
inc_x_r = 0.000000, inc_y_r = 1.000000, inc_x_i = 1.000000, inc_y_i = 1.000000
En el else......

----------------------------------------
x = 25.000000, y = 73.000000
avance = -173.000000, avanceR = 2.000000, avanceI = 2.000000
inc_x_r = 0.000000, inc_y_r = 1.000000, inc_x_i = 1.000000, inc_y_i = 1.000000
En el else......

----------------------------------------
x = 25.000000, y = 74.000000
avance = -171.000000, avanceR = 2.000000, avanceI = 2.000000
inc_x_r = 0.000000, inc_y_r = 1.000000, inc_x_i = 1.000000, inc_y_i = 1.000000
En el else......

----------------------------------------
x = 25.000000, y = 75.000000
avance = -169.000000, avanceR = 2.000000, avanceI = 2.000000
inc_x_r = 0.000000, inc_y_r = 1.000000, inc_x_i = 1.000000, inc_y_i = 1.000000
En el else......

----------------------------------------
x = 25.000000, y = 76.000000
avance = -167.000000, avanceR = 2.000000, avanceI = 2.000000
inc_x_r = 0.000000, inc_y_r = 1.000000, inc_x_i = 1.000000, inc_y_i = 1.000000
En el else......

----------------------------------------
x = 25.000000, y = 77.000000
avance = -165.000000, avanceR = 2.000000, avanceI = 2.000000
inc_x_r = 0.000000, inc_y_r = 1.000000, inc_x_i = 1.000000, inc_y_i = 1.000000
En el else......

----------------------------------------
x = 25.000000, y = 78.000000
avance = -163.000000, avanceR = 2.000000, avanceI = 2.000000
inc_x_r = 0.000000, inc_y_r = 1.000000, inc_x_i = 1.000000, inc_y_i = 1.000000
En el else......

----------------------------------------
x = 25.000000, y = 79.000000
avance = -161.000000, avanceR = 2.000000, avanceI = 2.000000
inc_x_r = 0.000000, inc_y_r = 1.000000, inc_x_i = 1.000000, inc_y_i = 1.000000
En el else......

----------------------------------------
x = 25.000000, y = 80.000000
avance = -159.000000, avanceR = 2.000000, avanceI = 2.000000
inc_x_r = 0.000000, inc_y_r = 1.000000, inc_x_i = 1.000000, inc_y_i = 1.000000
En el else......

----------------------------------------
x = 25.000000, y = 81.000000
avance = -157.000000, avanceR = 2.000000, avanceI = 2.000000
inc_x_r = 0.000000, inc_y_r = 1.000000, inc_x_i = 1.000000, inc_y_i = 1.000000
En el else......

----------------------------------------
x = 25.000000, y = 82.000000
avance = -155.000000, avanceR = 2.000000, avanceI = 2.000000
inc_x_r = 0.000000, inc_y_r = 1.000000, inc_x_i = 1.000000, inc_y_i = 1.000000
En el else......

----------------------------------------
x = 25.000000, y = 83.000000
avance = -153.000000, avanceR = 2.000000, avanceI = 2.000000
inc_x_r = 0.000000, inc_y_r = 1.000000, inc_x_i = 1.000000, inc_y_i = 1.000000
En el else......

----------------------------------------
x = 25.000000, y = 84.000000
avance = -151.000000, avanceR = 2.000000, avanceI = 2.000000
inc_x_r = 0.000000, inc_y_r = 1.000000, inc_x_i = 1.000000, inc_y_i = 1.000000
En el else......

----------------------------------------
x = 25.000000, y = 85.000000
avance = -149.000000, avanceR = 2.000000, avanceI = 2.000000
inc_x_r = 0.000000, inc_y_r = 1.000000, inc_x_i = 1.000000, inc_y_i = 1.000000
En el else......

----------------------------------------
x = 25.000000, y = 86.000000
avance = -147.000000, avanceR = 2.000000, avanceI = 2.000000
inc_x_r = 0.000000, inc_y_r = 1.000000, inc_x_i = 1.000000, inc_y_i = 1.000000
En el else......

----------------------------------------
x = 25.000000, y = 87.000000
avance = -145.000000, avanceR = 2.000000, avanceI = 2.000000
inc_x_r = 0.000000, inc_y_r = 1.000000, inc_x_i = 1.000000, inc_y_i = 1.000000
En el else......

----------------------------------------
x = 25.000000, y = 88.000000
avance = -143.000000, avanceR = 2.000000, avanceI = 2.000000
inc_x_r = 0.000000, inc_y_r = 1.000000, inc_x_i = 1.000000, inc_y_i = 1.000000
En el else......

----------------------------------------
x = 25.000000, y = 89.000000
avance = -141.000000, avanceR = 2.000000, avanceI = 2.000000
inc_x_r = 0.000000, inc_y_r = 1.000000, inc_x_i = 1.000000, inc_y_i = 1.000000
En el else......

----------------------------------------
x = 25.000000, y = 90.000000
avance = -139.000000, avanceR = 2.000000, avanceI = 2.000000
inc_x_r = 0.000000, inc_y_r = 1.000000, inc_x_i = 1.000000, inc_y_i = 1.000000
En el else......

----------------------------------------
x = 25.000000, y = 91.000000
avance = -137.000000, avanceR = 2.000000, avanceI = 2.000000
inc_x_r = 0.000000, inc_y_r = 1.000000, inc_x_i = 1.000000, inc_y_i = 1.000000
En el else......

----------------------------------------
x = 25.000000, y = 92.000000
avance = -135.000000, avanceR = 2.000000, avanceI = 2.000000
inc_x_r = 0.000000, inc_y_r = 1.000000, inc_x_i = 1.000000, inc_y_i = 1.000000
En el else......

----------------------------------------
x = 25.000000, y = 93.000000
avance = -133.000000, avanceR = 2.000000, avanceI = 2.000000
inc_x_r = 0.000000, inc_y_r = 1.000000, inc_x_i = 1.000000, inc_y_i = 1.000000
En el else......

----------------------------------------
x = 25.000000, y = 94.000000
avance = -131.000000, avanceR = 2.000000, avanceI = 2.000000
inc_x_r = 0.000000, inc_y_r = 1.000000, inc_x_i = 1.000000, inc_y_i = 1.000000
En el else......

----------------------------------------
x = 25.000000, y = 95.000000
avance = -129.000000, avanceR = 2.000000, avanceI = 2.000000
inc_x_r = 0.000000, inc_y_r = 1.000000, inc_x_i = 1.000000, inc_y_i = 1.000000
En el else......

----------------------------------------
x = 25.000000, y = 96.000000
avance = -127.000000, avanceR = 2.000000, avanceI = 2.000000
inc_x_r = 0.000000, inc_y_r = 1.000000, inc_x_i = 1.000000, inc_y_i = 1.000000
En el else......

----------------------------------------
x = 25.000000, y = 97.000000
avance = -125.000000, avanceR = 2.000000, avanceI = 2.000000
inc_x_r = 0.000000, inc_y_r = 1.000000, inc_x_i = 1.000000, inc_y_i = 1.000000
En el else......

----------------------------------------
x = 25.000000, y = 98.000000
avance = -123.000000, avanceR = 2.000000, avanceI = 2.000000
inc_x_r = 0.000000, inc_y_r = 1.000000, inc_x_i = 1.000000, inc_y_i = 1.000000
En el else......

----------------------------------------
x = 25.000000, y = 99.000000
avance = -121.000000, avanceR = 2.000000, avanceI = 2.000000
inc_x_r = 0.000000, inc_y_r = 1.000000, inc_x_i = 1.000000, inc_y_i = 1.000000
En el else......

----------------------------------------
x = 25.000000, y = 100.000000
avance = -119.000000, avanceR = 2.000000, avanceI = 2.000000
inc_x_r = 0.000000, inc_y_r = 1.000000, inc_x_i = 1.000000, inc_y_i = 1.000000
En el else......

----------------------------------------
x = 25.000000, y = 101.000000
avance = -117.000000, avanceR = 2.000000, avanceI = 2.000000
inc_x_r = 0.000000, inc_y_r = 1.000000, inc_x_i = 1.000000, inc_y_i = 1.000000
En el else......

----------------------------------------
x = 25.000000, y = 102.000000
avance = -115.000000, avanceR = 2.000000, avanceI = 2.000000
inc_x_r = 0.000000, inc_y_r = 1.000000, inc_x_i = 1.000000, inc_y_i = 1.000000
En el else......

----------------------------------------
x = 25.000000, y = 103.000000
avance = -113.000000, avanceR = 2.000000, avanceI = 2.000000
inc_x_r = 0.000000, inc_y_r = 1.000000, inc_x_i = 1.000000, inc_y_i = 1.000000
En el else......

----------------------------------------
x = 25.000000, y = 104.000000
avance = -111.000000, avanceR = 2.000000, avanceI = 2.000000
inc_x_r = 0.000000, inc_y_r = 1.000000, inc_x_i = 1.000000, inc_y_i = 1.000000
En el else......

----------------------------------------
x = 25.000000, y = 105.000000
avance = -109.000000, avanceR = 2.000000, avanceI = 2.000000
inc_x_r = 0.000000, inc_y_r = 1.000000, inc_x_i = 1.000000, inc_y_i = 1.000000
En el else......

----------------------------------------
x = 25.000000, y = 106.000000
avance = -107.000000, avanceR = 2.000000, avanceI = 2.000000
inc_x_r = 0.000000, inc_y_r = 1.000000, inc_x_i = 1.000000, inc_y_i = 1.000000
En el else......

----------------------------------------
x = 25.000000, y = 107.000000
avance = -105.000000, avanceR = 2.000000, avanceI = 2.000000
inc_x_r = 0.000000, inc_y_r = 1.000000, inc_x_i = 1.000000, inc_y_i = 1.000000
En el else......

----------------------------------------
x = 25.000000, y = 108.000000
avance = -103.000000, avanceR = 2.000000, avanceI = 2.000000
inc_x_r = 0.000000, inc_y_r = 1.000000, inc_x_i = 1.000000, inc_y_i = 1.000000
En el else......

----------------------------------------
x = 25.000000, y = 109.000000
avance = -101.000000, avanceR = 2.000000, avanceI = 2.000000
inc_x_r = 0.000000, inc_y_r = 1.000000, inc_x_i = 1.000000, inc_y_i = 1.000000
En el else......

----------------------------------------
x = 25.000000, y = 110.000000
avance = -99.000000, avanceR = 2.000000, avanceI = 2.000000
inc_x_r = 0.000000, inc_y_r = 1.000000, inc_x_i = 1.000000, inc_y_i = 1.000000
En el else......

----------------------------------------
x = 25.000000, y = 111.000000
avance = -97.000000, avanceR = 2.000000, avanceI = 2.000000
inc_x_r = 0.000000, inc_y_r = 1.000000, inc_x_i = 1.000000, inc_y_i = 1.000000
En el else......

----------------------------------------
x = 25.000000, y = 112.000000
avance = -95.000000, avanceR = 2.000000, avanceI = 2.000000
inc_x_r = 0.000000, inc_y_r = 1.000000, inc_x_i = 1.000000, inc_y_i = 1.000000
En el else......

----------------------------------------
x = 25.000000, y = 113.000000
avance = -93.000000, avanceR = 2.000000, avanceI = 2.000000
inc_x_r = 0.000000, inc_y_r = 1.000000, inc_x_i = 1.000000, inc_y_i = 1.000000
En el else......

----------------------------------------
x = 25.000000, y = 114.000000
avance = -91.000000, avanceR = 2.000000, avanceI = 2.000000
inc_x_r = 0.000000, inc_y_r = 1.000000, inc_x_i = 1.000000, inc_y_i = 1.000000
En el else......

----------------------------------------
x = 25.000000, y = 115.000000
avance = -89.000000, avanceR = 2.000000, avanceI = 2.000000
inc_x_r = 0.000000, inc_y_r = 1.000000, inc_x_i = 1.000000, inc_y_i = 1.000000
En el else......

----------------------------------------
x = 25.000000, y = 116.000000
avance = -87.000000, avanceR = 2.000000, avanceI = 2.000000
inc_x_r = 0.000000, inc_y_r = 1.000000, inc_x_i = 1.000000, inc_y_i = 1.000000
En el else......

----------------------------------------
x = 25.000000, y = 117.000000
avance = -85.000000, avanceR = 2.000000, avanceI = 2.000000
inc_x_r = 0.000000, inc_y_r = 1.000000, inc_x_i = 1.000000, inc_y_i = 1.000000
En el else......

----------------------------------------
x = 25.000000, y = 118.000000
avance = -83.000000, avanceR = 2.000000, avanceI = 2.000000
inc_x_r = 0.000000, inc_y_r = 1.000000, inc_x_i = 1.000000, inc_y_i = 1.000000
En el else......

----------------------------------------
x = 25.000000, y = 119.000000
avance = -81.000000, avanceR = 2.000000, avanceI = 2.000000
inc_x_r = 0.000000, inc_y_r = 1.000000, inc_x_i = 1.000000, inc_y_i = 1.000000
En el else......

----------------------------------------
x = 25.000000, y = 120.000000
avance = -79.000000, avanceR = 2.000000, avanceI = 2.000000
inc_x_r = 0.000000, inc_y_r = 1.000000, inc_x_i = 1.000000, inc_y_i = 1.000000
En el else......

----------------------------------------
x = 25.000000, y = 121.000000
avance = -77.000000, avanceR = 2.000000, avanceI = 2.000000
inc_x_r = 0.000000, inc_y_r = 1.000000, inc_x_i = 1.000000, inc_y_i = 1.000000
En el else......

----------------------------------------
x = 25.000000, y = 122.000000
avance = -75.000000, avanceR = 2.000000, avanceI = 2.000000
inc_x_r = 0.000000, inc_y_r = 1.000000, inc_x_i = 1.000000, inc_y_i = 1.000000
En el else......

----------------------------------------
x = 25.000000, y = 123.000000
avance = -73.000000, avanceR = 2.000000, avanceI = 2.000000
inc_x_r = 0.000000, inc_y_r = 1.000000, inc_x_i = 1.000000, inc_y_i = 1.000000
En el else......

----------------------------------------
x = 25.000000, y = 124.000000
avance = -71.000000, avanceR = 2.000000, avanceI = 2.000000
inc_x_r = 0.000000, inc_y_r = 1.000000, inc_x_i = 1.000000, inc_y_i = 1.000000
En el else......

----------------------------------------
x = 25.000000, y = 125.000000
avance = -69.000000, avanceR = 2.000000, avanceI = 2.000000
inc_x_r = 0.000000, inc_y_r = 1.000000, inc_x_i = 1.000000, inc_y_i = 1.000000
En el else......

----------------------------------------
x = 25.000000, y = 126.000000
avance = -67.000000, avanceR = 2.000000, avanceI = 2.000000
inc_x_r = 0.000000, inc_y_r = 1.000000, inc_x_i = 1.000000, inc_y_i = 1.000000
En el else......

----------------------------------------
x = 25.000000, y = 127.000000
avance = -65.000000, avanceR = 2.000000, avanceI = 2.000000
inc_x_r = 0.000000, inc_y_r = 1.000000, inc_x_i = 1.000000, inc_y_i = 1.000000
En el else......

----------------------------------------
x = 25.000000, y = 128.000000
avance = -63.000000, avanceR = 2.000000, avanceI = 2.000000
inc_x_r = 0.000000, inc_y_r = 1.000000, inc_x_i = 1.000000, inc_y_i = 1.000000
En el else......

----------------------------------------
x = 25.000000, y = 129.000000
avance = -61.000000, avanceR = 2.000000, avanceI = 2.000000
inc_x_r = 0.000000, inc_y_r = 1.000000, inc_x_i = 1.000000, inc_y_i = 1.000000
En el else......

----------------------------------------
x = 25.000000, y = 130.000000
avance = -59.000000, avanceR = 2.000000, avanceI = 2.000000
inc_x_r = 0.000000, inc_y_r = 1.000000, inc_x_i = 1.000000, inc_y_i = 1.000000
En el else......

----------------------------------------
x = 25.000000, y = 131.000000
avance = -57.000000, avanceR = 2.000000, avanceI = 2.000000
inc_x_r = 0.000000, inc_y_r = 1.000000, inc_x_i = 1.000000, inc_y_i = 1.000000
En el else......

----------------------------------------
x = 25.000000, y = 132.000000
avance = -55.000000, avanceR = 2.000000, avanceI = 2.000000
inc_x_r = 0.000000, inc_y_r = 1.000000, inc_x_i = 1.000000, inc_y_i = 1.000000
En el else......

----------------------------------------
x = 25.000000, y = 133.000000
avance = -53.000000, avanceR = 2.000000, avanceI = 2.000000
inc_x_r = 0.000000, inc_y_r = 1.000000, inc_x_i = 1.000000, inc_y_i = 1.000000
En el else......

----------------------------------------
x = 25.000000, y = 134.000000
avance = -51.000000, avanceR = 2.000000, avanceI = 2.000000
inc_x_r = 0.000000, inc_y_r = 1.000000, inc_x_i = 1.000000, inc_y_i = 1.000000
En el else......

----------------------------------------
x = 25.000000, y = 135.000000
avance = -49.000000, avanceR = 2.000000, avanceI = 2.000000
inc_x_r = 0.000000, inc_y_r = 1.000000, inc_x_i = 1.000000, inc_y_i = 1.000000
En el else......

----------------------------------------
x = 25.000000, y = 136.000000
avance = -47.000000, avanceR = 2.000000, avanceI = 2.000000
inc_x_r = 0.000000, inc_y_r = 1.000000, inc_x_i = 1.000000, inc_y_i = 1.000000
En el else......

----------------------------------------
x = 25.000000, y = 137.000000
avance = -45.000000, avanceR = 2.000000, avanceI = 2.000000
inc_x_r = 0.000000, inc_y_r = 1.000000, inc_x_i = 1.000000, inc_y_i = 1.000000
En el else......

----------------------------------------
x = 25.000000, y = 138.000000
avance = -43.000000, avanceR = 2.000000, avanceI = 2.000000
inc_x_r = 0.000000, inc_y_r = 1.000000, inc_x_i = 1.000000, inc_y_i = 1.000000
En el else......

----------------------------------------
x = 25.000000, y = 139.000000
avance = -41.000000, avanceR = 2.000000, avanceI = 2.000000
inc_x_r = 0.000000, inc_y_r = 1.000000, inc_x_i = 1.000000, inc_y_i = 1.000000
En el else......

----------------------------------------
x = 25.000000, y = 140.000000
avance = -39.000000, avanceR = 2.000000, avanceI = 2.000000
inc_x_r = 0.000000, inc_y_r = 1.000000, inc_x_i = 1.000000, inc_y_i = 1.000000
En el else......

----------------------------------------
x = 25.000000, y = 141.000000
avance = -37.000000, avanceR = 2.000000, avanceI = 2.000000
inc_x_r = 0.000000, inc_y_r = 1.000000, inc_x_i = 1.000000, inc_y_i = 1.000000
En el else......

----------------------------------------
x = 25.000000, y = 142.000000
avance = -35.000000, avanceR = 2.000000, avanceI = 2.000000
inc_x_r = 0.000000, inc_y_r = 1.000000, inc_x_i = 1.000000, inc_y_i = 1.000000
En el else......

----------------------------------------
x = 25.000000, y = 143.000000
avance = -33.000000, avanceR = 2.000000, avanceI = 2.000000
inc_x_r = 0.000000, inc_y_r = 1.000000, inc_x_i = 1.000000, inc_y_i = 1.000000
En el else......

----------------------------------------
x = 25.000000, y = 144.000000
avance = -31.000000, avanceR = 2.000000, avanceI = 2.000000
inc_x_r = 0.000000, inc_y_r = 1.000000, inc_x_i = 1.000000, inc_y_i = 1.000000
En el else......

----------------------------------------
x = 25.000000, y = 145.000000
avance = -29.000000, avanceR = 2.000000, avanceI = 2.000000
inc_x_r = 0.000000, inc_y_r = 1.000000, inc_x_i = 1.000000, inc_y_i = 1.000000
En el else......

----------------------------------------
x = 25.000000, y = 146.000000
avance = -27.000000, avanceR = 2.000000, avanceI = 2.000000
inc_x_r = 0.000000, inc_y_r = 1.000000, inc_x_i = 1.000000, inc_y_i = 1.000000
En el else......

----------------------------------------
x = 25.000000, y = 147.000000
avance = -25.000000, avanceR = 2.000000, avanceI = 2.000000
inc_x_r = 0.000000, inc_y_r = 1.000000, inc_x_i = 1.000000, inc_y_i = 1.000000
En el else......

----------------------------------------
x = 25.000000, y = 148.000000
avance = -23.000000, avanceR = 2.000000, avanceI = 2.000000
inc_x_r = 0.000000, inc_y_r = 1.000000, inc_x_i = 1.000000, inc_y_i = 1.000000
En el else......

----------------------------------------
x = 25.000000, y = 149.000000
avance = -21.000000, avanceR = 2.000000, avanceI = 2.000000
inc_x_r = 0.000000, inc_y_r = 1.000000, inc_x_i = 1.000000, inc_y_i = 1.000000
En el else......

----------------------------------------
x = 25.000000, y = 150.000000
avance = -19.000000, avanceR = 2.000000, avanceI = 2.000000
inc_x_r = 0.000000, inc_y_r = 1.000000, inc_x_i = 1.000000, inc_y_i = 1.000000
En el else......

----------------------------------------
x = 25.000000, y = 151.000000
avance = -17.000000, avanceR = 2.000000, avanceI = 2.000000
inc_x_r = 0.000000, inc_y_r = 1.000000, inc_x_i = 1.000000, inc_y_i = 1.000000
En el else......

----------------------------------------
x = 25.000000, y = 152.000000
avance = -15.000000, avanceR = 2.000000, avanceI = 2.000000
inc_x_r = 0.000000, inc_y_r = 1.000000, inc_x_i = 1.000000, inc_y_i = 1.000000
En el else......

----------------------------------------
x = 25.000000, y = 153.000000
avance = -13.000000, avanceR = 2.000000, avanceI = 2.000000
inc_x_r = 0.000000, inc_y_r = 1.000000, inc_x_i = 1.000000, inc_y_i = 1.000000
En el else......

----------------------------------------
x = 25.000000, y = 154.000000
avance = -11.000000, avanceR = 2.000000, avanceI = 2.000000
inc_x_r = 0.000000, inc_y_r = 1.000000, inc_x_i = 1.000000, inc_y_i = 1.000000
En el else......

----------------------------------------
x = 25.000000, y = 155.000000
avance = -9.000000, avanceR = 2.000000, avanceI = 2.000000
inc_x_r = 0.000000, inc_y_r = 1.000000, inc_x_i = 1.000000, inc_y_i = 1.000000
En el else......

----------------------------------------
x = 25.000000, y = 156.000000
avance = -7.000000, avanceR = 2.000000, avanceI = 2.000000
inc_x_r = 0.000000, inc_y_r = 1.000000, inc_x_i = 1.000000, inc_y_i = 1.000000
En el else......

----------------------------------------
x = 25.000000, y = 157.000000
avance = -5.000000, avanceR = 2.000000, avanceI = 2.000000
inc_x_r = 0.000000, inc_y_r = 1.000000, inc_x_i = 1.000000, inc_y_i = 1.000000
En el else......

----------------------------------------
x = 25.000000, y = 158.000000
avance = -3.000000, avanceR = 2.000000, avanceI = 2.000000
inc_x_r = 0.000000, inc_y_r = 1.000000, inc_x_i = 1.000000, inc_y_i = 1.000000
En el else......

----------------------------------------
x = 25.000000, y = 159.000000
avance = -1.000000, avanceR = 2.000000, avanceI = 2.000000
inc_x_r = 0.000000, inc_y_r = 1.000000, inc_x_i = 1.000000, inc_y_i = 1.000000
En el else......

----------------------------------------
x = 25.000000, y = 160.000000
avance = 1.000000, avanceR = 2.000000, avanceI = 2.000000
inc_x_r = 0.000000, inc_y_r = 1.000000, inc_x_i = 1.000000, inc_y_i = 1.000000
avance >= 0

----------------------------------------
x = 26.000000, y = 161.000000
avance = -499.000000, avanceR = 2.000000, avanceI = 2.000000
inc_x_r = 0.000000, inc_y_r = 1.000000, inc_x_i = 1.000000, inc_y_i = 1.000000
En el else......

----------------------------------------
x = 26.000000, y = 162.000000
avance = -497.000000, avanceR = 2.000000, avanceI = 2.000000
inc_x_r = 0.000000, inc_y_r = 1.000000, inc_x_i = 1.000000, inc_y_i = 1.000000
En el else......

----------------------------------------
x = 26.000000, y = 163.000000
avance = -495.000000, avanceR = 2.000000, avanceI = 2.000000
inc_x_r = 0.000000, inc_y_r = 1.000000, inc_x_i = 1.000000, inc_y_i = 1.000000
En el else......

----------------------------------------
x = 26.000000, y = 164.000000
avance = -493.000000, avanceR = 2.000000, avanceI = 2.000000
inc_x_r = 0.000000, inc_y_r = 1.000000, inc_x_i = 1.000000, inc_y_i = 1.000000
En el else......

----------------------------------------
x = 26.000000, y = 165.000000
avance = -491.000000, avanceR = 2.000000, avanceI = 2.000000
inc_x_r = 0.000000, inc_y_r = 1.000000, inc_x_i = 1.000000, inc_y_i = 1.000000
En el else......

----------------------------------------
x = 26.000000, y = 166.000000
avance = -489.000000, avanceR = 2.000000, avanceI = 2.000000
inc_x_r = 0.000000, inc_y_r = 1.000000, inc_x_i = 1.000000, inc_y_i = 1.000000
En el else......

----------------------------------------
x = 26.000000, y = 167.000000
avance = -487.000000, avanceR = 2.000000, avanceI = 2.000000
inc_x_r = 0.000000, inc_y_r = 1.000000, inc_x_i = 1.000000, inc_y_i = 1.000000
En el else......

----------------------------------------
x = 26.000000, y = 168.000000
avance = -485.000000, avanceR = 2.000000, avanceI = 2.000000
inc_x_r = 0.000000, inc_y_r = 1.000000, inc_x_i = 1.000000, inc_y_i = 1.000000
En el else......

----------------------------------------
x = 26.000000, y = 169.000000
avance = -483.000000, avanceR = 2.000000, avanceI = 2.000000
inc_x_r = 0.000000, inc_y_r = 1.000000, inc_x_i = 1.000000, inc_y_i = 1.000000
En el else......

----------------------------------------
x = 26.000000, y = 170.000000
avance = -481.000000, avanceR = 2.000000, avanceI = 2.000000
inc_x_r = 0.000000, inc_y_r = 1.000000, inc_x_i = 1.000000, inc_y_i = 1.000000
En el else......

----------------------------------------
x = 26.000000, y = 171.000000
avance = -479.000000, avanceR = 2.000000, avanceI = 2.000000
inc_x_r = 0.000000, inc_y_r = 1.000000, inc_x_i = 1.000000, inc_y_i = 1.000000
En el else......

----------------------------------------
x = 26.000000, y = 172.000000
avance = -477.000000, avanceR = 2.000000, avanceI = 2.000000
inc_x_r = 0.000000, inc_y_r = 1.000000, inc_x_i = 1.000000, inc_y_i = 1.000000
En el else......

----------------------------------------
x = 26.000000, y = 173.000000
avance = -475.000000, avanceR = 2.000000, avanceI = 2.000000
inc_x_r = 0.000000, inc_y_r = 1.000000, inc_x_i = 1.000000, inc_y_i = 1.000000
En el else......

----------------------------------------
x = 26.000000, y = 174.000000
avance = -473.000000, avanceR = 2.000000, avanceI = 2.000000
inc_x_r = 0.000000, inc_y_r = 1.000000, inc_x_i = 1.000000, inc_y_i = 1.000000
En el else......

----------------------------------------
x = 26.000000, y = 175.000000
avance = -471.000000, avanceR = 2.000000, avanceI = 2.000000
inc_x_r = 0.000000, inc_y_r = 1.000000, inc_x_i = 1.000000, inc_y_i = 1.000000
En el else......

----------------------------------------
x = 26.000000, y = 176.000000
avance = -469.000000, avanceR = 2.000000, avanceI = 2.000000
inc_x_r = 0.000000, inc_y_r = 1.000000, inc_x_i = 1.000000, inc_y_i = 1.000000
En el else......

----------------------------------------
x = 26.000000, y = 177.000000
avance = -467.000000, avanceR = 2.000000, avanceI = 2.000000
inc_x_r = 0.000000, inc_y_r = 1.000000, inc_x_i = 1.000000, inc_y_i = 1.000000
En el else......

----------------------------------------
x = 26.000000, y = 178.000000
avance = -465.000000, avanceR = 2.000000, avanceI = 2.000000
inc_x_r = 0.000000, inc_y_r = 1.000000, inc_x_i = 1.000000, inc_y_i = 1.000000
En el else......

----------------------------------------
x = 26.000000, y = 179.000000
avance = -463.000000, avanceR = 2.000000, avanceI = 2.000000
inc_x_r = 0.000000, inc_y_r = 1.000000, inc_x_i = 1.000000, inc_y_i = 1.000000
En el else......

----------------------------------------
x = 26.000000, y = 180.000000
avance = -461.000000, avanceR = 2.000000, avanceI = 2.000000
inc_x_r = 0.000000, inc_y_r = 1.000000, inc_x_i = 1.000000, inc_y_i = 1.000000
En el else......

----------------------------------------
x = 26.000000, y = 181.000000
avance = -459.000000, avanceR = 2.000000, avanceI = 2.000000
inc_x_r = 0.000000, inc_y_r = 1.000000, inc_x_i = 1.000000, inc_y_i = 1.000000
En el else......

----------------------------------------
x = 26.000000, y = 182.000000
avance = -457.000000, avanceR = 2.000000, avanceI = 2.000000
inc_x_r = 0.000000, inc_y_r = 1.000000, inc_x_i = 1.000000, inc_y_i = 1.000000
En el else......

----------------------------------------
x = 26.000000, y = 183.000000
avance = -455.000000, avanceR = 2.000000, avanceI = 2.000000
inc_x_r = 0.000000, inc_y_r = 1.000000, inc_x_i = 1.000000, inc_y_i = 1.000000
En el else......

----------------------------------------
x = 26.000000, y = 184.000000
avance = -453.000000, avanceR = 2.000000, avanceI = 2.000000
inc_x_r = 0.000000, inc_y_r = 1.000000, inc_x_i = 1.000000, inc_y_i = 1.000000
En el else......

----------------------------------------
x = 26.000000, y = 185.000000
avance = -451.000000, avanceR = 2.000000, avanceI = 2.000000
inc_x_r = 0.000000, inc_y_r = 1.000000, inc_x_i = 1.000000, inc_y_i = 1.000000
En el else......

----------------------------------------
x = 26.000000, y = 186.000000
avance = -449.000000, avanceR = 2.000000, avanceI = 2.000000
inc_x_r = 0.000000, inc_y_r = 1.000000, inc_x_i = 1.000000, inc_y_i = 1.000000
En el else......

----------------------------------------
x = 26.000000, y = 187.000000
avance = -447.000000, avanceR = 2.000000, avanceI = 2.000000
inc_x_r = 0.000000, inc_y_r = 1.000000, inc_x_i = 1.000000, inc_y_i = 1.000000
En el else......

----------------------------------------
x = 26.000000, y = 188.000000
avance = -445.000000, avanceR = 2.000000, avanceI = 2.000000
inc_x_r = 0.000000, inc_y_r = 1.000000, inc_x_i = 1.000000, inc_y_i = 1.000000
En el else......

----------------------------------------
x = 26.000000, y = 189.000000
avance = -443.000000, avanceR = 2.000000, avanceI = 2.000000
inc_x_r = 0.000000, inc_y_r = 1.000000, inc_x_i = 1.000000, inc_y_i = 1.000000
En el else......

----------------------------------------
x = 26.000000, y = 190.000000
avance = -441.000000, avanceR = 2.000000, avanceI = 2.000000
inc_x_r = 0.000000, inc_y_r = 1.000000, inc_x_i = 1.000000, inc_y_i = 1.000000
En el else......

----------------------------------------
x = 26.000000, y = 191.000000
avance = -439.000000, avanceR = 2.000000, avanceI = 2.000000
inc_x_r = 0.000000, inc_y_r = 1.000000, inc_x_i = 1.000000, inc_y_i = 1.000000
En el else......

----------------------------------------
x = 26.000000, y = 192.000000
avance = -437.000000, avanceR = 2.000000, avanceI = 2.000000
inc_x_r = 0.000000, inc_y_r = 1.000000, inc_x_i = 1.000000, inc_y_i = 1.000000
En el else......

----------------------------------------
x = 26.000000, y = 193.000000
avance = -435.000000, avanceR = 2.000000, avanceI = 2.000000
inc_x_r = 0.000000, inc_y_r = 1.000000, inc_x_i = 1.000000, inc_y_i = 1.000000
En el else......

----------------------------------------
x = 26.000000, y = 194.000000
avance = -433.000000, avanceR = 2.000000, avanceI = 2.000000
inc_x_r = 0.000000, inc_y_r = 1.000000, inc_x_i = 1.000000, inc_y_i = 1.000000
En el else......

----------------------------------------
x = 26.000000, y = 195.000000
avance = -431.000000, avanceR = 2.000000, avanceI = 2.000000
inc_x_r = 0.000000, inc_y_r = 1.000000, inc_x_i = 1.000000, inc_y_i = 1.000000
En el else......

----------------------------------------
x = 26.000000, y = 196.000000
avance = -429.000000, avanceR = 2.000000, avanceI = 2.000000
inc_x_r = 0.000000, inc_y_r = 1.000000, inc_x_i = 1.000000, inc_y_i = 1.000000
En el else......

----------------------------------------
x = 26.000000, y = 197.000000
avance = -427.000000, avanceR = 2.000000, avanceI = 2.000000
inc_x_r = 0.000000, inc_y_r = 1.000000, inc_x_i = 1.000000, inc_y_i = 1.000000
En el else......

----------------------------------------
x = 26.000000, y = 198.000000
avance = -425.000000, avanceR = 2.000000, avanceI = 2.000000
inc_x_r = 0.000000, inc_y_r = 1.000000, inc_x_i = 1.000000, inc_y_i = 1.000000
En el else......

----------------------------------------
x = 26.000000, y = 199.000000
avance = -423.000000, avanceR = 2.000000, avanceI = 2.000000
inc_x_r = 0.000000, inc_y_r = 1.000000, inc_x_i = 1.000000, inc_y_i = 1.000000
En el else......

----------------------------------------
x = 26.000000, y = 200.000000
avance = -421.000000, avanceR = 2.000000, avanceI = 2.000000
inc_x_r = 0.000000, inc_y_r = 1.000000, inc_x_i = 1.000000, inc_y_i = 1.000000
En el else......

----------------------------------------
x = 26.000000, y = 201.000000
avance = -419.000000, avanceR = 2.000000, avanceI = 2.000000
inc_x_r = 0.000000, inc_y_r = 1.000000, inc_x_i = 1.000000, inc_y_i = 1.000000
En el else......

----------------------------------------
x = 26.000000, y = 202.000000
avance = -417.000000, avanceR = 2.000000, avanceI = 2.000000
inc_x_r = 0.000000, inc_y_r = 1.000000, inc_x_i = 1.000000, inc_y_i = 1.000000
En el else......

----------------------------------------
x = 26.000000, y = 203.000000
avance = -415.000000, avanceR = 2.000000, avanceI = 2.000000
inc_x_r = 0.000000, inc_y_r = 1.000000, inc_x_i = 1.000000, inc_y_i = 1.000000
En el else......

----------------------------------------
x = 26.000000, y = 204.000000
avance = -413.000000, avanceR = 2.000000, avanceI = 2.000000
inc_x_r = 0.000000, inc_y_r = 1.000000, inc_x_i = 1.000000, inc_y_i = 1.000000
En el else......

----------------------------------------
x = 26.000000, y = 205.000000
avance = -411.000000, avanceR = 2.000000, avanceI = 2.000000
inc_x_r = 0.000000, inc_y_r = 1.000000, inc_x_i = 1.000000, inc_y_i = 1.000000
En el else......

----------------------------------------
x = 26.000000, y = 206.000000
avance = -409.000000, avanceR = 2.000000, avanceI = 2.000000
inc_x_r = 0.000000, inc_y_r = 1.000000, inc_x_i = 1.000000, inc_y_i = 1.000000
En el else......

----------------------------------------
x = 26.000000, y = 207.000000
avance = -407.000000, avanceR = 2.000000, avanceI = 2.000000
inc_x_r = 0.000000, inc_y_r = 1.000000, inc_x_i = 1.000000, inc_y_i = 1.000000
En el else......

----------------------------------------
x = 26.000000, y = 208.000000
avance = -405.000000, avanceR = 2.000000, avanceI = 2.000000
inc_x_r = 0.000000, inc_y_r = 1.000000, inc_x_i = 1.000000, inc_y_i = 1.000000
En el else......

----------------------------------------
x = 26.000000, y = 209.000000
avance = -403.000000, avanceR = 2.000000, avanceI = 2.000000
inc_x_r = 0.000000, inc_y_r = 1.000000, inc_x_i = 1.000000, inc_y_i = 1.000000
En el else......

----------------------------------------
x = 26.000000, y = 210.000000
avance = -401.000000, avanceR = 2.000000, avanceI = 2.000000
inc_x_r = 0.000000, inc_y_r = 1.000000, inc_x_i = 1.000000, inc_y_i = 1.000000
En el else......

----------------------------------------
x = 26.000000, y = 211.000000
avance = -399.000000, avanceR = 2.000000, avanceI = 2.000000
inc_x_r = 0.000000, inc_y_r = 1.000000, inc_x_i = 1.000000, inc_y_i = 1.000000
En el else......

----------------------------------------
x = 26.000000, y = 212.000000
avance = -397.000000, avanceR = 2.000000, avanceI = 2.000000
inc_x_r = 0.000000, inc_y_r = 1.000000, inc_x_i = 1.000000, inc_y_i = 1.000000
En el else......

----------------------------------------
x = 26.000000, y = 213.000000
avance = -395.000000, avanceR = 2.000000, avanceI = 2.000000
inc_x_r = 0.000000, inc_y_r = 1.000000, inc_x_i = 1.000000, inc_y_i = 1.000000
En el else......

----------------------------------------
x = 26.000000, y = 214.000000
avance = -393.000000, avanceR = 2.000000, avanceI = 2.000000
inc_x_r = 0.000000, inc_y_r = 1.000000, inc_x_i = 1.000000, inc_y_i = 1.000000
En el else......

----------------------------------------
x = 26.000000, y = 215.000000
avance = -391.000000, avanceR = 2.000000, avanceI = 2.000000
inc_x_r = 0.000000, inc_y_r = 1.000000, inc_x_i = 1.000000, inc_y_i = 1.000000
En el else......

----------------------------------------
x = 26.000000, y = 216.000000
avance = -389.000000, avanceR = 2.000000, avanceI = 2.000000
inc_x_r = 0.000000, inc_y_r = 1.000000, inc_x_i = 1.000000, inc_y_i = 1.000000
En el else......

----------------------------------------
x = 26.000000, y = 217.000000
avance = -387.000000, avanceR = 2.000000, avanceI = 2.000000
inc_x_r = 0.000000, inc_y_r = 1.000000, inc_x_i = 1.000000, inc_y_i = 1.000000
En el else......

----------------------------------------
x = 26.000000, y = 218.000000
avance = -385.000000, avanceR = 2.000000, avanceI = 2.000000
inc_x_r = 0.000000, inc_y_r = 1.000000, inc_x_i = 1.000000, inc_y_i = 1.000000
En el else......

----------------------------------------
x = 26.000000, y = 219.000000
avance = -383.000000, avanceR = 2.000000, avanceI = 2.000000
inc_x_r = 0.000000, inc_y_r = 1.000000, inc_x_i = 1.000000, inc_y_i = 1.000000
En el else......

----------------------------------------
x = 26.000000, y = 220.000000
avance = -381.000000, avanceR = 2.000000, avanceI = 2.000000
inc_x_r = 0.000000, inc_y_r = 1.000000, inc_x_i = 1.000000, inc_y_i = 1.000000
En el else......

----------------------------------------
x = 26.000000, y = 221.000000
avance = -379.000000, avanceR = 2.000000, avanceI = 2.000000
inc_x_r = 0.000000, inc_y_r = 1.000000, inc_x_i = 1.000000, inc_y_i = 1.000000
En el else......

----------------------------------------
x = 26.000000, y = 222.000000
avance = -377.000000, avanceR = 2.000000, avanceI = 2.000000
inc_x_r = 0.000000, inc_y_r = 1.000000, inc_x_i = 1.000000, inc_y_i = 1.000000
En el else......

----------------------------------------
x = 26.000000, y = 223.000000
avance = -375.000000, avanceR = 2.000000, avanceI = 2.000000
inc_x_r = 0.000000, inc_y_r = 1.000000, inc_x_i = 1.000000, inc_y_i = 1.000000
En el else......

----------------------------------------
x = 26.000000, y = 224.000000
avance = -373.000000, avanceR = 2.000000, avanceI = 2.000000
inc_x_r = 0.000000, inc_y_r = 1.000000, inc_x_i = 1.000000, inc_y_i = 1.000000
En el else......

----------------------------------------
x = 26.000000, y = 225.000000
avance = -371.000000, avanceR = 2.000000, avanceI = 2.000000
inc_x_r = 0.000000, inc_y_r = 1.000000, inc_x_i = 1.000000, inc_y_i = 1.000000
En el else......

----------------------------------------
x = 26.000000, y = 226.000000
avance = -369.000000, avanceR = 2.000000, avanceI = 2.000000
inc_x_r = 0.000000, inc_y_r = 1.000000, inc_x_i = 1.000000, inc_y_i = 1.000000
En el else......

----------------------------------------
x = 26.000000, y = 227.000000
avance = -367.000000, avanceR = 2.000000, avanceI = 2.000000
inc_x_r = 0.000000, inc_y_r = 1.000000, inc_x_i = 1.000000, inc_y_i = 1.000000
En el else......

----------------------------------------
x = 26.000000, y = 228.000000
avance = -365.000000, avanceR = 2.000000, avanceI = 2.000000
inc_x_r = 0.000000, inc_y_r = 1.000000, inc_x_i = 1.000000, inc_y_i = 1.000000
En el else......

----------------------------------------
x = 26.000000, y = 229.000000
avance = -363.000000, avanceR = 2.000000, avanceI = 2.000000
inc_x_r = 0.000000, inc_y_r = 1.000000, inc_x_i = 1.000000, inc_y_i = 1.000000
En el else......

----------------------------------------
x = 26.000000, y = 230.000000
avance = -361.000000, avanceR = 2.000000, avanceI = 2.000000
inc_x_r = 0.000000, inc_y_r = 1.000000, inc_x_i = 1.000000, inc_y_i = 1.000000
En el else......

----------------------------------------
x = 26.000000, y = 231.000000
avance = -359.000000, avanceR = 2.000000, avanceI = 2.000000
inc_x_r = 0.000000, inc_y_r = 1.000000, inc_x_i = 1.000000, inc_y_i = 1.000000
En el else......

----------------------------------------
x = 26.000000, y = 232.000000
avance = -357.000000, avanceR = 2.000000, avanceI = 2.000000
inc_x_r = 0.000000, inc_y_r = 1.000000, inc_x_i = 1.000000, inc_y_i = 1.000000
En el else......

----------------------------------------
x = 26.000000, y = 233.000000
avance = -355.000000, avanceR = 2.000000, avanceI = 2.000000
inc_x_r = 0.000000, inc_y_r = 1.000000, inc_x_i = 1.000000, inc_y_i = 1.000000
En el else......

----------------------------------------
x = 26.000000, y = 234.000000
avance = -353.000000, avanceR = 2.000000, avanceI = 2.000000
inc_x_r = 0.000000, inc_y_r = 1.000000, inc_x_i = 1.000000, inc_y_i = 1.000000
En el else......

----------------------------------------
x = 26.000000, y = 235.000000
avance = -351.000000, avanceR = 2.000000, avanceI = 2.000000
inc_x_r = 0.000000, inc_y_r = 1.000000, inc_x_i = 1.000000, inc_y_i = 1.000000
En el else......

----------------------------------------
x = 26.000000, y = 236.000000
avance = -349.000000, avanceR = 2.000000, avanceI = 2.000000
inc_x_r = 0.000000, inc_y_r = 1.000000, inc_x_i = 1.000000, inc_y_i = 1.000000
En el else......

----------------------------------------
x = 26.000000, y = 237.000000
avance = -347.000000, avanceR = 2.000000, avanceI = 2.000000
inc_x_r = 0.000000, inc_y_r = 1.000000, inc_x_i = 1.000000, inc_y_i = 1.000000
En el else......

----------------------------------------
x = 26.000000, y = 238.000000
avance = -345.000000, avanceR = 2.000000, avanceI = 2.000000
inc_x_r = 0.000000, inc_y_r = 1.000000, inc_x_i = 1.000000, inc_y_i = 1.000000
En el else......

----------------------------------------
x = 26.000000, y = 239.000000
avance = -343.000000, avanceR = 2.000000, avanceI = 2.000000
inc_x_r = 0.000000, inc_y_r = 1.000000, inc_x_i = 1.000000, inc_y_i = 1.000000
En el else......

----------------------------------------
x = 26.000000, y = 240.000000
avance = -341.000000, avanceR = 2.000000, avanceI = 2.000000
inc_x_r = 0.000000, inc_y_r = 1.000000, inc_x_i = 1.000000, inc_y_i = 1.000000
En el else......

----------------------------------------
x = 26.000000, y = 241.000000
avance = -339.000000, avanceR = 2.000000, avanceI = 2.000000
inc_x_r = 0.000000, inc_y_r = 1.000000, inc_x_i = 1.000000, inc_y_i = 1.000000
En el else......

----------------------------------------
x = 26.000000, y = 242.000000
avance = -337.000000, avanceR = 2.000000, avanceI = 2.000000
inc_x_r = 0.000000, inc_y_r = 1.000000, inc_x_i = 1.000000, inc_y_i = 1.000000
En el else......

----------------------------------------
x = 26.000000, y = 243.000000
avance = -335.000000, avanceR = 2.000000, avanceI = 2.000000
inc_x_r = 0.000000, inc_y_r = 1.000000, inc_x_i = 1.000000, inc_y_i = 1.000000
En el else......

----------------------------------------
x = 26.000000, y = 244.000000
avance = -333.000000, avanceR = 2.000000, avanceI = 2.000000
inc_x_r = 0.000000, inc_y_r = 1.000000, inc_x_i = 1.000000, inc_y_i = 1.000000
En el else......

----------------------------------------
x = 26.000000, y = 245.000000
avance = -331.000000, avanceR = 2.000000, avanceI = 2.000000
inc_x_r = 0.000000, inc_y_r = 1.000000, inc_x_i = 1.000000, inc_y_i = 1.000000
En el else......

----------------------------------------
x = 26.000000, y = 246.000000
avance = -329.000000, avanceR = 2.000000, avanceI = 2.000000
inc_x_r = 0.000000, inc_y_r = 1.000000, inc_x_i = 1.000000, inc_y_i = 1.000000
En el else......

----------------------------------------
x = 26.000000, y = 247.000000
avance = -327.000000, avanceR = 2.000000, avanceI = 2.000000
inc_x_r = 0.000000, inc_y_r = 1.000000, inc_x_i = 1.000000, inc_y_i = 1.000000
En el else......

----------------------------------------
x = 26.000000, y = 248.000000
avance = -325.000000, avanceR = 2.000000, avanceI = 2.000000
inc_x_r = 0.000000, inc_y_r = 1.000000, inc_x_i = 1.000000, inc_y_i = 1.000000
En el else......

----------------------------------------
x = 26.000000, y = 249.000000
avance = -323.000000, avanceR = 2.000000, avanceI = 2.000000
inc_x_r = 0.000000, inc_y_r = 1.000000, inc_x_i = 1.000000, inc_y_i = 1.000000
En el else......

----------------------------------------
x = 26.000000, y = 250.000000
avance = -321.000000, avanceR = 2.000000, avanceI = 2.000000
inc_x_r = 0.000000, inc_y_r = 1.000000, inc_x_i = 1.000000, inc_y_i = 1.000000
En el else......

----------------------------------------
x = 26.000000, y = 251.000000
avance = -319.000000, avanceR = 2.000000, avanceI = 2.000000
inc_x_r = 0.000000, inc_y_r = 1.000000, inc_x_i = 1.000000, inc_y_i = 1.000000
En el else......

----------------------------------------
x = 26.000000, y = 252.000000
avance = -317.000000, avanceR = 2.000000, avanceI = 2.000000
inc_x_r = 0.000000, inc_y_r = 1.000000, inc_x_i = 1.000000, inc_y_i = 1.000000
En el else......

----------------------------------------
x = 26.000000, y = 253.000000
avance = -315.000000, avanceR = 2.000000, avanceI = 2.000000
inc_x_r = 0.000000, inc_y_r = 1.000000, inc_x_i = 1.000000, inc_y_i = 1.000000
En el else......

----------------------------------------
x = 26.000000, y = 254.000000
avance = -313.000000, avanceR = 2.000000, avanceI = 2.000000
inc_x_r = 0.000000, inc_y_r = 1.000000, inc_x_i = 1.000000, inc_y_i = 1.000000
En el else......

----------------------------------------
x = 26.000000, y = 255.000000
avance = -311.000000, avanceR = 2.000000, avanceI = 2.000000
inc_x_r = 0.000000, inc_y_r = 1.000000, inc_x_i = 1.000000, inc_y_i = 1.000000
En el else......

----------------------------------------
x = 26.000000, y = 256.000000
avance = -309.000000, avanceR = 2.000000, avanceI = 2.000000
inc_x_r = 0.000000, inc_y_r = 1.000000, inc_x_i = 1.000000, inc_y_i = 1.000000
En el else......

----------------------------------------
x = 26.000000, y = 257.000000
avance = -307.000000, avanceR = 2.000000, avanceI = 2.000000
inc_x_r = 0.000000, inc_y_r = 1.000000, inc_x_i = 1.000000, inc_y_i = 1.000000
En el else......

----------------------------------------
x = 26.000000, y = 258.000000
avance = -305.000000, avanceR = 2.000000, avanceI = 2.000000
inc_x_r = 0.000000, inc_y_r = 1.000000, inc_x_i = 1.000000, inc_y_i = 1.000000
En el else......

----------------------------------------
x = 26.000000, y = 259.000000
avance = -303.000000, avanceR = 2.000000, avanceI = 2.000000
inc_x_r = 0.000000, inc_y_r = 1.000000, inc_x_i = 1.000000, inc_y_i = 1.000000
En el else......

----------------------------------------
x = 26.000000, y = 260.000000
avance = -301.000000, avanceR = 2.000000, avanceI = 2.000000
inc_x_r = 0.000000, inc_y_r = 1.000000, inc_x_i = 1.000000, inc_y_i = 1.000000
En el else......

----------------------------------------
x = 26.000000, y = 261.000000
avance = -299.000000, avanceR = 2.000000, avanceI = 2.000000
inc_x_r = 0.000000, inc_y_r = 1.000000, inc_x_i = 1.000000, inc_y_i = 1.000000
En el else......

----------------------------------------
x = 26.000000, y = 262.000000
avance = -297.000000, avanceR = 2.000000, avanceI = 2.000000
inc_x_r = 0.000000, inc_y_r = 1.000000, inc_x_i = 1.000000, inc_y_i = 1.000000
En el else......

----------------------------------------
x = 26.000000, y = 263.000000
avance = -295.000000, avanceR = 2.000000, avanceI = 2.000000
inc_x_r = 0.000000, inc_y_r = 1.000000, inc_x_i = 1.000000, inc_y_i = 1.000000
En el else......

----------------------------------------
x = 26.000000, y = 264.000000
avance = -293.000000, avanceR = 2.000000, avanceI = 2.000000
inc_x_r = 0.000000, inc_y_r = 1.000000, inc_x_i = 1.000000, inc_y_i = 1.000000
En el else......

----------------------------------------
x = 26.000000, y = 265.000000
avance = -291.000000, avanceR = 2.000000, avanceI = 2.000000
inc_x_r = 0.000000, inc_y_r = 1.000000, inc_x_i = 1.000000, inc_y_i = 1.000000
En el else......

----------------------------------------
x = 26.000000, y = 266.000000
avance = -289.000000, avanceR = 2.000000, avanceI = 2.000000
inc_x_r = 0.000000, inc_y_r = 1.000000, inc_x_i = 1.000000, inc_y_i = 1.000000
En el else......

----------------------------------------
x = 26.000000, y = 267.000000
avance = -287.000000, avanceR = 2.000000, avanceI = 2.000000
inc_x_r = 0.000000, inc_y_r = 1.000000, inc_x_i = 1.000000, inc_y_i = 1.000000
En el else......

----------------------------------------
x = 26.000000, y = 268.000000
avance = -285.000000, avanceR = 2.000000, avanceI = 2.000000
inc_x_r = 0.000000, inc_y_r = 1.000000, inc_x_i = 1.000000, inc_y_i = 1.000000
En el else......

----------------------------------------
x = 26.000000, y = 269.000000
avance = -283.000000, avanceR = 2.000000, avanceI = 2.000000
inc_x_r = 0.000000, inc_y_r = 1.000000, inc_x_i = 1.000000, inc_y_i = 1.000000
En el else......

----------------------------------------
x = 26.000000, y = 270.000000
avance = -281.000000, avanceR = 2.000000, avanceI = 2.000000
inc_x_r = 0.000000, inc_y_r = 1.000000, inc_x_i = 1.000000, inc_y_i = 1.000000
En el else......

----------------------------------------
x = 26.000000, y = 271.000000
avance = -279.000000, avanceR = 2.000000, avanceI = 2.000000
inc_x_r = 0.000000, inc_y_r = 1.000000, inc_x_i = 1.000000, inc_y_i = 1.000000
En el else......

----------------------------------------
x = 26.000000, y = 272.000000
avance = -277.000000, avanceR = 2.000000, avanceI = 2.000000
inc_x_r = 0.000000, inc_y_r = 1.000000, inc_x_i = 1.000000, inc_y_i = 1.000000
En el else......

----------------------------------------
x = 26.000000, y = 273.000000
avance = -275.000000, avanceR = 2.000000, avanceI = 2.000000
inc_x_r = 0.000000, inc_y_r = 1.000000, inc_x_i = 1.000000, inc_y_i = 1.000000
En el else......

----------------------------------------
x = 26.000000, y = 274.000000
avance = -273.000000, avanceR = 2.000000, avanceI = 2.000000
inc_x_r = 0.000000, inc_y_r = 1.000000, inc_x_i = 1.000000, inc_y_i = 1.000000
En el else......

----------------------------------------
x = 26.000000, y = 275.000000
avance = -271.000000, avanceR = 2.000000, avanceI = 2.000000
inc_x_r = 0.000000, inc_y_r = 1.000000, inc_x_i = 1.000000, inc_y_i = 1.000000
En el else......

----------------------------------------
x = 26.000000, y = 276.000000
avance = -269.000000, avanceR = 2.000000, avanceI = 2.000000
inc_x_r = 0.000000, inc_y_r = 1.000000, inc_x_i = 1.000000, inc_y_i = 1.000000
En el else......

----------------------------------------
x = 26.000000, y = 277.000000
avance = -267.000000, avanceR = 2.000000, avanceI = 2.000000
inc_x_r = 0.000000, inc_y_r = 1.000000, inc_x_i = 1.000000, inc_y_i = 1.000000
En el else......

----------------------------------------
x = 26.000000, y = 278.000000
avance = -265.000000, avanceR = 2.000000, avanceI = 2.000000
inc_x_r = 0.000000, inc_y_r = 1.000000, inc_x_i = 1.000000, inc_y_i = 1.000000
En el else......

----------------------------------------
x = 26.000000, y = 279.000000
avance = -263.000000, avanceR = 2.000000, avanceI = 2.000000
inc_x_r = 0.000000, inc_y_r = 1.000000, inc_x_i = 1.000000, inc_y_i = 1.000000
En el else......

----------------------------------------
x = 26.000000, y = 280.000000
avance = -261.000000, avanceR = 2.000000, avanceI = 2.000000
inc_x_r = 0.000000, inc_y_r = 1.000000, inc_x_i = 1.000000, inc_y_i = 1.000000
En el else......

----------------------------------------
x = 26.000000, y = 281.000000
avance = -259.000000, avanceR = 2.000000, avanceI = 2.000000
inc_x_r = 0.000000, inc_y_r = 1.000000, inc_x_i = 1.000000, inc_y_i = 1.000000
En el else......

----------------------------------------
x = 26.000000, y = 282.000000
avance = -257.000000, avanceR = 2.000000, avanceI = 2.000000
inc_x_r = 0.000000, inc_y_r = 1.000000, inc_x_i = 1.000000, inc_y_i = 1.000000
En el else......

----------------------------------------
x = 26.000000, y = 283.000000
avance = -255.000000, avanceR = 2.000000, avanceI = 2.000000
inc_x_r = 0.000000, inc_y_r = 1.000000, inc_x_i = 1.000000, inc_y_i = 1.000000
En el else......

----------------------------------------
x = 26.000000, y = 284.000000
avance = -253.000000, avanceR = 2.000000, avanceI = 2.000000
inc_x_r = 0.000000, inc_y_r = 1.000000, inc_x_i = 1.000000, inc_y_i = 1.000000
En el else......

----------------------------------------
x = 26.000000, y = 285.000000
avance = -251.000000, avanceR = 2.000000, avanceI = 2.000000
inc_x_r = 0.000000, inc_y_r = 1.000000, inc_x_i = 1.000000, inc_y_i = 1.000000
En el else......

----------------------------------------


ENTRAMOS A BRESENHAMªªªª
x1 = 25.000000 - y1 = 45.000000 || x2 = 26.000000 - y2 = 296.000000
dy = 251.000000, dx = 1.000000
avances inclinados: inc_x_i = 1.000000, inc_y_i = 1.000000
updated: dy = 251.000000, dx = 1.000000
avances rectos: inc_x_r = 0.000000, inc_y_r 1.000000
reupdated: dy = 1.000000, dx = 251.000000
avanceR = 2.000000, avance -249.000000, avanceI 2.000000
----------------------------------------
x = 25.000000, y = 45.000000
avance = -249.000000, avanceR = 2.000000, avanceI = 2.000000
inc_x_r = 0.000000, inc_y_r = 1.000000, inc_x_i = 1.000000, inc_y_i = 1.000000
En el else......

----------------------------------------
x = 25.000000, y = 46.000000
avance = -247.000000, avanceR = 2.000000, avanceI = 2.000000
inc_x_r = 0.000000, inc_y_r = 1.000000, inc_x_i = 1.000000, inc_y_i = 1.000000
En el else......

----------------------------------------
x = 25.000000, y = 47.000000
avance = -245.000000, avanceR = 2.000000, avanceI = 2.000000
inc_x_r = 0.000000, inc_y_r = 1.000000, inc_x_i = 1.000000, inc_y_i = 1.000000
En el else......

----------------------------------------
x = 25.000000, y = 48.000000
avance = -243.000000, avanceR = 2.000000, avanceI = 2.000000
inc_x_r = 0.000000, inc_y_r = 1.000000, inc_x_i = 1.000000, inc_y_i = 1.000000
En el else......

----------------------------------------
x = 25.000000, y = 49.000000
avance = -241.000000, avanceR = 2.000000, avanceI = 2.000000
inc_x_r = 0.000000, inc_y_r = 1.000000, inc_x_i = 1.000000, inc_y_i = 1.000000
En el else......

----------------------------------------
x = 25.000000, y = 50.000000
avance = -239.000000, avanceR = 2.000000, avanceI = 2.000000
inc_x_r = 0.000000, inc_y_r = 1.000000, inc_x_i = 1.000000, inc_y_i = 1.000000
En el else......

----------------------------------------
x = 25.000000, y = 51.000000
avance = -237.000000, avanceR = 2.000000, avanceI = 2.000000
inc_x_r = 0.000000, inc_y_r = 1.000000, inc_x_i = 1.000000, inc_y_i = 1.000000
En el else......

----------------------------------------
x = 25.000000, y = 52.000000
avance = -235.000000, avanceR = 2.000000, avanceI = 2.000000
inc_x_r = 0.000000, inc_y_r = 1.000000, inc_x_i = 1.000000, inc_y_i = 1.000000
En el else......

----------------------------------------
x = 25.000000, y = 53.000000
avance = -233.000000, avanceR = 2.000000, avanceI = 2.000000
inc_x_r = 0.000000, inc_y_r = 1.000000, inc_x_i = 1.000000, inc_y_i = 1.000000
En el else......

----------------------------------------
x = 25.000000, y = 54.000000
avance = -231.000000, avanceR = 2.000000, avanceI = 2.000000
inc_x_r = 0.000000, inc_y_r = 1.000000, inc_x_i = 1.000000, inc_y_i = 1.000000
En el else......

----------------------------------------
x = 25.000000, y = 55.000000
avance = -229.000000, avanceR = 2.000000, avanceI = 2.000000
inc_x_r = 0.000000, inc_y_r = 1.000000, inc_x_i = 1.000000, inc_y_i = 1.000000
En el else......

----------------------------------------
x = 25.000000, y = 56.000000
avance = -227.000000, avanceR = 2.000000, avanceI = 2.000000
inc_x_r = 0.000000, inc_y_r = 1.000000, inc_x_i = 1.000000, inc_y_i = 1.000000
En el else......

----------------------------------------
x = 25.000000, y = 57.000000
avance = -225.000000, avanceR = 2.000000, avanceI = 2.000000
inc_x_r = 0.000000, inc_y_r = 1.000000, inc_x_i = 1.000000, inc_y_i = 1.000000
En el else......

----------------------------------------
x = 25.000000, y = 58.000000
avance = -223.000000, avanceR = 2.000000, avanceI = 2.000000
inc_x_r = 0.000000, inc_y_r = 1.000000, inc_x_i = 1.000000, inc_y_i = 1.000000
En el else......

----------------------------------------
x = 25.000000, y = 59.000000
avance = -221.000000, avanceR = 2.000000, avanceI = 2.000000
inc_x_r = 0.000000, inc_y_r = 1.000000, inc_x_i = 1.000000, inc_y_i = 1.000000
En el else......

----------------------------------------
x = 25.000000, y = 60.000000
avance = -219.000000, avanceR = 2.000000, avanceI = 2.000000
inc_x_r = 0.000000, inc_y_r = 1.000000, inc_x_i = 1.000000, inc_y_i = 1.000000
En el else......

----------------------------------------
x = 25.000000, y = 61.000000
avance = -217.000000, avanceR = 2.000000, avanceI = 2.000000
inc_x_r = 0.000000, inc_y_r = 1.000000, inc_x_i = 1.000000, inc_y_i = 1.000000
En el else......

----------------------------------------
x = 25.000000, y = 62.000000
avance = -215.000000, avanceR = 2.000000, avanceI = 2.000000
inc_x_r = 0.000000, inc_y_r = 1.000000, inc_x_i = 1.000000, inc_y_i = 1.000000
En el else......

----------------------------------------
x = 25.000000, y = 63.000000
avance = -213.000000, avanceR = 2.000000, avanceI = 2.000000
inc_x_r = 0.000000, inc_y_r = 1.000000, inc_x_i = 1.000000, inc_y_i = 1.000000
En el else......

----------------------------------------
x = 25.000000, y = 64.000000
avance = -211.000000, avanceR = 2.000000, avanceI = 2.000000
inc_x_r = 0.000000, inc_y_r = 1.000000, inc_x_i = 1.000000, inc_y_i = 1.000000
En el else......

----------------------------------------
x = 25.000000, y = 65.000000
avance = -209.000000, avanceR = 2.000000, avanceI = 2.000000
inc_x_r = 0.000000, inc_y_r = 1.000000, inc_x_i = 1.000000, inc_y_i = 1.000000
En el else......

----------------------------------------
x = 25.000000, y = 66.000000
avance = -207.000000, avanceR = 2.000000, avanceI = 2.000000
inc_x_r = 0.000000, inc_y_r = 1.000000, inc_x_i = 1.000000, inc_y_i = 1.000000
En el else......

----------------------------------------
x = 25.000000, y = 67.000000
avance = -205.000000, avanceR = 2.000000, avanceI = 2.000000
inc_x_r = 0.000000, inc_y_r = 1.000000, inc_x_i = 1.000000, inc_y_i = 1.000000
En el else......

----------------------------------------
x = 25.000000, y = 68.000000
avance = -203.000000, avanceR = 2.000000, avanceI = 2.000000
inc_x_r = 0.000000, inc_y_r = 1.000000, inc_x_i = 1.000000, inc_y_i = 1.000000
En el else......

----------------------------------------
x = 25.000000, y = 69.000000
avance = -201.000000, avanceR = 2.000000, avanceI = 2.000000
inc_x_r = 0.000000, inc_y_r = 1.000000, inc_x_i = 1.000000, inc_y_i = 1.000000
En el else......

----------------------------------------
x = 25.000000, y = 70.000000
avance = -199.000000, avanceR = 2.000000, avanceI = 2.000000
inc_x_r = 0.000000, inc_y_r = 1.000000, inc_x_i = 1.000000, inc_y_i = 1.000000
En el else......

----------------------------------------
x = 25.000000, y = 71.000000
avance = -197.000000, avanceR = 2.000000, avanceI = 2.000000
inc_x_r = 0.000000, inc_y_r = 1.000000, inc_x_i = 1.000000, inc_y_i = 1.000000
En el else......

----------------------------------------
x = 25.000000, y = 72.000000
avance = -195.000000, avanceR = 2.000000, avanceI = 2.000000
inc_x_r = 0.000000, inc_y_r = 1.000000, inc_x_i = 1.000000, inc_y_i = 1.000000
En el else......

----------------------------------------
x = 25.000000, y = 73.000000
avance = -193.000000, avanceR = 2.000000, avanceI = 2.000000
inc_x_r = 0.000000, inc_y_r = 1.000000, inc_x_i = 1.000000, inc_y_i = 1.000000
En el else......

----------------------------------------
x = 25.000000, y = 74.000000
avance = -191.000000, avanceR = 2.000000, avanceI = 2.000000
inc_x_r = 0.000000, inc_y_r = 1.000000, inc_x_i = 1.000000, inc_y_i = 1.000000
En el else......

----------------------------------------
x = 25.000000, y = 75.000000
avance = -189.000000, avanceR = 2.000000, avanceI = 2.000000
inc_x_r = 0.000000, inc_y_r = 1.000000, inc_x_i = 1.000000, inc_y_i = 1.000000
En el else......

----------------------------------------
x = 25.000000, y = 76.000000
avance = -187.000000, avanceR = 2.000000, avanceI = 2.000000
inc_x_r = 0.000000, inc_y_r = 1.000000, inc_x_i = 1.000000, inc_y_i = 1.000000
En el else......

----------------------------------------
x = 25.000000, y = 77.000000
avance = -185.000000, avanceR = 2.000000, avanceI = 2.000000
inc_x_r = 0.000000, inc_y_r = 1.000000, inc_x_i = 1.000000, inc_y_i = 1.000000
En el else......

----------------------------------------
x = 25.000000, y = 78.000000
avance = -183.000000, avanceR = 2.000000, avanceI = 2.000000
inc_x_r = 0.000000, inc_y_r = 1.000000, inc_x_i = 1.000000, inc_y_i = 1.000000
En el else......

----------------------------------------
x = 25.000000, y = 79.000000
avance = -181.000000, avanceR = 2.000000, avanceI = 2.000000
inc_x_r = 0.000000, inc_y_r = 1.000000, inc_x_i = 1.000000, inc_y_i = 1.000000
En el else......

----------------------------------------
x = 25.000000, y = 80.000000
avance = -179.000000, avanceR = 2.000000, avanceI = 2.000000
inc_x_r = 0.000000, inc_y_r = 1.000000, inc_x_i = 1.000000, inc_y_i = 1.000000
En el else......

----------------------------------------
x = 25.000000, y = 81.000000
avance = -177.000000, avanceR = 2.000000, avanceI = 2.000000
inc_x_r = 0.000000, inc_y_r = 1.000000, inc_x_i = 1.000000, inc_y_i = 1.000000
En el else......

----------------------------------------
x = 25.000000, y = 82.000000
avance = -175.000000, avanceR = 2.000000, avanceI = 2.000000
inc_x_r = 0.000000, inc_y_r = 1.000000, inc_x_i = 1.000000, inc_y_i = 1.000000
En el else......

----------------------------------------
x = 25.000000, y = 83.000000
avance = -173.000000, avanceR = 2.000000, avanceI = 2.000000
inc_x_r = 0.000000, inc_y_r = 1.000000, inc_x_i = 1.000000, inc_y_i = 1.000000
En el else......

----------------------------------------
x = 25.000000, y = 84.000000
avance = -171.000000, avanceR = 2.000000, avanceI = 2.000000
inc_x_r = 0.000000, inc_y_r = 1.000000, inc_x_i = 1.000000, inc_y_i = 1.000000
En el else......

----------------------------------------
x = 25.000000, y = 85.000000
avance = -169.000000, avanceR = 2.000000, avanceI = 2.000000
inc_x_r = 0.000000, inc_y_r = 1.000000, inc_x_i = 1.000000, inc_y_i = 1.000000
En el else......

----------------------------------------
x = 25.000000, y = 86.000000
avance = -167.000000, avanceR = 2.000000, avanceI = 2.000000
inc_x_r = 0.000000, inc_y_r = 1.000000, inc_x_i = 1.000000, inc_y_i = 1.000000
En el else......

----------------------------------------
x = 25.000000, y = 87.000000
avance = -165.000000, avanceR = 2.000000, avanceI = 2.000000
inc_x_r = 0.000000, inc_y_r = 1.000000, inc_x_i = 1.000000, inc_y_i = 1.000000
En el else......

----------------------------------------
x = 25.000000, y = 88.000000
avance = -163.000000, avanceR = 2.000000, avanceI = 2.000000
inc_x_r = 0.000000, inc_y_r = 1.000000, inc_x_i = 1.000000, inc_y_i = 1.000000
En el else......

----------------------------------------
x = 25.000000, y = 89.000000
avance = -161.000000, avanceR = 2.000000, avanceI = 2.000000
inc_x_r = 0.000000, inc_y_r = 1.000000, inc_x_i = 1.000000, inc_y_i = 1.000000
En el else......

----------------------------------------
x = 25.000000, y = 90.000000
avance = -159.000000, avanceR = 2.000000, avanceI = 2.000000
inc_x_r = 0.000000, inc_y_r = 1.000000, inc_x_i = 1.000000, inc_y_i = 1.000000
En el else......

----------------------------------------
x = 25.000000, y = 91.000000
avance = -157.000000, avanceR = 2.000000, avanceI = 2.000000
inc_x_r = 0.000000, inc_y_r = 1.000000, inc_x_i = 1.000000, inc_y_i = 1.000000
En el else......

----------------------------------------
x = 25.000000, y = 92.000000
avance = -155.000000, avanceR = 2.000000, avanceI = 2.000000
inc_x_r = 0.000000, inc_y_r = 1.000000, inc_x_i = 1.000000, inc_y_i = 1.000000
En el else......

----------------------------------------
x = 25.000000, y = 93.000000
avance = -153.000000, avanceR = 2.000000, avanceI = 2.000000
inc_x_r = 0.000000, inc_y_r = 1.000000, inc_x_i = 1.000000, inc_y_i = 1.000000
En el else......

----------------------------------------
x = 25.000000, y = 94.000000
avance = -151.000000, avanceR = 2.000000, avanceI = 2.000000
inc_x_r = 0.000000, inc_y_r = 1.000000, inc_x_i = 1.000000, inc_y_i = 1.000000
En el else......

----------------------------------------
x = 25.000000, y = 95.000000
avance = -149.000000, avanceR = 2.000000, avanceI = 2.000000
inc_x_r = 0.000000, inc_y_r = 1.000000, inc_x_i = 1.000000, inc_y_i = 1.000000
En el else......

----------------------------------------
x = 25.000000, y = 96.000000
avance = -147.000000, avanceR = 2.000000, avanceI = 2.000000
inc_x_r = 0.000000, inc_y_r = 1.000000, inc_x_i = 1.000000, inc_y_i = 1.000000
En el else......

----------------------------------------
x = 25.000000, y = 97.000000
avance = -145.000000, avanceR = 2.000000, avanceI = 2.000000
inc_x_r = 0.000000, inc_y_r = 1.000000, inc_x_i = 1.000000, inc_y_i = 1.000000
En el else......

----------------------------------------
x = 25.000000, y = 98.000000
avance = -143.000000, avanceR = 2.000000, avanceI = 2.000000
inc_x_r = 0.000000, inc_y_r = 1.000000, inc_x_i = 1.000000, inc_y_i = 1.000000
En el else......

----------------------------------------
x = 25.000000, y = 99.000000
avance = -141.000000, avanceR = 2.000000, avanceI = 2.000000
inc_x_r = 0.000000, inc_y_r = 1.000000, inc_x_i = 1.000000, inc_y_i = 1.000000
En el else......

----------------------------------------
x = 25.000000, y = 100.000000
avance = -139.000000, avanceR = 2.000000, avanceI = 2.000000
inc_x_r = 0.000000, inc_y_r = 1.000000, inc_x_i = 1.000000, inc_y_i = 1.000000
En el else......

----------------------------------------
x = 25.000000, y = 101.000000
avance = -137.000000, avanceR = 2.000000, avanceI = 2.000000
inc_x_r = 0.000000, inc_y_r = 1.000000, inc_x_i = 1.000000, inc_y_i = 1.000000
En el else......

----------------------------------------
x = 25.000000, y = 102.000000
avance = -135.000000, avanceR = 2.000000, avanceI = 2.000000
inc_x_r = 0.000000, inc_y_r = 1.000000, inc_x_i = 1.000000, inc_y_i = 1.000000
En el else......

----------------------------------------
x = 25.000000, y = 103.000000
avance = -133.000000, avanceR = 2.000000, avanceI = 2.000000
inc_x_r = 0.000000, inc_y_r = 1.000000, inc_x_i = 1.000000, inc_y_i = 1.000000
En el else......

----------------------------------------
x = 25.000000, y = 104.000000
avance = -131.000000, avanceR = 2.000000, avanceI = 2.000000
inc_x_r = 0.000000, inc_y_r = 1.000000, inc_x_i = 1.000000, inc_y_i = 1.000000
En el else......

----------------------------------------
x = 25.000000, y = 105.000000
avance = -129.000000, avanceR = 2.000000, avanceI = 2.000000
inc_x_r = 0.000000, inc_y_r = 1.000000, inc_x_i = 1.000000, inc_y_i = 1.000000
En el else......

----------------------------------------
x = 25.000000, y = 106.000000
avance = -127.000000, avanceR = 2.000000, avanceI = 2.000000
inc_x_r = 0.000000, inc_y_r = 1.000000, inc_x_i = 1.000000, inc_y_i = 1.000000
En el else......

----------------------------------------
x = 25.000000, y = 107.000000
avance = -125.000000, avanceR = 2.000000, avanceI = 2.000000
inc_x_r = 0.000000, inc_y_r = 1.000000, inc_x_i = 1.000000, inc_y_i = 1.000000
En el else......

----------------------------------------
x = 25.000000, y = 108.000000
avance = -123.000000, avanceR = 2.000000, avanceI = 2.000000
inc_x_r = 0.000000, inc_y_r = 1.000000, inc_x_i = 1.000000, inc_y_i = 1.000000
En el else......

----------------------------------------
x = 25.000000, y = 109.000000
avance = -121.000000, avanceR = 2.000000, avanceI = 2.000000
inc_x_r = 0.000000, inc_y_r = 1.000000, inc_x_i = 1.000000, inc_y_i = 1.000000
En el else......

----------------------------------------
x = 25.000000, y = 110.000000
avance = -119.000000, avanceR = 2.000000, avanceI = 2.000000
inc_x_r = 0.000000, inc_y_r = 1.000000, inc_x_i = 1.000000, inc_y_i = 1.000000
En el else......

----------------------------------------
x = 25.000000, y = 111.000000
avance = -117.000000, avanceR = 2.000000, avanceI = 2.000000
inc_x_r = 0.000000, inc_y_r = 1.000000, inc_x_i = 1.000000, inc_y_i = 1.000000
En el else......

----------------------------------------
x = 25.000000, y = 112.000000
avance = -115.000000, avanceR = 2.000000, avanceI = 2.000000
inc_x_r = 0.000000, inc_y_r = 1.000000, inc_x_i = 1.000000, inc_y_i = 1.000000
En el else......

----------------------------------------
x = 25.000000, y = 113.000000
avance = -113.000000, avanceR = 2.000000, avanceI = 2.000000
inc_x_r = 0.000000, inc_y_r = 1.000000, inc_x_i = 1.000000, inc_y_i = 1.000000
En el else......

----------------------------------------
x = 25.000000, y = 114.000000
avance = -111.000000, avanceR = 2.000000, avanceI = 2.000000
inc_x_r = 0.000000, inc_y_r = 1.000000, inc_x_i = 1.000000, inc_y_i = 1.000000
En el else......

----------------------------------------
x = 25.000000, y = 115.000000
avance = -109.000000, avanceR = 2.000000, avanceI = 2.000000
inc_x_r = 0.000000, inc_y_r = 1.000000, inc_x_i = 1.000000, inc_y_i = 1.000000
En el else......

----------------------------------------
x = 25.000000, y = 116.000000
avance = -107.000000, avanceR = 2.000000, avanceI = 2.000000
inc_x_r = 0.000000, inc_y_r = 1.000000, inc_x_i = 1.000000, inc_y_i = 1.000000
En el else......

----------------------------------------
x = 25.000000, y = 117.000000
avance = -105.000000, avanceR = 2.000000, avanceI = 2.000000
inc_x_r = 0.000000, inc_y_r = 1.000000, inc_x_i = 1.000000, inc_y_i = 1.000000
En el else......

----------------------------------------
x = 25.000000, y = 118.000000
avance = -103.000000, avanceR = 2.000000, avanceI = 2.000000
inc_x_r = 0.000000, inc_y_r = 1.000000, inc_x_i = 1.000000, inc_y_i = 1.000000
En el else......

----------------------------------------
x = 25.000000, y = 119.000000
avance = -101.000000, avanceR = 2.000000, avanceI = 2.000000
inc_x_r = 0.000000, inc_y_r = 1.000000, inc_x_i = 1.000000, inc_y_i = 1.000000
En el else......

----------------------------------------
x = 25.000000, y = 120.000000
avance = -99.000000, avanceR = 2.000000, avanceI = 2.000000
inc_x_r = 0.000000, inc_y_r = 1.000000, inc_x_i = 1.000000, inc_y_i = 1.000000
En el else......

----------------------------------------
x = 25.000000, y = 121.000000
avance = -97.000000, avanceR = 2.000000, avanceI = 2.000000
inc_x_r = 0.000000, inc_y_r = 1.000000, inc_x_i = 1.000000, inc_y_i = 1.000000
En el else......

----------------------------------------
x = 25.000000, y = 122.000000
avance = -95.000000, avanceR = 2.000000, avanceI = 2.000000
inc_x_r = 0.000000, inc_y_r = 1.000000, inc_x_i = 1.000000, inc_y_i = 1.000000
En el else......

----------------------------------------
x = 25.000000, y = 123.000000
avance = -93.000000, avanceR = 2.000000, avanceI = 2.000000
inc_x_r = 0.000000, inc_y_r = 1.000000, inc_x_i = 1.000000, inc_y_i = 1.000000
En el else......

----------------------------------------
x = 25.000000, y = 124.000000
avance = -91.000000, avanceR = 2.000000, avanceI = 2.000000
inc_x_r = 0.000000, inc_y_r = 1.000000, inc_x_i = 1.000000, inc_y_i = 1.000000
En el else......

----------------------------------------
x = 25.000000, y = 125.000000
avance = -89.000000, avanceR = 2.000000, avanceI = 2.000000
inc_x_r = 0.000000, inc_y_r = 1.000000, inc_x_i = 1.000000, inc_y_i = 1.000000
En el else......

----------------------------------------
x = 25.000000, y = 126.000000
avance = -87.000000, avanceR = 2.000000, avanceI = 2.000000
inc_x_r = 0.000000, inc_y_r = 1.000000, inc_x_i = 1.000000, inc_y_i = 1.000000
En el else......

----------------------------------------
x = 25.000000, y = 127.000000
avance = -85.000000, avanceR = 2.000000, avanceI = 2.000000
inc_x_r = 0.000000, inc_y_r = 1.000000, inc_x_i = 1.000000, inc_y_i = 1.000000
En el else......

----------------------------------------
x = 25.000000, y = 128.000000
avance = -83.000000, avanceR = 2.000000, avanceI = 2.000000
inc_x_r = 0.000000, inc_y_r = 1.000000, inc_x_i = 1.000000, inc_y_i = 1.000000
En el else......

----------------------------------------
x = 25.000000, y = 129.000000
avance = -81.000000, avanceR = 2.000000, avanceI = 2.000000
inc_x_r = 0.000000, inc_y_r = 1.000000, inc_x_i = 1.000000, inc_y_i = 1.000000
En el else......

----------------------------------------
x = 25.000000, y = 130.000000
avance = -79.000000, avanceR = 2.000000, avanceI = 2.000000
inc_x_r = 0.000000, inc_y_r = 1.000000, inc_x_i = 1.000000, inc_y_i = 1.000000
En el else......

----------------------------------------
x = 25.000000, y = 131.000000
avance = -77.000000, avanceR = 2.000000, avanceI = 2.000000
inc_x_r = 0.000000, inc_y_r = 1.000000, inc_x_i = 1.000000, inc_y_i = 1.000000
En el else......

----------------------------------------
x = 25.000000, y = 132.000000
avance = -75.000000, avanceR = 2.000000, avanceI = 2.000000
inc_x_r = 0.000000, inc_y_r = 1.000000, inc_x_i = 1.000000, inc_y_i = 1.000000
En el else......

----------------------------------------
x = 25.000000, y = 133.000000
avance = -73.000000, avanceR = 2.000000, avanceI = 2.000000
inc_x_r = 0.000000, inc_y_r = 1.000000, inc_x_i = 1.000000, inc_y_i = 1.000000
En el else......

----------------------------------------
x = 25.000000, y = 134.000000
avance = -71.000000, avanceR = 2.000000, avanceI = 2.000000
inc_x_r = 0.000000, inc_y_r = 1.000000, inc_x_i = 1.000000, inc_y_i = 1.000000
En el else......

----------------------------------------
x = 25.000000, y = 135.000000
avance = -69.000000, avanceR = 2.000000, avanceI = 2.000000
inc_x_r = 0.000000, inc_y_r = 1.000000, inc_x_i = 1.000000, inc_y_i = 1.000000
En el else......

----------------------------------------
x = 25.000000, y = 136.000000
avance = -67.000000, avanceR = 2.000000, avanceI = 2.000000
inc_x_r = 0.000000, inc_y_r = 1.000000, inc_x_i = 1.000000, inc_y_i = 1.000000
En el else......

----------------------------------------
x = 25.000000, y = 137.000000
avance = -65.000000, avanceR = 2.000000, avanceI = 2.000000
inc_x_r = 0.000000, inc_y_r = 1.000000, inc_x_i = 1.000000, inc_y_i = 1.000000
En el else......

----------------------------------------
x = 25.000000, y = 138.000000
avance = -63.000000, avanceR = 2.000000, avanceI = 2.000000
inc_x_r = 0.000000, inc_y_r = 1.000000, inc_x_i = 1.000000, inc_y_i = 1.000000
En el else......

----------------------------------------
x = 25.000000, y = 139.000000
avance = -61.000000, avanceR = 2.000000, avanceI = 2.000000
inc_x_r = 0.000000, inc_y_r = 1.000000, inc_x_i = 1.000000, inc_y_i = 1.000000
En el else......

----------------------------------------
x = 25.000000, y = 140.000000
avance = -59.000000, avanceR = 2.000000, avanceI = 2.000000
inc_x_r = 0.000000, inc_y_r = 1.000000, inc_x_i = 1.000000, inc_y_i = 1.000000
En el else......

----------------------------------------
x = 25.000000, y = 141.000000
avance = -57.000000, avanceR = 2.000000, avanceI = 2.000000
inc_x_r = 0.000000, inc_y_r = 1.000000, inc_x_i = 1.000000, inc_y_i = 1.000000
En el else......

----------------------------------------
x = 25.000000, y = 142.000000
avance = -55.000000, avanceR = 2.000000, avanceI = 2.000000
inc_x_r = 0.000000, inc_y_r = 1.000000, inc_x_i = 1.000000, inc_y_i = 1.000000
En el else......

----------------------------------------
x = 25.000000, y = 143.000000
avance = -53.000000, avanceR = 2.000000, avanceI = 2.000000
inc_x_r = 0.000000, inc_y_r = 1.000000, inc_x_i = 1.000000, inc_y_i = 1.000000
En el else......

----------------------------------------
x = 25.000000, y = 144.000000
avance = -51.000000, avanceR = 2.000000, avanceI = 2.000000
inc_x_r = 0.000000, inc_y_r = 1.000000, inc_x_i = 1.000000, inc_y_i = 1.000000
En el else......

----------------------------------------
x = 25.000000, y = 145.000000
avance = -49.000000, avanceR = 2.000000, avanceI = 2.000000
inc_x_r = 0.000000, inc_y_r = 1.000000, inc_x_i = 1.000000, inc_y_i = 1.000000
En el else......

----------------------------------------
x = 25.000000, y = 146.000000
avance = -47.000000, avanceR = 2.000000, avanceI = 2.000000
inc_x_r = 0.000000, inc_y_r = 1.000000, inc_x_i = 1.000000, inc_y_i = 1.000000
En el else......

----------------------------------------
x = 25.000000, y = 147.000000
avance = -45.000000, avanceR = 2.000000, avanceI = 2.000000
inc_x_r = 0.000000, inc_y_r = 1.000000, inc_x_i = 1.000000, inc_y_i = 1.000000
En el else......

----------------------------------------
x = 25.000000, y = 148.000000
avance = -43.000000, avanceR = 2.000000, avanceI = 2.000000
inc_x_r = 0.000000, inc_y_r = 1.000000, inc_x_i = 1.000000, inc_y_i = 1.000000
En el else......

----------------------------------------
x = 25.000000, y = 149.000000
avance = -41.000000, avanceR = 2.000000, avanceI = 2.000000
inc_x_r = 0.000000, inc_y_r = 1.000000, inc_x_i = 1.000000, inc_y_i = 1.000000
En el else......

----------------------------------------
x = 25.000000, y = 150.000000
avance = -39.000000, avanceR = 2.000000, avanceI = 2.000000
inc_x_r = 0.000000, inc_y_r = 1.000000, inc_x_i = 1.000000, inc_y_i = 1.000000
En el else......

----------------------------------------
x = 25.000000, y = 151.000000
avance = -37.000000, avanceR = 2.000000, avanceI = 2.000000
inc_x_r = 0.000000, inc_y_r = 1.000000, inc_x_i = 1.000000, inc_y_i = 1.000000
En el else......

----------------------------------------
x = 25.000000, y = 152.000000
avance = -35.000000, avanceR = 2.000000, avanceI = 2.000000
inc_x_r = 0.000000, inc_y_r = 1.000000, inc_x_i = 1.000000, inc_y_i = 1.000000
En el else......

----------------------------------------
x = 25.000000, y = 153.000000
avance = -33.000000, avanceR = 2.000000, avanceI = 2.000000
inc_x_r = 0.000000, inc_y_r = 1.000000, inc_x_i = 1.000000, inc_y_i = 1.000000
En el else......

----------------------------------------
x = 25.000000, y = 154.000000
avance = -31.000000, avanceR = 2.000000, avanceI = 2.000000
inc_x_r = 0.000000, inc_y_r = 1.000000, inc_x_i = 1.000000, inc_y_i = 1.000000
En el else......

----------------------------------------
x = 25.000000, y = 155.000000
avance = -29.000000, avanceR = 2.000000, avanceI = 2.000000
inc_x_r = 0.000000, inc_y_r = 1.000000, inc_x_i = 1.000000, inc_y_i = 1.000000
En el else......

----------------------------------------
x = 25.000000, y = 156.000000
avance = -27.000000, avanceR = 2.000000, avanceI = 2.000000
inc_x_r = 0.000000, inc_y_r = 1.000000, inc_x_i = 1.000000, inc_y_i = 1.000000
En el else......

----------------------------------------
x = 25.000000, y = 157.000000
avance = -25.000000, avanceR = 2.000000, avanceI = 2.000000
inc_x_r = 0.000000, inc_y_r = 1.000000, inc_x_i = 1.000000, inc_y_i = 1.000000
En el else......

----------------------------------------
x = 25.000000, y = 158.000000
avance = -23.000000, avanceR = 2.000000, avanceI = 2.000000
inc_x_r = 0.000000, inc_y_r = 1.000000, inc_x_i = 1.000000, inc_y_i = 1.000000
En el else......

----------------------------------------
x = 25.000000, y = 159.000000
avance = -21.000000, avanceR = 2.000000, avanceI = 2.000000
inc_x_r = 0.000000, inc_y_r = 1.000000, inc_x_i = 1.000000, inc_y_i = 1.000000
En el else......

----------------------------------------
x = 25.000000, y = 160.000000
avance = -19.000000, avanceR = 2.000000, avanceI = 2.000000
inc_x_r = 0.000000, inc_y_r = 1.000000, inc_x_i = 1.000000, inc_y_i = 1.000000
En el else......

----------------------------------------
x = 25.000000, y = 161.000000
avance = -17.000000, avanceR = 2.000000, avanceI = 2.000000
inc_x_r = 0.000000, inc_y_r = 1.000000, inc_x_i = 1.000000, inc_y_i = 1.000000
En el else......

----------------------------------------
x = 25.000000, y = 162.000000
avance = -15.000000, avanceR = 2.000000, avanceI = 2.000000
inc_x_r = 0.000000, inc_y_r = 1.000000, inc_x_i = 1.000000, inc_y_i = 1.000000
En el else......

----------------------------------------
x = 25.000000, y = 163.000000
avance = -13.000000, avanceR = 2.000000, avanceI = 2.000000
inc_x_r = 0.000000, inc_y_r = 1.000000, inc_x_i = 1.000000, inc_y_i = 1.000000
En el else......

----------------------------------------
x = 25.000000, y = 164.000000
avance = -11.000000, avanceR = 2.000000, avanceI = 2.000000
inc_x_r = 0.000000, inc_y_r = 1.000000, inc_x_i = 1.000000, inc_y_i = 1.000000
En el else......

----------------------------------------
x = 25.000000, y = 165.000000
avance = -9.000000, avanceR = 2.000000, avanceI = 2.000000
inc_x_r = 0.000000, inc_y_r = 1.000000, inc_x_i = 1.000000, inc_y_i = 1.000000
En el else......

----------------------------------------
x = 25.000000, y = 166.000000
avance = -7.000000, avanceR = 2.000000, avanceI = 2.000000
inc_x_r = 0.000000, inc_y_r = 1.000000, inc_x_i = 1.000000, inc_y_i = 1.000000
En el else......

----------------------------------------
x = 25.000000, y = 167.000000
avance = -5.000000, avanceR = 2.000000, avanceI = 2.000000
inc_x_r = 0.000000, inc_y_r = 1.000000, inc_x_i = 1.000000, inc_y_i = 1.000000
En el else......

----------------------------------------
x = 25.000000, y = 168.000000
avance = -3.000000, avanceR = 2.000000, avanceI = 2.000000
inc_x_r = 0.000000, inc_y_r = 1.000000, inc_x_i = 1.000000, inc_y_i = 1.000000
En el else......

----------------------------------------
x = 25.000000, y = 169.000000
avance = -1.000000, avanceR = 2.000000, avanceI = 2.000000
inc_x_r = 0.000000, inc_y_r = 1.000000, inc_x_i = 1.000000, inc_y_i = 1.000000
En el else......

----------------------------------------
x = 25.000000, y = 170.000000
avance = 1.000000, avanceR = 2.000000, avanceI = 2.000000
inc_x_r = 0.000000, inc_y_r = 1.000000, inc_x_i = 1.000000, inc_y_i = 1.000000
avance >= 0

----------------------------------------
x = 26.000000, y = 171.000000
avance = -499.000000, avanceR = 2.000000, avanceI = 2.000000
inc_x_r = 0.000000, inc_y_r = 1.000000, inc_x_i = 1.000000, inc_y_i = 1.000000
En el else......

----------------------------------------
x = 26.000000, y = 172.000000
avance = -497.000000, avanceR = 2.000000, avanceI = 2.000000
inc_x_r = 0.000000, inc_y_r = 1.000000, inc_x_i = 1.000000, inc_y_i = 1.000000
En el else......

----------------------------------------
x = 26.000000, y = 173.000000
avance = -495.000000, avanceR = 2.000000, avanceI = 2.000000
inc_x_r = 0.000000, inc_y_r = 1.000000, inc_x_i = 1.000000, inc_y_i = 1.000000
En el else......

----------------------------------------
x = 26.000000, y = 174.000000
avance = -493.000000, avanceR = 2.000000, avanceI = 2.000000
inc_x_r = 0.000000, inc_y_r = 1.000000, inc_x_i = 1.000000, inc_y_i = 1.000000
En el else......

----------------------------------------
x = 26.000000, y = 175.000000
avance = -491.000000, avanceR = 2.000000, avanceI = 2.000000
inc_x_r = 0.000000, inc_y_r = 1.000000, inc_x_i = 1.000000, inc_y_i = 1.000000
En el else......

----------------------------------------
x = 26.000000, y = 176.000000
avance = -489.000000, avanceR = 2.000000, avanceI = 2.000000
inc_x_r = 0.000000, inc_y_r = 1.000000, inc_x_i = 1.000000, inc_y_i = 1.000000
En el else......

----------------------------------------
x = 26.000000, y = 177.000000
avance = -487.000000, avanceR = 2.000000, avanceI = 2.000000
inc_x_r = 0.000000, inc_y_r = 1.000000, inc_x_i = 1.000000, inc_y_i = 1.000000
En el else......

----------------------------------------
x = 26.000000, y = 178.000000
avance = -485.000000, avanceR = 2.000000, avanceI = 2.000000
inc_x_r = 0.000000, inc_y_r = 1.000000, inc_x_i = 1.000000, inc_y_i = 1.000000
En el else......

----------------------------------------
x = 26.000000, y = 179.000000
avance = -483.000000, avanceR = 2.000000, avanceI = 2.000000
inc_x_r = 0.000000, inc_y_r = 1.000000, inc_x_i = 1.000000, inc_y_i = 1.000000
En el else......

----------------------------------------
x = 26.000000, y = 180.000000
avance = -481.000000, avanceR = 2.000000, avanceI = 2.000000
inc_x_r = 0.000000, inc_y_r = 1.000000, inc_x_i = 1.000000, inc_y_i = 1.000000
En el else......

----------------------------------------
x = 26.000000, y = 181.000000
avance = -479.000000, avanceR = 2.000000, avanceI = 2.000000
inc_x_r = 0.000000, inc_y_r = 1.000000, inc_x_i = 1.000000, inc_y_i = 1.000000
En el else......

----------------------------------------
x = 26.000000, y = 182.000000
avance = -477.000000, avanceR = 2.000000, avanceI = 2.000000
inc_x_r = 0.000000, inc_y_r = 1.000000, inc_x_i = 1.000000, inc_y_i = 1.000000
En el else......

----------------------------------------
x = 26.000000, y = 183.000000
avance = -475.000000, avanceR = 2.000000, avanceI = 2.000000
inc_x_r = 0.000000, inc_y_r = 1.000000, inc_x_i = 1.000000, inc_y_i = 1.000000
En el else......

----------------------------------------
x = 26.000000, y = 184.000000
avance = -473.000000, avanceR = 2.000000, avanceI = 2.000000
inc_x_r = 0.000000, inc_y_r = 1.000000, inc_x_i = 1.000000, inc_y_i = 1.000000
En el else......

----------------------------------------
x = 26.000000, y = 185.000000
avance = -471.000000, avanceR = 2.000000, avanceI = 2.000000
inc_x_r = 0.000000, inc_y_r = 1.000000, inc_x_i = 1.000000, inc_y_i = 1.000000
En el else......

----------------------------------------
x = 26.000000, y = 186.000000
avance = -469.000000, avanceR = 2.000000, avanceI = 2.000000
inc_x_r = 0.000000, inc_y_r = 1.000000, inc_x_i = 1.000000, inc_y_i = 1.000000
En el else......

----------------------------------------
x = 26.000000, y = 187.000000
avance = -467.000000, avanceR = 2.000000, avanceI = 2.000000
inc_x_r = 0.000000, inc_y_r = 1.000000, inc_x_i = 1.000000, inc_y_i = 1.000000
En el else......

----------------------------------------
x = 26.000000, y = 188.000000
avance = -465.000000, avanceR = 2.000000, avanceI = 2.000000
inc_x_r = 0.000000, inc_y_r = 1.000000, inc_x_i = 1.000000, inc_y_i = 1.000000
En el else......

----------------------------------------
x = 26.000000, y = 189.000000
avance = -463.000000, avanceR = 2.000000, avanceI = 2.000000
inc_x_r = 0.000000, inc_y_r = 1.000000, inc_x_i = 1.000000, inc_y_i = 1.000000
En el else......

----------------------------------------
x = 26.000000, y = 190.000000
avance = -461.000000, avanceR = 2.000000, avanceI = 2.000000
inc_x_r = 0.000000, inc_y_r = 1.000000, inc_x_i = 1.000000, inc_y_i = 1.000000
En el else......

----------------------------------------
x = 26.000000, y = 191.000000
avance = -459.000000, avanceR = 2.000000, avanceI = 2.000000
inc_x_r = 0.000000, inc_y_r = 1.000000, inc_x_i = 1.000000, inc_y_i = 1.000000
En el else......

----------------------------------------
x = 26.000000, y = 192.000000
avance = -457.000000, avanceR = 2.000000, avanceI = 2.000000
inc_x_r = 0.000000, inc_y_r = 1.000000, inc_x_i = 1.000000, inc_y_i = 1.000000
En el else......

----------------------------------------
x = 26.000000, y = 193.000000
avance = -455.000000, avanceR = 2.000000, avanceI = 2.000000
inc_x_r = 0.000000, inc_y_r = 1.000000, inc_x_i = 1.000000, inc_y_i = 1.000000
En el else......

----------------------------------------
x = 26.000000, y = 194.000000
avance = -453.000000, avanceR = 2.000000, avanceI = 2.000000
inc_x_r = 0.000000, inc_y_r = 1.000000, inc_x_i = 1.000000, inc_y_i = 1.000000
En el else......

----------------------------------------
x = 26.000000, y = 195.000000
avance = -451.000000, avanceR = 2.000000, avanceI = 2.000000
inc_x_r = 0.000000, inc_y_r = 1.000000, inc_x_i = 1.000000, inc_y_i = 1.000000
En el else......

----------------------------------------
x = 26.000000, y = 196.000000
avance = -449.000000, avanceR = 2.000000, avanceI = 2.000000
inc_x_r = 0.000000, inc_y_r = 1.000000, inc_x_i = 1.000000, inc_y_i = 1.000000
En el else......

----------------------------------------
x = 26.000000, y = 197.000000
avance = -447.000000, avanceR = 2.000000, avanceI = 2.000000
inc_x_r = 0.000000, inc_y_r = 1.000000, inc_x_i = 1.000000, inc_y_i = 1.000000
En el else......

----------------------------------------
x = 26.000000, y = 198.000000
avance = -445.000000, avanceR = 2.000000, avanceI = 2.000000
inc_x_r = 0.000000, inc_y_r = 1.000000, inc_x_i = 1.000000, inc_y_i = 1.000000
En el else......

----------------------------------------
x = 26.000000, y = 199.000000
avance = -443.000000, avanceR = 2.000000, avanceI = 2.000000
inc_x_r = 0.000000, inc_y_r = 1.000000, inc_x_i = 1.000000, inc_y_i = 1.000000
En el else......

----------------------------------------
x = 26.000000, y = 200.000000
avance = -441.000000, avanceR = 2.000000, avanceI = 2.000000
inc_x_r = 0.000000, inc_y_r = 1.000000, inc_x_i = 1.000000, inc_y_i = 1.000000
En el else......

----------------------------------------
x = 26.000000, y = 201.000000
avance = -439.000000, avanceR = 2.000000, avanceI = 2.000000
inc_x_r = 0.000000, inc_y_r = 1.000000, inc_x_i = 1.000000, inc_y_i = 1.000000
En el else......

----------------------------------------
x = 26.000000, y = 202.000000
avance = -437.000000, avanceR = 2.000000, avanceI = 2.000000
inc_x_r = 0.000000, inc_y_r = 1.000000, inc_x_i = 1.000000, inc_y_i = 1.000000
En el else......

----------------------------------------
x = 26.000000, y = 203.000000
avance = -435.000000, avanceR = 2.000000, avanceI = 2.000000
inc_x_r = 0.000000, inc_y_r = 1.000000, inc_x_i = 1.000000, inc_y_i = 1.000000
En el else......

----------------------------------------
x = 26.000000, y = 204.000000
avance = -433.000000, avanceR = 2.000000, avanceI = 2.000000
inc_x_r = 0.000000, inc_y_r = 1.000000, inc_x_i = 1.000000, inc_y_i = 1.000000
En el else......

----------------------------------------
x = 26.000000, y = 205.000000
avance = -431.000000, avanceR = 2.000000, avanceI = 2.000000
inc_x_r = 0.000000, inc_y_r = 1.000000, inc_x_i = 1.000000, inc_y_i = 1.000000
En el else......

----------------------------------------
x = 26.000000, y = 206.000000
avance = -429.000000, avanceR = 2.000000, avanceI = 2.000000
inc_x_r = 0.000000, inc_y_r = 1.000000, inc_x_i = 1.000000, inc_y_i = 1.000000
En el else......

----------------------------------------
x = 26.000000, y = 207.000000
avance = -427.000000, avanceR = 2.000000, avanceI = 2.000000
inc_x_r = 0.000000, inc_y_r = 1.000000, inc_x_i = 1.000000, inc_y_i = 1.000000
En el else......

----------------------------------------
x = 26.000000, y = 208.000000
avance = -425.000000, avanceR = 2.000000, avanceI = 2.000000
inc_x_r = 0.000000, inc_y_r = 1.000000, inc_x_i = 1.000000, inc_y_i = 1.000000
En el else......

----------------------------------------
x = 26.000000, y = 209.000000
avance = -423.000000, avanceR = 2.000000, avanceI = 2.000000
inc_x_r = 0.000000, inc_y_r = 1.000000, inc_x_i = 1.000000, inc_y_i = 1.000000
En el else......

----------------------------------------
x = 26.000000, y = 210.000000
avance = -421.000000, avanceR = 2.000000, avanceI = 2.000000
inc_x_r = 0.000000, inc_y_r = 1.000000, inc_x_i = 1.000000, inc_y_i = 1.000000
En el else......

----------------------------------------
x = 26.000000, y = 211.000000
avance = -419.000000, avanceR = 2.000000, avanceI = 2.000000
inc_x_r = 0.000000, inc_y_r = 1.000000, inc_x_i = 1.000000, inc_y_i = 1.000000
En el else......

----------------------------------------
x = 26.000000, y = 212.000000
avance = -417.000000, avanceR = 2.000000, avanceI = 2.000000
inc_x_r = 0.000000, inc_y_r = 1.000000, inc_x_i = 1.000000, inc_y_i = 1.000000
En el else......

----------------------------------------
x = 26.000000, y = 213.000000
avance = -415.000000, avanceR = 2.000000, avanceI = 2.000000
inc_x_r = 0.000000, inc_y_r = 1.000000, inc_x_i = 1.000000, inc_y_i = 1.000000
En el else......

----------------------------------------
x = 26.000000, y = 214.000000
avance = -413.000000, avanceR = 2.000000, avanceI = 2.000000
inc_x_r = 0.000000, inc_y_r = 1.000000, inc_x_i = 1.000000, inc_y_i = 1.000000
En el else......

----------------------------------------
x = 26.000000, y = 215.000000
avance = -411.000000, avanceR = 2.000000, avanceI = 2.000000
inc_x_r = 0.000000, inc_y_r = 1.000000, inc_x_i = 1.000000, inc_y_i = 1.000000
En el else......

----------------------------------------
x = 26.000000, y = 216.000000
avance = -409.000000, avanceR = 2.000000, avanceI = 2.000000
inc_x_r = 0.000000, inc_y_r = 1.000000, inc_x_i = 1.000000, inc_y_i = 1.000000
En el else......

----------------------------------------
x = 26.000000, y = 217.000000
avance = -407.000000, avanceR = 2.000000, avanceI = 2.000000
inc_x_r = 0.000000, inc_y_r = 1.000000, inc_x_i = 1.000000, inc_y_i = 1.000000
En el else......

----------------------------------------
x = 26.000000, y = 218.000000
avance = -405.000000, avanceR = 2.000000, avanceI = 2.000000
inc_x_r = 0.000000, inc_y_r = 1.000000, inc_x_i = 1.000000, inc_y_i = 1.000000
En el else......

----------------------------------------
x = 26.000000, y = 219.000000
avance = -403.000000, avanceR = 2.000000, avanceI = 2.000000
inc_x_r = 0.000000, inc_y_r = 1.000000, inc_x_i = 1.000000, inc_y_i = 1.000000
En el else......

----------------------------------------
x = 26.000000, y = 220.000000
avance = -401.000000, avanceR = 2.000000, avanceI = 2.000000
inc_x_r = 0.000000, inc_y_r = 1.000000, inc_x_i = 1.000000, inc_y_i = 1.000000
En el else......

----------------------------------------
x = 26.000000, y = 221.000000
avance = -399.000000, avanceR = 2.000000, avanceI = 2.000000
inc_x_r = 0.000000, inc_y_r = 1.000000, inc_x_i = 1.000000, inc_y_i = 1.000000
En el else......

----------------------------------------
x = 26.000000, y = 222.000000
avance = -397.000000, avanceR = 2.000000, avanceI = 2.000000
inc_x_r = 0.000000, inc_y_r = 1.000000, inc_x_i = 1.000000, inc_y_i = 1.000000
En el else......

----------------------------------------
x = 26.000000, y = 223.000000
avance = -395.000000, avanceR = 2.000000, avanceI = 2.000000
inc_x_r = 0.000000, inc_y_r = 1.000000, inc_x_i = 1.000000, inc_y_i = 1.000000
En el else......

----------------------------------------
x = 26.000000, y = 224.000000
avance = -393.000000, avanceR = 2.000000, avanceI = 2.000000
inc_x_r = 0.000000, inc_y_r = 1.000000, inc_x_i = 1.000000, inc_y_i = 1.000000
En el else......

----------------------------------------
x = 26.000000, y = 225.000000
avance = -391.000000, avanceR = 2.000000, avanceI = 2.000000
inc_x_r = 0.000000, inc_y_r = 1.000000, inc_x_i = 1.000000, inc_y_i = 1.000000
En el else......

----------------------------------------
x = 26.000000, y = 226.000000
avance = -389.000000, avanceR = 2.000000, avanceI = 2.000000
inc_x_r = 0.000000, inc_y_r = 1.000000, inc_x_i = 1.000000, inc_y_i = 1.000000
En el else......

----------------------------------------
x = 26.000000, y = 227.000000
avance = -387.000000, avanceR = 2.000000, avanceI = 2.000000
inc_x_r = 0.000000, inc_y_r = 1.000000, inc_x_i = 1.000000, inc_y_i = 1.000000
En el else......

----------------------------------------
x = 26.000000, y = 228.000000
avance = -385.000000, avanceR = 2.000000, avanceI = 2.000000
inc_x_r = 0.000000, inc_y_r = 1.000000, inc_x_i = 1.000000, inc_y_i = 1.000000
En el else......

----------------------------------------
x = 26.000000, y = 229.000000
avance = -383.000000, avanceR = 2.000000, avanceI = 2.000000
inc_x_r = 0.000000, inc_y_r = 1.000000, inc_x_i = 1.000000, inc_y_i = 1.000000
En el else......

----------------------------------------
x = 26.000000, y = 230.000000
avance = -381.000000, avanceR = 2.000000, avanceI = 2.000000
inc_x_r = 0.000000, inc_y_r = 1.000000, inc_x_i = 1.000000, inc_y_i = 1.000000
En el else......

----------------------------------------
x = 26.000000, y = 231.000000
avance = -379.000000, avanceR = 2.000000, avanceI = 2.000000
inc_x_r = 0.000000, inc_y_r = 1.000000, inc_x_i = 1.000000, inc_y_i = 1.000000
En el else......

----------------------------------------
x = 26.000000, y = 232.000000
avance = -377.000000, avanceR = 2.000000, avanceI = 2.000000
inc_x_r = 0.000000, inc_y_r = 1.000000, inc_x_i = 1.000000, inc_y_i = 1.000000
En el else......

----------------------------------------
x = 26.000000, y = 233.000000
avance = -375.000000, avanceR = 2.000000, avanceI = 2.000000
inc_x_r = 0.000000, inc_y_r = 1.000000, inc_x_i = 1.000000, inc_y_i = 1.000000
En el else......

----------------------------------------
x = 26.000000, y = 234.000000
avance = -373.000000, avanceR = 2.000000, avanceI = 2.000000
inc_x_r = 0.000000, inc_y_r = 1.000000, inc_x_i = 1.000000, inc_y_i = 1.000000
En el else......

----------------------------------------
x = 26.000000, y = 235.000000
avance = -371.000000, avanceR = 2.000000, avanceI = 2.000000
inc_x_r = 0.000000, inc_y_r = 1.000000, inc_x_i = 1.000000, inc_y_i = 1.000000
En el else......

----------------------------------------
x = 26.000000, y = 236.000000
avance = -369.000000, avanceR = 2.000000, avanceI = 2.000000
inc_x_r = 0.000000, inc_y_r = 1.000000, inc_x_i = 1.000000, inc_y_i = 1.000000
En el else......

----------------------------------------
x = 26.000000, y = 237.000000
avance = -367.000000, avanceR = 2.000000, avanceI = 2.000000
inc_x_r = 0.000000, inc_y_r = 1.000000, inc_x_i = 1.000000, inc_y_i = 1.000000
En el else......

----------------------------------------
x = 26.000000, y = 238.000000
avance = -365.000000, avanceR = 2.000000, avanceI = 2.000000
inc_x_r = 0.000000, inc_y_r = 1.000000, inc_x_i = 1.000000, inc_y_i = 1.000000
En el else......

----------------------------------------
x = 26.000000, y = 239.000000
avance = -363.000000, avanceR = 2.000000, avanceI = 2.000000
inc_x_r = 0.000000, inc_y_r = 1.000000, inc_x_i = 1.000000, inc_y_i = 1.000000
En el else......

----------------------------------------
x = 26.000000, y = 240.000000
avance = -361.000000, avanceR = 2.000000, avanceI = 2.000000
inc_x_r = 0.000000, inc_y_r = 1.000000, inc_x_i = 1.000000, inc_y_i = 1.000000
En el else......

----------------------------------------
x = 26.000000, y = 241.000000
avance = -359.000000, avanceR = 2.000000, avanceI = 2.000000
inc_x_r = 0.000000, inc_y_r = 1.000000, inc_x_i = 1.000000, inc_y_i = 1.000000
En el else......

----------------------------------------
x = 26.000000, y = 242.000000
avance = -357.000000, avanceR = 2.000000, avanceI = 2.000000
inc_x_r = 0.000000, inc_y_r = 1.000000, inc_x_i = 1.000000, inc_y_i = 1.000000
En el else......

----------------------------------------
x = 26.000000, y = 243.000000
avance = -355.000000, avanceR = 2.000000, avanceI = 2.000000
inc_x_r = 0.000000, inc_y_r = 1.000000, inc_x_i = 1.000000, inc_y_i = 1.000000
En el else......

----------------------------------------
x = 26.000000, y = 244.000000
avance = -353.000000, avanceR = 2.000000, avanceI = 2.000000
inc_x_r = 0.000000, inc_y_r = 1.000000, inc_x_i = 1.000000, inc_y_i = 1.000000
En el else......

----------------------------------------
x = 26.000000, y = 245.000000
avance = -351.000000, avanceR = 2.000000, avanceI = 2.000000
inc_x_r = 0.000000, inc_y_r = 1.000000, inc_x_i = 1.000000, inc_y_i = 1.000000
En el else......

----------------------------------------
x = 26.000000, y = 246.000000
avance = -349.000000, avanceR = 2.000000, avanceI = 2.000000
inc_x_r = 0.000000, inc_y_r = 1.000000, inc_x_i = 1.000000, inc_y_i = 1.000000
En el else......

----------------------------------------
x = 26.000000, y = 247.000000
avance = -347.000000, avanceR = 2.000000, avanceI = 2.000000
inc_x_r = 0.000000, inc_y_r = 1.000000, inc_x_i = 1.000000, inc_y_i = 1.000000
En el else......

----------------------------------------
x = 26.000000, y = 248.000000
avance = -345.000000, avanceR = 2.000000, avanceI = 2.000000
inc_x_r = 0.000000, inc_y_r = 1.000000, inc_x_i = 1.000000, inc_y_i = 1.000000
En el else......

----------------------------------------
x = 26.000000, y = 249.000000
avance = -343.000000, avanceR = 2.000000, avanceI = 2.000000
inc_x_r = 0.000000, inc_y_r = 1.000000, inc_x_i = 1.000000, inc_y_i = 1.000000
En el else......

----------------------------------------
x = 26.000000, y = 250.000000
avance = -341.000000, avanceR = 2.000000, avanceI = 2.000000
inc_x_r = 0.000000, inc_y_r = 1.000000, inc_x_i = 1.000000, inc_y_i = 1.000000
En el else......

----------------------------------------
x = 26.000000, y = 251.000000
avance = -339.000000, avanceR = 2.000000, avanceI = 2.000000
inc_x_r = 0.000000, inc_y_r = 1.000000, inc_x_i = 1.000000, inc_y_i = 1.000000
En el else......

----------------------------------------
x = 26.000000, y = 252.000000
avance = -337.000000, avanceR = 2.000000, avanceI = 2.000000
inc_x_r = 0.000000, inc_y_r = 1.000000, inc_x_i = 1.000000, inc_y_i = 1.000000
En el else......

----------------------------------------
x = 26.000000, y = 253.000000
avance = -335.000000, avanceR = 2.000000, avanceI = 2.000000
inc_x_r = 0.000000, inc_y_r = 1.000000, inc_x_i = 1.000000, inc_y_i = 1.000000
En el else......

----------------------------------------
x = 26.000000, y = 254.000000
avance = -333.000000, avanceR = 2.000000, avanceI = 2.000000
inc_x_r = 0.000000, inc_y_r = 1.000000, inc_x_i = 1.000000, inc_y_i = 1.000000
En el else......

----------------------------------------
x = 26.000000, y = 255.000000
avance = -331.000000, avanceR = 2.000000, avanceI = 2.000000
inc_x_r = 0.000000, inc_y_r = 1.000000, inc_x_i = 1.000000, inc_y_i = 1.000000
En el else......

----------------------------------------
x = 26.000000, y = 256.000000
avance = -329.000000, avanceR = 2.000000, avanceI = 2.000000
inc_x_r = 0.000000, inc_y_r = 1.000000, inc_x_i = 1.000000, inc_y_i = 1.000000
En el else......

----------------------------------------
x = 26.000000, y = 257.000000
avance = -327.000000, avanceR = 2.000000, avanceI = 2.000000
inc_x_r = 0.000000, inc_y_r = 1.000000, inc_x_i = 1.000000, inc_y_i = 1.000000
En el else......

----------------------------------------
x = 26.000000, y = 258.000000
avance = -325.000000, avanceR = 2.000000, avanceI = 2.000000
inc_x_r = 0.000000, inc_y_r = 1.000000, inc_x_i = 1.000000, inc_y_i = 1.000000
En el else......

----------------------------------------
x = 26.000000, y = 259.000000
avance = -323.000000, avanceR = 2.000000, avanceI = 2.000000
inc_x_r = 0.000000, inc_y_r = 1.000000, inc_x_i = 1.000000, inc_y_i = 1.000000
En el else......

----------------------------------------
x = 26.000000, y = 260.000000
avance = -321.000000, avanceR = 2.000000, avanceI = 2.000000
inc_x_r = 0.000000, inc_y_r = 1.000000, inc_x_i = 1.000000, inc_y_i = 1.000000
En el else......

----------------------------------------
x = 26.000000, y = 261.000000
avance = -319.000000, avanceR = 2.000000, avanceI = 2.000000
inc_x_r = 0.000000, inc_y_r = 1.000000, inc_x_i = 1.000000, inc_y_i = 1.000000
En el else......

----------------------------------------
x = 26.000000, y = 262.000000
avance = -317.000000, avanceR = 2.000000, avanceI = 2.000000
inc_x_r = 0.000000, inc_y_r = 1.000000, inc_x_i = 1.000000, inc_y_i = 1.000000
En el else......

----------------------------------------
x = 26.000000, y = 263.000000
avance = -315.000000, avanceR = 2.000000, avanceI = 2.000000
inc_x_r = 0.000000, inc_y_r = 1.000000, inc_x_i = 1.000000, inc_y_i = 1.000000
En el else......

----------------------------------------
x = 26.000000, y = 264.000000
avance = -313.000000, avanceR = 2.000000, avanceI = 2.000000
inc_x_r = 0.000000, inc_y_r = 1.000000, inc_x_i = 1.000000, inc_y_i = 1.000000
En el else......

----------------------------------------
x = 26.000000, y = 265.000000
avance = -311.000000, avanceR = 2.000000, avanceI = 2.000000
inc_x_r = 0.000000, inc_y_r = 1.000000, inc_x_i = 1.000000, inc_y_i = 1.000000
En el else......

----------------------------------------
x = 26.000000, y = 266.000000
avance = -309.000000, avanceR = 2.000000, avanceI = 2.000000
inc_x_r = 0.000000, inc_y_r = 1.000000, inc_x_i = 1.000000, inc_y_i = 1.000000
En el else......

----------------------------------------
x = 26.000000, y = 267.000000
avance = -307.000000, avanceR = 2.000000, avanceI = 2.000000
inc_x_r = 0.000000, inc_y_r = 1.000000, inc_x_i = 1.000000, inc_y_i = 1.000000
En el else......

----------------------------------------
x = 26.000000, y = 268.000000
avance = -305.000000, avanceR = 2.000000, avanceI = 2.000000
inc_x_r = 0.000000, inc_y_r = 1.000000, inc_x_i = 1.000000, inc_y_i = 1.000000
En el else......

----------------------------------------
x = 26.000000, y = 269.000000
avance = -303.000000, avanceR = 2.000000, avanceI = 2.000000
inc_x_r = 0.000000, inc_y_r = 1.000000, inc_x_i = 1.000000, inc_y_i = 1.000000
En el else......

----------------------------------------
x = 26.000000, y = 270.000000
avance = -301.000000, avanceR = 2.000000, avanceI = 2.000000
inc_x_r = 0.000000, inc_y_r = 1.000000, inc_x_i = 1.000000, inc_y_i = 1.000000
En el else......

----------------------------------------
x = 26.000000, y = 271.000000
avance = -299.000000, avanceR = 2.000000, avanceI = 2.000000
inc_x_r = 0.000000, inc_y_r = 1.000000, inc_x_i = 1.000000, inc_y_i = 1.000000
En el else......

----------------------------------------
x = 26.000000, y = 272.000000
avance = -297.000000, avanceR = 2.000000, avanceI = 2.000000
inc_x_r = 0.000000, inc_y_r = 1.000000, inc_x_i = 1.000000, inc_y_i = 1.000000
En el else......

----------------------------------------
x = 26.000000, y = 273.000000
avance = -295.000000, avanceR = 2.000000, avanceI = 2.000000
inc_x_r = 0.000000, inc_y_r = 1.000000, inc_x_i = 1.000000, inc_y_i = 1.000000
En el else......

----------------------------------------
x = 26.000000, y = 274.000000
avance = -293.000000, avanceR = 2.000000, avanceI = 2.000000
inc_x_r = 0.000000, inc_y_r = 1.000000, inc_x_i = 1.000000, inc_y_i = 1.000000
En el else......

----------------------------------------
x = 26.000000, y = 275.000000
avance = -291.000000, avanceR = 2.000000, avanceI = 2.000000
inc_x_r = 0.000000, inc_y_r = 1.000000, inc_x_i = 1.000000, inc_y_i = 1.000000
En el else......

----------------------------------------
x = 26.000000, y = 276.000000
avance = -289.000000, avanceR = 2.000000, avanceI = 2.000000
inc_x_r = 0.000000, inc_y_r = 1.000000, inc_x_i = 1.000000, inc_y_i = 1.000000
En el else......

----------------------------------------
x = 26.000000, y = 277.000000
avance = -287.000000, avanceR = 2.000000, avanceI = 2.000000
inc_x_r = 0.000000, inc_y_r = 1.000000, inc_x_i = 1.000000, inc_y_i = 1.000000
En el else......

----------------------------------------
x = 26.000000, y = 278.000000
avance = -285.000000, avanceR = 2.000000, avanceI = 2.000000
inc_x_r = 0.000000, inc_y_r = 1.000000, inc_x_i = 1.000000, inc_y_i = 1.000000
En el else......

----------------------------------------
x = 26.000000, y = 279.000000
avance = -283.000000, avanceR = 2.000000, avanceI = 2.000000
inc_x_r = 0.000000, inc_y_r = 1.000000, inc_x_i = 1.000000, inc_y_i = 1.000000
En el else......

----------------------------------------
x = 26.000000, y = 280.000000
avance = -281.000000, avanceR = 2.000000, avanceI = 2.000000
inc_x_r = 0.000000, inc_y_r = 1.000000, inc_x_i = 1.000000, inc_y_i = 1.000000
En el else......

----------------------------------------
x = 26.000000, y = 281.000000
avance = -279.000000, avanceR = 2.000000, avanceI = 2.000000
inc_x_r = 0.000000, inc_y_r = 1.000000, inc_x_i = 1.000000, inc_y_i = 1.000000
En el else......

----------------------------------------
x = 26.000000, y = 282.000000
avance = -277.000000, avanceR = 2.000000, avanceI = 2.000000
inc_x_r = 0.000000, inc_y_r = 1.000000, inc_x_i = 1.000000, inc_y_i = 1.000000
En el else......

----------------------------------------
x = 26.000000, y = 283.000000
avance = -275.000000, avanceR = 2.000000, avanceI = 2.000000
inc_x_r = 0.000000, inc_y_r = 1.000000, inc_x_i = 1.000000, inc_y_i = 1.000000
En el else......

----------------------------------------
x = 26.000000, y = 284.000000
avance = -273.000000, avanceR = 2.000000, avanceI = 2.000000
inc_x_r = 0.000000, inc_y_r = 1.000000, inc_x_i = 1.000000, inc_y_i = 1.000000
En el else......

----------------------------------------
x = 26.000000, y = 285.000000
avance = -271.000000, avanceR = 2.000000, avanceI = 2.000000
inc_x_r = 0.000000, inc_y_r = 1.000000, inc_x_i = 1.000000, inc_y_i = 1.000000
En el else......

----------------------------------------
x = 26.000000, y = 286.000000
avance = -269.000000, avanceR = 2.000000, avanceI = 2.000000
inc_x_r = 0.000000, inc_y_r = 1.000000, inc_x_i = 1.000000, inc_y_i = 1.000000
En el else......

----------------------------------------
x = 26.000000, y = 287.000000
avance = -267.000000, avanceR = 2.000000, avanceI = 2.000000
inc_x_r = 0.000000, inc_y_r = 1.000000, inc_x_i = 1.000000, inc_y_i = 1.000000
En el else......

----------------------------------------
x = 26.000000, y = 288.000000
avance = -265.000000, avanceR = 2.000000, avanceI = 2.000000
inc_x_r = 0.000000, inc_y_r = 1.000000, inc_x_i = 1.000000, inc_y_i = 1.000000
En el else......

----------------------------------------
x = 26.000000, y = 289.000000
avance = -263.000000, avanceR = 2.000000, avanceI = 2.000000
inc_x_r = 0.000000, inc_y_r = 1.000000, inc_x_i = 1.000000, inc_y_i = 1.000000
En el else......

----------------------------------------
x = 26.000000, y = 290.000000
avance = -261.000000, avanceR = 2.000000, avanceI = 2.000000
inc_x_r = 0.000000, inc_y_r = 1.000000, inc_x_i = 1.000000, inc_y_i = 1.000000
En el else......

----------------------------------------
x = 26.000000, y = 291.000000
avance = -259.000000, avanceR = 2.000000, avanceI = 2.000000
inc_x_r = 0.000000, inc_y_r = 1.000000, inc_x_i = 1.000000, inc_y_i = 1.000000
En el else......

----------------------------------------
x = 26.000000, y = 292.000000
avance = -257.000000, avanceR = 2.000000, avanceI = 2.000000
inc_x_r = 0.000000, inc_y_r = 1.000000, inc_x_i = 1.000000, inc_y_i = 1.000000
En el else......

----------------------------------------
x = 26.000000, y = 293.000000
avance = -255.000000, avanceR = 2.000000, avanceI = 2.000000
inc_x_r = 0.000000, inc_y_r = 1.000000, inc_x_i = 1.000000, inc_y_i = 1.000000
En el else......

----------------------------------------
x = 26.000000, y = 294.000000
avance = -253.000000, avanceR = 2.000000, avanceI = 2.000000
inc_x_r = 0.000000, inc_y_r = 1.000000, inc_x_i = 1.000000, inc_y_i = 1.000000
En el else......

----------------------------------------
x = 26.000000, y = 295.000000
avance = -251.000000, avanceR = 2.000000, avanceI = 2.000000
inc_x_r = 0.000000, inc_y_r = 1.000000, inc_x_i = 1.000000, inc_y_i = 1.000000
En el else......

----------------------------------------


ENTRAMOS A BRESENHAMªªªª
x1 = 25.000000 - y1 = 55.000000 || x2 = 26.000000 - y2 = 306.000000
dy = 251.000000, dx = 1.000000
avances inclinados: inc_x_i = 1.000000, inc_y_i = 1.000000
updated: dy = 251.000000, dx = 1.000000
avances rectos: inc_x_r = 0.000000, inc_y_r 1.000000
reupdated: dy = 1.000000, dx = 251.000000
avanceR = 2.000000, avance -249.000000, avanceI 2.000000
----------------------------------------
x = 25.000000, y = 55.000000
avance = -249.000000, avanceR = 2.000000, avanceI = 2.000000
inc_x_r = 0.000000, inc_y_r = 1.000000, inc_x_i = 1.000000, inc_y_i = 1.000000
En el else......

----------------------------------------
x = 25.000000, y = 56.000000
avance = -247.000000, avanceR = 2.000000, avanceI = 2.000000
inc_x_r = 0.000000, inc_y_r = 1.000000, inc_x_i = 1.000000, inc_y_i = 1.000000
En el else......

----------------------------------------
x = 25.000000, y = 57.000000
avance = -245.000000, avanceR = 2.000000, avanceI = 2.000000
inc_x_r = 0.000000, inc_y_r = 1.000000, inc_x_i = 1.000000, inc_y_i = 1.000000
En el else......

----------------------------------------
x = 25.000000, y = 58.000000
avance = -243.000000, avanceR = 2.000000, avanceI = 2.000000
inc_x_r = 0.000000, inc_y_r = 1.000000, inc_x_i = 1.000000, inc_y_i = 1.000000
En el else......

----------------------------------------
x = 25.000000, y = 59.000000
avance = -241.000000, avanceR = 2.000000, avanceI = 2.000000
inc_x_r = 0.000000, inc_y_r = 1.000000, inc_x_i = 1.000000, inc_y_i = 1.000000
En el else......

----------------------------------------
x = 25.000000, y = 60.000000
avance = -239.000000, avanceR = 2.000000, avanceI = 2.000000
inc_x_r = 0.000000, inc_y_r = 1.000000, inc_x_i = 1.000000, inc_y_i = 1.000000
En el else......

----------------------------------------
x = 25.000000, y = 61.000000
avance = -237.000000, avanceR = 2.000000, avanceI = 2.000000
inc_x_r = 0.000000, inc_y_r = 1.000000, inc_x_i = 1.000000, inc_y_i = 1.000000
En el else......

----------------------------------------
x = 25.000000, y = 62.000000
avance = -235.000000, avanceR = 2.000000, avanceI = 2.000000
inc_x_r = 0.000000, inc_y_r = 1.000000, inc_x_i = 1.000000, inc_y_i = 1.000000
En el else......

----------------------------------------
x = 25.000000, y = 63.000000
avance = -233.000000, avanceR = 2.000000, avanceI = 2.000000
inc_x_r = 0.000000, inc_y_r = 1.000000, inc_x_i = 1.000000, inc_y_i = 1.000000
En el else......

----------------------------------------
x = 25.000000, y = 64.000000
avance = -231.000000, avanceR = 2.000000, avanceI = 2.000000
inc_x_r = 0.000000, inc_y_r = 1.000000, inc_x_i = 1.000000, inc_y_i = 1.000000
En el else......

----------------------------------------
x = 25.000000, y = 65.000000
avance = -229.000000, avanceR = 2.000000, avanceI = 2.000000
inc_x_r = 0.000000, inc_y_r = 1.000000, inc_x_i = 1.000000, inc_y_i = 1.000000
En el else......

----------------------------------------
x = 25.000000, y = 66.000000
avance = -227.000000, avanceR = 2.000000, avanceI = 2.000000
inc_x_r = 0.000000, inc_y_r = 1.000000, inc_x_i = 1.000000, inc_y_i = 1.000000
En el else......

----------------------------------------
x = 25.000000, y = 67.000000
avance = -225.000000, avanceR = 2.000000, avanceI = 2.000000
inc_x_r = 0.000000, inc_y_r = 1.000000, inc_x_i = 1.000000, inc_y_i = 1.000000
En el else......

----------------------------------------
x = 25.000000, y = 68.000000
avance = -223.000000, avanceR = 2.000000, avanceI = 2.000000
inc_x_r = 0.000000, inc_y_r = 1.000000, inc_x_i = 1.000000, inc_y_i = 1.000000
En el else......

----------------------------------------
x = 25.000000, y = 69.000000
avance = -221.000000, avanceR = 2.000000, avanceI = 2.000000
inc_x_r = 0.000000, inc_y_r = 1.000000, inc_x_i = 1.000000, inc_y_i = 1.000000
En el else......

----------------------------------------
x = 25.000000, y = 70.000000
avance = -219.000000, avanceR = 2.000000, avanceI = 2.000000
inc_x_r = 0.000000, inc_y_r = 1.000000, inc_x_i = 1.000000, inc_y_i = 1.000000
En el else......

----------------------------------------
x = 25.000000, y = 71.000000
avance = -217.000000, avanceR = 2.000000, avanceI = 2.000000
inc_x_r = 0.000000, inc_y_r = 1.000000, inc_x_i = 1.000000, inc_y_i = 1.000000
En el else......

----------------------------------------
x = 25.000000, y = 72.000000
avance = -215.000000, avanceR = 2.000000, avanceI = 2.000000
inc_x_r = 0.000000, inc_y_r = 1.000000, inc_x_i = 1.000000, inc_y_i = 1.000000
En el else......

----------------------------------------
x = 25.000000, y = 73.000000
avance = -213.000000, avanceR = 2.000000, avanceI = 2.000000
inc_x_r = 0.000000, inc_y_r = 1.000000, inc_x_i = 1.000000, inc_y_i = 1.000000
En el else......

----------------------------------------
x = 25.000000, y = 74.000000
avance = -211.000000, avanceR = 2.000000, avanceI = 2.000000
inc_x_r = 0.000000, inc_y_r = 1.000000, inc_x_i = 1.000000, inc_y_i = 1.000000
En el else......

----------------------------------------
x = 25.000000, y = 75.000000
avance = -209.000000, avanceR = 2.000000, avanceI = 2.000000
inc_x_r = 0.000000, inc_y_r = 1.000000, inc_x_i = 1.000000, inc_y_i = 1.000000
En el else......

----------------------------------------
x = 25.000000, y = 76.000000
avance = -207.000000, avanceR = 2.000000, avanceI = 2.000000
inc_x_r = 0.000000, inc_y_r = 1.000000, inc_x_i = 1.000000, inc_y_i = 1.000000
En el else......

----------------------------------------
x = 25.000000, y = 77.000000
avance = -205.000000, avanceR = 2.000000, avanceI = 2.000000
inc_x_r = 0.000000, inc_y_r = 1.000000, inc_x_i = 1.000000, inc_y_i = 1.000000
En el else......

----------------------------------------
x = 25.000000, y = 78.000000
avance = -203.000000, avanceR = 2.000000, avanceI = 2.000000
inc_x_r = 0.000000, inc_y_r = 1.000000, inc_x_i = 1.000000, inc_y_i = 1.000000
En el else......

----------------------------------------
x = 25.000000, y = 79.000000
avance = -201.000000, avanceR = 2.000000, avanceI = 2.000000
inc_x_r = 0.000000, inc_y_r = 1.000000, inc_x_i = 1.000000, inc_y_i = 1.000000
En el else......

----------------------------------------
x = 25.000000, y = 80.000000
avance = -199.000000, avanceR = 2.000000, avanceI = 2.000000
inc_x_r = 0.000000, inc_y_r = 1.000000, inc_x_i = 1.000000, inc_y_i = 1.000000
En el else......

----------------------------------------
x = 25.000000, y = 81.000000
avance = -197.000000, avanceR = 2.000000, avanceI = 2.000000
inc_x_r = 0.000000, inc_y_r = 1.000000, inc_x_i = 1.000000, inc_y_i = 1.000000
En el else......

----------------------------------------
x = 25.000000, y = 82.000000
avance = -195.000000, avanceR = 2.000000, avanceI = 2.000000
inc_x_r = 0.000000, inc_y_r = 1.000000, inc_x_i = 1.000000, inc_y_i = 1.000000
En el else......

----------------------------------------
x = 25.000000, y = 83.000000
avance = -193.000000, avanceR = 2.000000, avanceI = 2.000000
inc_x_r = 0.000000, inc_y_r = 1.000000, inc_x_i = 1.000000, inc_y_i = 1.000000
En el else......

----------------------------------------
x = 25.000000, y = 84.000000
avance = -191.000000, avanceR = 2.000000, avanceI = 2.000000
inc_x_r = 0.000000, inc_y_r = 1.000000, inc_x_i = 1.000000, inc_y_i = 1.000000
En el else......

----------------------------------------
x = 25.000000, y = 85.000000
avance = -189.000000, avanceR = 2.000000, avanceI = 2.000000
inc_x_r = 0.000000, inc_y_r = 1.000000, inc_x_i = 1.000000, inc_y_i = 1.000000
En el else......

----------------------------------------
x = 25.000000, y = 86.000000
avance = -187.000000, avanceR = 2.000000, avanceI = 2.000000
inc_x_r = 0.000000, inc_y_r = 1.000000, inc_x_i = 1.000000, inc_y_i = 1.000000
En el else......

----------------------------------------
x = 25.000000, y = 87.000000
avance = -185.000000, avanceR = 2.000000, avanceI = 2.000000
inc_x_r = 0.000000, inc_y_r = 1.000000, inc_x_i = 1.000000, inc_y_i = 1.000000
En el else......

----------------------------------------
x = 25.000000, y = 88.000000
avance = -183.000000, avanceR = 2.000000, avanceI = 2.000000
inc_x_r = 0.000000, inc_y_r = 1.000000, inc_x_i = 1.000000, inc_y_i = 1.000000
En el else......

----------------------------------------
x = 25.000000, y = 89.000000
avance = -181.000000, avanceR = 2.000000, avanceI = 2.000000
inc_x_r = 0.000000, inc_y_r = 1.000000, inc_x_i = 1.000000, inc_y_i = 1.000000
En el else......

----------------------------------------
x = 25.000000, y = 90.000000
avance = -179.000000, avanceR = 2.000000, avanceI = 2.000000
inc_x_r = 0.000000, inc_y_r = 1.000000, inc_x_i = 1.000000, inc_y_i = 1.000000
En el else......

----------------------------------------
x = 25.000000, y = 91.000000
avance = -177.000000, avanceR = 2.000000, avanceI = 2.000000
inc_x_r = 0.000000, inc_y_r = 1.000000, inc_x_i = 1.000000, inc_y_i = 1.000000
En el else......

----------------------------------------
x = 25.000000, y = 92.000000
avance = -175.000000, avanceR = 2.000000, avanceI = 2.000000
inc_x_r = 0.000000, inc_y_r = 1.000000, inc_x_i = 1.000000, inc_y_i = 1.000000
En el else......

----------------------------------------
x = 25.000000, y = 93.000000
avance = -173.000000, avanceR = 2.000000, avanceI = 2.000000
inc_x_r = 0.000000, inc_y_r = 1.000000, inc_x_i = 1.000000, inc_y_i = 1.000000
En el else......

----------------------------------------
x = 25.000000, y = 94.000000
avance = -171.000000, avanceR = 2.000000, avanceI = 2.000000
inc_x_r = 0.000000, inc_y_r = 1.000000, inc_x_i = 1.000000, inc_y_i = 1.000000
En el else......

----------------------------------------
x = 25.000000, y = 95.000000
avance = -169.000000, avanceR = 2.000000, avanceI = 2.000000
inc_x_r = 0.000000, inc_y_r = 1.000000, inc_x_i = 1.000000, inc_y_i = 1.000000
En el else......

----------------------------------------
x = 25.000000, y = 96.000000
avance = -167.000000, avanceR = 2.000000, avanceI = 2.000000
inc_x_r = 0.000000, inc_y_r = 1.000000, inc_x_i = 1.000000, inc_y_i = 1.000000
En el else......

----------------------------------------
x = 25.000000, y = 97.000000
avance = -165.000000, avanceR = 2.000000, avanceI = 2.000000
inc_x_r = 0.000000, inc_y_r = 1.000000, inc_x_i = 1.000000, inc_y_i = 1.000000
En el else......

----------------------------------------
x = 25.000000, y = 98.000000
avance = -163.000000, avanceR = 2.000000, avanceI = 2.000000
inc_x_r = 0.000000, inc_y_r = 1.000000, inc_x_i = 1.000000, inc_y_i = 1.000000
En el else......

----------------------------------------
x = 25.000000, y = 99.000000
avance = -161.000000, avanceR = 2.000000, avanceI = 2.000000
inc_x_r = 0.000000, inc_y_r = 1.000000, inc_x_i = 1.000000, inc_y_i = 1.000000
En el else......

----------------------------------------
x = 25.000000, y = 100.000000
avance = -159.000000, avanceR = 2.000000, avanceI = 2.000000
inc_x_r = 0.000000, inc_y_r = 1.000000, inc_x_i = 1.000000, inc_y_i = 1.000000
En el else......

----------------------------------------
x = 25.000000, y = 101.000000
avance = -157.000000, avanceR = 2.000000, avanceI = 2.000000
inc_x_r = 0.000000, inc_y_r = 1.000000, inc_x_i = 1.000000, inc_y_i = 1.000000
En el else......

----------------------------------------
x = 25.000000, y = 102.000000
avance = -155.000000, avanceR = 2.000000, avanceI = 2.000000
inc_x_r = 0.000000, inc_y_r = 1.000000, inc_x_i = 1.000000, inc_y_i = 1.000000
En el else......

----------------------------------------
x = 25.000000, y = 103.000000
avance = -153.000000, avanceR = 2.000000, avanceI = 2.000000
inc_x_r = 0.000000, inc_y_r = 1.000000, inc_x_i = 1.000000, inc_y_i = 1.000000
En el else......

----------------------------------------
x = 25.000000, y = 104.000000
avance = -151.000000, avanceR = 2.000000, avanceI = 2.000000
inc_x_r = 0.000000, inc_y_r = 1.000000, inc_x_i = 1.000000, inc_y_i = 1.000000
En el else......

----------------------------------------
x = 25.000000, y = 105.000000
avance = -149.000000, avanceR = 2.000000, avanceI = 2.000000
inc_x_r = 0.000000, inc_y_r = 1.000000, inc_x_i = 1.000000, inc_y_i = 1.000000
En el else......

----------------------------------------
x = 25.000000, y = 106.000000
avance = -147.000000, avanceR = 2.000000, avanceI = 2.000000
inc_x_r = 0.000000, inc_y_r = 1.000000, inc_x_i = 1.000000, inc_y_i = 1.000000
En el else......

----------------------------------------
x = 25.000000, y = 107.000000
avance = -145.000000, avanceR = 2.000000, avanceI = 2.000000
inc_x_r = 0.000000, inc_y_r = 1.000000, inc_x_i = 1.000000, inc_y_i = 1.000000
En el else......

----------------------------------------
x = 25.000000, y = 108.000000
avance = -143.000000, avanceR = 2.000000, avanceI = 2.000000
inc_x_r = 0.000000, inc_y_r = 1.000000, inc_x_i = 1.000000, inc_y_i = 1.000000
En el else......

----------------------------------------
x = 25.000000, y = 109.000000
avance = -141.000000, avanceR = 2.000000, avanceI = 2.000000
inc_x_r = 0.000000, inc_y_r = 1.000000, inc_x_i = 1.000000, inc_y_i = 1.000000
En el else......

----------------------------------------
x = 25.000000, y = 110.000000
avance = -139.000000, avanceR = 2.000000, avanceI = 2.000000
inc_x_r = 0.000000, inc_y_r = 1.000000, inc_x_i = 1.000000, inc_y_i = 1.000000
En el else......

----------------------------------------
x = 25.000000, y = 111.000000
avance = -137.000000, avanceR = 2.000000, avanceI = 2.000000
inc_x_r = 0.000000, inc_y_r = 1.000000, inc_x_i = 1.000000, inc_y_i = 1.000000
En el else......

----------------------------------------
x = 25.000000, y = 112.000000
avance = -135.000000, avanceR = 2.000000, avanceI = 2.000000
inc_x_r = 0.000000, inc_y_r = 1.000000, inc_x_i = 1.000000, inc_y_i = 1.000000
En el else......

----------------------------------------
x = 25.000000, y = 113.000000
avance = -133.000000, avanceR = 2.000000, avanceI = 2.000000
inc_x_r = 0.000000, inc_y_r = 1.000000, inc_x_i = 1.000000, inc_y_i = 1.000000
En el else......

----------------------------------------
x = 25.000000, y = 114.000000
avance = -131.000000, avanceR = 2.000000, avanceI = 2.000000
inc_x_r = 0.000000, inc_y_r = 1.000000, inc_x_i = 1.000000, inc_y_i = 1.000000
En el else......

----------------------------------------
x = 25.000000, y = 115.000000
avance = -129.000000, avanceR = 2.000000, avanceI = 2.000000
inc_x_r = 0.000000, inc_y_r = 1.000000, inc_x_i = 1.000000, inc_y_i = 1.000000
En el else......

----------------------------------------
x = 25.000000, y = 116.000000
avance = -127.000000, avanceR = 2.000000, avanceI = 2.000000
inc_x_r = 0.000000, inc_y_r = 1.000000, inc_x_i = 1.000000, inc_y_i = 1.000000
En el else......

----------------------------------------
x = 25.000000, y = 117.000000
avance = -125.000000, avanceR = 2.000000, avanceI = 2.000000
inc_x_r = 0.000000, inc_y_r = 1.000000, inc_x_i = 1.000000, inc_y_i = 1.000000
En el else......

----------------------------------------
x = 25.000000, y = 118.000000
avance = -123.000000, avanceR = 2.000000, avanceI = 2.000000
inc_x_r = 0.000000, inc_y_r = 1.000000, inc_x_i = 1.000000, inc_y_i = 1.000000
En el else......

----------------------------------------
x = 25.000000, y = 119.000000
avance = -121.000000, avanceR = 2.000000, avanceI = 2.000000
inc_x_r = 0.000000, inc_y_r = 1.000000, inc_x_i = 1.000000, inc_y_i = 1.000000
En el else......

----------------------------------------
x = 25.000000, y = 120.000000
avance = -119.000000, avanceR = 2.000000, avanceI = 2.000000
inc_x_r = 0.000000, inc_y_r = 1.000000, inc_x_i = 1.000000, inc_y_i = 1.000000
En el else......

----------------------------------------
x = 25.000000, y = 121.000000
avance = -117.000000, avanceR = 2.000000, avanceI = 2.000000
inc_x_r = 0.000000, inc_y_r = 1.000000, inc_x_i = 1.000000, inc_y_i = 1.000000
En el else......

----------------------------------------
x = 25.000000, y = 122.000000
avance = -115.000000, avanceR = 2.000000, avanceI = 2.000000
inc_x_r = 0.000000, inc_y_r = 1.000000, inc_x_i = 1.000000, inc_y_i = 1.000000
En el else......

----------------------------------------
x = 25.000000, y = 123.000000
avance = -113.000000, avanceR = 2.000000, avanceI = 2.000000
inc_x_r = 0.000000, inc_y_r = 1.000000, inc_x_i = 1.000000, inc_y_i = 1.000000
En el else......

----------------------------------------
x = 25.000000, y = 124.000000
avance = -111.000000, avanceR = 2.000000, avanceI = 2.000000
inc_x_r = 0.000000, inc_y_r = 1.000000, inc_x_i = 1.000000, inc_y_i = 1.000000
En el else......

----------------------------------------
x = 25.000000, y = 125.000000
avance = -109.000000, avanceR = 2.000000, avanceI = 2.000000
inc_x_r = 0.000000, inc_y_r = 1.000000, inc_x_i = 1.000000, inc_y_i = 1.000000
En el else......

----------------------------------------
x = 25.000000, y = 126.000000
avance = -107.000000, avanceR = 2.000000, avanceI = 2.000000
inc_x_r = 0.000000, inc_y_r = 1.000000, inc_x_i = 1.000000, inc_y_i = 1.000000
En el else......

----------------------------------------
x = 25.000000, y = 127.000000
avance = -105.000000, avanceR = 2.000000, avanceI = 2.000000
inc_x_r = 0.000000, inc_y_r = 1.000000, inc_x_i = 1.000000, inc_y_i = 1.000000
En el else......

----------------------------------------
x = 25.000000, y = 128.000000
avance = -103.000000, avanceR = 2.000000, avanceI = 2.000000
inc_x_r = 0.000000, inc_y_r = 1.000000, inc_x_i = 1.000000, inc_y_i = 1.000000
En el else......

----------------------------------------
x = 25.000000, y = 129.000000
avance = -101.000000, avanceR = 2.000000, avanceI = 2.000000
inc_x_r = 0.000000, inc_y_r = 1.000000, inc_x_i = 1.000000, inc_y_i = 1.000000
En el else......

----------------------------------------
x = 25.000000, y = 130.000000
avance = -99.000000, avanceR = 2.000000, avanceI = 2.000000
inc_x_r = 0.000000, inc_y_r = 1.000000, inc_x_i = 1.000000, inc_y_i = 1.000000
En el else......

----------------------------------------
x = 25.000000, y = 131.000000
avance = -97.000000, avanceR = 2.000000, avanceI = 2.000000
inc_x_r = 0.000000, inc_y_r = 1.000000, inc_x_i = 1.000000, inc_y_i = 1.000000
En el else......

----------------------------------------
x = 25.000000, y = 132.000000
avance = -95.000000, avanceR = 2.000000, avanceI = 2.000000
inc_x_r = 0.000000, inc_y_r = 1.000000, inc_x_i = 1.000000, inc_y_i = 1.000000
En el else......

----------------------------------------
x = 25.000000, y = 133.000000
avance = -93.000000, avanceR = 2.000000, avanceI = 2.000000
inc_x_r = 0.000000, inc_y_r = 1.000000, inc_x_i = 1.000000, inc_y_i = 1.000000
En el else......

----------------------------------------
x = 25.000000, y = 134.000000
avance = -91.000000, avanceR = 2.000000, avanceI = 2.000000
inc_x_r = 0.000000, inc_y_r = 1.000000, inc_x_i = 1.000000, inc_y_i = 1.000000
En el else......

----------------------------------------
x = 25.000000, y = 135.000000
avance = -89.000000, avanceR = 2.000000, avanceI = 2.000000
inc_x_r = 0.000000, inc_y_r = 1.000000, inc_x_i = 1.000000, inc_y_i = 1.000000
En el else......

----------------------------------------
x = 25.000000, y = 136.000000
avance = -87.000000, avanceR = 2.000000, avanceI = 2.000000
inc_x_r = 0.000000, inc_y_r = 1.000000, inc_x_i = 1.000000, inc_y_i = 1.000000
En el else......

----------------------------------------
x = 25.000000, y = 137.000000
avance = -85.000000, avanceR = 2.000000, avanceI = 2.000000
inc_x_r = 0.000000, inc_y_r = 1.000000, inc_x_i = 1.000000, inc_y_i = 1.000000
En el else......

----------------------------------------
x = 25.000000, y = 138.000000
avance = -83.000000, avanceR = 2.000000, avanceI = 2.000000
inc_x_r = 0.000000, inc_y_r = 1.000000, inc_x_i = 1.000000, inc_y_i = 1.000000
En el else......

----------------------------------------
x = 25.000000, y = 139.000000
avance = -81.000000, avanceR = 2.000000, avanceI = 2.000000
inc_x_r = 0.000000, inc_y_r = 1.000000, inc_x_i = 1.000000, inc_y_i = 1.000000
En el else......

----------------------------------------
x = 25.000000, y = 140.000000
avance = -79.000000, avanceR = 2.000000, avanceI = 2.000000
inc_x_r = 0.000000, inc_y_r = 1.000000, inc_x_i = 1.000000, inc_y_i = 1.000000
En el else......

----------------------------------------
x = 25.000000, y = 141.000000
avance = -77.000000, avanceR = 2.000000, avanceI = 2.000000
inc_x_r = 0.000000, inc_y_r = 1.000000, inc_x_i = 1.000000, inc_y_i = 1.000000
En el else......

----------------------------------------
x = 25.000000, y = 142.000000
avance = -75.000000, avanceR = 2.000000, avanceI = 2.000000
inc_x_r = 0.000000, inc_y_r = 1.000000, inc_x_i = 1.000000, inc_y_i = 1.000000
En el else......

----------------------------------------
x = 25.000000, y = 143.000000
avance = -73.000000, avanceR = 2.000000, avanceI = 2.000000
inc_x_r = 0.000000, inc_y_r = 1.000000, inc_x_i = 1.000000, inc_y_i = 1.000000
En el else......

----------------------------------------
x = 25.000000, y = 144.000000
avance = -71.000000, avanceR = 2.000000, avanceI = 2.000000
inc_x_r = 0.000000, inc_y_r = 1.000000, inc_x_i = 1.000000, inc_y_i = 1.000000
En el else......

----------------------------------------
x = 25.000000, y = 145.000000
avance = -69.000000, avanceR = 2.000000, avanceI = 2.000000
inc_x_r = 0.000000, inc_y_r = 1.000000, inc_x_i = 1.000000, inc_y_i = 1.000000
En el else......

----------------------------------------
x = 25.000000, y = 146.000000
avance = -67.000000, avanceR = 2.000000, avanceI = 2.000000
inc_x_r = 0.000000, inc_y_r = 1.000000, inc_x_i = 1.000000, inc_y_i = 1.000000
En el else......

----------------------------------------
x = 25.000000, y = 147.000000
avance = -65.000000, avanceR = 2.000000, avanceI = 2.000000
inc_x_r = 0.000000, inc_y_r = 1.000000, inc_x_i = 1.000000, inc_y_i = 1.000000
En el else......

----------------------------------------
x = 25.000000, y = 148.000000
avance = -63.000000, avanceR = 2.000000, avanceI = 2.000000
inc_x_r = 0.000000, inc_y_r = 1.000000, inc_x_i = 1.000000, inc_y_i = 1.000000
En el else......

----------------------------------------
x = 25.000000, y = 149.000000
avance = -61.000000, avanceR = 2.000000, avanceI = 2.000000
inc_x_r = 0.000000, inc_y_r = 1.000000, inc_x_i = 1.000000, inc_y_i = 1.000000
En el else......

----------------------------------------
x = 25.000000, y = 150.000000
avance = -59.000000, avanceR = 2.000000, avanceI = 2.000000
inc_x_r = 0.000000, inc_y_r = 1.000000, inc_x_i = 1.000000, inc_y_i = 1.000000
En el else......

----------------------------------------
x = 25.000000, y = 151.000000
avance = -57.000000, avanceR = 2.000000, avanceI = 2.000000
inc_x_r = 0.000000, inc_y_r = 1.000000, inc_x_i = 1.000000, inc_y_i = 1.000000
En el else......

----------------------------------------
x = 25.000000, y = 152.000000
avance = -55.000000, avanceR = 2.000000, avanceI = 2.000000
inc_x_r = 0.000000, inc_y_r = 1.000000, inc_x_i = 1.000000, inc_y_i = 1.000000
En el else......

----------------------------------------
x = 25.000000, y = 153.000000
avance = -53.000000, avanceR = 2.000000, avanceI = 2.000000
inc_x_r = 0.000000, inc_y_r = 1.000000, inc_x_i = 1.000000, inc_y_i = 1.000000
En el else......

----------------------------------------
x = 25.000000, y = 154.000000
avance = -51.000000, avanceR = 2.000000, avanceI = 2.000000
inc_x_r = 0.000000, inc_y_r = 1.000000, inc_x_i = 1.000000, inc_y_i = 1.000000
En el else......

----------------------------------------
x = 25.000000, y = 155.000000
avance = -49.000000, avanceR = 2.000000, avanceI = 2.000000
inc_x_r = 0.000000, inc_y_r = 1.000000, inc_x_i = 1.000000, inc_y_i = 1.000000
En el else......

----------------------------------------
x = 25.000000, y = 156.000000
avance = -47.000000, avanceR = 2.000000, avanceI = 2.000000
inc_x_r = 0.000000, inc_y_r = 1.000000, inc_x_i = 1.000000, inc_y_i = 1.000000
En el else......

----------------------------------------
x = 25.000000, y = 157.000000
avance = -45.000000, avanceR = 2.000000, avanceI = 2.000000
inc_x_r = 0.000000, inc_y_r = 1.000000, inc_x_i = 1.000000, inc_y_i = 1.000000
En el else......

----------------------------------------
x = 25.000000, y = 158.000000
avance = -43.000000, avanceR = 2.000000, avanceI = 2.000000
inc_x_r = 0.000000, inc_y_r = 1.000000, inc_x_i = 1.000000, inc_y_i = 1.000000
En el else......

----------------------------------------
x = 25.000000, y = 159.000000
avance = -41.000000, avanceR = 2.000000, avanceI = 2.000000
inc_x_r = 0.000000, inc_y_r = 1.000000, inc_x_i = 1.000000, inc_y_i = 1.000000
En el else......

----------------------------------------
x = 25.000000, y = 160.000000
avance = -39.000000, avanceR = 2.000000, avanceI = 2.000000
inc_x_r = 0.000000, inc_y_r = 1.000000, inc_x_i = 1.000000, inc_y_i = 1.000000
En el else......

----------------------------------------
x = 25.000000, y = 161.000000
avance = -37.000000, avanceR = 2.000000, avanceI = 2.000000
inc_x_r = 0.000000, inc_y_r = 1.000000, inc_x_i = 1.000000, inc_y_i = 1.000000
En el else......

----------------------------------------
x = 25.000000, y = 162.000000
avance = -35.000000, avanceR = 2.000000, avanceI = 2.000000
inc_x_r = 0.000000, inc_y_r = 1.000000, inc_x_i = 1.000000, inc_y_i = 1.000000
En el else......

----------------------------------------
x = 25.000000, y = 163.000000
avance = -33.000000, avanceR = 2.000000, avanceI = 2.000000
inc_x_r = 0.000000, inc_y_r = 1.000000, inc_x_i = 1.000000, inc_y_i = 1.000000
En el else......

----------------------------------------
x = 25.000000, y = 164.000000
avance = -31.000000, avanceR = 2.000000, avanceI = 2.000000
inc_x_r = 0.000000, inc_y_r = 1.000000, inc_x_i = 1.000000, inc_y_i = 1.000000
En el else......

----------------------------------------
x = 25.000000, y = 165.000000
avance = -29.000000, avanceR = 2.000000, avanceI = 2.000000
inc_x_r = 0.000000, inc_y_r = 1.000000, inc_x_i = 1.000000, inc_y_i = 1.000000
En el else......

----------------------------------------
x = 25.000000, y = 166.000000
avance = -27.000000, avanceR = 2.000000, avanceI = 2.000000
inc_x_r = 0.000000, inc_y_r = 1.000000, inc_x_i = 1.000000, inc_y_i = 1.000000
En el else......

----------------------------------------
x = 25.000000, y = 167.000000
avance = -25.000000, avanceR = 2.000000, avanceI = 2.000000
inc_x_r = 0.000000, inc_y_r = 1.000000, inc_x_i = 1.000000, inc_y_i = 1.000000
En el else......

----------------------------------------
x = 25.000000, y = 168.000000
avance = -23.000000, avanceR = 2.000000, avanceI = 2.000000
inc_x_r = 0.000000, inc_y_r = 1.000000, inc_x_i = 1.000000, inc_y_i = 1.000000
En el else......

----------------------------------------
x = 25.000000, y = 169.000000
avance = -21.000000, avanceR = 2.000000, avanceI = 2.000000
inc_x_r = 0.000000, inc_y_r = 1.000000, inc_x_i = 1.000000, inc_y_i = 1.000000
En el else......

----------------------------------------
x = 25.000000, y = 170.000000
avance = -19.000000, avanceR = 2.000000, avanceI = 2.000000
inc_x_r = 0.000000, inc_y_r = 1.000000, inc_x_i = 1.000000, inc_y_i = 1.000000
En el else......

----------------------------------------
x = 25.000000, y = 171.000000
avance = -17.000000, avanceR = 2.000000, avanceI = 2.000000
inc_x_r = 0.000000, inc_y_r = 1.000000, inc_x_i = 1.000000, inc_y_i = 1.000000
En el else......

----------------------------------------
x = 25.000000, y = 172.000000
avance = -15.000000, avanceR = 2.000000, avanceI = 2.000000
inc_x_r = 0.000000, inc_y_r = 1.000000, inc_x_i = 1.000000, inc_y_i = 1.000000
En el else......

----------------------------------------
x = 25.000000, y = 173.000000
avance = -13.000000, avanceR = 2.000000, avanceI = 2.000000
inc_x_r = 0.000000, inc_y_r = 1.000000, inc_x_i = 1.000000, inc_y_i = 1.000000
En el else......

----------------------------------------
x = 25.000000, y = 174.000000
avance = -11.000000, avanceR = 2.000000, avanceI = 2.000000
inc_x_r = 0.000000, inc_y_r = 1.000000, inc_x_i = 1.000000, inc_y_i = 1.000000
En el else......

----------------------------------------
x = 25.000000, y = 175.000000
avance = -9.000000, avanceR = 2.000000, avanceI = 2.000000
inc_x_r = 0.000000, inc_y_r = 1.000000, inc_x_i = 1.000000, inc_y_i = 1.000000
En el else......

----------------------------------------
x = 25.000000, y = 176.000000
avance = -7.000000, avanceR = 2.000000, avanceI = 2.000000
inc_x_r = 0.000000, inc_y_r = 1.000000, inc_x_i = 1.000000, inc_y_i = 1.000000
En el else......

----------------------------------------
x = 25.000000, y = 177.000000
avance = -5.000000, avanceR = 2.000000, avanceI = 2.000000
inc_x_r = 0.000000, inc_y_r = 1.000000, inc_x_i = 1.000000, inc_y_i = 1.000000
En el else......

----------------------------------------
x = 25.000000, y = 178.000000
avance = -3.000000, avanceR = 2.000000, avanceI = 2.000000
inc_x_r = 0.000000, inc_y_r = 1.000000, inc_x_i = 1.000000, inc_y_i = 1.000000
En el else......

----------------------------------------
x = 25.000000, y = 179.000000
avance = -1.000000, avanceR = 2.000000, avanceI = 2.000000
inc_x_r = 0.000000, inc_y_r = 1.000000, inc_x_i = 1.000000, inc_y_i = 1.000000
En el else......

----------------------------------------
x = 25.000000, y = 180.000000
avance = 1.000000, avanceR = 2.000000, avanceI = 2.000000
inc_x_r = 0.000000, inc_y_r = 1.000000, inc_x_i = 1.000000, inc_y_i = 1.000000
avance >= 0

----------------------------------------
x = 26.000000, y = 181.000000
avance = -499.000000, avanceR = 2.000000, avanceI = 2.000000
inc_x_r = 0.000000, inc_y_r = 1.000000, inc_x_i = 1.000000, inc_y_i = 1.000000
En el else......

----------------------------------------
x = 26.000000, y = 182.000000
avance = -497.000000, avanceR = 2.000000, avanceI = 2.000000
inc_x_r = 0.000000, inc_y_r = 1.000000, inc_x_i = 1.000000, inc_y_i = 1.000000
En el else......

----------------------------------------
x = 26.000000, y = 183.000000
avance = -495.000000, avanceR = 2.000000, avanceI = 2.000000
inc_x_r = 0.000000, inc_y_r = 1.000000, inc_x_i = 1.000000, inc_y_i = 1.000000
En el else......

----------------------------------------
x = 26.000000, y = 184.000000
avance = -493.000000, avanceR = 2.000000, avanceI = 2.000000
inc_x_r = 0.000000, inc_y_r = 1.000000, inc_x_i = 1.000000, inc_y_i = 1.000000
En el else......

----------------------------------------
x = 26.000000, y = 185.000000
avance = -491.000000, avanceR = 2.000000, avanceI = 2.000000
inc_x_r = 0.000000, inc_y_r = 1.000000, inc_x_i = 1.000000, inc_y_i = 1.000000
En el else......

----------------------------------------
x = 26.000000, y = 186.000000
avance = -489.000000, avanceR = 2.000000, avanceI = 2.000000
inc_x_r = 0.000000, inc_y_r = 1.000000, inc_x_i = 1.000000, inc_y_i = 1.000000
En el else......

----------------------------------------
x = 26.000000, y = 187.000000
avance = -487.000000, avanceR = 2.000000, avanceI = 2.000000
inc_x_r = 0.000000, inc_y_r = 1.000000, inc_x_i = 1.000000, inc_y_i = 1.000000
En el else......

----------------------------------------
x = 26.000000, y = 188.000000
avance = -485.000000, avanceR = 2.000000, avanceI = 2.000000
inc_x_r = 0.000000, inc_y_r = 1.000000, inc_x_i = 1.000000, inc_y_i = 1.000000
En el else......

----------------------------------------
x = 26.000000, y = 189.000000
avance = -483.000000, avanceR = 2.000000, avanceI = 2.000000
inc_x_r = 0.000000, inc_y_r = 1.000000, inc_x_i = 1.000000, inc_y_i = 1.000000
En el else......

----------------------------------------
x = 26.000000, y = 190.000000
avance = -481.000000, avanceR = 2.000000, avanceI = 2.000000
inc_x_r = 0.000000, inc_y_r = 1.000000, inc_x_i = 1.000000, inc_y_i = 1.000000
En el else......

----------------------------------------
x = 26.000000, y = 191.000000
avance = -479.000000, avanceR = 2.000000, avanceI = 2.000000
inc_x_r = 0.000000, inc_y_r = 1.000000, inc_x_i = 1.000000, inc_y_i = 1.000000
En el else......

----------------------------------------
x = 26.000000, y = 192.000000
avance = -477.000000, avanceR = 2.000000, avanceI = 2.000000
inc_x_r = 0.000000, inc_y_r = 1.000000, inc_x_i = 1.000000, inc_y_i = 1.000000
En el else......

----------------------------------------
x = 26.000000, y = 193.000000
avance = -475.000000, avanceR = 2.000000, avanceI = 2.000000
inc_x_r = 0.000000, inc_y_r = 1.000000, inc_x_i = 1.000000, inc_y_i = 1.000000
En el else......

----------------------------------------
x = 26.000000, y = 194.000000
avance = -473.000000, avanceR = 2.000000, avanceI = 2.000000
inc_x_r = 0.000000, inc_y_r = 1.000000, inc_x_i = 1.000000, inc_y_i = 1.000000
En el else......

----------------------------------------
x = 26.000000, y = 195.000000
avance = -471.000000, avanceR = 2.000000, avanceI = 2.000000
inc_x_r = 0.000000, inc_y_r = 1.000000, inc_x_i = 1.000000, inc_y_i = 1.000000
En el else......

----------------------------------------
x = 26.000000, y = 196.000000
avance = -469.000000, avanceR = 2.000000, avanceI = 2.000000
inc_x_r = 0.000000, inc_y_r = 1.000000, inc_x_i = 1.000000, inc_y_i = 1.000000
En el else......

----------------------------------------
x = 26.000000, y = 197.000000
avance = -467.000000, avanceR = 2.000000, avanceI = 2.000000
inc_x_r = 0.000000, inc_y_r = 1.000000, inc_x_i = 1.000000, inc_y_i = 1.000000
En el else......

----------------------------------------
x = 26.000000, y = 198.000000
avance = -465.000000, avanceR = 2.000000, avanceI = 2.000000
inc_x_r = 0.000000, inc_y_r = 1.000000, inc_x_i = 1.000000, inc_y_i = 1.000000
En el else......

----------------------------------------
x = 26.000000, y = 199.000000
avance = -463.000000, avanceR = 2.000000, avanceI = 2.000000
inc_x_r = 0.000000, inc_y_r = 1.000000, inc_x_i = 1.000000, inc_y_i = 1.000000
En el else......

----------------------------------------
x = 26.000000, y = 200.000000
avance = -461.000000, avanceR = 2.000000, avanceI = 2.000000
inc_x_r = 0.000000, inc_y_r = 1.000000, inc_x_i = 1.000000, inc_y_i = 1.000000
En el else......

----------------------------------------
x = 26.000000, y = 201.000000
avance = -459.000000, avanceR = 2.000000, avanceI = 2.000000
inc_x_r = 0.000000, inc_y_r = 1.000000, inc_x_i = 1.000000, inc_y_i = 1.000000
En el else......

----------------------------------------
x = 26.000000, y = 202.000000
avance = -457.000000, avanceR = 2.000000, avanceI = 2.000000
inc_x_r = 0.000000, inc_y_r = 1.000000, inc_x_i = 1.000000, inc_y_i = 1.000000
En el else......

----------------------------------------
x = 26.000000, y = 203.000000
avance = -455.000000, avanceR = 2.000000, avanceI = 2.000000
inc_x_r = 0.000000, inc_y_r = 1.000000, inc_x_i = 1.000000, inc_y_i = 1.000000
En el else......

----------------------------------------
x = 26.000000, y = 204.000000
avance = -453.000000, avanceR = 2.000000, avanceI = 2.000000
inc_x_r = 0.000000, inc_y_r = 1.000000, inc_x_i = 1.000000, inc_y_i = 1.000000
En el else......

----------------------------------------
x = 26.000000, y = 205.000000
avance = -451.000000, avanceR = 2.000000, avanceI = 2.000000
inc_x_r = 0.000000, inc_y_r = 1.000000, inc_x_i = 1.000000, inc_y_i = 1.000000
En el else......

----------------------------------------
x = 26.000000, y = 206.000000
avance = -449.000000, avanceR = 2.000000, avanceI = 2.000000
inc_x_r = 0.000000, inc_y_r = 1.000000, inc_x_i = 1.000000, inc_y_i = 1.000000
En el else......

----------------------------------------
x = 26.000000, y = 207.000000
avance = -447.000000, avanceR = 2.000000, avanceI = 2.000000
inc_x_r = 0.000000, inc_y_r = 1.000000, inc_x_i = 1.000000, inc_y_i = 1.000000
En el else......

----------------------------------------
x = 26.000000, y = 208.000000
avance = -445.000000, avanceR = 2.000000, avanceI = 2.000000
inc_x_r = 0.000000, inc_y_r = 1.000000, inc_x_i = 1.000000, inc_y_i = 1.000000
En el else......

----------------------------------------
x = 26.000000, y = 209.000000
avance = -443.000000, avanceR = 2.000000, avanceI = 2.000000
inc_x_r = 0.000000, inc_y_r = 1.000000, inc_x_i = 1.000000, inc_y_i = 1.000000
En el else......

----------------------------------------
x = 26.000000, y = 210.000000
avance = -441.000000, avanceR = 2.000000, avanceI = 2.000000
inc_x_r = 0.000000, inc_y_r = 1.000000, inc_x_i = 1.000000, inc_y_i = 1.000000
En el else......

----------------------------------------
x = 26.000000, y = 211.000000
avance = -439.000000, avanceR = 2.000000, avanceI = 2.000000
inc_x_r = 0.000000, inc_y_r = 1.000000, inc_x_i = 1.000000, inc_y_i = 1.000000
En el else......

----------------------------------------
x = 26.000000, y = 212.000000
avance = -437.000000, avanceR = 2.000000, avanceI = 2.000000
inc_x_r = 0.000000, inc_y_r = 1.000000, inc_x_i = 1.000000, inc_y_i = 1.000000
En el else......

----------------------------------------
x = 26.000000, y = 213.000000
avance = -435.000000, avanceR = 2.000000, avanceI = 2.000000
inc_x_r = 0.000000, inc_y_r = 1.000000, inc_x_i = 1.000000, inc_y_i = 1.000000
En el else......

----------------------------------------
x = 26.000000, y = 214.000000
avance = -433.000000, avanceR = 2.000000, avanceI = 2.000000
inc_x_r = 0.000000, inc_y_r = 1.000000, inc_x_i = 1.000000, inc_y_i = 1.000000
En el else......

----------------------------------------
x = 26.000000, y = 215.000000
avance = -431.000000, avanceR = 2.000000, avanceI = 2.000000
inc_x_r = 0.000000, inc_y_r = 1.000000, inc_x_i = 1.000000, inc_y_i = 1.000000
En el else......

----------------------------------------
x = 26.000000, y = 216.000000
avance = -429.000000, avanceR = 2.000000, avanceI = 2.000000
inc_x_r = 0.000000, inc_y_r = 1.000000, inc_x_i = 1.000000, inc_y_i = 1.000000
En el else......

----------------------------------------
x = 26.000000, y = 217.000000
avance = -427.000000, avanceR = 2.000000, avanceI = 2.000000
inc_x_r = 0.000000, inc_y_r = 1.000000, inc_x_i = 1.000000, inc_y_i = 1.000000
En el else......

----------------------------------------
x = 26.000000, y = 218.000000
avance = -425.000000, avanceR = 2.000000, avanceI = 2.000000
inc_x_r = 0.000000, inc_y_r = 1.000000, inc_x_i = 1.000000, inc_y_i = 1.000000
En el else......

----------------------------------------
x = 26.000000, y = 219.000000
avance = -423.000000, avanceR = 2.000000, avanceI = 2.000000
inc_x_r = 0.000000, inc_y_r = 1.000000, inc_x_i = 1.000000, inc_y_i = 1.000000
En el else......

----------------------------------------
x = 26.000000, y = 220.000000
avance = -421.000000, avanceR = 2.000000, avanceI = 2.000000
inc_x_r = 0.000000, inc_y_r = 1.000000, inc_x_i = 1.000000, inc_y_i = 1.000000
En el else......

----------------------------------------
x = 26.000000, y = 221.000000
avance = -419.000000, avanceR = 2.000000, avanceI = 2.000000
inc_x_r = 0.000000, inc_y_r = 1.000000, inc_x_i = 1.000000, inc_y_i = 1.000000
En el else......

----------------------------------------
x = 26.000000, y = 222.000000
avance = -417.000000, avanceR = 2.000000, avanceI = 2.000000
inc_x_r = 0.000000, inc_y_r = 1.000000, inc_x_i = 1.000000, inc_y_i = 1.000000
En el else......

----------------------------------------
x = 26.000000, y = 223.000000
avance = -415.000000, avanceR = 2.000000, avanceI = 2.000000
inc_x_r = 0.000000, inc_y_r = 1.000000, inc_x_i = 1.000000, inc_y_i = 1.000000
En el else......

----------------------------------------
x = 26.000000, y = 224.000000
avance = -413.000000, avanceR = 2.000000, avanceI = 2.000000
inc_x_r = 0.000000, inc_y_r = 1.000000, inc_x_i = 1.000000, inc_y_i = 1.000000
En el else......

----------------------------------------
x = 26.000000, y = 225.000000
avance = -411.000000, avanceR = 2.000000, avanceI = 2.000000
inc_x_r = 0.000000, inc_y_r = 1.000000, inc_x_i = 1.000000, inc_y_i = 1.000000
En el else......

----------------------------------------
x = 26.000000, y = 226.000000
avance = -409.000000, avanceR = 2.000000, avanceI = 2.000000
inc_x_r = 0.000000, inc_y_r = 1.000000, inc_x_i = 1.000000, inc_y_i = 1.000000
En el else......

----------------------------------------
x = 26.000000, y = 227.000000
avance = -407.000000, avanceR = 2.000000, avanceI = 2.000000
inc_x_r = 0.000000, inc_y_r = 1.000000, inc_x_i = 1.000000, inc_y_i = 1.000000
En el else......

----------------------------------------
x = 26.000000, y = 228.000000
avance = -405.000000, avanceR = 2.000000, avanceI = 2.000000
inc_x_r = 0.000000, inc_y_r = 1.000000, inc_x_i = 1.000000, inc_y_i = 1.000000
En el else......

----------------------------------------
x = 26.000000, y = 229.000000
avance = -403.000000, avanceR = 2.000000, avanceI = 2.000000
inc_x_r = 0.000000, inc_y_r = 1.000000, inc_x_i = 1.000000, inc_y_i = 1.000000
En el else......

----------------------------------------
x = 26.000000, y = 230.000000
avance = -401.000000, avanceR = 2.000000, avanceI = 2.000000
inc_x_r = 0.000000, inc_y_r = 1.000000, inc_x_i = 1.000000, inc_y_i = 1.000000
En el else......

----------------------------------------
x = 26.000000, y = 231.000000
avance = -399.000000, avanceR = 2.000000, avanceI = 2.000000
inc_x_r = 0.000000, inc_y_r = 1.000000, inc_x_i = 1.000000, inc_y_i = 1.000000
En el else......

----------------------------------------
x = 26.000000, y = 232.000000
avance = -397.000000, avanceR = 2.000000, avanceI = 2.000000
inc_x_r = 0.000000, inc_y_r = 1.000000, inc_x_i = 1.000000, inc_y_i = 1.000000
En el else......

----------------------------------------
x = 26.000000, y = 233.000000
avance = -395.000000, avanceR = 2.000000, avanceI = 2.000000
inc_x_r = 0.000000, inc_y_r = 1.000000, inc_x_i = 1.000000, inc_y_i = 1.000000
En el else......

----------------------------------------
x = 26.000000, y = 234.000000
avance = -393.000000, avanceR = 2.000000, avanceI = 2.000000
inc_x_r = 0.000000, inc_y_r = 1.000000, inc_x_i = 1.000000, inc_y_i = 1.000000
En el else......

----------------------------------------
x = 26.000000, y = 235.000000
avance = -391.000000, avanceR = 2.000000, avanceI = 2.000000
inc_x_r = 0.000000, inc_y_r = 1.000000, inc_x_i = 1.000000, inc_y_i = 1.000000
En el else......

----------------------------------------
x = 26.000000, y = 236.000000
avance = -389.000000, avanceR = 2.000000, avanceI = 2.000000
inc_x_r = 0.000000, inc_y_r = 1.000000, inc_x_i = 1.000000, inc_y_i = 1.000000
En el else......

----------------------------------------
x = 26.000000, y = 237.000000
avance = -387.000000, avanceR = 2.000000, avanceI = 2.000000
inc_x_r = 0.000000, inc_y_r = 1.000000, inc_x_i = 1.000000, inc_y_i = 1.000000
En el else......

----------------------------------------
x = 26.000000, y = 238.000000
avance = -385.000000, avanceR = 2.000000, avanceI = 2.000000
inc_x_r = 0.000000, inc_y_r = 1.000000, inc_x_i = 1.000000, inc_y_i = 1.000000
En el else......

----------------------------------------
x = 26.000000, y = 239.000000
avance = -383.000000, avanceR = 2.000000, avanceI = 2.000000
inc_x_r = 0.000000, inc_y_r = 1.000000, inc_x_i = 1.000000, inc_y_i = 1.000000
En el else......

----------------------------------------
x = 26.000000, y = 240.000000
avance = -381.000000, avanceR = 2.000000, avanceI = 2.000000
inc_x_r = 0.000000, inc_y_r = 1.000000, inc_x_i = 1.000000, inc_y_i = 1.000000
En el else......

----------------------------------------
x = 26.000000, y = 241.000000
avance = -379.000000, avanceR = 2.000000, avanceI = 2.000000
inc_x_r = 0.000000, inc_y_r = 1.000000, inc_x_i = 1.000000, inc_y_i = 1.000000
En el else......

----------------------------------------
x = 26.000000, y = 242.000000
avance = -377.000000, avanceR = 2.000000, avanceI = 2.000000
inc_x_r = 0.000000, inc_y_r = 1.000000, inc_x_i = 1.000000, inc_y_i = 1.000000
En el else......

----------------------------------------
x = 26.000000, y = 243.000000
avance = -375.000000, avanceR = 2.000000, avanceI = 2.000000
inc_x_r = 0.000000, inc_y_r = 1.000000, inc_x_i = 1.000000, inc_y_i = 1.000000
En el else......

----------------------------------------
x = 26.000000, y = 244.000000
avance = -373.000000, avanceR = 2.000000, avanceI = 2.000000
inc_x_r = 0.000000, inc_y_r = 1.000000, inc_x_i = 1.000000, inc_y_i = 1.000000
En el else......

----------------------------------------
x = 26.000000, y = 245.000000
avance = -371.000000, avanceR = 2.000000, avanceI = 2.000000
inc_x_r = 0.000000, inc_y_r = 1.000000, inc_x_i = 1.000000, inc_y_i = 1.000000
En el else......

----------------------------------------
x = 26.000000, y = 246.000000
avance = -369.000000, avanceR = 2.000000, avanceI = 2.000000
inc_x_r = 0.000000, inc_y_r = 1.000000, inc_x_i = 1.000000, inc_y_i = 1.000000
En el else......

----------------------------------------
x = 26.000000, y = 247.000000
avance = -367.000000, avanceR = 2.000000, avanceI = 2.000000
inc_x_r = 0.000000, inc_y_r = 1.000000, inc_x_i = 1.000000, inc_y_i = 1.000000
En el else......

----------------------------------------
x = 26.000000, y = 248.000000
avance = -365.000000, avanceR = 2.000000, avanceI = 2.000000
inc_x_r = 0.000000, inc_y_r = 1.000000, inc_x_i = 1.000000, inc_y_i = 1.000000
En el else......

----------------------------------------
x = 26.000000, y = 249.000000
avance = -363.000000, avanceR = 2.000000, avanceI = 2.000000
inc_x_r = 0.000000, inc_y_r = 1.000000, inc_x_i = 1.000000, inc_y_i = 1.000000
En el else......

----------------------------------------
x = 26.000000, y = 250.000000
avance = -361.000000, avanceR = 2.000000, avanceI = 2.000000
inc_x_r = 0.000000, inc_y_r = 1.000000, inc_x_i = 1.000000, inc_y_i = 1.000000
En el else......

----------------------------------------
x = 26.000000, y = 251.000000
avance = -359.000000, avanceR = 2.000000, avanceI = 2.000000
inc_x_r = 0.000000, inc_y_r = 1.000000, inc_x_i = 1.000000, inc_y_i = 1.000000
En el else......

----------------------------------------
x = 26.000000, y = 252.000000
avance = -357.000000, avanceR = 2.000000, avanceI = 2.000000
inc_x_r = 0.000000, inc_y_r = 1.000000, inc_x_i = 1.000000, inc_y_i = 1.000000
En el else......

----------------------------------------
x = 26.000000, y = 253.000000
avance = -355.000000, avanceR = 2.000000, avanceI = 2.000000
inc_x_r = 0.000000, inc_y_r = 1.000000, inc_x_i = 1.000000, inc_y_i = 1.000000
En el else......

----------------------------------------
x = 26.000000, y = 254.000000
avance = -353.000000, avanceR = 2.000000, avanceI = 2.000000
inc_x_r = 0.000000, inc_y_r = 1.000000, inc_x_i = 1.000000, inc_y_i = 1.000000
En el else......

----------------------------------------
x = 26.000000, y = 255.000000
avance = -351.000000, avanceR = 2.000000, avanceI = 2.000000
inc_x_r = 0.000000, inc_y_r = 1.000000, inc_x_i = 1.000000, inc_y_i = 1.000000
En el else......

----------------------------------------
x = 26.000000, y = 256.000000
avance = -349.000000, avanceR = 2.000000, avanceI = 2.000000
inc_x_r = 0.000000, inc_y_r = 1.000000, inc_x_i = 1.000000, inc_y_i = 1.000000
En el else......

----------------------------------------
x = 26.000000, y = 257.000000
avance = -347.000000, avanceR = 2.000000, avanceI = 2.000000
inc_x_r = 0.000000, inc_y_r = 1.000000, inc_x_i = 1.000000, inc_y_i = 1.000000
En el else......

----------------------------------------
x = 26.000000, y = 258.000000
avance = -345.000000, avanceR = 2.000000, avanceI = 2.000000
inc_x_r = 0.000000, inc_y_r = 1.000000, inc_x_i = 1.000000, inc_y_i = 1.000000
En el else......

----------------------------------------
x = 26.000000, y = 259.000000
avance = -343.000000, avanceR = 2.000000, avanceI = 2.000000
inc_x_r = 0.000000, inc_y_r = 1.000000, inc_x_i = 1.000000, inc_y_i = 1.000000
En el else......

----------------------------------------
x = 26.000000, y = 260.000000
avance = -341.000000, avanceR = 2.000000, avanceI = 2.000000
inc_x_r = 0.000000, inc_y_r = 1.000000, inc_x_i = 1.000000, inc_y_i = 1.000000
En el else......

----------------------------------------
x = 26.000000, y = 261.000000
avance = -339.000000, avanceR = 2.000000, avanceI = 2.000000
inc_x_r = 0.000000, inc_y_r = 1.000000, inc_x_i = 1.000000, inc_y_i = 1.000000
En el else......

----------------------------------------
x = 26.000000, y = 262.000000
avance = -337.000000, avanceR = 2.000000, avanceI = 2.000000
inc_x_r = 0.000000, inc_y_r = 1.000000, inc_x_i = 1.000000, inc_y_i = 1.000000
En el else......

----------------------------------------
x = 26.000000, y = 263.000000
avance = -335.000000, avanceR = 2.000000, avanceI = 2.000000
inc_x_r = 0.000000, inc_y_r = 1.000000, inc_x_i = 1.000000, inc_y_i = 1.000000
En el else......

----------------------------------------
x = 26.000000, y = 264.000000
avance = -333.000000, avanceR = 2.000000, avanceI = 2.000000
inc_x_r = 0.000000, inc_y_r = 1.000000, inc_x_i = 1.000000, inc_y_i = 1.000000
En el else......

----------------------------------------
x = 26.000000, y = 265.000000
avance = -331.000000, avanceR = 2.000000, avanceI = 2.000000
inc_x_r = 0.000000, inc_y_r = 1.000000, inc_x_i = 1.000000, inc_y_i = 1.000000
En el else......

----------------------------------------
x = 26.000000, y = 266.000000
avance = -329.000000, avanceR = 2.000000, avanceI = 2.000000
inc_x_r = 0.000000, inc_y_r = 1.000000, inc_x_i = 1.000000, inc_y_i = 1.000000
En el else......

----------------------------------------
x = 26.000000, y = 267.000000
avance = -327.000000, avanceR = 2.000000, avanceI = 2.000000
inc_x_r = 0.000000, inc_y_r = 1.000000, inc_x_i = 1.000000, inc_y_i = 1.000000
En el else......

----------------------------------------
x = 26.000000, y = 268.000000
avance = -325.000000, avanceR = 2.000000, avanceI = 2.000000
inc_x_r = 0.000000, inc_y_r = 1.000000, inc_x_i = 1.000000, inc_y_i = 1.000000
En el else......

----------------------------------------
x = 26.000000, y = 269.000000
avance = -323.000000, avanceR = 2.000000, avanceI = 2.000000
inc_x_r = 0.000000, inc_y_r = 1.000000, inc_x_i = 1.000000, inc_y_i = 1.000000
En el else......

----------------------------------------
x = 26.000000, y = 270.000000
avance = -321.000000, avanceR = 2.000000, avanceI = 2.000000
inc_x_r = 0.000000, inc_y_r = 1.000000, inc_x_i = 1.000000, inc_y_i = 1.000000
En el else......

----------------------------------------
x = 26.000000, y = 271.000000
avance = -319.000000, avanceR = 2.000000, avanceI = 2.000000
inc_x_r = 0.000000, inc_y_r = 1.000000, inc_x_i = 1.000000, inc_y_i = 1.000000
En el else......

----------------------------------------
x = 26.000000, y = 272.000000
avance = -317.000000, avanceR = 2.000000, avanceI = 2.000000
inc_x_r = 0.000000, inc_y_r = 1.000000, inc_x_i = 1.000000, inc_y_i = 1.000000
En el else......

----------------------------------------
x = 26.000000, y = 273.000000
avance = -315.000000, avanceR = 2.000000, avanceI = 2.000000
inc_x_r = 0.000000, inc_y_r = 1.000000, inc_x_i = 1.000000, inc_y_i = 1.000000
En el else......

----------------------------------------
x = 26.000000, y = 274.000000
avance = -313.000000, avanceR = 2.000000, avanceI = 2.000000
inc_x_r = 0.000000, inc_y_r = 1.000000, inc_x_i = 1.000000, inc_y_i = 1.000000
En el else......

----------------------------------------
x = 26.000000, y = 275.000000
avance = -311.000000, avanceR = 2.000000, avanceI = 2.000000
inc_x_r = 0.000000, inc_y_r = 1.000000, inc_x_i = 1.000000, inc_y_i = 1.000000
En el else......

----------------------------------------
x = 26.000000, y = 276.000000
avance = -309.000000, avanceR = 2.000000, avanceI = 2.000000
inc_x_r = 0.000000, inc_y_r = 1.000000, inc_x_i = 1.000000, inc_y_i = 1.000000
En el else......

----------------------------------------
x = 26.000000, y = 277.000000
avance = -307.000000, avanceR = 2.000000, avanceI = 2.000000
inc_x_r = 0.000000, inc_y_r = 1.000000, inc_x_i = 1.000000, inc_y_i = 1.000000
En el else......

----------------------------------------
x = 26.000000, y = 278.000000
avance = -305.000000, avanceR = 2.000000, avanceI = 2.000000
inc_x_r = 0.000000, inc_y_r = 1.000000, inc_x_i = 1.000000, inc_y_i = 1.000000
En el else......

----------------------------------------
x = 26.000000, y = 279.000000
avance = -303.000000, avanceR = 2.000000, avanceI = 2.000000
inc_x_r = 0.000000, inc_y_r = 1.000000, inc_x_i = 1.000000, inc_y_i = 1.000000
En el else......

----------------------------------------
x = 26.000000, y = 280.000000
avance = -301.000000, avanceR = 2.000000, avanceI = 2.000000
inc_x_r = 0.000000, inc_y_r = 1.000000, inc_x_i = 1.000000, inc_y_i = 1.000000
En el else......

----------------------------------------
x = 26.000000, y = 281.000000
avance = -299.000000, avanceR = 2.000000, avanceI = 2.000000
inc_x_r = 0.000000, inc_y_r = 1.000000, inc_x_i = 1.000000, inc_y_i = 1.000000
En el else......

----------------------------------------
x = 26.000000, y = 282.000000
avance = -297.000000, avanceR = 2.000000, avanceI = 2.000000
inc_x_r = 0.000000, inc_y_r = 1.000000, inc_x_i = 1.000000, inc_y_i = 1.000000
En el else......

----------------------------------------
x = 26.000000, y = 283.000000
avance = -295.000000, avanceR = 2.000000, avanceI = 2.000000
inc_x_r = 0.000000, inc_y_r = 1.000000, inc_x_i = 1.000000, inc_y_i = 1.000000
En el else......

----------------------------------------
x = 26.000000, y = 284.000000
avance = -293.000000, avanceR = 2.000000, avanceI = 2.000000
inc_x_r = 0.000000, inc_y_r = 1.000000, inc_x_i = 1.000000, inc_y_i = 1.000000
En el else......

----------------------------------------
x = 26.000000, y = 285.000000
avance = -291.000000, avanceR = 2.000000, avanceI = 2.000000
inc_x_r = 0.000000, inc_y_r = 1.000000, inc_x_i = 1.000000, inc_y_i = 1.000000
En el else......

----------------------------------------
x = 26.000000, y = 286.000000
avance = -289.000000, avanceR = 2.000000, avanceI = 2.000000
inc_x_r = 0.000000, inc_y_r = 1.000000, inc_x_i = 1.000000, inc_y_i = 1.000000
En el else......

----------------------------------------
x = 26.000000, y = 287.000000
avance = -287.000000, avanceR = 2.000000, avanceI = 2.000000
inc_x_r = 0.000000, inc_y_r = 1.000000, inc_x_i = 1.000000, inc_y_i = 1.000000
En el else......

----------------------------------------
x = 26.000000, y = 288.000000
avance = -285.000000, avanceR = 2.000000, avanceI = 2.000000
inc_x_r = 0.000000, inc_y_r = 1.000000, inc_x_i = 1.000000, inc_y_i = 1.000000
En el else......

----------------------------------------
x = 26.000000, y = 289.000000
avance = -283.000000, avanceR = 2.000000, avanceI = 2.000000
inc_x_r = 0.000000, inc_y_r = 1.000000, inc_x_i = 1.000000, inc_y_i = 1.000000
En el else......

----------------------------------------
x = 26.000000, y = 290.000000
avance = -281.000000, avanceR = 2.000000, avanceI = 2.000000
inc_x_r = 0.000000, inc_y_r = 1.000000, inc_x_i = 1.000000, inc_y_i = 1.000000
En el else......

----------------------------------------
x = 26.000000, y = 291.000000
avance = -279.000000, avanceR = 2.000000, avanceI = 2.000000
inc_x_r = 0.000000, inc_y_r = 1.000000, inc_x_i = 1.000000, inc_y_i = 1.000000
En el else......

----------------------------------------
x = 26.000000, y = 292.000000
avance = -277.000000, avanceR = 2.000000, avanceI = 2.000000
inc_x_r = 0.000000, inc_y_r = 1.000000, inc_x_i = 1.000000, inc_y_i = 1.000000
En el else......

----------------------------------------
x = 26.000000, y = 293.000000
avance = -275.000000, avanceR = 2.000000, avanceI = 2.000000
inc_x_r = 0.000000, inc_y_r = 1.000000, inc_x_i = 1.000000, inc_y_i = 1.000000
En el else......

----------------------------------------
x = 26.000000, y = 294.000000
avance = -273.000000, avanceR = 2.000000, avanceI = 2.000000
inc_x_r = 0.000000, inc_y_r = 1.000000, inc_x_i = 1.000000, inc_y_i = 1.000000
En el else......

----------------------------------------
x = 26.000000, y = 295.000000
avance = -271.000000, avanceR = 2.000000, avanceI = 2.000000
inc_x_r = 0.000000, inc_y_r = 1.000000, inc_x_i = 1.000000, inc_y_i = 1.000000
En el else......

----------------------------------------
x = 26.000000, y = 296.000000
avance = -269.000000, avanceR = 2.000000, avanceI = 2.000000
inc_x_r = 0.000000, inc_y_r = 1.000000, inc_x_i = 1.000000, inc_y_i = 1.000000
En el else......

----------------------------------------
x = 26.000000, y = 297.000000
avance = -267.000000, avanceR = 2.000000, avanceI = 2.000000
inc_x_r = 0.000000, inc_y_r = 1.000000, inc_x_i = 1.000000, inc_y_i = 1.000000
En el else......

----------------------------------------
x = 26.000000, y = 298.000000
avance = -265.000000, avanceR = 2.000000, avanceI = 2.000000
inc_x_r = 0.000000, inc_y_r = 1.000000, inc_x_i = 1.000000, inc_y_i = 1.000000
En el else......

----------------------------------------
x = 26.000000, y = 299.000000
avance = -263.000000, avanceR = 2.000000, avanceI = 2.000000
inc_x_r = 0.000000, inc_y_r = 1.000000, inc_x_i = 1.000000, inc_y_i = 1.000000
En el else......

----------------------------------------
x = 26.000000, y = 300.000000
avance = -261.000000, avanceR = 2.000000, avanceI = 2.000000
inc_x_r = 0.000000, inc_y_r = 1.000000, inc_x_i = 1.000000, inc_y_i = 1.000000
En el else......

----------------------------------------
x = 26.000000, y = 301.000000
avance = -259.000000, avanceR = 2.000000, avanceI = 2.000000
inc_x_r = 0.000000, inc_y_r = 1.000000, inc_x_i = 1.000000, inc_y_i = 1.000000
En el else......

----------------------------------------
x = 26.000000, y = 302.000000
avance = -257.000000, avanceR = 2.000000, avanceI = 2.000000
inc_x_r = 0.000000, inc_y_r = 1.000000, inc_x_i = 1.000000, inc_y_i = 1.000000
En el else......

----------------------------------------
x = 26.000000, y = 303.000000
avance = -255.000000, avanceR = 2.000000, avanceI = 2.000000
inc_x_r = 0.000000, inc_y_r = 1.000000, inc_x_i = 1.000000, inc_y_i = 1.000000
En el else......

----------------------------------------
x = 26.000000, y = 304.000000
avance = -253.000000, avanceR = 2.000000, avanceI = 2.000000
inc_x_r = 0.000000, inc_y_r = 1.000000, inc_x_i = 1.000000, inc_y_i = 1.000000
En el else......

----------------------------------------
x = 26.000000, y = 305.000000
avance = -251.000000, avanceR = 2.000000, avanceI = 2.000000
inc_x_r = 0.000000, inc_y_r = 1.000000, inc_x_i = 1.000000, inc_y_i = 1.000000
En el else......

----------------------------------------


ENTRAMOS A BRESENHAMªªªª
x1 = 25.000000 - y1 = 55.000000 || x2 = 26.000000 - y2 = 306.000000
dy = 251.000000, dx = 1.000000
avances inclinados: inc_x_i = 1.000000, inc_y_i = 1.000000
updated: dy = 251.000000, dx = 1.000000
avances rectos: inc_x_r = 0.000000, inc_y_r 1.000000
reupdated: dy = 1.000000, dx = 251.000000
avanceR = 2.000000, avance -249.000000, avanceI 2.000000
----------------------------------------
x = 25.000000, y = 55.000000
avance = -249.000000, avanceR = 2.000000, avanceI = 2.000000
inc_x_r = 0.000000, inc_y_r = 1.000000, inc_x_i = 1.000000, inc_y_i = 1.000000
En el else......

----------------------------------------
x = 25.000000, y = 56.000000
avance = -247.000000, avanceR = 2.000000, avanceI = 2.000000
inc_x_r = 0.000000, inc_y_r = 1.000000, inc_x_i = 1.000000, inc_y_i = 1.000000
En el else......

----------------------------------------
x = 25.000000, y = 57.000000
avance = -245.000000, avanceR = 2.000000, avanceI = 2.000000
inc_x_r = 0.000000, inc_y_r = 1.000000, inc_x_i = 1.000000, inc_y_i = 1.000000
En el else......

----------------------------------------
x = 25.000000, y = 58.000000
avance = -243.000000, avanceR = 2.000000, avanceI = 2.000000
inc_x_r = 0.000000, inc_y_r = 1.000000, inc_x_i = 1.000000, inc_y_i = 1.000000
En el else......

----------------------------------------
x = 25.000000, y = 59.000000
avance = -241.000000, avanceR = 2.000000, avanceI = 2.000000
inc_x_r = 0.000000, inc_y_r = 1.000000, inc_x_i = 1.000000, inc_y_i = 1.000000
En el else......

----------------------------------------
x = 25.000000, y = 60.000000
avance = -239.000000, avanceR = 2.000000, avanceI = 2.000000
inc_x_r = 0.000000, inc_y_r = 1.000000, inc_x_i = 1.000000, inc_y_i = 1.000000
En el else......

----------------------------------------
x = 25.000000, y = 61.000000
avance = -237.000000, avanceR = 2.000000, avanceI = 2.000000
inc_x_r = 0.000000, inc_y_r = 1.000000, inc_x_i = 1.000000, inc_y_i = 1.000000
En el else......

----------------------------------------
x = 25.000000, y = 62.000000
avance = -235.000000, avanceR = 2.000000, avanceI = 2.000000
inc_x_r = 0.000000, inc_y_r = 1.000000, inc_x_i = 1.000000, inc_y_i = 1.000000
En el else......

----------------------------------------
x = 25.000000, y = 63.000000
avance = -233.000000, avanceR = 2.000000, avanceI = 2.000000
inc_x_r = 0.000000, inc_y_r = 1.000000, inc_x_i = 1.000000, inc_y_i = 1.000000
En el else......

----------------------------------------
x = 25.000000, y = 64.000000
avance = -231.000000, avanceR = 2.000000, avanceI = 2.000000
inc_x_r = 0.000000, inc_y_r = 1.000000, inc_x_i = 1.000000, inc_y_i = 1.000000
En el else......

----------------------------------------
x = 25.000000, y = 65.000000
avance = -229.000000, avanceR = 2.000000, avanceI = 2.000000
inc_x_r = 0.000000, inc_y_r = 1.000000, inc_x_i = 1.000000, inc_y_i = 1.000000
En el else......

----------------------------------------
x = 25.000000, y = 66.000000
avance = -227.000000, avanceR = 2.000000, avanceI = 2.000000
inc_x_r = 0.000000, inc_y_r = 1.000000, inc_x_i = 1.000000, inc_y_i = 1.000000
En el else......

----------------------------------------
x = 25.000000, y = 67.000000
avance = -225.000000, avanceR = 2.000000, avanceI = 2.000000
inc_x_r = 0.000000, inc_y_r = 1.000000, inc_x_i = 1.000000, inc_y_i = 1.000000
En el else......

----------------------------------------
x = 25.000000, y = 68.000000
avance = -223.000000, avanceR = 2.000000, avanceI = 2.000000
inc_x_r = 0.000000, inc_y_r = 1.000000, inc_x_i = 1.000000, inc_y_i = 1.000000
En el else......

----------------------------------------
x = 25.000000, y = 69.000000
avance = -221.000000, avanceR = 2.000000, avanceI = 2.000000
inc_x_r = 0.000000, inc_y_r = 1.000000, inc_x_i = 1.000000, inc_y_i = 1.000000
En el else......

----------------------------------------
x = 25.000000, y = 70.000000
avance = -219.000000, avanceR = 2.000000, avanceI = 2.000000
inc_x_r = 0.000000, inc_y_r = 1.000000, inc_x_i = 1.000000, inc_y_i = 1.000000
En el else......

----------------------------------------
x = 25.000000, y = 71.000000
avance = -217.000000, avanceR = 2.000000, avanceI = 2.000000
inc_x_r = 0.000000, inc_y_r = 1.000000, inc_x_i = 1.000000, inc_y_i = 1.000000
En el else......

----------------------------------------
x = 25.000000, y = 72.000000
avance = -215.000000, avanceR = 2.000000, avanceI = 2.000000
inc_x_r = 0.000000, inc_y_r = 1.000000, inc_x_i = 1.000000, inc_y_i = 1.000000
En el else......

----------------------------------------
x = 25.000000, y = 73.000000
avance = -213.000000, avanceR = 2.000000, avanceI = 2.000000
inc_x_r = 0.000000, inc_y_r = 1.000000, inc_x_i = 1.000000, inc_y_i = 1.000000
En el else......

----------------------------------------
x = 25.000000, y = 74.000000
avance = -211.000000, avanceR = 2.000000, avanceI = 2.000000
inc_x_r = 0.000000, inc_y_r = 1.000000, inc_x_i = 1.000000, inc_y_i = 1.000000
En el else......

----------------------------------------
x = 25.000000, y = 75.000000
avance = -209.000000, avanceR = 2.000000, avanceI = 2.000000
inc_x_r = 0.000000, inc_y_r = 1.000000, inc_x_i = 1.000000, inc_y_i = 1.000000
En el else......

----------------------------------------
x = 25.000000, y = 76.000000
avance = -207.000000, avanceR = 2.000000, avanceI = 2.000000
inc_x_r = 0.000000, inc_y_r = 1.000000, inc_x_i = 1.000000, inc_y_i = 1.000000
En el else......

----------------------------------------
x = 25.000000, y = 77.000000
avance = -205.000000, avanceR = 2.000000, avanceI = 2.000000
inc_x_r = 0.000000, inc_y_r = 1.000000, inc_x_i = 1.000000, inc_y_i = 1.000000
En el else......

----------------------------------------
x = 25.000000, y = 78.000000
avance = -203.000000, avanceR = 2.000000, avanceI = 2.000000
inc_x_r = 0.000000, inc_y_r = 1.000000, inc_x_i = 1.000000, inc_y_i = 1.000000
En el else......

----------------------------------------
x = 25.000000, y = 79.000000
avance = -201.000000, avanceR = 2.000000, avanceI = 2.000000
inc_x_r = 0.000000, inc_y_r = 1.000000, inc_x_i = 1.000000, inc_y_i = 1.000000
En el else......

----------------------------------------
x = 25.000000, y = 80.000000
avance = -199.000000, avanceR = 2.000000, avanceI = 2.000000
inc_x_r = 0.000000, inc_y_r = 1.000000, inc_x_i = 1.000000, inc_y_i = 1.000000
En el else......

----------------------------------------
x = 25.000000, y = 81.000000
avance = -197.000000, avanceR = 2.000000, avanceI = 2.000000
inc_x_r = 0.000000, inc_y_r = 1.000000, inc_x_i = 1.000000, inc_y_i = 1.000000
En el else......

----------------------------------------
x = 25.000000, y = 82.000000
avance = -195.000000, avanceR = 2.000000, avanceI = 2.000000
inc_x_r = 0.000000, inc_y_r = 1.000000, inc_x_i = 1.000000, inc_y_i = 1.000000
En el else......

----------------------------------------
x = 25.000000, y = 83.000000
avance = -193.000000, avanceR = 2.000000, avanceI = 2.000000
inc_x_r = 0.000000, inc_y_r = 1.000000, inc_x_i = 1.000000, inc_y_i = 1.000000
En el else......

----------------------------------------
x = 25.000000, y = 84.000000
avance = -191.000000, avanceR = 2.000000, avanceI = 2.000000
inc_x_r = 0.000000, inc_y_r = 1.000000, inc_x_i = 1.000000, inc_y_i = 1.000000
En el else......

----------------------------------------
x = 25.000000, y = 85.000000
avance = -189.000000, avanceR = 2.000000, avanceI = 2.000000
inc_x_r = 0.000000, inc_y_r = 1.000000, inc_x_i = 1.000000, inc_y_i = 1.000000
En el else......

----------------------------------------
x = 25.000000, y = 86.000000
avance = -187.000000, avanceR = 2.000000, avanceI = 2.000000
inc_x_r = 0.000000, inc_y_r = 1.000000, inc_x_i = 1.000000, inc_y_i = 1.000000
En el else......

----------------------------------------
x = 25.000000, y = 87.000000
avance = -185.000000, avanceR = 2.000000, avanceI = 2.000000
inc_x_r = 0.000000, inc_y_r = 1.000000, inc_x_i = 1.000000, inc_y_i = 1.000000
En el else......

----------------------------------------
x = 25.000000, y = 88.000000
avance = -183.000000, avanceR = 2.000000, avanceI = 2.000000
inc_x_r = 0.000000, inc_y_r = 1.000000, inc_x_i = 1.000000, inc_y_i = 1.000000
En el else......

----------------------------------------
x = 25.000000, y = 89.000000
avance = -181.000000, avanceR = 2.000000, avanceI = 2.000000
inc_x_r = 0.000000, inc_y_r = 1.000000, inc_x_i = 1.000000, inc_y_i = 1.000000
En el else......

----------------------------------------
x = 25.000000, y = 90.000000
avance = -179.000000, avanceR = 2.000000, avanceI = 2.000000
inc_x_r = 0.000000, inc_y_r = 1.000000, inc_x_i = 1.000000, inc_y_i = 1.000000
En el else......

----------------------------------------
x = 25.000000, y = 91.000000
avance = -177.000000, avanceR = 2.000000, avanceI = 2.000000
inc_x_r = 0.000000, inc_y_r = 1.000000, inc_x_i = 1.000000, inc_y_i = 1.000000
En el else......

----------------------------------------
x = 25.000000, y = 92.000000
avance = -175.000000, avanceR = 2.000000, avanceI = 2.000000
inc_x_r = 0.000000, inc_y_r = 1.000000, inc_x_i = 1.000000, inc_y_i = 1.000000
En el else......

----------------------------------------
x = 25.000000, y = 93.000000
avance = -173.000000, avanceR = 2.000000, avanceI = 2.000000
inc_x_r = 0.000000, inc_y_r = 1.000000, inc_x_i = 1.000000, inc_y_i = 1.000000
En el else......

----------------------------------------
x = 25.000000, y = 94.000000
avance = -171.000000, avanceR = 2.000000, avanceI = 2.000000
inc_x_r = 0.000000, inc_y_r = 1.000000, inc_x_i = 1.000000, inc_y_i = 1.000000
En el else......

----------------------------------------
x = 25.000000, y = 95.000000
avance = -169.000000, avanceR = 2.000000, avanceI = 2.000000
inc_x_r = 0.000000, inc_y_r = 1.000000, inc_x_i = 1.000000, inc_y_i = 1.000000
En el else......

----------------------------------------
x = 25.000000, y = 96.000000
avance = -167.000000, avanceR = 2.000000, avanceI = 2.000000
inc_x_r = 0.000000, inc_y_r = 1.000000, inc_x_i = 1.000000, inc_y_i = 1.000000
En el else......

----------------------------------------
x = 25.000000, y = 97.000000
avance = -165.000000, avanceR = 2.000000, avanceI = 2.000000
inc_x_r = 0.000000, inc_y_r = 1.000000, inc_x_i = 1.000000, inc_y_i = 1.000000
En el else......

----------------------------------------
x = 25.000000, y = 98.000000
avance = -163.000000, avanceR = 2.000000, avanceI = 2.000000
inc_x_r = 0.000000, inc_y_r = 1.000000, inc_x_i = 1.000000, inc_y_i = 1.000000
En el else......

----------------------------------------
x = 25.000000, y = 99.000000
avance = -161.000000, avanceR = 2.000000, avanceI = 2.000000
inc_x_r = 0.000000, inc_y_r = 1.000000, inc_x_i = 1.000000, inc_y_i = 1.000000
En el else......

----------------------------------------
x = 25.000000, y = 100.000000
avance = -159.000000, avanceR = 2.000000, avanceI = 2.000000
inc_x_r = 0.000000, inc_y_r = 1.000000, inc_x_i = 1.000000, inc_y_i = 1.000000
En el else......

----------------------------------------
x = 25.000000, y = 101.000000
avance = -157.000000, avanceR = 2.000000, avanceI = 2.000000
inc_x_r = 0.000000, inc_y_r = 1.000000, inc_x_i = 1.000000, inc_y_i = 1.000000
En el else......

----------------------------------------
x = 25.000000, y = 102.000000
avance = -155.000000, avanceR = 2.000000, avanceI = 2.000000
inc_x_r = 0.000000, inc_y_r = 1.000000, inc_x_i = 1.000000, inc_y_i = 1.000000
En el else......

----------------------------------------
x = 25.000000, y = 103.000000
avance = -153.000000, avanceR = 2.000000, avanceI = 2.000000
inc_x_r = 0.000000, inc_y_r = 1.000000, inc_x_i = 1.000000, inc_y_i = 1.000000
En el else......

----------------------------------------
x = 25.000000, y = 104.000000
avance = -151.000000, avanceR = 2.000000, avanceI = 2.000000
inc_x_r = 0.000000, inc_y_r = 1.000000, inc_x_i = 1.000000, inc_y_i = 1.000000
En el else......

----------------------------------------
x = 25.000000, y = 105.000000
avance = -149.000000, avanceR = 2.000000, avanceI = 2.000000
inc_x_r = 0.000000, inc_y_r = 1.000000, inc_x_i = 1.000000, inc_y_i = 1.000000
En el else......

----------------------------------------
x = 25.000000, y = 106.000000
avance = -147.000000, avanceR = 2.000000, avanceI = 2.000000
inc_x_r = 0.000000, inc_y_r = 1.000000, inc_x_i = 1.000000, inc_y_i = 1.000000
En el else......

----------------------------------------
x = 25.000000, y = 107.000000
avance = -145.000000, avanceR = 2.000000, avanceI = 2.000000
inc_x_r = 0.000000, inc_y_r = 1.000000, inc_x_i = 1.000000, inc_y_i = 1.000000
En el else......

----------------------------------------
x = 25.000000, y = 108.000000
avance = -143.000000, avanceR = 2.000000, avanceI = 2.000000
inc_x_r = 0.000000, inc_y_r = 1.000000, inc_x_i = 1.000000, inc_y_i = 1.000000
En el else......

----------------------------------------
x = 25.000000, y = 109.000000
avance = -141.000000, avanceR = 2.000000, avanceI = 2.000000
inc_x_r = 0.000000, inc_y_r = 1.000000, inc_x_i = 1.000000, inc_y_i = 1.000000
En el else......

----------------------------------------
x = 25.000000, y = 110.000000
avance = -139.000000, avanceR = 2.000000, avanceI = 2.000000
inc_x_r = 0.000000, inc_y_r = 1.000000, inc_x_i = 1.000000, inc_y_i = 1.000000
En el else......

----------------------------------------
x = 25.000000, y = 111.000000
avance = -137.000000, avanceR = 2.000000, avanceI = 2.000000
inc_x_r = 0.000000, inc_y_r = 1.000000, inc_x_i = 1.000000, inc_y_i = 1.000000
En el else......

----------------------------------------
x = 25.000000, y = 112.000000
avance = -135.000000, avanceR = 2.000000, avanceI = 2.000000
inc_x_r = 0.000000, inc_y_r = 1.000000, inc_x_i = 1.000000, inc_y_i = 1.000000
En el else......

----------------------------------------
x = 25.000000, y = 113.000000
avance = -133.000000, avanceR = 2.000000, avanceI = 2.000000
inc_x_r = 0.000000, inc_y_r = 1.000000, inc_x_i = 1.000000, inc_y_i = 1.000000
En el else......

----------------------------------------
x = 25.000000, y = 114.000000
avance = -131.000000, avanceR = 2.000000, avanceI = 2.000000
inc_x_r = 0.000000, inc_y_r = 1.000000, inc_x_i = 1.000000, inc_y_i = 1.000000
En el else......

----------------------------------------
x = 25.000000, y = 115.000000
avance = -129.000000, avanceR = 2.000000, avanceI = 2.000000
inc_x_r = 0.000000, inc_y_r = 1.000000, inc_x_i = 1.000000, inc_y_i = 1.000000
En el else......

----------------------------------------
x = 25.000000, y = 116.000000
avance = -127.000000, avanceR = 2.000000, avanceI = 2.000000
inc_x_r = 0.000000, inc_y_r = 1.000000, inc_x_i = 1.000000, inc_y_i = 1.000000
En el else......

----------------------------------------
x = 25.000000, y = 117.000000
avance = -125.000000, avanceR = 2.000000, avanceI = 2.000000
inc_x_r = 0.000000, inc_y_r = 1.000000, inc_x_i = 1.000000, inc_y_i = 1.000000
En el else......

----------------------------------------
x = 25.000000, y = 118.000000
avance = -123.000000, avanceR = 2.000000, avanceI = 2.000000
inc_x_r = 0.000000, inc_y_r = 1.000000, inc_x_i = 1.000000, inc_y_i = 1.000000
En el else......

----------------------------------------
x = 25.000000, y = 119.000000
avance = -121.000000, avanceR = 2.000000, avanceI = 2.000000
inc_x_r = 0.000000, inc_y_r = 1.000000, inc_x_i = 1.000000, inc_y_i = 1.000000
En el else......

----------------------------------------
x = 25.000000, y = 120.000000
avance = -119.000000, avanceR = 2.000000, avanceI = 2.000000
inc_x_r = 0.000000, inc_y_r = 1.000000, inc_x_i = 1.000000, inc_y_i = 1.000000
En el else......

----------------------------------------
x = 25.000000, y = 121.000000
avance = -117.000000, avanceR = 2.000000, avanceI = 2.000000
inc_x_r = 0.000000, inc_y_r = 1.000000, inc_x_i = 1.000000, inc_y_i = 1.000000
En el else......

----------------------------------------
x = 25.000000, y = 122.000000
avance = -115.000000, avanceR = 2.000000, avanceI = 2.000000
inc_x_r = 0.000000, inc_y_r = 1.000000, inc_x_i = 1.000000, inc_y_i = 1.000000
En el else......

----------------------------------------
x = 25.000000, y = 123.000000
avance = -113.000000, avanceR = 2.000000, avanceI = 2.000000
inc_x_r = 0.000000, inc_y_r = 1.000000, inc_x_i = 1.000000, inc_y_i = 1.000000
En el else......

----------------------------------------
x = 25.000000, y = 124.000000
avance = -111.000000, avanceR = 2.000000, avanceI = 2.000000
inc_x_r = 0.000000, inc_y_r = 1.000000, inc_x_i = 1.000000, inc_y_i = 1.000000
En el else......

----------------------------------------
x = 25.000000, y = 125.000000
avance = -109.000000, avanceR = 2.000000, avanceI = 2.000000
inc_x_r = 0.000000, inc_y_r = 1.000000, inc_x_i = 1.000000, inc_y_i = 1.000000
En el else......

----------------------------------------
x = 25.000000, y = 126.000000
avance = -107.000000, avanceR = 2.000000, avanceI = 2.000000
inc_x_r = 0.000000, inc_y_r = 1.000000, inc_x_i = 1.000000, inc_y_i = 1.000000
En el else......

----------------------------------------
x = 25.000000, y = 127.000000
avance = -105.000000, avanceR = 2.000000, avanceI = 2.000000
inc_x_r = 0.000000, inc_y_r = 1.000000, inc_x_i = 1.000000, inc_y_i = 1.000000
En el else......

----------------------------------------
x = 25.000000, y = 128.000000
avance = -103.000000, avanceR = 2.000000, avanceI = 2.000000
inc_x_r = 0.000000, inc_y_r = 1.000000, inc_x_i = 1.000000, inc_y_i = 1.000000
En el else......

----------------------------------------
x = 25.000000, y = 129.000000
avance = -101.000000, avanceR = 2.000000, avanceI = 2.000000
inc_x_r = 0.000000, inc_y_r = 1.000000, inc_x_i = 1.000000, inc_y_i = 1.000000
En el else......

----------------------------------------
x = 25.000000, y = 130.000000
avance = -99.000000, avanceR = 2.000000, avanceI = 2.000000
inc_x_r = 0.000000, inc_y_r = 1.000000, inc_x_i = 1.000000, inc_y_i = 1.000000
En el else......

----------------------------------------
x = 25.000000, y = 131.000000
avance = -97.000000, avanceR = 2.000000, avanceI = 2.000000
inc_x_r = 0.000000, inc_y_r = 1.000000, inc_x_i = 1.000000, inc_y_i = 1.000000
En el else......

----------------------------------------
x = 25.000000, y = 132.000000
avance = -95.000000, avanceR = 2.000000, avanceI = 2.000000
inc_x_r = 0.000000, inc_y_r = 1.000000, inc_x_i = 1.000000, inc_y_i = 1.000000
En el else......

----------------------------------------
x = 25.000000, y = 133.000000
avance = -93.000000, avanceR = 2.000000, avanceI = 2.000000
inc_x_r = 0.000000, inc_y_r = 1.000000, inc_x_i = 1.000000, inc_y_i = 1.000000
En el else......

----------------------------------------
x = 25.000000, y = 134.000000
avance = -91.000000, avanceR = 2.000000, avanceI = 2.000000
inc_x_r = 0.000000, inc_y_r = 1.000000, inc_x_i = 1.000000, inc_y_i = 1.000000
En el else......

----------------------------------------
x = 25.000000, y = 135.000000
avance = -89.000000, avanceR = 2.000000, avanceI = 2.000000
inc_x_r = 0.000000, inc_y_r = 1.000000, inc_x_i = 1.000000, inc_y_i = 1.000000
En el else......

----------------------------------------
x = 25.000000, y = 136.000000
avance = -87.000000, avanceR = 2.000000, avanceI = 2.000000
inc_x_r = 0.000000, inc_y_r = 1.000000, inc_x_i = 1.000000, inc_y_i = 1.000000
En el else......

----------------------------------------
x = 25.000000, y = 137.000000
avance = -85.000000, avanceR = 2.000000, avanceI = 2.000000
inc_x_r = 0.000000, inc_y_r = 1.000000, inc_x_i = 1.000000, inc_y_i = 1.000000
En el else......

----------------------------------------
x = 25.000000, y = 138.000000
avance = -83.000000, avanceR = 2.000000, avanceI = 2.000000
inc_x_r = 0.000000, inc_y_r = 1.000000, inc_x_i = 1.000000, inc_y_i = 1.000000
En el else......

----------------------------------------
x = 25.000000, y = 139.000000
avance = -81.000000, avanceR = 2.000000, avanceI = 2.000000
inc_x_r = 0.000000, inc_y_r = 1.000000, inc_x_i = 1.000000, inc_y_i = 1.000000
En el else......

----------------------------------------
x = 25.000000, y = 140.000000
avance = -79.000000, avanceR = 2.000000, avanceI = 2.000000
inc_x_r = 0.000000, inc_y_r = 1.000000, inc_x_i = 1.000000, inc_y_i = 1.000000
En el else......

----------------------------------------
x = 25.000000, y = 141.000000
avance = -77.000000, avanceR = 2.000000, avanceI = 2.000000
inc_x_r = 0.000000, inc_y_r = 1.000000, inc_x_i = 1.000000, inc_y_i = 1.000000
En el else......

----------------------------------------
x = 25.000000, y = 142.000000
avance = -75.000000, avanceR = 2.000000, avanceI = 2.000000
inc_x_r = 0.000000, inc_y_r = 1.000000, inc_x_i = 1.000000, inc_y_i = 1.000000
En el else......

----------------------------------------
x = 25.000000, y = 143.000000
avance = -73.000000, avanceR = 2.000000, avanceI = 2.000000
inc_x_r = 0.000000, inc_y_r = 1.000000, inc_x_i = 1.000000, inc_y_i = 1.000000
En el else......

----------------------------------------
x = 25.000000, y = 144.000000
avance = -71.000000, avanceR = 2.000000, avanceI = 2.000000
inc_x_r = 0.000000, inc_y_r = 1.000000, inc_x_i = 1.000000, inc_y_i = 1.000000
En el else......

----------------------------------------
x = 25.000000, y = 145.000000
avance = -69.000000, avanceR = 2.000000, avanceI = 2.000000
inc_x_r = 0.000000, inc_y_r = 1.000000, inc_x_i = 1.000000, inc_y_i = 1.000000
En el else......

----------------------------------------
x = 25.000000, y = 146.000000
avance = -67.000000, avanceR = 2.000000, avanceI = 2.000000
inc_x_r = 0.000000, inc_y_r = 1.000000, inc_x_i = 1.000000, inc_y_i = 1.000000
En el else......

----------------------------------------
x = 25.000000, y = 147.000000
avance = -65.000000, avanceR = 2.000000, avanceI = 2.000000
inc_x_r = 0.000000, inc_y_r = 1.000000, inc_x_i = 1.000000, inc_y_i = 1.000000
En el else......

----------------------------------------
x = 25.000000, y = 148.000000
avance = -63.000000, avanceR = 2.000000, avanceI = 2.000000
inc_x_r = 0.000000, inc_y_r = 1.000000, inc_x_i = 1.000000, inc_y_i = 1.000000
En el else......

----------------------------------------
x = 25.000000, y = 149.000000
avance = -61.000000, avanceR = 2.000000, avanceI = 2.000000
inc_x_r = 0.000000, inc_y_r = 1.000000, inc_x_i = 1.000000, inc_y_i = 1.000000
En el else......

----------------------------------------
x = 25.000000, y = 150.000000
avance = -59.000000, avanceR = 2.000000, avanceI = 2.000000
inc_x_r = 0.000000, inc_y_r = 1.000000, inc_x_i = 1.000000, inc_y_i = 1.000000
En el else......

----------------------------------------
x = 25.000000, y = 151.000000
avance = -57.000000, avanceR = 2.000000, avanceI = 2.000000
inc_x_r = 0.000000, inc_y_r = 1.000000, inc_x_i = 1.000000, inc_y_i = 1.000000
En el else......

----------------------------------------
x = 25.000000, y = 152.000000
avance = -55.000000, avanceR = 2.000000, avanceI = 2.000000
inc_x_r = 0.000000, inc_y_r = 1.000000, inc_x_i = 1.000000, inc_y_i = 1.000000
En el else......

----------------------------------------
x = 25.000000, y = 153.000000
avance = -53.000000, avanceR = 2.000000, avanceI = 2.000000
inc_x_r = 0.000000, inc_y_r = 1.000000, inc_x_i = 1.000000, inc_y_i = 1.000000
En el else......

----------------------------------------
x = 25.000000, y = 154.000000
avance = -51.000000, avanceR = 2.000000, avanceI = 2.000000
inc_x_r = 0.000000, inc_y_r = 1.000000, inc_x_i = 1.000000, inc_y_i = 1.000000
En el else......

----------------------------------------
x = 25.000000, y = 155.000000
avance = -49.000000, avanceR = 2.000000, avanceI = 2.000000
inc_x_r = 0.000000, inc_y_r = 1.000000, inc_x_i = 1.000000, inc_y_i = 1.000000
En el else......

----------------------------------------
x = 25.000000, y = 156.000000
avance = -47.000000, avanceR = 2.000000, avanceI = 2.000000
inc_x_r = 0.000000, inc_y_r = 1.000000, inc_x_i = 1.000000, inc_y_i = 1.000000
En el else......

----------------------------------------
x = 25.000000, y = 157.000000
avance = -45.000000, avanceR = 2.000000, avanceI = 2.000000
inc_x_r = 0.000000, inc_y_r = 1.000000, inc_x_i = 1.000000, inc_y_i = 1.000000
En el else......

----------------------------------------
x = 25.000000, y = 158.000000
avance = -43.000000, avanceR = 2.000000, avanceI = 2.000000
inc_x_r = 0.000000, inc_y_r = 1.000000, inc_x_i = 1.000000, inc_y_i = 1.000000
En el else......

----------------------------------------
x = 25.000000, y = 159.000000
avance = -41.000000, avanceR = 2.000000, avanceI = 2.000000
inc_x_r = 0.000000, inc_y_r = 1.000000, inc_x_i = 1.000000, inc_y_i = 1.000000
En el else......

----------------------------------------
x = 25.000000, y = 160.000000
avance = -39.000000, avanceR = 2.000000, avanceI = 2.000000
inc_x_r = 0.000000, inc_y_r = 1.000000, inc_x_i = 1.000000, inc_y_i = 1.000000
En el else......

----------------------------------------
x = 25.000000, y = 161.000000
avance = -37.000000, avanceR = 2.000000, avanceI = 2.000000
inc_x_r = 0.000000, inc_y_r = 1.000000, inc_x_i = 1.000000, inc_y_i = 1.000000
En el else......

----------------------------------------
x = 25.000000, y = 162.000000
avance = -35.000000, avanceR = 2.000000, avanceI = 2.000000
inc_x_r = 0.000000, inc_y_r = 1.000000, inc_x_i = 1.000000, inc_y_i = 1.000000
En el else......

----------------------------------------
x = 25.000000, y = 163.000000
avance = -33.000000, avanceR = 2.000000, avanceI = 2.000000
inc_x_r = 0.000000, inc_y_r = 1.000000, inc_x_i = 1.000000, inc_y_i = 1.000000
En el else......

----------------------------------------
x = 25.000000, y = 164.000000
avance = -31.000000, avanceR = 2.000000, avanceI = 2.000000
inc_x_r = 0.000000, inc_y_r = 1.000000, inc_x_i = 1.000000, inc_y_i = 1.000000
En el else......

----------------------------------------
x = 25.000000, y = 165.000000
avance = -29.000000, avanceR = 2.000000, avanceI = 2.000000
inc_x_r = 0.000000, inc_y_r = 1.000000, inc_x_i = 1.000000, inc_y_i = 1.000000
En el else......

----------------------------------------
x = 25.000000, y = 166.000000
avance = -27.000000, avanceR = 2.000000, avanceI = 2.000000
inc_x_r = 0.000000, inc_y_r = 1.000000, inc_x_i = 1.000000, inc_y_i = 1.000000
En el else......

----------------------------------------
x = 25.000000, y = 167.000000
avance = -25.000000, avanceR = 2.000000, avanceI = 2.000000
inc_x_r = 0.000000, inc_y_r = 1.000000, inc_x_i = 1.000000, inc_y_i = 1.000000
En el else......

----------------------------------------
x = 25.000000, y = 168.000000
avance = -23.000000, avanceR = 2.000000, avanceI = 2.000000
inc_x_r = 0.000000, inc_y_r = 1.000000, inc_x_i = 1.000000, inc_y_i = 1.000000
En el else......

----------------------------------------
x = 25.000000, y = 169.000000
avance = -21.000000, avanceR = 2.000000, avanceI = 2.000000
inc_x_r = 0.000000, inc_y_r = 1.000000, inc_x_i = 1.000000, inc_y_i = 1.000000
En el else......

----------------------------------------
x = 25.000000, y = 170.000000
avance = -19.000000, avanceR = 2.000000, avanceI = 2.000000
inc_x_r = 0.000000, inc_y_r = 1.000000, inc_x_i = 1.000000, inc_y_i = 1.000000
En el else......

----------------------------------------
x = 25.000000, y = 171.000000
avance = -17.000000, avanceR = 2.000000, avanceI = 2.000000
inc_x_r = 0.000000, inc_y_r = 1.000000, inc_x_i = 1.000000, inc_y_i = 1.000000
En el else......

----------------------------------------
x = 25.000000, y = 172.000000
avance = -15.000000, avanceR = 2.000000, avanceI = 2.000000
inc_x_r = 0.000000, inc_y_r = 1.000000, inc_x_i = 1.000000, inc_y_i = 1.000000
En el else......

----------------------------------------
x = 25.000000, y = 173.000000
avance = -13.000000, avanceR = 2.000000, avanceI = 2.000000
inc_x_r = 0.000000, inc_y_r = 1.000000, inc_x_i = 1.000000, inc_y_i = 1.000000
En el else......

----------------------------------------
x = 25.000000, y = 174.000000
avance = -11.000000, avanceR = 2.000000, avanceI = 2.000000
inc_x_r = 0.000000, inc_y_r = 1.000000, inc_x_i = 1.000000, inc_y_i = 1.000000
En el else......

----------------------------------------
x = 25.000000, y = 175.000000
avance = -9.000000, avanceR = 2.000000, avanceI = 2.000000
inc_x_r = 0.000000, inc_y_r = 1.000000, inc_x_i = 1.000000, inc_y_i = 1.000000
En el else......

----------------------------------------
x = 25.000000, y = 176.000000
avance = -7.000000, avanceR = 2.000000, avanceI = 2.000000
inc_x_r = 0.000000, inc_y_r = 1.000000, inc_x_i = 1.000000, inc_y_i = 1.000000
En el else......

----------------------------------------
x = 25.000000, y = 177.000000
avance = -5.000000, avanceR = 2.000000, avanceI = 2.000000
inc_x_r = 0.000000, inc_y_r = 1.000000, inc_x_i = 1.000000, inc_y_i = 1.000000
En el else......

----------------------------------------
x = 25.000000, y = 178.000000
avance = -3.000000, avanceR = 2.000000, avanceI = 2.000000
inc_x_r = 0.000000, inc_y_r = 1.000000, inc_x_i = 1.000000, inc_y_i = 1.000000
En el else......

----------------------------------------
x = 25.000000, y = 179.000000
avance = -1.000000, avanceR = 2.000000, avanceI = 2.000000
inc_x_r = 0.000000, inc_y_r = 1.000000, inc_x_i = 1.000000, inc_y_i = 1.000000
En el else......

----------------------------------------
x = 25.000000, y = 180.000000
avance = 1.000000, avanceR = 2.000000, avanceI = 2.000000
inc_x_r = 0.000000, inc_y_r = 1.000000, inc_x_i = 1.000000, inc_y_i = 1.000000
avance >= 0

----------------------------------------
x = 26.000000, y = 181.000000
avance = -499.000000, avanceR = 2.000000, avanceI = 2.000000
inc_x_r = 0.000000, inc_y_r = 1.000000, inc_x_i = 1.000000, inc_y_i = 1.000000
En el else......

----------------------------------------
x = 26.000000, y = 182.000000
avance = -497.000000, avanceR = 2.000000, avanceI = 2.000000
inc_x_r = 0.000000, inc_y_r = 1.000000, inc_x_i = 1.000000, inc_y_i = 1.000000
En el else......

----------------------------------------
x = 26.000000, y = 183.000000
avance = -495.000000, avanceR = 2.000000, avanceI = 2.000000
inc_x_r = 0.000000, inc_y_r = 1.000000, inc_x_i = 1.000000, inc_y_i = 1.000000
En el else......

----------------------------------------
x = 26.000000, y = 184.000000
avance = -493.000000, avanceR = 2.000000, avanceI = 2.000000
inc_x_r = 0.000000, inc_y_r = 1.000000, inc_x_i = 1.000000, inc_y_i = 1.000000
En el else......

----------------------------------------
x = 26.000000, y = 185.000000
avance = -491.000000, avanceR = 2.000000, avanceI = 2.000000
inc_x_r = 0.000000, inc_y_r = 1.000000, inc_x_i = 1.000000, inc_y_i = 1.000000
En el else......

----------------------------------------
x = 26.000000, y = 186.000000
avance = -489.000000, avanceR = 2.000000, avanceI = 2.000000
inc_x_r = 0.000000, inc_y_r = 1.000000, inc_x_i = 1.000000, inc_y_i = 1.000000
En el else......

----------------------------------------
x = 26.000000, y = 187.000000
avance = -487.000000, avanceR = 2.000000, avanceI = 2.000000
inc_x_r = 0.000000, inc_y_r = 1.000000, inc_x_i = 1.000000, inc_y_i = 1.000000
En el else......

----------------------------------------
x = 26.000000, y = 188.000000
avance = -485.000000, avanceR = 2.000000, avanceI = 2.000000
inc_x_r = 0.000000, inc_y_r = 1.000000, inc_x_i = 1.000000, inc_y_i = 1.000000
En el else......

----------------------------------------
x = 26.000000, y = 189.000000
avance = -483.000000, avanceR = 2.000000, avanceI = 2.000000
inc_x_r = 0.000000, inc_y_r = 1.000000, inc_x_i = 1.000000, inc_y_i = 1.000000
En el else......

----------------------------------------
x = 26.000000, y = 190.000000
avance = -481.000000, avanceR = 2.000000, avanceI = 2.000000
inc_x_r = 0.000000, inc_y_r = 1.000000, inc_x_i = 1.000000, inc_y_i = 1.000000
En el else......

----------------------------------------
x = 26.000000, y = 191.000000
avance = -479.000000, avanceR = 2.000000, avanceI = 2.000000
inc_x_r = 0.000000, inc_y_r = 1.000000, inc_x_i = 1.000000, inc_y_i = 1.000000
En el else......

----------------------------------------
x = 26.000000, y = 192.000000
avance = -477.000000, avanceR = 2.000000, avanceI = 2.000000
inc_x_r = 0.000000, inc_y_r = 1.000000, inc_x_i = 1.000000, inc_y_i = 1.000000
En el else......

----------------------------------------
x = 26.000000, y = 193.000000
avance = -475.000000, avanceR = 2.000000, avanceI = 2.000000
inc_x_r = 0.000000, inc_y_r = 1.000000, inc_x_i = 1.000000, inc_y_i = 1.000000
En el else......

----------------------------------------
x = 26.000000, y = 194.000000
avance = -473.000000, avanceR = 2.000000, avanceI = 2.000000
inc_x_r = 0.000000, inc_y_r = 1.000000, inc_x_i = 1.000000, inc_y_i = 1.000000
En el else......

----------------------------------------
x = 26.000000, y = 195.000000
avance = -471.000000, avanceR = 2.000000, avanceI = 2.000000
inc_x_r = 0.000000, inc_y_r = 1.000000, inc_x_i = 1.000000, inc_y_i = 1.000000
En el else......

----------------------------------------
x = 26.000000, y = 196.000000
avance = -469.000000, avanceR = 2.000000, avanceI = 2.000000
inc_x_r = 0.000000, inc_y_r = 1.000000, inc_x_i = 1.000000, inc_y_i = 1.000000
En el else......

----------------------------------------
x = 26.000000, y = 197.000000
avance = -467.000000, avanceR = 2.000000, avanceI = 2.000000
inc_x_r = 0.000000, inc_y_r = 1.000000, inc_x_i = 1.000000, inc_y_i = 1.000000
En el else......

----------------------------------------
x = 26.000000, y = 198.000000
avance = -465.000000, avanceR = 2.000000, avanceI = 2.000000
inc_x_r = 0.000000, inc_y_r = 1.000000, inc_x_i = 1.000000, inc_y_i = 1.000000
En el else......

----------------------------------------
x = 26.000000, y = 199.000000
avance = -463.000000, avanceR = 2.000000, avanceI = 2.000000
inc_x_r = 0.000000, inc_y_r = 1.000000, inc_x_i = 1.000000, inc_y_i = 1.000000
En el else......

----------------------------------------
x = 26.000000, y = 200.000000
avance = -461.000000, avanceR = 2.000000, avanceI = 2.000000
inc_x_r = 0.000000, inc_y_r = 1.000000, inc_x_i = 1.000000, inc_y_i = 1.000000
En el else......

----------------------------------------
x = 26.000000, y = 201.000000
avance = -459.000000, avanceR = 2.000000, avanceI = 2.000000
inc_x_r = 0.000000, inc_y_r = 1.000000, inc_x_i = 1.000000, inc_y_i = 1.000000
En el else......

----------------------------------------
x = 26.000000, y = 202.000000
avance = -457.000000, avanceR = 2.000000, avanceI = 2.000000
inc_x_r = 0.000000, inc_y_r = 1.000000, inc_x_i = 1.000000, inc_y_i = 1.000000
En el else......

----------------------------------------
x = 26.000000, y = 203.000000
avance = -455.000000, avanceR = 2.000000, avanceI = 2.000000
inc_x_r = 0.000000, inc_y_r = 1.000000, inc_x_i = 1.000000, inc_y_i = 1.000000
En el else......

----------------------------------------
x = 26.000000, y = 204.000000
avance = -453.000000, avanceR = 2.000000, avanceI = 2.000000
inc_x_r = 0.000000, inc_y_r = 1.000000, inc_x_i = 1.000000, inc_y_i = 1.000000
En el else......

----------------------------------------
x = 26.000000, y = 205.000000
avance = -451.000000, avanceR = 2.000000, avanceI = 2.000000
inc_x_r = 0.000000, inc_y_r = 1.000000, inc_x_i = 1.000000, inc_y_i = 1.000000
En el else......

----------------------------------------
x = 26.000000, y = 206.000000
avance = -449.000000, avanceR = 2.000000, avanceI = 2.000000
inc_x_r = 0.000000, inc_y_r = 1.000000, inc_x_i = 1.000000, inc_y_i = 1.000000
En el else......

----------------------------------------
x = 26.000000, y = 207.000000
avance = -447.000000, avanceR = 2.000000, avanceI = 2.000000
inc_x_r = 0.000000, inc_y_r = 1.000000, inc_x_i = 1.000000, inc_y_i = 1.000000
En el else......

----------------------------------------
x = 26.000000, y = 208.000000
avance = -445.000000, avanceR = 2.000000, avanceI = 2.000000
inc_x_r = 0.000000, inc_y_r = 1.000000, inc_x_i = 1.000000, inc_y_i = 1.000000
En el else......

----------------------------------------
x = 26.000000, y = 209.000000
avance = -443.000000, avanceR = 2.000000, avanceI = 2.000000
inc_x_r = 0.000000, inc_y_r = 1.000000, inc_x_i = 1.000000, inc_y_i = 1.000000
En el else......

----------------------------------------
x = 26.000000, y = 210.000000
avance = -441.000000, avanceR = 2.000000, avanceI = 2.000000
inc_x_r = 0.000000, inc_y_r = 1.000000, inc_x_i = 1.000000, inc_y_i = 1.000000
En el else......

----------------------------------------
x = 26.000000, y = 211.000000
avance = -439.000000, avanceR = 2.000000, avanceI = 2.000000
inc_x_r = 0.000000, inc_y_r = 1.000000, inc_x_i = 1.000000, inc_y_i = 1.000000
En el else......

----------------------------------------
x = 26.000000, y = 212.000000
avance = -437.000000, avanceR = 2.000000, avanceI = 2.000000
inc_x_r = 0.000000, inc_y_r = 1.000000, inc_x_i = 1.000000, inc_y_i = 1.000000
En el else......

----------------------------------------
x = 26.000000, y = 213.000000
avance = -435.000000, avanceR = 2.000000, avanceI = 2.000000
inc_x_r = 0.000000, inc_y_r = 1.000000, inc_x_i = 1.000000, inc_y_i = 1.000000
En el else......

----------------------------------------
x = 26.000000, y = 214.000000
avance = -433.000000, avanceR = 2.000000, avanceI = 2.000000
inc_x_r = 0.000000, inc_y_r = 1.000000, inc_x_i = 1.000000, inc_y_i = 1.000000
En el else......

----------------------------------------
x = 26.000000, y = 215.000000
avance = -431.000000, avanceR = 2.000000, avanceI = 2.000000
inc_x_r = 0.000000, inc_y_r = 1.000000, inc_x_i = 1.000000, inc_y_i = 1.000000
En el else......

----------------------------------------
x = 26.000000, y = 216.000000
avance = -429.000000, avanceR = 2.000000, avanceI = 2.000000
inc_x_r = 0.000000, inc_y_r = 1.000000, inc_x_i = 1.000000, inc_y_i = 1.000000
En el else......

----------------------------------------
x = 26.000000, y = 217.000000
avance = -427.000000, avanceR = 2.000000, avanceI = 2.000000
inc_x_r = 0.000000, inc_y_r = 1.000000, inc_x_i = 1.000000, inc_y_i = 1.000000
En el else......

----------------------------------------
x = 26.000000, y = 218.000000
avance = -425.000000, avanceR = 2.000000, avanceI = 2.000000
inc_x_r = 0.000000, inc_y_r = 1.000000, inc_x_i = 1.000000, inc_y_i = 1.000000
En el else......

----------------------------------------
x = 26.000000, y = 219.000000
avance = -423.000000, avanceR = 2.000000, avanceI = 2.000000
inc_x_r = 0.000000, inc_y_r = 1.000000, inc_x_i = 1.000000, inc_y_i = 1.000000
En el else......

----------------------------------------
x = 26.000000, y = 220.000000
avance = -421.000000, avanceR = 2.000000, avanceI = 2.000000
inc_x_r = 0.000000, inc_y_r = 1.000000, inc_x_i = 1.000000, inc_y_i = 1.000000
En el else......

----------------------------------------
x = 26.000000, y = 221.000000
avance = -419.000000, avanceR = 2.000000, avanceI = 2.000000
inc_x_r = 0.000000, inc_y_r = 1.000000, inc_x_i = 1.000000, inc_y_i = 1.000000
En el else......

----------------------------------------
x = 26.000000, y = 222.000000
avance = -417.000000, avanceR = 2.000000, avanceI = 2.000000
inc_x_r = 0.000000, inc_y_r = 1.000000, inc_x_i = 1.000000, inc_y_i = 1.000000
En el else......

----------------------------------------
x = 26.000000, y = 223.000000
avance = -415.000000, avanceR = 2.000000, avanceI = 2.000000
inc_x_r = 0.000000, inc_y_r = 1.000000, inc_x_i = 1.000000, inc_y_i = 1.000000
En el else......

----------------------------------------
x = 26.000000, y = 224.000000
avance = -413.000000, avanceR = 2.000000, avanceI = 2.000000
inc_x_r = 0.000000, inc_y_r = 1.000000, inc_x_i = 1.000000, inc_y_i = 1.000000
En el else......

----------------------------------------
x = 26.000000, y = 225.000000
avance = -411.000000, avanceR = 2.000000, avanceI = 2.000000
inc_x_r = 0.000000, inc_y_r = 1.000000, inc_x_i = 1.000000, inc_y_i = 1.000000
En el else......

----------------------------------------
x = 26.000000, y = 226.000000
avance = -409.000000, avanceR = 2.000000, avanceI = 2.000000
inc_x_r = 0.000000, inc_y_r = 1.000000, inc_x_i = 1.000000, inc_y_i = 1.000000
En el else......

----------------------------------------
x = 26.000000, y = 227.000000
avance = -407.000000, avanceR = 2.000000, avanceI = 2.000000
inc_x_r = 0.000000, inc_y_r = 1.000000, inc_x_i = 1.000000, inc_y_i = 1.000000
En el else......

----------------------------------------
x = 26.000000, y = 228.000000
avance = -405.000000, avanceR = 2.000000, avanceI = 2.000000
inc_x_r = 0.000000, inc_y_r = 1.000000, inc_x_i = 1.000000, inc_y_i = 1.000000
En el else......

----------------------------------------
x = 26.000000, y = 229.000000
avance = -403.000000, avanceR = 2.000000, avanceI = 2.000000
inc_x_r = 0.000000, inc_y_r = 1.000000, inc_x_i = 1.000000, inc_y_i = 1.000000
En el else......

----------------------------------------
x = 26.000000, y = 230.000000
avance = -401.000000, avanceR = 2.000000, avanceI = 2.000000
inc_x_r = 0.000000, inc_y_r = 1.000000, inc_x_i = 1.000000, inc_y_i = 1.000000
En el else......

----------------------------------------
x = 26.000000, y = 231.000000
avance = -399.000000, avanceR = 2.000000, avanceI = 2.000000
inc_x_r = 0.000000, inc_y_r = 1.000000, inc_x_i = 1.000000, inc_y_i = 1.000000
En el else......

----------------------------------------
x = 26.000000, y = 232.000000
avance = -397.000000, avanceR = 2.000000, avanceI = 2.000000
inc_x_r = 0.000000, inc_y_r = 1.000000, inc_x_i = 1.000000, inc_y_i = 1.000000
En el else......

----------------------------------------
x = 26.000000, y = 233.000000
avance = -395.000000, avanceR = 2.000000, avanceI = 2.000000
inc_x_r = 0.000000, inc_y_r = 1.000000, inc_x_i = 1.000000, inc_y_i = 1.000000
En el else......

----------------------------------------
x = 26.000000, y = 234.000000
avance = -393.000000, avanceR = 2.000000, avanceI = 2.000000
inc_x_r = 0.000000, inc_y_r = 1.000000, inc_x_i = 1.000000, inc_y_i = 1.000000
En el else......

----------------------------------------
x = 26.000000, y = 235.000000
avance = -391.000000, avanceR = 2.000000, avanceI = 2.000000
inc_x_r = 0.000000, inc_y_r = 1.000000, inc_x_i = 1.000000, inc_y_i = 1.000000
En el else......

----------------------------------------
x = 26.000000, y = 236.000000
avance = -389.000000, avanceR = 2.000000, avanceI = 2.000000
inc_x_r = 0.000000, inc_y_r = 1.000000, inc_x_i = 1.000000, inc_y_i = 1.000000
En el else......

----------------------------------------
x = 26.000000, y = 237.000000
avance = -387.000000, avanceR = 2.000000, avanceI = 2.000000
inc_x_r = 0.000000, inc_y_r = 1.000000, inc_x_i = 1.000000, inc_y_i = 1.000000
En el else......

----------------------------------------
x = 26.000000, y = 238.000000
avance = -385.000000, avanceR = 2.000000, avanceI = 2.000000
inc_x_r = 0.000000, inc_y_r = 1.000000, inc_x_i = 1.000000, inc_y_i = 1.000000
En el else......

----------------------------------------
x = 26.000000, y = 239.000000
avance = -383.000000, avanceR = 2.000000, avanceI = 2.000000
inc_x_r = 0.000000, inc_y_r = 1.000000, inc_x_i = 1.000000, inc_y_i = 1.000000
En el else......

----------------------------------------
x = 26.000000, y = 240.000000
avance = -381.000000, avanceR = 2.000000, avanceI = 2.000000
inc_x_r = 0.000000, inc_y_r = 1.000000, inc_x_i = 1.000000, inc_y_i = 1.000000
En el else......

----------------------------------------
x = 26.000000, y = 241.000000
avance = -379.000000, avanceR = 2.000000, avanceI = 2.000000
inc_x_r = 0.000000, inc_y_r = 1.000000, inc_x_i = 1.000000, inc_y_i = 1.000000
En el else......

----------------------------------------
x = 26.000000, y = 242.000000
avance = -377.000000, avanceR = 2.000000, avanceI = 2.000000
inc_x_r = 0.000000, inc_y_r = 1.000000, inc_x_i = 1.000000, inc_y_i = 1.000000
En el else......

----------------------------------------
x = 26.000000, y = 243.000000
avance = -375.000000, avanceR = 2.000000, avanceI = 2.000000
inc_x_r = 0.000000, inc_y_r = 1.000000, inc_x_i = 1.000000, inc_y_i = 1.000000
En el else......

----------------------------------------
x = 26.000000, y = 244.000000
avance = -373.000000, avanceR = 2.000000, avanceI = 2.000000
inc_x_r = 0.000000, inc_y_r = 1.000000, inc_x_i = 1.000000, inc_y_i = 1.000000
En el else......

----------------------------------------
x = 26.000000, y = 245.000000
avance = -371.000000, avanceR = 2.000000, avanceI = 2.000000
inc_x_r = 0.000000, inc_y_r = 1.000000, inc_x_i = 1.000000, inc_y_i = 1.000000
En el else......

----------------------------------------
x = 26.000000, y = 246.000000
avance = -369.000000, avanceR = 2.000000, avanceI = 2.000000
inc_x_r = 0.000000, inc_y_r = 1.000000, inc_x_i = 1.000000, inc_y_i = 1.000000
En el else......

----------------------------------------
x = 26.000000, y = 247.000000
avance = -367.000000, avanceR = 2.000000, avanceI = 2.000000
inc_x_r = 0.000000, inc_y_r = 1.000000, inc_x_i = 1.000000, inc_y_i = 1.000000
En el else......

----------------------------------------
x = 26.000000, y = 248.000000
avance = -365.000000, avanceR = 2.000000, avanceI = 2.000000
inc_x_r = 0.000000, inc_y_r = 1.000000, inc_x_i = 1.000000, inc_y_i = 1.000000
En el else......

----------------------------------------
x = 26.000000, y = 249.000000
avance = -363.000000, avanceR = 2.000000, avanceI = 2.000000
inc_x_r = 0.000000, inc_y_r = 1.000000, inc_x_i = 1.000000, inc_y_i = 1.000000
En el else......

----------------------------------------
x = 26.000000, y = 250.000000
avance = -361.000000, avanceR = 2.000000, avanceI = 2.000000
inc_x_r = 0.000000, inc_y_r = 1.000000, inc_x_i = 1.000000, inc_y_i = 1.000000
En el else......

----------------------------------------
x = 26.000000, y = 251.000000
avance = -359.000000, avanceR = 2.000000, avanceI = 2.000000
inc_x_r = 0.000000, inc_y_r = 1.000000, inc_x_i = 1.000000, inc_y_i = 1.000000
En el else......

----------------------------------------
x = 26.000000, y = 252.000000
avance = -357.000000, avanceR = 2.000000, avanceI = 2.000000
inc_x_r = 0.000000, inc_y_r = 1.000000, inc_x_i = 1.000000, inc_y_i = 1.000000
En el else......

----------------------------------------
x = 26.000000, y = 253.000000
avance = -355.000000, avanceR = 2.000000, avanceI = 2.000000
inc_x_r = 0.000000, inc_y_r = 1.000000, inc_x_i = 1.000000, inc_y_i = 1.000000
En el else......

----------------------------------------
x = 26.000000, y = 254.000000
avance = -353.000000, avanceR = 2.000000, avanceI = 2.000000
inc_x_r = 0.000000, inc_y_r = 1.000000, inc_x_i = 1.000000, inc_y_i = 1.000000
En el else......

----------------------------------------
x = 26.000000, y = 255.000000
avance = -351.000000, avanceR = 2.000000, avanceI = 2.000000
inc_x_r = 0.000000, inc_y_r = 1.000000, inc_x_i = 1.000000, inc_y_i = 1.000000
En el else......

----------------------------------------
x = 26.000000, y = 256.000000
avance = -349.000000, avanceR = 2.000000, avanceI = 2.000000
inc_x_r = 0.000000, inc_y_r = 1.000000, inc_x_i = 1.000000, inc_y_i = 1.000000
En el else......

----------------------------------------
x = 26.000000, y = 257.000000
avance = -347.000000, avanceR = 2.000000, avanceI = 2.000000
inc_x_r = 0.000000, inc_y_r = 1.000000, inc_x_i = 1.000000, inc_y_i = 1.000000
En el else......

----------------------------------------
x = 26.000000, y = 258.000000
avance = -345.000000, avanceR = 2.000000, avanceI = 2.000000
inc_x_r = 0.000000, inc_y_r = 1.000000, inc_x_i = 1.000000, inc_y_i = 1.000000
En el else......

----------------------------------------
x = 26.000000, y = 259.000000
avance = -343.000000, avanceR = 2.000000, avanceI = 2.000000
inc_x_r = 0.000000, inc_y_r = 1.000000, inc_x_i = 1.000000, inc_y_i = 1.000000
En el else......

----------------------------------------
x = 26.000000, y = 260.000000
avance = -341.000000, avanceR = 2.000000, avanceI = 2.000000
inc_x_r = 0.000000, inc_y_r = 1.000000, inc_x_i = 1.000000, inc_y_i = 1.000000
En el else......

----------------------------------------
x = 26.000000, y = 261.000000
avance = -339.000000, avanceR = 2.000000, avanceI = 2.000000
inc_x_r = 0.000000, inc_y_r = 1.000000, inc_x_i = 1.000000, inc_y_i = 1.000000
En el else......

----------------------------------------
x = 26.000000, y = 262.000000
avance = -337.000000, avanceR = 2.000000, avanceI = 2.000000
inc_x_r = 0.000000, inc_y_r = 1.000000, inc_x_i = 1.000000, inc_y_i = 1.000000
En el else......

----------------------------------------
x = 26.000000, y = 263.000000
avance = -335.000000, avanceR = 2.000000, avanceI = 2.000000
inc_x_r = 0.000000, inc_y_r = 1.000000, inc_x_i = 1.000000, inc_y_i = 1.000000
En el else......

----------------------------------------
x = 26.000000, y = 264.000000
avance = -333.000000, avanceR = 2.000000, avanceI = 2.000000
inc_x_r = 0.000000, inc_y_r = 1.000000, inc_x_i = 1.000000, inc_y_i = 1.000000
En el else......

----------------------------------------
x = 26.000000, y = 265.000000
avance = -331.000000, avanceR = 2.000000, avanceI = 2.000000
inc_x_r = 0.000000, inc_y_r = 1.000000, inc_x_i = 1.000000, inc_y_i = 1.000000
En el else......

----------------------------------------
x = 26.000000, y = 266.000000
avance = -329.000000, avanceR = 2.000000, avanceI = 2.000000
inc_x_r = 0.000000, inc_y_r = 1.000000, inc_x_i = 1.000000, inc_y_i = 1.000000
En el else......

----------------------------------------
x = 26.000000, y = 267.000000
avance = -327.000000, avanceR = 2.000000, avanceI = 2.000000
inc_x_r = 0.000000, inc_y_r = 1.000000, inc_x_i = 1.000000, inc_y_i = 1.000000
En el else......

----------------------------------------
x = 26.000000, y = 268.000000
avance = -325.000000, avanceR = 2.000000, avanceI = 2.000000
inc_x_r = 0.000000, inc_y_r = 1.000000, inc_x_i = 1.000000, inc_y_i = 1.000000
En el else......

----------------------------------------
x = 26.000000, y = 269.000000
avance = -323.000000, avanceR = 2.000000, avanceI = 2.000000
inc_x_r = 0.000000, inc_y_r = 1.000000, inc_x_i = 1.000000, inc_y_i = 1.000000
En el else......

----------------------------------------
x = 26.000000, y = 270.000000
avance = -321.000000, avanceR = 2.000000, avanceI = 2.000000
inc_x_r = 0.000000, inc_y_r = 1.000000, inc_x_i = 1.000000, inc_y_i = 1.000000
En el else......

----------------------------------------
x = 26.000000, y = 271.000000
avance = -319.000000, avanceR = 2.000000, avanceI = 2.000000
inc_x_r = 0.000000, inc_y_r = 1.000000, inc_x_i = 1.000000, inc_y_i = 1.000000
En el else......

----------------------------------------
x = 26.000000, y = 272.000000
avance = -317.000000, avanceR = 2.000000, avanceI = 2.000000
inc_x_r = 0.000000, inc_y_r = 1.000000, inc_x_i = 1.000000, inc_y_i = 1.000000
En el else......

----------------------------------------
x = 26.000000, y = 273.000000
avance = -315.000000, avanceR = 2.000000, avanceI = 2.000000
inc_x_r = 0.000000, inc_y_r = 1.000000, inc_x_i = 1.000000, inc_y_i = 1.000000
En el else......

----------------------------------------
x = 26.000000, y = 274.000000
avance = -313.000000, avanceR = 2.000000, avanceI = 2.000000
inc_x_r = 0.000000, inc_y_r = 1.000000, inc_x_i = 1.000000, inc_y_i = 1.000000
En el else......

----------------------------------------
x = 26.000000, y = 275.000000
avance = -311.000000, avanceR = 2.000000, avanceI = 2.000000
inc_x_r = 0.000000, inc_y_r = 1.000000, inc_x_i = 1.000000, inc_y_i = 1.000000
En el else......

----------------------------------------
x = 26.000000, y = 276.000000
avance = -309.000000, avanceR = 2.000000, avanceI = 2.000000
inc_x_r = 0.000000, inc_y_r = 1.000000, inc_x_i = 1.000000, inc_y_i = 1.000000
En el else......

----------------------------------------
x = 26.000000, y = 277.000000
avance = -307.000000, avanceR = 2.000000, avanceI = 2.000000
inc_x_r = 0.000000, inc_y_r = 1.000000, inc_x_i = 1.000000, inc_y_i = 1.000000
En el else......

----------------------------------------
x = 26.000000, y = 278.000000
avance = -305.000000, avanceR = 2.000000, avanceI = 2.000000
inc_x_r = 0.000000, inc_y_r = 1.000000, inc_x_i = 1.000000, inc_y_i = 1.000000
En el else......

----------------------------------------
x = 26.000000, y = 279.000000
avance = -303.000000, avanceR = 2.000000, avanceI = 2.000000
inc_x_r = 0.000000, inc_y_r = 1.000000, inc_x_i = 1.000000, inc_y_i = 1.000000
En el else......

----------------------------------------
x = 26.000000, y = 280.000000
avance = -301.000000, avanceR = 2.000000, avanceI = 2.000000
inc_x_r = 0.000000, inc_y_r = 1.000000, inc_x_i = 1.000000, inc_y_i = 1.000000
En el else......

----------------------------------------
x = 26.000000, y = 281.000000
avance = -299.000000, avanceR = 2.000000, avanceI = 2.000000
inc_x_r = 0.000000, inc_y_r = 1.000000, inc_x_i = 1.000000, inc_y_i = 1.000000
En el else......

----------------------------------------
x = 26.000000, y = 282.000000
avance = -297.000000, avanceR = 2.000000, avanceI = 2.000000
inc_x_r = 0.000000, inc_y_r = 1.000000, inc_x_i = 1.000000, inc_y_i = 1.000000
En el else......

----------------------------------------
x = 26.000000, y = 283.000000
avance = -295.000000, avanceR = 2.000000, avanceI = 2.000000
inc_x_r = 0.000000, inc_y_r = 1.000000, inc_x_i = 1.000000, inc_y_i = 1.000000
En el else......

----------------------------------------
x = 26.000000, y = 284.000000
avance = -293.000000, avanceR = 2.000000, avanceI = 2.000000
inc_x_r = 0.000000, inc_y_r = 1.000000, inc_x_i = 1.000000, inc_y_i = 1.000000
En el else......

----------------------------------------
x = 26.000000, y = 285.000000
avance = -291.000000, avanceR = 2.000000, avanceI = 2.000000
inc_x_r = 0.000000, inc_y_r = 1.000000, inc_x_i = 1.000000, inc_y_i = 1.000000
En el else......

----------------------------------------
x = 26.000000, y = 286.000000
avance = -289.000000, avanceR = 2.000000, avanceI = 2.000000
inc_x_r = 0.000000, inc_y_r = 1.000000, inc_x_i = 1.000000, inc_y_i = 1.000000
En el else......

----------------------------------------
x = 26.000000, y = 287.000000
avance = -287.000000, avanceR = 2.000000, avanceI = 2.000000
inc_x_r = 0.000000, inc_y_r = 1.000000, inc_x_i = 1.000000, inc_y_i = 1.000000
En el else......

----------------------------------------
x = 26.000000, y = 288.000000
avance = -285.000000, avanceR = 2.000000, avanceI = 2.000000
inc_x_r = 0.000000, inc_y_r = 1.000000, inc_x_i = 1.000000, inc_y_i = 1.000000
En el else......

----------------------------------------
x = 26.000000, y = 289.000000
avance = -283.000000, avanceR = 2.000000, avanceI = 2.000000
inc_x_r = 0.000000, inc_y_r = 1.000000, inc_x_i = 1.000000, inc_y_i = 1.000000
En el else......

----------------------------------------
x = 26.000000, y = 290.000000
avance = -281.000000, avanceR = 2.000000, avanceI = 2.000000
inc_x_r = 0.000000, inc_y_r = 1.000000, inc_x_i = 1.000000, inc_y_i = 1.000000
En el else......

----------------------------------------
x = 26.000000, y = 291.000000
avance = -279.000000, avanceR = 2.000000, avanceI = 2.000000
inc_x_r = 0.000000, inc_y_r = 1.000000, inc_x_i = 1.000000, inc_y_i = 1.000000
En el else......

----------------------------------------
x = 26.000000, y = 292.000000
avance = -277.000000, avanceR = 2.000000, avanceI = 2.000000
inc_x_r = 0.000000, inc_y_r = 1.000000, inc_x_i = 1.000000, inc_y_i = 1.000000
En el else......

----------------------------------------
x = 26.000000, y = 293.000000
avance = -275.000000, avanceR = 2.000000, avanceI = 2.000000
inc_x_r = 0.000000, inc_y_r = 1.000000, inc_x_i = 1.000000, inc_y_i = 1.000000
En el else......

----------------------------------------
x = 26.000000, y = 294.000000
avance = -273.000000, avanceR = 2.000000, avanceI = 2.000000
inc_x_r = 0.000000, inc_y_r = 1.000000, inc_x_i = 1.000000, inc_y_i = 1.000000
En el else......

----------------------------------------
x = 26.000000, y = 295.000000
avance = -271.000000, avanceR = 2.000000, avanceI = 2.000000
inc_x_r = 0.000000, inc_y_r = 1.000000, inc_x_i = 1.000000, inc_y_i = 1.000000
En el else......

----------------------------------------
x = 26.000000, y = 296.000000
avance = -269.000000, avanceR = 2.000000, avanceI = 2.000000
inc_x_r = 0.000000, inc_y_r = 1.000000, inc_x_i = 1.000000, inc_y_i = 1.000000
En el else......

----------------------------------------
x = 26.000000, y = 297.000000
avance = -267.000000, avanceR = 2.000000, avanceI = 2.000000
inc_x_r = 0.000000, inc_y_r = 1.000000, inc_x_i = 1.000000, inc_y_i = 1.000000
En el else......

----------------------------------------
x = 26.000000, y = 298.000000
avance = -265.000000, avanceR = 2.000000, avanceI = 2.000000
inc_x_r = 0.000000, inc_y_r = 1.000000, inc_x_i = 1.000000, inc_y_i = 1.000000
En el else......

----------------------------------------
x = 26.000000, y = 299.000000
avance = -263.000000, avanceR = 2.000000, avanceI = 2.000000
inc_x_r = 0.000000, inc_y_r = 1.000000, inc_x_i = 1.000000, inc_y_i = 1.000000
En el else......

----------------------------------------
x = 26.000000, y = 300.000000
avance = -261.000000, avanceR = 2.000000, avanceI = 2.000000
inc_x_r = 0.000000, inc_y_r = 1.000000, inc_x_i = 1.000000, inc_y_i = 1.000000
En el else......

----------------------------------------
x = 26.000000, y = 301.000000
avance = -259.000000, avanceR = 2.000000, avanceI = 2.000000
inc_x_r = 0.000000, inc_y_r = 1.000000, inc_x_i = 1.000000, inc_y_i = 1.000000
En el else......

----------------------------------------
x = 26.000000, y = 302.000000
avance = -257.000000, avanceR = 2.000000, avanceI = 2.000000
inc_x_r = 0.000000, inc_y_r = 1.000000, inc_x_i = 1.000000, inc_y_i = 1.000000
En el else......

----------------------------------------
x = 26.000000, y = 303.000000
avance = -255.000000, avanceR = 2.000000, avanceI = 2.000000
inc_x_r = 0.000000, inc_y_r = 1.000000, inc_x_i = 1.000000, inc_y_i = 1.000000
En el else......

----------------------------------------
x = 26.000000, y = 304.000000
avance = -253.000000, avanceR = 2.000000, avanceI = 2.000000
inc_x_r = 0.000000, inc_y_r = 1.000000, inc_x_i = 1.000000, inc_y_i = 1.000000
En el else......

----------------------------------------
x = 26.000000, y = 305.000000
avance = -251.000000, avanceR = 2.000000, avanceI = 2.000000
inc_x_r = 0.000000, inc_y_r = 1.000000, inc_x_i = 1.000000, inc_y_i = 1.000000
En el else......

----------------------------------------


ENTRAMOS A BRESENHAMªªªª
x1 = 25.000000 - y1 = 55.000000 || x2 = 26.000000 - y2 = 306.000000
dy = 251.000000, dx = 1.000000
avances inclinados: inc_x_i = 1.000000, inc_y_i = 1.000000
updated: dy = 251.000000, dx = 1.000000
avances rectos: inc_x_r = 0.000000, inc_y_r 1.000000
reupdated: dy = 1.000000, dx = 251.000000
avanceR = 2.000000, avance -249.000000, avanceI 2.000000
----------------------------------------
x = 25.000000, y = 55.000000
avance = -249.000000, avanceR = 2.000000, avanceI = 2.000000
inc_x_r = 0.000000, inc_y_r = 1.000000, inc_x_i = 1.000000, inc_y_i = 1.000000
En el else......

----------------------------------------
x = 25.000000, y = 56.000000
avance = -247.000000, avanceR = 2.000000, avanceI = 2.000000
inc_x_r = 0.000000, inc_y_r = 1.000000, inc_x_i = 1.000000, inc_y_i = 1.000000
En el else......

----------------------------------------
x = 25.000000, y = 57.000000
avance = -245.000000, avanceR = 2.000000, avanceI = 2.000000
inc_x_r = 0.000000, inc_y_r = 1.000000, inc_x_i = 1.000000, inc_y_i = 1.000000
En el else......

----------------------------------------
x = 25.000000, y = 58.000000
avance = -243.000000, avanceR = 2.000000, avanceI = 2.000000
inc_x_r = 0.000000, inc_y_r = 1.000000, inc_x_i = 1.000000, inc_y_i = 1.000000
En el else......

----------------------------------------
x = 25.000000, y = 59.000000
avance = -241.000000, avanceR = 2.000000, avanceI = 2.000000
inc_x_r = 0.000000, inc_y_r = 1.000000, inc_x_i = 1.000000, inc_y_i = 1.000000
En el else......

----------------------------------------
x = 25.000000, y = 60.000000
avance = -239.000000, avanceR = 2.000000, avanceI = 2.000000
inc_x_r = 0.000000, inc_y_r = 1.000000, inc_x_i = 1.000000, inc_y_i = 1.000000
En el else......

----------------------------------------
x = 25.000000, y = 61.000000
avance = -237.000000, avanceR = 2.000000, avanceI = 2.000000
inc_x_r = 0.000000, inc_y_r = 1.000000, inc_x_i = 1.000000, inc_y_i = 1.000000
En el else......

----------------------------------------
x = 25.000000, y = 62.000000
avance = -235.000000, avanceR = 2.000000, avanceI = 2.000000
inc_x_r = 0.000000, inc_y_r = 1.000000, inc_x_i = 1.000000, inc_y_i = 1.000000
En el else......

----------------------------------------
x = 25.000000, y = 63.000000
avance = -233.000000, avanceR = 2.000000, avanceI = 2.000000
inc_x_r = 0.000000, inc_y_r = 1.000000, inc_x_i = 1.000000, inc_y_i = 1.000000
En el else......

----------------------------------------
x = 25.000000, y = 64.000000
avance = -231.000000, avanceR = 2.000000, avanceI = 2.000000
inc_x_r = 0.000000, inc_y_r = 1.000000, inc_x_i = 1.000000, inc_y_i = 1.000000
En el else......

----------------------------------------
x = 25.000000, y = 65.000000
avance = -229.000000, avanceR = 2.000000, avanceI = 2.000000
inc_x_r = 0.000000, inc_y_r = 1.000000, inc_x_i = 1.000000, inc_y_i = 1.000000
En el else......

----------------------------------------
x = 25.000000, y = 66.000000
avance = -227.000000, avanceR = 2.000000, avanceI = 2.000000
inc_x_r = 0.000000, inc_y_r = 1.000000, inc_x_i = 1.000000, inc_y_i = 1.000000
En el else......

----------------------------------------
x = 25.000000, y = 67.000000
avance = -225.000000, avanceR = 2.000000, avanceI = 2.000000
inc_x_r = 0.000000, inc_y_r = 1.000000, inc_x_i = 1.000000, inc_y_i = 1.000000
En el else......

----------------------------------------
x = 25.000000, y = 68.000000
avance = -223.000000, avanceR = 2.000000, avanceI = 2.000000
inc_x_r = 0.000000, inc_y_r = 1.000000, inc_x_i = 1.000000, inc_y_i = 1.000000
En el else......

----------------------------------------
x = 25.000000, y = 69.000000
avance = -221.000000, avanceR = 2.000000, avanceI = 2.000000
inc_x_r = 0.000000, inc_y_r = 1.000000, inc_x_i = 1.000000, inc_y_i = 1.000000
En el else......

----------------------------------------
x = 25.000000, y = 70.000000
avance = -219.000000, avanceR = 2.000000, avanceI = 2.000000
inc_x_r = 0.000000, inc_y_r = 1.000000, inc_x_i = 1.000000, inc_y_i = 1.000000
En el else......

----------------------------------------
x = 25.000000, y = 71.000000
avance = -217.000000, avanceR = 2.000000, avanceI = 2.000000
inc_x_r = 0.000000, inc_y_r = 1.000000, inc_x_i = 1.000000, inc_y_i = 1.000000
En el else......

----------------------------------------
x = 25.000000, y = 72.000000
avance = -215.000000, avanceR = 2.000000, avanceI = 2.000000
inc_x_r = 0.000000, inc_y_r = 1.000000, inc_x_i = 1.000000, inc_y_i = 1.000000
En el else......

----------------------------------------
x = 25.000000, y = 73.000000
avance = -213.000000, avanceR = 2.000000, avanceI = 2.000000
inc_x_r = 0.000000, inc_y_r = 1.000000, inc_x_i = 1.000000, inc_y_i = 1.000000
En el else......

----------------------------------------
x = 25.000000, y = 74.000000
avance = -211.000000, avanceR = 2.000000, avanceI = 2.000000
inc_x_r = 0.000000, inc_y_r = 1.000000, inc_x_i = 1.000000, inc_y_i = 1.000000
En el else......

----------------------------------------
x = 25.000000, y = 75.000000
avance = -209.000000, avanceR = 2.000000, avanceI = 2.000000
inc_x_r = 0.000000, inc_y_r = 1.000000, inc_x_i = 1.000000, inc_y_i = 1.000000
En el else......

----------------------------------------
x = 25.000000, y = 76.000000
avance = -207.000000, avanceR = 2.000000, avanceI = 2.000000
inc_x_r = 0.000000, inc_y_r = 1.000000, inc_x_i = 1.000000, inc_y_i = 1.000000
En el else......

----------------------------------------
x = 25.000000, y = 77.000000
avance = -205.000000, avanceR = 2.000000, avanceI = 2.000000
inc_x_r = 0.000000, inc_y_r = 1.000000, inc_x_i = 1.000000, inc_y_i = 1.000000
En el else......

----------------------------------------
x = 25.000000, y = 78.000000
avance = -203.000000, avanceR = 2.000000, avanceI = 2.000000
inc_x_r = 0.000000, inc_y_r = 1.000000, inc_x_i = 1.000000, inc_y_i = 1.000000
En el else......

----------------------------------------
x = 25.000000, y = 79.000000
avance = -201.000000, avanceR = 2.000000, avanceI = 2.000000
inc_x_r = 0.000000, inc_y_r = 1.000000, inc_x_i = 1.000000, inc_y_i = 1.000000
En el else......

----------------------------------------
x = 25.000000, y = 80.000000
avance = -199.000000, avanceR = 2.000000, avanceI = 2.000000
inc_x_r = 0.000000, inc_y_r = 1.000000, inc_x_i = 1.000000, inc_y_i = 1.000000
En el else......

----------------------------------------
x = 25.000000, y = 81.000000
avance = -197.000000, avanceR = 2.000000, avanceI = 2.000000
inc_x_r = 0.000000, inc_y_r = 1.000000, inc_x_i = 1.000000, inc_y_i = 1.000000
En el else......

----------------------------------------
x = 25.000000, y = 82.000000
avance = -195.000000, avanceR = 2.000000, avanceI = 2.000000
inc_x_r = 0.000000, inc_y_r = 1.000000, inc_x_i = 1.000000, inc_y_i = 1.000000
En el else......

----------------------------------------
x = 25.000000, y = 83.000000
avance = -193.000000, avanceR = 2.000000, avanceI = 2.000000
inc_x_r = 0.000000, inc_y_r = 1.000000, inc_x_i = 1.000000, inc_y_i = 1.000000
En el else......

----------------------------------------
x = 25.000000, y = 84.000000
avance = -191.000000, avanceR = 2.000000, avanceI = 2.000000
inc_x_r = 0.000000, inc_y_r = 1.000000, inc_x_i = 1.000000, inc_y_i = 1.000000
En el else......

----------------------------------------
x = 25.000000, y = 85.000000
avance = -189.000000, avanceR = 2.000000, avanceI = 2.000000
inc_x_r = 0.000000, inc_y_r = 1.000000, inc_x_i = 1.000000, inc_y_i = 1.000000
En el else......

----------------------------------------
x = 25.000000, y = 86.000000
avance = -187.000000, avanceR = 2.000000, avanceI = 2.000000
inc_x_r = 0.000000, inc_y_r = 1.000000, inc_x_i = 1.000000, inc_y_i = 1.000000
En el else......

----------------------------------------
x = 25.000000, y = 87.000000
avance = -185.000000, avanceR = 2.000000, avanceI = 2.000000
inc_x_r = 0.000000, inc_y_r = 1.000000, inc_x_i = 1.000000, inc_y_i = 1.000000
En el else......

----------------------------------------
x = 25.000000, y = 88.000000
avance = -183.000000, avanceR = 2.000000, avanceI = 2.000000
inc_x_r = 0.000000, inc_y_r = 1.000000, inc_x_i = 1.000000, inc_y_i = 1.000000
En el else......

----------------------------------------
x = 25.000000, y = 89.000000
avance = -181.000000, avanceR = 2.000000, avanceI = 2.000000
inc_x_r = 0.000000, inc_y_r = 1.000000, inc_x_i = 1.000000, inc_y_i = 1.000000
En el else......

----------------------------------------
x = 25.000000, y = 90.000000
avance = -179.000000, avanceR = 2.000000, avanceI = 2.000000
inc_x_r = 0.000000, inc_y_r = 1.000000, inc_x_i = 1.000000, inc_y_i = 1.000000
En el else......

----------------------------------------
x = 25.000000, y = 91.000000
avance = -177.000000, avanceR = 2.000000, avanceI = 2.000000
inc_x_r = 0.000000, inc_y_r = 1.000000, inc_x_i = 1.000000, inc_y_i = 1.000000
En el else......

----------------------------------------
x = 25.000000, y = 92.000000
avance = -175.000000, avanceR = 2.000000, avanceI = 2.000000
inc_x_r = 0.000000, inc_y_r = 1.000000, inc_x_i = 1.000000, inc_y_i = 1.000000
En el else......

----------------------------------------
x = 25.000000, y = 93.000000
avance = -173.000000, avanceR = 2.000000, avanceI = 2.000000
inc_x_r = 0.000000, inc_y_r = 1.000000, inc_x_i = 1.000000, inc_y_i = 1.000000
En el else......

----------------------------------------
x = 25.000000, y = 94.000000
avance = -171.000000, avanceR = 2.000000, avanceI = 2.000000
inc_x_r = 0.000000, inc_y_r = 1.000000, inc_x_i = 1.000000, inc_y_i = 1.000000
En el else......

----------------------------------------
x = 25.000000, y = 95.000000
avance = -169.000000, avanceR = 2.000000, avanceI = 2.000000
inc_x_r = 0.000000, inc_y_r = 1.000000, inc_x_i = 1.000000, inc_y_i = 1.000000
En el else......

----------------------------------------
x = 25.000000, y = 96.000000
avance = -167.000000, avanceR = 2.000000, avanceI = 2.000000
inc_x_r = 0.000000, inc_y_r = 1.000000, inc_x_i = 1.000000, inc_y_i = 1.000000
En el else......

----------------------------------------
x = 25.000000, y = 97.000000
avance = -165.000000, avanceR = 2.000000, avanceI = 2.000000
inc_x_r = 0.000000, inc_y_r = 1.000000, inc_x_i = 1.000000, inc_y_i = 1.000000
En el else......

----------------------------------------
x = 25.000000, y = 98.000000
avance = -163.000000, avanceR = 2.000000, avanceI = 2.000000
inc_x_r = 0.000000, inc_y_r = 1.000000, inc_x_i = 1.000000, inc_y_i = 1.000000
En el else......

----------------------------------------
x = 25.000000, y = 99.000000
avance = -161.000000, avanceR = 2.000000, avanceI = 2.000000
inc_x_r = 0.000000, inc_y_r = 1.000000, inc_x_i = 1.000000, inc_y_i = 1.000000
En el else......

----------------------------------------
x = 25.000000, y = 100.000000
avance = -159.000000, avanceR = 2.000000, avanceI = 2.000000
inc_x_r = 0.000000, inc_y_r = 1.000000, inc_x_i = 1.000000, inc_y_i = 1.000000
En el else......

----------------------------------------
x = 25.000000, y = 101.000000
avance = -157.000000, avanceR = 2.000000, avanceI = 2.000000
inc_x_r = 0.000000, inc_y_r = 1.000000, inc_x_i = 1.000000, inc_y_i = 1.000000
En el else......

----------------------------------------
x = 25.000000, y = 102.000000
avance = -155.000000, avanceR = 2.000000, avanceI = 2.000000
inc_x_r = 0.000000, inc_y_r = 1.000000, inc_x_i = 1.000000, inc_y_i = 1.000000
En el else......

----------------------------------------
x = 25.000000, y = 103.000000
avance = -153.000000, avanceR = 2.000000, avanceI = 2.000000
inc_x_r = 0.000000, inc_y_r = 1.000000, inc_x_i = 1.000000, inc_y_i = 1.000000
En el else......

----------------------------------------
x = 25.000000, y = 104.000000
avance = -151.000000, avanceR = 2.000000, avanceI = 2.000000
inc_x_r = 0.000000, inc_y_r = 1.000000, inc_x_i = 1.000000, inc_y_i = 1.000000
En el else......

----------------------------------------
x = 25.000000, y = 105.000000
avance = -149.000000, avanceR = 2.000000, avanceI = 2.000000
inc_x_r = 0.000000, inc_y_r = 1.000000, inc_x_i = 1.000000, inc_y_i = 1.000000
En el else......

----------------------------------------
x = 25.000000, y = 106.000000
avance = -147.000000, avanceR = 2.000000, avanceI = 2.000000
inc_x_r = 0.000000, inc_y_r = 1.000000, inc_x_i = 1.000000, inc_y_i = 1.000000
En el else......

----------------------------------------
x = 25.000000, y = 107.000000
avance = -145.000000, avanceR = 2.000000, avanceI = 2.000000
inc_x_r = 0.000000, inc_y_r = 1.000000, inc_x_i = 1.000000, inc_y_i = 1.000000
En el else......

----------------------------------------
x = 25.000000, y = 108.000000
avance = -143.000000, avanceR = 2.000000, avanceI = 2.000000
inc_x_r = 0.000000, inc_y_r = 1.000000, inc_x_i = 1.000000, inc_y_i = 1.000000
En el else......

----------------------------------------
x = 25.000000, y = 109.000000
avance = -141.000000, avanceR = 2.000000, avanceI = 2.000000
inc_x_r = 0.000000, inc_y_r = 1.000000, inc_x_i = 1.000000, inc_y_i = 1.000000
En el else......

----------------------------------------
x = 25.000000, y = 110.000000
avance = -139.000000, avanceR = 2.000000, avanceI = 2.000000
inc_x_r = 0.000000, inc_y_r = 1.000000, inc_x_i = 1.000000, inc_y_i = 1.000000
En el else......

----------------------------------------
x = 25.000000, y = 111.000000
avance = -137.000000, avanceR = 2.000000, avanceI = 2.000000
inc_x_r = 0.000000, inc_y_r = 1.000000, inc_x_i = 1.000000, inc_y_i = 1.000000
En el else......

----------------------------------------
x = 25.000000, y = 112.000000
avance = -135.000000, avanceR = 2.000000, avanceI = 2.000000
inc_x_r = 0.000000, inc_y_r = 1.000000, inc_x_i = 1.000000, inc_y_i = 1.000000
En el else......

----------------------------------------
x = 25.000000, y = 113.000000
avance = -133.000000, avanceR = 2.000000, avanceI = 2.000000
inc_x_r = 0.000000, inc_y_r = 1.000000, inc_x_i = 1.000000, inc_y_i = 1.000000
En el else......

----------------------------------------
x = 25.000000, y = 114.000000
avance = -131.000000, avanceR = 2.000000, avanceI = 2.000000
inc_x_r = 0.000000, inc_y_r = 1.000000, inc_x_i = 1.000000, inc_y_i = 1.000000
En el else......

----------------------------------------
x = 25.000000, y = 115.000000
avance = -129.000000, avanceR = 2.000000, avanceI = 2.000000
inc_x_r = 0.000000, inc_y_r = 1.000000, inc_x_i = 1.000000, inc_y_i = 1.000000
En el else......

----------------------------------------
x = 25.000000, y = 116.000000
avance = -127.000000, avanceR = 2.000000, avanceI = 2.000000
inc_x_r = 0.000000, inc_y_r = 1.000000, inc_x_i = 1.000000, inc_y_i = 1.000000
En el else......

----------------------------------------
x = 25.000000, y = 117.000000
avance = -125.000000, avanceR = 2.000000, avanceI = 2.000000
inc_x_r = 0.000000, inc_y_r = 1.000000, inc_x_i = 1.000000, inc_y_i = 1.000000
En el else......

----------------------------------------
x = 25.000000, y = 118.000000
avance = -123.000000, avanceR = 2.000000, avanceI = 2.000000
inc_x_r = 0.000000, inc_y_r = 1.000000, inc_x_i = 1.000000, inc_y_i = 1.000000
En el else......

----------------------------------------
x = 25.000000, y = 119.000000
avance = -121.000000, avanceR = 2.000000, avanceI = 2.000000
inc_x_r = 0.000000, inc_y_r = 1.000000, inc_x_i = 1.000000, inc_y_i = 1.000000
En el else......

----------------------------------------
x = 25.000000, y = 120.000000
avance = -119.000000, avanceR = 2.000000, avanceI = 2.000000
inc_x_r = 0.000000, inc_y_r = 1.000000, inc_x_i = 1.000000, inc_y_i = 1.000000
En el else......

----------------------------------------
x = 25.000000, y = 121.000000
avance = -117.000000, avanceR = 2.000000, avanceI = 2.000000
inc_x_r = 0.000000, inc_y_r = 1.000000, inc_x_i = 1.000000, inc_y_i = 1.000000
En el else......

----------------------------------------
x = 25.000000, y = 122.000000
avance = -115.000000, avanceR = 2.000000, avanceI = 2.000000
inc_x_r = 0.000000, inc_y_r = 1.000000, inc_x_i = 1.000000, inc_y_i = 1.000000
En el else......

----------------------------------------
x = 25.000000, y = 123.000000
avance = -113.000000, avanceR = 2.000000, avanceI = 2.000000
inc_x_r = 0.000000, inc_y_r = 1.000000, inc_x_i = 1.000000, inc_y_i = 1.000000
En el else......

----------------------------------------
x = 25.000000, y = 124.000000
avance = -111.000000, avanceR = 2.000000, avanceI = 2.000000
inc_x_r = 0.000000, inc_y_r = 1.000000, inc_x_i = 1.000000, inc_y_i = 1.000000
En el else......

----------------------------------------
x = 25.000000, y = 125.000000
avance = -109.000000, avanceR = 2.000000, avanceI = 2.000000
inc_x_r = 0.000000, inc_y_r = 1.000000, inc_x_i = 1.000000, inc_y_i = 1.000000
En el else......

----------------------------------------
x = 25.000000, y = 126.000000
avance = -107.000000, avanceR = 2.000000, avanceI = 2.000000
inc_x_r = 0.000000, inc_y_r = 1.000000, inc_x_i = 1.000000, inc_y_i = 1.000000
En el else......

----------------------------------------
x = 25.000000, y = 127.000000
avance = -105.000000, avanceR = 2.000000, avanceI = 2.000000
inc_x_r = 0.000000, inc_y_r = 1.000000, inc_x_i = 1.000000, inc_y_i = 1.000000
En el else......

----------------------------------------
x = 25.000000, y = 128.000000
avance = -103.000000, avanceR = 2.000000, avanceI = 2.000000
inc_x_r = 0.000000, inc_y_r = 1.000000, inc_x_i = 1.000000, inc_y_i = 1.000000
En el else......

----------------------------------------
x = 25.000000, y = 129.000000
avance = -101.000000, avanceR = 2.000000, avanceI = 2.000000
inc_x_r = 0.000000, inc_y_r = 1.000000, inc_x_i = 1.000000, inc_y_i = 1.000000
En el else......

----------------------------------------
x = 25.000000, y = 130.000000
avance = -99.000000, avanceR = 2.000000, avanceI = 2.000000
inc_x_r = 0.000000, inc_y_r = 1.000000, inc_x_i = 1.000000, inc_y_i = 1.000000
En el else......

----------------------------------------
x = 25.000000, y = 131.000000
avance = -97.000000, avanceR = 2.000000, avanceI = 2.000000
inc_x_r = 0.000000, inc_y_r = 1.000000, inc_x_i = 1.000000, inc_y_i = 1.000000
En el else......

----------------------------------------
x = 25.000000, y = 132.000000
avance = -95.000000, avanceR = 2.000000, avanceI = 2.000000
inc_x_r = 0.000000, inc_y_r = 1.000000, inc_x_i = 1.000000, inc_y_i = 1.000000
En el else......

----------------------------------------
x = 25.000000, y = 133.000000
avance = -93.000000, avanceR = 2.000000, avanceI = 2.000000
inc_x_r = 0.000000, inc_y_r = 1.000000, inc_x_i = 1.000000, inc_y_i = 1.000000
En el else......

----------------------------------------
x = 25.000000, y = 134.000000
avance = -91.000000, avanceR = 2.000000, avanceI = 2.000000
inc_x_r = 0.000000, inc_y_r = 1.000000, inc_x_i = 1.000000, inc_y_i = 1.000000
En el else......

----------------------------------------
x = 25.000000, y = 135.000000
avance = -89.000000, avanceR = 2.000000, avanceI = 2.000000
inc_x_r = 0.000000, inc_y_r = 1.000000, inc_x_i = 1.000000, inc_y_i = 1.000000
En el else......

----------------------------------------
x = 25.000000, y = 136.000000
avance = -87.000000, avanceR = 2.000000, avanceI = 2.000000
inc_x_r = 0.000000, inc_y_r = 1.000000, inc_x_i = 1.000000, inc_y_i = 1.000000
En el else......

----------------------------------------
x = 25.000000, y = 137.000000
avance = -85.000000, avanceR = 2.000000, avanceI = 2.000000
inc_x_r = 0.000000, inc_y_r = 1.000000, inc_x_i = 1.000000, inc_y_i = 1.000000
En el else......

----------------------------------------
x = 25.000000, y = 138.000000
avance = -83.000000, avanceR = 2.000000, avanceI = 2.000000
inc_x_r = 0.000000, inc_y_r = 1.000000, inc_x_i = 1.000000, inc_y_i = 1.000000
En el else......

----------------------------------------
x = 25.000000, y = 139.000000
avance = -81.000000, avanceR = 2.000000, avanceI = 2.000000
inc_x_r = 0.000000, inc_y_r = 1.000000, inc_x_i = 1.000000, inc_y_i = 1.000000
En el else......

----------------------------------------
x = 25.000000, y = 140.000000
avance = -79.000000, avanceR = 2.000000, avanceI = 2.000000
inc_x_r = 0.000000, inc_y_r = 1.000000, inc_x_i = 1.000000, inc_y_i = 1.000000
En el else......

----------------------------------------
x = 25.000000, y = 141.000000
avance = -77.000000, avanceR = 2.000000, avanceI = 2.000000
inc_x_r = 0.000000, inc_y_r = 1.000000, inc_x_i = 1.000000, inc_y_i = 1.000000
En el else......

----------------------------------------
x = 25.000000, y = 142.000000
avance = -75.000000, avanceR = 2.000000, avanceI = 2.000000
inc_x_r = 0.000000, inc_y_r = 1.000000, inc_x_i = 1.000000, inc_y_i = 1.000000
En el else......

----------------------------------------
x = 25.000000, y = 143.000000
avance = -73.000000, avanceR = 2.000000, avanceI = 2.000000
inc_x_r = 0.000000, inc_y_r = 1.000000, inc_x_i = 1.000000, inc_y_i = 1.000000
En el else......

----------------------------------------
x = 25.000000, y = 144.000000
avance = -71.000000, avanceR = 2.000000, avanceI = 2.000000
inc_x_r = 0.000000, inc_y_r = 1.000000, inc_x_i = 1.000000, inc_y_i = 1.000000
En el else......

----------------------------------------
x = 25.000000, y = 145.000000
avance = -69.000000, avanceR = 2.000000, avanceI = 2.000000
inc_x_r = 0.000000, inc_y_r = 1.000000, inc_x_i = 1.000000, inc_y_i = 1.000000
En el else......

----------------------------------------
x = 25.000000, y = 146.000000
avance = -67.000000, avanceR = 2.000000, avanceI = 2.000000
inc_x_r = 0.000000, inc_y_r = 1.000000, inc_x_i = 1.000000, inc_y_i = 1.000000
En el else......

----------------------------------------
x = 25.000000, y = 147.000000
avance = -65.000000, avanceR = 2.000000, avanceI = 2.000000
inc_x_r = 0.000000, inc_y_r = 1.000000, inc_x_i = 1.000000, inc_y_i = 1.000000
En el else......

----------------------------------------
x = 25.000000, y = 148.000000
avance = -63.000000, avanceR = 2.000000, avanceI = 2.000000
inc_x_r = 0.000000, inc_y_r = 1.000000, inc_x_i = 1.000000, inc_y_i = 1.000000
En el else......

----------------------------------------
x = 25.000000, y = 149.000000
avance = -61.000000, avanceR = 2.000000, avanceI = 2.000000
inc_x_r = 0.000000, inc_y_r = 1.000000, inc_x_i = 1.000000, inc_y_i = 1.000000
En el else......

----------------------------------------
x = 25.000000, y = 150.000000
avance = -59.000000, avanceR = 2.000000, avanceI = 2.000000
inc_x_r = 0.000000, inc_y_r = 1.000000, inc_x_i = 1.000000, inc_y_i = 1.000000
En el else......

----------------------------------------
x = 25.000000, y = 151.000000
avance = -57.000000, avanceR = 2.000000, avanceI = 2.000000
inc_x_r = 0.000000, inc_y_r = 1.000000, inc_x_i = 1.000000, inc_y_i = 1.000000
En el else......

----------------------------------------
x = 25.000000, y = 152.000000
avance = -55.000000, avanceR = 2.000000, avanceI = 2.000000
inc_x_r = 0.000000, inc_y_r = 1.000000, inc_x_i = 1.000000, inc_y_i = 1.000000
En el else......

----------------------------------------
x = 25.000000, y = 153.000000
avance = -53.000000, avanceR = 2.000000, avanceI = 2.000000
inc_x_r = 0.000000, inc_y_r = 1.000000, inc_x_i = 1.000000, inc_y_i = 1.000000
En el else......

----------------------------------------
x = 25.000000, y = 154.000000
avance = -51.000000, avanceR = 2.000000, avanceI = 2.000000
inc_x_r = 0.000000, inc_y_r = 1.000000, inc_x_i = 1.000000, inc_y_i = 1.000000
En el else......

----------------------------------------
x = 25.000000, y = 155.000000
avance = -49.000000, avanceR = 2.000000, avanceI = 2.000000
inc_x_r = 0.000000, inc_y_r = 1.000000, inc_x_i = 1.000000, inc_y_i = 1.000000
En el else......

----------------------------------------
x = 25.000000, y = 156.000000
avance = -47.000000, avanceR = 2.000000, avanceI = 2.000000
inc_x_r = 0.000000, inc_y_r = 1.000000, inc_x_i = 1.000000, inc_y_i = 1.000000
En el else......

----------------------------------------
x = 25.000000, y = 157.000000
avance = -45.000000, avanceR = 2.000000, avanceI = 2.000000
inc_x_r = 0.000000, inc_y_r = 1.000000, inc_x_i = 1.000000, inc_y_i = 1.000000
En el else......

----------------------------------------
x = 25.000000, y = 158.000000
avance = -43.000000, avanceR = 2.000000, avanceI = 2.000000
inc_x_r = 0.000000, inc_y_r = 1.000000, inc_x_i = 1.000000, inc_y_i = 1.000000
En el else......

----------------------------------------
x = 25.000000, y = 159.000000
avance = -41.000000, avanceR = 2.000000, avanceI = 2.000000
inc_x_r = 0.000000, inc_y_r = 1.000000, inc_x_i = 1.000000, inc_y_i = 1.000000
En el else......

----------------------------------------
x = 25.000000, y = 160.000000
avance = -39.000000, avanceR = 2.000000, avanceI = 2.000000
inc_x_r = 0.000000, inc_y_r = 1.000000, inc_x_i = 1.000000, inc_y_i = 1.000000
En el else......

----------------------------------------
x = 25.000000, y = 161.000000
avance = -37.000000, avanceR = 2.000000, avanceI = 2.000000
inc_x_r = 0.000000, inc_y_r = 1.000000, inc_x_i = 1.000000, inc_y_i = 1.000000
En el else......

----------------------------------------
x = 25.000000, y = 162.000000
avance = -35.000000, avanceR = 2.000000, avanceI = 2.000000
inc_x_r = 0.000000, inc_y_r = 1.000000, inc_x_i = 1.000000, inc_y_i = 1.000000
En el else......

----------------------------------------
x = 25.000000, y = 163.000000
avance = -33.000000, avanceR = 2.000000, avanceI = 2.000000
inc_x_r = 0.000000, inc_y_r = 1.000000, inc_x_i = 1.000000, inc_y_i = 1.000000
En el else......

----------------------------------------
x = 25.000000, y = 164.000000
avance = -31.000000, avanceR = 2.000000, avanceI = 2.000000
inc_x_r = 0.000000, inc_y_r = 1.000000, inc_x_i = 1.000000, inc_y_i = 1.000000
En el else......

----------------------------------------
x = 25.000000, y = 165.000000
avance = -29.000000, avanceR = 2.000000, avanceI = 2.000000
inc_x_r = 0.000000, inc_y_r = 1.000000, inc_x_i = 1.000000, inc_y_i = 1.000000
En el else......

----------------------------------------
x = 25.000000, y = 166.000000
avance = -27.000000, avanceR = 2.000000, avanceI = 2.000000
inc_x_r = 0.000000, inc_y_r = 1.000000, inc_x_i = 1.000000, inc_y_i = 1.000000
En el else......

----------------------------------------
x = 25.000000, y = 167.000000
avance = -25.000000, avanceR = 2.000000, avanceI = 2.000000
inc_x_r = 0.000000, inc_y_r = 1.000000, inc_x_i = 1.000000, inc_y_i = 1.000000
En el else......

----------------------------------------
x = 25.000000, y = 168.000000
avance = -23.000000, avanceR = 2.000000, avanceI = 2.000000
inc_x_r = 0.000000, inc_y_r = 1.000000, inc_x_i = 1.000000, inc_y_i = 1.000000
En el else......

----------------------------------------
x = 25.000000, y = 169.000000
avance = -21.000000, avanceR = 2.000000, avanceI = 2.000000
inc_x_r = 0.000000, inc_y_r = 1.000000, inc_x_i = 1.000000, inc_y_i = 1.000000
En el else......

----------------------------------------
x = 25.000000, y = 170.000000
avance = -19.000000, avanceR = 2.000000, avanceI = 2.000000
inc_x_r = 0.000000, inc_y_r = 1.000000, inc_x_i = 1.000000, inc_y_i = 1.000000
En el else......

----------------------------------------
x = 25.000000, y = 171.000000
avance = -17.000000, avanceR = 2.000000, avanceI = 2.000000
inc_x_r = 0.000000, inc_y_r = 1.000000, inc_x_i = 1.000000, inc_y_i = 1.000000
En el else......

----------------------------------------
x = 25.000000, y = 172.000000
avance = -15.000000, avanceR = 2.000000, avanceI = 2.000000
inc_x_r = 0.000000, inc_y_r = 1.000000, inc_x_i = 1.000000, inc_y_i = 1.000000
En el else......

----------------------------------------
x = 25.000000, y = 173.000000
avance = -13.000000, avanceR = 2.000000, avanceI = 2.000000
inc_x_r = 0.000000, inc_y_r = 1.000000, inc_x_i = 1.000000, inc_y_i = 1.000000
En el else......

----------------------------------------
x = 25.000000, y = 174.000000
avance = -11.000000, avanceR = 2.000000, avanceI = 2.000000
inc_x_r = 0.000000, inc_y_r = 1.000000, inc_x_i = 1.000000, inc_y_i = 1.000000
En el else......

----------------------------------------
x = 25.000000, y = 175.000000
avance = -9.000000, avanceR = 2.000000, avanceI = 2.000000
inc_x_r = 0.000000, inc_y_r = 1.000000, inc_x_i = 1.000000, inc_y_i = 1.000000
En el else......

----------------------------------------
x = 25.000000, y = 176.000000
avance = -7.000000, avanceR = 2.000000, avanceI = 2.000000
inc_x_r = 0.000000, inc_y_r = 1.000000, inc_x_i = 1.000000, inc_y_i = 1.000000
En el else......

----------------------------------------
x = 25.000000, y = 177.000000
avance = -5.000000, avanceR = 2.000000, avanceI = 2.000000
inc_x_r = 0.000000, inc_y_r = 1.000000, inc_x_i = 1.000000, inc_y_i = 1.000000
En el else......

----------------------------------------
x = 25.000000, y = 178.000000
avance = -3.000000, avanceR = 2.000000, avanceI = 2.000000
inc_x_r = 0.000000, inc_y_r = 1.000000, inc_x_i = 1.000000, inc_y_i = 1.000000
En el else......

----------------------------------------
x = 25.000000, y = 179.000000
avance = -1.000000, avanceR = 2.000000, avanceI = 2.000000
inc_x_r = 0.000000, inc_y_r = 1.000000, inc_x_i = 1.000000, inc_y_i = 1.000000
En el else......

----------------------------------------
x = 25.000000, y = 180.000000
avance = 1.000000, avanceR = 2.000000, avanceI = 2.000000
inc_x_r = 0.000000, inc_y_r = 1.000000, inc_x_i = 1.000000, inc_y_i = 1.000000
avance >= 0

----------------------------------------
x = 26.000000, y = 181.000000
avance = -499.000000, avanceR = 2.000000, avanceI = 2.000000
inc_x_r = 0.000000, inc_y_r = 1.000000, inc_x_i = 1.000000, inc_y_i = 1.000000
En el else......

----------------------------------------
x = 26.000000, y = 182.000000
avance = -497.000000, avanceR = 2.000000, avanceI = 2.000000
inc_x_r = 0.000000, inc_y_r = 1.000000, inc_x_i = 1.000000, inc_y_i = 1.000000
En el else......

----------------------------------------
x = 26.000000, y = 183.000000
avance = -495.000000, avanceR = 2.000000, avanceI = 2.000000
inc_x_r = 0.000000, inc_y_r = 1.000000, inc_x_i = 1.000000, inc_y_i = 1.000000
En el else......

----------------------------------------
x = 26.000000, y = 184.000000
avance = -493.000000, avanceR = 2.000000, avanceI = 2.000000
inc_x_r = 0.000000, inc_y_r = 1.000000, inc_x_i = 1.000000, inc_y_i = 1.000000
En el else......

----------------------------------------
x = 26.000000, y = 185.000000
avance = -491.000000, avanceR = 2.000000, avanceI = 2.000000
inc_x_r = 0.000000, inc_y_r = 1.000000, inc_x_i = 1.000000, inc_y_i = 1.000000
En el else......

----------------------------------------
x = 26.000000, y = 186.000000
avance = -489.000000, avanceR = 2.000000, avanceI = 2.000000
inc_x_r = 0.000000, inc_y_r = 1.000000, inc_x_i = 1.000000, inc_y_i = 1.000000
En el else......

----------------------------------------
x = 26.000000, y = 187.000000
avance = -487.000000, avanceR = 2.000000, avanceI = 2.000000
inc_x_r = 0.000000, inc_y_r = 1.000000, inc_x_i = 1.000000, inc_y_i = 1.000000
En el else......

----------------------------------------
x = 26.000000, y = 188.000000
avance = -485.000000, avanceR = 2.000000, avanceI = 2.000000
inc_x_r = 0.000000, inc_y_r = 1.000000, inc_x_i = 1.000000, inc_y_i = 1.000000
En el else......

----------------------------------------
x = 26.000000, y = 189.000000
avance = -483.000000, avanceR = 2.000000, avanceI = 2.000000
inc_x_r = 0.000000, inc_y_r = 1.000000, inc_x_i = 1.000000, inc_y_i = 1.000000
En el else......

----------------------------------------
x = 26.000000, y = 190.000000
avance = -481.000000, avanceR = 2.000000, avanceI = 2.000000
inc_x_r = 0.000000, inc_y_r = 1.000000, inc_x_i = 1.000000, inc_y_i = 1.000000
En el else......

----------------------------------------
x = 26.000000, y = 191.000000
avance = -479.000000, avanceR = 2.000000, avanceI = 2.000000
inc_x_r = 0.000000, inc_y_r = 1.000000, inc_x_i = 1.000000, inc_y_i = 1.000000
En el else......

----------------------------------------
x = 26.000000, y = 192.000000
avance = -477.000000, avanceR = 2.000000, avanceI = 2.000000
inc_x_r = 0.000000, inc_y_r = 1.000000, inc_x_i = 1.000000, inc_y_i = 1.000000
En el else......

----------------------------------------
x = 26.000000, y = 193.000000
avance = -475.000000, avanceR = 2.000000, avanceI = 2.000000
inc_x_r = 0.000000, inc_y_r = 1.000000, inc_x_i = 1.000000, inc_y_i = 1.000000
En el else......

----------------------------------------
x = 26.000000, y = 194.000000
avance = -473.000000, avanceR = 2.000000, avanceI = 2.000000
inc_x_r = 0.000000, inc_y_r = 1.000000, inc_x_i = 1.000000, inc_y_i = 1.000000
En el else......

----------------------------------------
x = 26.000000, y = 195.000000
avance = -471.000000, avanceR = 2.000000, avanceI = 2.000000
inc_x_r = 0.000000, inc_y_r = 1.000000, inc_x_i = 1.000000, inc_y_i = 1.000000
En el else......

----------------------------------------
x = 26.000000, y = 196.000000
avance = -469.000000, avanceR = 2.000000, avanceI = 2.000000
inc_x_r = 0.000000, inc_y_r = 1.000000, inc_x_i = 1.000000, inc_y_i = 1.000000
En el else......

----------------------------------------
x = 26.000000, y = 197.000000
avance = -467.000000, avanceR = 2.000000, avanceI = 2.000000
inc_x_r = 0.000000, inc_y_r = 1.000000, inc_x_i = 1.000000, inc_y_i = 1.000000
En el else......

----------------------------------------
x = 26.000000, y = 198.000000
avance = -465.000000, avanceR = 2.000000, avanceI = 2.000000
inc_x_r = 0.000000, inc_y_r = 1.000000, inc_x_i = 1.000000, inc_y_i = 1.000000
En el else......

----------------------------------------
x = 26.000000, y = 199.000000
avance = -463.000000, avanceR = 2.000000, avanceI = 2.000000
inc_x_r = 0.000000, inc_y_r = 1.000000, inc_x_i = 1.000000, inc_y_i = 1.000000
En el else......

----------------------------------------
x = 26.000000, y = 200.000000
avance = -461.000000, avanceR = 2.000000, avanceI = 2.000000
inc_x_r = 0.000000, inc_y_r = 1.000000, inc_x_i = 1.000000, inc_y_i = 1.000000
En el else......

----------------------------------------
x = 26.000000, y = 201.000000
avance = -459.000000, avanceR = 2.000000, avanceI = 2.000000
inc_x_r = 0.000000, inc_y_r = 1.000000, inc_x_i = 1.000000, inc_y_i = 1.000000
En el else......

----------------------------------------
x = 26.000000, y = 202.000000
avance = -457.000000, avanceR = 2.000000, avanceI = 2.000000
inc_x_r = 0.000000, inc_y_r = 1.000000, inc_x_i = 1.000000, inc_y_i = 1.000000
En el else......

----------------------------------------
x = 26.000000, y = 203.000000
avance = -455.000000, avanceR = 2.000000, avanceI = 2.000000
inc_x_r = 0.000000, inc_y_r = 1.000000, inc_x_i = 1.000000, inc_y_i = 1.000000
En el else......

----------------------------------------
x = 26.000000, y = 204.000000
avance = -453.000000, avanceR = 2.000000, avanceI = 2.000000
inc_x_r = 0.000000, inc_y_r = 1.000000, inc_x_i = 1.000000, inc_y_i = 1.000000
En el else......

----------------------------------------
x = 26.000000, y = 205.000000
avance = -451.000000, avanceR = 2.000000, avanceI = 2.000000
inc_x_r = 0.000000, inc_y_r = 1.000000, inc_x_i = 1.000000, inc_y_i = 1.000000
En el else......

----------------------------------------
x = 26.000000, y = 206.000000
avance = -449.000000, avanceR = 2.000000, avanceI = 2.000000
inc_x_r = 0.000000, inc_y_r = 1.000000, inc_x_i = 1.000000, inc_y_i = 1.000000
En el else......

----------------------------------------
x = 26.000000, y = 207.000000
avance = -447.000000, avanceR = 2.000000, avanceI = 2.000000
inc_x_r = 0.000000, inc_y_r = 1.000000, inc_x_i = 1.000000, inc_y_i = 1.000000
En el else......

----------------------------------------
x = 26.000000, y = 208.000000
avance = -445.000000, avanceR = 2.000000, avanceI = 2.000000
inc_x_r = 0.000000, inc_y_r = 1.000000, inc_x_i = 1.000000, inc_y_i = 1.000000
En el else......

----------------------------------------
x = 26.000000, y = 209.000000
avance = -443.000000, avanceR = 2.000000, avanceI = 2.000000
inc_x_r = 0.000000, inc_y_r = 1.000000, inc_x_i = 1.000000, inc_y_i = 1.000000
En el else......

----------------------------------------
x = 26.000000, y = 210.000000
avance = -441.000000, avanceR = 2.000000, avanceI = 2.000000
inc_x_r = 0.000000, inc_y_r = 1.000000, inc_x_i = 1.000000, inc_y_i = 1.000000
En el else......

----------------------------------------
x = 26.000000, y = 211.000000
avance = -439.000000, avanceR = 2.000000, avanceI = 2.000000
inc_x_r = 0.000000, inc_y_r = 1.000000, inc_x_i = 1.000000, inc_y_i = 1.000000
En el else......

----------------------------------------
x = 26.000000, y = 212.000000
avance = -437.000000, avanceR = 2.000000, avanceI = 2.000000
inc_x_r = 0.000000, inc_y_r = 1.000000, inc_x_i = 1.000000, inc_y_i = 1.000000
En el else......

----------------------------------------
x = 26.000000, y = 213.000000
avance = -435.000000, avanceR = 2.000000, avanceI = 2.000000
inc_x_r = 0.000000, inc_y_r = 1.000000, inc_x_i = 1.000000, inc_y_i = 1.000000
En el else......

----------------------------------------
x = 26.000000, y = 214.000000
avance = -433.000000, avanceR = 2.000000, avanceI = 2.000000
inc_x_r = 0.000000, inc_y_r = 1.000000, inc_x_i = 1.000000, inc_y_i = 1.000000
En el else......

----------------------------------------
x = 26.000000, y = 215.000000
avance = -431.000000, avanceR = 2.000000, avanceI = 2.000000
inc_x_r = 0.000000, inc_y_r = 1.000000, inc_x_i = 1.000000, inc_y_i = 1.000000
En el else......

----------------------------------------
x = 26.000000, y = 216.000000
avance = -429.000000, avanceR = 2.000000, avanceI = 2.000000
inc_x_r = 0.000000, inc_y_r = 1.000000, inc_x_i = 1.000000, inc_y_i = 1.000000
En el else......

----------------------------------------
x = 26.000000, y = 217.000000
avance = -427.000000, avanceR = 2.000000, avanceI = 2.000000
inc_x_r = 0.000000, inc_y_r = 1.000000, inc_x_i = 1.000000, inc_y_i = 1.000000
En el else......

----------------------------------------
x = 26.000000, y = 218.000000
avance = -425.000000, avanceR = 2.000000, avanceI = 2.000000
inc_x_r = 0.000000, inc_y_r = 1.000000, inc_x_i = 1.000000, inc_y_i = 1.000000
En el else......

----------------------------------------
x = 26.000000, y = 219.000000
avance = -423.000000, avanceR = 2.000000, avanceI = 2.000000
inc_x_r = 0.000000, inc_y_r = 1.000000, inc_x_i = 1.000000, inc_y_i = 1.000000
En el else......

----------------------------------------
x = 26.000000, y = 220.000000
avance = -421.000000, avanceR = 2.000000, avanceI = 2.000000
inc_x_r = 0.000000, inc_y_r = 1.000000, inc_x_i = 1.000000, inc_y_i = 1.000000
En el else......

----------------------------------------
x = 26.000000, y = 221.000000
avance = -419.000000, avanceR = 2.000000, avanceI = 2.000000
inc_x_r = 0.000000, inc_y_r = 1.000000, inc_x_i = 1.000000, inc_y_i = 1.000000
En el else......

----------------------------------------
x = 26.000000, y = 222.000000
avance = -417.000000, avanceR = 2.000000, avanceI = 2.000000
inc_x_r = 0.000000, inc_y_r = 1.000000, inc_x_i = 1.000000, inc_y_i = 1.000000
En el else......

----------------------------------------
x = 26.000000, y = 223.000000
avance = -415.000000, avanceR = 2.000000, avanceI = 2.000000
inc_x_r = 0.000000, inc_y_r = 1.000000, inc_x_i = 1.000000, inc_y_i = 1.000000
En el else......

----------------------------------------
x = 26.000000, y = 224.000000
avance = -413.000000, avanceR = 2.000000, avanceI = 2.000000
inc_x_r = 0.000000, inc_y_r = 1.000000, inc_x_i = 1.000000, inc_y_i = 1.000000
En el else......

----------------------------------------
x = 26.000000, y = 225.000000
avance = -411.000000, avanceR = 2.000000, avanceI = 2.000000
inc_x_r = 0.000000, inc_y_r = 1.000000, inc_x_i = 1.000000, inc_y_i = 1.000000
En el else......

----------------------------------------
x = 26.000000, y = 226.000000
avance = -409.000000, avanceR = 2.000000, avanceI = 2.000000
inc_x_r = 0.000000, inc_y_r = 1.000000, inc_x_i = 1.000000, inc_y_i = 1.000000
En el else......

----------------------------------------
x = 26.000000, y = 227.000000
avance = -407.000000, avanceR = 2.000000, avanceI = 2.000000
inc_x_r = 0.000000, inc_y_r = 1.000000, inc_x_i = 1.000000, inc_y_i = 1.000000
En el else......

----------------------------------------
x = 26.000000, y = 228.000000
avance = -405.000000, avanceR = 2.000000, avanceI = 2.000000
inc_x_r = 0.000000, inc_y_r = 1.000000, inc_x_i = 1.000000, inc_y_i = 1.000000
En el else......

----------------------------------------
x = 26.000000, y = 229.000000
avance = -403.000000, avanceR = 2.000000, avanceI = 2.000000
inc_x_r = 0.000000, inc_y_r = 1.000000, inc_x_i = 1.000000, inc_y_i = 1.000000
En el else......

----------------------------------------
x = 26.000000, y = 230.000000
avance = -401.000000, avanceR = 2.000000, avanceI = 2.000000
inc_x_r = 0.000000, inc_y_r = 1.000000, inc_x_i = 1.000000, inc_y_i = 1.000000
En el else......

----------------------------------------
x = 26.000000, y = 231.000000
avance = -399.000000, avanceR = 2.000000, avanceI = 2.000000
inc_x_r = 0.000000, inc_y_r = 1.000000, inc_x_i = 1.000000, inc_y_i = 1.000000
En el else......

----------------------------------------
x = 26.000000, y = 232.000000
avance = -397.000000, avanceR = 2.000000, avanceI = 2.000000
inc_x_r = 0.000000, inc_y_r = 1.000000, inc_x_i = 1.000000, inc_y_i = 1.000000
En el else......

----------------------------------------
x = 26.000000, y = 233.000000
avance = -395.000000, avanceR = 2.000000, avanceI = 2.000000
inc_x_r = 0.000000, inc_y_r = 1.000000, inc_x_i = 1.000000, inc_y_i = 1.000000
En el else......

----------------------------------------
x = 26.000000, y = 234.000000
avance = -393.000000, avanceR = 2.000000, avanceI = 2.000000
inc_x_r = 0.000000, inc_y_r = 1.000000, inc_x_i = 1.000000, inc_y_i = 1.000000
En el else......

----------------------------------------
x = 26.000000, y = 235.000000
avance = -391.000000, avanceR = 2.000000, avanceI = 2.000000
inc_x_r = 0.000000, inc_y_r = 1.000000, inc_x_i = 1.000000, inc_y_i = 1.000000
En el else......

----------------------------------------
x = 26.000000, y = 236.000000
avance = -389.000000, avanceR = 2.000000, avanceI = 2.000000
inc_x_r = 0.000000, inc_y_r = 1.000000, inc_x_i = 1.000000, inc_y_i = 1.000000
En el else......

----------------------------------------
x = 26.000000, y = 237.000000
avance = -387.000000, avanceR = 2.000000, avanceI = 2.000000
inc_x_r = 0.000000, inc_y_r = 1.000000, inc_x_i = 1.000000, inc_y_i = 1.000000
En el else......

----------------------------------------
x = 26.000000, y = 238.000000
avance = -385.000000, avanceR = 2.000000, avanceI = 2.000000
inc_x_r = 0.000000, inc_y_r = 1.000000, inc_x_i = 1.000000, inc_y_i = 1.000000
En el else......

----------------------------------------
x = 26.000000, y = 239.000000
avance = -383.000000, avanceR = 2.000000, avanceI = 2.000000
inc_x_r = 0.000000, inc_y_r = 1.000000, inc_x_i = 1.000000, inc_y_i = 1.000000
En el else......

----------------------------------------
x = 26.000000, y = 240.000000
avance = -381.000000, avanceR = 2.000000, avanceI = 2.000000
inc_x_r = 0.000000, inc_y_r = 1.000000, inc_x_i = 1.000000, inc_y_i = 1.000000
En el else......

----------------------------------------
x = 26.000000, y = 241.000000
avance = -379.000000, avanceR = 2.000000, avanceI = 2.000000
inc_x_r = 0.000000, inc_y_r = 1.000000, inc_x_i = 1.000000, inc_y_i = 1.000000
En el else......

----------------------------------------
x = 26.000000, y = 242.000000
avance = -377.000000, avanceR = 2.000000, avanceI = 2.000000
inc_x_r = 0.000000, inc_y_r = 1.000000, inc_x_i = 1.000000, inc_y_i = 1.000000
En el else......

----------------------------------------
x = 26.000000, y = 243.000000
avance = -375.000000, avanceR = 2.000000, avanceI = 2.000000
inc_x_r = 0.000000, inc_y_r = 1.000000, inc_x_i = 1.000000, inc_y_i = 1.000000
En el else......

----------------------------------------
x = 26.000000, y = 244.000000
avance = -373.000000, avanceR = 2.000000, avanceI = 2.000000
inc_x_r = 0.000000, inc_y_r = 1.000000, inc_x_i = 1.000000, inc_y_i = 1.000000
En el else......

----------------------------------------
x = 26.000000, y = 245.000000
avance = -371.000000, avanceR = 2.000000, avanceI = 2.000000
inc_x_r = 0.000000, inc_y_r = 1.000000, inc_x_i = 1.000000, inc_y_i = 1.000000
En el else......

----------------------------------------
x = 26.000000, y = 246.000000
avance = -369.000000, avanceR = 2.000000, avanceI = 2.000000
inc_x_r = 0.000000, inc_y_r = 1.000000, inc_x_i = 1.000000, inc_y_i = 1.000000
En el else......

----------------------------------------
x = 26.000000, y = 247.000000
avance = -367.000000, avanceR = 2.000000, avanceI = 2.000000
inc_x_r = 0.000000, inc_y_r = 1.000000, inc_x_i = 1.000000, inc_y_i = 1.000000
En el else......

----------------------------------------
x = 26.000000, y = 248.000000
avance = -365.000000, avanceR = 2.000000, avanceI = 2.000000
inc_x_r = 0.000000, inc_y_r = 1.000000, inc_x_i = 1.000000, inc_y_i = 1.000000
En el else......

----------------------------------------
x = 26.000000, y = 249.000000
avance = -363.000000, avanceR = 2.000000, avanceI = 2.000000
inc_x_r = 0.000000, inc_y_r = 1.000000, inc_x_i = 1.000000, inc_y_i = 1.000000
En el else......

----------------------------------------
x = 26.000000, y = 250.000000
avance = -361.000000, avanceR = 2.000000, avanceI = 2.000000
inc_x_r = 0.000000, inc_y_r = 1.000000, inc_x_i = 1.000000, inc_y_i = 1.000000
En el else......

----------------------------------------
x = 26.000000, y = 251.000000
avance = -359.000000, avanceR = 2.000000, avanceI = 2.000000
inc_x_r = 0.000000, inc_y_r = 1.000000, inc_x_i = 1.000000, inc_y_i = 1.000000
En el else......

----------------------------------------
x = 26.000000, y = 252.000000
avance = -357.000000, avanceR = 2.000000, avanceI = 2.000000
inc_x_r = 0.000000, inc_y_r = 1.000000, inc_x_i = 1.000000, inc_y_i = 1.000000
En el else......

----------------------------------------
x = 26.000000, y = 253.000000
avance = -355.000000, avanceR = 2.000000, avanceI = 2.000000
inc_x_r = 0.000000, inc_y_r = 1.000000, inc_x_i = 1.000000, inc_y_i = 1.000000
En el else......

----------------------------------------
x = 26.000000, y = 254.000000
avance = -353.000000, avanceR = 2.000000, avanceI = 2.000000
inc_x_r = 0.000000, inc_y_r = 1.000000, inc_x_i = 1.000000, inc_y_i = 1.000000
En el else......

----------------------------------------
x = 26.000000, y = 255.000000
avance = -351.000000, avanceR = 2.000000, avanceI = 2.000000
inc_x_r = 0.000000, inc_y_r = 1.000000, inc_x_i = 1.000000, inc_y_i = 1.000000
En el else......

----------------------------------------
x = 26.000000, y = 256.000000
avance = -349.000000, avanceR = 2.000000, avanceI = 2.000000
inc_x_r = 0.000000, inc_y_r = 1.000000, inc_x_i = 1.000000, inc_y_i = 1.000000
En el else......

----------------------------------------
x = 26.000000, y = 257.000000
avance = -347.000000, avanceR = 2.000000, avanceI = 2.000000
inc_x_r = 0.000000, inc_y_r = 1.000000, inc_x_i = 1.000000, inc_y_i = 1.000000
En el else......

----------------------------------------
x = 26.000000, y = 258.000000
avance = -345.000000, avanceR = 2.000000, avanceI = 2.000000
inc_x_r = 0.000000, inc_y_r = 1.000000, inc_x_i = 1.000000, inc_y_i = 1.000000
En el else......

----------------------------------------
x = 26.000000, y = 259.000000
avance = -343.000000, avanceR = 2.000000, avanceI = 2.000000
inc_x_r = 0.000000, inc_y_r = 1.000000, inc_x_i = 1.000000, inc_y_i = 1.000000
En el else......

----------------------------------------
x = 26.000000, y = 260.000000
avance = -341.000000, avanceR = 2.000000, avanceI = 2.000000
inc_x_r = 0.000000, inc_y_r = 1.000000, inc_x_i = 1.000000, inc_y_i = 1.000000
En el else......

----------------------------------------
x = 26.000000, y = 261.000000
avance = -339.000000, avanceR = 2.000000, avanceI = 2.000000
inc_x_r = 0.000000, inc_y_r = 1.000000, inc_x_i = 1.000000, inc_y_i = 1.000000
En el else......

----------------------------------------
x = 26.000000, y = 262.000000
avance = -337.000000, avanceR = 2.000000, avanceI = 2.000000
inc_x_r = 0.000000, inc_y_r = 1.000000, inc_x_i = 1.000000, inc_y_i = 1.000000
En el else......

----------------------------------------
x = 26.000000, y = 263.000000
avance = -335.000000, avanceR = 2.000000, avanceI = 2.000000
inc_x_r = 0.000000, inc_y_r = 1.000000, inc_x_i = 1.000000, inc_y_i = 1.000000
En el else......

----------------------------------------
x = 26.000000, y = 264.000000
avance = -333.000000, avanceR = 2.000000, avanceI = 2.000000
inc_x_r = 0.000000, inc_y_r = 1.000000, inc_x_i = 1.000000, inc_y_i = 1.000000
En el else......

----------------------------------------
x = 26.000000, y = 265.000000
avance = -331.000000, avanceR = 2.000000, avanceI = 2.000000
inc_x_r = 0.000000, inc_y_r = 1.000000, inc_x_i = 1.000000, inc_y_i = 1.000000
En el else......

----------------------------------------
x = 26.000000, y = 266.000000
avance = -329.000000, avanceR = 2.000000, avanceI = 2.000000
inc_x_r = 0.000000, inc_y_r = 1.000000, inc_x_i = 1.000000, inc_y_i = 1.000000
En el else......

----------------------------------------
x = 26.000000, y = 267.000000
avance = -327.000000, avanceR = 2.000000, avanceI = 2.000000
inc_x_r = 0.000000, inc_y_r = 1.000000, inc_x_i = 1.000000, inc_y_i = 1.000000
En el else......

----------------------------------------
x = 26.000000, y = 268.000000
avance = -325.000000, avanceR = 2.000000, avanceI = 2.000000
inc_x_r = 0.000000, inc_y_r = 1.000000, inc_x_i = 1.000000, inc_y_i = 1.000000
En el else......

----------------------------------------
x = 26.000000, y = 269.000000
avance = -323.000000, avanceR = 2.000000, avanceI = 2.000000
inc_x_r = 0.000000, inc_y_r = 1.000000, inc_x_i = 1.000000, inc_y_i = 1.000000
En el else......

----------------------------------------
x = 26.000000, y = 270.000000
avance = -321.000000, avanceR = 2.000000, avanceI = 2.000000
inc_x_r = 0.000000, inc_y_r = 1.000000, inc_x_i = 1.000000, inc_y_i = 1.000000
En el else......

----------------------------------------
x = 26.000000, y = 271.000000
avance = -319.000000, avanceR = 2.000000, avanceI = 2.000000
inc_x_r = 0.000000, inc_y_r = 1.000000, inc_x_i = 1.000000, inc_y_i = 1.000000
En el else......

----------------------------------------
x = 26.000000, y = 272.000000
avance = -317.000000, avanceR = 2.000000, avanceI = 2.000000
inc_x_r = 0.000000, inc_y_r = 1.000000, inc_x_i = 1.000000, inc_y_i = 1.000000
En el else......

----------------------------------------
x = 26.000000, y = 273.000000
avance = -315.000000, avanceR = 2.000000, avanceI = 2.000000
inc_x_r = 0.000000, inc_y_r = 1.000000, inc_x_i = 1.000000, inc_y_i = 1.000000
En el else......

----------------------------------------
x = 26.000000, y = 274.000000
avance = -313.000000, avanceR = 2.000000, avanceI = 2.000000
inc_x_r = 0.000000, inc_y_r = 1.000000, inc_x_i = 1.000000, inc_y_i = 1.000000
En el else......

----------------------------------------
x = 26.000000, y = 275.000000
avance = -311.000000, avanceR = 2.000000, avanceI = 2.000000
inc_x_r = 0.000000, inc_y_r = 1.000000, inc_x_i = 1.000000, inc_y_i = 1.000000
En el else......

----------------------------------------
x = 26.000000, y = 276.000000
avance = -309.000000, avanceR = 2.000000, avanceI = 2.000000
inc_x_r = 0.000000, inc_y_r = 1.000000, inc_x_i = 1.000000, inc_y_i = 1.000000
En el else......

----------------------------------------
x = 26.000000, y = 277.000000
avance = -307.000000, avanceR = 2.000000, avanceI = 2.000000
inc_x_r = 0.000000, inc_y_r = 1.000000, inc_x_i = 1.000000, inc_y_i = 1.000000
En el else......

----------------------------------------
x = 26.000000, y = 278.000000
avance = -305.000000, avanceR = 2.000000, avanceI = 2.000000
inc_x_r = 0.000000, inc_y_r = 1.000000, inc_x_i = 1.000000, inc_y_i = 1.000000
En el else......

----------------------------------------
x = 26.000000, y = 279.000000
avance = -303.000000, avanceR = 2.000000, avanceI = 2.000000
inc_x_r = 0.000000, inc_y_r = 1.000000, inc_x_i = 1.000000, inc_y_i = 1.000000
En el else......

----------------------------------------
x = 26.000000, y = 280.000000
avance = -301.000000, avanceR = 2.000000, avanceI = 2.000000
inc_x_r = 0.000000, inc_y_r = 1.000000, inc_x_i = 1.000000, inc_y_i = 1.000000
En el else......

----------------------------------------
x = 26.000000, y = 281.000000
avance = -299.000000, avanceR = 2.000000, avanceI = 2.000000
inc_x_r = 0.000000, inc_y_r = 1.000000, inc_x_i = 1.000000, inc_y_i = 1.000000
En el else......

----------------------------------------
x = 26.000000, y = 282.000000
avance = -297.000000, avanceR = 2.000000, avanceI = 2.000000
inc_x_r = 0.000000, inc_y_r = 1.000000, inc_x_i = 1.000000, inc_y_i = 1.000000
En el else......

----------------------------------------
x = 26.000000, y = 283.000000
avance = -295.000000, avanceR = 2.000000, avanceI = 2.000000
inc_x_r = 0.000000, inc_y_r = 1.000000, inc_x_i = 1.000000, inc_y_i = 1.000000
En el else......

----------------------------------------
x = 26.000000, y = 284.000000
avance = -293.000000, avanceR = 2.000000, avanceI = 2.000000
inc_x_r = 0.000000, inc_y_r = 1.000000, inc_x_i = 1.000000, inc_y_i = 1.000000
En el else......

----------------------------------------
x = 26.000000, y = 285.000000
avance = -291.000000, avanceR = 2.000000, avanceI = 2.000000
inc_x_r = 0.000000, inc_y_r = 1.000000, inc_x_i = 1.000000, inc_y_i = 1.000000
En el else......

----------------------------------------
x = 26.000000, y = 286.000000
avance = -289.000000, avanceR = 2.000000, avanceI = 2.000000
inc_x_r = 0.000000, inc_y_r = 1.000000, inc_x_i = 1.000000, inc_y_i = 1.000000
En el else......

----------------------------------------
x = 26.000000, y = 287.000000
avance = -287.000000, avanceR = 2.000000, avanceI = 2.000000
inc_x_r = 0.000000, inc_y_r = 1.000000, inc_x_i = 1.000000, inc_y_i = 1.000000
En el else......

----------------------------------------
x = 26.000000, y = 288.000000
avance = -285.000000, avanceR = 2.000000, avanceI = 2.000000
inc_x_r = 0.000000, inc_y_r = 1.000000, inc_x_i = 1.000000, inc_y_i = 1.000000
En el else......

----------------------------------------
x = 26.000000, y = 289.000000
avance = -283.000000, avanceR = 2.000000, avanceI = 2.000000
inc_x_r = 0.000000, inc_y_r = 1.000000, inc_x_i = 1.000000, inc_y_i = 1.000000
En el else......

----------------------------------------
x = 26.000000, y = 290.000000
avance = -281.000000, avanceR = 2.000000, avanceI = 2.000000
inc_x_r = 0.000000, inc_y_r = 1.000000, inc_x_i = 1.000000, inc_y_i = 1.000000
En el else......

----------------------------------------
x = 26.000000, y = 291.000000
avance = -279.000000, avanceR = 2.000000, avanceI = 2.000000
inc_x_r = 0.000000, inc_y_r = 1.000000, inc_x_i = 1.000000, inc_y_i = 1.000000
En el else......

----------------------------------------
x = 26.000000, y = 292.000000
avance = -277.000000, avanceR = 2.000000, avanceI = 2.000000
inc_x_r = 0.000000, inc_y_r = 1.000000, inc_x_i = 1.000000, inc_y_i = 1.000000
En el else......

----------------------------------------
x = 26.000000, y = 293.000000
avance = -275.000000, avanceR = 2.000000, avanceI = 2.000000
inc_x_r = 0.000000, inc_y_r = 1.000000, inc_x_i = 1.000000, inc_y_i = 1.000000
En el else......

----------------------------------------
x = 26.000000, y = 294.000000
avance = -273.000000, avanceR = 2.000000, avanceI = 2.000000
inc_x_r = 0.000000, inc_y_r = 1.000000, inc_x_i = 1.000000, inc_y_i = 1.000000
En el else......

----------------------------------------
x = 26.000000, y = 295.000000
avance = -271.000000, avanceR = 2.000000, avanceI = 2.000000
inc_x_r = 0.000000, inc_y_r = 1.000000, inc_x_i = 1.000000, inc_y_i = 1.000000
En el else......

----------------------------------------
x = 26.000000, y = 296.000000
avance = -269.000000, avanceR = 2.000000, avanceI = 2.000000
inc_x_r = 0.000000, inc_y_r = 1.000000, inc_x_i = 1.000000, inc_y_i = 1.000000
En el else......

----------------------------------------
x = 26.000000, y = 297.000000
avance = -267.000000, avanceR = 2.000000, avanceI = 2.000000
inc_x_r = 0.000000, inc_y_r = 1.000000, inc_x_i = 1.000000, inc_y_i = 1.000000
En el else......

----------------------------------------
x = 26.000000, y = 298.000000
avance = -265.000000, avanceR = 2.000000, avanceI = 2.000000
inc_x_r = 0.000000, inc_y_r = 1.000000, inc_x_i = 1.000000, inc_y_i = 1.000000
En el else......

----------------------------------------
x = 26.000000, y = 299.000000
avance = -263.000000, avanceR = 2.000000, avanceI = 2.000000
inc_x_r = 0.000000, inc_y_r = 1.000000, inc_x_i = 1.000000, inc_y_i = 1.000000
En el else......

----------------------------------------
x = 26.000000, y = 300.000000
avance = -261.000000, avanceR = 2.000000, avanceI = 2.000000
inc_x_r = 0.000000, inc_y_r = 1.000000, inc_x_i = 1.000000, inc_y_i = 1.000000
En el else......

----------------------------------------
x = 26.000000, y = 301.000000
avance = -259.000000, avanceR = 2.000000, avanceI = 2.000000
inc_x_r = 0.000000, inc_y_r = 1.000000, inc_x_i = 1.000000, inc_y_i = 1.000000
En el else......

----------------------------------------
x = 26.000000, y = 302.000000
avance = -257.000000, avanceR = 2.000000, avanceI = 2.000000
inc_x_r = 0.000000, inc_y_r = 1.000000, inc_x_i = 1.000000, inc_y_i = 1.000000
En el else......

----------------------------------------
x = 26.000000, y = 303.000000
avance = -255.000000, avanceR = 2.000000, avanceI = 2.000000
inc_x_r = 0.000000, inc_y_r = 1.000000, inc_x_i = 1.000000, inc_y_i = 1.000000
En el else......

----------------------------------------
x = 26.000000, y = 304.000000
avance = -253.000000, avanceR = 2.000000, avanceI = 2.000000
inc_x_r = 0.000000, inc_y_r = 1.000000, inc_x_i = 1.000000, inc_y_i = 1.000000
En el else......

----------------------------------------
x = 26.000000, y = 305.000000
avance = -251.000000, avanceR = 2.000000, avanceI = 2.000000
inc_x_r = 0.000000, inc_y_r = 1.000000, inc_x_i = 1.000000, inc_y_i = 1.000000
En el else......

----------------------------------------


ENTRAMOS A BRESENHAMªªªª
x1 = 25.000000 - y1 = 55.000000 || x2 = 26.000000 - y2 = 306.000000
dy = 251.000000, dx = 1.000000
avances inclinados: inc_x_i = 1.000000, inc_y_i = 1.000000
updated: dy = 251.000000, dx = 1.000000
avances rectos: inc_x_r = 0.000000, inc_y_r 1.000000
reupdated: dy = 1.000000, dx = 251.000000
avanceR = 2.000000, avance -249.000000, avanceI 2.000000
----------------------------------------
x = 25.000000, y = 55.000000
avance = -249.000000, avanceR = 2.000000, avanceI = 2.000000
inc_x_r = 0.000000, inc_y_r = 1.000000, inc_x_i = 1.000000, inc_y_i = 1.000000
En el else......

----------------------------------------
x = 25.000000, y = 56.000000
avance = -247.000000, avanceR = 2.000000, avanceI = 2.000000
inc_x_r = 0.000000, inc_y_r = 1.000000, inc_x_i = 1.000000, inc_y_i = 1.000000
En el else......

----------------------------------------
x = 25.000000, y = 57.000000
avance = -245.000000, avanceR = 2.000000, avanceI = 2.000000
inc_x_r = 0.000000, inc_y_r = 1.000000, inc_x_i = 1.000000, inc_y_i = 1.000000
En el else......

----------------------------------------
x = 25.000000, y = 58.000000
avance = -243.000000, avanceR = 2.000000, avanceI = 2.000000
inc_x_r = 0.000000, inc_y_r = 1.000000, inc_x_i = 1.000000, inc_y_i = 1.000000
En el else......

----------------------------------------
x = 25.000000, y = 59.000000
avance = -241.000000, avanceR = 2.000000, avanceI = 2.000000
inc_x_r = 0.000000, inc_y_r = 1.000000, inc_x_i = 1.000000, inc_y_i = 1.000000
En el else......

----------------------------------------
x = 25.000000, y = 60.000000
avance = -239.000000, avanceR = 2.000000, avanceI = 2.000000
inc_x_r = 0.000000, inc_y_r = 1.000000, inc_x_i = 1.000000, inc_y_i = 1.000000
En el else......

----------------------------------------
x = 25.000000, y = 61.000000
avance = -237.000000, avanceR = 2.000000, avanceI = 2.000000
inc_x_r = 0.000000, inc_y_r = 1.000000, inc_x_i = 1.000000, inc_y_i = 1.000000
En el else......

----------------------------------------
x = 25.000000, y = 62.000000
avance = -235.000000, avanceR = 2.000000, avanceI = 2.000000
inc_x_r = 0.000000, inc_y_r = 1.000000, inc_x_i = 1.000000, inc_y_i = 1.000000
En el else......

----------------------------------------
x = 25.000000, y = 63.000000
avance = -233.000000, avanceR = 2.000000, avanceI = 2.000000
inc_x_r = 0.000000, inc_y_r = 1.000000, inc_x_i = 1.000000, inc_y_i = 1.000000
En el else......

----------------------------------------
x = 25.000000, y = 64.000000
avance = -231.000000, avanceR = 2.000000, avanceI = 2.000000
inc_x_r = 0.000000, inc_y_r = 1.000000, inc_x_i = 1.000000, inc_y_i = 1.000000
En el else......

----------------------------------------
x = 25.000000, y = 65.000000
avance = -229.000000, avanceR = 2.000000, avanceI = 2.000000
inc_x_r = 0.000000, inc_y_r = 1.000000, inc_x_i = 1.000000, inc_y_i = 1.000000
En el else......

----------------------------------------
x = 25.000000, y = 66.000000
avance = -227.000000, avanceR = 2.000000, avanceI = 2.000000
inc_x_r = 0.000000, inc_y_r = 1.000000, inc_x_i = 1.000000, inc_y_i = 1.000000
En el else......

----------------------------------------
x = 25.000000, y = 67.000000
avance = -225.000000, avanceR = 2.000000, avanceI = 2.000000
inc_x_r = 0.000000, inc_y_r = 1.000000, inc_x_i = 1.000000, inc_y_i = 1.000000
En el else......

----------------------------------------
x = 25.000000, y = 68.000000
avance = -223.000000, avanceR = 2.000000, avanceI = 2.000000
inc_x_r = 0.000000, inc_y_r = 1.000000, inc_x_i = 1.000000, inc_y_i = 1.000000
En el else......

----------------------------------------
x = 25.000000, y = 69.000000
avance = -221.000000, avanceR = 2.000000, avanceI = 2.000000
inc_x_r = 0.000000, inc_y_r = 1.000000, inc_x_i = 1.000000, inc_y_i = 1.000000
En el else......

----------------------------------------
x = 25.000000, y = 70.000000
avance = -219.000000, avanceR = 2.000000, avanceI = 2.000000
inc_x_r = 0.000000, inc_y_r = 1.000000, inc_x_i = 1.000000, inc_y_i = 1.000000
En el else......

----------------------------------------
x = 25.000000, y = 71.000000
avance = -217.000000, avanceR = 2.000000, avanceI = 2.000000
inc_x_r = 0.000000, inc_y_r = 1.000000, inc_x_i = 1.000000, inc_y_i = 1.000000
En el else......

----------------------------------------
x = 25.000000, y = 72.000000
avance = -215.000000, avanceR = 2.000000, avanceI = 2.000000
inc_x_r = 0.000000, inc_y_r = 1.000000, inc_x_i = 1.000000, inc_y_i = 1.000000
En el else......

----------------------------------------
x = 25.000000, y = 73.000000
avance = -213.000000, avanceR = 2.000000, avanceI = 2.000000
inc_x_r = 0.000000, inc_y_r = 1.000000, inc_x_i = 1.000000, inc_y_i = 1.000000
En el else......

----------------------------------------
x = 25.000000, y = 74.000000
avance = -211.000000, avanceR = 2.000000, avanceI = 2.000000
inc_x_r = 0.000000, inc_y_r = 1.000000, inc_x_i = 1.000000, inc_y_i = 1.000000
En el else......

----------------------------------------
x = 25.000000, y = 75.000000
avance = -209.000000, avanceR = 2.000000, avanceI = 2.000000
inc_x_r = 0.000000, inc_y_r = 1.000000, inc_x_i = 1.000000, inc_y_i = 1.000000
En el else......

----------------------------------------
x = 25.000000, y = 76.000000
avance = -207.000000, avanceR = 2.000000, avanceI = 2.000000
inc_x_r = 0.000000, inc_y_r = 1.000000, inc_x_i = 1.000000, inc_y_i = 1.000000
En el else......

----------------------------------------
x = 25.000000, y = 77.000000
avance = -205.000000, avanceR = 2.000000, avanceI = 2.000000
inc_x_r = 0.000000, inc_y_r = 1.000000, inc_x_i = 1.000000, inc_y_i = 1.000000
En el else......

----------------------------------------
x = 25.000000, y = 78.000000
avance = -203.000000, avanceR = 2.000000, avanceI = 2.000000
inc_x_r = 0.000000, inc_y_r = 1.000000, inc_x_i = 1.000000, inc_y_i = 1.000000
En el else......

----------------------------------------
x = 25.000000, y = 79.000000
avance = -201.000000, avanceR = 2.000000, avanceI = 2.000000
inc_x_r = 0.000000, inc_y_r = 1.000000, inc_x_i = 1.000000, inc_y_i = 1.000000
En el else......

----------------------------------------
x = 25.000000, y = 80.000000
avance = -199.000000, avanceR = 2.000000, avanceI = 2.000000
inc_x_r = 0.000000, inc_y_r = 1.000000, inc_x_i = 1.000000, inc_y_i = 1.000000
En el else......

----------------------------------------
x = 25.000000, y = 81.000000
avance = -197.000000, avanceR = 2.000000, avanceI = 2.000000
inc_x_r = 0.000000, inc_y_r = 1.000000, inc_x_i = 1.000000, inc_y_i = 1.000000
En el else......

----------------------------------------
x = 25.000000, y = 82.000000
avance = -195.000000, avanceR = 2.000000, avanceI = 2.000000
inc_x_r = 0.000000, inc_y_r = 1.000000, inc_x_i = 1.000000, inc_y_i = 1.000000
En el else......

----------------------------------------
x = 25.000000, y = 83.000000
avance = -193.000000, avanceR = 2.000000, avanceI = 2.000000
inc_x_r = 0.000000, inc_y_r = 1.000000, inc_x_i = 1.000000, inc_y_i = 1.000000
En el else......

----------------------------------------
x = 25.000000, y = 84.000000
avance = -191.000000, avanceR = 2.000000, avanceI = 2.000000
inc_x_r = 0.000000, inc_y_r = 1.000000, inc_x_i = 1.000000, inc_y_i = 1.000000
En el else......

----------------------------------------
x = 25.000000, y = 85.000000
avance = -189.000000, avanceR = 2.000000, avanceI = 2.000000
inc_x_r = 0.000000, inc_y_r = 1.000000, inc_x_i = 1.000000, inc_y_i = 1.000000
En el else......

----------------------------------------
x = 25.000000, y = 86.000000
avance = -187.000000, avanceR = 2.000000, avanceI = 2.000000
inc_x_r = 0.000000, inc_y_r = 1.000000, inc_x_i = 1.000000, inc_y_i = 1.000000
En el else......

----------------------------------------
x = 25.000000, y = 87.000000
avance = -185.000000, avanceR = 2.000000, avanceI = 2.000000
inc_x_r = 0.000000, inc_y_r = 1.000000, inc_x_i = 1.000000, inc_y_i = 1.000000
En el else......

----------------------------------------
x = 25.000000, y = 88.000000
avance = -183.000000, avanceR = 2.000000, avanceI = 2.000000
inc_x_r = 0.000000, inc_y_r = 1.000000, inc_x_i = 1.000000, inc_y_i = 1.000000
En el else......

----------------------------------------
x = 25.000000, y = 89.000000
avance = -181.000000, avanceR = 2.000000, avanceI = 2.000000
inc_x_r = 0.000000, inc_y_r = 1.000000, inc_x_i = 1.000000, inc_y_i = 1.000000
En el else......

----------------------------------------
x = 25.000000, y = 90.000000
avance = -179.000000, avanceR = 2.000000, avanceI = 2.000000
inc_x_r = 0.000000, inc_y_r = 1.000000, inc_x_i = 1.000000, inc_y_i = 1.000000
En el else......

----------------------------------------
x = 25.000000, y = 91.000000
avance = -177.000000, avanceR = 2.000000, avanceI = 2.000000
inc_x_r = 0.000000, inc_y_r = 1.000000, inc_x_i = 1.000000, inc_y_i = 1.000000
En el else......

----------------------------------------
x = 25.000000, y = 92.000000
avance = -175.000000, avanceR = 2.000000, avanceI = 2.000000
inc_x_r = 0.000000, inc_y_r = 1.000000, inc_x_i = 1.000000, inc_y_i = 1.000000
En el else......

----------------------------------------
x = 25.000000, y = 93.000000
avance = -173.000000, avanceR = 2.000000, avanceI = 2.000000
inc_x_r = 0.000000, inc_y_r = 1.000000, inc_x_i = 1.000000, inc_y_i = 1.000000
En el else......

----------------------------------------
x = 25.000000, y = 94.000000
avance = -171.000000, avanceR = 2.000000, avanceI = 2.000000
inc_x_r = 0.000000, inc_y_r = 1.000000, inc_x_i = 1.000000, inc_y_i = 1.000000
En el else......

----------------------------------------
x = 25.000000, y = 95.000000
avance = -169.000000, avanceR = 2.000000, avanceI = 2.000000
inc_x_r = 0.000000, inc_y_r = 1.000000, inc_x_i = 1.000000, inc_y_i = 1.000000
En el else......

----------------------------------------
x = 25.000000, y = 96.000000
avance = -167.000000, avanceR = 2.000000, avanceI = 2.000000
inc_x_r = 0.000000, inc_y_r = 1.000000, inc_x_i = 1.000000, inc_y_i = 1.000000
En el else......

----------------------------------------
x = 25.000000, y = 97.000000
avance = -165.000000, avanceR = 2.000000, avanceI = 2.000000
inc_x_r = 0.000000, inc_y_r = 1.000000, inc_x_i = 1.000000, inc_y_i = 1.000000
En el else......

----------------------------------------
x = 25.000000, y = 98.000000
avance = -163.000000, avanceR = 2.000000, avanceI = 2.000000
inc_x_r = 0.000000, inc_y_r = 1.000000, inc_x_i = 1.000000, inc_y_i = 1.000000
En el else......

----------------------------------------
x = 25.000000, y = 99.000000
avance = -161.000000, avanceR = 2.000000, avanceI = 2.000000
inc_x_r = 0.000000, inc_y_r = 1.000000, inc_x_i = 1.000000, inc_y_i = 1.000000
En el else......

----------------------------------------
x = 25.000000, y = 100.000000
avance = -159.000000, avanceR = 2.000000, avanceI = 2.000000
inc_x_r = 0.000000, inc_y_r = 1.000000, inc_x_i = 1.000000, inc_y_i = 1.000000
En el else......

----------------------------------------
x = 25.000000, y = 101.000000
avance = -157.000000, avanceR = 2.000000, avanceI = 2.000000
inc_x_r = 0.000000, inc_y_r = 1.000000, inc_x_i = 1.000000, inc_y_i = 1.000000
En el else......

----------------------------------------
x = 25.000000, y = 102.000000
avance = -155.000000, avanceR = 2.000000, avanceI = 2.000000
inc_x_r = 0.000000, inc_y_r = 1.000000, inc_x_i = 1.000000, inc_y_i = 1.000000
En el else......

----------------------------------------
x = 25.000000, y = 103.000000
avance = -153.000000, avanceR = 2.000000, avanceI = 2.000000
inc_x_r = 0.000000, inc_y_r = 1.000000, inc_x_i = 1.000000, inc_y_i = 1.000000
En el else......

----------------------------------------
x = 25.000000, y = 104.000000
avance = -151.000000, avanceR = 2.000000, avanceI = 2.000000
inc_x_r = 0.000000, inc_y_r = 1.000000, inc_x_i = 1.000000, inc_y_i = 1.000000
En el else......

----------------------------------------
x = 25.000000, y = 105.000000
avance = -149.000000, avanceR = 2.000000, avanceI = 2.000000
inc_x_r = 0.000000, inc_y_r = 1.000000, inc_x_i = 1.000000, inc_y_i = 1.000000
En el else......

----------------------------------------
x = 25.000000, y = 106.000000
avance = -147.000000, avanceR = 2.000000, avanceI = 2.000000
inc_x_r = 0.000000, inc_y_r = 1.000000, inc_x_i = 1.000000, inc_y_i = 1.000000
En el else......

----------------------------------------
x = 25.000000, y = 107.000000
avance = -145.000000, avanceR = 2.000000, avanceI = 2.000000
inc_x_r = 0.000000, inc_y_r = 1.000000, inc_x_i = 1.000000, inc_y_i = 1.000000
En el else......

----------------------------------------
x = 25.000000, y = 108.000000
avance = -143.000000, avanceR = 2.000000, avanceI = 2.000000
inc_x_r = 0.000000, inc_y_r = 1.000000, inc_x_i = 1.000000, inc_y_i = 1.000000
En el else......

----------------------------------------
x = 25.000000, y = 109.000000
avance = -141.000000, avanceR = 2.000000, avanceI = 2.000000
inc_x_r = 0.000000, inc_y_r = 1.000000, inc_x_i = 1.000000, inc_y_i = 1.000000
En el else......

----------------------------------------
x = 25.000000, y = 110.000000
avance = -139.000000, avanceR = 2.000000, avanceI = 2.000000
inc_x_r = 0.000000, inc_y_r = 1.000000, inc_x_i = 1.000000, inc_y_i = 1.000000
En el else......

----------------------------------------
x = 25.000000, y = 111.000000
avance = -137.000000, avanceR = 2.000000, avanceI = 2.000000
inc_x_r = 0.000000, inc_y_r = 1.000000, inc_x_i = 1.000000, inc_y_i = 1.000000
En el else......

----------------------------------------
x = 25.000000, y = 112.000000
avance = -135.000000, avanceR = 2.000000, avanceI = 2.000000
inc_x_r = 0.000000, inc_y_r = 1.000000, inc_x_i = 1.000000, inc_y_i = 1.000000
En el else......

----------------------------------------
x = 25.000000, y = 113.000000
avance = -133.000000, avanceR = 2.000000, avanceI = 2.000000
inc_x_r = 0.000000, inc_y_r = 1.000000, inc_x_i = 1.000000, inc_y_i = 1.000000
En el else......

----------------------------------------
x = 25.000000, y = 114.000000
avance = -131.000000, avanceR = 2.000000, avanceI = 2.000000
inc_x_r = 0.000000, inc_y_r = 1.000000, inc_x_i = 1.000000, inc_y_i = 1.000000
En el else......

----------------------------------------
x = 25.000000, y = 115.000000
avance = -129.000000, avanceR = 2.000000, avanceI = 2.000000
inc_x_r = 0.000000, inc_y_r = 1.000000, inc_x_i = 1.000000, inc_y_i = 1.000000
En el else......

----------------------------------------
x = 25.000000, y = 116.000000
avance = -127.000000, avanceR = 2.000000, avanceI = 2.000000
inc_x_r = 0.000000, inc_y_r = 1.000000, inc_x_i = 1.000000, inc_y_i = 1.000000
En el else......

----------------------------------------
x = 25.000000, y = 117.000000
avance = -125.000000, avanceR = 2.000000, avanceI = 2.000000
inc_x_r = 0.000000, inc_y_r = 1.000000, inc_x_i = 1.000000, inc_y_i = 1.000000
En el else......

----------------------------------------
x = 25.000000, y = 118.000000
avance = -123.000000, avanceR = 2.000000, avanceI = 2.000000
inc_x_r = 0.000000, inc_y_r = 1.000000, inc_x_i = 1.000000, inc_y_i = 1.000000
En el else......

----------------------------------------
x = 25.000000, y = 119.000000
avance = -121.000000, avanceR = 2.000000, avanceI = 2.000000
inc_x_r = 0.000000, inc_y_r = 1.000000, inc_x_i = 1.000000, inc_y_i = 1.000000
En el else......

----------------------------------------
x = 25.000000, y = 120.000000
avance = -119.000000, avanceR = 2.000000, avanceI = 2.000000
inc_x_r = 0.000000, inc_y_r = 1.000000, inc_x_i = 1.000000, inc_y_i = 1.000000
En el else......

----------------------------------------
x = 25.000000, y = 121.000000
avance = -117.000000, avanceR = 2.000000, avanceI = 2.000000
inc_x_r = 0.000000, inc_y_r = 1.000000, inc_x_i = 1.000000, inc_y_i = 1.000000
En el else......

----------------------------------------
x = 25.000000, y = 122.000000
avance = -115.000000, avanceR = 2.000000, avanceI = 2.000000
inc_x_r = 0.000000, inc_y_r = 1.000000, inc_x_i = 1.000000, inc_y_i = 1.000000
En el else......

----------------------------------------
x = 25.000000, y = 123.000000
avance = -113.000000, avanceR = 2.000000, avanceI = 2.000000
inc_x_r = 0.000000, inc_y_r = 1.000000, inc_x_i = 1.000000, inc_y_i = 1.000000
En el else......

----------------------------------------
x = 25.000000, y = 124.000000
avance = -111.000000, avanceR = 2.000000, avanceI = 2.000000
inc_x_r = 0.000000, inc_y_r = 1.000000, inc_x_i = 1.000000, inc_y_i = 1.000000
En el else......

----------------------------------------
x = 25.000000, y = 125.000000
avance = -109.000000, avanceR = 2.000000, avanceI = 2.000000
inc_x_r = 0.000000, inc_y_r = 1.000000, inc_x_i = 1.000000, inc_y_i = 1.000000
En el else......

----------------------------------------
x = 25.000000, y = 126.000000
avance = -107.000000, avanceR = 2.000000, avanceI = 2.000000
inc_x_r = 0.000000, inc_y_r = 1.000000, inc_x_i = 1.000000, inc_y_i = 1.000000
En el else......

----------------------------------------
x = 25.000000, y = 127.000000
avance = -105.000000, avanceR = 2.000000, avanceI = 2.000000
inc_x_r = 0.000000, inc_y_r = 1.000000, inc_x_i = 1.000000, inc_y_i = 1.000000
En el else......

----------------------------------------
x = 25.000000, y = 128.000000
avance = -103.000000, avanceR = 2.000000, avanceI = 2.000000
inc_x_r = 0.000000, inc_y_r = 1.000000, inc_x_i = 1.000000, inc_y_i = 1.000000
En el else......

----------------------------------------
x = 25.000000, y = 129.000000
avance = -101.000000, avanceR = 2.000000, avanceI = 2.000000
inc_x_r = 0.000000, inc_y_r = 1.000000, inc_x_i = 1.000000, inc_y_i = 1.000000
En el else......

----------------------------------------
x = 25.000000, y = 130.000000
avance = -99.000000, avanceR = 2.000000, avanceI = 2.000000
inc_x_r = 0.000000, inc_y_r = 1.000000, inc_x_i = 1.000000, inc_y_i = 1.000000
En el else......

----------------------------------------
x = 25.000000, y = 131.000000
avance = -97.000000, avanceR = 2.000000, avanceI = 2.000000
inc_x_r = 0.000000, inc_y_r = 1.000000, inc_x_i = 1.000000, inc_y_i = 1.000000
En el else......

----------------------------------------
x = 25.000000, y = 132.000000
avance = -95.000000, avanceR = 2.000000, avanceI = 2.000000
inc_x_r = 0.000000, inc_y_r = 1.000000, inc_x_i = 1.000000, inc_y_i = 1.000000
En el else......

----------------------------------------
x = 25.000000, y = 133.000000
avance = -93.000000, avanceR = 2.000000, avanceI = 2.000000
inc_x_r = 0.000000, inc_y_r = 1.000000, inc_x_i = 1.000000, inc_y_i = 1.000000
En el else......

----------------------------------------
x = 25.000000, y = 134.000000
avance = -91.000000, avanceR = 2.000000, avanceI = 2.000000
inc_x_r = 0.000000, inc_y_r = 1.000000, inc_x_i = 1.000000, inc_y_i = 1.000000
En el else......

----------------------------------------
x = 25.000000, y = 135.000000
avance = -89.000000, avanceR = 2.000000, avanceI = 2.000000
inc_x_r = 0.000000, inc_y_r = 1.000000, inc_x_i = 1.000000, inc_y_i = 1.000000
En el else......

----------------------------------------
x = 25.000000, y = 136.000000
avance = -87.000000, avanceR = 2.000000, avanceI = 2.000000
inc_x_r = 0.000000, inc_y_r = 1.000000, inc_x_i = 1.000000, inc_y_i = 1.000000
En el else......

----------------------------------------
x = 25.000000, y = 137.000000
avance = -85.000000, avanceR = 2.000000, avanceI = 2.000000
inc_x_r = 0.000000, inc_y_r = 1.000000, inc_x_i = 1.000000, inc_y_i = 1.000000
En el else......

----------------------------------------
x = 25.000000, y = 138.000000
avance = -83.000000, avanceR = 2.000000, avanceI = 2.000000
inc_x_r = 0.000000, inc_y_r = 1.000000, inc_x_i = 1.000000, inc_y_i = 1.000000
En el else......

----------------------------------------
x = 25.000000, y = 139.000000
avance = -81.000000, avanceR = 2.000000, avanceI = 2.000000
inc_x_r = 0.000000, inc_y_r = 1.000000, inc_x_i = 1.000000, inc_y_i = 1.000000
En el else......

----------------------------------------
x = 25.000000, y = 140.000000
avance = -79.000000, avanceR = 2.000000, avanceI = 2.000000
inc_x_r = 0.000000, inc_y_r = 1.000000, inc_x_i = 1.000000, inc_y_i = 1.000000
En el else......

----------------------------------------
x = 25.000000, y = 141.000000
avance = -77.000000, avanceR = 2.000000, avanceI = 2.000000
inc_x_r = 0.000000, inc_y_r = 1.000000, inc_x_i = 1.000000, inc_y_i = 1.000000
En el else......

----------------------------------------
x = 25.000000, y = 142.000000
avance = -75.000000, avanceR = 2.000000, avanceI = 2.000000
inc_x_r = 0.000000, inc_y_r = 1.000000, inc_x_i = 1.000000, inc_y_i = 1.000000
En el else......

----------------------------------------
x = 25.000000, y = 143.000000
avance = -73.000000, avanceR = 2.000000, avanceI = 2.000000
inc_x_r = 0.000000, inc_y_r = 1.000000, inc_x_i = 1.000000, inc_y_i = 1.000000
En el else......

----------------------------------------
x = 25.000000, y = 144.000000
avance = -71.000000, avanceR = 2.000000, avanceI = 2.000000
inc_x_r = 0.000000, inc_y_r = 1.000000, inc_x_i = 1.000000, inc_y_i = 1.000000
En el else......

----------------------------------------
x = 25.000000, y = 145.000000
avance = -69.000000, avanceR = 2.000000, avanceI = 2.000000
inc_x_r = 0.000000, inc_y_r = 1.000000, inc_x_i = 1.000000, inc_y_i = 1.000000
En el else......

----------------------------------------
x = 25.000000, y = 146.000000
avance = -67.000000, avanceR = 2.000000, avanceI = 2.000000
inc_x_r = 0.000000, inc_y_r = 1.000000, inc_x_i = 1.000000, inc_y_i = 1.000000
En el else......

----------------------------------------
x = 25.000000, y = 147.000000
avance = -65.000000, avanceR = 2.000000, avanceI = 2.000000
inc_x_r = 0.000000, inc_y_r = 1.000000, inc_x_i = 1.000000, inc_y_i = 1.000000
En el else......

----------------------------------------
x = 25.000000, y = 148.000000
avance = -63.000000, avanceR = 2.000000, avanceI = 2.000000
inc_x_r = 0.000000, inc_y_r = 1.000000, inc_x_i = 1.000000, inc_y_i = 1.000000
En el else......

----------------------------------------
x = 25.000000, y = 149.000000
avance = -61.000000, avanceR = 2.000000, avanceI = 2.000000
inc_x_r = 0.000000, inc_y_r = 1.000000, inc_x_i = 1.000000, inc_y_i = 1.000000
En el else......

----------------------------------------
x = 25.000000, y = 150.000000
avance = -59.000000, avanceR = 2.000000, avanceI = 2.000000
inc_x_r = 0.000000, inc_y_r = 1.000000, inc_x_i = 1.000000, inc_y_i = 1.000000
En el else......

----------------------------------------
x = 25.000000, y = 151.000000
avance = -57.000000, avanceR = 2.000000, avanceI = 2.000000
inc_x_r = 0.000000, inc_y_r = 1.000000, inc_x_i = 1.000000, inc_y_i = 1.000000
En el else......

----------------------------------------
x = 25.000000, y = 152.000000
avance = -55.000000, avanceR = 2.000000, avanceI = 2.000000
inc_x_r = 0.000000, inc_y_r = 1.000000, inc_x_i = 1.000000, inc_y_i = 1.000000
En el else......

----------------------------------------
x = 25.000000, y = 153.000000
avance = -53.000000, avanceR = 2.000000, avanceI = 2.000000
inc_x_r = 0.000000, inc_y_r = 1.000000, inc_x_i = 1.000000, inc_y_i = 1.000000
En el else......

----------------------------------------
x = 25.000000, y = 154.000000
avance = -51.000000, avanceR = 2.000000, avanceI = 2.000000
inc_x_r = 0.000000, inc_y_r = 1.000000, inc_x_i = 1.000000, inc_y_i = 1.000000
En el else......

----------------------------------------
x = 25.000000, y = 155.000000
avance = -49.000000, avanceR = 2.000000, avanceI = 2.000000
inc_x_r = 0.000000, inc_y_r = 1.000000, inc_x_i = 1.000000, inc_y_i = 1.000000
En el else......

----------------------------------------
x = 25.000000, y = 156.000000
avance = -47.000000, avanceR = 2.000000, avanceI = 2.000000
inc_x_r = 0.000000, inc_y_r = 1.000000, inc_x_i = 1.000000, inc_y_i = 1.000000
En el else......

----------------------------------------
x = 25.000000, y = 157.000000
avance = -45.000000, avanceR = 2.000000, avanceI = 2.000000
inc_x_r = 0.000000, inc_y_r = 1.000000, inc_x_i = 1.000000, inc_y_i = 1.000000
En el else......

----------------------------------------
x = 25.000000, y = 158.000000
avance = -43.000000, avanceR = 2.000000, avanceI = 2.000000
inc_x_r = 0.000000, inc_y_r = 1.000000, inc_x_i = 1.000000, inc_y_i = 1.000000
En el else......

----------------------------------------
x = 25.000000, y = 159.000000
avance = -41.000000, avanceR = 2.000000, avanceI = 2.000000
inc_x_r = 0.000000, inc_y_r = 1.000000, inc_x_i = 1.000000, inc_y_i = 1.000000
En el else......

----------------------------------------
x = 25.000000, y = 160.000000
avance = -39.000000, avanceR = 2.000000, avanceI = 2.000000
inc_x_r = 0.000000, inc_y_r = 1.000000, inc_x_i = 1.000000, inc_y_i = 1.000000
En el else......

----------------------------------------
x = 25.000000, y = 161.000000
avance = -37.000000, avanceR = 2.000000, avanceI = 2.000000
inc_x_r = 0.000000, inc_y_r = 1.000000, inc_x_i = 1.000000, inc_y_i = 1.000000
En el else......

----------------------------------------
x = 25.000000, y = 162.000000
avance = -35.000000, avanceR = 2.000000, avanceI = 2.000000
inc_x_r = 0.000000, inc_y_r = 1.000000, inc_x_i = 1.000000, inc_y_i = 1.000000
En el else......

----------------------------------------
x = 25.000000, y = 163.000000
avance = -33.000000, avanceR = 2.000000, avanceI = 2.000000
inc_x_r = 0.000000, inc_y_r = 1.000000, inc_x_i = 1.000000, inc_y_i = 1.000000
En el else......

----------------------------------------
x = 25.000000, y = 164.000000
avance = -31.000000, avanceR = 2.000000, avanceI = 2.000000
inc_x_r = 0.000000, inc_y_r = 1.000000, inc_x_i = 1.000000, inc_y_i = 1.000000
En el else......

----------------------------------------
x = 25.000000, y = 165.000000
avance = -29.000000, avanceR = 2.000000, avanceI = 2.000000
inc_x_r = 0.000000, inc_y_r = 1.000000, inc_x_i = 1.000000, inc_y_i = 1.000000
En el else......

----------------------------------------
x = 25.000000, y = 166.000000
avance = -27.000000, avanceR = 2.000000, avanceI = 2.000000
inc_x_r = 0.000000, inc_y_r = 1.000000, inc_x_i = 1.000000, inc_y_i = 1.000000
En el else......

----------------------------------------
x = 25.000000, y = 167.000000
avance = -25.000000, avanceR = 2.000000, avanceI = 2.000000
inc_x_r = 0.000000, inc_y_r = 1.000000, inc_x_i = 1.000000, inc_y_i = 1.000000
En el else......

----------------------------------------
x = 25.000000, y = 168.000000
avance = -23.000000, avanceR = 2.000000, avanceI = 2.000000
inc_x_r = 0.000000, inc_y_r = 1.000000, inc_x_i = 1.000000, inc_y_i = 1.000000
En el else......

----------------------------------------
x = 25.000000, y = 169.000000
avance = -21.000000, avanceR = 2.000000, avanceI = 2.000000
inc_x_r = 0.000000, inc_y_r = 1.000000, inc_x_i = 1.000000, inc_y_i = 1.000000
En el else......

----------------------------------------
x = 25.000000, y = 170.000000
avance = -19.000000, avanceR = 2.000000, avanceI = 2.000000
inc_x_r = 0.000000, inc_y_r = 1.000000, inc_x_i = 1.000000, inc_y_i = 1.000000
En el else......

----------------------------------------
x = 25.000000, y = 171.000000
avance = -17.000000, avanceR = 2.000000, avanceI = 2.000000
inc_x_r = 0.000000, inc_y_r = 1.000000, inc_x_i = 1.000000, inc_y_i = 1.000000
En el else......

----------------------------------------
x = 25.000000, y = 172.000000
avance = -15.000000, avanceR = 2.000000, avanceI = 2.000000
inc_x_r = 0.000000, inc_y_r = 1.000000, inc_x_i = 1.000000, inc_y_i = 1.000000
En el else......

----------------------------------------
x = 25.000000, y = 173.000000
avance = -13.000000, avanceR = 2.000000, avanceI = 2.000000
inc_x_r = 0.000000, inc_y_r = 1.000000, inc_x_i = 1.000000, inc_y_i = 1.000000
En el else......

----------------------------------------
x = 25.000000, y = 174.000000
avance = -11.000000, avanceR = 2.000000, avanceI = 2.000000
inc_x_r = 0.000000, inc_y_r = 1.000000, inc_x_i = 1.000000, inc_y_i = 1.000000
En el else......

----------------------------------------
x = 25.000000, y = 175.000000
avance = -9.000000, avanceR = 2.000000, avanceI = 2.000000
inc_x_r = 0.000000, inc_y_r = 1.000000, inc_x_i = 1.000000, inc_y_i = 1.000000
En el else......

----------------------------------------
x = 25.000000, y = 176.000000
avance = -7.000000, avanceR = 2.000000, avanceI = 2.000000
inc_x_r = 0.000000, inc_y_r = 1.000000, inc_x_i = 1.000000, inc_y_i = 1.000000
En el else......

----------------------------------------
x = 25.000000, y = 177.000000
avance = -5.000000, avanceR = 2.000000, avanceI = 2.000000
inc_x_r = 0.000000, inc_y_r = 1.000000, inc_x_i = 1.000000, inc_y_i = 1.000000
En el else......

----------------------------------------
x = 25.000000, y = 178.000000
avance = -3.000000, avanceR = 2.000000, avanceI = 2.000000
inc_x_r = 0.000000, inc_y_r = 1.000000, inc_x_i = 1.000000, inc_y_i = 1.000000
En el else......

----------------------------------------
x = 25.000000, y = 179.000000
avance = -1.000000, avanceR = 2.000000, avanceI = 2.000000
inc_x_r = 0.000000, inc_y_r = 1.000000, inc_x_i = 1.000000, inc_y_i = 1.000000
En el else......

----------------------------------------
x = 25.000000, y = 180.000000
avance = 1.000000, avanceR = 2.000000, avanceI = 2.000000
inc_x_r = 0.000000, inc_y_r = 1.000000, inc_x_i = 1.000000, inc_y_i = 1.000000
avance >= 0

----------------------------------------
x = 26.000000, y = 181.000000
avance = -499.000000, avanceR = 2.000000, avanceI = 2.000000
inc_x_r = 0.000000, inc_y_r = 1.000000, inc_x_i = 1.000000, inc_y_i = 1.000000
En el else......

----------------------------------------
x = 26.000000, y = 182.000000
avance = -497.000000, avanceR = 2.000000, avanceI = 2.000000
inc_x_r = 0.000000, inc_y_r = 1.000000, inc_x_i = 1.000000, inc_y_i = 1.000000
En el else......

----------------------------------------
x = 26.000000, y = 183.000000
avance = -495.000000, avanceR = 2.000000, avanceI = 2.000000
inc_x_r = 0.000000, inc_y_r = 1.000000, inc_x_i = 1.000000, inc_y_i = 1.000000
En el else......

----------------------------------------
x = 26.000000, y = 184.000000
avance = -493.000000, avanceR = 2.000000, avanceI = 2.000000
inc_x_r = 0.000000, inc_y_r = 1.000000, inc_x_i = 1.000000, inc_y_i = 1.000000
En el else......

----------------------------------------
x = 26.000000, y = 185.000000
avance = -491.000000, avanceR = 2.000000, avanceI = 2.000000
inc_x_r = 0.000000, inc_y_r = 1.000000, inc_x_i = 1.000000, inc_y_i = 1.000000
En el else......

----------------------------------------
x = 26.000000, y = 186.000000
avance = -489.000000, avanceR = 2.000000, avanceI = 2.000000
inc_x_r = 0.000000, inc_y_r = 1.000000, inc_x_i = 1.000000, inc_y_i = 1.000000
En el else......

----------------------------------------
x = 26.000000, y = 187.000000
avance = -487.000000, avanceR = 2.000000, avanceI = 2.000000
inc_x_r = 0.000000, inc_y_r = 1.000000, inc_x_i = 1.000000, inc_y_i = 1.000000
En el else......

----------------------------------------
x = 26.000000, y = 188.000000
avance = -485.000000, avanceR = 2.000000, avanceI = 2.000000
inc_x_r = 0.000000, inc_y_r = 1.000000, inc_x_i = 1.000000, inc_y_i = 1.000000
En el else......

----------------------------------------
x = 26.000000, y = 189.000000
avance = -483.000000, avanceR = 2.000000, avanceI = 2.000000
inc_x_r = 0.000000, inc_y_r = 1.000000, inc_x_i = 1.000000, inc_y_i = 1.000000
En el else......

----------------------------------------
x = 26.000000, y = 190.000000
avance = -481.000000, avanceR = 2.000000, avanceI = 2.000000
inc_x_r = 0.000000, inc_y_r = 1.000000, inc_x_i = 1.000000, inc_y_i = 1.000000
En el else......

----------------------------------------
x = 26.000000, y = 191.000000
avance = -479.000000, avanceR = 2.000000, avanceI = 2.000000
inc_x_r = 0.000000, inc_y_r = 1.000000, inc_x_i = 1.000000, inc_y_i = 1.000000
En el else......

----------------------------------------
x = 26.000000, y = 192.000000
avance = -477.000000, avanceR = 2.000000, avanceI = 2.000000
inc_x_r = 0.000000, inc_y_r = 1.000000, inc_x_i = 1.000000, inc_y_i = 1.000000
En el else......

----------------------------------------
x = 26.000000, y = 193.000000
avance = -475.000000, avanceR = 2.000000, avanceI = 2.000000
inc_x_r = 0.000000, inc_y_r = 1.000000, inc_x_i = 1.000000, inc_y_i = 1.000000
En el else......

----------------------------------------
x = 26.000000, y = 194.000000
avance = -473.000000, avanceR = 2.000000, avanceI = 2.000000
inc_x_r = 0.000000, inc_y_r = 1.000000, inc_x_i = 1.000000, inc_y_i = 1.000000
En el else......

----------------------------------------
x = 26.000000, y = 195.000000
avance = -471.000000, avanceR = 2.000000, avanceI = 2.000000
inc_x_r = 0.000000, inc_y_r = 1.000000, inc_x_i = 1.000000, inc_y_i = 1.000000
En el else......

----------------------------------------
x = 26.000000, y = 196.000000
avance = -469.000000, avanceR = 2.000000, avanceI = 2.000000
inc_x_r = 0.000000, inc_y_r = 1.000000, inc_x_i = 1.000000, inc_y_i = 1.000000
En el else......

----------------------------------------
x = 26.000000, y = 197.000000
avance = -467.000000, avanceR = 2.000000, avanceI = 2.000000
inc_x_r = 0.000000, inc_y_r = 1.000000, inc_x_i = 1.000000, inc_y_i = 1.000000
En el else......

----------------------------------------
x = 26.000000, y = 198.000000
avance = -465.000000, avanceR = 2.000000, avanceI = 2.000000
inc_x_r = 0.000000, inc_y_r = 1.000000, inc_x_i = 1.000000, inc_y_i = 1.000000
En el else......

----------------------------------------
x = 26.000000, y = 199.000000
avance = -463.000000, avanceR = 2.000000, avanceI = 2.000000
inc_x_r = 0.000000, inc_y_r = 1.000000, inc_x_i = 1.000000, inc_y_i = 1.000000
En el else......

----------------------------------------
x = 26.000000, y = 200.000000
avance = -461.000000, avanceR = 2.000000, avanceI = 2.000000
inc_x_r = 0.000000, inc_y_r = 1.000000, inc_x_i = 1.000000, inc_y_i = 1.000000
En el else......

----------------------------------------
x = 26.000000, y = 201.000000
avance = -459.000000, avanceR = 2.000000, avanceI = 2.000000
inc_x_r = 0.000000, inc_y_r = 1.000000, inc_x_i = 1.000000, inc_y_i = 1.000000
En el else......

----------------------------------------
x = 26.000000, y = 202.000000
avance = -457.000000, avanceR = 2.000000, avanceI = 2.000000
inc_x_r = 0.000000, inc_y_r = 1.000000, inc_x_i = 1.000000, inc_y_i = 1.000000
En el else......

----------------------------------------
x = 26.000000, y = 203.000000
avance = -455.000000, avanceR = 2.000000, avanceI = 2.000000
inc_x_r = 0.000000, inc_y_r = 1.000000, inc_x_i = 1.000000, inc_y_i = 1.000000
En el else......

----------------------------------------
x = 26.000000, y = 204.000000
avance = -453.000000, avanceR = 2.000000, avanceI = 2.000000
inc_x_r = 0.000000, inc_y_r = 1.000000, inc_x_i = 1.000000, inc_y_i = 1.000000
En el else......

----------------------------------------
x = 26.000000, y = 205.000000
avance = -451.000000, avanceR = 2.000000, avanceI = 2.000000
inc_x_r = 0.000000, inc_y_r = 1.000000, inc_x_i = 1.000000, inc_y_i = 1.000000
En el else......

----------------------------------------
x = 26.000000, y = 206.000000
avance = -449.000000, avanceR = 2.000000, avanceI = 2.000000
inc_x_r = 0.000000, inc_y_r = 1.000000, inc_x_i = 1.000000, inc_y_i = 1.000000
En el else......

----------------------------------------
x = 26.000000, y = 207.000000
avance = -447.000000, avanceR = 2.000000, avanceI = 2.000000
inc_x_r = 0.000000, inc_y_r = 1.000000, inc_x_i = 1.000000, inc_y_i = 1.000000
En el else......

----------------------------------------
x = 26.000000, y = 208.000000
avance = -445.000000, avanceR = 2.000000, avanceI = 2.000000
inc_x_r = 0.000000, inc_y_r = 1.000000, inc_x_i = 1.000000, inc_y_i = 1.000000
En el else......

----------------------------------------
x = 26.000000, y = 209.000000
avance = -443.000000, avanceR = 2.000000, avanceI = 2.000000
inc_x_r = 0.000000, inc_y_r = 1.000000, inc_x_i = 1.000000, inc_y_i = 1.000000
En el else......

----------------------------------------
x = 26.000000, y = 210.000000
avance = -441.000000, avanceR = 2.000000, avanceI = 2.000000
inc_x_r = 0.000000, inc_y_r = 1.000000, inc_x_i = 1.000000, inc_y_i = 1.000000
En el else......

----------------------------------------
x = 26.000000, y = 211.000000
avance = -439.000000, avanceR = 2.000000, avanceI = 2.000000
inc_x_r = 0.000000, inc_y_r = 1.000000, inc_x_i = 1.000000, inc_y_i = 1.000000
En el else......

----------------------------------------
x = 26.000000, y = 212.000000
avance = -437.000000, avanceR = 2.000000, avanceI = 2.000000
inc_x_r = 0.000000, inc_y_r = 1.000000, inc_x_i = 1.000000, inc_y_i = 1.000000
En el else......

----------------------------------------
x = 26.000000, y = 213.000000
avance = -435.000000, avanceR = 2.000000, avanceI = 2.000000
inc_x_r = 0.000000, inc_y_r = 1.000000, inc_x_i = 1.000000, inc_y_i = 1.000000
En el else......

----------------------------------------
x = 26.000000, y = 214.000000
avance = -433.000000, avanceR = 2.000000, avanceI = 2.000000
inc_x_r = 0.000000, inc_y_r = 1.000000, inc_x_i = 1.000000, inc_y_i = 1.000000
En el else......

----------------------------------------
x = 26.000000, y = 215.000000
avance = -431.000000, avanceR = 2.000000, avanceI = 2.000000
inc_x_r = 0.000000, inc_y_r = 1.000000, inc_x_i = 1.000000, inc_y_i = 1.000000
En el else......

----------------------------------------
x = 26.000000, y = 216.000000
avance = -429.000000, avanceR = 2.000000, avanceI = 2.000000
inc_x_r = 0.000000, inc_y_r = 1.000000, inc_x_i = 1.000000, inc_y_i = 1.000000
En el else......

----------------------------------------
x = 26.000000, y = 217.000000
avance = -427.000000, avanceR = 2.000000, avanceI = 2.000000
inc_x_r = 0.000000, inc_y_r = 1.000000, inc_x_i = 1.000000, inc_y_i = 1.000000
En el else......

----------------------------------------
x = 26.000000, y = 218.000000
avance = -425.000000, avanceR = 2.000000, avanceI = 2.000000
inc_x_r = 0.000000, inc_y_r = 1.000000, inc_x_i = 1.000000, inc_y_i = 1.000000
En el else......

----------------------------------------
x = 26.000000, y = 219.000000
avance = -423.000000, avanceR = 2.000000, avanceI = 2.000000
inc_x_r = 0.000000, inc_y_r = 1.000000, inc_x_i = 1.000000, inc_y_i = 1.000000
En el else......

----------------------------------------
x = 26.000000, y = 220.000000
avance = -421.000000, avanceR = 2.000000, avanceI = 2.000000
inc_x_r = 0.000000, inc_y_r = 1.000000, inc_x_i = 1.000000, inc_y_i = 1.000000
En el else......

----------------------------------------
x = 26.000000, y = 221.000000
avance = -419.000000, avanceR = 2.000000, avanceI = 2.000000
inc_x_r = 0.000000, inc_y_r = 1.000000, inc_x_i = 1.000000, inc_y_i = 1.000000
En el else......

----------------------------------------
x = 26.000000, y = 222.000000
avance = -417.000000, avanceR = 2.000000, avanceI = 2.000000
inc_x_r = 0.000000, inc_y_r = 1.000000, inc_x_i = 1.000000, inc_y_i = 1.000000
En el else......

----------------------------------------
x = 26.000000, y = 223.000000
avance = -415.000000, avanceR = 2.000000, avanceI = 2.000000
inc_x_r = 0.000000, inc_y_r = 1.000000, inc_x_i = 1.000000, inc_y_i = 1.000000
En el else......

----------------------------------------
x = 26.000000, y = 224.000000
avance = -413.000000, avanceR = 2.000000, avanceI = 2.000000
inc_x_r = 0.000000, inc_y_r = 1.000000, inc_x_i = 1.000000, inc_y_i = 1.000000
En el else......

----------------------------------------
x = 26.000000, y = 225.000000
avance = -411.000000, avanceR = 2.000000, avanceI = 2.000000
inc_x_r = 0.000000, inc_y_r = 1.000000, inc_x_i = 1.000000, inc_y_i = 1.000000
En el else......

----------------------------------------
x = 26.000000, y = 226.000000
avance = -409.000000, avanceR = 2.000000, avanceI = 2.000000
inc_x_r = 0.000000, inc_y_r = 1.000000, inc_x_i = 1.000000, inc_y_i = 1.000000
En el else......

----------------------------------------
x = 26.000000, y = 227.000000
avance = -407.000000, avanceR = 2.000000, avanceI = 2.000000
inc_x_r = 0.000000, inc_y_r = 1.000000, inc_x_i = 1.000000, inc_y_i = 1.000000
En el else......

----------------------------------------
x = 26.000000, y = 228.000000
avance = -405.000000, avanceR = 2.000000, avanceI = 2.000000
inc_x_r = 0.000000, inc_y_r = 1.000000, inc_x_i = 1.000000, inc_y_i = 1.000000
En el else......

----------------------------------------
x = 26.000000, y = 229.000000
avance = -403.000000, avanceR = 2.000000, avanceI = 2.000000
inc_x_r = 0.000000, inc_y_r = 1.000000, inc_x_i = 1.000000, inc_y_i = 1.000000
En el else......

----------------------------------------
x = 26.000000, y = 230.000000
avance = -401.000000, avanceR = 2.000000, avanceI = 2.000000
inc_x_r = 0.000000, inc_y_r = 1.000000, inc_x_i = 1.000000, inc_y_i = 1.000000
En el else......

----------------------------------------
x = 26.000000, y = 231.000000
avance = -399.000000, avanceR = 2.000000, avanceI = 2.000000
inc_x_r = 0.000000, inc_y_r = 1.000000, inc_x_i = 1.000000, inc_y_i = 1.000000
En el else......

----------------------------------------
x = 26.000000, y = 232.000000
avance = -397.000000, avanceR = 2.000000, avanceI = 2.000000
inc_x_r = 0.000000, inc_y_r = 1.000000, inc_x_i = 1.000000, inc_y_i = 1.000000
En el else......

----------------------------------------
x = 26.000000, y = 233.000000
avance = -395.000000, avanceR = 2.000000, avanceI = 2.000000
inc_x_r = 0.000000, inc_y_r = 1.000000, inc_x_i = 1.000000, inc_y_i = 1.000000
En el else......

----------------------------------------
x = 26.000000, y = 234.000000
avance = -393.000000, avanceR = 2.000000, avanceI = 2.000000
inc_x_r = 0.000000, inc_y_r = 1.000000, inc_x_i = 1.000000, inc_y_i = 1.000000
En el else......

----------------------------------------
x = 26.000000, y = 235.000000
avance = -391.000000, avanceR = 2.000000, avanceI = 2.000000
inc_x_r = 0.000000, inc_y_r = 1.000000, inc_x_i = 1.000000, inc_y_i = 1.000000
En el else......

----------------------------------------
x = 26.000000, y = 236.000000
avance = -389.000000, avanceR = 2.000000, avanceI = 2.000000
inc_x_r = 0.000000, inc_y_r = 1.000000, inc_x_i = 1.000000, inc_y_i = 1.000000
En el else......

----------------------------------------
x = 26.000000, y = 237.000000
avance = -387.000000, avanceR = 2.000000, avanceI = 2.000000
inc_x_r = 0.000000, inc_y_r = 1.000000, inc_x_i = 1.000000, inc_y_i = 1.000000
En el else......

----------------------------------------
x = 26.000000, y = 238.000000
avance = -385.000000, avanceR = 2.000000, avanceI = 2.000000
inc_x_r = 0.000000, inc_y_r = 1.000000, inc_x_i = 1.000000, inc_y_i = 1.000000
En el else......

----------------------------------------
x = 26.000000, y = 239.000000
avance = -383.000000, avanceR = 2.000000, avanceI = 2.000000
inc_x_r = 0.000000, inc_y_r = 1.000000, inc_x_i = 1.000000, inc_y_i = 1.000000
En el else......

----------------------------------------
x = 26.000000, y = 240.000000
avance = -381.000000, avanceR = 2.000000, avanceI = 2.000000
inc_x_r = 0.000000, inc_y_r = 1.000000, inc_x_i = 1.000000, inc_y_i = 1.000000
En el else......

----------------------------------------
x = 26.000000, y = 241.000000
avance = -379.000000, avanceR = 2.000000, avanceI = 2.000000
inc_x_r = 0.000000, inc_y_r = 1.000000, inc_x_i = 1.000000, inc_y_i = 1.000000
En el else......

----------------------------------------
x = 26.000000, y = 242.000000
avance = -377.000000, avanceR = 2.000000, avanceI = 2.000000
inc_x_r = 0.000000, inc_y_r = 1.000000, inc_x_i = 1.000000, inc_y_i = 1.000000
En el else......

----------------------------------------
x = 26.000000, y = 243.000000
avance = -375.000000, avanceR = 2.000000, avanceI = 2.000000
inc_x_r = 0.000000, inc_y_r = 1.000000, inc_x_i = 1.000000, inc_y_i = 1.000000
En el else......

----------------------------------------
x = 26.000000, y = 244.000000
avance = -373.000000, avanceR = 2.000000, avanceI = 2.000000
inc_x_r = 0.000000, inc_y_r = 1.000000, inc_x_i = 1.000000, inc_y_i = 1.000000
En el else......

----------------------------------------
x = 26.000000, y = 245.000000
avance = -371.000000, avanceR = 2.000000, avanceI = 2.000000
inc_x_r = 0.000000, inc_y_r = 1.000000, inc_x_i = 1.000000, inc_y_i = 1.000000
En el else......

----------------------------------------
x = 26.000000, y = 246.000000
avance = -369.000000, avanceR = 2.000000, avanceI = 2.000000
inc_x_r = 0.000000, inc_y_r = 1.000000, inc_x_i = 1.000000, inc_y_i = 1.000000
En el else......

----------------------------------------
x = 26.000000, y = 247.000000
avance = -367.000000, avanceR = 2.000000, avanceI = 2.000000
inc_x_r = 0.000000, inc_y_r = 1.000000, inc_x_i = 1.000000, inc_y_i = 1.000000
En el else......

----------------------------------------
x = 26.000000, y = 248.000000
avance = -365.000000, avanceR = 2.000000, avanceI = 2.000000
inc_x_r = 0.000000, inc_y_r = 1.000000, inc_x_i = 1.000000, inc_y_i = 1.000000
En el else......

----------------------------------------
x = 26.000000, y = 249.000000
avance = -363.000000, avanceR = 2.000000, avanceI = 2.000000
inc_x_r = 0.000000, inc_y_r = 1.000000, inc_x_i = 1.000000, inc_y_i = 1.000000
En el else......

----------------------------------------
x = 26.000000, y = 250.000000
avance = -361.000000, avanceR = 2.000000, avanceI = 2.000000
inc_x_r = 0.000000, inc_y_r = 1.000000, inc_x_i = 1.000000, inc_y_i = 1.000000
En el else......

----------------------------------------
x = 26.000000, y = 251.000000
avance = -359.000000, avanceR = 2.000000, avanceI = 2.000000
inc_x_r = 0.000000, inc_y_r = 1.000000, inc_x_i = 1.000000, inc_y_i = 1.000000
En el else......

----------------------------------------
x = 26.000000, y = 252.000000
avance = -357.000000, avanceR = 2.000000, avanceI = 2.000000
inc_x_r = 0.000000, inc_y_r = 1.000000, inc_x_i = 1.000000, inc_y_i = 1.000000
En el else......

----------------------------------------
x = 26.000000, y = 253.000000
avance = -355.000000, avanceR = 2.000000, avanceI = 2.000000
inc_x_r = 0.000000, inc_y_r = 1.000000, inc_x_i = 1.000000, inc_y_i = 1.000000
En el else......

----------------------------------------
x = 26.000000, y = 254.000000
avance = -353.000000, avanceR = 2.000000, avanceI = 2.000000
inc_x_r = 0.000000, inc_y_r = 1.000000, inc_x_i = 1.000000, inc_y_i = 1.000000
En el else......

----------------------------------------
x = 26.000000, y = 255.000000
avance = -351.000000, avanceR = 2.000000, avanceI = 2.000000
inc_x_r = 0.000000, inc_y_r = 1.000000, inc_x_i = 1.000000, inc_y_i = 1.000000
En el else......

----------------------------------------
x = 26.000000, y = 256.000000
avance = -349.000000, avanceR = 2.000000, avanceI = 2.000000
inc_x_r = 0.000000, inc_y_r = 1.000000, inc_x_i = 1.000000, inc_y_i = 1.000000
En el else......

----------------------------------------
x = 26.000000, y = 257.000000
avance = -347.000000, avanceR = 2.000000, avanceI = 2.000000
inc_x_r = 0.000000, inc_y_r = 1.000000, inc_x_i = 1.000000, inc_y_i = 1.000000
En el else......

----------------------------------------
x = 26.000000, y = 258.000000
avance = -345.000000, avanceR = 2.000000, avanceI = 2.000000
inc_x_r = 0.000000, inc_y_r = 1.000000, inc_x_i = 1.000000, inc_y_i = 1.000000
En el else......

----------------------------------------
x = 26.000000, y = 259.000000
avance = -343.000000, avanceR = 2.000000, avanceI = 2.000000
inc_x_r = 0.000000, inc_y_r = 1.000000, inc_x_i = 1.000000, inc_y_i = 1.000000
En el else......

----------------------------------------
x = 26.000000, y = 260.000000
avance = -341.000000, avanceR = 2.000000, avanceI = 2.000000
inc_x_r = 0.000000, inc_y_r = 1.000000, inc_x_i = 1.000000, inc_y_i = 1.000000
En el else......

----------------------------------------
x = 26.000000, y = 261.000000
avance = -339.000000, avanceR = 2.000000, avanceI = 2.000000
inc_x_r = 0.000000, inc_y_r = 1.000000, inc_x_i = 1.000000, inc_y_i = 1.000000
En el else......

----------------------------------------
x = 26.000000, y = 262.000000
avance = -337.000000, avanceR = 2.000000, avanceI = 2.000000
inc_x_r = 0.000000, inc_y_r = 1.000000, inc_x_i = 1.000000, inc_y_i = 1.000000
En el else......

----------------------------------------
x = 26.000000, y = 263.000000
avance = -335.000000, avanceR = 2.000000, avanceI = 2.000000
inc_x_r = 0.000000, inc_y_r = 1.000000, inc_x_i = 1.000000, inc_y_i = 1.000000
En el else......

----------------------------------------
x = 26.000000, y = 264.000000
avance = -333.000000, avanceR = 2.000000, avanceI = 2.000000
inc_x_r = 0.000000, inc_y_r = 1.000000, inc_x_i = 1.000000, inc_y_i = 1.000000
En el else......

----------------------------------------
x = 26.000000, y = 265.000000
avance = -331.000000, avanceR = 2.000000, avanceI = 2.000000
inc_x_r = 0.000000, inc_y_r = 1.000000, inc_x_i = 1.000000, inc_y_i = 1.000000
En el else......

----------------------------------------
x = 26.000000, y = 266.000000
avance = -329.000000, avanceR = 2.000000, avanceI = 2.000000
inc_x_r = 0.000000, inc_y_r = 1.000000, inc_x_i = 1.000000, inc_y_i = 1.000000
En el else......

----------------------------------------
x = 26.000000, y = 267.000000
avance = -327.000000, avanceR = 2.000000, avanceI = 2.000000
inc_x_r = 0.000000, inc_y_r = 1.000000, inc_x_i = 1.000000, inc_y_i = 1.000000
En el else......

----------------------------------------
x = 26.000000, y = 268.000000
avance = -325.000000, avanceR = 2.000000, avanceI = 2.000000
inc_x_r = 0.000000, inc_y_r = 1.000000, inc_x_i = 1.000000, inc_y_i = 1.000000
En el else......

----------------------------------------
x = 26.000000, y = 269.000000
avance = -323.000000, avanceR = 2.000000, avanceI = 2.000000
inc_x_r = 0.000000, inc_y_r = 1.000000, inc_x_i = 1.000000, inc_y_i = 1.000000
En el else......

----------------------------------------
x = 26.000000, y = 270.000000
avance = -321.000000, avanceR = 2.000000, avanceI = 2.000000
inc_x_r = 0.000000, inc_y_r = 1.000000, inc_x_i = 1.000000, inc_y_i = 1.000000
En el else......

----------------------------------------
x = 26.000000, y = 271.000000
avance = -319.000000, avanceR = 2.000000, avanceI = 2.000000
inc_x_r = 0.000000, inc_y_r = 1.000000, inc_x_i = 1.000000, inc_y_i = 1.000000
En el else......

----------------------------------------
x = 26.000000, y = 272.000000
avance = -317.000000, avanceR = 2.000000, avanceI = 2.000000
inc_x_r = 0.000000, inc_y_r = 1.000000, inc_x_i = 1.000000, inc_y_i = 1.000000
En el else......

----------------------------------------
x = 26.000000, y = 273.000000
avance = -315.000000, avanceR = 2.000000, avanceI = 2.000000
inc_x_r = 0.000000, inc_y_r = 1.000000, inc_x_i = 1.000000, inc_y_i = 1.000000
En el else......

----------------------------------------
x = 26.000000, y = 274.000000
avance = -313.000000, avanceR = 2.000000, avanceI = 2.000000
inc_x_r = 0.000000, inc_y_r = 1.000000, inc_x_i = 1.000000, inc_y_i = 1.000000
En el else......

----------------------------------------
x = 26.000000, y = 275.000000
avance = -311.000000, avanceR = 2.000000, avanceI = 2.000000
inc_x_r = 0.000000, inc_y_r = 1.000000, inc_x_i = 1.000000, inc_y_i = 1.000000
En el else......

----------------------------------------
x = 26.000000, y = 276.000000
avance = -309.000000, avanceR = 2.000000, avanceI = 2.000000
inc_x_r = 0.000000, inc_y_r = 1.000000, inc_x_i = 1.000000, inc_y_i = 1.000000
En el else......

----------------------------------------
x = 26.000000, y = 277.000000
avance = -307.000000, avanceR = 2.000000, avanceI = 2.000000
inc_x_r = 0.000000, inc_y_r = 1.000000, inc_x_i = 1.000000, inc_y_i = 1.000000
En el else......

----------------------------------------
x = 26.000000, y = 278.000000
avance = -305.000000, avanceR = 2.000000, avanceI = 2.000000
inc_x_r = 0.000000, inc_y_r = 1.000000, inc_x_i = 1.000000, inc_y_i = 1.000000
En el else......

----------------------------------------
x = 26.000000, y = 279.000000
avance = -303.000000, avanceR = 2.000000, avanceI = 2.000000
inc_x_r = 0.000000, inc_y_r = 1.000000, inc_x_i = 1.000000, inc_y_i = 1.000000
En el else......

----------------------------------------
x = 26.000000, y = 280.000000
avance = -301.000000, avanceR = 2.000000, avanceI = 2.000000
inc_x_r = 0.000000, inc_y_r = 1.000000, inc_x_i = 1.000000, inc_y_i = 1.000000
En el else......

----------------------------------------
x = 26.000000, y = 281.000000
avance = -299.000000, avanceR = 2.000000, avanceI = 2.000000
inc_x_r = 0.000000, inc_y_r = 1.000000, inc_x_i = 1.000000, inc_y_i = 1.000000
En el else......

----------------------------------------
x = 26.000000, y = 282.000000
avance = -297.000000, avanceR = 2.000000, avanceI = 2.000000
inc_x_r = 0.000000, inc_y_r = 1.000000, inc_x_i = 1.000000, inc_y_i = 1.000000
En el else......

----------------------------------------
x = 26.000000, y = 283.000000
avance = -295.000000, avanceR = 2.000000, avanceI = 2.000000
inc_x_r = 0.000000, inc_y_r = 1.000000, inc_x_i = 1.000000, inc_y_i = 1.000000
En el else......

----------------------------------------
x = 26.000000, y = 284.000000
avance = -293.000000, avanceR = 2.000000, avanceI = 2.000000
inc_x_r = 0.000000, inc_y_r = 1.000000, inc_x_i = 1.000000, inc_y_i = 1.000000
En el else......

----------------------------------------
x = 26.000000, y = 285.000000
avance = -291.000000, avanceR = 2.000000, avanceI = 2.000000
inc_x_r = 0.000000, inc_y_r = 1.000000, inc_x_i = 1.000000, inc_y_i = 1.000000
En el else......

----------------------------------------
x = 26.000000, y = 286.000000
avance = -289.000000, avanceR = 2.000000, avanceI = 2.000000
inc_x_r = 0.000000, inc_y_r = 1.000000, inc_x_i = 1.000000, inc_y_i = 1.000000
En el else......

----------------------------------------
x = 26.000000, y = 287.000000
avance = -287.000000, avanceR = 2.000000, avanceI = 2.000000
inc_x_r = 0.000000, inc_y_r = 1.000000, inc_x_i = 1.000000, inc_y_i = 1.000000
En el else......

----------------------------------------
x = 26.000000, y = 288.000000
avance = -285.000000, avanceR = 2.000000, avanceI = 2.000000
inc_x_r = 0.000000, inc_y_r = 1.000000, inc_x_i = 1.000000, inc_y_i = 1.000000
En el else......

----------------------------------------
x = 26.000000, y = 289.000000
avance = -283.000000, avanceR = 2.000000, avanceI = 2.000000
inc_x_r = 0.000000, inc_y_r = 1.000000, inc_x_i = 1.000000, inc_y_i = 1.000000
En el else......

----------------------------------------
x = 26.000000, y = 290.000000
avance = -281.000000, avanceR = 2.000000, avanceI = 2.000000
inc_x_r = 0.000000, inc_y_r = 1.000000, inc_x_i = 1.000000, inc_y_i = 1.000000
En el else......

----------------------------------------
x = 26.000000, y = 291.000000
avance = -279.000000, avanceR = 2.000000, avanceI = 2.000000
inc_x_r = 0.000000, inc_y_r = 1.000000, inc_x_i = 1.000000, inc_y_i = 1.000000
En el else......

----------------------------------------
x = 26.000000, y = 292.000000
avance = -277.000000, avanceR = 2.000000, avanceI = 2.000000
inc_x_r = 0.000000, inc_y_r = 1.000000, inc_x_i = 1.000000, inc_y_i = 1.000000
En el else......

----------------------------------------
x = 26.000000, y = 293.000000
avance = -275.000000, avanceR = 2.000000, avanceI = 2.000000
inc_x_r = 0.000000, inc_y_r = 1.000000, inc_x_i = 1.000000, inc_y_i = 1.000000
En el else......

----------------------------------------
x = 26.000000, y = 294.000000
avance = -273.000000, avanceR = 2.000000, avanceI = 2.000000
inc_x_r = 0.000000, inc_y_r = 1.000000, inc_x_i = 1.000000, inc_y_i = 1.000000
En el else......

----------------------------------------
x = 26.000000, y = 295.000000
avance = -271.000000, avanceR = 2.000000, avanceI = 2.000000
inc_x_r = 0.000000, inc_y_r = 1.000000, inc_x_i = 1.000000, inc_y_i = 1.000000
En el else......

----------------------------------------
x = 26.000000, y = 296.000000
avance = -269.000000, avanceR = 2.000000, avanceI = 2.000000
inc_x_r = 0.000000, inc_y_r = 1.000000, inc_x_i = 1.000000, inc_y_i = 1.000000
En el else......

----------------------------------------
x = 26.000000, y = 297.000000
avance = -267.000000, avanceR = 2.000000, avanceI = 2.000000
inc_x_r = 0.000000, inc_y_r = 1.000000, inc_x_i = 1.000000, inc_y_i = 1.000000
En el else......

----------------------------------------
x = 26.000000, y = 298.000000
avance = -265.000000, avanceR = 2.000000, avanceI = 2.000000
inc_x_r = 0.000000, inc_y_r = 1.000000, inc_x_i = 1.000000, inc_y_i = 1.000000
En el else......

----------------------------------------
x = 26.000000, y = 299.000000
avance = -263.000000, avanceR = 2.000000, avanceI = 2.000000
inc_x_r = 0.000000, inc_y_r = 1.000000, inc_x_i = 1.000000, inc_y_i = 1.000000
En el else......

----------------------------------------
x = 26.000000, y = 300.000000
avance = -261.000000, avanceR = 2.000000, avanceI = 2.000000
inc_x_r = 0.000000, inc_y_r = 1.000000, inc_x_i = 1.000000, inc_y_i = 1.000000
En el else......

----------------------------------------
x = 26.000000, y = 301.000000
avance = -259.000000, avanceR = 2.000000, avanceI = 2.000000
inc_x_r = 0.000000, inc_y_r = 1.000000, inc_x_i = 1.000000, inc_y_i = 1.000000
En el else......

----------------------------------------
x = 26.000000, y = 302.000000
avance = -257.000000, avanceR = 2.000000, avanceI = 2.000000
inc_x_r = 0.000000, inc_y_r = 1.000000, inc_x_i = 1.000000, inc_y_i = 1.000000
En el else......

----------------------------------------
x = 26.000000, y = 303.000000
avance = -255.000000, avanceR = 2.000000, avanceI = 2.000000
inc_x_r = 0.000000, inc_y_r = 1.000000, inc_x_i = 1.000000, inc_y_i = 1.000000
En el else......

----------------------------------------
x = 26.000000, y = 304.000000
avance = -253.000000, avanceR = 2.000000, avanceI = 2.000000
inc_x_r = 0.000000, inc_y_r = 1.000000, inc_x_i = 1.000000, inc_y_i = 1.000000
En el else......

----------------------------------------
x = 26.000000, y = 305.000000
avance = -251.000000, avanceR = 2.000000, avanceI = 2.000000
inc_x_r = 0.000000, inc_y_r = 1.000000, inc_x_i = 1.000000, inc_y_i = 1.000000
En el else......

----------------------------------------


ENTRAMOS A BRESENHAMªªªª
x1 = 25.000000 - y1 = 55.000000 || x2 = 26.000000 - y2 = 306.000000
dy = 251.000000, dx = 1.000000
avances inclinados: inc_x_i = 1.000000, inc_y_i = 1.000000
updated: dy = 251.000000, dx = 1.000000
avances rectos: inc_x_r = 0.000000, inc_y_r 1.000000
reupdated: dy = 1.000000, dx = 251.000000
avanceR = 2.000000, avance -249.000000, avanceI 2.000000
----------------------------------------
x = 25.000000, y = 55.000000
avance = -249.000000, avanceR = 2.000000, avanceI = 2.000000
inc_x_r = 0.000000, inc_y_r = 1.000000, inc_x_i = 1.000000, inc_y_i = 1.000000
En el else......

----------------------------------------
x = 25.000000, y = 56.000000
avance = -247.000000, avanceR = 2.000000, avanceI = 2.000000
inc_x_r = 0.000000, inc_y_r = 1.000000, inc_x_i = 1.000000, inc_y_i = 1.000000
En el else......

----------------------------------------
x = 25.000000, y = 57.000000
avance = -245.000000, avanceR = 2.000000, avanceI = 2.000000
inc_x_r = 0.000000, inc_y_r = 1.000000, inc_x_i = 1.000000, inc_y_i = 1.000000
En el else......

----------------------------------------
x = 25.000000, y = 58.000000
avance = -243.000000, avanceR = 2.000000, avanceI = 2.000000
inc_x_r = 0.000000, inc_y_r = 1.000000, inc_x_i = 1.000000, inc_y_i = 1.000000
En el else......

----------------------------------------
x = 25.000000, y = 59.000000
avance = -241.000000, avanceR = 2.000000, avanceI = 2.000000
inc_x_r = 0.000000, inc_y_r = 1.000000, inc_x_i = 1.000000, inc_y_i = 1.000000
En el else......

----------------------------------------
x = 25.000000, y = 60.000000
avance = -239.000000, avanceR = 2.000000, avanceI = 2.000000
inc_x_r = 0.000000, inc_y_r = 1.000000, inc_x_i = 1.000000, inc_y_i = 1.000000
En el else......

----------------------------------------
x = 25.000000, y = 61.000000
avance = -237.000000, avanceR = 2.000000, avanceI = 2.000000
inc_x_r = 0.000000, inc_y_r = 1.000000, inc_x_i = 1.000000, inc_y_i = 1.000000
En el else......

----------------------------------------
x = 25.000000, y = 62.000000
avance = -235.000000, avanceR = 2.000000, avanceI = 2.000000
inc_x_r = 0.000000, inc_y_r = 1.000000, inc_x_i = 1.000000, inc_y_i = 1.000000
En el else......

----------------------------------------
x = 25.000000, y = 63.000000
avance = -233.000000, avanceR = 2.000000, avanceI = 2.000000
inc_x_r = 0.000000, inc_y_r = 1.000000, inc_x_i = 1.000000, inc_y_i = 1.000000
En el else......

----------------------------------------
x = 25.000000, y = 64.000000
avance = -231.000000, avanceR = 2.000000, avanceI = 2.000000
inc_x_r = 0.000000, inc_y_r = 1.000000, inc_x_i = 1.000000, inc_y_i = 1.000000
En el else......

----------------------------------------
x = 25.000000, y = 65.000000
avance = -229.000000, avanceR = 2.000000, avanceI = 2.000000
inc_x_r = 0.000000, inc_y_r = 1.000000, inc_x_i = 1.000000, inc_y_i = 1.000000
En el else......

----------------------------------------
x = 25.000000, y = 66.000000
avance = -227.000000, avanceR = 2.000000, avanceI = 2.000000
inc_x_r = 0.000000, inc_y_r = 1.000000, inc_x_i = 1.000000, inc_y_i = 1.000000
En el else......

----------------------------------------
x = 25.000000, y = 67.000000
avance = -225.000000, avanceR = 2.000000, avanceI = 2.000000
inc_x_r = 0.000000, inc_y_r = 1.000000, inc_x_i = 1.000000, inc_y_i = 1.000000
En el else......

----------------------------------------
x = 25.000000, y = 68.000000
avance = -223.000000, avanceR = 2.000000, avanceI = 2.000000
inc_x_r = 0.000000, inc_y_r = 1.000000, inc_x_i = 1.000000, inc_y_i = 1.000000
En el else......

----------------------------------------
x = 25.000000, y = 69.000000
avance = -221.000000, avanceR = 2.000000, avanceI = 2.000000
inc_x_r = 0.000000, inc_y_r = 1.000000, inc_x_i = 1.000000, inc_y_i = 1.000000
En el else......

----------------------------------------
x = 25.000000, y = 70.000000
avance = -219.000000, avanceR = 2.000000, avanceI = 2.000000
inc_x_r = 0.000000, inc_y_r = 1.000000, inc_x_i = 1.000000, inc_y_i = 1.000000
En el else......

----------------------------------------
x = 25.000000, y = 71.000000
avance = -217.000000, avanceR = 2.000000, avanceI = 2.000000
inc_x_r = 0.000000, inc_y_r = 1.000000, inc_x_i = 1.000000, inc_y_i = 1.000000
En el else......

----------------------------------------
x = 25.000000, y = 72.000000
avance = -215.000000, avanceR = 2.000000, avanceI = 2.000000
inc_x_r = 0.000000, inc_y_r = 1.000000, inc_x_i = 1.000000, inc_y_i = 1.000000
En el else......

----------------------------------------
x = 25.000000, y = 73.000000
avance = -213.000000, avanceR = 2.000000, avanceI = 2.000000
inc_x_r = 0.000000, inc_y_r = 1.000000, inc_x_i = 1.000000, inc_y_i = 1.000000
En el else......

----------------------------------------
x = 25.000000, y = 74.000000
avance = -211.000000, avanceR = 2.000000, avanceI = 2.000000
inc_x_r = 0.000000, inc_y_r = 1.000000, inc_x_i = 1.000000, inc_y_i = 1.000000
En el else......

----------------------------------------
x = 25.000000, y = 75.000000
avance = -209.000000, avanceR = 2.000000, avanceI = 2.000000
inc_x_r = 0.000000, inc_y_r = 1.000000, inc_x_i = 1.000000, inc_y_i = 1.000000
En el else......

----------------------------------------
x = 25.000000, y = 76.000000
avance = -207.000000, avanceR = 2.000000, avanceI = 2.000000
inc_x_r = 0.000000, inc_y_r = 1.000000, inc_x_i = 1.000000, inc_y_i = 1.000000
En el else......

----------------------------------------
x = 25.000000, y = 77.000000
avance = -205.000000, avanceR = 2.000000, avanceI = 2.000000
inc_x_r = 0.000000, inc_y_r = 1.000000, inc_x_i = 1.000000, inc_y_i = 1.000000
En el else......

----------------------------------------
x = 25.000000, y = 78.000000
avance = -203.000000, avanceR = 2.000000, avanceI = 2.000000
inc_x_r = 0.000000, inc_y_r = 1.000000, inc_x_i = 1.000000, inc_y_i = 1.000000
En el else......

----------------------------------------
x = 25.000000, y = 79.000000
avance = -201.000000, avanceR = 2.000000, avanceI = 2.000000
inc_x_r = 0.000000, inc_y_r = 1.000000, inc_x_i = 1.000000, inc_y_i = 1.000000
En el else......

----------------------------------------
x = 25.000000, y = 80.000000
avance = -199.000000, avanceR = 2.000000, avanceI = 2.000000
inc_x_r = 0.000000, inc_y_r = 1.000000, inc_x_i = 1.000000, inc_y_i = 1.000000
En el else......

----------------------------------------
x = 25.000000, y = 81.000000
avance = -197.000000, avanceR = 2.000000, avanceI = 2.000000
inc_x_r = 0.000000, inc_y_r = 1.000000, inc_x_i = 1.000000, inc_y_i = 1.000000
En el else......

----------------------------------------
x = 25.000000, y = 82.000000
avance = -195.000000, avanceR = 2.000000, avanceI = 2.000000
inc_x_r = 0.000000, inc_y_r = 1.000000, inc_x_i = 1.000000, inc_y_i = 1.000000
En el else......

----------------------------------------
x = 25.000000, y = 83.000000
avance = -193.000000, avanceR = 2.000000, avanceI = 2.000000
inc_x_r = 0.000000, inc_y_r = 1.000000, inc_x_i = 1.000000, inc_y_i = 1.000000
En el else......

----------------------------------------
x = 25.000000, y = 84.000000
avance = -191.000000, avanceR = 2.000000, avanceI = 2.000000
inc_x_r = 0.000000, inc_y_r = 1.000000, inc_x_i = 1.000000, inc_y_i = 1.000000
En el else......

----------------------------------------
x = 25.000000, y = 85.000000
avance = -189.000000, avanceR = 2.000000, avanceI = 2.000000
inc_x_r = 0.000000, inc_y_r = 1.000000, inc_x_i = 1.000000, inc_y_i = 1.000000
En el else......

----------------------------------------
x = 25.000000, y = 86.000000
avance = -187.000000, avanceR = 2.000000, avanceI = 2.000000
inc_x_r = 0.000000, inc_y_r = 1.000000, inc_x_i = 1.000000, inc_y_i = 1.000000
En el else......

----------------------------------------
x = 25.000000, y = 87.000000
avance = -185.000000, avanceR = 2.000000, avanceI = 2.000000
inc_x_r = 0.000000, inc_y_r = 1.000000, inc_x_i = 1.000000, inc_y_i = 1.000000
En el else......

----------------------------------------
x = 25.000000, y = 88.000000
avance = -183.000000, avanceR = 2.000000, avanceI = 2.000000
inc_x_r = 0.000000, inc_y_r = 1.000000, inc_x_i = 1.000000, inc_y_i = 1.000000
En el else......

----------------------------------------
x = 25.000000, y = 89.000000
avance = -181.000000, avanceR = 2.000000, avanceI = 2.000000
inc_x_r = 0.000000, inc_y_r = 1.000000, inc_x_i = 1.000000, inc_y_i = 1.000000
En el else......

----------------------------------------
x = 25.000000, y = 90.000000
avance = -179.000000, avanceR = 2.000000, avanceI = 2.000000
inc_x_r = 0.000000, inc_y_r = 1.000000, inc_x_i = 1.000000, inc_y_i = 1.000000
En el else......

----------------------------------------
x = 25.000000, y = 91.000000
avance = -177.000000, avanceR = 2.000000, avanceI = 2.000000
inc_x_r = 0.000000, inc_y_r = 1.000000, inc_x_i = 1.000000, inc_y_i = 1.000000
En el else......

----------------------------------------
x = 25.000000, y = 92.000000
avance = -175.000000, avanceR = 2.000000, avanceI = 2.000000
inc_x_r = 0.000000, inc_y_r = 1.000000, inc_x_i = 1.000000, inc_y_i = 1.000000
En el else......

----------------------------------------
x = 25.000000, y = 93.000000
avance = -173.000000, avanceR = 2.000000, avanceI = 2.000000
inc_x_r = 0.000000, inc_y_r = 1.000000, inc_x_i = 1.000000, inc_y_i = 1.000000
En el else......

----------------------------------------
x = 25.000000, y = 94.000000
avance = -171.000000, avanceR = 2.000000, avanceI = 2.000000
inc_x_r = 0.000000, inc_y_r = 1.000000, inc_x_i = 1.000000, inc_y_i = 1.000000
En el else......

----------------------------------------
x = 25.000000, y = 95.000000
avance = -169.000000, avanceR = 2.000000, avanceI = 2.000000
inc_x_r = 0.000000, inc_y_r = 1.000000, inc_x_i = 1.000000, inc_y_i = 1.000000
En el else......

----------------------------------------
x = 25.000000, y = 96.000000
avance = -167.000000, avanceR = 2.000000, avanceI = 2.000000
inc_x_r = 0.000000, inc_y_r = 1.000000, inc_x_i = 1.000000, inc_y_i = 1.000000
En el else......

----------------------------------------
x = 25.000000, y = 97.000000
avance = -165.000000, avanceR = 2.000000, avanceI = 2.000000
inc_x_r = 0.000000, inc_y_r = 1.000000, inc_x_i = 1.000000, inc_y_i = 1.000000
En el else......

----------------------------------------
x = 25.000000, y = 98.000000
avance = -163.000000, avanceR = 2.000000, avanceI = 2.000000
inc_x_r = 0.000000, inc_y_r = 1.000000, inc_x_i = 1.000000, inc_y_i = 1.000000
En el else......

----------------------------------------
x = 25.000000, y = 99.000000
avance = -161.000000, avanceR = 2.000000, avanceI = 2.000000
inc_x_r = 0.000000, inc_y_r = 1.000000, inc_x_i = 1.000000, inc_y_i = 1.000000
En el else......

----------------------------------------
x = 25.000000, y = 100.000000
avance = -159.000000, avanceR = 2.000000, avanceI = 2.000000
inc_x_r = 0.000000, inc_y_r = 1.000000, inc_x_i = 1.000000, inc_y_i = 1.000000
En el else......

----------------------------------------
x = 25.000000, y = 101.000000
avance = -157.000000, avanceR = 2.000000, avanceI = 2.000000
inc_x_r = 0.000000, inc_y_r = 1.000000, inc_x_i = 1.000000, inc_y_i = 1.000000
En el else......

----------------------------------------
x = 25.000000, y = 102.000000
avance = -155.000000, avanceR = 2.000000, avanceI = 2.000000
inc_x_r = 0.000000, inc_y_r = 1.000000, inc_x_i = 1.000000, inc_y_i = 1.000000
En el else......

----------------------------------------
x = 25.000000, y = 103.000000
avance = -153.000000, avanceR = 2.000000, avanceI = 2.000000
inc_x_r = 0.000000, inc_y_r = 1.000000, inc_x_i = 1.000000, inc_y_i = 1.000000
En el else......

----------------------------------------
x = 25.000000, y = 104.000000
avance = -151.000000, avanceR = 2.000000, avanceI = 2.000000
inc_x_r = 0.000000, inc_y_r = 1.000000, inc_x_i = 1.000000, inc_y_i = 1.000000
En el else......

----------------------------------------
x = 25.000000, y = 105.000000
avance = -149.000000, avanceR = 2.000000, avanceI = 2.000000
inc_x_r = 0.000000, inc_y_r = 1.000000, inc_x_i = 1.000000, inc_y_i = 1.000000
En el else......

----------------------------------------
x = 25.000000, y = 106.000000
avance = -147.000000, avanceR = 2.000000, avanceI = 2.000000
inc_x_r = 0.000000, inc_y_r = 1.000000, inc_x_i = 1.000000, inc_y_i = 1.000000
En el else......

----------------------------------------
x = 25.000000, y = 107.000000
avance = -145.000000, avanceR = 2.000000, avanceI = 2.000000
inc_x_r = 0.000000, inc_y_r = 1.000000, inc_x_i = 1.000000, inc_y_i = 1.000000
En el else......

----------------------------------------
x = 25.000000, y = 108.000000
avance = -143.000000, avanceR = 2.000000, avanceI = 2.000000
inc_x_r = 0.000000, inc_y_r = 1.000000, inc_x_i = 1.000000, inc_y_i = 1.000000
En el else......

----------------------------------------
x = 25.000000, y = 109.000000
avance = -141.000000, avanceR = 2.000000, avanceI = 2.000000
inc_x_r = 0.000000, inc_y_r = 1.000000, inc_x_i = 1.000000, inc_y_i = 1.000000
En el else......

----------------------------------------
x = 25.000000, y = 110.000000
avance = -139.000000, avanceR = 2.000000, avanceI = 2.000000
inc_x_r = 0.000000, inc_y_r = 1.000000, inc_x_i = 1.000000, inc_y_i = 1.000000
En el else......

----------------------------------------
x = 25.000000, y = 111.000000
avance = -137.000000, avanceR = 2.000000, avanceI = 2.000000
inc_x_r = 0.000000, inc_y_r = 1.000000, inc_x_i = 1.000000, inc_y_i = 1.000000
En el else......

----------------------------------------
x = 25.000000, y = 112.000000
avance = -135.000000, avanceR = 2.000000, avanceI = 2.000000
inc_x_r = 0.000000, inc_y_r = 1.000000, inc_x_i = 1.000000, inc_y_i = 1.000000
En el else......

----------------------------------------
x = 25.000000, y = 113.000000
avance = -133.000000, avanceR = 2.000000, avanceI = 2.000000
inc_x_r = 0.000000, inc_y_r = 1.000000, inc_x_i = 1.000000, inc_y_i = 1.000000
En el else......

----------------------------------------
x = 25.000000, y = 114.000000
avance = -131.000000, avanceR = 2.000000, avanceI = 2.000000
inc_x_r = 0.000000, inc_y_r = 1.000000, inc_x_i = 1.000000, inc_y_i = 1.000000
En el else......

----------------------------------------
x = 25.000000, y = 115.000000
avance = -129.000000, avanceR = 2.000000, avanceI = 2.000000
inc_x_r = 0.000000, inc_y_r = 1.000000, inc_x_i = 1.000000, inc_y_i = 1.000000
En el else......

----------------------------------------
x = 25.000000, y = 116.000000
avance = -127.000000, avanceR = 2.000000, avanceI = 2.000000
inc_x_r = 0.000000, inc_y_r = 1.000000, inc_x_i = 1.000000, inc_y_i = 1.000000
En el else......

----------------------------------------
x = 25.000000, y = 117.000000
avance = -125.000000, avanceR = 2.000000, avanceI = 2.000000
inc_x_r = 0.000000, inc_y_r = 1.000000, inc_x_i = 1.000000, inc_y_i = 1.000000
En el else......

----------------------------------------
x = 25.000000, y = 118.000000
avance = -123.000000, avanceR = 2.000000, avanceI = 2.000000
inc_x_r = 0.000000, inc_y_r = 1.000000, inc_x_i = 1.000000, inc_y_i = 1.000000
En el else......

----------------------------------------
x = 25.000000, y = 119.000000
avance = -121.000000, avanceR = 2.000000, avanceI = 2.000000
inc_x_r = 0.000000, inc_y_r = 1.000000, inc_x_i = 1.000000, inc_y_i = 1.000000
En el else......

----------------------------------------
x = 25.000000, y = 120.000000
avance = -119.000000, avanceR = 2.000000, avanceI = 2.000000
inc_x_r = 0.000000, inc_y_r = 1.000000, inc_x_i = 1.000000, inc_y_i = 1.000000
En el else......

----------------------------------------
x = 25.000000, y = 121.000000
avance = -117.000000, avanceR = 2.000000, avanceI = 2.000000
inc_x_r = 0.000000, inc_y_r = 1.000000, inc_x_i = 1.000000, inc_y_i = 1.000000
En el else......

----------------------------------------
x = 25.000000, y = 122.000000
avance = -115.000000, avanceR = 2.000000, avanceI = 2.000000
inc_x_r = 0.000000, inc_y_r = 1.000000, inc_x_i = 1.000000, inc_y_i = 1.000000
En el else......

----------------------------------------
x = 25.000000, y = 123.000000
avance = -113.000000, avanceR = 2.000000, avanceI = 2.000000
inc_x_r = 0.000000, inc_y_r = 1.000000, inc_x_i = 1.000000, inc_y_i = 1.000000
En el else......

----------------------------------------
x = 25.000000, y = 124.000000
avance = -111.000000, avanceR = 2.000000, avanceI = 2.000000
inc_x_r = 0.000000, inc_y_r = 1.000000, inc_x_i = 1.000000, inc_y_i = 1.000000
En el else......

----------------------------------------
x = 25.000000, y = 125.000000
avance = -109.000000, avanceR = 2.000000, avanceI = 2.000000
inc_x_r = 0.000000, inc_y_r = 1.000000, inc_x_i = 1.000000, inc_y_i = 1.000000
En el else......

----------------------------------------
x = 25.000000, y = 126.000000
avance = -107.000000, avanceR = 2.000000, avanceI = 2.000000
inc_x_r = 0.000000, inc_y_r = 1.000000, inc_x_i = 1.000000, inc_y_i = 1.000000
En el else......

----------------------------------------
x = 25.000000, y = 127.000000
avance = -105.000000, avanceR = 2.000000, avanceI = 2.000000
inc_x_r = 0.000000, inc_y_r = 1.000000, inc_x_i = 1.000000, inc_y_i = 1.000000
En el else......

----------------------------------------
x = 25.000000, y = 128.000000
avance = -103.000000, avanceR = 2.000000, avanceI = 2.000000
inc_x_r = 0.000000, inc_y_r = 1.000000, inc_x_i = 1.000000, inc_y_i = 1.000000
En el else......

----------------------------------------
x = 25.000000, y = 129.000000
avance = -101.000000, avanceR = 2.000000, avanceI = 2.000000
inc_x_r = 0.000000, inc_y_r = 1.000000, inc_x_i = 1.000000, inc_y_i = 1.000000
En el else......

----------------------------------------
x = 25.000000, y = 130.000000
avance = -99.000000, avanceR = 2.000000, avanceI = 2.000000
inc_x_r = 0.000000, inc_y_r = 1.000000, inc_x_i = 1.000000, inc_y_i = 1.000000
En el else......

----------------------------------------
x = 25.000000, y = 131.000000
avance = -97.000000, avanceR = 2.000000, avanceI = 2.000000
inc_x_r = 0.000000, inc_y_r = 1.000000, inc_x_i = 1.000000, inc_y_i = 1.000000
En el else......

----------------------------------------
x = 25.000000, y = 132.000000
avance = -95.000000, avanceR = 2.000000, avanceI = 2.000000
inc_x_r = 0.000000, inc_y_r = 1.000000, inc_x_i = 1.000000, inc_y_i = 1.000000
En el else......

----------------------------------------
x = 25.000000, y = 133.000000
avance = -93.000000, avanceR = 2.000000, avanceI = 2.000000
inc_x_r = 0.000000, inc_y_r = 1.000000, inc_x_i = 1.000000, inc_y_i = 1.000000
En el else......

----------------------------------------
x = 25.000000, y = 134.000000
avance = -91.000000, avanceR = 2.000000, avanceI = 2.000000
inc_x_r = 0.000000, inc_y_r = 1.000000, inc_x_i = 1.000000, inc_y_i = 1.000000
En el else......

----------------------------------------
x = 25.000000, y = 135.000000
avance = -89.000000, avanceR = 2.000000, avanceI = 2.000000
inc_x_r = 0.000000, inc_y_r = 1.000000, inc_x_i = 1.000000, inc_y_i = 1.000000
En el else......

----------------------------------------
x = 25.000000, y = 136.000000
avance = -87.000000, avanceR = 2.000000, avanceI = 2.000000
inc_x_r = 0.000000, inc_y_r = 1.000000, inc_x_i = 1.000000, inc_y_i = 1.000000
En el else......

----------------------------------------
x = 25.000000, y = 137.000000
avance = -85.000000, avanceR = 2.000000, avanceI = 2.000000
inc_x_r = 0.000000, inc_y_r = 1.000000, inc_x_i = 1.000000, inc_y_i = 1.000000
En el else......

----------------------------------------
x = 25.000000, y = 138.000000
avance = -83.000000, avanceR = 2.000000, avanceI = 2.000000
inc_x_r = 0.000000, inc_y_r = 1.000000, inc_x_i = 1.000000, inc_y_i = 1.000000
En el else......

----------------------------------------
x = 25.000000, y = 139.000000
avance = -81.000000, avanceR = 2.000000, avanceI = 2.000000
inc_x_r = 0.000000, inc_y_r = 1.000000, inc_x_i = 1.000000, inc_y_i = 1.000000
En el else......

----------------------------------------
x = 25.000000, y = 140.000000
avance = -79.000000, avanceR = 2.000000, avanceI = 2.000000
inc_x_r = 0.000000, inc_y_r = 1.000000, inc_x_i = 1.000000, inc_y_i = 1.000000
En el else......

----------------------------------------
x = 25.000000, y = 141.000000
avance = -77.000000, avanceR = 2.000000, avanceI = 2.000000
inc_x_r = 0.000000, inc_y_r = 1.000000, inc_x_i = 1.000000, inc_y_i = 1.000000
En el else......

----------------------------------------
x = 25.000000, y = 142.000000
avance = -75.000000, avanceR = 2.000000, avanceI = 2.000000
inc_x_r = 0.000000, inc_y_r = 1.000000, inc_x_i = 1.000000, inc_y_i = 1.000000
En el else......

----------------------------------------
x = 25.000000, y = 143.000000
avance = -73.000000, avanceR = 2.000000, avanceI = 2.000000
inc_x_r = 0.000000, inc_y_r = 1.000000, inc_x_i = 1.000000, inc_y_i = 1.000000
En el else......

----------------------------------------
x = 25.000000, y = 144.000000
avance = -71.000000, avanceR = 2.000000, avanceI = 2.000000
inc_x_r = 0.000000, inc_y_r = 1.000000, inc_x_i = 1.000000, inc_y_i = 1.000000
En el else......

----------------------------------------
x = 25.000000, y = 145.000000
avance = -69.000000, avanceR = 2.000000, avanceI = 2.000000
inc_x_r = 0.000000, inc_y_r = 1.000000, inc_x_i = 1.000000, inc_y_i = 1.000000
En el else......

----------------------------------------
x = 25.000000, y = 146.000000
avance = -67.000000, avanceR = 2.000000, avanceI = 2.000000
inc_x_r = 0.000000, inc_y_r = 1.000000, inc_x_i = 1.000000, inc_y_i = 1.000000
En el else......

----------------------------------------
x = 25.000000, y = 147.000000
avance = -65.000000, avanceR = 2.000000, avanceI = 2.000000
inc_x_r = 0.000000, inc_y_r = 1.000000, inc_x_i = 1.000000, inc_y_i = 1.000000
En el else......

----------------------------------------
x = 25.000000, y = 148.000000
avance = -63.000000, avanceR = 2.000000, avanceI = 2.000000
inc_x_r = 0.000000, inc_y_r = 1.000000, inc_x_i = 1.000000, inc_y_i = 1.000000
En el else......

----------------------------------------
x = 25.000000, y = 149.000000
avance = -61.000000, avanceR = 2.000000, avanceI = 2.000000
inc_x_r = 0.000000, inc_y_r = 1.000000, inc_x_i = 1.000000, inc_y_i = 1.000000
En el else......

----------------------------------------
x = 25.000000, y = 150.000000
avance = -59.000000, avanceR = 2.000000, avanceI = 2.000000
inc_x_r = 0.000000, inc_y_r = 1.000000, inc_x_i = 1.000000, inc_y_i = 1.000000
En el else......

----------------------------------------
x = 25.000000, y = 151.000000
avance = -57.000000, avanceR = 2.000000, avanceI = 2.000000
inc_x_r = 0.000000, inc_y_r = 1.000000, inc_x_i = 1.000000, inc_y_i = 1.000000
En el else......

----------------------------------------
x = 25.000000, y = 152.000000
avance = -55.000000, avanceR = 2.000000, avanceI = 2.000000
inc_x_r = 0.000000, inc_y_r = 1.000000, inc_x_i = 1.000000, inc_y_i = 1.000000
En el else......

----------------------------------------
x = 25.000000, y = 153.000000
avance = -53.000000, avanceR = 2.000000, avanceI = 2.000000
inc_x_r = 0.000000, inc_y_r = 1.000000, inc_x_i = 1.000000, inc_y_i = 1.000000
En el else......

----------------------------------------
x = 25.000000, y = 154.000000
avance = -51.000000, avanceR = 2.000000, avanceI = 2.000000
inc_x_r = 0.000000, inc_y_r = 1.000000, inc_x_i = 1.000000, inc_y_i = 1.000000
En el else......

----------------------------------------
x = 25.000000, y = 155.000000
avance = -49.000000, avanceR = 2.000000, avanceI = 2.000000
inc_x_r = 0.000000, inc_y_r = 1.000000, inc_x_i = 1.000000, inc_y_i = 1.000000
En el else......

----------------------------------------
x = 25.000000, y = 156.000000
avance = -47.000000, avanceR = 2.000000, avanceI = 2.000000
inc_x_r = 0.000000, inc_y_r = 1.000000, inc_x_i = 1.000000, inc_y_i = 1.000000
En el else......

----------------------------------------
x = 25.000000, y = 157.000000
avance = -45.000000, avanceR = 2.000000, avanceI = 2.000000
inc_x_r = 0.000000, inc_y_r = 1.000000, inc_x_i = 1.000000, inc_y_i = 1.000000
En el else......

----------------------------------------
x = 25.000000, y = 158.000000
avance = -43.000000, avanceR = 2.000000, avanceI = 2.000000
inc_x_r = 0.000000, inc_y_r = 1.000000, inc_x_i = 1.000000, inc_y_i = 1.000000
En el else......

----------------------------------------
x = 25.000000, y = 159.000000
avance = -41.000000, avanceR = 2.000000, avanceI = 2.000000
inc_x_r = 0.000000, inc_y_r = 1.000000, inc_x_i = 1.000000, inc_y_i = 1.000000
En el else......

----------------------------------------
x = 25.000000, y = 160.000000
avance = -39.000000, avanceR = 2.000000, avanceI = 2.000000
inc_x_r = 0.000000, inc_y_r = 1.000000, inc_x_i = 1.000000, inc_y_i = 1.000000
En el else......

----------------------------------------
x = 25.000000, y = 161.000000
avance = -37.000000, avanceR = 2.000000, avanceI = 2.000000
inc_x_r = 0.000000, inc_y_r = 1.000000, inc_x_i = 1.000000, inc_y_i = 1.000000
En el else......

----------------------------------------
x = 25.000000, y = 162.000000
avance = -35.000000, avanceR = 2.000000, avanceI = 2.000000
inc_x_r = 0.000000, inc_y_r = 1.000000, inc_x_i = 1.000000, inc_y_i = 1.000000
En el else......

----------------------------------------
x = 25.000000, y = 163.000000
avance = -33.000000, avanceR = 2.000000, avanceI = 2.000000
inc_x_r = 0.000000, inc_y_r = 1.000000, inc_x_i = 1.000000, inc_y_i = 1.000000
En el else......

----------------------------------------
x = 25.000000, y = 164.000000
avance = -31.000000, avanceR = 2.000000, avanceI = 2.000000
inc_x_r = 0.000000, inc_y_r = 1.000000, inc_x_i = 1.000000, inc_y_i = 1.000000
En el else......

----------------------------------------
x = 25.000000, y = 165.000000
avance = -29.000000, avanceR = 2.000000, avanceI = 2.000000
inc_x_r = 0.000000, inc_y_r = 1.000000, inc_x_i = 1.000000, inc_y_i = 1.000000
En el else......

----------------------------------------
x = 25.000000, y = 166.000000
avance = -27.000000, avanceR = 2.000000, avanceI = 2.000000
inc_x_r = 0.000000, inc_y_r = 1.000000, inc_x_i = 1.000000, inc_y_i = 1.000000
En el else......

----------------------------------------
x = 25.000000, y = 167.000000
avance = -25.000000, avanceR = 2.000000, avanceI = 2.000000
inc_x_r = 0.000000, inc_y_r = 1.000000, inc_x_i = 1.000000, inc_y_i = 1.000000
En el else......

----------------------------------------
x = 25.000000, y = 168.000000
avance = -23.000000, avanceR = 2.000000, avanceI = 2.000000
inc_x_r = 0.000000, inc_y_r = 1.000000, inc_x_i = 1.000000, inc_y_i = 1.000000
En el else......

----------------------------------------
x = 25.000000, y = 169.000000
avance = -21.000000, avanceR = 2.000000, avanceI = 2.000000
inc_x_r = 0.000000, inc_y_r = 1.000000, inc_x_i = 1.000000, inc_y_i = 1.000000
En el else......

----------------------------------------
x = 25.000000, y = 170.000000
avance = -19.000000, avanceR = 2.000000, avanceI = 2.000000
inc_x_r = 0.000000, inc_y_r = 1.000000, inc_x_i = 1.000000, inc_y_i = 1.000000
En el else......

----------------------------------------
x = 25.000000, y = 171.000000
avance = -17.000000, avanceR = 2.000000, avanceI = 2.000000
inc_x_r = 0.000000, inc_y_r = 1.000000, inc_x_i = 1.000000, inc_y_i = 1.000000
En el else......

----------------------------------------
x = 25.000000, y = 172.000000
avance = -15.000000, avanceR = 2.000000, avanceI = 2.000000
inc_x_r = 0.000000, inc_y_r = 1.000000, inc_x_i = 1.000000, inc_y_i = 1.000000
En el else......

----------------------------------------
x = 25.000000, y = 173.000000
avance = -13.000000, avanceR = 2.000000, avanceI = 2.000000
inc_x_r = 0.000000, inc_y_r = 1.000000, inc_x_i = 1.000000, inc_y_i = 1.000000
En el else......

----------------------------------------
x = 25.000000, y = 174.000000
avance = -11.000000, avanceR = 2.000000, avanceI = 2.000000
inc_x_r = 0.000000, inc_y_r = 1.000000, inc_x_i = 1.000000, inc_y_i = 1.000000
En el else......

----------------------------------------
x = 25.000000, y = 175.000000
avance = -9.000000, avanceR = 2.000000, avanceI = 2.000000
inc_x_r = 0.000000, inc_y_r = 1.000000, inc_x_i = 1.000000, inc_y_i = 1.000000
En el else......

----------------------------------------
x = 25.000000, y = 176.000000
avance = -7.000000, avanceR = 2.000000, avanceI = 2.000000
inc_x_r = 0.000000, inc_y_r = 1.000000, inc_x_i = 1.000000, inc_y_i = 1.000000
En el else......

----------------------------------------
x = 25.000000, y = 177.000000
avance = -5.000000, avanceR = 2.000000, avanceI = 2.000000
inc_x_r = 0.000000, inc_y_r = 1.000000, inc_x_i = 1.000000, inc_y_i = 1.000000
En el else......

----------------------------------------
x = 25.000000, y = 178.000000
avance = -3.000000, avanceR = 2.000000, avanceI = 2.000000
inc_x_r = 0.000000, inc_y_r = 1.000000, inc_x_i = 1.000000, inc_y_i = 1.000000
En el else......

----------------------------------------
x = 25.000000, y = 179.000000
avance = -1.000000, avanceR = 2.000000, avanceI = 2.000000
inc_x_r = 0.000000, inc_y_r = 1.000000, inc_x_i = 1.000000, inc_y_i = 1.000000
En el else......

----------------------------------------
x = 25.000000, y = 180.000000
avance = 1.000000, avanceR = 2.000000, avanceI = 2.000000
inc_x_r = 0.000000, inc_y_r = 1.000000, inc_x_i = 1.000000, inc_y_i = 1.000000
avance >= 0

----------------------------------------
x = 26.000000, y = 181.000000
avance = -499.000000, avanceR = 2.000000, avanceI = 2.000000
inc_x_r = 0.000000, inc_y_r = 1.000000, inc_x_i = 1.000000, inc_y_i = 1.000000
En el else......

----------------------------------------
x = 26.000000, y = 182.000000
avance = -497.000000, avanceR = 2.000000, avanceI = 2.000000
inc_x_r = 0.000000, inc_y_r = 1.000000, inc_x_i = 1.000000, inc_y_i = 1.000000
En el else......

----------------------------------------
x = 26.000000, y = 183.000000
avance = -495.000000, avanceR = 2.000000, avanceI = 2.000000
inc_x_r = 0.000000, inc_y_r = 1.000000, inc_x_i = 1.000000, inc_y_i = 1.000000
En el else......

----------------------------------------
x = 26.000000, y = 184.000000
avance = -493.000000, avanceR = 2.000000, avanceI = 2.000000
inc_x_r = 0.000000, inc_y_r = 1.000000, inc_x_i = 1.000000, inc_y_i = 1.000000
En el else......

----------------------------------------
x = 26.000000, y = 185.000000
avance = -491.000000, avanceR = 2.000000, avanceI = 2.000000
inc_x_r = 0.000000, inc_y_r = 1.000000, inc_x_i = 1.000000, inc_y_i = 1.000000
En el else......

----------------------------------------
x = 26.000000, y = 186.000000
avance = -489.000000, avanceR = 2.000000, avanceI = 2.000000
inc_x_r = 0.000000, inc_y_r = 1.000000, inc_x_i = 1.000000, inc_y_i = 1.000000
En el else......

----------------------------------------
x = 26.000000, y = 187.000000
avance = -487.000000, avanceR = 2.000000, avanceI = 2.000000
inc_x_r = 0.000000, inc_y_r = 1.000000, inc_x_i = 1.000000, inc_y_i = 1.000000
En el else......

----------------------------------------
x = 26.000000, y = 188.000000
avance = -485.000000, avanceR = 2.000000, avanceI = 2.000000
inc_x_r = 0.000000, inc_y_r = 1.000000, inc_x_i = 1.000000, inc_y_i = 1.000000
En el else......

----------------------------------------
x = 26.000000, y = 189.000000
avance = -483.000000, avanceR = 2.000000, avanceI = 2.000000
inc_x_r = 0.000000, inc_y_r = 1.000000, inc_x_i = 1.000000, inc_y_i = 1.000000
En el else......

----------------------------------------
x = 26.000000, y = 190.000000
avance = -481.000000, avanceR = 2.000000, avanceI = 2.000000
inc_x_r = 0.000000, inc_y_r = 1.000000, inc_x_i = 1.000000, inc_y_i = 1.000000
En el else......

----------------------------------------
x = 26.000000, y = 191.000000
avance = -479.000000, avanceR = 2.000000, avanceI = 2.000000
inc_x_r = 0.000000, inc_y_r = 1.000000, inc_x_i = 1.000000, inc_y_i = 1.000000
En el else......

----------------------------------------
x = 26.000000, y = 192.000000
avance = -477.000000, avanceR = 2.000000, avanceI = 2.000000
inc_x_r = 0.000000, inc_y_r = 1.000000, inc_x_i = 1.000000, inc_y_i = 1.000000
En el else......

----------------------------------------
x = 26.000000, y = 193.000000
avance = -475.000000, avanceR = 2.000000, avanceI = 2.000000
inc_x_r = 0.000000, inc_y_r = 1.000000, inc_x_i = 1.000000, inc_y_i = 1.000000
En el else......

----------------------------------------
x = 26.000000, y = 194.000000
avance = -473.000000, avanceR = 2.000000, avanceI = 2.000000
inc_x_r = 0.000000, inc_y_r = 1.000000, inc_x_i = 1.000000, inc_y_i = 1.000000
En el else......

----------------------------------------
x = 26.000000, y = 195.000000
avance = -471.000000, avanceR = 2.000000, avanceI = 2.000000
inc_x_r = 0.000000, inc_y_r = 1.000000, inc_x_i = 1.000000, inc_y_i = 1.000000
En el else......

----------------------------------------
x = 26.000000, y = 196.000000
avance = -469.000000, avanceR = 2.000000, avanceI = 2.000000
inc_x_r = 0.000000, inc_y_r = 1.000000, inc_x_i = 1.000000, inc_y_i = 1.000000
En el else......

----------------------------------------
x = 26.000000, y = 197.000000
avance = -467.000000, avanceR = 2.000000, avanceI = 2.000000
inc_x_r = 0.000000, inc_y_r = 1.000000, inc_x_i = 1.000000, inc_y_i = 1.000000
En el else......

----------------------------------------
x = 26.000000, y = 198.000000
avance = -465.000000, avanceR = 2.000000, avanceI = 2.000000
inc_x_r = 0.000000, inc_y_r = 1.000000, inc_x_i = 1.000000, inc_y_i = 1.000000
En el else......

----------------------------------------
x = 26.000000, y = 199.000000
avance = -463.000000, avanceR = 2.000000, avanceI = 2.000000
inc_x_r = 0.000000, inc_y_r = 1.000000, inc_x_i = 1.000000, inc_y_i = 1.000000
En el else......

----------------------------------------
x = 26.000000, y = 200.000000
avance = -461.000000, avanceR = 2.000000, avanceI = 2.000000
inc_x_r = 0.000000, inc_y_r = 1.000000, inc_x_i = 1.000000, inc_y_i = 1.000000
En el else......

----------------------------------------
x = 26.000000, y = 201.000000
avance = -459.000000, avanceR = 2.000000, avanceI = 2.000000
inc_x_r = 0.000000, inc_y_r = 1.000000, inc_x_i = 1.000000, inc_y_i = 1.000000
En el else......

----------------------------------------
x = 26.000000, y = 202.000000
avance = -457.000000, avanceR = 2.000000, avanceI = 2.000000
inc_x_r = 0.000000, inc_y_r = 1.000000, inc_x_i = 1.000000, inc_y_i = 1.000000
En el else......

----------------------------------------
x = 26.000000, y = 203.000000
avance = -455.000000, avanceR = 2.000000, avanceI = 2.000000
inc_x_r = 0.000000, inc_y_r = 1.000000, inc_x_i = 1.000000, inc_y_i = 1.000000
En el else......

----------------------------------------
x = 26.000000, y = 204.000000
avance = -453.000000, avanceR = 2.000000, avanceI = 2.000000
inc_x_r = 0.000000, inc_y_r = 1.000000, inc_x_i = 1.000000, inc_y_i = 1.000000
En el else......

----------------------------------------
x = 26.000000, y = 205.000000
avance = -451.000000, avanceR = 2.000000, avanceI = 2.000000
inc_x_r = 0.000000, inc_y_r = 1.000000, inc_x_i = 1.000000, inc_y_i = 1.000000
En el else......

----------------------------------------
x = 26.000000, y = 206.000000
avance = -449.000000, avanceR = 2.000000, avanceI = 2.000000
inc_x_r = 0.000000, inc_y_r = 1.000000, inc_x_i = 1.000000, inc_y_i = 1.000000
En el else......

----------------------------------------
x = 26.000000, y = 207.000000
avance = -447.000000, avanceR = 2.000000, avanceI = 2.000000
inc_x_r = 0.000000, inc_y_r = 1.000000, inc_x_i = 1.000000, inc_y_i = 1.000000
En el else......

----------------------------------------
x = 26.000000, y = 208.000000
avance = -445.000000, avanceR = 2.000000, avanceI = 2.000000
inc_x_r = 0.000000, inc_y_r = 1.000000, inc_x_i = 1.000000, inc_y_i = 1.000000
En el else......

----------------------------------------
x = 26.000000, y = 209.000000
avance = -443.000000, avanceR = 2.000000, avanceI = 2.000000
inc_x_r = 0.000000, inc_y_r = 1.000000, inc_x_i = 1.000000, inc_y_i = 1.000000
En el else......

----------------------------------------
x = 26.000000, y = 210.000000
avance = -441.000000, avanceR = 2.000000, avanceI = 2.000000
inc_x_r = 0.000000, inc_y_r = 1.000000, inc_x_i = 1.000000, inc_y_i = 1.000000
En el else......

----------------------------------------
x = 26.000000, y = 211.000000
avance = -439.000000, avanceR = 2.000000, avanceI = 2.000000
inc_x_r = 0.000000, inc_y_r = 1.000000, inc_x_i = 1.000000, inc_y_i = 1.000000
En el else......

----------------------------------------
x = 26.000000, y = 212.000000
avance = -437.000000, avanceR = 2.000000, avanceI = 2.000000
inc_x_r = 0.000000, inc_y_r = 1.000000, inc_x_i = 1.000000, inc_y_i = 1.000000
En el else......

----------------------------------------
x = 26.000000, y = 213.000000
avance = -435.000000, avanceR = 2.000000, avanceI = 2.000000
inc_x_r = 0.000000, inc_y_r = 1.000000, inc_x_i = 1.000000, inc_y_i = 1.000000
En el else......

----------------------------------------
x = 26.000000, y = 214.000000
avance = -433.000000, avanceR = 2.000000, avanceI = 2.000000
inc_x_r = 0.000000, inc_y_r = 1.000000, inc_x_i = 1.000000, inc_y_i = 1.000000
En el else......

----------------------------------------
x = 26.000000, y = 215.000000
avance = -431.000000, avanceR = 2.000000, avanceI = 2.000000
inc_x_r = 0.000000, inc_y_r = 1.000000, inc_x_i = 1.000000, inc_y_i = 1.000000
En el else......

----------------------------------------
x = 26.000000, y = 216.000000
avance = -429.000000, avanceR = 2.000000, avanceI = 2.000000
inc_x_r = 0.000000, inc_y_r = 1.000000, inc_x_i = 1.000000, inc_y_i = 1.000000
En el else......

----------------------------------------
x = 26.000000, y = 217.000000
avance = -427.000000, avanceR = 2.000000, avanceI = 2.000000
inc_x_r = 0.000000, inc_y_r = 1.000000, inc_x_i = 1.000000, inc_y_i = 1.000000
En el else......

----------------------------------------
x = 26.000000, y = 218.000000
avance = -425.000000, avanceR = 2.000000, avanceI = 2.000000
inc_x_r = 0.000000, inc_y_r = 1.000000, inc_x_i = 1.000000, inc_y_i = 1.000000
En el else......

----------------------------------------
x = 26.000000, y = 219.000000
avance = -423.000000, avanceR = 2.000000, avanceI = 2.000000
inc_x_r = 0.000000, inc_y_r = 1.000000, inc_x_i = 1.000000, inc_y_i = 1.000000
En el else......

----------------------------------------
x = 26.000000, y = 220.000000
avance = -421.000000, avanceR = 2.000000, avanceI = 2.000000
inc_x_r = 0.000000, inc_y_r = 1.000000, inc_x_i = 1.000000, inc_y_i = 1.000000
En el else......

----------------------------------------
x = 26.000000, y = 221.000000
avance = -419.000000, avanceR = 2.000000, avanceI = 2.000000
inc_x_r = 0.000000, inc_y_r = 1.000000, inc_x_i = 1.000000, inc_y_i = 1.000000
En el else......

----------------------------------------
x = 26.000000, y = 222.000000
avance = -417.000000, avanceR = 2.000000, avanceI = 2.000000
inc_x_r = 0.000000, inc_y_r = 1.000000, inc_x_i = 1.000000, inc_y_i = 1.000000
En el else......

----------------------------------------
x = 26.000000, y = 223.000000
avance = -415.000000, avanceR = 2.000000, avanceI = 2.000000
inc_x_r = 0.000000, inc_y_r = 1.000000, inc_x_i = 1.000000, inc_y_i = 1.000000
En el else......

----------------------------------------
x = 26.000000, y = 224.000000
avance = -413.000000, avanceR = 2.000000, avanceI = 2.000000
inc_x_r = 0.000000, inc_y_r = 1.000000, inc_x_i = 1.000000, inc_y_i = 1.000000
En el else......

----------------------------------------
x = 26.000000, y = 225.000000
avance = -411.000000, avanceR = 2.000000, avanceI = 2.000000
inc_x_r = 0.000000, inc_y_r = 1.000000, inc_x_i = 1.000000, inc_y_i = 1.000000
En el else......

----------------------------------------
x = 26.000000, y = 226.000000
avance = -409.000000, avanceR = 2.000000, avanceI = 2.000000
inc_x_r = 0.000000, inc_y_r = 1.000000, inc_x_i = 1.000000, inc_y_i = 1.000000
En el else......

----------------------------------------
x = 26.000000, y = 227.000000
avance = -407.000000, avanceR = 2.000000, avanceI = 2.000000
inc_x_r = 0.000000, inc_y_r = 1.000000, inc_x_i = 1.000000, inc_y_i = 1.000000
En el else......

----------------------------------------
x = 26.000000, y = 228.000000
avance = -405.000000, avanceR = 2.000000, avanceI = 2.000000
inc_x_r = 0.000000, inc_y_r = 1.000000, inc_x_i = 1.000000, inc_y_i = 1.000000
En el else......

----------------------------------------
x = 26.000000, y = 229.000000
avance = -403.000000, avanceR = 2.000000, avanceI = 2.000000
inc_x_r = 0.000000, inc_y_r = 1.000000, inc_x_i = 1.000000, inc_y_i = 1.000000
En el else......

----------------------------------------
x = 26.000000, y = 230.000000
avance = -401.000000, avanceR = 2.000000, avanceI = 2.000000
inc_x_r = 0.000000, inc_y_r = 1.000000, inc_x_i = 1.000000, inc_y_i = 1.000000
En el else......

----------------------------------------
x = 26.000000, y = 231.000000
avance = -399.000000, avanceR = 2.000000, avanceI = 2.000000
inc_x_r = 0.000000, inc_y_r = 1.000000, inc_x_i = 1.000000, inc_y_i = 1.000000
En el else......

----------------------------------------
x = 26.000000, y = 232.000000
avance = -397.000000, avanceR = 2.000000, avanceI = 2.000000
inc_x_r = 0.000000, inc_y_r = 1.000000, inc_x_i = 1.000000, inc_y_i = 1.000000
En el else......

----------------------------------------
x = 26.000000, y = 233.000000
avance = -395.000000, avanceR = 2.000000, avanceI = 2.000000
inc_x_r = 0.000000, inc_y_r = 1.000000, inc_x_i = 1.000000, inc_y_i = 1.000000
En el else......

----------------------------------------
x = 26.000000, y = 234.000000
avance = -393.000000, avanceR = 2.000000, avanceI = 2.000000
inc_x_r = 0.000000, inc_y_r = 1.000000, inc_x_i = 1.000000, inc_y_i = 1.000000
En el else......

----------------------------------------
x = 26.000000, y = 235.000000
avance = -391.000000, avanceR = 2.000000, avanceI = 2.000000
inc_x_r = 0.000000, inc_y_r = 1.000000, inc_x_i = 1.000000, inc_y_i = 1.000000
En el else......

----------------------------------------
x = 26.000000, y = 236.000000
avance = -389.000000, avanceR = 2.000000, avanceI = 2.000000
inc_x_r = 0.000000, inc_y_r = 1.000000, inc_x_i = 1.000000, inc_y_i = 1.000000
En el else......

----------------------------------------
x = 26.000000, y = 237.000000
avance = -387.000000, avanceR = 2.000000, avanceI = 2.000000
inc_x_r = 0.000000, inc_y_r = 1.000000, inc_x_i = 1.000000, inc_y_i = 1.000000
En el else......

----------------------------------------
x = 26.000000, y = 238.000000
avance = -385.000000, avanceR = 2.000000, avanceI = 2.000000
inc_x_r = 0.000000, inc_y_r = 1.000000, inc_x_i = 1.000000, inc_y_i = 1.000000
En el else......

----------------------------------------
x = 26.000000, y = 239.000000
avance = -383.000000, avanceR = 2.000000, avanceI = 2.000000
inc_x_r = 0.000000, inc_y_r = 1.000000, inc_x_i = 1.000000, inc_y_i = 1.000000
En el else......

----------------------------------------
x = 26.000000, y = 240.000000
avance = -381.000000, avanceR = 2.000000, avanceI = 2.000000
inc_x_r = 0.000000, inc_y_r = 1.000000, inc_x_i = 1.000000, inc_y_i = 1.000000
En el else......

----------------------------------------
x = 26.000000, y = 241.000000
avance = -379.000000, avanceR = 2.000000, avanceI = 2.000000
inc_x_r = 0.000000, inc_y_r = 1.000000, inc_x_i = 1.000000, inc_y_i = 1.000000
En el else......

----------------------------------------
x = 26.000000, y = 242.000000
avance = -377.000000, avanceR = 2.000000, avanceI = 2.000000
inc_x_r = 0.000000, inc_y_r = 1.000000, inc_x_i = 1.000000, inc_y_i = 1.000000
En el else......

----------------------------------------
x = 26.000000, y = 243.000000
avance = -375.000000, avanceR = 2.000000, avanceI = 2.000000
inc_x_r = 0.000000, inc_y_r = 1.000000, inc_x_i = 1.000000, inc_y_i = 1.000000
En el else......

----------------------------------------
x = 26.000000, y = 244.000000
avance = -373.000000, avanceR = 2.000000, avanceI = 2.000000
inc_x_r = 0.000000, inc_y_r = 1.000000, inc_x_i = 1.000000, inc_y_i = 1.000000
En el else......

----------------------------------------
x = 26.000000, y = 245.000000
avance = -371.000000, avanceR = 2.000000, avanceI = 2.000000
inc_x_r = 0.000000, inc_y_r = 1.000000, inc_x_i = 1.000000, inc_y_i = 1.000000
En el else......

----------------------------------------
x = 26.000000, y = 246.000000
avance = -369.000000, avanceR = 2.000000, avanceI = 2.000000
inc_x_r = 0.000000, inc_y_r = 1.000000, inc_x_i = 1.000000, inc_y_i = 1.000000
En el else......

----------------------------------------
x = 26.000000, y = 247.000000
avance = -367.000000, avanceR = 2.000000, avanceI = 2.000000
inc_x_r = 0.000000, inc_y_r = 1.000000, inc_x_i = 1.000000, inc_y_i = 1.000000
En el else......

----------------------------------------
x = 26.000000, y = 248.000000
avance = -365.000000, avanceR = 2.000000, avanceI = 2.000000
inc_x_r = 0.000000, inc_y_r = 1.000000, inc_x_i = 1.000000, inc_y_i = 1.000000
En el else......

----------------------------------------
x = 26.000000, y = 249.000000
avance = -363.000000, avanceR = 2.000000, avanceI = 2.000000
inc_x_r = 0.000000, inc_y_r = 1.000000, inc_x_i = 1.000000, inc_y_i = 1.000000
En el else......

----------------------------------------
x = 26.000000, y = 250.000000
avance = -361.000000, avanceR = 2.000000, avanceI = 2.000000
inc_x_r = 0.000000, inc_y_r = 1.000000, inc_x_i = 1.000000, inc_y_i = 1.000000
En el else......

----------------------------------------
x = 26.000000, y = 251.000000
avance = -359.000000, avanceR = 2.000000, avanceI = 2.000000
inc_x_r = 0.000000, inc_y_r = 1.000000, inc_x_i = 1.000000, inc_y_i = 1.000000
En el else......

----------------------------------------
x = 26.000000, y = 252.000000
avance = -357.000000, avanceR = 2.000000, avanceI = 2.000000
inc_x_r = 0.000000, inc_y_r = 1.000000, inc_x_i = 1.000000, inc_y_i = 1.000000
En el else......

----------------------------------------
x = 26.000000, y = 253.000000
avance = -355.000000, avanceR = 2.000000, avanceI = 2.000000
inc_x_r = 0.000000, inc_y_r = 1.000000, inc_x_i = 1.000000, inc_y_i = 1.000000
En el else......

----------------------------------------
x = 26.000000, y = 254.000000
avance = -353.000000, avanceR = 2.000000, avanceI = 2.000000
inc_x_r = 0.000000, inc_y_r = 1.000000, inc_x_i = 1.000000, inc_y_i = 1.000000
En el else......

----------------------------------------
x = 26.000000, y = 255.000000
avance = -351.000000, avanceR = 2.000000, avanceI = 2.000000
inc_x_r = 0.000000, inc_y_r = 1.000000, inc_x_i = 1.000000, inc_y_i = 1.000000
En el else......

----------------------------------------
x = 26.000000, y = 256.000000
avance = -349.000000, avanceR = 2.000000, avanceI = 2.000000
inc_x_r = 0.000000, inc_y_r = 1.000000, inc_x_i = 1.000000, inc_y_i = 1.000000
En el else......

----------------------------------------
x = 26.000000, y = 257.000000
avance = -347.000000, avanceR = 2.000000, avanceI = 2.000000
inc_x_r = 0.000000, inc_y_r = 1.000000, inc_x_i = 1.000000, inc_y_i = 1.000000
En el else......

----------------------------------------
x = 26.000000, y = 258.000000
avance = -345.000000, avanceR = 2.000000, avanceI = 2.000000
inc_x_r = 0.000000, inc_y_r = 1.000000, inc_x_i = 1.000000, inc_y_i = 1.000000
En el else......

----------------------------------------
x = 26.000000, y = 259.000000
avance = -343.000000, avanceR = 2.000000, avanceI = 2.000000
inc_x_r = 0.000000, inc_y_r = 1.000000, inc_x_i = 1.000000, inc_y_i = 1.000000
En el else......

----------------------------------------
x = 26.000000, y = 260.000000
avance = -341.000000, avanceR = 2.000000, avanceI = 2.000000
inc_x_r = 0.000000, inc_y_r = 1.000000, inc_x_i = 1.000000, inc_y_i = 1.000000
En el else......

----------------------------------------
x = 26.000000, y = 261.000000
avance = -339.000000, avanceR = 2.000000, avanceI = 2.000000
inc_x_r = 0.000000, inc_y_r = 1.000000, inc_x_i = 1.000000, inc_y_i = 1.000000
En el else......

----------------------------------------
x = 26.000000, y = 262.000000
avance = -337.000000, avanceR = 2.000000, avanceI = 2.000000
inc_x_r = 0.000000, inc_y_r = 1.000000, inc_x_i = 1.000000, inc_y_i = 1.000000
En el else......

----------------------------------------
x = 26.000000, y = 263.000000
avance = -335.000000, avanceR = 2.000000, avanceI = 2.000000
inc_x_r = 0.000000, inc_y_r = 1.000000, inc_x_i = 1.000000, inc_y_i = 1.000000
En el else......

----------------------------------------
x = 26.000000, y = 264.000000
avance = -333.000000, avanceR = 2.000000, avanceI = 2.000000
inc_x_r = 0.000000, inc_y_r = 1.000000, inc_x_i = 1.000000, inc_y_i = 1.000000
En el else......

----------------------------------------
x = 26.000000, y = 265.000000
avance = -331.000000, avanceR = 2.000000, avanceI = 2.000000
inc_x_r = 0.000000, inc_y_r = 1.000000, inc_x_i = 1.000000, inc_y_i = 1.000000
En el else......

----------------------------------------
x = 26.000000, y = 266.000000
avance = -329.000000, avanceR = 2.000000, avanceI = 2.000000
inc_x_r = 0.000000, inc_y_r = 1.000000, inc_x_i = 1.000000, inc_y_i = 1.000000
En el else......

----------------------------------------
x = 26.000000, y = 267.000000
avance = -327.000000, avanceR = 2.000000, avanceI = 2.000000
inc_x_r = 0.000000, inc_y_r = 1.000000, inc_x_i = 1.000000, inc_y_i = 1.000000
En el else......

----------------------------------------
x = 26.000000, y = 268.000000
avance = -325.000000, avanceR = 2.000000, avanceI = 2.000000
inc_x_r = 0.000000, inc_y_r = 1.000000, inc_x_i = 1.000000, inc_y_i = 1.000000
En el else......

----------------------------------------
x = 26.000000, y = 269.000000
avance = -323.000000, avanceR = 2.000000, avanceI = 2.000000
inc_x_r = 0.000000, inc_y_r = 1.000000, inc_x_i = 1.000000, inc_y_i = 1.000000
En el else......

----------------------------------------
x = 26.000000, y = 270.000000
avance = -321.000000, avanceR = 2.000000, avanceI = 2.000000
inc_x_r = 0.000000, inc_y_r = 1.000000, inc_x_i = 1.000000, inc_y_i = 1.000000
En el else......

----------------------------------------
x = 26.000000, y = 271.000000
avance = -319.000000, avanceR = 2.000000, avanceI = 2.000000
inc_x_r = 0.000000, inc_y_r = 1.000000, inc_x_i = 1.000000, inc_y_i = 1.000000
En el else......

----------------------------------------
x = 26.000000, y = 272.000000
avance = -317.000000, avanceR = 2.000000, avanceI = 2.000000
inc_x_r = 0.000000, inc_y_r = 1.000000, inc_x_i = 1.000000, inc_y_i = 1.000000
En el else......

----------------------------------------
x = 26.000000, y = 273.000000
avance = -315.000000, avanceR = 2.000000, avanceI = 2.000000
inc_x_r = 0.000000, inc_y_r = 1.000000, inc_x_i = 1.000000, inc_y_i = 1.000000
En el else......

----------------------------------------
x = 26.000000, y = 274.000000
avance = -313.000000, avanceR = 2.000000, avanceI = 2.000000
inc_x_r = 0.000000, inc_y_r = 1.000000, inc_x_i = 1.000000, inc_y_i = 1.000000
En el else......

----------------------------------------
x = 26.000000, y = 275.000000
avance = -311.000000, avanceR = 2.000000, avanceI = 2.000000
inc_x_r = 0.000000, inc_y_r = 1.000000, inc_x_i = 1.000000, inc_y_i = 1.000000
En el else......

----------------------------------------
x = 26.000000, y = 276.000000
avance = -309.000000, avanceR = 2.000000, avanceI = 2.000000
inc_x_r = 0.000000, inc_y_r = 1.000000, inc_x_i = 1.000000, inc_y_i = 1.000000
En el else......

----------------------------------------
x = 26.000000, y = 277.000000
avance = -307.000000, avanceR = 2.000000, avanceI = 2.000000
inc_x_r = 0.000000, inc_y_r = 1.000000, inc_x_i = 1.000000, inc_y_i = 1.000000
En el else......

----------------------------------------
x = 26.000000, y = 278.000000
avance = -305.000000, avanceR = 2.000000, avanceI = 2.000000
inc_x_r = 0.000000, inc_y_r = 1.000000, inc_x_i = 1.000000, inc_y_i = 1.000000
En el else......

----------------------------------------
x = 26.000000, y = 279.000000
avance = -303.000000, avanceR = 2.000000, avanceI = 2.000000
inc_x_r = 0.000000, inc_y_r = 1.000000, inc_x_i = 1.000000, inc_y_i = 1.000000
En el else......

----------------------------------------
x = 26.000000, y = 280.000000
avance = -301.000000, avanceR = 2.000000, avanceI = 2.000000
inc_x_r = 0.000000, inc_y_r = 1.000000, inc_x_i = 1.000000, inc_y_i = 1.000000
En el else......

----------------------------------------
x = 26.000000, y = 281.000000
avance = -299.000000, avanceR = 2.000000, avanceI = 2.000000
inc_x_r = 0.000000, inc_y_r = 1.000000, inc_x_i = 1.000000, inc_y_i = 1.000000
En el else......

----------------------------------------
x = 26.000000, y = 282.000000
avance = -297.000000, avanceR = 2.000000, avanceI = 2.000000
inc_x_r = 0.000000, inc_y_r = 1.000000, inc_x_i = 1.000000, inc_y_i = 1.000000
En el else......

----------------------------------------
x = 26.000000, y = 283.000000
avance = -295.000000, avanceR = 2.000000, avanceI = 2.000000
inc_x_r = 0.000000, inc_y_r = 1.000000, inc_x_i = 1.000000, inc_y_i = 1.000000
En el else......

----------------------------------------
x = 26.000000, y = 284.000000
avance = -293.000000, avanceR = 2.000000, avanceI = 2.000000
inc_x_r = 0.000000, inc_y_r = 1.000000, inc_x_i = 1.000000, inc_y_i = 1.000000
En el else......

----------------------------------------
x = 26.000000, y = 285.000000
avance = -291.000000, avanceR = 2.000000, avanceI = 2.000000
inc_x_r = 0.000000, inc_y_r = 1.000000, inc_x_i = 1.000000, inc_y_i = 1.000000
En el else......

----------------------------------------
x = 26.000000, y = 286.000000
avance = -289.000000, avanceR = 2.000000, avanceI = 2.000000
inc_x_r = 0.000000, inc_y_r = 1.000000, inc_x_i = 1.000000, inc_y_i = 1.000000
En el else......

----------------------------------------
x = 26.000000, y = 287.000000
avance = -287.000000, avanceR = 2.000000, avanceI = 2.000000
inc_x_r = 0.000000, inc_y_r = 1.000000, inc_x_i = 1.000000, inc_y_i = 1.000000
En el else......

----------------------------------------
x = 26.000000, y = 288.000000
avance = -285.000000, avanceR = 2.000000, avanceI = 2.000000
inc_x_r = 0.000000, inc_y_r = 1.000000, inc_x_i = 1.000000, inc_y_i = 1.000000
En el else......

----------------------------------------
x = 26.000000, y = 289.000000
avance = -283.000000, avanceR = 2.000000, avanceI = 2.000000
inc_x_r = 0.000000, inc_y_r = 1.000000, inc_x_i = 1.000000, inc_y_i = 1.000000
En el else......

----------------------------------------
x = 26.000000, y = 290.000000
avance = -281.000000, avanceR = 2.000000, avanceI = 2.000000
inc_x_r = 0.000000, inc_y_r = 1.000000, inc_x_i = 1.000000, inc_y_i = 1.000000
En el else......

----------------------------------------
x = 26.000000, y = 291.000000
avance = -279.000000, avanceR = 2.000000, avanceI = 2.000000
inc_x_r = 0.000000, inc_y_r = 1.000000, inc_x_i = 1.000000, inc_y_i = 1.000000
En el else......

----------------------------------------
x = 26.000000, y = 292.000000
avance = -277.000000, avanceR = 2.000000, avanceI = 2.000000
inc_x_r = 0.000000, inc_y_r = 1.000000, inc_x_i = 1.000000, inc_y_i = 1.000000
En el else......

----------------------------------------
x = 26.000000, y = 293.000000
avance = -275.000000, avanceR = 2.000000, avanceI = 2.000000
inc_x_r = 0.000000, inc_y_r = 1.000000, inc_x_i = 1.000000, inc_y_i = 1.000000
En el else......

----------------------------------------
x = 26.000000, y = 294.000000
avance = -273.000000, avanceR = 2.000000, avanceI = 2.000000
inc_x_r = 0.000000, inc_y_r = 1.000000, inc_x_i = 1.000000, inc_y_i = 1.000000
En el else......

----------------------------------------
x = 26.000000, y = 295.000000
avance = -271.000000, avanceR = 2.000000, avanceI = 2.000000
inc_x_r = 0.000000, inc_y_r = 1.000000, inc_x_i = 1.000000, inc_y_i = 1.000000
En el else......

----------------------------------------
x = 26.000000, y = 296.000000
avance = -269.000000, avanceR = 2.000000, avanceI = 2.000000
inc_x_r = 0.000000, inc_y_r = 1.000000, inc_x_i = 1.000000, inc_y_i = 1.000000
En el else......

----------------------------------------
x = 26.000000, y = 297.000000
avance = -267.000000, avanceR = 2.000000, avanceI = 2.000000
inc_x_r = 0.000000, inc_y_r = 1.000000, inc_x_i = 1.000000, inc_y_i = 1.000000
En el else......

----------------------------------------
x = 26.000000, y = 298.000000
avance = -265.000000, avanceR = 2.000000, avanceI = 2.000000
inc_x_r = 0.000000, inc_y_r = 1.000000, inc_x_i = 1.000000, inc_y_i = 1.000000
En el else......

----------------------------------------
x = 26.000000, y = 299.000000
avance = -263.000000, avanceR = 2.000000, avanceI = 2.000000
inc_x_r = 0.000000, inc_y_r = 1.000000, inc_x_i = 1.000000, inc_y_i = 1.000000
En el else......

----------------------------------------
x = 26.000000, y = 300.000000
avance = -261.000000, avanceR = 2.000000, avanceI = 2.000000
inc_x_r = 0.000000, inc_y_r = 1.000000, inc_x_i = 1.000000, inc_y_i = 1.000000
En el else......

----------------------------------------
x = 26.000000, y = 301.000000
avance = -259.000000, avanceR = 2.000000, avanceI = 2.000000
inc_x_r = 0.000000, inc_y_r = 1.000000, inc_x_i = 1.000000, inc_y_i = 1.000000
En el else......

----------------------------------------
x = 26.000000, y = 302.000000
avance = -257.000000, avanceR = 2.000000, avanceI = 2.000000
inc_x_r = 0.000000, inc_y_r = 1.000000, inc_x_i = 1.000000, inc_y_i = 1.000000
En el else......

----------------------------------------
x = 26.000000, y = 303.000000
avance = -255.000000, avanceR = 2.000000, avanceI = 2.000000
inc_x_r = 0.000000, inc_y_r = 1.000000, inc_x_i = 1.000000, inc_y_i = 1.000000
En el else......

----------------------------------------
x = 26.000000, y = 304.000000
avance = -253.000000, avanceR = 2.000000, avanceI = 2.000000
inc_x_r = 0.000000, inc_y_r = 1.000000, inc_x_i = 1.000000, inc_y_i = 1.000000
En el else......

----------------------------------------
x = 26.000000, y = 305.000000
avance = -251.000000, avanceR = 2.000000, avanceI = 2.000000
inc_x_r = 0.000000, inc_y_r = 1.000000, inc_x_i = 1.000000, inc_y_i = 1.000000
En el else......

----------------------------------------


ENTRAMOS A BRESENHAMªªªª
x1 = 25.000000 - y1 = 55.000000 || x2 = 26.000000 - y2 = 306.000000
dy = 251.000000, dx = 1.000000
avances inclinados: inc_x_i = 1.000000, inc_y_i = 1.000000
updated: dy = 251.000000, dx = 1.000000
avances rectos: inc_x_r = 0.000000, inc_y_r 1.000000
reupdated: dy = 1.000000, dx = 251.000000
avanceR = 2.000000, avance -249.000000, avanceI 2.000000
----------------------------------------
x = 25.000000, y = 55.000000
avance = -249.000000, avanceR = 2.000000, avanceI = 2.000000
inc_x_r = 0.000000, inc_y_r = 1.000000, inc_x_i = 1.000000, inc_y_i = 1.000000
En el else......

----------------------------------------
x = 25.000000, y = 56.000000
avance = -247.000000, avanceR = 2.000000, avanceI = 2.000000
inc_x_r = 0.000000, inc_y_r = 1.000000, inc_x_i = 1.000000, inc_y_i = 1.000000
En el else......

----------------------------------------
x = 25.000000, y = 57.000000
avance = -245.000000, avanceR = 2.000000, avanceI = 2.000000
inc_x_r = 0.000000, inc_y_r = 1.000000, inc_x_i = 1.000000, inc_y_i = 1.000000
En el else......

----------------------------------------
x = 25.000000, y = 58.000000
avance = -243.000000, avanceR = 2.000000, avanceI = 2.000000
inc_x_r = 0.000000, inc_y_r = 1.000000, inc_x_i = 1.000000, inc_y_i = 1.000000
En el else......

----------------------------------------
x = 25.000000, y = 59.000000
avance = -241.000000, avanceR = 2.000000, avanceI = 2.000000
inc_x_r = 0.000000, inc_y_r = 1.000000, inc_x_i = 1.000000, inc_y_i = 1.000000
En el else......

----------------------------------------
x = 25.000000, y = 60.000000
avance = -239.000000, avanceR = 2.000000, avanceI = 2.000000
inc_x_r = 0.000000, inc_y_r = 1.000000, inc_x_i = 1.000000, inc_y_i = 1.000000
En el else......

----------------------------------------
x = 25.000000, y = 61.000000
avance = -237.000000, avanceR = 2.000000, avanceI = 2.000000
inc_x_r = 0.000000, inc_y_r = 1.000000, inc_x_i = 1.000000, inc_y_i = 1.000000
En el else......

----------------------------------------
x = 25.000000, y = 62.000000
avance = -235.000000, avanceR = 2.000000, avanceI = 2.000000
inc_x_r = 0.000000, inc_y_r = 1.000000, inc_x_i = 1.000000, inc_y_i = 1.000000
En el else......

----------------------------------------
x = 25.000000, y = 63.000000
avance = -233.000000, avanceR = 2.000000, avanceI = 2.000000
inc_x_r = 0.000000, inc_y_r = 1.000000, inc_x_i = 1.000000, inc_y_i = 1.000000
En el else......

----------------------------------------
x = 25.000000, y = 64.000000
avance = -231.000000, avanceR = 2.000000, avanceI = 2.000000
inc_x_r = 0.000000, inc_y_r = 1.000000, inc_x_i = 1.000000, inc_y_i = 1.000000
En el else......

----------------------------------------
x = 25.000000, y = 65.000000
avance = -229.000000, avanceR = 2.000000, avanceI = 2.000000
inc_x_r = 0.000000, inc_y_r = 1.000000, inc_x_i = 1.000000, inc_y_i = 1.000000
En el else......

----------------------------------------
x = 25.000000, y = 66.000000
avance = -227.000000, avanceR = 2.000000, avanceI = 2.000000
inc_x_r = 0.000000, inc_y_r = 1.000000, inc_x_i = 1.000000, inc_y_i = 1.000000
En el else......

----------------------------------------
x = 25.000000, y = 67.000000
avance = -225.000000, avanceR = 2.000000, avanceI = 2.000000
inc_x_r = 0.000000, inc_y_r = 1.000000, inc_x_i = 1.000000, inc_y_i = 1.000000
En el else......

----------------------------------------
x = 25.000000, y = 68.000000
avance = -223.000000, avanceR = 2.000000, avanceI = 2.000000
inc_x_r = 0.000000, inc_y_r = 1.000000, inc_x_i = 1.000000, inc_y_i = 1.000000
En el else......

----------------------------------------
x = 25.000000, y = 69.000000
avance = -221.000000, avanceR = 2.000000, avanceI = 2.000000
inc_x_r = 0.000000, inc_y_r = 1.000000, inc_x_i = 1.000000, inc_y_i = 1.000000
En el else......

----------------------------------------
x = 25.000000, y = 70.000000
avance = -219.000000, avanceR = 2.000000, avanceI = 2.000000
inc_x_r = 0.000000, inc_y_r = 1.000000, inc_x_i = 1.000000, inc_y_i = 1.000000
En el else......

----------------------------------------
x = 25.000000, y = 71.000000
avance = -217.000000, avanceR = 2.000000, avanceI = 2.000000
inc_x_r = 0.000000, inc_y_r = 1.000000, inc_x_i = 1.000000, inc_y_i = 1.000000
En el else......

----------------------------------------
x = 25.000000, y = 72.000000
avance = -215.000000, avanceR = 2.000000, avanceI = 2.000000
inc_x_r = 0.000000, inc_y_r = 1.000000, inc_x_i = 1.000000, inc_y_i = 1.000000
En el else......

----------------------------------------
x = 25.000000, y = 73.000000
avance = -213.000000, avanceR = 2.000000, avanceI = 2.000000
inc_x_r = 0.000000, inc_y_r = 1.000000, inc_x_i = 1.000000, inc_y_i = 1.000000
En el else......

----------------------------------------
x = 25.000000, y = 74.000000
avance = -211.000000, avanceR = 2.000000, avanceI = 2.000000
inc_x_r = 0.000000, inc_y_r = 1.000000, inc_x_i = 1.000000, inc_y_i = 1.000000
En el else......

----------------------------------------
x = 25.000000, y = 75.000000
avance = -209.000000, avanceR = 2.000000, avanceI = 2.000000
inc_x_r = 0.000000, inc_y_r = 1.000000, inc_x_i = 1.000000, inc_y_i = 1.000000
En el else......

----------------------------------------
x = 25.000000, y = 76.000000
avance = -207.000000, avanceR = 2.000000, avanceI = 2.000000
inc_x_r = 0.000000, inc_y_r = 1.000000, inc_x_i = 1.000000, inc_y_i = 1.000000
En el else......

----------------------------------------
x = 25.000000, y = 77.000000
avance = -205.000000, avanceR = 2.000000, avanceI = 2.000000
inc_x_r = 0.000000, inc_y_r = 1.000000, inc_x_i = 1.000000, inc_y_i = 1.000000
En el else......

----------------------------------------
x = 25.000000, y = 78.000000
avance = -203.000000, avanceR = 2.000000, avanceI = 2.000000
inc_x_r = 0.000000, inc_y_r = 1.000000, inc_x_i = 1.000000, inc_y_i = 1.000000
En el else......

----------------------------------------
x = 25.000000, y = 79.000000
avance = -201.000000, avanceR = 2.000000, avanceI = 2.000000
inc_x_r = 0.000000, inc_y_r = 1.000000, inc_x_i = 1.000000, inc_y_i = 1.000000
En el else......

----------------------------------------
x = 25.000000, y = 80.000000
avance = -199.000000, avanceR = 2.000000, avanceI = 2.000000
inc_x_r = 0.000000, inc_y_r = 1.000000, inc_x_i = 1.000000, inc_y_i = 1.000000
En el else......

----------------------------------------
x = 25.000000, y = 81.000000
avance = -197.000000, avanceR = 2.000000, avanceI = 2.000000
inc_x_r = 0.000000, inc_y_r = 1.000000, inc_x_i = 1.000000, inc_y_i = 1.000000
En el else......

----------------------------------------
x = 25.000000, y = 82.000000
avance = -195.000000, avanceR = 2.000000, avanceI = 2.000000
inc_x_r = 0.000000, inc_y_r = 1.000000, inc_x_i = 1.000000, inc_y_i = 1.000000
En el else......

----------------------------------------
x = 25.000000, y = 83.000000
avance = -193.000000, avanceR = 2.000000, avanceI = 2.000000
inc_x_r = 0.000000, inc_y_r = 1.000000, inc_x_i = 1.000000, inc_y_i = 1.000000
En el else......

----------------------------------------
x = 25.000000, y = 84.000000
avance = -191.000000, avanceR = 2.000000, avanceI = 2.000000
inc_x_r = 0.000000, inc_y_r = 1.000000, inc_x_i = 1.000000, inc_y_i = 1.000000
En el else......

----------------------------------------
x = 25.000000, y = 85.000000
avance = -189.000000, avanceR = 2.000000, avanceI = 2.000000
inc_x_r = 0.000000, inc_y_r = 1.000000, inc_x_i = 1.000000, inc_y_i = 1.000000
En el else......

----------------------------------------
x = 25.000000, y = 86.000000
avance = -187.000000, avanceR = 2.000000, avanceI = 2.000000
inc_x_r = 0.000000, inc_y_r = 1.000000, inc_x_i = 1.000000, inc_y_i = 1.000000
En el else......

----------------------------------------
x = 25.000000, y = 87.000000
avance = -185.000000, avanceR = 2.000000, avanceI = 2.000000
inc_x_r = 0.000000, inc_y_r = 1.000000, inc_x_i = 1.000000, inc_y_i = 1.000000
En el else......

----------------------------------------
x = 25.000000, y = 88.000000
avance = -183.000000, avanceR = 2.000000, avanceI = 2.000000
inc_x_r = 0.000000, inc_y_r = 1.000000, inc_x_i = 1.000000, inc_y_i = 1.000000
En el else......

----------------------------------------
x = 25.000000, y = 89.000000
avance = -181.000000, avanceR = 2.000000, avanceI = 2.000000
inc_x_r = 0.000000, inc_y_r = 1.000000, inc_x_i = 1.000000, inc_y_i = 1.000000
En el else......

----------------------------------------
x = 25.000000, y = 90.000000
avance = -179.000000, avanceR = 2.000000, avanceI = 2.000000
inc_x_r = 0.000000, inc_y_r = 1.000000, inc_x_i = 1.000000, inc_y_i = 1.000000
En el else......

----------------------------------------
x = 25.000000, y = 91.000000
avance = -177.000000, avanceR = 2.000000, avanceI = 2.000000
inc_x_r = 0.000000, inc_y_r = 1.000000, inc_x_i = 1.000000, inc_y_i = 1.000000
En el else......

----------------------------------------
x = 25.000000, y = 92.000000
avance = -175.000000, avanceR = 2.000000, avanceI = 2.000000
inc_x_r = 0.000000, inc_y_r = 1.000000, inc_x_i = 1.000000, inc_y_i = 1.000000
En el else......

----------------------------------------
x = 25.000000, y = 93.000000
avance = -173.000000, avanceR = 2.000000, avanceI = 2.000000
inc_x_r = 0.000000, inc_y_r = 1.000000, inc_x_i = 1.000000, inc_y_i = 1.000000
En el else......

----------------------------------------
x = 25.000000, y = 94.000000
avance = -171.000000, avanceR = 2.000000, avanceI = 2.000000
inc_x_r = 0.000000, inc_y_r = 1.000000, inc_x_i = 1.000000, inc_y_i = 1.000000
En el else......

----------------------------------------
x = 25.000000, y = 95.000000
avance = -169.000000, avanceR = 2.000000, avanceI = 2.000000
inc_x_r = 0.000000, inc_y_r = 1.000000, inc_x_i = 1.000000, inc_y_i = 1.000000
En el else......

----------------------------------------
x = 25.000000, y = 96.000000
avance = -167.000000, avanceR = 2.000000, avanceI = 2.000000
inc_x_r = 0.000000, inc_y_r = 1.000000, inc_x_i = 1.000000, inc_y_i = 1.000000
En el else......

----------------------------------------
x = 25.000000, y = 97.000000
avance = -165.000000, avanceR = 2.000000, avanceI = 2.000000
inc_x_r = 0.000000, inc_y_r = 1.000000, inc_x_i = 1.000000, inc_y_i = 1.000000
En el else......

----------------------------------------
x = 25.000000, y = 98.000000
avance = -163.000000, avanceR = 2.000000, avanceI = 2.000000
inc_x_r = 0.000000, inc_y_r = 1.000000, inc_x_i = 1.000000, inc_y_i = 1.000000
En el else......

----------------------------------------
x = 25.000000, y = 99.000000
avance = -161.000000, avanceR = 2.000000, avanceI = 2.000000
inc_x_r = 0.000000, inc_y_r = 1.000000, inc_x_i = 1.000000, inc_y_i = 1.000000
En el else......

----------------------------------------
x = 25.000000, y = 100.000000
avance = -159.000000, avanceR = 2.000000, avanceI = 2.000000
inc_x_r = 0.000000, inc_y_r = 1.000000, inc_x_i = 1.000000, inc_y_i = 1.000000
En el else......

----------------------------------------
x = 25.000000, y = 101.000000
avance = -157.000000, avanceR = 2.000000, avanceI = 2.000000
inc_x_r = 0.000000, inc_y_r = 1.000000, inc_x_i = 1.000000, inc_y_i = 1.000000
En el else......

----------------------------------------
x = 25.000000, y = 102.000000
avance = -155.000000, avanceR = 2.000000, avanceI = 2.000000
inc_x_r = 0.000000, inc_y_r = 1.000000, inc_x_i = 1.000000, inc_y_i = 1.000000
En el else......

----------------------------------------
x = 25.000000, y = 103.000000
avance = -153.000000, avanceR = 2.000000, avanceI = 2.000000
inc_x_r = 0.000000, inc_y_r = 1.000000, inc_x_i = 1.000000, inc_y_i = 1.000000
En el else......

----------------------------------------
x = 25.000000, y = 104.000000
avance = -151.000000, avanceR = 2.000000, avanceI = 2.000000
inc_x_r = 0.000000, inc_y_r = 1.000000, inc_x_i = 1.000000, inc_y_i = 1.000000
En el else......

----------------------------------------
x = 25.000000, y = 105.000000
avance = -149.000000, avanceR = 2.000000, avanceI = 2.000000
inc_x_r = 0.000000, inc_y_r = 1.000000, inc_x_i = 1.000000, inc_y_i = 1.000000
En el else......

----------------------------------------
x = 25.000000, y = 106.000000
avance = -147.000000, avanceR = 2.000000, avanceI = 2.000000
inc_x_r = 0.000000, inc_y_r = 1.000000, inc_x_i = 1.000000, inc_y_i = 1.000000
En el else......

----------------------------------------
x = 25.000000, y = 107.000000
avance = -145.000000, avanceR = 2.000000, avanceI = 2.000000
inc_x_r = 0.000000, inc_y_r = 1.000000, inc_x_i = 1.000000, inc_y_i = 1.000000
En el else......

----------------------------------------
x = 25.000000, y = 108.000000
avance = -143.000000, avanceR = 2.000000, avanceI = 2.000000
inc_x_r = 0.000000, inc_y_r = 1.000000, inc_x_i = 1.000000, inc_y_i = 1.000000
En el else......

----------------------------------------
x = 25.000000, y = 109.000000
avance = -141.000000, avanceR = 2.000000, avanceI = 2.000000
inc_x_r = 0.000000, inc_y_r = 1.000000, inc_x_i = 1.000000, inc_y_i = 1.000000
En el else......

----------------------------------------
x = 25.000000, y = 110.000000
avance = -139.000000, avanceR = 2.000000, avanceI = 2.000000
inc_x_r = 0.000000, inc_y_r = 1.000000, inc_x_i = 1.000000, inc_y_i = 1.000000
En el else......

----------------------------------------
x = 25.000000, y = 111.000000
avance = -137.000000, avanceR = 2.000000, avanceI = 2.000000
inc_x_r = 0.000000, inc_y_r = 1.000000, inc_x_i = 1.000000, inc_y_i = 1.000000
En el else......

----------------------------------------
x = 25.000000, y = 112.000000
avance = -135.000000, avanceR = 2.000000, avanceI = 2.000000
inc_x_r = 0.000000, inc_y_r = 1.000000, inc_x_i = 1.000000, inc_y_i = 1.000000
En el else......

----------------------------------------
x = 25.000000, y = 113.000000
avance = -133.000000, avanceR = 2.000000, avanceI = 2.000000
inc_x_r = 0.000000, inc_y_r = 1.000000, inc_x_i = 1.000000, inc_y_i = 1.000000
En el else......

----------------------------------------
x = 25.000000, y = 114.000000
avance = -131.000000, avanceR = 2.000000, avanceI = 2.000000
inc_x_r = 0.000000, inc_y_r = 1.000000, inc_x_i = 1.000000, inc_y_i = 1.000000
En el else......

----------------------------------------
x = 25.000000, y = 115.000000
avance = -129.000000, avanceR = 2.000000, avanceI = 2.000000
inc_x_r = 0.000000, inc_y_r = 1.000000, inc_x_i = 1.000000, inc_y_i = 1.000000
En el else......

----------------------------------------
x = 25.000000, y = 116.000000
avance = -127.000000, avanceR = 2.000000, avanceI = 2.000000
inc_x_r = 0.000000, inc_y_r = 1.000000, inc_x_i = 1.000000, inc_y_i = 1.000000
En el else......

----------------------------------------
x = 25.000000, y = 117.000000
avance = -125.000000, avanceR = 2.000000, avanceI = 2.000000
inc_x_r = 0.000000, inc_y_r = 1.000000, inc_x_i = 1.000000, inc_y_i = 1.000000
En el else......

----------------------------------------
x = 25.000000, y = 118.000000
avance = -123.000000, avanceR = 2.000000, avanceI = 2.000000
inc_x_r = 0.000000, inc_y_r = 1.000000, inc_x_i = 1.000000, inc_y_i = 1.000000
En el else......

----------------------------------------
x = 25.000000, y = 119.000000
avance = -121.000000, avanceR = 2.000000, avanceI = 2.000000
inc_x_r = 0.000000, inc_y_r = 1.000000, inc_x_i = 1.000000, inc_y_i = 1.000000
En el else......

----------------------------------------
x = 25.000000, y = 120.000000
avance = -119.000000, avanceR = 2.000000, avanceI = 2.000000
inc_x_r = 0.000000, inc_y_r = 1.000000, inc_x_i = 1.000000, inc_y_i = 1.000000
En el else......

----------------------------------------
x = 25.000000, y = 121.000000
avance = -117.000000, avanceR = 2.000000, avanceI = 2.000000
inc_x_r = 0.000000, inc_y_r = 1.000000, inc_x_i = 1.000000, inc_y_i = 1.000000
En el else......

----------------------------------------
x = 25.000000, y = 122.000000
avance = -115.000000, avanceR = 2.000000, avanceI = 2.000000
inc_x_r = 0.000000, inc_y_r = 1.000000, inc_x_i = 1.000000, inc_y_i = 1.000000
En el else......

----------------------------------------
x = 25.000000, y = 123.000000
avance = -113.000000, avanceR = 2.000000, avanceI = 2.000000
inc_x_r = 0.000000, inc_y_r = 1.000000, inc_x_i = 1.000000, inc_y_i = 1.000000
En el else......

----------------------------------------
x = 25.000000, y = 124.000000
avance = -111.000000, avanceR = 2.000000, avanceI = 2.000000
inc_x_r = 0.000000, inc_y_r = 1.000000, inc_x_i = 1.000000, inc_y_i = 1.000000
En el else......

----------------------------------------
x = 25.000000, y = 125.000000
avance = -109.000000, avanceR = 2.000000, avanceI = 2.000000
inc_x_r = 0.000000, inc_y_r = 1.000000, inc_x_i = 1.000000, inc_y_i = 1.000000
En el else......

----------------------------------------
x = 25.000000, y = 126.000000
avance = -107.000000, avanceR = 2.000000, avanceI = 2.000000
inc_x_r = 0.000000, inc_y_r = 1.000000, inc_x_i = 1.000000, inc_y_i = 1.000000
En el else......

----------------------------------------
x = 25.000000, y = 127.000000
avance = -105.000000, avanceR = 2.000000, avanceI = 2.000000
inc_x_r = 0.000000, inc_y_r = 1.000000, inc_x_i = 1.000000, inc_y_i = 1.000000
En el else......

----------------------------------------
x = 25.000000, y = 128.000000
avance = -103.000000, avanceR = 2.000000, avanceI = 2.000000
inc_x_r = 0.000000, inc_y_r = 1.000000, inc_x_i = 1.000000, inc_y_i = 1.000000
En el else......

----------------------------------------
x = 25.000000, y = 129.000000
avance = -101.000000, avanceR = 2.000000, avanceI = 2.000000
inc_x_r = 0.000000, inc_y_r = 1.000000, inc_x_i = 1.000000, inc_y_i = 1.000000
En el else......

----------------------------------------
x = 25.000000, y = 130.000000
avance = -99.000000, avanceR = 2.000000, avanceI = 2.000000
inc_x_r = 0.000000, inc_y_r = 1.000000, inc_x_i = 1.000000, inc_y_i = 1.000000
En el else......

----------------------------------------
x = 25.000000, y = 131.000000
avance = -97.000000, avanceR = 2.000000, avanceI = 2.000000
inc_x_r = 0.000000, inc_y_r = 1.000000, inc_x_i = 1.000000, inc_y_i = 1.000000
En el else......

----------------------------------------
x = 25.000000, y = 132.000000
avance = -95.000000, avanceR = 2.000000, avanceI = 2.000000
inc_x_r = 0.000000, inc_y_r = 1.000000, inc_x_i = 1.000000, inc_y_i = 1.000000
En el else......

----------------------------------------
x = 25.000000, y = 133.000000
avance = -93.000000, avanceR = 2.000000, avanceI = 2.000000
inc_x_r = 0.000000, inc_y_r = 1.000000, inc_x_i = 1.000000, inc_y_i = 1.000000
En el else......

----------------------------------------
x = 25.000000, y = 134.000000
avance = -91.000000, avanceR = 2.000000, avanceI = 2.000000
inc_x_r = 0.000000, inc_y_r = 1.000000, inc_x_i = 1.000000, inc_y_i = 1.000000
En el else......

----------------------------------------
x = 25.000000, y = 135.000000
avance = -89.000000, avanceR = 2.000000, avanceI = 2.000000
inc_x_r = 0.000000, inc_y_r = 1.000000, inc_x_i = 1.000000, inc_y_i = 1.000000
En el else......

----------------------------------------
x = 25.000000, y = 136.000000
avance = -87.000000, avanceR = 2.000000, avanceI = 2.000000
inc_x_r = 0.000000, inc_y_r = 1.000000, inc_x_i = 1.000000, inc_y_i = 1.000000
En el else......

----------------------------------------
x = 25.000000, y = 137.000000
avance = -85.000000, avanceR = 2.000000, avanceI = 2.000000
inc_x_r = 0.000000, inc_y_r = 1.000000, inc_x_i = 1.000000, inc_y_i = 1.000000
En el else......

----------------------------------------
x = 25.000000, y = 138.000000
avance = -83.000000, avanceR = 2.000000, avanceI = 2.000000
inc_x_r = 0.000000, inc_y_r = 1.000000, inc_x_i = 1.000000, inc_y_i = 1.000000
En el else......

----------------------------------------
x = 25.000000, y = 139.000000
avance = -81.000000, avanceR = 2.000000, avanceI = 2.000000
inc_x_r = 0.000000, inc_y_r = 1.000000, inc_x_i = 1.000000, inc_y_i = 1.000000
En el else......

----------------------------------------
x = 25.000000, y = 140.000000
avance = -79.000000, avanceR = 2.000000, avanceI = 2.000000
inc_x_r = 0.000000, inc_y_r = 1.000000, inc_x_i = 1.000000, inc_y_i = 1.000000
En el else......

----------------------------------------
x = 25.000000, y = 141.000000
avance = -77.000000, avanceR = 2.000000, avanceI = 2.000000
inc_x_r = 0.000000, inc_y_r = 1.000000, inc_x_i = 1.000000, inc_y_i = 1.000000
En el else......

----------------------------------------
x = 25.000000, y = 142.000000
avance = -75.000000, avanceR = 2.000000, avanceI = 2.000000
inc_x_r = 0.000000, inc_y_r = 1.000000, inc_x_i = 1.000000, inc_y_i = 1.000000
En el else......

----------------------------------------
x = 25.000000, y = 143.000000
avance = -73.000000, avanceR = 2.000000, avanceI = 2.000000
inc_x_r = 0.000000, inc_y_r = 1.000000, inc_x_i = 1.000000, inc_y_i = 1.000000
En el else......

----------------------------------------
x = 25.000000, y = 144.000000
avance = -71.000000, avanceR = 2.000000, avanceI = 2.000000
inc_x_r = 0.000000, inc_y_r = 1.000000, inc_x_i = 1.000000, inc_y_i = 1.000000
En el else......

----------------------------------------
x = 25.000000, y = 145.000000
avance = -69.000000, avanceR = 2.000000, avanceI = 2.000000
inc_x_r = 0.000000, inc_y_r = 1.000000, inc_x_i = 1.000000, inc_y_i = 1.000000
En el else......

----------------------------------------
x = 25.000000, y = 146.000000
avance = -67.000000, avanceR = 2.000000, avanceI = 2.000000
inc_x_r = 0.000000, inc_y_r = 1.000000, inc_x_i = 1.000000, inc_y_i = 1.000000
En el else......

----------------------------------------
x = 25.000000, y = 147.000000
avance = -65.000000, avanceR = 2.000000, avanceI = 2.000000
inc_x_r = 0.000000, inc_y_r = 1.000000, inc_x_i = 1.000000, inc_y_i = 1.000000
En el else......

----------------------------------------
x = 25.000000, y = 148.000000
avance = -63.000000, avanceR = 2.000000, avanceI = 2.000000
inc_x_r = 0.000000, inc_y_r = 1.000000, inc_x_i = 1.000000, inc_y_i = 1.000000
En el else......

----------------------------------------
x = 25.000000, y = 149.000000
avance = -61.000000, avanceR = 2.000000, avanceI = 2.000000
inc_x_r = 0.000000, inc_y_r = 1.000000, inc_x_i = 1.000000, inc_y_i = 1.000000
En el else......

----------------------------------------
x = 25.000000, y = 150.000000
avance = -59.000000, avanceR = 2.000000, avanceI = 2.000000
inc_x_r = 0.000000, inc_y_r = 1.000000, inc_x_i = 1.000000, inc_y_i = 1.000000
En el else......

----------------------------------------
x = 25.000000, y = 151.000000
avance = -57.000000, avanceR = 2.000000, avanceI = 2.000000
inc_x_r = 0.000000, inc_y_r = 1.000000, inc_x_i = 1.000000, inc_y_i = 1.000000
En el else......

----------------------------------------
x = 25.000000, y = 152.000000
avance = -55.000000, avanceR = 2.000000, avanceI = 2.000000
inc_x_r = 0.000000, inc_y_r = 1.000000, inc_x_i = 1.000000, inc_y_i = 1.000000
En el else......

----------------------------------------
x = 25.000000, y = 153.000000
avance = -53.000000, avanceR = 2.000000, avanceI = 2.000000
inc_x_r = 0.000000, inc_y_r = 1.000000, inc_x_i = 1.000000, inc_y_i = 1.000000
En el else......

----------------------------------------
x = 25.000000, y = 154.000000
avance = -51.000000, avanceR = 2.000000, avanceI = 2.000000
inc_x_r = 0.000000, inc_y_r = 1.000000, inc_x_i = 1.000000, inc_y_i = 1.000000
En el else......

----------------------------------------
x = 25.000000, y = 155.000000
avance = -49.000000, avanceR = 2.000000, avanceI = 2.000000
inc_x_r = 0.000000, inc_y_r = 1.000000, inc_x_i = 1.000000, inc_y_i = 1.000000
En el else......

----------------------------------------
x = 25.000000, y = 156.000000
avance = -47.000000, avanceR = 2.000000, avanceI = 2.000000
inc_x_r = 0.000000, inc_y_r = 1.000000, inc_x_i = 1.000000, inc_y_i = 1.000000
En el else......

----------------------------------------
x = 25.000000, y = 157.000000
avance = -45.000000, avanceR = 2.000000, avanceI = 2.000000
inc_x_r = 0.000000, inc_y_r = 1.000000, inc_x_i = 1.000000, inc_y_i = 1.000000
En el else......

----------------------------------------
x = 25.000000, y = 158.000000
avance = -43.000000, avanceR = 2.000000, avanceI = 2.000000
inc_x_r = 0.000000, inc_y_r = 1.000000, inc_x_i = 1.000000, inc_y_i = 1.000000
En el else......

----------------------------------------
x = 25.000000, y = 159.000000
avance = -41.000000, avanceR = 2.000000, avanceI = 2.000000
inc_x_r = 0.000000, inc_y_r = 1.000000, inc_x_i = 1.000000, inc_y_i = 1.000000
En el else......

----------------------------------------
x = 25.000000, y = 160.000000
avance = -39.000000, avanceR = 2.000000, avanceI = 2.000000
inc_x_r = 0.000000, inc_y_r = 1.000000, inc_x_i = 1.000000, inc_y_i = 1.000000
En el else......

----------------------------------------
x = 25.000000, y = 161.000000
avance = -37.000000, avanceR = 2.000000, avanceI = 2.000000
inc_x_r = 0.000000, inc_y_r = 1.000000, inc_x_i = 1.000000, inc_y_i = 1.000000
En el else......

----------------------------------------
x = 25.000000, y = 162.000000
avance = -35.000000, avanceR = 2.000000, avanceI = 2.000000
inc_x_r = 0.000000, inc_y_r = 1.000000, inc_x_i = 1.000000, inc_y_i = 1.000000
En el else......

----------------------------------------
x = 25.000000, y = 163.000000
avance = -33.000000, avanceR = 2.000000, avanceI = 2.000000
inc_x_r = 0.000000, inc_y_r = 1.000000, inc_x_i = 1.000000, inc_y_i = 1.000000
En el else......

----------------------------------------
x = 25.000000, y = 164.000000
avance = -31.000000, avanceR = 2.000000, avanceI = 2.000000
inc_x_r = 0.000000, inc_y_r = 1.000000, inc_x_i = 1.000000, inc_y_i = 1.000000
En el else......

----------------------------------------
x = 25.000000, y = 165.000000
avance = -29.000000, avanceR = 2.000000, avanceI = 2.000000
inc_x_r = 0.000000, inc_y_r = 1.000000, inc_x_i = 1.000000, inc_y_i = 1.000000
En el else......

----------------------------------------
x = 25.000000, y = 166.000000
avance = -27.000000, avanceR = 2.000000, avanceI = 2.000000
inc_x_r = 0.000000, inc_y_r = 1.000000, inc_x_i = 1.000000, inc_y_i = 1.000000
En el else......

----------------------------------------
x = 25.000000, y = 167.000000
avance = -25.000000, avanceR = 2.000000, avanceI = 2.000000
inc_x_r = 0.000000, inc_y_r = 1.000000, inc_x_i = 1.000000, inc_y_i = 1.000000
En el else......

----------------------------------------
x = 25.000000, y = 168.000000
avance = -23.000000, avanceR = 2.000000, avanceI = 2.000000
inc_x_r = 0.000000, inc_y_r = 1.000000, inc_x_i = 1.000000, inc_y_i = 1.000000
En el else......

----------------------------------------
x = 25.000000, y = 169.000000
avance = -21.000000, avanceR = 2.000000, avanceI = 2.000000
inc_x_r = 0.000000, inc_y_r = 1.000000, inc_x_i = 1.000000, inc_y_i = 1.000000
En el else......

----------------------------------------
x = 25.000000, y = 170.000000
avance = -19.000000, avanceR = 2.000000, avanceI = 2.000000
inc_x_r = 0.000000, inc_y_r = 1.000000, inc_x_i = 1.000000, inc_y_i = 1.000000
En el else......

----------------------------------------
x = 25.000000, y = 171.000000
avance = -17.000000, avanceR = 2.000000, avanceI = 2.000000
inc_x_r = 0.000000, inc_y_r = 1.000000, inc_x_i = 1.000000, inc_y_i = 1.000000
En el else......

----------------------------------------
x = 25.000000, y = 172.000000
avance = -15.000000, avanceR = 2.000000, avanceI = 2.000000
inc_x_r = 0.000000, inc_y_r = 1.000000, inc_x_i = 1.000000, inc_y_i = 1.000000
En el else......

----------------------------------------
x = 25.000000, y = 173.000000
avance = -13.000000, avanceR = 2.000000, avanceI = 2.000000
inc_x_r = 0.000000, inc_y_r = 1.000000, inc_x_i = 1.000000, inc_y_i = 1.000000
En el else......

----------------------------------------
x = 25.000000, y = 174.000000
avance = -11.000000, avanceR = 2.000000, avanceI = 2.000000
inc_x_r = 0.000000, inc_y_r = 1.000000, inc_x_i = 1.000000, inc_y_i = 1.000000
En el else......

----------------------------------------
x = 25.000000, y = 175.000000
avance = -9.000000, avanceR = 2.000000, avanceI = 2.000000
inc_x_r = 0.000000, inc_y_r = 1.000000, inc_x_i = 1.000000, inc_y_i = 1.000000
En el else......

----------------------------------------
x = 25.000000, y = 176.000000
avance = -7.000000, avanceR = 2.000000, avanceI = 2.000000
inc_x_r = 0.000000, inc_y_r = 1.000000, inc_x_i = 1.000000, inc_y_i = 1.000000
En el else......

----------------------------------------
x = 25.000000, y = 177.000000
avance = -5.000000, avanceR = 2.000000, avanceI = 2.000000
inc_x_r = 0.000000, inc_y_r = 1.000000, inc_x_i = 1.000000, inc_y_i = 1.000000
En el else......

----------------------------------------
x = 25.000000, y = 178.000000
avance = -3.000000, avanceR = 2.000000, avanceI = 2.000000
inc_x_r = 0.000000, inc_y_r = 1.000000, inc_x_i = 1.000000, inc_y_i = 1.000000
En el else......

----------------------------------------
x = 25.000000, y = 179.000000
avance = -1.000000, avanceR = 2.000000, avanceI = 2.000000
inc_x_r = 0.000000, inc_y_r = 1.000000, inc_x_i = 1.000000, inc_y_i = 1.000000
En el else......

----------------------------------------
x = 25.000000, y = 180.000000
avance = 1.000000, avanceR = 2.000000, avanceI = 2.000000
inc_x_r = 0.000000, inc_y_r = 1.000000, inc_x_i = 1.000000, inc_y_i = 1.000000
avance >= 0

----------------------------------------
x = 26.000000, y = 181.000000
avance = -499.000000, avanceR = 2.000000, avanceI = 2.000000
inc_x_r = 0.000000, inc_y_r = 1.000000, inc_x_i = 1.000000, inc_y_i = 1.000000
En el else......

----------------------------------------
x = 26.000000, y = 182.000000
avance = -497.000000, avanceR = 2.000000, avanceI = 2.000000
inc_x_r = 0.000000, inc_y_r = 1.000000, inc_x_i = 1.000000, inc_y_i = 1.000000
En el else......

----------------------------------------
x = 26.000000, y = 183.000000
avance = -495.000000, avanceR = 2.000000, avanceI = 2.000000
inc_x_r = 0.000000, inc_y_r = 1.000000, inc_x_i = 1.000000, inc_y_i = 1.000000
En el else......

----------------------------------------
x = 26.000000, y = 184.000000
avance = -493.000000, avanceR = 2.000000, avanceI = 2.000000
inc_x_r = 0.000000, inc_y_r = 1.000000, inc_x_i = 1.000000, inc_y_i = 1.000000
En el else......

----------------------------------------
x = 26.000000, y = 185.000000
avance = -491.000000, avanceR = 2.000000, avanceI = 2.000000
inc_x_r = 0.000000, inc_y_r = 1.000000, inc_x_i = 1.000000, inc_y_i = 1.000000
En el else......

----------------------------------------
x = 26.000000, y = 186.000000
avance = -489.000000, avanceR = 2.000000, avanceI = 2.000000
inc_x_r = 0.000000, inc_y_r = 1.000000, inc_x_i = 1.000000, inc_y_i = 1.000000
En el else......

----------------------------------------
x = 26.000000, y = 187.000000
avance = -487.000000, avanceR = 2.000000, avanceI = 2.000000
inc_x_r = 0.000000, inc_y_r = 1.000000, inc_x_i = 1.000000, inc_y_i = 1.000000
En el else......

----------------------------------------
x = 26.000000, y = 188.000000
avance = -485.000000, avanceR = 2.000000, avanceI = 2.000000
inc_x_r = 0.000000, inc_y_r = 1.000000, inc_x_i = 1.000000, inc_y_i = 1.000000
En el else......

----------------------------------------
x = 26.000000, y = 189.000000
avance = -483.000000, avanceR = 2.000000, avanceI = 2.000000
inc_x_r = 0.000000, inc_y_r = 1.000000, inc_x_i = 1.000000, inc_y_i = 1.000000
En el else......

----------------------------------------
x = 26.000000, y = 190.000000
avance = -481.000000, avanceR = 2.000000, avanceI = 2.000000
inc_x_r = 0.000000, inc_y_r = 1.000000, inc_x_i = 1.000000, inc_y_i = 1.000000
En el else......

----------------------------------------
x = 26.000000, y = 191.000000
avance = -479.000000, avanceR = 2.000000, avanceI = 2.000000
inc_x_r = 0.000000, inc_y_r = 1.000000, inc_x_i = 1.000000, inc_y_i = 1.000000
En el else......

----------------------------------------
x = 26.000000, y = 192.000000
avance = -477.000000, avanceR = 2.000000, avanceI = 2.000000
inc_x_r = 0.000000, inc_y_r = 1.000000, inc_x_i = 1.000000, inc_y_i = 1.000000
En el else......

----------------------------------------
x = 26.000000, y = 193.000000
avance = -475.000000, avanceR = 2.000000, avanceI = 2.000000
inc_x_r = 0.000000, inc_y_r = 1.000000, inc_x_i = 1.000000, inc_y_i = 1.000000
En el else......

----------------------------------------
x = 26.000000, y = 194.000000
avance = -473.000000, avanceR = 2.000000, avanceI = 2.000000
inc_x_r = 0.000000, inc_y_r = 1.000000, inc_x_i = 1.000000, inc_y_i = 1.000000
En el else......

----------------------------------------
x = 26.000000, y = 195.000000
avance = -471.000000, avanceR = 2.000000, avanceI = 2.000000
inc_x_r = 0.000000, inc_y_r = 1.000000, inc_x_i = 1.000000, inc_y_i = 1.000000
En el else......

----------------------------------------
x = 26.000000, y = 196.000000
avance = -469.000000, avanceR = 2.000000, avanceI = 2.000000
inc_x_r = 0.000000, inc_y_r = 1.000000, inc_x_i = 1.000000, inc_y_i = 1.000000
En el else......

----------------------------------------
x = 26.000000, y = 197.000000
avance = -467.000000, avanceR = 2.000000, avanceI = 2.000000
inc_x_r = 0.000000, inc_y_r = 1.000000, inc_x_i = 1.000000, inc_y_i = 1.000000
En el else......

----------------------------------------
x = 26.000000, y = 198.000000
avance = -465.000000, avanceR = 2.000000, avanceI = 2.000000
inc_x_r = 0.000000, inc_y_r = 1.000000, inc_x_i = 1.000000, inc_y_i = 1.000000
En el else......

----------------------------------------
x = 26.000000, y = 199.000000
avance = -463.000000, avanceR = 2.000000, avanceI = 2.000000
inc_x_r = 0.000000, inc_y_r = 1.000000, inc_x_i = 1.000000, inc_y_i = 1.000000
En el else......

----------------------------------------
x = 26.000000, y = 200.000000
avance = -461.000000, avanceR = 2.000000, avanceI = 2.000000
inc_x_r = 0.000000, inc_y_r = 1.000000, inc_x_i = 1.000000, inc_y_i = 1.000000
En el else......

----------------------------------------
x = 26.000000, y = 201.000000
avance = -459.000000, avanceR = 2.000000, avanceI = 2.000000
inc_x_r = 0.000000, inc_y_r = 1.000000, inc_x_i = 1.000000, inc_y_i = 1.000000
En el else......

----------------------------------------
x = 26.000000, y = 202.000000
avance = -457.000000, avanceR = 2.000000, avanceI = 2.000000
inc_x_r = 0.000000, inc_y_r = 1.000000, inc_x_i = 1.000000, inc_y_i = 1.000000
En el else......

----------------------------------------
x = 26.000000, y = 203.000000
avance = -455.000000, avanceR = 2.000000, avanceI = 2.000000
inc_x_r = 0.000000, inc_y_r = 1.000000, inc_x_i = 1.000000, inc_y_i = 1.000000
En el else......

----------------------------------------
x = 26.000000, y = 204.000000
avance = -453.000000, avanceR = 2.000000, avanceI = 2.000000
inc_x_r = 0.000000, inc_y_r = 1.000000, inc_x_i = 1.000000, inc_y_i = 1.000000
En el else......

----------------------------------------
x = 26.000000, y = 205.000000
avance = -451.000000, avanceR = 2.000000, avanceI = 2.000000
inc_x_r = 0.000000, inc_y_r = 1.000000, inc_x_i = 1.000000, inc_y_i = 1.000000
En el else......

----------------------------------------
x = 26.000000, y = 206.000000
avance = -449.000000, avanceR = 2.000000, avanceI = 2.000000
inc_x_r = 0.000000, inc_y_r = 1.000000, inc_x_i = 1.000000, inc_y_i = 1.000000
En el else......

----------------------------------------
x = 26.000000, y = 207.000000
avance = -447.000000, avanceR = 2.000000, avanceI = 2.000000
inc_x_r = 0.000000, inc_y_r = 1.000000, inc_x_i = 1.000000, inc_y_i = 1.000000
En el else......

----------------------------------------
x = 26.000000, y = 208.000000
avance = -445.000000, avanceR = 2.000000, avanceI = 2.000000
inc_x_r = 0.000000, inc_y_r = 1.000000, inc_x_i = 1.000000, inc_y_i = 1.000000
En el else......

----------------------------------------
x = 26.000000, y = 209.000000
avance = -443.000000, avanceR = 2.000000, avanceI = 2.000000
inc_x_r = 0.000000, inc_y_r = 1.000000, inc_x_i = 1.000000, inc_y_i = 1.000000
En el else......

----------------------------------------
x = 26.000000, y = 210.000000
avance = -441.000000, avanceR = 2.000000, avanceI = 2.000000
inc_x_r = 0.000000, inc_y_r = 1.000000, inc_x_i = 1.000000, inc_y_i = 1.000000
En el else......

----------------------------------------
x = 26.000000, y = 211.000000
avance = -439.000000, avanceR = 2.000000, avanceI = 2.000000
inc_x_r = 0.000000, inc_y_r = 1.000000, inc_x_i = 1.000000, inc_y_i = 1.000000
En el else......

----------------------------------------
x = 26.000000, y = 212.000000
avance = -437.000000, avanceR = 2.000000, avanceI = 2.000000
inc_x_r = 0.000000, inc_y_r = 1.000000, inc_x_i = 1.000000, inc_y_i = 1.000000
En el else......

----------------------------------------
x = 26.000000, y = 213.000000
avance = -435.000000, avanceR = 2.000000, avanceI = 2.000000
inc_x_r = 0.000000, inc_y_r = 1.000000, inc_x_i = 1.000000, inc_y_i = 1.000000
En el else......

----------------------------------------
x = 26.000000, y = 214.000000
avance = -433.000000, avanceR = 2.000000, avanceI = 2.000000
inc_x_r = 0.000000, inc_y_r = 1.000000, inc_x_i = 1.000000, inc_y_i = 1.000000
En el else......

----------------------------------------
x = 26.000000, y = 215.000000
avance = -431.000000, avanceR = 2.000000, avanceI = 2.000000
inc_x_r = 0.000000, inc_y_r = 1.000000, inc_x_i = 1.000000, inc_y_i = 1.000000
En el else......

----------------------------------------
x = 26.000000, y = 216.000000
avance = -429.000000, avanceR = 2.000000, avanceI = 2.000000
inc_x_r = 0.000000, inc_y_r = 1.000000, inc_x_i = 1.000000, inc_y_i = 1.000000
En el else......

----------------------------------------
x = 26.000000, y = 217.000000
avance = -427.000000, avanceR = 2.000000, avanceI = 2.000000
inc_x_r = 0.000000, inc_y_r = 1.000000, inc_x_i = 1.000000, inc_y_i = 1.000000
En el else......

----------------------------------------
x = 26.000000, y = 218.000000
avance = -425.000000, avanceR = 2.000000, avanceI = 2.000000
inc_x_r = 0.000000, inc_y_r = 1.000000, inc_x_i = 1.000000, inc_y_i = 1.000000
En el else......

----------------------------------------
x = 26.000000, y = 219.000000
avance = -423.000000, avanceR = 2.000000, avanceI = 2.000000
inc_x_r = 0.000000, inc_y_r = 1.000000, inc_x_i = 1.000000, inc_y_i = 1.000000
En el else......

----------------------------------------
x = 26.000000, y = 220.000000
avance = -421.000000, avanceR = 2.000000, avanceI = 2.000000
inc_x_r = 0.000000, inc_y_r = 1.000000, inc_x_i = 1.000000, inc_y_i = 1.000000
En el else......

----------------------------------------
x = 26.000000, y = 221.000000
avance = -419.000000, avanceR = 2.000000, avanceI = 2.000000
inc_x_r = 0.000000, inc_y_r = 1.000000, inc_x_i = 1.000000, inc_y_i = 1.000000
En el else......

----------------------------------------
x = 26.000000, y = 222.000000
avance = -417.000000, avanceR = 2.000000, avanceI = 2.000000
inc_x_r = 0.000000, inc_y_r = 1.000000, inc_x_i = 1.000000, inc_y_i = 1.000000
En el else......

----------------------------------------
x = 26.000000, y = 223.000000
avance = -415.000000, avanceR = 2.000000, avanceI = 2.000000
inc_x_r = 0.000000, inc_y_r = 1.000000, inc_x_i = 1.000000, inc_y_i = 1.000000
En el else......

----------------------------------------
x = 26.000000, y = 224.000000
avance = -413.000000, avanceR = 2.000000, avanceI = 2.000000
inc_x_r = 0.000000, inc_y_r = 1.000000, inc_x_i = 1.000000, inc_y_i = 1.000000
En el else......

----------------------------------------
x = 26.000000, y = 225.000000
avance = -411.000000, avanceR = 2.000000, avanceI = 2.000000
inc_x_r = 0.000000, inc_y_r = 1.000000, inc_x_i = 1.000000, inc_y_i = 1.000000
En el else......

----------------------------------------
x = 26.000000, y = 226.000000
avance = -409.000000, avanceR = 2.000000, avanceI = 2.000000
inc_x_r = 0.000000, inc_y_r = 1.000000, inc_x_i = 1.000000, inc_y_i = 1.000000
En el else......

----------------------------------------
x = 26.000000, y = 227.000000
avance = -407.000000, avanceR = 2.000000, avanceI = 2.000000
inc_x_r = 0.000000, inc_y_r = 1.000000, inc_x_i = 1.000000, inc_y_i = 1.000000
En el else......

----------------------------------------
x = 26.000000, y = 228.000000
avance = -405.000000, avanceR = 2.000000, avanceI = 2.000000
inc_x_r = 0.000000, inc_y_r = 1.000000, inc_x_i = 1.000000, inc_y_i = 1.000000
En el else......

----------------------------------------
x = 26.000000, y = 229.000000
avance = -403.000000, avanceR = 2.000000, avanceI = 2.000000
inc_x_r = 0.000000, inc_y_r = 1.000000, inc_x_i = 1.000000, inc_y_i = 1.000000
En el else......

----------------------------------------
x = 26.000000, y = 230.000000
avance = -401.000000, avanceR = 2.000000, avanceI = 2.000000
inc_x_r = 0.000000, inc_y_r = 1.000000, inc_x_i = 1.000000, inc_y_i = 1.000000
En el else......

----------------------------------------
x = 26.000000, y = 231.000000
avance = -399.000000, avanceR = 2.000000, avanceI = 2.000000
inc_x_r = 0.000000, inc_y_r = 1.000000, inc_x_i = 1.000000, inc_y_i = 1.000000
En el else......

----------------------------------------
x = 26.000000, y = 232.000000
avance = -397.000000, avanceR = 2.000000, avanceI = 2.000000
inc_x_r = 0.000000, inc_y_r = 1.000000, inc_x_i = 1.000000, inc_y_i = 1.000000
En el else......

----------------------------------------
x = 26.000000, y = 233.000000
avance = -395.000000, avanceR = 2.000000, avanceI = 2.000000
inc_x_r = 0.000000, inc_y_r = 1.000000, inc_x_i = 1.000000, inc_y_i = 1.000000
En el else......

----------------------------------------
x = 26.000000, y = 234.000000
avance = -393.000000, avanceR = 2.000000, avanceI = 2.000000
inc_x_r = 0.000000, inc_y_r = 1.000000, inc_x_i = 1.000000, inc_y_i = 1.000000
En el else......

----------------------------------------
x = 26.000000, y = 235.000000
avance = -391.000000, avanceR = 2.000000, avanceI = 2.000000
inc_x_r = 0.000000, inc_y_r = 1.000000, inc_x_i = 1.000000, inc_y_i = 1.000000
En el else......

----------------------------------------
x = 26.000000, y = 236.000000
avance = -389.000000, avanceR = 2.000000, avanceI = 2.000000
inc_x_r = 0.000000, inc_y_r = 1.000000, inc_x_i = 1.000000, inc_y_i = 1.000000
En el else......

----------------------------------------
x = 26.000000, y = 237.000000
avance = -387.000000, avanceR = 2.000000, avanceI = 2.000000
inc_x_r = 0.000000, inc_y_r = 1.000000, inc_x_i = 1.000000, inc_y_i = 1.000000
En el else......

----------------------------------------
x = 26.000000, y = 238.000000
avance = -385.000000, avanceR = 2.000000, avanceI = 2.000000
inc_x_r = 0.000000, inc_y_r = 1.000000, inc_x_i = 1.000000, inc_y_i = 1.000000
En el else......

----------------------------------------
x = 26.000000, y = 239.000000
avance = -383.000000, avanceR = 2.000000, avanceI = 2.000000
inc_x_r = 0.000000, inc_y_r = 1.000000, inc_x_i = 1.000000, inc_y_i = 1.000000
En el else......

----------------------------------------
x = 26.000000, y = 240.000000
avance = -381.000000, avanceR = 2.000000, avanceI = 2.000000
inc_x_r = 0.000000, inc_y_r = 1.000000, inc_x_i = 1.000000, inc_y_i = 1.000000
En el else......

----------------------------------------
x = 26.000000, y = 241.000000
avance = -379.000000, avanceR = 2.000000, avanceI = 2.000000
inc_x_r = 0.000000, inc_y_r = 1.000000, inc_x_i = 1.000000, inc_y_i = 1.000000
En el else......

----------------------------------------
x = 26.000000, y = 242.000000
avance = -377.000000, avanceR = 2.000000, avanceI = 2.000000
inc_x_r = 0.000000, inc_y_r = 1.000000, inc_x_i = 1.000000, inc_y_i = 1.000000
En el else......

----------------------------------------
x = 26.000000, y = 243.000000
avance = -375.000000, avanceR = 2.000000, avanceI = 2.000000
inc_x_r = 0.000000, inc_y_r = 1.000000, inc_x_i = 1.000000, inc_y_i = 1.000000
En el else......

----------------------------------------
x = 26.000000, y = 244.000000
avance = -373.000000, avanceR = 2.000000, avanceI = 2.000000
inc_x_r = 0.000000, inc_y_r = 1.000000, inc_x_i = 1.000000, inc_y_i = 1.000000
En el else......

----------------------------------------
x = 26.000000, y = 245.000000
avance = -371.000000, avanceR = 2.000000, avanceI = 2.000000
inc_x_r = 0.000000, inc_y_r = 1.000000, inc_x_i = 1.000000, inc_y_i = 1.000000
En el else......

----------------------------------------
x = 26.000000, y = 246.000000
avance = -369.000000, avanceR = 2.000000, avanceI = 2.000000
inc_x_r = 0.000000, inc_y_r = 1.000000, inc_x_i = 1.000000, inc_y_i = 1.000000
En el else......

----------------------------------------
x = 26.000000, y = 247.000000
avance = -367.000000, avanceR = 2.000000, avanceI = 2.000000
inc_x_r = 0.000000, inc_y_r = 1.000000, inc_x_i = 1.000000, inc_y_i = 1.000000
En el else......

----------------------------------------
x = 26.000000, y = 248.000000
avance = -365.000000, avanceR = 2.000000, avanceI = 2.000000
inc_x_r = 0.000000, inc_y_r = 1.000000, inc_x_i = 1.000000, inc_y_i = 1.000000
En el else......

----------------------------------------
x = 26.000000, y = 249.000000
avance = -363.000000, avanceR = 2.000000, avanceI = 2.000000
inc_x_r = 0.000000, inc_y_r = 1.000000, inc_x_i = 1.000000, inc_y_i = 1.000000
En el else......

----------------------------------------
x = 26.000000, y = 250.000000
avance = -361.000000, avanceR = 2.000000, avanceI = 2.000000
inc_x_r = 0.000000, inc_y_r = 1.000000, inc_x_i = 1.000000, inc_y_i = 1.000000
En el else......

----------------------------------------
x = 26.000000, y = 251.000000
avance = -359.000000, avanceR = 2.000000, avanceI = 2.000000
inc_x_r = 0.000000, inc_y_r = 1.000000, inc_x_i = 1.000000, inc_y_i = 1.000000
En el else......

----------------------------------------
x = 26.000000, y = 252.000000
avance = -357.000000, avanceR = 2.000000, avanceI = 2.000000
inc_x_r = 0.000000, inc_y_r = 1.000000, inc_x_i = 1.000000, inc_y_i = 1.000000
En el else......

----------------------------------------
x = 26.000000, y = 253.000000
avance = -355.000000, avanceR = 2.000000, avanceI = 2.000000
inc_x_r = 0.000000, inc_y_r = 1.000000, inc_x_i = 1.000000, inc_y_i = 1.000000
En el else......

----------------------------------------
x = 26.000000, y = 254.000000
avance = -353.000000, avanceR = 2.000000, avanceI = 2.000000
inc_x_r = 0.000000, inc_y_r = 1.000000, inc_x_i = 1.000000, inc_y_i = 1.000000
En el else......

----------------------------------------
x = 26.000000, y = 255.000000
avance = -351.000000, avanceR = 2.000000, avanceI = 2.000000
inc_x_r = 0.000000, inc_y_r = 1.000000, inc_x_i = 1.000000, inc_y_i = 1.000000
En el else......

----------------------------------------
x = 26.000000, y = 256.000000
avance = -349.000000, avanceR = 2.000000, avanceI = 2.000000
inc_x_r = 0.000000, inc_y_r = 1.000000, inc_x_i = 1.000000, inc_y_i = 1.000000
En el else......

----------------------------------------
x = 26.000000, y = 257.000000
avance = -347.000000, avanceR = 2.000000, avanceI = 2.000000
inc_x_r = 0.000000, inc_y_r = 1.000000, inc_x_i = 1.000000, inc_y_i = 1.000000
En el else......

----------------------------------------
x = 26.000000, y = 258.000000
avance = -345.000000, avanceR = 2.000000, avanceI = 2.000000
inc_x_r = 0.000000, inc_y_r = 1.000000, inc_x_i = 1.000000, inc_y_i = 1.000000
En el else......

----------------------------------------
x = 26.000000, y = 259.000000
avance = -343.000000, avanceR = 2.000000, avanceI = 2.000000
inc_x_r = 0.000000, inc_y_r = 1.000000, inc_x_i = 1.000000, inc_y_i = 1.000000
En el else......

----------------------------------------
x = 26.000000, y = 260.000000
avance = -341.000000, avanceR = 2.000000, avanceI = 2.000000
inc_x_r = 0.000000, inc_y_r = 1.000000, inc_x_i = 1.000000, inc_y_i = 1.000000
En el else......

----------------------------------------
x = 26.000000, y = 261.000000
avance = -339.000000, avanceR = 2.000000, avanceI = 2.000000
inc_x_r = 0.000000, inc_y_r = 1.000000, inc_x_i = 1.000000, inc_y_i = 1.000000
En el else......

----------------------------------------
x = 26.000000, y = 262.000000
avance = -337.000000, avanceR = 2.000000, avanceI = 2.000000
inc_x_r = 0.000000, inc_y_r = 1.000000, inc_x_i = 1.000000, inc_y_i = 1.000000
En el else......

----------------------------------------
x = 26.000000, y = 263.000000
avance = -335.000000, avanceR = 2.000000, avanceI = 2.000000
inc_x_r = 0.000000, inc_y_r = 1.000000, inc_x_i = 1.000000, inc_y_i = 1.000000
En el else......

----------------------------------------
x = 26.000000, y = 264.000000
avance = -333.000000, avanceR = 2.000000, avanceI = 2.000000
inc_x_r = 0.000000, inc_y_r = 1.000000, inc_x_i = 1.000000, inc_y_i = 1.000000
En el else......

----------------------------------------
x = 26.000000, y = 265.000000
avance = -331.000000, avanceR = 2.000000, avanceI = 2.000000
inc_x_r = 0.000000, inc_y_r = 1.000000, inc_x_i = 1.000000, inc_y_i = 1.000000
En el else......

----------------------------------------
x = 26.000000, y = 266.000000
avance = -329.000000, avanceR = 2.000000, avanceI = 2.000000
inc_x_r = 0.000000, inc_y_r = 1.000000, inc_x_i = 1.000000, inc_y_i = 1.000000
En el else......

----------------------------------------
x = 26.000000, y = 267.000000
avance = -327.000000, avanceR = 2.000000, avanceI = 2.000000
inc_x_r = 0.000000, inc_y_r = 1.000000, inc_x_i = 1.000000, inc_y_i = 1.000000
En el else......

----------------------------------------
x = 26.000000, y = 268.000000
avance = -325.000000, avanceR = 2.000000, avanceI = 2.000000
inc_x_r = 0.000000, inc_y_r = 1.000000, inc_x_i = 1.000000, inc_y_i = 1.000000
En el else......

----------------------------------------
x = 26.000000, y = 269.000000
avance = -323.000000, avanceR = 2.000000, avanceI = 2.000000
inc_x_r = 0.000000, inc_y_r = 1.000000, inc_x_i = 1.000000, inc_y_i = 1.000000
En el else......

----------------------------------------
x = 26.000000, y = 270.000000
avance = -321.000000, avanceR = 2.000000, avanceI = 2.000000
inc_x_r = 0.000000, inc_y_r = 1.000000, inc_x_i = 1.000000, inc_y_i = 1.000000
En el else......

----------------------------------------
x = 26.000000, y = 271.000000
avance = -319.000000, avanceR = 2.000000, avanceI = 2.000000
inc_x_r = 0.000000, inc_y_r = 1.000000, inc_x_i = 1.000000, inc_y_i = 1.000000
En el else......

----------------------------------------
x = 26.000000, y = 272.000000
avance = -317.000000, avanceR = 2.000000, avanceI = 2.000000
inc_x_r = 0.000000, inc_y_r = 1.000000, inc_x_i = 1.000000, inc_y_i = 1.000000
En el else......

----------------------------------------
x = 26.000000, y = 273.000000
avance = -315.000000, avanceR = 2.000000, avanceI = 2.000000
inc_x_r = 0.000000, inc_y_r = 1.000000, inc_x_i = 1.000000, inc_y_i = 1.000000
En el else......

----------------------------------------
x = 26.000000, y = 274.000000
avance = -313.000000, avanceR = 2.000000, avanceI = 2.000000
inc_x_r = 0.000000, inc_y_r = 1.000000, inc_x_i = 1.000000, inc_y_i = 1.000000
En el else......

----------------------------------------
x = 26.000000, y = 275.000000
avance = -311.000000, avanceR = 2.000000, avanceI = 2.000000
inc_x_r = 0.000000, inc_y_r = 1.000000, inc_x_i = 1.000000, inc_y_i = 1.000000
En el else......

----------------------------------------
x = 26.000000, y = 276.000000
avance = -309.000000, avanceR = 2.000000, avanceI = 2.000000
inc_x_r = 0.000000, inc_y_r = 1.000000, inc_x_i = 1.000000, inc_y_i = 1.000000
En el else......

----------------------------------------
x = 26.000000, y = 277.000000
avance = -307.000000, avanceR = 2.000000, avanceI = 2.000000
inc_x_r = 0.000000, inc_y_r = 1.000000, inc_x_i = 1.000000, inc_y_i = 1.000000
En el else......

----------------------------------------
x = 26.000000, y = 278.000000
avance = -305.000000, avanceR = 2.000000, avanceI = 2.000000
inc_x_r = 0.000000, inc_y_r = 1.000000, inc_x_i = 1.000000, inc_y_i = 1.000000
En el else......

----------------------------------------
x = 26.000000, y = 279.000000
avance = -303.000000, avanceR = 2.000000, avanceI = 2.000000
inc_x_r = 0.000000, inc_y_r = 1.000000, inc_x_i = 1.000000, inc_y_i = 1.000000
En el else......

----------------------------------------
x = 26.000000, y = 280.000000
avance = -301.000000, avanceR = 2.000000, avanceI = 2.000000
inc_x_r = 0.000000, inc_y_r = 1.000000, inc_x_i = 1.000000, inc_y_i = 1.000000
En el else......

----------------------------------------
x = 26.000000, y = 281.000000
avance = -299.000000, avanceR = 2.000000, avanceI = 2.000000
inc_x_r = 0.000000, inc_y_r = 1.000000, inc_x_i = 1.000000, inc_y_i = 1.000000
En el else......

----------------------------------------
x = 26.000000, y = 282.000000
avance = -297.000000, avanceR = 2.000000, avanceI = 2.000000
inc_x_r = 0.000000, inc_y_r = 1.000000, inc_x_i = 1.000000, inc_y_i = 1.000000
En el else......

----------------------------------------
x = 26.000000, y = 283.000000
avance = -295.000000, avanceR = 2.000000, avanceI = 2.000000
inc_x_r = 0.000000, inc_y_r = 1.000000, inc_x_i = 1.000000, inc_y_i = 1.000000
En el else......

----------------------------------------
x = 26.000000, y = 284.000000
avance = -293.000000, avanceR = 2.000000, avanceI = 2.000000
inc_x_r = 0.000000, inc_y_r = 1.000000, inc_x_i = 1.000000, inc_y_i = 1.000000
En el else......

----------------------------------------
x = 26.000000, y = 285.000000
avance = -291.000000, avanceR = 2.000000, avanceI = 2.000000
inc_x_r = 0.000000, inc_y_r = 1.000000, inc_x_i = 1.000000, inc_y_i = 1.000000
En el else......

----------------------------------------
x = 26.000000, y = 286.000000
avance = -289.000000, avanceR = 2.000000, avanceI = 2.000000
inc_x_r = 0.000000, inc_y_r = 1.000000, inc_x_i = 1.000000, inc_y_i = 1.000000
En el else......

----------------------------------------
x = 26.000000, y = 287.000000
avance = -287.000000, avanceR = 2.000000, avanceI = 2.000000
inc_x_r = 0.000000, inc_y_r = 1.000000, inc_x_i = 1.000000, inc_y_i = 1.000000
En el else......

----------------------------------------
x = 26.000000, y = 288.000000
avance = -285.000000, avanceR = 2.000000, avanceI = 2.000000
inc_x_r = 0.000000, inc_y_r = 1.000000, inc_x_i = 1.000000, inc_y_i = 1.000000
En el else......

----------------------------------------
x = 26.000000, y = 289.000000
avance = -283.000000, avanceR = 2.000000, avanceI = 2.000000
inc_x_r = 0.000000, inc_y_r = 1.000000, inc_x_i = 1.000000, inc_y_i = 1.000000
En el else......

----------------------------------------
x = 26.000000, y = 290.000000
avance = -281.000000, avanceR = 2.000000, avanceI = 2.000000
inc_x_r = 0.000000, inc_y_r = 1.000000, inc_x_i = 1.000000, inc_y_i = 1.000000
En el else......

----------------------------------------
x = 26.000000, y = 291.000000
avance = -279.000000, avanceR = 2.000000, avanceI = 2.000000
inc_x_r = 0.000000, inc_y_r = 1.000000, inc_x_i = 1.000000, inc_y_i = 1.000000
En el else......

----------------------------------------
x = 26.000000, y = 292.000000
avance = -277.000000, avanceR = 2.000000, avanceI = 2.000000
inc_x_r = 0.000000, inc_y_r = 1.000000, inc_x_i = 1.000000, inc_y_i = 1.000000
En el else......

----------------------------------------
x = 26.000000, y = 293.000000
avance = -275.000000, avanceR = 2.000000, avanceI = 2.000000
inc_x_r = 0.000000, inc_y_r = 1.000000, inc_x_i = 1.000000, inc_y_i = 1.000000
En el else......

----------------------------------------
x = 26.000000, y = 294.000000
avance = -273.000000, avanceR = 2.000000, avanceI = 2.000000
inc_x_r = 0.000000, inc_y_r = 1.000000, inc_x_i = 1.000000, inc_y_i = 1.000000
En el else......

----------------------------------------
x = 26.000000, y = 295.000000
avance = -271.000000, avanceR = 2.000000, avanceI = 2.000000
inc_x_r = 0.000000, inc_y_r = 1.000000, inc_x_i = 1.000000, inc_y_i = 1.000000
En el else......

----------------------------------------
x = 26.000000, y = 296.000000
avance = -269.000000, avanceR = 2.000000, avanceI = 2.000000
inc_x_r = 0.000000, inc_y_r = 1.000000, inc_x_i = 1.000000, inc_y_i = 1.000000
En el else......

----------------------------------------
x = 26.000000, y = 297.000000
avance = -267.000000, avanceR = 2.000000, avanceI = 2.000000
inc_x_r = 0.000000, inc_y_r = 1.000000, inc_x_i = 1.000000, inc_y_i = 1.000000
En el else......

----------------------------------------
x = 26.000000, y = 298.000000
avance = -265.000000, avanceR = 2.000000, avanceI = 2.000000
inc_x_r = 0.000000, inc_y_r = 1.000000, inc_x_i = 1.000000, inc_y_i = 1.000000
En el else......

----------------------------------------
x = 26.000000, y = 299.000000
avance = -263.000000, avanceR = 2.000000, avanceI = 2.000000
inc_x_r = 0.000000, inc_y_r = 1.000000, inc_x_i = 1.000000, inc_y_i = 1.000000
En el else......

----------------------------------------
x = 26.000000, y = 300.000000
avance = -261.000000, avanceR = 2.000000, avanceI = 2.000000
inc_x_r = 0.000000, inc_y_r = 1.000000, inc_x_i = 1.000000, inc_y_i = 1.000000
En el else......

----------------------------------------
x = 26.000000, y = 301.000000
avance = -259.000000, avanceR = 2.000000, avanceI = 2.000000
inc_x_r = 0.000000, inc_y_r = 1.000000, inc_x_i = 1.000000, inc_y_i = 1.000000
En el else......

----------------------------------------
x = 26.000000, y = 302.000000
avance = -257.000000, avanceR = 2.000000, avanceI = 2.000000
inc_x_r = 0.000000, inc_y_r = 1.000000, inc_x_i = 1.000000, inc_y_i = 1.000000
En el else......

----------------------------------------
x = 26.000000, y = 303.000000
avance = -255.000000, avanceR = 2.000000, avanceI = 2.000000
inc_x_r = 0.000000, inc_y_r = 1.000000, inc_x_i = 1.000000, inc_y_i = 1.000000
En el else......

----------------------------------------
x = 26.000000, y = 304.000000
avance = -253.000000, avanceR = 2.000000, avanceI = 2.000000
inc_x_r = 0.000000, inc_y_r = 1.000000, inc_x_i = 1.000000, inc_y_i = 1.000000
En el else......

----------------------------------------
x = 26.000000, y = 305.000000
avance = -251.000000, avanceR = 2.000000, avanceI = 2.000000
inc_x_r = 0.000000, inc_y_r = 1.000000, inc_x_i = 1.000000, inc_y_i = 1.000000
En el else......

----------------------------------------


ENTRAMOS A BRESENHAMªªªª
x1 = 25.000000 - y1 = 55.000000 || x2 = 26.000000 - y2 = 306.000000
dy = 251.000000, dx = 1.000000
avances inclinados: inc_x_i = 1.000000, inc_y_i = 1.000000
updated: dy = 251.000000, dx = 1.000000
avances rectos: inc_x_r = 0.000000, inc_y_r 1.000000
reupdated: dy = 1.000000, dx = 251.000000
avanceR = 2.000000, avance -249.000000, avanceI 2.000000
----------------------------------------
x = 25.000000, y = 55.000000
avance = -249.000000, avanceR = 2.000000, avanceI = 2.000000
inc_x_r = 0.000000, inc_y_r = 1.000000, inc_x_i = 1.000000, inc_y_i = 1.000000
En el else......

----------------------------------------
x = 25.000000, y = 56.000000
avance = -247.000000, avanceR = 2.000000, avanceI = 2.000000
inc_x_r = 0.000000, inc_y_r = 1.000000, inc_x_i = 1.000000, inc_y_i = 1.000000
En el else......

----------------------------------------
x = 25.000000, y = 57.000000
avance = -245.000000, avanceR = 2.000000, avanceI = 2.000000
inc_x_r = 0.000000, inc_y_r = 1.000000, inc_x_i = 1.000000, inc_y_i = 1.000000
En el else......

----------------------------------------
x = 25.000000, y = 58.000000
avance = -243.000000, avanceR = 2.000000, avanceI = 2.000000
inc_x_r = 0.000000, inc_y_r = 1.000000, inc_x_i = 1.000000, inc_y_i = 1.000000
En el else......

----------------------------------------
x = 25.000000, y = 59.000000
avance = -241.000000, avanceR = 2.000000, avanceI = 2.000000
inc_x_r = 0.000000, inc_y_r = 1.000000, inc_x_i = 1.000000, inc_y_i = 1.000000
En el else......

----------------------------------------
x = 25.000000, y = 60.000000
avance = -239.000000, avanceR = 2.000000, avanceI = 2.000000
inc_x_r = 0.000000, inc_y_r = 1.000000, inc_x_i = 1.000000, inc_y_i = 1.000000
En el else......

----------------------------------------
x = 25.000000, y = 61.000000
avance = -237.000000, avanceR = 2.000000, avanceI = 2.000000
inc_x_r = 0.000000, inc_y_r = 1.000000, inc_x_i = 1.000000, inc_y_i = 1.000000
En el else......

----------------------------------------
x = 25.000000, y = 62.000000
avance = -235.000000, avanceR = 2.000000, avanceI = 2.000000
inc_x_r = 0.000000, inc_y_r = 1.000000, inc_x_i = 1.000000, inc_y_i = 1.000000
En el else......

----------------------------------------
x = 25.000000, y = 63.000000
avance = -233.000000, avanceR = 2.000000, avanceI = 2.000000
inc_x_r = 0.000000, inc_y_r = 1.000000, inc_x_i = 1.000000, inc_y_i = 1.000000
En el else......

----------------------------------------
x = 25.000000, y = 64.000000
avance = -231.000000, avanceR = 2.000000, avanceI = 2.000000
inc_x_r = 0.000000, inc_y_r = 1.000000, inc_x_i = 1.000000, inc_y_i = 1.000000
En el else......

----------------------------------------
x = 25.000000, y = 65.000000
avance = -229.000000, avanceR = 2.000000, avanceI = 2.000000
inc_x_r = 0.000000, inc_y_r = 1.000000, inc_x_i = 1.000000, inc_y_i = 1.000000
En el else......

----------------------------------------
x = 25.000000, y = 66.000000
avance = -227.000000, avanceR = 2.000000, avanceI = 2.000000
inc_x_r = 0.000000, inc_y_r = 1.000000, inc_x_i = 1.000000, inc_y_i = 1.000000
En el else......

----------------------------------------
x = 25.000000, y = 67.000000
avance = -225.000000, avanceR = 2.000000, avanceI = 2.000000
inc_x_r = 0.000000, inc_y_r = 1.000000, inc_x_i = 1.000000, inc_y_i = 1.000000
En el else......

----------------------------------------
x = 25.000000, y = 68.000000
avance = -223.000000, avanceR = 2.000000, avanceI = 2.000000
inc_x_r = 0.000000, inc_y_r = 1.000000, inc_x_i = 1.000000, inc_y_i = 1.000000
En el else......

----------------------------------------
x = 25.000000, y = 69.000000
avance = -221.000000, avanceR = 2.000000, avanceI = 2.000000
inc_x_r = 0.000000, inc_y_r = 1.000000, inc_x_i = 1.000000, inc_y_i = 1.000000
En el else......

----------------------------------------
x = 25.000000, y = 70.000000
avance = -219.000000, avanceR = 2.000000, avanceI = 2.000000
inc_x_r = 0.000000, inc_y_r = 1.000000, inc_x_i = 1.000000, inc_y_i = 1.000000
En el else......

----------------------------------------
x = 25.000000, y = 71.000000
avance = -217.000000, avanceR = 2.000000, avanceI = 2.000000
inc_x_r = 0.000000, inc_y_r = 1.000000, inc_x_i = 1.000000, inc_y_i = 1.000000
En el else......

----------------------------------------
x = 25.000000, y = 72.000000
avance = -215.000000, avanceR = 2.000000, avanceI = 2.000000
inc_x_r = 0.000000, inc_y_r = 1.000000, inc_x_i = 1.000000, inc_y_i = 1.000000
En el else......

----------------------------------------
x = 25.000000, y = 73.000000
avance = -213.000000, avanceR = 2.000000, avanceI = 2.000000
inc_x_r = 0.000000, inc_y_r = 1.000000, inc_x_i = 1.000000, inc_y_i = 1.000000
En el else......

----------------------------------------
x = 25.000000, y = 74.000000
avance = -211.000000, avanceR = 2.000000, avanceI = 2.000000
inc_x_r = 0.000000, inc_y_r = 1.000000, inc_x_i = 1.000000, inc_y_i = 1.000000
En el else......

----------------------------------------
x = 25.000000, y = 75.000000
avance = -209.000000, avanceR = 2.000000, avanceI = 2.000000
inc_x_r = 0.000000, inc_y_r = 1.000000, inc_x_i = 1.000000, inc_y_i = 1.000000
En el else......

----------------------------------------
x = 25.000000, y = 76.000000
avance = -207.000000, avanceR = 2.000000, avanceI = 2.000000
inc_x_r = 0.000000, inc_y_r = 1.000000, inc_x_i = 1.000000, inc_y_i = 1.000000
En el else......

----------------------------------------
x = 25.000000, y = 77.000000
avance = -205.000000, avanceR = 2.000000, avanceI = 2.000000
inc_x_r = 0.000000, inc_y_r = 1.000000, inc_x_i = 1.000000, inc_y_i = 1.000000
En el else......

----------------------------------------
x = 25.000000, y = 78.000000
avance = -203.000000, avanceR = 2.000000, avanceI = 2.000000
inc_x_r = 0.000000, inc_y_r = 1.000000, inc_x_i = 1.000000, inc_y_i = 1.000000
En el else......

----------------------------------------
x = 25.000000, y = 79.000000
avance = -201.000000, avanceR = 2.000000, avanceI = 2.000000
inc_x_r = 0.000000, inc_y_r = 1.000000, inc_x_i = 1.000000, inc_y_i = 1.000000
En el else......

----------------------------------------
x = 25.000000, y = 80.000000
avance = -199.000000, avanceR = 2.000000, avanceI = 2.000000
inc_x_r = 0.000000, inc_y_r = 1.000000, inc_x_i = 1.000000, inc_y_i = 1.000000
En el else......

----------------------------------------
x = 25.000000, y = 81.000000
avance = -197.000000, avanceR = 2.000000, avanceI = 2.000000
inc_x_r = 0.000000, inc_y_r = 1.000000, inc_x_i = 1.000000, inc_y_i = 1.000000
En el else......

----------------------------------------
x = 25.000000, y = 82.000000
avance = -195.000000, avanceR = 2.000000, avanceI = 2.000000
inc_x_r = 0.000000, inc_y_r = 1.000000, inc_x_i = 1.000000, inc_y_i = 1.000000
En el else......

----------------------------------------
x = 25.000000, y = 83.000000
avance = -193.000000, avanceR = 2.000000, avanceI = 2.000000
inc_x_r = 0.000000, inc_y_r = 1.000000, inc_x_i = 1.000000, inc_y_i = 1.000000
En el else......

----------------------------------------
x = 25.000000, y = 84.000000
avance = -191.000000, avanceR = 2.000000, avanceI = 2.000000
inc_x_r = 0.000000, inc_y_r = 1.000000, inc_x_i = 1.000000, inc_y_i = 1.000000
En el else......

----------------------------------------
x = 25.000000, y = 85.000000
avance = -189.000000, avanceR = 2.000000, avanceI = 2.000000
inc_x_r = 0.000000, inc_y_r = 1.000000, inc_x_i = 1.000000, inc_y_i = 1.000000
En el else......

----------------------------------------
x = 25.000000, y = 86.000000
avance = -187.000000, avanceR = 2.000000, avanceI = 2.000000
inc_x_r = 0.000000, inc_y_r = 1.000000, inc_x_i = 1.000000, inc_y_i = 1.000000
En el else......

----------------------------------------
x = 25.000000, y = 87.000000
avance = -185.000000, avanceR = 2.000000, avanceI = 2.000000
inc_x_r = 0.000000, inc_y_r = 1.000000, inc_x_i = 1.000000, inc_y_i = 1.000000
En el else......

----------------------------------------
x = 25.000000, y = 88.000000
avance = -183.000000, avanceR = 2.000000, avanceI = 2.000000
inc_x_r = 0.000000, inc_y_r = 1.000000, inc_x_i = 1.000000, inc_y_i = 1.000000
En el else......

----------------------------------------
x = 25.000000, y = 89.000000
avance = -181.000000, avanceR = 2.000000, avanceI = 2.000000
inc_x_r = 0.000000, inc_y_r = 1.000000, inc_x_i = 1.000000, inc_y_i = 1.000000
En el else......

----------------------------------------
x = 25.000000, y = 90.000000
avance = -179.000000, avanceR = 2.000000, avanceI = 2.000000
inc_x_r = 0.000000, inc_y_r = 1.000000, inc_x_i = 1.000000, inc_y_i = 1.000000
En el else......

----------------------------------------
x = 25.000000, y = 91.000000
avance = -177.000000, avanceR = 2.000000, avanceI = 2.000000
inc_x_r = 0.000000, inc_y_r = 1.000000, inc_x_i = 1.000000, inc_y_i = 1.000000
En el else......

----------------------------------------
x = 25.000000, y = 92.000000
avance = -175.000000, avanceR = 2.000000, avanceI = 2.000000
inc_x_r = 0.000000, inc_y_r = 1.000000, inc_x_i = 1.000000, inc_y_i = 1.000000
En el else......

----------------------------------------
x = 25.000000, y = 93.000000
avance = -173.000000, avanceR = 2.000000, avanceI = 2.000000
inc_x_r = 0.000000, inc_y_r = 1.000000, inc_x_i = 1.000000, inc_y_i = 1.000000
En el else......

----------------------------------------
x = 25.000000, y = 94.000000
avance = -171.000000, avanceR = 2.000000, avanceI = 2.000000
inc_x_r = 0.000000, inc_y_r = 1.000000, inc_x_i = 1.000000, inc_y_i = 1.000000
En el else......

----------------------------------------
x = 25.000000, y = 95.000000
avance = -169.000000, avanceR = 2.000000, avanceI = 2.000000
inc_x_r = 0.000000, inc_y_r = 1.000000, inc_x_i = 1.000000, inc_y_i = 1.000000
En el else......

----------------------------------------
x = 25.000000, y = 96.000000
avance = -167.000000, avanceR = 2.000000, avanceI = 2.000000
inc_x_r = 0.000000, inc_y_r = 1.000000, inc_x_i = 1.000000, inc_y_i = 1.000000
En el else......

----------------------------------------
x = 25.000000, y = 97.000000
avance = -165.000000, avanceR = 2.000000, avanceI = 2.000000
inc_x_r = 0.000000, inc_y_r = 1.000000, inc_x_i = 1.000000, inc_y_i = 1.000000
En el else......

----------------------------------------
x = 25.000000, y = 98.000000
avance = -163.000000, avanceR = 2.000000, avanceI = 2.000000
inc_x_r = 0.000000, inc_y_r = 1.000000, inc_x_i = 1.000000, inc_y_i = 1.000000
En el else......

----------------------------------------
x = 25.000000, y = 99.000000
avance = -161.000000, avanceR = 2.000000, avanceI = 2.000000
inc_x_r = 0.000000, inc_y_r = 1.000000, inc_x_i = 1.000000, inc_y_i = 1.000000
En el else......

----------------------------------------
x = 25.000000, y = 100.000000
avance = -159.000000, avanceR = 2.000000, avanceI = 2.000000
inc_x_r = 0.000000, inc_y_r = 1.000000, inc_x_i = 1.000000, inc_y_i = 1.000000
En el else......

----------------------------------------
x = 25.000000, y = 101.000000
avance = -157.000000, avanceR = 2.000000, avanceI = 2.000000
inc_x_r = 0.000000, inc_y_r = 1.000000, inc_x_i = 1.000000, inc_y_i = 1.000000
En el else......

----------------------------------------
x = 25.000000, y = 102.000000
avance = -155.000000, avanceR = 2.000000, avanceI = 2.000000
inc_x_r = 0.000000, inc_y_r = 1.000000, inc_x_i = 1.000000, inc_y_i = 1.000000
En el else......

----------------------------------------
x = 25.000000, y = 103.000000
avance = -153.000000, avanceR = 2.000000, avanceI = 2.000000
inc_x_r = 0.000000, inc_y_r = 1.000000, inc_x_i = 1.000000, inc_y_i = 1.000000
En el else......

----------------------------------------
x = 25.000000, y = 104.000000
avance = -151.000000, avanceR = 2.000000, avanceI = 2.000000
inc_x_r = 0.000000, inc_y_r = 1.000000, inc_x_i = 1.000000, inc_y_i = 1.000000
En el else......

----------------------------------------
x = 25.000000, y = 105.000000
avance = -149.000000, avanceR = 2.000000, avanceI = 2.000000
inc_x_r = 0.000000, inc_y_r = 1.000000, inc_x_i = 1.000000, inc_y_i = 1.000000
En el else......

----------------------------------------
x = 25.000000, y = 106.000000
avance = -147.000000, avanceR = 2.000000, avanceI = 2.000000
inc_x_r = 0.000000, inc_y_r = 1.000000, inc_x_i = 1.000000, inc_y_i = 1.000000
En el else......

----------------------------------------
x = 25.000000, y = 107.000000
avance = -145.000000, avanceR = 2.000000, avanceI = 2.000000
inc_x_r = 0.000000, inc_y_r = 1.000000, inc_x_i = 1.000000, inc_y_i = 1.000000
En el else......

----------------------------------------
x = 25.000000, y = 108.000000
avance = -143.000000, avanceR = 2.000000, avanceI = 2.000000
inc_x_r = 0.000000, inc_y_r = 1.000000, inc_x_i = 1.000000, inc_y_i = 1.000000
En el else......

----------------------------------------
x = 25.000000, y = 109.000000
avance = -141.000000, avanceR = 2.000000, avanceI = 2.000000
inc_x_r = 0.000000, inc_y_r = 1.000000, inc_x_i = 1.000000, inc_y_i = 1.000000
En el else......

----------------------------------------
x = 25.000000, y = 110.000000
avance = -139.000000, avanceR = 2.000000, avanceI = 2.000000
inc_x_r = 0.000000, inc_y_r = 1.000000, inc_x_i = 1.000000, inc_y_i = 1.000000
En el else......

----------------------------------------
x = 25.000000, y = 111.000000
avance = -137.000000, avanceR = 2.000000, avanceI = 2.000000
inc_x_r = 0.000000, inc_y_r = 1.000000, inc_x_i = 1.000000, inc_y_i = 1.000000
En el else......

----------------------------------------
x = 25.000000, y = 112.000000
avance = -135.000000, avanceR = 2.000000, avanceI = 2.000000
inc_x_r = 0.000000, inc_y_r = 1.000000, inc_x_i = 1.000000, inc_y_i = 1.000000
En el else......

----------------------------------------
x = 25.000000, y = 113.000000
avance = -133.000000, avanceR = 2.000000, avanceI = 2.000000
inc_x_r = 0.000000, inc_y_r = 1.000000, inc_x_i = 1.000000, inc_y_i = 1.000000
En el else......

----------------------------------------
x = 25.000000, y = 114.000000
avance = -131.000000, avanceR = 2.000000, avanceI = 2.000000
inc_x_r = 0.000000, inc_y_r = 1.000000, inc_x_i = 1.000000, inc_y_i = 1.000000
En el else......

----------------------------------------
x = 25.000000, y = 115.000000
avance = -129.000000, avanceR = 2.000000, avanceI = 2.000000
inc_x_r = 0.000000, inc_y_r = 1.000000, inc_x_i = 1.000000, inc_y_i = 1.000000
En el else......

----------------------------------------
x = 25.000000, y = 116.000000
avance = -127.000000, avanceR = 2.000000, avanceI = 2.000000
inc_x_r = 0.000000, inc_y_r = 1.000000, inc_x_i = 1.000000, inc_y_i = 1.000000
En el else......

----------------------------------------
x = 25.000000, y = 117.000000
avance = -125.000000, avanceR = 2.000000, avanceI = 2.000000
inc_x_r = 0.000000, inc_y_r = 1.000000, inc_x_i = 1.000000, inc_y_i = 1.000000
En el else......

----------------------------------------
x = 25.000000, y = 118.000000
avance = -123.000000, avanceR = 2.000000, avanceI = 2.000000
inc_x_r = 0.000000, inc_y_r = 1.000000, inc_x_i = 1.000000, inc_y_i = 1.000000
En el else......

----------------------------------------
x = 25.000000, y = 119.000000
avance = -121.000000, avanceR = 2.000000, avanceI = 2.000000
inc_x_r = 0.000000, inc_y_r = 1.000000, inc_x_i = 1.000000, inc_y_i = 1.000000
En el else......

----------------------------------------
x = 25.000000, y = 120.000000
avance = -119.000000, avanceR = 2.000000, avanceI = 2.000000
inc_x_r = 0.000000, inc_y_r = 1.000000, inc_x_i = 1.000000, inc_y_i = 1.000000
En el else......

----------------------------------------
x = 25.000000, y = 121.000000
avance = -117.000000, avanceR = 2.000000, avanceI = 2.000000
inc_x_r = 0.000000, inc_y_r = 1.000000, inc_x_i = 1.000000, inc_y_i = 1.000000
En el else......

----------------------------------------
x = 25.000000, y = 122.000000
avance = -115.000000, avanceR = 2.000000, avanceI = 2.000000
inc_x_r = 0.000000, inc_y_r = 1.000000, inc_x_i = 1.000000, inc_y_i = 1.000000
En el else......

----------------------------------------
x = 25.000000, y = 123.000000
avance = -113.000000, avanceR = 2.000000, avanceI = 2.000000
inc_x_r = 0.000000, inc_y_r = 1.000000, inc_x_i = 1.000000, inc_y_i = 1.000000
En el else......

----------------------------------------
x = 25.000000, y = 124.000000
avance = -111.000000, avanceR = 2.000000, avanceI = 2.000000
inc_x_r = 0.000000, inc_y_r = 1.000000, inc_x_i = 1.000000, inc_y_i = 1.000000
En el else......

----------------------------------------
x = 25.000000, y = 125.000000
avance = -109.000000, avanceR = 2.000000, avanceI = 2.000000
inc_x_r = 0.000000, inc_y_r = 1.000000, inc_x_i = 1.000000, inc_y_i = 1.000000
En el else......

----------------------------------------
x = 25.000000, y = 126.000000
avance = -107.000000, avanceR = 2.000000, avanceI = 2.000000
inc_x_r = 0.000000, inc_y_r = 1.000000, inc_x_i = 1.000000, inc_y_i = 1.000000
En el else......

----------------------------------------
x = 25.000000, y = 127.000000
avance = -105.000000, avanceR = 2.000000, avanceI = 2.000000
inc_x_r = 0.000000, inc_y_r = 1.000000, inc_x_i = 1.000000, inc_y_i = 1.000000
En el else......

----------------------------------------
x = 25.000000, y = 128.000000
avance = -103.000000, avanceR = 2.000000, avanceI = 2.000000
inc_x_r = 0.000000, inc_y_r = 1.000000, inc_x_i = 1.000000, inc_y_i = 1.000000
En el else......

----------------------------------------
x = 25.000000, y = 129.000000
avance = -101.000000, avanceR = 2.000000, avanceI = 2.000000
inc_x_r = 0.000000, inc_y_r = 1.000000, inc_x_i = 1.000000, inc_y_i = 1.000000
En el else......

----------------------------------------
x = 25.000000, y = 130.000000
avance = -99.000000, avanceR = 2.000000, avanceI = 2.000000
inc_x_r = 0.000000, inc_y_r = 1.000000, inc_x_i = 1.000000, inc_y_i = 1.000000
En el else......

----------------------------------------
x = 25.000000, y = 131.000000
avance = -97.000000, avanceR = 2.000000, avanceI = 2.000000
inc_x_r = 0.000000, inc_y_r = 1.000000, inc_x_i = 1.000000, inc_y_i = 1.000000
En el else......

----------------------------------------
x = 25.000000, y = 132.000000
avance = -95.000000, avanceR = 2.000000, avanceI = 2.000000
inc_x_r = 0.000000, inc_y_r = 1.000000, inc_x_i = 1.000000, inc_y_i = 1.000000
En el else......

----------------------------------------
x = 25.000000, y = 133.000000
avance = -93.000000, avanceR = 2.000000, avanceI = 2.000000
inc_x_r = 0.000000, inc_y_r = 1.000000, inc_x_i = 1.000000, inc_y_i = 1.000000
En el else......

----------------------------------------
x = 25.000000, y = 134.000000
avance = -91.000000, avanceR = 2.000000, avanceI = 2.000000
inc_x_r = 0.000000, inc_y_r = 1.000000, inc_x_i = 1.000000, inc_y_i = 1.000000
En el else......

----------------------------------------
x = 25.000000, y = 135.000000
avance = -89.000000, avanceR = 2.000000, avanceI = 2.000000
inc_x_r = 0.000000, inc_y_r = 1.000000, inc_x_i = 1.000000, inc_y_i = 1.000000
En el else......

----------------------------------------
x = 25.000000, y = 136.000000
avance = -87.000000, avanceR = 2.000000, avanceI = 2.000000
inc_x_r = 0.000000, inc_y_r = 1.000000, inc_x_i = 1.000000, inc_y_i = 1.000000
En el else......

----------------------------------------
x = 25.000000, y = 137.000000
avance = -85.000000, avanceR = 2.000000, avanceI = 2.000000
inc_x_r = 0.000000, inc_y_r = 1.000000, inc_x_i = 1.000000, inc_y_i = 1.000000
En el else......

----------------------------------------
x = 25.000000, y = 138.000000
avance = -83.000000, avanceR = 2.000000, avanceI = 2.000000
inc_x_r = 0.000000, inc_y_r = 1.000000, inc_x_i = 1.000000, inc_y_i = 1.000000
En el else......

----------------------------------------
x = 25.000000, y = 139.000000
avance = -81.000000, avanceR = 2.000000, avanceI = 2.000000
inc_x_r = 0.000000, inc_y_r = 1.000000, inc_x_i = 1.000000, inc_y_i = 1.000000
En el else......

----------------------------------------
x = 25.000000, y = 140.000000
avance = -79.000000, avanceR = 2.000000, avanceI = 2.000000
inc_x_r = 0.000000, inc_y_r = 1.000000, inc_x_i = 1.000000, inc_y_i = 1.000000
En el else......

----------------------------------------
x = 25.000000, y = 141.000000
avance = -77.000000, avanceR = 2.000000, avanceI = 2.000000
inc_x_r = 0.000000, inc_y_r = 1.000000, inc_x_i = 1.000000, inc_y_i = 1.000000
En el else......

----------------------------------------
x = 25.000000, y = 142.000000
avance = -75.000000, avanceR = 2.000000, avanceI = 2.000000
inc_x_r = 0.000000, inc_y_r = 1.000000, inc_x_i = 1.000000, inc_y_i = 1.000000
En el else......

----------------------------------------
x = 25.000000, y = 143.000000
avance = -73.000000, avanceR = 2.000000, avanceI = 2.000000
inc_x_r = 0.000000, inc_y_r = 1.000000, inc_x_i = 1.000000, inc_y_i = 1.000000
En el else......

----------------------------------------
x = 25.000000, y = 144.000000
avance = -71.000000, avanceR = 2.000000, avanceI = 2.000000
inc_x_r = 0.000000, inc_y_r = 1.000000, inc_x_i = 1.000000, inc_y_i = 1.000000
En el else......

----------------------------------------
x = 25.000000, y = 145.000000
avance = -69.000000, avanceR = 2.000000, avanceI = 2.000000
inc_x_r = 0.000000, inc_y_r = 1.000000, inc_x_i = 1.000000, inc_y_i = 1.000000
En el else......

----------------------------------------
x = 25.000000, y = 146.000000
avance = -67.000000, avanceR = 2.000000, avanceI = 2.000000
inc_x_r = 0.000000, inc_y_r = 1.000000, inc_x_i = 1.000000, inc_y_i = 1.000000
En el else......

----------------------------------------
x = 25.000000, y = 147.000000
avance = -65.000000, avanceR = 2.000000, avanceI = 2.000000
inc_x_r = 0.000000, inc_y_r = 1.000000, inc_x_i = 1.000000, inc_y_i = 1.000000
En el else......

----------------------------------------
x = 25.000000, y = 148.000000
avance = -63.000000, avanceR = 2.000000, avanceI = 2.000000
inc_x_r = 0.000000, inc_y_r = 1.000000, inc_x_i = 1.000000, inc_y_i = 1.000000
En el else......

----------------------------------------
x = 25.000000, y = 149.000000
avance = -61.000000, avanceR = 2.000000, avanceI = 2.000000
inc_x_r = 0.000000, inc_y_r = 1.000000, inc_x_i = 1.000000, inc_y_i = 1.000000
En el else......

----------------------------------------
x = 25.000000, y = 150.000000
avance = -59.000000, avanceR = 2.000000, avanceI = 2.000000
inc_x_r = 0.000000, inc_y_r = 1.000000, inc_x_i = 1.000000, inc_y_i = 1.000000
En el else......

----------------------------------------
x = 25.000000, y = 151.000000
avance = -57.000000, avanceR = 2.000000, avanceI = 2.000000
inc_x_r = 0.000000, inc_y_r = 1.000000, inc_x_i = 1.000000, inc_y_i = 1.000000
En el else......

----------------------------------------
x = 25.000000, y = 152.000000
avance = -55.000000, avanceR = 2.000000, avanceI = 2.000000
inc_x_r = 0.000000, inc_y_r = 1.000000, inc_x_i = 1.000000, inc_y_i = 1.000000
En el else......

----------------------------------------
x = 25.000000, y = 153.000000
avance = -53.000000, avanceR = 2.000000, avanceI = 2.000000
inc_x_r = 0.000000, inc_y_r = 1.000000, inc_x_i = 1.000000, inc_y_i = 1.000000
En el else......

----------------------------------------
x = 25.000000, y = 154.000000
avance = -51.000000, avanceR = 2.000000, avanceI = 2.000000
inc_x_r = 0.000000, inc_y_r = 1.000000, inc_x_i = 1.000000, inc_y_i = 1.000000
En el else......

----------------------------------------
x = 25.000000, y = 155.000000
avance = -49.000000, avanceR = 2.000000, avanceI = 2.000000
inc_x_r = 0.000000, inc_y_r = 1.000000, inc_x_i = 1.000000, inc_y_i = 1.000000
En el else......

----------------------------------------
x = 25.000000, y = 156.000000
avance = -47.000000, avanceR = 2.000000, avanceI = 2.000000
inc_x_r = 0.000000, inc_y_r = 1.000000, inc_x_i = 1.000000, inc_y_i = 1.000000
En el else......

----------------------------------------
x = 25.000000, y = 157.000000
avance = -45.000000, avanceR = 2.000000, avanceI = 2.000000
inc_x_r = 0.000000, inc_y_r = 1.000000, inc_x_i = 1.000000, inc_y_i = 1.000000
En el else......

----------------------------------------
x = 25.000000, y = 158.000000
avance = -43.000000, avanceR = 2.000000, avanceI = 2.000000
inc_x_r = 0.000000, inc_y_r = 1.000000, inc_x_i = 1.000000, inc_y_i = 1.000000
En el else......

----------------------------------------
x = 25.000000, y = 159.000000
avance = -41.000000, avanceR = 2.000000, avanceI = 2.000000
inc_x_r = 0.000000, inc_y_r = 1.000000, inc_x_i = 1.000000, inc_y_i = 1.000000
En el else......

----------------------------------------
x = 25.000000, y = 160.000000
avance = -39.000000, avanceR = 2.000000, avanceI = 2.000000
inc_x_r = 0.000000, inc_y_r = 1.000000, inc_x_i = 1.000000, inc_y_i = 1.000000
En el else......

----------------------------------------
x = 25.000000, y = 161.000000
avance = -37.000000, avanceR = 2.000000, avanceI = 2.000000
inc_x_r = 0.000000, inc_y_r = 1.000000, inc_x_i = 1.000000, inc_y_i = 1.000000
En el else......

----------------------------------------
x = 25.000000, y = 162.000000
avance = -35.000000, avanceR = 2.000000, avanceI = 2.000000
inc_x_r = 0.000000, inc_y_r = 1.000000, inc_x_i = 1.000000, inc_y_i = 1.000000
En el else......

----------------------------------------
x = 25.000000, y = 163.000000
avance = -33.000000, avanceR = 2.000000, avanceI = 2.000000
inc_x_r = 0.000000, inc_y_r = 1.000000, inc_x_i = 1.000000, inc_y_i = 1.000000
En el else......

----------------------------------------
x = 25.000000, y = 164.000000
avance = -31.000000, avanceR = 2.000000, avanceI = 2.000000
inc_x_r = 0.000000, inc_y_r = 1.000000, inc_x_i = 1.000000, inc_y_i = 1.000000
En el else......

----------------------------------------
x = 25.000000, y = 165.000000
avance = -29.000000, avanceR = 2.000000, avanceI = 2.000000
inc_x_r = 0.000000, inc_y_r = 1.000000, inc_x_i = 1.000000, inc_y_i = 1.000000
En el else......

----------------------------------------
x = 25.000000, y = 166.000000
avance = -27.000000, avanceR = 2.000000, avanceI = 2.000000
inc_x_r = 0.000000, inc_y_r = 1.000000, inc_x_i = 1.000000, inc_y_i = 1.000000
En el else......

----------------------------------------
x = 25.000000, y = 167.000000
avance = -25.000000, avanceR = 2.000000, avanceI = 2.000000
inc_x_r = 0.000000, inc_y_r = 1.000000, inc_x_i = 1.000000, inc_y_i = 1.000000
En el else......

----------------------------------------
x = 25.000000, y = 168.000000
avance = -23.000000, avanceR = 2.000000, avanceI = 2.000000
inc_x_r = 0.000000, inc_y_r = 1.000000, inc_x_i = 1.000000, inc_y_i = 1.000000
En el else......

----------------------------------------
x = 25.000000, y = 169.000000
avance = -21.000000, avanceR = 2.000000, avanceI = 2.000000
inc_x_r = 0.000000, inc_y_r = 1.000000, inc_x_i = 1.000000, inc_y_i = 1.000000
En el else......

----------------------------------------
x = 25.000000, y = 170.000000
avance = -19.000000, avanceR = 2.000000, avanceI = 2.000000
inc_x_r = 0.000000, inc_y_r = 1.000000, inc_x_i = 1.000000, inc_y_i = 1.000000
En el else......

----------------------------------------
x = 25.000000, y = 171.000000
avance = -17.000000, avanceR = 2.000000, avanceI = 2.000000
inc_x_r = 0.000000, inc_y_r = 1.000000, inc_x_i = 1.000000, inc_y_i = 1.000000
En el else......

----------------------------------------
x = 25.000000, y = 172.000000
avance = -15.000000, avanceR = 2.000000, avanceI = 2.000000
inc_x_r = 0.000000, inc_y_r = 1.000000, inc_x_i = 1.000000, inc_y_i = 1.000000
En el else......

----------------------------------------
x = 25.000000, y = 173.000000
avance = -13.000000, avanceR = 2.000000, avanceI = 2.000000
inc_x_r = 0.000000, inc_y_r = 1.000000, inc_x_i = 1.000000, inc_y_i = 1.000000
En el else......

----------------------------------------
x = 25.000000, y = 174.000000
avance = -11.000000, avanceR = 2.000000, avanceI = 2.000000
inc_x_r = 0.000000, inc_y_r = 1.000000, inc_x_i = 1.000000, inc_y_i = 1.000000
En el else......

----------------------------------------
x = 25.000000, y = 175.000000
avance = -9.000000, avanceR = 2.000000, avanceI = 2.000000
inc_x_r = 0.000000, inc_y_r = 1.000000, inc_x_i = 1.000000, inc_y_i = 1.000000
En el else......

----------------------------------------
x = 25.000000, y = 176.000000
avance = -7.000000, avanceR = 2.000000, avanceI = 2.000000
inc_x_r = 0.000000, inc_y_r = 1.000000, inc_x_i = 1.000000, inc_y_i = 1.000000
En el else......

----------------------------------------
x = 25.000000, y = 177.000000
avance = -5.000000, avanceR = 2.000000, avanceI = 2.000000
inc_x_r = 0.000000, inc_y_r = 1.000000, inc_x_i = 1.000000, inc_y_i = 1.000000
En el else......

----------------------------------------
x = 25.000000, y = 178.000000
avance = -3.000000, avanceR = 2.000000, avanceI = 2.000000
inc_x_r = 0.000000, inc_y_r = 1.000000, inc_x_i = 1.000000, inc_y_i = 1.000000
En el else......

----------------------------------------
x = 25.000000, y = 179.000000
avance = -1.000000, avanceR = 2.000000, avanceI = 2.000000
inc_x_r = 0.000000, inc_y_r = 1.000000, inc_x_i = 1.000000, inc_y_i = 1.000000
En el else......

----------------------------------------
x = 25.000000, y = 180.000000
avance = 1.000000, avanceR = 2.000000, avanceI = 2.000000
inc_x_r = 0.000000, inc_y_r = 1.000000, inc_x_i = 1.000000, inc_y_i = 1.000000
avance >= 0

----------------------------------------
x = 26.000000, y = 181.000000
avance = -499.000000, avanceR = 2.000000, avanceI = 2.000000
inc_x_r = 0.000000, inc_y_r = 1.000000, inc_x_i = 1.000000, inc_y_i = 1.000000
En el else......

----------------------------------------
x = 26.000000, y = 182.000000
avance = -497.000000, avanceR = 2.000000, avanceI = 2.000000
inc_x_r = 0.000000, inc_y_r = 1.000000, inc_x_i = 1.000000, inc_y_i = 1.000000
En el else......

----------------------------------------
x = 26.000000, y = 183.000000
avance = -495.000000, avanceR = 2.000000, avanceI = 2.000000
inc_x_r = 0.000000, inc_y_r = 1.000000, inc_x_i = 1.000000, inc_y_i = 1.000000
En el else......

----------------------------------------
x = 26.000000, y = 184.000000
avance = -493.000000, avanceR = 2.000000, avanceI = 2.000000
inc_x_r = 0.000000, inc_y_r = 1.000000, inc_x_i = 1.000000, inc_y_i = 1.000000
En el else......

----------------------------------------
x = 26.000000, y = 185.000000
avance = -491.000000, avanceR = 2.000000, avanceI = 2.000000
inc_x_r = 0.000000, inc_y_r = 1.000000, inc_x_i = 1.000000, inc_y_i = 1.000000
En el else......

----------------------------------------
x = 26.000000, y = 186.000000
avance = -489.000000, avanceR = 2.000000, avanceI = 2.000000
inc_x_r = 0.000000, inc_y_r = 1.000000, inc_x_i = 1.000000, inc_y_i = 1.000000
En el else......

----------------------------------------
x = 26.000000, y = 187.000000
avance = -487.000000, avanceR = 2.000000, avanceI = 2.000000
inc_x_r = 0.000000, inc_y_r = 1.000000, inc_x_i = 1.000000, inc_y_i = 1.000000
En el else......

----------------------------------------
x = 26.000000, y = 188.000000
avance = -485.000000, avanceR = 2.000000, avanceI = 2.000000
inc_x_r = 0.000000, inc_y_r = 1.000000, inc_x_i = 1.000000, inc_y_i = 1.000000
En el else......

----------------------------------------
x = 26.000000, y = 189.000000
avance = -483.000000, avanceR = 2.000000, avanceI = 2.000000
inc_x_r = 0.000000, inc_y_r = 1.000000, inc_x_i = 1.000000, inc_y_i = 1.000000
En el else......

----------------------------------------
x = 26.000000, y = 190.000000
avance = -481.000000, avanceR = 2.000000, avanceI = 2.000000
inc_x_r = 0.000000, inc_y_r = 1.000000, inc_x_i = 1.000000, inc_y_i = 1.000000
En el else......

----------------------------------------
x = 26.000000, y = 191.000000
avance = -479.000000, avanceR = 2.000000, avanceI = 2.000000
inc_x_r = 0.000000, inc_y_r = 1.000000, inc_x_i = 1.000000, inc_y_i = 1.000000
En el else......

----------------------------------------
x = 26.000000, y = 192.000000
avance = -477.000000, avanceR = 2.000000, avanceI = 2.000000
inc_x_r = 0.000000, inc_y_r = 1.000000, inc_x_i = 1.000000, inc_y_i = 1.000000
En el else......

----------------------------------------
x = 26.000000, y = 193.000000
avance = -475.000000, avanceR = 2.000000, avanceI = 2.000000
inc_x_r = 0.000000, inc_y_r = 1.000000, inc_x_i = 1.000000, inc_y_i = 1.000000
En el else......

----------------------------------------
x = 26.000000, y = 194.000000
avance = -473.000000, avanceR = 2.000000, avanceI = 2.000000
inc_x_r = 0.000000, inc_y_r = 1.000000, inc_x_i = 1.000000, inc_y_i = 1.000000
En el else......

----------------------------------------
x = 26.000000, y = 195.000000
avance = -471.000000, avanceR = 2.000000, avanceI = 2.000000
inc_x_r = 0.000000, inc_y_r = 1.000000, inc_x_i = 1.000000, inc_y_i = 1.000000
En el else......

----------------------------------------
x = 26.000000, y = 196.000000
avance = -469.000000, avanceR = 2.000000, avanceI = 2.000000
inc_x_r = 0.000000, inc_y_r = 1.000000, inc_x_i = 1.000000, inc_y_i = 1.000000
En el else......

----------------------------------------
x = 26.000000, y = 197.000000
avance = -467.000000, avanceR = 2.000000, avanceI = 2.000000
inc_x_r = 0.000000, inc_y_r = 1.000000, inc_x_i = 1.000000, inc_y_i = 1.000000
En el else......

----------------------------------------
x = 26.000000, y = 198.000000
avance = -465.000000, avanceR = 2.000000, avanceI = 2.000000
inc_x_r = 0.000000, inc_y_r = 1.000000, inc_x_i = 1.000000, inc_y_i = 1.000000
En el else......

----------------------------------------
x = 26.000000, y = 199.000000
avance = -463.000000, avanceR = 2.000000, avanceI = 2.000000
inc_x_r = 0.000000, inc_y_r = 1.000000, inc_x_i = 1.000000, inc_y_i = 1.000000
En el else......

----------------------------------------
x = 26.000000, y = 200.000000
avance = -461.000000, avanceR = 2.000000, avanceI = 2.000000
inc_x_r = 0.000000, inc_y_r = 1.000000, inc_x_i = 1.000000, inc_y_i = 1.000000
En el else......

----------------------------------------
x = 26.000000, y = 201.000000
avance = -459.000000, avanceR = 2.000000, avanceI = 2.000000
inc_x_r = 0.000000, inc_y_r = 1.000000, inc_x_i = 1.000000, inc_y_i = 1.000000
En el else......

----------------------------------------
x = 26.000000, y = 202.000000
avance = -457.000000, avanceR = 2.000000, avanceI = 2.000000
inc_x_r = 0.000000, inc_y_r = 1.000000, inc_x_i = 1.000000, inc_y_i = 1.000000
En el else......

----------------------------------------
x = 26.000000, y = 203.000000
avance = -455.000000, avanceR = 2.000000, avanceI = 2.000000
inc_x_r = 0.000000, inc_y_r = 1.000000, inc_x_i = 1.000000, inc_y_i = 1.000000
En el else......

----------------------------------------
x = 26.000000, y = 204.000000
avance = -453.000000, avanceR = 2.000000, avanceI = 2.000000
inc_x_r = 0.000000, inc_y_r = 1.000000, inc_x_i = 1.000000, inc_y_i = 1.000000
En el else......

----------------------------------------
x = 26.000000, y = 205.000000
avance = -451.000000, avanceR = 2.000000, avanceI = 2.000000
inc_x_r = 0.000000, inc_y_r = 1.000000, inc_x_i = 1.000000, inc_y_i = 1.000000
En el else......

----------------------------------------
x = 26.000000, y = 206.000000
avance = -449.000000, avanceR = 2.000000, avanceI = 2.000000
inc_x_r = 0.000000, inc_y_r = 1.000000, inc_x_i = 1.000000, inc_y_i = 1.000000
En el else......

----------------------------------------
x = 26.000000, y = 207.000000
avance = -447.000000, avanceR = 2.000000, avanceI = 2.000000
inc_x_r = 0.000000, inc_y_r = 1.000000, inc_x_i = 1.000000, inc_y_i = 1.000000
En el else......

----------------------------------------
x = 26.000000, y = 208.000000
avance = -445.000000, avanceR = 2.000000, avanceI = 2.000000
inc_x_r = 0.000000, inc_y_r = 1.000000, inc_x_i = 1.000000, inc_y_i = 1.000000
En el else......

----------------------------------------
x = 26.000000, y = 209.000000
avance = -443.000000, avanceR = 2.000000, avanceI = 2.000000
inc_x_r = 0.000000, inc_y_r = 1.000000, inc_x_i = 1.000000, inc_y_i = 1.000000
En el else......

----------------------------------------
x = 26.000000, y = 210.000000
avance = -441.000000, avanceR = 2.000000, avanceI = 2.000000
inc_x_r = 0.000000, inc_y_r = 1.000000, inc_x_i = 1.000000, inc_y_i = 1.000000
En el else......

----------------------------------------
x = 26.000000, y = 211.000000
avance = -439.000000, avanceR = 2.000000, avanceI = 2.000000
inc_x_r = 0.000000, inc_y_r = 1.000000, inc_x_i = 1.000000, inc_y_i = 1.000000
En el else......

----------------------------------------
x = 26.000000, y = 212.000000
avance = -437.000000, avanceR = 2.000000, avanceI = 2.000000
inc_x_r = 0.000000, inc_y_r = 1.000000, inc_x_i = 1.000000, inc_y_i = 1.000000
En el else......

----------------------------------------
x = 26.000000, y = 213.000000
avance = -435.000000, avanceR = 2.000000, avanceI = 2.000000
inc_x_r = 0.000000, inc_y_r = 1.000000, inc_x_i = 1.000000, inc_y_i = 1.000000
En el else......

----------------------------------------
x = 26.000000, y = 214.000000
avance = -433.000000, avanceR = 2.000000, avanceI = 2.000000
inc_x_r = 0.000000, inc_y_r = 1.000000, inc_x_i = 1.000000, inc_y_i = 1.000000
En el else......

----------------------------------------
x = 26.000000, y = 215.000000
avance = -431.000000, avanceR = 2.000000, avanceI = 2.000000
inc_x_r = 0.000000, inc_y_r = 1.000000, inc_x_i = 1.000000, inc_y_i = 1.000000
En el else......

----------------------------------------
x = 26.000000, y = 216.000000
avance = -429.000000, avanceR = 2.000000, avanceI = 2.000000
inc_x_r = 0.000000, inc_y_r = 1.000000, inc_x_i = 1.000000, inc_y_i = 1.000000
En el else......

----------------------------------------
x = 26.000000, y = 217.000000
avance = -427.000000, avanceR = 2.000000, avanceI = 2.000000
inc_x_r = 0.000000, inc_y_r = 1.000000, inc_x_i = 1.000000, inc_y_i = 1.000000
En el else......

----------------------------------------
x = 26.000000, y = 218.000000
avance = -425.000000, avanceR = 2.000000, avanceI = 2.000000
inc_x_r = 0.000000, inc_y_r = 1.000000, inc_x_i = 1.000000, inc_y_i = 1.000000
En el else......

----------------------------------------
x = 26.000000, y = 219.000000
avance = -423.000000, avanceR = 2.000000, avanceI = 2.000000
inc_x_r = 0.000000, inc_y_r = 1.000000, inc_x_i = 1.000000, inc_y_i = 1.000000
En el else......

----------------------------------------
x = 26.000000, y = 220.000000
avance = -421.000000, avanceR = 2.000000, avanceI = 2.000000
inc_x_r = 0.000000, inc_y_r = 1.000000, inc_x_i = 1.000000, inc_y_i = 1.000000
En el else......

----------------------------------------
x = 26.000000, y = 221.000000
avance = -419.000000, avanceR = 2.000000, avanceI = 2.000000
inc_x_r = 0.000000, inc_y_r = 1.000000, inc_x_i = 1.000000, inc_y_i = 1.000000
En el else......

----------------------------------------
x = 26.000000, y = 222.000000
avance = -417.000000, avanceR = 2.000000, avanceI = 2.000000
inc_x_r = 0.000000, inc_y_r = 1.000000, inc_x_i = 1.000000, inc_y_i = 1.000000
En el else......

----------------------------------------
x = 26.000000, y = 223.000000
avance = -415.000000, avanceR = 2.000000, avanceI = 2.000000
inc_x_r = 0.000000, inc_y_r = 1.000000, inc_x_i = 1.000000, inc_y_i = 1.000000
En el else......

----------------------------------------
x = 26.000000, y = 224.000000
avance = -413.000000, avanceR = 2.000000, avanceI = 2.000000
inc_x_r = 0.000000, inc_y_r = 1.000000, inc_x_i = 1.000000, inc_y_i = 1.000000
En el else......

----------------------------------------
x = 26.000000, y = 225.000000
avance = -411.000000, avanceR = 2.000000, avanceI = 2.000000
inc_x_r = 0.000000, inc_y_r = 1.000000, inc_x_i = 1.000000, inc_y_i = 1.000000
En el else......

----------------------------------------
x = 26.000000, y = 226.000000
avance = -409.000000, avanceR = 2.000000, avanceI = 2.000000
inc_x_r = 0.000000, inc_y_r = 1.000000, inc_x_i = 1.000000, inc_y_i = 1.000000
En el else......

----------------------------------------
x = 26.000000, y = 227.000000
avance = -407.000000, avanceR = 2.000000, avanceI = 2.000000
inc_x_r = 0.000000, inc_y_r = 1.000000, inc_x_i = 1.000000, inc_y_i = 1.000000
En el else......

----------------------------------------
x = 26.000000, y = 228.000000
avance = -405.000000, avanceR = 2.000000, avanceI = 2.000000
inc_x_r = 0.000000, inc_y_r = 1.000000, inc_x_i = 1.000000, inc_y_i = 1.000000
En el else......

----------------------------------------
x = 26.000000, y = 229.000000
avance = -403.000000, avanceR = 2.000000, avanceI = 2.000000
inc_x_r = 0.000000, inc_y_r = 1.000000, inc_x_i = 1.000000, inc_y_i = 1.000000
En el else......

----------------------------------------
x = 26.000000, y = 230.000000
avance = -401.000000, avanceR = 2.000000, avanceI = 2.000000
inc_x_r = 0.000000, inc_y_r = 1.000000, inc_x_i = 1.000000, inc_y_i = 1.000000
En el else......

----------------------------------------
x = 26.000000, y = 231.000000
avance = -399.000000, avanceR = 2.000000, avanceI = 2.000000
inc_x_r = 0.000000, inc_y_r = 1.000000, inc_x_i = 1.000000, inc_y_i = 1.000000
En el else......

----------------------------------------
x = 26.000000, y = 232.000000
avance = -397.000000, avanceR = 2.000000, avanceI = 2.000000
inc_x_r = 0.000000, inc_y_r = 1.000000, inc_x_i = 1.000000, inc_y_i = 1.000000
En el else......

----------------------------------------
x = 26.000000, y = 233.000000
avance = -395.000000, avanceR = 2.000000, avanceI = 2.000000
inc_x_r = 0.000000, inc_y_r = 1.000000, inc_x_i = 1.000000, inc_y_i = 1.000000
En el else......

----------------------------------------
x = 26.000000, y = 234.000000
avance = -393.000000, avanceR = 2.000000, avanceI = 2.000000
inc_x_r = 0.000000, inc_y_r = 1.000000, inc_x_i = 1.000000, inc_y_i = 1.000000
En el else......

----------------------------------------
x = 26.000000, y = 235.000000
avance = -391.000000, avanceR = 2.000000, avanceI = 2.000000
inc_x_r = 0.000000, inc_y_r = 1.000000, inc_x_i = 1.000000, inc_y_i = 1.000000
En el else......

----------------------------------------
x = 26.000000, y = 236.000000
avance = -389.000000, avanceR = 2.000000, avanceI = 2.000000
inc_x_r = 0.000000, inc_y_r = 1.000000, inc_x_i = 1.000000, inc_y_i = 1.000000
En el else......

----------------------------------------
x = 26.000000, y = 237.000000
avance = -387.000000, avanceR = 2.000000, avanceI = 2.000000
inc_x_r = 0.000000, inc_y_r = 1.000000, inc_x_i = 1.000000, inc_y_i = 1.000000
En el else......

----------------------------------------
x = 26.000000, y = 238.000000
avance = -385.000000, avanceR = 2.000000, avanceI = 2.000000
inc_x_r = 0.000000, inc_y_r = 1.000000, inc_x_i = 1.000000, inc_y_i = 1.000000
En el else......

----------------------------------------
x = 26.000000, y = 239.000000
avance = -383.000000, avanceR = 2.000000, avanceI = 2.000000
inc_x_r = 0.000000, inc_y_r = 1.000000, inc_x_i = 1.000000, inc_y_i = 1.000000
En el else......

----------------------------------------
x = 26.000000, y = 240.000000
avance = -381.000000, avanceR = 2.000000, avanceI = 2.000000
inc_x_r = 0.000000, inc_y_r = 1.000000, inc_x_i = 1.000000, inc_y_i = 1.000000
En el else......

----------------------------------------
x = 26.000000, y = 241.000000
avance = -379.000000, avanceR = 2.000000, avanceI = 2.000000
inc_x_r = 0.000000, inc_y_r = 1.000000, inc_x_i = 1.000000, inc_y_i = 1.000000
En el else......

----------------------------------------
x = 26.000000, y = 242.000000
avance = -377.000000, avanceR = 2.000000, avanceI = 2.000000
inc_x_r = 0.000000, inc_y_r = 1.000000, inc_x_i = 1.000000, inc_y_i = 1.000000
En el else......

----------------------------------------
x = 26.000000, y = 243.000000
avance = -375.000000, avanceR = 2.000000, avanceI = 2.000000
inc_x_r = 0.000000, inc_y_r = 1.000000, inc_x_i = 1.000000, inc_y_i = 1.000000
En el else......

----------------------------------------
x = 26.000000, y = 244.000000
avance = -373.000000, avanceR = 2.000000, avanceI = 2.000000
inc_x_r = 0.000000, inc_y_r = 1.000000, inc_x_i = 1.000000, inc_y_i = 1.000000
En el else......

----------------------------------------
x = 26.000000, y = 245.000000
avance = -371.000000, avanceR = 2.000000, avanceI = 2.000000
inc_x_r = 0.000000, inc_y_r = 1.000000, inc_x_i = 1.000000, inc_y_i = 1.000000
En el else......

----------------------------------------
x = 26.000000, y = 246.000000
avance = -369.000000, avanceR = 2.000000, avanceI = 2.000000
inc_x_r = 0.000000, inc_y_r = 1.000000, inc_x_i = 1.000000, inc_y_i = 1.000000
En el else......

----------------------------------------
x = 26.000000, y = 247.000000
avance = -367.000000, avanceR = 2.000000, avanceI = 2.000000
inc_x_r = 0.000000, inc_y_r = 1.000000, inc_x_i = 1.000000, inc_y_i = 1.000000
En el else......

----------------------------------------
x = 26.000000, y = 248.000000
avance = -365.000000, avanceR = 2.000000, avanceI = 2.000000
inc_x_r = 0.000000, inc_y_r = 1.000000, inc_x_i = 1.000000, inc_y_i = 1.000000
En el else......

----------------------------------------
x = 26.000000, y = 249.000000
avance = -363.000000, avanceR = 2.000000, avanceI = 2.000000
inc_x_r = 0.000000, inc_y_r = 1.000000, inc_x_i = 1.000000, inc_y_i = 1.000000
En el else......

----------------------------------------
x = 26.000000, y = 250.000000
avance = -361.000000, avanceR = 2.000000, avanceI = 2.000000
inc_x_r = 0.000000, inc_y_r = 1.000000, inc_x_i = 1.000000, inc_y_i = 1.000000
En el else......

----------------------------------------
x = 26.000000, y = 251.000000
avance = -359.000000, avanceR = 2.000000, avanceI = 2.000000
inc_x_r = 0.000000, inc_y_r = 1.000000, inc_x_i = 1.000000, inc_y_i = 1.000000
En el else......

----------------------------------------
x = 26.000000, y = 252.000000
avance = -357.000000, avanceR = 2.000000, avanceI = 2.000000
inc_x_r = 0.000000, inc_y_r = 1.000000, inc_x_i = 1.000000, inc_y_i = 1.000000
En el else......

----------------------------------------
x = 26.000000, y = 253.000000
avance = -355.000000, avanceR = 2.000000, avanceI = 2.000000
inc_x_r = 0.000000, inc_y_r = 1.000000, inc_x_i = 1.000000, inc_y_i = 1.000000
En el else......

----------------------------------------
x = 26.000000, y = 254.000000
avance = -353.000000, avanceR = 2.000000, avanceI = 2.000000
inc_x_r = 0.000000, inc_y_r = 1.000000, inc_x_i = 1.000000, inc_y_i = 1.000000
En el else......

----------------------------------------
x = 26.000000, y = 255.000000
avance = -351.000000, avanceR = 2.000000, avanceI = 2.000000
inc_x_r = 0.000000, inc_y_r = 1.000000, inc_x_i = 1.000000, inc_y_i = 1.000000
En el else......

----------------------------------------
x = 26.000000, y = 256.000000
avance = -349.000000, avanceR = 2.000000, avanceI = 2.000000
inc_x_r = 0.000000, inc_y_r = 1.000000, inc_x_i = 1.000000, inc_y_i = 1.000000
En el else......

----------------------------------------
x = 26.000000, y = 257.000000
avance = -347.000000, avanceR = 2.000000, avanceI = 2.000000
inc_x_r = 0.000000, inc_y_r = 1.000000, inc_x_i = 1.000000, inc_y_i = 1.000000
En el else......

----------------------------------------
x = 26.000000, y = 258.000000
avance = -345.000000, avanceR = 2.000000, avanceI = 2.000000
inc_x_r = 0.000000, inc_y_r = 1.000000, inc_x_i = 1.000000, inc_y_i = 1.000000
En el else......

----------------------------------------
x = 26.000000, y = 259.000000
avance = -343.000000, avanceR = 2.000000, avanceI = 2.000000
inc_x_r = 0.000000, inc_y_r = 1.000000, inc_x_i = 1.000000, inc_y_i = 1.000000
En el else......

----------------------------------------
x = 26.000000, y = 260.000000
avance = -341.000000, avanceR = 2.000000, avanceI = 2.000000
inc_x_r = 0.000000, inc_y_r = 1.000000, inc_x_i = 1.000000, inc_y_i = 1.000000
En el else......

----------------------------------------
x = 26.000000, y = 261.000000
avance = -339.000000, avanceR = 2.000000, avanceI = 2.000000
inc_x_r = 0.000000, inc_y_r = 1.000000, inc_x_i = 1.000000, inc_y_i = 1.000000
En el else......

----------------------------------------
x = 26.000000, y = 262.000000
avance = -337.000000, avanceR = 2.000000, avanceI = 2.000000
inc_x_r = 0.000000, inc_y_r = 1.000000, inc_x_i = 1.000000, inc_y_i = 1.000000
En el else......

----------------------------------------
x = 26.000000, y = 263.000000
avance = -335.000000, avanceR = 2.000000, avanceI = 2.000000
inc_x_r = 0.000000, inc_y_r = 1.000000, inc_x_i = 1.000000, inc_y_i = 1.000000
En el else......

----------------------------------------
x = 26.000000, y = 264.000000
avance = -333.000000, avanceR = 2.000000, avanceI = 2.000000
inc_x_r = 0.000000, inc_y_r = 1.000000, inc_x_i = 1.000000, inc_y_i = 1.000000
En el else......

----------------------------------------
x = 26.000000, y = 265.000000
avance = -331.000000, avanceR = 2.000000, avanceI = 2.000000
inc_x_r = 0.000000, inc_y_r = 1.000000, inc_x_i = 1.000000, inc_y_i = 1.000000
En el else......

----------------------------------------
x = 26.000000, y = 266.000000
avance = -329.000000, avanceR = 2.000000, avanceI = 2.000000
inc_x_r = 0.000000, inc_y_r = 1.000000, inc_x_i = 1.000000, inc_y_i = 1.000000
En el else......

----------------------------------------
x = 26.000000, y = 267.000000
avance = -327.000000, avanceR = 2.000000, avanceI = 2.000000
inc_x_r = 0.000000, inc_y_r = 1.000000, inc_x_i = 1.000000, inc_y_i = 1.000000
En el else......

----------------------------------------
x = 26.000000, y = 268.000000
avance = -325.000000, avanceR = 2.000000, avanceI = 2.000000
inc_x_r = 0.000000, inc_y_r = 1.000000, inc_x_i = 1.000000, inc_y_i = 1.000000
En el else......

----------------------------------------
x = 26.000000, y = 269.000000
avance = -323.000000, avanceR = 2.000000, avanceI = 2.000000
inc_x_r = 0.000000, inc_y_r = 1.000000, inc_x_i = 1.000000, inc_y_i = 1.000000
En el else......

----------------------------------------
x = 26.000000, y = 270.000000
avance = -321.000000, avanceR = 2.000000, avanceI = 2.000000
inc_x_r = 0.000000, inc_y_r = 1.000000, inc_x_i = 1.000000, inc_y_i = 1.000000
En el else......

----------------------------------------
x = 26.000000, y = 271.000000
avance = -319.000000, avanceR = 2.000000, avanceI = 2.000000
inc_x_r = 0.000000, inc_y_r = 1.000000, inc_x_i = 1.000000, inc_y_i = 1.000000
En el else......

----------------------------------------
x = 26.000000, y = 272.000000
avance = -317.000000, avanceR = 2.000000, avanceI = 2.000000
inc_x_r = 0.000000, inc_y_r = 1.000000, inc_x_i = 1.000000, inc_y_i = 1.000000
En el else......

----------------------------------------
x = 26.000000, y = 273.000000
avance = -315.000000, avanceR = 2.000000, avanceI = 2.000000
inc_x_r = 0.000000, inc_y_r = 1.000000, inc_x_i = 1.000000, inc_y_i = 1.000000
En el else......

----------------------------------------
x = 26.000000, y = 274.000000
avance = -313.000000, avanceR = 2.000000, avanceI = 2.000000
inc_x_r = 0.000000, inc_y_r = 1.000000, inc_x_i = 1.000000, inc_y_i = 1.000000
En el else......

----------------------------------------
x = 26.000000, y = 275.000000
avance = -311.000000, avanceR = 2.000000, avanceI = 2.000000
inc_x_r = 0.000000, inc_y_r = 1.000000, inc_x_i = 1.000000, inc_y_i = 1.000000
En el else......

----------------------------------------
x = 26.000000, y = 276.000000
avance = -309.000000, avanceR = 2.000000, avanceI = 2.000000
inc_x_r = 0.000000, inc_y_r = 1.000000, inc_x_i = 1.000000, inc_y_i = 1.000000
En el else......

----------------------------------------
x = 26.000000, y = 277.000000
avance = -307.000000, avanceR = 2.000000, avanceI = 2.000000
inc_x_r = 0.000000, inc_y_r = 1.000000, inc_x_i = 1.000000, inc_y_i = 1.000000
En el else......

----------------------------------------
x = 26.000000, y = 278.000000
avance = -305.000000, avanceR = 2.000000, avanceI = 2.000000
inc_x_r = 0.000000, inc_y_r = 1.000000, inc_x_i = 1.000000, inc_y_i = 1.000000
En el else......

----------------------------------------
x = 26.000000, y = 279.000000
avance = -303.000000, avanceR = 2.000000, avanceI = 2.000000
inc_x_r = 0.000000, inc_y_r = 1.000000, inc_x_i = 1.000000, inc_y_i = 1.000000
En el else......

----------------------------------------
x = 26.000000, y = 280.000000
avance = -301.000000, avanceR = 2.000000, avanceI = 2.000000
inc_x_r = 0.000000, inc_y_r = 1.000000, inc_x_i = 1.000000, inc_y_i = 1.000000
En el else......

----------------------------------------
x = 26.000000, y = 281.000000
avance = -299.000000, avanceR = 2.000000, avanceI = 2.000000
inc_x_r = 0.000000, inc_y_r = 1.000000, inc_x_i = 1.000000, inc_y_i = 1.000000
En el else......

----------------------------------------
x = 26.000000, y = 282.000000
avance = -297.000000, avanceR = 2.000000, avanceI = 2.000000
inc_x_r = 0.000000, inc_y_r = 1.000000, inc_x_i = 1.000000, inc_y_i = 1.000000
En el else......

----------------------------------------
x = 26.000000, y = 283.000000
avance = -295.000000, avanceR = 2.000000, avanceI = 2.000000
inc_x_r = 0.000000, inc_y_r = 1.000000, inc_x_i = 1.000000, inc_y_i = 1.000000
En el else......

----------------------------------------
x = 26.000000, y = 284.000000
avance = -293.000000, avanceR = 2.000000, avanceI = 2.000000
inc_x_r = 0.000000, inc_y_r = 1.000000, inc_x_i = 1.000000, inc_y_i = 1.000000
En el else......

----------------------------------------
x = 26.000000, y = 285.000000
avance = -291.000000, avanceR = 2.000000, avanceI = 2.000000
inc_x_r = 0.000000, inc_y_r = 1.000000, inc_x_i = 1.000000, inc_y_i = 1.000000
En el else......

----------------------------------------
x = 26.000000, y = 286.000000
avance = -289.000000, avanceR = 2.000000, avanceI = 2.000000
inc_x_r = 0.000000, inc_y_r = 1.000000, inc_x_i = 1.000000, inc_y_i = 1.000000
En el else......

----------------------------------------
x = 26.000000, y = 287.000000
avance = -287.000000, avanceR = 2.000000, avanceI = 2.000000
inc_x_r = 0.000000, inc_y_r = 1.000000, inc_x_i = 1.000000, inc_y_i = 1.000000
En el else......

----------------------------------------
x = 26.000000, y = 288.000000
avance = -285.000000, avanceR = 2.000000, avanceI = 2.000000
inc_x_r = 0.000000, inc_y_r = 1.000000, inc_x_i = 1.000000, inc_y_i = 1.000000
En el else......

----------------------------------------
x = 26.000000, y = 289.000000
avance = -283.000000, avanceR = 2.000000, avanceI = 2.000000
inc_x_r = 0.000000, inc_y_r = 1.000000, inc_x_i = 1.000000, inc_y_i = 1.000000
En el else......

----------------------------------------
x = 26.000000, y = 290.000000
avance = -281.000000, avanceR = 2.000000, avanceI = 2.000000
inc_x_r = 0.000000, inc_y_r = 1.000000, inc_x_i = 1.000000, inc_y_i = 1.000000
En el else......

----------------------------------------
x = 26.000000, y = 291.000000
avance = -279.000000, avanceR = 2.000000, avanceI = 2.000000
inc_x_r = 0.000000, inc_y_r = 1.000000, inc_x_i = 1.000000, inc_y_i = 1.000000
En el else......

----------------------------------------
x = 26.000000, y = 292.000000
avance = -277.000000, avanceR = 2.000000, avanceI = 2.000000
inc_x_r = 0.000000, inc_y_r = 1.000000, inc_x_i = 1.000000, inc_y_i = 1.000000
En el else......

----------------------------------------
x = 26.000000, y = 293.000000
avance = -275.000000, avanceR = 2.000000, avanceI = 2.000000
inc_x_r = 0.000000, inc_y_r = 1.000000, inc_x_i = 1.000000, inc_y_i = 1.000000
En el else......

----------------------------------------
x = 26.000000, y = 294.000000
avance = -273.000000, avanceR = 2.000000, avanceI = 2.000000
inc_x_r = 0.000000, inc_y_r = 1.000000, inc_x_i = 1.000000, inc_y_i = 1.000000
En el else......

----------------------------------------
x = 26.000000, y = 295.000000
avance = -271.000000, avanceR = 2.000000, avanceI = 2.000000
inc_x_r = 0.000000, inc_y_r = 1.000000, inc_x_i = 1.000000, inc_y_i = 1.000000
En el else......

----------------------------------------
x = 26.000000, y = 296.000000
avance = -269.000000, avanceR = 2.000000, avanceI = 2.000000
inc_x_r = 0.000000, inc_y_r = 1.000000, inc_x_i = 1.000000, inc_y_i = 1.000000
En el else......

----------------------------------------
x = 26.000000, y = 297.000000
avance = -267.000000, avanceR = 2.000000, avanceI = 2.000000
inc_x_r = 0.000000, inc_y_r = 1.000000, inc_x_i = 1.000000, inc_y_i = 1.000000
En el else......

----------------------------------------
x = 26.000000, y = 298.000000
avance = -265.000000, avanceR = 2.000000, avanceI = 2.000000
inc_x_r = 0.000000, inc_y_r = 1.000000, inc_x_i = 1.000000, inc_y_i = 1.000000
En el else......

----------------------------------------
x = 26.000000, y = 299.000000
avance = -263.000000, avanceR = 2.000000, avanceI = 2.000000
inc_x_r = 0.000000, inc_y_r = 1.000000, inc_x_i = 1.000000, inc_y_i = 1.000000
En el else......

----------------------------------------
x = 26.000000, y = 300.000000
avance = -261.000000, avanceR = 2.000000, avanceI = 2.000000
inc_x_r = 0.000000, inc_y_r = 1.000000, inc_x_i = 1.000000, inc_y_i = 1.000000
En el else......

----------------------------------------
x = 26.000000, y = 301.000000
avance = -259.000000, avanceR = 2.000000, avanceI = 2.000000
inc_x_r = 0.000000, inc_y_r = 1.000000, inc_x_i = 1.000000, inc_y_i = 1.000000
En el else......

----------------------------------------
x = 26.000000, y = 302.000000
avance = -257.000000, avanceR = 2.000000, avanceI = 2.000000
inc_x_r = 0.000000, inc_y_r = 1.000000, inc_x_i = 1.000000, inc_y_i = 1.000000
En el else......

----------------------------------------
x = 26.000000, y = 303.000000
avance = -255.000000, avanceR = 2.000000, avanceI = 2.000000
inc_x_r = 0.000000, inc_y_r = 1.000000, inc_x_i = 1.000000, inc_y_i = 1.000000
En el else......

----------------------------------------
x = 26.000000, y = 304.000000
avance = -253.000000, avanceR = 2.000000, avanceI = 2.000000
inc_x_r = 0.000000, inc_y_r = 1.000000, inc_x_i = 1.000000, inc_y_i = 1.000000
En el else......

----------------------------------------
x = 26.000000, y = 305.000000
avance = -251.000000, avanceR = 2.000000, avanceI = 2.000000
inc_x_r = 0.000000, inc_y_r = 1.000000, inc_x_i = 1.000000, inc_y_i = 1.000000
En el else......

----------------------------------------


ENTRAMOS A BRESENHAMªªªª
x1 = 25.000000 - y1 = 55.000000 || x2 = 26.000000 - y2 = 306.000000
dy = 251.000000, dx = 1.000000
avances inclinados: inc_x_i = 1.000000, inc_y_i = 1.000000
updated: dy = 251.000000, dx = 1.000000
avances rectos: inc_x_r = 0.000000, inc_y_r 1.000000
reupdated: dy = 1.000000, dx = 251.000000
avanceR = 2.000000, avance -249.000000, avanceI 2.000000
----------------------------------------
x = 25.000000, y = 55.000000
avance = -249.000000, avanceR = 2.000000, avanceI = 2.000000
inc_x_r = 0.000000, inc_y_r = 1.000000, inc_x_i = 1.000000, inc_y_i = 1.000000
En el else......

----------------------------------------
x = 25.000000, y = 56.000000
avance = -247.000000, avanceR = 2.000000, avanceI = 2.000000
inc_x_r = 0.000000, inc_y_r = 1.000000, inc_x_i = 1.000000, inc_y_i = 1.000000
En el else......

----------------------------------------
x = 25.000000, y = 57.000000
avance = -245.000000, avanceR = 2.000000, avanceI = 2.000000
inc_x_r = 0.000000, inc_y_r = 1.000000, inc_x_i = 1.000000, inc_y_i = 1.000000
En el else......

----------------------------------------
x = 25.000000, y = 58.000000
avance = -243.000000, avanceR = 2.000000, avanceI = 2.000000
inc_x_r = 0.000000, inc_y_r = 1.000000, inc_x_i = 1.000000, inc_y_i = 1.000000
En el else......

----------------------------------------
x = 25.000000, y = 59.000000
avance = -241.000000, avanceR = 2.000000, avanceI = 2.000000
inc_x_r = 0.000000, inc_y_r = 1.000000, inc_x_i = 1.000000, inc_y_i = 1.000000
En el else......

----------------------------------------
x = 25.000000, y = 60.000000
avance = -239.000000, avanceR = 2.000000, avanceI = 2.000000
inc_x_r = 0.000000, inc_y_r = 1.000000, inc_x_i = 1.000000, inc_y_i = 1.000000
En el else......

----------------------------------------
x = 25.000000, y = 61.000000
avance = -237.000000, avanceR = 2.000000, avanceI = 2.000000
inc_x_r = 0.000000, inc_y_r = 1.000000, inc_x_i = 1.000000, inc_y_i = 1.000000
En el else......

----------------------------------------
x = 25.000000, y = 62.000000
avance = -235.000000, avanceR = 2.000000, avanceI = 2.000000
inc_x_r = 0.000000, inc_y_r = 1.000000, inc_x_i = 1.000000, inc_y_i = 1.000000
En el else......

----------------------------------------
x = 25.000000, y = 63.000000
avance = -233.000000, avanceR = 2.000000, avanceI = 2.000000
inc_x_r = 0.000000, inc_y_r = 1.000000, inc_x_i = 1.000000, inc_y_i = 1.000000
En el else......

----------------------------------------
x = 25.000000, y = 64.000000
avance = -231.000000, avanceR = 2.000000, avanceI = 2.000000
inc_x_r = 0.000000, inc_y_r = 1.000000, inc_x_i = 1.000000, inc_y_i = 1.000000
En el else......

----------------------------------------
x = 25.000000, y = 65.000000
avance = -229.000000, avanceR = 2.000000, avanceI = 2.000000
inc_x_r = 0.000000, inc_y_r = 1.000000, inc_x_i = 1.000000, inc_y_i = 1.000000
En el else......

----------------------------------------
x = 25.000000, y = 66.000000
avance = -227.000000, avanceR = 2.000000, avanceI = 2.000000
inc_x_r = 0.000000, inc_y_r = 1.000000, inc_x_i = 1.000000, inc_y_i = 1.000000
En el else......

----------------------------------------
x = 25.000000, y = 67.000000
avance = -225.000000, avanceR = 2.000000, avanceI = 2.000000
inc_x_r = 0.000000, inc_y_r = 1.000000, inc_x_i = 1.000000, inc_y_i = 1.000000
En el else......

----------------------------------------
x = 25.000000, y = 68.000000
avance = -223.000000, avanceR = 2.000000, avanceI = 2.000000
inc_x_r = 0.000000, inc_y_r = 1.000000, inc_x_i = 1.000000, inc_y_i = 1.000000
En el else......

----------------------------------------
x = 25.000000, y = 69.000000
avance = -221.000000, avanceR = 2.000000, avanceI = 2.000000
inc_x_r = 0.000000, inc_y_r = 1.000000, inc_x_i = 1.000000, inc_y_i = 1.000000
En el else......

----------------------------------------
x = 25.000000, y = 70.000000
avance = -219.000000, avanceR = 2.000000, avanceI = 2.000000
inc_x_r = 0.000000, inc_y_r = 1.000000, inc_x_i = 1.000000, inc_y_i = 1.000000
En el else......

----------------------------------------
x = 25.000000, y = 71.000000
avance = -217.000000, avanceR = 2.000000, avanceI = 2.000000
inc_x_r = 0.000000, inc_y_r = 1.000000, inc_x_i = 1.000000, inc_y_i = 1.000000
En el else......

----------------------------------------
x = 25.000000, y = 72.000000
avance = -215.000000, avanceR = 2.000000, avanceI = 2.000000
inc_x_r = 0.000000, inc_y_r = 1.000000, inc_x_i = 1.000000, inc_y_i = 1.000000
En el else......

----------------------------------------
x = 25.000000, y = 73.000000
avance = -213.000000, avanceR = 2.000000, avanceI = 2.000000
inc_x_r = 0.000000, inc_y_r = 1.000000, inc_x_i = 1.000000, inc_y_i = 1.000000
En el else......

----------------------------------------
x = 25.000000, y = 74.000000
avance = -211.000000, avanceR = 2.000000, avanceI = 2.000000
inc_x_r = 0.000000, inc_y_r = 1.000000, inc_x_i = 1.000000, inc_y_i = 1.000000
En el else......

----------------------------------------
x = 25.000000, y = 75.000000
avance = -209.000000, avanceR = 2.000000, avanceI = 2.000000
inc_x_r = 0.000000, inc_y_r = 1.000000, inc_x_i = 1.000000, inc_y_i = 1.000000
En el else......

----------------------------------------
x = 25.000000, y = 76.000000
avance = -207.000000, avanceR = 2.000000, avanceI = 2.000000
inc_x_r = 0.000000, inc_y_r = 1.000000, inc_x_i = 1.000000, inc_y_i = 1.000000
En el else......

----------------------------------------
x = 25.000000, y = 77.000000
avance = -205.000000, avanceR = 2.000000, avanceI = 2.000000
inc_x_r = 0.000000, inc_y_r = 1.000000, inc_x_i = 1.000000, inc_y_i = 1.000000
En el else......

----------------------------------------
x = 25.000000, y = 78.000000
avance = -203.000000, avanceR = 2.000000, avanceI = 2.000000
inc_x_r = 0.000000, inc_y_r = 1.000000, inc_x_i = 1.000000, inc_y_i = 1.000000
En el else......

----------------------------------------
x = 25.000000, y = 79.000000
avance = -201.000000, avanceR = 2.000000, avanceI = 2.000000
inc_x_r = 0.000000, inc_y_r = 1.000000, inc_x_i = 1.000000, inc_y_i = 1.000000
En el else......

----------------------------------------
x = 25.000000, y = 80.000000
avance = -199.000000, avanceR = 2.000000, avanceI = 2.000000
inc_x_r = 0.000000, inc_y_r = 1.000000, inc_x_i = 1.000000, inc_y_i = 1.000000
En el else......

----------------------------------------
x = 25.000000, y = 81.000000
avance = -197.000000, avanceR = 2.000000, avanceI = 2.000000
inc_x_r = 0.000000, inc_y_r = 1.000000, inc_x_i = 1.000000, inc_y_i = 1.000000
En el else......

----------------------------------------
x = 25.000000, y = 82.000000
avance = -195.000000, avanceR = 2.000000, avanceI = 2.000000
inc_x_r = 0.000000, inc_y_r = 1.000000, inc_x_i = 1.000000, inc_y_i = 1.000000
En el else......

----------------------------------------
x = 25.000000, y = 83.000000
avance = -193.000000, avanceR = 2.000000, avanceI = 2.000000
inc_x_r = 0.000000, inc_y_r = 1.000000, inc_x_i = 1.000000, inc_y_i = 1.000000
En el else......

----------------------------------------
x = 25.000000, y = 84.000000
avance = -191.000000, avanceR = 2.000000, avanceI = 2.000000
inc_x_r = 0.000000, inc_y_r = 1.000000, inc_x_i = 1.000000, inc_y_i = 1.000000
En el else......

----------------------------------------
x = 25.000000, y = 85.000000
avance = -189.000000, avanceR = 2.000000, avanceI = 2.000000
inc_x_r = 0.000000, inc_y_r = 1.000000, inc_x_i = 1.000000, inc_y_i = 1.000000
En el else......

----------------------------------------
x = 25.000000, y = 86.000000
avance = -187.000000, avanceR = 2.000000, avanceI = 2.000000
inc_x_r = 0.000000, inc_y_r = 1.000000, inc_x_i = 1.000000, inc_y_i = 1.000000
En el else......

----------------------------------------
x = 25.000000, y = 87.000000
avance = -185.000000, avanceR = 2.000000, avanceI = 2.000000
inc_x_r = 0.000000, inc_y_r = 1.000000, inc_x_i = 1.000000, inc_y_i = 1.000000
En el else......

----------------------------------------
x = 25.000000, y = 88.000000
avance = -183.000000, avanceR = 2.000000, avanceI = 2.000000
inc_x_r = 0.000000, inc_y_r = 1.000000, inc_x_i = 1.000000, inc_y_i = 1.000000
En el else......

----------------------------------------
x = 25.000000, y = 89.000000
avance = -181.000000, avanceR = 2.000000, avanceI = 2.000000
inc_x_r = 0.000000, inc_y_r = 1.000000, inc_x_i = 1.000000, inc_y_i = 1.000000
En el else......

----------------------------------------
x = 25.000000, y = 90.000000
avance = -179.000000, avanceR = 2.000000, avanceI = 2.000000
inc_x_r = 0.000000, inc_y_r = 1.000000, inc_x_i = 1.000000, inc_y_i = 1.000000
En el else......

----------------------------------------
x = 25.000000, y = 91.000000
avance = -177.000000, avanceR = 2.000000, avanceI = 2.000000
inc_x_r = 0.000000, inc_y_r = 1.000000, inc_x_i = 1.000000, inc_y_i = 1.000000
En el else......

----------------------------------------
x = 25.000000, y = 92.000000
avance = -175.000000, avanceR = 2.000000, avanceI = 2.000000
inc_x_r = 0.000000, inc_y_r = 1.000000, inc_x_i = 1.000000, inc_y_i = 1.000000
En el else......

----------------------------------------
x = 25.000000, y = 93.000000
avance = -173.000000, avanceR = 2.000000, avanceI = 2.000000
inc_x_r = 0.000000, inc_y_r = 1.000000, inc_x_i = 1.000000, inc_y_i = 1.000000
En el else......

----------------------------------------
x = 25.000000, y = 94.000000
avance = -171.000000, avanceR = 2.000000, avanceI = 2.000000
inc_x_r = 0.000000, inc_y_r = 1.000000, inc_x_i = 1.000000, inc_y_i = 1.000000
En el else......

----------------------------------------
x = 25.000000, y = 95.000000
avance = -169.000000, avanceR = 2.000000, avanceI = 2.000000
inc_x_r = 0.000000, inc_y_r = 1.000000, inc_x_i = 1.000000, inc_y_i = 1.000000
En el else......

----------------------------------------
x = 25.000000, y = 96.000000
avance = -167.000000, avanceR = 2.000000, avanceI = 2.000000
inc_x_r = 0.000000, inc_y_r = 1.000000, inc_x_i = 1.000000, inc_y_i = 1.000000
En el else......

----------------------------------------
x = 25.000000, y = 97.000000
avance = -165.000000, avanceR = 2.000000, avanceI = 2.000000
inc_x_r = 0.000000, inc_y_r = 1.000000, inc_x_i = 1.000000, inc_y_i = 1.000000
En el else......

----------------------------------------
x = 25.000000, y = 98.000000
avance = -163.000000, avanceR = 2.000000, avanceI = 2.000000
inc_x_r = 0.000000, inc_y_r = 1.000000, inc_x_i = 1.000000, inc_y_i = 1.000000
En el else......

----------------------------------------
x = 25.000000, y = 99.000000
avance = -161.000000, avanceR = 2.000000, avanceI = 2.000000
inc_x_r = 0.000000, inc_y_r = 1.000000, inc_x_i = 1.000000, inc_y_i = 1.000000
En el else......

----------------------------------------
x = 25.000000, y = 100.000000
avance = -159.000000, avanceR = 2.000000, avanceI = 2.000000
inc_x_r = 0.000000, inc_y_r = 1.000000, inc_x_i = 1.000000, inc_y_i = 1.000000
En el else......

----------------------------------------
x = 25.000000, y = 101.000000
avance = -157.000000, avanceR = 2.000000, avanceI = 2.000000
inc_x_r = 0.000000, inc_y_r = 1.000000, inc_x_i = 1.000000, inc_y_i = 1.000000
En el else......

----------------------------------------
x = 25.000000, y = 102.000000
avance = -155.000000, avanceR = 2.000000, avanceI = 2.000000
inc_x_r = 0.000000, inc_y_r = 1.000000, inc_x_i = 1.000000, inc_y_i = 1.000000
En el else......

----------------------------------------
x = 25.000000, y = 103.000000
avance = -153.000000, avanceR = 2.000000, avanceI = 2.000000
inc_x_r = 0.000000, inc_y_r = 1.000000, inc_x_i = 1.000000, inc_y_i = 1.000000
En el else......

----------------------------------------
x = 25.000000, y = 104.000000
avance = -151.000000, avanceR = 2.000000, avanceI = 2.000000
inc_x_r = 0.000000, inc_y_r = 1.000000, inc_x_i = 1.000000, inc_y_i = 1.000000
En el else......

----------------------------------------
x = 25.000000, y = 105.000000
avance = -149.000000, avanceR = 2.000000, avanceI = 2.000000
inc_x_r = 0.000000, inc_y_r = 1.000000, inc_x_i = 1.000000, inc_y_i = 1.000000
En el else......

----------------------------------------
x = 25.000000, y = 106.000000
avance = -147.000000, avanceR = 2.000000, avanceI = 2.000000
inc_x_r = 0.000000, inc_y_r = 1.000000, inc_x_i = 1.000000, inc_y_i = 1.000000
En el else......

----------------------------------------
x = 25.000000, y = 107.000000
avance = -145.000000, avanceR = 2.000000, avanceI = 2.000000
inc_x_r = 0.000000, inc_y_r = 1.000000, inc_x_i = 1.000000, inc_y_i = 1.000000
En el else......

----------------------------------------
x = 25.000000, y = 108.000000
avance = -143.000000, avanceR = 2.000000, avanceI = 2.000000
inc_x_r = 0.000000, inc_y_r = 1.000000, inc_x_i = 1.000000, inc_y_i = 1.000000
En el else......

----------------------------------------
x = 25.000000, y = 109.000000
avance = -141.000000, avanceR = 2.000000, avanceI = 2.000000
inc_x_r = 0.000000, inc_y_r = 1.000000, inc_x_i = 1.000000, inc_y_i = 1.000000
En el else......

----------------------------------------
x = 25.000000, y = 110.000000
avance = -139.000000, avanceR = 2.000000, avanceI = 2.000000
inc_x_r = 0.000000, inc_y_r = 1.000000, inc_x_i = 1.000000, inc_y_i = 1.000000
En el else......

----------------------------------------
x = 25.000000, y = 111.000000
avance = -137.000000, avanceR = 2.000000, avanceI = 2.000000
inc_x_r = 0.000000, inc_y_r = 1.000000, inc_x_i = 1.000000, inc_y_i = 1.000000
En el else......

----------------------------------------
x = 25.000000, y = 112.000000
avance = -135.000000, avanceR = 2.000000, avanceI = 2.000000
inc_x_r = 0.000000, inc_y_r = 1.000000, inc_x_i = 1.000000, inc_y_i = 1.000000
En el else......

----------------------------------------
x = 25.000000, y = 113.000000
avance = -133.000000, avanceR = 2.000000, avanceI = 2.000000
inc_x_r = 0.000000, inc_y_r = 1.000000, inc_x_i = 1.000000, inc_y_i = 1.000000
En el else......

----------------------------------------
x = 25.000000, y = 114.000000
avance = -131.000000, avanceR = 2.000000, avanceI = 2.000000
inc_x_r = 0.000000, inc_y_r = 1.000000, inc_x_i = 1.000000, inc_y_i = 1.000000
En el else......

----------------------------------------
x = 25.000000, y = 115.000000
avance = -129.000000, avanceR = 2.000000, avanceI = 2.000000
inc_x_r = 0.000000, inc_y_r = 1.000000, inc_x_i = 1.000000, inc_y_i = 1.000000
En el else......

----------------------------------------
x = 25.000000, y = 116.000000
avance = -127.000000, avanceR = 2.000000, avanceI = 2.000000
inc_x_r = 0.000000, inc_y_r = 1.000000, inc_x_i = 1.000000, inc_y_i = 1.000000
En el else......

----------------------------------------
x = 25.000000, y = 117.000000
avance = -125.000000, avanceR = 2.000000, avanceI = 2.000000
inc_x_r = 0.000000, inc_y_r = 1.000000, inc_x_i = 1.000000, inc_y_i = 1.000000
En el else......

----------------------------------------
x = 25.000000, y = 118.000000
avance = -123.000000, avanceR = 2.000000, avanceI = 2.000000
inc_x_r = 0.000000, inc_y_r = 1.000000, inc_x_i = 1.000000, inc_y_i = 1.000000
En el else......

----------------------------------------
x = 25.000000, y = 119.000000
avance = -121.000000, avanceR = 2.000000, avanceI = 2.000000
inc_x_r = 0.000000, inc_y_r = 1.000000, inc_x_i = 1.000000, inc_y_i = 1.000000
En el else......

----------------------------------------
x = 25.000000, y = 120.000000
avance = -119.000000, avanceR = 2.000000, avanceI = 2.000000
inc_x_r = 0.000000, inc_y_r = 1.000000, inc_x_i = 1.000000, inc_y_i = 1.000000
En el else......

----------------------------------------
x = 25.000000, y = 121.000000
avance = -117.000000, avanceR = 2.000000, avanceI = 2.000000
inc_x_r = 0.000000, inc_y_r = 1.000000, inc_x_i = 1.000000, inc_y_i = 1.000000
En el else......

----------------------------------------
x = 25.000000, y = 122.000000
avance = -115.000000, avanceR = 2.000000, avanceI = 2.000000
inc_x_r = 0.000000, inc_y_r = 1.000000, inc_x_i = 1.000000, inc_y_i = 1.000000
En el else......

----------------------------------------
x = 25.000000, y = 123.000000
avance = -113.000000, avanceR = 2.000000, avanceI = 2.000000
inc_x_r = 0.000000, inc_y_r = 1.000000, inc_x_i = 1.000000, inc_y_i = 1.000000
En el else......

----------------------------------------
x = 25.000000, y = 124.000000
avance = -111.000000, avanceR = 2.000000, avanceI = 2.000000
inc_x_r = 0.000000, inc_y_r = 1.000000, inc_x_i = 1.000000, inc_y_i = 1.000000
En el else......

----------------------------------------
x = 25.000000, y = 125.000000
avance = -109.000000, avanceR = 2.000000, avanceI = 2.000000
inc_x_r = 0.000000, inc_y_r = 1.000000, inc_x_i = 1.000000, inc_y_i = 1.000000
En el else......

----------------------------------------
x = 25.000000, y = 126.000000
avance = -107.000000, avanceR = 2.000000, avanceI = 2.000000
inc_x_r = 0.000000, inc_y_r = 1.000000, inc_x_i = 1.000000, inc_y_i = 1.000000
En el else......

----------------------------------------
x = 25.000000, y = 127.000000
avance = -105.000000, avanceR = 2.000000, avanceI = 2.000000
inc_x_r = 0.000000, inc_y_r = 1.000000, inc_x_i = 1.000000, inc_y_i = 1.000000
En el else......

----------------------------------------
x = 25.000000, y = 128.000000
avance = -103.000000, avanceR = 2.000000, avanceI = 2.000000
inc_x_r = 0.000000, inc_y_r = 1.000000, inc_x_i = 1.000000, inc_y_i = 1.000000
En el else......

----------------------------------------
x = 25.000000, y = 129.000000
avance = -101.000000, avanceR = 2.000000, avanceI = 2.000000
inc_x_r = 0.000000, inc_y_r = 1.000000, inc_x_i = 1.000000, inc_y_i = 1.000000
En el else......

----------------------------------------
x = 25.000000, y = 130.000000
avance = -99.000000, avanceR = 2.000000, avanceI = 2.000000
inc_x_r = 0.000000, inc_y_r = 1.000000, inc_x_i = 1.000000, inc_y_i = 1.000000
En el else......

----------------------------------------
x = 25.000000, y = 131.000000
avance = -97.000000, avanceR = 2.000000, avanceI = 2.000000
inc_x_r = 0.000000, inc_y_r = 1.000000, inc_x_i = 1.000000, inc_y_i = 1.000000
En el else......

----------------------------------------
x = 25.000000, y = 132.000000
avance = -95.000000, avanceR = 2.000000, avanceI = 2.000000
inc_x_r = 0.000000, inc_y_r = 1.000000, inc_x_i = 1.000000, inc_y_i = 1.000000
En el else......

----------------------------------------
x = 25.000000, y = 133.000000
avance = -93.000000, avanceR = 2.000000, avanceI = 2.000000
inc_x_r = 0.000000, inc_y_r = 1.000000, inc_x_i = 1.000000, inc_y_i = 1.000000
En el else......

----------------------------------------
x = 25.000000, y = 134.000000
avance = -91.000000, avanceR = 2.000000, avanceI = 2.000000
inc_x_r = 0.000000, inc_y_r = 1.000000, inc_x_i = 1.000000, inc_y_i = 1.000000
En el else......

----------------------------------------
x = 25.000000, y = 135.000000
avance = -89.000000, avanceR = 2.000000, avanceI = 2.000000
inc_x_r = 0.000000, inc_y_r = 1.000000, inc_x_i = 1.000000, inc_y_i = 1.000000
En el else......

----------------------------------------
x = 25.000000, y = 136.000000
avance = -87.000000, avanceR = 2.000000, avanceI = 2.000000
inc_x_r = 0.000000, inc_y_r = 1.000000, inc_x_i = 1.000000, inc_y_i = 1.000000
En el else......

----------------------------------------
x = 25.000000, y = 137.000000
avance = -85.000000, avanceR = 2.000000, avanceI = 2.000000
inc_x_r = 0.000000, inc_y_r = 1.000000, inc_x_i = 1.000000, inc_y_i = 1.000000
En el else......

----------------------------------------
x = 25.000000, y = 138.000000
avance = -83.000000, avanceR = 2.000000, avanceI = 2.000000
inc_x_r = 0.000000, inc_y_r = 1.000000, inc_x_i = 1.000000, inc_y_i = 1.000000
En el else......

----------------------------------------
x = 25.000000, y = 139.000000
avance = -81.000000, avanceR = 2.000000, avanceI = 2.000000
inc_x_r = 0.000000, inc_y_r = 1.000000, inc_x_i = 1.000000, inc_y_i = 1.000000
En el else......

----------------------------------------
x = 25.000000, y = 140.000000
avance = -79.000000, avanceR = 2.000000, avanceI = 2.000000
inc_x_r = 0.000000, inc_y_r = 1.000000, inc_x_i = 1.000000, inc_y_i = 1.000000
En el else......

----------------------------------------
x = 25.000000, y = 141.000000
avance = -77.000000, avanceR = 2.000000, avanceI = 2.000000
inc_x_r = 0.000000, inc_y_r = 1.000000, inc_x_i = 1.000000, inc_y_i = 1.000000
En el else......

----------------------------------------
x = 25.000000, y = 142.000000
avance = -75.000000, avanceR = 2.000000, avanceI = 2.000000
inc_x_r = 0.000000, inc_y_r = 1.000000, inc_x_i = 1.000000, inc_y_i = 1.000000
En el else......

----------------------------------------
x = 25.000000, y = 143.000000
avance = -73.000000, avanceR = 2.000000, avanceI = 2.000000
inc_x_r = 0.000000, inc_y_r = 1.000000, inc_x_i = 1.000000, inc_y_i = 1.000000
En el else......

----------------------------------------
x = 25.000000, y = 144.000000
avance = -71.000000, avanceR = 2.000000, avanceI = 2.000000
inc_x_r = 0.000000, inc_y_r = 1.000000, inc_x_i = 1.000000, inc_y_i = 1.000000
En el else......

----------------------------------------
x = 25.000000, y = 145.000000
avance = -69.000000, avanceR = 2.000000, avanceI = 2.000000
inc_x_r = 0.000000, inc_y_r = 1.000000, inc_x_i = 1.000000, inc_y_i = 1.000000
En el else......

----------------------------------------
x = 25.000000, y = 146.000000
avance = -67.000000, avanceR = 2.000000, avanceI = 2.000000
inc_x_r = 0.000000, inc_y_r = 1.000000, inc_x_i = 1.000000, inc_y_i = 1.000000
En el else......

----------------------------------------
x = 25.000000, y = 147.000000
avance = -65.000000, avanceR = 2.000000, avanceI = 2.000000
inc_x_r = 0.000000, inc_y_r = 1.000000, inc_x_i = 1.000000, inc_y_i = 1.000000
En el else......

----------------------------------------
x = 25.000000, y = 148.000000
avance = -63.000000, avanceR = 2.000000, avanceI = 2.000000
inc_x_r = 0.000000, inc_y_r = 1.000000, inc_x_i = 1.000000, inc_y_i = 1.000000
En el else......

----------------------------------------
x = 25.000000, y = 149.000000
avance = -61.000000, avanceR = 2.000000, avanceI = 2.000000
inc_x_r = 0.000000, inc_y_r = 1.000000, inc_x_i = 1.000000, inc_y_i = 1.000000
En el else......

----------------------------------------
x = 25.000000, y = 150.000000
avance = -59.000000, avanceR = 2.000000, avanceI = 2.000000
inc_x_r = 0.000000, inc_y_r = 1.000000, inc_x_i = 1.000000, inc_y_i = 1.000000
En el else......

----------------------------------------
x = 25.000000, y = 151.000000
avance = -57.000000, avanceR = 2.000000, avanceI = 2.000000
inc_x_r = 0.000000, inc_y_r = 1.000000, inc_x_i = 1.000000, inc_y_i = 1.000000
En el else......

----------------------------------------
x = 25.000000, y = 152.000000
avance = -55.000000, avanceR = 2.000000, avanceI = 2.000000
inc_x_r = 0.000000, inc_y_r = 1.000000, inc_x_i = 1.000000, inc_y_i = 1.000000
En el else......

----------------------------------------
x = 25.000000, y = 153.000000
avance = -53.000000, avanceR = 2.000000, avanceI = 2.000000
inc_x_r = 0.000000, inc_y_r = 1.000000, inc_x_i = 1.000000, inc_y_i = 1.000000
En el else......

----------------------------------------
x = 25.000000, y = 154.000000
avance = -51.000000, avanceR = 2.000000, avanceI = 2.000000
inc_x_r = 0.000000, inc_y_r = 1.000000, inc_x_i = 1.000000, inc_y_i = 1.000000
En el else......

----------------------------------------
x = 25.000000, y = 155.000000
avance = -49.000000, avanceR = 2.000000, avanceI = 2.000000
inc_x_r = 0.000000, inc_y_r = 1.000000, inc_x_i = 1.000000, inc_y_i = 1.000000
En el else......

----------------------------------------
x = 25.000000, y = 156.000000
avance = -47.000000, avanceR = 2.000000, avanceI = 2.000000
inc_x_r = 0.000000, inc_y_r = 1.000000, inc_x_i = 1.000000, inc_y_i = 1.000000
En el else......

----------------------------------------
x = 25.000000, y = 157.000000
avance = -45.000000, avanceR = 2.000000, avanceI = 2.000000
inc_x_r = 0.000000, inc_y_r = 1.000000, inc_x_i = 1.000000, inc_y_i = 1.000000
En el else......

----------------------------------------
x = 25.000000, y = 158.000000
avance = -43.000000, avanceR = 2.000000, avanceI = 2.000000
inc_x_r = 0.000000, inc_y_r = 1.000000, inc_x_i = 1.000000, inc_y_i = 1.000000
En el else......

----------------------------------------
x = 25.000000, y = 159.000000
avance = -41.000000, avanceR = 2.000000, avanceI = 2.000000
inc_x_r = 0.000000, inc_y_r = 1.000000, inc_x_i = 1.000000, inc_y_i = 1.000000
En el else......

----------------------------------------
x = 25.000000, y = 160.000000
avance = -39.000000, avanceR = 2.000000, avanceI = 2.000000
inc_x_r = 0.000000, inc_y_r = 1.000000, inc_x_i = 1.000000, inc_y_i = 1.000000
En el else......

----------------------------------------
x = 25.000000, y = 161.000000
avance = -37.000000, avanceR = 2.000000, avanceI = 2.000000
inc_x_r = 0.000000, inc_y_r = 1.000000, inc_x_i = 1.000000, inc_y_i = 1.000000
En el else......

----------------------------------------
x = 25.000000, y = 162.000000
avance = -35.000000, avanceR = 2.000000, avanceI = 2.000000
inc_x_r = 0.000000, inc_y_r = 1.000000, inc_x_i = 1.000000, inc_y_i = 1.000000
En el else......

----------------------------------------
x = 25.000000, y = 163.000000
avance = -33.000000, avanceR = 2.000000, avanceI = 2.000000
inc_x_r = 0.000000, inc_y_r = 1.000000, inc_x_i = 1.000000, inc_y_i = 1.000000
En el else......

----------------------------------------
x = 25.000000, y = 164.000000
avance = -31.000000, avanceR = 2.000000, avanceI = 2.000000
inc_x_r = 0.000000, inc_y_r = 1.000000, inc_x_i = 1.000000, inc_y_i = 1.000000
En el else......

----------------------------------------
x = 25.000000, y = 165.000000
avance = -29.000000, avanceR = 2.000000, avanceI = 2.000000
inc_x_r = 0.000000, inc_y_r = 1.000000, inc_x_i = 1.000000, inc_y_i = 1.000000
En el else......

----------------------------------------
x = 25.000000, y = 166.000000
avance = -27.000000, avanceR = 2.000000, avanceI = 2.000000
inc_x_r = 0.000000, inc_y_r = 1.000000, inc_x_i = 1.000000, inc_y_i = 1.000000
En el else......

----------------------------------------
x = 25.000000, y = 167.000000
avance = -25.000000, avanceR = 2.000000, avanceI = 2.000000
inc_x_r = 0.000000, inc_y_r = 1.000000, inc_x_i = 1.000000, inc_y_i = 1.000000
En el else......

----------------------------------------
x = 25.000000, y = 168.000000
avance = -23.000000, avanceR = 2.000000, avanceI = 2.000000
inc_x_r = 0.000000, inc_y_r = 1.000000, inc_x_i = 1.000000, inc_y_i = 1.000000
En el else......

----------------------------------------
x = 25.000000, y = 169.000000
avance = -21.000000, avanceR = 2.000000, avanceI = 2.000000
inc_x_r = 0.000000, inc_y_r = 1.000000, inc_x_i = 1.000000, inc_y_i = 1.000000
En el else......

----------------------------------------
x = 25.000000, y = 170.000000
avance = -19.000000, avanceR = 2.000000, avanceI = 2.000000
inc_x_r = 0.000000, inc_y_r = 1.000000, inc_x_i = 1.000000, inc_y_i = 1.000000
En el else......

----------------------------------------
x = 25.000000, y = 171.000000
avance = -17.000000, avanceR = 2.000000, avanceI = 2.000000
inc_x_r = 0.000000, inc_y_r = 1.000000, inc_x_i = 1.000000, inc_y_i = 1.000000
En el else......

----------------------------------------
x = 25.000000, y = 172.000000
avance = -15.000000, avanceR = 2.000000, avanceI = 2.000000
inc_x_r = 0.000000, inc_y_r = 1.000000, inc_x_i = 1.000000, inc_y_i = 1.000000
En el else......

----------------------------------------
x = 25.000000, y = 173.000000
avance = -13.000000, avanceR = 2.000000, avanceI = 2.000000
inc_x_r = 0.000000, inc_y_r = 1.000000, inc_x_i = 1.000000, inc_y_i = 1.000000
En el else......

----------------------------------------
x = 25.000000, y = 174.000000
avance = -11.000000, avanceR = 2.000000, avanceI = 2.000000
inc_x_r = 0.000000, inc_y_r = 1.000000, inc_x_i = 1.000000, inc_y_i = 1.000000
En el else......

----------------------------------------
x = 25.000000, y = 175.000000
avance = -9.000000, avanceR = 2.000000, avanceI = 2.000000
inc_x_r = 0.000000, inc_y_r = 1.000000, inc_x_i = 1.000000, inc_y_i = 1.000000
En el else......

----------------------------------------
x = 25.000000, y = 176.000000
avance = -7.000000, avanceR = 2.000000, avanceI = 2.000000
inc_x_r = 0.000000, inc_y_r = 1.000000, inc_x_i = 1.000000, inc_y_i = 1.000000
En el else......

----------------------------------------
x = 25.000000, y = 177.000000
avance = -5.000000, avanceR = 2.000000, avanceI = 2.000000
inc_x_r = 0.000000, inc_y_r = 1.000000, inc_x_i = 1.000000, inc_y_i = 1.000000
En el else......

----------------------------------------
x = 25.000000, y = 178.000000
avance = -3.000000, avanceR = 2.000000, avanceI = 2.000000
inc_x_r = 0.000000, inc_y_r = 1.000000, inc_x_i = 1.000000, inc_y_i = 1.000000
En el else......

----------------------------------------
x = 25.000000, y = 179.000000
avance = -1.000000, avanceR = 2.000000, avanceI = 2.000000
inc_x_r = 0.000000, inc_y_r = 1.000000, inc_x_i = 1.000000, inc_y_i = 1.000000
En el else......

----------------------------------------
x = 25.000000, y = 180.000000
avance = 1.000000, avanceR = 2.000000, avanceI = 2.000000
inc_x_r = 0.000000, inc_y_r = 1.000000, inc_x_i = 1.000000, inc_y_i = 1.000000
avance >= 0

----------------------------------------
x = 26.000000, y = 181.000000
avance = -499.000000, avanceR = 2.000000, avanceI = 2.000000
inc_x_r = 0.000000, inc_y_r = 1.000000, inc_x_i = 1.000000, inc_y_i = 1.000000
En el else......

----------------------------------------
x = 26.000000, y = 182.000000
avance = -497.000000, avanceR = 2.000000, avanceI = 2.000000
inc_x_r = 0.000000, inc_y_r = 1.000000, inc_x_i = 1.000000, inc_y_i = 1.000000
En el else......

----------------------------------------
x = 26.000000, y = 183.000000
avance = -495.000000, avanceR = 2.000000, avanceI = 2.000000
inc_x_r = 0.000000, inc_y_r = 1.000000, inc_x_i = 1.000000, inc_y_i = 1.000000
En el else......

----------------------------------------
x = 26.000000, y = 184.000000
avance = -493.000000, avanceR = 2.000000, avanceI = 2.000000
inc_x_r = 0.000000, inc_y_r = 1.000000, inc_x_i = 1.000000, inc_y_i = 1.000000
En el else......

----------------------------------------
x = 26.000000, y = 185.000000
avance = -491.000000, avanceR = 2.000000, avanceI = 2.000000
inc_x_r = 0.000000, inc_y_r = 1.000000, inc_x_i = 1.000000, inc_y_i = 1.000000
En el else......

----------------------------------------
x = 26.000000, y = 186.000000
avance = -489.000000, avanceR = 2.000000, avanceI = 2.000000
inc_x_r = 0.000000, inc_y_r = 1.000000, inc_x_i = 1.000000, inc_y_i = 1.000000
En el else......

----------------------------------------
x = 26.000000, y = 187.000000
avance = -487.000000, avanceR = 2.000000, avanceI = 2.000000
inc_x_r = 0.000000, inc_y_r = 1.000000, inc_x_i = 1.000000, inc_y_i = 1.000000
En el else......

----------------------------------------
x = 26.000000, y = 188.000000
avance = -485.000000, avanceR = 2.000000, avanceI = 2.000000
inc_x_r = 0.000000, inc_y_r = 1.000000, inc_x_i = 1.000000, inc_y_i = 1.000000
En el else......

----------------------------------------
x = 26.000000, y = 189.000000
avance = -483.000000, avanceR = 2.000000, avanceI = 2.000000
inc_x_r = 0.000000, inc_y_r = 1.000000, inc_x_i = 1.000000, inc_y_i = 1.000000
En el else......

----------------------------------------
x = 26.000000, y = 190.000000
avance = -481.000000, avanceR = 2.000000, avanceI = 2.000000
inc_x_r = 0.000000, inc_y_r = 1.000000, inc_x_i = 1.000000, inc_y_i = 1.000000
En el else......

----------------------------------------
x = 26.000000, y = 191.000000
avance = -479.000000, avanceR = 2.000000, avanceI = 2.000000
inc_x_r = 0.000000, inc_y_r = 1.000000, inc_x_i = 1.000000, inc_y_i = 1.000000
En el else......

----------------------------------------
x = 26.000000, y = 192.000000
avance = -477.000000, avanceR = 2.000000, avanceI = 2.000000
inc_x_r = 0.000000, inc_y_r = 1.000000, inc_x_i = 1.000000, inc_y_i = 1.000000
En el else......

----------------------------------------
x = 26.000000, y = 193.000000
avance = -475.000000, avanceR = 2.000000, avanceI = 2.000000
inc_x_r = 0.000000, inc_y_r = 1.000000, inc_x_i = 1.000000, inc_y_i = 1.000000
En el else......

----------------------------------------
x = 26.000000, y = 194.000000
avance = -473.000000, avanceR = 2.000000, avanceI = 2.000000
inc_x_r = 0.000000, inc_y_r = 1.000000, inc_x_i = 1.000000, inc_y_i = 1.000000
En el else......

----------------------------------------
x = 26.000000, y = 195.000000
avance = -471.000000, avanceR = 2.000000, avanceI = 2.000000
inc_x_r = 0.000000, inc_y_r = 1.000000, inc_x_i = 1.000000, inc_y_i = 1.000000
En el else......

----------------------------------------
x = 26.000000, y = 196.000000
avance = -469.000000, avanceR = 2.000000, avanceI = 2.000000
inc_x_r = 0.000000, inc_y_r = 1.000000, inc_x_i = 1.000000, inc_y_i = 1.000000
En el else......

----------------------------------------
x = 26.000000, y = 197.000000
avance = -467.000000, avanceR = 2.000000, avanceI = 2.000000
inc_x_r = 0.000000, inc_y_r = 1.000000, inc_x_i = 1.000000, inc_y_i = 1.000000
En el else......

----------------------------------------
x = 26.000000, y = 198.000000
avance = -465.000000, avanceR = 2.000000, avanceI = 2.000000
inc_x_r = 0.000000, inc_y_r = 1.000000, inc_x_i = 1.000000, inc_y_i = 1.000000
En el else......

----------------------------------------
x = 26.000000, y = 199.000000
avance = -463.000000, avanceR = 2.000000, avanceI = 2.000000
inc_x_r = 0.000000, inc_y_r = 1.000000, inc_x_i = 1.000000, inc_y_i = 1.000000
En el else......

----------------------------------------
x = 26.000000, y = 200.000000
avance = -461.000000, avanceR = 2.000000, avanceI = 2.000000
inc_x_r = 0.000000, inc_y_r = 1.000000, inc_x_i = 1.000000, inc_y_i = 1.000000
En el else......

----------------------------------------
x = 26.000000, y = 201.000000
avance = -459.000000, avanceR = 2.000000, avanceI = 2.000000
inc_x_r = 0.000000, inc_y_r = 1.000000, inc_x_i = 1.000000, inc_y_i = 1.000000
En el else......

----------------------------------------
x = 26.000000, y = 202.000000
avance = -457.000000, avanceR = 2.000000, avanceI = 2.000000
inc_x_r = 0.000000, inc_y_r = 1.000000, inc_x_i = 1.000000, inc_y_i = 1.000000
En el else......

----------------------------------------
x = 26.000000, y = 203.000000
avance = -455.000000, avanceR = 2.000000, avanceI = 2.000000
inc_x_r = 0.000000, inc_y_r = 1.000000, inc_x_i = 1.000000, inc_y_i = 1.000000
En el else......

----------------------------------------
x = 26.000000, y = 204.000000
avance = -453.000000, avanceR = 2.000000, avanceI = 2.000000
inc_x_r = 0.000000, inc_y_r = 1.000000, inc_x_i = 1.000000, inc_y_i = 1.000000
En el else......

----------------------------------------
x = 26.000000, y = 205.000000
avance = -451.000000, avanceR = 2.000000, avanceI = 2.000000
inc_x_r = 0.000000, inc_y_r = 1.000000, inc_x_i = 1.000000, inc_y_i = 1.000000
En el else......

----------------------------------------
x = 26.000000, y = 206.000000
avance = -449.000000, avanceR = 2.000000, avanceI = 2.000000
inc_x_r = 0.000000, inc_y_r = 1.000000, inc_x_i = 1.000000, inc_y_i = 1.000000
En el else......

----------------------------------------
x = 26.000000, y = 207.000000
avance = -447.000000, avanceR = 2.000000, avanceI = 2.000000
inc_x_r = 0.000000, inc_y_r = 1.000000, inc_x_i = 1.000000, inc_y_i = 1.000000
En el else......

----------------------------------------
x = 26.000000, y = 208.000000
avance = -445.000000, avanceR = 2.000000, avanceI = 2.000000
inc_x_r = 0.000000, inc_y_r = 1.000000, inc_x_i = 1.000000, inc_y_i = 1.000000
En el else......

----------------------------------------
x = 26.000000, y = 209.000000
avance = -443.000000, avanceR = 2.000000, avanceI = 2.000000
inc_x_r = 0.000000, inc_y_r = 1.000000, inc_x_i = 1.000000, inc_y_i = 1.000000
En el else......

----------------------------------------
x = 26.000000, y = 210.000000
avance = -441.000000, avanceR = 2.000000, avanceI = 2.000000
inc_x_r = 0.000000, inc_y_r = 1.000000, inc_x_i = 1.000000, inc_y_i = 1.000000
En el else......

----------------------------------------
x = 26.000000, y = 211.000000
avance = -439.000000, avanceR = 2.000000, avanceI = 2.000000
inc_x_r = 0.000000, inc_y_r = 1.000000, inc_x_i = 1.000000, inc_y_i = 1.000000
En el else......

----------------------------------------
x = 26.000000, y = 212.000000
avance = -437.000000, avanceR = 2.000000, avanceI = 2.000000
inc_x_r = 0.000000, inc_y_r = 1.000000, inc_x_i = 1.000000, inc_y_i = 1.000000
En el else......

----------------------------------------
x = 26.000000, y = 213.000000
avance = -435.000000, avanceR = 2.000000, avanceI = 2.000000
inc_x_r = 0.000000, inc_y_r = 1.000000, inc_x_i = 1.000000, inc_y_i = 1.000000
En el else......

----------------------------------------
x = 26.000000, y = 214.000000
avance = -433.000000, avanceR = 2.000000, avanceI = 2.000000
inc_x_r = 0.000000, inc_y_r = 1.000000, inc_x_i = 1.000000, inc_y_i = 1.000000
En el else......

----------------------------------------
x = 26.000000, y = 215.000000
avance = -431.000000, avanceR = 2.000000, avanceI = 2.000000
inc_x_r = 0.000000, inc_y_r = 1.000000, inc_x_i = 1.000000, inc_y_i = 1.000000
En el else......

----------------------------------------
x = 26.000000, y = 216.000000
avance = -429.000000, avanceR = 2.000000, avanceI = 2.000000
inc_x_r = 0.000000, inc_y_r = 1.000000, inc_x_i = 1.000000, inc_y_i = 1.000000
En el else......

----------------------------------------
x = 26.000000, y = 217.000000
avance = -427.000000, avanceR = 2.000000, avanceI = 2.000000
inc_x_r = 0.000000, inc_y_r = 1.000000, inc_x_i = 1.000000, inc_y_i = 1.000000
En el else......

----------------------------------------
x = 26.000000, y = 218.000000
avance = -425.000000, avanceR = 2.000000, avanceI = 2.000000
inc_x_r = 0.000000, inc_y_r = 1.000000, inc_x_i = 1.000000, inc_y_i = 1.000000
En el else......

----------------------------------------
x = 26.000000, y = 219.000000
avance = -423.000000, avanceR = 2.000000, avanceI = 2.000000
inc_x_r = 0.000000, inc_y_r = 1.000000, inc_x_i = 1.000000, inc_y_i = 1.000000
En el else......

----------------------------------------
x = 26.000000, y = 220.000000
avance = -421.000000, avanceR = 2.000000, avanceI = 2.000000
inc_x_r = 0.000000, inc_y_r = 1.000000, inc_x_i = 1.000000, inc_y_i = 1.000000
En el else......

----------------------------------------
x = 26.000000, y = 221.000000
avance = -419.000000, avanceR = 2.000000, avanceI = 2.000000
inc_x_r = 0.000000, inc_y_r = 1.000000, inc_x_i = 1.000000, inc_y_i = 1.000000
En el else......

----------------------------------------
x = 26.000000, y = 222.000000
avance = -417.000000, avanceR = 2.000000, avanceI = 2.000000
inc_x_r = 0.000000, inc_y_r = 1.000000, inc_x_i = 1.000000, inc_y_i = 1.000000
En el else......

----------------------------------------
x = 26.000000, y = 223.000000
avance = -415.000000, avanceR = 2.000000, avanceI = 2.000000
inc_x_r = 0.000000, inc_y_r = 1.000000, inc_x_i = 1.000000, inc_y_i = 1.000000
En el else......

----------------------------------------
x = 26.000000, y = 224.000000
avance = -413.000000, avanceR = 2.000000, avanceI = 2.000000
inc_x_r = 0.000000, inc_y_r = 1.000000, inc_x_i = 1.000000, inc_y_i = 1.000000
En el else......

----------------------------------------
x = 26.000000, y = 225.000000
avance = -411.000000, avanceR = 2.000000, avanceI = 2.000000
inc_x_r = 0.000000, inc_y_r = 1.000000, inc_x_i = 1.000000, inc_y_i = 1.000000
En el else......

----------------------------------------
x = 26.000000, y = 226.000000
avance = -409.000000, avanceR = 2.000000, avanceI = 2.000000
inc_x_r = 0.000000, inc_y_r = 1.000000, inc_x_i = 1.000000, inc_y_i = 1.000000
En el else......

----------------------------------------
x = 26.000000, y = 227.000000
avance = -407.000000, avanceR = 2.000000, avanceI = 2.000000
inc_x_r = 0.000000, inc_y_r = 1.000000, inc_x_i = 1.000000, inc_y_i = 1.000000
En el else......

----------------------------------------
x = 26.000000, y = 228.000000
avance = -405.000000, avanceR = 2.000000, avanceI = 2.000000
inc_x_r = 0.000000, inc_y_r = 1.000000, inc_x_i = 1.000000, inc_y_i = 1.000000
En el else......

----------------------------------------
x = 26.000000, y = 229.000000
avance = -403.000000, avanceR = 2.000000, avanceI = 2.000000
inc_x_r = 0.000000, inc_y_r = 1.000000, inc_x_i = 1.000000, inc_y_i = 1.000000
En el else......

----------------------------------------
x = 26.000000, y = 230.000000
avance = -401.000000, avanceR = 2.000000, avanceI = 2.000000
inc_x_r = 0.000000, inc_y_r = 1.000000, inc_x_i = 1.000000, inc_y_i = 1.000000
En el else......

----------------------------------------
x = 26.000000, y = 231.000000
avance = -399.000000, avanceR = 2.000000, avanceI = 2.000000
inc_x_r = 0.000000, inc_y_r = 1.000000, inc_x_i = 1.000000, inc_y_i = 1.000000
En el else......

----------------------------------------
x = 26.000000, y = 232.000000
avance = -397.000000, avanceR = 2.000000, avanceI = 2.000000
inc_x_r = 0.000000, inc_y_r = 1.000000, inc_x_i = 1.000000, inc_y_i = 1.000000
En el else......

----------------------------------------
x = 26.000000, y = 233.000000
avance = -395.000000, avanceR = 2.000000, avanceI = 2.000000
inc_x_r = 0.000000, inc_y_r = 1.000000, inc_x_i = 1.000000, inc_y_i = 1.000000
En el else......

----------------------------------------
x = 26.000000, y = 234.000000
avance = -393.000000, avanceR = 2.000000, avanceI = 2.000000
inc_x_r = 0.000000, inc_y_r = 1.000000, inc_x_i = 1.000000, inc_y_i = 1.000000
En el else......

----------------------------------------
x = 26.000000, y = 235.000000
avance = -391.000000, avanceR = 2.000000, avanceI = 2.000000
inc_x_r = 0.000000, inc_y_r = 1.000000, inc_x_i = 1.000000, inc_y_i = 1.000000
En el else......

----------------------------------------
x = 26.000000, y = 236.000000
avance = -389.000000, avanceR = 2.000000, avanceI = 2.000000
inc_x_r = 0.000000, inc_y_r = 1.000000, inc_x_i = 1.000000, inc_y_i = 1.000000
En el else......

----------------------------------------
x = 26.000000, y = 237.000000
avance = -387.000000, avanceR = 2.000000, avanceI = 2.000000
inc_x_r = 0.000000, inc_y_r = 1.000000, inc_x_i = 1.000000, inc_y_i = 1.000000
En el else......

----------------------------------------
x = 26.000000, y = 238.000000
avance = -385.000000, avanceR = 2.000000, avanceI = 2.000000
inc_x_r = 0.000000, inc_y_r = 1.000000, inc_x_i = 1.000000, inc_y_i = 1.000000
En el else......

----------------------------------------
x = 26.000000, y = 239.000000
avance = -383.000000, avanceR = 2.000000, avanceI = 2.000000
inc_x_r = 0.000000, inc_y_r = 1.000000, inc_x_i = 1.000000, inc_y_i = 1.000000
En el else......

----------------------------------------
x = 26.000000, y = 240.000000
avance = -381.000000, avanceR = 2.000000, avanceI = 2.000000
inc_x_r = 0.000000, inc_y_r = 1.000000, inc_x_i = 1.000000, inc_y_i = 1.000000
En el else......

----------------------------------------
x = 26.000000, y = 241.000000
avance = -379.000000, avanceR = 2.000000, avanceI = 2.000000
inc_x_r = 0.000000, inc_y_r = 1.000000, inc_x_i = 1.000000, inc_y_i = 1.000000
En el else......

----------------------------------------
x = 26.000000, y = 242.000000
avance = -377.000000, avanceR = 2.000000, avanceI = 2.000000
inc_x_r = 0.000000, inc_y_r = 1.000000, inc_x_i = 1.000000, inc_y_i = 1.000000
En el else......

----------------------------------------
x = 26.000000, y = 243.000000
avance = -375.000000, avanceR = 2.000000, avanceI = 2.000000
inc_x_r = 0.000000, inc_y_r = 1.000000, inc_x_i = 1.000000, inc_y_i = 1.000000
En el else......

----------------------------------------
x = 26.000000, y = 244.000000
avance = -373.000000, avanceR = 2.000000, avanceI = 2.000000
inc_x_r = 0.000000, inc_y_r = 1.000000, inc_x_i = 1.000000, inc_y_i = 1.000000
En el else......

----------------------------------------
x = 26.000000, y = 245.000000
avance = -371.000000, avanceR = 2.000000, avanceI = 2.000000
inc_x_r = 0.000000, inc_y_r = 1.000000, inc_x_i = 1.000000, inc_y_i = 1.000000
En el else......

----------------------------------------
x = 26.000000, y = 246.000000
avance = -369.000000, avanceR = 2.000000, avanceI = 2.000000
inc_x_r = 0.000000, inc_y_r = 1.000000, inc_x_i = 1.000000, inc_y_i = 1.000000
En el else......

----------------------------------------
x = 26.000000, y = 247.000000
avance = -367.000000, avanceR = 2.000000, avanceI = 2.000000
inc_x_r = 0.000000, inc_y_r = 1.000000, inc_x_i = 1.000000, inc_y_i = 1.000000
En el else......

----------------------------------------
x = 26.000000, y = 248.000000
avance = -365.000000, avanceR = 2.000000, avanceI = 2.000000
inc_x_r = 0.000000, inc_y_r = 1.000000, inc_x_i = 1.000000, inc_y_i = 1.000000
En el else......

----------------------------------------
x = 26.000000, y = 249.000000
avance = -363.000000, avanceR = 2.000000, avanceI = 2.000000
inc_x_r = 0.000000, inc_y_r = 1.000000, inc_x_i = 1.000000, inc_y_i = 1.000000
En el else......

----------------------------------------
x = 26.000000, y = 250.000000
avance = -361.000000, avanceR = 2.000000, avanceI = 2.000000
inc_x_r = 0.000000, inc_y_r = 1.000000, inc_x_i = 1.000000, inc_y_i = 1.000000
En el else......

----------------------------------------
x = 26.000000, y = 251.000000
avance = -359.000000, avanceR = 2.000000, avanceI = 2.000000
inc_x_r = 0.000000, inc_y_r = 1.000000, inc_x_i = 1.000000, inc_y_i = 1.000000
En el else......

----------------------------------------
x = 26.000000, y = 252.000000
avance = -357.000000, avanceR = 2.000000, avanceI = 2.000000
inc_x_r = 0.000000, inc_y_r = 1.000000, inc_x_i = 1.000000, inc_y_i = 1.000000
En el else......

----------------------------------------
x = 26.000000, y = 253.000000
avance = -355.000000, avanceR = 2.000000, avanceI = 2.000000
inc_x_r = 0.000000, inc_y_r = 1.000000, inc_x_i = 1.000000, inc_y_i = 1.000000
En el else......

----------------------------------------
x = 26.000000, y = 254.000000
avance = -353.000000, avanceR = 2.000000, avanceI = 2.000000
inc_x_r = 0.000000, inc_y_r = 1.000000, inc_x_i = 1.000000, inc_y_i = 1.000000
En el else......

----------------------------------------
x = 26.000000, y = 255.000000
avance = -351.000000, avanceR = 2.000000, avanceI = 2.000000
inc_x_r = 0.000000, inc_y_r = 1.000000, inc_x_i = 1.000000, inc_y_i = 1.000000
En el else......

----------------------------------------
x = 26.000000, y = 256.000000
avance = -349.000000, avanceR = 2.000000, avanceI = 2.000000
inc_x_r = 0.000000, inc_y_r = 1.000000, inc_x_i = 1.000000, inc_y_i = 1.000000
En el else......

----------------------------------------
x = 26.000000, y = 257.000000
avance = -347.000000, avanceR = 2.000000, avanceI = 2.000000
inc_x_r = 0.000000, inc_y_r = 1.000000, inc_x_i = 1.000000, inc_y_i = 1.000000
En el else......

----------------------------------------
x = 26.000000, y = 258.000000
avance = -345.000000, avanceR = 2.000000, avanceI = 2.000000
inc_x_r = 0.000000, inc_y_r = 1.000000, inc_x_i = 1.000000, inc_y_i = 1.000000
En el else......

----------------------------------------
x = 26.000000, y = 259.000000
avance = -343.000000, avanceR = 2.000000, avanceI = 2.000000
inc_x_r = 0.000000, inc_y_r = 1.000000, inc_x_i = 1.000000, inc_y_i = 1.000000
En el else......

----------------------------------------
x = 26.000000, y = 260.000000
avance = -341.000000, avanceR = 2.000000, avanceI = 2.000000
inc_x_r = 0.000000, inc_y_r = 1.000000, inc_x_i = 1.000000, inc_y_i = 1.000000
En el else......

----------------------------------------
x = 26.000000, y = 261.000000
avance = -339.000000, avanceR = 2.000000, avanceI = 2.000000
inc_x_r = 0.000000, inc_y_r = 1.000000, inc_x_i = 1.000000, inc_y_i = 1.000000
En el else......

----------------------------------------
x = 26.000000, y = 262.000000
avance = -337.000000, avanceR = 2.000000, avanceI = 2.000000
inc_x_r = 0.000000, inc_y_r = 1.000000, inc_x_i = 1.000000, inc_y_i = 1.000000
En el else......

----------------------------------------
x = 26.000000, y = 263.000000
avance = -335.000000, avanceR = 2.000000, avanceI = 2.000000
inc_x_r = 0.000000, inc_y_r = 1.000000, inc_x_i = 1.000000, inc_y_i = 1.000000
En el else......

----------------------------------------
x = 26.000000, y = 264.000000
avance = -333.000000, avanceR = 2.000000, avanceI = 2.000000
inc_x_r = 0.000000, inc_y_r = 1.000000, inc_x_i = 1.000000, inc_y_i = 1.000000
En el else......

----------------------------------------
x = 26.000000, y = 265.000000
avance = -331.000000, avanceR = 2.000000, avanceI = 2.000000
inc_x_r = 0.000000, inc_y_r = 1.000000, inc_x_i = 1.000000, inc_y_i = 1.000000
En el else......

----------------------------------------
x = 26.000000, y = 266.000000
avance = -329.000000, avanceR = 2.000000, avanceI = 2.000000
inc_x_r = 0.000000, inc_y_r = 1.000000, inc_x_i = 1.000000, inc_y_i = 1.000000
En el else......

----------------------------------------
x = 26.000000, y = 267.000000
avance = -327.000000, avanceR = 2.000000, avanceI = 2.000000
inc_x_r = 0.000000, inc_y_r = 1.000000, inc_x_i = 1.000000, inc_y_i = 1.000000
En el else......

----------------------------------------
x = 26.000000, y = 268.000000
avance = -325.000000, avanceR = 2.000000, avanceI = 2.000000
inc_x_r = 0.000000, inc_y_r = 1.000000, inc_x_i = 1.000000, inc_y_i = 1.000000
En el else......

----------------------------------------
x = 26.000000, y = 269.000000
avance = -323.000000, avanceR = 2.000000, avanceI = 2.000000
inc_x_r = 0.000000, inc_y_r = 1.000000, inc_x_i = 1.000000, inc_y_i = 1.000000
En el else......

----------------------------------------
x = 26.000000, y = 270.000000
avance = -321.000000, avanceR = 2.000000, avanceI = 2.000000
inc_x_r = 0.000000, inc_y_r = 1.000000, inc_x_i = 1.000000, inc_y_i = 1.000000
En el else......

----------------------------------------
x = 26.000000, y = 271.000000
avance = -319.000000, avanceR = 2.000000, avanceI = 2.000000
inc_x_r = 0.000000, inc_y_r = 1.000000, inc_x_i = 1.000000, inc_y_i = 1.000000
En el else......

----------------------------------------
x = 26.000000, y = 272.000000
avance = -317.000000, avanceR = 2.000000, avanceI = 2.000000
inc_x_r = 0.000000, inc_y_r = 1.000000, inc_x_i = 1.000000, inc_y_i = 1.000000
En el else......

----------------------------------------
x = 26.000000, y = 273.000000
avance = -315.000000, avanceR = 2.000000, avanceI = 2.000000
inc_x_r = 0.000000, inc_y_r = 1.000000, inc_x_i = 1.000000, inc_y_i = 1.000000
En el else......

----------------------------------------
x = 26.000000, y = 274.000000
avance = -313.000000, avanceR = 2.000000, avanceI = 2.000000
inc_x_r = 0.000000, inc_y_r = 1.000000, inc_x_i = 1.000000, inc_y_i = 1.000000
En el else......

----------------------------------------
x = 26.000000, y = 275.000000
avance = -311.000000, avanceR = 2.000000, avanceI = 2.000000
inc_x_r = 0.000000, inc_y_r = 1.000000, inc_x_i = 1.000000, inc_y_i = 1.000000
En el else......

----------------------------------------
x = 26.000000, y = 276.000000
avance = -309.000000, avanceR = 2.000000, avanceI = 2.000000
inc_x_r = 0.000000, inc_y_r = 1.000000, inc_x_i = 1.000000, inc_y_i = 1.000000
En el else......

----------------------------------------
x = 26.000000, y = 277.000000
avance = -307.000000, avanceR = 2.000000, avanceI = 2.000000
inc_x_r = 0.000000, inc_y_r = 1.000000, inc_x_i = 1.000000, inc_y_i = 1.000000
En el else......

----------------------------------------
x = 26.000000, y = 278.000000
avance = -305.000000, avanceR = 2.000000, avanceI = 2.000000
inc_x_r = 0.000000, inc_y_r = 1.000000, inc_x_i = 1.000000, inc_y_i = 1.000000
En el else......

----------------------------------------
x = 26.000000, y = 279.000000
avance = -303.000000, avanceR = 2.000000, avanceI = 2.000000
inc_x_r = 0.000000, inc_y_r = 1.000000, inc_x_i = 1.000000, inc_y_i = 1.000000
En el else......

----------------------------------------
x = 26.000000, y = 280.000000
avance = -301.000000, avanceR = 2.000000, avanceI = 2.000000
inc_x_r = 0.000000, inc_y_r = 1.000000, inc_x_i = 1.000000, inc_y_i = 1.000000
En el else......

----------------------------------------
x = 26.000000, y = 281.000000
avance = -299.000000, avanceR = 2.000000, avanceI = 2.000000
inc_x_r = 0.000000, inc_y_r = 1.000000, inc_x_i = 1.000000, inc_y_i = 1.000000
En el else......

----------------------------------------
x = 26.000000, y = 282.000000
avance = -297.000000, avanceR = 2.000000, avanceI = 2.000000
inc_x_r = 0.000000, inc_y_r = 1.000000, inc_x_i = 1.000000, inc_y_i = 1.000000
En el else......

----------------------------------------
x = 26.000000, y = 283.000000
avance = -295.000000, avanceR = 2.000000, avanceI = 2.000000
inc_x_r = 0.000000, inc_y_r = 1.000000, inc_x_i = 1.000000, inc_y_i = 1.000000
En el else......

----------------------------------------
x = 26.000000, y = 284.000000
avance = -293.000000, avanceR = 2.000000, avanceI = 2.000000
inc_x_r = 0.000000, inc_y_r = 1.000000, inc_x_i = 1.000000, inc_y_i = 1.000000
En el else......

----------------------------------------
x = 26.000000, y = 285.000000
avance = -291.000000, avanceR = 2.000000, avanceI = 2.000000
inc_x_r = 0.000000, inc_y_r = 1.000000, inc_x_i = 1.000000, inc_y_i = 1.000000
En el else......

----------------------------------------
x = 26.000000, y = 286.000000
avance = -289.000000, avanceR = 2.000000, avanceI = 2.000000
inc_x_r = 0.000000, inc_y_r = 1.000000, inc_x_i = 1.000000, inc_y_i = 1.000000
En el else......

----------------------------------------
x = 26.000000, y = 287.000000
avance = -287.000000, avanceR = 2.000000, avanceI = 2.000000
inc_x_r = 0.000000, inc_y_r = 1.000000, inc_x_i = 1.000000, inc_y_i = 1.000000
En el else......

----------------------------------------
x = 26.000000, y = 288.000000
avance = -285.000000, avanceR = 2.000000, avanceI = 2.000000
inc_x_r = 0.000000, inc_y_r = 1.000000, inc_x_i = 1.000000, inc_y_i = 1.000000
En el else......

----------------------------------------
x = 26.000000, y = 289.000000
avance = -283.000000, avanceR = 2.000000, avanceI = 2.000000
inc_x_r = 0.000000, inc_y_r = 1.000000, inc_x_i = 1.000000, inc_y_i = 1.000000
En el else......

----------------------------------------
x = 26.000000, y = 290.000000
avance = -281.000000, avanceR = 2.000000, avanceI = 2.000000
inc_x_r = 0.000000, inc_y_r = 1.000000, inc_x_i = 1.000000, inc_y_i = 1.000000
En el else......

----------------------------------------
x = 26.000000, y = 291.000000
avance = -279.000000, avanceR = 2.000000, avanceI = 2.000000
inc_x_r = 0.000000, inc_y_r = 1.000000, inc_x_i = 1.000000, inc_y_i = 1.000000
En el else......

----------------------------------------
x = 26.000000, y = 292.000000
avance = -277.000000, avanceR = 2.000000, avanceI = 2.000000
inc_x_r = 0.000000, inc_y_r = 1.000000, inc_x_i = 1.000000, inc_y_i = 1.000000
En el else......

----------------------------------------
x = 26.000000, y = 293.000000
avance = -275.000000, avanceR = 2.000000, avanceI = 2.000000
inc_x_r = 0.000000, inc_y_r = 1.000000, inc_x_i = 1.000000, inc_y_i = 1.000000
En el else......

----------------------------------------
x = 26.000000, y = 294.000000
avance = -273.000000, avanceR = 2.000000, avanceI = 2.000000
inc_x_r = 0.000000, inc_y_r = 1.000000, inc_x_i = 1.000000, inc_y_i = 1.000000
En el else......

----------------------------------------
x = 26.000000, y = 295.000000
avance = -271.000000, avanceR = 2.000000, avanceI = 2.000000
inc_x_r = 0.000000, inc_y_r = 1.000000, inc_x_i = 1.000000, inc_y_i = 1.000000
En el else......

----------------------------------------
x = 26.000000, y = 296.000000
avance = -269.000000, avanceR = 2.000000, avanceI = 2.000000
inc_x_r = 0.000000, inc_y_r = 1.000000, inc_x_i = 1.000000, inc_y_i = 1.000000
En el else......

----------------------------------------
x = 26.000000, y = 297.000000
avance = -267.000000, avanceR = 2.000000, avanceI = 2.000000
inc_x_r = 0.000000, inc_y_r = 1.000000, inc_x_i = 1.000000, inc_y_i = 1.000000
En el else......

----------------------------------------
x = 26.000000, y = 298.000000
avance = -265.000000, avanceR = 2.000000, avanceI = 2.000000
inc_x_r = 0.000000, inc_y_r = 1.000000, inc_x_i = 1.000000, inc_y_i = 1.000000
En el else......

----------------------------------------
x = 26.000000, y = 299.000000
avance = -263.000000, avanceR = 2.000000, avanceI = 2.000000
inc_x_r = 0.000000, inc_y_r = 1.000000, inc_x_i = 1.000000, inc_y_i = 1.000000
En el else......

----------------------------------------
x = 26.000000, y = 300.000000
avance = -261.000000, avanceR = 2.000000, avanceI = 2.000000
inc_x_r = 0.000000, inc_y_r = 1.000000, inc_x_i = 1.000000, inc_y_i = 1.000000
En el else......

----------------------------------------
x = 26.000000, y = 301.000000
avance = -259.000000, avanceR = 2.000000, avanceI = 2.000000
inc_x_r = 0.000000, inc_y_r = 1.000000, inc_x_i = 1.000000, inc_y_i = 1.000000
En el else......

----------------------------------------
x = 26.000000, y = 302.000000
avance = -257.000000, avanceR = 2.000000, avanceI = 2.000000
inc_x_r = 0.000000, inc_y_r = 1.000000, inc_x_i = 1.000000, inc_y_i = 1.000000
En el else......

----------------------------------------
x = 26.000000, y = 303.000000
avance = -255.000000, avanceR = 2.000000, avanceI = 2.000000
inc_x_r = 0.000000, inc_y_r = 1.000000, inc_x_i = 1.000000, inc_y_i = 1.000000
En el else......

----------------------------------------
x = 26.000000, y = 304.000000
avance = -253.000000, avanceR = 2.000000, avanceI = 2.000000
inc_x_r = 0.000000, inc_y_r = 1.000000, inc_x_i = 1.000000, inc_y_i = 1.000000
En el else......

----------------------------------------
x = 26.000000, y = 305.000000
avance = -251.000000, avanceR = 2.000000, avanceI = 2.000000
inc_x_r = 0.000000, inc_y_r = 1.000000, inc_x_i = 1.000000, inc_y_i = 1.000000
En el else......

----------------------------------------


ENTRAMOS A BRESENHAMªªªª
x1 = 25.000000 - y1 = 55.000000 || x2 = 26.000000 - y2 = 306.000000
dy = 251.000000, dx = 1.000000
avances inclinados: inc_x_i = 1.000000, inc_y_i = 1.000000
updated: dy = 251.000000, dx = 1.000000
avances rectos: inc_x_r = 0.000000, inc_y_r 1.000000
reupdated: dy = 1.000000, dx = 251.000000
avanceR = 2.000000, avance -249.000000, avanceI 2.000000
----------------------------------------
x = 25.000000, y = 55.000000
avance = -249.000000, avanceR = 2.000000, avanceI = 2.000000
inc_x_r = 0.000000, inc_y_r = 1.000000, inc_x_i = 1.000000, inc_y_i = 1.000000
En el else......

----------------------------------------
x = 25.000000, y = 56.000000
avance = -247.000000, avanceR = 2.000000, avanceI = 2.000000
inc_x_r = 0.000000, inc_y_r = 1.000000, inc_x_i = 1.000000, inc_y_i = 1.000000
En el else......

----------------------------------------
x = 25.000000, y = 57.000000
avance = -245.000000, avanceR = 2.000000, avanceI = 2.000000
inc_x_r = 0.000000, inc_y_r = 1.000000, inc_x_i = 1.000000, inc_y_i = 1.000000
En el else......

----------------------------------------
x = 25.000000, y = 58.000000
avance = -243.000000, avanceR = 2.000000, avanceI = 2.000000
inc_x_r = 0.000000, inc_y_r = 1.000000, inc_x_i = 1.000000, inc_y_i = 1.000000
En el else......

----------------------------------------
x = 25.000000, y = 59.000000
avance = -241.000000, avanceR = 2.000000, avanceI = 2.000000
inc_x_r = 0.000000, inc_y_r = 1.000000, inc_x_i = 1.000000, inc_y_i = 1.000000
En el else......

----------------------------------------
x = 25.000000, y = 60.000000
avance = -239.000000, avanceR = 2.000000, avanceI = 2.000000
inc_x_r = 0.000000, inc_y_r = 1.000000, inc_x_i = 1.000000, inc_y_i = 1.000000
En el else......

----------------------------------------
x = 25.000000, y = 61.000000
avance = -237.000000, avanceR = 2.000000, avanceI = 2.000000
inc_x_r = 0.000000, inc_y_r = 1.000000, inc_x_i = 1.000000, inc_y_i = 1.000000
En el else......

----------------------------------------
x = 25.000000, y = 62.000000
avance = -235.000000, avanceR = 2.000000, avanceI = 2.000000
inc_x_r = 0.000000, inc_y_r = 1.000000, inc_x_i = 1.000000, inc_y_i = 1.000000
En el else......

----------------------------------------
x = 25.000000, y = 63.000000
avance = -233.000000, avanceR = 2.000000, avanceI = 2.000000
inc_x_r = 0.000000, inc_y_r = 1.000000, inc_x_i = 1.000000, inc_y_i = 1.000000
En el else......

----------------------------------------
x = 25.000000, y = 64.000000
avance = -231.000000, avanceR = 2.000000, avanceI = 2.000000
inc_x_r = 0.000000, inc_y_r = 1.000000, inc_x_i = 1.000000, inc_y_i = 1.000000
En el else......

----------------------------------------
x = 25.000000, y = 65.000000
avance = -229.000000, avanceR = 2.000000, avanceI = 2.000000
inc_x_r = 0.000000, inc_y_r = 1.000000, inc_x_i = 1.000000, inc_y_i = 1.000000
En el else......

----------------------------------------
x = 25.000000, y = 66.000000
avance = -227.000000, avanceR = 2.000000, avanceI = 2.000000
inc_x_r = 0.000000, inc_y_r = 1.000000, inc_x_i = 1.000000, inc_y_i = 1.000000
En el else......

----------------------------------------
x = 25.000000, y = 67.000000
avance = -225.000000, avanceR = 2.000000, avanceI = 2.000000
inc_x_r = 0.000000, inc_y_r = 1.000000, inc_x_i = 1.000000, inc_y_i = 1.000000
En el else......

----------------------------------------
x = 25.000000, y = 68.000000
avance = -223.000000, avanceR = 2.000000, avanceI = 2.000000
inc_x_r = 0.000000, inc_y_r = 1.000000, inc_x_i = 1.000000, inc_y_i = 1.000000
En el else......

----------------------------------------
x = 25.000000, y = 69.000000
avance = -221.000000, avanceR = 2.000000, avanceI = 2.000000
inc_x_r = 0.000000, inc_y_r = 1.000000, inc_x_i = 1.000000, inc_y_i = 1.000000
En el else......

----------------------------------------
x = 25.000000, y = 70.000000
avance = -219.000000, avanceR = 2.000000, avanceI = 2.000000
inc_x_r = 0.000000, inc_y_r = 1.000000, inc_x_i = 1.000000, inc_y_i = 1.000000
En el else......

----------------------------------------
x = 25.000000, y = 71.000000
avance = -217.000000, avanceR = 2.000000, avanceI = 2.000000
inc_x_r = 0.000000, inc_y_r = 1.000000, inc_x_i = 1.000000, inc_y_i = 1.000000
En el else......

----------------------------------------
x = 25.000000, y = 72.000000
avance = -215.000000, avanceR = 2.000000, avanceI = 2.000000
inc_x_r = 0.000000, inc_y_r = 1.000000, inc_x_i = 1.000000, inc_y_i = 1.000000
En el else......

----------------------------------------
x = 25.000000, y = 73.000000
avance = -213.000000, avanceR = 2.000000, avanceI = 2.000000
inc_x_r = 0.000000, inc_y_r = 1.000000, inc_x_i = 1.000000, inc_y_i = 1.000000
En el else......

----------------------------------------
x = 25.000000, y = 74.000000
avance = -211.000000, avanceR = 2.000000, avanceI = 2.000000
inc_x_r = 0.000000, inc_y_r = 1.000000, inc_x_i = 1.000000, inc_y_i = 1.000000
En el else......

----------------------------------------
x = 25.000000, y = 75.000000
avance = -209.000000, avanceR = 2.000000, avanceI = 2.000000
inc_x_r = 0.000000, inc_y_r = 1.000000, inc_x_i = 1.000000, inc_y_i = 1.000000
En el else......

----------------------------------------
x = 25.000000, y = 76.000000
avance = -207.000000, avanceR = 2.000000, avanceI = 2.000000
inc_x_r = 0.000000, inc_y_r = 1.000000, inc_x_i = 1.000000, inc_y_i = 1.000000
En el else......

----------------------------------------
x = 25.000000, y = 77.000000
avance = -205.000000, avanceR = 2.000000, avanceI = 2.000000
inc_x_r = 0.000000, inc_y_r = 1.000000, inc_x_i = 1.000000, inc_y_i = 1.000000
En el else......

----------------------------------------
x = 25.000000, y = 78.000000
avance = -203.000000, avanceR = 2.000000, avanceI = 2.000000
inc_x_r = 0.000000, inc_y_r = 1.000000, inc_x_i = 1.000000, inc_y_i = 1.000000
En el else......

----------------------------------------
x = 25.000000, y = 79.000000
avance = -201.000000, avanceR = 2.000000, avanceI = 2.000000
inc_x_r = 0.000000, inc_y_r = 1.000000, inc_x_i = 1.000000, inc_y_i = 1.000000
En el else......

----------------------------------------
x = 25.000000, y = 80.000000
avance = -199.000000, avanceR = 2.000000, avanceI = 2.000000
inc_x_r = 0.000000, inc_y_r = 1.000000, inc_x_i = 1.000000, inc_y_i = 1.000000
En el else......

----------------------------------------
x = 25.000000, y = 81.000000
avance = -197.000000, avanceR = 2.000000, avanceI = 2.000000
inc_x_r = 0.000000, inc_y_r = 1.000000, inc_x_i = 1.000000, inc_y_i = 1.000000
En el else......

----------------------------------------
x = 25.000000, y = 82.000000
avance = -195.000000, avanceR = 2.000000, avanceI = 2.000000
inc_x_r = 0.000000, inc_y_r = 1.000000, inc_x_i = 1.000000, inc_y_i = 1.000000
En el else......

----------------------------------------
x = 25.000000, y = 83.000000
avance = -193.000000, avanceR = 2.000000, avanceI = 2.000000
inc_x_r = 0.000000, inc_y_r = 1.000000, inc_x_i = 1.000000, inc_y_i = 1.000000
En el else......

----------------------------------------
x = 25.000000, y = 84.000000
avance = -191.000000, avanceR = 2.000000, avanceI = 2.000000
inc_x_r = 0.000000, inc_y_r = 1.000000, inc_x_i = 1.000000, inc_y_i = 1.000000
En el else......

----------------------------------------
x = 25.000000, y = 85.000000
avance = -189.000000, avanceR = 2.000000, avanceI = 2.000000
inc_x_r = 0.000000, inc_y_r = 1.000000, inc_x_i = 1.000000, inc_y_i = 1.000000
En el else......

----------------------------------------
x = 25.000000, y = 86.000000
avance = -187.000000, avanceR = 2.000000, avanceI = 2.000000
inc_x_r = 0.000000, inc_y_r = 1.000000, inc_x_i = 1.000000, inc_y_i = 1.000000
En el else......

----------------------------------------
x = 25.000000, y = 87.000000
avance = -185.000000, avanceR = 2.000000, avanceI = 2.000000
inc_x_r = 0.000000, inc_y_r = 1.000000, inc_x_i = 1.000000, inc_y_i = 1.000000
En el else......

----------------------------------------
x = 25.000000, y = 88.000000
avance = -183.000000, avanceR = 2.000000, avanceI = 2.000000
inc_x_r = 0.000000, inc_y_r = 1.000000, inc_x_i = 1.000000, inc_y_i = 1.000000
En el else......

----------------------------------------
x = 25.000000, y = 89.000000
avance = -181.000000, avanceR = 2.000000, avanceI = 2.000000
inc_x_r = 0.000000, inc_y_r = 1.000000, inc_x_i = 1.000000, inc_y_i = 1.000000
En el else......

----------------------------------------
x = 25.000000, y = 90.000000
avance = -179.000000, avanceR = 2.000000, avanceI = 2.000000
inc_x_r = 0.000000, inc_y_r = 1.000000, inc_x_i = 1.000000, inc_y_i = 1.000000
En el else......

----------------------------------------
x = 25.000000, y = 91.000000
avance = -177.000000, avanceR = 2.000000, avanceI = 2.000000
inc_x_r = 0.000000, inc_y_r = 1.000000, inc_x_i = 1.000000, inc_y_i = 1.000000
En el else......

----------------------------------------
x = 25.000000, y = 92.000000
avance = -175.000000, avanceR = 2.000000, avanceI = 2.000000
inc_x_r = 0.000000, inc_y_r = 1.000000, inc_x_i = 1.000000, inc_y_i = 1.000000
En el else......

----------------------------------------
x = 25.000000, y = 93.000000
avance = -173.000000, avanceR = 2.000000, avanceI = 2.000000
inc_x_r = 0.000000, inc_y_r = 1.000000, inc_x_i = 1.000000, inc_y_i = 1.000000
En el else......

----------------------------------------
x = 25.000000, y = 94.000000
avance = -171.000000, avanceR = 2.000000, avanceI = 2.000000
inc_x_r = 0.000000, inc_y_r = 1.000000, inc_x_i = 1.000000, inc_y_i = 1.000000
En el else......

----------------------------------------
x = 25.000000, y = 95.000000
avance = -169.000000, avanceR = 2.000000, avanceI = 2.000000
inc_x_r = 0.000000, inc_y_r = 1.000000, inc_x_i = 1.000000, inc_y_i = 1.000000
En el else......

----------------------------------------
x = 25.000000, y = 96.000000
avance = -167.000000, avanceR = 2.000000, avanceI = 2.000000
inc_x_r = 0.000000, inc_y_r = 1.000000, inc_x_i = 1.000000, inc_y_i = 1.000000
En el else......

----------------------------------------
x = 25.000000, y = 97.000000
avance = -165.000000, avanceR = 2.000000, avanceI = 2.000000
inc_x_r = 0.000000, inc_y_r = 1.000000, inc_x_i = 1.000000, inc_y_i = 1.000000
En el else......

----------------------------------------
x = 25.000000, y = 98.000000
avance = -163.000000, avanceR = 2.000000, avanceI = 2.000000
inc_x_r = 0.000000, inc_y_r = 1.000000, inc_x_i = 1.000000, inc_y_i = 1.000000
En el else......

----------------------------------------
x = 25.000000, y = 99.000000
avance = -161.000000, avanceR = 2.000000, avanceI = 2.000000
inc_x_r = 0.000000, inc_y_r = 1.000000, inc_x_i = 1.000000, inc_y_i = 1.000000
En el else......

----------------------------------------
x = 25.000000, y = 100.000000
avance = -159.000000, avanceR = 2.000000, avanceI = 2.000000
inc_x_r = 0.000000, inc_y_r = 1.000000, inc_x_i = 1.000000, inc_y_i = 1.000000
En el else......

----------------------------------------
x = 25.000000, y = 101.000000
avance = -157.000000, avanceR = 2.000000, avanceI = 2.000000
inc_x_r = 0.000000, inc_y_r = 1.000000, inc_x_i = 1.000000, inc_y_i = 1.000000
En el else......

----------------------------------------
x = 25.000000, y = 102.000000
avance = -155.000000, avanceR = 2.000000, avanceI = 2.000000
inc_x_r = 0.000000, inc_y_r = 1.000000, inc_x_i = 1.000000, inc_y_i = 1.000000
En el else......

----------------------------------------
x = 25.000000, y = 103.000000
avance = -153.000000, avanceR = 2.000000, avanceI = 2.000000
inc_x_r = 0.000000, inc_y_r = 1.000000, inc_x_i = 1.000000, inc_y_i = 1.000000
En el else......

----------------------------------------
x = 25.000000, y = 104.000000
avance = -151.000000, avanceR = 2.000000, avanceI = 2.000000
inc_x_r = 0.000000, inc_y_r = 1.000000, inc_x_i = 1.000000, inc_y_i = 1.000000
En el else......

----------------------------------------
x = 25.000000, y = 105.000000
avance = -149.000000, avanceR = 2.000000, avanceI = 2.000000
inc_x_r = 0.000000, inc_y_r = 1.000000, inc_x_i = 1.000000, inc_y_i = 1.000000
En el else......

----------------------------------------
x = 25.000000, y = 106.000000
avance = -147.000000, avanceR = 2.000000, avanceI = 2.000000
inc_x_r = 0.000000, inc_y_r = 1.000000, inc_x_i = 1.000000, inc_y_i = 1.000000
En el else......

----------------------------------------
x = 25.000000, y = 107.000000
avance = -145.000000, avanceR = 2.000000, avanceI = 2.000000
inc_x_r = 0.000000, inc_y_r = 1.000000, inc_x_i = 1.000000, inc_y_i = 1.000000
En el else......

----------------------------------------
x = 25.000000, y = 108.000000
avance = -143.000000, avanceR = 2.000000, avanceI = 2.000000
inc_x_r = 0.000000, inc_y_r = 1.000000, inc_x_i = 1.000000, inc_y_i = 1.000000
En el else......

----------------------------------------
x = 25.000000, y = 109.000000
avance = -141.000000, avanceR = 2.000000, avanceI = 2.000000
inc_x_r = 0.000000, inc_y_r = 1.000000, inc_x_i = 1.000000, inc_y_i = 1.000000
En el else......

----------------------------------------
x = 25.000000, y = 110.000000
avance = -139.000000, avanceR = 2.000000, avanceI = 2.000000
inc_x_r = 0.000000, inc_y_r = 1.000000, inc_x_i = 1.000000, inc_y_i = 1.000000
En el else......

----------------------------------------
x = 25.000000, y = 111.000000
avance = -137.000000, avanceR = 2.000000, avanceI = 2.000000
inc_x_r = 0.000000, inc_y_r = 1.000000, inc_x_i = 1.000000, inc_y_i = 1.000000
En el else......

----------------------------------------
x = 25.000000, y = 112.000000
avance = -135.000000, avanceR = 2.000000, avanceI = 2.000000
inc_x_r = 0.000000, inc_y_r = 1.000000, inc_x_i = 1.000000, inc_y_i = 1.000000
En el else......

----------------------------------------
x = 25.000000, y = 113.000000
avance = -133.000000, avanceR = 2.000000, avanceI = 2.000000
inc_x_r = 0.000000, inc_y_r = 1.000000, inc_x_i = 1.000000, inc_y_i = 1.000000
En el else......

----------------------------------------
x = 25.000000, y = 114.000000
avance = -131.000000, avanceR = 2.000000, avanceI = 2.000000
inc_x_r = 0.000000, inc_y_r = 1.000000, inc_x_i = 1.000000, inc_y_i = 1.000000
En el else......

----------------------------------------
x = 25.000000, y = 115.000000
avance = -129.000000, avanceR = 2.000000, avanceI = 2.000000
inc_x_r = 0.000000, inc_y_r = 1.000000, inc_x_i = 1.000000, inc_y_i = 1.000000
En el else......

----------------------------------------
x = 25.000000, y = 116.000000
avance = -127.000000, avanceR = 2.000000, avanceI = 2.000000
inc_x_r = 0.000000, inc_y_r = 1.000000, inc_x_i = 1.000000, inc_y_i = 1.000000
En el else......

----------------------------------------
x = 25.000000, y = 117.000000
avance = -125.000000, avanceR = 2.000000, avanceI = 2.000000
inc_x_r = 0.000000, inc_y_r = 1.000000, inc_x_i = 1.000000, inc_y_i = 1.000000
En el else......

----------------------------------------
x = 25.000000, y = 118.000000
avance = -123.000000, avanceR = 2.000000, avanceI = 2.000000
inc_x_r = 0.000000, inc_y_r = 1.000000, inc_x_i = 1.000000, inc_y_i = 1.000000
En el else......

----------------------------------------
x = 25.000000, y = 119.000000
avance = -121.000000, avanceR = 2.000000, avanceI = 2.000000
inc_x_r = 0.000000, inc_y_r = 1.000000, inc_x_i = 1.000000, inc_y_i = 1.000000
En el else......

----------------------------------------
x = 25.000000, y = 120.000000
avance = -119.000000, avanceR = 2.000000, avanceI = 2.000000
inc_x_r = 0.000000, inc_y_r = 1.000000, inc_x_i = 1.000000, inc_y_i = 1.000000
En el else......

----------------------------------------
x = 25.000000, y = 121.000000
avance = -117.000000, avanceR = 2.000000, avanceI = 2.000000
inc_x_r = 0.000000, inc_y_r = 1.000000, inc_x_i = 1.000000, inc_y_i = 1.000000
En el else......

----------------------------------------
x = 25.000000, y = 122.000000
avance = -115.000000, avanceR = 2.000000, avanceI = 2.000000
inc_x_r = 0.000000, inc_y_r = 1.000000, inc_x_i = 1.000000, inc_y_i = 1.000000
En el else......

----------------------------------------
x = 25.000000, y = 123.000000
avance = -113.000000, avanceR = 2.000000, avanceI = 2.000000
inc_x_r = 0.000000, inc_y_r = 1.000000, inc_x_i = 1.000000, inc_y_i = 1.000000
En el else......

----------------------------------------
x = 25.000000, y = 124.000000
avance = -111.000000, avanceR = 2.000000, avanceI = 2.000000
inc_x_r = 0.000000, inc_y_r = 1.000000, inc_x_i = 1.000000, inc_y_i = 1.000000
En el else......

----------------------------------------
x = 25.000000, y = 125.000000
avance = -109.000000, avanceR = 2.000000, avanceI = 2.000000
inc_x_r = 0.000000, inc_y_r = 1.000000, inc_x_i = 1.000000, inc_y_i = 1.000000
En el else......

----------------------------------------
x = 25.000000, y = 126.000000
avance = -107.000000, avanceR = 2.000000, avanceI = 2.000000
inc_x_r = 0.000000, inc_y_r = 1.000000, inc_x_i = 1.000000, inc_y_i = 1.000000
En el else......

----------------------------------------
x = 25.000000, y = 127.000000
avance = -105.000000, avanceR = 2.000000, avanceI = 2.000000
inc_x_r = 0.000000, inc_y_r = 1.000000, inc_x_i = 1.000000, inc_y_i = 1.000000
En el else......

----------------------------------------
x = 25.000000, y = 128.000000
avance = -103.000000, avanceR = 2.000000, avanceI = 2.000000
inc_x_r = 0.000000, inc_y_r = 1.000000, inc_x_i = 1.000000, inc_y_i = 1.000000
En el else......

----------------------------------------
x = 25.000000, y = 129.000000
avance = -101.000000, avanceR = 2.000000, avanceI = 2.000000
inc_x_r = 0.000000, inc_y_r = 1.000000, inc_x_i = 1.000000, inc_y_i = 1.000000
En el else......

----------------------------------------
x = 25.000000, y = 130.000000
avance = -99.000000, avanceR = 2.000000, avanceI = 2.000000
inc_x_r = 0.000000, inc_y_r = 1.000000, inc_x_i = 1.000000, inc_y_i = 1.000000
En el else......

----------------------------------------
x = 25.000000, y = 131.000000
avance = -97.000000, avanceR = 2.000000, avanceI = 2.000000
inc_x_r = 0.000000, inc_y_r = 1.000000, inc_x_i = 1.000000, inc_y_i = 1.000000
En el else......

----------------------------------------
x = 25.000000, y = 132.000000
avance = -95.000000, avanceR = 2.000000, avanceI = 2.000000
inc_x_r = 0.000000, inc_y_r = 1.000000, inc_x_i = 1.000000, inc_y_i = 1.000000
En el else......

----------------------------------------
x = 25.000000, y = 133.000000
avance = -93.000000, avanceR = 2.000000, avanceI = 2.000000
inc_x_r = 0.000000, inc_y_r = 1.000000, inc_x_i = 1.000000, inc_y_i = 1.000000
En el else......

----------------------------------------
x = 25.000000, y = 134.000000
avance = -91.000000, avanceR = 2.000000, avanceI = 2.000000
inc_x_r = 0.000000, inc_y_r = 1.000000, inc_x_i = 1.000000, inc_y_i = 1.000000
En el else......

----------------------------------------
x = 25.000000, y = 135.000000
avance = -89.000000, avanceR = 2.000000, avanceI = 2.000000
inc_x_r = 0.000000, inc_y_r = 1.000000, inc_x_i = 1.000000, inc_y_i = 1.000000
En el else......

----------------------------------------
x = 25.000000, y = 136.000000
avance = -87.000000, avanceR = 2.000000, avanceI = 2.000000
inc_x_r = 0.000000, inc_y_r = 1.000000, inc_x_i = 1.000000, inc_y_i = 1.000000
En el else......

----------------------------------------
x = 25.000000, y = 137.000000
avance = -85.000000, avanceR = 2.000000, avanceI = 2.000000
inc_x_r = 0.000000, inc_y_r = 1.000000, inc_x_i = 1.000000, inc_y_i = 1.000000
En el else......

----------------------------------------
x = 25.000000, y = 138.000000
avance = -83.000000, avanceR = 2.000000, avanceI = 2.000000
inc_x_r = 0.000000, inc_y_r = 1.000000, inc_x_i = 1.000000, inc_y_i = 1.000000
En el else......

----------------------------------------
x = 25.000000, y = 139.000000
avance = -81.000000, avanceR = 2.000000, avanceI = 2.000000
inc_x_r = 0.000000, inc_y_r = 1.000000, inc_x_i = 1.000000, inc_y_i = 1.000000
En el else......

----------------------------------------
x = 25.000000, y = 140.000000
avance = -79.000000, avanceR = 2.000000, avanceI = 2.000000
inc_x_r = 0.000000, inc_y_r = 1.000000, inc_x_i = 1.000000, inc_y_i = 1.000000
En el else......

----------------------------------------
x = 25.000000, y = 141.000000
avance = -77.000000, avanceR = 2.000000, avanceI = 2.000000
inc_x_r = 0.000000, inc_y_r = 1.000000, inc_x_i = 1.000000, inc_y_i = 1.000000
En el else......

----------------------------------------
x = 25.000000, y = 142.000000
avance = -75.000000, avanceR = 2.000000, avanceI = 2.000000
inc_x_r = 0.000000, inc_y_r = 1.000000, inc_x_i = 1.000000, inc_y_i = 1.000000
En el else......

----------------------------------------
x = 25.000000, y = 143.000000
avance = -73.000000, avanceR = 2.000000, avanceI = 2.000000
inc_x_r = 0.000000, inc_y_r = 1.000000, inc_x_i = 1.000000, inc_y_i = 1.000000
En el else......

----------------------------------------
x = 25.000000, y = 144.000000
avance = -71.000000, avanceR = 2.000000, avanceI = 2.000000
inc_x_r = 0.000000, inc_y_r = 1.000000, inc_x_i = 1.000000, inc_y_i = 1.000000
En el else......

----------------------------------------
x = 25.000000, y = 145.000000
avance = -69.000000, avanceR = 2.000000, avanceI = 2.000000
inc_x_r = 0.000000, inc_y_r = 1.000000, inc_x_i = 1.000000, inc_y_i = 1.000000
En el else......

----------------------------------------
x = 25.000000, y = 146.000000
avance = -67.000000, avanceR = 2.000000, avanceI = 2.000000
inc_x_r = 0.000000, inc_y_r = 1.000000, inc_x_i = 1.000000, inc_y_i = 1.000000
En el else......

----------------------------------------
x = 25.000000, y = 147.000000
avance = -65.000000, avanceR = 2.000000, avanceI = 2.000000
inc_x_r = 0.000000, inc_y_r = 1.000000, inc_x_i = 1.000000, inc_y_i = 1.000000
En el else......

----------------------------------------
x = 25.000000, y = 148.000000
avance = -63.000000, avanceR = 2.000000, avanceI = 2.000000
inc_x_r = 0.000000, inc_y_r = 1.000000, inc_x_i = 1.000000, inc_y_i = 1.000000
En el else......

----------------------------------------
x = 25.000000, y = 149.000000
avance = -61.000000, avanceR = 2.000000, avanceI = 2.000000
inc_x_r = 0.000000, inc_y_r = 1.000000, inc_x_i = 1.000000, inc_y_i = 1.000000
En el else......

----------------------------------------
x = 25.000000, y = 150.000000
avance = -59.000000, avanceR = 2.000000, avanceI = 2.000000
inc_x_r = 0.000000, inc_y_r = 1.000000, inc_x_i = 1.000000, inc_y_i = 1.000000
En el else......

----------------------------------------
x = 25.000000, y = 151.000000
avance = -57.000000, avanceR = 2.000000, avanceI = 2.000000
inc_x_r = 0.000000, inc_y_r = 1.000000, inc_x_i = 1.000000, inc_y_i = 1.000000
En el else......

----------------------------------------
x = 25.000000, y = 152.000000
avance = -55.000000, avanceR = 2.000000, avanceI = 2.000000
inc_x_r = 0.000000, inc_y_r = 1.000000, inc_x_i = 1.000000, inc_y_i = 1.000000
En el else......

----------------------------------------
x = 25.000000, y = 153.000000
avance = -53.000000, avanceR = 2.000000, avanceI = 2.000000
inc_x_r = 0.000000, inc_y_r = 1.000000, inc_x_i = 1.000000, inc_y_i = 1.000000
En el else......

----------------------------------------
x = 25.000000, y = 154.000000
avance = -51.000000, avanceR = 2.000000, avanceI = 2.000000
inc_x_r = 0.000000, inc_y_r = 1.000000, inc_x_i = 1.000000, inc_y_i = 1.000000
En el else......

----------------------------------------
x = 25.000000, y = 155.000000
avance = -49.000000, avanceR = 2.000000, avanceI = 2.000000
inc_x_r = 0.000000, inc_y_r = 1.000000, inc_x_i = 1.000000, inc_y_i = 1.000000
En el else......

----------------------------------------
x = 25.000000, y = 156.000000
avance = -47.000000, avanceR = 2.000000, avanceI = 2.000000
inc_x_r = 0.000000, inc_y_r = 1.000000, inc_x_i = 1.000000, inc_y_i = 1.000000
En el else......

----------------------------------------
x = 25.000000, y = 157.000000
avance = -45.000000, avanceR = 2.000000, avanceI = 2.000000
inc_x_r = 0.000000, inc_y_r = 1.000000, inc_x_i = 1.000000, inc_y_i = 1.000000
En el else......

----------------------------------------
x = 25.000000, y = 158.000000
avance = -43.000000, avanceR = 2.000000, avanceI = 2.000000
inc_x_r = 0.000000, inc_y_r = 1.000000, inc_x_i = 1.000000, inc_y_i = 1.000000
En el else......

----------------------------------------
x = 25.000000, y = 159.000000
avance = -41.000000, avanceR = 2.000000, avanceI = 2.000000
inc_x_r = 0.000000, inc_y_r = 1.000000, inc_x_i = 1.000000, inc_y_i = 1.000000
En el else......

----------------------------------------
x = 25.000000, y = 160.000000
avance = -39.000000, avanceR = 2.000000, avanceI = 2.000000
inc_x_r = 0.000000, inc_y_r = 1.000000, inc_x_i = 1.000000, inc_y_i = 1.000000
En el else......

----------------------------------------
x = 25.000000, y = 161.000000
avance = -37.000000, avanceR = 2.000000, avanceI = 2.000000
inc_x_r = 0.000000, inc_y_r = 1.000000, inc_x_i = 1.000000, inc_y_i = 1.000000
En el else......

----------------------------------------
x = 25.000000, y = 162.000000
avance = -35.000000, avanceR = 2.000000, avanceI = 2.000000
inc_x_r = 0.000000, inc_y_r = 1.000000, inc_x_i = 1.000000, inc_y_i = 1.000000
En el else......

----------------------------------------
x = 25.000000, y = 163.000000
avance = -33.000000, avanceR = 2.000000, avanceI = 2.000000
inc_x_r = 0.000000, inc_y_r = 1.000000, inc_x_i = 1.000000, inc_y_i = 1.000000
En el else......

----------------------------------------
x = 25.000000, y = 164.000000
avance = -31.000000, avanceR = 2.000000, avanceI = 2.000000
inc_x_r = 0.000000, inc_y_r = 1.000000, inc_x_i = 1.000000, inc_y_i = 1.000000
En el else......

----------------------------------------
x = 25.000000, y = 165.000000
avance = -29.000000, avanceR = 2.000000, avanceI = 2.000000
inc_x_r = 0.000000, inc_y_r = 1.000000, inc_x_i = 1.000000, inc_y_i = 1.000000
En el else......

----------------------------------------
x = 25.000000, y = 166.000000
avance = -27.000000, avanceR = 2.000000, avanceI = 2.000000
inc_x_r = 0.000000, inc_y_r = 1.000000, inc_x_i = 1.000000, inc_y_i = 1.000000
En el else......

----------------------------------------
x = 25.000000, y = 167.000000
avance = -25.000000, avanceR = 2.000000, avanceI = 2.000000
inc_x_r = 0.000000, inc_y_r = 1.000000, inc_x_i = 1.000000, inc_y_i = 1.000000
En el else......

----------------------------------------
x = 25.000000, y = 168.000000
avance = -23.000000, avanceR = 2.000000, avanceI = 2.000000
inc_x_r = 0.000000, inc_y_r = 1.000000, inc_x_i = 1.000000, inc_y_i = 1.000000
En el else......

----------------------------------------
x = 25.000000, y = 169.000000
avance = -21.000000, avanceR = 2.000000, avanceI = 2.000000
inc_x_r = 0.000000, inc_y_r = 1.000000, inc_x_i = 1.000000, inc_y_i = 1.000000
En el else......

----------------------------------------
x = 25.000000, y = 170.000000
avance = -19.000000, avanceR = 2.000000, avanceI = 2.000000
inc_x_r = 0.000000, inc_y_r = 1.000000, inc_x_i = 1.000000, inc_y_i = 1.000000
En el else......

----------------------------------------
x = 25.000000, y = 171.000000
avance = -17.000000, avanceR = 2.000000, avanceI = 2.000000
inc_x_r = 0.000000, inc_y_r = 1.000000, inc_x_i = 1.000000, inc_y_i = 1.000000
En el else......

----------------------------------------
x = 25.000000, y = 172.000000
avance = -15.000000, avanceR = 2.000000, avanceI = 2.000000
inc_x_r = 0.000000, inc_y_r = 1.000000, inc_x_i = 1.000000, inc_y_i = 1.000000
En el else......

----------------------------------------
x = 25.000000, y = 173.000000
avance = -13.000000, avanceR = 2.000000, avanceI = 2.000000
inc_x_r = 0.000000, inc_y_r = 1.000000, inc_x_i = 1.000000, inc_y_i = 1.000000
En el else......

----------------------------------------
x = 25.000000, y = 174.000000
avance = -11.000000, avanceR = 2.000000, avanceI = 2.000000
inc_x_r = 0.000000, inc_y_r = 1.000000, inc_x_i = 1.000000, inc_y_i = 1.000000
En el else......

----------------------------------------
x = 25.000000, y = 175.000000
avance = -9.000000, avanceR = 2.000000, avanceI = 2.000000
inc_x_r = 0.000000, inc_y_r = 1.000000, inc_x_i = 1.000000, inc_y_i = 1.000000
En el else......

----------------------------------------
x = 25.000000, y = 176.000000
avance = -7.000000, avanceR = 2.000000, avanceI = 2.000000
inc_x_r = 0.000000, inc_y_r = 1.000000, inc_x_i = 1.000000, inc_y_i = 1.000000
En el else......

----------------------------------------
x = 25.000000, y = 177.000000
avance = -5.000000, avanceR = 2.000000, avanceI = 2.000000
inc_x_r = 0.000000, inc_y_r = 1.000000, inc_x_i = 1.000000, inc_y_i = 1.000000
En el else......

----------------------------------------
x = 25.000000, y = 178.000000
avance = -3.000000, avanceR = 2.000000, avanceI = 2.000000
inc_x_r = 0.000000, inc_y_r = 1.000000, inc_x_i = 1.000000, inc_y_i = 1.000000
En el else......

----------------------------------------
x = 25.000000, y = 179.000000
avance = -1.000000, avanceR = 2.000000, avanceI = 2.000000
inc_x_r = 0.000000, inc_y_r = 1.000000, inc_x_i = 1.000000, inc_y_i = 1.000000
En el else......

----------------------------------------
x = 25.000000, y = 180.000000
avance = 1.000000, avanceR = 2.000000, avanceI = 2.000000
inc_x_r = 0.000000, inc_y_r = 1.000000, inc_x_i = 1.000000, inc_y_i = 1.000000
avance >= 0

----------------------------------------
x = 26.000000, y = 181.000000
avance = -499.000000, avanceR = 2.000000, avanceI = 2.000000
inc_x_r = 0.000000, inc_y_r = 1.000000, inc_x_i = 1.000000, inc_y_i = 1.000000
En el else......

----------------------------------------
x = 26.000000, y = 182.000000
avance = -497.000000, avanceR = 2.000000, avanceI = 2.000000
inc_x_r = 0.000000, inc_y_r = 1.000000, inc_x_i = 1.000000, inc_y_i = 1.000000
En el else......

----------------------------------------
x = 26.000000, y = 183.000000
avance = -495.000000, avanceR = 2.000000, avanceI = 2.000000
inc_x_r = 0.000000, inc_y_r = 1.000000, inc_x_i = 1.000000, inc_y_i = 1.000000
En el else......

----------------------------------------
x = 26.000000, y = 184.000000
avance = -493.000000, avanceR = 2.000000, avanceI = 2.000000
inc_x_r = 0.000000, inc_y_r = 1.000000, inc_x_i = 1.000000, inc_y_i = 1.000000
En el else......

----------------------------------------
x = 26.000000, y = 185.000000
avance = -491.000000, avanceR = 2.000000, avanceI = 2.000000
inc_x_r = 0.000000, inc_y_r = 1.000000, inc_x_i = 1.000000, inc_y_i = 1.000000
En el else......

----------------------------------------
x = 26.000000, y = 186.000000
avance = -489.000000, avanceR = 2.000000, avanceI = 2.000000
inc_x_r = 0.000000, inc_y_r = 1.000000, inc_x_i = 1.000000, inc_y_i = 1.000000
En el else......

----------------------------------------
x = 26.000000, y = 187.000000
avance = -487.000000, avanceR = 2.000000, avanceI = 2.000000
inc_x_r = 0.000000, inc_y_r = 1.000000, inc_x_i = 1.000000, inc_y_i = 1.000000
En el else......

----------------------------------------
x = 26.000000, y = 188.000000
avance = -485.000000, avanceR = 2.000000, avanceI = 2.000000
inc_x_r = 0.000000, inc_y_r = 1.000000, inc_x_i = 1.000000, inc_y_i = 1.000000
En el else......

----------------------------------------
x = 26.000000, y = 189.000000
avance = -483.000000, avanceR = 2.000000, avanceI = 2.000000
inc_x_r = 0.000000, inc_y_r = 1.000000, inc_x_i = 1.000000, inc_y_i = 1.000000
En el else......

----------------------------------------
x = 26.000000, y = 190.000000
avance = -481.000000, avanceR = 2.000000, avanceI = 2.000000
inc_x_r = 0.000000, inc_y_r = 1.000000, inc_x_i = 1.000000, inc_y_i = 1.000000
En el else......

----------------------------------------
x = 26.000000, y = 191.000000
avance = -479.000000, avanceR = 2.000000, avanceI = 2.000000
inc_x_r = 0.000000, inc_y_r = 1.000000, inc_x_i = 1.000000, inc_y_i = 1.000000
En el else......

----------------------------------------
x = 26.000000, y = 192.000000
avance = -477.000000, avanceR = 2.000000, avanceI = 2.000000
inc_x_r = 0.000000, inc_y_r = 1.000000, inc_x_i = 1.000000, inc_y_i = 1.000000
En el else......

----------------------------------------
x = 26.000000, y = 193.000000
avance = -475.000000, avanceR = 2.000000, avanceI = 2.000000
inc_x_r = 0.000000, inc_y_r = 1.000000, inc_x_i = 1.000000, inc_y_i = 1.000000
En el else......

----------------------------------------
x = 26.000000, y = 194.000000
avance = -473.000000, avanceR = 2.000000, avanceI = 2.000000
inc_x_r = 0.000000, inc_y_r = 1.000000, inc_x_i = 1.000000, inc_y_i = 1.000000
En el else......

----------------------------------------
x = 26.000000, y = 195.000000
avance = -471.000000, avanceR = 2.000000, avanceI = 2.000000
inc_x_r = 0.000000, inc_y_r = 1.000000, inc_x_i = 1.000000, inc_y_i = 1.000000
En el else......

----------------------------------------
x = 26.000000, y = 196.000000
avance = -469.000000, avanceR = 2.000000, avanceI = 2.000000
inc_x_r = 0.000000, inc_y_r = 1.000000, inc_x_i = 1.000000, inc_y_i = 1.000000
En el else......

----------------------------------------
x = 26.000000, y = 197.000000
avance = -467.000000, avanceR = 2.000000, avanceI = 2.000000
inc_x_r = 0.000000, inc_y_r = 1.000000, inc_x_i = 1.000000, inc_y_i = 1.000000
En el else......

----------------------------------------
x = 26.000000, y = 198.000000
avance = -465.000000, avanceR = 2.000000, avanceI = 2.000000
inc_x_r = 0.000000, inc_y_r = 1.000000, inc_x_i = 1.000000, inc_y_i = 1.000000
En el else......

----------------------------------------
x = 26.000000, y = 199.000000
avance = -463.000000, avanceR = 2.000000, avanceI = 2.000000
inc_x_r = 0.000000, inc_y_r = 1.000000, inc_x_i = 1.000000, inc_y_i = 1.000000
En el else......

----------------------------------------
x = 26.000000, y = 200.000000
avance = -461.000000, avanceR = 2.000000, avanceI = 2.000000
inc_x_r = 0.000000, inc_y_r = 1.000000, inc_x_i = 1.000000, inc_y_i = 1.000000
En el else......

----------------------------------------
x = 26.000000, y = 201.000000
avance = -459.000000, avanceR = 2.000000, avanceI = 2.000000
inc_x_r = 0.000000, inc_y_r = 1.000000, inc_x_i = 1.000000, inc_y_i = 1.000000
En el else......

----------------------------------------
x = 26.000000, y = 202.000000
avance = -457.000000, avanceR = 2.000000, avanceI = 2.000000
inc_x_r = 0.000000, inc_y_r = 1.000000, inc_x_i = 1.000000, inc_y_i = 1.000000
En el else......

----------------------------------------
x = 26.000000, y = 203.000000
avance = -455.000000, avanceR = 2.000000, avanceI = 2.000000
inc_x_r = 0.000000, inc_y_r = 1.000000, inc_x_i = 1.000000, inc_y_i = 1.000000
En el else......

----------------------------------------
x = 26.000000, y = 204.000000
avance = -453.000000, avanceR = 2.000000, avanceI = 2.000000
inc_x_r = 0.000000, inc_y_r = 1.000000, inc_x_i = 1.000000, inc_y_i = 1.000000
En el else......

----------------------------------------
x = 26.000000, y = 205.000000
avance = -451.000000, avanceR = 2.000000, avanceI = 2.000000
inc_x_r = 0.000000, inc_y_r = 1.000000, inc_x_i = 1.000000, inc_y_i = 1.000000
En el else......

----------------------------------------
x = 26.000000, y = 206.000000
avance = -449.000000, avanceR = 2.000000, avanceI = 2.000000
inc_x_r = 0.000000, inc_y_r = 1.000000, inc_x_i = 1.000000, inc_y_i = 1.000000
En el else......

----------------------------------------
x = 26.000000, y = 207.000000
avance = -447.000000, avanceR = 2.000000, avanceI = 2.000000
inc_x_r = 0.000000, inc_y_r = 1.000000, inc_x_i = 1.000000, inc_y_i = 1.000000
En el else......

----------------------------------------
x = 26.000000, y = 208.000000
avance = -445.000000, avanceR = 2.000000, avanceI = 2.000000
inc_x_r = 0.000000, inc_y_r = 1.000000, inc_x_i = 1.000000, inc_y_i = 1.000000
En el else......

----------------------------------------
x = 26.000000, y = 209.000000
avance = -443.000000, avanceR = 2.000000, avanceI = 2.000000
inc_x_r = 0.000000, inc_y_r = 1.000000, inc_x_i = 1.000000, inc_y_i = 1.000000
En el else......

----------------------------------------
x = 26.000000, y = 210.000000
avance = -441.000000, avanceR = 2.000000, avanceI = 2.000000
inc_x_r = 0.000000, inc_y_r = 1.000000, inc_x_i = 1.000000, inc_y_i = 1.000000
En el else......

----------------------------------------
x = 26.000000, y = 211.000000
avance = -439.000000, avanceR = 2.000000, avanceI = 2.000000
inc_x_r = 0.000000, inc_y_r = 1.000000, inc_x_i = 1.000000, inc_y_i = 1.000000
En el else......

----------------------------------------
x = 26.000000, y = 212.000000
avance = -437.000000, avanceR = 2.000000, avanceI = 2.000000
inc_x_r = 0.000000, inc_y_r = 1.000000, inc_x_i = 1.000000, inc_y_i = 1.000000
En el else......

----------------------------------------
x = 26.000000, y = 213.000000
avance = -435.000000, avanceR = 2.000000, avanceI = 2.000000
inc_x_r = 0.000000, inc_y_r = 1.000000, inc_x_i = 1.000000, inc_y_i = 1.000000
En el else......

----------------------------------------
x = 26.000000, y = 214.000000
avance = -433.000000, avanceR = 2.000000, avanceI = 2.000000
inc_x_r = 0.000000, inc_y_r = 1.000000, inc_x_i = 1.000000, inc_y_i = 1.000000
En el else......

----------------------------------------
x = 26.000000, y = 215.000000
avance = -431.000000, avanceR = 2.000000, avanceI = 2.000000
inc_x_r = 0.000000, inc_y_r = 1.000000, inc_x_i = 1.000000, inc_y_i = 1.000000
En el else......

----------------------------------------
x = 26.000000, y = 216.000000
avance = -429.000000, avanceR = 2.000000, avanceI = 2.000000
inc_x_r = 0.000000, inc_y_r = 1.000000, inc_x_i = 1.000000, inc_y_i = 1.000000
En el else......

----------------------------------------
x = 26.000000, y = 217.000000
avance = -427.000000, avanceR = 2.000000, avanceI = 2.000000
inc_x_r = 0.000000, inc_y_r = 1.000000, inc_x_i = 1.000000, inc_y_i = 1.000000
En el else......

----------------------------------------
x = 26.000000, y = 218.000000
avance = -425.000000, avanceR = 2.000000, avanceI = 2.000000
inc_x_r = 0.000000, inc_y_r = 1.000000, inc_x_i = 1.000000, inc_y_i = 1.000000
En el else......

----------------------------------------
x = 26.000000, y = 219.000000
avance = -423.000000, avanceR = 2.000000, avanceI = 2.000000
inc_x_r = 0.000000, inc_y_r = 1.000000, inc_x_i = 1.000000, inc_y_i = 1.000000
En el else......

----------------------------------------
x = 26.000000, y = 220.000000
avance = -421.000000, avanceR = 2.000000, avanceI = 2.000000
inc_x_r = 0.000000, inc_y_r = 1.000000, inc_x_i = 1.000000, inc_y_i = 1.000000
En el else......

----------------------------------------
x = 26.000000, y = 221.000000
avance = -419.000000, avanceR = 2.000000, avanceI = 2.000000
inc_x_r = 0.000000, inc_y_r = 1.000000, inc_x_i = 1.000000, inc_y_i = 1.000000
En el else......

----------------------------------------
x = 26.000000, y = 222.000000
avance = -417.000000, avanceR = 2.000000, avanceI = 2.000000
inc_x_r = 0.000000, inc_y_r = 1.000000, inc_x_i = 1.000000, inc_y_i = 1.000000
En el else......

----------------------------------------
x = 26.000000, y = 223.000000
avance = -415.000000, avanceR = 2.000000, avanceI = 2.000000
inc_x_r = 0.000000, inc_y_r = 1.000000, inc_x_i = 1.000000, inc_y_i = 1.000000
En el else......

----------------------------------------
x = 26.000000, y = 224.000000
avance = -413.000000, avanceR = 2.000000, avanceI = 2.000000
inc_x_r = 0.000000, inc_y_r = 1.000000, inc_x_i = 1.000000, inc_y_i = 1.000000
En el else......

----------------------------------------
x = 26.000000, y = 225.000000
avance = -411.000000, avanceR = 2.000000, avanceI = 2.000000
inc_x_r = 0.000000, inc_y_r = 1.000000, inc_x_i = 1.000000, inc_y_i = 1.000000
En el else......

----------------------------------------
x = 26.000000, y = 226.000000
avance = -409.000000, avanceR = 2.000000, avanceI = 2.000000
inc_x_r = 0.000000, inc_y_r = 1.000000, inc_x_i = 1.000000, inc_y_i = 1.000000
En el else......

----------------------------------------
x = 26.000000, y = 227.000000
avance = -407.000000, avanceR = 2.000000, avanceI = 2.000000
inc_x_r = 0.000000, inc_y_r = 1.000000, inc_x_i = 1.000000, inc_y_i = 1.000000
En el else......

----------------------------------------
x = 26.000000, y = 228.000000
avance = -405.000000, avanceR = 2.000000, avanceI = 2.000000
inc_x_r = 0.000000, inc_y_r = 1.000000, inc_x_i = 1.000000, inc_y_i = 1.000000
En el else......

----------------------------------------
x = 26.000000, y = 229.000000
avance = -403.000000, avanceR = 2.000000, avanceI = 2.000000
inc_x_r = 0.000000, inc_y_r = 1.000000, inc_x_i = 1.000000, inc_y_i = 1.000000
En el else......

----------------------------------------
x = 26.000000, y = 230.000000
avance = -401.000000, avanceR = 2.000000, avanceI = 2.000000
inc_x_r = 0.000000, inc_y_r = 1.000000, inc_x_i = 1.000000, inc_y_i = 1.000000
En el else......

----------------------------------------
x = 26.000000, y = 231.000000
avance = -399.000000, avanceR = 2.000000, avanceI = 2.000000
inc_x_r = 0.000000, inc_y_r = 1.000000, inc_x_i = 1.000000, inc_y_i = 1.000000
En el else......

----------------------------------------
x = 26.000000, y = 232.000000
avance = -397.000000, avanceR = 2.000000, avanceI = 2.000000
inc_x_r = 0.000000, inc_y_r = 1.000000, inc_x_i = 1.000000, inc_y_i = 1.000000
En el else......

----------------------------------------
x = 26.000000, y = 233.000000
avance = -395.000000, avanceR = 2.000000, avanceI = 2.000000
inc_x_r = 0.000000, inc_y_r = 1.000000, inc_x_i = 1.000000, inc_y_i = 1.000000
En el else......

----------------------------------------
x = 26.000000, y = 234.000000
avance = -393.000000, avanceR = 2.000000, avanceI = 2.000000
inc_x_r = 0.000000, inc_y_r = 1.000000, inc_x_i = 1.000000, inc_y_i = 1.000000
En el else......

----------------------------------------
x = 26.000000, y = 235.000000
avance = -391.000000, avanceR = 2.000000, avanceI = 2.000000
inc_x_r = 0.000000, inc_y_r = 1.000000, inc_x_i = 1.000000, inc_y_i = 1.000000
En el else......

----------------------------------------
x = 26.000000, y = 236.000000
avance = -389.000000, avanceR = 2.000000, avanceI = 2.000000
inc_x_r = 0.000000, inc_y_r = 1.000000, inc_x_i = 1.000000, inc_y_i = 1.000000
En el else......

----------------------------------------
x = 26.000000, y = 237.000000
avance = -387.000000, avanceR = 2.000000, avanceI = 2.000000
inc_x_r = 0.000000, inc_y_r = 1.000000, inc_x_i = 1.000000, inc_y_i = 1.000000
En el else......

----------------------------------------
x = 26.000000, y = 238.000000
avance = -385.000000, avanceR = 2.000000, avanceI = 2.000000
inc_x_r = 0.000000, inc_y_r = 1.000000, inc_x_i = 1.000000, inc_y_i = 1.000000
En el else......

----------------------------------------
x = 26.000000, y = 239.000000
avance = -383.000000, avanceR = 2.000000, avanceI = 2.000000
inc_x_r = 0.000000, inc_y_r = 1.000000, inc_x_i = 1.000000, inc_y_i = 1.000000
En el else......

----------------------------------------
x = 26.000000, y = 240.000000
avance = -381.000000, avanceR = 2.000000, avanceI = 2.000000
inc_x_r = 0.000000, inc_y_r = 1.000000, inc_x_i = 1.000000, inc_y_i = 1.000000
En el else......

----------------------------------------
x = 26.000000, y = 241.000000
avance = -379.000000, avanceR = 2.000000, avanceI = 2.000000
inc_x_r = 0.000000, inc_y_r = 1.000000, inc_x_i = 1.000000, inc_y_i = 1.000000
En el else......

----------------------------------------
x = 26.000000, y = 242.000000
avance = -377.000000, avanceR = 2.000000, avanceI = 2.000000
inc_x_r = 0.000000, inc_y_r = 1.000000, inc_x_i = 1.000000, inc_y_i = 1.000000
En el else......

----------------------------------------
x = 26.000000, y = 243.000000
avance = -375.000000, avanceR = 2.000000, avanceI = 2.000000
inc_x_r = 0.000000, inc_y_r = 1.000000, inc_x_i = 1.000000, inc_y_i = 1.000000
En el else......

----------------------------------------
x = 26.000000, y = 244.000000
avance = -373.000000, avanceR = 2.000000, avanceI = 2.000000
inc_x_r = 0.000000, inc_y_r = 1.000000, inc_x_i = 1.000000, inc_y_i = 1.000000
En el else......

----------------------------------------
x = 26.000000, y = 245.000000
avance = -371.000000, avanceR = 2.000000, avanceI = 2.000000
inc_x_r = 0.000000, inc_y_r = 1.000000, inc_x_i = 1.000000, inc_y_i = 1.000000
En el else......

----------------------------------------
x = 26.000000, y = 246.000000
avance = -369.000000, avanceR = 2.000000, avanceI = 2.000000
inc_x_r = 0.000000, inc_y_r = 1.000000, inc_x_i = 1.000000, inc_y_i = 1.000000
En el else......

----------------------------------------
x = 26.000000, y = 247.000000
avance = -367.000000, avanceR = 2.000000, avanceI = 2.000000
inc_x_r = 0.000000, inc_y_r = 1.000000, inc_x_i = 1.000000, inc_y_i = 1.000000
En el else......

----------------------------------------
x = 26.000000, y = 248.000000
avance = -365.000000, avanceR = 2.000000, avanceI = 2.000000
inc_x_r = 0.000000, inc_y_r = 1.000000, inc_x_i = 1.000000, inc_y_i = 1.000000
En el else......

----------------------------------------
x = 26.000000, y = 249.000000
avance = -363.000000, avanceR = 2.000000, avanceI = 2.000000
inc_x_r = 0.000000, inc_y_r = 1.000000, inc_x_i = 1.000000, inc_y_i = 1.000000
En el else......

----------------------------------------
x = 26.000000, y = 250.000000
avance = -361.000000, avanceR = 2.000000, avanceI = 2.000000
inc_x_r = 0.000000, inc_y_r = 1.000000, inc_x_i = 1.000000, inc_y_i = 1.000000
En el else......

----------------------------------------
x = 26.000000, y = 251.000000
avance = -359.000000, avanceR = 2.000000, avanceI = 2.000000
inc_x_r = 0.000000, inc_y_r = 1.000000, inc_x_i = 1.000000, inc_y_i = 1.000000
En el else......

----------------------------------------
x = 26.000000, y = 252.000000
avance = -357.000000, avanceR = 2.000000, avanceI = 2.000000
inc_x_r = 0.000000, inc_y_r = 1.000000, inc_x_i = 1.000000, inc_y_i = 1.000000
En el else......

----------------------------------------
x = 26.000000, y = 253.000000
avance = -355.000000, avanceR = 2.000000, avanceI = 2.000000
inc_x_r = 0.000000, inc_y_r = 1.000000, inc_x_i = 1.000000, inc_y_i = 1.000000
En el else......

----------------------------------------
x = 26.000000, y = 254.000000
avance = -353.000000, avanceR = 2.000000, avanceI = 2.000000
inc_x_r = 0.000000, inc_y_r = 1.000000, inc_x_i = 1.000000, inc_y_i = 1.000000
En el else......

----------------------------------------
x = 26.000000, y = 255.000000
avance = -351.000000, avanceR = 2.000000, avanceI = 2.000000
inc_x_r = 0.000000, inc_y_r = 1.000000, inc_x_i = 1.000000, inc_y_i = 1.000000
En el else......

----------------------------------------
x = 26.000000, y = 256.000000
avance = -349.000000, avanceR = 2.000000, avanceI = 2.000000
inc_x_r = 0.000000, inc_y_r = 1.000000, inc_x_i = 1.000000, inc_y_i = 1.000000
En el else......

----------------------------------------
x = 26.000000, y = 257.000000
avance = -347.000000, avanceR = 2.000000, avanceI = 2.000000
inc_x_r = 0.000000, inc_y_r = 1.000000, inc_x_i = 1.000000, inc_y_i = 1.000000
En el else......

----------------------------------------
x = 26.000000, y = 258.000000
avance = -345.000000, avanceR = 2.000000, avanceI = 2.000000
inc_x_r = 0.000000, inc_y_r = 1.000000, inc_x_i = 1.000000, inc_y_i = 1.000000
En el else......

----------------------------------------
x = 26.000000, y = 259.000000
avance = -343.000000, avanceR = 2.000000, avanceI = 2.000000
inc_x_r = 0.000000, inc_y_r = 1.000000, inc_x_i = 1.000000, inc_y_i = 1.000000
En el else......

----------------------------------------
x = 26.000000, y = 260.000000
avance = -341.000000, avanceR = 2.000000, avanceI = 2.000000
inc_x_r = 0.000000, inc_y_r = 1.000000, inc_x_i = 1.000000, inc_y_i = 1.000000
En el else......

----------------------------------------
x = 26.000000, y = 261.000000
avance = -339.000000, avanceR = 2.000000, avanceI = 2.000000
inc_x_r = 0.000000, inc_y_r = 1.000000, inc_x_i = 1.000000, inc_y_i = 1.000000
En el else......

----------------------------------------
x = 26.000000, y = 262.000000
avance = -337.000000, avanceR = 2.000000, avanceI = 2.000000
inc_x_r = 0.000000, inc_y_r = 1.000000, inc_x_i = 1.000000, inc_y_i = 1.000000
En el else......

----------------------------------------
x = 26.000000, y = 263.000000
avance = -335.000000, avanceR = 2.000000, avanceI = 2.000000
inc_x_r = 0.000000, inc_y_r = 1.000000, inc_x_i = 1.000000, inc_y_i = 1.000000
En el else......

----------------------------------------
x = 26.000000, y = 264.000000
avance = -333.000000, avanceR = 2.000000, avanceI = 2.000000
inc_x_r = 0.000000, inc_y_r = 1.000000, inc_x_i = 1.000000, inc_y_i = 1.000000
En el else......

----------------------------------------
x = 26.000000, y = 265.000000
avance = -331.000000, avanceR = 2.000000, avanceI = 2.000000
inc_x_r = 0.000000, inc_y_r = 1.000000, inc_x_i = 1.000000, inc_y_i = 1.000000
En el else......

----------------------------------------
x = 26.000000, y = 266.000000
avance = -329.000000, avanceR = 2.000000, avanceI = 2.000000
inc_x_r = 0.000000, inc_y_r = 1.000000, inc_x_i = 1.000000, inc_y_i = 1.000000
En el else......

----------------------------------------
x = 26.000000, y = 267.000000
avance = -327.000000, avanceR = 2.000000, avanceI = 2.000000
inc_x_r = 0.000000, inc_y_r = 1.000000, inc_x_i = 1.000000, inc_y_i = 1.000000
En el else......

----------------------------------------
x = 26.000000, y = 268.000000
avance = -325.000000, avanceR = 2.000000, avanceI = 2.000000
inc_x_r = 0.000000, inc_y_r = 1.000000, inc_x_i = 1.000000, inc_y_i = 1.000000
En el else......

----------------------------------------
x = 26.000000, y = 269.000000
avance = -323.000000, avanceR = 2.000000, avanceI = 2.000000
inc_x_r = 0.000000, inc_y_r = 1.000000, inc_x_i = 1.000000, inc_y_i = 1.000000
En el else......

----------------------------------------
x = 26.000000, y = 270.000000
avance = -321.000000, avanceR = 2.000000, avanceI = 2.000000
inc_x_r = 0.000000, inc_y_r = 1.000000, inc_x_i = 1.000000, inc_y_i = 1.000000
En el else......

----------------------------------------
x = 26.000000, y = 271.000000
avance = -319.000000, avanceR = 2.000000, avanceI = 2.000000
inc_x_r = 0.000000, inc_y_r = 1.000000, inc_x_i = 1.000000, inc_y_i = 1.000000
En el else......

----------------------------------------
x = 26.000000, y = 272.000000
avance = -317.000000, avanceR = 2.000000, avanceI = 2.000000
inc_x_r = 0.000000, inc_y_r = 1.000000, inc_x_i = 1.000000, inc_y_i = 1.000000
En el else......

----------------------------------------
x = 26.000000, y = 273.000000
avance = -315.000000, avanceR = 2.000000, avanceI = 2.000000
inc_x_r = 0.000000, inc_y_r = 1.000000, inc_x_i = 1.000000, inc_y_i = 1.000000
En el else......

----------------------------------------
x = 26.000000, y = 274.000000
avance = -313.000000, avanceR = 2.000000, avanceI = 2.000000
inc_x_r = 0.000000, inc_y_r = 1.000000, inc_x_i = 1.000000, inc_y_i = 1.000000
En el else......

----------------------------------------
x = 26.000000, y = 275.000000
avance = -311.000000, avanceR = 2.000000, avanceI = 2.000000
inc_x_r = 0.000000, inc_y_r = 1.000000, inc_x_i = 1.000000, inc_y_i = 1.000000
En el else......

----------------------------------------
x = 26.000000, y = 276.000000
avance = -309.000000, avanceR = 2.000000, avanceI = 2.000000
inc_x_r = 0.000000, inc_y_r = 1.000000, inc_x_i = 1.000000, inc_y_i = 1.000000
En el else......

----------------------------------------
x = 26.000000, y = 277.000000
avance = -307.000000, avanceR = 2.000000, avanceI = 2.000000
inc_x_r = 0.000000, inc_y_r = 1.000000, inc_x_i = 1.000000, inc_y_i = 1.000000
En el else......

----------------------------------------
x = 26.000000, y = 278.000000
avance = -305.000000, avanceR = 2.000000, avanceI = 2.000000
inc_x_r = 0.000000, inc_y_r = 1.000000, inc_x_i = 1.000000, inc_y_i = 1.000000
En el else......

----------------------------------------
x = 26.000000, y = 279.000000
avance = -303.000000, avanceR = 2.000000, avanceI = 2.000000
inc_x_r = 0.000000, inc_y_r = 1.000000, inc_x_i = 1.000000, inc_y_i = 1.000000
En el else......

----------------------------------------
x = 26.000000, y = 280.000000
avance = -301.000000, avanceR = 2.000000, avanceI = 2.000000
inc_x_r = 0.000000, inc_y_r = 1.000000, inc_x_i = 1.000000, inc_y_i = 1.000000
En el else......

----------------------------------------
x = 26.000000, y = 281.000000
avance = -299.000000, avanceR = 2.000000, avanceI = 2.000000
inc_x_r = 0.000000, inc_y_r = 1.000000, inc_x_i = 1.000000, inc_y_i = 1.000000
En el else......

----------------------------------------
x = 26.000000, y = 282.000000
avance = -297.000000, avanceR = 2.000000, avanceI = 2.000000
inc_x_r = 0.000000, inc_y_r = 1.000000, inc_x_i = 1.000000, inc_y_i = 1.000000
En el else......

----------------------------------------
x = 26.000000, y = 283.000000
avance = -295.000000, avanceR = 2.000000, avanceI = 2.000000
inc_x_r = 0.000000, inc_y_r = 1.000000, inc_x_i = 1.000000, inc_y_i = 1.000000
En el else......

----------------------------------------
x = 26.000000, y = 284.000000
avance = -293.000000, avanceR = 2.000000, avanceI = 2.000000
inc_x_r = 0.000000, inc_y_r = 1.000000, inc_x_i = 1.000000, inc_y_i = 1.000000
En el else......

----------------------------------------
x = 26.000000, y = 285.000000
avance = -291.000000, avanceR = 2.000000, avanceI = 2.000000
inc_x_r = 0.000000, inc_y_r = 1.000000, inc_x_i = 1.000000, inc_y_i = 1.000000
En el else......

----------------------------------------
x = 26.000000, y = 286.000000
avance = -289.000000, avanceR = 2.000000, avanceI = 2.000000
inc_x_r = 0.000000, inc_y_r = 1.000000, inc_x_i = 1.000000, inc_y_i = 1.000000
En el else......

----------------------------------------
x = 26.000000, y = 287.000000
avance = -287.000000, avanceR = 2.000000, avanceI = 2.000000
inc_x_r = 0.000000, inc_y_r = 1.000000, inc_x_i = 1.000000, inc_y_i = 1.000000
En el else......

----------------------------------------
x = 26.000000, y = 288.000000
avance = -285.000000, avanceR = 2.000000, avanceI = 2.000000
inc_x_r = 0.000000, inc_y_r = 1.000000, inc_x_i = 1.000000, inc_y_i = 1.000000
En el else......

----------------------------------------
x = 26.000000, y = 289.000000
avance = -283.000000, avanceR = 2.000000, avanceI = 2.000000
inc_x_r = 0.000000, inc_y_r = 1.000000, inc_x_i = 1.000000, inc_y_i = 1.000000
En el else......

----------------------------------------
x = 26.000000, y = 290.000000
avance = -281.000000, avanceR = 2.000000, avanceI = 2.000000
inc_x_r = 0.000000, inc_y_r = 1.000000, inc_x_i = 1.000000, inc_y_i = 1.000000
En el else......

----------------------------------------
x = 26.000000, y = 291.000000
avance = -279.000000, avanceR = 2.000000, avanceI = 2.000000
inc_x_r = 0.000000, inc_y_r = 1.000000, inc_x_i = 1.000000, inc_y_i = 1.000000
En el else......

----------------------------------------
x = 26.000000, y = 292.000000
avance = -277.000000, avanceR = 2.000000, avanceI = 2.000000
inc_x_r = 0.000000, inc_y_r = 1.000000, inc_x_i = 1.000000, inc_y_i = 1.000000
En el else......

----------------------------------------
x = 26.000000, y = 293.000000
avance = -275.000000, avanceR = 2.000000, avanceI = 2.000000
inc_x_r = 0.000000, inc_y_r = 1.000000, inc_x_i = 1.000000, inc_y_i = 1.000000
En el else......

----------------------------------------
x = 26.000000, y = 294.000000
avance = -273.000000, avanceR = 2.000000, avanceI = 2.000000
inc_x_r = 0.000000, inc_y_r = 1.000000, inc_x_i = 1.000000, inc_y_i = 1.000000
En el else......

----------------------------------------
x = 26.000000, y = 295.000000
avance = -271.000000, avanceR = 2.000000, avanceI = 2.000000
inc_x_r = 0.000000, inc_y_r = 1.000000, inc_x_i = 1.000000, inc_y_i = 1.000000
En el else......

----------------------------------------
x = 26.000000, y = 296.000000
avance = -269.000000, avanceR = 2.000000, avanceI = 2.000000
inc_x_r = 0.000000, inc_y_r = 1.000000, inc_x_i = 1.000000, inc_y_i = 1.000000
En el else......

----------------------------------------
x = 26.000000, y = 297.000000
avance = -267.000000, avanceR = 2.000000, avanceI = 2.000000
inc_x_r = 0.000000, inc_y_r = 1.000000, inc_x_i = 1.000000, inc_y_i = 1.000000
En el else......

----------------------------------------
x = 26.000000, y = 298.000000
avance = -265.000000, avanceR = 2.000000, avanceI = 2.000000
inc_x_r = 0.000000, inc_y_r = 1.000000, inc_x_i = 1.000000, inc_y_i = 1.000000
En el else......

----------------------------------------
x = 26.000000, y = 299.000000
avance = -263.000000, avanceR = 2.000000, avanceI = 2.000000
inc_x_r = 0.000000, inc_y_r = 1.000000, inc_x_i = 1.000000, inc_y_i = 1.000000
En el else......

----------------------------------------
x = 26.000000, y = 300.000000
avance = -261.000000, avanceR = 2.000000, avanceI = 2.000000
inc_x_r = 0.000000, inc_y_r = 1.000000, inc_x_i = 1.000000, inc_y_i = 1.000000
En el else......

----------------------------------------
x = 26.000000, y = 301.000000
avance = -259.000000, avanceR = 2.000000, avanceI = 2.000000
inc_x_r = 0.000000, inc_y_r = 1.000000, inc_x_i = 1.000000, inc_y_i = 1.000000
En el else......

----------------------------------------
x = 26.000000, y = 302.000000
avance = -257.000000, avanceR = 2.000000, avanceI = 2.000000
inc_x_r = 0.000000, inc_y_r = 1.000000, inc_x_i = 1.000000, inc_y_i = 1.000000
En el else......

----------------------------------------
x = 26.000000, y = 303.000000
avance = -255.000000, avanceR = 2.000000, avanceI = 2.000000
inc_x_r = 0.000000, inc_y_r = 1.000000, inc_x_i = 1.000000, inc_y_i = 1.000000
En el else......

----------------------------------------
x = 26.000000, y = 304.000000
avance = -253.000000, avanceR = 2.000000, avanceI = 2.000000
inc_x_r = 0.000000, inc_y_r = 1.000000, inc_x_i = 1.000000, inc_y_i = 1.000000
En el else......

----------------------------------------
x = 26.000000, y = 305.000000
avance = -251.000000, avanceR = 2.000000, avanceI = 2.000000
inc_x_r = 0.000000, inc_y_r = 1.000000, inc_x_i = 1.000000, inc_y_i = 1.000000
En el else......

----------------------------------------


ENTRAMOS A BRESENHAMªªªª
x1 = 25.000000 - y1 = 55.000000 || x2 = 26.000000 - y2 = 306.000000
dy = 251.000000, dx = 1.000000
avances inclinados: inc_x_i = 1.000000, inc_y_i = 1.000000
updated: dy = 251.000000, dx = 1.000000
avances rectos: inc_x_r = 0.000000, inc_y_r 1.000000
reupdated: dy = 1.000000, dx = 251.000000
avanceR = 2.000000, avance -249.000000, avanceI 2.000000
----------------------------------------
x = 25.000000, y = 55.000000
avance = -249.000000, avanceR = 2.000000, avanceI = 2.000000
inc_x_r = 0.000000, inc_y_r = 1.000000, inc_x_i = 1.000000, inc_y_i = 1.000000
En el else......

----------------------------------------
x = 25.000000, y = 56.000000
avance = -247.000000, avanceR = 2.000000, avanceI = 2.000000
inc_x_r = 0.000000, inc_y_r = 1.000000, inc_x_i = 1.000000, inc_y_i = 1.000000
En el else......

----------------------------------------
x = 25.000000, y = 57.000000
avance = -245.000000, avanceR = 2.000000, avanceI = 2.000000
inc_x_r = 0.000000, inc_y_r = 1.000000, inc_x_i = 1.000000, inc_y_i = 1.000000
En el else......

----------------------------------------
x = 25.000000, y = 58.000000
avance = -243.000000, avanceR = 2.000000, avanceI = 2.000000
inc_x_r = 0.000000, inc_y_r = 1.000000, inc_x_i = 1.000000, inc_y_i = 1.000000
En el else......

----------------------------------------
x = 25.000000, y = 59.000000
avance = -241.000000, avanceR = 2.000000, avanceI = 2.000000
inc_x_r = 0.000000, inc_y_r = 1.000000, inc_x_i = 1.000000, inc_y_i = 1.000000
En el else......

----------------------------------------
x = 25.000000, y = 60.000000
avance = -239.000000, avanceR = 2.000000, avanceI = 2.000000
inc_x_r = 0.000000, inc_y_r = 1.000000, inc_x_i = 1.000000, inc_y_i = 1.000000
En el else......

----------------------------------------
x = 25.000000, y = 61.000000
avance = -237.000000, avanceR = 2.000000, avanceI = 2.000000
inc_x_r = 0.000000, inc_y_r = 1.000000, inc_x_i = 1.000000, inc_y_i = 1.000000
En el else......

----------------------------------------
x = 25.000000, y = 62.000000
avance = -235.000000, avanceR = 2.000000, avanceI = 2.000000
inc_x_r = 0.000000, inc_y_r = 1.000000, inc_x_i = 1.000000, inc_y_i = 1.000000
En el else......

----------------------------------------
x = 25.000000, y = 63.000000
avance = -233.000000, avanceR = 2.000000, avanceI = 2.000000
inc_x_r = 0.000000, inc_y_r = 1.000000, inc_x_i = 1.000000, inc_y_i = 1.000000
En el else......

----------------------------------------
x = 25.000000, y = 64.000000
avance = -231.000000, avanceR = 2.000000, avanceI = 2.000000
inc_x_r = 0.000000, inc_y_r = 1.000000, inc_x_i = 1.000000, inc_y_i = 1.000000
En el else......

----------------------------------------
x = 25.000000, y = 65.000000
avance = -229.000000, avanceR = 2.000000, avanceI = 2.000000
inc_x_r = 0.000000, inc_y_r = 1.000000, inc_x_i = 1.000000, inc_y_i = 1.000000
En el else......

----------------------------------------
x = 25.000000, y = 66.000000
avance = -227.000000, avanceR = 2.000000, avanceI = 2.000000
inc_x_r = 0.000000, inc_y_r = 1.000000, inc_x_i = 1.000000, inc_y_i = 1.000000
En el else......

----------------------------------------
x = 25.000000, y = 67.000000
avance = -225.000000, avanceR = 2.000000, avanceI = 2.000000
inc_x_r = 0.000000, inc_y_r = 1.000000, inc_x_i = 1.000000, inc_y_i = 1.000000
En el else......

----------------------------------------
x = 25.000000, y = 68.000000
avance = -223.000000, avanceR = 2.000000, avanceI = 2.000000
inc_x_r = 0.000000, inc_y_r = 1.000000, inc_x_i = 1.000000, inc_y_i = 1.000000
En el else......

----------------------------------------
x = 25.000000, y = 69.000000
avance = -221.000000, avanceR = 2.000000, avanceI = 2.000000
inc_x_r = 0.000000, inc_y_r = 1.000000, inc_x_i = 1.000000, inc_y_i = 1.000000
En el else......

----------------------------------------
x = 25.000000, y = 70.000000
avance = -219.000000, avanceR = 2.000000, avanceI = 2.000000
inc_x_r = 0.000000, inc_y_r = 1.000000, inc_x_i = 1.000000, inc_y_i = 1.000000
En el else......

----------------------------------------
x = 25.000000, y = 71.000000
avance = -217.000000, avanceR = 2.000000, avanceI = 2.000000
inc_x_r = 0.000000, inc_y_r = 1.000000, inc_x_i = 1.000000, inc_y_i = 1.000000
En el else......

----------------------------------------
x = 25.000000, y = 72.000000
avance = -215.000000, avanceR = 2.000000, avanceI = 2.000000
inc_x_r = 0.000000, inc_y_r = 1.000000, inc_x_i = 1.000000, inc_y_i = 1.000000
En el else......

----------------------------------------
x = 25.000000, y = 73.000000
avance = -213.000000, avanceR = 2.000000, avanceI = 2.000000
inc_x_r = 0.000000, inc_y_r = 1.000000, inc_x_i = 1.000000, inc_y_i = 1.000000
En el else......

----------------------------------------
x = 25.000000, y = 74.000000
avance = -211.000000, avanceR = 2.000000, avanceI = 2.000000
inc_x_r = 0.000000, inc_y_r = 1.000000, inc_x_i = 1.000000, inc_y_i = 1.000000
En el else......

----------------------------------------
x = 25.000000, y = 75.000000
avance = -209.000000, avanceR = 2.000000, avanceI = 2.000000
inc_x_r = 0.000000, inc_y_r = 1.000000, inc_x_i = 1.000000, inc_y_i = 1.000000
En el else......

----------------------------------------
x = 25.000000, y = 76.000000
avance = -207.000000, avanceR = 2.000000, avanceI = 2.000000
inc_x_r = 0.000000, inc_y_r = 1.000000, inc_x_i = 1.000000, inc_y_i = 1.000000
En el else......

----------------------------------------
x = 25.000000, y = 77.000000
avance = -205.000000, avanceR = 2.000000, avanceI = 2.000000
inc_x_r = 0.000000, inc_y_r = 1.000000, inc_x_i = 1.000000, inc_y_i = 1.000000
En el else......

----------------------------------------
x = 25.000000, y = 78.000000
avance = -203.000000, avanceR = 2.000000, avanceI = 2.000000
inc_x_r = 0.000000, inc_y_r = 1.000000, inc_x_i = 1.000000, inc_y_i = 1.000000
En el else......

----------------------------------------
x = 25.000000, y = 79.000000
avance = -201.000000, avanceR = 2.000000, avanceI = 2.000000
inc_x_r = 0.000000, inc_y_r = 1.000000, inc_x_i = 1.000000, inc_y_i = 1.000000
En el else......

----------------------------------------
x = 25.000000, y = 80.000000
avance = -199.000000, avanceR = 2.000000, avanceI = 2.000000
inc_x_r = 0.000000, inc_y_r = 1.000000, inc_x_i = 1.000000, inc_y_i = 1.000000
En el else......

----------------------------------------
x = 25.000000, y = 81.000000
avance = -197.000000, avanceR = 2.000000, avanceI = 2.000000
inc_x_r = 0.000000, inc_y_r = 1.000000, inc_x_i = 1.000000, inc_y_i = 1.000000
En el else......

----------------------------------------
x = 25.000000, y = 82.000000
avance = -195.000000, avanceR = 2.000000, avanceI = 2.000000
inc_x_r = 0.000000, inc_y_r = 1.000000, inc_x_i = 1.000000, inc_y_i = 1.000000
En el else......

----------------------------------------
x = 25.000000, y = 83.000000
avance = -193.000000, avanceR = 2.000000, avanceI = 2.000000
inc_x_r = 0.000000, inc_y_r = 1.000000, inc_x_i = 1.000000, inc_y_i = 1.000000
En el else......

----------------------------------------
x = 25.000000, y = 84.000000
avance = -191.000000, avanceR = 2.000000, avanceI = 2.000000
inc_x_r = 0.000000, inc_y_r = 1.000000, inc_x_i = 1.000000, inc_y_i = 1.000000
En el else......

----------------------------------------
x = 25.000000, y = 85.000000
avance = -189.000000, avanceR = 2.000000, avanceI = 2.000000
inc_x_r = 0.000000, inc_y_r = 1.000000, inc_x_i = 1.000000, inc_y_i = 1.000000
En el else......

----------------------------------------
x = 25.000000, y = 86.000000
avance = -187.000000, avanceR = 2.000000, avanceI = 2.000000
inc_x_r = 0.000000, inc_y_r = 1.000000, inc_x_i = 1.000000, inc_y_i = 1.000000
En el else......

----------------------------------------
x = 25.000000, y = 87.000000
avance = -185.000000, avanceR = 2.000000, avanceI = 2.000000
inc_x_r = 0.000000, inc_y_r = 1.000000, inc_x_i = 1.000000, inc_y_i = 1.000000
En el else......

----------------------------------------
x = 25.000000, y = 88.000000
avance = -183.000000, avanceR = 2.000000, avanceI = 2.000000
inc_x_r = 0.000000, inc_y_r = 1.000000, inc_x_i = 1.000000, inc_y_i = 1.000000
En el else......

----------------------------------------
x = 25.000000, y = 89.000000
avance = -181.000000, avanceR = 2.000000, avanceI = 2.000000
inc_x_r = 0.000000, inc_y_r = 1.000000, inc_x_i = 1.000000, inc_y_i = 1.000000
En el else......

----------------------------------------
x = 25.000000, y = 90.000000
avance = -179.000000, avanceR = 2.000000, avanceI = 2.000000
inc_x_r = 0.000000, inc_y_r = 1.000000, inc_x_i = 1.000000, inc_y_i = 1.000000
En el else......

----------------------------------------
x = 25.000000, y = 91.000000
avance = -177.000000, avanceR = 2.000000, avanceI = 2.000000
inc_x_r = 0.000000, inc_y_r = 1.000000, inc_x_i = 1.000000, inc_y_i = 1.000000
En el else......

----------------------------------------
x = 25.000000, y = 92.000000
avance = -175.000000, avanceR = 2.000000, avanceI = 2.000000
inc_x_r = 0.000000, inc_y_r = 1.000000, inc_x_i = 1.000000, inc_y_i = 1.000000
En el else......

----------------------------------------
x = 25.000000, y = 93.000000
avance = -173.000000, avanceR = 2.000000, avanceI = 2.000000
inc_x_r = 0.000000, inc_y_r = 1.000000, inc_x_i = 1.000000, inc_y_i = 1.000000
En el else......

----------------------------------------
x = 25.000000, y = 94.000000
avance = -171.000000, avanceR = 2.000000, avanceI = 2.000000
inc_x_r = 0.000000, inc_y_r = 1.000000, inc_x_i = 1.000000, inc_y_i = 1.000000
En el else......

----------------------------------------
x = 25.000000, y = 95.000000
avance = -169.000000, avanceR = 2.000000, avanceI = 2.000000
inc_x_r = 0.000000, inc_y_r = 1.000000, inc_x_i = 1.000000, inc_y_i = 1.000000
En el else......

----------------------------------------
x = 25.000000, y = 96.000000
avance = -167.000000, avanceR = 2.000000, avanceI = 2.000000
inc_x_r = 0.000000, inc_y_r = 1.000000, inc_x_i = 1.000000, inc_y_i = 1.000000
En el else......

----------------------------------------
x = 25.000000, y = 97.000000
avance = -165.000000, avanceR = 2.000000, avanceI = 2.000000
inc_x_r = 0.000000, inc_y_r = 1.000000, inc_x_i = 1.000000, inc_y_i = 1.000000
En el else......

----------------------------------------
x = 25.000000, y = 98.000000
avance = -163.000000, avanceR = 2.000000, avanceI = 2.000000
inc_x_r = 0.000000, inc_y_r = 1.000000, inc_x_i = 1.000000, inc_y_i = 1.000000
En el else......

----------------------------------------
x = 25.000000, y = 99.000000
avance = -161.000000, avanceR = 2.000000, avanceI = 2.000000
inc_x_r = 0.000000, inc_y_r = 1.000000, inc_x_i = 1.000000, inc_y_i = 1.000000
En el else......

----------------------------------------
x = 25.000000, y = 100.000000
avance = -159.000000, avanceR = 2.000000, avanceI = 2.000000
inc_x_r = 0.000000, inc_y_r = 1.000000, inc_x_i = 1.000000, inc_y_i = 1.000000
En el else......

----------------------------------------
x = 25.000000, y = 101.000000
avance = -157.000000, avanceR = 2.000000, avanceI = 2.000000
inc_x_r = 0.000000, inc_y_r = 1.000000, inc_x_i = 1.000000, inc_y_i = 1.000000
En el else......

----------------------------------------
x = 25.000000, y = 102.000000
avance = -155.000000, avanceR = 2.000000, avanceI = 2.000000
inc_x_r = 0.000000, inc_y_r = 1.000000, inc_x_i = 1.000000, inc_y_i = 1.000000
En el else......

----------------------------------------
x = 25.000000, y = 103.000000
avance = -153.000000, avanceR = 2.000000, avanceI = 2.000000
inc_x_r = 0.000000, inc_y_r = 1.000000, inc_x_i = 1.000000, inc_y_i = 1.000000
En el else......

----------------------------------------
x = 25.000000, y = 104.000000
avance = -151.000000, avanceR = 2.000000, avanceI = 2.000000
inc_x_r = 0.000000, inc_y_r = 1.000000, inc_x_i = 1.000000, inc_y_i = 1.000000
En el else......

----------------------------------------
x = 25.000000, y = 105.000000
avance = -149.000000, avanceR = 2.000000, avanceI = 2.000000
inc_x_r = 0.000000, inc_y_r = 1.000000, inc_x_i = 1.000000, inc_y_i = 1.000000
En el else......

----------------------------------------
x = 25.000000, y = 106.000000
avance = -147.000000, avanceR = 2.000000, avanceI = 2.000000
inc_x_r = 0.000000, inc_y_r = 1.000000, inc_x_i = 1.000000, inc_y_i = 1.000000
En el else......

----------------------------------------
x = 25.000000, y = 107.000000
avance = -145.000000, avanceR = 2.000000, avanceI = 2.000000
inc_x_r = 0.000000, inc_y_r = 1.000000, inc_x_i = 1.000000, inc_y_i = 1.000000
En el else......

----------------------------------------
x = 25.000000, y = 108.000000
avance = -143.000000, avanceR = 2.000000, avanceI = 2.000000
inc_x_r = 0.000000, inc_y_r = 1.000000, inc_x_i = 1.000000, inc_y_i = 1.000000
En el else......

----------------------------------------
x = 25.000000, y = 109.000000
avance = -141.000000, avanceR = 2.000000, avanceI = 2.000000
inc_x_r = 0.000000, inc_y_r = 1.000000, inc_x_i = 1.000000, inc_y_i = 1.000000
En el else......

----------------------------------------
x = 25.000000, y = 110.000000
avance = -139.000000, avanceR = 2.000000, avanceI = 2.000000
inc_x_r = 0.000000, inc_y_r = 1.000000, inc_x_i = 1.000000, inc_y_i = 1.000000
En el else......

----------------------------------------
x = 25.000000, y = 111.000000
avance = -137.000000, avanceR = 2.000000, avanceI = 2.000000
inc_x_r = 0.000000, inc_y_r = 1.000000, inc_x_i = 1.000000, inc_y_i = 1.000000
En el else......

----------------------------------------
x = 25.000000, y = 112.000000
avance = -135.000000, avanceR = 2.000000, avanceI = 2.000000
inc_x_r = 0.000000, inc_y_r = 1.000000, inc_x_i = 1.000000, inc_y_i = 1.000000
En el else......

----------------------------------------
x = 25.000000, y = 113.000000
avance = -133.000000, avanceR = 2.000000, avanceI = 2.000000
inc_x_r = 0.000000, inc_y_r = 1.000000, inc_x_i = 1.000000, inc_y_i = 1.000000
En el else......

----------------------------------------
x = 25.000000, y = 114.000000
avance = -131.000000, avanceR = 2.000000, avanceI = 2.000000
inc_x_r = 0.000000, inc_y_r = 1.000000, inc_x_i = 1.000000, inc_y_i = 1.000000
En el else......

----------------------------------------
x = 25.000000, y = 115.000000
avance = -129.000000, avanceR = 2.000000, avanceI = 2.000000
inc_x_r = 0.000000, inc_y_r = 1.000000, inc_x_i = 1.000000, inc_y_i = 1.000000
En el else......

----------------------------------------
x = 25.000000, y = 116.000000
avance = -127.000000, avanceR = 2.000000, avanceI = 2.000000
inc_x_r = 0.000000, inc_y_r = 1.000000, inc_x_i = 1.000000, inc_y_i = 1.000000
En el else......

----------------------------------------
x = 25.000000, y = 117.000000
avance = -125.000000, avanceR = 2.000000, avanceI = 2.000000
inc_x_r = 0.000000, inc_y_r = 1.000000, inc_x_i = 1.000000, inc_y_i = 1.000000
En el else......

----------------------------------------
x = 25.000000, y = 118.000000
avance = -123.000000, avanceR = 2.000000, avanceI = 2.000000
inc_x_r = 0.000000, inc_y_r = 1.000000, inc_x_i = 1.000000, inc_y_i = 1.000000
En el else......

----------------------------------------
x = 25.000000, y = 119.000000
avance = -121.000000, avanceR = 2.000000, avanceI = 2.000000
inc_x_r = 0.000000, inc_y_r = 1.000000, inc_x_i = 1.000000, inc_y_i = 1.000000
En el else......

----------------------------------------
x = 25.000000, y = 120.000000
avance = -119.000000, avanceR = 2.000000, avanceI = 2.000000
inc_x_r = 0.000000, inc_y_r = 1.000000, inc_x_i = 1.000000, inc_y_i = 1.000000
En el else......

----------------------------------------
x = 25.000000, y = 121.000000
avance = -117.000000, avanceR = 2.000000, avanceI = 2.000000
inc_x_r = 0.000000, inc_y_r = 1.000000, inc_x_i = 1.000000, inc_y_i = 1.000000
En el else......

----------------------------------------
x = 25.000000, y = 122.000000
avance = -115.000000, avanceR = 2.000000, avanceI = 2.000000
inc_x_r = 0.000000, inc_y_r = 1.000000, inc_x_i = 1.000000, inc_y_i = 1.000000
En el else......

----------------------------------------
x = 25.000000, y = 123.000000
avance = -113.000000, avanceR = 2.000000, avanceI = 2.000000
inc_x_r = 0.000000, inc_y_r = 1.000000, inc_x_i = 1.000000, inc_y_i = 1.000000
En el else......

----------------------------------------
x = 25.000000, y = 124.000000
avance = -111.000000, avanceR = 2.000000, avanceI = 2.000000
inc_x_r = 0.000000, inc_y_r = 1.000000, inc_x_i = 1.000000, inc_y_i = 1.000000
En el else......

----------------------------------------
x = 25.000000, y = 125.000000
avance = -109.000000, avanceR = 2.000000, avanceI = 2.000000
inc_x_r = 0.000000, inc_y_r = 1.000000, inc_x_i = 1.000000, inc_y_i = 1.000000
En el else......

----------------------------------------
x = 25.000000, y = 126.000000
avance = -107.000000, avanceR = 2.000000, avanceI = 2.000000
inc_x_r = 0.000000, inc_y_r = 1.000000, inc_x_i = 1.000000, inc_y_i = 1.000000
En el else......

----------------------------------------
x = 25.000000, y = 127.000000
avance = -105.000000, avanceR = 2.000000, avanceI = 2.000000
inc_x_r = 0.000000, inc_y_r = 1.000000, inc_x_i = 1.000000, inc_y_i = 1.000000
En el else......

----------------------------------------
x = 25.000000, y = 128.000000
avance = -103.000000, avanceR = 2.000000, avanceI = 2.000000
inc_x_r = 0.000000, inc_y_r = 1.000000, inc_x_i = 1.000000, inc_y_i = 1.000000
En el else......

----------------------------------------
x = 25.000000, y = 129.000000
avance = -101.000000, avanceR = 2.000000, avanceI = 2.000000
inc_x_r = 0.000000, inc_y_r = 1.000000, inc_x_i = 1.000000, inc_y_i = 1.000000
En el else......

----------------------------------------
x = 25.000000, y = 130.000000
avance = -99.000000, avanceR = 2.000000, avanceI = 2.000000
inc_x_r = 0.000000, inc_y_r = 1.000000, inc_x_i = 1.000000, inc_y_i = 1.000000
En el else......

----------------------------------------
x = 25.000000, y = 131.000000
avance = -97.000000, avanceR = 2.000000, avanceI = 2.000000
inc_x_r = 0.000000, inc_y_r = 1.000000, inc_x_i = 1.000000, inc_y_i = 1.000000
En el else......

----------------------------------------
x = 25.000000, y = 132.000000
avance = -95.000000, avanceR = 2.000000, avanceI = 2.000000
inc_x_r = 0.000000, inc_y_r = 1.000000, inc_x_i = 1.000000, inc_y_i = 1.000000
En el else......

----------------------------------------
x = 25.000000, y = 133.000000
avance = -93.000000, avanceR = 2.000000, avanceI = 2.000000
inc_x_r = 0.000000, inc_y_r = 1.000000, inc_x_i = 1.000000, inc_y_i = 1.000000
En el else......

----------------------------------------
x = 25.000000, y = 134.000000
avance = -91.000000, avanceR = 2.000000, avanceI = 2.000000
inc_x_r = 0.000000, inc_y_r = 1.000000, inc_x_i = 1.000000, inc_y_i = 1.000000
En el else......

----------------------------------------
x = 25.000000, y = 135.000000
avance = -89.000000, avanceR = 2.000000, avanceI = 2.000000
inc_x_r = 0.000000, inc_y_r = 1.000000, inc_x_i = 1.000000, inc_y_i = 1.000000
En el else......

----------------------------------------
x = 25.000000, y = 136.000000
avance = -87.000000, avanceR = 2.000000, avanceI = 2.000000
inc_x_r = 0.000000, inc_y_r = 1.000000, inc_x_i = 1.000000, inc_y_i = 1.000000
En el else......

----------------------------------------
x = 25.000000, y = 137.000000
avance = -85.000000, avanceR = 2.000000, avanceI = 2.000000
inc_x_r = 0.000000, inc_y_r = 1.000000, inc_x_i = 1.000000, inc_y_i = 1.000000
En el else......

----------------------------------------
x = 25.000000, y = 138.000000
avance = -83.000000, avanceR = 2.000000, avanceI = 2.000000
inc_x_r = 0.000000, inc_y_r = 1.000000, inc_x_i = 1.000000, inc_y_i = 1.000000
En el else......

----------------------------------------
x = 25.000000, y = 139.000000
avance = -81.000000, avanceR = 2.000000, avanceI = 2.000000
inc_x_r = 0.000000, inc_y_r = 1.000000, inc_x_i = 1.000000, inc_y_i = 1.000000
En el else......

----------------------------------------
x = 25.000000, y = 140.000000
avance = -79.000000, avanceR = 2.000000, avanceI = 2.000000
inc_x_r = 0.000000, inc_y_r = 1.000000, inc_x_i = 1.000000, inc_y_i = 1.000000
En el else......

----------------------------------------
x = 25.000000, y = 141.000000
avance = -77.000000, avanceR = 2.000000, avanceI = 2.000000
inc_x_r = 0.000000, inc_y_r = 1.000000, inc_x_i = 1.000000, inc_y_i = 1.000000
En el else......

----------------------------------------
x = 25.000000, y = 142.000000
avance = -75.000000, avanceR = 2.000000, avanceI = 2.000000
inc_x_r = 0.000000, inc_y_r = 1.000000, inc_x_i = 1.000000, inc_y_i = 1.000000
En el else......

----------------------------------------
x = 25.000000, y = 143.000000
avance = -73.000000, avanceR = 2.000000, avanceI = 2.000000
inc_x_r = 0.000000, inc_y_r = 1.000000, inc_x_i = 1.000000, inc_y_i = 1.000000
En el else......

----------------------------------------
x = 25.000000, y = 144.000000
avance = -71.000000, avanceR = 2.000000, avanceI = 2.000000
inc_x_r = 0.000000, inc_y_r = 1.000000, inc_x_i = 1.000000, inc_y_i = 1.000000
En el else......

----------------------------------------
x = 25.000000, y = 145.000000
avance = -69.000000, avanceR = 2.000000, avanceI = 2.000000
inc_x_r = 0.000000, inc_y_r = 1.000000, inc_x_i = 1.000000, inc_y_i = 1.000000
En el else......

----------------------------------------
x = 25.000000, y = 146.000000
avance = -67.000000, avanceR = 2.000000, avanceI = 2.000000
inc_x_r = 0.000000, inc_y_r = 1.000000, inc_x_i = 1.000000, inc_y_i = 1.000000
En el else......

----------------------------------------
x = 25.000000, y = 147.000000
avance = -65.000000, avanceR = 2.000000, avanceI = 2.000000
inc_x_r = 0.000000, inc_y_r = 1.000000, inc_x_i = 1.000000, inc_y_i = 1.000000
En el else......

----------------------------------------
x = 25.000000, y = 148.000000
avance = -63.000000, avanceR = 2.000000, avanceI = 2.000000
inc_x_r = 0.000000, inc_y_r = 1.000000, inc_x_i = 1.000000, inc_y_i = 1.000000
En el else......

----------------------------------------
x = 25.000000, y = 149.000000
avance = -61.000000, avanceR = 2.000000, avanceI = 2.000000
inc_x_r = 0.000000, inc_y_r = 1.000000, inc_x_i = 1.000000, inc_y_i = 1.000000
En el else......

----------------------------------------
x = 25.000000, y = 150.000000
avance = -59.000000, avanceR = 2.000000, avanceI = 2.000000
inc_x_r = 0.000000, inc_y_r = 1.000000, inc_x_i = 1.000000, inc_y_i = 1.000000
En el else......

----------------------------------------
x = 25.000000, y = 151.000000
avance = -57.000000, avanceR = 2.000000, avanceI = 2.000000
inc_x_r = 0.000000, inc_y_r = 1.000000, inc_x_i = 1.000000, inc_y_i = 1.000000
En el else......

----------------------------------------
x = 25.000000, y = 152.000000
avance = -55.000000, avanceR = 2.000000, avanceI = 2.000000
inc_x_r = 0.000000, inc_y_r = 1.000000, inc_x_i = 1.000000, inc_y_i = 1.000000
En el else......

----------------------------------------
x = 25.000000, y = 153.000000
avance = -53.000000, avanceR = 2.000000, avanceI = 2.000000
inc_x_r = 0.000000, inc_y_r = 1.000000, inc_x_i = 1.000000, inc_y_i = 1.000000
En el else......

----------------------------------------
x = 25.000000, y = 154.000000
avance = -51.000000, avanceR = 2.000000, avanceI = 2.000000
inc_x_r = 0.000000, inc_y_r = 1.000000, inc_x_i = 1.000000, inc_y_i = 1.000000
En el else......

----------------------------------------
x = 25.000000, y = 155.000000
avance = -49.000000, avanceR = 2.000000, avanceI = 2.000000
inc_x_r = 0.000000, inc_y_r = 1.000000, inc_x_i = 1.000000, inc_y_i = 1.000000
En el else......

----------------------------------------
x = 25.000000, y = 156.000000
avance = -47.000000, avanceR = 2.000000, avanceI = 2.000000
inc_x_r = 0.000000, inc_y_r = 1.000000, inc_x_i = 1.000000, inc_y_i = 1.000000
En el else......

----------------------------------------
x = 25.000000, y = 157.000000
avance = -45.000000, avanceR = 2.000000, avanceI = 2.000000
inc_x_r = 0.000000, inc_y_r = 1.000000, inc_x_i = 1.000000, inc_y_i = 1.000000
En el else......

----------------------------------------
x = 25.000000, y = 158.000000
avance = -43.000000, avanceR = 2.000000, avanceI = 2.000000
inc_x_r = 0.000000, inc_y_r = 1.000000, inc_x_i = 1.000000, inc_y_i = 1.000000
En el else......

----------------------------------------
x = 25.000000, y = 159.000000
avance = -41.000000, avanceR = 2.000000, avanceI = 2.000000
inc_x_r = 0.000000, inc_y_r = 1.000000, inc_x_i = 1.000000, inc_y_i = 1.000000
En el else......

----------------------------------------
x = 25.000000, y = 160.000000
avance = -39.000000, avanceR = 2.000000, avanceI = 2.000000
inc_x_r = 0.000000, inc_y_r = 1.000000, inc_x_i = 1.000000, inc_y_i = 1.000000
En el else......

----------------------------------------
x = 25.000000, y = 161.000000
avance = -37.000000, avanceR = 2.000000, avanceI = 2.000000
inc_x_r = 0.000000, inc_y_r = 1.000000, inc_x_i = 1.000000, inc_y_i = 1.000000
En el else......

----------------------------------------
x = 25.000000, y = 162.000000
avance = -35.000000, avanceR = 2.000000, avanceI = 2.000000
inc_x_r = 0.000000, inc_y_r = 1.000000, inc_x_i = 1.000000, inc_y_i = 1.000000
En el else......

----------------------------------------
x = 25.000000, y = 163.000000
avance = -33.000000, avanceR = 2.000000, avanceI = 2.000000
inc_x_r = 0.000000, inc_y_r = 1.000000, inc_x_i = 1.000000, inc_y_i = 1.000000
En el else......

----------------------------------------
x = 25.000000, y = 164.000000
avance = -31.000000, avanceR = 2.000000, avanceI = 2.000000
inc_x_r = 0.000000, inc_y_r = 1.000000, inc_x_i = 1.000000, inc_y_i = 1.000000
En el else......

----------------------------------------
x = 25.000000, y = 165.000000
avance = -29.000000, avanceR = 2.000000, avanceI = 2.000000
inc_x_r = 0.000000, inc_y_r = 1.000000, inc_x_i = 1.000000, inc_y_i = 1.000000
En el else......

----------------------------------------
x = 25.000000, y = 166.000000
avance = -27.000000, avanceR = 2.000000, avanceI = 2.000000
inc_x_r = 0.000000, inc_y_r = 1.000000, inc_x_i = 1.000000, inc_y_i = 1.000000
En el else......

----------------------------------------
x = 25.000000, y = 167.000000
avance = -25.000000, avanceR = 2.000000, avanceI = 2.000000
inc_x_r = 0.000000, inc_y_r = 1.000000, inc_x_i = 1.000000, inc_y_i = 1.000000
En el else......

----------------------------------------
x = 25.000000, y = 168.000000
avance = -23.000000, avanceR = 2.000000, avanceI = 2.000000
inc_x_r = 0.000000, inc_y_r = 1.000000, inc_x_i = 1.000000, inc_y_i = 1.000000
En el else......

----------------------------------------
x = 25.000000, y = 169.000000
avance = -21.000000, avanceR = 2.000000, avanceI = 2.000000
inc_x_r = 0.000000, inc_y_r = 1.000000, inc_x_i = 1.000000, inc_y_i = 1.000000
En el else......

----------------------------------------
x = 25.000000, y = 170.000000
avance = -19.000000, avanceR = 2.000000, avanceI = 2.000000
inc_x_r = 0.000000, inc_y_r = 1.000000, inc_x_i = 1.000000, inc_y_i = 1.000000
En el else......

----------------------------------------
x = 25.000000, y = 171.000000
avance = -17.000000, avanceR = 2.000000, avanceI = 2.000000
inc_x_r = 0.000000, inc_y_r = 1.000000, inc_x_i = 1.000000, inc_y_i = 1.000000
En el else......

----------------------------------------
x = 25.000000, y = 172.000000
avance = -15.000000, avanceR = 2.000000, avanceI = 2.000000
inc_x_r = 0.000000, inc_y_r = 1.000000, inc_x_i = 1.000000, inc_y_i = 1.000000
En el else......

----------------------------------------
x = 25.000000, y = 173.000000
avance = -13.000000, avanceR = 2.000000, avanceI = 2.000000
inc_x_r = 0.000000, inc_y_r = 1.000000, inc_x_i = 1.000000, inc_y_i = 1.000000
En el else......

----------------------------------------
x = 25.000000, y = 174.000000
avance = -11.000000, avanceR = 2.000000, avanceI = 2.000000
inc_x_r = 0.000000, inc_y_r = 1.000000, inc_x_i = 1.000000, inc_y_i = 1.000000
En el else......

----------------------------------------
x = 25.000000, y = 175.000000
avance = -9.000000, avanceR = 2.000000, avanceI = 2.000000
inc_x_r = 0.000000, inc_y_r = 1.000000, inc_x_i = 1.000000, inc_y_i = 1.000000
En el else......

----------------------------------------
x = 25.000000, y = 176.000000
avance = -7.000000, avanceR = 2.000000, avanceI = 2.000000
inc_x_r = 0.000000, inc_y_r = 1.000000, inc_x_i = 1.000000, inc_y_i = 1.000000
En el else......

----------------------------------------
x = 25.000000, y = 177.000000
avance = -5.000000, avanceR = 2.000000, avanceI = 2.000000
inc_x_r = 0.000000, inc_y_r = 1.000000, inc_x_i = 1.000000, inc_y_i = 1.000000
En el else......

----------------------------------------
x = 25.000000, y = 178.000000
avance = -3.000000, avanceR = 2.000000, avanceI = 2.000000
inc_x_r = 0.000000, inc_y_r = 1.000000, inc_x_i = 1.000000, inc_y_i = 1.000000
En el else......

----------------------------------------
x = 25.000000, y = 179.000000
avance = -1.000000, avanceR = 2.000000, avanceI = 2.000000
inc_x_r = 0.000000, inc_y_r = 1.000000, inc_x_i = 1.000000, inc_y_i = 1.000000
En el else......

----------------------------------------
x = 25.000000, y = 180.000000
avance = 1.000000, avanceR = 2.000000, avanceI = 2.000000
inc_x_r = 0.000000, inc_y_r = 1.000000, inc_x_i = 1.000000, inc_y_i = 1.000000
avance >= 0

----------------------------------------
x = 26.000000, y = 181.000000
avance = -499.000000, avanceR = 2.000000, avanceI = 2.000000
inc_x_r = 0.000000, inc_y_r = 1.000000, inc_x_i = 1.000000, inc_y_i = 1.000000
En el else......

----------------------------------------
x = 26.000000, y = 182.000000
avance = -497.000000, avanceR = 2.000000, avanceI = 2.000000
inc_x_r = 0.000000, inc_y_r = 1.000000, inc_x_i = 1.000000, inc_y_i = 1.000000
En el else......

----------------------------------------
x = 26.000000, y = 183.000000
avance = -495.000000, avanceR = 2.000000, avanceI = 2.000000
inc_x_r = 0.000000, inc_y_r = 1.000000, inc_x_i = 1.000000, inc_y_i = 1.000000
En el else......

----------------------------------------
x = 26.000000, y = 184.000000
avance = -493.000000, avanceR = 2.000000, avanceI = 2.000000
inc_x_r = 0.000000, inc_y_r = 1.000000, inc_x_i = 1.000000, inc_y_i = 1.000000
En el else......

----------------------------------------
x = 26.000000, y = 185.000000
avance = -491.000000, avanceR = 2.000000, avanceI = 2.000000
inc_x_r = 0.000000, inc_y_r = 1.000000, inc_x_i = 1.000000, inc_y_i = 1.000000
En el else......

----------------------------------------
x = 26.000000, y = 186.000000
avance = -489.000000, avanceR = 2.000000, avanceI = 2.000000
inc_x_r = 0.000000, inc_y_r = 1.000000, inc_x_i = 1.000000, inc_y_i = 1.000000
En el else......

----------------------------------------
x = 26.000000, y = 187.000000
avance = -487.000000, avanceR = 2.000000, avanceI = 2.000000
inc_x_r = 0.000000, inc_y_r = 1.000000, inc_x_i = 1.000000, inc_y_i = 1.000000
En el else......

----------------------------------------
x = 26.000000, y = 188.000000
avance = -485.000000, avanceR = 2.000000, avanceI = 2.000000
inc_x_r = 0.000000, inc_y_r = 1.000000, inc_x_i = 1.000000, inc_y_i = 1.000000
En el else......

----------------------------------------
x = 26.000000, y = 189.000000
avance = -483.000000, avanceR = 2.000000, avanceI = 2.000000
inc_x_r = 0.000000, inc_y_r = 1.000000, inc_x_i = 1.000000, inc_y_i = 1.000000
En el else......

----------------------------------------
x = 26.000000, y = 190.000000
avance = -481.000000, avanceR = 2.000000, avanceI = 2.000000
inc_x_r = 0.000000, inc_y_r = 1.000000, inc_x_i = 1.000000, inc_y_i = 1.000000
En el else......

----------------------------------------
x = 26.000000, y = 191.000000
avance = -479.000000, avanceR = 2.000000, avanceI = 2.000000
inc_x_r = 0.000000, inc_y_r = 1.000000, inc_x_i = 1.000000, inc_y_i = 1.000000
En el else......

----------------------------------------
x = 26.000000, y = 192.000000
avance = -477.000000, avanceR = 2.000000, avanceI = 2.000000
inc_x_r = 0.000000, inc_y_r = 1.000000, inc_x_i = 1.000000, inc_y_i = 1.000000
En el else......

----------------------------------------
x = 26.000000, y = 193.000000
avance = -475.000000, avanceR = 2.000000, avanceI = 2.000000
inc_x_r = 0.000000, inc_y_r = 1.000000, inc_x_i = 1.000000, inc_y_i = 1.000000
En el else......

----------------------------------------
x = 26.000000, y = 194.000000
avance = -473.000000, avanceR = 2.000000, avanceI = 2.000000
inc_x_r = 0.000000, inc_y_r = 1.000000, inc_x_i = 1.000000, inc_y_i = 1.000000
En el else......

----------------------------------------
x = 26.000000, y = 195.000000
avance = -471.000000, avanceR = 2.000000, avanceI = 2.000000
inc_x_r = 0.000000, inc_y_r = 1.000000, inc_x_i = 1.000000, inc_y_i = 1.000000
En el else......

----------------------------------------
x = 26.000000, y = 196.000000
avance = -469.000000, avanceR = 2.000000, avanceI = 2.000000
inc_x_r = 0.000000, inc_y_r = 1.000000, inc_x_i = 1.000000, inc_y_i = 1.000000
En el else......

----------------------------------------
x = 26.000000, y = 197.000000
avance = -467.000000, avanceR = 2.000000, avanceI = 2.000000
inc_x_r = 0.000000, inc_y_r = 1.000000, inc_x_i = 1.000000, inc_y_i = 1.000000
En el else......

----------------------------------------
x = 26.000000, y = 198.000000
avance = -465.000000, avanceR = 2.000000, avanceI = 2.000000
inc_x_r = 0.000000, inc_y_r = 1.000000, inc_x_i = 1.000000, inc_y_i = 1.000000
En el else......

----------------------------------------
x = 26.000000, y = 199.000000
avance = -463.000000, avanceR = 2.000000, avanceI = 2.000000
inc_x_r = 0.000000, inc_y_r = 1.000000, inc_x_i = 1.000000, inc_y_i = 1.000000
En el else......

----------------------------------------
x = 26.000000, y = 200.000000
avance = -461.000000, avanceR = 2.000000, avanceI = 2.000000
inc_x_r = 0.000000, inc_y_r = 1.000000, inc_x_i = 1.000000, inc_y_i = 1.000000
En el else......

----------------------------------------
x = 26.000000, y = 201.000000
avance = -459.000000, avanceR = 2.000000, avanceI = 2.000000
inc_x_r = 0.000000, inc_y_r = 1.000000, inc_x_i = 1.000000, inc_y_i = 1.000000
En el else......

----------------------------------------
x = 26.000000, y = 202.000000
avance = -457.000000, avanceR = 2.000000, avanceI = 2.000000
inc_x_r = 0.000000, inc_y_r = 1.000000, inc_x_i = 1.000000, inc_y_i = 1.000000
En el else......

----------------------------------------
x = 26.000000, y = 203.000000
avance = -455.000000, avanceR = 2.000000, avanceI = 2.000000
inc_x_r = 0.000000, inc_y_r = 1.000000, inc_x_i = 1.000000, inc_y_i = 1.000000
En el else......

----------------------------------------
x = 26.000000, y = 204.000000
avance = -453.000000, avanceR = 2.000000, avanceI = 2.000000
inc_x_r = 0.000000, inc_y_r = 1.000000, inc_x_i = 1.000000, inc_y_i = 1.000000
En el else......

----------------------------------------
x = 26.000000, y = 205.000000
avance = -451.000000, avanceR = 2.000000, avanceI = 2.000000
inc_x_r = 0.000000, inc_y_r = 1.000000, inc_x_i = 1.000000, inc_y_i = 1.000000
En el else......

----------------------------------------
x = 26.000000, y = 206.000000
avance = -449.000000, avanceR = 2.000000, avanceI = 2.000000
inc_x_r = 0.000000, inc_y_r = 1.000000, inc_x_i = 1.000000, inc_y_i = 1.000000
En el else......

----------------------------------------
x = 26.000000, y = 207.000000
avance = -447.000000, avanceR = 2.000000, avanceI = 2.000000
inc_x_r = 0.000000, inc_y_r = 1.000000, inc_x_i = 1.000000, inc_y_i = 1.000000
En el else......

----------------------------------------
x = 26.000000, y = 208.000000
avance = -445.000000, avanceR = 2.000000, avanceI = 2.000000
inc_x_r = 0.000000, inc_y_r = 1.000000, inc_x_i = 1.000000, inc_y_i = 1.000000
En el else......

----------------------------------------
x = 26.000000, y = 209.000000
avance = -443.000000, avanceR = 2.000000, avanceI = 2.000000
inc_x_r = 0.000000, inc_y_r = 1.000000, inc_x_i = 1.000000, inc_y_i = 1.000000
En el else......

----------------------------------------
x = 26.000000, y = 210.000000
avance = -441.000000, avanceR = 2.000000, avanceI = 2.000000
inc_x_r = 0.000000, inc_y_r = 1.000000, inc_x_i = 1.000000, inc_y_i = 1.000000
En el else......

----------------------------------------
x = 26.000000, y = 211.000000
avance = -439.000000, avanceR = 2.000000, avanceI = 2.000000
inc_x_r = 0.000000, inc_y_r = 1.000000, inc_x_i = 1.000000, inc_y_i = 1.000000
En el else......

----------------------------------------
x = 26.000000, y = 212.000000
avance = -437.000000, avanceR = 2.000000, avanceI = 2.000000
inc_x_r = 0.000000, inc_y_r = 1.000000, inc_x_i = 1.000000, inc_y_i = 1.000000
En el else......

----------------------------------------
x = 26.000000, y = 213.000000
avance = -435.000000, avanceR = 2.000000, avanceI = 2.000000
inc_x_r = 0.000000, inc_y_r = 1.000000, inc_x_i = 1.000000, inc_y_i = 1.000000
En el else......

----------------------------------------
x = 26.000000, y = 214.000000
avance = -433.000000, avanceR = 2.000000, avanceI = 2.000000
inc_x_r = 0.000000, inc_y_r = 1.000000, inc_x_i = 1.000000, inc_y_i = 1.000000
En el else......

----------------------------------------
x = 26.000000, y = 215.000000
avance = -431.000000, avanceR = 2.000000, avanceI = 2.000000
inc_x_r = 0.000000, inc_y_r = 1.000000, inc_x_i = 1.000000, inc_y_i = 1.000000
En el else......

----------------------------------------
x = 26.000000, y = 216.000000
avance = -429.000000, avanceR = 2.000000, avanceI = 2.000000
inc_x_r = 0.000000, inc_y_r = 1.000000, inc_x_i = 1.000000, inc_y_i = 1.000000
En el else......

----------------------------------------
x = 26.000000, y = 217.000000
avance = -427.000000, avanceR = 2.000000, avanceI = 2.000000
inc_x_r = 0.000000, inc_y_r = 1.000000, inc_x_i = 1.000000, inc_y_i = 1.000000
En el else......

----------------------------------------
x = 26.000000, y = 218.000000
avance = -425.000000, avanceR = 2.000000, avanceI = 2.000000
inc_x_r = 0.000000, inc_y_r = 1.000000, inc_x_i = 1.000000, inc_y_i = 1.000000
En el else......

----------------------------------------
x = 26.000000, y = 219.000000
avance = -423.000000, avanceR = 2.000000, avanceI = 2.000000
inc_x_r = 0.000000, inc_y_r = 1.000000, inc_x_i = 1.000000, inc_y_i = 1.000000
En el else......

----------------------------------------
x = 26.000000, y = 220.000000
avance = -421.000000, avanceR = 2.000000, avanceI = 2.000000
inc_x_r = 0.000000, inc_y_r = 1.000000, inc_x_i = 1.000000, inc_y_i = 1.000000
En el else......

----------------------------------------
x = 26.000000, y = 221.000000
avance = -419.000000, avanceR = 2.000000, avanceI = 2.000000
inc_x_r = 0.000000, inc_y_r = 1.000000, inc_x_i = 1.000000, inc_y_i = 1.000000
En el else......

----------------------------------------
x = 26.000000, y = 222.000000
avance = -417.000000, avanceR = 2.000000, avanceI = 2.000000
inc_x_r = 0.000000, inc_y_r = 1.000000, inc_x_i = 1.000000, inc_y_i = 1.000000
En el else......

----------------------------------------
x = 26.000000, y = 223.000000
avance = -415.000000, avanceR = 2.000000, avanceI = 2.000000
inc_x_r = 0.000000, inc_y_r = 1.000000, inc_x_i = 1.000000, inc_y_i = 1.000000
En el else......

----------------------------------------
x = 26.000000, y = 224.000000
avance = -413.000000, avanceR = 2.000000, avanceI = 2.000000
inc_x_r = 0.000000, inc_y_r = 1.000000, inc_x_i = 1.000000, inc_y_i = 1.000000
En el else......

----------------------------------------
x = 26.000000, y = 225.000000
avance = -411.000000, avanceR = 2.000000, avanceI = 2.000000
inc_x_r = 0.000000, inc_y_r = 1.000000, inc_x_i = 1.000000, inc_y_i = 1.000000
En el else......

----------------------------------------
x = 26.000000, y = 226.000000
avance = -409.000000, avanceR = 2.000000, avanceI = 2.000000
inc_x_r = 0.000000, inc_y_r = 1.000000, inc_x_i = 1.000000, inc_y_i = 1.000000
En el else......

----------------------------------------
x = 26.000000, y = 227.000000
avance = -407.000000, avanceR = 2.000000, avanceI = 2.000000
inc_x_r = 0.000000, inc_y_r = 1.000000, inc_x_i = 1.000000, inc_y_i = 1.000000
En el else......

----------------------------------------
x = 26.000000, y = 228.000000
avance = -405.000000, avanceR = 2.000000, avanceI = 2.000000
inc_x_r = 0.000000, inc_y_r = 1.000000, inc_x_i = 1.000000, inc_y_i = 1.000000
En el else......

----------------------------------------
x = 26.000000, y = 229.000000
avance = -403.000000, avanceR = 2.000000, avanceI = 2.000000
inc_x_r = 0.000000, inc_y_r = 1.000000, inc_x_i = 1.000000, inc_y_i = 1.000000
En el else......

----------------------------------------
x = 26.000000, y = 230.000000
avance = -401.000000, avanceR = 2.000000, avanceI = 2.000000
inc_x_r = 0.000000, inc_y_r = 1.000000, inc_x_i = 1.000000, inc_y_i = 1.000000
En el else......

----------------------------------------
x = 26.000000, y = 231.000000
avance = -399.000000, avanceR = 2.000000, avanceI = 2.000000
inc_x_r = 0.000000, inc_y_r = 1.000000, inc_x_i = 1.000000, inc_y_i = 1.000000
En el else......

----------------------------------------
x = 26.000000, y = 232.000000
avance = -397.000000, avanceR = 2.000000, avanceI = 2.000000
inc_x_r = 0.000000, inc_y_r = 1.000000, inc_x_i = 1.000000, inc_y_i = 1.000000
En el else......

----------------------------------------
x = 26.000000, y = 233.000000
avance = -395.000000, avanceR = 2.000000, avanceI = 2.000000
inc_x_r = 0.000000, inc_y_r = 1.000000, inc_x_i = 1.000000, inc_y_i = 1.000000
En el else......

----------------------------------------
x = 26.000000, y = 234.000000
avance = -393.000000, avanceR = 2.000000, avanceI = 2.000000
inc_x_r = 0.000000, inc_y_r = 1.000000, inc_x_i = 1.000000, inc_y_i = 1.000000
En el else......

----------------------------------------
x = 26.000000, y = 235.000000
avance = -391.000000, avanceR = 2.000000, avanceI = 2.000000
inc_x_r = 0.000000, inc_y_r = 1.000000, inc_x_i = 1.000000, inc_y_i = 1.000000
En el else......

----------------------------------------
x = 26.000000, y = 236.000000
avance = -389.000000, avanceR = 2.000000, avanceI = 2.000000
inc_x_r = 0.000000, inc_y_r = 1.000000, inc_x_i = 1.000000, inc_y_i = 1.000000
En el else......

----------------------------------------
x = 26.000000, y = 237.000000
avance = -387.000000, avanceR = 2.000000, avanceI = 2.000000
inc_x_r = 0.000000, inc_y_r = 1.000000, inc_x_i = 1.000000, inc_y_i = 1.000000
En el else......

----------------------------------------
x = 26.000000, y = 238.000000
avance = -385.000000, avanceR = 2.000000, avanceI = 2.000000
inc_x_r = 0.000000, inc_y_r = 1.000000, inc_x_i = 1.000000, inc_y_i = 1.000000
En el else......

----------------------------------------
x = 26.000000, y = 239.000000
avance = -383.000000, avanceR = 2.000000, avanceI = 2.000000
inc_x_r = 0.000000, inc_y_r = 1.000000, inc_x_i = 1.000000, inc_y_i = 1.000000
En el else......

----------------------------------------
x = 26.000000, y = 240.000000
avance = -381.000000, avanceR = 2.000000, avanceI = 2.000000
inc_x_r = 0.000000, inc_y_r = 1.000000, inc_x_i = 1.000000, inc_y_i = 1.000000
En el else......

----------------------------------------
x = 26.000000, y = 241.000000
avance = -379.000000, avanceR = 2.000000, avanceI = 2.000000
inc_x_r = 0.000000, inc_y_r = 1.000000, inc_x_i = 1.000000, inc_y_i = 1.000000
En el else......

----------------------------------------
x = 26.000000, y = 242.000000
avance = -377.000000, avanceR = 2.000000, avanceI = 2.000000
inc_x_r = 0.000000, inc_y_r = 1.000000, inc_x_i = 1.000000, inc_y_i = 1.000000
En el else......

----------------------------------------
x = 26.000000, y = 243.000000
avance = -375.000000, avanceR = 2.000000, avanceI = 2.000000
inc_x_r = 0.000000, inc_y_r = 1.000000, inc_x_i = 1.000000, inc_y_i = 1.000000
En el else......

----------------------------------------
x = 26.000000, y = 244.000000
avance = -373.000000, avanceR = 2.000000, avanceI = 2.000000
inc_x_r = 0.000000, inc_y_r = 1.000000, inc_x_i = 1.000000, inc_y_i = 1.000000
En el else......

----------------------------------------
x = 26.000000, y = 245.000000
avance = -371.000000, avanceR = 2.000000, avanceI = 2.000000
inc_x_r = 0.000000, inc_y_r = 1.000000, inc_x_i = 1.000000, inc_y_i = 1.000000
En el else......

----------------------------------------
x = 26.000000, y = 246.000000
avance = -369.000000, avanceR = 2.000000, avanceI = 2.000000
inc_x_r = 0.000000, inc_y_r = 1.000000, inc_x_i = 1.000000, inc_y_i = 1.000000
En el else......

----------------------------------------
x = 26.000000, y = 247.000000
avance = -367.000000, avanceR = 2.000000, avanceI = 2.000000
inc_x_r = 0.000000, inc_y_r = 1.000000, inc_x_i = 1.000000, inc_y_i = 1.000000
En el else......

----------------------------------------
x = 26.000000, y = 248.000000
avance = -365.000000, avanceR = 2.000000, avanceI = 2.000000
inc_x_r = 0.000000, inc_y_r = 1.000000, inc_x_i = 1.000000, inc_y_i = 1.000000
En el else......

----------------------------------------
x = 26.000000, y = 249.000000
avance = -363.000000, avanceR = 2.000000, avanceI = 2.000000
inc_x_r = 0.000000, inc_y_r = 1.000000, inc_x_i = 1.000000, inc_y_i = 1.000000
En el else......

----------------------------------------
x = 26.000000, y = 250.000000
avance = -361.000000, avanceR = 2.000000, avanceI = 2.000000
inc_x_r = 0.000000, inc_y_r = 1.000000, inc_x_i = 1.000000, inc_y_i = 1.000000
En el else......

----------------------------------------
x = 26.000000, y = 251.000000
avance = -359.000000, avanceR = 2.000000, avanceI = 2.000000
inc_x_r = 0.000000, inc_y_r = 1.000000, inc_x_i = 1.000000, inc_y_i = 1.000000
En el else......

----------------------------------------
x = 26.000000, y = 252.000000
avance = -357.000000, avanceR = 2.000000, avanceI = 2.000000
inc_x_r = 0.000000, inc_y_r = 1.000000, inc_x_i = 1.000000, inc_y_i = 1.000000
En el else......

----------------------------------------
x = 26.000000, y = 253.000000
avance = -355.000000, avanceR = 2.000000, avanceI = 2.000000
inc_x_r = 0.000000, inc_y_r = 1.000000, inc_x_i = 1.000000, inc_y_i = 1.000000
En el else......

----------------------------------------
x = 26.000000, y = 254.000000
avance = -353.000000, avanceR = 2.000000, avanceI = 2.000000
inc_x_r = 0.000000, inc_y_r = 1.000000, inc_x_i = 1.000000, inc_y_i = 1.000000
En el else......

----------------------------------------
x = 26.000000, y = 255.000000
avance = -351.000000, avanceR = 2.000000, avanceI = 2.000000
inc_x_r = 0.000000, inc_y_r = 1.000000, inc_x_i = 1.000000, inc_y_i = 1.000000
En el else......

----------------------------------------
x = 26.000000, y = 256.000000
avance = -349.000000, avanceR = 2.000000, avanceI = 2.000000
inc_x_r = 0.000000, inc_y_r = 1.000000, inc_x_i = 1.000000, inc_y_i = 1.000000
En el else......

----------------------------------------
x = 26.000000, y = 257.000000
avance = -347.000000, avanceR = 2.000000, avanceI = 2.000000
inc_x_r = 0.000000, inc_y_r = 1.000000, inc_x_i = 1.000000, inc_y_i = 1.000000
En el else......

----------------------------------------
x = 26.000000, y = 258.000000
avance = -345.000000, avanceR = 2.000000, avanceI = 2.000000
inc_x_r = 0.000000, inc_y_r = 1.000000, inc_x_i = 1.000000, inc_y_i = 1.000000
En el else......

----------------------------------------
x = 26.000000, y = 259.000000
avance = -343.000000, avanceR = 2.000000, avanceI = 2.000000
inc_x_r = 0.000000, inc_y_r = 1.000000, inc_x_i = 1.000000, inc_y_i = 1.000000
En el else......

----------------------------------------
x = 26.000000, y = 260.000000
avance = -341.000000, avanceR = 2.000000, avanceI = 2.000000
inc_x_r = 0.000000, inc_y_r = 1.000000, inc_x_i = 1.000000, inc_y_i = 1.000000
En el else......

----------------------------------------
x = 26.000000, y = 261.000000
avance = -339.000000, avanceR = 2.000000, avanceI = 2.000000
inc_x_r = 0.000000, inc_y_r = 1.000000, inc_x_i = 1.000000, inc_y_i = 1.000000
En el else......

----------------------------------------
x = 26.000000, y = 262.000000
avance = -337.000000, avanceR = 2.000000, avanceI = 2.000000
inc_x_r = 0.000000, inc_y_r = 1.000000, inc_x_i = 1.000000, inc_y_i = 1.000000
En el else......

----------------------------------------
x = 26.000000, y = 263.000000
avance = -335.000000, avanceR = 2.000000, avanceI = 2.000000
inc_x_r = 0.000000, inc_y_r = 1.000000, inc_x_i = 1.000000, inc_y_i = 1.000000
En el else......

----------------------------------------
x = 26.000000, y = 264.000000
avance = -333.000000, avanceR = 2.000000, avanceI = 2.000000
inc_x_r = 0.000000, inc_y_r = 1.000000, inc_x_i = 1.000000, inc_y_i = 1.000000
En el else......

----------------------------------------
x = 26.000000, y = 265.000000
avance = -331.000000, avanceR = 2.000000, avanceI = 2.000000
inc_x_r = 0.000000, inc_y_r = 1.000000, inc_x_i = 1.000000, inc_y_i = 1.000000
En el else......

----------------------------------------
x = 26.000000, y = 266.000000
avance = -329.000000, avanceR = 2.000000, avanceI = 2.000000
inc_x_r = 0.000000, inc_y_r = 1.000000, inc_x_i = 1.000000, inc_y_i = 1.000000
En el else......

----------------------------------------
x = 26.000000, y = 267.000000
avance = -327.000000, avanceR = 2.000000, avanceI = 2.000000
inc_x_r = 0.000000, inc_y_r = 1.000000, inc_x_i = 1.000000, inc_y_i = 1.000000
En el else......

----------------------------------------
x = 26.000000, y = 268.000000
avance = -325.000000, avanceR = 2.000000, avanceI = 2.000000
inc_x_r = 0.000000, inc_y_r = 1.000000, inc_x_i = 1.000000, inc_y_i = 1.000000
En el else......

----------------------------------------
x = 26.000000, y = 269.000000
avance = -323.000000, avanceR = 2.000000, avanceI = 2.000000
inc_x_r = 0.000000, inc_y_r = 1.000000, inc_x_i = 1.000000, inc_y_i = 1.000000
En el else......

----------------------------------------
x = 26.000000, y = 270.000000
avance = -321.000000, avanceR = 2.000000, avanceI = 2.000000
inc_x_r = 0.000000, inc_y_r = 1.000000, inc_x_i = 1.000000, inc_y_i = 1.000000
En el else......

----------------------------------------
x = 26.000000, y = 271.000000
avance = -319.000000, avanceR = 2.000000, avanceI = 2.000000
inc_x_r = 0.000000, inc_y_r = 1.000000, inc_x_i = 1.000000, inc_y_i = 1.000000
En el else......

----------------------------------------
x = 26.000000, y = 272.000000
avance = -317.000000, avanceR = 2.000000, avanceI = 2.000000
inc_x_r = 0.000000, inc_y_r = 1.000000, inc_x_i = 1.000000, inc_y_i = 1.000000
En el else......

----------------------------------------
x = 26.000000, y = 273.000000
avance = -315.000000, avanceR = 2.000000, avanceI = 2.000000
inc_x_r = 0.000000, inc_y_r = 1.000000, inc_x_i = 1.000000, inc_y_i = 1.000000
En el else......

----------------------------------------
x = 26.000000, y = 274.000000
avance = -313.000000, avanceR = 2.000000, avanceI = 2.000000
inc_x_r = 0.000000, inc_y_r = 1.000000, inc_x_i = 1.000000, inc_y_i = 1.000000
En el else......

----------------------------------------
x = 26.000000, y = 275.000000
avance = -311.000000, avanceR = 2.000000, avanceI = 2.000000
inc_x_r = 0.000000, inc_y_r = 1.000000, inc_x_i = 1.000000, inc_y_i = 1.000000
En el else......

----------------------------------------
x = 26.000000, y = 276.000000
avance = -309.000000, avanceR = 2.000000, avanceI = 2.000000
inc_x_r = 0.000000, inc_y_r = 1.000000, inc_x_i = 1.000000, inc_y_i = 1.000000
En el else......

----------------------------------------
x = 26.000000, y = 277.000000
avance = -307.000000, avanceR = 2.000000, avanceI = 2.000000
inc_x_r = 0.000000, inc_y_r = 1.000000, inc_x_i = 1.000000, inc_y_i = 1.000000
En el else......

----------------------------------------
x = 26.000000, y = 278.000000
avance = -305.000000, avanceR = 2.000000, avanceI = 2.000000
inc_x_r = 0.000000, inc_y_r = 1.000000, inc_x_i = 1.000000, inc_y_i = 1.000000
En el else......

----------------------------------------
x = 26.000000, y = 279.000000
avance = -303.000000, avanceR = 2.000000, avanceI = 2.000000
inc_x_r = 0.000000, inc_y_r = 1.000000, inc_x_i = 1.000000, inc_y_i = 1.000000
En el else......

----------------------------------------
x = 26.000000, y = 280.000000
avance = -301.000000, avanceR = 2.000000, avanceI = 2.000000
inc_x_r = 0.000000, inc_y_r = 1.000000, inc_x_i = 1.000000, inc_y_i = 1.000000
En el else......

----------------------------------------
x = 26.000000, y = 281.000000
avance = -299.000000, avanceR = 2.000000, avanceI = 2.000000
inc_x_r = 0.000000, inc_y_r = 1.000000, inc_x_i = 1.000000, inc_y_i = 1.000000
En el else......

----------------------------------------
x = 26.000000, y = 282.000000
avance = -297.000000, avanceR = 2.000000, avanceI = 2.000000
inc_x_r = 0.000000, inc_y_r = 1.000000, inc_x_i = 1.000000, inc_y_i = 1.000000
En el else......

----------------------------------------
x = 26.000000, y = 283.000000
avance = -295.000000, avanceR = 2.000000, avanceI = 2.000000
inc_x_r = 0.000000, inc_y_r = 1.000000, inc_x_i = 1.000000, inc_y_i = 1.000000
En el else......

----------------------------------------
x = 26.000000, y = 284.000000
avance = -293.000000, avanceR = 2.000000, avanceI = 2.000000
inc_x_r = 0.000000, inc_y_r = 1.000000, inc_x_i = 1.000000, inc_y_i = 1.000000
En el else......

----------------------------------------
x = 26.000000, y = 285.000000
avance = -291.000000, avanceR = 2.000000, avanceI = 2.000000
inc_x_r = 0.000000, inc_y_r = 1.000000, inc_x_i = 1.000000, inc_y_i = 1.000000
En el else......

----------------------------------------
x = 26.000000, y = 286.000000
avance = -289.000000, avanceR = 2.000000, avanceI = 2.000000
inc_x_r = 0.000000, inc_y_r = 1.000000, inc_x_i = 1.000000, inc_y_i = 1.000000
En el else......

----------------------------------------
x = 26.000000, y = 287.000000
avance = -287.000000, avanceR = 2.000000, avanceI = 2.000000
inc_x_r = 0.000000, inc_y_r = 1.000000, inc_x_i = 1.000000, inc_y_i = 1.000000
En el else......

----------------------------------------
x = 26.000000, y = 288.000000
avance = -285.000000, avanceR = 2.000000, avanceI = 2.000000
inc_x_r = 0.000000, inc_y_r = 1.000000, inc_x_i = 1.000000, inc_y_i = 1.000000
En el else......

----------------------------------------
x = 26.000000, y = 289.000000
avance = -283.000000, avanceR = 2.000000, avanceI = 2.000000
inc_x_r = 0.000000, inc_y_r = 1.000000, inc_x_i = 1.000000, inc_y_i = 1.000000
En el else......

----------------------------------------
x = 26.000000, y = 290.000000
avance = -281.000000, avanceR = 2.000000, avanceI = 2.000000
inc_x_r = 0.000000, inc_y_r = 1.000000, inc_x_i = 1.000000, inc_y_i = 1.000000
En el else......

----------------------------------------
x = 26.000000, y = 291.000000
avance = -279.000000, avanceR = 2.000000, avanceI = 2.000000
inc_x_r = 0.000000, inc_y_r = 1.000000, inc_x_i = 1.000000, inc_y_i = 1.000000
En el else......

----------------------------------------
x = 26.000000, y = 292.000000
avance = -277.000000, avanceR = 2.000000, avanceI = 2.000000
inc_x_r = 0.000000, inc_y_r = 1.000000, inc_x_i = 1.000000, inc_y_i = 1.000000
En el else......

----------------------------------------
x = 26.000000, y = 293.000000
avance = -275.000000, avanceR = 2.000000, avanceI = 2.000000
inc_x_r = 0.000000, inc_y_r = 1.000000, inc_x_i = 1.000000, inc_y_i = 1.000000
En el else......

----------------------------------------
x = 26.000000, y = 294.000000
avance = -273.000000, avanceR = 2.000000, avanceI = 2.000000
inc_x_r = 0.000000, inc_y_r = 1.000000, inc_x_i = 1.000000, inc_y_i = 1.000000
En el else......

----------------------------------------
x = 26.000000, y = 295.000000
avance = -271.000000, avanceR = 2.000000, avanceI = 2.000000
inc_x_r = 0.000000, inc_y_r = 1.000000, inc_x_i = 1.000000, inc_y_i = 1.000000
En el else......

----------------------------------------
x = 26.000000, y = 296.000000
avance = -269.000000, avanceR = 2.000000, avanceI = 2.000000
inc_x_r = 0.000000, inc_y_r = 1.000000, inc_x_i = 1.000000, inc_y_i = 1.000000
En el else......

----------------------------------------
x = 26.000000, y = 297.000000
avance = -267.000000, avanceR = 2.000000, avanceI = 2.000000
inc_x_r = 0.000000, inc_y_r = 1.000000, inc_x_i = 1.000000, inc_y_i = 1.000000
En el else......

----------------------------------------
x = 26.000000, y = 298.000000
avance = -265.000000, avanceR = 2.000000, avanceI = 2.000000
inc_x_r = 0.000000, inc_y_r = 1.000000, inc_x_i = 1.000000, inc_y_i = 1.000000
En el else......

----------------------------------------
x = 26.000000, y = 299.000000
avance = -263.000000, avanceR = 2.000000, avanceI = 2.000000
inc_x_r = 0.000000, inc_y_r = 1.000000, inc_x_i = 1.000000, inc_y_i = 1.000000
En el else......

----------------------------------------
x = 26.000000, y = 300.000000
avance = -261.000000, avanceR = 2.000000, avanceI = 2.000000
inc_x_r = 0.000000, inc_y_r = 1.000000, inc_x_i = 1.000000, inc_y_i = 1.000000
En el else......

----------------------------------------
x = 26.000000, y = 301.000000
avance = -259.000000, avanceR = 2.000000, avanceI = 2.000000
inc_x_r = 0.000000, inc_y_r = 1.000000, inc_x_i = 1.000000, inc_y_i = 1.000000
En el else......

----------------------------------------
x = 26.000000, y = 302.000000
avance = -257.000000, avanceR = 2.000000, avanceI = 2.000000
inc_x_r = 0.000000, inc_y_r = 1.000000, inc_x_i = 1.000000, inc_y_i = 1.000000
En el else......

----------------------------------------
x = 26.000000, y = 303.000000
avance = -255.000000, avanceR = 2.000000, avanceI = 2.000000
inc_x_r = 0.000000, inc_y_r = 1.000000, inc_x_i = 1.000000, inc_y_i = 1.000000
En el else......

----------------------------------------
x = 26.000000, y = 304.000000
avance = -253.000000, avanceR = 2.000000, avanceI = 2.000000
inc_x_r = 0.000000, inc_y_r = 1.000000, inc_x_i = 1.000000, inc_y_i = 1.000000
En el else......

----------------------------------------
x = 26.000000, y = 305.000000
avance = -251.000000, avanceR = 2.000000, avanceI = 2.000000
inc_x_r = 0.000000, inc_y_r = 1.000000, inc_x_i = 1.000000, inc_y_i = 1.000000
En el else......

----------------------------------------


ENTRAMOS A BRESENHAMªªªª
x1 = 25.000000 - y1 = 55.000000 || x2 = 26.000000 - y2 = 306.000000
dy = 251.000000, dx = 1.000000
avances inclinados: inc_x_i = 1.000000, inc_y_i = 1.000000
updated: dy = 251.000000, dx = 1.000000
avances rectos: inc_x_r = 0.000000, inc_y_r 1.000000
reupdated: dy = 1.000000, dx = 251.000000
avanceR = 2.000000, avance -249.000000, avanceI 2.000000
----------------------------------------
x = 25.000000, y = 55.000000
avance = -249.000000, avanceR = 2.000000, avanceI = 2.000000
inc_x_r = 0.000000, inc_y_r = 1.000000, inc_x_i = 1.000000, inc_y_i = 1.000000
En el else......

----------------------------------------
x = 25.000000, y = 56.000000
avance = -247.000000, avanceR = 2.000000, avanceI = 2.000000
inc_x_r = 0.000000, inc_y_r = 1.000000, inc_x_i = 1.000000, inc_y_i = 1.000000
En el else......

----------------------------------------
x = 25.000000, y = 57.000000
avance = -245.000000, avanceR = 2.000000, avanceI = 2.000000
inc_x_r = 0.000000, inc_y_r = 1.000000, inc_x_i = 1.000000, inc_y_i = 1.000000
En el else......

----------------------------------------
x = 25.000000, y = 58.000000
avance = -243.000000, avanceR = 2.000000, avanceI = 2.000000
inc_x_r = 0.000000, inc_y_r = 1.000000, inc_x_i = 1.000000, inc_y_i = 1.000000
En el else......

----------------------------------------
x = 25.000000, y = 59.000000
avance = -241.000000, avanceR = 2.000000, avanceI = 2.000000
inc_x_r = 0.000000, inc_y_r = 1.000000, inc_x_i = 1.000000, inc_y_i = 1.000000
En el else......

----------------------------------------
x = 25.000000, y = 60.000000
avance = -239.000000, avanceR = 2.000000, avanceI = 2.000000
inc_x_r = 0.000000, inc_y_r = 1.000000, inc_x_i = 1.000000, inc_y_i = 1.000000
En el else......

----------------------------------------
x = 25.000000, y = 61.000000
avance = -237.000000, avanceR = 2.000000, avanceI = 2.000000
inc_x_r = 0.000000, inc_y_r = 1.000000, inc_x_i = 1.000000, inc_y_i = 1.000000
En el else......

----------------------------------------
x = 25.000000, y = 62.000000
avance = -235.000000, avanceR = 2.000000, avanceI = 2.000000
inc_x_r = 0.000000, inc_y_r = 1.000000, inc_x_i = 1.000000, inc_y_i = 1.000000
En el else......

----------------------------------------
x = 25.000000, y = 63.000000
avance = -233.000000, avanceR = 2.000000, avanceI = 2.000000
inc_x_r = 0.000000, inc_y_r = 1.000000, inc_x_i = 1.000000, inc_y_i = 1.000000
En el else......

----------------------------------------
x = 25.000000, y = 64.000000
avance = -231.000000, avanceR = 2.000000, avanceI = 2.000000
inc_x_r = 0.000000, inc_y_r = 1.000000, inc_x_i = 1.000000, inc_y_i = 1.000000
En el else......

----------------------------------------
x = 25.000000, y = 65.000000
avance = -229.000000, avanceR = 2.000000, avanceI = 2.000000
inc_x_r = 0.000000, inc_y_r = 1.000000, inc_x_i = 1.000000, inc_y_i = 1.000000
En el else......

----------------------------------------
x = 25.000000, y = 66.000000
avance = -227.000000, avanceR = 2.000000, avanceI = 2.000000
inc_x_r = 0.000000, inc_y_r = 1.000000, inc_x_i = 1.000000, inc_y_i = 1.000000
En el else......

----------------------------------------
x = 25.000000, y = 67.000000
avance = -225.000000, avanceR = 2.000000, avanceI = 2.000000
inc_x_r = 0.000000, inc_y_r = 1.000000, inc_x_i = 1.000000, inc_y_i = 1.000000
En el else......

----------------------------------------
x = 25.000000, y = 68.000000
avance = -223.000000, avanceR = 2.000000, avanceI = 2.000000
inc_x_r = 0.000000, inc_y_r = 1.000000, inc_x_i = 1.000000, inc_y_i = 1.000000
En el else......

----------------------------------------
x = 25.000000, y = 69.000000
avance = -221.000000, avanceR = 2.000000, avanceI = 2.000000
inc_x_r = 0.000000, inc_y_r = 1.000000, inc_x_i = 1.000000, inc_y_i = 1.000000
En el else......

----------------------------------------
x = 25.000000, y = 70.000000
avance = -219.000000, avanceR = 2.000000, avanceI = 2.000000
inc_x_r = 0.000000, inc_y_r = 1.000000, inc_x_i = 1.000000, inc_y_i = 1.000000
En el else......

----------------------------------------
x = 25.000000, y = 71.000000
avance = -217.000000, avanceR = 2.000000, avanceI = 2.000000
inc_x_r = 0.000000, inc_y_r = 1.000000, inc_x_i = 1.000000, inc_y_i = 1.000000
En el else......

----------------------------------------
x = 25.000000, y = 72.000000
avance = -215.000000, avanceR = 2.000000, avanceI = 2.000000
inc_x_r = 0.000000, inc_y_r = 1.000000, inc_x_i = 1.000000, inc_y_i = 1.000000
En el else......

----------------------------------------
x = 25.000000, y = 73.000000
avance = -213.000000, avanceR = 2.000000, avanceI = 2.000000
inc_x_r = 0.000000, inc_y_r = 1.000000, inc_x_i = 1.000000, inc_y_i = 1.000000
En el else......

----------------------------------------
x = 25.000000, y = 74.000000
avance = -211.000000, avanceR = 2.000000, avanceI = 2.000000
inc_x_r = 0.000000, inc_y_r = 1.000000, inc_x_i = 1.000000, inc_y_i = 1.000000
En el else......

----------------------------------------
x = 25.000000, y = 75.000000
avance = -209.000000, avanceR = 2.000000, avanceI = 2.000000
inc_x_r = 0.000000, inc_y_r = 1.000000, inc_x_i = 1.000000, inc_y_i = 1.000000
En el else......

----------------------------------------
x = 25.000000, y = 76.000000
avance = -207.000000, avanceR = 2.000000, avanceI = 2.000000
inc_x_r = 0.000000, inc_y_r = 1.000000, inc_x_i = 1.000000, inc_y_i = 1.000000
En el else......

----------------------------------------
x = 25.000000, y = 77.000000
avance = -205.000000, avanceR = 2.000000, avanceI = 2.000000
inc_x_r = 0.000000, inc_y_r = 1.000000, inc_x_i = 1.000000, inc_y_i = 1.000000
En el else......

----------------------------------------
x = 25.000000, y = 78.000000
avance = -203.000000, avanceR = 2.000000, avanceI = 2.000000
inc_x_r = 0.000000, inc_y_r = 1.000000, inc_x_i = 1.000000, inc_y_i = 1.000000
En el else......

----------------------------------------
x = 25.000000, y = 79.000000
avance = -201.000000, avanceR = 2.000000, avanceI = 2.000000
inc_x_r = 0.000000, inc_y_r = 1.000000, inc_x_i = 1.000000, inc_y_i = 1.000000
En el else......

----------------------------------------
x = 25.000000, y = 80.000000
avance = -199.000000, avanceR = 2.000000, avanceI = 2.000000
inc_x_r = 0.000000, inc_y_r = 1.000000, inc_x_i = 1.000000, inc_y_i = 1.000000
En el else......

----------------------------------------
x = 25.000000, y = 81.000000
avance = -197.000000, avanceR = 2.000000, avanceI = 2.000000
inc_x_r = 0.000000, inc_y_r = 1.000000, inc_x_i = 1.000000, inc_y_i = 1.000000
En el else......

----------------------------------------
x = 25.000000, y = 82.000000
avance = -195.000000, avanceR = 2.000000, avanceI = 2.000000
inc_x_r = 0.000000, inc_y_r = 1.000000, inc_x_i = 1.000000, inc_y_i = 1.000000
En el else......

----------------------------------------
x = 25.000000, y = 83.000000
avance = -193.000000, avanceR = 2.000000, avanceI = 2.000000
inc_x_r = 0.000000, inc_y_r = 1.000000, inc_x_i = 1.000000, inc_y_i = 1.000000
En el else......

----------------------------------------
x = 25.000000, y = 84.000000
avance = -191.000000, avanceR = 2.000000, avanceI = 2.000000
inc_x_r = 0.000000, inc_y_r = 1.000000, inc_x_i = 1.000000, inc_y_i = 1.000000
En el else......

----------------------------------------
x = 25.000000, y = 85.000000
avance = -189.000000, avanceR = 2.000000, avanceI = 2.000000
inc_x_r = 0.000000, inc_y_r = 1.000000, inc_x_i = 1.000000, inc_y_i = 1.000000
En el else......

----------------------------------------
x = 25.000000, y = 86.000000
avance = -187.000000, avanceR = 2.000000, avanceI = 2.000000
inc_x_r = 0.000000, inc_y_r = 1.000000, inc_x_i = 1.000000, inc_y_i = 1.000000
En el else......

----------------------------------------
x = 25.000000, y = 87.000000
avance = -185.000000, avanceR = 2.000000, avanceI = 2.000000
inc_x_r = 0.000000, inc_y_r = 1.000000, inc_x_i = 1.000000, inc_y_i = 1.000000
En el else......

----------------------------------------
x = 25.000000, y = 88.000000
avance = -183.000000, avanceR = 2.000000, avanceI = 2.000000
inc_x_r = 0.000000, inc_y_r = 1.000000, inc_x_i = 1.000000, inc_y_i = 1.000000
En el else......

----------------------------------------
x = 25.000000, y = 89.000000
avance = -181.000000, avanceR = 2.000000, avanceI = 2.000000
inc_x_r = 0.000000, inc_y_r = 1.000000, inc_x_i = 1.000000, inc_y_i = 1.000000
En el else......

----------------------------------------
x = 25.000000, y = 90.000000
avance = -179.000000, avanceR = 2.000000, avanceI = 2.000000
inc_x_r = 0.000000, inc_y_r = 1.000000, inc_x_i = 1.000000, inc_y_i = 1.000000
En el else......

----------------------------------------
x = 25.000000, y = 91.000000
avance = -177.000000, avanceR = 2.000000, avanceI = 2.000000
inc_x_r = 0.000000, inc_y_r = 1.000000, inc_x_i = 1.000000, inc_y_i = 1.000000
En el else......

----------------------------------------
x = 25.000000, y = 92.000000
avance = -175.000000, avanceR = 2.000000, avanceI = 2.000000
inc_x_r = 0.000000, inc_y_r = 1.000000, inc_x_i = 1.000000, inc_y_i = 1.000000
En el else......

----------------------------------------
x = 25.000000, y = 93.000000
avance = -173.000000, avanceR = 2.000000, avanceI = 2.000000
inc_x_r = 0.000000, inc_y_r = 1.000000, inc_x_i = 1.000000, inc_y_i = 1.000000
En el else......

----------------------------------------
x = 25.000000, y = 94.000000
avance = -171.000000, avanceR = 2.000000, avanceI = 2.000000
inc_x_r = 0.000000, inc_y_r = 1.000000, inc_x_i = 1.000000, inc_y_i = 1.000000
En el else......

----------------------------------------
x = 25.000000, y = 95.000000
avance = -169.000000, avanceR = 2.000000, avanceI = 2.000000
inc_x_r = 0.000000, inc_y_r = 1.000000, inc_x_i = 1.000000, inc_y_i = 1.000000
En el else......

----------------------------------------
x = 25.000000, y = 96.000000
avance = -167.000000, avanceR = 2.000000, avanceI = 2.000000
inc_x_r = 0.000000, inc_y_r = 1.000000, inc_x_i = 1.000000, inc_y_i = 1.000000
En el else......

----------------------------------------
x = 25.000000, y = 97.000000
avance = -165.000000, avanceR = 2.000000, avanceI = 2.000000
inc_x_r = 0.000000, inc_y_r = 1.000000, inc_x_i = 1.000000, inc_y_i = 1.000000
En el else......

----------------------------------------
x = 25.000000, y = 98.000000
avance = -163.000000, avanceR = 2.000000, avanceI = 2.000000
inc_x_r = 0.000000, inc_y_r = 1.000000, inc_x_i = 1.000000, inc_y_i = 1.000000
En el else......

----------------------------------------
x = 25.000000, y = 99.000000
avance = -161.000000, avanceR = 2.000000, avanceI = 2.000000
inc_x_r = 0.000000, inc_y_r = 1.000000, inc_x_i = 1.000000, inc_y_i = 1.000000
En el else......

----------------------------------------
x = 25.000000, y = 100.000000
avance = -159.000000, avanceR = 2.000000, avanceI = 2.000000
inc_x_r = 0.000000, inc_y_r = 1.000000, inc_x_i = 1.000000, inc_y_i = 1.000000
En el else......

----------------------------------------
x = 25.000000, y = 101.000000
avance = -157.000000, avanceR = 2.000000, avanceI = 2.000000
inc_x_r = 0.000000, inc_y_r = 1.000000, inc_x_i = 1.000000, inc_y_i = 1.000000
En el else......

----------------------------------------
x = 25.000000, y = 102.000000
avance = -155.000000, avanceR = 2.000000, avanceI = 2.000000
inc_x_r = 0.000000, inc_y_r = 1.000000, inc_x_i = 1.000000, inc_y_i = 1.000000
En el else......

----------------------------------------
x = 25.000000, y = 103.000000
avance = -153.000000, avanceR = 2.000000, avanceI = 2.000000
inc_x_r = 0.000000, inc_y_r = 1.000000, inc_x_i = 1.000000, inc_y_i = 1.000000
En el else......

----------------------------------------
x = 25.000000, y = 104.000000
avance = -151.000000, avanceR = 2.000000, avanceI = 2.000000
inc_x_r = 0.000000, inc_y_r = 1.000000, inc_x_i = 1.000000, inc_y_i = 1.000000
En el else......

----------------------------------------
x = 25.000000, y = 105.000000
avance = -149.000000, avanceR = 2.000000, avanceI = 2.000000
inc_x_r = 0.000000, inc_y_r = 1.000000, inc_x_i = 1.000000, inc_y_i = 1.000000
En el else......

----------------------------------------
x = 25.000000, y = 106.000000
avance = -147.000000, avanceR = 2.000000, avanceI = 2.000000
inc_x_r = 0.000000, inc_y_r = 1.000000, inc_x_i = 1.000000, inc_y_i = 1.000000
En el else......

----------------------------------------
x = 25.000000, y = 107.000000
avance = -145.000000, avanceR = 2.000000, avanceI = 2.000000
inc_x_r = 0.000000, inc_y_r = 1.000000, inc_x_i = 1.000000, inc_y_i = 1.000000
En el else......

----------------------------------------
x = 25.000000, y = 108.000000
avance = -143.000000, avanceR = 2.000000, avanceI = 2.000000
inc_x_r = 0.000000, inc_y_r = 1.000000, inc_x_i = 1.000000, inc_y_i = 1.000000
En el else......

----------------------------------------
x = 25.000000, y = 109.000000
avance = -141.000000, avanceR = 2.000000, avanceI = 2.000000
inc_x_r = 0.000000, inc_y_r = 1.000000, inc_x_i = 1.000000, inc_y_i = 1.000000
En el else......

----------------------------------------
x = 25.000000, y = 110.000000
avance = -139.000000, avanceR = 2.000000, avanceI = 2.000000
inc_x_r = 0.000000, inc_y_r = 1.000000, inc_x_i = 1.000000, inc_y_i = 1.000000
En el else......

----------------------------------------
x = 25.000000, y = 111.000000
avance = -137.000000, avanceR = 2.000000, avanceI = 2.000000
inc_x_r = 0.000000, inc_y_r = 1.000000, inc_x_i = 1.000000, inc_y_i = 1.000000
En el else......

----------------------------------------
x = 25.000000, y = 112.000000
avance = -135.000000, avanceR = 2.000000, avanceI = 2.000000
inc_x_r = 0.000000, inc_y_r = 1.000000, inc_x_i = 1.000000, inc_y_i = 1.000000
En el else......

----------------------------------------
x = 25.000000, y = 113.000000
avance = -133.000000, avanceR = 2.000000, avanceI = 2.000000
inc_x_r = 0.000000, inc_y_r = 1.000000, inc_x_i = 1.000000, inc_y_i = 1.000000
En el else......

----------------------------------------
x = 25.000000, y = 114.000000
avance = -131.000000, avanceR = 2.000000, avanceI = 2.000000
inc_x_r = 0.000000, inc_y_r = 1.000000, inc_x_i = 1.000000, inc_y_i = 1.000000
En el else......

----------------------------------------
x = 25.000000, y = 115.000000
avance = -129.000000, avanceR = 2.000000, avanceI = 2.000000
inc_x_r = 0.000000, inc_y_r = 1.000000, inc_x_i = 1.000000, inc_y_i = 1.000000
En el else......

----------------------------------------
x = 25.000000, y = 116.000000
avance = -127.000000, avanceR = 2.000000, avanceI = 2.000000
inc_x_r = 0.000000, inc_y_r = 1.000000, inc_x_i = 1.000000, inc_y_i = 1.000000
En el else......

----------------------------------------
x = 25.000000, y = 117.000000
avance = -125.000000, avanceR = 2.000000, avanceI = 2.000000
inc_x_r = 0.000000, inc_y_r = 1.000000, inc_x_i = 1.000000, inc_y_i = 1.000000
En el else......

----------------------------------------
x = 25.000000, y = 118.000000
avance = -123.000000, avanceR = 2.000000, avanceI = 2.000000
inc_x_r = 0.000000, inc_y_r = 1.000000, inc_x_i = 1.000000, inc_y_i = 1.000000
En el else......

----------------------------------------
x = 25.000000, y = 119.000000
avance = -121.000000, avanceR = 2.000000, avanceI = 2.000000
inc_x_r = 0.000000, inc_y_r = 1.000000, inc_x_i = 1.000000, inc_y_i = 1.000000
En el else......

----------------------------------------
x = 25.000000, y = 120.000000
avance = -119.000000, avanceR = 2.000000, avanceI = 2.000000
inc_x_r = 0.000000, inc_y_r = 1.000000, inc_x_i = 1.000000, inc_y_i = 1.000000
En el else......

----------------------------------------
x = 25.000000, y = 121.000000
avance = -117.000000, avanceR = 2.000000, avanceI = 2.000000
inc_x_r = 0.000000, inc_y_r = 1.000000, inc_x_i = 1.000000, inc_y_i = 1.000000
En el else......

----------------------------------------
x = 25.000000, y = 122.000000
avance = -115.000000, avanceR = 2.000000, avanceI = 2.000000
inc_x_r = 0.000000, inc_y_r = 1.000000, inc_x_i = 1.000000, inc_y_i = 1.000000
En el else......

----------------------------------------
x = 25.000000, y = 123.000000
avance = -113.000000, avanceR = 2.000000, avanceI = 2.000000
inc_x_r = 0.000000, inc_y_r = 1.000000, inc_x_i = 1.000000, inc_y_i = 1.000000
En el else......

----------------------------------------
x = 25.000000, y = 124.000000
avance = -111.000000, avanceR = 2.000000, avanceI = 2.000000
inc_x_r = 0.000000, inc_y_r = 1.000000, inc_x_i = 1.000000, inc_y_i = 1.000000
En el else......

----------------------------------------
x = 25.000000, y = 125.000000
avance = -109.000000, avanceR = 2.000000, avanceI = 2.000000
inc_x_r = 0.000000, inc_y_r = 1.000000, inc_x_i = 1.000000, inc_y_i = 1.000000
En el else......

----------------------------------------
x = 25.000000, y = 126.000000
avance = -107.000000, avanceR = 2.000000, avanceI = 2.000000
inc_x_r = 0.000000, inc_y_r = 1.000000, inc_x_i = 1.000000, inc_y_i = 1.000000
En el else......

----------------------------------------
x = 25.000000, y = 127.000000
avance = -105.000000, avanceR = 2.000000, avanceI = 2.000000
inc_x_r = 0.000000, inc_y_r = 1.000000, inc_x_i = 1.000000, inc_y_i = 1.000000
En el else......

----------------------------------------
x = 25.000000, y = 128.000000
avance = -103.000000, avanceR = 2.000000, avanceI = 2.000000
inc_x_r = 0.000000, inc_y_r = 1.000000, inc_x_i = 1.000000, inc_y_i = 1.000000
En el else......

----------------------------------------
x = 25.000000, y = 129.000000
avance = -101.000000, avanceR = 2.000000, avanceI = 2.000000
inc_x_r = 0.000000, inc_y_r = 1.000000, inc_x_i = 1.000000, inc_y_i = 1.000000
En el else......

----------------------------------------
x = 25.000000, y = 130.000000
avance = -99.000000, avanceR = 2.000000, avanceI = 2.000000
inc_x_r = 0.000000, inc_y_r = 1.000000, inc_x_i = 1.000000, inc_y_i = 1.000000
En el else......

----------------------------------------
x = 25.000000, y = 131.000000
avance = -97.000000, avanceR = 2.000000, avanceI = 2.000000
inc_x_r = 0.000000, inc_y_r = 1.000000, inc_x_i = 1.000000, inc_y_i = 1.000000
En el else......

----------------------------------------
x = 25.000000, y = 132.000000
avance = -95.000000, avanceR = 2.000000, avanceI = 2.000000
inc_x_r = 0.000000, inc_y_r = 1.000000, inc_x_i = 1.000000, inc_y_i = 1.000000
En el else......

----------------------------------------
x = 25.000000, y = 133.000000
avance = -93.000000, avanceR = 2.000000, avanceI = 2.000000
inc_x_r = 0.000000, inc_y_r = 1.000000, inc_x_i = 1.000000, inc_y_i = 1.000000
En el else......

----------------------------------------
x = 25.000000, y = 134.000000
avance = -91.000000, avanceR = 2.000000, avanceI = 2.000000
inc_x_r = 0.000000, inc_y_r = 1.000000, inc_x_i = 1.000000, inc_y_i = 1.000000
En el else......

----------------------------------------
x = 25.000000, y = 135.000000
avance = -89.000000, avanceR = 2.000000, avanceI = 2.000000
inc_x_r = 0.000000, inc_y_r = 1.000000, inc_x_i = 1.000000, inc_y_i = 1.000000
En el else......

----------------------------------------
x = 25.000000, y = 136.000000
avance = -87.000000, avanceR = 2.000000, avanceI = 2.000000
inc_x_r = 0.000000, inc_y_r = 1.000000, inc_x_i = 1.000000, inc_y_i = 1.000000
En el else......

----------------------------------------
x = 25.000000, y = 137.000000
avance = -85.000000, avanceR = 2.000000, avanceI = 2.000000
inc_x_r = 0.000000, inc_y_r = 1.000000, inc_x_i = 1.000000, inc_y_i = 1.000000
En el else......

----------------------------------------
x = 25.000000, y = 138.000000
avance = -83.000000, avanceR = 2.000000, avanceI = 2.000000
inc_x_r = 0.000000, inc_y_r = 1.000000, inc_x_i = 1.000000, inc_y_i = 1.000000
En el else......

----------------------------------------
x = 25.000000, y = 139.000000
avance = -81.000000, avanceR = 2.000000, avanceI = 2.000000
inc_x_r = 0.000000, inc_y_r = 1.000000, inc_x_i = 1.000000, inc_y_i = 1.000000
En el else......

----------------------------------------
x = 25.000000, y = 140.000000
avance = -79.000000, avanceR = 2.000000, avanceI = 2.000000
inc_x_r = 0.000000, inc_y_r = 1.000000, inc_x_i = 1.000000, inc_y_i = 1.000000
En el else......

----------------------------------------
x = 25.000000, y = 141.000000
avance = -77.000000, avanceR = 2.000000, avanceI = 2.000000
inc_x_r = 0.000000, inc_y_r = 1.000000, inc_x_i = 1.000000, inc_y_i = 1.000000
En el else......

----------------------------------------
x = 25.000000, y = 142.000000
avance = -75.000000, avanceR = 2.000000, avanceI = 2.000000
inc_x_r = 0.000000, inc_y_r = 1.000000, inc_x_i = 1.000000, inc_y_i = 1.000000
En el else......

----------------------------------------
x = 25.000000, y = 143.000000
avance = -73.000000, avanceR = 2.000000, avanceI = 2.000000
inc_x_r = 0.000000, inc_y_r = 1.000000, inc_x_i = 1.000000, inc_y_i = 1.000000
En el else......

----------------------------------------
x = 25.000000, y = 144.000000
avance = -71.000000, avanceR = 2.000000, avanceI = 2.000000
inc_x_r = 0.000000, inc_y_r = 1.000000, inc_x_i = 1.000000, inc_y_i = 1.000000
En el else......

----------------------------------------
x = 25.000000, y = 145.000000
avance = -69.000000, avanceR = 2.000000, avanceI = 2.000000
inc_x_r = 0.000000, inc_y_r = 1.000000, inc_x_i = 1.000000, inc_y_i = 1.000000
En el else......

----------------------------------------
x = 25.000000, y = 146.000000
avance = -67.000000, avanceR = 2.000000, avanceI = 2.000000
inc_x_r = 0.000000, inc_y_r = 1.000000, inc_x_i = 1.000000, inc_y_i = 1.000000
En el else......

----------------------------------------
x = 25.000000, y = 147.000000
avance = -65.000000, avanceR = 2.000000, avanceI = 2.000000
inc_x_r = 0.000000, inc_y_r = 1.000000, inc_x_i = 1.000000, inc_y_i = 1.000000
En el else......

----------------------------------------
x = 25.000000, y = 148.000000
avance = -63.000000, avanceR = 2.000000, avanceI = 2.000000
inc_x_r = 0.000000, inc_y_r = 1.000000, inc_x_i = 1.000000, inc_y_i = 1.000000
En el else......

----------------------------------------
x = 25.000000, y = 149.000000
avance = -61.000000, avanceR = 2.000000, avanceI = 2.000000
inc_x_r = 0.000000, inc_y_r = 1.000000, inc_x_i = 1.000000, inc_y_i = 1.000000
En el else......

----------------------------------------
x = 25.000000, y = 150.000000
avance = -59.000000, avanceR = 2.000000, avanceI = 2.000000
inc_x_r = 0.000000, inc_y_r = 1.000000, inc_x_i = 1.000000, inc_y_i = 1.000000
En el else......

----------------------------------------
x = 25.000000, y = 151.000000
avance = -57.000000, avanceR = 2.000000, avanceI = 2.000000
inc_x_r = 0.000000, inc_y_r = 1.000000, inc_x_i = 1.000000, inc_y_i = 1.000000
En el else......

----------------------------------------
x = 25.000000, y = 152.000000
avance = -55.000000, avanceR = 2.000000, avanceI = 2.000000
inc_x_r = 0.000000, inc_y_r = 1.000000, inc_x_i = 1.000000, inc_y_i = 1.000000
En el else......

----------------------------------------
x = 25.000000, y = 153.000000
avance = -53.000000, avanceR = 2.000000, avanceI = 2.000000
inc_x_r = 0.000000, inc_y_r = 1.000000, inc_x_i = 1.000000, inc_y_i = 1.000000
En el else......

----------------------------------------
x = 25.000000, y = 154.000000
avance = -51.000000, avanceR = 2.000000, avanceI = 2.000000
inc_x_r = 0.000000, inc_y_r = 1.000000, inc_x_i = 1.000000, inc_y_i = 1.000000
En el else......

----------------------------------------
x = 25.000000, y = 155.000000
avance = -49.000000, avanceR = 2.000000, avanceI = 2.000000
inc_x_r = 0.000000, inc_y_r = 1.000000, inc_x_i = 1.000000, inc_y_i = 1.000000
En el else......

----------------------------------------
x = 25.000000, y = 156.000000
avance = -47.000000, avanceR = 2.000000, avanceI = 2.000000
inc_x_r = 0.000000, inc_y_r = 1.000000, inc_x_i = 1.000000, inc_y_i = 1.000000
En el else......

----------------------------------------
x = 25.000000, y = 157.000000
avance = -45.000000, avanceR = 2.000000, avanceI = 2.000000
inc_x_r = 0.000000, inc_y_r = 1.000000, inc_x_i = 1.000000, inc_y_i = 1.000000
En el else......

----------------------------------------
x = 25.000000, y = 158.000000
avance = -43.000000, avanceR = 2.000000, avanceI = 2.000000
inc_x_r = 0.000000, inc_y_r = 1.000000, inc_x_i = 1.000000, inc_y_i = 1.000000
En el else......

----------------------------------------
x = 25.000000, y = 159.000000
avance = -41.000000, avanceR = 2.000000, avanceI = 2.000000
inc_x_r = 0.000000, inc_y_r = 1.000000, inc_x_i = 1.000000, inc_y_i = 1.000000
En el else......

----------------------------------------
x = 25.000000, y = 160.000000
avance = -39.000000, avanceR = 2.000000, avanceI = 2.000000
inc_x_r = 0.000000, inc_y_r = 1.000000, inc_x_i = 1.000000, inc_y_i = 1.000000
En el else......

----------------------------------------
x = 25.000000, y = 161.000000
avance = -37.000000, avanceR = 2.000000, avanceI = 2.000000
inc_x_r = 0.000000, inc_y_r = 1.000000, inc_x_i = 1.000000, inc_y_i = 1.000000
En el else......

----------------------------------------
x = 25.000000, y = 162.000000
avance = -35.000000, avanceR = 2.000000, avanceI = 2.000000
inc_x_r = 0.000000, inc_y_r = 1.000000, inc_x_i = 1.000000, inc_y_i = 1.000000
En el else......

----------------------------------------
x = 25.000000, y = 163.000000
avance = -33.000000, avanceR = 2.000000, avanceI = 2.000000
inc_x_r = 0.000000, inc_y_r = 1.000000, inc_x_i = 1.000000, inc_y_i = 1.000000
En el else......

----------------------------------------
x = 25.000000, y = 164.000000
avance = -31.000000, avanceR = 2.000000, avanceI = 2.000000
inc_x_r = 0.000000, inc_y_r = 1.000000, inc_x_i = 1.000000, inc_y_i = 1.000000
En el else......

----------------------------------------
x = 25.000000, y = 165.000000
avance = -29.000000, avanceR = 2.000000, avanceI = 2.000000
inc_x_r = 0.000000, inc_y_r = 1.000000, inc_x_i = 1.000000, inc_y_i = 1.000000
En el else......

----------------------------------------
x = 25.000000, y = 166.000000
avance = -27.000000, avanceR = 2.000000, avanceI = 2.000000
inc_x_r = 0.000000, inc_y_r = 1.000000, inc_x_i = 1.000000, inc_y_i = 1.000000
En el else......

----------------------------------------
x = 25.000000, y = 167.000000
avance = -25.000000, avanceR = 2.000000, avanceI = 2.000000
inc_x_r = 0.000000, inc_y_r = 1.000000, inc_x_i = 1.000000, inc_y_i = 1.000000
En el else......

----------------------------------------
x = 25.000000, y = 168.000000
avance = -23.000000, avanceR = 2.000000, avanceI = 2.000000
inc_x_r = 0.000000, inc_y_r = 1.000000, inc_x_i = 1.000000, inc_y_i = 1.000000
En el else......

----------------------------------------
x = 25.000000, y = 169.000000
avance = -21.000000, avanceR = 2.000000, avanceI = 2.000000
inc_x_r = 0.000000, inc_y_r = 1.000000, inc_x_i = 1.000000, inc_y_i = 1.000000
En el else......

----------------------------------------
x = 25.000000, y = 170.000000
avance = -19.000000, avanceR = 2.000000, avanceI = 2.000000
inc_x_r = 0.000000, inc_y_r = 1.000000, inc_x_i = 1.000000, inc_y_i = 1.000000
En el else......

----------------------------------------
x = 25.000000, y = 171.000000
avance = -17.000000, avanceR = 2.000000, avanceI = 2.000000
inc_x_r = 0.000000, inc_y_r = 1.000000, inc_x_i = 1.000000, inc_y_i = 1.000000
En el else......

----------------------------------------
x = 25.000000, y = 172.000000
avance = -15.000000, avanceR = 2.000000, avanceI = 2.000000
inc_x_r = 0.000000, inc_y_r = 1.000000, inc_x_i = 1.000000, inc_y_i = 1.000000
En el else......

----------------------------------------
x = 25.000000, y = 173.000000
avance = -13.000000, avanceR = 2.000000, avanceI = 2.000000
inc_x_r = 0.000000, inc_y_r = 1.000000, inc_x_i = 1.000000, inc_y_i = 1.000000
En el else......

----------------------------------------
x = 25.000000, y = 174.000000
avance = -11.000000, avanceR = 2.000000, avanceI = 2.000000
inc_x_r = 0.000000, inc_y_r = 1.000000, inc_x_i = 1.000000, inc_y_i = 1.000000
En el else......

----------------------------------------
x = 25.000000, y = 175.000000
avance = -9.000000, avanceR = 2.000000, avanceI = 2.000000
inc_x_r = 0.000000, inc_y_r = 1.000000, inc_x_i = 1.000000, inc_y_i = 1.000000
En el else......

----------------------------------------
x = 25.000000, y = 176.000000
avance = -7.000000, avanceR = 2.000000, avanceI = 2.000000
inc_x_r = 0.000000, inc_y_r = 1.000000, inc_x_i = 1.000000, inc_y_i = 1.000000
En el else......

----------------------------------------
x = 25.000000, y = 177.000000
avance = -5.000000, avanceR = 2.000000, avanceI = 2.000000
inc_x_r = 0.000000, inc_y_r = 1.000000, inc_x_i = 1.000000, inc_y_i = 1.000000
En el else......

----------------------------------------
x = 25.000000, y = 178.000000
avance = -3.000000, avanceR = 2.000000, avanceI = 2.000000
inc_x_r = 0.000000, inc_y_r = 1.000000, inc_x_i = 1.000000, inc_y_i = 1.000000
En el else......

----------------------------------------
x = 25.000000, y = 179.000000
avance = -1.000000, avanceR = 2.000000, avanceI = 2.000000
inc_x_r = 0.000000, inc_y_r = 1.000000, inc_x_i = 1.000000, inc_y_i = 1.000000
En el else......

----------------------------------------
x = 25.000000, y = 180.000000
avance = 1.000000, avanceR = 2.000000, avanceI = 2.000000
inc_x_r = 0.000000, inc_y_r = 1.000000, inc_x_i = 1.000000, inc_y_i = 1.000000
avance >= 0

----------------------------------------
x = 26.000000, y = 181.000000
avance = -499.000000, avanceR = 2.000000, avanceI = 2.000000
inc_x_r = 0.000000, inc_y_r = 1.000000, inc_x_i = 1.000000, inc_y_i = 1.000000
En el else......

----------------------------------------
x = 26.000000, y = 182.000000
avance = -497.000000, avanceR = 2.000000, avanceI = 2.000000
inc_x_r = 0.000000, inc_y_r = 1.000000, inc_x_i = 1.000000, inc_y_i = 1.000000
En el else......

----------------------------------------
x = 26.000000, y = 183.000000
avance = -495.000000, avanceR = 2.000000, avanceI = 2.000000
inc_x_r = 0.000000, inc_y_r = 1.000000, inc_x_i = 1.000000, inc_y_i = 1.000000
En el else......

----------------------------------------
x = 26.000000, y = 184.000000
avance = -493.000000, avanceR = 2.000000, avanceI = 2.000000
inc_x_r = 0.000000, inc_y_r = 1.000000, inc_x_i = 1.000000, inc_y_i = 1.000000
En el else......

----------------------------------------
x = 26.000000, y = 185.000000
avance = -491.000000, avanceR = 2.000000, avanceI = 2.000000
inc_x_r = 0.000000, inc_y_r = 1.000000, inc_x_i = 1.000000, inc_y_i = 1.000000
En el else......

----------------------------------------
x = 26.000000, y = 186.000000
avance = -489.000000, avanceR = 2.000000, avanceI = 2.000000
inc_x_r = 0.000000, inc_y_r = 1.000000, inc_x_i = 1.000000, inc_y_i = 1.000000
En el else......

----------------------------------------
x = 26.000000, y = 187.000000
avance = -487.000000, avanceR = 2.000000, avanceI = 2.000000
inc_x_r = 0.000000, inc_y_r = 1.000000, inc_x_i = 1.000000, inc_y_i = 1.000000
En el else......

----------------------------------------
x = 26.000000, y = 188.000000
avance = -485.000000, avanceR = 2.000000, avanceI = 2.000000
inc_x_r = 0.000000, inc_y_r = 1.000000, inc_x_i = 1.000000, inc_y_i = 1.000000
En el else......

----------------------------------------
x = 26.000000, y = 189.000000
avance = -483.000000, avanceR = 2.000000, avanceI = 2.000000
inc_x_r = 0.000000, inc_y_r = 1.000000, inc_x_i = 1.000000, inc_y_i = 1.000000
En el else......

----------------------------------------
x = 26.000000, y = 190.000000
avance = -481.000000, avanceR = 2.000000, avanceI = 2.000000
inc_x_r = 0.000000, inc_y_r = 1.000000, inc_x_i = 1.000000, inc_y_i = 1.000000
En el else......

----------------------------------------
x = 26.000000, y = 191.000000
avance = -479.000000, avanceR = 2.000000, avanceI = 2.000000
inc_x_r = 0.000000, inc_y_r = 1.000000, inc_x_i = 1.000000, inc_y_i = 1.000000
En el else......

----------------------------------------
x = 26.000000, y = 192.000000
avance = -477.000000, avanceR = 2.000000, avanceI = 2.000000
inc_x_r = 0.000000, inc_y_r = 1.000000, inc_x_i = 1.000000, inc_y_i = 1.000000
En el else......

----------------------------------------
x = 26.000000, y = 193.000000
avance = -475.000000, avanceR = 2.000000, avanceI = 2.000000
inc_x_r = 0.000000, inc_y_r = 1.000000, inc_x_i = 1.000000, inc_y_i = 1.000000
En el else......

----------------------------------------
x = 26.000000, y = 194.000000
avance = -473.000000, avanceR = 2.000000, avanceI = 2.000000
inc_x_r = 0.000000, inc_y_r = 1.000000, inc_x_i = 1.000000, inc_y_i = 1.000000
En el else......

----------------------------------------
x = 26.000000, y = 195.000000
avance = -471.000000, avanceR = 2.000000, avanceI = 2.000000
inc_x_r = 0.000000, inc_y_r = 1.000000, inc_x_i = 1.000000, inc_y_i = 1.000000
En el else......

----------------------------------------
x = 26.000000, y = 196.000000
avance = -469.000000, avanceR = 2.000000, avanceI = 2.000000
inc_x_r = 0.000000, inc_y_r = 1.000000, inc_x_i = 1.000000, inc_y_i = 1.000000
En el else......

----------------------------------------
x = 26.000000, y = 197.000000
avance = -467.000000, avanceR = 2.000000, avanceI = 2.000000
inc_x_r = 0.000000, inc_y_r = 1.000000, inc_x_i = 1.000000, inc_y_i = 1.000000
En el else......

----------------------------------------
x = 26.000000, y = 198.000000
avance = -465.000000, avanceR = 2.000000, avanceI = 2.000000
inc_x_r = 0.000000, inc_y_r = 1.000000, inc_x_i = 1.000000, inc_y_i = 1.000000
En el else......

----------------------------------------
x = 26.000000, y = 199.000000
avance = -463.000000, avanceR = 2.000000, avanceI = 2.000000
inc_x_r = 0.000000, inc_y_r = 1.000000, inc_x_i = 1.000000, inc_y_i = 1.000000
En el else......

----------------------------------------
x = 26.000000, y = 200.000000
avance = -461.000000, avanceR = 2.000000, avanceI = 2.000000
inc_x_r = 0.000000, inc_y_r = 1.000000, inc_x_i = 1.000000, inc_y_i = 1.000000
En el else......

----------------------------------------
x = 26.000000, y = 201.000000
avance = -459.000000, avanceR = 2.000000, avanceI = 2.000000
inc_x_r = 0.000000, inc_y_r = 1.000000, inc_x_i = 1.000000, inc_y_i = 1.000000
En el else......

----------------------------------------
x = 26.000000, y = 202.000000
avance = -457.000000, avanceR = 2.000000, avanceI = 2.000000
inc_x_r = 0.000000, inc_y_r = 1.000000, inc_x_i = 1.000000, inc_y_i = 1.000000
En el else......

----------------------------------------
x = 26.000000, y = 203.000000
avance = -455.000000, avanceR = 2.000000, avanceI = 2.000000
inc_x_r = 0.000000, inc_y_r = 1.000000, inc_x_i = 1.000000, inc_y_i = 1.000000
En el else......

----------------------------------------
x = 26.000000, y = 204.000000
avance = -453.000000, avanceR = 2.000000, avanceI = 2.000000
inc_x_r = 0.000000, inc_y_r = 1.000000, inc_x_i = 1.000000, inc_y_i = 1.000000
En el else......

----------------------------------------
x = 26.000000, y = 205.000000
avance = -451.000000, avanceR = 2.000000, avanceI = 2.000000
inc_x_r = 0.000000, inc_y_r = 1.000000, inc_x_i = 1.000000, inc_y_i = 1.000000
En el else......

----------------------------------------
x = 26.000000, y = 206.000000
avance = -449.000000, avanceR = 2.000000, avanceI = 2.000000
inc_x_r = 0.000000, inc_y_r = 1.000000, inc_x_i = 1.000000, inc_y_i = 1.000000
En el else......

----------------------------------------
x = 26.000000, y = 207.000000
avance = -447.000000, avanceR = 2.000000, avanceI = 2.000000
inc_x_r = 0.000000, inc_y_r = 1.000000, inc_x_i = 1.000000, inc_y_i = 1.000000
En el else......

----------------------------------------
x = 26.000000, y = 208.000000
avance = -445.000000, avanceR = 2.000000, avanceI = 2.000000
inc_x_r = 0.000000, inc_y_r = 1.000000, inc_x_i = 1.000000, inc_y_i = 1.000000
En el else......

----------------------------------------
x = 26.000000, y = 209.000000
avance = -443.000000, avanceR = 2.000000, avanceI = 2.000000
inc_x_r = 0.000000, inc_y_r = 1.000000, inc_x_i = 1.000000, inc_y_i = 1.000000
En el else......

----------------------------------------
x = 26.000000, y = 210.000000
avance = -441.000000, avanceR = 2.000000, avanceI = 2.000000
inc_x_r = 0.000000, inc_y_r = 1.000000, inc_x_i = 1.000000, inc_y_i = 1.000000
En el else......

----------------------------------------
x = 26.000000, y = 211.000000
avance = -439.000000, avanceR = 2.000000, avanceI = 2.000000
inc_x_r = 0.000000, inc_y_r = 1.000000, inc_x_i = 1.000000, inc_y_i = 1.000000
En el else......

----------------------------------------
x = 26.000000, y = 212.000000
avance = -437.000000, avanceR = 2.000000, avanceI = 2.000000
inc_x_r = 0.000000, inc_y_r = 1.000000, inc_x_i = 1.000000, inc_y_i = 1.000000
En el else......

----------------------------------------
x = 26.000000, y = 213.000000
avance = -435.000000, avanceR = 2.000000, avanceI = 2.000000
inc_x_r = 0.000000, inc_y_r = 1.000000, inc_x_i = 1.000000, inc_y_i = 1.000000
En el else......

----------------------------------------
x = 26.000000, y = 214.000000
avance = -433.000000, avanceR = 2.000000, avanceI = 2.000000
inc_x_r = 0.000000, inc_y_r = 1.000000, inc_x_i = 1.000000, inc_y_i = 1.000000
En el else......

----------------------------------------
x = 26.000000, y = 215.000000
avance = -431.000000, avanceR = 2.000000, avanceI = 2.000000
inc_x_r = 0.000000, inc_y_r = 1.000000, inc_x_i = 1.000000, inc_y_i = 1.000000
En el else......

----------------------------------------
x = 26.000000, y = 216.000000
avance = -429.000000, avanceR = 2.000000, avanceI = 2.000000
inc_x_r = 0.000000, inc_y_r = 1.000000, inc_x_i = 1.000000, inc_y_i = 1.000000
En el else......

----------------------------------------
x = 26.000000, y = 217.000000
avance = -427.000000, avanceR = 2.000000, avanceI = 2.000000
inc_x_r = 0.000000, inc_y_r = 1.000000, inc_x_i = 1.000000, inc_y_i = 1.000000
En el else......

----------------------------------------
x = 26.000000, y = 218.000000
avance = -425.000000, avanceR = 2.000000, avanceI = 2.000000
inc_x_r = 0.000000, inc_y_r = 1.000000, inc_x_i = 1.000000, inc_y_i = 1.000000
En el else......

----------------------------------------
x = 26.000000, y = 219.000000
avance = -423.000000, avanceR = 2.000000, avanceI = 2.000000
inc_x_r = 0.000000, inc_y_r = 1.000000, inc_x_i = 1.000000, inc_y_i = 1.000000
En el else......

----------------------------------------
x = 26.000000, y = 220.000000
avance = -421.000000, avanceR = 2.000000, avanceI = 2.000000
inc_x_r = 0.000000, inc_y_r = 1.000000, inc_x_i = 1.000000, inc_y_i = 1.000000
En el else......

----------------------------------------
x = 26.000000, y = 221.000000
avance = -419.000000, avanceR = 2.000000, avanceI = 2.000000
inc_x_r = 0.000000, inc_y_r = 1.000000, inc_x_i = 1.000000, inc_y_i = 1.000000
En el else......

----------------------------------------
x = 26.000000, y = 222.000000
avance = -417.000000, avanceR = 2.000000, avanceI = 2.000000
inc_x_r = 0.000000, inc_y_r = 1.000000, inc_x_i = 1.000000, inc_y_i = 1.000000
En el else......

----------------------------------------
x = 26.000000, y = 223.000000
avance = -415.000000, avanceR = 2.000000, avanceI = 2.000000
inc_x_r = 0.000000, inc_y_r = 1.000000, inc_x_i = 1.000000, inc_y_i = 1.000000
En el else......

----------------------------------------
x = 26.000000, y = 224.000000
avance = -413.000000, avanceR = 2.000000, avanceI = 2.000000
inc_x_r = 0.000000, inc_y_r = 1.000000, inc_x_i = 1.000000, inc_y_i = 1.000000
En el else......

----------------------------------------
x = 26.000000, y = 225.000000
avance = -411.000000, avanceR = 2.000000, avanceI = 2.000000
inc_x_r = 0.000000, inc_y_r = 1.000000, inc_x_i = 1.000000, inc_y_i = 1.000000
En el else......

----------------------------------------
x = 26.000000, y = 226.000000
avance = -409.000000, avanceR = 2.000000, avanceI = 2.000000
inc_x_r = 0.000000, inc_y_r = 1.000000, inc_x_i = 1.000000, inc_y_i = 1.000000
En el else......

----------------------------------------
x = 26.000000, y = 227.000000
avance = -407.000000, avanceR = 2.000000, avanceI = 2.000000
inc_x_r = 0.000000, inc_y_r = 1.000000, inc_x_i = 1.000000, inc_y_i = 1.000000
En el else......

----------------------------------------
x = 26.000000, y = 228.000000
avance = -405.000000, avanceR = 2.000000, avanceI = 2.000000
inc_x_r = 0.000000, inc_y_r = 1.000000, inc_x_i = 1.000000, inc_y_i = 1.000000
En el else......

----------------------------------------
x = 26.000000, y = 229.000000
avance = -403.000000, avanceR = 2.000000, avanceI = 2.000000
inc_x_r = 0.000000, inc_y_r = 1.000000, inc_x_i = 1.000000, inc_y_i = 1.000000
En el else......

----------------------------------------
x = 26.000000, y = 230.000000
avance = -401.000000, avanceR = 2.000000, avanceI = 2.000000
inc_x_r = 0.000000, inc_y_r = 1.000000, inc_x_i = 1.000000, inc_y_i = 1.000000
En el else......

----------------------------------------
x = 26.000000, y = 231.000000
avance = -399.000000, avanceR = 2.000000, avanceI = 2.000000
inc_x_r = 0.000000, inc_y_r = 1.000000, inc_x_i = 1.000000, inc_y_i = 1.000000
En el else......

----------------------------------------
x = 26.000000, y = 232.000000
avance = -397.000000, avanceR = 2.000000, avanceI = 2.000000
inc_x_r = 0.000000, inc_y_r = 1.000000, inc_x_i = 1.000000, inc_y_i = 1.000000
En el else......

----------------------------------------
x = 26.000000, y = 233.000000
avance = -395.000000, avanceR = 2.000000, avanceI = 2.000000
inc_x_r = 0.000000, inc_y_r = 1.000000, inc_x_i = 1.000000, inc_y_i = 1.000000
En el else......

----------------------------------------
x = 26.000000, y = 234.000000
avance = -393.000000, avanceR = 2.000000, avanceI = 2.000000
inc_x_r = 0.000000, inc_y_r = 1.000000, inc_x_i = 1.000000, inc_y_i = 1.000000
En el else......

----------------------------------------
x = 26.000000, y = 235.000000
avance = -391.000000, avanceR = 2.000000, avanceI = 2.000000
inc_x_r = 0.000000, inc_y_r = 1.000000, inc_x_i = 1.000000, inc_y_i = 1.000000
En el else......

----------------------------------------
x = 26.000000, y = 236.000000
avance = -389.000000, avanceR = 2.000000, avanceI = 2.000000
inc_x_r = 0.000000, inc_y_r = 1.000000, inc_x_i = 1.000000, inc_y_i = 1.000000
En el else......

----------------------------------------
x = 26.000000, y = 237.000000
avance = -387.000000, avanceR = 2.000000, avanceI = 2.000000
inc_x_r = 0.000000, inc_y_r = 1.000000, inc_x_i = 1.000000, inc_y_i = 1.000000
En el else......

----------------------------------------
x = 26.000000, y = 238.000000
avance = -385.000000, avanceR = 2.000000, avanceI = 2.000000
inc_x_r = 0.000000, inc_y_r = 1.000000, inc_x_i = 1.000000, inc_y_i = 1.000000
En el else......

----------------------------------------
x = 26.000000, y = 239.000000
avance = -383.000000, avanceR = 2.000000, avanceI = 2.000000
inc_x_r = 0.000000, inc_y_r = 1.000000, inc_x_i = 1.000000, inc_y_i = 1.000000
En el else......

----------------------------------------
x = 26.000000, y = 240.000000
avance = -381.000000, avanceR = 2.000000, avanceI = 2.000000
inc_x_r = 0.000000, inc_y_r = 1.000000, inc_x_i = 1.000000, inc_y_i = 1.000000
En el else......

----------------------------------------
x = 26.000000, y = 241.000000
avance = -379.000000, avanceR = 2.000000, avanceI = 2.000000
inc_x_r = 0.000000, inc_y_r = 1.000000, inc_x_i = 1.000000, inc_y_i = 1.000000
En el else......

----------------------------------------
x = 26.000000, y = 242.000000
avance = -377.000000, avanceR = 2.000000, avanceI = 2.000000
inc_x_r = 0.000000, inc_y_r = 1.000000, inc_x_i = 1.000000, inc_y_i = 1.000000
En el else......

----------------------------------------
x = 26.000000, y = 243.000000
avance = -375.000000, avanceR = 2.000000, avanceI = 2.000000
inc_x_r = 0.000000, inc_y_r = 1.000000, inc_x_i = 1.000000, inc_y_i = 1.000000
En el else......

----------------------------------------
x = 26.000000, y = 244.000000
avance = -373.000000, avanceR = 2.000000, avanceI = 2.000000
inc_x_r = 0.000000, inc_y_r = 1.000000, inc_x_i = 1.000000, inc_y_i = 1.000000
En el else......

----------------------------------------
x = 26.000000, y = 245.000000
avance = -371.000000, avanceR = 2.000000, avanceI = 2.000000
inc_x_r = 0.000000, inc_y_r = 1.000000, inc_x_i = 1.000000, inc_y_i = 1.000000
En el else......

----------------------------------------
x = 26.000000, y = 246.000000
avance = -369.000000, avanceR = 2.000000, avanceI = 2.000000
inc_x_r = 0.000000, inc_y_r = 1.000000, inc_x_i = 1.000000, inc_y_i = 1.000000
En el else......

----------------------------------------
x = 26.000000, y = 247.000000
avance = -367.000000, avanceR = 2.000000, avanceI = 2.000000
inc_x_r = 0.000000, inc_y_r = 1.000000, inc_x_i = 1.000000, inc_y_i = 1.000000
En el else......

----------------------------------------
x = 26.000000, y = 248.000000
avance = -365.000000, avanceR = 2.000000, avanceI = 2.000000
inc_x_r = 0.000000, inc_y_r = 1.000000, inc_x_i = 1.000000, inc_y_i = 1.000000
En el else......

----------------------------------------
x = 26.000000, y = 249.000000
avance = -363.000000, avanceR = 2.000000, avanceI = 2.000000
inc_x_r = 0.000000, inc_y_r = 1.000000, inc_x_i = 1.000000, inc_y_i = 1.000000
En el else......

----------------------------------------
x = 26.000000, y = 250.000000
avance = -361.000000, avanceR = 2.000000, avanceI = 2.000000
inc_x_r = 0.000000, inc_y_r = 1.000000, inc_x_i = 1.000000, inc_y_i = 1.000000
En el else......

----------------------------------------
x = 26.000000, y = 251.000000
avance = -359.000000, avanceR = 2.000000, avanceI = 2.000000
inc_x_r = 0.000000, inc_y_r = 1.000000, inc_x_i = 1.000000, inc_y_i = 1.000000
En el else......

----------------------------------------
x = 26.000000, y = 252.000000
avance = -357.000000, avanceR = 2.000000, avanceI = 2.000000
inc_x_r = 0.000000, inc_y_r = 1.000000, inc_x_i = 1.000000, inc_y_i = 1.000000
En el else......

----------------------------------------
x = 26.000000, y = 253.000000
avance = -355.000000, avanceR = 2.000000, avanceI = 2.000000
inc_x_r = 0.000000, inc_y_r = 1.000000, inc_x_i = 1.000000, inc_y_i = 1.000000
En el else......

----------------------------------------
x = 26.000000, y = 254.000000
avance = -353.000000, avanceR = 2.000000, avanceI = 2.000000
inc_x_r = 0.000000, inc_y_r = 1.000000, inc_x_i = 1.000000, inc_y_i = 1.000000
En el else......

----------------------------------------
x = 26.000000, y = 255.000000
avance = -351.000000, avanceR = 2.000000, avanceI = 2.000000
inc_x_r = 0.000000, inc_y_r = 1.000000, inc_x_i = 1.000000, inc_y_i = 1.000000
En el else......

----------------------------------------
x = 26.000000, y = 256.000000
avance = -349.000000, avanceR = 2.000000, avanceI = 2.000000
inc_x_r = 0.000000, inc_y_r = 1.000000, inc_x_i = 1.000000, inc_y_i = 1.000000
En el else......

----------------------------------------
x = 26.000000, y = 257.000000
avance = -347.000000, avanceR = 2.000000, avanceI = 2.000000
inc_x_r = 0.000000, inc_y_r = 1.000000, inc_x_i = 1.000000, inc_y_i = 1.000000
En el else......

----------------------------------------
x = 26.000000, y = 258.000000
avance = -345.000000, avanceR = 2.000000, avanceI = 2.000000
inc_x_r = 0.000000, inc_y_r = 1.000000, inc_x_i = 1.000000, inc_y_i = 1.000000
En el else......

----------------------------------------
x = 26.000000, y = 259.000000
avance = -343.000000, avanceR = 2.000000, avanceI = 2.000000
inc_x_r = 0.000000, inc_y_r = 1.000000, inc_x_i = 1.000000, inc_y_i = 1.000000
En el else......

----------------------------------------
x = 26.000000, y = 260.000000
avance = -341.000000, avanceR = 2.000000, avanceI = 2.000000
inc_x_r = 0.000000, inc_y_r = 1.000000, inc_x_i = 1.000000, inc_y_i = 1.000000
En el else......

----------------------------------------
x = 26.000000, y = 261.000000
avance = -339.000000, avanceR = 2.000000, avanceI = 2.000000
inc_x_r = 0.000000, inc_y_r = 1.000000, inc_x_i = 1.000000, inc_y_i = 1.000000
En el else......

----------------------------------------
x = 26.000000, y = 262.000000
avance = -337.000000, avanceR = 2.000000, avanceI = 2.000000
inc_x_r = 0.000000, inc_y_r = 1.000000, inc_x_i = 1.000000, inc_y_i = 1.000000
En el else......

----------------------------------------
x = 26.000000, y = 263.000000
avance = -335.000000, avanceR = 2.000000, avanceI = 2.000000
inc_x_r = 0.000000, inc_y_r = 1.000000, inc_x_i = 1.000000, inc_y_i = 1.000000
En el else......

----------------------------------------
x = 26.000000, y = 264.000000
avance = -333.000000, avanceR = 2.000000, avanceI = 2.000000
inc_x_r = 0.000000, inc_y_r = 1.000000, inc_x_i = 1.000000, inc_y_i = 1.000000
En el else......

----------------------------------------
x = 26.000000, y = 265.000000
avance = -331.000000, avanceR = 2.000000, avanceI = 2.000000
inc_x_r = 0.000000, inc_y_r = 1.000000, inc_x_i = 1.000000, inc_y_i = 1.000000
En el else......

----------------------------------------
x = 26.000000, y = 266.000000
avance = -329.000000, avanceR = 2.000000, avanceI = 2.000000
inc_x_r = 0.000000, inc_y_r = 1.000000, inc_x_i = 1.000000, inc_y_i = 1.000000
En el else......

----------------------------------------
x = 26.000000, y = 267.000000
avance = -327.000000, avanceR = 2.000000, avanceI = 2.000000
inc_x_r = 0.000000, inc_y_r = 1.000000, inc_x_i = 1.000000, inc_y_i = 1.000000
En el else......

----------------------------------------
x = 26.000000, y = 268.000000
avance = -325.000000, avanceR = 2.000000, avanceI = 2.000000
inc_x_r = 0.000000, inc_y_r = 1.000000, inc_x_i = 1.000000, inc_y_i = 1.000000
En el else......

----------------------------------------
x = 26.000000, y = 269.000000
avance = -323.000000, avanceR = 2.000000, avanceI = 2.000000
inc_x_r = 0.000000, inc_y_r = 1.000000, inc_x_i = 1.000000, inc_y_i = 1.000000
En el else......

----------------------------------------
x = 26.000000, y = 270.000000
avance = -321.000000, avanceR = 2.000000, avanceI = 2.000000
inc_x_r = 0.000000, inc_y_r = 1.000000, inc_x_i = 1.000000, inc_y_i = 1.000000
En el else......

----------------------------------------
x = 26.000000, y = 271.000000
avance = -319.000000, avanceR = 2.000000, avanceI = 2.000000
inc_x_r = 0.000000, inc_y_r = 1.000000, inc_x_i = 1.000000, inc_y_i = 1.000000
En el else......

----------------------------------------
x = 26.000000, y = 272.000000
avance = -317.000000, avanceR = 2.000000, avanceI = 2.000000
inc_x_r = 0.000000, inc_y_r = 1.000000, inc_x_i = 1.000000, inc_y_i = 1.000000
En el else......

----------------------------------------
x = 26.000000, y = 273.000000
avance = -315.000000, avanceR = 2.000000, avanceI = 2.000000
inc_x_r = 0.000000, inc_y_r = 1.000000, inc_x_i = 1.000000, inc_y_i = 1.000000
En el else......

----------------------------------------
x = 26.000000, y = 274.000000
avance = -313.000000, avanceR = 2.000000, avanceI = 2.000000
inc_x_r = 0.000000, inc_y_r = 1.000000, inc_x_i = 1.000000, inc_y_i = 1.000000
En el else......

----------------------------------------
x = 26.000000, y = 275.000000
avance = -311.000000, avanceR = 2.000000, avanceI = 2.000000
inc_x_r = 0.000000, inc_y_r = 1.000000, inc_x_i = 1.000000, inc_y_i = 1.000000
En el else......

----------------------------------------
x = 26.000000, y = 276.000000
avance = -309.000000, avanceR = 2.000000, avanceI = 2.000000
inc_x_r = 0.000000, inc_y_r = 1.000000, inc_x_i = 1.000000, inc_y_i = 1.000000
En el else......

----------------------------------------
x = 26.000000, y = 277.000000
avance = -307.000000, avanceR = 2.000000, avanceI = 2.000000
inc_x_r = 0.000000, inc_y_r = 1.000000, inc_x_i = 1.000000, inc_y_i = 1.000000
En el else......

----------------------------------------
x = 26.000000, y = 278.000000
avance = -305.000000, avanceR = 2.000000, avanceI = 2.000000
inc_x_r = 0.000000, inc_y_r = 1.000000, inc_x_i = 1.000000, inc_y_i = 1.000000
En el else......

----------------------------------------
x = 26.000000, y = 279.000000
avance = -303.000000, avanceR = 2.000000, avanceI = 2.000000
inc_x_r = 0.000000, inc_y_r = 1.000000, inc_x_i = 1.000000, inc_y_i = 1.000000
En el else......

----------------------------------------
x = 26.000000, y = 280.000000
avance = -301.000000, avanceR = 2.000000, avanceI = 2.000000
inc_x_r = 0.000000, inc_y_r = 1.000000, inc_x_i = 1.000000, inc_y_i = 1.000000
En el else......

----------------------------------------
x = 26.000000, y = 281.000000
avance = -299.000000, avanceR = 2.000000, avanceI = 2.000000
inc_x_r = 0.000000, inc_y_r = 1.000000, inc_x_i = 1.000000, inc_y_i = 1.000000
En el else......

----------------------------------------
x = 26.000000, y = 282.000000
avance = -297.000000, avanceR = 2.000000, avanceI = 2.000000
inc_x_r = 0.000000, inc_y_r = 1.000000, inc_x_i = 1.000000, inc_y_i = 1.000000
En el else......

----------------------------------------
x = 26.000000, y = 283.000000
avance = -295.000000, avanceR = 2.000000, avanceI = 2.000000
inc_x_r = 0.000000, inc_y_r = 1.000000, inc_x_i = 1.000000, inc_y_i = 1.000000
En el else......

----------------------------------------
x = 26.000000, y = 284.000000
avance = -293.000000, avanceR = 2.000000, avanceI = 2.000000
inc_x_r = 0.000000, inc_y_r = 1.000000, inc_x_i = 1.000000, inc_y_i = 1.000000
En el else......

----------------------------------------
x = 26.000000, y = 285.000000
avance = -291.000000, avanceR = 2.000000, avanceI = 2.000000
inc_x_r = 0.000000, inc_y_r = 1.000000, inc_x_i = 1.000000, inc_y_i = 1.000000
En el else......

----------------------------------------
x = 26.000000, y = 286.000000
avance = -289.000000, avanceR = 2.000000, avanceI = 2.000000
inc_x_r = 0.000000, inc_y_r = 1.000000, inc_x_i = 1.000000, inc_y_i = 1.000000
En el else......

----------------------------------------
x = 26.000000, y = 287.000000
avance = -287.000000, avanceR = 2.000000, avanceI = 2.000000
inc_x_r = 0.000000, inc_y_r = 1.000000, inc_x_i = 1.000000, inc_y_i = 1.000000
En el else......

----------------------------------------
x = 26.000000, y = 288.000000
avance = -285.000000, avanceR = 2.000000, avanceI = 2.000000
inc_x_r = 0.000000, inc_y_r = 1.000000, inc_x_i = 1.000000, inc_y_i = 1.000000
En el else......

----------------------------------------
x = 26.000000, y = 289.000000
avance = -283.000000, avanceR = 2.000000, avanceI = 2.000000
inc_x_r = 0.000000, inc_y_r = 1.000000, inc_x_i = 1.000000, inc_y_i = 1.000000
En el else......

----------------------------------------
x = 26.000000, y = 290.000000
avance = -281.000000, avanceR = 2.000000, avanceI = 2.000000
inc_x_r = 0.000000, inc_y_r = 1.000000, inc_x_i = 1.000000, inc_y_i = 1.000000
En el else......

----------------------------------------
x = 26.000000, y = 291.000000
avance = -279.000000, avanceR = 2.000000, avanceI = 2.000000
inc_x_r = 0.000000, inc_y_r = 1.000000, inc_x_i = 1.000000, inc_y_i = 1.000000
En el else......

----------------------------------------
x = 26.000000, y = 292.000000
avance = -277.000000, avanceR = 2.000000, avanceI = 2.000000
inc_x_r = 0.000000, inc_y_r = 1.000000, inc_x_i = 1.000000, inc_y_i = 1.000000
En el else......

----------------------------------------
x = 26.000000, y = 293.000000
avance = -275.000000, avanceR = 2.000000, avanceI = 2.000000
inc_x_r = 0.000000, inc_y_r = 1.000000, inc_x_i = 1.000000, inc_y_i = 1.000000
En el else......

----------------------------------------
x = 26.000000, y = 294.000000
avance = -273.000000, avanceR = 2.000000, avanceI = 2.000000
inc_x_r = 0.000000, inc_y_r = 1.000000, inc_x_i = 1.000000, inc_y_i = 1.000000
En el else......

----------------------------------------
x = 26.000000, y = 295.000000
avance = -271.000000, avanceR = 2.000000, avanceI = 2.000000
inc_x_r = 0.000000, inc_y_r = 1.000000, inc_x_i = 1.000000, inc_y_i = 1.000000
En el else......

----------------------------------------
x = 26.000000, y = 296.000000
avance = -269.000000, avanceR = 2.000000, avanceI = 2.000000
inc_x_r = 0.000000, inc_y_r = 1.000000, inc_x_i = 1.000000, inc_y_i = 1.000000
En el else......

----------------------------------------
x = 26.000000, y = 297.000000
avance = -267.000000, avanceR = 2.000000, avanceI = 2.000000
inc_x_r = 0.000000, inc_y_r = 1.000000, inc_x_i = 1.000000, inc_y_i = 1.000000
En el else......

----------------------------------------
x = 26.000000, y = 298.000000
avance = -265.000000, avanceR = 2.000000, avanceI = 2.000000
inc_x_r = 0.000000, inc_y_r = 1.000000, inc_x_i = 1.000000, inc_y_i = 1.000000
En el else......

----------------------------------------
x = 26.000000, y = 299.000000
avance = -263.000000, avanceR = 2.000000, avanceI = 2.000000
inc_x_r = 0.000000, inc_y_r = 1.000000, inc_x_i = 1.000000, inc_y_i = 1.000000
En el else......

----------------------------------------
x = 26.000000, y = 300.000000
avance = -261.000000, avanceR = 2.000000, avanceI = 2.000000
inc_x_r = 0.000000, inc_y_r = 1.000000, inc_x_i = 1.000000, inc_y_i = 1.000000
En el else......

----------------------------------------
x = 26.000000, y = 301.000000
avance = -259.000000, avanceR = 2.000000, avanceI = 2.000000
inc_x_r = 0.000000, inc_y_r = 1.000000, inc_x_i = 1.000000, inc_y_i = 1.000000
En el else......

----------------------------------------
x = 26.000000, y = 302.000000
avance = -257.000000, avanceR = 2.000000, avanceI = 2.000000
inc_x_r = 0.000000, inc_y_r = 1.000000, inc_x_i = 1.000000, inc_y_i = 1.000000
En el else......

----------------------------------------
x = 26.000000, y = 303.000000
avance = -255.000000, avanceR = 2.000000, avanceI = 2.000000
inc_x_r = 0.000000, inc_y_r = 1.000000, inc_x_i = 1.000000, inc_y_i = 1.000000
En el else......

----------------------------------------
x = 26.000000, y = 304.000000
avance = -253.000000, avanceR = 2.000000, avanceI = 2.000000
inc_x_r = 0.000000, inc_y_r = 1.000000, inc_x_i = 1.000000, inc_y_i = 1.000000
En el else......

----------------------------------------
x = 26.000000, y = 305.000000
avance = -251.000000, avanceR = 2.000000, avanceI = 2.000000
inc_x_r = 0.000000, inc_y_r = 1.000000, inc_x_i = 1.000000, inc_y_i = 1.000000
En el else......

----------------------------------------


ENTRAMOS A BRESENHAMªªªª
x1 = 25.000000 - y1 = 55.000000 || x2 = 26.000000 - y2 = 306.000000
dy = 251.000000, dx = 1.000000
avances inclinados: inc_x_i = 1.000000, inc_y_i = 1.000000
updated: dy = 251.000000, dx = 1.000000
avances rectos: inc_x_r = 0.000000, inc_y_r 1.000000
reupdated: dy = 1.000000, dx = 251.000000
avanceR = 2.000000, avance -249.000000, avanceI 2.000000
----------------------------------------
x = 25.000000, y = 55.000000
avance = -249.000000, avanceR = 2.000000, avanceI = 2.000000
inc_x_r = 0.000000, inc_y_r = 1.000000, inc_x_i = 1.000000, inc_y_i = 1.000000
En el else......

----------------------------------------
x = 25.000000, y = 56.000000
avance = -247.000000, avanceR = 2.000000, avanceI = 2.000000
inc_x_r = 0.000000, inc_y_r = 1.000000, inc_x_i = 1.000000, inc_y_i = 1.000000
En el else......

----------------------------------------
x = 25.000000, y = 57.000000
avance = -245.000000, avanceR = 2.000000, avanceI = 2.000000
inc_x_r = 0.000000, inc_y_r = 1.000000, inc_x_i = 1.000000, inc_y_i = 1.000000
En el else......

----------------------------------------
x = 25.000000, y = 58.000000
avance = -243.000000, avanceR = 2.000000, avanceI = 2.000000
inc_x_r = 0.000000, inc_y_r = 1.000000, inc_x_i = 1.000000, inc_y_i = 1.000000
En el else......

----------------------------------------
x = 25.000000, y = 59.000000
avance = -241.000000, avanceR = 2.000000, avanceI = 2.000000
inc_x_r = 0.000000, inc_y_r = 1.000000, inc_x_i = 1.000000, inc_y_i = 1.000000
En el else......

----------------------------------------
x = 25.000000, y = 60.000000
avance = -239.000000, avanceR = 2.000000, avanceI = 2.000000
inc_x_r = 0.000000, inc_y_r = 1.000000, inc_x_i = 1.000000, inc_y_i = 1.000000
En el else......

----------------------------------------
x = 25.000000, y = 61.000000
avance = -237.000000, avanceR = 2.000000, avanceI = 2.000000
inc_x_r = 0.000000, inc_y_r = 1.000000, inc_x_i = 1.000000, inc_y_i = 1.000000
En el else......

----------------------------------------
x = 25.000000, y = 62.000000
avance = -235.000000, avanceR = 2.000000, avanceI = 2.000000
inc_x_r = 0.000000, inc_y_r = 1.000000, inc_x_i = 1.000000, inc_y_i = 1.000000
En el else......

----------------------------------------
x = 25.000000, y = 63.000000
avance = -233.000000, avanceR = 2.000000, avanceI = 2.000000
inc_x_r = 0.000000, inc_y_r = 1.000000, inc_x_i = 1.000000, inc_y_i = 1.000000
En el else......

----------------------------------------
x = 25.000000, y = 64.000000
avance = -231.000000, avanceR = 2.000000, avanceI = 2.000000
inc_x_r = 0.000000, inc_y_r = 1.000000, inc_x_i = 1.000000, inc_y_i = 1.000000
En el else......

----------------------------------------
x = 25.000000, y = 65.000000
avance = -229.000000, avanceR = 2.000000, avanceI = 2.000000
inc_x_r = 0.000000, inc_y_r = 1.000000, inc_x_i = 1.000000, inc_y_i = 1.000000
En el else......

----------------------------------------
x = 25.000000, y = 66.000000
avance = -227.000000, avanceR = 2.000000, avanceI = 2.000000
inc_x_r = 0.000000, inc_y_r = 1.000000, inc_x_i = 1.000000, inc_y_i = 1.000000
En el else......

----------------------------------------
x = 25.000000, y = 67.000000
avance = -225.000000, avanceR = 2.000000, avanceI = 2.000000
inc_x_r = 0.000000, inc_y_r = 1.000000, inc_x_i = 1.000000, inc_y_i = 1.000000
En el else......

----------------------------------------
x = 25.000000, y = 68.000000
avance = -223.000000, avanceR = 2.000000, avanceI = 2.000000
inc_x_r = 0.000000, inc_y_r = 1.000000, inc_x_i = 1.000000, inc_y_i = 1.000000
En el else......

----------------------------------------
x = 25.000000, y = 69.000000
avance = -221.000000, avanceR = 2.000000, avanceI = 2.000000
inc_x_r = 0.000000, inc_y_r = 1.000000, inc_x_i = 1.000000, inc_y_i = 1.000000
En el else......

----------------------------------------
x = 25.000000, y = 70.000000
avance = -219.000000, avanceR = 2.000000, avanceI = 2.000000
inc_x_r = 0.000000, inc_y_r = 1.000000, inc_x_i = 1.000000, inc_y_i = 1.000000
En el else......

----------------------------------------
x = 25.000000, y = 71.000000
avance = -217.000000, avanceR = 2.000000, avanceI = 2.000000
inc_x_r = 0.000000, inc_y_r = 1.000000, inc_x_i = 1.000000, inc_y_i = 1.000000
En el else......

----------------------------------------
x = 25.000000, y = 72.000000
avance = -215.000000, avanceR = 2.000000, avanceI = 2.000000
inc_x_r = 0.000000, inc_y_r = 1.000000, inc_x_i = 1.000000, inc_y_i = 1.000000
En el else......

----------------------------------------
x = 25.000000, y = 73.000000
avance = -213.000000, avanceR = 2.000000, avanceI = 2.000000
inc_x_r = 0.000000, inc_y_r = 1.000000, inc_x_i = 1.000000, inc_y_i = 1.000000
En el else......

----------------------------------------
x = 25.000000, y = 74.000000
avance = -211.000000, avanceR = 2.000000, avanceI = 2.000000
inc_x_r = 0.000000, inc_y_r = 1.000000, inc_x_i = 1.000000, inc_y_i = 1.000000
En el else......

----------------------------------------
x = 25.000000, y = 75.000000
avance = -209.000000, avanceR = 2.000000, avanceI = 2.000000
inc_x_r = 0.000000, inc_y_r = 1.000000, inc_x_i = 1.000000, inc_y_i = 1.000000
En el else......

----------------------------------------
x = 25.000000, y = 76.000000
avance = -207.000000, avanceR = 2.000000, avanceI = 2.000000
inc_x_r = 0.000000, inc_y_r = 1.000000, inc_x_i = 1.000000, inc_y_i = 1.000000
En el else......

----------------------------------------
x = 25.000000, y = 77.000000
avance = -205.000000, avanceR = 2.000000, avanceI = 2.000000
inc_x_r = 0.000000, inc_y_r = 1.000000, inc_x_i = 1.000000, inc_y_i = 1.000000
En el else......

----------------------------------------
x = 25.000000, y = 78.000000
avance = -203.000000, avanceR = 2.000000, avanceI = 2.000000
inc_x_r = 0.000000, inc_y_r = 1.000000, inc_x_i = 1.000000, inc_y_i = 1.000000
En el else......

----------------------------------------
x = 25.000000, y = 79.000000
avance = -201.000000, avanceR = 2.000000, avanceI = 2.000000
inc_x_r = 0.000000, inc_y_r = 1.000000, inc_x_i = 1.000000, inc_y_i = 1.000000
En el else......

----------------------------------------
x = 25.000000, y = 80.000000
avance = -199.000000, avanceR = 2.000000, avanceI = 2.000000
inc_x_r = 0.000000, inc_y_r = 1.000000, inc_x_i = 1.000000, inc_y_i = 1.000000
En el else......

----------------------------------------
x = 25.000000, y = 81.000000
avance = -197.000000, avanceR = 2.000000, avanceI = 2.000000
inc_x_r = 0.000000, inc_y_r = 1.000000, inc_x_i = 1.000000, inc_y_i = 1.000000
En el else......

----------------------------------------
x = 25.000000, y = 82.000000
avance = -195.000000, avanceR = 2.000000, avanceI = 2.000000
inc_x_r = 0.000000, inc_y_r = 1.000000, inc_x_i = 1.000000, inc_y_i = 1.000000
En el else......

----------------------------------------
x = 25.000000, y = 83.000000
avance = -193.000000, avanceR = 2.000000, avanceI = 2.000000
inc_x_r = 0.000000, inc_y_r = 1.000000, inc_x_i = 1.000000, inc_y_i = 1.000000
En el else......

----------------------------------------
x = 25.000000, y = 84.000000
avance = -191.000000, avanceR = 2.000000, avanceI = 2.000000
inc_x_r = 0.000000, inc_y_r = 1.000000, inc_x_i = 1.000000, inc_y_i = 1.000000
En el else......

----------------------------------------
x = 25.000000, y = 85.000000
avance = -189.000000, avanceR = 2.000000, avanceI = 2.000000
inc_x_r = 0.000000, inc_y_r = 1.000000, inc_x_i = 1.000000, inc_y_i = 1.000000
En el else......

----------------------------------------
x = 25.000000, y = 86.000000
avance = -187.000000, avanceR = 2.000000, avanceI = 2.000000
inc_x_r = 0.000000, inc_y_r = 1.000000, inc_x_i = 1.000000, inc_y_i = 1.000000
En el else......

----------------------------------------
x = 25.000000, y = 87.000000
avance = -185.000000, avanceR = 2.000000, avanceI = 2.000000
inc_x_r = 0.000000, inc_y_r = 1.000000, inc_x_i = 1.000000, inc_y_i = 1.000000
En el else......

----------------------------------------
x = 25.000000, y = 88.000000
avance = -183.000000, avanceR = 2.000000, avanceI = 2.000000
inc_x_r = 0.000000, inc_y_r = 1.000000, inc_x_i = 1.000000, inc_y_i = 1.000000
En el else......

----------------------------------------
x = 25.000000, y = 89.000000
avance = -181.000000, avanceR = 2.000000, avanceI = 2.000000
inc_x_r = 0.000000, inc_y_r = 1.000000, inc_x_i = 1.000000, inc_y_i = 1.000000
En el else......

----------------------------------------
x = 25.000000, y = 90.000000
avance = -179.000000, avanceR = 2.000000, avanceI = 2.000000
inc_x_r = 0.000000, inc_y_r = 1.000000, inc_x_i = 1.000000, inc_y_i = 1.000000
En el else......

----------------------------------------
x = 25.000000, y = 91.000000
avance = -177.000000, avanceR = 2.000000, avanceI = 2.000000
inc_x_r = 0.000000, inc_y_r = 1.000000, inc_x_i = 1.000000, inc_y_i = 1.000000
En el else......

----------------------------------------
x = 25.000000, y = 92.000000
avance = -175.000000, avanceR = 2.000000, avanceI = 2.000000
inc_x_r = 0.000000, inc_y_r = 1.000000, inc_x_i = 1.000000, inc_y_i = 1.000000
En el else......

----------------------------------------
x = 25.000000, y = 93.000000
avance = -173.000000, avanceR = 2.000000, avanceI = 2.000000
inc_x_r = 0.000000, inc_y_r = 1.000000, inc_x_i = 1.000000, inc_y_i = 1.000000
En el else......

----------------------------------------
x = 25.000000, y = 94.000000
avance = -171.000000, avanceR = 2.000000, avanceI = 2.000000
inc_x_r = 0.000000, inc_y_r = 1.000000, inc_x_i = 1.000000, inc_y_i = 1.000000
En el else......

----------------------------------------
x = 25.000000, y = 95.000000
avance = -169.000000, avanceR = 2.000000, avanceI = 2.000000
inc_x_r = 0.000000, inc_y_r = 1.000000, inc_x_i = 1.000000, inc_y_i = 1.000000
En el else......

----------------------------------------
x = 25.000000, y = 96.000000
avance = -167.000000, avanceR = 2.000000, avanceI = 2.000000
inc_x_r = 0.000000, inc_y_r = 1.000000, inc_x_i = 1.000000, inc_y_i = 1.000000
En el else......

----------------------------------------
x = 25.000000, y = 97.000000
avance = -165.000000, avanceR = 2.000000, avanceI = 2.000000
inc_x_r = 0.000000, inc_y_r = 1.000000, inc_x_i = 1.000000, inc_y_i = 1.000000
En el else......

----------------------------------------
x = 25.000000, y = 98.000000
avance = -163.000000, avanceR = 2.000000, avanceI = 2.000000
inc_x_r = 0.000000, inc_y_r = 1.000000, inc_x_i = 1.000000, inc_y_i = 1.000000
En el else......

----------------------------------------
x = 25.000000, y = 99.000000
avance = -161.000000, avanceR = 2.000000, avanceI = 2.000000
inc_x_r = 0.000000, inc_y_r = 1.000000, inc_x_i = 1.000000, inc_y_i = 1.000000
En el else......

----------------------------------------
x = 25.000000, y = 100.000000
avance = -159.000000, avanceR = 2.000000, avanceI = 2.000000
inc_x_r = 0.000000, inc_y_r = 1.000000, inc_x_i = 1.000000, inc_y_i = 1.000000
En el else......

----------------------------------------
x = 25.000000, y = 101.000000
avance = -157.000000, avanceR = 2.000000, avanceI = 2.000000
inc_x_r = 0.000000, inc_y_r = 1.000000, inc_x_i = 1.000000, inc_y_i = 1.000000
En el else......

----------------------------------------
x = 25.000000, y = 102.000000
avance = -155.000000, avanceR = 2.000000, avanceI = 2.000000
inc_x_r = 0.000000, inc_y_r = 1.000000, inc_x_i = 1.000000, inc_y_i = 1.000000
En el else......

----------------------------------------
x = 25.000000, y = 103.000000
avance = -153.000000, avanceR = 2.000000, avanceI = 2.000000
inc_x_r = 0.000000, inc_y_r = 1.000000, inc_x_i = 1.000000, inc_y_i = 1.000000
En el else......

----------------------------------------
x = 25.000000, y = 104.000000
avance = -151.000000, avanceR = 2.000000, avanceI = 2.000000
inc_x_r = 0.000000, inc_y_r = 1.000000, inc_x_i = 1.000000, inc_y_i = 1.000000
En el else......

----------------------------------------
x = 25.000000, y = 105.000000
avance = -149.000000, avanceR = 2.000000, avanceI = 2.000000
inc_x_r = 0.000000, inc_y_r = 1.000000, inc_x_i = 1.000000, inc_y_i = 1.000000
En el else......

----------------------------------------
x = 25.000000, y = 106.000000
avance = -147.000000, avanceR = 2.000000, avanceI = 2.000000
inc_x_r = 0.000000, inc_y_r = 1.000000, inc_x_i = 1.000000, inc_y_i = 1.000000
En el else......

----------------------------------------
x = 25.000000, y = 107.000000
avance = -145.000000, avanceR = 2.000000, avanceI = 2.000000
inc_x_r = 0.000000, inc_y_r = 1.000000, inc_x_i = 1.000000, inc_y_i = 1.000000
En el else......

----------------------------------------
x = 25.000000, y = 108.000000
avance = -143.000000, avanceR = 2.000000, avanceI = 2.000000
inc_x_r = 0.000000, inc_y_r = 1.000000, inc_x_i = 1.000000, inc_y_i = 1.000000
En el else......

----------------------------------------
x = 25.000000, y = 109.000000
avance = -141.000000, avanceR = 2.000000, avanceI = 2.000000
inc_x_r = 0.000000, inc_y_r = 1.000000, inc_x_i = 1.000000, inc_y_i = 1.000000
En el else......

----------------------------------------
x = 25.000000, y = 110.000000
avance = -139.000000, avanceR = 2.000000, avanceI = 2.000000
inc_x_r = 0.000000, inc_y_r = 1.000000, inc_x_i = 1.000000, inc_y_i = 1.000000
En el else......

----------------------------------------
x = 25.000000, y = 111.000000
avance = -137.000000, avanceR = 2.000000, avanceI = 2.000000
inc_x_r = 0.000000, inc_y_r = 1.000000, inc_x_i = 1.000000, inc_y_i = 1.000000
En el else......

----------------------------------------
x = 25.000000, y = 112.000000
avance = -135.000000, avanceR = 2.000000, avanceI = 2.000000
inc_x_r = 0.000000, inc_y_r = 1.000000, inc_x_i = 1.000000, inc_y_i = 1.000000
En el else......

----------------------------------------
x = 25.000000, y = 113.000000
avance = -133.000000, avanceR = 2.000000, avanceI = 2.000000
inc_x_r = 0.000000, inc_y_r = 1.000000, inc_x_i = 1.000000, inc_y_i = 1.000000
En el else......

----------------------------------------
x = 25.000000, y = 114.000000
avance = -131.000000, avanceR = 2.000000, avanceI = 2.000000
inc_x_r = 0.000000, inc_y_r = 1.000000, inc_x_i = 1.000000, inc_y_i = 1.000000
En el else......

----------------------------------------
x = 25.000000, y = 115.000000
avance = -129.000000, avanceR = 2.000000, avanceI = 2.000000
inc_x_r = 0.000000, inc_y_r = 1.000000, inc_x_i = 1.000000, inc_y_i = 1.000000
En el else......

----------------------------------------
x = 25.000000, y = 116.000000
avance = -127.000000, avanceR = 2.000000, avanceI = 2.000000
inc_x_r = 0.000000, inc_y_r = 1.000000, inc_x_i = 1.000000, inc_y_i = 1.000000
En el else......

----------------------------------------
x = 25.000000, y = 117.000000
avance = -125.000000, avanceR = 2.000000, avanceI = 2.000000
inc_x_r = 0.000000, inc_y_r = 1.000000, inc_x_i = 1.000000, inc_y_i = 1.000000
En el else......

----------------------------------------
x = 25.000000, y = 118.000000
avance = -123.000000, avanceR = 2.000000, avanceI = 2.000000
inc_x_r = 0.000000, inc_y_r = 1.000000, inc_x_i = 1.000000, inc_y_i = 1.000000
En el else......

----------------------------------------
x = 25.000000, y = 119.000000
avance = -121.000000, avanceR = 2.000000, avanceI = 2.000000
inc_x_r = 0.000000, inc_y_r = 1.000000, inc_x_i = 1.000000, inc_y_i = 1.000000
En el else......

----------------------------------------
x = 25.000000, y = 120.000000
avance = -119.000000, avanceR = 2.000000, avanceI = 2.000000
inc_x_r = 0.000000, inc_y_r = 1.000000, inc_x_i = 1.000000, inc_y_i = 1.000000
En el else......

----------------------------------------
x = 25.000000, y = 121.000000
avance = -117.000000, avanceR = 2.000000, avanceI = 2.000000
inc_x_r = 0.000000, inc_y_r = 1.000000, inc_x_i = 1.000000, inc_y_i = 1.000000
En el else......

----------------------------------------
x = 25.000000, y = 122.000000
avance = -115.000000, avanceR = 2.000000, avanceI = 2.000000
inc_x_r = 0.000000, inc_y_r = 1.000000, inc_x_i = 1.000000, inc_y_i = 1.000000
En el else......

----------------------------------------
x = 25.000000, y = 123.000000
avance = -113.000000, avanceR = 2.000000, avanceI = 2.000000
inc_x_r = 0.000000, inc_y_r = 1.000000, inc_x_i = 1.000000, inc_y_i = 1.000000
En el else......

----------------------------------------
x = 25.000000, y = 124.000000
avance = -111.000000, avanceR = 2.000000, avanceI = 2.000000
inc_x_r = 0.000000, inc_y_r = 1.000000, inc_x_i = 1.000000, inc_y_i = 1.000000
En el else......

----------------------------------------
x = 25.000000, y = 125.000000
avance = -109.000000, avanceR = 2.000000, avanceI = 2.000000
inc_x_r = 0.000000, inc_y_r = 1.000000, inc_x_i = 1.000000, inc_y_i = 1.000000
En el else......

----------------------------------------
x = 25.000000, y = 126.000000
avance = -107.000000, avanceR = 2.000000, avanceI = 2.000000
inc_x_r = 0.000000, inc_y_r = 1.000000, inc_x_i = 1.000000, inc_y_i = 1.000000
En el else......

----------------------------------------
x = 25.000000, y = 127.000000
avance = -105.000000, avanceR = 2.000000, avanceI = 2.000000
inc_x_r = 0.000000, inc_y_r = 1.000000, inc_x_i = 1.000000, inc_y_i = 1.000000
En el else......

----------------------------------------
x = 25.000000, y = 128.000000
avance = -103.000000, avanceR = 2.000000, avanceI = 2.000000
inc_x_r = 0.000000, inc_y_r = 1.000000, inc_x_i = 1.000000, inc_y_i = 1.000000
En el else......

----------------------------------------
x = 25.000000, y = 129.000000
avance = -101.000000, avanceR = 2.000000, avanceI = 2.000000
inc_x_r = 0.000000, inc_y_r = 1.000000, inc_x_i = 1.000000, inc_y_i = 1.000000
En el else......

----------------------------------------
x = 25.000000, y = 130.000000
avance = -99.000000, avanceR = 2.000000, avanceI = 2.000000
inc_x_r = 0.000000, inc_y_r = 1.000000, inc_x_i = 1.000000, inc_y_i = 1.000000
En el else......

----------------------------------------
x = 25.000000, y = 131.000000
avance = -97.000000, avanceR = 2.000000, avanceI = 2.000000
inc_x_r = 0.000000, inc_y_r = 1.000000, inc_x_i = 1.000000, inc_y_i = 1.000000
En el else......

----------------------------------------
x = 25.000000, y = 132.000000
avance = -95.000000, avanceR = 2.000000, avanceI = 2.000000
inc_x_r = 0.000000, inc_y_r = 1.000000, inc_x_i = 1.000000, inc_y_i = 1.000000
En el else......

----------------------------------------
x = 25.000000, y = 133.000000
avance = -93.000000, avanceR = 2.000000, avanceI = 2.000000
inc_x_r = 0.000000, inc_y_r = 1.000000, inc_x_i = 1.000000, inc_y_i = 1.000000
En el else......

----------------------------------------
x = 25.000000, y = 134.000000
avance = -91.000000, avanceR = 2.000000, avanceI = 2.000000
inc_x_r = 0.000000, inc_y_r = 1.000000, inc_x_i = 1.000000, inc_y_i = 1.000000
En el else......

----------------------------------------
x = 25.000000, y = 135.000000
avance = -89.000000, avanceR = 2.000000, avanceI = 2.000000
inc_x_r = 0.000000, inc_y_r = 1.000000, inc_x_i = 1.000000, inc_y_i = 1.000000
En el else......

----------------------------------------
x = 25.000000, y = 136.000000
avance = -87.000000, avanceR = 2.000000, avanceI = 2.000000
inc_x_r = 0.000000, inc_y_r = 1.000000, inc_x_i = 1.000000, inc_y_i = 1.000000
En el else......

----------------------------------------
x = 25.000000, y = 137.000000
avance = -85.000000, avanceR = 2.000000, avanceI = 2.000000
inc_x_r = 0.000000, inc_y_r = 1.000000, inc_x_i = 1.000000, inc_y_i = 1.000000
En el else......

----------------------------------------
x = 25.000000, y = 138.000000
avance = -83.000000, avanceR = 2.000000, avanceI = 2.000000
inc_x_r = 0.000000, inc_y_r = 1.000000, inc_x_i = 1.000000, inc_y_i = 1.000000
En el else......

----------------------------------------
x = 25.000000, y = 139.000000
avance = -81.000000, avanceR = 2.000000, avanceI = 2.000000
inc_x_r = 0.000000, inc_y_r = 1.000000, inc_x_i = 1.000000, inc_y_i = 1.000000
En el else......

----------------------------------------
x = 25.000000, y = 140.000000
avance = -79.000000, avanceR = 2.000000, avanceI = 2.000000
inc_x_r = 0.000000, inc_y_r = 1.000000, inc_x_i = 1.000000, inc_y_i = 1.000000
En el else......

----------------------------------------
x = 25.000000, y = 141.000000
avance = -77.000000, avanceR = 2.000000, avanceI = 2.000000
inc_x_r = 0.000000, inc_y_r = 1.000000, inc_x_i = 1.000000, inc_y_i = 1.000000
En el else......

----------------------------------------
x = 25.000000, y = 142.000000
avance = -75.000000, avanceR = 2.000000, avanceI = 2.000000
inc_x_r = 0.000000, inc_y_r = 1.000000, inc_x_i = 1.000000, inc_y_i = 1.000000
En el else......

----------------------------------------
x = 25.000000, y = 143.000000
avance = -73.000000, avanceR = 2.000000, avanceI = 2.000000
inc_x_r = 0.000000, inc_y_r = 1.000000, inc_x_i = 1.000000, inc_y_i = 1.000000
En el else......

----------------------------------------
x = 25.000000, y = 144.000000
avance = -71.000000, avanceR = 2.000000, avanceI = 2.000000
inc_x_r = 0.000000, inc_y_r = 1.000000, inc_x_i = 1.000000, inc_y_i = 1.000000
En el else......

----------------------------------------
x = 25.000000, y = 145.000000
avance = -69.000000, avanceR = 2.000000, avanceI = 2.000000
inc_x_r = 0.000000, inc_y_r = 1.000000, inc_x_i = 1.000000, inc_y_i = 1.000000
En el else......

----------------------------------------
x = 25.000000, y = 146.000000
avance = -67.000000, avanceR = 2.000000, avanceI = 2.000000
inc_x_r = 0.000000, inc_y_r = 1.000000, inc_x_i = 1.000000, inc_y_i = 1.000000
En el else......

----------------------------------------
x = 25.000000, y = 147.000000
avance = -65.000000, avanceR = 2.000000, avanceI = 2.000000
inc_x_r = 0.000000, inc_y_r = 1.000000, inc_x_i = 1.000000, inc_y_i = 1.000000
En el else......

----------------------------------------
x = 25.000000, y = 148.000000
avance = -63.000000, avanceR = 2.000000, avanceI = 2.000000
inc_x_r = 0.000000, inc_y_r = 1.000000, inc_x_i = 1.000000, inc_y_i = 1.000000
En el else......

----------------------------------------
x = 25.000000, y = 149.000000
avance = -61.000000, avanceR = 2.000000, avanceI = 2.000000
inc_x_r = 0.000000, inc_y_r = 1.000000, inc_x_i = 1.000000, inc_y_i = 1.000000
En el else......

----------------------------------------
x = 25.000000, y = 150.000000
avance = -59.000000, avanceR = 2.000000, avanceI = 2.000000
inc_x_r = 0.000000, inc_y_r = 1.000000, inc_x_i = 1.000000, inc_y_i = 1.000000
En el else......

----------------------------------------
x = 25.000000, y = 151.000000
avance = -57.000000, avanceR = 2.000000, avanceI = 2.000000
inc_x_r = 0.000000, inc_y_r = 1.000000, inc_x_i = 1.000000, inc_y_i = 1.000000
En el else......

----------------------------------------
x = 25.000000, y = 152.000000
avance = -55.000000, avanceR = 2.000000, avanceI = 2.000000
inc_x_r = 0.000000, inc_y_r = 1.000000, inc_x_i = 1.000000, inc_y_i = 1.000000
En el else......

----------------------------------------
x = 25.000000, y = 153.000000
avance = -53.000000, avanceR = 2.000000, avanceI = 2.000000
inc_x_r = 0.000000, inc_y_r = 1.000000, inc_x_i = 1.000000, inc_y_i = 1.000000
En el else......

----------------------------------------
x = 25.000000, y = 154.000000
avance = -51.000000, avanceR = 2.000000, avanceI = 2.000000
inc_x_r = 0.000000, inc_y_r = 1.000000, inc_x_i = 1.000000, inc_y_i = 1.000000
En el else......

----------------------------------------
x = 25.000000, y = 155.000000
avance = -49.000000, avanceR = 2.000000, avanceI = 2.000000
inc_x_r = 0.000000, inc_y_r = 1.000000, inc_x_i = 1.000000, inc_y_i = 1.000000
En el else......

----------------------------------------
x = 25.000000, y = 156.000000
avance = -47.000000, avanceR = 2.000000, avanceI = 2.000000
inc_x_r = 0.000000, inc_y_r = 1.000000, inc_x_i = 1.000000, inc_y_i = 1.000000
En el else......

----------------------------------------
x = 25.000000, y = 157.000000
avance = -45.000000, avanceR = 2.000000, avanceI = 2.000000
inc_x_r = 0.000000, inc_y_r = 1.000000, inc_x_i = 1.000000, inc_y_i = 1.000000
En el else......

----------------------------------------
x = 25.000000, y = 158.000000
avance = -43.000000, avanceR = 2.000000, avanceI = 2.000000
inc_x_r = 0.000000, inc_y_r = 1.000000, inc_x_i = 1.000000, inc_y_i = 1.000000
En el else......

----------------------------------------
x = 25.000000, y = 159.000000
avance = -41.000000, avanceR = 2.000000, avanceI = 2.000000
inc_x_r = 0.000000, inc_y_r = 1.000000, inc_x_i = 1.000000, inc_y_i = 1.000000
En el else......

----------------------------------------
x = 25.000000, y = 160.000000
avance = -39.000000, avanceR = 2.000000, avanceI = 2.000000
inc_x_r = 0.000000, inc_y_r = 1.000000, inc_x_i = 1.000000, inc_y_i = 1.000000
En el else......

----------------------------------------
x = 25.000000, y = 161.000000
avance = -37.000000, avanceR = 2.000000, avanceI = 2.000000
inc_x_r = 0.000000, inc_y_r = 1.000000, inc_x_i = 1.000000, inc_y_i = 1.000000
En el else......

----------------------------------------
x = 25.000000, y = 162.000000
avance = -35.000000, avanceR = 2.000000, avanceI = 2.000000
inc_x_r = 0.000000, inc_y_r = 1.000000, inc_x_i = 1.000000, inc_y_i = 1.000000
En el else......

----------------------------------------
x = 25.000000, y = 163.000000
avance = -33.000000, avanceR = 2.000000, avanceI = 2.000000
inc_x_r = 0.000000, inc_y_r = 1.000000, inc_x_i = 1.000000, inc_y_i = 1.000000
En el else......

----------------------------------------
x = 25.000000, y = 164.000000
avance = -31.000000, avanceR = 2.000000, avanceI = 2.000000
inc_x_r = 0.000000, inc_y_r = 1.000000, inc_x_i = 1.000000, inc_y_i = 1.000000
En el else......

----------------------------------------
x = 25.000000, y = 165.000000
avance = -29.000000, avanceR = 2.000000, avanceI = 2.000000
inc_x_r = 0.000000, inc_y_r = 1.000000, inc_x_i = 1.000000, inc_y_i = 1.000000
En el else......

----------------------------------------
x = 25.000000, y = 166.000000
avance = -27.000000, avanceR = 2.000000, avanceI = 2.000000
inc_x_r = 0.000000, inc_y_r = 1.000000, inc_x_i = 1.000000, inc_y_i = 1.000000
En el else......

----------------------------------------
x = 25.000000, y = 167.000000
avance = -25.000000, avanceR = 2.000000, avanceI = 2.000000
inc_x_r = 0.000000, inc_y_r = 1.000000, inc_x_i = 1.000000, inc_y_i = 1.000000
En el else......

----------------------------------------
x = 25.000000, y = 168.000000
avance = -23.000000, avanceR = 2.000000, avanceI = 2.000000
inc_x_r = 0.000000, inc_y_r = 1.000000, inc_x_i = 1.000000, inc_y_i = 1.000000
En el else......

----------------------------------------
x = 25.000000, y = 169.000000
avance = -21.000000, avanceR = 2.000000, avanceI = 2.000000
inc_x_r = 0.000000, inc_y_r = 1.000000, inc_x_i = 1.000000, inc_y_i = 1.000000
En el else......

----------------------------------------
x = 25.000000, y = 170.000000
avance = -19.000000, avanceR = 2.000000, avanceI = 2.000000
inc_x_r = 0.000000, inc_y_r = 1.000000, inc_x_i = 1.000000, inc_y_i = 1.000000
En el else......

----------------------------------------
x = 25.000000, y = 171.000000
avance = -17.000000, avanceR = 2.000000, avanceI = 2.000000
inc_x_r = 0.000000, inc_y_r = 1.000000, inc_x_i = 1.000000, inc_y_i = 1.000000
En el else......

----------------------------------------
x = 25.000000, y = 172.000000
avance = -15.000000, avanceR = 2.000000, avanceI = 2.000000
inc_x_r = 0.000000, inc_y_r = 1.000000, inc_x_i = 1.000000, inc_y_i = 1.000000
En el else......

----------------------------------------
x = 25.000000, y = 173.000000
avance = -13.000000, avanceR = 2.000000, avanceI = 2.000000
inc_x_r = 0.000000, inc_y_r = 1.000000, inc_x_i = 1.000000, inc_y_i = 1.000000
En el else......

----------------------------------------
x = 25.000000, y = 174.000000
avance = -11.000000, avanceR = 2.000000, avanceI = 2.000000
inc_x_r = 0.000000, inc_y_r = 1.000000, inc_x_i = 1.000000, inc_y_i = 1.000000
En el else......

----------------------------------------
x = 25.000000, y = 175.000000
avance = -9.000000, avanceR = 2.000000, avanceI = 2.000000
inc_x_r = 0.000000, inc_y_r = 1.000000, inc_x_i = 1.000000, inc_y_i = 1.000000
En el else......

----------------------------------------
x = 25.000000, y = 176.000000
avance = -7.000000, avanceR = 2.000000, avanceI = 2.000000
inc_x_r = 0.000000, inc_y_r = 1.000000, inc_x_i = 1.000000, inc_y_i = 1.000000
En el else......

----------------------------------------
x = 25.000000, y = 177.000000
avance = -5.000000, avanceR = 2.000000, avanceI = 2.000000
inc_x_r = 0.000000, inc_y_r = 1.000000, inc_x_i = 1.000000, inc_y_i = 1.000000
En el else......

----------------------------------------
x = 25.000000, y = 178.000000
avance = -3.000000, avanceR = 2.000000, avanceI = 2.000000
inc_x_r = 0.000000, inc_y_r = 1.000000, inc_x_i = 1.000000, inc_y_i = 1.000000
En el else......

----------------------------------------
x = 25.000000, y = 179.000000
avance = -1.000000, avanceR = 2.000000, avanceI = 2.000000
inc_x_r = 0.000000, inc_y_r = 1.000000, inc_x_i = 1.000000, inc_y_i = 1.000000
En el else......

----------------------------------------
x = 25.000000, y = 180.000000
avance = 1.000000, avanceR = 2.000000, avanceI = 2.000000
inc_x_r = 0.000000, inc_y_r = 1.000000, inc_x_i = 1.000000, inc_y_i = 1.000000
avance >= 0

----------------------------------------
x = 26.000000, y = 181.000000
avance = -499.000000, avanceR = 2.000000, avanceI = 2.000000
inc_x_r = 0.000000, inc_y_r = 1.000000, inc_x_i = 1.000000, inc_y_i = 1.000000
En el else......

----------------------------------------
x = 26.000000, y = 182.000000
avance = -497.000000, avanceR = 2.000000, avanceI = 2.000000
inc_x_r = 0.000000, inc_y_r = 1.000000, inc_x_i = 1.000000, inc_y_i = 1.000000
En el else......

----------------------------------------
x = 26.000000, y = 183.000000
avance = -495.000000, avanceR = 2.000000, avanceI = 2.000000
inc_x_r = 0.000000, inc_y_r = 1.000000, inc_x_i = 1.000000, inc_y_i = 1.000000
En el else......

----------------------------------------
x = 26.000000, y = 184.000000
avance = -493.000000, avanceR = 2.000000, avanceI = 2.000000
inc_x_r = 0.000000, inc_y_r = 1.000000, inc_x_i = 1.000000, inc_y_i = 1.000000
En el else......

----------------------------------------
x = 26.000000, y = 185.000000
avance = -491.000000, avanceR = 2.000000, avanceI = 2.000000
inc_x_r = 0.000000, inc_y_r = 1.000000, inc_x_i = 1.000000, inc_y_i = 1.000000
En el else......

----------------------------------------
x = 26.000000, y = 186.000000
avance = -489.000000, avanceR = 2.000000, avanceI = 2.000000
inc_x_r = 0.000000, inc_y_r = 1.000000, inc_x_i = 1.000000, inc_y_i = 1.000000
En el else......

----------------------------------------
x = 26.000000, y = 187.000000
avance = -487.000000, avanceR = 2.000000, avanceI = 2.000000
inc_x_r = 0.000000, inc_y_r = 1.000000, inc_x_i = 1.000000, inc_y_i = 1.000000
En el else......

----------------------------------------
x = 26.000000, y = 188.000000
avance = -485.000000, avanceR = 2.000000, avanceI = 2.000000
inc_x_r = 0.000000, inc_y_r = 1.000000, inc_x_i = 1.000000, inc_y_i = 1.000000
En el else......

----------------------------------------
x = 26.000000, y = 189.000000
avance = -483.000000, avanceR = 2.000000, avanceI = 2.000000
inc_x_r = 0.000000, inc_y_r = 1.000000, inc_x_i = 1.000000, inc_y_i = 1.000000
En el else......

----------------------------------------
x = 26.000000, y = 190.000000
avance = -481.000000, avanceR = 2.000000, avanceI = 2.000000
inc_x_r = 0.000000, inc_y_r = 1.000000, inc_x_i = 1.000000, inc_y_i = 1.000000
En el else......

----------------------------------------
x = 26.000000, y = 191.000000
avance = -479.000000, avanceR = 2.000000, avanceI = 2.000000
inc_x_r = 0.000000, inc_y_r = 1.000000, inc_x_i = 1.000000, inc_y_i = 1.000000
En el else......

----------------------------------------
x = 26.000000, y = 192.000000
avance = -477.000000, avanceR = 2.000000, avanceI = 2.000000
inc_x_r = 0.000000, inc_y_r = 1.000000, inc_x_i = 1.000000, inc_y_i = 1.000000
En el else......

----------------------------------------
x = 26.000000, y = 193.000000
avance = -475.000000, avanceR = 2.000000, avanceI = 2.000000
inc_x_r = 0.000000, inc_y_r = 1.000000, inc_x_i = 1.000000, inc_y_i = 1.000000
En el else......

----------------------------------------
x = 26.000000, y = 194.000000
avance = -473.000000, avanceR = 2.000000, avanceI = 2.000000
inc_x_r = 0.000000, inc_y_r = 1.000000, inc_x_i = 1.000000, inc_y_i = 1.000000
En el else......

----------------------------------------
x = 26.000000, y = 195.000000
avance = -471.000000, avanceR = 2.000000, avanceI = 2.000000
inc_x_r = 0.000000, inc_y_r = 1.000000, inc_x_i = 1.000000, inc_y_i = 1.000000
En el else......

----------------------------------------
x = 26.000000, y = 196.000000
avance = -469.000000, avanceR = 2.000000, avanceI = 2.000000
inc_x_r = 0.000000, inc_y_r = 1.000000, inc_x_i = 1.000000, inc_y_i = 1.000000
En el else......

----------------------------------------
x = 26.000000, y = 197.000000
avance = -467.000000, avanceR = 2.000000, avanceI = 2.000000
inc_x_r = 0.000000, inc_y_r = 1.000000, inc_x_i = 1.000000, inc_y_i = 1.000000
En el else......

----------------------------------------
x = 26.000000, y = 198.000000
avance = -465.000000, avanceR = 2.000000, avanceI = 2.000000
inc_x_r = 0.000000, inc_y_r = 1.000000, inc_x_i = 1.000000, inc_y_i = 1.000000
En el else......

----------------------------------------
x = 26.000000, y = 199.000000
avance = -463.000000, avanceR = 2.000000, avanceI = 2.000000
inc_x_r = 0.000000, inc_y_r = 1.000000, inc_x_i = 1.000000, inc_y_i = 1.000000
En el else......

----------------------------------------
x = 26.000000, y = 200.000000
avance = -461.000000, avanceR = 2.000000, avanceI = 2.000000
inc_x_r = 0.000000, inc_y_r = 1.000000, inc_x_i = 1.000000, inc_y_i = 1.000000
En el else......

----------------------------------------
x = 26.000000, y = 201.000000
avance = -459.000000, avanceR = 2.000000, avanceI = 2.000000
inc_x_r = 0.000000, inc_y_r = 1.000000, inc_x_i = 1.000000, inc_y_i = 1.000000
En el else......

----------------------------------------
x = 26.000000, y = 202.000000
avance = -457.000000, avanceR = 2.000000, avanceI = 2.000000
inc_x_r = 0.000000, inc_y_r = 1.000000, inc_x_i = 1.000000, inc_y_i = 1.000000
En el else......

----------------------------------------
x = 26.000000, y = 203.000000
avance = -455.000000, avanceR = 2.000000, avanceI = 2.000000
inc_x_r = 0.000000, inc_y_r = 1.000000, inc_x_i = 1.000000, inc_y_i = 1.000000
En el else......

----------------------------------------
x = 26.000000, y = 204.000000
avance = -453.000000, avanceR = 2.000000, avanceI = 2.000000
inc_x_r = 0.000000, inc_y_r = 1.000000, inc_x_i = 1.000000, inc_y_i = 1.000000
En el else......

----------------------------------------
x = 26.000000, y = 205.000000
avance = -451.000000, avanceR = 2.000000, avanceI = 2.000000
inc_x_r = 0.000000, inc_y_r = 1.000000, inc_x_i = 1.000000, inc_y_i = 1.000000
En el else......

----------------------------------------
x = 26.000000, y = 206.000000
avance = -449.000000, avanceR = 2.000000, avanceI = 2.000000
inc_x_r = 0.000000, inc_y_r = 1.000000, inc_x_i = 1.000000, inc_y_i = 1.000000
En el else......

----------------------------------------
x = 26.000000, y = 207.000000
avance = -447.000000, avanceR = 2.000000, avanceI = 2.000000
inc_x_r = 0.000000, inc_y_r = 1.000000, inc_x_i = 1.000000, inc_y_i = 1.000000
En el else......

----------------------------------------
x = 26.000000, y = 208.000000
avance = -445.000000, avanceR = 2.000000, avanceI = 2.000000
inc_x_r = 0.000000, inc_y_r = 1.000000, inc_x_i = 1.000000, inc_y_i = 1.000000
En el else......

----------------------------------------
x = 26.000000, y = 209.000000
avance = -443.000000, avanceR = 2.000000, avanceI = 2.000000
inc_x_r = 0.000000, inc_y_r = 1.000000, inc_x_i = 1.000000, inc_y_i = 1.000000
En el else......

----------------------------------------
x = 26.000000, y = 210.000000
avance = -441.000000, avanceR = 2.000000, avanceI = 2.000000
inc_x_r = 0.000000, inc_y_r = 1.000000, inc_x_i = 1.000000, inc_y_i = 1.000000
En el else......

----------------------------------------
x = 26.000000, y = 211.000000
avance = -439.000000, avanceR = 2.000000, avanceI = 2.000000
inc_x_r = 0.000000, inc_y_r = 1.000000, inc_x_i = 1.000000, inc_y_i = 1.000000
En el else......

----------------------------------------
x = 26.000000, y = 212.000000
avance = -437.000000, avanceR = 2.000000, avanceI = 2.000000
inc_x_r = 0.000000, inc_y_r = 1.000000, inc_x_i = 1.000000, inc_y_i = 1.000000
En el else......

----------------------------------------
x = 26.000000, y = 213.000000
avance = -435.000000, avanceR = 2.000000, avanceI = 2.000000
inc_x_r = 0.000000, inc_y_r = 1.000000, inc_x_i = 1.000000, inc_y_i = 1.000000
En el else......

----------------------------------------
x = 26.000000, y = 214.000000
avance = -433.000000, avanceR = 2.000000, avanceI = 2.000000
inc_x_r = 0.000000, inc_y_r = 1.000000, inc_x_i = 1.000000, inc_y_i = 1.000000
En el else......

----------------------------------------
x = 26.000000, y = 215.000000
avance = -431.000000, avanceR = 2.000000, avanceI = 2.000000
inc_x_r = 0.000000, inc_y_r = 1.000000, inc_x_i = 1.000000, inc_y_i = 1.000000
En el else......

----------------------------------------
x = 26.000000, y = 216.000000
avance = -429.000000, avanceR = 2.000000, avanceI = 2.000000
inc_x_r = 0.000000, inc_y_r = 1.000000, inc_x_i = 1.000000, inc_y_i = 1.000000
En el else......

----------------------------------------
x = 26.000000, y = 217.000000
avance = -427.000000, avanceR = 2.000000, avanceI = 2.000000
inc_x_r = 0.000000, inc_y_r = 1.000000, inc_x_i = 1.000000, inc_y_i = 1.000000
En el else......

----------------------------------------
x = 26.000000, y = 218.000000
avance = -425.000000, avanceR = 2.000000, avanceI = 2.000000
inc_x_r = 0.000000, inc_y_r = 1.000000, inc_x_i = 1.000000, inc_y_i = 1.000000
En el else......

----------------------------------------
x = 26.000000, y = 219.000000
avance = -423.000000, avanceR = 2.000000, avanceI = 2.000000
inc_x_r = 0.000000, inc_y_r = 1.000000, inc_x_i = 1.000000, inc_y_i = 1.000000
En el else......

----------------------------------------
x = 26.000000, y = 220.000000
avance = -421.000000, avanceR = 2.000000, avanceI = 2.000000
inc_x_r = 0.000000, inc_y_r = 1.000000, inc_x_i = 1.000000, inc_y_i = 1.000000
En el else......

----------------------------------------
x = 26.000000, y = 221.000000
avance = -419.000000, avanceR = 2.000000, avanceI = 2.000000
inc_x_r = 0.000000, inc_y_r = 1.000000, inc_x_i = 1.000000, inc_y_i = 1.000000
En el else......

----------------------------------------
x = 26.000000, y = 222.000000
avance = -417.000000, avanceR = 2.000000, avanceI = 2.000000
inc_x_r = 0.000000, inc_y_r = 1.000000, inc_x_i = 1.000000, inc_y_i = 1.000000
En el else......

----------------------------------------
x = 26.000000, y = 223.000000
avance = -415.000000, avanceR = 2.000000, avanceI = 2.000000
inc_x_r = 0.000000, inc_y_r = 1.000000, inc_x_i = 1.000000, inc_y_i = 1.000000
En el else......

----------------------------------------
x = 26.000000, y = 224.000000
avance = -413.000000, avanceR = 2.000000, avanceI = 2.000000
inc_x_r = 0.000000, inc_y_r = 1.000000, inc_x_i = 1.000000, inc_y_i = 1.000000
En el else......

----------------------------------------
x = 26.000000, y = 225.000000
avance = -411.000000, avanceR = 2.000000, avanceI = 2.000000
inc_x_r = 0.000000, inc_y_r = 1.000000, inc_x_i = 1.000000, inc_y_i = 1.000000
En el else......

----------------------------------------
x = 26.000000, y = 226.000000
avance = -409.000000, avanceR = 2.000000, avanceI = 2.000000
inc_x_r = 0.000000, inc_y_r = 1.000000, inc_x_i = 1.000000, inc_y_i = 1.000000
En el else......

----------------------------------------
x = 26.000000, y = 227.000000
avance = -407.000000, avanceR = 2.000000, avanceI = 2.000000
inc_x_r = 0.000000, inc_y_r = 1.000000, inc_x_i = 1.000000, inc_y_i = 1.000000
En el else......

----------------------------------------
x = 26.000000, y = 228.000000
avance = -405.000000, avanceR = 2.000000, avanceI = 2.000000
inc_x_r = 0.000000, inc_y_r = 1.000000, inc_x_i = 1.000000, inc_y_i = 1.000000
En el else......

----------------------------------------
x = 26.000000, y = 229.000000
avance = -403.000000, avanceR = 2.000000, avanceI = 2.000000
inc_x_r = 0.000000, inc_y_r = 1.000000, inc_x_i = 1.000000, inc_y_i = 1.000000
En el else......

----------------------------------------
x = 26.000000, y = 230.000000
avance = -401.000000, avanceR = 2.000000, avanceI = 2.000000
inc_x_r = 0.000000, inc_y_r = 1.000000, inc_x_i = 1.000000, inc_y_i = 1.000000
En el else......

----------------------------------------
x = 26.000000, y = 231.000000
avance = -399.000000, avanceR = 2.000000, avanceI = 2.000000
inc_x_r = 0.000000, inc_y_r = 1.000000, inc_x_i = 1.000000, inc_y_i = 1.000000
En el else......

----------------------------------------
x = 26.000000, y = 232.000000
avance = -397.000000, avanceR = 2.000000, avanceI = 2.000000
inc_x_r = 0.000000, inc_y_r = 1.000000, inc_x_i = 1.000000, inc_y_i = 1.000000
En el else......

----------------------------------------
x = 26.000000, y = 233.000000
avance = -395.000000, avanceR = 2.000000, avanceI = 2.000000
inc_x_r = 0.000000, inc_y_r = 1.000000, inc_x_i = 1.000000, inc_y_i = 1.000000
En el else......

----------------------------------------
x = 26.000000, y = 234.000000
avance = -393.000000, avanceR = 2.000000, avanceI = 2.000000
inc_x_r = 0.000000, inc_y_r = 1.000000, inc_x_i = 1.000000, inc_y_i = 1.000000
En el else......

----------------------------------------
x = 26.000000, y = 235.000000
avance = -391.000000, avanceR = 2.000000, avanceI = 2.000000
inc_x_r = 0.000000, inc_y_r = 1.000000, inc_x_i = 1.000000, inc_y_i = 1.000000
En el else......

----------------------------------------
x = 26.000000, y = 236.000000
avance = -389.000000, avanceR = 2.000000, avanceI = 2.000000
inc_x_r = 0.000000, inc_y_r = 1.000000, inc_x_i = 1.000000, inc_y_i = 1.000000
En el else......

----------------------------------------
x = 26.000000, y = 237.000000
avance = -387.000000, avanceR = 2.000000, avanceI = 2.000000
inc_x_r = 0.000000, inc_y_r = 1.000000, inc_x_i = 1.000000, inc_y_i = 1.000000
En el else......

----------------------------------------
x = 26.000000, y = 238.000000
avance = -385.000000, avanceR = 2.000000, avanceI = 2.000000
inc_x_r = 0.000000, inc_y_r = 1.000000, inc_x_i = 1.000000, inc_y_i = 1.000000
En el else......

----------------------------------------
x = 26.000000, y = 239.000000
avance = -383.000000, avanceR = 2.000000, avanceI = 2.000000
inc_x_r = 0.000000, inc_y_r = 1.000000, inc_x_i = 1.000000, inc_y_i = 1.000000
En el else......

----------------------------------------
x = 26.000000, y = 240.000000
avance = -381.000000, avanceR = 2.000000, avanceI = 2.000000
inc_x_r = 0.000000, inc_y_r = 1.000000, inc_x_i = 1.000000, inc_y_i = 1.000000
En el else......

----------------------------------------
x = 26.000000, y = 241.000000
avance = -379.000000, avanceR = 2.000000, avanceI = 2.000000
inc_x_r = 0.000000, inc_y_r = 1.000000, inc_x_i = 1.000000, inc_y_i = 1.000000
En el else......

----------------------------------------
x = 26.000000, y = 242.000000
avance = -377.000000, avanceR = 2.000000, avanceI = 2.000000
inc_x_r = 0.000000, inc_y_r = 1.000000, inc_x_i = 1.000000, inc_y_i = 1.000000
En el else......

----------------------------------------
x = 26.000000, y = 243.000000
avance = -375.000000, avanceR = 2.000000, avanceI = 2.000000
inc_x_r = 0.000000, inc_y_r = 1.000000, inc_x_i = 1.000000, inc_y_i = 1.000000
En el else......

----------------------------------------
x = 26.000000, y = 244.000000
avance = -373.000000, avanceR = 2.000000, avanceI = 2.000000
inc_x_r = 0.000000, inc_y_r = 1.000000, inc_x_i = 1.000000, inc_y_i = 1.000000
En el else......

----------------------------------------
x = 26.000000, y = 245.000000
avance = -371.000000, avanceR = 2.000000, avanceI = 2.000000
inc_x_r = 0.000000, inc_y_r = 1.000000, inc_x_i = 1.000000, inc_y_i = 1.000000
En el else......

----------------------------------------
x = 26.000000, y = 246.000000
avance = -369.000000, avanceR = 2.000000, avanceI = 2.000000
inc_x_r = 0.000000, inc_y_r = 1.000000, inc_x_i = 1.000000, inc_y_i = 1.000000
En el else......

----------------------------------------
x = 26.000000, y = 247.000000
avance = -367.000000, avanceR = 2.000000, avanceI = 2.000000
inc_x_r = 0.000000, inc_y_r = 1.000000, inc_x_i = 1.000000, inc_y_i = 1.000000
En el else......

----------------------------------------
x = 26.000000, y = 248.000000
avance = -365.000000, avanceR = 2.000000, avanceI = 2.000000
inc_x_r = 0.000000, inc_y_r = 1.000000, inc_x_i = 1.000000, inc_y_i = 1.000000
En el else......

----------------------------------------
x = 26.000000, y = 249.000000
avance = -363.000000, avanceR = 2.000000, avanceI = 2.000000
inc_x_r = 0.000000, inc_y_r = 1.000000, inc_x_i = 1.000000, inc_y_i = 1.000000
En el else......

----------------------------------------
x = 26.000000, y = 250.000000
avance = -361.000000, avanceR = 2.000000, avanceI = 2.000000
inc_x_r = 0.000000, inc_y_r = 1.000000, inc_x_i = 1.000000, inc_y_i = 1.000000
En el else......

----------------------------------------
x = 26.000000, y = 251.000000
avance = -359.000000, avanceR = 2.000000, avanceI = 2.000000
inc_x_r = 0.000000, inc_y_r = 1.000000, inc_x_i = 1.000000, inc_y_i = 1.000000
En el else......

----------------------------------------
x = 26.000000, y = 252.000000
avance = -357.000000, avanceR = 2.000000, avanceI = 2.000000
inc_x_r = 0.000000, inc_y_r = 1.000000, inc_x_i = 1.000000, inc_y_i = 1.000000
En el else......

----------------------------------------
x = 26.000000, y = 253.000000
avance = -355.000000, avanceR = 2.000000, avanceI = 2.000000
inc_x_r = 0.000000, inc_y_r = 1.000000, inc_x_i = 1.000000, inc_y_i = 1.000000
En el else......

----------------------------------------
x = 26.000000, y = 254.000000
avance = -353.000000, avanceR = 2.000000, avanceI = 2.000000
inc_x_r = 0.000000, inc_y_r = 1.000000, inc_x_i = 1.000000, inc_y_i = 1.000000
En el else......

----------------------------------------
x = 26.000000, y = 255.000000
avance = -351.000000, avanceR = 2.000000, avanceI = 2.000000
inc_x_r = 0.000000, inc_y_r = 1.000000, inc_x_i = 1.000000, inc_y_i = 1.000000
En el else......

----------------------------------------
x = 26.000000, y = 256.000000
avance = -349.000000, avanceR = 2.000000, avanceI = 2.000000
inc_x_r = 0.000000, inc_y_r = 1.000000, inc_x_i = 1.000000, inc_y_i = 1.000000
En el else......

----------------------------------------
x = 26.000000, y = 257.000000
avance = -347.000000, avanceR = 2.000000, avanceI = 2.000000
inc_x_r = 0.000000, inc_y_r = 1.000000, inc_x_i = 1.000000, inc_y_i = 1.000000
En el else......

----------------------------------------
x = 26.000000, y = 258.000000
avance = -345.000000, avanceR = 2.000000, avanceI = 2.000000
inc_x_r = 0.000000, inc_y_r = 1.000000, inc_x_i = 1.000000, inc_y_i = 1.000000
En el else......

----------------------------------------
x = 26.000000, y = 259.000000
avance = -343.000000, avanceR = 2.000000, avanceI = 2.000000
inc_x_r = 0.000000, inc_y_r = 1.000000, inc_x_i = 1.000000, inc_y_i = 1.000000
En el else......

----------------------------------------
x = 26.000000, y = 260.000000
avance = -341.000000, avanceR = 2.000000, avanceI = 2.000000
inc_x_r = 0.000000, inc_y_r = 1.000000, inc_x_i = 1.000000, inc_y_i = 1.000000
En el else......

----------------------------------------
x = 26.000000, y = 261.000000
avance = -339.000000, avanceR = 2.000000, avanceI = 2.000000
inc_x_r = 0.000000, inc_y_r = 1.000000, inc_x_i = 1.000000, inc_y_i = 1.000000
En el else......

----------------------------------------
x = 26.000000, y = 262.000000
avance = -337.000000, avanceR = 2.000000, avanceI = 2.000000
inc_x_r = 0.000000, inc_y_r = 1.000000, inc_x_i = 1.000000, inc_y_i = 1.000000
En el else......

----------------------------------------
x = 26.000000, y = 263.000000
avance = -335.000000, avanceR = 2.000000, avanceI = 2.000000
inc_x_r = 0.000000, inc_y_r = 1.000000, inc_x_i = 1.000000, inc_y_i = 1.000000
En el else......

----------------------------------------
x = 26.000000, y = 264.000000
avance = -333.000000, avanceR = 2.000000, avanceI = 2.000000
inc_x_r = 0.000000, inc_y_r = 1.000000, inc_x_i = 1.000000, inc_y_i = 1.000000
En el else......

----------------------------------------
x = 26.000000, y = 265.000000
avance = -331.000000, avanceR = 2.000000, avanceI = 2.000000
inc_x_r = 0.000000, inc_y_r = 1.000000, inc_x_i = 1.000000, inc_y_i = 1.000000
En el else......

----------------------------------------
x = 26.000000, y = 266.000000
avance = -329.000000, avanceR = 2.000000, avanceI = 2.000000
inc_x_r = 0.000000, inc_y_r = 1.000000, inc_x_i = 1.000000, inc_y_i = 1.000000
En el else......

----------------------------------------
x = 26.000000, y = 267.000000
avance = -327.000000, avanceR = 2.000000, avanceI = 2.000000
inc_x_r = 0.000000, inc_y_r = 1.000000, inc_x_i = 1.000000, inc_y_i = 1.000000
En el else......

----------------------------------------
x = 26.000000, y = 268.000000
avance = -325.000000, avanceR = 2.000000, avanceI = 2.000000
inc_x_r = 0.000000, inc_y_r = 1.000000, inc_x_i = 1.000000, inc_y_i = 1.000000
En el else......

----------------------------------------
x = 26.000000, y = 269.000000
avance = -323.000000, avanceR = 2.000000, avanceI = 2.000000
inc_x_r = 0.000000, inc_y_r = 1.000000, inc_x_i = 1.000000, inc_y_i = 1.000000
En el else......

----------------------------------------
x = 26.000000, y = 270.000000
avance = -321.000000, avanceR = 2.000000, avanceI = 2.000000
inc_x_r = 0.000000, inc_y_r = 1.000000, inc_x_i = 1.000000, inc_y_i = 1.000000
En el else......

----------------------------------------
x = 26.000000, y = 271.000000
avance = -319.000000, avanceR = 2.000000, avanceI = 2.000000
inc_x_r = 0.000000, inc_y_r = 1.000000, inc_x_i = 1.000000, inc_y_i = 1.000000
En el else......

----------------------------------------
x = 26.000000, y = 272.000000
avance = -317.000000, avanceR = 2.000000, avanceI = 2.000000
inc_x_r = 0.000000, inc_y_r = 1.000000, inc_x_i = 1.000000, inc_y_i = 1.000000
En el else......

----------------------------------------
x = 26.000000, y = 273.000000
avance = -315.000000, avanceR = 2.000000, avanceI = 2.000000
inc_x_r = 0.000000, inc_y_r = 1.000000, inc_x_i = 1.000000, inc_y_i = 1.000000
En el else......

----------------------------------------
x = 26.000000, y = 274.000000
avance = -313.000000, avanceR = 2.000000, avanceI = 2.000000
inc_x_r = 0.000000, inc_y_r = 1.000000, inc_x_i = 1.000000, inc_y_i = 1.000000
En el else......

----------------------------------------
x = 26.000000, y = 275.000000
avance = -311.000000, avanceR = 2.000000, avanceI = 2.000000
inc_x_r = 0.000000, inc_y_r = 1.000000, inc_x_i = 1.000000, inc_y_i = 1.000000
En el else......

----------------------------------------
x = 26.000000, y = 276.000000
avance = -309.000000, avanceR = 2.000000, avanceI = 2.000000
inc_x_r = 0.000000, inc_y_r = 1.000000, inc_x_i = 1.000000, inc_y_i = 1.000000
En el else......

----------------------------------------
x = 26.000000, y = 277.000000
avance = -307.000000, avanceR = 2.000000, avanceI = 2.000000
inc_x_r = 0.000000, inc_y_r = 1.000000, inc_x_i = 1.000000, inc_y_i = 1.000000
En el else......

----------------------------------------
x = 26.000000, y = 278.000000
avance = -305.000000, avanceR = 2.000000, avanceI = 2.000000
inc_x_r = 0.000000, inc_y_r = 1.000000, inc_x_i = 1.000000, inc_y_i = 1.000000
En el else......

----------------------------------------
x = 26.000000, y = 279.000000
avance = -303.000000, avanceR = 2.000000, avanceI = 2.000000
inc_x_r = 0.000000, inc_y_r = 1.000000, inc_x_i = 1.000000, inc_y_i = 1.000000
En el else......

----------------------------------------
x = 26.000000, y = 280.000000
avance = -301.000000, avanceR = 2.000000, avanceI = 2.000000
inc_x_r = 0.000000, inc_y_r = 1.000000, inc_x_i = 1.000000, inc_y_i = 1.000000
En el else......

----------------------------------------
x = 26.000000, y = 281.000000
avance = -299.000000, avanceR = 2.000000, avanceI = 2.000000
inc_x_r = 0.000000, inc_y_r = 1.000000, inc_x_i = 1.000000, inc_y_i = 1.000000
En el else......

----------------------------------------
x = 26.000000, y = 282.000000
avance = -297.000000, avanceR = 2.000000, avanceI = 2.000000
inc_x_r = 0.000000, inc_y_r = 1.000000, inc_x_i = 1.000000, inc_y_i = 1.000000
En el else......

----------------------------------------
x = 26.000000, y = 283.000000
avance = -295.000000, avanceR = 2.000000, avanceI = 2.000000
inc_x_r = 0.000000, inc_y_r = 1.000000, inc_x_i = 1.000000, inc_y_i = 1.000000
En el else......

----------------------------------------
x = 26.000000, y = 284.000000
avance = -293.000000, avanceR = 2.000000, avanceI = 2.000000
inc_x_r = 0.000000, inc_y_r = 1.000000, inc_x_i = 1.000000, inc_y_i = 1.000000
En el else......

----------------------------------------
x = 26.000000, y = 285.000000
avance = -291.000000, avanceR = 2.000000, avanceI = 2.000000
inc_x_r = 0.000000, inc_y_r = 1.000000, inc_x_i = 1.000000, inc_y_i = 1.000000
En el else......

----------------------------------------
x = 26.000000, y = 286.000000
avance = -289.000000, avanceR = 2.000000, avanceI = 2.000000
inc_x_r = 0.000000, inc_y_r = 1.000000, inc_x_i = 1.000000, inc_y_i = 1.000000
En el else......

----------------------------------------
x = 26.000000, y = 287.000000
avance = -287.000000, avanceR = 2.000000, avanceI = 2.000000
inc_x_r = 0.000000, inc_y_r = 1.000000, inc_x_i = 1.000000, inc_y_i = 1.000000
En el else......

----------------------------------------
x = 26.000000, y = 288.000000
avance = -285.000000, avanceR = 2.000000, avanceI = 2.000000
inc_x_r = 0.000000, inc_y_r = 1.000000, inc_x_i = 1.000000, inc_y_i = 1.000000
En el else......

----------------------------------------
x = 26.000000, y = 289.000000
avance = -283.000000, avanceR = 2.000000, avanceI = 2.000000
inc_x_r = 0.000000, inc_y_r = 1.000000, inc_x_i = 1.000000, inc_y_i = 1.000000
En el else......

----------------------------------------
x = 26.000000, y = 290.000000
avance = -281.000000, avanceR = 2.000000, avanceI = 2.000000
inc_x_r = 0.000000, inc_y_r = 1.000000, inc_x_i = 1.000000, inc_y_i = 1.000000
En el else......

----------------------------------------
x = 26.000000, y = 291.000000
avance = -279.000000, avanceR = 2.000000, avanceI = 2.000000
inc_x_r = 0.000000, inc_y_r = 1.000000, inc_x_i = 1.000000, inc_y_i = 1.000000
En el else......

----------------------------------------
x = 26.000000, y = 292.000000
avance = -277.000000, avanceR = 2.000000, avanceI = 2.000000
inc_x_r = 0.000000, inc_y_r = 1.000000, inc_x_i = 1.000000, inc_y_i = 1.000000
En el else......

----------------------------------------
x = 26.000000, y = 293.000000
avance = -275.000000, avanceR = 2.000000, avanceI = 2.000000
inc_x_r = 0.000000, inc_y_r = 1.000000, inc_x_i = 1.000000, inc_y_i = 1.000000
En el else......

----------------------------------------
x = 26.000000, y = 294.000000
avance = -273.000000, avanceR = 2.000000, avanceI = 2.000000
inc_x_r = 0.000000, inc_y_r = 1.000000, inc_x_i = 1.000000, inc_y_i = 1.000000
En el else......

----------------------------------------
x = 26.000000, y = 295.000000
avance = -271.000000, avanceR = 2.000000, avanceI = 2.000000
inc_x_r = 0.000000, inc_y_r = 1.000000, inc_x_i = 1.000000, inc_y_i = 1.000000
En el else......

----------------------------------------
x = 26.000000, y = 296.000000
avance = -269.000000, avanceR = 2.000000, avanceI = 2.000000
inc_x_r = 0.000000, inc_y_r = 1.000000, inc_x_i = 1.000000, inc_y_i = 1.000000
En el else......

----------------------------------------
x = 26.000000, y = 297.000000
avance = -267.000000, avanceR = 2.000000, avanceI = 2.000000
inc_x_r = 0.000000, inc_y_r = 1.000000, inc_x_i = 1.000000, inc_y_i = 1.000000
En el else......

----------------------------------------
x = 26.000000, y = 298.000000
avance = -265.000000, avanceR = 2.000000, avanceI = 2.000000
inc_x_r = 0.000000, inc_y_r = 1.000000, inc_x_i = 1.000000, inc_y_i = 1.000000
En el else......

----------------------------------------
x = 26.000000, y = 299.000000
avance = -263.000000, avanceR = 2.000000, avanceI = 2.000000
inc_x_r = 0.000000, inc_y_r = 1.000000, inc_x_i = 1.000000, inc_y_i = 1.000000
En el else......

----------------------------------------
x = 26.000000, y = 300.000000
avance = -261.000000, avanceR = 2.000000, avanceI = 2.000000
inc_x_r = 0.000000, inc_y_r = 1.000000, inc_x_i = 1.000000, inc_y_i = 1.000000
En el else......

----------------------------------------
x = 26.000000, y = 301.000000
avance = -259.000000, avanceR = 2.000000, avanceI = 2.000000
inc_x_r = 0.000000, inc_y_r = 1.000000, inc_x_i = 1.000000, inc_y_i = 1.000000
En el else......

----------------------------------------
x = 26.000000, y = 302.000000
avance = -257.000000, avanceR = 2.000000, avanceI = 2.000000
inc_x_r = 0.000000, inc_y_r = 1.000000, inc_x_i = 1.000000, inc_y_i = 1.000000
En el else......

----------------------------------------
x = 26.000000, y = 303.000000
avance = -255.000000, avanceR = 2.000000, avanceI = 2.000000
inc_x_r = 0.000000, inc_y_r = 1.000000, inc_x_i = 1.000000, inc_y_i = 1.000000
En el else......

----------------------------------------
x = 26.000000, y = 304.000000
avance = -253.000000, avanceR = 2.000000, avanceI = 2.000000
inc_x_r = 0.000000, inc_y_r = 1.000000, inc_x_i = 1.000000, inc_y_i = 1.000000
En el else......

----------------------------------------
x = 26.000000, y = 305.000000
avance = -251.000000, avanceR = 2.000000, avanceI = 2.000000
inc_x_r = 0.000000, inc_y_r = 1.000000, inc_x_i = 1.000000, inc_y_i = 1.000000
En el else......

----------------------------------------


ENTRAMOS A BRESENHAMªªªª
x1 = 25.000000 - y1 = 55.000000 || x2 = 26.000000 - y2 = 306.000000
dy = 251.000000, dx = 1.000000
avances inclinados: inc_x_i = 1.000000, inc_y_i = 1.000000
updated: dy = 251.000000, dx = 1.000000
avances rectos: inc_x_r = 0.000000, inc_y_r 1.000000
reupdated: dy = 1.000000, dx = 251.000000
avanceR = 2.000000, avance -249.000000, avanceI 2.000000
----------------------------------------
x = 25.000000, y = 55.000000
avance = -249.000000, avanceR = 2.000000, avanceI = 2.000000
inc_x_r = 0.000000, inc_y_r = 1.000000, inc_x_i = 1.000000, inc_y_i = 1.000000
En el else......

----------------------------------------
x = 25.000000, y = 56.000000
avance = -247.000000, avanceR = 2.000000, avanceI = 2.000000
inc_x_r = 0.000000, inc_y_r = 1.000000, inc_x_i = 1.000000, inc_y_i = 1.000000
En el else......

----------------------------------------
x = 25.000000, y = 57.000000
avance = -245.000000, avanceR = 2.000000, avanceI = 2.000000
inc_x_r = 0.000000, inc_y_r = 1.000000, inc_x_i = 1.000000, inc_y_i = 1.000000
En el else......

----------------------------------------
x = 25.000000, y = 58.000000
avance = -243.000000, avanceR = 2.000000, avanceI = 2.000000
inc_x_r = 0.000000, inc_y_r = 1.000000, inc_x_i = 1.000000, inc_y_i = 1.000000
En el else......

----------------------------------------
x = 25.000000, y = 59.000000
avance = -241.000000, avanceR = 2.000000, avanceI = 2.000000
inc_x_r = 0.000000, inc_y_r = 1.000000, inc_x_i = 1.000000, inc_y_i = 1.000000
En el else......

----------------------------------------
x = 25.000000, y = 60.000000
avance = -239.000000, avanceR = 2.000000, avanceI = 2.000000
inc_x_r = 0.000000, inc_y_r = 1.000000, inc_x_i = 1.000000, inc_y_i = 1.000000
En el else......

----------------------------------------
x = 25.000000, y = 61.000000
avance = -237.000000, avanceR = 2.000000, avanceI = 2.000000
inc_x_r = 0.000000, inc_y_r = 1.000000, inc_x_i = 1.000000, inc_y_i = 1.000000
En el else......

----------------------------------------
x = 25.000000, y = 62.000000
avance = -235.000000, avanceR = 2.000000, avanceI = 2.000000
inc_x_r = 0.000000, inc_y_r = 1.000000, inc_x_i = 1.000000, inc_y_i = 1.000000
En el else......

----------------------------------------
x = 25.000000, y = 63.000000
avance = -233.000000, avanceR = 2.000000, avanceI = 2.000000
inc_x_r = 0.000000, inc_y_r = 1.000000, inc_x_i = 1.000000, inc_y_i = 1.000000
En el else......

----------------------------------------
x = 25.000000, y = 64.000000
avance = -231.000000, avanceR = 2.000000, avanceI = 2.000000
inc_x_r = 0.000000, inc_y_r = 1.000000, inc_x_i = 1.000000, inc_y_i = 1.000000
En el else......

----------------------------------------
x = 25.000000, y = 65.000000
avance = -229.000000, avanceR = 2.000000, avanceI = 2.000000
inc_x_r = 0.000000, inc_y_r = 1.000000, inc_x_i = 1.000000, inc_y_i = 1.000000
En el else......

----------------------------------------
x = 25.000000, y = 66.000000
avance = -227.000000, avanceR = 2.000000, avanceI = 2.000000
inc_x_r = 0.000000, inc_y_r = 1.000000, inc_x_i = 1.000000, inc_y_i = 1.000000
En el else......

----------------------------------------
x = 25.000000, y = 67.000000
avance = -225.000000, avanceR = 2.000000, avanceI = 2.000000
inc_x_r = 0.000000, inc_y_r = 1.000000, inc_x_i = 1.000000, inc_y_i = 1.000000
En el else......

----------------------------------------
x = 25.000000, y = 68.000000
avance = -223.000000, avanceR = 2.000000, avanceI = 2.000000
inc_x_r = 0.000000, inc_y_r = 1.000000, inc_x_i = 1.000000, inc_y_i = 1.000000
En el else......

----------------------------------------
x = 25.000000, y = 69.000000
avance = -221.000000, avanceR = 2.000000, avanceI = 2.000000
inc_x_r = 0.000000, inc_y_r = 1.000000, inc_x_i = 1.000000, inc_y_i = 1.000000
En el else......

----------------------------------------
x = 25.000000, y = 70.000000
avance = -219.000000, avanceR = 2.000000, avanceI = 2.000000
inc_x_r = 0.000000, inc_y_r = 1.000000, inc_x_i = 1.000000, inc_y_i = 1.000000
En el else......

----------------------------------------
x = 25.000000, y = 71.000000
avance = -217.000000, avanceR = 2.000000, avanceI = 2.000000
inc_x_r = 0.000000, inc_y_r = 1.000000, inc_x_i = 1.000000, inc_y_i = 1.000000
En el else......

----------------------------------------
x = 25.000000, y = 72.000000
avance = -215.000000, avanceR = 2.000000, avanceI = 2.000000
inc_x_r = 0.000000, inc_y_r = 1.000000, inc_x_i = 1.000000, inc_y_i = 1.000000
En el else......

----------------------------------------
x = 25.000000, y = 73.000000
avance = -213.000000, avanceR = 2.000000, avanceI = 2.000000
inc_x_r = 0.000000, inc_y_r = 1.000000, inc_x_i = 1.000000, inc_y_i = 1.000000
En el else......

----------------------------------------
x = 25.000000, y = 74.000000
avance = -211.000000, avanceR = 2.000000, avanceI = 2.000000
inc_x_r = 0.000000, inc_y_r = 1.000000, inc_x_i = 1.000000, inc_y_i = 1.000000
En el else......

----------------------------------------
x = 25.000000, y = 75.000000
avance = -209.000000, avanceR = 2.000000, avanceI = 2.000000
inc_x_r = 0.000000, inc_y_r = 1.000000, inc_x_i = 1.000000, inc_y_i = 1.000000
En el else......

----------------------------------------
x = 25.000000, y = 76.000000
avance = -207.000000, avanceR = 2.000000, avanceI = 2.000000
inc_x_r = 0.000000, inc_y_r = 1.000000, inc_x_i = 1.000000, inc_y_i = 1.000000
En el else......

----------------------------------------
x = 25.000000, y = 77.000000
avance = -205.000000, avanceR = 2.000000, avanceI = 2.000000
inc_x_r = 0.000000, inc_y_r = 1.000000, inc_x_i = 1.000000, inc_y_i = 1.000000
En el else......

----------------------------------------
x = 25.000000, y = 78.000000
avance = -203.000000, avanceR = 2.000000, avanceI = 2.000000
inc_x_r = 0.000000, inc_y_r = 1.000000, inc_x_i = 1.000000, inc_y_i = 1.000000
En el else......

----------------------------------------
x = 25.000000, y = 79.000000
avance = -201.000000, avanceR = 2.000000, avanceI = 2.000000
inc_x_r = 0.000000, inc_y_r = 1.000000, inc_x_i = 1.000000, inc_y_i = 1.000000
En el else......

----------------------------------------
x = 25.000000, y = 80.000000
avance = -199.000000, avanceR = 2.000000, avanceI = 2.000000
inc_x_r = 0.000000, inc_y_r = 1.000000, inc_x_i = 1.000000, inc_y_i = 1.000000
En el else......

----------------------------------------
x = 25.000000, y = 81.000000
avance = -197.000000, avanceR = 2.000000, avanceI = 2.000000
inc_x_r = 0.000000, inc_y_r = 1.000000, inc_x_i = 1.000000, inc_y_i = 1.000000
En el else......

----------------------------------------
x = 25.000000, y = 82.000000
avance = -195.000000, avanceR = 2.000000, avanceI = 2.000000
inc_x_r = 0.000000, inc_y_r = 1.000000, inc_x_i = 1.000000, inc_y_i = 1.000000
En el else......

----------------------------------------
x = 25.000000, y = 83.000000
avance = -193.000000, avanceR = 2.000000, avanceI = 2.000000
inc_x_r = 0.000000, inc_y_r = 1.000000, inc_x_i = 1.000000, inc_y_i = 1.000000
En el else......

----------------------------------------
x = 25.000000, y = 84.000000
avance = -191.000000, avanceR = 2.000000, avanceI = 2.000000
inc_x_r = 0.000000, inc_y_r = 1.000000, inc_x_i = 1.000000, inc_y_i = 1.000000
En el else......

----------------------------------------
x = 25.000000, y = 85.000000
avance = -189.000000, avanceR = 2.000000, avanceI = 2.000000
inc_x_r = 0.000000, inc_y_r = 1.000000, inc_x_i = 1.000000, inc_y_i = 1.000000
En el else......

----------------------------------------
x = 25.000000, y = 86.000000
avance = -187.000000, avanceR = 2.000000, avanceI = 2.000000
inc_x_r = 0.000000, inc_y_r = 1.000000, inc_x_i = 1.000000, inc_y_i = 1.000000
En el else......

----------------------------------------
x = 25.000000, y = 87.000000
avance = -185.000000, avanceR = 2.000000, avanceI = 2.000000
inc_x_r = 0.000000, inc_y_r = 1.000000, inc_x_i = 1.000000, inc_y_i = 1.000000
En el else......

----------------------------------------
x = 25.000000, y = 88.000000
avance = -183.000000, avanceR = 2.000000, avanceI = 2.000000
inc_x_r = 0.000000, inc_y_r = 1.000000, inc_x_i = 1.000000, inc_y_i = 1.000000
En el else......

----------------------------------------
x = 25.000000, y = 89.000000
avance = -181.000000, avanceR = 2.000000, avanceI = 2.000000
inc_x_r = 0.000000, inc_y_r = 1.000000, inc_x_i = 1.000000, inc_y_i = 1.000000
En el else......

----------------------------------------
x = 25.000000, y = 90.000000
avance = -179.000000, avanceR = 2.000000, avanceI = 2.000000
inc_x_r = 0.000000, inc_y_r = 1.000000, inc_x_i = 1.000000, inc_y_i = 1.000000
En el else......

----------------------------------------
x = 25.000000, y = 91.000000
avance = -177.000000, avanceR = 2.000000, avanceI = 2.000000
inc_x_r = 0.000000, inc_y_r = 1.000000, inc_x_i = 1.000000, inc_y_i = 1.000000
En el else......

----------------------------------------
x = 25.000000, y = 92.000000
avance = -175.000000, avanceR = 2.000000, avanceI = 2.000000
inc_x_r = 0.000000, inc_y_r = 1.000000, inc_x_i = 1.000000, inc_y_i = 1.000000
En el else......

----------------------------------------
x = 25.000000, y = 93.000000
avance = -173.000000, avanceR = 2.000000, avanceI = 2.000000
inc_x_r = 0.000000, inc_y_r = 1.000000, inc_x_i = 1.000000, inc_y_i = 1.000000
En el else......

----------------------------------------
x = 25.000000, y = 94.000000
avance = -171.000000, avanceR = 2.000000, avanceI = 2.000000
inc_x_r = 0.000000, inc_y_r = 1.000000, inc_x_i = 1.000000, inc_y_i = 1.000000
En el else......

----------------------------------------
x = 25.000000, y = 95.000000
avance = -169.000000, avanceR = 2.000000, avanceI = 2.000000
inc_x_r = 0.000000, inc_y_r = 1.000000, inc_x_i = 1.000000, inc_y_i = 1.000000
En el else......

----------------------------------------
x = 25.000000, y = 96.000000
avance = -167.000000, avanceR = 2.000000, avanceI = 2.000000
inc_x_r = 0.000000, inc_y_r = 1.000000, inc_x_i = 1.000000, inc_y_i = 1.000000
En el else......

----------------------------------------
x = 25.000000, y = 97.000000
avance = -165.000000, avanceR = 2.000000, avanceI = 2.000000
inc_x_r = 0.000000, inc_y_r = 1.000000, inc_x_i = 1.000000, inc_y_i = 1.000000
En el else......

----------------------------------------
x = 25.000000, y = 98.000000
avance = -163.000000, avanceR = 2.000000, avanceI = 2.000000
inc_x_r = 0.000000, inc_y_r = 1.000000, inc_x_i = 1.000000, inc_y_i = 1.000000
En el else......

----------------------------------------
x = 25.000000, y = 99.000000
avance = -161.000000, avanceR = 2.000000, avanceI = 2.000000
inc_x_r = 0.000000, inc_y_r = 1.000000, inc_x_i = 1.000000, inc_y_i = 1.000000
En el else......

----------------------------------------
x = 25.000000, y = 100.000000
avance = -159.000000, avanceR = 2.000000, avanceI = 2.000000
inc_x_r = 0.000000, inc_y_r = 1.000000, inc_x_i = 1.000000, inc_y_i = 1.000000
En el else......

----------------------------------------
x = 25.000000, y = 101.000000
avance = -157.000000, avanceR = 2.000000, avanceI = 2.000000
inc_x_r = 0.000000, inc_y_r = 1.000000, inc_x_i = 1.000000, inc_y_i = 1.000000
En el else......

----------------------------------------
x = 25.000000, y = 102.000000
avance = -155.000000, avanceR = 2.000000, avanceI = 2.000000
inc_x_r = 0.000000, inc_y_r = 1.000000, inc_x_i = 1.000000, inc_y_i = 1.000000
En el else......

----------------------------------------
x = 25.000000, y = 103.000000
avance = -153.000000, avanceR = 2.000000, avanceI = 2.000000
inc_x_r = 0.000000, inc_y_r = 1.000000, inc_x_i = 1.000000, inc_y_i = 1.000000
En el else......

----------------------------------------
x = 25.000000, y = 104.000000
avance = -151.000000, avanceR = 2.000000, avanceI = 2.000000
inc_x_r = 0.000000, inc_y_r = 1.000000, inc_x_i = 1.000000, inc_y_i = 1.000000
En el else......

----------------------------------------
x = 25.000000, y = 105.000000
avance = -149.000000, avanceR = 2.000000, avanceI = 2.000000
inc_x_r = 0.000000, inc_y_r = 1.000000, inc_x_i = 1.000000, inc_y_i = 1.000000
En el else......

----------------------------------------
x = 25.000000, y = 106.000000
avance = -147.000000, avanceR = 2.000000, avanceI = 2.000000
inc_x_r = 0.000000, inc_y_r = 1.000000, inc_x_i = 1.000000, inc_y_i = 1.000000
En el else......

----------------------------------------
x = 25.000000, y = 107.000000
avance = -145.000000, avanceR = 2.000000, avanceI = 2.000000
inc_x_r = 0.000000, inc_y_r = 1.000000, inc_x_i = 1.000000, inc_y_i = 1.000000
En el else......

----------------------------------------
x = 25.000000, y = 108.000000
avance = -143.000000, avanceR = 2.000000, avanceI = 2.000000
inc_x_r = 0.000000, inc_y_r = 1.000000, inc_x_i = 1.000000, inc_y_i = 1.000000
En el else......

----------------------------------------
x = 25.000000, y = 109.000000
avance = -141.000000, avanceR = 2.000000, avanceI = 2.000000
inc_x_r = 0.000000, inc_y_r = 1.000000, inc_x_i = 1.000000, inc_y_i = 1.000000
En el else......

----------------------------------------
x = 25.000000, y = 110.000000
avance = -139.000000, avanceR = 2.000000, avanceI = 2.000000
inc_x_r = 0.000000, inc_y_r = 1.000000, inc_x_i = 1.000000, inc_y_i = 1.000000
En el else......

----------------------------------------
x = 25.000000, y = 111.000000
avance = -137.000000, avanceR = 2.000000, avanceI = 2.000000
inc_x_r = 0.000000, inc_y_r = 1.000000, inc_x_i = 1.000000, inc_y_i = 1.000000
En el else......

----------------------------------------
x = 25.000000, y = 112.000000
avance = -135.000000, avanceR = 2.000000, avanceI = 2.000000
inc_x_r = 0.000000, inc_y_r = 1.000000, inc_x_i = 1.000000, inc_y_i = 1.000000
En el else......

----------------------------------------
x = 25.000000, y = 113.000000
avance = -133.000000, avanceR = 2.000000, avanceI = 2.000000
inc_x_r = 0.000000, inc_y_r = 1.000000, inc_x_i = 1.000000, inc_y_i = 1.000000
En el else......

----------------------------------------
x = 25.000000, y = 114.000000
avance = -131.000000, avanceR = 2.000000, avanceI = 2.000000
inc_x_r = 0.000000, inc_y_r = 1.000000, inc_x_i = 1.000000, inc_y_i = 1.000000
En el else......

----------------------------------------
x = 25.000000, y = 115.000000
avance = -129.000000, avanceR = 2.000000, avanceI = 2.000000
inc_x_r = 0.000000, inc_y_r = 1.000000, inc_x_i = 1.000000, inc_y_i = 1.000000
En el else......

----------------------------------------
x = 25.000000, y = 116.000000
avance = -127.000000, avanceR = 2.000000, avanceI = 2.000000
inc_x_r = 0.000000, inc_y_r = 1.000000, inc_x_i = 1.000000, inc_y_i = 1.000000
En el else......

----------------------------------------
x = 25.000000, y = 117.000000
avance = -125.000000, avanceR = 2.000000, avanceI = 2.000000
inc_x_r = 0.000000, inc_y_r = 1.000000, inc_x_i = 1.000000, inc_y_i = 1.000000
En el else......

----------------------------------------
x = 25.000000, y = 118.000000
avance = -123.000000, avanceR = 2.000000, avanceI = 2.000000
inc_x_r = 0.000000, inc_y_r = 1.000000, inc_x_i = 1.000000, inc_y_i = 1.000000
En el else......

----------------------------------------
x = 25.000000, y = 119.000000
avance = -121.000000, avanceR = 2.000000, avanceI = 2.000000
inc_x_r = 0.000000, inc_y_r = 1.000000, inc_x_i = 1.000000, inc_y_i = 1.000000
En el else......

----------------------------------------
x = 25.000000, y = 120.000000
avance = -119.000000, avanceR = 2.000000, avanceI = 2.000000
inc_x_r = 0.000000, inc_y_r = 1.000000, inc_x_i = 1.000000, inc_y_i = 1.000000
En el else......

----------------------------------------
x = 25.000000, y = 121.000000
avance = -117.000000, avanceR = 2.000000, avanceI = 2.000000
inc_x_r = 0.000000, inc_y_r = 1.000000, inc_x_i = 1.000000, inc_y_i = 1.000000
En el else......

----------------------------------------
x = 25.000000, y = 122.000000
avance = -115.000000, avanceR = 2.000000, avanceI = 2.000000
inc_x_r = 0.000000, inc_y_r = 1.000000, inc_x_i = 1.000000, inc_y_i = 1.000000
En el else......

----------------------------------------
x = 25.000000, y = 123.000000
avance = -113.000000, avanceR = 2.000000, avanceI = 2.000000
inc_x_r = 0.000000, inc_y_r = 1.000000, inc_x_i = 1.000000, inc_y_i = 1.000000
En el else......

----------------------------------------
x = 25.000000, y = 124.000000
avance = -111.000000, avanceR = 2.000000, avanceI = 2.000000
inc_x_r = 0.000000, inc_y_r = 1.000000, inc_x_i = 1.000000, inc_y_i = 1.000000
En el else......

----------------------------------------
x = 25.000000, y = 125.000000
avance = -109.000000, avanceR = 2.000000, avanceI = 2.000000
inc_x_r = 0.000000, inc_y_r = 1.000000, inc_x_i = 1.000000, inc_y_i = 1.000000
En el else......

----------------------------------------
x = 25.000000, y = 126.000000
avance = -107.000000, avanceR = 2.000000, avanceI = 2.000000
inc_x_r = 0.000000, inc_y_r = 1.000000, inc_x_i = 1.000000, inc_y_i = 1.000000
En el else......

----------------------------------------
x = 25.000000, y = 127.000000
avance = -105.000000, avanceR = 2.000000, avanceI = 2.000000
inc_x_r = 0.000000, inc_y_r = 1.000000, inc_x_i = 1.000000, inc_y_i = 1.000000
En el else......

----------------------------------------
x = 25.000000, y = 128.000000
avance = -103.000000, avanceR = 2.000000, avanceI = 2.000000
inc_x_r = 0.000000, inc_y_r = 1.000000, inc_x_i = 1.000000, inc_y_i = 1.000000
En el else......

----------------------------------------
x = 25.000000, y = 129.000000
avance = -101.000000, avanceR = 2.000000, avanceI = 2.000000
inc_x_r = 0.000000, inc_y_r = 1.000000, inc_x_i = 1.000000, inc_y_i = 1.000000
En el else......

----------------------------------------
x = 25.000000, y = 130.000000
avance = -99.000000, avanceR = 2.000000, avanceI = 2.000000
inc_x_r = 0.000000, inc_y_r = 1.000000, inc_x_i = 1.000000, inc_y_i = 1.000000
En el else......

----------------------------------------
x = 25.000000, y = 131.000000
avance = -97.000000, avanceR = 2.000000, avanceI = 2.000000
inc_x_r = 0.000000, inc_y_r = 1.000000, inc_x_i = 1.000000, inc_y_i = 1.000000
En el else......

----------------------------------------
x = 25.000000, y = 132.000000
avance = -95.000000, avanceR = 2.000000, avanceI = 2.000000
inc_x_r = 0.000000, inc_y_r = 1.000000, inc_x_i = 1.000000, inc_y_i = 1.000000
En el else......

----------------------------------------
x = 25.000000, y = 133.000000
avance = -93.000000, avanceR = 2.000000, avanceI = 2.000000
inc_x_r = 0.000000, inc_y_r = 1.000000, inc_x_i = 1.000000, inc_y_i = 1.000000
En el else......

----------------------------------------
x = 25.000000, y = 134.000000
avance = -91.000000, avanceR = 2.000000, avanceI = 2.000000
inc_x_r = 0.000000, inc_y_r = 1.000000, inc_x_i = 1.000000, inc_y_i = 1.000000
En el else......

----------------------------------------
x = 25.000000, y = 135.000000
avance = -89.000000, avanceR = 2.000000, avanceI = 2.000000
inc_x_r = 0.000000, inc_y_r = 1.000000, inc_x_i = 1.000000, inc_y_i = 1.000000
En el else......

----------------------------------------
x = 25.000000, y = 136.000000
avance = -87.000000, avanceR = 2.000000, avanceI = 2.000000
inc_x_r = 0.000000, inc_y_r = 1.000000, inc_x_i = 1.000000, inc_y_i = 1.000000
En el else......

----------------------------------------
x = 25.000000, y = 137.000000
avance = -85.000000, avanceR = 2.000000, avanceI = 2.000000
inc_x_r = 0.000000, inc_y_r = 1.000000, inc_x_i = 1.000000, inc_y_i = 1.000000
En el else......

----------------------------------------
x = 25.000000, y = 138.000000
avance = -83.000000, avanceR = 2.000000, avanceI = 2.000000
inc_x_r = 0.000000, inc_y_r = 1.000000, inc_x_i = 1.000000, inc_y_i = 1.000000
En el else......

----------------------------------------
x = 25.000000, y = 139.000000
avance = -81.000000, avanceR = 2.000000, avanceI = 2.000000
inc_x_r = 0.000000, inc_y_r = 1.000000, inc_x_i = 1.000000, inc_y_i = 1.000000
En el else......

----------------------------------------
x = 25.000000, y = 140.000000
avance = -79.000000, avanceR = 2.000000, avanceI = 2.000000
inc_x_r = 0.000000, inc_y_r = 1.000000, inc_x_i = 1.000000, inc_y_i = 1.000000
En el else......

----------------------------------------
x = 25.000000, y = 141.000000
avance = -77.000000, avanceR = 2.000000, avanceI = 2.000000
inc_x_r = 0.000000, inc_y_r = 1.000000, inc_x_i = 1.000000, inc_y_i = 1.000000
En el else......

----------------------------------------
x = 25.000000, y = 142.000000
avance = -75.000000, avanceR = 2.000000, avanceI = 2.000000
inc_x_r = 0.000000, inc_y_r = 1.000000, inc_x_i = 1.000000, inc_y_i = 1.000000
En el else......

----------------------------------------
x = 25.000000, y = 143.000000
avance = -73.000000, avanceR = 2.000000, avanceI = 2.000000
inc_x_r = 0.000000, inc_y_r = 1.000000, inc_x_i = 1.000000, inc_y_i = 1.000000
En el else......

----------------------------------------
x = 25.000000, y = 144.000000
avance = -71.000000, avanceR = 2.000000, avanceI = 2.000000
inc_x_r = 0.000000, inc_y_r = 1.000000, inc_x_i = 1.000000, inc_y_i = 1.000000
En el else......

----------------------------------------
x = 25.000000, y = 145.000000
avance = -69.000000, avanceR = 2.000000, avanceI = 2.000000
inc_x_r = 0.000000, inc_y_r = 1.000000, inc_x_i = 1.000000, inc_y_i = 1.000000
En el else......

----------------------------------------
x = 25.000000, y = 146.000000
avance = -67.000000, avanceR = 2.000000, avanceI = 2.000000
inc_x_r = 0.000000, inc_y_r = 1.000000, inc_x_i = 1.000000, inc_y_i = 1.000000
En el else......

----------------------------------------
x = 25.000000, y = 147.000000
avance = -65.000000, avanceR = 2.000000, avanceI = 2.000000
inc_x_r = 0.000000, inc_y_r = 1.000000, inc_x_i = 1.000000, inc_y_i = 1.000000
En el else......

----------------------------------------
x = 25.000000, y = 148.000000
avance = -63.000000, avanceR = 2.000000, avanceI = 2.000000
inc_x_r = 0.000000, inc_y_r = 1.000000, inc_x_i = 1.000000, inc_y_i = 1.000000
En el else......

----------------------------------------
x = 25.000000, y = 149.000000
avance = -61.000000, avanceR = 2.000000, avanceI = 2.000000
inc_x_r = 0.000000, inc_y_r = 1.000000, inc_x_i = 1.000000, inc_y_i = 1.000000
En el else......

----------------------------------------
x = 25.000000, y = 150.000000
avance = -59.000000, avanceR = 2.000000, avanceI = 2.000000
inc_x_r = 0.000000, inc_y_r = 1.000000, inc_x_i = 1.000000, inc_y_i = 1.000000
En el else......

----------------------------------------
x = 25.000000, y = 151.000000
avance = -57.000000, avanceR = 2.000000, avanceI = 2.000000
inc_x_r = 0.000000, inc_y_r = 1.000000, inc_x_i = 1.000000, inc_y_i = 1.000000
En el else......

----------------------------------------
x = 25.000000, y = 152.000000
avance = -55.000000, avanceR = 2.000000, avanceI = 2.000000
inc_x_r = 0.000000, inc_y_r = 1.000000, inc_x_i = 1.000000, inc_y_i = 1.000000
En el else......

----------------------------------------
x = 25.000000, y = 153.000000
avance = -53.000000, avanceR = 2.000000, avanceI = 2.000000
inc_x_r = 0.000000, inc_y_r = 1.000000, inc_x_i = 1.000000, inc_y_i = 1.000000
En el else......

----------------------------------------
x = 25.000000, y = 154.000000
avance = -51.000000, avanceR = 2.000000, avanceI = 2.000000
inc_x_r = 0.000000, inc_y_r = 1.000000, inc_x_i = 1.000000, inc_y_i = 1.000000
En el else......

----------------------------------------
x = 25.000000, y = 155.000000
avance = -49.000000, avanceR = 2.000000, avanceI = 2.000000
inc_x_r = 0.000000, inc_y_r = 1.000000, inc_x_i = 1.000000, inc_y_i = 1.000000
En el else......

----------------------------------------
x = 25.000000, y = 156.000000
avance = -47.000000, avanceR = 2.000000, avanceI = 2.000000
inc_x_r = 0.000000, inc_y_r = 1.000000, inc_x_i = 1.000000, inc_y_i = 1.000000
En el else......

----------------------------------------
x = 25.000000, y = 157.000000
avance = -45.000000, avanceR = 2.000000, avanceI = 2.000000
inc_x_r = 0.000000, inc_y_r = 1.000000, inc_x_i = 1.000000, inc_y_i = 1.000000
En el else......

----------------------------------------
x = 25.000000, y = 158.000000
avance = -43.000000, avanceR = 2.000000, avanceI = 2.000000
inc_x_r = 0.000000, inc_y_r = 1.000000, inc_x_i = 1.000000, inc_y_i = 1.000000
En el else......

----------------------------------------
x = 25.000000, y = 159.000000
avance = -41.000000, avanceR = 2.000000, avanceI = 2.000000
inc_x_r = 0.000000, inc_y_r = 1.000000, inc_x_i = 1.000000, inc_y_i = 1.000000
En el else......

----------------------------------------
x = 25.000000, y = 160.000000
avance = -39.000000, avanceR = 2.000000, avanceI = 2.000000
inc_x_r = 0.000000, inc_y_r = 1.000000, inc_x_i = 1.000000, inc_y_i = 1.000000
En el else......

----------------------------------------
x = 25.000000, y = 161.000000
avance = -37.000000, avanceR = 2.000000, avanceI = 2.000000
inc_x_r = 0.000000, inc_y_r = 1.000000, inc_x_i = 1.000000, inc_y_i = 1.000000
En el else......

----------------------------------------
x = 25.000000, y = 162.000000
avance = -35.000000, avanceR = 2.000000, avanceI = 2.000000
inc_x_r = 0.000000, inc_y_r = 1.000000, inc_x_i = 1.000000, inc_y_i = 1.000000
En el else......

----------------------------------------
x = 25.000000, y = 163.000000
avance = -33.000000, avanceR = 2.000000, avanceI = 2.000000
inc_x_r = 0.000000, inc_y_r = 1.000000, inc_x_i = 1.000000, inc_y_i = 1.000000
En el else......

----------------------------------------
x = 25.000000, y = 164.000000
avance = -31.000000, avanceR = 2.000000, avanceI = 2.000000
inc_x_r = 0.000000, inc_y_r = 1.000000, inc_x_i = 1.000000, inc_y_i = 1.000000
En el else......

----------------------------------------
x = 25.000000, y = 165.000000
avance = -29.000000, avanceR = 2.000000, avanceI = 2.000000
inc_x_r = 0.000000, inc_y_r = 1.000000, inc_x_i = 1.000000, inc_y_i = 1.000000
En el else......

----------------------------------------
x = 25.000000, y = 166.000000
avance = -27.000000, avanceR = 2.000000, avanceI = 2.000000
inc_x_r = 0.000000, inc_y_r = 1.000000, inc_x_i = 1.000000, inc_y_i = 1.000000
En el else......

----------------------------------------
x = 25.000000, y = 167.000000
avance = -25.000000, avanceR = 2.000000, avanceI = 2.000000
inc_x_r = 0.000000, inc_y_r = 1.000000, inc_x_i = 1.000000, inc_y_i = 1.000000
En el else......

----------------------------------------
x = 25.000000, y = 168.000000
avance = -23.000000, avanceR = 2.000000, avanceI = 2.000000
inc_x_r = 0.000000, inc_y_r = 1.000000, inc_x_i = 1.000000, inc_y_i = 1.000000
En el else......

----------------------------------------
x = 25.000000, y = 169.000000
avance = -21.000000, avanceR = 2.000000, avanceI = 2.000000
inc_x_r = 0.000000, inc_y_r = 1.000000, inc_x_i = 1.000000, inc_y_i = 1.000000
En el else......

----------------------------------------
x = 25.000000, y = 170.000000
avance = -19.000000, avanceR = 2.000000, avanceI = 2.000000
inc_x_r = 0.000000, inc_y_r = 1.000000, inc_x_i = 1.000000, inc_y_i = 1.000000
En el else......

----------------------------------------
x = 25.000000, y = 171.000000
avance = -17.000000, avanceR = 2.000000, avanceI = 2.000000
inc_x_r = 0.000000, inc_y_r = 1.000000, inc_x_i = 1.000000, inc_y_i = 1.000000
En el else......

----------------------------------------
x = 25.000000, y = 172.000000
avance = -15.000000, avanceR = 2.000000, avanceI = 2.000000
inc_x_r = 0.000000, inc_y_r = 1.000000, inc_x_i = 1.000000, inc_y_i = 1.000000
En el else......

----------------------------------------
x = 25.000000, y = 173.000000
avance = -13.000000, avanceR = 2.000000, avanceI = 2.000000
inc_x_r = 0.000000, inc_y_r = 1.000000, inc_x_i = 1.000000, inc_y_i = 1.000000
En el else......

----------------------------------------
x = 25.000000, y = 174.000000
avance = -11.000000, avanceR = 2.000000, avanceI = 2.000000
inc_x_r = 0.000000, inc_y_r = 1.000000, inc_x_i = 1.000000, inc_y_i = 1.000000
En el else......

----------------------------------------
x = 25.000000, y = 175.000000
avance = -9.000000, avanceR = 2.000000, avanceI = 2.000000
inc_x_r = 0.000000, inc_y_r = 1.000000, inc_x_i = 1.000000, inc_y_i = 1.000000
En el else......

----------------------------------------
x = 25.000000, y = 176.000000
avance = -7.000000, avanceR = 2.000000, avanceI = 2.000000
inc_x_r = 0.000000, inc_y_r = 1.000000, inc_x_i = 1.000000, inc_y_i = 1.000000
En el else......

----------------------------------------
x = 25.000000, y = 177.000000
avance = -5.000000, avanceR = 2.000000, avanceI = 2.000000
inc_x_r = 0.000000, inc_y_r = 1.000000, inc_x_i = 1.000000, inc_y_i = 1.000000
En el else......

----------------------------------------
x = 25.000000, y = 178.000000
avance = -3.000000, avanceR = 2.000000, avanceI = 2.000000
inc_x_r = 0.000000, inc_y_r = 1.000000, inc_x_i = 1.000000, inc_y_i = 1.000000
En el else......

----------------------------------------
x = 25.000000, y = 179.000000
avance = -1.000000, avanceR = 2.000000, avanceI = 2.000000
inc_x_r = 0.000000, inc_y_r = 1.000000, inc_x_i = 1.000000, inc_y_i = 1.000000
En el else......

----------------------------------------
x = 25.000000, y = 180.000000
avance = 1.000000, avanceR = 2.000000, avanceI = 2.000000
inc_x_r = 0.000000, inc_y_r = 1.000000, inc_x_i = 1.000000, inc_y_i = 1.000000
avance >= 0

----------------------------------------
x = 26.000000, y = 181.000000
avance = -499.000000, avanceR = 2.000000, avanceI = 2.000000
inc_x_r = 0.000000, inc_y_r = 1.000000, inc_x_i = 1.000000, inc_y_i = 1.000000
En el else......

----------------------------------------
x = 26.000000, y = 182.000000
avance = -497.000000, avanceR = 2.000000, avanceI = 2.000000
inc_x_r = 0.000000, inc_y_r = 1.000000, inc_x_i = 1.000000, inc_y_i = 1.000000
En el else......

----------------------------------------
x = 26.000000, y = 183.000000
avance = -495.000000, avanceR = 2.000000, avanceI = 2.000000
inc_x_r = 0.000000, inc_y_r = 1.000000, inc_x_i = 1.000000, inc_y_i = 1.000000
En el else......

----------------------------------------
x = 26.000000, y = 184.000000
avance = -493.000000, avanceR = 2.000000, avanceI = 2.000000
inc_x_r = 0.000000, inc_y_r = 1.000000, inc_x_i = 1.000000, inc_y_i = 1.000000
En el else......

----------------------------------------
x = 26.000000, y = 185.000000
avance = -491.000000, avanceR = 2.000000, avanceI = 2.000000
inc_x_r = 0.000000, inc_y_r = 1.000000, inc_x_i = 1.000000, inc_y_i = 1.000000
En el else......

----------------------------------------
x = 26.000000, y = 186.000000
avance = -489.000000, avanceR = 2.000000, avanceI = 2.000000
inc_x_r = 0.000000, inc_y_r = 1.000000, inc_x_i = 1.000000, inc_y_i = 1.000000
En el else......

----------------------------------------
x = 26.000000, y = 187.000000
avance = -487.000000, avanceR = 2.000000, avanceI = 2.000000
inc_x_r = 0.000000, inc_y_r = 1.000000, inc_x_i = 1.000000, inc_y_i = 1.000000
En el else......

----------------------------------------
x = 26.000000, y = 188.000000
avance = -485.000000, avanceR = 2.000000, avanceI = 2.000000
inc_x_r = 0.000000, inc_y_r = 1.000000, inc_x_i = 1.000000, inc_y_i = 1.000000
En el else......

----------------------------------------
x = 26.000000, y = 189.000000
avance = -483.000000, avanceR = 2.000000, avanceI = 2.000000
inc_x_r = 0.000000, inc_y_r = 1.000000, inc_x_i = 1.000000, inc_y_i = 1.000000
En el else......

----------------------------------------
x = 26.000000, y = 190.000000
avance = -481.000000, avanceR = 2.000000, avanceI = 2.000000
inc_x_r = 0.000000, inc_y_r = 1.000000, inc_x_i = 1.000000, inc_y_i = 1.000000
En el else......

----------------------------------------
x = 26.000000, y = 191.000000
avance = -479.000000, avanceR = 2.000000, avanceI = 2.000000
inc_x_r = 0.000000, inc_y_r = 1.000000, inc_x_i = 1.000000, inc_y_i = 1.000000
En el else......

----------------------------------------
x = 26.000000, y = 192.000000
avance = -477.000000, avanceR = 2.000000, avanceI = 2.000000
inc_x_r = 0.000000, inc_y_r = 1.000000, inc_x_i = 1.000000, inc_y_i = 1.000000
En el else......

----------------------------------------
x = 26.000000, y = 193.000000
avance = -475.000000, avanceR = 2.000000, avanceI = 2.000000
inc_x_r = 0.000000, inc_y_r = 1.000000, inc_x_i = 1.000000, inc_y_i = 1.000000
En el else......

----------------------------------------
x = 26.000000, y = 194.000000
avance = -473.000000, avanceR = 2.000000, avanceI = 2.000000
inc_x_r = 0.000000, inc_y_r = 1.000000, inc_x_i = 1.000000, inc_y_i = 1.000000
En el else......

----------------------------------------
x = 26.000000, y = 195.000000
avance = -471.000000, avanceR = 2.000000, avanceI = 2.000000
inc_x_r = 0.000000, inc_y_r = 1.000000, inc_x_i = 1.000000, inc_y_i = 1.000000
En el else......

----------------------------------------
x = 26.000000, y = 196.000000
avance = -469.000000, avanceR = 2.000000, avanceI = 2.000000
inc_x_r = 0.000000, inc_y_r = 1.000000, inc_x_i = 1.000000, inc_y_i = 1.000000
En el else......

----------------------------------------
x = 26.000000, y = 197.000000
avance = -467.000000, avanceR = 2.000000, avanceI = 2.000000
inc_x_r = 0.000000, inc_y_r = 1.000000, inc_x_i = 1.000000, inc_y_i = 1.000000
En el else......

----------------------------------------
x = 26.000000, y = 198.000000
avance = -465.000000, avanceR = 2.000000, avanceI = 2.000000
inc_x_r = 0.000000, inc_y_r = 1.000000, inc_x_i = 1.000000, inc_y_i = 1.000000
En el else......

----------------------------------------
x = 26.000000, y = 199.000000
avance = -463.000000, avanceR = 2.000000, avanceI = 2.000000
inc_x_r = 0.000000, inc_y_r = 1.000000, inc_x_i = 1.000000, inc_y_i = 1.000000
En el else......

----------------------------------------
x = 26.000000, y = 200.000000
avance = -461.000000, avanceR = 2.000000, avanceI = 2.000000
inc_x_r = 0.000000, inc_y_r = 1.000000, inc_x_i = 1.000000, inc_y_i = 1.000000
En el else......

----------------------------------------
x = 26.000000, y = 201.000000
avance = -459.000000, avanceR = 2.000000, avanceI = 2.000000
inc_x_r = 0.000000, inc_y_r = 1.000000, inc_x_i = 1.000000, inc_y_i = 1.000000
En el else......

----------------------------------------
x = 26.000000, y = 202.000000
avance = -457.000000, avanceR = 2.000000, avanceI = 2.000000
inc_x_r = 0.000000, inc_y_r = 1.000000, inc_x_i = 1.000000, inc_y_i = 1.000000
En el else......

----------------------------------------
x = 26.000000, y = 203.000000
avance = -455.000000, avanceR = 2.000000, avanceI = 2.000000
inc_x_r = 0.000000, inc_y_r = 1.000000, inc_x_i = 1.000000, inc_y_i = 1.000000
En el else......

----------------------------------------
x = 26.000000, y = 204.000000
avance = -453.000000, avanceR = 2.000000, avanceI = 2.000000
inc_x_r = 0.000000, inc_y_r = 1.000000, inc_x_i = 1.000000, inc_y_i = 1.000000
En el else......

----------------------------------------
x = 26.000000, y = 205.000000
avance = -451.000000, avanceR = 2.000000, avanceI = 2.000000
inc_x_r = 0.000000, inc_y_r = 1.000000, inc_x_i = 1.000000, inc_y_i = 1.000000
En el else......

----------------------------------------
x = 26.000000, y = 206.000000
avance = -449.000000, avanceR = 2.000000, avanceI = 2.000000
inc_x_r = 0.000000, inc_y_r = 1.000000, inc_x_i = 1.000000, inc_y_i = 1.000000
En el else......

----------------------------------------
x = 26.000000, y = 207.000000
avance = -447.000000, avanceR = 2.000000, avanceI = 2.000000
inc_x_r = 0.000000, inc_y_r = 1.000000, inc_x_i = 1.000000, inc_y_i = 1.000000
En el else......

----------------------------------------
x = 26.000000, y = 208.000000
avance = -445.000000, avanceR = 2.000000, avanceI = 2.000000
inc_x_r = 0.000000, inc_y_r = 1.000000, inc_x_i = 1.000000, inc_y_i = 1.000000
En el else......

----------------------------------------
x = 26.000000, y = 209.000000
avance = -443.000000, avanceR = 2.000000, avanceI = 2.000000
inc_x_r = 0.000000, inc_y_r = 1.000000, inc_x_i = 1.000000, inc_y_i = 1.000000
En el else......

----------------------------------------
x = 26.000000, y = 210.000000
avance = -441.000000, avanceR = 2.000000, avanceI = 2.000000
inc_x_r = 0.000000, inc_y_r = 1.000000, inc_x_i = 1.000000, inc_y_i = 1.000000
En el else......

----------------------------------------
x = 26.000000, y = 211.000000
avance = -439.000000, avanceR = 2.000000, avanceI = 2.000000
inc_x_r = 0.000000, inc_y_r = 1.000000, inc_x_i = 1.000000, inc_y_i = 1.000000
En el else......

----------------------------------------
x = 26.000000, y = 212.000000
avance = -437.000000, avanceR = 2.000000, avanceI = 2.000000
inc_x_r = 0.000000, inc_y_r = 1.000000, inc_x_i = 1.000000, inc_y_i = 1.000000
En el else......

----------------------------------------
x = 26.000000, y = 213.000000
avance = -435.000000, avanceR = 2.000000, avanceI = 2.000000
inc_x_r = 0.000000, inc_y_r = 1.000000, inc_x_i = 1.000000, inc_y_i = 1.000000
En el else......

----------------------------------------
x = 26.000000, y = 214.000000
avance = -433.000000, avanceR = 2.000000, avanceI = 2.000000
inc_x_r = 0.000000, inc_y_r = 1.000000, inc_x_i = 1.000000, inc_y_i = 1.000000
En el else......

----------------------------------------
x = 26.000000, y = 215.000000
avance = -431.000000, avanceR = 2.000000, avanceI = 2.000000
inc_x_r = 0.000000, inc_y_r = 1.000000, inc_x_i = 1.000000, inc_y_i = 1.000000
En el else......

----------------------------------------
x = 26.000000, y = 216.000000
avance = -429.000000, avanceR = 2.000000, avanceI = 2.000000
inc_x_r = 0.000000, inc_y_r = 1.000000, inc_x_i = 1.000000, inc_y_i = 1.000000
En el else......

----------------------------------------
x = 26.000000, y = 217.000000
avance = -427.000000, avanceR = 2.000000, avanceI = 2.000000
inc_x_r = 0.000000, inc_y_r = 1.000000, inc_x_i = 1.000000, inc_y_i = 1.000000
En el else......

----------------------------------------
x = 26.000000, y = 218.000000
avance = -425.000000, avanceR = 2.000000, avanceI = 2.000000
inc_x_r = 0.000000, inc_y_r = 1.000000, inc_x_i = 1.000000, inc_y_i = 1.000000
En el else......

----------------------------------------
x = 26.000000, y = 219.000000
avance = -423.000000, avanceR = 2.000000, avanceI = 2.000000
inc_x_r = 0.000000, inc_y_r = 1.000000, inc_x_i = 1.000000, inc_y_i = 1.000000
En el else......

----------------------------------------
x = 26.000000, y = 220.000000
avance = -421.000000, avanceR = 2.000000, avanceI = 2.000000
inc_x_r = 0.000000, inc_y_r = 1.000000, inc_x_i = 1.000000, inc_y_i = 1.000000
En el else......

----------------------------------------
x = 26.000000, y = 221.000000
avance = -419.000000, avanceR = 2.000000, avanceI = 2.000000
inc_x_r = 0.000000, inc_y_r = 1.000000, inc_x_i = 1.000000, inc_y_i = 1.000000
En el else......

----------------------------------------
x = 26.000000, y = 222.000000
avance = -417.000000, avanceR = 2.000000, avanceI = 2.000000
inc_x_r = 0.000000, inc_y_r = 1.000000, inc_x_i = 1.000000, inc_y_i = 1.000000
En el else......

----------------------------------------
x = 26.000000, y = 223.000000
avance = -415.000000, avanceR = 2.000000, avanceI = 2.000000
inc_x_r = 0.000000, inc_y_r = 1.000000, inc_x_i = 1.000000, inc_y_i = 1.000000
En el else......

----------------------------------------
x = 26.000000, y = 224.000000
avance = -413.000000, avanceR = 2.000000, avanceI = 2.000000
inc_x_r = 0.000000, inc_y_r = 1.000000, inc_x_i = 1.000000, inc_y_i = 1.000000
En el else......

----------------------------------------
x = 26.000000, y = 225.000000
avance = -411.000000, avanceR = 2.000000, avanceI = 2.000000
inc_x_r = 0.000000, inc_y_r = 1.000000, inc_x_i = 1.000000, inc_y_i = 1.000000
En el else......

----------------------------------------
x = 26.000000, y = 226.000000
avance = -409.000000, avanceR = 2.000000, avanceI = 2.000000
inc_x_r = 0.000000, inc_y_r = 1.000000, inc_x_i = 1.000000, inc_y_i = 1.000000
En el else......

----------------------------------------
x = 26.000000, y = 227.000000
avance = -407.000000, avanceR = 2.000000, avanceI = 2.000000
inc_x_r = 0.000000, inc_y_r = 1.000000, inc_x_i = 1.000000, inc_y_i = 1.000000
En el else......

----------------------------------------
x = 26.000000, y = 228.000000
avance = -405.000000, avanceR = 2.000000, avanceI = 2.000000
inc_x_r = 0.000000, inc_y_r = 1.000000, inc_x_i = 1.000000, inc_y_i = 1.000000
En el else......

----------------------------------------
x = 26.000000, y = 229.000000
avance = -403.000000, avanceR = 2.000000, avanceI = 2.000000
inc_x_r = 0.000000, inc_y_r = 1.000000, inc_x_i = 1.000000, inc_y_i = 1.000000
En el else......

----------------------------------------
x = 26.000000, y = 230.000000
avance = -401.000000, avanceR = 2.000000, avanceI = 2.000000
inc_x_r = 0.000000, inc_y_r = 1.000000, inc_x_i = 1.000000, inc_y_i = 1.000000
En el else......

----------------------------------------
x = 26.000000, y = 231.000000
avance = -399.000000, avanceR = 2.000000, avanceI = 2.000000
inc_x_r = 0.000000, inc_y_r = 1.000000, inc_x_i = 1.000000, inc_y_i = 1.000000
En el else......

----------------------------------------
x = 26.000000, y = 232.000000
avance = -397.000000, avanceR = 2.000000, avanceI = 2.000000
inc_x_r = 0.000000, inc_y_r = 1.000000, inc_x_i = 1.000000, inc_y_i = 1.000000
En el else......

----------------------------------------
x = 26.000000, y = 233.000000
avance = -395.000000, avanceR = 2.000000, avanceI = 2.000000
inc_x_r = 0.000000, inc_y_r = 1.000000, inc_x_i = 1.000000, inc_y_i = 1.000000
En el else......

----------------------------------------
x = 26.000000, y = 234.000000
avance = -393.000000, avanceR = 2.000000, avanceI = 2.000000
inc_x_r = 0.000000, inc_y_r = 1.000000, inc_x_i = 1.000000, inc_y_i = 1.000000
En el else......

----------------------------------------
x = 26.000000, y = 235.000000
avance = -391.000000, avanceR = 2.000000, avanceI = 2.000000
inc_x_r = 0.000000, inc_y_r = 1.000000, inc_x_i = 1.000000, inc_y_i = 1.000000
En el else......

----------------------------------------
x = 26.000000, y = 236.000000
avance = -389.000000, avanceR = 2.000000, avanceI = 2.000000
inc_x_r = 0.000000, inc_y_r = 1.000000, inc_x_i = 1.000000, inc_y_i = 1.000000
En el else......

----------------------------------------
x = 26.000000, y = 237.000000
avance = -387.000000, avanceR = 2.000000, avanceI = 2.000000
inc_x_r = 0.000000, inc_y_r = 1.000000, inc_x_i = 1.000000, inc_y_i = 1.000000
En el else......

----------------------------------------
x = 26.000000, y = 238.000000
avance = -385.000000, avanceR = 2.000000, avanceI = 2.000000
inc_x_r = 0.000000, inc_y_r = 1.000000, inc_x_i = 1.000000, inc_y_i = 1.000000
En el else......

----------------------------------------
x = 26.000000, y = 239.000000
avance = -383.000000, avanceR = 2.000000, avanceI = 2.000000
inc_x_r = 0.000000, inc_y_r = 1.000000, inc_x_i = 1.000000, inc_y_i = 1.000000
En el else......

----------------------------------------
x = 26.000000, y = 240.000000
avance = -381.000000, avanceR = 2.000000, avanceI = 2.000000
inc_x_r = 0.000000, inc_y_r = 1.000000, inc_x_i = 1.000000, inc_y_i = 1.000000
En el else......

----------------------------------------
x = 26.000000, y = 241.000000
avance = -379.000000, avanceR = 2.000000, avanceI = 2.000000
inc_x_r = 0.000000, inc_y_r = 1.000000, inc_x_i = 1.000000, inc_y_i = 1.000000
En el else......

----------------------------------------
x = 26.000000, y = 242.000000
avance = -377.000000, avanceR = 2.000000, avanceI = 2.000000
inc_x_r = 0.000000, inc_y_r = 1.000000, inc_x_i = 1.000000, inc_y_i = 1.000000
En el else......

----------------------------------------
x = 26.000000, y = 243.000000
avance = -375.000000, avanceR = 2.000000, avanceI = 2.000000
inc_x_r = 0.000000, inc_y_r = 1.000000, inc_x_i = 1.000000, inc_y_i = 1.000000
En el else......

----------------------------------------
x = 26.000000, y = 244.000000
avance = -373.000000, avanceR = 2.000000, avanceI = 2.000000
inc_x_r = 0.000000, inc_y_r = 1.000000, inc_x_i = 1.000000, inc_y_i = 1.000000
En el else......

----------------------------------------
x = 26.000000, y = 245.000000
avance = -371.000000, avanceR = 2.000000, avanceI = 2.000000
inc_x_r = 0.000000, inc_y_r = 1.000000, inc_x_i = 1.000000, inc_y_i = 1.000000
En el else......

----------------------------------------
x = 26.000000, y = 246.000000
avance = -369.000000, avanceR = 2.000000, avanceI = 2.000000
inc_x_r = 0.000000, inc_y_r = 1.000000, inc_x_i = 1.000000, inc_y_i = 1.000000
En el else......

----------------------------------------
x = 26.000000, y = 247.000000
avance = -367.000000, avanceR = 2.000000, avanceI = 2.000000
inc_x_r = 0.000000, inc_y_r = 1.000000, inc_x_i = 1.000000, inc_y_i = 1.000000
En el else......

----------------------------------------
x = 26.000000, y = 248.000000
avance = -365.000000, avanceR = 2.000000, avanceI = 2.000000
inc_x_r = 0.000000, inc_y_r = 1.000000, inc_x_i = 1.000000, inc_y_i = 1.000000
En el else......

----------------------------------------
x = 26.000000, y = 249.000000
avance = -363.000000, avanceR = 2.000000, avanceI = 2.000000
inc_x_r = 0.000000, inc_y_r = 1.000000, inc_x_i = 1.000000, inc_y_i = 1.000000
En el else......

----------------------------------------
x = 26.000000, y = 250.000000
avance = -361.000000, avanceR = 2.000000, avanceI = 2.000000
inc_x_r = 0.000000, inc_y_r = 1.000000, inc_x_i = 1.000000, inc_y_i = 1.000000
En el else......

----------------------------------------
x = 26.000000, y = 251.000000
avance = -359.000000, avanceR = 2.000000, avanceI = 2.000000
inc_x_r = 0.000000, inc_y_r = 1.000000, inc_x_i = 1.000000, inc_y_i = 1.000000
En el else......

----------------------------------------
x = 26.000000, y = 252.000000
avance = -357.000000, avanceR = 2.000000, avanceI = 2.000000
inc_x_r = 0.000000, inc_y_r = 1.000000, inc_x_i = 1.000000, inc_y_i = 1.000000
En el else......

----------------------------------------
x = 26.000000, y = 253.000000
avance = -355.000000, avanceR = 2.000000, avanceI = 2.000000
inc_x_r = 0.000000, inc_y_r = 1.000000, inc_x_i = 1.000000, inc_y_i = 1.000000
En el else......

----------------------------------------
x = 26.000000, y = 254.000000
avance = -353.000000, avanceR = 2.000000, avanceI = 2.000000
inc_x_r = 0.000000, inc_y_r = 1.000000, inc_x_i = 1.000000, inc_y_i = 1.000000
En el else......

----------------------------------------
x = 26.000000, y = 255.000000
avance = -351.000000, avanceR = 2.000000, avanceI = 2.000000
inc_x_r = 0.000000, inc_y_r = 1.000000, inc_x_i = 1.000000, inc_y_i = 1.000000
En el else......

----------------------------------------
x = 26.000000, y = 256.000000
avance = -349.000000, avanceR = 2.000000, avanceI = 2.000000
inc_x_r = 0.000000, inc_y_r = 1.000000, inc_x_i = 1.000000, inc_y_i = 1.000000
En el else......

----------------------------------------
x = 26.000000, y = 257.000000
avance = -347.000000, avanceR = 2.000000, avanceI = 2.000000
inc_x_r = 0.000000, inc_y_r = 1.000000, inc_x_i = 1.000000, inc_y_i = 1.000000
En el else......

----------------------------------------
x = 26.000000, y = 258.000000
avance = -345.000000, avanceR = 2.000000, avanceI = 2.000000
inc_x_r = 0.000000, inc_y_r = 1.000000, inc_x_i = 1.000000, inc_y_i = 1.000000
En el else......

----------------------------------------
x = 26.000000, y = 259.000000
avance = -343.000000, avanceR = 2.000000, avanceI = 2.000000
inc_x_r = 0.000000, inc_y_r = 1.000000, inc_x_i = 1.000000, inc_y_i = 1.000000
En el else......

----------------------------------------
x = 26.000000, y = 260.000000
avance = -341.000000, avanceR = 2.000000, avanceI = 2.000000
inc_x_r = 0.000000, inc_y_r = 1.000000, inc_x_i = 1.000000, inc_y_i = 1.000000
En el else......

----------------------------------------
x = 26.000000, y = 261.000000
avance = -339.000000, avanceR = 2.000000, avanceI = 2.000000
inc_x_r = 0.000000, inc_y_r = 1.000000, inc_x_i = 1.000000, inc_y_i = 1.000000
En el else......

----------------------------------------
x = 26.000000, y = 262.000000
avance = -337.000000, avanceR = 2.000000, avanceI = 2.000000
inc_x_r = 0.000000, inc_y_r = 1.000000, inc_x_i = 1.000000, inc_y_i = 1.000000
En el else......

----------------------------------------
x = 26.000000, y = 263.000000
avance = -335.000000, avanceR = 2.000000, avanceI = 2.000000
inc_x_r = 0.000000, inc_y_r = 1.000000, inc_x_i = 1.000000, inc_y_i = 1.000000
En el else......

----------------------------------------
x = 26.000000, y = 264.000000
avance = -333.000000, avanceR = 2.000000, avanceI = 2.000000
inc_x_r = 0.000000, inc_y_r = 1.000000, inc_x_i = 1.000000, inc_y_i = 1.000000
En el else......

----------------------------------------
x = 26.000000, y = 265.000000
avance = -331.000000, avanceR = 2.000000, avanceI = 2.000000
inc_x_r = 0.000000, inc_y_r = 1.000000, inc_x_i = 1.000000, inc_y_i = 1.000000
En el else......

----------------------------------------
x = 26.000000, y = 266.000000
avance = -329.000000, avanceR = 2.000000, avanceI = 2.000000
inc_x_r = 0.000000, inc_y_r = 1.000000, inc_x_i = 1.000000, inc_y_i = 1.000000
En el else......

----------------------------------------
x = 26.000000, y = 267.000000
avance = -327.000000, avanceR = 2.000000, avanceI = 2.000000
inc_x_r = 0.000000, inc_y_r = 1.000000, inc_x_i = 1.000000, inc_y_i = 1.000000
En el else......

----------------------------------------
x = 26.000000, y = 268.000000
avance = -325.000000, avanceR = 2.000000, avanceI = 2.000000
inc_x_r = 0.000000, inc_y_r = 1.000000, inc_x_i = 1.000000, inc_y_i = 1.000000
En el else......

----------------------------------------
x = 26.000000, y = 269.000000
avance = -323.000000, avanceR = 2.000000, avanceI = 2.000000
inc_x_r = 0.000000, inc_y_r = 1.000000, inc_x_i = 1.000000, inc_y_i = 1.000000
En el else......

----------------------------------------
x = 26.000000, y = 270.000000
avance = -321.000000, avanceR = 2.000000, avanceI = 2.000000
inc_x_r = 0.000000, inc_y_r = 1.000000, inc_x_i = 1.000000, inc_y_i = 1.000000
En el else......

----------------------------------------
x = 26.000000, y = 271.000000
avance = -319.000000, avanceR = 2.000000, avanceI = 2.000000
inc_x_r = 0.000000, inc_y_r = 1.000000, inc_x_i = 1.000000, inc_y_i = 1.000000
En el else......

----------------------------------------
x = 26.000000, y = 272.000000
avance = -317.000000, avanceR = 2.000000, avanceI = 2.000000
inc_x_r = 0.000000, inc_y_r = 1.000000, inc_x_i = 1.000000, inc_y_i = 1.000000
En el else......

----------------------------------------
x = 26.000000, y = 273.000000
avance = -315.000000, avanceR = 2.000000, avanceI = 2.000000
inc_x_r = 0.000000, inc_y_r = 1.000000, inc_x_i = 1.000000, inc_y_i = 1.000000
En el else......

----------------------------------------
x = 26.000000, y = 274.000000
avance = -313.000000, avanceR = 2.000000, avanceI = 2.000000
inc_x_r = 0.000000, inc_y_r = 1.000000, inc_x_i = 1.000000, inc_y_i = 1.000000
En el else......

----------------------------------------
x = 26.000000, y = 275.000000
avance = -311.000000, avanceR = 2.000000, avanceI = 2.000000
inc_x_r = 0.000000, inc_y_r = 1.000000, inc_x_i = 1.000000, inc_y_i = 1.000000
En el else......

----------------------------------------
x = 26.000000, y = 276.000000
avance = -309.000000, avanceR = 2.000000, avanceI = 2.000000
inc_x_r = 0.000000, inc_y_r = 1.000000, inc_x_i = 1.000000, inc_y_i = 1.000000
En el else......

----------------------------------------
x = 26.000000, y = 277.000000
avance = -307.000000, avanceR = 2.000000, avanceI = 2.000000
inc_x_r = 0.000000, inc_y_r = 1.000000, inc_x_i = 1.000000, inc_y_i = 1.000000
En el else......

----------------------------------------
x = 26.000000, y = 278.000000
avance = -305.000000, avanceR = 2.000000, avanceI = 2.000000
inc_x_r = 0.000000, inc_y_r = 1.000000, inc_x_i = 1.000000, inc_y_i = 1.000000
En el else......

----------------------------------------
x = 26.000000, y = 279.000000
avance = -303.000000, avanceR = 2.000000, avanceI = 2.000000
inc_x_r = 0.000000, inc_y_r = 1.000000, inc_x_i = 1.000000, inc_y_i = 1.000000
En el else......

----------------------------------------
x = 26.000000, y = 280.000000
avance = -301.000000, avanceR = 2.000000, avanceI = 2.000000
inc_x_r = 0.000000, inc_y_r = 1.000000, inc_x_i = 1.000000, inc_y_i = 1.000000
En el else......

----------------------------------------
x = 26.000000, y = 281.000000
avance = -299.000000, avanceR = 2.000000, avanceI = 2.000000
inc_x_r = 0.000000, inc_y_r = 1.000000, inc_x_i = 1.000000, inc_y_i = 1.000000
En el else......

----------------------------------------
x = 26.000000, y = 282.000000
avance = -297.000000, avanceR = 2.000000, avanceI = 2.000000
inc_x_r = 0.000000, inc_y_r = 1.000000, inc_x_i = 1.000000, inc_y_i = 1.000000
En el else......

----------------------------------------
x = 26.000000, y = 283.000000
avance = -295.000000, avanceR = 2.000000, avanceI = 2.000000
inc_x_r = 0.000000, inc_y_r = 1.000000, inc_x_i = 1.000000, inc_y_i = 1.000000
En el else......

----------------------------------------
x = 26.000000, y = 284.000000
avance = -293.000000, avanceR = 2.000000, avanceI = 2.000000
inc_x_r = 0.000000, inc_y_r = 1.000000, inc_x_i = 1.000000, inc_y_i = 1.000000
En el else......

----------------------------------------
x = 26.000000, y = 285.000000
avance = -291.000000, avanceR = 2.000000, avanceI = 2.000000
inc_x_r = 0.000000, inc_y_r = 1.000000, inc_x_i = 1.000000, inc_y_i = 1.000000
En el else......

----------------------------------------
x = 26.000000, y = 286.000000
avance = -289.000000, avanceR = 2.000000, avanceI = 2.000000
inc_x_r = 0.000000, inc_y_r = 1.000000, inc_x_i = 1.000000, inc_y_i = 1.000000
En el else......

----------------------------------------
x = 26.000000, y = 287.000000
avance = -287.000000, avanceR = 2.000000, avanceI = 2.000000
inc_x_r = 0.000000, inc_y_r = 1.000000, inc_x_i = 1.000000, inc_y_i = 1.000000
En el else......

----------------------------------------
x = 26.000000, y = 288.000000
avance = -285.000000, avanceR = 2.000000, avanceI = 2.000000
inc_x_r = 0.000000, inc_y_r = 1.000000, inc_x_i = 1.000000, inc_y_i = 1.000000
En el else......

----------------------------------------
x = 26.000000, y = 289.000000
avance = -283.000000, avanceR = 2.000000, avanceI = 2.000000
inc_x_r = 0.000000, inc_y_r = 1.000000, inc_x_i = 1.000000, inc_y_i = 1.000000
En el else......

----------------------------------------
x = 26.000000, y = 290.000000
avance = -281.000000, avanceR = 2.000000, avanceI = 2.000000
inc_x_r = 0.000000, inc_y_r = 1.000000, inc_x_i = 1.000000, inc_y_i = 1.000000
En el else......

----------------------------------------
x = 26.000000, y = 291.000000
avance = -279.000000, avanceR = 2.000000, avanceI = 2.000000
inc_x_r = 0.000000, inc_y_r = 1.000000, inc_x_i = 1.000000, inc_y_i = 1.000000
En el else......

----------------------------------------
x = 26.000000, y = 292.000000
avance = -277.000000, avanceR = 2.000000, avanceI = 2.000000
inc_x_r = 0.000000, inc_y_r = 1.000000, inc_x_i = 1.000000, inc_y_i = 1.000000
En el else......

----------------------------------------
x = 26.000000, y = 293.000000
avance = -275.000000, avanceR = 2.000000, avanceI = 2.000000
inc_x_r = 0.000000, inc_y_r = 1.000000, inc_x_i = 1.000000, inc_y_i = 1.000000
En el else......

----------------------------------------
x = 26.000000, y = 294.000000
avance = -273.000000, avanceR = 2.000000, avanceI = 2.000000
inc_x_r = 0.000000, inc_y_r = 1.000000, inc_x_i = 1.000000, inc_y_i = 1.000000
En el else......

----------------------------------------
x = 26.000000, y = 295.000000
avance = -271.000000, avanceR = 2.000000, avanceI = 2.000000
inc_x_r = 0.000000, inc_y_r = 1.000000, inc_x_i = 1.000000, inc_y_i = 1.000000
En el else......

----------------------------------------
x = 26.000000, y = 296.000000
avance = -269.000000, avanceR = 2.000000, avanceI = 2.000000
inc_x_r = 0.000000, inc_y_r = 1.000000, inc_x_i = 1.000000, inc_y_i = 1.000000
En el else......

----------------------------------------
x = 26.000000, y = 297.000000
avance = -267.000000, avanceR = 2.000000, avanceI = 2.000000
inc_x_r = 0.000000, inc_y_r = 1.000000, inc_x_i = 1.000000, inc_y_i = 1.000000
En el else......

----------------------------------------
x = 26.000000, y = 298.000000
avance = -265.000000, avanceR = 2.000000, avanceI = 2.000000
inc_x_r = 0.000000, inc_y_r = 1.000000, inc_x_i = 1.000000, inc_y_i = 1.000000
En el else......

----------------------------------------
x = 26.000000, y = 299.000000
avance = -263.000000, avanceR = 2.000000, avanceI = 2.000000
inc_x_r = 0.000000, inc_y_r = 1.000000, inc_x_i = 1.000000, inc_y_i = 1.000000
En el else......

----------------------------------------
x = 26.000000, y = 300.000000
avance = -261.000000, avanceR = 2.000000, avanceI = 2.000000
inc_x_r = 0.000000, inc_y_r = 1.000000, inc_x_i = 1.000000, inc_y_i = 1.000000
En el else......

----------------------------------------
x = 26.000000, y = 301.000000
avance = -259.000000, avanceR = 2.000000, avanceI = 2.000000
inc_x_r = 0.000000, inc_y_r = 1.000000, inc_x_i = 1.000000, inc_y_i = 1.000000
En el else......

----------------------------------------
x = 26.000000, y = 302.000000
avance = -257.000000, avanceR = 2.000000, avanceI = 2.000000
inc_x_r = 0.000000, inc_y_r = 1.000000, inc_x_i = 1.000000, inc_y_i = 1.000000
En el else......

----------------------------------------
x = 26.000000, y = 303.000000
avance = -255.000000, avanceR = 2.000000, avanceI = 2.000000
inc_x_r = 0.000000, inc_y_r = 1.000000, inc_x_i = 1.000000, inc_y_i = 1.000000
En el else......

----------------------------------------
x = 26.000000, y = 304.000000
avance = -253.000000, avanceR = 2.000000, avanceI = 2.000000
inc_x_r = 0.000000, inc_y_r = 1.000000, inc_x_i = 1.000000, inc_y_i = 1.000000
En el else......

----------------------------------------
x = 26.000000, y = 305.000000
avance = -251.000000, avanceR = 2.000000, avanceI = 2.000000
inc_x_r = 0.000000, inc_y_r = 1.000000, inc_x_i = 1.000000, inc_y_i = 1.000000
En el else......

----------------------------------------


ENTRAMOS A BRESENHAMªªªª
x1 = 25.000000 - y1 = 55.000000 || x2 = 26.000000 - y2 = 306.000000
dy = 251.000000, dx = 1.000000
avances inclinados: inc_x_i = 1.000000, inc_y_i = 1.000000
updated: dy = 251.000000, dx = 1.000000
avances rectos: inc_x_r = 0.000000, inc_y_r 1.000000
reupdated: dy = 1.000000, dx = 251.000000
avanceR = 2.000000, avance -249.000000, avanceI 2.000000
----------------------------------------
x = 25.000000, y = 55.000000
avance = -249.000000, avanceR = 2.000000, avanceI = 2.000000
inc_x_r = 0.000000, inc_y_r = 1.000000, inc_x_i = 1.000000, inc_y_i = 1.000000
En el else......

----------------------------------------
x = 25.000000, y = 56.000000
avance = -247.000000, avanceR = 2.000000, avanceI = 2.000000
inc_x_r = 0.000000, inc_y_r = 1.000000, inc_x_i = 1.000000, inc_y_i = 1.000000
En el else......

----------------------------------------
x = 25.000000, y = 57.000000
avance = -245.000000, avanceR = 2.000000, avanceI = 2.000000
inc_x_r = 0.000000, inc_y_r = 1.000000, inc_x_i = 1.000000, inc_y_i = 1.000000
En el else......

----------------------------------------
x = 25.000000, y = 58.000000
avance = -243.000000, avanceR = 2.000000, avanceI = 2.000000
inc_x_r = 0.000000, inc_y_r = 1.000000, inc_x_i = 1.000000, inc_y_i = 1.000000
En el else......

----------------------------------------
x = 25.000000, y = 59.000000
avance = -241.000000, avanceR = 2.000000, avanceI = 2.000000
inc_x_r = 0.000000, inc_y_r = 1.000000, inc_x_i = 1.000000, inc_y_i = 1.000000
En el else......

----------------------------------------
x = 25.000000, y = 60.000000
avance = -239.000000, avanceR = 2.000000, avanceI = 2.000000
inc_x_r = 0.000000, inc_y_r = 1.000000, inc_x_i = 1.000000, inc_y_i = 1.000000
En el else......

----------------------------------------
x = 25.000000, y = 61.000000
avance = -237.000000, avanceR = 2.000000, avanceI = 2.000000
inc_x_r = 0.000000, inc_y_r = 1.000000, inc_x_i = 1.000000, inc_y_i = 1.000000
En el else......

----------------------------------------
x = 25.000000, y = 62.000000
avance = -235.000000, avanceR = 2.000000, avanceI = 2.000000
inc_x_r = 0.000000, inc_y_r = 1.000000, inc_x_i = 1.000000, inc_y_i = 1.000000
En el else......

----------------------------------------
x = 25.000000, y = 63.000000
avance = -233.000000, avanceR = 2.000000, avanceI = 2.000000
inc_x_r = 0.000000, inc_y_r = 1.000000, inc_x_i = 1.000000, inc_y_i = 1.000000
En el else......

----------------------------------------
x = 25.000000, y = 64.000000
avance = -231.000000, avanceR = 2.000000, avanceI = 2.000000
inc_x_r = 0.000000, inc_y_r = 1.000000, inc_x_i = 1.000000, inc_y_i = 1.000000
En el else......

----------------------------------------
x = 25.000000, y = 65.000000
avance = -229.000000, avanceR = 2.000000, avanceI = 2.000000
inc_x_r = 0.000000, inc_y_r = 1.000000, inc_x_i = 1.000000, inc_y_i = 1.000000
En el else......

----------------------------------------
x = 25.000000, y = 66.000000
avance = -227.000000, avanceR = 2.000000, avanceI = 2.000000
inc_x_r = 0.000000, inc_y_r = 1.000000, inc_x_i = 1.000000, inc_y_i = 1.000000
En el else......

----------------------------------------
x = 25.000000, y = 67.000000
avance = -225.000000, avanceR = 2.000000, avanceI = 2.000000
inc_x_r = 0.000000, inc_y_r = 1.000000, inc_x_i = 1.000000, inc_y_i = 1.000000
En el else......

----------------------------------------
x = 25.000000, y = 68.000000
avance = -223.000000, avanceR = 2.000000, avanceI = 2.000000
inc_x_r = 0.000000, inc_y_r = 1.000000, inc_x_i = 1.000000, inc_y_i = 1.000000
En el else......

----------------------------------------
x = 25.000000, y = 69.000000
avance = -221.000000, avanceR = 2.000000, avanceI = 2.000000
inc_x_r = 0.000000, inc_y_r = 1.000000, inc_x_i = 1.000000, inc_y_i = 1.000000
En el else......

----------------------------------------
x = 25.000000, y = 70.000000
avance = -219.000000, avanceR = 2.000000, avanceI = 2.000000
inc_x_r = 0.000000, inc_y_r = 1.000000, inc_x_i = 1.000000, inc_y_i = 1.000000
En el else......

----------------------------------------
x = 25.000000, y = 71.000000
avance = -217.000000, avanceR = 2.000000, avanceI = 2.000000
inc_x_r = 0.000000, inc_y_r = 1.000000, inc_x_i = 1.000000, inc_y_i = 1.000000
En el else......

----------------------------------------
x = 25.000000, y = 72.000000
avance = -215.000000, avanceR = 2.000000, avanceI = 2.000000
inc_x_r = 0.000000, inc_y_r = 1.000000, inc_x_i = 1.000000, inc_y_i = 1.000000
En el else......

----------------------------------------
x = 25.000000, y = 73.000000
avance = -213.000000, avanceR = 2.000000, avanceI = 2.000000
inc_x_r = 0.000000, inc_y_r = 1.000000, inc_x_i = 1.000000, inc_y_i = 1.000000
En el else......

----------------------------------------
x = 25.000000, y = 74.000000
avance = -211.000000, avanceR = 2.000000, avanceI = 2.000000
inc_x_r = 0.000000, inc_y_r = 1.000000, inc_x_i = 1.000000, inc_y_i = 1.000000
En el else......

----------------------------------------
x = 25.000000, y = 75.000000
avance = -209.000000, avanceR = 2.000000, avanceI = 2.000000
inc_x_r = 0.000000, inc_y_r = 1.000000, inc_x_i = 1.000000, inc_y_i = 1.000000
En el else......

----------------------------------------
x = 25.000000, y = 76.000000
avance = -207.000000, avanceR = 2.000000, avanceI = 2.000000
inc_x_r = 0.000000, inc_y_r = 1.000000, inc_x_i = 1.000000, inc_y_i = 1.000000
En el else......

----------------------------------------
x = 25.000000, y = 77.000000
avance = -205.000000, avanceR = 2.000000, avanceI = 2.000000
inc_x_r = 0.000000, inc_y_r = 1.000000, inc_x_i = 1.000000, inc_y_i = 1.000000
En el else......

----------------------------------------
x = 25.000000, y = 78.000000
avance = -203.000000, avanceR = 2.000000, avanceI = 2.000000
inc_x_r = 0.000000, inc_y_r = 1.000000, inc_x_i = 1.000000, inc_y_i = 1.000000
En el else......

----------------------------------------
x = 25.000000, y = 79.000000
avance = -201.000000, avanceR = 2.000000, avanceI = 2.000000
inc_x_r = 0.000000, inc_y_r = 1.000000, inc_x_i = 1.000000, inc_y_i = 1.000000
En el else......

----------------------------------------
x = 25.000000, y = 80.000000
avance = -199.000000, avanceR = 2.000000, avanceI = 2.000000
inc_x_r = 0.000000, inc_y_r = 1.000000, inc_x_i = 1.000000, inc_y_i = 1.000000
En el else......

----------------------------------------
x = 25.000000, y = 81.000000
avance = -197.000000, avanceR = 2.000000, avanceI = 2.000000
inc_x_r = 0.000000, inc_y_r = 1.000000, inc_x_i = 1.000000, inc_y_i = 1.000000
En el else......

----------------------------------------
x = 25.000000, y = 82.000000
avance = -195.000000, avanceR = 2.000000, avanceI = 2.000000
inc_x_r = 0.000000, inc_y_r = 1.000000, inc_x_i = 1.000000, inc_y_i = 1.000000
En el else......

----------------------------------------
x = 25.000000, y = 83.000000
avance = -193.000000, avanceR = 2.000000, avanceI = 2.000000
inc_x_r = 0.000000, inc_y_r = 1.000000, inc_x_i = 1.000000, inc_y_i = 1.000000
En el else......

----------------------------------------
x = 25.000000, y = 84.000000
avance = -191.000000, avanceR = 2.000000, avanceI = 2.000000
inc_x_r = 0.000000, inc_y_r = 1.000000, inc_x_i = 1.000000, inc_y_i = 1.000000
En el else......

----------------------------------------
x = 25.000000, y = 85.000000
avance = -189.000000, avanceR = 2.000000, avanceI = 2.000000
inc_x_r = 0.000000, inc_y_r = 1.000000, inc_x_i = 1.000000, inc_y_i = 1.000000
En el else......

----------------------------------------
x = 25.000000, y = 86.000000
avance = -187.000000, avanceR = 2.000000, avanceI = 2.000000
inc_x_r = 0.000000, inc_y_r = 1.000000, inc_x_i = 1.000000, inc_y_i = 1.000000
En el else......

----------------------------------------
x = 25.000000, y = 87.000000
avance = -185.000000, avanceR = 2.000000, avanceI = 2.000000
inc_x_r = 0.000000, inc_y_r = 1.000000, inc_x_i = 1.000000, inc_y_i = 1.000000
En el else......

----------------------------------------
x = 25.000000, y = 88.000000
avance = -183.000000, avanceR = 2.000000, avanceI = 2.000000
inc_x_r = 0.000000, inc_y_r = 1.000000, inc_x_i = 1.000000, inc_y_i = 1.000000
En el else......

----------------------------------------
x = 25.000000, y = 89.000000
avance = -181.000000, avanceR = 2.000000, avanceI = 2.000000
inc_x_r = 0.000000, inc_y_r = 1.000000, inc_x_i = 1.000000, inc_y_i = 1.000000
En el else......

----------------------------------------
x = 25.000000, y = 90.000000
avance = -179.000000, avanceR = 2.000000, avanceI = 2.000000
inc_x_r = 0.000000, inc_y_r = 1.000000, inc_x_i = 1.000000, inc_y_i = 1.000000
En el else......

----------------------------------------
x = 25.000000, y = 91.000000
avance = -177.000000, avanceR = 2.000000, avanceI = 2.000000
inc_x_r = 0.000000, inc_y_r = 1.000000, inc_x_i = 1.000000, inc_y_i = 1.000000
En el else......

----------------------------------------
x = 25.000000, y = 92.000000
avance = -175.000000, avanceR = 2.000000, avanceI = 2.000000
inc_x_r = 0.000000, inc_y_r = 1.000000, inc_x_i = 1.000000, inc_y_i = 1.000000
En el else......

----------------------------------------
x = 25.000000, y = 93.000000
avance = -173.000000, avanceR = 2.000000, avanceI = 2.000000
inc_x_r = 0.000000, inc_y_r = 1.000000, inc_x_i = 1.000000, inc_y_i = 1.000000
En el else......

----------------------------------------
x = 25.000000, y = 94.000000
avance = -171.000000, avanceR = 2.000000, avanceI = 2.000000
inc_x_r = 0.000000, inc_y_r = 1.000000, inc_x_i = 1.000000, inc_y_i = 1.000000
En el else......

----------------------------------------
x = 25.000000, y = 95.000000
avance = -169.000000, avanceR = 2.000000, avanceI = 2.000000
inc_x_r = 0.000000, inc_y_r = 1.000000, inc_x_i = 1.000000, inc_y_i = 1.000000
En el else......

----------------------------------------
x = 25.000000, y = 96.000000
avance = -167.000000, avanceR = 2.000000, avanceI = 2.000000
inc_x_r = 0.000000, inc_y_r = 1.000000, inc_x_i = 1.000000, inc_y_i = 1.000000
En el else......

----------------------------------------
x = 25.000000, y = 97.000000
avance = -165.000000, avanceR = 2.000000, avanceI = 2.000000
inc_x_r = 0.000000, inc_y_r = 1.000000, inc_x_i = 1.000000, inc_y_i = 1.000000
En el else......

----------------------------------------
x = 25.000000, y = 98.000000
avance = -163.000000, avanceR = 2.000000, avanceI = 2.000000
inc_x_r = 0.000000, inc_y_r = 1.000000, inc_x_i = 1.000000, inc_y_i = 1.000000
En el else......

----------------------------------------
x = 25.000000, y = 99.000000
avance = -161.000000, avanceR = 2.000000, avanceI = 2.000000
inc_x_r = 0.000000, inc_y_r = 1.000000, inc_x_i = 1.000000, inc_y_i = 1.000000
En el else......

----------------------------------------
x = 25.000000, y = 100.000000
avance = -159.000000, avanceR = 2.000000, avanceI = 2.000000
inc_x_r = 0.000000, inc_y_r = 1.000000, inc_x_i = 1.000000, inc_y_i = 1.000000
En el else......

----------------------------------------
x = 25.000000, y = 101.000000
avance = -157.000000, avanceR = 2.000000, avanceI = 2.000000
inc_x_r = 0.000000, inc_y_r = 1.000000, inc_x_i = 1.000000, inc_y_i = 1.000000
En el else......

----------------------------------------
x = 25.000000, y = 102.000000
avance = -155.000000, avanceR = 2.000000, avanceI = 2.000000
inc_x_r = 0.000000, inc_y_r = 1.000000, inc_x_i = 1.000000, inc_y_i = 1.000000
En el else......

----------------------------------------
x = 25.000000, y = 103.000000
avance = -153.000000, avanceR = 2.000000, avanceI = 2.000000
inc_x_r = 0.000000, inc_y_r = 1.000000, inc_x_i = 1.000000, inc_y_i = 1.000000
En el else......

----------------------------------------
x = 25.000000, y = 104.000000
avance = -151.000000, avanceR = 2.000000, avanceI = 2.000000
inc_x_r = 0.000000, inc_y_r = 1.000000, inc_x_i = 1.000000, inc_y_i = 1.000000
En el else......

----------------------------------------
x = 25.000000, y = 105.000000
avance = -149.000000, avanceR = 2.000000, avanceI = 2.000000
inc_x_r = 0.000000, inc_y_r = 1.000000, inc_x_i = 1.000000, inc_y_i = 1.000000
En el else......

----------------------------------------
x = 25.000000, y = 106.000000
avance = -147.000000, avanceR = 2.000000, avanceI = 2.000000
inc_x_r = 0.000000, inc_y_r = 1.000000, inc_x_i = 1.000000, inc_y_i = 1.000000
En el else......

----------------------------------------
x = 25.000000, y = 107.000000
avance = -145.000000, avanceR = 2.000000, avanceI = 2.000000
inc_x_r = 0.000000, inc_y_r = 1.000000, inc_x_i = 1.000000, inc_y_i = 1.000000
En el else......

----------------------------------------
x = 25.000000, y = 108.000000
avance = -143.000000, avanceR = 2.000000, avanceI = 2.000000
inc_x_r = 0.000000, inc_y_r = 1.000000, inc_x_i = 1.000000, inc_y_i = 1.000000
En el else......

----------------------------------------
x = 25.000000, y = 109.000000
avance = -141.000000, avanceR = 2.000000, avanceI = 2.000000
inc_x_r = 0.000000, inc_y_r = 1.000000, inc_x_i = 1.000000, inc_y_i = 1.000000
En el else......

----------------------------------------
x = 25.000000, y = 110.000000
avance = -139.000000, avanceR = 2.000000, avanceI = 2.000000
inc_x_r = 0.000000, inc_y_r = 1.000000, inc_x_i = 1.000000, inc_y_i = 1.000000
En el else......

----------------------------------------
x = 25.000000, y = 111.000000
avance = -137.000000, avanceR = 2.000000, avanceI = 2.000000
inc_x_r = 0.000000, inc_y_r = 1.000000, inc_x_i = 1.000000, inc_y_i = 1.000000
En el else......

----------------------------------------
x = 25.000000, y = 112.000000
avance = -135.000000, avanceR = 2.000000, avanceI = 2.000000
inc_x_r = 0.000000, inc_y_r = 1.000000, inc_x_i = 1.000000, inc_y_i = 1.000000
En el else......

----------------------------------------
x = 25.000000, y = 113.000000
avance = -133.000000, avanceR = 2.000000, avanceI = 2.000000
inc_x_r = 0.000000, inc_y_r = 1.000000, inc_x_i = 1.000000, inc_y_i = 1.000000
En el else......

----------------------------------------
x = 25.000000, y = 114.000000
avance = -131.000000, avanceR = 2.000000, avanceI = 2.000000
inc_x_r = 0.000000, inc_y_r = 1.000000, inc_x_i = 1.000000, inc_y_i = 1.000000
En el else......

----------------------------------------
x = 25.000000, y = 115.000000
avance = -129.000000, avanceR = 2.000000, avanceI = 2.000000
inc_x_r = 0.000000, inc_y_r = 1.000000, inc_x_i = 1.000000, inc_y_i = 1.000000
En el else......

----------------------------------------
x = 25.000000, y = 116.000000
avance = -127.000000, avanceR = 2.000000, avanceI = 2.000000
inc_x_r = 0.000000, inc_y_r = 1.000000, inc_x_i = 1.000000, inc_y_i = 1.000000
En el else......

----------------------------------------
x = 25.000000, y = 117.000000
avance = -125.000000, avanceR = 2.000000, avanceI = 2.000000
inc_x_r = 0.000000, inc_y_r = 1.000000, inc_x_i = 1.000000, inc_y_i = 1.000000
En el else......

----------------------------------------
x = 25.000000, y = 118.000000
avance = -123.000000, avanceR = 2.000000, avanceI = 2.000000
inc_x_r = 0.000000, inc_y_r = 1.000000, inc_x_i = 1.000000, inc_y_i = 1.000000
En el else......

----------------------------------------
x = 25.000000, y = 119.000000
avance = -121.000000, avanceR = 2.000000, avanceI = 2.000000
inc_x_r = 0.000000, inc_y_r = 1.000000, inc_x_i = 1.000000, inc_y_i = 1.000000
En el else......

----------------------------------------
x = 25.000000, y = 120.000000
avance = -119.000000, avanceR = 2.000000, avanceI = 2.000000
inc_x_r = 0.000000, inc_y_r = 1.000000, inc_x_i = 1.000000, inc_y_i = 1.000000
En el else......

----------------------------------------
x = 25.000000, y = 121.000000
avance = -117.000000, avanceR = 2.000000, avanceI = 2.000000
inc_x_r = 0.000000, inc_y_r = 1.000000, inc_x_i = 1.000000, inc_y_i = 1.000000
En el else......

----------------------------------------
x = 25.000000, y = 122.000000
avance = -115.000000, avanceR = 2.000000, avanceI = 2.000000
inc_x_r = 0.000000, inc_y_r = 1.000000, inc_x_i = 1.000000, inc_y_i = 1.000000
En el else......

----------------------------------------
x = 25.000000, y = 123.000000
avance = -113.000000, avanceR = 2.000000, avanceI = 2.000000
inc_x_r = 0.000000, inc_y_r = 1.000000, inc_x_i = 1.000000, inc_y_i = 1.000000
En el else......

----------------------------------------
x = 25.000000, y = 124.000000
avance = -111.000000, avanceR = 2.000000, avanceI = 2.000000
inc_x_r = 0.000000, inc_y_r = 1.000000, inc_x_i = 1.000000, inc_y_i = 1.000000
En el else......

----------------------------------------
x = 25.000000, y = 125.000000
avance = -109.000000, avanceR = 2.000000, avanceI = 2.000000
inc_x_r = 0.000000, inc_y_r = 1.000000, inc_x_i = 1.000000, inc_y_i = 1.000000
En el else......

----------------------------------------
x = 25.000000, y = 126.000000
avance = -107.000000, avanceR = 2.000000, avanceI = 2.000000
inc_x_r = 0.000000, inc_y_r = 1.000000, inc_x_i = 1.000000, inc_y_i = 1.000000
En el else......

----------------------------------------
x = 25.000000, y = 127.000000
avance = -105.000000, avanceR = 2.000000, avanceI = 2.000000
inc_x_r = 0.000000, inc_y_r = 1.000000, inc_x_i = 1.000000, inc_y_i = 1.000000
En el else......

----------------------------------------
x = 25.000000, y = 128.000000
avance = -103.000000, avanceR = 2.000000, avanceI = 2.000000
inc_x_r = 0.000000, inc_y_r = 1.000000, inc_x_i = 1.000000, inc_y_i = 1.000000
En el else......

----------------------------------------
x = 25.000000, y = 129.000000
avance = -101.000000, avanceR = 2.000000, avanceI = 2.000000
inc_x_r = 0.000000, inc_y_r = 1.000000, inc_x_i = 1.000000, inc_y_i = 1.000000
En el else......

----------------------------------------
x = 25.000000, y = 130.000000
avance = -99.000000, avanceR = 2.000000, avanceI = 2.000000
inc_x_r = 0.000000, inc_y_r = 1.000000, inc_x_i = 1.000000, inc_y_i = 1.000000
En el else......

----------------------------------------
x = 25.000000, y = 131.000000
avance = -97.000000, avanceR = 2.000000, avanceI = 2.000000
inc_x_r = 0.000000, inc_y_r = 1.000000, inc_x_i = 1.000000, inc_y_i = 1.000000
En el else......

----------------------------------------
x = 25.000000, y = 132.000000
avance = -95.000000, avanceR = 2.000000, avanceI = 2.000000
inc_x_r = 0.000000, inc_y_r = 1.000000, inc_x_i = 1.000000, inc_y_i = 1.000000
En el else......

----------------------------------------
x = 25.000000, y = 133.000000
avance = -93.000000, avanceR = 2.000000, avanceI = 2.000000
inc_x_r = 0.000000, inc_y_r = 1.000000, inc_x_i = 1.000000, inc_y_i = 1.000000
En el else......

----------------------------------------
x = 25.000000, y = 134.000000
avance = -91.000000, avanceR = 2.000000, avanceI = 2.000000
inc_x_r = 0.000000, inc_y_r = 1.000000, inc_x_i = 1.000000, inc_y_i = 1.000000
En el else......

----------------------------------------
x = 25.000000, y = 135.000000
avance = -89.000000, avanceR = 2.000000, avanceI = 2.000000
inc_x_r = 0.000000, inc_y_r = 1.000000, inc_x_i = 1.000000, inc_y_i = 1.000000
En el else......

----------------------------------------
x = 25.000000, y = 136.000000
avance = -87.000000, avanceR = 2.000000, avanceI = 2.000000
inc_x_r = 0.000000, inc_y_r = 1.000000, inc_x_i = 1.000000, inc_y_i = 1.000000
En el else......

----------------------------------------
x = 25.000000, y = 137.000000
avance = -85.000000, avanceR = 2.000000, avanceI = 2.000000
inc_x_r = 0.000000, inc_y_r = 1.000000, inc_x_i = 1.000000, inc_y_i = 1.000000
En el else......

----------------------------------------
x = 25.000000, y = 138.000000
avance = -83.000000, avanceR = 2.000000, avanceI = 2.000000
inc_x_r = 0.000000, inc_y_r = 1.000000, inc_x_i = 1.000000, inc_y_i = 1.000000
En el else......

----------------------------------------
x = 25.000000, y = 139.000000
avance = -81.000000, avanceR = 2.000000, avanceI = 2.000000
inc_x_r = 0.000000, inc_y_r = 1.000000, inc_x_i = 1.000000, inc_y_i = 1.000000
En el else......

----------------------------------------
x = 25.000000, y = 140.000000
avance = -79.000000, avanceR = 2.000000, avanceI = 2.000000
inc_x_r = 0.000000, inc_y_r = 1.000000, inc_x_i = 1.000000, inc_y_i = 1.000000
En el else......

----------------------------------------
x = 25.000000, y = 141.000000
avance = -77.000000, avanceR = 2.000000, avanceI = 2.000000
inc_x_r = 0.000000, inc_y_r = 1.000000, inc_x_i = 1.000000, inc_y_i = 1.000000
En el else......

----------------------------------------
x = 25.000000, y = 142.000000
avance = -75.000000, avanceR = 2.000000, avanceI = 2.000000
inc_x_r = 0.000000, inc_y_r = 1.000000, inc_x_i = 1.000000, inc_y_i = 1.000000
En el else......

----------------------------------------
x = 25.000000, y = 143.000000
avance = -73.000000, avanceR = 2.000000, avanceI = 2.000000
inc_x_r = 0.000000, inc_y_r = 1.000000, inc_x_i = 1.000000, inc_y_i = 1.000000
En el else......

----------------------------------------
x = 25.000000, y = 144.000000
avance = -71.000000, avanceR = 2.000000, avanceI = 2.000000
inc_x_r = 0.000000, inc_y_r = 1.000000, inc_x_i = 1.000000, inc_y_i = 1.000000
En el else......

----------------------------------------
x = 25.000000, y = 145.000000
avance = -69.000000, avanceR = 2.000000, avanceI = 2.000000
inc_x_r = 0.000000, inc_y_r = 1.000000, inc_x_i = 1.000000, inc_y_i = 1.000000
En el else......

----------------------------------------
x = 25.000000, y = 146.000000
avance = -67.000000, avanceR = 2.000000, avanceI = 2.000000
inc_x_r = 0.000000, inc_y_r = 1.000000, inc_x_i = 1.000000, inc_y_i = 1.000000
En el else......

----------------------------------------
x = 25.000000, y = 147.000000
avance = -65.000000, avanceR = 2.000000, avanceI = 2.000000
inc_x_r = 0.000000, inc_y_r = 1.000000, inc_x_i = 1.000000, inc_y_i = 1.000000
En el else......

----------------------------------------
x = 25.000000, y = 148.000000
avance = -63.000000, avanceR = 2.000000, avanceI = 2.000000
inc_x_r = 0.000000, inc_y_r = 1.000000, inc_x_i = 1.000000, inc_y_i = 1.000000
En el else......

----------------------------------------
x = 25.000000, y = 149.000000
avance = -61.000000, avanceR = 2.000000, avanceI = 2.000000
inc_x_r = 0.000000, inc_y_r = 1.000000, inc_x_i = 1.000000, inc_y_i = 1.000000
En el else......

----------------------------------------
x = 25.000000, y = 150.000000
avance = -59.000000, avanceR = 2.000000, avanceI = 2.000000
inc_x_r = 0.000000, inc_y_r = 1.000000, inc_x_i = 1.000000, inc_y_i = 1.000000
En el else......

----------------------------------------
x = 25.000000, y = 151.000000
avance = -57.000000, avanceR = 2.000000, avanceI = 2.000000
inc_x_r = 0.000000, inc_y_r = 1.000000, inc_x_i = 1.000000, inc_y_i = 1.000000
En el else......

----------------------------------------
x = 25.000000, y = 152.000000
avance = -55.000000, avanceR = 2.000000, avanceI = 2.000000
inc_x_r = 0.000000, inc_y_r = 1.000000, inc_x_i = 1.000000, inc_y_i = 1.000000
En el else......

----------------------------------------
x = 25.000000, y = 153.000000
avance = -53.000000, avanceR = 2.000000, avanceI = 2.000000
inc_x_r = 0.000000, inc_y_r = 1.000000, inc_x_i = 1.000000, inc_y_i = 1.000000
En el else......

----------------------------------------
x = 25.000000, y = 154.000000
avance = -51.000000, avanceR = 2.000000, avanceI = 2.000000
inc_x_r = 0.000000, inc_y_r = 1.000000, inc_x_i = 1.000000, inc_y_i = 1.000000
En el else......

----------------------------------------
x = 25.000000, y = 155.000000
avance = -49.000000, avanceR = 2.000000, avanceI = 2.000000
inc_x_r = 0.000000, inc_y_r = 1.000000, inc_x_i = 1.000000, inc_y_i = 1.000000
En el else......

----------------------------------------
x = 25.000000, y = 156.000000
avance = -47.000000, avanceR = 2.000000, avanceI = 2.000000
inc_x_r = 0.000000, inc_y_r = 1.000000, inc_x_i = 1.000000, inc_y_i = 1.000000
En el else......

----------------------------------------
x = 25.000000, y = 157.000000
avance = -45.000000, avanceR = 2.000000, avanceI = 2.000000
inc_x_r = 0.000000, inc_y_r = 1.000000, inc_x_i = 1.000000, inc_y_i = 1.000000
En el else......

----------------------------------------
x = 25.000000, y = 158.000000
avance = -43.000000, avanceR = 2.000000, avanceI = 2.000000
inc_x_r = 0.000000, inc_y_r = 1.000000, inc_x_i = 1.000000, inc_y_i = 1.000000
En el else......

----------------------------------------
x = 25.000000, y = 159.000000
avance = -41.000000, avanceR = 2.000000, avanceI = 2.000000
inc_x_r = 0.000000, inc_y_r = 1.000000, inc_x_i = 1.000000, inc_y_i = 1.000000
En el else......

----------------------------------------
x = 25.000000, y = 160.000000
avance = -39.000000, avanceR = 2.000000, avanceI = 2.000000
inc_x_r = 0.000000, inc_y_r = 1.000000, inc_x_i = 1.000000, inc_y_i = 1.000000
En el else......

----------------------------------------
x = 25.000000, y = 161.000000
avance = -37.000000, avanceR = 2.000000, avanceI = 2.000000
inc_x_r = 0.000000, inc_y_r = 1.000000, inc_x_i = 1.000000, inc_y_i = 1.000000
En el else......

----------------------------------------
x = 25.000000, y = 162.000000
avance = -35.000000, avanceR = 2.000000, avanceI = 2.000000
inc_x_r = 0.000000, inc_y_r = 1.000000, inc_x_i = 1.000000, inc_y_i = 1.000000
En el else......

----------------------------------------
x = 25.000000, y = 163.000000
avance = -33.000000, avanceR = 2.000000, avanceI = 2.000000
inc_x_r = 0.000000, inc_y_r = 1.000000, inc_x_i = 1.000000, inc_y_i = 1.000000
En el else......

----------------------------------------
x = 25.000000, y = 164.000000
avance = -31.000000, avanceR = 2.000000, avanceI = 2.000000
inc_x_r = 0.000000, inc_y_r = 1.000000, inc_x_i = 1.000000, inc_y_i = 1.000000
En el else......

----------------------------------------
x = 25.000000, y = 165.000000
avance = -29.000000, avanceR = 2.000000, avanceI = 2.000000
inc_x_r = 0.000000, inc_y_r = 1.000000, inc_x_i = 1.000000, inc_y_i = 1.000000
En el else......

----------------------------------------
x = 25.000000, y = 166.000000
avance = -27.000000, avanceR = 2.000000, avanceI = 2.000000
inc_x_r = 0.000000, inc_y_r = 1.000000, inc_x_i = 1.000000, inc_y_i = 1.000000
En el else......

----------------------------------------
x = 25.000000, y = 167.000000
avance = -25.000000, avanceR = 2.000000, avanceI = 2.000000
inc_x_r = 0.000000, inc_y_r = 1.000000, inc_x_i = 1.000000, inc_y_i = 1.000000
En el else......

----------------------------------------
x = 25.000000, y = 168.000000
avance = -23.000000, avanceR = 2.000000, avanceI = 2.000000
inc_x_r = 0.000000, inc_y_r = 1.000000, inc_x_i = 1.000000, inc_y_i = 1.000000
En el else......

----------------------------------------
x = 25.000000, y = 169.000000
avance = -21.000000, avanceR = 2.000000, avanceI = 2.000000
inc_x_r = 0.000000, inc_y_r = 1.000000, inc_x_i = 1.000000, inc_y_i = 1.000000
En el else......

----------------------------------------
x = 25.000000, y = 170.000000
avance = -19.000000, avanceR = 2.000000, avanceI = 2.000000
inc_x_r = 0.000000, inc_y_r = 1.000000, inc_x_i = 1.000000, inc_y_i = 1.000000
En el else......

----------------------------------------
x = 25.000000, y = 171.000000
avance = -17.000000, avanceR = 2.000000, avanceI = 2.000000
inc_x_r = 0.000000, inc_y_r = 1.000000, inc_x_i = 1.000000, inc_y_i = 1.000000
En el else......

----------------------------------------
x = 25.000000, y = 172.000000
avance = -15.000000, avanceR = 2.000000, avanceI = 2.000000
inc_x_r = 0.000000, inc_y_r = 1.000000, inc_x_i = 1.000000, inc_y_i = 1.000000
En el else......

----------------------------------------
x = 25.000000, y = 173.000000
avance = -13.000000, avanceR = 2.000000, avanceI = 2.000000
inc_x_r = 0.000000, inc_y_r = 1.000000, inc_x_i = 1.000000, inc_y_i = 1.000000
En el else......

----------------------------------------
x = 25.000000, y = 174.000000
avance = -11.000000, avanceR = 2.000000, avanceI = 2.000000
inc_x_r = 0.000000, inc_y_r = 1.000000, inc_x_i = 1.000000, inc_y_i = 1.000000
En el else......

----------------------------------------
x = 25.000000, y = 175.000000
avance = -9.000000, avanceR = 2.000000, avanceI = 2.000000
inc_x_r = 0.000000, inc_y_r = 1.000000, inc_x_i = 1.000000, inc_y_i = 1.000000
En el else......

----------------------------------------
x = 25.000000, y = 176.000000
avance = -7.000000, avanceR = 2.000000, avanceI = 2.000000
inc_x_r = 0.000000, inc_y_r = 1.000000, inc_x_i = 1.000000, inc_y_i = 1.000000
En el else......

----------------------------------------
x = 25.000000, y = 177.000000
avance = -5.000000, avanceR = 2.000000, avanceI = 2.000000
inc_x_r = 0.000000, inc_y_r = 1.000000, inc_x_i = 1.000000, inc_y_i = 1.000000
En el else......

----------------------------------------
x = 25.000000, y = 178.000000
avance = -3.000000, avanceR = 2.000000, avanceI = 2.000000
inc_x_r = 0.000000, inc_y_r = 1.000000, inc_x_i = 1.000000, inc_y_i = 1.000000
En el else......

----------------------------------------
x = 25.000000, y = 179.000000
avance = -1.000000, avanceR = 2.000000, avanceI = 2.000000
inc_x_r = 0.000000, inc_y_r = 1.000000, inc_x_i = 1.000000, inc_y_i = 1.000000
En el else......

----------------------------------------
x = 25.000000, y = 180.000000
avance = 1.000000, avanceR = 2.000000, avanceI = 2.000000
inc_x_r = 0.000000, inc_y_r = 1.000000, inc_x_i = 1.000000, inc_y_i = 1.000000
avance >= 0

----------------------------------------
x = 26.000000, y = 181.000000
avance = -499.000000, avanceR = 2.000000, avanceI = 2.000000
inc_x_r = 0.000000, inc_y_r = 1.000000, inc_x_i = 1.000000, inc_y_i = 1.000000
En el else......

----------------------------------------
x = 26.000000, y = 182.000000
avance = -497.000000, avanceR = 2.000000, avanceI = 2.000000
inc_x_r = 0.000000, inc_y_r = 1.000000, inc_x_i = 1.000000, inc_y_i = 1.000000
En el else......

----------------------------------------
x = 26.000000, y = 183.000000
avance = -495.000000, avanceR = 2.000000, avanceI = 2.000000
inc_x_r = 0.000000, inc_y_r = 1.000000, inc_x_i = 1.000000, inc_y_i = 1.000000
En el else......

----------------------------------------
x = 26.000000, y = 184.000000
avance = -493.000000, avanceR = 2.000000, avanceI = 2.000000
inc_x_r = 0.000000, inc_y_r = 1.000000, inc_x_i = 1.000000, inc_y_i = 1.000000
En el else......

----------------------------------------
x = 26.000000, y = 185.000000
avance = -491.000000, avanceR = 2.000000, avanceI = 2.000000
inc_x_r = 0.000000, inc_y_r = 1.000000, inc_x_i = 1.000000, inc_y_i = 1.000000
En el else......

----------------------------------------
x = 26.000000, y = 186.000000
avance = -489.000000, avanceR = 2.000000, avanceI = 2.000000
inc_x_r = 0.000000, inc_y_r = 1.000000, inc_x_i = 1.000000, inc_y_i = 1.000000
En el else......

----------------------------------------
x = 26.000000, y = 187.000000
avance = -487.000000, avanceR = 2.000000, avanceI = 2.000000
inc_x_r = 0.000000, inc_y_r = 1.000000, inc_x_i = 1.000000, inc_y_i = 1.000000
En el else......

----------------------------------------
x = 26.000000, y = 188.000000
avance = -485.000000, avanceR = 2.000000, avanceI = 2.000000
inc_x_r = 0.000000, inc_y_r = 1.000000, inc_x_i = 1.000000, inc_y_i = 1.000000
En el else......

----------------------------------------
x = 26.000000, y = 189.000000
avance = -483.000000, avanceR = 2.000000, avanceI = 2.000000
inc_x_r = 0.000000, inc_y_r = 1.000000, inc_x_i = 1.000000, inc_y_i = 1.000000
En el else......

----------------------------------------
x = 26.000000, y = 190.000000
avance = -481.000000, avanceR = 2.000000, avanceI = 2.000000
inc_x_r = 0.000000, inc_y_r = 1.000000, inc_x_i = 1.000000, inc_y_i = 1.000000
En el else......

----------------------------------------
x = 26.000000, y = 191.000000
avance = -479.000000, avanceR = 2.000000, avanceI = 2.000000
inc_x_r = 0.000000, inc_y_r = 1.000000, inc_x_i = 1.000000, inc_y_i = 1.000000
En el else......

----------------------------------------
x = 26.000000, y = 192.000000
avance = -477.000000, avanceR = 2.000000, avanceI = 2.000000
inc_x_r = 0.000000, inc_y_r = 1.000000, inc_x_i = 1.000000, inc_y_i = 1.000000
En el else......

----------------------------------------
x = 26.000000, y = 193.000000
avance = -475.000000, avanceR = 2.000000, avanceI = 2.000000
inc_x_r = 0.000000, inc_y_r = 1.000000, inc_x_i = 1.000000, inc_y_i = 1.000000
En el else......

----------------------------------------
x = 26.000000, y = 194.000000
avance = -473.000000, avanceR = 2.000000, avanceI = 2.000000
inc_x_r = 0.000000, inc_y_r = 1.000000, inc_x_i = 1.000000, inc_y_i = 1.000000
En el else......

----------------------------------------
x = 26.000000, y = 195.000000
avance = -471.000000, avanceR = 2.000000, avanceI = 2.000000
inc_x_r = 0.000000, inc_y_r = 1.000000, inc_x_i = 1.000000, inc_y_i = 1.000000
En el else......

----------------------------------------
x = 26.000000, y = 196.000000
avance = -469.000000, avanceR = 2.000000, avanceI = 2.000000
inc_x_r = 0.000000, inc_y_r = 1.000000, inc_x_i = 1.000000, inc_y_i = 1.000000
En el else......

----------------------------------------
x = 26.000000, y = 197.000000
avance = -467.000000, avanceR = 2.000000, avanceI = 2.000000
inc_x_r = 0.000000, inc_y_r = 1.000000, inc_x_i = 1.000000, inc_y_i = 1.000000
En el else......

----------------------------------------
x = 26.000000, y = 198.000000
avance = -465.000000, avanceR = 2.000000, avanceI = 2.000000
inc_x_r = 0.000000, inc_y_r = 1.000000, inc_x_i = 1.000000, inc_y_i = 1.000000
En el else......

----------------------------------------
x = 26.000000, y = 199.000000
avance = -463.000000, avanceR = 2.000000, avanceI = 2.000000
inc_x_r = 0.000000, inc_y_r = 1.000000, inc_x_i = 1.000000, inc_y_i = 1.000000
En el else......

----------------------------------------
x = 26.000000, y = 200.000000
avance = -461.000000, avanceR = 2.000000, avanceI = 2.000000
inc_x_r = 0.000000, inc_y_r = 1.000000, inc_x_i = 1.000000, inc_y_i = 1.000000
En el else......

----------------------------------------
x = 26.000000, y = 201.000000
avance = -459.000000, avanceR = 2.000000, avanceI = 2.000000
inc_x_r = 0.000000, inc_y_r = 1.000000, inc_x_i = 1.000000, inc_y_i = 1.000000
En el else......

----------------------------------------
x = 26.000000, y = 202.000000
avance = -457.000000, avanceR = 2.000000, avanceI = 2.000000
inc_x_r = 0.000000, inc_y_r = 1.000000, inc_x_i = 1.000000, inc_y_i = 1.000000
En el else......

----------------------------------------
x = 26.000000, y = 203.000000
avance = -455.000000, avanceR = 2.000000, avanceI = 2.000000
inc_x_r = 0.000000, inc_y_r = 1.000000, inc_x_i = 1.000000, inc_y_i = 1.000000
En el else......

----------------------------------------
x = 26.000000, y = 204.000000
avance = -453.000000, avanceR = 2.000000, avanceI = 2.000000
inc_x_r = 0.000000, inc_y_r = 1.000000, inc_x_i = 1.000000, inc_y_i = 1.000000
En el else......

----------------------------------------
x = 26.000000, y = 205.000000
avance = -451.000000, avanceR = 2.000000, avanceI = 2.000000
inc_x_r = 0.000000, inc_y_r = 1.000000, inc_x_i = 1.000000, inc_y_i = 1.000000
En el else......

----------------------------------------
x = 26.000000, y = 206.000000
avance = -449.000000, avanceR = 2.000000, avanceI = 2.000000
inc_x_r = 0.000000, inc_y_r = 1.000000, inc_x_i = 1.000000, inc_y_i = 1.000000
En el else......

----------------------------------------
x = 26.000000, y = 207.000000
avance = -447.000000, avanceR = 2.000000, avanceI = 2.000000
inc_x_r = 0.000000, inc_y_r = 1.000000, inc_x_i = 1.000000, inc_y_i = 1.000000
En el else......

----------------------------------------
x = 26.000000, y = 208.000000
avance = -445.000000, avanceR = 2.000000, avanceI = 2.000000
inc_x_r = 0.000000, inc_y_r = 1.000000, inc_x_i = 1.000000, inc_y_i = 1.000000
En el else......

----------------------------------------
x = 26.000000, y = 209.000000
avance = -443.000000, avanceR = 2.000000, avanceI = 2.000000
inc_x_r = 0.000000, inc_y_r = 1.000000, inc_x_i = 1.000000, inc_y_i = 1.000000
En el else......

----------------------------------------
x = 26.000000, y = 210.000000
avance = -441.000000, avanceR = 2.000000, avanceI = 2.000000
inc_x_r = 0.000000, inc_y_r = 1.000000, inc_x_i = 1.000000, inc_y_i = 1.000000
En el else......

----------------------------------------
x = 26.000000, y = 211.000000
avance = -439.000000, avanceR = 2.000000, avanceI = 2.000000
inc_x_r = 0.000000, inc_y_r = 1.000000, inc_x_i = 1.000000, inc_y_i = 1.000000
En el else......

----------------------------------------
x = 26.000000, y = 212.000000
avance = -437.000000, avanceR = 2.000000, avanceI = 2.000000
inc_x_r = 0.000000, inc_y_r = 1.000000, inc_x_i = 1.000000, inc_y_i = 1.000000
En el else......

----------------------------------------
x = 26.000000, y = 213.000000
avance = -435.000000, avanceR = 2.000000, avanceI = 2.000000
inc_x_r = 0.000000, inc_y_r = 1.000000, inc_x_i = 1.000000, inc_y_i = 1.000000
En el else......

----------------------------------------
x = 26.000000, y = 214.000000
avance = -433.000000, avanceR = 2.000000, avanceI = 2.000000
inc_x_r = 0.000000, inc_y_r = 1.000000, inc_x_i = 1.000000, inc_y_i = 1.000000
En el else......

----------------------------------------
x = 26.000000, y = 215.000000
avance = -431.000000, avanceR = 2.000000, avanceI = 2.000000
inc_x_r = 0.000000, inc_y_r = 1.000000, inc_x_i = 1.000000, inc_y_i = 1.000000
En el else......

----------------------------------------
x = 26.000000, y = 216.000000
avance = -429.000000, avanceR = 2.000000, avanceI = 2.000000
inc_x_r = 0.000000, inc_y_r = 1.000000, inc_x_i = 1.000000, inc_y_i = 1.000000
En el else......

----------------------------------------
x = 26.000000, y = 217.000000
avance = -427.000000, avanceR = 2.000000, avanceI = 2.000000
inc_x_r = 0.000000, inc_y_r = 1.000000, inc_x_i = 1.000000, inc_y_i = 1.000000
En el else......

----------------------------------------
x = 26.000000, y = 218.000000
avance = -425.000000, avanceR = 2.000000, avanceI = 2.000000
inc_x_r = 0.000000, inc_y_r = 1.000000, inc_x_i = 1.000000, inc_y_i = 1.000000
En el else......

----------------------------------------
x = 26.000000, y = 219.000000
avance = -423.000000, avanceR = 2.000000, avanceI = 2.000000
inc_x_r = 0.000000, inc_y_r = 1.000000, inc_x_i = 1.000000, inc_y_i = 1.000000
En el else......

----------------------------------------
x = 26.000000, y = 220.000000
avance = -421.000000, avanceR = 2.000000, avanceI = 2.000000
inc_x_r = 0.000000, inc_y_r = 1.000000, inc_x_i = 1.000000, inc_y_i = 1.000000
En el else......

----------------------------------------
x = 26.000000, y = 221.000000
avance = -419.000000, avanceR = 2.000000, avanceI = 2.000000
inc_x_r = 0.000000, inc_y_r = 1.000000, inc_x_i = 1.000000, inc_y_i = 1.000000
En el else......

----------------------------------------
x = 26.000000, y = 222.000000
avance = -417.000000, avanceR = 2.000000, avanceI = 2.000000
inc_x_r = 0.000000, inc_y_r = 1.000000, inc_x_i = 1.000000, inc_y_i = 1.000000
En el else......

----------------------------------------
x = 26.000000, y = 223.000000
avance = -415.000000, avanceR = 2.000000, avanceI = 2.000000
inc_x_r = 0.000000, inc_y_r = 1.000000, inc_x_i = 1.000000, inc_y_i = 1.000000
En el else......

----------------------------------------
x = 26.000000, y = 224.000000
avance = -413.000000, avanceR = 2.000000, avanceI = 2.000000
inc_x_r = 0.000000, inc_y_r = 1.000000, inc_x_i = 1.000000, inc_y_i = 1.000000
En el else......

----------------------------------------
x = 26.000000, y = 225.000000
avance = -411.000000, avanceR = 2.000000, avanceI = 2.000000
inc_x_r = 0.000000, inc_y_r = 1.000000, inc_x_i = 1.000000, inc_y_i = 1.000000
En el else......

----------------------------------------
x = 26.000000, y = 226.000000
avance = -409.000000, avanceR = 2.000000, avanceI = 2.000000
inc_x_r = 0.000000, inc_y_r = 1.000000, inc_x_i = 1.000000, inc_y_i = 1.000000
En el else......

----------------------------------------
x = 26.000000, y = 227.000000
avance = -407.000000, avanceR = 2.000000, avanceI = 2.000000
inc_x_r = 0.000000, inc_y_r = 1.000000, inc_x_i = 1.000000, inc_y_i = 1.000000
En el else......

----------------------------------------
x = 26.000000, y = 228.000000
avance = -405.000000, avanceR = 2.000000, avanceI = 2.000000
inc_x_r = 0.000000, inc_y_r = 1.000000, inc_x_i = 1.000000, inc_y_i = 1.000000
En el else......

----------------------------------------
x = 26.000000, y = 229.000000
avance = -403.000000, avanceR = 2.000000, avanceI = 2.000000
inc_x_r = 0.000000, inc_y_r = 1.000000, inc_x_i = 1.000000, inc_y_i = 1.000000
En el else......

----------------------------------------
x = 26.000000, y = 230.000000
avance = -401.000000, avanceR = 2.000000, avanceI = 2.000000
inc_x_r = 0.000000, inc_y_r = 1.000000, inc_x_i = 1.000000, inc_y_i = 1.000000
En el else......

----------------------------------------
x = 26.000000, y = 231.000000
avance = -399.000000, avanceR = 2.000000, avanceI = 2.000000
inc_x_r = 0.000000, inc_y_r = 1.000000, inc_x_i = 1.000000, inc_y_i = 1.000000
En el else......

----------------------------------------
x = 26.000000, y = 232.000000
avance = -397.000000, avanceR = 2.000000, avanceI = 2.000000
inc_x_r = 0.000000, inc_y_r = 1.000000, inc_x_i = 1.000000, inc_y_i = 1.000000
En el else......

----------------------------------------
x = 26.000000, y = 233.000000
avance = -395.000000, avanceR = 2.000000, avanceI = 2.000000
inc_x_r = 0.000000, inc_y_r = 1.000000, inc_x_i = 1.000000, inc_y_i = 1.000000
En el else......

----------------------------------------
x = 26.000000, y = 234.000000
avance = -393.000000, avanceR = 2.000000, avanceI = 2.000000
inc_x_r = 0.000000, inc_y_r = 1.000000, inc_x_i = 1.000000, inc_y_i = 1.000000
En el else......

----------------------------------------
x = 26.000000, y = 235.000000
avance = -391.000000, avanceR = 2.000000, avanceI = 2.000000
inc_x_r = 0.000000, inc_y_r = 1.000000, inc_x_i = 1.000000, inc_y_i = 1.000000
En el else......

----------------------------------------
x = 26.000000, y = 236.000000
avance = -389.000000, avanceR = 2.000000, avanceI = 2.000000
inc_x_r = 0.000000, inc_y_r = 1.000000, inc_x_i = 1.000000, inc_y_i = 1.000000
En el else......

----------------------------------------
x = 26.000000, y = 237.000000
avance = -387.000000, avanceR = 2.000000, avanceI = 2.000000
inc_x_r = 0.000000, inc_y_r = 1.000000, inc_x_i = 1.000000, inc_y_i = 1.000000
En el else......

----------------------------------------
x = 26.000000, y = 238.000000
avance = -385.000000, avanceR = 2.000000, avanceI = 2.000000
inc_x_r = 0.000000, inc_y_r = 1.000000, inc_x_i = 1.000000, inc_y_i = 1.000000
En el else......

----------------------------------------
x = 26.000000, y = 239.000000
avance = -383.000000, avanceR = 2.000000, avanceI = 2.000000
inc_x_r = 0.000000, inc_y_r = 1.000000, inc_x_i = 1.000000, inc_y_i = 1.000000
En el else......

----------------------------------------
x = 26.000000, y = 240.000000
avance = -381.000000, avanceR = 2.000000, avanceI = 2.000000
inc_x_r = 0.000000, inc_y_r = 1.000000, inc_x_i = 1.000000, inc_y_i = 1.000000
En el else......

----------------------------------------
x = 26.000000, y = 241.000000
avance = -379.000000, avanceR = 2.000000, avanceI = 2.000000
inc_x_r = 0.000000, inc_y_r = 1.000000, inc_x_i = 1.000000, inc_y_i = 1.000000
En el else......

----------------------------------------
x = 26.000000, y = 242.000000
avance = -377.000000, avanceR = 2.000000, avanceI = 2.000000
inc_x_r = 0.000000, inc_y_r = 1.000000, inc_x_i = 1.000000, inc_y_i = 1.000000
En el else......

----------------------------------------
x = 26.000000, y = 243.000000
avance = -375.000000, avanceR = 2.000000, avanceI = 2.000000
inc_x_r = 0.000000, inc_y_r = 1.000000, inc_x_i = 1.000000, inc_y_i = 1.000000
En el else......

----------------------------------------
x = 26.000000, y = 244.000000
avance = -373.000000, avanceR = 2.000000, avanceI = 2.000000
inc_x_r = 0.000000, inc_y_r = 1.000000, inc_x_i = 1.000000, inc_y_i = 1.000000
En el else......

----------------------------------------
x = 26.000000, y = 245.000000
avance = -371.000000, avanceR = 2.000000, avanceI = 2.000000
inc_x_r = 0.000000, inc_y_r = 1.000000, inc_x_i = 1.000000, inc_y_i = 1.000000
En el else......

----------------------------------------
x = 26.000000, y = 246.000000
avance = -369.000000, avanceR = 2.000000, avanceI = 2.000000
inc_x_r = 0.000000, inc_y_r = 1.000000, inc_x_i = 1.000000, inc_y_i = 1.000000
En el else......

----------------------------------------
x = 26.000000, y = 247.000000
avance = -367.000000, avanceR = 2.000000, avanceI = 2.000000
inc_x_r = 0.000000, inc_y_r = 1.000000, inc_x_i = 1.000000, inc_y_i = 1.000000
En el else......

----------------------------------------
x = 26.000000, y = 248.000000
avance = -365.000000, avanceR = 2.000000, avanceI = 2.000000
inc_x_r = 0.000000, inc_y_r = 1.000000, inc_x_i = 1.000000, inc_y_i = 1.000000
En el else......

----------------------------------------
x = 26.000000, y = 249.000000
avance = -363.000000, avanceR = 2.000000, avanceI = 2.000000
inc_x_r = 0.000000, inc_y_r = 1.000000, inc_x_i = 1.000000, inc_y_i = 1.000000
En el else......

----------------------------------------
x = 26.000000, y = 250.000000
avance = -361.000000, avanceR = 2.000000, avanceI = 2.000000
inc_x_r = 0.000000, inc_y_r = 1.000000, inc_x_i = 1.000000, inc_y_i = 1.000000
En el else......

----------------------------------------
x = 26.000000, y = 251.000000
avance = -359.000000, avanceR = 2.000000, avanceI = 2.000000
inc_x_r = 0.000000, inc_y_r = 1.000000, inc_x_i = 1.000000, inc_y_i = 1.000000
En el else......

----------------------------------------
x = 26.000000, y = 252.000000
avance = -357.000000, avanceR = 2.000000, avanceI = 2.000000
inc_x_r = 0.000000, inc_y_r = 1.000000, inc_x_i = 1.000000, inc_y_i = 1.000000
En el else......

----------------------------------------
x = 26.000000, y = 253.000000
avance = -355.000000, avanceR = 2.000000, avanceI = 2.000000
inc_x_r = 0.000000, inc_y_r = 1.000000, inc_x_i = 1.000000, inc_y_i = 1.000000
En el else......

----------------------------------------
x = 26.000000, y = 254.000000
avance = -353.000000, avanceR = 2.000000, avanceI = 2.000000
inc_x_r = 0.000000, inc_y_r = 1.000000, inc_x_i = 1.000000, inc_y_i = 1.000000
En el else......

----------------------------------------
x = 26.000000, y = 255.000000
avance = -351.000000, avanceR = 2.000000, avanceI = 2.000000
inc_x_r = 0.000000, inc_y_r = 1.000000, inc_x_i = 1.000000, inc_y_i = 1.000000
En el else......

----------------------------------------
x = 26.000000, y = 256.000000
avance = -349.000000, avanceR = 2.000000, avanceI = 2.000000
inc_x_r = 0.000000, inc_y_r = 1.000000, inc_x_i = 1.000000, inc_y_i = 1.000000
En el else......

----------------------------------------
x = 26.000000, y = 257.000000
avance = -347.000000, avanceR = 2.000000, avanceI = 2.000000
inc_x_r = 0.000000, inc_y_r = 1.000000, inc_x_i = 1.000000, inc_y_i = 1.000000
En el else......

----------------------------------------
x = 26.000000, y = 258.000000
avance = -345.000000, avanceR = 2.000000, avanceI = 2.000000
inc_x_r = 0.000000, inc_y_r = 1.000000, inc_x_i = 1.000000, inc_y_i = 1.000000
En el else......

----------------------------------------
x = 26.000000, y = 259.000000
avance = -343.000000, avanceR = 2.000000, avanceI = 2.000000
inc_x_r = 0.000000, inc_y_r = 1.000000, inc_x_i = 1.000000, inc_y_i = 1.000000
En el else......

----------------------------------------
x = 26.000000, y = 260.000000
avance = -341.000000, avanceR = 2.000000, avanceI = 2.000000
inc_x_r = 0.000000, inc_y_r = 1.000000, inc_x_i = 1.000000, inc_y_i = 1.000000
En el else......

----------------------------------------
x = 26.000000, y = 261.000000
avance = -339.000000, avanceR = 2.000000, avanceI = 2.000000
inc_x_r = 0.000000, inc_y_r = 1.000000, inc_x_i = 1.000000, inc_y_i = 1.000000
En el else......

----------------------------------------
x = 26.000000, y = 262.000000
avance = -337.000000, avanceR = 2.000000, avanceI = 2.000000
inc_x_r = 0.000000, inc_y_r = 1.000000, inc_x_i = 1.000000, inc_y_i = 1.000000
En el else......

----------------------------------------
x = 26.000000, y = 263.000000
avance = -335.000000, avanceR = 2.000000, avanceI = 2.000000
inc_x_r = 0.000000, inc_y_r = 1.000000, inc_x_i = 1.000000, inc_y_i = 1.000000
En el else......

----------------------------------------
x = 26.000000, y = 264.000000
avance = -333.000000, avanceR = 2.000000, avanceI = 2.000000
inc_x_r = 0.000000, inc_y_r = 1.000000, inc_x_i = 1.000000, inc_y_i = 1.000000
En el else......

----------------------------------------
x = 26.000000, y = 265.000000
avance = -331.000000, avanceR = 2.000000, avanceI = 2.000000
inc_x_r = 0.000000, inc_y_r = 1.000000, inc_x_i = 1.000000, inc_y_i = 1.000000
En el else......

----------------------------------------
x = 26.000000, y = 266.000000
avance = -329.000000, avanceR = 2.000000, avanceI = 2.000000
inc_x_r = 0.000000, inc_y_r = 1.000000, inc_x_i = 1.000000, inc_y_i = 1.000000
En el else......

----------------------------------------
x = 26.000000, y = 267.000000
avance = -327.000000, avanceR = 2.000000, avanceI = 2.000000
inc_x_r = 0.000000, inc_y_r = 1.000000, inc_x_i = 1.000000, inc_y_i = 1.000000
En el else......

----------------------------------------
x = 26.000000, y = 268.000000
avance = -325.000000, avanceR = 2.000000, avanceI = 2.000000
inc_x_r = 0.000000, inc_y_r = 1.000000, inc_x_i = 1.000000, inc_y_i = 1.000000
En el else......

----------------------------------------
x = 26.000000, y = 269.000000
avance = -323.000000, avanceR = 2.000000, avanceI = 2.000000
inc_x_r = 0.000000, inc_y_r = 1.000000, inc_x_i = 1.000000, inc_y_i = 1.000000
En el else......

----------------------------------------
x = 26.000000, y = 270.000000
avance = -321.000000, avanceR = 2.000000, avanceI = 2.000000
inc_x_r = 0.000000, inc_y_r = 1.000000, inc_x_i = 1.000000, inc_y_i = 1.000000
En el else......

----------------------------------------
x = 26.000000, y = 271.000000
avance = -319.000000, avanceR = 2.000000, avanceI = 2.000000
inc_x_r = 0.000000, inc_y_r = 1.000000, inc_x_i = 1.000000, inc_y_i = 1.000000
En el else......

----------------------------------------
x = 26.000000, y = 272.000000
avance = -317.000000, avanceR = 2.000000, avanceI = 2.000000
inc_x_r = 0.000000, inc_y_r = 1.000000, inc_x_i = 1.000000, inc_y_i = 1.000000
En el else......

----------------------------------------
x = 26.000000, y = 273.000000
avance = -315.000000, avanceR = 2.000000, avanceI = 2.000000
inc_x_r = 0.000000, inc_y_r = 1.000000, inc_x_i = 1.000000, inc_y_i = 1.000000
En el else......

----------------------------------------
x = 26.000000, y = 274.000000
avance = -313.000000, avanceR = 2.000000, avanceI = 2.000000
inc_x_r = 0.000000, inc_y_r = 1.000000, inc_x_i = 1.000000, inc_y_i = 1.000000
En el else......

----------------------------------------
x = 26.000000, y = 275.000000
avance = -311.000000, avanceR = 2.000000, avanceI = 2.000000
inc_x_r = 0.000000, inc_y_r = 1.000000, inc_x_i = 1.000000, inc_y_i = 1.000000
En el else......

----------------------------------------
x = 26.000000, y = 276.000000
avance = -309.000000, avanceR = 2.000000, avanceI = 2.000000
inc_x_r = 0.000000, inc_y_r = 1.000000, inc_x_i = 1.000000, inc_y_i = 1.000000
En el else......

----------------------------------------
x = 26.000000, y = 277.000000
avance = -307.000000, avanceR = 2.000000, avanceI = 2.000000
inc_x_r = 0.000000, inc_y_r = 1.000000, inc_x_i = 1.000000, inc_y_i = 1.000000
En el else......

----------------------------------------
x = 26.000000, y = 278.000000
avance = -305.000000, avanceR = 2.000000, avanceI = 2.000000
inc_x_r = 0.000000, inc_y_r = 1.000000, inc_x_i = 1.000000, inc_y_i = 1.000000
En el else......

----------------------------------------
x = 26.000000, y = 279.000000
avance = -303.000000, avanceR = 2.000000, avanceI = 2.000000
inc_x_r = 0.000000, inc_y_r = 1.000000, inc_x_i = 1.000000, inc_y_i = 1.000000
En el else......

----------------------------------------
x = 26.000000, y = 280.000000
avance = -301.000000, avanceR = 2.000000, avanceI = 2.000000
inc_x_r = 0.000000, inc_y_r = 1.000000, inc_x_i = 1.000000, inc_y_i = 1.000000
En el else......

----------------------------------------
x = 26.000000, y = 281.000000
avance = -299.000000, avanceR = 2.000000, avanceI = 2.000000
inc_x_r = 0.000000, inc_y_r = 1.000000, inc_x_i = 1.000000, inc_y_i = 1.000000
En el else......

----------------------------------------
x = 26.000000, y = 282.000000
avance = -297.000000, avanceR = 2.000000, avanceI = 2.000000
inc_x_r = 0.000000, inc_y_r = 1.000000, inc_x_i = 1.000000, inc_y_i = 1.000000
En el else......

----------------------------------------
x = 26.000000, y = 283.000000
avance = -295.000000, avanceR = 2.000000, avanceI = 2.000000
inc_x_r = 0.000000, inc_y_r = 1.000000, inc_x_i = 1.000000, inc_y_i = 1.000000
En el else......

----------------------------------------
x = 26.000000, y = 284.000000
avance = -293.000000, avanceR = 2.000000, avanceI = 2.000000
inc_x_r = 0.000000, inc_y_r = 1.000000, inc_x_i = 1.000000, inc_y_i = 1.000000
En el else......

----------------------------------------
x = 26.000000, y = 285.000000
avance = -291.000000, avanceR = 2.000000, avanceI = 2.000000
inc_x_r = 0.000000, inc_y_r = 1.000000, inc_x_i = 1.000000, inc_y_i = 1.000000
En el else......

----------------------------------------
x = 26.000000, y = 286.000000
avance = -289.000000, avanceR = 2.000000, avanceI = 2.000000
inc_x_r = 0.000000, inc_y_r = 1.000000, inc_x_i = 1.000000, inc_y_i = 1.000000
En el else......

----------------------------------------
x = 26.000000, y = 287.000000
avance = -287.000000, avanceR = 2.000000, avanceI = 2.000000
inc_x_r = 0.000000, inc_y_r = 1.000000, inc_x_i = 1.000000, inc_y_i = 1.000000
En el else......

----------------------------------------
x = 26.000000, y = 288.000000
avance = -285.000000, avanceR = 2.000000, avanceI = 2.000000
inc_x_r = 0.000000, inc_y_r = 1.000000, inc_x_i = 1.000000, inc_y_i = 1.000000
En el else......

----------------------------------------
x = 26.000000, y = 289.000000
avance = -283.000000, avanceR = 2.000000, avanceI = 2.000000
inc_x_r = 0.000000, inc_y_r = 1.000000, inc_x_i = 1.000000, inc_y_i = 1.000000
En el else......

----------------------------------------
x = 26.000000, y = 290.000000
avance = -281.000000, avanceR = 2.000000, avanceI = 2.000000
inc_x_r = 0.000000, inc_y_r = 1.000000, inc_x_i = 1.000000, inc_y_i = 1.000000
En el else......

----------------------------------------
x = 26.000000, y = 291.000000
avance = -279.000000, avanceR = 2.000000, avanceI = 2.000000
inc_x_r = 0.000000, inc_y_r = 1.000000, inc_x_i = 1.000000, inc_y_i = 1.000000
En el else......

----------------------------------------
x = 26.000000, y = 292.000000
avance = -277.000000, avanceR = 2.000000, avanceI = 2.000000
inc_x_r = 0.000000, inc_y_r = 1.000000, inc_x_i = 1.000000, inc_y_i = 1.000000
En el else......

----------------------------------------
x = 26.000000, y = 293.000000
avance = -275.000000, avanceR = 2.000000, avanceI = 2.000000
inc_x_r = 0.000000, inc_y_r = 1.000000, inc_x_i = 1.000000, inc_y_i = 1.000000
En el else......

----------------------------------------
x = 26.000000, y = 294.000000
avance = -273.000000, avanceR = 2.000000, avanceI = 2.000000
inc_x_r = 0.000000, inc_y_r = 1.000000, inc_x_i = 1.000000, inc_y_i = 1.000000
En el else......

----------------------------------------
x = 26.000000, y = 295.000000
avance = -271.000000, avanceR = 2.000000, avanceI = 2.000000
inc_x_r = 0.000000, inc_y_r = 1.000000, inc_x_i = 1.000000, inc_y_i = 1.000000
En el else......

----------------------------------------
x = 26.000000, y = 296.000000
avance = -269.000000, avanceR = 2.000000, avanceI = 2.000000
inc_x_r = 0.000000, inc_y_r = 1.000000, inc_x_i = 1.000000, inc_y_i = 1.000000
En el else......

----------------------------------------
x = 26.000000, y = 297.000000
avance = -267.000000, avanceR = 2.000000, avanceI = 2.000000
inc_x_r = 0.000000, inc_y_r = 1.000000, inc_x_i = 1.000000, inc_y_i = 1.000000
En el else......

----------------------------------------
x = 26.000000, y = 298.000000
avance = -265.000000, avanceR = 2.000000, avanceI = 2.000000
inc_x_r = 0.000000, inc_y_r = 1.000000, inc_x_i = 1.000000, inc_y_i = 1.000000
En el else......

----------------------------------------
x = 26.000000, y = 299.000000
avance = -263.000000, avanceR = 2.000000, avanceI = 2.000000
inc_x_r = 0.000000, inc_y_r = 1.000000, inc_x_i = 1.000000, inc_y_i = 1.000000
En el else......

----------------------------------------
x = 26.000000, y = 300.000000
avance = -261.000000, avanceR = 2.000000, avanceI = 2.000000
inc_x_r = 0.000000, inc_y_r = 1.000000, inc_x_i = 1.000000, inc_y_i = 1.000000
En el else......

----------------------------------------
x = 26.000000, y = 301.000000
avance = -259.000000, avanceR = 2.000000, avanceI = 2.000000
inc_x_r = 0.000000, inc_y_r = 1.000000, inc_x_i = 1.000000, inc_y_i = 1.000000
En el else......

----------------------------------------
x = 26.000000, y = 302.000000
avance = -257.000000, avanceR = 2.000000, avanceI = 2.000000
inc_x_r = 0.000000, inc_y_r = 1.000000, inc_x_i = 1.000000, inc_y_i = 1.000000
En el else......

----------------------------------------
x = 26.000000, y = 303.000000
avance = -255.000000, avanceR = 2.000000, avanceI = 2.000000
inc_x_r = 0.000000, inc_y_r = 1.000000, inc_x_i = 1.000000, inc_y_i = 1.000000
En el else......

----------------------------------------
x = 26.000000, y = 304.000000
avance = -253.000000, avanceR = 2.000000, avanceI = 2.000000
inc_x_r = 0.000000, inc_y_r = 1.000000, inc_x_i = 1.000000, inc_y_i = 1.000000
En el else......

----------------------------------------
x = 26.000000, y = 305.000000
avance = -251.000000, avanceR = 2.000000, avanceI = 2.000000
inc_x_r = 0.000000, inc_y_r = 1.000000, inc_x_i = 1.000000, inc_y_i = 1.000000
En el else......

----------------------------------------


ENTRAMOS A BRESENHAMªªªª
x1 = 25.000000 - y1 = 55.000000 || x2 = 26.000000 - y2 = 306.000000
dy = 251.000000, dx = 1.000000
avances inclinados: inc_x_i = 1.000000, inc_y_i = 1.000000
updated: dy = 251.000000, dx = 1.000000
avances rectos: inc_x_r = 0.000000, inc_y_r 1.000000
reupdated: dy = 1.000000, dx = 251.000000
avanceR = 2.000000, avance -249.000000, avanceI 2.000000
----------------------------------------
x = 25.000000, y = 55.000000
avance = -249.000000, avanceR = 2.000000, avanceI = 2.000000
inc_x_r = 0.000000, inc_y_r = 1.000000, inc_x_i = 1.000000, inc_y_i = 1.000000
En el else......

----------------------------------------
x = 25.000000, y = 56.000000
avance = -247.000000, avanceR = 2.000000, avanceI = 2.000000
inc_x_r = 0.000000, inc_y_r = 1.000000, inc_x_i = 1.000000, inc_y_i = 1.000000
En el else......

----------------------------------------
x = 25.000000, y = 57.000000
avance = -245.000000, avanceR = 2.000000, avanceI = 2.000000
inc_x_r = 0.000000, inc_y_r = 1.000000, inc_x_i = 1.000000, inc_y_i = 1.000000
En el else......

----------------------------------------
x = 25.000000, y = 58.000000
avance = -243.000000, avanceR = 2.000000, avanceI = 2.000000
inc_x_r = 0.000000, inc_y_r = 1.000000, inc_x_i = 1.000000, inc_y_i = 1.000000
En el else......

----------------------------------------
x = 25.000000, y = 59.000000
avance = -241.000000, avanceR = 2.000000, avanceI = 2.000000
inc_x_r = 0.000000, inc_y_r = 1.000000, inc_x_i = 1.000000, inc_y_i = 1.000000
En el else......

----------------------------------------
x = 25.000000, y = 60.000000
avance = -239.000000, avanceR = 2.000000, avanceI = 2.000000
inc_x_r = 0.000000, inc_y_r = 1.000000, inc_x_i = 1.000000, inc_y_i = 1.000000
En el else......

----------------------------------------
x = 25.000000, y = 61.000000
avance = -237.000000, avanceR = 2.000000, avanceI = 2.000000
inc_x_r = 0.000000, inc_y_r = 1.000000, inc_x_i = 1.000000, inc_y_i = 1.000000
En el else......

----------------------------------------
x = 25.000000, y = 62.000000
avance = -235.000000, avanceR = 2.000000, avanceI = 2.000000
inc_x_r = 0.000000, inc_y_r = 1.000000, inc_x_i = 1.000000, inc_y_i = 1.000000
En el else......

----------------------------------------
x = 25.000000, y = 63.000000
avance = -233.000000, avanceR = 2.000000, avanceI = 2.000000
inc_x_r = 0.000000, inc_y_r = 1.000000, inc_x_i = 1.000000, inc_y_i = 1.000000
En el else......

----------------------------------------
x = 25.000000, y = 64.000000
avance = -231.000000, avanceR = 2.000000, avanceI = 2.000000
inc_x_r = 0.000000, inc_y_r = 1.000000, inc_x_i = 1.000000, inc_y_i = 1.000000
En el else......

----------------------------------------
x = 25.000000, y = 65.000000
avance = -229.000000, avanceR = 2.000000, avanceI = 2.000000
inc_x_r = 0.000000, inc_y_r = 1.000000, inc_x_i = 1.000000, inc_y_i = 1.000000
En el else......

----------------------------------------
x = 25.000000, y = 66.000000
avance = -227.000000, avanceR = 2.000000, avanceI = 2.000000
inc_x_r = 0.000000, inc_y_r = 1.000000, inc_x_i = 1.000000, inc_y_i = 1.000000
En el else......

----------------------------------------
x = 25.000000, y = 67.000000
avance = -225.000000, avanceR = 2.000000, avanceI = 2.000000
inc_x_r = 0.000000, inc_y_r = 1.000000, inc_x_i = 1.000000, inc_y_i = 1.000000
En el else......

----------------------------------------
x = 25.000000, y = 68.000000
avance = -223.000000, avanceR = 2.000000, avanceI = 2.000000
inc_x_r = 0.000000, inc_y_r = 1.000000, inc_x_i = 1.000000, inc_y_i = 1.000000
En el else......

----------------------------------------
x = 25.000000, y = 69.000000
avance = -221.000000, avanceR = 2.000000, avanceI = 2.000000
inc_x_r = 0.000000, inc_y_r = 1.000000, inc_x_i = 1.000000, inc_y_i = 1.000000
En el else......

----------------------------------------
x = 25.000000, y = 70.000000
avance = -219.000000, avanceR = 2.000000, avanceI = 2.000000
inc_x_r = 0.000000, inc_y_r = 1.000000, inc_x_i = 1.000000, inc_y_i = 1.000000
En el else......

----------------------------------------
x = 25.000000, y = 71.000000
avance = -217.000000, avanceR = 2.000000, avanceI = 2.000000
inc_x_r = 0.000000, inc_y_r = 1.000000, inc_x_i = 1.000000, inc_y_i = 1.000000
En el else......

----------------------------------------
x = 25.000000, y = 72.000000
avance = -215.000000, avanceR = 2.000000, avanceI = 2.000000
inc_x_r = 0.000000, inc_y_r = 1.000000, inc_x_i = 1.000000, inc_y_i = 1.000000
En el else......

----------------------------------------
x = 25.000000, y = 73.000000
avance = -213.000000, avanceR = 2.000000, avanceI = 2.000000
inc_x_r = 0.000000, inc_y_r = 1.000000, inc_x_i = 1.000000, inc_y_i = 1.000000
En el else......

----------------------------------------
x = 25.000000, y = 74.000000
avance = -211.000000, avanceR = 2.000000, avanceI = 2.000000
inc_x_r = 0.000000, inc_y_r = 1.000000, inc_x_i = 1.000000, inc_y_i = 1.000000
En el else......

----------------------------------------
x = 25.000000, y = 75.000000
avance = -209.000000, avanceR = 2.000000, avanceI = 2.000000
inc_x_r = 0.000000, inc_y_r = 1.000000, inc_x_i = 1.000000, inc_y_i = 1.000000
En el else......

----------------------------------------
x = 25.000000, y = 76.000000
avance = -207.000000, avanceR = 2.000000, avanceI = 2.000000
inc_x_r = 0.000000, inc_y_r = 1.000000, inc_x_i = 1.000000, inc_y_i = 1.000000
En el else......

----------------------------------------
x = 25.000000, y = 77.000000
avance = -205.000000, avanceR = 2.000000, avanceI = 2.000000
inc_x_r = 0.000000, inc_y_r = 1.000000, inc_x_i = 1.000000, inc_y_i = 1.000000
En el else......

----------------------------------------
x = 25.000000, y = 78.000000
avance = -203.000000, avanceR = 2.000000, avanceI = 2.000000
inc_x_r = 0.000000, inc_y_r = 1.000000, inc_x_i = 1.000000, inc_y_i = 1.000000
En el else......

----------------------------------------
x = 25.000000, y = 79.000000
avance = -201.000000, avanceR = 2.000000, avanceI = 2.000000
inc_x_r = 0.000000, inc_y_r = 1.000000, inc_x_i = 1.000000, inc_y_i = 1.000000
En el else......

----------------------------------------
x = 25.000000, y = 80.000000
avance = -199.000000, avanceR = 2.000000, avanceI = 2.000000
inc_x_r = 0.000000, inc_y_r = 1.000000, inc_x_i = 1.000000, inc_y_i = 1.000000
En el else......

----------------------------------------
x = 25.000000, y = 81.000000
avance = -197.000000, avanceR = 2.000000, avanceI = 2.000000
inc_x_r = 0.000000, inc_y_r = 1.000000, inc_x_i = 1.000000, inc_y_i = 1.000000
En el else......

----------------------------------------
x = 25.000000, y = 82.000000
avance = -195.000000, avanceR = 2.000000, avanceI = 2.000000
inc_x_r = 0.000000, inc_y_r = 1.000000, inc_x_i = 1.000000, inc_y_i = 1.000000
En el else......

----------------------------------------
x = 25.000000, y = 83.000000
avance = -193.000000, avanceR = 2.000000, avanceI = 2.000000
inc_x_r = 0.000000, inc_y_r = 1.000000, inc_x_i = 1.000000, inc_y_i = 1.000000
En el else......

----------------------------------------
x = 25.000000, y = 84.000000
avance = -191.000000, avanceR = 2.000000, avanceI = 2.000000
inc_x_r = 0.000000, inc_y_r = 1.000000, inc_x_i = 1.000000, inc_y_i = 1.000000
En el else......

----------------------------------------
x = 25.000000, y = 85.000000
avance = -189.000000, avanceR = 2.000000, avanceI = 2.000000
inc_x_r = 0.000000, inc_y_r = 1.000000, inc_x_i = 1.000000, inc_y_i = 1.000000
En el else......

----------------------------------------
x = 25.000000, y = 86.000000
avance = -187.000000, avanceR = 2.000000, avanceI = 2.000000
inc_x_r = 0.000000, inc_y_r = 1.000000, inc_x_i = 1.000000, inc_y_i = 1.000000
En el else......

----------------------------------------
x = 25.000000, y = 87.000000
avance = -185.000000, avanceR = 2.000000, avanceI = 2.000000
inc_x_r = 0.000000, inc_y_r = 1.000000, inc_x_i = 1.000000, inc_y_i = 1.000000
En el else......

----------------------------------------
x = 25.000000, y = 88.000000
avance = -183.000000, avanceR = 2.000000, avanceI = 2.000000
inc_x_r = 0.000000, inc_y_r = 1.000000, inc_x_i = 1.000000, inc_y_i = 1.000000
En el else......

----------------------------------------
x = 25.000000, y = 89.000000
avance = -181.000000, avanceR = 2.000000, avanceI = 2.000000
inc_x_r = 0.000000, inc_y_r = 1.000000, inc_x_i = 1.000000, inc_y_i = 1.000000
En el else......

----------------------------------------
x = 25.000000, y = 90.000000
avance = -179.000000, avanceR = 2.000000, avanceI = 2.000000
inc_x_r = 0.000000, inc_y_r = 1.000000, inc_x_i = 1.000000, inc_y_i = 1.000000
En el else......

----------------------------------------
x = 25.000000, y = 91.000000
avance = -177.000000, avanceR = 2.000000, avanceI = 2.000000
inc_x_r = 0.000000, inc_y_r = 1.000000, inc_x_i = 1.000000, inc_y_i = 1.000000
En el else......

----------------------------------------
x = 25.000000, y = 92.000000
avance = -175.000000, avanceR = 2.000000, avanceI = 2.000000
inc_x_r = 0.000000, inc_y_r = 1.000000, inc_x_i = 1.000000, inc_y_i = 1.000000
En el else......

----------------------------------------
x = 25.000000, y = 93.000000
avance = -173.000000, avanceR = 2.000000, avanceI = 2.000000
inc_x_r = 0.000000, inc_y_r = 1.000000, inc_x_i = 1.000000, inc_y_i = 1.000000
En el else......

----------------------------------------
x = 25.000000, y = 94.000000
avance = -171.000000, avanceR = 2.000000, avanceI = 2.000000
inc_x_r = 0.000000, inc_y_r = 1.000000, inc_x_i = 1.000000, inc_y_i = 1.000000
En el else......

----------------------------------------
x = 25.000000, y = 95.000000
avance = -169.000000, avanceR = 2.000000, avanceI = 2.000000
inc_x_r = 0.000000, inc_y_r = 1.000000, inc_x_i = 1.000000, inc_y_i = 1.000000
En el else......

----------------------------------------
x = 25.000000, y = 96.000000
avance = -167.000000, avanceR = 2.000000, avanceI = 2.000000
inc_x_r = 0.000000, inc_y_r = 1.000000, inc_x_i = 1.000000, inc_y_i = 1.000000
En el else......

----------------------------------------
x = 25.000000, y = 97.000000
avance = -165.000000, avanceR = 2.000000, avanceI = 2.000000
inc_x_r = 0.000000, inc_y_r = 1.000000, inc_x_i = 1.000000, inc_y_i = 1.000000
En el else......

----------------------------------------
x = 25.000000, y = 98.000000
avance = -163.000000, avanceR = 2.000000, avanceI = 2.000000
inc_x_r = 0.000000, inc_y_r = 1.000000, inc_x_i = 1.000000, inc_y_i = 1.000000
En el else......

----------------------------------------
x = 25.000000, y = 99.000000
avance = -161.000000, avanceR = 2.000000, avanceI = 2.000000
inc_x_r = 0.000000, inc_y_r = 1.000000, inc_x_i = 1.000000, inc_y_i = 1.000000
En el else......

----------------------------------------
x = 25.000000, y = 100.000000
avance = -159.000000, avanceR = 2.000000, avanceI = 2.000000
inc_x_r = 0.000000, inc_y_r = 1.000000, inc_x_i = 1.000000, inc_y_i = 1.000000
En el else......

----------------------------------------
x = 25.000000, y = 101.000000
avance = -157.000000, avanceR = 2.000000, avanceI = 2.000000
inc_x_r = 0.000000, inc_y_r = 1.000000, inc_x_i = 1.000000, inc_y_i = 1.000000
En el else......

----------------------------------------
x = 25.000000, y = 102.000000
avance = -155.000000, avanceR = 2.000000, avanceI = 2.000000
inc_x_r = 0.000000, inc_y_r = 1.000000, inc_x_i = 1.000000, inc_y_i = 1.000000
En el else......

----------------------------------------
x = 25.000000, y = 103.000000
avance = -153.000000, avanceR = 2.000000, avanceI = 2.000000
inc_x_r = 0.000000, inc_y_r = 1.000000, inc_x_i = 1.000000, inc_y_i = 1.000000
En el else......

----------------------------------------
x = 25.000000, y = 104.000000
avance = -151.000000, avanceR = 2.000000, avanceI = 2.000000
inc_x_r = 0.000000, inc_y_r = 1.000000, inc_x_i = 1.000000, inc_y_i = 1.000000
En el else......

----------------------------------------
x = 25.000000, y = 105.000000
avance = -149.000000, avanceR = 2.000000, avanceI = 2.000000
inc_x_r = 0.000000, inc_y_r = 1.000000, inc_x_i = 1.000000, inc_y_i = 1.000000
En el else......

----------------------------------------
x = 25.000000, y = 106.000000
avance = -147.000000, avanceR = 2.000000, avanceI = 2.000000
inc_x_r = 0.000000, inc_y_r = 1.000000, inc_x_i = 1.000000, inc_y_i = 1.000000
En el else......

----------------------------------------
x = 25.000000, y = 107.000000
avance = -145.000000, avanceR = 2.000000, avanceI = 2.000000
inc_x_r = 0.000000, inc_y_r = 1.000000, inc_x_i = 1.000000, inc_y_i = 1.000000
En el else......

----------------------------------------
x = 25.000000, y = 108.000000
avance = -143.000000, avanceR = 2.000000, avanceI = 2.000000
inc_x_r = 0.000000, inc_y_r = 1.000000, inc_x_i = 1.000000, inc_y_i = 1.000000
En el else......

----------------------------------------
x = 25.000000, y = 109.000000
avance = -141.000000, avanceR = 2.000000, avanceI = 2.000000
inc_x_r = 0.000000, inc_y_r = 1.000000, inc_x_i = 1.000000, inc_y_i = 1.000000
En el else......

----------------------------------------
x = 25.000000, y = 110.000000
avance = -139.000000, avanceR = 2.000000, avanceI = 2.000000
inc_x_r = 0.000000, inc_y_r = 1.000000, inc_x_i = 1.000000, inc_y_i = 1.000000
En el else......

----------------------------------------
x = 25.000000, y = 111.000000
avance = -137.000000, avanceR = 2.000000, avanceI = 2.000000
inc_x_r = 0.000000, inc_y_r = 1.000000, inc_x_i = 1.000000, inc_y_i = 1.000000
En el else......

----------------------------------------
x = 25.000000, y = 112.000000
avance = -135.000000, avanceR = 2.000000, avanceI = 2.000000
inc_x_r = 0.000000, inc_y_r = 1.000000, inc_x_i = 1.000000, inc_y_i = 1.000000
En el else......

----------------------------------------
x = 25.000000, y = 113.000000
avance = -133.000000, avanceR = 2.000000, avanceI = 2.000000
inc_x_r = 0.000000, inc_y_r = 1.000000, inc_x_i = 1.000000, inc_y_i = 1.000000
En el else......

----------------------------------------
x = 25.000000, y = 114.000000
avance = -131.000000, avanceR = 2.000000, avanceI = 2.000000
inc_x_r = 0.000000, inc_y_r = 1.000000, inc_x_i = 1.000000, inc_y_i = 1.000000
En el else......

----------------------------------------
x = 25.000000, y = 115.000000
avance = -129.000000, avanceR = 2.000000, avanceI = 2.000000
inc_x_r = 0.000000, inc_y_r = 1.000000, inc_x_i = 1.000000, inc_y_i = 1.000000
En el else......

----------------------------------------
x = 25.000000, y = 116.000000
avance = -127.000000, avanceR = 2.000000, avanceI = 2.000000
inc_x_r = 0.000000, inc_y_r = 1.000000, inc_x_i = 1.000000, inc_y_i = 1.000000
En el else......

----------------------------------------
x = 25.000000, y = 117.000000
avance = -125.000000, avanceR = 2.000000, avanceI = 2.000000
inc_x_r = 0.000000, inc_y_r = 1.000000, inc_x_i = 1.000000, inc_y_i = 1.000000
En el else......

----------------------------------------
x = 25.000000, y = 118.000000
avance = -123.000000, avanceR = 2.000000, avanceI = 2.000000
inc_x_r = 0.000000, inc_y_r = 1.000000, inc_x_i = 1.000000, inc_y_i = 1.000000
En el else......

----------------------------------------
x = 25.000000, y = 119.000000
avance = -121.000000, avanceR = 2.000000, avanceI = 2.000000
inc_x_r = 0.000000, inc_y_r = 1.000000, inc_x_i = 1.000000, inc_y_i = 1.000000
En el else......

----------------------------------------
x = 25.000000, y = 120.000000
avance = -119.000000, avanceR = 2.000000, avanceI = 2.000000
inc_x_r = 0.000000, inc_y_r = 1.000000, inc_x_i = 1.000000, inc_y_i = 1.000000
En el else......

----------------------------------------
x = 25.000000, y = 121.000000
avance = -117.000000, avanceR = 2.000000, avanceI = 2.000000
inc_x_r = 0.000000, inc_y_r = 1.000000, inc_x_i = 1.000000, inc_y_i = 1.000000
En el else......

----------------------------------------
x = 25.000000, y = 122.000000
avance = -115.000000, avanceR = 2.000000, avanceI = 2.000000
inc_x_r = 0.000000, inc_y_r = 1.000000, inc_x_i = 1.000000, inc_y_i = 1.000000
En el else......

----------------------------------------
x = 25.000000, y = 123.000000
avance = -113.000000, avanceR = 2.000000, avanceI = 2.000000
inc_x_r = 0.000000, inc_y_r = 1.000000, inc_x_i = 1.000000, inc_y_i = 1.000000
En el else......

----------------------------------------
x = 25.000000, y = 124.000000
avance = -111.000000, avanceR = 2.000000, avanceI = 2.000000
inc_x_r = 0.000000, inc_y_r = 1.000000, inc_x_i = 1.000000, inc_y_i = 1.000000
En el else......

----------------------------------------
x = 25.000000, y = 125.000000
avance = -109.000000, avanceR = 2.000000, avanceI = 2.000000
inc_x_r = 0.000000, inc_y_r = 1.000000, inc_x_i = 1.000000, inc_y_i = 1.000000
En el else......

----------------------------------------
x = 25.000000, y = 126.000000
avance = -107.000000, avanceR = 2.000000, avanceI = 2.000000
inc_x_r = 0.000000, inc_y_r = 1.000000, inc_x_i = 1.000000, inc_y_i = 1.000000
En el else......

----------------------------------------
x = 25.000000, y = 127.000000
avance = -105.000000, avanceR = 2.000000, avanceI = 2.000000
inc_x_r = 0.000000, inc_y_r = 1.000000, inc_x_i = 1.000000, inc_y_i = 1.000000
En el else......

----------------------------------------
x = 25.000000, y = 128.000000
avance = -103.000000, avanceR = 2.000000, avanceI = 2.000000
inc_x_r = 0.000000, inc_y_r = 1.000000, inc_x_i = 1.000000, inc_y_i = 1.000000
En el else......

----------------------------------------
x = 25.000000, y = 129.000000
avance = -101.000000, avanceR = 2.000000, avanceI = 2.000000
inc_x_r = 0.000000, inc_y_r = 1.000000, inc_x_i = 1.000000, inc_y_i = 1.000000
En el else......

----------------------------------------
x = 25.000000, y = 130.000000
avance = -99.000000, avanceR = 2.000000, avanceI = 2.000000
inc_x_r = 0.000000, inc_y_r = 1.000000, inc_x_i = 1.000000, inc_y_i = 1.000000
En el else......

----------------------------------------
x = 25.000000, y = 131.000000
avance = -97.000000, avanceR = 2.000000, avanceI = 2.000000
inc_x_r = 0.000000, inc_y_r = 1.000000, inc_x_i = 1.000000, inc_y_i = 1.000000
En el else......

----------------------------------------
x = 25.000000, y = 132.000000
avance = -95.000000, avanceR = 2.000000, avanceI = 2.000000
inc_x_r = 0.000000, inc_y_r = 1.000000, inc_x_i = 1.000000, inc_y_i = 1.000000
En el else......

----------------------------------------
x = 25.000000, y = 133.000000
avance = -93.000000, avanceR = 2.000000, avanceI = 2.000000
inc_x_r = 0.000000, inc_y_r = 1.000000, inc_x_i = 1.000000, inc_y_i = 1.000000
En el else......

----------------------------------------
x = 25.000000, y = 134.000000
avance = -91.000000, avanceR = 2.000000, avanceI = 2.000000
inc_x_r = 0.000000, inc_y_r = 1.000000, inc_x_i = 1.000000, inc_y_i = 1.000000
En el else......

----------------------------------------
x = 25.000000, y = 135.000000
avance = -89.000000, avanceR = 2.000000, avanceI = 2.000000
inc_x_r = 0.000000, inc_y_r = 1.000000, inc_x_i = 1.000000, inc_y_i = 1.000000
En el else......

----------------------------------------
x = 25.000000, y = 136.000000
avance = -87.000000, avanceR = 2.000000, avanceI = 2.000000
inc_x_r = 0.000000, inc_y_r = 1.000000, inc_x_i = 1.000000, inc_y_i = 1.000000
En el else......

----------------------------------------
x = 25.000000, y = 137.000000
avance = -85.000000, avanceR = 2.000000, avanceI = 2.000000
inc_x_r = 0.000000, inc_y_r = 1.000000, inc_x_i = 1.000000, inc_y_i = 1.000000
En el else......

----------------------------------------
x = 25.000000, y = 138.000000
avance = -83.000000, avanceR = 2.000000, avanceI = 2.000000
inc_x_r = 0.000000, inc_y_r = 1.000000, inc_x_i = 1.000000, inc_y_i = 1.000000
En el else......

----------------------------------------
x = 25.000000, y = 139.000000
avance = -81.000000, avanceR = 2.000000, avanceI = 2.000000
inc_x_r = 0.000000, inc_y_r = 1.000000, inc_x_i = 1.000000, inc_y_i = 1.000000
En el else......

----------------------------------------
x = 25.000000, y = 140.000000
avance = -79.000000, avanceR = 2.000000, avanceI = 2.000000
inc_x_r = 0.000000, inc_y_r = 1.000000, inc_x_i = 1.000000, inc_y_i = 1.000000
En el else......

----------------------------------------
x = 25.000000, y = 141.000000
avance = -77.000000, avanceR = 2.000000, avanceI = 2.000000
inc_x_r = 0.000000, inc_y_r = 1.000000, inc_x_i = 1.000000, inc_y_i = 1.000000
En el else......

----------------------------------------
x = 25.000000, y = 142.000000
avance = -75.000000, avanceR = 2.000000, avanceI = 2.000000
inc_x_r = 0.000000, inc_y_r = 1.000000, inc_x_i = 1.000000, inc_y_i = 1.000000
En el else......

----------------------------------------
x = 25.000000, y = 143.000000
avance = -73.000000, avanceR = 2.000000, avanceI = 2.000000
inc_x_r = 0.000000, inc_y_r = 1.000000, inc_x_i = 1.000000, inc_y_i = 1.000000
En el else......

----------------------------------------
x = 25.000000, y = 144.000000
avance = -71.000000, avanceR = 2.000000, avanceI = 2.000000
inc_x_r = 0.000000, inc_y_r = 1.000000, inc_x_i = 1.000000, inc_y_i = 1.000000
En el else......

----------------------------------------
x = 25.000000, y = 145.000000
avance = -69.000000, avanceR = 2.000000, avanceI = 2.000000
inc_x_r = 0.000000, inc_y_r = 1.000000, inc_x_i = 1.000000, inc_y_i = 1.000000
En el else......

----------------------------------------
x = 25.000000, y = 146.000000
avance = -67.000000, avanceR = 2.000000, avanceI = 2.000000
inc_x_r = 0.000000, inc_y_r = 1.000000, inc_x_i = 1.000000, inc_y_i = 1.000000
En el else......

----------------------------------------
x = 25.000000, y = 147.000000
avance = -65.000000, avanceR = 2.000000, avanceI = 2.000000
inc_x_r = 0.000000, inc_y_r = 1.000000, inc_x_i = 1.000000, inc_y_i = 1.000000
En el else......

----------------------------------------
x = 25.000000, y = 148.000000
avance = -63.000000, avanceR = 2.000000, avanceI = 2.000000
inc_x_r = 0.000000, inc_y_r = 1.000000, inc_x_i = 1.000000, inc_y_i = 1.000000
En el else......

----------------------------------------
x = 25.000000, y = 149.000000
avance = -61.000000, avanceR = 2.000000, avanceI = 2.000000
inc_x_r = 0.000000, inc_y_r = 1.000000, inc_x_i = 1.000000, inc_y_i = 1.000000
En el else......

----------------------------------------
x = 25.000000, y = 150.000000
avance = -59.000000, avanceR = 2.000000, avanceI = 2.000000
inc_x_r = 0.000000, inc_y_r = 1.000000, inc_x_i = 1.000000, inc_y_i = 1.000000
En el else......

----------------------------------------
x = 25.000000, y = 151.000000
avance = -57.000000, avanceR = 2.000000, avanceI = 2.000000
inc_x_r = 0.000000, inc_y_r = 1.000000, inc_x_i = 1.000000, inc_y_i = 1.000000
En el else......

----------------------------------------
x = 25.000000, y = 152.000000
avance = -55.000000, avanceR = 2.000000, avanceI = 2.000000
inc_x_r = 0.000000, inc_y_r = 1.000000, inc_x_i = 1.000000, inc_y_i = 1.000000
En el else......

----------------------------------------
x = 25.000000, y = 153.000000
avance = -53.000000, avanceR = 2.000000, avanceI = 2.000000
inc_x_r = 0.000000, inc_y_r = 1.000000, inc_x_i = 1.000000, inc_y_i = 1.000000
En el else......

----------------------------------------
x = 25.000000, y = 154.000000
avance = -51.000000, avanceR = 2.000000, avanceI = 2.000000
inc_x_r = 0.000000, inc_y_r = 1.000000, inc_x_i = 1.000000, inc_y_i = 1.000000
En el else......

----------------------------------------
x = 25.000000, y = 155.000000
avance = -49.000000, avanceR = 2.000000, avanceI = 2.000000
inc_x_r = 0.000000, inc_y_r = 1.000000, inc_x_i = 1.000000, inc_y_i = 1.000000
En el else......

----------------------------------------
x = 25.000000, y = 156.000000
avance = -47.000000, avanceR = 2.000000, avanceI = 2.000000
inc_x_r = 0.000000, inc_y_r = 1.000000, inc_x_i = 1.000000, inc_y_i = 1.000000
En el else......

----------------------------------------
x = 25.000000, y = 157.000000
avance = -45.000000, avanceR = 2.000000, avanceI = 2.000000
inc_x_r = 0.000000, inc_y_r = 1.000000, inc_x_i = 1.000000, inc_y_i = 1.000000
En el else......

----------------------------------------
x = 25.000000, y = 158.000000
avance = -43.000000, avanceR = 2.000000, avanceI = 2.000000
inc_x_r = 0.000000, inc_y_r = 1.000000, inc_x_i = 1.000000, inc_y_i = 1.000000
En el else......

----------------------------------------
x = 25.000000, y = 159.000000
avance = -41.000000, avanceR = 2.000000, avanceI = 2.000000
inc_x_r = 0.000000, inc_y_r = 1.000000, inc_x_i = 1.000000, inc_y_i = 1.000000
En el else......

----------------------------------------
x = 25.000000, y = 160.000000
avance = -39.000000, avanceR = 2.000000, avanceI = 2.000000
inc_x_r = 0.000000, inc_y_r = 1.000000, inc_x_i = 1.000000, inc_y_i = 1.000000
En el else......

----------------------------------------
x = 25.000000, y = 161.000000
avance = -37.000000, avanceR = 2.000000, avanceI = 2.000000
inc_x_r = 0.000000, inc_y_r = 1.000000, inc_x_i = 1.000000, inc_y_i = 1.000000
En el else......

----------------------------------------
x = 25.000000, y = 162.000000
avance = -35.000000, avanceR = 2.000000, avanceI = 2.000000
inc_x_r = 0.000000, inc_y_r = 1.000000, inc_x_i = 1.000000, inc_y_i = 1.000000
En el else......

----------------------------------------
x = 25.000000, y = 163.000000
avance = -33.000000, avanceR = 2.000000, avanceI = 2.000000
inc_x_r = 0.000000, inc_y_r = 1.000000, inc_x_i = 1.000000, inc_y_i = 1.000000
En el else......

----------------------------------------
x = 25.000000, y = 164.000000
avance = -31.000000, avanceR = 2.000000, avanceI = 2.000000
inc_x_r = 0.000000, inc_y_r = 1.000000, inc_x_i = 1.000000, inc_y_i = 1.000000
En el else......

----------------------------------------
x = 25.000000, y = 165.000000
avance = -29.000000, avanceR = 2.000000, avanceI = 2.000000
inc_x_r = 0.000000, inc_y_r = 1.000000, inc_x_i = 1.000000, inc_y_i = 1.000000
En el else......

----------------------------------------
x = 25.000000, y = 166.000000
avance = -27.000000, avanceR = 2.000000, avanceI = 2.000000
inc_x_r = 0.000000, inc_y_r = 1.000000, inc_x_i = 1.000000, inc_y_i = 1.000000
En el else......

----------------------------------------
x = 25.000000, y = 167.000000
avance = -25.000000, avanceR = 2.000000, avanceI = 2.000000
inc_x_r = 0.000000, inc_y_r = 1.000000, inc_x_i = 1.000000, inc_y_i = 1.000000
En el else......

----------------------------------------
x = 25.000000, y = 168.000000
avance = -23.000000, avanceR = 2.000000, avanceI = 2.000000
inc_x_r = 0.000000, inc_y_r = 1.000000, inc_x_i = 1.000000, inc_y_i = 1.000000
En el else......

----------------------------------------
x = 25.000000, y = 169.000000
avance = -21.000000, avanceR = 2.000000, avanceI = 2.000000
inc_x_r = 0.000000, inc_y_r = 1.000000, inc_x_i = 1.000000, inc_y_i = 1.000000
En el else......

----------------------------------------
x = 25.000000, y = 170.000000
avance = -19.000000, avanceR = 2.000000, avanceI = 2.000000
inc_x_r = 0.000000, inc_y_r = 1.000000, inc_x_i = 1.000000, inc_y_i = 1.000000
En el else......

----------------------------------------
x = 25.000000, y = 171.000000
avance = -17.000000, avanceR = 2.000000, avanceI = 2.000000
inc_x_r = 0.000000, inc_y_r = 1.000000, inc_x_i = 1.000000, inc_y_i = 1.000000
En el else......

----------------------------------------
x = 25.000000, y = 172.000000
avance = -15.000000, avanceR = 2.000000, avanceI = 2.000000
inc_x_r = 0.000000, inc_y_r = 1.000000, inc_x_i = 1.000000, inc_y_i = 1.000000
En el else......

----------------------------------------
x = 25.000000, y = 173.000000
avance = -13.000000, avanceR = 2.000000, avanceI = 2.000000
inc_x_r = 0.000000, inc_y_r = 1.000000, inc_x_i = 1.000000, inc_y_i = 1.000000
En el else......

----------------------------------------
x = 25.000000, y = 174.000000
avance = -11.000000, avanceR = 2.000000, avanceI = 2.000000
inc_x_r = 0.000000, inc_y_r = 1.000000, inc_x_i = 1.000000, inc_y_i = 1.000000
En el else......

----------------------------------------
x = 25.000000, y = 175.000000
avance = -9.000000, avanceR = 2.000000, avanceI = 2.000000
inc_x_r = 0.000000, inc_y_r = 1.000000, inc_x_i = 1.000000, inc_y_i = 1.000000
En el else......

----------------------------------------
x = 25.000000, y = 176.000000
avance = -7.000000, avanceR = 2.000000, avanceI = 2.000000
inc_x_r = 0.000000, inc_y_r = 1.000000, inc_x_i = 1.000000, inc_y_i = 1.000000
En el else......

----------------------------------------
x = 25.000000, y = 177.000000
avance = -5.000000, avanceR = 2.000000, avanceI = 2.000000
inc_x_r = 0.000000, inc_y_r = 1.000000, inc_x_i = 1.000000, inc_y_i = 1.000000
En el else......

----------------------------------------
x = 25.000000, y = 178.000000
avance = -3.000000, avanceR = 2.000000, avanceI = 2.000000
inc_x_r = 0.000000, inc_y_r = 1.000000, inc_x_i = 1.000000, inc_y_i = 1.000000
En el else......

----------------------------------------
x = 25.000000, y = 179.000000
avance = -1.000000, avanceR = 2.000000, avanceI = 2.000000
inc_x_r = 0.000000, inc_y_r = 1.000000, inc_x_i = 1.000000, inc_y_i = 1.000000
En el else......

----------------------------------------
x = 25.000000, y = 180.000000
avance = 1.000000, avanceR = 2.000000, avanceI = 2.000000
inc_x_r = 0.000000, inc_y_r = 1.000000, inc_x_i = 1.000000, inc_y_i = 1.000000
avance >= 0

----------------------------------------
x = 26.000000, y = 181.000000
avance = -499.000000, avanceR = 2.000000, avanceI = 2.000000
inc_x_r = 0.000000, inc_y_r = 1.000000, inc_x_i = 1.000000, inc_y_i = 1.000000
En el else......

----------------------------------------
x = 26.000000, y = 182.000000
avance = -497.000000, avanceR = 2.000000, avanceI = 2.000000
inc_x_r = 0.000000, inc_y_r = 1.000000, inc_x_i = 1.000000, inc_y_i = 1.000000
En el else......

----------------------------------------
x = 26.000000, y = 183.000000
avance = -495.000000, avanceR = 2.000000, avanceI = 2.000000
inc_x_r = 0.000000, inc_y_r = 1.000000, inc_x_i = 1.000000, inc_y_i = 1.000000
En el else......

----------------------------------------
x = 26.000000, y = 184.000000
avance = -493.000000, avanceR = 2.000000, avanceI = 2.000000
inc_x_r = 0.000000, inc_y_r = 1.000000, inc_x_i = 1.000000, inc_y_i = 1.000000
En el else......

----------------------------------------
x = 26.000000, y = 185.000000
avance = -491.000000, avanceR = 2.000000, avanceI = 2.000000
inc_x_r = 0.000000, inc_y_r = 1.000000, inc_x_i = 1.000000, inc_y_i = 1.000000
En el else......

----------------------------------------
x = 26.000000, y = 186.000000
avance = -489.000000, avanceR = 2.000000, avanceI = 2.000000
inc_x_r = 0.000000, inc_y_r = 1.000000, inc_x_i = 1.000000, inc_y_i = 1.000000
En el else......

----------------------------------------
x = 26.000000, y = 187.000000
avance = -487.000000, avanceR = 2.000000, avanceI = 2.000000
inc_x_r = 0.000000, inc_y_r = 1.000000, inc_x_i = 1.000000, inc_y_i = 1.000000
En el else......

----------------------------------------
x = 26.000000, y = 188.000000
avance = -485.000000, avanceR = 2.000000, avanceI = 2.000000
inc_x_r = 0.000000, inc_y_r = 1.000000, inc_x_i = 1.000000, inc_y_i = 1.000000
En el else......

----------------------------------------
x = 26.000000, y = 189.000000
avance = -483.000000, avanceR = 2.000000, avanceI = 2.000000
inc_x_r = 0.000000, inc_y_r = 1.000000, inc_x_i = 1.000000, inc_y_i = 1.000000
En el else......

----------------------------------------
x = 26.000000, y = 190.000000
avance = -481.000000, avanceR = 2.000000, avanceI = 2.000000
inc_x_r = 0.000000, inc_y_r = 1.000000, inc_x_i = 1.000000, inc_y_i = 1.000000
En el else......

----------------------------------------
x = 26.000000, y = 191.000000
avance = -479.000000, avanceR = 2.000000, avanceI = 2.000000
inc_x_r = 0.000000, inc_y_r = 1.000000, inc_x_i = 1.000000, inc_y_i = 1.000000
En el else......

----------------------------------------
x = 26.000000, y = 192.000000
avance = -477.000000, avanceR = 2.000000, avanceI = 2.000000
inc_x_r = 0.000000, inc_y_r = 1.000000, inc_x_i = 1.000000, inc_y_i = 1.000000
En el else......

----------------------------------------
x = 26.000000, y = 193.000000
avance = -475.000000, avanceR = 2.000000, avanceI = 2.000000
inc_x_r = 0.000000, inc_y_r = 1.000000, inc_x_i = 1.000000, inc_y_i = 1.000000
En el else......

----------------------------------------
x = 26.000000, y = 194.000000
avance = -473.000000, avanceR = 2.000000, avanceI = 2.000000
inc_x_r = 0.000000, inc_y_r = 1.000000, inc_x_i = 1.000000, inc_y_i = 1.000000
En el else......

----------------------------------------
x = 26.000000, y = 195.000000
avance = -471.000000, avanceR = 2.000000, avanceI = 2.000000
inc_x_r = 0.000000, inc_y_r = 1.000000, inc_x_i = 1.000000, inc_y_i = 1.000000
En el else......

----------------------------------------
x = 26.000000, y = 196.000000
avance = -469.000000, avanceR = 2.000000, avanceI = 2.000000
inc_x_r = 0.000000, inc_y_r = 1.000000, inc_x_i = 1.000000, inc_y_i = 1.000000
En el else......

----------------------------------------
x = 26.000000, y = 197.000000
avance = -467.000000, avanceR = 2.000000, avanceI = 2.000000
inc_x_r = 0.000000, inc_y_r = 1.000000, inc_x_i = 1.000000, inc_y_i = 1.000000
En el else......

----------------------------------------
x = 26.000000, y = 198.000000
avance = -465.000000, avanceR = 2.000000, avanceI = 2.000000
inc_x_r = 0.000000, inc_y_r = 1.000000, inc_x_i = 1.000000, inc_y_i = 1.000000
En el else......

----------------------------------------
x = 26.000000, y = 199.000000
avance = -463.000000, avanceR = 2.000000, avanceI = 2.000000
inc_x_r = 0.000000, inc_y_r = 1.000000, inc_x_i = 1.000000, inc_y_i = 1.000000
En el else......

----------------------------------------
x = 26.000000, y = 200.000000
avance = -461.000000, avanceR = 2.000000, avanceI = 2.000000
inc_x_r = 0.000000, inc_y_r = 1.000000, inc_x_i = 1.000000, inc_y_i = 1.000000
En el else......

----------------------------------------
x = 26.000000, y = 201.000000
avance = -459.000000, avanceR = 2.000000, avanceI = 2.000000
inc_x_r = 0.000000, inc_y_r = 1.000000, inc_x_i = 1.000000, inc_y_i = 1.000000
En el else......

----------------------------------------
x = 26.000000, y = 202.000000
avance = -457.000000, avanceR = 2.000000, avanceI = 2.000000
inc_x_r = 0.000000, inc_y_r = 1.000000, inc_x_i = 1.000000, inc_y_i = 1.000000
En el else......

----------------------------------------
x = 26.000000, y = 203.000000
avance = -455.000000, avanceR = 2.000000, avanceI = 2.000000
inc_x_r = 0.000000, inc_y_r = 1.000000, inc_x_i = 1.000000, inc_y_i = 1.000000
En el else......

----------------------------------------
x = 26.000000, y = 204.000000
avance = -453.000000, avanceR = 2.000000, avanceI = 2.000000
inc_x_r = 0.000000, inc_y_r = 1.000000, inc_x_i = 1.000000, inc_y_i = 1.000000
En el else......

----------------------------------------
x = 26.000000, y = 205.000000
avance = -451.000000, avanceR = 2.000000, avanceI = 2.000000
inc_x_r = 0.000000, inc_y_r = 1.000000, inc_x_i = 1.000000, inc_y_i = 1.000000
En el else......

----------------------------------------
x = 26.000000, y = 206.000000
avance = -449.000000, avanceR = 2.000000, avanceI = 2.000000
inc_x_r = 0.000000, inc_y_r = 1.000000, inc_x_i = 1.000000, inc_y_i = 1.000000
En el else......

----------------------------------------
x = 26.000000, y = 207.000000
avance = -447.000000, avanceR = 2.000000, avanceI = 2.000000
inc_x_r = 0.000000, inc_y_r = 1.000000, inc_x_i = 1.000000, inc_y_i = 1.000000
En el else......

----------------------------------------
x = 26.000000, y = 208.000000
avance = -445.000000, avanceR = 2.000000, avanceI = 2.000000
inc_x_r = 0.000000, inc_y_r = 1.000000, inc_x_i = 1.000000, inc_y_i = 1.000000
En el else......

----------------------------------------
x = 26.000000, y = 209.000000
avance = -443.000000, avanceR = 2.000000, avanceI = 2.000000
inc_x_r = 0.000000, inc_y_r = 1.000000, inc_x_i = 1.000000, inc_y_i = 1.000000
En el else......

----------------------------------------
x = 26.000000, y = 210.000000
avance = -441.000000, avanceR = 2.000000, avanceI = 2.000000
inc_x_r = 0.000000, inc_y_r = 1.000000, inc_x_i = 1.000000, inc_y_i = 1.000000
En el else......

----------------------------------------
x = 26.000000, y = 211.000000
avance = -439.000000, avanceR = 2.000000, avanceI = 2.000000
inc_x_r = 0.000000, inc_y_r = 1.000000, inc_x_i = 1.000000, inc_y_i = 1.000000
En el else......

----------------------------------------
x = 26.000000, y = 212.000000
avance = -437.000000, avanceR = 2.000000, avanceI = 2.000000
inc_x_r = 0.000000, inc_y_r = 1.000000, inc_x_i = 1.000000, inc_y_i = 1.000000
En el else......

----------------------------------------
x = 26.000000, y = 213.000000
avance = -435.000000, avanceR = 2.000000, avanceI = 2.000000
inc_x_r = 0.000000, inc_y_r = 1.000000, inc_x_i = 1.000000, inc_y_i = 1.000000
En el else......

----------------------------------------
x = 26.000000, y = 214.000000
avance = -433.000000, avanceR = 2.000000, avanceI = 2.000000
inc_x_r = 0.000000, inc_y_r = 1.000000, inc_x_i = 1.000000, inc_y_i = 1.000000
En el else......

----------------------------------------
x = 26.000000, y = 215.000000
avance = -431.000000, avanceR = 2.000000, avanceI = 2.000000
inc_x_r = 0.000000, inc_y_r = 1.000000, inc_x_i = 1.000000, inc_y_i = 1.000000
En el else......

----------------------------------------
x = 26.000000, y = 216.000000
avance = -429.000000, avanceR = 2.000000, avanceI = 2.000000
inc_x_r = 0.000000, inc_y_r = 1.000000, inc_x_i = 1.000000, inc_y_i = 1.000000
En el else......

----------------------------------------
x = 26.000000, y = 217.000000
avance = -427.000000, avanceR = 2.000000, avanceI = 2.000000
inc_x_r = 0.000000, inc_y_r = 1.000000, inc_x_i = 1.000000, inc_y_i = 1.000000
En el else......

----------------------------------------
x = 26.000000, y = 218.000000
avance = -425.000000, avanceR = 2.000000, avanceI = 2.000000
inc_x_r = 0.000000, inc_y_r = 1.000000, inc_x_i = 1.000000, inc_y_i = 1.000000
En el else......

----------------------------------------
x = 26.000000, y = 219.000000
avance = -423.000000, avanceR = 2.000000, avanceI = 2.000000
inc_x_r = 0.000000, inc_y_r = 1.000000, inc_x_i = 1.000000, inc_y_i = 1.000000
En el else......

----------------------------------------
x = 26.000000, y = 220.000000
avance = -421.000000, avanceR = 2.000000, avanceI = 2.000000
inc_x_r = 0.000000, inc_y_r = 1.000000, inc_x_i = 1.000000, inc_y_i = 1.000000
En el else......

----------------------------------------
x = 26.000000, y = 221.000000
avance = -419.000000, avanceR = 2.000000, avanceI = 2.000000
inc_x_r = 0.000000, inc_y_r = 1.000000, inc_x_i = 1.000000, inc_y_i = 1.000000
En el else......

----------------------------------------
x = 26.000000, y = 222.000000
avance = -417.000000, avanceR = 2.000000, avanceI = 2.000000
inc_x_r = 0.000000, inc_y_r = 1.000000, inc_x_i = 1.000000, inc_y_i = 1.000000
En el else......

----------------------------------------
x = 26.000000, y = 223.000000
avance = -415.000000, avanceR = 2.000000, avanceI = 2.000000
inc_x_r = 0.000000, inc_y_r = 1.000000, inc_x_i = 1.000000, inc_y_i = 1.000000
En el else......

----------------------------------------
x = 26.000000, y = 224.000000
avance = -413.000000, avanceR = 2.000000, avanceI = 2.000000
inc_x_r = 0.000000, inc_y_r = 1.000000, inc_x_i = 1.000000, inc_y_i = 1.000000
En el else......

----------------------------------------
x = 26.000000, y = 225.000000
avance = -411.000000, avanceR = 2.000000, avanceI = 2.000000
inc_x_r = 0.000000, inc_y_r = 1.000000, inc_x_i = 1.000000, inc_y_i = 1.000000
En el else......

----------------------------------------
x = 26.000000, y = 226.000000
avance = -409.000000, avanceR = 2.000000, avanceI = 2.000000
inc_x_r = 0.000000, inc_y_r = 1.000000, inc_x_i = 1.000000, inc_y_i = 1.000000
En el else......

----------------------------------------
x = 26.000000, y = 227.000000
avance = -407.000000, avanceR = 2.000000, avanceI = 2.000000
inc_x_r = 0.000000, inc_y_r = 1.000000, inc_x_i = 1.000000, inc_y_i = 1.000000
En el else......

----------------------------------------
x = 26.000000, y = 228.000000
avance = -405.000000, avanceR = 2.000000, avanceI = 2.000000
inc_x_r = 0.000000, inc_y_r = 1.000000, inc_x_i = 1.000000, inc_y_i = 1.000000
En el else......

----------------------------------------
x = 26.000000, y = 229.000000
avance = -403.000000, avanceR = 2.000000, avanceI = 2.000000
inc_x_r = 0.000000, inc_y_r = 1.000000, inc_x_i = 1.000000, inc_y_i = 1.000000
En el else......

----------------------------------------
x = 26.000000, y = 230.000000
avance = -401.000000, avanceR = 2.000000, avanceI = 2.000000
inc_x_r = 0.000000, inc_y_r = 1.000000, inc_x_i = 1.000000, inc_y_i = 1.000000
En el else......

----------------------------------------
x = 26.000000, y = 231.000000
avance = -399.000000, avanceR = 2.000000, avanceI = 2.000000
inc_x_r = 0.000000, inc_y_r = 1.000000, inc_x_i = 1.000000, inc_y_i = 1.000000
En el else......

----------------------------------------
x = 26.000000, y = 232.000000
avance = -397.000000, avanceR = 2.000000, avanceI = 2.000000
inc_x_r = 0.000000, inc_y_r = 1.000000, inc_x_i = 1.000000, inc_y_i = 1.000000
En el else......

----------------------------------------
x = 26.000000, y = 233.000000
avance = -395.000000, avanceR = 2.000000, avanceI = 2.000000
inc_x_r = 0.000000, inc_y_r = 1.000000, inc_x_i = 1.000000, inc_y_i = 1.000000
En el else......

----------------------------------------
x = 26.000000, y = 234.000000
avance = -393.000000, avanceR = 2.000000, avanceI = 2.000000
inc_x_r = 0.000000, inc_y_r = 1.000000, inc_x_i = 1.000000, inc_y_i = 1.000000
En el else......

----------------------------------------
x = 26.000000, y = 235.000000
avance = -391.000000, avanceR = 2.000000, avanceI = 2.000000
inc_x_r = 0.000000, inc_y_r = 1.000000, inc_x_i = 1.000000, inc_y_i = 1.000000
En el else......

----------------------------------------
x = 26.000000, y = 236.000000
avance = -389.000000, avanceR = 2.000000, avanceI = 2.000000
inc_x_r = 0.000000, inc_y_r = 1.000000, inc_x_i = 1.000000, inc_y_i = 1.000000
En el else......

----------------------------------------
x = 26.000000, y = 237.000000
avance = -387.000000, avanceR = 2.000000, avanceI = 2.000000
inc_x_r = 0.000000, inc_y_r = 1.000000, inc_x_i = 1.000000, inc_y_i = 1.000000
En el else......

----------------------------------------
x = 26.000000, y = 238.000000
avance = -385.000000, avanceR = 2.000000, avanceI = 2.000000
inc_x_r = 0.000000, inc_y_r = 1.000000, inc_x_i = 1.000000, inc_y_i = 1.000000
En el else......

----------------------------------------
x = 26.000000, y = 239.000000
avance = -383.000000, avanceR = 2.000000, avanceI = 2.000000
inc_x_r = 0.000000, inc_y_r = 1.000000, inc_x_i = 1.000000, inc_y_i = 1.000000
En el else......

----------------------------------------
x = 26.000000, y = 240.000000
avance = -381.000000, avanceR = 2.000000, avanceI = 2.000000
inc_x_r = 0.000000, inc_y_r = 1.000000, inc_x_i = 1.000000, inc_y_i = 1.000000
En el else......

----------------------------------------
x = 26.000000, y = 241.000000
avance = -379.000000, avanceR = 2.000000, avanceI = 2.000000
inc_x_r = 0.000000, inc_y_r = 1.000000, inc_x_i = 1.000000, inc_y_i = 1.000000
En el else......

----------------------------------------
x = 26.000000, y = 242.000000
avance = -377.000000, avanceR = 2.000000, avanceI = 2.000000
inc_x_r = 0.000000, inc_y_r = 1.000000, inc_x_i = 1.000000, inc_y_i = 1.000000
En el else......

----------------------------------------
x = 26.000000, y = 243.000000
avance = -375.000000, avanceR = 2.000000, avanceI = 2.000000
inc_x_r = 0.000000, inc_y_r = 1.000000, inc_x_i = 1.000000, inc_y_i = 1.000000
En el else......

----------------------------------------
x = 26.000000, y = 244.000000
avance = -373.000000, avanceR = 2.000000, avanceI = 2.000000
inc_x_r = 0.000000, inc_y_r = 1.000000, inc_x_i = 1.000000, inc_y_i = 1.000000
En el else......

----------------------------------------
x = 26.000000, y = 245.000000
avance = -371.000000, avanceR = 2.000000, avanceI = 2.000000
inc_x_r = 0.000000, inc_y_r = 1.000000, inc_x_i = 1.000000, inc_y_i = 1.000000
En el else......

----------------------------------------
x = 26.000000, y = 246.000000
avance = -369.000000, avanceR = 2.000000, avanceI = 2.000000
inc_x_r = 0.000000, inc_y_r = 1.000000, inc_x_i = 1.000000, inc_y_i = 1.000000
En el else......

----------------------------------------
x = 26.000000, y = 247.000000
avance = -367.000000, avanceR = 2.000000, avanceI = 2.000000
inc_x_r = 0.000000, inc_y_r = 1.000000, inc_x_i = 1.000000, inc_y_i = 1.000000
En el else......

----------------------------------------
x = 26.000000, y = 248.000000
avance = -365.000000, avanceR = 2.000000, avanceI = 2.000000
inc_x_r = 0.000000, inc_y_r = 1.000000, inc_x_i = 1.000000, inc_y_i = 1.000000
En el else......

----------------------------------------
x = 26.000000, y = 249.000000
avance = -363.000000, avanceR = 2.000000, avanceI = 2.000000
inc_x_r = 0.000000, inc_y_r = 1.000000, inc_x_i = 1.000000, inc_y_i = 1.000000
En el else......

----------------------------------------
x = 26.000000, y = 250.000000
avance = -361.000000, avanceR = 2.000000, avanceI = 2.000000
inc_x_r = 0.000000, inc_y_r = 1.000000, inc_x_i = 1.000000, inc_y_i = 1.000000
En el else......

----------------------------------------
x = 26.000000, y = 251.000000
avance = -359.000000, avanceR = 2.000000, avanceI = 2.000000
inc_x_r = 0.000000, inc_y_r = 1.000000, inc_x_i = 1.000000, inc_y_i = 1.000000
En el else......

----------------------------------------
x = 26.000000, y = 252.000000
avance = -357.000000, avanceR = 2.000000, avanceI = 2.000000
inc_x_r = 0.000000, inc_y_r = 1.000000, inc_x_i = 1.000000, inc_y_i = 1.000000
En el else......

----------------------------------------
x = 26.000000, y = 253.000000
avance = -355.000000, avanceR = 2.000000, avanceI = 2.000000
inc_x_r = 0.000000, inc_y_r = 1.000000, inc_x_i = 1.000000, inc_y_i = 1.000000
En el else......

----------------------------------------
x = 26.000000, y = 254.000000
avance = -353.000000, avanceR = 2.000000, avanceI = 2.000000
inc_x_r = 0.000000, inc_y_r = 1.000000, inc_x_i = 1.000000, inc_y_i = 1.000000
En el else......

----------------------------------------
x = 26.000000, y = 255.000000
avance = -351.000000, avanceR = 2.000000, avanceI = 2.000000
inc_x_r = 0.000000, inc_y_r = 1.000000, inc_x_i = 1.000000, inc_y_i = 1.000000
En el else......

----------------------------------------
x = 26.000000, y = 256.000000
avance = -349.000000, avanceR = 2.000000, avanceI = 2.000000
inc_x_r = 0.000000, inc_y_r = 1.000000, inc_x_i = 1.000000, inc_y_i = 1.000000
En el else......

----------------------------------------
x = 26.000000, y = 257.000000
avance = -347.000000, avanceR = 2.000000, avanceI = 2.000000
inc_x_r = 0.000000, inc_y_r = 1.000000, inc_x_i = 1.000000, inc_y_i = 1.000000
En el else......

----------------------------------------
x = 26.000000, y = 258.000000
avance = -345.000000, avanceR = 2.000000, avanceI = 2.000000
inc_x_r = 0.000000, inc_y_r = 1.000000, inc_x_i = 1.000000, inc_y_i = 1.000000
En el else......

----------------------------------------
x = 26.000000, y = 259.000000
avance = -343.000000, avanceR = 2.000000, avanceI = 2.000000
inc_x_r = 0.000000, inc_y_r = 1.000000, inc_x_i = 1.000000, inc_y_i = 1.000000
En el else......

----------------------------------------
x = 26.000000, y = 260.000000
avance = -341.000000, avanceR = 2.000000, avanceI = 2.000000
inc_x_r = 0.000000, inc_y_r = 1.000000, inc_x_i = 1.000000, inc_y_i = 1.000000
En el else......

----------------------------------------
x = 26.000000, y = 261.000000
avance = -339.000000, avanceR = 2.000000, avanceI = 2.000000
inc_x_r = 0.000000, inc_y_r = 1.000000, inc_x_i = 1.000000, inc_y_i = 1.000000
En el else......

----------------------------------------
x = 26.000000, y = 262.000000
avance = -337.000000, avanceR = 2.000000, avanceI = 2.000000
inc_x_r = 0.000000, inc_y_r = 1.000000, inc_x_i = 1.000000, inc_y_i = 1.000000
En el else......

----------------------------------------
x = 26.000000, y = 263.000000
avance = -335.000000, avanceR = 2.000000, avanceI = 2.000000
inc_x_r = 0.000000, inc_y_r = 1.000000, inc_x_i = 1.000000, inc_y_i = 1.000000
En el else......

----------------------------------------
x = 26.000000, y = 264.000000
avance = -333.000000, avanceR = 2.000000, avanceI = 2.000000
inc_x_r = 0.000000, inc_y_r = 1.000000, inc_x_i = 1.000000, inc_y_i = 1.000000
En el else......

----------------------------------------
x = 26.000000, y = 265.000000
avance = -331.000000, avanceR = 2.000000, avanceI = 2.000000
inc_x_r = 0.000000, inc_y_r = 1.000000, inc_x_i = 1.000000, inc_y_i = 1.000000
En el else......

----------------------------------------
x = 26.000000, y = 266.000000
avance = -329.000000, avanceR = 2.000000, avanceI = 2.000000
inc_x_r = 0.000000, inc_y_r = 1.000000, inc_x_i = 1.000000, inc_y_i = 1.000000
En el else......

----------------------------------------
x = 26.000000, y = 267.000000
avance = -327.000000, avanceR = 2.000000, avanceI = 2.000000
inc_x_r = 0.000000, inc_y_r = 1.000000, inc_x_i = 1.000000, inc_y_i = 1.000000
En el else......

----------------------------------------
x = 26.000000, y = 268.000000
avance = -325.000000, avanceR = 2.000000, avanceI = 2.000000
inc_x_r = 0.000000, inc_y_r = 1.000000, inc_x_i = 1.000000, inc_y_i = 1.000000
En el else......

----------------------------------------
x = 26.000000, y = 269.000000
avance = -323.000000, avanceR = 2.000000, avanceI = 2.000000
inc_x_r = 0.000000, inc_y_r = 1.000000, inc_x_i = 1.000000, inc_y_i = 1.000000
En el else......

----------------------------------------
x = 26.000000, y = 270.000000
avance = -321.000000, avanceR = 2.000000, avanceI = 2.000000
inc_x_r = 0.000000, inc_y_r = 1.000000, inc_x_i = 1.000000, inc_y_i = 1.000000
En el else......

----------------------------------------
x = 26.000000, y = 271.000000
avance = -319.000000, avanceR = 2.000000, avanceI = 2.000000
inc_x_r = 0.000000, inc_y_r = 1.000000, inc_x_i = 1.000000, inc_y_i = 1.000000
En el else......

----------------------------------------
x = 26.000000, y = 272.000000
avance = -317.000000, avanceR = 2.000000, avanceI = 2.000000
inc_x_r = 0.000000, inc_y_r = 1.000000, inc_x_i = 1.000000, inc_y_i = 1.000000
En el else......

----------------------------------------
x = 26.000000, y = 273.000000
avance = -315.000000, avanceR = 2.000000, avanceI = 2.000000
inc_x_r = 0.000000, inc_y_r = 1.000000, inc_x_i = 1.000000, inc_y_i = 1.000000
En el else......

----------------------------------------
x = 26.000000, y = 274.000000
avance = -313.000000, avanceR = 2.000000, avanceI = 2.000000
inc_x_r = 0.000000, inc_y_r = 1.000000, inc_x_i = 1.000000, inc_y_i = 1.000000
En el else......

----------------------------------------
x = 26.000000, y = 275.000000
avance = -311.000000, avanceR = 2.000000, avanceI = 2.000000
inc_x_r = 0.000000, inc_y_r = 1.000000, inc_x_i = 1.000000, inc_y_i = 1.000000
En el else......

----------------------------------------
x = 26.000000, y = 276.000000
avance = -309.000000, avanceR = 2.000000, avanceI = 2.000000
inc_x_r = 0.000000, inc_y_r = 1.000000, inc_x_i = 1.000000, inc_y_i = 1.000000
En el else......

----------------------------------------
x = 26.000000, y = 277.000000
avance = -307.000000, avanceR = 2.000000, avanceI = 2.000000
inc_x_r = 0.000000, inc_y_r = 1.000000, inc_x_i = 1.000000, inc_y_i = 1.000000
En el else......

----------------------------------------
x = 26.000000, y = 278.000000
avance = -305.000000, avanceR = 2.000000, avanceI = 2.000000
inc_x_r = 0.000000, inc_y_r = 1.000000, inc_x_i = 1.000000, inc_y_i = 1.000000
En el else......

----------------------------------------
x = 26.000000, y = 279.000000
avance = -303.000000, avanceR = 2.000000, avanceI = 2.000000
inc_x_r = 0.000000, inc_y_r = 1.000000, inc_x_i = 1.000000, inc_y_i = 1.000000
En el else......

----------------------------------------
x = 26.000000, y = 280.000000
avance = -301.000000, avanceR = 2.000000, avanceI = 2.000000
inc_x_r = 0.000000, inc_y_r = 1.000000, inc_x_i = 1.000000, inc_y_i = 1.000000
En el else......

----------------------------------------
x = 26.000000, y = 281.000000
avance = -299.000000, avanceR = 2.000000, avanceI = 2.000000
inc_x_r = 0.000000, inc_y_r = 1.000000, inc_x_i = 1.000000, inc_y_i = 1.000000
En el else......

----------------------------------------
x = 26.000000, y = 282.000000
avance = -297.000000, avanceR = 2.000000, avanceI = 2.000000
inc_x_r = 0.000000, inc_y_r = 1.000000, inc_x_i = 1.000000, inc_y_i = 1.000000
En el else......

----------------------------------------
x = 26.000000, y = 283.000000
avance = -295.000000, avanceR = 2.000000, avanceI = 2.000000
inc_x_r = 0.000000, inc_y_r = 1.000000, inc_x_i = 1.000000, inc_y_i = 1.000000
En el else......

----------------------------------------
x = 26.000000, y = 284.000000
avance = -293.000000, avanceR = 2.000000, avanceI = 2.000000
inc_x_r = 0.000000, inc_y_r = 1.000000, inc_x_i = 1.000000, inc_y_i = 1.000000
En el else......

----------------------------------------
x = 26.000000, y = 285.000000
avance = -291.000000, avanceR = 2.000000, avanceI = 2.000000
inc_x_r = 0.000000, inc_y_r = 1.000000, inc_x_i = 1.000000, inc_y_i = 1.000000
En el else......

----------------------------------------
x = 26.000000, y = 286.000000
avance = -289.000000, avanceR = 2.000000, avanceI = 2.000000
inc_x_r = 0.000000, inc_y_r = 1.000000, inc_x_i = 1.000000, inc_y_i = 1.000000
En el else......

----------------------------------------
x = 26.000000, y = 287.000000
avance = -287.000000, avanceR = 2.000000, avanceI = 2.000000
inc_x_r = 0.000000, inc_y_r = 1.000000, inc_x_i = 1.000000, inc_y_i = 1.000000
En el else......

----------------------------------------
x = 26.000000, y = 288.000000
avance = -285.000000, avanceR = 2.000000, avanceI = 2.000000
inc_x_r = 0.000000, inc_y_r = 1.000000, inc_x_i = 1.000000, inc_y_i = 1.000000
En el else......

----------------------------------------
x = 26.000000, y = 289.000000
avance = -283.000000, avanceR = 2.000000, avanceI = 2.000000
inc_x_r = 0.000000, inc_y_r = 1.000000, inc_x_i = 1.000000, inc_y_i = 1.000000
En el else......

----------------------------------------
x = 26.000000, y = 290.000000
avance = -281.000000, avanceR = 2.000000, avanceI = 2.000000
inc_x_r = 0.000000, inc_y_r = 1.000000, inc_x_i = 1.000000, inc_y_i = 1.000000
En el else......

----------------------------------------
x = 26.000000, y = 291.000000
avance = -279.000000, avanceR = 2.000000, avanceI = 2.000000
inc_x_r = 0.000000, inc_y_r = 1.000000, inc_x_i = 1.000000, inc_y_i = 1.000000
En el else......

----------------------------------------
x = 26.000000, y = 292.000000
avance = -277.000000, avanceR = 2.000000, avanceI = 2.000000
inc_x_r = 0.000000, inc_y_r = 1.000000, inc_x_i = 1.000000, inc_y_i = 1.000000
En el else......

----------------------------------------
x = 26.000000, y = 293.000000
avance = -275.000000, avanceR = 2.000000, avanceI = 2.000000
inc_x_r = 0.000000, inc_y_r = 1.000000, inc_x_i = 1.000000, inc_y_i = 1.000000
En el else......

----------------------------------------
x = 26.000000, y = 294.000000
avance = -273.000000, avanceR = 2.000000, avanceI = 2.000000
inc_x_r = 0.000000, inc_y_r = 1.000000, inc_x_i = 1.000000, inc_y_i = 1.000000
En el else......

----------------------------------------
x = 26.000000, y = 295.000000
avance = -271.000000, avanceR = 2.000000, avanceI = 2.000000
inc_x_r = 0.000000, inc_y_r = 1.000000, inc_x_i = 1.000000, inc_y_i = 1.000000
En el else......

----------------------------------------
x = 26.000000, y = 296.000000
avance = -269.000000, avanceR = 2.000000, avanceI = 2.000000
inc_x_r = 0.000000, inc_y_r = 1.000000, inc_x_i = 1.000000, inc_y_i = 1.000000
En el else......

----------------------------------------
x = 26.000000, y = 297.000000
avance = -267.000000, avanceR = 2.000000, avanceI = 2.000000
inc_x_r = 0.000000, inc_y_r = 1.000000, inc_x_i = 1.000000, inc_y_i = 1.000000
En el else......

----------------------------------------
x = 26.000000, y = 298.000000
avance = -265.000000, avanceR = 2.000000, avanceI = 2.000000
inc_x_r = 0.000000, inc_y_r = 1.000000, inc_x_i = 1.000000, inc_y_i = 1.000000
En el else......

----------------------------------------
x = 26.000000, y = 299.000000
avance = -263.000000, avanceR = 2.000000, avanceI = 2.000000
inc_x_r = 0.000000, inc_y_r = 1.000000, inc_x_i = 1.000000, inc_y_i = 1.000000
En el else......

----------------------------------------
x = 26.000000, y = 300.000000
avance = -261.000000, avanceR = 2.000000, avanceI = 2.000000
inc_x_r = 0.000000, inc_y_r = 1.000000, inc_x_i = 1.000000, inc_y_i = 1.000000
En el else......

----------------------------------------
x = 26.000000, y = 301.000000
avance = -259.000000, avanceR = 2.000000, avanceI = 2.000000
inc_x_r = 0.000000, inc_y_r = 1.000000, inc_x_i = 1.000000, inc_y_i = 1.000000
En el else......

----------------------------------------
x = 26.000000, y = 302.000000
avance = -257.000000, avanceR = 2.000000, avanceI = 2.000000
inc_x_r = 0.000000, inc_y_r = 1.000000, inc_x_i = 1.000000, inc_y_i = 1.000000
En el else......

----------------------------------------
x = 26.000000, y = 303.000000
avance = -255.000000, avanceR = 2.000000, avanceI = 2.000000
inc_x_r = 0.000000, inc_y_r = 1.000000, inc_x_i = 1.000000, inc_y_i = 1.000000
En el else......

----------------------------------------
x = 26.000000, y = 304.000000
avance = -253.000000, avanceR = 2.000000, avanceI = 2.000000
inc_x_r = 0.000000, inc_y_r = 1.000000, inc_x_i = 1.000000, inc_y_i = 1.000000
En el else......

----------------------------------------
x = 26.000000, y = 305.000000
avance = -251.000000, avanceR = 2.000000, avanceI = 2.000000
inc_x_r = 0.000000, inc_y_r = 1.000000, inc_x_i = 1.000000, inc_y_i = 1.000000
En el else......

----------------------------------------


ENTRAMOS A BRESENHAMªªªª
x1 = 25.000000 - y1 = 55.000000 || x2 = 26.000000 - y2 = 306.000000
dy = 251.000000, dx = 1.000000
avances inclinados: inc_x_i = 1.000000, inc_y_i = 1.000000
updated: dy = 251.000000, dx = 1.000000
avances rectos: inc_x_r = 0.000000, inc_y_r 1.000000
reupdated: dy = 1.000000, dx = 251.000000
avanceR = 2.000000, avance -249.000000, avanceI 2.000000
----------------------------------------
x = 25.000000, y = 55.000000
avance = -249.000000, avanceR = 2.000000, avanceI = 2.000000
inc_x_r = 0.000000, inc_y_r = 1.000000, inc_x_i = 1.000000, inc_y_i = 1.000000
En el else......

----------------------------------------
x = 25.000000, y = 56.000000
avance = -247.000000, avanceR = 2.000000, avanceI = 2.000000
inc_x_r = 0.000000, inc_y_r = 1.000000, inc_x_i = 1.000000, inc_y_i = 1.000000
En el else......

----------------------------------------
x = 25.000000, y = 57.000000
avance = -245.000000, avanceR = 2.000000, avanceI = 2.000000
inc_x_r = 0.000000, inc_y_r = 1.000000, inc_x_i = 1.000000, inc_y_i = 1.000000
En el else......

----------------------------------------
x = 25.000000, y = 58.000000
avance = -243.000000, avanceR = 2.000000, avanceI = 2.000000
inc_x_r = 0.000000, inc_y_r = 1.000000, inc_x_i = 1.000000, inc_y_i = 1.000000
En el else......

----------------------------------------
x = 25.000000, y = 59.000000
avance = -241.000000, avanceR = 2.000000, avanceI = 2.000000
inc_x_r = 0.000000, inc_y_r = 1.000000, inc_x_i = 1.000000, inc_y_i = 1.000000
En el else......

----------------------------------------
x = 25.000000, y = 60.000000
avance = -239.000000, avanceR = 2.000000, avanceI = 2.000000
inc_x_r = 0.000000, inc_y_r = 1.000000, inc_x_i = 1.000000, inc_y_i = 1.000000
En el else......

----------------------------------------
x = 25.000000, y = 61.000000
avance = -237.000000, avanceR = 2.000000, avanceI = 2.000000
inc_x_r = 0.000000, inc_y_r = 1.000000, inc_x_i = 1.000000, inc_y_i = 1.000000
En el else......

----------------------------------------
x = 25.000000, y = 62.000000
avance = -235.000000, avanceR = 2.000000, avanceI = 2.000000
inc_x_r = 0.000000, inc_y_r = 1.000000, inc_x_i = 1.000000, inc_y_i = 1.000000
En el else......

----------------------------------------
x = 25.000000, y = 63.000000
avance = -233.000000, avanceR = 2.000000, avanceI = 2.000000
inc_x_r = 0.000000, inc_y_r = 1.000000, inc_x_i = 1.000000, inc_y_i = 1.000000
En el else......

----------------------------------------
x = 25.000000, y = 64.000000
avance = -231.000000, avanceR = 2.000000, avanceI = 2.000000
inc_x_r = 0.000000, inc_y_r = 1.000000, inc_x_i = 1.000000, inc_y_i = 1.000000
En el else......

----------------------------------------
x = 25.000000, y = 65.000000
avance = -229.000000, avanceR = 2.000000, avanceI = 2.000000
inc_x_r = 0.000000, inc_y_r = 1.000000, inc_x_i = 1.000000, inc_y_i = 1.000000
En el else......

----------------------------------------
x = 25.000000, y = 66.000000
avance = -227.000000, avanceR = 2.000000, avanceI = 2.000000
inc_x_r = 0.000000, inc_y_r = 1.000000, inc_x_i = 1.000000, inc_y_i = 1.000000
En el else......

----------------------------------------
x = 25.000000, y = 67.000000
avance = -225.000000, avanceR = 2.000000, avanceI = 2.000000
inc_x_r = 0.000000, inc_y_r = 1.000000, inc_x_i = 1.000000, inc_y_i = 1.000000
En el else......

----------------------------------------
x = 25.000000, y = 68.000000
avance = -223.000000, avanceR = 2.000000, avanceI = 2.000000
inc_x_r = 0.000000, inc_y_r = 1.000000, inc_x_i = 1.000000, inc_y_i = 1.000000
En el else......

----------------------------------------
x = 25.000000, y = 69.000000
avance = -221.000000, avanceR = 2.000000, avanceI = 2.000000
inc_x_r = 0.000000, inc_y_r = 1.000000, inc_x_i = 1.000000, inc_y_i = 1.000000
En el else......

----------------------------------------
x = 25.000000, y = 70.000000
avance = -219.000000, avanceR = 2.000000, avanceI = 2.000000
inc_x_r = 0.000000, inc_y_r = 1.000000, inc_x_i = 1.000000, inc_y_i = 1.000000
En el else......

----------------------------------------
x = 25.000000, y = 71.000000
avance = -217.000000, avanceR = 2.000000, avanceI = 2.000000
inc_x_r = 0.000000, inc_y_r = 1.000000, inc_x_i = 1.000000, inc_y_i = 1.000000
En el else......

----------------------------------------
x = 25.000000, y = 72.000000
avance = -215.000000, avanceR = 2.000000, avanceI = 2.000000
inc_x_r = 0.000000, inc_y_r = 1.000000, inc_x_i = 1.000000, inc_y_i = 1.000000
En el else......

----------------------------------------
x = 25.000000, y = 73.000000
avance = -213.000000, avanceR = 2.000000, avanceI = 2.000000
inc_x_r = 0.000000, inc_y_r = 1.000000, inc_x_i = 1.000000, inc_y_i = 1.000000
En el else......

----------------------------------------
x = 25.000000, y = 74.000000
avance = -211.000000, avanceR = 2.000000, avanceI = 2.000000
inc_x_r = 0.000000, inc_y_r = 1.000000, inc_x_i = 1.000000, inc_y_i = 1.000000
En el else......

----------------------------------------
x = 25.000000, y = 75.000000
avance = -209.000000, avanceR = 2.000000, avanceI = 2.000000
inc_x_r = 0.000000, inc_y_r = 1.000000, inc_x_i = 1.000000, inc_y_i = 1.000000
En el else......

----------------------------------------
x = 25.000000, y = 76.000000
avance = -207.000000, avanceR = 2.000000, avanceI = 2.000000
inc_x_r = 0.000000, inc_y_r = 1.000000, inc_x_i = 1.000000, inc_y_i = 1.000000
En el else......

----------------------------------------
x = 25.000000, y = 77.000000
avance = -205.000000, avanceR = 2.000000, avanceI = 2.000000
inc_x_r = 0.000000, inc_y_r = 1.000000, inc_x_i = 1.000000, inc_y_i = 1.000000
En el else......

----------------------------------------
x = 25.000000, y = 78.000000
avance = -203.000000, avanceR = 2.000000, avanceI = 2.000000
inc_x_r = 0.000000, inc_y_r = 1.000000, inc_x_i = 1.000000, inc_y_i = 1.000000
En el else......

----------------------------------------
x = 25.000000, y = 79.000000
avance = -201.000000, avanceR = 2.000000, avanceI = 2.000000
inc_x_r = 0.000000, inc_y_r = 1.000000, inc_x_i = 1.000000, inc_y_i = 1.000000
En el else......

----------------------------------------
x = 25.000000, y = 80.000000
avance = -199.000000, avanceR = 2.000000, avanceI = 2.000000
inc_x_r = 0.000000, inc_y_r = 1.000000, inc_x_i = 1.000000, inc_y_i = 1.000000
En el else......

----------------------------------------
x = 25.000000, y = 81.000000
avance = -197.000000, avanceR = 2.000000, avanceI = 2.000000
inc_x_r = 0.000000, inc_y_r = 1.000000, inc_x_i = 1.000000, inc_y_i = 1.000000
En el else......

----------------------------------------
x = 25.000000, y = 82.000000
avance = -195.000000, avanceR = 2.000000, avanceI = 2.000000
inc_x_r = 0.000000, inc_y_r = 1.000000, inc_x_i = 1.000000, inc_y_i = 1.000000
En el else......

----------------------------------------
x = 25.000000, y = 83.000000
avance = -193.000000, avanceR = 2.000000, avanceI = 2.000000
inc_x_r = 0.000000, inc_y_r = 1.000000, inc_x_i = 1.000000, inc_y_i = 1.000000
En el else......

----------------------------------------
x = 25.000000, y = 84.000000
avance = -191.000000, avanceR = 2.000000, avanceI = 2.000000
inc_x_r = 0.000000, inc_y_r = 1.000000, inc_x_i = 1.000000, inc_y_i = 1.000000
En el else......

----------------------------------------
x = 25.000000, y = 85.000000
avance = -189.000000, avanceR = 2.000000, avanceI = 2.000000
inc_x_r = 0.000000, inc_y_r = 1.000000, inc_x_i = 1.000000, inc_y_i = 1.000000
En el else......

----------------------------------------
x = 25.000000, y = 86.000000
avance = -187.000000, avanceR = 2.000000, avanceI = 2.000000
inc_x_r = 0.000000, inc_y_r = 1.000000, inc_x_i = 1.000000, inc_y_i = 1.000000
En el else......

----------------------------------------
x = 25.000000, y = 87.000000
avance = -185.000000, avanceR = 2.000000, avanceI = 2.000000
inc_x_r = 0.000000, inc_y_r = 1.000000, inc_x_i = 1.000000, inc_y_i = 1.000000
En el else......

----------------------------------------
x = 25.000000, y = 88.000000
avance = -183.000000, avanceR = 2.000000, avanceI = 2.000000
inc_x_r = 0.000000, inc_y_r = 1.000000, inc_x_i = 1.000000, inc_y_i = 1.000000
En el else......

----------------------------------------
x = 25.000000, y = 89.000000
avance = -181.000000, avanceR = 2.000000, avanceI = 2.000000
inc_x_r = 0.000000, inc_y_r = 1.000000, inc_x_i = 1.000000, inc_y_i = 1.000000
En el else......

----------------------------------------
x = 25.000000, y = 90.000000
avance = -179.000000, avanceR = 2.000000, avanceI = 2.000000
inc_x_r = 0.000000, inc_y_r = 1.000000, inc_x_i = 1.000000, inc_y_i = 1.000000
En el else......

----------------------------------------
x = 25.000000, y = 91.000000
avance = -177.000000, avanceR = 2.000000, avanceI = 2.000000
inc_x_r = 0.000000, inc_y_r = 1.000000, inc_x_i = 1.000000, inc_y_i = 1.000000
En el else......

----------------------------------------
x = 25.000000, y = 92.000000
avance = -175.000000, avanceR = 2.000000, avanceI = 2.000000
inc_x_r = 0.000000, inc_y_r = 1.000000, inc_x_i = 1.000000, inc_y_i = 1.000000
En el else......

----------------------------------------
x = 25.000000, y = 93.000000
avance = -173.000000, avanceR = 2.000000, avanceI = 2.000000
inc_x_r = 0.000000, inc_y_r = 1.000000, inc_x_i = 1.000000, inc_y_i = 1.000000
En el else......

----------------------------------------
x = 25.000000, y = 94.000000
avance = -171.000000, avanceR = 2.000000, avanceI = 2.000000
inc_x_r = 0.000000, inc_y_r = 1.000000, inc_x_i = 1.000000, inc_y_i = 1.000000
En el else......

----------------------------------------
x = 25.000000, y = 95.000000
avance = -169.000000, avanceR = 2.000000, avanceI = 2.000000
inc_x_r = 0.000000, inc_y_r = 1.000000, inc_x_i = 1.000000, inc_y_i = 1.000000
En el else......

----------------------------------------
x = 25.000000, y = 96.000000
avance = -167.000000, avanceR = 2.000000, avanceI = 2.000000
inc_x_r = 0.000000, inc_y_r = 1.000000, inc_x_i = 1.000000, inc_y_i = 1.000000
En el else......

----------------------------------------
x = 25.000000, y = 97.000000
avance = -165.000000, avanceR = 2.000000, avanceI = 2.000000
inc_x_r = 0.000000, inc_y_r = 1.000000, inc_x_i = 1.000000, inc_y_i = 1.000000
En el else......

----------------------------------------
x = 25.000000, y = 98.000000
avance = -163.000000, avanceR = 2.000000, avanceI = 2.000000
inc_x_r = 0.000000, inc_y_r = 1.000000, inc_x_i = 1.000000, inc_y_i = 1.000000
En el else......

----------------------------------------
x = 25.000000, y = 99.000000
avance = -161.000000, avanceR = 2.000000, avanceI = 2.000000
inc_x_r = 0.000000, inc_y_r = 1.000000, inc_x_i = 1.000000, inc_y_i = 1.000000
En el else......

----------------------------------------
x = 25.000000, y = 100.000000
avance = -159.000000, avanceR = 2.000000, avanceI = 2.000000
inc_x_r = 0.000000, inc_y_r = 1.000000, inc_x_i = 1.000000, inc_y_i = 1.000000
En el else......

----------------------------------------
x = 25.000000, y = 101.000000
avance = -157.000000, avanceR = 2.000000, avanceI = 2.000000
inc_x_r = 0.000000, inc_y_r = 1.000000, inc_x_i = 1.000000, inc_y_i = 1.000000
En el else......

----------------------------------------
x = 25.000000, y = 102.000000
avance = -155.000000, avanceR = 2.000000, avanceI = 2.000000
inc_x_r = 0.000000, inc_y_r = 1.000000, inc_x_i = 1.000000, inc_y_i = 1.000000
En el else......

----------------------------------------
x = 25.000000, y = 103.000000
avance = -153.000000, avanceR = 2.000000, avanceI = 2.000000
inc_x_r = 0.000000, inc_y_r = 1.000000, inc_x_i = 1.000000, inc_y_i = 1.000000
En el else......

----------------------------------------
x = 25.000000, y = 104.000000
avance = -151.000000, avanceR = 2.000000, avanceI = 2.000000
inc_x_r = 0.000000, inc_y_r = 1.000000, inc_x_i = 1.000000, inc_y_i = 1.000000
En el else......

----------------------------------------
x = 25.000000, y = 105.000000
avance = -149.000000, avanceR = 2.000000, avanceI = 2.000000
inc_x_r = 0.000000, inc_y_r = 1.000000, inc_x_i = 1.000000, inc_y_i = 1.000000
En el else......

----------------------------------------
x = 25.000000, y = 106.000000
avance = -147.000000, avanceR = 2.000000, avanceI = 2.000000
inc_x_r = 0.000000, inc_y_r = 1.000000, inc_x_i = 1.000000, inc_y_i = 1.000000
En el else......

----------------------------------------
x = 25.000000, y = 107.000000
avance = -145.000000, avanceR = 2.000000, avanceI = 2.000000
inc_x_r = 0.000000, inc_y_r = 1.000000, inc_x_i = 1.000000, inc_y_i = 1.000000
En el else......

----------------------------------------
x = 25.000000, y = 108.000000
avance = -143.000000, avanceR = 2.000000, avanceI = 2.000000
inc_x_r = 0.000000, inc_y_r = 1.000000, inc_x_i = 1.000000, inc_y_i = 1.000000
En el else......

----------------------------------------
x = 25.000000, y = 109.000000
avance = -141.000000, avanceR = 2.000000, avanceI = 2.000000
inc_x_r = 0.000000, inc_y_r = 1.000000, inc_x_i = 1.000000, inc_y_i = 1.000000
En el else......

----------------------------------------
x = 25.000000, y = 110.000000
avance = -139.000000, avanceR = 2.000000, avanceI = 2.000000
inc_x_r = 0.000000, inc_y_r = 1.000000, inc_x_i = 1.000000, inc_y_i = 1.000000
En el else......

----------------------------------------
x = 25.000000, y = 111.000000
avance = -137.000000, avanceR = 2.000000, avanceI = 2.000000
inc_x_r = 0.000000, inc_y_r = 1.000000, inc_x_i = 1.000000, inc_y_i = 1.000000
En el else......

----------------------------------------
x = 25.000000, y = 112.000000
avance = -135.000000, avanceR = 2.000000, avanceI = 2.000000
inc_x_r = 0.000000, inc_y_r = 1.000000, inc_x_i = 1.000000, inc_y_i = 1.000000
En el else......

----------------------------------------
x = 25.000000, y = 113.000000
avance = -133.000000, avanceR = 2.000000, avanceI = 2.000000
inc_x_r = 0.000000, inc_y_r = 1.000000, inc_x_i = 1.000000, inc_y_i = 1.000000
En el else......

----------------------------------------
x = 25.000000, y = 114.000000
avance = -131.000000, avanceR = 2.000000, avanceI = 2.000000
inc_x_r = 0.000000, inc_y_r = 1.000000, inc_x_i = 1.000000, inc_y_i = 1.000000
En el else......

----------------------------------------
x = 25.000000, y = 115.000000
avance = -129.000000, avanceR = 2.000000, avanceI = 2.000000
inc_x_r = 0.000000, inc_y_r = 1.000000, inc_x_i = 1.000000, inc_y_i = 1.000000
En el else......

----------------------------------------
x = 25.000000, y = 116.000000
avance = -127.000000, avanceR = 2.000000, avanceI = 2.000000
inc_x_r = 0.000000, inc_y_r = 1.000000, inc_x_i = 1.000000, inc_y_i = 1.000000
En el else......

----------------------------------------
x = 25.000000, y = 117.000000
avance = -125.000000, avanceR = 2.000000, avanceI = 2.000000
inc_x_r = 0.000000, inc_y_r = 1.000000, inc_x_i = 1.000000, inc_y_i = 1.000000
En el else......

----------------------------------------
x = 25.000000, y = 118.000000
avance = -123.000000, avanceR = 2.000000, avanceI = 2.000000
inc_x_r = 0.000000, inc_y_r = 1.000000, inc_x_i = 1.000000, inc_y_i = 1.000000
En el else......

----------------------------------------
x = 25.000000, y = 119.000000
avance = -121.000000, avanceR = 2.000000, avanceI = 2.000000
inc_x_r = 0.000000, inc_y_r = 1.000000, inc_x_i = 1.000000, inc_y_i = 1.000000
En el else......

----------------------------------------
x = 25.000000, y = 120.000000
avance = -119.000000, avanceR = 2.000000, avanceI = 2.000000
inc_x_r = 0.000000, inc_y_r = 1.000000, inc_x_i = 1.000000, inc_y_i = 1.000000
En el else......

----------------------------------------
x = 25.000000, y = 121.000000
avance = -117.000000, avanceR = 2.000000, avanceI = 2.000000
inc_x_r = 0.000000, inc_y_r = 1.000000, inc_x_i = 1.000000, inc_y_i = 1.000000
En el else......

----------------------------------------
x = 25.000000, y = 122.000000
avance = -115.000000, avanceR = 2.000000, avanceI = 2.000000
inc_x_r = 0.000000, inc_y_r = 1.000000, inc_x_i = 1.000000, inc_y_i = 1.000000
En el else......

----------------------------------------
x = 25.000000, y = 123.000000
avance = -113.000000, avanceR = 2.000000, avanceI = 2.000000
inc_x_r = 0.000000, inc_y_r = 1.000000, inc_x_i = 1.000000, inc_y_i = 1.000000
En el else......

----------------------------------------
x = 25.000000, y = 124.000000
avance = -111.000000, avanceR = 2.000000, avanceI = 2.000000
inc_x_r = 0.000000, inc_y_r = 1.000000, inc_x_i = 1.000000, inc_y_i = 1.000000
En el else......

----------------------------------------
x = 25.000000, y = 125.000000
avance = -109.000000, avanceR = 2.000000, avanceI = 2.000000
inc_x_r = 0.000000, inc_y_r = 1.000000, inc_x_i = 1.000000, inc_y_i = 1.000000
En el else......

----------------------------------------
x = 25.000000, y = 126.000000
avance = -107.000000, avanceR = 2.000000, avanceI = 2.000000
inc_x_r = 0.000000, inc_y_r = 1.000000, inc_x_i = 1.000000, inc_y_i = 1.000000
En el else......

----------------------------------------
x = 25.000000, y = 127.000000
avance = -105.000000, avanceR = 2.000000, avanceI = 2.000000
inc_x_r = 0.000000, inc_y_r = 1.000000, inc_x_i = 1.000000, inc_y_i = 1.000000
En el else......

----------------------------------------
x = 25.000000, y = 128.000000
avance = -103.000000, avanceR = 2.000000, avanceI = 2.000000
inc_x_r = 0.000000, inc_y_r = 1.000000, inc_x_i = 1.000000, inc_y_i = 1.000000
En el else......

----------------------------------------
x = 25.000000, y = 129.000000
avance = -101.000000, avanceR = 2.000000, avanceI = 2.000000
inc_x_r = 0.000000, inc_y_r = 1.000000, inc_x_i = 1.000000, inc_y_i = 1.000000
En el else......

----------------------------------------
x = 25.000000, y = 130.000000
avance = -99.000000, avanceR = 2.000000, avanceI = 2.000000
inc_x_r = 0.000000, inc_y_r = 1.000000, inc_x_i = 1.000000, inc_y_i = 1.000000
En el else......

----------------------------------------
x = 25.000000, y = 131.000000
avance = -97.000000, avanceR = 2.000000, avanceI = 2.000000
inc_x_r = 0.000000, inc_y_r = 1.000000, inc_x_i = 1.000000, inc_y_i = 1.000000
En el else......

----------------------------------------
x = 25.000000, y = 132.000000
avance = -95.000000, avanceR = 2.000000, avanceI = 2.000000
inc_x_r = 0.000000, inc_y_r = 1.000000, inc_x_i = 1.000000, inc_y_i = 1.000000
En el else......

----------------------------------------
x = 25.000000, y = 133.000000
avance = -93.000000, avanceR = 2.000000, avanceI = 2.000000
inc_x_r = 0.000000, inc_y_r = 1.000000, inc_x_i = 1.000000, inc_y_i = 1.000000
En el else......

----------------------------------------
x = 25.000000, y = 134.000000
avance = -91.000000, avanceR = 2.000000, avanceI = 2.000000
inc_x_r = 0.000000, inc_y_r = 1.000000, inc_x_i = 1.000000, inc_y_i = 1.000000
En el else......

----------------------------------------
x = 25.000000, y = 135.000000
avance = -89.000000, avanceR = 2.000000, avanceI = 2.000000
inc_x_r = 0.000000, inc_y_r = 1.000000, inc_x_i = 1.000000, inc_y_i = 1.000000
En el else......

----------------------------------------
x = 25.000000, y = 136.000000
avance = -87.000000, avanceR = 2.000000, avanceI = 2.000000
inc_x_r = 0.000000, inc_y_r = 1.000000, inc_x_i = 1.000000, inc_y_i = 1.000000
En el else......

----------------------------------------
x = 25.000000, y = 137.000000
avance = -85.000000, avanceR = 2.000000, avanceI = 2.000000
inc_x_r = 0.000000, inc_y_r = 1.000000, inc_x_i = 1.000000, inc_y_i = 1.000000
En el else......

----------------------------------------
x = 25.000000, y = 138.000000
avance = -83.000000, avanceR = 2.000000, avanceI = 2.000000
inc_x_r = 0.000000, inc_y_r = 1.000000, inc_x_i = 1.000000, inc_y_i = 1.000000
En el else......

----------------------------------------
x = 25.000000, y = 139.000000
avance = -81.000000, avanceR = 2.000000, avanceI = 2.000000
inc_x_r = 0.000000, inc_y_r = 1.000000, inc_x_i = 1.000000, inc_y_i = 1.000000
En el else......

----------------------------------------
x = 25.000000, y = 140.000000
avance = -79.000000, avanceR = 2.000000, avanceI = 2.000000
inc_x_r = 0.000000, inc_y_r = 1.000000, inc_x_i = 1.000000, inc_y_i = 1.000000
En el else......

----------------------------------------
x = 25.000000, y = 141.000000
avance = -77.000000, avanceR = 2.000000, avanceI = 2.000000
inc_x_r = 0.000000, inc_y_r = 1.000000, inc_x_i = 1.000000, inc_y_i = 1.000000
En el else......

----------------------------------------
x = 25.000000, y = 142.000000
avance = -75.000000, avanceR = 2.000000, avanceI = 2.000000
inc_x_r = 0.000000, inc_y_r = 1.000000, inc_x_i = 1.000000, inc_y_i = 1.000000
En el else......

----------------------------------------
x = 25.000000, y = 143.000000
avance = -73.000000, avanceR = 2.000000, avanceI = 2.000000
inc_x_r = 0.000000, inc_y_r = 1.000000, inc_x_i = 1.000000, inc_y_i = 1.000000
En el else......

----------------------------------------
x = 25.000000, y = 144.000000
avance = -71.000000, avanceR = 2.000000, avanceI = 2.000000
inc_x_r = 0.000000, inc_y_r = 1.000000, inc_x_i = 1.000000, inc_y_i = 1.000000
En el else......

----------------------------------------
x = 25.000000, y = 145.000000
avance = -69.000000, avanceR = 2.000000, avanceI = 2.000000
inc_x_r = 0.000000, inc_y_r = 1.000000, inc_x_i = 1.000000, inc_y_i = 1.000000
En el else......

----------------------------------------
x = 25.000000, y = 146.000000
avance = -67.000000, avanceR = 2.000000, avanceI = 2.000000
inc_x_r = 0.000000, inc_y_r = 1.000000, inc_x_i = 1.000000, inc_y_i = 1.000000
En el else......

----------------------------------------
x = 25.000000, y = 147.000000
avance = -65.000000, avanceR = 2.000000, avanceI = 2.000000
inc_x_r = 0.000000, inc_y_r = 1.000000, inc_x_i = 1.000000, inc_y_i = 1.000000
En el else......

----------------------------------------
x = 25.000000, y = 148.000000
avance = -63.000000, avanceR = 2.000000, avanceI = 2.000000
inc_x_r = 0.000000, inc_y_r = 1.000000, inc_x_i = 1.000000, inc_y_i = 1.000000
En el else......

----------------------------------------
x = 25.000000, y = 149.000000
avance = -61.000000, avanceR = 2.000000, avanceI = 2.000000
inc_x_r = 0.000000, inc_y_r = 1.000000, inc_x_i = 1.000000, inc_y_i = 1.000000
En el else......

----------------------------------------
x = 25.000000, y = 150.000000
avance = -59.000000, avanceR = 2.000000, avanceI = 2.000000
inc_x_r = 0.000000, inc_y_r = 1.000000, inc_x_i = 1.000000, inc_y_i = 1.000000
En el else......

----------------------------------------
x = 25.000000, y = 151.000000
avance = -57.000000, avanceR = 2.000000, avanceI = 2.000000
inc_x_r = 0.000000, inc_y_r = 1.000000, inc_x_i = 1.000000, inc_y_i = 1.000000
En el else......

----------------------------------------
x = 25.000000, y = 152.000000
avance = -55.000000, avanceR = 2.000000, avanceI = 2.000000
inc_x_r = 0.000000, inc_y_r = 1.000000, inc_x_i = 1.000000, inc_y_i = 1.000000
En el else......

----------------------------------------
x = 25.000000, y = 153.000000
avance = -53.000000, avanceR = 2.000000, avanceI = 2.000000
inc_x_r = 0.000000, inc_y_r = 1.000000, inc_x_i = 1.000000, inc_y_i = 1.000000
En el else......

----------------------------------------
x = 25.000000, y = 154.000000
avance = -51.000000, avanceR = 2.000000, avanceI = 2.000000
inc_x_r = 0.000000, inc_y_r = 1.000000, inc_x_i = 1.000000, inc_y_i = 1.000000
En el else......

----------------------------------------
x = 25.000000, y = 155.000000
avance = -49.000000, avanceR = 2.000000, avanceI = 2.000000
inc_x_r = 0.000000, inc_y_r = 1.000000, inc_x_i = 1.000000, inc_y_i = 1.000000
En el else......

----------------------------------------
x = 25.000000, y = 156.000000
avance = -47.000000, avanceR = 2.000000, avanceI = 2.000000
inc_x_r = 0.000000, inc_y_r = 1.000000, inc_x_i = 1.000000, inc_y_i = 1.000000
En el else......

----------------------------------------
x = 25.000000, y = 157.000000
avance = -45.000000, avanceR = 2.000000, avanceI = 2.000000
inc_x_r = 0.000000, inc_y_r = 1.000000, inc_x_i = 1.000000, inc_y_i = 1.000000
En el else......

----------------------------------------
x = 25.000000, y = 158.000000
avance = -43.000000, avanceR = 2.000000, avanceI = 2.000000
inc_x_r = 0.000000, inc_y_r = 1.000000, inc_x_i = 1.000000, inc_y_i = 1.000000
En el else......

----------------------------------------
x = 25.000000, y = 159.000000
avance = -41.000000, avanceR = 2.000000, avanceI = 2.000000
inc_x_r = 0.000000, inc_y_r = 1.000000, inc_x_i = 1.000000, inc_y_i = 1.000000
En el else......

----------------------------------------
x = 25.000000, y = 160.000000
avance = -39.000000, avanceR = 2.000000, avanceI = 2.000000
inc_x_r = 0.000000, inc_y_r = 1.000000, inc_x_i = 1.000000, inc_y_i = 1.000000
En el else......

----------------------------------------
x = 25.000000, y = 161.000000
avance = -37.000000, avanceR = 2.000000, avanceI = 2.000000
inc_x_r = 0.000000, inc_y_r = 1.000000, inc_x_i = 1.000000, inc_y_i = 1.000000
En el else......

----------------------------------------
x = 25.000000, y = 162.000000
avance = -35.000000, avanceR = 2.000000, avanceI = 2.000000
inc_x_r = 0.000000, inc_y_r = 1.000000, inc_x_i = 1.000000, inc_y_i = 1.000000
En el else......

----------------------------------------
x = 25.000000, y = 163.000000
avance = -33.000000, avanceR = 2.000000, avanceI = 2.000000
inc_x_r = 0.000000, inc_y_r = 1.000000, inc_x_i = 1.000000, inc_y_i = 1.000000
En el else......

----------------------------------------
x = 25.000000, y = 164.000000
avance = -31.000000, avanceR = 2.000000, avanceI = 2.000000
inc_x_r = 0.000000, inc_y_r = 1.000000, inc_x_i = 1.000000, inc_y_i = 1.000000
En el else......

----------------------------------------
x = 25.000000, y = 165.000000
avance = -29.000000, avanceR = 2.000000, avanceI = 2.000000
inc_x_r = 0.000000, inc_y_r = 1.000000, inc_x_i = 1.000000, inc_y_i = 1.000000
En el else......

----------------------------------------
x = 25.000000, y = 166.000000
avance = -27.000000, avanceR = 2.000000, avanceI = 2.000000
inc_x_r = 0.000000, inc_y_r = 1.000000, inc_x_i = 1.000000, inc_y_i = 1.000000
En el else......

----------------------------------------
x = 25.000000, y = 167.000000
avance = -25.000000, avanceR = 2.000000, avanceI = 2.000000
inc_x_r = 0.000000, inc_y_r = 1.000000, inc_x_i = 1.000000, inc_y_i = 1.000000
En el else......

----------------------------------------
x = 25.000000, y = 168.000000
avance = -23.000000, avanceR = 2.000000, avanceI = 2.000000
inc_x_r = 0.000000, inc_y_r = 1.000000, inc_x_i = 1.000000, inc_y_i = 1.000000
En el else......

----------------------------------------
x = 25.000000, y = 169.000000
avance = -21.000000, avanceR = 2.000000, avanceI = 2.000000
inc_x_r = 0.000000, inc_y_r = 1.000000, inc_x_i = 1.000000, inc_y_i = 1.000000
En el else......

----------------------------------------
x = 25.000000, y = 170.000000
avance = -19.000000, avanceR = 2.000000, avanceI = 2.000000
inc_x_r = 0.000000, inc_y_r = 1.000000, inc_x_i = 1.000000, inc_y_i = 1.000000
En el else......

----------------------------------------
x = 25.000000, y = 171.000000
avance = -17.000000, avanceR = 2.000000, avanceI = 2.000000
inc_x_r = 0.000000, inc_y_r = 1.000000, inc_x_i = 1.000000, inc_y_i = 1.000000
En el else......

----------------------------------------
x = 25.000000, y = 172.000000
avance = -15.000000, avanceR = 2.000000, avanceI = 2.000000
inc_x_r = 0.000000, inc_y_r = 1.000000, inc_x_i = 1.000000, inc_y_i = 1.000000
En el else......

----------------------------------------
x = 25.000000, y = 173.000000
avance = -13.000000, avanceR = 2.000000, avanceI = 2.000000
inc_x_r = 0.000000, inc_y_r = 1.000000, inc_x_i = 1.000000, inc_y_i = 1.000000
En el else......

----------------------------------------
x = 25.000000, y = 174.000000
avance = -11.000000, avanceR = 2.000000, avanceI = 2.000000
inc_x_r = 0.000000, inc_y_r = 1.000000, inc_x_i = 1.000000, inc_y_i = 1.000000
En el else......

----------------------------------------
x = 25.000000, y = 175.000000
avance = -9.000000, avanceR = 2.000000, avanceI = 2.000000
inc_x_r = 0.000000, inc_y_r = 1.000000, inc_x_i = 1.000000, inc_y_i = 1.000000
En el else......

----------------------------------------
x = 25.000000, y = 176.000000
avance = -7.000000, avanceR = 2.000000, avanceI = 2.000000
inc_x_r = 0.000000, inc_y_r = 1.000000, inc_x_i = 1.000000, inc_y_i = 1.000000
En el else......

----------------------------------------
x = 25.000000, y = 177.000000
avance = -5.000000, avanceR = 2.000000, avanceI = 2.000000
inc_x_r = 0.000000, inc_y_r = 1.000000, inc_x_i = 1.000000, inc_y_i = 1.000000
En el else......

----------------------------------------
x = 25.000000, y = 178.000000
avance = -3.000000, avanceR = 2.000000, avanceI = 2.000000
inc_x_r = 0.000000, inc_y_r = 1.000000, inc_x_i = 1.000000, inc_y_i = 1.000000
En el else......

----------------------------------------
x = 25.000000, y = 179.000000
avance = -1.000000, avanceR = 2.000000, avanceI = 2.000000
inc_x_r = 0.000000, inc_y_r = 1.000000, inc_x_i = 1.000000, inc_y_i = 1.000000
En el else......

----------------------------------------
x = 25.000000, y = 180.000000
avance = 1.000000, avanceR = 2.000000, avanceI = 2.000000
inc_x_r = 0.000000, inc_y_r = 1.000000, inc_x_i = 1.000000, inc_y_i = 1.000000
avance >= 0

----------------------------------------
x = 26.000000, y = 181.000000
avance = -499.000000, avanceR = 2.000000, avanceI = 2.000000
inc_x_r = 0.000000, inc_y_r = 1.000000, inc_x_i = 1.000000, inc_y_i = 1.000000
En el else......

----------------------------------------
x = 26.000000, y = 182.000000
avance = -497.000000, avanceR = 2.000000, avanceI = 2.000000
inc_x_r = 0.000000, inc_y_r = 1.000000, inc_x_i = 1.000000, inc_y_i = 1.000000
En el else......

----------------------------------------
x = 26.000000, y = 183.000000
avance = -495.000000, avanceR = 2.000000, avanceI = 2.000000
inc_x_r = 0.000000, inc_y_r = 1.000000, inc_x_i = 1.000000, inc_y_i = 1.000000
En el else......

----------------------------------------
x = 26.000000, y = 184.000000
avance = -493.000000, avanceR = 2.000000, avanceI = 2.000000
inc_x_r = 0.000000, inc_y_r = 1.000000, inc_x_i = 1.000000, inc_y_i = 1.000000
En el else......

----------------------------------------
x = 26.000000, y = 185.000000
avance = -491.000000, avanceR = 2.000000, avanceI = 2.000000
inc_x_r = 0.000000, inc_y_r = 1.000000, inc_x_i = 1.000000, inc_y_i = 1.000000
En el else......

----------------------------------------
x = 26.000000, y = 186.000000
avance = -489.000000, avanceR = 2.000000, avanceI = 2.000000
inc_x_r = 0.000000, inc_y_r = 1.000000, inc_x_i = 1.000000, inc_y_i = 1.000000
En el else......

----------------------------------------
x = 26.000000, y = 187.000000
avance = -487.000000, avanceR = 2.000000, avanceI = 2.000000
inc_x_r = 0.000000, inc_y_r = 1.000000, inc_x_i = 1.000000, inc_y_i = 1.000000
En el else......

----------------------------------------
x = 26.000000, y = 188.000000
avance = -485.000000, avanceR = 2.000000, avanceI = 2.000000
inc_x_r = 0.000000, inc_y_r = 1.000000, inc_x_i = 1.000000, inc_y_i = 1.000000
En el else......

----------------------------------------
x = 26.000000, y = 189.000000
avance = -483.000000, avanceR = 2.000000, avanceI = 2.000000
inc_x_r = 0.000000, inc_y_r = 1.000000, inc_x_i = 1.000000, inc_y_i = 1.000000
En el else......

----------------------------------------
x = 26.000000, y = 190.000000
avance = -481.000000, avanceR = 2.000000, avanceI = 2.000000
inc_x_r = 0.000000, inc_y_r = 1.000000, inc_x_i = 1.000000, inc_y_i = 1.000000
En el else......

----------------------------------------
x = 26.000000, y = 191.000000
avance = -479.000000, avanceR = 2.000000, avanceI = 2.000000
inc_x_r = 0.000000, inc_y_r = 1.000000, inc_x_i = 1.000000, inc_y_i = 1.000000
En el else......

----------------------------------------
x = 26.000000, y = 192.000000
avance = -477.000000, avanceR = 2.000000, avanceI = 2.000000
inc_x_r = 0.000000, inc_y_r = 1.000000, inc_x_i = 1.000000, inc_y_i = 1.000000
En el else......

----------------------------------------
x = 26.000000, y = 193.000000
avance = -475.000000, avanceR = 2.000000, avanceI = 2.000000
inc_x_r = 0.000000, inc_y_r = 1.000000, inc_x_i = 1.000000, inc_y_i = 1.000000
En el else......

----------------------------------------
x = 26.000000, y = 194.000000
avance = -473.000000, avanceR = 2.000000, avanceI = 2.000000
inc_x_r = 0.000000, inc_y_r = 1.000000, inc_x_i = 1.000000, inc_y_i = 1.000000
En el else......

----------------------------------------
x = 26.000000, y = 195.000000
avance = -471.000000, avanceR = 2.000000, avanceI = 2.000000
inc_x_r = 0.000000, inc_y_r = 1.000000, inc_x_i = 1.000000, inc_y_i = 1.000000
En el else......

----------------------------------------
x = 26.000000, y = 196.000000
avance = -469.000000, avanceR = 2.000000, avanceI = 2.000000
inc_x_r = 0.000000, inc_y_r = 1.000000, inc_x_i = 1.000000, inc_y_i = 1.000000
En el else......

----------------------------------------
x = 26.000000, y = 197.000000
avance = -467.000000, avanceR = 2.000000, avanceI = 2.000000
inc_x_r = 0.000000, inc_y_r = 1.000000, inc_x_i = 1.000000, inc_y_i = 1.000000
En el else......

----------------------------------------
x = 26.000000, y = 198.000000
avance = -465.000000, avanceR = 2.000000, avanceI = 2.000000
inc_x_r = 0.000000, inc_y_r = 1.000000, inc_x_i = 1.000000, inc_y_i = 1.000000
En el else......

----------------------------------------
x = 26.000000, y = 199.000000
avance = -463.000000, avanceR = 2.000000, avanceI = 2.000000
inc_x_r = 0.000000, inc_y_r = 1.000000, inc_x_i = 1.000000, inc_y_i = 1.000000
En el else......

----------------------------------------
x = 26.000000, y = 200.000000
avance = -461.000000, avanceR = 2.000000, avanceI = 2.000000
inc_x_r = 0.000000, inc_y_r = 1.000000, inc_x_i = 1.000000, inc_y_i = 1.000000
En el else......

----------------------------------------
x = 26.000000, y = 201.000000
avance = -459.000000, avanceR = 2.000000, avanceI = 2.000000
inc_x_r = 0.000000, inc_y_r = 1.000000, inc_x_i = 1.000000, inc_y_i = 1.000000
En el else......

----------------------------------------
x = 26.000000, y = 202.000000
avance = -457.000000, avanceR = 2.000000, avanceI = 2.000000
inc_x_r = 0.000000, inc_y_r = 1.000000, inc_x_i = 1.000000, inc_y_i = 1.000000
En el else......

----------------------------------------
x = 26.000000, y = 203.000000
avance = -455.000000, avanceR = 2.000000, avanceI = 2.000000
inc_x_r = 0.000000, inc_y_r = 1.000000, inc_x_i = 1.000000, inc_y_i = 1.000000
En el else......

----------------------------------------
x = 26.000000, y = 204.000000
avance = -453.000000, avanceR = 2.000000, avanceI = 2.000000
inc_x_r = 0.000000, inc_y_r = 1.000000, inc_x_i = 1.000000, inc_y_i = 1.000000
En el else......

----------------------------------------
x = 26.000000, y = 205.000000
avance = -451.000000, avanceR = 2.000000, avanceI = 2.000000
inc_x_r = 0.000000, inc_y_r = 1.000000, inc_x_i = 1.000000, inc_y_i = 1.000000
En el else......

----------------------------------------
x = 26.000000, y = 206.000000
avance = -449.000000, avanceR = 2.000000, avanceI = 2.000000
inc_x_r = 0.000000, inc_y_r = 1.000000, inc_x_i = 1.000000, inc_y_i = 1.000000
En el else......

----------------------------------------
x = 26.000000, y = 207.000000
avance = -447.000000, avanceR = 2.000000, avanceI = 2.000000
inc_x_r = 0.000000, inc_y_r = 1.000000, inc_x_i = 1.000000, inc_y_i = 1.000000
En el else......

----------------------------------------
x = 26.000000, y = 208.000000
avance = -445.000000, avanceR = 2.000000, avanceI = 2.000000
inc_x_r = 0.000000, inc_y_r = 1.000000, inc_x_i = 1.000000, inc_y_i = 1.000000
En el else......

----------------------------------------
x = 26.000000, y = 209.000000
avance = -443.000000, avanceR = 2.000000, avanceI = 2.000000
inc_x_r = 0.000000, inc_y_r = 1.000000, inc_x_i = 1.000000, inc_y_i = 1.000000
En el else......

----------------------------------------
x = 26.000000, y = 210.000000
avance = -441.000000, avanceR = 2.000000, avanceI = 2.000000
inc_x_r = 0.000000, inc_y_r = 1.000000, inc_x_i = 1.000000, inc_y_i = 1.000000
En el else......

----------------------------------------
x = 26.000000, y = 211.000000
avance = -439.000000, avanceR = 2.000000, avanceI = 2.000000
inc_x_r = 0.000000, inc_y_r = 1.000000, inc_x_i = 1.000000, inc_y_i = 1.000000
En el else......

----------------------------------------
x = 26.000000, y = 212.000000
avance = -437.000000, avanceR = 2.000000, avanceI = 2.000000
inc_x_r = 0.000000, inc_y_r = 1.000000, inc_x_i = 1.000000, inc_y_i = 1.000000
En el else......

----------------------------------------
x = 26.000000, y = 213.000000
avance = -435.000000, avanceR = 2.000000, avanceI = 2.000000
inc_x_r = 0.000000, inc_y_r = 1.000000, inc_x_i = 1.000000, inc_y_i = 1.000000
En el else......

----------------------------------------
x = 26.000000, y = 214.000000
avance = -433.000000, avanceR = 2.000000, avanceI = 2.000000
inc_x_r = 0.000000, inc_y_r = 1.000000, inc_x_i = 1.000000, inc_y_i = 1.000000
En el else......

----------------------------------------
x = 26.000000, y = 215.000000
avance = -431.000000, avanceR = 2.000000, avanceI = 2.000000
inc_x_r = 0.000000, inc_y_r = 1.000000, inc_x_i = 1.000000, inc_y_i = 1.000000
En el else......

----------------------------------------
x = 26.000000, y = 216.000000
avance = -429.000000, avanceR = 2.000000, avanceI = 2.000000
inc_x_r = 0.000000, inc_y_r = 1.000000, inc_x_i = 1.000000, inc_y_i = 1.000000
En el else......

----------------------------------------
x = 26.000000, y = 217.000000
avance = -427.000000, avanceR = 2.000000, avanceI = 2.000000
inc_x_r = 0.000000, inc_y_r = 1.000000, inc_x_i = 1.000000, inc_y_i = 1.000000
En el else......

----------------------------------------
x = 26.000000, y = 218.000000
avance = -425.000000, avanceR = 2.000000, avanceI = 2.000000
inc_x_r = 0.000000, inc_y_r = 1.000000, inc_x_i = 1.000000, inc_y_i = 1.000000
En el else......

----------------------------------------
x = 26.000000, y = 219.000000
avance = -423.000000, avanceR = 2.000000, avanceI = 2.000000
inc_x_r = 0.000000, inc_y_r = 1.000000, inc_x_i = 1.000000, inc_y_i = 1.000000
En el else......

----------------------------------------
x = 26.000000, y = 220.000000
avance = -421.000000, avanceR = 2.000000, avanceI = 2.000000
inc_x_r = 0.000000, inc_y_r = 1.000000, inc_x_i = 1.000000, inc_y_i = 1.000000
En el else......

----------------------------------------
x = 26.000000, y = 221.000000
avance = -419.000000, avanceR = 2.000000, avanceI = 2.000000
inc_x_r = 0.000000, inc_y_r = 1.000000, inc_x_i = 1.000000, inc_y_i = 1.000000
En el else......

----------------------------------------
x = 26.000000, y = 222.000000
avance = -417.000000, avanceR = 2.000000, avanceI = 2.000000
inc_x_r = 0.000000, inc_y_r = 1.000000, inc_x_i = 1.000000, inc_y_i = 1.000000
En el else......

----------------------------------------
x = 26.000000, y = 223.000000
avance = -415.000000, avanceR = 2.000000, avanceI = 2.000000
inc_x_r = 0.000000, inc_y_r = 1.000000, inc_x_i = 1.000000, inc_y_i = 1.000000
En el else......

----------------------------------------
x = 26.000000, y = 224.000000
avance = -413.000000, avanceR = 2.000000, avanceI = 2.000000
inc_x_r = 0.000000, inc_y_r = 1.000000, inc_x_i = 1.000000, inc_y_i = 1.000000
En el else......

----------------------------------------
x = 26.000000, y = 225.000000
avance = -411.000000, avanceR = 2.000000, avanceI = 2.000000
inc_x_r = 0.000000, inc_y_r = 1.000000, inc_x_i = 1.000000, inc_y_i = 1.000000
En el else......

----------------------------------------
x = 26.000000, y = 226.000000
avance = -409.000000, avanceR = 2.000000, avanceI = 2.000000
inc_x_r = 0.000000, inc_y_r = 1.000000, inc_x_i = 1.000000, inc_y_i = 1.000000
En el else......

----------------------------------------
x = 26.000000, y = 227.000000
avance = -407.000000, avanceR = 2.000000, avanceI = 2.000000
inc_x_r = 0.000000, inc_y_r = 1.000000, inc_x_i = 1.000000, inc_y_i = 1.000000
En el else......

----------------------------------------
x = 26.000000, y = 228.000000
avance = -405.000000, avanceR = 2.000000, avanceI = 2.000000
inc_x_r = 0.000000, inc_y_r = 1.000000, inc_x_i = 1.000000, inc_y_i = 1.000000
En el else......

----------------------------------------
x = 26.000000, y = 229.000000
avance = -403.000000, avanceR = 2.000000, avanceI = 2.000000
inc_x_r = 0.000000, inc_y_r = 1.000000, inc_x_i = 1.000000, inc_y_i = 1.000000
En el else......

----------------------------------------
x = 26.000000, y = 230.000000
avance = -401.000000, avanceR = 2.000000, avanceI = 2.000000
inc_x_r = 0.000000, inc_y_r = 1.000000, inc_x_i = 1.000000, inc_y_i = 1.000000
En el else......

----------------------------------------
x = 26.000000, y = 231.000000
avance = -399.000000, avanceR = 2.000000, avanceI = 2.000000
inc_x_r = 0.000000, inc_y_r = 1.000000, inc_x_i = 1.000000, inc_y_i = 1.000000
En el else......

----------------------------------------
x = 26.000000, y = 232.000000
avance = -397.000000, avanceR = 2.000000, avanceI = 2.000000
inc_x_r = 0.000000, inc_y_r = 1.000000, inc_x_i = 1.000000, inc_y_i = 1.000000
En el else......

----------------------------------------
x = 26.000000, y = 233.000000
avance = -395.000000, avanceR = 2.000000, avanceI = 2.000000
inc_x_r = 0.000000, inc_y_r = 1.000000, inc_x_i = 1.000000, inc_y_i = 1.000000
En el else......

----------------------------------------
x = 26.000000, y = 234.000000
avance = -393.000000, avanceR = 2.000000, avanceI = 2.000000
inc_x_r = 0.000000, inc_y_r = 1.000000, inc_x_i = 1.000000, inc_y_i = 1.000000
En el else......

----------------------------------------
x = 26.000000, y = 235.000000
avance = -391.000000, avanceR = 2.000000, avanceI = 2.000000
inc_x_r = 0.000000, inc_y_r = 1.000000, inc_x_i = 1.000000, inc_y_i = 1.000000
En el else......

----------------------------------------
x = 26.000000, y = 236.000000
avance = -389.000000, avanceR = 2.000000, avanceI = 2.000000
inc_x_r = 0.000000, inc_y_r = 1.000000, inc_x_i = 1.000000, inc_y_i = 1.000000
En el else......

----------------------------------------
x = 26.000000, y = 237.000000
avance = -387.000000, avanceR = 2.000000, avanceI = 2.000000
inc_x_r = 0.000000, inc_y_r = 1.000000, inc_x_i = 1.000000, inc_y_i = 1.000000
En el else......

----------------------------------------
x = 26.000000, y = 238.000000
avance = -385.000000, avanceR = 2.000000, avanceI = 2.000000
inc_x_r = 0.000000, inc_y_r = 1.000000, inc_x_i = 1.000000, inc_y_i = 1.000000
En el else......

----------------------------------------
x = 26.000000, y = 239.000000
avance = -383.000000, avanceR = 2.000000, avanceI = 2.000000
inc_x_r = 0.000000, inc_y_r = 1.000000, inc_x_i = 1.000000, inc_y_i = 1.000000
En el else......

----------------------------------------
x = 26.000000, y = 240.000000
avance = -381.000000, avanceR = 2.000000, avanceI = 2.000000
inc_x_r = 0.000000, inc_y_r = 1.000000, inc_x_i = 1.000000, inc_y_i = 1.000000
En el else......

----------------------------------------
x = 26.000000, y = 241.000000
avance = -379.000000, avanceR = 2.000000, avanceI = 2.000000
inc_x_r = 0.000000, inc_y_r = 1.000000, inc_x_i = 1.000000, inc_y_i = 1.000000
En el else......

----------------------------------------
x = 26.000000, y = 242.000000
avance = -377.000000, avanceR = 2.000000, avanceI = 2.000000
inc_x_r = 0.000000, inc_y_r = 1.000000, inc_x_i = 1.000000, inc_y_i = 1.000000
En el else......

----------------------------------------
x = 26.000000, y = 243.000000
avance = -375.000000, avanceR = 2.000000, avanceI = 2.000000
inc_x_r = 0.000000, inc_y_r = 1.000000, inc_x_i = 1.000000, inc_y_i = 1.000000
En el else......

----------------------------------------
x = 26.000000, y = 244.000000
avance = -373.000000, avanceR = 2.000000, avanceI = 2.000000
inc_x_r = 0.000000, inc_y_r = 1.000000, inc_x_i = 1.000000, inc_y_i = 1.000000
En el else......

----------------------------------------
x = 26.000000, y = 245.000000
avance = -371.000000, avanceR = 2.000000, avanceI = 2.000000
inc_x_r = 0.000000, inc_y_r = 1.000000, inc_x_i = 1.000000, inc_y_i = 1.000000
En el else......

----------------------------------------
x = 26.000000, y = 246.000000
avance = -369.000000, avanceR = 2.000000, avanceI = 2.000000
inc_x_r = 0.000000, inc_y_r = 1.000000, inc_x_i = 1.000000, inc_y_i = 1.000000
En el else......

----------------------------------------
x = 26.000000, y = 247.000000
avance = -367.000000, avanceR = 2.000000, avanceI = 2.000000
inc_x_r = 0.000000, inc_y_r = 1.000000, inc_x_i = 1.000000, inc_y_i = 1.000000
En el else......

----------------------------------------
x = 26.000000, y = 248.000000
avance = -365.000000, avanceR = 2.000000, avanceI = 2.000000
inc_x_r = 0.000000, inc_y_r = 1.000000, inc_x_i = 1.000000, inc_y_i = 1.000000
En el else......

----------------------------------------
x = 26.000000, y = 249.000000
avance = -363.000000, avanceR = 2.000000, avanceI = 2.000000
inc_x_r = 0.000000, inc_y_r = 1.000000, inc_x_i = 1.000000, inc_y_i = 1.000000
En el else......

----------------------------------------
x = 26.000000, y = 250.000000
avance = -361.000000, avanceR = 2.000000, avanceI = 2.000000
inc_x_r = 0.000000, inc_y_r = 1.000000, inc_x_i = 1.000000, inc_y_i = 1.000000
En el else......

----------------------------------------
x = 26.000000, y = 251.000000
avance = -359.000000, avanceR = 2.000000, avanceI = 2.000000
inc_x_r = 0.000000, inc_y_r = 1.000000, inc_x_i = 1.000000, inc_y_i = 1.000000
En el else......

----------------------------------------
x = 26.000000, y = 252.000000
avance = -357.000000, avanceR = 2.000000, avanceI = 2.000000
inc_x_r = 0.000000, inc_y_r = 1.000000, inc_x_i = 1.000000, inc_y_i = 1.000000
En el else......

----------------------------------------
x = 26.000000, y = 253.000000
avance = -355.000000, avanceR = 2.000000, avanceI = 2.000000
inc_x_r = 0.000000, inc_y_r = 1.000000, inc_x_i = 1.000000, inc_y_i = 1.000000
En el else......

----------------------------------------
x = 26.000000, y = 254.000000
avance = -353.000000, avanceR = 2.000000, avanceI = 2.000000
inc_x_r = 0.000000, inc_y_r = 1.000000, inc_x_i = 1.000000, inc_y_i = 1.000000
En el else......

----------------------------------------
x = 26.000000, y = 255.000000
avance = -351.000000, avanceR = 2.000000, avanceI = 2.000000
inc_x_r = 0.000000, inc_y_r = 1.000000, inc_x_i = 1.000000, inc_y_i = 1.000000
En el else......

----------------------------------------
x = 26.000000, y = 256.000000
avance = -349.000000, avanceR = 2.000000, avanceI = 2.000000
inc_x_r = 0.000000, inc_y_r = 1.000000, inc_x_i = 1.000000, inc_y_i = 1.000000
En el else......

----------------------------------------
x = 26.000000, y = 257.000000
avance = -347.000000, avanceR = 2.000000, avanceI = 2.000000
inc_x_r = 0.000000, inc_y_r = 1.000000, inc_x_i = 1.000000, inc_y_i = 1.000000
En el else......

----------------------------------------
x = 26.000000, y = 258.000000
avance = -345.000000, avanceR = 2.000000, avanceI = 2.000000
inc_x_r = 0.000000, inc_y_r = 1.000000, inc_x_i = 1.000000, inc_y_i = 1.000000
En el else......

----------------------------------------
x = 26.000000, y = 259.000000
avance = -343.000000, avanceR = 2.000000, avanceI = 2.000000
inc_x_r = 0.000000, inc_y_r = 1.000000, inc_x_i = 1.000000, inc_y_i = 1.000000
En el else......

----------------------------------------
x = 26.000000, y = 260.000000
avance = -341.000000, avanceR = 2.000000, avanceI = 2.000000
inc_x_r = 0.000000, inc_y_r = 1.000000, inc_x_i = 1.000000, inc_y_i = 1.000000
En el else......

----------------------------------------
x = 26.000000, y = 261.000000
avance = -339.000000, avanceR = 2.000000, avanceI = 2.000000
inc_x_r = 0.000000, inc_y_r = 1.000000, inc_x_i = 1.000000, inc_y_i = 1.000000
En el else......

----------------------------------------
x = 26.000000, y = 262.000000
avance = -337.000000, avanceR = 2.000000, avanceI = 2.000000
inc_x_r = 0.000000, inc_y_r = 1.000000, inc_x_i = 1.000000, inc_y_i = 1.000000
En el else......

----------------------------------------
x = 26.000000, y = 263.000000
avance = -335.000000, avanceR = 2.000000, avanceI = 2.000000
inc_x_r = 0.000000, inc_y_r = 1.000000, inc_x_i = 1.000000, inc_y_i = 1.000000
En el else......

----------------------------------------
x = 26.000000, y = 264.000000
avance = -333.000000, avanceR = 2.000000, avanceI = 2.000000
inc_x_r = 0.000000, inc_y_r = 1.000000, inc_x_i = 1.000000, inc_y_i = 1.000000
En el else......

----------------------------------------
x = 26.000000, y = 265.000000
avance = -331.000000, avanceR = 2.000000, avanceI = 2.000000
inc_x_r = 0.000000, inc_y_r = 1.000000, inc_x_i = 1.000000, inc_y_i = 1.000000
En el else......

----------------------------------------
x = 26.000000, y = 266.000000
avance = -329.000000, avanceR = 2.000000, avanceI = 2.000000
inc_x_r = 0.000000, inc_y_r = 1.000000, inc_x_i = 1.000000, inc_y_i = 1.000000
En el else......

----------------------------------------
x = 26.000000, y = 267.000000
avance = -327.000000, avanceR = 2.000000, avanceI = 2.000000
inc_x_r = 0.000000, inc_y_r = 1.000000, inc_x_i = 1.000000, inc_y_i = 1.000000
En el else......

----------------------------------------
x = 26.000000, y = 268.000000
avance = -325.000000, avanceR = 2.000000, avanceI = 2.000000
inc_x_r = 0.000000, inc_y_r = 1.000000, inc_x_i = 1.000000, inc_y_i = 1.000000
En el else......

----------------------------------------
x = 26.000000, y = 269.000000
avance = -323.000000, avanceR = 2.000000, avanceI = 2.000000
inc_x_r = 0.000000, inc_y_r = 1.000000, inc_x_i = 1.000000, inc_y_i = 1.000000
En el else......

----------------------------------------
x = 26.000000, y = 270.000000
avance = -321.000000, avanceR = 2.000000, avanceI = 2.000000
inc_x_r = 0.000000, inc_y_r = 1.000000, inc_x_i = 1.000000, inc_y_i = 1.000000
En el else......

----------------------------------------
x = 26.000000, y = 271.000000
avance = -319.000000, avanceR = 2.000000, avanceI = 2.000000
inc_x_r = 0.000000, inc_y_r = 1.000000, inc_x_i = 1.000000, inc_y_i = 1.000000
En el else......

----------------------------------------
x = 26.000000, y = 272.000000
avance = -317.000000, avanceR = 2.000000, avanceI = 2.000000
inc_x_r = 0.000000, inc_y_r = 1.000000, inc_x_i = 1.000000, inc_y_i = 1.000000
En el else......

----------------------------------------
x = 26.000000, y = 273.000000
avance = -315.000000, avanceR = 2.000000, avanceI = 2.000000
inc_x_r = 0.000000, inc_y_r = 1.000000, inc_x_i = 1.000000, inc_y_i = 1.000000
En el else......

----------------------------------------
x = 26.000000, y = 274.000000
avance = -313.000000, avanceR = 2.000000, avanceI = 2.000000
inc_x_r = 0.000000, inc_y_r = 1.000000, inc_x_i = 1.000000, inc_y_i = 1.000000
En el else......

----------------------------------------
x = 26.000000, y = 275.000000
avance = -311.000000, avanceR = 2.000000, avanceI = 2.000000
inc_x_r = 0.000000, inc_y_r = 1.000000, inc_x_i = 1.000000, inc_y_i = 1.000000
En el else......

----------------------------------------
x = 26.000000, y = 276.000000
avance = -309.000000, avanceR = 2.000000, avanceI = 2.000000
inc_x_r = 0.000000, inc_y_r = 1.000000, inc_x_i = 1.000000, inc_y_i = 1.000000
En el else......

----------------------------------------
x = 26.000000, y = 277.000000
avance = -307.000000, avanceR = 2.000000, avanceI = 2.000000
inc_x_r = 0.000000, inc_y_r = 1.000000, inc_x_i = 1.000000, inc_y_i = 1.000000
En el else......

----------------------------------------
x = 26.000000, y = 278.000000
avance = -305.000000, avanceR = 2.000000, avanceI = 2.000000
inc_x_r = 0.000000, inc_y_r = 1.000000, inc_x_i = 1.000000, inc_y_i = 1.000000
En el else......

----------------------------------------
x = 26.000000, y = 279.000000
avance = -303.000000, avanceR = 2.000000, avanceI = 2.000000
inc_x_r = 0.000000, inc_y_r = 1.000000, inc_x_i = 1.000000, inc_y_i = 1.000000
En el else......

----------------------------------------
x = 26.000000, y = 280.000000
avance = -301.000000, avanceR = 2.000000, avanceI = 2.000000
inc_x_r = 0.000000, inc_y_r = 1.000000, inc_x_i = 1.000000, inc_y_i = 1.000000
En el else......

----------------------------------------
x = 26.000000, y = 281.000000
avance = -299.000000, avanceR = 2.000000, avanceI = 2.000000
inc_x_r = 0.000000, inc_y_r = 1.000000, inc_x_i = 1.000000, inc_y_i = 1.000000
En el else......

----------------------------------------
x = 26.000000, y = 282.000000
avance = -297.000000, avanceR = 2.000000, avanceI = 2.000000
inc_x_r = 0.000000, inc_y_r = 1.000000, inc_x_i = 1.000000, inc_y_i = 1.000000
En el else......

----------------------------------------
x = 26.000000, y = 283.000000
avance = -295.000000, avanceR = 2.000000, avanceI = 2.000000
inc_x_r = 0.000000, inc_y_r = 1.000000, inc_x_i = 1.000000, inc_y_i = 1.000000
En el else......

----------------------------------------
x = 26.000000, y = 284.000000
avance = -293.000000, avanceR = 2.000000, avanceI = 2.000000
inc_x_r = 0.000000, inc_y_r = 1.000000, inc_x_i = 1.000000, inc_y_i = 1.000000
En el else......

----------------------------------------
x = 26.000000, y = 285.000000
avance = -291.000000, avanceR = 2.000000, avanceI = 2.000000
inc_x_r = 0.000000, inc_y_r = 1.000000, inc_x_i = 1.000000, inc_y_i = 1.000000
En el else......

----------------------------------------
x = 26.000000, y = 286.000000
avance = -289.000000, avanceR = 2.000000, avanceI = 2.000000
inc_x_r = 0.000000, inc_y_r = 1.000000, inc_x_i = 1.000000, inc_y_i = 1.000000
En el else......

----------------------------------------
x = 26.000000, y = 287.000000
avance = -287.000000, avanceR = 2.000000, avanceI = 2.000000
inc_x_r = 0.000000, inc_y_r = 1.000000, inc_x_i = 1.000000, inc_y_i = 1.000000
En el else......

----------------------------------------
x = 26.000000, y = 288.000000
avance = -285.000000, avanceR = 2.000000, avanceI = 2.000000
inc_x_r = 0.000000, inc_y_r = 1.000000, inc_x_i = 1.000000, inc_y_i = 1.000000
En el else......

----------------------------------------
x = 26.000000, y = 289.000000
avance = -283.000000, avanceR = 2.000000, avanceI = 2.000000
inc_x_r = 0.000000, inc_y_r = 1.000000, inc_x_i = 1.000000, inc_y_i = 1.000000
En el else......

----------------------------------------
x = 26.000000, y = 290.000000
avance = -281.000000, avanceR = 2.000000, avanceI = 2.000000
inc_x_r = 0.000000, inc_y_r = 1.000000, inc_x_i = 1.000000, inc_y_i = 1.000000
En el else......

----------------------------------------
x = 26.000000, y = 291.000000
avance = -279.000000, avanceR = 2.000000, avanceI = 2.000000
inc_x_r = 0.000000, inc_y_r = 1.000000, inc_x_i = 1.000000, inc_y_i = 1.000000
En el else......

----------------------------------------
x = 26.000000, y = 292.000000
avance = -277.000000, avanceR = 2.000000, avanceI = 2.000000
inc_x_r = 0.000000, inc_y_r = 1.000000, inc_x_i = 1.000000, inc_y_i = 1.000000
En el else......

----------------------------------------
x = 26.000000, y = 293.000000
avance = -275.000000, avanceR = 2.000000, avanceI = 2.000000
inc_x_r = 0.000000, inc_y_r = 1.000000, inc_x_i = 1.000000, inc_y_i = 1.000000
En el else......

----------------------------------------
x = 26.000000, y = 294.000000
avance = -273.000000, avanceR = 2.000000, avanceI = 2.000000
inc_x_r = 0.000000, inc_y_r = 1.000000, inc_x_i = 1.000000, inc_y_i = 1.000000
En el else......

----------------------------------------
x = 26.000000, y = 295.000000
avance = -271.000000, avanceR = 2.000000, avanceI = 2.000000
inc_x_r = 0.000000, inc_y_r = 1.000000, inc_x_i = 1.000000, inc_y_i = 1.000000
En el else......

----------------------------------------
x = 26.000000, y = 296.000000
avance = -269.000000, avanceR = 2.000000, avanceI = 2.000000
inc_x_r = 0.000000, inc_y_r = 1.000000, inc_x_i = 1.000000, inc_y_i = 1.000000
En el else......

----------------------------------------
x = 26.000000, y = 297.000000
avance = -267.000000, avanceR = 2.000000, avanceI = 2.000000
inc_x_r = 0.000000, inc_y_r = 1.000000, inc_x_i = 1.000000, inc_y_i = 1.000000
En el else......

----------------------------------------
x = 26.000000, y = 298.000000
avance = -265.000000, avanceR = 2.000000, avanceI = 2.000000
inc_x_r = 0.000000, inc_y_r = 1.000000, inc_x_i = 1.000000, inc_y_i = 1.000000
En el else......

----------------------------------------
x = 26.000000, y = 299.000000
avance = -263.000000, avanceR = 2.000000, avanceI = 2.000000
inc_x_r = 0.000000, inc_y_r = 1.000000, inc_x_i = 1.000000, inc_y_i = 1.000000
En el else......

----------------------------------------
x = 26.000000, y = 300.000000
avance = -261.000000, avanceR = 2.000000, avanceI = 2.000000
inc_x_r = 0.000000, inc_y_r = 1.000000, inc_x_i = 1.000000, inc_y_i = 1.000000
En el else......

----------------------------------------
x = 26.000000, y = 301.000000
avance = -259.000000, avanceR = 2.000000, avanceI = 2.000000
inc_x_r = 0.000000, inc_y_r = 1.000000, inc_x_i = 1.000000, inc_y_i = 1.000000
En el else......

----------------------------------------
x = 26.000000, y = 302.000000
avance = -257.000000, avanceR = 2.000000, avanceI = 2.000000
inc_x_r = 0.000000, inc_y_r = 1.000000, inc_x_i = 1.000000, inc_y_i = 1.000000
En el else......

----------------------------------------
x = 26.000000, y = 303.000000
avance = -255.000000, avanceR = 2.000000, avanceI = 2.000000
inc_x_r = 0.000000, inc_y_r = 1.000000, inc_x_i = 1.000000, inc_y_i = 1.000000
En el else......

----------------------------------------
x = 26.000000, y = 304.000000
avance = -253.000000, avanceR = 2.000000, avanceI = 2.000000
inc_x_r = 0.000000, inc_y_r = 1.000000, inc_x_i = 1.000000, inc_y_i = 1.000000
En el else......

----------------------------------------
x = 26.000000, y = 305.000000
avance = -251.000000, avanceR = 2.000000, avanceI = 2.000000
inc_x_r = 0.000000, inc_y_r = 1.000000, inc_x_i = 1.000000, inc_y_i = 1.000000
En el else......

----------------------------------------


ENTRAMOS A BRESENHAMªªªª
x1 = 25.000000 - y1 = 55.000000 || x2 = 26.000000 - y2 = 306.000000
dy = 251.000000, dx = 1.000000
avances inclinados: inc_x_i = 1.000000, inc_y_i = 1.000000
updated: dy = 251.000000, dx = 1.000000
avances rectos: inc_x_r = 0.000000, inc_y_r 1.000000
reupdated: dy = 1.000000, dx = 251.000000
avanceR = 2.000000, avance -249.000000, avanceI 2.000000
----------------------------------------
x = 25.000000, y = 55.000000
avance = -249.000000, avanceR = 2.000000, avanceI = 2.000000
inc_x_r = 0.000000, inc_y_r = 1.000000, inc_x_i = 1.000000, inc_y_i = 1.000000
En el else......

----------------------------------------
x = 25.000000, y = 56.000000
avance = -247.000000, avanceR = 2.000000, avanceI = 2.000000
inc_x_r = 0.000000, inc_y_r = 1.000000, inc_x_i = 1.000000, inc_y_i = 1.000000
En el else......

----------------------------------------
x = 25.000000, y = 57.000000
avance = -245.000000, avanceR = 2.000000, avanceI = 2.000000
inc_x_r = 0.000000, inc_y_r = 1.000000, inc_x_i = 1.000000, inc_y_i = 1.000000
En el else......

----------------------------------------
x = 25.000000, y = 58.000000
avance = -243.000000, avanceR = 2.000000, avanceI = 2.000000
inc_x_r = 0.000000, inc_y_r = 1.000000, inc_x_i = 1.000000, inc_y_i = 1.000000
En el else......

----------------------------------------
x = 25.000000, y = 59.000000
avance = -241.000000, avanceR = 2.000000, avanceI = 2.000000
inc_x_r = 0.000000, inc_y_r = 1.000000, inc_x_i = 1.000000, inc_y_i = 1.000000
En el else......

----------------------------------------
x = 25.000000, y = 60.000000
avance = -239.000000, avanceR = 2.000000, avanceI = 2.000000
inc_x_r = 0.000000, inc_y_r = 1.000000, inc_x_i = 1.000000, inc_y_i = 1.000000
En el else......

----------------------------------------
x = 25.000000, y = 61.000000
avance = -237.000000, avanceR = 2.000000, avanceI = 2.000000
inc_x_r = 0.000000, inc_y_r = 1.000000, inc_x_i = 1.000000, inc_y_i = 1.000000
En el else......

----------------------------------------
x = 25.000000, y = 62.000000
avance = -235.000000, avanceR = 2.000000, avanceI = 2.000000
inc_x_r = 0.000000, inc_y_r = 1.000000, inc_x_i = 1.000000, inc_y_i = 1.000000
En el else......

----------------------------------------
x = 25.000000, y = 63.000000
avance = -233.000000, avanceR = 2.000000, avanceI = 2.000000
inc_x_r = 0.000000, inc_y_r = 1.000000, inc_x_i = 1.000000, inc_y_i = 1.000000
En el else......

----------------------------------------
x = 25.000000, y = 64.000000
avance = -231.000000, avanceR = 2.000000, avanceI = 2.000000
inc_x_r = 0.000000, inc_y_r = 1.000000, inc_x_i = 1.000000, inc_y_i = 1.000000
En el else......

----------------------------------------
x = 25.000000, y = 65.000000
avance = -229.000000, avanceR = 2.000000, avanceI = 2.000000
inc_x_r = 0.000000, inc_y_r = 1.000000, inc_x_i = 1.000000, inc_y_i = 1.000000
En el else......

----------------------------------------
x = 25.000000, y = 66.000000
avance = -227.000000, avanceR = 2.000000, avanceI = 2.000000
inc_x_r = 0.000000, inc_y_r = 1.000000, inc_x_i = 1.000000, inc_y_i = 1.000000
En el else......

----------------------------------------
x = 25.000000, y = 67.000000
avance = -225.000000, avanceR = 2.000000, avanceI = 2.000000
inc_x_r = 0.000000, inc_y_r = 1.000000, inc_x_i = 1.000000, inc_y_i = 1.000000
En el else......

----------------------------------------
x = 25.000000, y = 68.000000
avance = -223.000000, avanceR = 2.000000, avanceI = 2.000000
inc_x_r = 0.000000, inc_y_r = 1.000000, inc_x_i = 1.000000, inc_y_i = 1.000000
En el else......

----------------------------------------
x = 25.000000, y = 69.000000
avance = -221.000000, avanceR = 2.000000, avanceI = 2.000000
inc_x_r = 0.000000, inc_y_r = 1.000000, inc_x_i = 1.000000, inc_y_i = 1.000000
En el else......

----------------------------------------
x = 25.000000, y = 70.000000
avance = -219.000000, avanceR = 2.000000, avanceI = 2.000000
inc_x_r = 0.000000, inc_y_r = 1.000000, inc_x_i = 1.000000, inc_y_i = 1.000000
En el else......

----------------------------------------
x = 25.000000, y = 71.000000
avance = -217.000000, avanceR = 2.000000, avanceI = 2.000000
inc_x_r = 0.000000, inc_y_r = 1.000000, inc_x_i = 1.000000, inc_y_i = 1.000000
En el else......

----------------------------------------
x = 25.000000, y = 72.000000
avance = -215.000000, avanceR = 2.000000, avanceI = 2.000000
inc_x_r = 0.000000, inc_y_r = 1.000000, inc_x_i = 1.000000, inc_y_i = 1.000000
En el else......

----------------------------------------
x = 25.000000, y = 73.000000
avance = -213.000000, avanceR = 2.000000, avanceI = 2.000000
inc_x_r = 0.000000, inc_y_r = 1.000000, inc_x_i = 1.000000, inc_y_i = 1.000000
En el else......

----------------------------------------
x = 25.000000, y = 74.000000
avance = -211.000000, avanceR = 2.000000, avanceI = 2.000000
inc_x_r = 0.000000, inc_y_r = 1.000000, inc_x_i = 1.000000, inc_y_i = 1.000000
En el else......

----------------------------------------
x = 25.000000, y = 75.000000
avance = -209.000000, avanceR = 2.000000, avanceI = 2.000000
inc_x_r = 0.000000, inc_y_r = 1.000000, inc_x_i = 1.000000, inc_y_i = 1.000000
En el else......

----------------------------------------
x = 25.000000, y = 76.000000
avance = -207.000000, avanceR = 2.000000, avanceI = 2.000000
inc_x_r = 0.000000, inc_y_r = 1.000000, inc_x_i = 1.000000, inc_y_i = 1.000000
En el else......

----------------------------------------
x = 25.000000, y = 77.000000
avance = -205.000000, avanceR = 2.000000, avanceI = 2.000000
inc_x_r = 0.000000, inc_y_r = 1.000000, inc_x_i = 1.000000, inc_y_i = 1.000000
En el else......

----------------------------------------
x = 25.000000, y = 78.000000
avance = -203.000000, avanceR = 2.000000, avanceI = 2.000000
inc_x_r = 0.000000, inc_y_r = 1.000000, inc_x_i = 1.000000, inc_y_i = 1.000000
En el else......

----------------------------------------
x = 25.000000, y = 79.000000
avance = -201.000000, avanceR = 2.000000, avanceI = 2.000000
inc_x_r = 0.000000, inc_y_r = 1.000000, inc_x_i = 1.000000, inc_y_i = 1.000000
En el else......

----------------------------------------
x = 25.000000, y = 80.000000
avance = -199.000000, avanceR = 2.000000, avanceI = 2.000000
inc_x_r = 0.000000, inc_y_r = 1.000000, inc_x_i = 1.000000, inc_y_i = 1.000000
En el else......

----------------------------------------
x = 25.000000, y = 81.000000
avance = -197.000000, avanceR = 2.000000, avanceI = 2.000000
inc_x_r = 0.000000, inc_y_r = 1.000000, inc_x_i = 1.000000, inc_y_i = 1.000000
En el else......

----------------------------------------
x = 25.000000, y = 82.000000
avance = -195.000000, avanceR = 2.000000, avanceI = 2.000000
inc_x_r = 0.000000, inc_y_r = 1.000000, inc_x_i = 1.000000, inc_y_i = 1.000000
En el else......

----------------------------------------
x = 25.000000, y = 83.000000
avance = -193.000000, avanceR = 2.000000, avanceI = 2.000000
inc_x_r = 0.000000, inc_y_r = 1.000000, inc_x_i = 1.000000, inc_y_i = 1.000000
En el else......

----------------------------------------
x = 25.000000, y = 84.000000
avance = -191.000000, avanceR = 2.000000, avanceI = 2.000000
inc_x_r = 0.000000, inc_y_r = 1.000000, inc_x_i = 1.000000, inc_y_i = 1.000000
En el else......

----------------------------------------
x = 25.000000, y = 85.000000
avance = -189.000000, avanceR = 2.000000, avanceI = 2.000000
inc_x_r = 0.000000, inc_y_r = 1.000000, inc_x_i = 1.000000, inc_y_i = 1.000000
En el else......

----------------------------------------
x = 25.000000, y = 86.000000
avance = -187.000000, avanceR = 2.000000, avanceI = 2.000000
inc_x_r = 0.000000, inc_y_r = 1.000000, inc_x_i = 1.000000, inc_y_i = 1.000000
En el else......

----------------------------------------
x = 25.000000, y = 87.000000
avance = -185.000000, avanceR = 2.000000, avanceI = 2.000000
inc_x_r = 0.000000, inc_y_r = 1.000000, inc_x_i = 1.000000, inc_y_i = 1.000000
En el else......

----------------------------------------
x = 25.000000, y = 88.000000
avance = -183.000000, avanceR = 2.000000, avanceI = 2.000000
inc_x_r = 0.000000, inc_y_r = 1.000000, inc_x_i = 1.000000, inc_y_i = 1.000000
En el else......

----------------------------------------
x = 25.000000, y = 89.000000
avance = -181.000000, avanceR = 2.000000, avanceI = 2.000000
inc_x_r = 0.000000, inc_y_r = 1.000000, inc_x_i = 1.000000, inc_y_i = 1.000000
En el else......

----------------------------------------
x = 25.000000, y = 90.000000
avance = -179.000000, avanceR = 2.000000, avanceI = 2.000000
inc_x_r = 0.000000, inc_y_r = 1.000000, inc_x_i = 1.000000, inc_y_i = 1.000000
En el else......

----------------------------------------
x = 25.000000, y = 91.000000
avance = -177.000000, avanceR = 2.000000, avanceI = 2.000000
inc_x_r = 0.000000, inc_y_r = 1.000000, inc_x_i = 1.000000, inc_y_i = 1.000000
En el else......

----------------------------------------
x = 25.000000, y = 92.000000
avance = -175.000000, avanceR = 2.000000, avanceI = 2.000000
inc_x_r = 0.000000, inc_y_r = 1.000000, inc_x_i = 1.000000, inc_y_i = 1.000000
En el else......

----------------------------------------
x = 25.000000, y = 93.000000
avance = -173.000000, avanceR = 2.000000, avanceI = 2.000000
inc_x_r = 0.000000, inc_y_r = 1.000000, inc_x_i = 1.000000, inc_y_i = 1.000000
En el else......

----------------------------------------
x = 25.000000, y = 94.000000
avance = -171.000000, avanceR = 2.000000, avanceI = 2.000000
inc_x_r = 0.000000, inc_y_r = 1.000000, inc_x_i = 1.000000, inc_y_i = 1.000000
En el else......

----------------------------------------
x = 25.000000, y = 95.000000
avance = -169.000000, avanceR = 2.000000, avanceI = 2.000000
inc_x_r = 0.000000, inc_y_r = 1.000000, inc_x_i = 1.000000, inc_y_i = 1.000000
En el else......

----------------------------------------
x = 25.000000, y = 96.000000
avance = -167.000000, avanceR = 2.000000, avanceI = 2.000000
inc_x_r = 0.000000, inc_y_r = 1.000000, inc_x_i = 1.000000, inc_y_i = 1.000000
En el else......

----------------------------------------
x = 25.000000, y = 97.000000
avance = -165.000000, avanceR = 2.000000, avanceI = 2.000000
inc_x_r = 0.000000, inc_y_r = 1.000000, inc_x_i = 1.000000, inc_y_i = 1.000000
En el else......

----------------------------------------
x = 25.000000, y = 98.000000
avance = -163.000000, avanceR = 2.000000, avanceI = 2.000000
inc_x_r = 0.000000, inc_y_r = 1.000000, inc_x_i = 1.000000, inc_y_i = 1.000000
En el else......

----------------------------------------
x = 25.000000, y = 99.000000
avance = -161.000000, avanceR = 2.000000, avanceI = 2.000000
inc_x_r = 0.000000, inc_y_r = 1.000000, inc_x_i = 1.000000, inc_y_i = 1.000000
En el else......

----------------------------------------
x = 25.000000, y = 100.000000
avance = -159.000000, avanceR = 2.000000, avanceI = 2.000000
inc_x_r = 0.000000, inc_y_r = 1.000000, inc_x_i = 1.000000, inc_y_i = 1.000000
En el else......

----------------------------------------
x = 25.000000, y = 101.000000
avance = -157.000000, avanceR = 2.000000, avanceI = 2.000000
inc_x_r = 0.000000, inc_y_r = 1.000000, inc_x_i = 1.000000, inc_y_i = 1.000000
En el else......

----------------------------------------
x = 25.000000, y = 102.000000
avance = -155.000000, avanceR = 2.000000, avanceI = 2.000000
inc_x_r = 0.000000, inc_y_r = 1.000000, inc_x_i = 1.000000, inc_y_i = 1.000000
En el else......

----------------------------------------
x = 25.000000, y = 103.000000
avance = -153.000000, avanceR = 2.000000, avanceI = 2.000000
inc_x_r = 0.000000, inc_y_r = 1.000000, inc_x_i = 1.000000, inc_y_i = 1.000000
En el else......

----------------------------------------
x = 25.000000, y = 104.000000
avance = -151.000000, avanceR = 2.000000, avanceI = 2.000000
inc_x_r = 0.000000, inc_y_r = 1.000000, inc_x_i = 1.000000, inc_y_i = 1.000000
En el else......

----------------------------------------
x = 25.000000, y = 105.000000
avance = -149.000000, avanceR = 2.000000, avanceI = 2.000000
inc_x_r = 0.000000, inc_y_r = 1.000000, inc_x_i = 1.000000, inc_y_i = 1.000000
En el else......

----------------------------------------
x = 25.000000, y = 106.000000
avance = -147.000000, avanceR = 2.000000, avanceI = 2.000000
inc_x_r = 0.000000, inc_y_r = 1.000000, inc_x_i = 1.000000, inc_y_i = 1.000000
En el else......

----------------------------------------
x = 25.000000, y = 107.000000
avance = -145.000000, avanceR = 2.000000, avanceI = 2.000000
inc_x_r = 0.000000, inc_y_r = 1.000000, inc_x_i = 1.000000, inc_y_i = 1.000000
En el else......

----------------------------------------
x = 25.000000, y = 108.000000
avance = -143.000000, avanceR = 2.000000, avanceI = 2.000000
inc_x_r = 0.000000, inc_y_r = 1.000000, inc_x_i = 1.000000, inc_y_i = 1.000000
En el else......

----------------------------------------
x = 25.000000, y = 109.000000
avance = -141.000000, avanceR = 2.000000, avanceI = 2.000000
inc_x_r = 0.000000, inc_y_r = 1.000000, inc_x_i = 1.000000, inc_y_i = 1.000000
En el else......

----------------------------------------
x = 25.000000, y = 110.000000
avance = -139.000000, avanceR = 2.000000, avanceI = 2.000000
inc_x_r = 0.000000, inc_y_r = 1.000000, inc_x_i = 1.000000, inc_y_i = 1.000000
En el else......

----------------------------------------
x = 25.000000, y = 111.000000
avance = -137.000000, avanceR = 2.000000, avanceI = 2.000000
inc_x_r = 0.000000, inc_y_r = 1.000000, inc_x_i = 1.000000, inc_y_i = 1.000000
En el else......

----------------------------------------
x = 25.000000, y = 112.000000
avance = -135.000000, avanceR = 2.000000, avanceI = 2.000000
inc_x_r = 0.000000, inc_y_r = 1.000000, inc_x_i = 1.000000, inc_y_i = 1.000000
En el else......

----------------------------------------
x = 25.000000, y = 113.000000
avance = -133.000000, avanceR = 2.000000, avanceI = 2.000000
inc_x_r = 0.000000, inc_y_r = 1.000000, inc_x_i = 1.000000, inc_y_i = 1.000000
En el else......

----------------------------------------
x = 25.000000, y = 114.000000
avance = -131.000000, avanceR = 2.000000, avanceI = 2.000000
inc_x_r = 0.000000, inc_y_r = 1.000000, inc_x_i = 1.000000, inc_y_i = 1.000000
En el else......

----------------------------------------
x = 25.000000, y = 115.000000
avance = -129.000000, avanceR = 2.000000, avanceI = 2.000000
inc_x_r = 0.000000, inc_y_r = 1.000000, inc_x_i = 1.000000, inc_y_i = 1.000000
En el else......

----------------------------------------
x = 25.000000, y = 116.000000
avance = -127.000000, avanceR = 2.000000, avanceI = 2.000000
inc_x_r = 0.000000, inc_y_r = 1.000000, inc_x_i = 1.000000, inc_y_i = 1.000000
En el else......

----------------------------------------
x = 25.000000, y = 117.000000
avance = -125.000000, avanceR = 2.000000, avanceI = 2.000000
inc_x_r = 0.000000, inc_y_r = 1.000000, inc_x_i = 1.000000, inc_y_i = 1.000000
En el else......

----------------------------------------
x = 25.000000, y = 118.000000
avance = -123.000000, avanceR = 2.000000, avanceI = 2.000000
inc_x_r = 0.000000, inc_y_r = 1.000000, inc_x_i = 1.000000, inc_y_i = 1.000000
En el else......

----------------------------------------
x = 25.000000, y = 119.000000
avance = -121.000000, avanceR = 2.000000, avanceI = 2.000000
inc_x_r = 0.000000, inc_y_r = 1.000000, inc_x_i = 1.000000, inc_y_i = 1.000000
En el else......

----------------------------------------
x = 25.000000, y = 120.000000
avance = -119.000000, avanceR = 2.000000, avanceI = 2.000000
inc_x_r = 0.000000, inc_y_r = 1.000000, inc_x_i = 1.000000, inc_y_i = 1.000000
En el else......

----------------------------------------
x = 25.000000, y = 121.000000
avance = -117.000000, avanceR = 2.000000, avanceI = 2.000000
inc_x_r = 0.000000, inc_y_r = 1.000000, inc_x_i = 1.000000, inc_y_i = 1.000000
En el else......

----------------------------------------
x = 25.000000, y = 122.000000
avance = -115.000000, avanceR = 2.000000, avanceI = 2.000000
inc_x_r = 0.000000, inc_y_r = 1.000000, inc_x_i = 1.000000, inc_y_i = 1.000000
En el else......

----------------------------------------
x = 25.000000, y = 123.000000
avance = -113.000000, avanceR = 2.000000, avanceI = 2.000000
inc_x_r = 0.000000, inc_y_r = 1.000000, inc_x_i = 1.000000, inc_y_i = 1.000000
En el else......

----------------------------------------
x = 25.000000, y = 124.000000
avance = -111.000000, avanceR = 2.000000, avanceI = 2.000000
inc_x_r = 0.000000, inc_y_r = 1.000000, inc_x_i = 1.000000, inc_y_i = 1.000000
En el else......

----------------------------------------
x = 25.000000, y = 125.000000
avance = -109.000000, avanceR = 2.000000, avanceI = 2.000000
inc_x_r = 0.000000, inc_y_r = 1.000000, inc_x_i = 1.000000, inc_y_i = 1.000000
En el else......

----------------------------------------
x = 25.000000, y = 126.000000
avance = -107.000000, avanceR = 2.000000, avanceI = 2.000000
inc_x_r = 0.000000, inc_y_r = 1.000000, inc_x_i = 1.000000, inc_y_i = 1.000000
En el else......

----------------------------------------
x = 25.000000, y = 127.000000
avance = -105.000000, avanceR = 2.000000, avanceI = 2.000000
inc_x_r = 0.000000, inc_y_r = 1.000000, inc_x_i = 1.000000, inc_y_i = 1.000000
En el else......

----------------------------------------
x = 25.000000, y = 128.000000
avance = -103.000000, avanceR = 2.000000, avanceI = 2.000000
inc_x_r = 0.000000, inc_y_r = 1.000000, inc_x_i = 1.000000, inc_y_i = 1.000000
En el else......

----------------------------------------
x = 25.000000, y = 129.000000
avance = -101.000000, avanceR = 2.000000, avanceI = 2.000000
inc_x_r = 0.000000, inc_y_r = 1.000000, inc_x_i = 1.000000, inc_y_i = 1.000000
En el else......

----------------------------------------
x = 25.000000, y = 130.000000
avance = -99.000000, avanceR = 2.000000, avanceI = 2.000000
inc_x_r = 0.000000, inc_y_r = 1.000000, inc_x_i = 1.000000, inc_y_i = 1.000000
En el else......

----------------------------------------
x = 25.000000, y = 131.000000
avance = -97.000000, avanceR = 2.000000, avanceI = 2.000000
inc_x_r = 0.000000, inc_y_r = 1.000000, inc_x_i = 1.000000, inc_y_i = 1.000000
En el else......

----------------------------------------
x = 25.000000, y = 132.000000
avance = -95.000000, avanceR = 2.000000, avanceI = 2.000000
inc_x_r = 0.000000, inc_y_r = 1.000000, inc_x_i = 1.000000, inc_y_i = 1.000000
En el else......

----------------------------------------
x = 25.000000, y = 133.000000
avance = -93.000000, avanceR = 2.000000, avanceI = 2.000000
inc_x_r = 0.000000, inc_y_r = 1.000000, inc_x_i = 1.000000, inc_y_i = 1.000000
En el else......

----------------------------------------
x = 25.000000, y = 134.000000
avance = -91.000000, avanceR = 2.000000, avanceI = 2.000000
inc_x_r = 0.000000, inc_y_r = 1.000000, inc_x_i = 1.000000, inc_y_i = 1.000000
En el else......

----------------------------------------
x = 25.000000, y = 135.000000
avance = -89.000000, avanceR = 2.000000, avanceI = 2.000000
inc_x_r = 0.000000, inc_y_r = 1.000000, inc_x_i = 1.000000, inc_y_i = 1.000000
En el else......

----------------------------------------
x = 25.000000, y = 136.000000
avance = -87.000000, avanceR = 2.000000, avanceI = 2.000000
inc_x_r = 0.000000, inc_y_r = 1.000000, inc_x_i = 1.000000, inc_y_i = 1.000000
En el else......

----------------------------------------
x = 25.000000, y = 137.000000
avance = -85.000000, avanceR = 2.000000, avanceI = 2.000000
inc_x_r = 0.000000, inc_y_r = 1.000000, inc_x_i = 1.000000, inc_y_i = 1.000000
En el else......

----------------------------------------
x = 25.000000, y = 138.000000
avance = -83.000000, avanceR = 2.000000, avanceI = 2.000000
inc_x_r = 0.000000, inc_y_r = 1.000000, inc_x_i = 1.000000, inc_y_i = 1.000000
En el else......

----------------------------------------
x = 25.000000, y = 139.000000
avance = -81.000000, avanceR = 2.000000, avanceI = 2.000000
inc_x_r = 0.000000, inc_y_r = 1.000000, inc_x_i = 1.000000, inc_y_i = 1.000000
En el else......

----------------------------------------
x = 25.000000, y = 140.000000
avance = -79.000000, avanceR = 2.000000, avanceI = 2.000000
inc_x_r = 0.000000, inc_y_r = 1.000000, inc_x_i = 1.000000, inc_y_i = 1.000000
En el else......

----------------------------------------
x = 25.000000, y = 141.000000
avance = -77.000000, avanceR = 2.000000, avanceI = 2.000000
inc_x_r = 0.000000, inc_y_r = 1.000000, inc_x_i = 1.000000, inc_y_i = 1.000000
En el else......

----------------------------------------
x = 25.000000, y = 142.000000
avance = -75.000000, avanceR = 2.000000, avanceI = 2.000000
inc_x_r = 0.000000, inc_y_r = 1.000000, inc_x_i = 1.000000, inc_y_i = 1.000000
En el else......

----------------------------------------
x = 25.000000, y = 143.000000
avance = -73.000000, avanceR = 2.000000, avanceI = 2.000000
inc_x_r = 0.000000, inc_y_r = 1.000000, inc_x_i = 1.000000, inc_y_i = 1.000000
En el else......

----------------------------------------
x = 25.000000, y = 144.000000
avance = -71.000000, avanceR = 2.000000, avanceI = 2.000000
inc_x_r = 0.000000, inc_y_r = 1.000000, inc_x_i = 1.000000, inc_y_i = 1.000000
En el else......

----------------------------------------
x = 25.000000, y = 145.000000
avance = -69.000000, avanceR = 2.000000, avanceI = 2.000000
inc_x_r = 0.000000, inc_y_r = 1.000000, inc_x_i = 1.000000, inc_y_i = 1.000000
En el else......

----------------------------------------
x = 25.000000, y = 146.000000
avance = -67.000000, avanceR = 2.000000, avanceI = 2.000000
inc_x_r = 0.000000, inc_y_r = 1.000000, inc_x_i = 1.000000, inc_y_i = 1.000000
En el else......

----------------------------------------
x = 25.000000, y = 147.000000
avance = -65.000000, avanceR = 2.000000, avanceI = 2.000000
inc_x_r = 0.000000, inc_y_r = 1.000000, inc_x_i = 1.000000, inc_y_i = 1.000000
En el else......

----------------------------------------
x = 25.000000, y = 148.000000
avance = -63.000000, avanceR = 2.000000, avanceI = 2.000000
inc_x_r = 0.000000, inc_y_r = 1.000000, inc_x_i = 1.000000, inc_y_i = 1.000000
En el else......

----------------------------------------
x = 25.000000, y = 149.000000
avance = -61.000000, avanceR = 2.000000, avanceI = 2.000000
inc_x_r = 0.000000, inc_y_r = 1.000000, inc_x_i = 1.000000, inc_y_i = 1.000000
En el else......

----------------------------------------
x = 25.000000, y = 150.000000
avance = -59.000000, avanceR = 2.000000, avanceI = 2.000000
inc_x_r = 0.000000, inc_y_r = 1.000000, inc_x_i = 1.000000, inc_y_i = 1.000000
En el else......

----------------------------------------
x = 25.000000, y = 151.000000
avance = -57.000000, avanceR = 2.000000, avanceI = 2.000000
inc_x_r = 0.000000, inc_y_r = 1.000000, inc_x_i = 1.000000, inc_y_i = 1.000000
En el else......

----------------------------------------
x = 25.000000, y = 152.000000
avance = -55.000000, avanceR = 2.000000, avanceI = 2.000000
inc_x_r = 0.000000, inc_y_r = 1.000000, inc_x_i = 1.000000, inc_y_i = 1.000000
En el else......

----------------------------------------
x = 25.000000, y = 153.000000
avance = -53.000000, avanceR = 2.000000, avanceI = 2.000000
inc_x_r = 0.000000, inc_y_r = 1.000000, inc_x_i = 1.000000, inc_y_i = 1.000000
En el else......

----------------------------------------
x = 25.000000, y = 154.000000
avance = -51.000000, avanceR = 2.000000, avanceI = 2.000000
inc_x_r = 0.000000, inc_y_r = 1.000000, inc_x_i = 1.000000, inc_y_i = 1.000000
En el else......

----------------------------------------
x = 25.000000, y = 155.000000
avance = -49.000000, avanceR = 2.000000, avanceI = 2.000000
inc_x_r = 0.000000, inc_y_r = 1.000000, inc_x_i = 1.000000, inc_y_i = 1.000000
En el else......

----------------------------------------
x = 25.000000, y = 156.000000
avance = -47.000000, avanceR = 2.000000, avanceI = 2.000000
inc_x_r = 0.000000, inc_y_r = 1.000000, inc_x_i = 1.000000, inc_y_i = 1.000000
En el else......

----------------------------------------
x = 25.000000, y = 157.000000
avance = -45.000000, avanceR = 2.000000, avanceI = 2.000000
inc_x_r = 0.000000, inc_y_r = 1.000000, inc_x_i = 1.000000, inc_y_i = 1.000000
En el else......

----------------------------------------
x = 25.000000, y = 158.000000
avance = -43.000000, avanceR = 2.000000, avanceI = 2.000000
inc_x_r = 0.000000, inc_y_r = 1.000000, inc_x_i = 1.000000, inc_y_i = 1.000000
En el else......

----------------------------------------
x = 25.000000, y = 159.000000
avance = -41.000000, avanceR = 2.000000, avanceI = 2.000000
inc_x_r = 0.000000, inc_y_r = 1.000000, inc_x_i = 1.000000, inc_y_i = 1.000000
En el else......

----------------------------------------
x = 25.000000, y = 160.000000
avance = -39.000000, avanceR = 2.000000, avanceI = 2.000000
inc_x_r = 0.000000, inc_y_r = 1.000000, inc_x_i = 1.000000, inc_y_i = 1.000000
En el else......

----------------------------------------
x = 25.000000, y = 161.000000
avance = -37.000000, avanceR = 2.000000, avanceI = 2.000000
inc_x_r = 0.000000, inc_y_r = 1.000000, inc_x_i = 1.000000, inc_y_i = 1.000000
En el else......

----------------------------------------
x = 25.000000, y = 162.000000
avance = -35.000000, avanceR = 2.000000, avanceI = 2.000000
inc_x_r = 0.000000, inc_y_r = 1.000000, inc_x_i = 1.000000, inc_y_i = 1.000000
En el else......

----------------------------------------
x = 25.000000, y = 163.000000
avance = -33.000000, avanceR = 2.000000, avanceI = 2.000000
inc_x_r = 0.000000, inc_y_r = 1.000000, inc_x_i = 1.000000, inc_y_i = 1.000000
En el else......

----------------------------------------
x = 25.000000, y = 164.000000
avance = -31.000000, avanceR = 2.000000, avanceI = 2.000000
inc_x_r = 0.000000, inc_y_r = 1.000000, inc_x_i = 1.000000, inc_y_i = 1.000000
En el else......

----------------------------------------
x = 25.000000, y = 165.000000
avance = -29.000000, avanceR = 2.000000, avanceI = 2.000000
inc_x_r = 0.000000, inc_y_r = 1.000000, inc_x_i = 1.000000, inc_y_i = 1.000000
En el else......

----------------------------------------
x = 25.000000, y = 166.000000
avance = -27.000000, avanceR = 2.000000, avanceI = 2.000000
inc_x_r = 0.000000, inc_y_r = 1.000000, inc_x_i = 1.000000, inc_y_i = 1.000000
En el else......

----------------------------------------
x = 25.000000, y = 167.000000
avance = -25.000000, avanceR = 2.000000, avanceI = 2.000000
inc_x_r = 0.000000, inc_y_r = 1.000000, inc_x_i = 1.000000, inc_y_i = 1.000000
En el else......

----------------------------------------
x = 25.000000, y = 168.000000
avance = -23.000000, avanceR = 2.000000, avanceI = 2.000000
inc_x_r = 0.000000, inc_y_r = 1.000000, inc_x_i = 1.000000, inc_y_i = 1.000000
En el else......

----------------------------------------
x = 25.000000, y = 169.000000
avance = -21.000000, avanceR = 2.000000, avanceI = 2.000000
inc_x_r = 0.000000, inc_y_r = 1.000000, inc_x_i = 1.000000, inc_y_i = 1.000000
En el else......

----------------------------------------
x = 25.000000, y = 170.000000
avance = -19.000000, avanceR = 2.000000, avanceI = 2.000000
inc_x_r = 0.000000, inc_y_r = 1.000000, inc_x_i = 1.000000, inc_y_i = 1.000000
En el else......

----------------------------------------
x = 25.000000, y = 171.000000
avance = -17.000000, avanceR = 2.000000, avanceI = 2.000000
inc_x_r = 0.000000, inc_y_r = 1.000000, inc_x_i = 1.000000, inc_y_i = 1.000000
En el else......

----------------------------------------
x = 25.000000, y = 172.000000
avance = -15.000000, avanceR = 2.000000, avanceI = 2.000000
inc_x_r = 0.000000, inc_y_r = 1.000000, inc_x_i = 1.000000, inc_y_i = 1.000000
En el else......

----------------------------------------
x = 25.000000, y = 173.000000
avance = -13.000000, avanceR = 2.000000, avanceI = 2.000000
inc_x_r = 0.000000, inc_y_r = 1.000000, inc_x_i = 1.000000, inc_y_i = 1.000000
En el else......

----------------------------------------
x = 25.000000, y = 174.000000
avance = -11.000000, avanceR = 2.000000, avanceI = 2.000000
inc_x_r = 0.000000, inc_y_r = 1.000000, inc_x_i = 1.000000, inc_y_i = 1.000000
En el else......

----------------------------------------
x = 25.000000, y = 175.000000
avance = -9.000000, avanceR = 2.000000, avanceI = 2.000000
inc_x_r = 0.000000, inc_y_r = 1.000000, inc_x_i = 1.000000, inc_y_i = 1.000000
En el else......

----------------------------------------
x = 25.000000, y = 176.000000
avance = -7.000000, avanceR = 2.000000, avanceI = 2.000000
inc_x_r = 0.000000, inc_y_r = 1.000000, inc_x_i = 1.000000, inc_y_i = 1.000000
En el else......

----------------------------------------
x = 25.000000, y = 177.000000
avance = -5.000000, avanceR = 2.000000, avanceI = 2.000000
inc_x_r = 0.000000, inc_y_r = 1.000000, inc_x_i = 1.000000, inc_y_i = 1.000000
En el else......

----------------------------------------
x = 25.000000, y = 178.000000
avance = -3.000000, avanceR = 2.000000, avanceI = 2.000000
inc_x_r = 0.000000, inc_y_r = 1.000000, inc_x_i = 1.000000, inc_y_i = 1.000000
En el else......

----------------------------------------
x = 25.000000, y = 179.000000
avance = -1.000000, avanceR = 2.000000, avanceI = 2.000000
inc_x_r = 0.000000, inc_y_r = 1.000000, inc_x_i = 1.000000, inc_y_i = 1.000000
En el else......

----------------------------------------
x = 25.000000, y = 180.000000
avance = 1.000000, avanceR = 2.000000, avanceI = 2.000000
inc_x_r = 0.000000, inc_y_r = 1.000000, inc_x_i = 1.000000, inc_y_i = 1.000000
avance >= 0

----------------------------------------
x = 26.000000, y = 181.000000
avance = -499.000000, avanceR = 2.000000, avanceI = 2.000000
inc_x_r = 0.000000, inc_y_r = 1.000000, inc_x_i = 1.000000, inc_y_i = 1.000000
En el else......

----------------------------------------
x = 26.000000, y = 182.000000
avance = -497.000000, avanceR = 2.000000, avanceI = 2.000000
inc_x_r = 0.000000, inc_y_r = 1.000000, inc_x_i = 1.000000, inc_y_i = 1.000000
En el else......

----------------------------------------
x = 26.000000, y = 183.000000
avance = -495.000000, avanceR = 2.000000, avanceI = 2.000000
inc_x_r = 0.000000, inc_y_r = 1.000000, inc_x_i = 1.000000, inc_y_i = 1.000000
En el else......

----------------------------------------
x = 26.000000, y = 184.000000
avance = -493.000000, avanceR = 2.000000, avanceI = 2.000000
inc_x_r = 0.000000, inc_y_r = 1.000000, inc_x_i = 1.000000, inc_y_i = 1.000000
En el else......

----------------------------------------
x = 26.000000, y = 185.000000
avance = -491.000000, avanceR = 2.000000, avanceI = 2.000000
inc_x_r = 0.000000, inc_y_r = 1.000000, inc_x_i = 1.000000, inc_y_i = 1.000000
En el else......

----------------------------------------
x = 26.000000, y = 186.000000
avance = -489.000000, avanceR = 2.000000, avanceI = 2.000000
inc_x_r = 0.000000, inc_y_r = 1.000000, inc_x_i = 1.000000, inc_y_i = 1.000000
En el else......

----------------------------------------
x = 26.000000, y = 187.000000
avance = -487.000000, avanceR = 2.000000, avanceI = 2.000000
inc_x_r = 0.000000, inc_y_r = 1.000000, inc_x_i = 1.000000, inc_y_i = 1.000000
En el else......

----------------------------------------
x = 26.000000, y = 188.000000
avance = -485.000000, avanceR = 2.000000, avanceI = 2.000000
inc_x_r = 0.000000, inc_y_r = 1.000000, inc_x_i = 1.000000, inc_y_i = 1.000000
En el else......

----------------------------------------
x = 26.000000, y = 189.000000
avance = -483.000000, avanceR = 2.000000, avanceI = 2.000000
inc_x_r = 0.000000, inc_y_r = 1.000000, inc_x_i = 1.000000, inc_y_i = 1.000000
En el else......

----------------------------------------
x = 26.000000, y = 190.000000
avance = -481.000000, avanceR = 2.000000, avanceI = 2.000000
inc_x_r = 0.000000, inc_y_r = 1.000000, inc_x_i = 1.000000, inc_y_i = 1.000000
En el else......

----------------------------------------
x = 26.000000, y = 191.000000
avance = -479.000000, avanceR = 2.000000, avanceI = 2.000000
inc_x_r = 0.000000, inc_y_r = 1.000000, inc_x_i = 1.000000, inc_y_i = 1.000000
En el else......

----------------------------------------
x = 26.000000, y = 192.000000
avance = -477.000000, avanceR = 2.000000, avanceI = 2.000000
inc_x_r = 0.000000, inc_y_r = 1.000000, inc_x_i = 1.000000, inc_y_i = 1.000000
En el else......

----------------------------------------
x = 26.000000, y = 193.000000
avance = -475.000000, avanceR = 2.000000, avanceI = 2.000000
inc_x_r = 0.000000, inc_y_r = 1.000000, inc_x_i = 1.000000, inc_y_i = 1.000000
En el else......

----------------------------------------
x = 26.000000, y = 194.000000
avance = -473.000000, avanceR = 2.000000, avanceI = 2.000000
inc_x_r = 0.000000, inc_y_r = 1.000000, inc_x_i = 1.000000, inc_y_i = 1.000000
En el else......

----------------------------------------
x = 26.000000, y = 195.000000
avance = -471.000000, avanceR = 2.000000, avanceI = 2.000000
inc_x_r = 0.000000, inc_y_r = 1.000000, inc_x_i = 1.000000, inc_y_i = 1.000000
En el else......

----------------------------------------
x = 26.000000, y = 196.000000
avance = -469.000000, avanceR = 2.000000, avanceI = 2.000000
inc_x_r = 0.000000, inc_y_r = 1.000000, inc_x_i = 1.000000, inc_y_i = 1.000000
En el else......

----------------------------------------
x = 26.000000, y = 197.000000
avance = -467.000000, avanceR = 2.000000, avanceI = 2.000000
inc_x_r = 0.000000, inc_y_r = 1.000000, inc_x_i = 1.000000, inc_y_i = 1.000000
En el else......

----------------------------------------
x = 26.000000, y = 198.000000
avance = -465.000000, avanceR = 2.000000, avanceI = 2.000000
inc_x_r = 0.000000, inc_y_r = 1.000000, inc_x_i = 1.000000, inc_y_i = 1.000000
En el else......

----------------------------------------
x = 26.000000, y = 199.000000
avance = -463.000000, avanceR = 2.000000, avanceI = 2.000000
inc_x_r = 0.000000, inc_y_r = 1.000000, inc_x_i = 1.000000, inc_y_i = 1.000000
En el else......

----------------------------------------
x = 26.000000, y = 200.000000
avance = -461.000000, avanceR = 2.000000, avanceI = 2.000000
inc_x_r = 0.000000, inc_y_r = 1.000000, inc_x_i = 1.000000, inc_y_i = 1.000000
En el else......

----------------------------------------
x = 26.000000, y = 201.000000
avance = -459.000000, avanceR = 2.000000, avanceI = 2.000000
inc_x_r = 0.000000, inc_y_r = 1.000000, inc_x_i = 1.000000, inc_y_i = 1.000000
En el else......

----------------------------------------
x = 26.000000, y = 202.000000
avance = -457.000000, avanceR = 2.000000, avanceI = 2.000000
inc_x_r = 0.000000, inc_y_r = 1.000000, inc_x_i = 1.000000, inc_y_i = 1.000000
En el else......

----------------------------------------
x = 26.000000, y = 203.000000
avance = -455.000000, avanceR = 2.000000, avanceI = 2.000000
inc_x_r = 0.000000, inc_y_r = 1.000000, inc_x_i = 1.000000, inc_y_i = 1.000000
En el else......

----------------------------------------
x = 26.000000, y = 204.000000
avance = -453.000000, avanceR = 2.000000, avanceI = 2.000000
inc_x_r = 0.000000, inc_y_r = 1.000000, inc_x_i = 1.000000, inc_y_i = 1.000000
En el else......

----------------------------------------
x = 26.000000, y = 205.000000
avance = -451.000000, avanceR = 2.000000, avanceI = 2.000000
inc_x_r = 0.000000, inc_y_r = 1.000000, inc_x_i = 1.000000, inc_y_i = 1.000000
En el else......

----------------------------------------
x = 26.000000, y = 206.000000
avance = -449.000000, avanceR = 2.000000, avanceI = 2.000000
inc_x_r = 0.000000, inc_y_r = 1.000000, inc_x_i = 1.000000, inc_y_i = 1.000000
En el else......

----------------------------------------
x = 26.000000, y = 207.000000
avance = -447.000000, avanceR = 2.000000, avanceI = 2.000000
inc_x_r = 0.000000, inc_y_r = 1.000000, inc_x_i = 1.000000, inc_y_i = 1.000000
En el else......

----------------------------------------
x = 26.000000, y = 208.000000
avance = -445.000000, avanceR = 2.000000, avanceI = 2.000000
inc_x_r = 0.000000, inc_y_r = 1.000000, inc_x_i = 1.000000, inc_y_i = 1.000000
En el else......

----------------------------------------
x = 26.000000, y = 209.000000
avance = -443.000000, avanceR = 2.000000, avanceI = 2.000000
inc_x_r = 0.000000, inc_y_r = 1.000000, inc_x_i = 1.000000, inc_y_i = 1.000000
En el else......

----------------------------------------
x = 26.000000, y = 210.000000
avance = -441.000000, avanceR = 2.000000, avanceI = 2.000000
inc_x_r = 0.000000, inc_y_r = 1.000000, inc_x_i = 1.000000, inc_y_i = 1.000000
En el else......

----------------------------------------
x = 26.000000, y = 211.000000
avance = -439.000000, avanceR = 2.000000, avanceI = 2.000000
inc_x_r = 0.000000, inc_y_r = 1.000000, inc_x_i = 1.000000, inc_y_i = 1.000000
En el else......

----------------------------------------
x = 26.000000, y = 212.000000
avance = -437.000000, avanceR = 2.000000, avanceI = 2.000000
inc_x_r = 0.000000, inc_y_r = 1.000000, inc_x_i = 1.000000, inc_y_i = 1.000000
En el else......

----------------------------------------
x = 26.000000, y = 213.000000
avance = -435.000000, avanceR = 2.000000, avanceI = 2.000000
inc_x_r = 0.000000, inc_y_r = 1.000000, inc_x_i = 1.000000, inc_y_i = 1.000000
En el else......

----------------------------------------
x = 26.000000, y = 214.000000
avance = -433.000000, avanceR = 2.000000, avanceI = 2.000000
inc_x_r = 0.000000, inc_y_r = 1.000000, inc_x_i = 1.000000, inc_y_i = 1.000000
En el else......

----------------------------------------
x = 26.000000, y = 215.000000
avance = -431.000000, avanceR = 2.000000, avanceI = 2.000000
inc_x_r = 0.000000, inc_y_r = 1.000000, inc_x_i = 1.000000, inc_y_i = 1.000000
En el else......

----------------------------------------
x = 26.000000, y = 216.000000
avance = -429.000000, avanceR = 2.000000, avanceI = 2.000000
inc_x_r = 0.000000, inc_y_r = 1.000000, inc_x_i = 1.000000, inc_y_i = 1.000000
En el else......

----------------------------------------
x = 26.000000, y = 217.000000
avance = -427.000000, avanceR = 2.000000, avanceI = 2.000000
inc_x_r = 0.000000, inc_y_r = 1.000000, inc_x_i = 1.000000, inc_y_i = 1.000000
En el else......

----------------------------------------
x = 26.000000, y = 218.000000
avance = -425.000000, avanceR = 2.000000, avanceI = 2.000000
inc_x_r = 0.000000, inc_y_r = 1.000000, inc_x_i = 1.000000, inc_y_i = 1.000000
En el else......

----------------------------------------
x = 26.000000, y = 219.000000
avance = -423.000000, avanceR = 2.000000, avanceI = 2.000000
inc_x_r = 0.000000, inc_y_r = 1.000000, inc_x_i = 1.000000, inc_y_i = 1.000000
En el else......

----------------------------------------
x = 26.000000, y = 220.000000
avance = -421.000000, avanceR = 2.000000, avanceI = 2.000000
inc_x_r = 0.000000, inc_y_r = 1.000000, inc_x_i = 1.000000, inc_y_i = 1.000000
En el else......

----------------------------------------
x = 26.000000, y = 221.000000
avance = -419.000000, avanceR = 2.000000, avanceI = 2.000000
inc_x_r = 0.000000, inc_y_r = 1.000000, inc_x_i = 1.000000, inc_y_i = 1.000000
En el else......

----------------------------------------
x = 26.000000, y = 222.000000
avance = -417.000000, avanceR = 2.000000, avanceI = 2.000000
inc_x_r = 0.000000, inc_y_r = 1.000000, inc_x_i = 1.000000, inc_y_i = 1.000000
En el else......

----------------------------------------
x = 26.000000, y = 223.000000
avance = -415.000000, avanceR = 2.000000, avanceI = 2.000000
inc_x_r = 0.000000, inc_y_r = 1.000000, inc_x_i = 1.000000, inc_y_i = 1.000000
En el else......

----------------------------------------
x = 26.000000, y = 224.000000
avance = -413.000000, avanceR = 2.000000, avanceI = 2.000000
inc_x_r = 0.000000, inc_y_r = 1.000000, inc_x_i = 1.000000, inc_y_i = 1.000000
En el else......

----------------------------------------
x = 26.000000, y = 225.000000
avance = -411.000000, avanceR = 2.000000, avanceI = 2.000000
inc_x_r = 0.000000, inc_y_r = 1.000000, inc_x_i = 1.000000, inc_y_i = 1.000000
En el else......

----------------------------------------
x = 26.000000, y = 226.000000
avance = -409.000000, avanceR = 2.000000, avanceI = 2.000000
inc_x_r = 0.000000, inc_y_r = 1.000000, inc_x_i = 1.000000, inc_y_i = 1.000000
En el else......

----------------------------------------
x = 26.000000, y = 227.000000
avance = -407.000000, avanceR = 2.000000, avanceI = 2.000000
inc_x_r = 0.000000, inc_y_r = 1.000000, inc_x_i = 1.000000, inc_y_i = 1.000000
En el else......

----------------------------------------
x = 26.000000, y = 228.000000
avance = -405.000000, avanceR = 2.000000, avanceI = 2.000000
inc_x_r = 0.000000, inc_y_r = 1.000000, inc_x_i = 1.000000, inc_y_i = 1.000000
En el else......

----------------------------------------
x = 26.000000, y = 229.000000
avance = -403.000000, avanceR = 2.000000, avanceI = 2.000000
inc_x_r = 0.000000, inc_y_r = 1.000000, inc_x_i = 1.000000, inc_y_i = 1.000000
En el else......

----------------------------------------
x = 26.000000, y = 230.000000
avance = -401.000000, avanceR = 2.000000, avanceI = 2.000000
inc_x_r = 0.000000, inc_y_r = 1.000000, inc_x_i = 1.000000, inc_y_i = 1.000000
En el else......

----------------------------------------
x = 26.000000, y = 231.000000
avance = -399.000000, avanceR = 2.000000, avanceI = 2.000000
inc_x_r = 0.000000, inc_y_r = 1.000000, inc_x_i = 1.000000, inc_y_i = 1.000000
En el else......

----------------------------------------
x = 26.000000, y = 232.000000
avance = -397.000000, avanceR = 2.000000, avanceI = 2.000000
inc_x_r = 0.000000, inc_y_r = 1.000000, inc_x_i = 1.000000, inc_y_i = 1.000000
En el else......

----------------------------------------
x = 26.000000, y = 233.000000
avance = -395.000000, avanceR = 2.000000, avanceI = 2.000000
inc_x_r = 0.000000, inc_y_r = 1.000000, inc_x_i = 1.000000, inc_y_i = 1.000000
En el else......

----------------------------------------
x = 26.000000, y = 234.000000
avance = -393.000000, avanceR = 2.000000, avanceI = 2.000000
inc_x_r = 0.000000, inc_y_r = 1.000000, inc_x_i = 1.000000, inc_y_i = 1.000000
En el else......

----------------------------------------
x = 26.000000, y = 235.000000
avance = -391.000000, avanceR = 2.000000, avanceI = 2.000000
inc_x_r = 0.000000, inc_y_r = 1.000000, inc_x_i = 1.000000, inc_y_i = 1.000000
En el else......

----------------------------------------
x = 26.000000, y = 236.000000
avance = -389.000000, avanceR = 2.000000, avanceI = 2.000000
inc_x_r = 0.000000, inc_y_r = 1.000000, inc_x_i = 1.000000, inc_y_i = 1.000000
En el else......

----------------------------------------
x = 26.000000, y = 237.000000
avance = -387.000000, avanceR = 2.000000, avanceI = 2.000000
inc_x_r = 0.000000, inc_y_r = 1.000000, inc_x_i = 1.000000, inc_y_i = 1.000000
En el else......

----------------------------------------
x = 26.000000, y = 238.000000
avance = -385.000000, avanceR = 2.000000, avanceI = 2.000000
inc_x_r = 0.000000, inc_y_r = 1.000000, inc_x_i = 1.000000, inc_y_i = 1.000000
En el else......

----------------------------------------
x = 26.000000, y = 239.000000
avance = -383.000000, avanceR = 2.000000, avanceI = 2.000000
inc_x_r = 0.000000, inc_y_r = 1.000000, inc_x_i = 1.000000, inc_y_i = 1.000000
En el else......

----------------------------------------
x = 26.000000, y = 240.000000
avance = -381.000000, avanceR = 2.000000, avanceI = 2.000000
inc_x_r = 0.000000, inc_y_r = 1.000000, inc_x_i = 1.000000, inc_y_i = 1.000000
En el else......

----------------------------------------
x = 26.000000, y = 241.000000
avance = -379.000000, avanceR = 2.000000, avanceI = 2.000000
inc_x_r = 0.000000, inc_y_r = 1.000000, inc_x_i = 1.000000, inc_y_i = 1.000000
En el else......

----------------------------------------
x = 26.000000, y = 242.000000
avance = -377.000000, avanceR = 2.000000, avanceI = 2.000000
inc_x_r = 0.000000, inc_y_r = 1.000000, inc_x_i = 1.000000, inc_y_i = 1.000000
En el else......

----------------------------------------
x = 26.000000, y = 243.000000
avance = -375.000000, avanceR = 2.000000, avanceI = 2.000000
inc_x_r = 0.000000, inc_y_r = 1.000000, inc_x_i = 1.000000, inc_y_i = 1.000000
En el else......

----------------------------------------
x = 26.000000, y = 244.000000
avance = -373.000000, avanceR = 2.000000, avanceI = 2.000000
inc_x_r = 0.000000, inc_y_r = 1.000000, inc_x_i = 1.000000, inc_y_i = 1.000000
En el else......

----------------------------------------
x = 26.000000, y = 245.000000
avance = -371.000000, avanceR = 2.000000, avanceI = 2.000000
inc_x_r = 0.000000, inc_y_r = 1.000000, inc_x_i = 1.000000, inc_y_i = 1.000000
En el else......

----------------------------------------
x = 26.000000, y = 246.000000
avance = -369.000000, avanceR = 2.000000, avanceI = 2.000000
inc_x_r = 0.000000, inc_y_r = 1.000000, inc_x_i = 1.000000, inc_y_i = 1.000000
En el else......

----------------------------------------
x = 26.000000, y = 247.000000
avance = -367.000000, avanceR = 2.000000, avanceI = 2.000000
inc_x_r = 0.000000, inc_y_r = 1.000000, inc_x_i = 1.000000, inc_y_i = 1.000000
En el else......

----------------------------------------
x = 26.000000, y = 248.000000
avance = -365.000000, avanceR = 2.000000, avanceI = 2.000000
inc_x_r = 0.000000, inc_y_r = 1.000000, inc_x_i = 1.000000, inc_y_i = 1.000000
En el else......

----------------------------------------
x = 26.000000, y = 249.000000
avance = -363.000000, avanceR = 2.000000, avanceI = 2.000000
inc_x_r = 0.000000, inc_y_r = 1.000000, inc_x_i = 1.000000, inc_y_i = 1.000000
En el else......

----------------------------------------
x = 26.000000, y = 250.000000
avance = -361.000000, avanceR = 2.000000, avanceI = 2.000000
inc_x_r = 0.000000, inc_y_r = 1.000000, inc_x_i = 1.000000, inc_y_i = 1.000000
En el else......

----------------------------------------
x = 26.000000, y = 251.000000
avance = -359.000000, avanceR = 2.000000, avanceI = 2.000000
inc_x_r = 0.000000, inc_y_r = 1.000000, inc_x_i = 1.000000, inc_y_i = 1.000000
En el else......

----------------------------------------
x = 26.000000, y = 252.000000
avance = -357.000000, avanceR = 2.000000, avanceI = 2.000000
inc_x_r = 0.000000, inc_y_r = 1.000000, inc_x_i = 1.000000, inc_y_i = 1.000000
En el else......

----------------------------------------
x = 26.000000, y = 253.000000
avance = -355.000000, avanceR = 2.000000, avanceI = 2.000000
inc_x_r = 0.000000, inc_y_r = 1.000000, inc_x_i = 1.000000, inc_y_i = 1.000000
En el else......

----------------------------------------
x = 26.000000, y = 254.000000
avance = -353.000000, avanceR = 2.000000, avanceI = 2.000000
inc_x_r = 0.000000, inc_y_r = 1.000000, inc_x_i = 1.000000, inc_y_i = 1.000000
En el else......

----------------------------------------
x = 26.000000, y = 255.000000
avance = -351.000000, avanceR = 2.000000, avanceI = 2.000000
inc_x_r = 0.000000, inc_y_r = 1.000000, inc_x_i = 1.000000, inc_y_i = 1.000000
En el else......

----------------------------------------
x = 26.000000, y = 256.000000
avance = -349.000000, avanceR = 2.000000, avanceI = 2.000000
inc_x_r = 0.000000, inc_y_r = 1.000000, inc_x_i = 1.000000, inc_y_i = 1.000000
En el else......

----------------------------------------
x = 26.000000, y = 257.000000
avance = -347.000000, avanceR = 2.000000, avanceI = 2.000000
inc_x_r = 0.000000, inc_y_r = 1.000000, inc_x_i = 1.000000, inc_y_i = 1.000000
En el else......

----------------------------------------
x = 26.000000, y = 258.000000
avance = -345.000000, avanceR = 2.000000, avanceI = 2.000000
inc_x_r = 0.000000, inc_y_r = 1.000000, inc_x_i = 1.000000, inc_y_i = 1.000000
En el else......

----------------------------------------
x = 26.000000, y = 259.000000
avance = -343.000000, avanceR = 2.000000, avanceI = 2.000000
inc_x_r = 0.000000, inc_y_r = 1.000000, inc_x_i = 1.000000, inc_y_i = 1.000000
En el else......

----------------------------------------
x = 26.000000, y = 260.000000
avance = -341.000000, avanceR = 2.000000, avanceI = 2.000000
inc_x_r = 0.000000, inc_y_r = 1.000000, inc_x_i = 1.000000, inc_y_i = 1.000000
En el else......

----------------------------------------
x = 26.000000, y = 261.000000
avance = -339.000000, avanceR = 2.000000, avanceI = 2.000000
inc_x_r = 0.000000, inc_y_r = 1.000000, inc_x_i = 1.000000, inc_y_i = 1.000000
En el else......

----------------------------------------
x = 26.000000, y = 262.000000
avance = -337.000000, avanceR = 2.000000, avanceI = 2.000000
inc_x_r = 0.000000, inc_y_r = 1.000000, inc_x_i = 1.000000, inc_y_i = 1.000000
En el else......

----------------------------------------
x = 26.000000, y = 263.000000
avance = -335.000000, avanceR = 2.000000, avanceI = 2.000000
inc_x_r = 0.000000, inc_y_r = 1.000000, inc_x_i = 1.000000, inc_y_i = 1.000000
En el else......

----------------------------------------
x = 26.000000, y = 264.000000
avance = -333.000000, avanceR = 2.000000, avanceI = 2.000000
inc_x_r = 0.000000, inc_y_r = 1.000000, inc_x_i = 1.000000, inc_y_i = 1.000000
En el else......

----------------------------------------
x = 26.000000, y = 265.000000
avance = -331.000000, avanceR = 2.000000, avanceI = 2.000000
inc_x_r = 0.000000, inc_y_r = 1.000000, inc_x_i = 1.000000, inc_y_i = 1.000000
En el else......

----------------------------------------
x = 26.000000, y = 266.000000
avance = -329.000000, avanceR = 2.000000, avanceI = 2.000000
inc_x_r = 0.000000, inc_y_r = 1.000000, inc_x_i = 1.000000, inc_y_i = 1.000000
En el else......

----------------------------------------
x = 26.000000, y = 267.000000
avance = -327.000000, avanceR = 2.000000, avanceI = 2.000000
inc_x_r = 0.000000, inc_y_r = 1.000000, inc_x_i = 1.000000, inc_y_i = 1.000000
En el else......

----------------------------------------
x = 26.000000, y = 268.000000
avance = -325.000000, avanceR = 2.000000, avanceI = 2.000000
inc_x_r = 0.000000, inc_y_r = 1.000000, inc_x_i = 1.000000, inc_y_i = 1.000000
En el else......

----------------------------------------
x = 26.000000, y = 269.000000
avance = -323.000000, avanceR = 2.000000, avanceI = 2.000000
inc_x_r = 0.000000, inc_y_r = 1.000000, inc_x_i = 1.000000, inc_y_i = 1.000000
En el else......

----------------------------------------
x = 26.000000, y = 270.000000
avance = -321.000000, avanceR = 2.000000, avanceI = 2.000000
inc_x_r = 0.000000, inc_y_r = 1.000000, inc_x_i = 1.000000, inc_y_i = 1.000000
En el else......

----------------------------------------
x = 26.000000, y = 271.000000
avance = -319.000000, avanceR = 2.000000, avanceI = 2.000000
inc_x_r = 0.000000, inc_y_r = 1.000000, inc_x_i = 1.000000, inc_y_i = 1.000000
En el else......

----------------------------------------
x = 26.000000, y = 272.000000
avance = -317.000000, avanceR = 2.000000, avanceI = 2.000000
inc_x_r = 0.000000, inc_y_r = 1.000000, inc_x_i = 1.000000, inc_y_i = 1.000000
En el else......

----------------------------------------
x = 26.000000, y = 273.000000
avance = -315.000000, avanceR = 2.000000, avanceI = 2.000000
inc_x_r = 0.000000, inc_y_r = 1.000000, inc_x_i = 1.000000, inc_y_i = 1.000000
En el else......

----------------------------------------
x = 26.000000, y = 274.000000
avance = -313.000000, avanceR = 2.000000, avanceI = 2.000000
inc_x_r = 0.000000, inc_y_r = 1.000000, inc_x_i = 1.000000, inc_y_i = 1.000000
En el else......

----------------------------------------
x = 26.000000, y = 275.000000
avance = -311.000000, avanceR = 2.000000, avanceI = 2.000000
inc_x_r = 0.000000, inc_y_r = 1.000000, inc_x_i = 1.000000, inc_y_i = 1.000000
En el else......

----------------------------------------
x = 26.000000, y = 276.000000
avance = -309.000000, avanceR = 2.000000, avanceI = 2.000000
inc_x_r = 0.000000, inc_y_r = 1.000000, inc_x_i = 1.000000, inc_y_i = 1.000000
En el else......

----------------------------------------
x = 26.000000, y = 277.000000
avance = -307.000000, avanceR = 2.000000, avanceI = 2.000000
inc_x_r = 0.000000, inc_y_r = 1.000000, inc_x_i = 1.000000, inc_y_i = 1.000000
En el else......

----------------------------------------
x = 26.000000, y = 278.000000
avance = -305.000000, avanceR = 2.000000, avanceI = 2.000000
inc_x_r = 0.000000, inc_y_r = 1.000000, inc_x_i = 1.000000, inc_y_i = 1.000000
En el else......

----------------------------------------
x = 26.000000, y = 279.000000
avance = -303.000000, avanceR = 2.000000, avanceI = 2.000000
inc_x_r = 0.000000, inc_y_r = 1.000000, inc_x_i = 1.000000, inc_y_i = 1.000000
En el else......

----------------------------------------
x = 26.000000, y = 280.000000
avance = -301.000000, avanceR = 2.000000, avanceI = 2.000000
inc_x_r = 0.000000, inc_y_r = 1.000000, inc_x_i = 1.000000, inc_y_i = 1.000000
En el else......

----------------------------------------
x = 26.000000, y = 281.000000
avance = -299.000000, avanceR = 2.000000, avanceI = 2.000000
inc_x_r = 0.000000, inc_y_r = 1.000000, inc_x_i = 1.000000, inc_y_i = 1.000000
En el else......

----------------------------------------
x = 26.000000, y = 282.000000
avance = -297.000000, avanceR = 2.000000, avanceI = 2.000000
inc_x_r = 0.000000, inc_y_r = 1.000000, inc_x_i = 1.000000, inc_y_i = 1.000000
En el else......

----------------------------------------
x = 26.000000, y = 283.000000
avance = -295.000000, avanceR = 2.000000, avanceI = 2.000000
inc_x_r = 0.000000, inc_y_r = 1.000000, inc_x_i = 1.000000, inc_y_i = 1.000000
En el else......

----------------------------------------
x = 26.000000, y = 284.000000
avance = -293.000000, avanceR = 2.000000, avanceI = 2.000000
inc_x_r = 0.000000, inc_y_r = 1.000000, inc_x_i = 1.000000, inc_y_i = 1.000000
En el else......

----------------------------------------
x = 26.000000, y = 285.000000
avance = -291.000000, avanceR = 2.000000, avanceI = 2.000000
inc_x_r = 0.000000, inc_y_r = 1.000000, inc_x_i = 1.000000, inc_y_i = 1.000000
En el else......

----------------------------------------
x = 26.000000, y = 286.000000
avance = -289.000000, avanceR = 2.000000, avanceI = 2.000000
inc_x_r = 0.000000, inc_y_r = 1.000000, inc_x_i = 1.000000, inc_y_i = 1.000000
En el else......

----------------------------------------
x = 26.000000, y = 287.000000
avance = -287.000000, avanceR = 2.000000, avanceI = 2.000000
inc_x_r = 0.000000, inc_y_r = 1.000000, inc_x_i = 1.000000, inc_y_i = 1.000000
En el else......

----------------------------------------
x = 26.000000, y = 288.000000
avance = -285.000000, avanceR = 2.000000, avanceI = 2.000000
inc_x_r = 0.000000, inc_y_r = 1.000000, inc_x_i = 1.000000, inc_y_i = 1.000000
En el else......

----------------------------------------
x = 26.000000, y = 289.000000
avance = -283.000000, avanceR = 2.000000, avanceI = 2.000000
inc_x_r = 0.000000, inc_y_r = 1.000000, inc_x_i = 1.000000, inc_y_i = 1.000000
En el else......

----------------------------------------
x = 26.000000, y = 290.000000
avance = -281.000000, avanceR = 2.000000, avanceI = 2.000000
inc_x_r = 0.000000, inc_y_r = 1.000000, inc_x_i = 1.000000, inc_y_i = 1.000000
En el else......

----------------------------------------
x = 26.000000, y = 291.000000
avance = -279.000000, avanceR = 2.000000, avanceI = 2.000000
inc_x_r = 0.000000, inc_y_r = 1.000000, inc_x_i = 1.000000, inc_y_i = 1.000000
En el else......

----------------------------------------
x = 26.000000, y = 292.000000
avance = -277.000000, avanceR = 2.000000, avanceI = 2.000000
inc_x_r = 0.000000, inc_y_r = 1.000000, inc_x_i = 1.000000, inc_y_i = 1.000000
En el else......

----------------------------------------
x = 26.000000, y = 293.000000
avance = -275.000000, avanceR = 2.000000, avanceI = 2.000000
inc_x_r = 0.000000, inc_y_r = 1.000000, inc_x_i = 1.000000, inc_y_i = 1.000000
En el else......

----------------------------------------
x = 26.000000, y = 294.000000
avance = -273.000000, avanceR = 2.000000, avanceI = 2.000000
inc_x_r = 0.000000, inc_y_r = 1.000000, inc_x_i = 1.000000, inc_y_i = 1.000000
En el else......

----------------------------------------
x = 26.000000, y = 295.000000
avance = -271.000000, avanceR = 2.000000, avanceI = 2.000000
inc_x_r = 0.000000, inc_y_r = 1.000000, inc_x_i = 1.000000, inc_y_i = 1.000000
En el else......

----------------------------------------
x = 26.000000, y = 296.000000
avance = -269.000000, avanceR = 2.000000, avanceI = 2.000000
inc_x_r = 0.000000, inc_y_r = 1.000000, inc_x_i = 1.000000, inc_y_i = 1.000000
En el else......

----------------------------------------
x = 26.000000, y = 297.000000
avance = -267.000000, avanceR = 2.000000, avanceI = 2.000000
inc_x_r = 0.000000, inc_y_r = 1.000000, inc_x_i = 1.000000, inc_y_i = 1.000000
En el else......

----------------------------------------
x = 26.000000, y = 298.000000
avance = -265.000000, avanceR = 2.000000, avanceI = 2.000000
inc_x_r = 0.000000, inc_y_r = 1.000000, inc_x_i = 1.000000, inc_y_i = 1.000000
En el else......

----------------------------------------
x = 26.000000, y = 299.000000
avance = -263.000000, avanceR = 2.000000, avanceI = 2.000000
inc_x_r = 0.000000, inc_y_r = 1.000000, inc_x_i = 1.000000, inc_y_i = 1.000000
En el else......

----------------------------------------
x = 26.000000, y = 300.000000
avance = -261.000000, avanceR = 2.000000, avanceI = 2.000000
inc_x_r = 0.000000, inc_y_r = 1.000000, inc_x_i = 1.000000, inc_y_i = 1.000000
En el else......

----------------------------------------
x = 26.000000, y = 301.000000
avance = -259.000000, avanceR = 2.000000, avanceI = 2.000000
inc_x_r = 0.000000, inc_y_r = 1.000000, inc_x_i = 1.000000, inc_y_i = 1.000000
En el else......

----------------------------------------
x = 26.000000, y = 302.000000
avance = -257.000000, avanceR = 2.000000, avanceI = 2.000000
inc_x_r = 0.000000, inc_y_r = 1.000000, inc_x_i = 1.000000, inc_y_i = 1.000000
En el else......

----------------------------------------
x = 26.000000, y = 303.000000
avance = -255.000000, avanceR = 2.000000, avanceI = 2.000000
inc_x_r = 0.000000, inc_y_r = 1.000000, inc_x_i = 1.000000, inc_y_i = 1.000000
En el else......

----------------------------------------
x = 26.000000, y = 304.000000
avance = -253.000000, avanceR = 2.000000, avanceI = 2.000000
inc_x_r = 0.000000, inc_y_r = 1.000000, inc_x_i = 1.000000, inc_y_i = 1.000000
En el else......

----------------------------------------
x = 26.000000, y = 305.000000
avance = -251.000000, avanceR = 2.000000, avanceI = 2.000000
inc_x_r = 0.000000, inc_y_r = 1.000000, inc_x_i = 1.000000, inc_y_i = 1.000000
En el else......

----------------------------------------


ENTRAMOS A BRESENHAMªªªª
x1 = 25.000000 - y1 = 55.000000 || x2 = 26.000000 - y2 = 306.000000
dy = 251.000000, dx = 1.000000
avances inclinados: inc_x_i = 1.000000, inc_y_i = 1.000000
updated: dy = 251.000000, dx = 1.000000
avances rectos: inc_x_r = 0.000000, inc_y_r 1.000000
reupdated: dy = 1.000000, dx = 251.000000
avanceR = 2.000000, avance -249.000000, avanceI 2.000000
----------------------------------------
x = 25.000000, y = 55.000000
avance = -249.000000, avanceR = 2.000000, avanceI = 2.000000
inc_x_r = 0.000000, inc_y_r = 1.000000, inc_x_i = 1.000000, inc_y_i = 1.000000
En el else......

----------------------------------------
x = 25.000000, y = 56.000000
avance = -247.000000, avanceR = 2.000000, avanceI = 2.000000
inc_x_r = 0.000000, inc_y_r = 1.000000, inc_x_i = 1.000000, inc_y_i = 1.000000
En el else......

----------------------------------------
x = 25.000000, y = 57.000000
avance = -245.000000, avanceR = 2.000000, avanceI = 2.000000
inc_x_r = 0.000000, inc_y_r = 1.000000, inc_x_i = 1.000000, inc_y_i = 1.000000
En el else......

----------------------------------------
x = 25.000000, y = 58.000000
avance = -243.000000, avanceR = 2.000000, avanceI = 2.000000
inc_x_r = 0.000000, inc_y_r = 1.000000, inc_x_i = 1.000000, inc_y_i = 1.000000
En el else......

----------------------------------------
x = 25.000000, y = 59.000000
avance = -241.000000, avanceR = 2.000000, avanceI = 2.000000
inc_x_r = 0.000000, inc_y_r = 1.000000, inc_x_i = 1.000000, inc_y_i = 1.000000
En el else......

----------------------------------------
x = 25.000000, y = 60.000000
avance = -239.000000, avanceR = 2.000000, avanceI = 2.000000
inc_x_r = 0.000000, inc_y_r = 1.000000, inc_x_i = 1.000000, inc_y_i = 1.000000
En el else......

----------------------------------------
x = 25.000000, y = 61.000000
avance = -237.000000, avanceR = 2.000000, avanceI = 2.000000
inc_x_r = 0.000000, inc_y_r = 1.000000, inc_x_i = 1.000000, inc_y_i = 1.000000
En el else......

----------------------------------------
x = 25.000000, y = 62.000000
avance = -235.000000, avanceR = 2.000000, avanceI = 2.000000
inc_x_r = 0.000000, inc_y_r = 1.000000, inc_x_i = 1.000000, inc_y_i = 1.000000
En el else......

----------------------------------------
x = 25.000000, y = 63.000000
avance = -233.000000, avanceR = 2.000000, avanceI = 2.000000
inc_x_r = 0.000000, inc_y_r = 1.000000, inc_x_i = 1.000000, inc_y_i = 1.000000
En el else......

----------------------------------------
x = 25.000000, y = 64.000000
avance = -231.000000, avanceR = 2.000000, avanceI = 2.000000
inc_x_r = 0.000000, inc_y_r = 1.000000, inc_x_i = 1.000000, inc_y_i = 1.000000
En el else......

----------------------------------------
x = 25.000000, y = 65.000000
avance = -229.000000, avanceR = 2.000000, avanceI = 2.000000
inc_x_r = 0.000000, inc_y_r = 1.000000, inc_x_i = 1.000000, inc_y_i = 1.000000
En el else......

----------------------------------------
x = 25.000000, y = 66.000000
avance = -227.000000, avanceR = 2.000000, avanceI = 2.000000
inc_x_r = 0.000000, inc_y_r = 1.000000, inc_x_i = 1.000000, inc_y_i = 1.000000
En el else......

----------------------------------------
x = 25.000000, y = 67.000000
avance = -225.000000, avanceR = 2.000000, avanceI = 2.000000
inc_x_r = 0.000000, inc_y_r = 1.000000, inc_x_i = 1.000000, inc_y_i = 1.000000
En el else......

----------------------------------------
x = 25.000000, y = 68.000000
avance = -223.000000, avanceR = 2.000000, avanceI = 2.000000
inc_x_r = 0.000000, inc_y_r = 1.000000, inc_x_i = 1.000000, inc_y_i = 1.000000
En el else......

----------------------------------------
x = 25.000000, y = 69.000000
avance = -221.000000, avanceR = 2.000000, avanceI = 2.000000
inc_x_r = 0.000000, inc_y_r = 1.000000, inc_x_i = 1.000000, inc_y_i = 1.000000
En el else......

----------------------------------------
x = 25.000000, y = 70.000000
avance = -219.000000, avanceR = 2.000000, avanceI = 2.000000
inc_x_r = 0.000000, inc_y_r = 1.000000, inc_x_i = 1.000000, inc_y_i = 1.000000
En el else......

----------------------------------------
x = 25.000000, y = 71.000000
avance = -217.000000, avanceR = 2.000000, avanceI = 2.000000
inc_x_r = 0.000000, inc_y_r = 1.000000, inc_x_i = 1.000000, inc_y_i = 1.000000
En el else......

----------------------------------------
x = 25.000000, y = 72.000000
avance = -215.000000, avanceR = 2.000000, avanceI = 2.000000
inc_x_r = 0.000000, inc_y_r = 1.000000, inc_x_i = 1.000000, inc_y_i = 1.000000
En el else......

----------------------------------------
x = 25.000000, y = 73.000000
avance = -213.000000, avanceR = 2.000000, avanceI = 2.000000
inc_x_r = 0.000000, inc_y_r = 1.000000, inc_x_i = 1.000000, inc_y_i = 1.000000
En el else......

----------------------------------------
x = 25.000000, y = 74.000000
avance = -211.000000, avanceR = 2.000000, avanceI = 2.000000
inc_x_r = 0.000000, inc_y_r = 1.000000, inc_x_i = 1.000000, inc_y_i = 1.000000
En el else......

----------------------------------------
x = 25.000000, y = 75.000000
avance = -209.000000, avanceR = 2.000000, avanceI = 2.000000
inc_x_r = 0.000000, inc_y_r = 1.000000, inc_x_i = 1.000000, inc_y_i = 1.000000
En el else......

----------------------------------------
x = 25.000000, y = 76.000000
avance = -207.000000, avanceR = 2.000000, avanceI = 2.000000
inc_x_r = 0.000000, inc_y_r = 1.000000, inc_x_i = 1.000000, inc_y_i = 1.000000
En el else......

----------------------------------------
x = 25.000000, y = 77.000000
avance = -205.000000, avanceR = 2.000000, avanceI = 2.000000
inc_x_r = 0.000000, inc_y_r = 1.000000, inc_x_i = 1.000000, inc_y_i = 1.000000
En el else......

----------------------------------------
x = 25.000000, y = 78.000000
avance = -203.000000, avanceR = 2.000000, avanceI = 2.000000
inc_x_r = 0.000000, inc_y_r = 1.000000, inc_x_i = 1.000000, inc_y_i = 1.000000
En el else......

----------------------------------------
x = 25.000000, y = 79.000000
avance = -201.000000, avanceR = 2.000000, avanceI = 2.000000
inc_x_r = 0.000000, inc_y_r = 1.000000, inc_x_i = 1.000000, inc_y_i = 1.000000
En el else......

----------------------------------------
x = 25.000000, y = 80.000000
avance = -199.000000, avanceR = 2.000000, avanceI = 2.000000
inc_x_r = 0.000000, inc_y_r = 1.000000, inc_x_i = 1.000000, inc_y_i = 1.000000
En el else......

----------------------------------------
x = 25.000000, y = 81.000000
avance = -197.000000, avanceR = 2.000000, avanceI = 2.000000
inc_x_r = 0.000000, inc_y_r = 1.000000, inc_x_i = 1.000000, inc_y_i = 1.000000
En el else......

----------------------------------------
x = 25.000000, y = 82.000000
avance = -195.000000, avanceR = 2.000000, avanceI = 2.000000
inc_x_r = 0.000000, inc_y_r = 1.000000, inc_x_i = 1.000000, inc_y_i = 1.000000
En el else......

----------------------------------------
x = 25.000000, y = 83.000000
avance = -193.000000, avanceR = 2.000000, avanceI = 2.000000
inc_x_r = 0.000000, inc_y_r = 1.000000, inc_x_i = 1.000000, inc_y_i = 1.000000
En el else......

----------------------------------------
x = 25.000000, y = 84.000000
avance = -191.000000, avanceR = 2.000000, avanceI = 2.000000
inc_x_r = 0.000000, inc_y_r = 1.000000, inc_x_i = 1.000000, inc_y_i = 1.000000
En el else......

----------------------------------------
x = 25.000000, y = 85.000000
avance = -189.000000, avanceR = 2.000000, avanceI = 2.000000
inc_x_r = 0.000000, inc_y_r = 1.000000, inc_x_i = 1.000000, inc_y_i = 1.000000
En el else......

----------------------------------------
x = 25.000000, y = 86.000000
avance = -187.000000, avanceR = 2.000000, avanceI = 2.000000
inc_x_r = 0.000000, inc_y_r = 1.000000, inc_x_i = 1.000000, inc_y_i = 1.000000
En el else......

----------------------------------------
x = 25.000000, y = 87.000000
avance = -185.000000, avanceR = 2.000000, avanceI = 2.000000
inc_x_r = 0.000000, inc_y_r = 1.000000, inc_x_i = 1.000000, inc_y_i = 1.000000
En el else......

----------------------------------------
x = 25.000000, y = 88.000000
avance = -183.000000, avanceR = 2.000000, avanceI = 2.000000
inc_x_r = 0.000000, inc_y_r = 1.000000, inc_x_i = 1.000000, inc_y_i = 1.000000
En el else......

----------------------------------------
x = 25.000000, y = 89.000000
avance = -181.000000, avanceR = 2.000000, avanceI = 2.000000
inc_x_r = 0.000000, inc_y_r = 1.000000, inc_x_i = 1.000000, inc_y_i = 1.000000
En el else......

----------------------------------------
x = 25.000000, y = 90.000000
avance = -179.000000, avanceR = 2.000000, avanceI = 2.000000
inc_x_r = 0.000000, inc_y_r = 1.000000, inc_x_i = 1.000000, inc_y_i = 1.000000
En el else......

----------------------------------------
x = 25.000000, y = 91.000000
avance = -177.000000, avanceR = 2.000000, avanceI = 2.000000
inc_x_r = 0.000000, inc_y_r = 1.000000, inc_x_i = 1.000000, inc_y_i = 1.000000
En el else......

----------------------------------------
x = 25.000000, y = 92.000000
avance = -175.000000, avanceR = 2.000000, avanceI = 2.000000
inc_x_r = 0.000000, inc_y_r = 1.000000, inc_x_i = 1.000000, inc_y_i = 1.000000
En el else......

----------------------------------------
x = 25.000000, y = 93.000000
avance = -173.000000, avanceR = 2.000000, avanceI = 2.000000
inc_x_r = 0.000000, inc_y_r = 1.000000, inc_x_i = 1.000000, inc_y_i = 1.000000
En el else......

----------------------------------------
x = 25.000000, y = 94.000000
avance = -171.000000, avanceR = 2.000000, avanceI = 2.000000
inc_x_r = 0.000000, inc_y_r = 1.000000, inc_x_i = 1.000000, inc_y_i = 1.000000
En el else......

----------------------------------------
x = 25.000000, y = 95.000000
avance = -169.000000, avanceR = 2.000000, avanceI = 2.000000
inc_x_r = 0.000000, inc_y_r = 1.000000, inc_x_i = 1.000000, inc_y_i = 1.000000
En el else......

----------------------------------------
x = 25.000000, y = 96.000000
avance = -167.000000, avanceR = 2.000000, avanceI = 2.000000
inc_x_r = 0.000000, inc_y_r = 1.000000, inc_x_i = 1.000000, inc_y_i = 1.000000
En el else......

----------------------------------------
x = 25.000000, y = 97.000000
avance = -165.000000, avanceR = 2.000000, avanceI = 2.000000
inc_x_r = 0.000000, inc_y_r = 1.000000, inc_x_i = 1.000000, inc_y_i = 1.000000
En el else......

----------------------------------------
x = 25.000000, y = 98.000000
avance = -163.000000, avanceR = 2.000000, avanceI = 2.000000
inc_x_r = 0.000000, inc_y_r = 1.000000, inc_x_i = 1.000000, inc_y_i = 1.000000
En el else......

----------------------------------------
x = 25.000000, y = 99.000000
avance = -161.000000, avanceR = 2.000000, avanceI = 2.000000
inc_x_r = 0.000000, inc_y_r = 1.000000, inc_x_i = 1.000000, inc_y_i = 1.000000
En el else......

----------------------------------------
x = 25.000000, y = 100.000000
avance = -159.000000, avanceR = 2.000000, avanceI = 2.000000
inc_x_r = 0.000000, inc_y_r = 1.000000, inc_x_i = 1.000000, inc_y_i = 1.000000
En el else......

----------------------------------------
x = 25.000000, y = 101.000000
avance = -157.000000, avanceR = 2.000000, avanceI = 2.000000
inc_x_r = 0.000000, inc_y_r = 1.000000, inc_x_i = 1.000000, inc_y_i = 1.000000
En el else......

----------------------------------------
x = 25.000000, y = 102.000000
avance = -155.000000, avanceR = 2.000000, avanceI = 2.000000
inc_x_r = 0.000000, inc_y_r = 1.000000, inc_x_i = 1.000000, inc_y_i = 1.000000
En el else......

----------------------------------------
x = 25.000000, y = 103.000000
avance = -153.000000, avanceR = 2.000000, avanceI = 2.000000
inc_x_r = 0.000000, inc_y_r = 1.000000, inc_x_i = 1.000000, inc_y_i = 1.000000
En el else......

----------------------------------------
x = 25.000000, y = 104.000000
avance = -151.000000, avanceR = 2.000000, avanceI = 2.000000
inc_x_r = 0.000000, inc_y_r = 1.000000, inc_x_i = 1.000000, inc_y_i = 1.000000
En el else......

----------------------------------------
x = 25.000000, y = 105.000000
avance = -149.000000, avanceR = 2.000000, avanceI = 2.000000
inc_x_r = 0.000000, inc_y_r = 1.000000, inc_x_i = 1.000000, inc_y_i = 1.000000
En el else......

----------------------------------------
x = 25.000000, y = 106.000000
avance = -147.000000, avanceR = 2.000000, avanceI = 2.000000
inc_x_r = 0.000000, inc_y_r = 1.000000, inc_x_i = 1.000000, inc_y_i = 1.000000
En el else......

----------------------------------------
x = 25.000000, y = 107.000000
avance = -145.000000, avanceR = 2.000000, avanceI = 2.000000
inc_x_r = 0.000000, inc_y_r = 1.000000, inc_x_i = 1.000000, inc_y_i = 1.000000
En el else......

----------------------------------------
x = 25.000000, y = 108.000000
avance = -143.000000, avanceR = 2.000000, avanceI = 2.000000
inc_x_r = 0.000000, inc_y_r = 1.000000, inc_x_i = 1.000000, inc_y_i = 1.000000
En el else......

----------------------------------------
x = 25.000000, y = 109.000000
avance = -141.000000, avanceR = 2.000000, avanceI = 2.000000
inc_x_r = 0.000000, inc_y_r = 1.000000, inc_x_i = 1.000000, inc_y_i = 1.000000
En el else......

----------------------------------------
x = 25.000000, y = 110.000000
avance = -139.000000, avanceR = 2.000000, avanceI = 2.000000
inc_x_r = 0.000000, inc_y_r = 1.000000, inc_x_i = 1.000000, inc_y_i = 1.000000
En el else......

----------------------------------------
x = 25.000000, y = 111.000000
avance = -137.000000, avanceR = 2.000000, avanceI = 2.000000
inc_x_r = 0.000000, inc_y_r = 1.000000, inc_x_i = 1.000000, inc_y_i = 1.000000
En el else......

----------------------------------------
x = 25.000000, y = 112.000000
avance = -135.000000, avanceR = 2.000000, avanceI = 2.000000
inc_x_r = 0.000000, inc_y_r = 1.000000, inc_x_i = 1.000000, inc_y_i = 1.000000
En el else......

----------------------------------------
x = 25.000000, y = 113.000000
avance = -133.000000, avanceR = 2.000000, avanceI = 2.000000
inc_x_r = 0.000000, inc_y_r = 1.000000, inc_x_i = 1.000000, inc_y_i = 1.000000
En el else......

----------------------------------------
x = 25.000000, y = 114.000000
avance = -131.000000, avanceR = 2.000000, avanceI = 2.000000
inc_x_r = 0.000000, inc_y_r = 1.000000, inc_x_i = 1.000000, inc_y_i = 1.000000
En el else......

----------------------------------------
x = 25.000000, y = 115.000000
avance = -129.000000, avanceR = 2.000000, avanceI = 2.000000
inc_x_r = 0.000000, inc_y_r = 1.000000, inc_x_i = 1.000000, inc_y_i = 1.000000
En el else......

----------------------------------------
x = 25.000000, y = 116.000000
avance = -127.000000, avanceR = 2.000000, avanceI = 2.000000
inc_x_r = 0.000000, inc_y_r = 1.000000, inc_x_i = 1.000000, inc_y_i = 1.000000
En el else......

----------------------------------------
x = 25.000000, y = 117.000000
avance = -125.000000, avanceR = 2.000000, avanceI = 2.000000
inc_x_r = 0.000000, inc_y_r = 1.000000, inc_x_i = 1.000000, inc_y_i = 1.000000
En el else......

----------------------------------------
x = 25.000000, y = 118.000000
avance = -123.000000, avanceR = 2.000000, avanceI = 2.000000
inc_x_r = 0.000000, inc_y_r = 1.000000, inc_x_i = 1.000000, inc_y_i = 1.000000
En el else......

----------------------------------------
x = 25.000000, y = 119.000000
avance = -121.000000, avanceR = 2.000000, avanceI = 2.000000
inc_x_r = 0.000000, inc_y_r = 1.000000, inc_x_i = 1.000000, inc_y_i = 1.000000
En el else......

----------------------------------------
x = 25.000000, y = 120.000000
avance = -119.000000, avanceR = 2.000000, avanceI = 2.000000
inc_x_r = 0.000000, inc_y_r = 1.000000, inc_x_i = 1.000000, inc_y_i = 1.000000
En el else......

----------------------------------------
x = 25.000000, y = 121.000000
avance = -117.000000, avanceR = 2.000000, avanceI = 2.000000
inc_x_r = 0.000000, inc_y_r = 1.000000, inc_x_i = 1.000000, inc_y_i = 1.000000
En el else......

----------------------------------------
x = 25.000000, y = 122.000000
avance = -115.000000, avanceR = 2.000000, avanceI = 2.000000
inc_x_r = 0.000000, inc_y_r = 1.000000, inc_x_i = 1.000000, inc_y_i = 1.000000
En el else......

----------------------------------------
x = 25.000000, y = 123.000000
avance = -113.000000, avanceR = 2.000000, avanceI = 2.000000
inc_x_r = 0.000000, inc_y_r = 1.000000, inc_x_i = 1.000000, inc_y_i = 1.000000
En el else......

----------------------------------------
x = 25.000000, y = 124.000000
avance = -111.000000, avanceR = 2.000000, avanceI = 2.000000
inc_x_r = 0.000000, inc_y_r = 1.000000, inc_x_i = 1.000000, inc_y_i = 1.000000
En el else......

----------------------------------------
x = 25.000000, y = 125.000000
avance = -109.000000, avanceR = 2.000000, avanceI = 2.000000
inc_x_r = 0.000000, inc_y_r = 1.000000, inc_x_i = 1.000000, inc_y_i = 1.000000
En el else......

----------------------------------------
x = 25.000000, y = 126.000000
avance = -107.000000, avanceR = 2.000000, avanceI = 2.000000
inc_x_r = 0.000000, inc_y_r = 1.000000, inc_x_i = 1.000000, inc_y_i = 1.000000
En el else......

----------------------------------------
x = 25.000000, y = 127.000000
avance = -105.000000, avanceR = 2.000000, avanceI = 2.000000
inc_x_r = 0.000000, inc_y_r = 1.000000, inc_x_i = 1.000000, inc_y_i = 1.000000
En el else......

----------------------------------------
x = 25.000000, y = 128.000000
avance = -103.000000, avanceR = 2.000000, avanceI = 2.000000
inc_x_r = 0.000000, inc_y_r = 1.000000, inc_x_i = 1.000000, inc_y_i = 1.000000
En el else......

----------------------------------------
x = 25.000000, y = 129.000000
avance = -101.000000, avanceR = 2.000000, avanceI = 2.000000
inc_x_r = 0.000000, inc_y_r = 1.000000, inc_x_i = 1.000000, inc_y_i = 1.000000
En el else......

----------------------------------------
x = 25.000000, y = 130.000000
avance = -99.000000, avanceR = 2.000000, avanceI = 2.000000
inc_x_r = 0.000000, inc_y_r = 1.000000, inc_x_i = 1.000000, inc_y_i = 1.000000
En el else......

----------------------------------------
x = 25.000000, y = 131.000000
avance = -97.000000, avanceR = 2.000000, avanceI = 2.000000
inc_x_r = 0.000000, inc_y_r = 1.000000, inc_x_i = 1.000000, inc_y_i = 1.000000
En el else......

----------------------------------------
x = 25.000000, y = 132.000000
avance = -95.000000, avanceR = 2.000000, avanceI = 2.000000
inc_x_r = 0.000000, inc_y_r = 1.000000, inc_x_i = 1.000000, inc_y_i = 1.000000
En el else......

----------------------------------------
x = 25.000000, y = 133.000000
avance = -93.000000, avanceR = 2.000000, avanceI = 2.000000
inc_x_r = 0.000000, inc_y_r = 1.000000, inc_x_i = 1.000000, inc_y_i = 1.000000
En el else......

----------------------------------------
x = 25.000000, y = 134.000000
avance = -91.000000, avanceR = 2.000000, avanceI = 2.000000
inc_x_r = 0.000000, inc_y_r = 1.000000, inc_x_i = 1.000000, inc_y_i = 1.000000
En el else......

----------------------------------------
x = 25.000000, y = 135.000000
avance = -89.000000, avanceR = 2.000000, avanceI = 2.000000
inc_x_r = 0.000000, inc_y_r = 1.000000, inc_x_i = 1.000000, inc_y_i = 1.000000
En el else......

----------------------------------------
x = 25.000000, y = 136.000000
avance = -87.000000, avanceR = 2.000000, avanceI = 2.000000
inc_x_r = 0.000000, inc_y_r = 1.000000, inc_x_i = 1.000000, inc_y_i = 1.000000
En el else......

----------------------------------------
x = 25.000000, y = 137.000000
avance = -85.000000, avanceR = 2.000000, avanceI = 2.000000
inc_x_r = 0.000000, inc_y_r = 1.000000, inc_x_i = 1.000000, inc_y_i = 1.000000
En el else......

----------------------------------------
x = 25.000000, y = 138.000000
avance = -83.000000, avanceR = 2.000000, avanceI = 2.000000
inc_x_r = 0.000000, inc_y_r = 1.000000, inc_x_i = 1.000000, inc_y_i = 1.000000
En el else......

----------------------------------------
x = 25.000000, y = 139.000000
avance = -81.000000, avanceR = 2.000000, avanceI = 2.000000
inc_x_r = 0.000000, inc_y_r = 1.000000, inc_x_i = 1.000000, inc_y_i = 1.000000
En el else......

----------------------------------------
x = 25.000000, y = 140.000000
avance = -79.000000, avanceR = 2.000000, avanceI = 2.000000
inc_x_r = 0.000000, inc_y_r = 1.000000, inc_x_i = 1.000000, inc_y_i = 1.000000
En el else......

----------------------------------------
x = 25.000000, y = 141.000000
avance = -77.000000, avanceR = 2.000000, avanceI = 2.000000
inc_x_r = 0.000000, inc_y_r = 1.000000, inc_x_i = 1.000000, inc_y_i = 1.000000
En el else......

----------------------------------------
x = 25.000000, y = 142.000000
avance = -75.000000, avanceR = 2.000000, avanceI = 2.000000
inc_x_r = 0.000000, inc_y_r = 1.000000, inc_x_i = 1.000000, inc_y_i = 1.000000
En el else......

----------------------------------------
x = 25.000000, y = 143.000000
avance = -73.000000, avanceR = 2.000000, avanceI = 2.000000
inc_x_r = 0.000000, inc_y_r = 1.000000, inc_x_i = 1.000000, inc_y_i = 1.000000
En el else......

----------------------------------------
x = 25.000000, y = 144.000000
avance = -71.000000, avanceR = 2.000000, avanceI = 2.000000
inc_x_r = 0.000000, inc_y_r = 1.000000, inc_x_i = 1.000000, inc_y_i = 1.000000
En el else......

----------------------------------------
x = 25.000000, y = 145.000000
avance = -69.000000, avanceR = 2.000000, avanceI = 2.000000
inc_x_r = 0.000000, inc_y_r = 1.000000, inc_x_i = 1.000000, inc_y_i = 1.000000
En el else......

----------------------------------------
x = 25.000000, y = 146.000000
avance = -67.000000, avanceR = 2.000000, avanceI = 2.000000
inc_x_r = 0.000000, inc_y_r = 1.000000, inc_x_i = 1.000000, inc_y_i = 1.000000
En el else......

----------------------------------------
x = 25.000000, y = 147.000000
avance = -65.000000, avanceR = 2.000000, avanceI = 2.000000
inc_x_r = 0.000000, inc_y_r = 1.000000, inc_x_i = 1.000000, inc_y_i = 1.000000
En el else......

----------------------------------------
x = 25.000000, y = 148.000000
avance = -63.000000, avanceR = 2.000000, avanceI = 2.000000
inc_x_r = 0.000000, inc_y_r = 1.000000, inc_x_i = 1.000000, inc_y_i = 1.000000
En el else......

----------------------------------------
x = 25.000000, y = 149.000000
avance = -61.000000, avanceR = 2.000000, avanceI = 2.000000
inc_x_r = 0.000000, inc_y_r = 1.000000, inc_x_i = 1.000000, inc_y_i = 1.000000
En el else......

----------------------------------------
x = 25.000000, y = 150.000000
avance = -59.000000, avanceR = 2.000000, avanceI = 2.000000
inc_x_r = 0.000000, inc_y_r = 1.000000, inc_x_i = 1.000000, inc_y_i = 1.000000
En el else......

----------------------------------------
x = 25.000000, y = 151.000000
avance = -57.000000, avanceR = 2.000000, avanceI = 2.000000
inc_x_r = 0.000000, inc_y_r = 1.000000, inc_x_i = 1.000000, inc_y_i = 1.000000
En el else......

----------------------------------------
x = 25.000000, y = 152.000000
avance = -55.000000, avanceR = 2.000000, avanceI = 2.000000
inc_x_r = 0.000000, inc_y_r = 1.000000, inc_x_i = 1.000000, inc_y_i = 1.000000
En el else......

----------------------------------------
x = 25.000000, y = 153.000000
avance = -53.000000, avanceR = 2.000000, avanceI = 2.000000
inc_x_r = 0.000000, inc_y_r = 1.000000, inc_x_i = 1.000000, inc_y_i = 1.000000
En el else......

----------------------------------------
x = 25.000000, y = 154.000000
avance = -51.000000, avanceR = 2.000000, avanceI = 2.000000
inc_x_r = 0.000000, inc_y_r = 1.000000, inc_x_i = 1.000000, inc_y_i = 1.000000
En el else......

----------------------------------------
x = 25.000000, y = 155.000000
avance = -49.000000, avanceR = 2.000000, avanceI = 2.000000
inc_x_r = 0.000000, inc_y_r = 1.000000, inc_x_i = 1.000000, inc_y_i = 1.000000
En el else......

----------------------------------------
x = 25.000000, y = 156.000000
avance = -47.000000, avanceR = 2.000000, avanceI = 2.000000
inc_x_r = 0.000000, inc_y_r = 1.000000, inc_x_i = 1.000000, inc_y_i = 1.000000
En el else......

----------------------------------------
x = 25.000000, y = 157.000000
avance = -45.000000, avanceR = 2.000000, avanceI = 2.000000
inc_x_r = 0.000000, inc_y_r = 1.000000, inc_x_i = 1.000000, inc_y_i = 1.000000
En el else......

----------------------------------------
x = 25.000000, y = 158.000000
avance = -43.000000, avanceR = 2.000000, avanceI = 2.000000
inc_x_r = 0.000000, inc_y_r = 1.000000, inc_x_i = 1.000000, inc_y_i = 1.000000
En el else......

----------------------------------------
x = 25.000000, y = 159.000000
avance = -41.000000, avanceR = 2.000000, avanceI = 2.000000
inc_x_r = 0.000000, inc_y_r = 1.000000, inc_x_i = 1.000000, inc_y_i = 1.000000
En el else......

----------------------------------------
x = 25.000000, y = 160.000000
avance = -39.000000, avanceR = 2.000000, avanceI = 2.000000
inc_x_r = 0.000000, inc_y_r = 1.000000, inc_x_i = 1.000000, inc_y_i = 1.000000
En el else......

----------------------------------------
x = 25.000000, y = 161.000000
avance = -37.000000, avanceR = 2.000000, avanceI = 2.000000
inc_x_r = 0.000000, inc_y_r = 1.000000, inc_x_i = 1.000000, inc_y_i = 1.000000
En el else......

----------------------------------------
x = 25.000000, y = 162.000000
avance = -35.000000, avanceR = 2.000000, avanceI = 2.000000
inc_x_r = 0.000000, inc_y_r = 1.000000, inc_x_i = 1.000000, inc_y_i = 1.000000
En el else......

----------------------------------------
x = 25.000000, y = 163.000000
avance = -33.000000, avanceR = 2.000000, avanceI = 2.000000
inc_x_r = 0.000000, inc_y_r = 1.000000, inc_x_i = 1.000000, inc_y_i = 1.000000
En el else......

----------------------------------------
x = 25.000000, y = 164.000000
avance = -31.000000, avanceR = 2.000000, avanceI = 2.000000
inc_x_r = 0.000000, inc_y_r = 1.000000, inc_x_i = 1.000000, inc_y_i = 1.000000
En el else......

----------------------------------------
x = 25.000000, y = 165.000000
avance = -29.000000, avanceR = 2.000000, avanceI = 2.000000
inc_x_r = 0.000000, inc_y_r = 1.000000, inc_x_i = 1.000000, inc_y_i = 1.000000
En el else......

----------------------------------------
x = 25.000000, y = 166.000000
avance = -27.000000, avanceR = 2.000000, avanceI = 2.000000
inc_x_r = 0.000000, inc_y_r = 1.000000, inc_x_i = 1.000000, inc_y_i = 1.000000
En el else......

----------------------------------------
x = 25.000000, y = 167.000000
avance = -25.000000, avanceR = 2.000000, avanceI = 2.000000
inc_x_r = 0.000000, inc_y_r = 1.000000, inc_x_i = 1.000000, inc_y_i = 1.000000
En el else......

----------------------------------------
x = 25.000000, y = 168.000000
avance = -23.000000, avanceR = 2.000000, avanceI = 2.000000
inc_x_r = 0.000000, inc_y_r = 1.000000, inc_x_i = 1.000000, inc_y_i = 1.000000
En el else......

----------------------------------------
x = 25.000000, y = 169.000000
avance = -21.000000, avanceR = 2.000000, avanceI = 2.000000
inc_x_r = 0.000000, inc_y_r = 1.000000, inc_x_i = 1.000000, inc_y_i = 1.000000
En el else......

----------------------------------------
x = 25.000000, y = 170.000000
avance = -19.000000, avanceR = 2.000000, avanceI = 2.000000
inc_x_r = 0.000000, inc_y_r = 1.000000, inc_x_i = 1.000000, inc_y_i = 1.000000
En el else......

----------------------------------------
x = 25.000000, y = 171.000000
avance = -17.000000, avanceR = 2.000000, avanceI = 2.000000
inc_x_r = 0.000000, inc_y_r = 1.000000, inc_x_i = 1.000000, inc_y_i = 1.000000
En el else......

----------------------------------------
x = 25.000000, y = 172.000000
avance = -15.000000, avanceR = 2.000000, avanceI = 2.000000
inc_x_r = 0.000000, inc_y_r = 1.000000, inc_x_i = 1.000000, inc_y_i = 1.000000
En el else......

----------------------------------------
x = 25.000000, y = 173.000000
avance = -13.000000, avanceR = 2.000000, avanceI = 2.000000
inc_x_r = 0.000000, inc_y_r = 1.000000, inc_x_i = 1.000000, inc_y_i = 1.000000
En el else......

----------------------------------------
x = 25.000000, y = 174.000000
avance = -11.000000, avanceR = 2.000000, avanceI = 2.000000
inc_x_r = 0.000000, inc_y_r = 1.000000, inc_x_i = 1.000000, inc_y_i = 1.000000
En el else......

----------------------------------------
x = 25.000000, y = 175.000000
avance = -9.000000, avanceR = 2.000000, avanceI = 2.000000
inc_x_r = 0.000000, inc_y_r = 1.000000, inc_x_i = 1.000000, inc_y_i = 1.000000
En el else......

----------------------------------------
x = 25.000000, y = 176.000000
avance = -7.000000, avanceR = 2.000000, avanceI = 2.000000
inc_x_r = 0.000000, inc_y_r = 1.000000, inc_x_i = 1.000000, inc_y_i = 1.000000
En el else......

----------------------------------------
x = 25.000000, y = 177.000000
avance = -5.000000, avanceR = 2.000000, avanceI = 2.000000
inc_x_r = 0.000000, inc_y_r = 1.000000, inc_x_i = 1.000000, inc_y_i = 1.000000
En el else......

----------------------------------------
x = 25.000000, y = 178.000000
avance = -3.000000, avanceR = 2.000000, avanceI = 2.000000
inc_x_r = 0.000000, inc_y_r = 1.000000, inc_x_i = 1.000000, inc_y_i = 1.000000
En el else......

----------------------------------------
x = 25.000000, y = 179.000000
avance = -1.000000, avanceR = 2.000000, avanceI = 2.000000
inc_x_r = 0.000000, inc_y_r = 1.000000, inc_x_i = 1.000000, inc_y_i = 1.000000
En el else......

----------------------------------------
x = 25.000000, y = 180.000000
avance = 1.000000, avanceR = 2.000000, avanceI = 2.000000
inc_x_r = 0.000000, inc_y_r = 1.000000, inc_x_i = 1.000000, inc_y_i = 1.000000
avance >= 0

----------------------------------------
x = 26.000000, y = 181.000000
avance = -499.000000, avanceR = 2.000000, avanceI = 2.000000
inc_x_r = 0.000000, inc_y_r = 1.000000, inc_x_i = 1.000000, inc_y_i = 1.000000
En el else......

----------------------------------------
x = 26.000000, y = 182.000000
avance = -497.000000, avanceR = 2.000000, avanceI = 2.000000
inc_x_r = 0.000000, inc_y_r = 1.000000, inc_x_i = 1.000000, inc_y_i = 1.000000
En el else......

----------------------------------------
x = 26.000000, y = 183.000000
avance = -495.000000, avanceR = 2.000000, avanceI = 2.000000
inc_x_r = 0.000000, inc_y_r = 1.000000, inc_x_i = 1.000000, inc_y_i = 1.000000
En el else......

----------------------------------------
x = 26.000000, y = 184.000000
avance = -493.000000, avanceR = 2.000000, avanceI = 2.000000
inc_x_r = 0.000000, inc_y_r = 1.000000, inc_x_i = 1.000000, inc_y_i = 1.000000
En el else......

----------------------------------------
x = 26.000000, y = 185.000000
avance = -491.000000, avanceR = 2.000000, avanceI = 2.000000
inc_x_r = 0.000000, inc_y_r = 1.000000, inc_x_i = 1.000000, inc_y_i = 1.000000
En el else......

----------------------------------------
x = 26.000000, y = 186.000000
avance = -489.000000, avanceR = 2.000000, avanceI = 2.000000
inc_x_r = 0.000000, inc_y_r = 1.000000, inc_x_i = 1.000000, inc_y_i = 1.000000
En el else......

----------------------------------------
x = 26.000000, y = 187.000000
avance = -487.000000, avanceR = 2.000000, avanceI = 2.000000
inc_x_r = 0.000000, inc_y_r = 1.000000, inc_x_i = 1.000000, inc_y_i = 1.000000
En el else......

----------------------------------------
x = 26.000000, y = 188.000000
avance = -485.000000, avanceR = 2.000000, avanceI = 2.000000
inc_x_r = 0.000000, inc_y_r = 1.000000, inc_x_i = 1.000000, inc_y_i = 1.000000
En el else......

----------------------------------------
x = 26.000000, y = 189.000000
avance = -483.000000, avanceR = 2.000000, avanceI = 2.000000
inc_x_r = 0.000000, inc_y_r = 1.000000, inc_x_i = 1.000000, inc_y_i = 1.000000
En el else......

----------------------------------------
x = 26.000000, y = 190.000000
avance = -481.000000, avanceR = 2.000000, avanceI = 2.000000
inc_x_r = 0.000000, inc_y_r = 1.000000, inc_x_i = 1.000000, inc_y_i = 1.000000
En el else......

----------------------------------------
x = 26.000000, y = 191.000000
avance = -479.000000, avanceR = 2.000000, avanceI = 2.000000
inc_x_r = 0.000000, inc_y_r = 1.000000, inc_x_i = 1.000000, inc_y_i = 1.000000
En el else......

----------------------------------------
x = 26.000000, y = 192.000000
avance = -477.000000, avanceR = 2.000000, avanceI = 2.000000
inc_x_r = 0.000000, inc_y_r = 1.000000, inc_x_i = 1.000000, inc_y_i = 1.000000
En el else......

----------------------------------------
x = 26.000000, y = 193.000000
avance = -475.000000, avanceR = 2.000000, avanceI = 2.000000
inc_x_r = 0.000000, inc_y_r = 1.000000, inc_x_i = 1.000000, inc_y_i = 1.000000
En el else......

----------------------------------------
x = 26.000000, y = 194.000000
avance = -473.000000, avanceR = 2.000000, avanceI = 2.000000
inc_x_r = 0.000000, inc_y_r = 1.000000, inc_x_i = 1.000000, inc_y_i = 1.000000
En el else......

----------------------------------------
x = 26.000000, y = 195.000000
avance = -471.000000, avanceR = 2.000000, avanceI = 2.000000
inc_x_r = 0.000000, inc_y_r = 1.000000, inc_x_i = 1.000000, inc_y_i = 1.000000
En el else......

----------------------------------------
x = 26.000000, y = 196.000000
avance = -469.000000, avanceR = 2.000000, avanceI = 2.000000
inc_x_r = 0.000000, inc_y_r = 1.000000, inc_x_i = 1.000000, inc_y_i = 1.000000
En el else......

----------------------------------------
x = 26.000000, y = 197.000000
avance = -467.000000, avanceR = 2.000000, avanceI = 2.000000
inc_x_r = 0.000000, inc_y_r = 1.000000, inc_x_i = 1.000000, inc_y_i = 1.000000
En el else......

----------------------------------------
x = 26.000000, y = 198.000000
avance = -465.000000, avanceR = 2.000000, avanceI = 2.000000
inc_x_r = 0.000000, inc_y_r = 1.000000, inc_x_i = 1.000000, inc_y_i = 1.000000
En el else......

----------------------------------------
x = 26.000000, y = 199.000000
avance = -463.000000, avanceR = 2.000000, avanceI = 2.000000
inc_x_r = 0.000000, inc_y_r = 1.000000, inc_x_i = 1.000000, inc_y_i = 1.000000
En el else......

----------------------------------------
x = 26.000000, y = 200.000000
avance = -461.000000, avanceR = 2.000000, avanceI = 2.000000
inc_x_r = 0.000000, inc_y_r = 1.000000, inc_x_i = 1.000000, inc_y_i = 1.000000
En el else......

----------------------------------------
x = 26.000000, y = 201.000000
avance = -459.000000, avanceR = 2.000000, avanceI = 2.000000
inc_x_r = 0.000000, inc_y_r = 1.000000, inc_x_i = 1.000000, inc_y_i = 1.000000
En el else......

----------------------------------------
x = 26.000000, y = 202.000000
avance = -457.000000, avanceR = 2.000000, avanceI = 2.000000
inc_x_r = 0.000000, inc_y_r = 1.000000, inc_x_i = 1.000000, inc_y_i = 1.000000
En el else......

----------------------------------------
x = 26.000000, y = 203.000000
avance = -455.000000, avanceR = 2.000000, avanceI = 2.000000
inc_x_r = 0.000000, inc_y_r = 1.000000, inc_x_i = 1.000000, inc_y_i = 1.000000
En el else......

----------------------------------------
x = 26.000000, y = 204.000000
avance = -453.000000, avanceR = 2.000000, avanceI = 2.000000
inc_x_r = 0.000000, inc_y_r = 1.000000, inc_x_i = 1.000000, inc_y_i = 1.000000
En el else......

----------------------------------------
x = 26.000000, y = 205.000000
avance = -451.000000, avanceR = 2.000000, avanceI = 2.000000
inc_x_r = 0.000000, inc_y_r = 1.000000, inc_x_i = 1.000000, inc_y_i = 1.000000
En el else......

----------------------------------------
x = 26.000000, y = 206.000000
avance = -449.000000, avanceR = 2.000000, avanceI = 2.000000
inc_x_r = 0.000000, inc_y_r = 1.000000, inc_x_i = 1.000000, inc_y_i = 1.000000
En el else......

----------------------------------------
x = 26.000000, y = 207.000000
avance = -447.000000, avanceR = 2.000000, avanceI = 2.000000
inc_x_r = 0.000000, inc_y_r = 1.000000, inc_x_i = 1.000000, inc_y_i = 1.000000
En el else......

----------------------------------------
x = 26.000000, y = 208.000000
avance = -445.000000, avanceR = 2.000000, avanceI = 2.000000
inc_x_r = 0.000000, inc_y_r = 1.000000, inc_x_i = 1.000000, inc_y_i = 1.000000
En el else......

----------------------------------------
x = 26.000000, y = 209.000000
avance = -443.000000, avanceR = 2.000000, avanceI = 2.000000
inc_x_r = 0.000000, inc_y_r = 1.000000, inc_x_i = 1.000000, inc_y_i = 1.000000
En el else......

----------------------------------------
x = 26.000000, y = 210.000000
avance = -441.000000, avanceR = 2.000000, avanceI = 2.000000
inc_x_r = 0.000000, inc_y_r = 1.000000, inc_x_i = 1.000000, inc_y_i = 1.000000
En el else......

----------------------------------------
x = 26.000000, y = 211.000000
avance = -439.000000, avanceR = 2.000000, avanceI = 2.000000
inc_x_r = 0.000000, inc_y_r = 1.000000, inc_x_i = 1.000000, inc_y_i = 1.000000
En el else......

----------------------------------------
x = 26.000000, y = 212.000000
avance = -437.000000, avanceR = 2.000000, avanceI = 2.000000
inc_x_r = 0.000000, inc_y_r = 1.000000, inc_x_i = 1.000000, inc_y_i = 1.000000
En el else......

----------------------------------------
x = 26.000000, y = 213.000000
avance = -435.000000, avanceR = 2.000000, avanceI = 2.000000
inc_x_r = 0.000000, inc_y_r = 1.000000, inc_x_i = 1.000000, inc_y_i = 1.000000
En el else......

----------------------------------------
x = 26.000000, y = 214.000000
avance = -433.000000, avanceR = 2.000000, avanceI = 2.000000
inc_x_r = 0.000000, inc_y_r = 1.000000, inc_x_i = 1.000000, inc_y_i = 1.000000
En el else......

----------------------------------------
x = 26.000000, y = 215.000000
avance = -431.000000, avanceR = 2.000000, avanceI = 2.000000
inc_x_r = 0.000000, inc_y_r = 1.000000, inc_x_i = 1.000000, inc_y_i = 1.000000
En el else......

----------------------------------------
x = 26.000000, y = 216.000000
avance = -429.000000, avanceR = 2.000000, avanceI = 2.000000
inc_x_r = 0.000000, inc_y_r = 1.000000, inc_x_i = 1.000000, inc_y_i = 1.000000
En el else......

----------------------------------------
x = 26.000000, y = 217.000000
avance = -427.000000, avanceR = 2.000000, avanceI = 2.000000
inc_x_r = 0.000000, inc_y_r = 1.000000, inc_x_i = 1.000000, inc_y_i = 1.000000
En el else......

----------------------------------------
x = 26.000000, y = 218.000000
avance = -425.000000, avanceR = 2.000000, avanceI = 2.000000
inc_x_r = 0.000000, inc_y_r = 1.000000, inc_x_i = 1.000000, inc_y_i = 1.000000
En el else......

----------------------------------------
x = 26.000000, y = 219.000000
avance = -423.000000, avanceR = 2.000000, avanceI = 2.000000
inc_x_r = 0.000000, inc_y_r = 1.000000, inc_x_i = 1.000000, inc_y_i = 1.000000
En el else......

----------------------------------------
x = 26.000000, y = 220.000000
avance = -421.000000, avanceR = 2.000000, avanceI = 2.000000
inc_x_r = 0.000000, inc_y_r = 1.000000, inc_x_i = 1.000000, inc_y_i = 1.000000
En el else......

----------------------------------------
x = 26.000000, y = 221.000000
avance = -419.000000, avanceR = 2.000000, avanceI = 2.000000
inc_x_r = 0.000000, inc_y_r = 1.000000, inc_x_i = 1.000000, inc_y_i = 1.000000
En el else......

----------------------------------------
x = 26.000000, y = 222.000000
avance = -417.000000, avanceR = 2.000000, avanceI = 2.000000
inc_x_r = 0.000000, inc_y_r = 1.000000, inc_x_i = 1.000000, inc_y_i = 1.000000
En el else......

----------------------------------------
x = 26.000000, y = 223.000000
avance = -415.000000, avanceR = 2.000000, avanceI = 2.000000
inc_x_r = 0.000000, inc_y_r = 1.000000, inc_x_i = 1.000000, inc_y_i = 1.000000
En el else......

----------------------------------------
x = 26.000000, y = 224.000000
avance = -413.000000, avanceR = 2.000000, avanceI = 2.000000
inc_x_r = 0.000000, inc_y_r = 1.000000, inc_x_i = 1.000000, inc_y_i = 1.000000
En el else......

----------------------------------------
x = 26.000000, y = 225.000000
avance = -411.000000, avanceR = 2.000000, avanceI = 2.000000
inc_x_r = 0.000000, inc_y_r = 1.000000, inc_x_i = 1.000000, inc_y_i = 1.000000
En el else......

----------------------------------------
x = 26.000000, y = 226.000000
avance = -409.000000, avanceR = 2.000000, avanceI = 2.000000
inc_x_r = 0.000000, inc_y_r = 1.000000, inc_x_i = 1.000000, inc_y_i = 1.000000
En el else......

----------------------------------------
x = 26.000000, y = 227.000000
avance = -407.000000, avanceR = 2.000000, avanceI = 2.000000
inc_x_r = 0.000000, inc_y_r = 1.000000, inc_x_i = 1.000000, inc_y_i = 1.000000
En el else......

----------------------------------------
x = 26.000000, y = 228.000000
avance = -405.000000, avanceR = 2.000000, avanceI = 2.000000
inc_x_r = 0.000000, inc_y_r = 1.000000, inc_x_i = 1.000000, inc_y_i = 1.000000
En el else......

----------------------------------------
x = 26.000000, y = 229.000000
avance = -403.000000, avanceR = 2.000000, avanceI = 2.000000
inc_x_r = 0.000000, inc_y_r = 1.000000, inc_x_i = 1.000000, inc_y_i = 1.000000
En el else......

----------------------------------------
x = 26.000000, y = 230.000000
avance = -401.000000, avanceR = 2.000000, avanceI = 2.000000
inc_x_r = 0.000000, inc_y_r = 1.000000, inc_x_i = 1.000000, inc_y_i = 1.000000
En el else......

----------------------------------------
x = 26.000000, y = 231.000000
avance = -399.000000, avanceR = 2.000000, avanceI = 2.000000
inc_x_r = 0.000000, inc_y_r = 1.000000, inc_x_i = 1.000000, inc_y_i = 1.000000
En el else......

----------------------------------------
x = 26.000000, y = 232.000000
avance = -397.000000, avanceR = 2.000000, avanceI = 2.000000
inc_x_r = 0.000000, inc_y_r = 1.000000, inc_x_i = 1.000000, inc_y_i = 1.000000
En el else......

----------------------------------------
x = 26.000000, y = 233.000000
avance = -395.000000, avanceR = 2.000000, avanceI = 2.000000
inc_x_r = 0.000000, inc_y_r = 1.000000, inc_x_i = 1.000000, inc_y_i = 1.000000
En el else......

----------------------------------------
x = 26.000000, y = 234.000000
avance = -393.000000, avanceR = 2.000000, avanceI = 2.000000
inc_x_r = 0.000000, inc_y_r = 1.000000, inc_x_i = 1.000000, inc_y_i = 1.000000
En el else......

----------------------------------------
x = 26.000000, y = 235.000000
avance = -391.000000, avanceR = 2.000000, avanceI = 2.000000
inc_x_r = 0.000000, inc_y_r = 1.000000, inc_x_i = 1.000000, inc_y_i = 1.000000
En el else......

----------------------------------------
x = 26.000000, y = 236.000000
avance = -389.000000, avanceR = 2.000000, avanceI = 2.000000
inc_x_r = 0.000000, inc_y_r = 1.000000, inc_x_i = 1.000000, inc_y_i = 1.000000
En el else......

----------------------------------------
x = 26.000000, y = 237.000000
avance = -387.000000, avanceR = 2.000000, avanceI = 2.000000
inc_x_r = 0.000000, inc_y_r = 1.000000, inc_x_i = 1.000000, inc_y_i = 1.000000
En el else......

----------------------------------------
x = 26.000000, y = 238.000000
avance = -385.000000, avanceR = 2.000000, avanceI = 2.000000
inc_x_r = 0.000000, inc_y_r = 1.000000, inc_x_i = 1.000000, inc_y_i = 1.000000
En el else......

----------------------------------------
x = 26.000000, y = 239.000000
avance = -383.000000, avanceR = 2.000000, avanceI = 2.000000
inc_x_r = 0.000000, inc_y_r = 1.000000, inc_x_i = 1.000000, inc_y_i = 1.000000
En el else......

----------------------------------------
x = 26.000000, y = 240.000000
avance = -381.000000, avanceR = 2.000000, avanceI = 2.000000
inc_x_r = 0.000000, inc_y_r = 1.000000, inc_x_i = 1.000000, inc_y_i = 1.000000
En el else......

----------------------------------------
x = 26.000000, y = 241.000000
avance = -379.000000, avanceR = 2.000000, avanceI = 2.000000
inc_x_r = 0.000000, inc_y_r = 1.000000, inc_x_i = 1.000000, inc_y_i = 1.000000
En el else......

----------------------------------------
x = 26.000000, y = 242.000000
avance = -377.000000, avanceR = 2.000000, avanceI = 2.000000
inc_x_r = 0.000000, inc_y_r = 1.000000, inc_x_i = 1.000000, inc_y_i = 1.000000
En el else......

----------------------------------------
x = 26.000000, y = 243.000000
avance = -375.000000, avanceR = 2.000000, avanceI = 2.000000
inc_x_r = 0.000000, inc_y_r = 1.000000, inc_x_i = 1.000000, inc_y_i = 1.000000
En el else......

----------------------------------------
x = 26.000000, y = 244.000000
avance = -373.000000, avanceR = 2.000000, avanceI = 2.000000
inc_x_r = 0.000000, inc_y_r = 1.000000, inc_x_i = 1.000000, inc_y_i = 1.000000
En el else......

----------------------------------------
x = 26.000000, y = 245.000000
avance = -371.000000, avanceR = 2.000000, avanceI = 2.000000
inc_x_r = 0.000000, inc_y_r = 1.000000, inc_x_i = 1.000000, inc_y_i = 1.000000
En el else......

----------------------------------------
x = 26.000000, y = 246.000000
avance = -369.000000, avanceR = 2.000000, avanceI = 2.000000
inc_x_r = 0.000000, inc_y_r = 1.000000, inc_x_i = 1.000000, inc_y_i = 1.000000
En el else......

----------------------------------------
x = 26.000000, y = 247.000000
avance = -367.000000, avanceR = 2.000000, avanceI = 2.000000
inc_x_r = 0.000000, inc_y_r = 1.000000, inc_x_i = 1.000000, inc_y_i = 1.000000
En el else......

----------------------------------------
x = 26.000000, y = 248.000000
avance = -365.000000, avanceR = 2.000000, avanceI = 2.000000
inc_x_r = 0.000000, inc_y_r = 1.000000, inc_x_i = 1.000000, inc_y_i = 1.000000
En el else......

----------------------------------------
x = 26.000000, y = 249.000000
avance = -363.000000, avanceR = 2.000000, avanceI = 2.000000
inc_x_r = 0.000000, inc_y_r = 1.000000, inc_x_i = 1.000000, inc_y_i = 1.000000
En el else......

----------------------------------------
x = 26.000000, y = 250.000000
avance = -361.000000, avanceR = 2.000000, avanceI = 2.000000
inc_x_r = 0.000000, inc_y_r = 1.000000, inc_x_i = 1.000000, inc_y_i = 1.000000
En el else......

----------------------------------------
x = 26.000000, y = 251.000000
avance = -359.000000, avanceR = 2.000000, avanceI = 2.000000
inc_x_r = 0.000000, inc_y_r = 1.000000, inc_x_i = 1.000000, inc_y_i = 1.000000
En el else......

----------------------------------------
x = 26.000000, y = 252.000000
avance = -357.000000, avanceR = 2.000000, avanceI = 2.000000
inc_x_r = 0.000000, inc_y_r = 1.000000, inc_x_i = 1.000000, inc_y_i = 1.000000
En el else......

----------------------------------------
x = 26.000000, y = 253.000000
avance = -355.000000, avanceR = 2.000000, avanceI = 2.000000
inc_x_r = 0.000000, inc_y_r = 1.000000, inc_x_i = 1.000000, inc_y_i = 1.000000
En el else......

----------------------------------------
x = 26.000000, y = 254.000000
avance = -353.000000, avanceR = 2.000000, avanceI = 2.000000
inc_x_r = 0.000000, inc_y_r = 1.000000, inc_x_i = 1.000000, inc_y_i = 1.000000
En el else......

----------------------------------------
x = 26.000000, y = 255.000000
avance = -351.000000, avanceR = 2.000000, avanceI = 2.000000
inc_x_r = 0.000000, inc_y_r = 1.000000, inc_x_i = 1.000000, inc_y_i = 1.000000
En el else......

----------------------------------------
x = 26.000000, y = 256.000000
avance = -349.000000, avanceR = 2.000000, avanceI = 2.000000
inc_x_r = 0.000000, inc_y_r = 1.000000, inc_x_i = 1.000000, inc_y_i = 1.000000
En el else......

----------------------------------------
x = 26.000000, y = 257.000000
avance = -347.000000, avanceR = 2.000000, avanceI = 2.000000
inc_x_r = 0.000000, inc_y_r = 1.000000, inc_x_i = 1.000000, inc_y_i = 1.000000
En el else......

----------------------------------------
x = 26.000000, y = 258.000000
avance = -345.000000, avanceR = 2.000000, avanceI = 2.000000
inc_x_r = 0.000000, inc_y_r = 1.000000, inc_x_i = 1.000000, inc_y_i = 1.000000
En el else......

----------------------------------------
x = 26.000000, y = 259.000000
avance = -343.000000, avanceR = 2.000000, avanceI = 2.000000
inc_x_r = 0.000000, inc_y_r = 1.000000, inc_x_i = 1.000000, inc_y_i = 1.000000
En el else......

----------------------------------------
x = 26.000000, y = 260.000000
avance = -341.000000, avanceR = 2.000000, avanceI = 2.000000
inc_x_r = 0.000000, inc_y_r = 1.000000, inc_x_i = 1.000000, inc_y_i = 1.000000
En el else......

----------------------------------------
x = 26.000000, y = 261.000000
avance = -339.000000, avanceR = 2.000000, avanceI = 2.000000
inc_x_r = 0.000000, inc_y_r = 1.000000, inc_x_i = 1.000000, inc_y_i = 1.000000
En el else......

----------------------------------------
x = 26.000000, y = 262.000000
avance = -337.000000, avanceR = 2.000000, avanceI = 2.000000
inc_x_r = 0.000000, inc_y_r = 1.000000, inc_x_i = 1.000000, inc_y_i = 1.000000
En el else......

----------------------------------------
x = 26.000000, y = 263.000000
avance = -335.000000, avanceR = 2.000000, avanceI = 2.000000
inc_x_r = 0.000000, inc_y_r = 1.000000, inc_x_i = 1.000000, inc_y_i = 1.000000
En el else......

----------------------------------------
x = 26.000000, y = 264.000000
avance = -333.000000, avanceR = 2.000000, avanceI = 2.000000
inc_x_r = 0.000000, inc_y_r = 1.000000, inc_x_i = 1.000000, inc_y_i = 1.000000
En el else......

----------------------------------------
x = 26.000000, y = 265.000000
avance = -331.000000, avanceR = 2.000000, avanceI = 2.000000
inc_x_r = 0.000000, inc_y_r = 1.000000, inc_x_i = 1.000000, inc_y_i = 1.000000
En el else......

----------------------------------------
x = 26.000000, y = 266.000000
avance = -329.000000, avanceR = 2.000000, avanceI = 2.000000
inc_x_r = 0.000000, inc_y_r = 1.000000, inc_x_i = 1.000000, inc_y_i = 1.000000
En el else......

----------------------------------------
x = 26.000000, y = 267.000000
avance = -327.000000, avanceR = 2.000000, avanceI = 2.000000
inc_x_r = 0.000000, inc_y_r = 1.000000, inc_x_i = 1.000000, inc_y_i = 1.000000
En el else......

----------------------------------------
x = 26.000000, y = 268.000000
avance = -325.000000, avanceR = 2.000000, avanceI = 2.000000
inc_x_r = 0.000000, inc_y_r = 1.000000, inc_x_i = 1.000000, inc_y_i = 1.000000
En el else......

----------------------------------------
x = 26.000000, y = 269.000000
avance = -323.000000, avanceR = 2.000000, avanceI = 2.000000
inc_x_r = 0.000000, inc_y_r = 1.000000, inc_x_i = 1.000000, inc_y_i = 1.000000
En el else......

----------------------------------------
x = 26.000000, y = 270.000000
avance = -321.000000, avanceR = 2.000000, avanceI = 2.000000
inc_x_r = 0.000000, inc_y_r = 1.000000, inc_x_i = 1.000000, inc_y_i = 1.000000
En el else......

----------------------------------------
x = 26.000000, y = 271.000000
avance = -319.000000, avanceR = 2.000000, avanceI = 2.000000
inc_x_r = 0.000000, inc_y_r = 1.000000, inc_x_i = 1.000000, inc_y_i = 1.000000
En el else......

----------------------------------------
x = 26.000000, y = 272.000000
avance = -317.000000, avanceR = 2.000000, avanceI = 2.000000
inc_x_r = 0.000000, inc_y_r = 1.000000, inc_x_i = 1.000000, inc_y_i = 1.000000
En el else......

----------------------------------------
x = 26.000000, y = 273.000000
avance = -315.000000, avanceR = 2.000000, avanceI = 2.000000
inc_x_r = 0.000000, inc_y_r = 1.000000, inc_x_i = 1.000000, inc_y_i = 1.000000
En el else......

----------------------------------------
x = 26.000000, y = 274.000000
avance = -313.000000, avanceR = 2.000000, avanceI = 2.000000
inc_x_r = 0.000000, inc_y_r = 1.000000, inc_x_i = 1.000000, inc_y_i = 1.000000
En el else......

----------------------------------------
x = 26.000000, y = 275.000000
avance = -311.000000, avanceR = 2.000000, avanceI = 2.000000
inc_x_r = 0.000000, inc_y_r = 1.000000, inc_x_i = 1.000000, inc_y_i = 1.000000
En el else......

----------------------------------------
x = 26.000000, y = 276.000000
avance = -309.000000, avanceR = 2.000000, avanceI = 2.000000
inc_x_r = 0.000000, inc_y_r = 1.000000, inc_x_i = 1.000000, inc_y_i = 1.000000
En el else......

----------------------------------------
x = 26.000000, y = 277.000000
avance = -307.000000, avanceR = 2.000000, avanceI = 2.000000
inc_x_r = 0.000000, inc_y_r = 1.000000, inc_x_i = 1.000000, inc_y_i = 1.000000
En el else......

----------------------------------------
x = 26.000000, y = 278.000000
avance = -305.000000, avanceR = 2.000000, avanceI = 2.000000
inc_x_r = 0.000000, inc_y_r = 1.000000, inc_x_i = 1.000000, inc_y_i = 1.000000
En el else......

----------------------------------------
x = 26.000000, y = 279.000000
avance = -303.000000, avanceR = 2.000000, avanceI = 2.000000
inc_x_r = 0.000000, inc_y_r = 1.000000, inc_x_i = 1.000000, inc_y_i = 1.000000
En el else......

----------------------------------------
x = 26.000000, y = 280.000000
avance = -301.000000, avanceR = 2.000000, avanceI = 2.000000
inc_x_r = 0.000000, inc_y_r = 1.000000, inc_x_i = 1.000000, inc_y_i = 1.000000
En el else......

----------------------------------------
x = 26.000000, y = 281.000000
avance = -299.000000, avanceR = 2.000000, avanceI = 2.000000
inc_x_r = 0.000000, inc_y_r = 1.000000, inc_x_i = 1.000000, inc_y_i = 1.000000
En el else......

----------------------------------------
x = 26.000000, y = 282.000000
avance = -297.000000, avanceR = 2.000000, avanceI = 2.000000
inc_x_r = 0.000000, inc_y_r = 1.000000, inc_x_i = 1.000000, inc_y_i = 1.000000
En el else......

----------------------------------------
x = 26.000000, y = 283.000000
avance = -295.000000, avanceR = 2.000000, avanceI = 2.000000
inc_x_r = 0.000000, inc_y_r = 1.000000, inc_x_i = 1.000000, inc_y_i = 1.000000
En el else......

----------------------------------------
x = 26.000000, y = 284.000000
avance = -293.000000, avanceR = 2.000000, avanceI = 2.000000
inc_x_r = 0.000000, inc_y_r = 1.000000, inc_x_i = 1.000000, inc_y_i = 1.000000
En el else......

----------------------------------------
x = 26.000000, y = 285.000000
avance = -291.000000, avanceR = 2.000000, avanceI = 2.000000
inc_x_r = 0.000000, inc_y_r = 1.000000, inc_x_i = 1.000000, inc_y_i = 1.000000
En el else......

----------------------------------------
x = 26.000000, y = 286.000000
avance = -289.000000, avanceR = 2.000000, avanceI = 2.000000
inc_x_r = 0.000000, inc_y_r = 1.000000, inc_x_i = 1.000000, inc_y_i = 1.000000
En el else......

----------------------------------------
x = 26.000000, y = 287.000000
avance = -287.000000, avanceR = 2.000000, avanceI = 2.000000
inc_x_r = 0.000000, inc_y_r = 1.000000, inc_x_i = 1.000000, inc_y_i = 1.000000
En el else......

----------------------------------------
x = 26.000000, y = 288.000000
avance = -285.000000, avanceR = 2.000000, avanceI = 2.000000
inc_x_r = 0.000000, inc_y_r = 1.000000, inc_x_i = 1.000000, inc_y_i = 1.000000
En el else......

----------------------------------------
x = 26.000000, y = 289.000000
avance = -283.000000, avanceR = 2.000000, avanceI = 2.000000
inc_x_r = 0.000000, inc_y_r = 1.000000, inc_x_i = 1.000000, inc_y_i = 1.000000
En el else......

----------------------------------------
x = 26.000000, y = 290.000000
avance = -281.000000, avanceR = 2.000000, avanceI = 2.000000
inc_x_r = 0.000000, inc_y_r = 1.000000, inc_x_i = 1.000000, inc_y_i = 1.000000
En el else......

----------------------------------------
x = 26.000000, y = 291.000000
avance = -279.000000, avanceR = 2.000000, avanceI = 2.000000
inc_x_r = 0.000000, inc_y_r = 1.000000, inc_x_i = 1.000000, inc_y_i = 1.000000
En el else......

----------------------------------------
x = 26.000000, y = 292.000000
avance = -277.000000, avanceR = 2.000000, avanceI = 2.000000
inc_x_r = 0.000000, inc_y_r = 1.000000, inc_x_i = 1.000000, inc_y_i = 1.000000
En el else......

----------------------------------------
x = 26.000000, y = 293.000000
avance = -275.000000, avanceR = 2.000000, avanceI = 2.000000
inc_x_r = 0.000000, inc_y_r = 1.000000, inc_x_i = 1.000000, inc_y_i = 1.000000
En el else......

----------------------------------------
x = 26.000000, y = 294.000000
avance = -273.000000, avanceR = 2.000000, avanceI = 2.000000
inc_x_r = 0.000000, inc_y_r = 1.000000, inc_x_i = 1.000000, inc_y_i = 1.000000
En el else......

----------------------------------------
x = 26.000000, y = 295.000000
avance = -271.000000, avanceR = 2.000000, avanceI = 2.000000
inc_x_r = 0.000000, inc_y_r = 1.000000, inc_x_i = 1.000000, inc_y_i = 1.000000
En el else......

----------------------------------------
x = 26.000000, y = 296.000000
avance = -269.000000, avanceR = 2.000000, avanceI = 2.000000
inc_x_r = 0.000000, inc_y_r = 1.000000, inc_x_i = 1.000000, inc_y_i = 1.000000
En el else......

----------------------------------------
x = 26.000000, y = 297.000000
avance = -267.000000, avanceR = 2.000000, avanceI = 2.000000
inc_x_r = 0.000000, inc_y_r = 1.000000, inc_x_i = 1.000000, inc_y_i = 1.000000
En el else......

----------------------------------------
x = 26.000000, y = 298.000000
avance = -265.000000, avanceR = 2.000000, avanceI = 2.000000
inc_x_r = 0.000000, inc_y_r = 1.000000, inc_x_i = 1.000000, inc_y_i = 1.000000
En el else......

----------------------------------------
x = 26.000000, y = 299.000000
avance = -263.000000, avanceR = 2.000000, avanceI = 2.000000
inc_x_r = 0.000000, inc_y_r = 1.000000, inc_x_i = 1.000000, inc_y_i = 1.000000
En el else......

----------------------------------------
x = 26.000000, y = 300.000000
avance = -261.000000, avanceR = 2.000000, avanceI = 2.000000
inc_x_r = 0.000000, inc_y_r = 1.000000, inc_x_i = 1.000000, inc_y_i = 1.000000
En el else......

----------------------------------------
x = 26.000000, y = 301.000000
avance = -259.000000, avanceR = 2.000000, avanceI = 2.000000
inc_x_r = 0.000000, inc_y_r = 1.000000, inc_x_i = 1.000000, inc_y_i = 1.000000
En el else......

----------------------------------------
x = 26.000000, y = 302.000000
avance = -257.000000, avanceR = 2.000000, avanceI = 2.000000
inc_x_r = 0.000000, inc_y_r = 1.000000, inc_x_i = 1.000000, inc_y_i = 1.000000
En el else......

----------------------------------------
x = 26.000000, y = 303.000000
avance = -255.000000, avanceR = 2.000000, avanceI = 2.000000
inc_x_r = 0.000000, inc_y_r = 1.000000, inc_x_i = 1.000000, inc_y_i = 1.000000
En el else......

----------------------------------------
x = 26.000000, y = 304.000000
avance = -253.000000, avanceR = 2.000000, avanceI = 2.000000
inc_x_r = 0.000000, inc_y_r = 1.000000, inc_x_i = 1.000000, inc_y_i = 1.000000
En el else......

----------------------------------------
x = 26.000000, y = 305.000000
avance = -251.000000, avanceR = 2.000000, avanceI = 2.000000
inc_x_r = 0.000000, inc_y_r = 1.000000, inc_x_i = 1.000000, inc_y_i = 1.000000
En el else......

----------------------------------------


ENTRAMOS A BRESENHAMªªªª
x1 = 25.000000 - y1 = 55.000000 || x2 = 26.000000 - y2 = 306.000000
dy = 251.000000, dx = 1.000000
avances inclinados: inc_x_i = 1.000000, inc_y_i = 1.000000
updated: dy = 251.000000, dx = 1.000000
avances rectos: inc_x_r = 0.000000, inc_y_r 1.000000
reupdated: dy = 1.000000, dx = 251.000000
avanceR = 2.000000, avance -249.000000, avanceI 2.000000
----------------------------------------
x = 25.000000, y = 55.000000
avance = -249.000000, avanceR = 2.000000, avanceI = 2.000000
inc_x_r = 0.000000, inc_y_r = 1.000000, inc_x_i = 1.000000, inc_y_i = 1.000000
En el else......

----------------------------------------
x = 25.000000, y = 56.000000
avance = -247.000000, avanceR = 2.000000, avanceI = 2.000000
inc_x_r = 0.000000, inc_y_r = 1.000000, inc_x_i = 1.000000, inc_y_i = 1.000000
En el else......

----------------------------------------
x = 25.000000, y = 57.000000
avance = -245.000000, avanceR = 2.000000, avanceI = 2.000000
inc_x_r = 0.000000, inc_y_r = 1.000000, inc_x_i = 1.000000, inc_y_i = 1.000000
En el else......

----------------------------------------
x = 25.000000, y = 58.000000
avance = -243.000000, avanceR = 2.000000, avanceI = 2.000000
inc_x_r = 0.000000, inc_y_r = 1.000000, inc_x_i = 1.000000, inc_y_i = 1.000000
En el else......

----------------------------------------
x = 25.000000, y = 59.000000
avance = -241.000000, avanceR = 2.000000, avanceI = 2.000000
inc_x_r = 0.000000, inc_y_r = 1.000000, inc_x_i = 1.000000, inc_y_i = 1.000000
En el else......

----------------------------------------
x = 25.000000, y = 60.000000
avance = -239.000000, avanceR = 2.000000, avanceI = 2.000000
inc_x_r = 0.000000, inc_y_r = 1.000000, inc_x_i = 1.000000, inc_y_i = 1.000000
En el else......

----------------------------------------
x = 25.000000, y = 61.000000
avance = -237.000000, avanceR = 2.000000, avanceI = 2.000000
inc_x_r = 0.000000, inc_y_r = 1.000000, inc_x_i = 1.000000, inc_y_i = 1.000000
En el else......

----------------------------------------
x = 25.000000, y = 62.000000
avance = -235.000000, avanceR = 2.000000, avanceI = 2.000000
inc_x_r = 0.000000, inc_y_r = 1.000000, inc_x_i = 1.000000, inc_y_i = 1.000000
En el else......

----------------------------------------
x = 25.000000, y = 63.000000
avance = -233.000000, avanceR = 2.000000, avanceI = 2.000000
inc_x_r = 0.000000, inc_y_r = 1.000000, inc_x_i = 1.000000, inc_y_i = 1.000000
En el else......

----------------------------------------
x = 25.000000, y = 64.000000
avance = -231.000000, avanceR = 2.000000, avanceI = 2.000000
inc_x_r = 0.000000, inc_y_r = 1.000000, inc_x_i = 1.000000, inc_y_i = 1.000000
En el else......

----------------------------------------
x = 25.000000, y = 65.000000
avance = -229.000000, avanceR = 2.000000, avanceI = 2.000000
inc_x_r = 0.000000, inc_y_r = 1.000000, inc_x_i = 1.000000, inc_y_i = 1.000000
En el else......

----------------------------------------
x = 25.000000, y = 66.000000
avance = -227.000000, avanceR = 2.000000, avanceI = 2.000000
inc_x_r = 0.000000, inc_y_r = 1.000000, inc_x_i = 1.000000, inc_y_i = 1.000000
En el else......

----------------------------------------
x = 25.000000, y = 67.000000
avance = -225.000000, avanceR = 2.000000, avanceI = 2.000000
inc_x_r = 0.000000, inc_y_r = 1.000000, inc_x_i = 1.000000, inc_y_i = 1.000000
En el else......

----------------------------------------
x = 25.000000, y = 68.000000
avance = -223.000000, avanceR = 2.000000, avanceI = 2.000000
inc_x_r = 0.000000, inc_y_r = 1.000000, inc_x_i = 1.000000, inc_y_i = 1.000000
En el else......

----------------------------------------
x = 25.000000, y = 69.000000
avance = -221.000000, avanceR = 2.000000, avanceI = 2.000000
inc_x_r = 0.000000, inc_y_r = 1.000000, inc_x_i = 1.000000, inc_y_i = 1.000000
En el else......

----------------------------------------
x = 25.000000, y = 70.000000
avance = -219.000000, avanceR = 2.000000, avanceI = 2.000000
inc_x_r = 0.000000, inc_y_r = 1.000000, inc_x_i = 1.000000, inc_y_i = 1.000000
En el else......

----------------------------------------
x = 25.000000, y = 71.000000
avance = -217.000000, avanceR = 2.000000, avanceI = 2.000000
inc_x_r = 0.000000, inc_y_r = 1.000000, inc_x_i = 1.000000, inc_y_i = 1.000000
En el else......

----------------------------------------
x = 25.000000, y = 72.000000
avance = -215.000000, avanceR = 2.000000, avanceI = 2.000000
inc_x_r = 0.000000, inc_y_r = 1.000000, inc_x_i = 1.000000, inc_y_i = 1.000000
En el else......

----------------------------------------
x = 25.000000, y = 73.000000
avance = -213.000000, avanceR = 2.000000, avanceI = 2.000000
inc_x_r = 0.000000, inc_y_r = 1.000000, inc_x_i = 1.000000, inc_y_i = 1.000000
En el else......

----------------------------------------
x = 25.000000, y = 74.000000
avance = -211.000000, avanceR = 2.000000, avanceI = 2.000000
inc_x_r = 0.000000, inc_y_r = 1.000000, inc_x_i = 1.000000, inc_y_i = 1.000000
En el else......

----------------------------------------
x = 25.000000, y = 75.000000
avance = -209.000000, avanceR = 2.000000, avanceI = 2.000000
inc_x_r = 0.000000, inc_y_r = 1.000000, inc_x_i = 1.000000, inc_y_i = 1.000000
En el else......

----------------------------------------
x = 25.000000, y = 76.000000
avance = -207.000000, avanceR = 2.000000, avanceI = 2.000000
inc_x_r = 0.000000, inc_y_r = 1.000000, inc_x_i = 1.000000, inc_y_i = 1.000000
En el else......

----------------------------------------
x = 25.000000, y = 77.000000
avance = -205.000000, avanceR = 2.000000, avanceI = 2.000000
inc_x_r = 0.000000, inc_y_r = 1.000000, inc_x_i = 1.000000, inc_y_i = 1.000000
En el else......

----------------------------------------
x = 25.000000, y = 78.000000
avance = -203.000000, avanceR = 2.000000, avanceI = 2.000000
inc_x_r = 0.000000, inc_y_r = 1.000000, inc_x_i = 1.000000, inc_y_i = 1.000000
En el else......

----------------------------------------
x = 25.000000, y = 79.000000
avance = -201.000000, avanceR = 2.000000, avanceI = 2.000000
inc_x_r = 0.000000, inc_y_r = 1.000000, inc_x_i = 1.000000, inc_y_i = 1.000000
En el else......

----------------------------------------
x = 25.000000, y = 80.000000
avance = -199.000000, avanceR = 2.000000, avanceI = 2.000000
inc_x_r = 0.000000, inc_y_r = 1.000000, inc_x_i = 1.000000, inc_y_i = 1.000000
En el else......

----------------------------------------
x = 25.000000, y = 81.000000
avance = -197.000000, avanceR = 2.000000, avanceI = 2.000000
inc_x_r = 0.000000, inc_y_r = 1.000000, inc_x_i = 1.000000, inc_y_i = 1.000000
En el else......

----------------------------------------
x = 25.000000, y = 82.000000
avance = -195.000000, avanceR = 2.000000, avanceI = 2.000000
inc_x_r = 0.000000, inc_y_r = 1.000000, inc_x_i = 1.000000, inc_y_i = 1.000000
En el else......

----------------------------------------
x = 25.000000, y = 83.000000
avance = -193.000000, avanceR = 2.000000, avanceI = 2.000000
inc_x_r = 0.000000, inc_y_r = 1.000000, inc_x_i = 1.000000, inc_y_i = 1.000000
En el else......

----------------------------------------
x = 25.000000, y = 84.000000
avance = -191.000000, avanceR = 2.000000, avanceI = 2.000000
inc_x_r = 0.000000, inc_y_r = 1.000000, inc_x_i = 1.000000, inc_y_i = 1.000000
En el else......

----------------------------------------
x = 25.000000, y = 85.000000
avance = -189.000000, avanceR = 2.000000, avanceI = 2.000000
inc_x_r = 0.000000, inc_y_r = 1.000000, inc_x_i = 1.000000, inc_y_i = 1.000000
En el else......

----------------------------------------
x = 25.000000, y = 86.000000
avance = -187.000000, avanceR = 2.000000, avanceI = 2.000000
inc_x_r = 0.000000, inc_y_r = 1.000000, inc_x_i = 1.000000, inc_y_i = 1.000000
En el else......

----------------------------------------
x = 25.000000, y = 87.000000
avance = -185.000000, avanceR = 2.000000, avanceI = 2.000000
inc_x_r = 0.000000, inc_y_r = 1.000000, inc_x_i = 1.000000, inc_y_i = 1.000000
En el else......

----------------------------------------
x = 25.000000, y = 88.000000
avance = -183.000000, avanceR = 2.000000, avanceI = 2.000000
inc_x_r = 0.000000, inc_y_r = 1.000000, inc_x_i = 1.000000, inc_y_i = 1.000000
En el else......

----------------------------------------
x = 25.000000, y = 89.000000
avance = -181.000000, avanceR = 2.000000, avanceI = 2.000000
inc_x_r = 0.000000, inc_y_r = 1.000000, inc_x_i = 1.000000, inc_y_i = 1.000000
En el else......

----------------------------------------
x = 25.000000, y = 90.000000
avance = -179.000000, avanceR = 2.000000, avanceI = 2.000000
inc_x_r = 0.000000, inc_y_r = 1.000000, inc_x_i = 1.000000, inc_y_i = 1.000000
En el else......

----------------------------------------
x = 25.000000, y = 91.000000
avance = -177.000000, avanceR = 2.000000, avanceI = 2.000000
inc_x_r = 0.000000, inc_y_r = 1.000000, inc_x_i = 1.000000, inc_y_i = 1.000000
En el else......

----------------------------------------
x = 25.000000, y = 92.000000
avance = -175.000000, avanceR = 2.000000, avanceI = 2.000000
inc_x_r = 0.000000, inc_y_r = 1.000000, inc_x_i = 1.000000, inc_y_i = 1.000000
En el else......

----------------------------------------
x = 25.000000, y = 93.000000
avance = -173.000000, avanceR = 2.000000, avanceI = 2.000000
inc_x_r = 0.000000, inc_y_r = 1.000000, inc_x_i = 1.000000, inc_y_i = 1.000000
En el else......

----------------------------------------
x = 25.000000, y = 94.000000
avance = -171.000000, avanceR = 2.000000, avanceI = 2.000000
inc_x_r = 0.000000, inc_y_r = 1.000000, inc_x_i = 1.000000, inc_y_i = 1.000000
En el else......

----------------------------------------
x = 25.000000, y = 95.000000
avance = -169.000000, avanceR = 2.000000, avanceI = 2.000000
inc_x_r = 0.000000, inc_y_r = 1.000000, inc_x_i = 1.000000, inc_y_i = 1.000000
En el else......

----------------------------------------
x = 25.000000, y = 96.000000
avance = -167.000000, avanceR = 2.000000, avanceI = 2.000000
inc_x_r = 0.000000, inc_y_r = 1.000000, inc_x_i = 1.000000, inc_y_i = 1.000000
En el else......

----------------------------------------
x = 25.000000, y = 97.000000
avance = -165.000000, avanceR = 2.000000, avanceI = 2.000000
inc_x_r = 0.000000, inc_y_r = 1.000000, inc_x_i = 1.000000, inc_y_i = 1.000000
En el else......

----------------------------------------
x = 25.000000, y = 98.000000
avance = -163.000000, avanceR = 2.000000, avanceI = 2.000000
inc_x_r = 0.000000, inc_y_r = 1.000000, inc_x_i = 1.000000, inc_y_i = 1.000000
En el else......

----------------------------------------
x = 25.000000, y = 99.000000
avance = -161.000000, avanceR = 2.000000, avanceI = 2.000000
inc_x_r = 0.000000, inc_y_r = 1.000000, inc_x_i = 1.000000, inc_y_i = 1.000000
En el else......

----------------------------------------
x = 25.000000, y = 100.000000
avance = -159.000000, avanceR = 2.000000, avanceI = 2.000000
inc_x_r = 0.000000, inc_y_r = 1.000000, inc_x_i = 1.000000, inc_y_i = 1.000000
En el else......

----------------------------------------
x = 25.000000, y = 101.000000
avance = -157.000000, avanceR = 2.000000, avanceI = 2.000000
inc_x_r = 0.000000, inc_y_r = 1.000000, inc_x_i = 1.000000, inc_y_i = 1.000000
En el else......

----------------------------------------
x = 25.000000, y = 102.000000
avance = -155.000000, avanceR = 2.000000, avanceI = 2.000000
inc_x_r = 0.000000, inc_y_r = 1.000000, inc_x_i = 1.000000, inc_y_i = 1.000000
En el else......

----------------------------------------
x = 25.000000, y = 103.000000
avance = -153.000000, avanceR = 2.000000, avanceI = 2.000000
inc_x_r = 0.000000, inc_y_r = 1.000000, inc_x_i = 1.000000, inc_y_i = 1.000000
En el else......

----------------------------------------
x = 25.000000, y = 104.000000
avance = -151.000000, avanceR = 2.000000, avanceI = 2.000000
inc_x_r = 0.000000, inc_y_r = 1.000000, inc_x_i = 1.000000, inc_y_i = 1.000000
En el else......

----------------------------------------
x = 25.000000, y = 105.000000
avance = -149.000000, avanceR = 2.000000, avanceI = 2.000000
inc_x_r = 0.000000, inc_y_r = 1.000000, inc_x_i = 1.000000, inc_y_i = 1.000000
En el else......

----------------------------------------
x = 25.000000, y = 106.000000
avance = -147.000000, avanceR = 2.000000, avanceI = 2.000000
inc_x_r = 0.000000, inc_y_r = 1.000000, inc_x_i = 1.000000, inc_y_i = 1.000000
En el else......

----------------------------------------
x = 25.000000, y = 107.000000
avance = -145.000000, avanceR = 2.000000, avanceI = 2.000000
inc_x_r = 0.000000, inc_y_r = 1.000000, inc_x_i = 1.000000, inc_y_i = 1.000000
En el else......

----------------------------------------
x = 25.000000, y = 108.000000
avance = -143.000000, avanceR = 2.000000, avanceI = 2.000000
inc_x_r = 0.000000, inc_y_r = 1.000000, inc_x_i = 1.000000, inc_y_i = 1.000000
En el else......

----------------------------------------
x = 25.000000, y = 109.000000
avance = -141.000000, avanceR = 2.000000, avanceI = 2.000000
inc_x_r = 0.000000, inc_y_r = 1.000000, inc_x_i = 1.000000, inc_y_i = 1.000000
En el else......

----------------------------------------
x = 25.000000, y = 110.000000
avance = -139.000000, avanceR = 2.000000, avanceI = 2.000000
inc_x_r = 0.000000, inc_y_r = 1.000000, inc_x_i = 1.000000, inc_y_i = 1.000000
En el else......

----------------------------------------
x = 25.000000, y = 111.000000
avance = -137.000000, avanceR = 2.000000, avanceI = 2.000000
inc_x_r = 0.000000, inc_y_r = 1.000000, inc_x_i = 1.000000, inc_y_i = 1.000000
En el else......

----------------------------------------
x = 25.000000, y = 112.000000
avance = -135.000000, avanceR = 2.000000, avanceI = 2.000000
inc_x_r = 0.000000, inc_y_r = 1.000000, inc_x_i = 1.000000, inc_y_i = 1.000000
En el else......

----------------------------------------
x = 25.000000, y = 113.000000
avance = -133.000000, avanceR = 2.000000, avanceI = 2.000000
inc_x_r = 0.000000, inc_y_r = 1.000000, inc_x_i = 1.000000, inc_y_i = 1.000000
En el else......

----------------------------------------
x = 25.000000, y = 114.000000
avance = -131.000000, avanceR = 2.000000, avanceI = 2.000000
inc_x_r = 0.000000, inc_y_r = 1.000000, inc_x_i = 1.000000, inc_y_i = 1.000000
En el else......

----------------------------------------
x = 25.000000, y = 115.000000
avance = -129.000000, avanceR = 2.000000, avanceI = 2.000000
inc_x_r = 0.000000, inc_y_r = 1.000000, inc_x_i = 1.000000, inc_y_i = 1.000000
En el else......

----------------------------------------
x = 25.000000, y = 116.000000
avance = -127.000000, avanceR = 2.000000, avanceI = 2.000000
inc_x_r = 0.000000, inc_y_r = 1.000000, inc_x_i = 1.000000, inc_y_i = 1.000000
En el else......

----------------------------------------
x = 25.000000, y = 117.000000
avance = -125.000000, avanceR = 2.000000, avanceI = 2.000000
inc_x_r = 0.000000, inc_y_r = 1.000000, inc_x_i = 1.000000, inc_y_i = 1.000000
En el else......

----------------------------------------
x = 25.000000, y = 118.000000
avance = -123.000000, avanceR = 2.000000, avanceI = 2.000000
inc_x_r = 0.000000, inc_y_r = 1.000000, inc_x_i = 1.000000, inc_y_i = 1.000000
En el else......

----------------------------------------
x = 25.000000, y = 119.000000
avance = -121.000000, avanceR = 2.000000, avanceI = 2.000000
inc_x_r = 0.000000, inc_y_r = 1.000000, inc_x_i = 1.000000, inc_y_i = 1.000000
En el else......

----------------------------------------
x = 25.000000, y = 120.000000
avance = -119.000000, avanceR = 2.000000, avanceI = 2.000000
inc_x_r = 0.000000, inc_y_r = 1.000000, inc_x_i = 1.000000, inc_y_i = 1.000000
En el else......

----------------------------------------
x = 25.000000, y = 121.000000
avance = -117.000000, avanceR = 2.000000, avanceI = 2.000000
inc_x_r = 0.000000, inc_y_r = 1.000000, inc_x_i = 1.000000, inc_y_i = 1.000000
En el else......

----------------------------------------
x = 25.000000, y = 122.000000
avance = -115.000000, avanceR = 2.000000, avanceI = 2.000000
inc_x_r = 0.000000, inc_y_r = 1.000000, inc_x_i = 1.000000, inc_y_i = 1.000000
En el else......

----------------------------------------
x = 25.000000, y = 123.000000
avance = -113.000000, avanceR = 2.000000, avanceI = 2.000000
inc_x_r = 0.000000, inc_y_r = 1.000000, inc_x_i = 1.000000, inc_y_i = 1.000000
En el else......

----------------------------------------
x = 25.000000, y = 124.000000
avance = -111.000000, avanceR = 2.000000, avanceI = 2.000000
inc_x_r = 0.000000, inc_y_r = 1.000000, inc_x_i = 1.000000, inc_y_i = 1.000000
En el else......

----------------------------------------
x = 25.000000, y = 125.000000
avance = -109.000000, avanceR = 2.000000, avanceI = 2.000000
inc_x_r = 0.000000, inc_y_r = 1.000000, inc_x_i = 1.000000, inc_y_i = 1.000000
En el else......

----------------------------------------
x = 25.000000, y = 126.000000
avance = -107.000000, avanceR = 2.000000, avanceI = 2.000000
inc_x_r = 0.000000, inc_y_r = 1.000000, inc_x_i = 1.000000, inc_y_i = 1.000000
En el else......

----------------------------------------
x = 25.000000, y = 127.000000
avance = -105.000000, avanceR = 2.000000, avanceI = 2.000000
inc_x_r = 0.000000, inc_y_r = 1.000000, inc_x_i = 1.000000, inc_y_i = 1.000000
En el else......

----------------------------------------
x = 25.000000, y = 128.000000
avance = -103.000000, avanceR = 2.000000, avanceI = 2.000000
inc_x_r = 0.000000, inc_y_r = 1.000000, inc_x_i = 1.000000, inc_y_i = 1.000000
En el else......

----------------------------------------
x = 25.000000, y = 129.000000
avance = -101.000000, avanceR = 2.000000, avanceI = 2.000000
inc_x_r = 0.000000, inc_y_r = 1.000000, inc_x_i = 1.000000, inc_y_i = 1.000000
En el else......

----------------------------------------
x = 25.000000, y = 130.000000
avance = -99.000000, avanceR = 2.000000, avanceI = 2.000000
inc_x_r = 0.000000, inc_y_r = 1.000000, inc_x_i = 1.000000, inc_y_i = 1.000000
En el else......

----------------------------------------
x = 25.000000, y = 131.000000
avance = -97.000000, avanceR = 2.000000, avanceI = 2.000000
inc_x_r = 0.000000, inc_y_r = 1.000000, inc_x_i = 1.000000, inc_y_i = 1.000000
En el else......

----------------------------------------
x = 25.000000, y = 132.000000
avance = -95.000000, avanceR = 2.000000, avanceI = 2.000000
inc_x_r = 0.000000, inc_y_r = 1.000000, inc_x_i = 1.000000, inc_y_i = 1.000000
En el else......

----------------------------------------
x = 25.000000, y = 133.000000
avance = -93.000000, avanceR = 2.000000, avanceI = 2.000000
inc_x_r = 0.000000, inc_y_r = 1.000000, inc_x_i = 1.000000, inc_y_i = 1.000000
En el else......

----------------------------------------
x = 25.000000, y = 134.000000
avance = -91.000000, avanceR = 2.000000, avanceI = 2.000000
inc_x_r = 0.000000, inc_y_r = 1.000000, inc_x_i = 1.000000, inc_y_i = 1.000000
En el else......

----------------------------------------
x = 25.000000, y = 135.000000
avance = -89.000000, avanceR = 2.000000, avanceI = 2.000000
inc_x_r = 0.000000, inc_y_r = 1.000000, inc_x_i = 1.000000, inc_y_i = 1.000000
En el else......

----------------------------------------
x = 25.000000, y = 136.000000
avance = -87.000000, avanceR = 2.000000, avanceI = 2.000000
inc_x_r = 0.000000, inc_y_r = 1.000000, inc_x_i = 1.000000, inc_y_i = 1.000000
En el else......

----------------------------------------
x = 25.000000, y = 137.000000
avance = -85.000000, avanceR = 2.000000, avanceI = 2.000000
inc_x_r = 0.000000, inc_y_r = 1.000000, inc_x_i = 1.000000, inc_y_i = 1.000000
En el else......

----------------------------------------
x = 25.000000, y = 138.000000
avance = -83.000000, avanceR = 2.000000, avanceI = 2.000000
inc_x_r = 0.000000, inc_y_r = 1.000000, inc_x_i = 1.000000, inc_y_i = 1.000000
En el else......

----------------------------------------
x = 25.000000, y = 139.000000
avance = -81.000000, avanceR = 2.000000, avanceI = 2.000000
inc_x_r = 0.000000, inc_y_r = 1.000000, inc_x_i = 1.000000, inc_y_i = 1.000000
En el else......

----------------------------------------
x = 25.000000, y = 140.000000
avance = -79.000000, avanceR = 2.000000, avanceI = 2.000000
inc_x_r = 0.000000, inc_y_r = 1.000000, inc_x_i = 1.000000, inc_y_i = 1.000000
En el else......

----------------------------------------
x = 25.000000, y = 141.000000
avance = -77.000000, avanceR = 2.000000, avanceI = 2.000000
inc_x_r = 0.000000, inc_y_r = 1.000000, inc_x_i = 1.000000, inc_y_i = 1.000000
En el else......

----------------------------------------
x = 25.000000, y = 142.000000
avance = -75.000000, avanceR = 2.000000, avanceI = 2.000000
inc_x_r = 0.000000, inc_y_r = 1.000000, inc_x_i = 1.000000, inc_y_i = 1.000000
En el else......

----------------------------------------
x = 25.000000, y = 143.000000
avance = -73.000000, avanceR = 2.000000, avanceI = 2.000000
inc_x_r = 0.000000, inc_y_r = 1.000000, inc_x_i = 1.000000, inc_y_i = 1.000000
En el else......

----------------------------------------
x = 25.000000, y = 144.000000
avance = -71.000000, avanceR = 2.000000, avanceI = 2.000000
inc_x_r = 0.000000, inc_y_r = 1.000000, inc_x_i = 1.000000, inc_y_i = 1.000000
En el else......

----------------------------------------
x = 25.000000, y = 145.000000
avance = -69.000000, avanceR = 2.000000, avanceI = 2.000000
inc_x_r = 0.000000, inc_y_r = 1.000000, inc_x_i = 1.000000, inc_y_i = 1.000000
En el else......

----------------------------------------
x = 25.000000, y = 146.000000
avance = -67.000000, avanceR = 2.000000, avanceI = 2.000000
inc_x_r = 0.000000, inc_y_r = 1.000000, inc_x_i = 1.000000, inc_y_i = 1.000000
En el else......

----------------------------------------
x = 25.000000, y = 147.000000
avance = -65.000000, avanceR = 2.000000, avanceI = 2.000000
inc_x_r = 0.000000, inc_y_r = 1.000000, inc_x_i = 1.000000, inc_y_i = 1.000000
En el else......

----------------------------------------
x = 25.000000, y = 148.000000
avance = -63.000000, avanceR = 2.000000, avanceI = 2.000000
inc_x_r = 0.000000, inc_y_r = 1.000000, inc_x_i = 1.000000, inc_y_i = 1.000000
En el else......

----------------------------------------
x = 25.000000, y = 149.000000
avance = -61.000000, avanceR = 2.000000, avanceI = 2.000000
inc_x_r = 0.000000, inc_y_r = 1.000000, inc_x_i = 1.000000, inc_y_i = 1.000000
En el else......

----------------------------------------
x = 25.000000, y = 150.000000
avance = -59.000000, avanceR = 2.000000, avanceI = 2.000000
inc_x_r = 0.000000, inc_y_r = 1.000000, inc_x_i = 1.000000, inc_y_i = 1.000000
En el else......

----------------------------------------
x = 25.000000, y = 151.000000
avance = -57.000000, avanceR = 2.000000, avanceI = 2.000000
inc_x_r = 0.000000, inc_y_r = 1.000000, inc_x_i = 1.000000, inc_y_i = 1.000000
En el else......

----------------------------------------
x = 25.000000, y = 152.000000
avance = -55.000000, avanceR = 2.000000, avanceI = 2.000000
inc_x_r = 0.000000, inc_y_r = 1.000000, inc_x_i = 1.000000, inc_y_i = 1.000000
En el else......

----------------------------------------
x = 25.000000, y = 153.000000
avance = -53.000000, avanceR = 2.000000, avanceI = 2.000000
inc_x_r = 0.000000, inc_y_r = 1.000000, inc_x_i = 1.000000, inc_y_i = 1.000000
En el else......

----------------------------------------
x = 25.000000, y = 154.000000
avance = -51.000000, avanceR = 2.000000, avanceI = 2.000000
inc_x_r = 0.000000, inc_y_r = 1.000000, inc_x_i = 1.000000, inc_y_i = 1.000000
En el else......

----------------------------------------
x = 25.000000, y = 155.000000
avance = -49.000000, avanceR = 2.000000, avanceI = 2.000000
inc_x_r = 0.000000, inc_y_r = 1.000000, inc_x_i = 1.000000, inc_y_i = 1.000000
En el else......

----------------------------------------
x = 25.000000, y = 156.000000
avance = -47.000000, avanceR = 2.000000, avanceI = 2.000000
inc_x_r = 0.000000, inc_y_r = 1.000000, inc_x_i = 1.000000, inc_y_i = 1.000000
En el else......

----------------------------------------
x = 25.000000, y = 157.000000
avance = -45.000000, avanceR = 2.000000, avanceI = 2.000000
inc_x_r = 0.000000, inc_y_r = 1.000000, inc_x_i = 1.000000, inc_y_i = 1.000000
En el else......

----------------------------------------
x = 25.000000, y = 158.000000
avance = -43.000000, avanceR = 2.000000, avanceI = 2.000000
inc_x_r = 0.000000, inc_y_r = 1.000000, inc_x_i = 1.000000, inc_y_i = 1.000000
En el else......

----------------------------------------
x = 25.000000, y = 159.000000
avance = -41.000000, avanceR = 2.000000, avanceI = 2.000000
inc_x_r = 0.000000, inc_y_r = 1.000000, inc_x_i = 1.000000, inc_y_i = 1.000000
En el else......

----------------------------------------
x = 25.000000, y = 160.000000
avance = -39.000000, avanceR = 2.000000, avanceI = 2.000000
inc_x_r = 0.000000, inc_y_r = 1.000000, inc_x_i = 1.000000, inc_y_i = 1.000000
En el else......

----------------------------------------
x = 25.000000, y = 161.000000
avance = -37.000000, avanceR = 2.000000, avanceI = 2.000000
inc_x_r = 0.000000, inc_y_r = 1.000000, inc_x_i = 1.000000, inc_y_i = 1.000000
En el else......

----------------------------------------
x = 25.000000, y = 162.000000
avance = -35.000000, avanceR = 2.000000, avanceI = 2.000000
inc_x_r = 0.000000, inc_y_r = 1.000000, inc_x_i = 1.000000, inc_y_i = 1.000000
En el else......

----------------------------------------
x = 25.000000, y = 163.000000
avance = -33.000000, avanceR = 2.000000, avanceI = 2.000000
inc_x_r = 0.000000, inc_y_r = 1.000000, inc_x_i = 1.000000, inc_y_i = 1.000000
En el else......

----------------------------------------
x = 25.000000, y = 164.000000
avance = -31.000000, avanceR = 2.000000, avanceI = 2.000000
inc_x_r = 0.000000, inc_y_r = 1.000000, inc_x_i = 1.000000, inc_y_i = 1.000000
En el else......

----------------------------------------
x = 25.000000, y = 165.000000
avance = -29.000000, avanceR = 2.000000, avanceI = 2.000000
inc_x_r = 0.000000, inc_y_r = 1.000000, inc_x_i = 1.000000, inc_y_i = 1.000000
En el else......

----------------------------------------
x = 25.000000, y = 166.000000
avance = -27.000000, avanceR = 2.000000, avanceI = 2.000000
inc_x_r = 0.000000, inc_y_r = 1.000000, inc_x_i = 1.000000, inc_y_i = 1.000000
En el else......

----------------------------------------
x = 25.000000, y = 167.000000
avance = -25.000000, avanceR = 2.000000, avanceI = 2.000000
inc_x_r = 0.000000, inc_y_r = 1.000000, inc_x_i = 1.000000, inc_y_i = 1.000000
En el else......

----------------------------------------
x = 25.000000, y = 168.000000
avance = -23.000000, avanceR = 2.000000, avanceI = 2.000000
inc_x_r = 0.000000, inc_y_r = 1.000000, inc_x_i = 1.000000, inc_y_i = 1.000000
En el else......

----------------------------------------
x = 25.000000, y = 169.000000
avance = -21.000000, avanceR = 2.000000, avanceI = 2.000000
inc_x_r = 0.000000, inc_y_r = 1.000000, inc_x_i = 1.000000, inc_y_i = 1.000000
En el else......

----------------------------------------
x = 25.000000, y = 170.000000
avance = -19.000000, avanceR = 2.000000, avanceI = 2.000000
inc_x_r = 0.000000, inc_y_r = 1.000000, inc_x_i = 1.000000, inc_y_i = 1.000000
En el else......

----------------------------------------
x = 25.000000, y = 171.000000
avance = -17.000000, avanceR = 2.000000, avanceI = 2.000000
inc_x_r = 0.000000, inc_y_r = 1.000000, inc_x_i = 1.000000, inc_y_i = 1.000000
En el else......

----------------------------------------
x = 25.000000, y = 172.000000
avance = -15.000000, avanceR = 2.000000, avanceI = 2.000000
inc_x_r = 0.000000, inc_y_r = 1.000000, inc_x_i = 1.000000, inc_y_i = 1.000000
En el else......

----------------------------------------
x = 25.000000, y = 173.000000
avance = -13.000000, avanceR = 2.000000, avanceI = 2.000000
inc_x_r = 0.000000, inc_y_r = 1.000000, inc_x_i = 1.000000, inc_y_i = 1.000000
En el else......

----------------------------------------
x = 25.000000, y = 174.000000
avance = -11.000000, avanceR = 2.000000, avanceI = 2.000000
inc_x_r = 0.000000, inc_y_r = 1.000000, inc_x_i = 1.000000, inc_y_i = 1.000000
En el else......

----------------------------------------
x = 25.000000, y = 175.000000
avance = -9.000000, avanceR = 2.000000, avanceI = 2.000000
inc_x_r = 0.000000, inc_y_r = 1.000000, inc_x_i = 1.000000, inc_y_i = 1.000000
En el else......

----------------------------------------
x = 25.000000, y = 176.000000
avance = -7.000000, avanceR = 2.000000, avanceI = 2.000000
inc_x_r = 0.000000, inc_y_r = 1.000000, inc_x_i = 1.000000, inc_y_i = 1.000000
En el else......

----------------------------------------
x = 25.000000, y = 177.000000
avance = -5.000000, avanceR = 2.000000, avanceI = 2.000000
inc_x_r = 0.000000, inc_y_r = 1.000000, inc_x_i = 1.000000, inc_y_i = 1.000000
En el else......

----------------------------------------
x = 25.000000, y = 178.000000
avance = -3.000000, avanceR = 2.000000, avanceI = 2.000000
inc_x_r = 0.000000, inc_y_r = 1.000000, inc_x_i = 1.000000, inc_y_i = 1.000000
En el else......

----------------------------------------
x = 25.000000, y = 179.000000
avance = -1.000000, avanceR = 2.000000, avanceI = 2.000000
inc_x_r = 0.000000, inc_y_r = 1.000000, inc_x_i = 1.000000, inc_y_i = 1.000000
En el else......

----------------------------------------
x = 25.000000, y = 180.000000
avance = 1.000000, avanceR = 2.000000, avanceI = 2.000000
inc_x_r = 0.000000, inc_y_r = 1.000000, inc_x_i = 1.000000, inc_y_i = 1.000000
avance >= 0

----------------------------------------
x = 26.000000, y = 181.000000
avance = -499.000000, avanceR = 2.000000, avanceI = 2.000000
inc_x_r = 0.000000, inc_y_r = 1.000000, inc_x_i = 1.000000, inc_y_i = 1.000000
En el else......

----------------------------------------
x = 26.000000, y = 182.000000
avance = -497.000000, avanceR = 2.000000, avanceI = 2.000000
inc_x_r = 0.000000, inc_y_r = 1.000000, inc_x_i = 1.000000, inc_y_i = 1.000000
En el else......

----------------------------------------
x = 26.000000, y = 183.000000
avance = -495.000000, avanceR = 2.000000, avanceI = 2.000000
inc_x_r = 0.000000, inc_y_r = 1.000000, inc_x_i = 1.000000, inc_y_i = 1.000000
En el else......

----------------------------------------
x = 26.000000, y = 184.000000
avance = -493.000000, avanceR = 2.000000, avanceI = 2.000000
inc_x_r = 0.000000, inc_y_r = 1.000000, inc_x_i = 1.000000, inc_y_i = 1.000000
En el else......

----------------------------------------
x = 26.000000, y = 185.000000
avance = -491.000000, avanceR = 2.000000, avanceI = 2.000000
inc_x_r = 0.000000, inc_y_r = 1.000000, inc_x_i = 1.000000, inc_y_i = 1.000000
En el else......

----------------------------------------
x = 26.000000, y = 186.000000
avance = -489.000000, avanceR = 2.000000, avanceI = 2.000000
inc_x_r = 0.000000, inc_y_r = 1.000000, inc_x_i = 1.000000, inc_y_i = 1.000000
En el else......

----------------------------------------
x = 26.000000, y = 187.000000
avance = -487.000000, avanceR = 2.000000, avanceI = 2.000000
inc_x_r = 0.000000, inc_y_r = 1.000000, inc_x_i = 1.000000, inc_y_i = 1.000000
En el else......

----------------------------------------
x = 26.000000, y = 188.000000
avance = -485.000000, avanceR = 2.000000, avanceI = 2.000000
inc_x_r = 0.000000, inc_y_r = 1.000000, inc_x_i = 1.000000, inc_y_i = 1.000000
En el else......

----------------------------------------
x = 26.000000, y = 189.000000
avance = -483.000000, avanceR = 2.000000, avanceI = 2.000000
inc_x_r = 0.000000, inc_y_r = 1.000000, inc_x_i = 1.000000, inc_y_i = 1.000000
En el else......

----------------------------------------
x = 26.000000, y = 190.000000
avance = -481.000000, avanceR = 2.000000, avanceI = 2.000000
inc_x_r = 0.000000, inc_y_r = 1.000000, inc_x_i = 1.000000, inc_y_i = 1.000000
En el else......

----------------------------------------
x = 26.000000, y = 191.000000
avance = -479.000000, avanceR = 2.000000, avanceI = 2.000000
inc_x_r = 0.000000, inc_y_r = 1.000000, inc_x_i = 1.000000, inc_y_i = 1.000000
En el else......

----------------------------------------
x = 26.000000, y = 192.000000
avance = -477.000000, avanceR = 2.000000, avanceI = 2.000000
inc_x_r = 0.000000, inc_y_r = 1.000000, inc_x_i = 1.000000, inc_y_i = 1.000000
En el else......

----------------------------------------
x = 26.000000, y = 193.000000
avance = -475.000000, avanceR = 2.000000, avanceI = 2.000000
inc_x_r = 0.000000, inc_y_r = 1.000000, inc_x_i = 1.000000, inc_y_i = 1.000000
En el else......

----------------------------------------
x = 26.000000, y = 194.000000
avance = -473.000000, avanceR = 2.000000, avanceI = 2.000000
inc_x_r = 0.000000, inc_y_r = 1.000000, inc_x_i = 1.000000, inc_y_i = 1.000000
En el else......

----------------------------------------
x = 26.000000, y = 195.000000
avance = -471.000000, avanceR = 2.000000, avanceI = 2.000000
inc_x_r = 0.000000, inc_y_r = 1.000000, inc_x_i = 1.000000, inc_y_i = 1.000000
En el else......

----------------------------------------
x = 26.000000, y = 196.000000
avance = -469.000000, avanceR = 2.000000, avanceI = 2.000000
inc_x_r = 0.000000, inc_y_r = 1.000000, inc_x_i = 1.000000, inc_y_i = 1.000000
En el else......

----------------------------------------
x = 26.000000, y = 197.000000
avance = -467.000000, avanceR = 2.000000, avanceI = 2.000000
inc_x_r = 0.000000, inc_y_r = 1.000000, inc_x_i = 1.000000, inc_y_i = 1.000000
En el else......

----------------------------------------
x = 26.000000, y = 198.000000
avance = -465.000000, avanceR = 2.000000, avanceI = 2.000000
inc_x_r = 0.000000, inc_y_r = 1.000000, inc_x_i = 1.000000, inc_y_i = 1.000000
En el else......

----------------------------------------
x = 26.000000, y = 199.000000
avance = -463.000000, avanceR = 2.000000, avanceI = 2.000000
inc_x_r = 0.000000, inc_y_r = 1.000000, inc_x_i = 1.000000, inc_y_i = 1.000000
En el else......

----------------------------------------
x = 26.000000, y = 200.000000
avance = -461.000000, avanceR = 2.000000, avanceI = 2.000000
inc_x_r = 0.000000, inc_y_r = 1.000000, inc_x_i = 1.000000, inc_y_i = 1.000000
En el else......

----------------------------------------
x = 26.000000, y = 201.000000
avance = -459.000000, avanceR = 2.000000, avanceI = 2.000000
inc_x_r = 0.000000, inc_y_r = 1.000000, inc_x_i = 1.000000, inc_y_i = 1.000000
En el else......

----------------------------------------
x = 26.000000, y = 202.000000
avance = -457.000000, avanceR = 2.000000, avanceI = 2.000000
inc_x_r = 0.000000, inc_y_r = 1.000000, inc_x_i = 1.000000, inc_y_i = 1.000000
En el else......

----------------------------------------
x = 26.000000, y = 203.000000
avance = -455.000000, avanceR = 2.000000, avanceI = 2.000000
inc_x_r = 0.000000, inc_y_r = 1.000000, inc_x_i = 1.000000, inc_y_i = 1.000000
En el else......

----------------------------------------
x = 26.000000, y = 204.000000
avance = -453.000000, avanceR = 2.000000, avanceI = 2.000000
inc_x_r = 0.000000, inc_y_r = 1.000000, inc_x_i = 1.000000, inc_y_i = 1.000000
En el else......

----------------------------------------
x = 26.000000, y = 205.000000
avance = -451.000000, avanceR = 2.000000, avanceI = 2.000000
inc_x_r = 0.000000, inc_y_r = 1.000000, inc_x_i = 1.000000, inc_y_i = 1.000000
En el else......

----------------------------------------
x = 26.000000, y = 206.000000
avance = -449.000000, avanceR = 2.000000, avanceI = 2.000000
inc_x_r = 0.000000, inc_y_r = 1.000000, inc_x_i = 1.000000, inc_y_i = 1.000000
En el else......

----------------------------------------
x = 26.000000, y = 207.000000
avance = -447.000000, avanceR = 2.000000, avanceI = 2.000000
inc_x_r = 0.000000, inc_y_r = 1.000000, inc_x_i = 1.000000, inc_y_i = 1.000000
En el else......

----------------------------------------
x = 26.000000, y = 208.000000
avance = -445.000000, avanceR = 2.000000, avanceI = 2.000000
inc_x_r = 0.000000, inc_y_r = 1.000000, inc_x_i = 1.000000, inc_y_i = 1.000000
En el else......

----------------------------------------
x = 26.000000, y = 209.000000
avance = -443.000000, avanceR = 2.000000, avanceI = 2.000000
inc_x_r = 0.000000, inc_y_r = 1.000000, inc_x_i = 1.000000, inc_y_i = 1.000000
En el else......

----------------------------------------
x = 26.000000, y = 210.000000
avance = -441.000000, avanceR = 2.000000, avanceI = 2.000000
inc_x_r = 0.000000, inc_y_r = 1.000000, inc_x_i = 1.000000, inc_y_i = 1.000000
En el else......

----------------------------------------
x = 26.000000, y = 211.000000
avance = -439.000000, avanceR = 2.000000, avanceI = 2.000000
inc_x_r = 0.000000, inc_y_r = 1.000000, inc_x_i = 1.000000, inc_y_i = 1.000000
En el else......

----------------------------------------
x = 26.000000, y = 212.000000
avance = -437.000000, avanceR = 2.000000, avanceI = 2.000000
inc_x_r = 0.000000, inc_y_r = 1.000000, inc_x_i = 1.000000, inc_y_i = 1.000000
En el else......

----------------------------------------
x = 26.000000, y = 213.000000
avance = -435.000000, avanceR = 2.000000, avanceI = 2.000000
inc_x_r = 0.000000, inc_y_r = 1.000000, inc_x_i = 1.000000, inc_y_i = 1.000000
En el else......

----------------------------------------
x = 26.000000, y = 214.000000
avance = -433.000000, avanceR = 2.000000, avanceI = 2.000000
inc_x_r = 0.000000, inc_y_r = 1.000000, inc_x_i = 1.000000, inc_y_i = 1.000000
En el else......

----------------------------------------
x = 26.000000, y = 215.000000
avance = -431.000000, avanceR = 2.000000, avanceI = 2.000000
inc_x_r = 0.000000, inc_y_r = 1.000000, inc_x_i = 1.000000, inc_y_i = 1.000000
En el else......

----------------------------------------
x = 26.000000, y = 216.000000
avance = -429.000000, avanceR = 2.000000, avanceI = 2.000000
inc_x_r = 0.000000, inc_y_r = 1.000000, inc_x_i = 1.000000, inc_y_i = 1.000000
En el else......

----------------------------------------
x = 26.000000, y = 217.000000
avance = -427.000000, avanceR = 2.000000, avanceI = 2.000000
inc_x_r = 0.000000, inc_y_r = 1.000000, inc_x_i = 1.000000, inc_y_i = 1.000000
En el else......

----------------------------------------
x = 26.000000, y = 218.000000
avance = -425.000000, avanceR = 2.000000, avanceI = 2.000000
inc_x_r = 0.000000, inc_y_r = 1.000000, inc_x_i = 1.000000, inc_y_i = 1.000000
En el else......

----------------------------------------
x = 26.000000, y = 219.000000
avance = -423.000000, avanceR = 2.000000, avanceI = 2.000000
inc_x_r = 0.000000, inc_y_r = 1.000000, inc_x_i = 1.000000, inc_y_i = 1.000000
En el else......

----------------------------------------
x = 26.000000, y = 220.000000
avance = -421.000000, avanceR = 2.000000, avanceI = 2.000000
inc_x_r = 0.000000, inc_y_r = 1.000000, inc_x_i = 1.000000, inc_y_i = 1.000000
En el else......

----------------------------------------
x = 26.000000, y = 221.000000
avance = -419.000000, avanceR = 2.000000, avanceI = 2.000000
inc_x_r = 0.000000, inc_y_r = 1.000000, inc_x_i = 1.000000, inc_y_i = 1.000000
En el else......

----------------------------------------
x = 26.000000, y = 222.000000
avance = -417.000000, avanceR = 2.000000, avanceI = 2.000000
inc_x_r = 0.000000, inc_y_r = 1.000000, inc_x_i = 1.000000, inc_y_i = 1.000000
En el else......

----------------------------------------
x = 26.000000, y = 223.000000
avance = -415.000000, avanceR = 2.000000, avanceI = 2.000000
inc_x_r = 0.000000, inc_y_r = 1.000000, inc_x_i = 1.000000, inc_y_i = 1.000000
En el else......

----------------------------------------
x = 26.000000, y = 224.000000
avance = -413.000000, avanceR = 2.000000, avanceI = 2.000000
inc_x_r = 0.000000, inc_y_r = 1.000000, inc_x_i = 1.000000, inc_y_i = 1.000000
En el else......

----------------------------------------
x = 26.000000, y = 225.000000
avance = -411.000000, avanceR = 2.000000, avanceI = 2.000000
inc_x_r = 0.000000, inc_y_r = 1.000000, inc_x_i = 1.000000, inc_y_i = 1.000000
En el else......

----------------------------------------
x = 26.000000, y = 226.000000
avance = -409.000000, avanceR = 2.000000, avanceI = 2.000000
inc_x_r = 0.000000, inc_y_r = 1.000000, inc_x_i = 1.000000, inc_y_i = 1.000000
En el else......

----------------------------------------
x = 26.000000, y = 227.000000
avance = -407.000000, avanceR = 2.000000, avanceI = 2.000000
inc_x_r = 0.000000, inc_y_r = 1.000000, inc_x_i = 1.000000, inc_y_i = 1.000000
En el else......

----------------------------------------
x = 26.000000, y = 228.000000
avance = -405.000000, avanceR = 2.000000, avanceI = 2.000000
inc_x_r = 0.000000, inc_y_r = 1.000000, inc_x_i = 1.000000, inc_y_i = 1.000000
En el else......

----------------------------------------
x = 26.000000, y = 229.000000
avance = -403.000000, avanceR = 2.000000, avanceI = 2.000000
inc_x_r = 0.000000, inc_y_r = 1.000000, inc_x_i = 1.000000, inc_y_i = 1.000000
En el else......

----------------------------------------
x = 26.000000, y = 230.000000
avance = -401.000000, avanceR = 2.000000, avanceI = 2.000000
inc_x_r = 0.000000, inc_y_r = 1.000000, inc_x_i = 1.000000, inc_y_i = 1.000000
En el else......

----------------------------------------
x = 26.000000, y = 231.000000
avance = -399.000000, avanceR = 2.000000, avanceI = 2.000000
inc_x_r = 0.000000, inc_y_r = 1.000000, inc_x_i = 1.000000, inc_y_i = 1.000000
En el else......

----------------------------------------
x = 26.000000, y = 232.000000
avance = -397.000000, avanceR = 2.000000, avanceI = 2.000000
inc_x_r = 0.000000, inc_y_r = 1.000000, inc_x_i = 1.000000, inc_y_i = 1.000000
En el else......

----------------------------------------
x = 26.000000, y = 233.000000
avance = -395.000000, avanceR = 2.000000, avanceI = 2.000000
inc_x_r = 0.000000, inc_y_r = 1.000000, inc_x_i = 1.000000, inc_y_i = 1.000000
En el else......

----------------------------------------
x = 26.000000, y = 234.000000
avance = -393.000000, avanceR = 2.000000, avanceI = 2.000000
inc_x_r = 0.000000, inc_y_r = 1.000000, inc_x_i = 1.000000, inc_y_i = 1.000000
En el else......

----------------------------------------
x = 26.000000, y = 235.000000
avance = -391.000000, avanceR = 2.000000, avanceI = 2.000000
inc_x_r = 0.000000, inc_y_r = 1.000000, inc_x_i = 1.000000, inc_y_i = 1.000000
En el else......

----------------------------------------
x = 26.000000, y = 236.000000
avance = -389.000000, avanceR = 2.000000, avanceI = 2.000000
inc_x_r = 0.000000, inc_y_r = 1.000000, inc_x_i = 1.000000, inc_y_i = 1.000000
En el else......

----------------------------------------
x = 26.000000, y = 237.000000
avance = -387.000000, avanceR = 2.000000, avanceI = 2.000000
inc_x_r = 0.000000, inc_y_r = 1.000000, inc_x_i = 1.000000, inc_y_i = 1.000000
En el else......

----------------------------------------
x = 26.000000, y = 238.000000
avance = -385.000000, avanceR = 2.000000, avanceI = 2.000000
inc_x_r = 0.000000, inc_y_r = 1.000000, inc_x_i = 1.000000, inc_y_i = 1.000000
En el else......

----------------------------------------
x = 26.000000, y = 239.000000
avance = -383.000000, avanceR = 2.000000, avanceI = 2.000000
inc_x_r = 0.000000, inc_y_r = 1.000000, inc_x_i = 1.000000, inc_y_i = 1.000000
En el else......

----------------------------------------
x = 26.000000, y = 240.000000
avance = -381.000000, avanceR = 2.000000, avanceI = 2.000000
inc_x_r = 0.000000, inc_y_r = 1.000000, inc_x_i = 1.000000, inc_y_i = 1.000000
En el else......

----------------------------------------
x = 26.000000, y = 241.000000
avance = -379.000000, avanceR = 2.000000, avanceI = 2.000000
inc_x_r = 0.000000, inc_y_r = 1.000000, inc_x_i = 1.000000, inc_y_i = 1.000000
En el else......

----------------------------------------
x = 26.000000, y = 242.000000
avance = -377.000000, avanceR = 2.000000, avanceI = 2.000000
inc_x_r = 0.000000, inc_y_r = 1.000000, inc_x_i = 1.000000, inc_y_i = 1.000000
En el else......

----------------------------------------
x = 26.000000, y = 243.000000
avance = -375.000000, avanceR = 2.000000, avanceI = 2.000000
inc_x_r = 0.000000, inc_y_r = 1.000000, inc_x_i = 1.000000, inc_y_i = 1.000000
En el else......

----------------------------------------
x = 26.000000, y = 244.000000
avance = -373.000000, avanceR = 2.000000, avanceI = 2.000000
inc_x_r = 0.000000, inc_y_r = 1.000000, inc_x_i = 1.000000, inc_y_i = 1.000000
En el else......

----------------------------------------
x = 26.000000, y = 245.000000
avance = -371.000000, avanceR = 2.000000, avanceI = 2.000000
inc_x_r = 0.000000, inc_y_r = 1.000000, inc_x_i = 1.000000, inc_y_i = 1.000000
En el else......

----------------------------------------
x = 26.000000, y = 246.000000
avance = -369.000000, avanceR = 2.000000, avanceI = 2.000000
inc_x_r = 0.000000, inc_y_r = 1.000000, inc_x_i = 1.000000, inc_y_i = 1.000000
En el else......

----------------------------------------
x = 26.000000, y = 247.000000
avance = -367.000000, avanceR = 2.000000, avanceI = 2.000000
inc_x_r = 0.000000, inc_y_r = 1.000000, inc_x_i = 1.000000, inc_y_i = 1.000000
En el else......

----------------------------------------
x = 26.000000, y = 248.000000
avance = -365.000000, avanceR = 2.000000, avanceI = 2.000000
inc_x_r = 0.000000, inc_y_r = 1.000000, inc_x_i = 1.000000, inc_y_i = 1.000000
En el else......

----------------------------------------
x = 26.000000, y = 249.000000
avance = -363.000000, avanceR = 2.000000, avanceI = 2.000000
inc_x_r = 0.000000, inc_y_r = 1.000000, inc_x_i = 1.000000, inc_y_i = 1.000000
En el else......

----------------------------------------
x = 26.000000, y = 250.000000
avance = -361.000000, avanceR = 2.000000, avanceI = 2.000000
inc_x_r = 0.000000, inc_y_r = 1.000000, inc_x_i = 1.000000, inc_y_i = 1.000000
En el else......

----------------------------------------
x = 26.000000, y = 251.000000
avance = -359.000000, avanceR = 2.000000, avanceI = 2.000000
inc_x_r = 0.000000, inc_y_r = 1.000000, inc_x_i = 1.000000, inc_y_i = 1.000000
En el else......

----------------------------------------
x = 26.000000, y = 252.000000
avance = -357.000000, avanceR = 2.000000, avanceI = 2.000000
inc_x_r = 0.000000, inc_y_r = 1.000000, inc_x_i = 1.000000, inc_y_i = 1.000000
En el else......

----------------------------------------
x = 26.000000, y = 253.000000
avance = -355.000000, avanceR = 2.000000, avanceI = 2.000000
inc_x_r = 0.000000, inc_y_r = 1.000000, inc_x_i = 1.000000, inc_y_i = 1.000000
En el else......

----------------------------------------
x = 26.000000, y = 254.000000
avance = -353.000000, avanceR = 2.000000, avanceI = 2.000000
inc_x_r = 0.000000, inc_y_r = 1.000000, inc_x_i = 1.000000, inc_y_i = 1.000000
En el else......

----------------------------------------
x = 26.000000, y = 255.000000
avance = -351.000000, avanceR = 2.000000, avanceI = 2.000000
inc_x_r = 0.000000, inc_y_r = 1.000000, inc_x_i = 1.000000, inc_y_i = 1.000000
En el else......

----------------------------------------
x = 26.000000, y = 256.000000
avance = -349.000000, avanceR = 2.000000, avanceI = 2.000000
inc_x_r = 0.000000, inc_y_r = 1.000000, inc_x_i = 1.000000, inc_y_i = 1.000000
En el else......

----------------------------------------
x = 26.000000, y = 257.000000
avance = -347.000000, avanceR = 2.000000, avanceI = 2.000000
inc_x_r = 0.000000, inc_y_r = 1.000000, inc_x_i = 1.000000, inc_y_i = 1.000000
En el else......

----------------------------------------
x = 26.000000, y = 258.000000
avance = -345.000000, avanceR = 2.000000, avanceI = 2.000000
inc_x_r = 0.000000, inc_y_r = 1.000000, inc_x_i = 1.000000, inc_y_i = 1.000000
En el else......

----------------------------------------
x = 26.000000, y = 259.000000
avance = -343.000000, avanceR = 2.000000, avanceI = 2.000000
inc_x_r = 0.000000, inc_y_r = 1.000000, inc_x_i = 1.000000, inc_y_i = 1.000000
En el else......

----------------------------------------
x = 26.000000, y = 260.000000
avance = -341.000000, avanceR = 2.000000, avanceI = 2.000000
inc_x_r = 0.000000, inc_y_r = 1.000000, inc_x_i = 1.000000, inc_y_i = 1.000000
En el else......

----------------------------------------
x = 26.000000, y = 261.000000
avance = -339.000000, avanceR = 2.000000, avanceI = 2.000000
inc_x_r = 0.000000, inc_y_r = 1.000000, inc_x_i = 1.000000, inc_y_i = 1.000000
En el else......

----------------------------------------
x = 26.000000, y = 262.000000
avance = -337.000000, avanceR = 2.000000, avanceI = 2.000000
inc_x_r = 0.000000, inc_y_r = 1.000000, inc_x_i = 1.000000, inc_y_i = 1.000000
En el else......

----------------------------------------
x = 26.000000, y = 263.000000
avance = -335.000000, avanceR = 2.000000, avanceI = 2.000000
inc_x_r = 0.000000, inc_y_r = 1.000000, inc_x_i = 1.000000, inc_y_i = 1.000000
En el else......

----------------------------------------
x = 26.000000, y = 264.000000
avance = -333.000000, avanceR = 2.000000, avanceI = 2.000000
inc_x_r = 0.000000, inc_y_r = 1.000000, inc_x_i = 1.000000, inc_y_i = 1.000000
En el else......

----------------------------------------
x = 26.000000, y = 265.000000
avance = -331.000000, avanceR = 2.000000, avanceI = 2.000000
inc_x_r = 0.000000, inc_y_r = 1.000000, inc_x_i = 1.000000, inc_y_i = 1.000000
En el else......

----------------------------------------
x = 26.000000, y = 266.000000
avance = -329.000000, avanceR = 2.000000, avanceI = 2.000000
inc_x_r = 0.000000, inc_y_r = 1.000000, inc_x_i = 1.000000, inc_y_i = 1.000000
En el else......

----------------------------------------
x = 26.000000, y = 267.000000
avance = -327.000000, avanceR = 2.000000, avanceI = 2.000000
inc_x_r = 0.000000, inc_y_r = 1.000000, inc_x_i = 1.000000, inc_y_i = 1.000000
En el else......

----------------------------------------
x = 26.000000, y = 268.000000
avance = -325.000000, avanceR = 2.000000, avanceI = 2.000000
inc_x_r = 0.000000, inc_y_r = 1.000000, inc_x_i = 1.000000, inc_y_i = 1.000000
En el else......

----------------------------------------
x = 26.000000, y = 269.000000
avance = -323.000000, avanceR = 2.000000, avanceI = 2.000000
inc_x_r = 0.000000, inc_y_r = 1.000000, inc_x_i = 1.000000, inc_y_i = 1.000000
En el else......

----------------------------------------
x = 26.000000, y = 270.000000
avance = -321.000000, avanceR = 2.000000, avanceI = 2.000000
inc_x_r = 0.000000, inc_y_r = 1.000000, inc_x_i = 1.000000, inc_y_i = 1.000000
En el else......

----------------------------------------
x = 26.000000, y = 271.000000
avance = -319.000000, avanceR = 2.000000, avanceI = 2.000000
inc_x_r = 0.000000, inc_y_r = 1.000000, inc_x_i = 1.000000, inc_y_i = 1.000000
En el else......

----------------------------------------
x = 26.000000, y = 272.000000
avance = -317.000000, avanceR = 2.000000, avanceI = 2.000000
inc_x_r = 0.000000, inc_y_r = 1.000000, inc_x_i = 1.000000, inc_y_i = 1.000000
En el else......

----------------------------------------
x = 26.000000, y = 273.000000
avance = -315.000000, avanceR = 2.000000, avanceI = 2.000000
inc_x_r = 0.000000, inc_y_r = 1.000000, inc_x_i = 1.000000, inc_y_i = 1.000000
En el else......

----------------------------------------
x = 26.000000, y = 274.000000
avance = -313.000000, avanceR = 2.000000, avanceI = 2.000000
inc_x_r = 0.000000, inc_y_r = 1.000000, inc_x_i = 1.000000, inc_y_i = 1.000000
En el else......

----------------------------------------
x = 26.000000, y = 275.000000
avance = -311.000000, avanceR = 2.000000, avanceI = 2.000000
inc_x_r = 0.000000, inc_y_r = 1.000000, inc_x_i = 1.000000, inc_y_i = 1.000000
En el else......

----------------------------------------
x = 26.000000, y = 276.000000
avance = -309.000000, avanceR = 2.000000, avanceI = 2.000000
inc_x_r = 0.000000, inc_y_r = 1.000000, inc_x_i = 1.000000, inc_y_i = 1.000000
En el else......

----------------------------------------
x = 26.000000, y = 277.000000
avance = -307.000000, avanceR = 2.000000, avanceI = 2.000000
inc_x_r = 0.000000, inc_y_r = 1.000000, inc_x_i = 1.000000, inc_y_i = 1.000000
En el else......

----------------------------------------
x = 26.000000, y = 278.000000
avance = -305.000000, avanceR = 2.000000, avanceI = 2.000000
inc_x_r = 0.000000, inc_y_r = 1.000000, inc_x_i = 1.000000, inc_y_i = 1.000000
En el else......

----------------------------------------
x = 26.000000, y = 279.000000
avance = -303.000000, avanceR = 2.000000, avanceI = 2.000000
inc_x_r = 0.000000, inc_y_r = 1.000000, inc_x_i = 1.000000, inc_y_i = 1.000000
En el else......

----------------------------------------
x = 26.000000, y = 280.000000
avance = -301.000000, avanceR = 2.000000, avanceI = 2.000000
inc_x_r = 0.000000, inc_y_r = 1.000000, inc_x_i = 1.000000, inc_y_i = 1.000000
En el else......

----------------------------------------
x = 26.000000, y = 281.000000
avance = -299.000000, avanceR = 2.000000, avanceI = 2.000000
inc_x_r = 0.000000, inc_y_r = 1.000000, inc_x_i = 1.000000, inc_y_i = 1.000000
En el else......

----------------------------------------
x = 26.000000, y = 282.000000
avance = -297.000000, avanceR = 2.000000, avanceI = 2.000000
inc_x_r = 0.000000, inc_y_r = 1.000000, inc_x_i = 1.000000, inc_y_i = 1.000000
En el else......

----------------------------------------
x = 26.000000, y = 283.000000
avance = -295.000000, avanceR = 2.000000, avanceI = 2.000000
inc_x_r = 0.000000, inc_y_r = 1.000000, inc_x_i = 1.000000, inc_y_i = 1.000000
En el else......

----------------------------------------
x = 26.000000, y = 284.000000
avance = -293.000000, avanceR = 2.000000, avanceI = 2.000000
inc_x_r = 0.000000, inc_y_r = 1.000000, inc_x_i = 1.000000, inc_y_i = 1.000000
En el else......

----------------------------------------
x = 26.000000, y = 285.000000
avance = -291.000000, avanceR = 2.000000, avanceI = 2.000000
inc_x_r = 0.000000, inc_y_r = 1.000000, inc_x_i = 1.000000, inc_y_i = 1.000000
En el else......

----------------------------------------
x = 26.000000, y = 286.000000
avance = -289.000000, avanceR = 2.000000, avanceI = 2.000000
inc_x_r = 0.000000, inc_y_r = 1.000000, inc_x_i = 1.000000, inc_y_i = 1.000000
En el else......

----------------------------------------
x = 26.000000, y = 287.000000
avance = -287.000000, avanceR = 2.000000, avanceI = 2.000000
inc_x_r = 0.000000, inc_y_r = 1.000000, inc_x_i = 1.000000, inc_y_i = 1.000000
En el else......

----------------------------------------
x = 26.000000, y = 288.000000
avance = -285.000000, avanceR = 2.000000, avanceI = 2.000000
inc_x_r = 0.000000, inc_y_r = 1.000000, inc_x_i = 1.000000, inc_y_i = 1.000000
En el else......

----------------------------------------
x = 26.000000, y = 289.000000
avance = -283.000000, avanceR = 2.000000, avanceI = 2.000000
inc_x_r = 0.000000, inc_y_r = 1.000000, inc_x_i = 1.000000, inc_y_i = 1.000000
En el else......

----------------------------------------
x = 26.000000, y = 290.000000
avance = -281.000000, avanceR = 2.000000, avanceI = 2.000000
inc_x_r = 0.000000, inc_y_r = 1.000000, inc_x_i = 1.000000, inc_y_i = 1.000000
En el else......

----------------------------------------
x = 26.000000, y = 291.000000
avance = -279.000000, avanceR = 2.000000, avanceI = 2.000000
inc_x_r = 0.000000, inc_y_r = 1.000000, inc_x_i = 1.000000, inc_y_i = 1.000000
En el else......

----------------------------------------
x = 26.000000, y = 292.000000
avance = -277.000000, avanceR = 2.000000, avanceI = 2.000000
inc_x_r = 0.000000, inc_y_r = 1.000000, inc_x_i = 1.000000, inc_y_i = 1.000000
En el else......

----------------------------------------
x = 26.000000, y = 293.000000
avance = -275.000000, avanceR = 2.000000, avanceI = 2.000000
inc_x_r = 0.000000, inc_y_r = 1.000000, inc_x_i = 1.000000, inc_y_i = 1.000000
En el else......

----------------------------------------
x = 26.000000, y = 294.000000
avance = -273.000000, avanceR = 2.000000, avanceI = 2.000000
inc_x_r = 0.000000, inc_y_r = 1.000000, inc_x_i = 1.000000, inc_y_i = 1.000000
En el else......

----------------------------------------
x = 26.000000, y = 295.000000
avance = -271.000000, avanceR = 2.000000, avanceI = 2.000000
inc_x_r = 0.000000, inc_y_r = 1.000000, inc_x_i = 1.000000, inc_y_i = 1.000000
En el else......

----------------------------------------
x = 26.000000, y = 296.000000
avance = -269.000000, avanceR = 2.000000, avanceI = 2.000000
inc_x_r = 0.000000, inc_y_r = 1.000000, inc_x_i = 1.000000, inc_y_i = 1.000000
En el else......

----------------------------------------
x = 26.000000, y = 297.000000
avance = -267.000000, avanceR = 2.000000, avanceI = 2.000000
inc_x_r = 0.000000, inc_y_r = 1.000000, inc_x_i = 1.000000, inc_y_i = 1.000000
En el else......

----------------------------------------
x = 26.000000, y = 298.000000
avance = -265.000000, avanceR = 2.000000, avanceI = 2.000000
inc_x_r = 0.000000, inc_y_r = 1.000000, inc_x_i = 1.000000, inc_y_i = 1.000000
En el else......

----------------------------------------
x = 26.000000, y = 299.000000
avance = -263.000000, avanceR = 2.000000, avanceI = 2.000000
inc_x_r = 0.000000, inc_y_r = 1.000000, inc_x_i = 1.000000, inc_y_i = 1.000000
En el else......

----------------------------------------
x = 26.000000, y = 300.000000
avance = -261.000000, avanceR = 2.000000, avanceI = 2.000000
inc_x_r = 0.000000, inc_y_r = 1.000000, inc_x_i = 1.000000, inc_y_i = 1.000000
En el else......

----------------------------------------
x = 26.000000, y = 301.000000
avance = -259.000000, avanceR = 2.000000, avanceI = 2.000000
inc_x_r = 0.000000, inc_y_r = 1.000000, inc_x_i = 1.000000, inc_y_i = 1.000000
En el else......

----------------------------------------
x = 26.000000, y = 302.000000
avance = -257.000000, avanceR = 2.000000, avanceI = 2.000000
inc_x_r = 0.000000, inc_y_r = 1.000000, inc_x_i = 1.000000, inc_y_i = 1.000000
En el else......

----------------------------------------
x = 26.000000, y = 303.000000
avance = -255.000000, avanceR = 2.000000, avanceI = 2.000000
inc_x_r = 0.000000, inc_y_r = 1.000000, inc_x_i = 1.000000, inc_y_i = 1.000000
En el else......

----------------------------------------
x = 26.000000, y = 304.000000
avance = -253.000000, avanceR = 2.000000, avanceI = 2.000000
inc_x_r = 0.000000, inc_y_r = 1.000000, inc_x_i = 1.000000, inc_y_i = 1.000000
En el else......

----------------------------------------
x = 26.000000, y = 305.000000
avance = -251.000000, avanceR = 2.000000, avanceI = 2.000000
inc_x_r = 0.000000, inc_y_r = 1.000000, inc_x_i = 1.000000, inc_y_i = 1.000000
En el else......

----------------------------------------


ENTRAMOS A BRESENHAMªªªª
x1 = 25.000000 - y1 = 55.000000 || x2 = 26.000000 - y2 = 306.000000
dy = 251.000000, dx = 1.000000
avances inclinados: inc_x_i = 1.000000, inc_y_i = 1.000000
updated: dy = 251.000000, dx = 1.000000
avances rectos: inc_x_r = 0.000000, inc_y_r 1.000000
reupdated: dy = 1.000000, dx = 251.000000
avanceR = 2.000000, avance -249.000000, avanceI 2.000000
----------------------------------------
x = 25.000000, y = 55.000000
avance = -249.000000, avanceR = 2.000000, avanceI = 2.000000
inc_x_r = 0.000000, inc_y_r = 1.000000, inc_x_i = 1.000000, inc_y_i = 1.000000
En el else......

----------------------------------------
x = 25.000000, y = 56.000000
avance = -247.000000, avanceR = 2.000000, avanceI = 2.000000
inc_x_r = 0.000000, inc_y_r = 1.000000, inc_x_i = 1.000000, inc_y_i = 1.000000
En el else......

----------------------------------------
x = 25.000000, y = 57.000000
avance = -245.000000, avanceR = 2.000000, avanceI = 2.000000
inc_x_r = 0.000000, inc_y_r = 1.000000, inc_x_i = 1.000000, inc_y_i = 1.000000
En el else......

----------------------------------------
x = 25.000000, y = 58.000000
avance = -243.000000, avanceR = 2.000000, avanceI = 2.000000
inc_x_r = 0.000000, inc_y_r = 1.000000, inc_x_i = 1.000000, inc_y_i = 1.000000
En el else......

----------------------------------------
x = 25.000000, y = 59.000000
avance = -241.000000, avanceR = 2.000000, avanceI = 2.000000
inc_x_r = 0.000000, inc_y_r = 1.000000, inc_x_i = 1.000000, inc_y_i = 1.000000
En el else......

----------------------------------------
x = 25.000000, y = 60.000000
avance = -239.000000, avanceR = 2.000000, avanceI = 2.000000
inc_x_r = 0.000000, inc_y_r = 1.000000, inc_x_i = 1.000000, inc_y_i = 1.000000
En el else......

----------------------------------------
x = 25.000000, y = 61.000000
avance = -237.000000, avanceR = 2.000000, avanceI = 2.000000
inc_x_r = 0.000000, inc_y_r = 1.000000, inc_x_i = 1.000000, inc_y_i = 1.000000
En el else......

----------------------------------------
x = 25.000000, y = 62.000000
avance = -235.000000, avanceR = 2.000000, avanceI = 2.000000
inc_x_r = 0.000000, inc_y_r = 1.000000, inc_x_i = 1.000000, inc_y_i = 1.000000
En el else......

----------------------------------------
x = 25.000000, y = 63.000000
avance = -233.000000, avanceR = 2.000000, avanceI = 2.000000
inc_x_r = 0.000000, inc_y_r = 1.000000, inc_x_i = 1.000000, inc_y_i = 1.000000
En el else......

----------------------------------------
x = 25.000000, y = 64.000000
avance = -231.000000, avanceR = 2.000000, avanceI = 2.000000
inc_x_r = 0.000000, inc_y_r = 1.000000, inc_x_i = 1.000000, inc_y_i = 1.000000
En el else......

----------------------------------------
x = 25.000000, y = 65.000000
avance = -229.000000, avanceR = 2.000000, avanceI = 2.000000
inc_x_r = 0.000000, inc_y_r = 1.000000, inc_x_i = 1.000000, inc_y_i = 1.000000
En el else......

----------------------------------------
x = 25.000000, y = 66.000000
avance = -227.000000, avanceR = 2.000000, avanceI = 2.000000
inc_x_r = 0.000000, inc_y_r = 1.000000, inc_x_i = 1.000000, inc_y_i = 1.000000
En el else......

----------------------------------------
x = 25.000000, y = 67.000000
avance = -225.000000, avanceR = 2.000000, avanceI = 2.000000
inc_x_r = 0.000000, inc_y_r = 1.000000, inc_x_i = 1.000000, inc_y_i = 1.000000
En el else......

----------------------------------------
x = 25.000000, y = 68.000000
avance = -223.000000, avanceR = 2.000000, avanceI = 2.000000
inc_x_r = 0.000000, inc_y_r = 1.000000, inc_x_i = 1.000000, inc_y_i = 1.000000
En el else......

----------------------------------------
x = 25.000000, y = 69.000000
avance = -221.000000, avanceR = 2.000000, avanceI = 2.000000
inc_x_r = 0.000000, inc_y_r = 1.000000, inc_x_i = 1.000000, inc_y_i = 1.000000
En el else......

----------------------------------------
x = 25.000000, y = 70.000000
avance = -219.000000, avanceR = 2.000000, avanceI = 2.000000
inc_x_r = 0.000000, inc_y_r = 1.000000, inc_x_i = 1.000000, inc_y_i = 1.000000
En el else......

----------------------------------------
x = 25.000000, y = 71.000000
avance = -217.000000, avanceR = 2.000000, avanceI = 2.000000
inc_x_r = 0.000000, inc_y_r = 1.000000, inc_x_i = 1.000000, inc_y_i = 1.000000
En el else......

----------------------------------------
x = 25.000000, y = 72.000000
avance = -215.000000, avanceR = 2.000000, avanceI = 2.000000
inc_x_r = 0.000000, inc_y_r = 1.000000, inc_x_i = 1.000000, inc_y_i = 1.000000
En el else......

----------------------------------------
x = 25.000000, y = 73.000000
avance = -213.000000, avanceR = 2.000000, avanceI = 2.000000
inc_x_r = 0.000000, inc_y_r = 1.000000, inc_x_i = 1.000000, inc_y_i = 1.000000
En el else......

----------------------------------------
x = 25.000000, y = 74.000000
avance = -211.000000, avanceR = 2.000000, avanceI = 2.000000
inc_x_r = 0.000000, inc_y_r = 1.000000, inc_x_i = 1.000000, inc_y_i = 1.000000
En el else......

----------------------------------------
x = 25.000000, y = 75.000000
avance = -209.000000, avanceR = 2.000000, avanceI = 2.000000
inc_x_r = 0.000000, inc_y_r = 1.000000, inc_x_i = 1.000000, inc_y_i = 1.000000
En el else......

----------------------------------------
x = 25.000000, y = 76.000000
avance = -207.000000, avanceR = 2.000000, avanceI = 2.000000
inc_x_r = 0.000000, inc_y_r = 1.000000, inc_x_i = 1.000000, inc_y_i = 1.000000
En el else......

----------------------------------------
x = 25.000000, y = 77.000000
avance = -205.000000, avanceR = 2.000000, avanceI = 2.000000
inc_x_r = 0.000000, inc_y_r = 1.000000, inc_x_i = 1.000000, inc_y_i = 1.000000
En el else......

----------------------------------------
x = 25.000000, y = 78.000000
avance = -203.000000, avanceR = 2.000000, avanceI = 2.000000
inc_x_r = 0.000000, inc_y_r = 1.000000, inc_x_i = 1.000000, inc_y_i = 1.000000
En el else......

----------------------------------------
x = 25.000000, y = 79.000000
avance = -201.000000, avanceR = 2.000000, avanceI = 2.000000
inc_x_r = 0.000000, inc_y_r = 1.000000, inc_x_i = 1.000000, inc_y_i = 1.000000
En el else......

----------------------------------------
x = 25.000000, y = 80.000000
avance = -199.000000, avanceR = 2.000000, avanceI = 2.000000
inc_x_r = 0.000000, inc_y_r = 1.000000, inc_x_i = 1.000000, inc_y_i = 1.000000
En el else......

----------------------------------------
x = 25.000000, y = 81.000000
avance = -197.000000, avanceR = 2.000000, avanceI = 2.000000
inc_x_r = 0.000000, inc_y_r = 1.000000, inc_x_i = 1.000000, inc_y_i = 1.000000
En el else......

----------------------------------------
x = 25.000000, y = 82.000000
avance = -195.000000, avanceR = 2.000000, avanceI = 2.000000
inc_x_r = 0.000000, inc_y_r = 1.000000, inc_x_i = 1.000000, inc_y_i = 1.000000
En el else......

----------------------------------------
x = 25.000000, y = 83.000000
avance = -193.000000, avanceR = 2.000000, avanceI = 2.000000
inc_x_r = 0.000000, inc_y_r = 1.000000, inc_x_i = 1.000000, inc_y_i = 1.000000
En el else......

----------------------------------------
x = 25.000000, y = 84.000000
avance = -191.000000, avanceR = 2.000000, avanceI = 2.000000
inc_x_r = 0.000000, inc_y_r = 1.000000, inc_x_i = 1.000000, inc_y_i = 1.000000
En el else......

----------------------------------------
x = 25.000000, y = 85.000000
avance = -189.000000, avanceR = 2.000000, avanceI = 2.000000
inc_x_r = 0.000000, inc_y_r = 1.000000, inc_x_i = 1.000000, inc_y_i = 1.000000
En el else......

----------------------------------------
x = 25.000000, y = 86.000000
avance = -187.000000, avanceR = 2.000000, avanceI = 2.000000
inc_x_r = 0.000000, inc_y_r = 1.000000, inc_x_i = 1.000000, inc_y_i = 1.000000
En el else......

----------------------------------------
x = 25.000000, y = 87.000000
avance = -185.000000, avanceR = 2.000000, avanceI = 2.000000
inc_x_r = 0.000000, inc_y_r = 1.000000, inc_x_i = 1.000000, inc_y_i = 1.000000
En el else......

----------------------------------------
x = 25.000000, y = 88.000000
avance = -183.000000, avanceR = 2.000000, avanceI = 2.000000
inc_x_r = 0.000000, inc_y_r = 1.000000, inc_x_i = 1.000000, inc_y_i = 1.000000
En el else......

----------------------------------------
x = 25.000000, y = 89.000000
avance = -181.000000, avanceR = 2.000000, avanceI = 2.000000
inc_x_r = 0.000000, inc_y_r = 1.000000, inc_x_i = 1.000000, inc_y_i = 1.000000
En el else......

----------------------------------------
x = 25.000000, y = 90.000000
avance = -179.000000, avanceR = 2.000000, avanceI = 2.000000
inc_x_r = 0.000000, inc_y_r = 1.000000, inc_x_i = 1.000000, inc_y_i = 1.000000
En el else......

----------------------------------------
x = 25.000000, y = 91.000000
avance = -177.000000, avanceR = 2.000000, avanceI = 2.000000
inc_x_r = 0.000000, inc_y_r = 1.000000, inc_x_i = 1.000000, inc_y_i = 1.000000
En el else......

----------------------------------------
x = 25.000000, y = 92.000000
avance = -175.000000, avanceR = 2.000000, avanceI = 2.000000
inc_x_r = 0.000000, inc_y_r = 1.000000, inc_x_i = 1.000000, inc_y_i = 1.000000
En el else......

----------------------------------------
x = 25.000000, y = 93.000000
avance = -173.000000, avanceR = 2.000000, avanceI = 2.000000
inc_x_r = 0.000000, inc_y_r = 1.000000, inc_x_i = 1.000000, inc_y_i = 1.000000
En el else......

----------------------------------------
x = 25.000000, y = 94.000000
avance = -171.000000, avanceR = 2.000000, avanceI = 2.000000
inc_x_r = 0.000000, inc_y_r = 1.000000, inc_x_i = 1.000000, inc_y_i = 1.000000
En el else......

----------------------------------------
x = 25.000000, y = 95.000000
avance = -169.000000, avanceR = 2.000000, avanceI = 2.000000
inc_x_r = 0.000000, inc_y_r = 1.000000, inc_x_i = 1.000000, inc_y_i = 1.000000
En el else......

----------------------------------------
x = 25.000000, y = 96.000000
avance = -167.000000, avanceR = 2.000000, avanceI = 2.000000
inc_x_r = 0.000000, inc_y_r = 1.000000, inc_x_i = 1.000000, inc_y_i = 1.000000
En el else......

----------------------------------------
x = 25.000000, y = 97.000000
avance = -165.000000, avanceR = 2.000000, avanceI = 2.000000
inc_x_r = 0.000000, inc_y_r = 1.000000, inc_x_i = 1.000000, inc_y_i = 1.000000
En el else......

----------------------------------------
x = 25.000000, y = 98.000000
avance = -163.000000, avanceR = 2.000000, avanceI = 2.000000
inc_x_r = 0.000000, inc_y_r = 1.000000, inc_x_i = 1.000000, inc_y_i = 1.000000
En el else......

----------------------------------------
x = 25.000000, y = 99.000000
avance = -161.000000, avanceR = 2.000000, avanceI = 2.000000
inc_x_r = 0.000000, inc_y_r = 1.000000, inc_x_i = 1.000000, inc_y_i = 1.000000
En el else......

----------------------------------------
x = 25.000000, y = 100.000000
avance = -159.000000, avanceR = 2.000000, avanceI = 2.000000
inc_x_r = 0.000000, inc_y_r = 1.000000, inc_x_i = 1.000000, inc_y_i = 1.000000
En el else......

----------------------------------------
x = 25.000000, y = 101.000000
avance = -157.000000, avanceR = 2.000000, avanceI = 2.000000
inc_x_r = 0.000000, inc_y_r = 1.000000, inc_x_i = 1.000000, inc_y_i = 1.000000
En el else......

----------------------------------------
x = 25.000000, y = 102.000000
avance = -155.000000, avanceR = 2.000000, avanceI = 2.000000
inc_x_r = 0.000000, inc_y_r = 1.000000, inc_x_i = 1.000000, inc_y_i = 1.000000
En el else......

----------------------------------------
x = 25.000000, y = 103.000000
avance = -153.000000, avanceR = 2.000000, avanceI = 2.000000
inc_x_r = 0.000000, inc_y_r = 1.000000, inc_x_i = 1.000000, inc_y_i = 1.000000
En el else......

----------------------------------------
x = 25.000000, y = 104.000000
avance = -151.000000, avanceR = 2.000000, avanceI = 2.000000
inc_x_r = 0.000000, inc_y_r = 1.000000, inc_x_i = 1.000000, inc_y_i = 1.000000
En el else......

----------------------------------------
x = 25.000000, y = 105.000000
avance = -149.000000, avanceR = 2.000000, avanceI = 2.000000
inc_x_r = 0.000000, inc_y_r = 1.000000, inc_x_i = 1.000000, inc_y_i = 1.000000
En el else......

----------------------------------------
x = 25.000000, y = 106.000000
avance = -147.000000, avanceR = 2.000000, avanceI = 2.000000
inc_x_r = 0.000000, inc_y_r = 1.000000, inc_x_i = 1.000000, inc_y_i = 1.000000
En el else......

----------------------------------------
x = 25.000000, y = 107.000000
avance = -145.000000, avanceR = 2.000000, avanceI = 2.000000
inc_x_r = 0.000000, inc_y_r = 1.000000, inc_x_i = 1.000000, inc_y_i = 1.000000
En el else......

----------------------------------------
x = 25.000000, y = 108.000000
avance = -143.000000, avanceR = 2.000000, avanceI = 2.000000
inc_x_r = 0.000000, inc_y_r = 1.000000, inc_x_i = 1.000000, inc_y_i = 1.000000
En el else......

----------------------------------------
x = 25.000000, y = 109.000000
avance = -141.000000, avanceR = 2.000000, avanceI = 2.000000
inc_x_r = 0.000000, inc_y_r = 1.000000, inc_x_i = 1.000000, inc_y_i = 1.000000
En el else......

----------------------------------------
x = 25.000000, y = 110.000000
avance = -139.000000, avanceR = 2.000000, avanceI = 2.000000
inc_x_r = 0.000000, inc_y_r = 1.000000, inc_x_i = 1.000000, inc_y_i = 1.000000
En el else......

----------------------------------------
x = 25.000000, y = 111.000000
avance = -137.000000, avanceR = 2.000000, avanceI = 2.000000
inc_x_r = 0.000000, inc_y_r = 1.000000, inc_x_i = 1.000000, inc_y_i = 1.000000
En el else......

----------------------------------------
x = 25.000000, y = 112.000000
avance = -135.000000, avanceR = 2.000000, avanceI = 2.000000
inc_x_r = 0.000000, inc_y_r = 1.000000, inc_x_i = 1.000000, inc_y_i = 1.000000
En el else......

----------------------------------------
x = 25.000000, y = 113.000000
avance = -133.000000, avanceR = 2.000000, avanceI = 2.000000
inc_x_r = 0.000000, inc_y_r = 1.000000, inc_x_i = 1.000000, inc_y_i = 1.000000
En el else......

----------------------------------------
x = 25.000000, y = 114.000000
avance = -131.000000, avanceR = 2.000000, avanceI = 2.000000
inc_x_r = 0.000000, inc_y_r = 1.000000, inc_x_i = 1.000000, inc_y_i = 1.000000
En el else......

----------------------------------------
x = 25.000000, y = 115.000000
avance = -129.000000, avanceR = 2.000000, avanceI = 2.000000
inc_x_r = 0.000000, inc_y_r = 1.000000, inc_x_i = 1.000000, inc_y_i = 1.000000
En el else......

----------------------------------------
x = 25.000000, y = 116.000000
avance = -127.000000, avanceR = 2.000000, avanceI = 2.000000
inc_x_r = 0.000000, inc_y_r = 1.000000, inc_x_i = 1.000000, inc_y_i = 1.000000
En el else......

----------------------------------------
x = 25.000000, y = 117.000000
avance = -125.000000, avanceR = 2.000000, avanceI = 2.000000
inc_x_r = 0.000000, inc_y_r = 1.000000, inc_x_i = 1.000000, inc_y_i = 1.000000
En el else......

----------------------------------------
x = 25.000000, y = 118.000000
avance = -123.000000, avanceR = 2.000000, avanceI = 2.000000
inc_x_r = 0.000000, inc_y_r = 1.000000, inc_x_i = 1.000000, inc_y_i = 1.000000
En el else......

----------------------------------------
x = 25.000000, y = 119.000000
avance = -121.000000, avanceR = 2.000000, avanceI = 2.000000
inc_x_r = 0.000000, inc_y_r = 1.000000, inc_x_i = 1.000000, inc_y_i = 1.000000
En el else......

----------------------------------------
x = 25.000000, y = 120.000000
avance = -119.000000, avanceR = 2.000000, avanceI = 2.000000
inc_x_r = 0.000000, inc_y_r = 1.000000, inc_x_i = 1.000000, inc_y_i = 1.000000
En el else......

----------------------------------------
x = 25.000000, y = 121.000000
avance = -117.000000, avanceR = 2.000000, avanceI = 2.000000
inc_x_r = 0.000000, inc_y_r = 1.000000, inc_x_i = 1.000000, inc_y_i = 1.000000
En el else......

----------------------------------------
x = 25.000000, y = 122.000000
avance = -115.000000, avanceR = 2.000000, avanceI = 2.000000
inc_x_r = 0.000000, inc_y_r = 1.000000, inc_x_i = 1.000000, inc_y_i = 1.000000
En el else......

----------------------------------------
x = 25.000000, y = 123.000000
avance = -113.000000, avanceR = 2.000000, avanceI = 2.000000
inc_x_r = 0.000000, inc_y_r = 1.000000, inc_x_i = 1.000000, inc_y_i = 1.000000
En el else......

----------------------------------------
x = 25.000000, y = 124.000000
avance = -111.000000, avanceR = 2.000000, avanceI = 2.000000
inc_x_r = 0.000000, inc_y_r = 1.000000, inc_x_i = 1.000000, inc_y_i = 1.000000
En el else......

----------------------------------------
x = 25.000000, y = 125.000000
avance = -109.000000, avanceR = 2.000000, avanceI = 2.000000
inc_x_r = 0.000000, inc_y_r = 1.000000, inc_x_i = 1.000000, inc_y_i = 1.000000
En el else......

----------------------------------------
x = 25.000000, y = 126.000000
avance = -107.000000, avanceR = 2.000000, avanceI = 2.000000
inc_x_r = 0.000000, inc_y_r = 1.000000, inc_x_i = 1.000000, inc_y_i = 1.000000
En el else......

----------------------------------------
x = 25.000000, y = 127.000000
avance = -105.000000, avanceR = 2.000000, avanceI = 2.000000
inc_x_r = 0.000000, inc_y_r = 1.000000, inc_x_i = 1.000000, inc_y_i = 1.000000
En el else......

----------------------------------------
x = 25.000000, y = 128.000000
avance = -103.000000, avanceR = 2.000000, avanceI = 2.000000
inc_x_r = 0.000000, inc_y_r = 1.000000, inc_x_i = 1.000000, inc_y_i = 1.000000
En el else......

----------------------------------------
x = 25.000000, y = 129.000000
avance = -101.000000, avanceR = 2.000000, avanceI = 2.000000
inc_x_r = 0.000000, inc_y_r = 1.000000, inc_x_i = 1.000000, inc_y_i = 1.000000
En el else......

----------------------------------------
x = 25.000000, y = 130.000000
avance = -99.000000, avanceR = 2.000000, avanceI = 2.000000
inc_x_r = 0.000000, inc_y_r = 1.000000, inc_x_i = 1.000000, inc_y_i = 1.000000
En el else......

----------------------------------------
x = 25.000000, y = 131.000000
avance = -97.000000, avanceR = 2.000000, avanceI = 2.000000
inc_x_r = 0.000000, inc_y_r = 1.000000, inc_x_i = 1.000000, inc_y_i = 1.000000
En el else......

----------------------------------------
x = 25.000000, y = 132.000000
avance = -95.000000, avanceR = 2.000000, avanceI = 2.000000
inc_x_r = 0.000000, inc_y_r = 1.000000, inc_x_i = 1.000000, inc_y_i = 1.000000
En el else......

----------------------------------------
x = 25.000000, y = 133.000000
avance = -93.000000, avanceR = 2.000000, avanceI = 2.000000
inc_x_r = 0.000000, inc_y_r = 1.000000, inc_x_i = 1.000000, inc_y_i = 1.000000
En el else......

----------------------------------------
x = 25.000000, y = 134.000000
avance = -91.000000, avanceR = 2.000000, avanceI = 2.000000
inc_x_r = 0.000000, inc_y_r = 1.000000, inc_x_i = 1.000000, inc_y_i = 1.000000
En el else......

----------------------------------------
x = 25.000000, y = 135.000000
avance = -89.000000, avanceR = 2.000000, avanceI = 2.000000
inc_x_r = 0.000000, inc_y_r = 1.000000, inc_x_i = 1.000000, inc_y_i = 1.000000
En el else......

----------------------------------------
x = 25.000000, y = 136.000000
avance = -87.000000, avanceR = 2.000000, avanceI = 2.000000
inc_x_r = 0.000000, inc_y_r = 1.000000, inc_x_i = 1.000000, inc_y_i = 1.000000
En el else......

----------------------------------------
x = 25.000000, y = 137.000000
avance = -85.000000, avanceR = 2.000000, avanceI = 2.000000
inc_x_r = 0.000000, inc_y_r = 1.000000, inc_x_i = 1.000000, inc_y_i = 1.000000
En el else......

----------------------------------------
x = 25.000000, y = 138.000000
avance = -83.000000, avanceR = 2.000000, avanceI = 2.000000
inc_x_r = 0.000000, inc_y_r = 1.000000, inc_x_i = 1.000000, inc_y_i = 1.000000
En el else......

----------------------------------------
x = 25.000000, y = 139.000000
avance = -81.000000, avanceR = 2.000000, avanceI = 2.000000
inc_x_r = 0.000000, inc_y_r = 1.000000, inc_x_i = 1.000000, inc_y_i = 1.000000
En el else......

----------------------------------------
x = 25.000000, y = 140.000000
avance = -79.000000, avanceR = 2.000000, avanceI = 2.000000
inc_x_r = 0.000000, inc_y_r = 1.000000, inc_x_i = 1.000000, inc_y_i = 1.000000
En el else......

----------------------------------------
x = 25.000000, y = 141.000000
avance = -77.000000, avanceR = 2.000000, avanceI = 2.000000
inc_x_r = 0.000000, inc_y_r = 1.000000, inc_x_i = 1.000000, inc_y_i = 1.000000
En el else......

----------------------------------------
x = 25.000000, y = 142.000000
avance = -75.000000, avanceR = 2.000000, avanceI = 2.000000
inc_x_r = 0.000000, inc_y_r = 1.000000, inc_x_i = 1.000000, inc_y_i = 1.000000
En el else......

----------------------------------------
x = 25.000000, y = 143.000000
avance = -73.000000, avanceR = 2.000000, avanceI = 2.000000
inc_x_r = 0.000000, inc_y_r = 1.000000, inc_x_i = 1.000000, inc_y_i = 1.000000
En el else......

----------------------------------------
x = 25.000000, y = 144.000000
avance = -71.000000, avanceR = 2.000000, avanceI = 2.000000
inc_x_r = 0.000000, inc_y_r = 1.000000, inc_x_i = 1.000000, inc_y_i = 1.000000
En el else......

----------------------------------------
x = 25.000000, y = 145.000000
avance = -69.000000, avanceR = 2.000000, avanceI = 2.000000
inc_x_r = 0.000000, inc_y_r = 1.000000, inc_x_i = 1.000000, inc_y_i = 1.000000
En el else......

----------------------------------------
x = 25.000000, y = 146.000000
avance = -67.000000, avanceR = 2.000000, avanceI = 2.000000
inc_x_r = 0.000000, inc_y_r = 1.000000, inc_x_i = 1.000000, inc_y_i = 1.000000
En el else......

----------------------------------------
x = 25.000000, y = 147.000000
avance = -65.000000, avanceR = 2.000000, avanceI = 2.000000
inc_x_r = 0.000000, inc_y_r = 1.000000, inc_x_i = 1.000000, inc_y_i = 1.000000
En el else......

----------------------------------------
x = 25.000000, y = 148.000000
avance = -63.000000, avanceR = 2.000000, avanceI = 2.000000
inc_x_r = 0.000000, inc_y_r = 1.000000, inc_x_i = 1.000000, inc_y_i = 1.000000
En el else......

----------------------------------------
x = 25.000000, y = 149.000000
avance = -61.000000, avanceR = 2.000000, avanceI = 2.000000
inc_x_r = 0.000000, inc_y_r = 1.000000, inc_x_i = 1.000000, inc_y_i = 1.000000
En el else......

----------------------------------------
x = 25.000000, y = 150.000000
avance = -59.000000, avanceR = 2.000000, avanceI = 2.000000
inc_x_r = 0.000000, inc_y_r = 1.000000, inc_x_i = 1.000000, inc_y_i = 1.000000
En el else......

----------------------------------------
x = 25.000000, y = 151.000000
avance = -57.000000, avanceR = 2.000000, avanceI = 2.000000
inc_x_r = 0.000000, inc_y_r = 1.000000, inc_x_i = 1.000000, inc_y_i = 1.000000
En el else......

----------------------------------------
x = 25.000000, y = 152.000000
avance = -55.000000, avanceR = 2.000000, avanceI = 2.000000
inc_x_r = 0.000000, inc_y_r = 1.000000, inc_x_i = 1.000000, inc_y_i = 1.000000
En el else......

----------------------------------------
x = 25.000000, y = 153.000000
avance = -53.000000, avanceR = 2.000000, avanceI = 2.000000
inc_x_r = 0.000000, inc_y_r = 1.000000, inc_x_i = 1.000000, inc_y_i = 1.000000
En el else......

----------------------------------------
x = 25.000000, y = 154.000000
avance = -51.000000, avanceR = 2.000000, avanceI = 2.000000
inc_x_r = 0.000000, inc_y_r = 1.000000, inc_x_i = 1.000000, inc_y_i = 1.000000
En el else......

----------------------------------------
x = 25.000000, y = 155.000000
avance = -49.000000, avanceR = 2.000000, avanceI = 2.000000
inc_x_r = 0.000000, inc_y_r = 1.000000, inc_x_i = 1.000000, inc_y_i = 1.000000
En el else......

----------------------------------------
x = 25.000000, y = 156.000000
avance = -47.000000, avanceR = 2.000000, avanceI = 2.000000
inc_x_r = 0.000000, inc_y_r = 1.000000, inc_x_i = 1.000000, inc_y_i = 1.000000
En el else......

----------------------------------------
x = 25.000000, y = 157.000000
avance = -45.000000, avanceR = 2.000000, avanceI = 2.000000
inc_x_r = 0.000000, inc_y_r = 1.000000, inc_x_i = 1.000000, inc_y_i = 1.000000
En el else......

----------------------------------------
x = 25.000000, y = 158.000000
avance = -43.000000, avanceR = 2.000000, avanceI = 2.000000
inc_x_r = 0.000000, inc_y_r = 1.000000, inc_x_i = 1.000000, inc_y_i = 1.000000
En el else......

----------------------------------------
x = 25.000000, y = 159.000000
avance = -41.000000, avanceR = 2.000000, avanceI = 2.000000
inc_x_r = 0.000000, inc_y_r = 1.000000, inc_x_i = 1.000000, inc_y_i = 1.000000
En el else......

----------------------------------------
x = 25.000000, y = 160.000000
avance = -39.000000, avanceR = 2.000000, avanceI = 2.000000
inc_x_r = 0.000000, inc_y_r = 1.000000, inc_x_i = 1.000000, inc_y_i = 1.000000
En el else......

----------------------------------------
x = 25.000000, y = 161.000000
avance = -37.000000, avanceR = 2.000000, avanceI = 2.000000
inc_x_r = 0.000000, inc_y_r = 1.000000, inc_x_i = 1.000000, inc_y_i = 1.000000
En el else......

----------------------------------------
x = 25.000000, y = 162.000000
avance = -35.000000, avanceR = 2.000000, avanceI = 2.000000
inc_x_r = 0.000000, inc_y_r = 1.000000, inc_x_i = 1.000000, inc_y_i = 1.000000
En el else......

----------------------------------------
x = 25.000000, y = 163.000000
avance = -33.000000, avanceR = 2.000000, avanceI = 2.000000
inc_x_r = 0.000000, inc_y_r = 1.000000, inc_x_i = 1.000000, inc_y_i = 1.000000
En el else......

----------------------------------------
x = 25.000000, y = 164.000000
avance = -31.000000, avanceR = 2.000000, avanceI = 2.000000
inc_x_r = 0.000000, inc_y_r = 1.000000, inc_x_i = 1.000000, inc_y_i = 1.000000
En el else......

----------------------------------------
x = 25.000000, y = 165.000000
avance = -29.000000, avanceR = 2.000000, avanceI = 2.000000
inc_x_r = 0.000000, inc_y_r = 1.000000, inc_x_i = 1.000000, inc_y_i = 1.000000
En el else......

----------------------------------------
x = 25.000000, y = 166.000000
avance = -27.000000, avanceR = 2.000000, avanceI = 2.000000
inc_x_r = 0.000000, inc_y_r = 1.000000, inc_x_i = 1.000000, inc_y_i = 1.000000
En el else......

----------------------------------------
x = 25.000000, y = 167.000000
avance = -25.000000, avanceR = 2.000000, avanceI = 2.000000
inc_x_r = 0.000000, inc_y_r = 1.000000, inc_x_i = 1.000000, inc_y_i = 1.000000
En el else......

----------------------------------------
x = 25.000000, y = 168.000000
avance = -23.000000, avanceR = 2.000000, avanceI = 2.000000
inc_x_r = 0.000000, inc_y_r = 1.000000, inc_x_i = 1.000000, inc_y_i = 1.000000
En el else......

----------------------------------------
x = 25.000000, y = 169.000000
avance = -21.000000, avanceR = 2.000000, avanceI = 2.000000
inc_x_r = 0.000000, inc_y_r = 1.000000, inc_x_i = 1.000000, inc_y_i = 1.000000
En el else......

----------------------------------------
x = 25.000000, y = 170.000000
avance = -19.000000, avanceR = 2.000000, avanceI = 2.000000
inc_x_r = 0.000000, inc_y_r = 1.000000, inc_x_i = 1.000000, inc_y_i = 1.000000
En el else......

----------------------------------------
x = 25.000000, y = 171.000000
avance = -17.000000, avanceR = 2.000000, avanceI = 2.000000
inc_x_r = 0.000000, inc_y_r = 1.000000, inc_x_i = 1.000000, inc_y_i = 1.000000
En el else......

----------------------------------------
x = 25.000000, y = 172.000000
avance = -15.000000, avanceR = 2.000000, avanceI = 2.000000
inc_x_r = 0.000000, inc_y_r = 1.000000, inc_x_i = 1.000000, inc_y_i = 1.000000
En el else......

----------------------------------------
x = 25.000000, y = 173.000000
avance = -13.000000, avanceR = 2.000000, avanceI = 2.000000
inc_x_r = 0.000000, inc_y_r = 1.000000, inc_x_i = 1.000000, inc_y_i = 1.000000
En el else......

----------------------------------------
x = 25.000000, y = 174.000000
avance = -11.000000, avanceR = 2.000000, avanceI = 2.000000
inc_x_r = 0.000000, inc_y_r = 1.000000, inc_x_i = 1.000000, inc_y_i = 1.000000
En el else......

----------------------------------------
x = 25.000000, y = 175.000000
avance = -9.000000, avanceR = 2.000000, avanceI = 2.000000
inc_x_r = 0.000000, inc_y_r = 1.000000, inc_x_i = 1.000000, inc_y_i = 1.000000
En el else......

----------------------------------------
x = 25.000000, y = 176.000000
avance = -7.000000, avanceR = 2.000000, avanceI = 2.000000
inc_x_r = 0.000000, inc_y_r = 1.000000, inc_x_i = 1.000000, inc_y_i = 1.000000
En el else......

----------------------------------------
x = 25.000000, y = 177.000000
avance = -5.000000, avanceR = 2.000000, avanceI = 2.000000
inc_x_r = 0.000000, inc_y_r = 1.000000, inc_x_i = 1.000000, inc_y_i = 1.000000
En el else......

----------------------------------------
x = 25.000000, y = 178.000000
avance = -3.000000, avanceR = 2.000000, avanceI = 2.000000
inc_x_r = 0.000000, inc_y_r = 1.000000, inc_x_i = 1.000000, inc_y_i = 1.000000
En el else......

----------------------------------------
x = 25.000000, y = 179.000000
avance = -1.000000, avanceR = 2.000000, avanceI = 2.000000
inc_x_r = 0.000000, inc_y_r = 1.000000, inc_x_i = 1.000000, inc_y_i = 1.000000
En el else......

----------------------------------------
x = 25.000000, y = 180.000000
avance = 1.000000, avanceR = 2.000000, avanceI = 2.000000
inc_x_r = 0.000000, inc_y_r = 1.000000, inc_x_i = 1.000000, inc_y_i = 1.000000
avance >= 0

----------------------------------------
x = 26.000000, y = 181.000000
avance = -499.000000, avanceR = 2.000000, avanceI = 2.000000
inc_x_r = 0.000000, inc_y_r = 1.000000, inc_x_i = 1.000000, inc_y_i = 1.000000
En el else......

----------------------------------------
x = 26.000000, y = 182.000000
avance = -497.000000, avanceR = 2.000000, avanceI = 2.000000
inc_x_r = 0.000000, inc_y_r = 1.000000, inc_x_i = 1.000000, inc_y_i = 1.000000
En el else......

----------------------------------------
x = 26.000000, y = 183.000000
avance = -495.000000, avanceR = 2.000000, avanceI = 2.000000
inc_x_r = 0.000000, inc_y_r = 1.000000, inc_x_i = 1.000000, inc_y_i = 1.000000
En el else......

----------------------------------------
x = 26.000000, y = 184.000000
avance = -493.000000, avanceR = 2.000000, avanceI = 2.000000
inc_x_r = 0.000000, inc_y_r = 1.000000, inc_x_i = 1.000000, inc_y_i = 1.000000
En el else......

----------------------------------------
x = 26.000000, y = 185.000000
avance = -491.000000, avanceR = 2.000000, avanceI = 2.000000
inc_x_r = 0.000000, inc_y_r = 1.000000, inc_x_i = 1.000000, inc_y_i = 1.000000
En el else......

----------------------------------------
x = 26.000000, y = 186.000000
avance = -489.000000, avanceR = 2.000000, avanceI = 2.000000
inc_x_r = 0.000000, inc_y_r = 1.000000, inc_x_i = 1.000000, inc_y_i = 1.000000
En el else......

----------------------------------------
x = 26.000000, y = 187.000000
avance = -487.000000, avanceR = 2.000000, avanceI = 2.000000
inc_x_r = 0.000000, inc_y_r = 1.000000, inc_x_i = 1.000000, inc_y_i = 1.000000
En el else......

----------------------------------------
x = 26.000000, y = 188.000000
avance = -485.000000, avanceR = 2.000000, avanceI = 2.000000
inc_x_r = 0.000000, inc_y_r = 1.000000, inc_x_i = 1.000000, inc_y_i = 1.000000
En el else......

----------------------------------------
x = 26.000000, y = 189.000000
avance = -483.000000, avanceR = 2.000000, avanceI = 2.000000
inc_x_r = 0.000000, inc_y_r = 1.000000, inc_x_i = 1.000000, inc_y_i = 1.000000
En el else......

----------------------------------------
x = 26.000000, y = 190.000000
avance = -481.000000, avanceR = 2.000000, avanceI = 2.000000
inc_x_r = 0.000000, inc_y_r = 1.000000, inc_x_i = 1.000000, inc_y_i = 1.000000
En el else......

----------------------------------------
x = 26.000000, y = 191.000000
avance = -479.000000, avanceR = 2.000000, avanceI = 2.000000
inc_x_r = 0.000000, inc_y_r = 1.000000, inc_x_i = 1.000000, inc_y_i = 1.000000
En el else......

----------------------------------------
x = 26.000000, y = 192.000000
avance = -477.000000, avanceR = 2.000000, avanceI = 2.000000
inc_x_r = 0.000000, inc_y_r = 1.000000, inc_x_i = 1.000000, inc_y_i = 1.000000
En el else......

----------------------------------------
x = 26.000000, y = 193.000000
avance = -475.000000, avanceR = 2.000000, avanceI = 2.000000
inc_x_r = 0.000000, inc_y_r = 1.000000, inc_x_i = 1.000000, inc_y_i = 1.000000
En el else......

----------------------------------------
x = 26.000000, y = 194.000000
avance = -473.000000, avanceR = 2.000000, avanceI = 2.000000
inc_x_r = 0.000000, inc_y_r = 1.000000, inc_x_i = 1.000000, inc_y_i = 1.000000
En el else......

----------------------------------------
x = 26.000000, y = 195.000000
avance = -471.000000, avanceR = 2.000000, avanceI = 2.000000
inc_x_r = 0.000000, inc_y_r = 1.000000, inc_x_i = 1.000000, inc_y_i = 1.000000
En el else......

----------------------------------------
x = 26.000000, y = 196.000000
avance = -469.000000, avanceR = 2.000000, avanceI = 2.000000
inc_x_r = 0.000000, inc_y_r = 1.000000, inc_x_i = 1.000000, inc_y_i = 1.000000
En el else......

----------------------------------------
x = 26.000000, y = 197.000000
avance = -467.000000, avanceR = 2.000000, avanceI = 2.000000
inc_x_r = 0.000000, inc_y_r = 1.000000, inc_x_i = 1.000000, inc_y_i = 1.000000
En el else......

----------------------------------------
x = 26.000000, y = 198.000000
avance = -465.000000, avanceR = 2.000000, avanceI = 2.000000
inc_x_r = 0.000000, inc_y_r = 1.000000, inc_x_i = 1.000000, inc_y_i = 1.000000
En el else......

----------------------------------------
x = 26.000000, y = 199.000000
avance = -463.000000, avanceR = 2.000000, avanceI = 2.000000
inc_x_r = 0.000000, inc_y_r = 1.000000, inc_x_i = 1.000000, inc_y_i = 1.000000
En el else......

----------------------------------------
x = 26.000000, y = 200.000000
avance = -461.000000, avanceR = 2.000000, avanceI = 2.000000
inc_x_r = 0.000000, inc_y_r = 1.000000, inc_x_i = 1.000000, inc_y_i = 1.000000
En el else......

----------------------------------------
x = 26.000000, y = 201.000000
avance = -459.000000, avanceR = 2.000000, avanceI = 2.000000
inc_x_r = 0.000000, inc_y_r = 1.000000, inc_x_i = 1.000000, inc_y_i = 1.000000
En el else......

----------------------------------------
x = 26.000000, y = 202.000000
avance = -457.000000, avanceR = 2.000000, avanceI = 2.000000
inc_x_r = 0.000000, inc_y_r = 1.000000, inc_x_i = 1.000000, inc_y_i = 1.000000
En el else......

----------------------------------------
x = 26.000000, y = 203.000000
avance = -455.000000, avanceR = 2.000000, avanceI = 2.000000
inc_x_r = 0.000000, inc_y_r = 1.000000, inc_x_i = 1.000000, inc_y_i = 1.000000
En el else......

----------------------------------------
x = 26.000000, y = 204.000000
avance = -453.000000, avanceR = 2.000000, avanceI = 2.000000
inc_x_r = 0.000000, inc_y_r = 1.000000, inc_x_i = 1.000000, inc_y_i = 1.000000
En el else......

----------------------------------------
x = 26.000000, y = 205.000000
avance = -451.000000, avanceR = 2.000000, avanceI = 2.000000
inc_x_r = 0.000000, inc_y_r = 1.000000, inc_x_i = 1.000000, inc_y_i = 1.000000
En el else......

----------------------------------------
x = 26.000000, y = 206.000000
avance = -449.000000, avanceR = 2.000000, avanceI = 2.000000
inc_x_r = 0.000000, inc_y_r = 1.000000, inc_x_i = 1.000000, inc_y_i = 1.000000
En el else......

----------------------------------------
x = 26.000000, y = 207.000000
avance = -447.000000, avanceR = 2.000000, avanceI = 2.000000
inc_x_r = 0.000000, inc_y_r = 1.000000, inc_x_i = 1.000000, inc_y_i = 1.000000
En el else......

----------------------------------------
x = 26.000000, y = 208.000000
avance = -445.000000, avanceR = 2.000000, avanceI = 2.000000
inc_x_r = 0.000000, inc_y_r = 1.000000, inc_x_i = 1.000000, inc_y_i = 1.000000
En el else......

----------------------------------------
x = 26.000000, y = 209.000000
avance = -443.000000, avanceR = 2.000000, avanceI = 2.000000
inc_x_r = 0.000000, inc_y_r = 1.000000, inc_x_i = 1.000000, inc_y_i = 1.000000
En el else......

----------------------------------------
x = 26.000000, y = 210.000000
avance = -441.000000, avanceR = 2.000000, avanceI = 2.000000
inc_x_r = 0.000000, inc_y_r = 1.000000, inc_x_i = 1.000000, inc_y_i = 1.000000
En el else......

----------------------------------------
x = 26.000000, y = 211.000000
avance = -439.000000, avanceR = 2.000000, avanceI = 2.000000
inc_x_r = 0.000000, inc_y_r = 1.000000, inc_x_i = 1.000000, inc_y_i = 1.000000
En el else......

----------------------------------------
x = 26.000000, y = 212.000000
avance = -437.000000, avanceR = 2.000000, avanceI = 2.000000
inc_x_r = 0.000000, inc_y_r = 1.000000, inc_x_i = 1.000000, inc_y_i = 1.000000
En el else......

----------------------------------------
x = 26.000000, y = 213.000000
avance = -435.000000, avanceR = 2.000000, avanceI = 2.000000
inc_x_r = 0.000000, inc_y_r = 1.000000, inc_x_i = 1.000000, inc_y_i = 1.000000
En el else......

----------------------------------------
x = 26.000000, y = 214.000000
avance = -433.000000, avanceR = 2.000000, avanceI = 2.000000
inc_x_r = 0.000000, inc_y_r = 1.000000, inc_x_i = 1.000000, inc_y_i = 1.000000
En el else......

----------------------------------------
x = 26.000000, y = 215.000000
avance = -431.000000, avanceR = 2.000000, avanceI = 2.000000
inc_x_r = 0.000000, inc_y_r = 1.000000, inc_x_i = 1.000000, inc_y_i = 1.000000
En el else......

----------------------------------------
x = 26.000000, y = 216.000000
avance = -429.000000, avanceR = 2.000000, avanceI = 2.000000
inc_x_r = 0.000000, inc_y_r = 1.000000, inc_x_i = 1.000000, inc_y_i = 1.000000
En el else......

----------------------------------------
x = 26.000000, y = 217.000000
avance = -427.000000, avanceR = 2.000000, avanceI = 2.000000
inc_x_r = 0.000000, inc_y_r = 1.000000, inc_x_i = 1.000000, inc_y_i = 1.000000
En el else......

----------------------------------------
x = 26.000000, y = 218.000000
avance = -425.000000, avanceR = 2.000000, avanceI = 2.000000
inc_x_r = 0.000000, inc_y_r = 1.000000, inc_x_i = 1.000000, inc_y_i = 1.000000
En el else......

----------------------------------------
x = 26.000000, y = 219.000000
avance = -423.000000, avanceR = 2.000000, avanceI = 2.000000
inc_x_r = 0.000000, inc_y_r = 1.000000, inc_x_i = 1.000000, inc_y_i = 1.000000
En el else......

----------------------------------------
x = 26.000000, y = 220.000000
avance = -421.000000, avanceR = 2.000000, avanceI = 2.000000
inc_x_r = 0.000000, inc_y_r = 1.000000, inc_x_i = 1.000000, inc_y_i = 1.000000
En el else......

----------------------------------------
x = 26.000000, y = 221.000000
avance = -419.000000, avanceR = 2.000000, avanceI = 2.000000
inc_x_r = 0.000000, inc_y_r = 1.000000, inc_x_i = 1.000000, inc_y_i = 1.000000
En el else......

----------------------------------------
x = 26.000000, y = 222.000000
avance = -417.000000, avanceR = 2.000000, avanceI = 2.000000
inc_x_r = 0.000000, inc_y_r = 1.000000, inc_x_i = 1.000000, inc_y_i = 1.000000
En el else......

----------------------------------------
x = 26.000000, y = 223.000000
avance = -415.000000, avanceR = 2.000000, avanceI = 2.000000
inc_x_r = 0.000000, inc_y_r = 1.000000, inc_x_i = 1.000000, inc_y_i = 1.000000
En el else......

----------------------------------------
x = 26.000000, y = 224.000000
avance = -413.000000, avanceR = 2.000000, avanceI = 2.000000
inc_x_r = 0.000000, inc_y_r = 1.000000, inc_x_i = 1.000000, inc_y_i = 1.000000
En el else......

----------------------------------------
x = 26.000000, y = 225.000000
avance = -411.000000, avanceR = 2.000000, avanceI = 2.000000
inc_x_r = 0.000000, inc_y_r = 1.000000, inc_x_i = 1.000000, inc_y_i = 1.000000
En el else......

----------------------------------------
x = 26.000000, y = 226.000000
avance = -409.000000, avanceR = 2.000000, avanceI = 2.000000
inc_x_r = 0.000000, inc_y_r = 1.000000, inc_x_i = 1.000000, inc_y_i = 1.000000
En el else......

----------------------------------------
x = 26.000000, y = 227.000000
avance = -407.000000, avanceR = 2.000000, avanceI = 2.000000
inc_x_r = 0.000000, inc_y_r = 1.000000, inc_x_i = 1.000000, inc_y_i = 1.000000
En el else......

----------------------------------------
x = 26.000000, y = 228.000000
avance = -405.000000, avanceR = 2.000000, avanceI = 2.000000
inc_x_r = 0.000000, inc_y_r = 1.000000, inc_x_i = 1.000000, inc_y_i = 1.000000
En el else......

----------------------------------------
x = 26.000000, y = 229.000000
avance = -403.000000, avanceR = 2.000000, avanceI = 2.000000
inc_x_r = 0.000000, inc_y_r = 1.000000, inc_x_i = 1.000000, inc_y_i = 1.000000
En el else......

----------------------------------------
x = 26.000000, y = 230.000000
avance = -401.000000, avanceR = 2.000000, avanceI = 2.000000
inc_x_r = 0.000000, inc_y_r = 1.000000, inc_x_i = 1.000000, inc_y_i = 1.000000
En el else......

----------------------------------------
x = 26.000000, y = 231.000000
avance = -399.000000, avanceR = 2.000000, avanceI = 2.000000
inc_x_r = 0.000000, inc_y_r = 1.000000, inc_x_i = 1.000000, inc_y_i = 1.000000
En el else......

----------------------------------------
x = 26.000000, y = 232.000000
avance = -397.000000, avanceR = 2.000000, avanceI = 2.000000
inc_x_r = 0.000000, inc_y_r = 1.000000, inc_x_i = 1.000000, inc_y_i = 1.000000
En el else......

----------------------------------------
x = 26.000000, y = 233.000000
avance = -395.000000, avanceR = 2.000000, avanceI = 2.000000
inc_x_r = 0.000000, inc_y_r = 1.000000, inc_x_i = 1.000000, inc_y_i = 1.000000
En el else......

----------------------------------------
x = 26.000000, y = 234.000000
avance = -393.000000, avanceR = 2.000000, avanceI = 2.000000
inc_x_r = 0.000000, inc_y_r = 1.000000, inc_x_i = 1.000000, inc_y_i = 1.000000
En el else......

----------------------------------------
x = 26.000000, y = 235.000000
avance = -391.000000, avanceR = 2.000000, avanceI = 2.000000
inc_x_r = 0.000000, inc_y_r = 1.000000, inc_x_i = 1.000000, inc_y_i = 1.000000
En el else......

----------------------------------------
x = 26.000000, y = 236.000000
avance = -389.000000, avanceR = 2.000000, avanceI = 2.000000
inc_x_r = 0.000000, inc_y_r = 1.000000, inc_x_i = 1.000000, inc_y_i = 1.000000
En el else......

----------------------------------------
x = 26.000000, y = 237.000000
avance = -387.000000, avanceR = 2.000000, avanceI = 2.000000
inc_x_r = 0.000000, inc_y_r = 1.000000, inc_x_i = 1.000000, inc_y_i = 1.000000
En el else......

----------------------------------------
x = 26.000000, y = 238.000000
avance = -385.000000, avanceR = 2.000000, avanceI = 2.000000
inc_x_r = 0.000000, inc_y_r = 1.000000, inc_x_i = 1.000000, inc_y_i = 1.000000
En el else......

----------------------------------------
x = 26.000000, y = 239.000000
avance = -383.000000, avanceR = 2.000000, avanceI = 2.000000
inc_x_r = 0.000000, inc_y_r = 1.000000, inc_x_i = 1.000000, inc_y_i = 1.000000
En el else......

----------------------------------------
x = 26.000000, y = 240.000000
avance = -381.000000, avanceR = 2.000000, avanceI = 2.000000
inc_x_r = 0.000000, inc_y_r = 1.000000, inc_x_i = 1.000000, inc_y_i = 1.000000
En el else......

----------------------------------------
x = 26.000000, y = 241.000000
avance = -379.000000, avanceR = 2.000000, avanceI = 2.000000
inc_x_r = 0.000000, inc_y_r = 1.000000, inc_x_i = 1.000000, inc_y_i = 1.000000
En el else......

----------------------------------------
x = 26.000000, y = 242.000000
avance = -377.000000, avanceR = 2.000000, avanceI = 2.000000
inc_x_r = 0.000000, inc_y_r = 1.000000, inc_x_i = 1.000000, inc_y_i = 1.000000
En el else......

----------------------------------------
x = 26.000000, y = 243.000000
avance = -375.000000, avanceR = 2.000000, avanceI = 2.000000
inc_x_r = 0.000000, inc_y_r = 1.000000, inc_x_i = 1.000000, inc_y_i = 1.000000
En el else......

----------------------------------------
x = 26.000000, y = 244.000000
avance = -373.000000, avanceR = 2.000000, avanceI = 2.000000
inc_x_r = 0.000000, inc_y_r = 1.000000, inc_x_i = 1.000000, inc_y_i = 1.000000
En el else......

----------------------------------------
x = 26.000000, y = 245.000000
avance = -371.000000, avanceR = 2.000000, avanceI = 2.000000
inc_x_r = 0.000000, inc_y_r = 1.000000, inc_x_i = 1.000000, inc_y_i = 1.000000
En el else......

----------------------------------------
x = 26.000000, y = 246.000000
avance = -369.000000, avanceR = 2.000000, avanceI = 2.000000
inc_x_r = 0.000000, inc_y_r = 1.000000, inc_x_i = 1.000000, inc_y_i = 1.000000
En el else......

----------------------------------------
x = 26.000000, y = 247.000000
avance = -367.000000, avanceR = 2.000000, avanceI = 2.000000
inc_x_r = 0.000000, inc_y_r = 1.000000, inc_x_i = 1.000000, inc_y_i = 1.000000
En el else......

----------------------------------------
x = 26.000000, y = 248.000000
avance = -365.000000, avanceR = 2.000000, avanceI = 2.000000
inc_x_r = 0.000000, inc_y_r = 1.000000, inc_x_i = 1.000000, inc_y_i = 1.000000
En el else......

----------------------------------------
x = 26.000000, y = 249.000000
avance = -363.000000, avanceR = 2.000000, avanceI = 2.000000
inc_x_r = 0.000000, inc_y_r = 1.000000, inc_x_i = 1.000000, inc_y_i = 1.000000
En el else......

----------------------------------------
x = 26.000000, y = 250.000000
avance = -361.000000, avanceR = 2.000000, avanceI = 2.000000
inc_x_r = 0.000000, inc_y_r = 1.000000, inc_x_i = 1.000000, inc_y_i = 1.000000
En el else......

----------------------------------------
x = 26.000000, y = 251.000000
avance = -359.000000, avanceR = 2.000000, avanceI = 2.000000
inc_x_r = 0.000000, inc_y_r = 1.000000, inc_x_i = 1.000000, inc_y_i = 1.000000
En el else......

----------------------------------------
x = 26.000000, y = 252.000000
avance = -357.000000, avanceR = 2.000000, avanceI = 2.000000
inc_x_r = 0.000000, inc_y_r = 1.000000, inc_x_i = 1.000000, inc_y_i = 1.000000
En el else......

----------------------------------------
x = 26.000000, y = 253.000000
avance = -355.000000, avanceR = 2.000000, avanceI = 2.000000
inc_x_r = 0.000000, inc_y_r = 1.000000, inc_x_i = 1.000000, inc_y_i = 1.000000
En el else......

----------------------------------------
x = 26.000000, y = 254.000000
avance = -353.000000, avanceR = 2.000000, avanceI = 2.000000
inc_x_r = 0.000000, inc_y_r = 1.000000, inc_x_i = 1.000000, inc_y_i = 1.000000
En el else......

----------------------------------------
x = 26.000000, y = 255.000000
avance = -351.000000, avanceR = 2.000000, avanceI = 2.000000
inc_x_r = 0.000000, inc_y_r = 1.000000, inc_x_i = 1.000000, inc_y_i = 1.000000
En el else......

----------------------------------------
x = 26.000000, y = 256.000000
avance = -349.000000, avanceR = 2.000000, avanceI = 2.000000
inc_x_r = 0.000000, inc_y_r = 1.000000, inc_x_i = 1.000000, inc_y_i = 1.000000
En el else......

----------------------------------------
x = 26.000000, y = 257.000000
avance = -347.000000, avanceR = 2.000000, avanceI = 2.000000
inc_x_r = 0.000000, inc_y_r = 1.000000, inc_x_i = 1.000000, inc_y_i = 1.000000
En el else......

----------------------------------------
x = 26.000000, y = 258.000000
avance = -345.000000, avanceR = 2.000000, avanceI = 2.000000
inc_x_r = 0.000000, inc_y_r = 1.000000, inc_x_i = 1.000000, inc_y_i = 1.000000
En el else......

----------------------------------------
x = 26.000000, y = 259.000000
avance = -343.000000, avanceR = 2.000000, avanceI = 2.000000
inc_x_r = 0.000000, inc_y_r = 1.000000, inc_x_i = 1.000000, inc_y_i = 1.000000
En el else......

----------------------------------------
x = 26.000000, y = 260.000000
avance = -341.000000, avanceR = 2.000000, avanceI = 2.000000
inc_x_r = 0.000000, inc_y_r = 1.000000, inc_x_i = 1.000000, inc_y_i = 1.000000
En el else......

----------------------------------------
x = 26.000000, y = 261.000000
avance = -339.000000, avanceR = 2.000000, avanceI = 2.000000
inc_x_r = 0.000000, inc_y_r = 1.000000, inc_x_i = 1.000000, inc_y_i = 1.000000
En el else......

----------------------------------------
x = 26.000000, y = 262.000000
avance = -337.000000, avanceR = 2.000000, avanceI = 2.000000
inc_x_r = 0.000000, inc_y_r = 1.000000, inc_x_i = 1.000000, inc_y_i = 1.000000
En el else......

----------------------------------------
x = 26.000000, y = 263.000000
avance = -335.000000, avanceR = 2.000000, avanceI = 2.000000
inc_x_r = 0.000000, inc_y_r = 1.000000, inc_x_i = 1.000000, inc_y_i = 1.000000
En el else......

----------------------------------------
x = 26.000000, y = 264.000000
avance = -333.000000, avanceR = 2.000000, avanceI = 2.000000
inc_x_r = 0.000000, inc_y_r = 1.000000, inc_x_i = 1.000000, inc_y_i = 1.000000
En el else......

----------------------------------------
x = 26.000000, y = 265.000000
avance = -331.000000, avanceR = 2.000000, avanceI = 2.000000
inc_x_r = 0.000000, inc_y_r = 1.000000, inc_x_i = 1.000000, inc_y_i = 1.000000
En el else......

----------------------------------------
x = 26.000000, y = 266.000000
avance = -329.000000, avanceR = 2.000000, avanceI = 2.000000
inc_x_r = 0.000000, inc_y_r = 1.000000, inc_x_i = 1.000000, inc_y_i = 1.000000
En el else......

----------------------------------------
x = 26.000000, y = 267.000000
avance = -327.000000, avanceR = 2.000000, avanceI = 2.000000
inc_x_r = 0.000000, inc_y_r = 1.000000, inc_x_i = 1.000000, inc_y_i = 1.000000
En el else......

----------------------------------------
x = 26.000000, y = 268.000000
avance = -325.000000, avanceR = 2.000000, avanceI = 2.000000
inc_x_r = 0.000000, inc_y_r = 1.000000, inc_x_i = 1.000000, inc_y_i = 1.000000
En el else......

----------------------------------------
x = 26.000000, y = 269.000000
avance = -323.000000, avanceR = 2.000000, avanceI = 2.000000
inc_x_r = 0.000000, inc_y_r = 1.000000, inc_x_i = 1.000000, inc_y_i = 1.000000
En el else......

----------------------------------------
x = 26.000000, y = 270.000000
avance = -321.000000, avanceR = 2.000000, avanceI = 2.000000
inc_x_r = 0.000000, inc_y_r = 1.000000, inc_x_i = 1.000000, inc_y_i = 1.000000
En el else......

----------------------------------------
x = 26.000000, y = 271.000000
avance = -319.000000, avanceR = 2.000000, avanceI = 2.000000
inc_x_r = 0.000000, inc_y_r = 1.000000, inc_x_i = 1.000000, inc_y_i = 1.000000
En el else......

----------------------------------------
x = 26.000000, y = 272.000000
avance = -317.000000, avanceR = 2.000000, avanceI = 2.000000
inc_x_r = 0.000000, inc_y_r = 1.000000, inc_x_i = 1.000000, inc_y_i = 1.000000
En el else......

----------------------------------------
x = 26.000000, y = 273.000000
avance = -315.000000, avanceR = 2.000000, avanceI = 2.000000
inc_x_r = 0.000000, inc_y_r = 1.000000, inc_x_i = 1.000000, inc_y_i = 1.000000
En el else......

----------------------------------------
x = 26.000000, y = 274.000000
avance = -313.000000, avanceR = 2.000000, avanceI = 2.000000
inc_x_r = 0.000000, inc_y_r = 1.000000, inc_x_i = 1.000000, inc_y_i = 1.000000
En el else......

----------------------------------------
x = 26.000000, y = 275.000000
avance = -311.000000, avanceR = 2.000000, avanceI = 2.000000
inc_x_r = 0.000000, inc_y_r = 1.000000, inc_x_i = 1.000000, inc_y_i = 1.000000
En el else......

----------------------------------------
x = 26.000000, y = 276.000000
avance = -309.000000, avanceR = 2.000000, avanceI = 2.000000
inc_x_r = 0.000000, inc_y_r = 1.000000, inc_x_i = 1.000000, inc_y_i = 1.000000
En el else......

----------------------------------------
x = 26.000000, y = 277.000000
avance = -307.000000, avanceR = 2.000000, avanceI = 2.000000
inc_x_r = 0.000000, inc_y_r = 1.000000, inc_x_i = 1.000000, inc_y_i = 1.000000
En el else......

----------------------------------------
x = 26.000000, y = 278.000000
avance = -305.000000, avanceR = 2.000000, avanceI = 2.000000
inc_x_r = 0.000000, inc_y_r = 1.000000, inc_x_i = 1.000000, inc_y_i = 1.000000
En el else......

----------------------------------------
x = 26.000000, y = 279.000000
avance = -303.000000, avanceR = 2.000000, avanceI = 2.000000
inc_x_r = 0.000000, inc_y_r = 1.000000, inc_x_i = 1.000000, inc_y_i = 1.000000
En el else......

----------------------------------------
x = 26.000000, y = 280.000000
avance = -301.000000, avanceR = 2.000000, avanceI = 2.000000
inc_x_r = 0.000000, inc_y_r = 1.000000, inc_x_i = 1.000000, inc_y_i = 1.000000
En el else......

----------------------------------------
x = 26.000000, y = 281.000000
avance = -299.000000, avanceR = 2.000000, avanceI = 2.000000
inc_x_r = 0.000000, inc_y_r = 1.000000, inc_x_i = 1.000000, inc_y_i = 1.000000
En el else......

----------------------------------------
x = 26.000000, y = 282.000000
avance = -297.000000, avanceR = 2.000000, avanceI = 2.000000
inc_x_r = 0.000000, inc_y_r = 1.000000, inc_x_i = 1.000000, inc_y_i = 1.000000
En el else......

----------------------------------------
x = 26.000000, y = 283.000000
avance = -295.000000, avanceR = 2.000000, avanceI = 2.000000
inc_x_r = 0.000000, inc_y_r = 1.000000, inc_x_i = 1.000000, inc_y_i = 1.000000
En el else......

----------------------------------------
x = 26.000000, y = 284.000000
avance = -293.000000, avanceR = 2.000000, avanceI = 2.000000
inc_x_r = 0.000000, inc_y_r = 1.000000, inc_x_i = 1.000000, inc_y_i = 1.000000
En el else......

----------------------------------------
x = 26.000000, y = 285.000000
avance = -291.000000, avanceR = 2.000000, avanceI = 2.000000
inc_x_r = 0.000000, inc_y_r = 1.000000, inc_x_i = 1.000000, inc_y_i = 1.000000
En el else......

----------------------------------------
x = 26.000000, y = 286.000000
avance = -289.000000, avanceR = 2.000000, avanceI = 2.000000
inc_x_r = 0.000000, inc_y_r = 1.000000, inc_x_i = 1.000000, inc_y_i = 1.000000
En el else......

----------------------------------------
x = 26.000000, y = 287.000000
avance = -287.000000, avanceR = 2.000000, avanceI = 2.000000
inc_x_r = 0.000000, inc_y_r = 1.000000, inc_x_i = 1.000000, inc_y_i = 1.000000
En el else......

----------------------------------------
x = 26.000000, y = 288.000000
avance = -285.000000, avanceR = 2.000000, avanceI = 2.000000
inc_x_r = 0.000000, inc_y_r = 1.000000, inc_x_i = 1.000000, inc_y_i = 1.000000
En el else......

----------------------------------------
x = 26.000000, y = 289.000000
avance = -283.000000, avanceR = 2.000000, avanceI = 2.000000
inc_x_r = 0.000000, inc_y_r = 1.000000, inc_x_i = 1.000000, inc_y_i = 1.000000
En el else......

----------------------------------------
x = 26.000000, y = 290.000000
avance = -281.000000, avanceR = 2.000000, avanceI = 2.000000
inc_x_r = 0.000000, inc_y_r = 1.000000, inc_x_i = 1.000000, inc_y_i = 1.000000
En el else......

----------------------------------------
x = 26.000000, y = 291.000000
avance = -279.000000, avanceR = 2.000000, avanceI = 2.000000
inc_x_r = 0.000000, inc_y_r = 1.000000, inc_x_i = 1.000000, inc_y_i = 1.000000
En el else......

----------------------------------------
x = 26.000000, y = 292.000000
avance = -277.000000, avanceR = 2.000000, avanceI = 2.000000
inc_x_r = 0.000000, inc_y_r = 1.000000, inc_x_i = 1.000000, inc_y_i = 1.000000
En el else......

----------------------------------------
x = 26.000000, y = 293.000000
avance = -275.000000, avanceR = 2.000000, avanceI = 2.000000
inc_x_r = 0.000000, inc_y_r = 1.000000, inc_x_i = 1.000000, inc_y_i = 1.000000
En el else......

----------------------------------------
x = 26.000000, y = 294.000000
avance = -273.000000, avanceR = 2.000000, avanceI = 2.000000
inc_x_r = 0.000000, inc_y_r = 1.000000, inc_x_i = 1.000000, inc_y_i = 1.000000
En el else......

----------------------------------------
x = 26.000000, y = 295.000000
avance = -271.000000, avanceR = 2.000000, avanceI = 2.000000
inc_x_r = 0.000000, inc_y_r = 1.000000, inc_x_i = 1.000000, inc_y_i = 1.000000
En el else......

----------------------------------------
x = 26.000000, y = 296.000000
avance = -269.000000, avanceR = 2.000000, avanceI = 2.000000
inc_x_r = 0.000000, inc_y_r = 1.000000, inc_x_i = 1.000000, inc_y_i = 1.000000
En el else......

----------------------------------------
x = 26.000000, y = 297.000000
avance = -267.000000, avanceR = 2.000000, avanceI = 2.000000
inc_x_r = 0.000000, inc_y_r = 1.000000, inc_x_i = 1.000000, inc_y_i = 1.000000
En el else......

----------------------------------------
x = 26.000000, y = 298.000000
avance = -265.000000, avanceR = 2.000000, avanceI = 2.000000
inc_x_r = 0.000000, inc_y_r = 1.000000, inc_x_i = 1.000000, inc_y_i = 1.000000
En el else......

----------------------------------------
x = 26.000000, y = 299.000000
avance = -263.000000, avanceR = 2.000000, avanceI = 2.000000
inc_x_r = 0.000000, inc_y_r = 1.000000, inc_x_i = 1.000000, inc_y_i = 1.000000
En el else......

----------------------------------------
x = 26.000000, y = 300.000000
avance = -261.000000, avanceR = 2.000000, avanceI = 2.000000
inc_x_r = 0.000000, inc_y_r = 1.000000, inc_x_i = 1.000000, inc_y_i = 1.000000
En el else......

----------------------------------------
x = 26.000000, y = 301.000000
avance = -259.000000, avanceR = 2.000000, avanceI = 2.000000
inc_x_r = 0.000000, inc_y_r = 1.000000, inc_x_i = 1.000000, inc_y_i = 1.000000
En el else......

----------------------------------------
x = 26.000000, y = 302.000000
avance = -257.000000, avanceR = 2.000000, avanceI = 2.000000
inc_x_r = 0.000000, inc_y_r = 1.000000, inc_x_i = 1.000000, inc_y_i = 1.000000
En el else......

----------------------------------------
x = 26.000000, y = 303.000000
avance = -255.000000, avanceR = 2.000000, avanceI = 2.000000
inc_x_r = 0.000000, inc_y_r = 1.000000, inc_x_i = 1.000000, inc_y_i = 1.000000
En el else......

----------------------------------------
x = 26.000000, y = 304.000000
avance = -253.000000, avanceR = 2.000000, avanceI = 2.000000
inc_x_r = 0.000000, inc_y_r = 1.000000, inc_x_i = 1.000000, inc_y_i = 1.000000
En el else......

----------------------------------------
x = 26.000000, y = 305.000000
avance = -251.000000, avanceR = 2.000000, avanceI = 2.000000
inc_x_r = 0.000000, inc_y_r = 1.000000, inc_x_i = 1.000000, inc_y_i = 1.000000
En el else......

----------------------------------------


ENTRAMOS A BRESENHAMªªªª
x1 = 25.000000 - y1 = 55.000000 || x2 = 26.000000 - y2 = 306.000000
dy = 251.000000, dx = 1.000000
avances inclinados: inc_x_i = 1.000000, inc_y_i = 1.000000
updated: dy = 251.000000, dx = 1.000000
avances rectos: inc_x_r = 0.000000, inc_y_r 1.000000
reupdated: dy = 1.000000, dx = 251.000000
avanceR = 2.000000, avance -249.000000, avanceI 2.000000
----------------------------------------
x = 25.000000, y = 55.000000
avance = -249.000000, avanceR = 2.000000, avanceI = 2.000000
inc_x_r = 0.000000, inc_y_r = 1.000000, inc_x_i = 1.000000, inc_y_i = 1.000000
En el else......

----------------------------------------
x = 25.000000, y = 56.000000
avance = -247.000000, avanceR = 2.000000, avanceI = 2.000000
inc_x_r = 0.000000, inc_y_r = 1.000000, inc_x_i = 1.000000, inc_y_i = 1.000000
En el else......

----------------------------------------
x = 25.000000, y = 57.000000
avance = -245.000000, avanceR = 2.000000, avanceI = 2.000000
inc_x_r = 0.000000, inc_y_r = 1.000000, inc_x_i = 1.000000, inc_y_i = 1.000000
En el else......

----------------------------------------
x = 25.000000, y = 58.000000
avance = -243.000000, avanceR = 2.000000, avanceI = 2.000000
inc_x_r = 0.000000, inc_y_r = 1.000000, inc_x_i = 1.000000, inc_y_i = 1.000000
En el else......

----------------------------------------
x = 25.000000, y = 59.000000
avance = -241.000000, avanceR = 2.000000, avanceI = 2.000000
inc_x_r = 0.000000, inc_y_r = 1.000000, inc_x_i = 1.000000, inc_y_i = 1.000000
En el else......

----------------------------------------
x = 25.000000, y = 60.000000
avance = -239.000000, avanceR = 2.000000, avanceI = 2.000000
inc_x_r = 0.000000, inc_y_r = 1.000000, inc_x_i = 1.000000, inc_y_i = 1.000000
En el else......

----------------------------------------
x = 25.000000, y = 61.000000
avance = -237.000000, avanceR = 2.000000, avanceI = 2.000000
inc_x_r = 0.000000, inc_y_r = 1.000000, inc_x_i = 1.000000, inc_y_i = 1.000000
En el else......

----------------------------------------
x = 25.000000, y = 62.000000
avance = -235.000000, avanceR = 2.000000, avanceI = 2.000000
inc_x_r = 0.000000, inc_y_r = 1.000000, inc_x_i = 1.000000, inc_y_i = 1.000000
En el else......

----------------------------------------
x = 25.000000, y = 63.000000
avance = -233.000000, avanceR = 2.000000, avanceI = 2.000000
inc_x_r = 0.000000, inc_y_r = 1.000000, inc_x_i = 1.000000, inc_y_i = 1.000000
En el else......

----------------------------------------
x = 25.000000, y = 64.000000
avance = -231.000000, avanceR = 2.000000, avanceI = 2.000000
inc_x_r = 0.000000, inc_y_r = 1.000000, inc_x_i = 1.000000, inc_y_i = 1.000000
En el else......

----------------------------------------
x = 25.000000, y = 65.000000
avance = -229.000000, avanceR = 2.000000, avanceI = 2.000000
inc_x_r = 0.000000, inc_y_r = 1.000000, inc_x_i = 1.000000, inc_y_i = 1.000000
En el else......

----------------------------------------
x = 25.000000, y = 66.000000
avance = -227.000000, avanceR = 2.000000, avanceI = 2.000000
inc_x_r = 0.000000, inc_y_r = 1.000000, inc_x_i = 1.000000, inc_y_i = 1.000000
En el else......

----------------------------------------
x = 25.000000, y = 67.000000
avance = -225.000000, avanceR = 2.000000, avanceI = 2.000000
inc_x_r = 0.000000, inc_y_r = 1.000000, inc_x_i = 1.000000, inc_y_i = 1.000000
En el else......

----------------------------------------
x = 25.000000, y = 68.000000
avance = -223.000000, avanceR = 2.000000, avanceI = 2.000000
inc_x_r = 0.000000, inc_y_r = 1.000000, inc_x_i = 1.000000, inc_y_i = 1.000000
En el else......

----------------------------------------
x = 25.000000, y = 69.000000
avance = -221.000000, avanceR = 2.000000, avanceI = 2.000000
inc_x_r = 0.000000, inc_y_r = 1.000000, inc_x_i = 1.000000, inc_y_i = 1.000000
En el else......

----------------------------------------
x = 25.000000, y = 70.000000
avance = -219.000000, avanceR = 2.000000, avanceI = 2.000000
inc_x_r = 0.000000, inc_y_r = 1.000000, inc_x_i = 1.000000, inc_y_i = 1.000000
En el else......

----------------------------------------
x = 25.000000, y = 71.000000
avance = -217.000000, avanceR = 2.000000, avanceI = 2.000000
inc_x_r = 0.000000, inc_y_r = 1.000000, inc_x_i = 1.000000, inc_y_i = 1.000000
En el else......

----------------------------------------
x = 25.000000, y = 72.000000
avance = -215.000000, avanceR = 2.000000, avanceI = 2.000000
inc_x_r = 0.000000, inc_y_r = 1.000000, inc_x_i = 1.000000, inc_y_i = 1.000000
En el else......

----------------------------------------
x = 25.000000, y = 73.000000
avance = -213.000000, avanceR = 2.000000, avanceI = 2.000000
inc_x_r = 0.000000, inc_y_r = 1.000000, inc_x_i = 1.000000, inc_y_i = 1.000000
En el else......

----------------------------------------
x = 25.000000, y = 74.000000
avance = -211.000000, avanceR = 2.000000, avanceI = 2.000000
inc_x_r = 0.000000, inc_y_r = 1.000000, inc_x_i = 1.000000, inc_y_i = 1.000000
En el else......

----------------------------------------
x = 25.000000, y = 75.000000
avance = -209.000000, avanceR = 2.000000, avanceI = 2.000000
inc_x_r = 0.000000, inc_y_r = 1.000000, inc_x_i = 1.000000, inc_y_i = 1.000000
En el else......

----------------------------------------
x = 25.000000, y = 76.000000
avance = -207.000000, avanceR = 2.000000, avanceI = 2.000000
inc_x_r = 0.000000, inc_y_r = 1.000000, inc_x_i = 1.000000, inc_y_i = 1.000000
En el else......

----------------------------------------
x = 25.000000, y = 77.000000
avance = -205.000000, avanceR = 2.000000, avanceI = 2.000000
inc_x_r = 0.000000, inc_y_r = 1.000000, inc_x_i = 1.000000, inc_y_i = 1.000000
En el else......

----------------------------------------
x = 25.000000, y = 78.000000
avance = -203.000000, avanceR = 2.000000, avanceI = 2.000000
inc_x_r = 0.000000, inc_y_r = 1.000000, inc_x_i = 1.000000, inc_y_i = 1.000000
En el else......

----------------------------------------
x = 25.000000, y = 79.000000
avance = -201.000000, avanceR = 2.000000, avanceI = 2.000000
inc_x_r = 0.000000, inc_y_r = 1.000000, inc_x_i = 1.000000, inc_y_i = 1.000000
En el else......

----------------------------------------
x = 25.000000, y = 80.000000
avance = -199.000000, avanceR = 2.000000, avanceI = 2.000000
inc_x_r = 0.000000, inc_y_r = 1.000000, inc_x_i = 1.000000, inc_y_i = 1.000000
En el else......

----------------------------------------
x = 25.000000, y = 81.000000
avance = -197.000000, avanceR = 2.000000, avanceI = 2.000000
inc_x_r = 0.000000, inc_y_r = 1.000000, inc_x_i = 1.000000, inc_y_i = 1.000000
En el else......

----------------------------------------
x = 25.000000, y = 82.000000
avance = -195.000000, avanceR = 2.000000, avanceI = 2.000000
inc_x_r = 0.000000, inc_y_r = 1.000000, inc_x_i = 1.000000, inc_y_i = 1.000000
En el else......

----------------------------------------
x = 25.000000, y = 83.000000
avance = -193.000000, avanceR = 2.000000, avanceI = 2.000000
inc_x_r = 0.000000, inc_y_r = 1.000000, inc_x_i = 1.000000, inc_y_i = 1.000000
En el else......

----------------------------------------
x = 25.000000, y = 84.000000
avance = -191.000000, avanceR = 2.000000, avanceI = 2.000000
inc_x_r = 0.000000, inc_y_r = 1.000000, inc_x_i = 1.000000, inc_y_i = 1.000000
En el else......

----------------------------------------
x = 25.000000, y = 85.000000
avance = -189.000000, avanceR = 2.000000, avanceI = 2.000000
inc_x_r = 0.000000, inc_y_r = 1.000000, inc_x_i = 1.000000, inc_y_i = 1.000000
En el else......

----------------------------------------
x = 25.000000, y = 86.000000
avance = -187.000000, avanceR = 2.000000, avanceI = 2.000000
inc_x_r = 0.000000, inc_y_r = 1.000000, inc_x_i = 1.000000, inc_y_i = 1.000000
En el else......

----------------------------------------
x = 25.000000, y = 87.000000
avance = -185.000000, avanceR = 2.000000, avanceI = 2.000000
inc_x_r = 0.000000, inc_y_r = 1.000000, inc_x_i = 1.000000, inc_y_i = 1.000000
En el else......

----------------------------------------
x = 25.000000, y = 88.000000
avance = -183.000000, avanceR = 2.000000, avanceI = 2.000000
inc_x_r = 0.000000, inc_y_r = 1.000000, inc_x_i = 1.000000, inc_y_i = 1.000000
En el else......

----------------------------------------
x = 25.000000, y = 89.000000
avance = -181.000000, avanceR = 2.000000, avanceI = 2.000000
inc_x_r = 0.000000, inc_y_r = 1.000000, inc_x_i = 1.000000, inc_y_i = 1.000000
En el else......

----------------------------------------
x = 25.000000, y = 90.000000
avance = -179.000000, avanceR = 2.000000, avanceI = 2.000000
inc_x_r = 0.000000, inc_y_r = 1.000000, inc_x_i = 1.000000, inc_y_i = 1.000000
En el else......

----------------------------------------
x = 25.000000, y = 91.000000
avance = -177.000000, avanceR = 2.000000, avanceI = 2.000000
inc_x_r = 0.000000, inc_y_r = 1.000000, inc_x_i = 1.000000, inc_y_i = 1.000000
En el else......

----------------------------------------
x = 25.000000, y = 92.000000
avance = -175.000000, avanceR = 2.000000, avanceI = 2.000000
inc_x_r = 0.000000, inc_y_r = 1.000000, inc_x_i = 1.000000, inc_y_i = 1.000000
En el else......

----------------------------------------
x = 25.000000, y = 93.000000
avance = -173.000000, avanceR = 2.000000, avanceI = 2.000000
inc_x_r = 0.000000, inc_y_r = 1.000000, inc_x_i = 1.000000, inc_y_i = 1.000000
En el else......

----------------------------------------
x = 25.000000, y = 94.000000
avance = -171.000000, avanceR = 2.000000, avanceI = 2.000000
inc_x_r = 0.000000, inc_y_r = 1.000000, inc_x_i = 1.000000, inc_y_i = 1.000000
En el else......

----------------------------------------
x = 25.000000, y = 95.000000
avance = -169.000000, avanceR = 2.000000, avanceI = 2.000000
inc_x_r = 0.000000, inc_y_r = 1.000000, inc_x_i = 1.000000, inc_y_i = 1.000000
En el else......

----------------------------------------
x = 25.000000, y = 96.000000
avance = -167.000000, avanceR = 2.000000, avanceI = 2.000000
inc_x_r = 0.000000, inc_y_r = 1.000000, inc_x_i = 1.000000, inc_y_i = 1.000000
En el else......

----------------------------------------
x = 25.000000, y = 97.000000
avance = -165.000000, avanceR = 2.000000, avanceI = 2.000000
inc_x_r = 0.000000, inc_y_r = 1.000000, inc_x_i = 1.000000, inc_y_i = 1.000000
En el else......

----------------------------------------
x = 25.000000, y = 98.000000
avance = -163.000000, avanceR = 2.000000, avanceI = 2.000000
inc_x_r = 0.000000, inc_y_r = 1.000000, inc_x_i = 1.000000, inc_y_i = 1.000000
En el else......

----------------------------------------
x = 25.000000, y = 99.000000
avance = -161.000000, avanceR = 2.000000, avanceI = 2.000000
inc_x_r = 0.000000, inc_y_r = 1.000000, inc_x_i = 1.000000, inc_y_i = 1.000000
En el else......

----------------------------------------
x = 25.000000, y = 100.000000
avance = -159.000000, avanceR = 2.000000, avanceI = 2.000000
inc_x_r = 0.000000, inc_y_r = 1.000000, inc_x_i = 1.000000, inc_y_i = 1.000000
En el else......

----------------------------------------
x = 25.000000, y = 101.000000
avance = -157.000000, avanceR = 2.000000, avanceI = 2.000000
inc_x_r = 0.000000, inc_y_r = 1.000000, inc_x_i = 1.000000, inc_y_i = 1.000000
En el else......

----------------------------------------
x = 25.000000, y = 102.000000
avance = -155.000000, avanceR = 2.000000, avanceI = 2.000000
inc_x_r = 0.000000, inc_y_r = 1.000000, inc_x_i = 1.000000, inc_y_i = 1.000000
En el else......

----------------------------------------
x = 25.000000, y = 103.000000
avance = -153.000000, avanceR = 2.000000, avanceI = 2.000000
inc_x_r = 0.000000, inc_y_r = 1.000000, inc_x_i = 1.000000, inc_y_i = 1.000000
En el else......

----------------------------------------
x = 25.000000, y = 104.000000
avance = -151.000000, avanceR = 2.000000, avanceI = 2.000000
inc_x_r = 0.000000, inc_y_r = 1.000000, inc_x_i = 1.000000, inc_y_i = 1.000000
En el else......

----------------------------------------
x = 25.000000, y = 105.000000
avance = -149.000000, avanceR = 2.000000, avanceI = 2.000000
inc_x_r = 0.000000, inc_y_r = 1.000000, inc_x_i = 1.000000, inc_y_i = 1.000000
En el else......

----------------------------------------
x = 25.000000, y = 106.000000
avance = -147.000000, avanceR = 2.000000, avanceI = 2.000000
inc_x_r = 0.000000, inc_y_r = 1.000000, inc_x_i = 1.000000, inc_y_i = 1.000000
En el else......

----------------------------------------
x = 25.000000, y = 107.000000
avance = -145.000000, avanceR = 2.000000, avanceI = 2.000000
inc_x_r = 0.000000, inc_y_r = 1.000000, inc_x_i = 1.000000, inc_y_i = 1.000000
En el else......

----------------------------------------
x = 25.000000, y = 108.000000
avance = -143.000000, avanceR = 2.000000, avanceI = 2.000000
inc_x_r = 0.000000, inc_y_r = 1.000000, inc_x_i = 1.000000, inc_y_i = 1.000000
En el else......

----------------------------------------
x = 25.000000, y = 109.000000
avance = -141.000000, avanceR = 2.000000, avanceI = 2.000000
inc_x_r = 0.000000, inc_y_r = 1.000000, inc_x_i = 1.000000, inc_y_i = 1.000000
En el else......

----------------------------------------
x = 25.000000, y = 110.000000
avance = -139.000000, avanceR = 2.000000, avanceI = 2.000000
inc_x_r = 0.000000, inc_y_r = 1.000000, inc_x_i = 1.000000, inc_y_i = 1.000000
En el else......

----------------------------------------
x = 25.000000, y = 111.000000
avance = -137.000000, avanceR = 2.000000, avanceI = 2.000000
inc_x_r = 0.000000, inc_y_r = 1.000000, inc_x_i = 1.000000, inc_y_i = 1.000000
En el else......

----------------------------------------
x = 25.000000, y = 112.000000
avance = -135.000000, avanceR = 2.000000, avanceI = 2.000000
inc_x_r = 0.000000, inc_y_r = 1.000000, inc_x_i = 1.000000, inc_y_i = 1.000000
En el else......

----------------------------------------
x = 25.000000, y = 113.000000
avance = -133.000000, avanceR = 2.000000, avanceI = 2.000000
inc_x_r = 0.000000, inc_y_r = 1.000000, inc_x_i = 1.000000, inc_y_i = 1.000000
En el else......

----------------------------------------
x = 25.000000, y = 114.000000
avance = -131.000000, avanceR = 2.000000, avanceI = 2.000000
inc_x_r = 0.000000, inc_y_r = 1.000000, inc_x_i = 1.000000, inc_y_i = 1.000000
En el else......

----------------------------------------
x = 25.000000, y = 115.000000
avance = -129.000000, avanceR = 2.000000, avanceI = 2.000000
inc_x_r = 0.000000, inc_y_r = 1.000000, inc_x_i = 1.000000, inc_y_i = 1.000000
En el else......

----------------------------------------
x = 25.000000, y = 116.000000
avance = -127.000000, avanceR = 2.000000, avanceI = 2.000000
inc_x_r = 0.000000, inc_y_r = 1.000000, inc_x_i = 1.000000, inc_y_i = 1.000000
En el else......

----------------------------------------
x = 25.000000, y = 117.000000
avance = -125.000000, avanceR = 2.000000, avanceI = 2.000000
inc_x_r = 0.000000, inc_y_r = 1.000000, inc_x_i = 1.000000, inc_y_i = 1.000000
En el else......

----------------------------------------
x = 25.000000, y = 118.000000
avance = -123.000000, avanceR = 2.000000, avanceI = 2.000000
inc_x_r = 0.000000, inc_y_r = 1.000000, inc_x_i = 1.000000, inc_y_i = 1.000000
En el else......

----------------------------------------
x = 25.000000, y = 119.000000
avance = -121.000000, avanceR = 2.000000, avanceI = 2.000000
inc_x_r = 0.000000, inc_y_r = 1.000000, inc_x_i = 1.000000, inc_y_i = 1.000000
En el else......

----------------------------------------
x = 25.000000, y = 120.000000
avance = -119.000000, avanceR = 2.000000, avanceI = 2.000000
inc_x_r = 0.000000, inc_y_r = 1.000000, inc_x_i = 1.000000, inc_y_i = 1.000000
En el else......

----------------------------------------
x = 25.000000, y = 121.000000
avance = -117.000000, avanceR = 2.000000, avanceI = 2.000000
inc_x_r = 0.000000, inc_y_r = 1.000000, inc_x_i = 1.000000, inc_y_i = 1.000000
En el else......

----------------------------------------
x = 25.000000, y = 122.000000
avance = -115.000000, avanceR = 2.000000, avanceI = 2.000000
inc_x_r = 0.000000, inc_y_r = 1.000000, inc_x_i = 1.000000, inc_y_i = 1.000000
En el else......

----------------------------------------
x = 25.000000, y = 123.000000
avance = -113.000000, avanceR = 2.000000, avanceI = 2.000000
inc_x_r = 0.000000, inc_y_r = 1.000000, inc_x_i = 1.000000, inc_y_i = 1.000000
En el else......

----------------------------------------
x = 25.000000, y = 124.000000
avance = -111.000000, avanceR = 2.000000, avanceI = 2.000000
inc_x_r = 0.000000, inc_y_r = 1.000000, inc_x_i = 1.000000, inc_y_i = 1.000000
En el else......

----------------------------------------
x = 25.000000, y = 125.000000
avance = -109.000000, avanceR = 2.000000, avanceI = 2.000000
inc_x_r = 0.000000, inc_y_r = 1.000000, inc_x_i = 1.000000, inc_y_i = 1.000000
En el else......

----------------------------------------
x = 25.000000, y = 126.000000
avance = -107.000000, avanceR = 2.000000, avanceI = 2.000000
inc_x_r = 0.000000, inc_y_r = 1.000000, inc_x_i = 1.000000, inc_y_i = 1.000000
En el else......

----------------------------------------
x = 25.000000, y = 127.000000
avance = -105.000000, avanceR = 2.000000, avanceI = 2.000000
inc_x_r = 0.000000, inc_y_r = 1.000000, inc_x_i = 1.000000, inc_y_i = 1.000000
En el else......

----------------------------------------
x = 25.000000, y = 128.000000
avance = -103.000000, avanceR = 2.000000, avanceI = 2.000000
inc_x_r = 0.000000, inc_y_r = 1.000000, inc_x_i = 1.000000, inc_y_i = 1.000000
En el else......

----------------------------------------
x = 25.000000, y = 129.000000
avance = -101.000000, avanceR = 2.000000, avanceI = 2.000000
inc_x_r = 0.000000, inc_y_r = 1.000000, inc_x_i = 1.000000, inc_y_i = 1.000000
En el else......

----------------------------------------
x = 25.000000, y = 130.000000
avance = -99.000000, avanceR = 2.000000, avanceI = 2.000000
inc_x_r = 0.000000, inc_y_r = 1.000000, inc_x_i = 1.000000, inc_y_i = 1.000000
En el else......

----------------------------------------
x = 25.000000, y = 131.000000
avance = -97.000000, avanceR = 2.000000, avanceI = 2.000000
inc_x_r = 0.000000, inc_y_r = 1.000000, inc_x_i = 1.000000, inc_y_i = 1.000000
En el else......

----------------------------------------
x = 25.000000, y = 132.000000
avance = -95.000000, avanceR = 2.000000, avanceI = 2.000000
inc_x_r = 0.000000, inc_y_r = 1.000000, inc_x_i = 1.000000, inc_y_i = 1.000000
En el else......

----------------------------------------
x = 25.000000, y = 133.000000
avance = -93.000000, avanceR = 2.000000, avanceI = 2.000000
inc_x_r = 0.000000, inc_y_r = 1.000000, inc_x_i = 1.000000, inc_y_i = 1.000000
En el else......

----------------------------------------
x = 25.000000, y = 134.000000
avance = -91.000000, avanceR = 2.000000, avanceI = 2.000000
inc_x_r = 0.000000, inc_y_r = 1.000000, inc_x_i = 1.000000, inc_y_i = 1.000000
En el else......

----------------------------------------
x = 25.000000, y = 135.000000
avance = -89.000000, avanceR = 2.000000, avanceI = 2.000000
inc_x_r = 0.000000, inc_y_r = 1.000000, inc_x_i = 1.000000, inc_y_i = 1.000000
En el else......

----------------------------------------
x = 25.000000, y = 136.000000
avance = -87.000000, avanceR = 2.000000, avanceI = 2.000000
inc_x_r = 0.000000, inc_y_r = 1.000000, inc_x_i = 1.000000, inc_y_i = 1.000000
En el else......

----------------------------------------
x = 25.000000, y = 137.000000
avance = -85.000000, avanceR = 2.000000, avanceI = 2.000000
inc_x_r = 0.000000, inc_y_r = 1.000000, inc_x_i = 1.000000, inc_y_i = 1.000000
En el else......

----------------------------------------
x = 25.000000, y = 138.000000
avance = -83.000000, avanceR = 2.000000, avanceI = 2.000000
inc_x_r = 0.000000, inc_y_r = 1.000000, inc_x_i = 1.000000, inc_y_i = 1.000000
En el else......

----------------------------------------
x = 25.000000, y = 139.000000
avance = -81.000000, avanceR = 2.000000, avanceI = 2.000000
inc_x_r = 0.000000, inc_y_r = 1.000000, inc_x_i = 1.000000, inc_y_i = 1.000000
En el else......

----------------------------------------
x = 25.000000, y = 140.000000
avance = -79.000000, avanceR = 2.000000, avanceI = 2.000000
inc_x_r = 0.000000, inc_y_r = 1.000000, inc_x_i = 1.000000, inc_y_i = 1.000000
En el else......

----------------------------------------
x = 25.000000, y = 141.000000
avance = -77.000000, avanceR = 2.000000, avanceI = 2.000000
inc_x_r = 0.000000, inc_y_r = 1.000000, inc_x_i = 1.000000, inc_y_i = 1.000000
En el else......

----------------------------------------
x = 25.000000, y = 142.000000
avance = -75.000000, avanceR = 2.000000, avanceI = 2.000000
inc_x_r = 0.000000, inc_y_r = 1.000000, inc_x_i = 1.000000, inc_y_i = 1.000000
En el else......

----------------------------------------
x = 25.000000, y = 143.000000
avance = -73.000000, avanceR = 2.000000, avanceI = 2.000000
inc_x_r = 0.000000, inc_y_r = 1.000000, inc_x_i = 1.000000, inc_y_i = 1.000000
En el else......

----------------------------------------
x = 25.000000, y = 144.000000
avance = -71.000000, avanceR = 2.000000, avanceI = 2.000000
inc_x_r = 0.000000, inc_y_r = 1.000000, inc_x_i = 1.000000, inc_y_i = 1.000000
En el else......

----------------------------------------
x = 25.000000, y = 145.000000
avance = -69.000000, avanceR = 2.000000, avanceI = 2.000000
inc_x_r = 0.000000, inc_y_r = 1.000000, inc_x_i = 1.000000, inc_y_i = 1.000000
En el else......

----------------------------------------
x = 25.000000, y = 146.000000
avance = -67.000000, avanceR = 2.000000, avanceI = 2.000000
inc_x_r = 0.000000, inc_y_r = 1.000000, inc_x_i = 1.000000, inc_y_i = 1.000000
En el else......

----------------------------------------
x = 25.000000, y = 147.000000
avance = -65.000000, avanceR = 2.000000, avanceI = 2.000000
inc_x_r = 0.000000, inc_y_r = 1.000000, inc_x_i = 1.000000, inc_y_i = 1.000000
En el else......

----------------------------------------
x = 25.000000, y = 148.000000
avance = -63.000000, avanceR = 2.000000, avanceI = 2.000000
inc_x_r = 0.000000, inc_y_r = 1.000000, inc_x_i = 1.000000, inc_y_i = 1.000000
En el else......

----------------------------------------
x = 25.000000, y = 149.000000
avance = -61.000000, avanceR = 2.000000, avanceI = 2.000000
inc_x_r = 0.000000, inc_y_r = 1.000000, inc_x_i = 1.000000, inc_y_i = 1.000000
En el else......

----------------------------------------
x = 25.000000, y = 150.000000
avance = -59.000000, avanceR = 2.000000, avanceI = 2.000000
inc_x_r = 0.000000, inc_y_r = 1.000000, inc_x_i = 1.000000, inc_y_i = 1.000000
En el else......

----------------------------------------
x = 25.000000, y = 151.000000
avance = -57.000000, avanceR = 2.000000, avanceI = 2.000000
inc_x_r = 0.000000, inc_y_r = 1.000000, inc_x_i = 1.000000, inc_y_i = 1.000000
En el else......

----------------------------------------
x = 25.000000, y = 152.000000
avance = -55.000000, avanceR = 2.000000, avanceI = 2.000000
inc_x_r = 0.000000, inc_y_r = 1.000000, inc_x_i = 1.000000, inc_y_i = 1.000000
En el else......

----------------------------------------
x = 25.000000, y = 153.000000
avance = -53.000000, avanceR = 2.000000, avanceI = 2.000000
inc_x_r = 0.000000, inc_y_r = 1.000000, inc_x_i = 1.000000, inc_y_i = 1.000000
En el else......

----------------------------------------
x = 25.000000, y = 154.000000
avance = -51.000000, avanceR = 2.000000, avanceI = 2.000000
inc_x_r = 0.000000, inc_y_r = 1.000000, inc_x_i = 1.000000, inc_y_i = 1.000000
En el else......

----------------------------------------
x = 25.000000, y = 155.000000
avance = -49.000000, avanceR = 2.000000, avanceI = 2.000000
inc_x_r = 0.000000, inc_y_r = 1.000000, inc_x_i = 1.000000, inc_y_i = 1.000000
En el else......

----------------------------------------
x = 25.000000, y = 156.000000
avance = -47.000000, avanceR = 2.000000, avanceI = 2.000000
inc_x_r = 0.000000, inc_y_r = 1.000000, inc_x_i = 1.000000, inc_y_i = 1.000000
En el else......

----------------------------------------
x = 25.000000, y = 157.000000
avance = -45.000000, avanceR = 2.000000, avanceI = 2.000000
inc_x_r = 0.000000, inc_y_r = 1.000000, inc_x_i = 1.000000, inc_y_i = 1.000000
En el else......

----------------------------------------
x = 25.000000, y = 158.000000
avance = -43.000000, avanceR = 2.000000, avanceI = 2.000000
inc_x_r = 0.000000, inc_y_r = 1.000000, inc_x_i = 1.000000, inc_y_i = 1.000000
En el else......

----------------------------------------
x = 25.000000, y = 159.000000
avance = -41.000000, avanceR = 2.000000, avanceI = 2.000000
inc_x_r = 0.000000, inc_y_r = 1.000000, inc_x_i = 1.000000, inc_y_i = 1.000000
En el else......

----------------------------------------
x = 25.000000, y = 160.000000
avance = -39.000000, avanceR = 2.000000, avanceI = 2.000000
inc_x_r = 0.000000, inc_y_r = 1.000000, inc_x_i = 1.000000, inc_y_i = 1.000000
En el else......

----------------------------------------
x = 25.000000, y = 161.000000
avance = -37.000000, avanceR = 2.000000, avanceI = 2.000000
inc_x_r = 0.000000, inc_y_r = 1.000000, inc_x_i = 1.000000, inc_y_i = 1.000000
En el else......

----------------------------------------
x = 25.000000, y = 162.000000
avance = -35.000000, avanceR = 2.000000, avanceI = 2.000000
inc_x_r = 0.000000, inc_y_r = 1.000000, inc_x_i = 1.000000, inc_y_i = 1.000000
En el else......

----------------------------------------
x = 25.000000, y = 163.000000
avance = -33.000000, avanceR = 2.000000, avanceI = 2.000000
inc_x_r = 0.000000, inc_y_r = 1.000000, inc_x_i = 1.000000, inc_y_i = 1.000000
En el else......

----------------------------------------
x = 25.000000, y = 164.000000
avance = -31.000000, avanceR = 2.000000, avanceI = 2.000000
inc_x_r = 0.000000, inc_y_r = 1.000000, inc_x_i = 1.000000, inc_y_i = 1.000000
En el else......

----------------------------------------
x = 25.000000, y = 165.000000
avance = -29.000000, avanceR = 2.000000, avanceI = 2.000000
inc_x_r = 0.000000, inc_y_r = 1.000000, inc_x_i = 1.000000, inc_y_i = 1.000000
En el else......

----------------------------------------
x = 25.000000, y = 166.000000
avance = -27.000000, avanceR = 2.000000, avanceI = 2.000000
inc_x_r = 0.000000, inc_y_r = 1.000000, inc_x_i = 1.000000, inc_y_i = 1.000000
En el else......

----------------------------------------
x = 25.000000, y = 167.000000
avance = -25.000000, avanceR = 2.000000, avanceI = 2.000000
inc_x_r = 0.000000, inc_y_r = 1.000000, inc_x_i = 1.000000, inc_y_i = 1.000000
En el else......

----------------------------------------
x = 25.000000, y = 168.000000
avance = -23.000000, avanceR = 2.000000, avanceI = 2.000000
inc_x_r = 0.000000, inc_y_r = 1.000000, inc_x_i = 1.000000, inc_y_i = 1.000000
En el else......

----------------------------------------
x = 25.000000, y = 169.000000
avance = -21.000000, avanceR = 2.000000, avanceI = 2.000000
inc_x_r = 0.000000, inc_y_r = 1.000000, inc_x_i = 1.000000, inc_y_i = 1.000000
En el else......

----------------------------------------
x = 25.000000, y = 170.000000
avance = -19.000000, avanceR = 2.000000, avanceI = 2.000000
inc_x_r = 0.000000, inc_y_r = 1.000000, inc_x_i = 1.000000, inc_y_i = 1.000000
En el else......

----------------------------------------
x = 25.000000, y = 171.000000
avance = -17.000000, avanceR = 2.000000, avanceI = 2.000000
inc_x_r = 0.000000, inc_y_r = 1.000000, inc_x_i = 1.000000, inc_y_i = 1.000000
En el else......

----------------------------------------
x = 25.000000, y = 172.000000
avance = -15.000000, avanceR = 2.000000, avanceI = 2.000000
inc_x_r = 0.000000, inc_y_r = 1.000000, inc_x_i = 1.000000, inc_y_i = 1.000000
En el else......

----------------------------------------
x = 25.000000, y = 173.000000
avance = -13.000000, avanceR = 2.000000, avanceI = 2.000000
inc_x_r = 0.000000, inc_y_r = 1.000000, inc_x_i = 1.000000, inc_y_i = 1.000000
En el else......

----------------------------------------
x = 25.000000, y = 174.000000
avance = -11.000000, avanceR = 2.000000, avanceI = 2.000000
inc_x_r = 0.000000, inc_y_r = 1.000000, inc_x_i = 1.000000, inc_y_i = 1.000000
En el else......

----------------------------------------
x = 25.000000, y = 175.000000
avance = -9.000000, avanceR = 2.000000, avanceI = 2.000000
inc_x_r = 0.000000, inc_y_r = 1.000000, inc_x_i = 1.000000, inc_y_i = 1.000000
En el else......

----------------------------------------
x = 25.000000, y = 176.000000
avance = -7.000000, avanceR = 2.000000, avanceI = 2.000000
inc_x_r = 0.000000, inc_y_r = 1.000000, inc_x_i = 1.000000, inc_y_i = 1.000000
En el else......

----------------------------------------
x = 25.000000, y = 177.000000
avance = -5.000000, avanceR = 2.000000, avanceI = 2.000000
inc_x_r = 0.000000, inc_y_r = 1.000000, inc_x_i = 1.000000, inc_y_i = 1.000000
En el else......

----------------------------------------
x = 25.000000, y = 178.000000
avance = -3.000000, avanceR = 2.000000, avanceI = 2.000000
inc_x_r = 0.000000, inc_y_r = 1.000000, inc_x_i = 1.000000, inc_y_i = 1.000000
En el else......

----------------------------------------
x = 25.000000, y = 179.000000
avance = -1.000000, avanceR = 2.000000, avanceI = 2.000000
inc_x_r = 0.000000, inc_y_r = 1.000000, inc_x_i = 1.000000, inc_y_i = 1.000000
En el else......

----------------------------------------
x = 25.000000, y = 180.000000
avance = 1.000000, avanceR = 2.000000, avanceI = 2.000000
inc_x_r = 0.000000, inc_y_r = 1.000000, inc_x_i = 1.000000, inc_y_i = 1.000000
avance >= 0

----------------------------------------
x = 26.000000, y = 181.000000
avance = -499.000000, avanceR = 2.000000, avanceI = 2.000000
inc_x_r = 0.000000, inc_y_r = 1.000000, inc_x_i = 1.000000, inc_y_i = 1.000000
En el else......

----------------------------------------
x = 26.000000, y = 182.000000
avance = -497.000000, avanceR = 2.000000, avanceI = 2.000000
inc_x_r = 0.000000, inc_y_r = 1.000000, inc_x_i = 1.000000, inc_y_i = 1.000000
En el else......

----------------------------------------
x = 26.000000, y = 183.000000
avance = -495.000000, avanceR = 2.000000, avanceI = 2.000000
inc_x_r = 0.000000, inc_y_r = 1.000000, inc_x_i = 1.000000, inc_y_i = 1.000000
En el else......

----------------------------------------
x = 26.000000, y = 184.000000
avance = -493.000000, avanceR = 2.000000, avanceI = 2.000000
inc_x_r = 0.000000, inc_y_r = 1.000000, inc_x_i = 1.000000, inc_y_i = 1.000000
En el else......

----------------------------------------
x = 26.000000, y = 185.000000
avance = -491.000000, avanceR = 2.000000, avanceI = 2.000000
inc_x_r = 0.000000, inc_y_r = 1.000000, inc_x_i = 1.000000, inc_y_i = 1.000000
En el else......

----------------------------------------
x = 26.000000, y = 186.000000
avance = -489.000000, avanceR = 2.000000, avanceI = 2.000000
inc_x_r = 0.000000, inc_y_r = 1.000000, inc_x_i = 1.000000, inc_y_i = 1.000000
En el else......

----------------------------------------
x = 26.000000, y = 187.000000
avance = -487.000000, avanceR = 2.000000, avanceI = 2.000000
inc_x_r = 0.000000, inc_y_r = 1.000000, inc_x_i = 1.000000, inc_y_i = 1.000000
En el else......

----------------------------------------
x = 26.000000, y = 188.000000
avance = -485.000000, avanceR = 2.000000, avanceI = 2.000000
inc_x_r = 0.000000, inc_y_r = 1.000000, inc_x_i = 1.000000, inc_y_i = 1.000000
En el else......

----------------------------------------
x = 26.000000, y = 189.000000
avance = -483.000000, avanceR = 2.000000, avanceI = 2.000000
inc_x_r = 0.000000, inc_y_r = 1.000000, inc_x_i = 1.000000, inc_y_i = 1.000000
En el else......

----------------------------------------
x = 26.000000, y = 190.000000
avance = -481.000000, avanceR = 2.000000, avanceI = 2.000000
inc_x_r = 0.000000, inc_y_r = 1.000000, inc_x_i = 1.000000, inc_y_i = 1.000000
En el else......

----------------------------------------
x = 26.000000, y = 191.000000
avance = -479.000000, avanceR = 2.000000, avanceI = 2.000000
inc_x_r = 0.000000, inc_y_r = 1.000000, inc_x_i = 1.000000, inc_y_i = 1.000000
En el else......

----------------------------------------
x = 26.000000, y = 192.000000
avance = -477.000000, avanceR = 2.000000, avanceI = 2.000000
inc_x_r = 0.000000, inc_y_r = 1.000000, inc_x_i = 1.000000, inc_y_i = 1.000000
En el else......

----------------------------------------
x = 26.000000, y = 193.000000
avance = -475.000000, avanceR = 2.000000, avanceI = 2.000000
inc_x_r = 0.000000, inc_y_r = 1.000000, inc_x_i = 1.000000, inc_y_i = 1.000000
En el else......

----------------------------------------
x = 26.000000, y = 194.000000
avance = -473.000000, avanceR = 2.000000, avanceI = 2.000000
inc_x_r = 0.000000, inc_y_r = 1.000000, inc_x_i = 1.000000, inc_y_i = 1.000000
En el else......

----------------------------------------
x = 26.000000, y = 195.000000
avance = -471.000000, avanceR = 2.000000, avanceI = 2.000000
inc_x_r = 0.000000, inc_y_r = 1.000000, inc_x_i = 1.000000, inc_y_i = 1.000000
En el else......

----------------------------------------
x = 26.000000, y = 196.000000
avance = -469.000000, avanceR = 2.000000, avanceI = 2.000000
inc_x_r = 0.000000, inc_y_r = 1.000000, inc_x_i = 1.000000, inc_y_i = 1.000000
En el else......

----------------------------------------
x = 26.000000, y = 197.000000
avance = -467.000000, avanceR = 2.000000, avanceI = 2.000000
inc_x_r = 0.000000, inc_y_r = 1.000000, inc_x_i = 1.000000, inc_y_i = 1.000000
En el else......

----------------------------------------
x = 26.000000, y = 198.000000
avance = -465.000000, avanceR = 2.000000, avanceI = 2.000000
inc_x_r = 0.000000, inc_y_r = 1.000000, inc_x_i = 1.000000, inc_y_i = 1.000000
En el else......

----------------------------------------
x = 26.000000, y = 199.000000
avance = -463.000000, avanceR = 2.000000, avanceI = 2.000000
inc_x_r = 0.000000, inc_y_r = 1.000000, inc_x_i = 1.000000, inc_y_i = 1.000000
En el else......

----------------------------------------
x = 26.000000, y = 200.000000
avance = -461.000000, avanceR = 2.000000, avanceI = 2.000000
inc_x_r = 0.000000, inc_y_r = 1.000000, inc_x_i = 1.000000, inc_y_i = 1.000000
En el else......

----------------------------------------
x = 26.000000, y = 201.000000
avance = -459.000000, avanceR = 2.000000, avanceI = 2.000000
inc_x_r = 0.000000, inc_y_r = 1.000000, inc_x_i = 1.000000, inc_y_i = 1.000000
En el else......

----------------------------------------
x = 26.000000, y = 202.000000
avance = -457.000000, avanceR = 2.000000, avanceI = 2.000000
inc_x_r = 0.000000, inc_y_r = 1.000000, inc_x_i = 1.000000, inc_y_i = 1.000000
En el else......

----------------------------------------
x = 26.000000, y = 203.000000
avance = -455.000000, avanceR = 2.000000, avanceI = 2.000000
inc_x_r = 0.000000, inc_y_r = 1.000000, inc_x_i = 1.000000, inc_y_i = 1.000000
En el else......

----------------------------------------
x = 26.000000, y = 204.000000
avance = -453.000000, avanceR = 2.000000, avanceI = 2.000000
inc_x_r = 0.000000, inc_y_r = 1.000000, inc_x_i = 1.000000, inc_y_i = 1.000000
En el else......

----------------------------------------
x = 26.000000, y = 205.000000
avance = -451.000000, avanceR = 2.000000, avanceI = 2.000000
inc_x_r = 0.000000, inc_y_r = 1.000000, inc_x_i = 1.000000, inc_y_i = 1.000000
En el else......

----------------------------------------
x = 26.000000, y = 206.000000
avance = -449.000000, avanceR = 2.000000, avanceI = 2.000000
inc_x_r = 0.000000, inc_y_r = 1.000000, inc_x_i = 1.000000, inc_y_i = 1.000000
En el else......

----------------------------------------
x = 26.000000, y = 207.000000
avance = -447.000000, avanceR = 2.000000, avanceI = 2.000000
inc_x_r = 0.000000, inc_y_r = 1.000000, inc_x_i = 1.000000, inc_y_i = 1.000000
En el else......

----------------------------------------
x = 26.000000, y = 208.000000
avance = -445.000000, avanceR = 2.000000, avanceI = 2.000000
inc_x_r = 0.000000, inc_y_r = 1.000000, inc_x_i = 1.000000, inc_y_i = 1.000000
En el else......

----------------------------------------
x = 26.000000, y = 209.000000
avance = -443.000000, avanceR = 2.000000, avanceI = 2.000000
inc_x_r = 0.000000, inc_y_r = 1.000000, inc_x_i = 1.000000, inc_y_i = 1.000000
En el else......

----------------------------------------
x = 26.000000, y = 210.000000
avance = -441.000000, avanceR = 2.000000, avanceI = 2.000000
inc_x_r = 0.000000, inc_y_r = 1.000000, inc_x_i = 1.000000, inc_y_i = 1.000000
En el else......

----------------------------------------
x = 26.000000, y = 211.000000
avance = -439.000000, avanceR = 2.000000, avanceI = 2.000000
inc_x_r = 0.000000, inc_y_r = 1.000000, inc_x_i = 1.000000, inc_y_i = 1.000000
En el else......

----------------------------------------
x = 26.000000, y = 212.000000
avance = -437.000000, avanceR = 2.000000, avanceI = 2.000000
inc_x_r = 0.000000, inc_y_r = 1.000000, inc_x_i = 1.000000, inc_y_i = 1.000000
En el else......

----------------------------------------
x = 26.000000, y = 213.000000
avance = -435.000000, avanceR = 2.000000, avanceI = 2.000000
inc_x_r = 0.000000, inc_y_r = 1.000000, inc_x_i = 1.000000, inc_y_i = 1.000000
En el else......

----------------------------------------
x = 26.000000, y = 214.000000
avance = -433.000000, avanceR = 2.000000, avanceI = 2.000000
inc_x_r = 0.000000, inc_y_r = 1.000000, inc_x_i = 1.000000, inc_y_i = 1.000000
En el else......

----------------------------------------
x = 26.000000, y = 215.000000
avance = -431.000000, avanceR = 2.000000, avanceI = 2.000000
inc_x_r = 0.000000, inc_y_r = 1.000000, inc_x_i = 1.000000, inc_y_i = 1.000000
En el else......

----------------------------------------
x = 26.000000, y = 216.000000
avance = -429.000000, avanceR = 2.000000, avanceI = 2.000000
inc_x_r = 0.000000, inc_y_r = 1.000000, inc_x_i = 1.000000, inc_y_i = 1.000000
En el else......

----------------------------------------
x = 26.000000, y = 217.000000
avance = -427.000000, avanceR = 2.000000, avanceI = 2.000000
inc_x_r = 0.000000, inc_y_r = 1.000000, inc_x_i = 1.000000, inc_y_i = 1.000000
En el else......

----------------------------------------
x = 26.000000, y = 218.000000
avance = -425.000000, avanceR = 2.000000, avanceI = 2.000000
inc_x_r = 0.000000, inc_y_r = 1.000000, inc_x_i = 1.000000, inc_y_i = 1.000000
En el else......

----------------------------------------
x = 26.000000, y = 219.000000
avance = -423.000000, avanceR = 2.000000, avanceI = 2.000000
inc_x_r = 0.000000, inc_y_r = 1.000000, inc_x_i = 1.000000, inc_y_i = 1.000000
En el else......

----------------------------------------
x = 26.000000, y = 220.000000
avance = -421.000000, avanceR = 2.000000, avanceI = 2.000000
inc_x_r = 0.000000, inc_y_r = 1.000000, inc_x_i = 1.000000, inc_y_i = 1.000000
En el else......

----------------------------------------
x = 26.000000, y = 221.000000
avance = -419.000000, avanceR = 2.000000, avanceI = 2.000000
inc_x_r = 0.000000, inc_y_r = 1.000000, inc_x_i = 1.000000, inc_y_i = 1.000000
En el else......

----------------------------------------
x = 26.000000, y = 222.000000
avance = -417.000000, avanceR = 2.000000, avanceI = 2.000000
inc_x_r = 0.000000, inc_y_r = 1.000000, inc_x_i = 1.000000, inc_y_i = 1.000000
En el else......

----------------------------------------
x = 26.000000, y = 223.000000
avance = -415.000000, avanceR = 2.000000, avanceI = 2.000000
inc_x_r = 0.000000, inc_y_r = 1.000000, inc_x_i = 1.000000, inc_y_i = 1.000000
En el else......

----------------------------------------
x = 26.000000, y = 224.000000
avance = -413.000000, avanceR = 2.000000, avanceI = 2.000000
inc_x_r = 0.000000, inc_y_r = 1.000000, inc_x_i = 1.000000, inc_y_i = 1.000000
En el else......

----------------------------------------
x = 26.000000, y = 225.000000
avance = -411.000000, avanceR = 2.000000, avanceI = 2.000000
inc_x_r = 0.000000, inc_y_r = 1.000000, inc_x_i = 1.000000, inc_y_i = 1.000000
En el else......

----------------------------------------
x = 26.000000, y = 226.000000
avance = -409.000000, avanceR = 2.000000, avanceI = 2.000000
inc_x_r = 0.000000, inc_y_r = 1.000000, inc_x_i = 1.000000, inc_y_i = 1.000000
En el else......

----------------------------------------
x = 26.000000, y = 227.000000
avance = -407.000000, avanceR = 2.000000, avanceI = 2.000000
inc_x_r = 0.000000, inc_y_r = 1.000000, inc_x_i = 1.000000, inc_y_i = 1.000000
En el else......

----------------------------------------
x = 26.000000, y = 228.000000
avance = -405.000000, avanceR = 2.000000, avanceI = 2.000000
inc_x_r = 0.000000, inc_y_r = 1.000000, inc_x_i = 1.000000, inc_y_i = 1.000000
En el else......

----------------------------------------
x = 26.000000, y = 229.000000
avance = -403.000000, avanceR = 2.000000, avanceI = 2.000000
inc_x_r = 0.000000, inc_y_r = 1.000000, inc_x_i = 1.000000, inc_y_i = 1.000000
En el else......

----------------------------------------
x = 26.000000, y = 230.000000
avance = -401.000000, avanceR = 2.000000, avanceI = 2.000000
inc_x_r = 0.000000, inc_y_r = 1.000000, inc_x_i = 1.000000, inc_y_i = 1.000000
En el else......

----------------------------------------
x = 26.000000, y = 231.000000
avance = -399.000000, avanceR = 2.000000, avanceI = 2.000000
inc_x_r = 0.000000, inc_y_r = 1.000000, inc_x_i = 1.000000, inc_y_i = 1.000000
En el else......

----------------------------------------
x = 26.000000, y = 232.000000
avance = -397.000000, avanceR = 2.000000, avanceI = 2.000000
inc_x_r = 0.000000, inc_y_r = 1.000000, inc_x_i = 1.000000, inc_y_i = 1.000000
En el else......

----------------------------------------
x = 26.000000, y = 233.000000
avance = -395.000000, avanceR = 2.000000, avanceI = 2.000000
inc_x_r = 0.000000, inc_y_r = 1.000000, inc_x_i = 1.000000, inc_y_i = 1.000000
En el else......

----------------------------------------
x = 26.000000, y = 234.000000
avance = -393.000000, avanceR = 2.000000, avanceI = 2.000000
inc_x_r = 0.000000, inc_y_r = 1.000000, inc_x_i = 1.000000, inc_y_i = 1.000000
En el else......

----------------------------------------
x = 26.000000, y = 235.000000
avance = -391.000000, avanceR = 2.000000, avanceI = 2.000000
inc_x_r = 0.000000, inc_y_r = 1.000000, inc_x_i = 1.000000, inc_y_i = 1.000000
En el else......

----------------------------------------
x = 26.000000, y = 236.000000
avance = -389.000000, avanceR = 2.000000, avanceI = 2.000000
inc_x_r = 0.000000, inc_y_r = 1.000000, inc_x_i = 1.000000, inc_y_i = 1.000000
En el else......

----------------------------------------
x = 26.000000, y = 237.000000
avance = -387.000000, avanceR = 2.000000, avanceI = 2.000000
inc_x_r = 0.000000, inc_y_r = 1.000000, inc_x_i = 1.000000, inc_y_i = 1.000000
En el else......

----------------------------------------
x = 26.000000, y = 238.000000
avance = -385.000000, avanceR = 2.000000, avanceI = 2.000000
inc_x_r = 0.000000, inc_y_r = 1.000000, inc_x_i = 1.000000, inc_y_i = 1.000000
En el else......

----------------------------------------
x = 26.000000, y = 239.000000
avance = -383.000000, avanceR = 2.000000, avanceI = 2.000000
inc_x_r = 0.000000, inc_y_r = 1.000000, inc_x_i = 1.000000, inc_y_i = 1.000000
En el else......

----------------------------------------
x = 26.000000, y = 240.000000
avance = -381.000000, avanceR = 2.000000, avanceI = 2.000000
inc_x_r = 0.000000, inc_y_r = 1.000000, inc_x_i = 1.000000, inc_y_i = 1.000000
En el else......

----------------------------------------
x = 26.000000, y = 241.000000
avance = -379.000000, avanceR = 2.000000, avanceI = 2.000000
inc_x_r = 0.000000, inc_y_r = 1.000000, inc_x_i = 1.000000, inc_y_i = 1.000000
En el else......

----------------------------------------
x = 26.000000, y = 242.000000
avance = -377.000000, avanceR = 2.000000, avanceI = 2.000000
inc_x_r = 0.000000, inc_y_r = 1.000000, inc_x_i = 1.000000, inc_y_i = 1.000000
En el else......

----------------------------------------
x = 26.000000, y = 243.000000
avance = -375.000000, avanceR = 2.000000, avanceI = 2.000000
inc_x_r = 0.000000, inc_y_r = 1.000000, inc_x_i = 1.000000, inc_y_i = 1.000000
En el else......

----------------------------------------
x = 26.000000, y = 244.000000
avance = -373.000000, avanceR = 2.000000, avanceI = 2.000000
inc_x_r = 0.000000, inc_y_r = 1.000000, inc_x_i = 1.000000, inc_y_i = 1.000000
En el else......

----------------------------------------
x = 26.000000, y = 245.000000
avance = -371.000000, avanceR = 2.000000, avanceI = 2.000000
inc_x_r = 0.000000, inc_y_r = 1.000000, inc_x_i = 1.000000, inc_y_i = 1.000000
En el else......

----------------------------------------
x = 26.000000, y = 246.000000
avance = -369.000000, avanceR = 2.000000, avanceI = 2.000000
inc_x_r = 0.000000, inc_y_r = 1.000000, inc_x_i = 1.000000, inc_y_i = 1.000000
En el else......

----------------------------------------
x = 26.000000, y = 247.000000
avance = -367.000000, avanceR = 2.000000, avanceI = 2.000000
inc_x_r = 0.000000, inc_y_r = 1.000000, inc_x_i = 1.000000, inc_y_i = 1.000000
En el else......

----------------------------------------
x = 26.000000, y = 248.000000
avance = -365.000000, avanceR = 2.000000, avanceI = 2.000000
inc_x_r = 0.000000, inc_y_r = 1.000000, inc_x_i = 1.000000, inc_y_i = 1.000000
En el else......

----------------------------------------
x = 26.000000, y = 249.000000
avance = -363.000000, avanceR = 2.000000, avanceI = 2.000000
inc_x_r = 0.000000, inc_y_r = 1.000000, inc_x_i = 1.000000, inc_y_i = 1.000000
En el else......

----------------------------------------
x = 26.000000, y = 250.000000
avance = -361.000000, avanceR = 2.000000, avanceI = 2.000000
inc_x_r = 0.000000, inc_y_r = 1.000000, inc_x_i = 1.000000, inc_y_i = 1.000000
En el else......

----------------------------------------
x = 26.000000, y = 251.000000
avance = -359.000000, avanceR = 2.000000, avanceI = 2.000000
inc_x_r = 0.000000, inc_y_r = 1.000000, inc_x_i = 1.000000, inc_y_i = 1.000000
En el else......

----------------------------------------
x = 26.000000, y = 252.000000
avance = -357.000000, avanceR = 2.000000, avanceI = 2.000000
inc_x_r = 0.000000, inc_y_r = 1.000000, inc_x_i = 1.000000, inc_y_i = 1.000000
En el else......

----------------------------------------
x = 26.000000, y = 253.000000
avance = -355.000000, avanceR = 2.000000, avanceI = 2.000000
inc_x_r = 0.000000, inc_y_r = 1.000000, inc_x_i = 1.000000, inc_y_i = 1.000000
En el else......

----------------------------------------
x = 26.000000, y = 254.000000
avance = -353.000000, avanceR = 2.000000, avanceI = 2.000000
inc_x_r = 0.000000, inc_y_r = 1.000000, inc_x_i = 1.000000, inc_y_i = 1.000000
En el else......

----------------------------------------
x = 26.000000, y = 255.000000
avance = -351.000000, avanceR = 2.000000, avanceI = 2.000000
inc_x_r = 0.000000, inc_y_r = 1.000000, inc_x_i = 1.000000, inc_y_i = 1.000000
En el else......

----------------------------------------
x = 26.000000, y = 256.000000
avance = -349.000000, avanceR = 2.000000, avanceI = 2.000000
inc_x_r = 0.000000, inc_y_r = 1.000000, inc_x_i = 1.000000, inc_y_i = 1.000000
En el else......

----------------------------------------
x = 26.000000, y = 257.000000
avance = -347.000000, avanceR = 2.000000, avanceI = 2.000000
inc_x_r = 0.000000, inc_y_r = 1.000000, inc_x_i = 1.000000, inc_y_i = 1.000000
En el else......

----------------------------------------
x = 26.000000, y = 258.000000
avance = -345.000000, avanceR = 2.000000, avanceI = 2.000000
inc_x_r = 0.000000, inc_y_r = 1.000000, inc_x_i = 1.000000, inc_y_i = 1.000000
En el else......

----------------------------------------
x = 26.000000, y = 259.000000
avance = -343.000000, avanceR = 2.000000, avanceI = 2.000000
inc_x_r = 0.000000, inc_y_r = 1.000000, inc_x_i = 1.000000, inc_y_i = 1.000000
En el else......

----------------------------------------
x = 26.000000, y = 260.000000
avance = -341.000000, avanceR = 2.000000, avanceI = 2.000000
inc_x_r = 0.000000, inc_y_r = 1.000000, inc_x_i = 1.000000, inc_y_i = 1.000000
En el else......

----------------------------------------
x = 26.000000, y = 261.000000
avance = -339.000000, avanceR = 2.000000, avanceI = 2.000000
inc_x_r = 0.000000, inc_y_r = 1.000000, inc_x_i = 1.000000, inc_y_i = 1.000000
En el else......

----------------------------------------
x = 26.000000, y = 262.000000
avance = -337.000000, avanceR = 2.000000, avanceI = 2.000000
inc_x_r = 0.000000, inc_y_r = 1.000000, inc_x_i = 1.000000, inc_y_i = 1.000000
En el else......

----------------------------------------
x = 26.000000, y = 263.000000
avance = -335.000000, avanceR = 2.000000, avanceI = 2.000000
inc_x_r = 0.000000, inc_y_r = 1.000000, inc_x_i = 1.000000, inc_y_i = 1.000000
En el else......

----------------------------------------
x = 26.000000, y = 264.000000
avance = -333.000000, avanceR = 2.000000, avanceI = 2.000000
inc_x_r = 0.000000, inc_y_r = 1.000000, inc_x_i = 1.000000, inc_y_i = 1.000000
En el else......

----------------------------------------
x = 26.000000, y = 265.000000
avance = -331.000000, avanceR = 2.000000, avanceI = 2.000000
inc_x_r = 0.000000, inc_y_r = 1.000000, inc_x_i = 1.000000, inc_y_i = 1.000000
En el else......

----------------------------------------
x = 26.000000, y = 266.000000
avance = -329.000000, avanceR = 2.000000, avanceI = 2.000000
inc_x_r = 0.000000, inc_y_r = 1.000000, inc_x_i = 1.000000, inc_y_i = 1.000000
En el else......

----------------------------------------
x = 26.000000, y = 267.000000
avance = -327.000000, avanceR = 2.000000, avanceI = 2.000000
inc_x_r = 0.000000, inc_y_r = 1.000000, inc_x_i = 1.000000, inc_y_i = 1.000000
En el else......

----------------------------------------
x = 26.000000, y = 268.000000
avance = -325.000000, avanceR = 2.000000, avanceI = 2.000000
inc_x_r = 0.000000, inc_y_r = 1.000000, inc_x_i = 1.000000, inc_y_i = 1.000000
En el else......

----------------------------------------
x = 26.000000, y = 269.000000
avance = -323.000000, avanceR = 2.000000, avanceI = 2.000000
inc_x_r = 0.000000, inc_y_r = 1.000000, inc_x_i = 1.000000, inc_y_i = 1.000000
En el else......

----------------------------------------
x = 26.000000, y = 270.000000
avance = -321.000000, avanceR = 2.000000, avanceI = 2.000000
inc_x_r = 0.000000, inc_y_r = 1.000000, inc_x_i = 1.000000, inc_y_i = 1.000000
En el else......

----------------------------------------
x = 26.000000, y = 271.000000
avance = -319.000000, avanceR = 2.000000, avanceI = 2.000000
inc_x_r = 0.000000, inc_y_r = 1.000000, inc_x_i = 1.000000, inc_y_i = 1.000000
En el else......

----------------------------------------
x = 26.000000, y = 272.000000
avance = -317.000000, avanceR = 2.000000, avanceI = 2.000000
inc_x_r = 0.000000, inc_y_r = 1.000000, inc_x_i = 1.000000, inc_y_i = 1.000000
En el else......

----------------------------------------
x = 26.000000, y = 273.000000
avance = -315.000000, avanceR = 2.000000, avanceI = 2.000000
inc_x_r = 0.000000, inc_y_r = 1.000000, inc_x_i = 1.000000, inc_y_i = 1.000000
En el else......

----------------------------------------
x = 26.000000, y = 274.000000
avance = -313.000000, avanceR = 2.000000, avanceI = 2.000000
inc_x_r = 0.000000, inc_y_r = 1.000000, inc_x_i = 1.000000, inc_y_i = 1.000000
En el else......

----------------------------------------
x = 26.000000, y = 275.000000
avance = -311.000000, avanceR = 2.000000, avanceI = 2.000000
inc_x_r = 0.000000, inc_y_r = 1.000000, inc_x_i = 1.000000, inc_y_i = 1.000000
En el else......

----------------------------------------
x = 26.000000, y = 276.000000
avance = -309.000000, avanceR = 2.000000, avanceI = 2.000000
inc_x_r = 0.000000, inc_y_r = 1.000000, inc_x_i = 1.000000, inc_y_i = 1.000000
En el else......

----------------------------------------
x = 26.000000, y = 277.000000
avance = -307.000000, avanceR = 2.000000, avanceI = 2.000000
inc_x_r = 0.000000, inc_y_r = 1.000000, inc_x_i = 1.000000, inc_y_i = 1.000000
En el else......

----------------------------------------
x = 26.000000, y = 278.000000
avance = -305.000000, avanceR = 2.000000, avanceI = 2.000000
inc_x_r = 0.000000, inc_y_r = 1.000000, inc_x_i = 1.000000, inc_y_i = 1.000000
En el else......

----------------------------------------
x = 26.000000, y = 279.000000
avance = -303.000000, avanceR = 2.000000, avanceI = 2.000000
inc_x_r = 0.000000, inc_y_r = 1.000000, inc_x_i = 1.000000, inc_y_i = 1.000000
En el else......

----------------------------------------
x = 26.000000, y = 280.000000
avance = -301.000000, avanceR = 2.000000, avanceI = 2.000000
inc_x_r = 0.000000, inc_y_r = 1.000000, inc_x_i = 1.000000, inc_y_i = 1.000000
En el else......

----------------------------------------
x = 26.000000, y = 281.000000
avance = -299.000000, avanceR = 2.000000, avanceI = 2.000000
inc_x_r = 0.000000, inc_y_r = 1.000000, inc_x_i = 1.000000, inc_y_i = 1.000000
En el else......

----------------------------------------
x = 26.000000, y = 282.000000
avance = -297.000000, avanceR = 2.000000, avanceI = 2.000000
inc_x_r = 0.000000, inc_y_r = 1.000000, inc_x_i = 1.000000, inc_y_i = 1.000000
En el else......

----------------------------------------
x = 26.000000, y = 283.000000
avance = -295.000000, avanceR = 2.000000, avanceI = 2.000000
inc_x_r = 0.000000, inc_y_r = 1.000000, inc_x_i = 1.000000, inc_y_i = 1.000000
En el else......

----------------------------------------
x = 26.000000, y = 284.000000
avance = -293.000000, avanceR = 2.000000, avanceI = 2.000000
inc_x_r = 0.000000, inc_y_r = 1.000000, inc_x_i = 1.000000, inc_y_i = 1.000000
En el else......

----------------------------------------
x = 26.000000, y = 285.000000
avance = -291.000000, avanceR = 2.000000, avanceI = 2.000000
inc_x_r = 0.000000, inc_y_r = 1.000000, inc_x_i = 1.000000, inc_y_i = 1.000000
En el else......

----------------------------------------
x = 26.000000, y = 286.000000
avance = -289.000000, avanceR = 2.000000, avanceI = 2.000000
inc_x_r = 0.000000, inc_y_r = 1.000000, inc_x_i = 1.000000, inc_y_i = 1.000000
En el else......

----------------------------------------
x = 26.000000, y = 287.000000
avance = -287.000000, avanceR = 2.000000, avanceI = 2.000000
inc_x_r = 0.000000, inc_y_r = 1.000000, inc_x_i = 1.000000, inc_y_i = 1.000000
En el else......

----------------------------------------
x = 26.000000, y = 288.000000
avance = -285.000000, avanceR = 2.000000, avanceI = 2.000000
inc_x_r = 0.000000, inc_y_r = 1.000000, inc_x_i = 1.000000, inc_y_i = 1.000000
En el else......

----------------------------------------
x = 26.000000, y = 289.000000
avance = -283.000000, avanceR = 2.000000, avanceI = 2.000000
inc_x_r = 0.000000, inc_y_r = 1.000000, inc_x_i = 1.000000, inc_y_i = 1.000000
En el else......

----------------------------------------
x = 26.000000, y = 290.000000
avance = -281.000000, avanceR = 2.000000, avanceI = 2.000000
inc_x_r = 0.000000, inc_y_r = 1.000000, inc_x_i = 1.000000, inc_y_i = 1.000000
En el else......

----------------------------------------
x = 26.000000, y = 291.000000
avance = -279.000000, avanceR = 2.000000, avanceI = 2.000000
inc_x_r = 0.000000, inc_y_r = 1.000000, inc_x_i = 1.000000, inc_y_i = 1.000000
En el else......

----------------------------------------
x = 26.000000, y = 292.000000
avance = -277.000000, avanceR = 2.000000, avanceI = 2.000000
inc_x_r = 0.000000, inc_y_r = 1.000000, inc_x_i = 1.000000, inc_y_i = 1.000000
En el else......

----------------------------------------
x = 26.000000, y = 293.000000
avance = -275.000000, avanceR = 2.000000, avanceI = 2.000000
inc_x_r = 0.000000, inc_y_r = 1.000000, inc_x_i = 1.000000, inc_y_i = 1.000000
En el else......

----------------------------------------
x = 26.000000, y = 294.000000
avance = -273.000000, avanceR = 2.000000, avanceI = 2.000000
inc_x_r = 0.000000, inc_y_r = 1.000000, inc_x_i = 1.000000, inc_y_i = 1.000000
En el else......

----------------------------------------
x = 26.000000, y = 295.000000
avance = -271.000000, avanceR = 2.000000, avanceI = 2.000000
inc_x_r = 0.000000, inc_y_r = 1.000000, inc_x_i = 1.000000, inc_y_i = 1.000000
En el else......

----------------------------------------
x = 26.000000, y = 296.000000
avance = -269.000000, avanceR = 2.000000, avanceI = 2.000000
inc_x_r = 0.000000, inc_y_r = 1.000000, inc_x_i = 1.000000, inc_y_i = 1.000000
En el else......

----------------------------------------
x = 26.000000, y = 297.000000
avance = -267.000000, avanceR = 2.000000, avanceI = 2.000000
inc_x_r = 0.000000, inc_y_r = 1.000000, inc_x_i = 1.000000, inc_y_i = 1.000000
En el else......

----------------------------------------
x = 26.000000, y = 298.000000
avance = -265.000000, avanceR = 2.000000, avanceI = 2.000000
inc_x_r = 0.000000, inc_y_r = 1.000000, inc_x_i = 1.000000, inc_y_i = 1.000000
En el else......

----------------------------------------
x = 26.000000, y = 299.000000
avance = -263.000000, avanceR = 2.000000, avanceI = 2.000000
inc_x_r = 0.000000, inc_y_r = 1.000000, inc_x_i = 1.000000, inc_y_i = 1.000000
En el else......

----------------------------------------
x = 26.000000, y = 300.000000
avance = -261.000000, avanceR = 2.000000, avanceI = 2.000000
inc_x_r = 0.000000, inc_y_r = 1.000000, inc_x_i = 1.000000, inc_y_i = 1.000000
En el else......

----------------------------------------
x = 26.000000, y = 301.000000
avance = -259.000000, avanceR = 2.000000, avanceI = 2.000000
inc_x_r = 0.000000, inc_y_r = 1.000000, inc_x_i = 1.000000, inc_y_i = 1.000000
En el else......

----------------------------------------
x = 26.000000, y = 302.000000
avance = -257.000000, avanceR = 2.000000, avanceI = 2.000000
inc_x_r = 0.000000, inc_y_r = 1.000000, inc_x_i = 1.000000, inc_y_i = 1.000000
En el else......

----------------------------------------
x = 26.000000, y = 303.000000
avance = -255.000000, avanceR = 2.000000, avanceI = 2.000000
inc_x_r = 0.000000, inc_y_r = 1.000000, inc_x_i = 1.000000, inc_y_i = 1.000000
En el else......

----------------------------------------
x = 26.000000, y = 304.000000
avance = -253.000000, avanceR = 2.000000, avanceI = 2.000000
inc_x_r = 0.000000, inc_y_r = 1.000000, inc_x_i = 1.000000, inc_y_i = 1.000000
En el else......

----------------------------------------
x = 26.000000, y = 305.000000
avance = -251.000000, avanceR = 2.000000, avanceI = 2.000000
inc_x_r = 0.000000, inc_y_r = 1.000000, inc_x_i = 1.000000, inc_y_i = 1.000000
En el else......

----------------------------------------


ENTRAMOS A BRESENHAMªªªª
x1 = 25.000000 - y1 = 55.000000 || x2 = 26.000000 - y2 = 306.000000
dy = 251.000000, dx = 1.000000
avances inclinados: inc_x_i = 1.000000, inc_y_i = 1.000000
updated: dy = 251.000000, dx = 1.000000
avances rectos: inc_x_r = 0.000000, inc_y_r 1.000000
reupdated: dy = 1.000000, dx = 251.000000
avanceR = 2.000000, avance -249.000000, avanceI 2.000000
----------------------------------------
x = 25.000000, y = 55.000000
avance = -249.000000, avanceR = 2.000000, avanceI = 2.000000
inc_x_r = 0.000000, inc_y_r = 1.000000, inc_x_i = 1.000000, inc_y_i = 1.000000
En el else......

----------------------------------------
x = 25.000000, y = 56.000000
avance = -247.000000, avanceR = 2.000000, avanceI = 2.000000
inc_x_r = 0.000000, inc_y_r = 1.000000, inc_x_i = 1.000000, inc_y_i = 1.000000
En el else......

----------------------------------------
x = 25.000000, y = 57.000000
avance = -245.000000, avanceR = 2.000000, avanceI = 2.000000
inc_x_r = 0.000000, inc_y_r = 1.000000, inc_x_i = 1.000000, inc_y_i = 1.000000
En el else......

----------------------------------------
x = 25.000000, y = 58.000000
avance = -243.000000, avanceR = 2.000000, avanceI = 2.000000
inc_x_r = 0.000000, inc_y_r = 1.000000, inc_x_i = 1.000000, inc_y_i = 1.000000
En el else......

----------------------------------------
x = 25.000000, y = 59.000000
avance = -241.000000, avanceR = 2.000000, avanceI = 2.000000
inc_x_r = 0.000000, inc_y_r = 1.000000, inc_x_i = 1.000000, inc_y_i = 1.000000
En el else......

----------------------------------------
x = 25.000000, y = 60.000000
avance = -239.000000, avanceR = 2.000000, avanceI = 2.000000
inc_x_r = 0.000000, inc_y_r = 1.000000, inc_x_i = 1.000000, inc_y_i = 1.000000
En el else......

----------------------------------------
x = 25.000000, y = 61.000000
avance = -237.000000, avanceR = 2.000000, avanceI = 2.000000
inc_x_r = 0.000000, inc_y_r = 1.000000, inc_x_i = 1.000000, inc_y_i = 1.000000
En el else......

----------------------------------------
x = 25.000000, y = 62.000000
avance = -235.000000, avanceR = 2.000000, avanceI = 2.000000
inc_x_r = 0.000000, inc_y_r = 1.000000, inc_x_i = 1.000000, inc_y_i = 1.000000
En el else......

----------------------------------------
x = 25.000000, y = 63.000000
avance = -233.000000, avanceR = 2.000000, avanceI = 2.000000
inc_x_r = 0.000000, inc_y_r = 1.000000, inc_x_i = 1.000000, inc_y_i = 1.000000
En el else......

----------------------------------------
x = 25.000000, y = 64.000000
avance = -231.000000, avanceR = 2.000000, avanceI = 2.000000
inc_x_r = 0.000000, inc_y_r = 1.000000, inc_x_i = 1.000000, inc_y_i = 1.000000
En el else......

----------------------------------------
x = 25.000000, y = 65.000000
avance = -229.000000, avanceR = 2.000000, avanceI = 2.000000
inc_x_r = 0.000000, inc_y_r = 1.000000, inc_x_i = 1.000000, inc_y_i = 1.000000
En el else......

----------------------------------------
x = 25.000000, y = 66.000000
avance = -227.000000, avanceR = 2.000000, avanceI = 2.000000
inc_x_r = 0.000000, inc_y_r = 1.000000, inc_x_i = 1.000000, inc_y_i = 1.000000
En el else......

----------------------------------------
x = 25.000000, y = 67.000000
avance = -225.000000, avanceR = 2.000000, avanceI = 2.000000
inc_x_r = 0.000000, inc_y_r = 1.000000, inc_x_i = 1.000000, inc_y_i = 1.000000
En el else......

----------------------------------------
x = 25.000000, y = 68.000000
avance = -223.000000, avanceR = 2.000000, avanceI = 2.000000
inc_x_r = 0.000000, inc_y_r = 1.000000, inc_x_i = 1.000000, inc_y_i = 1.000000
En el else......

----------------------------------------
x = 25.000000, y = 69.000000
avance = -221.000000, avanceR = 2.000000, avanceI = 2.000000
inc_x_r = 0.000000, inc_y_r = 1.000000, inc_x_i = 1.000000, inc_y_i = 1.000000
En el else......

----------------------------------------
x = 25.000000, y = 70.000000
avance = -219.000000, avanceR = 2.000000, avanceI = 2.000000
inc_x_r = 0.000000, inc_y_r = 1.000000, inc_x_i = 1.000000, inc_y_i = 1.000000
En el else......

----------------------------------------
x = 25.000000, y = 71.000000
avance = -217.000000, avanceR = 2.000000, avanceI = 2.000000
inc_x_r = 0.000000, inc_y_r = 1.000000, inc_x_i = 1.000000, inc_y_i = 1.000000
En el else......

----------------------------------------
x = 25.000000, y = 72.000000
avance = -215.000000, avanceR = 2.000000, avanceI = 2.000000
inc_x_r = 0.000000, inc_y_r = 1.000000, inc_x_i = 1.000000, inc_y_i = 1.000000
En el else......

----------------------------------------
x = 25.000000, y = 73.000000
avance = -213.000000, avanceR = 2.000000, avanceI = 2.000000
inc_x_r = 0.000000, inc_y_r = 1.000000, inc_x_i = 1.000000, inc_y_i = 1.000000
En el else......

----------------------------------------
x = 25.000000, y = 74.000000
avance = -211.000000, avanceR = 2.000000, avanceI = 2.000000
inc_x_r = 0.000000, inc_y_r = 1.000000, inc_x_i = 1.000000, inc_y_i = 1.000000
En el else......

----------------------------------------
x = 25.000000, y = 75.000000
avance = -209.000000, avanceR = 2.000000, avanceI = 2.000000
inc_x_r = 0.000000, inc_y_r = 1.000000, inc_x_i = 1.000000, inc_y_i = 1.000000
En el else......

----------------------------------------
x = 25.000000, y = 76.000000
avance = -207.000000, avanceR = 2.000000, avanceI = 2.000000
inc_x_r = 0.000000, inc_y_r = 1.000000, inc_x_i = 1.000000, inc_y_i = 1.000000
En el else......

----------------------------------------
x = 25.000000, y = 77.000000
avance = -205.000000, avanceR = 2.000000, avanceI = 2.000000
inc_x_r = 0.000000, inc_y_r = 1.000000, inc_x_i = 1.000000, inc_y_i = 1.000000
En el else......

----------------------------------------
x = 25.000000, y = 78.000000
avance = -203.000000, avanceR = 2.000000, avanceI = 2.000000
inc_x_r = 0.000000, inc_y_r = 1.000000, inc_x_i = 1.000000, inc_y_i = 1.000000
En el else......

----------------------------------------
x = 25.000000, y = 79.000000
avance = -201.000000, avanceR = 2.000000, avanceI = 2.000000
inc_x_r = 0.000000, inc_y_r = 1.000000, inc_x_i = 1.000000, inc_y_i = 1.000000
En el else......

----------------------------------------
x = 25.000000, y = 80.000000
avance = -199.000000, avanceR = 2.000000, avanceI = 2.000000
inc_x_r = 0.000000, inc_y_r = 1.000000, inc_x_i = 1.000000, inc_y_i = 1.000000
En el else......

----------------------------------------
x = 25.000000, y = 81.000000
avance = -197.000000, avanceR = 2.000000, avanceI = 2.000000
inc_x_r = 0.000000, inc_y_r = 1.000000, inc_x_i = 1.000000, inc_y_i = 1.000000
En el else......

----------------------------------------
x = 25.000000, y = 82.000000
avance = -195.000000, avanceR = 2.000000, avanceI = 2.000000
inc_x_r = 0.000000, inc_y_r = 1.000000, inc_x_i = 1.000000, inc_y_i = 1.000000
En el else......

----------------------------------------
x = 25.000000, y = 83.000000
avance = -193.000000, avanceR = 2.000000, avanceI = 2.000000
inc_x_r = 0.000000, inc_y_r = 1.000000, inc_x_i = 1.000000, inc_y_i = 1.000000
En el else......

----------------------------------------
x = 25.000000, y = 84.000000
avance = -191.000000, avanceR = 2.000000, avanceI = 2.000000
inc_x_r = 0.000000, inc_y_r = 1.000000, inc_x_i = 1.000000, inc_y_i = 1.000000
En el else......

----------------------------------------
x = 25.000000, y = 85.000000
avance = -189.000000, avanceR = 2.000000, avanceI = 2.000000
inc_x_r = 0.000000, inc_y_r = 1.000000, inc_x_i = 1.000000, inc_y_i = 1.000000
En el else......

----------------------------------------
x = 25.000000, y = 86.000000
avance = -187.000000, avanceR = 2.000000, avanceI = 2.000000
inc_x_r = 0.000000, inc_y_r = 1.000000, inc_x_i = 1.000000, inc_y_i = 1.000000
En el else......

----------------------------------------
x = 25.000000, y = 87.000000
avance = -185.000000, avanceR = 2.000000, avanceI = 2.000000
inc_x_r = 0.000000, inc_y_r = 1.000000, inc_x_i = 1.000000, inc_y_i = 1.000000
En el else......

----------------------------------------
x = 25.000000, y = 88.000000
avance = -183.000000, avanceR = 2.000000, avanceI = 2.000000
inc_x_r = 0.000000, inc_y_r = 1.000000, inc_x_i = 1.000000, inc_y_i = 1.000000
En el else......

----------------------------------------
x = 25.000000, y = 89.000000
avance = -181.000000, avanceR = 2.000000, avanceI = 2.000000
inc_x_r = 0.000000, inc_y_r = 1.000000, inc_x_i = 1.000000, inc_y_i = 1.000000
En el else......

----------------------------------------
x = 25.000000, y = 90.000000
avance = -179.000000, avanceR = 2.000000, avanceI = 2.000000
inc_x_r = 0.000000, inc_y_r = 1.000000, inc_x_i = 1.000000, inc_y_i = 1.000000
En el else......

----------------------------------------
x = 25.000000, y = 91.000000
avance = -177.000000, avanceR = 2.000000, avanceI = 2.000000
inc_x_r = 0.000000, inc_y_r = 1.000000, inc_x_i = 1.000000, inc_y_i = 1.000000
En el else......

----------------------------------------
x = 25.000000, y = 92.000000
avance = -175.000000, avanceR = 2.000000, avanceI = 2.000000
inc_x_r = 0.000000, inc_y_r = 1.000000, inc_x_i = 1.000000, inc_y_i = 1.000000
En el else......

----------------------------------------
x = 25.000000, y = 93.000000
avance = -173.000000, avanceR = 2.000000, avanceI = 2.000000
inc_x_r = 0.000000, inc_y_r = 1.000000, inc_x_i = 1.000000, inc_y_i = 1.000000
En el else......

----------------------------------------
x = 25.000000, y = 94.000000
avance = -171.000000, avanceR = 2.000000, avanceI = 2.000000
inc_x_r = 0.000000, inc_y_r = 1.000000, inc_x_i = 1.000000, inc_y_i = 1.000000
En el else......

----------------------------------------
x = 25.000000, y = 95.000000
avance = -169.000000, avanceR = 2.000000, avanceI = 2.000000
inc_x_r = 0.000000, inc_y_r = 1.000000, inc_x_i = 1.000000, inc_y_i = 1.000000
En el else......

----------------------------------------
x = 25.000000, y = 96.000000
avance = -167.000000, avanceR = 2.000000, avanceI = 2.000000
inc_x_r = 0.000000, inc_y_r = 1.000000, inc_x_i = 1.000000, inc_y_i = 1.000000
En el else......

----------------------------------------
x = 25.000000, y = 97.000000
avance = -165.000000, avanceR = 2.000000, avanceI = 2.000000
inc_x_r = 0.000000, inc_y_r = 1.000000, inc_x_i = 1.000000, inc_y_i = 1.000000
En el else......

----------------------------------------
x = 25.000000, y = 98.000000
avance = -163.000000, avanceR = 2.000000, avanceI = 2.000000
inc_x_r = 0.000000, inc_y_r = 1.000000, inc_x_i = 1.000000, inc_y_i = 1.000000
En el else......

----------------------------------------
x = 25.000000, y = 99.000000
avance = -161.000000, avanceR = 2.000000, avanceI = 2.000000
inc_x_r = 0.000000, inc_y_r = 1.000000, inc_x_i = 1.000000, inc_y_i = 1.000000
En el else......

----------------------------------------
x = 25.000000, y = 100.000000
avance = -159.000000, avanceR = 2.000000, avanceI = 2.000000
inc_x_r = 0.000000, inc_y_r = 1.000000, inc_x_i = 1.000000, inc_y_i = 1.000000
En el else......

----------------------------------------
x = 25.000000, y = 101.000000
avance = -157.000000, avanceR = 2.000000, avanceI = 2.000000
inc_x_r = 0.000000, inc_y_r = 1.000000, inc_x_i = 1.000000, inc_y_i = 1.000000
En el else......

----------------------------------------
x = 25.000000, y = 102.000000
avance = -155.000000, avanceR = 2.000000, avanceI = 2.000000
inc_x_r = 0.000000, inc_y_r = 1.000000, inc_x_i = 1.000000, inc_y_i = 1.000000
En el else......

----------------------------------------
x = 25.000000, y = 103.000000
avance = -153.000000, avanceR = 2.000000, avanceI = 2.000000
inc_x_r = 0.000000, inc_y_r = 1.000000, inc_x_i = 1.000000, inc_y_i = 1.000000
En el else......

----------------------------------------
x = 25.000000, y = 104.000000
avance = -151.000000, avanceR = 2.000000, avanceI = 2.000000
inc_x_r = 0.000000, inc_y_r = 1.000000, inc_x_i = 1.000000, inc_y_i = 1.000000
En el else......

----------------------------------------
x = 25.000000, y = 105.000000
avance = -149.000000, avanceR = 2.000000, avanceI = 2.000000
inc_x_r = 0.000000, inc_y_r = 1.000000, inc_x_i = 1.000000, inc_y_i = 1.000000
En el else......

----------------------------------------
x = 25.000000, y = 106.000000
avance = -147.000000, avanceR = 2.000000, avanceI = 2.000000
inc_x_r = 0.000000, inc_y_r = 1.000000, inc_x_i = 1.000000, inc_y_i = 1.000000
En el else......

----------------------------------------
x = 25.000000, y = 107.000000
avance = -145.000000, avanceR = 2.000000, avanceI = 2.000000
inc_x_r = 0.000000, inc_y_r = 1.000000, inc_x_i = 1.000000, inc_y_i = 1.000000
En el else......

----------------------------------------
x = 25.000000, y = 108.000000
avance = -143.000000, avanceR = 2.000000, avanceI = 2.000000
inc_x_r = 0.000000, inc_y_r = 1.000000, inc_x_i = 1.000000, inc_y_i = 1.000000
En el else......

----------------------------------------
x = 25.000000, y = 109.000000
avance = -141.000000, avanceR = 2.000000, avanceI = 2.000000
inc_x_r = 0.000000, inc_y_r = 1.000000, inc_x_i = 1.000000, inc_y_i = 1.000000
En el else......

----------------------------------------
x = 25.000000, y = 110.000000
avance = -139.000000, avanceR = 2.000000, avanceI = 2.000000
inc_x_r = 0.000000, inc_y_r = 1.000000, inc_x_i = 1.000000, inc_y_i = 1.000000
En el else......

----------------------------------------
x = 25.000000, y = 111.000000
avance = -137.000000, avanceR = 2.000000, avanceI = 2.000000
inc_x_r = 0.000000, inc_y_r = 1.000000, inc_x_i = 1.000000, inc_y_i = 1.000000
En el else......

----------------------------------------
x = 25.000000, y = 112.000000
avance = -135.000000, avanceR = 2.000000, avanceI = 2.000000
inc_x_r = 0.000000, inc_y_r = 1.000000, inc_x_i = 1.000000, inc_y_i = 1.000000
En el else......

----------------------------------------
x = 25.000000, y = 113.000000
avance = -133.000000, avanceR = 2.000000, avanceI = 2.000000
inc_x_r = 0.000000, inc_y_r = 1.000000, inc_x_i = 1.000000, inc_y_i = 1.000000
En el else......

----------------------------------------
x = 25.000000, y = 114.000000
avance = -131.000000, avanceR = 2.000000, avanceI = 2.000000
inc_x_r = 0.000000, inc_y_r = 1.000000, inc_x_i = 1.000000, inc_y_i = 1.000000
En el else......

----------------------------------------
x = 25.000000, y = 115.000000
avance = -129.000000, avanceR = 2.000000, avanceI = 2.000000
inc_x_r = 0.000000, inc_y_r = 1.000000, inc_x_i = 1.000000, inc_y_i = 1.000000
En el else......

----------------------------------------
x = 25.000000, y = 116.000000
avance = -127.000000, avanceR = 2.000000, avanceI = 2.000000
inc_x_r = 0.000000, inc_y_r = 1.000000, inc_x_i = 1.000000, inc_y_i = 1.000000
En el else......

----------------------------------------
x = 25.000000, y = 117.000000
avance = -125.000000, avanceR = 2.000000, avanceI = 2.000000
inc_x_r = 0.000000, inc_y_r = 1.000000, inc_x_i = 1.000000, inc_y_i = 1.000000
En el else......

----------------------------------------
x = 25.000000, y = 118.000000
avance = -123.000000, avanceR = 2.000000, avanceI = 2.000000
inc_x_r = 0.000000, inc_y_r = 1.000000, inc_x_i = 1.000000, inc_y_i = 1.000000
En el else......

----------------------------------------
x = 25.000000, y = 119.000000
avance = -121.000000, avanceR = 2.000000, avanceI = 2.000000
inc_x_r = 0.000000, inc_y_r = 1.000000, inc_x_i = 1.000000, inc_y_i = 1.000000
En el else......

----------------------------------------
x = 25.000000, y = 120.000000
avance = -119.000000, avanceR = 2.000000, avanceI = 2.000000
inc_x_r = 0.000000, inc_y_r = 1.000000, inc_x_i = 1.000000, inc_y_i = 1.000000
En el else......

----------------------------------------
x = 25.000000, y = 121.000000
avance = -117.000000, avanceR = 2.000000, avanceI = 2.000000
inc_x_r = 0.000000, inc_y_r = 1.000000, inc_x_i = 1.000000, inc_y_i = 1.000000
En el else......

----------------------------------------
x = 25.000000, y = 122.000000
avance = -115.000000, avanceR = 2.000000, avanceI = 2.000000
inc_x_r = 0.000000, inc_y_r = 1.000000, inc_x_i = 1.000000, inc_y_i = 1.000000
En el else......

----------------------------------------
x = 25.000000, y = 123.000000
avance = -113.000000, avanceR = 2.000000, avanceI = 2.000000
inc_x_r = 0.000000, inc_y_r = 1.000000, inc_x_i = 1.000000, inc_y_i = 1.000000
En el else......

----------------------------------------
x = 25.000000, y = 124.000000
avance = -111.000000, avanceR = 2.000000, avanceI = 2.000000
inc_x_r = 0.000000, inc_y_r = 1.000000, inc_x_i = 1.000000, inc_y_i = 1.000000
En el else......

----------------------------------------
x = 25.000000, y = 125.000000
avance = -109.000000, avanceR = 2.000000, avanceI = 2.000000
inc_x_r = 0.000000, inc_y_r = 1.000000, inc_x_i = 1.000000, inc_y_i = 1.000000
En el else......

----------------------------------------
x = 25.000000, y = 126.000000
avance = -107.000000, avanceR = 2.000000, avanceI = 2.000000
inc_x_r = 0.000000, inc_y_r = 1.000000, inc_x_i = 1.000000, inc_y_i = 1.000000
En el else......

----------------------------------------
x = 25.000000, y = 127.000000
avance = -105.000000, avanceR = 2.000000, avanceI = 2.000000
inc_x_r = 0.000000, inc_y_r = 1.000000, inc_x_i = 1.000000, inc_y_i = 1.000000
En el else......

----------------------------------------
x = 25.000000, y = 128.000000
avance = -103.000000, avanceR = 2.000000, avanceI = 2.000000
inc_x_r = 0.000000, inc_y_r = 1.000000, inc_x_i = 1.000000, inc_y_i = 1.000000
En el else......

----------------------------------------
x = 25.000000, y = 129.000000
avance = -101.000000, avanceR = 2.000000, avanceI = 2.000000
inc_x_r = 0.000000, inc_y_r = 1.000000, inc_x_i = 1.000000, inc_y_i = 1.000000
En el else......

----------------------------------------
x = 25.000000, y = 130.000000
avance = -99.000000, avanceR = 2.000000, avanceI = 2.000000
inc_x_r = 0.000000, inc_y_r = 1.000000, inc_x_i = 1.000000, inc_y_i = 1.000000
En el else......

----------------------------------------
x = 25.000000, y = 131.000000
avance = -97.000000, avanceR = 2.000000, avanceI = 2.000000
inc_x_r = 0.000000, inc_y_r = 1.000000, inc_x_i = 1.000000, inc_y_i = 1.000000
En el else......

----------------------------------------
x = 25.000000, y = 132.000000
avance = -95.000000, avanceR = 2.000000, avanceI = 2.000000
inc_x_r = 0.000000, inc_y_r = 1.000000, inc_x_i = 1.000000, inc_y_i = 1.000000
En el else......

----------------------------------------
x = 25.000000, y = 133.000000
avance = -93.000000, avanceR = 2.000000, avanceI = 2.000000
inc_x_r = 0.000000, inc_y_r = 1.000000, inc_x_i = 1.000000, inc_y_i = 1.000000
En el else......

----------------------------------------
x = 25.000000, y = 134.000000
avance = -91.000000, avanceR = 2.000000, avanceI = 2.000000
inc_x_r = 0.000000, inc_y_r = 1.000000, inc_x_i = 1.000000, inc_y_i = 1.000000
En el else......

----------------------------------------
x = 25.000000, y = 135.000000
avance = -89.000000, avanceR = 2.000000, avanceI = 2.000000
inc_x_r = 0.000000, inc_y_r = 1.000000, inc_x_i = 1.000000, inc_y_i = 1.000000
En el else......

----------------------------------------
x = 25.000000, y = 136.000000
avance = -87.000000, avanceR = 2.000000, avanceI = 2.000000
inc_x_r = 0.000000, inc_y_r = 1.000000, inc_x_i = 1.000000, inc_y_i = 1.000000
En el else......

----------------------------------------
x = 25.000000, y = 137.000000
avance = -85.000000, avanceR = 2.000000, avanceI = 2.000000
inc_x_r = 0.000000, inc_y_r = 1.000000, inc_x_i = 1.000000, inc_y_i = 1.000000
En el else......

----------------------------------------
x = 25.000000, y = 138.000000
avance = -83.000000, avanceR = 2.000000, avanceI = 2.000000
inc_x_r = 0.000000, inc_y_r = 1.000000, inc_x_i = 1.000000, inc_y_i = 1.000000
En el else......

----------------------------------------
x = 25.000000, y = 139.000000
avance = -81.000000, avanceR = 2.000000, avanceI = 2.000000
inc_x_r = 0.000000, inc_y_r = 1.000000, inc_x_i = 1.000000, inc_y_i = 1.000000
En el else......

----------------------------------------
x = 25.000000, y = 140.000000
avance = -79.000000, avanceR = 2.000000, avanceI = 2.000000
inc_x_r = 0.000000, inc_y_r = 1.000000, inc_x_i = 1.000000, inc_y_i = 1.000000
En el else......

----------------------------------------
x = 25.000000, y = 141.000000
avance = -77.000000, avanceR = 2.000000, avanceI = 2.000000
inc_x_r = 0.000000, inc_y_r = 1.000000, inc_x_i = 1.000000, inc_y_i = 1.000000
En el else......

----------------------------------------
x = 25.000000, y = 142.000000
avance = -75.000000, avanceR = 2.000000, avanceI = 2.000000
inc_x_r = 0.000000, inc_y_r = 1.000000, inc_x_i = 1.000000, inc_y_i = 1.000000
En el else......

----------------------------------------
x = 25.000000, y = 143.000000
avance = -73.000000, avanceR = 2.000000, avanceI = 2.000000
inc_x_r = 0.000000, inc_y_r = 1.000000, inc_x_i = 1.000000, inc_y_i = 1.000000
En el else......

----------------------------------------
x = 25.000000, y = 144.000000
avance = -71.000000, avanceR = 2.000000, avanceI = 2.000000
inc_x_r = 0.000000, inc_y_r = 1.000000, inc_x_i = 1.000000, inc_y_i = 1.000000
En el else......

----------------------------------------
x = 25.000000, y = 145.000000
avance = -69.000000, avanceR = 2.000000, avanceI = 2.000000
inc_x_r = 0.000000, inc_y_r = 1.000000, inc_x_i = 1.000000, inc_y_i = 1.000000
En el else......

----------------------------------------
x = 25.000000, y = 146.000000
avance = -67.000000, avanceR = 2.000000, avanceI = 2.000000
inc_x_r = 0.000000, inc_y_r = 1.000000, inc_x_i = 1.000000, inc_y_i = 1.000000
En el else......

----------------------------------------
x = 25.000000, y = 147.000000
avance = -65.000000, avanceR = 2.000000, avanceI = 2.000000
inc_x_r = 0.000000, inc_y_r = 1.000000, inc_x_i = 1.000000, inc_y_i = 1.000000
En el else......

----------------------------------------
x = 25.000000, y = 148.000000
avance = -63.000000, avanceR = 2.000000, avanceI = 2.000000
inc_x_r = 0.000000, inc_y_r = 1.000000, inc_x_i = 1.000000, inc_y_i = 1.000000
En el else......

----------------------------------------
x = 25.000000, y = 149.000000
avance = -61.000000, avanceR = 2.000000, avanceI = 2.000000
inc_x_r = 0.000000, inc_y_r = 1.000000, inc_x_i = 1.000000, inc_y_i = 1.000000
En el else......

----------------------------------------
x = 25.000000, y = 150.000000
avance = -59.000000, avanceR = 2.000000, avanceI = 2.000000
inc_x_r = 0.000000, inc_y_r = 1.000000, inc_x_i = 1.000000, inc_y_i = 1.000000
En el else......

----------------------------------------
x = 25.000000, y = 151.000000
avance = -57.000000, avanceR = 2.000000, avanceI = 2.000000
inc_x_r = 0.000000, inc_y_r = 1.000000, inc_x_i = 1.000000, inc_y_i = 1.000000
En el else......

----------------------------------------
x = 25.000000, y = 152.000000
avance = -55.000000, avanceR = 2.000000, avanceI = 2.000000
inc_x_r = 0.000000, inc_y_r = 1.000000, inc_x_i = 1.000000, inc_y_i = 1.000000
En el else......

----------------------------------------
x = 25.000000, y = 153.000000
avance = -53.000000, avanceR = 2.000000, avanceI = 2.000000
inc_x_r = 0.000000, inc_y_r = 1.000000, inc_x_i = 1.000000, inc_y_i = 1.000000
En el else......

----------------------------------------
x = 25.000000, y = 154.000000
avance = -51.000000, avanceR = 2.000000, avanceI = 2.000000
inc_x_r = 0.000000, inc_y_r = 1.000000, inc_x_i = 1.000000, inc_y_i = 1.000000
En el else......

----------------------------------------
x = 25.000000, y = 155.000000
avance = -49.000000, avanceR = 2.000000, avanceI = 2.000000
inc_x_r = 0.000000, inc_y_r = 1.000000, inc_x_i = 1.000000, inc_y_i = 1.000000
En el else......

----------------------------------------
x = 25.000000, y = 156.000000
avance = -47.000000, avanceR = 2.000000, avanceI = 2.000000
inc_x_r = 0.000000, inc_y_r = 1.000000, inc_x_i = 1.000000, inc_y_i = 1.000000
En el else......

----------------------------------------
x = 25.000000, y = 157.000000
avance = -45.000000, avanceR = 2.000000, avanceI = 2.000000
inc_x_r = 0.000000, inc_y_r = 1.000000, inc_x_i = 1.000000, inc_y_i = 1.000000
En el else......

----------------------------------------
x = 25.000000, y = 158.000000
avance = -43.000000, avanceR = 2.000000, avanceI = 2.000000
inc_x_r = 0.000000, inc_y_r = 1.000000, inc_x_i = 1.000000, inc_y_i = 1.000000
En el else......

----------------------------------------
x = 25.000000, y = 159.000000
avance = -41.000000, avanceR = 2.000000, avanceI = 2.000000
inc_x_r = 0.000000, inc_y_r = 1.000000, inc_x_i = 1.000000, inc_y_i = 1.000000
En el else......

----------------------------------------
x = 25.000000, y = 160.000000
avance = -39.000000, avanceR = 2.000000, avanceI = 2.000000
inc_x_r = 0.000000, inc_y_r = 1.000000, inc_x_i = 1.000000, inc_y_i = 1.000000
En el else......

----------------------------------------
x = 25.000000, y = 161.000000
avance = -37.000000, avanceR = 2.000000, avanceI = 2.000000
inc_x_r = 0.000000, inc_y_r = 1.000000, inc_x_i = 1.000000, inc_y_i = 1.000000
En el else......

----------------------------------------
x = 25.000000, y = 162.000000
avance = -35.000000, avanceR = 2.000000, avanceI = 2.000000
inc_x_r = 0.000000, inc_y_r = 1.000000, inc_x_i = 1.000000, inc_y_i = 1.000000
En el else......

----------------------------------------
x = 25.000000, y = 163.000000
avance = -33.000000, avanceR = 2.000000, avanceI = 2.000000
inc_x_r = 0.000000, inc_y_r = 1.000000, inc_x_i = 1.000000, inc_y_i = 1.000000
En el else......

----------------------------------------
x = 25.000000, y = 164.000000
avance = -31.000000, avanceR = 2.000000, avanceI = 2.000000
inc_x_r = 0.000000, inc_y_r = 1.000000, inc_x_i = 1.000000, inc_y_i = 1.000000
En el else......

----------------------------------------
x = 25.000000, y = 165.000000
avance = -29.000000, avanceR = 2.000000, avanceI = 2.000000
inc_x_r = 0.000000, inc_y_r = 1.000000, inc_x_i = 1.000000, inc_y_i = 1.000000
En el else......

----------------------------------------
x = 25.000000, y = 166.000000
avance = -27.000000, avanceR = 2.000000, avanceI = 2.000000
inc_x_r = 0.000000, inc_y_r = 1.000000, inc_x_i = 1.000000, inc_y_i = 1.000000
En el else......

----------------------------------------
x = 25.000000, y = 167.000000
avance = -25.000000, avanceR = 2.000000, avanceI = 2.000000
inc_x_r = 0.000000, inc_y_r = 1.000000, inc_x_i = 1.000000, inc_y_i = 1.000000
En el else......

----------------------------------------
x = 25.000000, y = 168.000000
avance = -23.000000, avanceR = 2.000000, avanceI = 2.000000
inc_x_r = 0.000000, inc_y_r = 1.000000, inc_x_i = 1.000000, inc_y_i = 1.000000
En el else......

----------------------------------------
x = 25.000000, y = 169.000000
avance = -21.000000, avanceR = 2.000000, avanceI = 2.000000
inc_x_r = 0.000000, inc_y_r = 1.000000, inc_x_i = 1.000000, inc_y_i = 1.000000
En el else......

----------------------------------------
x = 25.000000, y = 170.000000
avance = -19.000000, avanceR = 2.000000, avanceI = 2.000000
inc_x_r = 0.000000, inc_y_r = 1.000000, inc_x_i = 1.000000, inc_y_i = 1.000000
En el else......

----------------------------------------
x = 25.000000, y = 171.000000
avance = -17.000000, avanceR = 2.000000, avanceI = 2.000000
inc_x_r = 0.000000, inc_y_r = 1.000000, inc_x_i = 1.000000, inc_y_i = 1.000000
En el else......

----------------------------------------
x = 25.000000, y = 172.000000
avance = -15.000000, avanceR = 2.000000, avanceI = 2.000000
inc_x_r = 0.000000, inc_y_r = 1.000000, inc_x_i = 1.000000, inc_y_i = 1.000000
En el else......

----------------------------------------
x = 25.000000, y = 173.000000
avance = -13.000000, avanceR = 2.000000, avanceI = 2.000000
inc_x_r = 0.000000, inc_y_r = 1.000000, inc_x_i = 1.000000, inc_y_i = 1.000000
En el else......

----------------------------------------
x = 25.000000, y = 174.000000
avance = -11.000000, avanceR = 2.000000, avanceI = 2.000000
inc_x_r = 0.000000, inc_y_r = 1.000000, inc_x_i = 1.000000, inc_y_i = 1.000000
En el else......

----------------------------------------
x = 25.000000, y = 175.000000
avance = -9.000000, avanceR = 2.000000, avanceI = 2.000000
inc_x_r = 0.000000, inc_y_r = 1.000000, inc_x_i = 1.000000, inc_y_i = 1.000000
En el else......

----------------------------------------
x = 25.000000, y = 176.000000
avance = -7.000000, avanceR = 2.000000, avanceI = 2.000000
inc_x_r = 0.000000, inc_y_r = 1.000000, inc_x_i = 1.000000, inc_y_i = 1.000000
En el else......

----------------------------------------
x = 25.000000, y = 177.000000
avance = -5.000000, avanceR = 2.000000, avanceI = 2.000000
inc_x_r = 0.000000, inc_y_r = 1.000000, inc_x_i = 1.000000, inc_y_i = 1.000000
En el else......

----------------------------------------
x = 25.000000, y = 178.000000
avance = -3.000000, avanceR = 2.000000, avanceI = 2.000000
inc_x_r = 0.000000, inc_y_r = 1.000000, inc_x_i = 1.000000, inc_y_i = 1.000000
En el else......

----------------------------------------
x = 25.000000, y = 179.000000
avance = -1.000000, avanceR = 2.000000, avanceI = 2.000000
inc_x_r = 0.000000, inc_y_r = 1.000000, inc_x_i = 1.000000, inc_y_i = 1.000000
En el else......

----------------------------------------
x = 25.000000, y = 180.000000
avance = 1.000000, avanceR = 2.000000, avanceI = 2.000000
inc_x_r = 0.000000, inc_y_r = 1.000000, inc_x_i = 1.000000, inc_y_i = 1.000000
avance >= 0

----------------------------------------
x = 26.000000, y = 181.000000
avance = -499.000000, avanceR = 2.000000, avanceI = 2.000000
inc_x_r = 0.000000, inc_y_r = 1.000000, inc_x_i = 1.000000, inc_y_i = 1.000000
En el else......

----------------------------------------
x = 26.000000, y = 182.000000
avance = -497.000000, avanceR = 2.000000, avanceI = 2.000000
inc_x_r = 0.000000, inc_y_r = 1.000000, inc_x_i = 1.000000, inc_y_i = 1.000000
En el else......

----------------------------------------
x = 26.000000, y = 183.000000
avance = -495.000000, avanceR = 2.000000, avanceI = 2.000000
inc_x_r = 0.000000, inc_y_r = 1.000000, inc_x_i = 1.000000, inc_y_i = 1.000000
En el else......

----------------------------------------
x = 26.000000, y = 184.000000
avance = -493.000000, avanceR = 2.000000, avanceI = 2.000000
inc_x_r = 0.000000, inc_y_r = 1.000000, inc_x_i = 1.000000, inc_y_i = 1.000000
En el else......

----------------------------------------
x = 26.000000, y = 185.000000
avance = -491.000000, avanceR = 2.000000, avanceI = 2.000000
inc_x_r = 0.000000, inc_y_r = 1.000000, inc_x_i = 1.000000, inc_y_i = 1.000000
En el else......

----------------------------------------
x = 26.000000, y = 186.000000
avance = -489.000000, avanceR = 2.000000, avanceI = 2.000000
inc_x_r = 0.000000, inc_y_r = 1.000000, inc_x_i = 1.000000, inc_y_i = 1.000000
En el else......

----------------------------------------
x = 26.000000, y = 187.000000
avance = -487.000000, avanceR = 2.000000, avanceI = 2.000000
inc_x_r = 0.000000, inc_y_r = 1.000000, inc_x_i = 1.000000, inc_y_i = 1.000000
En el else......

----------------------------------------
x = 26.000000, y = 188.000000
avance = -485.000000, avanceR = 2.000000, avanceI = 2.000000
inc_x_r = 0.000000, inc_y_r = 1.000000, inc_x_i = 1.000000, inc_y_i = 1.000000
En el else......

----------------------------------------
x = 26.000000, y = 189.000000
avance = -483.000000, avanceR = 2.000000, avanceI = 2.000000
inc_x_r = 0.000000, inc_y_r = 1.000000, inc_x_i = 1.000000, inc_y_i = 1.000000
En el else......

----------------------------------------
x = 26.000000, y = 190.000000
avance = -481.000000, avanceR = 2.000000, avanceI = 2.000000
inc_x_r = 0.000000, inc_y_r = 1.000000, inc_x_i = 1.000000, inc_y_i = 1.000000
En el else......

----------------------------------------
x = 26.000000, y = 191.000000
avance = -479.000000, avanceR = 2.000000, avanceI = 2.000000
inc_x_r = 0.000000, inc_y_r = 1.000000, inc_x_i = 1.000000, inc_y_i = 1.000000
En el else......

----------------------------------------
x = 26.000000, y = 192.000000
avance = -477.000000, avanceR = 2.000000, avanceI = 2.000000
inc_x_r = 0.000000, inc_y_r = 1.000000, inc_x_i = 1.000000, inc_y_i = 1.000000
En el else......

----------------------------------------
x = 26.000000, y = 193.000000
avance = -475.000000, avanceR = 2.000000, avanceI = 2.000000
inc_x_r = 0.000000, inc_y_r = 1.000000, inc_x_i = 1.000000, inc_y_i = 1.000000
En el else......

----------------------------------------
x = 26.000000, y = 194.000000
avance = -473.000000, avanceR = 2.000000, avanceI = 2.000000
inc_x_r = 0.000000, inc_y_r = 1.000000, inc_x_i = 1.000000, inc_y_i = 1.000000
En el else......

----------------------------------------
x = 26.000000, y = 195.000000
avance = -471.000000, avanceR = 2.000000, avanceI = 2.000000
inc_x_r = 0.000000, inc_y_r = 1.000000, inc_x_i = 1.000000, inc_y_i = 1.000000
En el else......

----------------------------------------
x = 26.000000, y = 196.000000
avance = -469.000000, avanceR = 2.000000, avanceI = 2.000000
inc_x_r = 0.000000, inc_y_r = 1.000000, inc_x_i = 1.000000, inc_y_i = 1.000000
En el else......

----------------------------------------
x = 26.000000, y = 197.000000
avance = -467.000000, avanceR = 2.000000, avanceI = 2.000000
inc_x_r = 0.000000, inc_y_r = 1.000000, inc_x_i = 1.000000, inc_y_i = 1.000000
En el else......

----------------------------------------
x = 26.000000, y = 198.000000
avance = -465.000000, avanceR = 2.000000, avanceI = 2.000000
inc_x_r = 0.000000, inc_y_r = 1.000000, inc_x_i = 1.000000, inc_y_i = 1.000000
En el else......

----------------------------------------
x = 26.000000, y = 199.000000
avance = -463.000000, avanceR = 2.000000, avanceI = 2.000000
inc_x_r = 0.000000, inc_y_r = 1.000000, inc_x_i = 1.000000, inc_y_i = 1.000000
En el else......

----------------------------------------
x = 26.000000, y = 200.000000
avance = -461.000000, avanceR = 2.000000, avanceI = 2.000000
inc_x_r = 0.000000, inc_y_r = 1.000000, inc_x_i = 1.000000, inc_y_i = 1.000000
En el else......

----------------------------------------
x = 26.000000, y = 201.000000
avance = -459.000000, avanceR = 2.000000, avanceI = 2.000000
inc_x_r = 0.000000, inc_y_r = 1.000000, inc_x_i = 1.000000, inc_y_i = 1.000000
En el else......

----------------------------------------
x = 26.000000, y = 202.000000
avance = -457.000000, avanceR = 2.000000, avanceI = 2.000000
inc_x_r = 0.000000, inc_y_r = 1.000000, inc_x_i = 1.000000, inc_y_i = 1.000000
En el else......

----------------------------------------
x = 26.000000, y = 203.000000
avance = -455.000000, avanceR = 2.000000, avanceI = 2.000000
inc_x_r = 0.000000, inc_y_r = 1.000000, inc_x_i = 1.000000, inc_y_i = 1.000000
En el else......

----------------------------------------
x = 26.000000, y = 204.000000
avance = -453.000000, avanceR = 2.000000, avanceI = 2.000000
inc_x_r = 0.000000, inc_y_r = 1.000000, inc_x_i = 1.000000, inc_y_i = 1.000000
En el else......

----------------------------------------
x = 26.000000, y = 205.000000
avance = -451.000000, avanceR = 2.000000, avanceI = 2.000000
inc_x_r = 0.000000, inc_y_r = 1.000000, inc_x_i = 1.000000, inc_y_i = 1.000000
En el else......

----------------------------------------
x = 26.000000, y = 206.000000
avance = -449.000000, avanceR = 2.000000, avanceI = 2.000000
inc_x_r = 0.000000, inc_y_r = 1.000000, inc_x_i = 1.000000, inc_y_i = 1.000000
En el else......

----------------------------------------
x = 26.000000, y = 207.000000
avance = -447.000000, avanceR = 2.000000, avanceI = 2.000000
inc_x_r = 0.000000, inc_y_r = 1.000000, inc_x_i = 1.000000, inc_y_i = 1.000000
En el else......

----------------------------------------
x = 26.000000, y = 208.000000
avance = -445.000000, avanceR = 2.000000, avanceI = 2.000000
inc_x_r = 0.000000, inc_y_r = 1.000000, inc_x_i = 1.000000, inc_y_i = 1.000000
En el else......

----------------------------------------
x = 26.000000, y = 209.000000
avance = -443.000000, avanceR = 2.000000, avanceI = 2.000000
inc_x_r = 0.000000, inc_y_r = 1.000000, inc_x_i = 1.000000, inc_y_i = 1.000000
En el else......

----------------------------------------
x = 26.000000, y = 210.000000
avance = -441.000000, avanceR = 2.000000, avanceI = 2.000000
inc_x_r = 0.000000, inc_y_r = 1.000000, inc_x_i = 1.000000, inc_y_i = 1.000000
En el else......

----------------------------------------
x = 26.000000, y = 211.000000
avance = -439.000000, avanceR = 2.000000, avanceI = 2.000000
inc_x_r = 0.000000, inc_y_r = 1.000000, inc_x_i = 1.000000, inc_y_i = 1.000000
En el else......

----------------------------------------
x = 26.000000, y = 212.000000
avance = -437.000000, avanceR = 2.000000, avanceI = 2.000000
inc_x_r = 0.000000, inc_y_r = 1.000000, inc_x_i = 1.000000, inc_y_i = 1.000000
En el else......

----------------------------------------
x = 26.000000, y = 213.000000
avance = -435.000000, avanceR = 2.000000, avanceI = 2.000000
inc_x_r = 0.000000, inc_y_r = 1.000000, inc_x_i = 1.000000, inc_y_i = 1.000000
En el else......

----------------------------------------
x = 26.000000, y = 214.000000
avance = -433.000000, avanceR = 2.000000, avanceI = 2.000000
inc_x_r = 0.000000, inc_y_r = 1.000000, inc_x_i = 1.000000, inc_y_i = 1.000000
En el else......

----------------------------------------
x = 26.000000, y = 215.000000
avance = -431.000000, avanceR = 2.000000, avanceI = 2.000000
inc_x_r = 0.000000, inc_y_r = 1.000000, inc_x_i = 1.000000, inc_y_i = 1.000000
En el else......

----------------------------------------
x = 26.000000, y = 216.000000
avance = -429.000000, avanceR = 2.000000, avanceI = 2.000000
inc_x_r = 0.000000, inc_y_r = 1.000000, inc_x_i = 1.000000, inc_y_i = 1.000000
En el else......

----------------------------------------
x = 26.000000, y = 217.000000
avance = -427.000000, avanceR = 2.000000, avanceI = 2.000000
inc_x_r = 0.000000, inc_y_r = 1.000000, inc_x_i = 1.000000, inc_y_i = 1.000000
En el else......

----------------------------------------
x = 26.000000, y = 218.000000
avance = -425.000000, avanceR = 2.000000, avanceI = 2.000000
inc_x_r = 0.000000, inc_y_r = 1.000000, inc_x_i = 1.000000, inc_y_i = 1.000000
En el else......

----------------------------------------
x = 26.000000, y = 219.000000
avance = -423.000000, avanceR = 2.000000, avanceI = 2.000000
inc_x_r = 0.000000, inc_y_r = 1.000000, inc_x_i = 1.000000, inc_y_i = 1.000000
En el else......

----------------------------------------
x = 26.000000, y = 220.000000
avance = -421.000000, avanceR = 2.000000, avanceI = 2.000000
inc_x_r = 0.000000, inc_y_r = 1.000000, inc_x_i = 1.000000, inc_y_i = 1.000000
En el else......

----------------------------------------
x = 26.000000, y = 221.000000
avance = -419.000000, avanceR = 2.000000, avanceI = 2.000000
inc_x_r = 0.000000, inc_y_r = 1.000000, inc_x_i = 1.000000, inc_y_i = 1.000000
En el else......

----------------------------------------
x = 26.000000, y = 222.000000
avance = -417.000000, avanceR = 2.000000, avanceI = 2.000000
inc_x_r = 0.000000, inc_y_r = 1.000000, inc_x_i = 1.000000, inc_y_i = 1.000000
En el else......

----------------------------------------
x = 26.000000, y = 223.000000
avance = -415.000000, avanceR = 2.000000, avanceI = 2.000000
inc_x_r = 0.000000, inc_y_r = 1.000000, inc_x_i = 1.000000, inc_y_i = 1.000000
En el else......

----------------------------------------
x = 26.000000, y = 224.000000
avance = -413.000000, avanceR = 2.000000, avanceI = 2.000000
inc_x_r = 0.000000, inc_y_r = 1.000000, inc_x_i = 1.000000, inc_y_i = 1.000000
En el else......

----------------------------------------
x = 26.000000, y = 225.000000
avance = -411.000000, avanceR = 2.000000, avanceI = 2.000000
inc_x_r = 0.000000, inc_y_r = 1.000000, inc_x_i = 1.000000, inc_y_i = 1.000000
En el else......

----------------------------------------
x = 26.000000, y = 226.000000
avance = -409.000000, avanceR = 2.000000, avanceI = 2.000000
inc_x_r = 0.000000, inc_y_r = 1.000000, inc_x_i = 1.000000, inc_y_i = 1.000000
En el else......

----------------------------------------
x = 26.000000, y = 227.000000
avance = -407.000000, avanceR = 2.000000, avanceI = 2.000000
inc_x_r = 0.000000, inc_y_r = 1.000000, inc_x_i = 1.000000, inc_y_i = 1.000000
En el else......

----------------------------------------
x = 26.000000, y = 228.000000
avance = -405.000000, avanceR = 2.000000, avanceI = 2.000000
inc_x_r = 0.000000, inc_y_r = 1.000000, inc_x_i = 1.000000, inc_y_i = 1.000000
En el else......

----------------------------------------
x = 26.000000, y = 229.000000
avance = -403.000000, avanceR = 2.000000, avanceI = 2.000000
inc_x_r = 0.000000, inc_y_r = 1.000000, inc_x_i = 1.000000, inc_y_i = 1.000000
En el else......

----------------------------------------
x = 26.000000, y = 230.000000
avance = -401.000000, avanceR = 2.000000, avanceI = 2.000000
inc_x_r = 0.000000, inc_y_r = 1.000000, inc_x_i = 1.000000, inc_y_i = 1.000000
En el else......

----------------------------------------
x = 26.000000, y = 231.000000
avance = -399.000000, avanceR = 2.000000, avanceI = 2.000000
inc_x_r = 0.000000, inc_y_r = 1.000000, inc_x_i = 1.000000, inc_y_i = 1.000000
En el else......

----------------------------------------
x = 26.000000, y = 232.000000
avance = -397.000000, avanceR = 2.000000, avanceI = 2.000000
inc_x_r = 0.000000, inc_y_r = 1.000000, inc_x_i = 1.000000, inc_y_i = 1.000000
En el else......

----------------------------------------
x = 26.000000, y = 233.000000
avance = -395.000000, avanceR = 2.000000, avanceI = 2.000000
inc_x_r = 0.000000, inc_y_r = 1.000000, inc_x_i = 1.000000, inc_y_i = 1.000000
En el else......

----------------------------------------
x = 26.000000, y = 234.000000
avance = -393.000000, avanceR = 2.000000, avanceI = 2.000000
inc_x_r = 0.000000, inc_y_r = 1.000000, inc_x_i = 1.000000, inc_y_i = 1.000000
En el else......

----------------------------------------
x = 26.000000, y = 235.000000
avance = -391.000000, avanceR = 2.000000, avanceI = 2.000000
inc_x_r = 0.000000, inc_y_r = 1.000000, inc_x_i = 1.000000, inc_y_i = 1.000000
En el else......

----------------------------------------
x = 26.000000, y = 236.000000
avance = -389.000000, avanceR = 2.000000, avanceI = 2.000000
inc_x_r = 0.000000, inc_y_r = 1.000000, inc_x_i = 1.000000, inc_y_i = 1.000000
En el else......

----------------------------------------
x = 26.000000, y = 237.000000
avance = -387.000000, avanceR = 2.000000, avanceI = 2.000000
inc_x_r = 0.000000, inc_y_r = 1.000000, inc_x_i = 1.000000, inc_y_i = 1.000000
En el else......

----------------------------------------
x = 26.000000, y = 238.000000
avance = -385.000000, avanceR = 2.000000, avanceI = 2.000000
inc_x_r = 0.000000, inc_y_r = 1.000000, inc_x_i = 1.000000, inc_y_i = 1.000000
En el else......

----------------------------------------
x = 26.000000, y = 239.000000
avance = -383.000000, avanceR = 2.000000, avanceI = 2.000000
inc_x_r = 0.000000, inc_y_r = 1.000000, inc_x_i = 1.000000, inc_y_i = 1.000000
En el else......

----------------------------------------
x = 26.000000, y = 240.000000
avance = -381.000000, avanceR = 2.000000, avanceI = 2.000000
inc_x_r = 0.000000, inc_y_r = 1.000000, inc_x_i = 1.000000, inc_y_i = 1.000000
En el else......

----------------------------------------
x = 26.000000, y = 241.000000
avance = -379.000000, avanceR = 2.000000, avanceI = 2.000000
inc_x_r = 0.000000, inc_y_r = 1.000000, inc_x_i = 1.000000, inc_y_i = 1.000000
En el else......

----------------------------------------
x = 26.000000, y = 242.000000
avance = -377.000000, avanceR = 2.000000, avanceI = 2.000000
inc_x_r = 0.000000, inc_y_r = 1.000000, inc_x_i = 1.000000, inc_y_i = 1.000000
En el else......

----------------------------------------
x = 26.000000, y = 243.000000
avance = -375.000000, avanceR = 2.000000, avanceI = 2.000000
inc_x_r = 0.000000, inc_y_r = 1.000000, inc_x_i = 1.000000, inc_y_i = 1.000000
En el else......

----------------------------------------
x = 26.000000, y = 244.000000
avance = -373.000000, avanceR = 2.000000, avanceI = 2.000000
inc_x_r = 0.000000, inc_y_r = 1.000000, inc_x_i = 1.000000, inc_y_i = 1.000000
En el else......

----------------------------------------
x = 26.000000, y = 245.000000
avance = -371.000000, avanceR = 2.000000, avanceI = 2.000000
inc_x_r = 0.000000, inc_y_r = 1.000000, inc_x_i = 1.000000, inc_y_i = 1.000000
En el else......

----------------------------------------
x = 26.000000, y = 246.000000
avance = -369.000000, avanceR = 2.000000, avanceI = 2.000000
inc_x_r = 0.000000, inc_y_r = 1.000000, inc_x_i = 1.000000, inc_y_i = 1.000000
En el else......

----------------------------------------
x = 26.000000, y = 247.000000
avance = -367.000000, avanceR = 2.000000, avanceI = 2.000000
inc_x_r = 0.000000, inc_y_r = 1.000000, inc_x_i = 1.000000, inc_y_i = 1.000000
En el else......

----------------------------------------
x = 26.000000, y = 248.000000
avance = -365.000000, avanceR = 2.000000, avanceI = 2.000000
inc_x_r = 0.000000, inc_y_r = 1.000000, inc_x_i = 1.000000, inc_y_i = 1.000000
En el else......

----------------------------------------
x = 26.000000, y = 249.000000
avance = -363.000000, avanceR = 2.000000, avanceI = 2.000000
inc_x_r = 0.000000, inc_y_r = 1.000000, inc_x_i = 1.000000, inc_y_i = 1.000000
En el else......

----------------------------------------
x = 26.000000, y = 250.000000
avance = -361.000000, avanceR = 2.000000, avanceI = 2.000000
inc_x_r = 0.000000, inc_y_r = 1.000000, inc_x_i = 1.000000, inc_y_i = 1.000000
En el else......

----------------------------------------
x = 26.000000, y = 251.000000
avance = -359.000000, avanceR = 2.000000, avanceI = 2.000000
inc_x_r = 0.000000, inc_y_r = 1.000000, inc_x_i = 1.000000, inc_y_i = 1.000000
En el else......

----------------------------------------
x = 26.000000, y = 252.000000
avance = -357.000000, avanceR = 2.000000, avanceI = 2.000000
inc_x_r = 0.000000, inc_y_r = 1.000000, inc_x_i = 1.000000, inc_y_i = 1.000000
En el else......

----------------------------------------
x = 26.000000, y = 253.000000
avance = -355.000000, avanceR = 2.000000, avanceI = 2.000000
inc_x_r = 0.000000, inc_y_r = 1.000000, inc_x_i = 1.000000, inc_y_i = 1.000000
En el else......

----------------------------------------
x = 26.000000, y = 254.000000
avance = -353.000000, avanceR = 2.000000, avanceI = 2.000000
inc_x_r = 0.000000, inc_y_r = 1.000000, inc_x_i = 1.000000, inc_y_i = 1.000000
En el else......

----------------------------------------
x = 26.000000, y = 255.000000
avance = -351.000000, avanceR = 2.000000, avanceI = 2.000000
inc_x_r = 0.000000, inc_y_r = 1.000000, inc_x_i = 1.000000, inc_y_i = 1.000000
En el else......

----------------------------------------
x = 26.000000, y = 256.000000
avance = -349.000000, avanceR = 2.000000, avanceI = 2.000000
inc_x_r = 0.000000, inc_y_r = 1.000000, inc_x_i = 1.000000, inc_y_i = 1.000000
En el else......

----------------------------------------
x = 26.000000, y = 257.000000
avance = -347.000000, avanceR = 2.000000, avanceI = 2.000000
inc_x_r = 0.000000, inc_y_r = 1.000000, inc_x_i = 1.000000, inc_y_i = 1.000000
En el else......

----------------------------------------
x = 26.000000, y = 258.000000
avance = -345.000000, avanceR = 2.000000, avanceI = 2.000000
inc_x_r = 0.000000, inc_y_r = 1.000000, inc_x_i = 1.000000, inc_y_i = 1.000000
En el else......

----------------------------------------
x = 26.000000, y = 259.000000
avance = -343.000000, avanceR = 2.000000, avanceI = 2.000000
inc_x_r = 0.000000, inc_y_r = 1.000000, inc_x_i = 1.000000, inc_y_i = 1.000000
En el else......

----------------------------------------
x = 26.000000, y = 260.000000
avance = -341.000000, avanceR = 2.000000, avanceI = 2.000000
inc_x_r = 0.000000, inc_y_r = 1.000000, inc_x_i = 1.000000, inc_y_i = 1.000000
En el else......

----------------------------------------
x = 26.000000, y = 261.000000
avance = -339.000000, avanceR = 2.000000, avanceI = 2.000000
inc_x_r = 0.000000, inc_y_r = 1.000000, inc_x_i = 1.000000, inc_y_i = 1.000000
En el else......

----------------------------------------
x = 26.000000, y = 262.000000
avance = -337.000000, avanceR = 2.000000, avanceI = 2.000000
inc_x_r = 0.000000, inc_y_r = 1.000000, inc_x_i = 1.000000, inc_y_i = 1.000000
En el else......

----------------------------------------
x = 26.000000, y = 263.000000
avance = -335.000000, avanceR = 2.000000, avanceI = 2.000000
inc_x_r = 0.000000, inc_y_r = 1.000000, inc_x_i = 1.000000, inc_y_i = 1.000000
En el else......

----------------------------------------
x = 26.000000, y = 264.000000
avance = -333.000000, avanceR = 2.000000, avanceI = 2.000000
inc_x_r = 0.000000, inc_y_r = 1.000000, inc_x_i = 1.000000, inc_y_i = 1.000000
En el else......

----------------------------------------
x = 26.000000, y = 265.000000
avance = -331.000000, avanceR = 2.000000, avanceI = 2.000000
inc_x_r = 0.000000, inc_y_r = 1.000000, inc_x_i = 1.000000, inc_y_i = 1.000000
En el else......

----------------------------------------
x = 26.000000, y = 266.000000
avance = -329.000000, avanceR = 2.000000, avanceI = 2.000000
inc_x_r = 0.000000, inc_y_r = 1.000000, inc_x_i = 1.000000, inc_y_i = 1.000000
En el else......

----------------------------------------
x = 26.000000, y = 267.000000
avance = -327.000000, avanceR = 2.000000, avanceI = 2.000000
inc_x_r = 0.000000, inc_y_r = 1.000000, inc_x_i = 1.000000, inc_y_i = 1.000000
En el else......

----------------------------------------
x = 26.000000, y = 268.000000
avance = -325.000000, avanceR = 2.000000, avanceI = 2.000000
inc_x_r = 0.000000, inc_y_r = 1.000000, inc_x_i = 1.000000, inc_y_i = 1.000000
En el else......

----------------------------------------
x = 26.000000, y = 269.000000
avance = -323.000000, avanceR = 2.000000, avanceI = 2.000000
inc_x_r = 0.000000, inc_y_r = 1.000000, inc_x_i = 1.000000, inc_y_i = 1.000000
En el else......

----------------------------------------
x = 26.000000, y = 270.000000
avance = -321.000000, avanceR = 2.000000, avanceI = 2.000000
inc_x_r = 0.000000, inc_y_r = 1.000000, inc_x_i = 1.000000, inc_y_i = 1.000000
En el else......

----------------------------------------
x = 26.000000, y = 271.000000
avance = -319.000000, avanceR = 2.000000, avanceI = 2.000000
inc_x_r = 0.000000, inc_y_r = 1.000000, inc_x_i = 1.000000, inc_y_i = 1.000000
En el else......

----------------------------------------
x = 26.000000, y = 272.000000
avance = -317.000000, avanceR = 2.000000, avanceI = 2.000000
inc_x_r = 0.000000, inc_y_r = 1.000000, inc_x_i = 1.000000, inc_y_i = 1.000000
En el else......

----------------------------------------
x = 26.000000, y = 273.000000
avance = -315.000000, avanceR = 2.000000, avanceI = 2.000000
inc_x_r = 0.000000, inc_y_r = 1.000000, inc_x_i = 1.000000, inc_y_i = 1.000000
En el else......

----------------------------------------
x = 26.000000, y = 274.000000
avance = -313.000000, avanceR = 2.000000, avanceI = 2.000000
inc_x_r = 0.000000, inc_y_r = 1.000000, inc_x_i = 1.000000, inc_y_i = 1.000000
En el else......

----------------------------------------
x = 26.000000, y = 275.000000
avance = -311.000000, avanceR = 2.000000, avanceI = 2.000000
inc_x_r = 0.000000, inc_y_r = 1.000000, inc_x_i = 1.000000, inc_y_i = 1.000000
En el else......

----------------------------------------
x = 26.000000, y = 276.000000
avance = -309.000000, avanceR = 2.000000, avanceI = 2.000000
inc_x_r = 0.000000, inc_y_r = 1.000000, inc_x_i = 1.000000, inc_y_i = 1.000000
En el else......

----------------------------------------
x = 26.000000, y = 277.000000
avance = -307.000000, avanceR = 2.000000, avanceI = 2.000000
inc_x_r = 0.000000, inc_y_r = 1.000000, inc_x_i = 1.000000, inc_y_i = 1.000000
En el else......

----------------------------------------
x = 26.000000, y = 278.000000
avance = -305.000000, avanceR = 2.000000, avanceI = 2.000000
inc_x_r = 0.000000, inc_y_r = 1.000000, inc_x_i = 1.000000, inc_y_i = 1.000000
En el else......

----------------------------------------
x = 26.000000, y = 279.000000
avance = -303.000000, avanceR = 2.000000, avanceI = 2.000000
inc_x_r = 0.000000, inc_y_r = 1.000000, inc_x_i = 1.000000, inc_y_i = 1.000000
En el else......

----------------------------------------
x = 26.000000, y = 280.000000
avance = -301.000000, avanceR = 2.000000, avanceI = 2.000000
inc_x_r = 0.000000, inc_y_r = 1.000000, inc_x_i = 1.000000, inc_y_i = 1.000000
En el else......

----------------------------------------
x = 26.000000, y = 281.000000
avance = -299.000000, avanceR = 2.000000, avanceI = 2.000000
inc_x_r = 0.000000, inc_y_r = 1.000000, inc_x_i = 1.000000, inc_y_i = 1.000000
En el else......

----------------------------------------
x = 26.000000, y = 282.000000
avance = -297.000000, avanceR = 2.000000, avanceI = 2.000000
inc_x_r = 0.000000, inc_y_r = 1.000000, inc_x_i = 1.000000, inc_y_i = 1.000000
En el else......

----------------------------------------
x = 26.000000, y = 283.000000
avance = -295.000000, avanceR = 2.000000, avanceI = 2.000000
inc_x_r = 0.000000, inc_y_r = 1.000000, inc_x_i = 1.000000, inc_y_i = 1.000000
En el else......

----------------------------------------
x = 26.000000, y = 284.000000
avance = -293.000000, avanceR = 2.000000, avanceI = 2.000000
inc_x_r = 0.000000, inc_y_r = 1.000000, inc_x_i = 1.000000, inc_y_i = 1.000000
En el else......

----------------------------------------
x = 26.000000, y = 285.000000
avance = -291.000000, avanceR = 2.000000, avanceI = 2.000000
inc_x_r = 0.000000, inc_y_r = 1.000000, inc_x_i = 1.000000, inc_y_i = 1.000000
En el else......

----------------------------------------
x = 26.000000, y = 286.000000
avance = -289.000000, avanceR = 2.000000, avanceI = 2.000000
inc_x_r = 0.000000, inc_y_r = 1.000000, inc_x_i = 1.000000, inc_y_i = 1.000000
En el else......

----------------------------------------
x = 26.000000, y = 287.000000
avance = -287.000000, avanceR = 2.000000, avanceI = 2.000000
inc_x_r = 0.000000, inc_y_r = 1.000000, inc_x_i = 1.000000, inc_y_i = 1.000000
En el else......

----------------------------------------
x = 26.000000, y = 288.000000
avance = -285.000000, avanceR = 2.000000, avanceI = 2.000000
inc_x_r = 0.000000, inc_y_r = 1.000000, inc_x_i = 1.000000, inc_y_i = 1.000000
En el else......

----------------------------------------
x = 26.000000, y = 289.000000
avance = -283.000000, avanceR = 2.000000, avanceI = 2.000000
inc_x_r = 0.000000, inc_y_r = 1.000000, inc_x_i = 1.000000, inc_y_i = 1.000000
En el else......

----------------------------------------
x = 26.000000, y = 290.000000
avance = -281.000000, avanceR = 2.000000, avanceI = 2.000000
inc_x_r = 0.000000, inc_y_r = 1.000000, inc_x_i = 1.000000, inc_y_i = 1.000000
En el else......

----------------------------------------
x = 26.000000, y = 291.000000
avance = -279.000000, avanceR = 2.000000, avanceI = 2.000000
inc_x_r = 0.000000, inc_y_r = 1.000000, inc_x_i = 1.000000, inc_y_i = 1.000000
En el else......

----------------------------------------
x = 26.000000, y = 292.000000
avance = -277.000000, avanceR = 2.000000, avanceI = 2.000000
inc_x_r = 0.000000, inc_y_r = 1.000000, inc_x_i = 1.000000, inc_y_i = 1.000000
En el else......

----------------------------------------
x = 26.000000, y = 293.000000
avance = -275.000000, avanceR = 2.000000, avanceI = 2.000000
inc_x_r = 0.000000, inc_y_r = 1.000000, inc_x_i = 1.000000, inc_y_i = 1.000000
En el else......

----------------------------------------
x = 26.000000, y = 294.000000
avance = -273.000000, avanceR = 2.000000, avanceI = 2.000000
inc_x_r = 0.000000, inc_y_r = 1.000000, inc_x_i = 1.000000, inc_y_i = 1.000000
En el else......

----------------------------------------
x = 26.000000, y = 295.000000
avance = -271.000000, avanceR = 2.000000, avanceI = 2.000000
inc_x_r = 0.000000, inc_y_r = 1.000000, inc_x_i = 1.000000, inc_y_i = 1.000000
En el else......

----------------------------------------
x = 26.000000, y = 296.000000
avance = -269.000000, avanceR = 2.000000, avanceI = 2.000000
inc_x_r = 0.000000, inc_y_r = 1.000000, inc_x_i = 1.000000, inc_y_i = 1.000000
En el else......

----------------------------------------
x = 26.000000, y = 297.000000
avance = -267.000000, avanceR = 2.000000, avanceI = 2.000000
inc_x_r = 0.000000, inc_y_r = 1.000000, inc_x_i = 1.000000, inc_y_i = 1.000000
En el else......

----------------------------------------
x = 26.000000, y = 298.000000
avance = -265.000000, avanceR = 2.000000, avanceI = 2.000000
inc_x_r = 0.000000, inc_y_r = 1.000000, inc_x_i = 1.000000, inc_y_i = 1.000000
En el else......

----------------------------------------
x = 26.000000, y = 299.000000
avance = -263.000000, avanceR = 2.000000, avanceI = 2.000000
inc_x_r = 0.000000, inc_y_r = 1.000000, inc_x_i = 1.000000, inc_y_i = 1.000000
En el else......

----------------------------------------
x = 26.000000, y = 300.000000
avance = -261.000000, avanceR = 2.000000, avanceI = 2.000000
inc_x_r = 0.000000, inc_y_r = 1.000000, inc_x_i = 1.000000, inc_y_i = 1.000000
En el else......

----------------------------------------
x = 26.000000, y = 301.000000
avance = -259.000000, avanceR = 2.000000, avanceI = 2.000000
inc_x_r = 0.000000, inc_y_r = 1.000000, inc_x_i = 1.000000, inc_y_i = 1.000000
En el else......

----------------------------------------
x = 26.000000, y = 302.000000
avance = -257.000000, avanceR = 2.000000, avanceI = 2.000000
inc_x_r = 0.000000, inc_y_r = 1.000000, inc_x_i = 1.000000, inc_y_i = 1.000000
En el else......

----------------------------------------
x = 26.000000, y = 303.000000
avance = -255.000000, avanceR = 2.000000, avanceI = 2.000000
inc_x_r = 0.000000, inc_y_r = 1.000000, inc_x_i = 1.000000, inc_y_i = 1.000000
En el else......

----------------------------------------
x = 26.000000, y = 304.000000
avance = -253.000000, avanceR = 2.000000, avanceI = 2.000000
inc_x_r = 0.000000, inc_y_r = 1.000000, inc_x_i = 1.000000, inc_y_i = 1.000000
En el else......

----------------------------------------
x = 26.000000, y = 305.000000
avance = -251.000000, avanceR = 2.000000, avanceI = 2.000000
inc_x_r = 0.000000, inc_y_r = 1.000000, inc_x_i = 1.000000, inc_y_i = 1.000000
En el else......

----------------------------------------


ENTRAMOS A BRESENHAMªªªª
x1 = 25.000000 - y1 = 55.000000 || x2 = 26.000000 - y2 = 306.000000
dy = 251.000000, dx = 1.000000
avances inclinados: inc_x_i = 1.000000, inc_y_i = 1.000000
updated: dy = 251.000000, dx = 1.000000
avances rectos: inc_x_r = 0.000000, inc_y_r 1.000000
reupdated: dy = 1.000000, dx = 251.000000
avanceR = 2.000000, avance -249.000000, avanceI 2.000000
----------------------------------------
x = 25.000000, y = 55.000000
avance = -249.000000, avanceR = 2.000000, avanceI = 2.000000
inc_x_r = 0.000000, inc_y_r = 1.000000, inc_x_i = 1.000000, inc_y_i = 1.000000
En el else......

----------------------------------------
x = 25.000000, y = 56.000000
avance = -247.000000, avanceR = 2.000000, avanceI = 2.000000
inc_x_r = 0.000000, inc_y_r = 1.000000, inc_x_i = 1.000000, inc_y_i = 1.000000
En el else......

----------------------------------------
x = 25.000000, y = 57.000000
avance = -245.000000, avanceR = 2.000000, avanceI = 2.000000
inc_x_r = 0.000000, inc_y_r = 1.000000, inc_x_i = 1.000000, inc_y_i = 1.000000
En el else......

----------------------------------------
x = 25.000000, y = 58.000000
avance = -243.000000, avanceR = 2.000000, avanceI = 2.000000
inc_x_r = 0.000000, inc_y_r = 1.000000, inc_x_i = 1.000000, inc_y_i = 1.000000
En el else......

----------------------------------------
x = 25.000000, y = 59.000000
avance = -241.000000, avanceR = 2.000000, avanceI = 2.000000
inc_x_r = 0.000000, inc_y_r = 1.000000, inc_x_i = 1.000000, inc_y_i = 1.000000
En el else......

----------------------------------------
x = 25.000000, y = 60.000000
avance = -239.000000, avanceR = 2.000000, avanceI = 2.000000
inc_x_r = 0.000000, inc_y_r = 1.000000, inc_x_i = 1.000000, inc_y_i = 1.000000
En el else......

----------------------------------------
x = 25.000000, y = 61.000000
avance = -237.000000, avanceR = 2.000000, avanceI = 2.000000
inc_x_r = 0.000000, inc_y_r = 1.000000, inc_x_i = 1.000000, inc_y_i = 1.000000
En el else......

----------------------------------------
x = 25.000000, y = 62.000000
avance = -235.000000, avanceR = 2.000000, avanceI = 2.000000
inc_x_r = 0.000000, inc_y_r = 1.000000, inc_x_i = 1.000000, inc_y_i = 1.000000
En el else......

----------------------------------------
x = 25.000000, y = 63.000000
avance = -233.000000, avanceR = 2.000000, avanceI = 2.000000
inc_x_r = 0.000000, inc_y_r = 1.000000, inc_x_i = 1.000000, inc_y_i = 1.000000
En el else......

----------------------------------------
x = 25.000000, y = 64.000000
avance = -231.000000, avanceR = 2.000000, avanceI = 2.000000
inc_x_r = 0.000000, inc_y_r = 1.000000, inc_x_i = 1.000000, inc_y_i = 1.000000
En el else......

----------------------------------------
x = 25.000000, y = 65.000000
avance = -229.000000, avanceR = 2.000000, avanceI = 2.000000
inc_x_r = 0.000000, inc_y_r = 1.000000, inc_x_i = 1.000000, inc_y_i = 1.000000
En el else......

----------------------------------------
x = 25.000000, y = 66.000000
avance = -227.000000, avanceR = 2.000000, avanceI = 2.000000
inc_x_r = 0.000000, inc_y_r = 1.000000, inc_x_i = 1.000000, inc_y_i = 1.000000
En el else......

----------------------------------------
x = 25.000000, y = 67.000000
avance = -225.000000, avanceR = 2.000000, avanceI = 2.000000
inc_x_r = 0.000000, inc_y_r = 1.000000, inc_x_i = 1.000000, inc_y_i = 1.000000
En el else......

----------------------------------------
x = 25.000000, y = 68.000000
avance = -223.000000, avanceR = 2.000000, avanceI = 2.000000
inc_x_r = 0.000000, inc_y_r = 1.000000, inc_x_i = 1.000000, inc_y_i = 1.000000
En el else......

----------------------------------------
x = 25.000000, y = 69.000000
avance = -221.000000, avanceR = 2.000000, avanceI = 2.000000
inc_x_r = 0.000000, inc_y_r = 1.000000, inc_x_i = 1.000000, inc_y_i = 1.000000
En el else......

----------------------------------------
x = 25.000000, y = 70.000000
avance = -219.000000, avanceR = 2.000000, avanceI = 2.000000
inc_x_r = 0.000000, inc_y_r = 1.000000, inc_x_i = 1.000000, inc_y_i = 1.000000
En el else......

----------------------------------------
x = 25.000000, y = 71.000000
avance = -217.000000, avanceR = 2.000000, avanceI = 2.000000
inc_x_r = 0.000000, inc_y_r = 1.000000, inc_x_i = 1.000000, inc_y_i = 1.000000
En el else......

----------------------------------------
x = 25.000000, y = 72.000000
avance = -215.000000, avanceR = 2.000000, avanceI = 2.000000
inc_x_r = 0.000000, inc_y_r = 1.000000, inc_x_i = 1.000000, inc_y_i = 1.000000
En el else......

----------------------------------------
x = 25.000000, y = 73.000000
avance = -213.000000, avanceR = 2.000000, avanceI = 2.000000
inc_x_r = 0.000000, inc_y_r = 1.000000, inc_x_i = 1.000000, inc_y_i = 1.000000
En el else......

----------------------------------------
x = 25.000000, y = 74.000000
avance = -211.000000, avanceR = 2.000000, avanceI = 2.000000
inc_x_r = 0.000000, inc_y_r = 1.000000, inc_x_i = 1.000000, inc_y_i = 1.000000
En el else......

----------------------------------------
x = 25.000000, y = 75.000000
avance = -209.000000, avanceR = 2.000000, avanceI = 2.000000
inc_x_r = 0.000000, inc_y_r = 1.000000, inc_x_i = 1.000000, inc_y_i = 1.000000
En el else......

----------------------------------------
x = 25.000000, y = 76.000000
avance = -207.000000, avanceR = 2.000000, avanceI = 2.000000
inc_x_r = 0.000000, inc_y_r = 1.000000, inc_x_i = 1.000000, inc_y_i = 1.000000
En el else......

----------------------------------------
x = 25.000000, y = 77.000000
avance = -205.000000, avanceR = 2.000000, avanceI = 2.000000
inc_x_r = 0.000000, inc_y_r = 1.000000, inc_x_i = 1.000000, inc_y_i = 1.000000
En el else......

----------------------------------------
x = 25.000000, y = 78.000000
avance = -203.000000, avanceR = 2.000000, avanceI = 2.000000
inc_x_r = 0.000000, inc_y_r = 1.000000, inc_x_i = 1.000000, inc_y_i = 1.000000
En el else......

----------------------------------------
x = 25.000000, y = 79.000000
avance = -201.000000, avanceR = 2.000000, avanceI = 2.000000
inc_x_r = 0.000000, inc_y_r = 1.000000, inc_x_i = 1.000000, inc_y_i = 1.000000
En el else......

----------------------------------------
x = 25.000000, y = 80.000000
avance = -199.000000, avanceR = 2.000000, avanceI = 2.000000
inc_x_r = 0.000000, inc_y_r = 1.000000, inc_x_i = 1.000000, inc_y_i = 1.000000
En el else......

----------------------------------------
x = 25.000000, y = 81.000000
avance = -197.000000, avanceR = 2.000000, avanceI = 2.000000
inc_x_r = 0.000000, inc_y_r = 1.000000, inc_x_i = 1.000000, inc_y_i = 1.000000
En el else......

----------------------------------------
x = 25.000000, y = 82.000000
avance = -195.000000, avanceR = 2.000000, avanceI = 2.000000
inc_x_r = 0.000000, inc_y_r = 1.000000, inc_x_i = 1.000000, inc_y_i = 1.000000
En el else......

----------------------------------------
x = 25.000000, y = 83.000000
avance = -193.000000, avanceR = 2.000000, avanceI = 2.000000
inc_x_r = 0.000000, inc_y_r = 1.000000, inc_x_i = 1.000000, inc_y_i = 1.000000
En el else......

----------------------------------------
x = 25.000000, y = 84.000000
avance = -191.000000, avanceR = 2.000000, avanceI = 2.000000
inc_x_r = 0.000000, inc_y_r = 1.000000, inc_x_i = 1.000000, inc_y_i = 1.000000
En el else......

----------------------------------------
x = 25.000000, y = 85.000000
avance = -189.000000, avanceR = 2.000000, avanceI = 2.000000
inc_x_r = 0.000000, inc_y_r = 1.000000, inc_x_i = 1.000000, inc_y_i = 1.000000
En el else......

----------------------------------------
x = 25.000000, y = 86.000000
avance = -187.000000, avanceR = 2.000000, avanceI = 2.000000
inc_x_r = 0.000000, inc_y_r = 1.000000, inc_x_i = 1.000000, inc_y_i = 1.000000
En el else......

----------------------------------------
x = 25.000000, y = 87.000000
avance = -185.000000, avanceR = 2.000000, avanceI = 2.000000
inc_x_r = 0.000000, inc_y_r = 1.000000, inc_x_i = 1.000000, inc_y_i = 1.000000
En el else......

----------------------------------------
x = 25.000000, y = 88.000000
avance = -183.000000, avanceR = 2.000000, avanceI = 2.000000
inc_x_r = 0.000000, inc_y_r = 1.000000, inc_x_i = 1.000000, inc_y_i = 1.000000
En el else......

----------------------------------------
x = 25.000000, y = 89.000000
avance = -181.000000, avanceR = 2.000000, avanceI = 2.000000
inc_x_r = 0.000000, inc_y_r = 1.000000, inc_x_i = 1.000000, inc_y_i = 1.000000
En el else......

----------------------------------------
x = 25.000000, y = 90.000000
avance = -179.000000, avanceR = 2.000000, avanceI = 2.000000
inc_x_r = 0.000000, inc_y_r = 1.000000, inc_x_i = 1.000000, inc_y_i = 1.000000
En el else......

----------------------------------------
x = 25.000000, y = 91.000000
avance = -177.000000, avanceR = 2.000000, avanceI = 2.000000
inc_x_r = 0.000000, inc_y_r = 1.000000, inc_x_i = 1.000000, inc_y_i = 1.000000
En el else......

----------------------------------------
x = 25.000000, y = 92.000000
avance = -175.000000, avanceR = 2.000000, avanceI = 2.000000
inc_x_r = 0.000000, inc_y_r = 1.000000, inc_x_i = 1.000000, inc_y_i = 1.000000
En el else......

----------------------------------------
x = 25.000000, y = 93.000000
avance = -173.000000, avanceR = 2.000000, avanceI = 2.000000
inc_x_r = 0.000000, inc_y_r = 1.000000, inc_x_i = 1.000000, inc_y_i = 1.000000
En el else......

----------------------------------------
x = 25.000000, y = 94.000000
avance = -171.000000, avanceR = 2.000000, avanceI = 2.000000
inc_x_r = 0.000000, inc_y_r = 1.000000, inc_x_i = 1.000000, inc_y_i = 1.000000
En el else......

----------------------------------------
x = 25.000000, y = 95.000000
avance = -169.000000, avanceR = 2.000000, avanceI = 2.000000
inc_x_r = 0.000000, inc_y_r = 1.000000, inc_x_i = 1.000000, inc_y_i = 1.000000
En el else......

----------------------------------------
x = 25.000000, y = 96.000000
avance = -167.000000, avanceR = 2.000000, avanceI = 2.000000
inc_x_r = 0.000000, inc_y_r = 1.000000, inc_x_i = 1.000000, inc_y_i = 1.000000
En el else......

----------------------------------------
x = 25.000000, y = 97.000000
avance = -165.000000, avanceR = 2.000000, avanceI = 2.000000
inc_x_r = 0.000000, inc_y_r = 1.000000, inc_x_i = 1.000000, inc_y_i = 1.000000
En el else......

----------------------------------------
x = 25.000000, y = 98.000000
avance = -163.000000, avanceR = 2.000000, avanceI = 2.000000
inc_x_r = 0.000000, inc_y_r = 1.000000, inc_x_i = 1.000000, inc_y_i = 1.000000
En el else......

----------------------------------------
x = 25.000000, y = 99.000000
avance = -161.000000, avanceR = 2.000000, avanceI = 2.000000
inc_x_r = 0.000000, inc_y_r = 1.000000, inc_x_i = 1.000000, inc_y_i = 1.000000
En el else......

----------------------------------------
x = 25.000000, y = 100.000000
avance = -159.000000, avanceR = 2.000000, avanceI = 2.000000
inc_x_r = 0.000000, inc_y_r = 1.000000, inc_x_i = 1.000000, inc_y_i = 1.000000
En el else......

----------------------------------------
x = 25.000000, y = 101.000000
avance = -157.000000, avanceR = 2.000000, avanceI = 2.000000
inc_x_r = 0.000000, inc_y_r = 1.000000, inc_x_i = 1.000000, inc_y_i = 1.000000
En el else......

----------------------------------------
x = 25.000000, y = 102.000000
avance = -155.000000, avanceR = 2.000000, avanceI = 2.000000
inc_x_r = 0.000000, inc_y_r = 1.000000, inc_x_i = 1.000000, inc_y_i = 1.000000
En el else......

----------------------------------------
x = 25.000000, y = 103.000000
avance = -153.000000, avanceR = 2.000000, avanceI = 2.000000
inc_x_r = 0.000000, inc_y_r = 1.000000, inc_x_i = 1.000000, inc_y_i = 1.000000
En el else......

----------------------------------------
x = 25.000000, y = 104.000000
avance = -151.000000, avanceR = 2.000000, avanceI = 2.000000
inc_x_r = 0.000000, inc_y_r = 1.000000, inc_x_i = 1.000000, inc_y_i = 1.000000
En el else......

----------------------------------------
x = 25.000000, y = 105.000000
avance = -149.000000, avanceR = 2.000000, avanceI = 2.000000
inc_x_r = 0.000000, inc_y_r = 1.000000, inc_x_i = 1.000000, inc_y_i = 1.000000
En el else......

----------------------------------------
x = 25.000000, y = 106.000000
avance = -147.000000, avanceR = 2.000000, avanceI = 2.000000
inc_x_r = 0.000000, inc_y_r = 1.000000, inc_x_i = 1.000000, inc_y_i = 1.000000
En el else......

----------------------------------------
x = 25.000000, y = 107.000000
avance = -145.000000, avanceR = 2.000000, avanceI = 2.000000
inc_x_r = 0.000000, inc_y_r = 1.000000, inc_x_i = 1.000000, inc_y_i = 1.000000
En el else......

----------------------------------------
x = 25.000000, y = 108.000000
avance = -143.000000, avanceR = 2.000000, avanceI = 2.000000
inc_x_r = 0.000000, inc_y_r = 1.000000, inc_x_i = 1.000000, inc_y_i = 1.000000
En el else......

----------------------------------------
x = 25.000000, y = 109.000000
avance = -141.000000, avanceR = 2.000000, avanceI = 2.000000
inc_x_r = 0.000000, inc_y_r = 1.000000, inc_x_i = 1.000000, inc_y_i = 1.000000
En el else......

----------------------------------------
x = 25.000000, y = 110.000000
avance = -139.000000, avanceR = 2.000000, avanceI = 2.000000
inc_x_r = 0.000000, inc_y_r = 1.000000, inc_x_i = 1.000000, inc_y_i = 1.000000
En el else......

----------------------------------------
x = 25.000000, y = 111.000000
avance = -137.000000, avanceR = 2.000000, avanceI = 2.000000
inc_x_r = 0.000000, inc_y_r = 1.000000, inc_x_i = 1.000000, inc_y_i = 1.000000
En el else......

----------------------------------------
x = 25.000000, y = 112.000000
avance = -135.000000, avanceR = 2.000000, avanceI = 2.000000
inc_x_r = 0.000000, inc_y_r = 1.000000, inc_x_i = 1.000000, inc_y_i = 1.000000
En el else......

----------------------------------------
x = 25.000000, y = 113.000000
avance = -133.000000, avanceR = 2.000000, avanceI = 2.000000
inc_x_r = 0.000000, inc_y_r = 1.000000, inc_x_i = 1.000000, inc_y_i = 1.000000
En el else......

----------------------------------------
x = 25.000000, y = 114.000000
avance = -131.000000, avanceR = 2.000000, avanceI = 2.000000
inc_x_r = 0.000000, inc_y_r = 1.000000, inc_x_i = 1.000000, inc_y_i = 1.000000
En el else......

----------------------------------------
x = 25.000000, y = 115.000000
avance = -129.000000, avanceR = 2.000000, avanceI = 2.000000
inc_x_r = 0.000000, inc_y_r = 1.000000, inc_x_i = 1.000000, inc_y_i = 1.000000
En el else......

----------------------------------------
x = 25.000000, y = 116.000000
avance = -127.000000, avanceR = 2.000000, avanceI = 2.000000
inc_x_r = 0.000000, inc_y_r = 1.000000, inc_x_i = 1.000000, inc_y_i = 1.000000
En el else......

----------------------------------------
x = 25.000000, y = 117.000000
avance = -125.000000, avanceR = 2.000000, avanceI = 2.000000
inc_x_r = 0.000000, inc_y_r = 1.000000, inc_x_i = 1.000000, inc_y_i = 1.000000
En el else......

----------------------------------------
x = 25.000000, y = 118.000000
avance = -123.000000, avanceR = 2.000000, avanceI = 2.000000
inc_x_r = 0.000000, inc_y_r = 1.000000, inc_x_i = 1.000000, inc_y_i = 1.000000
En el else......

----------------------------------------
x = 25.000000, y = 119.000000
avance = -121.000000, avanceR = 2.000000, avanceI = 2.000000
inc_x_r = 0.000000, inc_y_r = 1.000000, inc_x_i = 1.000000, inc_y_i = 1.000000
En el else......

----------------------------------------
x = 25.000000, y = 120.000000
avance = -119.000000, avanceR = 2.000000, avanceI = 2.000000
inc_x_r = 0.000000, inc_y_r = 1.000000, inc_x_i = 1.000000, inc_y_i = 1.000000
En el else......

----------------------------------------
x = 25.000000, y = 121.000000
avance = -117.000000, avanceR = 2.000000, avanceI = 2.000000
inc_x_r = 0.000000, inc_y_r = 1.000000, inc_x_i = 1.000000, inc_y_i = 1.000000
En el else......

----------------------------------------
x = 25.000000, y = 122.000000
avance = -115.000000, avanceR = 2.000000, avanceI = 2.000000
inc_x_r = 0.000000, inc_y_r = 1.000000, inc_x_i = 1.000000, inc_y_i = 1.000000
En el else......

----------------------------------------
x = 25.000000, y = 123.000000
avance = -113.000000, avanceR = 2.000000, avanceI = 2.000000
inc_x_r = 0.000000, inc_y_r = 1.000000, inc_x_i = 1.000000, inc_y_i = 1.000000
En el else......

----------------------------------------
x = 25.000000, y = 124.000000
avance = -111.000000, avanceR = 2.000000, avanceI = 2.000000
inc_x_r = 0.000000, inc_y_r = 1.000000, inc_x_i = 1.000000, inc_y_i = 1.000000
En el else......

----------------------------------------
x = 25.000000, y = 125.000000
avance = -109.000000, avanceR = 2.000000, avanceI = 2.000000
inc_x_r = 0.000000, inc_y_r = 1.000000, inc_x_i = 1.000000, inc_y_i = 1.000000
En el else......

----------------------------------------
x = 25.000000, y = 126.000000
avance = -107.000000, avanceR = 2.000000, avanceI = 2.000000
inc_x_r = 0.000000, inc_y_r = 1.000000, inc_x_i = 1.000000, inc_y_i = 1.000000
En el else......

----------------------------------------
x = 25.000000, y = 127.000000
avance = -105.000000, avanceR = 2.000000, avanceI = 2.000000
inc_x_r = 0.000000, inc_y_r = 1.000000, inc_x_i = 1.000000, inc_y_i = 1.000000
En el else......

----------------------------------------
x = 25.000000, y = 128.000000
avance = -103.000000, avanceR = 2.000000, avanceI = 2.000000
inc_x_r = 0.000000, inc_y_r = 1.000000, inc_x_i = 1.000000, inc_y_i = 1.000000
En el else......

----------------------------------------
x = 25.000000, y = 129.000000
avance = -101.000000, avanceR = 2.000000, avanceI = 2.000000
inc_x_r = 0.000000, inc_y_r = 1.000000, inc_x_i = 1.000000, inc_y_i = 1.000000
En el else......

----------------------------------------
x = 25.000000, y = 130.000000
avance = -99.000000, avanceR = 2.000000, avanceI = 2.000000
inc_x_r = 0.000000, inc_y_r = 1.000000, inc_x_i = 1.000000, inc_y_i = 1.000000
En el else......

----------------------------------------
x = 25.000000, y = 131.000000
avance = -97.000000, avanceR = 2.000000, avanceI = 2.000000
inc_x_r = 0.000000, inc_y_r = 1.000000, inc_x_i = 1.000000, inc_y_i = 1.000000
En el else......

----------------------------------------
x = 25.000000, y = 132.000000
avance = -95.000000, avanceR = 2.000000, avanceI = 2.000000
inc_x_r = 0.000000, inc_y_r = 1.000000, inc_x_i = 1.000000, inc_y_i = 1.000000
En el else......

----------------------------------------
x = 25.000000, y = 133.000000
avance = -93.000000, avanceR = 2.000000, avanceI = 2.000000
inc_x_r = 0.000000, inc_y_r = 1.000000, inc_x_i = 1.000000, inc_y_i = 1.000000
En el else......

----------------------------------------
x = 25.000000, y = 134.000000
avance = -91.000000, avanceR = 2.000000, avanceI = 2.000000
inc_x_r = 0.000000, inc_y_r = 1.000000, inc_x_i = 1.000000, inc_y_i = 1.000000
En el else......

----------------------------------------
x = 25.000000, y = 135.000000
avance = -89.000000, avanceR = 2.000000, avanceI = 2.000000
inc_x_r = 0.000000, inc_y_r = 1.000000, inc_x_i = 1.000000, inc_y_i = 1.000000
En el else......

----------------------------------------
x = 25.000000, y = 136.000000
avance = -87.000000, avanceR = 2.000000, avanceI = 2.000000
inc_x_r = 0.000000, inc_y_r = 1.000000, inc_x_i = 1.000000, inc_y_i = 1.000000
En el else......

----------------------------------------
x = 25.000000, y = 137.000000
avance = -85.000000, avanceR = 2.000000, avanceI = 2.000000
inc_x_r = 0.000000, inc_y_r = 1.000000, inc_x_i = 1.000000, inc_y_i = 1.000000
En el else......

----------------------------------------
x = 25.000000, y = 138.000000
avance = -83.000000, avanceR = 2.000000, avanceI = 2.000000
inc_x_r = 0.000000, inc_y_r = 1.000000, inc_x_i = 1.000000, inc_y_i = 1.000000
En el else......

----------------------------------------
x = 25.000000, y = 139.000000
avance = -81.000000, avanceR = 2.000000, avanceI = 2.000000
inc_x_r = 0.000000, inc_y_r = 1.000000, inc_x_i = 1.000000, inc_y_i = 1.000000
En el else......

----------------------------------------
x = 25.000000, y = 140.000000
avance = -79.000000, avanceR = 2.000000, avanceI = 2.000000
inc_x_r = 0.000000, inc_y_r = 1.000000, inc_x_i = 1.000000, inc_y_i = 1.000000
En el else......

----------------------------------------
x = 25.000000, y = 141.000000
avance = -77.000000, avanceR = 2.000000, avanceI = 2.000000
inc_x_r = 0.000000, inc_y_r = 1.000000, inc_x_i = 1.000000, inc_y_i = 1.000000
En el else......

----------------------------------------
x = 25.000000, y = 142.000000
avance = -75.000000, avanceR = 2.000000, avanceI = 2.000000
inc_x_r = 0.000000, inc_y_r = 1.000000, inc_x_i = 1.000000, inc_y_i = 1.000000
En el else......

----------------------------------------
x = 25.000000, y = 143.000000
avance = -73.000000, avanceR = 2.000000, avanceI = 2.000000
inc_x_r = 0.000000, inc_y_r = 1.000000, inc_x_i = 1.000000, inc_y_i = 1.000000
En el else......

----------------------------------------
x = 25.000000, y = 144.000000
avance = -71.000000, avanceR = 2.000000, avanceI = 2.000000
inc_x_r = 0.000000, inc_y_r = 1.000000, inc_x_i = 1.000000, inc_y_i = 1.000000
En el else......

----------------------------------------
x = 25.000000, y = 145.000000
avance = -69.000000, avanceR = 2.000000, avanceI = 2.000000
inc_x_r = 0.000000, inc_y_r = 1.000000, inc_x_i = 1.000000, inc_y_i = 1.000000
En el else......

----------------------------------------
x = 25.000000, y = 146.000000
avance = -67.000000, avanceR = 2.000000, avanceI = 2.000000
inc_x_r = 0.000000, inc_y_r = 1.000000, inc_x_i = 1.000000, inc_y_i = 1.000000
En el else......

----------------------------------------
x = 25.000000, y = 147.000000
avance = -65.000000, avanceR = 2.000000, avanceI = 2.000000
inc_x_r = 0.000000, inc_y_r = 1.000000, inc_x_i = 1.000000, inc_y_i = 1.000000
En el else......

----------------------------------------
x = 25.000000, y = 148.000000
avance = -63.000000, avanceR = 2.000000, avanceI = 2.000000
inc_x_r = 0.000000, inc_y_r = 1.000000, inc_x_i = 1.000000, inc_y_i = 1.000000
En el else......

----------------------------------------
x = 25.000000, y = 149.000000
avance = -61.000000, avanceR = 2.000000, avanceI = 2.000000
inc_x_r = 0.000000, inc_y_r = 1.000000, inc_x_i = 1.000000, inc_y_i = 1.000000
En el else......

----------------------------------------
x = 25.000000, y = 150.000000
avance = -59.000000, avanceR = 2.000000, avanceI = 2.000000
inc_x_r = 0.000000, inc_y_r = 1.000000, inc_x_i = 1.000000, inc_y_i = 1.000000
En el else......

----------------------------------------
x = 25.000000, y = 151.000000
avance = -57.000000, avanceR = 2.000000, avanceI = 2.000000
inc_x_r = 0.000000, inc_y_r = 1.000000, inc_x_i = 1.000000, inc_y_i = 1.000000
En el else......

----------------------------------------
x = 25.000000, y = 152.000000
avance = -55.000000, avanceR = 2.000000, avanceI = 2.000000
inc_x_r = 0.000000, inc_y_r = 1.000000, inc_x_i = 1.000000, inc_y_i = 1.000000
En el else......

----------------------------------------
x = 25.000000, y = 153.000000
avance = -53.000000, avanceR = 2.000000, avanceI = 2.000000
inc_x_r = 0.000000, inc_y_r = 1.000000, inc_x_i = 1.000000, inc_y_i = 1.000000
En el else......

----------------------------------------
x = 25.000000, y = 154.000000
avance = -51.000000, avanceR = 2.000000, avanceI = 2.000000
inc_x_r = 0.000000, inc_y_r = 1.000000, inc_x_i = 1.000000, inc_y_i = 1.000000
En el else......

----------------------------------------
x = 25.000000, y = 155.000000
avance = -49.000000, avanceR = 2.000000, avanceI = 2.000000
inc_x_r = 0.000000, inc_y_r = 1.000000, inc_x_i = 1.000000, inc_y_i = 1.000000
En el else......

----------------------------------------
x = 25.000000, y = 156.000000
avance = -47.000000, avanceR = 2.000000, avanceI = 2.000000
inc_x_r = 0.000000, inc_y_r = 1.000000, inc_x_i = 1.000000, inc_y_i = 1.000000
En el else......

----------------------------------------
x = 25.000000, y = 157.000000
avance = -45.000000, avanceR = 2.000000, avanceI = 2.000000
inc_x_r = 0.000000, inc_y_r = 1.000000, inc_x_i = 1.000000, inc_y_i = 1.000000
En el else......

----------------------------------------
x = 25.000000, y = 158.000000
avance = -43.000000, avanceR = 2.000000, avanceI = 2.000000
inc_x_r = 0.000000, inc_y_r = 1.000000, inc_x_i = 1.000000, inc_y_i = 1.000000
En el else......

----------------------------------------
x = 25.000000, y = 159.000000
avance = -41.000000, avanceR = 2.000000, avanceI = 2.000000
inc_x_r = 0.000000, inc_y_r = 1.000000, inc_x_i = 1.000000, inc_y_i = 1.000000
En el else......

----------------------------------------
x = 25.000000, y = 160.000000
avance = -39.000000, avanceR = 2.000000, avanceI = 2.000000
inc_x_r = 0.000000, inc_y_r = 1.000000, inc_x_i = 1.000000, inc_y_i = 1.000000
En el else......

----------------------------------------
x = 25.000000, y = 161.000000
avance = -37.000000, avanceR = 2.000000, avanceI = 2.000000
inc_x_r = 0.000000, inc_y_r = 1.000000, inc_x_i = 1.000000, inc_y_i = 1.000000
En el else......

----------------------------------------
x = 25.000000, y = 162.000000
avance = -35.000000, avanceR = 2.000000, avanceI = 2.000000
inc_x_r = 0.000000, inc_y_r = 1.000000, inc_x_i = 1.000000, inc_y_i = 1.000000
En el else......

----------------------------------------
x = 25.000000, y = 163.000000
avance = -33.000000, avanceR = 2.000000, avanceI = 2.000000
inc_x_r = 0.000000, inc_y_r = 1.000000, inc_x_i = 1.000000, inc_y_i = 1.000000
En el else......

----------------------------------------
x = 25.000000, y = 164.000000
avance = -31.000000, avanceR = 2.000000, avanceI = 2.000000
inc_x_r = 0.000000, inc_y_r = 1.000000, inc_x_i = 1.000000, inc_y_i = 1.000000
En el else......

----------------------------------------
x = 25.000000, y = 165.000000
avance = -29.000000, avanceR = 2.000000, avanceI = 2.000000
inc_x_r = 0.000000, inc_y_r = 1.000000, inc_x_i = 1.000000, inc_y_i = 1.000000
En el else......

----------------------------------------
x = 25.000000, y = 166.000000
avance = -27.000000, avanceR = 2.000000, avanceI = 2.000000
inc_x_r = 0.000000, inc_y_r = 1.000000, inc_x_i = 1.000000, inc_y_i = 1.000000
En el else......

----------------------------------------
x = 25.000000, y = 167.000000
avance = -25.000000, avanceR = 2.000000, avanceI = 2.000000
inc_x_r = 0.000000, inc_y_r = 1.000000, inc_x_i = 1.000000, inc_y_i = 1.000000
En el else......

----------------------------------------
x = 25.000000, y = 168.000000
avance = -23.000000, avanceR = 2.000000, avanceI = 2.000000
inc_x_r = 0.000000, inc_y_r = 1.000000, inc_x_i = 1.000000, inc_y_i = 1.000000
En el else......

----------------------------------------
x = 25.000000, y = 169.000000
avance = -21.000000, avanceR = 2.000000, avanceI = 2.000000
inc_x_r = 0.000000, inc_y_r = 1.000000, inc_x_i = 1.000000, inc_y_i = 1.000000
En el else......

----------------------------------------
x = 25.000000, y = 170.000000
avance = -19.000000, avanceR = 2.000000, avanceI = 2.000000
inc_x_r = 0.000000, inc_y_r = 1.000000, inc_x_i = 1.000000, inc_y_i = 1.000000
En el else......

----------------------------------------
x = 25.000000, y = 171.000000
avance = -17.000000, avanceR = 2.000000, avanceI = 2.000000
inc_x_r = 0.000000, inc_y_r = 1.000000, inc_x_i = 1.000000, inc_y_i = 1.000000
En el else......

----------------------------------------
x = 25.000000, y = 172.000000
avance = -15.000000, avanceR = 2.000000, avanceI = 2.000000
inc_x_r = 0.000000, inc_y_r = 1.000000, inc_x_i = 1.000000, inc_y_i = 1.000000
En el else......

----------------------------------------
x = 25.000000, y = 173.000000
avance = -13.000000, avanceR = 2.000000, avanceI = 2.000000
inc_x_r = 0.000000, inc_y_r = 1.000000, inc_x_i = 1.000000, inc_y_i = 1.000000
En el else......

----------------------------------------
x = 25.000000, y = 174.000000
avance = -11.000000, avanceR = 2.000000, avanceI = 2.000000
inc_x_r = 0.000000, inc_y_r = 1.000000, inc_x_i = 1.000000, inc_y_i = 1.000000
En el else......

----------------------------------------
x = 25.000000, y = 175.000000
avance = -9.000000, avanceR = 2.000000, avanceI = 2.000000
inc_x_r = 0.000000, inc_y_r = 1.000000, inc_x_i = 1.000000, inc_y_i = 1.000000
En el else......

----------------------------------------
x = 25.000000, y = 176.000000
avance = -7.000000, avanceR = 2.000000, avanceI = 2.000000
inc_x_r = 0.000000, inc_y_r = 1.000000, inc_x_i = 1.000000, inc_y_i = 1.000000
En el else......

----------------------------------------
x = 25.000000, y = 177.000000
avance = -5.000000, avanceR = 2.000000, avanceI = 2.000000
inc_x_r = 0.000000, inc_y_r = 1.000000, inc_x_i = 1.000000, inc_y_i = 1.000000
En el else......

----------------------------------------
x = 25.000000, y = 178.000000
avance = -3.000000, avanceR = 2.000000, avanceI = 2.000000
inc_x_r = 0.000000, inc_y_r = 1.000000, inc_x_i = 1.000000, inc_y_i = 1.000000
En el else......

----------------------------------------
x = 25.000000, y = 179.000000
avance = -1.000000, avanceR = 2.000000, avanceI = 2.000000
inc_x_r = 0.000000, inc_y_r = 1.000000, inc_x_i = 1.000000, inc_y_i = 1.000000
En el else......

----------------------------------------
x = 25.000000, y = 180.000000
avance = 1.000000, avanceR = 2.000000, avanceI = 2.000000
inc_x_r = 0.000000, inc_y_r = 1.000000, inc_x_i = 1.000000, inc_y_i = 1.000000
avance >= 0

----------------------------------------
x = 26.000000, y = 181.000000
avance = -499.000000, avanceR = 2.000000, avanceI = 2.000000
inc_x_r = 0.000000, inc_y_r = 1.000000, inc_x_i = 1.000000, inc_y_i = 1.000000
En el else......

----------------------------------------
x = 26.000000, y = 182.000000
avance = -497.000000, avanceR = 2.000000, avanceI = 2.000000
inc_x_r = 0.000000, inc_y_r = 1.000000, inc_x_i = 1.000000, inc_y_i = 1.000000
En el else......

----------------------------------------
x = 26.000000, y = 183.000000
avance = -495.000000, avanceR = 2.000000, avanceI = 2.000000
inc_x_r = 0.000000, inc_y_r = 1.000000, inc_x_i = 1.000000, inc_y_i = 1.000000
En el else......

----------------------------------------
x = 26.000000, y = 184.000000
avance = -493.000000, avanceR = 2.000000, avanceI = 2.000000
inc_x_r = 0.000000, inc_y_r = 1.000000, inc_x_i = 1.000000, inc_y_i = 1.000000
En el else......

----------------------------------------
x = 26.000000, y = 185.000000
avance = -491.000000, avanceR = 2.000000, avanceI = 2.000000
inc_x_r = 0.000000, inc_y_r = 1.000000, inc_x_i = 1.000000, inc_y_i = 1.000000
En el else......

----------------------------------------
x = 26.000000, y = 186.000000
avance = -489.000000, avanceR = 2.000000, avanceI = 2.000000
inc_x_r = 0.000000, inc_y_r = 1.000000, inc_x_i = 1.000000, inc_y_i = 1.000000
En el else......

----------------------------------------
x = 26.000000, y = 187.000000
avance = -487.000000, avanceR = 2.000000, avanceI = 2.000000
inc_x_r = 0.000000, inc_y_r = 1.000000, inc_x_i = 1.000000, inc_y_i = 1.000000
En el else......

----------------------------------------
x = 26.000000, y = 188.000000
avance = -485.000000, avanceR = 2.000000, avanceI = 2.000000
inc_x_r = 0.000000, inc_y_r = 1.000000, inc_x_i = 1.000000, inc_y_i = 1.000000
En el else......

----------------------------------------
x = 26.000000, y = 189.000000
avance = -483.000000, avanceR = 2.000000, avanceI = 2.000000
inc_x_r = 0.000000, inc_y_r = 1.000000, inc_x_i = 1.000000, inc_y_i = 1.000000
En el else......

----------------------------------------
x = 26.000000, y = 190.000000
avance = -481.000000, avanceR = 2.000000, avanceI = 2.000000
inc_x_r = 0.000000, inc_y_r = 1.000000, inc_x_i = 1.000000, inc_y_i = 1.000000
En el else......

----------------------------------------
x = 26.000000, y = 191.000000
avance = -479.000000, avanceR = 2.000000, avanceI = 2.000000
inc_x_r = 0.000000, inc_y_r = 1.000000, inc_x_i = 1.000000, inc_y_i = 1.000000
En el else......

----------------------------------------
x = 26.000000, y = 192.000000
avance = -477.000000, avanceR = 2.000000, avanceI = 2.000000
inc_x_r = 0.000000, inc_y_r = 1.000000, inc_x_i = 1.000000, inc_y_i = 1.000000
En el else......

----------------------------------------
x = 26.000000, y = 193.000000
avance = -475.000000, avanceR = 2.000000, avanceI = 2.000000
inc_x_r = 0.000000, inc_y_r = 1.000000, inc_x_i = 1.000000, inc_y_i = 1.000000
En el else......

----------------------------------------
x = 26.000000, y = 194.000000
avance = -473.000000, avanceR = 2.000000, avanceI = 2.000000
inc_x_r = 0.000000, inc_y_r = 1.000000, inc_x_i = 1.000000, inc_y_i = 1.000000
En el else......

----------------------------------------
x = 26.000000, y = 195.000000
avance = -471.000000, avanceR = 2.000000, avanceI = 2.000000
inc_x_r = 0.000000, inc_y_r = 1.000000, inc_x_i = 1.000000, inc_y_i = 1.000000
En el else......

----------------------------------------
x = 26.000000, y = 196.000000
avance = -469.000000, avanceR = 2.000000, avanceI = 2.000000
inc_x_r = 0.000000, inc_y_r = 1.000000, inc_x_i = 1.000000, inc_y_i = 1.000000
En el else......

----------------------------------------
x = 26.000000, y = 197.000000
avance = -467.000000, avanceR = 2.000000, avanceI = 2.000000
inc_x_r = 0.000000, inc_y_r = 1.000000, inc_x_i = 1.000000, inc_y_i = 1.000000
En el else......

----------------------------------------
x = 26.000000, y = 198.000000
avance = -465.000000, avanceR = 2.000000, avanceI = 2.000000
inc_x_r = 0.000000, inc_y_r = 1.000000, inc_x_i = 1.000000, inc_y_i = 1.000000
En el else......

----------------------------------------
x = 26.000000, y = 199.000000
avance = -463.000000, avanceR = 2.000000, avanceI = 2.000000
inc_x_r = 0.000000, inc_y_r = 1.000000, inc_x_i = 1.000000, inc_y_i = 1.000000
En el else......

----------------------------------------
x = 26.000000, y = 200.000000
avance = -461.000000, avanceR = 2.000000, avanceI = 2.000000
inc_x_r = 0.000000, inc_y_r = 1.000000, inc_x_i = 1.000000, inc_y_i = 1.000000
En el else......

----------------------------------------
x = 26.000000, y = 201.000000
avance = -459.000000, avanceR = 2.000000, avanceI = 2.000000
inc_x_r = 0.000000, inc_y_r = 1.000000, inc_x_i = 1.000000, inc_y_i = 1.000000
En el else......

----------------------------------------
x = 26.000000, y = 202.000000
avance = -457.000000, avanceR = 2.000000, avanceI = 2.000000
inc_x_r = 0.000000, inc_y_r = 1.000000, inc_x_i = 1.000000, inc_y_i = 1.000000
En el else......

----------------------------------------
x = 26.000000, y = 203.000000
avance = -455.000000, avanceR = 2.000000, avanceI = 2.000000
inc_x_r = 0.000000, inc_y_r = 1.000000, inc_x_i = 1.000000, inc_y_i = 1.000000
En el else......

----------------------------------------
x = 26.000000, y = 204.000000
avance = -453.000000, avanceR = 2.000000, avanceI = 2.000000
inc_x_r = 0.000000, inc_y_r = 1.000000, inc_x_i = 1.000000, inc_y_i = 1.000000
En el else......

----------------------------------------
x = 26.000000, y = 205.000000
avance = -451.000000, avanceR = 2.000000, avanceI = 2.000000
inc_x_r = 0.000000, inc_y_r = 1.000000, inc_x_i = 1.000000, inc_y_i = 1.000000
En el else......

----------------------------------------
x = 26.000000, y = 206.000000
avance = -449.000000, avanceR = 2.000000, avanceI = 2.000000
inc_x_r = 0.000000, inc_y_r = 1.000000, inc_x_i = 1.000000, inc_y_i = 1.000000
En el else......

----------------------------------------
x = 26.000000, y = 207.000000
avance = -447.000000, avanceR = 2.000000, avanceI = 2.000000
inc_x_r = 0.000000, inc_y_r = 1.000000, inc_x_i = 1.000000, inc_y_i = 1.000000
En el else......

----------------------------------------
x = 26.000000, y = 208.000000
avance = -445.000000, avanceR = 2.000000, avanceI = 2.000000
inc_x_r = 0.000000, inc_y_r = 1.000000, inc_x_i = 1.000000, inc_y_i = 1.000000
En el else......

----------------------------------------
x = 26.000000, y = 209.000000
avance = -443.000000, avanceR = 2.000000, avanceI = 2.000000
inc_x_r = 0.000000, inc_y_r = 1.000000, inc_x_i = 1.000000, inc_y_i = 1.000000
En el else......

----------------------------------------
x = 26.000000, y = 210.000000
avance = -441.000000, avanceR = 2.000000, avanceI = 2.000000
inc_x_r = 0.000000, inc_y_r = 1.000000, inc_x_i = 1.000000, inc_y_i = 1.000000
En el else......

----------------------------------------
x = 26.000000, y = 211.000000
avance = -439.000000, avanceR = 2.000000, avanceI = 2.000000
inc_x_r = 0.000000, inc_y_r = 1.000000, inc_x_i = 1.000000, inc_y_i = 1.000000
En el else......

----------------------------------------
x = 26.000000, y = 212.000000
avance = -437.000000, avanceR = 2.000000, avanceI = 2.000000
inc_x_r = 0.000000, inc_y_r = 1.000000, inc_x_i = 1.000000, inc_y_i = 1.000000
En el else......

----------------------------------------
x = 26.000000, y = 213.000000
avance = -435.000000, avanceR = 2.000000, avanceI = 2.000000
inc_x_r = 0.000000, inc_y_r = 1.000000, inc_x_i = 1.000000, inc_y_i = 1.000000
En el else......

----------------------------------------
x = 26.000000, y = 214.000000
avance = -433.000000, avanceR = 2.000000, avanceI = 2.000000
inc_x_r = 0.000000, inc_y_r = 1.000000, inc_x_i = 1.000000, inc_y_i = 1.000000
En el else......

----------------------------------------
x = 26.000000, y = 215.000000
avance = -431.000000, avanceR = 2.000000, avanceI = 2.000000
inc_x_r = 0.000000, inc_y_r = 1.000000, inc_x_i = 1.000000, inc_y_i = 1.000000
En el else......

----------------------------------------
x = 26.000000, y = 216.000000
avance = -429.000000, avanceR = 2.000000, avanceI = 2.000000
inc_x_r = 0.000000, inc_y_r = 1.000000, inc_x_i = 1.000000, inc_y_i = 1.000000
En el else......

----------------------------------------
x = 26.000000, y = 217.000000
avance = -427.000000, avanceR = 2.000000, avanceI = 2.000000
inc_x_r = 0.000000, inc_y_r = 1.000000, inc_x_i = 1.000000, inc_y_i = 1.000000
En el else......

----------------------------------------
x = 26.000000, y = 218.000000
avance = -425.000000, avanceR = 2.000000, avanceI = 2.000000
inc_x_r = 0.000000, inc_y_r = 1.000000, inc_x_i = 1.000000, inc_y_i = 1.000000
En el else......

----------------------------------------
x = 26.000000, y = 219.000000
avance = -423.000000, avanceR = 2.000000, avanceI = 2.000000
inc_x_r = 0.000000, inc_y_r = 1.000000, inc_x_i = 1.000000, inc_y_i = 1.000000
En el else......

----------------------------------------
x = 26.000000, y = 220.000000
avance = -421.000000, avanceR = 2.000000, avanceI = 2.000000
inc_x_r = 0.000000, inc_y_r = 1.000000, inc_x_i = 1.000000, inc_y_i = 1.000000
En el else......

----------------------------------------
x = 26.000000, y = 221.000000
avance = -419.000000, avanceR = 2.000000, avanceI = 2.000000
inc_x_r = 0.000000, inc_y_r = 1.000000, inc_x_i = 1.000000, inc_y_i = 1.000000
En el else......

----------------------------------------
x = 26.000000, y = 222.000000
avance = -417.000000, avanceR = 2.000000, avanceI = 2.000000
inc_x_r = 0.000000, inc_y_r = 1.000000, inc_x_i = 1.000000, inc_y_i = 1.000000
En el else......

----------------------------------------
x = 26.000000, y = 223.000000
avance = -415.000000, avanceR = 2.000000, avanceI = 2.000000
inc_x_r = 0.000000, inc_y_r = 1.000000, inc_x_i = 1.000000, inc_y_i = 1.000000
En el else......

----------------------------------------
x = 26.000000, y = 224.000000
avance = -413.000000, avanceR = 2.000000, avanceI = 2.000000
inc_x_r = 0.000000, inc_y_r = 1.000000, inc_x_i = 1.000000, inc_y_i = 1.000000
En el else......

----------------------------------------
x = 26.000000, y = 225.000000
avance = -411.000000, avanceR = 2.000000, avanceI = 2.000000
inc_x_r = 0.000000, inc_y_r = 1.000000, inc_x_i = 1.000000, inc_y_i = 1.000000
En el else......

----------------------------------------
x = 26.000000, y = 226.000000
avance = -409.000000, avanceR = 2.000000, avanceI = 2.000000
inc_x_r = 0.000000, inc_y_r = 1.000000, inc_x_i = 1.000000, inc_y_i = 1.000000
En el else......

----------------------------------------
x = 26.000000, y = 227.000000
avance = -407.000000, avanceR = 2.000000, avanceI = 2.000000
inc_x_r = 0.000000, inc_y_r = 1.000000, inc_x_i = 1.000000, inc_y_i = 1.000000
En el else......

----------------------------------------
x = 26.000000, y = 228.000000
avance = -405.000000, avanceR = 2.000000, avanceI = 2.000000
inc_x_r = 0.000000, inc_y_r = 1.000000, inc_x_i = 1.000000, inc_y_i = 1.000000
En el else......

----------------------------------------
x = 26.000000, y = 229.000000
avance = -403.000000, avanceR = 2.000000, avanceI = 2.000000
inc_x_r = 0.000000, inc_y_r = 1.000000, inc_x_i = 1.000000, inc_y_i = 1.000000
En el else......

----------------------------------------
x = 26.000000, y = 230.000000
avance = -401.000000, avanceR = 2.000000, avanceI = 2.000000
inc_x_r = 0.000000, inc_y_r = 1.000000, inc_x_i = 1.000000, inc_y_i = 1.000000
En el else......

----------------------------------------
x = 26.000000, y = 231.000000
avance = -399.000000, avanceR = 2.000000, avanceI = 2.000000
inc_x_r = 0.000000, inc_y_r = 1.000000, inc_x_i = 1.000000, inc_y_i = 1.000000
En el else......

----------------------------------------
x = 26.000000, y = 232.000000
avance = -397.000000, avanceR = 2.000000, avanceI = 2.000000
inc_x_r = 0.000000, inc_y_r = 1.000000, inc_x_i = 1.000000, inc_y_i = 1.000000
En el else......

----------------------------------------
x = 26.000000, y = 233.000000
avance = -395.000000, avanceR = 2.000000, avanceI = 2.000000
inc_x_r = 0.000000, inc_y_r = 1.000000, inc_x_i = 1.000000, inc_y_i = 1.000000
En el else......

----------------------------------------
x = 26.000000, y = 234.000000
avance = -393.000000, avanceR = 2.000000, avanceI = 2.000000
inc_x_r = 0.000000, inc_y_r = 1.000000, inc_x_i = 1.000000, inc_y_i = 1.000000
En el else......

----------------------------------------
x = 26.000000, y = 235.000000
avance = -391.000000, avanceR = 2.000000, avanceI = 2.000000
inc_x_r = 0.000000, inc_y_r = 1.000000, inc_x_i = 1.000000, inc_y_i = 1.000000
En el else......

----------------------------------------
x = 26.000000, y = 236.000000
avance = -389.000000, avanceR = 2.000000, avanceI = 2.000000
inc_x_r = 0.000000, inc_y_r = 1.000000, inc_x_i = 1.000000, inc_y_i = 1.000000
En el else......

----------------------------------------
x = 26.000000, y = 237.000000
avance = -387.000000, avanceR = 2.000000, avanceI = 2.000000
inc_x_r = 0.000000, inc_y_r = 1.000000, inc_x_i = 1.000000, inc_y_i = 1.000000
En el else......

----------------------------------------
x = 26.000000, y = 238.000000
avance = -385.000000, avanceR = 2.000000, avanceI = 2.000000
inc_x_r = 0.000000, inc_y_r = 1.000000, inc_x_i = 1.000000, inc_y_i = 1.000000
En el else......

----------------------------------------
x = 26.000000, y = 239.000000
avance = -383.000000, avanceR = 2.000000, avanceI = 2.000000
inc_x_r = 0.000000, inc_y_r = 1.000000, inc_x_i = 1.000000, inc_y_i = 1.000000
En el else......

----------------------------------------
x = 26.000000, y = 240.000000
avance = -381.000000, avanceR = 2.000000, avanceI = 2.000000
inc_x_r = 0.000000, inc_y_r = 1.000000, inc_x_i = 1.000000, inc_y_i = 1.000000
En el else......

----------------------------------------
x = 26.000000, y = 241.000000
avance = -379.000000, avanceR = 2.000000, avanceI = 2.000000
inc_x_r = 0.000000, inc_y_r = 1.000000, inc_x_i = 1.000000, inc_y_i = 1.000000
En el else......

----------------------------------------
x = 26.000000, y = 242.000000
avance = -377.000000, avanceR = 2.000000, avanceI = 2.000000
inc_x_r = 0.000000, inc_y_r = 1.000000, inc_x_i = 1.000000, inc_y_i = 1.000000
En el else......

----------------------------------------
x = 26.000000, y = 243.000000
avance = -375.000000, avanceR = 2.000000, avanceI = 2.000000
inc_x_r = 0.000000, inc_y_r = 1.000000, inc_x_i = 1.000000, inc_y_i = 1.000000
En el else......

----------------------------------------
x = 26.000000, y = 244.000000
avance = -373.000000, avanceR = 2.000000, avanceI = 2.000000
inc_x_r = 0.000000, inc_y_r = 1.000000, inc_x_i = 1.000000, inc_y_i = 1.000000
En el else......

----------------------------------------
x = 26.000000, y = 245.000000
avance = -371.000000, avanceR = 2.000000, avanceI = 2.000000
inc_x_r = 0.000000, inc_y_r = 1.000000, inc_x_i = 1.000000, inc_y_i = 1.000000
En el else......

----------------------------------------
x = 26.000000, y = 246.000000
avance = -369.000000, avanceR = 2.000000, avanceI = 2.000000
inc_x_r = 0.000000, inc_y_r = 1.000000, inc_x_i = 1.000000, inc_y_i = 1.000000
En el else......

----------------------------------------
x = 26.000000, y = 247.000000
avance = -367.000000, avanceR = 2.000000, avanceI = 2.000000
inc_x_r = 0.000000, inc_y_r = 1.000000, inc_x_i = 1.000000, inc_y_i = 1.000000
En el else......

----------------------------------------
x = 26.000000, y = 248.000000
avance = -365.000000, avanceR = 2.000000, avanceI = 2.000000
inc_x_r = 0.000000, inc_y_r = 1.000000, inc_x_i = 1.000000, inc_y_i = 1.000000
En el else......

----------------------------------------
x = 26.000000, y = 249.000000
avance = -363.000000, avanceR = 2.000000, avanceI = 2.000000
inc_x_r = 0.000000, inc_y_r = 1.000000, inc_x_i = 1.000000, inc_y_i = 1.000000
En el else......

----------------------------------------
x = 26.000000, y = 250.000000
avance = -361.000000, avanceR = 2.000000, avanceI = 2.000000
inc_x_r = 0.000000, inc_y_r = 1.000000, inc_x_i = 1.000000, inc_y_i = 1.000000
En el else......

----------------------------------------
x = 26.000000, y = 251.000000
avance = -359.000000, avanceR = 2.000000, avanceI = 2.000000
inc_x_r = 0.000000, inc_y_r = 1.000000, inc_x_i = 1.000000, inc_y_i = 1.000000
En el else......

----------------------------------------
x = 26.000000, y = 252.000000
avance = -357.000000, avanceR = 2.000000, avanceI = 2.000000
inc_x_r = 0.000000, inc_y_r = 1.000000, inc_x_i = 1.000000, inc_y_i = 1.000000
En el else......

----------------------------------------
x = 26.000000, y = 253.000000
avance = -355.000000, avanceR = 2.000000, avanceI = 2.000000
inc_x_r = 0.000000, inc_y_r = 1.000000, inc_x_i = 1.000000, inc_y_i = 1.000000
En el else......

----------------------------------------
x = 26.000000, y = 254.000000
avance = -353.000000, avanceR = 2.000000, avanceI = 2.000000
inc_x_r = 0.000000, inc_y_r = 1.000000, inc_x_i = 1.000000, inc_y_i = 1.000000
En el else......

----------------------------------------
x = 26.000000, y = 255.000000
avance = -351.000000, avanceR = 2.000000, avanceI = 2.000000
inc_x_r = 0.000000, inc_y_r = 1.000000, inc_x_i = 1.000000, inc_y_i = 1.000000
En el else......

----------------------------------------
x = 26.000000, y = 256.000000
avance = -349.000000, avanceR = 2.000000, avanceI = 2.000000
inc_x_r = 0.000000, inc_y_r = 1.000000, inc_x_i = 1.000000, inc_y_i = 1.000000
En el else......

----------------------------------------
x = 26.000000, y = 257.000000
avance = -347.000000, avanceR = 2.000000, avanceI = 2.000000
inc_x_r = 0.000000, inc_y_r = 1.000000, inc_x_i = 1.000000, inc_y_i = 1.000000
En el else......

----------------------------------------
x = 26.000000, y = 258.000000
avance = -345.000000, avanceR = 2.000000, avanceI = 2.000000
inc_x_r = 0.000000, inc_y_r = 1.000000, inc_x_i = 1.000000, inc_y_i = 1.000000
En el else......

----------------------------------------
x = 26.000000, y = 259.000000
avance = -343.000000, avanceR = 2.000000, avanceI = 2.000000
inc_x_r = 0.000000, inc_y_r = 1.000000, inc_x_i = 1.000000, inc_y_i = 1.000000
En el else......

----------------------------------------
x = 26.000000, y = 260.000000
avance = -341.000000, avanceR = 2.000000, avanceI = 2.000000
inc_x_r = 0.000000, inc_y_r = 1.000000, inc_x_i = 1.000000, inc_y_i = 1.000000
En el else......

----------------------------------------
x = 26.000000, y = 261.000000
avance = -339.000000, avanceR = 2.000000, avanceI = 2.000000
inc_x_r = 0.000000, inc_y_r = 1.000000, inc_x_i = 1.000000, inc_y_i = 1.000000
En el else......

----------------------------------------
x = 26.000000, y = 262.000000
avance = -337.000000, avanceR = 2.000000, avanceI = 2.000000
inc_x_r = 0.000000, inc_y_r = 1.000000, inc_x_i = 1.000000, inc_y_i = 1.000000
En el else......

----------------------------------------
x = 26.000000, y = 263.000000
avance = -335.000000, avanceR = 2.000000, avanceI = 2.000000
inc_x_r = 0.000000, inc_y_r = 1.000000, inc_x_i = 1.000000, inc_y_i = 1.000000
En el else......

----------------------------------------
x = 26.000000, y = 264.000000
avance = -333.000000, avanceR = 2.000000, avanceI = 2.000000
inc_x_r = 0.000000, inc_y_r = 1.000000, inc_x_i = 1.000000, inc_y_i = 1.000000
En el else......

----------------------------------------
x = 26.000000, y = 265.000000
avance = -331.000000, avanceR = 2.000000, avanceI = 2.000000
inc_x_r = 0.000000, inc_y_r = 1.000000, inc_x_i = 1.000000, inc_y_i = 1.000000
En el else......

----------------------------------------
x = 26.000000, y = 266.000000
avance = -329.000000, avanceR = 2.000000, avanceI = 2.000000
inc_x_r = 0.000000, inc_y_r = 1.000000, inc_x_i = 1.000000, inc_y_i = 1.000000
En el else......

----------------------------------------
x = 26.000000, y = 267.000000
avance = -327.000000, avanceR = 2.000000, avanceI = 2.000000
inc_x_r = 0.000000, inc_y_r = 1.000000, inc_x_i = 1.000000, inc_y_i = 1.000000
En el else......

----------------------------------------
x = 26.000000, y = 268.000000
avance = -325.000000, avanceR = 2.000000, avanceI = 2.000000
inc_x_r = 0.000000, inc_y_r = 1.000000, inc_x_i = 1.000000, inc_y_i = 1.000000
En el else......

----------------------------------------
x = 26.000000, y = 269.000000
avance = -323.000000, avanceR = 2.000000, avanceI = 2.000000
inc_x_r = 0.000000, inc_y_r = 1.000000, inc_x_i = 1.000000, inc_y_i = 1.000000
En el else......

----------------------------------------
x = 26.000000, y = 270.000000
avance = -321.000000, avanceR = 2.000000, avanceI = 2.000000
inc_x_r = 0.000000, inc_y_r = 1.000000, inc_x_i = 1.000000, inc_y_i = 1.000000
En el else......

----------------------------------------
x = 26.000000, y = 271.000000
avance = -319.000000, avanceR = 2.000000, avanceI = 2.000000
inc_x_r = 0.000000, inc_y_r = 1.000000, inc_x_i = 1.000000, inc_y_i = 1.000000
En el else......

----------------------------------------
x = 26.000000, y = 272.000000
avance = -317.000000, avanceR = 2.000000, avanceI = 2.000000
inc_x_r = 0.000000, inc_y_r = 1.000000, inc_x_i = 1.000000, inc_y_i = 1.000000
En el else......

----------------------------------------
x = 26.000000, y = 273.000000
avance = -315.000000, avanceR = 2.000000, avanceI = 2.000000
inc_x_r = 0.000000, inc_y_r = 1.000000, inc_x_i = 1.000000, inc_y_i = 1.000000
En el else......

----------------------------------------
x = 26.000000, y = 274.000000
avance = -313.000000, avanceR = 2.000000, avanceI = 2.000000
inc_x_r = 0.000000, inc_y_r = 1.000000, inc_x_i = 1.000000, inc_y_i = 1.000000
En el else......

----------------------------------------
x = 26.000000, y = 275.000000
avance = -311.000000, avanceR = 2.000000, avanceI = 2.000000
inc_x_r = 0.000000, inc_y_r = 1.000000, inc_x_i = 1.000000, inc_y_i = 1.000000
En el else......

----------------------------------------
x = 26.000000, y = 276.000000
avance = -309.000000, avanceR = 2.000000, avanceI = 2.000000
inc_x_r = 0.000000, inc_y_r = 1.000000, inc_x_i = 1.000000, inc_y_i = 1.000000
En el else......

----------------------------------------
x = 26.000000, y = 277.000000
avance = -307.000000, avanceR = 2.000000, avanceI = 2.000000
inc_x_r = 0.000000, inc_y_r = 1.000000, inc_x_i = 1.000000, inc_y_i = 1.000000
En el else......

----------------------------------------
x = 26.000000, y = 278.000000
avance = -305.000000, avanceR = 2.000000, avanceI = 2.000000
inc_x_r = 0.000000, inc_y_r = 1.000000, inc_x_i = 1.000000, inc_y_i = 1.000000
En el else......

----------------------------------------
x = 26.000000, y = 279.000000
avance = -303.000000, avanceR = 2.000000, avanceI = 2.000000
inc_x_r = 0.000000, inc_y_r = 1.000000, inc_x_i = 1.000000, inc_y_i = 1.000000
En el else......

----------------------------------------
x = 26.000000, y = 280.000000
avance = -301.000000, avanceR = 2.000000, avanceI = 2.000000
inc_x_r = 0.000000, inc_y_r = 1.000000, inc_x_i = 1.000000, inc_y_i = 1.000000
En el else......

----------------------------------------
x = 26.000000, y = 281.000000
avance = -299.000000, avanceR = 2.000000, avanceI = 2.000000
inc_x_r = 0.000000, inc_y_r = 1.000000, inc_x_i = 1.000000, inc_y_i = 1.000000
En el else......

----------------------------------------
x = 26.000000, y = 282.000000
avance = -297.000000, avanceR = 2.000000, avanceI = 2.000000
inc_x_r = 0.000000, inc_y_r = 1.000000, inc_x_i = 1.000000, inc_y_i = 1.000000
En el else......

----------------------------------------
x = 26.000000, y = 283.000000
avance = -295.000000, avanceR = 2.000000, avanceI = 2.000000
inc_x_r = 0.000000, inc_y_r = 1.000000, inc_x_i = 1.000000, inc_y_i = 1.000000
En el else......

----------------------------------------
x = 26.000000, y = 284.000000
avance = -293.000000, avanceR = 2.000000, avanceI = 2.000000
inc_x_r = 0.000000, inc_y_r = 1.000000, inc_x_i = 1.000000, inc_y_i = 1.000000
En el else......

----------------------------------------
x = 26.000000, y = 285.000000
avance = -291.000000, avanceR = 2.000000, avanceI = 2.000000
inc_x_r = 0.000000, inc_y_r = 1.000000, inc_x_i = 1.000000, inc_y_i = 1.000000
En el else......

----------------------------------------
x = 26.000000, y = 286.000000
avance = -289.000000, avanceR = 2.000000, avanceI = 2.000000
inc_x_r = 0.000000, inc_y_r = 1.000000, inc_x_i = 1.000000, inc_y_i = 1.000000
En el else......

----------------------------------------
x = 26.000000, y = 287.000000
avance = -287.000000, avanceR = 2.000000, avanceI = 2.000000
inc_x_r = 0.000000, inc_y_r = 1.000000, inc_x_i = 1.000000, inc_y_i = 1.000000
En el else......

----------------------------------------
x = 26.000000, y = 288.000000
avance = -285.000000, avanceR = 2.000000, avanceI = 2.000000
inc_x_r = 0.000000, inc_y_r = 1.000000, inc_x_i = 1.000000, inc_y_i = 1.000000
En el else......

----------------------------------------
x = 26.000000, y = 289.000000
avance = -283.000000, avanceR = 2.000000, avanceI = 2.000000
inc_x_r = 0.000000, inc_y_r = 1.000000, inc_x_i = 1.000000, inc_y_i = 1.000000
En el else......

----------------------------------------
x = 26.000000, y = 290.000000
avance = -281.000000, avanceR = 2.000000, avanceI = 2.000000
inc_x_r = 0.000000, inc_y_r = 1.000000, inc_x_i = 1.000000, inc_y_i = 1.000000
En el else......

----------------------------------------
x = 26.000000, y = 291.000000
avance = -279.000000, avanceR = 2.000000, avanceI = 2.000000
inc_x_r = 0.000000, inc_y_r = 1.000000, inc_x_i = 1.000000, inc_y_i = 1.000000
En el else......

----------------------------------------
x = 26.000000, y = 292.000000
avance = -277.000000, avanceR = 2.000000, avanceI = 2.000000
inc_x_r = 0.000000, inc_y_r = 1.000000, inc_x_i = 1.000000, inc_y_i = 1.000000
En el else......

----------------------------------------
x = 26.000000, y = 293.000000
avance = -275.000000, avanceR = 2.000000, avanceI = 2.000000
inc_x_r = 0.000000, inc_y_r = 1.000000, inc_x_i = 1.000000, inc_y_i = 1.000000
En el else......

----------------------------------------
x = 26.000000, y = 294.000000
avance = -273.000000, avanceR = 2.000000, avanceI = 2.000000
inc_x_r = 0.000000, inc_y_r = 1.000000, inc_x_i = 1.000000, inc_y_i = 1.000000
En el else......

----------------------------------------
x = 26.000000, y = 295.000000
avance = -271.000000, avanceR = 2.000000, avanceI = 2.000000
inc_x_r = 0.000000, inc_y_r = 1.000000, inc_x_i = 1.000000, inc_y_i = 1.000000
En el else......

----------------------------------------
x = 26.000000, y = 296.000000
avance = -269.000000, avanceR = 2.000000, avanceI = 2.000000
inc_x_r = 0.000000, inc_y_r = 1.000000, inc_x_i = 1.000000, inc_y_i = 1.000000
En el else......

----------------------------------------
x = 26.000000, y = 297.000000
avance = -267.000000, avanceR = 2.000000, avanceI = 2.000000
inc_x_r = 0.000000, inc_y_r = 1.000000, inc_x_i = 1.000000, inc_y_i = 1.000000
En el else......

----------------------------------------
x = 26.000000, y = 298.000000
avance = -265.000000, avanceR = 2.000000, avanceI = 2.000000
inc_x_r = 0.000000, inc_y_r = 1.000000, inc_x_i = 1.000000, inc_y_i = 1.000000
En el else......

----------------------------------------
x = 26.000000, y = 299.000000
avance = -263.000000, avanceR = 2.000000, avanceI = 2.000000
inc_x_r = 0.000000, inc_y_r = 1.000000, inc_x_i = 1.000000, inc_y_i = 1.000000
En el else......

----------------------------------------
x = 26.000000, y = 300.000000
avance = -261.000000, avanceR = 2.000000, avanceI = 2.000000
inc_x_r = 0.000000, inc_y_r = 1.000000, inc_x_i = 1.000000, inc_y_i = 1.000000
En el else......

----------------------------------------
x = 26.000000, y = 301.000000
avance = -259.000000, avanceR = 2.000000, avanceI = 2.000000
inc_x_r = 0.000000, inc_y_r = 1.000000, inc_x_i = 1.000000, inc_y_i = 1.000000
En el else......

----------------------------------------
x = 26.000000, y = 302.000000
avance = -257.000000, avanceR = 2.000000, avanceI = 2.000000
inc_x_r = 0.000000, inc_y_r = 1.000000, inc_x_i = 1.000000, inc_y_i = 1.000000
En el else......

----------------------------------------
x = 26.000000, y = 303.000000
avance = -255.000000, avanceR = 2.000000, avanceI = 2.000000
inc_x_r = 0.000000, inc_y_r = 1.000000, inc_x_i = 1.000000, inc_y_i = 1.000000
En el else......

----------------------------------------
x = 26.000000, y = 304.000000
avance = -253.000000, avanceR = 2.000000, avanceI = 2.000000
inc_x_r = 0.000000, inc_y_r = 1.000000, inc_x_i = 1.000000, inc_y_i = 1.000000
En el else......

----------------------------------------
x = 26.000000, y = 305.000000
avance = -251.000000, avanceR = 2.000000, avanceI = 2.000000
inc_x_r = 0.000000, inc_y_r = 1.000000, inc_x_i = 1.000000, inc_y_i = 1.000000
En el else......

----------------------------------------


ENTRAMOS A BRESENHAMªªªª
x1 = 25.000000 - y1 = 55.000000 || x2 = 26.000000 - y2 = 306.000000
dy = 251.000000, dx = 1.000000
avances inclinados: inc_x_i = 1.000000, inc_y_i = 1.000000
updated: dy = 251.000000, dx = 1.000000
avances rectos: inc_x_r = 0.000000, inc_y_r 1.000000
reupdated: dy = 1.000000, dx = 251.000000
avanceR = 2.000000, avance -249.000000, avanceI 2.000000
----------------------------------------
x = 25.000000, y = 55.000000
avance = -249.000000, avanceR = 2.000000, avanceI = 2.000000
inc_x_r = 0.000000, inc_y_r = 1.000000, inc_x_i = 1.000000, inc_y_i = 1.000000
En el else......

----------------------------------------
x = 25.000000, y = 56.000000
avance = -247.000000, avanceR = 2.000000, avanceI = 2.000000
inc_x_r = 0.000000, inc_y_r = 1.000000, inc_x_i = 1.000000, inc_y_i = 1.000000
En el else......

----------------------------------------
x = 25.000000, y = 57.000000
avance = -245.000000, avanceR = 2.000000, avanceI = 2.000000
inc_x_r = 0.000000, inc_y_r = 1.000000, inc_x_i = 1.000000, inc_y_i = 1.000000
En el else......

----------------------------------------
x = 25.000000, y = 58.000000
avance = -243.000000, avanceR = 2.000000, avanceI = 2.000000
inc_x_r = 0.000000, inc_y_r = 1.000000, inc_x_i = 1.000000, inc_y_i = 1.000000
En el else......

----------------------------------------
x = 25.000000, y = 59.000000
avance = -241.000000, avanceR = 2.000000, avanceI = 2.000000
inc_x_r = 0.000000, inc_y_r = 1.000000, inc_x_i = 1.000000, inc_y_i = 1.000000
En el else......

----------------------------------------
x = 25.000000, y = 60.000000
avance = -239.000000, avanceR = 2.000000, avanceI = 2.000000
inc_x_r = 0.000000, inc_y_r = 1.000000, inc_x_i = 1.000000, inc_y_i = 1.000000
En el else......

----------------------------------------
x = 25.000000, y = 61.000000
avance = -237.000000, avanceR = 2.000000, avanceI = 2.000000
inc_x_r = 0.000000, inc_y_r = 1.000000, inc_x_i = 1.000000, inc_y_i = 1.000000
En el else......

----------------------------------------
x = 25.000000, y = 62.000000
avance = -235.000000, avanceR = 2.000000, avanceI = 2.000000
inc_x_r = 0.000000, inc_y_r = 1.000000, inc_x_i = 1.000000, inc_y_i = 1.000000
En el else......

----------------------------------------
x = 25.000000, y = 63.000000
avance = -233.000000, avanceR = 2.000000, avanceI = 2.000000
inc_x_r = 0.000000, inc_y_r = 1.000000, inc_x_i = 1.000000, inc_y_i = 1.000000
En el else......

----------------------------------------
x = 25.000000, y = 64.000000
avance = -231.000000, avanceR = 2.000000, avanceI = 2.000000
inc_x_r = 0.000000, inc_y_r = 1.000000, inc_x_i = 1.000000, inc_y_i = 1.000000
En el else......

----------------------------------------
x = 25.000000, y = 65.000000
avance = -229.000000, avanceR = 2.000000, avanceI = 2.000000
inc_x_r = 0.000000, inc_y_r = 1.000000, inc_x_i = 1.000000, inc_y_i = 1.000000
En el else......

----------------------------------------
x = 25.000000, y = 66.000000
avance = -227.000000, avanceR = 2.000000, avanceI = 2.000000
inc_x_r = 0.000000, inc_y_r = 1.000000, inc_x_i = 1.000000, inc_y_i = 1.000000
En el else......

----------------------------------------
x = 25.000000, y = 67.000000
avance = -225.000000, avanceR = 2.000000, avanceI = 2.000000
inc_x_r = 0.000000, inc_y_r = 1.000000, inc_x_i = 1.000000, inc_y_i = 1.000000
En el else......

----------------------------------------
x = 25.000000, y = 68.000000
avance = -223.000000, avanceR = 2.000000, avanceI = 2.000000
inc_x_r = 0.000000, inc_y_r = 1.000000, inc_x_i = 1.000000, inc_y_i = 1.000000
En el else......

----------------------------------------
x = 25.000000, y = 69.000000
avance = -221.000000, avanceR = 2.000000, avanceI = 2.000000
inc_x_r = 0.000000, inc_y_r = 1.000000, inc_x_i = 1.000000, inc_y_i = 1.000000
En el else......

----------------------------------------
x = 25.000000, y = 70.000000
avance = -219.000000, avanceR = 2.000000, avanceI = 2.000000
inc_x_r = 0.000000, inc_y_r = 1.000000, inc_x_i = 1.000000, inc_y_i = 1.000000
En el else......

----------------------------------------
x = 25.000000, y = 71.000000
avance = -217.000000, avanceR = 2.000000, avanceI = 2.000000
inc_x_r = 0.000000, inc_y_r = 1.000000, inc_x_i = 1.000000, inc_y_i = 1.000000
En el else......

----------------------------------------
x = 25.000000, y = 72.000000
avance = -215.000000, avanceR = 2.000000, avanceI = 2.000000
inc_x_r = 0.000000, inc_y_r = 1.000000, inc_x_i = 1.000000, inc_y_i = 1.000000
En el else......

----------------------------------------
x = 25.000000, y = 73.000000
avance = -213.000000, avanceR = 2.000000, avanceI = 2.000000
inc_x_r = 0.000000, inc_y_r = 1.000000, inc_x_i = 1.000000, inc_y_i = 1.000000
En el else......

----------------------------------------
x = 25.000000, y = 74.000000
avance = -211.000000, avanceR = 2.000000, avanceI = 2.000000
inc_x_r = 0.000000, inc_y_r = 1.000000, inc_x_i = 1.000000, inc_y_i = 1.000000
En el else......

----------------------------------------
x = 25.000000, y = 75.000000
avance = -209.000000, avanceR = 2.000000, avanceI = 2.000000
inc_x_r = 0.000000, inc_y_r = 1.000000, inc_x_i = 1.000000, inc_y_i = 1.000000
En el else......

----------------------------------------
x = 25.000000, y = 76.000000
avance = -207.000000, avanceR = 2.000000, avanceI = 2.000000
inc_x_r = 0.000000, inc_y_r = 1.000000, inc_x_i = 1.000000, inc_y_i = 1.000000
En el else......

----------------------------------------
x = 25.000000, y = 77.000000
avance = -205.000000, avanceR = 2.000000, avanceI = 2.000000
inc_x_r = 0.000000, inc_y_r = 1.000000, inc_x_i = 1.000000, inc_y_i = 1.000000
En el else......

----------------------------------------
x = 25.000000, y = 78.000000
avance = -203.000000, avanceR = 2.000000, avanceI = 2.000000
inc_x_r = 0.000000, inc_y_r = 1.000000, inc_x_i = 1.000000, inc_y_i = 1.000000
En el else......

----------------------------------------
x = 25.000000, y = 79.000000
avance = -201.000000, avanceR = 2.000000, avanceI = 2.000000
inc_x_r = 0.000000, inc_y_r = 1.000000, inc_x_i = 1.000000, inc_y_i = 1.000000
En el else......

----------------------------------------
x = 25.000000, y = 80.000000
avance = -199.000000, avanceR = 2.000000, avanceI = 2.000000
inc_x_r = 0.000000, inc_y_r = 1.000000, inc_x_i = 1.000000, inc_y_i = 1.000000
En el else......

----------------------------------------
x = 25.000000, y = 81.000000
avance = -197.000000, avanceR = 2.000000, avanceI = 2.000000
inc_x_r = 0.000000, inc_y_r = 1.000000, inc_x_i = 1.000000, inc_y_i = 1.000000
En el else......

----------------------------------------
x = 25.000000, y = 82.000000
avance = -195.000000, avanceR = 2.000000, avanceI = 2.000000
inc_x_r = 0.000000, inc_y_r = 1.000000, inc_x_i = 1.000000, inc_y_i = 1.000000
En el else......

----------------------------------------
x = 25.000000, y = 83.000000
avance = -193.000000, avanceR = 2.000000, avanceI = 2.000000
inc_x_r = 0.000000, inc_y_r = 1.000000, inc_x_i = 1.000000, inc_y_i = 1.000000
En el else......

----------------------------------------
x = 25.000000, y = 84.000000
avance = -191.000000, avanceR = 2.000000, avanceI = 2.000000
inc_x_r = 0.000000, inc_y_r = 1.000000, inc_x_i = 1.000000, inc_y_i = 1.000000
En el else......

----------------------------------------
x = 25.000000, y = 85.000000
avance = -189.000000, avanceR = 2.000000, avanceI = 2.000000
inc_x_r = 0.000000, inc_y_r = 1.000000, inc_x_i = 1.000000, inc_y_i = 1.000000
En el else......

----------------------------------------
x = 25.000000, y = 86.000000
avance = -187.000000, avanceR = 2.000000, avanceI = 2.000000
inc_x_r = 0.000000, inc_y_r = 1.000000, inc_x_i = 1.000000, inc_y_i = 1.000000
En el else......

----------------------------------------
x = 25.000000, y = 87.000000
avance = -185.000000, avanceR = 2.000000, avanceI = 2.000000
inc_x_r = 0.000000, inc_y_r = 1.000000, inc_x_i = 1.000000, inc_y_i = 1.000000
En el else......

----------------------------------------
x = 25.000000, y = 88.000000
avance = -183.000000, avanceR = 2.000000, avanceI = 2.000000
inc_x_r = 0.000000, inc_y_r = 1.000000, inc_x_i = 1.000000, inc_y_i = 1.000000
En el else......

----------------------------------------
x = 25.000000, y = 89.000000
avance = -181.000000, avanceR = 2.000000, avanceI = 2.000000
inc_x_r = 0.000000, inc_y_r = 1.000000, inc_x_i = 1.000000, inc_y_i = 1.000000
En el else......

----------------------------------------
x = 25.000000, y = 90.000000
avance = -179.000000, avanceR = 2.000000, avanceI = 2.000000
inc_x_r = 0.000000, inc_y_r = 1.000000, inc_x_i = 1.000000, inc_y_i = 1.000000
En el else......

----------------------------------------
x = 25.000000, y = 91.000000
avance = -177.000000, avanceR = 2.000000, avanceI = 2.000000
inc_x_r = 0.000000, inc_y_r = 1.000000, inc_x_i = 1.000000, inc_y_i = 1.000000
En el else......

----------------------------------------
x = 25.000000, y = 92.000000
avance = -175.000000, avanceR = 2.000000, avanceI = 2.000000
inc_x_r = 0.000000, inc_y_r = 1.000000, inc_x_i = 1.000000, inc_y_i = 1.000000
En el else......

----------------------------------------
x = 25.000000, y = 93.000000
avance = -173.000000, avanceR = 2.000000, avanceI = 2.000000
inc_x_r = 0.000000, inc_y_r = 1.000000, inc_x_i = 1.000000, inc_y_i = 1.000000
En el else......

----------------------------------------
x = 25.000000, y = 94.000000
avance = -171.000000, avanceR = 2.000000, avanceI = 2.000000
inc_x_r = 0.000000, inc_y_r = 1.000000, inc_x_i = 1.000000, inc_y_i = 1.000000
En el else......

----------------------------------------
x = 25.000000, y = 95.000000
avance = -169.000000, avanceR = 2.000000, avanceI = 2.000000
inc_x_r = 0.000000, inc_y_r = 1.000000, inc_x_i = 1.000000, inc_y_i = 1.000000
En el else......

----------------------------------------
x = 25.000000, y = 96.000000
avance = -167.000000, avanceR = 2.000000, avanceI = 2.000000
inc_x_r = 0.000000, inc_y_r = 1.000000, inc_x_i = 1.000000, inc_y_i = 1.000000
En el else......

----------------------------------------
x = 25.000000, y = 97.000000
avance = -165.000000, avanceR = 2.000000, avanceI = 2.000000
inc_x_r = 0.000000, inc_y_r = 1.000000, inc_x_i = 1.000000, inc_y_i = 1.000000
En el else......

----------------------------------------
x = 25.000000, y = 98.000000
avance = -163.000000, avanceR = 2.000000, avanceI = 2.000000
inc_x_r = 0.000000, inc_y_r = 1.000000, inc_x_i = 1.000000, inc_y_i = 1.000000
En el else......

----------------------------------------
x = 25.000000, y = 99.000000
avance = -161.000000, avanceR = 2.000000, avanceI = 2.000000
inc_x_r = 0.000000, inc_y_r = 1.000000, inc_x_i = 1.000000, inc_y_i = 1.000000
En el else......

----------------------------------------
x = 25.000000, y = 100.000000
avance = -159.000000, avanceR = 2.000000, avanceI = 2.000000
inc_x_r = 0.000000, inc_y_r = 1.000000, inc_x_i = 1.000000, inc_y_i = 1.000000
En el else......

----------------------------------------
x = 25.000000, y = 101.000000
avance = -157.000000, avanceR = 2.000000, avanceI = 2.000000
inc_x_r = 0.000000, inc_y_r = 1.000000, inc_x_i = 1.000000, inc_y_i = 1.000000
En el else......

----------------------------------------
x = 25.000000, y = 102.000000
avance = -155.000000, avanceR = 2.000000, avanceI = 2.000000
inc_x_r = 0.000000, inc_y_r = 1.000000, inc_x_i = 1.000000, inc_y_i = 1.000000
En el else......

----------------------------------------
x = 25.000000, y = 103.000000
avance = -153.000000, avanceR = 2.000000, avanceI = 2.000000
inc_x_r = 0.000000, inc_y_r = 1.000000, inc_x_i = 1.000000, inc_y_i = 1.000000
En el else......

----------------------------------------
x = 25.000000, y = 104.000000
avance = -151.000000, avanceR = 2.000000, avanceI = 2.000000
inc_x_r = 0.000000, inc_y_r = 1.000000, inc_x_i = 1.000000, inc_y_i = 1.000000
En el else......

----------------------------------------
x = 25.000000, y = 105.000000
avance = -149.000000, avanceR = 2.000000, avanceI = 2.000000
inc_x_r = 0.000000, inc_y_r = 1.000000, inc_x_i = 1.000000, inc_y_i = 1.000000
En el else......

----------------------------------------
x = 25.000000, y = 106.000000
avance = -147.000000, avanceR = 2.000000, avanceI = 2.000000
inc_x_r = 0.000000, inc_y_r = 1.000000, inc_x_i = 1.000000, inc_y_i = 1.000000
En el else......

----------------------------------------
x = 25.000000, y = 107.000000
avance = -145.000000, avanceR = 2.000000, avanceI = 2.000000
inc_x_r = 0.000000, inc_y_r = 1.000000, inc_x_i = 1.000000, inc_y_i = 1.000000
En el else......

----------------------------------------
x = 25.000000, y = 108.000000
avance = -143.000000, avanceR = 2.000000, avanceI = 2.000000
inc_x_r = 0.000000, inc_y_r = 1.000000, inc_x_i = 1.000000, inc_y_i = 1.000000
En el else......

----------------------------------------
x = 25.000000, y = 109.000000
avance = -141.000000, avanceR = 2.000000, avanceI = 2.000000
inc_x_r = 0.000000, inc_y_r = 1.000000, inc_x_i = 1.000000, inc_y_i = 1.000000
En el else......

----------------------------------------
x = 25.000000, y = 110.000000
avance = -139.000000, avanceR = 2.000000, avanceI = 2.000000
inc_x_r = 0.000000, inc_y_r = 1.000000, inc_x_i = 1.000000, inc_y_i = 1.000000
En el else......

----------------------------------------
x = 25.000000, y = 111.000000
avance = -137.000000, avanceR = 2.000000, avanceI = 2.000000
inc_x_r = 0.000000, inc_y_r = 1.000000, inc_x_i = 1.000000, inc_y_i = 1.000000
En el else......

----------------------------------------
x = 25.000000, y = 112.000000
avance = -135.000000, avanceR = 2.000000, avanceI = 2.000000
inc_x_r = 0.000000, inc_y_r = 1.000000, inc_x_i = 1.000000, inc_y_i = 1.000000
En el else......

----------------------------------------
x = 25.000000, y = 113.000000
avance = -133.000000, avanceR = 2.000000, avanceI = 2.000000
inc_x_r = 0.000000, inc_y_r = 1.000000, inc_x_i = 1.000000, inc_y_i = 1.000000
En el else......

----------------------------------------
x = 25.000000, y = 114.000000
avance = -131.000000, avanceR = 2.000000, avanceI = 2.000000
inc_x_r = 0.000000, inc_y_r = 1.000000, inc_x_i = 1.000000, inc_y_i = 1.000000
En el else......

----------------------------------------
x = 25.000000, y = 115.000000
avance = -129.000000, avanceR = 2.000000, avanceI = 2.000000
inc_x_r = 0.000000, inc_y_r = 1.000000, inc_x_i = 1.000000, inc_y_i = 1.000000
En el else......

----------------------------------------
x = 25.000000, y = 116.000000
avance = -127.000000, avanceR = 2.000000, avanceI = 2.000000
inc_x_r = 0.000000, inc_y_r = 1.000000, inc_x_i = 1.000000, inc_y_i = 1.000000
En el else......

----------------------------------------
x = 25.000000, y = 117.000000
avance = -125.000000, avanceR = 2.000000, avanceI = 2.000000
inc_x_r = 0.000000, inc_y_r = 1.000000, inc_x_i = 1.000000, inc_y_i = 1.000000
En el else......

----------------------------------------
x = 25.000000, y = 118.000000
avance = -123.000000, avanceR = 2.000000, avanceI = 2.000000
inc_x_r = 0.000000, inc_y_r = 1.000000, inc_x_i = 1.000000, inc_y_i = 1.000000
En el else......

----------------------------------------
x = 25.000000, y = 119.000000
avance = -121.000000, avanceR = 2.000000, avanceI = 2.000000
inc_x_r = 0.000000, inc_y_r = 1.000000, inc_x_i = 1.000000, inc_y_i = 1.000000
En el else......

----------------------------------------
x = 25.000000, y = 120.000000
avance = -119.000000, avanceR = 2.000000, avanceI = 2.000000
inc_x_r = 0.000000, inc_y_r = 1.000000, inc_x_i = 1.000000, inc_y_i = 1.000000
En el else......

----------------------------------------
x = 25.000000, y = 121.000000
avance = -117.000000, avanceR = 2.000000, avanceI = 2.000000
inc_x_r = 0.000000, inc_y_r = 1.000000, inc_x_i = 1.000000, inc_y_i = 1.000000
En el else......

----------------------------------------
x = 25.000000, y = 122.000000
avance = -115.000000, avanceR = 2.000000, avanceI = 2.000000
inc_x_r = 0.000000, inc_y_r = 1.000000, inc_x_i = 1.000000, inc_y_i = 1.000000
En el else......

----------------------------------------
x = 25.000000, y = 123.000000
avance = -113.000000, avanceR = 2.000000, avanceI = 2.000000
inc_x_r = 0.000000, inc_y_r = 1.000000, inc_x_i = 1.000000, inc_y_i = 1.000000
En el else......

----------------------------------------
x = 25.000000, y = 124.000000
avance = -111.000000, avanceR = 2.000000, avanceI = 2.000000
inc_x_r = 0.000000, inc_y_r = 1.000000, inc_x_i = 1.000000, inc_y_i = 1.000000
En el else......

----------------------------------------
x = 25.000000, y = 125.000000
avance = -109.000000, avanceR = 2.000000, avanceI = 2.000000
inc_x_r = 0.000000, inc_y_r = 1.000000, inc_x_i = 1.000000, inc_y_i = 1.000000
En el else......

----------------------------------------
x = 25.000000, y = 126.000000
avance = -107.000000, avanceR = 2.000000, avanceI = 2.000000
inc_x_r = 0.000000, inc_y_r = 1.000000, inc_x_i = 1.000000, inc_y_i = 1.000000
En el else......

----------------------------------------
x = 25.000000, y = 127.000000
avance = -105.000000, avanceR = 2.000000, avanceI = 2.000000
inc_x_r = 0.000000, inc_y_r = 1.000000, inc_x_i = 1.000000, inc_y_i = 1.000000
En el else......

----------------------------------------
x = 25.000000, y = 128.000000
avance = -103.000000, avanceR = 2.000000, avanceI = 2.000000
inc_x_r = 0.000000, inc_y_r = 1.000000, inc_x_i = 1.000000, inc_y_i = 1.000000
En el else......

----------------------------------------
x = 25.000000, y = 129.000000
avance = -101.000000, avanceR = 2.000000, avanceI = 2.000000
inc_x_r = 0.000000, inc_y_r = 1.000000, inc_x_i = 1.000000, inc_y_i = 1.000000
En el else......

----------------------------------------
x = 25.000000, y = 130.000000
avance = -99.000000, avanceR = 2.000000, avanceI = 2.000000
inc_x_r = 0.000000, inc_y_r = 1.000000, inc_x_i = 1.000000, inc_y_i = 1.000000
En el else......

----------------------------------------
x = 25.000000, y = 131.000000
avance = -97.000000, avanceR = 2.000000, avanceI = 2.000000
inc_x_r = 0.000000, inc_y_r = 1.000000, inc_x_i = 1.000000, inc_y_i = 1.000000
En el else......

----------------------------------------
x = 25.000000, y = 132.000000
avance = -95.000000, avanceR = 2.000000, avanceI = 2.000000
inc_x_r = 0.000000, inc_y_r = 1.000000, inc_x_i = 1.000000, inc_y_i = 1.000000
En el else......

----------------------------------------
x = 25.000000, y = 133.000000
avance = -93.000000, avanceR = 2.000000, avanceI = 2.000000
inc_x_r = 0.000000, inc_y_r = 1.000000, inc_x_i = 1.000000, inc_y_i = 1.000000
En el else......

----------------------------------------
x = 25.000000, y = 134.000000
avance = -91.000000, avanceR = 2.000000, avanceI = 2.000000
inc_x_r = 0.000000, inc_y_r = 1.000000, inc_x_i = 1.000000, inc_y_i = 1.000000
En el else......

----------------------------------------
x = 25.000000, y = 135.000000
avance = -89.000000, avanceR = 2.000000, avanceI = 2.000000
inc_x_r = 0.000000, inc_y_r = 1.000000, inc_x_i = 1.000000, inc_y_i = 1.000000
En el else......

----------------------------------------
x = 25.000000, y = 136.000000
avance = -87.000000, avanceR = 2.000000, avanceI = 2.000000
inc_x_r = 0.000000, inc_y_r = 1.000000, inc_x_i = 1.000000, inc_y_i = 1.000000
En el else......

----------------------------------------
x = 25.000000, y = 137.000000
avance = -85.000000, avanceR = 2.000000, avanceI = 2.000000
inc_x_r = 0.000000, inc_y_r = 1.000000, inc_x_i = 1.000000, inc_y_i = 1.000000
En el else......

----------------------------------------
x = 25.000000, y = 138.000000
avance = -83.000000, avanceR = 2.000000, avanceI = 2.000000
inc_x_r = 0.000000, inc_y_r = 1.000000, inc_x_i = 1.000000, inc_y_i = 1.000000
En el else......

----------------------------------------
x = 25.000000, y = 139.000000
avance = -81.000000, avanceR = 2.000000, avanceI = 2.000000
inc_x_r = 0.000000, inc_y_r = 1.000000, inc_x_i = 1.000000, inc_y_i = 1.000000
En el else......

----------------------------------------
x = 25.000000, y = 140.000000
avance = -79.000000, avanceR = 2.000000, avanceI = 2.000000
inc_x_r = 0.000000, inc_y_r = 1.000000, inc_x_i = 1.000000, inc_y_i = 1.000000
En el else......

----------------------------------------
x = 25.000000, y = 141.000000
avance = -77.000000, avanceR = 2.000000, avanceI = 2.000000
inc_x_r = 0.000000, inc_y_r = 1.000000, inc_x_i = 1.000000, inc_y_i = 1.000000
En el else......

----------------------------------------
x = 25.000000, y = 142.000000
avance = -75.000000, avanceR = 2.000000, avanceI = 2.000000
inc_x_r = 0.000000, inc_y_r = 1.000000, inc_x_i = 1.000000, inc_y_i = 1.000000
En el else......

----------------------------------------
x = 25.000000, y = 143.000000
avance = -73.000000, avanceR = 2.000000, avanceI = 2.000000
inc_x_r = 0.000000, inc_y_r = 1.000000, inc_x_i = 1.000000, inc_y_i = 1.000000
En el else......

----------------------------------------
x = 25.000000, y = 144.000000
avance = -71.000000, avanceR = 2.000000, avanceI = 2.000000
inc_x_r = 0.000000, inc_y_r = 1.000000, inc_x_i = 1.000000, inc_y_i = 1.000000
En el else......

----------------------------------------
x = 25.000000, y = 145.000000
avance = -69.000000, avanceR = 2.000000, avanceI = 2.000000
inc_x_r = 0.000000, inc_y_r = 1.000000, inc_x_i = 1.000000, inc_y_i = 1.000000
En el else......

----------------------------------------
x = 25.000000, y = 146.000000
avance = -67.000000, avanceR = 2.000000, avanceI = 2.000000
inc_x_r = 0.000000, inc_y_r = 1.000000, inc_x_i = 1.000000, inc_y_i = 1.000000
En el else......

----------------------------------------
x = 25.000000, y = 147.000000
avance = -65.000000, avanceR = 2.000000, avanceI = 2.000000
inc_x_r = 0.000000, inc_y_r = 1.000000, inc_x_i = 1.000000, inc_y_i = 1.000000
En el else......

----------------------------------------
x = 25.000000, y = 148.000000
avance = -63.000000, avanceR = 2.000000, avanceI = 2.000000
inc_x_r = 0.000000, inc_y_r = 1.000000, inc_x_i = 1.000000, inc_y_i = 1.000000
En el else......

----------------------------------------
x = 25.000000, y = 149.000000
avance = -61.000000, avanceR = 2.000000, avanceI = 2.000000
inc_x_r = 0.000000, inc_y_r = 1.000000, inc_x_i = 1.000000, inc_y_i = 1.000000
En el else......

----------------------------------------
x = 25.000000, y = 150.000000
avance = -59.000000, avanceR = 2.000000, avanceI = 2.000000
inc_x_r = 0.000000, inc_y_r = 1.000000, inc_x_i = 1.000000, inc_y_i = 1.000000
En el else......

----------------------------------------
x = 25.000000, y = 151.000000
avance = -57.000000, avanceR = 2.000000, avanceI = 2.000000
inc_x_r = 0.000000, inc_y_r = 1.000000, inc_x_i = 1.000000, inc_y_i = 1.000000
En el else......

----------------------------------------
x = 25.000000, y = 152.000000
avance = -55.000000, avanceR = 2.000000, avanceI = 2.000000
inc_x_r = 0.000000, inc_y_r = 1.000000, inc_x_i = 1.000000, inc_y_i = 1.000000
En el else......

----------------------------------------
x = 25.000000, y = 153.000000
avance = -53.000000, avanceR = 2.000000, avanceI = 2.000000
inc_x_r = 0.000000, inc_y_r = 1.000000, inc_x_i = 1.000000, inc_y_i = 1.000000
En el else......

----------------------------------------
x = 25.000000, y = 154.000000
avance = -51.000000, avanceR = 2.000000, avanceI = 2.000000
inc_x_r = 0.000000, inc_y_r = 1.000000, inc_x_i = 1.000000, inc_y_i = 1.000000
En el else......

----------------------------------------
x = 25.000000, y = 155.000000
avance = -49.000000, avanceR = 2.000000, avanceI = 2.000000
inc_x_r = 0.000000, inc_y_r = 1.000000, inc_x_i = 1.000000, inc_y_i = 1.000000
En el else......

----------------------------------------
x = 25.000000, y = 156.000000
avance = -47.000000, avanceR = 2.000000, avanceI = 2.000000
inc_x_r = 0.000000, inc_y_r = 1.000000, inc_x_i = 1.000000, inc_y_i = 1.000000
En el else......

----------------------------------------
x = 25.000000, y = 157.000000
avance = -45.000000, avanceR = 2.000000, avanceI = 2.000000
inc_x_r = 0.000000, inc_y_r = 1.000000, inc_x_i = 1.000000, inc_y_i = 1.000000
En el else......

----------------------------------------
x = 25.000000, y = 158.000000
avance = -43.000000, avanceR = 2.000000, avanceI = 2.000000
inc_x_r = 0.000000, inc_y_r = 1.000000, inc_x_i = 1.000000, inc_y_i = 1.000000
En el else......

----------------------------------------
x = 25.000000, y = 159.000000
avance = -41.000000, avanceR = 2.000000, avanceI = 2.000000
inc_x_r = 0.000000, inc_y_r = 1.000000, inc_x_i = 1.000000, inc_y_i = 1.000000
En el else......

----------------------------------------
x = 25.000000, y = 160.000000
avance = -39.000000, avanceR = 2.000000, avanceI = 2.000000
inc_x_r = 0.000000, inc_y_r = 1.000000, inc_x_i = 1.000000, inc_y_i = 1.000000
En el else......

----------------------------------------
x = 25.000000, y = 161.000000
avance = -37.000000, avanceR = 2.000000, avanceI = 2.000000
inc_x_r = 0.000000, inc_y_r = 1.000000, inc_x_i = 1.000000, inc_y_i = 1.000000
En el else......

----------------------------------------
x = 25.000000, y = 162.000000
avance = -35.000000, avanceR = 2.000000, avanceI = 2.000000
inc_x_r = 0.000000, inc_y_r = 1.000000, inc_x_i = 1.000000, inc_y_i = 1.000000
En el else......

----------------------------------------
x = 25.000000, y = 163.000000
avance = -33.000000, avanceR = 2.000000, avanceI = 2.000000
inc_x_r = 0.000000, inc_y_r = 1.000000, inc_x_i = 1.000000, inc_y_i = 1.000000
En el else......

----------------------------------------
x = 25.000000, y = 164.000000
avance = -31.000000, avanceR = 2.000000, avanceI = 2.000000
inc_x_r = 0.000000, inc_y_r = 1.000000, inc_x_i = 1.000000, inc_y_i = 1.000000
En el else......

----------------------------------------
x = 25.000000, y = 165.000000
avance = -29.000000, avanceR = 2.000000, avanceI = 2.000000
inc_x_r = 0.000000, inc_y_r = 1.000000, inc_x_i = 1.000000, inc_y_i = 1.000000
En el else......

----------------------------------------
x = 25.000000, y = 166.000000
avance = -27.000000, avanceR = 2.000000, avanceI = 2.000000
inc_x_r = 0.000000, inc_y_r = 1.000000, inc_x_i = 1.000000, inc_y_i = 1.000000
En el else......

----------------------------------------
x = 25.000000, y = 167.000000
avance = -25.000000, avanceR = 2.000000, avanceI = 2.000000
inc_x_r = 0.000000, inc_y_r = 1.000000, inc_x_i = 1.000000, inc_y_i = 1.000000
En el else......

----------------------------------------
x = 25.000000, y = 168.000000
avance = -23.000000, avanceR = 2.000000, avanceI = 2.000000
inc_x_r = 0.000000, inc_y_r = 1.000000, inc_x_i = 1.000000, inc_y_i = 1.000000
En el else......

----------------------------------------
x = 25.000000, y = 169.000000
avance = -21.000000, avanceR = 2.000000, avanceI = 2.000000
inc_x_r = 0.000000, inc_y_r = 1.000000, inc_x_i = 1.000000, inc_y_i = 1.000000
En el else......

----------------------------------------
x = 25.000000, y = 170.000000
avance = -19.000000, avanceR = 2.000000, avanceI = 2.000000
inc_x_r = 0.000000, inc_y_r = 1.000000, inc_x_i = 1.000000, inc_y_i = 1.000000
En el else......

----------------------------------------
x = 25.000000, y = 171.000000
avance = -17.000000, avanceR = 2.000000, avanceI = 2.000000
inc_x_r = 0.000000, inc_y_r = 1.000000, inc_x_i = 1.000000, inc_y_i = 1.000000
En el else......

----------------------------------------
x = 25.000000, y = 172.000000
avance = -15.000000, avanceR = 2.000000, avanceI = 2.000000
inc_x_r = 0.000000, inc_y_r = 1.000000, inc_x_i = 1.000000, inc_y_i = 1.000000
En el else......

----------------------------------------
x = 25.000000, y = 173.000000
avance = -13.000000, avanceR = 2.000000, avanceI = 2.000000
inc_x_r = 0.000000, inc_y_r = 1.000000, inc_x_i = 1.000000, inc_y_i = 1.000000
En el else......

----------------------------------------
x = 25.000000, y = 174.000000
avance = -11.000000, avanceR = 2.000000, avanceI = 2.000000
inc_x_r = 0.000000, inc_y_r = 1.000000, inc_x_i = 1.000000, inc_y_i = 1.000000
En el else......

----------------------------------------
x = 25.000000, y = 175.000000
avance = -9.000000, avanceR = 2.000000, avanceI = 2.000000
inc_x_r = 0.000000, inc_y_r = 1.000000, inc_x_i = 1.000000, inc_y_i = 1.000000
En el else......

----------------------------------------
x = 25.000000, y = 176.000000
avance = -7.000000, avanceR = 2.000000, avanceI = 2.000000
inc_x_r = 0.000000, inc_y_r = 1.000000, inc_x_i = 1.000000, inc_y_i = 1.000000
En el else......

----------------------------------------
x = 25.000000, y = 177.000000
avance = -5.000000, avanceR = 2.000000, avanceI = 2.000000
inc_x_r = 0.000000, inc_y_r = 1.000000, inc_x_i = 1.000000, inc_y_i = 1.000000
En el else......

----------------------------------------
x = 25.000000, y = 178.000000
avance = -3.000000, avanceR = 2.000000, avanceI = 2.000000
inc_x_r = 0.000000, inc_y_r = 1.000000, inc_x_i = 1.000000, inc_y_i = 1.000000
En el else......

----------------------------------------
x = 25.000000, y = 179.000000
avance = -1.000000, avanceR = 2.000000, avanceI = 2.000000
inc_x_r = 0.000000, inc_y_r = 1.000000, inc_x_i = 1.000000, inc_y_i = 1.000000
En el else......

----------------------------------------
x = 25.000000, y = 180.000000
avance = 1.000000, avanceR = 2.000000, avanceI = 2.000000
inc_x_r = 0.000000, inc_y_r = 1.000000, inc_x_i = 1.000000, inc_y_i = 1.000000
avance >= 0

----------------------------------------
x = 26.000000, y = 181.000000
avance = -499.000000, avanceR = 2.000000, avanceI = 2.000000
inc_x_r = 0.000000, inc_y_r = 1.000000, inc_x_i = 1.000000, inc_y_i = 1.000000
En el else......

----------------------------------------
x = 26.000000, y = 182.000000
avance = -497.000000, avanceR = 2.000000, avanceI = 2.000000
inc_x_r = 0.000000, inc_y_r = 1.000000, inc_x_i = 1.000000, inc_y_i = 1.000000
En el else......

----------------------------------------
x = 26.000000, y = 183.000000
avance = -495.000000, avanceR = 2.000000, avanceI = 2.000000
inc_x_r = 0.000000, inc_y_r = 1.000000, inc_x_i = 1.000000, inc_y_i = 1.000000
En el else......

----------------------------------------
x = 26.000000, y = 184.000000
avance = -493.000000, avanceR = 2.000000, avanceI = 2.000000
inc_x_r = 0.000000, inc_y_r = 1.000000, inc_x_i = 1.000000, inc_y_i = 1.000000
En el else......

----------------------------------------
x = 26.000000, y = 185.000000
avance = -491.000000, avanceR = 2.000000, avanceI = 2.000000
inc_x_r = 0.000000, inc_y_r = 1.000000, inc_x_i = 1.000000, inc_y_i = 1.000000
En el else......

----------------------------------------
x = 26.000000, y = 186.000000
avance = -489.000000, avanceR = 2.000000, avanceI = 2.000000
inc_x_r = 0.000000, inc_y_r = 1.000000, inc_x_i = 1.000000, inc_y_i = 1.000000
En el else......

----------------------------------------
x = 26.000000, y = 187.000000
avance = -487.000000, avanceR = 2.000000, avanceI = 2.000000
inc_x_r = 0.000000, inc_y_r = 1.000000, inc_x_i = 1.000000, inc_y_i = 1.000000
En el else......

----------------------------------------
x = 26.000000, y = 188.000000
avance = -485.000000, avanceR = 2.000000, avanceI = 2.000000
inc_x_r = 0.000000, inc_y_r = 1.000000, inc_x_i = 1.000000, inc_y_i = 1.000000
En el else......

----------------------------------------
x = 26.000000, y = 189.000000
avance = -483.000000, avanceR = 2.000000, avanceI = 2.000000
inc_x_r = 0.000000, inc_y_r = 1.000000, inc_x_i = 1.000000, inc_y_i = 1.000000
En el else......

----------------------------------------
x = 26.000000, y = 190.000000
avance = -481.000000, avanceR = 2.000000, avanceI = 2.000000
inc_x_r = 0.000000, inc_y_r = 1.000000, inc_x_i = 1.000000, inc_y_i = 1.000000
En el else......

----------------------------------------
x = 26.000000, y = 191.000000
avance = -479.000000, avanceR = 2.000000, avanceI = 2.000000
inc_x_r = 0.000000, inc_y_r = 1.000000, inc_x_i = 1.000000, inc_y_i = 1.000000
En el else......

----------------------------------------
x = 26.000000, y = 192.000000
avance = -477.000000, avanceR = 2.000000, avanceI = 2.000000
inc_x_r = 0.000000, inc_y_r = 1.000000, inc_x_i = 1.000000, inc_y_i = 1.000000
En el else......

----------------------------------------
x = 26.000000, y = 193.000000
avance = -475.000000, avanceR = 2.000000, avanceI = 2.000000
inc_x_r = 0.000000, inc_y_r = 1.000000, inc_x_i = 1.000000, inc_y_i = 1.000000
En el else......

----------------------------------------
x = 26.000000, y = 194.000000
avance = -473.000000, avanceR = 2.000000, avanceI = 2.000000
inc_x_r = 0.000000, inc_y_r = 1.000000, inc_x_i = 1.000000, inc_y_i = 1.000000
En el else......

----------------------------------------
x = 26.000000, y = 195.000000
avance = -471.000000, avanceR = 2.000000, avanceI = 2.000000
inc_x_r = 0.000000, inc_y_r = 1.000000, inc_x_i = 1.000000, inc_y_i = 1.000000
En el else......

----------------------------------------
x = 26.000000, y = 196.000000
avance = -469.000000, avanceR = 2.000000, avanceI = 2.000000
inc_x_r = 0.000000, inc_y_r = 1.000000, inc_x_i = 1.000000, inc_y_i = 1.000000
En el else......

----------------------------------------
x = 26.000000, y = 197.000000
avance = -467.000000, avanceR = 2.000000, avanceI = 2.000000
inc_x_r = 0.000000, inc_y_r = 1.000000, inc_x_i = 1.000000, inc_y_i = 1.000000
En el else......

----------------------------------------
x = 26.000000, y = 198.000000
avance = -465.000000, avanceR = 2.000000, avanceI = 2.000000
inc_x_r = 0.000000, inc_y_r = 1.000000, inc_x_i = 1.000000, inc_y_i = 1.000000
En el else......

----------------------------------------
x = 26.000000, y = 199.000000
avance = -463.000000, avanceR = 2.000000, avanceI = 2.000000
inc_x_r = 0.000000, inc_y_r = 1.000000, inc_x_i = 1.000000, inc_y_i = 1.000000
En el else......

----------------------------------------
x = 26.000000, y = 200.000000
avance = -461.000000, avanceR = 2.000000, avanceI = 2.000000
inc_x_r = 0.000000, inc_y_r = 1.000000, inc_x_i = 1.000000, inc_y_i = 1.000000
En el else......

----------------------------------------
x = 26.000000, y = 201.000000
avance = -459.000000, avanceR = 2.000000, avanceI = 2.000000
inc_x_r = 0.000000, inc_y_r = 1.000000, inc_x_i = 1.000000, inc_y_i = 1.000000
En el else......

----------------------------------------
x = 26.000000, y = 202.000000
avance = -457.000000, avanceR = 2.000000, avanceI = 2.000000
inc_x_r = 0.000000, inc_y_r = 1.000000, inc_x_i = 1.000000, inc_y_i = 1.000000
En el else......

----------------------------------------
x = 26.000000, y = 203.000000
avance = -455.000000, avanceR = 2.000000, avanceI = 2.000000
inc_x_r = 0.000000, inc_y_r = 1.000000, inc_x_i = 1.000000, inc_y_i = 1.000000
En el else......

----------------------------------------
x = 26.000000, y = 204.000000
avance = -453.000000, avanceR = 2.000000, avanceI = 2.000000
inc_x_r = 0.000000, inc_y_r = 1.000000, inc_x_i = 1.000000, inc_y_i = 1.000000
En el else......

----------------------------------------
x = 26.000000, y = 205.000000
avance = -451.000000, avanceR = 2.000000, avanceI = 2.000000
inc_x_r = 0.000000, inc_y_r = 1.000000, inc_x_i = 1.000000, inc_y_i = 1.000000
En el else......

----------------------------------------
x = 26.000000, y = 206.000000
avance = -449.000000, avanceR = 2.000000, avanceI = 2.000000
inc_x_r = 0.000000, inc_y_r = 1.000000, inc_x_i = 1.000000, inc_y_i = 1.000000
En el else......

----------------------------------------
x = 26.000000, y = 207.000000
avance = -447.000000, avanceR = 2.000000, avanceI = 2.000000
inc_x_r = 0.000000, inc_y_r = 1.000000, inc_x_i = 1.000000, inc_y_i = 1.000000
En el else......

----------------------------------------
x = 26.000000, y = 208.000000
avance = -445.000000, avanceR = 2.000000, avanceI = 2.000000
inc_x_r = 0.000000, inc_y_r = 1.000000, inc_x_i = 1.000000, inc_y_i = 1.000000
En el else......

----------------------------------------
x = 26.000000, y = 209.000000
avance = -443.000000, avanceR = 2.000000, avanceI = 2.000000
inc_x_r = 0.000000, inc_y_r = 1.000000, inc_x_i = 1.000000, inc_y_i = 1.000000
En el else......

----------------------------------------
x = 26.000000, y = 210.000000
avance = -441.000000, avanceR = 2.000000, avanceI = 2.000000
inc_x_r = 0.000000, inc_y_r = 1.000000, inc_x_i = 1.000000, inc_y_i = 1.000000
En el else......

----------------------------------------
x = 26.000000, y = 211.000000
avance = -439.000000, avanceR = 2.000000, avanceI = 2.000000
inc_x_r = 0.000000, inc_y_r = 1.000000, inc_x_i = 1.000000, inc_y_i = 1.000000
En el else......

----------------------------------------
x = 26.000000, y = 212.000000
avance = -437.000000, avanceR = 2.000000, avanceI = 2.000000
inc_x_r = 0.000000, inc_y_r = 1.000000, inc_x_i = 1.000000, inc_y_i = 1.000000
En el else......

----------------------------------------
x = 26.000000, y = 213.000000
avance = -435.000000, avanceR = 2.000000, avanceI = 2.000000
inc_x_r = 0.000000, inc_y_r = 1.000000, inc_x_i = 1.000000, inc_y_i = 1.000000
En el else......

----------------------------------------
x = 26.000000, y = 214.000000
avance = -433.000000, avanceR = 2.000000, avanceI = 2.000000
inc_x_r = 0.000000, inc_y_r = 1.000000, inc_x_i = 1.000000, inc_y_i = 1.000000
En el else......

----------------------------------------
x = 26.000000, y = 215.000000
avance = -431.000000, avanceR = 2.000000, avanceI = 2.000000
inc_x_r = 0.000000, inc_y_r = 1.000000, inc_x_i = 1.000000, inc_y_i = 1.000000
En el else......

----------------------------------------
x = 26.000000, y = 216.000000
avance = -429.000000, avanceR = 2.000000, avanceI = 2.000000
inc_x_r = 0.000000, inc_y_r = 1.000000, inc_x_i = 1.000000, inc_y_i = 1.000000
En el else......

----------------------------------------
x = 26.000000, y = 217.000000
avance = -427.000000, avanceR = 2.000000, avanceI = 2.000000
inc_x_r = 0.000000, inc_y_r = 1.000000, inc_x_i = 1.000000, inc_y_i = 1.000000
En el else......

----------------------------------------
x = 26.000000, y = 218.000000
avance = -425.000000, avanceR = 2.000000, avanceI = 2.000000
inc_x_r = 0.000000, inc_y_r = 1.000000, inc_x_i = 1.000000, inc_y_i = 1.000000
En el else......

----------------------------------------
x = 26.000000, y = 219.000000
avance = -423.000000, avanceR = 2.000000, avanceI = 2.000000
inc_x_r = 0.000000, inc_y_r = 1.000000, inc_x_i = 1.000000, inc_y_i = 1.000000
En el else......

----------------------------------------
x = 26.000000, y = 220.000000
avance = -421.000000, avanceR = 2.000000, avanceI = 2.000000
inc_x_r = 0.000000, inc_y_r = 1.000000, inc_x_i = 1.000000, inc_y_i = 1.000000
En el else......

----------------------------------------
x = 26.000000, y = 221.000000
avance = -419.000000, avanceR = 2.000000, avanceI = 2.000000
inc_x_r = 0.000000, inc_y_r = 1.000000, inc_x_i = 1.000000, inc_y_i = 1.000000
En el else......

----------------------------------------
x = 26.000000, y = 222.000000
avance = -417.000000, avanceR = 2.000000, avanceI = 2.000000
inc_x_r = 0.000000, inc_y_r = 1.000000, inc_x_i = 1.000000, inc_y_i = 1.000000
En el else......

----------------------------------------
x = 26.000000, y = 223.000000
avance = -415.000000, avanceR = 2.000000, avanceI = 2.000000
inc_x_r = 0.000000, inc_y_r = 1.000000, inc_x_i = 1.000000, inc_y_i = 1.000000
En el else......

----------------------------------------
x = 26.000000, y = 224.000000
avance = -413.000000, avanceR = 2.000000, avanceI = 2.000000
inc_x_r = 0.000000, inc_y_r = 1.000000, inc_x_i = 1.000000, inc_y_i = 1.000000
En el else......

----------------------------------------
x = 26.000000, y = 225.000000
avance = -411.000000, avanceR = 2.000000, avanceI = 2.000000
inc_x_r = 0.000000, inc_y_r = 1.000000, inc_x_i = 1.000000, inc_y_i = 1.000000
En el else......

----------------------------------------
x = 26.000000, y = 226.000000
avance = -409.000000, avanceR = 2.000000, avanceI = 2.000000
inc_x_r = 0.000000, inc_y_r = 1.000000, inc_x_i = 1.000000, inc_y_i = 1.000000
En el else......

----------------------------------------
x = 26.000000, y = 227.000000
avance = -407.000000, avanceR = 2.000000, avanceI = 2.000000
inc_x_r = 0.000000, inc_y_r = 1.000000, inc_x_i = 1.000000, inc_y_i = 1.000000
En el else......

----------------------------------------
x = 26.000000, y = 228.000000
avance = -405.000000, avanceR = 2.000000, avanceI = 2.000000
inc_x_r = 0.000000, inc_y_r = 1.000000, inc_x_i = 1.000000, inc_y_i = 1.000000
En el else......

----------------------------------------
x = 26.000000, y = 229.000000
avance = -403.000000, avanceR = 2.000000, avanceI = 2.000000
inc_x_r = 0.000000, inc_y_r = 1.000000, inc_x_i = 1.000000, inc_y_i = 1.000000
En el else......

----------------------------------------
x = 26.000000, y = 230.000000
avance = -401.000000, avanceR = 2.000000, avanceI = 2.000000
inc_x_r = 0.000000, inc_y_r = 1.000000, inc_x_i = 1.000000, inc_y_i = 1.000000
En el else......

----------------------------------------
x = 26.000000, y = 231.000000
avance = -399.000000, avanceR = 2.000000, avanceI = 2.000000
inc_x_r = 0.000000, inc_y_r = 1.000000, inc_x_i = 1.000000, inc_y_i = 1.000000
En el else......

----------------------------------------
x = 26.000000, y = 232.000000
avance = -397.000000, avanceR = 2.000000, avanceI = 2.000000
inc_x_r = 0.000000, inc_y_r = 1.000000, inc_x_i = 1.000000, inc_y_i = 1.000000
En el else......

----------------------------------------
x = 26.000000, y = 233.000000
avance = -395.000000, avanceR = 2.000000, avanceI = 2.000000
inc_x_r = 0.000000, inc_y_r = 1.000000, inc_x_i = 1.000000, inc_y_i = 1.000000
En el else......

----------------------------------------
x = 26.000000, y = 234.000000
avance = -393.000000, avanceR = 2.000000, avanceI = 2.000000
inc_x_r = 0.000000, inc_y_r = 1.000000, inc_x_i = 1.000000, inc_y_i = 1.000000
En el else......

----------------------------------------
x = 26.000000, y = 235.000000
avance = -391.000000, avanceR = 2.000000, avanceI = 2.000000
inc_x_r = 0.000000, inc_y_r = 1.000000, inc_x_i = 1.000000, inc_y_i = 1.000000
En el else......

----------------------------------------
x = 26.000000, y = 236.000000
avance = -389.000000, avanceR = 2.000000, avanceI = 2.000000
inc_x_r = 0.000000, inc_y_r = 1.000000, inc_x_i = 1.000000, inc_y_i = 1.000000
En el else......

----------------------------------------
x = 26.000000, y = 237.000000
avance = -387.000000, avanceR = 2.000000, avanceI = 2.000000
inc_x_r = 0.000000, inc_y_r = 1.000000, inc_x_i = 1.000000, inc_y_i = 1.000000
En el else......

----------------------------------------
x = 26.000000, y = 238.000000
avance = -385.000000, avanceR = 2.000000, avanceI = 2.000000
inc_x_r = 0.000000, inc_y_r = 1.000000, inc_x_i = 1.000000, inc_y_i = 1.000000
En el else......

----------------------------------------
x = 26.000000, y = 239.000000
avance = -383.000000, avanceR = 2.000000, avanceI = 2.000000
inc_x_r = 0.000000, inc_y_r = 1.000000, inc_x_i = 1.000000, inc_y_i = 1.000000
En el else......

----------------------------------------
x = 26.000000, y = 240.000000
avance = -381.000000, avanceR = 2.000000, avanceI = 2.000000
inc_x_r = 0.000000, inc_y_r = 1.000000, inc_x_i = 1.000000, inc_y_i = 1.000000
En el else......

----------------------------------------
x = 26.000000, y = 241.000000
avance = -379.000000, avanceR = 2.000000, avanceI = 2.000000
inc_x_r = 0.000000, inc_y_r = 1.000000, inc_x_i = 1.000000, inc_y_i = 1.000000
En el else......

----------------------------------------
x = 26.000000, y = 242.000000
avance = -377.000000, avanceR = 2.000000, avanceI = 2.000000
inc_x_r = 0.000000, inc_y_r = 1.000000, inc_x_i = 1.000000, inc_y_i = 1.000000
En el else......

----------------------------------------
x = 26.000000, y = 243.000000
avance = -375.000000, avanceR = 2.000000, avanceI = 2.000000
inc_x_r = 0.000000, inc_y_r = 1.000000, inc_x_i = 1.000000, inc_y_i = 1.000000
En el else......

----------------------------------------
x = 26.000000, y = 244.000000
avance = -373.000000, avanceR = 2.000000, avanceI = 2.000000
inc_x_r = 0.000000, inc_y_r = 1.000000, inc_x_i = 1.000000, inc_y_i = 1.000000
En el else......

----------------------------------------
x = 26.000000, y = 245.000000
avance = -371.000000, avanceR = 2.000000, avanceI = 2.000000
inc_x_r = 0.000000, inc_y_r = 1.000000, inc_x_i = 1.000000, inc_y_i = 1.000000
En el else......

----------------------------------------
x = 26.000000, y = 246.000000
avance = -369.000000, avanceR = 2.000000, avanceI = 2.000000
inc_x_r = 0.000000, inc_y_r = 1.000000, inc_x_i = 1.000000, inc_y_i = 1.000000
En el else......

----------------------------------------
x = 26.000000, y = 247.000000
avance = -367.000000, avanceR = 2.000000, avanceI = 2.000000
inc_x_r = 0.000000, inc_y_r = 1.000000, inc_x_i = 1.000000, inc_y_i = 1.000000
En el else......

----------------------------------------
x = 26.000000, y = 248.000000
avance = -365.000000, avanceR = 2.000000, avanceI = 2.000000
inc_x_r = 0.000000, inc_y_r = 1.000000, inc_x_i = 1.000000, inc_y_i = 1.000000
En el else......

----------------------------------------
x = 26.000000, y = 249.000000
avance = -363.000000, avanceR = 2.000000, avanceI = 2.000000
inc_x_r = 0.000000, inc_y_r = 1.000000, inc_x_i = 1.000000, inc_y_i = 1.000000
En el else......

----------------------------------------
x = 26.000000, y = 250.000000
avance = -361.000000, avanceR = 2.000000, avanceI = 2.000000
inc_x_r = 0.000000, inc_y_r = 1.000000, inc_x_i = 1.000000, inc_y_i = 1.000000
En el else......

----------------------------------------
x = 26.000000, y = 251.000000
avance = -359.000000, avanceR = 2.000000, avanceI = 2.000000
inc_x_r = 0.000000, inc_y_r = 1.000000, inc_x_i = 1.000000, inc_y_i = 1.000000
En el else......

----------------------------------------
x = 26.000000, y = 252.000000
avance = -357.000000, avanceR = 2.000000, avanceI = 2.000000
inc_x_r = 0.000000, inc_y_r = 1.000000, inc_x_i = 1.000000, inc_y_i = 1.000000
En el else......

----------------------------------------
x = 26.000000, y = 253.000000
avance = -355.000000, avanceR = 2.000000, avanceI = 2.000000
inc_x_r = 0.000000, inc_y_r = 1.000000, inc_x_i = 1.000000, inc_y_i = 1.000000
En el else......

----------------------------------------
x = 26.000000, y = 254.000000
avance = -353.000000, avanceR = 2.000000, avanceI = 2.000000
inc_x_r = 0.000000, inc_y_r = 1.000000, inc_x_i = 1.000000, inc_y_i = 1.000000
En el else......

----------------------------------------
x = 26.000000, y = 255.000000
avance = -351.000000, avanceR = 2.000000, avanceI = 2.000000
inc_x_r = 0.000000, inc_y_r = 1.000000, inc_x_i = 1.000000, inc_y_i = 1.000000
En el else......

----------------------------------------
x = 26.000000, y = 256.000000
avance = -349.000000, avanceR = 2.000000, avanceI = 2.000000
inc_x_r = 0.000000, inc_y_r = 1.000000, inc_x_i = 1.000000, inc_y_i = 1.000000
En el else......

----------------------------------------
x = 26.000000, y = 257.000000
avance = -347.000000, avanceR = 2.000000, avanceI = 2.000000
inc_x_r = 0.000000, inc_y_r = 1.000000, inc_x_i = 1.000000, inc_y_i = 1.000000
En el else......

----------------------------------------
x = 26.000000, y = 258.000000
avance = -345.000000, avanceR = 2.000000, avanceI = 2.000000
inc_x_r = 0.000000, inc_y_r = 1.000000, inc_x_i = 1.000000, inc_y_i = 1.000000
En el else......

----------------------------------------
x = 26.000000, y = 259.000000
avance = -343.000000, avanceR = 2.000000, avanceI = 2.000000
inc_x_r = 0.000000, inc_y_r = 1.000000, inc_x_i = 1.000000, inc_y_i = 1.000000
En el else......

----------------------------------------
x = 26.000000, y = 260.000000
avance = -341.000000, avanceR = 2.000000, avanceI = 2.000000
inc_x_r = 0.000000, inc_y_r = 1.000000, inc_x_i = 1.000000, inc_y_i = 1.000000
En el else......

----------------------------------------
x = 26.000000, y = 261.000000
avance = -339.000000, avanceR = 2.000000, avanceI = 2.000000
inc_x_r = 0.000000, inc_y_r = 1.000000, inc_x_i = 1.000000, inc_y_i = 1.000000
En el else......

----------------------------------------
x = 26.000000, y = 262.000000
avance = -337.000000, avanceR = 2.000000, avanceI = 2.000000
inc_x_r = 0.000000, inc_y_r = 1.000000, inc_x_i = 1.000000, inc_y_i = 1.000000
En el else......

----------------------------------------
x = 26.000000, y = 263.000000
avance = -335.000000, avanceR = 2.000000, avanceI = 2.000000
inc_x_r = 0.000000, inc_y_r = 1.000000, inc_x_i = 1.000000, inc_y_i = 1.000000
En el else......

----------------------------------------
x = 26.000000, y = 264.000000
avance = -333.000000, avanceR = 2.000000, avanceI = 2.000000
inc_x_r = 0.000000, inc_y_r = 1.000000, inc_x_i = 1.000000, inc_y_i = 1.000000
En el else......

----------------------------------------
x = 26.000000, y = 265.000000
avance = -331.000000, avanceR = 2.000000, avanceI = 2.000000
inc_x_r = 0.000000, inc_y_r = 1.000000, inc_x_i = 1.000000, inc_y_i = 1.000000
En el else......

----------------------------------------
x = 26.000000, y = 266.000000
avance = -329.000000, avanceR = 2.000000, avanceI = 2.000000
inc_x_r = 0.000000, inc_y_r = 1.000000, inc_x_i = 1.000000, inc_y_i = 1.000000
En el else......

----------------------------------------
x = 26.000000, y = 267.000000
avance = -327.000000, avanceR = 2.000000, avanceI = 2.000000
inc_x_r = 0.000000, inc_y_r = 1.000000, inc_x_i = 1.000000, inc_y_i = 1.000000
En el else......

----------------------------------------
x = 26.000000, y = 268.000000
avance = -325.000000, avanceR = 2.000000, avanceI = 2.000000
inc_x_r = 0.000000, inc_y_r = 1.000000, inc_x_i = 1.000000, inc_y_i = 1.000000
En el else......

----------------------------------------
x = 26.000000, y = 269.000000
avance = -323.000000, avanceR = 2.000000, avanceI = 2.000000
inc_x_r = 0.000000, inc_y_r = 1.000000, inc_x_i = 1.000000, inc_y_i = 1.000000
En el else......

----------------------------------------
x = 26.000000, y = 270.000000
avance = -321.000000, avanceR = 2.000000, avanceI = 2.000000
inc_x_r = 0.000000, inc_y_r = 1.000000, inc_x_i = 1.000000, inc_y_i = 1.000000
En el else......

----------------------------------------
x = 26.000000, y = 271.000000
avance = -319.000000, avanceR = 2.000000, avanceI = 2.000000
inc_x_r = 0.000000, inc_y_r = 1.000000, inc_x_i = 1.000000, inc_y_i = 1.000000
En el else......

----------------------------------------
x = 26.000000, y = 272.000000
avance = -317.000000, avanceR = 2.000000, avanceI = 2.000000
inc_x_r = 0.000000, inc_y_r = 1.000000, inc_x_i = 1.000000, inc_y_i = 1.000000
En el else......

----------------------------------------
x = 26.000000, y = 273.000000
avance = -315.000000, avanceR = 2.000000, avanceI = 2.000000
inc_x_r = 0.000000, inc_y_r = 1.000000, inc_x_i = 1.000000, inc_y_i = 1.000000
En el else......

----------------------------------------
x = 26.000000, y = 274.000000
avance = -313.000000, avanceR = 2.000000, avanceI = 2.000000
inc_x_r = 0.000000, inc_y_r = 1.000000, inc_x_i = 1.000000, inc_y_i = 1.000000
En el else......

----------------------------------------
x = 26.000000, y = 275.000000
avance = -311.000000, avanceR = 2.000000, avanceI = 2.000000
inc_x_r = 0.000000, inc_y_r = 1.000000, inc_x_i = 1.000000, inc_y_i = 1.000000
En el else......

----------------------------------------
x = 26.000000, y = 276.000000
avance = -309.000000, avanceR = 2.000000, avanceI = 2.000000
inc_x_r = 0.000000, inc_y_r = 1.000000, inc_x_i = 1.000000, inc_y_i = 1.000000
En el else......

----------------------------------------
x = 26.000000, y = 277.000000
avance = -307.000000, avanceR = 2.000000, avanceI = 2.000000
inc_x_r = 0.000000, inc_y_r = 1.000000, inc_x_i = 1.000000, inc_y_i = 1.000000
En el else......

----------------------------------------
x = 26.000000, y = 278.000000
avance = -305.000000, avanceR = 2.000000, avanceI = 2.000000
inc_x_r = 0.000000, inc_y_r = 1.000000, inc_x_i = 1.000000, inc_y_i = 1.000000
En el else......

----------------------------------------
x = 26.000000, y = 279.000000
avance = -303.000000, avanceR = 2.000000, avanceI = 2.000000
inc_x_r = 0.000000, inc_y_r = 1.000000, inc_x_i = 1.000000, inc_y_i = 1.000000
En el else......

----------------------------------------
x = 26.000000, y = 280.000000
avance = -301.000000, avanceR = 2.000000, avanceI = 2.000000
inc_x_r = 0.000000, inc_y_r = 1.000000, inc_x_i = 1.000000, inc_y_i = 1.000000
En el else......

----------------------------------------
x = 26.000000, y = 281.000000
avance = -299.000000, avanceR = 2.000000, avanceI = 2.000000
inc_x_r = 0.000000, inc_y_r = 1.000000, inc_x_i = 1.000000, inc_y_i = 1.000000
En el else......

----------------------------------------
x = 26.000000, y = 282.000000
avance = -297.000000, avanceR = 2.000000, avanceI = 2.000000
inc_x_r = 0.000000, inc_y_r = 1.000000, inc_x_i = 1.000000, inc_y_i = 1.000000
En el else......

----------------------------------------
x = 26.000000, y = 283.000000
avance = -295.000000, avanceR = 2.000000, avanceI = 2.000000
inc_x_r = 0.000000, inc_y_r = 1.000000, inc_x_i = 1.000000, inc_y_i = 1.000000
En el else......

----------------------------------------
x = 26.000000, y = 284.000000
avance = -293.000000, avanceR = 2.000000, avanceI = 2.000000
inc_x_r = 0.000000, inc_y_r = 1.000000, inc_x_i = 1.000000, inc_y_i = 1.000000
En el else......

----------------------------------------
x = 26.000000, y = 285.000000
avance = -291.000000, avanceR = 2.000000, avanceI = 2.000000
inc_x_r = 0.000000, inc_y_r = 1.000000, inc_x_i = 1.000000, inc_y_i = 1.000000
En el else......

----------------------------------------
x = 26.000000, y = 286.000000
avance = -289.000000, avanceR = 2.000000, avanceI = 2.000000
inc_x_r = 0.000000, inc_y_r = 1.000000, inc_x_i = 1.000000, inc_y_i = 1.000000
En el else......

----------------------------------------
x = 26.000000, y = 287.000000
avance = -287.000000, avanceR = 2.000000, avanceI = 2.000000
inc_x_r = 0.000000, inc_y_r = 1.000000, inc_x_i = 1.000000, inc_y_i = 1.000000
En el else......

----------------------------------------
x = 26.000000, y = 288.000000
avance = -285.000000, avanceR = 2.000000, avanceI = 2.000000
inc_x_r = 0.000000, inc_y_r = 1.000000, inc_x_i = 1.000000, inc_y_i = 1.000000
En el else......

----------------------------------------
x = 26.000000, y = 289.000000
avance = -283.000000, avanceR = 2.000000, avanceI = 2.000000
inc_x_r = 0.000000, inc_y_r = 1.000000, inc_x_i = 1.000000, inc_y_i = 1.000000
En el else......

----------------------------------------
x = 26.000000, y = 290.000000
avance = -281.000000, avanceR = 2.000000, avanceI = 2.000000
inc_x_r = 0.000000, inc_y_r = 1.000000, inc_x_i = 1.000000, inc_y_i = 1.000000
En el else......

----------------------------------------
x = 26.000000, y = 291.000000
avance = -279.000000, avanceR = 2.000000, avanceI = 2.000000
inc_x_r = 0.000000, inc_y_r = 1.000000, inc_x_i = 1.000000, inc_y_i = 1.000000
En el else......

----------------------------------------
x = 26.000000, y = 292.000000
avance = -277.000000, avanceR = 2.000000, avanceI = 2.000000
inc_x_r = 0.000000, inc_y_r = 1.000000, inc_x_i = 1.000000, inc_y_i = 1.000000
En el else......

----------------------------------------
x = 26.000000, y = 293.000000
avance = -275.000000, avanceR = 2.000000, avanceI = 2.000000
inc_x_r = 0.000000, inc_y_r = 1.000000, inc_x_i = 1.000000, inc_y_i = 1.000000
En el else......

----------------------------------------
x = 26.000000, y = 294.000000
avance = -273.000000, avanceR = 2.000000, avanceI = 2.000000
inc_x_r = 0.000000, inc_y_r = 1.000000, inc_x_i = 1.000000, inc_y_i = 1.000000
En el else......

----------------------------------------
x = 26.000000, y = 295.000000
avance = -271.000000, avanceR = 2.000000, avanceI = 2.000000
inc_x_r = 0.000000, inc_y_r = 1.000000, inc_x_i = 1.000000, inc_y_i = 1.000000
En el else......

----------------------------------------
x = 26.000000, y = 296.000000
avance = -269.000000, avanceR = 2.000000, avanceI = 2.000000
inc_x_r = 0.000000, inc_y_r = 1.000000, inc_x_i = 1.000000, inc_y_i = 1.000000
En el else......

----------------------------------------
x = 26.000000, y = 297.000000
avance = -267.000000, avanceR = 2.000000, avanceI = 2.000000
inc_x_r = 0.000000, inc_y_r = 1.000000, inc_x_i = 1.000000, inc_y_i = 1.000000
En el else......

----------------------------------------
x = 26.000000, y = 298.000000
avance = -265.000000, avanceR = 2.000000, avanceI = 2.000000
inc_x_r = 0.000000, inc_y_r = 1.000000, inc_x_i = 1.000000, inc_y_i = 1.000000
En el else......

----------------------------------------
x = 26.000000, y = 299.000000
avance = -263.000000, avanceR = 2.000000, avanceI = 2.000000
inc_x_r = 0.000000, inc_y_r = 1.000000, inc_x_i = 1.000000, inc_y_i = 1.000000
En el else......

----------------------------------------
x = 26.000000, y = 300.000000
avance = -261.000000, avanceR = 2.000000, avanceI = 2.000000
inc_x_r = 0.000000, inc_y_r = 1.000000, inc_x_i = 1.000000, inc_y_i = 1.000000
En el else......

----------------------------------------
x = 26.000000, y = 301.000000
avance = -259.000000, avanceR = 2.000000, avanceI = 2.000000
inc_x_r = 0.000000, inc_y_r = 1.000000, inc_x_i = 1.000000, inc_y_i = 1.000000
En el else......

----------------------------------------
x = 26.000000, y = 302.000000
avance = -257.000000, avanceR = 2.000000, avanceI = 2.000000
inc_x_r = 0.000000, inc_y_r = 1.000000, inc_x_i = 1.000000, inc_y_i = 1.000000
En el else......

----------------------------------------
x = 26.000000, y = 303.000000
avance = -255.000000, avanceR = 2.000000, avanceI = 2.000000
inc_x_r = 0.000000, inc_y_r = 1.000000, inc_x_i = 1.000000, inc_y_i = 1.000000
En el else......

----------------------------------------
x = 26.000000, y = 304.000000
avance = -253.000000, avanceR = 2.000000, avanceI = 2.000000
inc_x_r = 0.000000, inc_y_r = 1.000000, inc_x_i = 1.000000, inc_y_i = 1.000000
En el else......

----------------------------------------
x = 26.000000, y = 305.000000
avance = -251.000000, avanceR = 2.000000, avanceI = 2.000000
inc_x_r = 0.000000, inc_y_r = 1.000000, inc_x_i = 1.000000, inc_y_i = 1.000000
En el else......

----------------------------------------


PLAYER POSITION: x: 2, y: 5
ANGLE_VISION: 269 - 4.692556
pos_y = 30, pos_x = 2. cos(angle) = -0.198321 | 0, sin(angle) = -9.998033 | -9
-->> pos_y = 5, pos_x = 2
ENTRAMOS A BRESENHAMªªªª
x1 = 25.000000 - y1 = 55.000000 || x2 = 26.000000 - y2 = 56.000000
dy = 1.000000, dx = 1.000000
avances inclinados: inc_x_i = 1.000000, inc_y_i = 1.000000
updated: dy = 1.000000, dx = 1.000000
avances rectos: inc_x_r = 1.000000, inc_y_r 0.000000
reupdated: dy = 1.000000, dx = 1.000000
avanceR = 2.000000, avance 1.000000, avanceI 2.000000
----------------------------------------
x = 25.000000, y = 55.000000
avance = 1.000000, avanceR = 2.000000, avanceI = 2.000000
inc_x_r = 1.000000, inc_y_r = 0.000000, inc_x_i = 1.000000, inc_y_i = 1.000000
avance >= 0

----------------------------------------


PLAYER POSITION: x: 2, y: 5
ANGLE_VISION: 268 - 4.675111
pos_y = 5, pos_x = 2. cos(angle) = -0.372692 | 0, sin(angle) = -9.993053 | -9
-->> pos_y = 5, pos_x = 2
ENTRAMOS A BRESENHAMªªªª
x1 = 25.000000 - y1 = 55.000000 || x2 = 26.000000 - y2 = 56.000000
dy = 1.000000, dx = 1.000000
avances inclinados: inc_x_i = 1.000000, inc_y_i = 1.000000
updated: dy = 1.000000, dx = 1.000000
avances rectos: inc_x_r = 1.000000, inc_y_r 0.000000
reupdated: dy = 1.000000, dx = 1.000000
avanceR = 2.000000, avance 1.000000, avanceI 2.000000
----------------------------------------
x = 25.000000, y = 55.000000
avance = 1.000000, avanceR = 2.000000, avanceI = 2.000000
inc_x_r = 1.000000, inc_y_r = 0.000000, inc_x_i = 1.000000, inc_y_i = 1.000000
avance >= 0

----------------------------------------


PLAYER POSITION: x: 2, y: 5
ANGLE_VISION: 267 - 4.657667
pos_y = 5, pos_x = 2. cos(angle) = -0.546950 | 0, sin(angle) = -9.985031 | -9
-->> pos_y = 5, pos_x = 2
ENTRAMOS A BRESENHAMªªªª
x1 = 25.000000 - y1 = 55.000000 || x2 = 26.000000 - y2 = 56.000000
dy = 1.000000, dx = 1.000000
avances inclinados: inc_x_i = 1.000000, inc_y_i = 1.000000
updated: dy = 1.000000, dx = 1.000000
avances rectos: inc_x_r = 1.000000, inc_y_r 0.000000
reupdated: dy = 1.000000, dx = 1.000000
avanceR = 2.000000, avance 1.000000, avanceI 2.000000
----------------------------------------
x = 25.000000, y = 55.000000
avance = 1.000000, avanceR = 2.000000, avanceI = 2.000000
inc_x_r = 1.000000, inc_y_r = 0.000000, inc_x_i = 1.000000, inc_y_i = 1.000000
avance >= 0

----------------------------------------


PLAYER POSITION: x: 2, y: 5
ANGLE_VISION: 266 - 4.640222
pos_y = 5, pos_x = 2. cos(angle) = -0.721041 | 0, sin(angle) = -9.973971 | -9
-->> pos_y = 5, pos_x = 2
ENTRAMOS A BRESENHAMªªªª
x1 = 25.000000 - y1 = 55.000000 || x2 = 26.000000 - y2 = 56.000000
dy = 1.000000, dx = 1.000000
avances inclinados: inc_x_i = 1.000000, inc_y_i = 1.000000
updated: dy = 1.000000, dx = 1.000000
avances rectos: inc_x_r = 1.000000, inc_y_r 0.000000
reupdated: dy = 1.000000, dx = 1.000000
avanceR = 2.000000, avance 1.000000, avanceI 2.000000
----------------------------------------
x = 25.000000, y = 55.000000
avance = 1.000000, avanceR = 2.000000, avanceI = 2.000000
inc_x_r = 1.000000, inc_y_r = 0.000000, inc_x_i = 1.000000, inc_y_i = 1.000000
avance >= 0

----------------------------------------


PLAYER POSITION: x: 2, y: 5
ANGLE_VISION: 265 - 4.622778
pos_y = 5, pos_x = 2. cos(angle) = -0.894913 | 0, sin(angle) = -9.959876 | -9
-->> pos_y = 5, pos_x = 2
ENTRAMOS A BRESENHAMªªªª
x1 = 25.000000 - y1 = 55.000000 || x2 = 26.000000 - y2 = 56.000000
dy = 1.000000, dx = 1.000000
avances inclinados: inc_x_i = 1.000000, inc_y_i = 1.000000
updated: dy = 1.000000, dx = 1.000000
avances rectos: inc_x_r = 1.000000, inc_y_r 0.000000
reupdated: dy = 1.000000, dx = 1.000000
avanceR = 2.000000, avance 1.000000, avanceI 2.000000
----------------------------------------
x = 25.000000, y = 55.000000
avance = 1.000000, avanceR = 2.000000, avanceI = 2.000000
inc_x_r = 1.000000, inc_y_r = 0.000000, inc_x_i = 1.000000, inc_y_i = 1.000000
avance >= 0

----------------------------------------


PLAYER POSITION: x: 2, y: 5
ANGLE_VISION: 264 - 4.605333
pos_y = 5, pos_x = 2. cos(angle) = -1.068513 | -1, sin(angle) = -9.942750 | -9
-->> pos_y = 5, pos_x = 2
ENTRAMOS A BRESENHAMªªªª
x1 = 25.000000 - y1 = 55.000000 || x2 = 26.000000 - y2 = 56.000000
dy = 1.000000, dx = 1.000000
avances inclinados: inc_x_i = 1.000000, inc_y_i = 1.000000
updated: dy = 1.000000, dx = 1.000000
avances rectos: inc_x_r = 1.000000, inc_y_r 0.000000
reupdated: dy = 1.000000, dx = 1.000000
avanceR = 2.000000, avance 1.000000, avanceI 2.000000
----------------------------------------
x = 25.000000, y = 55.000000
avance = 1.000000, avanceR = 2.000000, avanceI = 2.000000
inc_x_r = 1.000000, inc_y_r = 0.000000, inc_x_i = 1.000000, inc_y_i = 1.000000
avance >= 0

----------------------------------------


ENTRAMOS A BRESENHAMªªªª
x1 = 25.000000 - y1 = 55.000000 || x2 = 26.000000 - y2 = 56.000000
dy = 1.000000, dx = 1.000000
avances inclinados: inc_x_i = 1.000000, inc_y_i = 1.000000
updated: dy = 1.000000, dx = 1.000000
avances rectos: inc_x_r = 1.000000, inc_y_r 0.000000
reupdated: dy = 1.000000, dx = 1.000000
avanceR = 2.000000, avance 1.000000, avanceI 2.000000
----------------------------------------
x = 25.000000, y = 55.000000
avance = 1.000000, avanceR = 2.000000, avanceI = 2.000000
inc_x_r = 1.000000, inc_y_r = 0.000000, inc_x_i = 1.000000, inc_y_i = 1.000000
avance >= 0

----------------------------------------


ENTRAMOS A BRESENHAMªªªª
x1 = 25.000000 - y1 = 55.000000 || x2 = 26.000000 - y2 = 56.000000
dy = 1.000000, dx = 1.000000
avances inclinados: inc_x_i = 1.000000, inc_y_i = 1.000000
updated: dy = 1.000000, dx = 1.000000
avances rectos: inc_x_r = 1.000000, inc_y_r 0.000000
reupdated: dy = 1.000000, dx = 1.000000
avanceR = 2.000000, avance 1.000000, avanceI 2.000000
----------------------------------------
x = 25.000000, y = 55.000000
avance = 1.000000, avanceR = 2.000000, avanceI = 2.000000
inc_x_r = 1.000000, inc_y_r = 0.000000, inc_x_i = 1.000000, inc_y_i = 1.000000
avance >= 0

----------------------------------------


ENTRAMOS A BRESENHAMªªªª
x1 = 25.000000 - y1 = 55.000000 || x2 = 26.000000 - y2 = 56.000000
dy = 1.000000, dx = 1.000000
avances inclinados: inc_x_i = 1.000000, inc_y_i = 1.000000
updated: dy = 1.000000, dx = 1.000000
avances rectos: inc_x_r = 1.000000, inc_y_r 0.000000
reupdated: dy = 1.000000, dx = 1.000000
avanceR = 2.000000, avance 1.000000, avanceI 2.000000
----------------------------------------
x = 25.000000, y = 55.000000
avance = 1.000000, avanceR = 2.000000, avanceI = 2.000000
inc_x_r = 1.000000, inc_y_r = 0.000000, inc_x_i = 1.000000, inc_y_i = 1.000000
avance >= 0

----------------------------------------


ENTRAMOS A BRESENHAMªªªª
x1 = 25.000000 - y1 = 55.000000 || x2 = 26.000000 - y2 = 56.000000
dy = 1.000000, dx = 1.000000
avances inclinados: inc_x_i = 1.000000, inc_y_i = 1.000000
updated: dy = 1.000000, dx = 1.000000
avances rectos: inc_x_r = 1.000000, inc_y_r 0.000000
reupdated: dy = 1.000000, dx = 1.000000
avanceR = 2.000000, avance 1.000000, avanceI 2.000000
----------------------------------------
x = 25.000000, y = 55.000000
avance = 1.000000, avanceR = 2.000000, avanceI = 2.000000
inc_x_r = 1.000000, inc_y_r = 0.000000, inc_x_i = 1.000000, inc_y_i = 1.000000
avance >= 0

----------------------------------------


ENTRAMOS A BRESENHAMªªªª
x1 = 25.000000 - y1 = 55.000000 || x2 = 26.000000 - y2 = 56.000000
dy = 1.000000, dx = 1.000000
avances inclinados: inc_x_i = 1.000000, inc_y_i = 1.000000
updated: dy = 1.000000, dx = 1.000000
avances rectos: inc_x_r = 1.000000, inc_y_r 0.000000
reupdated: dy = 1.000000, dx = 1.000000
avanceR = 2.000000, avance 1.000000, avanceI 2.000000
----------------------------------------
x = 25.000000, y = 55.000000
avance = 1.000000, avanceR = 2.000000, avanceI = 2.000000
inc_x_r = 1.000000, inc_y_r = 0.000000, inc_x_i = 1.000000, inc_y_i = 1.000000
avance >= 0

----------------------------------------


ENTRAMOS A BRESENHAMªªªª
x1 = 25.000000 - y1 = 55.000000 || x2 = 26.000000 - y2 = 56.000000
dy = 1.000000, dx = 1.000000
avances inclinados: inc_x_i = 1.000000, inc_y_i = 1.000000
updated: dy = 1.000000, dx = 1.000000
avances rectos: inc_x_r = 1.000000, inc_y_r 0.000000
reupdated: dy = 1.000000, dx = 1.000000
avanceR = 2.000000, avance 1.000000, avanceI 2.000000
----------------------------------------
x = 25.000000, y = 55.000000
avance = 1.000000, avanceR = 2.000000, avanceI = 2.000000
inc_x_r = 1.000000, inc_y_r = 0.000000, inc_x_i = 1.000000, inc_y_i = 1.000000
avance >= 0

----------------------------------------


ENTRAMOS A BRESENHAMªªªª
x1 = 25.000000 - y1 = 55.000000 || x2 = 26.000000 - y2 = 56.000000
dy = 1.000000, dx = 1.000000
avances inclinados: inc_x_i = 1.000000, inc_y_i = 1.000000
updated: dy = 1.000000, dx = 1.000000
avances rectos: inc_x_r = 1.000000, inc_y_r 0.000000
reupdated: dy = 1.000000, dx = 1.000000
avanceR = 2.000000, avance 1.000000, avanceI 2.000000
----------------------------------------
x = 25.000000, y = 55.000000
avance = 1.000000, avanceR = 2.000000, avanceI = 2.000000
inc_x_r = 1.000000, inc_y_r = 0.000000, inc_x_i = 1.000000, inc_y_i = 1.000000
avance >= 0

----------------------------------------


ENTRAMOS A BRESENHAMªªªª
x1 = 25.000000 - y1 = 55.000000 || x2 = 26.000000 - y2 = 56.000000
dy = 1.000000, dx = 1.000000
avances inclinados: inc_x_i = 1.000000, inc_y_i = 1.000000
updated: dy = 1.000000, dx = 1.000000
avances rectos: inc_x_r = 1.000000, inc_y_r 0.000000
reupdated: dy = 1.000000, dx = 1.000000
avanceR = 2.000000, avance 1.000000, avanceI 2.000000
----------------------------------------
x = 25.000000, y = 55.000000
avance = 1.000000, avanceR = 2.000000, avanceI = 2.000000
inc_x_r = 1.000000, inc_y_r = 0.000000, inc_x_i = 1.000000, inc_y_i = 1.000000
avance >= 0

----------------------------------------


ENTRAMOS A BRESENHAMªªªª
x1 = 25.000000 - y1 = 55.000000 || x2 = 26.000000 - y2 = 56.000000
dy = 1.000000, dx = 1.000000
avances inclinados: inc_x_i = 1.000000, inc_y_i = 1.000000
updated: dy = 1.000000, dx = 1.000000
avances rectos: inc_x_r = 1.000000, inc_y_r 0.000000
reupdated: dy = 1.000000, dx = 1.000000
avanceR = 2.000000, avance 1.000000, avanceI 2.000000
----------------------------------------
x = 25.000000, y = 55.000000
avance = 1.000000, avanceR = 2.000000, avanceI = 2.000000
inc_x_r = 1.000000, inc_y_r = 0.000000, inc_x_i = 1.000000, inc_y_i = 1.000000
avance >= 0

----------------------------------------


ENTRAMOS A BRESENHAMªªªª
x1 = 25.000000 - y1 = 55.000000 || x2 = 26.000000 - y2 = 56.000000
dy = 1.000000, dx = 1.000000
avances inclinados: inc_x_i = 1.000000, inc_y_i = 1.000000
updated: dy = 1.000000, dx = 1.000000
avances rectos: inc_x_r = 1.000000, inc_y_r 0.000000
reupdated: dy = 1.000000, dx = 1.000000
avanceR = 2.000000, avance 1.000000, avanceI 2.000000
----------------------------------------
x = 25.000000, y = 55.000000
avance = 1.000000, avanceR = 2.000000, avanceI = 2.000000
inc_x_r = 1.000000, inc_y_r = 0.000000, inc_x_i = 1.000000, inc_y_i = 1.000000
avance >= 0

----------------------------------------


ENTRAMOS A BRESENHAMªªªª
x1 = 25.000000 - y1 = 55.000000 || x2 = 26.000000 - y2 = 56.000000
dy = 1.000000, dx = 1.000000
avances inclinados: inc_x_i = 1.000000, inc_y_i = 1.000000
updated: dy = 1.000000, dx = 1.000000
avances rectos: inc_x_r = 1.000000, inc_y_r 0.000000
reupdated: dy = 1.000000, dx = 1.000000
avanceR = 2.000000, avance 1.000000, avanceI 2.000000
----------------------------------------
x = 25.000000, y = 55.000000
avance = 1.000000, avanceR = 2.000000, avanceI = 2.000000
inc_x_r = 1.000000, inc_y_r = 0.000000, inc_x_i = 1.000000, inc_y_i = 1.000000
avance >= 0

----------------------------------------


ENTRAMOS A BRESENHAMªªªª
x1 = 25.000000 - y1 = 55.000000 || x2 = 26.000000 - y2 = 56.000000
dy = 1.000000, dx = 1.000000
avances inclinados: inc_x_i = 1.000000, inc_y_i = 1.000000
updated: dy = 1.000000, dx = 1.000000
avances rectos: inc_x_r = 1.000000, inc_y_r 0.000000
reupdated: dy = 1.000000, dx = 1.000000
avanceR = 2.000000, avance 1.000000, avanceI 2.000000
----------------------------------------
x = 25.000000, y = 55.000000
avance = 1.000000, avanceR = 2.000000, avanceI = 2.000000
inc_x_r = 1.000000, inc_y_r = 0.000000, inc_x_i = 1.000000, inc_y_i = 1.000000
avance >= 0

----------------------------------------


ENTRAMOS A BRESENHAMªªªª
x1 = 25.000000 - y1 = 55.000000 || x2 = 26.000000 - y2 = 56.000000
dy = 1.000000, dx = 1.000000
avances inclinados: inc_x_i = 1.000000, inc_y_i = 1.000000
updated: dy = 1.000000, dx = 1.000000
avances rectos: inc_x_r = 1.000000, inc_y_r 0.000000
reupdated: dy = 1.000000, dx = 1.000000
avanceR = 2.000000, avance 1.000000, avanceI 2.000000
----------------------------------------
x = 25.000000, y = 55.000000
avance = 1.000000, avanceR = 2.000000, avanceI = 2.000000
inc_x_r = 1.000000, inc_y_r = 0.000000, inc_x_i = 1.000000, inc_y_i = 1.000000
avance >= 0

----------------------------------------


ENTRAMOS A BRESENHAMªªªª
x1 = 25.000000 - y1 = 55.000000 || x2 = 26.000000 - y2 = 56.000000
dy = 1.000000, dx = 1.000000
avances inclinados: inc_x_i = 1.000000, inc_y_i = 1.000000
updated: dy = 1.000000, dx = 1.000000
avances rectos: inc_x_r = 1.000000, inc_y_r 0.000000
reupdated: dy = 1.000000, dx = 1.000000
avanceR = 2.000000, avance 1.000000, avanceI 2.000000
----------------------------------------
x = 25.000000, y = 55.000000
avance = 1.000000, avanceR = 2.000000, avanceI = 2.000000
inc_x_r = 1.000000, inc_y_r = 0.000000, inc_x_i = 1.000000, inc_y_i = 1.000000
avance >= 0

----------------------------------------


ENTRAMOS A BRESENHAMªªªª
x1 = 25.000000 - y1 = 55.000000 || x2 = 26.000000 - y2 = 56.000000
dy = 1.000000, dx = 1.000000
avances inclinados: inc_x_i = 1.000000, inc_y_i = 1.000000
updated: dy = 1.000000, dx = 1.000000
avances rectos: inc_x_r = 1.000000, inc_y_r 0.000000
reupdated: dy = 1.000000, dx = 1.000000
avanceR = 2.000000, avance 1.000000, avanceI 2.000000
----------------------------------------
x = 25.000000, y = 55.000000
avance = 1.000000, avanceR = 2.000000, avanceI = 2.000000
inc_x_r = 1.000000, inc_y_r = 0.000000, inc_x_i = 1.000000, inc_y_i = 1.000000
avance >= 0

----------------------------------------


ENTRAMOS A BRESENHAMªªªª
x1 = 25.000000 - y1 = 55.000000 || x2 = 26.000000 - y2 = 56.000000
dy = 1.000000, dx = 1.000000
avances inclinados: inc_x_i = 1.000000, inc_y_i = 1.000000
updated: dy = 1.000000, dx = 1.000000
avances rectos: inc_x_r = 1.000000, inc_y_r 0.000000
reupdated: dy = 1.000000, dx = 1.000000
avanceR = 2.000000, avance 1.000000, avanceI 2.000000
----------------------------------------
x = 25.000000, y = 55.000000
avance = 1.000000, avanceR = 2.000000, avanceI = 2.000000
inc_x_r = 1.000000, inc_y_r = 0.000000, inc_x_i = 1.000000, inc_y_i = 1.000000
avance >= 0

----------------------------------------


ENTRAMOS A BRESENHAMªªªª
x1 = 25.000000 - y1 = 55.000000 || x2 = 26.000000 - y2 = 56.000000
dy = 1.000000, dx = 1.000000
avances inclinados: inc_x_i = 1.000000, inc_y_i = 1.000000
updated: dy = 1.000000, dx = 1.000000
avances rectos: inc_x_r = 1.000000, inc_y_r 0.000000
reupdated: dy = 1.000000, dx = 1.000000
avanceR = 2.000000, avance 1.000000, avanceI 2.000000
----------------------------------------
x = 25.000000, y = 55.000000
avance = 1.000000, avanceR = 2.000000, avanceI = 2.000000
inc_x_r = 1.000000, inc_y_r = 0.000000, inc_x_i = 1.000000, inc_y_i = 1.000000
avance >= 0

----------------------------------------


ENTRAMOS A BRESENHAMªªªª
x1 = 25.000000 - y1 = 55.000000 || x2 = 26.000000 - y2 = 56.000000
dy = 1.000000, dx = 1.000000
avances inclinados: inc_x_i = 1.000000, inc_y_i = 1.000000
updated: dy = 1.000000, dx = 1.000000
avances rectos: inc_x_r = 1.000000, inc_y_r 0.000000
reupdated: dy = 1.000000, dx = 1.000000
avanceR = 2.000000, avance 1.000000, avanceI 2.000000
----------------------------------------
x = 25.000000, y = 55.000000
avance = 1.000000, avanceR = 2.000000, avanceI = 2.000000
inc_x_r = 1.000000, inc_y_r = 0.000000, inc_x_i = 1.000000, inc_y_i = 1.000000
avance >= 0

----------------------------------------


ENTRAMOS A BRESENHAMªªªª
x1 = 25.000000 - y1 = 55.000000 || x2 = 26.000000 - y2 = 56.000000
dy = 1.000000, dx = 1.000000
avances inclinados: inc_x_i = 1.000000, inc_y_i = 1.000000
updated: dy = 1.000000, dx = 1.000000
avances rectos: inc_x_r = 1.000000, inc_y_r 0.000000
reupdated: dy = 1.000000, dx = 1.000000
avanceR = 2.000000, avance 1.000000, avanceI 2.000000
----------------------------------------
x = 25.000000, y = 55.000000
avance = 1.000000, avanceR = 2.000000, avanceI = 2.000000
inc_x_r = 1.000000, inc_y_r = 0.000000, inc_x_i = 1.000000, inc_y_i = 1.000000
avance >= 0

----------------------------------------


ENTRAMOS A BRESENHAMªªªª
x1 = 25.000000 - y1 = 55.000000 || x2 = 26.000000 - y2 = 56.000000
dy = 1.000000, dx = 1.000000
avances inclinados: inc_x_i = 1.000000, inc_y_i = 1.000000
updated: dy = 1.000000, dx = 1.000000
avances rectos: inc_x_r = 1.000000, inc_y_r 0.000000
reupdated: dy = 1.000000, dx = 1.000000
avanceR = 2.000000, avance 1.000000, avanceI 2.000000
----------------------------------------
x = 25.000000, y = 55.000000
avance = 1.000000, avanceR = 2.000000, avanceI = 2.000000
inc_x_r = 1.000000, inc_y_r = 0.000000, inc_x_i = 1.000000, inc_y_i = 1.000000
avance >= 0

----------------------------------------


ENTRAMOS A BRESENHAMªªªª
x1 = 25.000000 - y1 = 55.000000 || x2 = 26.000000 - y2 = 56.000000
dy = 1.000000, dx = 1.000000
avances inclinados: inc_x_i = 1.000000, inc_y_i = 1.000000
updated: dy = 1.000000, dx = 1.000000
avances rectos: inc_x_r = 1.000000, inc_y_r 0.000000
reupdated: dy = 1.000000, dx = 1.000000
avanceR = 2.000000, avance 1.000000, avanceI 2.000000
----------------------------------------
x = 25.000000, y = 55.000000
avance = 1.000000, avanceR = 2.000000, avanceI = 2.000000
inc_x_r = 1.000000, inc_y_r = 0.000000, inc_x_i = 1.000000, inc_y_i = 1.000000
avance >= 0

----------------------------------------


ENTRAMOS A BRESENHAMªªªª
x1 = 25.000000 - y1 = 55.000000 || x2 = 26.000000 - y2 = 56.000000
dy = 1.000000, dx = 1.000000
avances inclinados: inc_x_i = 1.000000, inc_y_i = 1.000000
updated: dy = 1.000000, dx = 1.000000
avances rectos: inc_x_r = 1.000000, inc_y_r 0.000000
reupdated: dy = 1.000000, dx = 1.000000
avanceR = 2.000000, avance 1.000000, avanceI 2.000000
----------------------------------------
x = 25.000000, y = 55.000000
avance = 1.000000, avanceR = 2.000000, avanceI = 2.000000
inc_x_r = 1.000000, inc_y_r = 0.000000, inc_x_i = 1.000000, inc_y_i = 1.000000
avance >= 0

----------------------------------------


ENTRAMOS A BRESENHAMªªªª
x1 = 25.000000 - y1 = 55.000000 || x2 = 26.000000 - y2 = 56.000000
dy = 1.000000, dx = 1.000000
avances inclinados: inc_x_i = 1.000000, inc_y_i = 1.000000
updated: dy = 1.000000, dx = 1.000000
avances rectos: inc_x_r = 1.000000, inc_y_r 0.000000
reupdated: dy = 1.000000, dx = 1.000000
avanceR = 2.000000, avance 1.000000, avanceI 2.000000
----------------------------------------
x = 25.000000, y = 55.000000
avance = 1.000000, avanceR = 2.000000, avanceI = 2.000000
inc_x_r = 1.000000, inc_y_r = 0.000000, inc_x_i = 1.000000, inc_y_i = 1.000000
avance >= 0

----------------------------------------


ENTRAMOS A BRESENHAMªªªª
x1 = 25.000000 - y1 = 55.000000 || x2 = 26.000000 - y2 = 56.000000
dy = 1.000000, dx = 1.000000
avances inclinados: inc_x_i = 1.000000, inc_y_i = 1.000000
updated: dy = 1.000000, dx = 1.000000
avances rectos: inc_x_r = 1.000000, inc_y_r 0.000000
reupdated: dy = 1.000000, dx = 1.000000
avanceR = 2.000000, avance 1.000000, avanceI 2.000000
----------------------------------------
x = 25.000000, y = 55.000000
avance = 1.000000, avanceR = 2.000000, avanceI = 2.000000
inc_x_r = 1.000000, inc_y_r = 0.000000, inc_x_i = 1.000000, inc_y_i = 1.000000
avance >= 0

----------------------------------------


ENTRAMOS A BRESENHAMªªªª
x1 = 25.000000 - y1 = 55.000000 || x2 = 26.000000 - y2 = 56.000000
dy = 1.000000, dx = 1.000000
avances inclinados: inc_x_i = 1.000000, inc_y_i = 1.000000
updated: dy = 1.000000, dx = 1.000000
avances rectos: inc_x_r = 1.000000, inc_y_r 0.000000
reupdated: dy = 1.000000, dx = 1.000000
avanceR = 2.000000, avance 1.000000, avanceI 2.000000
----------------------------------------
x = 25.000000, y = 55.000000
avance = 1.000000, avanceR = 2.000000, avanceI = 2.000000
inc_x_r = 1.000000, inc_y_r = 0.000000, inc_x_i = 1.000000, inc_y_i = 1.000000
avance >= 0

----------------------------------------


ENTRAMOS A BRESENHAMªªªª
x1 = 25.000000 - y1 = 55.000000 || x2 = 26.000000 - y2 = 56.000000
dy = 1.000000, dx = 1.000000
avances inclinados: inc_x_i = 1.000000, inc_y_i = 1.000000
updated: dy = 1.000000, dx = 1.000000
avances rectos: inc_x_r = 1.000000, inc_y_r 0.000000
reupdated: dy = 1.000000, dx = 1.000000
avanceR = 2.000000, avance 1.000000, avanceI 2.000000
----------------------------------------
x = 25.000000, y = 55.000000
avance = 1.000000, avanceR = 2.000000, avanceI = 2.000000
inc_x_r = 1.000000, inc_y_r = 0.000000, inc_x_i = 1.000000, inc_y_i = 1.000000
avance >= 0

----------------------------------------


ENTRAMOS A BRESENHAMªªªª
x1 = 25.000000 - y1 = 55.000000 || x2 = 26.000000 - y2 = 56.000000
dy = 1.000000, dx = 1.000000
avances inclinados: inc_x_i = 1.000000, inc_y_i = 1.000000
updated: dy = 1.000000, dx = 1.000000
avances rectos: inc_x_r = 1.000000, inc_y_r 0.000000
reupdated: dy = 1.000000, dx = 1.000000
avanceR = 2.000000, avance 1.000000, avanceI 2.000000
----------------------------------------
x = 25.000000, y = 55.000000
avance = 1.000000, avanceR = 2.000000, avanceI = 2.000000
inc_x_r = 1.000000, inc_y_r = 0.000000, inc_x_i = 1.000000, inc_y_i = 1.000000
avance >= 0

----------------------------------------


ENTRAMOS A BRESENHAMªªªª
x1 = 25.000000 - y1 = 55.000000 || x2 = 26.000000 - y2 = 56.000000
dy = 1.000000, dx = 1.000000
avances inclinados: inc_x_i = 1.000000, inc_y_i = 1.000000
updated: dy = 1.000000, dx = 1.000000
avances rectos: inc_x_r = 1.000000, inc_y_r 0.000000
reupdated: dy = 1.000000, dx = 1.000000
avanceR = 2.000000, avance 1.000000, avanceI 2.000000
----------------------------------------
x = 25.000000, y = 55.000000
avance = 1.000000, avanceR = 2.000000, avanceI = 2.000000
inc_x_r = 1.000000, inc_y_r = 0.000000, inc_x_i = 1.000000, inc_y_i = 1.000000
avance >= 0

----------------------------------------


ENTRAMOS A BRESENHAMªªªª
x1 = 25.000000 - y1 = 55.000000 || x2 = 26.000000 - y2 = 56.000000
dy = 1.000000, dx = 1.000000
avances inclinados: inc_x_i = 1.000000, inc_y_i = 1.000000
updated: dy = 1.000000, dx = 1.000000
avances rectos: inc_x_r = 1.000000, inc_y_r 0.000000
reupdated: dy = 1.000000, dx = 1.000000
avanceR = 2.000000, avance 1.000000, avanceI 2.000000
----------------------------------------
x = 25.000000, y = 55.000000
avance = 1.000000, avanceR = 2.000000, avanceI = 2.000000
inc_x_r = 1.000000, inc_y_r = 0.000000, inc_x_i = 1.000000, inc_y_i = 1.000000
avance >= 0

----------------------------------------


ENTRAMOS A BRESENHAMªªªª
x1 = 25.000000 - y1 = 55.000000 || x2 = 26.000000 - y2 = 56.000000
dy = 1.000000, dx = 1.000000
avances inclinados: inc_x_i = 1.000000, inc_y_i = 1.000000
updated: dy = 1.000000, dx = 1.000000
avances rectos: inc_x_r = 1.000000, inc_y_r 0.000000
reupdated: dy = 1.000000, dx = 1.000000
avanceR = 2.000000, avance 1.000000, avanceI 2.000000
----------------------------------------
x = 25.000000, y = 55.000000
avance = 1.000000, avanceR = 2.000000, avanceI = 2.000000
inc_x_r = 1.000000, inc_y_r = 0.000000, inc_x_i = 1.000000, inc_y_i = 1.000000
avance >= 0

----------------------------------------


ENTRAMOS A BRESENHAMªªªª
x1 = 25.000000 - y1 = 55.000000 || x2 = 26.000000 - y2 = 56.000000
dy = 1.000000, dx = 1.000000
avances inclinados: inc_x_i = 1.000000, inc_y_i = 1.000000
updated: dy = 1.000000, dx = 1.000000
avances rectos: inc_x_r = 1.000000, inc_y_r 0.000000
reupdated: dy = 1.000000, dx = 1.000000
avanceR = 2.000000, avance 1.000000, avanceI 2.000000
----------------------------------------
x = 25.000000, y = 55.000000
avance = 1.000000, avanceR = 2.000000, avanceI = 2.000000
inc_x_r = 1.000000, inc_y_r = 0.000000, inc_x_i = 1.000000, inc_y_i = 1.000000
avance >= 0

----------------------------------------


ENTRAMOS A BRESENHAMªªªª
x1 = 25.000000 - y1 = 55.000000 || x2 = 26.000000 - y2 = 56.000000
dy = 1.000000, dx = 1.000000
avances inclinados: inc_x_i = 1.000000, inc_y_i = 1.000000
updated: dy = 1.000000, dx = 1.000000
avances rectos: inc_x_r = 1.000000, inc_y_r 0.000000
reupdated: dy = 1.000000, dx = 1.000000
avanceR = 2.000000, avance 1.000000, avanceI 2.000000
----------------------------------------
x = 25.000000, y = 55.000000
avance = 1.000000, avanceR = 2.000000, avanceI = 2.000000
inc_x_r = 1.000000, inc_y_r = 0.000000, inc_x_i = 1.000000, inc_y_i = 1.000000
avance >= 0

----------------------------------------


ENTRAMOS A BRESENHAMªªªª
x1 = 25.000000 - y1 = 55.000000 || x2 = 26.000000 - y2 = 56.000000
dy = 1.000000, dx = 1.000000
avances inclinados: inc_x_i = 1.000000, inc_y_i = 1.000000
updated: dy = 1.000000, dx = 1.000000
avances rectos: inc_x_r = 1.000000, inc_y_r 0.000000
reupdated: dy = 1.000000, dx = 1.000000
avanceR = 2.000000, avance 1.000000, avanceI 2.000000
----------------------------------------
x = 25.000000, y = 55.000000
avance = 1.000000, avanceR = 2.000000, avanceI = 2.000000
inc_x_r = 1.000000, inc_y_r = 0.000000, inc_x_i = 1.000000, inc_y_i = 1.000000
avance >= 0

----------------------------------------


ENTRAMOS A BRESENHAMªªªª
x1 = 25.000000 - y1 = 55.000000 || x2 = 26.000000 - y2 = 56.000000
dy = 1.000000, dx = 1.000000
avances inclinados: inc_x_i = 1.000000, inc_y_i = 1.000000
updated: dy = 1.000000, dx = 1.000000
avances rectos: inc_x_r = 1.000000, inc_y_r 0.000000
reupdated: dy = 1.000000, dx = 1.000000
avanceR = 2.000000, avance 1.000000, avanceI 2.000000
----------------------------------------
x = 25.000000, y = 55.000000
avance = 1.000000, avanceR = 2.000000, avanceI = 2.000000
inc_x_r = 1.000000, inc_y_r = 0.000000, inc_x_i = 1.000000, inc_y_i = 1.000000
avance >= 0

----------------------------------------


ENTRAMOS A BRESENHAMªªªª
x1 = 25.000000 - y1 = 55.000000 || x2 = 26.000000 - y2 = 56.000000
dy = 1.000000, dx = 1.000000
avances inclinados: inc_x_i = 1.000000, inc_y_i = 1.000000
updated: dy = 1.000000, dx = 1.000000
avances rectos: inc_x_r = 1.000000, inc_y_r 0.000000
reupdated: dy = 1.000000, dx = 1.000000
avanceR = 2.000000, avance 1.000000, avanceI 2.000000
----------------------------------------
x = 25.000000, y = 55.000000
avance = 1.000000, avanceR = 2.000000, avanceI = 2.000000
inc_x_r = 1.000000, inc_y_r = 0.000000, inc_x_i = 1.000000, inc_y_i = 1.000000
avance >= 0

----------------------------------------


ENTRAMOS A BRESENHAMªªªª
x1 = 25.000000 - y1 = 55.000000 || x2 = 26.000000 - y2 = 56.000000
dy = 1.000000, dx = 1.000000
avances inclinados: inc_x_i = 1.000000, inc_y_i = 1.000000
updated: dy = 1.000000, dx = 1.000000
avances rectos: inc_x_r = 1.000000, inc_y_r 0.000000
reupdated: dy = 1.000000, dx = 1.000000
avanceR = 2.000000, avance 1.000000, avanceI 2.000000
----------------------------------------
x = 25.000000, y = 55.000000
avance = 1.000000, avanceR = 2.000000, avanceI = 2.000000
inc_x_r = 1.000000, inc_y_r = 0.000000, inc_x_i = 1.000000, inc_y_i = 1.000000
avance >= 0

----------------------------------------


ENTRAMOS A BRESENHAMªªªª
x1 = 25.000000 - y1 = 55.000000 || x2 = 26.000000 - y2 = 56.000000
dy = 1.000000, dx = 1.000000
avances inclinados: inc_x_i = 1.000000, inc_y_i = 1.000000
updated: dy = 1.000000, dx = 1.000000
avances rectos: inc_x_r = 1.000000, inc_y_r 0.000000
reupdated: dy = 1.000000, dx = 1.000000
avanceR = 2.000000, avance 1.000000, avanceI 2.000000
----------------------------------------
x = 25.000000, y = 55.000000
avance = 1.000000, avanceR = 2.000000, avanceI = 2.000000
inc_x_r = 1.000000, inc_y_r = 0.000000, inc_x_i = 1.000000, inc_y_i = 1.000000
avance >= 0

----------------------------------------


ENTRAMOS A BRESENHAMªªªª
x1 = 25.000000 - y1 = 55.000000 || x2 = 26.000000 - y2 = 56.000000
dy = 1.000000, dx = 1.000000
avances inclinados: inc_x_i = 1.000000, inc_y_i = 1.000000
updated: dy = 1.000000, dx = 1.000000
avances rectos: inc_x_r = 1.000000, inc_y_r 0.000000
reupdated: dy = 1.000000, dx = 1.000000
avanceR = 2.000000, avance 1.000000, avanceI 2.000000
----------------------------------------
x = 25.000000, y = 55.000000
avance = 1.000000, avanceR = 2.000000, avanceI = 2.000000
inc_x_r = 1.000000, inc_y_r = 0.000000, inc_x_i = 1.000000, inc_y_i = 1.000000
avance >= 0

----------------------------------------


ENTRAMOS A BRESENHAMªªªª
x1 = 25.000000 - y1 = 55.000000 || x2 = 26.000000 - y2 = 56.000000
dy = 1.000000, dx = 1.000000
avances inclinados: inc_x_i = 1.000000, inc_y_i = 1.000000
updated: dy = 1.000000, dx = 1.000000
avances rectos: inc_x_r = 1.000000, inc_y_r 0.000000
reupdated: dy = 1.000000, dx = 1.000000
avanceR = 2.000000, avance 1.000000, avanceI 2.000000
----------------------------------------
x = 25.000000, y = 55.000000
avance = 1.000000, avanceR = 2.000000, avanceI = 2.000000
inc_x_r = 1.000000, inc_y_r = 0.000000, inc_x_i = 1.000000, inc_y_i = 1.000000
avance >= 0

----------------------------------------


ENTRAMOS A BRESENHAMªªªª
x1 = 25.000000 - y1 = 55.000000 || x2 = 26.000000 - y2 = 56.000000
dy = 1.000000, dx = 1.000000
avances inclinados: inc_x_i = 1.000000, inc_y_i = 1.000000
updated: dy = 1.000000, dx = 1.000000
avances rectos: inc_x_r = 1.000000, inc_y_r 0.000000
reupdated: dy = 1.000000, dx = 1.000000
avanceR = 2.000000, avance 1.000000, avanceI 2.000000
----------------------------------------
x = 25.000000, y = 55.000000
avance = 1.000000, avanceR = 2.000000, avanceI = 2.000000
inc_x_r = 1.000000, inc_y_r = 0.000000, inc_x_i = 1.000000, inc_y_i = 1.000000
avance >= 0

----------------------------------------


ENTRAMOS A BRESENHAMªªªª
x1 = 25.000000 - y1 = 55.000000 || x2 = 26.000000 - y2 = 56.000000
dy = 1.000000, dx = 1.000000
avances inclinados: inc_x_i = 1.000000, inc_y_i = 1.000000
updated: dy = 1.000000, dx = 1.000000
avances rectos: inc_x_r = 1.000000, inc_y_r 0.000000
reupdated: dy = 1.000000, dx = 1.000000
avanceR = 2.000000, avance 1.000000, avanceI 2.000000
----------------------------------------
x = 25.000000, y = 55.000000
avance = 1.000000, avanceR = 2.000000, avanceI = 2.000000
inc_x_r = 1.000000, inc_y_r = 0.000000, inc_x_i = 1.000000, inc_y_i = 1.000000
avance >= 0

----------------------------------------


ENTRAMOS A BRESENHAMªªªª
x1 = 25.000000 - y1 = 55.000000 || x2 = 26.000000 - y2 = 56.000000
dy = 1.000000, dx = 1.000000
avances inclinados: inc_x_i = 1.000000, inc_y_i = 1.000000
updated: dy = 1.000000, dx = 1.000000
avances rectos: inc_x_r = 1.000000, inc_y_r 0.000000
reupdated: dy = 1.000000, dx = 1.000000
avanceR = 2.000000, avance 1.000000, avanceI 2.000000
----------------------------------------
x = 25.000000, y = 55.000000
avance = 1.000000, avanceR = 2.000000, avanceI = 2.000000
inc_x_r = 1.000000, inc_y_r = 0.000000, inc_x_i = 1.000000, inc_y_i = 1.000000
avance >= 0

----------------------------------------


ENTRAMOS A BRESENHAMªªªª
x1 = 25.000000 - y1 = 55.000000 || x2 = 26.000000 - y2 = 56.000000
dy = 1.000000, dx = 1.000000
avances inclinados: inc_x_i = 1.000000, inc_y_i = 1.000000
updated: dy = 1.000000, dx = 1.000000
avances rectos: inc_x_r = 1.000000, inc_y_r 0.000000
reupdated: dy = 1.000000, dx = 1.000000
avanceR = 2.000000, avance 1.000000, avanceI 2.000000
----------------------------------------
x = 25.000000, y = 55.000000
avance = 1.000000, avanceR = 2.000000, avanceI = 2.000000
inc_x_r = 1.000000, inc_y_r = 0.000000, inc_x_i = 1.000000, inc_y_i = 1.000000
avance >= 0

----------------------------------------


ENTRAMOS A BRESENHAMªªªª
x1 = 25.000000 - y1 = 55.000000 || x2 = 26.000000 - y2 = 56.000000
dy = 1.000000, dx = 1.000000
avances inclinados: inc_x_i = 1.000000, inc_y_i = 1.000000
updated: dy = 1.000000, dx = 1.000000
avances rectos: inc_x_r = 1.000000, inc_y_r 0.000000
reupdated: dy = 1.000000, dx = 1.000000
avanceR = 2.000000, avance 1.000000, avanceI 2.000000
----------------------------------------
x = 25.000000, y = 55.000000
avance = 1.000000, avanceR = 2.000000, avanceI = 2.000000
inc_x_r = 1.000000, inc_y_r = 0.000000, inc_x_i = 1.000000, inc_y_i = 1.000000
avance >= 0

----------------------------------------


ENTRAMOS A BRESENHAMªªªª
x1 = 25.000000 - y1 = 55.000000 || x2 = 26.000000 - y2 = 56.000000
dy = 1.000000, dx = 1.000000
avances inclinados: inc_x_i = 1.000000, inc_y_i = 1.000000
updated: dy = 1.000000, dx = 1.000000
avances rectos: inc_x_r = 1.000000, inc_y_r 0.000000
reupdated: dy = 1.000000, dx = 1.000000
avanceR = 2.000000, avance 1.000000, avanceI 2.000000
----------------------------------------
x = 25.000000, y = 55.000000
avance = 1.000000, avanceR = 2.000000, avanceI = 2.000000
inc_x_r = 1.000000, inc_y_r = 0.000000, inc_x_i = 1.000000, inc_y_i = 1.000000
avance >= 0

----------------------------------------


ENTRAMOS A BRESENHAMªªªª
x1 = 25.000000 - y1 = 55.000000 || x2 = 26.000000 - y2 = 56.000000
dy = 1.000000, dx = 1.000000
avances inclinados: inc_x_i = 1.000000, inc_y_i = 1.000000
updated: dy = 1.000000, dx = 1.000000
avances rectos: inc_x_r = 1.000000, inc_y_r 0.000000
reupdated: dy = 1.000000, dx = 1.000000
avanceR = 2.000000, avance 1.000000, avanceI 2.000000
----------------------------------------
x = 25.000000, y = 55.000000
avance = 1.000000, avanceR = 2.000000, avanceI = 2.000000
inc_x_r = 1.000000, inc_y_r = 0.000000, inc_x_i = 1.000000, inc_y_i = 1.000000
avance >= 0

----------------------------------------


ENTRAMOS A BRESENHAMªªªª
x1 = 25.000000 - y1 = 55.000000 || x2 = 26.000000 - y2 = 56.000000
dy = 1.000000, dx = 1.000000
avances inclinados: inc_x_i = 1.000000, inc_y_i = 1.000000
updated: dy = 1.000000, dx = 1.000000
avances rectos: inc_x_r = 1.000000, inc_y_r 0.000000
reupdated: dy = 1.000000, dx = 1.000000
avanceR = 2.000000, avance 1.000000, avanceI 2.000000
----------------------------------------
x = 25.000000, y = 55.000000
avance = 1.000000, avanceR = 2.000000, avanceI = 2.000000
inc_x_r = 1.000000, inc_y_r = 0.000000, inc_x_i = 1.000000, inc_y_i = 1.000000
avance >= 0

----------------------------------------


ENTRAMOS A BRESENHAMªªªª
x1 = 25.000000 - y1 = 55.000000 || x2 = 26.000000 - y2 = 56.000000
dy = 1.000000, dx = 1.000000
avances inclinados: inc_x_i = 1.000000, inc_y_i = 1.000000
updated: dy = 1.000000, dx = 1.000000
avances rectos: inc_x_r = 1.000000, inc_y_r 0.000000
reupdated: dy = 1.000000, dx = 1.000000
avanceR = 2.000000, avance 1.000000, avanceI 2.000000
----------------------------------------
x = 25.000000, y = 55.000000
avance = 1.000000, avanceR = 2.000000, avanceI = 2.000000
inc_x_r = 1.000000, inc_y_r = 0.000000, inc_x_i = 1.000000, inc_y_i = 1.000000
avance >= 0

----------------------------------------


ENTRAMOS A BRESENHAMªªªª
x1 = 25.000000 - y1 = 55.000000 || x2 = 26.000000 - y2 = 56.000000
dy = 1.000000, dx = 1.000000
avances inclinados: inc_x_i = 1.000000, inc_y_i = 1.000000
updated: dy = 1.000000, dx = 1.000000
avances rectos: inc_x_r = 1.000000, inc_y_r 0.000000
reupdated: dy = 1.000000, dx = 1.000000
avanceR = 2.000000, avance 1.000000, avanceI 2.000000
----------------------------------------
x = 25.000000, y = 55.000000
avance = 1.000000, avanceR = 2.000000, avanceI = 2.000000
inc_x_r = 1.000000, inc_y_r = 0.000000, inc_x_i = 1.000000, inc_y_i = 1.000000
avance >= 0

----------------------------------------


ENTRAMOS A BRESENHAMªªªª
x1 = 25.000000 - y1 = 55.000000 || x2 = 26.000000 - y2 = 56.000000
dy = 1.000000, dx = 1.000000
avances inclinados: inc_x_i = 1.000000, inc_y_i = 1.000000
updated: dy = 1.000000, dx = 1.000000
avances rectos: inc_x_r = 1.000000, inc_y_r 0.000000
reupdated: dy = 1.000000, dx = 1.000000
avanceR = 2.000000, avance 1.000000, avanceI 2.000000
----------------------------------------
x = 25.000000, y = 55.000000
avance = 1.000000, avanceR = 2.000000, avanceI = 2.000000
inc_x_r = 1.000000, inc_y_r = 0.000000, inc_x_i = 1.000000, inc_y_i = 1.000000
avance >= 0

----------------------------------------


ENTRAMOS A BRESENHAMªªªª
x1 = 25.000000 - y1 = 55.000000 || x2 = 26.000000 - y2 = 56.000000
dy = 1.000000, dx = 1.000000
avances inclinados: inc_x_i = 1.000000, inc_y_i = 1.000000
updated: dy = 1.000000, dx = 1.000000
avances rectos: inc_x_r = 1.000000, inc_y_r 0.000000
reupdated: dy = 1.000000, dx = 1.000000
avanceR = 2.000000, avance 1.000000, avanceI 2.000000
----------------------------------------
x = 25.000000, y = 55.000000
avance = 1.000000, avanceR = 2.000000, avanceI = 2.000000
inc_x_r = 1.000000, inc_y_r = 0.000000, inc_x_i = 1.000000, inc_y_i = 1.000000
avance >= 0

----------------------------------------


ENTRAMOS A BRESENHAMªªªª
x1 = 25.000000 - y1 = 55.000000 || x2 = 26.000000 - y2 = 56.000000
dy = 1.000000, dx = 1.000000
avances inclinados: inc_x_i = 1.000000, inc_y_i = 1.000000
updated: dy = 1.000000, dx = 1.000000
avances rectos: inc_x_r = 1.000000, inc_y_r 0.000000
reupdated: dy = 1.000000, dx = 1.000000
avanceR = 2.000000, avance 1.000000, avanceI 2.000000
----------------------------------------
x = 25.000000, y = 55.000000
avance = 1.000000, avanceR = 2.000000, avanceI = 2.000000
inc_x_r = 1.000000, inc_y_r = 0.000000, inc_x_i = 1.000000, inc_y_i = 1.000000
avance >= 0

----------------------------------------


PLAYER POSITION: x: 2, y: 5
ANGLE_VISION: 263 - 4.587889
pos_y = 5, pos_x = 2. cos(angle) = -1.241787 | -1, sin(angle) = -9.922599 | -9
-->> pos_y = 5, pos_x = 2
ENTRAMOS A BRESENHAMªªªª
x1 = 25.000000 - y1 = 55.000000 || x2 = 26.000000 - y2 = 56.000000
dy = 1.000000, dx = 1.000000
avances inclinados: inc_x_i = 1.000000, inc_y_i = 1.000000
updated: dy = 1.000000, dx = 1.000000
avances rectos: inc_x_r = 1.000000, inc_y_r 0.000000
reupdated: dy = 1.000000, dx = 1.000000
avanceR = 2.000000, avance 1.000000, avanceI 2.000000
----------------------------------------
x = 25.000000, y = 55.000000
avance = 1.000000, avanceR = 2.000000, avanceI = 2.000000
inc_x_r = 1.000000, inc_y_r = 0.000000, inc_x_i = 1.000000, inc_y_i = 1.000000
avance >= 0

----------------------------------------


PLAYER POSITION: x: 2, y: 5
ANGLE_VISION: 262 - 4.570444
pos_y = 5, pos_x = 2. cos(angle) = -1.414684 | -1, sin(angle) = -9.899428 | -9
-->> pos_y = 5, pos_x = 2
ENTRAMOS A BRESENHAMªªªª
x1 = 25.000000 - y1 = 55.000000 || x2 = 26.000000 - y2 = 56.000000
dy = 1.000000, dx = 1.000000
avances inclinados: inc_x_i = 1.000000, inc_y_i = 1.000000
updated: dy = 1.000000, dx = 1.000000
avances rectos: inc_x_r = 1.000000, inc_y_r 0.000000
reupdated: dy = 1.000000, dx = 1.000000
avanceR = 2.000000, avance 1.000000, avanceI 2.000000
----------------------------------------
x = 25.000000, y = 55.000000
avance = 1.000000, avanceR = 2.000000, avanceI = 2.000000
inc_x_r = 1.000000, inc_y_r = 0.000000, inc_x_i = 1.000000, inc_y_i = 1.000000
avance >= 0

----------------------------------------


PLAYER POSITION: x: 2, y: 5
ANGLE_VISION: 261 - 4.553000
pos_y = 5, pos_x = 2. cos(angle) = -1.587150 | -1, sin(angle) = -9.873244 | -9
-->> pos_y = 5, pos_x = 2
ENTRAMOS A BRESENHAMªªªª
x1 = 25.000000 - y1 = 55.000000 || x2 = 26.000000 - y2 = 56.000000
dy = 1.000000, dx = 1.000000
avances inclinados: inc_x_i = 1.000000, inc_y_i = 1.000000
updated: dy = 1.000000, dx = 1.000000
avances rectos: inc_x_r = 1.000000, inc_y_r 0.000000
reupdated: dy = 1.000000, dx = 1.000000
avanceR = 2.000000, avance 1.000000, avanceI 2.000000
----------------------------------------
x = 25.000000, y = 55.000000
avance = 1.000000, avanceR = 2.000000, avanceI = 2.000000
inc_x_r = 1.000000, inc_y_r = 0.000000, inc_x_i = 1.000000, inc_y_i = 1.000000
avance >= 0

----------------------------------------


PLAYER POSITION: x: 2, y: 5
ANGLE_VISION: 260 - 4.535556
pos_y = 5, pos_x = 2. cos(angle) = -1.759133 | -1, sin(angle) = -9.844057 | -9
-->> pos_y = 5, pos_x = 2
ENTRAMOS A BRESENHAMªªªª
x1 = 25.000000 - y1 = 55.000000 || x2 = 26.000000 - y2 = 56.000000
dy = 1.000000, dx = 1.000000
avances inclinados: inc_x_i = 1.000000, inc_y_i = 1.000000
updated: dy = 1.000000, dx = 1.000000
avances rectos: inc_x_r = 1.000000, inc_y_r 0.000000
reupdated: dy = 1.000000, dx = 1.000000
avanceR = 2.000000, avance 1.000000, avanceI 2.000000
----------------------------------------
x = 25.000000, y = 55.000000
avance = 1.000000, avanceR = 2.000000, avanceI = 2.000000
inc_x_r = 1.000000, inc_y_r = 0.000000, inc_x_i = 1.000000, inc_y_i = 1.000000
avance >= 0

----------------------------------------


PLAYER POSITION: x: 2, y: 5
ANGLE_VISION: 259 - 4.518111
pos_y = 5, pos_x = 2. cos(angle) = -1.930580 | -1, sin(angle) = -9.811873 | -9
-->> pos_y = 5, pos_x = 2
ENTRAMOS A BRESENHAMªªªª
x1 = 25.000000 - y1 = 55.000000 || x2 = 26.000000 - y2 = 56.000000
dy = 1.000000, dx = 1.000000
avances inclinados: inc_x_i = 1.000000, inc_y_i = 1.000000
updated: dy = 1.000000, dx = 1.000000
avances rectos: inc_x_r = 1.000000, inc_y_r 0.000000
reupdated: dy = 1.000000, dx = 1.000000
avanceR = 2.000000, avance 1.000000, avanceI 2.000000
----------------------------------------
x = 25.000000, y = 55.000000
avance = 1.000000, avanceR = 2.000000, avanceI = 2.000000
inc_x_r = 1.000000, inc_y_r = 0.000000, inc_x_i = 1.000000, inc_y_i = 1.000000
avance >= 0

----------------------------------------


PLAYER POSITION: x: 2, y: 5
ANGLE_VISION: 258 - 4.500667
pos_y = 5, pos_x = 2. cos(angle) = -2.101441 | -2, sin(angle) = -9.776704 | -9
-->> pos_y = 5, pos_x = 2
ENTRAMOS A BRESENHAMªªªª
x1 = 25.000000 - y1 = 55.000000 || x2 = 26.000000 - y2 = 56.000000
dy = 1.000000, dx = 1.000000
avances inclinados: inc_x_i = 1.000000, inc_y_i = 1.000000
updated: dy = 1.000000, dx = 1.000000
avances rectos: inc_x_r = 1.000000, inc_y_r 0.000000
reupdated: dy = 1.000000, dx = 1.000000
avanceR = 2.000000, avance 1.000000, avanceI 2.000000
----------------------------------------
x = 25.000000, y = 55.000000
avance = 1.000000, avanceR = 2.000000, avanceI = 2.000000
inc_x_r = 1.000000, inc_y_r = 0.000000, inc_x_i = 1.000000, inc_y_i = 1.000000
avance >= 0

----------------------------------------


PLAYER POSITION: x: 2, y: 5
ANGLE_VISION: 257 - 4.483222
pos_y = 5, pos_x = 2. cos(angle) = -2.271661 | -2, sin(angle) = -9.738560 | -9
-->> pos_y = 5, pos_x = 2
ENTRAMOS A BRESENHAMªªªª
x1 = 25.000000 - y1 = 55.000000 || x2 = 26.000000 - y2 = 56.000000
dy = 1.000000, dx = 1.000000
avances inclinados: inc_x_i = 1.000000, inc_y_i = 1.000000
updated: dy = 1.000000, dx = 1.000000
avances rectos: inc_x_r = 1.000000, inc_y_r 0.000000
reupdated: dy = 1.000000, dx = 1.000000
avanceR = 2.000000, avance 1.000000, avanceI 2.000000
----------------------------------------
x = 25.000000, y = 55.000000
avance = 1.000000, avanceR = 2.000000, avanceI = 2.000000
inc_x_r = 1.000000, inc_y_r = 0.000000, inc_x_i = 1.000000, inc_y_i = 1.000000
avance >= 0

----------------------------------------


PLAYER POSITION: x: 2, y: 5
ANGLE_VISION: 256 - 4.465778
pos_y = 5, pos_x = 2. cos(angle) = -2.441191 | -2, sin(angle) = -9.697453 | -9
-->> pos_y = 5, pos_x = 2
ENTRAMOS A BRESENHAMªªªª
x1 = 25.000000 - y1 = 55.000000 || x2 = 26.000000 - y2 = 56.000000
dy = 1.000000, dx = 1.000000
avances inclinados: inc_x_i = 1.000000, inc_y_i = 1.000000
updated: dy = 1.000000, dx = 1.000000
avances rectos: inc_x_r = 1.000000, inc_y_r 0.000000
reupdated: dy = 1.000000, dx = 1.000000
avanceR = 2.000000, avance 1.000000, avanceI 2.000000
----------------------------------------
x = 25.000000, y = 55.000000
avance = 1.000000, avanceR = 2.000000, avanceI = 2.000000
inc_x_r = 1.000000, inc_y_r = 0.000000, inc_x_i = 1.000000, inc_y_i = 1.000000
avance >= 0

----------------------------------------


ENTRAMOS A BRESENHAMªªªª
x1 = 25.000000 - y1 = 55.000000 || x2 = 26.000000 - y2 = 56.000000
dy = 1.000000, dx = 1.000000
avances inclinados: inc_x_i = 1.000000, inc_y_i = 1.000000
updated: dy = 1.000000, dx = 1.000000
avances rectos: inc_x_r = 1.000000, inc_y_r 0.000000
reupdated: dy = 1.000000, dx = 1.000000
avanceR = 2.000000, avance 1.000000, avanceI 2.000000
----------------------------------------
x = 25.000000, y = 55.000000
avance = 1.000000, avanceR = 2.000000, avanceI = 2.000000
inc_x_r = 1.000000, inc_y_r = 0.000000, inc_x_i = 1.000000, inc_y_i = 1.000000
avance >= 0

----------------------------------------


ENTRAMOS A BRESENHAMªªªª
x1 = 25.000000 - y1 = 55.000000 || x2 = 26.000000 - y2 = 56.000000
dy = 1.000000, dx = 1.000000
avances inclinados: inc_x_i = 1.000000, inc_y_i = 1.000000
updated: dy = 1.000000, dx = 1.000000
avances rectos: inc_x_r = 1.000000, inc_y_r 0.000000
reupdated: dy = 1.000000, dx = 1.000000
avanceR = 2.000000, avance 1.000000, avanceI 2.000000
----------------------------------------
x = 25.000000, y = 55.000000
avance = 1.000000, avanceR = 2.000000, avanceI = 2.000000
inc_x_r = 1.000000, inc_y_r = 0.000000, inc_x_i = 1.000000, inc_y_i = 1.000000
avance >= 0

----------------------------------------


ENTRAMOS A BRESENHAMªªªª
x1 = 25.000000 - y1 = 55.000000 || x2 = 26.000000 - y2 = 56.000000
dy = 1.000000, dx = 1.000000
avances inclinados: inc_x_i = 1.000000, inc_y_i = 1.000000
updated: dy = 1.000000, dx = 1.000000
avances rectos: inc_x_r = 1.000000, inc_y_r 0.000000
reupdated: dy = 1.000000, dx = 1.000000
avanceR = 2.000000, avance 1.000000, avanceI 2.000000
----------------------------------------
x = 25.000000, y = 55.000000
avance = 1.000000, avanceR = 2.000000, avanceI = 2.000000
inc_x_r = 1.000000, inc_y_r = 0.000000, inc_x_i = 1.000000, inc_y_i = 1.000000
avance >= 0

----------------------------------------


ENTRAMOS A BRESENHAMªªªª
x1 = 25.000000 - y1 = 55.000000 || x2 = 26.000000 - y2 = 56.000000
dy = 1.000000, dx = 1.000000
avances inclinados: inc_x_i = 1.000000, inc_y_i = 1.000000
updated: dy = 1.000000, dx = 1.000000
avances rectos: inc_x_r = 1.000000, inc_y_r 0.000000
reupdated: dy = 1.000000, dx = 1.000000
avanceR = 2.000000, avance 1.000000, avanceI 2.000000
----------------------------------------
x = 25.000000, y = 55.000000
avance = 1.000000, avanceR = 2.000000, avanceI = 2.000000
inc_x_r = 1.000000, inc_y_r = 0.000000, inc_x_i = 1.000000, inc_y_i = 1.000000
avance >= 0

----------------------------------------


ENTRAMOS A BRESENHAMªªªª
x1 = 25.000000 - y1 = 55.000000 || x2 = 26.000000 - y2 = 56.000000
dy = 1.000000, dx = 1.000000
avances inclinados: inc_x_i = 1.000000, inc_y_i = 1.000000
updated: dy = 1.000000, dx = 1.000000
avances rectos: inc_x_r = 1.000000, inc_y_r 0.000000
reupdated: dy = 1.000000, dx = 1.000000
avanceR = 2.000000, avance 1.000000, avanceI 2.000000
----------------------------------------
x = 25.000000, y = 55.000000
avance = 1.000000, avanceR = 2.000000, avanceI = 2.000000
inc_x_r = 1.000000, inc_y_r = 0.000000, inc_x_i = 1.000000, inc_y_i = 1.000000
avance >= 0

----------------------------------------


ENTRAMOS A BRESENHAMªªªª
x1 = 25.000000 - y1 = 55.000000 || x2 = 26.000000 - y2 = 56.000000
dy = 1.000000, dx = 1.000000
avances inclinados: inc_x_i = 1.000000, inc_y_i = 1.000000
updated: dy = 1.000000, dx = 1.000000
avances rectos: inc_x_r = 1.000000, inc_y_r 0.000000
reupdated: dy = 1.000000, dx = 1.000000
avanceR = 2.000000, avance 1.000000, avanceI 2.000000
----------------------------------------
x = 25.000000, y = 55.000000
avance = 1.000000, avanceR = 2.000000, avanceI = 2.000000
inc_x_r = 1.000000, inc_y_r = 0.000000, inc_x_i = 1.000000, inc_y_i = 1.000000
avance >= 0

----------------------------------------


ENTRAMOS A BRESENHAMªªªª
x1 = 25.000000 - y1 = 55.000000 || x2 = 26.000000 - y2 = 56.000000
dy = 1.000000, dx = 1.000000
avances inclinados: inc_x_i = 1.000000, inc_y_i = 1.000000
updated: dy = 1.000000, dx = 1.000000
avances rectos: inc_x_r = 1.000000, inc_y_r 0.000000
reupdated: dy = 1.000000, dx = 1.000000
avanceR = 2.000000, avance 1.000000, avanceI 2.000000
----------------------------------------
x = 25.000000, y = 55.000000
avance = 1.000000, avanceR = 2.000000, avanceI = 2.000000
inc_x_r = 1.000000, inc_y_r = 0.000000, inc_x_i = 1.000000, inc_y_i = 1.000000
avance >= 0

----------------------------------------


ENTRAMOS A BRESENHAMªªªª
x1 = 25.000000 - y1 = 55.000000 || x2 = 26.000000 - y2 = 56.000000
dy = 1.000000, dx = 1.000000
avances inclinados: inc_x_i = 1.000000, inc_y_i = 1.000000
updated: dy = 1.000000, dx = 1.000000
avances rectos: inc_x_r = 1.000000, inc_y_r 0.000000
reupdated: dy = 1.000000, dx = 1.000000
avanceR = 2.000000, avance 1.000000, avanceI 2.000000
----------------------------------------
x = 25.000000, y = 55.000000
avance = 1.000000, avanceR = 2.000000, avanceI = 2.000000
inc_x_r = 1.000000, inc_y_r = 0.000000, inc_x_i = 1.000000, inc_y_i = 1.000000
avance >= 0

----------------------------------------


ENTRAMOS A BRESENHAMªªªª
x1 = 25.000000 - y1 = 55.000000 || x2 = 26.000000 - y2 = 56.000000
dy = 1.000000, dx = 1.000000
avances inclinados: inc_x_i = 1.000000, inc_y_i = 1.000000
updated: dy = 1.000000, dx = 1.000000
avances rectos: inc_x_r = 1.000000, inc_y_r 0.000000
reupdated: dy = 1.000000, dx = 1.000000
avanceR = 2.000000, avance 1.000000, avanceI 2.000000
----------------------------------------
x = 25.000000, y = 55.000000
avance = 1.000000, avanceR = 2.000000, avanceI = 2.000000
inc_x_r = 1.000000, inc_y_r = 0.000000, inc_x_i = 1.000000, inc_y_i = 1.000000
avance >= 0

----------------------------------------


ENTRAMOS A BRESENHAMªªªª
x1 = 25.000000 - y1 = 55.000000 || x2 = 26.000000 - y2 = 56.000000
dy = 1.000000, dx = 1.000000
avances inclinados: inc_x_i = 1.000000, inc_y_i = 1.000000
updated: dy = 1.000000, dx = 1.000000
avances rectos: inc_x_r = 1.000000, inc_y_r 0.000000
reupdated: dy = 1.000000, dx = 1.000000
avanceR = 2.000000, avance 1.000000, avanceI 2.000000
----------------------------------------
x = 25.000000, y = 55.000000
avance = 1.000000, avanceR = 2.000000, avanceI = 2.000000
inc_x_r = 1.000000, inc_y_r = 0.000000, inc_x_i = 1.000000, inc_y_i = 1.000000
avance >= 0

----------------------------------------


ENTRAMOS A BRESENHAMªªªª
x1 = 25.000000 - y1 = 55.000000 || x2 = 26.000000 - y2 = 56.000000
dy = 1.000000, dx = 1.000000
avances inclinados: inc_x_i = 1.000000, inc_y_i = 1.000000
updated: dy = 1.000000, dx = 1.000000
avances rectos: inc_x_r = 1.000000, inc_y_r 0.000000
reupdated: dy = 1.000000, dx = 1.000000
avanceR = 2.000000, avance 1.000000, avanceI 2.000000
----------------------------------------
x = 25.000000, y = 55.000000
avance = 1.000000, avanceR = 2.000000, avanceI = 2.000000
inc_x_r = 1.000000, inc_y_r = 0.000000, inc_x_i = 1.000000, inc_y_i = 1.000000
avance >= 0

----------------------------------------


ENTRAMOS A BRESENHAMªªªª
x1 = 25.000000 - y1 = 55.000000 || x2 = 26.000000 - y2 = 56.000000
dy = 1.000000, dx = 1.000000
avances inclinados: inc_x_i = 1.000000, inc_y_i = 1.000000
updated: dy = 1.000000, dx = 1.000000
avances rectos: inc_x_r = 1.000000, inc_y_r 0.000000
reupdated: dy = 1.000000, dx = 1.000000
avanceR = 2.000000, avance 1.000000, avanceI 2.000000
----------------------------------------
x = 25.000000, y = 55.000000
avance = 1.000000, avanceR = 2.000000, avanceI = 2.000000
inc_x_r = 1.000000, inc_y_r = 0.000000, inc_x_i = 1.000000, inc_y_i = 1.000000
avance >= 0

----------------------------------------


ENTRAMOS A BRESENHAMªªªª
x1 = 25.000000 - y1 = 55.000000 || x2 = 26.000000 - y2 = 56.000000
dy = 1.000000, dx = 1.000000
avances inclinados: inc_x_i = 1.000000, inc_y_i = 1.000000
updated: dy = 1.000000, dx = 1.000000
avances rectos: inc_x_r = 1.000000, inc_y_r 0.000000
reupdated: dy = 1.000000, dx = 1.000000
avanceR = 2.000000, avance 1.000000, avanceI 2.000000
----------------------------------------
x = 25.000000, y = 55.000000
avance = 1.000000, avanceR = 2.000000, avanceI = 2.000000
inc_x_r = 1.000000, inc_y_r = 0.000000, inc_x_i = 1.000000, inc_y_i = 1.000000
avance >= 0

----------------------------------------


ENTRAMOS A BRESENHAMªªªª
x1 = 25.000000 - y1 = 55.000000 || x2 = 26.000000 - y2 = 56.000000
dy = 1.000000, dx = 1.000000
avances inclinados: inc_x_i = 1.000000, inc_y_i = 1.000000
updated: dy = 1.000000, dx = 1.000000
avances rectos: inc_x_r = 1.000000, inc_y_r 0.000000
reupdated: dy = 1.000000, dx = 1.000000
avanceR = 2.000000, avance 1.000000, avanceI 2.000000
----------------------------------------
x = 25.000000, y = 55.000000
avance = 1.000000, avanceR = 2.000000, avanceI = 2.000000
inc_x_r = 1.000000, inc_y_r = 0.000000, inc_x_i = 1.000000, inc_y_i = 1.000000
avance >= 0

----------------------------------------


ENTRAMOS A BRESENHAMªªªª
x1 = 25.000000 - y1 = 55.000000 || x2 = 26.000000 - y2 = 56.000000
dy = 1.000000, dx = 1.000000
avances inclinados: inc_x_i = 1.000000, inc_y_i = 1.000000
updated: dy = 1.000000, dx = 1.000000
avances rectos: inc_x_r = 1.000000, inc_y_r 0.000000
reupdated: dy = 1.000000, dx = 1.000000
avanceR = 2.000000, avance 1.000000, avanceI 2.000000
----------------------------------------
x = 25.000000, y = 55.000000
avance = 1.000000, avanceR = 2.000000, avanceI = 2.000000
inc_x_r = 1.000000, inc_y_r = 0.000000, inc_x_i = 1.000000, inc_y_i = 1.000000
avance >= 0

----------------------------------------


ENTRAMOS A BRESENHAMªªªª
x1 = 25.000000 - y1 = 55.000000 || x2 = 26.000000 - y2 = 56.000000
dy = 1.000000, dx = 1.000000
avances inclinados: inc_x_i = 1.000000, inc_y_i = 1.000000
updated: dy = 1.000000, dx = 1.000000
avances rectos: inc_x_r = 1.000000, inc_y_r 0.000000
reupdated: dy = 1.000000, dx = 1.000000
avanceR = 2.000000, avance 1.000000, avanceI 2.000000
----------------------------------------
x = 25.000000, y = 55.000000
avance = 1.000000, avanceR = 2.000000, avanceI = 2.000000
inc_x_r = 1.000000, inc_y_r = 0.000000, inc_x_i = 1.000000, inc_y_i = 1.000000
avance >= 0

----------------------------------------


ENTRAMOS A BRESENHAMªªªª
x1 = 25.000000 - y1 = 55.000000 || x2 = 26.000000 - y2 = 56.000000
dy = 1.000000, dx = 1.000000
avances inclinados: inc_x_i = 1.000000, inc_y_i = 1.000000
updated: dy = 1.000000, dx = 1.000000
avances rectos: inc_x_r = 1.000000, inc_y_r 0.000000
reupdated: dy = 1.000000, dx = 1.000000
avanceR = 2.000000, avance 1.000000, avanceI 2.000000
----------------------------------------
x = 25.000000, y = 55.000000
avance = 1.000000, avanceR = 2.000000, avanceI = 2.000000
inc_x_r = 1.000000, inc_y_r = 0.000000, inc_x_i = 1.000000, inc_y_i = 1.000000
avance >= 0

----------------------------------------


ENTRAMOS A BRESENHAMªªªª
x1 = 25.000000 - y1 = 55.000000 || x2 = 26.000000 - y2 = 56.000000
dy = 1.000000, dx = 1.000000
avances inclinados: inc_x_i = 1.000000, inc_y_i = 1.000000
updated: dy = 1.000000, dx = 1.000000
avances rectos: inc_x_r = 1.000000, inc_y_r 0.000000
reupdated: dy = 1.000000, dx = 1.000000
avanceR = 2.000000, avance 1.000000, avanceI 2.000000
----------------------------------------
x = 25.000000, y = 55.000000
avance = 1.000000, avanceR = 2.000000, avanceI = 2.000000
inc_x_r = 1.000000, inc_y_r = 0.000000, inc_x_i = 1.000000, inc_y_i = 1.000000
avance >= 0

----------------------------------------


ENTRAMOS A BRESENHAMªªªª
x1 = 25.000000 - y1 = 55.000000 || x2 = 26.000000 - y2 = 56.000000
dy = 1.000000, dx = 1.000000
avances inclinados: inc_x_i = 1.000000, inc_y_i = 1.000000
updated: dy = 1.000000, dx = 1.000000
avances rectos: inc_x_r = 1.000000, inc_y_r 0.000000
reupdated: dy = 1.000000, dx = 1.000000
avanceR = 2.000000, avance 1.000000, avanceI 2.000000
----------------------------------------
x = 25.000000, y = 55.000000
avance = 1.000000, avanceR = 2.000000, avanceI = 2.000000
inc_x_r = 1.000000, inc_y_r = 0.000000, inc_x_i = 1.000000, inc_y_i = 1.000000
avance >= 0

----------------------------------------


ENTRAMOS A BRESENHAMªªªª
x1 = 25.000000 - y1 = 55.000000 || x2 = 26.000000 - y2 = 56.000000
dy = 1.000000, dx = 1.000000
avances inclinados: inc_x_i = 1.000000, inc_y_i = 1.000000
updated: dy = 1.000000, dx = 1.000000
avances rectos: inc_x_r = 1.000000, inc_y_r 0.000000
reupdated: dy = 1.000000, dx = 1.000000
avanceR = 2.000000, avance 1.000000, avanceI 2.000000
----------------------------------------
x = 25.000000, y = 55.000000
avance = 1.000000, avanceR = 2.000000, avanceI = 2.000000
inc_x_r = 1.000000, inc_y_r = 0.000000, inc_x_i = 1.000000, inc_y_i = 1.000000
avance >= 0

----------------------------------------


PLAYER POSITION: x: 2, y: 5
ANGLE_VISION: 255 - 4.448333
pos_y = 5, pos_x = 2. cos(angle) = -2.609978 | -2, sin(angle) = -9.653394 | -9
-->> pos_y = 5, pos_x = 2
ENTRAMOS A BRESENHAMªªªª
x1 = 25.000000 - y1 = 55.000000 || x2 = 26.000000 - y2 = 56.000000
dy = 1.000000, dx = 1.000000
avances inclinados: inc_x_i = 1.000000, inc_y_i = 1.000000
updated: dy = 1.000000, dx = 1.000000
avances rectos: inc_x_r = 1.000000, inc_y_r 0.000000
reupdated: dy = 1.000000, dx = 1.000000
avanceR = 2.000000, avance 1.000000, avanceI 2.000000
----------------------------------------
x = 25.000000, y = 55.000000
avance = 1.000000, avanceR = 2.000000, avanceI = 2.000000
inc_x_r = 1.000000, inc_y_r = 0.000000, inc_x_i = 1.000000, inc_y_i = 1.000000
avance >= 0

----------------------------------------


PLAYER POSITION: x: 2, y: 5
ANGLE_VISION: 254 - 4.430889
pos_y = 5, pos_x = 2. cos(angle) = -2.777970 | -2, sin(angle) = -9.606398 | -9
-->> pos_y = 5, pos_x = 2
ENTRAMOS A BRESENHAMªªªª
x1 = 25.000000 - y1 = 55.000000 || x2 = 26.000000 - y2 = 56.000000
dy = 1.000000, dx = 1.000000
avances inclinados: inc_x_i = 1.000000, inc_y_i = 1.000000
updated: dy = 1.000000, dx = 1.000000
avances rectos: inc_x_r = 1.000000, inc_y_r 0.000000
reupdated: dy = 1.000000, dx = 1.000000
avanceR = 2.000000, avance 1.000000, avanceI 2.000000
----------------------------------------
x = 25.000000, y = 55.000000
avance = 1.000000, avanceR = 2.000000, avanceI = 2.000000
inc_x_r = 1.000000, inc_y_r = 0.000000, inc_x_i = 1.000000, inc_y_i = 1.000000
avance >= 0

----------------------------------------


PLAYER POSITION: x: 2, y: 5
ANGLE_VISION: 253 - 4.413444
pos_y = 5, pos_x = 2. cos(angle) = -2.945117 | -2, sin(angle) = -9.556479 | -9
-->> pos_y = 5, pos_x = 2
ENTRAMOS A BRESENHAMªªªª
x1 = 25.000000 - y1 = 55.000000 || x2 = 26.000000 - y2 = 56.000000
dy = 1.000000, dx = 1.000000
avances inclinados: inc_x_i = 1.000000, inc_y_i = 1.000000
updated: dy = 1.000000, dx = 1.000000
avances rectos: inc_x_r = 1.000000, inc_y_r 0.000000
reupdated: dy = 1.000000, dx = 1.000000
avanceR = 2.000000, avance 1.000000, avanceI 2.000000
----------------------------------------
x = 25.000000, y = 55.000000
avance = 1.000000, avanceR = 2.000000, avanceI = 2.000000
inc_x_r = 1.000000, inc_y_r = 0.000000, inc_x_i = 1.000000, inc_y_i = 1.000000
avance >= 0

----------------------------------------


PLAYER POSITION: x: 2, y: 5
ANGLE_VISION: 252 - 4.396000
pos_y = 5, pos_x = 2. cos(angle) = -3.111368 | -3, sin(angle) = -9.503651 | -9
-->> pos_y = 5, pos_x = 2
ENTRAMOS A BRESENHAMªªªª
x1 = 25.000000 - y1 = 55.000000 || x2 = 26.000000 - y2 = 56.000000
dy = 1.000000, dx = 1.000000
avances inclinados: inc_x_i = 1.000000, inc_y_i = 1.000000
updated: dy = 1.000000, dx = 1.000000
avances rectos: inc_x_r = 1.000000, inc_y_r 0.000000
reupdated: dy = 1.000000, dx = 1.000000
avanceR = 2.000000, avance 1.000000, avanceI 2.000000
----------------------------------------
x = 25.000000, y = 55.000000
avance = 1.000000, avanceR = 2.000000, avanceI = 2.000000
inc_x_r = 1.000000, inc_y_r = 0.000000, inc_x_i = 1.000000, inc_y_i = 1.000000
avance >= 0

----------------------------------------


PLAYER POSITION: x: 2, y: 5
ANGLE_VISION: 251 - 4.378556
pos_y = 5, pos_x = 2. cos(angle) = -3.276672 | -3, sin(angle) = -9.447932 | -9
-->> pos_y = 5, pos_x = 2
ENTRAMOS A BRESENHAMªªªª
x1 = 25.000000 - y1 = 55.000000 || x2 = 26.000000 - y2 = 56.000000
dy = 1.000000, dx = 1.000000
avances inclinados: inc_x_i = 1.000000, inc_y_i = 1.000000
updated: dy = 1.000000, dx = 1.000000
avances rectos: inc_x_r = 1.000000, inc_y_r 0.000000
reupdated: dy = 1.000000, dx = 1.000000
avanceR = 2.000000, avance 1.000000, avanceI 2.000000
----------------------------------------
x = 25.000000, y = 55.000000
avance = 1.000000, avanceR = 2.000000, avanceI = 2.000000
inc_x_r = 1.000000, inc_y_r = 0.000000, inc_x_i = 1.000000, inc_y_i = 1.000000
avance >= 0

----------------------------------------


PLAYER POSITION: x: 2, y: 5
ANGLE_VISION: 250 - 4.361111
pos_y = 5, pos_x = 2. cos(angle) = -3.440979 | -3, sin(angle) = -9.389338 | -9
-->> pos_y = 5, pos_x = 2
ENTRAMOS A BRESENHAMªªªª
x1 = 25.000000 - y1 = 55.000000 || x2 = 26.000000 - y2 = 56.000000
dy = 1.000000, dx = 1.000000
avances inclinados: inc_x_i = 1.000000, inc_y_i = 1.000000
updated: dy = 1.000000, dx = 1.000000
avances rectos: inc_x_r = 1.000000, inc_y_r 0.000000
reupdated: dy = 1.000000, dx = 1.000000
avanceR = 2.000000, avance 1.000000, avanceI 2.000000
----------------------------------------
x = 25.000000, y = 55.000000
avance = 1.000000, avanceR = 2.000000, avanceI = 2.000000
inc_x_r = 1.000000, inc_y_r = 0.000000, inc_x_i = 1.000000, inc_y_i = 1.000000
avance >= 0

----------------------------------------


PLAYER POSITION: x: 2, y: 5
ANGLE_VISION: 249 - 4.343667
pos_y = 5, pos_x = 2. cos(angle) = -3.604239 | -3, sin(angle) = -9.327886 | -9
-->> pos_y = 5, pos_x = 2
ENTRAMOS A BRESENHAMªªªª
x1 = 25.000000 - y1 = 55.000000 || x2 = 26.000000 - y2 = 56.000000
dy = 1.000000, dx = 1.000000
avances inclinados: inc_x_i = 1.000000, inc_y_i = 1.000000
updated: dy = 1.000000, dx = 1.000000
avances rectos: inc_x_r = 1.000000, inc_y_r 0.000000
reupdated: dy = 1.000000, dx = 1.000000
avanceR = 2.000000, avance 1.000000, avanceI 2.000000
----------------------------------------
x = 25.000000, y = 55.000000
avance = 1.000000, avanceR = 2.000000, avanceI = 2.000000
inc_x_r = 1.000000, inc_y_r = 0.000000, inc_x_i = 1.000000, inc_y_i = 1.000000
avance >= 0

----------------------------------------


ENTRAMOS A BRESENHAMªªªª
x1 = 25.000000 - y1 = 55.000000 || x2 = 26.000000 - y2 = 56.000000
dy = 1.000000, dx = 1.000000
avances inclinados: inc_x_i = 1.000000, inc_y_i = 1.000000
updated: dy = 1.000000, dx = 1.000000
avances rectos: inc_x_r = 1.000000, inc_y_r 0.000000
reupdated: dy = 1.000000, dx = 1.000000
avanceR = 2.000000, avance 1.000000, avanceI 2.000000
----------------------------------------
x = 25.000000, y = 55.000000
avance = 1.000000, avanceR = 2.000000, avanceI = 2.000000
inc_x_r = 1.000000, inc_y_r = 0.000000, inc_x_i = 1.000000, inc_y_i = 1.000000
avance >= 0

----------------------------------------


ENTRAMOS A BRESENHAMªªªª
x1 = 25.000000 - y1 = 55.000000 || x2 = 26.000000 - y2 = 56.000000
dy = 1.000000, dx = 1.000000
avances inclinados: inc_x_i = 1.000000, inc_y_i = 1.000000
updated: dy = 1.000000, dx = 1.000000
avances rectos: inc_x_r = 1.000000, inc_y_r 0.000000
reupdated: dy = 1.000000, dx = 1.000000
avanceR = 2.000000, avance 1.000000, avanceI 2.000000
----------------------------------------
x = 25.000000, y = 55.000000
avance = 1.000000, avanceR = 2.000000, avanceI = 2.000000
inc_x_r = 1.000000, inc_y_r = 0.000000, inc_x_i = 1.000000, inc_y_i = 1.000000
avance >= 0

----------------------------------------


ENTRAMOS A BRESENHAMªªªª
x1 = 25.000000 - y1 = 55.000000 || x2 = 26.000000 - y2 = 56.000000
dy = 1.000000, dx = 1.000000
avances inclinados: inc_x_i = 1.000000, inc_y_i = 1.000000
updated: dy = 1.000000, dx = 1.000000
avances rectos: inc_x_r = 1.000000, inc_y_r 0.000000
reupdated: dy = 1.000000, dx = 1.000000
avanceR = 2.000000, avance 1.000000, avanceI 2.000000
----------------------------------------
x = 25.000000, y = 55.000000
avance = 1.000000, avanceR = 2.000000, avanceI = 2.000000
inc_x_r = 1.000000, inc_y_r = 0.000000, inc_x_i = 1.000000, inc_y_i = 1.000000
avance >= 0

----------------------------------------


ENTRAMOS A BRESENHAMªªªª
x1 = 25.000000 - y1 = 55.000000 || x2 = 26.000000 - y2 = 56.000000
dy = 1.000000, dx = 1.000000
avances inclinados: inc_x_i = 1.000000, inc_y_i = 1.000000
updated: dy = 1.000000, dx = 1.000000
avances rectos: inc_x_r = 1.000000, inc_y_r 0.000000
reupdated: dy = 1.000000, dx = 1.000000
avanceR = 2.000000, avance 1.000000, avanceI 2.000000
----------------------------------------
x = 25.000000, y = 55.000000
avance = 1.000000, avanceR = 2.000000, avanceI = 2.000000
inc_x_r = 1.000000, inc_y_r = 0.000000, inc_x_i = 1.000000, inc_y_i = 1.000000
avance >= 0

----------------------------------------


ENTRAMOS A BRESENHAMªªªª
x1 = 25.000000 - y1 = 55.000000 || x2 = 26.000000 - y2 = 56.000000
dy = 1.000000, dx = 1.000000
avances inclinados: inc_x_i = 1.000000, inc_y_i = 1.000000
updated: dy = 1.000000, dx = 1.000000
avances rectos: inc_x_r = 1.000000, inc_y_r 0.000000
reupdated: dy = 1.000000, dx = 1.000000
avanceR = 2.000000, avance 1.000000, avanceI 2.000000
----------------------------------------
x = 25.000000, y = 55.000000
avance = 1.000000, avanceR = 2.000000, avanceI = 2.000000
inc_x_r = 1.000000, inc_y_r = 0.000000, inc_x_i = 1.000000, inc_y_i = 1.000000
avance >= 0

----------------------------------------


ENTRAMOS A BRESENHAMªªªª
x1 = 25.000000 - y1 = 55.000000 || x2 = 26.000000 - y2 = 56.000000
dy = 1.000000, dx = 1.000000
avances inclinados: inc_x_i = 1.000000, inc_y_i = 1.000000
updated: dy = 1.000000, dx = 1.000000
avances rectos: inc_x_r = 1.000000, inc_y_r 0.000000
reupdated: dy = 1.000000, dx = 1.000000
avanceR = 2.000000, avance 1.000000, avanceI 2.000000
----------------------------------------
x = 25.000000, y = 55.000000
avance = 1.000000, avanceR = 2.000000, avanceI = 2.000000
inc_x_r = 1.000000, inc_y_r = 0.000000, inc_x_i = 1.000000, inc_y_i = 1.000000
avance >= 0

----------------------------------------


PLAYER POSITION: x: 2, y: 5
ANGLE_VISION: 248 - 4.326222
pos_y = 5, pos_x = 2. cos(angle) = -3.766402 | -3, sin(angle) = -9.263596 | -9
-->> pos_y = 5, pos_x = 2
ENTRAMOS A BRESENHAMªªªª
x1 = 25.000000 - y1 = 55.000000 || x2 = 26.000000 - y2 = 56.000000
dy = 1.000000, dx = 1.000000
avances inclinados: inc_x_i = 1.000000, inc_y_i = 1.000000
updated: dy = 1.000000, dx = 1.000000
avances rectos: inc_x_r = 1.000000, inc_y_r 0.000000
reupdated: dy = 1.000000, dx = 1.000000
avanceR = 2.000000, avance 1.000000, avanceI 2.000000
----------------------------------------
x = 25.000000, y = 55.000000
avance = 1.000000, avanceR = 2.000000, avanceI = 2.000000
inc_x_r = 1.000000, inc_y_r = 0.000000, inc_x_i = 1.000000, inc_y_i = 1.000000
avance >= 0

----------------------------------------


PLAYER POSITION: x: 2, y: 5
ANGLE_VISION: 247 - 4.308778
pos_y = 5, pos_x = 2. cos(angle) = -3.927419 | -3, sin(angle) = -9.196487 | -9
-->> pos_y = 5, pos_x = 2
ENTRAMOS A BRESENHAMªªªª
x1 = 25.000000 - y1 = 55.000000 || x2 = 26.000000 - y2 = 56.000000
dy = 1.000000, dx = 1.000000
avances inclinados: inc_x_i = 1.000000, inc_y_i = 1.000000
updated: dy = 1.000000, dx = 1.000000
avances rectos: inc_x_r = 1.000000, inc_y_r 0.000000
reupdated: dy = 1.000000, dx = 1.000000
avanceR = 2.000000, avance 1.000000, avanceI 2.000000
----------------------------------------
x = 25.000000, y = 55.000000
avance = 1.000000, avanceR = 2.000000, avanceI = 2.000000
inc_x_r = 1.000000, inc_y_r = 0.000000, inc_x_i = 1.000000, inc_y_i = 1.000000
avance >= 0

----------------------------------------


PLAYER POSITION: x: 2, y: 5
ANGLE_VISION: 246 - 4.291333
pos_y = 5, pos_x = 2. cos(angle) = -4.087241 | -4, sin(angle) = -9.126580 | -9
-->> pos_y = 5, pos_x = 2
ENTRAMOS A BRESENHAMªªªª
x1 = 25.000000 - y1 = 55.000000 || x2 = 26.000000 - y2 = 56.000000
dy = 1.000000, dx = 1.000000
avances inclinados: inc_x_i = 1.000000, inc_y_i = 1.000000
updated: dy = 1.000000, dx = 1.000000
avances rectos: inc_x_r = 1.000000, inc_y_r 0.000000
reupdated: dy = 1.000000, dx = 1.000000
avanceR = 2.000000, avance 1.000000, avanceI 2.000000
----------------------------------------
x = 25.000000, y = 55.000000
avance = 1.000000, avanceR = 2.000000, avanceI = 2.000000
inc_x_r = 1.000000, inc_y_r = 0.000000, inc_x_i = 1.000000, inc_y_i = 1.000000
avance >= 0

----------------------------------------


PLAYER POSITION: x: 2, y: 5
ANGLE_VISION: 245 - 4.273889
pos_y = 5, pos_x = 2. cos(angle) = -4.245819 | -4, sin(angle) = -9.053895 | -9
-->> pos_y = 5, pos_x = 2
ENTRAMOS A BRESENHAMªªªª
x1 = 25.000000 - y1 = 55.000000 || x2 = 26.000000 - y2 = 56.000000
dy = 1.000000, dx = 1.000000
avances inclinados: inc_x_i = 1.000000, inc_y_i = 1.000000
updated: dy = 1.000000, dx = 1.000000
avances rectos: inc_x_r = 1.000000, inc_y_r 0.000000
reupdated: dy = 1.000000, dx = 1.000000
avanceR = 2.000000, avance 1.000000, avanceI 2.000000
----------------------------------------
x = 25.000000, y = 55.000000
avance = 1.000000, avanceR = 2.000000, avanceI = 2.000000
inc_x_r = 1.000000, inc_y_r = 0.000000, inc_x_i = 1.000000, inc_y_i = 1.000000
avance >= 0

----------------------------------------


PLAYER POSITION: x: 2, y: 5
ANGLE_VISION: 244 - 4.256444
pos_y = 5, pos_x = 2. cos(angle) = -4.403106 | -4, sin(angle) = -8.978455 | -8
-->> pos_y = 5, pos_x = 2
ENTRAMOS A BRESENHAMªªªª
x1 = 25.000000 - y1 = 55.000000 || x2 = 26.000000 - y2 = 56.000000
dy = 1.000000, dx = 1.000000
avances inclinados: inc_x_i = 1.000000, inc_y_i = 1.000000
updated: dy = 1.000000, dx = 1.000000
avances rectos: inc_x_r = 1.000000, inc_y_r 0.000000
reupdated: dy = 1.000000, dx = 1.000000
avanceR = 2.000000, avance 1.000000, avanceI 2.000000
----------------------------------------
x = 25.000000, y = 55.000000
avance = 1.000000, avanceR = 2.000000, avanceI = 2.000000
inc_x_r = 1.000000, inc_y_r = 0.000000, inc_x_i = 1.000000, inc_y_i = 1.000000
avance >= 0

----------------------------------------


PLAYER POSITION: x: 2, y: 5
ANGLE_VISION: 243 - 4.239000
pos_y = 5, pos_x = 2. cos(angle) = -4.559052 | -4, sin(angle) = -8.900283 | -8
-->> pos_y = 5, pos_x = 2
ENTRAMOS A BRESENHAMªªªª
x1 = 25.000000 - y1 = 55.000000 || x2 = 26.000000 - y2 = 56.000000
dy = 1.000000, dx = 1.000000
avances inclinados: inc_x_i = 1.000000, inc_y_i = 1.000000
updated: dy = 1.000000, dx = 1.000000
avances rectos: inc_x_r = 1.000000, inc_y_r 0.000000
reupdated: dy = 1.000000, dx = 1.000000
avanceR = 2.000000, avance 1.000000, avanceI 2.000000
----------------------------------------
x = 25.000000, y = 55.000000
avance = 1.000000, avanceR = 2.000000, avanceI = 2.000000
inc_x_r = 1.000000, inc_y_r = 0.000000, inc_x_i = 1.000000, inc_y_i = 1.000000
avance >= 0

----------------------------------------


ENTRAMOS A BRESENHAMªªªª
x1 = 25.000000 - y1 = 55.000000 || x2 = 26.000000 - y2 = 56.000000
dy = 1.000000, dx = 1.000000
avances inclinados: inc_x_i = 1.000000, inc_y_i = 1.000000
updated: dy = 1.000000, dx = 1.000000
avances rectos: inc_x_r = 1.000000, inc_y_r 0.000000
reupdated: dy = 1.000000, dx = 1.000000
avanceR = 2.000000, avance 1.000000, avanceI 2.000000
----------------------------------------
x = 25.000000, y = 55.000000
avance = 1.000000, avanceR = 2.000000, avanceI = 2.000000
inc_x_r = 1.000000, inc_y_r = 0.000000, inc_x_i = 1.000000, inc_y_i = 1.000000
avance >= 0

----------------------------------------


ENTRAMOS A BRESENHAMªªªª
x1 = 25.000000 - y1 = 55.000000 || x2 = 26.000000 - y2 = 56.000000
dy = 1.000000, dx = 1.000000
avances inclinados: inc_x_i = 1.000000, inc_y_i = 1.000000
updated: dy = 1.000000, dx = 1.000000
avances rectos: inc_x_r = 1.000000, inc_y_r 0.000000
reupdated: dy = 1.000000, dx = 1.000000
avanceR = 2.000000, avance 1.000000, avanceI 2.000000
----------------------------------------
x = 25.000000, y = 55.000000
avance = 1.000000, avanceR = 2.000000, avanceI = 2.000000
inc_x_r = 1.000000, inc_y_r = 0.000000, inc_x_i = 1.000000, inc_y_i = 1.000000
avance >= 0

----------------------------------------


ENTRAMOS A BRESENHAMªªªª
x1 = 25.000000 - y1 = 55.000000 || x2 = 26.000000 - y2 = 56.000000
dy = 1.000000, dx = 1.000000
avances inclinados: inc_x_i = 1.000000, inc_y_i = 1.000000
updated: dy = 1.000000, dx = 1.000000
avances rectos: inc_x_r = 1.000000, inc_y_r 0.000000
reupdated: dy = 1.000000, dx = 1.000000
avanceR = 2.000000, avance 1.000000, avanceI 2.000000
----------------------------------------
x = 25.000000, y = 55.000000
avance = 1.000000, avanceR = 2.000000, avanceI = 2.000000
inc_x_r = 1.000000, inc_y_r = 0.000000, inc_x_i = 1.000000, inc_y_i = 1.000000
avance >= 0

----------------------------------------


ENTRAMOS A BRESENHAMªªªª
x1 = 25.000000 - y1 = 55.000000 || x2 = 26.000000 - y2 = 56.000000
dy = 1.000000, dx = 1.000000
avances inclinados: inc_x_i = 1.000000, inc_y_i = 1.000000
updated: dy = 1.000000, dx = 1.000000
avances rectos: inc_x_r = 1.000000, inc_y_r 0.000000
reupdated: dy = 1.000000, dx = 1.000000
avanceR = 2.000000, avance 1.000000, avanceI 2.000000
----------------------------------------
x = 25.000000, y = 55.000000
avance = 1.000000, avanceR = 2.000000, avanceI = 2.000000
inc_x_r = 1.000000, inc_y_r = 0.000000, inc_x_i = 1.000000, inc_y_i = 1.000000
avance >= 0

----------------------------------------


ENTRAMOS A BRESENHAMªªªª
x1 = 25.000000 - y1 = 55.000000 || x2 = 26.000000 - y2 = 56.000000
dy = 1.000000, dx = 1.000000
avances inclinados: inc_x_i = 1.000000, inc_y_i = 1.000000
updated: dy = 1.000000, dx = 1.000000
avances rectos: inc_x_r = 1.000000, inc_y_r 0.000000
reupdated: dy = 1.000000, dx = 1.000000
avanceR = 2.000000, avance 1.000000, avanceI 2.000000
----------------------------------------
x = 25.000000, y = 55.000000
avance = 1.000000, avanceR = 2.000000, avanceI = 2.000000
inc_x_r = 1.000000, inc_y_r = 0.000000, inc_x_i = 1.000000, inc_y_i = 1.000000
avance >= 0

----------------------------------------


ENTRAMOS A BRESENHAMªªªª
x1 = 25.000000 - y1 = 55.000000 || x2 = 26.000000 - y2 = 56.000000
dy = 1.000000, dx = 1.000000
avances inclinados: inc_x_i = 1.000000, inc_y_i = 1.000000
updated: dy = 1.000000, dx = 1.000000
avances rectos: inc_x_r = 1.000000, inc_y_r 0.000000
reupdated: dy = 1.000000, dx = 1.000000
avanceR = 2.000000, avance 1.000000, avanceI 2.000000
----------------------------------------
x = 25.000000, y = 55.000000
avance = 1.000000, avanceR = 2.000000, avanceI = 2.000000
inc_x_r = 1.000000, inc_y_r = 0.000000, inc_x_i = 1.000000, inc_y_i = 1.000000
avance >= 0

----------------------------------------


PLAYER POSITION: x: 2, y: 5
ANGLE_VISION: 242 - 4.221556
pos_y = 5, pos_x = 2. cos(angle) = -4.713611 | -4, sin(angle) = -8.819403 | -8
-->> pos_y = 5, pos_x = 2
ENTRAMOS A BRESENHAMªªªª
x1 = 25.000000 - y1 = 55.000000 || x2 = 26.000000 - y2 = 56.000000
dy = 1.000000, dx = 1.000000
avances inclinados: inc_x_i = 1.000000, inc_y_i = 1.000000
updated: dy = 1.000000, dx = 1.000000
avances rectos: inc_x_r = 1.000000, inc_y_r 0.000000
reupdated: dy = 1.000000, dx = 1.000000
avanceR = 2.000000, avance 1.000000, avanceI 2.000000
----------------------------------------
x = 25.000000, y = 55.000000
avance = 1.000000, avanceR = 2.000000, avanceI = 2.000000
inc_x_r = 1.000000, inc_y_r = 0.000000, inc_x_i = 1.000000, inc_y_i = 1.000000
avance >= 0

----------------------------------------


PLAYER POSITION: x: 2, y: 5
ANGLE_VISION: 241 - 4.204111
pos_y = 5, pos_x = 2. cos(angle) = -4.866735 | -4, sin(angle) = -8.735839 | -8
-->> pos_y = 5, pos_x = 2
ENTRAMOS A BRESENHAMªªªª
x1 = 25.000000 - y1 = 55.000000 || x2 = 26.000000 - y2 = 56.000000
dy = 1.000000, dx = 1.000000
avances inclinados: inc_x_i = 1.000000, inc_y_i = 1.000000
updated: dy = 1.000000, dx = 1.000000
avances rectos: inc_x_r = 1.000000, inc_y_r 0.000000
reupdated: dy = 1.000000, dx = 1.000000
avanceR = 2.000000, avance 1.000000, avanceI 2.000000
----------------------------------------
x = 25.000000, y = 55.000000
avance = 1.000000, avanceR = 2.000000, avanceI = 2.000000
inc_x_r = 1.000000, inc_y_r = 0.000000, inc_x_i = 1.000000, inc_y_i = 1.000000
avance >= 0

----------------------------------------


PLAYER POSITION: x: 2, y: 5
ANGLE_VISION: 240 - 4.186667
pos_y = 5, pos_x = 2. cos(angle) = -5.018379 | -5, sin(angle) = -8.649617 | -8
-->> pos_y = 5, pos_x = 2
ENTRAMOS A BRESENHAMªªªª
x1 = 25.000000 - y1 = 55.000000 || x2 = 26.000000 - y2 = 56.000000
dy = 1.000000, dx = 1.000000
avances inclinados: inc_x_i = 1.000000, inc_y_i = 1.000000
updated: dy = 1.000000, dx = 1.000000
avances rectos: inc_x_r = 1.000000, inc_y_r 0.000000
reupdated: dy = 1.000000, dx = 1.000000
avanceR = 2.000000, avance 1.000000, avanceI 2.000000
----------------------------------------
x = 25.000000, y = 55.000000
avance = 1.000000, avanceR = 2.000000, avanceI = 2.000000
inc_x_r = 1.000000, inc_y_r = 0.000000, inc_x_i = 1.000000, inc_y_i = 1.000000
avance >= 0

----------------------------------------


PLAYER POSITION: x: 2, y: 5
ANGLE_VISION: 239 - 4.169222
pos_y = 5, pos_x = 2. cos(angle) = -5.168496 | -5, sin(angle) = -8.560762 | -8
-->> pos_y = 5, pos_x = 2
ENTRAMOS A BRESENHAMªªªª
x1 = 25.000000 - y1 = 55.000000 || x2 = 26.000000 - y2 = 56.000000
dy = 1.000000, dx = 1.000000
avances inclinados: inc_x_i = 1.000000, inc_y_i = 1.000000
updated: dy = 1.000000, dx = 1.000000
avances rectos: inc_x_r = 1.000000, inc_y_r 0.000000
reupdated: dy = 1.000000, dx = 1.000000
avanceR = 2.000000, avance 1.000000, avanceI 2.000000
----------------------------------------
x = 25.000000, y = 55.000000
avance = 1.000000, avanceR = 2.000000, avanceI = 2.000000
inc_x_r = 1.000000, inc_y_r = 0.000000, inc_x_i = 1.000000, inc_y_i = 1.000000
avance >= 0

----------------------------------------


PLAYER POSITION: x: 2, y: 5
ANGLE_VISION: 238 - 4.151778
pos_y = 5, pos_x = 2. cos(angle) = -5.317039 | -5, sin(angle) = -8.469303 | -8
-->> pos_y = 5, pos_x = 2
ENTRAMOS A BRESENHAMªªªª
x1 = 25.000000 - y1 = 55.000000 || x2 = 26.000000 - y2 = 56.000000
dy = 1.000000, dx = 1.000000
avances inclinados: inc_x_i = 1.000000, inc_y_i = 1.000000
updated: dy = 1.000000, dx = 1.000000
avances rectos: inc_x_r = 1.000000, inc_y_r 0.000000
reupdated: dy = 1.000000, dx = 1.000000
avanceR = 2.000000, avance 1.000000, avanceI 2.000000
----------------------------------------
x = 25.000000, y = 55.000000
avance = 1.000000, avanceR = 2.000000, avanceI = 2.000000
inc_x_r = 1.000000, inc_y_r = 0.000000, inc_x_i = 1.000000, inc_y_i = 1.000000
avance >= 0

----------------------------------------


PLAYER POSITION: x: 2, y: 5
ANGLE_VISION: 237 - 4.134333
pos_y = 5, pos_x = 2. cos(angle) = -5.463965 | -5, sin(angle) = -8.375266 | -8
-->> pos_y = 5, pos_x = 2
ENTRAMOS A BRESENHAMªªªª
x1 = 25.000000 - y1 = 55.000000 || x2 = 26.000000 - y2 = 56.000000
dy = 1.000000, dx = 1.000000
avances inclinados: inc_x_i = 1.000000, inc_y_i = 1.000000
updated: dy = 1.000000, dx = 1.000000
avances rectos: inc_x_r = 1.000000, inc_y_r 0.000000
reupdated: dy = 1.000000, dx = 1.000000
avanceR = 2.000000, avance 1.000000, avanceI 2.000000
----------------------------------------
x = 25.000000, y = 55.000000
avance = 1.000000, avanceR = 2.000000, avanceI = 2.000000
inc_x_r = 1.000000, inc_y_r = 0.000000, inc_x_i = 1.000000, inc_y_i = 1.000000
avance >= 0

----------------------------------------


ENTRAMOS A BRESENHAMªªªª
x1 = 25.000000 - y1 = 55.000000 || x2 = 26.000000 - y2 = 56.000000
dy = 1.000000, dx = 1.000000
avances inclinados: inc_x_i = 1.000000, inc_y_i = 1.000000
updated: dy = 1.000000, dx = 1.000000
avances rectos: inc_x_r = 1.000000, inc_y_r 0.000000
reupdated: dy = 1.000000, dx = 1.000000
avanceR = 2.000000, avance 1.000000, avanceI 2.000000
----------------------------------------
x = 25.000000, y = 55.000000
avance = 1.000000, avanceR = 2.000000, avanceI = 2.000000
inc_x_r = 1.000000, inc_y_r = 0.000000, inc_x_i = 1.000000, inc_y_i = 1.000000
avance >= 0

----------------------------------------


ENTRAMOS A BRESENHAMªªªª
x1 = 25.000000 - y1 = 55.000000 || x2 = 26.000000 - y2 = 56.000000
dy = 1.000000, dx = 1.000000
avances inclinados: inc_x_i = 1.000000, inc_y_i = 1.000000
updated: dy = 1.000000, dx = 1.000000
avances rectos: inc_x_r = 1.000000, inc_y_r 0.000000
reupdated: dy = 1.000000, dx = 1.000000
avanceR = 2.000000, avance 1.000000, avanceI 2.000000
----------------------------------------
x = 25.000000, y = 55.000000
avance = 1.000000, avanceR = 2.000000, avanceI = 2.000000
inc_x_r = 1.000000, inc_y_r = 0.000000, inc_x_i = 1.000000, inc_y_i = 1.000000
avance >= 0

----------------------------------------


ENTRAMOS A BRESENHAMªªªª
x1 = 25.000000 - y1 = 55.000000 || x2 = 26.000000 - y2 = 56.000000
dy = 1.000000, dx = 1.000000
avances inclinados: inc_x_i = 1.000000, inc_y_i = 1.000000
updated: dy = 1.000000, dx = 1.000000
avances rectos: inc_x_r = 1.000000, inc_y_r 0.000000
reupdated: dy = 1.000000, dx = 1.000000
avanceR = 2.000000, avance 1.000000, avanceI 2.000000
----------------------------------------
x = 25.000000, y = 55.000000
avance = 1.000000, avanceR = 2.000000, avanceI = 2.000000
inc_x_r = 1.000000, inc_y_r = 0.000000, inc_x_i = 1.000000, inc_y_i = 1.000000
avance >= 0

----------------------------------------


ENTRAMOS A BRESENHAMªªªª
x1 = 25.000000 - y1 = 55.000000 || x2 = 26.000000 - y2 = 56.000000
dy = 1.000000, dx = 1.000000
avances inclinados: inc_x_i = 1.000000, inc_y_i = 1.000000
updated: dy = 1.000000, dx = 1.000000
avances rectos: inc_x_r = 1.000000, inc_y_r 0.000000
reupdated: dy = 1.000000, dx = 1.000000
avanceR = 2.000000, avance 1.000000, avanceI 2.000000
----------------------------------------
x = 25.000000, y = 55.000000
avance = 1.000000, avanceR = 2.000000, avanceI = 2.000000
inc_x_r = 1.000000, inc_y_r = 0.000000, inc_x_i = 1.000000, inc_y_i = 1.000000
avance >= 0

----------------------------------------


PLAYER POSITION: x: 2, y: 5
ANGLE_VISION: 236 - 4.116889
pos_y = 5, pos_x = 2. cos(angle) = -5.609228 | -5, sin(angle) = -8.278681 | -8
-->> pos_y = 5, pos_x = 2
ENTRAMOS A BRESENHAMªªªª
x1 = 25.000000 - y1 = 55.000000 || x2 = 26.000000 - y2 = 56.000000
dy = 1.000000, dx = 1.000000
avances inclinados: inc_x_i = 1.000000, inc_y_i = 1.000000
updated: dy = 1.000000, dx = 1.000000
avances rectos: inc_x_r = 1.000000, inc_y_r 0.000000
reupdated: dy = 1.000000, dx = 1.000000
avanceR = 2.000000, avance 1.000000, avanceI 2.000000
----------------------------------------
x = 25.000000, y = 55.000000
avance = 1.000000, avanceR = 2.000000, avanceI = 2.000000
inc_x_r = 1.000000, inc_y_r = 0.000000, inc_x_i = 1.000000, inc_y_i = 1.000000
avance >= 0

----------------------------------------


PLAYER POSITION: x: 2, y: 5
ANGLE_VISION: 235 - 4.099444
pos_y = 5, pos_x = 2. cos(angle) = -5.752785 | -5, sin(angle) = -8.179576 | -8
-->> pos_y = 5, pos_x = 2
ENTRAMOS A BRESENHAMªªªª
x1 = 25.000000 - y1 = 55.000000 || x2 = 26.000000 - y2 = 56.000000
dy = 1.000000, dx = 1.000000
avances inclinados: inc_x_i = 1.000000, inc_y_i = 1.000000
updated: dy = 1.000000, dx = 1.000000
avances rectos: inc_x_r = 1.000000, inc_y_r 0.000000
reupdated: dy = 1.000000, dx = 1.000000
avanceR = 2.000000, avance 1.000000, avanceI 2.000000
----------------------------------------
x = 25.000000, y = 55.000000
avance = 1.000000, avanceR = 2.000000, avanceI = 2.000000
inc_x_r = 1.000000, inc_y_r = 0.000000, inc_x_i = 1.000000, inc_y_i = 1.000000
avance >= 0

----------------------------------------


PLAYER POSITION: x: 2, y: 5
ANGLE_VISION: 234 - 4.082000
pos_y = 5, pos_x = 2. cos(angle) = -5.894590 | -5, sin(angle) = -8.077983 | -8
-->> pos_y = 5, pos_x = 2
ENTRAMOS A BRESENHAMªªªª
x1 = 25.000000 - y1 = 55.000000 || x2 = 26.000000 - y2 = 56.000000
dy = 1.000000, dx = 1.000000
avances inclinados: inc_x_i = 1.000000, inc_y_i = 1.000000
updated: dy = 1.000000, dx = 1.000000
avances rectos: inc_x_r = 1.000000, inc_y_r 0.000000
reupdated: dy = 1.000000, dx = 1.000000
avanceR = 2.000000, avance 1.000000, avanceI 2.000000
----------------------------------------
x = 25.000000, y = 55.000000
avance = 1.000000, avanceR = 2.000000, avanceI = 2.000000
inc_x_r = 1.000000, inc_y_r = 0.000000, inc_x_i = 1.000000, inc_y_i = 1.000000
avance >= 0

----------------------------------------


PLAYER POSITION: x: 2, y: 5
ANGLE_VISION: 233 - 4.064556
pos_y = 5, pos_x = 2. cos(angle) = -6.034602 | -6, sin(angle) = -7.973931 | -7
-->> pos_y = 5, pos_x = 2
ENTRAMOS A BRESENHAMªªªª
x1 = 25.000000 - y1 = 55.000000 || x2 = 26.000000 - y2 = 56.000000
dy = 1.000000, dx = 1.000000
avances inclinados: inc_x_i = 1.000000, inc_y_i = 1.000000
updated: dy = 1.000000, dx = 1.000000
avances rectos: inc_x_r = 1.000000, inc_y_r 0.000000
reupdated: dy = 1.000000, dx = 1.000000
avanceR = 2.000000, avance 1.000000, avanceI 2.000000
----------------------------------------
x = 25.000000, y = 55.000000
avance = 1.000000, avanceR = 2.000000, avanceI = 2.000000
inc_x_r = 1.000000, inc_y_r = 0.000000, inc_x_i = 1.000000, inc_y_i = 1.000000
avance >= 0

----------------------------------------


PLAYER POSITION: x: 2, y: 5
ANGLE_VISION: 232 - 4.047111
pos_y = 5, pos_x = 2. cos(angle) = -6.172778 | -6, sin(angle) = -7.867453 | -7
-->> pos_y = 5, pos_x = 2
ENTRAMOS A BRESENHAMªªªª
x1 = 25.000000 - y1 = 55.000000 || x2 = 26.000000 - y2 = 56.000000
dy = 1.000000, dx = 1.000000
avances inclinados: inc_x_i = 1.000000, inc_y_i = 1.000000
updated: dy = 1.000000, dx = 1.000000
avances rectos: inc_x_r = 1.000000, inc_y_r 0.000000
reupdated: dy = 1.000000, dx = 1.000000
avanceR = 2.000000, avance 1.000000, avanceI 2.000000
----------------------------------------
x = 25.000000, y = 55.000000
avance = 1.000000, avanceR = 2.000000, avanceI = 2.000000
inc_x_r = 1.000000, inc_y_r = 0.000000, inc_x_i = 1.000000, inc_y_i = 1.000000
avance >= 0

----------------------------------------


PLAYER POSITION: x: 2, y: 5
ANGLE_VISION: 231 - 4.029667
pos_y = 5, pos_x = 2. cos(angle) = -6.309075 | -6, sin(angle) = -7.758581 | -7
-->> pos_y = 5, pos_x = 2
ENTRAMOS A BRESENHAMªªªª
x1 = 25.000000 - y1 = 55.000000 || x2 = 26.000000 - y2 = 56.000000
dy = 1.000000, dx = 1.000000
avances inclinados: inc_x_i = 1.000000, inc_y_i = 1.000000
updated: dy = 1.000000, dx = 1.000000
avances rectos: inc_x_r = 1.000000, inc_y_r 0.000000
reupdated: dy = 1.000000, dx = 1.000000
avanceR = 2.000000, avance 1.000000, avanceI 2.000000
----------------------------------------
x = 25.000000, y = 55.000000
avance = 1.000000, avanceR = 2.000000, avanceI = 2.000000
inc_x_r = 1.000000, inc_y_r = 0.000000, inc_x_i = 1.000000, inc_y_i = 1.000000
avance >= 0

----------------------------------------


PLAYER POSITION: x: 2, y: 5
ANGLE_VISION: 230 - 4.012222
pos_y = 5, pos_x = 2. cos(angle) = -6.443452 | -6, sin(angle) = -7.647347 | -7
-->> pos_y = 5, pos_x = 2
ENTRAMOS A BRESENHAMªªªª
x1 = 25.000000 - y1 = 55.000000 || x2 = 26.000000 - y2 = 56.000000
dy = 1.000000, dx = 1.000000
avances inclinados: inc_x_i = 1.000000, inc_y_i = 1.000000
updated: dy = 1.000000, dx = 1.000000
avances rectos: inc_x_r = 1.000000, inc_y_r 0.000000
reupdated: dy = 1.000000, dx = 1.000000
avanceR = 2.000000, avance 1.000000, avanceI 2.000000
----------------------------------------
x = 25.000000, y = 55.000000
avance = 1.000000, avanceR = 2.000000, avanceI = 2.000000
inc_x_r = 1.000000, inc_y_r = 0.000000, inc_x_i = 1.000000, inc_y_i = 1.000000
avance >= 0

----------------------------------------


PLAYER POSITION: x: 2, y: 5
ANGLE_VISION: 229 - 3.994778
pos_y = 5, pos_x = 2. cos(angle) = -6.575869 | -6, sin(angle) = -7.533787 | -7
-->> pos_y = 5, pos_x = 2
ENTRAMOS A BRESENHAMªªªª
x1 = 25.000000 - y1 = 55.000000 || x2 = 26.000000 - y2 = 56.000000
dy = 1.000000, dx = 1.000000
avances inclinados: inc_x_i = 1.000000, inc_y_i = 1.000000
updated: dy = 1.000000, dx = 1.000000
avances rectos: inc_x_r = 1.000000, inc_y_r 0.000000
reupdated: dy = 1.000000, dx = 1.000000
avanceR = 2.000000, avance 1.000000, avanceI 2.000000
----------------------------------------
x = 25.000000, y = 55.000000
avance = 1.000000, avanceR = 2.000000, avanceI = 2.000000
inc_x_r = 1.000000, inc_y_r = 0.000000, inc_x_i = 1.000000, inc_y_i = 1.000000
avance >= 0

----------------------------------------


PLAYER POSITION: x: 2, y: 5
ANGLE_VISION: 228 - 3.977333
pos_y = 5, pos_x = 2. cos(angle) = -6.706284 | -6, sin(angle) = -7.417934 | -7
-->> pos_y = 5, pos_x = 2
ENTRAMOS A BRESENHAMªªªª
x1 = 25.000000 - y1 = 55.000000 || x2 = 26.000000 - y2 = 56.000000
dy = 1.000000, dx = 1.000000
avances inclinados: inc_x_i = 1.000000, inc_y_i = 1.000000
updated: dy = 1.000000, dx = 1.000000
avances rectos: inc_x_r = 1.000000, inc_y_r 0.000000
reupdated: dy = 1.000000, dx = 1.000000
avanceR = 2.000000, avance 1.000000, avanceI 2.000000
----------------------------------------
x = 25.000000, y = 55.000000
avance = 1.000000, avanceR = 2.000000, avanceI = 2.000000
inc_x_r = 1.000000, inc_y_r = 0.000000, inc_x_i = 1.000000, inc_y_i = 1.000000
avance >= 0

----------------------------------------


ENTRAMOS A BRESENHAMªªªª
x1 = 25.000000 - y1 = 55.000000 || x2 = 26.000000 - y2 = 56.000000
dy = 1.000000, dx = 1.000000
avances inclinados: inc_x_i = 1.000000, inc_y_i = 1.000000
updated: dy = 1.000000, dx = 1.000000
avances rectos: inc_x_r = 1.000000, inc_y_r 0.000000
reupdated: dy = 1.000000, dx = 1.000000
avanceR = 2.000000, avance 1.000000, avanceI 2.000000
----------------------------------------
x = 25.000000, y = 55.000000
avance = 1.000000, avanceR = 2.000000, avanceI = 2.000000
inc_x_r = 1.000000, inc_y_r = 0.000000, inc_x_i = 1.000000, inc_y_i = 1.000000
avance >= 0

----------------------------------------


ENTRAMOS A BRESENHAMªªªª
x1 = 25.000000 - y1 = 55.000000 || x2 = 26.000000 - y2 = 56.000000
dy = 1.000000, dx = 1.000000
avances inclinados: inc_x_i = 1.000000, inc_y_i = 1.000000
updated: dy = 1.000000, dx = 1.000000
avances rectos: inc_x_r = 1.000000, inc_y_r 0.000000
reupdated: dy = 1.000000, dx = 1.000000
avanceR = 2.000000, avance 1.000000, avanceI 2.000000
----------------------------------------
x = 25.000000, y = 55.000000
avance = 1.000000, avanceR = 2.000000, avanceI = 2.000000
inc_x_r = 1.000000, inc_y_r = 0.000000, inc_x_i = 1.000000, inc_y_i = 1.000000
avance >= 0

----------------------------------------


ENTRAMOS A BRESENHAMªªªª
x1 = 25.000000 - y1 = 55.000000 || x2 = 26.000000 - y2 = 56.000000
dy = 1.000000, dx = 1.000000
avances inclinados: inc_x_i = 1.000000, inc_y_i = 1.000000
updated: dy = 1.000000, dx = 1.000000
avances rectos: inc_x_r = 1.000000, inc_y_r 0.000000
reupdated: dy = 1.000000, dx = 1.000000
avanceR = 2.000000, avance 1.000000, avanceI 2.000000
----------------------------------------
x = 25.000000, y = 55.000000
avance = 1.000000, avanceR = 2.000000, avanceI = 2.000000
inc_x_r = 1.000000, inc_y_r = 0.000000, inc_x_i = 1.000000, inc_y_i = 1.000000
avance >= 0

----------------------------------------


ENTRAMOS A BRESENHAMªªªª
x1 = 25.000000 - y1 = 55.000000 || x2 = 26.000000 - y2 = 56.000000
dy = 1.000000, dx = 1.000000
avances inclinados: inc_x_i = 1.000000, inc_y_i = 1.000000
updated: dy = 1.000000, dx = 1.000000
avances rectos: inc_x_r = 1.000000, inc_y_r 0.000000
reupdated: dy = 1.000000, dx = 1.000000
avanceR = 2.000000, avance 1.000000, avanceI 2.000000
----------------------------------------
x = 25.000000, y = 55.000000
avance = 1.000000, avanceR = 2.000000, avanceI = 2.000000
inc_x_r = 1.000000, inc_y_r = 0.000000, inc_x_i = 1.000000, inc_y_i = 1.000000
avance >= 0

----------------------------------------


PLAYER POSITION: x: 2, y: 5
ANGLE_VISION: 227 - 3.959889
pos_y = 5, pos_x = 2. cos(angle) = -6.834659 | -6, sin(angle) = -7.299824 | -7
-->> pos_y = 5, pos_x = 2
ENTRAMOS A BRESENHAMªªªª
x1 = 25.000000 - y1 = 55.000000 || x2 = 26.000000 - y2 = 56.000000
dy = 1.000000, dx = 1.000000
avances inclinados: inc_x_i = 1.000000, inc_y_i = 1.000000
updated: dy = 1.000000, dx = 1.000000
avances rectos: inc_x_r = 1.000000, inc_y_r 0.000000
reupdated: dy = 1.000000, dx = 1.000000
avanceR = 2.000000, avance 1.000000, avanceI 2.000000
----------------------------------------
x = 25.000000, y = 55.000000
avance = 1.000000, avanceR = 2.000000, avanceI = 2.000000
inc_x_r = 1.000000, inc_y_r = 0.000000, inc_x_i = 1.000000, inc_y_i = 1.000000
avance >= 0

----------------------------------------


PLAYER POSITION: x: 2, y: 5
ANGLE_VISION: 226 - 3.942444
pos_y = 5, pos_x = 2. cos(angle) = -6.960954 | -6, sin(angle) = -7.179493 | -7
-->> pos_y = 5, pos_x = 2
ENTRAMOS A BRESENHAMªªªª
x1 = 25.000000 - y1 = 55.000000 || x2 = 26.000000 - y2 = 56.000000
dy = 1.000000, dx = 1.000000
avances inclinados: inc_x_i = 1.000000, inc_y_i = 1.000000
updated: dy = 1.000000, dx = 1.000000
avances rectos: inc_x_r = 1.000000, inc_y_r 0.000000
reupdated: dy = 1.000000, dx = 1.000000
avanceR = 2.000000, avance 1.000000, avanceI 2.000000
----------------------------------------
x = 25.000000, y = 55.000000
avance = 1.000000, avanceR = 2.000000, avanceI = 2.000000
inc_x_r = 1.000000, inc_y_r = 0.000000, inc_x_i = 1.000000, inc_y_i = 1.000000
avance >= 0

----------------------------------------


PLAYER POSITION: x: 2, y: 5
ANGLE_VISION: 225 - 3.925000
pos_y = 5, pos_x = 2. cos(angle) = -7.085131 | -7, sin(angle) = -7.056977 | -7
-->> pos_y = 5, pos_x = 2
ENTRAMOS A BRESENHAMªªªª
x1 = 25.000000 - y1 = 55.000000 || x2 = 26.000000 - y2 = 56.000000
dy = 1.000000, dx = 1.000000
avances inclinados: inc_x_i = 1.000000, inc_y_i = 1.000000
updated: dy = 1.000000, dx = 1.000000
avances rectos: inc_x_r = 1.000000, inc_y_r 0.000000
reupdated: dy = 1.000000, dx = 1.000000
avanceR = 2.000000, avance 1.000000, avanceI 2.000000
----------------------------------------
x = 25.000000, y = 55.000000
avance = 1.000000, avanceR = 2.000000, avanceI = 2.000000
inc_x_r = 1.000000, inc_y_r = 0.000000, inc_x_i = 1.000000, inc_y_i = 1.000000
avance >= 0

----------------------------------------


PLAYER POSITION: x: 2, y: 5
ANGLE_VISION: 224 - 3.907556
pos_y = 5, pos_x = 2. cos(angle) = -7.207152 | -7, sin(angle) = -6.932313 | -6
-->> pos_y = 5, pos_x = 2
ENTRAMOS A BRESENHAMªªªª
x1 = 25.000000 - y1 = 55.000000 || x2 = 26.000000 - y2 = 56.000000
dy = 1.000000, dx = 1.000000
avances inclinados: inc_x_i = 1.000000, inc_y_i = 1.000000
updated: dy = 1.000000, dx = 1.000000
avances rectos: inc_x_r = 1.000000, inc_y_r 0.000000
reupdated: dy = 1.000000, dx = 1.000000
avanceR = 2.000000, avance 1.000000, avanceI 2.000000
----------------------------------------
x = 25.000000, y = 55.000000
avance = 1.000000, avanceR = 2.000000, avanceI = 2.000000
inc_x_r = 1.000000, inc_y_r = 0.000000, inc_x_i = 1.000000, inc_y_i = 1.000000
avance >= 0

----------------------------------------


PLAYER POSITION: x: 2, y: 5
ANGLE_VISION: 223 - 3.890111
pos_y = 5, pos_x = 2. cos(angle) = -7.326979 | -7, sin(angle) = -6.805540 | -6
-->> pos_y = 5, pos_x = 2
ENTRAMOS A BRESENHAMªªªª
x1 = 25.000000 - y1 = 55.000000 || x2 = 26.000000 - y2 = 56.000000
dy = 1.000000, dx = 1.000000
avances inclinados: inc_x_i = 1.000000, inc_y_i = 1.000000
updated: dy = 1.000000, dx = 1.000000
avances rectos: inc_x_r = 1.000000, inc_y_r 0.000000
reupdated: dy = 1.000000, dx = 1.000000
avanceR = 2.000000, avance 1.000000, avanceI 2.000000
----------------------------------------
x = 25.000000, y = 55.000000
avance = 1.000000, avanceR = 2.000000, avanceI = 2.000000
inc_x_r = 1.000000, inc_y_r = 0.000000, inc_x_i = 1.000000, inc_y_i = 1.000000
avance >= 0

----------------------------------------


PLAYER POSITION: x: 2, y: 5
ANGLE_VISION: 222 - 3.872667
pos_y = 5, pos_x = 2. cos(angle) = -7.444577 | -7, sin(angle) = -6.676696 | -6
-->> pos_y = 5, pos_x = 2
ENTRAMOS A BRESENHAMªªªª
x1 = 25.000000 - y1 = 55.000000 || x2 = 26.000000 - y2 = 56.000000
dy = 1.000000, dx = 1.000000
avances inclinados: inc_x_i = 1.000000, inc_y_i = 1.000000
updated: dy = 1.000000, dx = 1.000000
avances rectos: inc_x_r = 1.000000, inc_y_r 0.000000
reupdated: dy = 1.000000, dx = 1.000000
avanceR = 2.000000, avance 1.000000, avanceI 2.000000
----------------------------------------
x = 25.000000, y = 55.000000
avance = 1.000000, avanceR = 2.000000, avanceI = 2.000000
inc_x_r = 1.000000, inc_y_r = 0.000000, inc_x_i = 1.000000, inc_y_i = 1.000000
avance >= 0

----------------------------------------


PLAYER POSITION: x: 2, y: 5
ANGLE_VISION: 221 - 3.855222
pos_y = 5, pos_x = 2. cos(angle) = -7.559910 | -7, sin(angle) = -6.545820 | -6
-->> pos_y = 5, pos_x = 2
ENTRAMOS A BRESENHAMªªªª
x1 = 25.000000 - y1 = 55.000000 || x2 = 26.000000 - y2 = 56.000000
dy = 1.000000, dx = 1.000000
avances inclinados: inc_x_i = 1.000000, inc_y_i = 1.000000
updated: dy = 1.000000, dx = 1.000000
avances rectos: inc_x_r = 1.000000, inc_y_r 0.000000
reupdated: dy = 1.000000, dx = 1.000000
avanceR = 2.000000, avance 1.000000, avanceI 2.000000
----------------------------------------
x = 25.000000, y = 55.000000
avance = 1.000000, avanceR = 2.000000, avanceI = 2.000000
inc_x_r = 1.000000, inc_y_r = 0.000000, inc_x_i = 1.000000, inc_y_i = 1.000000
avance >= 0

----------------------------------------


PLAYER POSITION: x: 2, y: 5
ANGLE_VISION: 220 - 3.837778
pos_y = 5, pos_x = 2. cos(angle) = -7.672942 | -7, sin(angle) = -6.412952 | -6
-->> pos_y = 5, pos_x = 2
ENTRAMOS A BRESENHAMªªªª
x1 = 25.000000 - y1 = 55.000000 || x2 = 26.000000 - y2 = 56.000000
dy = 1.000000, dx = 1.000000
avances inclinados: inc_x_i = 1.000000, inc_y_i = 1.000000
updated: dy = 1.000000, dx = 1.000000
avances rectos: inc_x_r = 1.000000, inc_y_r 0.000000
reupdated: dy = 1.000000, dx = 1.000000
avanceR = 2.000000, avance 1.000000, avanceI 2.000000
----------------------------------------
x = 25.000000, y = 55.000000
avance = 1.000000, avanceR = 2.000000, avanceI = 2.000000
inc_x_r = 1.000000, inc_y_r = 0.000000, inc_x_i = 1.000000, inc_y_i = 1.000000
avance >= 0

----------------------------------------


ENTRAMOS A BRESENHAMªªªª
x1 = 25.000000 - y1 = 55.000000 || x2 = 26.000000 - y2 = 56.000000
dy = 1.000000, dx = 1.000000
avances inclinados: inc_x_i = 1.000000, inc_y_i = 1.000000
updated: dy = 1.000000, dx = 1.000000
avances rectos: inc_x_r = 1.000000, inc_y_r 0.000000
reupdated: dy = 1.000000, dx = 1.000000
avanceR = 2.000000, avance 1.000000, avanceI 2.000000
----------------------------------------
x = 25.000000, y = 55.000000
avance = 1.000000, avanceR = 2.000000, avanceI = 2.000000
inc_x_r = 1.000000, inc_y_r = 0.000000, inc_x_i = 1.000000, inc_y_i = 1.000000
avance >= 0

----------------------------------------


ENTRAMOS A BRESENHAMªªªª
x1 = 25.000000 - y1 = 55.000000 || x2 = 26.000000 - y2 = 56.000000
dy = 1.000000, dx = 1.000000
avances inclinados: inc_x_i = 1.000000, inc_y_i = 1.000000
updated: dy = 1.000000, dx = 1.000000
avances rectos: inc_x_r = 1.000000, inc_y_r 0.000000
reupdated: dy = 1.000000, dx = 1.000000
avanceR = 2.000000, avance 1.000000, avanceI 2.000000
----------------------------------------
x = 25.000000, y = 55.000000
avance = 1.000000, avanceR = 2.000000, avanceI = 2.000000
inc_x_r = 1.000000, inc_y_r = 0.000000, inc_x_i = 1.000000, inc_y_i = 1.000000
avance >= 0

----------------------------------------


ENTRAMOS A BRESENHAMªªªª
x1 = 25.000000 - y1 = 55.000000 || x2 = 26.000000 - y2 = 56.000000
dy = 1.000000, dx = 1.000000
avances inclinados: inc_x_i = 1.000000, inc_y_i = 1.000000
updated: dy = 1.000000, dx = 1.000000
avances rectos: inc_x_r = 1.000000, inc_y_r 0.000000
reupdated: dy = 1.000000, dx = 1.000000
avanceR = 2.000000, avance 1.000000, avanceI 2.000000
----------------------------------------
x = 25.000000, y = 55.000000
avance = 1.000000, avanceR = 2.000000, avanceI = 2.000000
inc_x_r = 1.000000, inc_y_r = 0.000000, inc_x_i = 1.000000, inc_y_i = 1.000000
avance >= 0

----------------------------------------


ENTRAMOS A BRESENHAMªªªª
x1 = 25.000000 - y1 = 55.000000 || x2 = 26.000000 - y2 = 56.000000
dy = 1.000000, dx = 1.000000
avances inclinados: inc_x_i = 1.000000, inc_y_i = 1.000000
updated: dy = 1.000000, dx = 1.000000
avances rectos: inc_x_r = 1.000000, inc_y_r 0.000000
reupdated: dy = 1.000000, dx = 1.000000
avanceR = 2.000000, avance 1.000000, avanceI 2.000000
----------------------------------------
x = 25.000000, y = 55.000000
avance = 1.000000, avanceR = 2.000000, avanceI = 2.000000
inc_x_r = 1.000000, inc_y_r = 0.000000, inc_x_i = 1.000000, inc_y_i = 1.000000
avance >= 0

----------------------------------------


ENTRAMOS A BRESENHAMªªªª
x1 = 25.000000 - y1 = 55.000000 || x2 = 26.000000 - y2 = 56.000000
dy = 1.000000, dx = 1.000000
avances inclinados: inc_x_i = 1.000000, inc_y_i = 1.000000
updated: dy = 1.000000, dx = 1.000000
avances rectos: inc_x_r = 1.000000, inc_y_r 0.000000
reupdated: dy = 1.000000, dx = 1.000000
avanceR = 2.000000, avance 1.000000, avanceI 2.000000
----------------------------------------
x = 25.000000, y = 55.000000
avance = 1.000000, avanceR = 2.000000, avanceI = 2.000000
inc_x_r = 1.000000, inc_y_r = 0.000000, inc_x_i = 1.000000, inc_y_i = 1.000000
avance >= 0

----------------------------------------


ENTRAMOS A BRESENHAMªªªª
x1 = 25.000000 - y1 = 55.000000 || x2 = 26.000000 - y2 = 56.000000
dy = 1.000000, dx = 1.000000
avances inclinados: inc_x_i = 1.000000, inc_y_i = 1.000000
updated: dy = 1.000000, dx = 1.000000
avances rectos: inc_x_r = 1.000000, inc_y_r 0.000000
reupdated: dy = 1.000000, dx = 1.000000
avanceR = 2.000000, avance 1.000000, avanceI 2.000000
----------------------------------------
x = 25.000000, y = 55.000000
avance = 1.000000, avanceR = 2.000000, avanceI = 2.000000
inc_x_r = 1.000000, inc_y_r = 0.000000, inc_x_i = 1.000000, inc_y_i = 1.000000
avance >= 0

----------------------------------------


ENTRAMOS A BRESENHAMªªªª
x1 = 25.000000 - y1 = 55.000000 || x2 = 26.000000 - y2 = 56.000000
dy = 1.000000, dx = 1.000000
avances inclinados: inc_x_i = 1.000000, inc_y_i = 1.000000
updated: dy = 1.000000, dx = 1.000000
avances rectos: inc_x_r = 1.000000, inc_y_r 0.000000
reupdated: dy = 1.000000, dx = 1.000000
avanceR = 2.000000, avance 1.000000, avanceI 2.000000
----------------------------------------
x = 25.000000, y = 55.000000
avance = 1.000000, avanceR = 2.000000, avanceI = 2.000000
inc_x_r = 1.000000, inc_y_r = 0.000000, inc_x_i = 1.000000, inc_y_i = 1.000000
avance >= 0

----------------------------------------


ENTRAMOS A BRESENHAMªªªª
x1 = 25.000000 - y1 = 55.000000 || x2 = 26.000000 - y2 = 56.000000
dy = 1.000000, dx = 1.000000
avances inclinados: inc_x_i = 1.000000, inc_y_i = 1.000000
updated: dy = 1.000000, dx = 1.000000
avances rectos: inc_x_r = 1.000000, inc_y_r 0.000000
reupdated: dy = 1.000000, dx = 1.000000
avanceR = 2.000000, avance 1.000000, avanceI 2.000000
----------------------------------------
x = 25.000000, y = 55.000000
avance = 1.000000, avanceR = 2.000000, avanceI = 2.000000
inc_x_r = 1.000000, inc_y_r = 0.000000, inc_x_i = 1.000000, inc_y_i = 1.000000
avance >= 0

----------------------------------------


ENTRAMOS A BRESENHAMªªªª
x1 = 25.000000 - y1 = 55.000000 || x2 = 26.000000 - y2 = 56.000000
dy = 1.000000, dx = 1.000000
avances inclinados: inc_x_i = 1.000000, inc_y_i = 1.000000
updated: dy = 1.000000, dx = 1.000000
avances rectos: inc_x_r = 1.000000, inc_y_r 0.000000
reupdated: dy = 1.000000, dx = 1.000000
avanceR = 2.000000, avance 1.000000, avanceI 2.000000
----------------------------------------
x = 25.000000, y = 55.000000
avance = 1.000000, avanceR = 2.000000, avanceI = 2.000000
inc_x_r = 1.000000, inc_y_r = 0.000000, inc_x_i = 1.000000, inc_y_i = 1.000000
avance >= 0

----------------------------------------


ENTRAMOS A BRESENHAMªªªª
x1 = 25.000000 - y1 = 55.000000 || x2 = 26.000000 - y2 = 56.000000
dy = 1.000000, dx = 1.000000
avances inclinados: inc_x_i = 1.000000, inc_y_i = 1.000000
updated: dy = 1.000000, dx = 1.000000
avances rectos: inc_x_r = 1.000000, inc_y_r 0.000000
reupdated: dy = 1.000000, dx = 1.000000
avanceR = 2.000000, avance 1.000000, avanceI 2.000000
----------------------------------------
x = 25.000000, y = 55.000000
avance = 1.000000, avanceR = 2.000000, avanceI = 2.000000
inc_x_r = 1.000000, inc_y_r = 0.000000, inc_x_i = 1.000000, inc_y_i = 1.000000
avance >= 0

----------------------------------------


ENTRAMOS A BRESENHAMªªªª
x1 = 25.000000 - y1 = 55.000000 || x2 = 26.000000 - y2 = 56.000000
dy = 1.000000, dx = 1.000000
avances inclinados: inc_x_i = 1.000000, inc_y_i = 1.000000
updated: dy = 1.000000, dx = 1.000000
avances rectos: inc_x_r = 1.000000, inc_y_r 0.000000
reupdated: dy = 1.000000, dx = 1.000000
avanceR = 2.000000, avance 1.000000, avanceI 2.000000
----------------------------------------
x = 25.000000, y = 55.000000
avance = 1.000000, avanceR = 2.000000, avanceI = 2.000000
inc_x_r = 1.000000, inc_y_r = 0.000000, inc_x_i = 1.000000, inc_y_i = 1.000000
avance >= 0

----------------------------------------


ENTRAMOS A BRESENHAMªªªª
x1 = 25.000000 - y1 = 55.000000 || x2 = 26.000000 - y2 = 56.000000
dy = 1.000000, dx = 1.000000
avances inclinados: inc_x_i = 1.000000, inc_y_i = 1.000000
updated: dy = 1.000000, dx = 1.000000
avances rectos: inc_x_r = 1.000000, inc_y_r 0.000000
reupdated: dy = 1.000000, dx = 1.000000
avanceR = 2.000000, avance 1.000000, avanceI 2.000000
----------------------------------------
x = 25.000000, y = 55.000000
avance = 1.000000, avanceR = 2.000000, avanceI = 2.000000
inc_x_r = 1.000000, inc_y_r = 0.000000, inc_x_i = 1.000000, inc_y_i = 1.000000
avance >= 0

----------------------------------------


ENTRAMOS A BRESENHAMªªªª
x1 = 25.000000 - y1 = 55.000000 || x2 = 26.000000 - y2 = 56.000000
dy = 1.000000, dx = 1.000000
avances inclinados: inc_x_i = 1.000000, inc_y_i = 1.000000
updated: dy = 1.000000, dx = 1.000000
avances rectos: inc_x_r = 1.000000, inc_y_r 0.000000
reupdated: dy = 1.000000, dx = 1.000000
avanceR = 2.000000, avance 1.000000, avanceI 2.000000
----------------------------------------
x = 25.000000, y = 55.000000
avance = 1.000000, avanceR = 2.000000, avanceI = 2.000000
inc_x_r = 1.000000, inc_y_r = 0.000000, inc_x_i = 1.000000, inc_y_i = 1.000000
avance >= 0

----------------------------------------


ENTRAMOS A BRESENHAMªªªª
x1 = 25.000000 - y1 = 55.000000 || x2 = 26.000000 - y2 = 56.000000
dy = 1.000000, dx = 1.000000
avances inclinados: inc_x_i = 1.000000, inc_y_i = 1.000000
updated: dy = 1.000000, dx = 1.000000
avances rectos: inc_x_r = 1.000000, inc_y_r 0.000000
reupdated: dy = 1.000000, dx = 1.000000
avanceR = 2.000000, avance 1.000000, avanceI 2.000000
----------------------------------------
x = 25.000000, y = 55.000000
avance = 1.000000, avanceR = 2.000000, avanceI = 2.000000
inc_x_r = 1.000000, inc_y_r = 0.000000, inc_x_i = 1.000000, inc_y_i = 1.000000
avance >= 0

----------------------------------------


PLAYER POSITION: x: 2, y: 5
ANGLE_VISION: 221 - 3.855222
pos_y = 5, pos_x = 2. cos(angle) = -7.559910 | -7, sin(angle) = -6.545820 | -6
-->> pos_y = 5, pos_x = 2
ENTRAMOS A BRESENHAMªªªª
x1 = 25.000000 - y1 = 55.000000 || x2 = 26.000000 - y2 = 56.000000
dy = 1.000000, dx = 1.000000
avances inclinados: inc_x_i = 1.000000, inc_y_i = 1.000000
updated: dy = 1.000000, dx = 1.000000
avances rectos: inc_x_r = 1.000000, inc_y_r 0.000000
reupdated: dy = 1.000000, dx = 1.000000
avanceR = 2.000000, avance 1.000000, avanceI 2.000000
----------------------------------------
x = 25.000000, y = 55.000000
avance = 1.000000, avanceR = 2.000000, avanceI = 2.000000
inc_x_r = 1.000000, inc_y_r = 0.000000, inc_x_i = 1.000000, inc_y_i = 1.000000
avance >= 0

----------------------------------------


PLAYER POSITION: x: 2, y: 5
ANGLE_VISION: 222 - 3.872667
pos_y = 5, pos_x = 2. cos(angle) = -7.444577 | -7, sin(angle) = -6.676696 | -6
-->> pos_y = 5, pos_x = 2
ENTRAMOS A BRESENHAMªªªª
x1 = 25.000000 - y1 = 55.000000 || x2 = 26.000000 - y2 = 56.000000
dy = 1.000000, dx = 1.000000
avances inclinados: inc_x_i = 1.000000, inc_y_i = 1.000000
updated: dy = 1.000000, dx = 1.000000
avances rectos: inc_x_r = 1.000000, inc_y_r 0.000000
reupdated: dy = 1.000000, dx = 1.000000
avanceR = 2.000000, avance 1.000000, avanceI 2.000000
----------------------------------------
x = 25.000000, y = 55.000000
avance = 1.000000, avanceR = 2.000000, avanceI = 2.000000
inc_x_r = 1.000000, inc_y_r = 0.000000, inc_x_i = 1.000000, inc_y_i = 1.000000
avance >= 0

----------------------------------------


PLAYER POSITION: x: 2, y: 5
ANGLE_VISION: 223 - 3.890111
pos_y = 5, pos_x = 2. cos(angle) = -7.326979 | -7, sin(angle) = -6.805540 | -6
-->> pos_y = 5, pos_x = 2
ENTRAMOS A BRESENHAMªªªª
x1 = 25.000000 - y1 = 55.000000 || x2 = 26.000000 - y2 = 56.000000
dy = 1.000000, dx = 1.000000
avances inclinados: inc_x_i = 1.000000, inc_y_i = 1.000000
updated: dy = 1.000000, dx = 1.000000
avances rectos: inc_x_r = 1.000000, inc_y_r 0.000000
reupdated: dy = 1.000000, dx = 1.000000
avanceR = 2.000000, avance 1.000000, avanceI 2.000000
----------------------------------------
x = 25.000000, y = 55.000000
avance = 1.000000, avanceR = 2.000000, avanceI = 2.000000
inc_x_r = 1.000000, inc_y_r = 0.000000, inc_x_i = 1.000000, inc_y_i = 1.000000
avance >= 0

----------------------------------------


PLAYER POSITION: x: 2, y: 5
ANGLE_VISION: 224 - 3.907556
pos_y = 5, pos_x = 2. cos(angle) = -7.207152 | -7, sin(angle) = -6.932313 | -6
-->> pos_y = 5, pos_x = 2
ENTRAMOS A BRESENHAMªªªª
x1 = 25.000000 - y1 = 55.000000 || x2 = 26.000000 - y2 = 56.000000
dy = 1.000000, dx = 1.000000
avances inclinados: inc_x_i = 1.000000, inc_y_i = 1.000000
updated: dy = 1.000000, dx = 1.000000
avances rectos: inc_x_r = 1.000000, inc_y_r 0.000000
reupdated: dy = 1.000000, dx = 1.000000
avanceR = 2.000000, avance 1.000000, avanceI 2.000000
----------------------------------------
x = 25.000000, y = 55.000000
avance = 1.000000, avanceR = 2.000000, avanceI = 2.000000
inc_x_r = 1.000000, inc_y_r = 0.000000, inc_x_i = 1.000000, inc_y_i = 1.000000
avance >= 0

----------------------------------------


PLAYER POSITION: x: 2, y: 5
ANGLE_VISION: 225 - 3.925000
pos_y = 5, pos_x = 2. cos(angle) = -7.085131 | -7, sin(angle) = -7.056977 | -7
-->> pos_y = 5, pos_x = 2
ENTRAMOS A BRESENHAMªªªª
x1 = 25.000000 - y1 = 55.000000 || x2 = 26.000000 - y2 = 56.000000
dy = 1.000000, dx = 1.000000
avances inclinados: inc_x_i = 1.000000, inc_y_i = 1.000000
updated: dy = 1.000000, dx = 1.000000
avances rectos: inc_x_r = 1.000000, inc_y_r 0.000000
reupdated: dy = 1.000000, dx = 1.000000
avanceR = 2.000000, avance 1.000000, avanceI 2.000000
----------------------------------------
x = 25.000000, y = 55.000000
avance = 1.000000, avanceR = 2.000000, avanceI = 2.000000
inc_x_r = 1.000000, inc_y_r = 0.000000, inc_x_i = 1.000000, inc_y_i = 1.000000
avance >= 0

----------------------------------------


PLAYER POSITION: x: 2, y: 5
ANGLE_VISION: 226 - 3.942444
pos_y = 5, pos_x = 2. cos(angle) = -6.960954 | -6, sin(angle) = -7.179493 | -7
-->> pos_y = 5, pos_x = 2
ENTRAMOS A BRESENHAMªªªª
x1 = 25.000000 - y1 = 55.000000 || x2 = 26.000000 - y2 = 56.000000
dy = 1.000000, dx = 1.000000
avances inclinados: inc_x_i = 1.000000, inc_y_i = 1.000000
updated: dy = 1.000000, dx = 1.000000
avances rectos: inc_x_r = 1.000000, inc_y_r 0.000000
reupdated: dy = 1.000000, dx = 1.000000
avanceR = 2.000000, avance 1.000000, avanceI 2.000000
----------------------------------------
x = 25.000000, y = 55.000000
avance = 1.000000, avanceR = 2.000000, avanceI = 2.000000
inc_x_r = 1.000000, inc_y_r = 0.000000, inc_x_i = 1.000000, inc_y_i = 1.000000
avance >= 0

----------------------------------------


PLAYER POSITION: x: 2, y: 5
ANGLE_VISION: 227 - 3.959889
pos_y = 5, pos_x = 2. cos(angle) = -6.834659 | -6, sin(angle) = -7.299824 | -7
-->> pos_y = 5, pos_x = 2
ENTRAMOS A BRESENHAMªªªª
x1 = 25.000000 - y1 = 55.000000 || x2 = 26.000000 - y2 = 56.000000
dy = 1.000000, dx = 1.000000
avances inclinados: inc_x_i = 1.000000, inc_y_i = 1.000000
updated: dy = 1.000000, dx = 1.000000
avances rectos: inc_x_r = 1.000000, inc_y_r 0.000000
reupdated: dy = 1.000000, dx = 1.000000
avanceR = 2.000000, avance 1.000000, avanceI 2.000000
----------------------------------------
x = 25.000000, y = 55.000000
avance = 1.000000, avanceR = 2.000000, avanceI = 2.000000
inc_x_r = 1.000000, inc_y_r = 0.000000, inc_x_i = 1.000000, inc_y_i = 1.000000
avance >= 0

----------------------------------------


PLAYER POSITION: x: 2, y: 5
ANGLE_VISION: 228 - 3.977333
pos_y = 5, pos_x = 2. cos(angle) = -6.706284 | -6, sin(angle) = -7.417934 | -7
-->> pos_y = 5, pos_x = 2
ENTRAMOS A BRESENHAMªªªª
x1 = 25.000000 - y1 = 55.000000 || x2 = 26.000000 - y2 = 56.000000
dy = 1.000000, dx = 1.000000
avances inclinados: inc_x_i = 1.000000, inc_y_i = 1.000000
updated: dy = 1.000000, dx = 1.000000
avances rectos: inc_x_r = 1.000000, inc_y_r 0.000000
reupdated: dy = 1.000000, dx = 1.000000
avanceR = 2.000000, avance 1.000000, avanceI 2.000000
----------------------------------------
x = 25.000000, y = 55.000000
avance = 1.000000, avanceR = 2.000000, avanceI = 2.000000
inc_x_r = 1.000000, inc_y_r = 0.000000, inc_x_i = 1.000000, inc_y_i = 1.000000
avance >= 0

----------------------------------------


ENTRAMOS A BRESENHAMªªªª
x1 = 25.000000 - y1 = 55.000000 || x2 = 26.000000 - y2 = 56.000000
dy = 1.000000, dx = 1.000000
avances inclinados: inc_x_i = 1.000000, inc_y_i = 1.000000
updated: dy = 1.000000, dx = 1.000000
avances rectos: inc_x_r = 1.000000, inc_y_r 0.000000
reupdated: dy = 1.000000, dx = 1.000000
avanceR = 2.000000, avance 1.000000, avanceI 2.000000
----------------------------------------
x = 25.000000, y = 55.000000
avance = 1.000000, avanceR = 2.000000, avanceI = 2.000000
inc_x_r = 1.000000, inc_y_r = 0.000000, inc_x_i = 1.000000, inc_y_i = 1.000000
avance >= 0

----------------------------------------


ENTRAMOS A BRESENHAMªªªª
x1 = 25.000000 - y1 = 55.000000 || x2 = 26.000000 - y2 = 56.000000
dy = 1.000000, dx = 1.000000
avances inclinados: inc_x_i = 1.000000, inc_y_i = 1.000000
updated: dy = 1.000000, dx = 1.000000
avances rectos: inc_x_r = 1.000000, inc_y_r 0.000000
reupdated: dy = 1.000000, dx = 1.000000
avanceR = 2.000000, avance 1.000000, avanceI 2.000000
----------------------------------------
x = 25.000000, y = 55.000000
avance = 1.000000, avanceR = 2.000000, avanceI = 2.000000
inc_x_r = 1.000000, inc_y_r = 0.000000, inc_x_i = 1.000000, inc_y_i = 1.000000
avance >= 0

----------------------------------------


ENTRAMOS A BRESENHAMªªªª
x1 = 25.000000 - y1 = 55.000000 || x2 = 26.000000 - y2 = 56.000000
dy = 1.000000, dx = 1.000000
avances inclinados: inc_x_i = 1.000000, inc_y_i = 1.000000
updated: dy = 1.000000, dx = 1.000000
avances rectos: inc_x_r = 1.000000, inc_y_r 0.000000
reupdated: dy = 1.000000, dx = 1.000000
avanceR = 2.000000, avance 1.000000, avanceI 2.000000
----------------------------------------
x = 25.000000, y = 55.000000
avance = 1.000000, avanceR = 2.000000, avanceI = 2.000000
inc_x_r = 1.000000, inc_y_r = 0.000000, inc_x_i = 1.000000, inc_y_i = 1.000000
avance >= 0

----------------------------------------


ENTRAMOS A BRESENHAMªªªª
x1 = 25.000000 - y1 = 55.000000 || x2 = 26.000000 - y2 = 56.000000
dy = 1.000000, dx = 1.000000
avances inclinados: inc_x_i = 1.000000, inc_y_i = 1.000000
updated: dy = 1.000000, dx = 1.000000
avances rectos: inc_x_r = 1.000000, inc_y_r 0.000000
reupdated: dy = 1.000000, dx = 1.000000
avanceR = 2.000000, avance 1.000000, avanceI 2.000000
----------------------------------------
x = 25.000000, y = 55.000000
avance = 1.000000, avanceR = 2.000000, avanceI = 2.000000
inc_x_r = 1.000000, inc_y_r = 0.000000, inc_x_i = 1.000000, inc_y_i = 1.000000
avance >= 0

----------------------------------------


ENTRAMOS A BRESENHAMªªªª
x1 = 25.000000 - y1 = 55.000000 || x2 = 26.000000 - y2 = 56.000000
dy = 1.000000, dx = 1.000000
avances inclinados: inc_x_i = 1.000000, inc_y_i = 1.000000
updated: dy = 1.000000, dx = 1.000000
avances rectos: inc_x_r = 1.000000, inc_y_r 0.000000
reupdated: dy = 1.000000, dx = 1.000000
avanceR = 2.000000, avance 1.000000, avanceI 2.000000
----------------------------------------
x = 25.000000, y = 55.000000
avance = 1.000000, avanceR = 2.000000, avanceI = 2.000000
inc_x_r = 1.000000, inc_y_r = 0.000000, inc_x_i = 1.000000, inc_y_i = 1.000000
avance >= 0

----------------------------------------


ENTRAMOS A BRESENHAMªªªª
x1 = 25.000000 - y1 = 55.000000 || x2 = 26.000000 - y2 = 56.000000
dy = 1.000000, dx = 1.000000
avances inclinados: inc_x_i = 1.000000, inc_y_i = 1.000000
updated: dy = 1.000000, dx = 1.000000
avances rectos: inc_x_r = 1.000000, inc_y_r 0.000000
reupdated: dy = 1.000000, dx = 1.000000
avanceR = 2.000000, avance 1.000000, avanceI 2.000000
----------------------------------------
x = 25.000000, y = 55.000000
avance = 1.000000, avanceR = 2.000000, avanceI = 2.000000
inc_x_r = 1.000000, inc_y_r = 0.000000, inc_x_i = 1.000000, inc_y_i = 1.000000
avance >= 0

----------------------------------------


ENTRAMOS A BRESENHAMªªªª
x1 = 25.000000 - y1 = 55.000000 || x2 = 26.000000 - y2 = 56.000000
dy = 1.000000, dx = 1.000000
avances inclinados: inc_x_i = 1.000000, inc_y_i = 1.000000
updated: dy = 1.000000, dx = 1.000000
avances rectos: inc_x_r = 1.000000, inc_y_r 0.000000
reupdated: dy = 1.000000, dx = 1.000000
avanceR = 2.000000, avance 1.000000, avanceI 2.000000
----------------------------------------
x = 25.000000, y = 55.000000
avance = 1.000000, avanceR = 2.000000, avanceI = 2.000000
inc_x_r = 1.000000, inc_y_r = 0.000000, inc_x_i = 1.000000, inc_y_i = 1.000000
avance >= 0

----------------------------------------


PLAYER POSITION: x: 2, y: 5
ANGLE_VISION: 229 - 3.994778
pos_y = 5, pos_x = 2. cos(angle) = -6.575869 | -6, sin(angle) = -7.533787 | -7
-->> pos_y = 5, pos_x = 2
ENTRAMOS A BRESENHAMªªªª
x1 = 25.000000 - y1 = 55.000000 || x2 = 26.000000 - y2 = 56.000000
dy = 1.000000, dx = 1.000000
avances inclinados: inc_x_i = 1.000000, inc_y_i = 1.000000
updated: dy = 1.000000, dx = 1.000000
avances rectos: inc_x_r = 1.000000, inc_y_r 0.000000
reupdated: dy = 1.000000, dx = 1.000000
avanceR = 2.000000, avance 1.000000, avanceI 2.000000
----------------------------------------
x = 25.000000, y = 55.000000
avance = 1.000000, avanceR = 2.000000, avanceI = 2.000000
inc_x_r = 1.000000, inc_y_r = 0.000000, inc_x_i = 1.000000, inc_y_i = 1.000000
avance >= 0

----------------------------------------


PLAYER POSITION: x: 2, y: 5
ANGLE_VISION: 230 - 4.012222
pos_y = 5, pos_x = 2. cos(angle) = -6.443452 | -6, sin(angle) = -7.647347 | -7
-->> pos_y = 5, pos_x = 2
ENTRAMOS A BRESENHAMªªªª
x1 = 25.000000 - y1 = 55.000000 || x2 = 26.000000 - y2 = 56.000000
dy = 1.000000, dx = 1.000000
avances inclinados: inc_x_i = 1.000000, inc_y_i = 1.000000
updated: dy = 1.000000, dx = 1.000000
avances rectos: inc_x_r = 1.000000, inc_y_r 0.000000
reupdated: dy = 1.000000, dx = 1.000000
avanceR = 2.000000, avance 1.000000, avanceI 2.000000
----------------------------------------
x = 25.000000, y = 55.000000
avance = 1.000000, avanceR = 2.000000, avanceI = 2.000000
inc_x_r = 1.000000, inc_y_r = 0.000000, inc_x_i = 1.000000, inc_y_i = 1.000000
avance >= 0

----------------------------------------


PLAYER POSITION: x: 2, y: 5
ANGLE_VISION: 231 - 4.029667
pos_y = 5, pos_x = 2. cos(angle) = -6.309075 | -6, sin(angle) = -7.758581 | -7
-->> pos_y = 5, pos_x = 2
ENTRAMOS A BRESENHAMªªªª
x1 = 25.000000 - y1 = 55.000000 || x2 = 26.000000 - y2 = 56.000000
dy = 1.000000, dx = 1.000000
avances inclinados: inc_x_i = 1.000000, inc_y_i = 1.000000
updated: dy = 1.000000, dx = 1.000000
avances rectos: inc_x_r = 1.000000, inc_y_r 0.000000
reupdated: dy = 1.000000, dx = 1.000000
avanceR = 2.000000, avance 1.000000, avanceI 2.000000
----------------------------------------
x = 25.000000, y = 55.000000
avance = 1.000000, avanceR = 2.000000, avanceI = 2.000000
inc_x_r = 1.000000, inc_y_r = 0.000000, inc_x_i = 1.000000, inc_y_i = 1.000000
avance >= 0

----------------------------------------


PLAYER POSITION: x: 2, y: 5
ANGLE_VISION: 232 - 4.047111
pos_y = 5, pos_x = 2. cos(angle) = -6.172778 | -6, sin(angle) = -7.867453 | -7
-->> pos_y = 5, pos_x = 2
ENTRAMOS A BRESENHAMªªªª
x1 = 25.000000 - y1 = 55.000000 || x2 = 26.000000 - y2 = 56.000000
dy = 1.000000, dx = 1.000000
avances inclinados: inc_x_i = 1.000000, inc_y_i = 1.000000
updated: dy = 1.000000, dx = 1.000000
avances rectos: inc_x_r = 1.000000, inc_y_r 0.000000
reupdated: dy = 1.000000, dx = 1.000000
avanceR = 2.000000, avance 1.000000, avanceI 2.000000
----------------------------------------
x = 25.000000, y = 55.000000
avance = 1.000000, avanceR = 2.000000, avanceI = 2.000000
inc_x_r = 1.000000, inc_y_r = 0.000000, inc_x_i = 1.000000, inc_y_i = 1.000000
avance >= 0

----------------------------------------


PLAYER POSITION: x: 2, y: 5
ANGLE_VISION: 233 - 4.064556
pos_y = 5, pos_x = 2. cos(angle) = -6.034602 | -6, sin(angle) = -7.973931 | -7
-->> pos_y = 5, pos_x = 2
ENTRAMOS A BRESENHAMªªªª
x1 = 25.000000 - y1 = 55.000000 || x2 = 26.000000 - y2 = 56.000000
dy = 1.000000, dx = 1.000000
avances inclinados: inc_x_i = 1.000000, inc_y_i = 1.000000
updated: dy = 1.000000, dx = 1.000000
avances rectos: inc_x_r = 1.000000, inc_y_r 0.000000
reupdated: dy = 1.000000, dx = 1.000000
avanceR = 2.000000, avance 1.000000, avanceI 2.000000
----------------------------------------
x = 25.000000, y = 55.000000
avance = 1.000000, avanceR = 2.000000, avanceI = 2.000000
inc_x_r = 1.000000, inc_y_r = 0.000000, inc_x_i = 1.000000, inc_y_i = 1.000000
avance >= 0

----------------------------------------


PLAYER POSITION: x: 2, y: 5
ANGLE_VISION: 234 - 4.082000
pos_y = 5, pos_x = 2. cos(angle) = -5.894590 | -5, sin(angle) = -8.077983 | -8
-->> pos_y = 5, pos_x = 2
ENTRAMOS A BRESENHAMªªªª
x1 = 25.000000 - y1 = 55.000000 || x2 = 26.000000 - y2 = 56.000000
dy = 1.000000, dx = 1.000000
avances inclinados: inc_x_i = 1.000000, inc_y_i = 1.000000
updated: dy = 1.000000, dx = 1.000000
avances rectos: inc_x_r = 1.000000, inc_y_r 0.000000
reupdated: dy = 1.000000, dx = 1.000000
avanceR = 2.000000, avance 1.000000, avanceI 2.000000
----------------------------------------
x = 25.000000, y = 55.000000
avance = 1.000000, avanceR = 2.000000, avanceI = 2.000000
inc_x_r = 1.000000, inc_y_r = 0.000000, inc_x_i = 1.000000, inc_y_i = 1.000000
avance >= 0

----------------------------------------


PLAYER POSITION: x: 2, y: 5
ANGLE_VISION: 235 - 4.099444
pos_y = 5, pos_x = 2. cos(angle) = -5.752785 | -5, sin(angle) = -8.179576 | -8
-->> pos_y = 5, pos_x = 2
ENTRAMOS A BRESENHAMªªªª
x1 = 25.000000 - y1 = 55.000000 || x2 = 26.000000 - y2 = 56.000000
dy = 1.000000, dx = 1.000000
avances inclinados: inc_x_i = 1.000000, inc_y_i = 1.000000
updated: dy = 1.000000, dx = 1.000000
avances rectos: inc_x_r = 1.000000, inc_y_r 0.000000
reupdated: dy = 1.000000, dx = 1.000000
avanceR = 2.000000, avance 1.000000, avanceI 2.000000
----------------------------------------
x = 25.000000, y = 55.000000
avance = 1.000000, avanceR = 2.000000, avanceI = 2.000000
inc_x_r = 1.000000, inc_y_r = 0.000000, inc_x_i = 1.000000, inc_y_i = 1.000000
avance >= 0

----------------------------------------


ENTRAMOS A BRESENHAMªªªª
x1 = 25.000000 - y1 = 55.000000 || x2 = 26.000000 - y2 = 56.000000
dy = 1.000000, dx = 1.000000
avances inclinados: inc_x_i = 1.000000, inc_y_i = 1.000000
updated: dy = 1.000000, dx = 1.000000
avances rectos: inc_x_r = 1.000000, inc_y_r 0.000000
reupdated: dy = 1.000000, dx = 1.000000
avanceR = 2.000000, avance 1.000000, avanceI 2.000000
----------------------------------------
x = 25.000000, y = 55.000000
avance = 1.000000, avanceR = 2.000000, avanceI = 2.000000
inc_x_r = 1.000000, inc_y_r = 0.000000, inc_x_i = 1.000000, inc_y_i = 1.000000
avance >= 0

----------------------------------------


ENTRAMOS A BRESENHAMªªªª
x1 = 25.000000 - y1 = 55.000000 || x2 = 26.000000 - y2 = 56.000000
dy = 1.000000, dx = 1.000000
avances inclinados: inc_x_i = 1.000000, inc_y_i = 1.000000
updated: dy = 1.000000, dx = 1.000000
avances rectos: inc_x_r = 1.000000, inc_y_r 0.000000
reupdated: dy = 1.000000, dx = 1.000000
avanceR = 2.000000, avance 1.000000, avanceI 2.000000
----------------------------------------
x = 25.000000, y = 55.000000
avance = 1.000000, avanceR = 2.000000, avanceI = 2.000000
inc_x_r = 1.000000, inc_y_r = 0.000000, inc_x_i = 1.000000, inc_y_i = 1.000000
avance >= 0

----------------------------------------


ENTRAMOS A BRESENHAMªªªª
x1 = 25.000000 - y1 = 55.000000 || x2 = 26.000000 - y2 = 56.000000
dy = 1.000000, dx = 1.000000
avances inclinados: inc_x_i = 1.000000, inc_y_i = 1.000000
updated: dy = 1.000000, dx = 1.000000
avances rectos: inc_x_r = 1.000000, inc_y_r 0.000000
reupdated: dy = 1.000000, dx = 1.000000
avanceR = 2.000000, avance 1.000000, avanceI 2.000000
----------------------------------------
x = 25.000000, y = 55.000000
avance = 1.000000, avanceR = 2.000000, avanceI = 2.000000
inc_x_r = 1.000000, inc_y_r = 0.000000, inc_x_i = 1.000000, inc_y_i = 1.000000
avance >= 0

----------------------------------------


ENTRAMOS A BRESENHAMªªªª
x1 = 25.000000 - y1 = 55.000000 || x2 = 26.000000 - y2 = 56.000000
dy = 1.000000, dx = 1.000000
avances inclinados: inc_x_i = 1.000000, inc_y_i = 1.000000
updated: dy = 1.000000, dx = 1.000000
avances rectos: inc_x_r = 1.000000, inc_y_r 0.000000
reupdated: dy = 1.000000, dx = 1.000000
avanceR = 2.000000, avance 1.000000, avanceI 2.000000
----------------------------------------
x = 25.000000, y = 55.000000
avance = 1.000000, avanceR = 2.000000, avanceI = 2.000000
inc_x_r = 1.000000, inc_y_r = 0.000000, inc_x_i = 1.000000, inc_y_i = 1.000000
avance >= 0

----------------------------------------


ENTRAMOS A BRESENHAMªªªª
x1 = 25.000000 - y1 = 55.000000 || x2 = 26.000000 - y2 = 56.000000
dy = 1.000000, dx = 1.000000
avances inclinados: inc_x_i = 1.000000, inc_y_i = 1.000000
updated: dy = 1.000000, dx = 1.000000
avances rectos: inc_x_r = 1.000000, inc_y_r 0.000000
reupdated: dy = 1.000000, dx = 1.000000
avanceR = 2.000000, avance 1.000000, avanceI 2.000000
----------------------------------------
x = 25.000000, y = 55.000000
avance = 1.000000, avanceR = 2.000000, avanceI = 2.000000
inc_x_r = 1.000000, inc_y_r = 0.000000, inc_x_i = 1.000000, inc_y_i = 1.000000
avance >= 0

----------------------------------------


ENTRAMOS A BRESENHAMªªªª
x1 = 25.000000 - y1 = 55.000000 || x2 = 26.000000 - y2 = 56.000000
dy = 1.000000, dx = 1.000000
avances inclinados: inc_x_i = 1.000000, inc_y_i = 1.000000
updated: dy = 1.000000, dx = 1.000000
avances rectos: inc_x_r = 1.000000, inc_y_r 0.000000
reupdated: dy = 1.000000, dx = 1.000000
avanceR = 2.000000, avance 1.000000, avanceI 2.000000
----------------------------------------
x = 25.000000, y = 55.000000
avance = 1.000000, avanceR = 2.000000, avanceI = 2.000000
inc_x_r = 1.000000, inc_y_r = 0.000000, inc_x_i = 1.000000, inc_y_i = 1.000000
avance >= 0

----------------------------------------


PLAYER POSITION: x: 2, y: 5
ANGLE_VISION: 236 - 4.116889
pos_y = 5, pos_x = 2. cos(angle) = -5.609228 | -5, sin(angle) = -8.278681 | -8
-->> pos_y = 5, pos_x = 2
ENTRAMOS A BRESENHAMªªªª
x1 = 25.000000 - y1 = 55.000000 || x2 = 26.000000 - y2 = 56.000000
dy = 1.000000, dx = 1.000000
avances inclinados: inc_x_i = 1.000000, inc_y_i = 1.000000
updated: dy = 1.000000, dx = 1.000000
avances rectos: inc_x_r = 1.000000, inc_y_r 0.000000
reupdated: dy = 1.000000, dx = 1.000000
avanceR = 2.000000, avance 1.000000, avanceI 2.000000
----------------------------------------
x = 25.000000, y = 55.000000
avance = 1.000000, avanceR = 2.000000, avanceI = 2.000000
inc_x_r = 1.000000, inc_y_r = 0.000000, inc_x_i = 1.000000, inc_y_i = 1.000000
avance >= 0

----------------------------------------


PLAYER POSITION: x: 2, y: 5
ANGLE_VISION: 237 - 4.134333
pos_y = 5, pos_x = 2. cos(angle) = -5.463965 | -5, sin(angle) = -8.375266 | -8
-->> pos_y = 5, pos_x = 2
ENTRAMOS A BRESENHAMªªªª
x1 = 25.000000 - y1 = 55.000000 || x2 = 26.000000 - y2 = 56.000000
dy = 1.000000, dx = 1.000000
avances inclinados: inc_x_i = 1.000000, inc_y_i = 1.000000
updated: dy = 1.000000, dx = 1.000000
avances rectos: inc_x_r = 1.000000, inc_y_r 0.000000
reupdated: dy = 1.000000, dx = 1.000000
avanceR = 2.000000, avance 1.000000, avanceI 2.000000
----------------------------------------
x = 25.000000, y = 55.000000
avance = 1.000000, avanceR = 2.000000, avanceI = 2.000000
inc_x_r = 1.000000, inc_y_r = 0.000000, inc_x_i = 1.000000, inc_y_i = 1.000000
avance >= 0

----------------------------------------


PLAYER POSITION: x: 2, y: 5
ANGLE_VISION: 238 - 4.151778
pos_y = 5, pos_x = 2. cos(angle) = -5.317039 | -5, sin(angle) = -8.469303 | -8
-->> pos_y = 5, pos_x = 2
ENTRAMOS A BRESENHAMªªªª
x1 = 25.000000 - y1 = 55.000000 || x2 = 26.000000 - y2 = 56.000000
dy = 1.000000, dx = 1.000000
avances inclinados: inc_x_i = 1.000000, inc_y_i = 1.000000
updated: dy = 1.000000, dx = 1.000000
avances rectos: inc_x_r = 1.000000, inc_y_r 0.000000
reupdated: dy = 1.000000, dx = 1.000000
avanceR = 2.000000, avance 1.000000, avanceI 2.000000
----------------------------------------
x = 25.000000, y = 55.000000
avance = 1.000000, avanceR = 2.000000, avanceI = 2.000000
inc_x_r = 1.000000, inc_y_r = 0.000000, inc_x_i = 1.000000, inc_y_i = 1.000000
avance >= 0

----------------------------------------


PLAYER POSITION: x: 2, y: 5
ANGLE_VISION: 239 - 4.169222
pos_y = 5, pos_x = 2. cos(angle) = -5.168496 | -5, sin(angle) = -8.560762 | -8
-->> pos_y = 5, pos_x = 2
ENTRAMOS A BRESENHAMªªªª
x1 = 25.000000 - y1 = 55.000000 || x2 = 26.000000 - y2 = 56.000000
dy = 1.000000, dx = 1.000000
avances inclinados: inc_x_i = 1.000000, inc_y_i = 1.000000
updated: dy = 1.000000, dx = 1.000000
avances rectos: inc_x_r = 1.000000, inc_y_r 0.000000
reupdated: dy = 1.000000, dx = 1.000000
avanceR = 2.000000, avance 1.000000, avanceI 2.000000
----------------------------------------
x = 25.000000, y = 55.000000
avance = 1.000000, avanceR = 2.000000, avanceI = 2.000000
inc_x_r = 1.000000, inc_y_r = 0.000000, inc_x_i = 1.000000, inc_y_i = 1.000000
avance >= 0

----------------------------------------


PLAYER POSITION: x: 2, y: 5
ANGLE_VISION: 240 - 4.186667
pos_y = 5, pos_x = 2. cos(angle) = -5.018379 | -5, sin(angle) = -8.649617 | -8
-->> pos_y = 5, pos_x = 2
ENTRAMOS A BRESENHAMªªªª
x1 = 25.000000 - y1 = 55.000000 || x2 = 26.000000 - y2 = 56.000000
dy = 1.000000, dx = 1.000000
avances inclinados: inc_x_i = 1.000000, inc_y_i = 1.000000
updated: dy = 1.000000, dx = 1.000000
avances rectos: inc_x_r = 1.000000, inc_y_r 0.000000
reupdated: dy = 1.000000, dx = 1.000000
avanceR = 2.000000, avance 1.000000, avanceI 2.000000
----------------------------------------
x = 25.000000, y = 55.000000
avance = 1.000000, avanceR = 2.000000, avanceI = 2.000000
inc_x_r = 1.000000, inc_y_r = 0.000000, inc_x_i = 1.000000, inc_y_i = 1.000000
avance >= 0

----------------------------------------


PLAYER POSITION: x: 2, y: 5
ANGLE_VISION: 241 - 4.204111
pos_y = 5, pos_x = 2. cos(angle) = -4.866735 | -4, sin(angle) = -8.735839 | -8
-->> pos_y = 5, pos_x = 2
ENTRAMOS A BRESENHAMªªªª
x1 = 25.000000 - y1 = 55.000000 || x2 = 26.000000 - y2 = 56.000000
dy = 1.000000, dx = 1.000000
avances inclinados: inc_x_i = 1.000000, inc_y_i = 1.000000
updated: dy = 1.000000, dx = 1.000000
avances rectos: inc_x_r = 1.000000, inc_y_r 0.000000
reupdated: dy = 1.000000, dx = 1.000000
avanceR = 2.000000, avance 1.000000, avanceI 2.000000
----------------------------------------
x = 25.000000, y = 55.000000
avance = 1.000000, avanceR = 2.000000, avanceI = 2.000000
inc_x_r = 1.000000, inc_y_r = 0.000000, inc_x_i = 1.000000, inc_y_i = 1.000000
avance >= 0

----------------------------------------


PLAYER POSITION: x: 2, y: 5
ANGLE_VISION: 242 - 4.221556
pos_y = 5, pos_x = 2. cos(angle) = -4.713611 | -4, sin(angle) = -8.819403 | -8
-->> pos_y = 5, pos_x = 2
ENTRAMOS A BRESENHAMªªªª
x1 = 25.000000 - y1 = 55.000000 || x2 = 26.000000 - y2 = 56.000000
dy = 1.000000, dx = 1.000000
avances inclinados: inc_x_i = 1.000000, inc_y_i = 1.000000
updated: dy = 1.000000, dx = 1.000000
avances rectos: inc_x_r = 1.000000, inc_y_r 0.000000
reupdated: dy = 1.000000, dx = 1.000000
avanceR = 2.000000, avance 1.000000, avanceI 2.000000
----------------------------------------
x = 25.000000, y = 55.000000
avance = 1.000000, avanceR = 2.000000, avanceI = 2.000000
inc_x_r = 1.000000, inc_y_r = 0.000000, inc_x_i = 1.000000, inc_y_i = 1.000000
avance >= 0

----------------------------------------


PLAYER POSITION: x: 2, y: 5
ANGLE_VISION: 243 - 4.239000
pos_y = 5, pos_x = 2. cos(angle) = -4.559052 | -4, sin(angle) = -8.900283 | -8
-->> pos_y = 5, pos_x = 2
ENTRAMOS A BRESENHAMªªªª
x1 = 25.000000 - y1 = 55.000000 || x2 = 26.000000 - y2 = 56.000000
dy = 1.000000, dx = 1.000000
avances inclinados: inc_x_i = 1.000000, inc_y_i = 1.000000
updated: dy = 1.000000, dx = 1.000000
avances rectos: inc_x_r = 1.000000, inc_y_r 0.000000
reupdated: dy = 1.000000, dx = 1.000000
avanceR = 2.000000, avance 1.000000, avanceI 2.000000
----------------------------------------
x = 25.000000, y = 55.000000
avance = 1.000000, avanceR = 2.000000, avanceI = 2.000000
inc_x_r = 1.000000, inc_y_r = 0.000000, inc_x_i = 1.000000, inc_y_i = 1.000000
avance >= 0

----------------------------------------


ENTRAMOS A BRESENHAMªªªª
x1 = 25.000000 - y1 = 55.000000 || x2 = 26.000000 - y2 = 56.000000
dy = 1.000000, dx = 1.000000
avances inclinados: inc_x_i = 1.000000, inc_y_i = 1.000000
updated: dy = 1.000000, dx = 1.000000
avances rectos: inc_x_r = 1.000000, inc_y_r 0.000000
reupdated: dy = 1.000000, dx = 1.000000
avanceR = 2.000000, avance 1.000000, avanceI 2.000000
----------------------------------------
x = 25.000000, y = 55.000000
avance = 1.000000, avanceR = 2.000000, avanceI = 2.000000
inc_x_r = 1.000000, inc_y_r = 0.000000, inc_x_i = 1.000000, inc_y_i = 1.000000
avance >= 0

----------------------------------------


ENTRAMOS A BRESENHAMªªªª
x1 = 25.000000 - y1 = 55.000000 || x2 = 26.000000 - y2 = 56.000000
dy = 1.000000, dx = 1.000000
avances inclinados: inc_x_i = 1.000000, inc_y_i = 1.000000
updated: dy = 1.000000, dx = 1.000000
avances rectos: inc_x_r = 1.000000, inc_y_r 0.000000
reupdated: dy = 1.000000, dx = 1.000000
avanceR = 2.000000, avance 1.000000, avanceI 2.000000
----------------------------------------
x = 25.000000, y = 55.000000
avance = 1.000000, avanceR = 2.000000, avanceI = 2.000000
inc_x_r = 1.000000, inc_y_r = 0.000000, inc_x_i = 1.000000, inc_y_i = 1.000000
avance >= 0

----------------------------------------


ENTRAMOS A BRESENHAMªªªª
x1 = 25.000000 - y1 = 55.000000 || x2 = 26.000000 - y2 = 56.000000
dy = 1.000000, dx = 1.000000
avances inclinados: inc_x_i = 1.000000, inc_y_i = 1.000000
updated: dy = 1.000000, dx = 1.000000
avances rectos: inc_x_r = 1.000000, inc_y_r 0.000000
reupdated: dy = 1.000000, dx = 1.000000
avanceR = 2.000000, avance 1.000000, avanceI 2.000000
----------------------------------------
x = 25.000000, y = 55.000000
avance = 1.000000, avanceR = 2.000000, avanceI = 2.000000
inc_x_r = 1.000000, inc_y_r = 0.000000, inc_x_i = 1.000000, inc_y_i = 1.000000
avance >= 0

----------------------------------------


ENTRAMOS A BRESENHAMªªªª
x1 = 25.000000 - y1 = 55.000000 || x2 = 26.000000 - y2 = 56.000000
dy = 1.000000, dx = 1.000000
avances inclinados: inc_x_i = 1.000000, inc_y_i = 1.000000
updated: dy = 1.000000, dx = 1.000000
avances rectos: inc_x_r = 1.000000, inc_y_r 0.000000
reupdated: dy = 1.000000, dx = 1.000000
avanceR = 2.000000, avance 1.000000, avanceI 2.000000
----------------------------------------
x = 25.000000, y = 55.000000
avance = 1.000000, avanceR = 2.000000, avanceI = 2.000000
inc_x_r = 1.000000, inc_y_r = 0.000000, inc_x_i = 1.000000, inc_y_i = 1.000000
avance >= 0

----------------------------------------


ENTRAMOS A BRESENHAMªªªª
x1 = 35.000000 - y1 = 55.000000 || x2 = 36.000000 - y2 = 56.000000
dy = 1.000000, dx = 1.000000
avances inclinados: inc_x_i = 1.000000, inc_y_i = 1.000000
updated: dy = 1.000000, dx = 1.000000
avances rectos: inc_x_r = 1.000000, inc_y_r 0.000000
reupdated: dy = 1.000000, dx = 1.000000
avanceR = 2.000000, avance 1.000000, avanceI 2.000000
----------------------------------------
x = 35.000000, y = 55.000000
avance = 1.000000, avanceR = 2.000000, avanceI = 2.000000
inc_x_r = 1.000000, inc_y_r = 0.000000, inc_x_i = 1.000000, inc_y_i = 1.000000
avance >= 0

----------------------------------------


ENTRAMOS A BRESENHAMªªªª
x1 = 45.000000 - y1 = 55.000000 || x2 = 46.000000 - y2 = 56.000000
dy = 1.000000, dx = 1.000000
avances inclinados: inc_x_i = 1.000000, inc_y_i = 1.000000
updated: dy = 1.000000, dx = 1.000000
avances rectos: inc_x_r = 1.000000, inc_y_r 0.000000
reupdated: dy = 1.000000, dx = 1.000000
avanceR = 2.000000, avance 1.000000, avanceI 2.000000
----------------------------------------
x = 45.000000, y = 55.000000
avance = 1.000000, avanceR = 2.000000, avanceI = 2.000000
inc_x_r = 1.000000, inc_y_r = 0.000000, inc_x_i = 1.000000, inc_y_i = 1.000000
avance >= 0

----------------------------------------


ENTRAMOS A BRESENHAMªªªª
x1 = 55.000000 - y1 = 55.000000 || x2 = 56.000000 - y2 = 56.000000
dy = 1.000000, dx = 1.000000
avances inclinados: inc_x_i = 1.000000, inc_y_i = 1.000000
updated: dy = 1.000000, dx = 1.000000
avances rectos: inc_x_r = 1.000000, inc_y_r 0.000000
reupdated: dy = 1.000000, dx = 1.000000
avanceR = 2.000000, avance 1.000000, avanceI 2.000000
----------------------------------------
x = 55.000000, y = 55.000000
avance = 1.000000, avanceR = 2.000000, avanceI = 2.000000
inc_x_r = 1.000000, inc_y_r = 0.000000, inc_x_i = 1.000000, inc_y_i = 1.000000
avance >= 0

----------------------------------------


ENTRAMOS A BRESENHAMªªªª
x1 = 65.000000 - y1 = 55.000000 || x2 = 66.000000 - y2 = 56.000000
dy = 1.000000, dx = 1.000000
avances inclinados: inc_x_i = 1.000000, inc_y_i = 1.000000
updated: dy = 1.000000, dx = 1.000000
avances rectos: inc_x_r = 1.000000, inc_y_r 0.000000
reupdated: dy = 1.000000, dx = 1.000000
avanceR = 2.000000, avance 1.000000, avanceI 2.000000
----------------------------------------
x = 65.000000, y = 55.000000
avance = 1.000000, avanceR = 2.000000, avanceI = 2.000000
inc_x_r = 1.000000, inc_y_r = 0.000000, inc_x_i = 1.000000, inc_y_i = 1.000000
avance >= 0

----------------------------------------


ENTRAMOS A BRESENHAMªªªª
x1 = 75.000000 - y1 = 55.000000 || x2 = 76.000000 - y2 = 56.000000
dy = 1.000000, dx = 1.000000
avances inclinados: inc_x_i = 1.000000, inc_y_i = 1.000000
updated: dy = 1.000000, dx = 1.000000
avances rectos: inc_x_r = 1.000000, inc_y_r 0.000000
reupdated: dy = 1.000000, dx = 1.000000
avanceR = 2.000000, avance 1.000000, avanceI 2.000000
----------------------------------------
x = 75.000000, y = 55.000000
avance = 1.000000, avanceR = 2.000000, avanceI = 2.000000
inc_x_r = 1.000000, inc_y_r = 0.000000, inc_x_i = 1.000000, inc_y_i = 1.000000
avance >= 0

----------------------------------------


ENTRAMOS A BRESENHAMªªªª
x1 = 85.000000 - y1 = 55.000000 || x2 = 86.000000 - y2 = 56.000000
dy = 1.000000, dx = 1.000000
avances inclinados: inc_x_i = 1.000000, inc_y_i = 1.000000
updated: dy = 1.000000, dx = 1.000000
avances rectos: inc_x_r = 1.000000, inc_y_r 0.000000
reupdated: dy = 1.000000, dx = 1.000000
avanceR = 2.000000, avance 1.000000, avanceI 2.000000
----------------------------------------
x = 85.000000, y = 55.000000
avance = 1.000000, avanceR = 2.000000, avanceI = 2.000000
inc_x_r = 1.000000, inc_y_r = 0.000000, inc_x_i = 1.000000, inc_y_i = 1.000000
avance >= 0

----------------------------------------


ENTRAMOS A BRESENHAMªªªª
x1 = 95.000000 - y1 = 55.000000 || x2 = 96.000000 - y2 = 56.000000
dy = 1.000000, dx = 1.000000
avances inclinados: inc_x_i = 1.000000, inc_y_i = 1.000000
updated: dy = 1.000000, dx = 1.000000
avances rectos: inc_x_r = 1.000000, inc_y_r 0.000000
reupdated: dy = 1.000000, dx = 1.000000
avanceR = 2.000000, avance 1.000000, avanceI 2.000000
----------------------------------------
x = 95.000000, y = 55.000000
avance = 1.000000, avanceR = 2.000000, avanceI = 2.000000
inc_x_r = 1.000000, inc_y_r = 0.000000, inc_x_i = 1.000000, inc_y_i = 1.000000
avance >= 0

----------------------------------------


ENTRAMOS A BRESENHAMªªªª
x1 = 105.000000 - y1 = 55.000000 || x2 = 106.000000 - y2 = 56.000000
dy = 1.000000, dx = 1.000000
avances inclinados: inc_x_i = 1.000000, inc_y_i = 1.000000
updated: dy = 1.000000, dx = 1.000000
avances rectos: inc_x_r = 1.000000, inc_y_r 0.000000
reupdated: dy = 1.000000, dx = 1.000000
avanceR = 2.000000, avance 1.000000, avanceI 2.000000
----------------------------------------
x = 105.000000, y = 55.000000
avance = 1.000000, avanceR = 2.000000, avanceI = 2.000000
inc_x_r = 1.000000, inc_y_r = 0.000000, inc_x_i = 1.000000, inc_y_i = 1.000000
avance >= 0

----------------------------------------


ENTRAMOS A BRESENHAMªªªª
x1 = 115.000000 - y1 = 55.000000 || x2 = 116.000000 - y2 = 56.000000
dy = 1.000000, dx = 1.000000
avances inclinados: inc_x_i = 1.000000, inc_y_i = 1.000000
updated: dy = 1.000000, dx = 1.000000
avances rectos: inc_x_r = 1.000000, inc_y_r 0.000000
reupdated: dy = 1.000000, dx = 1.000000
avanceR = 2.000000, avance 1.000000, avanceI 2.000000
----------------------------------------
x = 115.000000, y = 55.000000
avance = 1.000000, avanceR = 2.000000, avanceI = 2.000000
inc_x_r = 1.000000, inc_y_r = 0.000000, inc_x_i = 1.000000, inc_y_i = 1.000000
avance >= 0

----------------------------------------


ENTRAMOS A BRESENHAMªªªª
x1 = 125.000000 - y1 = 55.000000 || x2 = 126.000000 - y2 = 56.000000
dy = 1.000000, dx = 1.000000
avances inclinados: inc_x_i = 1.000000, inc_y_i = 1.000000
updated: dy = 1.000000, dx = 1.000000
avances rectos: inc_x_r = 1.000000, inc_y_r 0.000000
reupdated: dy = 1.000000, dx = 1.000000
avanceR = 2.000000, avance 1.000000, avanceI 2.000000
----------------------------------------
x = 125.000000, y = 55.000000
avance = 1.000000, avanceR = 2.000000, avanceI = 2.000000
inc_x_r = 1.000000, inc_y_r = 0.000000, inc_x_i = 1.000000, inc_y_i = 1.000000
avance >= 0

----------------------------------------


ENTRAMOS A BRESENHAMªªªª
x1 = 135.000000 - y1 = 55.000000 || x2 = 136.000000 - y2 = 56.000000
dy = 1.000000, dx = 1.000000
avances inclinados: inc_x_i = 1.000000, inc_y_i = 1.000000
updated: dy = 1.000000, dx = 1.000000
avances rectos: inc_x_r = 1.000000, inc_y_r 0.000000
reupdated: dy = 1.000000, dx = 1.000000
avanceR = 2.000000, avance 1.000000, avanceI 2.000000
----------------------------------------
x = 135.000000, y = 55.000000
avance = 1.000000, avanceR = 2.000000, avanceI = 2.000000
inc_x_r = 1.000000, inc_y_r = 0.000000, inc_x_i = 1.000000, inc_y_i = 1.000000
avance >= 0

----------------------------------------


ENTRAMOS A BRESENHAMªªªª
x1 = 135.000000 - y1 = 55.000000 || x2 = 136.000000 - y2 = 56.000000
dy = 1.000000, dx = 1.000000
avances inclinados: inc_x_i = 1.000000, inc_y_i = 1.000000
updated: dy = 1.000000, dx = 1.000000
avances rectos: inc_x_r = 1.000000, inc_y_r 0.000000
reupdated: dy = 1.000000, dx = 1.000000
avanceR = 2.000000, avance 1.000000, avanceI 2.000000
----------------------------------------
x = 135.000000, y = 55.000000
avance = 1.000000, avanceR = 2.000000, avanceI = 2.000000
inc_x_r = 1.000000, inc_y_r = 0.000000, inc_x_i = 1.000000, inc_y_i = 1.000000
avance >= 0

----------------------------------------


ENTRAMOS A BRESENHAMªªªª
x1 = 135.000000 - y1 = 55.000000 || x2 = 136.000000 - y2 = 56.000000
dy = 1.000000, dx = 1.000000
avances inclinados: inc_x_i = 1.000000, inc_y_i = 1.000000
updated: dy = 1.000000, dx = 1.000000
avances rectos: inc_x_r = 1.000000, inc_y_r 0.000000
reupdated: dy = 1.000000, dx = 1.000000
avanceR = 2.000000, avance 1.000000, avanceI 2.000000
----------------------------------------
x = 135.000000, y = 55.000000
avance = 1.000000, avanceR = 2.000000, avanceI = 2.000000
inc_x_r = 1.000000, inc_y_r = 0.000000, inc_x_i = 1.000000, inc_y_i = 1.000000
avance >= 0

----------------------------------------


ENTRAMOS A BRESENHAMªªªª
x1 = 135.000000 - y1 = 65.000000 || x2 = 136.000000 - y2 = 66.000000
dy = 1.000000, dx = 1.000000
avances inclinados: inc_x_i = 1.000000, inc_y_i = 1.000000
updated: dy = 1.000000, dx = 1.000000
avances rectos: inc_x_r = 1.000000, inc_y_r 0.000000
reupdated: dy = 1.000000, dx = 1.000000
avanceR = 2.000000, avance 1.000000, avanceI 2.000000
----------------------------------------
x = 135.000000, y = 65.000000
avance = 1.000000, avanceR = 2.000000, avanceI = 2.000000
inc_x_r = 1.000000, inc_y_r = 0.000000, inc_x_i = 1.000000, inc_y_i = 1.000000
avance >= 0

----------------------------------------


ENTRAMOS A BRESENHAMªªªª
x1 = 135.000000 - y1 = 75.000000 || x2 = 136.000000 - y2 = 76.000000
dy = 1.000000, dx = 1.000000
avances inclinados: inc_x_i = 1.000000, inc_y_i = 1.000000
updated: dy = 1.000000, dx = 1.000000
avances rectos: inc_x_r = 1.000000, inc_y_r 0.000000
reupdated: dy = 1.000000, dx = 1.000000
avanceR = 2.000000, avance 1.000000, avanceI 2.000000
----------------------------------------
x = 135.000000, y = 75.000000
avance = 1.000000, avanceR = 2.000000, avanceI = 2.000000
inc_x_r = 1.000000, inc_y_r = 0.000000, inc_x_i = 1.000000, inc_y_i = 1.000000
avance >= 0

----------------------------------------


ENTRAMOS A BRESENHAMªªªª
x1 = 135.000000 - y1 = 85.000000 || x2 = 136.000000 - y2 = 86.000000
dy = 1.000000, dx = 1.000000
avances inclinados: inc_x_i = 1.000000, inc_y_i = 1.000000
updated: dy = 1.000000, dx = 1.000000
avances rectos: inc_x_r = 1.000000, inc_y_r 0.000000
reupdated: dy = 1.000000, dx = 1.000000
avanceR = 2.000000, avance 1.000000, avanceI 2.000000
----------------------------------------
x = 135.000000, y = 85.000000
avance = 1.000000, avanceR = 2.000000, avanceI = 2.000000
inc_x_r = 1.000000, inc_y_r = 0.000000, inc_x_i = 1.000000, inc_y_i = 1.000000
avance >= 0

----------------------------------------


ENTRAMOS A BRESENHAMªªªª
x1 = 135.000000 - y1 = 95.000000 || x2 = 136.000000 - y2 = 96.000000
dy = 1.000000, dx = 1.000000
avances inclinados: inc_x_i = 1.000000, inc_y_i = 1.000000
updated: dy = 1.000000, dx = 1.000000
avances rectos: inc_x_r = 1.000000, inc_y_r 0.000000
reupdated: dy = 1.000000, dx = 1.000000
avanceR = 2.000000, avance 1.000000, avanceI 2.000000
----------------------------------------
x = 135.000000, y = 95.000000
avance = 1.000000, avanceR = 2.000000, avanceI = 2.000000
inc_x_r = 1.000000, inc_y_r = 0.000000, inc_x_i = 1.000000, inc_y_i = 1.000000
avance >= 0

----------------------------------------


ENTRAMOS A BRESENHAMªªªª
x1 = 135.000000 - y1 = 105.000000 || x2 = 136.000000 - y2 = 106.000000
dy = 1.000000, dx = 1.000000
avances inclinados: inc_x_i = 1.000000, inc_y_i = 1.000000
updated: dy = 1.000000, dx = 1.000000
avances rectos: inc_x_r = 1.000000, inc_y_r 0.000000
reupdated: dy = 1.000000, dx = 1.000000
avanceR = 2.000000, avance 1.000000, avanceI 2.000000
----------------------------------------
x = 135.000000, y = 105.000000
avance = 1.000000, avanceR = 2.000000, avanceI = 2.000000
inc_x_r = 1.000000, inc_y_r = 0.000000, inc_x_i = 1.000000, inc_y_i = 1.000000
avance >= 0

----------------------------------------


ENTRAMOS A BRESENHAMªªªª
x1 = 135.000000 - y1 = 115.000000 || x2 = 136.000000 - y2 = 116.000000
dy = 1.000000, dx = 1.000000
avances inclinados: inc_x_i = 1.000000, inc_y_i = 1.000000
updated: dy = 1.000000, dx = 1.000000
avances rectos: inc_x_r = 1.000000, inc_y_r 0.000000
reupdated: dy = 1.000000, dx = 1.000000
avanceR = 2.000000, avance 1.000000, avanceI 2.000000
----------------------------------------
x = 135.000000, y = 115.000000
avance = 1.000000, avanceR = 2.000000, avanceI = 2.000000
inc_x_r = 1.000000, inc_y_r = 0.000000, inc_x_i = 1.000000, inc_y_i = 1.000000
avance >= 0

----------------------------------------


ENTRAMOS A BRESENHAMªªªª
x1 = 135.000000 - y1 = 125.000000 || x2 = 136.000000 - y2 = 126.000000
dy = 1.000000, dx = 1.000000
avances inclinados: inc_x_i = 1.000000, inc_y_i = 1.000000
updated: dy = 1.000000, dx = 1.000000
avances rectos: inc_x_r = 1.000000, inc_y_r 0.000000
reupdated: dy = 1.000000, dx = 1.000000
avanceR = 2.000000, avance 1.000000, avanceI 2.000000
----------------------------------------
x = 135.000000, y = 125.000000
avance = 1.000000, avanceR = 2.000000, avanceI = 2.000000
inc_x_r = 1.000000, inc_y_r = 0.000000, inc_x_i = 1.000000, inc_y_i = 1.000000
avance >= 0

----------------------------------------


ENTRAMOS A BRESENHAMªªªª
x1 = 135.000000 - y1 = 135.000000 || x2 = 136.000000 - y2 = 136.000000
dy = 1.000000, dx = 1.000000
avances inclinados: inc_x_i = 1.000000, inc_y_i = 1.000000
updated: dy = 1.000000, dx = 1.000000
avances rectos: inc_x_r = 1.000000, inc_y_r 0.000000
reupdated: dy = 1.000000, dx = 1.000000
avanceR = 2.000000, avance 1.000000, avanceI 2.000000
----------------------------------------
x = 135.000000, y = 135.000000
avance = 1.000000, avanceR = 2.000000, avanceI = 2.000000
inc_x_r = 1.000000, inc_y_r = 0.000000, inc_x_i = 1.000000, inc_y_i = 1.000000
avance >= 0

----------------------------------------


ENTRAMOS A BRESENHAMªªªª
x1 = 135.000000 - y1 = 135.000000 || x2 = 136.000000 - y2 = 136.000000
dy = 1.000000, dx = 1.000000
avances inclinados: inc_x_i = 1.000000, inc_y_i = 1.000000
updated: dy = 1.000000, dx = 1.000000
avances rectos: inc_x_r = 1.000000, inc_y_r 0.000000
reupdated: dy = 1.000000, dx = 1.000000
avanceR = 2.000000, avance 1.000000, avanceI 2.000000
----------------------------------------
x = 135.000000, y = 135.000000
avance = 1.000000, avanceR = 2.000000, avanceI = 2.000000
inc_x_r = 1.000000, inc_y_r = 0.000000, inc_x_i = 1.000000, inc_y_i = 1.000000
avance >= 0

----------------------------------------


ENTRAMOS A BRESENHAMªªªª
x1 = 135.000000 - y1 = 135.000000 || x2 = 136.000000 - y2 = 136.000000
dy = 1.000000, dx = 1.000000
avances inclinados: inc_x_i = 1.000000, inc_y_i = 1.000000
updated: dy = 1.000000, dx = 1.000000
avances rectos: inc_x_r = 1.000000, inc_y_r 0.000000
reupdated: dy = 1.000000, dx = 1.000000
avanceR = 2.000000, avance 1.000000, avanceI 2.000000
----------------------------------------
x = 135.000000, y = 135.000000
avance = 1.000000, avanceR = 2.000000, avanceI = 2.000000
inc_x_r = 1.000000, inc_y_r = 0.000000, inc_x_i = 1.000000, inc_y_i = 1.000000
avance >= 0

----------------------------------------


PLAYER POSITION: x: 13, y: 13
ANGLE_VISION: 244 - 4.256444
pos_y = 13, pos_x = 13. cos(angle) = -4.403106 | -4, sin(angle) = -8.978455 | -8
-->> pos_y = 13, pos_x = 13
ENTRAMOS A BRESENHAMªªªª
x1 = 135.000000 - y1 = 135.000000 || x2 = 136.000000 - y2 = 136.000000
dy = 1.000000, dx = 1.000000
avances inclinados: inc_x_i = 1.000000, inc_y_i = 1.000000
updated: dy = 1.000000, dx = 1.000000
avances rectos: inc_x_r = 1.000000, inc_y_r 0.000000
reupdated: dy = 1.000000, dx = 1.000000
avanceR = 2.000000, avance 1.000000, avanceI 2.000000
----------------------------------------
x = 135.000000, y = 135.000000
avance = 1.000000, avanceR = 2.000000, avanceI = 2.000000
inc_x_r = 1.000000, inc_y_r = 0.000000, inc_x_i = 1.000000, inc_y_i = 1.000000
avance >= 0

----------------------------------------


PLAYER POSITION: x: 13, y: 13
ANGLE_VISION: 245 - 4.273889
pos_y = 13, pos_x = 13. cos(angle) = -4.245819 | -4, sin(angle) = -9.053895 | -9
-->> pos_y = 13, pos_x = 13
ENTRAMOS A BRESENHAMªªªª
x1 = 135.000000 - y1 = 135.000000 || x2 = 136.000000 - y2 = 136.000000
dy = 1.000000, dx = 1.000000
avances inclinados: inc_x_i = 1.000000, inc_y_i = 1.000000
updated: dy = 1.000000, dx = 1.000000
avances rectos: inc_x_r = 1.000000, inc_y_r 0.000000
reupdated: dy = 1.000000, dx = 1.000000
avanceR = 2.000000, avance 1.000000, avanceI 2.000000
----------------------------------------
x = 135.000000, y = 135.000000
avance = 1.000000, avanceR = 2.000000, avanceI = 2.000000
inc_x_r = 1.000000, inc_y_r = 0.000000, inc_x_i = 1.000000, inc_y_i = 1.000000
avance >= 0

----------------------------------------


PLAYER POSITION: x: 13, y: 13
ANGLE_VISION: 246 - 4.291333
pos_y = 13, pos_x = 13. cos(angle) = -4.087241 | -4, sin(angle) = -9.126580 | -9
-->> pos_y = 13, pos_x = 13
ENTRAMOS A BRESENHAMªªªª
x1 = 135.000000 - y1 = 135.000000 || x2 = 136.000000 - y2 = 136.000000
dy = 1.000000, dx = 1.000000
avances inclinados: inc_x_i = 1.000000, inc_y_i = 1.000000
updated: dy = 1.000000, dx = 1.000000
avances rectos: inc_x_r = 1.000000, inc_y_r 0.000000
reupdated: dy = 1.000000, dx = 1.000000
avanceR = 2.000000, avance 1.000000, avanceI 2.000000
----------------------------------------
x = 135.000000, y = 135.000000
avance = 1.000000, avanceR = 2.000000, avanceI = 2.000000
inc_x_r = 1.000000, inc_y_r = 0.000000, inc_x_i = 1.000000, inc_y_i = 1.000000
avance >= 0

----------------------------------------


PLAYER POSITION: x: 13, y: 13
ANGLE_VISION: 247 - 4.308778
pos_y = 13, pos_x = 13. cos(angle) = -3.927419 | -3, sin(angle) = -9.196487 | -9
-->> pos_y = 13, pos_x = 13
ENTRAMOS A BRESENHAMªªªª
x1 = 135.000000 - y1 = 135.000000 || x2 = 136.000000 - y2 = 136.000000
dy = 1.000000, dx = 1.000000
avances inclinados: inc_x_i = 1.000000, inc_y_i = 1.000000
updated: dy = 1.000000, dx = 1.000000
avances rectos: inc_x_r = 1.000000, inc_y_r 0.000000
reupdated: dy = 1.000000, dx = 1.000000
avanceR = 2.000000, avance 1.000000, avanceI 2.000000
----------------------------------------
x = 135.000000, y = 135.000000
avance = 1.000000, avanceR = 2.000000, avanceI = 2.000000
inc_x_r = 1.000000, inc_y_r = 0.000000, inc_x_i = 1.000000, inc_y_i = 1.000000
avance >= 0

----------------------------------------


PLAYER POSITION: x: 13, y: 13
ANGLE_VISION: 248 - 4.326222
pos_y = 13, pos_x = 13. cos(angle) = -3.766402 | -3, sin(angle) = -9.263596 | -9
-->> pos_y = 13, pos_x = 13
ENTRAMOS A BRESENHAMªªªª
x1 = 135.000000 - y1 = 135.000000 || x2 = 136.000000 - y2 = 136.000000
dy = 1.000000, dx = 1.000000
avances inclinados: inc_x_i = 1.000000, inc_y_i = 1.000000
updated: dy = 1.000000, dx = 1.000000
avances rectos: inc_x_r = 1.000000, inc_y_r 0.000000
reupdated: dy = 1.000000, dx = 1.000000
avanceR = 2.000000, avance 1.000000, avanceI 2.000000
----------------------------------------
x = 135.000000, y = 135.000000
avance = 1.000000, avanceR = 2.000000, avanceI = 2.000000
inc_x_r = 1.000000, inc_y_r = 0.000000, inc_x_i = 1.000000, inc_y_i = 1.000000
avance >= 0

----------------------------------------


PLAYER POSITION: x: 13, y: 13
ANGLE_VISION: 249 - 4.343667
pos_y = 13, pos_x = 13. cos(angle) = -3.604239 | -3, sin(angle) = -9.327886 | -9
-->> pos_y = 13, pos_x = 13
ENTRAMOS A BRESENHAMªªªª
x1 = 135.000000 - y1 = 135.000000 || x2 = 136.000000 - y2 = 136.000000
dy = 1.000000, dx = 1.000000
avances inclinados: inc_x_i = 1.000000, inc_y_i = 1.000000
updated: dy = 1.000000, dx = 1.000000
avances rectos: inc_x_r = 1.000000, inc_y_r 0.000000
reupdated: dy = 1.000000, dx = 1.000000
avanceR = 2.000000, avance 1.000000, avanceI 2.000000
----------------------------------------
x = 135.000000, y = 135.000000
avance = 1.000000, avanceR = 2.000000, avanceI = 2.000000
inc_x_r = 1.000000, inc_y_r = 0.000000, inc_x_i = 1.000000, inc_y_i = 1.000000
avance >= 0

----------------------------------------


PLAYER POSITION: x: 13, y: 13
ANGLE_VISION: 250 - 4.361111
pos_y = 13, pos_x = 13. cos(angle) = -3.440979 | -3, sin(angle) = -9.389338 | -9
-->> pos_y = 13, pos_x = 13
ENTRAMOS A BRESENHAMªªªª
x1 = 135.000000 - y1 = 135.000000 || x2 = 136.000000 - y2 = 136.000000
dy = 1.000000, dx = 1.000000
avances inclinados: inc_x_i = 1.000000, inc_y_i = 1.000000
updated: dy = 1.000000, dx = 1.000000
avances rectos: inc_x_r = 1.000000, inc_y_r 0.000000
reupdated: dy = 1.000000, dx = 1.000000
avanceR = 2.000000, avance 1.000000, avanceI 2.000000
----------------------------------------
x = 135.000000, y = 135.000000
avance = 1.000000, avanceR = 2.000000, avanceI = 2.000000
inc_x_r = 1.000000, inc_y_r = 0.000000, inc_x_i = 1.000000, inc_y_i = 1.000000
avance >= 0

----------------------------------------


PLAYER POSITION: x: 13, y: 13
ANGLE_VISION: 251 - 4.378556
pos_y = 13, pos_x = 13. cos(angle) = -3.276672 | -3, sin(angle) = -9.447932 | -9
-->> pos_y = 13, pos_x = 13
ENTRAMOS A BRESENHAMªªªª
x1 = 135.000000 - y1 = 135.000000 || x2 = 136.000000 - y2 = 136.000000
dy = 1.000000, dx = 1.000000
avances inclinados: inc_x_i = 1.000000, inc_y_i = 1.000000
updated: dy = 1.000000, dx = 1.000000
avances rectos: inc_x_r = 1.000000, inc_y_r 0.000000
reupdated: dy = 1.000000, dx = 1.000000
avanceR = 2.000000, avance 1.000000, avanceI 2.000000
----------------------------------------
x = 135.000000, y = 135.000000
avance = 1.000000, avanceR = 2.000000, avanceI = 2.000000
inc_x_r = 1.000000, inc_y_r = 0.000000, inc_x_i = 1.000000, inc_y_i = 1.000000
avance >= 0

----------------------------------------


PLAYER POSITION: x: 13, y: 13
ANGLE_VISION: 252 - 4.396000
pos_y = 13, pos_x = 13. cos(angle) = -3.111368 | -3, sin(angle) = -9.503651 | -9
-->> pos_y = 13, pos_x = 13
ENTRAMOS A BRESENHAMªªªª
x1 = 135.000000 - y1 = 135.000000 || x2 = 136.000000 - y2 = 136.000000
dy = 1.000000, dx = 1.000000
avances inclinados: inc_x_i = 1.000000, inc_y_i = 1.000000
updated: dy = 1.000000, dx = 1.000000
avances rectos: inc_x_r = 1.000000, inc_y_r 0.000000
reupdated: dy = 1.000000, dx = 1.000000
avanceR = 2.000000, avance 1.000000, avanceI 2.000000
----------------------------------------
x = 135.000000, y = 135.000000
avance = 1.000000, avanceR = 2.000000, avanceI = 2.000000
inc_x_r = 1.000000, inc_y_r = 0.000000, inc_x_i = 1.000000, inc_y_i = 1.000000
avance >= 0

----------------------------------------


PLAYER POSITION: x: 13, y: 13
ANGLE_VISION: 253 - 4.413444
pos_y = 13, pos_x = 13. cos(angle) = -2.945117 | -2, sin(angle) = -9.556479 | -9
-->> pos_y = 13, pos_x = 13
ENTRAMOS A BRESENHAMªªªª
x1 = 135.000000 - y1 = 135.000000 || x2 = 136.000000 - y2 = 136.000000
dy = 1.000000, dx = 1.000000
avances inclinados: inc_x_i = 1.000000, inc_y_i = 1.000000
updated: dy = 1.000000, dx = 1.000000
avances rectos: inc_x_r = 1.000000, inc_y_r 0.000000
reupdated: dy = 1.000000, dx = 1.000000
avanceR = 2.000000, avance 1.000000, avanceI 2.000000
----------------------------------------
x = 135.000000, y = 135.000000
avance = 1.000000, avanceR = 2.000000, avanceI = 2.000000
inc_x_r = 1.000000, inc_y_r = 0.000000, inc_x_i = 1.000000, inc_y_i = 1.000000
avance >= 0

----------------------------------------


PLAYER POSITION: x: 13, y: 13
ANGLE_VISION: 254 - 4.430889
pos_y = 13, pos_x = 13. cos(angle) = -2.777970 | -2, sin(angle) = -9.606398 | -9
-->> pos_y = 13, pos_x = 13
ENTRAMOS A BRESENHAMªªªª
x1 = 135.000000 - y1 = 135.000000 || x2 = 136.000000 - y2 = 136.000000
dy = 1.000000, dx = 1.000000
avances inclinados: inc_x_i = 1.000000, inc_y_i = 1.000000
updated: dy = 1.000000, dx = 1.000000
avances rectos: inc_x_r = 1.000000, inc_y_r 0.000000
reupdated: dy = 1.000000, dx = 1.000000
avanceR = 2.000000, avance 1.000000, avanceI 2.000000
----------------------------------------
x = 135.000000, y = 135.000000
avance = 1.000000, avanceR = 2.000000, avanceI = 2.000000
inc_x_r = 1.000000, inc_y_r = 0.000000, inc_x_i = 1.000000, inc_y_i = 1.000000
avance >= 0

----------------------------------------


PLAYER POSITION: x: 13, y: 13
ANGLE_VISION: 255 - 4.448333
pos_y = 13, pos_x = 13. cos(angle) = -2.609978 | -2, sin(angle) = -9.653394 | -9
-->> pos_y = 13, pos_x = 13
ENTRAMOS A BRESENHAMªªªª
x1 = 135.000000 - y1 = 135.000000 || x2 = 136.000000 - y2 = 136.000000
dy = 1.000000, dx = 1.000000
avances inclinados: inc_x_i = 1.000000, inc_y_i = 1.000000
updated: dy = 1.000000, dx = 1.000000
avances rectos: inc_x_r = 1.000000, inc_y_r 0.000000
reupdated: dy = 1.000000, dx = 1.000000
avanceR = 2.000000, avance 1.000000, avanceI 2.000000
----------------------------------------
x = 135.000000, y = 135.000000
avance = 1.000000, avanceR = 2.000000, avanceI = 2.000000
inc_x_r = 1.000000, inc_y_r = 0.000000, inc_x_i = 1.000000, inc_y_i = 1.000000
avance >= 0

----------------------------------------


ENTRAMOS A BRESENHAMªªªª
x1 = 135.000000 - y1 = 135.000000 || x2 = 136.000000 - y2 = 136.000000
dy = 1.000000, dx = 1.000000
avances inclinados: inc_x_i = 1.000000, inc_y_i = 1.000000
updated: dy = 1.000000, dx = 1.000000
avances rectos: inc_x_r = 1.000000, inc_y_r 0.000000
reupdated: dy = 1.000000, dx = 1.000000
avanceR = 2.000000, avance 1.000000, avanceI 2.000000
----------------------------------------
x = 135.000000, y = 135.000000
avance = 1.000000, avanceR = 2.000000, avanceI = 2.000000
inc_x_r = 1.000000, inc_y_r = 0.000000, inc_x_i = 1.000000, inc_y_i = 1.000000
avance >= 0

----------------------------------------


ENTRAMOS A BRESENHAMªªªª
x1 = 135.000000 - y1 = 135.000000 || x2 = 136.000000 - y2 = 136.000000
dy = 1.000000, dx = 1.000000
avances inclinados: inc_x_i = 1.000000, inc_y_i = 1.000000
updated: dy = 1.000000, dx = 1.000000
avances rectos: inc_x_r = 1.000000, inc_y_r 0.000000
reupdated: dy = 1.000000, dx = 1.000000
avanceR = 2.000000, avance 1.000000, avanceI 2.000000
----------------------------------------
x = 135.000000, y = 135.000000
avance = 1.000000, avanceR = 2.000000, avanceI = 2.000000
inc_x_r = 1.000000, inc_y_r = 0.000000, inc_x_i = 1.000000, inc_y_i = 1.000000
avance >= 0

----------------------------------------


ENTRAMOS A BRESENHAMªªªª
x1 = 135.000000 - y1 = 135.000000 || x2 = 136.000000 - y2 = 136.000000
dy = 1.000000, dx = 1.000000
avances inclinados: inc_x_i = 1.000000, inc_y_i = 1.000000
updated: dy = 1.000000, dx = 1.000000
avances rectos: inc_x_r = 1.000000, inc_y_r 0.000000
reupdated: dy = 1.000000, dx = 1.000000
avanceR = 2.000000, avance 1.000000, avanceI 2.000000
----------------------------------------
x = 135.000000, y = 135.000000
avance = 1.000000, avanceR = 2.000000, avanceI = 2.000000
inc_x_r = 1.000000, inc_y_r = 0.000000, inc_x_i = 1.000000, inc_y_i = 1.000000
avance >= 0

----------------------------------------


ENTRAMOS A BRESENHAMªªªª
x1 = 135.000000 - y1 = 135.000000 || x2 = 136.000000 - y2 = 136.000000
dy = 1.000000, dx = 1.000000
avances inclinados: inc_x_i = 1.000000, inc_y_i = 1.000000
updated: dy = 1.000000, dx = 1.000000
avances rectos: inc_x_r = 1.000000, inc_y_r 0.000000
reupdated: dy = 1.000000, dx = 1.000000
avanceR = 2.000000, avance 1.000000, avanceI 2.000000
----------------------------------------
x = 135.000000, y = 135.000000
avance = 1.000000, avanceR = 2.000000, avanceI = 2.000000
inc_x_r = 1.000000, inc_y_r = 0.000000, inc_x_i = 1.000000, inc_y_i = 1.000000
avance >= 0

----------------------------------------


ENTRAMOS A BRESENHAMªªªª
x1 = 135.000000 - y1 = 135.000000 || x2 = 136.000000 - y2 = 136.000000
dy = 1.000000, dx = 1.000000
avances inclinados: inc_x_i = 1.000000, inc_y_i = 1.000000
updated: dy = 1.000000, dx = 1.000000
avances rectos: inc_x_r = 1.000000, inc_y_r 0.000000
reupdated: dy = 1.000000, dx = 1.000000
avanceR = 2.000000, avance 1.000000, avanceI 2.000000
----------------------------------------
x = 135.000000, y = 135.000000
avance = 1.000000, avanceR = 2.000000, avanceI = 2.000000
inc_x_r = 1.000000, inc_y_r = 0.000000, inc_x_i = 1.000000, inc_y_i = 1.000000
avance >= 0

----------------------------------------


ENTRAMOS A BRESENHAMªªªª
x1 = 135.000000 - y1 = 135.000000 || x2 = 136.000000 - y2 = 136.000000
dy = 1.000000, dx = 1.000000
avances inclinados: inc_x_i = 1.000000, inc_y_i = 1.000000
updated: dy = 1.000000, dx = 1.000000
avances rectos: inc_x_r = 1.000000, inc_y_r 0.000000
reupdated: dy = 1.000000, dx = 1.000000
avanceR = 2.000000, avance 1.000000, avanceI 2.000000
----------------------------------------
x = 135.000000, y = 135.000000
avance = 1.000000, avanceR = 2.000000, avanceI = 2.000000
inc_x_r = 1.000000, inc_y_r = 0.000000, inc_x_i = 1.000000, inc_y_i = 1.000000
avance >= 0

----------------------------------------


ENTRAMOS A BRESENHAMªªªª
x1 = 135.000000 - y1 = 135.000000 || x2 = 136.000000 - y2 = 136.000000
dy = 1.000000, dx = 1.000000
avances inclinados: inc_x_i = 1.000000, inc_y_i = 1.000000
updated: dy = 1.000000, dx = 1.000000
avances rectos: inc_x_r = 1.000000, inc_y_r 0.000000
reupdated: dy = 1.000000, dx = 1.000000
avanceR = 2.000000, avance 1.000000, avanceI 2.000000
----------------------------------------
x = 135.000000, y = 135.000000
avance = 1.000000, avanceR = 2.000000, avanceI = 2.000000
inc_x_r = 1.000000, inc_y_r = 0.000000, inc_x_i = 1.000000, inc_y_i = 1.000000
avance >= 0

----------------------------------------


ENTRAMOS A BRESENHAMªªªª
x1 = 135.000000 - y1 = 135.000000 || x2 = 136.000000 - y2 = 136.000000
dy = 1.000000, dx = 1.000000
avances inclinados: inc_x_i = 1.000000, inc_y_i = 1.000000
updated: dy = 1.000000, dx = 1.000000
avances rectos: inc_x_r = 1.000000, inc_y_r 0.000000
reupdated: dy = 1.000000, dx = 1.000000
avanceR = 2.000000, avance 1.000000, avanceI 2.000000
----------------------------------------
x = 135.000000, y = 135.000000
avance = 1.000000, avanceR = 2.000000, avanceI = 2.000000
inc_x_r = 1.000000, inc_y_r = 0.000000, inc_x_i = 1.000000, inc_y_i = 1.000000
avance >= 0

----------------------------------------


ENTRAMOS A BRESENHAMªªªª
x1 = 135.000000 - y1 = 135.000000 || x2 = 136.000000 - y2 = 136.000000
dy = 1.000000, dx = 1.000000
avances inclinados: inc_x_i = 1.000000, inc_y_i = 1.000000
updated: dy = 1.000000, dx = 1.000000
avances rectos: inc_x_r = 1.000000, inc_y_r 0.000000
reupdated: dy = 1.000000, dx = 1.000000
avanceR = 2.000000, avance 1.000000, avanceI 2.000000
----------------------------------------
x = 135.000000, y = 135.000000
avance = 1.000000, avanceR = 2.000000, avanceI = 2.000000
inc_x_r = 1.000000, inc_y_r = 0.000000, inc_x_i = 1.000000, inc_y_i = 1.000000
avance >= 0

----------------------------------------


ENTRAMOS A BRESENHAMªªªª
x1 = 135.000000 - y1 = 135.000000 || x2 = 136.000000 - y2 = 136.000000
dy = 1.000000, dx = 1.000000
avances inclinados: inc_x_i = 1.000000, inc_y_i = 1.000000
updated: dy = 1.000000, dx = 1.000000
avances rectos: inc_x_r = 1.000000, inc_y_r 0.000000
reupdated: dy = 1.000000, dx = 1.000000
avanceR = 2.000000, avance 1.000000, avanceI 2.000000
----------------------------------------
x = 135.000000, y = 135.000000
avance = 1.000000, avanceR = 2.000000, avanceI = 2.000000
inc_x_r = 1.000000, inc_y_r = 0.000000, inc_x_i = 1.000000, inc_y_i = 1.000000
avance >= 0

----------------------------------------


ENTRAMOS A BRESENHAMªªªª
x1 = 135.000000 - y1 = 135.000000 || x2 = 136.000000 - y2 = 136.000000
dy = 1.000000, dx = 1.000000
avances inclinados: inc_x_i = 1.000000, inc_y_i = 1.000000
updated: dy = 1.000000, dx = 1.000000
avances rectos: inc_x_r = 1.000000, inc_y_r 0.000000
reupdated: dy = 1.000000, dx = 1.000000
avanceR = 2.000000, avance 1.000000, avanceI 2.000000
----------------------------------------
x = 135.000000, y = 135.000000
avance = 1.000000, avanceR = 2.000000, avanceI = 2.000000
inc_x_r = 1.000000, inc_y_r = 0.000000, inc_x_i = 1.000000, inc_y_i = 1.000000
avance >= 0

----------------------------------------


ENTRAMOS A BRESENHAMªªªª
x1 = 135.000000 - y1 = 135.000000 || x2 = 136.000000 - y2 = 136.000000
dy = 1.000000, dx = 1.000000
avances inclinados: inc_x_i = 1.000000, inc_y_i = 1.000000
updated: dy = 1.000000, dx = 1.000000
avances rectos: inc_x_r = 1.000000, inc_y_r 0.000000
reupdated: dy = 1.000000, dx = 1.000000
avanceR = 2.000000, avance 1.000000, avanceI 2.000000
----------------------------------------
x = 135.000000, y = 135.000000
avance = 1.000000, avanceR = 2.000000, avanceI = 2.000000
inc_x_r = 1.000000, inc_y_r = 0.000000, inc_x_i = 1.000000, inc_y_i = 1.000000
avance >= 0

----------------------------------------


PLAYER POSITION: x: 13, y: 13
ANGLE_VISION: 254 - 4.430889
pos_y = 13, pos_x = 13. cos(angle) = -2.777970 | -2, sin(angle) = -9.606398 | -9
-->> pos_y = 13, pos_x = 13
ENTRAMOS A BRESENHAMªªªª
x1 = 135.000000 - y1 = 135.000000 || x2 = 136.000000 - y2 = 136.000000
dy = 1.000000, dx = 1.000000
avances inclinados: inc_x_i = 1.000000, inc_y_i = 1.000000
updated: dy = 1.000000, dx = 1.000000
avances rectos: inc_x_r = 1.000000, inc_y_r 0.000000
reupdated: dy = 1.000000, dx = 1.000000
avanceR = 2.000000, avance 1.000000, avanceI 2.000000
----------------------------------------
x = 135.000000, y = 135.000000
avance = 1.000000, avanceR = 2.000000, avanceI = 2.000000
inc_x_r = 1.000000, inc_y_r = 0.000000, inc_x_i = 1.000000, inc_y_i = 1.000000
avance >= 0

----------------------------------------


PLAYER POSITION: x: 13, y: 13
ANGLE_VISION: 253 - 4.413444
pos_y = 13, pos_x = 13. cos(angle) = -2.945117 | -2, sin(angle) = -9.556479 | -9
-->> pos_y = 13, pos_x = 13
ENTRAMOS A BRESENHAMªªªª
x1 = 135.000000 - y1 = 135.000000 || x2 = 136.000000 - y2 = 136.000000
dy = 1.000000, dx = 1.000000
avances inclinados: inc_x_i = 1.000000, inc_y_i = 1.000000
updated: dy = 1.000000, dx = 1.000000
avances rectos: inc_x_r = 1.000000, inc_y_r 0.000000
reupdated: dy = 1.000000, dx = 1.000000
avanceR = 2.000000, avance 1.000000, avanceI 2.000000
----------------------------------------
x = 135.000000, y = 135.000000
avance = 1.000000, avanceR = 2.000000, avanceI = 2.000000
inc_x_r = 1.000000, inc_y_r = 0.000000, inc_x_i = 1.000000, inc_y_i = 1.000000
avance >= 0

----------------------------------------


PLAYER POSITION: x: 13, y: 13
ANGLE_VISION: 252 - 4.396000
pos_y = 13, pos_x = 13. cos(angle) = -3.111368 | -3, sin(angle) = -9.503651 | -9
-->> pos_y = 13, pos_x = 13
ENTRAMOS A BRESENHAMªªªª
x1 = 135.000000 - y1 = 135.000000 || x2 = 136.000000 - y2 = 136.000000
dy = 1.000000, dx = 1.000000
avances inclinados: inc_x_i = 1.000000, inc_y_i = 1.000000
updated: dy = 1.000000, dx = 1.000000
avances rectos: inc_x_r = 1.000000, inc_y_r 0.000000
reupdated: dy = 1.000000, dx = 1.000000
avanceR = 2.000000, avance 1.000000, avanceI 2.000000
----------------------------------------
x = 135.000000, y = 135.000000
avance = 1.000000, avanceR = 2.000000, avanceI = 2.000000
inc_x_r = 1.000000, inc_y_r = 0.000000, inc_x_i = 1.000000, inc_y_i = 1.000000
avance >= 0

----------------------------------------


PLAYER POSITION: x: 13, y: 13
ANGLE_VISION: 251 - 4.378556
pos_y = 13, pos_x = 13. cos(angle) = -3.276672 | -3, sin(angle) = -9.447932 | -9
-->> pos_y = 13, pos_x = 13
ENTRAMOS A BRESENHAMªªªª
x1 = 135.000000 - y1 = 135.000000 || x2 = 136.000000 - y2 = 136.000000
dy = 1.000000, dx = 1.000000
avances inclinados: inc_x_i = 1.000000, inc_y_i = 1.000000
updated: dy = 1.000000, dx = 1.000000
avances rectos: inc_x_r = 1.000000, inc_y_r 0.000000
reupdated: dy = 1.000000, dx = 1.000000
avanceR = 2.000000, avance 1.000000, avanceI 2.000000
----------------------------------------
x = 135.000000, y = 135.000000
avance = 1.000000, avanceR = 2.000000, avanceI = 2.000000
inc_x_r = 1.000000, inc_y_r = 0.000000, inc_x_i = 1.000000, inc_y_i = 1.000000
avance >= 0

----------------------------------------


PLAYER POSITION: x: 13, y: 13
ANGLE_VISION: 250 - 4.361111
pos_y = 13, pos_x = 13. cos(angle) = -3.440979 | -3, sin(angle) = -9.389338 | -9
-->> pos_y = 13, pos_x = 13
ENTRAMOS A BRESENHAMªªªª
x1 = 135.000000 - y1 = 135.000000 || x2 = 136.000000 - y2 = 136.000000
dy = 1.000000, dx = 1.000000
avances inclinados: inc_x_i = 1.000000, inc_y_i = 1.000000
updated: dy = 1.000000, dx = 1.000000
avances rectos: inc_x_r = 1.000000, inc_y_r 0.000000
reupdated: dy = 1.000000, dx = 1.000000
avanceR = 2.000000, avance 1.000000, avanceI 2.000000
----------------------------------------
x = 135.000000, y = 135.000000
avance = 1.000000, avanceR = 2.000000, avanceI = 2.000000
inc_x_r = 1.000000, inc_y_r = 0.000000, inc_x_i = 1.000000, inc_y_i = 1.000000
avance >= 0

----------------------------------------


PLAYER POSITION: x: 13, y: 13
ANGLE_VISION: 249 - 4.343667
pos_y = 13, pos_x = 13. cos(angle) = -3.604239 | -3, sin(angle) = -9.327886 | -9
-->> pos_y = 13, pos_x = 13
ENTRAMOS A BRESENHAMªªªª
x1 = 135.000000 - y1 = 135.000000 || x2 = 136.000000 - y2 = 136.000000
dy = 1.000000, dx = 1.000000
avances inclinados: inc_x_i = 1.000000, inc_y_i = 1.000000
updated: dy = 1.000000, dx = 1.000000
avances rectos: inc_x_r = 1.000000, inc_y_r 0.000000
reupdated: dy = 1.000000, dx = 1.000000
avanceR = 2.000000, avance 1.000000, avanceI 2.000000
----------------------------------------
x = 135.000000, y = 135.000000
avance = 1.000000, avanceR = 2.000000, avanceI = 2.000000
inc_x_r = 1.000000, inc_y_r = 0.000000, inc_x_i = 1.000000, inc_y_i = 1.000000
avance >= 0

----------------------------------------


PLAYER POSITION: x: 13, y: 13
ANGLE_VISION: 248 - 4.326222
pos_y = 13, pos_x = 13. cos(angle) = -3.766402 | -3, sin(angle) = -9.263596 | -9
-->> pos_y = 13, pos_x = 13
ENTRAMOS A BRESENHAMªªªª
x1 = 135.000000 - y1 = 135.000000 || x2 = 136.000000 - y2 = 136.000000
dy = 1.000000, dx = 1.000000
avances inclinados: inc_x_i = 1.000000, inc_y_i = 1.000000
updated: dy = 1.000000, dx = 1.000000
avances rectos: inc_x_r = 1.000000, inc_y_r 0.000000
reupdated: dy = 1.000000, dx = 1.000000
avanceR = 2.000000, avance 1.000000, avanceI 2.000000
----------------------------------------
x = 135.000000, y = 135.000000
avance = 1.000000, avanceR = 2.000000, avanceI = 2.000000
inc_x_r = 1.000000, inc_y_r = 0.000000, inc_x_i = 1.000000, inc_y_i = 1.000000
avance >= 0

----------------------------------------


PLAYER POSITION: x: 13, y: 13
ANGLE_VISION: 247 - 4.308778
pos_y = 13, pos_x = 13. cos(angle) = -3.927419 | -3, sin(angle) = -9.196487 | -9
-->> pos_y = 13, pos_x = 13
ENTRAMOS A BRESENHAMªªªª
x1 = 135.000000 - y1 = 135.000000 || x2 = 136.000000 - y2 = 136.000000
dy = 1.000000, dx = 1.000000
avances inclinados: inc_x_i = 1.000000, inc_y_i = 1.000000
updated: dy = 1.000000, dx = 1.000000
avances rectos: inc_x_r = 1.000000, inc_y_r 0.000000
reupdated: dy = 1.000000, dx = 1.000000
avanceR = 2.000000, avance 1.000000, avanceI 2.000000
----------------------------------------
x = 135.000000, y = 135.000000
avance = 1.000000, avanceR = 2.000000, avanceI = 2.000000
inc_x_r = 1.000000, inc_y_r = 0.000000, inc_x_i = 1.000000, inc_y_i = 1.000000
avance >= 0

----------------------------------------


PLAYER POSITION: x: 13, y: 13
ANGLE_VISION: 246 - 4.291333
pos_y = 13, pos_x = 13. cos(angle) = -4.087241 | -4, sin(angle) = -9.126580 | -9
-->> pos_y = 13, pos_x = 13
ENTRAMOS A BRESENHAMªªªª
x1 = 135.000000 - y1 = 135.000000 || x2 = 136.000000 - y2 = 136.000000
dy = 1.000000, dx = 1.000000
avances inclinados: inc_x_i = 1.000000, inc_y_i = 1.000000
updated: dy = 1.000000, dx = 1.000000
avances rectos: inc_x_r = 1.000000, inc_y_r 0.000000
reupdated: dy = 1.000000, dx = 1.000000
avanceR = 2.000000, avance 1.000000, avanceI 2.000000
----------------------------------------
x = 135.000000, y = 135.000000
avance = 1.000000, avanceR = 2.000000, avanceI = 2.000000
inc_x_r = 1.000000, inc_y_r = 0.000000, inc_x_i = 1.000000, inc_y_i = 1.000000
avance >= 0

----------------------------------------


PLAYER POSITION: x: 13, y: 13
ANGLE_VISION: 245 - 4.273889
pos_y = 13, pos_x = 13. cos(angle) = -4.245819 | -4, sin(angle) = -9.053895 | -9
-->> pos_y = 13, pos_x = 13
ENTRAMOS A BRESENHAMªªªª
x1 = 135.000000 - y1 = 135.000000 || x2 = 136.000000 - y2 = 136.000000
dy = 1.000000, dx = 1.000000
avances inclinados: inc_x_i = 1.000000, inc_y_i = 1.000000
updated: dy = 1.000000, dx = 1.000000
avances rectos: inc_x_r = 1.000000, inc_y_r 0.000000
reupdated: dy = 1.000000, dx = 1.000000
avanceR = 2.000000, avance 1.000000, avanceI 2.000000
----------------------------------------
x = 135.000000, y = 135.000000
avance = 1.000000, avanceR = 2.000000, avanceI = 2.000000
inc_x_r = 1.000000, inc_y_r = 0.000000, inc_x_i = 1.000000, inc_y_i = 1.000000
avance >= 0

----------------------------------------


PLAYER POSITION: x: 13, y: 13
ANGLE_VISION: 244 - 4.256444
pos_y = 13, pos_x = 13. cos(angle) = -4.403106 | -4, sin(angle) = -8.978455 | -8
-->> pos_y = 13, pos_x = 13
ENTRAMOS A BRESENHAMªªªª
x1 = 135.000000 - y1 = 135.000000 || x2 = 136.000000 - y2 = 136.000000
dy = 1.000000, dx = 1.000000
avances inclinados: inc_x_i = 1.000000, inc_y_i = 1.000000
updated: dy = 1.000000, dx = 1.000000
avances rectos: inc_x_r = 1.000000, inc_y_r 0.000000
reupdated: dy = 1.000000, dx = 1.000000
avanceR = 2.000000, avance 1.000000, avanceI 2.000000
----------------------------------------
x = 135.000000, y = 135.000000
avance = 1.000000, avanceR = 2.000000, avanceI = 2.000000
inc_x_r = 1.000000, inc_y_r = 0.000000, inc_x_i = 1.000000, inc_y_i = 1.000000
avance >= 0

----------------------------------------


ENTRAMOS A BRESENHAMªªªª
x1 = 135.000000 - y1 = 135.000000 || x2 = 136.000000 - y2 = 136.000000
dy = 1.000000, dx = 1.000000
avances inclinados: inc_x_i = 1.000000, inc_y_i = 1.000000
updated: dy = 1.000000, dx = 1.000000
avances rectos: inc_x_r = 1.000000, inc_y_r 0.000000
reupdated: dy = 1.000000, dx = 1.000000
avanceR = 2.000000, avance 1.000000, avanceI 2.000000
----------------------------------------
x = 135.000000, y = 135.000000
avance = 1.000000, avanceR = 2.000000, avanceI = 2.000000
inc_x_r = 1.000000, inc_y_r = 0.000000, inc_x_i = 1.000000, inc_y_i = 1.000000
avance >= 0

----------------------------------------


ENTRAMOS A BRESENHAMªªªª
x1 = 135.000000 - y1 = 135.000000 || x2 = 136.000000 - y2 = 136.000000
dy = 1.000000, dx = 1.000000
avances inclinados: inc_x_i = 1.000000, inc_y_i = 1.000000
updated: dy = 1.000000, dx = 1.000000
avances rectos: inc_x_r = 1.000000, inc_y_r 0.000000
reupdated: dy = 1.000000, dx = 1.000000
avanceR = 2.000000, avance 1.000000, avanceI 2.000000
----------------------------------------
x = 135.000000, y = 135.000000
avance = 1.000000, avanceR = 2.000000, avanceI = 2.000000
inc_x_r = 1.000000, inc_y_r = 0.000000, inc_x_i = 1.000000, inc_y_i = 1.000000
avance >= 0

----------------------------------------


ENTRAMOS A BRESENHAMªªªª
x1 = 135.000000 - y1 = 135.000000 || x2 = 136.000000 - y2 = 136.000000
dy = 1.000000, dx = 1.000000
avances inclinados: inc_x_i = 1.000000, inc_y_i = 1.000000
updated: dy = 1.000000, dx = 1.000000
avances rectos: inc_x_r = 1.000000, inc_y_r 0.000000
reupdated: dy = 1.000000, dx = 1.000000
avanceR = 2.000000, avance 1.000000, avanceI 2.000000
----------------------------------------
x = 135.000000, y = 135.000000
avance = 1.000000, avanceR = 2.000000, avanceI = 2.000000
inc_x_r = 1.000000, inc_y_r = 0.000000, inc_x_i = 1.000000, inc_y_i = 1.000000
avance >= 0

----------------------------------------


ENTRAMOS A BRESENHAMªªªª
x1 = 135.000000 - y1 = 135.000000 || x2 = 136.000000 - y2 = 136.000000
dy = 1.000000, dx = 1.000000
avances inclinados: inc_x_i = 1.000000, inc_y_i = 1.000000
updated: dy = 1.000000, dx = 1.000000
avances rectos: inc_x_r = 1.000000, inc_y_r 0.000000
reupdated: dy = 1.000000, dx = 1.000000
avanceR = 2.000000, avance 1.000000, avanceI 2.000000
----------------------------------------
x = 135.000000, y = 135.000000
avance = 1.000000, avanceR = 2.000000, avanceI = 2.000000
inc_x_r = 1.000000, inc_y_r = 0.000000, inc_x_i = 1.000000, inc_y_i = 1.000000
avance >= 0

----------------------------------------


ENTRAMOS A BRESENHAMªªªª
x1 = 135.000000 - y1 = 135.000000 || x2 = 136.000000 - y2 = 136.000000
dy = 1.000000, dx = 1.000000
avances inclinados: inc_x_i = 1.000000, inc_y_i = 1.000000
updated: dy = 1.000000, dx = 1.000000
avances rectos: inc_x_r = 1.000000, inc_y_r 0.000000
reupdated: dy = 1.000000, dx = 1.000000
avanceR = 2.000000, avance 1.000000, avanceI 2.000000
----------------------------------------
x = 135.000000, y = 135.000000
avance = 1.000000, avanceR = 2.000000, avanceI = 2.000000
inc_x_r = 1.000000, inc_y_r = 0.000000, inc_x_i = 1.000000, inc_y_i = 1.000000
avance >= 0

----------------------------------------


ENTRAMOS A BRESENHAMªªªª
x1 = 135.000000 - y1 = 135.000000 || x2 = 136.000000 - y2 = 136.000000
dy = 1.000000, dx = 1.000000
avances inclinados: inc_x_i = 1.000000, inc_y_i = 1.000000
updated: dy = 1.000000, dx = 1.000000
avances rectos: inc_x_r = 1.000000, inc_y_r 0.000000
reupdated: dy = 1.000000, dx = 1.000000
avanceR = 2.000000, avance 1.000000, avanceI 2.000000
----------------------------------------
x = 135.000000, y = 135.000000
avance = 1.000000, avanceR = 2.000000, avanceI = 2.000000
inc_x_r = 1.000000, inc_y_r = 0.000000, inc_x_i = 1.000000, inc_y_i = 1.000000
avance >= 0

----------------------------------------


PLAYER POSITION: x: 13, y: 13
ANGLE_VISION: 245 - 4.273889
pos_y = 13, pos_x = 13. cos(angle) = -4.245819 | -4, sin(angle) = -9.053895 | -9
-->> pos_y = 13, pos_x = 13
ENTRAMOS A BRESENHAMªªªª
x1 = 135.000000 - y1 = 135.000000 || x2 = 136.000000 - y2 = 136.000000
dy = 1.000000, dx = 1.000000
avances inclinados: inc_x_i = 1.000000, inc_y_i = 1.000000
updated: dy = 1.000000, dx = 1.000000
avances rectos: inc_x_r = 1.000000, inc_y_r 0.000000
reupdated: dy = 1.000000, dx = 1.000000
avanceR = 2.000000, avance 1.000000, avanceI 2.000000
----------------------------------------
x = 135.000000, y = 135.000000
avance = 1.000000, avanceR = 2.000000, avanceI = 2.000000
inc_x_r = 1.000000, inc_y_r = 0.000000, inc_x_i = 1.000000, inc_y_i = 1.000000
avance >= 0

----------------------------------------


PLAYER POSITION: x: 13, y: 13
ANGLE_VISION: 246 - 4.291333
pos_y = 13, pos_x = 13. cos(angle) = -4.087241 | -4, sin(angle) = -9.126580 | -9
-->> pos_y = 13, pos_x = 13
ENTRAMOS A BRESENHAMªªªª
x1 = 135.000000 - y1 = 135.000000 || x2 = 136.000000 - y2 = 136.000000
dy = 1.000000, dx = 1.000000
avances inclinados: inc_x_i = 1.000000, inc_y_i = 1.000000
updated: dy = 1.000000, dx = 1.000000
avances rectos: inc_x_r = 1.000000, inc_y_r 0.000000
reupdated: dy = 1.000000, dx = 1.000000
avanceR = 2.000000, avance 1.000000, avanceI 2.000000
----------------------------------------
x = 135.000000, y = 135.000000
avance = 1.000000, avanceR = 2.000000, avanceI = 2.000000
inc_x_r = 1.000000, inc_y_r = 0.000000, inc_x_i = 1.000000, inc_y_i = 1.000000
avance >= 0

----------------------------------------


PLAYER POSITION: x: 13, y: 13
ANGLE_VISION: 247 - 4.308778
pos_y = 13, pos_x = 13. cos(angle) = -3.927419 | -3, sin(angle) = -9.196487 | -9
-->> pos_y = 13, pos_x = 13
ENTRAMOS A BRESENHAMªªªª
x1 = 135.000000 - y1 = 135.000000 || x2 = 136.000000 - y2 = 136.000000
dy = 1.000000, dx = 1.000000
avances inclinados: inc_x_i = 1.000000, inc_y_i = 1.000000
updated: dy = 1.000000, dx = 1.000000
avances rectos: inc_x_r = 1.000000, inc_y_r 0.000000
reupdated: dy = 1.000000, dx = 1.000000
avanceR = 2.000000, avance 1.000000, avanceI 2.000000
----------------------------------------
x = 135.000000, y = 135.000000
avance = 1.000000, avanceR = 2.000000, avanceI = 2.000000
inc_x_r = 1.000000, inc_y_r = 0.000000, inc_x_i = 1.000000, inc_y_i = 1.000000
avance >= 0

----------------------------------------


PLAYER POSITION: x: 13, y: 13
ANGLE_VISION: 248 - 4.326222
pos_y = 13, pos_x = 13. cos(angle) = -3.766402 | -3, sin(angle) = -9.263596 | -9
-->> pos_y = 13, pos_x = 13
ENTRAMOS A BRESENHAMªªªª
x1 = 135.000000 - y1 = 135.000000 || x2 = 136.000000 - y2 = 136.000000
dy = 1.000000, dx = 1.000000
avances inclinados: inc_x_i = 1.000000, inc_y_i = 1.000000
updated: dy = 1.000000, dx = 1.000000
avances rectos: inc_x_r = 1.000000, inc_y_r 0.000000
reupdated: dy = 1.000000, dx = 1.000000
avanceR = 2.000000, avance 1.000000, avanceI 2.000000
----------------------------------------
x = 135.000000, y = 135.000000
avance = 1.000000, avanceR = 2.000000, avanceI = 2.000000
inc_x_r = 1.000000, inc_y_r = 0.000000, inc_x_i = 1.000000, inc_y_i = 1.000000
avance >= 0

----------------------------------------


PLAYER POSITION: x: 13, y: 13
ANGLE_VISION: 249 - 4.343667
pos_y = 13, pos_x = 13. cos(angle) = -3.604239 | -3, sin(angle) = -9.327886 | -9
-->> pos_y = 13, pos_x = 13
ENTRAMOS A BRESENHAMªªªª
x1 = 135.000000 - y1 = 135.000000 || x2 = 136.000000 - y2 = 136.000000
dy = 1.000000, dx = 1.000000
avances inclinados: inc_x_i = 1.000000, inc_y_i = 1.000000
updated: dy = 1.000000, dx = 1.000000
avances rectos: inc_x_r = 1.000000, inc_y_r 0.000000
reupdated: dy = 1.000000, dx = 1.000000
avanceR = 2.000000, avance 1.000000, avanceI 2.000000
----------------------------------------
x = 135.000000, y = 135.000000
avance = 1.000000, avanceR = 2.000000, avanceI = 2.000000
inc_x_r = 1.000000, inc_y_r = 0.000000, inc_x_i = 1.000000, inc_y_i = 1.000000
avance >= 0

----------------------------------------


PLAYER POSITION: x: 13, y: 13
ANGLE_VISION: 250 - 4.361111
pos_y = 13, pos_x = 13. cos(angle) = -3.440979 | -3, sin(angle) = -9.389338 | -9
-->> pos_y = 13, pos_x = 13
ENTRAMOS A BRESENHAMªªªª
x1 = 135.000000 - y1 = 135.000000 || x2 = 136.000000 - y2 = 136.000000
dy = 1.000000, dx = 1.000000
avances inclinados: inc_x_i = 1.000000, inc_y_i = 1.000000
updated: dy = 1.000000, dx = 1.000000
avances rectos: inc_x_r = 1.000000, inc_y_r 0.000000
reupdated: dy = 1.000000, dx = 1.000000
avanceR = 2.000000, avance 1.000000, avanceI 2.000000
----------------------------------------
x = 135.000000, y = 135.000000
avance = 1.000000, avanceR = 2.000000, avanceI = 2.000000
inc_x_r = 1.000000, inc_y_r = 0.000000, inc_x_i = 1.000000, inc_y_i = 1.000000
avance >= 0

----------------------------------------


PLAYER POSITION: x: 13, y: 13
ANGLE_VISION: 251 - 4.378556
pos_y = 13, pos_x = 13. cos(angle) = -3.276672 | -3, sin(angle) = -9.447932 | -9
-->> pos_y = 13, pos_x = 13
ENTRAMOS A BRESENHAMªªªª
x1 = 135.000000 - y1 = 135.000000 || x2 = 136.000000 - y2 = 136.000000
dy = 1.000000, dx = 1.000000
avances inclinados: inc_x_i = 1.000000, inc_y_i = 1.000000
updated: dy = 1.000000, dx = 1.000000
avances rectos: inc_x_r = 1.000000, inc_y_r 0.000000
reupdated: dy = 1.000000, dx = 1.000000
avanceR = 2.000000, avance 1.000000, avanceI 2.000000
----------------------------------------
x = 135.000000, y = 135.000000
avance = 1.000000, avanceR = 2.000000, avanceI = 2.000000
inc_x_r = 1.000000, inc_y_r = 0.000000, inc_x_i = 1.000000, inc_y_i = 1.000000
avance >= 0

----------------------------------------


PLAYER POSITION: x: 13, y: 13
ANGLE_VISION: 252 - 4.396000
pos_y = 13, pos_x = 13. cos(angle) = -3.111368 | -3, sin(angle) = -9.503651 | -9
-->> pos_y = 13, pos_x = 13
ENTRAMOS A BRESENHAMªªªª
x1 = 135.000000 - y1 = 135.000000 || x2 = 136.000000 - y2 = 136.000000
dy = 1.000000, dx = 1.000000
avances inclinados: inc_x_i = 1.000000, inc_y_i = 1.000000
updated: dy = 1.000000, dx = 1.000000
avances rectos: inc_x_r = 1.000000, inc_y_r 0.000000
reupdated: dy = 1.000000, dx = 1.000000
avanceR = 2.000000, avance 1.000000, avanceI 2.000000
----------------------------------------
x = 135.000000, y = 135.000000
avance = 1.000000, avanceR = 2.000000, avanceI = 2.000000
inc_x_r = 1.000000, inc_y_r = 0.000000, inc_x_i = 1.000000, inc_y_i = 1.000000
avance >= 0

----------------------------------------


PLAYER POSITION: x: 13, y: 13
ANGLE_VISION: 253 - 4.413444
pos_y = 13, pos_x = 13. cos(angle) = -2.945117 | -2, sin(angle) = -9.556479 | -9
-->> pos_y = 13, pos_x = 13
ENTRAMOS A BRESENHAMªªªª
x1 = 135.000000 - y1 = 135.000000 || x2 = 136.000000 - y2 = 136.000000
dy = 1.000000, dx = 1.000000
avances inclinados: inc_x_i = 1.000000, inc_y_i = 1.000000
updated: dy = 1.000000, dx = 1.000000
avances rectos: inc_x_r = 1.000000, inc_y_r 0.000000
reupdated: dy = 1.000000, dx = 1.000000
avanceR = 2.000000, avance 1.000000, avanceI 2.000000
----------------------------------------
x = 135.000000, y = 135.000000
avance = 1.000000, avanceR = 2.000000, avanceI = 2.000000
inc_x_r = 1.000000, inc_y_r = 0.000000, inc_x_i = 1.000000, inc_y_i = 1.000000
avance >= 0

----------------------------------------


PLAYER POSITION: x: 13, y: 13
ANGLE_VISION: 254 - 4.430889
pos_y = 13, pos_x = 13. cos(angle) = -2.777970 | -2, sin(angle) = -9.606398 | -9
-->> pos_y = 13, pos_x = 13
ENTRAMOS A BRESENHAMªªªª
x1 = 135.000000 - y1 = 135.000000 || x2 = 136.000000 - y2 = 136.000000
dy = 1.000000, dx = 1.000000
avances inclinados: inc_x_i = 1.000000, inc_y_i = 1.000000
updated: dy = 1.000000, dx = 1.000000
avances rectos: inc_x_r = 1.000000, inc_y_r 0.000000
reupdated: dy = 1.000000, dx = 1.000000
avanceR = 2.000000, avance 1.000000, avanceI 2.000000
----------------------------------------
x = 135.000000, y = 135.000000
avance = 1.000000, avanceR = 2.000000, avanceI = 2.000000
inc_x_r = 1.000000, inc_y_r = 0.000000, inc_x_i = 1.000000, inc_y_i = 1.000000
avance >= 0

----------------------------------------


PLAYER POSITION: x: 13, y: 13
ANGLE_VISION: 255 - 4.448333
pos_y = 13, pos_x = 13. cos(angle) = -2.609978 | -2, sin(angle) = -9.653394 | -9
-->> pos_y = 13, pos_x = 13
ENTRAMOS A BRESENHAMªªªª
x1 = 135.000000 - y1 = 135.000000 || x2 = 136.000000 - y2 = 136.000000
dy = 1.000000, dx = 1.000000
avances inclinados: inc_x_i = 1.000000, inc_y_i = 1.000000
updated: dy = 1.000000, dx = 1.000000
avances rectos: inc_x_r = 1.000000, inc_y_r 0.000000
reupdated: dy = 1.000000, dx = 1.000000
avanceR = 2.000000, avance 1.000000, avanceI 2.000000
----------------------------------------
x = 135.000000, y = 135.000000
avance = 1.000000, avanceR = 2.000000, avanceI = 2.000000
inc_x_r = 1.000000, inc_y_r = 0.000000, inc_x_i = 1.000000, inc_y_i = 1.000000
avance >= 0

----------------------------------------


ENTRAMOS A BRESENHAMªªªª
x1 = 135.000000 - y1 = 135.000000 || x2 = 136.000000 - y2 = 136.000000
dy = 1.000000, dx = 1.000000
avances inclinados: inc_x_i = 1.000000, inc_y_i = 1.000000
updated: dy = 1.000000, dx = 1.000000
avances rectos: inc_x_r = 1.000000, inc_y_r 0.000000
reupdated: dy = 1.000000, dx = 1.000000
avanceR = 2.000000, avance 1.000000, avanceI 2.000000
----------------------------------------
x = 135.000000, y = 135.000000
avance = 1.000000, avanceR = 2.000000, avanceI = 2.000000
inc_x_r = 1.000000, inc_y_r = 0.000000, inc_x_i = 1.000000, inc_y_i = 1.000000
avance >= 0

----------------------------------------


ENTRAMOS A BRESENHAMªªªª
x1 = 135.000000 - y1 = 135.000000 || x2 = 136.000000 - y2 = 136.000000
dy = 1.000000, dx = 1.000000
avances inclinados: inc_x_i = 1.000000, inc_y_i = 1.000000
updated: dy = 1.000000, dx = 1.000000
avances rectos: inc_x_r = 1.000000, inc_y_r 0.000000
reupdated: dy = 1.000000, dx = 1.000000
avanceR = 2.000000, avance 1.000000, avanceI 2.000000
----------------------------------------
x = 135.000000, y = 135.000000
avance = 1.000000, avanceR = 2.000000, avanceI = 2.000000
inc_x_r = 1.000000, inc_y_r = 0.000000, inc_x_i = 1.000000, inc_y_i = 1.000000
avance >= 0

----------------------------------------


ENTRAMOS A BRESENHAMªªªª
x1 = 135.000000 - y1 = 135.000000 || x2 = 136.000000 - y2 = 136.000000
dy = 1.000000, dx = 1.000000
avances inclinados: inc_x_i = 1.000000, inc_y_i = 1.000000
updated: dy = 1.000000, dx = 1.000000
avances rectos: inc_x_r = 1.000000, inc_y_r 0.000000
reupdated: dy = 1.000000, dx = 1.000000
avanceR = 2.000000, avance 1.000000, avanceI 2.000000
----------------------------------------
x = 135.000000, y = 135.000000
avance = 1.000000, avanceR = 2.000000, avanceI = 2.000000
inc_x_r = 1.000000, inc_y_r = 0.000000, inc_x_i = 1.000000, inc_y_i = 1.000000
avance >= 0

----------------------------------------


ENTRAMOS A BRESENHAMªªªª
x1 = 135.000000 - y1 = 135.000000 || x2 = 136.000000 - y2 = 136.000000
dy = 1.000000, dx = 1.000000
avances inclinados: inc_x_i = 1.000000, inc_y_i = 1.000000
updated: dy = 1.000000, dx = 1.000000
avances rectos: inc_x_r = 1.000000, inc_y_r 0.000000
reupdated: dy = 1.000000, dx = 1.000000
avanceR = 2.000000, avance 1.000000, avanceI 2.000000
----------------------------------------
x = 135.000000, y = 135.000000
avance = 1.000000, avanceR = 2.000000, avanceI = 2.000000
inc_x_r = 1.000000, inc_y_r = 0.000000, inc_x_i = 1.000000, inc_y_i = 1.000000
avance >= 0

----------------------------------------


ENTRAMOS A BRESENHAMªªªª
x1 = 135.000000 - y1 = 135.000000 || x2 = 136.000000 - y2 = 136.000000
dy = 1.000000, dx = 1.000000
avances inclinados: inc_x_i = 1.000000, inc_y_i = 1.000000
updated: dy = 1.000000, dx = 1.000000
avances rectos: inc_x_r = 1.000000, inc_y_r 0.000000
reupdated: dy = 1.000000, dx = 1.000000
avanceR = 2.000000, avance 1.000000, avanceI 2.000000
----------------------------------------
x = 135.000000, y = 135.000000
avance = 1.000000, avanceR = 2.000000, avanceI = 2.000000
inc_x_r = 1.000000, inc_y_r = 0.000000, inc_x_i = 1.000000, inc_y_i = 1.000000
avance >= 0

----------------------------------------


ENTRAMOS A BRESENHAMªªªª
x1 = 135.000000 - y1 = 135.000000 || x2 = 136.000000 - y2 = 136.000000
dy = 1.000000, dx = 1.000000
avances inclinados: inc_x_i = 1.000000, inc_y_i = 1.000000
updated: dy = 1.000000, dx = 1.000000
avances rectos: inc_x_r = 1.000000, inc_y_r 0.000000
reupdated: dy = 1.000000, dx = 1.000000
avanceR = 2.000000, avance 1.000000, avanceI 2.000000
----------------------------------------
x = 135.000000, y = 135.000000
avance = 1.000000, avanceR = 2.000000, avanceI = 2.000000
inc_x_r = 1.000000, inc_y_r = 0.000000, inc_x_i = 1.000000, inc_y_i = 1.000000
avance >= 0

----------------------------------------


ENTRAMOS A BRESENHAMªªªª
x1 = 135.000000 - y1 = 135.000000 || x2 = 136.000000 - y2 = 136.000000
dy = 1.000000, dx = 1.000000
avances inclinados: inc_x_i = 1.000000, inc_y_i = 1.000000
updated: dy = 1.000000, dx = 1.000000
avances rectos: inc_x_r = 1.000000, inc_y_r 0.000000
reupdated: dy = 1.000000, dx = 1.000000
avanceR = 2.000000, avance 1.000000, avanceI 2.000000
----------------------------------------
x = 135.000000, y = 135.000000
avance = 1.000000, avanceR = 2.000000, avanceI = 2.000000
inc_x_r = 1.000000, inc_y_r = 0.000000, inc_x_i = 1.000000, inc_y_i = 1.000000
avance >= 0

----------------------------------------


ENTRAMOS A BRESENHAMªªªª
x1 = 135.000000 - y1 = 135.000000 || x2 = 136.000000 - y2 = 136.000000
dy = 1.000000, dx = 1.000000
avances inclinados: inc_x_i = 1.000000, inc_y_i = 1.000000
updated: dy = 1.000000, dx = 1.000000
avances rectos: inc_x_r = 1.000000, inc_y_r 0.000000
reupdated: dy = 1.000000, dx = 1.000000
avanceR = 2.000000, avance 1.000000, avanceI 2.000000
----------------------------------------
x = 135.000000, y = 135.000000
avance = 1.000000, avanceR = 2.000000, avanceI = 2.000000
inc_x_r = 1.000000, inc_y_r = 0.000000, inc_x_i = 1.000000, inc_y_i = 1.000000
avance >= 0

----------------------------------------


ENTRAMOS A BRESENHAMªªªª
x1 = 135.000000 - y1 = 135.000000 || x2 = 136.000000 - y2 = 136.000000
dy = 1.000000, dx = 1.000000
avances inclinados: inc_x_i = 1.000000, inc_y_i = 1.000000
updated: dy = 1.000000, dx = 1.000000
avances rectos: inc_x_r = 1.000000, inc_y_r 0.000000
reupdated: dy = 1.000000, dx = 1.000000
avanceR = 2.000000, avance 1.000000, avanceI 2.000000
----------------------------------------
x = 135.000000, y = 135.000000
avance = 1.000000, avanceR = 2.000000, avanceI = 2.000000
inc_x_r = 1.000000, inc_y_r = 0.000000, inc_x_i = 1.000000, inc_y_i = 1.000000
avance >= 0

----------------------------------------


ENTRAMOS A BRESENHAMªªªª
x1 = 135.000000 - y1 = 135.000000 || x2 = 136.000000 - y2 = 136.000000
dy = 1.000000, dx = 1.000000
avances inclinados: inc_x_i = 1.000000, inc_y_i = 1.000000
updated: dy = 1.000000, dx = 1.000000
avances rectos: inc_x_r = 1.000000, inc_y_r 0.000000
reupdated: dy = 1.000000, dx = 1.000000
avanceR = 2.000000, avance 1.000000, avanceI 2.000000
----------------------------------------
x = 135.000000, y = 135.000000
avance = 1.000000, avanceR = 2.000000, avanceI = 2.000000
inc_x_r = 1.000000, inc_y_r = 0.000000, inc_x_i = 1.000000, inc_y_i = 1.000000
avance >= 0

----------------------------------------


ENTRAMOS A BRESENHAMªªªª
x1 = 135.000000 - y1 = 135.000000 || x2 = 136.000000 - y2 = 136.000000
dy = 1.000000, dx = 1.000000
avances inclinados: inc_x_i = 1.000000, inc_y_i = 1.000000
updated: dy = 1.000000, dx = 1.000000
avances rectos: inc_x_r = 1.000000, inc_y_r 0.000000
reupdated: dy = 1.000000, dx = 1.000000
avanceR = 2.000000, avance 1.000000, avanceI 2.000000
----------------------------------------
x = 135.000000, y = 135.000000
avance = 1.000000, avanceR = 2.000000, avanceI = 2.000000
inc_x_r = 1.000000, inc_y_r = 0.000000, inc_x_i = 1.000000, inc_y_i = 1.000000
avance >= 0

----------------------------------------


PLAYER POSITION: x: 13, y: 13
ANGLE_VISION: 254 - 4.430889
pos_y = 13, pos_x = 13. cos(angle) = -2.777970 | -2, sin(angle) = -9.606398 | -9
-->> pos_y = 13, pos_x = 13
ENTRAMOS A BRESENHAMªªªª
x1 = 135.000000 - y1 = 135.000000 || x2 = 136.000000 - y2 = 136.000000
dy = 1.000000, dx = 1.000000
avances inclinados: inc_x_i = 1.000000, inc_y_i = 1.000000
updated: dy = 1.000000, dx = 1.000000
avances rectos: inc_x_r = 1.000000, inc_y_r 0.000000
reupdated: dy = 1.000000, dx = 1.000000
avanceR = 2.000000, avance 1.000000, avanceI 2.000000
----------------------------------------
x = 135.000000, y = 135.000000
avance = 1.000000, avanceR = 2.000000, avanceI = 2.000000
inc_x_r = 1.000000, inc_y_r = 0.000000, inc_x_i = 1.000000, inc_y_i = 1.000000
avance >= 0

----------------------------------------


PLAYER POSITION: x: 13, y: 13
ANGLE_VISION: 253 - 4.413444
pos_y = 13, pos_x = 13. cos(angle) = -2.945117 | -2, sin(angle) = -9.556479 | -9
-->> pos_y = 13, pos_x = 13
ENTRAMOS A BRESENHAMªªªª
x1 = 135.000000 - y1 = 135.000000 || x2 = 136.000000 - y2 = 136.000000
dy = 1.000000, dx = 1.000000
avances inclinados: inc_x_i = 1.000000, inc_y_i = 1.000000
updated: dy = 1.000000, dx = 1.000000
avances rectos: inc_x_r = 1.000000, inc_y_r 0.000000
reupdated: dy = 1.000000, dx = 1.000000
avanceR = 2.000000, avance 1.000000, avanceI 2.000000
----------------------------------------
x = 135.000000, y = 135.000000
avance = 1.000000, avanceR = 2.000000, avanceI = 2.000000
inc_x_r = 1.000000, inc_y_r = 0.000000, inc_x_i = 1.000000, inc_y_i = 1.000000
avance >= 0

----------------------------------------


PLAYER POSITION: x: 13, y: 13
ANGLE_VISION: 252 - 4.396000
pos_y = 13, pos_x = 13. cos(angle) = -3.111368 | -3, sin(angle) = -9.503651 | -9
-->> pos_y = 13, pos_x = 13
ENTRAMOS A BRESENHAMªªªª
x1 = 135.000000 - y1 = 135.000000 || x2 = 136.000000 - y2 = 136.000000
dy = 1.000000, dx = 1.000000
avances inclinados: inc_x_i = 1.000000, inc_y_i = 1.000000
updated: dy = 1.000000, dx = 1.000000
avances rectos: inc_x_r = 1.000000, inc_y_r 0.000000
reupdated: dy = 1.000000, dx = 1.000000
avanceR = 2.000000, avance 1.000000, avanceI 2.000000
----------------------------------------
x = 135.000000, y = 135.000000
avance = 1.000000, avanceR = 2.000000, avanceI = 2.000000
inc_x_r = 1.000000, inc_y_r = 0.000000, inc_x_i = 1.000000, inc_y_i = 1.000000
avance >= 0

----------------------------------------


PLAYER POSITION: x: 13, y: 13
ANGLE_VISION: 251 - 4.378556
pos_y = 13, pos_x = 13. cos(angle) = -3.276672 | -3, sin(angle) = -9.447932 | -9
-->> pos_y = 13, pos_x = 13
ENTRAMOS A BRESENHAMªªªª
x1 = 135.000000 - y1 = 135.000000 || x2 = 136.000000 - y2 = 136.000000
dy = 1.000000, dx = 1.000000
avances inclinados: inc_x_i = 1.000000, inc_y_i = 1.000000
updated: dy = 1.000000, dx = 1.000000
avances rectos: inc_x_r = 1.000000, inc_y_r 0.000000
reupdated: dy = 1.000000, dx = 1.000000
avanceR = 2.000000, avance 1.000000, avanceI 2.000000
----------------------------------------
x = 135.000000, y = 135.000000
avance = 1.000000, avanceR = 2.000000, avanceI = 2.000000
inc_x_r = 1.000000, inc_y_r = 0.000000, inc_x_i = 1.000000, inc_y_i = 1.000000
avance >= 0

----------------------------------------


PLAYER POSITION: x: 13, y: 13
ANGLE_VISION: 250 - 4.361111
pos_y = 13, pos_x = 13. cos(angle) = -3.440979 | -3, sin(angle) = -9.389338 | -9
-->> pos_y = 13, pos_x = 13
ENTRAMOS A BRESENHAMªªªª
x1 = 135.000000 - y1 = 135.000000 || x2 = 136.000000 - y2 = 136.000000
dy = 1.000000, dx = 1.000000
avances inclinados: inc_x_i = 1.000000, inc_y_i = 1.000000
updated: dy = 1.000000, dx = 1.000000
avances rectos: inc_x_r = 1.000000, inc_y_r 0.000000
reupdated: dy = 1.000000, dx = 1.000000
avanceR = 2.000000, avance 1.000000, avanceI 2.000000
----------------------------------------
x = 135.000000, y = 135.000000
avance = 1.000000, avanceR = 2.000000, avanceI = 2.000000
inc_x_r = 1.000000, inc_y_r = 0.000000, inc_x_i = 1.000000, inc_y_i = 1.000000
avance >= 0

----------------------------------------


PLAYER POSITION: x: 13, y: 13
ANGLE_VISION: 249 - 4.343667
pos_y = 13, pos_x = 13. cos(angle) = -3.604239 | -3, sin(angle) = -9.327886 | -9
-->> pos_y = 13, pos_x = 13
ENTRAMOS A BRESENHAMªªªª
x1 = 135.000000 - y1 = 135.000000 || x2 = 136.000000 - y2 = 136.000000
dy = 1.000000, dx = 1.000000
avances inclinados: inc_x_i = 1.000000, inc_y_i = 1.000000
updated: dy = 1.000000, dx = 1.000000
avances rectos: inc_x_r = 1.000000, inc_y_r 0.000000
reupdated: dy = 1.000000, dx = 1.000000
avanceR = 2.000000, avance 1.000000, avanceI 2.000000
----------------------------------------
x = 135.000000, y = 135.000000
avance = 1.000000, avanceR = 2.000000, avanceI = 2.000000
inc_x_r = 1.000000, inc_y_r = 0.000000, inc_x_i = 1.000000, inc_y_i = 1.000000
avance >= 0

----------------------------------------


PLAYER POSITION: x: 13, y: 13
ANGLE_VISION: 248 - 4.326222
pos_y = 13, pos_x = 13. cos(angle) = -3.766402 | -3, sin(angle) = -9.263596 | -9
-->> pos_y = 13, pos_x = 13
ENTRAMOS A BRESENHAMªªªª
x1 = 135.000000 - y1 = 135.000000 || x2 = 136.000000 - y2 = 136.000000
dy = 1.000000, dx = 1.000000
avances inclinados: inc_x_i = 1.000000, inc_y_i = 1.000000
updated: dy = 1.000000, dx = 1.000000
avances rectos: inc_x_r = 1.000000, inc_y_r 0.000000
reupdated: dy = 1.000000, dx = 1.000000
avanceR = 2.000000, avance 1.000000, avanceI 2.000000
----------------------------------------
x = 135.000000, y = 135.000000
avance = 1.000000, avanceR = 2.000000, avanceI = 2.000000
inc_x_r = 1.000000, inc_y_r = 0.000000, inc_x_i = 1.000000, inc_y_i = 1.000000
avance >= 0

----------------------------------------


PLAYER POSITION: x: 13, y: 13
ANGLE_VISION: 247 - 4.308778
pos_y = 13, pos_x = 13. cos(angle) = -3.927419 | -3, sin(angle) = -9.196487 | -9
-->> pos_y = 13, pos_x = 13
ENTRAMOS A BRESENHAMªªªª
x1 = 135.000000 - y1 = 135.000000 || x2 = 136.000000 - y2 = 136.000000
dy = 1.000000, dx = 1.000000
avances inclinados: inc_x_i = 1.000000, inc_y_i = 1.000000
updated: dy = 1.000000, dx = 1.000000
avances rectos: inc_x_r = 1.000000, inc_y_r 0.000000
reupdated: dy = 1.000000, dx = 1.000000
avanceR = 2.000000, avance 1.000000, avanceI 2.000000
----------------------------------------
x = 135.000000, y = 135.000000
avance = 1.000000, avanceR = 2.000000, avanceI = 2.000000
inc_x_r = 1.000000, inc_y_r = 0.000000, inc_x_i = 1.000000, inc_y_i = 1.000000
avance >= 0

----------------------------------------


PLAYER POSITION: x: 13, y: 13
ANGLE_VISION: 246 - 4.291333
pos_y = 13, pos_x = 13. cos(angle) = -4.087241 | -4, sin(angle) = -9.126580 | -9
-->> pos_y = 13, pos_x = 13
ENTRAMOS A BRESENHAMªªªª
x1 = 135.000000 - y1 = 135.000000 || x2 = 136.000000 - y2 = 136.000000
dy = 1.000000, dx = 1.000000
avances inclinados: inc_x_i = 1.000000, inc_y_i = 1.000000
updated: dy = 1.000000, dx = 1.000000
avances rectos: inc_x_r = 1.000000, inc_y_r 0.000000
reupdated: dy = 1.000000, dx = 1.000000
avanceR = 2.000000, avance 1.000000, avanceI 2.000000
----------------------------------------
x = 135.000000, y = 135.000000
avance = 1.000000, avanceR = 2.000000, avanceI = 2.000000
inc_x_r = 1.000000, inc_y_r = 0.000000, inc_x_i = 1.000000, inc_y_i = 1.000000
avance >= 0

----------------------------------------


PLAYER POSITION: x: 13, y: 13
ANGLE_VISION: 245 - 4.273889
pos_y = 13, pos_x = 13. cos(angle) = -4.245819 | -4, sin(angle) = -9.053895 | -9
-->> pos_y = 13, pos_x = 13
ENTRAMOS A BRESENHAMªªªª
x1 = 135.000000 - y1 = 135.000000 || x2 = 136.000000 - y2 = 136.000000
dy = 1.000000, dx = 1.000000
avances inclinados: inc_x_i = 1.000000, inc_y_i = 1.000000
updated: dy = 1.000000, dx = 1.000000
avances rectos: inc_x_r = 1.000000, inc_y_r 0.000000
reupdated: dy = 1.000000, dx = 1.000000
avanceR = 2.000000, avance 1.000000, avanceI 2.000000
----------------------------------------
x = 135.000000, y = 135.000000
avance = 1.000000, avanceR = 2.000000, avanceI = 2.000000
inc_x_r = 1.000000, inc_y_r = 0.000000, inc_x_i = 1.000000, inc_y_i = 1.000000
avance >= 0

----------------------------------------


PLAYER POSITION: x: 13, y: 13
ANGLE_VISION: 244 - 4.256444
pos_y = 13, pos_x = 13. cos(angle) = -4.403106 | -4, sin(angle) = -8.978455 | -8
-->> pos_y = 13, pos_x = 13
ENTRAMOS A BRESENHAMªªªª
x1 = 135.000000 - y1 = 135.000000 || x2 = 136.000000 - y2 = 136.000000
dy = 1.000000, dx = 1.000000
avances inclinados: inc_x_i = 1.000000, inc_y_i = 1.000000
updated: dy = 1.000000, dx = 1.000000
avances rectos: inc_x_r = 1.000000, inc_y_r 0.000000
reupdated: dy = 1.000000, dx = 1.000000
avanceR = 2.000000, avance 1.000000, avanceI 2.000000
----------------------------------------
x = 135.000000, y = 135.000000
avance = 1.000000, avanceR = 2.000000, avanceI = 2.000000
inc_x_r = 1.000000, inc_y_r = 0.000000, inc_x_i = 1.000000, inc_y_i = 1.000000
avance >= 0

----------------------------------------


PLAYER POSITION: x: 13, y: 13
ANGLE_VISION: 243 - 4.239000
pos_y = 13, pos_x = 13. cos(angle) = -4.559052 | -4, sin(angle) = -8.900283 | -8
-->> pos_y = 13, pos_x = 13
ENTRAMOS A BRESENHAMªªªª
x1 = 135.000000 - y1 = 135.000000 || x2 = 136.000000 - y2 = 136.000000
dy = 1.000000, dx = 1.000000
avances inclinados: inc_x_i = 1.000000, inc_y_i = 1.000000
updated: dy = 1.000000, dx = 1.000000
avances rectos: inc_x_r = 1.000000, inc_y_r 0.000000
reupdated: dy = 1.000000, dx = 1.000000
avanceR = 2.000000, avance 1.000000, avanceI 2.000000
----------------------------------------
x = 135.000000, y = 135.000000
avance = 1.000000, avanceR = 2.000000, avanceI = 2.000000
inc_x_r = 1.000000, inc_y_r = 0.000000, inc_x_i = 1.000000, inc_y_i = 1.000000
avance >= 0

----------------------------------------


PLAYER POSITION: x: 13, y: 13
ANGLE_VISION: 242 - 4.221556
pos_y = 13, pos_x = 13. cos(angle) = -4.713611 | -4, sin(angle) = -8.819403 | -8
-->> pos_y = 13, pos_x = 13
ENTRAMOS A BRESENHAMªªªª
x1 = 135.000000 - y1 = 135.000000 || x2 = 136.000000 - y2 = 136.000000
dy = 1.000000, dx = 1.000000
avances inclinados: inc_x_i = 1.000000, inc_y_i = 1.000000
updated: dy = 1.000000, dx = 1.000000
avances rectos: inc_x_r = 1.000000, inc_y_r 0.000000
reupdated: dy = 1.000000, dx = 1.000000
avanceR = 2.000000, avance 1.000000, avanceI 2.000000
----------------------------------------
x = 135.000000, y = 135.000000
avance = 1.000000, avanceR = 2.000000, avanceI = 2.000000
inc_x_r = 1.000000, inc_y_r = 0.000000, inc_x_i = 1.000000, inc_y_i = 1.000000
avance >= 0

----------------------------------------


ENTRAMOS A BRESENHAMªªªª
x1 = 135.000000 - y1 = 135.000000 || x2 = 136.000000 - y2 = 136.000000
dy = 1.000000, dx = 1.000000
avances inclinados: inc_x_i = 1.000000, inc_y_i = 1.000000
updated: dy = 1.000000, dx = 1.000000
avances rectos: inc_x_r = 1.000000, inc_y_r 0.000000
reupdated: dy = 1.000000, dx = 1.000000
avanceR = 2.000000, avance 1.000000, avanceI 2.000000
----------------------------------------
x = 135.000000, y = 135.000000
avance = 1.000000, avanceR = 2.000000, avanceI = 2.000000
inc_x_r = 1.000000, inc_y_r = 0.000000, inc_x_i = 1.000000, inc_y_i = 1.000000
avance >= 0

----------------------------------------


ENTRAMOS A BRESENHAMªªªª
x1 = 135.000000 - y1 = 135.000000 || x2 = 136.000000 - y2 = 136.000000
dy = 1.000000, dx = 1.000000
avances inclinados: inc_x_i = 1.000000, inc_y_i = 1.000000
updated: dy = 1.000000, dx = 1.000000
avances rectos: inc_x_r = 1.000000, inc_y_r 0.000000
reupdated: dy = 1.000000, dx = 1.000000
avanceR = 2.000000, avance 1.000000, avanceI 2.000000
----------------------------------------
x = 135.000000, y = 135.000000
avance = 1.000000, avanceR = 2.000000, avanceI = 2.000000
inc_x_r = 1.000000, inc_y_r = 0.000000, inc_x_i = 1.000000, inc_y_i = 1.000000
avance >= 0

----------------------------------------


ENTRAMOS A BRESENHAMªªªª
x1 = 135.000000 - y1 = 135.000000 || x2 = 136.000000 - y2 = 136.000000
dy = 1.000000, dx = 1.000000
avances inclinados: inc_x_i = 1.000000, inc_y_i = 1.000000
updated: dy = 1.000000, dx = 1.000000
avances rectos: inc_x_r = 1.000000, inc_y_r 0.000000
reupdated: dy = 1.000000, dx = 1.000000
avanceR = 2.000000, avance 1.000000, avanceI 2.000000
----------------------------------------
x = 135.000000, y = 135.000000
avance = 1.000000, avanceR = 2.000000, avanceI = 2.000000
inc_x_r = 1.000000, inc_y_r = 0.000000, inc_x_i = 1.000000, inc_y_i = 1.000000
avance >= 0

----------------------------------------


ENTRAMOS A BRESENHAMªªªª
x1 = 135.000000 - y1 = 135.000000 || x2 = 136.000000 - y2 = 136.000000
dy = 1.000000, dx = 1.000000
avances inclinados: inc_x_i = 1.000000, inc_y_i = 1.000000
updated: dy = 1.000000, dx = 1.000000
avances rectos: inc_x_r = 1.000000, inc_y_r 0.000000
reupdated: dy = 1.000000, dx = 1.000000
avanceR = 2.000000, avance 1.000000, avanceI 2.000000
----------------------------------------
x = 135.000000, y = 135.000000
avance = 1.000000, avanceR = 2.000000, avanceI = 2.000000
inc_x_r = 1.000000, inc_y_r = 0.000000, inc_x_i = 1.000000, inc_y_i = 1.000000
avance >= 0

----------------------------------------


ENTRAMOS A BRESENHAMªªªª
x1 = 135.000000 - y1 = 135.000000 || x2 = 136.000000 - y2 = 136.000000
dy = 1.000000, dx = 1.000000
avances inclinados: inc_x_i = 1.000000, inc_y_i = 1.000000
updated: dy = 1.000000, dx = 1.000000
avances rectos: inc_x_r = 1.000000, inc_y_r 0.000000
reupdated: dy = 1.000000, dx = 1.000000
avanceR = 2.000000, avance 1.000000, avanceI 2.000000
----------------------------------------
x = 135.000000, y = 135.000000
avance = 1.000000, avanceR = 2.000000, avanceI = 2.000000
inc_x_r = 1.000000, inc_y_r = 0.000000, inc_x_i = 1.000000, inc_y_i = 1.000000
avance >= 0

----------------------------------------


ENTRAMOS A BRESENHAMªªªª
x1 = 135.000000 - y1 = 135.000000 || x2 = 136.000000 - y2 = 136.000000
dy = 1.000000, dx = 1.000000
avances inclinados: inc_x_i = 1.000000, inc_y_i = 1.000000
updated: dy = 1.000000, dx = 1.000000
avances rectos: inc_x_r = 1.000000, inc_y_r 0.000000
reupdated: dy = 1.000000, dx = 1.000000
avanceR = 2.000000, avance 1.000000, avanceI 2.000000
----------------------------------------
x = 135.000000, y = 135.000000
avance = 1.000000, avanceR = 2.000000, avanceI = 2.000000
inc_x_r = 1.000000, inc_y_r = 0.000000, inc_x_i = 1.000000, inc_y_i = 1.000000
avance >= 0

----------------------------------------


ENTRAMOS A BRESENHAMªªªª
x1 = 135.000000 - y1 = 135.000000 || x2 = 136.000000 - y2 = 136.000000
dy = 1.000000, dx = 1.000000
avances inclinados: inc_x_i = 1.000000, inc_y_i = 1.000000
updated: dy = 1.000000, dx = 1.000000
avances rectos: inc_x_r = 1.000000, inc_y_r 0.000000
reupdated: dy = 1.000000, dx = 1.000000
avanceR = 2.000000, avance 1.000000, avanceI 2.000000
----------------------------------------
x = 135.000000, y = 135.000000
avance = 1.000000, avanceR = 2.000000, avanceI = 2.000000
inc_x_r = 1.000000, inc_y_r = 0.000000, inc_x_i = 1.000000, inc_y_i = 1.000000
avance >= 0

----------------------------------------


ENTRAMOS A BRESENHAMªªªª
x1 = 135.000000 - y1 = 135.000000 || x2 = 136.000000 - y2 = 136.000000
dy = 1.000000, dx = 1.000000
avances inclinados: inc_x_i = 1.000000, inc_y_i = 1.000000
updated: dy = 1.000000, dx = 1.000000
avances rectos: inc_x_r = 1.000000, inc_y_r 0.000000
reupdated: dy = 1.000000, dx = 1.000000
avanceR = 2.000000, avance 1.000000, avanceI 2.000000
----------------------------------------
x = 135.000000, y = 135.000000
avance = 1.000000, avanceR = 2.000000, avanceI = 2.000000
inc_x_r = 1.000000, inc_y_r = 0.000000, inc_x_i = 1.000000, inc_y_i = 1.000000
avance >= 0

----------------------------------------


ENTRAMOS A BRESENHAMªªªª
x1 = 135.000000 - y1 = 135.000000 || x2 = 136.000000 - y2 = 136.000000
dy = 1.000000, dx = 1.000000
avances inclinados: inc_x_i = 1.000000, inc_y_i = 1.000000
updated: dy = 1.000000, dx = 1.000000
avances rectos: inc_x_r = 1.000000, inc_y_r 0.000000
reupdated: dy = 1.000000, dx = 1.000000
avanceR = 2.000000, avance 1.000000, avanceI 2.000000
----------------------------------------
x = 135.000000, y = 135.000000
avance = 1.000000, avanceR = 2.000000, avanceI = 2.000000
inc_x_r = 1.000000, inc_y_r = 0.000000, inc_x_i = 1.000000, inc_y_i = 1.000000
avance >= 0

----------------------------------------


ENTRAMOS A BRESENHAMªªªª
x1 = 135.000000 - y1 = 135.000000 || x2 = 136.000000 - y2 = 136.000000
dy = 1.000000, dx = 1.000000
avances inclinados: inc_x_i = 1.000000, inc_y_i = 1.000000
updated: dy = 1.000000, dx = 1.000000
avances rectos: inc_x_r = 1.000000, inc_y_r 0.000000
reupdated: dy = 1.000000, dx = 1.000000
avanceR = 2.000000, avance 1.000000, avanceI 2.000000
----------------------------------------
x = 135.000000, y = 135.000000
avance = 1.000000, avanceR = 2.000000, avanceI = 2.000000
inc_x_r = 1.000000, inc_y_r = 0.000000, inc_x_i = 1.000000, inc_y_i = 1.000000
avance >= 0

----------------------------------------


PLAYER POSITION: x: 13, y: 13
ANGLE_VISION: 243 - 4.239000
pos_y = 13, pos_x = 13. cos(angle) = -4.559052 | -4, sin(angle) = -8.900283 | -8
-->> pos_y = 13, pos_x = 13
ENTRAMOS A BRESENHAMªªªª
x1 = 135.000000 - y1 = 135.000000 || x2 = 136.000000 - y2 = 136.000000
dy = 1.000000, dx = 1.000000
avances inclinados: inc_x_i = 1.000000, inc_y_i = 1.000000
updated: dy = 1.000000, dx = 1.000000
avances rectos: inc_x_r = 1.000000, inc_y_r 0.000000
reupdated: dy = 1.000000, dx = 1.000000
avanceR = 2.000000, avance 1.000000, avanceI 2.000000
----------------------------------------
x = 135.000000, y = 135.000000
avance = 1.000000, avanceR = 2.000000, avanceI = 2.000000
inc_x_r = 1.000000, inc_y_r = 0.000000, inc_x_i = 1.000000, inc_y_i = 1.000000
avance >= 0

----------------------------------------


PLAYER POSITION: x: 13, y: 13
ANGLE_VISION: 244 - 4.256444
pos_y = 13, pos_x = 13. cos(angle) = -4.403106 | -4, sin(angle) = -8.978455 | -8
-->> pos_y = 13, pos_x = 13
ENTRAMOS A BRESENHAMªªªª
x1 = 135.000000 - y1 = 135.000000 || x2 = 136.000000 - y2 = 136.000000
dy = 1.000000, dx = 1.000000
avances inclinados: inc_x_i = 1.000000, inc_y_i = 1.000000
updated: dy = 1.000000, dx = 1.000000
avances rectos: inc_x_r = 1.000000, inc_y_r 0.000000
reupdated: dy = 1.000000, dx = 1.000000
avanceR = 2.000000, avance 1.000000, avanceI 2.000000
----------------------------------------
x = 135.000000, y = 135.000000
avance = 1.000000, avanceR = 2.000000, avanceI = 2.000000
inc_x_r = 1.000000, inc_y_r = 0.000000, inc_x_i = 1.000000, inc_y_i = 1.000000
avance >= 0

----------------------------------------


PLAYER POSITION: x: 13, y: 13
ANGLE_VISION: 245 - 4.273889
pos_y = 13, pos_x = 13. cos(angle) = -4.245819 | -4, sin(angle) = -9.053895 | -9
-->> pos_y = 13, pos_x = 13
ENTRAMOS A BRESENHAMªªªª
x1 = 135.000000 - y1 = 135.000000 || x2 = 136.000000 - y2 = 136.000000
dy = 1.000000, dx = 1.000000
avances inclinados: inc_x_i = 1.000000, inc_y_i = 1.000000
updated: dy = 1.000000, dx = 1.000000
avances rectos: inc_x_r = 1.000000, inc_y_r 0.000000
reupdated: dy = 1.000000, dx = 1.000000
avanceR = 2.000000, avance 1.000000, avanceI 2.000000
----------------------------------------
x = 135.000000, y = 135.000000
avance = 1.000000, avanceR = 2.000000, avanceI = 2.000000
inc_x_r = 1.000000, inc_y_r = 0.000000, inc_x_i = 1.000000, inc_y_i = 1.000000
avance >= 0

----------------------------------------


PLAYER POSITION: x: 13, y: 13
ANGLE_VISION: 246 - 4.291333
pos_y = 13, pos_x = 13. cos(angle) = -4.087241 | -4, sin(angle) = -9.126580 | -9
-->> pos_y = 13, pos_x = 13
ENTRAMOS A BRESENHAMªªªª
x1 = 135.000000 - y1 = 135.000000 || x2 = 136.000000 - y2 = 136.000000
dy = 1.000000, dx = 1.000000
avances inclinados: inc_x_i = 1.000000, inc_y_i = 1.000000
updated: dy = 1.000000, dx = 1.000000
avances rectos: inc_x_r = 1.000000, inc_y_r 0.000000
reupdated: dy = 1.000000, dx = 1.000000
avanceR = 2.000000, avance 1.000000, avanceI 2.000000
----------------------------------------
x = 135.000000, y = 135.000000
avance = 1.000000, avanceR = 2.000000, avanceI = 2.000000
inc_x_r = 1.000000, inc_y_r = 0.000000, inc_x_i = 1.000000, inc_y_i = 1.000000
avance >= 0

----------------------------------------


PLAYER POSITION: x: 13, y: 13
ANGLE_VISION: 247 - 4.308778
pos_y = 13, pos_x = 13. cos(angle) = -3.927419 | -3, sin(angle) = -9.196487 | -9
-->> pos_y = 13, pos_x = 13
ENTRAMOS A BRESENHAMªªªª
x1 = 135.000000 - y1 = 135.000000 || x2 = 136.000000 - y2 = 136.000000
dy = 1.000000, dx = 1.000000
avances inclinados: inc_x_i = 1.000000, inc_y_i = 1.000000
updated: dy = 1.000000, dx = 1.000000
avances rectos: inc_x_r = 1.000000, inc_y_r 0.000000
reupdated: dy = 1.000000, dx = 1.000000
avanceR = 2.000000, avance 1.000000, avanceI 2.000000
----------------------------------------
x = 135.000000, y = 135.000000
avance = 1.000000, avanceR = 2.000000, avanceI = 2.000000
inc_x_r = 1.000000, inc_y_r = 0.000000, inc_x_i = 1.000000, inc_y_i = 1.000000
avance >= 0

----------------------------------------


PLAYER POSITION: x: 13, y: 13
ANGLE_VISION: 248 - 4.326222
pos_y = 13, pos_x = 13. cos(angle) = -3.766402 | -3, sin(angle) = -9.263596 | -9
-->> pos_y = 13, pos_x = 13
ENTRAMOS A BRESENHAMªªªª
x1 = 135.000000 - y1 = 135.000000 || x2 = 136.000000 - y2 = 136.000000
dy = 1.000000, dx = 1.000000
avances inclinados: inc_x_i = 1.000000, inc_y_i = 1.000000
updated: dy = 1.000000, dx = 1.000000
avances rectos: inc_x_r = 1.000000, inc_y_r 0.000000
reupdated: dy = 1.000000, dx = 1.000000
avanceR = 2.000000, avance 1.000000, avanceI 2.000000
----------------------------------------
x = 135.000000, y = 135.000000
avance = 1.000000, avanceR = 2.000000, avanceI = 2.000000
inc_x_r = 1.000000, inc_y_r = 0.000000, inc_x_i = 1.000000, inc_y_i = 1.000000
avance >= 0

----------------------------------------


PLAYER POSITION: x: 13, y: 13
ANGLE_VISION: 249 - 4.343667
pos_y = 13, pos_x = 13. cos(angle) = -3.604239 | -3, sin(angle) = -9.327886 | -9
-->> pos_y = 13, pos_x = 13
ENTRAMOS A BRESENHAMªªªª
x1 = 135.000000 - y1 = 135.000000 || x2 = 136.000000 - y2 = 136.000000
dy = 1.000000, dx = 1.000000
avances inclinados: inc_x_i = 1.000000, inc_y_i = 1.000000
updated: dy = 1.000000, dx = 1.000000
avances rectos: inc_x_r = 1.000000, inc_y_r 0.000000
reupdated: dy = 1.000000, dx = 1.000000
avanceR = 2.000000, avance 1.000000, avanceI 2.000000
----------------------------------------
x = 135.000000, y = 135.000000
avance = 1.000000, avanceR = 2.000000, avanceI = 2.000000
inc_x_r = 1.000000, inc_y_r = 0.000000, inc_x_i = 1.000000, inc_y_i = 1.000000
avance >= 0

----------------------------------------


PLAYER POSITION: x: 13, y: 13
ANGLE_VISION: 250 - 4.361111
pos_y = 13, pos_x = 13. cos(angle) = -3.440979 | -3, sin(angle) = -9.389338 | -9
-->> pos_y = 13, pos_x = 13
ENTRAMOS A BRESENHAMªªªª
x1 = 135.000000 - y1 = 135.000000 || x2 = 136.000000 - y2 = 136.000000
dy = 1.000000, dx = 1.000000
avances inclinados: inc_x_i = 1.000000, inc_y_i = 1.000000
updated: dy = 1.000000, dx = 1.000000
avances rectos: inc_x_r = 1.000000, inc_y_r 0.000000
reupdated: dy = 1.000000, dx = 1.000000
avanceR = 2.000000, avance 1.000000, avanceI 2.000000
----------------------------------------
x = 135.000000, y = 135.000000
avance = 1.000000, avanceR = 2.000000, avanceI = 2.000000
inc_x_r = 1.000000, inc_y_r = 0.000000, inc_x_i = 1.000000, inc_y_i = 1.000000
avance >= 0

----------------------------------------


PLAYER POSITION: x: 13, y: 13
ANGLE_VISION: 251 - 4.378556
pos_y = 13, pos_x = 13. cos(angle) = -3.276672 | -3, sin(angle) = -9.447932 | -9
-->> pos_y = 13, pos_x = 13
ENTRAMOS A BRESENHAMªªªª
x1 = 135.000000 - y1 = 135.000000 || x2 = 136.000000 - y2 = 136.000000
dy = 1.000000, dx = 1.000000
avances inclinados: inc_x_i = 1.000000, inc_y_i = 1.000000
updated: dy = 1.000000, dx = 1.000000
avances rectos: inc_x_r = 1.000000, inc_y_r 0.000000
reupdated: dy = 1.000000, dx = 1.000000
avanceR = 2.000000, avance 1.000000, avanceI 2.000000
----------------------------------------
x = 135.000000, y = 135.000000
avance = 1.000000, avanceR = 2.000000, avanceI = 2.000000
inc_x_r = 1.000000, inc_y_r = 0.000000, inc_x_i = 1.000000, inc_y_i = 1.000000
avance >= 0

----------------------------------------


PLAYER POSITION: x: 13, y: 13
ANGLE_VISION: 252 - 4.396000
pos_y = 13, pos_x = 13. cos(angle) = -3.111368 | -3, sin(angle) = -9.503651 | -9
-->> pos_y = 13, pos_x = 13
ENTRAMOS A BRESENHAMªªªª
x1 = 135.000000 - y1 = 135.000000 || x2 = 136.000000 - y2 = 136.000000
dy = 1.000000, dx = 1.000000
avances inclinados: inc_x_i = 1.000000, inc_y_i = 1.000000
updated: dy = 1.000000, dx = 1.000000
avances rectos: inc_x_r = 1.000000, inc_y_r 0.000000
reupdated: dy = 1.000000, dx = 1.000000
avanceR = 2.000000, avance 1.000000, avanceI 2.000000
----------------------------------------
x = 135.000000, y = 135.000000
avance = 1.000000, avanceR = 2.000000, avanceI = 2.000000
inc_x_r = 1.000000, inc_y_r = 0.000000, inc_x_i = 1.000000, inc_y_i = 1.000000
avance >= 0

----------------------------------------


ENTRAMOS A BRESENHAMªªªª
x1 = 135.000000 - y1 = 135.000000 || x2 = 136.000000 - y2 = 136.000000
dy = 1.000000, dx = 1.000000
avances inclinados: inc_x_i = 1.000000, inc_y_i = 1.000000
updated: dy = 1.000000, dx = 1.000000
avances rectos: inc_x_r = 1.000000, inc_y_r 0.000000
reupdated: dy = 1.000000, dx = 1.000000
avanceR = 2.000000, avance 1.000000, avanceI 2.000000
----------------------------------------
x = 135.000000, y = 135.000000
avance = 1.000000, avanceR = 2.000000, avanceI = 2.000000
inc_x_r = 1.000000, inc_y_r = 0.000000, inc_x_i = 1.000000, inc_y_i = 1.000000
avance >= 0

----------------------------------------


ENTRAMOS A BRESENHAMªªªª
x1 = 135.000000 - y1 = 135.000000 || x2 = 136.000000 - y2 = 136.000000
dy = 1.000000, dx = 1.000000
avances inclinados: inc_x_i = 1.000000, inc_y_i = 1.000000
updated: dy = 1.000000, dx = 1.000000
avances rectos: inc_x_r = 1.000000, inc_y_r 0.000000
reupdated: dy = 1.000000, dx = 1.000000
avanceR = 2.000000, avance 1.000000, avanceI 2.000000
----------------------------------------
x = 135.000000, y = 135.000000
avance = 1.000000, avanceR = 2.000000, avanceI = 2.000000
inc_x_r = 1.000000, inc_y_r = 0.000000, inc_x_i = 1.000000, inc_y_i = 1.000000
avance >= 0

----------------------------------------


ENTRAMOS A BRESENHAMªªªª
x1 = 135.000000 - y1 = 135.000000 || x2 = 136.000000 - y2 = 136.000000
dy = 1.000000, dx = 1.000000
avances inclinados: inc_x_i = 1.000000, inc_y_i = 1.000000
updated: dy = 1.000000, dx = 1.000000
avances rectos: inc_x_r = 1.000000, inc_y_r 0.000000
reupdated: dy = 1.000000, dx = 1.000000
avanceR = 2.000000, avance 1.000000, avanceI 2.000000
----------------------------------------
x = 135.000000, y = 135.000000
avance = 1.000000, avanceR = 2.000000, avanceI = 2.000000
inc_x_r = 1.000000, inc_y_r = 0.000000, inc_x_i = 1.000000, inc_y_i = 1.000000
avance >= 0

----------------------------------------


ENTRAMOS A BRESENHAMªªªª
x1 = 135.000000 - y1 = 135.000000 || x2 = 136.000000 - y2 = 136.000000
dy = 1.000000, dx = 1.000000
avances inclinados: inc_x_i = 1.000000, inc_y_i = 1.000000
updated: dy = 1.000000, dx = 1.000000
avances rectos: inc_x_r = 1.000000, inc_y_r 0.000000
reupdated: dy = 1.000000, dx = 1.000000
avanceR = 2.000000, avance 1.000000, avanceI 2.000000
----------------------------------------
x = 135.000000, y = 135.000000
avance = 1.000000, avanceR = 2.000000, avanceI = 2.000000
inc_x_r = 1.000000, inc_y_r = 0.000000, inc_x_i = 1.000000, inc_y_i = 1.000000
avance >= 0

----------------------------------------


ENTRAMOS A BRESENHAMªªªª
x1 = 135.000000 - y1 = 135.000000 || x2 = 136.000000 - y2 = 136.000000
dy = 1.000000, dx = 1.000000
avances inclinados: inc_x_i = 1.000000, inc_y_i = 1.000000
updated: dy = 1.000000, dx = 1.000000
avances rectos: inc_x_r = 1.000000, inc_y_r 0.000000
reupdated: dy = 1.000000, dx = 1.000000
avanceR = 2.000000, avance 1.000000, avanceI 2.000000
----------------------------------------
x = 135.000000, y = 135.000000
avance = 1.000000, avanceR = 2.000000, avanceI = 2.000000
inc_x_r = 1.000000, inc_y_r = 0.000000, inc_x_i = 1.000000, inc_y_i = 1.000000
avance >= 0

----------------------------------------


ENTRAMOS A BRESENHAMªªªª
x1 = 135.000000 - y1 = 135.000000 || x2 = 136.000000 - y2 = 136.000000
dy = 1.000000, dx = 1.000000
avances inclinados: inc_x_i = 1.000000, inc_y_i = 1.000000
updated: dy = 1.000000, dx = 1.000000
avances rectos: inc_x_r = 1.000000, inc_y_r 0.000000
reupdated: dy = 1.000000, dx = 1.000000
avanceR = 2.000000, avance 1.000000, avanceI 2.000000
----------------------------------------
x = 135.000000, y = 135.000000
avance = 1.000000, avanceR = 2.000000, avanceI = 2.000000
inc_x_r = 1.000000, inc_y_r = 0.000000, inc_x_i = 1.000000, inc_y_i = 1.000000
avance >= 0

----------------------------------------


ENTRAMOS A BRESENHAMªªªª
x1 = 135.000000 - y1 = 135.000000 || x2 = 136.000000 - y2 = 136.000000
dy = 1.000000, dx = 1.000000
avances inclinados: inc_x_i = 1.000000, inc_y_i = 1.000000
updated: dy = 1.000000, dx = 1.000000
avances rectos: inc_x_r = 1.000000, inc_y_r 0.000000
reupdated: dy = 1.000000, dx = 1.000000
avanceR = 2.000000, avance 1.000000, avanceI 2.000000
----------------------------------------
x = 135.000000, y = 135.000000
avance = 1.000000, avanceR = 2.000000, avanceI = 2.000000
inc_x_r = 1.000000, inc_y_r = 0.000000, inc_x_i = 1.000000, inc_y_i = 1.000000
avance >= 0

----------------------------------------


ENTRAMOS A BRESENHAMªªªª
x1 = 135.000000 - y1 = 135.000000 || x2 = 136.000000 - y2 = 136.000000
dy = 1.000000, dx = 1.000000
avances inclinados: inc_x_i = 1.000000, inc_y_i = 1.000000
updated: dy = 1.000000, dx = 1.000000
avances rectos: inc_x_r = 1.000000, inc_y_r 0.000000
reupdated: dy = 1.000000, dx = 1.000000
avanceR = 2.000000, avance 1.000000, avanceI 2.000000
----------------------------------------
x = 135.000000, y = 135.000000
avance = 1.000000, avanceR = 2.000000, avanceI = 2.000000
inc_x_r = 1.000000, inc_y_r = 0.000000, inc_x_i = 1.000000, inc_y_i = 1.000000
avance >= 0

----------------------------------------


ENTRAMOS A BRESENHAMªªªª
x1 = 135.000000 - y1 = 135.000000 || x2 = 136.000000 - y2 = 136.000000
dy = 1.000000, dx = 1.000000
avances inclinados: inc_x_i = 1.000000, inc_y_i = 1.000000
updated: dy = 1.000000, dx = 1.000000
avances rectos: inc_x_r = 1.000000, inc_y_r 0.000000
reupdated: dy = 1.000000, dx = 1.000000
avanceR = 2.000000, avance 1.000000, avanceI 2.000000
----------------------------------------
x = 135.000000, y = 135.000000
avance = 1.000000, avanceR = 2.000000, avanceI = 2.000000
inc_x_r = 1.000000, inc_y_r = 0.000000, inc_x_i = 1.000000, inc_y_i = 1.000000
avance >= 0

----------------------------------------


ENTRAMOS A BRESENHAMªªªª
x1 = 135.000000 - y1 = 135.000000 || x2 = 136.000000 - y2 = 136.000000
dy = 1.000000, dx = 1.000000
avances inclinados: inc_x_i = 1.000000, inc_y_i = 1.000000
updated: dy = 1.000000, dx = 1.000000
avances rectos: inc_x_r = 1.000000, inc_y_r 0.000000
reupdated: dy = 1.000000, dx = 1.000000
avanceR = 2.000000, avance 1.000000, avanceI 2.000000
----------------------------------------
x = 135.000000, y = 135.000000
avance = 1.000000, avanceR = 2.000000, avanceI = 2.000000
inc_x_r = 1.000000, inc_y_r = 0.000000, inc_x_i = 1.000000, inc_y_i = 1.000000
avance >= 0

----------------------------------------


ENTRAMOS A BRESENHAMªªªª
x1 = 135.000000 - y1 = 135.000000 || x2 = 136.000000 - y2 = 136.000000
dy = 1.000000, dx = 1.000000
avances inclinados: inc_x_i = 1.000000, inc_y_i = 1.000000
updated: dy = 1.000000, dx = 1.000000
avances rectos: inc_x_r = 1.000000, inc_y_r 0.000000
reupdated: dy = 1.000000, dx = 1.000000
avanceR = 2.000000, avance 1.000000, avanceI 2.000000
----------------------------------------
x = 135.000000, y = 135.000000
avance = 1.000000, avanceR = 2.000000, avanceI = 2.000000
inc_x_r = 1.000000, inc_y_r = 0.000000, inc_x_i = 1.000000, inc_y_i = 1.000000
avance >= 0

----------------------------------------


ENTRAMOS A BRESENHAMªªªª
x1 = 135.000000 - y1 = 135.000000 || x2 = 136.000000 - y2 = 136.000000
dy = 1.000000, dx = 1.000000
avances inclinados: inc_x_i = 1.000000, inc_y_i = 1.000000
updated: dy = 1.000000, dx = 1.000000
avances rectos: inc_x_r = 1.000000, inc_y_r 0.000000
reupdated: dy = 1.000000, dx = 1.000000
avanceR = 2.000000, avance 1.000000, avanceI 2.000000
----------------------------------------
x = 135.000000, y = 135.000000
avance = 1.000000, avanceR = 2.000000, avanceI = 2.000000
inc_x_r = 1.000000, inc_y_r = 0.000000, inc_x_i = 1.000000, inc_y_i = 1.000000
avance >= 0

----------------------------------------


ENTRAMOS A BRESENHAMªªªª
x1 = 135.000000 - y1 = 135.000000 || x2 = 136.000000 - y2 = 136.000000
dy = 1.000000, dx = 1.000000
avances inclinados: inc_x_i = 1.000000, inc_y_i = 1.000000
updated: dy = 1.000000, dx = 1.000000
avances rectos: inc_x_r = 1.000000, inc_y_r 0.000000
reupdated: dy = 1.000000, dx = 1.000000
avanceR = 2.000000, avance 1.000000, avanceI 2.000000
----------------------------------------
x = 135.000000, y = 135.000000
avance = 1.000000, avanceR = 2.000000, avanceI = 2.000000
inc_x_r = 1.000000, inc_y_r = 0.000000, inc_x_i = 1.000000, inc_y_i = 1.000000
avance >= 0

----------------------------------------


PLAYER POSITION: x: 13, y: 13
ANGLE_VISION: 251 - 4.378556
pos_y = 13, pos_x = 13. cos(angle) = -3.276672 | -3, sin(angle) = -9.447932 | -9
-->> pos_y = 13, pos_x = 13
ENTRAMOS A BRESENHAMªªªª
x1 = 135.000000 - y1 = 135.000000 || x2 = 136.000000 - y2 = 136.000000
dy = 1.000000, dx = 1.000000
avances inclinados: inc_x_i = 1.000000, inc_y_i = 1.000000
updated: dy = 1.000000, dx = 1.000000
avances rectos: inc_x_r = 1.000000, inc_y_r 0.000000
reupdated: dy = 1.000000, dx = 1.000000
avanceR = 2.000000, avance 1.000000, avanceI 2.000000
----------------------------------------
x = 135.000000, y = 135.000000
avance = 1.000000, avanceR = 2.000000, avanceI = 2.000000
inc_x_r = 1.000000, inc_y_r = 0.000000, inc_x_i = 1.000000, inc_y_i = 1.000000
avance >= 0

----------------------------------------


PLAYER POSITION: x: 13, y: 13
ANGLE_VISION: 250 - 4.361111
pos_y = 13, pos_x = 13. cos(angle) = -3.440979 | -3, sin(angle) = -9.389338 | -9
-->> pos_y = 13, pos_x = 13
ENTRAMOS A BRESENHAMªªªª
x1 = 135.000000 - y1 = 135.000000 || x2 = 136.000000 - y2 = 136.000000
dy = 1.000000, dx = 1.000000
avances inclinados: inc_x_i = 1.000000, inc_y_i = 1.000000
updated: dy = 1.000000, dx = 1.000000
avances rectos: inc_x_r = 1.000000, inc_y_r 0.000000
reupdated: dy = 1.000000, dx = 1.000000
avanceR = 2.000000, avance 1.000000, avanceI 2.000000
----------------------------------------
x = 135.000000, y = 135.000000
avance = 1.000000, avanceR = 2.000000, avanceI = 2.000000
inc_x_r = 1.000000, inc_y_r = 0.000000, inc_x_i = 1.000000, inc_y_i = 1.000000
avance >= 0

----------------------------------------


PLAYER POSITION: x: 13, y: 13
ANGLE_VISION: 249 - 4.343667
pos_y = 13, pos_x = 13. cos(angle) = -3.604239 | -3, sin(angle) = -9.327886 | -9
-->> pos_y = 13, pos_x = 13
ENTRAMOS A BRESENHAMªªªª
x1 = 135.000000 - y1 = 135.000000 || x2 = 136.000000 - y2 = 136.000000
dy = 1.000000, dx = 1.000000
avances inclinados: inc_x_i = 1.000000, inc_y_i = 1.000000
updated: dy = 1.000000, dx = 1.000000
avances rectos: inc_x_r = 1.000000, inc_y_r 0.000000
reupdated: dy = 1.000000, dx = 1.000000
avanceR = 2.000000, avance 1.000000, avanceI 2.000000
----------------------------------------
x = 135.000000, y = 135.000000
avance = 1.000000, avanceR = 2.000000, avanceI = 2.000000
inc_x_r = 1.000000, inc_y_r = 0.000000, inc_x_i = 1.000000, inc_y_i = 1.000000
avance >= 0

----------------------------------------


PLAYER POSITION: x: 13, y: 13
ANGLE_VISION: 248 - 4.326222
pos_y = 13, pos_x = 13. cos(angle) = -3.766402 | -3, sin(angle) = -9.263596 | -9
-->> pos_y = 13, pos_x = 13
ENTRAMOS A BRESENHAMªªªª
x1 = 135.000000 - y1 = 135.000000 || x2 = 136.000000 - y2 = 136.000000
dy = 1.000000, dx = 1.000000
avances inclinados: inc_x_i = 1.000000, inc_y_i = 1.000000
updated: dy = 1.000000, dx = 1.000000
avances rectos: inc_x_r = 1.000000, inc_y_r 0.000000
reupdated: dy = 1.000000, dx = 1.000000
avanceR = 2.000000, avance 1.000000, avanceI 2.000000
----------------------------------------
x = 135.000000, y = 135.000000
avance = 1.000000, avanceR = 2.000000, avanceI = 2.000000
inc_x_r = 1.000000, inc_y_r = 0.000000, inc_x_i = 1.000000, inc_y_i = 1.000000
avance >= 0

----------------------------------------


PLAYER POSITION: x: 13, y: 13
ANGLE_VISION: 247 - 4.308778
pos_y = 13, pos_x = 13. cos(angle) = -3.927419 | -3, sin(angle) = -9.196487 | -9
-->> pos_y = 13, pos_x = 13
ENTRAMOS A BRESENHAMªªªª
x1 = 135.000000 - y1 = 135.000000 || x2 = 136.000000 - y2 = 136.000000
dy = 1.000000, dx = 1.000000
avances inclinados: inc_x_i = 1.000000, inc_y_i = 1.000000
updated: dy = 1.000000, dx = 1.000000
avances rectos: inc_x_r = 1.000000, inc_y_r 0.000000
reupdated: dy = 1.000000, dx = 1.000000
avanceR = 2.000000, avance 1.000000, avanceI 2.000000
----------------------------------------
x = 135.000000, y = 135.000000
avance = 1.000000, avanceR = 2.000000, avanceI = 2.000000
inc_x_r = 1.000000, inc_y_r = 0.000000, inc_x_i = 1.000000, inc_y_i = 1.000000
avance >= 0

----------------------------------------


PLAYER POSITION: x: 13, y: 13
ANGLE_VISION: 246 - 4.291333
pos_y = 13, pos_x = 13. cos(angle) = -4.087241 | -4, sin(angle) = -9.126580 | -9
-->> pos_y = 13, pos_x = 13
ENTRAMOS A BRESENHAMªªªª
x1 = 135.000000 - y1 = 135.000000 || x2 = 136.000000 - y2 = 136.000000
dy = 1.000000, dx = 1.000000
avances inclinados: inc_x_i = 1.000000, inc_y_i = 1.000000
updated: dy = 1.000000, dx = 1.000000
avances rectos: inc_x_r = 1.000000, inc_y_r 0.000000
reupdated: dy = 1.000000, dx = 1.000000
avanceR = 2.000000, avance 1.000000, avanceI 2.000000
----------------------------------------
x = 135.000000, y = 135.000000
avance = 1.000000, avanceR = 2.000000, avanceI = 2.000000
inc_x_r = 1.000000, inc_y_r = 0.000000, inc_x_i = 1.000000, inc_y_i = 1.000000
avance >= 0

----------------------------------------


PLAYER POSITION: x: 13, y: 13
ANGLE_VISION: 245 - 4.273889
pos_y = 13, pos_x = 13. cos(angle) = -4.245819 | -4, sin(angle) = -9.053895 | -9
-->> pos_y = 13, pos_x = 13
ENTRAMOS A BRESENHAMªªªª
x1 = 135.000000 - y1 = 135.000000 || x2 = 136.000000 - y2 = 136.000000
dy = 1.000000, dx = 1.000000
avances inclinados: inc_x_i = 1.000000, inc_y_i = 1.000000
updated: dy = 1.000000, dx = 1.000000
avances rectos: inc_x_r = 1.000000, inc_y_r 0.000000
reupdated: dy = 1.000000, dx = 1.000000
avanceR = 2.000000, avance 1.000000, avanceI 2.000000
----------------------------------------
x = 135.000000, y = 135.000000
avance = 1.000000, avanceR = 2.000000, avanceI = 2.000000
inc_x_r = 1.000000, inc_y_r = 0.000000, inc_x_i = 1.000000, inc_y_i = 1.000000
avance >= 0

----------------------------------------


PLAYER POSITION: x: 13, y: 13
ANGLE_VISION: 244 - 4.256444
pos_y = 13, pos_x = 13. cos(angle) = -4.403106 | -4, sin(angle) = -8.978455 | -8
-->> pos_y = 13, pos_x = 13
ENTRAMOS A BRESENHAMªªªª
x1 = 135.000000 - y1 = 135.000000 || x2 = 136.000000 - y2 = 136.000000
dy = 1.000000, dx = 1.000000
avances inclinados: inc_x_i = 1.000000, inc_y_i = 1.000000
updated: dy = 1.000000, dx = 1.000000
avances rectos: inc_x_r = 1.000000, inc_y_r 0.000000
reupdated: dy = 1.000000, dx = 1.000000
avanceR = 2.000000, avance 1.000000, avanceI 2.000000
----------------------------------------
x = 135.000000, y = 135.000000
avance = 1.000000, avanceR = 2.000000, avanceI = 2.000000
inc_x_r = 1.000000, inc_y_r = 0.000000, inc_x_i = 1.000000, inc_y_i = 1.000000
avance >= 0

----------------------------------------


PLAYER POSITION: x: 13, y: 13
ANGLE_VISION: 243 - 4.239000
pos_y = 13, pos_x = 13. cos(angle) = -4.559052 | -4, sin(angle) = -8.900283 | -8
-->> pos_y = 13, pos_x = 13
ENTRAMOS A BRESENHAMªªªª
x1 = 135.000000 - y1 = 135.000000 || x2 = 136.000000 - y2 = 136.000000
dy = 1.000000, dx = 1.000000
avances inclinados: inc_x_i = 1.000000, inc_y_i = 1.000000
updated: dy = 1.000000, dx = 1.000000
avances rectos: inc_x_r = 1.000000, inc_y_r 0.000000
reupdated: dy = 1.000000, dx = 1.000000
avanceR = 2.000000, avance 1.000000, avanceI 2.000000
----------------------------------------
x = 135.000000, y = 135.000000
avance = 1.000000, avanceR = 2.000000, avanceI = 2.000000
inc_x_r = 1.000000, inc_y_r = 0.000000, inc_x_i = 1.000000, inc_y_i = 1.000000
avance >= 0

----------------------------------------


PLAYER POSITION: x: 13, y: 13
ANGLE_VISION: 242 - 4.221556
pos_y = 13, pos_x = 13. cos(angle) = -4.713611 | -4, sin(angle) = -8.819403 | -8
-->> pos_y = 13, pos_x = 13
ENTRAMOS A BRESENHAMªªªª
x1 = 135.000000 - y1 = 135.000000 || x2 = 136.000000 - y2 = 136.000000
dy = 1.000000, dx = 1.000000
avances inclinados: inc_x_i = 1.000000, inc_y_i = 1.000000
updated: dy = 1.000000, dx = 1.000000
avances rectos: inc_x_r = 1.000000, inc_y_r 0.000000
reupdated: dy = 1.000000, dx = 1.000000
avanceR = 2.000000, avance 1.000000, avanceI 2.000000
----------------------------------------
x = 135.000000, y = 135.000000
avance = 1.000000, avanceR = 2.000000, avanceI = 2.000000
inc_x_r = 1.000000, inc_y_r = 0.000000, inc_x_i = 1.000000, inc_y_i = 1.000000
avance >= 0

----------------------------------------


PLAYER POSITION: x: 13, y: 13
ANGLE_VISION: 241 - 4.204111
pos_y = 13, pos_x = 13. cos(angle) = -4.866735 | -4, sin(angle) = -8.735839 | -8
-->> pos_y = 13, pos_x = 13
ENTRAMOS A BRESENHAMªªªª
x1 = 135.000000 - y1 = 135.000000 || x2 = 136.000000 - y2 = 136.000000
dy = 1.000000, dx = 1.000000
avances inclinados: inc_x_i = 1.000000, inc_y_i = 1.000000
updated: dy = 1.000000, dx = 1.000000
avances rectos: inc_x_r = 1.000000, inc_y_r 0.000000
reupdated: dy = 1.000000, dx = 1.000000
avanceR = 2.000000, avance 1.000000, avanceI 2.000000
----------------------------------------
x = 135.000000, y = 135.000000
avance = 1.000000, avanceR = 2.000000, avanceI = 2.000000
inc_x_r = 1.000000, inc_y_r = 0.000000, inc_x_i = 1.000000, inc_y_i = 1.000000
avance >= 0

----------------------------------------


PLAYER POSITION: x: 13, y: 13
ANGLE_VISION: 240 - 4.186667
pos_y = 13, pos_x = 13. cos(angle) = -5.018379 | -5, sin(angle) = -8.649617 | -8
-->> pos_y = 13, pos_x = 13
ENTRAMOS A BRESENHAMªªªª
x1 = 135.000000 - y1 = 135.000000 || x2 = 136.000000 - y2 = 136.000000
dy = 1.000000, dx = 1.000000
avances inclinados: inc_x_i = 1.000000, inc_y_i = 1.000000
updated: dy = 1.000000, dx = 1.000000
avances rectos: inc_x_r = 1.000000, inc_y_r 0.000000
reupdated: dy = 1.000000, dx = 1.000000
avanceR = 2.000000, avance 1.000000, avanceI 2.000000
----------------------------------------
x = 135.000000, y = 135.000000
avance = 1.000000, avanceR = 2.000000, avanceI = 2.000000
inc_x_r = 1.000000, inc_y_r = 0.000000, inc_x_i = 1.000000, inc_y_i = 1.000000
avance >= 0

----------------------------------------


PLAYER POSITION: x: 13, y: 13
ANGLE_VISION: 239 - 4.169222
pos_y = 13, pos_x = 13. cos(angle) = -5.168496 | -5, sin(angle) = -8.560762 | -8
-->> pos_y = 13, pos_x = 13
ENTRAMOS A BRESENHAMªªªª
x1 = 135.000000 - y1 = 135.000000 || x2 = 136.000000 - y2 = 136.000000
dy = 1.000000, dx = 1.000000
avances inclinados: inc_x_i = 1.000000, inc_y_i = 1.000000
updated: dy = 1.000000, dx = 1.000000
avances rectos: inc_x_r = 1.000000, inc_y_r 0.000000
reupdated: dy = 1.000000, dx = 1.000000
avanceR = 2.000000, avance 1.000000, avanceI 2.000000
----------------------------------------
x = 135.000000, y = 135.000000
avance = 1.000000, avanceR = 2.000000, avanceI = 2.000000
inc_x_r = 1.000000, inc_y_r = 0.000000, inc_x_i = 1.000000, inc_y_i = 1.000000
avance >= 0

----------------------------------------


PLAYER POSITION: x: 13, y: 13
ANGLE_VISION: 238 - 4.151778
pos_y = 13, pos_x = 13. cos(angle) = -5.317039 | -5, sin(angle) = -8.469303 | -8
-->> pos_y = 13, pos_x = 13
ENTRAMOS A BRESENHAMªªªª
x1 = 135.000000 - y1 = 135.000000 || x2 = 136.000000 - y2 = 136.000000
dy = 1.000000, dx = 1.000000
avances inclinados: inc_x_i = 1.000000, inc_y_i = 1.000000
updated: dy = 1.000000, dx = 1.000000
avances rectos: inc_x_r = 1.000000, inc_y_r 0.000000
reupdated: dy = 1.000000, dx = 1.000000
avanceR = 2.000000, avance 1.000000, avanceI 2.000000
----------------------------------------
x = 135.000000, y = 135.000000
avance = 1.000000, avanceR = 2.000000, avanceI = 2.000000
inc_x_r = 1.000000, inc_y_r = 0.000000, inc_x_i = 1.000000, inc_y_i = 1.000000
avance >= 0

----------------------------------------


ENTRAMOS A BRESENHAMªªªª
x1 = 135.000000 - y1 = 135.000000 || x2 = 136.000000 - y2 = 136.000000
dy = 1.000000, dx = 1.000000
avances inclinados: inc_x_i = 1.000000, inc_y_i = 1.000000
updated: dy = 1.000000, dx = 1.000000
avances rectos: inc_x_r = 1.000000, inc_y_r 0.000000
reupdated: dy = 1.000000, dx = 1.000000
avanceR = 2.000000, avance 1.000000, avanceI 2.000000
----------------------------------------
x = 135.000000, y = 135.000000
avance = 1.000000, avanceR = 2.000000, avanceI = 2.000000
inc_x_r = 1.000000, inc_y_r = 0.000000, inc_x_i = 1.000000, inc_y_i = 1.000000
avance >= 0

----------------------------------------


ENTRAMOS A BRESENHAMªªªª
x1 = 135.000000 - y1 = 135.000000 || x2 = 136.000000 - y2 = 136.000000
dy = 1.000000, dx = 1.000000
avances inclinados: inc_x_i = 1.000000, inc_y_i = 1.000000
updated: dy = 1.000000, dx = 1.000000
avances rectos: inc_x_r = 1.000000, inc_y_r 0.000000
reupdated: dy = 1.000000, dx = 1.000000
avanceR = 2.000000, avance 1.000000, avanceI 2.000000
----------------------------------------
x = 135.000000, y = 135.000000
avance = 1.000000, avanceR = 2.000000, avanceI = 2.000000
inc_x_r = 1.000000, inc_y_r = 0.000000, inc_x_i = 1.000000, inc_y_i = 1.000000
avance >= 0

----------------------------------------




SAYONARA BABYYYY 🐠🐡🌊
